--------- beginning of main
11-09 16:37:28.494  2051 18230 I LogUtils: [Places]: ?: PlacesBleScanner start() with priority 2 [CONTEXT service_id=253 ]
11-09 16:37:28.495  2051 18230 I PlacesLogger: [PlaceInferenceEngine]: [anon] Changed inference mode: 1 [CONTEXT service_id=253 ]
11-09 16:37:28.508  2051  2051 E BeaconBle: Missing BluetoothAdapter [CONTEXT service_id=111 ]
11-09 16:37:28.508  2051  2051 I BeaconBle: BLE 'KK+' software access layer enabled [CONTEXT service_id=111 ]
11-09 16:37:28.511  2051 23757 I LogUtils: [Places]: ?: Couldn't find platform key file. [CONTEXT service_id=253 ]
11-09 16:37:28.519  2051 18232 I LogUtils: [Places]: ?: Couldn't find platform key file. [CONTEXT service_id=253 ]
11-09 16:37:28.523  2051  2051 I BeaconBle: Client requested scan, settings=BleSettings [scanMode=ZERO_POWER, callbackType=ALL_MATCHES, reportDelayMillis=0, 1 filters, 0 clients, callingClientName=Places] [CONTEXT service_id=111 ]
11-09 16:37:28.524  2051  2051 I BeaconBle: Scan : No clients left, canceling alarm. [CONTEXT service_id=111 ]
11-09 16:37:28.524  2051  2051 E BeaconBle: Scan couldn't start for Places [CONTEXT service_id=111 ]
11-09 16:37:28.525  2051  2051 W Places  : BLE failure while scanning - code 5
11-09 16:37:28.564  2051 18230 I Places  : Converted 0 out of 1 WiFi scans
11-09 16:37:28.564  1649  1942 I WifiService: getConnectionInfo uid=10014
11-09 16:37:28.565  2305  2434 W OpenGLRenderer: Incorrectly called buildLayer on View: ShortcutAndWidgetContainer, destroying layer...
11-09 16:37:28.573  2051 23757 I LogUtils: [Places]: ?: Couldn't find platform key file. [CONTEXT service_id=253 ]
11-09 16:37:28.573  2051 18230 I PlacesLogger: [PlaceInferenceEngine]: [anon] Changed inference mode: 1 [CONTEXT service_id=253 ]
11-09 16:37:28.573  2051 23757 I LogUtils: [Places]: ?: Couldn't find platform key file. [CONTEXT service_id=253 ]
11-09 16:37:28.574  2051 18231 I LogUtils: [Places]: ?: Couldn't find platform key file. [CONTEXT service_id=253 ]
11-09 16:37:28.579  2051 23757 I PlacesLogger: [PlaceInferenceEngine]: No beacon scan available - ignoring candidates. [CONTEXT service_id=253 ]
11-09 16:37:28.580  2051 18231 I LogUtils: [Places]: ?: Couldn't find platform key file. [CONTEXT service_id=253 ]
11-09 16:37:28.593  2051  2056 I zygote  : Do partial code cache collection, code=2MB, data=1476KB
11-09 16:37:28.594  2051  2056 I zygote  : After code cache collection, code=2MB, data=1471KB
11-09 16:37:28.594  2051  2056 I zygote  : Increasing code cache capacity to 6MB
11-09 16:37:28.604  2051 23757 I LogUtils: [Places]: ?: Couldn't find platform key file. [CONTEXT service_id=253 ]
11-09 16:37:31.128 18237 18237 D AndroidRuntime: >>>>>> START com.android.internal.os.RuntimeInit uid 2000 <<<<<<
11-09 16:37:31.165 18237 18237 W app_process: Unexpected CPU variant for X86 using defaults: x86
11-09 16:37:31.166 18237 18237 I app_process: The ClassLoaderContext is a special shared library.
11-09 16:37:31.182 18237 18237 D AndroidRuntime: Calling main entry com.android.commands.pm.Pm
--------- beginning of system
11-09 16:37:31.186  1649  1664 I ActivityManager: Force stopping org.gnucash.android appid=10274 user=-1: deletePackageX
11-09 16:37:31.186  1649  1664 I ActivityManager: Killing 18176:org.gnucash.android/u0a274 (adj 900): stop org.gnucash.android
11-09 16:37:31.188  1649  1666 W zygote  : kill(-18176, 9) failed: No such process
11-09 16:37:31.191  1649  1676 I PackageManager: Removing old permission: org.gnucash.android.permission.RECORD_TRANSACTION from package org.gnucash.android
11-09 16:37:31.192  1649  1676 I PackageManager: Removing old permission: org.gnucash.android.permission.CREATE_ACCOUNT from package org.gnucash.android
11-09 16:37:31.206  1440  1456 D hwcomposer: hw_composer sent 72 syncs in 82s
11-09 16:37:31.233  1649  1666 W zygote  : kill(-18176, 9) failed: No such process
11-09 16:37:31.261  1525  1525 I keystore: clear_uid 10274
11-09 16:37:31.261  1649  1676 D PackageManager: Ephemeral installer not found with new action; try old one
11-09 16:37:31.261  1649  1676 D PackageManager: Clear ephemeral installer activity
11-09 16:37:31.275  1649  1666 W zygote  : kill(-18176, 9) failed: No such process
11-09 16:37:31.275  1649  1666 I zygote  : Successfully killed process cgroup uid 10274 pid 18176 in 86ms
11-09 16:37:31.324  1649  1676 I zygote  : Explicit concurrent copying GC freed 32746(1602KB) AllocSpace objects, 7(332KB) LOS objects, 26% free, 16MB/22MB, paused 403us total 62.129ms
11-09 16:37:31.328 18237 18246 W app_process: No such thread id for suspend: 10
11-09 16:37:31.330 18237 18246 W MessageQueue: Handler (android.os.Handler) {94ee3aa} sending message to a Handler on a dead thread
11-09 16:37:31.330 18237 18246 W MessageQueue: java.lang.IllegalStateException: Handler (android.os.Handler) {94ee3aa} sending message to a Handler on a dead thread
11-09 16:37:31.330 18237 18246 W MessageQueue: 	at android.os.MessageQueue.enqueueMessage(MessageQueue.java:545)
11-09 16:37:31.330 18237 18246 W MessageQueue: 	at android.os.Handler.enqueueMessage(Handler.java:662)
11-09 16:37:31.330 18237 18246 W MessageQueue: 	at android.os.Handler.sendMessageAtTime(Handler.java:631)
11-09 16:37:31.330 18237 18246 W MessageQueue: 	at android.os.Handler.sendMessageDelayed(Handler.java:601)
11-09 16:37:31.330 18237 18246 W MessageQueue: 	at android.os.Handler.post(Handler.java:357)
11-09 16:37:31.330 18237 18246 W MessageQueue: 	at android.os.ResultReceiver$MyResultReceiver.send(ResultReceiver.java:57)
11-09 16:37:31.330 18237 18246 W MessageQueue: 	at com.android.internal.os.IResultReceiver$Stub.onTransact(IResultReceiver.java:58)
11-09 16:37:31.330 18237 18246 W MessageQueue: 	at android.os.Binder.execTransact(Binder.java:697)
11-09 16:37:31.330 18237 18237 I app_process: System.exit called, status: 0
11-09 16:37:31.330 18237 18237 I AndroidRuntime: VM exiting with result code 0.
11-09 16:37:31.333  1649  1676 I ActivityManager: Force stopping org.gnucash.android appid=10274 user=0: pkg removed
11-09 16:37:31.343  1649  1713 I InputReader: Reconfiguring input devices.  changes=0x00000010
11-09 16:37:31.345  1649  1664 W BroadcastQueue: Background execution not allowed: receiving Intent { act=android.intent.action.PACKAGE_REMOVED dat=package:org.gnucash.android flg=0x4000010 (has extras) } to com.google.android.gms/.games.chimera.GamesSystemBroadcastReceiverProxy
11-09 16:37:31.345  1649  1664 W BroadcastQueue: Background execution not allowed: receiving Intent { act=android.intent.action.PACKAGE_REMOVED dat=package:org.gnucash.android flg=0x4000010 (has extras) } to com.google.android.gms/.chimera.GmsIntentOperationService$PersistentTrustedReceiver
11-09 16:37:31.345  1649  1664 W BroadcastQueue: Background execution not allowed: receiving Intent { act=android.intent.action.PACKAGE_REMOVED dat=package:org.gnucash.android flg=0x4000010 (has extras) } to com.google.android.googlequicksearchbox/com.google.android.apps.gsa.googlequicksearchbox.GelStubAppWatcher
11-09 16:37:31.357  2051  2051 I GeofencerStateMachine: removeGeofences: removeRequest=RemoveGeofencingRequest[REMOVE_ALL packageName=org.gnucash.android]
11-09 16:37:31.359  1649  1676 D KernelUidCpuTimeReader: Removing uids 10274-10274
11-09 16:37:31.380  1649  1649 D ZenLog  : config: removeAutomaticZenRules,ZenModeConfig[user=0,allowCalls=true,allowRepeatCallers=false,allowMessages=false,allowCallsFrom=contacts,allowMessagesFrom=contacts,allowReminders=true,allowEvents=true,allowWhenScreenOff=true,allowWhenScreenOn=true,automaticRules={EVENTS_DEFAULT_RULE=ZenRule[enabled=false,snoozing=false,name=Event,zenMode=ZEN_MODE_ALARMS,conditionId=condition://android/event?userId=-10000&calendar=&reply=1,condition=Condition[id=condition://android/event?userId=-10000&calendar=&reply=1,summary=...,line1=...,line2=...,icon=0,state=STATE_FALSE,flags=2],component=ComponentInfo{android/com.android.server.notification.EventConditionProvider},id=EVENTS_DEFAULT_RULE,creationTime=1629221005391,enabler=null], SCHEDULED_DEFAULT_RULE_1=ZenRule[enabled=false,snoozing=false,name=Weeknight,zenMode=ZEN_MODE_ALARMS,conditionId=condition://android/schedule?days=1.2.3.4.5&start=22.0&end=7.0&exitAtAlarm=false,condition=Condition[id=condition://android/schedule?days=1.2.3.4.5&start=22.0&end=7.0&exitAtAlarm=false,summary=...,line1=...,line2=...,icon=0,state=STATE_FALSE,flags=2],component=ComponentInfo{android/com.android.server.notification.ScheduleConditionProvider},id=SCHEDULED_DEFAULT_RULE_1,creationTime=1629221005391,enabler=null], SCHEDULED_DEFAULT_RULE_2=ZenRule[enabled=false,snoozing=false,name=Weekend,zenMode=ZEN_MODE_ALARMS,conditionId=condition://android/schedule?days=6.7&start=23.30&end=10.0&exitAtAlarm=false,condition=Condition[id=condition://android/schedule?days=6.7&start=23.30&end=10.0&exitAtAlarm=false,summary=...,line1=...,line2=...,icon=0,state=STATE_FALSE,flags=2],component=ComponentInfo{android/com.android.server.notification.ScheduleConditionProvider},id=SCHEDULED_DEFAULT_RULE_2,creationTime=1629221005391,enabler=null]},manualRule=null],Diff[]
11-09 16:37:31.380  1649  1649 I ConditionProviders: Disallowing condition provider org.gnucash.android
11-09 16:37:31.381 18254 18254 W zygote  : Unexpected CPU variant for X86 using defaults: x86
11-09 16:37:31.385  1649  1664 I ActivityManager: Start proc 18254:com.android.documentsui/u0a12 for broadcast com.android.documentsui/.PackageReceiver
11-09 16:37:31.394  1765  1784 I zygote  : Background concurrent copying GC freed 5644(342KB) AllocSpace objects, 0(0B) LOS objects, 50% free, 4MB/9MB, paused 5.667ms total 53.251ms
11-09 16:37:31.407  1649  1722 D RecurrenceRule: Resolving using anchor 2022-11-09T16:37:31.407-05:00[America/New_York]
11-09 16:37:31.408  1649  1722 D RecurrenceRule: Resolving using anchor 2022-11-09T16:37:31.408-05:00[America/New_York]
11-09 16:37:31.408  1856  1856 D CarrierSvcBindHelper: No carrier app for: 0
11-09 16:37:31.409  5022  5029 I zygote  : Do partial code cache collection, code=27KB, data=24KB
11-09 16:37:31.409  5022  5029 I zygote  : After code cache collection, code=27KB, data=24KB
11-09 16:37:31.409  5022  5029 I zygote  : Increasing code cache capacity to 128KB
11-09 16:37:31.409  1649  1722 D RecurrenceRule: Cycle 21 from 2022-10-17T00:00-04:00[America/New_York] to 2022-11-17T00:00-05:00[America/New_York]
11-09 16:37:31.410  1649  1722 D NetworkStats: Resolving plan for NetworkTemplate: matchRule=MOBILE_ALL, subscriberId=310260..., matchSubscriberIds=[310260...]
11-09 16:37:31.413  1649  1722 D NetworkStats: Found active matching subId 1
11-09 16:37:31.421 18254 18254 I zygote  : The ClassLoaderContext is a special shared library.
11-09 16:37:31.429  1649  1649 D ZenLog  : set_zen_mode: off,removeAutomaticZenRules
11-09 16:37:31.430  1649  1722 D NetworkStats: Resolved to plan null
11-09 16:37:31.432  2051 18252 I Fitness : FitCleanupIntentOperation received Intent android.intent.action.PACKAGE_REMOVED [CONTEXT service_id=17 ]
11-09 16:37:31.462  1649  1665 D AutofillUI: destroySaveUiUiThread(): already destroyed
11-09 16:37:31.462  1649  1663 D AutofillManagerServiceImpl: Set component for user 0 as ServiceInfo{e2c5939 com.google.android.gms.autofill.service.AutofillService}
11-09 16:37:31.483  2181 29685 I ContentMaintenance: Internal cache bytes used: 0; limit: 40626585; download size: 0
11-09 16:37:31.517  2181 29685 I RealtimeCacheCleanup: Beginning Realtime garbage collection.
11-09 16:37:31.518  2181 29685 I RealtimeCacheCleanup: Finished Realtime garbage collection.
11-09 16:37:31.522  2181 23194 I Icing   : doRemovePackageData org.gnucash.android
11-09 16:37:31.581  2181  2811 I Icing   : IndexChimeraService.getServiceInterface callingPackage=com.google.android.gms componentName=AppsCorpus serviceId=36
11-09 16:37:31.588 18295 18295 W zygote  : Unexpected CPU variant for X86 using defaults: x86
11-09 16:37:31.588  2181  2211 W zygote  : Couldn't lock the profile file /data/misc/profiles/cur/0/com.google.android.gms/primary.prof: Failed to lock file '/data/misc/profiles/cur/0/com.google.android.gms/primary.prof': Try again
11-09 16:37:31.588  2181  2211 W zygote  : Could not forcefully load profile /data/misc/profiles/cur/0/com.google.android.gms/primary.prof
11-09 16:37:31.591  1649  4905 I ActivityManager: Start proc 18295:com.google.android.apps.docs/u0a51 for content provider com.google.android.apps.docs/.storagebackend.StorageBackendContentProvider
11-09 16:37:31.615  2181 23194 W Icing   : No valid account for uploading user actions
11-09 16:37:31.638 18295 18295 I zygote  : The ClassLoaderContext is a special shared library.
11-09 16:37:31.642  2181 23194 I Icing   : Usage reports ok 0, Failed Usage reports 0, indexed 0, rejected 0
11-09 16:37:31.645  2181  2818 I Icing   : IndexChimeraService.getServiceInterface callingPackage=com.google.android.gms componentName=null serviceId=30
11-09 16:37:31.659  2181 23194 I Icing   : Indexing com.google.android.gms-apps from com.google.android.gms
11-09 16:37:31.664  2181 23194 W Icing   : No valid account for uploading user actions
11-09 16:37:31.673  2181 23194 I Icing   : Usage reports ok 0, Failed Usage reports 0, indexed 0, rejected 0
11-09 16:37:31.674  2181 23194 I Icing   : Indexing done com.google.android.gms-apps
11-09 16:37:31.687 18295 18295 E zygote  : The String#value field is not present on Android versions >= 6.0
11-09 16:37:31.762 18295 18327 I GAv4    : Google Analytics 11.9.10 is starting up. To enable debug logging on a device run:
11-09 16:37:31.762 18295 18327 I GAv4    :   adb shell setprop log.tag.GAv4 DEBUG
11-09 16:37:31.762 18295 18327 I GAv4    :   adb logcat -s GAv4
11-09 16:37:31.781 18295 18295 W main-FieldDefinition: Ignoring isIndexed constraint as field also has uniqueness constraint (on just this field, and therefore SQLite will have to create an index on that. For field: com.google.android.apps.docs.database.common.FieldDefinition$a@87a4917
11-09 16:37:31.782 18295 18333 W GAv4    : CampaignTrackingReceiver is not registered, not exported or is disabled. Installation campaign tracking is not possible. See http://goo.gl/8Rd3yj for instructions.
11-09 16:37:31.783 18295 18327 W TaskScheduler0-CoreComponentFactoryImpl: RetainedComponent will not be retained if  eec does not inherit FragmentActivity and fulfill lfi contract.
11-09 16:37:31.880 18254 18254 I ProvidersCache: Updating roots due to change at content://com.google.android.apps.docs.storage/root
11-09 16:37:31.899  2051  2051 W SystemServiceRegistry: No service published for: persistent_data_block
11-09 16:37:31.909 18254 18282 I ProvidersCache: Provider returned no roots. Possibly naughty: com.google.android.apps.docs.storage
11-09 16:37:31.910 18254 18339 I ProvidersCache: Provider returned no roots. Possibly naughty: com.google.android.apps.docs.storage
11-09 16:37:31.914 18331 18331 D AndroidRuntime: >>>>>> START com.android.internal.os.RuntimeInit uid 2000 <<<<<<
11-09 16:37:31.957 18331 18331 W app_process: Unexpected CPU variant for X86 using defaults: x86
11-09 16:37:31.959 18331 18331 I app_process: The ClassLoaderContext is a special shared library.
11-09 16:37:31.974 18331 18331 D AndroidRuntime: Calling main entry com.android.commands.pm.Pm
11-09 16:37:31.979 18331 18331 I app_process: System.exit called, status: 0
11-09 16:37:31.979 18331 18331 I AndroidRuntime: VM exiting with result code 0.
11-09 16:37:31.980 18331 18351 W MessageQueue: Handler (android.os.Handler) {94ee3aa} sending message to a Handler on a dead thread
11-09 16:37:31.980 18331 18351 W MessageQueue: java.lang.IllegalStateException: Handler (android.os.Handler) {94ee3aa} sending message to a Handler on a dead thread
11-09 16:37:31.980 18331 18351 W MessageQueue: 	at android.os.MessageQueue.enqueueMessage(MessageQueue.java:545)
11-09 16:37:31.980 18331 18351 W MessageQueue: 	at android.os.Handler.enqueueMessage(Handler.java:662)
11-09 16:37:31.980 18331 18351 W MessageQueue: 	at android.os.Handler.sendMessageAtTime(Handler.java:631)
11-09 16:37:31.980 18331 18351 W MessageQueue: 	at android.os.Handler.sendMessageDelayed(Handler.java:601)
11-09 16:37:31.980 18331 18351 W MessageQueue: 	at android.os.Handler.post(Handler.java:357)
11-09 16:37:31.980 18331 18351 W MessageQueue: 	at android.os.ResultReceiver$MyResultReceiver.send(ResultReceiver.java:57)
11-09 16:37:31.980 18331 18351 W MessageQueue: 	at com.android.internal.os.IResultReceiver$Stub.onTransact(IResultReceiver.java:58)
11-09 16:37:31.980 18331 18351 W MessageQueue: 	at android.os.Binder.execTransact(Binder.java:697)
11-09 16:37:33.251  2275  2275 I MicroDetectionWorker: #updateMicroDetector [detectionMode: [mDetectionMode: [1]]]
11-09 16:37:33.251  2275  2275 I MicroDetectionWorker: #startMicroDetector [speakerMode: 0]
11-09 16:37:33.254  2275  2275 I AudioController: Using mInputStreamFactoryBuilder
11-09 16:37:33.256  2275  2275 I MicroDetectionWorker: onReady
11-09 16:37:33.258  2275 18219 I MicroRecognitionRunner: Starting detection.
11-09 16:37:33.263  2275 18210 I MicrophoneInputStream: mic_starting com.google.android.apps.gsa.staticplugins.aa.c@bc3d1fc
11-09 16:37:33.265  1521  1574 W ServiceManager: Permission failure: android.permission.RECORD_AUDIO from uid=10032 pid=2275
11-09 16:37:33.265  1521  1574 E         : Request requires android.permission.RECORD_AUDIO
11-09 16:37:33.266  1521  1574 E         : android.permission.CAPTURE_AUDIO_HOTWORD
11-09 16:37:33.266  2275 18210 E AudioRecord: Could not get audio input for session 16913, record source 1999, sample rate 16000, format 0x1, channel mask 0x10, flags 0
11-09 16:37:33.267  2275 18210 E AudioRecord-JNI: Error creating AudioRecord instance: initialization check failed with status -22.
11-09 16:37:33.267  2275 18210 E android.media.AudioRecord: Error code -20 when initializing native AudioRecord object.
11-09 16:37:33.267  2275 18210 I MicrophoneInputStream: mic_started com.google.android.apps.gsa.staticplugins.aa.c@bc3d1fc
11-09 16:37:33.268  2275 18210 E ActivityThread: Failed to find provider info for com.google.android.apps.gsa.testing.ui.audio.recorded
11-09 16:37:33.271  2275 18210 I MicrophoneInputStream: mic_close com.google.android.apps.gsa.staticplugins.aa.c@bc3d1fc
11-09 16:37:33.272  2275 18219 I MicroRecognitionRunner: Detection finished
11-09 16:37:33.272  2275 18219 W ErrorReporter: reportError [type: 211, code: 524300]: Error reading from input stream
11-09 16:37:33.273  2275  2709 I MicroRecognitionRunner: Stopping hotword detection.
11-09 16:37:33.287  2275 18219 W ErrorProcessor: onFatalError, processing error from engine(4)
11-09 16:37:33.287  2275 18219 W ErrorProcessor: com.google.android.apps.gsa.shared.speech.b.g: Error reading from input stream
11-09 16:37:33.287  2275 18219 W ErrorProcessor: 	at com.google.android.apps.gsa.staticplugins.recognizer.j.a.a(SourceFile:28)
11-09 16:37:33.287  2275 18219 W ErrorProcessor: 	at com.google.android.apps.gsa.staticplugins.recognizer.j.b.run(SourceFile:15)
11-09 16:37:33.287  2275 18219 W ErrorProcessor: 	at java.util.concurrent.Executors$RunnableAdapter.call(Executors.java:457)
11-09 16:37:33.287  2275 18219 W ErrorProcessor: 	at java.util.concurrent.FutureTask.run(FutureTask.java:266)
11-09 16:37:33.287  2275 18219 W ErrorProcessor: 	at java.util.concurrent.Executors$RunnableAdapter.call(Executors.java:457)
11-09 16:37:33.287  2275 18219 W ErrorProcessor: 	at java.util.concurrent.FutureTask.run(FutureTask.java:266)
11-09 16:37:33.287  2275 18219 W ErrorProcessor: 	at com.google.android.apps.gsa.shared.util.concurrent.a.ag.run(Unknown Source:4)
11-09 16:37:33.287  2275 18219 W ErrorProcessor: 	at com.google.android.apps.gsa.shared.util.concurrent.a.bo.run(SourceFile:4)
11-09 16:37:33.287  2275 18219 W ErrorProcessor: 	at com.google.android.apps.gsa.shared.util.concurrent.a.bo.run(SourceFile:4)
11-09 16:37:33.287  2275 18219 W ErrorProcessor: 	at java.util.concurrent.ThreadPoolExecutor.runWorker(ThreadPoolExecutor.java:1162)
11-09 16:37:33.287  2275 18219 W ErrorProcessor: 	at java.util.concurrent.ThreadPoolExecutor$Worker.run(ThreadPoolExecutor.java:636)
11-09 16:37:33.287  2275 18219 W ErrorProcessor: 	at java.lang.Thread.run(Thread.java:764)
11-09 16:37:33.287  2275 18219 W ErrorProcessor: 	at com.google.android.apps.gsa.shared.util.concurrent.a.ak.run(SourceFile:6)
11-09 16:37:33.287  2275 18219 W ErrorProcessor: Caused by: com.google.android.apps.gsa.shared.exception.GsaIOException: Error code: 393238 | Buffer overflow, no available space.
11-09 16:37:33.287  2275 18219 W ErrorProcessor: 	at com.google.android.apps.gsa.speech.audio.Tee.f(SourceFile:103)
11-09 16:37:33.287  2275 18219 W ErrorProcessor: 	at com.google.android.apps.gsa.speech.audio.au.read(SourceFile:2)
11-09 16:37:33.287  2275 18219 W ErrorProcessor: 	at java.io.InputStream.read(InputStream.java:101)
11-09 16:37:33.287  2275 18219 W ErrorProcessor: 	at com.google.android.apps.gsa.speech.audio.ao.run(SourceFile:18)
11-09 16:37:33.287  2275 18219 W ErrorProcessor: 	at com.google.android.apps.gsa.speech.audio.an.run(SourceFile:2)
11-09 16:37:33.287  2275 18219 W ErrorProcessor: 	... 11 more
11-09 16:37:33.287  2275 18219 I AudioController: internalShutdown
11-09 16:37:33.287  2275  2275 I MicroDetectionWorker: onReady
11-09 16:37:33.288  2275  2275 I MicroDetector: Keeping mic open: false
11-09 16:37:33.288  2275  2275 I MicroDetectionWorker: #onError(false)
11-09 16:37:33.289  2275 18216 I DeviceStateChecker: DeviceStateChecker cancelled
11-09 16:37:33.294  2275  2298 E ReloadingLock: Finalizing LOCKED Token[shortcuts 2022-11-09 16:37:28.180]
11-09 16:37:33.337  1649  1676 I PackageManager.DexOptimizer: Running dexopt (dexoptNeeded=1) on: /data/app/org.gnucash.android-E9fs7Xj3DATUa3-3J31oBA==/base.apk pkg=org.gnucash.android isa=x86 dexoptFlags=boot_complete,public target-filter=quicken oatDir=/data/app/org.gnucash.android-E9fs7Xj3DATUa3-3J31oBA==/oat sharedLibraries=PCL[]
11-09 16:37:33.345 18362 18362 W dex2oat : Unexpected CPU variant for X86 using defaults: x86
11-09 16:37:33.345 18362 18362 W dex2oat : Mismatch between dex2oat instruction set features (ISA: X86 Feature string: -ssse3,-sse4.1,-sse4.2,-avx,-avx2,-popcnt) and those of dex2oat executable (ISA: X86 Feature string: ssse3,-sse4.1,-sse4.2,-avx,-avx2,-popcnt) for the command line:
11-09 16:37:33.345 18362 18362 W dex2oat : /system/bin/dex2oat --zip-fd=8 --zip-location=base.apk --input-vdex-fd=-1 --output-vdex-fd=10 --oat-fd=9 --oat-location=/data/app/org.gnucash.android-E9fs7Xj3DATUa3-3J31oBA==/oat/x86/base.odex --instruction-set=x86 --instruction-set-variant=x86 --instruction-set-features=default --runtime-arg -Xms64m --runtime-arg -Xmx512m --compiler-filter=quicken --swap-fd=11 --classpath-dir=/data/app/org.gnucash.android-E9fs7Xj3DATUa3-3J31oBA== --class-loader-context=PCL[]
11-09 16:37:33.345 18362 18362 I dex2oat : /system/bin/dex2oat --input-vdex-fd=-1 --output-vdex-fd=10 --compiler-filter=quicken --classpath-dir=/data/app/org.gnucash.android-E9fs7Xj3DATUa3-3J31oBA== --class-loader-context=PCL[]
11-09 16:37:34.816 18295 18330 I zygote  : The ClassLoaderContext is a special shared library.
11-09 16:37:34.816 18295 18330 I chatty  : uid=10051(com.google.android.apps.docs) TaskSchedulerLo identical 1 line
11-09 16:37:34.819 18295 18330 I zygote  : The ClassLoaderContext is a special shared library.
11-09 16:37:34.829 18295 18330 V NativeCrypto: Registering com/google/android/gms/org/conscrypt/NativeCrypto's 286 native methods...
11-09 16:37:34.845 18295 18330 D NetworkSecurityConfig: No Network Security Config specified, using platform default
11-09 16:37:34.847 18295 18330 I ProviderInstaller: Installed default security provider GmsCore_OpenSSL
11-09 16:37:36.444 18254 18274 I zygote  : Waiting for a blocking GC ProfileSaver
11-09 16:37:36.482 18254 18274 I zygote  : WaitForGcToComplete blocked ProfileSaver on HeapTrim for 38.305ms
11-09 16:37:36.658 18295 18315 I zygote  : Waiting for a blocking GC ProfileSaver
11-09 16:37:36.807 18295 18315 I zygote  : Waiting for a blocking GC ProfileSaver
11-09 16:37:36.808 18295 18315 I zygote  : WaitForGcToComplete blocked ProfileSaver on HeapTrim for 150.795ms
11-09 16:37:37.855 18362 18362 I dex2oat : dex2oat took 4.509s (16.189s cpu) (threads: 4) arena alloc=4KB (5096B) java alloc=5MB (5637688B) native alloc=8MB (8520112B) free=2MB (2489936B)
11-09 16:37:37.931  1524  7196 D installd: Applied hard quotas for 10275
11-09 16:37:37.936  1649  1676 D PackageManager: Ephemeral installer not found with new action; try old one
11-09 16:37:37.936  1649  1676 D PackageManager: Clear ephemeral installer activity
11-09 16:37:37.936  1649  1676 V BackupManagerService: restoreAtInstall pkg=org.gnucash.android token=1e restoreSet=0
11-09 16:37:37.936  1649  1676 V BackupManagerService: Finishing install immediately
11-09 16:37:37.940  1649  1663 E memtrack: Couldn't load memtrack module
11-09 16:37:37.940  1649  1663 W android.os.Debug: failed to get memory consumption info: -1
11-09 16:37:37.943  1524  7196 E         : Couldn't opendir /data/app/vmdl1137852050.tmp: No such file or directory
11-09 16:37:37.943  1524  7196 E installd: Failed to delete /data/app/vmdl1137852050.tmp: No such file or directory
11-09 16:37:37.965  1649  3840 W BroadcastQueue: Background execution not allowed: receiving Intent { act=android.intent.action.PACKAGE_ADDED dat=package:org.gnucash.android flg=0x4000010 (has extras) } to com.google.android.gms/.games.chimera.GamesSystemBroadcastReceiverProxy
11-09 16:37:37.967  1649  1664 W BroadcastQueue: Background execution not allowed: receiving Intent { act=android.intent.action.PACKAGE_ADDED dat=package:org.gnucash.android flg=0x4000010 (has extras) } to com.google.android.gms/.gass.chimera.PackageChangeBroadcastReceiver
11-09 16:37:37.970  1649  1664 W BroadcastQueue: Background execution not allowed: receiving Intent { act=android.intent.action.PACKAGE_ADDED dat=package:org.gnucash.android flg=0x4000010 (has extras) } to com.google.android.gms/.chimera.GmsIntentOperationService$PersistentTrustedReceiver
11-09 16:37:37.975  1649  1664 W BroadcastQueue: Background execution not allowed: receiving Intent { act=android.intent.action.PACKAGE_ADDED dat=package:org.gnucash.android flg=0x4000010 (has extras) } to com.google.android.googlequicksearchbox/com.google.android.apps.gsa.googlequicksearchbox.GelStubAppWatcher
11-09 16:37:37.977  1649  1713 I InputReader: Reconfiguring input devices.  changes=0x00000010
11-09 16:37:37.986  2051 18252 W GCM     : Unexpected forwarded intent: Intent { act=android.intent.action.PACKAGE_ADDED dat=package:org.gnucash.android flg=0x4000010 cmp=com.google.android.gms/.chimera.PersistentIntentOperationService (has extras) }
11-09 16:37:37.999  1649  1942 W ActivityManager: Unable to start service Intent { act=com.google.android.gms.auth.key.retrieval.service.START pkg=com.google.android.gms } U=0: not found
11-09 16:37:37.990  2051 18252 W GCM     : Unexpected forwarded intent: Intent { act=android.intent.action.PACKAGE_ADDED dat=package:org.gnucash.android flg=0x4000010 cmp=com.google.android.gms/.chimera.PersistentIntentOperationService (has extras) }
11-09 16:37:38.000  2181 18376 I Auth    : [SupervisedAccountIntentOperation] onHandleIntent(): android.intent.action.PACKAGE_ADDED
11-09 16:37:38.002  2181 18379 I ChromeSync: [Sync,SyncIntentOperation] Handling the intent: Intent { act=android.intent.action.PACKAGE_ADDED dat=package:org.gnucash.android flg=0x4000010 cmp=com.google.android.gms/.chimera.GmsIntentOperationService (has extras) }.
11-09 16:37:38.010  1649  1942 W ActivityManager: Unbind failed: could not find connection for android.os.BinderProxy@16c34b9
11-09 16:37:38.011  2181  2564 E GmsClient: unable to connect to service: com.google.android.gms.auth.key.retrieval.service.START on com.google.android.gms
11-09 16:37:38.019  1649  1649 I Telecom : DefaultDialerCache: Refreshing default dialer for user 0: now com.google.android.dialer: DDC.oR@ATM
11-09 16:37:38.047 18254 18369 I ProvidersCache: Provider returned no roots. Possibly naughty: com.google.android.apps.docs.storage
11-09 16:37:38.085  1856  1856 D CarrierSvcBindHelper: No carrier app for: 0
11-09 16:37:38.099  1856  1856 D ImsResolver: maybeAddedImsService, packageName: org.gnucash.android
11-09 16:37:38.099  1856  1856 D CarrierConfigLoader: mHandler: 9 phoneId: 0
11-09 16:37:38.116  2181 18271 I ChimeraConfigurator: Starting update, reason: 4 urgentFeatures: pay:-1
11-09 16:37:38.117  2181 18271 E ConfigFileUtils: Failed to read config file: /data/user_de/0/com.google.android.gms/app_chimera/next_container.pb (No such file or directory)
11-09 16:37:38.123  2181  2198 I zygote  : ThreadFlipBegin blocked for 5.614ms
11-09 16:37:38.126  2181 18381 I zygote  : IncrementDisableThreadFlip blocked for 5.513ms
11-09 16:37:38.177 18382 18382 D AndroidRuntime: >>>>>> START com.android.internal.os.RuntimeInit uid 2000 <<<<<<
11-09 16:37:38.194  1649  1665 D AutofillUI: destroySaveUiUiThread(): already destroyed
11-09 16:37:38.194  1649  1663 D AutofillManagerServiceImpl: Set component for user 0 as ServiceInfo{480bc86 com.google.android.gms.autofill.service.AutofillService}
11-09 16:37:38.197  1649  1659 I zygote  : Background concurrent copying GC freed 99128(5MB) AllocSpace objects, 37(1812KB) LOS objects, 22% free, 20MB/26MB, paused 444us total 291.935ms
11-09 16:37:38.237  2181 18379 I ChromeSync: [Persistence,AffiliationManager] One of affiliation or grouping data for android://FQK5tRPf6OkFjWyvtjzlUlYa_Lb2z3dJnFG3ROYNJdLrw7WViT6-PhGqWa3ENg0wjIztaMGbd7JKUl4pSJSRXg==@org.gnucash.android/ was not found. Marking affiliation data as stale...
11-09 16:37:38.238  2181 18271 I ChmraDebugLogger: [73] 1801
11-09 16:37:38.238 18382 18382 W app_process: Unexpected CPU variant for X86 using defaults: x86
11-09 16:37:38.241 18382 18382 I app_process: The ClassLoaderContext is a special shared library.
11-09 16:37:38.244  2181 18271 I ChmraDebugLogger: [30] [Pay.optional:202414020000] permitMetered=true,
11-09 16:37:38.248  2181 18271 W ChimeraConfigService: Retry attempt was throttled.
11-09 16:37:38.257 18382 18382 D AndroidRuntime: Calling main entry com.android.commands.monkey.Monkey
11-09 16:37:38.258 18382 18382 W Monkey  : args: [-p, org.gnucash.android, -c, android.intent.category.LAUNCHER, 1]
11-09 16:37:38.258 18382 18382 W Monkey  :  arg: "-p"
11-09 16:37:38.258 18382 18382 W Monkey  :  arg: "org.gnucash.android"
11-09 16:37:38.258 18382 18382 W Monkey  :  arg: "-c"
11-09 16:37:38.258 18382 18382 W Monkey  :  arg: "android.intent.category.LAUNCHER"
11-09 16:37:38.259 18382 18382 W Monkey  :  arg: "1"
11-09 16:37:38.259 18382 18382 W Monkey  : data="org.gnucash.android"
11-09 16:37:38.259 18382 18382 W Monkey  : data="android.intent.category.LAUNCHER"
11-09 16:37:38.276  1649  1664 W BroadcastQueue: Skipping deliver [background] BroadcastRecord{c0e8399 u-1 android.net.conn.CONNECTIVITY_CHANGE} to ReceiverList{f9cd65e 18382 (unknown name)/2000/u-1 remote:7a332e3}: process gone or crashing
11-09 16:37:38.280  2181  2198 I zygote  : Background concurrent copying GC freed 21492(1350KB) AllocSpace objects, 15(620KB) LOS objects, 33% free, 11MB/17MB, paused 2.921ms total 178.991ms
11-09 16:37:38.292  2275  2275 I MicroDetectionWorker: #updateMicroDetector [detectionMode: [mDetectionMode: [1]]]
11-09 16:37:38.292  2275  2275 I MicroDetectionWorker: #startMicroDetector [speakerMode: 0]
11-09 16:37:38.295  2275  2275 I AudioController: Using mInputStreamFactoryBuilder
11-09 16:37:38.298  2275  2275 I MicroDetectionWorker: onReady
11-09 16:37:38.304  2275 18223 I MicroRecognitionRunner: Starting detection.
11-09 16:37:38.307  2181 23703 I Icing   : Indexing com.google.android.gms-internal.3p:MobileApplication from com.google.android.gms using seqno 181
11-09 16:37:38.308  2275 18210 I MicrophoneInputStream: mic_starting com.google.android.apps.gsa.staticplugins.aa.c@1fd0473
11-09 16:37:38.309  1521  1574 W ServiceManager: Permission failure: android.permission.RECORD_AUDIO from uid=10032 pid=2275
11-09 16:37:38.309  1521  1574 E         : Request requires android.permission.RECORD_AUDIO
11-09 16:37:38.309  1521  1574 E         : android.permission.CAPTURE_AUDIO_HOTWORD
11-09 16:37:38.309  2275 18210 E AudioRecord: Could not get audio input for session 16921, record source 1999, sample rate 16000, format 0x1, channel mask 0x10, flags 0
11-09 16:37:38.310  2275 18210 E AudioRecord-JNI: Error creating AudioRecord instance: initialization check failed with status -22.
11-09 16:37:38.310  2275 18210 E android.media.AudioRecord: Error code -20 when initializing native AudioRecord object.
11-09 16:37:38.310  2275 18210 I MicrophoneInputStream: mic_started com.google.android.apps.gsa.staticplugins.aa.c@1fd0473
11-09 16:37:38.311  2275 18210 E ActivityThread: Failed to find provider info for com.google.android.apps.gsa.testing.ui.audio.recorded
11-09 16:37:38.314  2275  2275 I MicroDetectionWorker: onReady
11-09 16:37:38.314  2275 18210 I MicrophoneInputStream: mic_close com.google.android.apps.gsa.staticplugins.aa.c@1fd0473
11-09 16:37:38.319  2275 18223 I MicroRecognitionRunner: Detection finished
11-09 16:37:38.319  2275 18223 W ErrorReporter: reportError [type: 211, code: 524300]: Error reading from input stream
11-09 16:37:38.319  1649  1942 I ActivityManager: START u0 {act=android.intent.action.MAIN cat=[android.intent.category.LAUNCHER] flg=0x10200000 cmp=org.gnucash.android/.ui.account.AccountsActivity} from uid 2000
11-09 16:37:38.320  2275  2709 I MicroRecognitionRunner: Stopping hotword detection.
11-09 16:37:38.320  1649  1942 W Binder  : Outgoing transactions from this process must be FLAG_ONEWAY
11-09 16:37:38.320  1649  1942 W Binder  : java.lang.Throwable
11-09 16:37:38.320  1649  1942 W Binder  : 	at android.os.BinderProxy.transact(Binder.java:752)
11-09 16:37:38.320  1649  1942 W Binder  : 	at android.app.IActivityController$Stub$Proxy.activityStarting(IActivityController.java:172)
11-09 16:37:38.320  1649  1942 W Binder  : 	at com.android.server.am.ActivityStarter.startActivity(ActivityStarter.java:449)
11-09 16:37:38.320  1649  1942 W Binder  : 	at com.android.server.am.ActivityStarter.startActivityLocked(ActivityStarter.java:278)
11-09 16:37:38.320  1649  1942 W Binder  : 	at com.android.server.am.ActivityStarter.startActivityMayWait(ActivityStarter.java:817)
11-09 16:37:38.320  1649  1942 W Binder  : 	at com.android.server.am.ActivityManagerService.startActivityAsUser(ActivityManagerService.java:4532)
11-09 16:37:38.320  1649  1942 W Binder  : 	at com.android.server.am.ActivityManagerService.startActivity(ActivityManagerService.java:4519)
11-09 16:37:38.320  1649  1942 W Binder  : 	at android.app.IActivityManager$Stub.onTransact(IActivityManager.java:121)
11-09 16:37:38.320  1649  1942 W Binder  : 	at com.android.server.am.ActivityManagerService.onTransact(ActivityManagerService.java:2919)
11-09 16:37:38.320  1649  1942 W Binder  : 	at android.os.Binder.execTransact(Binder.java:697)
11-09 16:37:38.320  2275 18223 W ErrorProcessor: onFatalError, processing error from engine(4)
11-09 16:37:38.320  2275 18223 W ErrorProcessor: com.google.android.apps.gsa.shared.speech.b.g: Error reading from input stream
11-09 16:37:38.320  2275 18223 W ErrorProcessor: 	at com.google.android.apps.gsa.staticplugins.recognizer.j.a.a(SourceFile:28)
11-09 16:37:38.320  2275 18223 W ErrorProcessor: 	at com.google.android.apps.gsa.staticplugins.recognizer.j.b.run(SourceFile:15)
11-09 16:37:38.320  2275 18223 W ErrorProcessor: 	at java.util.concurrent.Executors$RunnableAdapter.call(Executors.java:457)
11-09 16:37:38.320  2275 18223 W ErrorProcessor: 	at java.util.concurrent.FutureTask.run(FutureTask.java:266)
11-09 16:37:38.320  2275 18223 W ErrorProcessor: 	at java.util.concurrent.Executors$RunnableAdapter.call(Executors.java:457)
11-09 16:37:38.320  2275 18223 W ErrorProcessor: 	at java.util.concurrent.FutureTask.run(FutureTask.java:266)
11-09 16:37:38.320  2275 18223 W ErrorProcessor: 	at com.google.android.apps.gsa.shared.util.concurrent.a.ag.run(Unknown Source:4)
11-09 16:37:38.320  2275 18223 W ErrorProcessor: 	at com.google.android.apps.gsa.shared.util.concurrent.a.bo.run(SourceFile:4)
11-09 16:37:38.320  2275 18223 W ErrorProcessor: 	at com.google.android.apps.gsa.shared.util.concurrent.a.bo.run(SourceFile:4)
11-09 16:37:38.320  2275 18223 W ErrorProcessor: 	at java.util.concurrent.ThreadPoolExecutor.runWorker(ThreadPoolExecutor.java:1162)
11-09 16:37:38.320  2275 18223 W ErrorProcessor: 	at java.util.concurrent.ThreadPoolExecutor$Worker.run(ThreadPoolExecutor.java:636)
11-09 16:37:38.320  2275 18223 W ErrorProcessor: 	at java.lang.Thread.run(Thread.java:764)
11-09 16:37:38.320  2275 18223 W ErrorProcessor: 	at com.google.android.apps.gsa.shared.util.concurrent.a.ak.run(SourceFile:6)
11-09 16:37:38.320  2275 18223 W ErrorProcessor: Caused by: com.google.android.apps.gsa.shared.exception.GsaIOException: Error code: 393238 | Buffer overflow, no available space.
11-09 16:37:38.320  2275 18223 W ErrorProcessor: 	at com.google.android.apps.gsa.speech.audio.Tee.f(SourceFile:103)
11-09 16:37:38.320  2275 18223 W ErrorProcessor: 	at com.google.android.apps.gsa.speech.audio.au.read(SourceFile:2)
11-09 16:37:38.320  2275 18223 W ErrorProcessor: 	at java.io.InputStream.read(InputStream.java:101)
11-09 16:37:38.320  2275 18223 W ErrorProcessor: 	at com.google.android.apps.gsa.speech.audio.ao.run(SourceFile:18)
11-09 16:37:38.320  2275 18223 W ErrorProcessor: 	at com.google.android.apps.gsa.speech.audio.an.run(SourceFile:2)
11-09 16:37:38.320  2275 18223 W ErrorProcessor: 	... 11 more
11-09 16:37:38.320  2275 18223 I AudioController: internalShutdown
11-09 16:37:38.333 18382 18382 I Monkey  : Events injected: 1
11-09 16:37:38.340  2275  2275 I MicroDetector: Keeping mic open: false
11-09 16:37:38.340  2275  2275 I MicroDetectionWorker: #onError(false)
11-09 16:37:38.340  2275 18216 I DeviceStateChecker: DeviceStateChecker cancelled
11-09 16:37:38.363  1649  2304 I ActivityManager: Start proc 18399:org.gnucash.android/u0a275 for activity org.gnucash.android/.ui.account.AccountsActivity
11-09 16:37:38.363  1439  1481 D gralloc_ranchu: gralloc_alloc: Creating ashmem region of size 8298496
11-09 16:37:38.366 18399 18399 W zygote  : Unexpected CPU variant for X86 using defaults: x86
11-09 16:37:38.371  2181 23703 I Icing   : Indexing com.google.android.gms-apps from com.google.android.gms
11-09 16:37:38.373  1450  1472 D         : HostConnection::get() New Host Connection established 0xe80a1bc0, tid 1472
11-09 16:37:38.374  1649  1696 D         : HostConnection::get() New Host Connection established 0xd85f9340, tid 1696
11-09 16:37:38.394 18382 18382 I Monkey  : ## Network stats: elapsed time=23ms (0ms mobile, 0ms wifi, 23ms not connected)
11-09 16:37:38.395 18382 18382 I com.android.commands.monkey: System.exit called, status: 0
11-09 16:37:38.395 18382 18382 I AndroidRuntime: VM exiting with result code 0.
11-09 16:37:38.481  2275  2663 D EGL_emulation: eglMakeCurrent: 0xd43afe80: ver 3 0 (tinfo 0xd57d6910)
11-09 16:37:38.485  1450  1470 D gralloc_ranchu: gralloc_unregister_buffer: exiting HostConnection (is buffer-handling thread)
11-09 16:37:38.486  1450  1470 D         : HostConnection::get() New Host Connection established 0xe80a1c40, tid 1470
11-09 16:37:38.486  1450  1470 D gralloc_ranchu: gralloc_unregister_buffer: exiting HostConnection (is buffer-handling thread)
11-09 16:37:38.486  2305  2434 D EGL_emulation: eglMakeCurrent: 0xec186380: ver 3 0 (tinfo 0xec183760)
11-09 16:37:38.486  1450  1470 D         : HostConnection::get() New Host Connection established 0xe80a1c40, tid 1470
11-09 16:37:38.486  1450  1470 D gralloc_ranchu: gralloc_unregister_buffer: exiting HostConnection (is buffer-handling thread)
11-09 16:37:38.487  1450  1470 D         : HostConnection::get() New Host Connection established 0xe80a1c40, tid 1470
11-09 16:37:38.487  1450  1470 D gralloc_ranchu: gralloc_unregister_buffer: exiting HostConnection (is buffer-handling thread)
11-09 16:37:38.510  2181 25922 I Icing   : Indexing done com.google.android.gms-apps
11-09 16:37:38.527  1765 18313 W asset   : Asset path /data/app/org.gnucash.android-TQLJsGeorqsI0jwLKQjrhQ==/base.apk is neither a directory nor file (type=1).
11-09 16:37:38.527  1765 18313 E ResourcesManager: failed to add asset path /data/app/org.gnucash.android-TQLJsGeorqsI0jwLKQjrhQ==/base.apk
11-09 16:37:38.527  1765 18313 W PackageManager: Failure retrieving resources for org.gnucash.android
11-09 16:37:38.527  1765 18313 W asset   : Asset path /data/app/org.gnucash.android-TQLJsGeorqsI0jwLKQjrhQ==/base.apk is neither a directory nor file (type=1).
11-09 16:37:38.527  1765 18313 E ResourcesManager: failed to add asset path /data/app/org.gnucash.android-TQLJsGeorqsI0jwLKQjrhQ==/base.apk
11-09 16:37:38.528  1765 18313 W PackageManager: Failure retrieving resources for org.gnucash.android
11-09 16:37:38.528  1765 18313 W asset   : Asset path /data/app/org.gnucash.android-TQLJsGeorqsI0jwLKQjrhQ==/base.apk is neither a directory nor file (type=1).
11-09 16:37:38.528  1765 18313 E ResourcesManager: failed to add asset path /data/app/org.gnucash.android-TQLJsGeorqsI0jwLKQjrhQ==/base.apk
11-09 16:37:38.528  1765 18313 W PackageManager: Failure retrieving resources for org.gnucash.android
11-09 16:37:38.528  1765 18313 W asset   : Asset path /data/app/org.gnucash.android-TQLJsGeorqsI0jwLKQjrhQ==/base.apk is neither a directory nor file (type=1).
11-09 16:37:38.528  1765 18313 E ResourcesManager: failed to add asset path /data/app/org.gnucash.android-TQLJsGeorqsI0jwLKQjrhQ==/base.apk
11-09 16:37:38.528  1765 18313 W PackageManager: Failure retrieving resources for org.gnucash.android
11-09 16:37:38.528  1765 18313 W asset   : Asset path /data/app/org.gnucash.android-TQLJsGeorqsI0jwLKQjrhQ==/base.apk is neither a directory nor file (type=1).
11-09 16:37:38.528  1765 18313 E ResourcesManager: failed to add asset path /data/app/org.gnucash.android-TQLJsGeorqsI0jwLKQjrhQ==/base.apk
11-09 16:37:38.528  1765 18313 W PackageManager: Failure retrieving resources for org.gnucash.android
11-09 16:37:38.547 18399 18429 D UV      : https://by.uservoice.com/t/k/gnucash/d/g/track.js?_=1668029858545&c=_&d=eyJ1Ijp7ImFwcF92ZXJzaW9uX2NvZGUiOjIxMzAxLCJhbmRyb2lkX3ZlcnNpb24iOiI4LjEuMCIsImFwcF92ZXJzaW9uX25hbWUiOiIyLjEuMyJ9fQ%3D%3D
11-09 16:37:38.558 18399 18429 D NetworkSecurityConfig: No Network Security Config specified, using platform default
11-09 16:37:38.592 18399 18399 I BookDbHelper: No books found in database, creating default book
11-09 16:37:38.618 18399 18399 I org.gnucash.android.db.DatabaseHelper: Creating database tables
11-09 16:37:38.625 18399 18399 E CommoditiesDbAdapter: Commodity not found in the database: USD
11-09 16:37:38.627 18399 18399 E CommoditiesDbAdapter: Commodity not found in the database: EUR
11-09 16:37:38.627 18399 18399 E CommoditiesDbAdapter: Commodity not found in the database: GBP
11-09 16:37:38.629 18399 18399 E CommoditiesDbAdapter: Commodity not found in the database: CHF
11-09 16:37:38.629 18399 18399 E CommoditiesDbAdapter: Commodity not found in the database: CAD
11-09 16:37:38.630 18399 18399 E CommoditiesDbAdapter: Commodity not found in the database: JPY
11-09 16:37:38.631 18399 18399 E CommoditiesDbAdapter: Commodity not found in the database: AUD
11-09 16:37:38.631 18399 18399 E CommoditiesDbAdapter: Commodity not found in the database: USD
11-09 16:37:38.653 18399 18399 I CommoditiesDbAdapter: Bulk adding 223 Commodity records to the database
11-09 16:37:38.902 18399 18399 V AccountsDbAdapter: Fetching all accounts from db where type= ? order by name ASC
11-09 16:37:38.910  1440  1440 D gralloc_ranchu: gralloc_unregister_buffer: exiting HostConnection (is buffer-handling thread)
11-09 16:37:38.911  1440  1440 D         : HostConnection::get() New Host Connection established 0xf1a23900, tid 1440
11-09 16:37:38.911  1440  1440 D gralloc_ranchu: gralloc_unregister_buffer: exiting HostConnection (is buffer-handling thread)
11-09 16:37:38.911  1440  1440 D         : HostConnection::get() New Host Connection established 0xf1a23900, tid 1440
11-09 16:37:38.911  1440  1440 D gralloc_ranchu: gralloc_unregister_buffer: exiting HostConnection (is buffer-handling thread)
11-09 16:37:38.911  1440  1440 D         : HostConnection::get() New Host Connection established 0xf1a23900, tid 1440
11-09 16:37:38.911  1440  1440 D gralloc_ranchu: gralloc_unregister_buffer: exiting HostConnection (is buffer-handling thread)
11-09 16:37:38.912  1440  1440 D         : HostConnection::get() New Host Connection established 0xf1a23900, tid 1440
11-09 16:37:38.912  1440  1440 D gralloc_ranchu: gralloc_unregister_buffer: exiting HostConnection (is buffer-handling thread)
11-09 16:37:38.912  1440  1440 D         : HostConnection::get() New Host Connection established 0xf1a23900, tid 1440
11-09 16:37:38.913  1440  1440 D gralloc_ranchu: gralloc_unregister_buffer: exiting HostConnection (is buffer-handling thread)
11-09 16:37:38.917  1440  1440 D         : HostConnection::get() New Host Connection established 0xf1a23900, tid 1440
11-09 16:37:38.917 18399 18399 I AccountsDbAdapter: Creating ROOT account
11-09 16:37:38.918  1765  2009 D EGL_emulation: eglMakeCurrent: 0xd729fb60: ver 3 0 (tinfo 0xd7dd29c0)
11-09 16:37:38.925  1765  2009 D EGL_emulation: eglMakeCurrent: 0xd729fb60: ver 3 0 (tinfo 0xd7dd29c0)
11-09 16:37:38.956 18399 18404 I zygote  : Do partial code cache collection, code=30KB, data=29KB
11-09 16:37:38.956 18399 18404 I zygote  : After code cache collection, code=30KB, data=29KB
11-09 16:37:38.957 18399 18404 I zygote  : Increasing code cache capacity to 128KB
11-09 16:37:39.015 18399 18399 W Resources: ColorStateList android:color/text_color_secondary has unresolved theme attributes! Consider using Resources.getColorStateList(int, Theme) or Context.getColorStateList(int).
11-09 16:37:39.015 18399 18399 W Resources: java.lang.RuntimeException
11-09 16:37:39.015 18399 18399 W Resources: 	at android.content.res.Resources.getColorStateList(Resources.java:991)
11-09 16:37:39.015 18399 18399 W Resources: 	at android.support.design.widget.NavigationView.createDefaultColorStateList(NavigationView.java:415)
11-09 16:37:39.015 18399 18399 W Resources: 	at android.support.design.widget.NavigationView.<init>(NavigationView.java:126)
11-09 16:37:39.015 18399 18399 W Resources: 	at android.support.design.widget.NavigationView.<init>(NavigationView.java:95)
11-09 16:37:39.015 18399 18399 W Resources: 	at java.lang.reflect.Constructor.newInstance0(Native Method)
11-09 16:37:39.015 18399 18399 W Resources: 	at java.lang.reflect.Constructor.newInstance(Constructor.java:334)
11-09 16:37:39.015 18399 18399 W Resources: 	at android.view.LayoutInflater.createView(LayoutInflater.java:647)
11-09 16:37:39.015 18399 18399 W Resources: 	at android.view.LayoutInflater.createViewFromTag(LayoutInflater.java:790)
11-09 16:37:39.015 18399 18399 W Resources: 	at android.view.LayoutInflater.createViewFromTag(LayoutInflater.java:730)
11-09 16:37:39.015 18399 18399 W Resources: 	at android.view.LayoutInflater.rInflate(LayoutInflater.java:863)
11-09 16:37:39.015 18399 18399 W Resources: 	at android.view.LayoutInflater.rInflateChildren(LayoutInflater.java:824)
11-09 16:37:39.015 18399 18399 W Resources: 	at android.view.LayoutInflater.inflate(LayoutInflater.java:515)
11-09 16:37:39.015 18399 18399 W Resources: 	at android.view.LayoutInflater.inflate(LayoutInflater.java:423)
11-09 16:37:39.015 18399 18399 W Resources: 	at android.view.LayoutInflater.inflate(LayoutInflater.java:374)
11-09 16:37:39.015 18399 18399 W Resources: 	at android.support.v7.app.AppCompatDelegateImplV7.setContentView(AppCompatDelegateImplV7.java:276)
11-09 16:37:39.015 18399 18399 W Resources: 	at android.support.v7.app.AppCompatActivity.setContentView(AppCompatActivity.java:136)
11-09 16:37:39.015 18399 18399 W Resources: 	at org.gnucash.android.ui.common.BaseDrawerActivity.onCreate(BaseDrawerActivity.java:103)
11-09 16:37:39.015 18399 18399 W Resources: 	at org.gnucash.android.ui.account.AccountsActivity.onCreate(AccountsActivity.java:229)
11-09 16:37:39.015 18399 18399 W Resources: 	at android.app.Activity.performCreate(Activity.java:7009)
11-09 16:37:39.015 18399 18399 W Resources: 	at android.app.Activity.performCreate(Activity.java:7000)
11-09 16:37:39.015 18399 18399 W Resources: 	at android.app.Instrumentation.callActivityOnCreate(Instrumentation.java:1214)
11-09 16:37:39.015 18399 18399 W Resources: 	at android.app.ActivityThread.performLaunchActivity(ActivityThread.java:2731)
11-09 16:37:39.015 18399 18399 W Resources: 	at android.app.ActivityThread.handleLaunchActivity(ActivityThread.java:2856)
11-09 16:37:39.015 18399 18399 W Resources: 	at android.app.ActivityThread.-wrap11(Unknown Source:0)
11-09 16:37:39.015 18399 18399 W Resources: 	at android.app.ActivityThread$H.handleMessage(ActivityThread.java:1589)
11-09 16:37:39.015 18399 18399 W Resources: 	at android.os.Handler.dispatchMessage(Handler.java:106)
11-09 16:37:39.015 18399 18399 W Resources: 	at android.os.Looper.loop(Looper.java:164)
11-09 16:37:39.015 18399 18399 W Resources: 	at android.app.ActivityThread.main(ActivityThread.java:6494)
11-09 16:37:39.015 18399 18399 W Resources: 	at java.lang.reflect.Method.invoke(Native Method)
11-09 16:37:39.015 18399 18399 W Resources: 	at com.android.internal.os.RuntimeInit$MethodAndArgsCaller.run(RuntimeInit.java:438)
11-09 16:37:39.015 18399 18399 W Resources: 	at com.android.internal.os.ZygoteInit.main(ZygoteInit.java:807)
11-09 16:37:39.015 18399 18399 W Resources: ColorStateList android:color/text_color_primary has unresolved theme attributes! Consider using Resources.getColorStateList(int, Theme) or Context.getColorStateList(int).
11-09 16:37:39.015 18399 18399 W Resources: java.lang.RuntimeException
11-09 16:37:39.015 18399 18399 W Resources: 	at android.content.res.Resources.getColorStateList(Resources.java:991)
