03-20 00:51:12.081 16441 16441 D BoundBrokerSvc: Loading bound service for intent: Intent { act=com.google.android.gms.icing.LIGHTWEIGHT_INDEX_SERVICE dat=chimera-action: cmp=com.google.android.gms/.chimera.PersistentApiService }
03-20 00:51:12.082  2044  2085 I ActivityManager: Force stopping com.github.uiautomator.test appid=10136 user=0: pkg removed
03-20 00:51:12.108  2044  2139 I InputReader: Reconfiguring input devices.  changes=0x00000010
03-20 00:51:12.112  1036  1036 I Finsky:background: [2] usb.f(5): usb - Received: android.intent.action.PACKAGE_REMOVED, [c2hSSSlh08_PngAaTJOaEZVSsfSE5kinsbbaw5rVYV0]
03-20 00:51:12.112 15392 15392 I GsaVoiceInteractionSrv: (REDACTED) O received %s
03-20 00:51:12.124  2044  2139 I InputReader: Reconfiguring input devices.  changes=0x00000010
03-20 00:51:12.129  1036  1036 I Finsky:background: [2] usb.f(5): usb - Received: android.intent.action.PACKAGE_ADDED, [c2hSSSlh08_PngAaTJOaEZVSsfSE5kinsbbaw5rVYV0]
03-20 00:51:12.132   920   920 I Finsky  : [2] usk.f(0): usk - Received: android.intent.action.PACKAGE_REMOVED, [c2hSSSlh08_PngAaTJOaEZVSsfSE5kinsbbaw5rVYV0]
03-20 00:51:12.136  2044  2071 W BroadcastQueue: Background execution not allowed: receiving Intent { act=android.intent.action.PACKAGE_REMOVED dat=package:com.github.uiautomator.test flg=0x4000010 (has extras) } to com.android.musicfx/.Compatibility$Receiver
03-20 00:51:12.139 24279  7221 I Icing   : Usage reports ok 1, Failed Usage reports 0, indexed 0, rejected 0
03-20 00:51:12.160  1036 13576 I Finsky:background: [999] mxn.run(2): Wrote row to frosting DB: 282
03-20 00:51:12.163 24279  7221 I Icing   : Indexing com.google.android.gms-apps from com.google.android.gms
03-20 00:51:12.172   920   957 I android.vendin: Waiting for a blocking GC ProfileSaver
03-20 00:51:12.184  1036 13576 I Finsky:background: [999] mxn.run(2): Wrote row to frosting DB: 283
03-20 00:51:12.193  1036  1036 I Finsky:background: [2] usb.f(5): usb - Received: android.intent.action.PACKAGE_ADDED, [c2hSSSlh08_PngAaTJOaEZVSsfSE5kinsbbaw5rVYV0]
03-20 00:51:12.193  2044  2071 W BroadcastQueue: Background execution not allowed: receiving Intent { act=android.intent.action.PACKAGE_REMOVED dat=package:com.github.uiautomator.test flg=0x4000010 (has extras) } to com.android.vending/com.google.android.finsky.packagemonitor.impl.PackageMonitorReceiverImpl$RegisteredReceiver
03-20 00:51:12.194  2044  2071 W BroadcastQueue: Background execution not allowed: receiving Intent { act=android.intent.action.PACKAGE_REMOVED dat=package:com.github.uiautomator.test flg=0x4000010 (has extras) } to com.android.vending/com.google.android.finsky.packagemonitor.backgroundimpl.BackgroundPackageMonitorReceiverImpl$RegisteredReceiver
03-20 00:51:12.194  2044  2071 W BroadcastQueue: Background execution not allowed: receiving Intent { act=android.intent.action.PACKAGE_REMOVED dat=package:com.github.uiautomator.test flg=0x4000010 (has extras) } to com.android.vending/com.google.android.finsky.instantapps.appmanagement.InstantAppRemoveMonitor
03-20 00:51:12.194  2044  2071 W BroadcastQueue: Background execution not allowed: receiving Intent { act=android.intent.action.PACKAGE_REMOVED dat=package:com.github.uiautomator.test flg=0x4000010 (has extras) } to com.google.android.gms/.games.chimera.GamesSystemBroadcastReceiverProxy
03-20 00:51:12.194  2044  2071 W BroadcastQueue: Background execution not allowed: receiving Intent { act=android.intent.action.PACKAGE_REMOVED dat=package:com.github.uiautomator.test flg=0x4000010 (has extras) } to com.google.android.gms/.chimera.GmsIntentOperationService$PersistentTrustedReceiver
03-20 00:51:12.194  2044  2071 W BroadcastQueue: Background execution not allowed: receiving Intent { act=android.intent.action.PACKAGE_REMOVED dat=package:com.github.uiautomator.test flg=0x4000010 (has extras) } to com.google.android.googlequicksearchbox/com.google.android.apps.gsa.googlequicksearchbox.GelStubAppWatcher
03-20 00:51:12.194  2044  2071 W BroadcastQueue: Background execution not allowed: receiving Intent { act=android.intent.action.PACKAGE_ADDED dat=package:com.github.uiautomator.test flg=0x4000010 (has extras) } to com.google.android.packageinstaller/com.android.packageinstaller.PackageInstalledReceiver
03-20 00:51:12.194  2044  2071 W BroadcastQueue: Background execution not allowed: receiving Intent { act=android.intent.action.PACKAGE_ADDED dat=package:com.github.uiautomator.test flg=0x4000010 (has extras) } to com.android.musicfx/.Compatibility$Receiver
03-20 00:51:12.195  2044  2071 W BroadcastQueue: Background execution not allowed: receiving Intent { act=android.intent.action.PACKAGE_ADDED dat=package:com.github.uiautomator.test flg=0x4000010 (has extras) } to com.android.vending/com.google.android.finsky.packagemonitor.impl.PackageMonitorReceiverImpl$RegisteredReceiver
03-20 00:51:12.195  2044  2071 W BroadcastQueue: Background execution not allowed: receiving Intent { act=android.intent.action.PACKAGE_ADDED dat=package:com.github.uiautomator.test flg=0x4000010 (has extras) } to com.android.vending/com.google.android.finsky.packagemonitor.backgroundimpl.BackgroundPackageMonitorReceiverImpl$RegisteredReceiver
03-20 00:51:12.196  2044  2139 I InputReader: Reconfiguring input devices.  changes=0x00000010
03-20 00:51:12.197  2044  2071 W BroadcastQueue: Background execution not allowed: receiving Intent { act=android.intent.action.PACKAGE_ADDED dat=package:com.github.uiautomator.test flg=0x4000010 (has extras) } to com.google.android.gms/.games.chimera.GamesSystemBroadcastReceiverProxy
03-20 00:51:12.197  2044  2071 W BroadcastQueue: Background execution not allowed: receiving Intent { act=android.intent.action.PACKAGE_ADDED dat=package:com.github.uiautomator.test flg=0x4000010 (has extras) } to com.google.android.gms/.gass.chimera.PackageChangeBroadcastReceiver
03-20 00:51:12.197  2044  2071 W BroadcastQueue: Background execution not allowed: receiving Intent { act=android.intent.action.PACKAGE_ADDED dat=package:com.github.uiautomator.test flg=0x4000010 (has extras) } to com.google.android.gms/.chimera.GmsIntentOperationService$PersistentTrustedReceiver
03-20 00:51:12.200  2044  2071 W BroadcastQueue: Background execution not allowed: receiving Intent { act=android.intent.action.PACKAGE_ADDED dat=package:com.github.uiautomator.test flg=0x4000010 (has extras) } to com.google.android.googlequicksearchbox/com.google.android.apps.gsa.googlequicksearchbox.GelStubAppWatcher
03-20 00:51:12.200  2044  2071 W BroadcastQueue: Background execution not allowed: receiving Intent { act=android.intent.action.PACKAGE_ADDED dat=package:com.github.uiautomator.test flg=0x4000010 (has extras) } to com.google.android.ims/.receivers.RcsAutoStartReceiver
03-20 00:51:12.203  1036  1036 I Finsky:background: [2] usb.f(5): usb - Deduping intent android.intent.action.PACKAGE_ADDED
03-20 00:51:12.215 24279  7221 I Icing   : Indexing done com.google.android.gms-apps
03-20 00:51:12.215 15392 15392 I GsaVoiceInteractionSrv: (REDACTED) O received %s
03-20 00:51:12.217   920   957 I android.vendin: WaitForGcToComplete blocked ProfileSaver on HeapTrim for 46.202ms
03-20 00:51:12.222  2718  3676 E ActivityThread: Failed to find provider info for com.google.android.apps.wellbeing.api
03-20 00:51:12.238 13955 13955 D AndroidRuntime: >>>>>> START com.android.internal.os.RuntimeInit uid 2000 <<<<<<
03-20 00:51:12.240 13955 13955 E libc    : Access denied finding property "persist.device_config.runtime_native_boot.enable_apex_image"
03-20 00:51:12.240 13955 13955 I AndroidRuntime: Using default boot image
03-20 00:51:12.240 13955 13955 E libc    : Access denied finding property "persist.device_config.runtime_native_boot.disable_lock_profiling"
03-20 00:51:12.240 13955 13955 I AndroidRuntime: Leaving lock profiling enabled
03-20 00:51:12.240 13955 13955 E libc    : Access denied finding property "persist.device_config.runtime_native_boot.enable_generational_cc"
03-20 00:51:12.245 24279  7221 I Icing   : Indexing com.google.android.gms-apps from com.google.android.gms
03-20 00:51:12.247 24279  7221 I Icing   : Indexing done com.google.android.gms-apps
03-20 00:51:12.259 15392 15392 I GsaVoiceInteractionSrv: (REDACTED) O received %s
03-20 00:51:12.261   920  1000 I Finsky  : [959] ivy.a(5): AIM: AppInfoManager-Perf > OnDeviceAppInfo > cacheHitCount=0, cacheMissCount=1. Missed  in cache (limit 10) : [com.github.uiautomator.test]
03-20 00:51:12.262   920  1000 I Finsky  : [959] itm.apply(81): AIM: Got app ownership map. App counts: . Unique apps: 0
03-20 00:51:12.262   920   920 I Finsky  : [2] usk.f(0): usk - Received: android.intent.action.PACKAGE_ADDED, [c2hSSSlh08_PngAaTJOaEZVSsfSE5kinsbbaw5rVYV0]
03-20 00:51:12.266 16441 13928 I Fitness : FitCleanupIntentOperation received Intent android.intent.action.PACKAGE_REMOVED [CONTEXT service_id=17 ]
03-20 00:51:12.285   920 13591 I Finsky  : [1291] jql.abD(20): [ContentSync] finished, scheduled=false
03-20 00:51:12.286 16502 16616 W SearchServiceCore: Abort, client detached.
03-20 00:51:12.286 16502 16616 W SearchServiceCore: Abort, client detached.
03-20 00:51:12.288  3354 13596 I ProvidersCache: Provider returned no roots. Possibly naughty: com.google.android.apps.docs.storage
03-20 00:51:12.290 16502 16616 W SearchServiceCore: Abort, client detached.
03-20 00:51:12.295  2044  2044 W Looper  : Slow dispatch took 118ms main h=android.app.ActivityThread$H c=android.app.-$$Lambda$LoadedApk$ReceiverDispatcher$Args$_BumDX2UKsnxLVrE6UJsJZkotuA@799968d m=0
03-20 00:51:12.303  1036 13576 I Finsky:background: [999] mxn.run(2): Wrote row to frosting DB: 284
03-20 00:51:12.312  3354  3366 W oid.documentsu: Reducing the number of considered missed Gc histogram windows from 167 to 100
03-20 00:51:12.316   920 13585 I Finsky  : [1286] pmc.accept(13): IQ: handled package removed
03-20 00:51:12.316   920   998 I Finsky  : [958] ivt.a(11): AIM: AppInfoManager-Perf > ItemModel > CacheSize=0, cacheHitCount=0, cacheMissCount=1, total appsWithNoServerDataCount=0. Missed  in cache (limit 10) : [com.github.uiautomator.test]
03-20 00:51:12.316   920   998 I Finsky  : [958] ivw.p(3): AIM: AppInfoManager-Perf > ItemModel > ItemStore Called 1 apps cacheOptions = USE_CACHE
03-20 00:51:12.316   920   998 I Finsky  : [958] ivt.a(80): AIM: ItemModel fetch - unauth(1), auth()
03-20 00:51:12.319   920  1004 I Finsky  : [963] qwu.apply(5): ItemStore: Not cached: com.github.uiautomator.test
03-20 00:51:12.320  1036 13576 I Finsky:background: [999] mxn.run(2): Wrote row to frosting DB: 285
03-20 00:51:12.326  3286  3316 W ndroid.keychai: Reducing the number of considered missed Gc histogram windows from 258 to 100
03-20 00:51:12.327  1036 13576 I Finsky:background: [999] mxn.run(2): Wrote row to frosting DB: 286
03-20 00:51:12.330 13955 13955 D ICU     : Time zone APEX file found: /apex/com.android.tzdata/etc/icu/icu_tzdata.dat
03-20 00:51:12.331  2044  2044 W Looper  : Slow delivery took 218ms main h=android.app.ActivityThread$H c=android.app.-$$Lambda$LoadedApk$ReceiverDispatcher$Args$_BumDX2UKsnxLVrE6UJsJZkotuA@baf16a8 m=0
03-20 00:51:12.334  3354 13916 I ProvidersCache: Provider returned no roots. Possibly naughty: com.google.android.apps.docs.storage
03-20 00:51:12.334 13955 13955 W app_process: Unexpected CPU variant for X86 using defaults: x86
03-20 00:51:12.335   920   920 I Finsky  : [2] pzg.ahZ(1): DTU: Received onPackageAdded, replacing: true
03-20 00:51:12.335   920  1000 I Finsky  : [959] ivy.a(5): AIM: AppInfoManager-Perf > OnDeviceAppInfo > cacheHitCount=0, cacheMissCount=1. Missed  in cache (limit 10) : [com.github.uiautomator.test]
03-20 00:51:12.335   920  1000 I Finsky  : [959] itm.apply(81): AIM: Got app ownership map. App counts: . Unique apps: 0
03-20 00:51:12.337 13955 13955 I app_process: The ClassLoaderContext is a special shared library.
03-20 00:51:12.341   920   920 I Finsky  : [2] usk.f(0): usk - Received: android.intent.action.PACKAGE_ADDED, [c2hSSSlh08_PngAaTJOaEZVSsfSE5kinsbbaw5rVYV0]
03-20 00:51:12.345 24279 24401 I Icing   : IndexChimeraService.getServiceInterface callingPackage=com.google.android.gms componentName=null serviceId=30
03-20 00:51:12.350   920   920 I Finsky  : [2] usk.f(0): usk - Deduping intent android.intent.action.PACKAGE_ADDED
03-20 00:51:12.350   920   920 I Finsky  : [2] usk.f(0): usk - Received: android.intent.action.PACKAGE_ADDED, [c2hSSSlh08_PngAaTJOaEZVSsfSE5kinsbbaw5rVYV0]
03-20 00:51:12.352  2044  2044 I Telecom : DefaultDialerCache: Refreshing default dialer for user 0: now com.android.dialer: DDC.oR@AVQ
03-20 00:51:12.354  2044  2044 V BackupManagerConstants: getFullBackupIntervalMilliseconds(...) returns 86400000
03-20 00:51:12.354  2044  2044 V BackupManagerConstants: getFullBackupRequiredNetworkType(...) returns 2
03-20 00:51:12.354  2044  2044 V BackupManagerConstants: getFullBackupRequireCharging(...) returns true
03-20 00:51:12.356 24279 13943 I Auth    : [SupervisedAccountIntentOperation] onHandleIntent(): android.intent.action.PACKAGE_ADDED
03-20 00:51:12.366 13955 13955 W app_process: JNI RegisterNativeMethods: attempt to register 0 native methods for android.media.AudioAttributes
03-20 00:51:12.366 16441 13929 I FontLog : Package com.github.uiautomator.test has no metadata [CONTEXT service_id=132 ]
03-20 00:51:12.368 13955 13955 D AndroidRuntime: Calling main entry com.android.commands.am.Am
03-20 00:51:12.369   920   920 I Finsky  : [2] usk.f(0): usk - Deduping intent android.intent.action.PACKAGE_ADDED
03-20 00:51:12.375  1036  1036 I Finsky:background: [2] usb.f(5): usb - Received: android.intent.action.PACKAGE_ADDED, [c2hSSSlh08_PngAaTJOaEZVSsfSE5kinsbbaw5rVYV0]
03-20 00:51:12.376   920  1003 E Finsky  : [962] qxc.a(16): ItemStore: getItems RPC failed.
03-20 00:51:12.393  1036  1036 I Finsky:background: [2] usb.f(5): usb - Deduping intent android.intent.action.PACKAGE_ADDED
03-20 00:51:12.398  2044  5890 W BroadcastQueue: Background execution not allowed: receiving Intent { act=android.intent.action.PACKAGE_REPLACED dat=package:com.github.uiautomator.test flg=0x4000010 (has extras) } to com.android.musicfx/.Compatibility$Receiver
03-20 00:51:12.398  2453  2453 D CarrierSvcBindHelper: No carrier app for: 0
03-20 00:51:12.399  2044  2071 W BroadcastQueue: Background execution not allowed: receiving Intent { act=android.intent.action.PACKAGE_REPLACED dat=package:com.github.uiautomator.test flg=0x4000010 (has extras) } to com.google.android.apps.photos/.account.full.FetchAccountPropertiesAppUpgradeBroadcastReceiver
03-20 00:51:12.399  2044  2071 W BroadcastQueue: Background execution not allowed: receiving Intent { act=android.intent.action.PACKAGE_REPLACED dat=package:com.github.uiautomator.test flg=0x4000010 (has extras) } to com.google.android.apps.photos/.account.full.SyncAccountsForLoginBroadcastReceiver
03-20 00:51:12.400  2044  2071 W BroadcastQueue: Background execution not allowed: receiving Intent { act=android.intent.action.PACKAGE_REPLACED dat=package:com.github.uiautomator.test flg=0x4000010 (has extras) } to com.google.android.apps.photos/.experiments.phenotype.full.PhenotypeAppUpgradeBroadcastReceiver
03-20 00:51:12.400  2044  2071 W BroadcastQueue: Background execution not allowed: receiving Intent { act=android.intent.action.PACKAGE_REPLACED dat=package:com.github.uiautomator.test flg=0x4000010 (has extras) } to com.google.android.apps.photos/.notificationchannels.AppUpdateBroadcastReceiver
03-20 00:51:12.400  2044  2071 W BroadcastQueue: Background execution not allowed: receiving Intent { act=android.intent.action.PACKAGE_REPLACED dat=package:com.github.uiautomator.test flg=0x4000010 (has extras) } to com.google.android.gms/.gass.chimera.PackageChangeBroadcastReceiver
03-20 00:51:12.400  2044  2071 W BroadcastQueue: Background execution not allowed: receiving Intent { act=android.intent.action.PACKAGE_REPLACED dat=package:com.github.uiautomator.test flg=0x4000010 (has extras) } to com.google.android.gms/.chimera.GmsIntentOperationService$PersistentTrustedReceiver
03-20 00:51:12.400  2044  2071 W BroadcastQueue: Background execution not allowed: receiving Intent { act=android.intent.action.PACKAGE_REPLACED dat=package:com.github.uiautomator.test flg=0x4000010 (has extras) } to com.google.android.googlequicksearchbox/com.google.android.apps.gsa.googlequicksearchbox.GelStubAppWatcher
03-20 00:51:12.400   920 13591 I Finsky  : [1291] jql.abD(20): [ContentSync] finished, scheduled=false
03-20 00:51:12.400  2044  2071 W BroadcastQueue: Background execution not allowed: receiving Intent { act=android.intent.action.PACKAGE_REPLACED dat=package:com.github.uiautomator.test flg=0x4000010 (has extras) } to com.google.android.ims/.receivers.RcsAutoStartReceiver
03-20 00:51:12.402  2044  2044 W Looper  : Drained
03-20 00:51:12.406 24279 13581 W Icing   : No valid account for uploading user actions
03-20 00:51:12.413  2044  3006 I ActivityManager: Force stopping com.github.uiautomator appid=10135 user=0: start instr
03-20 00:51:12.416 16441  1176 W ChimeraUtils: Module com.google.android.gms.nearby_en has empty metadata display_name_string_id
03-20 00:51:12.420  2453  2453 D CarrierSvcBindHelper: No carrier app for: 0
03-20 00:51:12.425  2453  2453 D CarrierConfigLoader: mHandler: 9 phoneId: 0
03-20 00:51:12.435 24279 24279 D BoundBrokerSvc: onBind: Intent { act=com.google.android.gms.common.BIND_SHARED_PREFS pkg=com.google.android.gms }
03-20 00:51:12.435 24279 24279 D BoundBrokerSvc: Loading bound service for intent: Intent { act=com.google.android.gms.common.BIND_SHARED_PREFS pkg=com.google.android.gms }
03-20 00:51:12.436  1780  1780 D Zygote  : Forked child process 13973
03-20 00:51:12.437   920  1003 E Finsky  : [962] qxc.a(16): ItemStore: getItems RPC failed.
03-20 00:51:12.437   920  1003 I Finsky  : [962] ivt.a(11): AIM: AppInfoManager-Perf > ItemModel > CacheSize=0, cacheHitCount=0, cacheMissCount=1, total appsWithNoServerDataCount=0. Missed  in cache (limit 10) : [com.github.uiautomator.test]
03-20 00:51:12.438   920  1003 I Finsky  : [962] ivw.p(3): AIM: AppInfoManager-Perf > ItemModel > ItemStore Called 1 apps cacheOptions = USE_CACHE
03-20 00:51:12.438   920  1003 I Finsky  : [962] ivt.a(80): AIM: ItemModel fetch - unauth(1), auth()
03-20 00:51:12.438   920  1003 I Finsky  : [962] qwu.apply(5): ItemStore: Not cached: com.github.uiautomator.test
03-20 00:51:12.442  2044  2072 I ActivityManager: Start proc 13973:com.github.uiautomator/u0a135 for added application com.github.uiautomator
03-20 00:51:12.444 13973 13973 W hub.uiautomato: Unexpected CPU variant for X86 using defaults: x86
03-20 00:51:12.446 13973 13973 E hub.uiautomato: Not starting debugger since process cannot load the jdwp agent.
03-20 00:51:12.448   920 13577 I Finsky  : [1281] mxn.run(2): Wrote row to frosting DB: 287
03-20 00:51:12.449 24279 24279 D BoundBrokerSvc: onUnbind: Intent { act=com.google.android.gms.common.BIND_SHARED_PREFS pkg=com.google.android.gms }
03-20 00:51:12.450 24279 13581 I Icing   : Usage reports ok 0, Failed Usage reports 0, indexed 0, rejected 0
03-20 00:51:12.453 16441  1176 W ChimeraUtils: Module com.google.android.gms.nearby_en has empty metadata display_name_string_id
03-20 00:51:12.467 24279 13581 I Icing   : Indexing com.google.android.gms-apps from com.google.android.gms
03-20 00:51:12.467 24279 13581 I Icing   : Indexing done com.google.android.gms-apps
03-20 00:51:12.473   920 13577 I Finsky  : [1281] mxn.run(2): Wrote row to frosting DB: 288
03-20 00:51:12.492  2044  2056 I system_server: Background concurrent copying GC freed 100145(5694KB) AllocSpace objects, 31(1572KB) LOS objects, 28% free, 15MB/21MB, paused 604us total 312.175ms
03-20 00:51:12.495 13973 13973 I hub.uiautomato: The ClassLoaderContext is a special shared library.
03-20 00:51:12.501   920 13577 I Finsky  : [1281] mxn.run(2): Wrote row to frosting DB: 289
03-20 00:51:12.501 13973 13973 I hub.uiautomato: The ClassLoaderContext is a special shared library.
03-20 00:51:12.501 13973 13973 I hub.uiautomato: The ClassLoaderContext is a special shared library.
03-20 00:51:12.507 24279 24299 I gle.android.gm: Background concurrent copying GC freed 33817(2115KB) AllocSpace objects, 5(164KB) LOS objects, 39% free, 9257KB/15MB, paused 3.726ms total 122.746ms
03-20 00:51:12.507 13973 13973 I hub.uiautomato: The ClassLoaderContext is a special shared library.
03-20 00:51:12.511 24279 13581 I Icing   : Indexing com.google.android.gms-apps from com.google.android.gms
03-20 00:51:12.513 24279 13581 I Icing   : Indexing done com.google.android.gms-apps
03-20 00:51:12.518   920 13577 I Finsky  : [1281] mxn.run(2): Wrote row to frosting DB: 290
03-20 00:51:12.522   920 13577 I Finsky  : [1281] mxn.run(2): Wrote row to frosting DB: 291
03-20 00:51:12.529   920 13577 I Finsky  : [1281] mxn.run(2): Wrote row to frosting DB: 292
03-20 00:51:12.535 13973 13973 W hub.uiautomato: ClassLoaderContext classpath size mismatch. expected=0, found=4 (PCL[]{PCL[/system/framework/org.apache.http.legacy.jar*1038351580]} | PCL[/system/framework/android.test.runner.jar*3312018701:/system/framework/org.apache.http.legacy.jar*1038351580:/system/framework/android.test.mock.jar*3601177991:/data/app/com.github.uiautomator.test-L_hO1A3O7-Z2oU8LTi3bKQ==/base.apk*3370359188]{PCL[/system/framework/org.apache.http.legacy.jar*1038351580]})
03-20 00:51:12.536 13973 13973 I hub.uiautomato: Failed to add image file Rejecting application image due to class loader mismatch: 'Mismatch in dex files'
03-20 00:51:12.545  1036 13576 I Finsky:background: [999] mxn.run(2): Wrote row to frosting DB: 293
03-20 00:51:12.547 13973 13973 I hub.uiautomato: The ClassLoaderContext is a special shared library.
03-20 00:51:12.548 13973 13973 I chatty  : uid=10135(com.github.uiautomator) identical 1 line
03-20 00:51:12.548 13973 13973 I hub.uiautomato: The ClassLoaderContext is a special shared library.
03-20 00:51:12.574 13973 13973 W hub.uiautomato: ClassLoaderContext classpath size mismatch. expected=0, found=4 (PCL[]{PCL[/system/framework/org.apache.http.legacy.jar*1038351580]} | PCL[/system/framework/android.test.runner.jar*3312018701:/system/framework/org.apache.http.legacy.jar*1038351580:/system/framework/android.test.mock.jar*3601177991:/data/app/com.github.uiautomator.test-L_hO1A3O7-Z2oU8LTi3bKQ==/base.apk*3370359188];PCL[/system/framework/android.test.runner.jar*3312018701:/system/framework/org.apache.http.legacy.jar*1038351580:/system/framework/android.test.mock.jar*3601177991:/data/app/com.github.uiautomator.test-L_hO1A3O7-Z2oU8LTi3bKQ==/base.apk*3370359188:/data/app/com.github.uiautomator-06eVhGbkCemWR79hoFc2cQ==/base.apk*3878188004]{PCL[/system/framework/org.apache.http.legacy.jar*1038351580]})
03-20 00:51:12.574 13973 13973 W hub.uiautomato: Found duplicate classes, falling back to extracting from APK : /data/app/com.github.uiautomator-06eVhGbkCemWR79hoFc2cQ==/base.apk
03-20 00:51:12.574 13973 13973 W hub.uiautomato: NOTE: This wastes RAM and hurts startup performance.
03-20 00:51:12.574 13973 13973 W hub.uiautomato: Found duplicated class when checking oat files: 'Landroid/arch/core/internal/FastSafeIterableMap;' in /data/app/com.github.uiautomator-06eVhGbkCemWR79hoFc2cQ==/base.apk and /data/app/com.github.uiautomator-06eVhGbkCemWR79hoFc2cQ==/base.apk
03-20 00:51:12.574 13973 13973 W hub.uiautomato: 
03-20 00:51:12.587   920  1003 E Finsky  : [962] qxc.a(16): ItemStore: getItems RPC failed.
03-20 00:51:12.587   920  1004 E Finsky  : [963] qxc.a(16): ItemStore: getItems RPC failed.
03-20 00:51:12.651 13973 13973 I MonitoringInstr: Instrumentation started on process com.github.uiautomator
03-20 00:51:12.653 13973 13973 I MonitoringInstr: Setting context classloader to 'dalvik.system.PathClassLoader[DexPathList[[zip file "/system/framework/android.test.runner.jar", zip file "/system/framework/org.apache.http.legacy.jar", zip file "/system/framework/android.test.mock.jar", zip file "/data/app/com.github.uiautomator.test-L_hO1A3O7-Z2oU8LTi3bKQ==/base.apk", zip file "/data/app/com.github.uiautomator-06eVhGbkCemWR79hoFc2cQ==/base.apk"],nativeLibraryDirectories=[/data/app/com.github.uiautomator.test-L_hO1A3O7-Z2oU8LTi3bKQ==/lib/x86, /data/app/com.github.uiautomator-06eVhGbkCemWR79hoFc2cQ==/lib/x86, /system/lib, /system/product/lib]]]', Original: 'dalvik.system.PathClassLoader[DexPathList[[zip file "/system/framework/android.test.runner.jar", zip file "/system/framework/org.apache.http.legacy.jar", zip file "/system/framework/android.test.mock.jar", zip file "/data/app/com.github.uiautomator.test-L_hO1A3O7-Z2oU8LTi3bKQ==/base.apk", zip file "/data/app/com.github.uiautomator-06eVhGbkCemWR79hoFc2cQ==/base.apk"],nativeLibraryDirectories=[/data/app/com.github.uiautomator.test-L_hO1A3O7-Z2oU8LTi3bKQ==/lib/x86, /data/app/com.github.uiautomator-06eVhGbkCemWR79hoFc2cQ==/lib/x86, /system/lib, /system/product/lib]]]'
03-20 00:51:12.655 13973 13973 I MonitoringInstr: No JSBridge.
03-20 00:51:12.657 13973 13993 I MonitoringInstr: Setting context classloader to 'dalvik.system.PathClassLoader[DexPathList[[zip file "/system/framework/android.test.runner.jar", zip file "/system/framework/org.apache.http.legacy.jar", zip file "/system/framework/android.test.mock.jar", zip file "/data/app/com.github.uiautomator.test-L_hO1A3O7-Z2oU8LTi3bKQ==/base.apk", zip file "/data/app/com.github.uiautomator-06eVhGbkCemWR79hoFc2cQ==/base.apk"],nativeLibraryDirectories=[/data/app/com.github.uiautomator.test-L_hO1A3O7-Z2oU8LTi3bKQ==/lib/x86, /data/app/com.github.uiautomator-06eVhGbkCemWR79hoFc2cQ==/lib/x86, /system/lib, /system/product/lib]]]', Original: 'dalvik.system.PathClassLoader[DexPathList[[zip file "/system/framework/android.test.runner.jar", zip file "/system/framework/org.apache.http.legacy.jar", zip file "/system/framework/android.test.mock.jar", zip file "/data/app/com.github.uiautomator.test-L_hO1A3O7-Z2oU8LTi3bKQ==/base.apk", zip file "/data/app/com.github.uiautomator-06eVhGbkCemWR79hoFc2cQ==/base.apk"],nativeLibraryDirectories=[/data/app/com.github.uiautomator.test-L_hO1A3O7-Z2oU8LTi3bKQ==/lib/x86, /data/app/com.github.uiautomator-06eVhGbkCemWR79hoFc2cQ==/lib/x86, /system/lib, /system/product/lib]]]'
03-20 00:51:12.667 13973 13993 I UsageTrackerFacilitator: Usage tracking enabled
03-20 00:51:12.671 13973 13993 I TestRequestBuilder: Scanning classpath to find tests in paths [/data/app/com.github.uiautomator.test-L_hO1A3O7-Z2oU8LTi3bKQ==/base.apk]
03-20 00:51:12.672 13973 13993 W hub.uiautomato: Opening an oat file without a class loader. Are you using the deprecated DexFile APIs?
03-20 00:51:12.771 13973 13993 E TestLoader: Could not find class: com.googlecode.jsonrpc4j.spring.AbstractCompositeJsonServiceExporter
03-20 00:51:12.772 13973 13993 E TestLoader: Could not find class: com.googlecode.jsonrpc4j.spring.AbstractJsonServiceExporter
03-20 00:51:12.772 13973 13993 E TestLoader: Could not find class: com.googlecode.jsonrpc4j.spring.AutoJsonRpcClientProxyCreator
03-20 00:51:12.772 13973 13993 E TestLoader: Could not find class: com.googlecode.jsonrpc4j.spring.AutoJsonRpcServiceExporter
03-20 00:51:12.774 13973 13993 E TestLoader: Could not find class: com.googlecode.jsonrpc4j.spring.CompositeJsonServiceExporter
03-20 00:51:12.774 13973 13993 E TestLoader: Could not find class: com.googlecode.jsonrpc4j.spring.CompositeJsonStreamServiceExporter
03-20 00:51:12.774 13973 13993 E TestLoader: Could not find class: com.googlecode.jsonrpc4j.spring.JsonProxyFactoryBean
03-20 00:51:12.774 13973 13993 E TestLoader: Could not find class: com.googlecode.jsonrpc4j.spring.JsonServiceExporter
03-20 00:51:12.774 13973 13993 E TestLoader: Could not find class: com.googlecode.jsonrpc4j.spring.JsonStreamServiceExporter
03-20 00:51:12.785 13973 13993 D TestExecutor: Adding listener android.support.test.internal.runner.listener.LogRunListener
03-20 00:51:12.787 13973 13993 D TestExecutor: Adding listener android.support.test.internal.runner.listener.InstrumentationResultPrinter
03-20 00:51:12.787 13973 13993 D TestExecutor: Adding listener android.support.test.internal.runner.listener.ActivityFinisherRunListener
03-20 00:51:12.789 13973 13993 I TestRunner: run started: 2 tests
03-20 00:51:12.791 13973 13993 I TestRunner: started: testApplicationTestCaseSetUpProperly(com.github.uiautomator.ApplicationTest)
03-20 00:51:12.793 13973 13973 I MonitoringInstr: Activities that are still in CREATED to STOPPED: 0
03-20 00:51:12.793 13973 13993 I TestRunner: finished: testApplicationTestCaseSetUpProperly(com.github.uiautomator.ApplicationTest)
03-20 00:51:12.796 13973 13973 I MonitoringInstr: Activities that are still in CREATED to STOPPED: 0
03-20 00:51:12.799 13973 13993 I TestRunner: started: testUIAutomatorStub(com.github.uiautomator.stub.Stub)
03-20 00:51:12.800 13973 13973 I MonitoringInstr: Activities that are still in CREATED to STOPPED: 0
03-20 00:51:12.855  1800  2437 E GnssHAL_GnssInterface: gnssSvStatusCb: a: input svInfo.flags is 8
03-20 00:51:12.855  1800  2437 E GnssHAL_GnssInterface: gnssSvStatusCb: b: input svInfo.flags is 8
03-20 00:51:12.883  2044  2044 V SettingsProvider: Notifying for 0: content://settings/secure/accessibility_enabled
03-20 00:51:12.892 16502 16605 I A       : Flag is_largescreen_foldable_phone is false
03-20 00:51:12.892 16502 16605 I A       : (REDACTED) Flag is_whitelisted_as_tablet is %b
03-20 00:51:12.892 16502 16605 I A       : (REDACTED) R.bool.is_tablet is %b
03-20 00:51:12.893 16502 16605 I A       : Flag is_largescreen_foldable_phone is false
03-20 00:51:12.893 15392 15427 I A11yListener: (REDACTED) #onAccessibilityStateChanged enabled: %s
03-20 00:51:12.893 16502 16605 I A       : (REDACTED) Flag is_whitelisted_as_tablet is %b
03-20 00:51:12.893 16502 16605 I A       : (REDACTED) R.bool.is_tablet is %b
03-20 00:51:12.893 15392 15452 I A11yListener: #onChange
03-20 00:51:12.899 15392 15452 E TraceManager: Duplicate trace
03-20 00:51:12.899 15392 15452 E TraceManager: com.google.apps.tiktok.tracing.w: Starting new trace A11yEventListener_onChange when already associated with a trace: . For more help, see http://go/tiktok-tracing#fixing-duplicate-trace-issues
03-20 00:51:12.899 15392 15452 E TraceManager: 	at com.google.apps.tiktok.tracing.em.f(PG:6)
03-20 00:51:12.899 15392 15452 E TraceManager: 	at com.google.apps.tiktok.tracing.em.g(PG:2)
03-20 00:51:12.899 15392 15452 E TraceManager: 	at com.google.apps.tiktok.tracing.dv.e(PG:1)
03-20 00:51:12.899 15392 15452 E TraceManager: 	at com.google.android.libraries.search.assistant.a.g.a(PG:7)
03-20 00:51:12.899 15392 15452 E TraceManager: 	at com.google.android.libraries.search.assistant.a.b.b(PG:2)
03-20 00:51:12.899 15392 15452 E TraceManager: 	at h.c.b.a.a.h(PG:4)
03-20 00:51:12.899 15392 15452 E TraceManager: 	at kotlinx.coroutines.bk.run(PG:14)
03-20 00:51:12.899 15392 15452 E TraceManager: 	at com.google.apps.tiktok.coroutines.g.run(PG:1)
03-20 00:51:12.899 15392 15452 E TraceManager: 	at com.google.android.libraries.i.x.run(PG:1)
03-20 00:51:12.899 15392 15452 E TraceManager: 	at java.util.concurrent.ThreadPoolExecutor.runWorker(ThreadPoolExecutor.java:1167)
03-20 00:51:12.899 15392 15452 E TraceManager: 	at java.util.concurrent.ThreadPoolExecutor$Worker.run(ThreadPoolExecutor.java:641)
03-20 00:51:12.899 15392 15452 E TraceManager: 	at com.google.android.libraries.i.g.run(PG:2)
03-20 00:51:12.899 15392 15452 E TraceManager: 	at java.lang.Thread.run(Thread.java:919)
03-20 00:51:12.899 15392 15452 E TraceManager: 	at com.google.android.libraries.i.ag.run(PG:5)
03-20 00:51:12.899 15392 15452 E TraceManager: 	Suppressed: com.google.apps.tiktok.tracing.fx: 
03-20 00:51:12.899 15392 15452 E TraceManager: 		at tk_trace.(Unknown Source:0)
03-20 00:51:12.899 15392 15452 E TraceManager: 		at tk_trace.Missing root trace(Unknown Source:0)
03-20 00:51:12.899 15392 15452 E TraceManager: Caused by: com.google.apps.tiktok.tracing.aa
03-20 00:51:12.899 15392 15452 I Ma-fcf-A11yChangeNotifier: #FCF: onChange
03-20 00:51:12.900 15392 15452 I Ma-fcf  : FCF A11y Checker - readyForTngMa
03-20 00:51:12.901 15392 15453 I Ma-fcf  : (REDACTED) #FCF: Continued Conversation Mode Enabled: %s
03-20 00:51:12.901 16502 16605 I A       : Flag is_largescreen_foldable_phone is false
03-20 00:51:12.901 16502 16605 I A       : (REDACTED) Flag is_whitelisted_as_tablet is %b
03-20 00:51:12.902 15392 15452 I Ma-fcf  : (REDACTED) #FCF: Headset Connected Status: %s
03-20 00:51:12.907 16502 16605 I A       : (REDACTED) R.bool.is_tablet is %b
03-20 00:51:12.907 16502 16605 I A       : Flag is_largescreen_foldable_phone is false
03-20 00:51:12.907 16502 16605 I A       : (REDACTED) Flag is_whitelisted_as_tablet is %b
03-20 00:51:12.907 16502 16605 I A       : (REDACTED) R.bool.is_tablet is %b
03-20 00:51:12.908 15392 15452 W Ma-fcf  : Unable to check for productivity accounts. Assuming there are none.
03-20 00:51:12.908 15392 15452 W Ma-fcf  : com.google.android.libraries.geller.portable.GellerException: Code: INVALID_ARGUMENT, Message: Account name is null.
03-20 00:51:12.908 15392 15452 W Ma-fcf  : 	at com.google.android.libraries.search.j.l.a(PG:6)
03-20 00:51:12.908 15392 15452 W Ma-fcf  : 	at com.google.apps.tiktok.tracing.et.a(PG:3)
03-20 00:51:12.908 15392 15452 W Ma-fcf  : 	at com.google.common.util.concurrent.bc.a(PG:1)
03-20 00:51:12.908 15392 15452 W Ma-fcf  : 	at com.google.common.util.concurrent.cw.run(PG:4)
03-20 00:51:12.908 15392 15452 W Ma-fcf  : 	at com.google.android.libraries.i.x.run(PG:1)
03-20 00:51:12.908 15392 15452 W Ma-fcf  : 	at java.util.concurrent.ThreadPoolExecutor.runWorker(ThreadPoolExecutor.java:1167)
03-20 00:51:12.908 15392 15452 W Ma-fcf  : 	at java.util.concurrent.ThreadPoolExecutor$Worker.run(ThreadPoolExecutor.java:641)
03-20 00:51:12.908 15392 15452 W Ma-fcf  : 	at com.google.android.libraries.i.g.run(PG:2)
03-20 00:51:12.908 15392 15452 W Ma-fcf  : 	at java.lang.Thread.run(Thread.java:919)
03-20 00:51:12.908 15392 15452 W Ma-fcf  : 	at com.google.android.libraries.i.ag.run(PG:5)
03-20 00:51:12.909 16502 16605 I A       : NGA disabled since it's running Panthera and at least one a11y feature is on.
03-20 00:51:12.910 16441 16441 W SystemServiceRegistry: No service published for: persistent_data_block
03-20 00:51:12.911 16502 16605 I A       : (REDACTED) Nga state changed to %s
03-20 00:51:12.911 16502 16605 I A       : Flag is_largescreen_foldable_phone is false
03-20 00:51:12.911 16502 16605 I A       : (REDACTED) Flag is_whitelisted_as_tablet is %b
03-20 00:51:12.911 16502 16605 I A       : (REDACTED) R.bool.is_tablet is %b
03-20 00:51:12.912 16502 16605 I A       : Flag is_largescreen_foldable_phone is false
03-20 00:51:12.912 16502 16605 I A       : (REDACTED) Flag is_whitelisted_as_tablet is %b
03-20 00:51:12.912 16502 16605 I A       : (REDACTED) R.bool.is_tablet is %b
03-20 00:51:12.912 16502 16605 I A       : Flag is_largescreen_foldable_phone is false
03-20 00:51:12.912 16502 16605 I A       : (REDACTED) Flag is_whitelisted_as_tablet is %b
03-20 00:51:12.912 16502 16605 I A       : (REDACTED) R.bool.is_tablet is %b
03-20 00:51:12.914 15392 15452 I A       : (REDACTED) Nga on-device enabled based on TNG:MA active state: %b
03-20 00:51:12.915 15392 16137 I TRG.VIS.Precondition: (REDACTED) APA or Classic session decision: %s.
03-20 00:51:12.915 15392 15452 I A       : (REDACTED) Nga on-device enabled based on TNG:MA active state: %b
03-20 00:51:12.915 15392 15452 I A       : Unsubscribed to apa or classic variant change.
03-20 00:51:12.915 24279 24279 D BoundBrokerSvc: onBind: Intent { act=com.google.android.gms.checkin.START pkg=com.google.android.gms }
03-20 00:51:12.915 24279 24279 D BoundBrokerSvc: Loading bound service for intent: Intent { act=com.google.android.gms.checkin.START pkg=com.google.android.gms }
03-20 00:51:12.917 16502 16603 I A       : Flag is_largescreen_foldable_phone is false
03-20 00:51:12.917 16502 16603 I A       : (REDACTED) Flag is_whitelisted_as_tablet is %b
03-20 00:51:12.917 16502 16603 I A       : (REDACTED) R.bool.is_tablet is %b
03-20 00:51:12.924 15392 15453 I Ma-fcf-tngMaStatus: (REDACTED) #FCF evaluate: %s
03-20 00:51:12.924 15392 15453 I Ma-fcf-tngMaStatus: (REDACTED) TngMaStatusChecker#evaluateInternal completed in %s millis
03-20 00:51:12.925 15392 15453 I Ma-Entry-Triggering: (REDACTED) TNG:MA status updated: %s
03-20 00:51:12.925 15392 15453 I Ma-Entry-Triggering: TNG:MA became ineligible, client should disconnect
03-20 00:51:12.926 15392 15453 I Ma-Entry-Triggering: (REDACTED) Disconnecting: %s
03-20 00:51:12.926 15392 15453 I Ma-Entry-Triggering: #unregisterBluetoothDevicesAvailabilityListener
03-20 00:51:12.926 15392 15453 I Ma-Entry-Triggering: enableBluetoothRouteIntegration disabled
03-20 00:51:12.926 15392 15453 I Ma-Entry-Triggering: #unsubscribeFromHeadsetEventsForEarcons
03-20 00:51:12.927 15392 15453 I Ma-Entry-Triggering: (REDACTED) Disconnect Reasons: %s
03-20 00:51:12.929 16502 16616 I A       : Trying to enqueue PieTriggeringWorker
03-20 00:51:12.930 15392 15453 I Ma-Entry-Triggering: Client successfully disconnected
03-20 00:51:12.930 15392 15453 I Ma-Entry-Triggering: (REDACTED) Updated TngActivationStateResult %s
03-20 00:51:12.930 15392 15453 I Ma-Entry-Triggering: Scheduling removing Phenotype experience experiments id
03-20 00:51:12.931 15392 15392 I A       : (REDACTED) eventData = %s
03-20 00:51:12.931 15392 15453 I Ma-Ctrl-Ctx: Disconnecting
03-20 00:51:12.931 15392 15453 I Ma-fcf-tngMaStatus: #invalidationSource: adding headset checker
03-20 00:51:12.932 15392 15452 I Ma-Entry-Triggering: Subscription was cancelled.
03-20 00:51:12.933 15392 15452 I A       : Logging success flow
03-20 00:51:12.933 15392 15453 I TRG.Connections: (REDACTED) Connection(%s) completed.
03-20 00:51:12.934 15392 15453 I TRG.Connections: (REDACTED) Connection(%s) removed, total(%d).
03-20 00:51:12.936 15392 15452 I TRG.RoutingOracle: (REDACTED) Client connections changed: %s.
03-20 00:51:12.936 16441 16441 D BoundBrokerSvc: onBind: Intent { act=com.google.android.gms.phenotype.service.START pkg=com.google.android.gms }
03-20 00:51:12.936 16441 16441 D BoundBrokerSvc: Loading bound service for intent: Intent { act=com.google.android.gms.phenotype.service.START pkg=com.google.android.gms }
03-20 00:51:12.937 15392 15453 I TRG.ManagedLifecycle: (REDACTED) Shutdown triggering managed lifecycle(%s)
03-20 00:51:12.937 15392 15452 I TRG.ManagedLifecycle: (REDACTED) Shutdown triggering managed lifecycle(%s)
03-20 00:51:12.938 15392 15453 I TRG.ManagedLifecycle: (REDACTED) Shutdown triggering managed lifecycle(%s)
03-20 00:51:12.939 15392 15453 I TRG.ManagedLifecycle: (REDACTED) Shutdown triggering managed lifecycle(%s)
03-20 00:51:12.940 15392 15452 I TRG.ManagedLifecycle: (REDACTED) Shutdown triggering managed lifecycle(%s)
03-20 00:51:12.941 15392 15452 I chatty  : uid=10105(com.google.android.googlequicksearchbox) Lite Thread #0 identical 1 line
03-20 00:51:12.941 15392 15452 I TRG.ManagedLifecycle: (REDACTED) Shutdown triggering managed lifecycle(%s)
03-20 00:51:12.941 15392 15453 I TRG.ManagedLifecycle: (REDACTED) Shutdown triggering managed lifecycle(%s)
03-20 00:51:12.942 15392 15452 I TRG.ManagedLifecycle: (REDACTED) Shutdown triggering managed lifecycle(%s)
03-20 00:51:12.944 15392 15453 I QuickPhrases.Manager: #QP Shutting down QPM.
03-20 00:51:12.944 15392 15453 I QuickPhrases.Manager: #QP SodaQuickPhrasesFrontend shut down successfully.
03-20 00:51:12.944 15392 15453 I QuickPhrases.Manager: #QP Closing the connection to NLU and Fulfillment service.
03-20 00:51:12.944 15392 15453 I QuickPhrases.Manager: #QP QPM shut down successfully.
03-20 00:51:12.945 16502 16616 I A       : Trying to enqueue PieTriggeringWorker
03-20 00:51:12.947 15392 15392 I A       : (REDACTED) eventData = %s
03-20 00:51:12.947 15392 15453 I TRG.RoutingOracle: (REDACTED) Invocations routing has changed from
03-20 00:51:12.947 15392 15453 I TRG.RoutingOracle: %s
03-20 00:51:12.947 15392 15453 I TRG.RoutingOracle: to
03-20 00:51:12.947 15392 15453 I TRG.RoutingOracle: %s
03-20 00:51:12.948 15392 15453 I A       : Logging success flow
03-20 00:51:12.948 15392 15453 I TRG.ClientOracle: (REDACTED) Preferred client routing has changed from
03-20 00:51:12.948 15392 15453 I TRG.ClientOracle: %s
03-20 00:51:12.948 15392 15453 I TRG.ClientOracle: to
03-20 00:51:12.948 15392 15453 I TRG.ClientOracle: %s
03-20 00:51:12.957 16502 16616 I A       : Trying to enqueue PieTriggeringWorker
03-20 00:51:12.959 15392 15392 I A       : (REDACTED) eventData = %s
03-20 00:51:13.266 16502 16603 I DynamiteModule: Considering local module com.google.android.gms.cronet_dynamite:0 and remote module com.google.android.gms.cronet_dynamite:2411
03-20 00:51:13.266 16502 16603 I DynamiteModule: Selected remote version of com.google.android.gms.cronet_dynamite, version >= 2411
03-20 00:51:13.266 16502 16603 V DynamiteModule: Dynamite loader version >= 2, using loadModule2NoCrashUtils
03-20 00:51:13.539 16502 16625 I A       : (REDACTED) is_applicable:%d
03-20 00:51:13.857  1800  2437 E GnssHAL_GnssInterface: gnssSvStatusCb: a: input svInfo.flags is 8
03-20 00:51:13.857  1800  2437 E GnssHAL_GnssInterface: gnssSvStatusCb: b: input svInfo.flags is 8
03-20 00:51:14.305  2044  2070 E memtrack: Couldn't load memtrack module
03-20 00:51:14.305  2044  2070 W android.os.Debug: failed to get memory consumption info: -1
03-20 00:51:14.861  1800  2437 E GnssHAL_GnssInterface: gnssSvStatusCb: a: input svInfo.flags is 8
03-20 00:51:14.861  1800  2437 E GnssHAL_GnssInterface: gnssSvStatusCb: b: input svInfo.flags is 8
03-20 00:51:15.864  1800  2437 E GnssHAL_GnssInterface: gnssSvStatusCb: a: input svInfo.flags is 8
03-20 00:51:15.864  1800  2437 E GnssHAL_GnssInterface: gnssSvStatusCb: b: input svInfo.flags is 8
03-20 00:51:16.094  2044  2070 E memtrack: Couldn't load memtrack module
03-20 00:51:16.095  2044  2070 W android.os.Debug: failed to get memory consumption info: -1
03-20 00:51:16.097  2044  2070 E memtrack: Couldn't load memtrack module
03-20 00:51:16.097  2044  2070 W android.os.Debug: failed to get memory consumption info: -1
03-20 00:51:16.100  2044  2070 E memtrack: Couldn't load memtrack module
03-20 00:51:16.100  2044  2070 W android.os.Debug: failed to get memory consumption info: -1
03-20 00:51:16.131 13973 14009 D UIAutomatorStub: URI: /jsonrpc/0, Method: POST, Header: {content-length=78, remote-addr=127.0.0.1, http-client-ip=127.0.0.1, host=localhost:9008, content-type=application/json, connection=close, accept-encoding=identity, user-agent=Python-urllib/3.7}, params, {NanoHttpd.QUERY_STRING=null}, files: {postData={"jsonrpc": "2.0", "method": "ping", "id": "22a9d7e2e3afdcb5f431a3b400d606aa"}}
03-20 00:51:16.245 13973 14010 D UIAutomatorStub: URI: /jsonrpc/0, Method: POST, Header: {content-length=78, remote-addr=127.0.0.1, http-client-ip=127.0.0.1, host=localhost:9008, content-type=application/json, connection=close, accept-encoding=identity, user-agent=Python-urllib/3.7}, params, {NanoHttpd.QUERY_STRING=null}, files: {postData={"jsonrpc": "2.0", "method": "ping", "id": "d9be7e8bc6dce4ae4b401d986764b7b7"}}
03-20 00:51:16.258 13973 14011 D UIAutomatorStub: URI: /jsonrpc/0, Method: POST, Header: {content-length=117, remote-addr=127.0.0.1, http-client-ip=127.0.0.1, host=localhost:9008, content-type=application/json, connection=close, accept-encoding=identity, user-agent=Python-urllib/3.7}, params, {NanoHttpd.QUERY_STRING=null}, files: {postData={"jsonrpc": "2.0", "method": "dumpWindowHierarchy", "id": "f4904f36b0fd4a62da1b7e618817de9c", "params": [true, null]}}
03-20 00:51:16.311 13973 14011 I UIAutomatorStub: Skipping invisible child: android.view.accessibility.AccessibilityNodeInfo@bc07; boundsInParent: Rect(0, 0 - 1080, 63); boundsInScreen: Rect(0, 0 - 1080, 63); packageName: com.german_software_engineers.trainerapp; className: android.view.View; text: null; error: null; maxTextLength: -1; contentDescription: null; tooltipText: null; viewIdResName: android:id/statusBarBackground; checkable: false; checked: false; focusable: false; focused: false; selected: false; clickable: false; longClickable: false; contextClickable: false; enabled: true; password: false; scrollable: false; importantForAccessibility: false; visible: false; actions: [AccessibilityAction: ACTION_SELECT - null, AccessibilityAction: ACTION_CLEAR_SELECTION - null, AccessibilityAction: ACTION_ACCESSIBILITY_FOCUS - null, AccessibilityAction: ACTION_SHOW_ON_SCREEN - null]
03-20 00:51:16.311 13973 14011 I UIAutomatorStub: Skipping invisible child: android.view.accessibility.AccessibilityNodeInfo@b846; boundsInParent: Rect(0, 0 - 1080, 126); boundsInScreen: Rect(0, 1794 - 1080, 1920); packageName: com.german_software_engineers.trainerapp; className: android.view.View; text: null; error: null; maxTextLength: -1; contentDescription: null; tooltipText: null; viewIdResName: android:id/navigationBarBackground; checkable: false; checked: false; focusable: false; focused: false; selected: false; clickable: false; longClickable: false; contextClickable: false; enabled: true; password: false; scrollable: false; importantForAccessibility: false; visible: false; actions: [AccessibilityAction: ACTION_SELECT - null, AccessibilityAction: ACTION_CLEAR_SELECTION - null, AccessibilityAction: ACTION_ACCESSIBILITY_FOCUS - null, AccessibilityAction: ACTION_SHOW_ON_SCREEN - null]
03-20 00:51:16.311 13973 14011 I UIAutomatorStub: Fetch time: 5ms
03-20 00:51:16.869  1800  2437 E GnssHAL_GnssInterface: gnssSvStatusCb: a: input svInfo.flags is 8
03-20 00:51:16.869  1800  2437 E GnssHAL_GnssInterface: gnssSvStatusCb: b: input svInfo.flags is 8
03-20 00:51:17.057 24279 24279 D BoundBrokerSvc: onUnbind: Intent { act=com.google.android.gms.safetynet.service.START pkg=com.google.android.gms }
03-20 00:51:17.235  2718  3676 E ActivityThread: Failed to find provider info for com.google.android.apps.wellbeing.api
03-20 00:51:17.870  1800  2437 E GnssHAL_GnssInterface: gnssSvStatusCb: a: input svInfo.flags is 8
03-20 00:51:17.870  1800  2437 E GnssHAL_GnssInterface: gnssSvStatusCb: b: input svInfo.flags is 8
03-20 00:51:17.880 13973 14014 D UIAutomatorStub: URI: /jsonrpc/0, Method: POST, Header: {content-length=117, remote-addr=127.0.0.1, http-client-ip=127.0.0.1, host=localhost:9008, content-type=application/json, connection=close, accept-encoding=identity, user-agent=Python-urllib/3.7}, params, {NanoHttpd.QUERY_STRING=null}, files: {postData={"jsonrpc": "2.0", "method": "dumpWindowHierarchy", "id": "2255318d23838bb3ad0e0ba433a781c1", "params": [true, null]}}
03-20 00:51:17.890 13973 14014 I UIAutomatorStub: Skipping invisible child: android.view.accessibility.AccessibilityNodeInfo@bc07; boundsInParent: Rect(0, 0 - 1080, 63); boundsInScreen: Rect(0, 0 - 1080, 63); packageName: com.german_software_engineers.trainerapp; className: android.view.View; text: null; error: null; maxTextLength: -1; contentDescription: null; tooltipText: null; viewIdResName: android:id/statusBarBackground; checkable: false; checked: false; focusable: false; focused: false; selected: false; clickable: false; longClickable: false; contextClickable: false; enabled: true; password: false; scrollable: false; importantForAccessibility: false; visible: false; actions: [AccessibilityAction: ACTION_SELECT - null, AccessibilityAction: ACTION_CLEAR_SELECTION - null, AccessibilityAction: ACTION_ACCESSIBILITY_FOCUS - null, AccessibilityAction: ACTION_SHOW_ON_SCREEN - null]
03-20 00:51:17.890 13973 14014 I UIAutomatorStub: Skipping invisible child: android.view.accessibility.AccessibilityNodeInfo@b846; boundsInParent: Rect(0, 0 - 1080, 126); boundsInScreen: Rect(0, 1794 - 1080, 1920); packageName: com.german_software_engineers.trainerapp; className: android.view.View; text: null; error: null; maxTextLength: -1; contentDescription: null; tooltipText: null; viewIdResName: android:id/navigationBarBackground; checkable: false; checked: false; focusable: false; focused: false; selected: false; clickable: false; longClickable: false; contextClickable: false; enabled: true; password: false; scrollable: false; importantForAccessibility: false; visible: false; actions: [AccessibilityAction: ACTION_SELECT - null, AccessibilityAction: ACTION_CLEAR_SELECTION - null, AccessibilityAction: ACTION_ACCESSIBILITY_FOCUS - null, AccessibilityAction: ACTION_SHOW_ON_SCREEN - null]
03-20 00:51:17.890 13973 14014 I UIAutomatorStub: Fetch time: 2ms
03-20 00:51:17.945 15392 15453 W A       : (REDACTED) %s flow cancelled.
03-20 00:51:17.945 15392 15453 W A       : kotlinx.coroutines.b.a.s: Child of the scoped flow was cancelled
03-20 00:51:17.946 15392 15453 I TRG.ClientOracle: Preferred client mapping subscription completed.
03-20 00:51:18.873  1800  2437 E GnssHAL_GnssInterface: gnssSvStatusCb: a: input svInfo.flags is 8
03-20 00:51:18.873  1800  2437 E GnssHAL_GnssInterface: gnssSvStatusCb: b: input svInfo.flags is 8
03-20 00:51:19.796 13973 14028 D UIAutomatorStub: URI: /jsonrpc/0, Method: POST, Header: {content-length=117, remote-addr=127.0.0.1, http-client-ip=127.0.0.1, host=localhost:9008, content-type=application/json, connection=close, accept-encoding=identity, user-agent=Python-urllib/3.7}, params, {NanoHttpd.QUERY_STRING=null}, files: {postData={"jsonrpc": "2.0", "method": "dumpWindowHierarchy", "id": "bc621661ba01c6942b969dcb1f8ef65f", "params": [true, null]}}
