03-20 00:53:16.829  2044  2061 W AppOps  : Noting op not finished: uid 10098 pkg com.google.android.gms code 79 time=1679287996824 duration=0
03-20 00:53:16.998 13973 14599 D UIAutomatorStub: URI: /jsonrpc/0, Method: POST, Header: {content-length=117, remote-addr=127.0.0.1, http-client-ip=127.0.0.1, host=localhost:9008, content-type=application/json, connection=close, accept-encoding=identity, user-agent=Python-urllib/3.7}, params, {NanoHttpd.QUERY_STRING=null}, files: {postData={"jsonrpc": "2.0", "method": "dumpWindowHierarchy", "id": "f515c6ef4b02d311a30f1a0e1c582778", "params": [true, null]}}
03-20 00:53:17.005 13973 14599 I UIAutomatorStub: Skipping invisible child: android.view.accessibility.AccessibilityNodeInfo@14336; boundsInParent: Rect(0, 0 - 1080, 63); boundsInScreen: Rect(0, 0 - 1080, 63); packageName: com.german_software_engineers.trainerapp; className: android.view.View; text: null; error: null; maxTextLength: -1; contentDescription: null; tooltipText: null; viewIdResName: android:id/statusBarBackground; checkable: false; checked: false; focusable: false; focused: false; selected: false; clickable: false; longClickable: false; contextClickable: false; enabled: true; password: false; scrollable: false; importantForAccessibility: false; visible: false; actions: [AccessibilityAction: ACTION_SELECT - null, AccessibilityAction: ACTION_CLEAR_SELECTION - null, AccessibilityAction: ACTION_ACCESSIBILITY_FOCUS - null, AccessibilityAction: ACTION_SHOW_ON_SCREEN - null]
03-20 00:53:17.005 13973 14599 I UIAutomatorStub: Skipping invisible child: android.view.accessibility.AccessibilityNodeInfo@13f75; boundsInParent: Rect(0, 0 - 1080, 126); boundsInScreen: Rect(0, 1794 - 1080, 1920); packageName: com.german_software_engineers.trainerapp; className: android.view.View; text: null; error: null; maxTextLength: -1; contentDescription: null; tooltipText: null; viewIdResName: android:id/navigationBarBackground; checkable: false; checked: false; focusable: false; focused: false; selected: false; clickable: false; longClickable: false; contextClickable: false; enabled: true; password: false; scrollable: false; importantForAccessibility: false; visible: false; actions: [AccessibilityAction: ACTION_SELECT - null, AccessibilityAction: ACTION_CLEAR_SELECTION - null, AccessibilityAction: ACTION_ACCESSIBILITY_FOCUS - null, AccessibilityAction: ACTION_SHOW_ON_SCREEN - null]
03-20 00:53:17.005 13973 14599 I UIAutomatorStub: Fetch time: 1ms
03-20 00:53:17.209  1800  2437 E GnssHAL_GnssInterface: gnssSvStatusCb: a: input svInfo.flags is 8
03-20 00:53:17.209  1800  2437 E GnssHAL_GnssInterface: gnssSvStatusCb: b: input svInfo.flags is 8
03-20 00:53:18.213  1800  2437 E GnssHAL_GnssInterface: gnssSvStatusCb: a: input svInfo.flags is 8
03-20 00:53:18.213  1800  2437 E GnssHAL_GnssInterface: gnssSvStatusCb: b: input svInfo.flags is 8
03-20 00:53:18.283 13973 14603 D UIAutomatorStub: URI: /jsonrpc/0, Method: POST, Header: {content-length=117, remote-addr=127.0.0.1, http-client-ip=127.0.0.1, host=localhost:9008, content-type=application/json, connection=close, accept-encoding=identity, user-agent=Python-urllib/3.7}, params, {NanoHttpd.QUERY_STRING=null}, files: {postData={"jsonrpc": "2.0", "method": "dumpWindowHierarchy", "id": "498a28e7e7761eddc946041fd7b4fda7", "params": [true, null]}}
03-20 00:53:18.287 13973 14603 I UIAutomatorStub: Skipping invisible child: android.view.accessibility.AccessibilityNodeInfo@14336; boundsInParent: Rect(0, 0 - 1080, 63); boundsInScreen: Rect(0, 0 - 1080, 63); packageName: com.german_software_engineers.trainerapp; className: android.view.View; text: null; error: null; maxTextLength: -1; contentDescription: null; tooltipText: null; viewIdResName: android:id/statusBarBackground; checkable: false; checked: false; focusable: false; focused: false; selected: false; clickable: false; longClickable: false; contextClickable: false; enabled: true; password: false; scrollable: false; importantForAccessibility: false; visible: false; actions: [AccessibilityAction: ACTION_SELECT - null, AccessibilityAction: ACTION_CLEAR_SELECTION - null, AccessibilityAction: ACTION_ACCESSIBILITY_FOCUS - null, AccessibilityAction: ACTION_SHOW_ON_SCREEN - null]
03-20 00:53:18.288 13973 14603 I UIAutomatorStub: Skipping invisible child: android.view.accessibility.AccessibilityNodeInfo@13f75; boundsInParent: Rect(0, 0 - 1080, 126); boundsInScreen: Rect(0, 1794 - 1080, 1920); packageName: com.german_software_engineers.trainerapp; className: android.view.View; text: null; error: null; maxTextLength: -1; contentDescription: null; tooltipText: null; viewIdResName: android:id/navigationBarBackground; checkable: false; checked: false; focusable: false; focused: false; selected: false; clickable: false; longClickable: false; contextClickable: false; enabled: true; password: false; scrollable: false; importantForAccessibility: false; visible: false; actions: [AccessibilityAction: ACTION_SELECT - null, AccessibilityAction: ACTION_CLEAR_SELECTION - null, AccessibilityAction: ACTION_ACCESSIBILITY_FOCUS - null, AccessibilityAction: ACTION_SHOW_ON_SCREEN - null]
03-20 00:53:18.288 13973 14603 I UIAutomatorStub: Fetch time: 2ms
03-20 00:53:19.214  1800  2437 E GnssHAL_GnssInterface: gnssSvStatusCb: a: input svInfo.flags is 8
03-20 00:53:19.214  1800  2437 E GnssHAL_GnssInterface: gnssSvStatusCb: b: input svInfo.flags is 8
03-20 00:53:19.551 13973 14609 D UIAutomatorStub: URI: /jsonrpc/0, Method: POST, Header: {content-length=117, remote-addr=127.0.0.1, http-client-ip=127.0.0.1, host=localhost:9008, content-type=application/json, connection=close, accept-encoding=identity, user-agent=Python-urllib/3.7}, params, {NanoHttpd.QUERY_STRING=null}, files: {postData={"jsonrpc": "2.0", "method": "dumpWindowHierarchy", "id": "2f0ec3feb6b4885ac6ad2d61238e73c0", "params": [true, null]}}
03-20 00:53:19.556 13973 14609 I UIAutomatorStub: Skipping invisible child: android.view.accessibility.AccessibilityNodeInfo@14336; boundsInParent: Rect(0, 0 - 1080, 63); boundsInScreen: Rect(0, 0 - 1080, 63); packageName: com.german_software_engineers.trainerapp; className: android.view.View; text: null; error: null; maxTextLength: -1; contentDescription: null; tooltipText: null; viewIdResName: android:id/statusBarBackground; checkable: false; checked: false; focusable: false; focused: false; selected: false; clickable: false; longClickable: false; contextClickable: false; enabled: true; password: false; scrollable: false; importantForAccessibility: false; visible: false; actions: [AccessibilityAction: ACTION_SELECT - null, AccessibilityAction: ACTION_CLEAR_SELECTION - null, AccessibilityAction: ACTION_ACCESSIBILITY_FOCUS - null, AccessibilityAction: ACTION_SHOW_ON_SCREEN - null]
03-20 00:53:19.556 13973 14609 I UIAutomatorStub: Skipping invisible child: android.view.accessibility.AccessibilityNodeInfo@13f75; boundsInParent: Rect(0, 0 - 1080, 126); boundsInScreen: Rect(0, 1794 - 1080, 1920); packageName: com.german_software_engineers.trainerapp; className: android.view.View; text: null; error: null; maxTextLength: -1; contentDescription: null; tooltipText: null; viewIdResName: android:id/navigationBarBackground; checkable: false; checked: false; focusable: false; focused: false; selected: false; clickable: false; longClickable: false; contextClickable: false; enabled: true; password: false; scrollable: false; importantForAccessibility: false; visible: false; actions: [AccessibilityAction: ACTION_SELECT - null, AccessibilityAction: ACTION_CLEAR_SELECTION - null, AccessibilityAction: ACTION_ACCESSIBILITY_FOCUS - null, AccessibilityAction: ACTION_SHOW_ON_SCREEN - null]
03-20 00:53:19.556 13973 14609 I UIAutomatorStub: Fetch time: 1ms
03-20 00:53:20.217  1800  2437 E GnssHAL_GnssInterface: gnssSvStatusCb: a: input svInfo.flags is 8
03-20 00:53:20.218  1800  2437 E GnssHAL_GnssInterface: gnssSvStatusCb: b: input svInfo.flags is 8
03-20 00:53:20.825 13973 14615 D UIAutomatorStub: URI: /jsonrpc/0, Method: POST, Header: {content-length=117, remote-addr=127.0.0.1, http-client-ip=127.0.0.1, host=localhost:9008, content-type=application/json, connection=close, accept-encoding=identity, user-agent=Python-urllib/3.7}, params, {NanoHttpd.QUERY_STRING=null}, files: {postData={"jsonrpc": "2.0", "method": "dumpWindowHierarchy", "id": "a377459d5d0dfafb8b6b3c2b1f286e75", "params": [true, null]}}
03-20 00:53:20.831 13973 14615 I UIAutomatorStub: Skipping invisible child: android.view.accessibility.AccessibilityNodeInfo@14336; boundsInParent: Rect(0, 0 - 1080, 63); boundsInScreen: Rect(0, 0 - 1080, 63); packageName: com.german_software_engineers.trainerapp; className: android.view.View; text: null; error: null; maxTextLength: -1; contentDescription: null; tooltipText: null; viewIdResName: android:id/statusBarBackground; checkable: false; checked: false; focusable: false; focused: false; selected: false; clickable: false; longClickable: false; contextClickable: false; enabled: true; password: false; scrollable: false; importantForAccessibility: false; visible: false; actions: [AccessibilityAction: ACTION_SELECT - null, AccessibilityAction: ACTION_CLEAR_SELECTION - null, AccessibilityAction: ACTION_ACCESSIBILITY_FOCUS - null, AccessibilityAction: ACTION_SHOW_ON_SCREEN - null]
03-20 00:53:20.831 13973 14615 I UIAutomatorStub: Skipping invisible child: android.view.accessibility.AccessibilityNodeInfo@13f75; boundsInParent: Rect(0, 0 - 1080, 126); boundsInScreen: Rect(0, 1794 - 1080, 1920); packageName: com.german_software_engineers.trainerapp; className: android.view.View; text: null; error: null; maxTextLength: -1; contentDescription: null; tooltipText: null; viewIdResName: android:id/navigationBarBackground; checkable: false; checked: false; focusable: false; focused: false; selected: false; clickable: false; longClickable: false; contextClickable: false; enabled: true; password: false; scrollable: false; importantForAccessibility: false; visible: false; actions: [AccessibilityAction: ACTION_SELECT - null, AccessibilityAction: ACTION_CLEAR_SELECTION - null, AccessibilityAction: ACTION_ACCESSIBILITY_FOCUS - null, AccessibilityAction: ACTION_SHOW_ON_SCREEN - null]
03-20 00:53:20.831 13973 14615 I UIAutomatorStub: Fetch time: 2ms
03-20 00:53:21.218  1800  2437 E GnssHAL_GnssInterface: gnssSvStatusCb: a: input svInfo.flags is 8
03-20 00:53:21.218  1800  2437 E GnssHAL_GnssInterface: gnssSvStatusCb: b: input svInfo.flags is 8
03-20 00:53:21.487  1953  1953 E netmgr  : Failed to open QEMU pipe 'qemud:network': Invalid argument
03-20 00:53:22.086  1960  1960 E wifi_forwarder: RemoteConnection failed to initialize: RemoteConnection failed to open pipe
03-20 00:53:22.101 13973 14619 D UIAutomatorStub: URI: /jsonrpc/0, Method: POST, Header: {content-length=117, remote-addr=127.0.0.1, http-client-ip=127.0.0.1, host=localhost:9008, content-type=application/json, connection=close, accept-encoding=identity, user-agent=Python-urllib/3.7}, params, {NanoHttpd.QUERY_STRING=null}, files: {postData={"jsonrpc": "2.0", "method": "dumpWindowHierarchy", "id": "8a04858d3ea9add6fe92486356a10a95", "params": [true, null]}}
03-20 00:53:22.107 13973 14619 I UIAutomatorStub: Skipping invisible child: android.view.accessibility.AccessibilityNodeInfo@14336; boundsInParent: Rect(0, 0 - 1080, 63); boundsInScreen: Rect(0, 0 - 1080, 63); packageName: com.german_software_engineers.trainerapp; className: android.view.View; text: null; error: null; maxTextLength: -1; contentDescription: null; tooltipText: null; viewIdResName: android:id/statusBarBackground; checkable: false; checked: false; focusable: false; focused: false; selected: false; clickable: false; longClickable: false; contextClickable: false; enabled: true; password: false; scrollable: false; importantForAccessibility: false; visible: false; actions: [AccessibilityAction: ACTION_SELECT - null, AccessibilityAction: ACTION_CLEAR_SELECTION - null, AccessibilityAction: ACTION_ACCESSIBILITY_FOCUS - null, AccessibilityAction: ACTION_SHOW_ON_SCREEN - null]
03-20 00:53:22.107 13973 14619 I UIAutomatorStub: Skipping invisible child: android.view.accessibility.AccessibilityNodeInfo@13f75; boundsInParent: Rect(0, 0 - 1080, 126); boundsInScreen: Rect(0, 1794 - 1080, 1920); packageName: com.german_software_engineers.trainerapp; className: android.view.View; text: null; error: null; maxTextLength: -1; contentDescription: null; tooltipText: null; viewIdResName: android:id/navigationBarBackground; checkable: false; checked: false; focusable: false; focused: false; selected: false; clickable: false; longClickable: false; contextClickable: false; enabled: true; password: false; scrollable: false; importantForAccessibility: false; visible: false; actions: [AccessibilityAction: ACTION_SELECT - null, AccessibilityAction: ACTION_CLEAR_SELECTION - null, AccessibilityAction: ACTION_ACCESSIBILITY_FOCUS - null, AccessibilityAction: ACTION_SHOW_ON_SCREEN - null]
03-20 00:53:22.107 13973 14619 I UIAutomatorStub: Fetch time: 1ms
03-20 00:53:22.220  1800  2437 E GnssHAL_GnssInterface: gnssSvStatusCb: a: input svInfo.flags is 8
03-20 00:53:22.220  1800  2437 E GnssHAL_GnssInterface: gnssSvStatusCb: b: input svInfo.flags is 8
03-20 00:53:23.224  1800  2437 E GnssHAL_GnssInterface: gnssSvStatusCb: a: input svInfo.flags is 8
03-20 00:53:23.224  1800  2437 E GnssHAL_GnssInterface: gnssSvStatusCb: b: input svInfo.flags is 8
03-20 00:53:23.361 14627 14627 D AndroidRuntime: >>>>>> START com.android.internal.os.RuntimeInit uid 2000 <<<<<<
03-20 00:53:23.356 14627 14627 W app_process: type=1400 audit(0.0:1191): avc: denied { read } for name="u:object_r:device_config_runtime_native_boot_prop:s0" dev="tmpfs" ino=874 scontext=u:r:shell:s0 tcontext=u:object_r:device_config_runtime_native_boot_prop:s0 tclass=file permissive=0
03-20 00:53:23.366 14627 14627 E libc    : Access denied finding property "persist.device_config.runtime_native_boot.enable_generational_cc"
03-20 00:53:23.448 14627 14627 D ICU     : Time zone APEX file found: /apex/com.android.tzdata/etc/icu/icu_tzdata.dat
03-20 00:53:23.452 14627 14627 W app_process: Unexpected CPU variant for X86 using defaults: x86
03-20 00:53:23.455 14627 14627 I app_process: The ClassLoaderContext is a special shared library.
03-20 00:53:23.470 14627 14627 W app_process: JNI RegisterNativeMethods: attempt to register 0 native methods for android.media.AudioAttributes
03-20 00:53:23.472 14627 14627 D AndroidRuntime: Calling main entry com.android.commands.monkey.Monkey
03-20 00:53:23.474 14627 14627 W Monkey  : args: [-p, com.german_software_engineers.trainerapp, -c, android.intent.category.LAUNCHER, 1]
03-20 00:53:23.474 14627 14627 W Monkey  :  arg: "-p"
03-20 00:53:23.475 14627 14627 W Monkey  :  arg: "com.german_software_engineers.trainerapp"
03-20 00:53:23.475 14627 14627 W Monkey  :  arg: "-c"
03-20 00:53:23.475 14627 14627 W Monkey  :  arg: "android.intent.category.LAUNCHER"
03-20 00:53:23.475 14627 14627 W Monkey  :  arg: "1"
03-20 00:53:23.475 14627 14627 W Monkey  : data="com.german_software_engineers.trainerapp"
03-20 00:53:23.475 14627 14627 W Monkey  : data="android.intent.category.LAUNCHER"
03-20 00:53:23.487  2044  2071 W BroadcastQueue: Skipping deliver [background] BroadcastRecord{8ad25b7 u-1 android.net.conn.CONNECTIVITY_CHANGE} to ReceiverList{5c10124 14627 (unknown name)/2000/u-1 remote:b1e1451}: process gone or crashing
03-20 00:53:23.498  2044  2765 I ActivityTaskManager: START u0 {act=android.intent.action.MAIN cat=[android.intent.category.LAUNCHER] flg=0x10200000 cmp=com.german_software_engineers.trainerapp/.TrainingsSchedule} from uid 2000
03-20 00:53:23.498  2044  2765 W Binder  : Outgoing transactions from this process must be FLAG_ONEWAY
03-20 00:53:23.498  2044  2765 W Binder  : java.lang.Throwable
03-20 00:53:23.498  2044  2765 W Binder  : 	at android.os.BinderProxy.transact(BinderProxy.java:480)
03-20 00:53:23.498  2044  2765 W Binder  : 	at android.app.IActivityController$Stub$Proxy.activityStarting(IActivityController.java:273)
03-20 00:53:23.498  2044  2765 W Binder  : 	at com.android.server.wm.ActivityStarter.startActivity(ActivityStarter.java:794)
03-20 00:53:23.498  2044  2765 W Binder  : 	at com.android.server.wm.ActivityStarter.startActivity(ActivityStarter.java:583)
03-20 00:53:23.498  2044  2765 W Binder  : 	at com.android.server.wm.ActivityStarter.startActivityMayWait(ActivityStarter.java:1288)
03-20 00:53:23.498  2044  2765 W Binder  : 	at com.android.server.wm.ActivityStarter.execute(ActivityStarter.java:514)
03-20 00:53:23.498  2044  2765 W Binder  : 	at com.android.server.wm.ActivityTaskManagerService.startActivityAsUser(ActivityTaskManagerService.java:1058)
03-20 00:53:23.498  2044  2765 W Binder  : 	at com.android.server.wm.ActivityTaskManagerService.startActivityAsUser(ActivityTaskManagerService.java:1032)
03-20 00:53:23.498  2044  2765 W Binder  : 	at com.android.server.am.ActivityManagerService.startActivityAsUser(ActivityManagerService.java:3504)
03-20 00:53:23.498  2044  2765 W Binder  : 	at android.app.IActivityManager$Stub.onTransact(IActivityManager.java:3537)
03-20 00:53:23.498  2044  2765 W Binder  : 	at com.android.server.am.ActivityManagerService.onTransact(ActivityManagerService.java:2741)
03-20 00:53:23.498  2044  2765 W Binder  : 	at android.os.Binder.execTransactInternal(Binder.java:1021)
03-20 00:53:23.498  2044  2765 W Binder  : 	at android.os.Binder.execTransact(Binder.java:994)
03-20 00:53:23.501 14627 14627 I Monkey  : Events injected: 1
03-20 00:53:23.503  2044  2044 V SettingsProvider: Notifying for 0: content://settings/system/accelerometer_rotation
03-20 00:53:23.507 14627 14627 I Monkey  : ## Network stats: elapsed time=9ms (0ms mobile, 0ms wifi, 9ms not connected)
03-20 00:53:23.508 14627 14627 I app_process: System.exit called, status: 0
03-20 00:53:23.508 14627 14627 I AndroidRuntime: VM exiting with result code 0.
03-20 00:53:24.228  1800  2437 E GnssHAL_GnssInterface: gnssSvStatusCb: a: input svInfo.flags is 8
03-20 00:53:24.228  1800  2437 E GnssHAL_GnssInterface: gnssSvStatusCb: b: input svInfo.flags is 8
03-20 00:53:25.231  1800  2437 E GnssHAL_GnssInterface: gnssSvStatusCb: a: input svInfo.flags is 8
03-20 00:53:25.231  1800  2437 E GnssHAL_GnssInterface: gnssSvStatusCb: b: input svInfo.flags is 8
03-20 00:53:26.236  1800  2437 E GnssHAL_GnssInterface: gnssSvStatusCb: a: input svInfo.flags is 8
03-20 00:53:26.236  1800  2437 E GnssHAL_GnssInterface: gnssSvStatusCb: b: input svInfo.flags is 8
03-20 00:53:27.240  1800  2437 E GnssHAL_GnssInterface: gnssSvStatusCb: a: input svInfo.flags is 8
03-20 00:53:27.240  1800  2437 E GnssHAL_GnssInterface: gnssSvStatusCb: b: input svInfo.flags is 8
03-20 00:53:28.240  1800  2437 E GnssHAL_GnssInterface: gnssSvStatusCb: a: input svInfo.flags is 8
03-20 00:53:28.240  1800  2437 E GnssHAL_GnssInterface: gnssSvStatusCb: b: input svInfo.flags is 8
03-20 00:53:28.555 16441 16441 D BoundBrokerSvc: onUnbind: Intent { act=com.google.android.gms.scheduler.ACTION_PROXY_SCHEDULE dat=chimera-action: cmp=com.google.android.gms/.chimera.PersistentApiService }
03-20 00:53:28.815 16441 14649 E memtrack: Couldn't load memtrack module
03-20 00:53:28.815 16441 14649 W android.os.Debug: failed to get memory consumption info: -1
03-20 00:53:29.241  1800  2437 E GnssHAL_GnssInterface: gnssSvStatusCb: a: input svInfo.flags is 8
03-20 00:53:29.241  1800  2437 E GnssHAL_GnssInterface: gnssSvStatusCb: b: input svInfo.flags is 8
03-20 00:53:30.244  1800  2437 E GnssHAL_GnssInterface: gnssSvStatusCb: a: input svInfo.flags is 8
03-20 00:53:30.244  1800  2437 E GnssHAL_GnssInterface: gnssSvStatusCb: b: input svInfo.flags is 8
03-20 00:53:31.248  1800  2437 E GnssHAL_GnssInterface: gnssSvStatusCb: a: input svInfo.flags is 8
03-20 00:53:31.248  1800  2437 E GnssHAL_GnssInterface: gnssSvStatusCb: b: input svInfo.flags is 8
03-20 00:53:32.252  1800  2437 E GnssHAL_GnssInterface: gnssSvStatusCb: a: input svInfo.flags is 8
03-20 00:53:32.252  1800  2437 E GnssHAL_GnssInterface: gnssSvStatusCb: b: input svInfo.flags is 8
03-20 00:53:33.257  1800  2437 E GnssHAL_GnssInterface: gnssSvStatusCb: a: input svInfo.flags is 8
03-20 00:53:33.257  1800  2437 E GnssHAL_GnssInterface: gnssSvStatusCb: b: input svInfo.flags is 8
03-20 00:53:34.260  1800  2437 E GnssHAL_GnssInterface: gnssSvStatusCb: a: input svInfo.flags is 8
03-20 00:53:34.260  1800  2437 E GnssHAL_GnssInterface: gnssSvStatusCb: b: input svInfo.flags is 8
03-20 00:53:35.263  1800  2437 E GnssHAL_GnssInterface: gnssSvStatusCb: a: input svInfo.flags is 8
03-20 00:53:35.263  1800  2437 E GnssHAL_GnssInterface: gnssSvStatusCb: b: input svInfo.flags is 8
03-20 00:53:36.263  1800  2437 E GnssHAL_GnssInterface: gnssSvStatusCb: a: input svInfo.flags is 8
03-20 00:53:36.263  1800  2437 E GnssHAL_GnssInterface: gnssSvStatusCb: b: input svInfo.flags is 8
03-20 00:53:37.264  1800  2437 E GnssHAL_GnssInterface: gnssSvStatusCb: a: input svInfo.flags is 8
03-20 00:53:37.264  1800  2437 E GnssHAL_GnssInterface: gnssSvStatusCb: b: input svInfo.flags is 8
03-20 00:53:38.269  1800  2437 E GnssHAL_GnssInterface: gnssSvStatusCb: a: input svInfo.flags is 8
03-20 00:53:38.269  1800  2437 E GnssHAL_GnssInterface: gnssSvStatusCb: b: input svInfo.flags is 8
03-20 00:53:38.742 13973 14661 D UIAutomatorStub: URI: /jsonrpc/0, Method: POST, Header: {content-length=117, remote-addr=127.0.0.1, http-client-ip=127.0.0.1, host=localhost:9008, content-type=application/json, connection=close, accept-encoding=identity, user-agent=Python-urllib/3.7}, params, {NanoHttpd.QUERY_STRING=null}, files: {postData={"jsonrpc": "2.0", "method": "dumpWindowHierarchy", "id": "39f9b805633c9a6e3aa1559c6023ad5a", "params": [true, null]}}
03-20 00:53:38.748 13973 14661 I UIAutomatorStub: Skipping invisible child: android.view.accessibility.AccessibilityNodeInfo@14336; boundsInParent: Rect(0, 0 - 1080, 63); boundsInScreen: Rect(0, 0 - 1080, 63); packageName: com.german_software_engineers.trainerapp; className: android.view.View; text: null; error: null; maxTextLength: -1; contentDescription: null; tooltipText: null; viewIdResName: android:id/statusBarBackground; checkable: false; checked: false; focusable: false; focused: false; selected: false; clickable: false; longClickable: false; contextClickable: false; enabled: true; password: false; scrollable: false; importantForAccessibility: false; visible: false; actions: [AccessibilityAction: ACTION_SELECT - null, AccessibilityAction: ACTION_CLEAR_SELECTION - null, AccessibilityAction: ACTION_ACCESSIBILITY_FOCUS - null, AccessibilityAction: ACTION_SHOW_ON_SCREEN - null]
03-20 00:53:38.748 13973 14661 I UIAutomatorStub: Skipping invisible child: android.view.accessibility.AccessibilityNodeInfo@13f75; boundsInParent: Rect(0, 0 - 1080, 126); boundsInScreen: Rect(0, 1794 - 1080, 1920); packageName: com.german_software_engineers.trainerapp; className: android.view.View; text: null; error: null; maxTextLength: -1; contentDescription: null; tooltipText: null; viewIdResName: android:id/navigationBarBackground; checkable: false; checked: false; focusable: false; focused: false; selected: false; clickable: false; longClickable: false; contextClickable: false; enabled: true; password: false; scrollable: false; importantForAccessibility: false; visible: false; actions: [AccessibilityAction: ACTION_SELECT - null, AccessibilityAction: ACTION_CLEAR_SELECTION - null, AccessibilityAction: ACTION_ACCESSIBILITY_FOCUS - null, AccessibilityAction: ACTION_SHOW_ON_SCREEN - null]
03-20 00:53:38.749 13973 14661 I UIAutomatorStub: Fetch time: 2ms
03-20 00:53:39.271  1800  2437 E GnssHAL_GnssInterface: gnssSvStatusCb: a: input svInfo.flags is 8
03-20 00:53:39.272  1800  2437 E GnssHAL_GnssInterface: gnssSvStatusCb: b: input svInfo.flags is 8
03-20 00:53:39.886 14664 14664 W app_process: type=1400 audit(0.0:1194): avc: denied { read } for name="u:object_r:device_config_runtime_native_boot_prop:s0" dev="tmpfs" ino=874 scontext=u:r:shell:s0 tcontext=u:object_r:device_config_runtime_native_boot_prop:s0 tclass=file permissive=0
03-20 00:53:39.896 14664 14664 W app_process: type=1400 audit(0.0:1195): avc: denied { read } for name="u:object_r:device_config_runtime_native_boot_prop:s0" dev="tmpfs" ino=874 scontext=u:r:shell:s0 tcontext=u:object_r:device_config_runtime_native_boot_prop:s0 tclass=file permissive=0
03-20 00:53:39.901 14664 14664 D AndroidRuntime: >>>>>> START com.android.internal.os.RuntimeInit uid 2000 <<<<<<
03-20 00:53:39.902 14664 14664 E libc    : Access denied finding property "persist.device_config.runtime_native_boot.enable_apex_image"
03-20 00:53:39.902 14664 14664 I AndroidRuntime: Using default boot image
03-20 00:53:39.902 14664 14664 E libc    : Access denied finding property "persist.device_config.runtime_native_boot.disable_lock_profiling"
03-20 00:53:39.902 14664 14664 I AndroidRuntime: Leaving lock profiling enabled
03-20 00:53:39.903 14664 14664 E libc    : Access denied finding property "persist.device_config.runtime_native_boot.enable_generational_cc"
03-20 00:53:39.896 14664 14664 W app_process: type=1400 audit(0.0:1196): avc: denied { read } for name="u:object_r:device_config_runtime_native_boot_prop:s0" dev="tmpfs" ino=874 scontext=u:r:shell:s0 tcontext=u:object_r:device_config_runtime_native_boot_prop:s0 tclass=file permissive=0
03-20 00:53:39.951 14664 14664 D ICU     : Time zone APEX file found: /apex/com.android.tzdata/etc/icu/icu_tzdata.dat
03-20 00:53:39.954 14664 14664 W app_process: Unexpected CPU variant for X86 using defaults: x86
03-20 00:53:39.957 14664 14664 I app_process: The ClassLoaderContext is a special shared library.
03-20 00:53:39.971 14664 14664 W app_process: JNI RegisterNativeMethods: attempt to register 0 native methods for android.media.AudioAttributes
03-20 00:53:39.974 14664 14664 D AndroidRuntime: Calling main entry com.android.commands.input.Input
03-20 00:53:39.986 14664 14664 D AndroidRuntime: Shutting down VM
03-20 00:53:40.006 13677 13707 D EGL_emulation: eglMakeCurrent: 0xe0e1a2a0: ver 3 0 (tinfo 0xe0e0f200)
03-20 00:53:40.023 13677 13677 W eers.trainerap: Accessing hidden method Landroid/widget/PopupWindow;->setClipToScreenEnabled(Z)V (greylist, reflection, allowed)
03-20 00:53:40.040  1787  7550 W audio_hw_generic: Not supplying enough data to HAL, expected position 30888550 , only wrote 30888530
03-20 00:53:40.107  1787  7550 W audio_hw_generic: Not supplying enough data to HAL, expected position 30891456 , only wrote 30891174
03-20 00:53:40.109  1787  7550 W audio_hw_generic: Hardware backing HAL too slow, could only write 0 of 661 frames
03-20 00:53:40.124  1787  7550 W audio_hw_generic: Hardware backing HAL too slow, could only write 0 of 661 frames
03-20 00:53:40.128 13677 13677 W eers.trainerap: Accessing hidden field Landroid/widget/AbsListView;->mIsChildViewEnabled:Z (greylist, reflection, allowed)
03-20 00:53:40.157  1825  1971 D AudioFlinger: mixer(0xee19fb40) throttle end: throttle time(8)
03-20 00:53:40.159  1801  1822 D gralloc_ranchu: gralloc_alloc: Creating ashmem region of size 806912
03-20 00:53:40.161  1801  1801 D gralloc_ranchu: gralloc_alloc: Creating ashmem region of size 806912
03-20 00:53:40.161  1801  1822 D gralloc_ranchu: gralloc_alloc: Creating ashmem region of size 806912
03-20 00:53:40.198 13677 13707 D EGL_emulation: eglMakeCurrent: 0xe0e1a2a0: ver 3 0 (tinfo 0xe0e0f200)
03-20 00:53:40.233 13677 13707 I chatty  : uid=10151(com.german_software_engineers.trainerapp) RenderThread identical 3 lines
03-20 00:53:40.255 13677 13707 D EGL_emulation: eglMakeCurrent: 0xe0e1a2a0: ver 3 0 (tinfo 0xe0e0f200)
03-20 00:53:40.274  1800  2437 E GnssHAL_GnssInterface: gnssSvStatusCb: a: input svInfo.flags is 8
03-20 00:53:40.274  1800  2437 E GnssHAL_GnssInterface: gnssSvStatusCb: b: input svInfo.flags is 8
03-20 00:53:40.296 13677 13707 D EGL_emulation: eglMakeCurrent: 0xe0e1a2a0: ver 3 0 (tinfo 0xe0e0f200)
03-20 00:53:40.414 13677 13707 I chatty  : uid=10151(com.german_software_engineers.trainerapp) RenderThread identical 6 lines
03-20 00:53:40.416 13677 13707 D EGL_emulation: eglMakeCurrent: 0xe0e1a2a0: ver 3 0 (tinfo 0xe0e0f200)
03-20 00:53:41.274  1800  2437 E GnssHAL_GnssInterface: gnssSvStatusCb: a: input svInfo.flags is 8
03-20 00:53:41.275  1800  2437 E GnssHAL_GnssInterface: gnssSvStatusCb: b: input svInfo.flags is 8
03-20 00:53:42.279  1800  2437 E GnssHAL_GnssInterface: gnssSvStatusCb: a: input svInfo.flags is 8
03-20 00:53:42.279  1800  2437 E GnssHAL_GnssInterface: gnssSvStatusCb: b: input svInfo.flags is 8
03-20 00:53:43.212  1787  1978 W audio_hw_generic: Not supplying enough data to HAL, expected position 31163188 , only wrote 31028001
03-20 00:53:43.280  1800  2437 E GnssHAL_GnssInterface: gnssSvStatusCb: a: input svInfo.flags is 8
03-20 00:53:43.280  1800  2437 E GnssHAL_GnssInterface: gnssSvStatusCb: b: input svInfo.flags is 8
03-20 00:53:43.500  2044  2070 E memtrack: Couldn't load memtrack module
03-20 00:53:43.500  2044  2070 W android.os.Debug: failed to get memory consumption info: -1
03-20 00:53:43.524 14476 14689 I GmscoreIpa: Starting mediastore instant index [CONTEXT service_id=255 ]
03-20 00:53:43.592 14476 14513 W gle.android.gm: Accessing hidden method Landroid/os/WorkSource;->isEmpty()Z (greylist-max-o, reflection, denied)
03-20 00:53:43.617 14476 14506 I Icing   : Storage manager: low false usage 1.61MB avail 4.83GB capacity 5.81GB
03-20 00:53:43.667 14476 14506 W native  : W0000 00:00:1679288023.666776   14506 model-utils.cc:16] No CRC32, most likely an old model; skip CRC32 check
03-20 00:53:43.669 14476 14506 I native  : I0000 00:00:1679288023.669082   14506 permission-checker.cc:81] Creating PermissionChecker based on ACL with config_version 1 having 10 permissions defined.
03-20 00:53:43.670 14476 14506 W native  : W0000 00:00:1679288023.670230   14506 words-map.cc:36] INVALID_ARGUMENT: Empty URI
03-20 00:53:43.670 14476 14506 W native  : W0000 00:00:1679288023.670286   14506 words-map.cc:40] WordsMap was not properly initialized
03-20 00:53:43.699 16441 16441 D BoundBrokerSvc: onBind: Intent { act=com.google.android.gms.icing.LIGHTWEIGHT_INDEX_SERVICE dat=chimera-action: cmp=com.google.android.gms/.chimera.PersistentApiService }
03-20 00:53:43.699 16441 16441 D BoundBrokerSvc: Loading bound service for intent: Intent { act=com.google.android.gms.icing.LIGHTWEIGHT_INDEX_SERVICE dat=chimera-action: cmp=com.google.android.gms/.chimera.PersistentApiService }
03-20 00:53:43.726 14476 14476 D BoundBrokerSvc: onBind: Intent { act=com.google.android.gms.feedback.internal.IFeedbackService dat=chimera-action: cmp=com.google.android.gms/.chimera.GmsBoundBrokerService }
03-20 00:53:43.726 14476 14476 D BoundBrokerSvc: Loading bound service for intent: Intent { act=com.google.android.gms.feedback.internal.IFeedbackService dat=chimera-action: cmp=com.google.android.gms/.chimera.GmsBoundBrokerService }
03-20 00:53:43.753 14476 14698 I Icing   : IndexChimeraService.getServiceInterface callingPackage=com.google.android.gms componentName=null serviceId=30
03-20 00:53:43.760 14476 14700 I Icing   : IndexChimeraService.getServiceInterface callingPackage=com.google.android.gms componentName=ContactsIndexer serviceId=33
03-20 00:53:43.804 14476 14506 I DynamiteModule: Considering local module com.google.android.gms.googlecertificates:7 and remote module com.google.android.gms.googlecertificates:7
03-20 00:53:43.804 14476 14506 I DynamiteModule: Selected local version of com.google.android.gms.googlecertificates
03-20 00:53:43.826 14476 14506 W Icing   : Package com.google.android.googlequicksearchbox targets Android P and isn't allowed to use AppDataSearch indexing API
03-20 00:53:43.844 14476 14506 W Icing   : Package com.google.android.gm targets Android P and isn't allowed to use AppDataSearch indexing API
03-20 00:53:43.858 14476 14506 I Icing   : updateResources: need to parse aqsx{com.google.android.gms}
03-20 00:53:43.974 14476 14506 I Icing   : Internal init done: storage state 0
03-20 00:53:43.980 14476 14506 I Icing   : Post-init done
03-20 00:53:43.992 14476 14692 I Icing   : IndexChimeraService.getServiceInterface callingPackage=com.google.android.gms componentName=AppsCorpus serviceId=36
03-20 00:53:43.992 14476 14698 I Icing   : IndexChimeraService.getServiceInterface callingPackage=com.google.android.gms componentName=AppsCorpus serviceId=32
03-20 00:53:43.998 14476 14506 W Icing   : No valid account for uploading user actions
03-20 00:53:44.010 14476 14698 I Icing   : IndexChimeraService.getServiceInterface callingPackage=com.google.android.gms componentName=null serviceId=36
03-20 00:53:44.017 14476 14506 I Icing   : Using regular flags by method 2
03-20 00:53:44.027 14476 14506 I Icing   : Usage reports ok 1, Failed Usage reports 0, indexed 0, rejected 0
03-20 00:53:44.032 14476 14506 W Icing   : No valid account for uploading user actions
03-20 00:53:44.037 14476 14506 I Icing   : Usage reports ok 0, Failed Usage reports 0, indexed 0, rejected 0
03-20 00:53:44.040 14476 14506 W Icing   : No valid account for uploading user actions
03-20 00:53:44.044 14476 14506 I Icing   : Usage reports ok 0, Failed Usage reports 0, indexed 0, rejected 0
03-20 00:53:44.046 14476 14506 W Icing   : No valid account for uploading user actions
03-20 00:53:44.054 14476 14506 I Icing   : Usage reports ok 0, Failed Usage reports 0, indexed 0, rejected 0
03-20 00:53:44.056 14476 14506 W Icing   : No valid account for uploading user actions
03-20 00:53:44.062 14476 14506 I Icing   : Usage reports ok 0, Failed Usage reports 0, indexed 0, rejected 0
03-20 00:53:44.080 14714 14714 D AndroidRuntime: >>>>>> START com.android.internal.os.RuntimeInit uid 2000 <<<<<<
03-20 00:53:44.066 14714 14714 W app_process: type=1400 audit(0.0:1197): avc: denied { read } for name="u:object_r:device_config_runtime_native_boot_prop:s0" dev="tmpfs" ino=874 scontext=u:r:shell:s0 tcontext=u:object_r:device_config_runtime_native_boot_prop:s0 tclass=file permissive=0
03-20 00:53:44.066 14714 14714 I chatty  : uid=2000(shell) app_process identical 1 line
03-20 00:53:44.066 14714 14714 W app_process: type=1400 audit(0.0:1199): avc: denied { read } for name="u:object_r:device_config_runtime_native_boot_prop:s0" dev="tmpfs" ino=874 scontext=u:r:shell:s0 tcontext=u:object_r:device_config_runtime_native_boot_prop:s0 tclass=file permissive=0
03-20 00:53:44.082 14714 14714 E libc    : Access denied finding property "persist.device_config.runtime_native_boot.enable_apex_image"
03-20 00:53:44.082 14714 14714 I AndroidRuntime: Using default boot image
03-20 00:53:44.082 14714 14714 E libc    : Access denied finding property "persist.device_config.runtime_native_boot.disable_lock_profiling"
03-20 00:53:44.082 14714 14714 I AndroidRuntime: Leaving lock profiling enabled
03-20 00:53:44.082 14714 14714 E libc    : Access denied finding property "persist.device_config.runtime_native_boot.enable_generational_cc"
03-20 00:53:44.136 14714 14714 D ICU     : Time zone APEX file found: /apex/com.android.tzdata/etc/icu/icu_tzdata.dat
03-20 00:53:44.139 14714 14714 W app_process: Unexpected CPU variant for X86 using defaults: x86
03-20 00:53:44.141 14714 14714 I app_process: The ClassLoaderContext is a special shared library.
03-20 00:53:44.155 14714 14714 W app_process: JNI RegisterNativeMethods: attempt to register 0 native methods for android.media.AudioAttributes
03-20 00:53:44.157 14714 14714 D AndroidRuntime: Calling main entry com.android.commands.monkey.Monkey
03-20 00:53:44.158 14714 14714 W Monkey  : args: [-p, com.german_software_engineers.trainerapp, -c, android.intent.category.LAUNCHER, 1]
03-20 00:53:44.159 14714 14714 W Monkey  :  arg: "-p"
03-20 00:53:44.159 14714 14714 W Monkey  :  arg: "com.german_software_engineers.trainerapp"
03-20 00:53:44.159 14714 14714 W Monkey  :  arg: "-c"
03-20 00:53:44.159 14714 14714 W Monkey  :  arg: "android.intent.category.LAUNCHER"
03-20 00:53:44.159 14714 14714 W Monkey  :  arg: "1"
03-20 00:53:44.159 14714 14714 W Monkey  : data="com.german_software_engineers.trainerapp"
03-20 00:53:44.159 14714 14714 W Monkey  : data="android.intent.category.LAUNCHER"
03-20 00:53:23.506  2044  2044 V SettingsProvider: Notifying for 0: content://settings/system/accelerometer_rotation
03-20 00:53:44.172  2044  2071 W BroadcastQueue: Skipping deliver [background] BroadcastRecord{19cae u-1 android.net.conn.CONNECTIVITY_CHANGE} to ReceiverList{b00ea4f 14714 (unknown name)/2000/u-1 remote:f28aeb0}: process gone or crashing
03-20 00:53:44.187  2044  2765 I ActivityTaskManager: START u0 {act=android.intent.action.MAIN cat=[android.intent.category.LAUNCHER] flg=0x10200000 cmp=com.german_software_engineers.trainerapp/.TrainingsSchedule} from uid 2000
03-20 00:53:44.187  2044  2765 W Binder  : Outgoing transactions from this process must be FLAG_ONEWAY
03-20 00:53:44.187  2044  2765 W Binder  : java.lang.Throwable
03-20 00:53:44.187  2044  2765 W Binder  : 	at android.os.BinderProxy.transact(BinderProxy.java:480)
03-20 00:53:44.187  2044  2765 W Binder  : 	at android.app.IActivityController$Stub$Proxy.activityStarting(IActivityController.java:273)
03-20 00:53:44.187  2044  2765 W Binder  : 	at com.android.server.wm.ActivityStarter.startActivity(ActivityStarter.java:794)
03-20 00:53:44.187  2044  2765 W Binder  : 	at com.android.server.wm.ActivityStarter.startActivity(ActivityStarter.java:583)
03-20 00:53:44.187  2044  2765 W Binder  : 	at com.android.server.wm.ActivityStarter.startActivityMayWait(ActivityStarter.java:1288)
03-20 00:53:44.187  2044  2765 W Binder  : 	at com.android.server.wm.ActivityStarter.execute(ActivityStarter.java:514)
03-20 00:53:44.187  2044  2765 W Binder  : 	at com.android.server.wm.ActivityTaskManagerService.startActivityAsUser(ActivityTaskManagerService.java:1058)
03-20 00:53:44.187  2044  2765 W Binder  : 	at com.android.server.wm.ActivityTaskManagerService.startActivityAsUser(ActivityTaskManagerService.java:1032)
03-20 00:53:44.187  2044  2765 W Binder  : 	at com.android.server.am.ActivityManagerService.startActivityAsUser(ActivityManagerService.java:3504)
03-20 00:53:44.187  2044  2765 W Binder  : 	at android.app.IActivityManager$Stub.onTransact(IActivityManager.java:3537)
03-20 00:53:44.187  2044  2765 W Binder  : 	at com.android.server.am.ActivityManagerService.onTransact(ActivityManagerService.java:2741)
03-20 00:53:44.187  2044  2765 W Binder  : 	at android.os.Binder.execTransactInternal(Binder.java:1021)
03-20 00:53:44.187  2044  2765 W Binder  : 	at android.os.Binder.execTransact(Binder.java:994)
03-20 00:53:44.189 14714 14714 I Monkey  : Events injected: 1
03-20 00:53:44.190  2044  2044 V SettingsProvider: Notifying for 0: content://settings/system/accelerometer_rotation
03-20 00:53:44.194  2044  2065 W InputReader: Device has associated, but no associated display id.
03-20 00:53:44.194  2044  2065 I chatty  : uid=1000(system) android.display identical 8 lines
03-20 00:53:44.194  2044  2065 W InputReader: Device has associated, but no associated display id.
03-20 00:53:44.196 14714 14714 I Monkey  : ## Network stats: elapsed time=7ms (0ms mobile, 0ms wifi, 7ms not connected)
03-20 00:53:44.199 14714 14714 I app_process: System.exit called, status: 0
03-20 00:53:44.199 14714 14714 I AndroidRuntime: VM exiting with result code 0.
03-20 00:53:44.199  2044  2065 W InputReader: Device has associated, but no associated display id.
03-20 00:53:44.199  2044  2065 I chatty  : uid=1000(system) android.display identical 8 lines
03-20 00:53:44.199  2044  2065 W InputReader: Device has associated, but no associated display id.
03-20 00:53:44.281  1800  2437 E GnssHAL_GnssInterface: gnssSvStatusCb: a: input svInfo.flags is 8
03-20 00:53:44.281  1800  2437 E GnssHAL_GnssInterface: gnssSvStatusCb: b: input svInfo.flags is 8
03-20 00:53:45.281  1800  2437 E GnssHAL_GnssInterface: gnssSvStatusCb: a: input svInfo.flags is 8
03-20 00:53:45.281  1800  2437 E GnssHAL_GnssInterface: gnssSvStatusCb: b: input svInfo.flags is 8
03-20 00:53:46.281  1800  2437 E GnssHAL_GnssInterface: gnssSvStatusCb: a: input svInfo.flags is 8
03-20 00:53:46.281  1800  2437 E GnssHAL_GnssInterface: gnssSvStatusCb: b: input svInfo.flags is 8
03-20 00:53:47.284  1800  2437 E GnssHAL_GnssInterface: gnssSvStatusCb: a: input svInfo.flags is 8
03-20 00:53:47.284  1800  2437 E GnssHAL_GnssInterface: gnssSvStatusCb: b: input svInfo.flags is 8
03-20 00:53:48.287  1800  2437 E GnssHAL_GnssInterface: gnssSvStatusCb: a: input svInfo.flags is 8
03-20 00:53:48.287  1800  2437 E GnssHAL_GnssInterface: gnssSvStatusCb: b: input svInfo.flags is 8
03-20 00:53:49.290  1800  2437 E GnssHAL_GnssInterface: gnssSvStatusCb: a: input svInfo.flags is 8
03-20 00:53:49.290  1800  2437 E GnssHAL_GnssInterface: gnssSvStatusCb: b: input svInfo.flags is 8
03-20 00:53:50.296  1800  2437 E GnssHAL_GnssInterface: gnssSvStatusCb: a: input svInfo.flags is 8
03-20 00:53:50.296  1800  2437 E GnssHAL_GnssInterface: gnssSvStatusCb: b: input svInfo.flags is 8
03-20 00:53:51.073  2044  2070 E memtrack: Couldn't load memtrack module
03-20 00:53:51.073  2044  2070 W android.os.Debug: failed to get memory consumption info: -1
03-20 00:53:51.298  1800  2437 E GnssHAL_GnssInterface: gnssSvStatusCb: a: input svInfo.flags is 8
03-20 00:53:51.298  1800  2437 E GnssHAL_GnssInterface: gnssSvStatusCb: b: input svInfo.flags is 8
03-20 00:53:52.303  1800  2437 E GnssHAL_GnssInterface: gnssSvStatusCb: a: input svInfo.flags is 8
03-20 00:53:52.303  1800  2437 E GnssHAL_GnssInterface: gnssSvStatusCb: b: input svInfo.flags is 8
03-20 00:53:53.303  1800  2437 E GnssHAL_GnssInterface: gnssSvStatusCb: a: input svInfo.flags is 8
03-20 00:53:53.303  1800  2437 E GnssHAL_GnssInterface: gnssSvStatusCb: b: input svInfo.flags is 8
03-20 00:53:54.307  1800  2437 E GnssHAL_GnssInterface: gnssSvStatusCb: a: input svInfo.flags is 8
03-20 00:53:54.308  1800  2437 E GnssHAL_GnssInterface: gnssSvStatusCb: b: input svInfo.flags is 8
03-20 00:53:54.875 16441 16441 D BoundBrokerSvc: onBind: Intent { act=com.google.android.gms.scheduler.ACTION_PROXY_SCHEDULE dat=chimera-action: cmp=com.google.android.gms/.chimera.PersistentApiService }
03-20 00:53:54.875 16441 16441 D BoundBrokerSvc: Loading bound service for intent: Intent { act=com.google.android.gms.scheduler.ACTION_PROXY_SCHEDULE dat=chimera-action: cmp=com.google.android.gms/.chimera.PersistentApiService }
03-20 00:53:55.311  1800  2437 E GnssHAL_GnssInterface: gnssSvStatusCb: a: input svInfo.flags is 8
03-20 00:53:55.311  1800  2437 E GnssHAL_GnssInterface: gnssSvStatusCb: b: input svInfo.flags is 8
03-20 00:53:56.313  1800  2437 E GnssHAL_GnssInterface: gnssSvStatusCb: a: input svInfo.flags is 8
03-20 00:53:56.313  1800  2437 E GnssHAL_GnssInterface: gnssSvStatusCb: b: input svInfo.flags is 8
03-20 00:53:57.313  1800  2437 E GnssHAL_GnssInterface: gnssSvStatusCb: a: input svInfo.flags is 8
03-20 00:53:57.313  1800  2437 E GnssHAL_GnssInterface: gnssSvStatusCb: b: input svInfo.flags is 8
03-20 00:53:58.314  1800  2437 E GnssHAL_GnssInterface: gnssSvStatusCb: a: input svInfo.flags is 8
03-20 00:53:58.314  1800  2437 E GnssHAL_GnssInterface: gnssSvStatusCb: b: input svInfo.flags is 8
03-20 00:53:59.000 14476 14476 D BoundBrokerSvc: onUnbind: Intent { act=com.google.android.gms.feedback.internal.IFeedbackService dat=chimera-action: cmp=com.google.android.gms/.chimera.GmsBoundBrokerService }
03-20 00:53:59.109 16441 16441 D BoundBrokerSvc: onUnbind: Intent { act=com.google.android.gms.icing.LIGHTWEIGHT_INDEX_SERVICE dat=chimera-action: cmp=com.google.android.gms/.chimera.PersistentApiService }
03-20 00:53:59.319  1800  2437 E GnssHAL_GnssInterface: gnssSvStatusCb: a: input svInfo.flags is 8
03-20 00:53:59.319  1800  2437 E GnssHAL_GnssInterface: gnssSvStatusCb: b: input svInfo.flags is 8
03-20 00:54:00.320  1800  2437 E GnssHAL_GnssInterface: gnssSvStatusCb: a: input svInfo.flags is 8
03-20 00:54:00.320  1800  2437 E GnssHAL_GnssInterface: gnssSvStatusCb: b: input svInfo.flags is 8
03-20 00:54:00.372 13973 14747 D UIAutomatorStub: URI: /jsonrpc/0, Method: POST, Header: {content-length=117, remote-addr=127.0.0.1, http-client-ip=127.0.0.1, host=localhost:9008, content-type=application/json, connection=close, accept-encoding=identity, user-agent=Python-urllib/3.7}, params, {NanoHttpd.QUERY_STRING=null}, files: {postData={"jsonrpc": "2.0", "method": "dumpWindowHierarchy", "id": "13063da5a1349974e4ab3449350f675d", "params": [true, null]}}
03-20 00:54:00.618 13973 14747 I UIAutomatorStub: Fetch time: 1ms
03-20 00:54:01.320  1800  2437 E GnssHAL_GnssInterface: gnssSvStatusCb: a: input svInfo.flags is 8
03-20 00:54:01.320  1800  2437 E GnssHAL_GnssInterface: gnssSvStatusCb: b: input svInfo.flags is 8
03-20 00:54:02.325  1800  2437 E GnssHAL_GnssInterface: gnssSvStatusCb: a: input svInfo.flags is 8
03-20 00:54:02.325  1800  2437 E GnssHAL_GnssInterface: gnssSvStatusCb: b: input svInfo.flags is 8
03-20 00:54:02.604 13973 14761 D UIAutomatorStub: URI: /jsonrpc/0, Method: POST, Header: {content-length=117, remote-addr=127.0.0.1, http-client-ip=127.0.0.1, host=localhost:9008, content-type=application/json, connection=close, accept-encoding=identity, user-agent=Python-urllib/3.7}, params, {NanoHttpd.QUERY_STRING=null}, files: {postData={"jsonrpc": "2.0", "method": "dumpWindowHierarchy", "id": "add8d457b205bcf3ac63afc17b50e2e8", "params": [true, null]}}
03-20 00:54:02.608 13973 14761 I UIAutomatorStub: Fetch time: 1ms
03-20 00:54:03.330  1800  2437 E GnssHAL_GnssInterface: gnssSvStatusCb: a: input svInfo.flags is 8
03-20 00:54:03.330  1800  2437 E GnssHAL_GnssInterface: gnssSvStatusCb: b: input svInfo.flags is 8
03-20 00:54:03.827 13973 14764 D UIAutomatorStub: URI: /jsonrpc/0, Method: POST, Header: {content-length=117, remote-addr=127.0.0.1, http-client-ip=127.0.0.1, host=localhost:9008, content-type=application/json, connection=close, accept-encoding=identity, user-agent=Python-urllib/3.7}, params, {NanoHttpd.QUERY_STRING=null}, files: {postData={"jsonrpc": "2.0", "method": "dumpWindowHierarchy", "id": "6c47dce225a0be5949ac3796e9260730", "params": [true, null]}}
03-20 00:54:03.831 13973 14764 I UIAutomatorStub: Fetch time: 1ms
03-20 00:54:04.334  1800  2437 E GnssHAL_GnssInterface: gnssSvStatusCb: a: input svInfo.flags is 8
03-20 00:54:04.334  1800  2437 E GnssHAL_GnssInterface: gnssSvStatusCb: b: input svInfo.flags is 8
03-20 00:54:05.337  1800  2437 E GnssHAL_GnssInterface: gnssSvStatusCb: a: input svInfo.flags is 8
03-20 00:54:05.337  1800  2437 E GnssHAL_GnssInterface: gnssSvStatusCb: b: input svInfo.flags is 8
03-20 00:54:05.744 13973 14778 D UIAutomatorStub: URI: /jsonrpc/0, Method: POST, Header: {content-length=117, remote-addr=127.0.0.1, http-client-ip=127.0.0.1, host=localhost:9008, content-type=application/json, connection=close, accept-encoding=identity, user-agent=Python-urllib/3.7}, params, {NanoHttpd.QUERY_STRING=null}, files: {postData={"jsonrpc": "2.0", "method": "dumpWindowHierarchy", "id": "2b041fc8ce30851122d1bdada8c1cf93", "params": [true, null]}}
03-20 00:54:05.747 13973 14778 I UIAutomatorStub: Fetch time: 1ms
03-20 00:54:06.339  1800  2437 E GnssHAL_GnssInterface: gnssSvStatusCb: a: input svInfo.flags is 8
03-20 00:54:06.339  1800  2437 E GnssHAL_GnssInterface: gnssSvStatusCb: b: input svInfo.flags is 8
03-20 00:54:07.342  1800  2437 E GnssHAL_GnssInterface: gnssSvStatusCb: a: input svInfo.flags is 8
03-20 00:54:07.342  1800  2437 E GnssHAL_GnssInterface: gnssSvStatusCb: b: input svInfo.flags is 8
03-20 00:54:07.743 13973 14795 D UIAutomatorStub: URI: /jsonrpc/0, Method: POST, Header: {content-length=117, remote-addr=127.0.0.1, http-client-ip=127.0.0.1, host=localhost:9008, content-type=application/json, connection=close, accept-encoding=identity, user-agent=Python-urllib/3.7}, params, {NanoHttpd.QUERY_STRING=null}, files: {postData={"jsonrpc": "2.0", "method": "dumpWindowHierarchy", "id": "8d21a68779c310f761bd6ceab2bb3028", "params": [true, null]}}
03-20 00:54:07.747 13973 14795 I UIAutomatorStub: Fetch time: 0ms
03-20 00:54:08.346  1800  2437 E GnssHAL_GnssInterface: gnssSvStatusCb: a: input svInfo.flags is 8
03-20 00:54:08.347  1800  2437 E GnssHAL_GnssInterface: gnssSvStatusCb: b: input svInfo.flags is 8
03-20 00:54:08.903  1801  1822 D gralloc_ranchu: gralloc_alloc: Creating ashmem region of size 8298496
03-20 00:54:08.907  1682  1682 I hwservicemanager: getTransport: Cannot find entry android.hardware.graphics.mapper@3.0::IMapper/default in either framework or device manifest.
03-20 00:54:08.907 14796 14796 W Gralloc3: mapper 3.x is not supported
03-20 00:54:08.916 14796 14796 D HostConnection: createUnique: call
03-20 00:54:08.917 14796 14796 D HostConnection: HostConnection::get() New Host Connection established 0xee8c6d70, tid 14796
03-20 00:54:08.924 14796 14796 D HostConnection: HostComposition ext ANDROID_EMU_CHECKSUM_HELPER_v1 ANDROID_EMU_native_sync_v2 ANDROID_EMU_native_sync_v3 ANDROID_EMU_native_sync_v4 ANDROID_EMU_dma_v1 ANDROID_EMU_direct_mem ANDROID_EMU_YUV420_888_to_NV21 ANDROID_EMU_YUV_Cache ANDROID_EMU_sync_buffer_data GL_OES_EGL_image_external_essl3 GL_OES_vertex_array_object GL_KHR_texture_compression_astc_ldr ANDROID_EMU_host_side_tracing ANDROID_EMU_gles_max_version_3_0 
03-20 00:54:08.924 14796 14796 D eglCodecCommon: allocate: Ask for block of size 0x1000
03-20 00:54:08.924 14796 14796 D eglCodecCommon: allocate: ioctl allocate returned offset 0x3ff801000 size 0x2000
03-20 00:54:08.960 14796 14796 D eglCodecCommon: allocate: Ask for block of size 0x7ea000
03-20 00:54:08.960 14796 14796 D eglCodecCommon: allocate: ioctl allocate returned offset 0x3fe825000 size 0x7eb000
03-20 00:54:09.093  3394 14804 I MediaProvider: Begin Intent { act=android.intent.action.MEDIA_SCANNER_SCAN_FILE dat=file:///sdcard/screen.png flg=0x1400010 cmp=com.android.providers.media/.MediaService }
03-20 00:54:09.098  3394 14804 W ExifInterface: Invalid image: ExifInterface got an unsupported image format file(ExifInterface supports JPEG and some RAW image formats only) or a corrupted JPEG file to ExifInterface.
