03-20 00:51:19.808 13973 14028 I UIAutomatorStub: Skipping invisible child: android.view.accessibility.AccessibilityNodeInfo@bc07; boundsInParent: Rect(0, 0 - 1080, 63); boundsInScreen: Rect(0, 0 - 1080, 63); packageName: com.german_software_engineers.trainerapp; className: android.view.View; text: null; error: null; maxTextLength: -1; contentDescription: null; tooltipText: null; viewIdResName: android:id/statusBarBackground; checkable: false; checked: false; focusable: false; focused: false; selected: false; clickable: false; longClickable: false; contextClickable: false; enabled: true; password: false; scrollable: false; importantForAccessibility: false; visible: false; actions: [AccessibilityAction: ACTION_SELECT - null, AccessibilityAction: ACTION_CLEAR_SELECTION - null, AccessibilityAction: ACTION_ACCESSIBILITY_FOCUS - null, AccessibilityAction: ACTION_SHOW_ON_SCREEN - null]
03-20 00:51:19.808 13973 14028 I UIAutomatorStub: Skipping invisible child: android.view.accessibility.AccessibilityNodeInfo@b846; boundsInParent: Rect(0, 0 - 1080, 126); boundsInScreen: Rect(0, 1794 - 1080, 1920); packageName: com.german_software_engineers.trainerapp; className: android.view.View; text: null; error: null; maxTextLength: -1; contentDescription: null; tooltipText: null; viewIdResName: android:id/navigationBarBackground; checkable: false; checked: false; focusable: false; focused: false; selected: false; clickable: false; longClickable: false; contextClickable: false; enabled: true; password: false; scrollable: false; importantForAccessibility: false; visible: false; actions: [AccessibilityAction: ACTION_SELECT - null, AccessibilityAction: ACTION_CLEAR_SELECTION - null, AccessibilityAction: ACTION_ACCESSIBILITY_FOCUS - null, AccessibilityAction: ACTION_SHOW_ON_SCREEN - null]
03-20 00:51:19.808 13973 14028 I UIAutomatorStub: Fetch time: 4ms
03-20 00:51:19.874  1800  2437 E GnssHAL_GnssInterface: gnssSvStatusCb: a: input svInfo.flags is 8
03-20 00:51:19.874  1800  2437 E GnssHAL_GnssInterface: gnssSvStatusCb: b: input svInfo.flags is 8
03-20 00:51:20.875  1800  2437 E GnssHAL_GnssInterface: gnssSvStatusCb: a: input svInfo.flags is 8
03-20 00:51:20.875  1800  2437 E GnssHAL_GnssInterface: gnssSvStatusCb: b: input svInfo.flags is 8
03-20 00:51:21.378  1953  1953 E netmgr  : Failed to open QEMU pipe 'qemud:network': Invalid argument
03-20 00:51:21.814 13973 14046 D UIAutomatorStub: URI: /jsonrpc/0, Method: POST, Header: {content-length=117, remote-addr=127.0.0.1, http-client-ip=127.0.0.1, host=localhost:9008, content-type=application/json, connection=close, accept-encoding=identity, user-agent=Python-urllib/3.7}, params, {NanoHttpd.QUERY_STRING=null}, files: {postData={"jsonrpc": "2.0", "method": "dumpWindowHierarchy", "id": "2ede3503d3e52c18bfc1ebce5aaf40a9", "params": [true, null]}}
03-20 00:51:21.829 13973 14046 I UIAutomatorStub: Skipping invisible child: android.view.accessibility.AccessibilityNodeInfo@bc07; boundsInParent: Rect(0, 0 - 1080, 63); boundsInScreen: Rect(0, 0 - 1080, 63); packageName: com.german_software_engineers.trainerapp; className: android.view.View; text: null; error: null; maxTextLength: -1; contentDescription: null; tooltipText: null; viewIdResName: android:id/statusBarBackground; checkable: false; checked: false; focusable: false; focused: false; selected: false; clickable: false; longClickable: false; contextClickable: false; enabled: true; password: false; scrollable: false; importantForAccessibility: false; visible: false; actions: [AccessibilityAction: ACTION_SELECT - null, AccessibilityAction: ACTION_CLEAR_SELECTION - null, AccessibilityAction: ACTION_ACCESSIBILITY_FOCUS - null, AccessibilityAction: ACTION_SHOW_ON_SCREEN - null]
03-20 00:51:21.829 13973 14046 I UIAutomatorStub: Skipping invisible child: android.view.accessibility.AccessibilityNodeInfo@b846; boundsInParent: Rect(0, 0 - 1080, 126); boundsInScreen: Rect(0, 1794 - 1080, 1920); packageName: com.german_software_engineers.trainerapp; className: android.view.View; text: null; error: null; maxTextLength: -1; contentDescription: null; tooltipText: null; viewIdResName: android:id/navigationBarBackground; checkable: false; checked: false; focusable: false; focused: false; selected: false; clickable: false; longClickable: false; contextClickable: false; enabled: true; password: false; scrollable: false; importantForAccessibility: false; visible: false; actions: [AccessibilityAction: ACTION_SELECT - null, AccessibilityAction: ACTION_CLEAR_SELECTION - null, AccessibilityAction: ACTION_ACCESSIBILITY_FOCUS - null, AccessibilityAction: ACTION_SHOW_ON_SCREEN - null]
03-20 00:51:21.830 13973 14046 I UIAutomatorStub: Fetch time: 4ms
03-20 00:51:21.880  1800  2437 E GnssHAL_GnssInterface: gnssSvStatusCb: a: input svInfo.flags is 8
03-20 00:51:21.880  1800  2437 E GnssHAL_GnssInterface: gnssSvStatusCb: b: input svInfo.flags is 8
03-20 00:51:22.004  1960  1960 E wifi_forwarder: RemoteConnection failed to initialize: RemoteConnection failed to open pipe
03-20 00:51:22.881  1800  2437 E GnssHAL_GnssInterface: gnssSvStatusCb: a: input svInfo.flags is 8
03-20 00:51:22.881  1800  2437 E GnssHAL_GnssInterface: gnssSvStatusCb: b: input svInfo.flags is 8
03-20 00:51:22.950 15392 15452 W A       : (REDACTED) %s flow cancelled.
03-20 00:51:22.950 15392 15452 W A       : kotlinx.coroutines.b.a.s: Child of the scoped flow was cancelled
03-20 00:51:23.134 13973 14050 D UIAutomatorStub: URI: /jsonrpc/0, Method: POST, Header: {content-length=117, remote-addr=127.0.0.1, http-client-ip=127.0.0.1, host=localhost:9008, content-type=application/json, connection=close, accept-encoding=identity, user-agent=Python-urllib/3.7}, params, {NanoHttpd.QUERY_STRING=null}, files: {postData={"jsonrpc": "2.0", "method": "dumpWindowHierarchy", "id": "38e40b5c6a87972004d053fe1b07ea6d", "params": [true, null]}}
03-20 00:51:23.142 13973 14050 I UIAutomatorStub: Skipping invisible child: android.view.accessibility.AccessibilityNodeInfo@bc07; boundsInParent: Rect(0, 0 - 1080, 63); boundsInScreen: Rect(0, 0 - 1080, 63); packageName: com.german_software_engineers.trainerapp; className: android.view.View; text: null; error: null; maxTextLength: -1; contentDescription: null; tooltipText: null; viewIdResName: android:id/statusBarBackground; checkable: false; checked: false; focusable: false; focused: false; selected: false; clickable: false; longClickable: false; contextClickable: false; enabled: true; password: false; scrollable: false; importantForAccessibility: false; visible: false; actions: [AccessibilityAction: ACTION_SELECT - null, AccessibilityAction: ACTION_CLEAR_SELECTION - null, AccessibilityAction: ACTION_ACCESSIBILITY_FOCUS - null, AccessibilityAction: ACTION_SHOW_ON_SCREEN - null]
03-20 00:51:23.143 13973 14050 I UIAutomatorStub: Skipping invisible child: android.view.accessibility.AccessibilityNodeInfo@b846; boundsInParent: Rect(0, 0 - 1080, 126); boundsInScreen: Rect(0, 1794 - 1080, 1920); packageName: com.german_software_engineers.trainerapp; className: android.view.View; text: null; error: null; maxTextLength: -1; contentDescription: null; tooltipText: null; viewIdResName: android:id/navigationBarBackground; checkable: false; checked: false; focusable: false; focused: false; selected: false; clickable: false; longClickable: false; contextClickable: false; enabled: true; password: false; scrollable: false; importantForAccessibility: false; visible: false; actions: [AccessibilityAction: ACTION_SELECT - null, AccessibilityAction: ACTION_CLEAR_SELECTION - null, AccessibilityAction: ACTION_ACCESSIBILITY_FOCUS - null, AccessibilityAction: ACTION_SHOW_ON_SCREEN - null]
03-20 00:51:23.143 13973 14050 I UIAutomatorStub: Fetch time: 2ms
03-20 00:51:23.881  1800  2437 E GnssHAL_GnssInterface: gnssSvStatusCb: a: input svInfo.flags is 8
03-20 00:51:23.881  1800  2437 E GnssHAL_GnssInterface: gnssSvStatusCb: b: input svInfo.flags is 8
03-20 00:51:24.273  1801  1822 D gralloc_ranchu: gralloc_alloc: Creating ashmem region of size 8298496
03-20 00:51:24.280  1682  1682 I hwservicemanager: getTransport: Cannot find entry android.hardware.graphics.mapper@3.0::IMapper/default in either framework or device manifest.
03-20 00:51:24.280 14053 14053 W Gralloc3: mapper 3.x is not supported
03-20 00:51:24.322 14053 14053 D HostConnection: createUnique: call
03-20 00:51:24.322 14053 14053 D HostConnection: HostConnection::get() New Host Connection established 0xe8212d70, tid 14053
03-20 00:51:24.358 14053 14053 D HostConnection: HostComposition ext ANDROID_EMU_CHECKSUM_HELPER_v1 ANDROID_EMU_native_sync_v2 ANDROID_EMU_native_sync_v3 ANDROID_EMU_native_sync_v4 ANDROID_EMU_dma_v1 ANDROID_EMU_direct_mem ANDROID_EMU_YUV420_888_to_NV21 ANDROID_EMU_YUV_Cache ANDROID_EMU_sync_buffer_data GL_OES_EGL_image_external_essl3 GL_OES_vertex_array_object GL_KHR_texture_compression_astc_ldr ANDROID_EMU_host_side_tracing ANDROID_EMU_gles_max_version_3_0 
03-20 00:51:24.358 14053 14053 D eglCodecCommon: allocate: Ask for block of size 0x1000
03-20 00:51:24.358 14053 14053 D eglCodecCommon: allocate: ioctl allocate returned offset 0x3ff801000 size 0x2000
03-20 00:51:24.639 14053 14053 D eglCodecCommon: allocate: Ask for block of size 0x7ea000
03-20 00:51:24.639 14053 14053 D eglCodecCommon: allocate: ioctl allocate returned offset 0x3fe825000 size 0x7eb000
03-20 00:51:24.885  1800  2437 E GnssHAL_GnssInterface: gnssSvStatusCb: a: input svInfo.flags is 8
03-20 00:51:24.885  1800  2437 E GnssHAL_GnssInterface: gnssSvStatusCb: b: input svInfo.flags is 8
03-20 00:51:24.901  2044  2070 E memtrack: Couldn't load memtrack module
03-20 00:51:24.901  2044  2070 W android.os.Debug: failed to get memory consumption info: -1
03-20 00:51:24.904  2044  2070 E memtrack: Couldn't load memtrack module
03-20 00:51:24.904  2044  2070 W android.os.Debug: failed to get memory consumption info: -1
03-20 00:51:24.908  3394 14061 I MediaProvider: Begin Intent { act=android.intent.action.MEDIA_SCANNER_SCAN_FILE dat=file:///sdcard/screen.png flg=0x1400010 cmp=com.android.providers.media/.MediaService }
03-20 00:51:24.968  3394 14061 W ExifInterface: Invalid image: ExifInterface got an unsupported image format file(ExifInterface supports JPEG and some RAW image formats only) or a corrupted JPEG file to ExifInterface.
03-20 00:51:24.968  3394 14061 W ExifInterface: java.io.IOException: Invalid byte order: ffff8950
03-20 00:51:24.968  3394 14061 W ExifInterface: 	at android.media.ExifInterface.readByteOrder(ExifInterface.java:3121)
03-20 00:51:24.968  3394 14061 W ExifInterface: 	at android.media.ExifInterface.isOrfFormat(ExifInterface.java:2437)
03-20 00:51:24.968  3394 14061 W ExifInterface: 	at android.media.ExifInterface.getMimeType(ExifInterface.java:2315)
03-20 00:51:24.968  3394 14061 W ExifInterface: 	at android.media.ExifInterface.loadAttributes(ExifInterface.java:1753)
03-20 00:51:24.968  3394 14061 W ExifInterface: 	at android.media.ExifInterface.<init>(ExifInterface.java:1447)
03-20 00:51:24.968  3394 14061 W ExifInterface: 	at com.android.providers.media.scan.ModernMediaScanner.scanItemImage(ModernMediaScanner.java:729)
03-20 00:51:24.968  3394 14061 W ExifInterface: 	at com.android.providers.media.scan.ModernMediaScanner.scanItem(ModernMediaScanner.java:502)
03-20 00:51:24.968  3394 14061 W ExifInterface: 	at com.android.providers.media.scan.ModernMediaScanner.access$500(ModernMediaScanner.java:118)
03-20 00:51:24.968  3394 14061 W ExifInterface: 	at com.android.providers.media.scan.ModernMediaScanner$Scan.visitFile(ModernMediaScanner.java:406)
03-20 00:51:24.968  3394 14061 W ExifInterface: 	at com.android.providers.media.scan.ModernMediaScanner$Scan.visitFile(ModernMediaScanner.java:207)
03-20 00:51:24.968  3394 14061 W ExifInterface: 	at java.nio.file.Files.walkFileTree(Files.java:2670)
03-20 00:51:24.968  3394 14061 W ExifInterface: 	at java.nio.file.Files.walkFileTree(Files.java:2742)
03-20 00:51:24.968  3394 14061 W ExifInterface: 	at com.android.providers.media.scan.ModernMediaScanner$Scan.walkFileTree(ModernMediaScanner.java:267)
03-20 00:51:24.968  3394 14061 W ExifInterface: 	at com.android.providers.media.scan.ModernMediaScanner$Scan.run(ModernMediaScanner.java:245)
03-20 00:51:24.968  3394 14061 W ExifInterface: 	at com.android.providers.media.scan.ModernMediaScanner.scanFile(ModernMediaScanner.java:174)
03-20 00:51:24.968  3394 14061 W ExifInterface: 	at com.android.providers.media.MediaService.onScanFile(MediaService.java:164)
03-20 00:51:24.968  3394 14061 W ExifInterface: 	at com.android.providers.media.MediaService.onHandleIntent(MediaService.java:90)
03-20 00:51:24.968  3394 14061 W ExifInterface: 	at android.app.IntentService$ServiceHandler.handleMessage(IntentService.java:78)
03-20 00:51:24.968  3394 14061 W ExifInterface: 	at android.os.Handler.dispatchMessage(Handler.java:107)
03-20 00:51:24.968  3394 14061 W ExifInterface: 	at android.os.Looper.loop(Looper.java:214)
03-20 00:51:24.968  3394 14061 W ExifInterface: 	at android.os.HandlerThread.run(HandlerThread.java:67)
03-20 00:51:24.995  3394 14061 I MediaProvider: End Intent { act=android.intent.action.MEDIA_SCANNER_SCAN_FILE dat=file:///sdcard/screen.png flg=0x1400010 cmp=com.android.providers.media/.MediaService }
03-20 00:51:25.182 16441 13617 I NetworkScheduler.Stats: Task com.google.android.gms/com.google.android.gms.ipa.base.IpaGcmTaskService started execution. cause:9 exec_start_elapsed_seconds: 6917 [CONTEXT service_id=218 ]
03-20 00:51:25.187 16441 16441 D BoundBrokerSvc: onBind: Intent { act=com.google.android.gms.scheduler.ACTION_PROXY_SCHEDULE dat=chimera-action: cmp=com.google.android.gms/.chimera.PersistentApiService }
03-20 00:51:25.187 16441 16441 D BoundBrokerSvc: Loading bound service for intent: Intent { act=com.google.android.gms.scheduler.ACTION_PROXY_SCHEDULE dat=chimera-action: cmp=com.google.android.gms/.chimera.PersistentApiService }
03-20 00:51:25.193 16441 13945 I NetworkScheduler.Stats: Task com.google.android.gms/com.google.android.gms.ipa.base.IpaGcmTaskService finished executing. cause:9 result: 1 elapsed_millis: 84 uptime_millis: 84 exec_start_elapsed_seconds: 6917 [CONTEXT service_id=218 ]
03-20 00:51:25.360 16441 13617 I NetworkScheduler.Stats: Task com.google.android.gms/com.google.android.gms.checkin.EventLogService started execution. cause:5 exec_start_elapsed_seconds: 6917 [CONTEXT service_id=218 ]
03-20 00:51:25.363 24279  7221 I Checkin : [EventLogChimeraService] Opted in for usage reporting: false
03-20 00:51:25.365 24279  7221 I Checkin : [EventLogChimeraService] Aggregate from 1679121216064 (log), 1679121216064 (data)
03-20 00:51:25.485 16441 13945 I NetworkScheduler.Stats: Task com.google.android.gms/com.google.android.gms.tapandpay.gcmtask.TapAndPayGcmTaskService started execution. cause:5 exec_start_elapsed_seconds: 6917 [CONTEXT service_id=218 ]
03-20 00:51:25.501 16441 13617 I NetworkScheduler.Stats: Task com.google.android.gms/com.google.android.gms.tapandpay.gcmtask.TapAndPayGcmTaskService finished executing. cause:5 result: 1 elapsed_millis: 87 uptime_millis: 87 exec_start_elapsed_seconds: 6917 [CONTEXT service_id=218 ]
03-20 00:51:25.532  2044  5890 I DropBoxManagerService: add tag=event_data isTagEnabled=true flags=0x2
03-20 00:51:25.538  2044  2071 W BroadcastQueue: Background execution not allowed: receiving Intent { act=android.intent.action.DROPBOX_ENTRY_ADDED flg=0x10 (has extras) } to com.google.android.gms/.stats.service.DropBoxEntryAddedReceiver
03-20 00:51:25.538  2044  2071 W BroadcastQueue: Background execution not allowed: receiving Intent { act=android.intent.action.DROPBOX_ENTRY_ADDED flg=0x10 (has extras) } to com.google.android.gms/.chimera.GmsIntentOperationService$PersistentTrustedReceiver
03-20 00:51:25.547 16441 13945 I NetworkScheduler.Stats: Task com.google.android.inputmethod.latin/ started execution. cause:5 exec_start_elapsed_seconds: 6917 [CONTEXT service_id=218 ]
03-20 00:51:25.569 16441 13946 I NetworkScheduler.Stats: Task com.google.android.gms/com.google.android.gms.checkin.EventLogService finished executing. cause:5 result: 1 elapsed_millis: 292 uptime_millis: 292 exec_start_elapsed_seconds: 6917 [CONTEXT service_id=218 ]
03-20 00:51:25.585 16801 16801 I FirebaseJobDispatcher: onStartJob(): PeriodicContextualMetrics.
03-20 00:51:25.596 16801 16840 I PContextMetricsRunner: call()
03-20 00:51:25.596 16801 16840 I PContextMetricsRunner: call() : Finished in 1 ms
03-20 00:51:25.597 16801 16801 I FirebaseJobDispatcher: Task: PeriodicContextualMetrics successes.
03-20 00:51:25.603 16441 13617 I NetworkScheduler.Stats: Task com.google.android.inputmethod.latin/ finished executing. cause:5 result: 1 elapsed_millis: 80 uptime_millis: 80 exec_start_elapsed_seconds: 6917 [CONTEXT service_id=218 ]
03-20 00:51:25.890  1800  2437 E GnssHAL_GnssInterface: gnssSvStatusCb: a: input svInfo.flags is 8
03-20 00:51:25.890  1800  2437 E GnssHAL_GnssInterface: gnssSvStatusCb: b: input svInfo.flags is 8
03-20 00:51:26.893  1800  2437 E GnssHAL_GnssInterface: gnssSvStatusCb: a: input svInfo.flags is 8
03-20 00:51:26.893  1800  2437 E GnssHAL_GnssInterface: gnssSvStatusCb: b: input svInfo.flags is 8
03-20 00:51:27.004 16441 16441 D BoundBrokerSvc: onUnbind: Intent { act=com.google.android.gms.nearby.exposurenotification.START dat=chimera-action: cmp=com.google.android.gms/.chimera.PersistentApiServiceNoInstantApps }
03-20 00:51:27.124 13973 14073 D UIAutomatorStub: URI: /jsonrpc/0, Method: POST, Header: {content-length=117, remote-addr=127.0.0.1, http-client-ip=127.0.0.1, host=localhost:9008, content-type=application/json, connection=close, accept-encoding=identity, user-agent=Python-urllib/3.7}, params, {NanoHttpd.QUERY_STRING=null}, files: {postData={"jsonrpc": "2.0", "method": "dumpWindowHierarchy", "id": "4e84455dfe22b180d8f0d50f85d16950", "params": [true, null]}}
03-20 00:51:27.140 13973 14073 I UIAutomatorStub: Skipping invisible child: android.view.accessibility.AccessibilityNodeInfo@bc07; boundsInParent: Rect(0, 0 - 1080, 63); boundsInScreen: Rect(0, 0 - 1080, 63); packageName: com.german_software_engineers.trainerapp; className: android.view.View; text: null; error: null; maxTextLength: -1; contentDescription: null; tooltipText: null; viewIdResName: android:id/statusBarBackground; checkable: false; checked: false; focusable: false; focused: false; selected: false; clickable: false; longClickable: false; contextClickable: false; enabled: true; password: false; scrollable: false; importantForAccessibility: false; visible: false; actions: [AccessibilityAction: ACTION_SELECT - null, AccessibilityAction: ACTION_CLEAR_SELECTION - null, AccessibilityAction: ACTION_ACCESSIBILITY_FOCUS - null, AccessibilityAction: ACTION_SHOW_ON_SCREEN - null]
03-20 00:51:27.141 13973 14073 I UIAutomatorStub: Skipping invisible child: android.view.accessibility.AccessibilityNodeInfo@b846; boundsInParent: Rect(0, 0 - 1080, 126); boundsInScreen: Rect(0, 1794 - 1080, 1920); packageName: com.german_software_engineers.trainerapp; className: android.view.View; text: null; error: null; maxTextLength: -1; contentDescription: null; tooltipText: null; viewIdResName: android:id/navigationBarBackground; checkable: false; checked: false; focusable: false; focused: false; selected: false; clickable: false; longClickable: false; contextClickable: false; enabled: true; password: false; scrollable: false; importantForAccessibility: false; visible: false; actions: [AccessibilityAction: ACTION_SELECT - null, AccessibilityAction: ACTION_CLEAR_SELECTION - null, AccessibilityAction: ACTION_ACCESSIBILITY_FOCUS - null, AccessibilityAction: ACTION_SHOW_ON_SCREEN - null]
03-20 00:51:27.141 13973 14073 I UIAutomatorStub: Fetch time: 3ms
03-20 00:51:27.418 16441 16441 D BoundBrokerSvc: onUnbind: Intent { act=com.google.android.gms.icing.LIGHTWEIGHT_INDEX_SERVICE dat=chimera-action: cmp=com.google.android.gms/.chimera.PersistentApiService }
03-20 00:51:27.897  1800  2437 E GnssHAL_GnssInterface: gnssSvStatusCb: a: input svInfo.flags is 8
03-20 00:51:27.897  1800  2437 E GnssHAL_GnssInterface: gnssSvStatusCb: b: input svInfo.flags is 8
03-20 00:51:27.949 24279 24279 D BoundBrokerSvc: onUnbind: Intent { act=com.google.android.gms.checkin.START pkg=com.google.android.gms }
03-20 00:51:28.022 16441 16441 D BoundBrokerSvc: onUnbind: Intent { act=com.google.android.gms.phenotype.service.START pkg=com.google.android.gms }
03-20 00:51:28.388 13973 14079 D UIAutomatorStub: URI: /jsonrpc/0, Method: POST, Header: {content-length=117, remote-addr=127.0.0.1, http-client-ip=127.0.0.1, host=localhost:9008, content-type=application/json, connection=close, accept-encoding=identity, user-agent=Python-urllib/3.7}, params, {NanoHttpd.QUERY_STRING=null}, files: {postData={"jsonrpc": "2.0", "method": "dumpWindowHierarchy", "id": "02463a780cfed392422e877251e25df9", "params": [true, null]}}
03-20 00:51:28.398 13973 14079 I UIAutomatorStub: Skipping invisible child: android.view.accessibility.AccessibilityNodeInfo@bc07; boundsInParent: Rect(0, 0 - 1080, 63); boundsInScreen: Rect(0, 0 - 1080, 63); packageName: com.german_software_engineers.trainerapp; className: android.view.View; text: null; error: null; maxTextLength: -1; contentDescription: null; tooltipText: null; viewIdResName: android:id/statusBarBackground; checkable: false; checked: false; focusable: false; focused: false; selected: false; clickable: false; longClickable: false; contextClickable: false; enabled: true; password: false; scrollable: false; importantForAccessibility: false; visible: false; actions: [AccessibilityAction: ACTION_SELECT - null, AccessibilityAction: ACTION_CLEAR_SELECTION - null, AccessibilityAction: ACTION_ACCESSIBILITY_FOCUS - null, AccessibilityAction: ACTION_SHOW_ON_SCREEN - null]
03-20 00:51:28.398 13973 14079 I UIAutomatorStub: Skipping invisible child: android.view.accessibility.AccessibilityNodeInfo@b846; boundsInParent: Rect(0, 0 - 1080, 126); boundsInScreen: Rect(0, 1794 - 1080, 1920); packageName: com.german_software_engineers.trainerapp; className: android.view.View; text: null; error: null; maxTextLength: -1; contentDescription: null; tooltipText: null; viewIdResName: android:id/navigationBarBackground; checkable: false; checked: false; focusable: false; focused: false; selected: false; clickable: false; longClickable: false; contextClickable: false; enabled: true; password: false; scrollable: false; importantForAccessibility: false; visible: false; actions: [AccessibilityAction: ACTION_SELECT - null, AccessibilityAction: ACTION_CLEAR_SELECTION - null, AccessibilityAction: ACTION_ACCESSIBILITY_FOCUS - null, AccessibilityAction: ACTION_SHOW_ON_SCREEN - null]
03-20 00:51:28.399 13973 14079 I UIAutomatorStub: Fetch time: 3ms
03-20 00:51:28.901  1800  2437 E GnssHAL_GnssInterface: gnssSvStatusCb: a: input svInfo.flags is 8
03-20 00:51:28.901  1800  2437 E GnssHAL_GnssInterface: gnssSvStatusCb: b: input svInfo.flags is 8
03-20 00:51:29.675 13973 14085 D UIAutomatorStub: URI: /jsonrpc/0, Method: POST, Header: {content-length=117, remote-addr=127.0.0.1, http-client-ip=127.0.0.1, host=localhost:9008, content-type=application/json, connection=close, accept-encoding=identity, user-agent=Python-urllib/3.7}, params, {NanoHttpd.QUERY_STRING=null}, files: {postData={"jsonrpc": "2.0", "method": "dumpWindowHierarchy", "id": "a7918ee8c311aa52cef80f85cb4fe819", "params": [true, null]}}
03-20 00:51:29.685 13973 14085 I UIAutomatorStub: Skipping invisible child: android.view.accessibility.AccessibilityNodeInfo@bc07; boundsInParent: Rect(0, 0 - 1080, 63); boundsInScreen: Rect(0, 0 - 1080, 63); packageName: com.german_software_engineers.trainerapp; className: android.view.View; text: null; error: null; maxTextLength: -1; contentDescription: null; tooltipText: null; viewIdResName: android:id/statusBarBackground; checkable: false; checked: false; focusable: false; focused: false; selected: false; clickable: false; longClickable: false; contextClickable: false; enabled: true; password: false; scrollable: false; importantForAccessibility: false; visible: false; actions: [AccessibilityAction: ACTION_SELECT - null, AccessibilityAction: ACTION_CLEAR_SELECTION - null, AccessibilityAction: ACTION_ACCESSIBILITY_FOCUS - null, AccessibilityAction: ACTION_SHOW_ON_SCREEN - null]
03-20 00:51:29.685 13973 14085 I UIAutomatorStub: Skipping invisible child: android.view.accessibility.AccessibilityNodeInfo@b846; boundsInParent: Rect(0, 0 - 1080, 126); boundsInScreen: Rect(0, 1794 - 1080, 1920); packageName: com.german_software_engineers.trainerapp; className: android.view.View; text: null; error: null; maxTextLength: -1; contentDescription: null; tooltipText: null; viewIdResName: android:id/navigationBarBackground; checkable: false; checked: false; focusable: false; focused: false; selected: false; clickable: false; longClickable: false; contextClickable: false; enabled: true; password: false; scrollable: false; importantForAccessibility: false; visible: false; actions: [AccessibilityAction: ACTION_SELECT - null, AccessibilityAction: ACTION_CLEAR_SELECTION - null, AccessibilityAction: ACTION_ACCESSIBILITY_FOCUS - null, AccessibilityAction: ACTION_SHOW_ON_SCREEN - null]
03-20 00:51:29.685 13973 14085 I UIAutomatorStub: Fetch time: 3ms
03-20 00:51:29.905  1800  2437 E GnssHAL_GnssInterface: gnssSvStatusCb: a: input svInfo.flags is 8
03-20 00:51:29.905  1800  2437 E GnssHAL_GnssInterface: gnssSvStatusCb: b: input svInfo.flags is 8
03-20 00:51:30.905  1800  2437 E GnssHAL_GnssInterface: gnssSvStatusCb: a: input svInfo.flags is 8
03-20 00:51:30.905  1800  2437 E GnssHAL_GnssInterface: gnssSvStatusCb: b: input svInfo.flags is 8
03-20 00:51:31.169 13973 14089 D UIAutomatorStub: URI: /jsonrpc/0, Method: POST, Header: {content-length=117, remote-addr=127.0.0.1, http-client-ip=127.0.0.1, host=localhost:9008, content-type=application/json, connection=close, accept-encoding=identity, user-agent=Python-urllib/3.7}, params, {NanoHttpd.QUERY_STRING=null}, files: {postData={"jsonrpc": "2.0", "method": "dumpWindowHierarchy", "id": "15892d9f90f3e142c558e4a4ff7fcb14", "params": [true, null]}}
03-20 00:51:31.180 13973 14089 I UIAutomatorStub: Skipping invisible child: android.view.accessibility.AccessibilityNodeInfo@bc07; boundsInParent: Rect(0, 0 - 1080, 63); boundsInScreen: Rect(0, 0 - 1080, 63); packageName: com.german_software_engineers.trainerapp; className: android.view.View; text: null; error: null; maxTextLength: -1; contentDescription: null; tooltipText: null; viewIdResName: android:id/statusBarBackground; checkable: false; checked: false; focusable: false; focused: false; selected: false; clickable: false; longClickable: false; contextClickable: false; enabled: true; password: false; scrollable: false; importantForAccessibility: false; visible: false; actions: [AccessibilityAction: ACTION_SELECT - null, AccessibilityAction: ACTION_CLEAR_SELECTION - null, AccessibilityAction: ACTION_ACCESSIBILITY_FOCUS - null, AccessibilityAction: ACTION_SHOW_ON_SCREEN - null]
03-20 00:51:31.180 13973 14089 I UIAutomatorStub: Skipping invisible child: android.view.accessibility.AccessibilityNodeInfo@b846; boundsInParent: Rect(0, 0 - 1080, 126); boundsInScreen: Rect(0, 1794 - 1080, 1920); packageName: com.german_software_engineers.trainerapp; className: android.view.View; text: null; error: null; maxTextLength: -1; contentDescription: null; tooltipText: null; viewIdResName: android:id/navigationBarBackground; checkable: false; checked: false; focusable: false; focused: false; selected: false; clickable: false; longClickable: false; contextClickable: false; enabled: true; password: false; scrollable: false; importantForAccessibility: false; visible: false; actions: [AccessibilityAction: ACTION_SELECT - null, AccessibilityAction: ACTION_CLEAR_SELECTION - null, AccessibilityAction: ACTION_ACCESSIBILITY_FOCUS - null, AccessibilityAction: ACTION_SHOW_ON_SCREEN - null]
03-20 00:51:31.181 13973 14089 I UIAutomatorStub: Fetch time: 3ms
03-20 00:51:31.909  1800  2437 E GnssHAL_GnssInterface: gnssSvStatusCb: a: input svInfo.flags is 8
03-20 00:51:31.909  1800  2437 E GnssHAL_GnssInterface: gnssSvStatusCb: b: input svInfo.flags is 8
03-20 00:51:32.253  2718  3676 E ActivityThread: Failed to find provider info for com.google.android.apps.wellbeing.api
03-20 00:51:32.615  2044  2070 E memtrack: Couldn't load memtrack module
03-20 00:51:32.615  2044  2070 W android.os.Debug: failed to get memory consumption info: -1
03-20 00:51:32.707 14097 14097 D AndroidRuntime: >>>>>> START com.android.internal.os.RuntimeInit uid 2000 <<<<<<
03-20 00:51:32.711 14097 14097 E libc    : Access denied finding property "persist.device_config.runtime_native_boot.enable_apex_image"
03-20 00:51:32.711 14097 14097 I AndroidRuntime: Using default boot image
03-20 00:51:32.711 14097 14097 E libc    : Access denied finding property "persist.device_config.runtime_native_boot.disable_lock_profiling"
03-20 00:51:32.711 14097 14097 I AndroidRuntime: Leaving lock profiling enabled
03-20 00:51:32.711 14097 14097 E libc    : Access denied finding property "persist.device_config.runtime_native_boot.enable_generational_cc"
03-20 00:51:32.696 14097 14097 W app_process: type=1400 audit(0.0:1173): avc: denied { read } for name="u:object_r:device_config_runtime_native_boot_prop:s0" dev="tmpfs" ino=874 scontext=u:r:shell:s0 tcontext=u:object_r:device_config_runtime_native_boot_prop:s0 tclass=file permissive=0
03-20 00:51:32.696 14097 14097 W app_process: type=1400 audit(0.0:1174): avc: denied { read } for name="u:object_r:device_config_runtime_native_boot_prop:s0" dev="tmpfs" ino=874 scontext=u:r:shell:s0 tcontext=u:object_r:device_config_runtime_native_boot_prop:s0 tclass=file permissive=0
03-20 00:51:32.907  1800  2437 E GnssHAL_GnssInterface: gnssSvStatusCb: a: input svInfo.flags is 8
03-20 00:51:32.907  1800  2437 E GnssHAL_GnssInterface: gnssSvStatusCb: b: input svInfo.flags is 8
03-20 00:51:33.483 14097 14097 D ICU     : Time zone APEX file found: /apex/com.android.tzdata/etc/icu/icu_tzdata.dat
03-20 00:51:33.487 14097 14097 W app_process: Unexpected CPU variant for X86 using defaults: x86
03-20 00:51:33.496 14097 14097 I app_process: The ClassLoaderContext is a special shared library.
03-20 00:51:33.513 14097 14097 W app_process: JNI RegisterNativeMethods: attempt to register 0 native methods for android.media.AudioAttributes
03-20 00:51:33.516 14097 14097 D AndroidRuntime: Calling main entry com.android.commands.monkey.Monkey
03-20 00:51:33.517 14097 14097 W Monkey  : args: [-p, com.german_software_engineers.trainerapp, -c, android.intent.category.LAUNCHER, 1]
03-20 00:51:33.518 14097 14097 W Monkey  :  arg: "-p"
03-20 00:51:33.518 14097 14097 W Monkey  :  arg: "com.german_software_engineers.trainerapp"
03-20 00:51:33.518 14097 14097 W Monkey  :  arg: "-c"
03-20 00:51:33.518 14097 14097 W Monkey  :  arg: "android.intent.category.LAUNCHER"
03-20 00:51:33.518 14097 14097 W Monkey  :  arg: "1"
03-20 00:51:33.518 14097 14097 W Monkey  : data="com.german_software_engineers.trainerapp"
03-20 00:51:33.518 14097 14097 W Monkey  : data="android.intent.category.LAUNCHER"
03-20 00:51:33.533  2044  2071 W BroadcastQueue: Skipping deliver [background] BroadcastRecord{994a89c u-1 android.net.conn.CONNECTIVITY_CHANGE} to ReceiverList{45382a5 14097 (unknown name)/2000/u-1 remote:327516e}: process gone or crashing
03-20 00:51:33.545  2044  7233 I ActivityTaskManager: START u0 {act=android.intent.action.MAIN cat=[android.intent.category.LAUNCHER] flg=0x10200000 cmp=com.german_software_engineers.trainerapp/.TrainingsSchedule} from uid 2000
03-20 00:51:33.545  2044  7233 W Binder  : Outgoing transactions from this process must be FLAG_ONEWAY
03-20 00:51:33.545  2044  7233 W Binder  : java.lang.Throwable
03-20 00:51:33.545  2044  7233 W Binder  : 	at android.os.BinderProxy.transact(BinderProxy.java:480)
03-20 00:51:33.545  2044  7233 W Binder  : 	at android.app.IActivityController$Stub$Proxy.activityStarting(IActivityController.java:273)
03-20 00:51:33.545  2044  7233 W Binder  : 	at com.android.server.wm.ActivityStarter.startActivity(ActivityStarter.java:794)
03-20 00:51:33.545  2044  7233 W Binder  : 	at com.android.server.wm.ActivityStarter.startActivity(ActivityStarter.java:583)
03-20 00:51:33.545  2044  7233 W Binder  : 	at com.android.server.wm.ActivityStarter.startActivityMayWait(ActivityStarter.java:1288)
03-20 00:51:33.545  2044  7233 W Binder  : 	at com.android.server.wm.ActivityStarter.execute(ActivityStarter.java:514)
03-20 00:51:33.545  2044  7233 W Binder  : 	at com.android.server.wm.ActivityTaskManagerService.startActivityAsUser(ActivityTaskManagerService.java:1058)
03-20 00:51:33.545  2044  7233 W Binder  : 	at com.android.server.wm.ActivityTaskManagerService.startActivityAsUser(ActivityTaskManagerService.java:1032)
03-20 00:51:33.545  2044  7233 W Binder  : 	at com.android.server.am.ActivityManagerService.startActivityAsUser(ActivityManagerService.java:3504)
03-20 00:51:33.545  2044  7233 W Binder  : 	at android.app.IActivityManager$Stub.onTransact(IActivityManager.java:3537)
03-20 00:51:33.545  2044  7233 W Binder  : 	at com.android.server.am.ActivityManagerService.onTransact(ActivityManagerService.java:2741)
03-20 00:51:33.545  2044  7233 W Binder  : 	at android.os.Binder.execTransactInternal(Binder.java:1021)
03-20 00:51:33.545  2044  7233 W Binder  : 	at android.os.Binder.execTransact(Binder.java:994)
03-20 00:51:33.551 14097 14097 I Monkey  : Events injected: 1
03-20 00:51:33.552  2044  2044 V SettingsProvider: Notifying for 0: content://settings/system/accelerometer_rotation
03-20 00:51:33.553  2044  2044 V SettingsProvider: Notifying for 0: content://settings/system/user_rotation
03-20 00:51:33.555  2044  2044 V SettingsProvider: Notifying for 0: content://settings/system/accelerometer_rotation
03-20 00:51:33.558  2044  2065 W InputReader: Device has associated, but no associated display id.
03-20 00:51:33.559  2044  2065 I chatty  : uid=1000(system) android.display identical 8 lines
03-20 00:51:33.559  2044  2065 W InputReader: Device has associated, but no associated display id.
03-20 00:51:33.562 14097 14097 I Monkey  : ## Network stats: elapsed time=13ms (0ms mobile, 0ms wifi, 13ms not connected)
03-20 00:51:33.562 14097 14097 I app_process: System.exit called, status: 0
03-20 00:51:33.562 14097 14097 I AndroidRuntime: VM exiting with result code 0.
03-20 00:51:33.909  1800  2437 E GnssHAL_GnssInterface: gnssSvStatusCb: a: input svInfo.flags is 8
03-20 00:51:33.909  1800  2437 E GnssHAL_GnssInterface: gnssSvStatusCb: b: input svInfo.flags is 8
03-20 00:51:34.913  1800  2437 E GnssHAL_GnssInterface: gnssSvStatusCb: a: input svInfo.flags is 8
03-20 00:51:34.913  1800  2437 E GnssHAL_GnssInterface: gnssSvStatusCb: b: input svInfo.flags is 8
03-20 00:51:35.023  1780  1780 D Zygote  : Forked child process 14115
03-20 00:51:35.031 14115 14115 W oid.apps.photo: Unexpected CPU variant for X86 using defaults: x86
03-20 00:51:35.033  2044  2072 I ActivityManager: Start proc 14115:com.google.android.apps.photos/u0a117 for service {com.google.android.apps.photos/com.google.android.libraries.social.mediamonitor.MediaMonitorJobSchedulerService}
03-20 00:51:35.040 14115 14115 E oid.apps.photo: Not starting debugger since process cannot load the jdwp agent.
03-20 00:51:35.061  2044  2070 E memtrack: Couldn't load memtrack module
03-20 00:51:35.061  2044  2070 W android.os.Debug: failed to get memory consumption info: -1
03-20 00:51:35.063  2044  2070 E memtrack: Couldn't load memtrack module
03-20 00:51:35.063  2044  2070 W android.os.Debug: failed to get memory consumption info: -1
03-20 00:51:35.094 14115 14115 I oid.apps.photo: The ClassLoaderContext is a special shared library.
03-20 00:51:35.469  2044  2060 I ActivityManager: Killing 13401:com.android.providers.calendar/u0a48 (adj 985): empty #17
03-20 00:51:35.524  1780  1780 I Zygote  : Process 13401 exited due to signal 9 (Killed)
03-20 00:51:35.553  2044  2073 I libprocessgroup: Successfully killed process cgroup uid 10048 pid 13401 in 82ms
03-20 00:51:35.914  1800  2437 E GnssHAL_GnssInterface: gnssSvStatusCb: a: input svInfo.flags is 8
03-20 00:51:35.914  1800  2437 E GnssHAL_GnssInterface: gnssSvStatusCb: b: input svInfo.flags is 8
03-20 00:51:36.575  2044  2070 E memtrack: Couldn't load memtrack module
03-20 00:51:36.575  2044  2070 W android.os.Debug: failed to get memory consumption info: -1
03-20 00:51:36.578  2044  2070 E memtrack: Couldn't load memtrack module
03-20 00:51:36.578  2044  2070 W android.os.Debug: failed to get memory consumption info: -1
03-20 00:51:36.919  1800  2437 E GnssHAL_GnssInterface: gnssSvStatusCb: a: input svInfo.flags is 8
03-20 00:51:36.919  1800  2437 E GnssHAL_GnssInterface: gnssSvStatusCb: b: input svInfo.flags is 8
03-20 00:51:37.921  1800  2437 E GnssHAL_GnssInterface: gnssSvStatusCb: a: input svInfo.flags is 8
03-20 00:51:37.921  1800  2437 E GnssHAL_GnssInterface: gnssSvStatusCb: b: input svInfo.flags is 8
03-20 00:51:38.925  1800  2437 E GnssHAL_GnssInterface: gnssSvStatusCb: a: input svInfo.flags is 8
03-20 00:51:38.925  1800  2437 E GnssHAL_GnssInterface: gnssSvStatusCb: b: input svInfo.flags is 8
03-20 00:51:39.928  1800  2437 E GnssHAL_GnssInterface: gnssSvStatusCb: a: input svInfo.flags is 8
03-20 00:51:39.928  1800  2437 E GnssHAL_GnssInterface: gnssSvStatusCb: b: input svInfo.flags is 8
03-20 00:51:40.221 16441 16441 D BoundBrokerSvc: onUnbind: Intent { act=com.google.android.gms.scheduler.ACTION_PROXY_SCHEDULE dat=chimera-action: cmp=com.google.android.gms/.chimera.PersistentApiService }
03-20 00:51:40.931  1800  2437 E GnssHAL_GnssInterface: gnssSvStatusCb: a: input svInfo.flags is 8
03-20 00:51:40.931  1800  2437 E GnssHAL_GnssInterface: gnssSvStatusCb: b: input svInfo.flags is 8
03-20 00:51:41.933  1800  2437 E GnssHAL_GnssInterface: gnssSvStatusCb: a: input svInfo.flags is 8
03-20 00:51:41.933  1800  2437 E GnssHAL_GnssInterface: gnssSvStatusCb: b: input svInfo.flags is 8
03-20 00:51:42.936  1800  2437 E GnssHAL_GnssInterface: gnssSvStatusCb: a: input svInfo.flags is 8
03-20 00:51:42.936  1800  2437 E GnssHAL_GnssInterface: gnssSvStatusCb: b: input svInfo.flags is 8
03-20 00:51:43.941  1800  2437 E GnssHAL_GnssInterface: gnssSvStatusCb: a: input svInfo.flags is 8
03-20 00:51:43.941  1800  2437 E GnssHAL_GnssInterface: gnssSvStatusCb: b: input svInfo.flags is 8
03-20 00:51:44.940  1800  2437 E GnssHAL_GnssInterface: gnssSvStatusCb: a: input svInfo.flags is 8
03-20 00:51:44.940  1800  2437 E GnssHAL_GnssInterface: gnssSvStatusCb: b: input svInfo.flags is 8
03-20 00:51:45.943  1800  2437 E GnssHAL_GnssInterface: gnssSvStatusCb: a: input svInfo.flags is 8
03-20 00:51:45.943  1800  2437 E GnssHAL_GnssInterface: gnssSvStatusCb: b: input svInfo.flags is 8
03-20 00:51:46.947  1800  2437 E GnssHAL_GnssInterface: gnssSvStatusCb: a: input svInfo.flags is 8
03-20 00:51:46.947  1800  2437 E GnssHAL_GnssInterface: gnssSvStatusCb: b: input svInfo.flags is 8
03-20 00:51:47.947  1800  2437 E GnssHAL_GnssInterface: gnssSvStatusCb: a: input svInfo.flags is 8
03-20 00:51:47.947  1800  2437 E GnssHAL_GnssInterface: gnssSvStatusCb: b: input svInfo.flags is 8
03-20 00:51:48.951  1800  2437 E GnssHAL_GnssInterface: gnssSvStatusCb: a: input svInfo.flags is 8
03-20 00:51:48.951  1800  2437 E GnssHAL_GnssInterface: gnssSvStatusCb: b: input svInfo.flags is 8
03-20 00:51:49.059 13973 14174 D UIAutomatorStub: URI: /jsonrpc/0, Method: POST, Header: {content-length=117, remote-addr=127.0.0.1, http-client-ip=127.0.0.1, host=localhost:9008, content-type=application/json, connection=close, accept-encoding=identity, user-agent=Python-urllib/3.7}, params, {NanoHttpd.QUERY_STRING=null}, files: {postData={"jsonrpc": "2.0", "method": "dumpWindowHierarchy", "id": "3586de468195dd43a65135190356b28c", "params": [true, null]}}
03-20 00:51:49.079 13973 14174 I UIAutomatorStub: Skipping invisible child: android.view.accessibility.AccessibilityNodeInfo@bc07; boundsInParent: Rect(0, 0 - 1080, 63); boundsInScreen: Rect(0, 0 - 1080, 63); packageName: com.german_software_engineers.trainerapp; className: android.view.View; text: null; error: null; maxTextLength: -1; contentDescription: null; tooltipText: null; viewIdResName: android:id/statusBarBackground; checkable: false; checked: false; focusable: false; focused: false; selected: false; clickable: false; longClickable: false; contextClickable: false; enabled: true; password: false; scrollable: false; importantForAccessibility: false; visible: false; actions: [AccessibilityAction: ACTION_SELECT - null, AccessibilityAction: ACTION_CLEAR_SELECTION - null, AccessibilityAction: ACTION_ACCESSIBILITY_FOCUS - null, AccessibilityAction: ACTION_SHOW_ON_SCREEN - null]
03-20 00:51:49.079 13973 14174 I UIAutomatorStub: Skipping invisible child: android.view.accessibility.AccessibilityNodeInfo@b846; boundsInParent: Rect(0, 0 - 1080, 126); boundsInScreen: Rect(0, 1794 - 1080, 1920); packageName: com.german_software_engineers.trainerapp; className: android.view.View; text: null; error: null; maxTextLength: -1; contentDescription: null; tooltipText: null; viewIdResName: android:id/navigationBarBackground; checkable: false; checked: false; focusable: false; focused: false; selected: false; clickable: false; longClickable: false; contextClickable: false; enabled: true; password: false; scrollable: false; importantForAccessibility: false; visible: false; actions: [AccessibilityAction: ACTION_SELECT - null, AccessibilityAction: ACTION_CLEAR_SELECTION - null, AccessibilityAction: ACTION_ACCESSIBILITY_FOCUS - null, AccessibilityAction: ACTION_SHOW_ON_SCREEN - null]
03-20 00:51:49.079 13973 14174 I UIAutomatorStub: Fetch time: 3ms
03-20 00:51:49.956  1800  2437 E GnssHAL_GnssInterface: gnssSvStatusCb: a: input svInfo.flags is 8
03-20 00:51:49.956  1800  2437 E GnssHAL_GnssInterface: gnssSvStatusCb: b: input svInfo.flags is 8
03-20 00:51:50.280 14177 14177 D AndroidRuntime: >>>>>> START com.android.internal.os.RuntimeInit uid 2000 <<<<<<
03-20 00:51:50.276 14177 14177 W app_process: type=1400 audit(0.0:1176): avc: denied { read } for name="u:object_r:device_config_runtime_native_boot_prop:s0" dev="tmpfs" ino=874 scontext=u:r:shell:s0 tcontext=u:object_r:device_config_runtime_native_boot_prop:s0 tclass=file permissive=0
03-20 00:51:50.276 14177 14177 W app_process: type=1400 audit(0.0:1177): avc: denied { read } for name="u:object_r:device_config_runtime_native_boot_prop:s0" dev="tmpfs" ino=874 scontext=u:r:shell:s0 tcontext=u:object_r:device_config_runtime_native_boot_prop:s0 tclass=file permissive=0
03-20 00:51:50.284 14177 14177 E libc    : Access denied finding property "persist.device_config.runtime_native_boot.enable_apex_image"
03-20 00:51:50.284 14177 14177 I AndroidRuntime: Using default boot image
03-20 00:51:50.284 14177 14177 E libc    : Access denied finding property "persist.device_config.runtime_native_boot.disable_lock_profiling"
03-20 00:51:50.284 14177 14177 I AndroidRuntime: Leaving lock profiling enabled
03-20 00:51:50.276 14177 14177 W app_process: type=1400 audit(0.0:1178): avc: denied { read } for name="u:object_r:device_config_runtime_native_boot_prop:s0" dev="tmpfs" ino=874 scontext=u:r:shell:s0 tcontext=u:object_r:device_config_runtime_native_boot_prop:s0 tclass=file permissive=0
03-20 00:51:50.285 14177 14177 E libc    : Access denied finding property "persist.device_config.runtime_native_boot.enable_generational_cc"
03-20 00:51:50.383 14177 14177 D ICU     : Time zone APEX file found: /apex/com.android.tzdata/etc/icu/icu_tzdata.dat
03-20 00:51:50.387 14177 14177 W app_process: Unexpected CPU variant for X86 using defaults: x86
03-20 00:51:50.390 14177 14177 I app_process: The ClassLoaderContext is a special shared library.
03-20 00:51:50.408 14177 14177 W app_process: JNI RegisterNativeMethods: attempt to register 0 native methods for android.media.AudioAttributes
03-20 00:51:50.410 14177 14177 D AndroidRuntime: Calling main entry com.android.commands.input.Input
03-20 00:51:50.427 14177 14177 D AndroidRuntime: Shutting down VM
03-20 00:51:50.544  1787  7550 W audio_hw_generic: Not supplying enough data to HAL, expected position 30611133 , only wrote 30610910
03-20 00:51:50.647  2044  2757 I ActivityManager: Killing 13393:com.google.android.calendar/u0a116 (adj 985): empty #17
03-20 00:51:50.661  2044  2070 E memtrack: Couldn't load memtrack module
03-20 00:51:50.662  2044  2070 W android.os.Debug: failed to get memory consumption info: -1
03-20 00:51:50.718  1780  1780 I Zygote  : Process 13393 exited due to signal 9 (Killed)
03-20 00:51:50.742  2044  2073 I libprocessgroup: Successfully killed process cgroup uid 10116 pid 13393 in 81ms
03-20 00:51:50.960  1800  2437 E GnssHAL_GnssInterface: gnssSvStatusCb: a: input svInfo.flags is 8
03-20 00:51:50.960  1800  2437 E GnssHAL_GnssInterface: gnssSvStatusCb: b: input svInfo.flags is 8
03-20 00:51:51.963  1800  2437 E GnssHAL_GnssInterface: gnssSvStatusCb: a: input svInfo.flags is 8
03-20 00:51:51.963  1800  2437 E GnssHAL_GnssInterface: gnssSvStatusCb: b: input svInfo.flags is 8
03-20 00:51:52.968  1800  2437 E GnssHAL_GnssInterface: gnssSvStatusCb: a: input svInfo.flags is 8
03-20 00:51:52.968  1800  2437 E GnssHAL_GnssInterface: gnssSvStatusCb: b: input svInfo.flags is 8
03-20 00:51:53.692  1787  1870 W audio_hw_generic: Not supplying enough data to HAL, expected position 30886911 , only wrote 30749720
03-20 00:51:53.969  1800  2437 E GnssHAL_GnssInterface: gnssSvStatusCb: a: input svInfo.flags is 8
03-20 00:51:53.969  1800  2437 E GnssHAL_GnssInterface: gnssSvStatusCb: b: input svInfo.flags is 8
03-20 00:51:54.436 14212 14212 D AndroidRuntime: >>>>>> START com.android.internal.os.RuntimeInit uid 2000 <<<<<<
03-20 00:51:54.426 14212 14212 W app_process: type=1400 audit(0.0:1179): avc: denied { read } for name="u:object_r:device_config_runtime_native_boot_prop:s0" dev="tmpfs" ino=874 scontext=u:r:shell:s0 tcontext=u:object_r:device_config_runtime_native_boot_prop:s0 tclass=file permissive=0
03-20 00:51:54.438 14212 14212 E libc    : Access denied finding property "persist.device_config.runtime_native_boot.enable_apex_image"
03-20 00:51:54.438 14212 14212 I AndroidRuntime: Using default boot image
03-20 00:51:54.426 14212 14212 W app_process: type=1400 audit(0.0:1180): avc: denied { read } for name="u:object_r:device_config_runtime_native_boot_prop:s0" dev="tmpfs" ino=874 scontext=u:r:shell:s0 tcontext=u:object_r:device_config_runtime_native_boot_prop:s0 tclass=file permissive=0
03-20 00:51:54.439 14212 14212 E libc    : Access denied finding property "persist.device_config.runtime_native_boot.disable_lock_profiling"
03-20 00:51:54.439 14212 14212 I AndroidRuntime: Leaving lock profiling enabled
03-20 00:51:54.426 14212 14212 W app_process: type=1400 audit(0.0:1181): avc: denied { read } for name="u:object_r:device_config_runtime_native_boot_prop:s0" dev="tmpfs" ino=874 scontext=u:r:shell:s0 tcontext=u:object_r:device_config_runtime_native_boot_prop:s0 tclass=file permissive=0
03-20 00:51:54.440 14212 14212 E libc    : Access denied finding property "persist.device_config.runtime_native_boot.enable_generational_cc"
03-20 00:51:54.482 14212 14212 D ICU     : Time zone APEX file found: /apex/com.android.tzdata/etc/icu/icu_tzdata.dat
03-20 00:51:54.485 14212 14212 W app_process: Unexpected CPU variant for X86 using defaults: x86
03-20 00:51:54.488 14212 14212 I app_process: The ClassLoaderContext is a special shared library.
03-20 00:51:54.500 14212 14212 W app_process: JNI RegisterNativeMethods: attempt to register 0 native methods for android.media.AudioAttributes
03-20 00:51:54.502 14212 14212 D AndroidRuntime: Calling main entry com.android.commands.monkey.Monkey
03-20 00:51:54.504 14212 14212 W Monkey  : args: [-p, com.german_software_engineers.trainerapp, -c, android.intent.category.LAUNCHER, 1]
03-20 00:51:54.504 14212 14212 W Monkey  :  arg: "-p"
03-20 00:51:54.504 14212 14212 W Monkey  :  arg: "com.german_software_engineers.trainerapp"
03-20 00:51:54.504 14212 14212 W Monkey  :  arg: "-c"
03-20 00:51:54.505 14212 14212 W Monkey  :  arg: "android.intent.category.LAUNCHER"
03-20 00:51:54.505 14212 14212 W Monkey  :  arg: "1"
03-20 00:51:54.505 14212 14212 W Monkey  : data="com.german_software_engineers.trainerapp"
03-20 00:51:54.505 14212 14212 W Monkey  : data="android.intent.category.LAUNCHER"
03-20 00:51:54.516  2044  2071 W BroadcastQueue: Skipping deliver [background] BroadcastRecord{58dfea9 u-1 android.net.conn.CONNECTIVITY_CHANGE} to ReceiverList{c31c2e 14212 (unknown name)/2000/u-1 remote:212d373}: process gone or crashing
03-20 00:51:54.531  2044  4636 I ActivityTaskManager: START u0 {act=android.intent.action.MAIN cat=[android.intent.category.LAUNCHER] flg=0x10200000 cmp=com.german_software_engineers.trainerapp/.TrainingsSchedule} from uid 2000
03-20 00:51:54.532  2044  4636 W Binder  : Outgoing transactions from this process must be FLAG_ONEWAY
03-20 00:51:54.532  2044  4636 W Binder  : java.lang.Throwable
03-20 00:51:54.532  2044  4636 W Binder  : 	at android.os.BinderProxy.transact(BinderProxy.java:480)
03-20 00:51:54.532  2044  4636 W Binder  : 	at android.app.IActivityController$Stub$Proxy.activityStarting(IActivityController.java:273)
03-20 00:51:54.532  2044  4636 W Binder  : 	at com.android.server.wm.ActivityStarter.startActivity(ActivityStarter.java:794)
03-20 00:51:54.532  2044  4636 W Binder  : 	at com.android.server.wm.ActivityStarter.startActivity(ActivityStarter.java:583)
03-20 00:51:54.532  2044  4636 W Binder  : 	at com.android.server.wm.ActivityStarter.startActivityMayWait(ActivityStarter.java:1288)
03-20 00:51:54.532  2044  4636 W Binder  : 	at com.android.server.wm.ActivityStarter.execute(ActivityStarter.java:514)
03-20 00:51:54.532  2044  4636 W Binder  : 	at com.android.server.wm.ActivityTaskManagerService.startActivityAsUser(ActivityTaskManagerService.java:1058)
03-20 00:51:54.532  2044  4636 W Binder  : 	at com.android.server.wm.ActivityTaskManagerService.startActivityAsUser(ActivityTaskManagerService.java:1032)
