11-10 14:01:40.447  2768  3244 W A       : Disposing empty manager. Did you forgot to subscribe observables?
11-10 14:01:40.450  2768  3244 I chatty  : uid=10103(com.google.android.googlequicksearchbox) Lite Thread #1 identical 13 lines
11-10 14:01:40.450  2768  3244 W A       : Disposing empty manager. Did you forgot to subscribe observables?
11-10 14:01:40.450  2768  3244 I A       : (REDACTED) Setting session to type: %s
11-10 14:01:40.450  2768  3244 W A       : Disposing empty manager. Did you forgot to subscribe observables?
11-10 14:01:40.451  2768  3244 I chatty  : uid=10103(com.google.android.googlequicksearchbox) Lite Thread #1 identical 12 lines
11-10 14:01:40.451  2768  3244 W A       : Disposing empty manager. Did you forgot to subscribe observables?
11-10 14:01:40.451  2768  3244 I A       : (REDACTED) onDisabled. Registered: %s
11-10 14:01:40.452  2768  3244 I A       : (REDACTED) stopListening(%s, %s)
11-10 14:01:40.452  2768  3244 I A       : (REDACTED) on opa visibility changed %s
11-10 14:01:40.453  2768  3242 I A       : Initialize
11-10 14:01:40.458 10037 10037 D AndroidRuntime: Shutting down VM
11-10 14:01:40.459  2768  3242 I A       : (REDACTED) State changed: %s => %s by %s and %s with %s
11-10 14:01:40.460  2768  3242 I A       : (REDACTED) Recognizer choice: (recognizer_type: %s, recognizer_mode: %s, choice_reason: %s)
11-10 14:01:40.460  2768  3242 I A       : (REDACTED) onActiveStateChangeEvent: %s => %s
11-10 14:01:40.460  2768  3242 I A       : (REDACTED) #onActiveStateChangeEvent, newState: %s, previousState: %s.
11-10 14:01:40.462  2768  3244 I NgaEntryPointEventSendr: setupConnection
11-10 14:01:40.464  2768  3242 I A       : Nga state changed
11-10 14:01:40.466  2768  3242 I A       : (REDACTED) on opa visibility changed %s
11-10 14:01:40.470  2768  3244 I NgaEntryPointEventSendr: (REDACTED) State changed: %s => %s
11-10 14:01:40.471  2972  2972 I A       : Creating pss binder().
11-10 14:01:40.472  2768  3244 I A       : Successfully initialized all components
11-10 14:01:40.472  2768  3242 I NgaEntryPointEventSendr: onServiceConnected
11-10 14:01:40.473  2972  3261 I A       : Trying to enqueue PieTriggeringWorker
11-10 14:01:40.474  2768  2768 I A       : (REDACTED) eventData = %s
11-10 14:01:40.474  2768  3244 I A       : Logging success flow
11-10 14:01:40.475  2972  7514 I A       : Calling beginBinderSession().
11-10 14:01:40.475  2972  7514 I A       : beginBinderSession(): calling binder
11-10 14:01:40.476  2768  3242 I NgaEntryPointEventSendr: (REDACTED) State changed: %s => %s
11-10 14:01:40.494  2972  3259 I A       : (REDACTED) group %s not present %s in %s
11-10 14:01:40.495  2972  3259 I A       : (REDACTED) incrementApaDataDownloadStoreStatus(latency = %s, appVersion = %s, status = %s, locale = %s, fileGroupnames = %s, accountScoped = %s, localGroupsAvailable = %s, timeSinceSearchBoot = %s (%s), timeSinceDataDownloadInit = %s (%s))
11-10 14:01:40.496  2972  3256 I A       : (REDACTED) incrementApaDataDownloadStoreStatusNotFound(appVersion = %s, locale = %s, groupName = %s, accountScoped = %s, foundGroups = %s, status = %s, localGroupsAvailable = %s)
11-10 14:01:40.501  2768  3242 I NgaEntryPointEventSendr: (REDACTED) State changed: %s => %s (%s)
11-10 14:01:40.502  2972  3261 W A       : (REDACTED) %s task was not run. Callback from Service received after client was disposed.
11-10 14:01:40.502  2972  4127 I PBSessionCacheImpl: (REDACTED) Deleted sessionId[%d] from persistence.
11-10 14:01:40.510  2972  3261 W SearchServiceCore: Abort, client detached.
11-10 14:01:40.511  2972  3261 I HttpStreamingTapasSearc: (REDACTED) taskGraphFactory: %s#%d
11-10 14:01:40.651  1794  2270 E GnssHAL_GnssInterface: gnssSvStatusCb: a: input svInfo.flags is 8
11-10 14:01:40.651  1794  2270 E GnssHAL_GnssInterface: gnssSvStatusCb: b: input svInfo.flags is 8
11-10 14:01:41.300 10067 10067 D AndroidRuntime: >>>>>> START com.android.internal.os.RuntimeInit uid 2000 <<<<<<
11-10 14:01:41.298 10067 10067 W app_process: type=1400 audit(0.0:407): avc: denied { read } for name="u:object_r:device_config_runtime_native_boot_prop:s0" dev="tmpfs" ino=7811 scontext=u:r:shell:s0 tcontext=u:object_r:device_config_runtime_native_boot_prop:s0 tclass=file permissive=0
11-10 14:01:41.302 10067 10067 E libc    : Access denied finding property "persist.device_config.runtime_native_boot.enable_apex_image"
11-10 14:01:41.302 10067 10067 I AndroidRuntime: Using default boot image
11-10 14:01:41.302 10067 10067 E libc    : Access denied finding property "persist.device_config.runtime_native_boot.disable_lock_profiling"
11-10 14:01:41.302 10067 10067 I AndroidRuntime: Leaving lock profiling enabled
11-10 14:01:41.298 10067 10067 W app_process: type=1400 audit(0.0:408): avc: denied { read } for name="u:object_r:device_config_runtime_native_boot_prop:s0" dev="tmpfs" ino=7811 scontext=u:r:shell:s0 tcontext=u:object_r:device_config_runtime_native_boot_prop:s0 tclass=file permissive=0
11-10 14:01:41.298 10067 10067 W app_process: type=1400 audit(0.0:409): avc: denied { read } for name="u:object_r:device_config_runtime_native_boot_prop:s0" dev="tmpfs" ino=7811 scontext=u:r:shell:s0 tcontext=u:object_r:device_config_runtime_native_boot_prop:s0 tclass=file permissive=0
11-10 14:01:41.302 10067 10067 E libc    : Access denied finding property "persist.device_config.runtime_native_boot.enable_generational_cc"
11-10 14:01:41.303 10067 10067 W app_process: Could not reserve sentinel fault page
11-10 14:01:41.344 10067 10067 D ICU     : Time zone APEX file found: /apex/com.android.tzdata/etc/icu/icu_tzdata.dat
11-10 14:01:41.348 10067 10067 W app_process: Unexpected CPU variant for X86 using defaults: x86
11-10 14:01:41.351 10067 10067 I app_process: The ClassLoaderContext is a special shared library.
11-10 14:01:41.352 10067 10067 I app_process: The ClassLoaderContext is a special shared library.
11-10 14:01:41.365 10067 10067 W app_process: JNI RegisterNativeMethods: attempt to register 0 native methods for android.media.AudioAttributes
11-10 14:01:41.368 10067 10067 D AndroidRuntime: Calling main entry com.android.commands.uiautomator.Launcher
11-10 14:01:41.379  2972  3166 I A       : NGA disabled since it's running Panthera and at least one a11y feature is on.
11-10 14:01:41.379  2972  3166 I A       : (REDACTED) Nga state changed to %s
11-10 14:01:41.380  2768  7520 I A       : (REDACTED) APA or Classic session decision: %s.
11-10 14:01:41.380  2768  3244 I A       : Unsubscribed to apa or classic variant change.
11-10 14:01:41.394  2972  3261 I A       : Trying to enqueue PieTriggeringWorker
11-10 14:01:41.396  2768  2768 I A       : (REDACTED) eventData = %s
11-10 14:01:41.397  2768  3242 I A       : Logging success flow
11-10 14:01:41.406  2972  3261 I A       : Trying to enqueue PieTriggeringWorker
11-10 14:01:41.408  2768  2768 I A       : (REDACTED) eventData = %s
11-10 14:01:41.409  2768  3242 I A       : Logging success flow
11-10 14:01:41.416  2972  3261 I A       : Trying to enqueue PieTriggeringWorker
11-10 14:01:41.417  2768  2768 I A       : (REDACTED) eventData = %s
11-10 14:01:41.655  1794  2270 E GnssHAL_GnssInterface: gnssSvStatusCb: a: input svInfo.flags is 8
11-10 14:01:41.655  1794  2270 E GnssHAL_GnssInterface: gnssSvStatusCb: b: input svInfo.flags is 8
11-10 14:01:42.391 10067 10067 W AccessibilityNodeInfoDumper: Fetch time: 3ms
11-10 14:01:41.374  2030  2030 V SettingsProvider: Notifying for 0: content://settings/secure/accessibility_enabled
11-10 14:01:42.392  2030  5415 W WindowManager: removeWindowToken: Attempted to remove non-existing token: android.os.Binder@e5201f3
11-10 14:01:42.394  2030  2030 V SettingsProvider: Notifying for 0: content://settings/secure/accessibility_enabled
11-10 14:01:42.397  2972  3184 I A       : NGA enabled in interactor.
11-10 14:01:42.397  2972  3184 I A       : (REDACTED) Nga state changed to %s
11-10 14:01:42.398  2768  3867 I A       : Initializing all components
11-10 14:01:42.399  2768  3242 I A       : (REDACTED) onIsEnabledChanged, isEnabled: %s
11-10 14:01:42.399  2768  3242 W A       : Disposing empty manager. Did you forgot to subscribe observables?
11-10 14:01:42.399  2768  3242 W A       : Disposing empty manager. Did you forgot to subscribe observables?
11-10 14:01:42.399  2768  3867 I A       : (REDACTED) APA or Classic session decision: %s.
11-10 14:01:42.399  2768  3242 W A       : Disposing empty manager. Did you forgot to subscribe observables?
11-10 14:01:42.400  2768  3242 I chatty  : uid=10103(com.google.android.googlequicksearchbox) Lite Thread #0 identical 11 lines
11-10 14:01:42.400  2768  3242 W A       : Disposing empty manager. Did you forgot to subscribe observables?
11-10 14:01:42.400  2768  3242 I A       : (REDACTED) Setting session to type: %s
11-10 14:01:42.400 10067 10067 D AndroidRuntime: Shutting down VM
11-10 14:01:42.400  2768  3242 W A       : Disposing empty manager. Did you forgot to subscribe observables?
11-10 14:01:42.401  2768  3242 I chatty  : uid=10103(com.google.android.googlequicksearchbox) Lite Thread #0 identical 12 lines
11-10 14:01:42.401  2768  3242 W A       : Disposing empty manager. Did you forgot to subscribe observables?
11-10 14:01:42.401  2768  3242 I A       : (REDACTED) onDisabled. Registered: %s
11-10 14:01:42.402  2768  3242 I A       : (REDACTED) State changed: %s => %s by %s and %s with %s
11-10 14:01:42.402  2768  3242 I A       : (REDACTED) Recognizer choice: (recognizer_type: %s, recognizer_mode: %s, choice_reason: %s)
11-10 14:01:42.403  2768  3244 I NgaEntryPointEventSendr: setupConnection
11-10 14:01:42.404  2768  3242 I A       : (REDACTED) onActiveStateChangeEvent: %s => %s
11-10 14:01:42.404  2768  3242 I A       : (REDACTED) #onActiveStateChangeEvent, newState: %s, previousState: %s.
11-10 14:01:42.409  2768  3244 I NgaEntryPointEventSendr: (REDACTED) State changed: %s => %s
11-10 14:01:42.409  2768  3244 I A       : (REDACTED) stopListening(%s, %s)
11-10 14:01:42.415  2768  3242 I A       : Initialize
11-10 14:01:42.426  2768  3244 I A       : Successfully initialized all components
11-10 14:01:42.432  2768  3242 I A       : (REDACTED) on opa visibility changed %s
11-10 14:01:42.436  2972  2972 I A       : Creating pss binder().
11-10 14:01:42.438  2768  3242 I NgaEntryPointEventSendr: onServiceConnected
11-10 14:01:42.438  2972  7514 I A       : Calling beginBinderSession().
11-10 14:01:42.438  2972  7514 I A       : beginBinderSession(): calling binder
11-10 14:01:42.439  2768  3242 I NgaEntryPointEventSendr: (REDACTED) State changed: %s => %s
11-10 14:01:42.441  2768  3244 I A       : (REDACTED) on opa visibility changed %s
11-10 14:01:42.443  2972  3261 I A       : Trying to enqueue PieTriggeringWorker
11-10 14:01:42.455  2972  3259 I A       : (REDACTED) group %s not present %s in %s
11-10 14:01:42.459  2972  3259 I A       : (REDACTED) incrementApaDataDownloadStoreStatus(latency = %s, appVersion = %s, status = %s, locale = %s, fileGroupnames = %s, accountScoped = %s, localGroupsAvailable = %s, timeSinceSearchBoot = %s (%s), timeSinceDataDownloadInit = %s (%s))
11-10 14:01:42.463  2972  3256 I A       : (REDACTED) incrementApaDataDownloadStoreStatusNotFound(appVersion = %s, locale = %s, groupName = %s, accountScoped = %s, foundGroups = %s, status = %s, localGroupsAvailable = %s)
11-10 14:01:42.464  2768  2768 I A       : (REDACTED) eventData = %s
11-10 14:01:42.464  2768  3242 I A       : Logging success flow
11-10 14:01:42.465  2972  3261 W A       : (REDACTED) %s task was not run. Callback from Service received after client was disposed.
11-10 14:01:42.465  2972  3261 I chatty  : uid=10103(com.google.android.googlequicksearchbox) EventBus0 identical 1 line
11-10 14:01:42.467  2972  3261 W A       : (REDACTED) %s task was not run. Callback from Service received after client was disposed.
11-10 14:01:42.467  2768  3242 I NgaEntryPointEventSendr: (REDACTED) State changed: %s => %s (%s)
11-10 14:01:42.468  2972  4127 I PBSessionCacheImpl: (REDACTED) Deleted sessionId[%d] from persistence.
11-10 14:01:42.475  2972  3261 W SearchServiceCore: Abort, client detached.
11-10 14:01:42.475  2972  3261 I HttpStreamingTapasSearc: (REDACTED) taskGraphFactory: %s#%d
11-10 14:01:42.659  1794  2270 E GnssHAL_GnssInterface: gnssSvStatusCb: a: input svInfo.flags is 8
11-10 14:01:42.659  1794  2270 E GnssHAL_GnssInterface: gnssSvStatusCb: b: input svInfo.flags is 8
11-10 14:01:42.752  2030  2141 D ConnectivityService: releasing NetworkRequest [ REQUEST id=43, [ Transports: CELLULAR Capabilities: INTERNET&NOT_RESTRICTED&TRUSTED&NOT_VPN Uid: 10103] ] (release request)
11-10 14:01:42.759  1778  1778 I netd    : networkSetPermissionForNetwork(100, 1) <5.95ms>
11-10 14:01:43.258 10101 10101 W app_process: type=1400 audit(0.0:410): avc: denied { read } for name="u:object_r:device_config_runtime_native_boot_prop:s0" dev="tmpfs" ino=7811 scontext=u:r:shell:s0 tcontext=u:object_r:device_config_runtime_native_boot_prop:s0 tclass=file permissive=0
11-10 14:01:43.258 10101 10101 W app_process: type=1400 audit(0.0:411): avc: denied { read } for name="u:object_r:device_config_runtime_native_boot_prop:s0" dev="tmpfs" ino=7811 scontext=u:r:shell:s0 tcontext=u:object_r:device_config_runtime_native_boot_prop:s0 tclass=file permissive=0
11-10 14:01:43.262 10101 10101 D AndroidRuntime: >>>>>> START com.android.internal.os.RuntimeInit uid 2000 <<<<<<
11-10 14:01:43.263 10101 10101 E libc    : Access denied finding property "persist.device_config.runtime_native_boot.enable_apex_image"
11-10 14:01:43.263 10101 10101 I AndroidRuntime: Using default boot image
11-10 14:01:43.263 10101 10101 E libc    : Access denied finding property "persist.device_config.runtime_native_boot.disable_lock_profiling"
11-10 14:01:43.263 10101 10101 I AndroidRuntime: Leaving lock profiling enabled
11-10 14:01:43.263 10101 10101 E libc    : Access denied finding property "persist.device_config.runtime_native_boot.enable_generational_cc"
11-10 14:01:43.258 10101 10101 W app_process: type=1400 audit(0.0:412): avc: denied { read } for name="u:object_r:device_config_runtime_native_boot_prop:s0" dev="tmpfs" ino=7811 scontext=u:r:shell:s0 tcontext=u:object_r:device_config_runtime_native_boot_prop:s0 tclass=file permissive=0
11-10 14:01:43.304 10101 10101 D ICU     : Time zone APEX file found: /apex/com.android.tzdata/etc/icu/icu_tzdata.dat
11-10 14:01:43.307 10101 10101 W app_process: Unexpected CPU variant for X86 using defaults: x86
11-10 14:01:43.310 10101 10101 I app_process: The ClassLoaderContext is a special shared library.
11-10 14:01:43.311 10101 10101 I app_process: The ClassLoaderContext is a special shared library.
11-10 14:01:43.323 10101 10101 W app_process: JNI RegisterNativeMethods: attempt to register 0 native methods for android.media.AudioAttributes
11-10 14:01:43.325 10101 10101 D AndroidRuntime: Calling main entry com.android.commands.uiautomator.Launcher
11-10 14:01:43.332  2030  2030 V SettingsProvider: Notifying for 0: content://settings/secure/accessibility_enabled
11-10 14:01:43.337  2972  3184 I A       : NGA disabled since it's running Panthera and at least one a11y feature is on.
11-10 14:01:43.337  2972  3184 I A       : (REDACTED) Nga state changed to %s
11-10 14:01:43.342  2768  7520 I A       : (REDACTED) APA or Classic session decision: %s.
11-10 14:01:43.342  2768  3244 I A       : Unsubscribed to apa or classic variant change.
11-10 14:01:43.350  2972  3261 I A       : Trying to enqueue PieTriggeringWorker
11-10 14:01:43.352  2768  2768 I A       : (REDACTED) eventData = %s
11-10 14:01:43.352  2768  3244 I A       : Logging success flow
11-10 14:01:43.360  2972  3261 I A       : Trying to enqueue PieTriggeringWorker
11-10 14:01:43.361  2768  2768 I A       : (REDACTED) eventData = %s
11-10 14:01:43.361  2768  3244 I A       : Logging success flow
11-10 14:01:43.368  2972  3261 I A       : Trying to enqueue PieTriggeringWorker
11-10 14:01:43.369  2768  2768 I A       : (REDACTED) eventData = %s
11-10 14:01:43.664  1794  2270 E GnssHAL_GnssInterface: gnssSvStatusCb: a: input svInfo.flags is 8
11-10 14:01:43.664  1794  2270 E GnssHAL_GnssInterface: gnssSvStatusCb: b: input svInfo.flags is 8
11-10 14:01:44.354 10101 10101 W AccessibilityNodeInfoDumper: Fetch time: 4ms
11-10 14:01:44.356  2030  7011 W WindowManager: removeWindowToken: Attempted to remove non-existing token: android.os.Binder@327ef1f
11-10 14:01:44.358  2030  2030 V SettingsProvider: Notifying for 0: content://settings/secure/accessibility_enabled
11-10 14:01:44.364 10101 10101 D AndroidRuntime: Shutting down VM
11-10 14:01:44.364  2972  3184 I A       : NGA enabled in interactor.
11-10 14:01:44.364  2972  3184 I A       : (REDACTED) Nga state changed to %s
11-10 14:01:44.366  2768  3867 I A       : Initializing all components
11-10 14:01:44.366  2768  3867 I A       : (REDACTED) APA or Classic session decision: %s.
11-10 14:01:44.366  2768  3242 I A       : (REDACTED) onIsEnabledChanged, isEnabled: %s
11-10 14:01:44.366  2768  3242 W A       : Disposing empty manager. Did you forgot to subscribe observables?
11-10 14:01:44.366  2768  3242 W A       : Disposing empty manager. Did you forgot to subscribe observables?
11-10 14:01:44.366  2768  3244 I A       : (REDACTED) State changed: %s => %s by %s and %s with %s
11-10 14:01:44.366  2768  3242 W A       : Disposing empty manager. Did you forgot to subscribe observables?
11-10 14:01:44.367  2768  3242 W A       : Disposing empty manager. Did you forgot to subscribe observables?
11-10 14:01:44.367  2768  3244 I A       : (REDACTED) Recognizer choice: (recognizer_type: %s, recognizer_mode: %s, choice_reason: %s)
11-10 14:01:44.367  2768  3242 W A       : Disposing empty manager. Did you forgot to subscribe observables?
11-10 14:01:44.367  2768  3242 I chatty  : uid=10103(com.google.android.googlequicksearchbox) Lite Thread #0 identical 9 lines
11-10 14:01:44.367  2768  3242 W A       : Disposing empty manager. Did you forgot to subscribe observables?
11-10 14:01:44.367  2768  3242 I A       : (REDACTED) Setting session to type: %s
11-10 14:01:44.367  2768  3242 W A       : Disposing empty manager. Did you forgot to subscribe observables?
11-10 14:01:44.367  2768  3242 I chatty  : uid=10103(com.google.android.googlequicksearchbox) Lite Thread #0 identical 5 lines
11-10 14:01:44.367  2768  3242 W A       : Disposing empty manager. Did you forgot to subscribe observables?
11-10 14:01:44.367  2768  3244 I A       : (REDACTED) onActiveStateChangeEvent: %s => %s
11-10 14:01:44.367  2768  3242 W A       : Disposing empty manager. Did you forgot to subscribe observables?
11-10 14:01:44.367  2768  3242 I chatty  : uid=10103(com.google.android.googlequicksearchbox) Lite Thread #0 identical 3 lines
11-10 14:01:44.367  2768  3242 W A       : Disposing empty manager. Did you forgot to subscribe observables?
11-10 14:01:44.368  2768  3244 I A       : (REDACTED) #onActiveStateChangeEvent, newState: %s, previousState: %s.
11-10 14:01:44.368  2768  3242 W A       : Disposing empty manager. Did you forgot to subscribe observables?
11-10 14:01:44.368  2768  3242 W A       : Disposing empty manager. Did you forgot to subscribe observables?
11-10 14:01:44.368  2768  3242 I A       : (REDACTED) onDisabled. Registered: %s
11-10 14:01:44.368  2768  3242 I NgaEntryPointEventSendr: setupConnection
11-10 14:01:44.379  2768  3242 I NgaEntryPointEventSendr: (REDACTED) State changed: %s => %s
11-10 14:01:44.380  2768  3242 I A       : (REDACTED) stopListening(%s, %s)
11-10 14:01:44.380  2768  3242 I A       : (REDACTED) on opa visibility changed %s
11-10 14:01:44.381  2768  3244 I A       : Initialize
11-10 14:01:44.386  2972  2972 I A       : Creating pss binder().
11-10 14:01:44.393  2768  3242 I NgaEntryPointEventSendr: onServiceConnected
11-10 14:01:44.394  2972  7514 I A       : Calling beginBinderSession().
11-10 14:01:44.394  2972  7514 I A       : beginBinderSession(): calling binder
11-10 14:01:44.395  2768  3242 I NgaEntryPointEventSendr: (REDACTED) State changed: %s => %s
11-10 14:01:44.398  2768  3244 I A       : (REDACTED) on opa visibility changed %s
11-10 14:01:44.399  2768  3242 I A       : Successfully initialized all components
11-10 14:01:44.413  2972  3259 I A       : (REDACTED) group %s not present %s in %s
11-10 14:01:44.414  2972  3256 I A       : (REDACTED) incrementApaDataDownloadStoreStatus(latency = %s, appVersion = %s, status = %s, locale = %s, fileGroupnames = %s, accountScoped = %s, localGroupsAvailable = %s, timeSinceSearchBoot = %s (%s), timeSinceDataDownloadInit = %s (%s))
11-10 14:01:44.417  2972  3261 I A       : Trying to enqueue PieTriggeringWorker
11-10 14:01:44.417  2972  3256 I A       : (REDACTED) incrementApaDataDownloadStoreStatusNotFound(appVersion = %s, locale = %s, groupName = %s, accountScoped = %s, foundGroups = %s, status = %s, localGroupsAvailable = %s)
11-10 14:01:44.420  2972  3261 W A       : (REDACTED) %s task was not run. Callback from Service received after client was disposed.
11-10 14:01:44.420  2972  3261 W A       : (REDACTED) %s task was not run. Callback from Service received after client was disposed.
11-10 14:01:44.420  2768  3242 I NgaEntryPointEventSendr: (REDACTED) State changed: %s => %s (%s)
11-10 14:01:44.422  2972  3261 W A       : (REDACTED) %s task was not run. Callback from Service received after client was disposed.
11-10 14:01:44.423  2972  4127 I PBSessionCacheImpl: (REDACTED) Deleted sessionId[%d] from persistence.
11-10 14:01:44.427  2972  3261 W SearchServiceCore: Abort, client detached.
11-10 14:01:44.427  2972  3261 I HttpStreamingTapasSearc: (REDACTED) taskGraphFactory: %s#%d
11-10 14:01:44.430  2768  2768 I A       : (REDACTED) eventData = %s
11-10 14:01:44.430  2768  3242 I A       : Logging success flow
11-10 14:01:44.538  1795  1889 D gralloc_ranchu: gralloc_alloc: Creating ashmem region of size 8298496
11-10 14:01:44.548  1683  1683 I hwservicemanager: getTransport: Cannot find entry android.hardware.graphics.mapper@3.0::IMapper/default in either framework or device manifest.
11-10 14:01:44.548 10118 10118 W Gralloc3: mapper 3.x is not supported
11-10 14:01:44.555 10118 10118 D HostConnection: createUnique: call
11-10 14:01:44.556 10118 10118 D HostConnection: HostConnection::get() New Host Connection established 0xe9a65d70, tid 10118
11-10 14:01:44.557 10118 10118 D HostConnection: HostComposition ext ANDROID_EMU_CHECKSUM_HELPER_v1 ANDROID_EMU_native_sync_v2 ANDROID_EMU_native_sync_v3 ANDROID_EMU_native_sync_v4 ANDROID_EMU_dma_v1 ANDROID_EMU_direct_mem ANDROID_EMU_host_composition_v1 ANDROID_EMU_host_composition_v2 ANDROID_EMU_YUV420_888_to_NV21 ANDROID_EMU_YUV_Cache ANDROID_EMU_async_unmap_buffer GL_OES_EGL_image_external_essl3 GL_OES_vertex_array_object GL_KHR_texture_compression_astc_ldr ANDROID_EMU_host_side_tracing ANDROID_EMU_gles_max_version_3_0 
11-10 14:01:44.558 10118 10118 D eglCodecCommon: allocate: Ask for block of size 0x1000
11-10 14:01:44.558 10118 10118 D eglCodecCommon: allocate: ioctl allocate returned offset 0x3ff807000 size 0x2000
11-10 14:01:44.568 10118 10118 D eglCodecCommon: allocate: Ask for block of size 0x7ea000
11-10 14:01:44.569 10118 10118 D eglCodecCommon: allocate: ioctl allocate returned offset 0x3ff01e000 size 0x7eb000
11-10 14:01:44.667  1794  2270 E GnssHAL_GnssInterface: gnssSvStatusCb: a: input svInfo.flags is 8
11-10 14:01:44.667  1794  2270 E GnssHAL_GnssInterface: gnssSvStatusCb: b: input svInfo.flags is 8
11-10 14:01:44.696  6861 10126 I MediaProvider: Begin Intent { act=android.intent.action.MEDIA_SCANNER_SCAN_FILE dat=file:///sdcard/screen.png flg=0x1400010 cmp=com.android.providers.media/.MediaService }
11-10 14:01:44.700  6861 10126 W ExifInterface: Invalid image: ExifInterface got an unsupported image format file(ExifInterface supports JPEG and some RAW image formats only) or a corrupted JPEG file to ExifInterface.
11-10 14:01:44.700  6861 10126 W ExifInterface: java.io.IOException: Invalid byte order: ffff8950
11-10 14:01:44.700  6861 10126 W ExifInterface: 	at android.media.ExifInterface.readByteOrder(ExifInterface.java:3121)
11-10 14:01:44.700  6861 10126 W ExifInterface: 	at android.media.ExifInterface.isOrfFormat(ExifInterface.java:2437)
11-10 14:01:44.700  6861 10126 W ExifInterface: 	at android.media.ExifInterface.getMimeType(ExifInterface.java:2315)
11-10 14:01:44.700  6861 10126 W ExifInterface: 	at android.media.ExifInterface.loadAttributes(ExifInterface.java:1753)
11-10 14:01:44.700  6861 10126 W ExifInterface: 	at android.media.ExifInterface.<init>(ExifInterface.java:1447)
11-10 14:01:44.700  6861 10126 W ExifInterface: 	at com.android.providers.media.scan.ModernMediaScanner.scanItemImage(ModernMediaScanner.java:729)
11-10 14:01:44.700  6861 10126 W ExifInterface: 	at com.android.providers.media.scan.ModernMediaScanner.scanItem(ModernMediaScanner.java:502)
11-10 14:01:44.700  6861 10126 W ExifInterface: 	at com.android.providers.media.scan.ModernMediaScanner.access$500(ModernMediaScanner.java:118)
11-10 14:01:44.700  6861 10126 W ExifInterface: 	at com.android.providers.media.scan.ModernMediaScanner$Scan.visitFile(ModernMediaScanner.java:406)
11-10 14:01:44.700  6861 10126 W ExifInterface: 	at com.android.providers.media.scan.ModernMediaScanner$Scan.visitFile(ModernMediaScanner.java:207)
11-10 14:01:44.700  6861 10126 W ExifInterface: 	at java.nio.file.Files.walkFileTree(Files.java:2670)
11-10 14:01:44.700  6861 10126 W ExifInterface: 	at java.nio.file.Files.walkFileTree(Files.java:2742)
11-10 14:01:44.700  6861 10126 W ExifInterface: 	at com.android.providers.media.scan.ModernMediaScanner$Scan.walkFileTree(ModernMediaScanner.java:267)
11-10 14:01:44.700  6861 10126 W ExifInterface: 	at com.android.providers.media.scan.ModernMediaScanner$Scan.run(ModernMediaScanner.java:245)
11-10 14:01:44.700  6861 10126 W ExifInterface: 	at com.android.providers.media.scan.ModernMediaScanner.scanFile(ModernMediaScanner.java:174)
11-10 14:01:44.700  6861 10126 W ExifInterface: 	at com.android.providers.media.MediaService.onScanFile(MediaService.java:164)
11-10 14:01:44.700  6861 10126 W ExifInterface: 	at com.android.providers.media.MediaService.onHandleIntent(MediaService.java:90)
11-10 14:01:44.700  6861 10126 W ExifInterface: 	at android.app.IntentService$ServiceHandler.handleMessage(IntentService.java:78)
11-10 14:01:44.700  6861 10126 W ExifInterface: 	at android.os.Handler.dispatchMessage(Handler.java:107)
11-10 14:01:44.700  6861 10126 W ExifInterface: 	at android.os.Looper.loop(Looper.java:214)
11-10 14:01:44.700  6861 10126 W ExifInterface: 	at android.os.HandlerThread.run(HandlerThread.java:67)
11-10 14:01:44.709  6861 10126 I MediaProvider: End Intent { act=android.intent.action.MEDIA_SCANNER_SCAN_FILE dat=file:///sdcard/screen.png flg=0x1400010 cmp=com.android.providers.media/.MediaService }
11-10 14:01:44.839  5816  9541 I NetworkScheduler.Stats: Task com.google.android.gms/com.google.android.gms.ipa.base.IpaGcmTaskService started execution. cause:9 exec_start_elapsed_seconds: 615 [CONTEXT service_id=218 ]
11-10 14:01:44.846  5816  5816 D BoundBrokerSvc: onBind: Intent { act=com.google.android.gms.scheduler.ACTION_PROXY_SCHEDULE dat=chimera-action:com.google.android.gms.scheduler.ACTION_PROXY_SCHEDULE cmp=com.google.android.gms/.chimera.PersistentApiService }
11-10 14:01:44.846  5816  5816 D BoundBrokerSvc: Loading bound service for intent: Intent { act=com.google.android.gms.scheduler.ACTION_PROXY_SCHEDULE dat=chimera-action:com.google.android.gms.scheduler.ACTION_PROXY_SCHEDULE cmp=com.google.android.gms/.chimera.PersistentApiService }
11-10 14:01:44.851  5816  8039 I NetworkScheduler.Stats: Task com.google.android.gms/com.google.android.gms.ipa.base.IpaGcmTaskService finished executing. cause:9 result: 1 elapsed_millis: 63 uptime_millis: 63 exec_start_elapsed_seconds: 615 [CONTEXT service_id=218 ]
11-10 14:01:45.671  1794  2270 E GnssHAL_GnssInterface: gnssSvStatusCb: a: input svInfo.flags is 8
11-10 14:01:45.672  1794  2270 E GnssHAL_GnssInterface: gnssSvStatusCb: b: input svInfo.flags is 8
11-10 14:01:46.672  1794  2270 E GnssHAL_GnssInterface: gnssSvStatusCb: a: input svInfo.flags is 8
11-10 14:01:46.672  1794  2270 E GnssHAL_GnssInterface: gnssSvStatusCb: b: input svInfo.flags is 8
11-10 14:01:46.954 10130 10130 D AndroidRuntime: >>>>>> START com.android.internal.os.RuntimeInit uid 2000 <<<<<<
11-10 14:01:46.948 10130 10130 W app_process: type=1400 audit(0.0:413): avc: denied { read } for name="u:object_r:device_config_runtime_native_boot_prop:s0" dev="tmpfs" ino=7811 scontext=u:r:shell:s0 tcontext=u:object_r:device_config_runtime_native_boot_prop:s0 tclass=file permissive=0
11-10 14:01:46.957 10130 10130 E libc    : Access denied finding property "persist.device_config.runtime_native_boot.enable_generational_cc"
11-10 14:01:46.993 10130 10130 D ICU     : Time zone APEX file found: /apex/com.android.tzdata/etc/icu/icu_tzdata.dat
11-10 14:01:46.995 10130 10130 W app_process: Unexpected CPU variant for X86 using defaults: x86
11-10 14:01:47.002 10130 10130 I app_process: The ClassLoaderContext is a special shared library.
11-10 14:01:47.002 10130 10130 I app_process: The ClassLoaderContext is a special shared library.
11-10 14:01:47.013 10130 10130 W app_process: JNI RegisterNativeMethods: attempt to register 0 native methods for android.media.AudioAttributes
11-10 14:01:47.015 10130 10130 D AndroidRuntime: Calling main entry com.android.commands.uiautomator.Launcher
11-10 14:01:47.024  2972  3166 I A       : NGA disabled since it's running Panthera and at least one a11y feature is on.
11-10 14:01:47.024  2972  3166 I A       : (REDACTED) Nga state changed to %s
11-10 14:01:47.024  2768  8491 I A       : (REDACTED) APA or Classic session decision: %s.
11-10 14:01:47.025  2768  3244 I A       : Unsubscribed to apa or classic variant change.
11-10 14:01:47.030  2030  2056 E memtrack: Couldn't load memtrack module
11-10 14:01:47.030  2030  2056 W android.os.Debug: failed to get memory consumption info: -1
11-10 14:01:47.044  2972  3261 I A       : Trying to enqueue PieTriggeringWorker
11-10 14:01:47.046  2768  2768 I A       : (REDACTED) eventData = %s
11-10 14:01:47.046  2768  3242 I A       : Logging success flow
11-10 14:01:47.054  2972  3261 I A       : Trying to enqueue PieTriggeringWorker
11-10 14:01:47.055  2768  2768 I A       : (REDACTED) eventData = %s
11-10 14:01:47.056  2768  3242 I A       : Logging success flow
11-10 14:01:47.063  2972  3261 I A       : Trying to enqueue PieTriggeringWorker
11-10 14:01:47.064  2768  2768 I A       : (REDACTED) eventData = %s
11-10 14:01:47.672  1794  2270 E GnssHAL_GnssInterface: gnssSvStatusCb: a: input svInfo.flags is 8
11-10 14:01:47.672  1794  2270 E GnssHAL_GnssInterface: gnssSvStatusCb: b: input svInfo.flags is 8
11-10 14:01:48.061 10130 10130 W AccessibilityNodeInfoDumper: Fetch time: 8ms
11-10 14:01:47.021  2030  2030 V SettingsProvider: Notifying for 0: content://settings/secure/accessibility_enabled
11-10 14:01:48.062  2030  4894 W WindowManager: removeWindowToken: Attempted to remove non-existing token: android.os.Binder@77152df
11-10 14:01:48.065  2030  2030 V SettingsProvider: Notifying for 0: content://settings/secure/accessibility_enabled
11-10 14:01:48.078 10130 10130 D AndroidRuntime: Shutting down VM
11-10 14:01:48.085  2972  3184 I A       : NGA enabled in interactor.
11-10 14:01:48.085  2972  3184 I A       : (REDACTED) Nga state changed to %s
11-10 14:01:48.089  2768  8491 I A       : Initializing all components
11-10 14:01:48.090  2768  8491 I A       : (REDACTED) APA or Classic session decision: %s.
11-10 14:01:48.091  2768  3242 I A       : (REDACTED) onIsEnabledChanged, isEnabled: %s
11-10 14:01:48.091  2768  3242 W A       : Disposing empty manager. Did you forgot to subscribe observables?
11-10 14:01:48.091  2768  3242 W A       : Disposing empty manager. Did you forgot to subscribe observables?
11-10 14:01:48.091  2768  3244 I A       : (REDACTED) State changed: %s => %s by %s and %s with %s
11-10 14:01:48.092  2768  3242 W A       : Disposing empty manager. Did you forgot to subscribe observables?
11-10 14:01:48.094  2768  3242 I chatty  : uid=10103(com.google.android.googlequicksearchbox) Lite Thread #0 identical 6 lines
11-10 14:01:48.094  2768  3242 W A       : Disposing empty manager. Did you forgot to subscribe observables?
11-10 14:01:48.095  2768  3244 I A       : (REDACTED) Recognizer choice: (recognizer_type: %s, recognizer_mode: %s, choice_reason: %s)
11-10 14:01:48.096  2768  3242 W A       : Disposing empty manager. Did you forgot to subscribe observables?
11-10 14:01:48.097  2768  3242 I chatty  : uid=10103(com.google.android.googlequicksearchbox) Lite Thread #0 identical 3 lines
11-10 14:01:48.097  2768  3242 W A       : Disposing empty manager. Did you forgot to subscribe observables?
11-10 14:01:48.098  2768  3242 I A       : (REDACTED) Setting session to type: %s
11-10 14:01:48.098  2768  3242 W A       : Disposing empty manager. Did you forgot to subscribe observables?
11-10 14:01:48.101  2768  3242 I chatty  : uid=10103(com.google.android.googlequicksearchbox) Lite Thread #0 identical 11 lines
11-10 14:01:48.101  2768  3242 W A       : Disposing empty manager. Did you forgot to subscribe observables?
11-10 14:01:48.104  2768  3244 I A       : (REDACTED) onActiveStateChangeEvent: %s => %s
11-10 14:01:48.104  2768  3244 I A       : (REDACTED) #onActiveStateChangeEvent, newState: %s, previousState: %s.
11-10 14:01:48.108  2768  3242 W A       : Disposing empty manager. Did you forgot to subscribe observables?
11-10 14:01:48.109  2768  3242 I A       : (REDACTED) onDisabled. Registered: %s
11-10 14:01:48.111  2768  3242 I A       : (REDACTED) on opa visibility changed %s
11-10 14:01:48.111  2768  3242 I A       : (REDACTED) stopListening(%s, %s)
11-10 14:01:48.115  2768  3244 I A       : Initialize
11-10 14:01:48.115  2768  3242 I NgaEntryPointEventSendr: setupConnection
11-10 14:01:48.137  2768  3242 I NgaEntryPointEventSendr: (REDACTED) State changed: %s => %s
11-10 14:01:48.146  2768  3242 I A       : Successfully initialized all components
11-10 14:01:48.156  2972  2972 I A       : Creating pss binder().
11-10 14:01:48.157  2768  3244 I A       : (REDACTED) on opa visibility changed %s
11-10 14:01:48.160  2768  3242 I NgaEntryPointEventSendr: onServiceConnected
11-10 14:01:48.161  2972  7296 I A       : Calling beginBinderSession().
11-10 14:01:48.164  2972  7296 I A       : beginBinderSession(): calling binder
11-10 14:01:48.164  2768  3242 I NgaEntryPointEventSendr: (REDACTED) State changed: %s => %s
11-10 14:01:48.169  2972  3261 I A       : Trying to enqueue PieTriggeringWorker
11-10 14:01:48.173  2768  2768 I A       : (REDACTED) eventData = %s
11-10 14:01:48.174  2768  3242 I A       : Logging success flow
11-10 14:01:48.226  2972  3256 I A       : (REDACTED) group %s not present %s in %s
11-10 14:01:48.229  2972  3256 I A       : (REDACTED) incrementApaDataDownloadStoreStatusNotFound(appVersion = %s, locale = %s, groupName = %s, accountScoped = %s, foundGroups = %s, status = %s, localGroupsAvailable = %s)
11-10 14:01:48.229  2972  3259 I A       : (REDACTED) incrementApaDataDownloadStoreStatus(latency = %s, appVersion = %s, status = %s, locale = %s, fileGroupnames = %s, accountScoped = %s, localGroupsAvailable = %s, timeSinceSearchBoot = %s (%s), timeSinceDataDownloadInit = %s (%s))
11-10 14:01:48.234  2972  2989 I earchbox:searc: Background young concurrent copying GC freed 15436(914KB) AllocSpace objects, 0(0B) LOS objects, 1% free, 20MB/21MB, paused 2.463ms total 145.436ms
11-10 14:01:48.250  2972  3261 W A       : (REDACTED) %s task was not run. Callback from Service received after client was disposed.
11-10 14:01:48.252  2972  3261 W A       : (REDACTED) %s task was not run. Callback from Service received after client was disposed.
11-10 14:01:48.253  2768  3242 I NgaEntryPointEventSendr: (REDACTED) State changed: %s => %s (%s)
11-10 14:01:48.259  2972  3261 W A       : (REDACTED) %s task was not run. Callback from Service received after client was disposed.
11-10 14:01:48.259  2972  4127 I PBSessionCacheImpl: (REDACTED) Deleted sessionId[%d] from persistence.
11-10 14:01:48.266  2972  3261 W SearchServiceCore: Abort, client detached.
11-10 14:01:48.266  2972  3261 I HttpStreamingTapasSearc: (REDACTED) taskGraphFactory: %s#%d
11-10 14:01:48.679  1794  2270 E GnssHAL_GnssInterface: gnssSvStatusCb: a: input svInfo.flags is 8
11-10 14:01:48.679  1794  2270 E GnssHAL_GnssInterface: gnssSvStatusCb: b: input svInfo.flags is 8
11-10 14:01:49.680  1794  2270 E GnssHAL_GnssInterface: gnssSvStatusCb: a: input svInfo.flags is 8
11-10 14:01:49.680  1794  2270 E GnssHAL_GnssInterface: gnssSvStatusCb: b: input svInfo.flags is 8
11-10 14:01:50.345 10153 10153 D AndroidRuntime: >>>>>> START com.android.internal.os.RuntimeInit uid 2000 <<<<<<
11-10 14:01:50.348 10153 10153 E libc    : Access denied finding property "persist.device_config.runtime_native_boot.enable_apex_image"
11-10 14:01:50.348 10153 10153 I AndroidRuntime: Using default boot image
11-10 14:01:50.348 10153 10153 E libc    : Access denied finding property "persist.device_config.runtime_native_boot.disable_lock_profiling"
11-10 14:01:50.348 10153 10153 I AndroidRuntime: Leaving lock profiling enabled
11-10 14:01:50.349 10153 10153 E libc    : Access denied finding property "persist.device_config.runtime_native_boot.enable_generational_cc"
11-10 14:01:50.338 10153 10153 W app_process: type=1400 audit(0.0:416): avc: denied { read } for name="u:object_r:device_config_runtime_native_boot_prop:s0" dev="tmpfs" ino=7811 scontext=u:r:shell:s0 tcontext=u:object_r:device_config_runtime_native_boot_prop:s0 tclass=file permissive=0
11-10 14:01:50.431 10153 10153 D ICU     : Time zone APEX file found: /apex/com.android.tzdata/etc/icu/icu_tzdata.dat
11-10 14:01:50.434 10153 10153 W app_process: Unexpected CPU variant for X86 using defaults: x86
11-10 14:01:50.437 10153 10153 I app_process: The ClassLoaderContext is a special shared library.
11-10 14:01:50.438 10153 10153 I app_process: The ClassLoaderContext is a special shared library.
11-10 14:01:50.453 10153 10153 W app_process: JNI RegisterNativeMethods: attempt to register 0 native methods for android.media.AudioAttributes
11-10 14:01:50.455 10153 10153 D AndroidRuntime: Calling main entry com.android.commands.uiautomator.Launcher
11-10 14:01:50.471  2972  3254 I A       : NGA disabled since it's running Panthera and at least one a11y feature is on.
11-10 14:01:50.471  2972  3254 I A       : (REDACTED) Nga state changed to %s
11-10 14:01:50.474  2768  3867 I A       : (REDACTED) APA or Classic session decision: %s.
11-10 14:01:50.475  2768  3242 I A       : Unsubscribed to apa or classic variant change.
11-10 14:01:50.491  2972  3261 I A       : Trying to enqueue PieTriggeringWorker
11-10 14:01:50.493  2768  2768 I A       : (REDACTED) eventData = %s
11-10 14:01:50.494  2768  3244 I A       : Logging success flow
11-10 14:01:50.503  2972  3261 I A       : Trying to enqueue PieTriggeringWorker
11-10 14:01:50.504  2768  2768 I A       : (REDACTED) eventData = %s
11-10 14:01:50.504  2768  3244 I A       : Logging success flow
11-10 14:01:50.512  2972  3261 I A       : Trying to enqueue PieTriggeringWorker
11-10 14:01:50.514  2768  2768 I A       : (REDACTED) eventData = %s
11-10 14:01:50.685  1794  2270 E GnssHAL_GnssInterface: gnssSvStatusCb: a: input svInfo.flags is 8
11-10 14:01:50.685  1794  2270 E GnssHAL_GnssInterface: gnssSvStatusCb: b: input svInfo.flags is 8
11-10 14:01:51.486 10153 10153 W AccessibilityNodeInfoDumper: Fetch time: 4ms
11-10 14:01:50.464  2030  2030 V SettingsProvider: Notifying for 0: content://settings/secure/accessibility_enabled
11-10 14:01:51.490  2030  5415 W WindowManager: removeWindowToken: Attempted to remove non-existing token: android.os.Binder@e124933
11-10 14:01:51.491  2030  2030 V SettingsProvider: Notifying for 0: content://settings/secure/accessibility_enabled
11-10 14:01:51.496 10153 10153 D AndroidRuntime: Shutting down VM
11-10 14:01:51.504  2972  3183 I A       : NGA enabled in interactor.
11-10 14:01:51.504  2972  3183 I A       : (REDACTED) Nga state changed to %s
11-10 14:01:51.505  2768  3867 I A       : Initializing all components
11-10 14:01:51.505  2768  3867 I A       : (REDACTED) APA or Classic session decision: %s.
11-10 14:01:51.505  2768  3244 I A       : (REDACTED) onIsEnabledChanged, isEnabled: %s
11-10 14:01:51.505  2768  3244 W A       : Disposing empty manager. Did you forgot to subscribe observables?
11-10 14:01:51.506  2768  3244 I chatty  : uid=10103(com.google.android.googlequicksearchbox) Lite Thread #1 identical 13 lines
11-10 14:01:51.506  2768  3244 W A       : Disposing empty manager. Did you forgot to subscribe observables?
11-10 14:01:51.506  2768  3244 I A       : (REDACTED) Setting session to type: %s
11-10 14:01:51.506  2768  3244 W A       : Disposing empty manager. Did you forgot to subscribe observables?
11-10 14:01:51.507  2768  3244 I chatty  : uid=10103(com.google.android.googlequicksearchbox) Lite Thread #1 identical 12 lines
11-10 14:01:51.507  2768  3244 W A       : Disposing empty manager. Did you forgot to subscribe observables?
11-10 14:01:51.507  2768  3244 I A       : (REDACTED) onDisabled. Registered: %s
11-10 14:01:51.508  2768  3242 I A       : (REDACTED) State changed: %s => %s by %s and %s with %s
11-10 14:01:51.508  2768  3242 I A       : (REDACTED) Recognizer choice: (recognizer_type: %s, recognizer_mode: %s, choice_reason: %s)
11-10 14:01:51.511  2768  3242 I A       : (REDACTED) onActiveStateChangeEvent: %s => %s
11-10 14:01:51.512  2768  3242 I A       : (REDACTED) #onActiveStateChangeEvent, newState: %s, previousState: %s.
11-10 14:01:51.515  2768  3242 I NgaEntryPointEventSendr: setupConnection
11-10 14:01:51.521  2972  2972 I A       : Creating pss binder().
11-10 14:01:51.521  2768  3242 I NgaEntryPointEventSendr: (REDACTED) State changed: %s => %s
11-10 14:01:51.521  2768  3242 I A       : (REDACTED) on opa visibility changed %s
11-10 14:01:51.522  2768  3242 I A       : (REDACTED) stopListening(%s, %s)
11-10 14:01:51.522  2768  3244 I A       : Initialize
11-10 14:01:51.535  2768  3244 I A       : (REDACTED) on opa visibility changed %s
11-10 14:01:51.536  2768  3244 I NgaEntryPointEventSendr: onServiceConnected
11-10 14:01:51.537  2972  7296 I A       : Calling beginBinderSession().
11-10 14:01:51.537  2972  7296 I A       : beginBinderSession(): calling binder
11-10 14:01:51.538  2768  3244 I NgaEntryPointEventSendr: (REDACTED) State changed: %s => %s
11-10 14:01:51.538  2768  3242 I A       : Successfully initialized all components
11-10 14:01:51.539  2972  3261 I A       : Trying to enqueue PieTriggeringWorker
11-10 14:01:51.555  2972  3259 I A       : (REDACTED) group %s not present %s in %s
11-10 14:01:51.555  2972  3259 I A       : (REDACTED) incrementApaDataDownloadStoreStatus(latency = %s, appVersion = %s, status = %s, locale = %s, fileGroupnames = %s, accountScoped = %s, localGroupsAvailable = %s, timeSinceSearchBoot = %s (%s), timeSinceDataDownloadInit = %s (%s))
11-10 14:01:51.557  2972  3256 I A       : (REDACTED) incrementApaDataDownloadStoreStatusNotFound(appVersion = %s, locale = %s, groupName = %s, accountScoped = %s, foundGroups = %s, status = %s, localGroupsAvailable = %s)
11-10 14:01:51.558  2768  2768 I A       : (REDACTED) eventData = %s
11-10 14:01:51.558  2768  3242 I A       : Logging success flow
11-10 14:01:51.558  2972  3261 W A       : (REDACTED) %s task was not run. Callback from Service received after client was disposed.
11-10 14:01:51.559  2972  3261 W A       : (REDACTED) %s task was not run. Callback from Service received after client was disposed.
11-10 14:01:51.562  2768  3242 I NgaEntryPointEventSendr: (REDACTED) State changed: %s => %s (%s)
11-10 14:01:51.564  2972  3261 W A       : (REDACTED) %s task was not run. Callback from Service received after client was disposed.
11-10 14:01:51.567  2972  4127 I PBSessionCacheImpl: (REDACTED) Deleted sessionId[%d] from persistence.
11-10 14:01:51.569  2972  3261 W SearchServiceCore: Abort, client detached.
11-10 14:01:51.570  2972  3261 I HttpStreamingTapasSearc: (REDACTED) taskGraphFactory: %s#%d
11-10 14:01:51.688  1794  2270 E GnssHAL_GnssInterface: gnssSvStatusCb: a: input svInfo.flags is 8
11-10 14:01:51.689  1794  2270 E GnssHAL_GnssInterface: gnssSvStatusCb: b: input svInfo.flags is 8
11-10 14:01:51.722 10175 10175 D AndroidRuntime: >>>>>> START com.android.internal.os.RuntimeInit uid 2000 <<<<<<
11-10 14:01:51.724 10175 10175 E libc    : Access denied finding property "persist.device_config.runtime_native_boot.enable_apex_image"
11-10 14:01:51.725 10175 10175 I AndroidRuntime: Using default boot image
11-10 14:01:51.725 10175 10175 E libc    : Access denied finding property "persist.device_config.runtime_native_boot.disable_lock_profiling"
11-10 14:01:51.725 10175 10175 I AndroidRuntime: Leaving lock profiling enabled
11-10 14:01:51.725 10175 10175 E libc    : Access denied finding property "persist.device_config.runtime_native_boot.enable_generational_cc"
11-10 14:01:51.718 10175 10175 W app_process: type=1400 audit(0.0:419): avc: denied { read } for name="u:object_r:device_config_runtime_native_boot_prop:s0" dev="tmpfs" ino=7811 scontext=u:r:shell:s0 tcontext=u:object_r:device_config_runtime_native_boot_prop:s0 tclass=file permissive=0
11-10 14:01:51.767 10175 10175 D ICU     : Time zone APEX file found: /apex/com.android.tzdata/etc/icu/icu_tzdata.dat
11-10 14:01:51.769 10175 10175 W app_process: Unexpected CPU variant for X86 using defaults: x86
11-10 14:01:51.774 10175 10175 I app_process: The ClassLoaderContext is a special shared library.
11-10 14:01:51.775 10175 10175 I app_process: The ClassLoaderContext is a special shared library.
11-10 14:01:51.787 10175 10175 W app_process: JNI RegisterNativeMethods: attempt to register 0 native methods for android.media.AudioAttributes
11-10 14:01:51.789 10175 10175 D AndroidRuntime: Calling main entry com.android.commands.uiautomator.Launcher
11-10 14:01:51.801  2972  3254 I A       : NGA disabled since it's running Panthera and at least one a11y feature is on.
11-10 14:01:51.802  2972  3254 I A       : (REDACTED) Nga state changed to %s
11-10 14:01:51.802  2768  9375 I A       : (REDACTED) APA or Classic session decision: %s.
11-10 14:01:51.802  2768  3244 I A       : Unsubscribed to apa or classic variant change.
11-10 14:01:51.807  2030  2056 E memtrack: Couldn't load memtrack module
11-10 14:01:51.807  2030  2056 W android.os.Debug: failed to get memory consumption info: -1
11-10 14:01:51.819  2972  3261 I A       : Trying to enqueue PieTriggeringWorker
11-10 14:01:51.821  2768  2768 I A       : (REDACTED) eventData = %s
11-10 14:01:51.822  2768  3244 I A       : Logging success flow
11-10 14:01:51.828  2972  3261 I A       : Trying to enqueue PieTriggeringWorker
11-10 14:01:51.829  2768  2768 I A       : (REDACTED) eventData = %s
11-10 14:01:51.830  2768  3244 I A       : Logging success flow
11-10 14:01:51.836  2972  3261 I A       : Trying to enqueue PieTriggeringWorker
11-10 14:01:51.837  2768  2768 I A       : (REDACTED) eventData = %s
11-10 14:01:52.691  1794  2270 E GnssHAL_GnssInterface: gnssSvStatusCb: a: input svInfo.flags is 8
11-10 14:01:52.691  1794  2270 E GnssHAL_GnssInterface: gnssSvStatusCb: b: input svInfo.flags is 8
11-10 14:01:52.817 10175 10175 W AccessibilityNodeInfoDumper: Fetch time: 3ms
11-10 14:01:51.798  2030  2030 V SettingsProvider: Notifying for 0: content://settings/secure/accessibility_enabled
11-10 14:01:52.818  2030  7011 W WindowManager: removeWindowToken: Attempted to remove non-existing token: android.os.Binder@53063bd
11-10 14:01:52.820  2030  2030 V SettingsProvider: Notifying for 0: content://settings/secure/accessibility_enabled
11-10 14:01:52.823 10175 10175 D AndroidRuntime: Shutting down VM
11-10 14:01:52.835  2972  3166 I A       : NGA enabled in interactor.
11-10 14:01:52.836  2972  3166 I A       : (REDACTED) Nga state changed to %s
11-10 14:01:52.837  2768  8491 I A       : Initializing all components
11-10 14:01:52.837  2768  8491 I A       : (REDACTED) APA or Classic session decision: %s.
11-10 14:01:52.837  2768  3244 I A       : (REDACTED) onIsEnabledChanged, isEnabled: %s
11-10 14:01:52.837  2768  3244 W A       : Disposing empty manager. Did you forgot to subscribe observables?
11-10 14:01:52.837  2768  3244 W A       : Disposing empty manager. Did you forgot to subscribe observables?
11-10 14:01:52.837  2768  3242 I A       : (REDACTED) State changed: %s => %s by %s and %s with %s
11-10 14:01:52.837  2768  3244 W A       : Disposing empty manager. Did you forgot to subscribe observables?
11-10 14:01:52.837  2768  3244 W A       : Disposing empty manager. Did you forgot to subscribe observables?
11-10 14:01:52.837  2768  3242 I A       : (REDACTED) Recognizer choice: (recognizer_type: %s, recognizer_mode: %s, choice_reason: %s)
11-10 14:01:52.837  2768  3244 W A       : Disposing empty manager. Did you forgot to subscribe observables?
11-10 14:01:52.838  2768  3244 I chatty  : uid=10103(com.google.android.googlequicksearchbox) Lite Thread #1 identical 8 lines
11-10 14:01:52.838  2768  3244 W A       : Disposing empty manager. Did you forgot to subscribe observables?
11-10 14:01:52.838  2768  3242 I A       : (REDACTED) onActiveStateChangeEvent: %s => %s
11-10 14:01:52.838  2768  3244 W A       : Disposing empty manager. Did you forgot to subscribe observables?
11-10 14:01:52.838  2768  3244 I A       : (REDACTED) Setting session to type: %s
11-10 14:01:52.838  2768  3242 I A       : (REDACTED) #onActiveStateChangeEvent, newState: %s, previousState: %s.
11-10 14:01:52.838  2768  3244 W A       : Disposing empty manager. Did you forgot to subscribe observables?
11-10 14:01:52.839  2768  3244 I chatty  : uid=10103(com.google.android.googlequicksearchbox) Lite Thread #1 identical 12 lines
