07-11 19:24:54.200 20147 20195 I A       : (REDACTED) onIsEnabledChanged, isEnabled: %s
07-11 19:24:54.200 20147 20195 W A       : Disposing empty manager. Did you forgot to subscribe observables?
07-11 19:24:54.201 20147 20195 I chatty  : uid=10103(com.google.android.googlequicksearchbox) Lite Thread #1 identical 13 lines
07-11 19:24:54.202 20147 20195 W A       : Disposing empty manager. Did you forgot to subscribe observables?
07-11 19:24:54.202 20147 20195 I A       : (REDACTED) Setting session to type: %s
07-11 19:24:54.202 20147 20195 W A       : Disposing empty manager. Did you forgot to subscribe observables?
07-11 19:24:54.202 20147 20195 I chatty  : uid=10103(com.google.android.googlequicksearchbox) Lite Thread #1 identical 5 lines
07-11 19:24:54.202 20147 20195 W A       : Disposing empty manager. Did you forgot to subscribe observables?
07-11 19:24:54.203 20147 20194 I A       : (REDACTED) State changed: %s => %s by %s and %s with %s
07-11 19:24:54.203 20147 20194 I A       : (REDACTED) Recognizer choice: (recognizer_type: %s, recognizer_mode: %s, choice_reason: %s)
07-11 19:24:54.204  6421  6421 D AndroidRuntime: Shutting down VM
07-11 19:24:54.205 20147 20195 W A       : Disposing empty manager. Did you forgot to subscribe observables?
07-11 19:24:54.206 20147 20195 I chatty  : uid=10103(com.google.android.googlequicksearchbox) Lite Thread #1 identical 2 lines
07-11 19:24:54.206 20147 20195 W A       : Disposing empty manager. Did you forgot to subscribe observables?
07-11 19:24:54.207 20147 20194 I A       : (REDACTED) onActiveStateChangeEvent: %s => %s
07-11 19:24:54.206 20147 20195 W A       : Disposing empty manager. Did you forgot to subscribe observables?
07-11 19:24:54.209 20147 20195 I chatty  : uid=10103(com.google.android.googlequicksearchbox) Lite Thread #1 identical 1 line
07-11 19:24:54.209 20147 20195 W A       : Disposing empty manager. Did you forgot to subscribe observables?
07-11 19:24:54.210 20147 20195 I A       : (REDACTED) onDisabled. Registered: %s
07-11 19:24:54.211 20147 20194 I NgaEntryPointEventSendr: setupConnection
07-11 19:24:54.217 20147 20195 I A       : Initialize
07-11 19:24:54.218 20147 20195 I A       : (REDACTED) stopListening(%s, %s)
07-11 19:24:54.218 20147 20195 I A       : (REDACTED) on opa visibility changed %s
07-11 19:24:54.218 20147 20195 I A       : (REDACTED) on opa visibility changed %s
07-11 19:24:54.220 20045 20045 I A       : Creating pss binder().
07-11 19:24:54.220 20147 20194 I NgaEntryPointEventSendr: (REDACTED) State changed: %s => %s
07-11 19:24:54.223 20147 20195 I NgaEntryPointEventSendr: onServiceConnected
07-11 19:24:54.224 20045 20095 I A       : Calling beginBinderSession().
07-11 19:24:54.224 20045 20095 I A       : beginBinderSession(): calling binder
07-11 19:24:54.224 20147 20195 I NgaEntryPointEventSendr: (REDACTED) State changed: %s => %s
07-11 19:24:54.225 20147 20194 I A       : Successfully initialized all components
07-11 19:24:54.236 20045 20139 I A       : Using proto config with mendel
07-11 19:24:54.237 20045 20145 W CorpusConfigHelper: Invalid input from icing corpus JSON flag.
07-11 19:24:54.237 20045 20145 W CorpusConfigHelper: android.util.MalformedJsonException: Use JsonReader.setLenient(true) to accept malformed JSON at line 123 column 2
07-11 19:24:54.237 20045 20145 W CorpusConfigHelper: 	at android.util.JsonReader.syntaxError(JsonReader.java:1162)
07-11 19:24:54.237 20045 20145 W CorpusConfigHelper: 	at android.util.JsonReader.checkLenient(JsonReader.java:840)
07-11 19:24:54.237 20045 20145 W CorpusConfigHelper: 	at android.util.JsonReader.nextInArray(JsonReader.java:615)
07-11 19:24:54.237 20045 20145 W CorpusConfigHelper: 	at android.util.JsonReader.peek(JsonReader.java:345)
07-11 19:24:54.237 20045 20145 W CorpusConfigHelper: 	at android.util.JsonReader.hasNext(JsonReader.java:321)
07-11 19:24:54.237 20045 20145 W CorpusConfigHelper: 	at com.google.android.apps.gsa.searchbox.c.b.b.k.c(PG:7)
07-11 19:24:54.237 20045 20145 W CorpusConfigHelper: 	at com.google.android.apps.gsa.searchbox.c.b.b.k.<init>(PG:5)
07-11 19:24:54.237 20045 20145 W CorpusConfigHelper: 	at com.google.android.apps.gsa.staticplugins.searchboxroot.features.n.a.c.<init>(PG:16)
07-11 19:24:54.237 20045 20145 W CorpusConfigHelper: 	at com.google.android.apps.gsa.staticplugins.searchboxroot.b.a(PG:14)
07-11 19:24:54.237 20045 20145 W CorpusConfigHelper: 	at com.google.android.apps.gsa.staticplugins.searchboxroot.x.<init>(PG:7)
07-11 19:24:54.237 20045 20145 W CorpusConfigHelper: 	at com.google.android.apps.gsa.binaries.velvet.app.akk.b(PG:15)
07-11 19:24:54.237 20045 20145 W CorpusConfigHelper: 	at dagger.a.e.b(PG:1)
07-11 19:24:54.237 20045 20145 W CorpusConfigHelper: 	at com.google.android.apps.gsa.staticplugins.searchboxroot.a.a.a(PG:3)
07-11 19:24:54.237 20045 20145 W CorpusConfigHelper: 	at com.google.android.apps.gsa.binaries.velvet.app.on.f(Unknown Source:2379)
07-11 19:24:54.237 20045 20145 W CorpusConfigHelper: 	at com.google.android.apps.gsa.binaries.velvet.app.on.b(PG:2)
07-11 19:24:54.237 20045 20145 W CorpusConfigHelper: 	at com.google.android.apps.gsa.search.core.service.g.a.c.a(PG:2)
07-11 19:24:54.237 20045 20145 W CorpusConfigHelper: 	at com.google.android.libraries.gsa.k.a.f.a(PG:2)
07-11 19:24:54.237 20045 20145 W CorpusConfigHelper: 	at com.google.common.util.concurrent.dz.a(PG:1)
07-11 19:24:54.237 20045 20145 W CorpusConfigHelper: 	at com.google.common.util.concurrent.cw.run(PG:4)
07-11 19:24:54.237 20045 20145 W CorpusConfigHelper: 	at com.google.common.util.concurrent.eb.run(PG:1)
07-11 19:24:54.237 20045 20145 W CorpusConfigHelper: 	at com.google.android.libraries.i.af.run(PG:1)
07-11 19:24:54.237 20045 20145 W CorpusConfigHelper: 	at com.google.android.libraries.i.an.run(PG:23)
07-11 19:24:54.237 20045 20145 W CorpusConfigHelper: 	at com.google.android.libraries.i.l.run(PG:2)
07-11 19:24:54.237 20045 20145 W CorpusConfigHelper: 	at com.google.android.libraries.i.q.run(PG:4)
07-11 19:24:54.237 20045 20145 W CorpusConfigHelper: 	at java.lang.Thread.run(Thread.java:919)
07-11 19:24:54.237 20045 20139 I A       : Using proto config with mendel
07-11 19:24:54.237 20045 20139 I A       : Using proto config with mendel
07-11 19:24:54.237 20045 20139 I A       : (REDACTED) Adding from config to map. Locale: %s modelPrefix: %s Location:%s isSpeakerIdSupported: %b
07-11 19:24:54.237 20045 20139 I chatty  : uid=10103(com.google.android.googlequicksearchbox) EventBus0 identical 1 line
07-11 19:24:54.237 20045 20139 I A       : (REDACTED) Adding from config to map. Locale: %s modelPrefix: %s Location:%s isSpeakerIdSupported: %b
07-11 19:24:54.237 20045 20139 I A       : (REDACTED) Skipping. Expected model: %s Found: %s
07-11 19:24:54.237 20045 20139 I A       : (REDACTED) Adding from config to map. Locale: %s modelPrefix: %s Location:%s isSpeakerIdSupported: %b
07-11 19:24:54.237 20045 20145 W A       : (REDACTED) Queue length for executor %s is now %d. Perhaps some tasks are too long, or the pool is too small.
07-11 19:24:54.238 20045 20139 I A       : Using proto config with mendel
07-11 19:24:54.238 20045 20139 I chatty  : uid=10103(com.google.android.googlequicksearchbox) EventBus0 identical 1 line
07-11 19:24:54.238 20045 20139 I A       : Using proto config with mendel
07-11 19:24:54.244 20147 20195 I NgaEntryPointEventSendr: (REDACTED) State changed: %s => %s (%s)
07-11 19:24:54.247 20045 20139 W A       : (REDACTED) %s task was not run. Callback from Service received after client was disposed.
07-11 19:24:54.247 20045 20139 I chatty  : uid=10103(com.google.android.googlequicksearchbox) EventBus0 identical 4 lines
07-11 19:24:54.247 20045 20139 W A       : (REDACTED) %s task was not run. Callback from Service received after client was disposed.
07-11 19:24:54.253 20045 20141 I A       : (REDACTED) group %s not present %s in %s
07-11 19:24:54.253 20045 20141 I A       : (REDACTED) incrementApaDataDownloadStoreStatus(latency = %s, appVersion = %s, status = %s, locale = %s, fileGroupnames = %s, accountScoped = %s, localGroupsAvailable = %s, timeSinceSearchBoot = %s (%s), timeSinceDataDownloadInit = %s (%s))
07-11 19:24:54.255 20045 20141 I A       : (REDACTED) incrementApaDataDownloadStoreStatusNotFound(appVersion = %s, locale = %s, groupName = %s, accountScoped = %s, foundGroups = %s, status = %s, localGroupsAvailable = %s)
07-11 19:24:54.259 20045 20139 W A       : (REDACTED) %s task was not run. Callback from Service received after client was disposed.
07-11 19:24:54.260 20045 20139 I MicroDetectionState: (REDACTED) Should stop hotword detection immediately - %b
07-11 19:24:54.260 20045 20139 W A       : (REDACTED) %s task was not run. Callback from Service received after client was disposed.
07-11 19:24:54.260 20045 20139 I chatty  : uid=10103(com.google.android.googlequicksearchbox) EventBus0 identical 1 line
07-11 19:24:54.262 20045 20139 W A       : (REDACTED) %s task was not run. Callback from Service received after client was disposed.
07-11 19:24:54.264 20045 16059 I PBSessionCacheImpl: (REDACTED) Deleted sessionId[%d] from persistence.
07-11 19:24:54.266 20045 20139 W SearchServiceCore: Abort, client detached.
07-11 19:24:54.266 20045 20139 I HttpStreamingTapasSearc: (REDACTED) taskGraphFactory: %s#%d
07-11 19:24:54.268 20045 20139 I MicroDetectionState: (REDACTED) Should stop hotword detection immediately - %b
07-11 19:24:54.268 20045 20139 I A       : Using proto config with mendel
07-11 19:24:54.268 20045 20139 I A       : Using proto config with mendel
07-11 19:24:54.270  4035  4350 I Icing   : IndexChimeraService.getServiceInterface callingPackage=com.google.android.googlequicksearchbox componentName=null serviceId=36
07-11 19:24:54.279  4035 24350 W Icing   : No valid account for uploading user actions
07-11 19:24:54.284  7776  7776 D BoundBrokerSvc: onBind: Intent { act=com.google.android.gms.icing.LIGHTWEIGHT_INDEX_SERVICE dat=chimera-action:com.google.android.gms.icing.LIGHTWEIGHT_INDEX_SERVICE cmp=com.google.android.gms/.chimera.PersistentApiService }
07-11 19:24:54.284  7776  7776 D BoundBrokerSvc: Loading bound service for intent: Intent { act=com.google.android.gms.icing.LIGHTWEIGHT_INDEX_SERVICE dat=chimera-action:com.google.android.gms.icing.LIGHTWEIGHT_INDEX_SERVICE cmp=com.google.android.gms/.chimera.PersistentApiService }
07-11 19:24:54.290  4035  4035 D BoundBrokerSvc: onBind: Intent { act=com.google.android.gms.feedback.internal.IFeedbackService dat=chimera-action:com.google.android.gms.feedback.internal.IFeedbackService cmp=com.google.android.gms/.chimera.GmsBoundBrokerService }
07-11 19:24:54.290  4035  4035 D BoundBrokerSvc: Loading bound service for intent: Intent { act=com.google.android.gms.feedback.internal.IFeedbackService dat=chimera-action:com.google.android.gms.feedback.internal.IFeedbackService cmp=com.google.android.gms/.chimera.GmsBoundBrokerService }
07-11 19:24:54.291  4035 24350 I Icing   : Usage reports ok 0, Failed Usage reports 0, indexed 0, rejected 0
07-11 19:24:54.299  4035  4256 I Icing   : IndexChimeraService.getServiceInterface callingPackage=com.google.android.gms componentName=null serviceId=30
07-11 19:24:54.305  4035 24350 W Icing   : No valid account for uploading user actions
07-11 19:24:54.309  4035 24350 I Icing   : Usage reports ok 0, Failed Usage reports 0, indexed 0, rejected 0
07-11 19:24:54.354  6438  6438 D AndroidRuntime: >>>>>> START com.android.internal.os.RuntimeInit uid 2000 <<<<<<
07-11 19:24:54.356  6438  6438 E libc    : Access denied finding property "persist.device_config.runtime_native_boot.enable_apex_image"
07-11 19:24:54.347  6438  6438 W app_process: type=1400 audit(0.0:10831): avc: denied { read } for name="u:object_r:device_config_runtime_native_boot_prop:s0" dev="tmpfs" ino=167 scontext=u:r:shell:s0 tcontext=u:object_r:device_config_runtime_native_boot_prop:s0 tclass=file permissive=0
07-11 19:24:54.347  6438  6438 W app_process: type=1400 audit(0.0:10832): avc: denied { read } for name="u:object_r:device_config_runtime_native_boot_prop:s0" dev="tmpfs" ino=167 scontext=u:r:shell:s0 tcontext=u:object_r:device_config_runtime_native_boot_prop:s0 tclass=file permissive=0
07-11 19:24:54.356  6438  6438 I AndroidRuntime: Using default boot image
07-11 19:24:54.357  6438  6438 E libc    : Access denied finding property "persist.device_config.runtime_native_boot.disable_lock_profiling"
07-11 19:24:54.357  6438  6438 I AndroidRuntime: Leaving lock profiling enabled
07-11 19:24:54.357  6438  6438 E libc    : Access denied finding property "persist.device_config.runtime_native_boot.enable_generational_cc"
07-11 19:24:54.347  6438  6438 W app_process: type=1400 audit(0.0:10833): avc: denied { read } for name="u:object_r:device_config_runtime_native_boot_prop:s0" dev="tmpfs" ino=167 scontext=u:r:shell:s0 tcontext=u:object_r:device_config_runtime_native_boot_prop:s0 tclass=file permissive=0
07-11 19:24:54.371  1800  2423 E GnssHAL_GnssInterface: gnssSvStatusCb: a: input svInfo.flags is 8
07-11 19:24:54.371  1800  2423 E GnssHAL_GnssInterface: gnssSvStatusCb: b: input svInfo.flags is 8
07-11 19:24:54.399  6438  6438 D ICU     : Time zone APEX file found: /apex/com.android.tzdata/etc/icu/icu_tzdata.dat
07-11 19:24:54.403  6438  6438 W app_process: Unexpected CPU variant for X86 using defaults: x86
07-11 19:24:54.404  6438  6438 I app_process: The ClassLoaderContext is a special shared library.
07-11 19:24:54.418  6438  6438 W app_process: JNI RegisterNativeMethods: attempt to register 0 native methods for android.media.AudioAttributes
07-11 19:24:54.420  6438  6438 D AndroidRuntime: Calling main entry com.android.commands.input.Input
07-11 19:24:54.430  6438  6438 D AndroidRuntime: Shutting down VM
07-11 19:24:54.446  2034  3330 I ActivityTaskManager: START u0 {cmp=com.german_software_engineers.trainerapp/.TrainingsSchedule} from uid 10183
07-11 19:24:54.449  1789  3563 W audio_hw_generic: Not supplying enough data to HAL, expected position 80842961 , only wrote 80842944
07-11 19:24:54.510  1789  3563 W audio_hw_generic: Not supplying enough data to HAL, expected position 80845631 , only wrote 80845588
07-11 19:24:54.531  2034  3330 W InputReader: Device has associated, but no associated display id.
07-11 19:24:54.537  2034  3330 I chatty  : uid=1000(system) Binder:2034_13 identical 48 lines
07-11 19:24:54.538  2034  3330 W InputReader: Device has associated, but no associated display id.
07-11 19:24:54.542  5778  5778 W ActivityThread: handleWindowVisibility: no activity for token android.os.BinderProxy@5ebe7e3
07-11 19:24:54.554  1816  1983 D AudioFlinger: mixer(0xf4a9f5c0) throttle end: throttle time(10)
07-11 19:24:54.614  1801  1942 D gralloc_ranchu: gralloc_alloc: Creating ashmem region of size 8298496
07-11 19:24:54.669  1801  1942 D gralloc_ranchu: gralloc_alloc: Creating ashmem region of size 8298496
07-11 19:24:54.674  5778  5800 D EGL_emulation: eglMakeCurrent: 0xf5b7f9a0: ver 3 0 (tinfo 0xea9dcd80)
07-11 19:24:54.675  1801  1801 D gralloc_ranchu: gralloc_alloc: Creating ashmem region of size 8298496
07-11 19:24:54.687  2034  2057 W InputReader: Device has associated, but no associated display id.
07-11 19:24:54.687  2034  2057 I chatty  : uid=1000(system) android.anim identical 8 lines
07-11 19:24:54.687  2034  2057 W InputReader: Device has associated, but no associated display id.
07-11 19:24:54.688  5778  5800 D EGL_emulation: eglMakeCurrent: 0xf5b7f9a0: ver 3 0 (tinfo 0xea9dcd80)
07-11 19:24:54.689  2034  2057 W InputReader: Device has associated, but no associated display id.
07-11 19:24:54.689  2034  2057 I chatty  : uid=1000(system) android.anim identical 8 lines
07-11 19:24:54.689  2034  2057 W InputReader: Device has associated, but no associated display id.
07-11 19:24:54.696  5778  5800 D EGL_emulation: eglMakeCurrent: 0xf5b7f9a0: ver 3 0 (tinfo 0xea9dcd80)
07-11 19:24:54.745  5778  5800 I chatty  : uid=10183(com.german_software_engineers.trainerapp) RenderThread identical 5 lines
07-11 19:24:55.117  5778  5800 D EGL_emulation: eglMakeCurrent: 0xf5b7f9a0: ver 3 0 (tinfo 0xea9dcd80)
07-11 19:24:55.374  1800  2423 E GnssHAL_GnssInterface: gnssSvStatusCb: a: input svInfo.flags is 8
07-11 19:24:55.374  1800  2423 E GnssHAL_GnssInterface: gnssSvStatusCb: b: input svInfo.flags is 8
07-11 19:24:56.377  1800  2423 E GnssHAL_GnssInterface: gnssSvStatusCb: a: input svInfo.flags is 8
07-11 19:24:56.377  1800  2423 E GnssHAL_GnssInterface: gnssSvStatusCb: b: input svInfo.flags is 8
07-11 19:24:57.241  7776  5673 E WakeLock: GCM_HB_ALARM release without a matched acquire!
07-11 19:24:57.378  1800  2423 E GnssHAL_GnssInterface: gnssSvStatusCb: a: input svInfo.flags is 8
07-11 19:24:57.378  1800  2423 E GnssHAL_GnssInterface: gnssSvStatusCb: b: input svInfo.flags is 8
07-11 19:24:57.614  1789  1910 W audio_hw_generic: Not supplying enough data to HAL, expected position 81117679 , only wrote 80982415
07-11 19:24:58.302  4035  6473 I GmscoreIpa: Starting mediastore instant index [CONTEXT service_id=255 ]
07-11 19:24:58.380  1800  2423 E GnssHAL_GnssInterface: gnssSvStatusCb: a: input svInfo.flags is 8
07-11 19:24:58.380  1800  2423 E GnssHAL_GnssInterface: gnssSvStatusCb: b: input svInfo.flags is 8
07-11 19:24:58.397  6477  6477 W app_process: type=1400 audit(0.0:10834): avc: denied { read } for name="u:object_r:device_config_runtime_native_boot_prop:s0" dev="tmpfs" ino=167 scontext=u:r:shell:s0 tcontext=u:object_r:device_config_runtime_native_boot_prop:s0 tclass=file permissive=0
07-11 19:24:58.397  6477  6477 I chatty  : uid=2000(shell) app_process identical 1 line
07-11 19:24:58.397  6477  6477 W app_process: type=1400 audit(0.0:10836): avc: denied { read } for name="u:object_r:device_config_runtime_native_boot_prop:s0" dev="tmpfs" ino=167 scontext=u:r:shell:s0 tcontext=u:object_r:device_config_runtime_native_boot_prop:s0 tclass=file permissive=0
07-11 19:24:58.408  6477  6477 D AndroidRuntime: >>>>>> START com.android.internal.os.RuntimeInit uid 2000 <<<<<<
07-11 19:24:58.409  6477  6477 E libc    : Access denied finding property "persist.device_config.runtime_native_boot.enable_apex_image"
07-11 19:24:58.409  6477  6477 I AndroidRuntime: Using default boot image
07-11 19:24:58.409  6477  6477 E libc    : Access denied finding property "persist.device_config.runtime_native_boot.disable_lock_profiling"
07-11 19:24:58.409  6477  6477 I AndroidRuntime: Leaving lock profiling enabled
07-11 19:24:58.410  6477  6477 E libc    : Access denied finding property "persist.device_config.runtime_native_boot.enable_generational_cc"
07-11 19:24:58.479  6477  6477 D ICU     : Time zone APEX file found: /apex/com.android.tzdata/etc/icu/icu_tzdata.dat
07-11 19:24:58.483  6477  6477 W app_process: Unexpected CPU variant for X86 using defaults: x86
07-11 19:24:58.485  6477  6477 I app_process: The ClassLoaderContext is a special shared library.
07-11 19:24:58.499  6477  6477 W app_process: JNI RegisterNativeMethods: attempt to register 0 native methods for android.media.AudioAttributes
07-11 19:24:58.502  6477  6477 D AndroidRuntime: Calling main entry com.android.commands.monkey.Monkey
07-11 19:24:58.503  6477  6477 W Monkey  : args: [-p, com.german_software_engineers.trainerapp, -c, android.intent.category.LAUNCHER, 1]
07-11 19:24:58.504  6477  6477 W Monkey  :  arg: "-p"
07-11 19:24:58.504  6477  6477 W Monkey  :  arg: "com.german_software_engineers.trainerapp"
07-11 19:24:58.504  6477  6477 W Monkey  :  arg: "-c"
07-11 19:24:58.504  6477  6477 W Monkey  :  arg: "android.intent.category.LAUNCHER"
07-11 19:24:58.505  6477  6477 W Monkey  :  arg: "1"
07-11 19:24:58.505  6477  6477 W Monkey  : data="com.german_software_engineers.trainerapp"
07-11 19:24:58.505  6477  6477 W Monkey  : data="android.intent.category.LAUNCHER"
07-11 19:24:58.517  2034  2062 W BroadcastQueue: Skipping deliver [background] BroadcastRecord{44018bc u-1 android.net.conn.CONNECTIVITY_CHANGE} to ReceiverList{43c0045 6477 (unknown name)/2000/u-1 remote:43bfc8e}: process gone or crashing
07-11 19:24:58.531  2034  3793 I ActivityTaskManager: START u0 {act=android.intent.action.MAIN cat=[android.intent.category.LAUNCHER] flg=0x10200000 cmp=com.german_software_engineers.trainerapp/.TrainingsSchedule} from uid 2000
07-11 19:24:58.531  2034  3793 W Binder  : Outgoing transactions from this process must be FLAG_ONEWAY
07-11 19:24:58.531  2034  3793 W Binder  : java.lang.Throwable
07-11 19:24:58.531  2034  3793 W Binder  : 	at android.os.BinderProxy.transact(BinderProxy.java:480)
07-11 19:24:58.531  2034  3793 W Binder  : 	at android.app.IActivityController$Stub$Proxy.activityStarting(IActivityController.java:273)
07-11 19:24:58.531  2034  3793 W Binder  : 	at com.android.server.wm.ActivityStarter.startActivity(ActivityStarter.java:794)
07-11 19:24:58.531  2034  3793 W Binder  : 	at com.android.server.wm.ActivityStarter.startActivity(ActivityStarter.java:583)
07-11 19:24:58.531  2034  3793 W Binder  : 	at com.android.server.wm.ActivityStarter.startActivityMayWait(ActivityStarter.java:1288)
07-11 19:24:58.531  2034  3793 W Binder  : 	at com.android.server.wm.ActivityStarter.execute(ActivityStarter.java:514)
07-11 19:24:58.531  2034  3793 W Binder  : 	at com.android.server.wm.ActivityTaskManagerService.startActivityAsUser(ActivityTaskManagerService.java:1058)
07-11 19:24:58.531  2034  3793 W Binder  : 	at com.android.server.wm.ActivityTaskManagerService.startActivityAsUser(ActivityTaskManagerService.java:1032)
07-11 19:24:58.531  2034  3793 W Binder  : 	at com.android.server.am.ActivityManagerService.startActivityAsUser(ActivityManagerService.java:3504)
07-11 19:24:58.531  2034  3793 W Binder  : 	at android.app.IActivityManager$Stub.onTransact(IActivityManager.java:3537)
07-11 19:24:58.531  2034  3793 W Binder  : 	at com.android.server.am.ActivityManagerService.onTransact(ActivityManagerService.java:2741)
07-11 19:24:58.531  2034  3793 W Binder  : 	at android.os.Binder.execTransactInternal(Binder.java:1021)
07-11 19:24:58.531  2034  3793 W Binder  : 	at android.os.Binder.execTransact(Binder.java:994)
07-11 19:24:58.536  6477  6477 I Monkey  : Events injected: 1
07-11 19:24:58.538  2034  2034 V SettingsProvider: Notifying for 0: content://settings/system/accelerometer_rotation
07-11 19:24:58.541  2034  2056 W InputReader: Device has associated, but no associated display id.
07-11 19:24:58.541  2034  2056 I chatty  : uid=1000(system) android.display identical 8 lines
07-11 19:24:58.541  2034  2056 W InputReader: Device has associated, but no associated display id.
07-11 19:24:58.542  6477  6477 I Monkey  : ## Network stats: elapsed time=10ms (0ms mobile, 0ms wifi, 10ms not connected)
07-11 19:24:58.543  2034  2056 W InputReader: Device has associated, but no associated display id.
07-11 19:24:58.543  2034  2056 I chatty  : uid=1000(system) android.display identical 8 lines
07-11 19:24:58.543  2034  2056 W InputReader: Device has associated, but no associated display id.
07-11 19:24:58.544  6477  6477 I app_process: System.exit called, status: 0
07-11 19:24:58.544  6477  6477 I AndroidRuntime: VM exiting with result code 0.
07-11 19:24:59.383  1800  2423 E GnssHAL_GnssInterface: gnssSvStatusCb: a: input svInfo.flags is 8
07-11 19:24:59.383  1800  2423 E GnssHAL_GnssInterface: gnssSvStatusCb: b: input svInfo.flags is 8
07-11 19:25:00.388  1800  2423 E GnssHAL_GnssInterface: gnssSvStatusCb: a: input svInfo.flags is 8
07-11 19:25:00.388  1800  2423 E GnssHAL_GnssInterface: gnssSvStatusCb: b: input svInfo.flags is 8
07-11 19:25:01.393  1800  2423 E GnssHAL_GnssInterface: gnssSvStatusCb: a: input svInfo.flags is 8
07-11 19:25:01.394  1800  2423 E GnssHAL_GnssInterface: gnssSvStatusCb: b: input svInfo.flags is 8
07-11 19:25:02.355  7776  7776 D BoundBrokerSvc: onBind: Intent { act=com.google.android.contextmanager.service.ContextManagerLogsUploadBoundService.ACTION_TASK_READY dat=chimera-action:com.google.android.contextmanager.service.ContextManagerLogsUploadBoundService.ACTION_TASK_READY cmp=com.google.android.gms/.chimera.PersistentInternalBoundBrokerService }
07-11 19:25:02.355  7776  7776 D BoundBrokerSvc: Loading bound service for intent: Intent { act=com.google.android.contextmanager.service.ContextManagerLogsUploadBoundService.ACTION_TASK_READY dat=chimera-action:com.google.android.contextmanager.service.ContextManagerLogsUploadBoundService.ACTION_TASK_READY cmp=com.google.android.gms/.chimera.PersistentInternalBoundBrokerService }
07-11 19:25:02.360  7776  5673 I NetworkScheduler.Stats: Task com.google.android.gms/com.google.android.contextmanager.service.ContextManagerLogsUploadBoundService started execution. cause:4 exec_start_elapsed_seconds: 101967 [CONTEXT service_id=218 ]
07-11 19:25:02.369  7776  7776 D BoundBrokerSvc: onUnbind: Intent { act=com.google.android.contextmanager.service.ContextManagerLogsUploadBoundService.ACTION_TASK_READY dat=chimera-action:com.google.android.contextmanager.service.ContextManagerLogsUploadBoundService.ACTION_TASK_READY cmp=com.google.android.gms/.chimera.PersistentInternalBoundBrokerService }
07-11 19:25:02.370  7776  5675 I NetworkScheduler.Stats: Task com.google.android.gms/com.google.android.contextmanager.service.ContextManagerLogsUploadBoundService finished executing. cause:4 result: 1 elapsed_millis: 14 uptime_millis: 14 exec_start_elapsed_seconds: 101967 [CONTEXT service_id=218 ]
07-11 19:25:02.393  1800  2423 E GnssHAL_GnssInterface: gnssSvStatusCb: a: input svInfo.flags is 8
07-11 19:25:02.393  1800  2423 E GnssHAL_GnssInterface: gnssSvStatusCb: b: input svInfo.flags is 8
07-11 19:25:03.397  1800  2423 E GnssHAL_GnssInterface: gnssSvStatusCb: a: input svInfo.flags is 8
07-11 19:25:03.397  1800  2423 E GnssHAL_GnssInterface: gnssSvStatusCb: b: input svInfo.flags is 8
07-11 19:25:04.398  1800  2423 E GnssHAL_GnssInterface: gnssSvStatusCb: a: input svInfo.flags is 8
07-11 19:25:04.398  1800  2423 E GnssHAL_GnssInterface: gnssSvStatusCb: b: input svInfo.flags is 8
07-11 19:25:05.401  1800  2423 E GnssHAL_GnssInterface: gnssSvStatusCb: a: input svInfo.flags is 8
07-11 19:25:05.401  1800  2423 E GnssHAL_GnssInterface: gnssSvStatusCb: b: input svInfo.flags is 8
07-11 19:25:06.406  1800  2423 E GnssHAL_GnssInterface: gnssSvStatusCb: a: input svInfo.flags is 8
07-11 19:25:06.406  1800  2423 E GnssHAL_GnssInterface: gnssSvStatusCb: b: input svInfo.flags is 8
07-11 19:25:07.410  1800  2423 E GnssHAL_GnssInterface: gnssSvStatusCb: a: input svInfo.flags is 8
07-11 19:25:07.410  1800  2423 E GnssHAL_GnssInterface: gnssSvStatusCb: b: input svInfo.flags is 8
07-11 19:25:08.413  1800  2423 E GnssHAL_GnssInterface: gnssSvStatusCb: a: input svInfo.flags is 8
07-11 19:25:08.413  1800  2423 E GnssHAL_GnssInterface: gnssSvStatusCb: b: input svInfo.flags is 8
07-11 19:25:09.319  4035  4035 D BoundBrokerSvc: onUnbind: Intent { act=com.google.android.gms.feedback.internal.IFeedbackService dat=chimera-action:com.google.android.gms.feedback.internal.IFeedbackService cmp=com.google.android.gms/.chimera.GmsBoundBrokerService }
07-11 19:25:09.328  7776  7776 D BoundBrokerSvc: onUnbind: Intent { act=com.google.android.gms.icing.LIGHTWEIGHT_INDEX_SERVICE dat=chimera-action:com.google.android.gms.icing.LIGHTWEIGHT_INDEX_SERVICE cmp=com.google.android.gms/.chimera.PersistentApiService }
07-11 19:25:09.413  1800  2423 E GnssHAL_GnssInterface: gnssSvStatusCb: a: input svInfo.flags is 8
07-11 19:25:09.413  1800  2423 E GnssHAL_GnssInterface: gnssSvStatusCb: b: input svInfo.flags is 8
07-11 19:25:10.417  1800  2423 E GnssHAL_GnssInterface: gnssSvStatusCb: a: input svInfo.flags is 8
07-11 19:25:10.417  1800  2423 E GnssHAL_GnssInterface: gnssSvStatusCb: b: input svInfo.flags is 8
07-11 19:25:11.421  1800  2423 E GnssHAL_GnssInterface: gnssSvStatusCb: a: input svInfo.flags is 8
07-11 19:25:11.421  1800  2423 E GnssHAL_GnssInterface: gnssSvStatusCb: b: input svInfo.flags is 8
07-11 19:25:12.425  1800  2423 E GnssHAL_GnssInterface: gnssSvStatusCb: a: input svInfo.flags is 8
07-11 19:25:12.425  1800  2423 E GnssHAL_GnssInterface: gnssSvStatusCb: b: input svInfo.flags is 8
07-11 19:25:13.428  1800  2423 E GnssHAL_GnssInterface: gnssSvStatusCb: a: input svInfo.flags is 8
07-11 19:25:13.428  1800  2423 E GnssHAL_GnssInterface: gnssSvStatusCb: b: input svInfo.flags is 8
07-11 19:25:14.355 20045 20139 I WorkerManager: dispose()
07-11 19:25:14.356 20045 20139 W A       : (REDACTED) Queue length for executor %s is now %d. Perhaps some tasks are too long, or the pool is too small.
07-11 19:25:14.429  1800  2423 E GnssHAL_GnssInterface: gnssSvStatusCb: a: input svInfo.flags is 8
07-11 19:25:14.429  1800  2423 E GnssHAL_GnssInterface: gnssSvStatusCb: b: input svInfo.flags is 8
07-11 19:25:14.684  6495  6495 D AndroidRuntime: >>>>>> START com.android.internal.os.RuntimeInit uid 2000 <<<<<<
07-11 19:25:14.677  6495  6495 W app_process: type=1400 audit(0.0:10837): avc: denied { read } for name="u:object_r:device_config_runtime_native_boot_prop:s0" dev="tmpfs" ino=167 scontext=u:r:shell:s0 tcontext=u:object_r:device_config_runtime_native_boot_prop:s0 tclass=file permissive=0
07-11 19:25:14.686  6495  6495 E libc    : Access denied finding property "persist.device_config.runtime_native_boot.enable_apex_image"
07-11 19:25:14.686  6495  6495 I AndroidRuntime: Using default boot image
07-11 19:25:14.686  6495  6495 E libc    : Access denied finding property "persist.device_config.runtime_native_boot.disable_lock_profiling"
07-11 19:25:14.686  6495  6495 I AndroidRuntime: Leaving lock profiling enabled
07-11 19:25:14.686  6495  6495 E libc    : Access denied finding property "persist.device_config.runtime_native_boot.enable_generational_cc"
07-11 19:25:14.677  6495  6495 W app_process: type=1400 audit(0.0:10839): avc: denied { read } for name="u:object_r:device_config_runtime_native_boot_prop:s0" dev="tmpfs" ino=167 scontext=u:r:shell:s0 tcontext=u:object_r:device_config_runtime_native_boot_prop:s0 tclass=file permissive=0
07-11 19:25:14.727  6495  6495 D ICU     : Time zone APEX file found: /apex/com.android.tzdata/etc/icu/icu_tzdata.dat
07-11 19:25:14.730  6495  6495 W app_process: Unexpected CPU variant for X86 using defaults: x86
07-11 19:25:14.734  6495  6495 I app_process: The ClassLoaderContext is a special shared library.
07-11 19:25:14.735  6495  6495 I app_process: The ClassLoaderContext is a special shared library.
07-11 19:25:14.747  6495  6495 W app_process: JNI RegisterNativeMethods: attempt to register 0 native methods for android.media.AudioAttributes
07-11 19:25:14.749  6495  6495 D AndroidRuntime: Calling main entry com.android.commands.uiautomator.Launcher
07-11 19:24:58.540  2034  2034 V SettingsProvider: Notifying for 0: content://settings/system/accelerometer_rotation
07-11 19:25:14.757  2034  2034 V SettingsProvider: Notifying for 0: content://settings/secure/accessibility_enabled
07-11 19:25:14.759 20045 20135 I A       : NGA disabled since it's running Panthera and at least one a11y feature is on.
07-11 19:25:14.759 20045 20135 I A       : (REDACTED) Nga state changed to %s
07-11 19:25:14.760 20147 20163 I A       : (REDACTED) APA or Classic session decision: %s.
07-11 19:25:14.760 20147 20194 I A       : Unsubscribed to apa or classic variant change.
07-11 19:25:15.434  1800  2423 E GnssHAL_GnssInterface: gnssSvStatusCb: a: input svInfo.flags is 8
07-11 19:25:15.434  1800  2423 E GnssHAL_GnssInterface: gnssSvStatusCb: b: input svInfo.flags is 8
07-11 19:25:15.786  6495  6495 W AccessibilityNodeInfoDumper: Fetch time: 5ms
07-11 19:25:15.787  2034  2050 W WindowManager: removeWindowToken: Attempted to remove non-existing token: android.os.Binder@e6a53e
07-11 19:25:15.788  2034  2034 V SettingsProvider: Notifying for 0: content://settings/secure/accessibility_enabled
07-11 19:25:15.793 20045 20132 I A       : NGA enabled in interactor.
07-11 19:25:15.793 20045 20132 I A       : (REDACTED) Nga state changed to %s
07-11 19:25:15.794 20147 20163 I A       : Initializing all components
07-11 19:25:15.794 20147 20163 I A       : (REDACTED) APA or Classic session decision: %s.
07-11 19:25:15.795 20147 20194 I A       : (REDACTED) onIsEnabledChanged, isEnabled: %s
07-11 19:25:15.795 20147 20195 I A       : (REDACTED) State changed: %s => %s by %s and %s with %s
07-11 19:25:15.795 20147 20194 W A       : Disposing empty manager. Did you forgot to subscribe observables?
07-11 19:25:15.795 20147 20194 W A       : Disposing empty manager. Did you forgot to subscribe observables?
07-11 19:25:15.795 20147 20195 I A       : (REDACTED) Recognizer choice: (recognizer_type: %s, recognizer_mode: %s, choice_reason: %s)
07-11 19:25:15.795 20147 20194 W A       : Disposing empty manager. Did you forgot to subscribe observables?
07-11 19:25:15.795 20147 20194 I chatty  : uid=10103(com.google.android.googlequicksearchbox) Lite Thread #0 identical 10 lines
07-11 19:25:15.795 20147 20194 W A       : Disposing empty manager. Did you forgot to subscribe observables?
07-11 19:25:15.795 20147 20195 I A       : (REDACTED) onActiveStateChangeEvent: %s => %s
07-11 19:25:15.795 20147 20194 W A       : Disposing empty manager. Did you forgot to subscribe observables?
07-11 19:25:15.796 20147 20194 I A       : (REDACTED) Setting session to type: %s
07-11 19:25:15.796 20147 20194 W A       : Disposing empty manager. Did you forgot to subscribe observables?
07-11 19:25:15.796 20147 20194 I chatty  : uid=10103(com.google.android.googlequicksearchbox) Lite Thread #0 identical 12 lines
07-11 19:25:15.796 20147 20194 W A       : Disposing empty manager. Did you forgot to subscribe observables?
07-11 19:25:15.796 20147 20194 I A       : (REDACTED) onDisabled. Registered: %s
07-11 19:25:15.797 20147 20195 I NgaEntryPointEventSendr: setupConnection
07-11 19:25:15.799  6495  6495 D AndroidRuntime: Shutting down VM
07-11 19:25:15.804 20045 20045 I A       : Creating pss binder().
07-11 19:25:15.806 20147 20195 I NgaEntryPointEventSendr: (REDACTED) State changed: %s => %s
07-11 19:25:15.806 20147 20195 I A       : (REDACTED) stopListening(%s, %s)
07-11 19:25:15.806 20147 20195 I A       : (REDACTED) on opa visibility changed %s
07-11 19:25:15.806 20147 20195 I A       : (REDACTED) on opa visibility changed %s
07-11 19:25:15.810 20147 20194 I A       : Initialize
07-11 19:25:15.811 20147 20195 I NgaEntryPointEventSendr: onServiceConnected
07-11 19:25:15.812 20045 20585 I A       : Calling beginBinderSession().
07-11 19:25:15.813 20045 20585 I A       : beginBinderSession(): calling binder
07-11 19:25:15.814 20147 20195 I NgaEntryPointEventSendr: (REDACTED) State changed: %s => %s
07-11 19:25:15.823 20147 20195 I A       : Successfully initialized all components
07-11 19:25:15.828 20045 20139 I A       : Using proto config with mendel
07-11 19:25:15.829 20045 20139 I A       : Using proto config with mendel
07-11 19:25:15.829 20045 20145 W CorpusConfigHelper: Invalid input from icing corpus JSON flag.
07-11 19:25:15.829 20045 20145 W CorpusConfigHelper: android.util.MalformedJsonException: Use JsonReader.setLenient(true) to accept malformed JSON at line 123 column 2
07-11 19:25:15.829 20045 20145 W CorpusConfigHelper: 	at android.util.JsonReader.syntaxError(JsonReader.java:1162)
07-11 19:25:15.829 20045 20145 W CorpusConfigHelper: 	at android.util.JsonReader.checkLenient(JsonReader.java:840)
07-11 19:25:15.829 20045 20145 W CorpusConfigHelper: 	at android.util.JsonReader.nextInArray(JsonReader.java:615)
07-11 19:25:15.829 20045 20145 W CorpusConfigHelper: 	at android.util.JsonReader.peek(JsonReader.java:345)
07-11 19:25:15.829 20045 20145 W CorpusConfigHelper: 	at android.util.JsonReader.hasNext(JsonReader.java:321)
07-11 19:25:15.829 20045 20145 W CorpusConfigHelper: 	at com.google.android.apps.gsa.searchbox.c.b.b.k.c(PG:7)
07-11 19:25:15.829 20045 20145 W CorpusConfigHelper: 	at com.google.android.apps.gsa.searchbox.c.b.b.k.<init>(PG:5)
07-11 19:25:15.829 20045 20145 W CorpusConfigHelper: 	at com.google.android.apps.gsa.staticplugins.searchboxroot.features.n.a.c.<init>(PG:16)
07-11 19:25:15.829 20045 20145 W CorpusConfigHelper: 	at com.google.android.apps.gsa.staticplugins.searchboxroot.b.a(PG:14)
07-11 19:25:15.829 20045 20145 W CorpusConfigHelper: 	at com.google.android.apps.gsa.staticplugins.searchboxroot.x.<init>(PG:7)
07-11 19:25:15.829 20045 20145 W CorpusConfigHelper: 	at com.google.android.apps.gsa.binaries.velvet.app.akk.b(PG:15)
07-11 19:25:15.829 20045 20145 W CorpusConfigHelper: 	at dagger.a.e.b(PG:1)
07-11 19:25:15.829 20045 20145 W CorpusConfigHelper: 	at com.google.android.apps.gsa.staticplugins.searchboxroot.a.a.a(PG:3)
07-11 19:25:15.829 20045 20145 W CorpusConfigHelper: 	at com.google.android.apps.gsa.binaries.velvet.app.on.f(Unknown Source:2379)
07-11 19:25:15.829 20045 20145 W CorpusConfigHelper: 	at com.google.android.apps.gsa.binaries.velvet.app.on.b(PG:2)
07-11 19:25:15.829 20045 20145 W CorpusConfigHelper: 	at com.google.android.apps.gsa.search.core.service.g.a.c.a(PG:2)
07-11 19:25:15.829 20045 20145 W CorpusConfigHelper: 	at com.google.android.libraries.gsa.k.a.f.a(PG:2)
07-11 19:25:15.829 20045 20145 W CorpusConfigHelper: 	at com.google.common.util.concurrent.dz.a(PG:1)
07-11 19:25:15.829 20045 20145 W CorpusConfigHelper: 	at com.google.common.util.concurrent.cw.run(PG:4)
07-11 19:25:15.829 20045 20145 W CorpusConfigHelper: 	at com.google.common.util.concurrent.eb.run(PG:1)
07-11 19:25:15.829 20045 20145 W CorpusConfigHelper: 	at com.google.android.libraries.i.af.run(PG:1)
07-11 19:25:15.829 20045 20145 W CorpusConfigHelper: 	at com.google.android.libraries.i.an.run(PG:23)
07-11 19:25:15.829 20045 20145 W CorpusConfigHelper: 	at com.google.android.libraries.i.l.run(PG:2)
07-11 19:25:15.829 20045 20145 W CorpusConfigHelper: 	at com.google.android.libraries.i.q.run(PG:4)
07-11 19:25:15.829 20045 20145 W CorpusConfigHelper: 	at java.lang.Thread.run(Thread.java:919)
07-11 19:25:15.829 20045 20139 I A       : Using proto config with mendel
07-11 19:25:15.829 20045 20139 I A       : (REDACTED) Adding from config to map. Locale: %s modelPrefix: %s Location:%s isSpeakerIdSupported: %b
07-11 19:25:15.829 20045 20139 I chatty  : uid=10103(com.google.android.googlequicksearchbox) EventBus0 identical 1 line
07-11 19:25:15.829 20045 20139 I A       : (REDACTED) Adding from config to map. Locale: %s modelPrefix: %s Location:%s isSpeakerIdSupported: %b
07-11 19:25:15.829 20045 20139 I A       : (REDACTED) Skipping. Expected model: %s Found: %s
07-11 19:25:15.829 20045 20139 I A       : (REDACTED) Adding from config to map. Locale: %s modelPrefix: %s Location:%s isSpeakerIdSupported: %b
07-11 19:25:15.829 20045 20139 I A       : Using proto config with mendel
07-11 19:25:15.830 20045 20139 I chatty  : uid=10103(com.google.android.googlequicksearchbox) EventBus0 identical 1 line
07-11 19:25:15.830 20045 20139 I A       : Using proto config with mendel
07-11 19:25:15.834 20147 20195 I NgaEntryPointEventSendr: (REDACTED) State changed: %s => %s (%s)
07-11 19:25:15.838 20045 20139 W A       : (REDACTED) %s task was not run. Callback from Service received after client was disposed.
07-11 19:25:15.839 20045 20139 I chatty  : uid=10103(com.google.android.googlequicksearchbox) EventBus0 identical 6 lines
07-11 19:25:15.849 20045 20139 W A       : (REDACTED) %s task was not run. Callback from Service received after client was disposed.
07-11 19:25:15.850 20045 20139 I MicroDetectionState: (REDACTED) Should stop hotword detection immediately - %b
07-11 19:25:15.850 20045 20139 W A       : (REDACTED) %s task was not run. Callback from Service received after client was disposed.
07-11 19:25:15.850 20045 20139 W A       : (REDACTED) %s task was not run. Callback from Service received after client was disposed.
07-11 19:25:15.850 20045 20145 I A       : (REDACTED) group %s not present %s in %s
07-11 19:25:15.851 20045 20145 I A       : (REDACTED) incrementApaDataDownloadStoreStatus(latency = %s, appVersion = %s, status = %s, locale = %s, fileGroupnames = %s, accountScoped = %s, localGroupsAvailable = %s, timeSinceSearchBoot = %s (%s), timeSinceDataDownloadInit = %s (%s))
07-11 19:25:15.850  4035  4256 I Icing   : IndexChimeraService.getServiceInterface callingPackage=com.google.android.googlequicksearchbox componentName=null serviceId=36
07-11 19:25:15.852 20045 20141 I A       : (REDACTED) incrementApaDataDownloadStoreStatusNotFound(appVersion = %s, locale = %s, groupName = %s, accountScoped = %s, foundGroups = %s, status = %s, localGroupsAvailable = %s)
07-11 19:25:15.854 20045 20139 W A       : (REDACTED) %s task was not run. Callback from Service received after client was disposed.
07-11 19:25:15.856 20045 16059 I PBSessionCacheImpl: (REDACTED) Deleted sessionId[%d] from persistence.
07-11 19:25:15.857 20045 20139 W SearchServiceCore: Abort, client detached.
07-11 19:25:15.857 20045 20139 I HttpStreamingTapasSearc: (REDACTED) taskGraphFactory: %s#%d
07-11 19:25:15.858 20045 20139 I MicroDetectionState: (REDACTED) Should stop hotword detection immediately - %b
07-11 19:25:15.858 20045 20139 I A       : Using proto config with mendel
07-11 19:25:15.858 20045 20139 I A       : Using proto config with mendel
07-11 19:25:15.862  4035  5101 W Icing   : No valid account for uploading user actions
07-11 19:25:15.865  7776  7776 D BoundBrokerSvc: onBind: Intent { act=com.google.android.gms.icing.LIGHTWEIGHT_INDEX_SERVICE dat=chimera-action:com.google.android.gms.icing.LIGHTWEIGHT_INDEX_SERVICE cmp=com.google.android.gms/.chimera.PersistentApiService }
07-11 19:25:15.865  7776  7776 D BoundBrokerSvc: Loading bound service for intent: Intent { act=com.google.android.gms.icing.LIGHTWEIGHT_INDEX_SERVICE dat=chimera-action:com.google.android.gms.icing.LIGHTWEIGHT_INDEX_SERVICE cmp=com.google.android.gms/.chimera.PersistentApiService }
07-11 19:25:15.870  4035  4035 D BoundBrokerSvc: onBind: Intent { act=com.google.android.gms.feedback.internal.IFeedbackService dat=chimera-action:com.google.android.gms.feedback.internal.IFeedbackService cmp=com.google.android.gms/.chimera.GmsBoundBrokerService }
07-11 19:25:15.870  4035  4035 D BoundBrokerSvc: Loading bound service for intent: Intent { act=com.google.android.gms.feedback.internal.IFeedbackService dat=chimera-action:com.google.android.gms.feedback.internal.IFeedbackService cmp=com.google.android.gms/.chimera.GmsBoundBrokerService }
07-11 19:25:15.881  4035  5101 I Icing   : Usage reports ok 1, Failed Usage reports 0, indexed 0, rejected 0
07-11 19:25:15.881  4035  4256 I Icing   : IndexChimeraService.getServiceInterface callingPackage=com.google.android.gms componentName=null serviceId=30
07-11 19:25:15.886  4035  5101 W Icing   : No valid account for uploading user actions
07-11 19:25:15.890  4035  5101 I Icing   : Usage reports ok 0, Failed Usage reports 0, indexed 0, rejected 0
07-11 19:25:16.439  1800  2423 E GnssHAL_GnssInterface: gnssSvStatusCb: a: input svInfo.flags is 8
07-11 19:25:16.439  1800  2423 E GnssHAL_GnssInterface: gnssSvStatusCb: b: input svInfo.flags is 8
07-11 19:25:16.635  6525  6525 D AndroidRuntime: >>>>>> START com.android.internal.os.RuntimeInit uid 2000 <<<<<<
07-11 19:25:16.627  6525  6525 W app_process: type=1400 audit(0.0:10840): avc: denied { read } for name="u:object_r:device_config_runtime_native_boot_prop:s0" dev="tmpfs" ino=167 scontext=u:r:shell:s0 tcontext=u:object_r:device_config_runtime_native_boot_prop:s0 tclass=file permissive=0
07-11 19:25:16.637  6525  6525 E libc    : Access denied finding property "persist.device_config.runtime_native_boot.enable_generational_cc"
07-11 19:25:16.674  6525  6525 D ICU     : Time zone APEX file found: /apex/com.android.tzdata/etc/icu/icu_tzdata.dat
07-11 19:25:16.677  6525  6525 W app_process: Unexpected CPU variant for X86 using defaults: x86
07-11 19:25:16.680  6525  6525 I app_process: The ClassLoaderContext is a special shared library.
07-11 19:25:16.680  6525  6525 I app_process: The ClassLoaderContext is a special shared library.
07-11 19:25:16.694  6525  6525 W app_process: JNI RegisterNativeMethods: attempt to register 0 native methods for android.media.AudioAttributes
07-11 19:25:16.697  6525  6525 D AndroidRuntime: Calling main entry com.android.commands.uiautomator.Launcher
07-11 19:25:16.707 20045 20134 I A       : NGA disabled since it's running Panthera and at least one a11y feature is on.
07-11 19:25:16.707 20045 20134 I A       : (REDACTED) Nga state changed to %s
07-11 19:25:16.708 20147  8452 I A       : (REDACTED) APA or Classic session decision: %s.
07-11 19:25:16.708 20147 20194 I A       : Unsubscribed to apa or classic variant change.
07-11 19:25:17.444  1800  2423 E GnssHAL_GnssInterface: gnssSvStatusCb: a: input svInfo.flags is 8
07-11 19:25:17.444  1800  2423 E GnssHAL_GnssInterface: gnssSvStatusCb: b: input svInfo.flags is 8
07-11 19:25:17.722  6525  6525 W AccessibilityNodeInfoDumper: Fetch time: 5ms
07-11 19:25:16.704  2034  2034 V SettingsProvider: Notifying for 0: content://settings/secure/accessibility_enabled
07-11 19:25:17.723  2034  2679 W WindowManager: removeWindowToken: Attempted to remove non-existing token: android.os.Binder@c3d24ae
07-11 19:25:17.725  2034  2034 V SettingsProvider: Notifying for 0: content://settings/secure/accessibility_enabled
07-11 19:25:17.728 20045 20135 I A       : NGA enabled in interactor.
07-11 19:25:17.728 20045 20135 I A       : (REDACTED) Nga state changed to %s
07-11 19:25:17.729 20147  8452 I A       : Initializing all components
07-11 19:25:17.729 20147  8452 I A       : (REDACTED) APA or Classic session decision: %s.
07-11 19:25:17.730 20147 20195 I A       : (REDACTED) onIsEnabledChanged, isEnabled: %s
07-11 19:25:17.730 20147 20195 W A       : Disposing empty manager. Did you forgot to subscribe observables?
07-11 19:25:17.730 20147 20195 I chatty  : uid=10103(com.google.android.googlequicksearchbox) Lite Thread #1 identical 13 lines
07-11 19:25:17.731 20147 20195 W A       : Disposing empty manager. Did you forgot to subscribe observables?
07-11 19:25:17.731 20147 20195 I A       : (REDACTED) Setting session to type: %s
07-11 19:25:17.731 20147 20195 W A       : Disposing empty manager. Did you forgot to subscribe observables?
07-11 19:25:17.731 20147 20195 I chatty  : uid=10103(com.google.android.googlequicksearchbox) Lite Thread #1 identical 12 lines
07-11 19:25:17.731 20147 20195 W A       : Disposing empty manager. Did you forgot to subscribe observables?
07-11 19:25:17.731 20147 20195 I A       : (REDACTED) onDisabled. Registered: %s
07-11 19:25:17.732 20147 20195 I A       : (REDACTED) State changed: %s => %s by %s and %s with %s
07-11 19:25:17.732 20147 20195 I A       : (REDACTED) Recognizer choice: (recognizer_type: %s, recognizer_mode: %s, choice_reason: %s)
07-11 19:25:17.732 20147 20194 I NgaEntryPointEventSendr: setupConnection
07-11 19:25:17.733 20147 20195 I A       : (REDACTED) onActiveStateChangeEvent: %s => %s
07-11 19:25:17.736 20147 20195 I A       : Initialize
07-11 19:25:17.736 20147 20195 I A       : (REDACTED) stopListening(%s, %s)
07-11 19:25:17.742 20045 20045 I A       : Creating pss binder().
07-11 19:25:17.743 20147 20194 I NgaEntryPointEventSendr: (REDACTED) State changed: %s => %s
07-11 19:25:17.745 20147 20195 I NgaEntryPointEventSendr: onServiceConnected
07-11 19:25:17.746 20045 20585 I A       : Calling beginBinderSession().
07-11 19:25:17.746 20045 20585 I A       : beginBinderSession(): calling binder
07-11 19:25:17.749  6525  6525 D AndroidRuntime: Shutting down VM
07-11 19:25:17.750 20147 20195 I NgaEntryPointEventSendr: (REDACTED) State changed: %s => %s
07-11 19:25:17.750 20147 20195 I A       : (REDACTED) on opa visibility changed %s
07-11 19:25:17.751 20147 20195 I A       : Successfully initialized all components
07-11 19:25:17.761 20147 20195 I A       : (REDACTED) on opa visibility changed %s
07-11 19:25:17.772 20045 20141 I A       : (REDACTED) group %s not present %s in %s
07-11 19:25:17.772 20045 20139 W A       : (REDACTED) %s task was not run. Callback from Service received after client was disposed.
07-11 19:25:17.772 20045 20139 W A       : (REDACTED) %s task was not run. Callback from Service received after client was disposed.
07-11 19:25:17.773 20045 20141 I A       : (REDACTED) incrementApaDataDownloadStoreStatus(latency = %s, appVersion = %s, status = %s, locale = %s, fileGroupnames = %s, accountScoped = %s, localGroupsAvailable = %s, timeSinceSearchBoot = %s (%s), timeSinceDataDownloadInit = %s (%s))
07-11 19:25:17.775 20147 20194 I NgaEntryPointEventSendr: (REDACTED) State changed: %s => %s (%s)
07-11 19:25:17.776 20045 20139 W A       : (REDACTED) %s task was not run. Callback from Service received after client was disposed.
07-11 19:25:17.777 20045 16059 I PBSessionCacheImpl: (REDACTED) Deleted sessionId[%d] from persistence.
07-11 19:25:17.779 20045 20139 W SearchServiceCore: Abort, client detached.
07-11 19:25:17.779 20045 20139 I HttpStreamingTapasSearc: (REDACTED) taskGraphFactory: %s#%d
07-11 19:25:17.780 20045 20145 I A       : (REDACTED) incrementApaDataDownloadStoreStatusNotFound(appVersion = %s, locale = %s, groupName = %s, accountScoped = %s, foundGroups = %s, status = %s, localGroupsAvailable = %s)
07-11 19:25:17.919  6544  6544 D AndroidRuntime: >>>>>> START com.android.internal.os.RuntimeInit uid 2000 <<<<<<
07-11 19:25:17.907  6544  6544 W app_process: type=1400 audit(0.0:10843): avc: denied { read } for name="u:object_r:device_config_runtime_native_boot_prop:s0" dev="tmpfs" ino=167 scontext=u:r:shell:s0 tcontext=u:object_r:device_config_runtime_native_boot_prop:s0 tclass=file permissive=0
07-11 19:25:17.921  6544  6544 E libc    : Access denied finding property "persist.device_config.runtime_native_boot.enable_apex_image"
07-11 19:25:17.921  6544  6544 I AndroidRuntime: Using default boot image
07-11 19:25:17.907  6544  6544 W app_process: type=1400 audit(0.0:10844): avc: denied { read } for name="u:object_r:device_config_runtime_native_boot_prop:s0" dev="tmpfs" ino=167 scontext=u:r:shell:s0 tcontext=u:object_r:device_config_runtime_native_boot_prop:s0 tclass=file permissive=0
