03-20 00:51:54.532  2044  4636 W Binder  : 	at com.android.server.am.ActivityManagerService.startActivityAsUser(ActivityManagerService.java:3504)
03-20 00:51:54.532  2044  4636 W Binder  : 	at android.app.IActivityManager$Stub.onTransact(IActivityManager.java:3537)
03-20 00:51:54.532  2044  4636 W Binder  : 	at com.android.server.am.ActivityManagerService.onTransact(ActivityManagerService.java:2741)
03-20 00:51:54.532  2044  4636 W Binder  : 	at android.os.Binder.execTransactInternal(Binder.java:1021)
03-20 00:51:54.532  2044  4636 W Binder  : 	at android.os.Binder.execTransact(Binder.java:994)
03-20 00:51:54.535 14212 14212 I Monkey  : Events injected: 1
03-20 00:51:54.536  2044  2044 V SettingsProvider: Notifying for 0: content://settings/system/accelerometer_rotation
03-20 00:51:54.540  2044  2065 W InputReader: Device has associated, but no associated display id.
03-20 00:51:54.540  2044  2065 I chatty  : uid=1000(system) android.display identical 8 lines
03-20 00:51:54.540  2044  2065 W InputReader: Device has associated, but no associated display id.
03-20 00:51:54.542 14212 14212 I Monkey  : ## Network stats: elapsed time=9ms (0ms mobile, 0ms wifi, 9ms not connected)
03-20 00:51:54.543 14212 14212 I app_process: System.exit called, status: 0
03-20 00:51:54.543 14212 14212 I AndroidRuntime: VM exiting with result code 0.
03-20 00:51:54.544  2044  2065 W InputReader: Device has associated, but no associated display id.
03-20 00:51:54.545  2044  2065 I chatty  : uid=1000(system) android.display identical 8 lines
03-20 00:51:54.545  2044  2065 W InputReader: Device has associated, but no associated display id.
03-20 00:51:54.972  1800  2437 E GnssHAL_GnssInterface: gnssSvStatusCb: a: input svInfo.flags is 8
03-20 00:51:54.972  1800  2437 E GnssHAL_GnssInterface: gnssSvStatusCb: b: input svInfo.flags is 8
03-20 00:51:55.234 24279 14227 I GmscoreIpa: Starting mediastore instant index [CONTEXT service_id=255 ]
03-20 00:51:55.974  1800  2437 E GnssHAL_GnssInterface: gnssSvStatusCb: a: input svInfo.flags is 8
03-20 00:51:55.974  1800  2437 E GnssHAL_GnssInterface: gnssSvStatusCb: b: input svInfo.flags is 8
03-20 00:51:56.978  1800  2437 E GnssHAL_GnssInterface: gnssSvStatusCb: a: input svInfo.flags is 8
03-20 00:51:56.978  1800  2437 E GnssHAL_GnssInterface: gnssSvStatusCb: b: input svInfo.flags is 8
03-20 00:51:57.981  1800  2437 E GnssHAL_GnssInterface: gnssSvStatusCb: a: input svInfo.flags is 8
03-20 00:51:57.981  1800  2437 E GnssHAL_GnssInterface: gnssSvStatusCb: b: input svInfo.flags is 8
03-20 00:51:58.981  1800  2437 E GnssHAL_GnssInterface: gnssSvStatusCb: a: input svInfo.flags is 8
03-20 00:51:58.981  1800  2437 E GnssHAL_GnssInterface: gnssSvStatusCb: b: input svInfo.flags is 8
03-20 00:51:59.986  1800  2437 E GnssHAL_GnssInterface: gnssSvStatusCb: a: input svInfo.flags is 8
03-20 00:51:59.986  1800  2437 E GnssHAL_GnssInterface: gnssSvStatusCb: b: input svInfo.flags is 8
03-20 00:52:00.991  1800  2437 E GnssHAL_GnssInterface: gnssSvStatusCb: a: input svInfo.flags is 8
03-20 00:52:00.991  1800  2437 E GnssHAL_GnssInterface: gnssSvStatusCb: b: input svInfo.flags is 8
03-20 00:52:01.994  1800  2437 E GnssHAL_GnssInterface: gnssSvStatusCb: a: input svInfo.flags is 8
03-20 00:52:01.995  1800  2437 E GnssHAL_GnssInterface: gnssSvStatusCb: b: input svInfo.flags is 8
03-20 00:51:54.539  2044  2044 V SettingsProvider: Notifying for 0: content://settings/system/accelerometer_rotation
03-20 00:52:02.287  2718  3676 E ActivityThread: Failed to find provider info for com.google.android.apps.wellbeing.api
03-20 00:52:02.997  1800  2437 E GnssHAL_GnssInterface: gnssSvStatusCb: a: input svInfo.flags is 8
03-20 00:52:02.998  1800  2437 E GnssHAL_GnssInterface: gnssSvStatusCb: b: input svInfo.flags is 8
03-20 00:52:04.001  1800  2437 E GnssHAL_GnssInterface: gnssSvStatusCb: a: input svInfo.flags is 8
03-20 00:52:04.001  1800  2437 E GnssHAL_GnssInterface: gnssSvStatusCb: b: input svInfo.flags is 8
03-20 00:52:05.003  1800  2437 E GnssHAL_GnssInterface: gnssSvStatusCb: a: input svInfo.flags is 8
03-20 00:52:05.003  1800  2437 E GnssHAL_GnssInterface: gnssSvStatusCb: b: input svInfo.flags is 8
03-20 00:52:06.008  1800  2437 E GnssHAL_GnssInterface: gnssSvStatusCb: a: input svInfo.flags is 8
03-20 00:52:06.008  1800  2437 E GnssHAL_GnssInterface: gnssSvStatusCb: b: input svInfo.flags is 8
03-20 00:52:07.013  1800  2437 E GnssHAL_GnssInterface: gnssSvStatusCb: a: input svInfo.flags is 8
03-20 00:52:07.014  1800  2437 E GnssHAL_GnssInterface: gnssSvStatusCb: b: input svInfo.flags is 8
03-20 00:52:07.048  2044  2070 E memtrack: Couldn't load memtrack module
03-20 00:52:07.048  2044  2070 W android.os.Debug: failed to get memory consumption info: -1
03-20 00:52:07.053 16441 13617 W GCM     : Heartbeat timeout, GCM connection reset -8
03-20 00:52:07.061 16441 13617 E WakeLock: GCM_HB_ALARM release without a matched acquire!
03-20 00:52:07.061 16441 13617 W WakeLock: GCM_HB_ALARM counter does not exist
03-20 00:52:07.066  2044  2155 D ConnectivityService: reportNetworkConnectivity(101, false) by 10098
03-20 00:52:07.069  2387  4025 D NetworkMonitor/101: Forcing reevaluation for UID 10098. Dns signal count: 0
03-20 00:52:07.117  2387 14245 D NetworkMonitor/101: PROBE_DNS connectivitycheck.gstatic.com 38ms OK 172.253.62.94,2607:f8b0:4004:c07::5e
03-20 00:52:07.131  2387 14244 D NetworkMonitor/101: PROBE_DNS www.google.com 52ms OK 172.253.63.106,172.253.63.147,172.253.63.105,172.253.63.103,172.253.63.99,172.253.63.104,2607:f8b0:4004:c07::63,2607:f8b0:4004:c07::69,2607:f8b0:4004:c07::67,2607:f8b0:4004:c07::68
03-20 00:52:07.146 16441  6980 I NetworkManagementSocketTagger: tagSocketFd(-1, 536871943, -1) failed with errno-9
03-20 00:52:07.155  2387 14245 D NetworkMonitor/101: PROBE_HTTP http://connectivitycheck.gstatic.com/generate_204 time=31ms ret=204 request={Connection=[close], User-Agent=[Mozilla/5.0 (X11; Linux x86_64) AppleWebKit/537.36 (KHTML, like Gecko) Chrome/60.0.3112.32 Safari/537.36]} headers={null=[HTTP/1.1 204 No Content], Connection=[close], Content-Length=[0], Cross-Origin-Resource-Policy=[cross-origin], Date=[Mon, 20 Mar 2023 04:52:07 GMT], X-Android-Received-Millis=[1679287927154], X-Android-Response-Source=[NETWORK 204], X-Android-Selected-Protocol=[http/1.1], X-Android-Sent-Millis=[1679287927140]}
03-20 00:52:07.201  2387 14244 D NetworkMonitor/101: PROBE_HTTPS https://www.google.com/generate_204 time=68ms ret=204 request={Connection=[close], User-Agent=[Mozilla/5.0 (X11; Linux x86_64) AppleWebKit/537.36 (KHTML, like Gecko) Chrome/60.0.3112.32 Safari/537.36]} headers={null=[HTTP/1.1 204 No Content], Alt-Svc=[h3=":443"; ma=2592000,h3-29=":443"; ma=2592000], Connection=[close], Content-Length=[0], Cross-Origin-Resource-Policy=[cross-origin], Date=[Mon, 20 Mar 2023 04:52:07 GMT], X-Android-Received-Millis=[1679287927200], X-Android-Response-Source=[NETWORK 204], X-Android-Selected-Protocol=[http/1.1], X-Android-Sent-Millis=[1679287927184]}
03-20 00:52:07.205  2387 14243 D NetworkMonitor/101: isCaptivePortal: isSuccessful()=true isPortal()=false RedirectUrl=null isPartialConnectivity()=false Time=126ms
03-20 00:52:07.205  2044  2071 W BroadcastQueue: Background execution not allowed: receiving Intent { act=android.net.conn.NETWORK_CONDITIONS_MEASURED flg=0x10 (has extras) } to com.google.android.gms/.chimera.GmsIntentOperationService$PersistentTrustedReceiver
03-20 00:52:07.207  2044  2155 D ConnectivityService: NetworkAgentInfo [WIFI () - 101] validation passed
03-20 00:52:07.215 16441 13617 E GmsTaskScheduler: sendWakeUpEvent called on SchedulerClientBroadcastStrategy
03-20 00:52:07.215 16441 13617 I AlarmManager: setExactAndAllowWhileIdle [name: GCM_HB_ALARM type: 2 triggerAtMillis: 7369564]
03-20 00:52:07.260 16441 13617 I AlarmManager: setExactAndAllowWhileIdle [name: GCM_HB_ALARM type: 2 triggerAtMillis: 7369608]
03-20 00:52:07.275 16441 13617 I AlarmManager: setExactAndAllowWhileIdle [name: GCM_HB_ALARM type: 2 triggerAtMillis: 7369624]
03-20 00:52:07.276 16441 13617 E GmsTaskScheduler: sendWakeUpEvent called on SchedulerClientBroadcastStrategy
03-20 00:52:08.017  1800  2437 E GnssHAL_GnssInterface: gnssSvStatusCb: a: input svInfo.flags is 8
03-20 00:52:08.018  1800  2437 E GnssHAL_GnssInterface: gnssSvStatusCb: b: input svInfo.flags is 8
03-20 00:52:09.019  1800  2437 E GnssHAL_GnssInterface: gnssSvStatusCb: a: input svInfo.flags is 8
03-20 00:52:09.019  1800  2437 E GnssHAL_GnssInterface: gnssSvStatusCb: b: input svInfo.flags is 8
03-20 00:52:10.021  1800  2437 E GnssHAL_GnssInterface: gnssSvStatusCb: a: input svInfo.flags is 8
03-20 00:52:10.021  1800  2437 E GnssHAL_GnssInterface: gnssSvStatusCb: b: input svInfo.flags is 8
03-20 00:52:10.724 13973 14262 D UIAutomatorStub: URI: /jsonrpc/0, Method: POST, Header: {content-length=117, remote-addr=127.0.0.1, http-client-ip=127.0.0.1, host=localhost:9008, content-type=application/json, connection=close, accept-encoding=identity, user-agent=Python-urllib/3.7}, params, {NanoHttpd.QUERY_STRING=null}, files: {postData={"jsonrpc": "2.0", "method": "dumpWindowHierarchy", "id": "6307ba88a40734f7700f6ef7752d31e5", "params": [true, null]}}
03-20 00:52:10.741  2044  2060 W AppOps  : Noting op not finished: uid 10098 pkg com.google.android.gms code 79 time=1679287899350 duration=-1
03-20 00:52:10.742 13973 14262 I UIAutomatorStub: Skipping invisible child: android.view.accessibility.AccessibilityNodeInfo@bc07; boundsInParent: Rect(0, 0 - 1080, 63); boundsInScreen: Rect(0, 0 - 1080, 63); packageName: com.german_software_engineers.trainerapp; className: android.view.View; text: null; error: null; maxTextLength: -1; contentDescription: null; tooltipText: null; viewIdResName: android:id/statusBarBackground; checkable: false; checked: false; focusable: false; focused: false; selected: false; clickable: false; longClickable: false; contextClickable: false; enabled: true; password: false; scrollable: false; importantForAccessibility: false; visible: false; actions: [AccessibilityAction: ACTION_SELECT - null, AccessibilityAction: ACTION_CLEAR_SELECTION - null, AccessibilityAction: ACTION_ACCESSIBILITY_FOCUS - null, AccessibilityAction: ACTION_SHOW_ON_SCREEN - null]
03-20 00:52:10.743 13973 14262 I UIAutomatorStub: Skipping invisible child: android.view.accessibility.AccessibilityNodeInfo@b846; boundsInParent: Rect(0, 0 - 1080, 126); boundsInScreen: Rect(0, 1794 - 1080, 1920); packageName: com.german_software_engineers.trainerapp; className: android.view.View; text: null; error: null; maxTextLength: -1; contentDescription: null; tooltipText: null; viewIdResName: android:id/navigationBarBackground; checkable: false; checked: false; focusable: false; focused: false; selected: false; clickable: false; longClickable: false; contextClickable: false; enabled: true; password: false; scrollable: false; importantForAccessibility: false; visible: false; actions: [AccessibilityAction: ACTION_SELECT - null, AccessibilityAction: ACTION_CLEAR_SELECTION - null, AccessibilityAction: ACTION_ACCESSIBILITY_FOCUS - null, AccessibilityAction: ACTION_SHOW_ON_SCREEN - null]
03-20 00:52:10.743 13973 14262 I UIAutomatorStub: Fetch time: 5ms
03-20 00:52:10.744  2044  2757 W AppOps  : Noting op not finished: uid 10098 pkg com.google.android.gms code 79 time=1679287930741 duration=0
03-20 00:52:10.747  2044  2060 W AppOps  : Noting op not finished: uid 10098 pkg com.google.android.gms code 79 time=1679287930744 duration=0
03-20 00:52:10.752  2044  2060 W AppOps  : Noting op not finished: uid 10098 pkg com.google.android.gms code 79 time=1679287930747 duration=0
03-20 00:52:10.755  2044  2060 W AppOps  : Noting op not finished: uid 10098 pkg com.google.android.gms code 79 time=1679287930752 duration=0
03-20 00:52:11.024  1800  2437 E GnssHAL_GnssInterface: gnssSvStatusCb: a: input svInfo.flags is 8
03-20 00:52:11.024  1800  2437 E GnssHAL_GnssInterface: gnssSvStatusCb: b: input svInfo.flags is 8
03-20 00:52:12.024  1800  2437 E GnssHAL_GnssInterface: gnssSvStatusCb: a: input svInfo.flags is 8
03-20 00:52:12.025  1800  2437 E GnssHAL_GnssInterface: gnssSvStatusCb: b: input svInfo.flags is 8
03-20 00:52:12.329 24279 14271 E memtrack: Couldn't load memtrack module
03-20 00:52:12.330 24279 14271 W android.os.Debug: failed to get memory consumption info: -1
03-20 00:52:12.655 13973 14277 D UIAutomatorStub: URI: /jsonrpc/0, Method: POST, Header: {content-length=117, remote-addr=127.0.0.1, http-client-ip=127.0.0.1, host=localhost:9008, content-type=application/json, connection=close, accept-encoding=identity, user-agent=Python-urllib/3.7}, params, {NanoHttpd.QUERY_STRING=null}, files: {postData={"jsonrpc": "2.0", "method": "dumpWindowHierarchy", "id": "954cdae495ebc648335b02ef078820f1", "params": [true, null]}}
03-20 00:52:12.670 13973 14277 I UIAutomatorStub: Skipping invisible child: android.view.accessibility.AccessibilityNodeInfo@bc07; boundsInParent: Rect(0, 0 - 1080, 63); boundsInScreen: Rect(0, 0 - 1080, 63); packageName: com.german_software_engineers.trainerapp; className: android.view.View; text: null; error: null; maxTextLength: -1; contentDescription: null; tooltipText: null; viewIdResName: android:id/statusBarBackground; checkable: false; checked: false; focusable: false; focused: false; selected: false; clickable: false; longClickable: false; contextClickable: false; enabled: true; password: false; scrollable: false; importantForAccessibility: false; visible: false; actions: [AccessibilityAction: ACTION_SELECT - null, AccessibilityAction: ACTION_CLEAR_SELECTION - null, AccessibilityAction: ACTION_ACCESSIBILITY_FOCUS - null, AccessibilityAction: ACTION_SHOW_ON_SCREEN - null]
03-20 00:52:12.670 13973 14277 I UIAutomatorStub: Skipping invisible child: android.view.accessibility.AccessibilityNodeInfo@b846; boundsInParent: Rect(0, 0 - 1080, 126); boundsInScreen: Rect(0, 1794 - 1080, 1920); packageName: com.german_software_engineers.trainerapp; className: android.view.View; text: null; error: null; maxTextLength: -1; contentDescription: null; tooltipText: null; viewIdResName: android:id/navigationBarBackground; checkable: false; checked: false; focusable: false; focused: false; selected: false; clickable: false; longClickable: false; contextClickable: false; enabled: true; password: false; scrollable: false; importantForAccessibility: false; visible: false; actions: [AccessibilityAction: ACTION_SELECT - null, AccessibilityAction: ACTION_CLEAR_SELECTION - null, AccessibilityAction: ACTION_ACCESSIBILITY_FOCUS - null, AccessibilityAction: ACTION_SHOW_ON_SCREEN - null]
03-20 00:52:12.670 13973 14277 I UIAutomatorStub: Fetch time: 3ms
03-20 00:52:13.030  1800  2437 E GnssHAL_GnssInterface: gnssSvStatusCb: a: input svInfo.flags is 8
03-20 00:52:13.030  1800  2437 E GnssHAL_GnssInterface: gnssSvStatusCb: b: input svInfo.flags is 8
03-20 00:52:13.879 13973 14278 D UIAutomatorStub: URI: /jsonrpc/0, Method: POST, Header: {content-length=117, remote-addr=127.0.0.1, http-client-ip=127.0.0.1, host=localhost:9008, content-type=application/json, connection=close, accept-encoding=identity, user-agent=Python-urllib/3.7}, params, {NanoHttpd.QUERY_STRING=null}, files: {postData={"jsonrpc": "2.0", "method": "dumpWindowHierarchy", "id": "04009f3a789bfc6595875dbbf51def77", "params": [true, null]}}
03-20 00:52:13.893 13973 14278 I UIAutomatorStub: Skipping invisible child: android.view.accessibility.AccessibilityNodeInfo@bc07; boundsInParent: Rect(0, 0 - 1080, 63); boundsInScreen: Rect(0, 0 - 1080, 63); packageName: com.german_software_engineers.trainerapp; className: android.view.View; text: null; error: null; maxTextLength: -1; contentDescription: null; tooltipText: null; viewIdResName: android:id/statusBarBackground; checkable: false; checked: false; focusable: false; focused: false; selected: false; clickable: false; longClickable: false; contextClickable: false; enabled: true; password: false; scrollable: false; importantForAccessibility: false; visible: false; actions: [AccessibilityAction: ACTION_SELECT - null, AccessibilityAction: ACTION_CLEAR_SELECTION - null, AccessibilityAction: ACTION_ACCESSIBILITY_FOCUS - null, AccessibilityAction: ACTION_SHOW_ON_SCREEN - null]
03-20 00:52:13.893 13973 14278 I UIAutomatorStub: Skipping invisible child: android.view.accessibility.AccessibilityNodeInfo@b846; boundsInParent: Rect(0, 0 - 1080, 126); boundsInScreen: Rect(0, 1794 - 1080, 1920); packageName: com.german_software_engineers.trainerapp; className: android.view.View; text: null; error: null; maxTextLength: -1; contentDescription: null; tooltipText: null; viewIdResName: android:id/navigationBarBackground; checkable: false; checked: false; focusable: false; focused: false; selected: false; clickable: false; longClickable: false; contextClickable: false; enabled: true; password: false; scrollable: false; importantForAccessibility: false; visible: false; actions: [AccessibilityAction: ACTION_SELECT - null, AccessibilityAction: ACTION_CLEAR_SELECTION - null, AccessibilityAction: ACTION_ACCESSIBILITY_FOCUS - null, AccessibilityAction: ACTION_SHOW_ON_SCREEN - null]
03-20 00:52:13.894 13973 14278 I UIAutomatorStub: Fetch time: 4ms
03-20 00:52:14.030  1800  2437 E GnssHAL_GnssInterface: gnssSvStatusCb: a: input svInfo.flags is 8
03-20 00:52:14.031  1800  2437 E GnssHAL_GnssInterface: gnssSvStatusCb: b: input svInfo.flags is 8
03-20 00:52:15.035  1800  2437 E GnssHAL_GnssInterface: gnssSvStatusCb: a: input svInfo.flags is 8
03-20 00:52:15.035  1800  2437 E GnssHAL_GnssInterface: gnssSvStatusCb: b: input svInfo.flags is 8
03-20 00:52:15.812 13973 14292 D UIAutomatorStub: URI: /jsonrpc/0, Method: POST, Header: {content-length=117, remote-addr=127.0.0.1, http-client-ip=127.0.0.1, host=localhost:9008, content-type=application/json, connection=close, accept-encoding=identity, user-agent=Python-urllib/3.7}, params, {NanoHttpd.QUERY_STRING=null}, files: {postData={"jsonrpc": "2.0", "method": "dumpWindowHierarchy", "id": "26c93ff943326761c2ee0dce36603e61", "params": [true, null]}}
03-20 00:52:15.834 13973 14292 I UIAutomatorStub: Skipping invisible child: android.view.accessibility.AccessibilityNodeInfo@bc07; boundsInParent: Rect(0, 0 - 1080, 63); boundsInScreen: Rect(0, 0 - 1080, 63); packageName: com.german_software_engineers.trainerapp; className: android.view.View; text: null; error: null; maxTextLength: -1; contentDescription: null; tooltipText: null; viewIdResName: android:id/statusBarBackground; checkable: false; checked: false; focusable: false; focused: false; selected: false; clickable: false; longClickable: false; contextClickable: false; enabled: true; password: false; scrollable: false; importantForAccessibility: false; visible: false; actions: [AccessibilityAction: ACTION_SELECT - null, AccessibilityAction: ACTION_CLEAR_SELECTION - null, AccessibilityAction: ACTION_ACCESSIBILITY_FOCUS - null, AccessibilityAction: ACTION_SHOW_ON_SCREEN - null]
03-20 00:52:15.834 13973 14292 I UIAutomatorStub: Skipping invisible child: android.view.accessibility.AccessibilityNodeInfo@b846; boundsInParent: Rect(0, 0 - 1080, 126); boundsInScreen: Rect(0, 1794 - 1080, 1920); packageName: com.german_software_engineers.trainerapp; className: android.view.View; text: null; error: null; maxTextLength: -1; contentDescription: null; tooltipText: null; viewIdResName: android:id/navigationBarBackground; checkable: false; checked: false; focusable: false; focused: false; selected: false; clickable: false; longClickable: false; contextClickable: false; enabled: true; password: false; scrollable: false; importantForAccessibility: false; visible: false; actions: [AccessibilityAction: ACTION_SELECT - null, AccessibilityAction: ACTION_CLEAR_SELECTION - null, AccessibilityAction: ACTION_ACCESSIBILITY_FOCUS - null, AccessibilityAction: ACTION_SHOW_ON_SCREEN - null]
03-20 00:52:15.834 13973 14292 I UIAutomatorStub: Fetch time: 2ms
03-20 00:52:16.040  1800  2437 E GnssHAL_GnssInterface: gnssSvStatusCb: a: input svInfo.flags is 8
03-20 00:52:16.040  1800  2437 E GnssHAL_GnssInterface: gnssSvStatusCb: b: input svInfo.flags is 8
03-20 00:52:17.042  1800  2437 E GnssHAL_GnssInterface: gnssSvStatusCb: a: input svInfo.flags is 8
03-20 00:52:17.042  1800  2437 E GnssHAL_GnssInterface: gnssSvStatusCb: b: input svInfo.flags is 8
03-20 00:52:17.095  2044  2070 E memtrack: Couldn't load memtrack module
03-20 00:52:17.095  2044  2070 W android.os.Debug: failed to get memory consumption info: -1
03-20 00:52:17.822 13973 14309 D UIAutomatorStub: URI: /jsonrpc/0, Method: POST, Header: {content-length=117, remote-addr=127.0.0.1, http-client-ip=127.0.0.1, host=localhost:9008, content-type=application/json, connection=close, accept-encoding=identity, user-agent=Python-urllib/3.7}, params, {NanoHttpd.QUERY_STRING=null}, files: {postData={"jsonrpc": "2.0", "method": "dumpWindowHierarchy", "id": "a023af3030128f5db50da158b233d918", "params": [true, null]}}
03-20 00:52:17.834 13973 14309 I UIAutomatorStub: Skipping invisible child: android.view.accessibility.AccessibilityNodeInfo@bc07; boundsInParent: Rect(0, 0 - 1080, 63); boundsInScreen: Rect(0, 0 - 1080, 63); packageName: com.german_software_engineers.trainerapp; className: android.view.View; text: null; error: null; maxTextLength: -1; contentDescription: null; tooltipText: null; viewIdResName: android:id/statusBarBackground; checkable: false; checked: false; focusable: false; focused: false; selected: false; clickable: false; longClickable: false; contextClickable: false; enabled: true; password: false; scrollable: false; importantForAccessibility: false; visible: false; actions: [AccessibilityAction: ACTION_SELECT - null, AccessibilityAction: ACTION_CLEAR_SELECTION - null, AccessibilityAction: ACTION_ACCESSIBILITY_FOCUS - null, AccessibilityAction: ACTION_SHOW_ON_SCREEN - null]
03-20 00:52:17.834 13973 14309 I UIAutomatorStub: Skipping invisible child: android.view.accessibility.AccessibilityNodeInfo@b846; boundsInParent: Rect(0, 0 - 1080, 126); boundsInScreen: Rect(0, 1794 - 1080, 1920); packageName: com.german_software_engineers.trainerapp; className: android.view.View; text: null; error: null; maxTextLength: -1; contentDescription: null; tooltipText: null; viewIdResName: android:id/navigationBarBackground; checkable: false; checked: false; focusable: false; focused: false; selected: false; clickable: false; longClickable: false; contextClickable: false; enabled: true; password: false; scrollable: false; importantForAccessibility: false; visible: false; actions: [AccessibilityAction: ACTION_SELECT - null, AccessibilityAction: ACTION_CLEAR_SELECTION - null, AccessibilityAction: ACTION_ACCESSIBILITY_FOCUS - null, AccessibilityAction: ACTION_SHOW_ON_SCREEN - null]
03-20 00:52:17.837 13973 14309 I UIAutomatorStub: Fetch time: 5ms
03-20 00:52:18.042  1800  2437 E GnssHAL_GnssInterface: gnssSvStatusCb: a: input svInfo.flags is 8
03-20 00:52:18.042  1800  2437 E GnssHAL_GnssInterface: gnssSvStatusCb: b: input svInfo.flags is 8
03-20 00:52:19.043  1800  2437 E GnssHAL_GnssInterface: gnssSvStatusCb: a: input svInfo.flags is 8
03-20 00:52:19.043  1800  2437 E GnssHAL_GnssInterface: gnssSvStatusCb: b: input svInfo.flags is 8
03-20 00:52:19.460  1801  1822 D gralloc_ranchu: gralloc_alloc: Creating ashmem region of size 8298496
03-20 00:52:19.464  1682  1682 I hwservicemanager: getTransport: Cannot find entry android.hardware.graphics.mapper@3.0::IMapper/default in either framework or device manifest.
03-20 00:52:19.464 14312 14312 W Gralloc3: mapper 3.x is not supported
03-20 00:52:19.476 14312 14312 D HostConnection: createUnique: call
03-20 00:52:19.477 14312 14312 D HostConnection: HostConnection::get() New Host Connection established 0xe8908d70, tid 14312
03-20 00:52:19.484 14312 14312 D HostConnection: HostComposition ext ANDROID_EMU_CHECKSUM_HELPER_v1 ANDROID_EMU_native_sync_v2 ANDROID_EMU_native_sync_v3 ANDROID_EMU_native_sync_v4 ANDROID_EMU_dma_v1 ANDROID_EMU_direct_mem ANDROID_EMU_YUV420_888_to_NV21 ANDROID_EMU_YUV_Cache ANDROID_EMU_sync_buffer_data GL_OES_EGL_image_external_essl3 GL_OES_vertex_array_object GL_KHR_texture_compression_astc_ldr ANDROID_EMU_host_side_tracing ANDROID_EMU_gles_max_version_3_0 
03-20 00:52:19.484 14312 14312 D eglCodecCommon: allocate: Ask for block of size 0x1000
03-20 00:52:19.484 14312 14312 D eglCodecCommon: allocate: ioctl allocate returned offset 0x3ff801000 size 0x2000
03-20 00:52:19.502 14312 14312 D eglCodecCommon: allocate: Ask for block of size 0x7ea000
03-20 00:52:19.503 14312 14312 D eglCodecCommon: allocate: ioctl allocate returned offset 0x3fe825000 size 0x7eb000
03-20 00:52:19.651  3394 14320 I MediaProvider: Begin Intent { act=android.intent.action.MEDIA_SCANNER_SCAN_FILE dat=file:///sdcard/screen.png flg=0x1400010 cmp=com.android.providers.media/.MediaService }
03-20 00:52:19.659  3394 14320 W ExifInterface: Invalid image: ExifInterface got an unsupported image format file(ExifInterface supports JPEG and some RAW image formats only) or a corrupted JPEG file to ExifInterface.
03-20 00:52:19.659  3394 14320 W ExifInterface: java.io.IOException: Invalid byte order: ffff8950
03-20 00:52:19.659  3394 14320 W ExifInterface: 	at android.media.ExifInterface.readByteOrder(ExifInterface.java:3121)
03-20 00:52:19.659  3394 14320 W ExifInterface: 	at android.media.ExifInterface.isOrfFormat(ExifInterface.java:2437)
03-20 00:52:19.659  3394 14320 W ExifInterface: 	at android.media.ExifInterface.getMimeType(ExifInterface.java:2315)
03-20 00:52:19.659  3394 14320 W ExifInterface: 	at android.media.ExifInterface.loadAttributes(ExifInterface.java:1753)
03-20 00:52:19.659  3394 14320 W ExifInterface: 	at android.media.ExifInterface.<init>(ExifInterface.java:1447)
03-20 00:52:19.659  3394 14320 W ExifInterface: 	at com.android.providers.media.scan.ModernMediaScanner.scanItemImage(ModernMediaScanner.java:729)
03-20 00:52:19.659  3394 14320 W ExifInterface: 	at com.android.providers.media.scan.ModernMediaScanner.scanItem(ModernMediaScanner.java:502)
03-20 00:52:19.659  3394 14320 W ExifInterface: 	at com.android.providers.media.scan.ModernMediaScanner.access$500(ModernMediaScanner.java:118)
03-20 00:52:19.659  3394 14320 W ExifInterface: 	at com.android.providers.media.scan.ModernMediaScanner$Scan.visitFile(ModernMediaScanner.java:406)
03-20 00:52:19.659  3394 14320 W ExifInterface: 	at com.android.providers.media.scan.ModernMediaScanner$Scan.visitFile(ModernMediaScanner.java:207)
03-20 00:52:19.659  3394 14320 W ExifInterface: 	at java.nio.file.Files.walkFileTree(Files.java:2670)
03-20 00:52:19.659  3394 14320 W ExifInterface: 	at java.nio.file.Files.walkFileTree(Files.java:2742)
03-20 00:52:19.659  3394 14320 W ExifInterface: 	at com.android.providers.media.scan.ModernMediaScanner$Scan.walkFileTree(ModernMediaScanner.java:267)
03-20 00:52:19.659  3394 14320 W ExifInterface: 	at com.android.providers.media.scan.ModernMediaScanner$Scan.run(ModernMediaScanner.java:245)
03-20 00:52:19.659  3394 14320 W ExifInterface: 	at com.android.providers.media.scan.ModernMediaScanner.scanFile(ModernMediaScanner.java:174)
03-20 00:52:19.659  3394 14320 W ExifInterface: 	at com.android.providers.media.MediaService.onScanFile(MediaService.java:164)
03-20 00:52:19.659  3394 14320 W ExifInterface: 	at com.android.providers.media.MediaService.onHandleIntent(MediaService.java:90)
03-20 00:52:19.659  3394 14320 W ExifInterface: 	at android.app.IntentService$ServiceHandler.handleMessage(IntentService.java:78)
03-20 00:52:19.659  3394 14320 W ExifInterface: 	at android.os.Handler.dispatchMessage(Handler.java:107)
03-20 00:52:19.659  3394 14320 W ExifInterface: 	at android.os.Looper.loop(Looper.java:214)
03-20 00:52:19.659  3394 14320 W ExifInterface: 	at android.os.HandlerThread.run(HandlerThread.java:67)
03-20 00:52:19.670  3394 14320 I MediaProvider: End Intent { act=android.intent.action.MEDIA_SCANNER_SCAN_FILE dat=file:///sdcard/screen.png flg=0x1400010 cmp=com.android.providers.media/.MediaService }
03-20 00:52:19.735  3394  3408 W d.process.medi: Reducing the number of considered missed Gc histogram windows from 145 to 100
03-20 00:52:19.811 16441  6980 I NetworkScheduler.Stats: Task com.google.android.gms/com.google.android.gms.ipa.base.IpaGcmTaskService started execution. cause:9 exec_start_elapsed_seconds: 6972 [CONTEXT service_id=218 ]
03-20 00:52:19.821 16441 13617 I NetworkScheduler.Stats: Task com.google.android.gms/com.google.android.gms.ipa.base.IpaGcmTaskService finished executing. cause:9 result: 1 elapsed_millis: 64 uptime_millis: 64 exec_start_elapsed_seconds: 6972 [CONTEXT service_id=218 ]
03-20 00:52:19.825 16441 16441 D BoundBrokerSvc: onBind: Intent { act=com.google.android.gms.scheduler.ACTION_PROXY_SCHEDULE dat=chimera-action: cmp=com.google.android.gms/.chimera.PersistentApiService }
03-20 00:52:19.825 16441 16441 D BoundBrokerSvc: Loading bound service for intent: Intent { act=com.google.android.gms.scheduler.ACTION_PROXY_SCHEDULE dat=chimera-action: cmp=com.google.android.gms/.chimera.PersistentApiService }
03-20 00:52:20.047  1800  2437 E GnssHAL_GnssInterface: gnssSvStatusCb: a: input svInfo.flags is 8
03-20 00:52:20.047  1800  2437 E GnssHAL_GnssInterface: gnssSvStatusCb: b: input svInfo.flags is 8
03-20 00:52:21.050  1800  2437 E GnssHAL_GnssInterface: gnssSvStatusCb: a: input svInfo.flags is 8
03-20 00:52:21.050  1800  2437 E GnssHAL_GnssInterface: gnssSvStatusCb: b: input svInfo.flags is 8
03-20 00:52:21.424  1953  1953 E netmgr  : Failed to open QEMU pipe 'qemud:network': Invalid argument
03-20 00:52:22.052  1800  2437 E GnssHAL_GnssInterface: gnssSvStatusCb: a: input svInfo.flags is 8
03-20 00:52:22.052  1800  2437 E GnssHAL_GnssInterface: gnssSvStatusCb: b: input svInfo.flags is 8
03-20 00:52:22.054 13973 14324 D UIAutomatorStub: URI: /jsonrpc/0, Method: POST, Header: {content-length=117, remote-addr=127.0.0.1, http-client-ip=127.0.0.1, host=localhost:9008, content-type=application/json, connection=close, accept-encoding=identity, user-agent=Python-urllib/3.7}, params, {NanoHttpd.QUERY_STRING=null}, files: {postData={"jsonrpc": "2.0", "method": "dumpWindowHierarchy", "id": "e5c219901766ed0c13e549677c2f448e", "params": [true, null]}}
03-20 00:52:22.061  1960  1960 E wifi_forwarder: RemoteConnection failed to initialize: RemoteConnection failed to open pipe
03-20 00:52:22.066 13973 14324 I UIAutomatorStub: Skipping invisible child: android.view.accessibility.AccessibilityNodeInfo@bc07; boundsInParent: Rect(0, 0 - 1080, 63); boundsInScreen: Rect(0, 0 - 1080, 63); packageName: com.german_software_engineers.trainerapp; className: android.view.View; text: null; error: null; maxTextLength: -1; contentDescription: null; tooltipText: null; viewIdResName: android:id/statusBarBackground; checkable: false; checked: false; focusable: false; focused: false; selected: false; clickable: false; longClickable: false; contextClickable: false; enabled: true; password: false; scrollable: false; importantForAccessibility: false; visible: false; actions: [AccessibilityAction: ACTION_SELECT - null, AccessibilityAction: ACTION_CLEAR_SELECTION - null, AccessibilityAction: ACTION_ACCESSIBILITY_FOCUS - null, AccessibilityAction: ACTION_SHOW_ON_SCREEN - null]
03-20 00:52:22.066 13973 14324 I UIAutomatorStub: Skipping invisible child: android.view.accessibility.AccessibilityNodeInfo@b846; boundsInParent: Rect(0, 0 - 1080, 126); boundsInScreen: Rect(0, 1794 - 1080, 1920); packageName: com.german_software_engineers.trainerapp; className: android.view.View; text: null; error: null; maxTextLength: -1; contentDescription: null; tooltipText: null; viewIdResName: android:id/navigationBarBackground; checkable: false; checked: false; focusable: false; focused: false; selected: false; clickable: false; longClickable: false; contextClickable: false; enabled: true; password: false; scrollable: false; importantForAccessibility: false; visible: false; actions: [AccessibilityAction: ACTION_SELECT - null, AccessibilityAction: ACTION_CLEAR_SELECTION - null, AccessibilityAction: ACTION_ACCESSIBILITY_FOCUS - null, AccessibilityAction: ACTION_SHOW_ON_SCREEN - null]
03-20 00:52:22.066 13973 14324 I UIAutomatorStub: Fetch time: 3ms
03-20 00:52:23.057  1800  2437 E GnssHAL_GnssInterface: gnssSvStatusCb: a: input svInfo.flags is 8
03-20 00:52:23.058  1800  2437 E GnssHAL_GnssInterface: gnssSvStatusCb: b: input svInfo.flags is 8
03-20 00:52:23.315 13973 14330 D UIAutomatorStub: URI: /jsonrpc/0, Method: POST, Header: {content-length=117, remote-addr=127.0.0.1, http-client-ip=127.0.0.1, host=localhost:9008, content-type=application/json, connection=close, accept-encoding=identity, user-agent=Python-urllib/3.7}, params, {NanoHttpd.QUERY_STRING=null}, files: {postData={"jsonrpc": "2.0", "method": "dumpWindowHierarchy", "id": "15ec0d848f2fe58550e747ed71a8810e", "params": [true, null]}}
03-20 00:52:23.327 13973 14330 I UIAutomatorStub: Skipping invisible child: android.view.accessibility.AccessibilityNodeInfo@bc07; boundsInParent: Rect(0, 0 - 1080, 63); boundsInScreen: Rect(0, 0 - 1080, 63); packageName: com.german_software_engineers.trainerapp; className: android.view.View; text: null; error: null; maxTextLength: -1; contentDescription: null; tooltipText: null; viewIdResName: android:id/statusBarBackground; checkable: false; checked: false; focusable: false; focused: false; selected: false; clickable: false; longClickable: false; contextClickable: false; enabled: true; password: false; scrollable: false; importantForAccessibility: false; visible: false; actions: [AccessibilityAction: ACTION_SELECT - null, AccessibilityAction: ACTION_CLEAR_SELECTION - null, AccessibilityAction: ACTION_ACCESSIBILITY_FOCUS - null, AccessibilityAction: ACTION_SHOW_ON_SCREEN - null]
03-20 00:52:23.327 13973 14330 I UIAutomatorStub: Skipping invisible child: android.view.accessibility.AccessibilityNodeInfo@b846; boundsInParent: Rect(0, 0 - 1080, 126); boundsInScreen: Rect(0, 1794 - 1080, 1920); packageName: com.german_software_engineers.trainerapp; className: android.view.View; text: null; error: null; maxTextLength: -1; contentDescription: null; tooltipText: null; viewIdResName: android:id/navigationBarBackground; checkable: false; checked: false; focusable: false; focused: false; selected: false; clickable: false; longClickable: false; contextClickable: false; enabled: true; password: false; scrollable: false; importantForAccessibility: false; visible: false; actions: [AccessibilityAction: ACTION_SELECT - null, AccessibilityAction: ACTION_CLEAR_SELECTION - null, AccessibilityAction: ACTION_ACCESSIBILITY_FOCUS - null, AccessibilityAction: ACTION_SHOW_ON_SCREEN - null]
03-20 00:52:23.328 13973 14330 I UIAutomatorStub: Fetch time: 3ms
03-20 00:52:24.061  1800  2437 E GnssHAL_GnssInterface: gnssSvStatusCb: a: input svInfo.flags is 8
03-20 00:52:24.061  1800  2437 E GnssHAL_GnssInterface: gnssSvStatusCb: b: input svInfo.flags is 8
03-20 00:52:24.606 13973 14334 D UIAutomatorStub: URI: /jsonrpc/0, Method: POST, Header: {content-length=117, remote-addr=127.0.0.1, http-client-ip=127.0.0.1, host=localhost:9008, content-type=application/json, connection=close, accept-encoding=identity, user-agent=Python-urllib/3.7}, params, {NanoHttpd.QUERY_STRING=null}, files: {postData={"jsonrpc": "2.0", "method": "dumpWindowHierarchy", "id": "d4f7b83d7ab7e6e3726226476a172114", "params": [true, null]}}
03-20 00:52:24.616 13973 14334 I UIAutomatorStub: Skipping invisible child: android.view.accessibility.AccessibilityNodeInfo@bc07; boundsInParent: Rect(0, 0 - 1080, 63); boundsInScreen: Rect(0, 0 - 1080, 63); packageName: com.german_software_engineers.trainerapp; className: android.view.View; text: null; error: null; maxTextLength: -1; contentDescription: null; tooltipText: null; viewIdResName: android:id/statusBarBackground; checkable: false; checked: false; focusable: false; focused: false; selected: false; clickable: false; longClickable: false; contextClickable: false; enabled: true; password: false; scrollable: false; importantForAccessibility: false; visible: false; actions: [AccessibilityAction: ACTION_SELECT - null, AccessibilityAction: ACTION_CLEAR_SELECTION - null, AccessibilityAction: ACTION_ACCESSIBILITY_FOCUS - null, AccessibilityAction: ACTION_SHOW_ON_SCREEN - null]
03-20 00:52:24.617 13973 14334 I UIAutomatorStub: Skipping invisible child: android.view.accessibility.AccessibilityNodeInfo@b846; boundsInParent: Rect(0, 0 - 1080, 126); boundsInScreen: Rect(0, 1794 - 1080, 1920); packageName: com.german_software_engineers.trainerapp; className: android.view.View; text: null; error: null; maxTextLength: -1; contentDescription: null; tooltipText: null; viewIdResName: android:id/navigationBarBackground; checkable: false; checked: false; focusable: false; focused: false; selected: false; clickable: false; longClickable: false; contextClickable: false; enabled: true; password: false; scrollable: false; importantForAccessibility: false; visible: false; actions: [AccessibilityAction: ACTION_SELECT - null, AccessibilityAction: ACTION_CLEAR_SELECTION - null, AccessibilityAction: ACTION_ACCESSIBILITY_FOCUS - null, AccessibilityAction: ACTION_SHOW_ON_SCREEN - null]
03-20 00:52:24.617 13973 14334 I UIAutomatorStub: Fetch time: 2ms
03-20 00:52:25.065  1800  2437 E GnssHAL_GnssInterface: gnssSvStatusCb: a: input svInfo.flags is 8
03-20 00:52:25.065  1800  2437 E GnssHAL_GnssInterface: gnssSvStatusCb: b: input svInfo.flags is 8
03-20 00:52:25.892 13973 14340 D UIAutomatorStub: URI: /jsonrpc/0, Method: POST, Header: {content-length=117, remote-addr=127.0.0.1, http-client-ip=127.0.0.1, host=localhost:9008, content-type=application/json, connection=close, accept-encoding=identity, user-agent=Python-urllib/3.7}, params, {NanoHttpd.QUERY_STRING=null}, files: {postData={"jsonrpc": "2.0", "method": "dumpWindowHierarchy", "id": "8d90b13e642869cb4b567ae22b2f3d89", "params": [true, null]}}
03-20 00:52:25.906 13973 14340 I UIAutomatorStub: Skipping invisible child: android.view.accessibility.AccessibilityNodeInfo@bc07; boundsInParent: Rect(0, 0 - 1080, 63); boundsInScreen: Rect(0, 0 - 1080, 63); packageName: com.german_software_engineers.trainerapp; className: android.view.View; text: null; error: null; maxTextLength: -1; contentDescription: null; tooltipText: null; viewIdResName: android:id/statusBarBackground; checkable: false; checked: false; focusable: false; focused: false; selected: false; clickable: false; longClickable: false; contextClickable: false; enabled: true; password: false; scrollable: false; importantForAccessibility: false; visible: false; actions: [AccessibilityAction: ACTION_SELECT - null, AccessibilityAction: ACTION_CLEAR_SELECTION - null, AccessibilityAction: ACTION_ACCESSIBILITY_FOCUS - null, AccessibilityAction: ACTION_SHOW_ON_SCREEN - null]
03-20 00:52:25.906 13973 14340 I UIAutomatorStub: Skipping invisible child: android.view.accessibility.AccessibilityNodeInfo@b846; boundsInParent: Rect(0, 0 - 1080, 126); boundsInScreen: Rect(0, 1794 - 1080, 1920); packageName: com.german_software_engineers.trainerapp; className: android.view.View; text: null; error: null; maxTextLength: -1; contentDescription: null; tooltipText: null; viewIdResName: android:id/navigationBarBackground; checkable: false; checked: false; focusable: false; focused: false; selected: false; clickable: false; longClickable: false; contextClickable: false; enabled: true; password: false; scrollable: false; importantForAccessibility: false; visible: false; actions: [AccessibilityAction: ACTION_SELECT - null, AccessibilityAction: ACTION_CLEAR_SELECTION - null, AccessibilityAction: ACTION_ACCESSIBILITY_FOCUS - null, AccessibilityAction: ACTION_SHOW_ON_SCREEN - null]
03-20 00:52:25.906 13973 14340 I UIAutomatorStub: Fetch time: 5ms
03-20 00:52:26.069  1800  2437 E GnssHAL_GnssInterface: gnssSvStatusCb: a: input svInfo.flags is 8
03-20 00:52:26.069  1800  2437 E GnssHAL_GnssInterface: gnssSvStatusCb: b: input svInfo.flags is 8
03-20 00:52:27.018 24279 24400 I PhenotypeProcessReaper: Memory state is: 400
03-20 00:52:27.018 24279 24400 I PhenotypeProcessReaper: Killing process to refresh experiment configuration
03-20 00:52:27.019 24279 24400 I Process : Sending signal. PID: 24279 SIG: 9
03-20 00:52:27.070  1800  2437 E GnssHAL_GnssInterface: gnssSvStatusCb: a: input svInfo.flags is 8
03-20 00:52:27.070  1800  2437 E GnssHAL_GnssInterface: gnssSvStatusCb: b: input svInfo.flags is 8
03-20 00:52:27.128  2044  6151 D ConnectivityService: ConnectivityService NetworkRequestInfo binderDied(NetworkRequest [ TRACK_DEFAULT id=69, [ Capabilities: INTERNET&NOT_RESTRICTED&TRUSTED Uid: 10098] ], android.os.BinderProxy@a349303)
03-20 00:52:27.130  1780  1780 I Zygote  : Process 24279 exited due to signal 9 (Killed)
03-20 00:52:27.130  2044  4636 D ConnectivityService: ConnectivityService NetworkRequestInfo binderDied(NetworkRequest [ LISTEN id=63, [ Capabilities: INTERNET&NOT_RESTRICTED&TRUSTED&NOT_VPN Uid: 10098] ], android.os.BinderProxy@47fb280)
03-20 00:52:27.130  2044  5153 D ConnectivityService: ConnectivityService NetworkRequestInfo binderDied(NetworkRequest [ LISTEN id=70, [ Capabilities: INTERNET&NOT_RESTRICTED&TRUSTED Uid: 10098] ], android.os.BinderProxy@1c230b9)
03-20 00:52:27.131  2044  2155 D ConnectivityService: releasing NetworkRequest [ TRACK_DEFAULT id=69, [ Capabilities: INTERNET&NOT_RESTRICTED&TRUSTED Uid: 10098] ] (release request)
03-20 00:52:27.132  2044  2765 I ActivityManager: Process com.google.android.gms (pid 24279) has died: cch+5 CEM 
03-20 00:52:27.133  2044  2073 I libprocessgroup: Successfully killed process cgroup uid 10098 pid 24279 in 0ms
03-20 00:52:27.134  2044  2070 E memtrack: Couldn't load memtrack module
03-20 00:52:27.134  2044  2070 W android.os.Debug: failed to get memory consumption info: -1
03-20 00:52:27.135 16441 16441 D BoundBrokerSvc: onUnbind: Intent { act=com.google.android.gms.scheduler.ACTION_PROXY_SCHEDULE dat=chimera-action: cmp=com.google.android.gms/.chimera.PersistentApiService }
03-20 00:52:27.191 14348 14348 D AndroidRuntime: >>>>>> START com.android.internal.os.RuntimeInit uid 2000 <<<<<<
03-20 00:52:27.186 14348 14348 W app_process: type=1400 audit(0.0:1182): avc: denied { read } for name="u:object_r:device_config_runtime_native_boot_prop:s0" dev="tmpfs" ino=874 scontext=u:r:shell:s0 tcontext=u:object_r:device_config_runtime_native_boot_prop:s0 tclass=file permissive=0
03-20 00:52:27.195 14348 14348 E libc    : Access denied finding property "persist.device_config.runtime_native_boot.enable_apex_image"
03-20 00:52:27.195 14348 14348 I AndroidRuntime: Using default boot image
03-20 00:52:27.195 14348 14348 E libc    : Access denied finding property "persist.device_config.runtime_native_boot.disable_lock_profiling"
03-20 00:52:27.195 14348 14348 I AndroidRuntime: Leaving lock profiling enabled
03-20 00:52:27.195 14348 14348 E libc    : Access denied finding property "persist.device_config.runtime_native_boot.enable_generational_cc"
03-20 00:52:27.760 14348 14348 D ICU     : Time zone APEX file found: /apex/com.android.tzdata/etc/icu/icu_tzdata.dat
03-20 00:52:27.763 14348 14348 W app_process: Unexpected CPU variant for X86 using defaults: x86
03-20 00:52:27.765 14348 14348 I app_process: The ClassLoaderContext is a special shared library.
03-20 00:52:27.777 14348 14348 W app_process: JNI RegisterNativeMethods: attempt to register 0 native methods for android.media.AudioAttributes
03-20 00:52:27.780 14348 14348 D AndroidRuntime: Calling main entry com.android.commands.monkey.Monkey
03-20 00:52:27.783 14348 14348 W Monkey  : args: [-p, com.german_software_engineers.trainerapp, -c, android.intent.category.LAUNCHER, 1]
03-20 00:52:27.783 14348 14348 W Monkey  :  arg: "-p"
03-20 00:52:27.783 14348 14348 W Monkey  :  arg: "com.german_software_engineers.trainerapp"
03-20 00:52:27.783 14348 14348 W Monkey  :  arg: "-c"
03-20 00:52:27.784 14348 14348 W Monkey  :  arg: "android.intent.category.LAUNCHER"
03-20 00:52:27.784 14348 14348 W Monkey  :  arg: "1"
03-20 00:52:27.784 14348 14348 W Monkey  : data="com.german_software_engineers.trainerapp"
03-20 00:52:27.784 14348 14348 W Monkey  : data="android.intent.category.LAUNCHER"
03-20 00:52:27.795  2044  2071 W BroadcastQueue: Skipping deliver [background] BroadcastRecord{b6d76ac u-1 android.net.conn.CONNECTIVITY_CHANGE} to ReceiverList{ccc1f75 14348 (unknown name)/2000/u-1 remote:29d4cfe}: process gone or crashing
03-20 00:52:27.804  2044  2765 I ActivityTaskManager: START u0 {act=android.intent.action.MAIN cat=[android.intent.category.LAUNCHER] flg=0x10200000 cmp=com.german_software_engineers.trainerapp/.TrainingsSchedule} from uid 2000
03-20 00:52:27.804  2044  2765 W Binder  : Outgoing transactions from this process must be FLAG_ONEWAY
03-20 00:52:27.804  2044  2765 W Binder  : java.lang.Throwable
03-20 00:52:27.804  2044  2765 W Binder  : 	at android.os.BinderProxy.transact(BinderProxy.java:480)
03-20 00:52:27.804  2044  2765 W Binder  : 	at android.app.IActivityController$Stub$Proxy.activityStarting(IActivityController.java:273)
03-20 00:52:27.804  2044  2765 W Binder  : 	at com.android.server.wm.ActivityStarter.startActivity(ActivityStarter.java:794)
03-20 00:52:27.804  2044  2765 W Binder  : 	at com.android.server.wm.ActivityStarter.startActivity(ActivityStarter.java:583)
03-20 00:52:27.804  2044  2765 W Binder  : 	at com.android.server.wm.ActivityStarter.startActivityMayWait(ActivityStarter.java:1288)
03-20 00:52:27.804  2044  2765 W Binder  : 	at com.android.server.wm.ActivityStarter.execute(ActivityStarter.java:514)
03-20 00:52:27.804  2044  2765 W Binder  : 	at com.android.server.wm.ActivityTaskManagerService.startActivityAsUser(ActivityTaskManagerService.java:1058)
03-20 00:52:27.804  2044  2765 W Binder  : 	at com.android.server.wm.ActivityTaskManagerService.startActivityAsUser(ActivityTaskManagerService.java:1032)
03-20 00:52:27.804  2044  2765 W Binder  : 	at com.android.server.am.ActivityManagerService.startActivityAsUser(ActivityManagerService.java:3504)
03-20 00:52:27.804  2044  2765 W Binder  : 	at android.app.IActivityManager$Stub.onTransact(IActivityManager.java:3537)
03-20 00:52:27.804  2044  2765 W Binder  : 	at com.android.server.am.ActivityManagerService.onTransact(ActivityManagerService.java:2741)
03-20 00:52:27.804  2044  2765 W Binder  : 	at android.os.Binder.execTransactInternal(Binder.java:1021)
03-20 00:52:27.804  2044  2765 W Binder  : 	at android.os.Binder.execTransact(Binder.java:994)
03-20 00:52:27.807 14348 14348 I Monkey  : Events injected: 1
03-20 00:52:27.809  2044  2044 V SettingsProvider: Notifying for 0: content://settings/system/accelerometer_rotation
03-20 00:52:27.811  2044  2065 W InputReader: Device has associated, but no associated display id.
03-20 00:52:27.811  2044  2065 I chatty  : uid=1000(system) android.display identical 8 lines
03-20 00:52:27.811  2044  2065 W InputReader: Device has associated, but no associated display id.
03-20 00:52:27.817 14348 14348 I Monkey  : ## Network stats: elapsed time=13ms (0ms mobile, 0ms wifi, 13ms not connected)
03-20 00:52:27.819 14348 14348 I app_process: System.exit called, status: 0
03-20 00:52:27.819 14348 14348 I AndroidRuntime: VM exiting with result code 0.
03-20 00:52:27.820  2044  2065 W InputReader: Device has associated, but no associated display id.
03-20 00:52:27.821  2044  2065 I chatty  : uid=1000(system) android.display identical 8 lines
03-20 00:52:27.821  2044  2065 W InputReader: Device has associated, but no associated display id.
03-20 00:52:28.071  1800  2437 E GnssHAL_GnssInterface: gnssSvStatusCb: a: input svInfo.flags is 8
03-20 00:52:28.071  1800  2437 E GnssHAL_GnssInterface: gnssSvStatusCb: b: input svInfo.flags is 8
03-20 00:52:29.073  1800  2437 E GnssHAL_GnssInterface: gnssSvStatusCb: a: input svInfo.flags is 8
03-20 00:52:29.073  1800  2437 E GnssHAL_GnssInterface: gnssSvStatusCb: b: input svInfo.flags is 8
03-20 00:52:30.078  1800  2437 E GnssHAL_GnssInterface: gnssSvStatusCb: a: input svInfo.flags is 8
03-20 00:52:30.078  1800  2437 E GnssHAL_GnssInterface: gnssSvStatusCb: b: input svInfo.flags is 8
03-20 00:52:31.080  1800  2437 E GnssHAL_GnssInterface: gnssSvStatusCb: a: input svInfo.flags is 8
03-20 00:52:31.080  1800  2437 E GnssHAL_GnssInterface: gnssSvStatusCb: b: input svInfo.flags is 8
03-20 00:52:32.085  1800  2437 E GnssHAL_GnssInterface: gnssSvStatusCb: a: input svInfo.flags is 8
03-20 00:52:32.085  1800  2437 E GnssHAL_GnssInterface: gnssSvStatusCb: b: input svInfo.flags is 8
03-20 00:52:33.088  1800  2437 E GnssHAL_GnssInterface: gnssSvStatusCb: a: input svInfo.flags is 8
03-20 00:52:33.088  1800  2437 E GnssHAL_GnssInterface: gnssSvStatusCb: b: input svInfo.flags is 8
03-20 00:52:34.092  1800  2437 E GnssHAL_GnssInterface: gnssSvStatusCb: a: input svInfo.flags is 8
03-20 00:52:34.092  1800  2437 E GnssHAL_GnssInterface: gnssSvStatusCb: b: input svInfo.flags is 8
03-20 00:52:35.096  1800  2437 E GnssHAL_GnssInterface: gnssSvStatusCb: a: input svInfo.flags is 8
03-20 00:52:35.096  1800  2437 E GnssHAL_GnssInterface: gnssSvStatusCb: b: input svInfo.flags is 8
03-20 00:52:36.101  1800  2437 E GnssHAL_GnssInterface: gnssSvStatusCb: a: input svInfo.flags is 8
03-20 00:52:36.101  1800  2437 E GnssHAL_GnssInterface: gnssSvStatusCb: b: input svInfo.flags is 8
03-20 00:52:37.103  1800  2437 E GnssHAL_GnssInterface: gnssSvStatusCb: a: input svInfo.flags is 8
03-20 00:52:37.103  1800  2437 E GnssHAL_GnssInterface: gnssSvStatusCb: b: input svInfo.flags is 8
03-20 00:52:38.106  1800  2437 E GnssHAL_GnssInterface: gnssSvStatusCb: a: input svInfo.flags is 8
03-20 00:52:38.107  1800  2437 E GnssHAL_GnssInterface: gnssSvStatusCb: b: input svInfo.flags is 8
03-20 00:52:39.111  1800  2437 E GnssHAL_GnssInterface: gnssSvStatusCb: a: input svInfo.flags is 8
03-20 00:52:39.111  1800  2437 E GnssHAL_GnssInterface: gnssSvStatusCb: b: input svInfo.flags is 8
03-20 00:52:40.114  1800  2437 E GnssHAL_GnssInterface: gnssSvStatusCb: a: input svInfo.flags is 8
03-20 00:52:40.114  1800  2437 E GnssHAL_GnssInterface: gnssSvStatusCb: b: input svInfo.flags is 8
