07-11 19:23:25.380 20045 20145 W CorpusConfigHelper: 	at com.google.android.apps.gsa.binaries.velvet.app.akk.b(PG:15)
07-11 19:23:25.380 20045 20145 W CorpusConfigHelper: 	at dagger.a.e.b(PG:1)
07-11 19:23:25.380 20045 20145 W CorpusConfigHelper: 	at com.google.android.apps.gsa.staticplugins.searchboxroot.a.a.a(PG:3)
07-11 19:23:25.380 20045 20145 W CorpusConfigHelper: 	at com.google.android.apps.gsa.binaries.velvet.app.on.f(Unknown Source:2379)
07-11 19:23:25.380 20045 20145 W CorpusConfigHelper: 	at com.google.android.apps.gsa.binaries.velvet.app.on.b(PG:2)
07-11 19:23:25.380 20045 20145 W CorpusConfigHelper: 	at com.google.android.apps.gsa.search.core.service.g.a.c.a(PG:2)
07-11 19:23:25.380 20045 20145 W CorpusConfigHelper: 	at com.google.android.libraries.gsa.k.a.f.a(PG:2)
07-11 19:23:25.380 20045 20145 W CorpusConfigHelper: 	at com.google.common.util.concurrent.dz.a(PG:1)
07-11 19:23:25.380 20045 20145 W CorpusConfigHelper: 	at com.google.common.util.concurrent.cw.run(PG:4)
07-11 19:23:25.380 20045 20145 W CorpusConfigHelper: 	at com.google.common.util.concurrent.eb.run(PG:1)
07-11 19:23:25.380 20045 20145 W CorpusConfigHelper: 	at com.google.android.libraries.i.af.run(PG:1)
07-11 19:23:25.380 20045 20145 W CorpusConfigHelper: 	at com.google.android.libraries.i.an.run(PG:23)
07-11 19:23:25.380 20045 20145 W CorpusConfigHelper: 	at com.google.android.libraries.i.l.run(PG:2)
07-11 19:23:25.380 20045 20145 W CorpusConfigHelper: 	at com.google.android.libraries.i.q.run(PG:4)
07-11 19:23:25.380 20045 20145 W CorpusConfigHelper: 	at java.lang.Thread.run(Thread.java:919)
07-11 19:23:25.382 20045 20145 W A       : (REDACTED) Queue length for executor %s is now %d. Perhaps some tasks are too long, or the pool is too small.
07-11 19:23:25.389 20045 20139 I A       : Using proto config with mendel
07-11 19:23:25.389 20045 20139 I chatty  : uid=10103(com.google.android.googlequicksearchbox) EventBus0 identical 1 line
07-11 19:23:25.389 20045 20139 I A       : Using proto config with mendel
07-11 19:23:25.389 20045 20139 I A       : (REDACTED) Adding from config to map. Locale: %s modelPrefix: %s Location:%s isSpeakerIdSupported: %b
07-11 19:23:25.389 20045 20139 I chatty  : uid=10103(com.google.android.googlequicksearchbox) EventBus0 identical 1 line
07-11 19:23:25.389 20045 20139 I A       : (REDACTED) Adding from config to map. Locale: %s modelPrefix: %s Location:%s isSpeakerIdSupported: %b
07-11 19:23:25.390 20045 20139 I A       : (REDACTED) Skipping. Expected model: %s Found: %s
07-11 19:23:25.390 20045 20139 I A       : (REDACTED) Adding from config to map. Locale: %s modelPrefix: %s Location:%s isSpeakerIdSupported: %b
07-11 19:23:25.390 20045 20139 I A       : Using proto config with mendel
07-11 19:23:25.390 20045 20139 I chatty  : uid=10103(com.google.android.googlequicksearchbox) EventBus0 identical 1 line
07-11 19:23:25.391 20045 20139 I A       : Using proto config with mendel
07-11 19:23:25.395 20147 20195 I NgaEntryPointEventSendr: (REDACTED) State changed: %s => %s (%s)
07-11 19:23:25.398 20045 20139 W A       : (REDACTED) %s task was not run. Callback from Service received after client was disposed.
07-11 19:23:25.398 20045 20139 I chatty  : uid=10103(com.google.android.googlequicksearchbox) EventBus0 identical 4 lines
07-11 19:23:25.399 20045 20139 W A       : (REDACTED) %s task was not run. Callback from Service received after client was disposed.
07-11 19:23:25.402 20045 20141 I A       : (REDACTED) group %s not present %s in %s
07-11 19:23:25.403 20045 20141 I A       : (REDACTED) incrementApaDataDownloadStoreStatus(latency = %s, appVersion = %s, status = %s, locale = %s, fileGroupnames = %s, accountScoped = %s, localGroupsAvailable = %s, timeSinceSearchBoot = %s (%s), timeSinceDataDownloadInit = %s (%s))
07-11 19:23:25.403 20045 20141 I A       : (REDACTED) incrementApaDataDownloadStoreStatusNotFound(appVersion = %s, locale = %s, groupName = %s, accountScoped = %s, foundGroups = %s, status = %s, localGroupsAvailable = %s)
07-11 19:23:25.405 20045 20139 W A       : (REDACTED) %s task was not run. Callback from Service received after client was disposed.
07-11 19:23:25.405 20045 20139 I MicroDetectionState: (REDACTED) Should stop hotword detection immediately - %b
07-11 19:23:25.406 20045 20139 W A       : (REDACTED) %s task was not run. Callback from Service received after client was disposed.
07-11 19:23:25.406 20045 20139 I chatty  : uid=10103(com.google.android.googlequicksearchbox) EventBus0 identical 1 line
07-11 19:23:25.408 20045 20139 W A       : (REDACTED) %s task was not run. Callback from Service received after client was disposed.
07-11 19:23:25.411 20045 16059 I PBSessionCacheImpl: (REDACTED) Deleted sessionId[%d] from persistence.
07-11 19:23:25.412  4035  4256 I Icing   : IndexChimeraService.getServiceInterface callingPackage=com.google.android.googlequicksearchbox componentName=null serviceId=36
07-11 19:23:25.413 20045 20139 W SearchServiceCore: Abort, client detached.
07-11 19:23:25.413 20045 20139 I HttpStreamingTapasSearc: (REDACTED) taskGraphFactory: %s#%d
07-11 19:23:25.414 20045 20139 I MicroDetectionState: (REDACTED) Should stop hotword detection immediately - %b
07-11 19:23:25.415 20045 20139 I A       : Using proto config with mendel
07-11 19:23:25.415 20045 20139 I A       : Using proto config with mendel
07-11 19:23:25.421  4035 24350 W Icing   : No valid account for uploading user actions
07-11 19:23:25.424  7776  7776 D BoundBrokerSvc: onBind: Intent { act=com.google.android.gms.icing.LIGHTWEIGHT_INDEX_SERVICE dat=chimera-action:com.google.android.gms.icing.LIGHTWEIGHT_INDEX_SERVICE cmp=com.google.android.gms/.chimera.PersistentApiService }
07-11 19:23:25.424  7776  7776 D BoundBrokerSvc: Loading bound service for intent: Intent { act=com.google.android.gms.icing.LIGHTWEIGHT_INDEX_SERVICE dat=chimera-action:com.google.android.gms.icing.LIGHTWEIGHT_INDEX_SERVICE cmp=com.google.android.gms/.chimera.PersistentApiService }
07-11 19:23:25.430  4035  4035 D BoundBrokerSvc: onBind: Intent { act=com.google.android.gms.feedback.internal.IFeedbackService dat=chimera-action:com.google.android.gms.feedback.internal.IFeedbackService cmp=com.google.android.gms/.chimera.GmsBoundBrokerService }
07-11 19:23:25.430  4035  4035 D BoundBrokerSvc: Loading bound service for intent: Intent { act=com.google.android.gms.feedback.internal.IFeedbackService dat=chimera-action:com.google.android.gms.feedback.internal.IFeedbackService cmp=com.google.android.gms/.chimera.GmsBoundBrokerService }
07-11 19:23:25.441  4035  4350 I Icing   : IndexChimeraService.getServiceInterface callingPackage=com.google.android.gms componentName=null serviceId=30
07-11 19:23:25.448  4035 24350 I Icing   : Usage reports ok 1, Failed Usage reports 0, indexed 0, rejected 0
07-11 19:23:25.454  4035 24350 W Icing   : No valid account for uploading user actions
07-11 19:23:25.459  4035 24350 I Icing   : Usage reports ok 0, Failed Usage reports 0, indexed 0, rejected 0
07-11 19:23:25.575  5877  5877 D AndroidRuntime: >>>>>> START com.android.internal.os.RuntimeInit uid 2000 <<<<<<
07-11 19:23:25.567  5877  5877 W app_process: type=1400 audit(0.0:10762): avc: denied { read } for name="u:object_r:device_config_runtime_native_boot_prop:s0" dev="tmpfs" ino=167 scontext=u:r:shell:s0 tcontext=u:object_r:device_config_runtime_native_boot_prop:s0 tclass=file permissive=0
07-11 19:23:25.577  5877  5877 E libc    : Access denied finding property "persist.device_config.runtime_native_boot.enable_apex_image"
07-11 19:23:25.577  5877  5877 I AndroidRuntime: Using default boot image
07-11 19:23:25.577  5877  5877 E libc    : Access denied finding property "persist.device_config.runtime_native_boot.disable_lock_profiling"
07-11 19:23:25.577  5877  5877 I AndroidRuntime: Leaving lock profiling enabled
07-11 19:23:25.578  5877  5877 E libc    : Access denied finding property "persist.device_config.runtime_native_boot.enable_generational_cc"
07-11 19:23:25.567  5877  5877 W app_process: type=1400 audit(0.0:10764): avc: denied { read } for name="u:object_r:device_config_runtime_native_boot_prop:s0" dev="tmpfs" ino=167 scontext=u:r:shell:s0 tcontext=u:object_r:device_config_runtime_native_boot_prop:s0 tclass=file permissive=0
07-11 19:23:25.579  5877  5877 W app_process: Could not reserve sentinel fault page
07-11 19:23:25.766  5877  5877 D ICU     : Time zone APEX file found: /apex/com.android.tzdata/etc/icu/icu_tzdata.dat
07-11 19:23:25.769  5877  5877 W app_process: Unexpected CPU variant for X86 using defaults: x86
07-11 19:23:25.770  5877  5877 I app_process: The ClassLoaderContext is a special shared library.
07-11 19:23:25.771  5877  5877 I app_process: The ClassLoaderContext is a special shared library.
07-11 19:23:25.785  5877  5877 W app_process: JNI RegisterNativeMethods: attempt to register 0 native methods for android.media.AudioAttributes
07-11 19:23:25.788  5877  5877 D AndroidRuntime: Calling main entry com.android.commands.uiautomator.Launcher
07-11 19:23:25.795  2034  2034 V SettingsProvider: Notifying for 0: content://settings/secure/accessibility_enabled
07-11 19:23:25.797 20045 20132 I A       : NGA disabled since it's running Panthera and at least one a11y feature is on.
07-11 19:23:25.797 20045 20132 I A       : (REDACTED) Nga state changed to %s
07-11 19:23:25.798 20147  5496 I A       : (REDACTED) APA or Classic session decision: %s.
07-11 19:23:25.798 20147 20194 I A       : Unsubscribed to apa or classic variant change.
07-11 19:23:26.140  1800  2423 E GnssHAL_GnssInterface: gnssSvStatusCb: a: input svInfo.flags is 8
07-11 19:23:26.140  1800  2423 E GnssHAL_GnssInterface: gnssSvStatusCb: b: input svInfo.flags is 8
07-11 19:23:26.812  5877  5877 W AccessibilityNodeInfoDumper: Fetch time: 4ms
07-11 19:23:26.813  2034  2051 W WindowManager: removeWindowToken: Attempted to remove non-existing token: android.os.Binder@1aa3134
07-11 19:23:26.815  2034  2034 V SettingsProvider: Notifying for 0: content://settings/secure/accessibility_enabled
07-11 19:23:26.817 20045 20132 I A       : NGA enabled in interactor.
07-11 19:23:26.817 20045 20132 I A       : (REDACTED) Nga state changed to %s
07-11 19:23:26.818 20147  5496 I A       : Initializing all components
07-11 19:23:26.818 20147  5496 I A       : (REDACTED) APA or Classic session decision: %s.
07-11 19:23:26.818 20147 20194 I A       : (REDACTED) onIsEnabledChanged, isEnabled: %s
07-11 19:23:26.818 20147 20194 W A       : Disposing empty manager. Did you forgot to subscribe observables?
07-11 19:23:26.819 20147 20194 I chatty  : uid=10103(com.google.android.googlequicksearchbox) Lite Thread #0 identical 13 lines
07-11 19:23:26.819 20147 20194 W A       : Disposing empty manager. Did you forgot to subscribe observables?
07-11 19:23:26.819 20147 20194 I A       : (REDACTED) Setting session to type: %s
07-11 19:23:26.819 20147 20194 W A       : Disposing empty manager. Did you forgot to subscribe observables?
07-11 19:23:26.819 20147 20194 I chatty  : uid=10103(com.google.android.googlequicksearchbox) Lite Thread #0 identical 12 lines
07-11 19:23:26.819 20147 20194 W A       : Disposing empty manager. Did you forgot to subscribe observables?
07-11 19:23:26.820 20147 20194 I A       : (REDACTED) onDisabled. Registered: %s
07-11 19:23:26.820 20147 20194 I A       : (REDACTED) State changed: %s => %s by %s and %s with %s
07-11 19:23:26.820 20147 20194 I A       : (REDACTED) Recognizer choice: (recognizer_type: %s, recognizer_mode: %s, choice_reason: %s)
07-11 19:23:26.820 20147 20195 I NgaEntryPointEventSendr: setupConnection
07-11 19:23:26.824 20147 20194 I A       : (REDACTED) onActiveStateChangeEvent: %s => %s
07-11 19:23:26.826 20045 20045 I A       : Creating pss binder().
07-11 19:23:26.826 20147 20195 I NgaEntryPointEventSendr: (REDACTED) State changed: %s => %s
07-11 19:23:26.826  5877  5877 D AndroidRuntime: Shutting down VM
07-11 19:23:26.828 20147 20194 I A       : (REDACTED) on opa visibility changed %s
07-11 19:23:26.828 20147 20194 I A       : (REDACTED) on opa visibility changed %s
07-11 19:23:26.829 20147 20194 I A       : (REDACTED) stopListening(%s, %s)
07-11 19:23:26.829 20147 20194 I NgaEntryPointEventSendr: onServiceConnected
07-11 19:23:26.829 20045 20586 I A       : Calling beginBinderSession().
07-11 19:23:26.829 20147 20195 I A       : Initialize
07-11 19:23:26.831 20045 20586 I A       : beginBinderSession(): calling binder
07-11 19:23:26.832 20147 20194 I NgaEntryPointEventSendr: (REDACTED) State changed: %s => %s
07-11 19:23:26.847 20045 20141 I A       : (REDACTED) group %s not present %s in %s
07-11 19:23:26.848 20045 20141 I A       : (REDACTED) incrementApaDataDownloadStoreStatus(latency = %s, appVersion = %s, status = %s, locale = %s, fileGroupnames = %s, accountScoped = %s, localGroupsAvailable = %s, timeSinceSearchBoot = %s (%s), timeSinceDataDownloadInit = %s (%s))
07-11 19:23:26.849 20147 20194 I A       : Successfully initialized all components
07-11 19:23:26.849 20045 20145 I A       : (REDACTED) incrementApaDataDownloadStoreStatusNotFound(appVersion = %s, locale = %s, groupName = %s, accountScoped = %s, foundGroups = %s, status = %s, localGroupsAvailable = %s)
07-11 19:23:26.853 20045 20139 W A       : (REDACTED) %s task was not run. Callback from Service received after client was disposed.
07-11 19:23:26.853 20045 20139 W A       : (REDACTED) %s task was not run. Callback from Service received after client was disposed.
07-11 19:23:26.857 20045 16059 I PBSessionCacheImpl: (REDACTED) Deleted sessionId[%d] from persistence.
07-11 19:23:26.857 20045 20139 W A       : (REDACTED) %s task was not run. Callback from Service received after client was disposed.
07-11 19:23:26.857 20147 20195 I NgaEntryPointEventSendr: (REDACTED) State changed: %s => %s (%s)
07-11 19:23:26.860 20045 20139 W SearchServiceCore: Abort, client detached.
07-11 19:23:26.860 20045 20139 I HttpStreamingTapasSearc: (REDACTED) taskGraphFactory: %s#%d
07-11 19:23:27.144  1800  2423 E GnssHAL_GnssInterface: gnssSvStatusCb: a: input svInfo.flags is 8
07-11 19:23:27.144  1800  2423 E GnssHAL_GnssInterface: gnssSvStatusCb: b: input svInfo.flags is 8
07-11 19:23:27.225  2661  3703 E ActivityThread: Failed to find provider info for com.google.android.apps.wellbeing.api
07-11 19:23:27.715  5907  5907 D AndroidRuntime: >>>>>> START com.android.internal.os.RuntimeInit uid 2000 <<<<<<
07-11 19:23:27.719  5907  5907 E libc    : Access denied finding property "persist.device_config.runtime_native_boot.enable_apex_image"
07-11 19:23:27.719  5907  5907 I AndroidRuntime: Using default boot image
07-11 19:23:27.719  5907  5907 E libc    : Access denied finding property "persist.device_config.runtime_native_boot.disable_lock_profiling"
07-11 19:23:27.719  5907  5907 I AndroidRuntime: Leaving lock profiling enabled
07-11 19:23:27.707  5907  5907 W app_process: type=1400 audit(0.0:10765): avc: denied { read } for name="u:object_r:device_config_runtime_native_boot_prop:s0" dev="tmpfs" ino=167 scontext=u:r:shell:s0 tcontext=u:object_r:device_config_runtime_native_boot_prop:s0 tclass=file permissive=0
07-11 19:23:27.720  5907  5907 E libc    : Access denied finding property "persist.device_config.runtime_native_boot.enable_generational_cc"
07-11 19:23:27.707  5907  5907 W app_process: type=1400 audit(0.0:10766): avc: denied { read } for name="u:object_r:device_config_runtime_native_boot_prop:s0" dev="tmpfs" ino=167 scontext=u:r:shell:s0 tcontext=u:object_r:device_config_runtime_native_boot_prop:s0 tclass=file permissive=0
07-11 19:23:27.800  5907  5907 D ICU     : Time zone APEX file found: /apex/com.android.tzdata/etc/icu/icu_tzdata.dat
07-11 19:23:27.806  5907  5907 W app_process: Unexpected CPU variant for X86 using defaults: x86
07-11 19:23:27.808  5907  5907 I app_process: The ClassLoaderContext is a special shared library.
07-11 19:23:27.809  5907  5907 I app_process: The ClassLoaderContext is a special shared library.
07-11 19:23:27.826  5907  5907 W app_process: JNI RegisterNativeMethods: attempt to register 0 native methods for android.media.AudioAttributes
07-11 19:23:27.830  5907  5907 D AndroidRuntime: Calling main entry com.android.commands.uiautomator.Launcher
07-11 19:23:27.842  2034  2034 V SettingsProvider: Notifying for 0: content://settings/secure/accessibility_enabled
07-11 19:23:27.854 20045 20135 I A       : NGA disabled since it's running Panthera and at least one a11y feature is on.
07-11 19:23:27.854 20045 20135 I A       : (REDACTED) Nga state changed to %s
07-11 19:23:27.859 20147 20421 I A       : (REDACTED) APA or Classic session decision: %s.
07-11 19:23:27.859 20147 20195 I A       : Unsubscribed to apa or classic variant change.
07-11 19:23:28.144  1800  2423 E GnssHAL_GnssInterface: gnssSvStatusCb: a: input svInfo.flags is 8
07-11 19:23:28.144  1800  2423 E GnssHAL_GnssInterface: gnssSvStatusCb: b: input svInfo.flags is 8
07-11 19:23:28.871  5907  5907 W AccessibilityNodeInfoDumper: Fetch time: 2ms
07-11 19:23:28.872  2034  2679 W WindowManager: removeWindowToken: Attempted to remove non-existing token: android.os.Binder@aaf6c3d
07-11 19:23:28.878  2034  2034 V SettingsProvider: Notifying for 0: content://settings/secure/accessibility_enabled
07-11 19:23:28.886 20045 20132 I A       : NGA enabled in interactor.
07-11 19:23:28.886 20045 20132 I A       : (REDACTED) Nga state changed to %s
07-11 19:23:28.887 20147  7054 I A       : Initializing all components
07-11 19:23:28.887 20147  7054 I A       : (REDACTED) APA or Classic session decision: %s.
07-11 19:23:28.887 20147 20194 I A       : (REDACTED) onIsEnabledChanged, isEnabled: %s
07-11 19:23:28.887 20147 20194 W A       : Disposing empty manager. Did you forgot to subscribe observables?
07-11 19:23:28.888 20147 20194 I chatty  : uid=10103(com.google.android.googlequicksearchbox) Lite Thread #0 identical 13 lines
07-11 19:23:28.888 20147 20194 W A       : Disposing empty manager. Did you forgot to subscribe observables?
07-11 19:23:28.888 20147 20194 I A       : (REDACTED) Setting session to type: %s
07-11 19:23:28.888 20147 20194 W A       : Disposing empty manager. Did you forgot to subscribe observables?
07-11 19:23:28.888 20147 20194 I chatty  : uid=10103(com.google.android.googlequicksearchbox) Lite Thread #0 identical 12 lines
07-11 19:23:28.888 20147 20194 W A       : Disposing empty manager. Did you forgot to subscribe observables?
07-11 19:23:28.888 20147 20194 I A       : (REDACTED) onDisabled. Registered: %s
07-11 19:23:28.889 20147 20194 I A       : (REDACTED) State changed: %s => %s by %s and %s with %s
07-11 19:23:28.889 20147 20194 I A       : (REDACTED) Recognizer choice: (recognizer_type: %s, recognizer_mode: %s, choice_reason: %s)
07-11 19:23:28.889 20147 20195 I NgaEntryPointEventSendr: setupConnection
07-11 19:23:28.889 20147 20194 I A       : (REDACTED) onActiveStateChangeEvent: %s => %s
07-11 19:23:28.891 20147 20194 I A       : Initialize
07-11 19:23:28.892 20147 20194 I A       : (REDACTED) stopListening(%s, %s)
07-11 19:23:28.903  5907  5907 D AndroidRuntime: Shutting down VM
07-11 19:23:28.907 20045 20045 I A       : Creating pss binder().
07-11 19:23:28.908 20147 20195 I NgaEntryPointEventSendr: (REDACTED) State changed: %s => %s
07-11 19:23:28.908 20147 20195 I NgaEntryPointEventSendr: onServiceConnected
07-11 19:23:28.909 20045 20240 I A       : Calling beginBinderSession().
07-11 19:23:28.909  2034  2061 E memtrack: Couldn't load memtrack module
07-11 19:23:28.909  2034  2061 W android.os.Debug: failed to get memory consumption info: -1
07-11 19:23:28.909 20045 20240 I A       : beginBinderSession(): calling binder
07-11 19:23:28.911 20147 20195 I NgaEntryPointEventSendr: (REDACTED) State changed: %s => %s
07-11 19:23:28.912 20147 20195 I A       : (REDACTED) on opa visibility changed %s
07-11 19:23:28.915 20147 20195 I A       : Successfully initialized all components
07-11 19:23:28.918 20147 20195 I A       : (REDACTED) on opa visibility changed %s
07-11 19:23:28.931 20045 20141 I A       : (REDACTED) group %s not present %s in %s
07-11 19:23:28.932 20045 20141 I A       : (REDACTED) incrementApaDataDownloadStoreStatus(latency = %s, appVersion = %s, status = %s, locale = %s, fileGroupnames = %s, accountScoped = %s, localGroupsAvailable = %s, timeSinceSearchBoot = %s (%s), timeSinceDataDownloadInit = %s (%s))
07-11 19:23:28.934 20045 20145 I A       : (REDACTED) incrementApaDataDownloadStoreStatusNotFound(appVersion = %s, locale = %s, groupName = %s, accountScoped = %s, foundGroups = %s, status = %s, localGroupsAvailable = %s)
07-11 19:23:28.941 20147 20195 I NgaEntryPointEventSendr: (REDACTED) State changed: %s => %s (%s)
07-11 19:23:28.942 20045 20139 W A       : (REDACTED) %s task was not run. Callback from Service received after client was disposed.
07-11 19:23:28.942 20045 16059 I PBSessionCacheImpl: (REDACTED) Deleted sessionId[%d] from persistence.
07-11 19:23:28.946 20045 20139 W SearchServiceCore: Abort, client detached.
07-11 19:23:28.946 20045 20139 I HttpStreamingTapasSearc: (REDACTED) taskGraphFactory: %s#%d
07-11 19:23:29.148  1800  2423 E GnssHAL_GnssInterface: gnssSvStatusCb: a: input svInfo.flags is 8
07-11 19:23:29.148  1800  2423 E GnssHAL_GnssInterface: gnssSvStatusCb: b: input svInfo.flags is 8
07-11 19:23:29.766  5941  5941 D AndroidRuntime: >>>>>> START com.android.internal.os.RuntimeInit uid 2000 <<<<<<
07-11 19:23:29.757  5941  5941 W app_process: type=1400 audit(0.0:10768): avc: denied { read } for name="u:object_r:device_config_runtime_native_boot_prop:s0" dev="tmpfs" ino=167 scontext=u:r:shell:s0 tcontext=u:object_r:device_config_runtime_native_boot_prop:s0 tclass=file permissive=0
07-11 19:23:29.769  5941  5941 E libc    : Access denied finding property "persist.device_config.runtime_native_boot.enable_apex_image"
07-11 19:23:29.769  5941  5941 I AndroidRuntime: Using default boot image
07-11 19:23:29.769  5941  5941 E libc    : Access denied finding property "persist.device_config.runtime_native_boot.disable_lock_profiling"
07-11 19:23:29.769  5941  5941 I AndroidRuntime: Leaving lock profiling enabled
07-11 19:23:29.757  5941  5941 W app_process: type=1400 audit(0.0:10770): avc: denied { read } for name="u:object_r:device_config_runtime_native_boot_prop:s0" dev="tmpfs" ino=167 scontext=u:r:shell:s0 tcontext=u:object_r:device_config_runtime_native_boot_prop:s0 tclass=file permissive=0
07-11 19:23:29.769  5941  5941 E libc    : Access denied finding property "persist.device_config.runtime_native_boot.enable_generational_cc"
07-11 19:23:29.771  5941  5941 W app_process: Could not reserve sentinel fault page
07-11 19:23:29.813  5941  5941 D ICU     : Time zone APEX file found: /apex/com.android.tzdata/etc/icu/icu_tzdata.dat
07-11 19:23:29.816  5941  5941 W app_process: Unexpected CPU variant for X86 using defaults: x86
07-11 19:23:29.819  5941  5941 I app_process: The ClassLoaderContext is a special shared library.
07-11 19:23:29.820  5941  5941 I app_process: The ClassLoaderContext is a special shared library.
07-11 19:23:29.833  5941  5941 W app_process: JNI RegisterNativeMethods: attempt to register 0 native methods for android.media.AudioAttributes
07-11 19:23:29.835  5941  5941 D AndroidRuntime: Calling main entry com.android.commands.uiautomator.Launcher
07-11 19:23:29.850 20045 20133 I A       : NGA disabled since it's running Panthera and at least one a11y feature is on.
07-11 19:23:29.850 20045 20133 I A       : (REDACTED) Nga state changed to %s
07-11 19:23:29.851 20147  7054 I A       : (REDACTED) APA or Classic session decision: %s.
07-11 19:23:29.851 20147 20195 I A       : Unsubscribed to apa or classic variant change.
07-11 19:23:30.153  1800  2423 E GnssHAL_GnssInterface: gnssSvStatusCb: a: input svInfo.flags is 8
07-11 19:23:30.153  1800  2423 E GnssHAL_GnssInterface: gnssSvStatusCb: b: input svInfo.flags is 8
07-11 19:23:30.872  5941  5941 W AccessibilityNodeInfoDumper: Fetch time: 5ms
07-11 19:23:29.844  2034  2034 V SettingsProvider: Notifying for 0: content://settings/secure/accessibility_enabled
07-11 19:23:30.874  2034  3288 W WindowManager: removeWindowToken: Attempted to remove non-existing token: android.os.Binder@6e0a963
07-11 19:23:30.875  2034  2034 V SettingsProvider: Notifying for 0: content://settings/secure/accessibility_enabled
07-11 19:23:30.879 20045 20135 I A       : NGA enabled in interactor.
07-11 19:23:30.880 20045 20135 I A       : (REDACTED) Nga state changed to %s
07-11 19:23:30.881 20147 20421 I A       : Initializing all components
07-11 19:23:30.881 20147 20421 I A       : (REDACTED) APA or Classic session decision: %s.
07-11 19:23:30.881 20147 20195 I A       : (REDACTED) onIsEnabledChanged, isEnabled: %s
07-11 19:23:30.881 20147 20195 W A       : Disposing empty manager. Did you forgot to subscribe observables?
07-11 19:23:30.882 20147 20195 I chatty  : uid=10103(com.google.android.googlequicksearchbox) Lite Thread #1 identical 13 lines
07-11 19:23:30.882 20147 20195 W A       : Disposing empty manager. Did you forgot to subscribe observables?
07-11 19:23:30.882 20147 20195 I A       : (REDACTED) Setting session to type: %s
07-11 19:23:30.882 20147 20195 W A       : Disposing empty manager. Did you forgot to subscribe observables?
07-11 19:23:30.883 20147 20195 I chatty  : uid=10103(com.google.android.googlequicksearchbox) Lite Thread #1 identical 12 lines
07-11 19:23:30.883 20147 20195 W A       : Disposing empty manager. Did you forgot to subscribe observables?
07-11 19:23:30.883 20147 20195 I A       : (REDACTED) onDisabled. Registered: %s
07-11 19:23:30.884 20147 20195 I A       : (REDACTED) State changed: %s => %s by %s and %s with %s
07-11 19:23:30.884  5941  5941 D AndroidRuntime: Shutting down VM
07-11 19:23:30.893 20147 20194 I NgaEntryPointEventSendr: setupConnection
07-11 19:23:30.893 20147 20195 I A       : (REDACTED) Recognizer choice: (recognizer_type: %s, recognizer_mode: %s, choice_reason: %s)
07-11 19:23:30.894 20147 20195 I A       : (REDACTED) onActiveStateChangeEvent: %s => %s
07-11 19:23:30.901 20045 20045 I A       : Creating pss binder().
07-11 19:23:30.901 20147 20194 I NgaEntryPointEventSendr: (REDACTED) State changed: %s => %s
07-11 19:23:30.901 20147 20194 I A       : (REDACTED) stopListening(%s, %s)
07-11 19:23:30.905 20147 20195 I A       : Initialize
07-11 19:23:30.906 20147 20195 I NgaEntryPointEventSendr: onServiceConnected
07-11 19:23:30.906 20045 20585 I A       : Calling beginBinderSession().
07-11 19:23:30.907 20147 20194 I A       : (REDACTED) on opa visibility changed %s
07-11 19:23:30.907 20147 20194 I A       : (REDACTED) on opa visibility changed %s
07-11 19:23:30.908 20045 20585 I A       : beginBinderSession(): calling binder
07-11 19:23:30.908 20147 20195 I NgaEntryPointEventSendr: (REDACTED) State changed: %s => %s
07-11 19:23:30.913 20147 20194 I A       : Successfully initialized all components
07-11 19:23:30.936 20045 20141 I A       : (REDACTED) group %s not present %s in %s
07-11 19:23:30.936 20045 20141 I A       : (REDACTED) incrementApaDataDownloadStoreStatus(latency = %s, appVersion = %s, status = %s, locale = %s, fileGroupnames = %s, accountScoped = %s, localGroupsAvailable = %s, timeSinceSearchBoot = %s (%s), timeSinceDataDownloadInit = %s (%s))
07-11 19:23:30.939 20045 20145 I A       : (REDACTED) incrementApaDataDownloadStoreStatusNotFound(appVersion = %s, locale = %s, groupName = %s, accountScoped = %s, foundGroups = %s, status = %s, localGroupsAvailable = %s)
07-11 19:23:30.945 20045 20139 W A       : (REDACTED) %s task was not run. Callback from Service received after client was disposed.
07-11 19:23:30.945 20045 20139 I chatty  : uid=10103(com.google.android.googlequicksearchbox) EventBus0 identical 1 line
07-11 19:23:30.946 20045 20139 W A       : (REDACTED) %s task was not run. Callback from Service received after client was disposed.
07-11 19:23:30.947 20147 20195 I NgaEntryPointEventSendr: (REDACTED) State changed: %s => %s (%s)
07-11 19:23:30.948 20045 16059 I PBSessionCacheImpl: (REDACTED) Deleted sessionId[%d] from persistence.
07-11 19:23:30.949 20045 20139 W SearchServiceCore: Abort, client detached.
07-11 19:23:30.949 20045 20139 I HttpStreamingTapasSearc: (REDACTED) taskGraphFactory: %s#%d
07-11 19:23:31.114  5964  5964 D AndroidRuntime: >>>>>> START com.android.internal.os.RuntimeInit uid 2000 <<<<<<
07-11 19:23:31.107  5964  5964 W app_process: type=1400 audit(0.0:10771): avc: denied { read } for name="u:object_r:device_config_runtime_native_boot_prop:s0" dev="tmpfs" ino=167 scontext=u:r:shell:s0 tcontext=u:object_r:device_config_runtime_native_boot_prop:s0 tclass=file permissive=0
07-11 19:23:31.116  5964  5964 E libc    : Access denied finding property "persist.device_config.runtime_native_boot.enable_apex_image"
07-11 19:23:31.116  5964  5964 I AndroidRuntime: Using default boot image
07-11 19:23:31.116  5964  5964 E libc    : Access denied finding property "persist.device_config.runtime_native_boot.disable_lock_profiling"
07-11 19:23:31.116  5964  5964 I AndroidRuntime: Leaving lock profiling enabled
07-11 19:23:31.107  5964  5964 W app_process: type=1400 audit(0.0:10773): avc: denied { read } for name="u:object_r:device_config_runtime_native_boot_prop:s0" dev="tmpfs" ino=167 scontext=u:r:shell:s0 tcontext=u:object_r:device_config_runtime_native_boot_prop:s0 tclass=file permissive=0
07-11 19:23:31.116  5964  5964 E libc    : Access denied finding property "persist.device_config.runtime_native_boot.enable_generational_cc"
07-11 19:23:31.157  1800  2423 E GnssHAL_GnssInterface: gnssSvStatusCb: a: input svInfo.flags is 8
07-11 19:23:31.157  1800  2423 E GnssHAL_GnssInterface: gnssSvStatusCb: b: input svInfo.flags is 8
07-11 19:23:31.158  5964  5964 D ICU     : Time zone APEX file found: /apex/com.android.tzdata/etc/icu/icu_tzdata.dat
07-11 19:23:31.161  5964  5964 W app_process: Unexpected CPU variant for X86 using defaults: x86
07-11 19:23:31.165  5964  5964 I app_process: The ClassLoaderContext is a special shared library.
07-11 19:23:31.165  5964  5964 I app_process: The ClassLoaderContext is a special shared library.
07-11 19:23:31.179  5964  5964 W app_process: JNI RegisterNativeMethods: attempt to register 0 native methods for android.media.AudioAttributes
07-11 19:23:31.181  5964  5964 D AndroidRuntime: Calling main entry com.android.commands.uiautomator.Launcher
07-11 19:23:31.191 20045 20135 I A       : NGA disabled since it's running Panthera and at least one a11y feature is on.
07-11 19:23:31.191 20045 20135 I A       : (REDACTED) Nga state changed to %s
07-11 19:23:31.192 20147  7054 I A       : (REDACTED) APA or Classic session decision: %s.
07-11 19:23:31.192 20147 20194 I A       : Unsubscribed to apa or classic variant change.
07-11 19:23:32.160  1800  2423 E GnssHAL_GnssInterface: gnssSvStatusCb: a: input svInfo.flags is 8
07-11 19:23:32.160  1800  2423 E GnssHAL_GnssInterface: gnssSvStatusCb: b: input svInfo.flags is 8
07-11 19:23:32.206  5964  5964 W AccessibilityNodeInfoDumper: Fetch time: 1ms
07-11 19:23:31.189  2034  2034 V SettingsProvider: Notifying for 0: content://settings/secure/accessibility_enabled
07-11 19:23:32.207  2034  2051 W WindowManager: removeWindowToken: Attempted to remove non-existing token: android.os.Binder@4600af2
07-11 19:23:32.208  2034  2034 V SettingsProvider: Notifying for 0: content://settings/secure/accessibility_enabled
07-11 19:23:32.212  5964  5964 D AndroidRuntime: Shutting down VM
07-11 19:23:32.214 20045 20132 I A       : NGA enabled in interactor.
07-11 19:23:32.214 20045 20132 I A       : (REDACTED) Nga state changed to %s
07-11 19:23:32.216 20147  7054 I A       : Initializing all components
07-11 19:23:32.216 20147  7054 I A       : (REDACTED) APA or Classic session decision: %s.
07-11 19:23:32.216 20147 20194 I A       : (REDACTED) onIsEnabledChanged, isEnabled: %s
07-11 19:23:32.216 20147 20194 W A       : Disposing empty manager. Did you forgot to subscribe observables?
07-11 19:23:32.217 20147 20194 I chatty  : uid=10103(com.google.android.googlequicksearchbox) Lite Thread #0 identical 13 lines
07-11 19:23:32.217 20147 20194 W A       : Disposing empty manager. Did you forgot to subscribe observables?
07-11 19:23:32.217 20147 20195 I A       : (REDACTED) State changed: %s => %s by %s and %s with %s
07-11 19:23:32.217 20147 20194 I A       : (REDACTED) Setting session to type: %s
07-11 19:23:32.217 20147 20194 W A       : Disposing empty manager. Did you forgot to subscribe observables?
07-11 19:23:32.217 20147 20195 I A       : (REDACTED) Recognizer choice: (recognizer_type: %s, recognizer_mode: %s, choice_reason: %s)
07-11 19:23:32.217 20147 20194 W A       : Disposing empty manager. Did you forgot to subscribe observables?
07-11 19:23:32.218 20147 20194 I chatty  : uid=10103(com.google.android.googlequicksearchbox) Lite Thread #0 identical 9 lines
07-11 19:23:32.218 20147 20194 W A       : Disposing empty manager. Did you forgot to subscribe observables?
07-11 19:23:32.218 20147 20195 I A       : (REDACTED) onActiveStateChangeEvent: %s => %s
07-11 19:23:32.218 20147 20194 W A       : Disposing empty manager. Did you forgot to subscribe observables?
07-11 19:23:32.218 20147 20194 W A       : Disposing empty manager. Did you forgot to subscribe observables?
07-11 19:23:32.218 20147 20194 I A       : (REDACTED) onDisabled. Registered: %s
07-11 19:23:32.221 20147 20195 I A       : (REDACTED) on opa visibility changed %s
07-11 19:23:32.221 20147 20195 I A       : (REDACTED) on opa visibility changed %s
07-11 19:23:32.221 20147 20195 I A       : (REDACTED) stopListening(%s, %s)
07-11 19:23:32.222 20147 20194 I A       : Initialize
07-11 19:23:32.223 20147 20195 I NgaEntryPointEventSendr: setupConnection
07-11 19:23:32.228 20147 20195 I NgaEntryPointEventSendr: (REDACTED) State changed: %s => %s
07-11 19:23:32.228 20045 20045 I A       : Creating pss binder().
07-11 19:23:32.229 20147 20195 I NgaEntryPointEventSendr: onServiceConnected
07-11 19:23:32.229 20045 20240 I A       : Calling beginBinderSession().
07-11 19:23:32.230 20045 20240 I A       : beginBinderSession(): calling binder
07-11 19:23:32.231 20147 20195 I NgaEntryPointEventSendr: (REDACTED) State changed: %s => %s
07-11 19:23:32.233 20147 20194 I A       : Successfully initialized all components
07-11 19:23:32.251 20045 20145 I A       : (REDACTED) group %s not present %s in %s
07-11 19:23:32.251 20045 20145 I A       : (REDACTED) incrementApaDataDownloadStoreStatus(latency = %s, appVersion = %s, status = %s, locale = %s, fileGroupnames = %s, accountScoped = %s, localGroupsAvailable = %s, timeSinceSearchBoot = %s (%s), timeSinceDataDownloadInit = %s (%s))
07-11 19:23:32.252 20045 20141 I A       : (REDACTED) incrementApaDataDownloadStoreStatusNotFound(appVersion = %s, locale = %s, groupName = %s, accountScoped = %s, foundGroups = %s, status = %s, localGroupsAvailable = %s)
07-11 19:23:32.259 20045 20139 W A       : (REDACTED) %s task was not run. Callback from Service received after client was disposed.
07-11 19:23:32.259 20045 20139 W A       : (REDACTED) %s task was not run. Callback from Service received after client was disposed.
07-11 19:23:32.261 20147 20195 I NgaEntryPointEventSendr: (REDACTED) State changed: %s => %s (%s)
07-11 19:23:32.262 20045 20139 W A       : (REDACTED) %s task was not run. Callback from Service received after client was disposed.
07-11 19:23:32.262 20045  4692 I PBSessionCacheImpl: (REDACTED) Deleted sessionId[%d] from persistence.
07-11 19:23:32.266 20045 20139 W SearchServiceCore: Abort, client detached.
07-11 19:23:32.267 20045 20139 I HttpStreamingTapasSearc: (REDACTED) taskGraphFactory: %s#%d
07-11 19:23:32.345  1801  1942 D gralloc_ranchu: gralloc_alloc: Creating ashmem region of size 8298496
07-11 19:23:32.363  1684  1684 I hwservicemanager: getTransport: Cannot find entry android.hardware.graphics.mapper@3.0::IMapper/default in either framework or device manifest.
07-11 19:23:32.363  5981  5981 W Gralloc3: mapper 3.x is not supported
07-11 19:23:32.370  5981  5981 D HostConnection: createUnique: call
07-11 19:23:32.370  5981  5981 D HostConnection: HostConnection::get() New Host Connection established 0xe7c12d70, tid 5981
07-11 19:23:32.374  5981  5981 D HostConnection: HostComposition ext ANDROID_EMU_CHECKSUM_HELPER_v1 ANDROID_EMU_native_sync_v2 ANDROID_EMU_native_sync_v3 ANDROID_EMU_native_sync_v4 ANDROID_EMU_dma_v1 ANDROID_EMU_direct_mem ANDROID_EMU_host_composition_v1 ANDROID_EMU_host_composition_v2 ANDROID_EMU_YUV420_888_to_NV21 ANDROID_EMU_YUV_Cache ANDROID_EMU_async_unmap_buffer GL_OES_EGL_image_external_essl3 GL_OES_vertex_array_object GL_KHR_texture_compression_astc_ldr ANDROID_EMU_host_side_tracing ANDROID_EMU_gles_max_version_3_0 
07-11 19:23:32.374  5981  5981 D eglCodecCommon: allocate: Ask for block of size 0x1000
07-11 19:23:32.375  5981  5981 D eglCodecCommon: allocate: ioctl allocate returned offset 0x3ffff4000 size 0x2000
07-11 19:23:32.388  5981  5981 D eglCodecCommon: allocate: Ask for block of size 0x7ea000
07-11 19:23:32.388  5981  5981 D eglCodecCommon: allocate: ioctl allocate returned offset 0x3fe827000 size 0x7eb000
07-11 19:23:32.505  2034  2061 E memtrack: Couldn't load memtrack module
07-11 19:23:32.505  2034  2061 W android.os.Debug: failed to get memory consumption info: -1
07-11 19:23:32.511 16218  5989 I MediaProvider: Begin Intent { act=android.intent.action.MEDIA_SCANNER_SCAN_FILE dat=file:///sdcard/screen.png flg=0x1400010 cmp=com.android.providers.media/.MediaService }
07-11 19:23:32.523 16218  5989 W ExifInterface: Invalid image: ExifInterface got an unsupported image format file(ExifInterface supports JPEG and some RAW image formats only) or a corrupted JPEG file to ExifInterface.
07-11 19:23:32.523 16218  5989 W ExifInterface: java.io.IOException: Invalid byte order: ffff8950
07-11 19:23:32.523 16218  5989 W ExifInterface: 	at android.media.ExifInterface.readByteOrder(ExifInterface.java:3121)
07-11 19:23:32.523 16218  5989 W ExifInterface: 	at android.media.ExifInterface.isOrfFormat(ExifInterface.java:2437)
07-11 19:23:32.523 16218  5989 W ExifInterface: 	at android.media.ExifInterface.getMimeType(ExifInterface.java:2315)
07-11 19:23:32.523 16218  5989 W ExifInterface: 	at android.media.ExifInterface.loadAttributes(ExifInterface.java:1753)
07-11 19:23:32.523 16218  5989 W ExifInterface: 	at android.media.ExifInterface.<init>(ExifInterface.java:1447)
07-11 19:23:32.523 16218  5989 W ExifInterface: 	at com.android.providers.media.scan.ModernMediaScanner.scanItemImage(ModernMediaScanner.java:729)
07-11 19:23:32.523 16218  5989 W ExifInterface: 	at com.android.providers.media.scan.ModernMediaScanner.scanItem(ModernMediaScanner.java:502)
07-11 19:23:32.523 16218  5989 W ExifInterface: 	at com.android.providers.media.scan.ModernMediaScanner.access$500(ModernMediaScanner.java:118)
07-11 19:23:32.523 16218  5989 W ExifInterface: 	at com.android.providers.media.scan.ModernMediaScanner$Scan.visitFile(ModernMediaScanner.java:406)
07-11 19:23:32.523 16218  5989 W ExifInterface: 	at com.android.providers.media.scan.ModernMediaScanner$Scan.visitFile(ModernMediaScanner.java:207)
07-11 19:23:32.523 16218  5989 W ExifInterface: 	at java.nio.file.Files.walkFileTree(Files.java:2670)
07-11 19:23:32.523 16218  5989 W ExifInterface: 	at java.nio.file.Files.walkFileTree(Files.java:2742)
07-11 19:23:32.523 16218  5989 W ExifInterface: 	at com.android.providers.media.scan.ModernMediaScanner$Scan.walkFileTree(ModernMediaScanner.java:267)
07-11 19:23:32.523 16218  5989 W ExifInterface: 	at com.android.providers.media.scan.ModernMediaScanner$Scan.run(ModernMediaScanner.java:245)
07-11 19:23:32.523 16218  5989 W ExifInterface: 	at com.android.providers.media.scan.ModernMediaScanner.scanFile(ModernMediaScanner.java:174)
07-11 19:23:32.523 16218  5989 W ExifInterface: 	at com.android.providers.media.MediaService.onScanFile(MediaService.java:164)
07-11 19:23:32.523 16218  5989 W ExifInterface: 	at com.android.providers.media.MediaService.onHandleIntent(MediaService.java:90)
07-11 19:23:32.523 16218  5989 W ExifInterface: 	at android.app.IntentService$ServiceHandler.handleMessage(IntentService.java:78)
07-11 19:23:32.523 16218  5989 W ExifInterface: 	at android.os.Handler.dispatchMessage(Handler.java:107)
07-11 19:23:32.523 16218  5989 W ExifInterface: 	at android.os.Looper.loop(Looper.java:214)
07-11 19:23:32.523 16218  5989 W ExifInterface: 	at android.os.HandlerThread.run(HandlerThread.java:67)
07-11 19:23:32.530 16218  5989 I MediaProvider: End Intent { act=android.intent.action.MEDIA_SCANNER_SCAN_FILE dat=file:///sdcard/screen.png flg=0x1400010 cmp=com.android.providers.media/.MediaService }
07-11 19:23:32.664  7776  5673 I NetworkScheduler.Stats: Task com.google.android.gms/com.google.android.gms.ipa.base.IpaGcmTaskService started execution. cause:9 exec_start_elapsed_seconds: 101877 [CONTEXT service_id=218 ]
07-11 19:23:32.669  7776  7776 D BoundBrokerSvc: onBind: Intent { act=com.google.android.gms.scheduler.ACTION_PROXY_SCHEDULE dat=chimera-action:com.google.android.gms.scheduler.ACTION_PROXY_SCHEDULE cmp=com.google.android.gms/.chimera.PersistentApiService }
07-11 19:23:32.669  7776  7776 D BoundBrokerSvc: Loading bound service for intent: Intent { act=com.google.android.gms.scheduler.ACTION_PROXY_SCHEDULE dat=chimera-action:com.google.android.gms.scheduler.ACTION_PROXY_SCHEDULE cmp=com.google.android.gms/.chimera.PersistentApiService }
07-11 19:23:32.673  7776  5675 I NetworkScheduler.Stats: Task com.google.android.gms/com.google.android.gms.ipa.base.IpaGcmTaskService finished executing. cause:9 result: 1 elapsed_millis: 65 uptime_millis: 65 exec_start_elapsed_seconds: 101877 [CONTEXT service_id=218 ]
07-11 19:23:33.161  1800  2423 E GnssHAL_GnssInterface: gnssSvStatusCb: a: input svInfo.flags is 8
07-11 19:23:33.161  1800  2423 E GnssHAL_GnssInterface: gnssSvStatusCb: b: input svInfo.flags is 8
07-11 19:23:34.164  1800  2423 E GnssHAL_GnssInterface: gnssSvStatusCb: a: input svInfo.flags is 8
07-11 19:23:34.164  1800  2423 E GnssHAL_GnssInterface: gnssSvStatusCb: b: input svInfo.flags is 8
07-11 19:23:34.651  5993  5993 D AndroidRuntime: >>>>>> START com.android.internal.os.RuntimeInit uid 2000 <<<<<<
07-11 19:23:34.637  5993  5993 W app_process: type=1400 audit(0.0:10774): avc: denied { read } for name="u:object_r:device_config_runtime_native_boot_prop:s0" dev="tmpfs" ino=167 scontext=u:r:shell:s0 tcontext=u:object_r:device_config_runtime_native_boot_prop:s0 tclass=file permissive=0
07-11 19:23:34.653  5993  5993 E libc    : Access denied finding property "persist.device_config.runtime_native_boot.enable_apex_image"
07-11 19:23:34.637  5993  5993 W app_process: type=1400 audit(0.0:10775): avc: denied { read } for name="u:object_r:device_config_runtime_native_boot_prop:s0" dev="tmpfs" ino=167 scontext=u:r:shell:s0 tcontext=u:object_r:device_config_runtime_native_boot_prop:s0 tclass=file permissive=0
07-11 19:23:34.637  5993  5993 W app_process: type=1400 audit(0.0:10776): avc: denied { read } for name="u:object_r:device_config_runtime_native_boot_prop:s0" dev="tmpfs" ino=167 scontext=u:r:shell:s0 tcontext=u:object_r:device_config_runtime_native_boot_prop:s0 tclass=file permissive=0
07-11 19:23:34.653  5993  5993 I AndroidRuntime: Using default boot image
07-11 19:23:34.653  5993  5993 E libc    : Access denied finding property "persist.device_config.runtime_native_boot.disable_lock_profiling"
07-11 19:23:34.653  5993  5993 I AndroidRuntime: Leaving lock profiling enabled
07-11 19:23:34.653  5993  5993 E libc    : Access denied finding property "persist.device_config.runtime_native_boot.enable_generational_cc"
07-11 19:23:34.690  5993  5993 D ICU     : Time zone APEX file found: /apex/com.android.tzdata/etc/icu/icu_tzdata.dat
07-11 19:23:34.693  5993  5993 W app_process: Unexpected CPU variant for X86 using defaults: x86
07-11 19:23:34.696  5993  5993 I app_process: The ClassLoaderContext is a special shared library.
07-11 19:23:34.696  5993  5993 I app_process: The ClassLoaderContext is a special shared library.
07-11 19:23:34.708  5993  5993 W app_process: JNI RegisterNativeMethods: attempt to register 0 native methods for android.media.AudioAttributes
07-11 19:23:34.711  5993  5993 D AndroidRuntime: Calling main entry com.android.commands.uiautomator.Launcher
07-11 19:23:34.721 20045 20133 I A       : NGA disabled since it's running Panthera and at least one a11y feature is on.
07-11 19:23:34.721 20045 20133 I A       : (REDACTED) Nga state changed to %s
07-11 19:23:34.722 20147 20194 I A       : Unsubscribed to apa or classic variant change.
07-11 19:23:34.722 20147 20421 I A       : (REDACTED) APA or Classic session decision: %s.
07-11 19:23:35.167  1800  2423 E GnssHAL_GnssInterface: gnssSvStatusCb: a: input svInfo.flags is 8
07-11 19:23:35.167  1800  2423 E GnssHAL_GnssInterface: gnssSvStatusCb: b: input svInfo.flags is 8
07-11 19:23:35.443  2034  2061 E memtrack: Couldn't load memtrack module
07-11 19:23:35.443  2034  2061 W android.os.Debug: failed to get memory consumption info: -1
07-11 19:23:35.740  5993  5993 W AccessibilityNodeInfoDumper: Fetch time: 2ms
07-11 19:23:34.719  2034  2034 V SettingsProvider: Notifying for 0: content://settings/secure/accessibility_enabled
07-11 19:23:35.740  2034  3793 W WindowManager: removeWindowToken: Attempted to remove non-existing token: android.os.Binder@ae070e4
07-11 19:23:35.741  2034  2034 V SettingsProvider: Notifying for 0: content://settings/secure/accessibility_enabled
07-11 19:23:35.747 20045 20133 I A       : NGA enabled in interactor.
07-11 19:23:35.747 20045 20133 I A       : (REDACTED) Nga state changed to %s
07-11 19:23:35.747  5993  5993 D AndroidRuntime: Shutting down VM
07-11 19:23:35.749 20147  7054 I A       : Initializing all components
07-11 19:23:35.749 20147  7054 I A       : (REDACTED) APA or Classic session decision: %s.
07-11 19:23:35.749 20147 20195 I A       : (REDACTED) onIsEnabledChanged, isEnabled: %s
07-11 19:23:35.749 20147 20195 W A       : Disposing empty manager. Did you forgot to subscribe observables?
07-11 19:23:35.749 20147 20195 W A       : Disposing empty manager. Did you forgot to subscribe observables?
07-11 19:23:35.749 20147 20194 I A       : (REDACTED) State changed: %s => %s by %s and %s with %s
07-11 19:23:35.749 20147 20195 W A       : Disposing empty manager. Did you forgot to subscribe observables?
07-11 19:23:35.749 20147 20194 I A       : (REDACTED) Recognizer choice: (recognizer_type: %s, recognizer_mode: %s, choice_reason: %s)
07-11 19:23:35.749 20147 20195 W A       : Disposing empty manager. Did you forgot to subscribe observables?
07-11 19:23:35.749 20147 20195 I chatty  : uid=10103(com.google.android.googlequicksearchbox) Lite Thread #1 identical 10 lines
07-11 19:23:35.749 20147 20195 W A       : Disposing empty manager. Did you forgot to subscribe observables?
07-11 19:23:35.749 20147 20195 I A       : (REDACTED) Setting session to type: %s
07-11 19:23:35.750 20147 20195 W A       : Disposing empty manager. Did you forgot to subscribe observables?
07-11 19:23:35.750 20147 20194 I A       : (REDACTED) onActiveStateChangeEvent: %s => %s
07-11 19:23:35.750 20147 20195 W A       : Disposing empty manager. Did you forgot to subscribe observables?
07-11 19:23:35.750 20147 20195 I chatty  : uid=10103(com.google.android.googlequicksearchbox) Lite Thread #1 identical 11 lines
07-11 19:23:35.750 20147 20195 W A       : Disposing empty manager. Did you forgot to subscribe observables?
07-11 19:23:35.750 20147 20195 I A       : (REDACTED) onDisabled. Registered: %s
07-11 19:23:35.750 20147 20195 I NgaEntryPointEventSendr: setupConnection
07-11 19:23:35.752 20147 20194 I A       : Initialize
07-11 19:23:35.752 20147 20194 I A       : (REDACTED) stopListening(%s, %s)
07-11 19:23:35.752 20147 20194 I A       : (REDACTED) on opa visibility changed %s
07-11 19:23:35.756 20147 20194 I A       : (REDACTED) on opa visibility changed %s
07-11 19:23:35.757 20147 20194 I A       : Successfully initialized all components
07-11 19:23:35.763 20045 20045 I A       : Creating pss binder().
07-11 19:23:35.763 20147 20195 I NgaEntryPointEventSendr: (REDACTED) State changed: %s => %s
07-11 19:23:35.765 20147 20195 I NgaEntryPointEventSendr: onServiceConnected
07-11 19:23:35.765 20045 20585 I A       : Calling beginBinderSession().
07-11 19:23:35.766 20045 20585 I A       : beginBinderSession(): calling binder
07-11 19:23:35.766 20147 20195 I NgaEntryPointEventSendr: (REDACTED) State changed: %s => %s
07-11 19:23:35.787 20045 20141 I A       : (REDACTED) group %s not present %s in %s
07-11 19:23:35.787 20045 20141 I A       : (REDACTED) incrementApaDataDownloadStoreStatus(latency = %s, appVersion = %s, status = %s, locale = %s, fileGroupnames = %s, accountScoped = %s, localGroupsAvailable = %s, timeSinceSearchBoot = %s (%s), timeSinceDataDownloadInit = %s (%s))
07-11 19:23:35.787 20045 20145 I A       : (REDACTED) incrementApaDataDownloadStoreStatusNotFound(appVersion = %s, locale = %s, groupName = %s, accountScoped = %s, foundGroups = %s, status = %s, localGroupsAvailable = %s)
07-11 19:23:35.797 20045 20139 W A       : (REDACTED) %s task was not run. Callback from Service received after client was disposed.
07-11 19:23:35.797 20045 20139 I chatty  : uid=10103(com.google.android.googlequicksearchbox) EventBus0 identical 1 line
07-11 19:23:35.798 20045 20139 W A       : (REDACTED) %s task was not run. Callback from Service received after client was disposed.
07-11 19:23:35.798 20045  4692 I PBSessionCacheImpl: (REDACTED) Deleted sessionId[%d] from persistence.
07-11 19:23:35.799 20147 20195 I NgaEntryPointEventSendr: (REDACTED) State changed: %s => %s (%s)
07-11 19:23:35.800 20045 20139 W SearchServiceCore: Abort, client detached.
07-11 19:23:35.800 20045 20139 I HttpStreamingTapasSearc: (REDACTED) taskGraphFactory: %s#%d
07-11 19:23:36.167  1800  2423 E GnssHAL_GnssInterface: gnssSvStatusCb: a: input svInfo.flags is 8
