07-11 19:23:36.167  1800  2423 E GnssHAL_GnssInterface: gnssSvStatusCb: b: input svInfo.flags is 8
07-11 19:23:36.994  1947  1947 E netmgr  : Failed to open QEMU pipe 'qemud:network': Invalid argument
07-11 19:23:37.168  1800  2423 E GnssHAL_GnssInterface: gnssSvStatusCb: a: input svInfo.flags is 8
07-11 19:23:37.168  1800  2423 E GnssHAL_GnssInterface: gnssSvStatusCb: b: input svInfo.flags is 8
07-11 19:23:37.917  6015  6015 W app_process: type=1400 audit(0.0:10777): avc: denied { read } for name="u:object_r:device_config_runtime_native_boot_prop:s0" dev="tmpfs" ino=167 scontext=u:r:shell:s0 tcontext=u:object_r:device_config_runtime_native_boot_prop:s0 tclass=file permissive=0
07-11 19:23:37.932  6015  6015 D AndroidRuntime: >>>>>> START com.android.internal.os.RuntimeInit uid 2000 <<<<<<
07-11 19:23:37.933  6015  6015 E libc    : Access denied finding property "persist.device_config.runtime_native_boot.enable_apex_image"
07-11 19:23:37.933  6015  6015 I AndroidRuntime: Using default boot image
07-11 19:23:37.927  6015  6015 W app_process: type=1400 audit(0.0:10778): avc: denied { read } for name="u:object_r:device_config_runtime_native_boot_prop:s0" dev="tmpfs" ino=167 scontext=u:r:shell:s0 tcontext=u:object_r:device_config_runtime_native_boot_prop:s0 tclass=file permissive=0
07-11 19:23:37.934  6015  6015 E libc    : Access denied finding property "persist.device_config.runtime_native_boot.disable_lock_profiling"
07-11 19:23:37.934  6015  6015 I AndroidRuntime: Leaving lock profiling enabled
07-11 19:23:37.927  6015  6015 W app_process: type=1400 audit(0.0:10779): avc: denied { read } for name="u:object_r:device_config_runtime_native_boot_prop:s0" dev="tmpfs" ino=167 scontext=u:r:shell:s0 tcontext=u:object_r:device_config_runtime_native_boot_prop:s0 tclass=file permissive=0
07-11 19:23:37.934  6015  6015 E libc    : Access denied finding property "persist.device_config.runtime_native_boot.enable_generational_cc"
07-11 19:23:38.004  6015  6015 D ICU     : Time zone APEX file found: /apex/com.android.tzdata/etc/icu/icu_tzdata.dat
07-11 19:23:38.008  6015  6015 W app_process: Unexpected CPU variant for X86 using defaults: x86
07-11 19:23:38.009  6015  6015 I app_process: The ClassLoaderContext is a special shared library.
07-11 19:23:38.010  6015  6015 I app_process: The ClassLoaderContext is a special shared library.
07-11 19:23:38.022  6015  6015 W app_process: JNI RegisterNativeMethods: attempt to register 0 native methods for android.media.AudioAttributes
07-11 19:23:38.025  6015  6015 D AndroidRuntime: Calling main entry com.android.commands.uiautomator.Launcher
07-11 19:23:38.034 20045 20134 I A       : NGA disabled since it's running Panthera and at least one a11y feature is on.
07-11 19:23:38.034 20045 20134 I A       : (REDACTED) Nga state changed to %s
07-11 19:23:38.035 20147 20421 I A       : (REDACTED) APA or Classic session decision: %s.
07-11 19:23:38.035 20147 20194 I A       : Unsubscribed to apa or classic variant change.
07-11 19:23:38.171  1800  2423 E GnssHAL_GnssInterface: gnssSvStatusCb: a: input svInfo.flags is 8
07-11 19:23:38.171  1800  2423 E GnssHAL_GnssInterface: gnssSvStatusCb: b: input svInfo.flags is 8
07-11 19:23:39.050  6015  6015 W AccessibilityNodeInfoDumper: Fetch time: 4ms
07-11 19:23:38.032  2034  2034 V SettingsProvider: Notifying for 0: content://settings/secure/accessibility_enabled
07-11 19:23:39.050  2034  3793 W WindowManager: removeWindowToken: Attempted to remove non-existing token: android.os.Binder@c6e8257
07-11 19:23:39.051  2034  2034 V SettingsProvider: Notifying for 0: content://settings/secure/accessibility_enabled
07-11 19:23:39.055  6015  6015 D AndroidRuntime: Shutting down VM
07-11 19:23:39.057 20045 20135 I A       : NGA enabled in interactor.
07-11 19:23:39.057 20045 20135 I A       : (REDACTED) Nga state changed to %s
07-11 19:23:39.059 20147 20421 I A       : Initializing all components
07-11 19:23:39.059 20147 20421 I A       : (REDACTED) APA or Classic session decision: %s.
07-11 19:23:39.059 20147 20195 I A       : (REDACTED) onIsEnabledChanged, isEnabled: %s
07-11 19:23:39.059 20147 20194 I A       : (REDACTED) State changed: %s => %s by %s and %s with %s
07-11 19:23:39.059 20147 20195 W A       : Disposing empty manager. Did you forgot to subscribe observables?
07-11 19:23:39.059 20147 20195 W A       : Disposing empty manager. Did you forgot to subscribe observables?
07-11 19:23:39.059 20147 20194 I A       : (REDACTED) Recognizer choice: (recognizer_type: %s, recognizer_mode: %s, choice_reason: %s)
07-11 19:23:39.059 20147 20195 W A       : Disposing empty manager. Did you forgot to subscribe observables?
07-11 19:23:39.060 20147 20195 I chatty  : uid=10103(com.google.android.googlequicksearchbox) Lite Thread #1 identical 5 lines
07-11 19:23:39.060 20147 20195 W A       : Disposing empty manager. Did you forgot to subscribe observables?
07-11 19:23:39.060 20147 20194 I A       : (REDACTED) onActiveStateChangeEvent: %s => %s
07-11 19:23:39.060 20147 20195 W A       : Disposing empty manager. Did you forgot to subscribe observables?
07-11 19:23:39.060 20147 20195 I chatty  : uid=10103(com.google.android.googlequicksearchbox) Lite Thread #1 identical 4 lines
07-11 19:23:39.060 20147 20195 W A       : Disposing empty manager. Did you forgot to subscribe observables?
07-11 19:23:39.060 20147 20195 I A       : (REDACTED) Setting session to type: %s
07-11 19:23:39.060 20147 20195 W A       : Disposing empty manager. Did you forgot to subscribe observables?
07-11 19:23:39.060 20147 20195 I chatty  : uid=10103(com.google.android.googlequicksearchbox) Lite Thread #1 identical 12 lines
07-11 19:23:39.061 20147 20195 W A       : Disposing empty manager. Did you forgot to subscribe observables?
07-11 19:23:39.061 20147 20195 I A       : (REDACTED) onDisabled. Registered: %s
07-11 19:23:39.061 20147 20195 I A       : (REDACTED) stopListening(%s, %s)
07-11 19:23:39.061 20147 20194 I A       : Initialize
07-11 19:23:39.062 20147 20194 I NgaEntryPointEventSendr: setupConnection
07-11 19:23:39.066 20147 20195 I A       : (REDACTED) on opa visibility changed %s
07-11 19:23:39.066 20147 20195 I A       : (REDACTED) on opa visibility changed %s
07-11 19:23:39.068 20045 20045 I A       : Creating pss binder().
07-11 19:23:39.069 20147 20194 I NgaEntryPointEventSendr: (REDACTED) State changed: %s => %s
07-11 19:23:39.071 20147 20194 I NgaEntryPointEventSendr: onServiceConnected
07-11 19:23:39.072 20045 20240 I A       : Calling beginBinderSession().
07-11 19:23:39.077 20045 20240 I A       : beginBinderSession(): calling binder
07-11 19:23:39.077 20147 20194 I NgaEntryPointEventSendr: (REDACTED) State changed: %s => %s
07-11 19:23:39.080 20147 20194 I A       : Successfully initialized all components
07-11 19:23:39.092 20045 20145 I A       : (REDACTED) group %s not present %s in %s
07-11 19:23:39.093 20045 20141 I A       : (REDACTED) incrementApaDataDownloadStoreStatus(latency = %s, appVersion = %s, status = %s, locale = %s, fileGroupnames = %s, accountScoped = %s, localGroupsAvailable = %s, timeSinceSearchBoot = %s (%s), timeSinceDataDownloadInit = %s (%s))
07-11 19:23:39.093 20045 20141 I A       : (REDACTED) incrementApaDataDownloadStoreStatusNotFound(appVersion = %s, locale = %s, groupName = %s, accountScoped = %s, foundGroups = %s, status = %s, localGroupsAvailable = %s)
07-11 19:23:39.100 20045 20139 W A       : (REDACTED) %s task was not run. Callback from Service received after client was disposed.
07-11 19:23:39.101 20045 20139 I chatty  : uid=10103(com.google.android.googlequicksearchbox) EventBus0 identical 1 line
07-11 19:23:39.102 20045 20139 W A       : (REDACTED) %s task was not run. Callback from Service received after client was disposed.
07-11 19:23:39.102 20147 20194 I NgaEntryPointEventSendr: (REDACTED) State changed: %s => %s (%s)
07-11 19:23:39.102 20045  4692 I PBSessionCacheImpl: (REDACTED) Deleted sessionId[%d] from persistence.
07-11 19:23:39.104 20045 20139 W SearchServiceCore: Abort, client detached.
07-11 19:23:39.104 20045 20139 I HttpStreamingTapasSearc: (REDACTED) taskGraphFactory: %s#%d
07-11 19:23:39.175  1800  2423 E GnssHAL_GnssInterface: gnssSvStatusCb: a: input svInfo.flags is 8
07-11 19:23:39.175  1800  2423 E GnssHAL_GnssInterface: gnssSvStatusCb: b: input svInfo.flags is 8
07-11 19:23:39.267  6037  6037 W app_process: type=1400 audit(0.0:10780): avc: denied { read } for name="u:object_r:device_config_runtime_native_boot_prop:s0" dev="tmpfs" ino=167 scontext=u:r:shell:s0 tcontext=u:object_r:device_config_runtime_native_boot_prop:s0 tclass=file permissive=0
07-11 19:23:39.279  6037  6037 D AndroidRuntime: >>>>>> START com.android.internal.os.RuntimeInit uid 2000 <<<<<<
07-11 19:23:39.281  6037  6037 E libc    : Access denied finding property "persist.device_config.runtime_native_boot.enable_apex_image"
07-11 19:23:39.281  6037  6037 I AndroidRuntime: Using default boot image
07-11 19:23:39.281  6037  6037 E libc    : Access denied finding property "persist.device_config.runtime_native_boot.disable_lock_profiling"
07-11 19:23:39.281  6037  6037 I AndroidRuntime: Leaving lock profiling enabled
07-11 19:23:39.281  6037  6037 E libc    : Access denied finding property "persist.device_config.runtime_native_boot.enable_generational_cc"
07-11 19:23:39.319  6037  6037 D ICU     : Time zone APEX file found: /apex/com.android.tzdata/etc/icu/icu_tzdata.dat
07-11 19:23:39.323  6037  6037 W app_process: Unexpected CPU variant for X86 using defaults: x86
07-11 19:23:39.324  6037  6037 I app_process: The ClassLoaderContext is a special shared library.
07-11 19:23:39.325  6037  6037 I app_process: The ClassLoaderContext is a special shared library.
07-11 19:23:39.339  6037  6037 W app_process: JNI RegisterNativeMethods: attempt to register 0 native methods for android.media.AudioAttributes
07-11 19:23:39.342  6037  6037 D AndroidRuntime: Calling main entry com.android.commands.uiautomator.Launcher
07-11 19:23:39.352 20045 20135 I A       : NGA disabled since it's running Panthera and at least one a11y feature is on.
07-11 19:23:39.352 20045 20135 I A       : (REDACTED) Nga state changed to %s
07-11 19:23:39.354 20147  7054 I A       : (REDACTED) APA or Classic session decision: %s.
07-11 19:23:39.354 20147 20194 I A       : Unsubscribed to apa or classic variant change.
07-11 19:23:40.178  1800  2423 E GnssHAL_GnssInterface: gnssSvStatusCb: a: input svInfo.flags is 8
07-11 19:23:40.178  1800  2423 E GnssHAL_GnssInterface: gnssSvStatusCb: b: input svInfo.flags is 8
07-11 19:23:40.367  6037  6037 W AccessibilityNodeInfoDumper: Fetch time: 4ms
07-11 19:23:39.350  2034  2034 V SettingsProvider: Notifying for 0: content://settings/secure/accessibility_enabled
07-11 19:23:40.367  2034  2679 W WindowManager: removeWindowToken: Attempted to remove non-existing token: android.os.Binder@8ea1136
07-11 19:23:40.370  2034  2034 V SettingsProvider: Notifying for 0: content://settings/secure/accessibility_enabled
07-11 19:23:40.372  6037  6037 D AndroidRuntime: Shutting down VM
07-11 19:23:40.376 20045 20135 I A       : NGA enabled in interactor.
07-11 19:23:40.376 20045 20135 I A       : (REDACTED) Nga state changed to %s
07-11 19:23:40.377 20147  7054 I A       : Initializing all components
07-11 19:23:40.377 20147  7054 I A       : (REDACTED) APA or Classic session decision: %s.
07-11 19:23:40.377 20147 20194 I A       : (REDACTED) onIsEnabledChanged, isEnabled: %s
07-11 19:23:40.377 20147 20194 W A       : Disposing empty manager. Did you forgot to subscribe observables?
07-11 19:23:40.378 20147 20194 I chatty  : uid=10103(com.google.android.googlequicksearchbox) Lite Thread #0 identical 13 lines
07-11 19:23:40.378 20147 20194 W A       : Disposing empty manager. Did you forgot to subscribe observables?
07-11 19:23:40.378 20147 20194 I A       : (REDACTED) Setting session to type: %s
07-11 19:23:40.378 20147 20194 W A       : Disposing empty manager. Did you forgot to subscribe observables?
07-11 19:23:40.379 20147 20194 I chatty  : uid=10103(com.google.android.googlequicksearchbox) Lite Thread #0 identical 12 lines
07-11 19:23:40.379 20147 20194 W A       : Disposing empty manager. Did you forgot to subscribe observables?
07-11 19:23:40.379 20147 20194 I A       : (REDACTED) onDisabled. Registered: %s
07-11 19:23:40.379 20147 20194 I A       : (REDACTED) State changed: %s => %s by %s and %s with %s
07-11 19:23:40.379 20147 20194 I A       : (REDACTED) Recognizer choice: (recognizer_type: %s, recognizer_mode: %s, choice_reason: %s)
07-11 19:23:40.380 20147 20195 I NgaEntryPointEventSendr: setupConnection
07-11 19:23:40.382 20147 20194 I A       : (REDACTED) onActiveStateChangeEvent: %s => %s
07-11 19:23:40.389 20045 20045 I A       : Creating pss binder().
07-11 19:23:40.390 20147 20195 I NgaEntryPointEventSendr: (REDACTED) State changed: %s => %s
07-11 19:23:40.390 20147 20195 I A       : (REDACTED) on opa visibility changed %s
07-11 19:23:40.390 20147 20195 I A       : (REDACTED) stopListening(%s, %s)
07-11 19:23:40.390 20147 20195 I A       : (REDACTED) on opa visibility changed %s
07-11 19:23:40.392 20147 20194 I A       : Initialize
07-11 19:23:40.392 20147 20195 I NgaEntryPointEventSendr: onServiceConnected
07-11 19:23:40.393 20045 20586 I A       : Calling beginBinderSession().
07-11 19:23:40.393 20045 20586 I A       : beginBinderSession(): calling binder
07-11 19:23:40.393 20147 20195 I NgaEntryPointEventSendr: (REDACTED) State changed: %s => %s
07-11 19:23:40.401 20147 20195 I A       : Successfully initialized all components
07-11 19:23:40.408 20045 20141 I A       : (REDACTED) group %s not present %s in %s
07-11 19:23:40.408 20045 20141 I A       : (REDACTED) incrementApaDataDownloadStoreStatus(latency = %s, appVersion = %s, status = %s, locale = %s, fileGroupnames = %s, accountScoped = %s, localGroupsAvailable = %s, timeSinceSearchBoot = %s (%s), timeSinceDataDownloadInit = %s (%s))
07-11 19:23:40.409 20045 20145 I A       : (REDACTED) incrementApaDataDownloadStoreStatusNotFound(appVersion = %s, locale = %s, groupName = %s, accountScoped = %s, foundGroups = %s, status = %s, localGroupsAvailable = %s)
07-11 19:23:40.421 20045 20139 W A       : (REDACTED) %s task was not run. Callback from Service received after client was disposed.
07-11 19:23:40.421 20045 20139 W A       : (REDACTED) %s task was not run. Callback from Service received after client was disposed.
07-11 19:23:40.423 20147 20194 I NgaEntryPointEventSendr: (REDACTED) State changed: %s => %s (%s)
07-11 19:23:40.425 20045 20139 W A       : (REDACTED) %s task was not run. Callback from Service received after client was disposed.
07-11 19:23:40.425 20045  4692 I PBSessionCacheImpl: (REDACTED) Deleted sessionId[%d] from persistence.
07-11 19:23:40.427 20045 20139 W SearchServiceCore: Abort, client detached.
07-11 19:23:40.428 20045 20139 I HttpStreamingTapasSearc: (REDACTED) taskGraphFactory: %s#%d
07-11 19:23:40.450  4035  4035 D BoundBrokerSvc: onUnbind: Intent { act=com.google.android.gms.feedback.internal.IFeedbackService dat=chimera-action:com.google.android.gms.feedback.internal.IFeedbackService cmp=com.google.android.gms/.chimera.GmsBoundBrokerService }
07-11 19:23:40.460  7776  7776 D BoundBrokerSvc: onUnbind: Intent { act=com.google.android.gms.icing.LIGHTWEIGHT_INDEX_SERVICE dat=chimera-action:com.google.android.gms.icing.LIGHTWEIGHT_INDEX_SERVICE cmp=com.google.android.gms/.chimera.PersistentApiService }
07-11 19:23:40.587  6059  6059 W app_process: type=1400 audit(0.0:10783): avc: denied { read } for name="u:object_r:device_config_runtime_native_boot_prop:s0" dev="tmpfs" ino=167 scontext=u:r:shell:s0 tcontext=u:object_r:device_config_runtime_native_boot_prop:s0 tclass=file permissive=0
07-11 19:23:40.602  6059  6059 D AndroidRuntime: >>>>>> START com.android.internal.os.RuntimeInit uid 2000 <<<<<<
07-11 19:23:40.603  6059  6059 E libc    : Access denied finding property "persist.device_config.runtime_native_boot.enable_apex_image"
07-11 19:23:40.603  6059  6059 I AndroidRuntime: Using default boot image
07-11 19:23:40.603  6059  6059 E libc    : Access denied finding property "persist.device_config.runtime_native_boot.disable_lock_profiling"
07-11 19:23:40.603  6059  6059 I AndroidRuntime: Leaving lock profiling enabled
07-11 19:23:40.603  6059  6059 E libc    : Access denied finding property "persist.device_config.runtime_native_boot.enable_generational_cc"
07-11 19:23:40.643  6059  6059 D ICU     : Time zone APEX file found: /apex/com.android.tzdata/etc/icu/icu_tzdata.dat
07-11 19:23:40.647  6059  6059 W app_process: Unexpected CPU variant for X86 using defaults: x86
07-11 19:23:40.649  6059  6059 I app_process: The ClassLoaderContext is a special shared library.
07-11 19:23:40.650  6059  6059 I app_process: The ClassLoaderContext is a special shared library.
07-11 19:23:40.662  6059  6059 W app_process: JNI RegisterNativeMethods: attempt to register 0 native methods for android.media.AudioAttributes
07-11 19:23:40.664  6059  6059 D AndroidRuntime: Calling main entry com.android.commands.uiautomator.Launcher
07-11 19:23:40.676 20045 20134 I A       : NGA disabled since it's running Panthera and at least one a11y feature is on.
07-11 19:23:40.676 20045 20134 I A       : (REDACTED) Nga state changed to %s
07-11 19:23:40.679 20147  8452 I A       : (REDACTED) APA or Classic session decision: %s.
07-11 19:23:40.679 20147 20195 I A       : Unsubscribed to apa or classic variant change.
07-11 19:23:41.181  1800  2423 E GnssHAL_GnssInterface: gnssSvStatusCb: a: input svInfo.flags is 8
07-11 19:23:41.181  1800  2423 E GnssHAL_GnssInterface: gnssSvStatusCb: b: input svInfo.flags is 8
07-11 19:23:41.697  6059  6059 W AccessibilityNodeInfoDumper: Fetch time: 6ms
07-11 19:23:40.673  2034  2034 V SettingsProvider: Notifying for 0: content://settings/secure/accessibility_enabled
07-11 19:23:41.698  2034  3288 W WindowManager: removeWindowToken: Attempted to remove non-existing token: android.os.Binder@1163db1
07-11 19:23:41.700  2034  2034 V SettingsProvider: Notifying for 0: content://settings/secure/accessibility_enabled
07-11 19:23:41.704 20045 20134 I A       : NGA enabled in interactor.
07-11 19:23:41.705 20045 20134 I A       : (REDACTED) Nga state changed to %s
07-11 19:23:41.705 20147  8452 I A       : Initializing all components
07-11 19:23:41.705 20147  8452 I A       : (REDACTED) APA or Classic session decision: %s.
07-11 19:23:41.709 20147 20195 I A       : (REDACTED) onIsEnabledChanged, isEnabled: %s
07-11 19:23:41.709  6059  6059 D AndroidRuntime: Shutting down VM
07-11 19:23:41.709 20147 20195 W A       : Disposing empty manager. Did you forgot to subscribe observables?
07-11 19:23:41.710 20147 20195 I chatty  : uid=10103(com.google.android.googlequicksearchbox) Lite Thread #1 identical 13 lines
07-11 19:23:41.710 20147 20195 W A       : Disposing empty manager. Did you forgot to subscribe observables?
07-11 19:23:41.710 20147 20195 I A       : (REDACTED) Setting session to type: %s
07-11 19:23:41.710 20147 20195 W A       : Disposing empty manager. Did you forgot to subscribe observables?
07-11 19:23:41.711 20147 20195 I chatty  : uid=10103(com.google.android.googlequicksearchbox) Lite Thread #1 identical 12 lines
07-11 19:23:41.711 20147 20195 W A       : Disposing empty manager. Did you forgot to subscribe observables?
07-11 19:23:41.711 20147 20195 I A       : (REDACTED) onDisabled. Registered: %s
07-11 19:23:41.712 20147 20195 I A       : (REDACTED) State changed: %s => %s by %s and %s with %s
07-11 19:23:41.712 20147 20195 I A       : (REDACTED) Recognizer choice: (recognizer_type: %s, recognizer_mode: %s, choice_reason: %s)
07-11 19:23:41.712 20147 20194 I NgaEntryPointEventSendr: setupConnection
07-11 19:23:41.715 20147 20195 I A       : (REDACTED) onActiveStateChangeEvent: %s => %s
07-11 19:23:41.724 20045 20045 I A       : Creating pss binder().
07-11 19:23:41.724 20147 20194 I NgaEntryPointEventSendr: (REDACTED) State changed: %s => %s
07-11 19:23:41.724 20147 20194 I A       : (REDACTED) on opa visibility changed %s
07-11 19:23:41.725 20147 20194 I A       : (REDACTED) on opa visibility changed %s
07-11 19:23:41.725 20147 20194 I A       : (REDACTED) stopListening(%s, %s)
07-11 19:23:41.726 20147 20195 I A       : Initialize
07-11 19:23:41.727 20147 20195 I NgaEntryPointEventSendr: onServiceConnected
07-11 19:23:41.727 20045 20586 I A       : Calling beginBinderSession().
07-11 19:23:41.727 20045 20586 I A       : beginBinderSession(): calling binder
07-11 19:23:41.727 20147 20195 I NgaEntryPointEventSendr: (REDACTED) State changed: %s => %s
07-11 19:23:41.730 20147 20195 I A       : Successfully initialized all components
07-11 19:23:41.747 20045 20141 I A       : (REDACTED) group %s not present %s in %s
07-11 19:23:41.747 20045 20141 I A       : (REDACTED) incrementApaDataDownloadStoreStatus(latency = %s, appVersion = %s, status = %s, locale = %s, fileGroupnames = %s, accountScoped = %s, localGroupsAvailable = %s, timeSinceSearchBoot = %s (%s), timeSinceDataDownloadInit = %s (%s))
07-11 19:23:41.749 20045 20145 I A       : (REDACTED) incrementApaDataDownloadStoreStatusNotFound(appVersion = %s, locale = %s, groupName = %s, accountScoped = %s, foundGroups = %s, status = %s, localGroupsAvailable = %s)
07-11 19:23:41.755 20045 20139 W A       : (REDACTED) %s task was not run. Callback from Service received after client was disposed.
07-11 19:23:41.755 20045 20139 I chatty  : uid=10103(com.google.android.googlequicksearchbox) EventBus0 identical 1 line
07-11 19:23:41.756 20045 20139 W A       : (REDACTED) %s task was not run. Callback from Service received after client was disposed.
07-11 19:23:41.756 20045  4692 I PBSessionCacheImpl: (REDACTED) Deleted sessionId[%d] from persistence.
07-11 19:23:41.758 20147 20194 I NgaEntryPointEventSendr: (REDACTED) State changed: %s => %s (%s)
07-11 19:23:41.759 20045 20139 W SearchServiceCore: Abort, client detached.
07-11 19:23:41.759 20045 20139 I HttpStreamingTapasSearc: (REDACTED) taskGraphFactory: %s#%d
07-11 19:23:41.917  6083  6083 W app_process: type=1400 audit(0.0:10786): avc: denied { read } for name="u:object_r:device_config_runtime_native_boot_prop:s0" dev="tmpfs" ino=167 scontext=u:r:shell:s0 tcontext=u:object_r:device_config_runtime_native_boot_prop:s0 tclass=file permissive=0
07-11 19:23:41.917  6083  6083 I chatty  : uid=2000(shell) app_process identical 1 line
07-11 19:23:41.917  6083  6083 W app_process: type=1400 audit(0.0:10788): avc: denied { read } for name="u:object_r:device_config_runtime_native_boot_prop:s0" dev="tmpfs" ino=167 scontext=u:r:shell:s0 tcontext=u:object_r:device_config_runtime_native_boot_prop:s0 tclass=file permissive=0
07-11 19:23:41.930  6083  6083 D AndroidRuntime: >>>>>> START com.android.internal.os.RuntimeInit uid 2000 <<<<<<
07-11 19:23:41.932  6083  6083 E libc    : Access denied finding property "persist.device_config.runtime_native_boot.enable_apex_image"
07-11 19:23:41.932  6083  6083 I AndroidRuntime: Using default boot image
07-11 19:23:41.932  6083  6083 E libc    : Access denied finding property "persist.device_config.runtime_native_boot.disable_lock_profiling"
07-11 19:23:41.932  6083  6083 I AndroidRuntime: Leaving lock profiling enabled
07-11 19:23:41.932  6083  6083 E libc    : Access denied finding property "persist.device_config.runtime_native_boot.enable_generational_cc"
07-11 19:23:41.983  6083  6083 D ICU     : Time zone APEX file found: /apex/com.android.tzdata/etc/icu/icu_tzdata.dat
07-11 19:23:41.987  6083  6083 W app_process: Unexpected CPU variant for X86 using defaults: x86
07-11 19:23:41.990  6083  6083 I app_process: The ClassLoaderContext is a special shared library.
07-11 19:23:42.002  6083  6083 W app_process: JNI RegisterNativeMethods: attempt to register 0 native methods for android.media.AudioAttributes
07-11 19:23:42.005  6083  6083 D AndroidRuntime: Calling main entry com.android.commands.monkey.Monkey
07-11 19:23:42.007  6083  6083 W Monkey  : args: [-p, com.german_software_engineers.trainerapp, -c, android.intent.category.LAUNCHER, 1]
07-11 19:23:42.008  6083  6083 W Monkey  :  arg: "-p"
07-11 19:23:42.008  6083  6083 W Monkey  :  arg: "com.german_software_engineers.trainerapp"
07-11 19:23:42.008  6083  6083 W Monkey  :  arg: "-c"
07-11 19:23:42.008  6083  6083 W Monkey  :  arg: "android.intent.category.LAUNCHER"
07-11 19:23:42.008  6083  6083 W Monkey  :  arg: "1"
07-11 19:23:42.008  6083  6083 W Monkey  : data="com.german_software_engineers.trainerapp"
07-11 19:23:42.009  6083  6083 W Monkey  : data="android.intent.category.LAUNCHER"
07-11 19:23:42.021  2034  2062 W BroadcastQueue: Skipping deliver [background] BroadcastRecord{72ee3f6 u-1 android.net.conn.CONNECTIVITY_CHANGE} to ReceiverList{eb033f7 6083 (unknown name)/2000/u-1 remote:16702b8}: process gone or crashing
07-11 19:23:42.034  2034  2743 I ActivityTaskManager: START u0 {act=android.intent.action.MAIN cat=[android.intent.category.LAUNCHER] flg=0x10200000 cmp=com.german_software_engineers.trainerapp/.TrainingsSchedule} from uid 2000
07-11 19:23:42.034  2034  2743 W Binder  : Outgoing transactions from this process must be FLAG_ONEWAY
07-11 19:23:42.034  2034  2743 W Binder  : java.lang.Throwable
07-11 19:23:42.034  2034  2743 W Binder  : 	at android.os.BinderProxy.transact(BinderProxy.java:480)
07-11 19:23:42.034  2034  2743 W Binder  : 	at android.app.IActivityController$Stub$Proxy.activityStarting(IActivityController.java:273)
07-11 19:23:42.034  2034  2743 W Binder  : 	at com.android.server.wm.ActivityStarter.startActivity(ActivityStarter.java:794)
07-11 19:23:42.034  2034  2743 W Binder  : 	at com.android.server.wm.ActivityStarter.startActivity(ActivityStarter.java:583)
07-11 19:23:42.034  2034  2743 W Binder  : 	at com.android.server.wm.ActivityStarter.startActivityMayWait(ActivityStarter.java:1288)
07-11 19:23:42.034  2034  2743 W Binder  : 	at com.android.server.wm.ActivityStarter.execute(ActivityStarter.java:514)
07-11 19:23:42.034  2034  2743 W Binder  : 	at com.android.server.wm.ActivityTaskManagerService.startActivityAsUser(ActivityTaskManagerService.java:1058)
07-11 19:23:42.034  2034  2743 W Binder  : 	at com.android.server.wm.ActivityTaskManagerService.startActivityAsUser(ActivityTaskManagerService.java:1032)
07-11 19:23:42.034  2034  2743 W Binder  : 	at com.android.server.am.ActivityManagerService.startActivityAsUser(ActivityManagerService.java:3504)
07-11 19:23:42.034  2034  2743 W Binder  : 	at android.app.IActivityManager$Stub.onTransact(IActivityManager.java:3537)
07-11 19:23:42.034  2034  2743 W Binder  : 	at com.android.server.am.ActivityManagerService.onTransact(ActivityManagerService.java:2741)
07-11 19:23:42.034  2034  2743 W Binder  : 	at android.os.Binder.execTransactInternal(Binder.java:1021)
07-11 19:23:42.034  2034  2743 W Binder  : 	at android.os.Binder.execTransact(Binder.java:994)
07-11 19:23:42.037  6083  6083 I Monkey  : Events injected: 1
07-11 19:23:42.040  2034  2034 V SettingsProvider: Notifying for 0: content://settings/system/accelerometer_rotation
07-11 19:23:42.042  2034  2056 W InputReader: Device has associated, but no associated display id.
07-11 19:23:42.042  2034  2056 I chatty  : uid=1000(system) android.display identical 8 lines
07-11 19:23:42.042  2034  2056 W InputReader: Device has associated, but no associated display id.
07-11 19:23:42.044  6083  6083 I Monkey  : ## Network stats: elapsed time=7ms (0ms mobile, 0ms wifi, 7ms not connected)
07-11 19:23:42.045  6083  6083 I app_process: System.exit called, status: 0
07-11 19:23:42.045  6083  6083 I AndroidRuntime: VM exiting with result code 0.
07-11 19:23:42.183  1800  2423 E GnssHAL_GnssInterface: gnssSvStatusCb: a: input svInfo.flags is 8
07-11 19:23:42.183  1800  2423 E GnssHAL_GnssInterface: gnssSvStatusCb: b: input svInfo.flags is 8
07-11 19:23:43.188  1800  2423 E GnssHAL_GnssInterface: gnssSvStatusCb: a: input svInfo.flags is 8
07-11 19:23:43.188  1800  2423 E GnssHAL_GnssInterface: gnssSvStatusCb: b: input svInfo.flags is 8
07-11 19:23:44.190  1800  2423 E GnssHAL_GnssInterface: gnssSvStatusCb: a: input svInfo.flags is 8
07-11 19:23:44.190  1800  2423 E GnssHAL_GnssInterface: gnssSvStatusCb: b: input svInfo.flags is 8
07-11 19:23:45.193  1800  2423 E GnssHAL_GnssInterface: gnssSvStatusCb: a: input svInfo.flags is 8
07-11 19:23:45.193  1800  2423 E GnssHAL_GnssInterface: gnssSvStatusCb: b: input svInfo.flags is 8
07-11 19:23:46.197  1800  2423 E GnssHAL_GnssInterface: gnssSvStatusCb: a: input svInfo.flags is 8
07-11 19:23:46.197  1800  2423 E GnssHAL_GnssInterface: gnssSvStatusCb: b: input svInfo.flags is 8
07-11 19:23:46.299  1950  1950 E wifi_forwarder: RemoteConnection failed to initialize: RemoteConnection failed to open pipe
07-11 19:23:47.199  1800  2423 E GnssHAL_GnssInterface: gnssSvStatusCb: a: input svInfo.flags is 8
07-11 19:23:47.199  1800  2423 E GnssHAL_GnssInterface: gnssSvStatusCb: b: input svInfo.flags is 8
07-11 19:23:47.755  7776  7776 D BoundBrokerSvc: onUnbind: Intent { act=com.google.android.gms.scheduler.ACTION_PROXY_SCHEDULE dat=chimera-action:com.google.android.gms.scheduler.ACTION_PROXY_SCHEDULE cmp=com.google.android.gms/.chimera.PersistentApiService }
07-11 19:23:48.204  1800  2423 E GnssHAL_GnssInterface: gnssSvStatusCb: a: input svInfo.flags is 8
07-11 19:23:48.205  1800  2423 E GnssHAL_GnssInterface: gnssSvStatusCb: b: input svInfo.flags is 8
07-11 19:23:49.208  1800  2423 E GnssHAL_GnssInterface: gnssSvStatusCb: a: input svInfo.flags is 8
07-11 19:23:49.208  1800  2423 E GnssHAL_GnssInterface: gnssSvStatusCb: b: input svInfo.flags is 8
07-11 19:23:50.208  1800  2423 E GnssHAL_GnssInterface: gnssSvStatusCb: a: input svInfo.flags is 8
07-11 19:23:50.209  1800  2423 E GnssHAL_GnssInterface: gnssSvStatusCb: b: input svInfo.flags is 8
07-11 19:23:51.209  1800  2423 E GnssHAL_GnssInterface: gnssSvStatusCb: a: input svInfo.flags is 8
07-11 19:23:51.210  1800  2423 E GnssHAL_GnssInterface: gnssSvStatusCb: b: input svInfo.flags is 8
07-11 19:23:51.803 20045 20139 I WorkerManager: dispose()
07-11 19:23:51.804 20045 20139 W A       : (REDACTED) Queue length for executor %s is now %d. Perhaps some tasks are too long, or the pool is too small.
07-11 19:23:52.211  1800  2423 E GnssHAL_GnssInterface: gnssSvStatusCb: a: input svInfo.flags is 8
07-11 19:23:52.211  1800  2423 E GnssHAL_GnssInterface: gnssSvStatusCb: b: input svInfo.flags is 8
07-11 19:23:53.212  1800  2423 E GnssHAL_GnssInterface: gnssSvStatusCb: a: input svInfo.flags is 8
07-11 19:23:53.212  1800  2423 E GnssHAL_GnssInterface: gnssSvStatusCb: b: input svInfo.flags is 8
07-11 19:23:53.251  2034  2061 E memtrack: Couldn't load memtrack module
07-11 19:23:53.251  2034  2061 W android.os.Debug: failed to get memory consumption info: -1
07-11 19:23:54.214  1800  2423 E GnssHAL_GnssInterface: gnssSvStatusCb: a: input svInfo.flags is 8
07-11 19:23:54.214  1800  2423 E GnssHAL_GnssInterface: gnssSvStatusCb: b: input svInfo.flags is 8
07-11 19:23:55.215  1800  2423 E GnssHAL_GnssInterface: gnssSvStatusCb: a: input svInfo.flags is 8
07-11 19:23:55.215  1800  2423 E GnssHAL_GnssInterface: gnssSvStatusCb: b: input svInfo.flags is 8
07-11 19:23:56.220  1800  2423 E GnssHAL_GnssInterface: gnssSvStatusCb: a: input svInfo.flags is 8
07-11 19:23:56.220  1800  2423 E GnssHAL_GnssInterface: gnssSvStatusCb: b: input svInfo.flags is 8
07-11 19:23:57.224  1800  2423 E GnssHAL_GnssInterface: gnssSvStatusCb: a: input svInfo.flags is 8
07-11 19:23:57.224  1800  2423 E GnssHAL_GnssInterface: gnssSvStatusCb: b: input svInfo.flags is 8
07-11 19:23:57.237  2661  3703 E ActivityThread: Failed to find provider info for com.google.android.apps.wellbeing.api
07-11 19:23:57.304  6103  6103 D AndroidRuntime: >>>>>> START com.android.internal.os.RuntimeInit uid 2000 <<<<<<
07-11 19:23:57.297  6103  6103 W app_process: type=1400 audit(0.0:10789): avc: denied { read } for name="u:object_r:device_config_runtime_native_boot_prop:s0" dev="tmpfs" ino=167 scontext=u:r:shell:s0 tcontext=u:object_r:device_config_runtime_native_boot_prop:s0 tclass=file permissive=0
07-11 19:23:57.297  6103  6103 W app_process: type=1400 audit(0.0:10790): avc: denied { read } for name="u:object_r:device_config_runtime_native_boot_prop:s0" dev="tmpfs" ino=167 scontext=u:r:shell:s0 tcontext=u:object_r:device_config_runtime_native_boot_prop:s0 tclass=file permissive=0
07-11 19:23:57.308  6103  6103 E libc    : Access denied finding property "persist.device_config.runtime_native_boot.enable_apex_image"
07-11 19:23:57.308  6103  6103 I AndroidRuntime: Using default boot image
07-11 19:23:57.308  6103  6103 E libc    : Access denied finding property "persist.device_config.runtime_native_boot.disable_lock_profiling"
07-11 19:23:57.308  6103  6103 I AndroidRuntime: Leaving lock profiling enabled
07-11 19:23:57.297  6103  6103 W app_process: type=1400 audit(0.0:10791): avc: denied { read } for name="u:object_r:device_config_runtime_native_boot_prop:s0" dev="tmpfs" ino=167 scontext=u:r:shell:s0 tcontext=u:object_r:device_config_runtime_native_boot_prop:s0 tclass=file permissive=0
07-11 19:23:57.308  6103  6103 E libc    : Access denied finding property "persist.device_config.runtime_native_boot.enable_generational_cc"
07-11 19:23:57.379  6103  6103 D ICU     : Time zone APEX file found: /apex/com.android.tzdata/etc/icu/icu_tzdata.dat
07-11 19:23:57.384  6103  6103 W app_process: Unexpected CPU variant for X86 using defaults: x86
07-11 19:23:57.391  6103  6103 I app_process: The ClassLoaderContext is a special shared library.
07-11 19:23:57.392  6103  6103 I app_process: The ClassLoaderContext is a special shared library.
07-11 19:23:57.410  6103  6103 W app_process: JNI RegisterNativeMethods: attempt to register 0 native methods for android.media.AudioAttributes
07-11 19:23:57.415  6103  6103 D AndroidRuntime: Calling main entry com.android.commands.uiautomator.Launcher
07-11 19:23:57.426  2034  2034 V SettingsProvider: Notifying for 0: content://settings/secure/accessibility_enabled
07-11 19:23:57.433 20045 20133 I A       : NGA disabled since it's running Panthera and at least one a11y feature is on.
07-11 19:23:57.433 20045 20133 I A       : (REDACTED) Nga state changed to %s
07-11 19:23:57.435 20147  5396 I A       : (REDACTED) APA or Classic session decision: %s.
07-11 19:23:57.436 20147 20195 I A       : Unsubscribed to apa or classic variant change.
07-11 19:23:58.229  1800  2423 E GnssHAL_GnssInterface: gnssSvStatusCb: a: input svInfo.flags is 8
07-11 19:23:58.230  1800  2423 E GnssHAL_GnssInterface: gnssSvStatusCb: b: input svInfo.flags is 8
07-11 19:23:58.462  6103  6103 W AccessibilityNodeInfoDumper: Fetch time: 4ms
07-11 19:23:58.464  2034  2050 W WindowManager: removeWindowToken: Attempted to remove non-existing token: android.os.Binder@55a070b
07-11 19:23:58.467  2034  2034 V SettingsProvider: Notifying for 0: content://settings/secure/accessibility_enabled
07-11 19:23:58.471  6103  6103 D AndroidRuntime: Shutting down VM
07-11 19:23:58.475 20045 20133 I A       : NGA enabled in interactor.
07-11 19:23:58.475 20045 20133 I A       : (REDACTED) Nga state changed to %s
07-11 19:23:58.477 20147  5396 I A       : Initializing all components
07-11 19:23:58.477 20147  5396 I A       : (REDACTED) APA or Classic session decision: %s.
07-11 19:23:58.477 20147 20195 I A       : (REDACTED) onIsEnabledChanged, isEnabled: %s
07-11 19:23:58.477 20147 20195 W A       : Disposing empty manager. Did you forgot to subscribe observables?
07-11 19:23:58.478 20147 20195 I chatty  : uid=10103(com.google.android.googlequicksearchbox) Lite Thread #1 identical 13 lines
07-11 19:23:58.478 20147 20195 W A       : Disposing empty manager. Did you forgot to subscribe observables?
07-11 19:23:58.479 20147 20195 I A       : (REDACTED) Setting session to type: %s
07-11 19:23:58.479 20147 20195 W A       : Disposing empty manager. Did you forgot to subscribe observables?
07-11 19:23:58.479 20147 20195 I chatty  : uid=10103(com.google.android.googlequicksearchbox) Lite Thread #1 identical 12 lines
07-11 19:23:58.479 20147 20195 W A       : Disposing empty manager. Did you forgot to subscribe observables?
07-11 19:23:58.479 20147 20195 I A       : (REDACTED) onDisabled. Registered: %s
07-11 19:23:58.480 20147 20195 I A       : (REDACTED) on opa visibility changed %s
07-11 19:23:58.480 20147 20195 I A       : (REDACTED) on opa visibility changed %s
07-11 19:23:58.480 20147 20195 I A       : (REDACTED) State changed: %s => %s by %s and %s with %s
07-11 19:23:58.480 20147 20195 I A       : (REDACTED) Recognizer choice: (recognizer_type: %s, recognizer_mode: %s, choice_reason: %s)
07-11 19:23:58.482 20147 20195 I A       : (REDACTED) onActiveStateChangeEvent: %s => %s
07-11 19:23:58.484 20147 20194 I A       : Initialize
07-11 19:23:58.485 20147 20194 I NgaEntryPointEventSendr: setupConnection
07-11 19:23:58.486 20147 20195 I A       : (REDACTED) stopListening(%s, %s)
07-11 19:23:58.493 20147 20194 I NgaEntryPointEventSendr: (REDACTED) State changed: %s => %s
07-11 19:23:58.493 20045 20045 I A       : Creating pss binder().
07-11 19:23:58.498 20147 20194 I A       : Successfully initialized all components
07-11 19:23:58.499 20147 20194 I NgaEntryPointEventSendr: onServiceConnected
07-11 19:23:58.500 20045 20585 I A       : Calling beginBinderSession().
07-11 19:23:58.501 20045 20585 I A       : beginBinderSession(): calling binder
07-11 19:23:58.501 20147 20194 I NgaEntryPointEventSendr: (REDACTED) State changed: %s => %s
07-11 19:23:58.513 20045 20145 W CorpusConfigHelper: Invalid input from icing corpus JSON flag.
07-11 19:23:58.513 20045 20145 W CorpusConfigHelper: android.util.MalformedJsonException: Use JsonReader.setLenient(true) to accept malformed JSON at line 123 column 2
07-11 19:23:58.513 20045 20145 W CorpusConfigHelper: 	at android.util.JsonReader.syntaxError(JsonReader.java:1162)
07-11 19:23:58.513 20045 20145 W CorpusConfigHelper: 	at android.util.JsonReader.checkLenient(JsonReader.java:840)
07-11 19:23:58.513 20045 20145 W CorpusConfigHelper: 	at android.util.JsonReader.nextInArray(JsonReader.java:615)
07-11 19:23:58.513 20045 20145 W CorpusConfigHelper: 	at android.util.JsonReader.peek(JsonReader.java:345)
07-11 19:23:58.513 20045 20145 W CorpusConfigHelper: 	at android.util.JsonReader.hasNext(JsonReader.java:321)
07-11 19:23:58.513 20045 20145 W CorpusConfigHelper: 	at com.google.android.apps.gsa.searchbox.c.b.b.k.c(PG:7)
07-11 19:23:58.513 20045 20145 W CorpusConfigHelper: 	at com.google.android.apps.gsa.searchbox.c.b.b.k.<init>(PG:5)
07-11 19:23:58.513 20045 20145 W CorpusConfigHelper: 	at com.google.android.apps.gsa.staticplugins.searchboxroot.features.n.a.c.<init>(PG:16)
07-11 19:23:58.513 20045 20145 W CorpusConfigHelper: 	at com.google.android.apps.gsa.staticplugins.searchboxroot.b.a(PG:14)
07-11 19:23:58.513 20045 20145 W CorpusConfigHelper: 	at com.google.android.apps.gsa.staticplugins.searchboxroot.x.<init>(PG:7)
07-11 19:23:58.513 20045 20145 W CorpusConfigHelper: 	at com.google.android.apps.gsa.binaries.velvet.app.akk.b(PG:15)
07-11 19:23:58.513 20045 20145 W CorpusConfigHelper: 	at dagger.a.e.b(PG:1)
07-11 19:23:58.513 20045 20145 W CorpusConfigHelper: 	at com.google.android.apps.gsa.staticplugins.searchboxroot.a.a.a(PG:3)
07-11 19:23:58.513 20045 20145 W CorpusConfigHelper: 	at com.google.android.apps.gsa.binaries.velvet.app.on.f(Unknown Source:2379)
07-11 19:23:58.513 20045 20145 W CorpusConfigHelper: 	at com.google.android.apps.gsa.binaries.velvet.app.on.b(PG:2)
07-11 19:23:58.513 20045 20145 W CorpusConfigHelper: 	at com.google.android.apps.gsa.search.core.service.g.a.c.a(PG:2)
07-11 19:23:58.513 20045 20145 W CorpusConfigHelper: 	at com.google.android.libraries.gsa.k.a.f.a(PG:2)
07-11 19:23:58.513 20045 20145 W CorpusConfigHelper: 	at com.google.common.util.concurrent.dz.a(PG:1)
07-11 19:23:58.513 20045 20145 W CorpusConfigHelper: 	at com.google.common.util.concurrent.cw.run(PG:4)
07-11 19:23:58.513 20045 20145 W CorpusConfigHelper: 	at com.google.common.util.concurrent.eb.run(PG:1)
07-11 19:23:58.513 20045 20145 W CorpusConfigHelper: 	at com.google.android.libraries.i.af.run(PG:1)
07-11 19:23:58.513 20045 20145 W CorpusConfigHelper: 	at com.google.android.libraries.i.an.run(PG:23)
07-11 19:23:58.513 20045 20145 W CorpusConfigHelper: 	at com.google.android.libraries.i.l.run(PG:2)
07-11 19:23:58.513 20045 20145 W CorpusConfigHelper: 	at com.google.android.libraries.i.q.run(PG:4)
07-11 19:23:58.513 20045 20145 W CorpusConfigHelper: 	at java.lang.Thread.run(Thread.java:919)
07-11 19:23:58.514 20045 20139 I A       : Using proto config with mendel
07-11 19:23:58.514 20045 20139 I A       : Using proto config with mendel
07-11 19:23:58.514 20045 20145 W A       : (REDACTED) Queue length for executor %s is now %d. Perhaps some tasks are too long, or the pool is too small.
07-11 19:23:58.514 20045 20139 I A       : Using proto config with mendel
07-11 19:23:58.514 20045 20139 I A       : (REDACTED) Adding from config to map. Locale: %s modelPrefix: %s Location:%s isSpeakerIdSupported: %b
07-11 19:23:58.514 20045 20139 I chatty  : uid=10103(com.google.android.googlequicksearchbox) EventBus0 identical 1 line
07-11 19:23:58.515 20045 20139 I A       : (REDACTED) Adding from config to map. Locale: %s modelPrefix: %s Location:%s isSpeakerIdSupported: %b
07-11 19:23:58.515 20045 20139 I A       : (REDACTED) Skipping. Expected model: %s Found: %s
07-11 19:23:58.515 20045 20139 I A       : (REDACTED) Adding from config to map. Locale: %s modelPrefix: %s Location:%s isSpeakerIdSupported: %b
07-11 19:23:58.515 20045 20139 I A       : Using proto config with mendel
07-11 19:23:58.515 20045 20139 I chatty  : uid=10103(com.google.android.googlequicksearchbox) EventBus0 identical 1 line
07-11 19:23:58.516 20045 20139 I A       : Using proto config with mendel
07-11 19:23:58.520 20147 20194 I NgaEntryPointEventSendr: (REDACTED) State changed: %s => %s (%s)
07-11 19:23:58.527 20045 20139 W A       : (REDACTED) %s task was not run. Callback from Service received after client was disposed.
07-11 19:23:58.528 20045 20139 I chatty  : uid=10103(com.google.android.googlequicksearchbox) EventBus0 identical 1 line
07-11 19:23:58.528 20045 20139 W A       : (REDACTED) %s task was not run. Callback from Service received after client was disposed.
07-11 19:23:58.532 20045 20141 I A       : (REDACTED) group %s not present %s in %s
07-11 19:23:58.532 20045 20141 I A       : (REDACTED) incrementApaDataDownloadStoreStatus(latency = %s, appVersion = %s, status = %s, locale = %s, fileGroupnames = %s, accountScoped = %s, localGroupsAvailable = %s, timeSinceSearchBoot = %s (%s), timeSinceDataDownloadInit = %s (%s))
07-11 19:23:58.528 20045 20139 W A       : (REDACTED) %s task was not run. Callback from Service received after client was disposed.
07-11 19:23:58.532 20045 20139 I chatty  : uid=10103(com.google.android.googlequicksearchbox) EventBus0 identical 2 lines
07-11 19:23:58.532 20045 20139 W A       : (REDACTED) %s task was not run. Callback from Service received after client was disposed.
07-11 19:23:58.536 20045 20145 I A       : (REDACTED) incrementApaDataDownloadStoreStatusNotFound(appVersion = %s, locale = %s, groupName = %s, accountScoped = %s, foundGroups = %s, status = %s, localGroupsAvailable = %s)
07-11 19:23:58.540 20045 20139 W A       : (REDACTED) %s task was not run. Callback from Service received after client was disposed.
07-11 19:23:58.541 20045 20139 I MicroDetectionState: (REDACTED) Should stop hotword detection immediately - %b
07-11 19:23:58.541 20045 20139 W A       : (REDACTED) %s task was not run. Callback from Service received after client was disposed.
07-11 19:23:58.541 20045 20139 I chatty  : uid=10103(com.google.android.googlequicksearchbox) EventBus0 identical 1 line
07-11 19:23:58.542 20045 20139 W A       : (REDACTED) %s task was not run. Callback from Service received after client was disposed.
07-11 19:23:58.543 20045  4692 I PBSessionCacheImpl: (REDACTED) Deleted sessionId[%d] from persistence.
07-11 19:23:58.545 20045 20139 W SearchServiceCore: Abort, client detached.
07-11 19:23:58.545 20045 20139 I HttpStreamingTapasSearc: (REDACTED) taskGraphFactory: %s#%d
07-11 19:23:58.547 20045 20139 I MicroDetectionState: (REDACTED) Should stop hotword detection immediately - %b
07-11 19:23:58.547 20045 20139 I A       : Using proto config with mendel
07-11 19:23:58.547 20045 20139 I A       : Using proto config with mendel
07-11 19:23:58.585  4035  4350 I Icing   : IndexChimeraService.getServiceInterface callingPackage=com.google.android.googlequicksearchbox componentName=null serviceId=36
07-11 19:23:58.598  4035  5101 W Icing   : No valid account for uploading user actions
07-11 19:23:58.601  7776  7776 D BoundBrokerSvc: onBind: Intent { act=com.google.android.gms.icing.LIGHTWEIGHT_INDEX_SERVICE dat=chimera-action:com.google.android.gms.icing.LIGHTWEIGHT_INDEX_SERVICE cmp=com.google.android.gms/.chimera.PersistentApiService }
07-11 19:23:58.601  7776  7776 D BoundBrokerSvc: Loading bound service for intent: Intent { act=com.google.android.gms.icing.LIGHTWEIGHT_INDEX_SERVICE dat=chimera-action:com.google.android.gms.icing.LIGHTWEIGHT_INDEX_SERVICE cmp=com.google.android.gms/.chimera.PersistentApiService }
07-11 19:23:58.607  4035  4035 D BoundBrokerSvc: onBind: Intent { act=com.google.android.gms.feedback.internal.IFeedbackService dat=chimera-action:com.google.android.gms.feedback.internal.IFeedbackService cmp=com.google.android.gms/.chimera.GmsBoundBrokerService }
07-11 19:23:58.607  4035  4035 D BoundBrokerSvc: Loading bound service for intent: Intent { act=com.google.android.gms.feedback.internal.IFeedbackService dat=chimera-action:com.google.android.gms.feedback.internal.IFeedbackService cmp=com.google.android.gms/.chimera.GmsBoundBrokerService }
07-11 19:23:58.611  4035  5101 I Icing   : Usage reports ok 0, Failed Usage reports 0, indexed 0, rejected 0
07-11 19:23:58.620  4035  4256 I Icing   : IndexChimeraService.getServiceInterface callingPackage=com.google.android.gms componentName=null serviceId=30
07-11 19:23:58.627  4035  5101 W Icing   : No valid account for uploading user actions
07-11 19:23:58.633  4035  5101 I Icing   : Usage reports ok 0, Failed Usage reports 0, indexed 0, rejected 0
07-11 19:23:58.664  6120  6120 D AndroidRuntime: >>>>>> START com.android.internal.os.RuntimeInit uid 2000 <<<<<<
07-11 19:23:58.657  6120  6120 W app_process: type=1400 audit(0.0:10792): avc: denied { read } for name="u:object_r:device_config_runtime_native_boot_prop:s0" dev="tmpfs" ino=167 scontext=u:r:shell:s0 tcontext=u:object_r:device_config_runtime_native_boot_prop:s0 tclass=file permissive=0
07-11 19:23:58.667  6120  6120 E libc    : Access denied finding property "persist.device_config.runtime_native_boot.enable_apex_image"
07-11 19:23:58.667  6120  6120 I AndroidRuntime: Using default boot image
07-11 19:23:58.657  6120  6120 W app_process: type=1400 audit(0.0:10793): avc: denied { read } for name="u:object_r:device_config_runtime_native_boot_prop:s0" dev="tmpfs" ino=167 scontext=u:r:shell:s0 tcontext=u:object_r:device_config_runtime_native_boot_prop:s0 tclass=file permissive=0
07-11 19:23:58.668  6120  6120 E libc    : Access denied finding property "persist.device_config.runtime_native_boot.disable_lock_profiling"
07-11 19:23:58.668  6120  6120 I AndroidRuntime: Leaving lock profiling enabled
07-11 19:23:58.668  6120  6120 E libc    : Access denied finding property "persist.device_config.runtime_native_boot.enable_generational_cc"
07-11 19:23:58.670  6120  6120 W app_process: Could not reserve sentinel fault page
07-11 19:23:58.723  6120  6120 D ICU     : Time zone APEX file found: /apex/com.android.tzdata/etc/icu/icu_tzdata.dat
07-11 19:23:58.727  6120  6120 W app_process: Unexpected CPU variant for X86 using defaults: x86
07-11 19:23:58.733  6120  6120 I app_process: The ClassLoaderContext is a special shared library.
07-11 19:23:58.745  6120  6120 W app_process: JNI RegisterNativeMethods: attempt to register 0 native methods for android.media.AudioAttributes
07-11 19:23:58.748  6120  6120 D AndroidRuntime: Calling main entry com.android.commands.input.Input
07-11 19:23:58.767  6120  6120 D AndroidRuntime: Shutting down VM
07-11 19:23:58.793  1789  3563 W audio_hw_generic: Not supplying enough data to HAL, expected position 80704814 , only wrote 80704795
07-11 19:23:58.896  1816  1983 D AudioFlinger: mixer(0xf4a9f5c0) throttle end: throttle time(11)
07-11 19:23:59.233  1800  2423 E GnssHAL_GnssInterface: gnssSvStatusCb: a: input svInfo.flags is 8
07-11 19:23:59.233  1800  2423 E GnssHAL_GnssInterface: gnssSvStatusCb: b: input svInfo.flags is 8
07-11 19:24:00.237  1800  2423 E GnssHAL_GnssInterface: gnssSvStatusCb: a: input svInfo.flags is 8
07-11 19:24:00.237  1800  2423 E GnssHAL_GnssInterface: gnssSvStatusCb: b: input svInfo.flags is 8
07-11 19:24:01.243  1800  2423 E GnssHAL_GnssInterface: gnssSvStatusCb: a: input svInfo.flags is 8
07-11 19:24:01.244  1800  2423 E GnssHAL_GnssInterface: gnssSvStatusCb: b: input svInfo.flags is 8
07-11 19:24:01.927  1789  1910 W audio_hw_generic: Not supplying enough data to HAL, expected position 80980745 , only wrote 80842944
07-11 19:24:02.247  1800  2423 E GnssHAL_GnssInterface: gnssSvStatusCb: a: input svInfo.flags is 8
07-11 19:24:02.247  1800  2423 E GnssHAL_GnssInterface: gnssSvStatusCb: b: input svInfo.flags is 8
07-11 19:24:02.680  4035  6153 I GmscoreIpa: Starting mediastore instant index [CONTEXT service_id=255 ]
07-11 19:24:02.687  6151  6151 W app_process: type=1400 audit(0.0:10795): avc: denied { read } for name="u:object_r:device_config_runtime_native_boot_prop:s0" dev="tmpfs" ino=167 scontext=u:r:shell:s0 tcontext=u:object_r:device_config_runtime_native_boot_prop:s0 tclass=file permissive=0
07-11 19:24:02.700  6151  6151 D AndroidRuntime: >>>>>> START com.android.internal.os.RuntimeInit uid 2000 <<<<<<
