11-10 14:02:32.477  2972  3259 W CorpusConfigHelper: 	at android.util.JsonReader.checkLenient(JsonReader.java:840)
11-10 14:02:32.477  2972  3259 W CorpusConfigHelper: 	at android.util.JsonReader.nextInArray(JsonReader.java:615)
11-10 14:02:32.477  2972  3259 W CorpusConfigHelper: 	at android.util.JsonReader.peek(JsonReader.java:345)
11-10 14:02:32.477  2972  3259 W CorpusConfigHelper: 	at android.util.JsonReader.hasNext(JsonReader.java:321)
11-10 14:02:32.477  2972  3259 W CorpusConfigHelper: 	at com.google.android.apps.gsa.searchbox.c.b.b.k.c(PG:7)
11-10 14:02:32.477  2972  3259 W CorpusConfigHelper: 	at com.google.android.apps.gsa.searchbox.c.b.b.k.<init>(PG:5)
11-10 14:02:32.477  2972  3259 W CorpusConfigHelper: 	at com.google.android.apps.gsa.staticplugins.searchboxroot.features.n.a.c.<init>(PG:16)
11-10 14:02:32.477  2972  3259 W CorpusConfigHelper: 	at com.google.android.apps.gsa.staticplugins.searchboxroot.b.a(PG:14)
11-10 14:02:32.477  2972  3259 W CorpusConfigHelper: 	at com.google.android.apps.gsa.staticplugins.searchboxroot.x.<init>(PG:7)
11-10 14:02:32.477  2972  3259 W CorpusConfigHelper: 	at com.google.android.apps.gsa.binaries.velvet.app.akk.b(PG:15)
11-10 14:02:32.477  2972  3259 W CorpusConfigHelper: 	at dagger.a.e.b(PG:1)
11-10 14:02:32.477  2972  3259 W CorpusConfigHelper: 	at com.google.android.apps.gsa.staticplugins.searchboxroot.a.a.a(PG:3)
11-10 14:02:32.477  2972  3259 W CorpusConfigHelper: 	at com.google.android.apps.gsa.binaries.velvet.app.on.f(Unknown Source:2379)
11-10 14:02:32.477  2972  3259 W CorpusConfigHelper: 	at com.google.android.apps.gsa.binaries.velvet.app.on.b(PG:2)
11-10 14:02:32.477  2972  3259 W CorpusConfigHelper: 	at com.google.android.apps.gsa.search.core.service.g.a.c.a(PG:2)
11-10 14:02:32.477  2972  3259 W CorpusConfigHelper: 	at com.google.android.libraries.gsa.k.a.f.a(PG:2)
11-10 14:02:32.477  2972  3259 W CorpusConfigHelper: 	at com.google.common.util.concurrent.dz.a(PG:1)
11-10 14:02:32.477  2972  3259 W CorpusConfigHelper: 	at com.google.common.util.concurrent.cw.run(PG:4)
11-10 14:02:32.477  2972  3259 W CorpusConfigHelper: 	at com.google.common.util.concurrent.eb.run(PG:1)
11-10 14:02:32.477  2972  3259 W CorpusConfigHelper: 	at com.google.android.libraries.i.af.run(PG:1)
11-10 14:02:32.477  2972  3259 W CorpusConfigHelper: 	at com.google.android.libraries.i.an.run(PG:23)
11-10 14:02:32.477  2972  3259 W CorpusConfigHelper: 	at com.google.android.libraries.i.l.run(PG:2)
11-10 14:02:32.477  2972  3259 W CorpusConfigHelper: 	at com.google.android.libraries.i.q.run(PG:4)
11-10 14:02:32.477  2972  3259 W CorpusConfigHelper: 	at java.lang.Thread.run(Thread.java:919)
11-10 14:02:32.480  2972  3256 W A       : (REDACTED) Queue length for executor %s is now %d. Perhaps some tasks are too long, or the pool is too small.
11-10 14:02:32.493  2972  3261 W A       : (REDACTED) %s task was not run. Callback from Service received after client was disposed.
11-10 14:02:32.493  2972  3261 I chatty  : uid=10103(com.google.android.googlequicksearchbox) EventBus0 identical 2 lines
11-10 14:02:32.494  2972  3261 W A       : (REDACTED) %s task was not run. Callback from Service received after client was disposed.
11-10 14:02:32.497  2768  3244 I NgaEntryPointEventSendr: (REDACTED) State changed: %s => %s (%s)
11-10 14:02:32.501  2972  3261 W A       : (REDACTED) %s task was not run. Callback from Service received after client was disposed.
11-10 14:02:32.503  2972  3256 I A       : (REDACTED) group %s not present %s in %s
11-10 14:02:32.504  2972  3256 I A       : (REDACTED) incrementApaDataDownloadStoreStatus(latency = %s, appVersion = %s, status = %s, locale = %s, fileGroupnames = %s, accountScoped = %s, localGroupsAvailable = %s, timeSinceSearchBoot = %s (%s), timeSinceDataDownloadInit = %s (%s))
11-10 14:02:32.505  2972  3259 I A       : (REDACTED) incrementApaDataDownloadStoreStatusNotFound(appVersion = %s, locale = %s, groupName = %s, accountScoped = %s, foundGroups = %s, status = %s, localGroupsAvailable = %s)
11-10 14:02:32.513  2972  4127 I PBSessionCacheImpl: (REDACTED) Deleted sessionId[%d] from persistence.
11-10 14:02:32.516  2972  3261 W A       : (REDACTED) %s task was not run. Callback from Service received after client was disposed.
11-10 14:02:32.517  2972  3261 W A       : (REDACTED) %s task was not run. Callback from Service received after client was disposed.
11-10 14:02:32.524  2972  3261 W SearchServiceCore: Abort, client detached.
11-10 14:02:32.525  2972  3261 I HttpStreamingTapasSearc: (REDACTED) taskGraphFactory: %s#%d
11-10 14:02:32.527  2972  3261 I MicroDetectionState: (REDACTED) Should stop hotword detection immediately - %b
11-10 14:02:32.527  2972  3261 I A       : Using proto config with mendel
11-10 14:02:32.527  2972  3261 I A       : Using proto config with mendel
11-10 14:02:32.541  6170  6226 I Icing   : IndexChimeraService.getServiceInterface callingPackage=com.google.android.googlequicksearchbox componentName=null serviceId=36
11-10 14:02:32.555  6170  8139 W Icing   : No valid account for uploading user actions
11-10 14:02:32.559  5816  5816 D BoundBrokerSvc: onBind: Intent { act=com.google.android.gms.icing.LIGHTWEIGHT_INDEX_SERVICE dat=chimera-action:com.google.android.gms.icing.LIGHTWEIGHT_INDEX_SERVICE cmp=com.google.android.gms/.chimera.PersistentApiService }
11-10 14:02:32.559  5816  5816 D BoundBrokerSvc: Loading bound service for intent: Intent { act=com.google.android.gms.icing.LIGHTWEIGHT_INDEX_SERVICE dat=chimera-action:com.google.android.gms.icing.LIGHTWEIGHT_INDEX_SERVICE cmp=com.google.android.gms/.chimera.PersistentApiService }
11-10 14:02:32.567  6170  6170 D BoundBrokerSvc: onBind: Intent { act=com.google.android.gms.feedback.internal.IFeedbackService dat=chimera-action:com.google.android.gms.feedback.internal.IFeedbackService cmp=com.google.android.gms/.chimera.GmsBoundBrokerService }
11-10 14:02:32.567  6170  6170 D BoundBrokerSvc: Loading bound service for intent: Intent { act=com.google.android.gms.feedback.internal.IFeedbackService dat=chimera-action:com.google.android.gms.feedback.internal.IFeedbackService cmp=com.google.android.gms/.chimera.GmsBoundBrokerService }
11-10 14:02:32.583  6170  8139 I Icing   : Usage reports ok 1, Failed Usage reports 0, indexed 0, rejected 0
11-10 14:02:32.584  6170  6225 I Icing   : IndexChimeraService.getServiceInterface callingPackage=com.google.android.gms componentName=null serviceId=30
11-10 14:02:32.594  6170  8139 W Icing   : No valid account for uploading user actions
11-10 14:02:32.601  6170  8139 I Icing   : Usage reports ok 0, Failed Usage reports 0, indexed 0, rejected 0
11-10 14:02:32.830  1794  2270 E GnssHAL_GnssInterface: gnssSvStatusCb: a: input svInfo.flags is 8
11-10 14:02:32.830  1794  2270 E GnssHAL_GnssInterface: gnssSvStatusCb: b: input svInfo.flags is 8
11-10 14:02:33.267 10346 10346 D AndroidRuntime: >>>>>> START com.android.internal.os.RuntimeInit uid 2000 <<<<<<
11-10 14:02:33.258 10346 10346 W app_process: type=1400 audit(0.0:440): avc: denied { read } for name="u:object_r:device_config_runtime_native_boot_prop:s0" dev="tmpfs" ino=7811 scontext=u:r:shell:s0 tcontext=u:object_r:device_config_runtime_native_boot_prop:s0 tclass=file permissive=0
11-10 14:02:33.269 10346 10346 E libc    : Access denied finding property "persist.device_config.runtime_native_boot.enable_apex_image"
11-10 14:02:33.269 10346 10346 I AndroidRuntime: Using default boot image
11-10 14:02:33.269 10346 10346 E libc    : Access denied finding property "persist.device_config.runtime_native_boot.disable_lock_profiling"
11-10 14:02:33.269 10346 10346 I AndroidRuntime: Leaving lock profiling enabled
11-10 14:02:33.269 10346 10346 E libc    : Access denied finding property "persist.device_config.runtime_native_boot.enable_generational_cc"
11-10 14:02:33.312 10346 10346 D ICU     : Time zone APEX file found: /apex/com.android.tzdata/etc/icu/icu_tzdata.dat
11-10 14:02:33.315 10346 10346 W app_process: Unexpected CPU variant for X86 using defaults: x86
11-10 14:02:33.318 10346 10346 I app_process: The ClassLoaderContext is a special shared library.
11-10 14:02:33.318 10346 10346 I app_process: The ClassLoaderContext is a special shared library.
11-10 14:02:33.330 10346 10346 W app_process: JNI RegisterNativeMethods: attempt to register 0 native methods for android.media.AudioAttributes
11-10 14:02:33.333 10346 10346 D AndroidRuntime: Calling main entry com.android.commands.uiautomator.Launcher
11-10 14:02:33.341  2972  3254 I A       : NGA disabled since it's running Panthera and at least one a11y feature is on.
11-10 14:02:33.342  2972  3254 I A       : (REDACTED) Nga state changed to %s
11-10 14:02:33.345  2768  3384 I A       : (REDACTED) APA or Classic session decision: %s.
11-10 14:02:33.345  2768  3244 I A       : Unsubscribed to apa or classic variant change.
11-10 14:02:33.359  2972  3261 I A       : Trying to enqueue PieTriggeringWorker
11-10 14:02:33.363  2768  2768 I A       : (REDACTED) eventData = %s
11-10 14:02:33.364  2768  3242 I A       : Logging success flow
11-10 14:02:33.371  2972  3261 I A       : Trying to enqueue PieTriggeringWorker
11-10 14:02:33.373  2768  2768 I A       : (REDACTED) eventData = %s
11-10 14:02:33.834  1794  2270 E GnssHAL_GnssInterface: gnssSvStatusCb: a: input svInfo.flags is 8
11-10 14:02:33.834  1794  2270 E GnssHAL_GnssInterface: gnssSvStatusCb: b: input svInfo.flags is 8
11-10 14:02:34.360 10346 10346 W AccessibilityNodeInfoDumper: Fetch time: 6ms
11-10 14:02:33.339  2030  2030 V SettingsProvider: Notifying for 0: content://settings/secure/accessibility_enabled
11-10 14:02:34.362  2030  3804 W WindowManager: removeWindowToken: Attempted to remove non-existing token: android.os.Binder@e664e5
11-10 14:02:34.363  2030  2030 V SettingsProvider: Notifying for 0: content://settings/secure/accessibility_enabled
11-10 14:02:34.368  2972  3184 I A       : NGA enabled in interactor.
11-10 14:02:34.368  2972  3184 I A       : (REDACTED) Nga state changed to %s
11-10 14:02:34.374 10346 10346 D AndroidRuntime: Shutting down VM
11-10 14:02:34.376  2768  7056 I A       : Initializing all components
11-10 14:02:34.377  2768  7056 I A       : (REDACTED) APA or Classic session decision: %s.
11-10 14:02:34.377  2768  3244 I A       : (REDACTED) onIsEnabledChanged, isEnabled: %s
11-10 14:02:34.377  2768  3244 W A       : Disposing empty manager. Did you forgot to subscribe observables?
11-10 14:02:34.378  2768  3244 I chatty  : uid=10103(com.google.android.googlequicksearchbox) Lite Thread #1 identical 5 lines
11-10 14:02:34.378  2768  3244 W A       : Disposing empty manager. Did you forgot to subscribe observables?
11-10 14:02:34.379  2768  3242 I A       : (REDACTED) on opa visibility changed %s
11-10 14:02:34.379  2768  3242 I A       : (REDACTED) State changed: %s => %s by %s and %s with %s
11-10 14:02:34.379  2768  3242 I A       : (REDACTED) Recognizer choice: (recognizer_type: %s, recognizer_mode: %s, choice_reason: %s)
11-10 14:02:34.385  2768  3242 I A       : (REDACTED) onActiveStateChangeEvent: %s => %s
11-10 14:02:34.385  2768  3242 I A       : (REDACTED) #onActiveStateChangeEvent, newState: %s, previousState: %s.
11-10 14:02:34.385  2768  3244 W A       : Disposing empty manager. Did you forgot to subscribe observables?
11-10 14:02:34.385  2768  3244 I chatty  : uid=10103(com.google.android.googlequicksearchbox) Lite Thread #1 identical 6 lines
11-10 14:02:34.386  2768  3244 W A       : Disposing empty manager. Did you forgot to subscribe observables?
11-10 14:02:34.386  2768  3244 I A       : (REDACTED) Setting session to type: %s
11-10 14:02:34.386  2768  3244 W A       : Disposing empty manager. Did you forgot to subscribe observables?
11-10 14:02:34.390  2768  3244 I chatty  : uid=10103(com.google.android.googlequicksearchbox) Lite Thread #1 identical 12 lines
11-10 14:02:34.390  2768  3244 W A       : Disposing empty manager. Did you forgot to subscribe observables?
11-10 14:02:34.390  2768  3244 I A       : (REDACTED) onDisabled. Registered: %s
11-10 14:02:34.391  2768  3244 I NgaEntryPointEventSendr: setupConnection
11-10 14:02:34.401  2972  2972 I A       : Creating pss binder().
11-10 14:02:34.402  2768  3244 I NgaEntryPointEventSendr: (REDACTED) State changed: %s => %s
11-10 14:02:34.402  2768  3242 I A       : Initialize
11-10 14:02:34.402  2768  3244 I A       : (REDACTED) stopListening(%s, %s)
11-10 14:02:34.403  2768  3244 I A       : (REDACTED) on opa visibility changed %s
11-10 14:02:34.406  2768  3242 I NgaEntryPointEventSendr: onServiceConnected
11-10 14:02:34.406  2972  3267 I A       : Calling beginBinderSession().
11-10 14:02:34.407  2972  3267 I A       : beginBinderSession(): calling binder
11-10 14:02:34.407  2768  3242 I NgaEntryPointEventSendr: (REDACTED) State changed: %s => %s
11-10 14:02:34.409  2768  3244 I A       : Successfully initialized all components
11-10 14:02:34.422  2972  3259 I A       : (REDACTED) group %s not present %s in %s
11-10 14:02:34.422  2972  3259 I A       : (REDACTED) incrementApaDataDownloadStoreStatus(latency = %s, appVersion = %s, status = %s, locale = %s, fileGroupnames = %s, accountScoped = %s, localGroupsAvailable = %s, timeSinceSearchBoot = %s (%s), timeSinceDataDownloadInit = %s (%s))
11-10 14:02:34.424  2972  3259 I A       : (REDACTED) incrementApaDataDownloadStoreStatusNotFound(appVersion = %s, locale = %s, groupName = %s, accountScoped = %s, foundGroups = %s, status = %s, localGroupsAvailable = %s)
11-10 14:02:34.431  2972  3261 I A       : Trying to enqueue PieTriggeringWorker
11-10 14:02:34.432  2972  3261 W A       : (REDACTED) %s task was not run. Callback from Service received after client was disposed.
11-10 14:02:34.432  2972  3261 W A       : (REDACTED) %s task was not run. Callback from Service received after client was disposed.
11-10 14:02:34.433  2972  4127 I PBSessionCacheImpl: (REDACTED) Deleted sessionId[%d] from persistence.
11-10 14:02:34.433  2972  3261 W A       : (REDACTED) %s task was not run. Callback from Service received after client was disposed.
11-10 14:02:34.436  2768  3244 I NgaEntryPointEventSendr: (REDACTED) State changed: %s => %s (%s)
11-10 14:02:34.442  2972  3261 W SearchServiceCore: Abort, client detached.
11-10 14:02:34.442  2972  3261 I HttpStreamingTapasSearc: (REDACTED) taskGraphFactory: %s#%d
11-10 14:02:34.444  2768  2768 I A       : (REDACTED) eventData = %s
11-10 14:02:34.444  2768  3242 I A       : Logging success flow
11-10 14:02:34.569 10366 10366 D AndroidRuntime: >>>>>> START com.android.internal.os.RuntimeInit uid 2000 <<<<<<
11-10 14:02:34.568 10366 10366 W app_process: type=1400 audit(0.0:443): avc: denied { read } for name="u:object_r:device_config_runtime_native_boot_prop:s0" dev="tmpfs" ino=7811 scontext=u:r:shell:s0 tcontext=u:object_r:device_config_runtime_native_boot_prop:s0 tclass=file permissive=0
11-10 14:02:34.571 10366 10366 E libc    : Access denied finding property "persist.device_config.runtime_native_boot.enable_apex_image"
11-10 14:02:34.572 10366 10366 I AndroidRuntime: Using default boot image
11-10 14:02:34.572 10366 10366 E libc    : Access denied finding property "persist.device_config.runtime_native_boot.disable_lock_profiling"
11-10 14:02:34.572 10366 10366 I AndroidRuntime: Leaving lock profiling enabled
11-10 14:02:34.568 10366 10366 W app_process: type=1400 audit(0.0:445): avc: denied { read } for name="u:object_r:device_config_runtime_native_boot_prop:s0" dev="tmpfs" ino=7811 scontext=u:r:shell:s0 tcontext=u:object_r:device_config_runtime_native_boot_prop:s0 tclass=file permissive=0
11-10 14:02:34.572 10366 10366 E libc    : Access denied finding property "persist.device_config.runtime_native_boot.enable_generational_cc"
11-10 14:02:34.573 10366 10366 W app_process: Could not reserve sentinel fault page
11-10 14:02:34.616 10366 10366 D ICU     : Time zone APEX file found: /apex/com.android.tzdata/etc/icu/icu_tzdata.dat
11-10 14:02:34.619 10366 10366 W app_process: Unexpected CPU variant for X86 using defaults: x86
11-10 14:02:34.625 10366 10366 I app_process: The ClassLoaderContext is a special shared library.
11-10 14:02:34.626 10366 10366 I app_process: The ClassLoaderContext is a special shared library.
11-10 14:02:34.636 10366 10366 W app_process: JNI RegisterNativeMethods: attempt to register 0 native methods for android.media.AudioAttributes
11-10 14:02:34.638 10366 10366 D AndroidRuntime: Calling main entry com.android.commands.uiautomator.Launcher
11-10 14:02:34.653  2972  3254 I A       : NGA disabled since it's running Panthera and at least one a11y feature is on.
11-10 14:02:34.653  2972  3254 I A       : (REDACTED) Nga state changed to %s
11-10 14:02:34.654  2768  8491 I A       : (REDACTED) APA or Classic session decision: %s.
11-10 14:02:34.655  2768  3242 I A       : Unsubscribed to apa or classic variant change.
11-10 14:02:34.676  2972  3261 I A       : Trying to enqueue PieTriggeringWorker
11-10 14:02:34.677  2768  2768 I A       : (REDACTED) eventData = %s
11-10 14:02:34.677  2768  3242 I A       : Logging success flow
11-10 14:02:34.686  2972  3261 I A       : Trying to enqueue PieTriggeringWorker
11-10 14:02:34.687  2768  2768 I A       : (REDACTED) eventData = %s
11-10 14:02:34.688  2768  3242 I A       : Logging success flow
11-10 14:02:34.696  2972  3261 I A       : Trying to enqueue PieTriggeringWorker
11-10 14:02:34.698  2768  2768 I A       : (REDACTED) eventData = %s
11-10 14:02:34.838  1794  2270 E GnssHAL_GnssInterface: gnssSvStatusCb: a: input svInfo.flags is 8
11-10 14:02:34.839  1794  2270 E GnssHAL_GnssInterface: gnssSvStatusCb: b: input svInfo.flags is 8
11-10 14:02:35.669 10366 10366 W AccessibilityNodeInfoDumper: Fetch time: 4ms
11-10 14:02:34.648  2030  2030 V SettingsProvider: Notifying for 0: content://settings/secure/accessibility_enabled
11-10 14:02:35.671  2030  2303 W WindowManager: removeWindowToken: Attempted to remove non-existing token: android.os.Binder@367b7c3
11-10 14:02:35.674  2030  2030 V SettingsProvider: Notifying for 0: content://settings/secure/accessibility_enabled
11-10 14:02:35.677 10366 10366 D AndroidRuntime: Shutting down VM
11-10 14:02:35.678  2972  3184 I A       : NGA enabled in interactor.
11-10 14:02:35.678  2972  3184 I A       : (REDACTED) Nga state changed to %s
11-10 14:02:35.681  2768  3242 I A       : (REDACTED) on opa visibility changed %s
11-10 14:02:35.683  2768  8491 I A       : Initializing all components
11-10 14:02:35.690  2768  8491 I A       : (REDACTED) APA or Classic session decision: %s.
11-10 14:02:35.691  2768  3242 I A       : (REDACTED) State changed: %s => %s by %s and %s with %s
11-10 14:02:35.691  2768  3242 I A       : (REDACTED) Recognizer choice: (recognizer_type: %s, recognizer_mode: %s, choice_reason: %s)
11-10 14:02:35.693  2768  3244 I A       : (REDACTED) onIsEnabledChanged, isEnabled: %s
11-10 14:02:35.693  2768  3244 W A       : Disposing empty manager. Did you forgot to subscribe observables?
11-10 14:02:35.693  2768  3242 I A       : (REDACTED) onActiveStateChangeEvent: %s => %s
11-10 14:02:35.693  2768  3244 W A       : Disposing empty manager. Did you forgot to subscribe observables?
11-10 14:02:35.693  2768  3242 I A       : (REDACTED) #onActiveStateChangeEvent, newState: %s, previousState: %s.
11-10 14:02:35.693  2768  3244 W A       : Disposing empty manager. Did you forgot to subscribe observables?
11-10 14:02:35.694  2768  3244 I chatty  : uid=10103(com.google.android.googlequicksearchbox) Lite Thread #1 identical 11 lines
11-10 14:02:35.694  2768  3244 W A       : Disposing empty manager. Did you forgot to subscribe observables?
11-10 14:02:35.694  2768  3244 I A       : (REDACTED) Setting session to type: %s
11-10 14:02:35.694  2768  3244 W A       : Disposing empty manager. Did you forgot to subscribe observables?
11-10 14:02:35.695  2768  3244 I chatty  : uid=10103(com.google.android.googlequicksearchbox) Lite Thread #1 identical 12 lines
11-10 14:02:35.695  2768  3244 W A       : Disposing empty manager. Did you forgot to subscribe observables?
11-10 14:02:35.695  2768  3244 I A       : (REDACTED) onDisabled. Registered: %s
11-10 14:02:35.695  2768  3244 I A       : (REDACTED) stopListening(%s, %s)
11-10 14:02:35.698  2768  3242 I A       : Initialize
11-10 14:02:35.700  2768  3242 I NgaEntryPointEventSendr: setupConnection
11-10 14:02:35.707  2972  2972 I A       : Creating pss binder().
11-10 14:02:35.709  2768  3242 I NgaEntryPointEventSendr: (REDACTED) State changed: %s => %s
11-10 14:02:35.710  2768  3242 I A       : (REDACTED) on opa visibility changed %s
11-10 14:02:35.711  2768  3242 I NgaEntryPointEventSendr: onServiceConnected
11-10 14:02:35.713  2972  3000 I A       : Calling beginBinderSession().
11-10 14:02:35.713  2972  3000 I A       : beginBinderSession(): calling binder
11-10 14:02:35.714  2768  3242 I NgaEntryPointEventSendr: (REDACTED) State changed: %s => %s
11-10 14:02:35.718  2768  3244 I A       : Successfully initialized all components
11-10 14:02:35.729  2972  3259 I A       : (REDACTED) group %s not present %s in %s
11-10 14:02:35.730  2972  3259 I A       : (REDACTED) incrementApaDataDownloadStoreStatus(latency = %s, appVersion = %s, status = %s, locale = %s, fileGroupnames = %s, accountScoped = %s, localGroupsAvailable = %s, timeSinceSearchBoot = %s (%s), timeSinceDataDownloadInit = %s (%s))
11-10 14:02:35.733  2972  3256 I A       : (REDACTED) incrementApaDataDownloadStoreStatusNotFound(appVersion = %s, locale = %s, groupName = %s, accountScoped = %s, foundGroups = %s, status = %s, localGroupsAvailable = %s)
11-10 14:02:35.739  2972  3261 I A       : Trying to enqueue PieTriggeringWorker
11-10 14:02:35.740  2768  3242 I NgaEntryPointEventSendr: (REDACTED) State changed: %s => %s (%s)
11-10 14:02:35.740  2972  3261 W A       : (REDACTED) %s task was not run. Callback from Service received after client was disposed.
11-10 14:02:35.740  2972  3261 W A       : (REDACTED) %s task was not run. Callback from Service received after client was disposed.
11-10 14:02:35.742  2972  4127 I PBSessionCacheImpl: (REDACTED) Deleted sessionId[%d] from persistence.
11-10 14:02:35.742  2972  3261 W A       : (REDACTED) %s task was not run. Callback from Service received after client was disposed.
11-10 14:02:35.747  2972  3261 W SearchServiceCore: Abort, client detached.
11-10 14:02:35.747  2972  3261 I HttpStreamingTapasSearc: (REDACTED) taskGraphFactory: %s#%d
11-10 14:02:35.749  2768  2768 I A       : (REDACTED) eventData = %s
11-10 14:02:35.749  2768  3244 I A       : Logging success flow
11-10 14:02:35.841  1794  2270 E GnssHAL_GnssInterface: gnssSvStatusCb: a: input svInfo.flags is 8
11-10 14:02:35.841  1794  2270 E GnssHAL_GnssInterface: gnssSvStatusCb: b: input svInfo.flags is 8
11-10 14:02:36.517 10396 10396 D AndroidRuntime: >>>>>> START com.android.internal.os.RuntimeInit uid 2000 <<<<<<
11-10 14:02:36.519 10396 10396 E libc    : Access denied finding property "persist.device_config.runtime_native_boot.enable_apex_image"
11-10 14:02:36.508 10396 10396 W app_process: type=1400 audit(0.0:446): avc: denied { read } for name="u:object_r:device_config_runtime_native_boot_prop:s0" dev="tmpfs" ino=7811 scontext=u:r:shell:s0 tcontext=u:object_r:device_config_runtime_native_boot_prop:s0 tclass=file permissive=0
11-10 14:02:36.519 10396 10396 I AndroidRuntime: Using default boot image
11-10 14:02:36.519 10396 10396 E libc    : Access denied finding property "persist.device_config.runtime_native_boot.disable_lock_profiling"
11-10 14:02:36.519 10396 10396 I AndroidRuntime: Leaving lock profiling enabled
11-10 14:02:36.508 10396 10396 W app_process: type=1400 audit(0.0:447): avc: denied { read } for name="u:object_r:device_config_runtime_native_boot_prop:s0" dev="tmpfs" ino=7811 scontext=u:r:shell:s0 tcontext=u:object_r:device_config_runtime_native_boot_prop:s0 tclass=file permissive=0
11-10 14:02:36.519 10396 10396 E libc    : Access denied finding property "persist.device_config.runtime_native_boot.enable_generational_cc"
11-10 14:02:36.508 10396 10396 W app_process: type=1400 audit(0.0:448): avc: denied { read } for name="u:object_r:device_config_runtime_native_boot_prop:s0" dev="tmpfs" ino=7811 scontext=u:r:shell:s0 tcontext=u:object_r:device_config_runtime_native_boot_prop:s0 tclass=file permissive=0
11-10 14:02:36.553 10396 10396 D ICU     : Time zone APEX file found: /apex/com.android.tzdata/etc/icu/icu_tzdata.dat
11-10 14:02:36.556 10396 10396 W app_process: Unexpected CPU variant for X86 using defaults: x86
11-10 14:02:36.560 10396 10396 I app_process: The ClassLoaderContext is a special shared library.
11-10 14:02:36.561 10396 10396 I app_process: The ClassLoaderContext is a special shared library.
11-10 14:02:36.571 10396 10396 W app_process: JNI RegisterNativeMethods: attempt to register 0 native methods for android.media.AudioAttributes
11-10 14:02:36.573 10396 10396 D AndroidRuntime: Calling main entry com.android.commands.uiautomator.Launcher
11-10 14:02:36.582  2972  3183 I A       : NGA disabled since it's running Panthera and at least one a11y feature is on.
11-10 14:02:36.582  2972  3183 I A       : (REDACTED) Nga state changed to %s
11-10 14:02:36.583  2768  7649 I A       : (REDACTED) APA or Classic session decision: %s.
11-10 14:02:36.583  2768  3244 I A       : Unsubscribed to apa or classic variant change.
11-10 14:02:36.602  2972  3261 I A       : Trying to enqueue PieTriggeringWorker
11-10 14:02:36.604  2768  2768 I A       : (REDACTED) eventData = %s
11-10 14:02:36.604  2768  3242 I A       : Logging success flow
11-10 14:02:36.614  2972  3261 I A       : Trying to enqueue PieTriggeringWorker
11-10 14:02:36.616  2768  2768 I A       : (REDACTED) eventData = %s
11-10 14:02:36.616  2768  3242 I A       : Logging success flow
11-10 14:02:36.623  2972  3261 I A       : Trying to enqueue PieTriggeringWorker
11-10 14:02:36.624  2768  2768 I A       : (REDACTED) eventData = %s
11-10 14:02:36.846  1794  2270 E GnssHAL_GnssInterface: gnssSvStatusCb: a: input svInfo.flags is 8
11-10 14:02:36.846  1794  2270 E GnssHAL_GnssInterface: gnssSvStatusCb: b: input svInfo.flags is 8
11-10 14:02:37.598 10396 10396 W AccessibilityNodeInfoDumper: Fetch time: 3ms
11-10 14:02:36.580  2030  2030 V SettingsProvider: Notifying for 0: content://settings/secure/accessibility_enabled
11-10 14:02:37.599  2030  5415 W WindowManager: removeWindowToken: Attempted to remove non-existing token: android.os.Binder@bfda3c9
11-10 14:02:37.601  2030  2030 V SettingsProvider: Notifying for 0: content://settings/secure/accessibility_enabled
11-10 14:02:37.607  2972  3183 I A       : NGA enabled in interactor.
11-10 14:02:37.607  2972  3183 I A       : (REDACTED) Nga state changed to %s
11-10 14:02:37.608  2768  7254 I A       : Initializing all components
11-10 14:02:37.609  2768  7254 I A       : (REDACTED) APA or Classic session decision: %s.
11-10 14:02:37.609  2768  3242 I A       : (REDACTED) onIsEnabledChanged, isEnabled: %s
11-10 14:02:37.609  2768  3242 W A       : Disposing empty manager. Did you forgot to subscribe observables?
11-10 14:02:37.613  2768  3242 I chatty  : uid=10103(com.google.android.googlequicksearchbox) Lite Thread #0 identical 13 lines
11-10 14:02:37.613  2768  3242 W A       : Disposing empty manager. Did you forgot to subscribe observables?
11-10 14:02:37.613  2768  3242 I A       : (REDACTED) Setting session to type: %s
11-10 14:02:37.613  2768  3242 W A       : Disposing empty manager. Did you forgot to subscribe observables?
11-10 14:02:37.613  2768  3242 I chatty  : uid=10103(com.google.android.googlequicksearchbox) Lite Thread #0 identical 7 lines
11-10 14:02:37.613  2768  3242 W A       : Disposing empty manager. Did you forgot to subscribe observables?
11-10 14:02:37.615 10396 10396 D AndroidRuntime: Shutting down VM
11-10 14:02:37.615  2768  3242 W A       : Disposing empty manager. Did you forgot to subscribe observables?
11-10 14:02:37.615  2768  3242 I chatty  : uid=10103(com.google.android.googlequicksearchbox) Lite Thread #0 identical 3 lines
11-10 14:02:37.615  2768  3242 W A       : Disposing empty manager. Did you forgot to subscribe observables?
11-10 14:02:37.615  2768  3242 I A       : (REDACTED) onDisabled. Registered: %s
11-10 14:02:37.615  2768  3242 I A       : (REDACTED) State changed: %s => %s by %s and %s with %s
11-10 14:02:37.616  2768  3242 I A       : (REDACTED) Recognizer choice: (recognizer_type: %s, recognizer_mode: %s, choice_reason: %s)
11-10 14:02:37.617  2768  3244 I A       : Initialize
11-10 14:02:37.617  2768  3244 I A       : (REDACTED) stopListening(%s, %s)
11-10 14:02:37.628  2768  3242 I A       : (REDACTED) onActiveStateChangeEvent: %s => %s
11-10 14:02:37.628  2768  3242 I A       : (REDACTED) #onActiveStateChangeEvent, newState: %s, previousState: %s.
11-10 14:02:37.632  2768  3242 I A       : Nga state changed
11-10 14:02:37.632  2768  3242 I NgaEntryPointEventSendr: setupConnection
11-10 14:02:37.632  2768  3244 I A       : (REDACTED) on opa visibility changed %s
11-10 14:02:37.633  2768  3244 I A       : (REDACTED) on opa visibility changed %s
11-10 14:02:37.635  2972  3261 I A       : Trying to enqueue PieTriggeringWorker
11-10 14:02:37.636  2768  2768 I A       : (REDACTED) eventData = %s
11-10 14:02:37.639  2768  3242 I NgaEntryPointEventSendr: (REDACTED) State changed: %s => %s
11-10 14:02:37.639  2768  3242 I A       : Logging success flow
11-10 14:02:37.640  2972  2972 I A       : Creating pss binder().
11-10 14:02:37.642  2768  3244 I NgaEntryPointEventSendr: onServiceConnected
11-10 14:02:37.642  2972  7296 I A       : Calling beginBinderSession().
11-10 14:02:37.643  2972  7296 I A       : beginBinderSession(): calling binder
11-10 14:02:37.643  2768  3244 I NgaEntryPointEventSendr: (REDACTED) State changed: %s => %s
11-10 14:02:37.644  2768  3244 I A       : Successfully initialized all components
11-10 14:02:37.664  2972  3256 I A       : (REDACTED) group %s not present %s in %s
11-10 14:02:37.665  2972  3256 I A       : (REDACTED) incrementApaDataDownloadStoreStatus(latency = %s, appVersion = %s, status = %s, locale = %s, fileGroupnames = %s, accountScoped = %s, localGroupsAvailable = %s, timeSinceSearchBoot = %s (%s), timeSinceDataDownloadInit = %s (%s))
11-10 14:02:37.668  2972  3259 I A       : (REDACTED) incrementApaDataDownloadStoreStatusNotFound(appVersion = %s, locale = %s, groupName = %s, accountScoped = %s, foundGroups = %s, status = %s, localGroupsAvailable = %s)
11-10 14:02:37.672  2972  3261 W A       : (REDACTED) %s task was not run. Callback from Service received after client was disposed.
11-10 14:02:37.672  2972  3261 W A       : (REDACTED) %s task was not run. Callback from Service received after client was disposed.
11-10 14:02:37.673  2768  3242 I NgaEntryPointEventSendr: (REDACTED) State changed: %s => %s (%s)
11-10 14:02:37.676  2972  3261 W A       : (REDACTED) %s task was not run. Callback from Service received after client was disposed.
11-10 14:02:37.677  2972  4127 I PBSessionCacheImpl: (REDACTED) Deleted sessionId[%d] from persistence.
11-10 14:02:37.682  2972  3261 W SearchServiceCore: Abort, client detached.
11-10 14:02:37.682  2972  3261 I HttpStreamingTapasSearc: (REDACTED) taskGraphFactory: %s#%d
11-10 14:02:37.851  1794  2270 E GnssHAL_GnssInterface: gnssSvStatusCb: a: input svInfo.flags is 8
11-10 14:02:37.851  1794  2270 E GnssHAL_GnssInterface: gnssSvStatusCb: b: input svInfo.flags is 8
11-10 14:02:37.998  1949  1949 E netmgr  : Failed to open QEMU pipe 'qemud:network': Invalid argument
11-10 14:02:38.022  1967  1967 E wifi_forwarder: RemoteConnection failed to initialize: RemoteConnection failed to open pipe
11-10 14:02:38.475 10429 10429 D AndroidRuntime: >>>>>> START com.android.internal.os.RuntimeInit uid 2000 <<<<<<
11-10 14:02:38.468 10429 10429 W app_process: type=1400 audit(0.0:449): avc: denied { read } for name="u:object_r:device_config_runtime_native_boot_prop:s0" dev="tmpfs" ino=7811 scontext=u:r:shell:s0 tcontext=u:object_r:device_config_runtime_native_boot_prop:s0 tclass=file permissive=0
11-10 14:02:38.477 10429 10429 E libc    : Access denied finding property "persist.device_config.runtime_native_boot.enable_apex_image"
11-10 14:02:38.468 10429 10429 W app_process: type=1400 audit(0.0:450): avc: denied { read } for name="u:object_r:device_config_runtime_native_boot_prop:s0" dev="tmpfs" ino=7811 scontext=u:r:shell:s0 tcontext=u:object_r:device_config_runtime_native_boot_prop:s0 tclass=file permissive=0
11-10 14:02:38.477 10429 10429 I AndroidRuntime: Using default boot image
11-10 14:02:38.477 10429 10429 E libc    : Access denied finding property "persist.device_config.runtime_native_boot.disable_lock_profiling"
11-10 14:02:38.477 10429 10429 I AndroidRuntime: Leaving lock profiling enabled
11-10 14:02:38.477 10429 10429 E libc    : Access denied finding property "persist.device_config.runtime_native_boot.enable_generational_cc"
11-10 14:02:38.468 10429 10429 W app_process: type=1400 audit(0.0:451): avc: denied { read } for name="u:object_r:device_config_runtime_native_boot_prop:s0" dev="tmpfs" ino=7811 scontext=u:r:shell:s0 tcontext=u:object_r:device_config_runtime_native_boot_prop:s0 tclass=file permissive=0
11-10 14:02:38.479 10429 10429 W app_process: Could not reserve sentinel fault page
11-10 14:02:38.517 10429 10429 D ICU     : Time zone APEX file found: /apex/com.android.tzdata/etc/icu/icu_tzdata.dat
11-10 14:02:38.519 10429 10429 W app_process: Unexpected CPU variant for X86 using defaults: x86
11-10 14:02:38.522 10429 10429 I app_process: The ClassLoaderContext is a special shared library.
11-10 14:02:38.523 10429 10429 I app_process: The ClassLoaderContext is a special shared library.
11-10 14:02:38.534 10429 10429 W app_process: JNI RegisterNativeMethods: attempt to register 0 native methods for android.media.AudioAttributes
11-10 14:02:38.537 10429 10429 D AndroidRuntime: Calling main entry com.android.commands.uiautomator.Launcher
11-10 14:02:38.546  2972  3254 I A       : NGA disabled since it's running Panthera and at least one a11y feature is on.
11-10 14:02:38.546  2972  3254 I A       : (REDACTED) Nga state changed to %s
11-10 14:02:38.547  2768  7254 I A       : (REDACTED) APA or Classic session decision: %s.
11-10 14:02:38.550  2768  3244 I A       : Unsubscribed to apa or classic variant change.
11-10 14:02:38.565  2972  3261 I A       : Trying to enqueue PieTriggeringWorker
11-10 14:02:38.567  2768  2768 I A       : (REDACTED) eventData = %s
11-10 14:02:38.567  2768  3244 I A       : Logging success flow
11-10 14:02:38.574  2972  3261 I A       : Trying to enqueue PieTriggeringWorker
11-10 14:02:38.575  2768  2768 I A       : (REDACTED) eventData = %s
11-10 14:02:38.723  3050  3050 I Finsky  : [2] tnj.onStartJob(4): SCH: job service start with id 9474.
11-10 14:02:38.729  3050  3050 I Finsky  : [2] tnj.onStartJob(4): SCH: job service start with id 9484.
11-10 14:02:38.731  3050 10445 I Finsky  : [332] tlp.a(58): SCH: Satisfied jobs for 9474 are: 10-11
11-10 14:02:38.736  3050 10445 I Finsky  : [332] tlp.a(58): SCH: Satisfied jobs for 9484 are: 10-26
11-10 14:02:38.742  3050 10446 I Finsky  : [333] tlv.accept(56): SCH: Job 10-11 starting
11-10 14:02:38.743  3050  3246 I Finsky  : [156] urx.a(69): Running split install cleaner
11-10 14:02:38.749  3050 10446 I Finsky  : [333] tlv.accept(56): SCH: Job 10-26 starting
11-10 14:02:38.753  3050  3245 I Finsky  : [155] tlr.r(4): SCH: jobFinished: 10-26. TimeElapsed: 4ms.
11-10 14:02:38.753  3050 10448 I Finsky  : [335] uoj.accept(16): Removed 0 obsolete sessions.
11-10 14:02:38.755  3050 10448 I Finsky  : [335] uoj.accept(12): Removed 0 corrupted downloaded sessions.
11-10 14:02:38.763  3050 10448 I Finsky  : [335] uoj.accept(23): Finished completion of 0 sessions. Successful: 0. Failed: 0.
11-10 14:02:38.766  3050  3245 I Finsky  : [155] tkt.accept(65): SCH: Scheduling phonesky job Id: 1-1337, CT: 1668106357546, Constraints: [{ L: 22456969, D: 65656969, C: 1, I: 1, N: 1 }]
11-10 14:02:38.767  3050  3246 I Finsky  : [156] tez.apply(46): SCH: Scheduling 1 system job(s)
11-10 14:02:38.768  3050  3246 I Finsky  : [156] tez.apply(52): SCH: Scheduling system job Id: 9486, L: 21855748, D: 65055748, C: false, I: false, N: 1
11-10 14:02:38.770  1779  1779 D Zygote  : Forked child process 10450
11-10 14:02:38.544  2030  2030 V SettingsProvider: Notifying for 0: content://settings/secure/accessibility_enabled
11-10 14:02:38.774  2030  2058 I ActivityManager: Start proc 10450:com.google.android.apps.photos/u0a117 for service {com.google.android.apps.photos/com.google.android.libraries.social.mediamonitor.MediaMonitorJobSchedulerService}
11-10 14:02:38.774  3050 10446 I Finsky  : [333] tnj.a(16): SCH: job service finished with id 9484.
11-10 14:02:38.777 10450 10450 W oid.apps.photo: Unexpected CPU variant for X86 using defaults: x86
11-10 14:02:38.785  3050  3245 I Finsky  : [155] tlr.r(4): SCH: jobFinished: 10-11. TimeElapsed: 44ms.
11-10 14:02:38.795 10450 10450 E oid.apps.photo: Not starting debugger since process cannot load the jdwp agent.
11-10 14:02:38.801  3050  3245 I Finsky  : [155] tkt.accept(65): SCH: Scheduling phonesky job Id: 10-4, CT: 1668106357136, Constraints: [{ L: 1200000, D: 86400000, C: 1, I: 1, N: 0 }]
11-10 14:02:38.801  3050  3245 I Finsky  : [155] tkt.accept(65): SCH: Scheduling phonesky job Id: 26-1414141414, CT: 1668106358768, Constraints: [{ L: 43200000, D: 44100000, C: 1, I: 1, N: 0 }]
11-10 14:02:38.803  3050  3240 I Finsky  : [153] tez.apply(46): SCH: Scheduling 1 system job(s)
11-10 14:02:38.803  3050  3240 I Finsky  : [153] tez.apply(52): SCH: Scheduling system job Id: 9487, L: 598333, D: 43499965, C: false, I: false, N: 0
11-10 14:02:38.809  3050 10446 I Finsky  : [333] tnj.a(16): SCH: job service finished with id 9474.
11-10 14:02:38.853 10450 10450 I oid.apps.photo: The ClassLoaderContext is a special shared library.
11-10 14:02:38.855  1794  2270 E GnssHAL_GnssInterface: gnssSvStatusCb: a: input svInfo.flags is 8
11-10 14:02:38.855  1794  2270 E GnssHAL_GnssInterface: gnssSvStatusCb: b: input svInfo.flags is 8
11-10 14:02:39.214 10450 10493 I XmpUtil : XMP parse: only JPEG file is supported
11-10 14:02:39.567 10429 10429 W AccessibilityNodeInfoDumper: Fetch time: 2ms
11-10 14:02:39.568  2030  5415 W WindowManager: removeWindowToken: Attempted to remove non-existing token: android.os.Binder@a95f8de
11-10 14:02:39.570  2030  2030 V SettingsProvider: Notifying for 0: content://settings/secure/accessibility_enabled
11-10 14:02:39.579  2972  3254 I A       : NGA enabled in interactor.
11-10 14:02:39.579  2972  3254 I A       : (REDACTED) Nga state changed to %s
11-10 14:02:39.580  2768  7254 I A       : Initializing all components
11-10 14:02:39.580  2768  7254 I A       : (REDACTED) APA or Classic session decision: %s.
11-10 14:02:39.580  2768  3242 I A       : (REDACTED) onIsEnabledChanged, isEnabled: %s
11-10 14:02:39.580  2768  3242 W A       : Disposing empty manager. Did you forgot to subscribe observables?
11-10 14:02:39.582  2768  3242 I chatty  : uid=10103(com.google.android.googlequicksearchbox) Lite Thread #0 identical 13 lines
11-10 14:02:39.582  2768  3242 W A       : Disposing empty manager. Did you forgot to subscribe observables?
11-10 14:02:39.582  2768  3242 I A       : (REDACTED) Setting session to type: %s
11-10 14:02:39.582  2768  3242 W A       : Disposing empty manager. Did you forgot to subscribe observables?
11-10 14:02:39.583  2768  3242 I chatty  : uid=10103(com.google.android.googlequicksearchbox) Lite Thread #0 identical 12 lines
11-10 14:02:39.583  2768  3242 W A       : Disposing empty manager. Did you forgot to subscribe observables?
11-10 14:02:39.583  2768  3242 I A       : (REDACTED) onDisabled. Registered: %s
11-10 14:02:39.583  2768  3242 I A       : (REDACTED) on opa visibility changed %s
11-10 14:02:39.584  2768  3242 I A       : (REDACTED) State changed: %s => %s by %s and %s with %s
11-10 14:02:39.584  2768  3242 I A       : (REDACTED) Recognizer choice: (recognizer_type: %s, recognizer_mode: %s, choice_reason: %s)
11-10 14:02:39.585  2768  3244 I NgaEntryPointEventSendr: setupConnection
11-10 14:02:39.585  2768  3242 I A       : (REDACTED) onActiveStateChangeEvent: %s => %s
11-10 14:02:39.586  2768  3242 I A       : (REDACTED) #onActiveStateChangeEvent, newState: %s, previousState: %s.
11-10 14:02:39.587 10429 10429 D AndroidRuntime: Shutting down VM
11-10 14:02:39.592  2768  3244 I NgaEntryPointEventSendr: (REDACTED) State changed: %s => %s
11-10 14:02:39.592  2768  3244 I A       : (REDACTED) stopListening(%s, %s)
11-10 14:02:39.595  2768  3242 I A       : Initialize
11-10 14:02:39.605  2768  3242 I A       : Successfully initialized all components
11-10 14:02:39.606  2972  2972 I A       : Creating pss binder().
11-10 14:02:39.608  2768  3242 I A       : (REDACTED) on opa visibility changed %s
11-10 14:02:39.608  2768  3244 I NgaEntryPointEventSendr: onServiceConnected
11-10 14:02:39.609  2972  8971 I A       : Calling beginBinderSession().
11-10 14:02:39.610  2972  8971 I A       : beginBinderSession(): calling binder
11-10 14:02:39.610  2768  3244 I NgaEntryPointEventSendr: (REDACTED) State changed: %s => %s
11-10 14:02:39.610  2972  3261 I A       : Trying to enqueue PieTriggeringWorker
11-10 14:02:39.611  2768  2768 I A       : (REDACTED) eventData = %s
11-10 14:02:39.611  2768  3244 I A       : Logging success flow
11-10 14:02:39.625  2972  3256 I A       : (REDACTED) group %s not present %s in %s
11-10 14:02:39.626  2972  3256 I A       : (REDACTED) incrementApaDataDownloadStoreStatus(latency = %s, appVersion = %s, status = %s, locale = %s, fileGroupnames = %s, accountScoped = %s, localGroupsAvailable = %s, timeSinceSearchBoot = %s (%s), timeSinceDataDownloadInit = %s (%s))
11-10 14:02:39.628  2972  3259 I A       : (REDACTED) incrementApaDataDownloadStoreStatusNotFound(appVersion = %s, locale = %s, groupName = %s, accountScoped = %s, foundGroups = %s, status = %s, localGroupsAvailable = %s)
11-10 14:02:39.639  2972  3261 W A       : (REDACTED) %s task was not run. Callback from Service received after client was disposed.
11-10 14:02:39.640  2972  4127 I PBSessionCacheImpl: (REDACTED) Deleted sessionId[%d] from persistence.
11-10 14:02:39.640  2768  3244 I NgaEntryPointEventSendr: (REDACTED) State changed: %s => %s (%s)
11-10 14:02:39.642  2972  3261 W SearchServiceCore: Abort, client detached.
11-10 14:02:39.642  2972  3261 I HttpStreamingTapasSearc: (REDACTED) taskGraphFactory: %s#%d
11-10 14:02:39.747  1795  1795 D gralloc_ranchu: gralloc_alloc: Creating ashmem region of size 8298496
11-10 14:02:39.760  1683  1683 I hwservicemanager: getTransport: Cannot find entry android.hardware.graphics.mapper@3.0::IMapper/default in either framework or device manifest.
11-10 14:02:39.760 10502 10502 W Gralloc3: mapper 3.x is not supported
11-10 14:02:39.766 10502 10502 D HostConnection: createUnique: call
11-10 14:02:39.767 10502 10502 D HostConnection: HostConnection::get() New Host Connection established 0xee919d70, tid 10502
11-10 14:02:39.768 10502 10502 D HostConnection: HostComposition ext ANDROID_EMU_CHECKSUM_HELPER_v1 ANDROID_EMU_native_sync_v2 ANDROID_EMU_native_sync_v3 ANDROID_EMU_native_sync_v4 ANDROID_EMU_dma_v1 ANDROID_EMU_direct_mem ANDROID_EMU_host_composition_v1 ANDROID_EMU_host_composition_v2 ANDROID_EMU_YUV420_888_to_NV21 ANDROID_EMU_YUV_Cache ANDROID_EMU_async_unmap_buffer GL_OES_EGL_image_external_essl3 GL_OES_vertex_array_object GL_KHR_texture_compression_astc_ldr ANDROID_EMU_host_side_tracing ANDROID_EMU_gles_max_version_3_0 
11-10 14:02:39.769 10502 10502 D eglCodecCommon: allocate: Ask for block of size 0x1000
11-10 14:02:39.769 10502 10502 D eglCodecCommon: allocate: ioctl allocate returned offset 0x3ff807000 size 0x2000
11-10 14:02:39.777 10502 10502 D eglCodecCommon: allocate: Ask for block of size 0x7ea000
11-10 14:02:39.778 10502 10502 D eglCodecCommon: allocate: ioctl allocate returned offset 0x3ff01e000 size 0x7eb000
11-10 14:02:39.859  1794  2270 E GnssHAL_GnssInterface: gnssSvStatusCb: a: input svInfo.flags is 8
11-10 14:02:39.859  1794  2270 E GnssHAL_GnssInterface: gnssSvStatusCb: b: input svInfo.flags is 8
11-10 14:02:39.891  6861 10510 I MediaProvider: Begin Intent { act=android.intent.action.MEDIA_SCANNER_SCAN_FILE dat=file:///sdcard/screen.png flg=0x1400010 cmp=com.android.providers.media/.MediaService }
11-10 14:02:39.895  6861 10510 W ExifInterface: Invalid image: ExifInterface got an unsupported image format file(ExifInterface supports JPEG and some RAW image formats only) or a corrupted JPEG file to ExifInterface.
11-10 14:02:39.895  6861 10510 W ExifInterface: java.io.IOException: Invalid byte order: ffff8950
11-10 14:02:39.895  6861 10510 W ExifInterface: 	at android.media.ExifInterface.readByteOrder(ExifInterface.java:3121)
11-10 14:02:39.895  6861 10510 W ExifInterface: 	at android.media.ExifInterface.isOrfFormat(ExifInterface.java:2437)
11-10 14:02:39.895  6861 10510 W ExifInterface: 	at android.media.ExifInterface.getMimeType(ExifInterface.java:2315)
11-10 14:02:39.895  6861 10510 W ExifInterface: 	at android.media.ExifInterface.loadAttributes(ExifInterface.java:1753)
11-10 14:02:39.895  6861 10510 W ExifInterface: 	at android.media.ExifInterface.<init>(ExifInterface.java:1447)
11-10 14:02:39.895  6861 10510 W ExifInterface: 	at com.android.providers.media.scan.ModernMediaScanner.scanItemImage(ModernMediaScanner.java:729)
11-10 14:02:39.895  6861 10510 W ExifInterface: 	at com.android.providers.media.scan.ModernMediaScanner.scanItem(ModernMediaScanner.java:502)
11-10 14:02:39.895  6861 10510 W ExifInterface: 	at com.android.providers.media.scan.ModernMediaScanner.access$500(ModernMediaScanner.java:118)
11-10 14:02:39.895  6861 10510 W ExifInterface: 	at com.android.providers.media.scan.ModernMediaScanner$Scan.visitFile(ModernMediaScanner.java:406)
11-10 14:02:39.895  6861 10510 W ExifInterface: 	at com.android.providers.media.scan.ModernMediaScanner$Scan.visitFile(ModernMediaScanner.java:207)
11-10 14:02:39.895  6861 10510 W ExifInterface: 	at java.nio.file.Files.walkFileTree(Files.java:2670)
11-10 14:02:39.895  6861 10510 W ExifInterface: 	at java.nio.file.Files.walkFileTree(Files.java:2742)
11-10 14:02:39.895  6861 10510 W ExifInterface: 	at com.android.providers.media.scan.ModernMediaScanner$Scan.walkFileTree(ModernMediaScanner.java:267)
11-10 14:02:39.895  6861 10510 W ExifInterface: 	at com.android.providers.media.scan.ModernMediaScanner$Scan.run(ModernMediaScanner.java:245)
11-10 14:02:39.895  6861 10510 W ExifInterface: 	at com.android.providers.media.scan.ModernMediaScanner.scanFile(ModernMediaScanner.java:174)
11-10 14:02:39.895  6861 10510 W ExifInterface: 	at com.android.providers.media.MediaService.onScanFile(MediaService.java:164)
11-10 14:02:39.895  6861 10510 W ExifInterface: 	at com.android.providers.media.MediaService.onHandleIntent(MediaService.java:90)
11-10 14:02:39.895  6861 10510 W ExifInterface: 	at android.app.IntentService$ServiceHandler.handleMessage(IntentService.java:78)
11-10 14:02:39.895  6861 10510 W ExifInterface: 	at android.os.Handler.dispatchMessage(Handler.java:107)
11-10 14:02:39.895  6861 10510 W ExifInterface: 	at android.os.Looper.loop(Looper.java:214)
11-10 14:02:39.895  6861 10510 W ExifInterface: 	at android.os.HandlerThread.run(HandlerThread.java:67)
11-10 14:02:39.900  6861 10510 I MediaProvider: End Intent { act=android.intent.action.MEDIA_SCANNER_SCAN_FILE dat=file:///sdcard/screen.png flg=0x1400010 cmp=com.android.providers.media/.MediaService }
11-10 14:02:40.026  5816  9539 I NetworkScheduler.Stats: Task com.google.android.gms/com.google.android.gms.ipa.base.IpaGcmTaskService started execution. cause:9 exec_start_elapsed_seconds: 670 [CONTEXT service_id=218 ]
11-10 14:02:40.032  5816  5816 D BoundBrokerSvc: onBind: Intent { act=com.google.android.gms.scheduler.ACTION_PROXY_SCHEDULE dat=chimera-action:com.google.android.gms.scheduler.ACTION_PROXY_SCHEDULE cmp=com.google.android.gms/.chimera.PersistentApiService }
11-10 14:02:40.032  5816  5816 D BoundBrokerSvc: Loading bound service for intent: Intent { act=com.google.android.gms.scheduler.ACTION_PROXY_SCHEDULE dat=chimera-action:com.google.android.gms.scheduler.ACTION_PROXY_SCHEDULE cmp=com.google.android.gms/.chimera.PersistentApiService }
11-10 14:02:40.041  5816  8039 I NetworkScheduler.Stats: Task com.google.android.gms/com.google.android.gms.ipa.base.IpaGcmTaskService finished executing. cause:9 result: 1 elapsed_millis: 76 uptime_millis: 76 exec_start_elapsed_seconds: 670 [CONTEXT service_id=218 ]
11-10 14:02:40.864  1794  2270 E GnssHAL_GnssInterface: gnssSvStatusCb: a: input svInfo.flags is 8
11-10 14:02:40.864  1794  2270 E GnssHAL_GnssInterface: gnssSvStatusCb: b: input svInfo.flags is 8
11-10 14:02:41.868  1794  2270 E GnssHAL_GnssInterface: gnssSvStatusCb: a: input svInfo.flags is 8
11-10 14:02:41.869  1794  2270 E GnssHAL_GnssInterface: gnssSvStatusCb: b: input svInfo.flags is 8
11-10 14:02:42.190 10514 10514 D AndroidRuntime: >>>>>> START com.android.internal.os.RuntimeInit uid 2000 <<<<<<
11-10 14:02:42.192 10514 10514 E libc    : Access denied finding property "persist.device_config.runtime_native_boot.enable_apex_image"
11-10 14:02:42.192 10514 10514 I AndroidRuntime: Using default boot image
11-10 14:02:42.188 10514 10514 W app_process: type=1400 audit(0.0:452): avc: denied { read } for name="u:object_r:device_config_runtime_native_boot_prop:s0" dev="tmpfs" ino=7811 scontext=u:r:shell:s0 tcontext=u:object_r:device_config_runtime_native_boot_prop:s0 tclass=file permissive=0
11-10 14:02:42.192 10514 10514 E libc    : Access denied finding property "persist.device_config.runtime_native_boot.disable_lock_profiling"
11-10 14:02:42.192 10514 10514 I AndroidRuntime: Leaving lock profiling enabled
