--------- beginning of main
07-11 19:23:04.087  1800  2423 E GnssHAL_GnssInterface: gnssSvStatusCb: a: input svInfo.flags is 8
07-11 19:23:04.087  1800  2423 E GnssHAL_GnssInterface: gnssSvStatusCb: b: input svInfo.flags is 8
07-11 19:23:04.896  7776  7776 D BoundBrokerSvc: onUnbind: Intent { act=com.google.android.gms.scheduler.ACTION_PROXY_SCHEDULE dat=chimera-action:com.google.android.gms.scheduler.ACTION_PROXY_SCHEDULE cmp=com.google.android.gms/.chimera.PersistentApiService }
07-11 19:23:04.896  2034  2061 E memtrack: Couldn't load memtrack module
07-11 19:23:04.896  2034  2061 W android.os.Debug: failed to get memory consumption info: -1
07-11 19:23:04.899  2034  2061 E memtrack: Couldn't load memtrack module
07-11 19:23:04.899  2034  2061 W android.os.Debug: failed to get memory consumption info: -1
07-11 19:23:04.902  2034  2061 E memtrack: Couldn't load memtrack module
07-11 19:23:04.902  2034  2061 W android.os.Debug: failed to get memory consumption info: -1
07-11 19:23:05.089  1800  2423 E GnssHAL_GnssInterface: gnssSvStatusCb: a: input svInfo.flags is 8
07-11 19:23:05.089  1800  2423 E GnssHAL_GnssInterface: gnssSvStatusCb: b: input svInfo.flags is 8
07-11 19:23:06.092  1800  2423 E GnssHAL_GnssInterface: gnssSvStatusCb: a: input svInfo.flags is 8
07-11 19:23:06.093  1800  2423 E GnssHAL_GnssInterface: gnssSvStatusCb: b: input svInfo.flags is 8
--------- beginning of system
07-11 19:23:06.978  2034  2074 W PackageManager: Not removing non-existent package com.german_software_engineers.trainerapp
07-11 19:23:06.997 10065 10065 I abb     : StartCommandInProcess(73657474696e67730067657400656e61 settings.get.ena [truncated])
07-11 19:23:07.000 10065 10065 I abb     : StartCommandInProcess(7061636b61676500696e7374616c6c00 package.install. [truncated])
07-11 19:23:06.987  2034  2034 W Binder:2034_9: type=1400 audit(0.0:10740): avc: denied { getopt } for scontext=u:r:system_server:s0 tcontext=u:r:shell:s0 tclass=unix_stream_socket permissive=0
07-11 19:23:07.047  2034  2034 W Binder:2034_9: type=1400 audit(0.0:10744): avc: denied { getopt } for scontext=u:r:system_server:s0 tcontext=u:r:shell:s0 tclass=unix_stream_socket permissive=0
07-11 19:23:07.094  1800  2423 E GnssHAL_GnssInterface: gnssSvStatusCb: a: input svInfo.flags is 8
07-11 19:23:07.094  1800  2423 E GnssHAL_GnssInterface: gnssSvStatusCb: b: input svInfo.flags is 8
07-11 19:23:07.111  2034  2074 I PackageManager: Un-granting permission android.permission.MANAGE_DOCUMENTS from package com.google.android.youtube (protectionLevel=262146 flags=0x30dbbe45)
07-11 19:23:07.111  2034  2074 I PackageManager: Un-granting permission android.permission.INTERACT_ACROSS_PROFILES from package com.google.android.googlequicksearchbox (protectionLevel=18 flags=0x28dbbec5)
07-11 19:23:07.111  2034  2074 I PackageManager: Un-granting permission android.permission.MANAGE_SOUND_TRIGGER from package com.google.android.googlequicksearchbox (protectionLevel=18 flags=0x28dbbec5)
07-11 19:23:07.111  2034  2074 I PackageManager: Un-granting permission android.permission.MANAGE_USB from package com.google.android.googlequicksearchbox (protectionLevel=18 flags=0x28dbbec5)
07-11 19:23:07.111  2034  2074 I PackageManager: Un-granting permission android.permission.CONTROL_INCALL_EXPERIENCE from package com.google.android.googlequicksearchbox (protectionLevel=18 flags=0x28dbbec5)
07-11 19:23:07.111  2034  2074 I PackageManager: Un-granting permission android.permission.WRITE_APN_SETTINGS from package com.google.android.googlequicksearchbox (protectionLevel=18 flags=0x28dbbec5)
07-11 19:23:07.111  2034  2074 I PackageManager: Un-granting permission android.permission.SUBSTITUTE_SHARE_TARGET_APP_NAME_AND_ICON from package com.google.android.googlequicksearchbox (protectionLevel=18 flags=0x28dbbec5)
07-11 19:23:07.112  2034  2074 I PackageManager: Un-granting permission com.google.android.googleapps.permission.GOOGLE_AUTH from package com.android.providers.calendar (protectionLevel=2 flags=0x30883e45)
07-11 19:23:07.112  2034  2074 I PackageManager: Un-granting permission com.google.android.googleapps.permission.GOOGLE_AUTH.cl from package com.android.providers.calendar (protectionLevel=2 flags=0x30883e45)
07-11 19:23:07.112  2034  2074 I PackageManager: Un-granting permission android.permission.WRITE_SECURE_SETTINGS from package com.google.android.apps.enterprise.dmagent (protectionLevel=50 flags=0x30883e05)
07-11 19:23:07.112  2034  2074 I PackageManager: Un-granting permission android.permission.CONNECTIVITY_INTERNAL from package com.google.android.apps.enterprise.dmagent (protectionLevel=18 flags=0x30883e05)
07-11 19:23:07.112  2034  2074 I PackageManager: Un-granting permission android.permission.MANAGE_USB from package com.google.android.apps.enterprise.dmagent (protectionLevel=18 flags=0x30883e05)
07-11 19:23:07.112  2034  2074 I PackageManager: Un-granting permission android.permission.CHANGE_COMPONENT_ENABLED_STATE from package com.google.android.apps.enterprise.dmagent (protectionLevel=18 flags=0x30883e05)
07-11 19:23:07.112  2034  2074 I PackageManager: Un-granting permission android.permission.MANAGE_CA_CERTIFICATES from package com.google.android.apps.enterprise.dmagent (protectionLevel=18 flags=0x30883e05)
07-11 19:23:07.112  2034  2074 I PackageManager: Un-granting permission android.permission.MANAGE_USERS from package com.google.android.apps.enterprise.dmagent (protectionLevel=18 flags=0x30883e05)
07-11 19:23:07.113  2034  2074 I PackageManager: Un-granting permission com.google.android.setupwizard.READ_DEVICE_ORIGIN from package com.google.android.apps.messaging (protectionLevel=18 flags=0x38cbbe45)
07-11 19:23:07.113  2034  2074 I PackageManager: Un-granting permission android.permission.HIDE_NON_SYSTEM_OVERLAY_WINDOWS from package com.android.vending (protectionLevel=258 flags=0x28cabec5)
07-11 19:23:07.114  2034  2074 I PackageManager: Un-granting permission android.permission.SEND_DOWNLOAD_COMPLETED_INTENTS from package com.android.vending (protectionLevel=2 flags=0x28cabec5)
07-11 19:23:07.114  2034  2074 I PackageManager: Un-granting permission android.permission.BIND_WALLPAPER from package com.android.camera2 (protectionLevel=18 flags=0x20d8bc45)
07-11 19:23:07.115  2034  2074 I PackageManager: Un-granting permission android.permission.REQUEST_INSTALL_PACKAGES from package com.google.android.gm (protectionLevel=66 flags=0x38cbbe45)
07-11 19:23:07.115  2034  2074 I PackageManager: Un-granting permission android.permission.BIND_JOB_SERVICE from package com.google.android.music (protectionLevel=2 flags=0x38cbbe65)
07-11 19:23:07.115  2034  2074 I PackageManager: Un-granting permission android.permission.CONNECTIVITY_USE_RESTRICTED_NETWORKS from package com.google.android.captiveportallogin (protectionLevel=18 flags=0x38c8be45)
07-11 19:23:07.115  2034  2074 I PackageManager: Un-granting permission android.permission.NETWORK_BYPASS_PRIVATE_DNS from package com.google.android.captiveportallogin (protectionLevel=2 flags=0x38c8be45)
07-11 19:23:07.115  2034  2074 I PackageManager: Un-granting permission android.permission.REQUEST_INSTALL_PACKAGES from package com.google.android.apps.docs (protectionLevel=66 flags=0x38cbbe45)
07-11 19:23:07.116  2034  2074 I PackageManager: Un-granting permission android.permission.INTERACT_ACROSS_USERS from package com.google.android.syncadapters.contacts (protectionLevel=50 flags=0x20883e45)
07-11 19:23:07.116  2034  2074 I PackageManager: Un-granting permission android.permission.REQUEST_INSTALL_PACKAGES from package com.android.chrome (protectionLevel=66 flags=0xa0cbbe45)
07-11 19:23:07.116  2034  2074 I PackageManager: Un-granting permission android.permission.CAPTURE_VIDEO_OUTPUT from package com.google.android.gms (protectionLevel=2 flags=0xa0cabec5)
07-11 19:23:07.116  2034  2074 I PackageManager: Un-granting permission android.permission.MANAGE_DEVICE_ADMINS from package com.google.android.gms (protectionLevel=2 flags=0xa0cabec5)
07-11 19:23:07.116  2034  2074 I PackageManager: Un-granting permission android.permission.MANAGE_ACTIVITY_STACKS from package com.google.android.gms (protectionLevel=2 flags=0xa0cabec5)
07-11 19:23:07.117  2034  2074 I PackageManager: Un-granting permission android.permission.CAPTURE_SECURE_VIDEO_OUTPUT from package com.google.android.gms (protectionLevel=2 flags=0xa0cabec5)
07-11 19:23:07.117  2034  2074 I PackageManager: Un-granting permission android.permission.MANAGE_ROLLBACKS from package com.google.android.gms (protectionLevel=514 flags=0xa0cabec5)
07-11 19:23:07.117  2034  2074 I PackageManager: Un-granting permission android.permission.MEDIA_CONTENT_CONTROL from package com.google.android.gms (protectionLevel=18 flags=0xa0cabec5)
07-11 19:23:07.117  2034  2074 I PackageManager: Un-granting permission android.permission.HIDE_NON_SYSTEM_OVERLAY_WINDOWS from package com.google.android.gms (protectionLevel=258 flags=0xa0cabec5)
07-11 19:23:07.117  2034  2074 I PackageManager: Un-granting permission com.google.android.googleapps.permission.GOOGLE_AUTH from package com.google.android.videos (protectionLevel=2 flags=0x30dbbe45)
07-11 19:23:07.117  2034  2074 I PackageManager: Un-granting permission android.permission.WRITE_MEDIA_STORAGE from package com.google.android.apps.photos (protectionLevel=18 flags=0x38d9be45)
07-11 19:23:07.142  2034  2034 W WindowManager: removeWindowToken: Attempted to remove non-existing token: android.os.Binder@ca5f6c6
07-11 19:23:07.154  2034  2074 V BackupManagerService: restoreAtInstall pkg=com.german_software_engineers.trainerapp token=37 restoreSet=0
07-11 19:23:07.155  2034  2074 V BackupManagerService: Finishing install immediately
07-11 19:23:07.156  1687  2324 D vold    : Remounting 10183 as mode default
07-11 19:23:07.158  1687  2365 D vold    : Remounting 10183 as mode default
07-11 19:23:07.159  1687  1700 D vold    : Remounting 10183 as mode default
07-11 19:23:07.160  1687  1687 D vold    : Remounting 10183 as mode default
07-11 19:23:07.161  1781  1781 I netd    : trafficSetNetPermForUids(0, [10183]) <0.42ms>
07-11 19:23:07.147  2034  2034 W Binder:2034_9: type=1400 audit(0.0:10745): avc: denied { getopt } for scontext=u:r:system_server:s0 tcontext=u:r:shell:s0 tclass=unix_stream_socket permissive=0
07-11 19:23:07.162  1845  4201 E         : Couldn't opendir /data/app/vmdl902306686.tmp: No such file or directory
07-11 19:23:07.162  1845  4201 E installd: Failed to delete /data/app/vmdl902306686.tmp: No such file or directory
07-11 19:23:07.164  1687  2360 D vold    : Remounting 10183 as mode default
07-11 19:23:07.181  2034  2034 I RoleManagerService: Granting default permissions...
07-11 19:23:07.188 16242 16242 I Finsky  : [2] pgj.i(0): PackageMonitorReceiverImpl - Received: android.intent.action.PACKAGE_ADDED, [REGQgA75f0FibKWN3F61tKW1NZdKlZyhwGeaKqZsCuU]
07-11 19:23:07.189 16242 16242 I Finsky  : [2] pgx.n(8): Invalidating cached PackageState for com.german_software_engineers.trainerapp
07-11 19:23:07.190 20147 20147 I GsaVoiceInteractionSrv: (REDACTED) O received %s
07-11 19:23:07.193  2034  2122 I InputReader: Reconfiguring input devices.  changes=0x00000010
07-11 19:23:07.194  2034  2050 W BroadcastQueue: Background execution not allowed: receiving Intent { act=android.intent.action.PACKAGE_ADDED dat=package:com.german_software_engineers.trainerapp flg=0x4000010 (has extras) } to com.google.android.packageinstaller/com.android.packageinstaller.PackageInstalledReceiver
07-11 19:23:07.196  2034  2062 W BroadcastQueue: Background execution not allowed: receiving Intent { act=android.intent.action.PACKAGE_ADDED dat=package:com.german_software_engineers.trainerapp flg=0x4000010 (has extras) } to com.android.musicfx/.Compatibility$Receiver
07-11 19:23:07.196  2034  2062 W BroadcastQueue: Background execution not allowed: receiving Intent { act=android.intent.action.PACKAGE_ADDED dat=package:com.german_software_engineers.trainerapp flg=0x4000010 (has extras) } to com.android.vending/com.google.android.finsky.packagemanager.impl.PackageMonitorReceiverImpl$RegisteredReceiver
07-11 19:23:07.196  2034  2062 W BroadcastQueue: Background execution not allowed: receiving Intent { act=android.intent.action.PACKAGE_ADDED dat=package:com.german_software_engineers.trainerapp flg=0x4000010 (has extras) } to com.google.android.gms/.games.chimera.GamesSystemBroadcastReceiverProxy
07-11 19:23:07.197  2034  2062 W BroadcastQueue: Background execution not allowed: receiving Intent { act=android.intent.action.PACKAGE_ADDED dat=package:com.german_software_engineers.trainerapp flg=0x4000010 (has extras) } to com.google.android.gms/.gass.chimera.PackageChangeBroadcastReceiver
07-11 19:23:07.197  2034  2062 W BroadcastQueue: Background execution not allowed: receiving Intent { act=android.intent.action.PACKAGE_ADDED dat=package:com.german_software_engineers.trainerapp flg=0x4000010 (has extras) } to com.google.android.gms/.chimera.GmsIntentOperationService$PersistentTrustedReceiver
07-11 19:23:07.197  2034  2062 W BroadcastQueue: Background execution not allowed: receiving Intent { act=android.intent.action.PACKAGE_ADDED dat=package:com.german_software_engineers.trainerapp flg=0x4000010 (has extras) } to com.google.android.googlequicksearchbox/com.google.android.apps.gsa.googlequicksearchbox.GelStubAppWatcher
07-11 19:23:07.197  2034  2062 W BroadcastQueue: Background execution not allowed: receiving Intent { act=android.intent.action.PACKAGE_ADDED dat=package:com.german_software_engineers.trainerapp flg=0x4000010 (has extras) } to com.google.android.ims/.receivers.RcsAutoStartReceiver
07-11 19:23:07.209  2661  3703 E ActivityThread: Failed to find provider info for com.google.android.apps.wellbeing.api
07-11 19:23:07.233 16242  5612 I Finsky  : [2178] jrm.run(33): Wrote row to frosting DB: 229
07-11 19:23:07.245 16242 16242 I Finsky  : [2] suj.a(8): Clearing split related stale data.
07-11 19:23:07.246 16242  5616 I Finsky  : [2179] ezh.a(19): Asset module storage cleared for package com.german_software_engineers.trainerapp.
07-11 19:23:07.262 16242  5612 I Finsky  : [2178] jrm.run(33): Wrote row to frosting DB: 230
07-11 19:23:07.270 16242 16242 I Finsky  : [2] zaf.c(3): Do not start WearSupportService due to Wear service optimization
07-11 19:23:07.271  7776  5747 I FontLog : Package com.german_software_engineers.trainerapp has no metadata [CONTEXT service_id=132 ]
07-11 19:23:07.271  7776  5747 W GCM     : Unexpected forwarded intent: Intent { act=android.intent.action.PACKAGE_ADDED dat=package:com.german_software_engineers.trainerapp flg=0x4000010 pkg=com.google.android.gms cmp=com.google.android.gms/.chimera.PersistentIntentOperationService (has extras) }
07-11 19:23:07.279  7776  5754 W GCM     : Unexpected forwarded intent: Intent { act=android.intent.action.PACKAGE_ADDED dat=package:com.german_software_engineers.trainerapp flg=0x4000010 pkg=com.google.android.gms cmp=com.google.android.gms/.chimera.PersistentIntentOperationService (has extras) }
07-11 19:23:07.281  2034  2034 W Looper  : Slow dispatch took 100ms main h=android.app.ActivityThread$H c=android.app.-$$Lambda$LoadedApk$ReceiverDispatcher$Args$_BumDX2UKsnxLVrE6UJsJZkotuA@1179a0 m=0
07-11 19:23:07.287 16242  5640 I Finsky  : [2186] aaz.XQ(36): [ContentSync] finished, scheduled=false
07-11 19:23:07.311  2457  2457 D CarrierSvcBindHelper: No carrier app for: 0
07-11 19:23:07.314  4035  5749 I Auth    : [SupervisedAccountIntentOperation] onHandleIntent(): android.intent.action.PACKAGE_ADDED
07-11 19:23:07.322  4035  5760 I BlockstoreStorage: Clearing Blockstore Data for package com.german_software_engineers.trainerapp [CONTEXT service_id=258 ]
07-11 19:23:07.323  4035  5760 I BlockstoreStorage: Keyless data not found or its IsLastInstallationData = false. [CONTEXT service_id=258 ]
07-11 19:23:07.328  4035  4035 D BoundBrokerSvc: onBind: Intent { act=com.google.android.gms.common.BIND_SHARED_PREFS pkg=com.google.android.gms }
07-11 19:23:07.328  4035  4035 D BoundBrokerSvc: Loading bound service for intent: Intent { act=com.google.android.gms.common.BIND_SHARED_PREFS pkg=com.google.android.gms }
07-11 19:23:07.336  2457  2457 D CarrierConfigLoader: mHandler: 9 phoneId: 0
07-11 19:23:07.337  7776  7776 D BoundBrokerSvc: onBind: Intent { act=com.google.android.gms.nearby.exposurenotification.START dat=chimera-action:com.google.android.gms.nearby.exposurenotification.START cmp=com.google.android.gms/.chimera.PersistentApiService }
07-11 19:23:07.337  7776  7776 D BoundBrokerSvc: Loading bound service for intent: Intent { act=com.google.android.gms.nearby.exposurenotification.START dat=chimera-action:com.google.android.gms.nearby.exposurenotification.START cmp=com.google.android.gms/.chimera.PersistentApiService }
07-11 19:23:07.339  4035  4035 D BoundBrokerSvc: onUnbind: Intent { act=com.google.android.gms.common.BIND_SHARED_PREFS pkg=com.google.android.gms }
07-11 19:23:07.351  4557  5698 I ProvidersCache: Provider returned no roots. Possibly naughty: com.google.android.apps.docs.storage
07-11 19:23:07.387  2034  2034 W Looper  : Slow delivery took 203ms main h=android.app.ActivityThread$H c=android.app.-$$Lambda$LoadedApk$ReceiverDispatcher$Args$_BumDX2UKsnxLVrE6UJsJZkotuA@df9e73 m=0
07-11 19:23:07.387  2034  2034 I Telecom : DefaultDialerCache: Refreshing default dialer for user 0: now com.android.dialer: DDC.oR@AgE
07-11 19:23:07.389  2034  2034 V BackupManagerConstants: getFullBackupIntervalMilliseconds(...) returns 86400000
07-11 19:23:07.389  2034  2034 V BackupManagerConstants: getFullBackupRequiredNetworkType(...) returns 2
07-11 19:23:07.389  2034  2034 V BackupManagerConstants: getFullBackupRequireCharging(...) returns true
07-11 19:23:07.394  7776  8417 W ChimeraUtils: Module com.google.android.gms.nearby_en has empty metadata display_name_string_id
07-11 19:23:07.397  4035  4256 I Icing   : IndexChimeraService.getServiceInterface callingPackage=com.google.android.gms componentName=AppsCorpus serviceId=36
07-11 19:23:07.403  2034  2034 W Looper  : Drained
07-11 19:23:07.410  5744  5744 D AndroidRuntime: >>>>>> START com.android.internal.os.RuntimeInit uid 2000 <<<<<<
07-11 19:23:07.411  4035  5101 W Icing   : No valid account for uploading user actions
07-11 19:23:07.419  7776  8417 W ChimeraUtils: Module com.google.android.gms.nearby_en has empty metadata display_name_string_id
07-11 19:23:07.420  5744  5744 E libc    : Access denied finding property "persist.device_config.runtime_native_boot.enable_apex_image"
07-11 19:23:07.420  5744  5744 I AndroidRuntime: Using default boot image
07-11 19:23:07.420  5744  5744 E libc    : Access denied finding property "persist.device_config.runtime_native_boot.disable_lock_profiling"
07-11 19:23:07.420  5744  5744 I AndroidRuntime: Leaving lock profiling enabled
07-11 19:23:07.420  4035  4035 D BoundBrokerSvc: onBind: Intent { act=com.google.android.gms.feedback.internal.IFeedbackService dat=chimera-action:com.google.android.gms.feedback.internal.IFeedbackService cmp=com.google.android.gms/.chimera.GmsBoundBrokerService }
07-11 19:23:07.420  4035  4035 D BoundBrokerSvc: Loading bound service for intent: Intent { act=com.google.android.gms.feedback.internal.IFeedbackService dat=chimera-action:com.google.android.gms.feedback.internal.IFeedbackService cmp=com.google.android.gms/.chimera.GmsBoundBrokerService }
07-11 19:23:07.420  5744  5744 E libc    : Access denied finding property "persist.device_config.runtime_native_boot.enable_generational_cc"
07-11 19:23:07.431  4035  5101 I Icing   : Usage reports ok 0, Failed Usage reports 0, indexed 0, rejected 0
07-11 19:23:07.437  4035  5101 I Icing   : Indexing com.google.android.gms-apps from com.google.android.gms
07-11 19:23:07.479  4035  4256 I Icing   : IndexChimeraService.getServiceInterface callingPackage=com.google.android.gms componentName=null serviceId=30
07-11 19:23:07.497  2034  2046 I system_server: Background concurrent copying GC freed 41364(2500KB) AllocSpace objects, 21(1200KB) LOS objects, 20% free, 23MB/29MB, paused 730us total 336.188ms
07-11 19:23:07.516  4035  5101 W Icing   : No valid account for uploading user actions
07-11 19:23:07.524  4035  5101 I Icing   : Usage reports ok 0, Failed Usage reports 0, indexed 0, rejected 0
07-11 19:23:07.525  4035  5101 I Icing   : Indexing done com.google.android.gms-apps
07-11 19:23:07.578  5744  5744 D ICU     : Time zone APEX file found: /apex/com.android.tzdata/etc/icu/icu_tzdata.dat
07-11 19:23:07.583  5744  5744 W app_process: Unexpected CPU variant for X86 using defaults: x86
07-11 19:23:07.584  5744  5744 I app_process: The ClassLoaderContext is a special shared library.
07-11 19:23:07.605  5744  5744 W app_process: JNI RegisterNativeMethods: attempt to register 0 native methods for android.media.AudioAttributes
07-11 19:23:07.609  5744  5744 D AndroidRuntime: Calling main entry com.android.commands.monkey.Monkey
07-11 19:23:07.611  5744  5744 W Monkey  : args: [-p, com.german_software_engineers.trainerapp, -c, android.intent.category.LAUNCHER, 1]
07-11 19:23:07.611  5744  5744 W Monkey  :  arg: "-p"
07-11 19:23:07.611  5744  5744 W Monkey  :  arg: "com.german_software_engineers.trainerapp"
07-11 19:23:07.611  5744  5744 W Monkey  :  arg: "-c"
07-11 19:23:07.611  5744  5744 W Monkey  :  arg: "android.intent.category.LAUNCHER"
07-11 19:23:07.612  5744  5744 W Monkey  :  arg: "1"
07-11 19:23:07.612  5744  5744 W Monkey  : data="com.german_software_engineers.trainerapp"
07-11 19:23:07.612  5744  5744 W Monkey  : data="android.intent.category.LAUNCHER"
07-11 19:23:07.627  2034  2062 W BroadcastQueue: Skipping deliver [background] BroadcastRecord{48ce0b6 u-1 android.net.conn.CONNECTIVITY_CHANGE} to ReceiverList{f3751b7 5744 (unknown name)/2000/u-1 remote:b2e0178}: process gone or crashing
07-11 19:23:07.644  2034  3840 I ActivityTaskManager: START u0 {act=android.intent.action.MAIN cat=[android.intent.category.LAUNCHER] flg=0x10200000 cmp=com.german_software_engineers.trainerapp/.TrainingsSchedule} from uid 2000
07-11 19:23:07.645  2034  3840 W Binder  : Outgoing transactions from this process must be FLAG_ONEWAY
07-11 19:23:07.645  2034  3840 W Binder  : java.lang.Throwable
07-11 19:23:07.645  2034  3840 W Binder  : 	at android.os.BinderProxy.transact(BinderProxy.java:480)
07-11 19:23:07.645  2034  3840 W Binder  : 	at android.app.IActivityController$Stub$Proxy.activityStarting(IActivityController.java:273)
07-11 19:23:07.645  2034  3840 W Binder  : 	at com.android.server.wm.ActivityStarter.startActivity(ActivityStarter.java:794)
07-11 19:23:07.645  2034  3840 W Binder  : 	at com.android.server.wm.ActivityStarter.startActivity(ActivityStarter.java:583)
07-11 19:23:07.645  2034  3840 W Binder  : 	at com.android.server.wm.ActivityStarter.startActivityMayWait(ActivityStarter.java:1288)
07-11 19:23:07.645  2034  3840 W Binder  : 	at com.android.server.wm.ActivityStarter.execute(ActivityStarter.java:514)
07-11 19:23:07.645  2034  3840 W Binder  : 	at com.android.server.wm.ActivityTaskManagerService.startActivityAsUser(ActivityTaskManagerService.java:1058)
07-11 19:23:07.645  2034  3840 W Binder  : 	at com.android.server.wm.ActivityTaskManagerService.startActivityAsUser(ActivityTaskManagerService.java:1032)
07-11 19:23:07.645  2034  3840 W Binder  : 	at com.android.server.am.ActivityManagerService.startActivityAsUser(ActivityManagerService.java:3504)
07-11 19:23:07.645  2034  3840 W Binder  : 	at android.app.IActivityManager$Stub.onTransact(IActivityManager.java:3537)
07-11 19:23:07.645  2034  3840 W Binder  : 	at com.android.server.am.ActivityManagerService.onTransact(ActivityManagerService.java:2741)
07-11 19:23:07.645  2034  3840 W Binder  : 	at android.os.Binder.execTransactInternal(Binder.java:1021)
07-11 19:23:07.645  2034  3840 W Binder  : 	at android.os.Binder.execTransact(Binder.java:994)
07-11 19:23:07.658  5744  5744 I Monkey  : Events injected: 1
07-11 19:23:07.658  2034  3330 W InputReader: Device has associated, but no associated display id.
07-11 19:23:07.658  2034  3330 I chatty  : uid=1000(system) Binder:2034_13 identical 8 lines
07-11 19:23:07.658  2034  3330 W InputReader: Device has associated, but no associated display id.
07-11 19:23:07.660  2034  2057 E system_server: Invalid ID 0x00000000.
07-11 19:23:07.664  2034  2034 V SettingsProvider: Notifying for 0: content://settings/system/accelerometer_rotation
07-11 19:23:07.676  1782  1782 D Zygote  : Forked child process 5778
07-11 19:23:07.676  5744  5744 I Monkey  : ## Network stats: elapsed time=31ms (0ms mobile, 0ms wifi, 31ms not connected)
07-11 19:23:07.676  5744  5744 I app_process: System.exit called, status: 0
07-11 19:23:07.676  5744  5744 I AndroidRuntime: VM exiting with result code 0.
07-11 19:23:07.664  2034  2034 V SettingsProvider: Notifying for 0: content://settings/system/accelerometer_rotation
07-11 19:23:07.679  2034  2063 I ActivityManager: Start proc 5778:com.german_software_engineers.trainerapp/u0a183 for activity {com.german_software_engineers.trainerapp/com.german_software_engineers.trainerapp.TrainingsSchedule}
07-11 19:23:07.685  1801  1801 D gralloc_ranchu: gralloc_alloc: Creating ashmem region of size 8298496
07-11 19:23:07.689  5778  5778 I eers.trainerap: Not late-enabling -Xcheck:jni (already on)
07-11 19:23:07.705  5778  5778 E eers.trainerap: Unknown bits set in runtime_flags: 0x8000
07-11 19:23:07.706  5778  5778 W eers.trainerap: Unexpected CPU variant for X86 using defaults: x86
07-11 19:23:07.727  2034  3793 W InputReader: Device has associated, but no associated display id.
07-11 19:23:07.732  2034  3793 W ActivityTaskManager: Request to remove task ignored for non-existent task 109
07-11 19:23:07.733  2034  3793 I chatty  : uid=1000(system) Binder:2034_1A identical 28 lines
07-11 19:23:07.733  2034  3793 W InputReader: Device has associated, but no associated display id.
07-11 19:23:07.742  2034  2057 W InputReader: Device has associated, but no associated display id.
07-11 19:23:07.742  2034  2057 I chatty  : uid=1000(system) android.anim identical 8 lines
07-11 19:23:07.742  2034  2057 W InputReader: Device has associated, but no associated display id.
07-11 19:23:07.744  1801  1801 D gralloc_ranchu: gralloc_alloc: Creating ashmem region of size 8298496
07-11 19:23:07.762 20045 20139 I MicroDetectionState: (REDACTED) Should stop hotword detection immediately - %b
07-11 19:23:07.762 20045 20139 I A       : Using proto config with mendel
07-11 19:23:07.762 20045 20139 I A       : Using proto config with mendel
07-11 19:23:07.951  1822  2160 E SurfaceFlinger: ro.sf.lcd_density must be defined as a build property
07-11 19:23:07.952  1822  2583 E SurfaceFlinger: ro.sf.lcd_density must be defined as a build property
07-11 19:23:07.966  5778  5802 D libEGL  : Emulator has host GPU support, qemu.gles is set to 1.
07-11 19:23:07.966  5778  5802 W libc    : Unable to set property "qemu.gles" to "1": connection failed; errno=13 (Permission denied)
07-11 19:23:07.992  5778  5802 D libEGL  : loaded /vendor/lib/egl/libEGL_emulation.so
07-11 19:23:07.996  5778  5802 D libEGL  : loaded /vendor/lib/egl/libGLESv1_CM_emulation.so
07-11 19:23:07.999  5778  5802 D libEGL  : loaded /vendor/lib/egl/libGLESv2_emulation.so
07-11 19:23:08.055  2034  2061 I RoleUserState: Wrote roles.xml successfully
07-11 19:23:08.056  2661  3376 D EGL_emulation: eglMakeCurrent: 0xf5b7ec20: ver 3 0 (tinfo 0xf5bca670)
07-11 19:23:08.064  5778  5778 W eers.trainerap: Accessing hidden method Landroid/view/View;->computeFitSystemWindows(Landroid/graphics/Rect;Landroid/graphics/Rect;)Z (greylist, reflection, allowed)
07-11 19:23:08.064  5778  5778 W eers.trainerap: Accessing hidden method Landroid/view/ViewGroup;->makeOptionalFitsSystemWindows()V (greylist, reflection, allowed)
07-11 19:23:08.085 20045 20312 D EGL_emulation: eglMakeCurrent: 0xe2a1b860: ver 3 0 (tinfo 0xbdeb8b90)
07-11 19:23:08.097  1800  2423 E GnssHAL_GnssInterface: gnssSvStatusCb: a: input svInfo.flags is 8
07-11 19:23:08.097  1800  2423 E GnssHAL_GnssInterface: gnssSvStatusCb: b: input svInfo.flags is 8
07-11 19:23:08.241  4035  4035 D BoundBrokerSvc: onUnbind: Intent { act=com.google.android.gms.checkin.START pkg=com.google.android.gms }
07-11 19:23:08.315  7776  7776 D BoundBrokerSvc: onUnbind: Intent { act=com.google.android.gms.phenotype.service.START pkg=com.google.android.gms }
07-11 19:23:08.397  5778  5800 D HostConnection: HostConnection::get() New Host Connection established 0xdf3ebbe0, tid 5800
07-11 19:23:08.431  5778  5800 D HostConnection: HostComposition ext ANDROID_EMU_CHECKSUM_HELPER_v1 ANDROID_EMU_native_sync_v2 ANDROID_EMU_native_sync_v3 ANDROID_EMU_native_sync_v4 ANDROID_EMU_dma_v1 ANDROID_EMU_direct_mem ANDROID_EMU_host_composition_v1 ANDROID_EMU_host_composition_v2 ANDROID_EMU_YUV420_888_to_NV21 ANDROID_EMU_YUV_Cache ANDROID_EMU_async_unmap_buffer GL_OES_EGL_image_external_essl3 GL_OES_vertex_array_object GL_KHR_texture_compression_astc_ldr ANDROID_EMU_host_side_tracing ANDROID_EMU_gles_max_version_3_0 
07-11 19:23:08.436  5778  5800 W OpenGLRenderer: Failed to choose config with EGL_SWAP_BEHAVIOR_PRESERVED, retrying without...
07-11 19:23:08.436  5778  5800 D eglCodecCommon: setVertexArrayObject: set vao to 0 (0) 0 0
07-11 19:23:08.436  5778  5800 D EGL_emulation: eglCreateContext: 0xf5b7f9a0: maj 3 min 0 rcv 3
07-11 19:23:08.438  5778  5800 D EGL_emulation: eglMakeCurrent: 0xf5b7f9a0: ver 3 0 (tinfo 0xea9dcd80)
07-11 19:23:08.443  1801  1801 D gralloc_ranchu: gralloc_alloc: Creating ashmem region of size 8298496
07-11 19:23:08.449  1684  1684 I hwservicemanager: getTransport: Cannot find entry android.hardware.graphics.mapper@3.0::IMapper/default in either framework or device manifest.
07-11 19:23:08.449  5778  5800 W Gralloc3: mapper 3.x is not supported
07-11 19:23:08.452  5778  5800 D HostConnection: createUnique: call
07-11 19:23:08.452  5778  5800 D HostConnection: HostConnection::get() New Host Connection established 0xdf3ed940, tid 5800
07-11 19:23:08.473  5778  5800 D HostConnection: HostComposition ext ANDROID_EMU_CHECKSUM_HELPER_v1 ANDROID_EMU_native_sync_v2 ANDROID_EMU_native_sync_v3 ANDROID_EMU_native_sync_v4 ANDROID_EMU_dma_v1 ANDROID_EMU_direct_mem ANDROID_EMU_host_composition_v1 ANDROID_EMU_host_composition_v2 ANDROID_EMU_YUV420_888_to_NV21 ANDROID_EMU_YUV_Cache ANDROID_EMU_async_unmap_buffer GL_OES_EGL_image_external_essl3 GL_OES_vertex_array_object GL_KHR_texture_compression_astc_ldr ANDROID_EMU_host_side_tracing ANDROID_EMU_gles_max_version_3_0 
07-11 19:23:08.474  5778  5800 D eglCodecCommon: allocate: Ask for block of size 0x1000
07-11 19:23:08.474  5778  5800 D eglCodecCommon: allocate: ioctl allocate returned offset 0x3ff7fd000 size 0x2000
07-11 19:23:08.475  1801  1801 D gralloc_ranchu: gralloc_alloc: Creating ashmem region of size 8298496
07-11 19:23:08.481  1801  1942 D gralloc_ranchu: gralloc_alloc: Creating ashmem region of size 8298496
07-11 19:23:08.488  5778  5800 D EGL_emulation: eglMakeCurrent: 0xf5b7f9a0: ver 3 0 (tinfo 0xea9dcd80)
07-11 19:23:08.493  5778  5800 D eglCodecCommon: setVertexArrayObject: set vao to 0 (0) 1 0
07-11 19:23:08.559  2034  2061 I ActivityTaskManager: Displayed com.german_software_engineers.trainerapp/.TrainingsSchedule: +910ms
07-11 19:23:08.597 20045  4692 I PBSessionCacheImpl: (REDACTED) Deleted sessionId[%d] from persistence.
07-11 19:23:08.612 20045 20139 I A       : Using proto config with mendel
07-11 19:23:08.616 20045 20139 I A       : Using proto config with mendel
07-11 19:23:08.616 20045 20139 W SearchServiceCore: Abort, client detached.
07-11 19:23:08.630 20045 20139 I MicroDetectionState: (REDACTED) Should stop hotword detection immediately - %b
07-11 19:23:08.631 20045 20139 I A       : Using proto config with mendel
07-11 19:23:08.632 20045 20139 I A       : Using proto config with mendel
07-11 19:23:09.097  1800  2423 E GnssHAL_GnssInterface: gnssSvStatusCb: a: input svInfo.flags is 8
07-11 19:23:09.097  1800  2423 E GnssHAL_GnssInterface: gnssSvStatusCb: b: input svInfo.flags is 8
07-11 19:23:10.101  1800  2423 E GnssHAL_GnssInterface: gnssSvStatusCb: a: input svInfo.flags is 8
07-11 19:23:10.101  1800  2423 E GnssHAL_GnssInterface: gnssSvStatusCb: b: input svInfo.flags is 8
07-11 19:23:11.106  1800  2423 E GnssHAL_GnssInterface: gnssSvStatusCb: a: input svInfo.flags is 8
07-11 19:23:11.106  1800  2423 E GnssHAL_GnssInterface: gnssSvStatusCb: b: input svInfo.flags is 8
07-11 19:23:12.109  1800  2423 E GnssHAL_GnssInterface: gnssSvStatusCb: a: input svInfo.flags is 8
07-11 19:23:12.109  1800  2423 E GnssHAL_GnssInterface: gnssSvStatusCb: b: input svInfo.flags is 8
07-11 19:23:12.219  2661  3703 E ActivityThread: Failed to find provider info for com.google.android.apps.wellbeing.api
07-11 19:23:13.024  2034  2061 E memtrack: Couldn't load memtrack module
07-11 19:23:13.024  2034  2061 W android.os.Debug: failed to get memory consumption info: -1
07-11 19:23:13.113  1800  2423 E GnssHAL_GnssInterface: gnssSvStatusCb: a: input svInfo.flags is 8
07-11 19:23:13.114  1800  2423 E GnssHAL_GnssInterface: gnssSvStatusCb: b: input svInfo.flags is 8
07-11 19:23:14.116  1800  2423 E GnssHAL_GnssInterface: gnssSvStatusCb: a: input svInfo.flags is 8
07-11 19:23:14.116  1800  2423 E GnssHAL_GnssInterface: gnssSvStatusCb: b: input svInfo.flags is 8
07-11 19:23:15.117  1800  2423 E GnssHAL_GnssInterface: gnssSvStatusCb: a: input svInfo.flags is 8
07-11 19:23:15.117  1800  2423 E GnssHAL_GnssInterface: gnssSvStatusCb: b: input svInfo.flags is 8
07-11 19:23:15.433  2034  2067 D KernelCpuUidUserSysTimeReader: Removing uids 10179-10179
07-11 19:23:16.120  1800  2423 E GnssHAL_GnssInterface: gnssSvStatusCb: a: input svInfo.flags is 8
07-11 19:23:16.120  1800  2423 E GnssHAL_GnssInterface: gnssSvStatusCb: b: input svInfo.flags is 8
07-11 19:23:17.123  1800  2423 E GnssHAL_GnssInterface: gnssSvStatusCb: a: input svInfo.flags is 8
07-11 19:23:17.124  1800  2423 E GnssHAL_GnssInterface: gnssSvStatusCb: b: input svInfo.flags is 8
07-11 19:23:18.128  1800  2423 E GnssHAL_GnssInterface: gnssSvStatusCb: a: input svInfo.flags is 8
07-11 19:23:18.128  1800  2423 E GnssHAL_GnssInterface: gnssSvStatusCb: b: input svInfo.flags is 8
07-11 19:23:18.636 20045 20139 I WorkerManager: dispose()
07-11 19:23:18.638 20045 20139 W A       : (REDACTED) Queue length for executor %s is now %d. Perhaps some tasks are too long, or the pool is too small.
07-11 19:23:19.128  1800  2423 E GnssHAL_GnssInterface: gnssSvStatusCb: a: input svInfo.flags is 8
07-11 19:23:19.128  1800  2423 E GnssHAL_GnssInterface: gnssSvStatusCb: b: input svInfo.flags is 8
07-11 19:23:20.128  1800  2423 E GnssHAL_GnssInterface: gnssSvStatusCb: a: input svInfo.flags is 8
07-11 19:23:20.128  1800  2423 E GnssHAL_GnssInterface: gnssSvStatusCb: b: input svInfo.flags is 8
07-11 19:23:21.128  1800  2423 E GnssHAL_GnssInterface: gnssSvStatusCb: a: input svInfo.flags is 8
07-11 19:23:21.128  1800  2423 E GnssHAL_GnssInterface: gnssSvStatusCb: b: input svInfo.flags is 8
07-11 19:23:22.133  1800  2423 E GnssHAL_GnssInterface: gnssSvStatusCb: a: input svInfo.flags is 8
07-11 19:23:22.133  1800  2423 E GnssHAL_GnssInterface: gnssSvStatusCb: b: input svInfo.flags is 8
07-11 19:23:22.413  2034  2061 E memtrack: Couldn't load memtrack module
07-11 19:23:22.413  2034  2061 W android.os.Debug: failed to get memory consumption info: -1
07-11 19:23:22.472  7776  7776 D BoundBrokerSvc: onUnbind: Intent { act=com.google.android.gms.nearby.exposurenotification.START dat=chimera-action:com.google.android.gms.nearby.exposurenotification.START cmp=com.google.android.gms/.chimera.PersistentApiService }
07-11 19:23:22.486  4035  4035 D BoundBrokerSvc: onUnbind: Intent { act=com.google.android.gms.feedback.internal.IFeedbackService dat=chimera-action:com.google.android.gms.feedback.internal.IFeedbackService cmp=com.google.android.gms/.chimera.GmsBoundBrokerService }
07-11 19:23:22.493  2034  3330 I ActivityManager: Killing 4937:com.google.android.apps.maps/u0a114 (adj 985): empty #17
07-11 19:23:22.547  1782  1782 I Zygote  : Process 4937 exited due to signal 9 (Killed)
07-11 19:23:22.560  7776  7776 D BoundBrokerSvc: onUnbind: Intent { act=com.google.android.gms.icing.LIGHTWEIGHT_INDEX_SERVICE dat=chimera-action:com.google.android.gms.icing.LIGHTWEIGHT_INDEX_SERVICE cmp=com.google.android.gms/.chimera.PersistentApiService }
07-11 19:23:22.577  2034  2064 I libprocessgroup: Successfully killed process cgroup uid 10114 pid 4937 in 82ms
07-11 19:23:22.807  2034  2051 I ActivityManager: Killing 4995:com.google.process.gapps/u0a98 (adj 985): empty #17
07-11 19:23:22.855  5808  5808 D AndroidRuntime: >>>>>> START com.android.internal.os.RuntimeInit uid 2000 <<<<<<
07-11 19:23:22.858  5808  5808 E libc    : Access denied finding property "persist.device_config.runtime_native_boot.enable_apex_image"
07-11 19:23:22.858  5808  5808 I AndroidRuntime: Using default boot image
07-11 19:23:22.858  5808  5808 E libc    : Access denied finding property "persist.device_config.runtime_native_boot.disable_lock_profiling"
07-11 19:23:22.858  5808  5808 I AndroidRuntime: Leaving lock profiling enabled
07-11 19:23:22.858  5808  5808 E libc    : Access denied finding property "persist.device_config.runtime_native_boot.enable_generational_cc"
07-11 19:23:22.847  5808  5808 W app_process: type=1400 audit(0.0:10753): avc: denied { read } for name="u:object_r:device_config_runtime_native_boot_prop:s0" dev="tmpfs" ino=167 scontext=u:r:shell:s0 tcontext=u:object_r:device_config_runtime_native_boot_prop:s0 tclass=file permissive=0
07-11 19:23:22.847  5808  5808 W app_process: type=1400 audit(0.0:10754): avc: denied { read } for name="u:object_r:device_config_runtime_native_boot_prop:s0" dev="tmpfs" ino=167 scontext=u:r:shell:s0 tcontext=u:object_r:device_config_runtime_native_boot_prop:s0 tclass=file permissive=0
07-11 19:23:22.875  1782  1782 I Zygote  : Process 4995 exited due to signal 9 (Killed)
07-11 19:23:22.895  2034  2064 I libprocessgroup: Successfully killed process cgroup uid 10098 pid 4995 in 86ms
07-11 19:23:22.918  5808  5808 D ICU     : Time zone APEX file found: /apex/com.android.tzdata/etc/icu/icu_tzdata.dat
07-11 19:23:22.921  5808  5808 W app_process: Unexpected CPU variant for X86 using defaults: x86
07-11 19:23:22.926  5808  5808 I app_process: The ClassLoaderContext is a special shared library.
07-11 19:23:22.937  5808  5808 W app_process: JNI RegisterNativeMethods: attempt to register 0 native methods for android.media.AudioAttributes
07-11 19:23:22.940  5808  5808 D AndroidRuntime: Calling main entry com.android.commands.content.Content
07-11 19:23:22.945  2034  2056 W InputReader: Device has associated, but no associated display id.
07-11 19:23:22.948  2034  2034 V SettingsProvider: Notifying for 0: content://settings/system/accelerometer_rotation
07-11 19:23:22.945  2034  2056 I chatty  : uid=1000(system) android.display identical 8 lines
07-11 19:23:22.945  2034  2056 W InputReader: Device has associated, but no associated display id.
07-11 19:23:22.950  5808  5808 D AndroidRuntime: Shutting down VM
07-11 19:23:23.056  5822  5822 D AndroidRuntime: >>>>>> START com.android.internal.os.RuntimeInit uid 2000 <<<<<<
07-11 19:23:23.047  5822  5822 W app_process: type=1400 audit(0.0:10756): avc: denied { read } for name="u:object_r:device_config_runtime_native_boot_prop:s0" dev="tmpfs" ino=167 scontext=u:r:shell:s0 tcontext=u:object_r:device_config_runtime_native_boot_prop:s0 tclass=file permissive=0
07-11 19:23:23.047  5822  5822 W app_process: type=1400 audit(0.0:10757): avc: denied { read } for name="u:object_r:device_config_runtime_native_boot_prop:s0" dev="tmpfs" ino=167 scontext=u:r:shell:s0 tcontext=u:object_r:device_config_runtime_native_boot_prop:s0 tclass=file permissive=0
07-11 19:23:23.058  5822  5822 E libc    : Access denied finding property "persist.device_config.runtime_native_boot.enable_apex_image"
07-11 19:23:23.058  5822  5822 I AndroidRuntime: Using default boot image
07-11 19:23:23.058  5822  5822 E libc    : Access denied finding property "persist.device_config.runtime_native_boot.disable_lock_profiling"
07-11 19:23:23.058  5822  5822 I AndroidRuntime: Leaving lock profiling enabled
07-11 19:23:23.060  5822  5822 E libc    : Access denied finding property "persist.device_config.runtime_native_boot.enable_generational_cc"
07-11 19:23:23.095  5822  5822 D ICU     : Time zone APEX file found: /apex/com.android.tzdata/etc/icu/icu_tzdata.dat
07-11 19:23:23.099  5822  5822 W app_process: Unexpected CPU variant for X86 using defaults: x86
07-11 19:23:23.102  5822  5822 I app_process: The ClassLoaderContext is a special shared library.
07-11 19:23:23.115  5822  5822 W app_process: JNI RegisterNativeMethods: attempt to register 0 native methods for android.media.AudioAttributes
07-11 19:23:23.117  5822  5822 D AndroidRuntime: Calling main entry com.android.commands.content.Content
07-11 19:23:23.120  2034  2034 V SettingsProvider: Notifying for 0: content://settings/system/user_rotation
07-11 19:23:23.121  5822  5822 D AndroidRuntime: Shutting down VM
07-11 19:23:23.134  1800  2423 E GnssHAL_GnssInterface: gnssSvStatusCb: a: input svInfo.flags is 8
07-11 19:23:23.134  1800  2423 E GnssHAL_GnssInterface: gnssSvStatusCb: b: input svInfo.flags is 8
07-11 19:23:24.006  5854  5854 D AndroidRuntime: >>>>>> START com.android.internal.os.RuntimeInit uid 2000 <<<<<<
07-11 19:23:23.997  5854  5854 W app_process: type=1400 audit(0.0:10759): avc: denied { read } for name="u:object_r:device_config_runtime_native_boot_prop:s0" dev="tmpfs" ino=167 scontext=u:r:shell:s0 tcontext=u:object_r:device_config_runtime_native_boot_prop:s0 tclass=file permissive=0
07-11 19:23:24.007  5854  5854 E libc    : Access denied finding property "persist.device_config.runtime_native_boot.enable_apex_image"
07-11 19:23:24.007  5854  5854 I AndroidRuntime: Using default boot image
07-11 19:23:24.007  5854  5854 E libc    : Access denied finding property "persist.device_config.runtime_native_boot.disable_lock_profiling"
07-11 19:23:24.007  5854  5854 I AndroidRuntime: Leaving lock profiling enabled
07-11 19:23:24.008  5854  5854 E libc    : Access denied finding property "persist.device_config.runtime_native_boot.enable_generational_cc"
07-11 19:23:24.008  5854  5854 W app_process: Could not reserve sentinel fault page
07-11 19:23:23.997  5854  5854 W app_process: type=1400 audit(0.0:10760): avc: denied { read } for name="u:object_r:device_config_runtime_native_boot_prop:s0" dev="tmpfs" ino=167 scontext=u:r:shell:s0 tcontext=u:object_r:device_config_runtime_native_boot_prop:s0 tclass=file permissive=0
07-11 19:23:24.134  1800  2423 E GnssHAL_GnssInterface: gnssSvStatusCb: a: input svInfo.flags is 8
07-11 19:23:24.134  1800  2423 E GnssHAL_GnssInterface: gnssSvStatusCb: b: input svInfo.flags is 8
07-11 19:23:24.266  5854  5854 D ICU     : Time zone APEX file found: /apex/com.android.tzdata/etc/icu/icu_tzdata.dat
07-11 19:23:24.269  5854  5854 W app_process: Unexpected CPU variant for X86 using defaults: x86
07-11 19:23:24.274  5854  5854 I app_process: The ClassLoaderContext is a special shared library.
07-11 19:23:24.275  5854  5854 I app_process: The ClassLoaderContext is a special shared library.
07-11 19:23:24.286  5854  5854 W app_process: JNI RegisterNativeMethods: attempt to register 0 native methods for android.media.AudioAttributes
07-11 19:23:24.288  5854  5854 D AndroidRuntime: Calling main entry com.android.commands.uiautomator.Launcher
07-11 19:23:24.297  2034  2034 V SettingsProvider: Notifying for 0: content://settings/secure/accessibility_enabled
07-11 19:23:24.304 20045 20134 I A       : NGA disabled since it's running Panthera and at least one a11y feature is on.
07-11 19:23:24.305 20045 20134 I A       : (REDACTED) Nga state changed to %s
07-11 19:23:24.307 20147  5258 I A       : (REDACTED) APA or Classic session decision: %s.
07-11 19:23:24.308 20147 20194 I A       : Unsubscribed to apa or classic variant change.
07-11 19:23:25.136  1800  2423 E GnssHAL_GnssInterface: gnssSvStatusCb: a: input svInfo.flags is 8
07-11 19:23:25.136  1800  2423 E GnssHAL_GnssInterface: gnssSvStatusCb: b: input svInfo.flags is 8
07-11 19:23:25.333  5854  5854 W AccessibilityNodeInfoDumper: Fetch time: 3ms
07-11 19:23:25.334  2034  3536 W WindowManager: removeWindowToken: Attempted to remove non-existing token: android.os.Binder@228e098
07-11 19:23:25.336  2034  2034 V SettingsProvider: Notifying for 0: content://settings/secure/accessibility_enabled
07-11 19:23:25.337  2034  2034 V SettingsProvider: Notifying for 0: content://settings/system/accelerometer_rotation
07-11 19:23:25.338  2034  2034 V SettingsProvider: Notifying for 0: content://settings/system/user_rotation
07-11 19:23:25.340 20045 20132 I A       : NGA enabled in interactor.
07-11 19:23:25.340 20045 20132 I A       : (REDACTED) Nga state changed to %s
07-11 19:23:25.342 20147  5258 I A       : Initializing all components
07-11 19:23:25.342 20147  5258 I A       : (REDACTED) APA or Classic session decision: %s.
07-11 19:23:25.342 20147 20195 I A       : (REDACTED) onIsEnabledChanged, isEnabled: %s
07-11 19:23:25.342 20147 20195 W A       : Disposing empty manager. Did you forgot to subscribe observables?
07-11 19:23:25.342 20147 20195 I chatty  : uid=10103(com.google.android.googlequicksearchbox) Lite Thread #1 identical 1 line
07-11 19:23:25.342 20147 20195 W A       : Disposing empty manager. Did you forgot to subscribe observables?
07-11 19:23:25.342 20147 20194 I A       : (REDACTED) State changed: %s => %s by %s and %s with %s
07-11 19:23:25.342 20147 20195 W A       : Disposing empty manager. Did you forgot to subscribe observables?
07-11 19:23:25.343 20147 20195 I chatty  : uid=10103(com.google.android.googlequicksearchbox) Lite Thread #1 identical 7 lines
07-11 19:23:25.343 20147 20195 W A       : Disposing empty manager. Did you forgot to subscribe observables?
07-11 19:23:25.343 20147 20194 I A       : (REDACTED) Recognizer choice: (recognizer_type: %s, recognizer_mode: %s, choice_reason: %s)
07-11 19:23:25.343 20147 20195 W A       : Disposing empty manager. Did you forgot to subscribe observables?
07-11 19:23:25.343 20147 20195 I chatty  : uid=10103(com.google.android.googlequicksearchbox) Lite Thread #1 identical 1 line
07-11 19:23:25.343 20147 20195 W A       : Disposing empty manager. Did you forgot to subscribe observables?
07-11 19:23:25.343 20147 20195 I A       : (REDACTED) Setting session to type: %s
07-11 19:23:25.343 20147 20195 W A       : Disposing empty manager. Did you forgot to subscribe observables?
07-11 19:23:25.344 20147 20195 I chatty  : uid=10103(com.google.android.googlequicksearchbox) Lite Thread #1 identical 10 lines
07-11 19:23:25.344 20147 20195 W A       : Disposing empty manager. Did you forgot to subscribe observables?
07-11 19:23:25.345 20147 20194 I A       : (REDACTED) onActiveStateChangeEvent: %s => %s
07-11 19:23:25.344 20147 20195 W A       : Disposing empty manager. Did you forgot to subscribe observables?
07-11 19:23:25.346 20147 20195 W A       : Disposing empty manager. Did you forgot to subscribe observables?
07-11 19:23:25.347 20147 20195 I A       : (REDACTED) onDisabled. Registered: %s
07-11 19:23:25.355 20147 20194 I A       : (REDACTED) on opa visibility changed %s
07-11 19:23:25.355  5854  5854 D AndroidRuntime: Shutting down VM
07-11 19:23:25.355 20147 20194 I A       : (REDACTED) on opa visibility changed %s
07-11 19:23:25.355 20147 20194 I A       : (REDACTED) stopListening(%s, %s)
07-11 19:23:25.357 20147 20195 I A       : Initialize
07-11 19:23:25.358 20147 20195 I NgaEntryPointEventSendr: setupConnection
07-11 19:23:25.362 20147 20195 I NgaEntryPointEventSendr: (REDACTED) State changed: %s => %s
07-11 19:23:25.363  2034  2061 E memtrack: Couldn't load memtrack module
07-11 19:23:25.363  2034  2061 W android.os.Debug: failed to get memory consumption info: -1
07-11 19:23:25.363 20045 20045 I A       : Creating pss binder().
07-11 19:23:25.365 20147 20195 I NgaEntryPointEventSendr: onServiceConnected
07-11 19:23:25.366 20045 20240 I A       : Calling beginBinderSession().
07-11 19:23:25.367  2034  2061 E memtrack: Couldn't load memtrack module
07-11 19:23:25.367  2034  2061 W android.os.Debug: failed to get memory consumption info: -1
07-11 19:23:25.367 20045 20240 I A       : beginBinderSession(): calling binder
07-11 19:23:25.368 20147 20195 I NgaEntryPointEventSendr: (REDACTED) State changed: %s => %s
07-11 19:23:25.371 20147 20194 I A       : Successfully initialized all components
07-11 19:23:25.380 20045 20145 W CorpusConfigHelper: Invalid input from icing corpus JSON flag.
07-11 19:23:25.380 20045 20145 W CorpusConfigHelper: android.util.MalformedJsonException: Use JsonReader.setLenient(true) to accept malformed JSON at line 123 column 2
07-11 19:23:25.380 20045 20145 W CorpusConfigHelper: 	at android.util.JsonReader.syntaxError(JsonReader.java:1162)
07-11 19:23:25.380 20045 20145 W CorpusConfigHelper: 	at android.util.JsonReader.checkLenient(JsonReader.java:840)
07-11 19:23:25.380 20045 20145 W CorpusConfigHelper: 	at android.util.JsonReader.nextInArray(JsonReader.java:615)
07-11 19:23:25.380 20045 20145 W CorpusConfigHelper: 	at android.util.JsonReader.peek(JsonReader.java:345)
07-11 19:23:25.380 20045 20145 W CorpusConfigHelper: 	at android.util.JsonReader.hasNext(JsonReader.java:321)
07-11 19:23:25.380 20045 20145 W CorpusConfigHelper: 	at com.google.android.apps.gsa.searchbox.c.b.b.k.c(PG:7)
07-11 19:23:25.380 20045 20145 W CorpusConfigHelper: 	at com.google.android.apps.gsa.searchbox.c.b.b.k.<init>(PG:5)
07-11 19:23:25.380 20045 20145 W CorpusConfigHelper: 	at com.google.android.apps.gsa.staticplugins.searchboxroot.features.n.a.c.<init>(PG:16)
07-11 19:23:25.380 20045 20145 W CorpusConfigHelper: 	at com.google.android.apps.gsa.staticplugins.searchboxroot.b.a(PG:14)
07-11 19:23:25.380 20045 20145 W CorpusConfigHelper: 	at com.google.android.apps.gsa.staticplugins.searchboxroot.x.<init>(PG:7)
