11-10 14:01:52.839  2768  3244 W A       : Disposing empty manager. Did you forgot to subscribe observables?
11-10 14:01:52.839  2768  3244 I A       : (REDACTED) onDisabled. Registered: %s
11-10 14:01:52.841  2768  3242 I A       : (REDACTED) on opa visibility changed %s
11-10 14:01:52.841  2768  3242 I A       : (REDACTED) stopListening(%s, %s)
11-10 14:01:52.841  2768  3242 I NgaEntryPointEventSendr: setupConnection
11-10 14:01:52.847  2768  3244 I A       : Initialize
11-10 14:01:52.847  2768  3244 I A       : (REDACTED) on opa visibility changed %s
11-10 14:01:52.849  2972  2972 I A       : Creating pss binder().
11-10 14:01:52.849  2768  3242 I NgaEntryPointEventSendr: (REDACTED) State changed: %s => %s
11-10 14:01:52.855  2768  3244 I NgaEntryPointEventSendr: onServiceConnected
11-10 14:01:52.857  2972  7514 I A       : Calling beginBinderSession().
11-10 14:01:52.857  2972  7514 I A       : beginBinderSession(): calling binder
11-10 14:01:52.857  2768  3244 I NgaEntryPointEventSendr: (REDACTED) State changed: %s => %s
11-10 14:01:52.862  2972  3261 I A       : Trying to enqueue PieTriggeringWorker
11-10 14:01:52.864  2768  2768 I A       : (REDACTED) eventData = %s
11-10 14:01:52.864  2768  3244 I A       : Logging success flow
11-10 14:01:52.867  2768  3244 I A       : Successfully initialized all components
11-10 14:01:52.887  2972  3256 I A       : (REDACTED) group %s not present %s in %s
11-10 14:01:52.887  2972  3256 I A       : (REDACTED) incrementApaDataDownloadStoreStatus(latency = %s, appVersion = %s, status = %s, locale = %s, fileGroupnames = %s, accountScoped = %s, localGroupsAvailable = %s, timeSinceSearchBoot = %s (%s), timeSinceDataDownloadInit = %s (%s))
11-10 14:01:52.888  2972  3259 I A       : (REDACTED) incrementApaDataDownloadStoreStatusNotFound(appVersion = %s, locale = %s, groupName = %s, accountScoped = %s, foundGroups = %s, status = %s, localGroupsAvailable = %s)
11-10 14:01:52.898  2972  3261 W A       : (REDACTED) %s task was not run. Callback from Service received after client was disposed.
11-10 14:01:52.899  2972  3261 W A       : (REDACTED) %s task was not run. Callback from Service received after client was disposed.
11-10 14:01:52.901  2768  3242 I NgaEntryPointEventSendr: (REDACTED) State changed: %s => %s (%s)
11-10 14:01:52.906  2972  3261 W A       : (REDACTED) %s task was not run. Callback from Service received after client was disposed.
11-10 14:01:52.906  2972  4127 I PBSessionCacheImpl: (REDACTED) Deleted sessionId[%d] from persistence.
11-10 14:01:52.910  2972  3261 W SearchServiceCore: Abort, client detached.
11-10 14:01:52.911  2972  3261 I HttpStreamingTapasSearc: (REDACTED) taskGraphFactory: %s#%d
11-10 14:01:53.067 10197 10197 D AndroidRuntime: >>>>>> START com.android.internal.os.RuntimeInit uid 2000 <<<<<<
11-10 14:01:53.058 10197 10197 W app_process: type=1400 audit(0.0:422): avc: denied { read } for name="u:object_r:device_config_runtime_native_boot_prop:s0" dev="tmpfs" ino=7811 scontext=u:r:shell:s0 tcontext=u:object_r:device_config_runtime_native_boot_prop:s0 tclass=file permissive=0
11-10 14:01:53.069 10197 10197 E libc    : Access denied finding property "persist.device_config.runtime_native_boot.enable_apex_image"
11-10 14:01:53.058 10197 10197 W app_process: type=1400 audit(0.0:423): avc: denied { read } for name="u:object_r:device_config_runtime_native_boot_prop:s0" dev="tmpfs" ino=7811 scontext=u:r:shell:s0 tcontext=u:object_r:device_config_runtime_native_boot_prop:s0 tclass=file permissive=0
11-10 14:01:53.069 10197 10197 I AndroidRuntime: Using default boot image
11-10 14:01:53.069 10197 10197 E libc    : Access denied finding property "persist.device_config.runtime_native_boot.disable_lock_profiling"
11-10 14:01:53.069 10197 10197 I AndroidRuntime: Leaving lock profiling enabled
11-10 14:01:53.069 10197 10197 E libc    : Access denied finding property "persist.device_config.runtime_native_boot.enable_generational_cc"
11-10 14:01:53.113 10197 10197 D ICU     : Time zone APEX file found: /apex/com.android.tzdata/etc/icu/icu_tzdata.dat
11-10 14:01:53.116 10197 10197 W app_process: Unexpected CPU variant for X86 using defaults: x86
11-10 14:01:53.118 10197 10197 I app_process: The ClassLoaderContext is a special shared library.
11-10 14:01:53.118 10197 10197 I app_process: The ClassLoaderContext is a special shared library.
11-10 14:01:53.130 10197 10197 W app_process: JNI RegisterNativeMethods: attempt to register 0 native methods for android.media.AudioAttributes
11-10 14:01:53.134 10197 10197 D AndroidRuntime: Calling main entry com.android.commands.uiautomator.Launcher
11-10 14:01:53.147  2972  3166 I A       : NGA disabled since it's running Panthera and at least one a11y feature is on.
11-10 14:01:53.147  2972  3166 I A       : (REDACTED) Nga state changed to %s
11-10 14:01:53.149  2768  7254 I A       : (REDACTED) APA or Classic session decision: %s.
11-10 14:01:53.149  2768  3244 I A       : Unsubscribed to apa or classic variant change.
11-10 14:01:53.173  2972  3261 I A       : Trying to enqueue PieTriggeringWorker
11-10 14:01:53.174  2768  2768 I A       : (REDACTED) eventData = %s
11-10 14:01:53.174  2768  3244 I A       : Logging success flow
11-10 14:01:53.183  2972  3261 I A       : Trying to enqueue PieTriggeringWorker
11-10 14:01:53.185  2768  2768 I A       : (REDACTED) eventData = %s
11-10 14:01:53.695  1794  2270 E GnssHAL_GnssInterface: gnssSvStatusCb: a: input svInfo.flags is 8
11-10 14:01:53.695  1794  2270 E GnssHAL_GnssInterface: gnssSvStatusCb: b: input svInfo.flags is 8
11-10 14:01:54.164 10197 10197 W AccessibilityNodeInfoDumper: Fetch time: 4ms
11-10 14:01:53.142  2030  2030 V SettingsProvider: Notifying for 0: content://settings/secure/accessibility_enabled
11-10 14:01:54.167  2030  2419 W WindowManager: removeWindowToken: Attempted to remove non-existing token: android.os.Binder@1adac37
11-10 14:01:54.168  2030  2030 V SettingsProvider: Notifying for 0: content://settings/secure/accessibility_enabled
11-10 14:01:54.177 10197 10197 D AndroidRuntime: Shutting down VM
11-10 14:01:54.180  2972  3254 I A       : NGA enabled in interactor.
11-10 14:01:54.180  2972  3254 I A       : (REDACTED) Nga state changed to %s
11-10 14:01:54.181  2768  7254 I A       : Initializing all components
11-10 14:01:54.181  2768  7254 I A       : (REDACTED) APA or Classic session decision: %s.
11-10 14:01:54.182  2768  3244 I A       : (REDACTED) onIsEnabledChanged, isEnabled: %s
11-10 14:01:54.182  2768  3244 W A       : Disposing empty manager. Did you forgot to subscribe observables?
11-10 14:01:54.183  2768  3244 I chatty  : uid=10103(com.google.android.googlequicksearchbox) Lite Thread #1 identical 13 lines
11-10 14:01:54.183  2768  3244 W A       : Disposing empty manager. Did you forgot to subscribe observables?
11-10 14:01:54.183  2768  3244 I A       : (REDACTED) Setting session to type: %s
11-10 14:01:54.183  2768  3244 W A       : Disposing empty manager. Did you forgot to subscribe observables?
11-10 14:01:54.184  2768  3244 I chatty  : uid=10103(com.google.android.googlequicksearchbox) Lite Thread #1 identical 6 lines
11-10 14:01:54.185  2768  3244 W A       : Disposing empty manager. Did you forgot to subscribe observables?
11-10 14:01:54.185  2768  3242 I A       : (REDACTED) State changed: %s => %s by %s and %s with %s
11-10 14:01:54.185  2768  3242 I A       : (REDACTED) Recognizer choice: (recognizer_type: %s, recognizer_mode: %s, choice_reason: %s)
11-10 14:01:54.186  2768  3244 W A       : Disposing empty manager. Did you forgot to subscribe observables?
11-10 14:01:54.186  2768  3244 I chatty  : uid=10103(com.google.android.googlequicksearchbox) Lite Thread #1 identical 4 lines
11-10 14:01:54.186  2768  3244 W A       : Disposing empty manager. Did you forgot to subscribe observables?
11-10 14:01:54.186  2768  3244 I A       : (REDACTED) onDisabled. Registered: %s
11-10 14:01:54.187  2768  3242 I A       : (REDACTED) onActiveStateChangeEvent: %s => %s
11-10 14:01:54.187  2768  3242 I A       : (REDACTED) #onActiveStateChangeEvent, newState: %s, previousState: %s.
11-10 14:01:54.189  2768  3242 I NgaEntryPointEventSendr: setupConnection
11-10 14:01:54.194  2768  3244 I A       : Initialize
11-10 14:01:54.196  2768  3244 I A       : (REDACTED) stopListening(%s, %s)
11-10 14:01:54.196  2768  3244 I A       : (REDACTED) on opa visibility changed %s
11-10 14:01:54.196  2768  3244 I A       : (REDACTED) on opa visibility changed %s
11-10 14:01:54.205  2768  3242 I NgaEntryPointEventSendr: (REDACTED) State changed: %s => %s
11-10 14:01:54.208  2972  2972 I A       : Creating pss binder().
11-10 14:01:54.210  2768  3244 I NgaEntryPointEventSendr: onServiceConnected
11-10 14:01:54.210  2972  5120 I A       : Calling beginBinderSession().
11-10 14:01:54.211  2768  3242 I A       : Successfully initialized all components
11-10 14:01:54.212  2972  5120 I A       : beginBinderSession(): calling binder
11-10 14:01:54.214  2768  3244 I NgaEntryPointEventSendr: (REDACTED) State changed: %s => %s
11-10 14:01:54.217  2972  3261 I A       : Trying to enqueue PieTriggeringWorker
11-10 14:01:54.230  2972  3259 I A       : (REDACTED) group %s not present %s in %s
11-10 14:01:54.231  2972  3259 I A       : (REDACTED) incrementApaDataDownloadStoreStatus(latency = %s, appVersion = %s, status = %s, locale = %s, fileGroupnames = %s, accountScoped = %s, localGroupsAvailable = %s, timeSinceSearchBoot = %s (%s), timeSinceDataDownloadInit = %s (%s))
11-10 14:01:54.234  2972  3256 I A       : (REDACTED) incrementApaDataDownloadStoreStatusNotFound(appVersion = %s, locale = %s, groupName = %s, accountScoped = %s, foundGroups = %s, status = %s, localGroupsAvailable = %s)
11-10 14:01:54.235  2972  3261 W A       : (REDACTED) %s task was not run. Callback from Service received after client was disposed.
11-10 14:01:54.235  2972  3261 W A       : (REDACTED) %s task was not run. Callback from Service received after client was disposed.
11-10 14:01:54.235  2768  2768 I A       : (REDACTED) eventData = %s
11-10 14:01:54.235  2768  3242 I A       : Logging success flow
11-10 14:01:54.236  2972  3261 W A       : (REDACTED) %s task was not run. Callback from Service received after client was disposed.
11-10 14:01:54.237  2768  3244 I NgaEntryPointEventSendr: (REDACTED) State changed: %s => %s (%s)
11-10 14:01:54.237  2972  4127 I PBSessionCacheImpl: (REDACTED) Deleted sessionId[%d] from persistence.
11-10 14:01:54.242  2972  3261 W SearchServiceCore: Abort, client detached.
11-10 14:01:54.243  2972  3261 I HttpStreamingTapasSearc: (REDACTED) taskGraphFactory: %s#%d
11-10 14:01:54.398 10219 10219 W app_process: type=1400 audit(0.0:425): avc: denied { read } for name="u:object_r:device_config_runtime_native_boot_prop:s0" dev="tmpfs" ino=7811 scontext=u:r:shell:s0 tcontext=u:object_r:device_config_runtime_native_boot_prop:s0 tclass=file permissive=0
11-10 14:01:54.404 10219 10219 D AndroidRuntime: >>>>>> START com.android.internal.os.RuntimeInit uid 2000 <<<<<<
11-10 14:01:54.406 10219 10219 E libc    : Access denied finding property "persist.device_config.runtime_native_boot.enable_apex_image"
11-10 14:01:54.406 10219 10219 I AndroidRuntime: Using default boot image
11-10 14:01:54.406 10219 10219 E libc    : Access denied finding property "persist.device_config.runtime_native_boot.disable_lock_profiling"
11-10 14:01:54.406 10219 10219 I AndroidRuntime: Leaving lock profiling enabled
11-10 14:01:54.406 10219 10219 E libc    : Access denied finding property "persist.device_config.runtime_native_boot.enable_generational_cc"
11-10 14:01:54.449 10219 10219 D ICU     : Time zone APEX file found: /apex/com.android.tzdata/etc/icu/icu_tzdata.dat
11-10 14:01:54.453 10219 10219 W app_process: Unexpected CPU variant for X86 using defaults: x86
11-10 14:01:54.457 10219 10219 I app_process: The ClassLoaderContext is a special shared library.
11-10 14:01:54.470 10219 10219 W app_process: JNI RegisterNativeMethods: attempt to register 0 native methods for android.media.AudioAttributes
11-10 14:01:54.473 10219 10219 D AndroidRuntime: Calling main entry com.android.commands.monkey.Monkey
11-10 14:01:54.475 10219 10219 W Monkey  : args: [-p, com.german_software_engineers.trainerapp, -c, android.intent.category.LAUNCHER, 1]
11-10 14:01:54.475 10219 10219 W Monkey  :  arg: "-p"
11-10 14:01:54.475 10219 10219 W Monkey  :  arg: "com.german_software_engineers.trainerapp"
11-10 14:01:54.475 10219 10219 W Monkey  :  arg: "-c"
11-10 14:01:54.476 10219 10219 W Monkey  :  arg: "android.intent.category.LAUNCHER"
11-10 14:01:54.476 10219 10219 W Monkey  :  arg: "1"
11-10 14:01:54.476 10219 10219 W Monkey  : data="com.german_software_engineers.trainerapp"
11-10 14:01:54.476 10219 10219 W Monkey  : data="android.intent.category.LAUNCHER"
11-10 14:01:54.489  2030  2057 W BroadcastQueue: Skipping deliver [background] BroadcastRecord{2990b88 u-1 android.net.conn.CONNECTIVITY_CHANGE} to ReceiverList{fdd8921 10219 (unknown name)/2000/u-1 remote:102877a}: process gone or crashing
11-10 14:01:54.501  2030  7011 I ActivityTaskManager: START u0 {act=android.intent.action.MAIN cat=[android.intent.category.LAUNCHER] flg=0x10200000 cmp=com.german_software_engineers.trainerapp/.TrainingsSchedule} from uid 2000
11-10 14:01:54.502  2030  7011 W Binder  : Outgoing transactions from this process must be FLAG_ONEWAY
11-10 14:01:54.502  2030  7011 W Binder  : java.lang.Throwable
11-10 14:01:54.502  2030  7011 W Binder  : 	at android.os.BinderProxy.transact(BinderProxy.java:480)
11-10 14:01:54.502  2030  7011 W Binder  : 	at android.app.IActivityController$Stub$Proxy.activityStarting(IActivityController.java:273)
11-10 14:01:54.502  2030  7011 W Binder  : 	at com.android.server.wm.ActivityStarter.startActivity(ActivityStarter.java:794)
11-10 14:01:54.502  2030  7011 W Binder  : 	at com.android.server.wm.ActivityStarter.startActivity(ActivityStarter.java:583)
11-10 14:01:54.502  2030  7011 W Binder  : 	at com.android.server.wm.ActivityStarter.startActivityMayWait(ActivityStarter.java:1288)
11-10 14:01:54.502  2030  7011 W Binder  : 	at com.android.server.wm.ActivityStarter.execute(ActivityStarter.java:514)
11-10 14:01:54.502  2030  7011 W Binder  : 	at com.android.server.wm.ActivityTaskManagerService.startActivityAsUser(ActivityTaskManagerService.java:1058)
11-10 14:01:54.502  2030  7011 W Binder  : 	at com.android.server.wm.ActivityTaskManagerService.startActivityAsUser(ActivityTaskManagerService.java:1032)
11-10 14:01:54.502  2030  7011 W Binder  : 	at com.android.server.am.ActivityManagerService.startActivityAsUser(ActivityManagerService.java:3504)
11-10 14:01:54.502  2030  7011 W Binder  : 	at android.app.IActivityManager$Stub.onTransact(IActivityManager.java:3537)
11-10 14:01:54.502  2030  7011 W Binder  : 	at com.android.server.am.ActivityManagerService.onTransact(ActivityManagerService.java:2741)
11-10 14:01:54.502  2030  7011 W Binder  : 	at android.os.Binder.execTransactInternal(Binder.java:1021)
11-10 14:01:54.502  2030  7011 W Binder  : 	at android.os.Binder.execTransact(Binder.java:994)
11-10 14:01:54.510 10219 10219 I Monkey  : Events injected: 1
11-10 14:01:54.512  2030  2030 V SettingsProvider: Notifying for 0: content://settings/system/accelerometer_rotation
11-10 14:01:54.514 10219 10219 I Monkey  : ## Network stats: elapsed time=13ms (0ms mobile, 0ms wifi, 13ms not connected)
11-10 14:01:54.515 10219 10219 I app_process: System.exit called, status: 0
11-10 14:01:54.515 10219 10219 I AndroidRuntime: VM exiting with result code 0.
11-10 14:01:54.699  1794  2270 E GnssHAL_GnssInterface: gnssSvStatusCb: a: input svInfo.flags is 8
11-10 14:01:54.699  1794  2270 E GnssHAL_GnssInterface: gnssSvStatusCb: b: input svInfo.flags is 8
11-10 14:01:55.704  1794  2270 E GnssHAL_GnssInterface: gnssSvStatusCb: a: input svInfo.flags is 8
11-10 14:01:55.704  1794  2270 E GnssHAL_GnssInterface: gnssSvStatusCb: b: input svInfo.flags is 8
11-10 14:01:56.704  1794  2270 E GnssHAL_GnssInterface: gnssSvStatusCb: a: input svInfo.flags is 8
11-10 14:01:56.704  1794  2270 E GnssHAL_GnssInterface: gnssSvStatusCb: b: input svInfo.flags is 8
11-10 14:01:57.709  1794  2270 E GnssHAL_GnssInterface: gnssSvStatusCb: a: input svInfo.flags is 8
11-10 14:01:57.709  1794  2270 E GnssHAL_GnssInterface: gnssSvStatusCb: b: input svInfo.flags is 8
11-10 14:01:58.712  1794  2270 E GnssHAL_GnssInterface: gnssSvStatusCb: a: input svInfo.flags is 8
11-10 14:01:58.713  1794  2270 E GnssHAL_GnssInterface: gnssSvStatusCb: b: input svInfo.flags is 8
11-10 14:01:59.715  1794  2270 E GnssHAL_GnssInterface: gnssSvStatusCb: a: input svInfo.flags is 8
11-10 14:01:59.715  1794  2270 E GnssHAL_GnssInterface: gnssSvStatusCb: b: input svInfo.flags is 8
11-10 14:01:59.888  5816  5816 D BoundBrokerSvc: onUnbind: Intent { act=com.google.android.gms.scheduler.ACTION_PROXY_SCHEDULE dat=chimera-action:com.google.android.gms.scheduler.ACTION_PROXY_SCHEDULE cmp=com.google.android.gms/.chimera.PersistentApiService }
11-10 14:02:00.719  1794  2270 E GnssHAL_GnssInterface: gnssSvStatusCb: a: input svInfo.flags is 8
11-10 14:02:00.719  1794  2270 E GnssHAL_GnssInterface: gnssSvStatusCb: b: input svInfo.flags is 8
11-10 14:02:01.720  1794  2270 E GnssHAL_GnssInterface: gnssSvStatusCb: a: input svInfo.flags is 8
11-10 14:02:01.720  1794  2270 E GnssHAL_GnssInterface: gnssSvStatusCb: b: input svInfo.flags is 8
11-10 14:02:02.725  1794  2270 E GnssHAL_GnssInterface: gnssSvStatusCb: a: input svInfo.flags is 8
11-10 14:02:02.725  1794  2270 E GnssHAL_GnssInterface: gnssSvStatusCb: b: input svInfo.flags is 8
11-10 14:02:03.728  1794  2270 E GnssHAL_GnssInterface: gnssSvStatusCb: a: input svInfo.flags is 8
11-10 14:02:03.729  1794  2270 E GnssHAL_GnssInterface: gnssSvStatusCb: b: input svInfo.flags is 8
11-10 14:02:04.733  1794  2270 E GnssHAL_GnssInterface: gnssSvStatusCb: a: input svInfo.flags is 8
11-10 14:02:04.733  1794  2270 E GnssHAL_GnssInterface: gnssSvStatusCb: b: input svInfo.flags is 8
11-10 14:02:05.737  1794  2270 E GnssHAL_GnssInterface: gnssSvStatusCb: a: input svInfo.flags is 8
11-10 14:02:05.737  1794  2270 E GnssHAL_GnssInterface: gnssSvStatusCb: b: input svInfo.flags is 8
11-10 14:02:06.740  1794  2270 E GnssHAL_GnssInterface: gnssSvStatusCb: a: input svInfo.flags is 8
11-10 14:02:06.741  1794  2270 E GnssHAL_GnssInterface: gnssSvStatusCb: b: input svInfo.flags is 8
11-10 14:02:07.743  1794  2270 E GnssHAL_GnssInterface: gnssSvStatusCb: a: input svInfo.flags is 8
11-10 14:02:07.743  1794  2270 E GnssHAL_GnssInterface: gnssSvStatusCb: b: input svInfo.flags is 8
11-10 14:02:08.745  1794  2270 E GnssHAL_GnssInterface: gnssSvStatusCb: a: input svInfo.flags is 8
11-10 14:02:08.745  1794  2270 E GnssHAL_GnssInterface: gnssSvStatusCb: b: input svInfo.flags is 8
11-10 14:02:09.678 10241 10241 W app_process: type=1400 audit(0.0:428): avc: denied { read } for name="u:object_r:device_config_runtime_native_boot_prop:s0" dev="tmpfs" ino=7811 scontext=u:r:shell:s0 tcontext=u:object_r:device_config_runtime_native_boot_prop:s0 tclass=file permissive=0
11-10 14:02:09.684 10241 10241 D AndroidRuntime: >>>>>> START com.android.internal.os.RuntimeInit uid 2000 <<<<<<
11-10 14:02:09.685 10241 10241 E libc    : Access denied finding property "persist.device_config.runtime_native_boot.enable_apex_image"
11-10 14:02:09.685 10241 10241 I AndroidRuntime: Using default boot image
11-10 14:02:09.685 10241 10241 E libc    : Access denied finding property "persist.device_config.runtime_native_boot.disable_lock_profiling"
11-10 14:02:09.685 10241 10241 I AndroidRuntime: Leaving lock profiling enabled
11-10 14:02:09.686 10241 10241 E libc    : Access denied finding property "persist.device_config.runtime_native_boot.enable_generational_cc"
11-10 14:02:09.722 10241 10241 D ICU     : Time zone APEX file found: /apex/com.android.tzdata/etc/icu/icu_tzdata.dat
11-10 14:02:09.726 10241 10241 W app_process: Unexpected CPU variant for X86 using defaults: x86
11-10 14:02:09.728 10241 10241 I app_process: The ClassLoaderContext is a special shared library.
11-10 14:02:09.728 10241 10241 I app_process: The ClassLoaderContext is a special shared library.
11-10 14:02:09.739 10241 10241 W app_process: JNI RegisterNativeMethods: attempt to register 0 native methods for android.media.AudioAttributes
11-10 14:02:09.742 10241 10241 D AndroidRuntime: Calling main entry com.android.commands.uiautomator.Launcher
11-10 14:01:54.513  2030  2030 V SettingsProvider: Notifying for 0: content://settings/system/accelerometer_rotation
11-10 14:02:09.749  2030  2030 V SettingsProvider: Notifying for 0: content://settings/secure/accessibility_enabled
11-10 14:02:09.749  1794  2270 E GnssHAL_GnssInterface: gnssSvStatusCb: a: input svInfo.flags is 8
11-10 14:02:09.749  1794  2270 E GnssHAL_GnssInterface: gnssSvStatusCb: b: input svInfo.flags is 8
11-10 14:02:09.755  2972  3184 I A       : NGA disabled since it's running Panthera and at least one a11y feature is on.
11-10 14:02:09.755  2972  3184 I A       : (REDACTED) Nga state changed to %s
11-10 14:02:09.756  2768  7254 I A       : (REDACTED) APA or Classic session decision: %s.
11-10 14:02:09.756  2768  3242 I A       : Unsubscribed to apa or classic variant change.
11-10 14:02:09.774  2972  3261 I A       : Trying to enqueue PieTriggeringWorker
11-10 14:02:09.777  2768  2768 I A       : (REDACTED) eventData = %s
11-10 14:02:09.778  2768  3242 I A       : Logging success flow
11-10 14:02:09.787  2972  3261 I A       : Trying to enqueue PieTriggeringWorker
11-10 14:02:09.789  2768  2768 I A       : (REDACTED) eventData = %s
11-10 14:02:09.789  2768  3242 I A       : Logging success flow
11-10 14:02:09.797  2972  3261 I A       : Trying to enqueue PieTriggeringWorker
11-10 14:02:09.798  2768  2768 I A       : (REDACTED) eventData = %s
11-10 14:02:10.751  1794  2270 E GnssHAL_GnssInterface: gnssSvStatusCb: a: input svInfo.flags is 8
11-10 14:02:10.752  1794  2270 E GnssHAL_GnssInterface: gnssSvStatusCb: b: input svInfo.flags is 8
11-10 14:02:10.772 10241 10241 W AccessibilityNodeInfoDumper: Fetch time: 4ms
11-10 14:02:10.773  2030  5415 W WindowManager: removeWindowToken: Attempted to remove non-existing token: android.os.Binder@58fb4a3
11-10 14:02:10.774  2030  2030 V SettingsProvider: Notifying for 0: content://settings/secure/accessibility_enabled
11-10 14:02:10.780  2972  3183 I A       : NGA enabled in interactor.
11-10 14:02:10.780  2972  3183 I A       : (REDACTED) Nga state changed to %s
11-10 14:02:10.781 10241 10241 D AndroidRuntime: Shutting down VM
11-10 14:02:10.782  2768  3242 I A       : (REDACTED) on opa visibility changed %s
11-10 14:02:10.787  2768  2805 I A       : Initializing all components
11-10 14:02:10.787  2768  2805 I A       : (REDACTED) APA or Classic session decision: %s.
11-10 14:02:10.787  2768  3244 I A       : (REDACTED) onIsEnabledChanged, isEnabled: %s
11-10 14:02:10.787  2768  3244 W A       : Disposing empty manager. Did you forgot to subscribe observables?
11-10 14:02:10.788  2768  3244 I chatty  : uid=10103(com.google.android.googlequicksearchbox) Lite Thread #1 identical 13 lines
11-10 14:02:10.788  2768  3244 W A       : Disposing empty manager. Did you forgot to subscribe observables?
11-10 14:02:10.788  2768  3244 I A       : (REDACTED) Setting session to type: %s
11-10 14:02:10.788  2768  3244 W A       : Disposing empty manager. Did you forgot to subscribe observables?
11-10 14:02:10.789  2768  3244 I chatty  : uid=10103(com.google.android.googlequicksearchbox) Lite Thread #1 identical 12 lines
11-10 14:02:10.789  2768  3244 W A       : Disposing empty manager. Did you forgot to subscribe observables?
11-10 14:02:10.789  2768  3244 I A       : (REDACTED) onDisabled. Registered: %s
11-10 14:02:10.790  2768  3244 I A       : (REDACTED) State changed: %s => %s by %s and %s with %s
11-10 14:02:10.790  2768  3244 I A       : (REDACTED) Recognizer choice: (recognizer_type: %s, recognizer_mode: %s, choice_reason: %s)
11-10 14:02:10.790  2768  3242 I NgaEntryPointEventSendr: setupConnection
11-10 14:02:10.792  2768  3244 I A       : (REDACTED) onActiveStateChangeEvent: %s => %s
11-10 14:02:10.792  2768  3244 I A       : (REDACTED) #onActiveStateChangeEvent, newState: %s, previousState: %s.
11-10 14:02:10.800  2972  2972 I A       : Creating pss binder().
11-10 14:02:10.800  2768  3242 I NgaEntryPointEventSendr: (REDACTED) State changed: %s => %s
11-10 14:02:10.800  2768  3242 I A       : (REDACTED) on opa visibility changed %s
11-10 14:02:10.800  2768  3242 I A       : (REDACTED) stopListening(%s, %s)
11-10 14:02:10.803  2768  3242 I NgaEntryPointEventSendr: onServiceConnected
11-10 14:02:10.804  2972  6830 I A       : Calling beginBinderSession().
11-10 14:02:10.804  2972  6830 I A       : beginBinderSession(): calling binder
11-10 14:02:10.805  2768  3242 I NgaEntryPointEventSendr: (REDACTED) State changed: %s => %s
11-10 14:02:10.806  2768  3244 I A       : Initialize
11-10 14:02:10.821  2768  3242 I A       : Successfully initialized all components
11-10 14:02:10.824  2972  3259 I A       : (REDACTED) group %s not present %s in %s
11-10 14:02:10.825  2972  3259 I A       : (REDACTED) incrementApaDataDownloadStoreStatus(latency = %s, appVersion = %s, status = %s, locale = %s, fileGroupnames = %s, accountScoped = %s, localGroupsAvailable = %s, timeSinceSearchBoot = %s (%s), timeSinceDataDownloadInit = %s (%s))
11-10 14:02:10.826  2972  3256 I A       : (REDACTED) incrementApaDataDownloadStoreStatusNotFound(appVersion = %s, locale = %s, groupName = %s, accountScoped = %s, foundGroups = %s, status = %s, localGroupsAvailable = %s)
11-10 14:02:10.830  2972  3261 W A       : (REDACTED) %s task was not run. Callback from Service received after client was disposed.
11-10 14:02:10.830  2972  3261 W A       : (REDACTED) %s task was not run. Callback from Service received after client was disposed.
11-10 14:02:10.831  2768  3242 I NgaEntryPointEventSendr: (REDACTED) State changed: %s => %s (%s)
11-10 14:02:10.833  2972  3261 W A       : (REDACTED) %s task was not run. Callback from Service received after client was disposed.
11-10 14:02:10.833  2972  4127 I PBSessionCacheImpl: (REDACTED) Deleted sessionId[%d] from persistence.
11-10 14:02:10.837  2972  3003 I earchbox:searc: Waiting for a blocking GC ProfileSaver
11-10 14:02:10.839  2972  3261 W SearchServiceCore: Abort, client detached.
11-10 14:02:10.839  2972  3261 I HttpStreamingTapasSearc: (REDACTED) taskGraphFactory: %s#%d
11-10 14:02:10.841  2972  3261 I A       : Trying to enqueue PieTriggeringWorker
11-10 14:02:10.843  2768  2768 I A       : (REDACTED) eventData = %s
11-10 14:02:10.843  2768  3244 I A       : Logging success flow
11-10 14:02:10.853  2972  3003 I earchbox:searc: WaitForGcToComplete blocked ProfileSaver on HeapTrim for 15.773ms
11-10 14:02:10.931 10259 10259 D AndroidRuntime: >>>>>> START com.android.internal.os.RuntimeInit uid 2000 <<<<<<
11-10 14:02:10.928 10259 10259 W app_process: type=1400 audit(0.0:431): avc: denied { read } for name="u:object_r:device_config_runtime_native_boot_prop:s0" dev="tmpfs" ino=7811 scontext=u:r:shell:s0 tcontext=u:object_r:device_config_runtime_native_boot_prop:s0 tclass=file permissive=0
11-10 14:02:10.933 10259 10259 E libc    : Access denied finding property "persist.device_config.runtime_native_boot.enable_apex_image"
11-10 14:02:10.933 10259 10259 I AndroidRuntime: Using default boot image
11-10 14:02:10.928 10259 10259 W app_process: type=1400 audit(0.0:432): avc: denied { read } for name="u:object_r:device_config_runtime_native_boot_prop:s0" dev="tmpfs" ino=7811 scontext=u:r:shell:s0 tcontext=u:object_r:device_config_runtime_native_boot_prop:s0 tclass=file permissive=0
11-10 14:02:10.934 10259 10259 E libc    : Access denied finding property "persist.device_config.runtime_native_boot.enable_generational_cc"
11-10 14:02:10.977 10259 10259 D ICU     : Time zone APEX file found: /apex/com.android.tzdata/etc/icu/icu_tzdata.dat
11-10 14:02:10.980 10259 10259 W app_process: Unexpected CPU variant for X86 using defaults: x86
11-10 14:02:10.983 10259 10259 I app_process: The ClassLoaderContext is a special shared library.
11-10 14:02:10.994 10259 10259 W app_process: JNI RegisterNativeMethods: attempt to register 0 native methods for android.media.AudioAttributes
11-10 14:02:10.997 10259 10259 D AndroidRuntime: Calling main entry com.android.commands.input.Input
11-10 14:02:11.007 10259 10259 D AndroidRuntime: Shutting down VM
11-10 14:02:11.015  2030  3804 I ActivityTaskManager: START u0 {cmp=com.german_software_engineers.trainerapp/.TrainingsSchedule} from uid 10182
11-10 14:02:11.022  1785  7055 W audio_hw_generic: Not supplying enough data to HAL, expected position 555328 , only wrote 555240
11-10 14:02:11.081  1807  1991 D AF::Track: interceptBuffer: took 305us to intercept 0 tracks
11-10 14:02:11.083  2030  3804 W InputReader: Device has associated, but no associated display id.
11-10 14:02:11.088  2030  3804 I chatty  : uid=1000(system) Binder:2030_10 identical 48 lines
11-10 14:02:11.089  2030  3804 W InputReader: Device has associated, but no associated display id.
11-10 14:02:11.107  9585  9585 W ActivityThread: handleWindowVisibility: no activity for token android.os.BinderProxy@7919012
11-10 14:02:11.125  1807  1991 D AudioFlinger: mixer(0xf0fd9100) throttle end: throttle time(10)
11-10 14:02:11.178  1795  1889 D gralloc_ranchu: gralloc_alloc: Creating ashmem region of size 8298496
11-10 14:02:11.221  1795  1889 D gralloc_ranchu: gralloc_alloc: Creating ashmem region of size 8298496
11-10 14:02:11.226  9585  9608 D EGL_emulation: eglMakeCurrent: 0xdd76e920: ver 3 0 (tinfo 0xdd7924d0)
11-10 14:02:11.227  1795  1795 D gralloc_ranchu: gralloc_alloc: Creating ashmem region of size 8298496
11-10 14:02:11.236  2030  2052 W InputReader: Device has associated, but no associated display id.
11-10 14:02:11.238  2030  2052 I chatty  : uid=1000(system) android.anim identical 18 lines
11-10 14:02:11.238  2030  2052 W InputReader: Device has associated, but no associated display id.
11-10 14:02:11.238  9585  9608 D EGL_emulation: eglMakeCurrent: 0xdd76e920: ver 3 0 (tinfo 0xdd7924d0)
11-10 14:02:11.285  9585  9608 I chatty  : uid=10182(com.german_software_engineers.trainerapp) RenderThread identical 6 lines
11-10 14:02:11.674  9585  9608 D EGL_emulation: eglMakeCurrent: 0xdd76e920: ver 3 0 (tinfo 0xdd7924d0)
11-10 14:02:11.755  1794  2270 E GnssHAL_GnssInterface: gnssSvStatusCb: a: input svInfo.flags is 8
11-10 14:02:11.755  1794  2270 E GnssHAL_GnssInterface: gnssSvStatusCb: b: input svInfo.flags is 8
11-10 14:02:12.761  1794  2270 E GnssHAL_GnssInterface: gnssSvStatusCb: a: input svInfo.flags is 8
11-10 14:02:12.761  1794  2270 E GnssHAL_GnssInterface: gnssSvStatusCb: b: input svInfo.flags is 8
11-10 14:02:13.763  1794  2270 E GnssHAL_GnssInterface: gnssSvStatusCb: a: input svInfo.flags is 8
11-10 14:02:13.763  1794  2270 E GnssHAL_GnssInterface: gnssSvStatusCb: b: input svInfo.flags is 8
11-10 14:02:14.156  1785  1932 W audio_hw_generic: Not supplying enough data to HAL, expected position 831165 , only wrote 693389
11-10 14:02:14.252  2030  2062 D KernelCpuUidUserSysTimeReader: Removing uids 10134-10134
11-10 14:02:14.765  1794  2270 E GnssHAL_GnssInterface: gnssSvStatusCb: a: input svInfo.flags is 8
11-10 14:02:14.765  1794  2270 E GnssHAL_GnssInterface: gnssSvStatusCb: b: input svInfo.flags is 8
11-10 14:02:14.881  6170 10295 I GmscoreIpa: Starting mediastore instant index [CONTEXT service_id=255 ]
11-10 14:02:14.971 10297 10297 D AndroidRuntime: >>>>>> START com.android.internal.os.RuntimeInit uid 2000 <<<<<<
11-10 14:02:14.968 10297 10297 W app_process: type=1400 audit(0.0:434): avc: denied { read } for name="u:object_r:device_config_runtime_native_boot_prop:s0" dev="tmpfs" ino=7811 scontext=u:r:shell:s0 tcontext=u:object_r:device_config_runtime_native_boot_prop:s0 tclass=file permissive=0
11-10 14:02:14.968 10297 10297 I chatty  : uid=2000(shell) app_process identical 1 line
11-10 14:02:14.968 10297 10297 W app_process: type=1400 audit(0.0:436): avc: denied { read } for name="u:object_r:device_config_runtime_native_boot_prop:s0" dev="tmpfs" ino=7811 scontext=u:r:shell:s0 tcontext=u:object_r:device_config_runtime_native_boot_prop:s0 tclass=file permissive=0
11-10 14:02:14.973 10297 10297 E libc    : Access denied finding property "persist.device_config.runtime_native_boot.enable_apex_image"
11-10 14:02:14.973 10297 10297 I AndroidRuntime: Using default boot image
11-10 14:02:14.974 10297 10297 E libc    : Access denied finding property "persist.device_config.runtime_native_boot.disable_lock_profiling"
11-10 14:02:14.974 10297 10297 I AndroidRuntime: Leaving lock profiling enabled
11-10 14:02:14.974 10297 10297 E libc    : Access denied finding property "persist.device_config.runtime_native_boot.enable_generational_cc"
11-10 14:02:14.976 10297 10297 W app_process: Could not reserve sentinel fault page
11-10 14:02:15.017 10297 10297 D ICU     : Time zone APEX file found: /apex/com.android.tzdata/etc/icu/icu_tzdata.dat
11-10 14:02:15.020 10297 10297 W app_process: Unexpected CPU variant for X86 using defaults: x86
11-10 14:02:15.022 10297 10297 I app_process: The ClassLoaderContext is a special shared library.
11-10 14:02:15.034 10297 10297 W app_process: JNI RegisterNativeMethods: attempt to register 0 native methods for android.media.AudioAttributes
11-10 14:02:15.037 10297 10297 D AndroidRuntime: Calling main entry com.android.commands.monkey.Monkey
11-10 14:02:15.037 10297 10297 W Monkey  : args: [-p, com.german_software_engineers.trainerapp, -c, android.intent.category.LAUNCHER, 1]
11-10 14:02:15.038 10297 10297 W Monkey  :  arg: "-p"
11-10 14:02:15.039 10297 10297 W Monkey  :  arg: "com.german_software_engineers.trainerapp"
11-10 14:02:15.040 10297 10297 W Monkey  :  arg: "-c"
11-10 14:02:15.040 10297 10297 W Monkey  :  arg: "android.intent.category.LAUNCHER"
11-10 14:02:15.040 10297 10297 W Monkey  :  arg: "1"
11-10 14:02:15.040 10297 10297 W Monkey  : data="com.german_software_engineers.trainerapp"
11-10 14:02:15.041 10297 10297 W Monkey  : data="android.intent.category.LAUNCHER"
11-10 14:02:15.053  2030  2057 W BroadcastQueue: Skipping deliver [background] BroadcastRecord{6c42a8e u-1 android.net.conn.CONNECTIVITY_CHANGE} to ReceiverList{e5192af 10297 (unknown name)/2000/u-1 remote:1265190}: process gone or crashing
11-10 14:02:15.065  2030  2419 I ActivityTaskManager: START u0 {act=android.intent.action.MAIN cat=[android.intent.category.LAUNCHER] flg=0x10200000 cmp=com.german_software_engineers.trainerapp/.TrainingsSchedule} from uid 2000
11-10 14:02:15.065  2030  2419 W Binder  : Outgoing transactions from this process must be FLAG_ONEWAY
11-10 14:02:15.065  2030  2419 W Binder  : java.lang.Throwable
11-10 14:02:15.065  2030  2419 W Binder  : 	at android.os.BinderProxy.transact(BinderProxy.java:480)
11-10 14:02:15.065  2030  2419 W Binder  : 	at android.app.IActivityController$Stub$Proxy.activityStarting(IActivityController.java:273)
11-10 14:02:15.065  2030  2419 W Binder  : 	at com.android.server.wm.ActivityStarter.startActivity(ActivityStarter.java:794)
11-10 14:02:15.065  2030  2419 W Binder  : 	at com.android.server.wm.ActivityStarter.startActivity(ActivityStarter.java:583)
11-10 14:02:15.065  2030  2419 W Binder  : 	at com.android.server.wm.ActivityStarter.startActivityMayWait(ActivityStarter.java:1288)
11-10 14:02:15.065  2030  2419 W Binder  : 	at com.android.server.wm.ActivityStarter.execute(ActivityStarter.java:514)
11-10 14:02:15.065  2030  2419 W Binder  : 	at com.android.server.wm.ActivityTaskManagerService.startActivityAsUser(ActivityTaskManagerService.java:1058)
11-10 14:02:15.065  2030  2419 W Binder  : 	at com.android.server.wm.ActivityTaskManagerService.startActivityAsUser(ActivityTaskManagerService.java:1032)
11-10 14:02:15.065  2030  2419 W Binder  : 	at com.android.server.am.ActivityManagerService.startActivityAsUser(ActivityManagerService.java:3504)
11-10 14:02:15.065  2030  2419 W Binder  : 	at android.app.IActivityManager$Stub.onTransact(IActivityManager.java:3537)
11-10 14:02:15.065  2030  2419 W Binder  : 	at com.android.server.am.ActivityManagerService.onTransact(ActivityManagerService.java:2741)
11-10 14:02:15.065  2030  2419 W Binder  : 	at android.os.Binder.execTransactInternal(Binder.java:1021)
11-10 14:02:15.065  2030  2419 W Binder  : 	at android.os.Binder.execTransact(Binder.java:994)
11-10 14:02:15.068 10297 10297 I Monkey  : Events injected: 1
11-10 14:02:15.069  2030  2030 V SettingsProvider: Notifying for 0: content://settings/system/accelerometer_rotation
11-10 14:02:15.073 10297 10297 I Monkey  : ## Network stats: elapsed time=7ms (0ms mobile, 0ms wifi, 7ms not connected)
11-10 14:02:15.073  2030  2051 W InputReader: Device has associated, but no associated display id.
11-10 14:02:15.073  2030  2051 I chatty  : uid=1000(system) android.display identical 8 lines
11-10 14:02:15.073  2030  2051 W InputReader: Device has associated, but no associated display id.
11-10 14:02:15.073 10297 10297 I app_process: System.exit called, status: 0
11-10 14:02:15.073 10297 10297 I AndroidRuntime: VM exiting with result code 0.
11-10 14:02:15.770  1794  2270 E GnssHAL_GnssInterface: gnssSvStatusCb: a: input svInfo.flags is 8
11-10 14:02:15.770  1794  2270 E GnssHAL_GnssInterface: gnssSvStatusCb: b: input svInfo.flags is 8
11-10 14:02:16.775  1794  2270 E GnssHAL_GnssInterface: gnssSvStatusCb: a: input svInfo.flags is 8
11-10 14:02:16.775  1794  2270 E GnssHAL_GnssInterface: gnssSvStatusCb: b: input svInfo.flags is 8
11-10 14:02:17.779  1794  2270 E GnssHAL_GnssInterface: gnssSvStatusCb: a: input svInfo.flags is 8
11-10 14:02:17.779  1794  2270 E GnssHAL_GnssInterface: gnssSvStatusCb: b: input svInfo.flags is 8
11-10 14:02:18.781  1794  2270 E GnssHAL_GnssInterface: gnssSvStatusCb: a: input svInfo.flags is 8
11-10 14:02:18.781  1794  2270 E GnssHAL_GnssInterface: gnssSvStatusCb: b: input svInfo.flags is 8
11-10 14:02:19.786  1794  2270 E GnssHAL_GnssInterface: gnssSvStatusCb: a: input svInfo.flags is 8
11-10 14:02:19.786  1794  2270 E GnssHAL_GnssInterface: gnssSvStatusCb: b: input svInfo.flags is 8
11-10 14:02:20.791  1794  2270 E GnssHAL_GnssInterface: gnssSvStatusCb: a: input svInfo.flags is 8
11-10 14:02:20.791  1794  2270 E GnssHAL_GnssInterface: gnssSvStatusCb: b: input svInfo.flags is 8
11-10 14:02:20.881  2972  3261 I WorkerManager: dispose()
11-10 14:02:20.882  2972  3261 W A       : (REDACTED) Queue length for executor %s is now %d. Perhaps some tasks are too long, or the pool is too small.
11-10 14:02:21.795  1794  2270 E GnssHAL_GnssInterface: gnssSvStatusCb: a: input svInfo.flags is 8
11-10 14:02:21.795  1794  2270 E GnssHAL_GnssInterface: gnssSvStatusCb: b: input svInfo.flags is 8
11-10 14:02:22.797  1794  2270 E GnssHAL_GnssInterface: gnssSvStatusCb: a: input svInfo.flags is 8
11-10 14:02:22.797  1794  2270 E GnssHAL_GnssInterface: gnssSvStatusCb: b: input svInfo.flags is 8
11-10 14:02:23.800  1794  2270 E GnssHAL_GnssInterface: gnssSvStatusCb: a: input svInfo.flags is 8
11-10 14:02:23.800  1794  2270 E GnssHAL_GnssInterface: gnssSvStatusCb: b: input svInfo.flags is 8
11-10 14:02:24.803  1794  2270 E GnssHAL_GnssInterface: gnssSvStatusCb: a: input svInfo.flags is 8
11-10 14:02:24.803  1794  2270 E GnssHAL_GnssInterface: gnssSvStatusCb: b: input svInfo.flags is 8
11-10 14:02:25.807  1794  2270 E GnssHAL_GnssInterface: gnssSvStatusCb: a: input svInfo.flags is 8
11-10 14:02:25.807  1794  2270 E GnssHAL_GnssInterface: gnssSvStatusCb: b: input svInfo.flags is 8
11-10 14:02:25.870  2030  2056 E memtrack: Couldn't load memtrack module
11-10 14:02:25.870  2030  2056 W android.os.Debug: failed to get memory consumption info: -1
11-10 14:02:25.875  2030  2056 E memtrack: Couldn't load memtrack module
11-10 14:02:25.875  2030  2056 W android.os.Debug: failed to get memory consumption info: -1
11-10 14:02:25.878  2030  2056 E memtrack: Couldn't load memtrack module
11-10 14:02:25.878  2030  2056 W android.os.Debug: failed to get memory consumption info: -1
11-10 14:02:25.880  2030  2056 E memtrack: Couldn't load memtrack module
11-10 14:02:25.880  2030  2056 W android.os.Debug: failed to get memory consumption info: -1
11-10 14:02:25.883  2030  2056 E memtrack: Couldn't load memtrack module
11-10 14:02:25.883  2030  2056 W android.os.Debug: failed to get memory consumption info: -1
11-10 14:02:26.812  1794  2270 E GnssHAL_GnssInterface: gnssSvStatusCb: a: input svInfo.flags is 8
11-10 14:02:26.812  1794  2270 E GnssHAL_GnssInterface: gnssSvStatusCb: b: input svInfo.flags is 8
11-10 14:02:27.812  1794  2270 E GnssHAL_GnssInterface: gnssSvStatusCb: a: input svInfo.flags is 8
11-10 14:02:27.813  1794  2270 E GnssHAL_GnssInterface: gnssSvStatusCb: b: input svInfo.flags is 8
11-10 14:02:28.817  1794  2270 E GnssHAL_GnssInterface: gnssSvStatusCb: a: input svInfo.flags is 8
11-10 14:02:28.817  1794  2270 E GnssHAL_GnssInterface: gnssSvStatusCb: b: input svInfo.flags is 8
11-10 14:02:29.821  1794  2270 E GnssHAL_GnssInterface: gnssSvStatusCb: a: input svInfo.flags is 8
11-10 14:02:29.821  1794  2270 E GnssHAL_GnssInterface: gnssSvStatusCb: b: input svInfo.flags is 8
11-10 14:02:30.826  1794  2270 E GnssHAL_GnssInterface: gnssSvStatusCb: a: input svInfo.flags is 8
11-10 14:02:30.826  1794  2270 E GnssHAL_GnssInterface: gnssSvStatusCb: b: input svInfo.flags is 8
11-10 14:02:31.258 10315 10315 W app_process: type=1400 audit(0.0:437): avc: denied { read } for name="u:object_r:device_config_runtime_native_boot_prop:s0" dev="tmpfs" ino=7811 scontext=u:r:shell:s0 tcontext=u:object_r:device_config_runtime_native_boot_prop:s0 tclass=file permissive=0
11-10 14:02:31.268 10315 10315 W app_process: type=1400 audit(0.0:438): avc: denied { read } for name="u:object_r:device_config_runtime_native_boot_prop:s0" dev="tmpfs" ino=7811 scontext=u:r:shell:s0 tcontext=u:object_r:device_config_runtime_native_boot_prop:s0 tclass=file permissive=0
11-10 14:02:31.268 10315 10315 D AndroidRuntime: >>>>>> START com.android.internal.os.RuntimeInit uid 2000 <<<<<<
11-10 14:02:31.270 10315 10315 E libc    : Access denied finding property "persist.device_config.runtime_native_boot.enable_apex_image"
11-10 14:02:31.270 10315 10315 I AndroidRuntime: Using default boot image
11-10 14:02:31.270 10315 10315 E libc    : Access denied finding property "persist.device_config.runtime_native_boot.disable_lock_profiling"
11-10 14:02:31.270 10315 10315 I AndroidRuntime: Leaving lock profiling enabled
11-10 14:02:31.270 10315 10315 E libc    : Access denied finding property "persist.device_config.runtime_native_boot.enable_generational_cc"
11-10 14:02:31.268 10315 10315 W app_process: type=1400 audit(0.0:439): avc: denied { read } for name="u:object_r:device_config_runtime_native_boot_prop:s0" dev="tmpfs" ino=7811 scontext=u:r:shell:s0 tcontext=u:object_r:device_config_runtime_native_boot_prop:s0 tclass=file permissive=0
11-10 14:02:31.344 10315 10315 D ICU     : Time zone APEX file found: /apex/com.android.tzdata/etc/icu/icu_tzdata.dat
11-10 14:02:31.347 10315 10315 W app_process: Unexpected CPU variant for X86 using defaults: x86
11-10 14:02:31.350 10315 10315 I app_process: The ClassLoaderContext is a special shared library.
11-10 14:02:31.350 10315 10315 I app_process: The ClassLoaderContext is a special shared library.
11-10 14:02:31.363 10315 10315 W app_process: JNI RegisterNativeMethods: attempt to register 0 native methods for android.media.AudioAttributes
11-10 14:02:31.365 10315 10315 D AndroidRuntime: Calling main entry com.android.commands.uiautomator.Launcher
11-10 14:02:15.071  2030  2030 V SettingsProvider: Notifying for 0: content://settings/system/accelerometer_rotation
11-10 14:02:31.372  2030  2030 V SettingsProvider: Notifying for 0: content://settings/secure/accessibility_enabled
11-10 14:02:31.385  2972  3184 I A       : NGA disabled since it's running Panthera and at least one a11y feature is on.
11-10 14:02:31.385  2972  3184 I A       : (REDACTED) Nga state changed to %s
11-10 14:02:31.389  2768  7056 I A       : (REDACTED) APA or Classic session decision: %s.
11-10 14:02:31.389  2768  3242 I A       : Unsubscribed to apa or classic variant change.
11-10 14:02:31.413  2972  3261 I A       : Using proto config with mendel
11-10 14:02:31.413  2972  3261 I chatty  : uid=10103(com.google.android.googlequicksearchbox) EventBus0 identical 1 line
11-10 14:02:31.414  2972  3261 I A       : Using proto config with mendel
11-10 14:02:31.414  2972  3261 I A       : (REDACTED) Adding from config to map. Locale: %s modelPrefix: %s Location:%s isSpeakerIdSupported: %b
11-10 14:02:31.414  2972  3261 I chatty  : uid=10103(com.google.android.googlequicksearchbox) EventBus0 identical 1 line
11-10 14:02:31.414  2972  3261 I A       : (REDACTED) Adding from config to map. Locale: %s modelPrefix: %s Location:%s isSpeakerIdSupported: %b
11-10 14:02:31.414  2972  3261 I A       : (REDACTED) Skipping. Expected model: %s Found: %s
11-10 14:02:31.414  2972  3261 I A       : (REDACTED) Adding from config to map. Locale: %s modelPrefix: %s Location:%s isSpeakerIdSupported: %b
11-10 14:02:31.415  2972  3261 I A       : Using proto config with mendel
11-10 14:02:31.415  2972  3261 I chatty  : uid=10103(com.google.android.googlequicksearchbox) EventBus0 identical 1 line
11-10 14:02:31.415  2972  3261 I A       : Using proto config with mendel
11-10 14:02:31.416  2972  3261 I A       : Trying to enqueue PieTriggeringWorker
11-10 14:02:31.417  2972  3261 I MicroDetectionState: (REDACTED) Should stop hotword detection immediately - %b
11-10 14:02:31.419  2768  2768 I A       : (REDACTED) eventData = %s
11-10 14:02:31.419  2768  3242 I A       : Logging success flow
11-10 14:02:31.425  2972  3261 I A       : Trying to enqueue PieTriggeringWorker
11-10 14:02:31.427  2768  2768 I A       : (REDACTED) eventData = %s
11-10 14:02:31.427  2768  3242 I A       : Logging success flow
11-10 14:02:31.433  2972  3261 I A       : Trying to enqueue PieTriggeringWorker
11-10 14:02:31.434  2768  2768 I A       : (REDACTED) eventData = %s
11-10 14:02:31.829  1794  2270 E GnssHAL_GnssInterface: gnssSvStatusCb: a: input svInfo.flags is 8
11-10 14:02:31.829  1794  2270 E GnssHAL_GnssInterface: gnssSvStatusCb: b: input svInfo.flags is 8
11-10 14:02:32.401 10315 10315 W AccessibilityNodeInfoDumper: Fetch time: 3ms
11-10 14:02:32.402  2030  2419 W WindowManager: removeWindowToken: Attempted to remove non-existing token: android.os.Binder@ddc619a
11-10 14:02:32.404  2030  2030 V SettingsProvider: Notifying for 0: content://settings/secure/accessibility_enabled
11-10 14:02:32.412 10315 10315 D AndroidRuntime: Shutting down VM
11-10 14:02:32.418  2972  3254 I A       : NGA enabled in interactor.
11-10 14:02:32.418  2972  3254 I A       : (REDACTED) Nga state changed to %s
11-10 14:02:32.420  2768  7056 I A       : Initializing all components
11-10 14:02:32.420  2768  7056 I A       : (REDACTED) APA or Classic session decision: %s.
11-10 14:02:32.420  2768  3244 I A       : (REDACTED) onIsEnabledChanged, isEnabled: %s
11-10 14:02:32.420  2768  3244 W A       : Disposing empty manager. Did you forgot to subscribe observables?
11-10 14:02:32.421  2768  3244 I chatty  : uid=10103(com.google.android.googlequicksearchbox) Lite Thread #1 identical 13 lines
11-10 14:02:32.421  2768  3244 W A       : Disposing empty manager. Did you forgot to subscribe observables?
11-10 14:02:32.421  2768  3244 I A       : (REDACTED) Setting session to type: %s
11-10 14:02:32.421  2768  3244 W A       : Disposing empty manager. Did you forgot to subscribe observables?
11-10 14:02:32.424  2768  3244 I chatty  : uid=10103(com.google.android.googlequicksearchbox) Lite Thread #1 identical 12 lines
11-10 14:02:32.424  2768  3244 W A       : Disposing empty manager. Did you forgot to subscribe observables?
11-10 14:02:32.425  2768  3244 I A       : (REDACTED) onDisabled. Registered: %s
11-10 14:02:32.426  2768  3244 I A       : (REDACTED) stopListening(%s, %s)
11-10 14:02:32.433  2768  3242 I A       : Initialize
11-10 14:02:32.435  2768  3244 I A       : (REDACTED) State changed: %s => %s by %s and %s with %s
11-10 14:02:32.435  2768  3244 I A       : (REDACTED) Recognizer choice: (recognizer_type: %s, recognizer_mode: %s, choice_reason: %s)
11-10 14:02:32.438  2768  3244 I A       : (REDACTED) onActiveStateChangeEvent: %s => %s
11-10 14:02:32.439  2768  3244 I A       : (REDACTED) #onActiveStateChangeEvent, newState: %s, previousState: %s.
11-10 14:02:32.442  2768  3244 I A       : Nga state changed
11-10 14:02:32.443  2768  3244 I NgaEntryPointEventSendr: setupConnection
11-10 14:02:32.447  2768  3244 I NgaEntryPointEventSendr: (REDACTED) State changed: %s => %s
11-10 14:02:32.447  2768  3244 I A       : (REDACTED) on opa visibility changed %s
11-10 14:02:32.447  2768  3244 I A       : (REDACTED) on opa visibility changed %s
11-10 14:02:32.449  2972  2972 I A       : Creating pss binder().
11-10 14:02:32.451  2972  3261 I A       : Trying to enqueue PieTriggeringWorker
11-10 14:02:32.452  2768  2768 I A       : (REDACTED) eventData = %s
11-10 14:02:32.454  2768  3242 I A       : Logging success flow
11-10 14:02:32.458  2768  3242 I NgaEntryPointEventSendr: onServiceConnected
11-10 14:02:32.458  2972  6830 I A       : Calling beginBinderSession().
11-10 14:02:32.459  2972  6830 I A       : beginBinderSession(): calling binder
11-10 14:02:32.462  2768  3242 I NgaEntryPointEventSendr: (REDACTED) State changed: %s => %s
11-10 14:02:32.463  2768  3244 I A       : Successfully initialized all components
11-10 14:02:32.477  2972  3259 W CorpusConfigHelper: Invalid input from icing corpus JSON flag.
11-10 14:02:32.477  2972  3259 W CorpusConfigHelper: android.util.MalformedJsonException: Use JsonReader.setLenient(true) to accept malformed JSON at line 123 column 2
11-10 14:02:32.477  2972  3259 W CorpusConfigHelper: 	at android.util.JsonReader.syntaxError(JsonReader.java:1162)
