11-10 14:00:49.540  2768  3242 I A       : Logging success flow
11-10 14:00:49.659  1795  1889 D gralloc_ranchu: gralloc_alloc: Creating ashmem region of size 8298496
11-10 14:00:49.671  1683  1683 I hwservicemanager: getTransport: Cannot find entry android.hardware.graphics.mapper@3.0::IMapper/default in either framework or device manifest.
11-10 14:00:49.672  9786  9786 W Gralloc3: mapper 3.x is not supported
11-10 14:00:49.679  9786  9786 D HostConnection: createUnique: call
11-10 14:00:49.679  9786  9786 D HostConnection: HostConnection::get() New Host Connection established 0xf1612d70, tid 9786
11-10 14:00:49.687  9786  9786 D HostConnection: HostComposition ext ANDROID_EMU_CHECKSUM_HELPER_v1 ANDROID_EMU_native_sync_v2 ANDROID_EMU_native_sync_v3 ANDROID_EMU_native_sync_v4 ANDROID_EMU_dma_v1 ANDROID_EMU_direct_mem ANDROID_EMU_host_composition_v1 ANDROID_EMU_host_composition_v2 ANDROID_EMU_YUV420_888_to_NV21 ANDROID_EMU_YUV_Cache ANDROID_EMU_async_unmap_buffer GL_OES_EGL_image_external_essl3 GL_OES_vertex_array_object GL_KHR_texture_compression_astc_ldr ANDROID_EMU_host_side_tracing ANDROID_EMU_gles_max_version_3_0 
11-10 14:00:49.687  9786  9786 D eglCodecCommon: allocate: Ask for block of size 0x1000
11-10 14:00:49.687  9786  9786 D eglCodecCommon: allocate: ioctl allocate returned offset 0x3ff807000 size 0x2000
11-10 14:00:49.702  9786  9786 D eglCodecCommon: allocate: Ask for block of size 0x7ea000
11-10 14:00:49.702  9786  9786 D eglCodecCommon: allocate: ioctl allocate returned offset 0x3ff01e000 size 0x7eb000
11-10 14:00:49.828  6861  9794 I MediaProvider: Begin Intent { act=android.intent.action.MEDIA_SCANNER_SCAN_FILE dat=file:///sdcard/screen.png flg=0x1400010 cmp=com.android.providers.media/.MediaService }
11-10 14:00:49.837  6861  9794 W ExifInterface: Invalid image: ExifInterface got an unsupported image format file(ExifInterface supports JPEG and some RAW image formats only) or a corrupted JPEG file to ExifInterface.
11-10 14:00:49.837  6861  9794 W ExifInterface: java.io.IOException: Invalid byte order: ffff8950
11-10 14:00:49.837  6861  9794 W ExifInterface: 	at android.media.ExifInterface.readByteOrder(ExifInterface.java:3121)
11-10 14:00:49.837  6861  9794 W ExifInterface: 	at android.media.ExifInterface.isOrfFormat(ExifInterface.java:2437)
11-10 14:00:49.837  6861  9794 W ExifInterface: 	at android.media.ExifInterface.getMimeType(ExifInterface.java:2315)
11-10 14:00:49.837  6861  9794 W ExifInterface: 	at android.media.ExifInterface.loadAttributes(ExifInterface.java:1753)
11-10 14:00:49.837  6861  9794 W ExifInterface: 	at android.media.ExifInterface.<init>(ExifInterface.java:1447)
11-10 14:00:49.837  6861  9794 W ExifInterface: 	at com.android.providers.media.scan.ModernMediaScanner.scanItemImage(ModernMediaScanner.java:729)
11-10 14:00:49.837  6861  9794 W ExifInterface: 	at com.android.providers.media.scan.ModernMediaScanner.scanItem(ModernMediaScanner.java:502)
11-10 14:00:49.837  6861  9794 W ExifInterface: 	at com.android.providers.media.scan.ModernMediaScanner.access$500(ModernMediaScanner.java:118)
11-10 14:00:49.837  6861  9794 W ExifInterface: 	at com.android.providers.media.scan.ModernMediaScanner$Scan.visitFile(ModernMediaScanner.java:406)
11-10 14:00:49.837  6861  9794 W ExifInterface: 	at com.android.providers.media.scan.ModernMediaScanner$Scan.visitFile(ModernMediaScanner.java:207)
11-10 14:00:49.837  6861  9794 W ExifInterface: 	at java.nio.file.Files.walkFileTree(Files.java:2670)
11-10 14:00:49.837  6861  9794 W ExifInterface: 	at java.nio.file.Files.walkFileTree(Files.java:2742)
11-10 14:00:49.837  6861  9794 W ExifInterface: 	at com.android.providers.media.scan.ModernMediaScanner$Scan.walkFileTree(ModernMediaScanner.java:267)
11-10 14:00:49.837  6861  9794 W ExifInterface: 	at com.android.providers.media.scan.ModernMediaScanner$Scan.run(ModernMediaScanner.java:245)
11-10 14:00:49.837  6861  9794 W ExifInterface: 	at com.android.providers.media.scan.ModernMediaScanner.scanFile(ModernMediaScanner.java:174)
11-10 14:00:49.837  6861  9794 W ExifInterface: 	at com.android.providers.media.MediaService.onScanFile(MediaService.java:164)
11-10 14:00:49.837  6861  9794 W ExifInterface: 	at com.android.providers.media.MediaService.onHandleIntent(MediaService.java:90)
11-10 14:00:49.837  6861  9794 W ExifInterface: 	at android.app.IntentService$ServiceHandler.handleMessage(IntentService.java:78)
11-10 14:00:49.837  6861  9794 W ExifInterface: 	at android.os.Handler.dispatchMessage(Handler.java:107)
11-10 14:00:49.837  6861  9794 W ExifInterface: 	at android.os.Looper.loop(Looper.java:214)
11-10 14:00:49.837  6861  9794 W ExifInterface: 	at android.os.HandlerThread.run(HandlerThread.java:67)
11-10 14:00:49.844  6861  9794 I MediaProvider: End Intent { act=android.intent.action.MEDIA_SCANNER_SCAN_FILE dat=file:///sdcard/screen.png flg=0x1400010 cmp=com.android.providers.media/.MediaService }
11-10 14:00:49.982  5816  8039 I NetworkScheduler.Stats: Task com.google.android.gms/com.google.android.gms.ipa.base.IpaGcmTaskService started execution. cause:9 exec_start_elapsed_seconds: 560 [CONTEXT service_id=218 ]
11-10 14:00:49.988  5816  5816 D BoundBrokerSvc: onBind: Intent { act=com.google.android.gms.scheduler.ACTION_PROXY_SCHEDULE dat=chimera-action:com.google.android.gms.scheduler.ACTION_PROXY_SCHEDULE cmp=com.google.android.gms/.chimera.PersistentApiService }
11-10 14:00:49.988  5816  5816 D BoundBrokerSvc: Loading bound service for intent: Intent { act=com.google.android.gms.scheduler.ACTION_PROXY_SCHEDULE dat=chimera-action:com.google.android.gms.scheduler.ACTION_PROXY_SCHEDULE cmp=com.google.android.gms/.chimera.PersistentApiService }
11-10 14:00:49.992  5816  9541 I NetworkScheduler.Stats: Task com.google.android.gms/com.google.android.gms.ipa.base.IpaGcmTaskService finished executing. cause:9 result: 1 elapsed_millis: 77 uptime_millis: 77 exec_start_elapsed_seconds: 560 [CONTEXT service_id=218 ]
11-10 14:00:50.476  1794  2270 E GnssHAL_GnssInterface: gnssSvStatusCb: a: input svInfo.flags is 8
11-10 14:00:50.476  1794  2270 E GnssHAL_GnssInterface: gnssSvStatusCb: b: input svInfo.flags is 8
11-10 14:00:51.480  1794  2270 E GnssHAL_GnssInterface: gnssSvStatusCb: a: input svInfo.flags is 8
11-10 14:00:51.480  1794  2270 E GnssHAL_GnssInterface: gnssSvStatusCb: b: input svInfo.flags is 8
11-10 14:00:51.989  9798  9798 D AndroidRuntime: >>>>>> START com.android.internal.os.RuntimeInit uid 2000 <<<<<<
11-10 14:00:51.988  9798  9798 W app_process: type=1400 audit(0.0:374): avc: denied { read } for name="u:object_r:device_config_runtime_native_boot_prop:s0" dev="tmpfs" ino=7811 scontext=u:r:shell:s0 tcontext=u:object_r:device_config_runtime_native_boot_prop:s0 tclass=file permissive=0
11-10 14:00:51.988  9798  9798 W app_process: type=1400 audit(0.0:375): avc: denied { read } for name="u:object_r:device_config_runtime_native_boot_prop:s0" dev="tmpfs" ino=7811 scontext=u:r:shell:s0 tcontext=u:object_r:device_config_runtime_native_boot_prop:s0 tclass=file permissive=0
11-10 14:00:51.992  9798  9798 E libc    : Access denied finding property "persist.device_config.runtime_native_boot.enable_apex_image"
11-10 14:00:51.992  9798  9798 I AndroidRuntime: Using default boot image
11-10 14:00:51.993  9798  9798 E libc    : Access denied finding property "persist.device_config.runtime_native_boot.disable_lock_profiling"
11-10 14:00:51.993  9798  9798 I AndroidRuntime: Leaving lock profiling enabled
11-10 14:00:51.993  9798  9798 E libc    : Access denied finding property "persist.device_config.runtime_native_boot.enable_generational_cc"
11-10 14:00:51.988  9798  9798 W app_process: type=1400 audit(0.0:376): avc: denied { read } for name="u:object_r:device_config_runtime_native_boot_prop:s0" dev="tmpfs" ino=7811 scontext=u:r:shell:s0 tcontext=u:object_r:device_config_runtime_native_boot_prop:s0 tclass=file permissive=0
11-10 14:00:52.039  9798  9798 D ICU     : Time zone APEX file found: /apex/com.android.tzdata/etc/icu/icu_tzdata.dat
11-10 14:00:52.043  9798  9798 W app_process: Unexpected CPU variant for X86 using defaults: x86
11-10 14:00:52.045  9798  9798 I app_process: The ClassLoaderContext is a special shared library.
11-10 14:00:52.045  9798  9798 I app_process: The ClassLoaderContext is a special shared library.
11-10 14:00:52.060  9798  9798 W app_process: JNI RegisterNativeMethods: attempt to register 0 native methods for android.media.AudioAttributes
11-10 14:00:52.063  9798  9798 D AndroidRuntime: Calling main entry com.android.commands.uiautomator.Launcher
11-10 14:00:52.073  2972  3166 I A       : NGA disabled since it's running Panthera and at least one a11y feature is on.
11-10 14:00:52.073  2972  3166 I A       : (REDACTED) Nga state changed to %s
11-10 14:00:52.075  2768  3242 I A       : Unsubscribed to apa or classic variant change.
11-10 14:00:52.075  2768  7520 I A       : (REDACTED) APA or Classic session decision: %s.
11-10 14:00:52.095  2972  3261 I A       : Trying to enqueue PieTriggeringWorker
11-10 14:00:52.097  2768  2768 I A       : (REDACTED) eventData = %s
11-10 14:00:52.097  2768  3242 I A       : Logging success flow
11-10 14:00:52.104  2972  3261 I A       : Trying to enqueue PieTriggeringWorker
11-10 14:00:52.106  2768  2768 I A       : (REDACTED) eventData = %s
11-10 14:00:52.484  1794  2270 E GnssHAL_GnssInterface: gnssSvStatusCb: a: input svInfo.flags is 8
11-10 14:00:52.484  1794  2270 E GnssHAL_GnssInterface: gnssSvStatusCb: b: input svInfo.flags is 8
11-10 14:00:53.094  9798  9798 W AccessibilityNodeInfoDumper: Fetch time: 4ms
11-10 14:00:52.071  2030  2030 V SettingsProvider: Notifying for 0: content://settings/secure/accessibility_enabled
11-10 14:00:53.094  2030  4950 W WindowManager: removeWindowToken: Attempted to remove non-existing token: android.os.Binder@9bf7ece
11-10 14:00:53.097  2030  2030 V SettingsProvider: Notifying for 0: content://settings/secure/accessibility_enabled
11-10 14:00:53.102  2972  3166 I A       : NGA enabled in interactor.
11-10 14:00:53.103  9798  9798 D AndroidRuntime: Shutting down VM
11-10 14:00:53.105  2972  3166 I A       : (REDACTED) Nga state changed to %s
11-10 14:00:53.106  2768  7520 I A       : Initializing all components
11-10 14:00:53.106  2768  7520 I A       : (REDACTED) APA or Classic session decision: %s.
11-10 14:00:53.106  2768  3244 I A       : (REDACTED) onIsEnabledChanged, isEnabled: %s
11-10 14:00:53.106  2768  3244 W A       : Disposing empty manager. Did you forgot to subscribe observables?
11-10 14:00:53.107  2768  3244 I chatty  : uid=10103(com.google.android.googlequicksearchbox) Lite Thread #1 identical 13 lines
11-10 14:00:53.107  2768  3244 W A       : Disposing empty manager. Did you forgot to subscribe observables?
11-10 14:00:53.107  2768  3242 I A       : (REDACTED) on opa visibility changed %s
11-10 14:00:53.107  2768  3244 I A       : (REDACTED) Setting session to type: %s
11-10 14:00:53.107  2768  3244 W A       : Disposing empty manager. Did you forgot to subscribe observables?
11-10 14:00:53.107  2768  3244 I chatty  : uid=10103(com.google.android.googlequicksearchbox) Lite Thread #1 identical 5 lines
11-10 14:00:53.107  2768  3244 W A       : Disposing empty manager. Did you forgot to subscribe observables?
11-10 14:00:53.107  2768  3242 I A       : (REDACTED) State changed: %s => %s by %s and %s with %s
11-10 14:00:53.107  2768  3244 W A       : Disposing empty manager. Did you forgot to subscribe observables?
11-10 14:00:53.107  2768  3244 I chatty  : uid=10103(com.google.android.googlequicksearchbox) Lite Thread #1 identical 3 lines
11-10 14:00:53.107  2768  3244 W A       : Disposing empty manager. Did you forgot to subscribe observables?
11-10 14:00:53.107  2768  3242 I A       : (REDACTED) Recognizer choice: (recognizer_type: %s, recognizer_mode: %s, choice_reason: %s)
11-10 14:00:53.107  2768  3244 W A       : Disposing empty manager. Did you forgot to subscribe observables?
11-10 14:00:53.108  2768  3244 W A       : Disposing empty manager. Did you forgot to subscribe observables?
11-10 14:00:53.108  2768  3244 I A       : (REDACTED) onDisabled. Registered: %s
11-10 14:00:53.108  2768  3242 I A       : (REDACTED) onActiveStateChangeEvent: %s => %s
11-10 14:00:53.108  2768  3242 I A       : (REDACTED) #onActiveStateChangeEvent, newState: %s, previousState: %s.
11-10 14:00:53.109  2768  3242 I NgaEntryPointEventSendr: setupConnection
11-10 14:00:53.119  2768  3242 I NgaEntryPointEventSendr: (REDACTED) State changed: %s => %s
11-10 14:00:53.119  2768  3242 I A       : (REDACTED) stopListening(%s, %s)
11-10 14:00:53.120  2768  3244 I A       : Initialize
11-10 14:00:53.124  2768  3244 I A       : Successfully initialized all components
11-10 14:00:53.129  2972  2972 I A       : Creating pss binder().
11-10 14:00:53.129  2768  3244 I NgaEntryPointEventSendr: onServiceConnected
11-10 14:00:53.130  2972  3333 I A       : Calling beginBinderSession().
11-10 14:00:53.131  2972  3333 I A       : beginBinderSession(): calling binder
11-10 14:00:53.131  2768  3244 I NgaEntryPointEventSendr: (REDACTED) State changed: %s => %s
11-10 14:00:53.131  2768  3242 I A       : (REDACTED) on opa visibility changed %s
11-10 14:00:53.147  2972  3259 I A       : (REDACTED) group %s not present %s in %s
11-10 14:00:53.147  2972  3259 I A       : (REDACTED) incrementApaDataDownloadStoreStatus(latency = %s, appVersion = %s, status = %s, locale = %s, fileGroupnames = %s, accountScoped = %s, localGroupsAvailable = %s, timeSinceSearchBoot = %s (%s), timeSinceDataDownloadInit = %s (%s))
11-10 14:00:53.148  2972  3259 I A       : (REDACTED) incrementApaDataDownloadStoreStatusNotFound(appVersion = %s, locale = %s, groupName = %s, accountScoped = %s, foundGroups = %s, status = %s, localGroupsAvailable = %s)
11-10 14:00:53.153  2972  3261 I A       : Trying to enqueue PieTriggeringWorker
11-10 14:00:53.154  2972  3261 W A       : (REDACTED) %s task was not run. Callback from Service received after client was disposed.
11-10 14:00:53.154  2972  3261 W A       : (REDACTED) %s task was not run. Callback from Service received after client was disposed.
11-10 14:00:53.155  2768  2768 I A       : (REDACTED) eventData = %s
11-10 14:00:53.155  2768  3242 I A       : Logging success flow
11-10 14:00:53.156  2972  3261 W A       : (REDACTED) %s task was not run. Callback from Service received after client was disposed.
11-10 14:00:53.157  2768  3244 I NgaEntryPointEventSendr: (REDACTED) State changed: %s => %s (%s)
11-10 14:00:53.161  2972  4127 I PBSessionCacheImpl: (REDACTED) Deleted sessionId[%d] from persistence.
11-10 14:00:53.163  2972  3261 W SearchServiceCore: Abort, client detached.
11-10 14:00:53.163  2972  3261 I HttpStreamingTapasSearc: (REDACTED) taskGraphFactory: %s#%d
11-10 14:00:53.488  1794  2270 E GnssHAL_GnssInterface: gnssSvStatusCb: a: input svInfo.flags is 8
11-10 14:00:53.488  1794  2270 E GnssHAL_GnssInterface: gnssSvStatusCb: b: input svInfo.flags is 8
11-10 14:00:54.493  1794  2270 E GnssHAL_GnssInterface: gnssSvStatusCb: a: input svInfo.flags is 8
11-10 14:00:54.493  1794  2270 E GnssHAL_GnssInterface: gnssSvStatusCb: b: input svInfo.flags is 8
11-10 14:00:55.301  9821  9821 D AndroidRuntime: >>>>>> START com.android.internal.os.RuntimeInit uid 2000 <<<<<<
11-10 14:00:55.303  9821  9821 E libc    : Access denied finding property "persist.device_config.runtime_native_boot.enable_apex_image"
11-10 14:00:55.303  9821  9821 I AndroidRuntime: Using default boot image
11-10 14:00:55.298  9821  9821 W app_process: type=1400 audit(0.0:377): avc: denied { read } for name="u:object_r:device_config_runtime_native_boot_prop:s0" dev="tmpfs" ino=7811 scontext=u:r:shell:s0 tcontext=u:object_r:device_config_runtime_native_boot_prop:s0 tclass=file permissive=0
11-10 14:00:55.303  9821  9821 E libc    : Access denied finding property "persist.device_config.runtime_native_boot.disable_lock_profiling"
11-10 14:00:55.303  9821  9821 I AndroidRuntime: Leaving lock profiling enabled
11-10 14:00:55.298  9821  9821 W app_process: type=1400 audit(0.0:378): avc: denied { read } for name="u:object_r:device_config_runtime_native_boot_prop:s0" dev="tmpfs" ino=7811 scontext=u:r:shell:s0 tcontext=u:object_r:device_config_runtime_native_boot_prop:s0 tclass=file permissive=0
11-10 14:00:55.303  9821  9821 E libc    : Access denied finding property "persist.device_config.runtime_native_boot.enable_generational_cc"
11-10 14:00:55.342  9821  9821 D ICU     : Time zone APEX file found: /apex/com.android.tzdata/etc/icu/icu_tzdata.dat
11-10 14:00:55.346  9821  9821 W app_process: Unexpected CPU variant for X86 using defaults: x86
11-10 14:00:55.350  9821  9821 I app_process: The ClassLoaderContext is a special shared library.
11-10 14:00:55.350  9821  9821 I app_process: The ClassLoaderContext is a special shared library.
11-10 14:00:55.362  9821  9821 W app_process: JNI RegisterNativeMethods: attempt to register 0 native methods for android.media.AudioAttributes
11-10 14:00:55.365  9821  9821 D AndroidRuntime: Calling main entry com.android.commands.uiautomator.Launcher
11-10 14:00:55.373  2972  3183 I A       : NGA disabled since it's running Panthera and at least one a11y feature is on.
11-10 14:00:55.373  2972  3183 I A       : (REDACTED) Nga state changed to %s
11-10 14:00:55.376  2768  7056 I A       : (REDACTED) APA or Classic session decision: %s.
11-10 14:00:55.376  2768  3242 I A       : Unsubscribed to apa or classic variant change.
11-10 14:00:55.393  2972  3261 I A       : Trying to enqueue PieTriggeringWorker
11-10 14:00:55.395  2768  2768 I A       : (REDACTED) eventData = %s
11-10 14:00:55.396  2768  3242 I A       : Logging success flow
11-10 14:00:55.407  2972  3261 I A       : Trying to enqueue PieTriggeringWorker
11-10 14:00:55.409  2768  2768 I A       : (REDACTED) eventData = %s
11-10 14:00:55.409  2768  3242 I A       : Logging success flow
11-10 14:00:55.418  2972  3261 I A       : Trying to enqueue PieTriggeringWorker
11-10 14:00:55.420  2768  2768 I A       : (REDACTED) eventData = %s
11-10 14:00:55.497  1794  2270 E GnssHAL_GnssInterface: gnssSvStatusCb: a: input svInfo.flags is 8
11-10 14:00:55.497  1794  2270 E GnssHAL_GnssInterface: gnssSvStatusCb: b: input svInfo.flags is 8
11-10 14:00:56.386  9821  9821 W AccessibilityNodeInfoDumper: Fetch time: 3ms
11-10 14:00:55.371  2030  2030 V SettingsProvider: Notifying for 0: content://settings/secure/accessibility_enabled
11-10 14:00:56.387  2030  2303 W WindowManager: removeWindowToken: Attempted to remove non-existing token: android.os.Binder@5b4131d
11-10 14:00:56.390  2030  2030 V SettingsProvider: Notifying for 0: content://settings/secure/accessibility_enabled
11-10 14:00:56.393  2972  3254 I A       : NGA enabled in interactor.
11-10 14:00:56.394  2972  3254 I A       : (REDACTED) Nga state changed to %s
11-10 14:00:56.397  2768  7520 I A       : Initializing all components
11-10 14:00:56.397  2768  7520 I A       : (REDACTED) APA or Classic session decision: %s.
11-10 14:00:56.397  2768  3244 I A       : (REDACTED) onIsEnabledChanged, isEnabled: %s
11-10 14:00:56.397  2768  3244 W A       : Disposing empty manager. Did you forgot to subscribe observables?
11-10 14:00:56.398  2768  3244 I chatty  : uid=10103(com.google.android.googlequicksearchbox) Lite Thread #1 identical 13 lines
11-10 14:00:56.398  2768  3244 W A       : Disposing empty manager. Did you forgot to subscribe observables?
11-10 14:00:56.398  2768  3244 I A       : (REDACTED) Setting session to type: %s
11-10 14:00:56.398  2768  3244 W A       : Disposing empty manager. Did you forgot to subscribe observables?
11-10 14:00:56.399  2768  3244 I chatty  : uid=10103(com.google.android.googlequicksearchbox) Lite Thread #1 identical 12 lines
11-10 14:00:56.399  2768  3244 W A       : Disposing empty manager. Did you forgot to subscribe observables?
11-10 14:00:56.399  2768  3244 I A       : (REDACTED) onDisabled. Registered: %s
11-10 14:00:56.399  2768  3244 I A       : (REDACTED) on opa visibility changed %s
11-10 14:00:56.402  9821  9821 D AndroidRuntime: Shutting down VM
11-10 14:00:56.402  2768  3242 I A       : (REDACTED) State changed: %s => %s by %s and %s with %s
11-10 14:00:56.402  2768  3242 I A       : (REDACTED) Recognizer choice: (recognizer_type: %s, recognizer_mode: %s, choice_reason: %s)
11-10 14:00:56.403  2768  3242 I A       : (REDACTED) onActiveStateChangeEvent: %s => %s
11-10 14:00:56.404  2768  3242 I A       : (REDACTED) #onActiveStateChangeEvent, newState: %s, previousState: %s.
11-10 14:00:56.407  2768  3244 I NgaEntryPointEventSendr: setupConnection
11-10 14:00:56.412  2768  3242 I A       : Initialize
11-10 14:00:56.414  2768  3242 I A       : (REDACTED) stopListening(%s, %s)
11-10 14:00:56.414  2768  3242 I A       : (REDACTED) on opa visibility changed %s
11-10 14:00:56.418  2768  3244 I NgaEntryPointEventSendr: (REDACTED) State changed: %s => %s
11-10 14:00:56.425  2972  2972 I A       : Creating pss binder().
11-10 14:00:56.427  2768  3244 I NgaEntryPointEventSendr: onServiceConnected
11-10 14:00:56.427  2972  3230 I A       : Calling beginBinderSession().
11-10 14:00:56.428  2972  3230 I A       : beginBinderSession(): calling binder
11-10 14:00:56.431  2768  3244 I NgaEntryPointEventSendr: (REDACTED) State changed: %s => %s
11-10 14:00:56.434  2768  3244 I A       : Successfully initialized all components
11-10 14:00:56.434  2972  3261 I A       : Trying to enqueue PieTriggeringWorker
11-10 14:00:56.456  2972  3259 I A       : (REDACTED) group %s not present %s in %s
11-10 14:00:56.457  2972  3259 I A       : (REDACTED) incrementApaDataDownloadStoreStatus(latency = %s, appVersion = %s, status = %s, locale = %s, fileGroupnames = %s, accountScoped = %s, localGroupsAvailable = %s, timeSinceSearchBoot = %s (%s), timeSinceDataDownloadInit = %s (%s))
11-10 14:00:56.457  2972  3259 I A       : (REDACTED) incrementApaDataDownloadStoreStatusNotFound(appVersion = %s, locale = %s, groupName = %s, accountScoped = %s, foundGroups = %s, status = %s, localGroupsAvailable = %s)
11-10 14:00:56.466  2768  2768 I A       : (REDACTED) eventData = %s
11-10 14:00:56.467  2768  3244 I A       : Logging success flow
11-10 14:00:56.467  2972  3261 W A       : (REDACTED) %s task was not run. Callback from Service received after client was disposed.
11-10 14:00:56.467  2972  3261 I chatty  : uid=10103(com.google.android.googlequicksearchbox) EventBus0 identical 1 line
11-10 14:00:56.469  2972  3261 W A       : (REDACTED) %s task was not run. Callback from Service received after client was disposed.
11-10 14:00:56.469  2768  3242 I NgaEntryPointEventSendr: (REDACTED) State changed: %s => %s (%s)
11-10 14:00:56.471  2972  3378 I PBSessionCacheImpl: (REDACTED) Deleted sessionId[%d] from persistence.
11-10 14:00:56.474  2972  3261 W SearchServiceCore: Abort, client detached.
11-10 14:00:56.475  2972  3261 I HttpStreamingTapasSearc: (REDACTED) taskGraphFactory: %s#%d
11-10 14:00:56.501  1794  2270 E GnssHAL_GnssInterface: gnssSvStatusCb: a: input svInfo.flags is 8
11-10 14:00:56.501  1794  2270 E GnssHAL_GnssInterface: gnssSvStatusCb: b: input svInfo.flags is 8
11-10 14:00:56.620  9843  9843 D AndroidRuntime: >>>>>> START com.android.internal.os.RuntimeInit uid 2000 <<<<<<
11-10 14:00:56.618  9843  9843 W app_process: type=1400 audit(0.0:380): avc: denied { read } for name="u:object_r:device_config_runtime_native_boot_prop:s0" dev="tmpfs" ino=7811 scontext=u:r:shell:s0 tcontext=u:object_r:device_config_runtime_native_boot_prop:s0 tclass=file permissive=0
11-10 14:00:56.623  9843  9843 E libc    : Access denied finding property "persist.device_config.runtime_native_boot.enable_apex_image"
11-10 14:00:56.623  9843  9843 I AndroidRuntime: Using default boot image
11-10 14:00:56.624  9843  9843 E libc    : Access denied finding property "persist.device_config.runtime_native_boot.disable_lock_profiling"
11-10 14:00:56.624  9843  9843 I AndroidRuntime: Leaving lock profiling enabled
11-10 14:00:56.624  9843  9843 E libc    : Access denied finding property "persist.device_config.runtime_native_boot.enable_generational_cc"
11-10 14:00:56.664  9843  9843 D ICU     : Time zone APEX file found: /apex/com.android.tzdata/etc/icu/icu_tzdata.dat
11-10 14:00:56.667  9843  9843 W app_process: Unexpected CPU variant for X86 using defaults: x86
11-10 14:00:56.670  9843  9843 I app_process: The ClassLoaderContext is a special shared library.
11-10 14:00:56.670  9843  9843 I app_process: The ClassLoaderContext is a special shared library.
11-10 14:00:56.681  9843  9843 W app_process: JNI RegisterNativeMethods: attempt to register 0 native methods for android.media.AudioAttributes
11-10 14:00:56.684  9843  9843 D AndroidRuntime: Calling main entry com.android.commands.uiautomator.Launcher
11-10 14:00:56.696  2972  3166 I A       : NGA disabled since it's running Panthera and at least one a11y feature is on.
11-10 14:00:56.696  2972  3166 I A       : (REDACTED) Nga state changed to %s
11-10 14:00:56.696  2768  8491 I A       : (REDACTED) APA or Classic session decision: %s.
11-10 14:00:56.697  2768  3242 I A       : Unsubscribed to apa or classic variant change.
11-10 14:00:56.720  2972  3261 I A       : Trying to enqueue PieTriggeringWorker
11-10 14:00:56.722  2768  2768 I A       : (REDACTED) eventData = %s
11-10 14:00:56.723  2768  3242 I A       : Logging success flow
11-10 14:00:56.731  2972  3261 I A       : Trying to enqueue PieTriggeringWorker
11-10 14:00:56.733  2768  2768 I A       : (REDACTED) eventData = %s
11-10 14:00:56.734  2768  3242 I A       : Logging success flow
11-10 14:00:56.741  2972  3261 I A       : Trying to enqueue PieTriggeringWorker
11-10 14:00:56.742  2768  2768 I A       : (REDACTED) eventData = %s
11-10 14:00:57.505  1794  2270 E GnssHAL_GnssInterface: gnssSvStatusCb: a: input svInfo.flags is 8
11-10 14:00:57.505  1794  2270 E GnssHAL_GnssInterface: gnssSvStatusCb: b: input svInfo.flags is 8
11-10 14:00:57.706  6170  6170 D BoundBrokerSvc: onUnbind: Intent { act=com.google.android.gms.feedback.internal.IFeedbackService dat=chimera-action:com.google.android.gms.feedback.internal.IFeedbackService cmp=com.google.android.gms/.chimera.GmsBoundBrokerService }
11-10 14:00:57.713  9843  9843 W AccessibilityNodeInfoDumper: Fetch time: 4ms
11-10 14:00:56.691  2030  2030 V SettingsProvider: Notifying for 0: content://settings/secure/accessibility_enabled
11-10 14:00:57.714  2030  5415 W WindowManager: removeWindowToken: Attempted to remove non-existing token: android.os.Binder@bbabc97
11-10 14:00:57.715  2030  2030 V SettingsProvider: Notifying for 0: content://settings/secure/accessibility_enabled
11-10 14:00:57.721  9843  9843 D AndroidRuntime: Shutting down VM
11-10 14:00:57.731  5816  5816 D BoundBrokerSvc: onUnbind: Intent { act=com.google.android.gms.icing.LIGHTWEIGHT_INDEX_SERVICE dat=chimera-action:com.google.android.gms.icing.LIGHTWEIGHT_INDEX_SERVICE cmp=com.google.android.gms/.chimera.PersistentApiService }
11-10 14:00:57.735  2972  3254 I A       : NGA enabled in interactor.
11-10 14:00:57.735  2972  3254 I A       : (REDACTED) Nga state changed to %s
11-10 14:00:57.736  2768  6795 I A       : Initializing all components
11-10 14:00:57.736  2768  3244 I A       : (REDACTED) onIsEnabledChanged, isEnabled: %s
11-10 14:00:57.736  2768  6795 I A       : (REDACTED) APA or Classic session decision: %s.
11-10 14:00:57.736  2768  3244 W A       : Disposing empty manager. Did you forgot to subscribe observables?
11-10 14:00:57.737  2768  3244 I chatty  : uid=10103(com.google.android.googlequicksearchbox) Lite Thread #1 identical 13 lines
11-10 14:00:57.737  2768  3244 W A       : Disposing empty manager. Did you forgot to subscribe observables?
11-10 14:00:57.737  2768  3244 I A       : (REDACTED) Setting session to type: %s
11-10 14:00:57.737  2768  3244 W A       : Disposing empty manager. Did you forgot to subscribe observables?
11-10 14:00:57.738  2768  3244 I chatty  : uid=10103(com.google.android.googlequicksearchbox) Lite Thread #1 identical 12 lines
11-10 14:00:57.738  2768  3244 W A       : Disposing empty manager. Did you forgot to subscribe observables?
11-10 14:00:57.738  2768  3244 I A       : (REDACTED) onDisabled. Registered: %s
11-10 14:00:57.739  2768  3242 I A       : (REDACTED) State changed: %s => %s by %s and %s with %s
11-10 14:00:57.739  2768  3242 I A       : (REDACTED) Recognizer choice: (recognizer_type: %s, recognizer_mode: %s, choice_reason: %s)
11-10 14:00:57.740  2768  3242 I A       : (REDACTED) onActiveStateChangeEvent: %s => %s
11-10 14:00:57.740  2768  3242 I A       : (REDACTED) #onActiveStateChangeEvent, newState: %s, previousState: %s.
11-10 14:00:57.742  2768  3242 I NgaEntryPointEventSendr: setupConnection
11-10 14:00:57.746  2768  3244 I A       : Initialize
11-10 14:00:57.746  2768  3244 I A       : (REDACTED) stopListening(%s, %s)
11-10 14:00:57.746  2768  3244 I A       : (REDACTED) on opa visibility changed %s
11-10 14:00:57.751  2768  3242 I NgaEntryPointEventSendr: (REDACTED) State changed: %s => %s
11-10 14:00:57.755  2972  2972 I A       : Creating pss binder().
11-10 14:00:57.756  2768  3244 I A       : (REDACTED) on opa visibility changed %s
11-10 14:00:57.760  2768  3242 I NgaEntryPointEventSendr: onServiceConnected
11-10 14:00:57.761  2972  8352 I A       : Calling beginBinderSession().
11-10 14:00:57.762  2768  3244 I A       : Successfully initialized all components
11-10 14:00:57.763  2972  3261 I A       : Trying to enqueue PieTriggeringWorker
11-10 14:00:57.765  2972  8352 I A       : beginBinderSession(): calling binder
11-10 14:00:57.766  2768  3242 I NgaEntryPointEventSendr: (REDACTED) State changed: %s => %s
11-10 14:00:57.767  2768  2768 I A       : (REDACTED) eventData = %s
11-10 14:00:57.767  2768  3242 I A       : Logging success flow
11-10 14:00:57.777  2972  3259 I A       : (REDACTED) group %s not present %s in %s
11-10 14:00:57.778  2972  3259 I A       : (REDACTED) incrementApaDataDownloadStoreStatus(latency = %s, appVersion = %s, status = %s, locale = %s, fileGroupnames = %s, accountScoped = %s, localGroupsAvailable = %s, timeSinceSearchBoot = %s (%s), timeSinceDataDownloadInit = %s (%s))
11-10 14:00:57.778  2972  3256 I A       : (REDACTED) incrementApaDataDownloadStoreStatusNotFound(appVersion = %s, locale = %s, groupName = %s, accountScoped = %s, foundGroups = %s, status = %s, localGroupsAvailable = %s)
11-10 14:00:57.788  2972  3261 W A       : (REDACTED) %s task was not run. Callback from Service received after client was disposed.
11-10 14:00:57.788  2972  3261 W A       : (REDACTED) %s task was not run. Callback from Service received after client was disposed.
11-10 14:00:57.790  2768  3242 I NgaEntryPointEventSendr: (REDACTED) State changed: %s => %s (%s)
11-10 14:00:57.792  2972  3261 W A       : (REDACTED) %s task was not run. Callback from Service received after client was disposed.
11-10 14:00:57.792  2972  4127 I PBSessionCacheImpl: (REDACTED) Deleted sessionId[%d] from persistence.
11-10 14:00:57.796  2972  3261 W SearchServiceCore: Abort, client detached.
11-10 14:00:57.796  2972  3261 I HttpStreamingTapasSearc: (REDACTED) taskGraphFactory: %s#%d
11-10 14:00:57.931  9865  9865 D AndroidRuntime: >>>>>> START com.android.internal.os.RuntimeInit uid 2000 <<<<<<
11-10 14:00:57.928  9865  9865 W app_process: type=1400 audit(0.0:383): avc: denied { read } for name="u:object_r:device_config_runtime_native_boot_prop:s0" dev="tmpfs" ino=7811 scontext=u:r:shell:s0 tcontext=u:object_r:device_config_runtime_native_boot_prop:s0 tclass=file permissive=0
11-10 14:00:57.933  9865  9865 E libc    : Access denied finding property "persist.device_config.runtime_native_boot.enable_apex_image"
11-10 14:00:57.933  9865  9865 I AndroidRuntime: Using default boot image
11-10 14:00:57.933  9865  9865 E libc    : Access denied finding property "persist.device_config.runtime_native_boot.disable_lock_profiling"
11-10 14:00:57.933  9865  9865 I AndroidRuntime: Leaving lock profiling enabled
11-10 14:00:57.928  9865  9865 W app_process: type=1400 audit(0.0:384): avc: denied { read } for name="u:object_r:device_config_runtime_native_boot_prop:s0" dev="tmpfs" ino=7811 scontext=u:r:shell:s0 tcontext=u:object_r:device_config_runtime_native_boot_prop:s0 tclass=file permissive=0
11-10 14:00:57.933  9865  9865 E libc    : Access denied finding property "persist.device_config.runtime_native_boot.enable_generational_cc"
11-10 14:00:57.970  9865  9865 D ICU     : Time zone APEX file found: /apex/com.android.tzdata/etc/icu/icu_tzdata.dat
11-10 14:00:57.973  9865  9865 W app_process: Unexpected CPU variant for X86 using defaults: x86
11-10 14:00:57.978  9865  9865 I app_process: The ClassLoaderContext is a special shared library.
11-10 14:00:57.978  9865  9865 I app_process: The ClassLoaderContext is a special shared library.
11-10 14:00:57.991  9865  9865 W app_process: JNI RegisterNativeMethods: attempt to register 0 native methods for android.media.AudioAttributes
11-10 14:00:57.993  9865  9865 D AndroidRuntime: Calling main entry com.android.commands.uiautomator.Launcher
11-10 14:00:58.003  2972  3184 I A       : NGA disabled since it's running Panthera and at least one a11y feature is on.
11-10 14:00:58.003  2972  3184 I A       : (REDACTED) Nga state changed to %s
11-10 14:00:58.004  2768  6795 I A       : (REDACTED) APA or Classic session decision: %s.
11-10 14:00:58.004  2768  3244 I A       : Unsubscribed to apa or classic variant change.
11-10 14:00:58.024  2972  3261 I A       : Trying to enqueue PieTriggeringWorker
11-10 14:00:58.026  2768  2768 I A       : (REDACTED) eventData = %s
11-10 14:00:58.026  2768  3242 I A       : Logging success flow
11-10 14:00:58.034  2972  3261 I A       : Trying to enqueue PieTriggeringWorker
11-10 14:00:58.036  2768  2768 I A       : (REDACTED) eventData = %s
11-10 14:00:58.510  1794  2270 E GnssHAL_GnssInterface: gnssSvStatusCb: a: input svInfo.flags is 8
11-10 14:00:58.510  1794  2270 E GnssHAL_GnssInterface: gnssSvStatusCb: b: input svInfo.flags is 8
11-10 14:00:59.020  9865  9865 W AccessibilityNodeInfoDumper: Fetch time: 3ms
11-10 14:00:58.001  2030  2030 V SettingsProvider: Notifying for 0: content://settings/secure/accessibility_enabled
11-10 14:00:59.021  2030  7011 W WindowManager: removeWindowToken: Attempted to remove non-existing token: android.os.Binder@7839281
11-10 14:00:59.022  2030  2030 V SettingsProvider: Notifying for 0: content://settings/secure/accessibility_enabled
11-10 14:00:59.026  2972  3183 I A       : NGA enabled in interactor.
11-10 14:00:59.026  2972  3183 I A       : (REDACTED) Nga state changed to %s
11-10 14:00:59.028  9865  9865 D AndroidRuntime: Shutting down VM
11-10 14:00:59.036  2768  3244 I A       : (REDACTED) on opa visibility changed %s
11-10 14:00:59.042  2768  3244 I A       : (REDACTED) on opa visibility changed %s
11-10 14:00:59.047  2768  6795 I A       : Initializing all components
11-10 14:00:59.047  2768  6795 I A       : (REDACTED) APA or Classic session decision: %s.
11-10 14:00:59.047  2768  3242 I A       : (REDACTED) onIsEnabledChanged, isEnabled: %s
11-10 14:00:59.047  2768  3242 W A       : Disposing empty manager. Did you forgot to subscribe observables?
11-10 14:00:59.048  2768  3242 I chatty  : uid=10103(com.google.android.googlequicksearchbox) Lite Thread #0 identical 13 lines
11-10 14:00:59.048  2768  3242 W A       : Disposing empty manager. Did you forgot to subscribe observables?
11-10 14:00:59.048  2768  3242 I A       : (REDACTED) Setting session to type: %s
11-10 14:00:59.049  2768  3242 W A       : Disposing empty manager. Did you forgot to subscribe observables?
11-10 14:00:59.049  2768  3242 I chatty  : uid=10103(com.google.android.googlequicksearchbox) Lite Thread #0 identical 12 lines
11-10 14:00:59.049  2768  3242 W A       : Disposing empty manager. Did you forgot to subscribe observables?
11-10 14:00:59.049  2768  3242 I A       : (REDACTED) onDisabled. Registered: %s
11-10 14:00:59.050  2768  3242 I A       : (REDACTED) State changed: %s => %s by %s and %s with %s
11-10 14:00:59.050  2768  3242 I A       : (REDACTED) Recognizer choice: (recognizer_type: %s, recognizer_mode: %s, choice_reason: %s)
11-10 14:00:59.051  2768  3242 I A       : (REDACTED) onActiveStateChangeEvent: %s => %s
11-10 14:00:59.052  2768  3242 I A       : (REDACTED) #onActiveStateChangeEvent, newState: %s, previousState: %s.
11-10 14:00:59.054  2768  3242 I A       : (REDACTED) stopListening(%s, %s)
11-10 14:00:59.054  2768  3244 I A       : Initialize
11-10 14:00:59.056  2768  3242 I NgaEntryPointEventSendr: setupConnection
11-10 14:00:59.064  2972  2972 I A       : Creating pss binder().
11-10 14:00:59.064  2768  3242 I NgaEntryPointEventSendr: (REDACTED) State changed: %s => %s
11-10 14:00:59.066  2768  3242 I NgaEntryPointEventSendr: onServiceConnected
11-10 14:00:59.067  2972  3000 I A       : Calling beginBinderSession().
11-10 14:00:59.067  2972  3000 I A       : beginBinderSession(): calling binder
11-10 14:00:59.067  2768  3244 I A       : Successfully initialized all components
11-10 14:00:59.068  2972  3261 I A       : Trying to enqueue PieTriggeringWorker
11-10 14:00:59.068  2768  3242 I NgaEntryPointEventSendr: (REDACTED) State changed: %s => %s
11-10 14:00:59.070  2768  2768 I A       : (REDACTED) eventData = %s
11-10 14:00:59.070  2768  3242 I A       : Logging success flow
11-10 14:00:59.091  2972  3256 I A       : (REDACTED) group %s not present %s in %s
11-10 14:00:59.092  2972  3256 I A       : (REDACTED) incrementApaDataDownloadStoreStatus(latency = %s, appVersion = %s, status = %s, locale = %s, fileGroupnames = %s, accountScoped = %s, localGroupsAvailable = %s, timeSinceSearchBoot = %s (%s), timeSinceDataDownloadInit = %s (%s))
11-10 14:00:59.096  2972  3259 I A       : (REDACTED) incrementApaDataDownloadStoreStatusNotFound(appVersion = %s, locale = %s, groupName = %s, accountScoped = %s, foundGroups = %s, status = %s, localGroupsAvailable = %s)
11-10 14:00:59.097  2972  3261 W A       : (REDACTED) %s task was not run. Callback from Service received after client was disposed.
11-10 14:00:59.098  2972  3261 W A       : (REDACTED) %s task was not run. Callback from Service received after client was disposed.
11-10 14:00:59.101  2972  4127 I PBSessionCacheImpl: (REDACTED) Deleted sessionId[%d] from persistence.
11-10 14:00:59.101  2972  3261 W A       : (REDACTED) %s task was not run. Callback from Service received after client was disposed.
11-10 14:00:59.103  2768  3242 I NgaEntryPointEventSendr: (REDACTED) State changed: %s => %s (%s)
11-10 14:00:59.106  2972  3261 W SearchServiceCore: Abort, client detached.
11-10 14:00:59.106  5816  9541 W CCTFlatFileLogStore: Excessive logging: 64 events, 202195 bytes from log source STREAMZ_NGA last 454s
11-10 14:00:59.106  2972  3261 I HttpStreamingTapasSearc: (REDACTED) taskGraphFactory: %s#%d
11-10 14:00:59.253  9888  9888 D AndroidRuntime: >>>>>> START com.android.internal.os.RuntimeInit uid 2000 <<<<<<
11-10 14:00:59.248  9888  9888 W app_process: type=1400 audit(0.0:386): avc: denied { read } for name="u:object_r:device_config_runtime_native_boot_prop:s0" dev="tmpfs" ino=7811 scontext=u:r:shell:s0 tcontext=u:object_r:device_config_runtime_native_boot_prop:s0 tclass=file permissive=0
11-10 14:00:59.254  9888  9888 E libc    : Access denied finding property "persist.device_config.runtime_native_boot.enable_apex_image"
11-10 14:00:59.254  9888  9888 I AndroidRuntime: Using default boot image
11-10 14:00:59.254  9888  9888 E libc    : Access denied finding property "persist.device_config.runtime_native_boot.disable_lock_profiling"
11-10 14:00:59.254  9888  9888 I AndroidRuntime: Leaving lock profiling enabled
11-10 14:00:59.254  9888  9888 E libc    : Access denied finding property "persist.device_config.runtime_native_boot.enable_generational_cc"
11-10 14:00:59.296  9888  9888 D ICU     : Time zone APEX file found: /apex/com.android.tzdata/etc/icu/icu_tzdata.dat
11-10 14:00:59.299  9888  9888 W app_process: Unexpected CPU variant for X86 using defaults: x86
11-10 14:00:59.305  9888  9888 I app_process: The ClassLoaderContext is a special shared library.
11-10 14:00:59.318  9888  9888 W app_process: JNI RegisterNativeMethods: attempt to register 0 native methods for android.media.AudioAttributes
11-10 14:00:59.321  9888  9888 D AndroidRuntime: Calling main entry com.android.commands.monkey.Monkey
11-10 14:00:59.322  9888  9888 W Monkey  : args: [-p, com.german_software_engineers.trainerapp, -c, android.intent.category.LAUNCHER, 1]
11-10 14:00:59.322  9888  9888 W Monkey  :  arg: "-p"
11-10 14:00:59.322  9888  9888 W Monkey  :  arg: "com.german_software_engineers.trainerapp"
11-10 14:00:59.323  9888  9888 W Monkey  :  arg: "-c"
11-10 14:00:59.323  9888  9888 W Monkey  :  arg: "android.intent.category.LAUNCHER"
11-10 14:00:59.323  9888  9888 W Monkey  :  arg: "1"
11-10 14:00:59.323  9888  9888 W Monkey  : data="com.german_software_engineers.trainerapp"
11-10 14:00:59.323  9888  9888 W Monkey  : data="android.intent.category.LAUNCHER"
11-10 14:00:59.337  2030  2057 W BroadcastQueue: Skipping deliver [background] BroadcastRecord{a4c175b u-1 android.net.conn.CONNECTIVITY_CHANGE} to ReceiverList{ce5dbf8 9888 (unknown name)/2000/u-1 remote:ead5c55}: process gone or crashing
11-10 14:00:59.350  2030  3804 I ActivityTaskManager: START u0 {act=android.intent.action.MAIN cat=[android.intent.category.LAUNCHER] flg=0x10200000 cmp=com.german_software_engineers.trainerapp/.TrainingsSchedule} from uid 2000
11-10 14:00:59.350  2030  3804 W Binder  : Outgoing transactions from this process must be FLAG_ONEWAY
11-10 14:00:59.350  2030  3804 W Binder  : java.lang.Throwable
11-10 14:00:59.350  2030  3804 W Binder  : 	at android.os.BinderProxy.transact(BinderProxy.java:480)
11-10 14:00:59.350  2030  3804 W Binder  : 	at android.app.IActivityController$Stub$Proxy.activityStarting(IActivityController.java:273)
11-10 14:00:59.350  2030  3804 W Binder  : 	at com.android.server.wm.ActivityStarter.startActivity(ActivityStarter.java:794)
11-10 14:00:59.350  2030  3804 W Binder  : 	at com.android.server.wm.ActivityStarter.startActivity(ActivityStarter.java:583)
11-10 14:00:59.350  2030  3804 W Binder  : 	at com.android.server.wm.ActivityStarter.startActivityMayWait(ActivityStarter.java:1288)
11-10 14:00:59.350  2030  3804 W Binder  : 	at com.android.server.wm.ActivityStarter.execute(ActivityStarter.java:514)
11-10 14:00:59.350  2030  3804 W Binder  : 	at com.android.server.wm.ActivityTaskManagerService.startActivityAsUser(ActivityTaskManagerService.java:1058)
11-10 14:00:59.350  2030  3804 W Binder  : 	at com.android.server.wm.ActivityTaskManagerService.startActivityAsUser(ActivityTaskManagerService.java:1032)
11-10 14:00:59.350  2030  3804 W Binder  : 	at com.android.server.am.ActivityManagerService.startActivityAsUser(ActivityManagerService.java:3504)
11-10 14:00:59.350  2030  3804 W Binder  : 	at android.app.IActivityManager$Stub.onTransact(IActivityManager.java:3537)
11-10 14:00:59.350  2030  3804 W Binder  : 	at com.android.server.am.ActivityManagerService.onTransact(ActivityManagerService.java:2741)
11-10 14:00:59.350  2030  3804 W Binder  : 	at android.os.Binder.execTransactInternal(Binder.java:1021)
11-10 14:00:59.350  2030  3804 W Binder  : 	at android.os.Binder.execTransact(Binder.java:994)
11-10 14:00:59.353  9888  9888 I Monkey  : Events injected: 1
11-10 14:00:59.355  2030  2030 V SettingsProvider: Notifying for 0: content://settings/system/accelerometer_rotation
11-10 14:00:59.356  2030  2051 W InputReader: Device has associated, but no associated display id.
11-10 14:00:59.357  2030  2051 I chatty  : uid=1000(system) android.display identical 8 lines
11-10 14:00:59.357  2030  2051 W InputReader: Device has associated, but no associated display id.
11-10 14:00:59.359  9888  9888 I Monkey  : ## Network stats: elapsed time=10ms (0ms mobile, 0ms wifi, 10ms not connected)
11-10 14:00:59.360  9888  9888 I app_process: System.exit called, status: 0
11-10 14:00:59.360  9888  9888 I AndroidRuntime: VM exiting with result code 0.
11-10 14:00:59.513  1794  2270 E GnssHAL_GnssInterface: gnssSvStatusCb: a: input svInfo.flags is 8
11-10 14:00:59.513  1794  2270 E GnssHAL_GnssInterface: gnssSvStatusCb: b: input svInfo.flags is 8
11-10 14:01:00.518  1794  2270 E GnssHAL_GnssInterface: gnssSvStatusCb: a: input svInfo.flags is 8
11-10 14:01:00.518  1794  2270 E GnssHAL_GnssInterface: gnssSvStatusCb: b: input svInfo.flags is 8
11-10 14:01:00.646  2972  2972 I BgTaskExecutorImpl: (REDACTED) Starting %s background task %s.
11-10 14:01:00.651  2972  3646 I NetworkRecognitionRnr: Using pair HTTP connection
11-10 14:01:00.653  2972  3919 I A       : [Upload] Connected
11-10 14:01:00.671  2972  3166 W CronetNetworkRqstWrppr: Upload request without a content type.
11-10 14:01:00.673  2972  2972 E A       : onError
11-10 14:01:00.673  2972  2972 E A       : com.google.android.apps.gsa.shared.speech.a.m: errorCode: 65561, engine: 2
11-10 14:01:00.673  2972  2972 E A       : 	at com.google.android.apps.gsa.staticplugins.cy.a.e.a(PG:3)
11-10 14:01:00.673  2972  2972 E A       : 	at com.google.android.apps.gsa.s3.n.gS(PG:1)
11-10 14:01:00.673  2972  2972 E A       : 	at com.google.cc.g.a.f.e(PG:2)
11-10 14:01:00.673  2972  2972 E A       : 	at com.google.android.apps.gsa.speech.k.a.g.d(PG:22)
11-10 14:01:00.673  2972  2972 E A       : 	at com.google.android.apps.gsa.speech.k.a.g.jU(PG:6)
11-10 14:01:00.673  2972  2972 E A       : 	at com.google.android.apps.gsa.s3.o.c(PG:14)
11-10 14:01:00.673  2972  2972 E A       : 	at com.google.android.apps.gsa.s3.p.run(PG:1)
11-10 14:01:00.673  2972  2972 E A       : 	at java.util.concurrent.Executors$RunnableAdapter.call(Executors.java:462)
11-10 14:01:00.673  2972  2972 E A       : 	at java.util.concurrent.FutureTask.run(FutureTask.java:266)
11-10 14:01:00.673  2972  2972 E A       : 	at com.google.android.apps.gsa.shared.util.c.a.e.run(PG:2)
11-10 14:01:00.673  2972  2972 E A       : 	at com.google.android.apps.gsa.shared.util.c.a.bi.run(PG:1)
11-10 14:01:00.673  2972  2972 E A       : 	at com.google.android.apps.gsa.shared.util.c.a.bi.run(PG:1)
11-10 14:01:00.673  2972  2972 E A       : 	at java.util.concurrent.ThreadPoolExecutor.runWorker(ThreadPoolExecutor.java:1167)
11-10 14:01:00.673  2972  2972 E A       : 	at java.util.concurrent.ThreadPoolExecutor$Worker.run(ThreadPoolExecutor.java:641)
11-10 14:01:00.673  2972  2972 E A       : 	at java.lang.Thread.run(Thread.java:919)
11-10 14:01:00.673  2972  2972 E A       : 	at com.google.android.apps.gsa.shared.util.c.a.l.run(PG:5)
11-10 14:01:00.673  2972  2972 E A       : Caused by: com.google.android.apps.gsa.shared.speech.a.o: errorCode: 65586, engine: 2
11-10 14:01:00.673  2972  2972 E A       : 	... 15 more
11-10 14:01:00.673  2972  2972 E A       : Caused by: com.google.android.apps.gsa.shared.speech.a.k: errorCode: 401, engine: 2
11-10 14:01:00.673  2972  2972 E A       : 	at com.google.android.apps.gsa.assistant.shared.n.h.a(PG:5)
11-10 14:01:00.673  2972  2972 E A       : 	at com.google.android.apps.gsa.s3.producers.j.hl(PG:2)
11-10 14:01:00.673  2972  2972 E A       : 	at com.google.android.apps.gsa.speech.k.a.g.d(PG:16)
11-10 14:01:00.673  2972  2972 E A       : 	... 12 more
11-10 14:01:00.674  2972  3919 I NetworkRecognitionRnr: Using pair HTTP connection
11-10 14:01:00.677  2972  9903 I A       : [Upload] Connected
11-10 14:01:00.677  2972  2972 W A       : Failed to sync device settings.
11-10 14:01:00.677  2972  2972 I A       : Retrying to sync device settings.
11-10 14:01:00.681  2972  3259 E cr_CronetUrlRequestContext: Exception in upload method
11-10 14:01:00.681  2972  3259 E cr_CronetUrlRequestContext: com.google.android.apps.gsa.shared.q.d: Error code: 262182
11-10 14:01:00.681  2972  3259 E cr_CronetUrlRequestContext: 	at com.google.android.libraries.gsa.c.a.ar.b(PG:1)
11-10 14:01:00.681  2972  3259 E cr_CronetUrlRequestContext: 	at com.google.android.libraries.gsa.c.a.o.read(PG:2)
11-10 14:01:00.681  2972  3259 E cr_CronetUrlRequestContext: 	at org.chromium.net.impl.r.run(PG:5)
11-10 14:01:00.681  2972  3259 E cr_CronetUrlRequestContext: 	at com.google.android.libraries.gsa.c.a.al.run(Unknown Source:2)
11-10 14:01:00.681  2972  3259 E cr_CronetUrlRequestContext: 	at com.google.android.libraries.gsa.k.a.h.run(PG:2)
11-10 14:01:00.681  2972  3259 E cr_CronetUrlRequestContext: 	at com.google.android.apps.gsa.shared.util.c.a.ce.b(PG:1)
11-10 14:01:00.681  2972  3259 E cr_CronetUrlRequestContext: 	at com.google.android.apps.gsa.shared.util.c.a.ch.run(PG:1)
11-10 14:01:00.681  2972  3259 E cr_CronetUrlRequestContext: 	at com.google.android.libraries.i.af.run(PG:1)
11-10 14:01:00.681  2972  3259 E cr_CronetUrlRequestContext: 	at com.google.android.libraries.i.an.run(PG:23)
11-10 14:01:00.681  2972  3259 E cr_CronetUrlRequestContext: 	at com.google.android.libraries.i.l.run(PG:2)
11-10 14:01:00.681  2972  3259 E cr_CronetUrlRequestContext: 	at com.google.android.libraries.i.q.run(PG:4)
11-10 14:01:00.681  2972  3259 E cr_CronetUrlRequestContext: 	at java.lang.Thread.run(Thread.java:919)
11-10 14:01:00.781  5816  9541 I NetworkScheduler.Stats: Task com.google.android.gms/com.google.android.gms.checkin.CheckinService started execution. cause:4 exec_start_elapsed_seconds: 571 [CONTEXT service_id=218 ]
11-10 14:01:00.788  5816  9539 I NetworkScheduler.Stats: Task com.google.android.gms/com.google.android.gms.checkin.CheckinService finished executing. cause:4 result: 3 elapsed_millis: 64 uptime_millis: 64 exec_start_elapsed_seconds: 571 [CONTEXT service_id=218 ]
11-10 14:01:01.523  1794  2270 E GnssHAL_GnssInterface: gnssSvStatusCb: a: input svInfo.flags is 8
11-10 14:01:01.523  1794  2270 E GnssHAL_GnssInterface: gnssSvStatusCb: b: input svInfo.flags is 8
11-10 14:01:02.527  1794  2270 E GnssHAL_GnssInterface: gnssSvStatusCb: a: input svInfo.flags is 8
11-10 14:01:02.527  1794  2270 E GnssHAL_GnssInterface: gnssSvStatusCb: b: input svInfo.flags is 8
