06-28 23:24:41.983  4539  4559 D EGL_emulation: eglMakeCurrent: 0x9d9ac9e0: ver 3 0 (tinfo 0x9d9aa890)
06-28 23:24:41.987  4539  4559 D EGL_emulation: eglMakeCurrent: 0x9d9ac9e0: ver 3 0 (tinfo 0x9d9aa890)
06-28 23:24:42.003  4539  4559 D EGL_emulation: eglMakeCurrent: 0x9d9ac9e0: ver 3 0 (tinfo 0x9d9aa890)
06-28 23:24:42.017  4539  4559 D EGL_emulation: eglMakeCurrent: 0x9d9ac9e0: ver 3 0 (tinfo 0x9d9aa890)
06-28 23:24:42.021  4539  4559 D EGL_emulation: eglMakeCurrent: 0x9d9ac9e0: ver 3 0 (tinfo 0x9d9aa890)
06-28 23:24:42.035  4539  4559 D EGL_emulation: eglMakeCurrent: 0x9d9ac9e0: ver 3 0 (tinfo 0x9d9aa890)
06-28 23:24:42.037  4539  4559 D EGL_emulation: eglMakeCurrent: 0x9d9ac9e0: ver 3 0 (tinfo 0x9d9aa890)
06-28 23:24:42.053  4539  4559 D EGL_emulation: eglMakeCurrent: 0x9d9ac9e0: ver 3 0 (tinfo 0x9d9aa890)
06-28 23:24:42.056  4539  4559 D EGL_emulation: eglMakeCurrent: 0x9d9ac9e0: ver 3 0 (tinfo 0x9d9aa890)
06-28 23:24:42.069  4539  4559 D EGL_emulation: eglMakeCurrent: 0x9d9ac9e0: ver 3 0 (tinfo 0x9d9aa890)
06-28 23:24:42.072  4539  4559 D EGL_emulation: eglMakeCurrent: 0x9d9ac9e0: ver 3 0 (tinfo 0x9d9aa890)
06-28 23:24:42.084  4539  4559 D EGL_emulation: eglMakeCurrent: 0x9d9ac9e0: ver 3 0 (tinfo 0x9d9aa890)
06-28 23:24:42.087  4539  4559 D EGL_emulation: eglMakeCurrent: 0x9d9ac9e0: ver 3 0 (tinfo 0x9d9aa890)
06-28 23:24:42.102  4539  4559 D EGL_emulation: eglMakeCurrent: 0x9d9ac9e0: ver 3 0 (tinfo 0x9d9aa890)
06-28 23:24:42.105  4539  4559 D EGL_emulation: eglMakeCurrent: 0x9d9ac9e0: ver 3 0 (tinfo 0x9d9aa890)
06-28 23:24:42.119  4539  4559 D EGL_emulation: eglMakeCurrent: 0x9d9ac9e0: ver 3 0 (tinfo 0x9d9aa890)
06-28 23:24:42.122  4539  4559 D EGL_emulation: eglMakeCurrent: 0x9d9ac9e0: ver 3 0 (tinfo 0x9d9aa890)
06-28 23:24:42.135  4539  4559 D EGL_emulation: eglMakeCurrent: 0x9d9ac9e0: ver 3 0 (tinfo 0x9d9aa890)
06-28 23:24:42.138  4539  4559 D EGL_emulation: eglMakeCurrent: 0x9d9ac9e0: ver 3 0 (tinfo 0x9d9aa890)
06-28 23:24:42.154  4539  4559 D EGL_emulation: eglMakeCurrent: 0x9d9ac9e0: ver 3 0 (tinfo 0x9d9aa890)
06-28 23:24:42.156  4539  4559 D OpenGLRenderer: endAllActiveAnimators on 0x91346800 (MenuPopupWindow$MenuDropDownListView) with handle 0x9137d5a0
06-28 23:24:42.168  4539  4559 D EGL_emulation: eglMakeCurrent: 0x9d9ac9e0: ver 3 0 (tinfo 0x9d9aa890)
06-28 23:24:45.040  1422  1449 W audio_hw_generic: Not supplying enough data to HAL, expected position 1233527 , only wrote 1081440
06-28 23:24:45.541  6973  6973 D AndroidRuntime: >>>>>> START com.android.internal.os.RuntimeInit uid 2000 <<<<<<
06-28 23:24:45.543  6973  6973 D AndroidRuntime: CheckJNI is ON
06-28 23:24:45.569  6973  6973 W art     : Unexpected CPU variant for X86 using defaults: x86
06-28 23:24:45.571  6973  6973 D ICU     : No timezone override file found: /data/local/tmp/misc/zoneinfo/current/icu/icu_tzdata.dat
06-28 23:24:45.586  6973  6973 E memtrack: Couldn't load memtrack module (No such file or directory)
06-28 23:24:45.586  6973  6973 E android.os.Debug: failed to load memtrack module: -2
06-28 23:24:45.587  6973  6973 I Radio-JNI: register_android_hardware_Radio DONE
06-28 23:24:45.592  6973  6973 D AndroidRuntime: Calling main entry com.android.commands.uiautomator.Launcher
06-28 23:24:46.504  1857  3250 I NetworkScheduler.Stats: Task com.google.android.gms/com.google.android.gms.checkin.CheckinService started execution. cause:4 exec_start_elapsed_seconds: 511 [CONTEXT service_id=218 ]
06-28 23:24:46.509  1857  3250 I NetworkScheduler.Stats: Task com.google.android.gms/com.google.android.gms.checkin.CheckinService finished executing. cause:4 result: 3 elapsed_millis: 26 uptime_millis: 26 exec_start_elapsed_seconds: 511 [CONTEXT service_id=218 ]
06-28 23:24:46.609  6973  6973 W AccessibilityNodeInfoDumper: Fetch time: 3ms
06-28 23:24:46.610  1724  4312 W WindowManager: Attempted to remove non-existing token: android.os.Binder@bd7cb2e
06-28 23:24:46.614  6973  6973 D AndroidRuntime: Shutting down VM
06-28 23:24:47.447  7002  7002 D AndroidRuntime: >>>>>> START com.android.internal.os.RuntimeInit uid 2000 <<<<<<
06-28 23:24:47.450  7002  7002 D AndroidRuntime: CheckJNI is ON
06-28 23:24:47.472  7002  7002 W art     : Unexpected CPU variant for X86 using defaults: x86
06-28 23:24:47.475  7002  7002 D ICU     : No timezone override file found: /data/local/tmp/misc/zoneinfo/current/icu/icu_tzdata.dat
06-28 23:24:47.489  7002  7002 E memtrack: Couldn't load memtrack module (No such file or directory)
06-28 23:24:47.489  7002  7002 E android.os.Debug: failed to load memtrack module: -2
06-28 23:24:47.490  7002  7002 I Radio-JNI: register_android_hardware_Radio DONE
06-28 23:24:47.494  7002  7002 D AndroidRuntime: Calling main entry com.android.commands.uiautomator.Launcher
06-28 23:24:48.511  7002  7002 W AccessibilityNodeInfoDumper: Fetch time: 2ms
06-28 23:24:48.512  1724  4314 W WindowManager: Attempted to remove non-existing token: android.os.Binder@e3d4892
06-28 23:24:48.514  7002  7002 D AndroidRuntime: Shutting down VM
06-28 23:24:48.777  7020  7020 D AndroidRuntime: >>>>>> START com.android.internal.os.RuntimeInit uid 2000 <<<<<<
06-28 23:24:48.778  7020  7020 D AndroidRuntime: CheckJNI is ON
06-28 23:24:48.800  7020  7020 W art     : Unexpected CPU variant for X86 using defaults: x86
06-28 23:24:48.802  7020  7020 D ICU     : No timezone override file found: /data/local/tmp/misc/zoneinfo/current/icu/icu_tzdata.dat
06-28 23:24:48.816  7020  7020 E memtrack: Couldn't load memtrack module (No such file or directory)
06-28 23:24:48.816  7020  7020 E android.os.Debug: failed to load memtrack module: -2
06-28 23:24:48.819  7020  7020 I Radio-JNI: register_android_hardware_Radio DONE
06-28 23:24:48.824  7020  7020 D AndroidRuntime: Calling main entry com.android.commands.uiautomator.Launcher
06-28 23:24:49.843  7020  7020 W AccessibilityNodeInfoDumper: Fetch time: 2ms
06-28 23:24:49.843  1724  1736 W WindowManager: Attempted to remove non-existing token: android.os.Binder@90aae60
06-28 23:24:49.846  7020  7020 D AndroidRuntime: Shutting down VM
06-28 23:24:50.680  7046  7046 D AndroidRuntime: >>>>>> START com.android.internal.os.RuntimeInit uid 2000 <<<<<<
06-28 23:24:50.681  7046  7046 D AndroidRuntime: CheckJNI is ON
06-28 23:24:50.705  7046  7046 W art     : Unexpected CPU variant for X86 using defaults: x86
06-28 23:24:50.708  7046  7046 D ICU     : No timezone override file found: /data/local/tmp/misc/zoneinfo/current/icu/icu_tzdata.dat
06-28 23:24:50.721  7046  7046 E memtrack: Couldn't load memtrack module (No such file or directory)
06-28 23:24:50.721  7046  7046 E android.os.Debug: failed to load memtrack module: -2
06-28 23:24:50.722  7046  7046 I Radio-JNI: register_android_hardware_Radio DONE
06-28 23:24:50.726  7046  7046 D AndroidRuntime: Calling main entry com.android.commands.uiautomator.Launcher
06-28 23:24:51.742  7046  7046 W AccessibilityNodeInfoDumper: Fetch time: 2ms
06-28 23:24:51.743  1724  1751 W WindowManager: Attempted to remove non-existing token: android.os.Binder@ee35bde
06-28 23:24:51.746  7046  7046 D AndroidRuntime: Shutting down VM
06-28 23:24:52.627  7079  7079 D AndroidRuntime: >>>>>> START com.android.internal.os.RuntimeInit uid 2000 <<<<<<
06-28 23:24:52.628  7079  7079 D AndroidRuntime: CheckJNI is ON
06-28 23:24:52.650  7079  7079 W art     : Unexpected CPU variant for X86 using defaults: x86
06-28 23:24:52.653  7079  7079 D ICU     : No timezone override file found: /data/local/tmp/misc/zoneinfo/current/icu/icu_tzdata.dat
06-28 23:24:52.665  7079  7079 E memtrack: Couldn't load memtrack module (No such file or directory)
06-28 23:24:52.665  7079  7079 E android.os.Debug: failed to load memtrack module: -2
06-28 23:24:52.665  7079  7079 I Radio-JNI: register_android_hardware_Radio DONE
06-28 23:24:52.670  7079  7079 D AndroidRuntime: Calling main entry com.android.commands.uiautomator.Launcher
06-28 23:24:53.693  7079  7079 W AccessibilityNodeInfoDumper: Fetch time: 3ms
06-28 23:24:53.694  1724  1736 W WindowManager: Attempted to remove non-existing token: android.os.Binder@94557ea
06-28 23:24:53.696  7079  7079 D AndroidRuntime: Shutting down VM
06-28 23:24:53.805  1349  1376 E SurfaceFlinger: ro.sf.lcd_density must be defined as a build property
06-28 23:24:53.816  1349  1349 W SurfaceFlinger: FB is protected: PERMISSION_DENIED
06-28 23:24:55.886  1349  1376 E SurfaceFlinger: ro.sf.lcd_density must be defined as a build property
06-28 23:24:55.900  1349  1349 W SurfaceFlinger: FB is protected: PERMISSION_DENIED
06-28 23:24:57.966  1349  1363 E SurfaceFlinger: ro.sf.lcd_density must be defined as a build property
06-28 23:24:57.968  1349  1349 W SurfaceFlinger: FB is protected: PERMISSION_DENIED
06-28 23:25:00.048  1349  1376 E SurfaceFlinger: ro.sf.lcd_density must be defined as a build property
06-28 23:25:00.051  1349  1349 W SurfaceFlinger: FB is protected: PERMISSION_DENIED
06-28 23:25:02.123  1349  1364 E SurfaceFlinger: ro.sf.lcd_density must be defined as a build property
06-28 23:25:02.136  1349  1349 W SurfaceFlinger: FB is protected: PERMISSION_DENIED
06-28 23:25:04.209  1349  2134 E SurfaceFlinger: ro.sf.lcd_density must be defined as a build property
06-28 23:25:04.220  1349  1349 W SurfaceFlinger: FB is protected: PERMISSION_DENIED
06-28 23:25:06.293  1349  2134 E SurfaceFlinger: ro.sf.lcd_density must be defined as a build property
06-28 23:25:06.294  1349  1349 W SurfaceFlinger: FB is protected: PERMISSION_DENIED
06-28 23:25:08.361  1349  1364 E SurfaceFlinger: ro.sf.lcd_density must be defined as a build property
06-28 23:25:08.368  1349  1349 W SurfaceFlinger: FB is protected: PERMISSION_DENIED
06-28 23:25:10.441  1349  1363 E SurfaceFlinger: ro.sf.lcd_density must be defined as a build property
06-28 23:25:10.442  1349  1349 W SurfaceFlinger: FB is protected: PERMISSION_DENIED
06-28 23:25:12.508  1349  1364 E SurfaceFlinger: ro.sf.lcd_density must be defined as a build property
06-28 23:25:12.509  1349  1349 W SurfaceFlinger: FB is protected: PERMISSION_DENIED
06-28 23:25:14.576  1349  2197 E SurfaceFlinger: ro.sf.lcd_density must be defined as a build property
06-28 23:25:14.584  1349  1349 W SurfaceFlinger: FB is protected: PERMISSION_DENIED
06-28 23:25:16.656  1349  2134 E SurfaceFlinger: ro.sf.lcd_density must be defined as a build property
06-28 23:25:16.668  1349  1349 W SurfaceFlinger: FB is protected: PERMISSION_DENIED
06-28 23:25:18.743  1349  2134 E SurfaceFlinger: ro.sf.lcd_density must be defined as a build property
06-28 23:25:18.750  1349  1349 W SurfaceFlinger: FB is protected: PERMISSION_DENIED
06-28 23:25:20.822  1349  1376 E SurfaceFlinger: ro.sf.lcd_density must be defined as a build property
06-28 23:25:20.833  1349  1349 W SurfaceFlinger: FB is protected: PERMISSION_DENIED
06-28 23:25:22.903  1349  2134 E SurfaceFlinger: ro.sf.lcd_density must be defined as a build property
06-28 23:25:22.915  1349  1349 W SurfaceFlinger: FB is protected: PERMISSION_DENIED
06-28 23:25:24.984  1349  1364 E SurfaceFlinger: ro.sf.lcd_density must be defined as a build property
06-28 23:25:25.000  1349  1349 W SurfaceFlinger: FB is protected: PERMISSION_DENIED
06-28 23:25:27.074  1349  1376 E SurfaceFlinger: ro.sf.lcd_density must be defined as a build property
06-28 23:25:27.074  1349  1349 W SurfaceFlinger: FB is protected: PERMISSION_DENIED
06-28 23:25:29.159  1349  1364 E SurfaceFlinger: ro.sf.lcd_density must be defined as a build property
06-28 23:25:29.160  1349  1349 W SurfaceFlinger: FB is protected: PERMISSION_DENIED
06-28 23:25:31.237  1349  1376 E SurfaceFlinger: ro.sf.lcd_density must be defined as a build property
06-28 23:25:31.238  1349  1349 W SurfaceFlinger: FB is protected: PERMISSION_DENIED
06-28 23:25:33.309  1349  2134 E SurfaceFlinger: ro.sf.lcd_density must be defined as a build property
06-28 23:25:33.309  1349  1349 W SurfaceFlinger: FB is protected: PERMISSION_DENIED
06-28 23:25:35.560  7199  7199 D AndroidRuntime: >>>>>> START com.android.internal.os.RuntimeInit uid 2000 <<<<<<
06-28 23:25:35.562  7199  7199 D AndroidRuntime: CheckJNI is ON
06-28 23:25:35.602  7199  7199 W art     : Unexpected CPU variant for X86 using defaults: x86
06-28 23:25:35.605  7199  7199 D ICU     : No timezone override file found: /data/local/tmp/misc/zoneinfo/current/icu/icu_tzdata.dat
06-28 23:25:35.621  7199  7199 E memtrack: Couldn't load memtrack module (No such file or directory)
06-28 23:25:35.621  7199  7199 E android.os.Debug: failed to load memtrack module: -2
06-28 23:25:35.621  7199  7199 I Radio-JNI: register_android_hardware_Radio DONE
06-28 23:25:35.626  7199  7199 D AndroidRuntime: Calling main entry com.android.commands.uiautomator.Launcher
06-28 23:25:36.653  7199  7199 W AccessibilityNodeInfoDumper: Fetch time: 2ms
06-28 23:25:36.654  1724  2124 W WindowManager: Attempted to remove non-existing token: android.os.Binder@edd2851
06-28 23:25:36.658  7199  7199 D AndroidRuntime: Shutting down VM
06-28 23:25:38.905  7216  7216 D AndroidRuntime: >>>>>> START com.android.internal.os.RuntimeInit uid 2000 <<<<<<
06-28 23:25:38.906  7216  7216 D AndroidRuntime: CheckJNI is ON
06-28 23:25:38.927  7216  7216 W art     : Unexpected CPU variant for X86 using defaults: x86
06-28 23:25:38.932  7216  7216 D ICU     : No timezone override file found: /data/local/tmp/misc/zoneinfo/current/icu/icu_tzdata.dat
06-28 23:25:38.944  7216  7216 E memtrack: Couldn't load memtrack module (No such file or directory)
06-28 23:25:38.944  7216  7216 E android.os.Debug: failed to load memtrack module: -2
06-28 23:25:38.945  7216  7216 I Radio-JNI: register_android_hardware_Radio DONE
06-28 23:25:38.952  7216  7216 D AndroidRuntime: Calling main entry com.android.commands.uiautomator.Launcher
06-28 23:25:39.972  7216  7216 W AccessibilityNodeInfoDumper: Fetch time: 2ms
06-28 23:25:39.973  1724  2559 W WindowManager: Attempted to remove non-existing token: android.os.Binder@c1459b7
06-28 23:25:39.976  7216  7216 D AndroidRuntime: Shutting down VM
06-28 23:25:40.243  7233  7233 D AndroidRuntime: >>>>>> START com.android.internal.os.RuntimeInit uid 2000 <<<<<<
06-28 23:25:40.245  7233  7233 D AndroidRuntime: CheckJNI is ON
06-28 23:25:40.270  7233  7233 W art     : Unexpected CPU variant for X86 using defaults: x86
06-28 23:25:40.273  7233  7233 D ICU     : No timezone override file found: /data/local/tmp/misc/zoneinfo/current/icu/icu_tzdata.dat
06-28 23:25:40.288  7233  7233 E memtrack: Couldn't load memtrack module (No such file or directory)
06-28 23:25:40.288  7233  7233 E android.os.Debug: failed to load memtrack module: -2
06-28 23:25:40.288  7233  7233 I Radio-JNI: register_android_hardware_Radio DONE
06-28 23:25:40.293  7233  7233 D AndroidRuntime: Calling main entry com.android.commands.uiautomator.Launcher
06-28 23:25:41.314  7233  7233 W AccessibilityNodeInfoDumper: Fetch time: 5ms
06-28 23:25:41.315  1724  1736 W WindowManager: Attempted to remove non-existing token: android.os.Binder@9faf88d
06-28 23:25:41.318  7233  7233 D AndroidRuntime: Shutting down VM
06-28 23:25:41.568  7250  7250 D AndroidRuntime: >>>>>> START com.android.internal.os.RuntimeInit uid 2000 <<<<<<
06-28 23:25:41.570  7250  7250 D AndroidRuntime: CheckJNI is ON
06-28 23:25:41.593  7250  7250 W art     : Unexpected CPU variant for X86 using defaults: x86
06-28 23:25:41.597  7250  7250 D ICU     : No timezone override file found: /data/local/tmp/misc/zoneinfo/current/icu/icu_tzdata.dat
06-28 23:25:41.610  7250  7250 E memtrack: Couldn't load memtrack module (No such file or directory)
06-28 23:25:41.610  7250  7250 E android.os.Debug: failed to load memtrack module: -2
06-28 23:25:41.610  7250  7250 I Radio-JNI: register_android_hardware_Radio DONE
06-28 23:25:41.616  7250  7250 D AndroidRuntime: Calling main entry com.android.commands.uiautomator.Launcher
06-28 23:25:42.636  7250  7250 W AccessibilityNodeInfoDumper: Fetch time: 4ms
06-28 23:25:42.637  1724  4312 W WindowManager: Attempted to remove non-existing token: android.os.Binder@88ada53
06-28 23:25:42.640  7250  7250 D AndroidRuntime: Shutting down VM
06-28 23:25:42.973  7271  7271 D AndroidRuntime: >>>>>> START com.android.internal.os.RuntimeInit uid 2000 <<<<<<
06-28 23:25:42.974  7271  7271 D AndroidRuntime: CheckJNI is ON
06-28 23:25:43.000  7271  7271 W art     : Unexpected CPU variant for X86 using defaults: x86
06-28 23:25:43.002  7271  7271 D ICU     : No timezone override file found: /data/local/tmp/misc/zoneinfo/current/icu/icu_tzdata.dat
06-28 23:25:43.015  7271  7271 E memtrack: Couldn't load memtrack module (No such file or directory)
06-28 23:25:43.015  7271  7271 E android.os.Debug: failed to load memtrack module: -2
06-28 23:25:43.015  7271  7271 I Radio-JNI: register_android_hardware_Radio DONE
06-28 23:25:43.020  7271  7271 D AndroidRuntime: Calling main entry com.android.commands.uiautomator.Launcher
06-28 23:25:44.038  7271  7271 W AccessibilityNodeInfoDumper: Fetch time: 2ms
06-28 23:25:44.039  1724  4314 W WindowManager: Attempted to remove non-existing token: android.os.Binder@aab9089
06-28 23:25:44.042  7271  7271 D AndroidRuntime: Shutting down VM
06-28 23:25:44.253  7283  7283 D AndroidRuntime: >>>>>> START com.android.internal.os.RuntimeInit uid 2000 <<<<<<
06-28 23:25:44.254  7283  7283 D AndroidRuntime: CheckJNI is ON
06-28 23:25:44.277  7283  7283 W art     : Unexpected CPU variant for X86 using defaults: x86
06-28 23:25:44.283  7283  7283 D ICU     : No timezone override file found: /data/misc/zoneinfo/current/icu/icu_tzdata.dat
06-28 23:25:44.293  7283  7283 E memtrack: Couldn't load memtrack module (No such file or directory)
06-28 23:25:44.293  7283  7283 E android.os.Debug: failed to load memtrack module: -2
06-28 23:25:44.294  7283  7283 I Radio-JNI: register_android_hardware_Radio DONE
06-28 23:25:44.301  7283  7283 D AndroidRuntime: Calling main entry com.android.commands.input.Input
06-28 23:25:44.305  7283  7283 I Input   : injectMotionEvent: MotionEvent { action=ACTION_DOWN, actionButton=0, id[0]=0, x[0]=784.0, y[0]=136.0, toolType[0]=TOOL_TYPE_UNKNOWN, buttonState=0, metaState=0, flags=0x0, edgeFlags=0x0, pointerCount=1, historySize=0, eventTime=568975, downTime=568975, deviceId=0, source=0x1002 }
06-28 23:25:44.307  7283  7283 I Input   : injectMotionEvent: MotionEvent { action=ACTION_MOVE, actionButton=0, id[0]=0, x[0]=784.0, y[0]=136.0, toolType[0]=TOOL_TYPE_UNKNOWN, buttonState=0, metaState=0, flags=0x0, edgeFlags=0x0, pointerCount=1, historySize=0, eventTime=568975, downTime=568975, deviceId=0, source=0x1002 }
06-28 23:25:44.312  7283  7283 I Input   : injectMotionEvent: MotionEvent { action=ACTION_MOVE, actionButton=0, id[0]=0, x[0]=784.0, y[0]=136.0, toolType[0]=TOOL_TYPE_UNKNOWN, buttonState=0, metaState=0, flags=0x0, edgeFlags=0x0, pointerCount=1, historySize=0, eventTime=568984, downTime=568984, deviceId=0, source=0x1002 }
06-28 23:25:44.330  7283  7283 I Input   : injectMotionEvent: MotionEvent { action=ACTION_MOVE, actionButton=0, id[0]=0, x[0]=784.0, y[0]=136.0, toolType[0]=TOOL_TYPE_UNKNOWN, buttonState=0, metaState=0, flags=0x0, edgeFlags=0x0, pointerCount=1, historySize=0, eventTime=569002, downTime=569002, deviceId=0, source=0x1002 }
06-28 23:25:44.347  7283  7283 I Input   : injectMotionEvent: MotionEvent { action=ACTION_MOVE, actionButton=0, id[0]=0, x[0]=784.0, y[0]=136.0, toolType[0]=TOOL_TYPE_UNKNOWN, buttonState=0, metaState=0, flags=0x0, edgeFlags=0x0, pointerCount=1, historySize=0, eventTime=569019, downTime=569019, deviceId=0, source=0x1002 }
06-28 23:25:44.362  7283  7283 I Input   : injectMotionEvent: MotionEvent { action=ACTION_MOVE, actionButton=0, id[0]=0, x[0]=784.0, y[0]=136.0, toolType[0]=TOOL_TYPE_UNKNOWN, buttonState=0, metaState=0, flags=0x0, edgeFlags=0x0, pointerCount=1, historySize=0, eventTime=569034, downTime=569034, deviceId=0, source=0x1002 }
06-28 23:25:44.382  7283  7283 I Input   : injectMotionEvent: MotionEvent { action=ACTION_MOVE, actionButton=0, id[0]=0, x[0]=784.0, y[0]=136.0, toolType[0]=TOOL_TYPE_UNKNOWN, buttonState=0, metaState=0, flags=0x0, edgeFlags=0x0, pointerCount=1, historySize=0, eventTime=569054, downTime=569054, deviceId=0, source=0x1002 }
06-28 23:25:44.396  7283  7283 I Input   : injectMotionEvent: MotionEvent { action=ACTION_MOVE, actionButton=0, id[0]=0, x[0]=784.0, y[0]=136.0, toolType[0]=TOOL_TYPE_UNKNOWN, buttonState=0, metaState=0, flags=0x0, edgeFlags=0x0, pointerCount=1, historySize=0, eventTime=569069, downTime=569069, deviceId=0, source=0x1002 }
06-28 23:25:44.412  7283  7283 I Input   : injectMotionEvent: MotionEvent { action=ACTION_MOVE, actionButton=0, id[0]=0, x[0]=784.0, y[0]=136.0, toolType[0]=TOOL_TYPE_UNKNOWN, buttonState=0, metaState=0, flags=0x0, edgeFlags=0x0, pointerCount=1, historySize=0, eventTime=569084, downTime=569084, deviceId=0, source=0x1002 }
06-28 23:25:44.429  7283  7283 I Input   : injectMotionEvent: MotionEvent { action=ACTION_MOVE, actionButton=0, id[0]=0, x[0]=784.0, y[0]=136.0, toolType[0]=TOOL_TYPE_UNKNOWN, buttonState=0, metaState=0, flags=0x0, edgeFlags=0x0, pointerCount=1, historySize=0, eventTime=569102, downTime=569102, deviceId=0, source=0x1002 }
06-28 23:25:44.445  7283  7283 I Input   : injectMotionEvent: MotionEvent { action=ACTION_MOVE, actionButton=0, id[0]=0, x[0]=784.0, y[0]=136.0, toolType[0]=TOOL_TYPE_UNKNOWN, buttonState=0, metaState=0, flags=0x0, edgeFlags=0x0, pointerCount=1, historySize=0, eventTime=569118, downTime=569118, deviceId=0, source=0x1002 }
06-28 23:25:44.461  7283  7283 I Input   : injectMotionEvent: MotionEvent { action=ACTION_MOVE, actionButton=0, id[0]=0, x[0]=784.0, y[0]=136.0, toolType[0]=TOOL_TYPE_UNKNOWN, buttonState=0, metaState=0, flags=0x0, edgeFlags=0x0, pointerCount=1, historySize=0, eventTime=569134, downTime=569134, deviceId=0, source=0x1002 }
06-28 23:25:44.480  7283  7283 I Input   : injectMotionEvent: MotionEvent { action=ACTION_MOVE, actionButton=0, id[0]=0, x[0]=784.0, y[0]=136.0, toolType[0]=TOOL_TYPE_UNKNOWN, buttonState=0, metaState=0, flags=0x0, edgeFlags=0x0, pointerCount=1, historySize=0, eventTime=569153, downTime=569153, deviceId=0, source=0x1002 }
06-28 23:25:44.495  7283  7283 I Input   : injectMotionEvent: MotionEvent { action=ACTION_MOVE, actionButton=0, id[0]=0, x[0]=784.0, y[0]=136.0, toolType[0]=TOOL_TYPE_UNKNOWN, buttonState=0, metaState=0, flags=0x0, edgeFlags=0x0, pointerCount=1, historySize=0, eventTime=569168, downTime=569168, deviceId=0, source=0x1002 }
06-28 23:25:44.512  7283  7283 I Input   : injectMotionEvent: MotionEvent { action=ACTION_MOVE, actionButton=0, id[0]=0, x[0]=784.0, y[0]=136.0, toolType[0]=TOOL_TYPE_UNKNOWN, buttonState=0, metaState=0, flags=0x0, edgeFlags=0x0, pointerCount=1, historySize=0, eventTime=569184, downTime=569184, deviceId=0, source=0x1002 }
06-28 23:25:44.531  7283  7283 I Input   : injectMotionEvent: MotionEvent { action=ACTION_MOVE, actionButton=0, id[0]=0, x[0]=784.0, y[0]=136.0, toolType[0]=TOOL_TYPE_UNKNOWN, buttonState=0, metaState=0, flags=0x0, edgeFlags=0x0, pointerCount=1, historySize=0, eventTime=569204, downTime=569204, deviceId=0, source=0x1002 }
06-28 23:25:44.546  7283  7283 I Input   : injectMotionEvent: MotionEvent { action=ACTION_MOVE, actionButton=0, id[0]=0, x[0]=784.0, y[0]=136.0, toolType[0]=TOOL_TYPE_UNKNOWN, buttonState=0, metaState=0, flags=0x0, edgeFlags=0x0, pointerCount=1, historySize=0, eventTime=569219, downTime=569219, deviceId=0, source=0x1002 }
06-28 23:25:44.563  7283  7283 I Input   : injectMotionEvent: MotionEvent { action=ACTION_MOVE, actionButton=0, id[0]=0, x[0]=784.0, y[0]=136.0, toolType[0]=TOOL_TYPE_UNKNOWN, buttonState=0, metaState=0, flags=0x0, edgeFlags=0x0, pointerCount=1, historySize=0, eventTime=569235, downTime=569235, deviceId=0, source=0x1002 }
06-28 23:25:44.580  7283  7283 I Input   : injectMotionEvent: MotionEvent { action=ACTION_MOVE, actionButton=0, id[0]=0, x[0]=784.0, y[0]=136.0, toolType[0]=TOOL_TYPE_UNKNOWN, buttonState=0, metaState=0, flags=0x0, edgeFlags=0x0, pointerCount=1, historySize=0, eventTime=569252, downTime=569252, deviceId=0, source=0x1002 }
06-28 23:25:44.596  7283  7283 I Input   : injectMotionEvent: MotionEvent { action=ACTION_MOVE, actionButton=0, id[0]=0, x[0]=784.0, y[0]=136.0, toolType[0]=TOOL_TYPE_UNKNOWN, buttonState=0, metaState=0, flags=0x0, edgeFlags=0x0, pointerCount=1, historySize=0, eventTime=569269, downTime=569269, deviceId=0, source=0x1002 }
06-28 23:25:44.611  7283  7283 I Input   : injectMotionEvent: MotionEvent { action=ACTION_MOVE, actionButton=0, id[0]=0, x[0]=784.0, y[0]=136.0, toolType[0]=TOOL_TYPE_UNKNOWN, buttonState=0, metaState=0, flags=0x0, edgeFlags=0x0, pointerCount=1, historySize=0, eventTime=569284, downTime=569284, deviceId=0, source=0x1002 }
06-28 23:25:44.628  7283  7283 I Input   : injectMotionEvent: MotionEvent { action=ACTION_MOVE, actionButton=0, id[0]=0, x[0]=784.0, y[0]=136.0, toolType[0]=TOOL_TYPE_UNKNOWN, buttonState=0, metaState=0, flags=0x0, edgeFlags=0x0, pointerCount=1, historySize=0, eventTime=569301, downTime=569301, deviceId=0, source=0x1002 }
06-28 23:25:44.646  7283  7283 I Input   : injectMotionEvent: MotionEvent { action=ACTION_MOVE, actionButton=0, id[0]=0, x[0]=784.0, y[0]=136.0, toolType[0]=TOOL_TYPE_UNKNOWN, buttonState=0, metaState=0, flags=0x0, edgeFlags=0x0, pointerCount=1, historySize=0, eventTime=569319, downTime=569319, deviceId=0, source=0x1002 }
06-28 23:25:44.661  7283  7283 I Input   : injectMotionEvent: MotionEvent { action=ACTION_MOVE, actionButton=0, id[0]=0, x[0]=784.0, y[0]=136.0, toolType[0]=TOOL_TYPE_UNKNOWN, buttonState=0, metaState=0, flags=0x0, edgeFlags=0x0, pointerCount=1, historySize=0, eventTime=569334, downTime=569334, deviceId=0, source=0x1002 }
06-28 23:25:44.681  7283  7283 I Input   : injectMotionEvent: MotionEvent { action=ACTION_MOVE, actionButton=0, id[0]=0, x[0]=784.0, y[0]=136.0, toolType[0]=TOOL_TYPE_UNKNOWN, buttonState=0, metaState=0, flags=0x0, edgeFlags=0x0, pointerCount=1, historySize=0, eventTime=569353, downTime=569353, deviceId=0, source=0x1002 }
06-28 23:25:44.696  7283  7283 I Input   : injectMotionEvent: MotionEvent { action=ACTION_MOVE, actionButton=0, id[0]=0, x[0]=784.0, y[0]=136.0, toolType[0]=TOOL_TYPE_UNKNOWN, buttonState=0, metaState=0, flags=0x0, edgeFlags=0x0, pointerCount=1, historySize=0, eventTime=569368, downTime=569368, deviceId=0, source=0x1002 }
06-28 23:25:44.717  7283  7283 I Input   : injectMotionEvent: MotionEvent { action=ACTION_MOVE, actionButton=0, id[0]=0, x[0]=784.0, y[0]=136.0, toolType[0]=TOOL_TYPE_UNKNOWN, buttonState=0, metaState=0, flags=0x0, edgeFlags=0x0, pointerCount=1, historySize=0, eventTime=569389, downTime=569389, deviceId=0, source=0x1002 }
06-28 23:25:44.734  7283  7283 I Input   : injectMotionEvent: MotionEvent { action=ACTION_MOVE, actionButton=0, id[0]=0, x[0]=784.0, y[0]=136.0, toolType[0]=TOOL_TYPE_UNKNOWN, buttonState=0, metaState=0, flags=0x0, edgeFlags=0x0, pointerCount=1, historySize=0, eventTime=569407, downTime=569407, deviceId=0, source=0x1002 }
06-28 23:25:44.735  4539  4559 D EGL_emulation: eglMakeCurrent: 0x9d9ac9e0: ver 3 0 (tinfo 0x9d9aa890)
06-28 23:25:44.738  4539  4559 D EGL_emulation: eglMakeCurrent: 0x9d9ac9e0: ver 3 0 (tinfo 0x9d9aa890)
06-28 23:25:44.745  7283  7283 I Input   : injectMotionEvent: MotionEvent { action=ACTION_MOVE, actionButton=0, id[0]=0, x[0]=784.0, y[0]=136.0, toolType[0]=TOOL_TYPE_UNKNOWN, buttonState=0, metaState=0, flags=0x0, edgeFlags=0x0, pointerCount=1, historySize=0, eventTime=569417, downTime=569417, deviceId=0, source=0x1002 }
06-28 23:25:44.762  7283  7283 I Input   : injectMotionEvent: MotionEvent { action=ACTION_MOVE, actionButton=0, id[0]=0, x[0]=784.0, y[0]=136.0, toolType[0]=TOOL_TYPE_UNKNOWN, buttonState=0, metaState=0, flags=0x0, edgeFlags=0x0, pointerCount=1, historySize=0, eventTime=569435, downTime=569435, deviceId=0, source=0x1002 }
06-28 23:25:44.779  7283  7283 I Input   : injectMotionEvent: MotionEvent { action=ACTION_MOVE, actionButton=0, id[0]=0, x[0]=784.0, y[0]=136.0, toolType[0]=TOOL_TYPE_UNKNOWN, buttonState=0, metaState=0, flags=0x0, edgeFlags=0x0, pointerCount=1, historySize=0, eventTime=569451, downTime=569451, deviceId=0, source=0x1002 }
06-28 23:25:44.795  7283  7283 I Input   : injectMotionEvent: MotionEvent { action=ACTION_MOVE, actionButton=0, id[0]=0, x[0]=784.0, y[0]=136.0, toolType[0]=TOOL_TYPE_UNKNOWN, buttonState=0, metaState=0, flags=0x0, edgeFlags=0x0, pointerCount=1, historySize=0, eventTime=569467, downTime=569467, deviceId=0, source=0x1002 }
06-28 23:25:44.812  7283  7283 I Input   : injectMotionEvent: MotionEvent { action=ACTION_MOVE, actionButton=0, id[0]=0, x[0]=784.0, y[0]=136.0, toolType[0]=TOOL_TYPE_UNKNOWN, buttonState=0, metaState=0, flags=0x0, edgeFlags=0x0, pointerCount=1, historySize=0, eventTime=569485, downTime=569485, deviceId=0, source=0x1002 }
06-28 23:25:44.831  7283  7283 I Input   : injectMotionEvent: MotionEvent { action=ACTION_MOVE, actionButton=0, id[0]=0, x[0]=784.0, y[0]=136.0, toolType[0]=TOOL_TYPE_UNKNOWN, buttonState=0, metaState=0, flags=0x0, edgeFlags=0x0, pointerCount=1, historySize=0, eventTime=569503, downTime=569503, deviceId=0, source=0x1002 }
06-28 23:25:44.846  7283  7283 I Input   : injectMotionEvent: MotionEvent { action=ACTION_MOVE, actionButton=0, id[0]=0, x[0]=784.0, y[0]=136.0, toolType[0]=TOOL_TYPE_UNKNOWN, buttonState=0, metaState=0, flags=0x0, edgeFlags=0x0, pointerCount=1, historySize=0, eventTime=569519, downTime=569519, deviceId=0, source=0x1002 }
06-28 23:25:44.862  7283  7283 I Input   : injectMotionEvent: MotionEvent { action=ACTION_MOVE, actionButton=0, id[0]=0, x[0]=784.0, y[0]=136.0, toolType[0]=TOOL_TYPE_UNKNOWN, buttonState=0, metaState=0, flags=0x0, edgeFlags=0x0, pointerCount=1, historySize=0, eventTime=569535, downTime=569535, deviceId=0, source=0x1002 }
06-28 23:25:44.880  7283  7283 I Input   : injectMotionEvent: MotionEvent { action=ACTION_MOVE, actionButton=0, id[0]=0, x[0]=784.0, y[0]=136.0, toolType[0]=TOOL_TYPE_UNKNOWN, buttonState=0, metaState=0, flags=0x0, edgeFlags=0x0, pointerCount=1, historySize=0, eventTime=569552, downTime=569552, deviceId=0, source=0x1002 }
06-28 23:25:44.896  7283  7283 I Input   : injectMotionEvent: MotionEvent { action=ACTION_MOVE, actionButton=0, id[0]=0, x[0]=784.0, y[0]=136.0, toolType[0]=TOOL_TYPE_UNKNOWN, buttonState=0, metaState=0, flags=0x0, edgeFlags=0x0, pointerCount=1, historySize=0, eventTime=569568, downTime=569568, deviceId=0, source=0x1002 }
06-28 23:25:44.912  7283  7283 I Input   : injectMotionEvent: MotionEvent { action=ACTION_MOVE, actionButton=0, id[0]=0, x[0]=784.0, y[0]=136.0, toolType[0]=TOOL_TYPE_UNKNOWN, buttonState=0, metaState=0, flags=0x0, edgeFlags=0x0, pointerCount=1, historySize=0, eventTime=569584, downTime=569584, deviceId=0, source=0x1002 }
06-28 23:25:44.930  7283  7283 I Input   : injectMotionEvent: MotionEvent { action=ACTION_MOVE, actionButton=0, id[0]=0, x[0]=784.0, y[0]=136.0, toolType[0]=TOOL_TYPE_UNKNOWN, buttonState=0, metaState=0, flags=0x0, edgeFlags=0x0, pointerCount=1, historySize=0, eventTime=569603, downTime=569603, deviceId=0, source=0x1002 }
06-28 23:25:44.945  7283  7283 I Input   : injectMotionEvent: MotionEvent { action=ACTION_MOVE, actionButton=0, id[0]=0, x[0]=784.0, y[0]=136.0, toolType[0]=TOOL_TYPE_UNKNOWN, buttonState=0, metaState=0, flags=0x0, edgeFlags=0x0, pointerCount=1, historySize=0, eventTime=569617, downTime=569617, deviceId=0, source=0x1002 }
06-28 23:25:44.961  7283  7283 I Input   : injectMotionEvent: MotionEvent { action=ACTION_MOVE, actionButton=0, id[0]=0, x[0]=784.0, y[0]=136.0, toolType[0]=TOOL_TYPE_UNKNOWN, buttonState=0, metaState=0, flags=0x0, edgeFlags=0x0, pointerCount=1, historySize=0, eventTime=569634, downTime=569634, deviceId=0, source=0x1002 }
06-28 23:25:44.980  7283  7283 I Input   : injectMotionEvent: MotionEvent { action=ACTION_MOVE, actionButton=0, id[0]=0, x[0]=784.0, y[0]=136.0, toolType[0]=TOOL_TYPE_UNKNOWN, buttonState=0, metaState=0, flags=0x0, edgeFlags=0x0, pointerCount=1, historySize=0, eventTime=569652, downTime=569652, deviceId=0, source=0x1002 }
06-28 23:25:44.995  7283  7283 I Input   : injectMotionEvent: MotionEvent { action=ACTION_MOVE, actionButton=0, id[0]=0, x[0]=784.0, y[0]=136.0, toolType[0]=TOOL_TYPE_UNKNOWN, buttonState=0, metaState=0, flags=0x0, edgeFlags=0x0, pointerCount=1, historySize=0, eventTime=569667, downTime=569667, deviceId=0, source=0x1002 }
06-28 23:25:45.012  7283  7283 I Input   : injectMotionEvent: MotionEvent { action=ACTION_MOVE, actionButton=0, id[0]=0, x[0]=784.0, y[0]=136.0, toolType[0]=TOOL_TYPE_UNKNOWN, buttonState=0, metaState=0, flags=0x0, edgeFlags=0x0, pointerCount=1, historySize=0, eventTime=569684, downTime=569684, deviceId=0, source=0x1002 }
06-28 23:25:45.029  7283  7283 I Input   : injectMotionEvent: MotionEvent { action=ACTION_MOVE, actionButton=0, id[0]=0, x[0]=784.0, y[0]=136.0, toolType[0]=TOOL_TYPE_UNKNOWN, buttonState=0, metaState=0, flags=0x0, edgeFlags=0x0, pointerCount=1, historySize=0, eventTime=569702, downTime=569702, deviceId=0, source=0x1002 }
06-28 23:25:45.046  7283  7283 I Input   : injectMotionEvent: MotionEvent { action=ACTION_MOVE, actionButton=0, id[0]=0, x[0]=784.0, y[0]=136.0, toolType[0]=TOOL_TYPE_UNKNOWN, buttonState=0, metaState=0, flags=0x0, edgeFlags=0x0, pointerCount=1, historySize=0, eventTime=569719, downTime=569719, deviceId=0, source=0x1002 }
06-28 23:25:45.062  7283  7283 I Input   : injectMotionEvent: MotionEvent { action=ACTION_MOVE, actionButton=0, id[0]=0, x[0]=784.0, y[0]=136.0, toolType[0]=TOOL_TYPE_UNKNOWN, buttonState=0, metaState=0, flags=0x0, edgeFlags=0x0, pointerCount=1, historySize=0, eventTime=569734, downTime=569734, deviceId=0, source=0x1002 }
06-28 23:25:45.078  7283  7283 I Input   : injectMotionEvent: MotionEvent { action=ACTION_MOVE, actionButton=0, id[0]=0, x[0]=784.0, y[0]=136.0, toolType[0]=TOOL_TYPE_UNKNOWN, buttonState=0, metaState=0, flags=0x0, edgeFlags=0x0, pointerCount=1, historySize=0, eventTime=569750, downTime=569750, deviceId=0, source=0x1002 }
06-28 23:25:45.095  7283  7283 I Input   : injectMotionEvent: MotionEvent { action=ACTION_MOVE, actionButton=0, id[0]=0, x[0]=784.0, y[0]=136.0, toolType[0]=TOOL_TYPE_UNKNOWN, buttonState=0, metaState=0, flags=0x0, edgeFlags=0x0, pointerCount=1, historySize=0, eventTime=569768, downTime=569768, deviceId=0, source=0x1002 }
06-28 23:25:45.111  7283  7283 I Input   : injectMotionEvent: MotionEvent { action=ACTION_MOVE, actionButton=0, id[0]=0, x[0]=784.0, y[0]=136.0, toolType[0]=TOOL_TYPE_UNKNOWN, buttonState=0, metaState=0, flags=0x0, edgeFlags=0x0, pointerCount=1, historySize=0, eventTime=569783, downTime=569783, deviceId=0, source=0x1002 }
06-28 23:25:45.128  7283  7283 I Input   : injectMotionEvent: MotionEvent { action=ACTION_MOVE, actionButton=0, id[0]=0, x[0]=784.0, y[0]=136.0, toolType[0]=TOOL_TYPE_UNKNOWN, buttonState=0, metaState=0, flags=0x0, edgeFlags=0x0, pointerCount=1, historySize=0, eventTime=569801, downTime=569801, deviceId=0, source=0x1002 }
06-28 23:25:45.145  7283  7283 I Input   : injectMotionEvent: MotionEvent { action=ACTION_MOVE, actionButton=0, id[0]=0, x[0]=784.0, y[0]=136.0, toolType[0]=TOOL_TYPE_UNKNOWN, buttonState=0, metaState=0, flags=0x0, edgeFlags=0x0, pointerCount=1, historySize=0, eventTime=569818, downTime=569818, deviceId=0, source=0x1002 }
06-28 23:25:45.161  7283  7283 I Input   : injectMotionEvent: MotionEvent { action=ACTION_MOVE, actionButton=0, id[0]=0, x[0]=784.0, y[0]=136.0, toolType[0]=TOOL_TYPE_UNKNOWN, buttonState=0, metaState=0, flags=0x0, edgeFlags=0x0, pointerCount=1, historySize=0, eventTime=569834, downTime=569834, deviceId=0, source=0x1002 }
06-28 23:25:45.181  7283  7283 I Input   : injectMotionEvent: MotionEvent { action=ACTION_MOVE, actionButton=0, id[0]=0, x[0]=784.0, y[0]=136.0, toolType[0]=TOOL_TYPE_UNKNOWN, buttonState=0, metaState=0, flags=0x0, edgeFlags=0x0, pointerCount=1, historySize=0, eventTime=569853, downTime=569853, deviceId=0, source=0x1002 }
06-28 23:25:45.195  7283  7283 I Input   : injectMotionEvent: MotionEvent { action=ACTION_MOVE, actionButton=0, id[0]=0, x[0]=784.0, y[0]=136.0, toolType[0]=TOOL_TYPE_UNKNOWN, buttonState=0, metaState=0, flags=0x0, edgeFlags=0x0, pointerCount=1, historySize=0, eventTime=569868, downTime=569868, deviceId=0, source=0x1002 }
06-28 23:25:45.212  7283  7283 I Input   : injectMotionEvent: MotionEvent { action=ACTION_MOVE, actionButton=0, id[0]=0, x[0]=784.0, y[0]=136.0, toolType[0]=TOOL_TYPE_UNKNOWN, buttonState=0, metaState=0, flags=0x0, edgeFlags=0x0, pointerCount=1, historySize=0, eventTime=569884, downTime=569884, deviceId=0, source=0x1002 }
06-28 23:25:45.229  7283  7283 I Input   : injectMotionEvent: MotionEvent { action=ACTION_MOVE, actionButton=0, id[0]=0, x[0]=784.0, y[0]=136.0, toolType[0]=TOOL_TYPE_UNKNOWN, buttonState=0, metaState=0, flags=0x0, edgeFlags=0x0, pointerCount=1, historySize=0, eventTime=569901, downTime=569901, deviceId=0, source=0x1002 }
06-28 23:25:45.247  7283  7283 I Input   : injectMotionEvent: MotionEvent { action=ACTION_MOVE, actionButton=0, id[0]=0, x[0]=784.0, y[0]=136.0, toolType[0]=TOOL_TYPE_UNKNOWN, buttonState=0, metaState=0, flags=0x0, edgeFlags=0x0, pointerCount=1, historySize=0, eventTime=569920, downTime=569920, deviceId=0, source=0x1002 }
06-28 23:25:45.262  7283  7283 I Input   : injectMotionEvent: MotionEvent { action=ACTION_MOVE, actionButton=0, id[0]=0, x[0]=784.0, y[0]=136.0, toolType[0]=TOOL_TYPE_UNKNOWN, buttonState=0, metaState=0, flags=0x0, edgeFlags=0x0, pointerCount=1, historySize=0, eventTime=569935, downTime=569935, deviceId=0, source=0x1002 }
06-28 23:25:45.281  7283  7283 I Input   : injectMotionEvent: MotionEvent { action=ACTION_MOVE, actionButton=0, id[0]=0, x[0]=784.0, y[0]=136.0, toolType[0]=TOOL_TYPE_UNKNOWN, buttonState=0, metaState=0, flags=0x0, edgeFlags=0x0, pointerCount=1, historySize=0, eventTime=569953, downTime=569953, deviceId=0, source=0x1002 }
06-28 23:25:45.297  7283  7283 I Input   : injectMotionEvent: MotionEvent { action=ACTION_MOVE, actionButton=0, id[0]=0, x[0]=784.0, y[0]=136.0, toolType[0]=TOOL_TYPE_UNKNOWN, buttonState=0, metaState=0, flags=0x0, edgeFlags=0x0, pointerCount=1, historySize=0, eventTime=569969, downTime=569969, deviceId=0, source=0x1002 }
06-28 23:25:45.312  7283  7283 I Input   : injectMotionEvent: MotionEvent { action=ACTION_MOVE, actionButton=0, id[0]=0, x[0]=784.0, y[0]=136.0, toolType[0]=TOOL_TYPE_UNKNOWN, buttonState=0, metaState=0, flags=0x0, edgeFlags=0x0, pointerCount=1, historySize=0, eventTime=569984, downTime=569984, deviceId=0, source=0x1002 }
06-28 23:25:45.329  7283  7283 I Input   : injectMotionEvent: MotionEvent { action=ACTION_MOVE, actionButton=0, id[0]=0, x[0]=784.0, y[0]=136.0, toolType[0]=TOOL_TYPE_UNKNOWN, buttonState=0, metaState=0, flags=0x0, edgeFlags=0x0, pointerCount=1, historySize=0, eventTime=570001, downTime=570001, deviceId=0, source=0x1002 }
06-28 23:25:45.347  7283  7283 I Input   : injectMotionEvent: MotionEvent { action=ACTION_MOVE, actionButton=0, id[0]=0, x[0]=784.0, y[0]=136.0, toolType[0]=TOOL_TYPE_UNKNOWN, buttonState=0, metaState=0, flags=0x0, edgeFlags=0x0, pointerCount=1, historySize=0, eventTime=570019, downTime=570019, deviceId=0, source=0x1002 }
06-28 23:25:45.363  7283  7283 I Input   : injectMotionEvent: MotionEvent { action=ACTION_MOVE, actionButton=0, id[0]=0, x[0]=784.0, y[0]=136.0, toolType[0]=TOOL_TYPE_UNKNOWN, buttonState=0, metaState=0, flags=0x0, edgeFlags=0x0, pointerCount=1, historySize=0, eventTime=570036, downTime=570036, deviceId=0, source=0x1002 }
06-28 23:25:45.382  7283  7283 I Input   : injectMotionEvent: MotionEvent { action=ACTION_MOVE, actionButton=0, id[0]=0, x[0]=784.0, y[0]=136.0, toolType[0]=TOOL_TYPE_UNKNOWN, buttonState=0, metaState=0, flags=0x0, edgeFlags=0x0, pointerCount=1, historySize=0, eventTime=570055, downTime=570055, deviceId=0, source=0x1002 }
06-28 23:25:45.397  7283  7283 I Input   : injectMotionEvent: MotionEvent { action=ACTION_MOVE, actionButton=0, id[0]=0, x[0]=784.0, y[0]=136.0, toolType[0]=TOOL_TYPE_UNKNOWN, buttonState=0, metaState=0, flags=0x0, edgeFlags=0x0, pointerCount=1, historySize=0, eventTime=570069, downTime=570069, deviceId=0, source=0x1002 }
06-28 23:25:45.413  7283  7283 I Input   : injectMotionEvent: MotionEvent { action=ACTION_MOVE, actionButton=0, id[0]=0, x[0]=784.0, y[0]=136.0, toolType[0]=TOOL_TYPE_UNKNOWN, buttonState=0, metaState=0, flags=0x0, edgeFlags=0x0, pointerCount=1, historySize=0, eventTime=570085, downTime=570085, deviceId=0, source=0x1002 }
06-28 23:25:45.430  7283  7283 I Input   : injectMotionEvent: MotionEvent { action=ACTION_MOVE, actionButton=0, id[0]=0, x[0]=784.0, y[0]=136.0, toolType[0]=TOOL_TYPE_UNKNOWN, buttonState=0, metaState=0, flags=0x0, edgeFlags=0x0, pointerCount=1, historySize=0, eventTime=570102, downTime=570102, deviceId=0, source=0x1002 }
06-28 23:25:45.445  7283  7283 I Input   : injectMotionEvent: MotionEvent { action=ACTION_MOVE, actionButton=0, id[0]=0, x[0]=784.0, y[0]=136.0, toolType[0]=TOOL_TYPE_UNKNOWN, buttonState=0, metaState=0, flags=0x0, edgeFlags=0x0, pointerCount=1, historySize=0, eventTime=570118, downTime=570118, deviceId=0, source=0x1002 }
06-28 23:25:45.462  7283  7283 I Input   : injectMotionEvent: MotionEvent { action=ACTION_MOVE, actionButton=0, id[0]=0, x[0]=784.0, y[0]=136.0, toolType[0]=TOOL_TYPE_UNKNOWN, buttonState=0, metaState=0, flags=0x0, edgeFlags=0x0, pointerCount=1, historySize=0, eventTime=570134, downTime=570134, deviceId=0, source=0x1002 }
06-28 23:25:45.479  7283  7283 I Input   : injectMotionEvent: MotionEvent { action=ACTION_MOVE, actionButton=0, id[0]=0, x[0]=784.0, y[0]=136.0, toolType[0]=TOOL_TYPE_UNKNOWN, buttonState=0, metaState=0, flags=0x0, edgeFlags=0x0, pointerCount=1, historySize=0, eventTime=570152, downTime=570152, deviceId=0, source=0x1002 }
06-28 23:25:45.497  7283  7283 I Input   : injectMotionEvent: MotionEvent { action=ACTION_MOVE, actionButton=0, id[0]=0, x[0]=784.0, y[0]=136.0, toolType[0]=TOOL_TYPE_UNKNOWN, buttonState=0, metaState=0, flags=0x0, edgeFlags=0x0, pointerCount=1, historySize=0, eventTime=570169, downTime=570169, deviceId=0, source=0x1002 }
06-28 23:25:45.513  7283  7283 I Input   : injectMotionEvent: MotionEvent { action=ACTION_MOVE, actionButton=0, id[0]=0, x[0]=784.0, y[0]=136.0, toolType[0]=TOOL_TYPE_UNKNOWN, buttonState=0, metaState=0, flags=0x0, edgeFlags=0x0, pointerCount=1, historySize=0, eventTime=570185, downTime=570185, deviceId=0, source=0x1002 }
06-28 23:25:45.530  7283  7283 I Input   : injectMotionEvent: MotionEvent { action=ACTION_MOVE, actionButton=0, id[0]=0, x[0]=784.0, y[0]=136.0, toolType[0]=TOOL_TYPE_UNKNOWN, buttonState=0, metaState=0, flags=0x0, edgeFlags=0x0, pointerCount=1, historySize=0, eventTime=570202, downTime=570202, deviceId=0, source=0x1002 }
06-28 23:25:45.547  7283  7283 I Input   : injectMotionEvent: MotionEvent { action=ACTION_MOVE, actionButton=0, id[0]=0, x[0]=784.0, y[0]=136.0, toolType[0]=TOOL_TYPE_UNKNOWN, buttonState=0, metaState=0, flags=0x0, edgeFlags=0x0, pointerCount=1, historySize=0, eventTime=570219, downTime=570219, deviceId=0, source=0x1002 }
06-28 23:25:45.563  7283  7283 I Input   : injectMotionEvent: MotionEvent { action=ACTION_MOVE, actionButton=0, id[0]=0, x[0]=784.0, y[0]=136.0, toolType[0]=TOOL_TYPE_UNKNOWN, buttonState=0, metaState=0, flags=0x0, edgeFlags=0x0, pointerCount=1, historySize=0, eventTime=570236, downTime=570236, deviceId=0, source=0x1002 }
06-28 23:25:45.579  7283  7283 I Input   : injectMotionEvent: MotionEvent { action=ACTION_MOVE, actionButton=0, id[0]=0, x[0]=784.0, y[0]=136.0, toolType[0]=TOOL_TYPE_UNKNOWN, buttonState=0, metaState=0, flags=0x0, edgeFlags=0x0, pointerCount=1, historySize=0, eventTime=570251, downTime=570251, deviceId=0, source=0x1002 }
06-28 23:25:45.596  7283  7283 I Input   : injectMotionEvent: MotionEvent { action=ACTION_MOVE, actionButton=0, id[0]=0, x[0]=784.0, y[0]=136.0, toolType[0]=TOOL_TYPE_UNKNOWN, buttonState=0, metaState=0, flags=0x0, edgeFlags=0x0, pointerCount=1, historySize=0, eventTime=570269, downTime=570269, deviceId=0, source=0x1002 }
06-28 23:25:45.613  7283  7283 I Input   : injectMotionEvent: MotionEvent { action=ACTION_MOVE, actionButton=0, id[0]=0, x[0]=784.0, y[0]=136.0, toolType[0]=TOOL_TYPE_UNKNOWN, buttonState=0, metaState=0, flags=0x0, edgeFlags=0x0, pointerCount=1, historySize=0, eventTime=570285, downTime=570285, deviceId=0, source=0x1002 }
06-28 23:25:45.630  7283  7283 I Input   : injectMotionEvent: MotionEvent { action=ACTION_MOVE, actionButton=0, id[0]=0, x[0]=784.0, y[0]=136.0, toolType[0]=TOOL_TYPE_UNKNOWN, buttonState=0, metaState=0, flags=0x0, edgeFlags=0x0, pointerCount=1, historySize=0, eventTime=570302, downTime=570302, deviceId=0, source=0x1002 }
06-28 23:25:45.645  7283  7283 I Input   : injectMotionEvent: MotionEvent { action=ACTION_MOVE, actionButton=0, id[0]=0, x[0]=784.0, y[0]=136.0, toolType[0]=TOOL_TYPE_UNKNOWN, buttonState=0, metaState=0, flags=0x0, edgeFlags=0x0, pointerCount=1, historySize=0, eventTime=570317, downTime=570317, deviceId=0, source=0x1002 }
06-28 23:25:45.661  7283  7283 I Input   : injectMotionEvent: MotionEvent { action=ACTION_MOVE, actionButton=0, id[0]=0, x[0]=784.0, y[0]=136.0, toolType[0]=TOOL_TYPE_UNKNOWN, buttonState=0, metaState=0, flags=0x0, edgeFlags=0x0, pointerCount=1, historySize=0, eventTime=570334, downTime=570334, deviceId=0, source=0x1002 }
06-28 23:25:45.679  7283  7283 I Input   : injectMotionEvent: MotionEvent { action=ACTION_MOVE, actionButton=0, id[0]=0, x[0]=784.0, y[0]=136.0, toolType[0]=TOOL_TYPE_UNKNOWN, buttonState=0, metaState=0, flags=0x0, edgeFlags=0x0, pointerCount=1, historySize=0, eventTime=570351, downTime=570351, deviceId=0, source=0x1002 }
06-28 23:25:45.695  7283  7283 I Input   : injectMotionEvent: MotionEvent { action=ACTION_MOVE, actionButton=0, id[0]=0, x[0]=784.0, y[0]=136.0, toolType[0]=TOOL_TYPE_UNKNOWN, buttonState=0, metaState=0, flags=0x0, edgeFlags=0x0, pointerCount=1, historySize=0, eventTime=570368, downTime=570368, deviceId=0, source=0x1002 }
06-28 23:25:45.711  7283  7283 I Input   : injectMotionEvent: MotionEvent { action=ACTION_MOVE, actionButton=0, id[0]=0, x[0]=784.0, y[0]=136.0, toolType[0]=TOOL_TYPE_UNKNOWN, buttonState=0, metaState=0, flags=0x0, edgeFlags=0x0, pointerCount=1, historySize=0, eventTime=570383, downTime=570383, deviceId=0, source=0x1002 }
06-28 23:25:45.728  7283  7283 I Input   : injectMotionEvent: MotionEvent { action=ACTION_MOVE, actionButton=0, id[0]=0, x[0]=784.0, y[0]=136.0, toolType[0]=TOOL_TYPE_UNKNOWN, buttonState=0, metaState=0, flags=0x0, edgeFlags=0x0, pointerCount=1, historySize=0, eventTime=570401, downTime=570401, deviceId=0, source=0x1002 }
06-28 23:25:45.746  7283  7283 I Input   : injectMotionEvent: MotionEvent { action=ACTION_MOVE, actionButton=0, id[0]=0, x[0]=784.0, y[0]=136.0, toolType[0]=TOOL_TYPE_UNKNOWN, buttonState=0, metaState=0, flags=0x0, edgeFlags=0x0, pointerCount=1, historySize=0, eventTime=570418, downTime=570418, deviceId=0, source=0x1002 }
06-28 23:25:45.763  7283  7283 I Input   : injectMotionEvent: MotionEvent { action=ACTION_MOVE, actionButton=0, id[0]=0, x[0]=784.0, y[0]=136.0, toolType[0]=TOOL_TYPE_UNKNOWN, buttonState=0, metaState=0, flags=0x0, edgeFlags=0x0, pointerCount=1, historySize=0, eventTime=570435, downTime=570435, deviceId=0, source=0x1002 }
06-28 23:25:45.779  7283  7283 I Input   : injectMotionEvent: MotionEvent { action=ACTION_MOVE, actionButton=0, id[0]=0, x[0]=784.0, y[0]=136.0, toolType[0]=TOOL_TYPE_UNKNOWN, buttonState=0, metaState=0, flags=0x0, edgeFlags=0x0, pointerCount=1, historySize=0, eventTime=570451, downTime=570451, deviceId=0, source=0x1002 }
06-28 23:25:45.796  7283  7283 I Input   : injectMotionEvent: MotionEvent { action=ACTION_MOVE, actionButton=0, id[0]=0, x[0]=784.0, y[0]=136.0, toolType[0]=TOOL_TYPE_UNKNOWN, buttonState=0, metaState=0, flags=0x0, edgeFlags=0x0, pointerCount=1, historySize=0, eventTime=570469, downTime=570469, deviceId=0, source=0x1002 }
06-28 23:25:45.813  7283  7283 I Input   : injectMotionEvent: MotionEvent { action=ACTION_MOVE, actionButton=0, id[0]=0, x[0]=784.0, y[0]=136.0, toolType[0]=TOOL_TYPE_UNKNOWN, buttonState=0, metaState=0, flags=0x0, edgeFlags=0x0, pointerCount=1, historySize=0, eventTime=570485, downTime=570485, deviceId=0, source=0x1002 }
06-28 23:25:45.831  7283  7283 I Input   : injectMotionEvent: MotionEvent { action=ACTION_MOVE, actionButton=0, id[0]=0, x[0]=784.0, y[0]=136.0, toolType[0]=TOOL_TYPE_UNKNOWN, buttonState=0, metaState=0, flags=0x0, edgeFlags=0x0, pointerCount=1, historySize=0, eventTime=570503, downTime=570503, deviceId=0, source=0x1002 }
06-28 23:25:45.847  7283  7283 I Input   : injectMotionEvent: MotionEvent { action=ACTION_MOVE, actionButton=0, id[0]=0, x[0]=784.0, y[0]=136.0, toolType[0]=TOOL_TYPE_UNKNOWN, buttonState=0, metaState=0, flags=0x0, edgeFlags=0x0, pointerCount=1, historySize=0, eventTime=570519, downTime=570519, deviceId=0, source=0x1002 }
06-28 23:25:45.862  7283  7283 I Input   : injectMotionEvent: MotionEvent { action=ACTION_MOVE, actionButton=0, id[0]=0, x[0]=784.0, y[0]=136.0, toolType[0]=TOOL_TYPE_UNKNOWN, buttonState=0, metaState=0, flags=0x0, edgeFlags=0x0, pointerCount=1, historySize=0, eventTime=570535, downTime=570535, deviceId=0, source=0x1002 }
06-28 23:25:45.879  7283  7283 I Input   : injectMotionEvent: MotionEvent { action=ACTION_MOVE, actionButton=0, id[0]=0, x[0]=784.0, y[0]=136.0, toolType[0]=TOOL_TYPE_UNKNOWN, buttonState=0, metaState=0, flags=0x0, edgeFlags=0x0, pointerCount=1, historySize=0, eventTime=570551, downTime=570551, deviceId=0, source=0x1002 }
06-28 23:25:45.896  7283  7283 I Input   : injectMotionEvent: MotionEvent { action=ACTION_MOVE, actionButton=0, id[0]=0, x[0]=784.0, y[0]=136.0, toolType[0]=TOOL_TYPE_UNKNOWN, buttonState=0, metaState=0, flags=0x0, edgeFlags=0x0, pointerCount=1, historySize=0, eventTime=570569, downTime=570569, deviceId=0, source=0x1002 }
