--------- beginning of main
06-28 23:17:48.171  4464  4464 D AndroidRuntime: >>>>>> START com.android.internal.os.RuntimeInit uid 2000 <<<<<<
06-28 23:17:48.173  4464  4464 D AndroidRuntime: CheckJNI is ON
06-28 23:17:48.241  4464  4464 W art     : Unexpected CPU variant for X86 using defaults: x86
06-28 23:17:48.245  4464  4464 D ICU     : No timezone override file found: /data/misc/zoneinfo/current/icu/icu_tzdata.dat
06-28 23:17:48.266  4464  4464 E memtrack: Couldn't load memtrack module (No such file or directory)
06-28 23:17:48.266  4464  4464 E android.os.Debug: failed to load memtrack module: -2
06-28 23:17:48.267  4464  4464 I Radio-JNI: register_android_hardware_Radio DONE
06-28 23:17:48.280  4464  4464 D AndroidRuntime: Calling main entry com.android.commands.pm.Pm
06-28 23:17:48.295  4464  4464 I art     : System.exit called, status: 0
06-28 23:17:48.295  4464  4464 I AndroidRuntime: VM exiting with result code 0.
06-28 23:17:48.298  4464  4473 W MessageQueue: Handler (android.os.Handler) {c3ffb0e} sending message to a Handler on a dead thread
06-28 23:17:48.298  4464  4473 W MessageQueue: java.lang.IllegalStateException: Handler (android.os.Handler) {c3ffb0e} sending message to a Handler on a dead thread
06-28 23:17:48.298  4464  4473 W MessageQueue: 	at android.os.MessageQueue.enqueueMessage(MessageQueue.java:543)
06-28 23:17:48.298  4464  4473 W MessageQueue: 	at android.os.Handler.enqueueMessage(Handler.java:643)
06-28 23:17:48.298  4464  4473 W MessageQueue: 	at android.os.Handler.sendMessageAtTime(Handler.java:612)
06-28 23:17:48.298  4464  4473 W MessageQueue: 	at android.os.Handler.sendMessageDelayed(Handler.java:582)
06-28 23:17:48.298  4464  4473 W MessageQueue: 	at android.os.Handler.post(Handler.java:338)
06-28 23:17:48.298  4464  4473 W MessageQueue: 	at android.os.ResultReceiver$MyResultReceiver.send(ResultReceiver.java:57)
06-28 23:17:48.298  4464  4473 W MessageQueue: 	at com.android.internal.os.IResultReceiver$Stub.onTransact(IResultReceiver.java:58)
06-28 23:17:48.298  4464  4473 W MessageQueue: 	at android.os.Binder.execTransact(Binder.java:565)
06-28 23:17:48.354  1425  1425 I         : free_cache(5891382) avail 701718528
06-28 23:17:48.518  4486  4486 W art     : Unexpected CPU variant for X86 using defaults: x86
--------- beginning of system
06-28 23:17:48.524  1724  1750 I ActivityManager: Start proc 4486:com.android.defcontainer/u0a8 for service com.android.defcontainer/.DefaultContainerService
06-28 23:17:48.564  1724  1750 I PackageManager.DexOptimizer: Running dexopt (dex2oat) on: /data/app/vmdl1400496526.tmp/base.apk pkg=org.shadowice.flocke.andotp isa=x86 vmSafeMode=false debuggable=false target-filter=interpret-only oatDir = /data/app/vmdl1400496526.tmp/oat sharedLibraries=null
06-28 23:17:48.572  4501  4501 W dex2oat : Unexpected CPU variant for X86 using defaults: x86
06-28 23:17:48.572  4501  4501 W dex2oat : Mismatch between dex2oat instruction set features (ISA: X86 Feature string: smp,-ssse3,-sse4.1,-sse4.2,-avx,-avx2,-lock_add,-popcnt) and those of dex2oat executable (ISA: X86 Feature string: smp,ssse3,-sse4.1,-sse4.2,-avx,-avx2,-lock_add,-popcnt) for the command line:
06-28 23:17:48.572  4501  4501 W dex2oat : /system/bin/dex2oat --zip-fd=6 --zip-location=base.apk --oat-fd=7 --oat-location=/data/app/vmdl1400496526.tmp/oat/x86/base.odex --instruction-set=x86 --instruction-set-variant=x86 --instruction-set-features=default --runtime-arg -Xms64m --runtime-arg -Xmx512m --compiler-filter=interpret-only --swap-fd=9
06-28 23:17:48.572  4501  4501 I dex2oat : /system/bin/dex2oat --compiler-filter=interpret-only
06-28 23:17:48.693  4501  4504 W dex2oat : Before Android 4.1, method int android.support.v7.widget.ListViewCompat.lookForSelectablePosition(int, boolean) would have incorrectly overridden the package-private method in android.widget.ListView
06-28 23:17:48.700  4501  4504 W dex2oat : Before Android 4.1, method android.graphics.drawable.Drawable me.zhanghai.android.materialprogressbar.MaterialProgressBar.getCurrentDrawable() would have incorrectly overridden the package-private method in android.widget.ProgressBar
06-28 23:17:48.717  4501  4504 W dex2oat : Before Android 4.1, method android.graphics.PorterDuffColorFilter android.support.graphics.drawable.VectorDrawableCompat.updateTintFilter(android.graphics.PorterDuffColorFilter, android.content.res.ColorStateList, android.graphics.PorterDuff$Mode) would have incorrectly overridden the package-private method in android.graphics.drawable.Drawable
06-28 23:17:48.964  4501  4501 I dex2oat : dex2oat took 392.208ms (threads: 4) arena alloc=4KB (4448B) java alloc=3MB (3234528B) native alloc=5MB (6064376B) free=2MB (2324232B)
06-28 23:17:49.031  1425  1425 D installd: Detected label change from u:object_r:system_data_file:s0 to u:object_r:app_data_file:s0:c512,c768 at /data/data/org.shadowice.flocke.andotp; running recursive restorecon
06-28 23:17:49.032  1425  1425 D installd: Detected label change from u:object_r:system_data_file:s0 to u:object_r:app_data_file:s0:c512,c768 at /data/user_de/0/org.shadowice.flocke.andotp; running recursive restorecon
06-28 23:17:49.035  1724  1750 I art     : Starting a blocking GC Explicit
06-28 23:17:49.052  1724  1750 I art     : Explicit concurrent mark sweep GC freed 16732(1133KB) AllocSpace objects, 4(80KB) LOS objects, 25% free, 11MB/15MB, paused 214us total 16.398ms
06-28 23:17:49.052  1425  1425 E         : Couldn't opendir /data/app/vmdl1400496526.tmp: No such file or directory
06-28 23:17:49.060  1724  1764 I InputReader: Reconfiguring input devices.  changes=0x00000010
06-28 23:17:49.078  1724  1737 W InputMethodInfo: Duplicated subtype definition found: , voice
06-28 23:17:49.082  2002  2002 D CarrierSvcBindHelper: No carrier app for: 0
06-28 23:17:49.084  2002  2002 D CarrierConfigLoader: mHandler: 9 phoneId: 0
06-28 23:17:49.121  2202  4520 I Auth    : [SupervisedAccountIntentOperation] onHandleIntent(): android.intent.action.PACKAGE_ADDED
06-28 23:17:49.126  1857  4524 W GCM     : Unexpected forwarded intent: Intent { act=android.intent.action.PACKAGE_ADDED dat=package:org.shadowice.flocke.andotp flg=0x4000010 cmp=com.google.android.gms/.chimera.PersistentIntentOperationService (has extras) }
06-28 23:17:49.129  1857  4525 W GCM     : Unexpected forwarded intent: Intent { act=android.intent.action.PACKAGE_ADDED dat=package:org.shadowice.flocke.andotp flg=0x4000010 cmp=com.google.android.gms/.chimera.PersistentIntentOperationService (has extras) }
06-28 23:17:49.140  2202  4447 I ChromeSync: [Sync,SyncIntentOperation] Handling the intent: Intent { act=android.intent.action.PACKAGE_ADDED dat=package:org.shadowice.flocke.andotp flg=0x4000010 cmp=com.google.android.gms/.chimera.GmsIntentOperationService (has extras) }.
06-28 23:17:49.141  1724  3301 W ActivityManager: Unable to start service Intent { act=com.google.android.gms.auth.key.retrieval.service.START pkg=com.google.android.gms } U=0: not found
06-28 23:17:49.141  1724  2559 W ActivityManager: Unbind failed: could not find connection for android.os.BinderProxy@837d1b4
06-28 23:17:49.142  2202  2612 E GmsClient: unable to connect to service: com.google.android.gms.auth.key.retrieval.service.START on com.google.android.gms
06-28 23:17:49.142  2202  4521 I FontLog : Package org.shadowice.flocke.andotp has no metadata [CONTEXT service_id=132 ]
06-28 23:17:49.173  2509  4517 I UpdateIcingCorporaServi: Updating corpora: APPS=org.shadowice.flocke.andotp, CONTACTS=MAYBE
06-28 23:17:49.190  2202  4447 I ChromeSync: [Persistence,AffiliationManager] One of affiliation or grouping data for android://x9d7SSZVHswEF9nEds1RfqBGOMHG5vAn1-qYTl3G8NpgOzj7j6DT_p38YEkTzj02U7fjIpbYOGskwtpbM5k14A==@org.shadowice.flocke.andotp/ was not found. Marking affiliation data as stale...
06-28 23:17:49.245  2202  2821 I Icing   : IndexChimeraService.getServiceInterface callingPackage=com.google.android.googlequicksearchbox componentName=null serviceId=36
06-28 23:17:49.250  2202  4520 I ChimeraConfigurator: Starting update, reason: 4 urgentFeatures: pay:-1
06-28 23:17:49.250  2202  4520 E ConfigFileUtils: Failed to read config file: /data/user_de/0/com.google.android.gms/app_chimera/next_container.pb (No such file or directory)
06-28 23:17:49.260  2202  4528 W Icing   : No valid account for uploading user actions
06-28 23:17:49.268  2202  4520 I ChmraDebugLogger: [73] 1801
06-28 23:17:49.269  2202  4520 I ChmraDebugLogger: [30] [Pay.optional:202414020000] permitMetered=true,
06-28 23:17:49.271  2202  4520 W ChimeraConfigService: Retry attempt was throttled.
06-28 23:17:49.284  4515  4515 D AndroidRuntime: >>>>>> START com.android.internal.os.RuntimeInit uid 2000 <<<<<<
06-28 23:17:49.285  4515  4515 D AndroidRuntime: CheckJNI is ON
06-28 23:17:49.299  2202  2821 I Icing   : IndexChimeraService.getServiceInterface callingPackage=com.google.android.gms componentName=AppsCorpus serviceId=36
06-28 23:17:49.310  2202  2821 I Icing   : IndexChimeraService.getServiceInterface callingPackage=com.google.android.gms componentName=null serviceId=30
06-28 23:17:49.316  4515  4515 W art     : Unexpected CPU variant for X86 using defaults: x86
06-28 23:17:49.317  4515  4515 D ICU     : No timezone override file found: /data/misc/zoneinfo/current/icu/icu_tzdata.dat
06-28 23:17:49.330  4515  4515 E memtrack: Couldn't load memtrack module (No such file or directory)
06-28 23:17:49.330  4515  4515 E android.os.Debug: failed to load memtrack module: -2
06-28 23:17:49.330  4515  4515 I Radio-JNI: register_android_hardware_Radio DONE
06-28 23:17:49.334  4515  4515 D AndroidRuntime: Calling main entry com.android.commands.monkey.Monkey
06-28 23:17:49.362  1724  1738 W BroadcastQueue: Skipping deliver [background] BroadcastRecord{f063a14 u-1 android.net.conn.CONNECTIVITY_CHANGE} to ReceiverList{ad102bd 4515 (unknown name)/2000/u-1 remote:8b67826}: process crashing
06-28 23:17:49.381  1724  2721 I ActivityManager: START u0 {act=android.intent.action.MAIN cat=[android.intent.category.LAUNCHER] flg=0x10200000 cmp=org.shadowice.flocke.andotp/.Activities.MainActivity} from uid 2000 on display 0
06-28 23:17:49.394  4539  4539 W art     : Unexpected CPU variant for X86 using defaults: x86
06-28 23:17:49.401  1724  2966 I ActivityManager: Start proc 4539:org.shadowice.flocke.andotp/u0a84 for activity org.shadowice.flocke.andotp/.Activities.MainActivity
06-28 23:17:49.419  4515  4515 I art     : System.exit called, status: 0
06-28 23:17:49.419  4515  4515 I AndroidRuntime: VM exiting with result code 0.
06-28 23:17:49.420  4539  4539 W System  : ClassLoader referenced unknown path: /data/app/org.shadowice.flocke.andotp-1/lib/x86
06-28 23:17:49.429  1349  2197 D gralloc_ranchu: gralloc_alloc: Creating ashmem region of size 8294400
06-28 23:17:49.439  4539  4539 W art     : Before Android 4.1, method android.graphics.PorterDuffColorFilter android.support.graphics.drawable.VectorDrawableCompat.updateTintFilter(android.graphics.PorterDuffColorFilter, android.content.res.ColorStateList, android.graphics.PorterDuff$Mode) would have incorrectly overridden the package-private method in android.graphics.drawable.Drawable
06-28 23:17:49.460  4539  4539 W art     : Before Android 4.1, method android.graphics.drawable.Drawable me.zhanghai.android.materialprogressbar.MaterialProgressBar.getCurrentDrawable() would have incorrectly overridden the package-private method in android.widget.ProgressBar
06-28 23:17:49.469  4539  4539 I ViewConfigCompat: Could not find method getScaledScrollFactor() on ViewConfiguration
06-28 23:17:49.500  2569  2640 D EGL_emulation: eglMakeCurrent: 0xa9605160: ver 3 0 (tinfo 0x9d999ea0)
06-28 23:17:49.501  2509  2719 D EGL_emulation: eglMakeCurrent: 0xad3053c0: ver 3 0 (tinfo 0xad303360)
06-28 23:17:49.524  2509  2509 W SearchService: Abort, client detached.
06-28 23:17:49.566  2202  4528 E native  : document-store.cc:1218 Failed to update per-doc-data with usage report
06-28 23:17:49.571  2202  4528 I Icing   : Usage reports ok 0, Failed Usage reports 1, indexed 0, rejected 0
06-28 23:17:49.573  2509  4517 I UpdateIcingCorporaServi: UpdateCorporaTask done [took 400 ms] updated apps [took 400 ms] 
06-28 23:17:49.580  2202  4528 W Icing   : No valid account for uploading user actions
06-28 23:17:49.584  2202  4528 I Icing   : Usage reports ok 0, Failed Usage reports 0, indexed 0, rejected 0
06-28 23:17:49.585  2202  4528 W Icing   : No valid account for uploading user actions
06-28 23:17:49.588  2202  4528 I Icing   : Usage reports ok 0, Failed Usage reports 0, indexed 0, rejected 0
06-28 23:17:49.589  2202  2781 I Icing   : IndexChimeraService.getServiceInterface callingPackage=com.google.android.gms componentName=null serviceId=36
06-28 23:17:49.593  2202  4528 W Icing   : No valid account for uploading user actions
06-28 23:17:49.603  2202  4528 I Icing   : Usage reports ok 0, Failed Usage reports 0, indexed 0, rejected 0
06-28 23:17:49.604  2202  4528 I Icing   : Indexing com.google.android.googlequicksearchbox-applications_uri from com.google.android.googlequicksearchbox
06-28 23:17:49.620  2202  4528 I Icing   : Indexing com.google.android.gms-apps from com.google.android.gms
06-28 23:17:49.644  2202  4528 I Icing   : Indexing done com.google.android.googlequicksearchbox-applications_uri
06-28 23:17:49.646  2202  4528 I Icing   : Indexing done com.google.android.gms-apps
06-28 23:17:49.647  2202  4528 I Icing   : Indexing com.google.android.gms-internal.3p:MobileApplication from com.google.android.gms
06-28 23:17:49.652  2202  4528 I Icing   : Indexing done com.google.android.gms-internal.3p:MobileApplication
06-28 23:17:50.149  1349  2134 E SurfaceFlinger: ro.sf.lcd_density must be defined as a build property
06-28 23:17:50.152  4539  4539 D         : HostConnection::get() New Host Connection established 0x9dc6fcc0, tid 4539
06-28 23:17:50.282  4539  4559 D         : HostConnection::get() New Host Connection established 0x9d9ff7c0, tid 4559
06-28 23:17:50.284  4539  4559 I OpenGLRenderer: Initialized EGL, version 1.4
06-28 23:17:50.284  4539  4559 D OpenGLRenderer: Swap behavior 1
06-28 23:17:50.284  4539  4559 W OpenGLRenderer: Failed to choose config with EGL_SWAP_BEHAVIOR_PRESERVED, retrying without...
06-28 23:17:50.284  4539  4559 D OpenGLRenderer: Swap behavior 0
06-28 23:17:50.299  4539  4559 D EGL_emulation: eglCreateContext: 0x9d9ac9e0: maj 3 min 0 rcv 3
06-28 23:17:50.305  4539  4559 D EGL_emulation: eglMakeCurrent: 0x9d9ac9e0: ver 3 0 (tinfo 0x9d9aa890)
06-28 23:17:50.358  4539  4559 D EGL_emulation: eglMakeCurrent: 0x9d9ac9e0: ver 3 0 (tinfo 0x9d9aa890)
06-28 23:17:50.406  4539  4559 D EGL_emulation: eglMakeCurrent: 0x9d9ac9e0: ver 3 0 (tinfo 0x9d9aa890)
06-28 23:17:50.455  1724  1745 I ActivityManager: Displayed org.shadowice.flocke.andotp/.Activities.MainActivity: +1s65ms
06-28 23:17:50.467  4539  4559 D EGL_emulation: eglMakeCurrent: 0x9d9ac9e0: ver 3 0 (tinfo 0x9d9aa890)
06-28 23:17:50.471  4539  4559 D EGL_emulation: eglMakeCurrent: 0x9d9ac9e0: ver 3 0 (tinfo 0x9d9aa890)
06-28 23:17:50.546  1349  1349 W SurfaceFlinger: couldn't log to binary event log: overflow.
06-28 23:17:51.831  4539  4559 D EGL_emulation: eglMakeCurrent: 0x9d9ac9e0: ver 3 0 (tinfo 0x9d9aa890)
06-28 23:17:51.836  4539  4559 D EGL_emulation: eglMakeCurrent: 0x9d9ac9e0: ver 3 0 (tinfo 0x9d9aa890)
06-28 23:17:51.845  4539  4559 D EGL_emulation: eglMakeCurrent: 0x9d9ac9e0: ver 3 0 (tinfo 0x9d9aa890)
06-28 23:17:51.849  4539  4559 D EGL_emulation: eglMakeCurrent: 0x9d9ac9e0: ver 3 0 (tinfo 0x9d9aa890)
06-28 23:17:51.861  4539  4559 D EGL_emulation: eglMakeCurrent: 0x9d9ac9e0: ver 3 0 (tinfo 0x9d9aa890)
06-28 23:17:51.864  4539  4559 D EGL_emulation: eglMakeCurrent: 0x9d9ac9e0: ver 3 0 (tinfo 0x9d9aa890)
06-28 23:17:51.879  4539  4559 D EGL_emulation: eglMakeCurrent: 0x9d9ac9e0: ver 3 0 (tinfo 0x9d9aa890)
06-28 23:17:51.882  4539  4559 D EGL_emulation: eglMakeCurrent: 0x9d9ac9e0: ver 3 0 (tinfo 0x9d9aa890)
06-28 23:17:51.896  4539  4559 D EGL_emulation: eglMakeCurrent: 0x9d9ac9e0: ver 3 0 (tinfo 0x9d9aa890)
06-28 23:17:51.899  4539  4559 D EGL_emulation: eglMakeCurrent: 0x9d9ac9e0: ver 3 0 (tinfo 0x9d9aa890)
06-28 23:17:51.913  4539  4559 D EGL_emulation: eglMakeCurrent: 0x9d9ac9e0: ver 3 0 (tinfo 0x9d9aa890)
06-28 23:17:51.916  4539  4559 D EGL_emulation: eglMakeCurrent: 0x9d9ac9e0: ver 3 0 (tinfo 0x9d9aa890)
06-28 23:17:51.929  4539  4559 D EGL_emulation: eglMakeCurrent: 0x9d9ac9e0: ver 3 0 (tinfo 0x9d9aa890)
06-28 23:17:51.932  4539  4559 D EGL_emulation: eglMakeCurrent: 0x9d9ac9e0: ver 3 0 (tinfo 0x9d9aa890)
06-28 23:17:51.946  4539  4559 D EGL_emulation: eglMakeCurrent: 0x9d9ac9e0: ver 3 0 (tinfo 0x9d9aa890)
06-28 23:17:51.949  4539  4559 D EGL_emulation: eglMakeCurrent: 0x9d9ac9e0: ver 3 0 (tinfo 0x9d9aa890)
06-28 23:17:51.962  4539  4559 D EGL_emulation: eglMakeCurrent: 0x9d9ac9e0: ver 3 0 (tinfo 0x9d9aa890)
06-28 23:17:51.966  4539  4559 D EGL_emulation: eglMakeCurrent: 0x9d9ac9e0: ver 3 0 (tinfo 0x9d9aa890)
06-28 23:17:51.979  4539  4559 D EGL_emulation: eglMakeCurrent: 0x9d9ac9e0: ver 3 0 (tinfo 0x9d9aa890)
06-28 23:17:51.982  4539  4559 D EGL_emulation: eglMakeCurrent: 0x9d9ac9e0: ver 3 0 (tinfo 0x9d9aa890)
06-28 23:17:51.995  4539  4559 D EGL_emulation: eglMakeCurrent: 0x9d9ac9e0: ver 3 0 (tinfo 0x9d9aa890)
06-28 23:17:51.999  4539  4559 D EGL_emulation: eglMakeCurrent: 0x9d9ac9e0: ver 3 0 (tinfo 0x9d9aa890)
06-28 23:17:52.012  4539  4559 D EGL_emulation: eglMakeCurrent: 0x9d9ac9e0: ver 3 0 (tinfo 0x9d9aa890)
06-28 23:17:52.016  4539  4559 D EGL_emulation: eglMakeCurrent: 0x9d9ac9e0: ver 3 0 (tinfo 0x9d9aa890)
06-28 23:17:52.029  4539  4559 D EGL_emulation: eglMakeCurrent: 0x9d9ac9e0: ver 3 0 (tinfo 0x9d9aa890)
06-28 23:17:52.032  4539  4559 D EGL_emulation: eglMakeCurrent: 0x9d9ac9e0: ver 3 0 (tinfo 0x9d9aa890)
06-28 23:17:52.047  4539  4559 D EGL_emulation: eglMakeCurrent: 0x9d9ac9e0: ver 3 0 (tinfo 0x9d9aa890)
06-28 23:17:52.051  4539  4559 D EGL_emulation: eglMakeCurrent: 0x9d9ac9e0: ver 3 0 (tinfo 0x9d9aa890)
06-28 23:17:52.062  4539  4559 D EGL_emulation: eglMakeCurrent: 0x9d9ac9e0: ver 3 0 (tinfo 0x9d9aa890)
06-28 23:17:52.065  4539  4559 D EGL_emulation: eglMakeCurrent: 0x9d9ac9e0: ver 3 0 (tinfo 0x9d9aa890)
06-28 23:17:52.079  4539  4559 D EGL_emulation: eglMakeCurrent: 0x9d9ac9e0: ver 3 0 (tinfo 0x9d9aa890)
06-28 23:17:52.082  4539  4559 D EGL_emulation: eglMakeCurrent: 0x9d9ac9e0: ver 3 0 (tinfo 0x9d9aa890)
06-28 23:17:52.096  4539  4559 D EGL_emulation: eglMakeCurrent: 0x9d9ac9e0: ver 3 0 (tinfo 0x9d9aa890)
06-28 23:17:52.100  4539  4559 D EGL_emulation: eglMakeCurrent: 0x9d9ac9e0: ver 3 0 (tinfo 0x9d9aa890)
06-28 23:17:52.112  4539  4559 D EGL_emulation: eglMakeCurrent: 0x9d9ac9e0: ver 3 0 (tinfo 0x9d9aa890)
06-28 23:17:52.115  4539  4559 D EGL_emulation: eglMakeCurrent: 0x9d9ac9e0: ver 3 0 (tinfo 0x9d9aa890)
06-28 23:17:52.420  1724  1841 E TaskPersister: File error accessing recents directory (directory doesn't exist?).
06-28 23:17:56.132  2202  4527 I Vision  : Requesting optional module download of ocr.
06-28 23:17:56.132  2202  4527 I Vision  : Checking for download completion for 110805 -- ocr
06-28 23:18:04.566  1724  2966 I ActivityManager: Killing 3622:com.google.android.configupdater/u0a5 (adj 906): empty #17
06-28 23:18:04.604  4567  4567 D AndroidRuntime: >>>>>> START com.android.internal.os.RuntimeInit uid 2000 <<<<<<
06-28 23:18:04.606  4567  4567 D AndroidRuntime: CheckJNI is ON
06-28 23:18:04.609  1724  1735 D ActivityManager: cleanUpApplicationRecord -- 3622
06-28 23:18:04.653  4567  4567 W art     : Unexpected CPU variant for X86 using defaults: x86
06-28 23:18:04.656  4567  4567 D ICU     : No timezone override file found: /data/misc/zoneinfo/current/icu/icu_tzdata.dat
06-28 23:18:04.674  4567  4567 E memtrack: Couldn't load memtrack module (No such file or directory)
06-28 23:18:04.674  4567  4567 E android.os.Debug: failed to load memtrack module: -2
06-28 23:18:04.675  4567  4567 I Radio-JNI: register_android_hardware_Radio DONE
06-28 23:18:04.683  4567  4567 D AndroidRuntime: Calling main entry com.android.commands.content.Content
06-28 23:18:04.687  4567  4567 D AndroidRuntime: Shutting down VM
06-28 23:18:04.852  4577  4577 D AndroidRuntime: >>>>>> START com.android.internal.os.RuntimeInit uid 2000 <<<<<<
06-28 23:18:04.853  4577  4577 D AndroidRuntime: CheckJNI is ON
06-28 23:18:04.875  4577  4577 W art     : Unexpected CPU variant for X86 using defaults: x86
06-28 23:18:04.878  4577  4577 D ICU     : No timezone override file found: /data/misc/zoneinfo/current/icu/icu_tzdata.dat
06-28 23:18:04.889  4577  4577 E memtrack: Couldn't load memtrack module (No such file or directory)
06-28 23:18:04.889  4577  4577 E android.os.Debug: failed to load memtrack module: -2
06-28 23:18:04.890  4577  4577 I Radio-JNI: register_android_hardware_Radio DONE
06-28 23:18:04.895  4577  4577 D AndroidRuntime: Calling main entry com.android.commands.content.Content
06-28 23:18:04.899  4577  4577 D AndroidRuntime: Shutting down VM
06-28 23:18:05.800  4604  4604 D AndroidRuntime: >>>>>> START com.android.internal.os.RuntimeInit uid 2000 <<<<<<
06-28 23:18:05.801  4604  4604 D AndroidRuntime: CheckJNI is ON
06-28 23:18:05.802  4604  4604 I art     : RelocateImage: /system/bin/patchoat --input-image-location=/system/framework/boot.art --output-image-file=/data/local/tmp/dalvik-cache/x86/system@framework@boot.art --instruction-set=x86 --base-offset-delta=6426624
06-28 23:18:06.036  4604  4604 W art     : Unexpected CPU variant for X86 using defaults: x86
06-28 23:18:06.038  4604  4604 D ICU     : No timezone override file found: /data/local/tmp/misc/zoneinfo/current/icu/icu_tzdata.dat
06-28 23:18:06.056  4604  4604 E memtrack: Couldn't load memtrack module (No such file or directory)
06-28 23:18:06.056  4604  4604 E android.os.Debug: failed to load memtrack module: -2
06-28 23:18:06.056  4604  4604 I Radio-JNI: register_android_hardware_Radio DONE
06-28 23:18:06.062  4604  4604 D AndroidRuntime: Calling main entry com.android.commands.uiautomator.Launcher
06-28 23:18:06.140  4617  4617 W art     : Unexpected CPU variant for X86 using defaults: x86
06-28 23:18:06.145  1724  1738 I ActivityManager: Start proc 4617:com.google.android.apps.wallpaper/u0a72 for broadcast com.google.android.apps.wallpaper/.module.DailyLoggingAlarmReceiver
06-28 23:18:06.164  2202  4633 W System  : ClassLoader referenced unknown path: /system/priv-app/PrebuiltGmsCore/lib/x86
06-28 23:18:06.165  4617  4617 W System  : ClassLoader referenced unknown path: /system/app/WallpaperPickerGooglePrebuilt/lib/x86
06-28 23:18:06.181  2202  4633 W System  : ClassLoader referenced unknown path: /system/priv-app/PrebuiltGmsCore/lib/x86
06-28 23:18:06.210  1724  2195 I ActivityManager: Killing 2863:android.process.media/u0a10 (adj 906): empty #17
06-28 23:18:06.214  2202  4633 I Vision  : Requesting optional module download of ocr.
06-28 23:18:06.214  2202  4633 I Vision  : Exceeded maximum feature download tries for ocr
06-28 23:18:06.214  2202  4633 W Vision  : Request of optional module download of ocr failed.
06-28 23:18:06.214  2202  4633 I Vision  : Checking for download completion for 120887 -- ocr
06-28 23:18:06.219  1724  2195 D ActivityManager: cleanUpApplicationRecord -- 2863
06-28 23:18:07.124  4604  4604 W AccessibilityNodeInfoDumper: Fetch time: 4ms
06-28 23:18:07.129  1724  2559 W WindowManager: Attempted to remove non-existing token: android.os.Binder@af0003c
06-28 23:18:07.146  4604  4604 D AndroidRuntime: Shutting down VM
06-28 23:18:07.461  4646  4646 D AndroidRuntime: >>>>>> START com.android.internal.os.RuntimeInit uid 2000 <<<<<<
06-28 23:18:07.463  4646  4646 D AndroidRuntime: CheckJNI is ON
06-28 23:18:07.492  4646  4646 W art     : Unexpected CPU variant for X86 using defaults: x86
06-28 23:18:07.499  4646  4646 D ICU     : No timezone override file found: /data/local/tmp/misc/zoneinfo/current/icu/icu_tzdata.dat
06-28 23:18:07.517  4646  4646 E memtrack: Couldn't load memtrack module (No such file or directory)
06-28 23:18:07.517  4646  4646 E android.os.Debug: failed to load memtrack module: -2
06-28 23:18:07.518  4646  4646 I Radio-JNI: register_android_hardware_Radio DONE
06-28 23:18:07.523  4646  4646 D AndroidRuntime: Calling main entry com.android.commands.uiautomator.Launcher
06-28 23:18:08.572  4646  4646 W AccessibilityNodeInfoDumper: Fetch time: 2ms
06-28 23:18:08.573  1724  4314 W WindowManager: Attempted to remove non-existing token: android.os.Binder@d9c1040
06-28 23:18:08.581  4646  4646 D AndroidRuntime: Shutting down VM
06-28 23:18:09.421  4672  4672 D AndroidRuntime: >>>>>> START com.android.internal.os.RuntimeInit uid 2000 <<<<<<
06-28 23:18:09.422  4672  4672 D AndroidRuntime: CheckJNI is ON
06-28 23:18:09.443  4672  4672 W art     : Unexpected CPU variant for X86 using defaults: x86
06-28 23:18:09.446  4672  4672 D ICU     : No timezone override file found: /data/local/tmp/misc/zoneinfo/current/icu/icu_tzdata.dat
06-28 23:18:09.459  4672  4672 E memtrack: Couldn't load memtrack module (No such file or directory)
06-28 23:18:09.459  4672  4672 E android.os.Debug: failed to load memtrack module: -2
06-28 23:18:09.459  4672  4672 I Radio-JNI: register_android_hardware_Radio DONE
06-28 23:18:09.464  4672  4672 D AndroidRuntime: Calling main entry com.android.commands.uiautomator.Launcher
06-28 23:18:10.478  4672  4672 W AccessibilityNodeInfoDumper: Fetch time: 3ms
06-28 23:18:10.478  1724  2721 W WindowManager: Attempted to remove non-existing token: android.os.Binder@32540be
06-28 23:18:10.498  4672  4672 D AndroidRuntime: Shutting down VM
06-28 23:18:11.387  4706  4706 D AndroidRuntime: >>>>>> START com.android.internal.os.RuntimeInit uid 2000 <<<<<<
06-28 23:18:11.389  4706  4706 D AndroidRuntime: CheckJNI is ON
06-28 23:18:11.411  4706  4706 W art     : Unexpected CPU variant for X86 using defaults: x86
06-28 23:18:11.415  4706  4706 D ICU     : No timezone override file found: /data/local/tmp/misc/zoneinfo/current/icu/icu_tzdata.dat
06-28 23:18:11.429  4706  4706 E memtrack: Couldn't load memtrack module (No such file or directory)
06-28 23:18:11.429  4706  4706 E android.os.Debug: failed to load memtrack module: -2
06-28 23:18:11.431  4706  4706 I Radio-JNI: register_android_hardware_Radio DONE
06-28 23:18:11.437  4706  4706 D AndroidRuntime: Calling main entry com.android.commands.uiautomator.Launcher
06-28 23:18:12.457  4706  4706 W AccessibilityNodeInfoDumper: Fetch time: 2ms
06-28 23:18:12.458  1724  4313 W WindowManager: Attempted to remove non-existing token: android.os.Binder@3bb40b1
06-28 23:18:12.464  4706  4706 D AndroidRuntime: Shutting down VM
06-28 23:18:12.733  4727  4727 D AndroidRuntime: >>>>>> START com.android.internal.os.RuntimeInit uid 2000 <<<<<<
06-28 23:18:12.734  4727  4727 D AndroidRuntime: CheckJNI is ON
06-28 23:18:12.755  4727  4727 W art     : Unexpected CPU variant for X86 using defaults: x86
06-28 23:18:12.758  4727  4727 D ICU     : No timezone override file found: /data/local/tmp/misc/zoneinfo/current/icu/icu_tzdata.dat
06-28 23:18:12.774  4727  4727 E memtrack: Couldn't load memtrack module (No such file or directory)
06-28 23:18:12.774  4727  4727 E android.os.Debug: failed to load memtrack module: -2
06-28 23:18:12.775  4727  4727 I Radio-JNI: register_android_hardware_Radio DONE
06-28 23:18:12.780  4727  4727 D AndroidRuntime: Calling main entry com.android.commands.uiautomator.Launcher
06-28 23:18:13.801  4727  4727 W AccessibilityNodeInfoDumper: Fetch time: 4ms
06-28 23:18:13.802  1724  2559 W WindowManager: Attempted to remove non-existing token: android.os.Binder@2961917
06-28 23:18:13.816  4727  4727 D AndroidRuntime: Shutting down VM
06-28 23:18:13.903  1349  1363 E SurfaceFlinger: ro.sf.lcd_density must be defined as a build property
06-28 23:18:13.905  1349  2134 D PermissionCache: checking android.permission.READ_FRAME_BUFFER for uid=2000 => granted (511 us)
06-28 23:18:13.908  1349  1349 W SurfaceFlinger: FB is protected: PERMISSION_DENIED
06-28 23:18:15.973  1349  1364 E SurfaceFlinger: ro.sf.lcd_density must be defined as a build property
06-28 23:18:15.975  1349  1349 W SurfaceFlinger: FB is protected: PERMISSION_DENIED
06-28 23:18:16.215  1724  1758 W ActivityManager: Unable to start service Intent { act=com.google.android.gms.drive.ApiService.RESET_AFTER_BOOT flg=0x4 cmp=com.google.android.gms/.drive.api.ApiService (has extras) } U=0: not found
06-28 23:18:16.219  2202  4633 I Vision  : Requesting optional module download of ocr.
06-28 23:18:16.221  2202  4633 I Vision  : Checking for download completion for 130894 -- ocr
06-28 23:18:16.223  2202  4633 I ChimeraConfigurator: Starting update, reason: 4 urgentFeatures: vision.ocr:-1
06-28 23:18:16.223  2202  4633 E ConfigFileUtils: Failed to read config file: /data/user_de/0/com.google.android.gms/app_chimera/next_container.pb (No such file or directory)
06-28 23:18:16.234  2202  4633 I ChmraDebugLogger: [73] 1801
06-28 23:18:16.235  2202  4633 I ChmraDebugLogger: [30] [VisionOcr.optional:202414000700] permitMetered=true,
06-28 23:18:16.237  2202  4633 W ChimeraConfigService: Retry attempt was throttled.
06-28 23:18:18.044  1349  2197 E SurfaceFlinger: ro.sf.lcd_density must be defined as a build property
06-28 23:18:18.044  1349  1349 W SurfaceFlinger: FB is protected: PERMISSION_DENIED
06-28 23:18:19.563  2509  2642 W GmsLocationProvider: Error removing location updates: 16
06-28 23:18:20.111  1349  1363 E SurfaceFlinger: ro.sf.lcd_density must be defined as a build property
06-28 23:18:20.111  1349  1349 W SurfaceFlinger: FB is protected: PERMISSION_DENIED
06-28 23:18:22.174  1349  1376 E SurfaceFlinger: ro.sf.lcd_density must be defined as a build property
06-28 23:18:22.175  1349  1349 W SurfaceFlinger: FB is protected: PERMISSION_DENIED
06-28 23:18:23.289  1724  3301 I ActivityManager: Killing 3748:com.google.android.gm/u0a68 (adj 906): empty #17
06-28 23:18:23.339  1724  2815 D ActivityManager: cleanUpApplicationRecord -- 3748
06-28 23:18:24.242  1349  1363 E SurfaceFlinger: ro.sf.lcd_density must be defined as a build property
06-28 23:18:24.244  1349  1349 W SurfaceFlinger: FB is protected: PERMISSION_DENIED
06-28 23:18:26.228  2202  4771 I Vision  : Requesting optional module download of ocr.
06-28 23:18:26.228  2202  4771 I Vision  : Checking for download completion for 140901 -- ocr
06-28 23:18:26.317  1349  2197 E SurfaceFlinger: ro.sf.lcd_density must be defined as a build property
06-28 23:18:26.323  1349  1349 W SurfaceFlinger: FB is protected: PERMISSION_DENIED
06-28 23:18:28.409  1349  2134 E SurfaceFlinger: ro.sf.lcd_density must be defined as a build property
06-28 23:18:28.410  1349  1349 W SurfaceFlinger: FB is protected: PERMISSION_DENIED
06-28 23:18:30.490  1349  1376 E SurfaceFlinger: ro.sf.lcd_density must be defined as a build property
06-28 23:18:30.491  1349  1349 W SurfaceFlinger: FB is protected: PERMISSION_DENIED
06-28 23:18:32.557  1349  1364 E SurfaceFlinger: ro.sf.lcd_density must be defined as a build property
06-28 23:18:32.558  1349  1349 W SurfaceFlinger: FB is protected: PERMISSION_DENIED
06-28 23:18:33.271  1724  1751 I ActivityManager: Killing 3887:com.google.android.youtube/u0a76 (adj 906): empty #17
06-28 23:18:33.341  1724  4117 D ConnectivityService: ConnectivityService NetworkRequestInfo binderDied(NetworkRequest [ LISTEN id=9, [ Capabilities: INTERNET&NOT_RESTRICTED&TRUSTED&FOREGROUND] ], android.os.BinderProxy@1592fb3)
06-28 23:18:33.341  1724  3301 D ActivityManager: cleanUpApplicationRecord -- 3887
06-28 23:18:33.344  1724  1819 E ConnectivityService: RemoteException caught trying to send a callback msg for NetworkRequest [ LISTEN id=9, [ Capabilities: INTERNET&NOT_RESTRICTED&TRUSTED&FOREGROUND] ]
06-28 23:18:34.626  1349  2134 E SurfaceFlinger: ro.sf.lcd_density must be defined as a build property
06-28 23:18:34.628  1349  1349 W SurfaceFlinger: FB is protected: PERMISSION_DENIED
06-28 23:18:36.237  2202  4800 I Vision  : Requesting optional module download of ocr.
06-28 23:18:36.237  2202  4800 I Vision  : Checking for download completion for 150910 -- ocr
06-28 23:18:36.701  1349  2197 E SurfaceFlinger: ro.sf.lcd_density must be defined as a build property
06-28 23:18:36.708  1349  1349 W SurfaceFlinger: FB is protected: PERMISSION_DENIED
06-28 23:18:38.773  1349  1376 E SurfaceFlinger: ro.sf.lcd_density must be defined as a build property
06-28 23:18:38.775  1349  1349 W SurfaceFlinger: FB is protected: PERMISSION_DENIED
06-28 23:18:40.838  1349  1363 E SurfaceFlinger: ro.sf.lcd_density must be defined as a build property
06-28 23:18:40.841  1349  1349 W SurfaceFlinger: FB is protected: PERMISSION_DENIED
06-28 23:18:42.906  1349  2134 E SurfaceFlinger: ro.sf.lcd_density must be defined as a build property
06-28 23:18:42.908  1349  1349 W SurfaceFlinger: FB is protected: PERMISSION_DENIED
06-28 23:18:44.975  1349  1364 E SurfaceFlinger: ro.sf.lcd_density must be defined as a build property
06-28 23:18:45.033  1349  1349 W SurfaceFlinger: FB is protected: PERMISSION_DENIED
06-28 23:18:45.409  2002  2879 I OmtpVvmCarrierCfgHlpr: OmtpEvent:CONFIG_STATUS_SMS_TIME_OUT
06-28 23:18:45.410  2002  2002 I RetryPolicy: discarding deferred status: configuration_state=4
06-28 23:18:45.413  2002  2002 D VvmTaskScheduler: No more tasks, stopping service if no task are added in 5000 millis
06-28 23:18:45.415  2002  2002 D VvmTaskScheduler: create task:com.android.phone.vvm.omtp.ActivationTask
06-28 23:18:45.415  2002  2002 D RetryPolicy: retry #2 for com.android.phone.vvm.omtp.ActivationTask@768f407 queued, executing in 5000
06-28 23:18:45.416  2002  2002 D VvmTaskScheduler: minimal wait time:4999
06-28 23:18:45.417  2002  2002 D VvmTaskScheduler: minimal wait time:4998
06-28 23:18:46.253  2202  4827 I Vision  : Requesting optional module download of ocr.
06-28 23:18:46.254  2202  4827 I Vision  : Checking for download completion for 160926 -- ocr
06-28 23:18:46.297  1857  2577 I NetworkScheduler.Stats: Task com.google.android.gms/com.google.android.gms.checkin.CheckinService started execution. cause:4 exec_start_elapsed_seconds: 150 [CONTEXT service_id=218 ]
06-28 23:18:46.341  1857  3249 I NetworkScheduler.Stats: Task com.google.android.gms/com.google.android.gms.chimera.container.ConfigService started execution. cause:4 exec_start_elapsed_seconds: 150 [CONTEXT service_id=218 ]
06-28 23:18:46.345  2202  4528 I ChimeraConfigurator: Starting update, reason: 1 urgentFeatures: 
06-28 23:18:46.347  1857  3249 I NetworkScheduler.Stats: Task com.google.android.gms/com.google.android.gms.checkin.CheckinService finished executing. cause:4 result: 3 elapsed_millis: 62 uptime_millis: 62 exec_start_elapsed_seconds: 150 [CONTEXT service_id=218 ]
06-28 23:18:46.369  2202  4528 E ConfigFileUtils: Failed to read config file: /data/user_de/0/com.google.android.gms/app_chimera/next_container.pb (No such file or directory)
06-28 23:18:46.391  2202  4528 I ChmraDebugLogger: [73] 1801
06-28 23:18:46.392  2202  4528 I ChmraDebugLogger: [30] [VisionOcr.optional:202414000700] permitMetered=true,[Pay.optional:202414020000] permitMetered=true,
06-28 23:18:46.398  2202  4528 I ChimeraConfigService: Scheduling checkin for one-off execution between [3300,43200] seconds from now (1656472726398)
06-28 23:18:46.418  2202  4528 I ChimeraConfigService: Scheduling checkin every 43200 seconds, with flex of 1800 seconds
06-28 23:18:46.423  1857  3250 I NetworkScheduler.Stats: Task com.google.android.gms/com.google.android.gms.clearcut.uploader.QosUploaderService started execution. cause:5 exec_start_elapsed_seconds: 151 [CONTEXT service_id=218 ]
06-28 23:18:46.435  1857  3250 I NetworkScheduler.Stats: Task com.google.android.gms/com.google.android.gms.chimera.container.ConfigService finished executing. cause:4 result: 2 elapsed_millis: 116 uptime_millis: 116 exec_start_elapsed_seconds: 150 [CONTEXT service_id=218 ]
06-28 23:18:46.474  1857  2245 I NetworkScheduler.Stats: Task com.google.android.gms/com.google.android.gms.clearcut.uploader.QosUploaderService started execution. cause:5 exec_start_elapsed_seconds: 151 [CONTEXT service_id=218 ]
06-28 23:18:46.491  1857  3249 I NetworkScheduler.Stats: Task com.google.android.gms/com.google.android.gms.clearcut.uploader.QosUploaderService finished executing. cause:5 result: 1 elapsed_millis: 100 uptime_millis: 100 exec_start_elapsed_seconds: 151 [CONTEXT service_id=218 ]
06-28 23:18:46.540  1857  3249 I NetworkScheduler.Stats: Task com.google.android.gms/com.google.android.gms.telephonyspam.sync.SpamListSyncTaskService started execution. cause:5 exec_start_elapsed_seconds: 151 [CONTEXT service_id=218 ]
06-28 23:18:46.540  2202  3410 I TelephonySpam: TelephonySpamChimeraService - Running Telephony Spam Chimera Service
06-28 23:18:46.542  2202  3410 I TelephonySpam: TelephonySpamChimeraService - Cleaning SIP Header local table of old entries
06-28 23:18:46.543  2202  3410 I TelephonySpam: SpamListSync - Call spam module disabled. Skipping cleaning cache sip header table.
06-28 23:18:46.543  2202  3410 I TelephonySpam: TelephonySpamChimeraService - Syncing Call Spam List
06-28 23:18:46.544  2202  3410 I TelephonySpam: SpamListSync - SpamListSyncChimeraService.syncSpamList called with tag: telephonyspam.SpamListSyncOneOffTask, extras: Bundle[{SpamList Type=0, Action=1.0}]
06-28 23:18:46.544  2202  3410 I TelephonySpam: SpamListSync - Call spam module disabled. Skipping spam list syncing.
06-28 23:18:46.546  1857  2245 I NetworkScheduler.Stats: Task com.google.android.gms/com.google.android.gms.telephonyspam.sync.SpamListSyncTaskService finished executing. cause:5 result: 1 elapsed_millis: 33 uptime_millis: 33 exec_start_elapsed_seconds: 151 [CONTEXT service_id=218 ]
06-28 23:18:46.591  1857  3249 I NetworkScheduler.Stats: Task com.google.android.gms/com.google.android.gms.auth.account.be.legacy.AuthCronService started execution. cause:5 exec_start_elapsed_seconds: 151 [CONTEXT service_id=218 ]
06-28 23:18:46.668  1857  2834 I Auth    : [ReflectiveChannelBinder] Successfully bound channel!
06-28 23:18:47.106  1349  2134 E SurfaceFlinger: ro.sf.lcd_density must be defined as a build property
06-28 23:18:47.107  1349  1349 W SurfaceFlinger: FB is protected: PERMISSION_DENIED
06-28 23:18:48.091  1857  2834 W Conscrypt: Could not set socket write timeout: java.net.SocketException: Socket closed
06-28 23:18:48.091  1857  2834 W Conscrypt: 	at com.google.android.gms.org.conscrypt.Platform.setSocketWriteTimeout(:com.google.android.gms@202414022@20.24.14 (040700-319035315):2)
06-28 23:18:48.091  1857  2834 W Conscrypt: 	at com.google.android.gms.org.conscrypt.ConscryptFileDescriptorSocket.setSoWriteTimeout(:com.google.android.gms@202414022@20.24.14 (040700-319035315):0)
06-28 23:18:48.112  1857  3250 W Conscrypt: Could not set socket write timeout: java.net.SocketException: Socket closed
06-28 23:18:48.112  1857  3250 W Conscrypt: 	at com.google.android.gms.org.conscrypt.Platform.setSocketWriteTimeout(:com.google.android.gms@202414022@20.24.14 (040700-319035315):2)
06-28 23:18:48.112  1857  3250 W Conscrypt: 	at com.google.android.gms.org.conscrypt.ConscryptFileDescriptorSocket.setSoWriteTimeout(:com.google.android.gms@202414022@20.24.14 (040700-319035315):0)
06-28 23:18:48.116  1857  2834 W Conscrypt: Could not set socket write timeout: java.net.SocketException: Socket closed
06-28 23:18:48.117  1857  2834 W Conscrypt: 	at com.google.android.gms.org.conscrypt.Platform.setSocketWriteTimeout(:com.google.android.gms@202414022@20.24.14 (040700-319035315):2)
06-28 23:18:48.117  1857  2834 W Conscrypt: 	at com.google.android.gms.org.conscrypt.ConscryptFileDescriptorSocket.setSoWriteTimeout(:com.google.android.gms@202414022@20.24.14 (040700-319035315):0)
06-28 23:18:48.170  1857  2834 W GLSUser : [AppCertManager] IOException while requesting key: 
06-28 23:18:48.170  1857  2834 W GLSUser : java.io.IOException: Invalid device key response.
06-28 23:18:48.170  1857  2834 W GLSUser : 	at hwy.a(:com.google.android.gms@202414022@20.24.14 (040700-319035315):49)
06-28 23:18:48.170  1857  2834 W GLSUser : 	at hww.a(:com.google.android.gms@202414022@20.24.14 (040700-319035315):45)
06-28 23:18:48.170  1857  2834 W GLSUser : 	at hwr.a(:com.google.android.gms@202414022@20.24.14 (040700-319035315):0)
06-28 23:18:48.170  1857  2834 W GLSUser : 	at hwu.a(:com.google.android.gms@202414022@20.24.14 (040700-319035315):10)
06-28 23:18:48.170  1857  2834 W GLSUser : 	at gbi.call(:com.google.android.gms@202414022@20.24.14 (040700-319035315):0)
06-28 23:18:48.170  1857  2834 W GLSUser : 	at java.util.concurrent.FutureTask.run(FutureTask.java:237)
06-28 23:18:48.170  1857  2834 W GLSUser : 	at soy.b(:com.google.android.gms@202414022@20.24.14 (040700-319035315):12)
06-28 23:18:48.170  1857  2834 W GLSUser : 	at soy.run(:com.google.android.gms@202414022@20.24.14 (040700-319035315):7)
06-28 23:18:48.170  1857  2834 W GLSUser : 	at java.util.concurrent.ThreadPoolExecutor.runWorker(ThreadPoolExecutor.java:1133)
06-28 23:18:48.170  1857  2834 W GLSUser : 	at java.util.concurrent.ThreadPoolExecutor$Worker.run(ThreadPoolExecutor.java:607)
06-28 23:18:48.170  1857  2834 W GLSUser : 	at sux.run(:com.google.android.gms@202414022@20.24.14 (040700-319035315):0)
06-28 23:18:48.170  1857  2834 W GLSUser : 	at java.lang.Thread.run(Thread.java:761)
06-28 23:18:48.173  1857  3249 I NetworkScheduler.Stats: Task com.google.android.gms/com.google.android.gms.auth.account.be.legacy.AuthCronService finished executing. cause:5 result: 3 elapsed_millis: 1599 uptime_millis: 1599 exec_start_elapsed_seconds: 151 [CONTEXT service_id=218 ]
06-28 23:18:48.178  1857  3250 W Conscrypt: Could not set socket write timeout: java.net.SocketException: Socket closed
06-28 23:18:48.178  1857  3250 W Conscrypt: 	at com.google.android.gms.org.conscrypt.Platform.setSocketWriteTimeout(:com.google.android.gms@202414022@20.24.14 (040700-319035315):2)
06-28 23:18:48.178  1857  3250 W Conscrypt: 	at com.google.android.gms.org.conscrypt.ConscryptFileDescriptorSocket.setSoWriteTimeout(:com.google.android.gms@202414022@20.24.14 (040700-319035315):0)
06-28 23:18:48.418  1857  3250 I CCTUploader: Failed to get auth token for log sources [[HANGOUT_LOG_REQUEST]] because the account doesn't exist on the device.
06-28 23:18:48.445  1857  3250 W Conscrypt: Could not set socket write timeout: java.net.SocketException: Socket closed
06-28 23:18:48.445  1857  3250 W Conscrypt: 	at com.google.android.gms.org.conscrypt.Platform.setSocketWriteTimeout(:com.google.android.gms@202414022@20.24.14 (040700-319035315):2)
06-28 23:18:48.445  1857  3250 W Conscrypt: 	at com.google.android.gms.org.conscrypt.ConscryptFileDescriptorSocket.setSoWriteTimeout(:com.google.android.gms@202414022@20.24.14 (040700-319035315):0)
06-28 23:18:48.466  1857  3250 W Conscrypt: Could not set socket write timeout: java.net.SocketException: Socket closed
06-28 23:18:48.466  1857  3250 W Conscrypt: 	at com.google.android.gms.org.conscrypt.Platform.setSocketWriteTimeout(:com.google.android.gms@202414022@20.24.14 (040700-319035315):2)
06-28 23:18:48.466  1857  3250 W Conscrypt: 	at com.google.android.gms.org.conscrypt.ConscryptFileDescriptorSocket.setSoWriteTimeout(:com.google.android.gms@202414022@20.24.14 (040700-319035315):0)
06-28 23:18:48.558  1857  2577 I NetworkScheduler.Stats: Task com.google.android.gms/com.google.android.gms.clearcut.uploader.QosUploaderService finished executing. cause:5 result: 1 elapsed_millis: 2096 uptime_millis: 2096 exec_start_elapsed_seconds: 151 [CONTEXT service_id=218 ]
06-28 23:18:49.138  2509  2509 I GrammarCompilationSvcCt: #startService for null, APP_NAMES.
06-28 23:18:49.145  2509  4846 I ContextCompilationHandl: Compiling grammar for: en-US, type=APP_NAMES
06-28 23:18:49.154  2509  4846 I ContextCompilationHandl: No grammar compilation resources for VOICE_ACTIONS_COMPILER, aborting. 
06-28 23:18:49.175  1349  1364 E SurfaceFlinger: ro.sf.lcd_density must be defined as a build property
06-28 23:18:49.176  1349  1349 W SurfaceFlinger: FB is protected: PERMISSION_DENIED
06-28 23:18:50.417  2002  2879 V VvmTaskScheduler: executing task com.android.phone.vvm.omtp.ActivationTask@768f407
06-28 23:18:50.430  2002  2879 I VvmActivationTask: VVM content provider configured - vvm_type_cvvm
06-28 23:18:50.430  2002  2879 I OmtpVvmCarrierCfgHlpr: OmtpEvent:CONFIG_ACTIVATING
06-28 23:18:50.440  2002  2879 V OmtpMessageSender: Sending BINARY sms 'Activate:dt=15' to 122:1808
06-28 23:18:50.451  2002  2002 D VvmStatusSmsFetcher: Request SMS successfully sent
06-28 23:18:51.241  1349  2134 E SurfaceFlinger: ro.sf.lcd_density must be defined as a build property
06-28 23:18:51.242  1349  1349 W SurfaceFlinger: FB is protected: PERMISSION_DENIED
06-28 23:18:53.309  1349  2197 E SurfaceFlinger: ro.sf.lcd_density must be defined as a build property
06-28 23:18:53.310  1349  1349 W SurfaceFlinger: FB is protected: PERMISSION_DENIED
06-28 23:18:55.519  4865  4865 D AndroidRuntime: >>>>>> START com.android.internal.os.RuntimeInit uid 2000 <<<<<<
06-28 23:18:55.520  4865  4865 D AndroidRuntime: CheckJNI is ON
06-28 23:18:55.555  4865  4865 W art     : Unexpected CPU variant for X86 using defaults: x86
06-28 23:18:55.558  4865  4865 D ICU     : No timezone override file found: /data/local/tmp/misc/zoneinfo/current/icu/icu_tzdata.dat
06-28 23:18:55.573  4865  4865 E memtrack: Couldn't load memtrack module (No such file or directory)
06-28 23:18:55.573  4865  4865 E android.os.Debug: failed to load memtrack module: -2
06-28 23:18:55.573  4865  4865 I Radio-JNI: register_android_hardware_Radio DONE
06-28 23:18:55.578  4865  4865 D AndroidRuntime: Calling main entry com.android.commands.uiautomator.Launcher
06-28 23:18:56.259  2202  4877 I Vision  : Requesting optional module download of ocr.
06-28 23:18:56.259  2202  4877 I Vision  : Checking for download completion for 170931 -- ocr
06-28 23:18:56.598  4865  4865 W AccessibilityNodeInfoDumper: Fetch time: 4ms
06-28 23:18:56.599  1724  1751 W WindowManager: Attempted to remove non-existing token: android.os.Binder@784db01
06-28 23:18:56.614  4865  4865 D AndroidRuntime: Shutting down VM
06-28 23:18:58.856  4884  4884 D AndroidRuntime: >>>>>> START com.android.internal.os.RuntimeInit uid 2000 <<<<<<
06-28 23:18:58.858  4884  4884 D AndroidRuntime: CheckJNI is ON
06-28 23:18:58.882  4884  4884 W art     : Unexpected CPU variant for X86 using defaults: x86
06-28 23:18:58.884  4884  4884 D ICU     : No timezone override file found: /data/local/tmp/misc/zoneinfo/current/icu/icu_tzdata.dat
06-28 23:18:58.906  4884  4884 E memtrack: Couldn't load memtrack module (No such file or directory)
06-28 23:18:58.907  4884  4884 E android.os.Debug: failed to load memtrack module: -2
06-28 23:18:58.909  4884  4884 I Radio-JNI: register_android_hardware_Radio DONE
06-28 23:18:58.934  4884  4884 D AndroidRuntime: Calling main entry com.android.commands.uiautomator.Launcher
06-28 23:18:59.969  4884  4884 W AccessibilityNodeInfoDumper: Fetch time: 3ms
06-28 23:18:59.970  1724  1751 W WindowManager: Attempted to remove non-existing token: android.os.Binder@c8c0e32
06-28 23:18:59.980  4884  4884 D AndroidRuntime: Shutting down VM
06-28 23:19:00.267  4901  4901 D AndroidRuntime: >>>>>> START com.android.internal.os.RuntimeInit uid 2000 <<<<<<
06-28 23:19:00.268  4901  4901 D AndroidRuntime: CheckJNI is ON
06-28 23:19:00.303  4901  4901 W art     : Unexpected CPU variant for X86 using defaults: x86
06-28 23:19:00.306  4901  4901 D ICU     : No timezone override file found: /data/local/tmp/misc/zoneinfo/current/icu/icu_tzdata.dat
06-28 23:19:00.322  4901  4901 E memtrack: Couldn't load memtrack module (No such file or directory)
06-28 23:19:00.322  4901  4901 E android.os.Debug: failed to load memtrack module: -2
06-28 23:19:00.323  4901  4901 I Radio-JNI: register_android_hardware_Radio DONE
06-28 23:19:00.327  4901  4901 D AndroidRuntime: Calling main entry com.android.commands.uiautomator.Launcher
06-28 23:19:01.343  4901  4901 W AccessibilityNodeInfoDumper: Fetch time: 2ms
06-28 23:19:01.344  1724  3301 W WindowManager: Attempted to remove non-existing token: android.os.Binder@97bfd00
06-28 23:19:01.364  4901  4901 D AndroidRuntime: Shutting down VM
06-28 23:19:01.630  4918  4918 D AndroidRuntime: >>>>>> START com.android.internal.os.RuntimeInit uid 2000 <<<<<<
06-28 23:19:01.633  4918  4918 D AndroidRuntime: CheckJNI is ON
06-28 23:19:01.654  4918  4918 W art     : Unexpected CPU variant for X86 using defaults: x86
06-28 23:19:01.657  4918  4918 D ICU     : No timezone override file found: /data/local/tmp/misc/zoneinfo/current/icu/icu_tzdata.dat
06-28 23:19:01.672  4918  4918 E memtrack: Couldn't load memtrack module (No such file or directory)
06-28 23:19:01.672  4918  4918 E android.os.Debug: failed to load memtrack module: -2
06-28 23:19:01.673  4918  4918 I Radio-JNI: register_android_hardware_Radio DONE
06-28 23:19:01.677  4918  4918 D AndroidRuntime: Calling main entry com.android.commands.uiautomator.Launcher
06-28 23:19:02.698  4918  4918 W AccessibilityNodeInfoDumper: Fetch time: 4ms
06-28 23:19:02.698  1724  3301 W WindowManager: Attempted to remove non-existing token: android.os.Binder@7e8db7e
06-28 23:19:02.712  4918  4918 D AndroidRuntime: Shutting down VM
06-28 23:19:02.993  4938  4938 D AndroidRuntime: >>>>>> START com.android.internal.os.RuntimeInit uid 2000 <<<<<<
06-28 23:19:02.994  4938  4938 D AndroidRuntime: CheckJNI is ON
06-28 23:19:03.020  4938  4938 W art     : Unexpected CPU variant for X86 using defaults: x86
06-28 23:19:03.022  4938  4938 D ICU     : No timezone override file found: /data/local/tmp/misc/zoneinfo/current/icu/icu_tzdata.dat
06-28 23:19:03.036  4938  4938 E memtrack: Couldn't load memtrack module (No such file or directory)
06-28 23:19:03.036  4938  4938 E android.os.Debug: failed to load memtrack module: -2
06-28 23:19:03.036  4938  4938 I Radio-JNI: register_android_hardware_Radio DONE
