--------- beginning of main
11-10 15:46:10.130  2350  2367 I art     : Background partial concurrent mark sweep GC freed 15477(822KB) AllocSpace objects, 2(40KB) LOS objects, 23% free, 12MB/16MB, paused 3.157ms total 193.062ms
11-10 15:46:10.135  2350  2569 I Icing   : IndexChimeraService.getServiceInterface callingPackage=com.google.android.gms componentName=null serviceId=36
11-10 15:46:10.135  2350  2450 I Icing   : IndexChimeraService.getServiceInterface callingPackage=com.google.android.googlequicksearchbox componentName=null serviceId=36
11-10 15:46:10.174  2350 12276 I Icing   : doRemovePackageData org.gnucash.android
11-10 15:46:10.197  2350  2450 I Icing   : IndexChimeraService.getServiceInterface callingPackage=com.google.android.gms componentName=AppsCorpus serviceId=36
11-10 15:46:10.210  2350 13242 I RealtimeCacheCleanup: Beginning Realtime garbage collection.
11-10 15:46:10.213  2350 13242 I RealtimeCacheCleanup: Finished Realtime garbage collection.
11-10 15:46:10.236  2350 12276 W Icing   : No valid account for uploading user actions
11-10 15:46:10.260  2350 12276 I Icing   : Usage reports ok 0, Failed Usage reports 0, indexed 0, rejected 0
11-10 15:46:10.263  2350 12276 W Icing   : No valid account for uploading user actions
11-10 15:46:10.268  2350  2450 I Icing   : IndexChimeraService.getServiceInterface callingPackage=com.google.android.gms componentName=null serviceId=30
11-10 15:46:10.273  2350 12276 I Icing   : Usage reports ok 0, Failed Usage reports 0, indexed 0, rejected 0
11-10 15:46:10.276  3946 12266 I UpdateIcingCorporaServi: UpdateCorporaTask done [took 266 ms] updated apps [took 266 ms] 
11-10 15:46:10.278  2350 12276 W Icing   : No valid account for uploading user actions
11-10 15:46:10.288  2350 12276 I Icing   : Usage reports ok 0, Failed Usage reports 0, indexed 0, rejected 0
11-10 15:46:10.297  2350 12276 W Icing   : No valid account for uploading user actions
11-10 15:46:10.306  2350 12276 I Icing   : Usage reports ok 0, Failed Usage reports 0, indexed 0, rejected 0
11-10 15:46:10.322  2350 12276 I Icing   : Indexing com.google.android.googlequicksearchbox-applications_uri from com.google.android.googlequicksearchbox
11-10 15:46:10.373  2350 12276 I Icing   : Indexing com.google.android.gms-apps from com.google.android.gms
11-10 15:46:10.398  2350 12276 I Icing   : Indexing done com.google.android.googlequicksearchbox-applications_uri
11-10 15:46:10.402  2350 12276 I Icing   : Indexing done com.google.android.gms-apps
11-10 15:46:10.577 12297 12297 D AndroidRuntime: >>>>>> START com.android.internal.os.RuntimeInit uid 2000 <<<<<<
11-10 15:46:10.579 12297 12297 D AndroidRuntime: CheckJNI is ON
11-10 15:46:10.618 12297 12297 W art     : Unexpected CPU variant for X86 using defaults: x86
11-10 15:46:10.622 12297 12297 D ICU     : No timezone override file found: /data/misc/zoneinfo/current/icu/icu_tzdata.dat
11-10 15:46:10.642 12297 12297 E memtrack: Couldn't load memtrack module (No such file or directory)
11-10 15:46:10.642 12297 12297 E android.os.Debug: failed to load memtrack module: -2
11-10 15:46:10.643 12297 12297 I Radio-JNI: register_android_hardware_Radio DONE
11-10 15:46:10.651 12297 12297 D AndroidRuntime: Calling main entry com.android.commands.pm.Pm
11-10 15:46:10.666 12297 12297 I art     : System.exit called, status: 0
11-10 15:46:10.667 12297 12297 I AndroidRuntime: VM exiting with result code 0.
11-10 15:46:10.690 12297 12305 W MessageQueue: Handler (android.os.Handler) {dabfc6c} sending message to a Handler on a dead thread
11-10 15:46:10.690 12297 12305 W MessageQueue: java.lang.IllegalStateException: Handler (android.os.Handler) {dabfc6c} sending message to a Handler on a dead thread
11-10 15:46:10.690 12297 12305 W MessageQueue: 	at android.os.MessageQueue.enqueueMessage(MessageQueue.java:543)
11-10 15:46:10.690 12297 12305 W MessageQueue: 	at android.os.Handler.enqueueMessage(Handler.java:643)
11-10 15:46:10.690 12297 12305 W MessageQueue: 	at android.os.Handler.sendMessageAtTime(Handler.java:612)
11-10 15:46:10.690 12297 12305 W MessageQueue: 	at android.os.Handler.sendMessageDelayed(Handler.java:582)
11-10 15:46:10.690 12297 12305 W MessageQueue: 	at android.os.Handler.post(Handler.java:338)
11-10 15:46:10.690 12297 12305 W MessageQueue: 	at android.os.ResultReceiver$MyResultReceiver.send(ResultReceiver.java:57)
11-10 15:46:10.690 12297 12305 W MessageQueue: 	at com.android.internal.os.IResultReceiver$Stub.onTransact(IResultReceiver.java:58)
11-10 15:46:10.690 12297 12305 W MessageQueue: 	at android.os.Binder.execTransact(Binder.java:565)
11-10 15:46:10.728  1400  1400 I         : free_cache(5891382) avail 559808512
11-10 15:46:10.932  1696  1722 I PackageManager.DexOptimizer: Running dexopt (dex2oat) on: /data/app/vmdl1661815139.tmp/base.apk pkg=org.shadowice.flocke.andotp isa=x86 vmSafeMode=false debuggable=false target-filter=interpret-only oatDir = /data/app/vmdl1661815139.tmp/oat sharedLibraries=null
11-10 15:46:10.944 12320 12320 W dex2oat : Unexpected CPU variant for X86 using defaults: x86
11-10 15:46:10.944 12320 12320 W dex2oat : Mismatch between dex2oat instruction set features (ISA: X86 Feature string: smp,-ssse3,-sse4.1,-sse4.2,-avx,-avx2,-lock_add,-popcnt) and those of dex2oat executable (ISA: X86 Feature string: smp,ssse3,-sse4.1,-sse4.2,-avx,-avx2,-lock_add,-popcnt) for the command line:
11-10 15:46:10.944 12320 12320 W dex2oat : /system/bin/dex2oat --zip-fd=6 --zip-location=base.apk --oat-fd=7 --oat-location=/data/app/vmdl1661815139.tmp/oat/x86/base.odex --instruction-set=x86 --instruction-set-variant=x86 --instruction-set-features=default --runtime-arg -Xms64m --runtime-arg -Xmx512m --compiler-filter=interpret-only --swap-fd=9
11-10 15:46:10.944 12320 12320 I dex2oat : /system/bin/dex2oat --compiler-filter=interpret-only
11-10 15:46:11.151 12320 12322 W dex2oat : Before Android 4.1, method int android.support.v7.widget.ListViewCompat.lookForSelectablePosition(int, boolean) would have incorrectly overridden the package-private method in android.widget.ListView
11-10 15:46:11.157 12320 12320 W dex2oat : Before Android 4.1, method android.graphics.drawable.Drawable me.zhanghai.android.materialprogressbar.MaterialProgressBar.getCurrentDrawable() would have incorrectly overridden the package-private method in android.widget.ProgressBar
11-10 15:46:11.170 12320 12322 W dex2oat : Before Android 4.1, method android.graphics.PorterDuffColorFilter android.support.graphics.drawable.VectorDrawableCompat.updateTintFilter(android.graphics.PorterDuffColorFilter, android.content.res.ColorStateList, android.graphics.PorterDuff$Mode) would have incorrectly overridden the package-private method in android.graphics.drawable.Drawable
11-10 15:46:11.652  3946  3946 I MicroDetectionWorker: Micro detection mode: [mDetectionMode: [1]].
11-10 15:46:11.652  3946  3946 I AudioController: Using mInputStreamFactoryBuilder
11-10 15:46:11.658  3946 12326 I MicroRecognitionRunner: Starting detection.
11-10 15:46:11.658  3946 12224 I MicrophoneInputStream: mic_starting com.google.android.apps.gsa.staticplugins.z.c@dae5b4f
11-10 15:46:11.661  1397 12329 I AudioFlinger: AudioFlinger's thread 0xab203000 ready to run
11-10 15:46:11.671  1397  1397 E AudioFlinger: not enough memory for AudioTrack size=131296
11-10 15:46:11.672  1397  1397 D MemoryDealer:   AudioTrack (0xb269cf20, size=4194304)
11-10 15:46:11.672  1397  1397 D MemoryDealer:     0: 0xb269cf30 | 0x00000000 | 0x000200E0 | A 
11-10 15:46:11.672  1397  1397 D MemoryDealer:     1: 0xb269cfb0 | 0x000200E0 | 0x000200E0 | A 
11-10 15:46:11.672  1397  1397 D MemoryDealer:     2: 0xb1db04e0 | 0x000401C0 | 0x000200E0 | A 
11-10 15:46:11.672  1397  1397 D MemoryDealer:     3: 0xb26ffe80 | 0x000602A0 | 0x000200E0 | A 
11-10 15:46:11.672  1397  1397 D MemoryDealer:     4: 0xb26ffd00 | 0x00080380 | 0x000200E0 | A 
11-10 15:46:11.672  1397  1397 D MemoryDealer:     5: 0xafaf0080 | 0x000A0460 | 0x000200E0 | A 
11-10 15:46:11.672  1397  1397 D MemoryDealer:     6: 0xb1db0100 | 0x000C0540 | 0x000200E0 | A 
11-10 15:46:11.672  1397  1397 D MemoryDealer:     7: 0xafaf0740 | 0x000E0620 | 0x000200E0 | A 
11-10 15:46:11.672  1397  1397 D MemoryDealer:     8: 0xb26ff850 | 0x00100700 | 0x000200E0 | A 
11-10 15:46:11.672  1397  1397 D MemoryDealer:     9: 0xb1db04a0 | 0x001207E0 | 0x000200E0 | A 
11-10 15:46:11.672  1397  1397 D MemoryDealer:    10: 0xafaf09a0 | 0x001408C0 | 0x000200E0 | A 
11-10 15:46:11.672  1397  1397 D MemoryDealer:    11: 0xafaf0710 | 0x001609A0 | 0x000200E0 | A 
11-10 15:46:11.672  1397  1397 D MemoryDealer:    12: 0xb1db0480 | 0x00180A80 | 0x000200E0 | A 
11-10 15:46:11.672  1397  1397 D MemoryDealer:    13: 0xafaf0a80 | 0x001A0B60 | 0x000200E0 | A 
11-10 15:46:11.672  1397  1397 D MemoryDealer:    14: 0xafaf09b0 | 0x001C0C40 | 0x000200E0 | A 
11-10 15:46:11.672  1397  1397 D MemoryDealer:    15: 0xafaf0f60 | 0x001E0D20 | 0x000200E0 | A 
11-10 15:46:11.672  1397  1397 D MemoryDealer:    16: 0xafaf0fb0 | 0x00200E00 | 0x000200E0 | A 
11-10 15:46:11.672  1397  1397 D MemoryDealer:    17: 0xb1db0760 | 0x00220EE0 | 0x000200E0 | A 
11-10 15:46:11.672  1397  1397 D MemoryDealer:    18: 0xb1db0900 | 0x00240FC0 | 0x000200E0 | A 
11-10 15:46:11.672  1397  1397 D MemoryDealer:    19: 0xb269ce00 | 0x002610A0 | 0x000200E0 | A 
11-10 15:46:11.672  1397  1397 D MemoryDealer:    
11-10 15:46:11.672  1397  1397 E AudioFlinger: createRecordTrack_l() initCheck failed -12; no control block?
11-10 15:46:11.672  3946 12224 E AudioRecord: AudioFlinger could not create record track, status: -12
11-10 15:46:11.679  3946 12224 E AudioRecord-JNI: Error creating AudioRecord instance: initialization check failed with status -12.
11-10 15:46:11.679  3946 12224 E android.media.AudioRecord: Error code -20 when initializing native AudioRecord object.
11-10 15:46:11.679  3946 12224 I MicrophoneInputStream: mic_started com.google.android.apps.gsa.staticplugins.z.c@dae5b4f
--------- beginning of system
11-10 15:46:11.684  3946 12224 E ActivityThread: Failed to find provider info for com.google.android.apps.gsa.testing.ui.audio.recorded
11-10 15:46:11.684  3946  3946 I MicroDetectionWorker: onReady
11-10 15:46:11.687  3946 12224 I MicrophoneInputStream: mic_close com.google.android.apps.gsa.staticplugins.z.c@dae5b4f
11-10 15:46:11.690  3946 12326 I MicroRecognitionRunner: Detection finished
11-10 15:46:11.690  3946 12326 W ErrorReporter: reportError [type: 211, code: 524300]: Error reading from input stream
11-10 15:46:11.691  3946  3978 I MicroRecognitionRunner: Stopping hotword detection.
11-10 15:46:11.691  3946 12326 W ErrorProcessor: onFatalError, processing error from engine(4)
11-10 15:46:11.691  3946 12326 W ErrorProcessor: com.google.android.apps.gsa.shared.speech.a.g: Error reading from input stream
11-10 15:46:11.691  3946 12326 W ErrorProcessor: 	at com.google.android.apps.gsa.staticplugins.recognizer.i.a.a(SourceFile:342)
11-10 15:46:11.691  3946 12326 W ErrorProcessor: 	at com.google.android.apps.gsa.staticplugins.recognizer.i.a$1.run(SourceFile:1367)
11-10 15:46:11.691  3946 12326 W ErrorProcessor: 	at java.util.concurrent.Executors$RunnableAdapter.call(Executors.java:428)
11-10 15:46:11.691  3946 12326 W ErrorProcessor: 	at java.util.concurrent.FutureTask.run(FutureTask.java:237)
11-10 15:46:11.691  3946 12326 W ErrorProcessor: 	at com.google.android.apps.gsa.shared.util.concurrent.a.ak.run(SourceFile:66)
11-10 15:46:11.691  3946 12326 W ErrorProcessor: 	at java.util.concurrent.ThreadPoolExecutor.runWorker(ThreadPoolExecutor.java:1133)
11-10 15:46:11.691  3946 12326 W ErrorProcessor: 	at java.util.concurrent.ThreadPoolExecutor$Worker.run(ThreadPoolExecutor.java:607)
11-10 15:46:11.691  3946 12326 W ErrorProcessor: 	at java.lang.Thread.run(Thread.java:761)
11-10 15:46:11.691  3946 12326 W ErrorProcessor: 	at com.google.android.apps.gsa.shared.util.concurrent.a.ad$1.run(SourceFile:85)
11-10 15:46:11.691  3946 12326 W ErrorProcessor: Caused by: com.google.android.apps.gsa.shared.exception.GsaIOException: Error code: 393238 | Buffer overflow, no available space.
11-10 15:46:11.691  3946 12326 W ErrorProcessor: 	at com.google.android.apps.gsa.speech.audio.Tee.g(SourceFile:2531)
11-10 15:46:11.691  3946 12326 W ErrorProcessor: 	at com.google.android.apps.gsa.speech.audio.ap.read(SourceFile:555)
11-10 15:46:11.691  3946 12326 W ErrorProcessor: 	at java.io.InputStream.read(InputStream.java:101)
11-10 15:46:11.691  3946 12326 W ErrorProcessor: 	at com.google.android.apps.gsa.speech.audio.al.run(SourceFile:362)
11-10 15:46:11.691  3946 12326 W ErrorProcessor: 	at com.google.android.apps.gsa.speech.audio.ak$1.run(SourceFile:471)
11-10 15:46:11.691  3946 12326 W ErrorProcessor: 	at java.util.concurrent.Executors$RunnableAdapter.call(Executors.java:428)
11-10 15:46:11.691  3946 12326 W ErrorProcessor: 	at java.util.concurrent.FutureTask.run(FutureTask.java:237)
11-10 15:46:11.691  3946 12326 W ErrorProcessor: 	at com.google.android.apps.gsa.shared.util.concurrent.a.ak.run(SourceFile:66)
11-10 15:46:11.691  3946 12326 W ErrorProcessor: 	at com.google.android.apps.gsa.shared.util.concurrent.a.ax.run(SourceFile:139)
11-10 15:46:11.691  3946 12326 W ErrorProcessor: 	at com.google.android.apps.gsa.shared.util.concurrent.a.ax.run(SourceFile:139)
11-10 15:46:11.691  3946 12326 W ErrorProcessor: 	... 4 more
11-10 15:46:11.691  3946 12326 I AudioController: internalShutdown
11-10 15:46:11.692  3946  3946 I MicroDetector: Keeping mic open: false
11-10 15:46:11.693  3946  3946 I MicroDetectionWorker: #onError(false)
11-10 15:46:11.693  3946 12325 I DeviceStateChecker: DeviceStateChecker cancelled
11-10 15:46:13.844 12320 12320 I dex2oat : dex2oat took 2.899s (threads: 4) arena alloc=6KB (6736B) java alloc=3MB (3237456B) native alloc=5MB (6070696B) free=2MB (2317912B)
11-10 15:46:13.910  1400  1400 D installd: Detected label change from u:object_r:system_data_file:s0 to u:object_r:app_data_file:s0:c512,c768 at /data/data/org.shadowice.flocke.andotp; running recursive restorecon
11-10 15:46:13.910  1400  1400 D installd: Detected label change from u:object_r:system_data_file:s0 to u:object_r:app_data_file:s0:c512,c768 at /data/user_de/0/org.shadowice.flocke.andotp; running recursive restorecon
11-10 15:46:13.912  1696  1722 I art     : Starting a blocking GC Explicit
11-10 15:46:13.938  1696  1722 I art     : Explicit concurrent mark sweep GC freed 18456(1095KB) AllocSpace objects, 7(140KB) LOS objects, 23% free, 13MB/17MB, paused 1.883ms total 25.356ms
11-10 15:46:13.938  1400  1400 E         : Couldn't opendir /data/app/vmdl1661815139.tmp: No such file or directory
11-10 15:46:13.943  1696  1735 I InputReader: Reconfiguring input devices.  changes=0x00000010
11-10 15:46:13.982  1881  1881 D CarrierSvcBindHelper: No carrier app for: 0
11-10 15:46:14.006  1881  1881 D CarrierConfigLoader: mHandler: 9 phoneId: 0
11-10 15:46:14.044  1861 12267 W GCM     : Unexpected forwarded intent: Intent { act=android.intent.action.PACKAGE_ADDED dat=package:org.shadowice.flocke.andotp flg=0x4000010 cmp=com.google.android.gms/.chimera.PersistentIntentOperationService (has extras) }
11-10 15:46:14.047  1861 12262 W GCM     : Unexpected forwarded intent: Intent { act=android.intent.action.PACKAGE_ADDED dat=package:org.shadowice.flocke.andotp flg=0x4000010 cmp=com.google.android.gms/.chimera.PersistentIntentOperationService (has extras) }
11-10 15:46:14.055  2350 12256 I Auth    : [SupervisedAccountIntentOperation] onHandleIntent(): android.intent.action.PACKAGE_ADDED
11-10 15:46:14.055  1696  3573 W ActivityManager: Unable to start service Intent { act=com.google.android.gms.auth.key.retrieval.service.START pkg=com.google.android.gms } U=0: not found
11-10 15:46:14.056  1696  2239 W ActivityManager: Unbind failed: could not find connection for android.os.BinderProxy@533903f
11-10 15:46:14.056  2350 12256 I ChromeSync: [Sync,SyncIntentOperation] Handling the intent: Intent { act=android.intent.action.PACKAGE_ADDED dat=package:org.shadowice.flocke.andotp flg=0x4000010 cmp=com.google.android.gms/.chimera.GmsIntentOperationService (has extras) }.
11-10 15:46:14.056  2350 12273 I FontLog : Package org.shadowice.flocke.andotp has no metadata [CONTEXT service_id=132 ]
11-10 15:46:14.057  2350  2525 E GmsClient: unable to connect to service: com.google.android.gms.auth.key.retrieval.service.START on com.google.android.gms
11-10 15:46:14.124  2350 12256 I ChromeSync: [Persistence,AffiliationManager] One of affiliation or grouping data for android://x9d7SSZVHswEF9nEds1RfqBGOMHG5vAn1-qYTl3G8NpgOzj7j6DT_p38YEkTzj02U7fjIpbYOGskwtpbM5k14A==@org.shadowice.flocke.andotp/ was not found. Marking affiliation data as stale...
11-10 15:46:14.178 12334 12334 D AndroidRuntime: >>>>>> START com.android.internal.os.RuntimeInit uid 2000 <<<<<<
11-10 15:46:14.179 12334 12334 D AndroidRuntime: CheckJNI is ON
11-10 15:46:14.195  3946 12336 I UpdateIcingCorporaServi: Updating corpora: APPS=org.shadowice.flocke.andotp, CONTACTS=MAYBE
11-10 15:46:14.197  2350 12274 I ChimeraConfigurator: Starting update, reason: 4 urgentFeatures: pay:-1
11-10 15:46:14.198  2350 12274 E ConfigFileUtils: Failed to read config file: /data/user_de/0/com.google.android.gms/app_chimera/next_container.pb (No such file or directory)
11-10 15:46:14.236  2350 12274 I ChmraDebugLogger: [73] 1801
11-10 15:46:14.238  2350 12274 I ChmraDebugLogger: [30] [Pay.optional:202414020000] permitMetered=true,
11-10 15:46:14.248  2350 12274 W ChimeraConfigService: Retry attempt was throttled.
11-10 15:46:14.273 12334 12334 W art     : Unexpected CPU variant for X86 using defaults: x86
11-10 15:46:14.276 12334 12334 D ICU     : No timezone override file found: /data/misc/zoneinfo/current/icu/icu_tzdata.dat
11-10 15:46:14.286  2350  2450 I Icing   : IndexChimeraService.getServiceInterface callingPackage=com.google.android.googlequicksearchbox componentName=null serviceId=36
11-10 15:46:14.314  2350  6406 W Icing   : No valid account for uploading user actions
11-10 15:46:14.325 12334 12334 E memtrack: Couldn't load memtrack module (No such file or directory)
11-10 15:46:14.325 12334 12334 E android.os.Debug: failed to load memtrack module: -2
11-10 15:46:14.327 12334 12334 I Radio-JNI: register_android_hardware_Radio DONE
11-10 15:46:14.340 12334 12334 D AndroidRuntime: Calling main entry com.android.commands.monkey.Monkey
11-10 15:46:14.370  2350  6406 I Icing   : Usage reports ok 0, Failed Usage reports 0, indexed 0, rejected 0
11-10 15:46:14.371  1696  1710 W BroadcastQueue: Skipping deliver [background] BroadcastRecord{47b4410 u-1 android.net.conn.CONNECTIVITY_CHANGE} to ReceiverList{b990b09 12334 (unknown name)/2000/u-1 remote:e0b9ac2}: process crashing
11-10 15:46:14.373  3946 12336 I UpdateIcingCorporaServi: UpdateCorporaTask done [took 177 ms] updated apps [took 177 ms] 
11-10 15:46:14.376  2350  6406 I Icing   : Indexing com.google.android.gms-internal.3p:MobileApplication from com.google.android.gms using seqno 68
11-10 15:46:14.384  1696  2245 I ActivityManager: START u0 {act=android.intent.action.MAIN cat=[android.intent.category.LAUNCHER] flg=0x10200000 cmp=org.shadowice.flocke.andotp/.Activities.MainActivity} from uid 2000 on display 0
11-10 15:46:14.401  2350  6406 I Icing   : Indexing com.google.android.googlequicksearchbox-applications_uri from com.google.android.googlequicksearchbox
11-10 15:46:14.412 12348 12348 W art     : Unexpected CPU variant for X86 using defaults: x86
11-10 15:46:14.413  1696  1798 I ActivityManager: Start proc 12348:org.shadowice.flocke.andotp/u0a117 for activity org.shadowice.flocke.andotp/.Activities.MainActivity
11-10 15:46:14.442  1343  1387 D gralloc_ranchu: gralloc_alloc: Creating ashmem region of size 8294400
11-10 15:46:14.444 12334 12334 I art     : System.exit called, status: 0
11-10 15:46:14.444 12334 12334 I AndroidRuntime: VM exiting with result code 0.
11-10 15:46:14.460 12348 12348 W System  : ClassLoader referenced unknown path: /data/app/org.shadowice.flocke.andotp-1/lib/x86
11-10 15:46:14.489  2350  6406 I Icing   : Indexing com.google.android.gms-apps from com.google.android.gms
11-10 15:46:14.513  3946  3946 W SearchService: Abort, client detached.
11-10 15:46:14.558  5939  5959 D EGL_emulation: eglMakeCurrent: 0x9d5c8e80: ver 3 0 (tinfo 0xa90cf710)
11-10 15:46:14.559  3946  3972 D EGL_emulation: eglMakeCurrent: 0x9f52c320: ver 3 0 (tinfo 0x9f56abc0)
11-10 15:46:14.573 12348 12348 W art     : Before Android 4.1, method android.graphics.PorterDuffColorFilter android.support.graphics.drawable.VectorDrawableCompat.updateTintFilter(android.graphics.PorterDuffColorFilter, android.content.res.ColorStateList, android.graphics.PorterDuff$Mode) would have incorrectly overridden the package-private method in android.graphics.drawable.Drawable
11-10 15:46:14.574  2350  6406 I Icing   : Indexing done com.google.android.googlequicksearchbox-applications_uri
11-10 15:46:14.577  2350  6406 I Icing   : Indexing done com.google.android.gms-apps
11-10 15:46:14.583 12348 12359 I art     : Background sticky concurrent mark sweep GC freed 21867(927KB) AllocSpace objects, 0(0B) LOS objects, 48% free, 4MB/8MB, paused 24.248ms total 108.090ms
11-10 15:46:14.609 12348 12348 W art     : Before Android 4.1, method android.graphics.drawable.Drawable me.zhanghai.android.materialprogressbar.MaterialProgressBar.getCurrentDrawable() would have incorrectly overridden the package-private method in android.widget.ProgressBar
11-10 15:46:14.620 12348 12348 I ViewConfigCompat: Could not find method getScaledScrollFactor() on ViewConfiguration
11-10 15:46:14.964  1343  1355 E SurfaceFlinger: ro.sf.lcd_density must be defined as a build property
11-10 15:46:14.969 12348 12348 D         : HostConnection::get() New Host Connection established 0xa1db7940, tid 12348
11-10 15:46:15.013 12348 12368 D         : HostConnection::get() New Host Connection established 0x8f79f480, tid 12368
11-10 15:46:15.015 12348 12368 I OpenGLRenderer: Initialized EGL, version 1.4
11-10 15:46:15.015 12348 12368 D OpenGLRenderer: Swap behavior 1
11-10 15:46:15.015 12348 12368 W OpenGLRenderer: Failed to choose config with EGL_SWAP_BEHAVIOR_PRESERVED, retrying without...
11-10 15:46:15.015 12348 12368 D OpenGLRenderer: Swap behavior 0
11-10 15:46:15.022 12348 12368 D EGL_emulation: eglCreateContext: 0xacc85120: maj 3 min 0 rcv 3
11-10 15:46:15.039 12348 12368 D EGL_emulation: eglMakeCurrent: 0xacc85120: ver 3 0 (tinfo 0xacc836e0)
11-10 15:46:15.084 12348 12368 D EGL_emulation: eglMakeCurrent: 0xacc85120: ver 3 0 (tinfo 0xacc836e0)
11-10 15:46:15.150 12348 12368 D EGL_emulation: eglMakeCurrent: 0xacc85120: ver 3 0 (tinfo 0xacc836e0)
11-10 15:46:15.233  1696  1717 I ActivityManager: Displayed org.shadowice.flocke.andotp/.Activities.MainActivity: +835ms
11-10 15:46:15.250 12348 12368 D EGL_emulation: eglMakeCurrent: 0xacc85120: ver 3 0 (tinfo 0xacc836e0)
11-10 15:46:15.258 12348 12368 D EGL_emulation: eglMakeCurrent: 0xacc85120: ver 3 0 (tinfo 0xacc836e0)
11-10 15:46:15.358  1343  1343 W SurfaceFlinger: couldn't log to binary event log: overflow.
11-10 15:46:16.594 12348 12368 D EGL_emulation: eglMakeCurrent: 0xacc85120: ver 3 0 (tinfo 0xacc836e0)
11-10 15:46:16.606 12348 12368 D EGL_emulation: eglMakeCurrent: 0xacc85120: ver 3 0 (tinfo 0xacc836e0)
11-10 15:46:16.616 12348 12368 D EGL_emulation: eglMakeCurrent: 0xacc85120: ver 3 0 (tinfo 0xacc836e0)
11-10 15:46:16.622 12348 12368 D EGL_emulation: eglMakeCurrent: 0xacc85120: ver 3 0 (tinfo 0xacc836e0)
11-10 15:46:16.630 12348 12368 D EGL_emulation: eglMakeCurrent: 0xacc85120: ver 3 0 (tinfo 0xacc836e0)
11-10 15:46:16.637 12348 12368 D EGL_emulation: eglMakeCurrent: 0xacc85120: ver 3 0 (tinfo 0xacc836e0)
11-10 15:46:16.644 12348 12368 D EGL_emulation: eglMakeCurrent: 0xacc85120: ver 3 0 (tinfo 0xacc836e0)
11-10 15:46:16.651 12348 12368 D EGL_emulation: eglMakeCurrent: 0xacc85120: ver 3 0 (tinfo 0xacc836e0)
11-10 15:46:16.661 12348 12368 D EGL_emulation: eglMakeCurrent: 0xacc85120: ver 3 0 (tinfo 0xacc836e0)
11-10 15:46:16.666 12348 12368 D EGL_emulation: eglMakeCurrent: 0xacc85120: ver 3 0 (tinfo 0xacc836e0)
11-10 15:46:16.679 12348 12368 D EGL_emulation: eglMakeCurrent: 0xacc85120: ver 3 0 (tinfo 0xacc836e0)
11-10 15:46:16.685 12348 12368 D EGL_emulation: eglMakeCurrent: 0xacc85120: ver 3 0 (tinfo 0xacc836e0)
11-10 15:46:16.695 12348 12368 D EGL_emulation: eglMakeCurrent: 0xacc85120: ver 3 0 (tinfo 0xacc836e0)
11-10 15:46:16.700 12348 12368 D EGL_emulation: eglMakeCurrent: 0xacc85120: ver 3 0 (tinfo 0xacc836e0)
11-10 15:46:16.711 12348 12368 D EGL_emulation: eglMakeCurrent: 0xacc85120: ver 3 0 (tinfo 0xacc836e0)
11-10 15:46:16.718 12348 12368 D EGL_emulation: eglMakeCurrent: 0xacc85120: ver 3 0 (tinfo 0xacc836e0)
11-10 15:46:16.728 12348 12368 D EGL_emulation: eglMakeCurrent: 0xacc85120: ver 3 0 (tinfo 0xacc836e0)
11-10 15:46:16.734 12348 12368 D EGL_emulation: eglMakeCurrent: 0xacc85120: ver 3 0 (tinfo 0xacc836e0)
11-10 15:46:16.743 12348 12368 D EGL_emulation: eglMakeCurrent: 0xacc85120: ver 3 0 (tinfo 0xacc836e0)
11-10 15:46:16.749 12348 12368 D EGL_emulation: eglMakeCurrent: 0xacc85120: ver 3 0 (tinfo 0xacc836e0)
11-10 15:46:16.761 12348 12368 D EGL_emulation: eglMakeCurrent: 0xacc85120: ver 3 0 (tinfo 0xacc836e0)
11-10 15:46:16.766 12348 12368 D EGL_emulation: eglMakeCurrent: 0xacc85120: ver 3 0 (tinfo 0xacc836e0)
11-10 15:46:16.777 12348 12368 D EGL_emulation: eglMakeCurrent: 0xacc85120: ver 3 0 (tinfo 0xacc836e0)
11-10 15:46:16.783 12348 12368 D EGL_emulation: eglMakeCurrent: 0xacc85120: ver 3 0 (tinfo 0xacc836e0)
11-10 15:46:16.793 12348 12368 D EGL_emulation: eglMakeCurrent: 0xacc85120: ver 3 0 (tinfo 0xacc836e0)
11-10 15:46:16.800 12348 12368 D EGL_emulation: eglMakeCurrent: 0xacc85120: ver 3 0 (tinfo 0xacc836e0)
11-10 15:46:16.809 12348 12368 D EGL_emulation: eglMakeCurrent: 0xacc85120: ver 3 0 (tinfo 0xacc836e0)
11-10 15:46:16.815 12348 12368 D EGL_emulation: eglMakeCurrent: 0xacc85120: ver 3 0 (tinfo 0xacc836e0)
11-10 15:46:16.828 12348 12368 D EGL_emulation: eglMakeCurrent: 0xacc85120: ver 3 0 (tinfo 0xacc836e0)
11-10 15:46:16.834 12348 12368 D EGL_emulation: eglMakeCurrent: 0xacc85120: ver 3 0 (tinfo 0xacc836e0)
11-10 15:46:16.843 12348 12368 D EGL_emulation: eglMakeCurrent: 0xacc85120: ver 3 0 (tinfo 0xacc836e0)
11-10 15:46:16.849 12348 12368 D EGL_emulation: eglMakeCurrent: 0xacc85120: ver 3 0 (tinfo 0xacc836e0)
11-10 15:46:16.860 12348 12368 D EGL_emulation: eglMakeCurrent: 0xacc85120: ver 3 0 (tinfo 0xacc836e0)
11-10 15:46:16.866 12348 12368 D EGL_emulation: eglMakeCurrent: 0xacc85120: ver 3 0 (tinfo 0xacc836e0)
11-10 15:46:25.469  1861 16820 E WakeLock: GCM_HB_ALARM release without a matched acquire!
11-10 15:46:29.681 12375 12375 D AndroidRuntime: >>>>>> START com.android.internal.os.RuntimeInit uid 2000 <<<<<<
11-10 15:46:29.683 12375 12375 D AndroidRuntime: CheckJNI is ON
11-10 15:46:29.742 12375 12375 W art     : Unexpected CPU variant for X86 using defaults: x86
11-10 15:46:29.749 12375 12375 D ICU     : No timezone override file found: /data/misc/zoneinfo/current/icu/icu_tzdata.dat
11-10 15:46:29.769 12375 12375 E memtrack: Couldn't load memtrack module (No such file or directory)
11-10 15:46:29.769 12375 12375 E android.os.Debug: failed to load memtrack module: -2
11-10 15:46:29.770 12375 12375 I Radio-JNI: register_android_hardware_Radio DONE
11-10 15:46:29.779 12375 12375 D AndroidRuntime: Calling main entry com.android.commands.content.Content
11-10 15:46:29.792 12375 12375 D AndroidRuntime: Shutting down VM
11-10 15:46:30.034 12385 12385 D AndroidRuntime: >>>>>> START com.android.internal.os.RuntimeInit uid 2000 <<<<<<
11-10 15:46:30.036 12385 12385 D AndroidRuntime: CheckJNI is ON
11-10 15:46:30.081 12385 12385 W art     : Unexpected CPU variant for X86 using defaults: x86
11-10 15:46:30.084 12385 12385 D ICU     : No timezone override file found: /data/misc/zoneinfo/current/icu/icu_tzdata.dat
11-10 15:46:30.101 12385 12385 E memtrack: Couldn't load memtrack module (No such file or directory)
11-10 15:46:30.101 12385 12385 E android.os.Debug: failed to load memtrack module: -2
11-10 15:46:30.103 12385 12385 I Radio-JNI: register_android_hardware_Radio DONE
11-10 15:46:30.113 12385 12385 D AndroidRuntime: Calling main entry com.android.commands.content.Content
11-10 15:46:30.123 12385 12385 D AndroidRuntime: Shutting down VM
11-10 15:46:31.218 12414 12414 D AndroidRuntime: >>>>>> START com.android.internal.os.RuntimeInit uid 2000 <<<<<<
11-10 15:46:31.220 12414 12414 D AndroidRuntime: CheckJNI is ON
11-10 15:46:31.272 12414 12414 W art     : Unexpected CPU variant for X86 using defaults: x86
11-10 15:46:31.279 12414 12414 D ICU     : No timezone override file found: /data/local/tmp/misc/zoneinfo/current/icu/icu_tzdata.dat
11-10 15:46:31.311 12414 12414 E memtrack: Couldn't load memtrack module (No such file or directory)
11-10 15:46:31.311 12414 12414 E android.os.Debug: failed to load memtrack module: -2
11-10 15:46:31.313 12414 12414 I Radio-JNI: register_android_hardware_Radio DONE
11-10 15:46:31.322 12414 12414 D AndroidRuntime: Calling main entry com.android.commands.uiautomator.Launcher
11-10 15:46:32.369 12414 12414 W AccessibilityNodeInfoDumper: Fetch time: 8ms
11-10 15:46:32.370  1696  4551 W WindowManager: Attempted to remove non-existing token: android.os.Binder@c1c925d
11-10 15:46:32.378 12414 12414 D AndroidRuntime: Shutting down VM
11-10 15:46:32.748 12432 12432 D AndroidRuntime: >>>>>> START com.android.internal.os.RuntimeInit uid 2000 <<<<<<
11-10 15:46:32.750 12432 12432 D AndroidRuntime: CheckJNI is ON
11-10 15:46:32.800 12432 12432 W art     : Unexpected CPU variant for X86 using defaults: x86
11-10 15:46:32.804 12432 12432 D ICU     : No timezone override file found: /data/local/tmp/misc/zoneinfo/current/icu/icu_tzdata.dat
11-10 15:46:32.834 12432 12432 E memtrack: Couldn't load memtrack module (No such file or directory)
11-10 15:46:32.834 12432 12432 E android.os.Debug: failed to load memtrack module: -2
11-10 15:46:32.836 12432 12432 I Radio-JNI: register_android_hardware_Radio DONE
11-10 15:46:32.848 12432 12432 D AndroidRuntime: Calling main entry com.android.commands.uiautomator.Launcher
11-10 15:46:33.887 12432 12432 W AccessibilityNodeInfoDumper: Fetch time: 5ms
11-10 15:46:33.887  1696  2071 W WindowManager: Attempted to remove non-existing token: android.os.Binder@47a10a3
11-10 15:46:33.910 12432 12432 D AndroidRuntime: Shutting down VM
11-10 15:46:34.985 12460 12460 D AndroidRuntime: >>>>>> START com.android.internal.os.RuntimeInit uid 2000 <<<<<<
11-10 15:46:34.987 12460 12460 D AndroidRuntime: CheckJNI is ON
11-10 15:46:35.039 12460 12460 W art     : Unexpected CPU variant for X86 using defaults: x86
11-10 15:46:35.043 12460 12460 D ICU     : No timezone override file found: /data/local/tmp/misc/zoneinfo/current/icu/icu_tzdata.dat
11-10 15:46:35.068 12460 12460 E memtrack: Couldn't load memtrack module (No such file or directory)
11-10 15:46:35.068 12460 12460 E android.os.Debug: failed to load memtrack module: -2
11-10 15:46:35.069 12460 12460 I Radio-JNI: register_android_hardware_Radio DONE
11-10 15:46:35.080 12460 12460 D AndroidRuntime: Calling main entry com.android.commands.uiautomator.Launcher
11-10 15:46:36.117 12460 12460 W AccessibilityNodeInfoDumper: Fetch time: 8ms
11-10 15:46:36.118  1696  1795 W WindowManager: Attempted to remove non-existing token: android.os.Binder@514f759
11-10 15:46:36.130 12460 12460 D AndroidRuntime: Shutting down VM
11-10 15:46:37.255 12495 12495 D AndroidRuntime: >>>>>> START com.android.internal.os.RuntimeInit uid 2000 <<<<<<
11-10 15:46:37.257 12495 12495 D AndroidRuntime: CheckJNI is ON
11-10 15:46:37.299 12495 12495 W art     : Unexpected CPU variant for X86 using defaults: x86
11-10 15:46:37.302 12495 12495 D ICU     : No timezone override file found: /data/local/tmp/misc/zoneinfo/current/icu/icu_tzdata.dat
11-10 15:46:37.333 12495 12495 E memtrack: Couldn't load memtrack module (No such file or directory)
11-10 15:46:37.333 12495 12495 E android.os.Debug: failed to load memtrack module: -2
11-10 15:46:37.334 12495 12495 I Radio-JNI: register_android_hardware_Radio DONE
11-10 15:46:37.343 12495 12495 D AndroidRuntime: Calling main entry com.android.commands.uiautomator.Launcher
11-10 15:46:38.377 12495 12495 W AccessibilityNodeInfoDumper: Fetch time: 5ms
11-10 15:46:38.378  1696  1708 W WindowManager: Attempted to remove non-existing token: android.os.Binder@d94b015
11-10 15:46:38.392 12495 12495 D AndroidRuntime: Shutting down VM
11-10 15:46:38.827 12516 12516 D AndroidRuntime: >>>>>> START com.android.internal.os.RuntimeInit uid 2000 <<<<<<
11-10 15:46:38.829 12516 12516 D AndroidRuntime: CheckJNI is ON
11-10 15:46:38.882 12516 12516 W art     : Unexpected CPU variant for X86 using defaults: x86
11-10 15:46:38.886 12516 12516 D ICU     : No timezone override file found: /data/local/tmp/misc/zoneinfo/current/icu/icu_tzdata.dat
11-10 15:46:38.922 12516 12516 E memtrack: Couldn't load memtrack module (No such file or directory)
11-10 15:46:38.922 12516 12516 E android.os.Debug: failed to load memtrack module: -2
11-10 15:46:38.923 12516 12516 I Radio-JNI: register_android_hardware_Radio DONE
11-10 15:46:38.934 12516 12516 D AndroidRuntime: Calling main entry com.android.commands.uiautomator.Launcher
11-10 15:46:39.982 12516 12516 W AccessibilityNodeInfoDumper: Fetch time: 5ms
11-10 15:46:39.982  1696  1906 W WindowManager: Attempted to remove non-existing token: android.os.Binder@f0ef11b
11-10 15:46:39.997 12516 12516 D AndroidRuntime: Shutting down VM
11-10 15:46:40.143  1343  2282 E SurfaceFlinger: ro.sf.lcd_density must be defined as a build property
11-10 15:46:40.151  1343  1343 W SurfaceFlinger: FB is protected: PERMISSION_DENIED
11-10 15:46:40.326  1861  1048 I NetworkScheduler.Stats: Task com.google.android.gms/com.google.android.gms.icing.service.IcingGcmTaskService started execution. cause:4 exec_start_elapsed_seconds: 46432 [CONTEXT service_id=218 ]
11-10 15:46:40.334  1861  6062 I NetworkScheduler.Stats: Task com.google.android.gms/com.google.android.gms.icing.service.IcingGcmTaskService finished executing. cause:4 result: 1 elapsed_millis: 48 uptime_millis: 48 exec_start_elapsed_seconds: 46432 [CONTEXT service_id=218 ]
11-10 15:46:40.432  1861  1048 I NetworkScheduler.Stats: Task com.google.android.gms/com.google.android.gms.checkin.EventLogService started execution. cause:5 exec_start_elapsed_seconds: 46432 [CONTEXT service_id=218 ]
11-10 15:46:40.441  2350  6406 I Checkin : [EventLogChimeraService] Opted in for usage reporting: false
11-10 15:46:40.442  2350  6406 I Checkin : [EventLogChimeraService] Aggregate from 1668111829291 (log), 1668111829291 (data)
11-10 15:46:41.092  1861  6062 I NetworkScheduler.Stats: Task com.google.android.gms/com.google.android.gms.checkin.EventLogService finished executing. cause:5 result: 1 elapsed_millis: 701 uptime_millis: 701 exec_start_elapsed_seconds: 46432 [CONTEXT service_id=218 ]
11-10 15:46:42.253  1343  1356 E SurfaceFlinger: ro.sf.lcd_density must be defined as a build property
11-10 15:46:42.254  1343  1343 W SurfaceFlinger: FB is protected: PERMISSION_DENIED
11-10 15:46:44.357  1343  2116 E SurfaceFlinger: ro.sf.lcd_density must be defined as a build property
11-10 15:46:44.357  1343  1343 W SurfaceFlinger: FB is protected: PERMISSION_DENIED
11-10 15:46:46.551  1343  1356 E SurfaceFlinger: ro.sf.lcd_density must be defined as a build property
11-10 15:46:46.559  1343  1343 W SurfaceFlinger: FB is protected: PERMISSION_DENIED
11-10 15:46:48.676  1343  2282 E SurfaceFlinger: ro.sf.lcd_density must be defined as a build property
11-10 15:46:48.678  1343  1343 W SurfaceFlinger: FB is protected: PERMISSION_DENIED
11-10 15:46:50.802  1343  2116 E SurfaceFlinger: ro.sf.lcd_density must be defined as a build property
11-10 15:46:50.805  1343  1343 W SurfaceFlinger: FB is protected: PERMISSION_DENIED
11-10 15:46:52.920  1343  2282 E SurfaceFlinger: ro.sf.lcd_density must be defined as a build property
11-10 15:46:52.922  1343  1343 W SurfaceFlinger: FB is protected: PERMISSION_DENIED
11-10 15:46:55.023  1343  1387 E SurfaceFlinger: ro.sf.lcd_density must be defined as a build property
11-10 15:46:55.024  1343  1343 W SurfaceFlinger: FB is protected: PERMISSION_DENIED
11-10 15:46:57.125  1343  1355 E SurfaceFlinger: ro.sf.lcd_density must be defined as a build property
11-10 15:46:57.132  1343  1343 W SurfaceFlinger: FB is protected: PERMISSION_DENIED
11-10 15:46:59.233  1343  1356 E SurfaceFlinger: ro.sf.lcd_density must be defined as a build property
11-10 15:46:59.234  1343  1343 W SurfaceFlinger: FB is protected: PERMISSION_DENIED
11-10 15:47:01.347  1343  1356 E SurfaceFlinger: ro.sf.lcd_density must be defined as a build property
11-10 15:47:01.350  1343  1343 W SurfaceFlinger: FB is protected: PERMISSION_DENIED
11-10 15:47:03.456  1343  1387 E SurfaceFlinger: ro.sf.lcd_density must be defined as a build property
11-10 15:47:03.457  1343  1343 W SurfaceFlinger: FB is protected: PERMISSION_DENIED
11-10 15:47:05.559  1343  1356 E SurfaceFlinger: ro.sf.lcd_density must be defined as a build property
11-10 15:47:05.566  1343  1343 W SurfaceFlinger: FB is protected: PERMISSION_DENIED
11-10 15:47:07.670  1343  1356 E SurfaceFlinger: ro.sf.lcd_density must be defined as a build property
11-10 15:47:07.671  1343  1343 W SurfaceFlinger: FB is protected: PERMISSION_DENIED
11-10 15:47:09.773  1343  1355 E SurfaceFlinger: ro.sf.lcd_density must be defined as a build property
11-10 15:47:09.779  1343  1343 W SurfaceFlinger: FB is protected: PERMISSION_DENIED
11-10 15:47:10.037  3946  3946 I GrammarCompilationSvcCt: #startService for null, APP_NAMES.
11-10 15:47:10.048  3946 12607 I ContextCompilationHandl: Compiling grammar for: en-US, type=APP_NAMES
11-10 15:47:10.050  3946 12607 I ContextCompilationHandl: No grammar compilation resources for VOICE_ACTIONS_COMPILER, aborting. 
11-10 15:47:11.889  1343  1356 E SurfaceFlinger: ro.sf.lcd_density must be defined as a build property
11-10 15:47:11.890  1343  1343 W SurfaceFlinger: FB is protected: PERMISSION_DENIED
11-10 15:47:13.985  1343  2282 E SurfaceFlinger: ro.sf.lcd_density must be defined as a build property
11-10 15:47:13.986  1343  1343 W SurfaceFlinger: FB is protected: PERMISSION_DENIED
11-10 15:47:14.166  3946  3946 I GrammarCompilationSvcCt: #startService for null, APP_NAMES.
11-10 15:47:14.172  3946 12618 I ContextCompilationHandl: Compiling grammar for: en-US, type=APP_NAMES
11-10 15:47:14.174  3946 12618 I ContextCompilationHandl: No grammar compilation resources for VOICE_ACTIONS_COMPILER, aborting. 
11-10 15:47:16.112  1343  1355 E SurfaceFlinger: ro.sf.lcd_density must be defined as a build property
11-10 15:47:16.116  1343  1343 W SurfaceFlinger: FB is protected: PERMISSION_DENIED
11-10 15:47:18.221  1343  1355 E SurfaceFlinger: ro.sf.lcd_density must be defined as a build property
11-10 15:47:18.223  1343  1343 W SurfaceFlinger: FB is protected: PERMISSION_DENIED
11-10 15:47:20.319  1343  1356 E SurfaceFlinger: ro.sf.lcd_density must be defined as a build property
11-10 15:47:20.320  1343  1343 W SurfaceFlinger: FB is protected: PERMISSION_DENIED
11-10 15:47:22.629 12637 12637 D AndroidRuntime: >>>>>> START com.android.internal.os.RuntimeInit uid 2000 <<<<<<
11-10 15:47:22.632 12637 12637 D AndroidRuntime: CheckJNI is ON
11-10 15:47:22.734 12637 12637 W art     : Unexpected CPU variant for X86 using defaults: x86
11-10 15:47:22.740 12637 12637 D ICU     : No timezone override file found: /data/local/tmp/misc/zoneinfo/current/icu/icu_tzdata.dat
11-10 15:47:22.772 12637 12637 E memtrack: Couldn't load memtrack module (No such file or directory)
11-10 15:47:22.772 12637 12637 E android.os.Debug: failed to load memtrack module: -2
11-10 15:47:22.773 12637 12637 I Radio-JNI: register_android_hardware_Radio DONE
11-10 15:47:22.784 12637 12637 D AndroidRuntime: Calling main entry com.android.commands.uiautomator.Launcher
11-10 15:47:23.827 12637 12637 W AccessibilityNodeInfoDumper: Fetch time: 6ms
11-10 15:47:23.828  1696  1707 W WindowManager: Attempted to remove non-existing token: android.os.Binder@80558e7
11-10 15:47:23.847 12637 12637 D AndroidRuntime: Shutting down VM
11-10 15:47:26.249 12654 12654 D AndroidRuntime: >>>>>> START com.android.internal.os.RuntimeInit uid 2000 <<<<<<
11-10 15:47:26.251 12654 12654 D AndroidRuntime: CheckJNI is ON
11-10 15:47:26.296 12654 12654 W art     : Unexpected CPU variant for X86 using defaults: x86
11-10 15:47:26.300 12654 12654 D ICU     : No timezone override file found: /data/local/tmp/misc/zoneinfo/current/icu/icu_tzdata.dat
11-10 15:47:26.333 12654 12654 E memtrack: Couldn't load memtrack module (No such file or directory)
11-10 15:47:26.333 12654 12654 E android.os.Debug: failed to load memtrack module: -2
11-10 15:47:26.334 12654 12654 I Radio-JNI: register_android_hardware_Radio DONE
11-10 15:47:26.343 12654 12654 D AndroidRuntime: Calling main entry com.android.commands.uiautomator.Launcher
11-10 15:47:27.386 12654 12654 W AccessibilityNodeInfoDumper: Fetch time: 5ms
11-10 15:47:27.387  1696  2071 W WindowManager: Attempted to remove non-existing token: android.os.Binder@5b6833d
11-10 15:47:27.409 12654 12654 D AndroidRuntime: Shutting down VM
11-10 15:47:27.798 12671 12671 D AndroidRuntime: >>>>>> START com.android.internal.os.RuntimeInit uid 2000 <<<<<<
11-10 15:47:27.800 12671 12671 D AndroidRuntime: CheckJNI is ON
11-10 15:47:27.855 12671 12671 W art     : Unexpected CPU variant for X86 using defaults: x86
11-10 15:47:27.861 12671 12671 D ICU     : No timezone override file found: /data/local/tmp/misc/zoneinfo/current/icu/icu_tzdata.dat
11-10 15:47:27.892 12671 12671 E memtrack: Couldn't load memtrack module (No such file or directory)
11-10 15:47:27.892 12671 12671 E android.os.Debug: failed to load memtrack module: -2
11-10 15:47:27.896 12671 12671 I Radio-JNI: register_android_hardware_Radio DONE
11-10 15:47:27.905 12671 12671 D AndroidRuntime: Calling main entry com.android.commands.uiautomator.Launcher
11-10 15:47:28.942 12671 12671 W AccessibilityNodeInfoDumper: Fetch time: 7ms
11-10 15:47:28.943  1696  1795 W WindowManager: Attempted to remove non-existing token: android.os.Binder@d449c83
11-10 15:47:28.961 12671 12671 D AndroidRuntime: Shutting down VM
11-10 15:47:29.371 12688 12688 D AndroidRuntime: >>>>>> START com.android.internal.os.RuntimeInit uid 2000 <<<<<<
11-10 15:47:29.375 12688 12688 D AndroidRuntime: CheckJNI is ON
11-10 15:47:29.423 12688 12688 W art     : Unexpected CPU variant for X86 using defaults: x86
11-10 15:47:29.428 12688 12688 D ICU     : No timezone override file found: /data/local/tmp/misc/zoneinfo/current/icu/icu_tzdata.dat
11-10 15:47:29.458 12688 12688 E memtrack: Couldn't load memtrack module (No such file or directory)
11-10 15:47:29.458 12688 12688 E android.os.Debug: failed to load memtrack module: -2
11-10 15:47:29.459 12688 12688 I Radio-JNI: register_android_hardware_Radio DONE
11-10 15:47:29.467 12688 12688 D AndroidRuntime: Calling main entry com.android.commands.uiautomator.Launcher
11-10 15:47:30.504 12688 12688 W AccessibilityNodeInfoDumper: Fetch time: 4ms
11-10 15:47:30.505  1696  2239 W WindowManager: Attempted to remove non-existing token: android.os.Binder@6aa7ddf
11-10 15:47:30.529 12688 12688 D AndroidRuntime: Shutting down VM
11-10 15:47:30.922 12708 12708 D AndroidRuntime: >>>>>> START com.android.internal.os.RuntimeInit uid 2000 <<<<<<
11-10 15:47:30.924 12708 12708 D AndroidRuntime: CheckJNI is ON
11-10 15:47:30.966 12708 12708 W art     : Unexpected CPU variant for X86 using defaults: x86
11-10 15:47:30.969 12708 12708 D ICU     : No timezone override file found: /data/local/tmp/misc/zoneinfo/current/icu/icu_tzdata.dat
11-10 15:47:31.001 12708 12708 E memtrack: Couldn't load memtrack module (No such file or directory)
11-10 15:47:31.001 12708 12708 E android.os.Debug: failed to load memtrack module: -2
11-10 15:47:31.002 12708 12708 I Radio-JNI: register_android_hardware_Radio DONE
11-10 15:47:31.018 12708 12708 D AndroidRuntime: Calling main entry com.android.commands.uiautomator.Launcher
11-10 15:47:32.056 12708 12708 W AccessibilityNodeInfoDumper: Fetch time: 7ms
11-10 15:47:32.057  1696  1926 W WindowManager: Attempted to remove non-existing token: android.os.Binder@49fdcf5
11-10 15:47:32.080 12708 12708 D AndroidRuntime: Shutting down VM
11-10 15:47:32.384 12720 12720 D AndroidRuntime: >>>>>> START com.android.internal.os.RuntimeInit uid 2000 <<<<<<
11-10 15:47:32.386 12720 12720 D AndroidRuntime: CheckJNI is ON
11-10 15:47:32.439 12720 12720 W art     : Unexpected CPU variant for X86 using defaults: x86
11-10 15:47:32.444 12720 12720 D ICU     : No timezone override file found: /data/misc/zoneinfo/current/icu/icu_tzdata.dat
11-10 15:47:32.469 12720 12720 E memtrack: Couldn't load memtrack module (No such file or directory)
11-10 15:47:32.469 12720 12720 E android.os.Debug: failed to load memtrack module: -2
11-10 15:47:32.470 12720 12720 I Radio-JNI: register_android_hardware_Radio DONE
11-10 15:47:32.482 12720 12720 D AndroidRuntime: Calling main entry com.android.commands.input.Input
11-10 15:47:32.495 12720 12720 I Input   : injectMotionEvent: MotionEvent { action=ACTION_DOWN, actionButton=0, id[0]=0, x[0]=694.0, y[0]=1655.0, toolType[0]=TOOL_TYPE_UNKNOWN, buttonState=0, metaState=0, flags=0x0, edgeFlags=0x0, pointerCount=1, historySize=0, eventTime=46484911, downTime=46484911, deviceId=0, source=0x1002 }
11-10 15:47:32.499 12720 12720 I Input   : injectMotionEvent: MotionEvent { action=ACTION_UP, actionButton=0, id[0]=0, x[0]=694.0, y[0]=1655.0, toolType[0]=TOOL_TYPE_UNKNOWN, buttonState=0, metaState=0, flags=0x0, edgeFlags=0x0, pointerCount=1, historySize=0, eventTime=46484911, downTime=46484911, deviceId=0, source=0x1002 }
11-10 15:47:32.503 12720 12720 D AndroidRuntime: Shutting down VM
11-10 15:47:32.510 12348 12368 D EGL_emulation: eglMakeCurrent: 0xacc85120: ver 3 0 (tinfo 0xacc836e0)
11-10 15:47:32.515 12348 12368 D EGL_emulation: eglMakeCurrent: 0xacc85120: ver 3 0 (tinfo 0xacc836e0)
11-10 15:47:32.521  1696  4550 I ActivityManager: START u0 {cmp=org.shadowice.flocke.andotp/.Activities.SettingsActivity} from uid 10117 on display 0
11-10 15:47:32.537  1397  1420 W audio_hw_generic: Not supplying enough data to HAL, expected position 89188788 , only wrote 89188560
11-10 15:47:32.598  1397  1420 W audio_hw_generic: Not supplying enough data to HAL, expected position 89191461 , only wrote 89191440
11-10 15:47:32.598  1397  1420 W audio_hw_generic: Not supplying enough data to HAL, expected position 89191454 , only wrote 89191440
11-10 15:47:32.615  1397  1420 W audio_hw_generic: Hardware backing HAL too slow, could only write 0 of 720 frames
11-10 15:47:32.764 12348 12353 I art     : Do partial code cache collection, code=30KB, data=30KB
11-10 15:47:32.766 12348 12353 I art     : After code cache collection, code=30KB, data=30KB
11-10 15:47:32.766 12348 12353 I art     : Increasing code cache capacity to 128KB
11-10 15:47:32.789 12348 12368 D EGL_emulation: eglMakeCurrent: 0xacc85120: ver 3 0 (tinfo 0xacc836e0)
11-10 15:47:32.829 12348 12368 D EGL_emulation: eglMakeCurrent: 0xacc85120: ver 3 0 (tinfo 0xacc836e0)
11-10 15:47:32.834  1696  1717 I ActivityManager: Displayed org.shadowice.flocke.andotp/.Activities.SettingsActivity: +205ms
11-10 15:47:32.840 12348 12368 D EGL_emulation: eglMakeCurrent: 0xacc85120: ver 3 0 (tinfo 0xacc836e0)
11-10 15:47:32.859 12348 12368 D EGL_emulation: eglMakeCurrent: 0xacc85120: ver 3 0 (tinfo 0xacc836e0)
11-10 15:47:32.867 12348 12368 D EGL_emulation: eglMakeCurrent: 0xacc85120: ver 3 0 (tinfo 0xacc836e0)
11-10 15:47:34.392 12348 12368 D EGL_emulation: eglMakeCurrent: 0xacc85120: ver 3 0 (tinfo 0xacc836e0)
11-10 15:47:35.841  1397  1421 W audio_hw_generic: Not supplying enough data to HAL, expected position 89500601 , only wrote 89346960
11-10 15:47:37.115 12748 12748 D AndroidRuntime: >>>>>> START com.android.internal.os.RuntimeInit uid 2000 <<<<<<
11-10 15:47:37.117 12748 12748 D AndroidRuntime: CheckJNI is ON
11-10 15:47:37.161 12748 12748 W art     : Unexpected CPU variant for X86 using defaults: x86
11-10 15:47:37.165 12748 12748 D ICU     : No timezone override file found: /data/local/tmp/misc/zoneinfo/current/icu/icu_tzdata.dat
11-10 15:47:37.191 12748 12748 E memtrack: Couldn't load memtrack module (No such file or directory)
11-10 15:47:37.191 12748 12748 E android.os.Debug: failed to load memtrack module: -2
11-10 15:47:37.192 12748 12748 I Radio-JNI: register_android_hardware_Radio DONE
11-10 15:47:37.200 12748 12748 D AndroidRuntime: Calling main entry com.android.commands.uiautomator.Launcher
11-10 15:47:38.237 12748 12748 I AccessibilityNodeInfoDumper: Skipping invisible child: android.view.accessibility.AccessibilityNodeInfo@8002830a; boundsInParent: Rect(0, 0 - 0, 147); boundsInScreen: Rect(1080, 63 - 1080, 210); packageName: org.shadowice.flocke.andotp; className: android.support.v7.widget.LinearLayoutCompat; text: null; error: null; maxTextLength: -1; contentDescription: null; viewIdResName: null; checkable: false; checked: false; focusable: false; focused: false; selected: false; clickable: false; longClickable: false; contextClickable: false; enabled: true; password: false; scrollable: false; actions: [AccessibilityAction: ACTION_SELECT - null, AccessibilityAction: ACTION_CLEAR_SELECTION - null, AccessibilityAction: ACTION_ACCESSIBILITY_FOCUS - null, AccessibilityAction: ACTION_SHOW_ON_SCREEN - null]
