11-10 15:56:57.781 15754 15754 I Input   : injectKeyEvent: KeyEvent { action=ACTION_UP, keyCode=KEYCODE_DEL, scanCode=0, metaState=0, flags=0x0, repeatCount=0, eventTime=47050199, downTime=47050199, deviceId=-1, source=0x101 }
11-10 15:56:57.786 15754 15754 I Input   : injectKeyEvent: KeyEvent { action=ACTION_DOWN, keyCode=KEYCODE_DEL, scanCode=0, metaState=0, flags=0x0, repeatCount=0, eventTime=47050210, downTime=47050210, deviceId=-1, source=0x101 }
11-10 15:56:57.789 15754 15754 I Input   : injectKeyEvent: KeyEvent { action=ACTION_UP, keyCode=KEYCODE_DEL, scanCode=0, metaState=0, flags=0x0, repeatCount=0, eventTime=47050210, downTime=47050210, deviceId=-1, source=0x101 }
11-10 15:56:57.792 15754 15754 I Input   : injectKeyEvent: KeyEvent { action=ACTION_DOWN, keyCode=KEYCODE_DEL, scanCode=0, metaState=0, flags=0x0, repeatCount=0, eventTime=47050217, downTime=47050217, deviceId=-1, source=0x101 }
11-10 15:56:57.796 15754 15754 I Input   : injectKeyEvent: KeyEvent { action=ACTION_UP, keyCode=KEYCODE_DEL, scanCode=0, metaState=0, flags=0x0, repeatCount=0, eventTime=47050217, downTime=47050217, deviceId=-1, source=0x101 }
11-10 15:56:57.800 15754 15754 I Input   : injectKeyEvent: KeyEvent { action=ACTION_DOWN, keyCode=KEYCODE_DEL, scanCode=0, metaState=0, flags=0x0, repeatCount=0, eventTime=47050224, downTime=47050224, deviceId=-1, source=0x101 }
11-10 15:56:57.803 15754 15754 I Input   : injectKeyEvent: KeyEvent { action=ACTION_UP, keyCode=KEYCODE_DEL, scanCode=0, metaState=0, flags=0x0, repeatCount=0, eventTime=47050224, downTime=47050224, deviceId=-1, source=0x101 }
11-10 15:56:57.806 15754 15754 I Input   : injectKeyEvent: KeyEvent { action=ACTION_DOWN, keyCode=KEYCODE_DEL, scanCode=0, metaState=0, flags=0x0, repeatCount=0, eventTime=47050231, downTime=47050231, deviceId=-1, source=0x101 }
11-10 15:56:57.812 15754 15754 I Input   : injectKeyEvent: KeyEvent { action=ACTION_UP, keyCode=KEYCODE_DEL, scanCode=0, metaState=0, flags=0x0, repeatCount=0, eventTime=47050231, downTime=47050231, deviceId=-1, source=0x101 }
11-10 15:56:57.817 15754 15754 I Input   : injectKeyEvent: KeyEvent { action=ACTION_DOWN, keyCode=KEYCODE_DEL, scanCode=0, metaState=0, flags=0x0, repeatCount=0, eventTime=47050242, downTime=47050242, deviceId=-1, source=0x101 }
11-10 15:56:57.821 15754 15754 I Input   : injectKeyEvent: KeyEvent { action=ACTION_UP, keyCode=KEYCODE_DEL, scanCode=0, metaState=0, flags=0x0, repeatCount=0, eventTime=47050242, downTime=47050242, deviceId=-1, source=0x101 }
11-10 15:56:57.824 15754 15754 I Input   : injectKeyEvent: KeyEvent { action=ACTION_DOWN, keyCode=KEYCODE_DEL, scanCode=0, metaState=0, flags=0x0, repeatCount=0, eventTime=47050248, downTime=47050248, deviceId=-1, source=0x101 }
11-10 15:56:57.830 15754 15754 I Input   : injectKeyEvent: KeyEvent { action=ACTION_UP, keyCode=KEYCODE_DEL, scanCode=0, metaState=0, flags=0x0, repeatCount=0, eventTime=47050248, downTime=47050248, deviceId=-1, source=0x101 }
11-10 15:56:57.834 15754 15754 I Input   : injectKeyEvent: KeyEvent { action=ACTION_DOWN, keyCode=KEYCODE_DEL, scanCode=0, metaState=0, flags=0x0, repeatCount=0, eventTime=47050259, downTime=47050259, deviceId=-1, source=0x101 }
11-10 15:56:57.838 15754 15754 I Input   : injectKeyEvent: KeyEvent { action=ACTION_UP, keyCode=KEYCODE_DEL, scanCode=0, metaState=0, flags=0x0, repeatCount=0, eventTime=47050259, downTime=47050259, deviceId=-1, source=0x101 }
11-10 15:56:57.842 15754 15754 I Input   : injectKeyEvent: KeyEvent { action=ACTION_DOWN, keyCode=KEYCODE_DEL, scanCode=0, metaState=0, flags=0x0, repeatCount=0, eventTime=47050267, downTime=47050267, deviceId=-1, source=0x101 }
11-10 15:56:57.847 15754 15754 I Input   : injectKeyEvent: KeyEvent { action=ACTION_UP, keyCode=KEYCODE_DEL, scanCode=0, metaState=0, flags=0x0, repeatCount=0, eventTime=47050267, downTime=47050267, deviceId=-1, source=0x101 }
11-10 15:56:57.850 15754 15754 I Input   : injectKeyEvent: KeyEvent { action=ACTION_DOWN, keyCode=KEYCODE_DEL, scanCode=0, metaState=0, flags=0x0, repeatCount=0, eventTime=47050275, downTime=47050275, deviceId=-1, source=0x101 }
11-10 15:56:57.854 15754 15754 I Input   : injectKeyEvent: KeyEvent { action=ACTION_UP, keyCode=KEYCODE_DEL, scanCode=0, metaState=0, flags=0x0, repeatCount=0, eventTime=47050275, downTime=47050275, deviceId=-1, source=0x101 }
11-10 15:56:57.857 15754 15754 D AndroidRuntime: Shutting down VM
11-10 15:56:58.228 15764 15764 D AndroidRuntime: >>>>>> START com.android.internal.os.RuntimeInit uid 2000 <<<<<<
11-10 15:56:58.232 15764 15764 D AndroidRuntime: CheckJNI is ON
11-10 15:56:58.304 15764 15764 W art     : Unexpected CPU variant for X86 using defaults: x86
11-10 15:56:58.311 15764 15764 D ICU     : No timezone override file found: /data/misc/zoneinfo/current/icu/icu_tzdata.dat
11-10 15:56:58.343 15764 15764 E memtrack: Couldn't load memtrack module (No such file or directory)
11-10 15:56:58.343 15764 15764 E android.os.Debug: failed to load memtrack module: -2
11-10 15:56:58.344 15764 15764 I Radio-JNI: register_android_hardware_Radio DONE
11-10 15:56:58.359 15764 15764 D AndroidRuntime: Calling main entry com.android.commands.input.Input
11-10 15:56:58.363 15764 15764 I Input   : injectKeyEvent: KeyEvent { action=ACTION_DOWN, keyCode=KEYCODE_N, scanCode=0, metaState=0, flags=0x0, repeatCount=0, eventTime=47050788, downTime=47050788, deviceId=-1, source=0x101 }
11-10 15:56:58.369 15764 15764 I Input   : injectKeyEvent: KeyEvent { action=ACTION_UP, keyCode=KEYCODE_N, scanCode=0, metaState=0, flags=0x0, repeatCount=0, eventTime=47050788, downTime=47050788, deviceId=-1, source=0x101 }
11-10 15:56:58.372 15764 15764 I Input   : injectKeyEvent: KeyEvent { action=ACTION_DOWN, keyCode=KEYCODE_U, scanCode=0, metaState=0, flags=0x0, repeatCount=0, eventTime=47050788, downTime=47050788, deviceId=-1, source=0x101 }
11-10 15:56:58.379 15764 15764 I Input   : injectKeyEvent: KeyEvent { action=ACTION_UP, keyCode=KEYCODE_U, scanCode=0, metaState=0, flags=0x0, repeatCount=0, eventTime=47050788, downTime=47050788, deviceId=-1, source=0x101 }
11-10 15:56:58.385 15764 15764 I Input   : injectKeyEvent: KeyEvent { action=ACTION_DOWN, keyCode=KEYCODE_L, scanCode=0, metaState=0, flags=0x0, repeatCount=0, eventTime=47050788, downTime=47050788, deviceId=-1, source=0x101 }
11-10 15:56:58.392 15764 15764 I Input   : injectKeyEvent: KeyEvent { action=ACTION_UP, keyCode=KEYCODE_L, scanCode=0, metaState=0, flags=0x0, repeatCount=0, eventTime=47050788, downTime=47050788, deviceId=-1, source=0x101 }
11-10 15:56:58.398 15764 15764 I Input   : injectKeyEvent: KeyEvent { action=ACTION_DOWN, keyCode=KEYCODE_L, scanCode=0, metaState=0, flags=0x0, repeatCount=0, eventTime=47050788, downTime=47050788, deviceId=-1, source=0x101 }
11-10 15:56:58.402 15764 15764 I Input   : injectKeyEvent: KeyEvent { action=ACTION_UP, keyCode=KEYCODE_L, scanCode=0, metaState=0, flags=0x0, repeatCount=0, eventTime=47050788, downTime=47050788, deviceId=-1, source=0x101 }
11-10 15:56:58.407 15764 15764 D AndroidRuntime: Shutting down VM
11-10 15:56:59.627  1343  1355 E SurfaceFlinger: ro.sf.lcd_density must be defined as a build property
11-10 15:56:59.635  1343  1343 W SurfaceFlinger: FB is protected: PERMISSION_DENIED
11-10 15:56:59.636  1696  1709 I UsageStatsService: User[0] Flushing usage stats to disk
11-10 15:57:00.026  5359  5391 D EGL_emulation: eglMakeCurrent: 0x9d5c8a80: ver 3 0 (tinfo 0x8e2555b0)
11-10 15:57:01.770  1343  1355 E SurfaceFlinger: ro.sf.lcd_density must be defined as a build property
11-10 15:57:01.771  1343  1343 W SurfaceFlinger: FB is protected: PERMISSION_DENIED
11-10 15:57:03.884  1343  1387 E SurfaceFlinger: ro.sf.lcd_density must be defined as a build property
11-10 15:57:03.887  1343  1343 W SurfaceFlinger: FB is protected: PERMISSION_DENIED
11-10 15:57:06.002  1343  1356 E SurfaceFlinger: ro.sf.lcd_density must be defined as a build property
11-10 15:57:06.004  1343  1343 W SurfaceFlinger: FB is protected: PERMISSION_DENIED
11-10 15:57:08.140  1343  1387 E SurfaceFlinger: ro.sf.lcd_density must be defined as a build property
11-10 15:57:08.143  1343  1343 W SurfaceFlinger: FB is protected: PERMISSION_DENIED
11-10 15:57:10.273  1343  2282 E SurfaceFlinger: ro.sf.lcd_density must be defined as a build property
11-10 15:57:10.274  1343  1343 W SurfaceFlinger: FB is protected: PERMISSION_DENIED
11-10 15:57:12.410  1343  1355 E SurfaceFlinger: ro.sf.lcd_density must be defined as a build property
11-10 15:57:12.417  1343  1343 W SurfaceFlinger: FB is protected: PERMISSION_DENIED
11-10 15:57:14.543  1343  1356 E SurfaceFlinger: ro.sf.lcd_density must be defined as a build property
11-10 15:57:14.551  1343  1343 W SurfaceFlinger: FB is protected: PERMISSION_DENIED
11-10 15:57:16.715  1343  2116 E SurfaceFlinger: ro.sf.lcd_density must be defined as a build property
11-10 15:57:16.718  1343  1343 W SurfaceFlinger: FB is protected: PERMISSION_DENIED
11-10 15:57:18.848  1343  2116 E SurfaceFlinger: ro.sf.lcd_density must be defined as a build property
11-10 15:57:18.850  1343  1343 W SurfaceFlinger: FB is protected: PERMISSION_DENIED
11-10 15:57:20.978  1343  2116 E SurfaceFlinger: ro.sf.lcd_density must be defined as a build property
11-10 15:57:20.985  1343  1343 W SurfaceFlinger: FB is protected: PERMISSION_DENIED
11-10 15:57:23.110  1343  1387 E SurfaceFlinger: ro.sf.lcd_density must be defined as a build property
11-10 15:57:23.115  1343  1343 W SurfaceFlinger: FB is protected: PERMISSION_DENIED
11-10 15:57:25.240  1343  2282 E SurfaceFlinger: ro.sf.lcd_density must be defined as a build property
11-10 15:57:25.241  1343  1343 W SurfaceFlinger: FB is protected: PERMISSION_DENIED
11-10 15:57:27.362  1343  1355 E SurfaceFlinger: ro.sf.lcd_density must be defined as a build property
11-10 15:57:27.368  1343  1343 W SurfaceFlinger: FB is protected: PERMISSION_DENIED
11-10 15:57:29.493  1343  2116 E SurfaceFlinger: ro.sf.lcd_density must be defined as a build property
11-10 15:57:29.501  1343  1343 W SurfaceFlinger: FB is protected: PERMISSION_DENIED
11-10 15:57:31.626  1343  2116 E SurfaceFlinger: ro.sf.lcd_density must be defined as a build property
11-10 15:57:31.635  1343  1343 W SurfaceFlinger: FB is protected: PERMISSION_DENIED
11-10 15:57:33.759  1343  2116 E SurfaceFlinger: ro.sf.lcd_density must be defined as a build property
11-10 15:57:33.767  1343  1343 W SurfaceFlinger: FB is protected: PERMISSION_DENIED
11-10 15:57:35.911  1343  2116 E SurfaceFlinger: ro.sf.lcd_density must be defined as a build property
11-10 15:57:35.920  1343  1343 W SurfaceFlinger: FB is protected: PERMISSION_DENIED
11-10 15:57:38.043  1343  1387 E SurfaceFlinger: ro.sf.lcd_density must be defined as a build property
11-10 15:57:38.050  1343  1343 W SurfaceFlinger: FB is protected: PERMISSION_DENIED
11-10 15:57:40.175  1343  2282 E SurfaceFlinger: ro.sf.lcd_density must be defined as a build property
11-10 15:57:40.177  1343  1343 W SurfaceFlinger: FB is protected: PERMISSION_DENIED
11-10 15:57:42.653 15881 15881 D AndroidRuntime: >>>>>> START com.android.internal.os.RuntimeInit uid 2000 <<<<<<
11-10 15:57:42.658 15881 15881 D AndroidRuntime: CheckJNI is ON
11-10 15:57:42.807 15881 15881 W art     : Unexpected CPU variant for X86 using defaults: x86
11-10 15:57:42.813 15881 15881 D ICU     : No timezone override file found: /data/local/tmp/misc/zoneinfo/current/icu/icu_tzdata.dat
11-10 15:57:42.855 15881 15881 E memtrack: Couldn't load memtrack module (No such file or directory)
11-10 15:57:42.855 15881 15881 E android.os.Debug: failed to load memtrack module: -2
11-10 15:57:42.858 15881 15881 I Radio-JNI: register_android_hardware_Radio DONE
11-10 15:57:42.871 15881 15881 D AndroidRuntime: Calling main entry com.android.commands.uiautomator.Launcher
11-10 15:57:43.929 15881 15881 W AccessibilityNodeInfoDumper: Fetch time: 10ms
11-10 15:57:43.930  1696  1795 W WindowManager: Attempted to remove non-existing token: android.os.Binder@ef854c1
11-10 15:57:43.940 15881 15881 D AndroidRuntime: Shutting down VM
11-10 15:57:46.546 15895 15895 D AndroidRuntime: >>>>>> START com.android.internal.os.RuntimeInit uid 2000 <<<<<<
11-10 15:57:46.550 15895 15895 D AndroidRuntime: CheckJNI is ON
11-10 15:57:46.701 15895 15895 W art     : Unexpected CPU variant for X86 using defaults: x86
11-10 15:57:46.711 15895 15895 D ICU     : No timezone override file found: /data/local/tmp/misc/zoneinfo/current/icu/icu_tzdata.dat
11-10 15:57:46.763 15895 15895 E memtrack: Couldn't load memtrack module (No such file or directory)
11-10 15:57:46.763 15895 15895 E android.os.Debug: failed to load memtrack module: -2
11-10 15:57:46.766 15895 15895 I Radio-JNI: register_android_hardware_Radio DONE
11-10 15:57:46.782 15895 15895 D AndroidRuntime: Calling main entry com.android.commands.uiautomator.Launcher
11-10 15:57:47.842 15895 15895 W AccessibilityNodeInfoDumper: Fetch time: 7ms
11-10 15:57:47.843  1696  1707 W WindowManager: Attempted to remove non-existing token: android.os.Binder@ed4f3a7
11-10 15:57:47.854 15895 15895 D AndroidRuntime: Shutting down VM
11-10 15:57:48.348 15912 15912 D AndroidRuntime: >>>>>> START com.android.internal.os.RuntimeInit uid 2000 <<<<<<
11-10 15:57:48.349 15912 15912 D AndroidRuntime: CheckJNI is ON
11-10 15:57:48.410 15912 15912 W art     : Unexpected CPU variant for X86 using defaults: x86
11-10 15:57:48.415 15912 15912 D ICU     : No timezone override file found: /data/local/tmp/misc/zoneinfo/current/icu/icu_tzdata.dat
11-10 15:57:48.454 15912 15912 E memtrack: Couldn't load memtrack module (No such file or directory)
11-10 15:57:48.454 15912 15912 E android.os.Debug: failed to load memtrack module: -2
11-10 15:57:48.456 15912 15912 I Radio-JNI: register_android_hardware_Radio DONE
11-10 15:57:48.468 15912 15912 D AndroidRuntime: Calling main entry com.android.commands.uiautomator.Launcher
11-10 15:57:49.515 15912 15912 W AccessibilityNodeInfoDumper: Fetch time: 9ms
11-10 15:57:49.517  1696  1708 W WindowManager: Attempted to remove non-existing token: android.os.Binder@f0e10f2
11-10 15:57:49.528 15912 15912 D AndroidRuntime: Shutting down VM
11-10 15:57:50.122 15932 15932 D AndroidRuntime: >>>>>> START com.android.internal.os.RuntimeInit uid 2000 <<<<<<
11-10 15:57:50.126 15932 15932 D AndroidRuntime: CheckJNI is ON
11-10 15:57:50.187 15932 15932 W art     : Unexpected CPU variant for X86 using defaults: x86
11-10 15:57:50.192 15932 15932 D ICU     : No timezone override file found: /data/local/tmp/misc/zoneinfo/current/icu/icu_tzdata.dat
11-10 15:57:50.237 15932 15932 E memtrack: Couldn't load memtrack module (No such file or directory)
11-10 15:57:50.237 15932 15932 E android.os.Debug: failed to load memtrack module: -2
11-10 15:57:50.238 15932 15932 I Radio-JNI: register_android_hardware_Radio DONE
11-10 15:57:50.252 15932 15932 D AndroidRuntime: Calling main entry com.android.commands.uiautomator.Launcher
11-10 15:57:51.304 15932 15932 W AccessibilityNodeInfoDumper: Fetch time: 10ms
11-10 15:57:51.305  1696  4549 W WindowManager: Attempted to remove non-existing token: android.os.Binder@3f69dc0
11-10 15:57:51.318 15932 15932 D AndroidRuntime: Shutting down VM
11-10 15:57:51.700 15944 15944 D AndroidRuntime: >>>>>> START com.android.internal.os.RuntimeInit uid 2000 <<<<<<
11-10 15:57:51.702 15944 15944 D AndroidRuntime: CheckJNI is ON
11-10 15:57:51.768 15944 15944 W art     : Unexpected CPU variant for X86 using defaults: x86
11-10 15:57:51.774 15944 15944 D ICU     : No timezone override file found: /data/misc/zoneinfo/current/icu/icu_tzdata.dat
11-10 15:57:51.803 15944 15944 E memtrack: Couldn't load memtrack module (No such file or directory)
11-10 15:57:51.803 15944 15944 E android.os.Debug: failed to load memtrack module: -2
11-10 15:57:51.804 15944 15944 I Radio-JNI: register_android_hardware_Radio DONE
11-10 15:57:51.817 15944 15944 D AndroidRuntime: Calling main entry com.android.commands.input.Input
11-10 15:57:51.831 15944 15944 I Input   : injectMotionEvent: MotionEvent { action=ACTION_DOWN, actionButton=0, id[0]=0, x[0]=1027.0, y[0]=136.0, toolType[0]=TOOL_TYPE_UNKNOWN, buttonState=0, metaState=0, flags=0x0, edgeFlags=0x0, pointerCount=1, historySize=0, eventTime=47104247, downTime=47104247, deviceId=0, source=0x1002 }
11-10 15:57:51.838 15944 15944 I Input   : injectMotionEvent: MotionEvent { action=ACTION_UP, actionButton=0, id[0]=0, x[0]=1027.0, y[0]=136.0, toolType[0]=TOOL_TYPE_UNKNOWN, buttonState=0, metaState=0, flags=0x0, edgeFlags=0x0, pointerCount=1, historySize=0, eventTime=47104247, downTime=47104247, deviceId=0, source=0x1002 }
11-10 15:57:51.843 15944 15944 D AndroidRuntime: Shutting down VM
11-10 15:57:51.858  1397  1420 W audio_hw_generic: Not supplying enough data to HAL, expected position 90445094 , only wrote 90444960
11-10 15:57:51.926  1397  1420 W audio_hw_generic: Not supplying enough data to HAL, expected position 90448220 , only wrote 90447840
11-10 15:57:51.926  1397  1420 W audio_hw_generic: Not supplying enough data to HAL, expected position 90447847 , only wrote 90447840
11-10 15:57:51.927  1397  1420 W audio_hw_generic: Hardware backing HAL too slow, could only write 0 of 720 frames
11-10 15:57:51.943  1397  1420 W audio_hw_generic: Hardware backing HAL too slow, could only write 0 of 720 frames
11-10 15:57:51.971  1397  1421 D AudioFlinger: mixer(0xb21033c0) throttle end: throttle time(12)
11-10 15:57:52.005 12348 12368 D EGL_emulation: eglMakeCurrent: 0xacc85120: ver 3 0 (tinfo 0xacc836e0)
11-10 15:57:52.030 12348 12368 D EGL_emulation: eglMakeCurrent: 0xacc85120: ver 3 0 (tinfo 0xacc836e0)
11-10 15:57:52.040 12348 12368 D EGL_emulation: eglMakeCurrent: 0xacc85120: ver 3 0 (tinfo 0xacc836e0)
11-10 15:57:52.052 12348 12368 D EGL_emulation: eglMakeCurrent: 0xacc85120: ver 3 0 (tinfo 0xacc836e0)
11-10 15:57:52.073 12348 12368 D EGL_emulation: eglMakeCurrent: 0xacc85120: ver 3 0 (tinfo 0xacc836e0)
11-10 15:57:52.084 12348 12368 D EGL_emulation: eglMakeCurrent: 0xacc85120: ver 3 0 (tinfo 0xacc836e0)
11-10 15:57:52.091 12348 12368 D EGL_emulation: eglMakeCurrent: 0xacc85120: ver 3 0 (tinfo 0xacc836e0)
11-10 15:57:52.100 12348 12368 D EGL_emulation: eglMakeCurrent: 0xacc85120: ver 3 0 (tinfo 0xacc836e0)
11-10 15:57:52.107 12348 12368 D EGL_emulation: eglMakeCurrent: 0xacc85120: ver 3 0 (tinfo 0xacc836e0)
11-10 15:57:52.113 12348 12368 D EGL_emulation: eglMakeCurrent: 0xacc85120: ver 3 0 (tinfo 0xacc836e0)
11-10 15:57:52.120 12348 12368 D EGL_emulation: eglMakeCurrent: 0xacc85120: ver 3 0 (tinfo 0xacc836e0)
11-10 15:57:52.129 12348 12368 D EGL_emulation: eglMakeCurrent: 0xacc85120: ver 3 0 (tinfo 0xacc836e0)
11-10 15:57:52.137 12348 12368 D EGL_emulation: eglMakeCurrent: 0xacc85120: ver 3 0 (tinfo 0xacc836e0)
11-10 15:57:52.142 12348 12368 D EGL_emulation: eglMakeCurrent: 0xacc85120: ver 3 0 (tinfo 0xacc836e0)
11-10 15:57:52.148 12348 12368 D EGL_emulation: eglMakeCurrent: 0xacc85120: ver 3 0 (tinfo 0xacc836e0)
11-10 15:57:52.160 12348 12368 D EGL_emulation: eglMakeCurrent: 0xacc85120: ver 3 0 (tinfo 0xacc836e0)
11-10 15:57:52.166 12348 12368 D EGL_emulation: eglMakeCurrent: 0xacc85120: ver 3 0 (tinfo 0xacc836e0)
11-10 15:57:52.179 12348 12368 D EGL_emulation: eglMakeCurrent: 0xacc85120: ver 3 0 (tinfo 0xacc836e0)
11-10 15:57:52.187 12348 12368 D EGL_emulation: eglMakeCurrent: 0xacc85120: ver 3 0 (tinfo 0xacc836e0)
11-10 15:57:52.195 12348 12368 D EGL_emulation: eglMakeCurrent: 0xacc85120: ver 3 0 (tinfo 0xacc836e0)
11-10 15:57:52.202 12348 12368 D EGL_emulation: eglMakeCurrent: 0xacc85120: ver 3 0 (tinfo 0xacc836e0)
11-10 15:57:52.211 12348 12368 D EGL_emulation: eglMakeCurrent: 0xacc85120: ver 3 0 (tinfo 0xacc836e0)
11-10 15:57:52.219 12348 12368 D EGL_emulation: eglMakeCurrent: 0xacc85120: ver 3 0 (tinfo 0xacc836e0)
11-10 15:57:52.228 12348 12368 D EGL_emulation: eglMakeCurrent: 0xacc85120: ver 3 0 (tinfo 0xacc836e0)
11-10 15:57:52.234 12348 12368 D EGL_emulation: eglMakeCurrent: 0xacc85120: ver 3 0 (tinfo 0xacc836e0)
11-10 15:57:52.244 12348 12368 D EGL_emulation: eglMakeCurrent: 0xacc85120: ver 3 0 (tinfo 0xacc836e0)
11-10 15:57:52.249 12348 12368 D EGL_emulation: eglMakeCurrent: 0xacc85120: ver 3 0 (tinfo 0xacc836e0)
11-10 15:57:52.261 12348 12368 D EGL_emulation: eglMakeCurrent: 0xacc85120: ver 3 0 (tinfo 0xacc836e0)
11-10 15:57:52.267 12348 12368 D EGL_emulation: eglMakeCurrent: 0xacc85120: ver 3 0 (tinfo 0xacc836e0)
11-10 15:57:52.280 12348 12368 D EGL_emulation: eglMakeCurrent: 0xacc85120: ver 3 0 (tinfo 0xacc836e0)
11-10 15:57:53.627 12348 12368 D EGL_emulation: eglMakeCurrent: 0xacc85120: ver 3 0 (tinfo 0xacc836e0)
11-10 15:57:53.634 12348 12368 D EGL_emulation: eglMakeCurrent: 0xacc85120: ver 3 0 (tinfo 0xacc836e0)
11-10 15:57:53.643 12348 12368 D EGL_emulation: eglMakeCurrent: 0xacc85120: ver 3 0 (tinfo 0xacc836e0)
11-10 15:57:53.650 12348 12368 D EGL_emulation: eglMakeCurrent: 0xacc85120: ver 3 0 (tinfo 0xacc836e0)
11-10 15:57:53.660 12348 12368 D EGL_emulation: eglMakeCurrent: 0xacc85120: ver 3 0 (tinfo 0xacc836e0)
11-10 15:57:53.667 12348 12368 D EGL_emulation: eglMakeCurrent: 0xacc85120: ver 3 0 (tinfo 0xacc836e0)
11-10 15:57:53.677 12348 12368 D EGL_emulation: eglMakeCurrent: 0xacc85120: ver 3 0 (tinfo 0xacc836e0)
11-10 15:57:53.685 12348 12368 D EGL_emulation: eglMakeCurrent: 0xacc85120: ver 3 0 (tinfo 0xacc836e0)
11-10 15:57:53.693 12348 12368 D EGL_emulation: eglMakeCurrent: 0xacc85120: ver 3 0 (tinfo 0xacc836e0)
11-10 15:57:53.713 12348 12368 D EGL_emulation: eglMakeCurrent: 0xacc85120: ver 3 0 (tinfo 0xacc836e0)
11-10 15:57:53.728 12348 12368 D EGL_emulation: eglMakeCurrent: 0xacc85120: ver 3 0 (tinfo 0xacc836e0)
11-10 15:57:53.735 12348 12368 D EGL_emulation: eglMakeCurrent: 0xacc85120: ver 3 0 (tinfo 0xacc836e0)
11-10 15:57:53.745 12348 12368 D EGL_emulation: eglMakeCurrent: 0xacc85120: ver 3 0 (tinfo 0xacc836e0)
11-10 15:57:53.751 12348 12368 D EGL_emulation: eglMakeCurrent: 0xacc85120: ver 3 0 (tinfo 0xacc836e0)
11-10 15:57:53.760 12348 12368 D EGL_emulation: eglMakeCurrent: 0xacc85120: ver 3 0 (tinfo 0xacc836e0)
11-10 15:57:53.768 12348 12368 D EGL_emulation: eglMakeCurrent: 0xacc85120: ver 3 0 (tinfo 0xacc836e0)
11-10 15:57:53.778 12348 12368 D EGL_emulation: eglMakeCurrent: 0xacc85120: ver 3 0 (tinfo 0xacc836e0)
11-10 15:57:53.783 12348 12368 D EGL_emulation: eglMakeCurrent: 0xacc85120: ver 3 0 (tinfo 0xacc836e0)
11-10 15:57:53.795 12348 12368 D EGL_emulation: eglMakeCurrent: 0xacc85120: ver 3 0 (tinfo 0xacc836e0)
11-10 15:57:53.800 12348 12368 D EGL_emulation: eglMakeCurrent: 0xacc85120: ver 3 0 (tinfo 0xacc836e0)
11-10 15:57:53.811 12348 12368 D EGL_emulation: eglMakeCurrent: 0xacc85120: ver 3 0 (tinfo 0xacc836e0)
11-10 15:57:53.818 12348 12368 D EGL_emulation: eglMakeCurrent: 0xacc85120: ver 3 0 (tinfo 0xacc836e0)
11-10 15:57:53.830 12348 12368 D EGL_emulation: eglMakeCurrent: 0xacc85120: ver 3 0 (tinfo 0xacc836e0)
11-10 15:57:53.835 12348 12368 D EGL_emulation: eglMakeCurrent: 0xacc85120: ver 3 0 (tinfo 0xacc836e0)
11-10 15:57:53.844 12348 12368 D EGL_emulation: eglMakeCurrent: 0xacc85120: ver 3 0 (tinfo 0xacc836e0)
11-10 15:57:53.851 12348 12368 D EGL_emulation: eglMakeCurrent: 0xacc85120: ver 3 0 (tinfo 0xacc836e0)
11-10 15:57:53.864 12348 12368 D EGL_emulation: eglMakeCurrent: 0xacc85120: ver 3 0 (tinfo 0xacc836e0)
11-10 15:57:53.872 12348 12368 D EGL_emulation: eglMakeCurrent: 0xacc85120: ver 3 0 (tinfo 0xacc836e0)
11-10 15:57:53.883 12348 12368 D EGL_emulation: eglMakeCurrent: 0xacc85120: ver 3 0 (tinfo 0xacc836e0)
11-10 15:57:53.891 12348 12368 D EGL_emulation: eglMakeCurrent: 0xacc85120: ver 3 0 (tinfo 0xacc836e0)
11-10 15:57:53.899 12348 12368 D EGL_emulation: eglMakeCurrent: 0xacc85120: ver 3 0 (tinfo 0xacc836e0)
11-10 15:57:53.907 12348 12368 D EGL_emulation: eglMakeCurrent: 0xacc85120: ver 3 0 (tinfo 0xacc836e0)
11-10 15:57:55.137  1397  1421 W audio_hw_generic: Not supplying enough data to HAL, expected position 90754280 , only wrote 90601920
11-10 15:57:56.088 15969 15969 D AndroidRuntime: >>>>>> START com.android.internal.os.RuntimeInit uid 2000 <<<<<<
11-10 15:57:56.090 15969 15969 D AndroidRuntime: CheckJNI is ON
11-10 15:57:56.150 15969 15969 W art     : Unexpected CPU variant for X86 using defaults: x86
11-10 15:57:56.154 15969 15969 D ICU     : No timezone override file found: /data/local/tmp/misc/zoneinfo/current/icu/icu_tzdata.dat
11-10 15:57:56.190 15969 15969 E memtrack: Couldn't load memtrack module (No such file or directory)
11-10 15:57:56.190 15969 15969 E android.os.Debug: failed to load memtrack module: -2
11-10 15:57:56.192 15969 15969 I Radio-JNI: register_android_hardware_Radio DONE
11-10 15:57:56.212 15969 15969 D AndroidRuntime: Calling main entry com.android.commands.uiautomator.Launcher
11-10 15:57:57.250 15969 15969 W AccessibilityNodeInfoDumper: Fetch time: 4ms
11-10 15:57:57.251  1696  1798 W WindowManager: Attempted to remove non-existing token: android.os.Binder@d9acc4a
11-10 15:57:57.260 15969 15969 D AndroidRuntime: Shutting down VM
11-10 15:57:58.539 15997 15997 D AndroidRuntime: >>>>>> START com.android.internal.os.RuntimeInit uid 2000 <<<<<<
11-10 15:57:58.543 15997 15997 D AndroidRuntime: CheckJNI is ON
11-10 15:57:58.608 15997 15997 W art     : Unexpected CPU variant for X86 using defaults: x86
11-10 15:57:58.612 15997 15997 D ICU     : No timezone override file found: /data/local/tmp/misc/zoneinfo/current/icu/icu_tzdata.dat
11-10 15:57:58.651 15997 15997 E memtrack: Couldn't load memtrack module (No such file or directory)
11-10 15:57:58.652 15997 15997 E android.os.Debug: failed to load memtrack module: -2
11-10 15:57:58.655 15997 15997 I Radio-JNI: register_android_hardware_Radio DONE
11-10 15:57:58.671 15997 15997 D AndroidRuntime: Calling main entry com.android.commands.uiautomator.Launcher
11-10 15:57:59.724 15997 15997 W AccessibilityNodeInfoDumper: Fetch time: 4ms
11-10 15:57:59.725  1696  2239 W WindowManager: Attempted to remove non-existing token: android.os.Binder@ec16316
11-10 15:57:59.734 15997 15997 D AndroidRuntime: Shutting down VM
11-10 15:58:00.217 16015 16015 D AndroidRuntime: >>>>>> START com.android.internal.os.RuntimeInit uid 2000 <<<<<<
11-10 15:58:00.219 16015 16015 D AndroidRuntime: CheckJNI is ON
11-10 15:58:00.287 16015 16015 W art     : Unexpected CPU variant for X86 using defaults: x86
11-10 15:58:00.292 16015 16015 D ICU     : No timezone override file found: /data/local/tmp/misc/zoneinfo/current/icu/icu_tzdata.dat
11-10 15:58:00.331 16015 16015 E memtrack: Couldn't load memtrack module (No such file or directory)
11-10 15:58:00.331 16015 16015 E android.os.Debug: failed to load memtrack module: -2
11-10 15:58:00.332 16015 16015 I Radio-JNI: register_android_hardware_Radio DONE
11-10 15:58:00.343 16015 16015 D AndroidRuntime: Calling main entry com.android.commands.uiautomator.Launcher
11-10 15:58:01.375 16015 16015 W AccessibilityNodeInfoDumper: Fetch time: 4ms
11-10 15:58:01.377  1696  1906 W WindowManager: Attempted to remove non-existing token: android.os.Binder@6b4f684
11-10 15:58:01.388 16015 16015 D AndroidRuntime: Shutting down VM
11-10 15:58:02.584 16043 16043 D AndroidRuntime: >>>>>> START com.android.internal.os.RuntimeInit uid 2000 <<<<<<
11-10 15:58:02.587 16043 16043 D AndroidRuntime: CheckJNI is ON
11-10 15:58:02.657 16043 16043 W art     : Unexpected CPU variant for X86 using defaults: x86
11-10 15:58:02.662 16043 16043 D ICU     : No timezone override file found: /data/local/tmp/misc/zoneinfo/current/icu/icu_tzdata.dat
11-10 15:58:02.702 16043 16043 E memtrack: Couldn't load memtrack module (No such file or directory)
11-10 15:58:02.702 16043 16043 E android.os.Debug: failed to load memtrack module: -2
11-10 15:58:02.703 16043 16043 I Radio-JNI: register_android_hardware_Radio DONE
11-10 15:58:02.718 16043 16043 D AndroidRuntime: Calling main entry com.android.commands.uiautomator.Launcher
11-10 15:58:03.757 16043 16043 W AccessibilityNodeInfoDumper: Fetch time: 5ms
11-10 15:58:03.759  1696  1906 W WindowManager: Attempted to remove non-existing token: android.os.Binder@7e89aa2
11-10 15:58:03.769 16043 16043 D AndroidRuntime: Shutting down VM
11-10 15:58:05.141 16078 16078 D AndroidRuntime: >>>>>> START com.android.internal.os.RuntimeInit uid 2000 <<<<<<
11-10 15:58:05.144 16078 16078 D AndroidRuntime: CheckJNI is ON
11-10 15:58:05.215 16078 16078 W art     : Unexpected CPU variant for X86 using defaults: x86
11-10 15:58:05.221 16078 16078 D ICU     : No timezone override file found: /data/local/tmp/misc/zoneinfo/current/icu/icu_tzdata.dat
11-10 15:58:05.261 16078 16078 E memtrack: Couldn't load memtrack module (No such file or directory)
11-10 15:58:05.262 16078 16078 E android.os.Debug: failed to load memtrack module: -2
11-10 15:58:05.264 16078 16078 I Radio-JNI: register_android_hardware_Radio DONE
11-10 15:58:05.279 16078 16078 D AndroidRuntime: Calling main entry com.android.commands.uiautomator.Launcher
11-10 15:58:06.327 16078 16078 W AccessibilityNodeInfoDumper: Fetch time: 5ms
11-10 15:58:06.327  1696  2239 W WindowManager: Attempted to remove non-existing token: android.os.Binder@dccf6f0
11-10 15:58:06.337 16078 16078 D AndroidRuntime: Shutting down VM
11-10 15:58:06.561  1343  1356 E SurfaceFlinger: ro.sf.lcd_density must be defined as a build property
11-10 15:58:06.575  1343  1343 W SurfaceFlinger: FB is protected: PERMISSION_DENIED
11-10 15:58:08.743  1343  1356 E SurfaceFlinger: ro.sf.lcd_density must be defined as a build property
11-10 15:58:08.756  1343  1343 W SurfaceFlinger: FB is protected: PERMISSION_DENIED
11-10 15:58:10.875  1343  2282 E SurfaceFlinger: ro.sf.lcd_density must be defined as a build property
11-10 15:58:10.884  1343  1343 W SurfaceFlinger: FB is protected: PERMISSION_DENIED
11-10 15:58:12.997  1343  1356 E SurfaceFlinger: ro.sf.lcd_density must be defined as a build property
11-10 15:58:13.002  1343  1343 W SurfaceFlinger: FB is protected: PERMISSION_DENIED
11-10 15:58:15.112  1343  2282 E SurfaceFlinger: ro.sf.lcd_density must be defined as a build property
11-10 15:58:15.117  1343  1343 W SurfaceFlinger: FB is protected: PERMISSION_DENIED
11-10 15:58:17.259  1343  2116 E SurfaceFlinger: ro.sf.lcd_density must be defined as a build property
11-10 15:58:17.266  1343  1343 W SurfaceFlinger: FB is protected: PERMISSION_DENIED
11-10 15:58:19.385  1343  1355 E SurfaceFlinger: ro.sf.lcd_density must be defined as a build property
11-10 15:58:19.387  1343  1343 W SurfaceFlinger: FB is protected: PERMISSION_DENIED
11-10 15:58:21.523  1343  2282 E SurfaceFlinger: ro.sf.lcd_density must be defined as a build property
11-10 15:58:21.525  1343  1343 W SurfaceFlinger: FB is protected: PERMISSION_DENIED
11-10 15:58:23.633  1343  2282 E SurfaceFlinger: ro.sf.lcd_density must be defined as a build property
11-10 15:58:23.639  1343  1343 W SurfaceFlinger: FB is protected: PERMISSION_DENIED
11-10 15:58:25.746  1343  1387 E SurfaceFlinger: ro.sf.lcd_density must be defined as a build property
11-10 15:58:25.755  1343  1343 W SurfaceFlinger: FB is protected: PERMISSION_DENIED
11-10 15:58:27.860  1343  2282 E SurfaceFlinger: ro.sf.lcd_density must be defined as a build property
11-10 15:58:27.867  1343  1343 W SurfaceFlinger: FB is protected: PERMISSION_DENIED
11-10 15:58:29.991  1343  2282 E SurfaceFlinger: ro.sf.lcd_density must be defined as a build property
11-10 15:58:29.992  1343  1343 W SurfaceFlinger: FB is protected: PERMISSION_DENIED
11-10 15:58:32.104  1343  1387 E SurfaceFlinger: ro.sf.lcd_density must be defined as a build property
11-10 15:58:32.107  1343  1343 W SurfaceFlinger: FB is protected: PERMISSION_DENIED
11-10 15:58:34.206  1343  2116 E SurfaceFlinger: ro.sf.lcd_density must be defined as a build property
11-10 15:58:34.207  1343  1343 W SurfaceFlinger: FB is protected: PERMISSION_DENIED
11-10 15:58:36.304  1343  2282 E SurfaceFlinger: ro.sf.lcd_density must be defined as a build property
11-10 15:58:36.304  1343  1343 W SurfaceFlinger: FB is protected: PERMISSION_DENIED
11-10 15:58:38.418  1343  1387 E SurfaceFlinger: ro.sf.lcd_density must be defined as a build property
11-10 15:58:38.420  1343  1343 W SurfaceFlinger: FB is protected: PERMISSION_DENIED
11-10 15:58:40.520  1343  1356 E SurfaceFlinger: ro.sf.lcd_density must be defined as a build property
11-10 15:58:40.521  1343  1343 W SurfaceFlinger: FB is protected: PERMISSION_DENIED
11-10 15:58:42.643  1343  1355 E SurfaceFlinger: ro.sf.lcd_density must be defined as a build property
11-10 15:58:42.651  1343  1343 W SurfaceFlinger: FB is protected: PERMISSION_DENIED
11-10 15:58:44.752  1343  1387 E SurfaceFlinger: ro.sf.lcd_density must be defined as a build property
11-10 15:58:44.752  1343  1343 W SurfaceFlinger: FB is protected: PERMISSION_DENIED
11-10 15:58:46.884  1343  1355 E SurfaceFlinger: ro.sf.lcd_density must be defined as a build property
11-10 15:58:46.886  1343  1343 W SurfaceFlinger: FB is protected: PERMISSION_DENIED
11-10 15:58:49.235 16199 16199 D AndroidRuntime: >>>>>> START com.android.internal.os.RuntimeInit uid 2000 <<<<<<
11-10 15:58:49.238 16199 16199 D AndroidRuntime: CheckJNI is ON
11-10 15:58:49.369 16199 16199 W art     : Unexpected CPU variant for X86 using defaults: x86
11-10 15:58:49.374 16199 16199 D ICU     : No timezone override file found: /data/local/tmp/misc/zoneinfo/current/icu/icu_tzdata.dat
11-10 15:58:49.408 16199 16199 E memtrack: Couldn't load memtrack module (No such file or directory)
11-10 15:58:49.409 16199 16199 E android.os.Debug: failed to load memtrack module: -2
11-10 15:58:49.410 16199 16199 I Radio-JNI: register_android_hardware_Radio DONE
11-10 15:58:49.423 16199 16199 D AndroidRuntime: Calling main entry com.android.commands.uiautomator.Launcher
11-10 15:58:50.479 16199 16199 W AccessibilityNodeInfoDumper: Fetch time: 5ms
11-10 15:58:50.480  1696  1708 W WindowManager: Attempted to remove non-existing token: android.os.Binder@176ff8f
11-10 15:58:50.490 16199 16199 D AndroidRuntime: Shutting down VM
11-10 15:58:52.879 16216 16216 D AndroidRuntime: >>>>>> START com.android.internal.os.RuntimeInit uid 2000 <<<<<<
11-10 15:58:52.881 16216 16216 D AndroidRuntime: CheckJNI is ON
11-10 15:58:52.935 16216 16216 W art     : Unexpected CPU variant for X86 using defaults: x86
11-10 15:58:52.940 16216 16216 D ICU     : No timezone override file found: /data/local/tmp/misc/zoneinfo/current/icu/icu_tzdata.dat
11-10 15:58:52.973 16216 16216 E memtrack: Couldn't load memtrack module (No such file or directory)
11-10 15:58:52.973 16216 16216 E android.os.Debug: failed to load memtrack module: -2
11-10 15:58:52.974 16216 16216 I Radio-JNI: register_android_hardware_Radio DONE
11-10 15:58:52.988 16216 16216 D AndroidRuntime: Calling main entry com.android.commands.uiautomator.Launcher
11-10 15:58:54.023 16216 16216 W AccessibilityNodeInfoDumper: Fetch time: 3ms
11-10 15:58:54.024  1696  4550 W WindowManager: Attempted to remove non-existing token: android.os.Binder@76e05ab
11-10 15:58:54.031 16216 16216 D AndroidRuntime: Shutting down VM
11-10 15:58:54.481 16233 16233 D AndroidRuntime: >>>>>> START com.android.internal.os.RuntimeInit uid 2000 <<<<<<
11-10 15:58:54.484 16233 16233 D AndroidRuntime: CheckJNI is ON
11-10 15:58:54.541 16233 16233 W art     : Unexpected CPU variant for X86 using defaults: x86
11-10 15:58:54.547 16233 16233 D ICU     : No timezone override file found: /data/local/tmp/misc/zoneinfo/current/icu/icu_tzdata.dat
11-10 15:58:54.580 16233 16233 E memtrack: Couldn't load memtrack module (No such file or directory)
11-10 15:58:54.580 16233 16233 E android.os.Debug: failed to load memtrack module: -2
11-10 15:58:54.580 16233 16233 I Radio-JNI: register_android_hardware_Radio DONE
11-10 15:58:54.590 16233 16233 D AndroidRuntime: Calling main entry com.android.commands.uiautomator.Launcher
11-10 15:58:55.627 16233 16233 W AccessibilityNodeInfoDumper: Fetch time: 5ms
11-10 15:58:55.629  1696  1795 W WindowManager: Attempted to remove non-existing token: android.os.Binder@b9b47a1
11-10 15:58:55.638 16233 16233 D AndroidRuntime: Shutting down VM
11-10 15:58:56.039 16250 16250 D AndroidRuntime: >>>>>> START com.android.internal.os.RuntimeInit uid 2000 <<<<<<
11-10 15:58:56.041 16250 16250 D AndroidRuntime: CheckJNI is ON
11-10 15:58:56.094 16250 16250 W art     : Unexpected CPU variant for X86 using defaults: x86
11-10 15:58:56.100 16250 16250 D ICU     : No timezone override file found: /data/local/tmp/misc/zoneinfo/current/icu/icu_tzdata.dat
11-10 15:58:56.132 16250 16250 E memtrack: Couldn't load memtrack module (No such file or directory)
11-10 15:58:56.133 16250 16250 E android.os.Debug: failed to load memtrack module: -2
11-10 15:58:56.133 16250 16250 I Radio-JNI: register_android_hardware_Radio DONE
11-10 15:58:56.143 16250 16250 D AndroidRuntime: Calling main entry com.android.commands.uiautomator.Launcher
11-10 15:58:57.171 16250 16250 W AccessibilityNodeInfoDumper: Fetch time: 3ms
11-10 15:58:57.172  1696  1926 W WindowManager: Attempted to remove non-existing token: android.os.Binder@5855187
11-10 15:58:57.180 16250 16250 D AndroidRuntime: Shutting down VM
11-10 15:58:57.579 16267 16267 D AndroidRuntime: >>>>>> START com.android.internal.os.RuntimeInit uid 2000 <<<<<<
11-10 15:58:57.581 16267 16267 D AndroidRuntime: CheckJNI is ON
11-10 15:58:57.633 16267 16267 W art     : Unexpected CPU variant for X86 using defaults: x86
11-10 15:58:57.637 16267 16267 D ICU     : No timezone override file found: /data/local/tmp/misc/zoneinfo/current/icu/icu_tzdata.dat
11-10 15:58:57.675 16267 16267 E memtrack: Couldn't load memtrack module (No such file or directory)
11-10 15:58:57.675 16267 16267 E android.os.Debug: failed to load memtrack module: -2
11-10 15:58:57.678 16267 16267 I Radio-JNI: register_android_hardware_Radio DONE
11-10 15:58:57.688 16267 16267 D AndroidRuntime: Calling main entry com.android.commands.uiautomator.Launcher
11-10 15:58:58.732 16267 16267 W AccessibilityNodeInfoDumper: Fetch time: 8ms
11-10 15:58:58.734  1696  3573 W WindowManager: Attempted to remove non-existing token: android.os.Binder@3bcdd
11-10 15:58:58.743 16267 16267 D AndroidRuntime: Shutting down VM
11-10 15:58:59.137 16284 16284 D AndroidRuntime: >>>>>> START com.android.internal.os.RuntimeInit uid 2000 <<<<<<
11-10 15:58:59.139 16284 16284 D AndroidRuntime: CheckJNI is ON
11-10 15:58:59.192 16284 16284 W art     : Unexpected CPU variant for X86 using defaults: x86
11-10 15:58:59.199 16284 16284 D ICU     : No timezone override file found: /data/local/tmp/misc/zoneinfo/current/icu/icu_tzdata.dat
11-10 15:58:59.236 16284 16284 E memtrack: Couldn't load memtrack module (No such file or directory)
11-10 15:58:59.236 16284 16284 E android.os.Debug: failed to load memtrack module: -2
11-10 15:58:59.237 16284 16284 I Radio-JNI: register_android_hardware_Radio DONE
11-10 15:58:59.250 16284 16284 D AndroidRuntime: Calling main entry com.android.commands.uiautomator.Launcher
11-10 15:59:00.283 16284 16284 W AccessibilityNodeInfoDumper: Fetch time: 6ms
11-10 15:59:00.284  1696  1906 W WindowManager: Attempted to remove non-existing token: android.os.Binder@2db7f23
11-10 15:59:00.288 16284 16284 D AndroidRuntime: Shutting down VM
11-10 15:59:00.671 16301 16301 D AndroidRuntime: >>>>>> START com.android.internal.os.RuntimeInit uid 2000 <<<<<<
11-10 15:59:00.672 16301 16301 D AndroidRuntime: CheckJNI is ON
11-10 15:59:00.723 16301 16301 W art     : Unexpected CPU variant for X86 using defaults: x86
11-10 15:59:00.730 16301 16301 D ICU     : No timezone override file found: /data/local/tmp/misc/zoneinfo/current/icu/icu_tzdata.dat
11-10 15:59:00.763 16301 16301 E memtrack: Couldn't load memtrack module (No such file or directory)
11-10 15:59:00.763 16301 16301 E android.os.Debug: failed to load memtrack module: -2
11-10 15:59:00.764 16301 16301 I Radio-JNI: register_android_hardware_Radio DONE
11-10 15:59:00.773 16301 16301 D AndroidRuntime: Calling main entry com.android.commands.uiautomator.Launcher
11-10 15:59:01.807 16301 16301 W AccessibilityNodeInfoDumper: Fetch time: 4ms
11-10 15:59:01.808  1696  4549 W WindowManager: Attempted to remove non-existing token: android.os.Binder@48449d9
11-10 15:59:01.815 16301 16301 D AndroidRuntime: Shutting down VM
11-10 15:59:02.204 16318 16318 D AndroidRuntime: >>>>>> START com.android.internal.os.RuntimeInit uid 2000 <<<<<<
11-10 15:59:02.207 16318 16318 D AndroidRuntime: CheckJNI is ON
11-10 15:59:02.264 16318 16318 W art     : Unexpected CPU variant for X86 using defaults: x86
11-10 15:59:02.268 16318 16318 D ICU     : No timezone override file found: /data/local/tmp/misc/zoneinfo/current/icu/icu_tzdata.dat
11-10 15:59:02.305 16318 16318 E memtrack: Couldn't load memtrack module (No such file or directory)
11-10 15:59:02.305 16318 16318 E android.os.Debug: failed to load memtrack module: -2
11-10 15:59:02.306 16318 16318 I Radio-JNI: register_android_hardware_Radio DONE
11-10 15:59:02.317 16318 16318 D AndroidRuntime: Calling main entry com.android.commands.uiautomator.Launcher
11-10 15:59:03.346 16318 16318 W AccessibilityNodeInfoDumper: Fetch time: 4ms
11-10 15:59:03.347  1696  1708 W WindowManager: Attempted to remove non-existing token: android.os.Binder@ce6aa95
11-10 15:59:03.356 16318 16318 D AndroidRuntime: Shutting down VM
11-10 15:59:03.747 16335 16335 D AndroidRuntime: >>>>>> START com.android.internal.os.RuntimeInit uid 2000 <<<<<<
11-10 15:59:03.750 16335 16335 D AndroidRuntime: CheckJNI is ON
11-10 15:59:03.800 16335 16335 W art     : Unexpected CPU variant for X86 using defaults: x86
11-10 15:59:03.804 16335 16335 D ICU     : No timezone override file found: /data/local/tmp/misc/zoneinfo/current/icu/icu_tzdata.dat
11-10 15:59:03.838 16335 16335 E memtrack: Couldn't load memtrack module (No such file or directory)
11-10 15:59:03.838 16335 16335 E android.os.Debug: failed to load memtrack module: -2
11-10 15:59:03.839 16335 16335 I Radio-JNI: register_android_hardware_Radio DONE
11-10 15:59:03.851 16335 16335 D AndroidRuntime: Calling main entry com.android.commands.uiautomator.Launcher
11-10 15:59:04.884 16335 16335 W AccessibilityNodeInfoDumper: Fetch time: 5ms
11-10 15:59:04.886  1696  4551 W WindowManager: Attempted to remove non-existing token: android.os.Binder@d5faf9b
11-10 15:59:04.894 16335 16335 D AndroidRuntime: Shutting down VM
11-10 15:59:05.343 16352 16352 D AndroidRuntime: >>>>>> START com.android.internal.os.RuntimeInit uid 2000 <<<<<<
11-10 15:59:05.347 16352 16352 D AndroidRuntime: CheckJNI is ON
11-10 15:59:05.399 16352 16352 W art     : Unexpected CPU variant for X86 using defaults: x86
11-10 15:59:05.402 16352 16352 D ICU     : No timezone override file found: /data/local/tmp/misc/zoneinfo/current/icu/icu_tzdata.dat
11-10 15:59:05.433 16352 16352 E memtrack: Couldn't load memtrack module (No such file or directory)
11-10 15:59:05.433 16352 16352 E android.os.Debug: failed to load memtrack module: -2
11-10 15:59:05.436 16352 16352 I Radio-JNI: register_android_hardware_Radio DONE
11-10 15:59:05.446 16352 16352 D AndroidRuntime: Calling main entry com.android.commands.uiautomator.Launcher
11-10 15:59:06.482 16352 16352 W AccessibilityNodeInfoDumper: Fetch time: 4ms
11-10 15:59:06.483  1696  4550 W WindowManager: Attempted to remove non-existing token: android.os.Binder@5d45b11
11-10 15:59:06.491 16352 16352 D AndroidRuntime: Shutting down VM
11-10 15:59:06.940 16372 16372 D AndroidRuntime: >>>>>> START com.android.internal.os.RuntimeInit uid 2000 <<<<<<
11-10 15:59:06.942 16372 16372 D AndroidRuntime: CheckJNI is ON
11-10 15:59:06.995 16372 16372 W art     : Unexpected CPU variant for X86 using defaults: x86
11-10 15:59:06.999 16372 16372 D ICU     : No timezone override file found: /data/local/tmp/misc/zoneinfo/current/icu/icu_tzdata.dat
11-10 15:59:07.037 16372 16372 E memtrack: Couldn't load memtrack module (No such file or directory)
11-10 15:59:07.037 16372 16372 E android.os.Debug: failed to load memtrack module: -2
11-10 15:59:07.038 16372 16372 I Radio-JNI: register_android_hardware_Radio DONE
11-10 15:59:07.051 16372 16372 D AndroidRuntime: Calling main entry com.android.commands.uiautomator.Launcher
11-10 15:59:08.090 16372 16372 W AccessibilityNodeInfoDumper: Fetch time: 4ms
11-10 15:59:08.092  1696  2239 W WindowManager: Attempted to remove non-existing token: android.os.Binder@97faa77
11-10 15:59:08.101 16372 16372 D AndroidRuntime: Shutting down VM
11-10 15:59:09.172 16400 16400 D AndroidRuntime: >>>>>> START com.android.internal.os.RuntimeInit uid 2000 <<<<<<
11-10 15:59:09.176 16400 16400 D AndroidRuntime: CheckJNI is ON
11-10 15:59:09.228 16400 16400 W art     : Unexpected CPU variant for X86 using defaults: x86
11-10 15:59:09.232 16400 16400 D ICU     : No timezone override file found: /data/local/tmp/misc/zoneinfo/current/icu/icu_tzdata.dat
11-10 15:59:09.268 16400 16400 E memtrack: Couldn't load memtrack module (No such file or directory)
11-10 15:59:09.268 16400 16400 E android.os.Debug: failed to load memtrack module: -2
11-10 15:59:09.269 16400 16400 I Radio-JNI: register_android_hardware_Radio DONE
11-10 15:59:09.281 16400 16400 D AndroidRuntime: Calling main entry com.android.commands.uiautomator.Launcher
11-10 15:59:10.319 16400 16400 W AccessibilityNodeInfoDumper: Fetch time: 6ms
11-10 15:59:10.320  1696  1708 W WindowManager: Attempted to remove non-existing token: android.os.Binder@312974d
11-10 15:59:10.329 16400 16400 D AndroidRuntime: Shutting down VM
11-10 15:59:10.728 16418 16418 D AndroidRuntime: >>>>>> START com.android.internal.os.RuntimeInit uid 2000 <<<<<<
11-10 15:59:10.731 16418 16418 D AndroidRuntime: CheckJNI is ON
11-10 15:59:10.780 16418 16418 W art     : Unexpected CPU variant for X86 using defaults: x86
11-10 15:59:10.783 16418 16418 D ICU     : No timezone override file found: /data/local/tmp/misc/zoneinfo/current/icu/icu_tzdata.dat
11-10 15:59:10.814 16418 16418 E memtrack: Couldn't load memtrack module (No such file or directory)
11-10 15:59:10.814 16418 16418 E android.os.Debug: failed to load memtrack module: -2
11-10 15:59:10.815 16418 16418 I Radio-JNI: register_android_hardware_Radio DONE
11-10 15:59:10.825 16418 16418 D AndroidRuntime: Calling main entry com.android.commands.uiautomator.Launcher
11-10 15:59:11.860 16418 16418 W AccessibilityNodeInfoDumper: Fetch time: 6ms
11-10 15:59:11.860  1696  4549 W WindowManager: Attempted to remove non-existing token: android.os.Binder@e3a7713
11-10 15:59:11.868 16418 16418 D AndroidRuntime: Shutting down VM
11-10 15:59:12.930 16446 16446 D AndroidRuntime: >>>>>> START com.android.internal.os.RuntimeInit uid 2000 <<<<<<
11-10 15:59:12.933 16446 16446 D AndroidRuntime: CheckJNI is ON
11-10 15:59:12.985 16446 16446 W art     : Unexpected CPU variant for X86 using defaults: x86
11-10 15:59:12.989 16446 16446 D ICU     : No timezone override file found: /data/local/tmp/misc/zoneinfo/current/icu/icu_tzdata.dat
11-10 15:59:13.019 16446 16446 E memtrack: Couldn't load memtrack module (No such file or directory)
11-10 15:59:13.019 16446 16446 E android.os.Debug: failed to load memtrack module: -2
11-10 15:59:13.020 16446 16446 I Radio-JNI: register_android_hardware_Radio DONE
11-10 15:59:13.030 16446 16446 D AndroidRuntime: Calling main entry com.android.commands.uiautomator.Launcher
11-10 15:59:14.071 16446 16446 W AccessibilityNodeInfoDumper: Fetch time: 4ms
11-10 15:59:14.072  1696  1707 W WindowManager: Attempted to remove non-existing token: android.os.Binder@57e5b49
11-10 15:59:14.083 16446 16446 D AndroidRuntime: Shutting down VM
11-10 15:59:15.275 16481 16481 D AndroidRuntime: >>>>>> START com.android.internal.os.RuntimeInit uid 2000 <<<<<<
11-10 15:59:15.278 16481 16481 D AndroidRuntime: CheckJNI is ON
11-10 15:59:15.333 16481 16481 W art     : Unexpected CPU variant for X86 using defaults: x86
11-10 15:59:15.338 16481 16481 D ICU     : No timezone override file found: /data/local/tmp/misc/zoneinfo/current/icu/icu_tzdata.dat
11-10 15:59:15.369 16481 16481 E memtrack: Couldn't load memtrack module (No such file or directory)
11-10 15:59:15.369 16481 16481 E android.os.Debug: failed to load memtrack module: -2
11-10 15:59:15.370 16481 16481 I Radio-JNI: register_android_hardware_Radio DONE
11-10 15:59:15.381 16481 16481 D AndroidRuntime: Calling main entry com.android.commands.uiautomator.Launcher
11-10 15:59:16.436 16481 16481 W AccessibilityNodeInfoDumper: Fetch time: 10ms
11-10 15:59:16.438  1696  4549 W WindowManager: Attempted to remove non-existing token: android.os.Binder@4c86305
11-10 15:59:16.455 16481 16481 D AndroidRuntime: Shutting down VM
11-10 15:59:16.975 16502 16502 D AndroidRuntime: >>>>>> START com.android.internal.os.RuntimeInit uid 2000 <<<<<<
11-10 15:59:16.978 16502 16502 D AndroidRuntime: CheckJNI is ON
11-10 15:59:17.093 16502 16502 W art     : Unexpected CPU variant for X86 using defaults: x86
11-10 15:59:17.099 16502 16502 D ICU     : No timezone override file found: /data/local/tmp/misc/zoneinfo/current/icu/icu_tzdata.dat
11-10 15:59:17.140 16502 16502 E memtrack: Couldn't load memtrack module (No such file or directory)
11-10 15:59:17.140 16502 16502 E android.os.Debug: failed to load memtrack module: -2
11-10 15:59:17.141 16502 16502 I Radio-JNI: register_android_hardware_Radio DONE
11-10 15:59:17.156 16502 16502 D AndroidRuntime: Calling main entry com.android.commands.uiautomator.Launcher
11-10 15:59:18.190 16502 16502 W AccessibilityNodeInfoDumper: Fetch time: 3ms
11-10 15:59:18.191  1696  2245 W WindowManager: Attempted to remove non-existing token: android.os.Binder@8c7b58b
11-10 15:59:18.201 16502 16502 D AndroidRuntime: Shutting down VM
11-10 15:59:18.524 16514 16514 D AndroidRuntime: >>>>>> START com.android.internal.os.RuntimeInit uid 2000 <<<<<<
11-10 15:59:18.527 16514 16514 D AndroidRuntime: CheckJNI is ON
11-10 15:59:18.579 16514 16514 W art     : Unexpected CPU variant for X86 using defaults: x86
11-10 15:59:18.585 16514 16514 D ICU     : No timezone override file found: /data/misc/zoneinfo/current/icu/icu_tzdata.dat
11-10 15:59:18.602 16514 16514 E memtrack: Couldn't load memtrack module (No such file or directory)
