06-28 23:29:28.441  1349  1349 W SurfaceFlinger: FB is protected: PERMISSION_DENIED
06-28 23:29:30.515  1349  2134 E SurfaceFlinger: ro.sf.lcd_density must be defined as a build property
06-28 23:29:30.516  1349  1349 W SurfaceFlinger: FB is protected: PERMISSION_DENIED
06-28 23:29:32.589  1349  1376 E SurfaceFlinger: ro.sf.lcd_density must be defined as a build property
06-28 23:29:32.590  1349  1349 W SurfaceFlinger: FB is protected: PERMISSION_DENIED
06-28 23:29:34.659  1349  1364 E SurfaceFlinger: ro.sf.lcd_density must be defined as a build property
06-28 23:29:34.660  1349  1349 W SurfaceFlinger: FB is protected: PERMISSION_DENIED
06-28 23:29:36.727  1349  1364 E SurfaceFlinger: ro.sf.lcd_density must be defined as a build property
06-28 23:29:36.731  1349  1349 W SurfaceFlinger: FB is protected: PERMISSION_DENIED
06-28 23:29:38.934  8424  8424 D AndroidRuntime: >>>>>> START com.android.internal.os.RuntimeInit uid 2000 <<<<<<
06-28 23:29:38.936  8424  8424 D AndroidRuntime: CheckJNI is ON
06-28 23:29:38.971  8424  8424 W art     : Unexpected CPU variant for X86 using defaults: x86
06-28 23:29:38.974  8424  8424 D ICU     : No timezone override file found: /data/local/tmp/misc/zoneinfo/current/icu/icu_tzdata.dat
06-28 23:29:38.988  8424  8424 E memtrack: Couldn't load memtrack module (No such file or directory)
06-28 23:29:38.988  8424  8424 E android.os.Debug: failed to load memtrack module: -2
06-28 23:29:38.989  8424  8424 I Radio-JNI: register_android_hardware_Radio DONE
06-28 23:29:38.994  8424  8424 D AndroidRuntime: Calling main entry com.android.commands.uiautomator.Launcher
06-28 23:29:40.015  8424  8424 W AccessibilityNodeInfoDumper: Fetch time: 3ms
06-28 23:29:40.015  1724  2966 W WindowManager: Attempted to remove non-existing token: android.os.Binder@59b0c09
06-28 23:29:40.020  8424  8424 D AndroidRuntime: Shutting down VM
06-28 23:29:42.270  8441  8441 D AndroidRuntime: >>>>>> START com.android.internal.os.RuntimeInit uid 2000 <<<<<<
06-28 23:29:42.271  8441  8441 D AndroidRuntime: CheckJNI is ON
06-28 23:29:42.292  8441  8441 W art     : Unexpected CPU variant for X86 using defaults: x86
06-28 23:29:42.295  8441  8441 D ICU     : No timezone override file found: /data/local/tmp/misc/zoneinfo/current/icu/icu_tzdata.dat
06-28 23:29:42.308  8441  8441 E memtrack: Couldn't load memtrack module (No such file or directory)
06-28 23:29:42.308  8441  8441 E android.os.Debug: failed to load memtrack module: -2
06-28 23:29:42.309  8441  8441 I Radio-JNI: register_android_hardware_Radio DONE
06-28 23:29:42.314  8441  8441 D AndroidRuntime: Calling main entry com.android.commands.uiautomator.Launcher
06-28 23:29:43.333  8441  8441 W AccessibilityNodeInfoDumper: Fetch time: 2ms
06-28 23:29:43.334  1724  4313 W WindowManager: Attempted to remove non-existing token: android.os.Binder@563702f
06-28 23:29:43.336  8441  8441 D AndroidRuntime: Shutting down VM
06-28 23:29:43.576  8458  8458 D AndroidRuntime: >>>>>> START com.android.internal.os.RuntimeInit uid 2000 <<<<<<
06-28 23:29:43.578  8458  8458 D AndroidRuntime: CheckJNI is ON
06-28 23:29:43.601  8458  8458 W art     : Unexpected CPU variant for X86 using defaults: x86
06-28 23:29:43.604  8458  8458 D ICU     : No timezone override file found: /data/local/tmp/misc/zoneinfo/current/icu/icu_tzdata.dat
06-28 23:29:43.617  8458  8458 E memtrack: Couldn't load memtrack module (No such file or directory)
06-28 23:29:43.617  8458  8458 E android.os.Debug: failed to load memtrack module: -2
06-28 23:29:43.618  8458  8458 I Radio-JNI: register_android_hardware_Radio DONE
06-28 23:29:43.622  8458  8458 D AndroidRuntime: Calling main entry com.android.commands.uiautomator.Launcher
06-28 23:29:44.637  8458  8458 W AccessibilityNodeInfoDumper: Fetch time: 2ms
06-28 23:29:44.638  1724  2559 W WindowManager: Attempted to remove non-existing token: android.os.Binder@6df5fc5
06-28 23:29:44.640  8458  8458 D AndroidRuntime: Shutting down VM
06-28 23:29:44.899  8475  8475 D AndroidRuntime: >>>>>> START com.android.internal.os.RuntimeInit uid 2000 <<<<<<
06-28 23:29:44.900  8475  8475 D AndroidRuntime: CheckJNI is ON
06-28 23:29:44.920  8475  8475 W art     : Unexpected CPU variant for X86 using defaults: x86
06-28 23:29:44.923  8475  8475 D ICU     : No timezone override file found: /data/local/tmp/misc/zoneinfo/current/icu/icu_tzdata.dat
06-28 23:29:44.938  8475  8475 E memtrack: Couldn't load memtrack module (No such file or directory)
06-28 23:29:44.938  8475  8475 E android.os.Debug: failed to load memtrack module: -2
06-28 23:29:44.939  8475  8475 I Radio-JNI: register_android_hardware_Radio DONE
06-28 23:29:44.943  8475  8475 D AndroidRuntime: Calling main entry com.android.commands.uiautomator.Launcher
06-28 23:29:45.959  8475  8475 W AccessibilityNodeInfoDumper: Fetch time: 2ms
06-28 23:29:45.959  1724  2032 W WindowManager: Attempted to remove non-existing token: android.os.Binder@9c0e04b
06-28 23:29:45.963  8475  8475 D AndroidRuntime: Shutting down VM
06-28 23:29:46.222  8492  8492 D AndroidRuntime: >>>>>> START com.android.internal.os.RuntimeInit uid 2000 <<<<<<
06-28 23:29:46.223  8492  8492 D AndroidRuntime: CheckJNI is ON
06-28 23:29:46.242  8492  8492 W art     : Unexpected CPU variant for X86 using defaults: x86
06-28 23:29:46.248  8492  8492 D ICU     : No timezone override file found: /data/local/tmp/misc/zoneinfo/current/icu/icu_tzdata.dat
06-28 23:29:46.259  8492  8492 E memtrack: Couldn't load memtrack module (No such file or directory)
06-28 23:29:46.259  8492  8492 E android.os.Debug: failed to load memtrack module: -2
06-28 23:29:46.260  8492  8492 I Radio-JNI: register_android_hardware_Radio DONE
06-28 23:29:46.264  8492  8492 D AndroidRuntime: Calling main entry com.android.commands.uiautomator.Launcher
06-28 23:29:47.282  8492  8492 W AccessibilityNodeInfoDumper: Fetch time: 2ms
06-28 23:29:47.282  1724  4314 W WindowManager: Attempted to remove non-existing token: android.os.Binder@5b3341
06-28 23:29:47.286  8492  8492 D AndroidRuntime: Shutting down VM
06-28 23:29:47.523  8509  8509 D AndroidRuntime: >>>>>> START com.android.internal.os.RuntimeInit uid 2000 <<<<<<
06-28 23:29:47.525  8509  8509 D AndroidRuntime: CheckJNI is ON
06-28 23:29:47.546  8509  8509 W art     : Unexpected CPU variant for X86 using defaults: x86
06-28 23:29:47.551  8509  8509 D ICU     : No timezone override file found: /data/local/tmp/misc/zoneinfo/current/icu/icu_tzdata.dat
06-28 23:29:47.562  8509  8509 E memtrack: Couldn't load memtrack module (No such file or directory)
06-28 23:29:47.562  8509  8509 E android.os.Debug: failed to load memtrack module: -2
06-28 23:29:47.562  8509  8509 I Radio-JNI: register_android_hardware_Radio DONE
06-28 23:29:47.566  8509  8509 D AndroidRuntime: Calling main entry com.android.commands.uiautomator.Launcher
06-28 23:29:48.585  8509  8509 W AccessibilityNodeInfoDumper: Fetch time: 1ms
06-28 23:29:48.586  1724  2721 W WindowManager: Attempted to remove non-existing token: android.os.Binder@73b3627
06-28 23:29:48.588  8509  8509 D AndroidRuntime: Shutting down VM
06-28 23:29:48.841  8526  8526 D AndroidRuntime: >>>>>> START com.android.internal.os.RuntimeInit uid 2000 <<<<<<
06-28 23:29:48.843  8526  8526 D AndroidRuntime: CheckJNI is ON
06-28 23:29:48.866  8526  8526 W art     : Unexpected CPU variant for X86 using defaults: x86
06-28 23:29:48.868  8526  8526 D ICU     : No timezone override file found: /data/local/tmp/misc/zoneinfo/current/icu/icu_tzdata.dat
06-28 23:29:48.881  8526  8526 E memtrack: Couldn't load memtrack module (No such file or directory)
06-28 23:29:48.881  8526  8526 E android.os.Debug: failed to load memtrack module: -2
06-28 23:29:48.881  8526  8526 I Radio-JNI: register_android_hardware_Radio DONE
06-28 23:29:48.885  8526  8526 D AndroidRuntime: Calling main entry com.android.commands.uiautomator.Launcher
06-28 23:29:49.919  8526  8526 W AccessibilityNodeInfoDumper: Fetch time: 2ms
06-28 23:29:49.919  1724  4312 W WindowManager: Attempted to remove non-existing token: android.os.Binder@c66c27d
06-28 23:29:49.922  8526  8526 D AndroidRuntime: Shutting down VM
06-28 23:29:50.171  8543  8543 D AndroidRuntime: >>>>>> START com.android.internal.os.RuntimeInit uid 2000 <<<<<<
06-28 23:29:50.173  8543  8543 D AndroidRuntime: CheckJNI is ON
06-28 23:29:50.193  8543  8543 W art     : Unexpected CPU variant for X86 using defaults: x86
06-28 23:29:50.199  8543  8543 D ICU     : No timezone override file found: /data/local/tmp/misc/zoneinfo/current/icu/icu_tzdata.dat
06-28 23:29:50.210  8543  8543 E memtrack: Couldn't load memtrack module (No such file or directory)
06-28 23:29:50.210  8543  8543 E android.os.Debug: failed to load memtrack module: -2
06-28 23:29:50.211  8543  8543 I Radio-JNI: register_android_hardware_Radio DONE
06-28 23:29:50.216  8543  8543 D AndroidRuntime: Calling main entry com.android.commands.uiautomator.Launcher
06-28 23:29:51.235  8543  8543 W AccessibilityNodeInfoDumper: Fetch time: 3ms
06-28 23:29:51.236  1724  1736 W WindowManager: Attempted to remove non-existing token: android.os.Binder@8a20979
06-28 23:29:51.239  8543  8543 D AndroidRuntime: Shutting down VM
06-28 23:29:51.477  8560  8560 D AndroidRuntime: >>>>>> START com.android.internal.os.RuntimeInit uid 2000 <<<<<<
06-28 23:29:51.480  8560  8560 D AndroidRuntime: CheckJNI is ON
06-28 23:29:51.502  8560  8560 W art     : Unexpected CPU variant for X86 using defaults: x86
06-28 23:29:51.504  8560  8560 D ICU     : No timezone override file found: /data/local/tmp/misc/zoneinfo/current/icu/icu_tzdata.dat
06-28 23:29:51.517  8560  8560 E memtrack: Couldn't load memtrack module (No such file or directory)
06-28 23:29:51.517  8560  8560 E android.os.Debug: failed to load memtrack module: -2
06-28 23:29:51.518  8560  8560 I Radio-JNI: register_android_hardware_Radio DONE
06-28 23:29:51.521  8560  8560 D AndroidRuntime: Calling main entry com.android.commands.uiautomator.Launcher
06-28 23:29:52.537  8560  8560 W AccessibilityNodeInfoDumper: Fetch time: 1ms
06-28 23:29:52.537  1724  4117 W WindowManager: Attempted to remove non-existing token: android.os.Binder@896c31f
06-28 23:29:52.539  8560  8560 D AndroidRuntime: Shutting down VM
06-28 23:29:52.777  8577  8577 D AndroidRuntime: >>>>>> START com.android.internal.os.RuntimeInit uid 2000 <<<<<<
06-28 23:29:52.779  8577  8577 D AndroidRuntime: CheckJNI is ON
06-28 23:29:52.802  8577  8577 W art     : Unexpected CPU variant for X86 using defaults: x86
06-28 23:29:52.805  8577  8577 D ICU     : No timezone override file found: /data/local/tmp/misc/zoneinfo/current/icu/icu_tzdata.dat
06-28 23:29:52.819  8577  8577 E memtrack: Couldn't load memtrack module (No such file or directory)
06-28 23:29:52.819  8577  8577 E android.os.Debug: failed to load memtrack module: -2
06-28 23:29:52.819  8577  8577 I Radio-JNI: register_android_hardware_Radio DONE
06-28 23:29:52.823  8577  8577 D AndroidRuntime: Calling main entry com.android.commands.uiautomator.Launcher
06-28 23:29:53.838  8577  8577 W AccessibilityNodeInfoDumper: Fetch time: 1ms
06-28 23:29:53.838  1724  4314 W WindowManager: Attempted to remove non-existing token: android.os.Binder@2b0c435
06-28 23:29:53.840  8577  8577 D AndroidRuntime: Shutting down VM
06-28 23:29:54.131  8597  8597 D AndroidRuntime: >>>>>> START com.android.internal.os.RuntimeInit uid 2000 <<<<<<
06-28 23:29:54.134  8597  8597 D AndroidRuntime: CheckJNI is ON
06-28 23:29:54.154  8597  8597 W art     : Unexpected CPU variant for X86 using defaults: x86
06-28 23:29:54.156  8597  8597 D ICU     : No timezone override file found: /data/local/tmp/misc/zoneinfo/current/icu/icu_tzdata.dat
06-28 23:29:54.170  8597  8597 E memtrack: Couldn't load memtrack module (No such file or directory)
06-28 23:29:54.170  8597  8597 E android.os.Debug: failed to load memtrack module: -2
06-28 23:29:54.171  8597  8597 I Radio-JNI: register_android_hardware_Radio DONE
06-28 23:29:54.175  8597  8597 D AndroidRuntime: Calling main entry com.android.commands.uiautomator.Launcher
06-28 23:29:55.193  8597  8597 W AccessibilityNodeInfoDumper: Fetch time: 2ms
06-28 23:29:55.193  1724  1751 W WindowManager: Attempted to remove non-existing token: android.os.Binder@7ee723b
06-28 23:29:55.196  8597  8597 D AndroidRuntime: Shutting down VM
06-28 23:29:56.025  8625  8625 D AndroidRuntime: >>>>>> START com.android.internal.os.RuntimeInit uid 2000 <<<<<<
06-28 23:29:56.026  8625  8625 D AndroidRuntime: CheckJNI is ON
06-28 23:29:56.049  8625  8625 W art     : Unexpected CPU variant for X86 using defaults: x86
06-28 23:29:56.051  8625  8625 D ICU     : No timezone override file found: /data/local/tmp/misc/zoneinfo/current/icu/icu_tzdata.dat
06-28 23:29:56.062  8625  8625 E memtrack: Couldn't load memtrack module (No such file or directory)
06-28 23:29:56.063  8625  8625 E android.os.Debug: failed to load memtrack module: -2
06-28 23:29:56.063  8625  8625 I Radio-JNI: register_android_hardware_Radio DONE
06-28 23:29:56.068  8625  8625 D AndroidRuntime: Calling main entry com.android.commands.uiautomator.Launcher
06-28 23:29:57.087  8625  8625 W AccessibilityNodeInfoDumper: Fetch time: 1ms
06-28 23:29:57.088  1724  4117 W WindowManager: Attempted to remove non-existing token: android.os.Binder@4b66eb1
06-28 23:29:57.091  8625  8625 D AndroidRuntime: Shutting down VM
06-28 23:29:57.347  8643  8643 D AndroidRuntime: >>>>>> START com.android.internal.os.RuntimeInit uid 2000 <<<<<<
06-28 23:29:57.350  8643  8643 D AndroidRuntime: CheckJNI is ON
06-28 23:29:57.370  8643  8643 W art     : Unexpected CPU variant for X86 using defaults: x86
06-28 23:29:57.372  8643  8643 D ICU     : No timezone override file found: /data/local/tmp/misc/zoneinfo/current/icu/icu_tzdata.dat
06-28 23:29:57.386  8643  8643 E memtrack: Couldn't load memtrack module (No such file or directory)
06-28 23:29:57.386  8643  8643 E android.os.Debug: failed to load memtrack module: -2
06-28 23:29:57.386  8643  8643 I Radio-JNI: register_android_hardware_Radio DONE
06-28 23:29:57.390  8643  8643 D AndroidRuntime: Calling main entry com.android.commands.uiautomator.Launcher
06-28 23:29:58.405  8643  8643 W AccessibilityNodeInfoDumper: Fetch time: 1ms
06-28 23:29:58.405  1724  1751 W WindowManager: Attempted to remove non-existing token: android.os.Binder@f47f717
06-28 23:29:58.407  8643  8643 D AndroidRuntime: Shutting down VM
06-28 23:29:59.348  8669  8669 D AndroidRuntime: >>>>>> START com.android.internal.os.RuntimeInit uid 2000 <<<<<<
06-28 23:29:59.350  8669  8669 D AndroidRuntime: CheckJNI is ON
06-28 23:29:59.389  8669  8669 W art     : Unexpected CPU variant for X86 using defaults: x86
06-28 23:29:59.392  8669  8669 D ICU     : No timezone override file found: /data/local/tmp/misc/zoneinfo/current/icu/icu_tzdata.dat
06-28 23:29:59.407  8669  8669 E memtrack: Couldn't load memtrack module (No such file or directory)
06-28 23:29:59.407  8669  8669 E android.os.Debug: failed to load memtrack module: -2
06-28 23:29:59.408  8669  8669 I Radio-JNI: register_android_hardware_Radio DONE
06-28 23:29:59.414  8669  8669 D AndroidRuntime: Calling main entry com.android.commands.uiautomator.Launcher
06-28 23:30:00.055  1724  1724 D ConditionProviders.SCP: onReceive ScheduleConditionProvider.EVALUATE
06-28 23:30:00.057  1724  1724 D ConditionProviders.SCP: notifyCondition condition://android/schedule?days=6.7&start=23.30&end=10.0&exitAtAlarm=false STATE_FALSE reason=!meetsSchedule
06-28 23:30:00.057  1724  1724 D ConditionProviders.SCP: notifyCondition condition://android/schedule?days=1.2.3.4.5&start=22.0&end=7.0&exitAtAlarm=false STATE_TRUE reason=meetsSchedule
06-28 23:30:00.057  1724  1724 D ConditionProviders.SCP: Scheduling evaluate for Wed Jun 29 07:00:00 EDT 2022 (1656500400000), in +7h29m59s944ms, now=Tue Jun 28 23:30:00 EDT 2022 (1656473400056)
06-28 23:30:00.436  8669  8669 W AccessibilityNodeInfoDumper: Fetch time: 3ms
06-28 23:30:00.437  1724  1735 W WindowManager: Attempted to remove non-existing token: android.os.Binder@d9244ed
06-28 23:30:00.441  8669  8669 D AndroidRuntime: Shutting down VM
06-28 23:30:01.349  8702  8702 D AndroidRuntime: >>>>>> START com.android.internal.os.RuntimeInit uid 2000 <<<<<<
06-28 23:30:01.350  8702  8702 D AndroidRuntime: CheckJNI is ON
06-28 23:30:01.371  8702  8702 W art     : Unexpected CPU variant for X86 using defaults: x86
06-28 23:30:01.373  8702  8702 D ICU     : No timezone override file found: /data/local/tmp/misc/zoneinfo/current/icu/icu_tzdata.dat
06-28 23:30:01.389  8702  8702 E memtrack: Couldn't load memtrack module (No such file or directory)
06-28 23:30:01.389  8702  8702 E android.os.Debug: failed to load memtrack module: -2
06-28 23:30:01.389  8702  8702 I Radio-JNI: register_android_hardware_Radio DONE
06-28 23:30:01.393  8702  8702 D AndroidRuntime: Calling main entry com.android.commands.uiautomator.Launcher
06-28 23:30:02.432  8702  8702 W AccessibilityNodeInfoDumper: Fetch time: 2ms
06-28 23:30:02.433  1724  1751 W WindowManager: Attempted to remove non-existing token: android.os.Binder@a4aedb3
06-28 23:30:02.436  8702  8702 D AndroidRuntime: Shutting down VM
06-28 23:30:02.723  8723  8723 D AndroidRuntime: >>>>>> START com.android.internal.os.RuntimeInit uid 2000 <<<<<<
06-28 23:30:02.725  8723  8723 D AndroidRuntime: CheckJNI is ON
06-28 23:30:02.750  8723  8723 W art     : Unexpected CPU variant for X86 using defaults: x86
06-28 23:30:02.753  8723  8723 D ICU     : No timezone override file found: /data/local/tmp/misc/zoneinfo/current/icu/icu_tzdata.dat
06-28 23:30:02.766  8723  8723 E memtrack: Couldn't load memtrack module (No such file or directory)
06-28 23:30:02.766  8723  8723 E android.os.Debug: failed to load memtrack module: -2
06-28 23:30:02.767  8723  8723 I Radio-JNI: register_android_hardware_Radio DONE
06-28 23:30:02.770  8723  8723 D AndroidRuntime: Calling main entry com.android.commands.uiautomator.Launcher
06-28 23:30:03.787  8723  8723 W AccessibilityNodeInfoDumper: Fetch time: 1ms
06-28 23:30:03.787  1724  4313 W WindowManager: Attempted to remove non-existing token: android.os.Binder@d7cb20f
06-28 23:30:03.790  8723  8723 D AndroidRuntime: Shutting down VM
06-28 23:30:03.987  8735  8735 D AndroidRuntime: >>>>>> START com.android.internal.os.RuntimeInit uid 2000 <<<<<<
06-28 23:30:03.988  8735  8735 D AndroidRuntime: CheckJNI is ON
06-28 23:30:04.008  8735  8735 W art     : Unexpected CPU variant for X86 using defaults: x86
06-28 23:30:04.012  8735  8735 D ICU     : No timezone override file found: /data/misc/zoneinfo/current/icu/icu_tzdata.dat
06-28 23:30:04.024  8735  8735 E memtrack: Couldn't load memtrack module (No such file or directory)
06-28 23:30:04.024  8735  8735 E android.os.Debug: failed to load memtrack module: -2
06-28 23:30:04.024  8735  8735 I Radio-JNI: register_android_hardware_Radio DONE
06-28 23:30:04.032  8735  8735 D AndroidRuntime: Calling main entry com.android.commands.am.Am
06-28 23:30:04.034  1724  2124 I ActivityManager: Force stopping org.shadowice.flocke.andotp appid=10084 user=0: from pid 8735
06-28 23:30:04.034  1724  2124 I ActivityManager: Killing 4539:org.shadowice.flocke.andotp/u0a84 (adj 0): stop org.shadowice.flocke.andotp
06-28 23:30:04.035  1724  2124 D ActivityManager: cleanUpApplicationRecord -- 4539
06-28 23:30:04.035  1724  2124 W ActivityManager: Force removing ActivityRecord{4d5e803 u0 org.shadowice.flocke.andotp/.Activities.MainActivity t6}: app died, no saved state
06-28 23:30:04.042  8735  8735 D AndroidRuntime: Shutting down VM
06-28 23:30:04.047  2002  2002 D CarrierSvcBindHelper: No carrier app for: 0
06-28 23:30:04.091  1724  2450 D GraphicsStats: Buffer count: 4
06-28 23:30:04.095  2509  2719 D EGL_emulation: eglMakeCurrent: 0xad3053c0: ver 3 0 (tinfo 0xad303360)
06-28 23:30:04.131  2569  2640 D EGL_emulation: eglMakeCurrent: 0xa9605160: ver 3 0 (tinfo 0x9d999ea0)
06-28 23:30:04.134  2509  2509 I OptInState: There is a new client and it does not support opt-in. Dropping request.
06-28 23:30:04.141  2509  8748 W LocationOracle: No location history returned by ContextManager
06-28 23:30:04.146  2509  2509 I MicroDetectionWorker: Micro detection mode: [mDetectionMode: [1]].
06-28 23:30:04.148  2509  2509 I AudioController: Using mInputStreamFactoryBuilder
06-28 23:30:04.151  2509  8750 I MicroRecognitionRunner: Starting detection.
06-28 23:30:04.152  2509  8745 I MicrophoneInputStream: mic_starting com.google.android.apps.gsa.staticplugins.z.c@561349d
06-28 23:30:04.155  1422  8753 I AudioFlinger: AudioFlinger's thread 0xac4034c0 ready to run
06-28 23:30:04.157  2509  8745 I MicrophoneInputStream: mic_started com.google.android.apps.gsa.staticplugins.z.c@561349d
06-28 23:30:04.157  2509  8745 E ActivityThread: Failed to find provider info for com.google.android.apps.gsa.testing.ui.audio.recorded
06-28 23:30:04.158  2509  2509 I MicroDetectionWorker: onReady
06-28 23:30:04.170  2509  8745 I MicrophoneInputStream: mic_close com.google.android.apps.gsa.staticplugins.z.c@561349d
06-28 23:30:04.170  2509  8750 I MicroRecognitionRunner: Detection finished
06-28 23:30:04.170  2509  8750 W ErrorReporter: reportError [type: 211, code: 524300]: Error reading from input stream
06-28 23:30:04.171  2509  2853 I MicroRecognitionRunner: Stopping hotword detection.
06-28 23:30:04.172  2509  8750 W ErrorProcessor: onFatalError, processing error from engine(4)
06-28 23:30:04.172  2509  8750 W ErrorProcessor: com.google.android.apps.gsa.shared.speech.a.g: Error reading from input stream
06-28 23:30:04.172  2509  8750 W ErrorProcessor: 	at com.google.android.apps.gsa.staticplugins.recognizer.i.a.a(SourceFile:342)
06-28 23:30:04.172  2509  8750 W ErrorProcessor: 	at com.google.android.apps.gsa.staticplugins.recognizer.i.a$1.run(SourceFile:1367)
06-28 23:30:04.172  2509  8750 W ErrorProcessor: 	at java.util.concurrent.Executors$RunnableAdapter.call(Executors.java:428)
06-28 23:30:04.172  2509  8750 W ErrorProcessor: 	at java.util.concurrent.FutureTask.run(FutureTask.java:237)
06-28 23:30:04.172  2509  8750 W ErrorProcessor: 	at com.google.android.apps.gsa.shared.util.concurrent.a.ak.run(SourceFile:66)
06-28 23:30:04.172  2509  8750 W ErrorProcessor: 	at java.util.concurrent.ThreadPoolExecutor.runWorker(ThreadPoolExecutor.java:1133)
06-28 23:30:04.172  2509  8750 W ErrorProcessor: 	at java.util.concurrent.ThreadPoolExecutor$Worker.run(ThreadPoolExecutor.java:607)
06-28 23:30:04.172  2509  8750 W ErrorProcessor: 	at java.lang.Thread.run(Thread.java:761)
06-28 23:30:04.172  2509  8750 W ErrorProcessor: 	at com.google.android.apps.gsa.shared.util.concurrent.a.ad$1.run(SourceFile:85)
06-28 23:30:04.172  2509  8750 W ErrorProcessor: Caused by: com.google.android.apps.gsa.shared.exception.GsaIOException: Error code: 393238 | Buffer overflow, no available space.
06-28 23:30:04.172  2509  8750 W ErrorProcessor: 	at com.google.android.apps.gsa.speech.audio.Tee.g(SourceFile:2531)
06-28 23:30:04.172  2509  8750 W ErrorProcessor: 	at com.google.android.apps.gsa.speech.audio.ap.read(SourceFile:555)
06-28 23:30:04.172  2509  8750 W ErrorProcessor: 	at java.io.InputStream.read(InputStream.java:101)
06-28 23:30:04.172  2509  8750 W ErrorProcessor: 	at com.google.android.apps.gsa.speech.audio.al.run(SourceFile:362)
06-28 23:30:04.172  2509  8750 W ErrorProcessor: 	at com.google.android.apps.gsa.speech.audio.ak$1.run(SourceFile:471)
06-28 23:30:04.172  2509  8750 W ErrorProcessor: 	at java.util.concurrent.Executors$RunnableAdapter.call(Executors.java:428)
06-28 23:30:04.172  2509  8750 W ErrorProcessor: 	at java.util.concurrent.FutureTask.run(FutureTask.java:237)
06-28 23:30:04.172  2509  8750 W ErrorProcessor: 	at com.google.android.apps.gsa.shared.util.concurrent.a.ak.run(SourceFile:66)
06-28 23:30:04.172  2509  8750 W ErrorProcessor: 	at com.google.android.apps.gsa.shared.util.concurrent.a.ax.run(SourceFile:139)
06-28 23:30:04.172  2509  8750 W ErrorProcessor: 	at com.google.android.apps.gsa.shared.util.concurrent.a.ax.run(SourceFile:139)
06-28 23:30:04.172  2509  8750 W ErrorProcessor: 	... 4 more
06-28 23:30:04.172  2509  8750 I AudioController: internalShutdown
06-28 23:30:04.173  2509  2509 I MicroDetector: Keeping mic open: false
06-28 23:30:04.173  2509  2509 I MicroDetectionWorker: #onError(false)
06-28 23:30:04.173  2509  8749 I DeviceStateChecker: DeviceStateChecker cancelled
06-28 23:30:04.186  1857  2741 W GCoreFlp: No location to return for getLastLocation()
06-28 23:30:04.647  2569  2640 W OpenGLRenderer: Incorrectly called buildLayer on View: ShortcutAndWidgetContainer, destroying layer...
06-28 23:30:07.084  1724  1841 E TaskPersister: File error accessing recents directory (directory doesn't exist?).
06-28 23:30:07.377  8764  8764 D AndroidRuntime: >>>>>> START com.android.internal.os.RuntimeInit uid 2000 <<<<<<
06-28 23:30:07.379  8764  8764 D AndroidRuntime: CheckJNI is ON
06-28 23:30:07.398  8764  8764 W art     : Unexpected CPU variant for X86 using defaults: x86
06-28 23:30:07.401  8764  8764 D ICU     : No timezone override file found: /data/misc/zoneinfo/current/icu/icu_tzdata.dat
06-28 23:30:07.411  8764  8764 E memtrack: Couldn't load memtrack module (No such file or directory)
06-28 23:30:07.411  8764  8764 E android.os.Debug: failed to load memtrack module: -2
06-28 23:30:07.412  8764  8764 I Radio-JNI: register_android_hardware_Radio DONE
06-28 23:30:07.415  8764  8764 D AndroidRuntime: Calling main entry com.android.commands.pm.Pm
06-28 23:30:07.420  1724  1738 I ActivityManager: Force stopping org.shadowice.flocke.andotp appid=10084 user=-1: deletePackageX
06-28 23:30:07.453  1724  1750 I art     : Starting a blocking GC Explicit
06-28 23:30:07.467  1724  1750 I art     : Explicit concurrent mark sweep GC freed 23544(1498KB) AllocSpace objects, 13(272KB) LOS objects, 25% free, 11MB/15MB, paused 204us total 13.564ms
06-28 23:30:07.473  1724  1750 I ActivityManager: Force stopping org.shadowice.flocke.andotp appid=10084 user=0: pkg removed
06-28 23:30:07.473  8764  8764 I art     : System.exit called, status: 0
06-28 23:30:07.473  8764  8764 I AndroidRuntime: VM exiting with result code 0.
06-28 23:30:07.492  1857  1857 I GeofencerStateMachine: removeGeofences: removeRequest=RemoveGeofencingRequest[REMOVE_ALL packageName=org.shadowice.flocke.andotp]
06-28 23:30:07.503  1724  1764 I InputReader: Reconfiguring input devices.  changes=0x00000010
06-28 23:30:07.513  1724  1750 E KernelUidCpuTimeReader: failed to remove uid from uid_cputime module
06-28 23:30:07.513  1724  1750 E KernelUidCpuTimeReader: java.io.FileNotFoundException: /proc/uid_cputime/remove_uid_range (No such file or directory)
06-28 23:30:07.513  1724  1750 E KernelUidCpuTimeReader: 	at java.io.FileOutputStream.open(Native Method)
06-28 23:30:07.513  1724  1750 E KernelUidCpuTimeReader: 	at java.io.FileOutputStream.<init>(FileOutputStream.java:221)
06-28 23:30:07.513  1724  1750 E KernelUidCpuTimeReader: 	at java.io.FileOutputStream.<init>(FileOutputStream.java:108)
06-28 23:30:07.513  1724  1750 E KernelUidCpuTimeReader: 	at java.io.FileWriter.<init>(FileWriter.java:63)
06-28 23:30:07.513  1724  1750 E KernelUidCpuTimeReader: 	at com.android.internal.os.KernelUidCpuTimeReader.removeUid(KernelUidCpuTimeReader.java:158)
06-28 23:30:07.513  1724  1750 E KernelUidCpuTimeReader: 	at com.android.internal.os.BatteryStatsImpl.removeUidStatsLocked(BatteryStatsImpl.java:10169)
06-28 23:30:07.513  1724  1750 E KernelUidCpuTimeReader: 	at com.android.server.am.BatteryStatsService.removeUid(BatteryStatsService.java:291)
06-28 23:30:07.513  1724  1750 E KernelUidCpuTimeReader: 	at com.android.server.am.ActivityManagerService.broadcastIntentLocked(ActivityManagerService.java:18060)
06-28 23:30:07.513  1724  1750 E KernelUidCpuTimeReader: 	at com.android.server.am.ActivityManagerService.broadcastIntent(ActivityManagerService.java:18558)
06-28 23:30:07.513  1724  1750 E KernelUidCpuTimeReader: 	at com.android.server.pm.PackageManagerService$8.run(PackageManagerService.java:11464)
06-28 23:30:07.513  1724  1750 E KernelUidCpuTimeReader: 	at android.os.Handler.handleCallback(Handler.java:751)
06-28 23:30:07.513  1724  1750 E KernelUidCpuTimeReader: 	at android.os.Handler.dispatchMessage(Handler.java:95)
06-28 23:30:07.513  1724  1750 E KernelUidCpuTimeReader: 	at android.os.Looper.loop(Looper.java:154)
06-28 23:30:07.513  1724  1750 E KernelUidCpuTimeReader: 	at android.os.HandlerThread.run(HandlerThread.java:61)
06-28 23:30:07.513  1724  1750 E KernelUidCpuTimeReader: 	at com.android.server.ServiceThread.run(ServiceThread.java:46)
06-28 23:30:07.513  1724  1841 E TaskPersister: File error accessing recents directory (directory doesn't exist?).
06-28 23:30:07.513  1425  1425 I         : free_cache(5891382) avail 686120960
06-28 23:30:07.519  1724  1724 D ZenLog  : config: removeAutomaticZenRules,ZenModeConfig[user=0,allowCalls=true,allowRepeatCallers=false,allowMessages=false,allowCallsFrom=contacts,allowMessagesFrom=contacts,allowReminders=true,allowEvents=true,allowWhenScreenOff=true,allowWhenScreenOn=true,automaticRules={24039023791e401e81b6317cc640be9c=ZenRule[enabled=false,snoozing=false,name=Weekend,zenMode=ZEN_MODE_ALARMS,conditionId=condition://android/schedule?days=6.7&start=23.30&end=10.0&exitAtAlarm=false,condition=Condition[id=condition://android/schedule?days=6.7&start=23.30&end=10.0&exitAtAlarm=false,summary=...,line1=...,line2=...,icon=0,state=STATE_FALSE,flags=2],component=ComponentInfo{android/com.android.server.notification.ScheduleConditionProvider},id=24039023791e401e81b6317cc640be9c,creationTime=1656472594300,enabler=null], 9668ee225808443cbb7640f418332237=ZenRule[enabled=false,snoozing=false,name=Weeknight,zenMode=ZEN_MODE_ALARMS,conditionId=condition://android/schedule?days=1.2.3.4.5&start=22.0&end=7.0&exitAtAlarm=false,condition=Condition[id=condition://android/schedule?days=1.2.3.4.5&start=22.0&end=7.0&exitAtAlarm=false,summary=...,line1=...,line2=...,icon=0,state=STATE_TRUE,flags=2],component=ComponentInfo{android/com.android.server.notification.ScheduleConditionProvider},id=9668ee225808443cbb7640f418332237,creationTime=1656472594300,enabler=null], 174b5ee33cf54b898f9f6b10b72bf644=ZenRule[enabled=false,snoozing=false,name=Event,zenMode=ZEN_MODE_ALARMS,conditionId=condition://android/event?userId=-10000&calendar=&reply=1,condition=Condition[id=condition://android/event?userId=-10000&calendar=&reply=1,summary=...,line1=...,line2=...,icon=0,state=STATE_FALSE,flags=2],component=ComponentInfo{android/com.android.server.notification.EventConditionProvider},id=174b5ee33cf54b898f9f6b10b72bf644,creationTime=1656472594300,enabler=null]},manualRule=null],Diff[]
06-28 23:30:07.525  2002  2002 D CarrierSvcBindHelper: No carrier app for: 0
06-28 23:30:07.525  1842  2041 I LatinIME:LogUtils: Dictionary info: dictionary = main:en ; version = 54 ; date = 1414726273
06-28 23:30:07.525  8786  8786 W art     : Unexpected CPU variant for X86 using defaults: x86
06-28 23:30:07.526  1724  2195 I ActivityManager: Start proc 8786:com.android.keychain/1000 for broadcast com.android.keychain/.KeyChainBroadcastReceiver
06-28 23:30:07.540  1724  1724 D ZenLog  : set_zen_mode: off,removeAutomaticZenRules
06-28 23:30:07.544  1724  1737 W InputMethodInfo: Duplicated subtype definition found: , voice
06-28 23:30:07.546  8786  8786 W System  : ClassLoader referenced unknown path: /system/app/KeyChain/lib/x86
06-28 23:30:07.556  8786  8786 W ContextImpl: Calling a method in the system process without a qualified user: android.app.ContextImpl.startService:1357 android.content.ContextWrapper.startService:613 android.content.ContextWrapper.startService:613 com.android.keychain.KeyChainBroadcastReceiver.onReceive:12 android.app.ActivityThread.handleReceiver:3040 
06-28 23:30:07.570  2801  8802 D VoicemailCleanupService: Cleaning up data for package: org.shadowice.flocke.andotp
06-28 23:30:07.578  2509  8805 I UpdateIcingCorporaServi: Updating corpora: APPS=org.shadowice.flocke.andotp, CONTACTS=MAYBE
06-28 23:30:07.583  8807  8807 W art     : Unexpected CPU variant for X86 using defaults: x86
06-28 23:30:07.590  1724  2450 I ActivityManager: Start proc 8807:com.android.documentsui/u0a9 for broadcast com.android.documentsui/.PackageReceiver
06-28 23:30:07.608  2202  2821 I Icing   : IndexChimeraService.getServiceInterface callingPackage=com.google.android.googlequicksearchbox componentName=null serviceId=36
06-28 23:30:07.608  2202  2781 I Icing   : IndexChimeraService.getServiceInterface callingPackage=com.google.android.gms componentName=null serviceId=36
06-28 23:30:07.613  1857  8828 I Fitness : FitCleanupIntentOperation received Intent android.intent.action.PACKAGE_REMOVED [CONTEXT service_id=17 ]
06-28 23:30:07.619  8807  8807 W System  : ClassLoader referenced unknown path: /system/priv-app/DocumentsUI/lib/x86
06-28 23:30:07.692  2202  2781 I Icing   : IndexChimeraService.getServiceInterface callingPackage=com.google.android.gms componentName=AppsCorpus serviceId=36
06-28 23:30:07.710  1724  1750 I PackageManager.DexOptimizer: Running dexopt (dex2oat) on: /data/app/vmdl1278081068.tmp/base.apk pkg=org.shadowice.flocke.andotp isa=x86 vmSafeMode=false debuggable=false target-filter=interpret-only oatDir = /data/app/vmdl1278081068.tmp/oat sharedLibraries=null
06-28 23:30:07.724  8837  8837 W dex2oat : Unexpected CPU variant for X86 using defaults: x86
06-28 23:30:07.724  8837  8837 W dex2oat : Mismatch between dex2oat instruction set features (ISA: X86 Feature string: smp,-ssse3,-sse4.1,-sse4.2,-avx,-avx2,-lock_add,-popcnt) and those of dex2oat executable (ISA: X86 Feature string: smp,ssse3,-sse4.1,-sse4.2,-avx,-avx2,-lock_add,-popcnt) for the command line:
06-28 23:30:07.724  8837  8837 W dex2oat : /system/bin/dex2oat --zip-fd=6 --zip-location=base.apk --oat-fd=7 --oat-location=/data/app/vmdl1278081068.tmp/oat/x86/base.odex --instruction-set=x86 --instruction-set-variant=x86 --instruction-set-features=default --runtime-arg -Xms64m --runtime-arg -Xmx512m --compiler-filter=interpret-only --swap-fd=9
06-28 23:30:07.724  8837  8837 I dex2oat : /system/bin/dex2oat --compiler-filter=interpret-only
06-28 23:30:07.749  2202  3410 W Icing   : No valid account for uploading user actions
06-28 23:30:07.764  8842  8842 W art     : Unexpected CPU variant for X86 using defaults: x86
06-28 23:30:07.769  2202  3410 I Icing   : Usage reports ok 0, Failed Usage reports 0, indexed 0, rejected 0
06-28 23:30:07.770  1724  2966 I ActivityManager: Start proc 8842:com.android.externalstorage/u0a12 for content provider com.android.externalstorage/.ExternalStorageProvider
06-28 23:30:07.775  2202  3410 W Icing   : No valid account for uploading user actions
06-28 23:30:07.779  2202  2821 I Icing   : IndexChimeraService.getServiceInterface callingPackage=com.google.android.gms componentName=null serviceId=30
06-28 23:30:07.790  2202  3410 I Icing   : Usage reports ok 0, Failed Usage reports 0, indexed 0, rejected 0
06-28 23:30:07.793  8842  8842 W System  : ClassLoader referenced unknown path: /system/priv-app/ExternalStorageProvider/lib/x86
06-28 23:30:07.794  2509  8805 I UpdateIcingCorporaServi: UpdateCorporaTask done [took 215 ms] updated apps [took 215 ms] 
06-28 23:30:07.795  2202  3410 I Icing   : doRemovePackageData org.shadowice.flocke.andotp
06-28 23:30:07.798  2202  3410 W Icing   : No valid account for uploading user actions
06-28 23:30:07.806  8842  8842 D ExternalStorage: After updating volumes, found 3 active roots
06-28 23:30:07.822  2202  3410 I Icing   : Usage reports ok 0, Failed Usage reports 0, indexed 0, rejected 0
06-28 23:30:07.824  2202  3410 W Icing   : No valid account for uploading user actions
06-28 23:30:07.848  2202  3410 I Icing   : Usage reports ok 0, Failed Usage reports 0, indexed 0, rejected 0
06-28 23:30:07.850  2202  3410 I Icing   : Indexing com.google.android.googlequicksearchbox-applications_uri from com.google.android.googlequicksearchbox
06-28 23:30:07.862  2202  8824 W DriveInitializer: Awaiting to be initialized
06-28 23:30:07.868  8863  8863 W art     : Unexpected CPU variant for X86 using defaults: x86
06-28 23:30:07.873  2202  3410 I Icing   : Indexing com.google.android.gms-internal.3p:MobileApplication from com.google.android.gms
06-28 23:30:07.874  1724  4314 I ActivityManager: Start proc 8863:com.android.mtp/u0a10 for content provider com.android.mtp/.MtpDocumentsProvider
06-28 23:30:07.877  2202  3410 I Icing   : Indexing com.google.android.gms-apps from com.google.android.gms
06-28 23:30:07.884  2202  3410 I Icing   : Indexing done com.google.android.googlequicksearchbox-applications_uri
06-28 23:30:07.896  2202  4528 I ContentMaintenance: Internal cache bytes used: 0; limit: 40626585; download size: 0
06-28 23:30:07.900  2202  3410 I Icing   : Indexing done com.google.android.gms-internal.3p:MobileApplication
06-28 23:30:07.901  2202  3410 I Icing   : Indexing done com.google.android.gms-apps
06-28 23:30:07.907  8837  8837 W dex2oat : Before Android 4.1, method int android.support.v7.widget.ListViewCompat.lookForSelectablePosition(int, boolean) would have incorrectly overridden the package-private method in android.widget.ListView
06-28 23:30:07.912  8837  8876 W dex2oat : Before Android 4.1, method android.graphics.drawable.Drawable me.zhanghai.android.materialprogressbar.MaterialProgressBar.getCurrentDrawable() would have incorrectly overridden the package-private method in android.widget.ProgressBar
06-28 23:30:07.924  2202  4528 I RealtimeCacheCleanup: Beginning Realtime garbage collection.
06-28 23:30:07.934  8837  8878 W dex2oat : Before Android 4.1, method android.graphics.PorterDuffColorFilter android.support.graphics.drawable.VectorDrawableCompat.updateTintFilter(android.graphics.PorterDuffColorFilter, android.content.res.ColorStateList, android.graphics.PorterDuff$Mode) would have incorrectly overridden the package-private method in android.graphics.drawable.Drawable
06-28 23:30:07.935  2202  4528 I RealtimeCacheCleanup: Finished Realtime garbage collection.
06-28 23:30:07.943  2202  3410 I PinnedContentDownloader: Finished downloading pinned content.
06-28 23:30:07.947  1724  1736 D VoldConnector: SND -> {42 appfuse mount 10010 8863 MtpDocumentsProvider}
06-28 23:30:08.008  1724  1766 D VoldConnector: RCV <- {200 42 AppFuse command succeeded}
06-28 23:30:08.035  8892  8892 W art     : Unexpected CPU variant for X86 using defaults: x86
06-28 23:30:08.044  1724  2124 I ActivityManager: Start proc 8892:com.google.android.apps.docs/u0a41 for content provider com.google.android.apps.docs/.storagebackend.StorageBackendContentProvider
06-28 23:30:08.046  1724  2721 I ActivityManager: Killing 3373:com.google.android.dialer/u0a14 (adj 906): empty #17
06-28 23:30:08.053  8892  8892 W System  : ClassLoader referenced unknown path: /system/app/Drive/lib/x86
06-28 23:30:08.088  1724  2195 D ActivityManager: cleanUpApplicationRecord -- 3373
06-28 23:30:08.149  1724  2815 D VoldConnector: SND -> {43 volume mkdirs /storage/emulated/0/Android/data/com.google.android.apps.docs/cache/}
06-28 23:30:08.151  1724  1766 D VoldConnector: RCV <- {200 43 Command succeeded}
06-28 23:30:08.152  1724  1751 D VoldConnector: SND -> {44 volume mkdirs /storage/0908-1A06/Android/data/com.google.android.apps.docs/cache/}
06-28 23:30:08.162  1724  1766 D VoldConnector: RCV <- {200 44 Command succeeded}
06-28 23:30:08.190  8837  8837 I dex2oat : dex2oat took 466.442ms (threads: 4) arena alloc=3KB (3592B) java alloc=3MB (3238104B) native alloc=5MB (6070408B) free=2MB (2842488B)
06-28 23:30:08.212  8892  8892 E art     : The String#value field is not present on Android versions >= 6.0
06-28 23:30:08.231  1425  1425 D installd: Detected label change from u:object_r:system_data_file:s0 to u:object_r:app_data_file:s0:c512,c768 at /data/data/org.shadowice.flocke.andotp; running recursive restorecon
06-28 23:30:08.231  1425  1425 D installd: Detected label change from u:object_r:system_data_file:s0 to u:object_r:app_data_file:s0:c512,c768 at /data/user_de/0/org.shadowice.flocke.andotp; running recursive restorecon
06-28 23:30:08.232  1724  1750 I art     : Starting a blocking GC Explicit
06-28 23:30:08.244  1724  1750 I art     : Explicit concurrent mark sweep GC freed 19970(1224KB) AllocSpace objects, 7(140KB) LOS objects, 25% free, 11MB/15MB, paused 261us total 11.884ms
06-28 23:30:08.246  1425  1425 E         : Couldn't opendir /data/app/vmdl1278081068.tmp: No such file or directory
06-28 23:30:08.257  1724  1764 I InputReader: Reconfiguring input devices.  changes=0x00000010
06-28 23:30:08.271  2002  2002 D CarrierSvcBindHelper: No carrier app for: 0
06-28 23:30:08.272  2002  2002 D CarrierConfigLoader: mHandler: 9 phoneId: 0
06-28 23:30:08.280  1724  1737 W InputMethodInfo: Duplicated subtype definition found: , voice
06-28 23:30:08.287  1857  8828 W GCM     : Unexpected forwarded intent: Intent { act=android.intent.action.PACKAGE_ADDED dat=package:org.shadowice.flocke.andotp flg=0x4000010 cmp=com.google.android.gms/.chimera.PersistentIntentOperationService (has extras) }
06-28 23:30:08.288  1857  8828 W GCM     : Unexpected forwarded intent: Intent { act=android.intent.action.PACKAGE_ADDED dat=package:org.shadowice.flocke.andotp flg=0x4000010 cmp=com.google.android.gms/.chimera.PersistentIntentOperationService (has extras) }
06-28 23:30:08.288  2509  8914 I UpdateIcingCorporaServi: Updating corpora: APPS=org.shadowice.flocke.andotp, CONTACTS=MAYBE
06-28 23:30:08.297  2202  8822 I Auth    : [SupervisedAccountIntentOperation] onHandleIntent(): android.intent.action.PACKAGE_ADDED
06-28 23:30:08.298  2202  8830 I ChromeSync: [Sync,SyncIntentOperation] Handling the intent: Intent { act=android.intent.action.PACKAGE_ADDED dat=package:org.shadowice.flocke.andotp flg=0x4000010 cmp=com.google.android.gms/.chimera.GmsIntentOperationService (has extras) }.
06-28 23:30:08.298  2202  8832 I FontLog : Package org.shadowice.flocke.andotp has no metadata [CONTEXT service_id=132 ]
06-28 23:30:08.298  1724  4117 W ActivityManager: Unable to start service Intent { act=com.google.android.gms.auth.key.retrieval.service.START pkg=com.google.android.gms } U=0: not found
06-28 23:30:08.299  1724  2966 W ActivityManager: Unbind failed: could not find connection for android.os.BinderProxy@72c430d
06-28 23:30:08.299  2202  2612 E GmsClient: unable to connect to service: com.google.android.gms.auth.key.retrieval.service.START on com.google.android.gms
06-28 23:30:08.344  2202  8830 I ChromeSync: [Persistence,AffiliationManager] One of affiliation or grouping data for android://x9d7SSZVHswEF9nEds1RfqBGOMHG5vAn1-qYTl3G8NpgOzj7j6DT_p38YEkTzj02U7fjIpbYOGskwtpbM5k14A==@org.shadowice.flocke.andotp/ was not found. Marking affiliation data as stale...
06-28 23:30:08.350  2202  2821 I Icing   : IndexChimeraService.getServiceInterface callingPackage=com.google.android.googlequicksearchbox componentName=null serviceId=36
06-28 23:30:08.359  2202  8832 I ChimeraConfigurator: Starting update, reason: 4 urgentFeatures: pay:-1
06-28 23:30:08.368  2202  8832 E ConfigFileUtils: Failed to read config file: /data/user_de/0/com.google.android.gms/app_chimera/next_container.pb (No such file or directory)
06-28 23:30:08.371  2202  4528 W Icing   : No valid account for uploading user actions
06-28 23:30:08.377  2202  4528 I Icing   : Usage reports ok 0, Failed Usage reports 0, indexed 0, rejected 0
06-28 23:30:08.383  2202  8832 I ChmraDebugLogger: [73] 1801
06-28 23:30:08.386  2202  8832 I ChmraDebugLogger: [30] [Pay.optional:202414020000] permitMetered=true,
06-28 23:30:08.387  2509  8914 I UpdateIcingCorporaServi: UpdateCorporaTask done [took 99 ms] updated apps [took 99 ms] 
06-28 23:30:08.388  2202  8832 W ChimeraConfigService: Retry attempt was throttled.
06-28 23:30:08.388  2202  4528 I Icing   : Indexing com.google.android.googlequicksearchbox-applications_uri from com.google.android.googlequicksearchbox
06-28 23:30:08.399  8892  8924 I GAv4    : Google Analytics 11.9.10 is starting up. To enable debug logging on a device run:
06-28 23:30:08.399  8892  8924 I GAv4    :   adb shell setprop log.tag.GAv4 DEBUG
06-28 23:30:08.399  8892  8924 I GAv4    :   adb logcat -s GAv4
06-28 23:30:08.413  8892  8927 W GAv4    : CampaignTrackingReceiver is not registered, not exported or is disabled. Installation campaign tracking is not possible. See http://goo.gl/8Rd3yj for instructions.
06-28 23:30:08.429  8892  8924 W TaskScheduler0-CoreComponentFactoryImpl: RetainedComponent will not be retained if  eec does not inherit FragmentActivity and fulfill lfi contract.
06-28 23:30:08.433  2202  4528 I Icing   : Indexing done com.google.android.googlequicksearchbox-applications_uri
06-28 23:30:08.434  8892  8892 W main-FieldDefinition: Ignoring isIndexed constraint as field also has uniqueness constraint (on just this field, and therefore SQLite will have to create an index on that. For field: com.google.android.apps.docs.database.common.FieldDefinition$a@aa595ae
06-28 23:30:08.434  2202  4528 I Icing   : Indexing com.google.android.gms-apps from com.google.android.gms
06-28 23:30:08.445  2202  4528 I Icing   : Indexing com.google.android.gms-internal.3p:MobileApplication from com.google.android.gms
06-28 23:30:08.449  2202  4528 I Icing   : Indexing done com.google.android.gms-apps
06-28 23:30:08.450  2202  4528 I Icing   : Indexing done com.google.android.gms-internal.3p:MobileApplication
06-28 23:30:08.461  8915  8915 D AndroidRuntime: >>>>>> START com.android.internal.os.RuntimeInit uid 2000 <<<<<<
06-28 23:30:08.462  8915  8915 D AndroidRuntime: CheckJNI is ON
06-28 23:30:08.474  8892  8930 W Open database in background-DatabaseHelper: Creating a new database at version 227 for /data/user/0/com.google.android.apps.docs/databases/DocList.db
06-28 23:30:08.494  8915  8915 W art     : Unexpected CPU variant for X86 using defaults: x86
06-28 23:30:08.496  8915  8915 D ICU     : No timezone override file found: /data/misc/zoneinfo/current/icu/icu_tzdata.dat
06-28 23:30:08.508  8915  8915 E memtrack: Couldn't load memtrack module (No such file or directory)
06-28 23:30:08.508  8915  8915 E android.os.Debug: failed to load memtrack module: -2
06-28 23:30:08.509  8915  8915 I Radio-JNI: register_android_hardware_Radio DONE
06-28 23:30:08.513  8915  8915 D AndroidRuntime: Calling main entry com.android.commands.monkey.Monkey
06-28 23:30:08.541  1857  4191 I aoqb    : Removed 0 invalid users [CONTEXT service_id=51 ]
06-28 23:30:08.552  1724  1738 W BroadcastQueue: Skipping deliver [background] BroadcastRecord{5700ba5 u-1 android.net.conn.CONNECTIVITY_CHANGE} to ReceiverList{adf6b7a 8915 (unknown name)/2000/u-1 remote:48e810f}: process crashing
06-28 23:30:08.558  1724  1751 I ActivityManager: START u0 {act=android.intent.action.MAIN cat=[android.intent.category.LAUNCHER] flg=0x10200000 cmp=org.shadowice.flocke.andotp/.Activities.MainActivity} from uid 2000 on display 0
06-28 23:30:08.568  8947  8947 W art     : Unexpected CPU variant for X86 using defaults: x86
06-28 23:30:08.575  1724  2721 I ActivityManager: Start proc 8947:org.shadowice.flocke.andotp/u0a85 for activity org.shadowice.flocke.andotp/.Activities.MainActivity
06-28 23:30:08.582  8915  8915 I art     : System.exit called, status: 0
06-28 23:30:08.582  8915  8915 I AndroidRuntime: VM exiting with result code 0.
06-28 23:30:08.600  1349  1376 D gralloc_ranchu: gralloc_alloc: Creating ashmem region of size 8294400
06-28 23:30:08.604  8947  8947 W System  : ClassLoader referenced unknown path: /data/app/org.shadowice.flocke.andotp-1/lib/x86
06-28 23:30:08.622  8947  8947 W art     : Before Android 4.1, method android.graphics.PorterDuffColorFilter android.support.graphics.drawable.VectorDrawableCompat.updateTintFilter(android.graphics.PorterDuffColorFilter, android.content.res.ColorStateList, android.graphics.PorterDuff$Mode) would have incorrectly overridden the package-private method in android.graphics.drawable.Drawable
06-28 23:30:08.635  8947  8947 W art     : Before Android 4.1, method android.graphics.drawable.Drawable me.zhanghai.android.materialprogressbar.MaterialProgressBar.getCurrentDrawable() would have incorrectly overridden the package-private method in android.widget.ProgressBar
06-28 23:30:08.640  8947  8947 I ViewConfigCompat: Could not find method getScaledScrollFactor() on ViewConfiguration
06-28 23:30:08.662  2509  2719 D EGL_emulation: eglMakeCurrent: 0xad3053c0: ver 3 0 (tinfo 0xad303360)
06-28 23:30:08.663  2569  2640 D EGL_emulation: eglMakeCurrent: 0xa9605160: ver 3 0 (tinfo 0x9d999ea0)
06-28 23:30:08.668  2509  2509 W SearchService: Abort, client detached.
06-28 23:30:09.035  1857  4191 I PackageUpdateTaskChimer: Scheduling Phenotype config package catchup updates to be 86400 seconds from now (1656473409035) [CONTEXT service_id=51 ]
06-28 23:30:09.040  1857  4191 I aopq    : Scheduling Phenotype for a PhenotypeSyncImmediately(13, com.google.apps.drive.android) one off with window [1, 2] in seconds [CONTEXT service_id=51 ]
06-28 23:30:09.042  8968  8968 W art     : Unexpected CPU variant for X86 using defaults: x86
06-28 23:30:09.050  1724  2124 I ActivityManager: Start proc 8968:com.google.android.gms.ui/u0a13 for service com.google.android.gms/.chimera.UiIntentOperationService
06-28 23:30:09.072  8968  8968 W System  : ClassLoader referenced unknown path: /system/priv-app/PrebuiltGmsCore/lib/x86
06-28 23:30:09.114  1857  8828 I Auth    : [AuthManaged,PasswordComplexityHelperImpl] Updating password complexity components state.
06-28 23:30:09.114  1857  8828 I Auth    : [AuthManaged,PasswordComplexityHelperImpl] Enabling com.google.android.gms.auth.managed.ui.SetNewPasswordActivity
06-28 23:30:09.164  1349  2197 E SurfaceFlinger: ro.sf.lcd_density must be defined as a build property
06-28 23:30:09.165  2202  8832 I ChromeSync: [Sync,SyncIntentOperation] Handling the intent: Intent { act=com.google.android.gms.phenotype.COMMITTED flg=0x10 pkg=com.google.android.gms cmp=com.google.android.gms/.chimera.GmsIntentOperationService (has extras) }.
