06-28 23:25:45.912  7283  7283 I Input   : injectMotionEvent: MotionEvent { action=ACTION_MOVE, actionButton=0, id[0]=0, x[0]=784.0, y[0]=136.0, toolType[0]=TOOL_TYPE_UNKNOWN, buttonState=0, metaState=0, flags=0x0, edgeFlags=0x0, pointerCount=1, historySize=0, eventTime=570584, downTime=570584, deviceId=0, source=0x1002 }
06-28 23:25:45.931  7283  7283 I Input   : injectMotionEvent: MotionEvent { action=ACTION_MOVE, actionButton=0, id[0]=0, x[0]=784.0, y[0]=136.0, toolType[0]=TOOL_TYPE_UNKNOWN, buttonState=0, metaState=0, flags=0x0, edgeFlags=0x0, pointerCount=1, historySize=0, eventTime=570603, downTime=570603, deviceId=0, source=0x1002 }
06-28 23:25:45.944  7283  7283 I Input   : injectMotionEvent: MotionEvent { action=ACTION_MOVE, actionButton=0, id[0]=0, x[0]=784.0, y[0]=136.0, toolType[0]=TOOL_TYPE_UNKNOWN, buttonState=0, metaState=0, flags=0x0, edgeFlags=0x0, pointerCount=1, historySize=0, eventTime=570617, downTime=570617, deviceId=0, source=0x1002 }
06-28 23:25:45.961  7283  7283 I Input   : injectMotionEvent: MotionEvent { action=ACTION_MOVE, actionButton=0, id[0]=0, x[0]=784.0, y[0]=136.0, toolType[0]=TOOL_TYPE_UNKNOWN, buttonState=0, metaState=0, flags=0x0, edgeFlags=0x0, pointerCount=1, historySize=0, eventTime=570634, downTime=570634, deviceId=0, source=0x1002 }
06-28 23:25:45.981  7283  7283 I Input   : injectMotionEvent: MotionEvent { action=ACTION_MOVE, actionButton=0, id[0]=0, x[0]=784.0, y[0]=136.0, toolType[0]=TOOL_TYPE_UNKNOWN, buttonState=0, metaState=0, flags=0x0, edgeFlags=0x0, pointerCount=1, historySize=0, eventTime=570653, downTime=570653, deviceId=0, source=0x1002 }
06-28 23:25:45.995  7283  7283 I Input   : injectMotionEvent: MotionEvent { action=ACTION_MOVE, actionButton=0, id[0]=0, x[0]=784.0, y[0]=136.0, toolType[0]=TOOL_TYPE_UNKNOWN, buttonState=0, metaState=0, flags=0x0, edgeFlags=0x0, pointerCount=1, historySize=0, eventTime=570668, downTime=570668, deviceId=0, source=0x1002 }
06-28 23:25:46.013  7283  7283 I Input   : injectMotionEvent: MotionEvent { action=ACTION_MOVE, actionButton=0, id[0]=0, x[0]=784.0, y[0]=136.0, toolType[0]=TOOL_TYPE_UNKNOWN, buttonState=0, metaState=0, flags=0x0, edgeFlags=0x0, pointerCount=1, historySize=0, eventTime=570685, downTime=570685, deviceId=0, source=0x1002 }
06-28 23:25:46.031  7283  7283 I Input   : injectMotionEvent: MotionEvent { action=ACTION_MOVE, actionButton=0, id[0]=0, x[0]=784.0, y[0]=136.0, toolType[0]=TOOL_TYPE_UNKNOWN, buttonState=0, metaState=0, flags=0x0, edgeFlags=0x0, pointerCount=1, historySize=0, eventTime=570702, downTime=570702, deviceId=0, source=0x1002 }
06-28 23:25:46.046  7283  7283 I Input   : injectMotionEvent: MotionEvent { action=ACTION_MOVE, actionButton=0, id[0]=0, x[0]=784.0, y[0]=136.0, toolType[0]=TOOL_TYPE_UNKNOWN, buttonState=0, metaState=0, flags=0x0, edgeFlags=0x0, pointerCount=1, historySize=0, eventTime=570718, downTime=570718, deviceId=0, source=0x1002 }
06-28 23:25:46.062  7283  7283 I Input   : injectMotionEvent: MotionEvent { action=ACTION_MOVE, actionButton=0, id[0]=0, x[0]=784.0, y[0]=136.0, toolType[0]=TOOL_TYPE_UNKNOWN, buttonState=0, metaState=0, flags=0x0, edgeFlags=0x0, pointerCount=1, historySize=0, eventTime=570735, downTime=570735, deviceId=0, source=0x1002 }
06-28 23:25:46.081  7283  7283 I Input   : injectMotionEvent: MotionEvent { action=ACTION_MOVE, actionButton=0, id[0]=0, x[0]=784.0, y[0]=136.0, toolType[0]=TOOL_TYPE_UNKNOWN, buttonState=0, metaState=0, flags=0x0, edgeFlags=0x0, pointerCount=1, historySize=0, eventTime=570753, downTime=570753, deviceId=0, source=0x1002 }
06-28 23:25:46.097  7283  7283 I Input   : injectMotionEvent: MotionEvent { action=ACTION_MOVE, actionButton=0, id[0]=0, x[0]=784.0, y[0]=136.0, toolType[0]=TOOL_TYPE_UNKNOWN, buttonState=0, metaState=0, flags=0x0, edgeFlags=0x0, pointerCount=1, historySize=0, eventTime=570769, downTime=570769, deviceId=0, source=0x1002 }
06-28 23:25:46.113  7283  7283 I Input   : injectMotionEvent: MotionEvent { action=ACTION_MOVE, actionButton=0, id[0]=0, x[0]=784.0, y[0]=136.0, toolType[0]=TOOL_TYPE_UNKNOWN, buttonState=0, metaState=0, flags=0x0, edgeFlags=0x0, pointerCount=1, historySize=0, eventTime=570785, downTime=570785, deviceId=0, source=0x1002 }
06-28 23:25:46.130  7283  7283 I Input   : injectMotionEvent: MotionEvent { action=ACTION_MOVE, actionButton=0, id[0]=0, x[0]=784.0, y[0]=136.0, toolType[0]=TOOL_TYPE_UNKNOWN, buttonState=0, metaState=0, flags=0x0, edgeFlags=0x0, pointerCount=1, historySize=0, eventTime=570802, downTime=570802, deviceId=0, source=0x1002 }
06-28 23:25:46.147  7283  7283 I Input   : injectMotionEvent: MotionEvent { action=ACTION_MOVE, actionButton=0, id[0]=0, x[0]=784.0, y[0]=136.0, toolType[0]=TOOL_TYPE_UNKNOWN, buttonState=0, metaState=0, flags=0x0, edgeFlags=0x0, pointerCount=1, historySize=0, eventTime=570819, downTime=570819, deviceId=0, source=0x1002 }
06-28 23:25:46.161  7283  7283 I Input   : injectMotionEvent: MotionEvent { action=ACTION_MOVE, actionButton=0, id[0]=0, x[0]=784.0, y[0]=136.0, toolType[0]=TOOL_TYPE_UNKNOWN, buttonState=0, metaState=0, flags=0x0, edgeFlags=0x0, pointerCount=1, historySize=0, eventTime=570834, downTime=570834, deviceId=0, source=0x1002 }
06-28 23:25:46.179  7283  7283 I Input   : injectMotionEvent: MotionEvent { action=ACTION_MOVE, actionButton=0, id[0]=0, x[0]=784.0, y[0]=136.0, toolType[0]=TOOL_TYPE_UNKNOWN, buttonState=0, metaState=0, flags=0x0, edgeFlags=0x0, pointerCount=1, historySize=0, eventTime=570851, downTime=570851, deviceId=0, source=0x1002 }
06-28 23:25:46.195  7283  7283 I Input   : injectMotionEvent: MotionEvent { action=ACTION_MOVE, actionButton=0, id[0]=0, x[0]=784.0, y[0]=136.0, toolType[0]=TOOL_TYPE_UNKNOWN, buttonState=0, metaState=0, flags=0x0, edgeFlags=0x0, pointerCount=1, historySize=0, eventTime=570868, downTime=570868, deviceId=0, source=0x1002 }
06-28 23:25:46.212  7283  7283 I Input   : injectMotionEvent: MotionEvent { action=ACTION_MOVE, actionButton=0, id[0]=0, x[0]=784.0, y[0]=136.0, toolType[0]=TOOL_TYPE_UNKNOWN, buttonState=0, metaState=0, flags=0x0, edgeFlags=0x0, pointerCount=1, historySize=0, eventTime=570884, downTime=570884, deviceId=0, source=0x1002 }
06-28 23:25:46.231  7283  7283 I Input   : injectMotionEvent: MotionEvent { action=ACTION_MOVE, actionButton=0, id[0]=0, x[0]=784.0, y[0]=136.0, toolType[0]=TOOL_TYPE_UNKNOWN, buttonState=0, metaState=0, flags=0x0, edgeFlags=0x0, pointerCount=1, historySize=0, eventTime=570904, downTime=570904, deviceId=0, source=0x1002 }
06-28 23:25:46.245  7283  7283 I Input   : injectMotionEvent: MotionEvent { action=ACTION_MOVE, actionButton=0, id[0]=0, x[0]=784.0, y[0]=136.0, toolType[0]=TOOL_TYPE_UNKNOWN, buttonState=0, metaState=0, flags=0x0, edgeFlags=0x0, pointerCount=1, historySize=0, eventTime=570917, downTime=570917, deviceId=0, source=0x1002 }
06-28 23:25:46.262  7283  7283 I Input   : injectMotionEvent: MotionEvent { action=ACTION_MOVE, actionButton=0, id[0]=0, x[0]=784.0, y[0]=136.0, toolType[0]=TOOL_TYPE_UNKNOWN, buttonState=0, metaState=0, flags=0x0, edgeFlags=0x0, pointerCount=1, historySize=0, eventTime=570934, downTime=570934, deviceId=0, source=0x1002 }
06-28 23:25:46.281  7283  7283 I Input   : injectMotionEvent: MotionEvent { action=ACTION_MOVE, actionButton=0, id[0]=0, x[0]=784.0, y[0]=136.0, toolType[0]=TOOL_TYPE_UNKNOWN, buttonState=0, metaState=0, flags=0x0, edgeFlags=0x0, pointerCount=1, historySize=0, eventTime=570954, downTime=570954, deviceId=0, source=0x1002 }
06-28 23:25:46.296  7283  7283 I Input   : injectMotionEvent: MotionEvent { action=ACTION_MOVE, actionButton=0, id[0]=0, x[0]=784.0, y[0]=136.0, toolType[0]=TOOL_TYPE_UNKNOWN, buttonState=0, metaState=0, flags=0x0, edgeFlags=0x0, pointerCount=1, historySize=0, eventTime=570969, downTime=570969, deviceId=0, source=0x1002 }
06-28 23:25:46.312  7283  7283 I Input   : injectMotionEvent: MotionEvent { action=ACTION_UP, actionButton=0, id[0]=0, x[0]=784.0, y[0]=136.0, toolType[0]=TOOL_TYPE_UNKNOWN, buttonState=0, metaState=0, flags=0x0, edgeFlags=0x0, pointerCount=1, historySize=0, eventTime=570985, downTime=570985, deviceId=0, source=0x1002 }
06-28 23:25:46.315  7283  7283 D AndroidRuntime: Shutting down VM
06-28 23:25:50.134  7306  7306 D AndroidRuntime: >>>>>> START com.android.internal.os.RuntimeInit uid 2000 <<<<<<
06-28 23:25:50.135  7306  7306 D AndroidRuntime: CheckJNI is ON
06-28 23:25:50.157  7306  7306 W art     : Unexpected CPU variant for X86 using defaults: x86
06-28 23:25:50.160  7306  7306 D ICU     : No timezone override file found: /data/local/tmp/misc/zoneinfo/current/icu/icu_tzdata.dat
06-28 23:25:50.173  7306  7306 E memtrack: Couldn't load memtrack module (No such file or directory)
06-28 23:25:50.173  7306  7306 E android.os.Debug: failed to load memtrack module: -2
06-28 23:25:50.173  7306  7306 I Radio-JNI: register_android_hardware_Radio DONE
06-28 23:25:50.177  7306  7306 D AndroidRuntime: Calling main entry com.android.commands.uiautomator.Launcher
06-28 23:25:51.197  7306  7306 W AccessibilityNodeInfoDumper: Fetch time: 3ms
06-28 23:25:51.197  1724  4313 W WindowManager: Attempted to remove non-existing token: android.os.Binder@bb91ea7
06-28 23:25:51.200  7306  7306 D AndroidRuntime: Shutting down VM
06-28 23:25:52.039  7332  7332 D AndroidRuntime: >>>>>> START com.android.internal.os.RuntimeInit uid 2000 <<<<<<
06-28 23:25:52.040  7332  7332 D AndroidRuntime: CheckJNI is ON
06-28 23:25:52.064  7332  7332 W art     : Unexpected CPU variant for X86 using defaults: x86
06-28 23:25:52.066  7332  7332 D ICU     : No timezone override file found: /data/local/tmp/misc/zoneinfo/current/icu/icu_tzdata.dat
06-28 23:25:52.079  7332  7332 E memtrack: Couldn't load memtrack module (No such file or directory)
06-28 23:25:52.079  7332  7332 E android.os.Debug: failed to load memtrack module: -2
06-28 23:25:52.079  7332  7332 I Radio-JNI: register_android_hardware_Radio DONE
06-28 23:25:52.084  7332  7332 D AndroidRuntime: Calling main entry com.android.commands.uiautomator.Launcher
06-28 23:25:53.104  7332  7332 W AccessibilityNodeInfoDumper: Fetch time: 2ms
06-28 23:25:53.105  1724  2450 W WindowManager: Attempted to remove non-existing token: android.os.Binder@2e81efd
06-28 23:25:53.107  7332  7332 D AndroidRuntime: Shutting down VM
06-28 23:25:53.356  7350  7350 D AndroidRuntime: >>>>>> START com.android.internal.os.RuntimeInit uid 2000 <<<<<<
06-28 23:25:53.357  7350  7350 D AndroidRuntime: CheckJNI is ON
06-28 23:25:53.378  7350  7350 W art     : Unexpected CPU variant for X86 using defaults: x86
06-28 23:25:53.383  7350  7350 D ICU     : No timezone override file found: /data/local/tmp/misc/zoneinfo/current/icu/icu_tzdata.dat
06-28 23:25:53.395  7350  7350 E memtrack: Couldn't load memtrack module (No such file or directory)
06-28 23:25:53.395  7350  7350 E android.os.Debug: failed to load memtrack module: -2
06-28 23:25:53.395  7350  7350 I Radio-JNI: register_android_hardware_Radio DONE
06-28 23:25:53.401  7350  7350 D AndroidRuntime: Calling main entry com.android.commands.uiautomator.Launcher
06-28 23:25:54.422  7350  7350 W AccessibilityNodeInfoDumper: Fetch time: 2ms
06-28 23:25:54.422  1724  2195 W WindowManager: Attempted to remove non-existing token: android.os.Binder@f1cadf9
06-28 23:25:54.424  7350  7350 D AndroidRuntime: Shutting down VM
06-28 23:25:55.189  1857  2577 I NetworkScheduler.Stats: Task com.google.android.gms/com.google.android.gms.auth.account.be.legacy.AuthCronService started execution. cause:4 exec_start_elapsed_seconds: 579 [CONTEXT service_id=218 ]
06-28 23:25:55.266  7376  7376 D AndroidRuntime: >>>>>> START com.android.internal.os.RuntimeInit uid 2000 <<<<<<
06-28 23:25:55.268  7376  7376 D AndroidRuntime: CheckJNI is ON
06-28 23:25:55.290  7376  7376 W art     : Unexpected CPU variant for X86 using defaults: x86
06-28 23:25:55.293  7376  7376 D ICU     : No timezone override file found: /data/local/tmp/misc/zoneinfo/current/icu/icu_tzdata.dat
06-28 23:25:55.308  7376  7376 E memtrack: Couldn't load memtrack module (No such file or directory)
06-28 23:25:55.309  7376  7376 E android.os.Debug: failed to load memtrack module: -2
06-28 23:25:55.309  7376  7376 I Radio-JNI: register_android_hardware_Radio DONE
06-28 23:25:55.314  7376  7376 D AndroidRuntime: Calling main entry com.android.commands.uiautomator.Launcher
06-28 23:25:55.333  1857  4191 W Conscrypt: Could not set socket write timeout: java.net.SocketException: Socket closed
06-28 23:25:55.333  1857  4191 W Conscrypt: 	at com.google.android.gms.org.conscrypt.Platform.setSocketWriteTimeout(:com.google.android.gms@202414022@20.24.14 (040700-319035315):2)
06-28 23:25:55.333  1857  4191 W Conscrypt: 	at com.google.android.gms.org.conscrypt.ConscryptFileDescriptorSocket.setSoWriteTimeout(:com.google.android.gms@202414022@20.24.14 (040700-319035315):0)
06-28 23:25:55.354  1857  4191 W Conscrypt: Could not set socket write timeout: java.net.SocketException: Socket closed
06-28 23:25:55.354  1857  4191 W Conscrypt: 	at com.google.android.gms.org.conscrypt.Platform.setSocketWriteTimeout(:com.google.android.gms@202414022@20.24.14 (040700-319035315):2)
06-28 23:25:55.355  1857  4191 W Conscrypt: 	at com.google.android.gms.org.conscrypt.ConscryptFileDescriptorSocket.setSoWriteTimeout(:com.google.android.gms@202414022@20.24.14 (040700-319035315):0)
06-28 23:25:55.392  1857  4191 W GLSUser : [AppCertManager] IOException while requesting key: 
06-28 23:25:55.392  1857  4191 W GLSUser : java.io.IOException: Invalid device key response.
06-28 23:25:55.392  1857  4191 W GLSUser : 	at hwy.a(:com.google.android.gms@202414022@20.24.14 (040700-319035315):49)
06-28 23:25:55.392  1857  4191 W GLSUser : 	at hww.a(:com.google.android.gms@202414022@20.24.14 (040700-319035315):45)
06-28 23:25:55.392  1857  4191 W GLSUser : 	at hwr.a(:com.google.android.gms@202414022@20.24.14 (040700-319035315):0)
06-28 23:25:55.392  1857  4191 W GLSUser : 	at hwu.a(:com.google.android.gms@202414022@20.24.14 (040700-319035315):10)
06-28 23:25:55.392  1857  4191 W GLSUser : 	at gbi.call(:com.google.android.gms@202414022@20.24.14 (040700-319035315):0)
06-28 23:25:55.392  1857  4191 W GLSUser : 	at java.util.concurrent.FutureTask.run(FutureTask.java:237)
06-28 23:25:55.392  1857  4191 W GLSUser : 	at soy.b(:com.google.android.gms@202414022@20.24.14 (040700-319035315):12)
06-28 23:25:55.392  1857  4191 W GLSUser : 	at soy.run(:com.google.android.gms@202414022@20.24.14 (040700-319035315):7)
06-28 23:25:55.392  1857  4191 W GLSUser : 	at java.util.concurrent.ThreadPoolExecutor.runWorker(ThreadPoolExecutor.java:1133)
06-28 23:25:55.392  1857  4191 W GLSUser : 	at java.util.concurrent.ThreadPoolExecutor$Worker.run(ThreadPoolExecutor.java:607)
06-28 23:25:55.392  1857  4191 W GLSUser : 	at sux.run(:com.google.android.gms@202414022@20.24.14 (040700-319035315):0)
06-28 23:25:55.392  1857  4191 W GLSUser : 	at java.lang.Thread.run(Thread.java:761)
06-28 23:25:55.395  1857  2577 I NetworkScheduler.Stats: Task com.google.android.gms/com.google.android.gms.auth.account.be.legacy.AuthCronService finished executing. cause:4 result: 3 elapsed_millis: 225 uptime_millis: 225 exec_start_elapsed_seconds: 579 [CONTEXT service_id=218 ]
06-28 23:25:56.333  7376  7376 W AccessibilityNodeInfoDumper: Fetch time: 3ms
06-28 23:25:56.333  1724  2195 W WindowManager: Attempted to remove non-existing token: android.os.Binder@71bfe33
06-28 23:25:56.337  7376  7376 D AndroidRuntime: Shutting down VM
06-28 23:25:57.253  7412  7412 D AndroidRuntime: >>>>>> START com.android.internal.os.RuntimeInit uid 2000 <<<<<<
06-28 23:25:57.255  7412  7412 D AndroidRuntime: CheckJNI is ON
06-28 23:25:57.275  7412  7412 W art     : Unexpected CPU variant for X86 using defaults: x86
06-28 23:25:57.278  7412  7412 D ICU     : No timezone override file found: /data/local/tmp/misc/zoneinfo/current/icu/icu_tzdata.dat
06-28 23:25:57.291  7412  7412 E memtrack: Couldn't load memtrack module (No such file or directory)
06-28 23:25:57.291  7412  7412 E android.os.Debug: failed to load memtrack module: -2
06-28 23:25:57.292  7412  7412 I Radio-JNI: register_android_hardware_Radio DONE
06-28 23:25:57.299  7412  7412 D AndroidRuntime: Calling main entry com.android.commands.uiautomator.Launcher
06-28 23:25:58.319  7412  7412 W AccessibilityNodeInfoDumper: Fetch time: 3ms
06-28 23:25:58.320  1724  1736 W WindowManager: Attempted to remove non-existing token: android.os.Binder@7880769
06-28 23:25:58.322  7412  7412 D AndroidRuntime: Shutting down VM
06-28 23:25:58.362  1857  4316 E WakeLock: GCM_HB_ALARM release without a matched acquire!
06-28 23:25:58.435  1349  1363 E SurfaceFlinger: ro.sf.lcd_density must be defined as a build property
06-28 23:25:58.436  1349  1349 W SurfaceFlinger: FB is protected: PERMISSION_DENIED
06-28 23:26:00.520  1349  1364 E SurfaceFlinger: ro.sf.lcd_density must be defined as a build property
06-28 23:26:00.520  1349  1349 W SurfaceFlinger: FB is protected: PERMISSION_DENIED
06-28 23:26:02.589  1349  1364 E SurfaceFlinger: ro.sf.lcd_density must be defined as a build property
06-28 23:26:02.589  1349  1349 W SurfaceFlinger: FB is protected: PERMISSION_DENIED
06-28 23:26:04.660  1349  2134 E SurfaceFlinger: ro.sf.lcd_density must be defined as a build property
06-28 23:26:04.662  1349  1349 W SurfaceFlinger: FB is protected: PERMISSION_DENIED
06-28 23:26:06.731  1349  1364 E SurfaceFlinger: ro.sf.lcd_density must be defined as a build property
06-28 23:26:06.734  1349  1349 W SurfaceFlinger: FB is protected: PERMISSION_DENIED
06-28 23:26:08.803  1349  1376 E SurfaceFlinger: ro.sf.lcd_density must be defined as a build property
06-28 23:26:08.803  1349  1349 W SurfaceFlinger: FB is protected: PERMISSION_DENIED
06-28 23:26:10.874  1349  2134 E SurfaceFlinger: ro.sf.lcd_density must be defined as a build property
06-28 23:26:10.875  1349  1349 W SurfaceFlinger: FB is protected: PERMISSION_DENIED
06-28 23:26:12.943  1349  1364 E SurfaceFlinger: ro.sf.lcd_density must be defined as a build property
06-28 23:26:12.944  1349  1349 W SurfaceFlinger: FB is protected: PERMISSION_DENIED
06-28 23:26:15.016  1349  2197 E SurfaceFlinger: ro.sf.lcd_density must be defined as a build property
06-28 23:26:15.017  1349  1349 W SurfaceFlinger: FB is protected: PERMISSION_DENIED
06-28 23:26:17.086  1349  2197 E SurfaceFlinger: ro.sf.lcd_density must be defined as a build property
06-28 23:26:17.087  1349  1349 W SurfaceFlinger: FB is protected: PERMISSION_DENIED
06-28 23:26:19.155  1349  1364 E SurfaceFlinger: ro.sf.lcd_density must be defined as a build property
06-28 23:26:19.156  1349  1349 W SurfaceFlinger: FB is protected: PERMISSION_DENIED
06-28 23:26:21.242  1349  1364 E SurfaceFlinger: ro.sf.lcd_density must be defined as a build property
06-28 23:26:21.243  1349  1349 W SurfaceFlinger: FB is protected: PERMISSION_DENIED
06-28 23:26:23.327  1349  1363 E SurfaceFlinger: ro.sf.lcd_density must be defined as a build property
06-28 23:26:23.329  1349  1349 W SurfaceFlinger: FB is protected: PERMISSION_DENIED
06-28 23:26:25.401  1349  2134 E SurfaceFlinger: ro.sf.lcd_density must be defined as a build property
06-28 23:26:25.402  1349  1349 W SurfaceFlinger: FB is protected: PERMISSION_DENIED
06-28 23:26:27.472  1349  2197 E SurfaceFlinger: ro.sf.lcd_density must be defined as a build property
06-28 23:26:27.473  1349  1349 W SurfaceFlinger: FB is protected: PERMISSION_DENIED
06-28 23:26:29.553  1349  1376 E SurfaceFlinger: ro.sf.lcd_density must be defined as a build property
06-28 23:26:29.553  1349  1349 W SurfaceFlinger: FB is protected: PERMISSION_DENIED
06-28 23:26:31.635  1349  1363 E SurfaceFlinger: ro.sf.lcd_density must be defined as a build property
06-28 23:26:31.636  1349  1349 W SurfaceFlinger: FB is protected: PERMISSION_DENIED
06-28 23:26:33.703  1349  1376 E SurfaceFlinger: ro.sf.lcd_density must be defined as a build property
06-28 23:26:33.704  1349  1349 W SurfaceFlinger: FB is protected: PERMISSION_DENIED
06-28 23:26:35.776  1349  2197 E SurfaceFlinger: ro.sf.lcd_density must be defined as a build property
06-28 23:26:35.778  1349  1349 W SurfaceFlinger: FB is protected: PERMISSION_DENIED
06-28 23:26:37.849  1349  1364 E SurfaceFlinger: ro.sf.lcd_density must be defined as a build property
06-28 23:26:37.850  1349  1349 W SurfaceFlinger: FB is protected: PERMISSION_DENIED
06-28 23:26:40.067  7531  7531 D AndroidRuntime: >>>>>> START com.android.internal.os.RuntimeInit uid 2000 <<<<<<
06-28 23:26:40.069  7531  7531 D AndroidRuntime: CheckJNI is ON
06-28 23:26:40.108  7531  7531 W art     : Unexpected CPU variant for X86 using defaults: x86
06-28 23:26:40.112  7531  7531 D ICU     : No timezone override file found: /data/local/tmp/misc/zoneinfo/current/icu/icu_tzdata.dat
06-28 23:26:40.129  7531  7531 E memtrack: Couldn't load memtrack module (No such file or directory)
06-28 23:26:40.129  7531  7531 E android.os.Debug: failed to load memtrack module: -2
06-28 23:26:40.131  7531  7531 I Radio-JNI: register_android_hardware_Radio DONE
06-28 23:26:40.136  7531  7531 D AndroidRuntime: Calling main entry com.android.commands.uiautomator.Launcher
06-28 23:26:41.156  7531  7531 W AccessibilityNodeInfoDumper: Fetch time: 3ms
06-28 23:26:41.157  1724  1735 W WindowManager: Attempted to remove non-existing token: android.os.Binder@de7811c
06-28 23:26:41.162  7531  7531 D AndroidRuntime: Shutting down VM
06-28 23:26:43.404  7548  7548 D AndroidRuntime: >>>>>> START com.android.internal.os.RuntimeInit uid 2000 <<<<<<
06-28 23:26:43.405  7548  7548 D AndroidRuntime: CheckJNI is ON
06-28 23:26:43.428  7548  7548 W art     : Unexpected CPU variant for X86 using defaults: x86
06-28 23:26:43.432  7548  7548 D ICU     : No timezone override file found: /data/local/tmp/misc/zoneinfo/current/icu/icu_tzdata.dat
06-28 23:26:43.444  7548  7548 E memtrack: Couldn't load memtrack module (No such file or directory)
06-28 23:26:43.444  7548  7548 E android.os.Debug: failed to load memtrack module: -2
06-28 23:26:43.444  7548  7548 I Radio-JNI: register_android_hardware_Radio DONE
06-28 23:26:43.449  7548  7548 D AndroidRuntime: Calling main entry com.android.commands.uiautomator.Launcher
06-28 23:26:44.470  7548  7548 W AccessibilityNodeInfoDumper: Fetch time: 4ms
06-28 23:26:44.470  1724  4314 W WindowManager: Attempted to remove non-existing token: android.os.Binder@732e2fa
06-28 23:26:44.473  7548  7548 D AndroidRuntime: Shutting down VM
06-28 23:26:44.739  7565  7565 D AndroidRuntime: >>>>>> START com.android.internal.os.RuntimeInit uid 2000 <<<<<<
06-28 23:26:44.740  7565  7565 D AndroidRuntime: CheckJNI is ON
06-28 23:26:44.766  7565  7565 W art     : Unexpected CPU variant for X86 using defaults: x86
06-28 23:26:44.769  7565  7565 D ICU     : No timezone override file found: /data/local/tmp/misc/zoneinfo/current/icu/icu_tzdata.dat
06-28 23:26:44.784  7565  7565 E memtrack: Couldn't load memtrack module (No such file or directory)
06-28 23:26:44.784  7565  7565 E android.os.Debug: failed to load memtrack module: -2
06-28 23:26:44.785  7565  7565 I Radio-JNI: register_android_hardware_Radio DONE
06-28 23:26:44.789  7565  7565 D AndroidRuntime: Calling main entry com.android.commands.uiautomator.Launcher
06-28 23:26:45.808  7565  7565 W AccessibilityNodeInfoDumper: Fetch time: 3ms
06-28 23:26:45.808  1724  1751 W WindowManager: Attempted to remove non-existing token: android.os.Binder@a799308
06-28 23:26:45.812  7565  7565 D AndroidRuntime: Shutting down VM
06-28 23:26:46.095  7582  7582 D AndroidRuntime: >>>>>> START com.android.internal.os.RuntimeInit uid 2000 <<<<<<
06-28 23:26:46.098  7582  7582 D AndroidRuntime: CheckJNI is ON
06-28 23:26:46.120  7582  7582 W art     : Unexpected CPU variant for X86 using defaults: x86
06-28 23:26:46.122  7582  7582 D ICU     : No timezone override file found: /data/local/tmp/misc/zoneinfo/current/icu/icu_tzdata.dat
06-28 23:26:46.138  7582  7582 E memtrack: Couldn't load memtrack module (No such file or directory)
06-28 23:26:46.138  7582  7582 E android.os.Debug: failed to load memtrack module: -2
06-28 23:26:46.139  7582  7582 I Radio-JNI: register_android_hardware_Radio DONE
06-28 23:26:46.143  7582  7582 D AndroidRuntime: Calling main entry com.android.commands.uiautomator.Launcher
06-28 23:26:47.171  7582  7582 W AccessibilityNodeInfoDumper: Fetch time: 4ms
06-28 23:26:47.172  1724  2966 W WindowManager: Attempted to remove non-existing token: android.os.Binder@d3c34c6
06-28 23:26:47.176  7582  7582 D AndroidRuntime: Shutting down VM
06-28 23:26:47.468  7602  7602 D AndroidRuntime: >>>>>> START com.android.internal.os.RuntimeInit uid 2000 <<<<<<
06-28 23:26:47.470  7602  7602 D AndroidRuntime: CheckJNI is ON
06-28 23:26:47.498  7602  7602 W art     : Unexpected CPU variant for X86 using defaults: x86
06-28 23:26:47.502  7602  7602 D ICU     : No timezone override file found: /data/local/tmp/misc/zoneinfo/current/icu/icu_tzdata.dat
06-28 23:26:47.518  7602  7602 E memtrack: Couldn't load memtrack module (No such file or directory)
06-28 23:26:47.518  7602  7602 E android.os.Debug: failed to load memtrack module: -2
06-28 23:26:47.518  7602  7602 I Radio-JNI: register_android_hardware_Radio DONE
06-28 23:26:47.524  7602  7602 D AndroidRuntime: Calling main entry com.android.commands.uiautomator.Launcher
06-28 23:26:48.543  7602  7602 W AccessibilityNodeInfoDumper: Fetch time: 2ms
06-28 23:26:48.544  1724  4313 W WindowManager: Attempted to remove non-existing token: android.os.Binder@636d752
06-28 23:26:48.546  7602  7602 D AndroidRuntime: Shutting down VM
06-28 23:26:48.747  7614  7614 D AndroidRuntime: >>>>>> START com.android.internal.os.RuntimeInit uid 2000 <<<<<<
06-28 23:26:48.749  7614  7614 D AndroidRuntime: CheckJNI is ON
06-28 23:26:48.775  7614  7614 W art     : Unexpected CPU variant for X86 using defaults: x86
06-28 23:26:48.780  7614  7614 D ICU     : No timezone override file found: /data/misc/zoneinfo/current/icu/icu_tzdata.dat
06-28 23:26:48.798  7614  7614 E memtrack: Couldn't load memtrack module (No such file or directory)
06-28 23:26:48.798  7614  7614 E android.os.Debug: failed to load memtrack module: -2
06-28 23:26:48.800  7614  7614 I Radio-JNI: register_android_hardware_Radio DONE
06-28 23:26:48.806  7614  7614 D AndroidRuntime: Calling main entry com.android.commands.input.Input
06-28 23:26:48.810  7614  7614 I Input   : injectMotionEvent: MotionEvent { action=ACTION_DOWN, actionButton=0, id[0]=0, x[0]=911.0, y[0]=136.0, toolType[0]=TOOL_TYPE_UNKNOWN, buttonState=0, metaState=0, flags=0x0, edgeFlags=0x0, pointerCount=1, historySize=0, eventTime=633480, downTime=633480, deviceId=0, source=0x1002 }
06-28 23:26:48.814  7614  7614 I Input   : injectMotionEvent: MotionEvent { action=ACTION_UP, actionButton=0, id[0]=0, x[0]=911.0, y[0]=136.0, toolType[0]=TOOL_TYPE_UNKNOWN, buttonState=0, metaState=0, flags=0x0, edgeFlags=0x0, pointerCount=1, historySize=0, eventTime=633480, downTime=633480, deviceId=0, source=0x1002 }
06-28 23:26:48.817  7614  7614 D AndroidRuntime: Shutting down VM
06-28 23:26:48.838  1422  1448 W audio_hw_generic: Not supplying enough data to HAL, expected position 1081656 , only wrote 1081440
06-28 23:26:48.881  1842  1842 W RichInputMethodSubtype: Can't find emoji subtype
06-28 23:26:48.882  1842  1842 W RichInputMethodSubtype: No input method subtype found; returning dummy subtype: Multi-lingual subtype: android.view.inputmethod.InputMethodSubtype@d78b2ed0, zz
06-28 23:26:48.914  1842  1842 I EmojiCategory: Last Emoji category id is 8
06-28 23:26:48.926  1842  1842 W ViewPager: Requested offscreen page limit 0 too small; defaulting to 1
06-28 23:26:48.938  1842  1842 I LatinIME: Starting input. Cursor position = 0,0
06-28 23:26:48.971  1349  2197 E SurfaceFlinger: ro.sf.lcd_density must be defined as a build property
06-28 23:26:48.975  1842  1842 D         : HostConnection::get() New Host Connection established 0x9dc51940, tid 1842
06-28 23:26:48.981  1889  2114 D EGL_emulation: eglMakeCurrent: 0x9dc19860: ver 3 0 (tinfo 0x9dc70d80)
06-28 23:26:48.999  1842  7633 D         : HostConnection::get() New Host Connection established 0x9dc51f00, tid 7633
06-28 23:26:49.001  1842  7633 I OpenGLRenderer: Initialized EGL, version 1.4
06-28 23:26:49.001  1842  7633 D OpenGLRenderer: Swap behavior 1
06-28 23:26:49.001  1842  7633 W OpenGLRenderer: Failed to choose config with EGL_SWAP_BEHAVIOR_PRESERVED, retrying without...
06-28 23:26:49.001  1842  7633 D OpenGLRenderer: Swap behavior 0
06-28 23:26:49.004  1842  7633 D EGL_emulation: eglCreateContext: 0x91bccde0: maj 3 min 0 rcv 3
06-28 23:26:49.014  1842  7633 D EGL_emulation: eglMakeCurrent: 0x91bccde0: ver 3 0 (tinfo 0x91bd92d0)
06-28 23:26:49.023  1842  7633 D EGL_emulation: eglMakeCurrent: 0x91bccde0: ver 3 0 (tinfo 0x91bd92d0)
06-28 23:26:49.966  3717  3717 I Babel_ConcService: Unbinding ConcurrentService
06-28 23:26:49.972  3717  3717 W Babel_ConcService: ***************************************************************************
06-28 23:26:49.972  3717  3717 W Babel_ConcService: Stopping ConcurrentService while there are 2 tasks still pending
06-28 23:26:49.972  3717  3717 W Babel_ConcService: ***************************************************************************
06-28 23:26:52.063  1422  1449 W audio_hw_generic: Not supplying enough data to HAL, expected position 1388934 , only wrote 1236240
06-28 23:26:52.592  7641  7641 D AndroidRuntime: >>>>>> START com.android.internal.os.RuntimeInit uid 2000 <<<<<<
06-28 23:26:52.594  7641  7641 D AndroidRuntime: CheckJNI is ON
06-28 23:26:52.633  7641  7641 W art     : Unexpected CPU variant for X86 using defaults: x86
06-28 23:26:52.636  7641  7641 D ICU     : No timezone override file found: /data/misc/zoneinfo/current/icu/icu_tzdata.dat
06-28 23:26:52.646  7641  7641 E memtrack: Couldn't load memtrack module (No such file or directory)
06-28 23:26:52.646  7641  7641 E android.os.Debug: failed to load memtrack module: -2
06-28 23:26:52.647  7641  7641 I Radio-JNI: register_android_hardware_Radio DONE
06-28 23:26:52.653  7641  7641 D AndroidRuntime: Calling main entry com.android.commands.input.Input
06-28 23:26:52.655  7641  7641 I Input   : injectKeyEvent: KeyEvent { action=ACTION_DOWN, keyCode=KEYCODE_ESCAPE, scanCode=0, metaState=0, flags=0x0, repeatCount=0, eventTime=637327, downTime=637327, deviceId=-1, source=0x101 }
06-28 23:26:52.662  7641  7641 I Input   : injectKeyEvent: KeyEvent { action=ACTION_UP, keyCode=KEYCODE_ESCAPE, scanCode=0, metaState=0, flags=0x0, repeatCount=0, eventTime=637327, downTime=637327, deviceId=-1, source=0x101 }
06-28 23:26:52.666  7641  7641 D AndroidRuntime: Shutting down VM
06-28 23:26:52.671  1842  1842 I LatinIME: Starting input. Cursor position = -1,-1
06-28 23:26:52.678  4539  4539 W IInputConnectionWrapper: finishComposingText on inactive InputConnection
06-28 23:26:52.697  1842  1842 I InputAttributes: InputType.TYPE_NULL is specified
06-28 23:26:52.707  1842  1842 W InputMethodService: Window size has been changed. This may cause jankiness of resizing window: -1 -> -2
06-28 23:26:52.708  1842  7633 D EGL_emulation: eglMakeCurrent: 0x91bccde0: ver 3 0 (tinfo 0x91bd92d0)
06-28 23:26:55.418  7662  7662 D AndroidRuntime: >>>>>> START com.android.internal.os.RuntimeInit uid 2000 <<<<<<
06-28 23:26:55.419  7662  7662 D AndroidRuntime: CheckJNI is ON
06-28 23:26:55.441  7662  7662 W art     : Unexpected CPU variant for X86 using defaults: x86
06-28 23:26:55.445  7662  7662 D ICU     : No timezone override file found: /data/local/tmp/misc/zoneinfo/current/icu/icu_tzdata.dat
06-28 23:26:55.459  7662  7662 E memtrack: Couldn't load memtrack module (No such file or directory)
06-28 23:26:55.459  7662  7662 E android.os.Debug: failed to load memtrack module: -2
06-28 23:26:55.459  7662  7662 I Radio-JNI: register_android_hardware_Radio DONE
06-28 23:26:55.465  7662  7662 D AndroidRuntime: Calling main entry com.android.commands.uiautomator.Launcher
06-28 23:26:56.485  7662  7662 W AccessibilityNodeInfoDumper: Fetch time: 4ms
06-28 23:26:56.485  1724  2450 W WindowManager: Attempted to remove non-existing token: android.os.Binder@e5b3568
06-28 23:26:56.488  7662  7662 D AndroidRuntime: Shutting down VM
06-28 23:26:57.325  7688  7688 D AndroidRuntime: >>>>>> START com.android.internal.os.RuntimeInit uid 2000 <<<<<<
06-28 23:26:57.326  7688  7688 D AndroidRuntime: CheckJNI is ON
06-28 23:26:57.348  7688  7688 W art     : Unexpected CPU variant for X86 using defaults: x86
06-28 23:26:57.351  7688  7688 D ICU     : No timezone override file found: /data/local/tmp/misc/zoneinfo/current/icu/icu_tzdata.dat
06-28 23:26:57.365  7688  7688 E memtrack: Couldn't load memtrack module (No such file or directory)
06-28 23:26:57.365  7688  7688 E android.os.Debug: failed to load memtrack module: -2
06-28 23:26:57.366  7688  7688 I Radio-JNI: register_android_hardware_Radio DONE
06-28 23:26:57.370  7688  7688 D AndroidRuntime: Calling main entry com.android.commands.uiautomator.Launcher
06-28 23:26:58.392  7688  7688 W AccessibilityNodeInfoDumper: Fetch time: 2ms
06-28 23:26:58.392  1724  1736 W WindowManager: Attempted to remove non-existing token: android.os.Binder@1358e26
06-28 23:26:58.395  7688  7688 D AndroidRuntime: Shutting down VM
06-28 23:26:58.655  7710  7710 D AndroidRuntime: >>>>>> START com.android.internal.os.RuntimeInit uid 2000 <<<<<<
06-28 23:26:58.657  7710  7710 D AndroidRuntime: CheckJNI is ON
06-28 23:26:58.677  7710  7710 W art     : Unexpected CPU variant for X86 using defaults: x86
06-28 23:26:58.683  7710  7710 D ICU     : No timezone override file found: /data/local/tmp/misc/zoneinfo/current/icu/icu_tzdata.dat
06-28 23:26:58.694  7710  7710 E memtrack: Couldn't load memtrack module (No such file or directory)
06-28 23:26:58.694  7710  7710 E android.os.Debug: failed to load memtrack module: -2
06-28 23:26:58.696  7710  7710 I Radio-JNI: register_android_hardware_Radio DONE
06-28 23:26:58.702  7710  7710 D AndroidRuntime: Calling main entry com.android.commands.uiautomator.Launcher
06-28 23:26:59.727  7710  7710 W AccessibilityNodeInfoDumper: Fetch time: 3ms
06-28 23:26:59.729  1724  2124 W WindowManager: Attempted to remove non-existing token: android.os.Binder@a624014
06-28 23:26:59.736  7710  7710 D AndroidRuntime: Shutting down VM
06-28 23:27:00.013  1889  2114 D EGL_emulation: eglMakeCurrent: 0x9dc19860: ver 3 0 (tinfo 0x9dc70d80)
06-28 23:27:00.608  7736  7736 D AndroidRuntime: >>>>>> START com.android.internal.os.RuntimeInit uid 2000 <<<<<<
06-28 23:27:00.610  7736  7736 D AndroidRuntime: CheckJNI is ON
06-28 23:27:00.648  7736  7736 W art     : Unexpected CPU variant for X86 using defaults: x86
06-28 23:27:00.651  7736  7736 D ICU     : No timezone override file found: /data/local/tmp/misc/zoneinfo/current/icu/icu_tzdata.dat
06-28 23:27:00.665  7736  7736 E memtrack: Couldn't load memtrack module (No such file or directory)
06-28 23:27:00.665  7736  7736 E android.os.Debug: failed to load memtrack module: -2
06-28 23:27:00.666  7736  7736 I Radio-JNI: register_android_hardware_Radio DONE
06-28 23:27:00.670  7736  7736 D AndroidRuntime: Calling main entry com.android.commands.uiautomator.Launcher
06-28 23:27:01.692  7736  7736 W AccessibilityNodeInfoDumper: Fetch time: 2ms
06-28 23:27:01.692  1724  2032 W WindowManager: Attempted to remove non-existing token: android.os.Binder@55c66b2
06-28 23:27:01.696  7736  7736 D AndroidRuntime: Shutting down VM
06-28 23:27:02.587  7769  7769 D AndroidRuntime: >>>>>> START com.android.internal.os.RuntimeInit uid 2000 <<<<<<
06-28 23:27:02.588  7769  7769 D AndroidRuntime: CheckJNI is ON
06-28 23:27:02.608  7769  7769 W art     : Unexpected CPU variant for X86 using defaults: x86
06-28 23:27:02.610  7769  7769 D ICU     : No timezone override file found: /data/local/tmp/misc/zoneinfo/current/icu/icu_tzdata.dat
06-28 23:27:02.623  7769  7769 E memtrack: Couldn't load memtrack module (No such file or directory)
06-28 23:27:02.623  7769  7769 E android.os.Debug: failed to load memtrack module: -2
06-28 23:27:02.623  7769  7769 I Radio-JNI: register_android_hardware_Radio DONE
06-28 23:27:02.627  7769  7769 D AndroidRuntime: Calling main entry com.android.commands.uiautomator.Launcher
06-28 23:27:03.646  7769  7769 W AccessibilityNodeInfoDumper: Fetch time: 4ms
06-28 23:27:03.647  1724  4313 W WindowManager: Attempted to remove non-existing token: android.os.Binder@d2d4980
06-28 23:27:03.652  7769  7769 D AndroidRuntime: Shutting down VM
06-28 23:27:03.767  1349  1376 E SurfaceFlinger: ro.sf.lcd_density must be defined as a build property
06-28 23:27:03.768  1349  1349 W SurfaceFlinger: FB is protected: PERMISSION_DENIED
06-28 23:27:05.847  1349  2197 E SurfaceFlinger: ro.sf.lcd_density must be defined as a build property
06-28 23:27:05.848  1349  1349 W SurfaceFlinger: FB is protected: PERMISSION_DENIED
06-28 23:27:07.912  1349  2197 E SurfaceFlinger: ro.sf.lcd_density must be defined as a build property
06-28 23:27:07.915  1349  1349 W SurfaceFlinger: FB is protected: PERMISSION_DENIED
06-28 23:27:09.984  1349  2197 E SurfaceFlinger: ro.sf.lcd_density must be defined as a build property
06-28 23:27:09.985  1349  1349 W SurfaceFlinger: FB is protected: PERMISSION_DENIED
06-28 23:27:12.069  1349  1363 E SurfaceFlinger: ro.sf.lcd_density must be defined as a build property
06-28 23:27:12.070  1349  1349 W SurfaceFlinger: FB is protected: PERMISSION_DENIED
06-28 23:27:14.143  1349  1363 E SurfaceFlinger: ro.sf.lcd_density must be defined as a build property
06-28 23:27:14.143  1349  1349 W SurfaceFlinger: FB is protected: PERMISSION_DENIED
06-28 23:27:16.212  1349  1363 E SurfaceFlinger: ro.sf.lcd_density must be defined as a build property
06-28 23:27:16.217  1349  1349 W SurfaceFlinger: FB is protected: PERMISSION_DENIED
06-28 23:27:18.286  1349  1363 E SurfaceFlinger: ro.sf.lcd_density must be defined as a build property
06-28 23:27:18.287  1349  1349 W SurfaceFlinger: FB is protected: PERMISSION_DENIED
06-28 23:27:20.358  1349  1376 E SurfaceFlinger: ro.sf.lcd_density must be defined as a build property
06-28 23:27:20.360  1349  1349 W SurfaceFlinger: FB is protected: PERMISSION_DENIED
06-28 23:27:22.426  1349  1376 E SurfaceFlinger: ro.sf.lcd_density must be defined as a build property
06-28 23:27:22.426  1349  1349 W SurfaceFlinger: FB is protected: PERMISSION_DENIED
06-28 23:27:24.500  1349  1364 E SurfaceFlinger: ro.sf.lcd_density must be defined as a build property
06-28 23:27:24.500  1349  1349 W SurfaceFlinger: FB is protected: PERMISSION_DENIED
06-28 23:27:26.565  1349  1364 E SurfaceFlinger: ro.sf.lcd_density must be defined as a build property
06-28 23:27:26.565  1349  1349 W SurfaceFlinger: FB is protected: PERMISSION_DENIED
06-28 23:27:28.635  1349  1364 E SurfaceFlinger: ro.sf.lcd_density must be defined as a build property
06-28 23:27:28.636  1349  1349 W SurfaceFlinger: FB is protected: PERMISSION_DENIED
06-28 23:27:30.717  1349  2134 E SurfaceFlinger: ro.sf.lcd_density must be defined as a build property
06-28 23:27:30.718  1349  1349 W SurfaceFlinger: FB is protected: PERMISSION_DENIED
06-28 23:27:32.793  1349  2197 E SurfaceFlinger: ro.sf.lcd_density must be defined as a build property
06-28 23:27:32.795  1349  1349 W SurfaceFlinger: FB is protected: PERMISSION_DENIED
06-28 23:27:34.867  1349  2134 E SurfaceFlinger: ro.sf.lcd_density must be defined as a build property
06-28 23:27:34.867  1349  1349 W SurfaceFlinger: FB is protected: PERMISSION_DENIED
06-28 23:27:36.936  1349  1363 E SurfaceFlinger: ro.sf.lcd_density must be defined as a build property
06-28 23:27:36.936  1349  1349 W SurfaceFlinger: FB is protected: PERMISSION_DENIED
06-28 23:27:39.010  1349  1363 E SurfaceFlinger: ro.sf.lcd_density must be defined as a build property
06-28 23:27:39.011  1349  1349 W SurfaceFlinger: FB is protected: PERMISSION_DENIED
06-28 23:27:41.076  1349  1376 E SurfaceFlinger: ro.sf.lcd_density must be defined as a build property
06-28 23:27:41.079  1349  1349 W SurfaceFlinger: FB is protected: PERMISSION_DENIED
06-28 23:27:43.137  1349  1364 E SurfaceFlinger: ro.sf.lcd_density must be defined as a build property
06-28 23:27:43.146  1349  1349 W SurfaceFlinger: FB is protected: PERMISSION_DENIED
06-28 23:27:45.356  7887  7887 D AndroidRuntime: >>>>>> START com.android.internal.os.RuntimeInit uid 2000 <<<<<<
06-28 23:27:45.358  7887  7887 D AndroidRuntime: CheckJNI is ON
06-28 23:27:45.399  7887  7887 W art     : Unexpected CPU variant for X86 using defaults: x86
06-28 23:27:45.402  7887  7887 D ICU     : No timezone override file found: /data/local/tmp/misc/zoneinfo/current/icu/icu_tzdata.dat
06-28 23:27:45.417  7887  7887 E memtrack: Couldn't load memtrack module (No such file or directory)
06-28 23:27:45.417  7887  7887 E android.os.Debug: failed to load memtrack module: -2
06-28 23:27:45.417  7887  7887 I Radio-JNI: register_android_hardware_Radio DONE
06-28 23:27:45.422  7887  7887 D AndroidRuntime: Calling main entry com.android.commands.uiautomator.Launcher
06-28 23:27:46.444  7887  7887 W AccessibilityNodeInfoDumper: Fetch time: 3ms
06-28 23:27:46.445  1724  1736 W WindowManager: Attempted to remove non-existing token: android.os.Binder@7a11a75
06-28 23:27:46.451  7887  7887 D AndroidRuntime: Shutting down VM
06-28 23:27:48.814  7904  7904 D AndroidRuntime: >>>>>> START com.android.internal.os.RuntimeInit uid 2000 <<<<<<
06-28 23:27:48.816  7904  7904 D AndroidRuntime: CheckJNI is ON
06-28 23:27:48.849  7904  7904 W art     : Unexpected CPU variant for X86 using defaults: x86
06-28 23:27:48.852  7904  7904 D ICU     : No timezone override file found: /data/local/tmp/misc/zoneinfo/current/icu/icu_tzdata.dat
06-28 23:27:48.870  7904  7904 E memtrack: Couldn't load memtrack module (No such file or directory)
06-28 23:27:48.870  7904  7904 E android.os.Debug: failed to load memtrack module: -2
06-28 23:27:48.871  7904  7904 I Radio-JNI: register_android_hardware_Radio DONE
06-28 23:27:48.876  7904  7904 D AndroidRuntime: Calling main entry com.android.commands.uiautomator.Launcher
06-28 23:27:49.898  7904  7904 W AccessibilityNodeInfoDumper: Fetch time: 5ms
06-28 23:27:49.900  1724  2195 W WindowManager: Attempted to remove non-existing token: android.os.Binder@6e4527b
06-28 23:27:49.902  7904  7904 D AndroidRuntime: Shutting down VM
06-28 23:27:50.152  7921  7921 D AndroidRuntime: >>>>>> START com.android.internal.os.RuntimeInit uid 2000 <<<<<<
06-28 23:27:50.153  7921  7921 D AndroidRuntime: CheckJNI is ON
06-28 23:27:50.173  7921  7921 W art     : Unexpected CPU variant for X86 using defaults: x86
06-28 23:27:50.175  7921  7921 D ICU     : No timezone override file found: /data/local/tmp/misc/zoneinfo/current/icu/icu_tzdata.dat
06-28 23:27:50.189  7921  7921 E memtrack: Couldn't load memtrack module (No such file or directory)
06-28 23:27:50.189  7921  7921 E android.os.Debug: failed to load memtrack module: -2
06-28 23:27:50.190  7921  7921 I Radio-JNI: register_android_hardware_Radio DONE
06-28 23:27:50.194  7921  7921 D AndroidRuntime: Calling main entry com.android.commands.uiautomator.Launcher
06-28 23:27:51.210  7921  7921 W AccessibilityNodeInfoDumper: Fetch time: 3ms
06-28 23:27:51.211  1724  2450 W WindowManager: Attempted to remove non-existing token: android.os.Binder@8f5e8f1
06-28 23:27:51.214  7921  7921 D AndroidRuntime: Shutting down VM
06-28 23:27:51.484  7938  7938 D AndroidRuntime: >>>>>> START com.android.internal.os.RuntimeInit uid 2000 <<<<<<
06-28 23:27:51.485  7938  7938 D AndroidRuntime: CheckJNI is ON
06-28 23:27:51.507  7938  7938 W art     : Unexpected CPU variant for X86 using defaults: x86
06-28 23:27:51.510  7938  7938 D ICU     : No timezone override file found: /data/local/tmp/misc/zoneinfo/current/icu/icu_tzdata.dat
06-28 23:27:51.524  7938  7938 E memtrack: Couldn't load memtrack module (No such file or directory)
06-28 23:27:51.524  7938  7938 E android.os.Debug: failed to load memtrack module: -2
06-28 23:27:51.525  7938  7938 I Radio-JNI: register_android_hardware_Radio DONE
06-28 23:27:51.532  7938  7938 D AndroidRuntime: Calling main entry com.android.commands.uiautomator.Launcher
06-28 23:27:52.550  7938  7938 W AccessibilityNodeInfoDumper: Fetch time: 3ms
06-28 23:27:52.551  1724  4313 W WindowManager: Attempted to remove non-existing token: android.os.Binder@95b9b57
06-28 23:27:52.554  7938  7938 D AndroidRuntime: Shutting down VM
06-28 23:27:52.749  7950  7950 D AndroidRuntime: >>>>>> START com.android.internal.os.RuntimeInit uid 2000 <<<<<<
06-28 23:27:52.751  7950  7950 D AndroidRuntime: CheckJNI is ON
06-28 23:27:52.771  7950  7950 W art     : Unexpected CPU variant for X86 using defaults: x86
06-28 23:27:52.773  7950  7950 D ICU     : No timezone override file found: /data/misc/zoneinfo/current/icu/icu_tzdata.dat
06-28 23:27:52.785  7950  7950 E memtrack: Couldn't load memtrack module (No such file or directory)
06-28 23:27:52.785  7950  7950 E android.os.Debug: failed to load memtrack module: -2
06-28 23:27:52.786  7950  7950 I Radio-JNI: register_android_hardware_Radio DONE
06-28 23:27:52.791  7950  7950 D AndroidRuntime: Calling main entry com.android.commands.input.Input
06-28 23:27:52.795  7950  7950 I Input   : injectMotionEvent: MotionEvent { action=ACTION_DOWN, actionButton=0, id[0]=0, x[0]=582.0, y[0]=135.0, toolType[0]=TOOL_TYPE_UNKNOWN, buttonState=0, metaState=0, flags=0x0, edgeFlags=0x0, pointerCount=1, historySize=0, eventTime=697465, downTime=697465, deviceId=0, source=0x1002 }
06-28 23:27:52.799  7950  7950 I Input   : injectMotionEvent: MotionEvent { action=ACTION_UP, actionButton=0, id[0]=0, x[0]=582.0, y[0]=135.0, toolType[0]=TOOL_TYPE_UNKNOWN, buttonState=0, metaState=0, flags=0x0, edgeFlags=0x0, pointerCount=1, historySize=0, eventTime=697465, downTime=697465, deviceId=0, source=0x1002 }
06-28 23:27:52.801  1842  1842 W InputMethodService: Window size has been changed. This may cause jankiness of resizing window: -1 -> -2
06-28 23:27:52.802  7950  7950 D AndroidRuntime: Shutting down VM
06-28 23:27:52.809  1842  1842 I LatinIME: Starting input. Cursor position = 0,0
06-28 23:27:52.865  1889  2114 D EGL_emulation: eglMakeCurrent: 0x9dc19860: ver 3 0 (tinfo 0x9dc70d80)
06-28 23:27:52.881  1842  7633 D EGL_emulation: eglMakeCurrent: 0x91bccde0: ver 3 0 (tinfo 0x91bd92d0)
06-28 23:27:53.042  7963  7963 D AndroidRuntime: >>>>>> START com.android.internal.os.RuntimeInit uid 2000 <<<<<<
06-28 23:27:53.044  7963  7963 D AndroidRuntime: CheckJNI is ON
06-28 23:27:53.068  7963  7963 W art     : Unexpected CPU variant for X86 using defaults: x86
06-28 23:27:53.072  7963  7963 D ICU     : No timezone override file found: /data/misc/zoneinfo/current/icu/icu_tzdata.dat
06-28 23:27:53.082  7963  7963 E memtrack: Couldn't load memtrack module (No such file or directory)
06-28 23:27:53.082  7963  7963 E android.os.Debug: failed to load memtrack module: -2
06-28 23:27:53.083  7963  7963 I Radio-JNI: register_android_hardware_Radio DONE
06-28 23:27:53.086  7963  7963 D AndroidRuntime: Calling main entry com.android.commands.input.Input
06-28 23:27:53.089  7963  7963 I Input   : injectKeyEvent: KeyEvent { action=ACTION_DOWN, keyCode=KEYCODE_ESCAPE, scanCode=0, metaState=0, flags=0x0, repeatCount=0, eventTime=697761, downTime=697761, deviceId=-1, source=0x101 }
06-28 23:27:53.091  7963  7963 I Input   : injectKeyEvent: KeyEvent { action=ACTION_UP, keyCode=KEYCODE_ESCAPE, scanCode=0, metaState=0, flags=0x0, repeatCount=0, eventTime=697761, downTime=697761, deviceId=-1, source=0x101 }
06-28 23:27:53.093  7963  7963 D AndroidRuntime: Shutting down VM
06-28 23:27:53.097  4539  4539 W IInputConnectionWrapper: finishComposingText on inactive InputConnection
06-28 23:27:53.103  1842  1842 I LatinIME: Starting input. Cursor position = -1,-1
06-28 23:27:53.116  1842  1842 I InputAttributes: InputType.TYPE_NULL is specified
06-28 23:27:53.121  1842  1842 W InputMethodService: Window size has been changed. This may cause jankiness of resizing window: -1 -> -2
06-28 23:27:53.122  1842  7633 D EGL_emulation: eglMakeCurrent: 0x91bccde0: ver 3 0 (tinfo 0x91bd92d0)
06-28 23:27:53.842  7979  7979 D AndroidRuntime: >>>>>> START com.android.internal.os.RuntimeInit uid 2000 <<<<<<
06-28 23:27:53.843  7979  7979 D AndroidRuntime: CheckJNI is ON
06-28 23:27:53.868  7979  7979 W art     : Unexpected CPU variant for X86 using defaults: x86
06-28 23:27:53.870  7979  7979 D ICU     : No timezone override file found: /data/misc/zoneinfo/current/icu/icu_tzdata.dat
06-28 23:27:53.881  7979  7979 E memtrack: Couldn't load memtrack module (No such file or directory)
06-28 23:27:53.881  7979  7979 E android.os.Debug: failed to load memtrack module: -2
06-28 23:27:53.882  7979  7979 I Radio-JNI: register_android_hardware_Radio DONE
06-28 23:27:53.886  7979  7979 D AndroidRuntime: Calling main entry com.android.commands.input.Input
06-28 23:27:53.888  7979  7979 I Input   : injectKeyEvent: KeyEvent { action=ACTION_DOWN, keyCode=KEYCODE_MOVE_END, scanCode=0, metaState=0, flags=0x0, repeatCount=0, eventTime=698561, downTime=698561, deviceId=-1, source=0x101 }
06-28 23:27:53.890  7979  7979 I Input   : injectKeyEvent: KeyEvent { action=ACTION_UP, keyCode=KEYCODE_MOVE_END, scanCode=0, metaState=0, flags=0x0, repeatCount=0, eventTime=698561, downTime=698561, deviceId=-1, source=0x101 }
06-28 23:27:53.891  7979  7979 D AndroidRuntime: Shutting down VM
06-28 23:27:54.074  7989  7989 D AndroidRuntime: >>>>>> START com.android.internal.os.RuntimeInit uid 2000 <<<<<<
06-28 23:27:54.076  7989  7989 D AndroidRuntime: CheckJNI is ON
06-28 23:27:54.100  7989  7989 W art     : Unexpected CPU variant for X86 using defaults: x86
06-28 23:27:54.103  7989  7989 D ICU     : No timezone override file found: /data/misc/zoneinfo/current/icu/icu_tzdata.dat
06-28 23:27:54.114  7989  7989 E memtrack: Couldn't load memtrack module (No such file or directory)
06-28 23:27:54.114  7989  7989 E android.os.Debug: failed to load memtrack module: -2
06-28 23:27:54.115  7989  7989 I Radio-JNI: register_android_hardware_Radio DONE
