11-10 17:29:40.844  6684  6684 D RcsClientLib: Service com.google.android.rcs.client.locationsharing.LocationSharingService connected. Will notify listeners: true
11-10 17:29:40.844  6684  6684 V BugleRcs: com.google.android.rcs.client.locationsharing.LocationSharingService RCS service connected
11-10 17:29:40.848  6684 12611 I CarrierServices: [1958] inq.e: Network Operator: 310260
11-10 17:29:40.850  6684 12611 I CarrierServices: [1958] inq.e: carrierWithOldEcApis: false
11-10 17:29:40.850  6684 12611 I CarrierServices: [1958] inq.e: hasDialerThatSupportsNewEc: false
11-10 17:29:40.853  6684 12611 I CarrierServices: [1958] jsn.connect: shouldUseCarrierServicesJibeService: true, CarrierServices rcs service found: true
11-10 17:29:40.853  6684 12611 I CarrierServices: [1958] jsn.connect: Binding to JibeService in CarrierServices.
11-10 17:29:40.859  6684  6684 D RcsClientLib: Service com.google.android.rcs.client.ims.ImsConnectionTrackerService connected. Will notify listeners: true
11-10 17:29:40.859  6684  6684 V BugleRcs: com.google.android.rcs.client.ims.ImsConnectionTrackerService RCS service connected
11-10 17:29:40.866  6684 12611 I CarrierServices: [1958] inq.e: Network Operator: 310260
11-10 17:29:40.867  6684  6684 V BugleRcs: kicking off RCS sending/receiving
11-10 17:29:40.869  6684 12611 I CarrierServices: [1958] inq.e: carrierWithOldEcApis: false
11-10 17:29:40.869  6684 12611 I CarrierServices: [1958] inq.e: hasDialerThatSupportsNewEc: false
11-10 17:29:40.870  6684  6684 V BugleAction: no RCS because we're not registered
11-10 17:29:40.875  6684 12611 I CarrierServices: [1958] jsn.connect: shouldUseCarrierServicesJibeService: true, CarrierServices rcs service found: true
11-10 17:29:40.875  6684 12611 I CarrierServices: [1958] jsn.connect: Binding to JibeService in CarrierServices.
11-10 17:29:40.880  6684  6684 D RcsClientLib: Service com.google.android.rcs.client.profile.RcsProfileService connected. Will notify listeners: true
11-10 17:29:40.880  6684  6684 V BugleRcs: com.google.android.rcs.client.profile.RcsProfileService RCS service connected
11-10 17:29:40.885  6684  6684 V BugleRcs: kicking off RCS sending/receiving
11-10 17:29:40.887  6684 12611 I CarrierServices: [1958] inq.e: Network Operator: 310260
11-10 17:29:40.888 22411 22411 W app_process: Unexpected CPU variant for X86 using defaults: x86
11-10 17:29:40.890  6684 12611 I CarrierServices: [1958] inq.e: carrierWithOldEcApis: false
11-10 17:29:40.890  6684 12611 I CarrierServices: [1958] inq.e: hasDialerThatSupportsNewEc: false
11-10 17:29:40.891  1782  1836 E storaged: getDiskStats failed with result NOT_SUPPORTED and size 0
11-10 17:29:40.896  6684 12611 I CarrierServices: [1958] jsn.connect: shouldUseCarrierServicesJibeService: true, CarrierServices rcs service found: true
11-10 17:29:40.896  6684 12611 I CarrierServices: [1958] jsn.connect: Binding to JibeService in CarrierServices.
11-10 17:29:40.896  6684  6684 V BugleAction: no RCS because we're not registered
11-10 17:29:40.897 22411 22411 I app_process: The ClassLoaderContext is a special shared library.
11-10 17:29:40.907  4376 20207 W CarrierServices: [315] bmc.a: No config URL. RCS will be disabled!
11-10 17:29:40.908  6684  6684 I BugleRcs: RcsAvailability ACS url: null
11-10 17:29:40.908  6684  6684 D RcsClientLib: Service com.google.android.rcs.client.businessinfo.BusinessInfoService connected. Will notify listeners: true
11-10 17:29:40.908  6684  6684 V BugleRcs: com.google.android.rcs.client.businessinfo.BusinessInfoService RCS service connected
11-10 17:29:40.911  6684  6684 V BugleRcs: kicking off RCS sending/receiving
11-10 17:29:40.916  6684 12611 W RcsProvisioning: Failed to read configuration: /data/user/0/com.google.android.apps.messaging/files/rcsconfig (No such file or directory)
11-10 17:29:40.918  6684 12611 W RcsProvisioning: java.io.FileNotFoundException: /data/user/0/com.google.android.apps.messaging/files/rcsconfig (No such file or directory)
11-10 17:29:40.918  6684 12611 W RcsProvisioning: 	at java.io.FileInputStream.open0(Native Method)
11-10 17:29:40.918  6684 12611 W RcsProvisioning: 	at java.io.FileInputStream.open(FileInputStream.java:231)
11-10 17:29:40.918  6684 12611 W RcsProvisioning: 	at java.io.FileInputStream.<init>(FileInputStream.java:165)
11-10 17:29:40.918  6684 12611 W RcsProvisioning: 	at android.app.ContextImpl.openFileInput(ContextImpl.java:560)
11-10 17:29:40.918  6684 12611 W RcsProvisioning: 	at android.content.ContextWrapper.openFileInput(ContextWrapper.java:202)
11-10 17:29:40.918  6684 12611 W RcsProvisioning: 	at ion.a(SourceFile:2)
11-10 17:29:40.918  6684 12611 W RcsProvisioning: 	at idl.a(SourceFile:4)
11-10 17:29:40.918  6684 12611 W RcsProvisioning: 	at idm.a(SourceFile:7)
11-10 17:29:40.918  6684 12611 W RcsProvisioning: 	at com.google.android.apps.messaging.rcsmigration.RcsStateProvider.onMigrationComplete(SourceFile:27)
11-10 17:29:40.918  6684 12611 W RcsProvisioning: 	at com.google.android.ims.rcsmigration.IRcsStateProvider$Stub.dispatchTransaction(SourceFile:14)
11-10 17:29:40.918  6684 12611 W RcsProvisioning: 	at com.google.android.aidl.BaseStub.onTransact(SourceFile:18)
11-10 17:29:40.918  6684 12611 W RcsProvisioning: 	at android.os.Binder.execTransact(Binder.java:731)
11-10 17:29:40.918  6684 12611 D RcsProvisioning: Retrieving backup token
11-10 17:29:40.918  6684 12611 D RcsProvisioning: Exception while getting subscriber Id. Using default
11-10 17:29:40.919  6684  6684 V BugleAction: no RCS because we're not registered
11-10 17:29:40.922  4376 20207 W CarrierServices: [315] bmc.a: No config URL. RCS will be disabled!
11-10 17:29:40.922  6684  6684 I BugleRcs: RcsAvailability ACS url: null
11-10 17:29:40.925 22411 22411 W app_process: CheckJNI: method to register "write" not in the given class. This is slow, consider changing your RegisterNatives calls.
11-10 17:29:40.928 22411 22411 I chatty  : uid=2000(shell) main identical 42 lines
11-10 17:29:40.928 22411 22411 W app_process: CheckJNI: method to register "write" not in the given class. This is slow, consider changing your RegisterNatives calls.
11-10 17:29:40.928 22411 22411 W app_process: CheckJNI: method to register "write_non_chained" not in the given class. This is slow, consider changing your RegisterNatives calls.
11-10 17:29:40.929 22411 22411 I chatty  : uid=2000(shell) main identical 7 lines
11-10 17:29:40.929 22411 22411 W app_process: CheckJNI: method to register "write_non_chained" not in the given class. This is slow, consider changing your RegisterNatives calls.
11-10 17:29:41.020  6684 12611 D RcsProvisioning: No backup token found
11-10 17:29:41.020  6684 12611 D RcsProvisioning: Clearing backup token
11-10 17:29:41.020  6684 12611 D RcsProvisioning: Exception while getting subscriber Id. Using default
11-10 17:29:41.049 22411 22411 D AndroidRuntime: Calling main entry com.android.commands.monkey.Monkey
11-10 17:29:41.053 22411 22411 W Monkey  : args: [-p, org.shadowice.flocke.andotp.dev, -c, android.intent.category.LAUNCHER, 1]
11-10 17:29:41.055 22411 22411 W Monkey  :  arg: "-p"
11-10 17:29:41.055 22411 22411 W Monkey  :  arg: "org.shadowice.flocke.andotp.dev"
11-10 17:29:41.055 22411 22411 W Monkey  :  arg: "-c"
11-10 17:29:41.055 22411 22411 W Monkey  :  arg: "android.intent.category.LAUNCHER"
11-10 17:29:41.055 22411 22411 W Monkey  :  arg: "1"
11-10 17:29:41.056 22411 22411 W Monkey  : data="org.shadowice.flocke.andotp.dev"
11-10 17:29:41.056 22411 22411 W Monkey  : data="android.intent.category.LAUNCHER"
11-10 17:29:41.059  6684 12611 I CarrierServices: [1958] RcsStateProvider.onMigrationComplete: Deleted transfers file: false
11-10 17:29:41.063  6684 12611 W RcsProvisioning: Failed to read configuration: /data/user/0/com.google.android.apps.messaging/files/rcsconfig (No such file or directory)
11-10 17:29:41.063  6684 12611 W RcsProvisioning: java.io.FileNotFoundException: /data/user/0/com.google.android.apps.messaging/files/rcsconfig (No such file or directory)
11-10 17:29:41.063  6684 12611 W RcsProvisioning: 	at java.io.FileInputStream.open0(Native Method)
11-10 17:29:41.063  6684 12611 W RcsProvisioning: 	at java.io.FileInputStream.open(FileInputStream.java:231)
11-10 17:29:41.063  6684 12611 W RcsProvisioning: 	at java.io.FileInputStream.<init>(FileInputStream.java:165)
11-10 17:29:41.063  6684 12611 W RcsProvisioning: 	at android.app.ContextImpl.openFileInput(ContextImpl.java:560)
11-10 17:29:41.063  6684 12611 W RcsProvisioning: 	at android.content.ContextWrapper.openFileInput(ContextWrapper.java:202)
11-10 17:29:41.063  6684 12611 W RcsProvisioning: 	at ion.a(SourceFile:2)
11-10 17:29:41.063  6684 12611 W RcsProvisioning: 	at idl.a(SourceFile:4)
11-10 17:29:41.063  6684 12611 W RcsProvisioning: 	at idm.a(SourceFile:7)
11-10 17:29:41.063  6684 12611 W RcsProvisioning: 	at iez.buildConferencesFileName(SourceFile:30)
11-10 17:29:41.063  6684 12611 W RcsProvisioning: 	at com.google.android.apps.messaging.rcsmigration.RcsStateProvider.onMigrationComplete(SourceFile:48)
11-10 17:29:41.063  6684 12611 W RcsProvisioning: 	at com.google.android.ims.rcsmigration.IRcsStateProvider$Stub.dispatchTransaction(SourceFile:14)
11-10 17:29:41.063  6684 12611 W RcsProvisioning: 	at com.google.android.aidl.BaseStub.onTransact(SourceFile:18)
11-10 17:29:41.063  6684 12611 W RcsProvisioning: 	at android.os.Binder.execTransact(Binder.java:731)
11-10 17:29:41.063  6684 12611 D RcsProvisioning: Retrieving backup token
11-10 17:29:41.063  6684 12611 D RcsProvisioning: Exception while getting subscriber Id. Using default
11-10 17:29:41.164  1928  1942 W BroadcastQueue: Skipping deliver [background] BroadcastRecord{fbf0b25 u-1 android.net.conn.CONNECTIVITY_CHANGE} to ReceiverList{d5b34fa 22411 (unknown name)/2000/u-1 remote:63a948f}: process gone or crashing
11-10 17:29:41.165  6684 12611 D RcsProvisioning: No backup token found
11-10 17:29:41.178  4376  4376 I CarrierServices: [2] aww.a: Unbinding RcsMigrationService
11-10 17:29:41.193  1928  5909 I ActivityManager: START u0 {act=android.intent.action.MAIN cat=[android.intent.category.LAUNCHER] flg=0x10200000 cmp=org.shadowice.flocke.andotp.dev/org.shadowice.flocke.andotp.Activities.MainActivity} from uid 2000
11-10 17:29:41.201  1928  5909 W Binder  : Outgoing transactions from this process must be FLAG_ONEWAY
11-10 17:29:41.201  1928  5909 W Binder  : java.lang.Throwable
11-10 17:29:41.201  1928  5909 W Binder  : 	at android.os.BinderProxy.transact(Binder.java:1114)
11-10 17:29:41.201  1928  5909 W Binder  : 	at android.app.IActivityController$Stub$Proxy.activityStarting(IActivityController.java:176)
11-10 17:29:41.201  1928  5909 W Binder  : 	at com.android.server.am.ActivityStarter.startActivity(ActivityStarter.java:737)
11-10 17:29:41.201  1928  5909 W Binder  : 	at com.android.server.am.ActivityStarter.startActivity(ActivityStarter.java:544)
11-10 17:29:41.201  1928  5909 W Binder  : 	at com.android.server.am.ActivityStarter.startActivityMayWait(ActivityStarter.java:1099)
11-10 17:29:41.201  1928  5909 W Binder  : 	at com.android.server.am.ActivityStarter.execute(ActivityStarter.java:486)
11-10 17:29:41.201  1928  5909 W Binder  : 	at com.android.server.am.ActivityManagerService.startActivityAsUser(ActivityManagerService.java:5120)
11-10 17:29:41.201  1928  5909 W Binder  : 	at com.android.server.am.ActivityManagerService.startActivityAsUser(ActivityManagerService.java:5094)
11-10 17:29:41.201  1928  5909 W Binder  : 	at com.android.server.am.ActivityManagerService.startActivity(ActivityManagerService.java:5085)
11-10 17:29:41.201  1928  5909 W Binder  : 	at android.app.IActivityManager$Stub.onTransact$startActivity$(IActivityManager.java:10084)
11-10 17:29:41.201  1928  5909 W Binder  : 	at android.app.IActivityManager$Stub.onTransact(IActivityManager.java:122)
11-10 17:29:41.201  1928  5909 W Binder  : 	at com.android.server.am.ActivityManagerService.onTransact(ActivityManagerService.java:3291)
11-10 17:29:41.201  1928  5909 W Binder  : 	at android.os.Binder.execTransact(Binder.java:731)
11-10 17:29:41.242 22411 22411 I Monkey  : Events injected: 1
11-10 17:29:41.261  1928  1928 V SettingsProvider: Notifying for 0: content://settings/system/accelerometer_rotation
11-10 17:29:41.261 22411 22411 I Monkey  : ## Network stats: elapsed time=66ms (0ms mobile, 0ms wifi, 66ms not connected)
11-10 17:29:41.263 22411 22411 I app_process: System.exit called, status: 0
11-10 17:29:41.263 22411 22411 I AndroidRuntime: VM exiting with result code 0.
11-10 17:29:41.307  1647  1647 D gralloc_ranchu: gralloc_alloc: Creating ashmem region of size 8298496
11-10 17:29:41.325  1928  1944 W ActivityManager: Slow operation: 57ms so far, now at startProcess: returned from zygote!
11-10 17:29:41.325  1928  1944 W ActivityManager: Slow operation: 58ms so far, now at startProcess: done updating battery stats
11-10 17:29:41.325  1928  1944 W ActivityManager: Slow operation: 58ms so far, now at startProcess: building log message
11-10 17:29:41.325  1928  1944 I ActivityManager: Start proc 22432:org.shadowice.flocke.andotp.dev/u0a124 for activity org.shadowice.flocke.andotp.dev/org.shadowice.flocke.andotp.Activities.MainActivity
11-10 17:29:41.326  1928  1944 W ActivityManager: Slow operation: 58ms so far, now at startProcess: starting to update pids map
11-10 17:29:41.326  1928  1944 W ActivityManager: Slow operation: 58ms so far, now at startProcess: done updating pids map
11-10 17:29:41.330 22432 22432 I ocke.andotp.de: Not late-enabling -Xcheck:jni (already on)
11-10 17:29:41.369 22432 22432 W ocke.andotp.de: Unexpected CPU variant for X86 using defaults: x86
11-10 17:29:41.386  1647  1647 D gralloc_ranchu: gralloc_alloc: Creating ashmem region of size 8298496
11-10 17:29:41.699  1928  2290 I GnssLocationProvider: WakeLock acquired by sendMessage(REPORT_SV_STATUS, 0, com.android.server.location.GnssLocationProvider$SvStatusInfo@68cb02)
11-10 17:29:41.700  1928  1941 I GnssLocationProvider: WakeLock released by handleMessage(REPORT_SV_STATUS, 0, com.android.server.location.GnssLocationProvider$SvStatusInfo@68cb02)
11-10 17:29:41.757 22432 22432 W System.err: java.io.FileNotFoundException: /jacoco.exec (Read-only file system)
11-10 17:29:41.760 22432 22432 W System.err: 	at java.io.FileOutputStream.open0(Native Method)
11-10 17:29:41.761 22432 22432 W System.err: 	at java.io.FileOutputStream.open(FileOutputStream.java:308)
11-10 17:29:41.761 22432 22432 W System.err: 	at java.io.FileOutputStream.<init>(FileOutputStream.java:238)
11-10 17:29:41.761 22432 22432 W System.err: 	at org.jacoco.agent.rt.internal_8ff85ea.output.FileOutput.openFile(FileOutput.java:67)
11-10 17:29:41.761 22432 22432 W System.err: 	at org.jacoco.agent.rt.internal_8ff85ea.output.FileOutput.startup(FileOutput.java:49)
11-10 17:29:41.762 22432 22432 W System.err: 	at org.jacoco.agent.rt.internal_8ff85ea.Agent.startup(Agent.java:122)
11-10 17:29:41.762 22432 22432 W System.err: 	at org.jacoco.agent.rt.internal_8ff85ea.Agent.getInstance(Agent.java:50)
11-10 17:29:41.762 22432 22432 W System.err: 	at org.jacoco.agent.rt.internal_8ff85ea.Offline.<clinit>(Offline.java:31)
11-10 17:29:41.762 22432 22432 W System.err: 	at org.jacoco.agent.rt.internal_8ff85ea.Offline.getProbes(Offline.java:51)
11-10 17:29:41.762 22432 22432 W System.err: 	at org.shadowice.flocke.andotp.Activities.MainActivity.$jacocoInit(Unknown Source:13)
11-10 17:29:41.762 22432 22432 W System.err: 	at org.shadowice.flocke.andotp.Activities.MainActivity.<clinit>(Unknown Source:0)
11-10 17:29:41.762 22432 22432 W System.err: 	at java.lang.Class.newInstance(Native Method)
11-10 17:29:41.763 22432 22432 W System.err: 	at android.app.AppComponentFactory.instantiateActivity(AppComponentFactory.java:69)
11-10 17:29:41.763 22432 22432 W System.err: 	at androidx.core.app.CoreComponentFactory.instantiateActivity(CoreComponentFactory.java:41)
11-10 17:29:41.763 22432 22432 W System.err: 	at android.app.Instrumentation.newActivity(Instrumentation.java:1215)
11-10 17:29:41.763 22432 22432 W System.err: 	at android.app.ActivityThread.performLaunchActivity(ActivityThread.java:2831)
11-10 17:29:41.763 22432 22432 W System.err: 	at android.app.ActivityThread.handleLaunchActivity(ActivityThread.java:3048)
11-10 17:29:41.763 22432 22432 W System.err: 	at android.app.servertransaction.LaunchActivityItem.execute(LaunchActivityItem.java:78)
11-10 17:29:41.764 22432 22432 W System.err: 	at android.app.servertransaction.TransactionExecutor.executeCallbacks(TransactionExecutor.java:108)
11-10 17:29:41.764 22432 22432 W System.err: 	at android.app.servertransaction.TransactionExecutor.execute(TransactionExecutor.java:68)
11-10 17:29:41.764 22432 22432 W System.err: 	at android.app.ActivityThread$H.handleMessage(ActivityThread.java:1808)
11-10 17:29:41.764 22432 22432 W System.err: 	at android.os.Handler.dispatchMessage(Handler.java:106)
11-10 17:29:41.764 22432 22432 W System.err: 	at android.os.Looper.loop(Looper.java:193)
11-10 17:29:41.764 22432 22432 W System.err: 	at android.app.ActivityThread.main(ActivityThread.java:6669)
11-10 17:29:41.764 22432 22432 W System.err: 	at java.lang.reflect.Method.invoke(Native Method)
11-10 17:29:41.765 22432 22432 W System.err: 	at com.android.internal.os.RuntimeInit$MethodAndArgsCaller.run(RuntimeInit.java:493)
11-10 17:29:41.765 22432 22432 W System.err: 	at com.android.internal.os.ZygoteInit.main(ZygoteInit.java:858)
11-10 17:29:41.789  3205  3304 D EGL_emulation: eglMakeCurrent: 0xdd085780: ver 3 0 (tinfo 0xdd083510)
11-10 17:29:41.791  2156  2365 D EGL_emulation: eglMakeCurrent: 0xdaf4bd80: ver 3 0 (tinfo 0xdaf4f4a0)
11-10 17:29:41.804  6288  6403 D EGL_emulation: eglMakeCurrent: 0xbe169080: ver 3 0 (tinfo 0xbe167770)
11-10 17:29:41.819  2156  2365 D EGL_emulation: eglMakeCurrent: 0xdaf4bd80: ver 3 0 (tinfo 0xdaf4f4a0)
11-10 17:29:41.879 22432 22432 W ocke.andotp.de: Accessing hidden method Landroid/graphics/drawable/Drawable;->getOpticalInsets()Landroid/graphics/Insets; (light greylist, linking)
11-10 17:29:41.879 22432 22432 W ocke.andotp.de: Accessing hidden field Landroid/graphics/Insets;->left:I (light greylist, linking)
11-10 17:29:41.879 22432 22432 W ocke.andotp.de: Accessing hidden field Landroid/graphics/Insets;->right:I (light greylist, linking)
11-10 17:29:41.879 22432 22432 W ocke.andotp.de: Accessing hidden field Landroid/graphics/Insets;->top:I (light greylist, linking)
11-10 17:29:41.879 22432 22432 W ocke.andotp.de: Accessing hidden field Landroid/graphics/Insets;->bottom:I (light greylist, linking)
11-10 17:29:41.938 22432 22432 W ocke.andotp.de: Accessing hidden method Landroid/view/View;->computeFitSystemWindows(Landroid/graphics/Rect;Landroid/graphics/Rect;)Z (light greylist, reflection)
11-10 17:29:41.939 22432 22432 W ocke.andotp.de: Accessing hidden method Landroid/view/ViewGroup;->makeOptionalFitsSystemWindows()V (light greylist, reflection)
11-10 17:29:42.173 22432 22432 W ocke.andotp.de: Accessing hidden method Landroid/widget/TextView;->getTextDirectionHeuristic()Landroid/text/TextDirectionHeuristic; (light greylist, linking)
11-10 17:29:42.399  1775  1775 I keystore: del USRPKEY_password 10124
11-10 17:29:42.400  1775  1775 I keystore: del USRCERT_password 10124
11-10 17:29:42.401  1775  1775 I keystore: del CACERT_password 10124
11-10 17:29:42.667  1928  2597 V BackupManagerConstants: getFullBackupRequiredNetworkType(...) returns 2
11-10 17:29:42.668  1928  2597 V BackupManagerConstants: getFullBackupRequireCharging(...) returns true
11-10 17:29:42.703  1928  2290 I GnssLocationProvider: WakeLock acquired by sendMessage(REPORT_SV_STATUS, 0, com.android.server.location.GnssLocationProvider$SvStatusInfo@230b85a)
11-10 17:29:42.707  1928  1941 I GnssLocationProvider: WakeLock released by handleMessage(REPORT_SV_STATUS, 0, com.android.server.location.GnssLocationProvider$SvStatusInfo@230b85a)
11-10 17:29:43.401  1928  1942 W BroadcastQueue: Background execution not allowed: receiving Intent { act=android.intent.action.DROPBOX_ENTRY_ADDED flg=0x10 (has extras) } to com.google.android.gms/.stats.service.DropBoxEntryAddedReceiver
11-10 17:29:43.401  1928  1942 W BroadcastQueue: Background execution not allowed: receiving Intent { act=android.intent.action.DROPBOX_ENTRY_ADDED flg=0x10 (has extras) } to com.google.android.gms/.chimera.GmsIntentOperationService$PersistentTrustedReceiver
11-10 17:29:43.474 22432 22432 W KeyStore: KeyStore exception
11-10 17:29:43.474 22432 22432 W KeyStore: android.os.ServiceSpecificException:  (code 7)
11-10 17:29:43.474 22432 22432 W KeyStore: 	at android.os.Parcel.createException(Parcel.java:1964)
11-10 17:29:43.474 22432 22432 W KeyStore: 	at android.os.Parcel.readException(Parcel.java:1918)
11-10 17:29:43.474 22432 22432 W KeyStore: 	at android.os.Parcel.readException(Parcel.java:1868)
11-10 17:29:43.474 22432 22432 W KeyStore: 	at android.security.IKeystoreService$Stub$Proxy.get(IKeystoreService.java:786)
11-10 17:29:43.474 22432 22432 W KeyStore: 	at android.security.KeyStore.get(KeyStore.java:195)
11-10 17:29:43.474 22432 22432 W KeyStore: 	at android.security.keystore.AndroidKeyStoreSpi.engineGetCertificateChain(AndroidKeyStoreSpi.java:118)
11-10 17:29:43.474 22432 22432 W KeyStore: 	at java.security.KeyStoreSpi.engineGetEntry(KeyStoreSpi.java:484)
11-10 17:29:43.474 22432 22432 W KeyStore: 	at java.security.KeyStore.getEntry(KeyStore.java:1560)
11-10 17:29:43.474 22432 22432 W KeyStore: 	at org.shadowice.flocke.andotp.Utilities.KeyStoreHelper.loadOrGenerateAsymmetricKeyPair(KeyStoreHelper.java:99)
11-10 17:29:43.474 22432 22432 W KeyStore: 	at org.shadowice.flocke.andotp.Preferences.PasswordEncryptedPreference.<init>(PasswordEncryptedPreference.java:74)
11-10 17:29:43.474 22432 22432 W KeyStore: 	at java.lang.reflect.Constructor.newInstance0(Native Method)
11-10 17:29:43.474 22432 22432 W KeyStore: 	at java.lang.reflect.Constructor.newInstance(Constructor.java:343)
11-10 17:29:43.474 22432 22432 W KeyStore: 	at android.preference.GenericInflater.createItem(GenericInflater.java:385)
11-10 17:29:43.474 22432 22432 W KeyStore: 	at android.preference.GenericInflater.createItemFromTag(GenericInflater.java:432)
11-10 17:29:43.474 22432 22432 W KeyStore: 	at android.preference.GenericInflater.rInflate(GenericInflater.java:483)
11-10 17:29:43.474 22432 22432 W KeyStore: 	at android.preference.GenericInflater.rInflate(GenericInflater.java:495)
11-10 17:29:43.474 22432 22432 W KeyStore: 	at android.preference.GenericInflater.inflate(GenericInflater.java:327)
11-10 17:29:43.474 22432 22432 W KeyStore: 	at android.preference.GenericInflater.inflate(GenericInflater.java:264)
11-10 17:29:43.474 22432 22432 W KeyStore: 	at android.preference.PreferenceManager.inflateFromResource(PreferenceManager.java:324)
11-10 17:29:43.474 22432 22432 W KeyStore: 	at android.preference.PreferenceManager.setDefaultValues(PreferenceManager.java:650)
11-10 17:29:43.474 22432 22432 W KeyStore: 	at android.preference.PreferenceManager.setDefaultValues(PreferenceManager.java:609)
11-10 17:29:43.474 22432 22432 W KeyStore: 	at org.shadowice.flocke.andotp.Activities.MainActivity.onCreate(MainActivity.java:196)
11-10 17:29:43.474 22432 22432 W KeyStore: 	at android.app.Activity.performCreate(Activity.java:7136)
11-10 17:29:43.474 22432 22432 W KeyStore: 	at android.app.Activity.performCreate(Activity.java:7127)
11-10 17:29:43.474 22432 22432 W KeyStore: 	at android.app.Instrumentation.callActivityOnCreate(Instrumentation.java:1271)
11-10 17:29:43.474 22432 22432 W KeyStore: 	at android.app.ActivityThread.performLaunchActivity(ActivityThread.java:2893)
11-10 17:29:43.474 22432 22432 W KeyStore: 	at android.app.ActivityThread.handleLaunchActivity(ActivityThread.java:3048)
11-10 17:29:43.474 22432 22432 W KeyStore: 	at android.app.servertransaction.LaunchActivityItem.execute(LaunchActivityItem.java:78)
11-10 17:29:43.474 22432 22432 W KeyStore: 	at android.app.servertransaction.TransactionExecutor.executeCallbacks(TransactionExecutor.java:108)
11-10 17:29:43.474 22432 22432 W KeyStore: 	at android.app.servertransaction.TransactionExecutor.execute(TransactionExecutor.java:68)
11-10 17:29:43.474 22432 22432 W KeyStore: 	at android.app.ActivityThread$H.handleMessage(ActivityThread.java:1808)
11-10 17:29:43.474 22432 22432 W KeyStore: 	at android.os.Handler.dispatchMessage(Handler.java:106)
11-10 17:29:43.474 22432 22432 W KeyStore: 	at android.os.Looper.loop(Looper.java:193)
11-10 17:29:43.474 22432 22432 W KeyStore: 	at android.app.ActivityThread.main(ActivityThread.java:6669)
11-10 17:29:43.474 22432 22432 W KeyStore: 	at java.lang.reflect.Method.invoke(Native Method)
11-10 17:29:43.474 22432 22432 W KeyStore: 	at com.android.internal.os.RuntimeInit$MethodAndArgsCaller.run(RuntimeInit.java:493)
11-10 17:29:43.474 22432 22432 W KeyStore: 	at com.android.internal.os.ZygoteInit.main(ZygoteInit.java:858)
11-10 17:29:43.542 22432 22432 D OpenGLRenderer: Skia GL Pipeline
11-10 17:29:43.580  1928  2856 I ActivityManager: START u0 {cmp=org.shadowice.flocke.andotp.dev/org.shadowice.flocke.andotp.Activities.IntroScreenActivity} from uid 10124
11-10 17:29:43.631 22432 22432 W ocke.andotp.de: Accessing hidden method Landroid/graphics/FontFamily;-><init>()V (light greylist, reflection)
11-10 17:29:43.631 22432 22432 W ocke.andotp.de: Accessing hidden method Landroid/graphics/FontFamily;->addFontFromAssetManager(Landroid/content/res/AssetManager;Ljava/lang/String;IZIII[Landroid/graphics/fonts/FontVariationAxis;)Z (light greylist, reflection)
11-10 17:29:43.631 22432 22432 W ocke.andotp.de: Accessing hidden method Landroid/graphics/FontFamily;->addFontFromBuffer(Ljava/nio/ByteBuffer;I[Landroid/graphics/fonts/FontVariationAxis;II)Z (light greylist, reflection)
11-10 17:29:43.631 22432 22432 W ocke.andotp.de: Accessing hidden method Landroid/graphics/FontFamily;->freeze()Z (light greylist, reflection)
11-10 17:29:43.631 22432 22432 W ocke.andotp.de: Accessing hidden method Landroid/graphics/FontFamily;->abortCreation()V (light greylist, reflection)
11-10 17:29:43.631 22432 22432 W ocke.andotp.de: Accessing hidden method Landroid/graphics/Typeface;->createFromFamiliesWithDefault([Landroid/graphics/FontFamily;Ljava/lang/String;II)Landroid/graphics/Typeface; (light greylist, reflection)
11-10 17:29:43.702  1928  2290 I GnssLocationProvider: WakeLock acquired by sendMessage(REPORT_SV_STATUS, 0, com.android.server.location.GnssLocationProvider$SvStatusInfo@891b5b9)
11-10 17:29:43.705  1928  1941 I GnssLocationProvider: WakeLock released by handleMessage(REPORT_SV_STATUS, 0, com.android.server.location.GnssLocationProvider$SvStatusInfo@891b5b9)
11-10 17:29:43.784  1769  1896 E SurfaceFlinger: ro.sf.lcd_density must be defined as a build property
11-10 17:29:43.796 22432 22432 I Choreographer: Skipped 89 frames!  The application may be doing too much work on its main thread.
11-10 17:29:43.871  1647  1647 D gralloc_ranchu: gralloc_alloc: Creating ashmem region of size 8298496
11-10 17:29:43.872 22432 22455 D HostConnection: HostConnection::get() New Host Connection established 0xdb6238d0, tid 22455
11-10 17:29:43.880 22432 22455 D HostConnection: HostComposition ext ANDROID_EMU_CHECKSUM_HELPER_v1 ANDROID_EMU_native_sync_v2 ANDROID_EMU_native_sync_v3 ANDROID_EMU_native_sync_v4 ANDROID_EMU_dma_v1 ANDROID_EMU_YUV420_888_to_NV21 ANDROID_EMU_YUV_Cache ANDROID_EMU_async_unmap_buffer GL_OES_EGL_image_external_essl3 GL_OES_vertex_array_object GL_KHR_texture_compression_astc_ldr ANDROID_EMU_host_side_tracing ANDROID_EMU_gles_max_version_3_0 
11-10 17:29:43.885  1647  1647 D gralloc_ranchu: gralloc_alloc: Creating ashmem region of size 8298496
11-10 17:29:43.893  1647  1647 D gralloc_ranchu: gralloc_alloc: Creating ashmem region of size 8298496
11-10 17:29:43.900 22432 22455 I ConfigStore: android::hardware::configstore::V1_0::ISurfaceFlingerConfigs::hasWideColorDisplay retrieved: 0
11-10 17:29:43.901 22432 22455 I ConfigStore: android::hardware::configstore::V1_0::ISurfaceFlingerConfigs::hasHDRDisplay retrieved: 0
11-10 17:29:43.901 22432 22455 I OpenGLRenderer: Initialized EGL, version 1.4
11-10 17:29:43.901 22432 22455 D OpenGLRenderer: Swap behavior 1
11-10 17:29:43.901 22432 22455 W OpenGLRenderer: Failed to choose config with EGL_SWAP_BEHAVIOR_PRESERVED, retrying without...
11-10 17:29:43.902 22432 22455 D OpenGLRenderer: Swap behavior 0
11-10 17:29:43.905 22432 22455 D eglCodecCommon: setVertexArrayObject: set vao to 0 (0) 0 0
11-10 17:29:43.905 22432 22455 D EGL_emulation: eglCreateContext: 0xda40b360: maj 3 min 0 rcv 3
11-10 17:29:43.906 22432 22455 D EGL_emulation: eglMakeCurrent: 0xda40b360: ver 3 0 (tinfo 0xe3231ca0)
11-10 17:29:43.909  1769  1801 E SurfaceFlinger: ro.sf.lcd_density must be defined as a build property
11-10 17:29:43.955 22432 22455 D HostConnection: createUnique: call
11-10 17:29:43.956 22432 22455 D HostConnection: HostConnection::get() New Host Connection established 0xca316be0, tid 22455
11-10 17:29:43.960 22432 22455 D HostConnection: HostComposition ext ANDROID_EMU_CHECKSUM_HELPER_v1 ANDROID_EMU_native_sync_v2 ANDROID_EMU_native_sync_v3 ANDROID_EMU_native_sync_v4 ANDROID_EMU_dma_v1 ANDROID_EMU_YUV420_888_to_NV21 ANDROID_EMU_YUV_Cache ANDROID_EMU_async_unmap_buffer GL_OES_EGL_image_external_essl3 GL_OES_vertex_array_object GL_KHR_texture_compression_astc_ldr ANDROID_EMU_host_side_tracing ANDROID_EMU_gles_max_version_3_0 
11-10 17:29:43.960 22432 22455 E eglCodecCommon: GoldfishAddressSpaceHostMemoryAllocator: ioctl_ping failed for device_type=5, ret=-1
11-10 17:29:43.981 22432 22455 D EGL_emulation: eglMakeCurrent: 0xda40b360: ver 3 0 (tinfo 0xe3231ca0)
11-10 17:29:43.994 22432 22455 D eglCodecCommon: setVertexArrayObject: set vao to 0 (0) 1 2
11-10 17:29:44.120 22432 22432 W ocke.andotp.de: Accessing hidden method Landroid/widget/AutoCompleteTextView;->doBeforeTextChanged()V (light greylist, reflection)
11-10 17:29:44.121 22432 22432 W ocke.andotp.de: Accessing hidden method Landroid/widget/AutoCompleteTextView;->doAfterTextChanged()V (light greylist, reflection)
11-10 17:29:44.121 22432 22432 W ocke.andotp.de: Accessing hidden method Landroid/widget/AutoCompleteTextView;->ensureImeVisible(Z)V (light greylist, reflection)
11-10 17:29:44.176 22432 22432 W ActivityThread: handleWindowVisibility: no activity for token android.os.BinderProxy@e48ee46
11-10 17:29:44.536 22432 22432 I Choreographer: Skipped 34 frames!  The application may be doing too much work on its main thread.
11-10 17:29:44.649 22432 22432 W ocke.andotp.de: Accessing hidden method Landroid/widget/PopupWindow;->setEpicenterBounds(Landroid/graphics/Rect;)V (light greylist, linking)
11-10 17:29:44.650 22432 22432 W ocke.andotp.de: Accessing hidden method Landroid/widget/PopupWindow;->setClipToScreenEnabled(Z)V (light greylist, reflection)
11-10 17:29:44.701  1647  1647 D gralloc_ranchu: gralloc_alloc: Creating ashmem region of size 8298496
11-10 17:29:44.708  1928  2290 I GnssLocationProvider: WakeLock acquired by sendMessage(REPORT_SV_STATUS, 0, com.android.server.location.GnssLocationProvider$SvStatusInfo@440d2ae)
11-10 17:29:44.710  1928  1941 I GnssLocationProvider: WakeLock released by handleMessage(REPORT_SV_STATUS, 0, com.android.server.location.GnssLocationProvider$SvStatusInfo@440d2ae)
11-10 17:29:44.714  1647  1693 D gralloc_ranchu: gralloc_alloc: Creating ashmem region of size 8298496
11-10 17:29:44.721  1647  1647 D gralloc_ranchu: gralloc_alloc: Creating ashmem region of size 8298496
11-10 17:29:44.745 22432 22455 D EGL_emulation: eglMakeCurrent: 0xda40b360: ver 3 0 (tinfo 0xe3231ca0)
11-10 17:29:44.774 22432 22455 D EGL_emulation: eglMakeCurrent: 0xda40b360: ver 3 0 (tinfo 0xe3231ca0)
11-10 17:29:44.793  1928  1950 I ActivityManager: Displayed org.shadowice.flocke.andotp.dev/org.shadowice.flocke.andotp.Activities.IntroScreenActivity: +869ms (total +10s247ms)
11-10 17:29:44.826 14769 14769 I GoogleInputMethod: onFinishInput() : Dummy InputConnection bound
11-10 17:29:44.841 14769 14769 I GoogleInputMethod: onStartInput() : Dummy InputConnection bound
11-10 17:29:44.925  1769  1769 W SurfaceFlinger: couldn't log to binary event log: overflow.
11-10 17:29:44.926  1769  1769 W SurfaceFlinger: couldn't log to binary event log: overflow.
11-10 17:29:44.989  1769  2048 W SurfaceFlinger: Attempting to set client state on removed layer: Splash Screen org.shadowice.flocke.andotp.dev#0
11-10 17:29:44.989  1769  2048 W SurfaceFlinger: Attempting to destroy on removed layer: Splash Screen org.shadowice.flocke.andotp.dev#0
11-10 17:29:45.019  6288 16826 I PBSessionCacheImpl: (REDACTED) Deleted sessionId[%d] from persistence.
11-10 17:29:45.160  6288  6371 W SearchServiceCore: Abort, client detached.
11-10 17:29:45.160  6288  6371 I chatty  : uid=10041(com.google.android.googlequicksearchbox) EventBus0 identical 1 line
11-10 17:29:45.169  6288  6371 W SearchServiceCore: Abort, client detached.
11-10 17:29:45.711  1928  2290 I GnssLocationProvider: WakeLock acquired by sendMessage(REPORT_SV_STATUS, 0, com.android.server.location.GnssLocationProvider$SvStatusInfo@2e99247)
11-10 17:29:45.713  1928  1941 I GnssLocationProvider: WakeLock released by handleMessage(REPORT_SV_STATUS, 0, com.android.server.location.GnssLocationProvider$SvStatusInfo@2e99247)
11-10 17:29:46.713  1928  2290 I GnssLocationProvider: WakeLock acquired by sendMessage(REPORT_SV_STATUS, 0, com.android.server.location.GnssLocationProvider$SvStatusInfo@1ef1a74)
11-10 17:29:46.714  1928  1941 I GnssLocationProvider: WakeLock released by handleMessage(REPORT_SV_STATUS, 0, com.android.server.location.GnssLocationProvider$SvStatusInfo@1ef1a74)
11-10 17:29:47.716  1928  2290 I GnssLocationProvider: WakeLock acquired by sendMessage(REPORT_SV_STATUS, 0, com.android.server.location.GnssLocationProvider$SvStatusInfo@695cb9d)
11-10 17:29:47.719  1928  1941 I GnssLocationProvider: WakeLock released by handleMessage(REPORT_SV_STATUS, 0, com.android.server.location.GnssLocationProvider$SvStatusInfo@695cb9d)
11-10 17:29:48.715  1928  2290 I GnssLocationProvider: WakeLock acquired by sendMessage(REPORT_SV_STATUS, 0, com.android.server.location.GnssLocationProvider$SvStatusInfo@7230be3)
11-10 17:29:48.717  1928  1941 I GnssLocationProvider: WakeLock released by handleMessage(REPORT_SV_STATUS, 0, com.android.server.location.GnssLocationProvider$SvStatusInfo@7230be3)
11-10 17:29:49.628   387   387 I Finsky  : [2] nqz.onDestroy(8): IPC-SERVER: Stopping gRPC host service...
11-10 17:29:49.720  1928  2290 I GnssLocationProvider: WakeLock acquired by sendMessage(REPORT_SV_STATUS, 0, com.android.server.location.GnssLocationProvider$SvStatusInfo@c1d69e0)
11-10 17:29:49.722  1928  1941 I GnssLocationProvider: WakeLock released by handleMessage(REPORT_SV_STATUS, 0, com.android.server.location.GnssLocationProvider$SvStatusInfo@c1d69e0)
11-10 17:29:50.721  1928  2290 I GnssLocationProvider: WakeLock acquired by sendMessage(REPORT_SV_STATUS, 0, com.android.server.location.GnssLocationProvider$SvStatusInfo@2088499)
11-10 17:29:50.727  1928  1941 I GnssLocationProvider: WakeLock released by handleMessage(REPORT_SV_STATUS, 0, com.android.server.location.GnssLocationProvider$SvStatusInfo@2088499)
11-10 17:29:51.723  1928  2290 I GnssLocationProvider: WakeLock acquired by sendMessage(REPORT_SV_STATUS, 0, com.android.server.location.GnssLocationProvider$SvStatusInfo@d5d435e)
11-10 17:29:51.725  1928  1941 I GnssLocationProvider: WakeLock released by handleMessage(REPORT_SV_STATUS, 0, com.android.server.location.GnssLocationProvider$SvStatusInfo@d5d435e)
11-10 17:29:52.726  1928  2290 I GnssLocationProvider: WakeLock acquired by sendMessage(REPORT_SV_STATUS, 0, com.android.server.location.GnssLocationProvider$SvStatusInfo@3f0833f)
11-10 17:29:52.728  1928  1941 I GnssLocationProvider: WakeLock released by handleMessage(REPORT_SV_STATUS, 0, com.android.server.location.GnssLocationProvider$SvStatusInfo@3f0833f)
11-10 17:29:53.731  1928  2290 I GnssLocationProvider: WakeLock acquired by sendMessage(REPORT_SV_STATUS, 0, com.android.server.location.GnssLocationProvider$SvStatusInfo@71f440c)
11-10 17:29:53.733  1928  1941 I GnssLocationProvider: WakeLock released by handleMessage(REPORT_SV_STATUS, 0, com.android.server.location.GnssLocationProvider$SvStatusInfo@71f440c)
11-10 17:29:53.988  1928  1941 E memtrack: Couldn't load memtrack module
11-10 17:29:53.989  1928  1941 W android.os.Debug: failed to get memory consumption info: -1
11-10 17:29:54.014   387   387 I Finsky  : [2] ufj.onStartJob(4): SCH: job service start with id 9946.
11-10 17:29:54.061   387 22389 I Finsky  : [2087] udx.a(67): SCH: Satisfied jobs for 9946 are: 12-1
11-10 17:29:54.072   387 22460 I Finsky  : [2099] ttj.accept(15): SCH: Job 12-1 starting
11-10 17:29:54.079   387   387 I Finsky  : [2] ContentSyncJob.v(3): [ContentSync] job started
11-10 17:29:54.096  1928  1941 E memtrack: Couldn't load memtrack module
11-10 17:29:54.096  1928  1941 W android.os.Debug: failed to get memory consumption info: -1
11-10 17:29:54.249   387 22404 I Finsky  : [2097] gpu.i(1): Completed 0 account content syncs with 0 successful.
11-10 17:29:54.250   387   387 I Finsky  : [2] ContentSyncJob.a(1): [ContentSync] Installation state replication succeeded.
11-10 17:29:54.251   387   387 I Finsky  : [2] udu.r(4): SCH: jobFinished: 12-1. TimeElapsed: 178ms.
11-10 17:29:54.281  6353  6353 D BoundBrokerSvc: onUnbind: Intent { act=com.google.android.gms.feedback.internal.IFeedbackService dat=chimera-action: cmp=com.google.android.gms/.chimera.GmsBoundBrokerService }
11-10 17:29:54.298   387   424 I Finsky  : [1844] txg.accept(62): SCH: Scheduling phonesky job Id: 1-1337, CT: 1668096579392, Constraints: [{ L: 30106865, D: 73306865, C: 1, I: 1, N: 1 }]
11-10 17:29:54.310   387   419 I Finsky  : [1839] udr.apply(97): SCH: Scheduling 1 system job(s)
11-10 17:29:54.311   387   419 I Finsky  : [1839] udp.d(4): SCH: Scheduling system job Id: 9948, L: 7291947, D: 50491947, C: false, I: false, N: 1
11-10 17:29:54.327   387 22460 I Finsky  : [2099] ufj.a(16): SCH: job service finished with id 9946.
11-10 17:29:54.338 15588 15588 D BoundBrokerSvc: onUnbind: Intent { act=com.google.android.gms.icing.LIGHTWEIGHT_INDEX_SERVICE dat=chimera-action: cmp=com.google.android.gms/.chimera.PersistentApiService }
11-10 17:29:54.735  1928  2290 I GnssLocationProvider: WakeLock acquired by sendMessage(REPORT_SV_STATUS, 0, com.android.server.location.GnssLocationProvider$SvStatusInfo@acd2dd1)
11-10 17:29:54.737  1928  1941 I GnssLocationProvider: WakeLock released by handleMessage(REPORT_SV_STATUS, 0, com.android.server.location.GnssLocationProvider$SvStatusInfo@acd2dd1)
11-10 17:29:55.225  6288  6372 E A       : (REDACTED) Trace %s timed out after %d ms. Complete trace: %s
11-10 17:29:55.225  6288  6372 E A       : com.google.apps.tiktok.tracing.fb: 
11-10 17:29:55.225  6288  6372 E A       : 	at tk_trace.KillSwitchClient#subscribe(Started After:0)
11-10 17:29:55.246  6288  6361 E A       : (REDACTED) Trace %s timed out after %d ms. Complete trace: %s
11-10 17:29:55.246  6288  6361 E A       : com.google.apps.tiktok.tracing.fb: 
11-10 17:29:55.246  6288  6361 E A       : 	at tk_trace.Query: SELECT response_data, write_ms FROM cache_table WHERE request_data=?(Started After:0)
11-10 17:29:55.246  6288  6361 E A       : 	at tk_trace.Transaction(Started After:0)
11-10 17:29:55.246  6288  6361 E A       : 	at tk_trace.PersistentByteStoreInstaller.storeDidFault(Started After:0)
11-10 17:29:55.405 15588 15588 D BoundBrokerSvc: onUnbind: Intent { act=com.google.android.gms.nearby.exposurenotification.START dat=chimera-action: cmp=com.google.android.gms/.chimera.PersistentApiService }
11-10 17:29:55.739  1928  2290 I GnssLocationProvider: WakeLock acquired by sendMessage(REPORT_SV_STATUS, 0, com.android.server.location.GnssLocationProvider$SvStatusInfo@e249c2)
11-10 17:29:55.741  1928  1941 I GnssLocationProvider: WakeLock released by handleMessage(REPORT_SV_STATUS, 0, com.android.server.location.GnssLocationProvider$SvStatusInfo@e249c2)
11-10 17:29:56.580 22462 22462 D AndroidRuntime: >>>>>> START com.android.internal.os.RuntimeInit uid 2000 <<<<<<
11-10 17:29:56.584 22462 22462 W app_process: Could not reserve sentinel fault page
11-10 17:29:56.688 22462 22462 W app_process: Unexpected CPU variant for X86 using defaults: x86
11-10 17:29:56.697 22462 22462 I app_process: The ClassLoaderContext is a special shared library.
11-10 17:29:56.710 22462 22462 W app_process: CheckJNI: method to register "write" not in the given class. This is slow, consider changing your RegisterNatives calls.
11-10 17:29:56.715 22462 22462 I chatty  : uid=2000(shell) main identical 42 lines
11-10 17:29:56.715 22462 22462 W app_process: CheckJNI: method to register "write" not in the given class. This is slow, consider changing your RegisterNatives calls.
11-10 17:29:56.715 22462 22462 W app_process: CheckJNI: method to register "write_non_chained" not in the given class. This is slow, consider changing your RegisterNatives calls.
11-10 17:29:56.716 22462 22462 I chatty  : uid=2000(shell) main identical 7 lines
11-10 17:29:56.716 22462 22462 W app_process: CheckJNI: method to register "write_non_chained" not in the given class. This is slow, consider changing your RegisterNatives calls.
11-10 17:29:56.742  1928  2290 I GnssLocationProvider: WakeLock acquired by sendMessage(REPORT_SV_STATUS, 0, com.android.server.location.GnssLocationProvider$SvStatusInfo@deb3d3)
11-10 17:29:56.745  1928  1941 I GnssLocationProvider: WakeLock released by handleMessage(REPORT_SV_STATUS, 0, com.android.server.location.GnssLocationProvider$SvStatusInfo@deb3d3)
11-10 17:29:56.750 22462 22462 D AndroidRuntime: Calling main entry com.android.commands.content.Content
11-10 17:29:56.766  1928  1928 V SettingsProvider: Notifying for 0: content://settings/system/accelerometer_rotation
11-10 17:29:56.766 22462 22462 D AndroidRuntime: Shutting down VM
11-10 17:29:56.946 22472 22472 D AndroidRuntime: >>>>>> START com.android.internal.os.RuntimeInit uid 2000 <<<<<<
11-10 17:29:57.002 22472 22472 W app_process: Unexpected CPU variant for X86 using defaults: x86
11-10 17:29:57.005 22472 22472 I app_process: The ClassLoaderContext is a special shared library.
11-10 17:29:57.014 22472 22472 W app_process: CheckJNI: method to register "write" not in the given class. This is slow, consider changing your RegisterNatives calls.
11-10 17:29:57.019 22472 22472 I chatty  : uid=2000(shell) main identical 42 lines
11-10 17:29:57.019 22472 22472 W app_process: CheckJNI: method to register "write" not in the given class. This is slow, consider changing your RegisterNatives calls.
11-10 17:29:57.019 22472 22472 W app_process: CheckJNI: method to register "write_non_chained" not in the given class. This is slow, consider changing your RegisterNatives calls.
11-10 17:29:57.019 22472 22472 I chatty  : uid=2000(shell) main identical 7 lines
11-10 17:29:57.020 22472 22472 W app_process: CheckJNI: method to register "write_non_chained" not in the given class. This is slow, consider changing your RegisterNatives calls.
11-10 17:29:57.040 22472 22472 D AndroidRuntime: Calling main entry com.android.commands.content.Content
11-10 17:29:57.048  1928  1928 V SettingsProvider: Notifying for 0: content://settings/system/user_rotation
11-10 17:29:57.049 22472 22472 D AndroidRuntime: Shutting down VM
11-10 17:29:57.201 14769 14769 I EmojiSuperpacksFeature: Emoji superpacks enabled
11-10 17:29:57.203 14769 14769 I Conv2QueryExtension: isEnabled() : true
11-10 17:29:57.205 14769 14769 I FeatureCardGenerator: Make a GIF card not added
11-10 17:29:57.216 14769 14769 I FeatureCardGenerator: Autospace card not added
11-10 17:29:57.746  1928  2290 I GnssLocationProvider: WakeLock acquired by sendMessage(REPORT_SV_STATUS, 0, com.android.server.location.GnssLocationProvider$SvStatusInfo@6242d41)
11-10 17:29:57.748  1928  1941 I GnssLocationProvider: WakeLock released by handleMessage(REPORT_SV_STATUS, 0, com.android.server.location.GnssLocationProvider$SvStatusInfo@6242d41)
11-10 17:29:58.119  1928  1937 I system_server: Background concurrent copying GC freed 133680(5MB) AllocSpace objects, 32(1280KB) LOS objects, 18% free, 26MB/32MB, paused 566us total 132.142ms
11-10 17:29:58.269 22504 22504 D AndroidRuntime: >>>>>> START com.android.internal.os.RuntimeInit uid 2000 <<<<<<
11-10 17:29:58.481 22504 22504 W app_process: Unexpected CPU variant for X86 using defaults: x86
11-10 17:29:58.491 22504 22504 I app_process: The ClassLoaderContext is a special shared library.
11-10 17:29:58.499 22504 22504 I app_process: The ClassLoaderContext is a special shared library.
11-10 17:29:58.521 22504 22504 W app_process: CheckJNI: method to register "write" not in the given class. This is slow, consider changing your RegisterNatives calls.
11-10 17:29:58.524 22504 22504 I chatty  : uid=2000(shell) main identical 42 lines
11-10 17:29:58.524 22504 22504 W app_process: CheckJNI: method to register "write" not in the given class. This is slow, consider changing your RegisterNatives calls.
11-10 17:29:58.524 22504 22504 W app_process: CheckJNI: method to register "write_non_chained" not in the given class. This is slow, consider changing your RegisterNatives calls.
11-10 17:29:58.525 22504 22504 I chatty  : uid=2000(shell) main identical 7 lines
11-10 17:29:58.525 22504 22504 W app_process: CheckJNI: method to register "write_non_chained" not in the given class. This is slow, consider changing your RegisterNatives calls.
11-10 17:29:58.606 22504 22504 D AndroidRuntime: Calling main entry com.android.commands.uiautomator.Launcher
11-10 17:29:58.636  1928  1928 V SettingsProvider: Notifying for 0: content://settings/secure/accessibility_enabled
11-10 17:29:58.679  6288  6356 I A       : NGA disabled due to not being eligible.
11-10 17:29:58.750  1928  2290 I GnssLocationProvider: WakeLock acquired by sendMessage(REPORT_SV_STATUS, 0, com.android.server.location.GnssLocationProvider$SvStatusInfo@890e2d4)
11-10 17:29:58.752  1928  1941 I GnssLocationProvider: WakeLock released by handleMessage(REPORT_SV_STATUS, 0, com.android.server.location.GnssLocationProvider$SvStatusInfo@890e2d4)
11-10 17:29:59.697 22504 22504 I AccessibilityNodeInfoDumper: Skipping invisible child: android.view.accessibility.AccessibilityNodeInfo@12804; boundsInParent: Rect(0, 0 - 1080, 1582); boundsInScreen: Rect(1080, 63 - 1080, 1645); packageName: org.shadowice.flocke.andotp.dev; className: android.widget.ScrollView; text: null; error: null; maxTextLength: -1; contentDescription: null; tooltipText: null; viewIdResName: null; checkable: false; checked: false; focusable: true; focused: false; selected: false; clickable: false; longClickable: false; contextClickable: false; enabled: true; password: false; scrollable: false; importantForAccessibility: true; visible: false; actions: [AccessibilityAction: ACTION_FOCUS - null, AccessibilityAction: ACTION_SELECT - null, AccessibilityAction: ACTION_CLEAR_SELECTION - null, AccessibilityAction: ACTION_ACCESSIBILITY_FOCUS - null, AccessibilityAction: ACTION_SHOW_ON_SCREEN - null]
11-10 17:29:59.698 22504 22504 I AccessibilityNodeInfoDumper: Skipping invisible child: android.view.accessibility.AccessibilityNodeInfo@11900; boundsInParent: Rect(0, 0 - 147, 147); boundsInScreen: Rect(42, 1983 - 189, 1794); packageName: org.shadowice.flocke.andotp.dev; className: android.widget.ImageButton; text: null; error: null; maxTextLength: -1; contentDescription: Back; tooltipText: null; viewIdResName: org.shadowice.flocke.andotp.dev:id/mi_button_back; checkable: false; checked: false; focusable: true; focused: false; selected: false; clickable: true; longClickable: true; contextClickable: false; enabled: true; password: false; scrollable: false; importantForAccessibility: true; visible: false; actions: [AccessibilityAction: ACTION_FOCUS - null, AccessibilityAction: ACTION_SELECT - null, AccessibilityAction: ACTION_CLEAR_SELECTION - null, AccessibilityAction: ACTION_CLICK - null, AccessibilityAction: ACTION_LONG_CLICK - null, AccessibilityAction: ACTION_ACCESSIBILITY_FOCUS - null, AccessibilityAction: ACTION_NEXT_AT_MOVEMENT_GRANULARITY - null, AccessibilityAction: ACTION_PREVIOUS_AT_MOVEMENT_GRANULARITY - null, AccessibilityAction: ACTION_SET_SELECTION - null, AccessibilityAction: ACTION_SHOW_ON_SCREEN - null]
11-10 17:29:59.698 22504 22504 W AccessibilityNodeInfoDumper: Fetch time: 5ms
11-10 17:29:59.699  1928  2267 W WindowManager: removeWindowToken: Attempted to remove non-existing token: android.os.Binder@47742e6
11-10 17:29:59.701  1928  1928 V SettingsProvider: Notifying for 0: content://settings/secure/accessibility_enabled
11-10 17:29:59.705  1928  1928 V SettingsProvider: Notifying for 0: content://settings/system/user_rotation
11-10 17:29:59.706  1928  1928 V SettingsProvider: Notifying for 0: content://settings/system/accelerometer_rotation
11-10 17:29:59.707  6288  6356 I A       : NGA disabled due to not being eligible.
11-10 17:29:59.710 22504 22504 D AndroidRuntime: Shutting down VM
11-10 17:29:59.755  1928  2290 I GnssLocationProvider: WakeLock acquired by sendMessage(REPORT_SV_STATUS, 0, com.android.server.location.GnssLocationProvider$SvStatusInfo@1e4a772)
11-10 17:29:59.757  1928  1941 I GnssLocationProvider: WakeLock released by handleMessage(REPORT_SV_STATUS, 0, com.android.server.location.GnssLocationProvider$SvStatusInfo@1e4a772)
11-10 17:30:00.006  1928  1941 E memtrack: Couldn't load memtrack module
11-10 17:30:00.007  1928  1941 W android.os.Debug: failed to get memory consumption info: -1
11-10 17:30:00.041  2156  2365 D EGL_emulation: eglMakeCurrent: 0xdaf4bd80: ver 3 0 (tinfo 0xdaf4f4a0)
11-10 17:30:00.052 22522 22522 D AndroidRuntime: >>>>>> START com.android.internal.os.RuntimeInit uid 2000 <<<<<<
11-10 17:30:00.112 22522 22522 W app_process: Unexpected CPU variant for X86 using defaults: x86
11-10 17:30:00.115 22522 22522 I app_process: The ClassLoaderContext is a special shared library.
