--------- beginning of main
11-10 17:27:45.289  1928  2290 I GnssLocationProvider: WakeLock acquired by sendMessage(REPORT_SV_STATUS, 0, com.android.server.location.GnssLocationProvider$SvStatusInfo@f64d403)
11-10 17:27:45.290  1928  1941 I GnssLocationProvider: WakeLock released by handleMessage(REPORT_SV_STATUS, 0, com.android.server.location.GnssLocationProvider$SvStatusInfo@f64d403)
11-10 17:27:46.289  1928  2290 I GnssLocationProvider: WakeLock acquired by sendMessage(REPORT_SV_STATUS, 0, com.android.server.location.GnssLocationProvider$SvStatusInfo@3d95f80)
11-10 17:27:46.290  1928  1941 I GnssLocationProvider: WakeLock released by handleMessage(REPORT_SV_STATUS, 0, com.android.server.location.GnssLocationProvider$SvStatusInfo@3d95f80)
11-10 17:27:47.292  1928  2290 I GnssLocationProvider: WakeLock acquired by sendMessage(REPORT_SV_STATUS, 0, com.android.server.location.GnssLocationProvider$SvStatusInfo@ba6d9b9)
11-10 17:27:47.292  1928  1941 I GnssLocationProvider: WakeLock released by handleMessage(REPORT_SV_STATUS, 0, com.android.server.location.GnssLocationProvider$SvStatusInfo@ba6d9b9)
11-10 17:27:48.296  1928  2290 I GnssLocationProvider: WakeLock acquired by sendMessage(REPORT_SV_STATUS, 0, com.android.server.location.GnssLocationProvider$SvStatusInfo@356ad5f)
11-10 17:27:48.297  1928  1941 I GnssLocationProvider: WakeLock released by handleMessage(REPORT_SV_STATUS, 0, com.android.server.location.GnssLocationProvider$SvStatusInfo@356ad5f)
11-10 17:27:48.930  1928  1941 E memtrack: Couldn't load memtrack module
11-10 17:27:48.930  1928  1941 W android.os.Debug: failed to get memory consumption info: -1
11-10 17:27:48.944  1928  1941 E memtrack: Couldn't load memtrack module
11-10 17:27:48.944  1928  1941 W android.os.Debug: failed to get memory consumption info: -1
--------- beginning of system
11-10 17:27:49.221  1928  1955 V BackupManagerService: restoreAtInstall pkg=org.shadowice.flocke.andotp.dev token=2c restoreSet=0
11-10 17:27:49.227  1928  1955 V BackupManagerService: Finishing install immediately
11-10 17:27:49.233  1774  5461 E         : Couldn't opendir /data/app/vmdl765618454.tmp: No such file or directory
11-10 17:27:49.235  1774  5461 E installd: Failed to delete /data/app/vmdl765618454.tmp: No such file or directory
11-10 17:27:49.374  1928  2290 I GnssLocationProvider: WakeLock acquired by sendMessage(REPORT_SV_STATUS, 0, com.android.server.location.GnssLocationProvider$SvStatusInfo@5f626ae)
11-10 17:27:49.382  2140  2140 D ImsResolver: maybeAddedImsService, packageName: org.shadowice.flocke.andotp.dev
11-10 17:27:49.399  1928  2632 W BroadcastQueue: Background execution not allowed: receiving Intent { act=android.intent.action.PACKAGE_ADDED dat=package:org.shadowice.flocke.andotp.dev flg=0x4000010 (has extras) } to com.android.musicfx/.Compatibility$Receiver
11-10 17:27:49.400  1928  1942 W BroadcastQueue: Background execution not allowed: receiving Intent { act=android.intent.action.PACKAGE_ADDED dat=package:org.shadowice.flocke.andotp.dev flg=0x4000010 (has extras) } to com.android.vending/com.google.android.finsky.packagemonitor.impl.PackageMonitorReceiverImpl$RegisteredReceiver
11-10 17:27:49.400  1928  1942 W BroadcastQueue: Background execution not allowed: receiving Intent { act=android.intent.action.PACKAGE_ADDED dat=package:org.shadowice.flocke.andotp.dev flg=0x4000010 (has extras) } to com.google.android.gms/.games.chimera.GamesSystemBroadcastReceiverProxy
11-10 17:27:49.400  1928  1942 W BroadcastQueue: Background execution not allowed: receiving Intent { act=android.intent.action.PACKAGE_ADDED dat=package:org.shadowice.flocke.andotp.dev flg=0x4000010 (has extras) } to com.google.android.gms/.gass.chimera.PackageChangeBroadcastReceiver
11-10 17:27:49.400  1928  1942 W BroadcastQueue: Background execution not allowed: receiving Intent { act=android.intent.action.PACKAGE_ADDED dat=package:org.shadowice.flocke.andotp.dev flg=0x4000010 (has extras) } to com.google.android.gms/.chimera.GmsIntentOperationService$PersistentTrustedReceiver
11-10 17:27:49.400  1928  1942 W BroadcastQueue: Background execution not allowed: receiving Intent { act=android.intent.action.PACKAGE_ADDED dat=package:org.shadowice.flocke.andotp.dev flg=0x4000010 (has extras) } to com.google.android.googlequicksearchbox/com.google.android.apps.gsa.googlequicksearchbox.GelStubAppWatcher
11-10 17:27:49.400  1928  1942 W BroadcastQueue: Background execution not allowed: receiving Intent { act=android.intent.action.PACKAGE_ADDED dat=package:org.shadowice.flocke.andotp.dev flg=0x4000010 (has extras) } to com.google.android.ims/.receivers.RcsAutoStartReceiver
11-10 17:27:49.552 21517 21517 I GsaVoiceInteractionSrv: (REDACTED) O received %s
11-10 17:27:49.569   387   387 I Finsky  : [2] rmi.i(0): PackageMonitorReceiverImpl - Received: android.intent.action.PACKAGE_ADDED, [jEyOj-1q9jtmLN_HZ4u3WwYAEiAWYQag0ITdAtZ-Aco]
11-10 17:27:49.590  2140  2140 D CarrierSvcBindHelper: No carrier app for: 0
11-10 17:27:49.597 15588 21179 W GCM     : Unexpected forwarded intent: Intent { act=android.intent.action.PACKAGE_ADDED dat=package:org.shadowice.flocke.andotp.dev flg=0x4000010 pkg=com.google.android.gms cmp=com.google.android.gms/.chimera.PersistentIntentOperationService (has extras) }
11-10 17:27:49.599  6353 21185 I Auth    : [SupervisedAccountIntentOperation] onHandleIntent(): android.intent.action.PACKAGE_ADDED
11-10 17:27:49.606  4376  4376 I CarrierServices: [2] RcsAutoStartReceiver.b: carrierServicesJibeServiceEnabled changed from true to true
11-10 17:27:49.607  6353  6353 D BoundBrokerSvc: onBind: Intent { act=com.google.android.gms.common.BIND_SHARED_PREFS pkg=com.google.android.gms }
11-10 17:27:49.607  6353  6353 D BoundBrokerSvc: Loading bound service for intent: Intent { act=com.google.android.gms.common.BIND_SHARED_PREFS pkg=com.google.android.gms }
11-10 17:27:49.617  1928  1937 I system_server: Background concurrent copying GC freed 27562(1540KB) AllocSpace objects, 22(792KB) LOS objects, 18% free, 26MB/32MB, paused 895us total 385.233ms
11-10 17:27:49.625  6353 21185 I BlockstoreStorage: Clearing Blockstore Data for package org.shadowice.flocke.andotp.dev [CONTEXT service_id=258 ]
11-10 17:27:49.626 15588 21177 W GCM     : Unexpected forwarded intent: Intent { act=android.intent.action.PACKAGE_ADDED dat=package:org.shadowice.flocke.andotp.dev flg=0x4000010 pkg=com.google.android.gms cmp=com.google.android.gms/.chimera.PersistentIntentOperationService (has extras) }
11-10 17:27:49.630 15588 21182 I FontLog : Package org.shadowice.flocke.andotp.dev has no metadata [CONTEXT service_id=132 ]
11-10 17:27:49.646  6353  6353 D BoundBrokerSvc: onUnbind: Intent { act=com.google.android.gms.common.BIND_SHARED_PREFS pkg=com.google.android.gms }
11-10 17:27:49.655  4376  4376 I CarrierServices: [2] RcsAutoStartReceiver.b: enableRcs changed from true to true
11-10 17:27:49.656  4376  4376 I CarrierServices: [2] RcsAutoStartReceiver.b: RcsAutoStartReceiver triggered. Fetching RCS State. Action: android.intent.action.PACKAGE_ADDED
11-10 17:27:49.656  6353 21185 I BlockstoreStorage: Keyless data not found or its IsLastInstallationData = false. [CONTEXT service_id=258 ]
11-10 17:27:49.666  1928  1941 E system_server: No package ID 7f found for ID 0x7f08009f.
11-10 17:27:49.666  1928  1941 E system_server: No package ID 7f found for ID 0x7f110cd2.
11-10 17:27:49.666  1928  1941 E system_server: No package ID 7f found for ID 0x7f110cd2.
11-10 17:27:49.677  4376  4376 I CarrierServices: [2] aws.a: Migration binding to RcsMigrationService
11-10 17:27:49.705  1928  1941 E system_server: No package ID 7f found for ID 0x7f0800ab.
11-10 17:27:49.705  1928  1941 E system_server: No package ID 7f found for ID 0x7f110cd1.
11-10 17:27:49.706  1928  1941 E system_server: No package ID 7f found for ID 0x7f110cd1.
11-10 17:27:49.706  1928  1941 E system_server: No package ID 7f found for ID 0x7f0800a6.
11-10 17:27:49.706  1928  1941 E system_server: No package ID 7f found for ID 0x7f110cd0.
11-10 17:27:49.706  1928  1941 E system_server: No package ID 7f found for ID 0x7f110cd0.
11-10 17:27:49.719   387   387 I Finsky  : [2] rmy.n(8): Invalidating cached PackageState for org.shadowice.flocke.andotp.dev
11-10 17:27:49.781  2140  2140 D CarrierConfigLoader: mHandler: 9 phoneId: 0
11-10 17:27:49.842 15588 15588 D BoundBrokerSvc: onBind: Intent { act=com.google.android.gms.nearby.exposurenotification.START dat=chimera-action: cmp=com.google.android.gms/.chimera.PersistentApiService }
11-10 17:27:49.842 15588 15588 D BoundBrokerSvc: Loading bound service for intent: Intent { act=com.google.android.gms.nearby.exposurenotification.START dat=chimera-action: cmp=com.google.android.gms/.chimera.PersistentApiService }
11-10 17:27:49.894  6684  6684 I Bugle   : returning RCS state provider.
11-10 17:27:49.964  1928  1944 W ActivityManager: Slow operation: 60ms so far, now at startProcess: returned from zygote!
11-10 17:27:49.964  1928  1944 W ActivityManager: Slow operation: 60ms so far, now at startProcess: done updating battery stats
11-10 17:27:49.965  1928  1944 W ActivityManager: Slow operation: 60ms so far, now at startProcess: building log message
11-10 17:27:49.965  1928  1944 I ActivityManager: Start proc 21194:com.google.android.apps.docs/u0a76 for content provider com.google.android.apps.docs/.storagebackend.StorageBackendContentProvider
11-10 17:27:49.965  1928  1944 W ActivityManager: Slow operation: 60ms so far, now at startProcess: starting to update pids map
11-10 17:27:49.965  1928  1944 W ActivityManager: Slow operation: 60ms so far, now at startProcess: done updating pids map
11-10 17:27:49.985 21194 21194 W droid.apps.doc: Unexpected CPU variant for X86 using defaults: x86
11-10 17:27:50.008 21194 21194 E droid.apps.doc: Not starting debugger since process cannot load the jdwp agent.
11-10 17:27:50.048  1928  1928 W Looper  : Slow dispatch took 666ms main h=android.app.ActivityThread$H c=android.app.-$$Lambda$LoadedApk$ReceiverDispatcher$Args$_BumDX2UKsnxLVrE6UJsJZkotuA@1210427 m=0
11-10 17:27:50.048  1928  1928 W Looper  : Slow delivery took 679ms main h=android.app.ActivityThread$H c=android.app.-$$Lambda$LoadedApk$ReceiverDispatcher$Args$_BumDX2UKsnxLVrE6UJsJZkotuA@77cd6d4 m=0
11-10 17:27:50.112 21194 21194 I droid.apps.doc: The ClassLoaderContext is a special shared library.
11-10 17:27:50.118  6684 12611 I CarrierServices: [1958] inq.shouldUseCarrierServicesApkForV1Apis: Checking if using CarrierServices.apk is possible. Enabled: true, isAtLeastM: true, runningInsideBugle: true
11-10 17:27:50.155  6684 12611 I CarrierServices: [1958] inq.e: Network Operator: 310260
11-10 17:27:50.161 21194 21194 I droid.apps.doc: The ClassLoaderContext is a special shared library.
11-10 17:27:50.164   387 21193 I Finsky  : [2066] kye.run(18): Wrote row to frosting DB: 194
11-10 17:27:50.171  6684 12611 I CarrierServices: [1958] inq.e: carrierWithOldEcApis: false
11-10 17:27:50.171  6684 12611 I CarrierServices: [1958] inq.e: hasDialerThatSupportsNewEc: false
11-10 17:27:50.185 15588 15717 W ChimeraUtils: Module com.google.android.gms.nearby_en has empty metadata display_name_string_id
11-10 17:27:50.186   387   387 I Finsky  : [2] vmc.a(8): Clearing split related stale data.
11-10 17:27:50.210  1928  1996 I InputReader: Reconfiguring input devices.  changes=0x00000010
11-10 17:27:50.233 15588 15717 W ChimeraUtils: Module com.google.android.gms.nearby_en has empty metadata display_name_string_id
11-10 17:27:50.254   387   387 I Finsky  : [2] accj.c(3): Do not start WearSupportService due to Wear service optimization
11-10 17:27:50.257   387 21193 I Finsky  : [2066] kye.run(18): Wrote row to frosting DB: 195
11-10 17:27:50.261  6353  6468 I Icing   : IndexChimeraService.getServiceInterface callingPackage=com.google.android.gms componentName=AppsCorpus serviceId=36
11-10 17:27:50.266  6353  6353 D BoundBrokerSvc: onBind: Intent { act=com.google.android.gms.feedback.internal.IFeedbackService dat=chimera-action: cmp=com.google.android.gms/.chimera.GmsBoundBrokerService }
11-10 17:27:50.266  6353  6353 D BoundBrokerSvc: Loading bound service for intent: Intent { act=com.google.android.gms.feedback.internal.IFeedbackService dat=chimera-action: cmp=com.google.android.gms/.chimera.GmsBoundBrokerService }
11-10 17:27:50.292  6684 12611 W RcsProvisioning: Failed to read configuration: /data/user/0/com.google.android.apps.messaging/files/rcsconfig (No such file or directory)
11-10 17:27:50.296  6684 12611 W RcsProvisioning: java.io.FileNotFoundException: /data/user/0/com.google.android.apps.messaging/files/rcsconfig (No such file or directory)
11-10 17:27:50.296  6684 12611 W RcsProvisioning: 	at java.io.FileInputStream.open0(Native Method)
11-10 17:27:50.296  6684 12611 W RcsProvisioning: 	at java.io.FileInputStream.open(FileInputStream.java:231)
11-10 17:27:50.296  6684 12611 W RcsProvisioning: 	at java.io.FileInputStream.<init>(FileInputStream.java:165)
11-10 17:27:50.296  6684 12611 W RcsProvisioning: 	at android.app.ContextImpl.openFileInput(ContextImpl.java:560)
11-10 17:27:50.296  6684 12611 W RcsProvisioning: 	at android.content.ContextWrapper.openFileInput(ContextWrapper.java:202)
11-10 17:27:50.296  6684 12611 W RcsProvisioning: 	at ion.a(SourceFile:2)
11-10 17:27:50.296  6684 12611 W RcsProvisioning: 	at idl.a(SourceFile:4)
11-10 17:27:50.296  6684 12611 W RcsProvisioning: 	at idm.a(SourceFile:7)
11-10 17:27:50.296  6684 12611 W RcsProvisioning: 	at com.google.android.apps.messaging.rcsmigration.RcsStateProvider.buildRcsState(SourceFile:81)
11-10 17:27:50.296  6684 12611 W RcsProvisioning: 	at com.google.android.apps.messaging.rcsmigration.RcsStateProvider.getRcsState(SourceFile:6)
11-10 17:27:50.296  6684 12611 W RcsProvisioning: 	at com.google.android.ims.rcsmigration.IRcsStateProvider$Stub.dispatchTransaction(SourceFile:10)
11-10 17:27:50.296  6684 12611 W RcsProvisioning: 	at com.google.android.aidl.BaseStub.onTransact(SourceFile:18)
11-10 17:27:50.296  6684 12611 W RcsProvisioning: 	at android.os.Binder.execTransact(Binder.java:731)
11-10 17:27:50.296  6684 12611 D RcsProvisioning: Retrieving backup token
11-10 17:27:50.304  1928  2290 I GnssLocationProvider: WakeLock acquired by sendMessage(REPORT_SV_STATUS, 0, com.android.server.location.GnssLocationProvider$SvStatusInfo@69ddad2)
11-10 17:27:50.330  6684 12611 D RcsProvisioning: Exception while getting subscriber Id. Using default
11-10 17:27:50.366  6353 19548 W Icing   : No valid account for uploading user actions
11-10 17:27:50.368 15588 15588 D BoundBrokerSvc: onBind: Intent { act=com.google.android.gms.icing.LIGHTWEIGHT_INDEX_SERVICE dat=chimera-action: cmp=com.google.android.gms/.chimera.PersistentApiService }
11-10 17:27:50.368 15588 15588 D BoundBrokerSvc: Loading bound service for intent: Intent { act=com.google.android.gms.icing.LIGHTWEIGHT_INDEX_SERVICE dat=chimera-action: cmp=com.google.android.gms/.chimera.PersistentApiService }
11-10 17:27:50.379   387 21214 I Finsky  : [2071] at.a(48): Asset module storage cleared for package org.shadowice.flocke.andotp.dev.
11-10 17:27:50.382   387   404 I android.vendin: Waiting for a blocking GC ProfileSaver
11-10 17:27:50.423  6353 19548 I Icing   : Usage reports ok 0, Failed Usage reports 0, indexed 0, rejected 0
11-10 17:27:50.432  6684 12611 D RcsProvisioning: No backup token found
11-10 17:27:50.434  6353  6468 I Icing   : IndexChimeraService.getServiceInterface callingPackage=com.google.android.gms componentName=null serviceId=30
11-10 17:27:50.436  6684 12611 D RcsProvisioning: Retrieving backup token
11-10 17:27:50.436  6684 12611 D RcsProvisioning: Exception while getting subscriber Id. Using default
11-10 17:27:50.516  1928  1946 E BatteryExternalStatsWorker: no controller energy info supplied for wifi
11-10 17:27:50.542  6684 12611 D RcsProvisioning: No backup token found
11-10 17:27:50.612  6684 12611 W RcsProvisioning: Failed to read configuration: /data/user/0/com.google.android.apps.messaging/files/rcsconfig (No such file or directory)
11-10 17:27:50.613  6684 12611 W RcsProvisioning: java.io.FileNotFoundException: /data/user/0/com.google.android.apps.messaging/files/rcsconfig (No such file or directory)
11-10 17:27:50.613  6684 12611 W RcsProvisioning: 	at java.io.FileInputStream.open0(Native Method)
11-10 17:27:50.613  6684 12611 W RcsProvisioning: 	at java.io.FileInputStream.open(FileInputStream.java:231)
11-10 17:27:50.613  6684 12611 W RcsProvisioning: 	at java.io.FileInputStream.<init>(FileInputStream.java:165)
11-10 17:27:50.613  6684 12611 W RcsProvisioning: 	at android.app.ContextImpl.openFileInput(ContextImpl.java:560)
11-10 17:27:50.613  6684 12611 W RcsProvisioning: 	at android.content.ContextWrapper.openFileInput(ContextWrapper.java:202)
11-10 17:27:50.613  6684 12611 W RcsProvisioning: 	at ion.a(SourceFile:2)
11-10 17:27:50.613  6684 12611 W RcsProvisioning: 	at idl.a(SourceFile:4)
11-10 17:27:50.613  6684 12611 W RcsProvisioning: 	at idm.a(SourceFile:7)
11-10 17:27:50.613  6684 12611 W RcsProvisioning: 	at iez.buildConferencesFileName(SourceFile:30)
11-10 17:27:50.613  6684 12611 W RcsProvisioning: 	at com.google.android.apps.messaging.rcsmigration.RcsStateProvider.buildRcsState(SourceFile:129)
11-10 17:27:50.613  6684 12611 W RcsProvisioning: 	at com.google.android.apps.messaging.rcsmigration.RcsStateProvider.getRcsState(SourceFile:6)
11-10 17:27:50.613  6684 12611 W RcsProvisioning: 	at com.google.android.ims.rcsmigration.IRcsStateProvider$Stub.dispatchTransaction(SourceFile:10)
11-10 17:27:50.613  6684 12611 W RcsProvisioning: 	at com.google.android.aidl.BaseStub.onTransact(SourceFile:18)
11-10 17:27:50.613  6684 12611 W RcsProvisioning: 	at android.os.Binder.execTransact(Binder.java:731)
11-10 17:27:50.613  6684 12611 D RcsProvisioning: Retrieving backup token
11-10 17:27:50.613  6684 12611 D RcsProvisioning: Exception while getting subscriber Id. Using default
11-10 17:27:50.620  6353 19548 W Icing   : No valid account for uploading user actions
11-10 17:27:50.640  1928  1928 W Looper  : Slow dispatch took 582ms main h=android.app.ActivityThread$H c=android.app.-$$Lambda$LoadedApk$ReceiverDispatcher$Args$_BumDX2UKsnxLVrE6UJsJZkotuA@e546f93 m=0
11-10 17:27:50.679  1928  1928 I Telecom : DefaultDialerCache: Refreshing default dialer for user 0: now com.google.android.dialer: DDC.oR@AhQ
11-10 17:27:50.694  1928  1928 V BackupManagerConstants: getFullBackupIntervalMilliseconds(...) returns 86400000
11-10 17:27:50.715  6353 19548 I Icing   : Usage reports ok 0, Failed Usage reports 0, indexed 0, rejected 0
11-10 17:27:50.716  6684 12611 D RcsProvisioning: No backup token found
11-10 17:27:50.718  6684 12611 E CarrierServices: [1958] iez.getFile: File not found.: /data/user/0/com.google.android.apps.messaging/files/httpft_pending (No such file or directory)
11-10 17:27:50.718  6684 12611 E CarrierServices: 	java.io.FileInputStream.open0(Native Method)
11-10 17:27:50.718  6684 12611 E CarrierServices: 	java.io.FileInputStream.open(FileInputStream.java:231)
11-10 17:27:50.718  6684 12611 E CarrierServices: 	java.io.FileInputStream.<init>(FileInputStream.java:165)
11-10 17:27:50.718  6684 12611 E CarrierServices: 	android.app.ContextImpl.openFileInput(ContextImpl.java:560)
11-10 17:27:50.718  6684 12611 E CarrierServices: 	android.content.ContextWrapper.openFileInput(ContextWrapper.java:202)
11-10 17:27:50.718  6684 12611 E CarrierServices: 	iez.getFile(SourceFile:20)
11-10 17:27:50.718  6684 12611 E CarrierServices: 	com.google.android.apps.messaging.rcsmigration.RcsStateProvider.buildRcsState(SourceFile:136)
11-10 17:27:50.718  6684 12611 E CarrierServices: 	com.google.android.apps.messaging.rcsmigration.RcsStateProvider.getRcsState(SourceFile:6)
11-10 17:27:50.718  6684 12611 E CarrierServices: 	com.google.android.ims.rcsmigration.IRcsStateProvider$Stub.dispatchTransaction(SourceFile:10)
11-10 17:27:50.718  6684 12611 E CarrierServices: 	com.google.android.aidl.BaseStub.onTransact(SourceFile:18)
11-10 17:27:50.718  6684 12611 E CarrierServices: 	android.os.Binder.execTransact(Binder.java:731)
11-10 17:27:50.764  6353 19548 I Icing   : Indexing com.google.android.gms-apps from com.google.android.gms
11-10 17:27:50.776  4376 21224 I CarrierServices: [373] awt.doInBackground: Saving RCS State
11-10 17:27:50.777  4376 21224 I CarrierServices: [373] awt.doInBackground: Old operation mode: 2
11-10 17:27:50.792  4376 21224 I CarrierServices: [373] awt.doInBackground: New operation mode: 2
11-10 17:27:50.812  6684 12611 I CarrierServices: [1958] RcsStateProvider.onMigrationComplete: Migration complete.
11-10 17:27:50.845  6684 12611 I CarrierServices: [1958] inq.shouldUseCarrierServicesApkForV1Apis: Checking if using CarrierServices.apk is possible. Enabled: true, isAtLeastM: true, runningInsideBugle: true
11-10 17:27:50.855   387   404 I android.vendin: WaitForGcToComplete blocked ProfileSaver on ProfileSaver for 481.607ms
11-10 17:27:50.859  6684 12611 I CarrierServices: [1958] inq.e: Network Operator: 310260
11-10 17:27:50.862  6684 12611 I CarrierServices: [1958] inq.e: carrierWithOldEcApis: false
11-10 17:27:50.875  6684 12611 I CarrierServices: [1958] inq.e: hasDialerThatSupportsNewEc: false
11-10 17:27:50.877  6684 12611 I CarrierServices: [1958] RcsStateProvider.onMigrationComplete: Rcs Engine should be running in cs.apk. Stopping JibeService.
11-10 17:27:50.896 21194 21225 I GAv4    : Google Analytics 10.2.98 is starting up. To enable debug logging on a device run:
11-10 17:27:50.896 21194 21225 I GAv4    :   adb shell setprop log.tag.GAv4 DEBUG
11-10 17:27:50.896 21194 21225 I GAv4    :   adb logcat -s GAv4
11-10 17:27:50.897  6353 19548 I Icing   : Indexing done com.google.android.gms-apps
11-10 17:27:50.902  6684 12611 I CarrierServices: [1958] RcsStateProvider.onMigrationComplete: JibeService stopped: true
11-10 17:27:50.924  6684 12611 I CarrierServices: [1958] inq.e: Network Operator: 310260
11-10 17:27:50.927  6684 12611 I CarrierServices: [1958] inq.e: carrierWithOldEcApis: false
11-10 17:27:50.927  6684 12611 I CarrierServices: [1958] inq.e: hasDialerThatSupportsNewEc: false
11-10 17:27:50.937  6684 12611 I CarrierServices: [1958] jsn.connect: shouldUseCarrierServicesJibeService: true, CarrierServices rcs service found: true
11-10 17:27:50.937  6684 12611 I CarrierServices: [1958] jsn.connect: Binding to JibeService in CarrierServices.
11-10 17:27:50.946 21194 21228 W GAv4    : AnalyticsReceiver is not registered or is disabled. Register the receiver for reliable dispatching on non-Google Play devices. See http://goo.gl/8Rd3yj for instructions.
11-10 17:27:50.951  6684 12611 I CarrierServices: [1958] inq.e: Network Operator: 310260
11-10 17:27:50.953  6684 12611 I CarrierServices: [1958] inq.e: carrierWithOldEcApis: false
11-10 17:27:50.953  6684 12611 I CarrierServices: [1958] inq.e: hasDialerThatSupportsNewEc: false
11-10 17:27:50.955  6684  6684 D RcsClientLib: Service com.google.android.rcs.client.chatsession.ChatSessionService connected. Will notify listeners: true
11-10 17:27:50.955  6684  6684 V BugleRcs: com.google.android.rcs.client.chatsession.ChatSessionService RCS service connected
11-10 17:27:50.955  6684 12611 I CarrierServices: [1958] jsn.connect: shouldUseCarrierServicesJibeService: true, CarrierServices rcs service found: true
11-10 17:27:50.956  6684 12611 I CarrierServices: [1958] jsn.connect: Binding to JibeService in CarrierServices.
11-10 17:27:50.958  6684  6684 D RcsClientLib: Service com.google.android.rcs.client.events.EventService connected. Will notify listeners: true
11-10 17:27:50.958  6684  6684 V BugleRcs: com.google.android.rcs.client.events.EventService RCS service connected
11-10 17:27:50.959 21176 21176 D AndroidRuntime: >>>>>> START com.android.internal.os.RuntimeInit uid 2000 <<<<<<
11-10 17:27:50.975  6684 12611 I CarrierServices: [1958] inq.e: Network Operator: 310260
11-10 17:27:50.977  6684 12611 I CarrierServices: [1958] inq.e: carrierWithOldEcApis: false
11-10 17:27:50.977  6684 12611 I CarrierServices: [1958] inq.e: hasDialerThatSupportsNewEc: false
11-10 17:27:50.980 21194 21194 W FieldDefinition: Ignoring isIndexed constraint as field also has uniqueness constraint (on just this field, and therefore SQLite will have to create an index on that. For field: com.google.android.apps.docs.database.common.FieldDefinition$a@9ebe879
11-10 17:27:50.980  6684 12611 I CarrierServices: [1958] jsn.connect: shouldUseCarrierServicesJibeService: true, CarrierServices rcs service found: true
11-10 17:27:50.980  6684 12611 I CarrierServices: [1958] jsn.connect: Binding to JibeService in CarrierServices.
11-10 17:27:50.985  6684  6684 D RcsClientLib: Service com.google.android.rcs.client.contacts.ContactsService connected. Will notify listeners: true
11-10 17:27:50.985  6684  6684 V BugleRcs: com.google.android.rcs.client.contacts.ContactsService RCS service connected
11-10 17:27:50.987 21194 21228 W GAv4    : CampaignTrackingReceiver is not registered, not exported or is disabled. Installation campaign tracking is not possible. See http://goo.gl/8Rd3yj for instructions.
11-10 17:27:50.988 21194 21228 W GAv4    : AnalyticsService not registered in the app manifest. Hits might not be delivered reliably. See http://goo.gl/8Rd3yj for instructions.
11-10 17:27:50.989  6684 12611 I CarrierServices: [1958] inq.e: Network Operator: 310260
11-10 17:27:50.990  6684 12611 I CarrierServices: [1958] inq.e: carrierWithOldEcApis: false
11-10 17:27:50.990  6684 12611 I CarrierServices: [1958] inq.e: hasDialerThatSupportsNewEc: false
11-10 17:27:50.994  6684 12611 I CarrierServices: [1958] jsn.connect: shouldUseCarrierServicesJibeService: true, CarrierServices rcs service found: true
11-10 17:27:50.995  6684 12611 I CarrierServices: [1958] jsn.connect: Binding to JibeService in CarrierServices.
11-10 17:27:51.001  6684  6684 D RcsClientLib: Service com.google.android.rcs.client.filetransfer.FileTransferService connected. Will notify listeners: true
11-10 17:27:51.001  6684  6684 V BugleRcs: com.google.android.rcs.client.filetransfer.FileTransferService RCS service connected
11-10 17:27:51.010  6684 12611 I CarrierServices: [1958] inq.e: Network Operator: 310260
11-10 17:27:51.011  6684 12611 I CarrierServices: [1958] inq.e: carrierWithOldEcApis: false
11-10 17:27:51.012  6684 12611 I CarrierServices: [1958] inq.e: hasDialerThatSupportsNewEc: false
11-10 17:27:51.015  6684 12611 I CarrierServices: [1958] jsn.connect: shouldUseCarrierServicesJibeService: true, CarrierServices rcs service found: true
11-10 17:27:51.015  6684 12611 I CarrierServices: [1958] jsn.connect: Binding to JibeService in CarrierServices.
11-10 17:27:51.018  6684  6684 D RcsClientLib: Service com.google.android.rcs.client.locationsharing.LocationSharingService connected. Will notify listeners: true
11-10 17:27:51.018  6684  6684 V BugleRcs: com.google.android.rcs.client.locationsharing.LocationSharingService RCS service connected
11-10 17:27:51.025  6684 12611 I CarrierServices: [1958] inq.e: Network Operator: 310260
11-10 17:27:51.027  6684 12611 I CarrierServices: [1958] inq.e: carrierWithOldEcApis: false
11-10 17:27:51.028  6684 12611 I CarrierServices: [1958] inq.e: hasDialerThatSupportsNewEc: false
11-10 17:27:51.030  6684 12611 I CarrierServices: [1958] jsn.connect: shouldUseCarrierServicesJibeService: true, CarrierServices rcs service found: true
11-10 17:27:51.030  6684 12611 I CarrierServices: [1958] jsn.connect: Binding to JibeService in CarrierServices.
11-10 17:27:51.035  6684  6684 D RcsClientLib: Service com.google.android.rcs.client.ims.ImsConnectionTrackerService connected. Will notify listeners: true
11-10 17:27:51.035  6684  6684 V BugleRcs: com.google.android.rcs.client.ims.ImsConnectionTrackerService RCS service connected
11-10 17:27:51.038  6684  6684 V BugleRcs: kicking off RCS sending/receiving
11-10 17:27:51.045  6353  6367 I gle.android.gm: Background concurrent copying GC freed 21378(1225KB) AllocSpace objects, 11(476KB) LOS objects, 49% free, 5MB/11MB, paused 15.661ms total 149.557ms
11-10 17:27:51.045  6684 12611 I CarrierServices: [1958] inq.e: Network Operator: 310260
11-10 17:27:51.047  6684 12611 I CarrierServices: [1958] inq.e: carrierWithOldEcApis: false
11-10 17:27:51.047  6684 12611 I CarrierServices: [1958] inq.e: hasDialerThatSupportsNewEc: false
11-10 17:27:51.048  6684  6684 V BugleAction: no RCS because we're not registered
11-10 17:27:51.049  6684 12611 I CarrierServices: [1958] jsn.connect: shouldUseCarrierServicesJibeService: true, CarrierServices rcs service found: true
11-10 17:27:51.049  6684 12611 I CarrierServices: [1958] jsn.connect: Binding to JibeService in CarrierServices.
11-10 17:27:51.064  6684  6684 D RcsClientLib: Service com.google.android.rcs.client.profile.RcsProfileService connected. Will notify listeners: true
11-10 17:27:51.064  6684  6684 V BugleRcs: com.google.android.rcs.client.profile.RcsProfileService RCS service connected
11-10 17:27:51.064  6684  6684 V BugleRcs: kicking off RCS sending/receiving
11-10 17:27:51.065  6684  6684 V BugleAction: no RCS because we're not registered
11-10 17:27:51.075  6684 12611 I CarrierServices: [1958] inq.e: Network Operator: 310260
11-10 17:27:51.079  6684 12611 I CarrierServices: [1958] inq.e: carrierWithOldEcApis: false
11-10 17:27:51.080  6684 12611 I CarrierServices: [1958] inq.e: hasDialerThatSupportsNewEc: false
11-10 17:27:51.082  6684 12611 I CarrierServices: [1958] jsn.connect: shouldUseCarrierServicesJibeService: true, CarrierServices rcs service found: true
11-10 17:27:51.082  6684 12611 I CarrierServices: [1958] jsn.connect: Binding to JibeService in CarrierServices.
11-10 17:27:51.086  4376 20207 W CarrierServices: [315] bmc.a: No config URL. RCS will be disabled!
11-10 17:27:51.087  6684  6684 I BugleRcs: RcsAvailability ACS url: null
11-10 17:27:51.091  6684  6684 D RcsClientLib: Service com.google.android.rcs.client.businessinfo.BusinessInfoService connected. Will notify listeners: true
11-10 17:27:51.091  6684  6684 V BugleRcs: com.google.android.rcs.client.businessinfo.BusinessInfoService RCS service connected
11-10 17:27:51.092  6684  6684 V BugleRcs: kicking off RCS sending/receiving
11-10 17:27:51.093  6684  6684 V BugleAction: no RCS because we're not registered
11-10 17:27:51.094  4376 20207 W CarrierServices: [315] bmc.a: No config URL. RCS will be disabled!
11-10 17:27:51.094  6684  6684 I BugleRcs: RcsAvailability ACS url: null
11-10 17:27:51.117  6684 12611 W RcsProvisioning: Failed to read configuration: /data/user/0/com.google.android.apps.messaging/files/rcsconfig (No such file or directory)
11-10 17:27:51.118  6684 12611 W RcsProvisioning: java.io.FileNotFoundException: /data/user/0/com.google.android.apps.messaging/files/rcsconfig (No such file or directory)
11-10 17:27:51.118  6684 12611 W RcsProvisioning: 	at java.io.FileInputStream.open0(Native Method)
11-10 17:27:51.118  6684 12611 W RcsProvisioning: 	at java.io.FileInputStream.open(FileInputStream.java:231)
11-10 17:27:51.118  6684 12611 W RcsProvisioning: 	at java.io.FileInputStream.<init>(FileInputStream.java:165)
11-10 17:27:51.118  6684 12611 W RcsProvisioning: 	at android.app.ContextImpl.openFileInput(ContextImpl.java:560)
11-10 17:27:51.118  6684 12611 W RcsProvisioning: 	at android.content.ContextWrapper.openFileInput(ContextWrapper.java:202)
11-10 17:27:51.118  6684 12611 W RcsProvisioning: 	at ion.a(SourceFile:2)
11-10 17:27:51.118  6684 12611 W RcsProvisioning: 	at idl.a(SourceFile:4)
11-10 17:27:51.118  6684 12611 W RcsProvisioning: 	at idm.a(SourceFile:7)
11-10 17:27:51.118  6684 12611 W RcsProvisioning: 	at com.google.android.apps.messaging.rcsmigration.RcsStateProvider.onMigrationComplete(SourceFile:27)
11-10 17:27:51.118  6684 12611 W RcsProvisioning: 	at com.google.android.ims.rcsmigration.IRcsStateProvider$Stub.dispatchTransaction(SourceFile:14)
11-10 17:27:51.118  6684 12611 W RcsProvisioning: 	at com.google.android.aidl.BaseStub.onTransact(SourceFile:18)
11-10 17:27:51.118  6684 12611 W RcsProvisioning: 	at android.os.Binder.execTransact(Binder.java:731)
11-10 17:27:51.118  6684 12611 D RcsProvisioning: Retrieving backup token
11-10 17:27:51.118  6684 12611 D RcsProvisioning: Exception while getting subscriber Id. Using default
11-10 17:27:51.195  1928  1941 I GnssLocationProvider: WakeLock released by handleMessage(REPORT_SV_STATUS, 0, com.android.server.location.GnssLocationProvider$SvStatusInfo@5f626ae)
11-10 17:27:51.220  6684 12611 D RcsProvisioning: No backup token found
11-10 17:27:51.221  6684 12611 D RcsProvisioning: Clearing backup token
11-10 17:27:51.221  6684 12611 D RcsProvisioning: Exception while getting subscriber Id. Using default
11-10 17:27:51.302  6684 12611 I CarrierServices: [1958] RcsStateProvider.onMigrationComplete: Deleted transfers file: false
11-10 17:27:51.304  6684 12611 W RcsProvisioning: Failed to read configuration: /data/user/0/com.google.android.apps.messaging/files/rcsconfig (No such file or directory)
11-10 17:27:51.304  6684 12611 W RcsProvisioning: java.io.FileNotFoundException: /data/user/0/com.google.android.apps.messaging/files/rcsconfig (No such file or directory)
11-10 17:27:51.304  6684 12611 W RcsProvisioning: 	at java.io.FileInputStream.open0(Native Method)
11-10 17:27:51.304  6684 12611 W RcsProvisioning: 	at java.io.FileInputStream.open(FileInputStream.java:231)
11-10 17:27:51.304  6684 12611 W RcsProvisioning: 	at java.io.FileInputStream.<init>(FileInputStream.java:165)
11-10 17:27:51.304  6684 12611 W RcsProvisioning: 	at android.app.ContextImpl.openFileInput(ContextImpl.java:560)
11-10 17:27:51.304  6684 12611 W RcsProvisioning: 	at android.content.ContextWrapper.openFileInput(ContextWrapper.java:202)
11-10 17:27:51.304  6684 12611 W RcsProvisioning: 	at ion.a(SourceFile:2)
11-10 17:27:51.304  6684 12611 W RcsProvisioning: 	at idl.a(SourceFile:4)
11-10 17:27:51.304  6684 12611 W RcsProvisioning: 	at idm.a(SourceFile:7)
11-10 17:27:51.304  6684 12611 W RcsProvisioning: 	at iez.buildConferencesFileName(SourceFile:30)
11-10 17:27:51.304  6684 12611 W RcsProvisioning: 	at com.google.android.apps.messaging.rcsmigration.RcsStateProvider.onMigrationComplete(SourceFile:48)
11-10 17:27:51.304  6684 12611 W RcsProvisioning: 	at com.google.android.ims.rcsmigration.IRcsStateProvider$Stub.dispatchTransaction(SourceFile:14)
11-10 17:27:51.304  6684 12611 W RcsProvisioning: 	at com.google.android.aidl.BaseStub.onTransact(SourceFile:18)
11-10 17:27:51.304  6684 12611 W RcsProvisioning: 	at android.os.Binder.execTransact(Binder.java:731)
11-10 17:27:51.304  6684 12611 D RcsProvisioning: Retrieving backup token
11-10 17:27:51.304  6684 12611 D RcsProvisioning: Exception while getting subscriber Id. Using default
11-10 17:27:51.308  1928  2290 I GnssLocationProvider: WakeLock acquired by sendMessage(REPORT_SV_STATUS, 0, com.android.server.location.GnssLocationProvider$SvStatusInfo@9b40748)
11-10 17:27:51.322  9158 21173 I ProvidersCache: Provider returned no roots. Possibly naughty: com.google.android.apps.docs.storage
11-10 17:27:51.352  1928  1928 W Looper  : Drained
11-10 17:27:51.381  1928  1941 I GnssLocationProvider: WakeLock released by handleMessage(REPORT_SV_STATUS, 0, com.android.server.location.GnssLocationProvider$SvStatusInfo@69ddad2)
11-10 17:27:51.385  1928  1941 I GnssLocationProvider: WakeLock released by handleMessage(REPORT_SV_STATUS, 0, com.android.server.location.GnssLocationProvider$SvStatusInfo@9b40748)
11-10 17:27:51.406  6684 12611 D RcsProvisioning: No backup token found
11-10 17:27:51.421  4376  4376 I CarrierServices: [2] aww.a: Unbinding RcsMigrationService
11-10 17:27:51.565 21176 21176 W app_process: Unexpected CPU variant for X86 using defaults: x86
11-10 17:27:51.578 21176 21176 I app_process: The ClassLoaderContext is a special shared library.
11-10 17:27:51.605 21176 21176 W app_process: CheckJNI: method to register "write" not in the given class. This is slow, consider changing your RegisterNatives calls.
11-10 17:27:51.607 21176 21176 I chatty  : uid=2000(shell) main identical 42 lines
11-10 17:27:51.607 21176 21176 W app_process: CheckJNI: method to register "write" not in the given class. This is slow, consider changing your RegisterNatives calls.
11-10 17:27:51.607 21176 21176 W app_process: CheckJNI: method to register "write_non_chained" not in the given class. This is slow, consider changing your RegisterNatives calls.
11-10 17:27:51.607 21176 21176 I chatty  : uid=2000(shell) main identical 7 lines
11-10 17:27:51.607 21176 21176 W app_process: CheckJNI: method to register "write_non_chained" not in the given class. This is slow, consider changing your RegisterNatives calls.
11-10 17:27:51.762 21176 21176 D AndroidRuntime: Calling main entry com.android.commands.monkey.Monkey
11-10 17:27:51.763 21176 21176 W Monkey  : args: [-p, org.shadowice.flocke.andotp.dev, -c, android.intent.category.LAUNCHER, 1]
11-10 17:27:51.764 21176 21176 W Monkey  :  arg: "-p"
11-10 17:27:51.764 21176 21176 W Monkey  :  arg: "org.shadowice.flocke.andotp.dev"
11-10 17:27:51.764 21176 21176 W Monkey  :  arg: "-c"
11-10 17:27:51.764 21176 21176 W Monkey  :  arg: "android.intent.category.LAUNCHER"
11-10 17:27:51.765 21176 21176 W Monkey  :  arg: "1"
11-10 17:27:51.765 21176 21176 W Monkey  : data="org.shadowice.flocke.andotp.dev"
11-10 17:27:51.765 21176 21176 W Monkey  : data="android.intent.category.LAUNCHER"
11-10 17:27:51.878  1928  1942 W BroadcastQueue: Skipping deliver [background] BroadcastRecord{6ce2dc7 u-1 android.net.conn.CONNECTIVITY_CHANGE} to ReceiverList{6a64ff4 21176 (unknown name)/2000/u-1 remote:58f39e1}: process gone or crashing
11-10 17:27:51.910  1928  2859 I ActivityManager: START u0 {act=android.intent.action.MAIN cat=[android.intent.category.LAUNCHER] flg=0x10200000 cmp=org.shadowice.flocke.andotp.dev/org.shadowice.flocke.andotp.Activities.MainActivity} from uid 2000
11-10 17:27:51.930  1928  2859 W Binder  : Outgoing transactions from this process must be FLAG_ONEWAY
11-10 17:27:51.930  1928  2859 W Binder  : java.lang.Throwable
11-10 17:27:51.930  1928  2859 W Binder  : 	at android.os.BinderProxy.transact(Binder.java:1114)
11-10 17:27:51.930  1928  2859 W Binder  : 	at android.app.IActivityController$Stub$Proxy.activityStarting(IActivityController.java:176)
11-10 17:27:51.930  1928  2859 W Binder  : 	at com.android.server.am.ActivityStarter.startActivity(ActivityStarter.java:737)
11-10 17:27:51.930  1928  2859 W Binder  : 	at com.android.server.am.ActivityStarter.startActivity(ActivityStarter.java:544)
11-10 17:27:51.930  1928  2859 W Binder  : 	at com.android.server.am.ActivityStarter.startActivityMayWait(ActivityStarter.java:1099)
11-10 17:27:51.930  1928  2859 W Binder  : 	at com.android.server.am.ActivityStarter.execute(ActivityStarter.java:486)
11-10 17:27:51.930  1928  2859 W Binder  : 	at com.android.server.am.ActivityManagerService.startActivityAsUser(ActivityManagerService.java:5120)
11-10 17:27:51.930  1928  2859 W Binder  : 	at com.android.server.am.ActivityManagerService.startActivityAsUser(ActivityManagerService.java:5094)
11-10 17:27:51.930  1928  2859 W Binder  : 	at com.android.server.am.ActivityManagerService.startActivity(ActivityManagerService.java:5085)
11-10 17:27:51.930  1928  2859 W Binder  : 	at android.app.IActivityManager$Stub.onTransact$startActivity$(IActivityManager.java:10084)
11-10 17:27:51.930  1928  2859 W Binder  : 	at android.app.IActivityManager$Stub.onTransact(IActivityManager.java:122)
11-10 17:27:51.930  1928  2859 W Binder  : 	at com.android.server.am.ActivityManagerService.onTransact(ActivityManagerService.java:3291)
11-10 17:27:51.930  1928  2859 W Binder  : 	at android.os.Binder.execTransact(Binder.java:731)
11-10 17:27:52.036 21176 21176 I Monkey  : Events injected: 1
11-10 17:27:52.057  1928  1928 V SettingsProvider: Notifying for 0: content://settings/system/accelerometer_rotation
11-10 17:27:52.061 21176 21176 I Monkey  : ## Network stats: elapsed time=155ms (0ms mobile, 0ms wifi, 155ms not connected)
11-10 17:27:52.074 21176 21176 I app_process: System.exit called, status: 0
11-10 17:27:52.075 21176 21176 I AndroidRuntime: VM exiting with result code 0.
11-10 17:27:52.160 21253 21253 I ocke.andotp.de: Not late-enabling -Xcheck:jni (already on)
11-10 17:27:52.059  1928  1928 V SettingsProvider: Notifying for 0: content://settings/system/accelerometer_rotation
11-10 17:27:52.161  1928  1944 W ActivityManager: Slow operation: 51ms so far, now at startProcess: returned from zygote!
11-10 17:27:52.161  1928  1944 W ActivityManager: Slow operation: 51ms so far, now at startProcess: done updating battery stats
11-10 17:27:52.161  1928  1944 W ActivityManager: Slow operation: 52ms so far, now at startProcess: building log message
11-10 17:27:52.161  1928  1944 I ActivityManager: Start proc 21253:org.shadowice.flocke.andotp.dev/u0a123 for activity org.shadowice.flocke.andotp.dev/org.shadowice.flocke.andotp.Activities.MainActivity
11-10 17:27:52.161  1928  1944 W ActivityManager: Slow operation: 52ms so far, now at startProcess: starting to update pids map
11-10 17:27:52.161  1928  1944 W ActivityManager: Slow operation: 52ms so far, now at startProcess: done updating pids map
11-10 17:27:52.167  1647  1693 D gralloc_ranchu: gralloc_alloc: Creating ashmem region of size 8298496
11-10 17:27:52.240 21253 21253 W ocke.andotp.de: Unexpected CPU variant for X86 using defaults: x86
11-10 17:27:52.315  1928  2290 I GnssLocationProvider: WakeLock acquired by sendMessage(REPORT_SV_STATUS, 0, com.android.server.location.GnssLocationProvider$SvStatusInfo@9d816b7)
11-10 17:27:52.315  1928  1941 I GnssLocationProvider: WakeLock released by handleMessage(REPORT_SV_STATUS, 0, com.android.server.location.GnssLocationProvider$SvStatusInfo@9d816b7)
11-10 17:27:52.539  1647  1693 D gralloc_ranchu: gralloc_alloc: Creating ashmem region of size 8298496
11-10 17:27:52.548  2156  2365 D EGL_emulation: eglMakeCurrent: 0xdaf4bd80: ver 3 0 (tinfo 0xdaf4f4a0)
11-10 17:27:52.805  3205  3304 D EGL_emulation: eglMakeCurrent: 0xdd085780: ver 3 0 (tinfo 0xdd083510)
11-10 17:27:52.820  2156  2365 D EGL_emulation: eglMakeCurrent: 0xdaf4bd80: ver 3 0 (tinfo 0xdaf4f4a0)
11-10 17:27:52.827  2156  2365 D EGL_emulation: eglMakeCurrent: 0xdaf4bd80: ver 3 0 (tinfo 0xdaf4f4a0)
11-10 17:27:52.861  6288  6403 D EGL_emulation: eglMakeCurrent: 0xbe169080: ver 3 0 (tinfo 0xbe167770)
11-10 17:27:52.905 21253 21253 W System.err: java.io.FileNotFoundException: /jacoco.exec (Read-only file system)
11-10 17:27:52.908 21253 21253 W System.err: 	at java.io.FileOutputStream.open0(Native Method)
11-10 17:27:52.908 21253 21253 W System.err: 	at java.io.FileOutputStream.open(FileOutputStream.java:308)
11-10 17:27:52.909 21253 21253 W System.err: 	at java.io.FileOutputStream.<init>(FileOutputStream.java:238)
11-10 17:27:52.909 21253 21253 W System.err: 	at org.jacoco.agent.rt.internal_8ff85ea.output.FileOutput.openFile(FileOutput.java:67)
11-10 17:27:52.909 21253 21253 W System.err: 	at org.jacoco.agent.rt.internal_8ff85ea.output.FileOutput.startup(FileOutput.java:49)
11-10 17:27:52.909 21253 21253 W System.err: 	at org.jacoco.agent.rt.internal_8ff85ea.Agent.startup(Agent.java:122)
11-10 17:27:52.909 21253 21253 W System.err: 	at org.jacoco.agent.rt.internal_8ff85ea.Agent.getInstance(Agent.java:50)
11-10 17:27:52.909 21253 21253 W System.err: 	at org.jacoco.agent.rt.internal_8ff85ea.Offline.<clinit>(Offline.java:31)
11-10 17:27:52.909 21253 21253 W System.err: 	at org.jacoco.agent.rt.internal_8ff85ea.Offline.getProbes(Offline.java:51)
11-10 17:27:52.909 21253 21253 W System.err: 	at org.shadowice.flocke.andotp.Activities.MainActivity.$jacocoInit(Unknown Source:13)
11-10 17:27:52.909 21253 21253 W System.err: 	at org.shadowice.flocke.andotp.Activities.MainActivity.<clinit>(Unknown Source:0)
11-10 17:27:52.909 21253 21253 W System.err: 	at java.lang.Class.newInstance(Native Method)
11-10 17:27:52.910 21253 21253 W System.err: 	at android.app.AppComponentFactory.instantiateActivity(AppComponentFactory.java:69)
11-10 17:27:52.910 21253 21253 W System.err: 	at androidx.core.app.CoreComponentFactory.instantiateActivity(CoreComponentFactory.java:41)
11-10 17:27:52.910 21253 21253 W System.err: 	at android.app.Instrumentation.newActivity(Instrumentation.java:1215)
11-10 17:27:52.910 21253 21253 W System.err: 	at android.app.ActivityThread.performLaunchActivity(ActivityThread.java:2831)
11-10 17:27:52.910 21253 21253 W System.err: 	at android.app.ActivityThread.handleLaunchActivity(ActivityThread.java:3048)
11-10 17:27:52.910 21253 21253 W System.err: 	at android.app.servertransaction.LaunchActivityItem.execute(LaunchActivityItem.java:78)
11-10 17:27:52.910 21253 21253 W System.err: 	at android.app.servertransaction.TransactionExecutor.executeCallbacks(TransactionExecutor.java:108)
11-10 17:27:52.910 21253 21253 W System.err: 	at android.app.servertransaction.TransactionExecutor.execute(TransactionExecutor.java:68)
11-10 17:27:52.910 21253 21253 W System.err: 	at android.app.ActivityThread$H.handleMessage(ActivityThread.java:1808)
11-10 17:27:52.910 21253 21253 W System.err: 	at android.os.Handler.dispatchMessage(Handler.java:106)
11-10 17:27:52.910 21253 21253 W System.err: 	at android.os.Looper.loop(Looper.java:193)
11-10 17:27:52.910 21253 21253 W System.err: 	at android.app.ActivityThread.main(ActivityThread.java:6669)
11-10 17:27:52.910 21253 21253 W System.err: 	at java.lang.reflect.Method.invoke(Native Method)
11-10 17:27:52.911 21253 21253 W System.err: 	at com.android.internal.os.RuntimeInit$MethodAndArgsCaller.run(RuntimeInit.java:493)
11-10 17:27:52.911 21253 21253 W System.err: 	at com.android.internal.os.ZygoteInit.main(ZygoteInit.java:858)
11-10 17:27:53.001 21253 21253 W ocke.andotp.de: Accessing hidden method Landroid/graphics/drawable/Drawable;->getOpticalInsets()Landroid/graphics/Insets; (light greylist, linking)
11-10 17:27:53.002 21253 21253 W ocke.andotp.de: Accessing hidden field Landroid/graphics/Insets;->left:I (light greylist, linking)
11-10 17:27:53.002 21253 21253 W ocke.andotp.de: Accessing hidden field Landroid/graphics/Insets;->right:I (light greylist, linking)
11-10 17:27:53.002 21253 21253 W ocke.andotp.de: Accessing hidden field Landroid/graphics/Insets;->top:I (light greylist, linking)
11-10 17:27:53.002 21253 21253 W ocke.andotp.de: Accessing hidden field Landroid/graphics/Insets;->bottom:I (light greylist, linking)
11-10 17:27:53.069 21253 21253 W ocke.andotp.de: Accessing hidden method Landroid/view/View;->computeFitSystemWindows(Landroid/graphics/Rect;Landroid/graphics/Rect;)Z (light greylist, reflection)
11-10 17:27:53.069 21253 21253 W ocke.andotp.de: Accessing hidden method Landroid/view/ViewGroup;->makeOptionalFitsSystemWindows()V (light greylist, reflection)
11-10 17:27:53.233  1928  2597 V BackupManagerConstants: getFullBackupRequiredNetworkType(...) returns 2
11-10 17:27:53.234  1928  2597 V BackupManagerConstants: getFullBackupRequireCharging(...) returns true
11-10 17:27:53.317  1928  2290 I GnssLocationProvider: WakeLock acquired by sendMessage(REPORT_SV_STATUS, 0, com.android.server.location.GnssLocationProvider$SvStatusInfo@c0de3fd)
11-10 17:27:53.318  1928  1941 I GnssLocationProvider: WakeLock released by handleMessage(REPORT_SV_STATUS, 0, com.android.server.location.GnssLocationProvider$SvStatusInfo@c0de3fd)
11-10 17:27:53.321 21253 21253 W ocke.andotp.de: Accessing hidden method Landroid/widget/TextView;->getTextDirectionHeuristic()Landroid/text/TextDirectionHeuristic; (light greylist, linking)
11-10 17:27:53.614  1775  1775 I keystore: del USRPKEY_password 10123
11-10 17:27:53.615  1775  1775 I keystore: del USRCERT_password 10123
11-10 17:27:53.615  1775  1775 I keystore: del CACERT_password 10123
11-10 17:27:53.796  1928  1942 W BroadcastQueue: Background execution not allowed: receiving Intent { act=android.intent.action.DROPBOX_ENTRY_ADDED flg=0x10 (has extras) } to com.google.android.gms/.stats.service.DropBoxEntryAddedReceiver
11-10 17:27:53.796  1928  1942 W BroadcastQueue: Background execution not allowed: receiving Intent { act=android.intent.action.DROPBOX_ENTRY_ADDED flg=0x10 (has extras) } to com.google.android.gms/.chimera.GmsIntentOperationService$PersistentTrustedReceiver
11-10 17:27:53.872 21253 21253 W KeyStore: KeyStore exception
11-10 17:27:53.872 21253 21253 W KeyStore: android.os.ServiceSpecificException:  (code 7)
11-10 17:27:53.872 21253 21253 W KeyStore: 	at android.os.Parcel.createException(Parcel.java:1964)
11-10 17:27:53.872 21253 21253 W KeyStore: 	at android.os.Parcel.readException(Parcel.java:1918)
11-10 17:27:53.872 21253 21253 W KeyStore: 	at android.os.Parcel.readException(Parcel.java:1868)
11-10 17:27:53.872 21253 21253 W KeyStore: 	at android.security.IKeystoreService$Stub$Proxy.get(IKeystoreService.java:786)
11-10 17:27:53.872 21253 21253 W KeyStore: 	at android.security.KeyStore.get(KeyStore.java:195)
11-10 17:27:53.872 21253 21253 W KeyStore: 	at android.security.keystore.AndroidKeyStoreSpi.engineGetCertificateChain(AndroidKeyStoreSpi.java:118)
11-10 17:27:53.872 21253 21253 W KeyStore: 	at java.security.KeyStoreSpi.engineGetEntry(KeyStoreSpi.java:484)
11-10 17:27:53.872 21253 21253 W KeyStore: 	at java.security.KeyStore.getEntry(KeyStore.java:1560)
11-10 17:27:53.872 21253 21253 W KeyStore: 	at org.shadowice.flocke.andotp.Utilities.KeyStoreHelper.loadOrGenerateAsymmetricKeyPair(KeyStoreHelper.java:99)
11-10 17:27:53.872 21253 21253 W KeyStore: 	at org.shadowice.flocke.andotp.Preferences.PasswordEncryptedPreference.<init>(PasswordEncryptedPreference.java:74)
11-10 17:27:53.872 21253 21253 W KeyStore: 	at java.lang.reflect.Constructor.newInstance0(Native Method)
11-10 17:27:53.872 21253 21253 W KeyStore: 	at java.lang.reflect.Constructor.newInstance(Constructor.java:343)
11-10 17:27:53.872 21253 21253 W KeyStore: 	at android.preference.GenericInflater.createItem(GenericInflater.java:385)
