07-01 12:45:36.432  8234  8247 D RcsProvisioning: Retrieving backup token
07-01 12:45:36.432  8234  8247 D RcsProvisioning: Exception while getting subscriber Id. Using default
07-01 12:45:36.528 15548 15548 W ocke.andotp.de: Accessing hidden method Landroid/widget/TextView;->getTextDirectionHeuristic()Landroid/text/TextDirectionHeuristic; (light greylist, linking)
07-01 12:45:36.570  8234  8247 D RcsProvisioning: No backup token found
07-01 12:45:36.578  4291  4291 I CarrierServices: [2] aww.a: Unbinding RcsMigrationService
07-01 12:45:36.685  1779  1779 I keystore: del USRPKEY_password 10092
07-01 12:45:36.686  1779  1779 I keystore: del USRCERT_password 10092
07-01 12:45:36.686  1779  1779 I keystore: del CACERT_password 10092
07-01 12:45:36.874  2458 13995 I Icing   : Indexing com.google.android.gms-apps from com.google.android.gms
07-01 12:45:36.931  2458 13995 I Icing   : Indexing done com.google.android.gms-apps
07-01 12:45:36.936  3014  3014 I IcingNotification: Received intent: Intent { act=com.google.android.gms.icing.IME_NOTIFICATION flg=0x10 pkg=com.google.android.inputmethod.latin (has extras) }
07-01 12:45:36.965  1930  1944 W BroadcastQueue: Background execution not allowed: receiving Intent { act=android.intent.action.DROPBOX_ENTRY_ADDED flg=0x10 (has extras) } to com.google.android.gms/.stats.service.DropBoxEntryAddedReceiver
07-01 12:45:36.965  1930  1944 W BroadcastQueue: Background execution not allowed: receiving Intent { act=android.intent.action.DROPBOX_ENTRY_ADDED flg=0x10 (has extras) } to com.google.android.gms/.chimera.GmsIntentOperationService$PersistentTrustedReceiver
07-01 12:45:37.010 15548 15548 W KeyStore: KeyStore exception
07-01 12:45:37.010 15548 15548 W KeyStore: android.os.ServiceSpecificException:  (code 7)
07-01 12:45:37.010 15548 15548 W KeyStore: 	at android.os.Parcel.createException(Parcel.java:1964)
07-01 12:45:37.010 15548 15548 W KeyStore: 	at android.os.Parcel.readException(Parcel.java:1918)
07-01 12:45:37.010 15548 15548 W KeyStore: 	at android.os.Parcel.readException(Parcel.java:1868)
07-01 12:45:37.010 15548 15548 W KeyStore: 	at android.security.IKeystoreService$Stub$Proxy.get(IKeystoreService.java:786)
07-01 12:45:37.010 15548 15548 W KeyStore: 	at android.security.KeyStore.get(KeyStore.java:195)
07-01 12:45:37.010 15548 15548 W KeyStore: 	at android.security.keystore.AndroidKeyStoreSpi.engineGetCertificateChain(AndroidKeyStoreSpi.java:118)
07-01 12:45:37.010 15548 15548 W KeyStore: 	at java.security.KeyStoreSpi.engineGetEntry(KeyStoreSpi.java:484)
07-01 12:45:37.010 15548 15548 W KeyStore: 	at java.security.KeyStore.getEntry(KeyStore.java:1560)
07-01 12:45:37.010 15548 15548 W KeyStore: 	at org.shadowice.flocke.andotp.Utilities.KeyStoreHelper.loadOrGenerateAsymmetricKeyPair(KeyStoreHelper.java:99)
07-01 12:45:37.010 15548 15548 W KeyStore: 	at org.shadowice.flocke.andotp.Preferences.PasswordEncryptedPreference.<init>(PasswordEncryptedPreference.java:74)
07-01 12:45:37.010 15548 15548 W KeyStore: 	at java.lang.reflect.Constructor.newInstance0(Native Method)
07-01 12:45:37.010 15548 15548 W KeyStore: 	at java.lang.reflect.Constructor.newInstance(Constructor.java:343)
07-01 12:45:37.010 15548 15548 W KeyStore: 	at android.preference.GenericInflater.createItem(GenericInflater.java:385)
07-01 12:45:37.010 15548 15548 W KeyStore: 	at android.preference.GenericInflater.createItemFromTag(GenericInflater.java:432)
07-01 12:45:37.010 15548 15548 W KeyStore: 	at android.preference.GenericInflater.rInflate(GenericInflater.java:483)
07-01 12:45:37.010 15548 15548 W KeyStore: 	at android.preference.GenericInflater.rInflate(GenericInflater.java:495)
07-01 12:45:37.010 15548 15548 W KeyStore: 	at android.preference.GenericInflater.inflate(GenericInflater.java:327)
07-01 12:45:37.010 15548 15548 W KeyStore: 	at android.preference.GenericInflater.inflate(GenericInflater.java:264)
07-01 12:45:37.010 15548 15548 W KeyStore: 	at android.preference.PreferenceManager.inflateFromResource(PreferenceManager.java:324)
07-01 12:45:37.010 15548 15548 W KeyStore: 	at android.preference.PreferenceManager.setDefaultValues(PreferenceManager.java:650)
07-01 12:45:37.010 15548 15548 W KeyStore: 	at android.preference.PreferenceManager.setDefaultValues(PreferenceManager.java:609)
07-01 12:45:37.010 15548 15548 W KeyStore: 	at org.shadowice.flocke.andotp.Activities.MainActivity.onCreate(MainActivity.java:196)
07-01 12:45:37.010 15548 15548 W KeyStore: 	at android.app.Activity.performCreate(Activity.java:7136)
07-01 12:45:37.010 15548 15548 W KeyStore: 	at android.app.Activity.performCreate(Activity.java:7127)
07-01 12:45:37.010 15548 15548 W KeyStore: 	at android.app.Instrumentation.callActivityOnCreate(Instrumentation.java:1271)
07-01 12:45:37.010 15548 15548 W KeyStore: 	at android.app.ActivityThread.performLaunchActivity(ActivityThread.java:2893)
07-01 12:45:37.010 15548 15548 W KeyStore: 	at android.app.ActivityThread.handleLaunchActivity(ActivityThread.java:3048)
07-01 12:45:37.010 15548 15548 W KeyStore: 	at android.app.servertransaction.LaunchActivityItem.execute(LaunchActivityItem.java:78)
07-01 12:45:37.010 15548 15548 W KeyStore: 	at android.app.servertransaction.TransactionExecutor.executeCallbacks(TransactionExecutor.java:108)
07-01 12:45:37.010 15548 15548 W KeyStore: 	at android.app.servertransaction.TransactionExecutor.execute(TransactionExecutor.java:68)
07-01 12:45:37.010 15548 15548 W KeyStore: 	at android.app.ActivityThread$H.handleMessage(ActivityThread.java:1808)
07-01 12:45:37.010 15548 15548 W KeyStore: 	at android.os.Handler.dispatchMessage(Handler.java:106)
07-01 12:45:37.010 15548 15548 W KeyStore: 	at android.os.Looper.loop(Looper.java:193)
07-01 12:45:37.010 15548 15548 W KeyStore: 	at android.app.ActivityThread.main(ActivityThread.java:6669)
07-01 12:45:37.010 15548 15548 W KeyStore: 	at java.lang.reflect.Method.invoke(Native Method)
07-01 12:45:37.010 15548 15548 W KeyStore: 	at com.android.internal.os.RuntimeInit$MethodAndArgsCaller.run(RuntimeInit.java:493)
07-01 12:45:37.010 15548 15548 W KeyStore: 	at com.android.internal.os.ZygoteInit.main(ZygoteInit.java:858)
07-01 12:45:37.031 15548 15548 D OpenGLRenderer: Skia GL Pipeline
07-01 12:45:37.044  1930  8175 I ActivityManager: START u0 {cmp=org.shadowice.flocke.andotp.dev/org.shadowice.flocke.andotp.Activities.IntroScreenActivity} from uid 10092
07-01 12:45:37.078 15548 15548 W ocke.andotp.de: Accessing hidden method Landroid/graphics/FontFamily;-><init>()V (light greylist, reflection)
07-01 12:45:37.078 15548 15548 W ocke.andotp.de: Accessing hidden method Landroid/graphics/FontFamily;->addFontFromAssetManager(Landroid/content/res/AssetManager;Ljava/lang/String;IZIII[Landroid/graphics/fonts/FontVariationAxis;)Z (light greylist, reflection)
07-01 12:45:37.078 15548 15548 W ocke.andotp.de: Accessing hidden method Landroid/graphics/FontFamily;->addFontFromBuffer(Ljava/nio/ByteBuffer;I[Landroid/graphics/fonts/FontVariationAxis;II)Z (light greylist, reflection)
07-01 12:45:37.078 15548 15548 W ocke.andotp.de: Accessing hidden method Landroid/graphics/FontFamily;->freeze()Z (light greylist, reflection)
07-01 12:45:37.078 15548 15548 W ocke.andotp.de: Accessing hidden method Landroid/graphics/FontFamily;->abortCreation()V (light greylist, reflection)
07-01 12:45:37.078 15548 15548 W ocke.andotp.de: Accessing hidden method Landroid/graphics/Typeface;->createFromFamiliesWithDefault([Landroid/graphics/FontFamily;Ljava/lang/String;II)Landroid/graphics/Typeface; (light greylist, reflection)
07-01 12:45:37.080  1930  1983 I GnssLocationProvider: WakeLock acquired by sendMessage(REPORT_SV_STATUS, 0, com.android.server.location.GnssLocationProvider$SvStatusInfo@9fca50a)
07-01 12:45:37.081  1930  1943 I GnssLocationProvider: WakeLock released by handleMessage(REPORT_SV_STATUS, 0, com.android.server.location.GnssLocationProvider$SvStatusInfo@9fca50a)
07-01 12:45:37.178  1773  2280 E SurfaceFlinger: ro.sf.lcd_density must be defined as a build property
07-01 12:45:37.186 15548 15548 I Choreographer: Skipped 33 frames!  The application may be doing too much work on its main thread.
07-01 12:45:37.220  1646  1694 D gralloc_ranchu: gralloc_alloc: Creating ashmem region of size 8298496
07-01 12:45:37.221 15548 15593 D HostConnection: HostConnection::get() New Host Connection established 0xe221e500, tid 15593
07-01 12:45:37.228  1646  1694 D gralloc_ranchu: gralloc_alloc: Creating ashmem region of size 8298496
07-01 12:45:37.233  1646  1694 D gralloc_ranchu: gralloc_alloc: Creating ashmem region of size 8298496
07-01 12:45:37.234 15548 15593 D HostConnection: HostComposition ext ANDROID_EMU_CHECKSUM_HELPER_v1 ANDROID_EMU_native_sync_v2 ANDROID_EMU_native_sync_v3 ANDROID_EMU_native_sync_v4 ANDROID_EMU_dma_v1 ANDROID_EMU_YUV420_888_to_NV21 ANDROID_EMU_YUV_Cache ANDROID_EMU_async_unmap_buffer GL_OES_EGL_image_external_essl3 GL_OES_vertex_array_object GL_KHR_texture_compression_astc_ldr ANDROID_EMU_host_side_tracing ANDROID_EMU_gles_max_version_3_0 
07-01 12:45:37.238 15548 15593 I ConfigStore: android::hardware::configstore::V1_0::ISurfaceFlingerConfigs::hasWideColorDisplay retrieved: 0
07-01 12:45:37.239 15548 15593 I ConfigStore: android::hardware::configstore::V1_0::ISurfaceFlingerConfigs::hasHDRDisplay retrieved: 0
07-01 12:45:37.239 15548 15593 I OpenGLRenderer: Initialized EGL, version 1.4
07-01 12:45:37.239 15548 15593 D OpenGLRenderer: Swap behavior 1
07-01 12:45:37.239 15548 15593 W OpenGLRenderer: Failed to choose config with EGL_SWAP_BEHAVIOR_PRESERVED, retrying without...
07-01 12:45:37.239 15548 15593 D OpenGLRenderer: Swap behavior 0
07-01 12:45:37.240 15548 15593 D eglCodecCommon: setVertexArrayObject: set vao to 0 (0) 0 0
07-01 12:45:37.240 15548 15593 D EGL_emulation: eglCreateContext: 0xe22056c0: maj 3 min 0 rcv 3
07-01 12:45:37.240 15548 15593 D EGL_emulation: eglMakeCurrent: 0xe22056c0: ver 3 0 (tinfo 0xe2203750)
07-01 12:45:37.244  1773  2280 E SurfaceFlinger: ro.sf.lcd_density must be defined as a build property
07-01 12:45:37.267 15548 15593 D HostConnection: createUnique: call
07-01 12:45:37.267 15548 15593 D HostConnection: HostConnection::get() New Host Connection established 0xe221e7d0, tid 15593
07-01 12:45:37.269 15548 15593 D HostConnection: HostComposition ext ANDROID_EMU_CHECKSUM_HELPER_v1 ANDROID_EMU_native_sync_v2 ANDROID_EMU_native_sync_v3 ANDROID_EMU_native_sync_v4 ANDROID_EMU_dma_v1 ANDROID_EMU_YUV420_888_to_NV21 ANDROID_EMU_YUV_Cache ANDROID_EMU_async_unmap_buffer GL_OES_EGL_image_external_essl3 GL_OES_vertex_array_object GL_KHR_texture_compression_astc_ldr ANDROID_EMU_host_side_tracing ANDROID_EMU_gles_max_version_3_0 
07-01 12:45:37.270 15548 15593 E eglCodecCommon: GoldfishAddressSpaceHostMemoryAllocator: ioctl_ping failed for device_type=5, ret=-1
07-01 12:45:37.286 15548 15593 D EGL_emulation: eglMakeCurrent: 0xe22056c0: ver 3 0 (tinfo 0xe2203750)
07-01 12:45:37.289 15548 15593 D eglCodecCommon: setVertexArrayObject: set vao to 0 (0) 1 2
07-01 12:45:37.363 15548 15548 W ocke.andotp.de: Accessing hidden method Landroid/widget/AutoCompleteTextView;->doBeforeTextChanged()V (light greylist, reflection)
07-01 12:45:37.363 15548 15548 W ocke.andotp.de: Accessing hidden method Landroid/widget/AutoCompleteTextView;->doAfterTextChanged()V (light greylist, reflection)
07-01 12:45:37.363 15548 15548 W ocke.andotp.de: Accessing hidden method Landroid/widget/AutoCompleteTextView;->ensureImeVisible(Z)V (light greylist, reflection)
07-01 12:45:37.402 15548 15548 W ActivityThread: handleWindowVisibility: no activity for token android.os.BinderProxy@2b24a55
07-01 12:45:37.588 15548 15548 W ocke.andotp.de: Accessing hidden method Landroid/widget/PopupWindow;->setEpicenterBounds(Landroid/graphics/Rect;)V (light greylist, linking)
07-01 12:45:37.589 15548 15548 W ocke.andotp.de: Accessing hidden method Landroid/widget/PopupWindow;->setClipToScreenEnabled(Z)V (light greylist, reflection)
07-01 12:45:37.619  1646  1694 D gralloc_ranchu: gralloc_alloc: Creating ashmem region of size 8298496
07-01 12:45:37.625  1646  2364 D gralloc_ranchu: gralloc_alloc: Creating ashmem region of size 8298496
07-01 12:45:37.631  1646  2364 D gralloc_ranchu: gralloc_alloc: Creating ashmem region of size 8298496
07-01 12:45:37.662 15548 15593 D EGL_emulation: eglMakeCurrent: 0xe22056c0: ver 3 0 (tinfo 0xe2203750)
07-01 12:45:37.680  1930  1952 I ActivityManager: Displayed org.shadowice.flocke.andotp.dev/org.shadowice.flocke.andotp.Activities.IntroScreenActivity: +421ms (total +1s767ms)
07-01 12:45:37.693  3014  3014 I GoogleInputMethod: onFinishInput() : Dummy InputConnection bound
07-01 12:45:37.695  3014  3014 I GoogleInputMethod: onStartInput() : Dummy InputConnection bound
07-01 12:45:37.758  1773  1773 W SurfaceFlinger: couldn't log to binary event log: overflow.
07-01 12:45:37.758  1773  1773 W SurfaceFlinger: couldn't log to binary event log: overflow.
07-01 12:45:37.857  1773  1904 W SurfaceFlinger: Attempting to set client state on removed layer: Splash Screen org.shadowice.flocke.andotp.dev#0
07-01 12:45:37.857  1773  1904 W SurfaceFlinger: Attempting to destroy on removed layer: Splash Screen org.shadowice.flocke.andotp.dev#0
07-01 12:45:37.864  3739  3739 I StreamRenderer: cleanUpRendererScope(nowcards--35359419870256453)
07-01 12:45:37.876  3739 11996 I PBSessionCacheImpl: Deleted sessionId[154005891114] from persistence.
07-01 12:45:37.889  3739  3739 W SearchService: Abort, client detached.
07-01 12:45:37.889  3739  3739 I StreamController: cleanUpControllerScope(nowcards--35359419870256453)
07-01 12:45:37.917  3739 12006 I WorkController: WorkProxy is not enqueued because WorkController is disposed: WorkProxy{Name=context::j, WorkerId=context, id=f9681da}
07-01 12:45:37.917  3739 12006 I WorkController: WorkProxy is not enqueued because WorkController is disposed: WorkProxy{Name=context::m, WorkerId=context, id=741e60b}
07-01 12:45:37.917  3739 12006 I WorkController: WorkProxy is not enqueued because WorkController is disposed: WorkProxy{Name=context::n, WorkerId=context, id=2a87ce8}
07-01 12:45:37.917  3739 12006 I WorkController: WorkProxy is not enqueued because WorkController is disposed: WorkProxy{Name=context::p, WorkerId=context, id=b3c0f01}
07-01 12:45:38.085  1930  1983 I GnssLocationProvider: WakeLock acquired by sendMessage(REPORT_SV_STATUS, 0, com.android.server.location.GnssLocationProvider$SvStatusInfo@3882936)
07-01 12:45:38.086  1930  1943 I GnssLocationProvider: WakeLock released by handleMessage(REPORT_SV_STATUS, 0, com.android.server.location.GnssLocationProvider$SvStatusInfo@3882936)
07-01 12:45:38.120  1930  2586 V BackupManagerConstants: getFullBackupRequiredNetworkType(...) returns 2
07-01 12:45:38.120  1930  2586 V BackupManagerConstants: getFullBackupRequireCharging(...) returns true
07-01 12:45:38.963 15515 15546 I droid.apps.doc: The ClassLoaderContext is a special shared library.
07-01 12:45:38.964 15515 15546 I chatty  : uid=10076(com.google.android.apps.docs) TaskSchedulerLo identical 2 lines
07-01 12:45:38.967 15515 15546 I droid.apps.doc: The ClassLoaderContext is a special shared library.
07-01 12:45:38.972 15515 15546 V NativeCrypto: Registering com/google/android/gms/org/conscrypt/NativeCrypto's 284 native methods...
07-01 12:45:38.978 15515 15546 D NetworkSecurityConfig: No Network Security Config specified, using platform default
07-01 12:45:38.979 15515 15546 I ProviderInstaller: Installed default security provider GmsCore_OpenSSL
07-01 12:45:39.086  1930  1983 I GnssLocationProvider: WakeLock acquired by sendMessage(REPORT_SV_STATUS, 0, com.android.server.location.GnssLocationProvider$SvStatusInfo@3eaf30d)
07-01 12:45:39.087  1930  1943 I GnssLocationProvider: WakeLock released by handleMessage(REPORT_SV_STATUS, 0, com.android.server.location.GnssLocationProvider$SvStatusInfo@3eaf30d)
07-01 12:45:39.453  1930  2050 E TaskPersister: File error accessing recents directory (directory doesn't exist?).
07-01 12:45:40.087  1930  1983 I GnssLocationProvider: WakeLock acquired by sendMessage(REPORT_SV_STATUS, 0, com.android.server.location.GnssLocationProvider$SvStatusInfo@a25a2c2)
07-01 12:45:40.089  1930  1943 I GnssLocationProvider: WakeLock released by handleMessage(REPORT_SV_STATUS, 0, com.android.server.location.GnssLocationProvider$SvStatusInfo@a25a2c2)
07-01 12:45:40.708 15515 15529 I droid.apps.doc: Waiting for a blocking GC ProfileSaver
07-01 12:45:40.726 15515 15529 I droid.apps.doc: WaitForGcToComplete blocked ProfileSaver on HeapTrim for 17.481ms
07-01 12:45:41.093  1930  1983 I GnssLocationProvider: WakeLock acquired by sendMessage(REPORT_SV_STATUS, 0, com.android.server.location.GnssLocationProvider$SvStatusInfo@da998d3)
07-01 12:45:41.095  1930  1943 I GnssLocationProvider: WakeLock released by handleMessage(REPORT_SV_STATUS, 0, com.android.server.location.GnssLocationProvider$SvStatusInfo@da998d3)
07-01 12:45:42.093  1930  1983 I GnssLocationProvider: WakeLock acquired by sendMessage(REPORT_SV_STATUS, 0, com.android.server.location.GnssLocationProvider$SvStatusInfo@3f88c10)
07-01 12:45:42.095  1930  1943 I GnssLocationProvider: WakeLock released by handleMessage(REPORT_SV_STATUS, 0, com.android.server.location.GnssLocationProvider$SvStatusInfo@3f88c10)
07-01 12:45:43.092  1930  1983 I GnssLocationProvider: WakeLock acquired by sendMessage(REPORT_SV_STATUS, 0, com.android.server.location.GnssLocationProvider$SvStatusInfo@fe0b309)
07-01 12:45:43.094  1930  1943 I GnssLocationProvider: WakeLock released by handleMessage(REPORT_SV_STATUS, 0, com.android.server.location.GnssLocationProvider$SvStatusInfo@fe0b309)
07-01 12:45:44.097  1930  1983 I GnssLocationProvider: WakeLock acquired by sendMessage(REPORT_SV_STATUS, 0, com.android.server.location.GnssLocationProvider$SvStatusInfo@b2f290e)
07-01 12:45:44.099  1930  1943 I GnssLocationProvider: WakeLock released by handleMessage(REPORT_SV_STATUS, 0, com.android.server.location.GnssLocationProvider$SvStatusInfo@b2f290e)
07-01 12:45:45.094  1930  1983 I GnssLocationProvider: WakeLock acquired by sendMessage(REPORT_SV_STATUS, 0, com.android.server.location.GnssLocationProvider$SvStatusInfo@6aef2f)
07-01 12:45:45.095  1930  1943 I GnssLocationProvider: WakeLock released by handleMessage(REPORT_SV_STATUS, 0, com.android.server.location.GnssLocationProvider$SvStatusInfo@6aef2f)
07-01 12:45:46.095  1930  1983 I GnssLocationProvider: WakeLock acquired by sendMessage(REPORT_SV_STATUS, 0, com.android.server.location.GnssLocationProvider$SvStatusInfo@fc2593c)
07-01 12:45:46.097  1930  1943 I GnssLocationProvider: WakeLock released by handleMessage(REPORT_SV_STATUS, 0, com.android.server.location.GnssLocationProvider$SvStatusInfo@fc2593c)
07-01 12:45:47.098  1930  1983 I GnssLocationProvider: WakeLock acquired by sendMessage(REPORT_SV_STATUS, 0, com.android.server.location.GnssLocationProvider$SvStatusInfo@d5876c5)
07-01 12:45:47.100  1930  1943 I GnssLocationProvider: WakeLock released by handleMessage(REPORT_SV_STATUS, 0, com.android.server.location.GnssLocationProvider$SvStatusInfo@d5876c5)
07-01 12:45:48.099  1930  1983 I GnssLocationProvider: WakeLock acquired by sendMessage(REPORT_SV_STATUS, 0, com.android.server.location.GnssLocationProvider$SvStatusInfo@bf9cd28)
07-01 12:45:48.101  1930  1943 I GnssLocationProvider: WakeLock released by handleMessage(REPORT_SV_STATUS, 0, com.android.server.location.GnssLocationProvider$SvStatusInfo@bf9cd28)
07-01 12:45:49.099  1930  1983 I GnssLocationProvider: WakeLock acquired by sendMessage(REPORT_SV_STATUS, 0, com.android.server.location.GnssLocationProvider$SvStatusInfo@aceba41)
07-01 12:45:49.101  1930  1943 I GnssLocationProvider: WakeLock released by handleMessage(REPORT_SV_STATUS, 0, com.android.server.location.GnssLocationProvider$SvStatusInfo@aceba41)
07-01 12:45:50.102  1930  1983 I GnssLocationProvider: WakeLock acquired by sendMessage(REPORT_SV_STATUS, 0, com.android.server.location.GnssLocationProvider$SvStatusInfo@60b4be6)
07-01 12:45:50.105  1930  1943 I GnssLocationProvider: WakeLock released by handleMessage(REPORT_SV_STATUS, 0, com.android.server.location.GnssLocationProvider$SvStatusInfo@60b4be6)
07-01 12:45:50.756  1930  1943 E memtrack: Couldn't load memtrack module
07-01 12:45:50.757  1930  1943 W android.os.Debug: failed to get memory consumption info: -1
07-01 12:45:51.048 15599 15599 D AndroidRuntime: >>>>>> START com.android.internal.os.RuntimeInit uid 2000 <<<<<<
07-01 12:45:51.096 15599 15599 W app_process: Unexpected CPU variant for X86 using defaults: x86
07-01 12:45:51.098 15599 15599 I app_process: The ClassLoaderContext is a special shared library.
07-01 12:45:51.100  1930  1983 I GnssLocationProvider: WakeLock acquired by sendMessage(REPORT_SV_STATUS, 0, com.android.server.location.GnssLocationProvider$SvStatusInfo@dd39527)
07-01 12:45:51.101  1930  1943 I GnssLocationProvider: WakeLock released by handleMessage(REPORT_SV_STATUS, 0, com.android.server.location.GnssLocationProvider$SvStatusInfo@dd39527)
07-01 12:45:51.101 15599 15599 W app_process: CheckJNI: method to register "write" not in the given class. This is slow, consider changing your RegisterNatives calls.
07-01 12:45:51.103 15599 15599 I chatty  : uid=2000(shell) main identical 42 lines
07-01 12:45:51.103 15599 15599 W app_process: CheckJNI: method to register "write" not in the given class. This is slow, consider changing your RegisterNatives calls.
07-01 12:45:51.103 15599 15599 W app_process: CheckJNI: method to register "write_non_chained" not in the given class. This is slow, consider changing your RegisterNatives calls.
07-01 12:45:51.103 15599 15599 I chatty  : uid=2000(shell) main identical 7 lines
07-01 12:45:51.103 15599 15599 W app_process: CheckJNI: method to register "write_non_chained" not in the given class. This is slow, consider changing your RegisterNatives calls.
07-01 12:45:51.118 15599 15599 D AndroidRuntime: Calling main entry com.android.commands.content.Content
07-01 12:45:51.126  1930  1930 V SettingsProvider: Notifying for 0: content://settings/system/accelerometer_rotation
07-01 12:45:51.127 15599 15599 D AndroidRuntime: Shutting down VM
07-01 12:45:51.237 15609 15609 D AndroidRuntime: >>>>>> START com.android.internal.os.RuntimeInit uid 2000 <<<<<<
07-01 12:45:51.242 15609 15609 W app_process: Could not reserve sentinel fault page
07-01 12:45:51.274 15609 15609 W app_process: Unexpected CPU variant for X86 using defaults: x86
07-01 12:45:51.277 15609 15609 I app_process: The ClassLoaderContext is a special shared library.
07-01 12:45:51.283 15609 15609 W app_process: CheckJNI: method to register "write" not in the given class. This is slow, consider changing your RegisterNatives calls.
07-01 12:45:51.285 15609 15609 I chatty  : uid=2000(shell) main identical 42 lines
07-01 12:45:51.285 15609 15609 W app_process: CheckJNI: method to register "write" not in the given class. This is slow, consider changing your RegisterNatives calls.
07-01 12:45:51.285 15609 15609 W app_process: CheckJNI: method to register "write_non_chained" not in the given class. This is slow, consider changing your RegisterNatives calls.
07-01 12:45:51.286 15609 15609 I chatty  : uid=2000(shell) main identical 7 lines
07-01 12:45:51.286 15609 15609 W app_process: CheckJNI: method to register "write_non_chained" not in the given class. This is slow, consider changing your RegisterNatives calls.
07-01 12:45:51.300 15609 15609 D AndroidRuntime: Calling main entry com.android.commands.content.Content
07-01 12:45:51.309  1930  1930 V SettingsProvider: Notifying for 0: content://settings/system/user_rotation
07-01 12:45:51.309 15609 15609 D AndroidRuntime: Shutting down VM
07-01 12:45:51.373  3014  3014 I Conv2QueryExtension: isEnabled() : true
07-01 12:45:51.374  3014  3014 E AndroidIME: evo: Failed to dump cda
07-01 12:45:51.374  3014  3014 E AndroidIME: java.lang.NullPointerException: Attempt to invoke virtual method 'boolean cxn.a(android.content.Context, java.util.Locale)' on a null object reference
07-01 12:45:51.374  3014  3014 E AndroidIME: 	at com.google.android.apps.inputmethod.libs.search.nativecard.FeatureCardNoticeExtension.a(PG:132)
07-01 12:45:51.374  3014  3014 E AndroidIME: 	at cda.a(PG:352)
07-01 12:45:51.374  3014  3014 E AndroidIME: 	at evo.a(PG:20)
07-01 12:45:51.374  3014  3014 E AndroidIME: 	at bgm.a(PG:2502)
07-01 12:45:51.374  3014  3014 E AndroidIME: 	at com.android.inputmethod.latin.LatinIME.a(PG:573)
07-01 12:45:51.374  3014  3014 E AndroidIME: 	at bgm.dump(PG:2496)
07-01 12:45:51.374  3014  3014 E AndroidIME: 	at android.inputmethodservice.IInputMethodWrapper.executeMessage(IInputMethodWrapper.java:151)
07-01 12:45:51.374  3014  3014 E AndroidIME: 	at com.android.internal.os.HandlerCaller$MyHandler.handleMessage(HandlerCaller.java:37)
07-01 12:45:51.374  3014  3014 E AndroidIME: 	at android.os.Handler.dispatchMessage(Handler.java:106)
07-01 12:45:51.374  3014  3014 E AndroidIME: 	at android.os.Looper.loop(Looper.java:193)
07-01 12:45:51.374  3014  3014 E AndroidIME: 	at android.app.ActivityThread.main(ActivityThread.java:6669)
07-01 12:45:51.374  3014  3014 E AndroidIME: 	at java.lang.reflect.Method.invoke(Native Method)
07-01 12:45:51.374  3014  3014 E AndroidIME: 	at com.android.internal.os.RuntimeInit$MethodAndArgsCaller.run(RuntimeInit.java:493)
07-01 12:45:51.374  3014  3014 E AndroidIME: 	at com.android.internal.os.ZygoteInit.main(ZygoteInit.java:858)
07-01 12:45:52.102  1930  1983 I GnssLocationProvider: WakeLock acquired by sendMessage(REPORT_SV_STATUS, 0, com.android.server.location.GnssLocationProvider$SvStatusInfo@11d9b35)
07-01 12:45:52.103  1930  1943 I GnssLocationProvider: WakeLock released by handleMessage(REPORT_SV_STATUS, 0, com.android.server.location.GnssLocationProvider$SvStatusInfo@11d9b35)
07-01 12:45:52.194 15639 15639 D AndroidRuntime: >>>>>> START com.android.internal.os.RuntimeInit uid 2000 <<<<<<
07-01 12:45:52.231 15639 15639 W app_process: Unexpected CPU variant for X86 using defaults: x86
07-01 12:45:52.233 15639 15639 I app_process: The ClassLoaderContext is a special shared library.
07-01 12:45:52.234 15639 15639 I app_process: The ClassLoaderContext is a special shared library.
07-01 12:45:52.239 15639 15639 W app_process: CheckJNI: method to register "write" not in the given class. This is slow, consider changing your RegisterNatives calls.
07-01 12:45:52.241 15639 15639 I chatty  : uid=2000(shell) main identical 42 lines
07-01 12:45:52.241 15639 15639 W app_process: CheckJNI: method to register "write" not in the given class. This is slow, consider changing your RegisterNatives calls.
07-01 12:45:52.241 15639 15639 W app_process: CheckJNI: method to register "write_non_chained" not in the given class. This is slow, consider changing your RegisterNatives calls.
07-01 12:45:52.242 15639 15639 I chatty  : uid=2000(shell) main identical 7 lines
07-01 12:45:52.242 15639 15639 W app_process: CheckJNI: method to register "write_non_chained" not in the given class. This is slow, consider changing your RegisterNatives calls.
07-01 12:45:52.254 15639 15639 D AndroidRuntime: Calling main entry com.android.commands.uiautomator.Launcher
07-01 12:45:52.265  1930  1930 V SettingsProvider: Notifying for 0: content://settings/secure/accessibility_enabled
07-01 12:45:52.535  5363  5363 I Finsky  : [2] abyu.onStartJob(3): SCH: onJobSchedulerWakeup with jobId 9004
07-01 12:45:52.539  5363  5363 I Finsky  : [2] abtz.a(9): SCH: Scheduling fallback job with id: 9034, and delay: 43200000 ms
07-01 12:45:52.543  5363  5363 I Finsky  : [2] abtz.b(9): SCH: Scheduling fallback in 64799997 (absolute: 71227440)
07-01 12:45:52.568  5363  5363 I Finsky  : [2] abui.handleMessage(8): SCH: DeviceState: DeviceState{currentTime=1656693952566, isCharging=false, isIdle=false, netAny=true, netNotRoaming=true, netUnmetered=true, batteryPercent=100.0}
07-01 12:45:52.571  5363 15476 I Finsky  : [593] abwt.b(5): SCH: Jobs in database: 1-1337 2-48879 12-1 24-77777777 26-1414141414 31-305419896 
07-01 12:45:52.575  5363  5363 I Finsky  : [2] abuj.b(10): SCH: Running job: 12-1
07-01 12:45:52.575  5363  5363 I Finsky  : [2] ContentSyncJob.r(1): [ContentSync] job started
07-01 12:45:52.575  5363  5363 I Finsky  : [2] abui.handleMessage(68): SCH: RunningQueue size: 1, PendingQueue size: 0
07-01 12:45:52.576  5363  5363 I Finsky  : [2] abuj.p(3): SCH: Running queue: 12-1 
07-01 12:45:52.602  5363 15652 I Finsky  : [602] glv.b(1): Completed 0 account content syncs with 0 successful.
07-01 12:45:52.602  5363  5363 I Finsky  : [2] ContentSyncJob.a(1): [ContentSync] Installation state replication succeeded.
07-01 12:45:52.602  5363  5363 I Finsky  : [2] abvs.n(4): SCH: jobFinished: 12-1. TimeElapsed: 27ms.
07-01 12:45:52.603  5363  5363 I Finsky  : [2] abuj.e(4): SCH: Job 12-1 finished. Not rescheduling.
07-01 12:45:52.603  5363  5363 I Finsky  : [2] abui.handleMessage(68): SCH: RunningQueue size: 0, PendingQueue size: 0
07-01 12:45:52.603  5363  5363 I Finsky  : [2] abui.handleMessage(26): SCH: Executor finished
07-01 12:45:52.617  5363  5363 I Finsky  : [2] abwt.b(5): SCH: Jobs in database: 1-1337 2-48879 24-77777777 26-1414141414 31-305419896 
07-01 12:45:52.619  5363  5363 I Finsky  : [2] abvf.d(37): SCH: ConstraintMapping: 24-77777777,  -> L: 0ms, D: 75324030ms, C: false, I: true, N: 0
07-01 12:45:52.619  5363  5363 I Finsky  : [2] abvf.d(37): SCH: ConstraintMapping: 1-1337, 31-305419896,  -> L: 1723995ms, D: 72463527ms, C: false, I: false, N: 1
07-01 12:45:52.619  5363  5363 I Finsky  : [2] abvf.d(37): SCH: ConstraintMapping: 2-48879,  -> L: 0ms, D: 78917656ms, C: true, I: true, N: 2
07-01 12:45:52.619  5363  5363 I Finsky  : [2] abvf.d(37): SCH: ConstraintMapping: 26-1414141414,  -> L: 36661188ms, D: 37561188ms, C: false, I: false, N: 0
07-01 12:45:52.628  5363  5363 I Finsky  : [2] abvf.f(7): SCH: Cancelling existing jobscheduler jobs: 9003 9007 9005 
07-01 12:45:52.628  5363  5363 I Finsky  : [2] abvf.e(8): SCH: Throttling wakeup for job 9000 (expected to run in 0 ms) due to recent wakeup
07-01 12:45:52.628  5363  5363 I Finsky  : [2] abvf.e(23): SCH: Scheduling job Id: 9000, L: 30000, D: 75324030, C: false, I: true, N: 0
07-01 12:45:52.630  5363  5363 I Finsky  : [2] abvf.e(23): SCH: Scheduling job Id: 9001, L: 1723995, D: 72463527, C: false, I: false, N: 1
07-01 12:45:52.632  5363  5363 I Finsky  : [2] abvf.e(8): SCH: Throttling wakeup for job 9002 (expected to run in 0 ms) due to recent wakeup
07-01 12:45:52.632  5363  5363 I Finsky  : [2] abvf.e(23): SCH: Scheduling job Id: 9002, L: 30000, D: 78917656, C: true, I: true, N: 2
07-01 12:45:52.633  5363  5363 I Finsky  : [2] abvf.e(23): SCH: Scheduling job Id: 9006, L: 36661188, D: 37561188, C: false, I: false, N: 0
07-01 12:45:53.108  1930  1983 I GnssLocationProvider: WakeLock acquired by sendMessage(REPORT_SV_STATUS, 0, com.android.server.location.GnssLocationProvider$SvStatusInfo@56cbba5)
07-01 12:45:53.110  1930  1943 I GnssLocationProvider: WakeLock released by handleMessage(REPORT_SV_STATUS, 0, com.android.server.location.GnssLocationProvider$SvStatusInfo@56cbba5)
07-01 12:45:53.305 15639 15639 I AccessibilityNodeInfoDumper: Skipping invisible child: android.view.accessibility.AccessibilityNodeInfo@a874; boundsInParent: Rect(0, 0 - 1080, 1582); boundsInScreen: Rect(1080, 63 - 1080, 1645); packageName: org.shadowice.flocke.andotp.dev; className: android.widget.ScrollView; text: null; error: null; maxTextLength: -1; contentDescription: null; tooltipText: null; viewIdResName: null; checkable: false; checked: false; focusable: true; focused: false; selected: false; clickable: false; longClickable: false; contextClickable: false; enabled: true; password: false; scrollable: false; importantForAccessibility: true; visible: false; actions: [AccessibilityAction: ACTION_FOCUS - null, AccessibilityAction: ACTION_SELECT - null, AccessibilityAction: ACTION_CLEAR_SELECTION - null, AccessibilityAction: ACTION_ACCESSIBILITY_FOCUS - null, AccessibilityAction: ACTION_SHOW_ON_SCREEN - null]
07-01 12:45:53.305 15639 15639 I AccessibilityNodeInfoDumper: Skipping invisible child: android.view.accessibility.AccessibilityNodeInfo@9970; boundsInParent: Rect(0, 0 - 147, 147); boundsInScreen: Rect(42, 1983 - 189, 1794); packageName: org.shadowice.flocke.andotp.dev; className: android.widget.ImageButton; text: null; error: null; maxTextLength: -1; contentDescription: Back; tooltipText: null; viewIdResName: org.shadowice.flocke.andotp.dev:id/mi_button_back; checkable: false; checked: false; focusable: true; focused: false; selected: false; clickable: true; longClickable: true; contextClickable: false; enabled: true; password: false; scrollable: false; importantForAccessibility: true; visible: false; actions: [AccessibilityAction: ACTION_FOCUS - null, AccessibilityAction: ACTION_SELECT - null, AccessibilityAction: ACTION_CLEAR_SELECTION - null, AccessibilityAction: ACTION_CLICK - null, AccessibilityAction: ACTION_LONG_CLICK - null, AccessibilityAction: ACTION_ACCESSIBILITY_FOCUS - null, AccessibilityAction: ACTION_NEXT_AT_MOVEMENT_GRANULARITY - null, AccessibilityAction: ACTION_PREVIOUS_AT_MOVEMENT_GRANULARITY - null, AccessibilityAction: ACTION_SET_SELECTION - null, AccessibilityAction: ACTION_SHOW_ON_SCREEN - null]
07-01 12:45:53.305 15639 15639 W AccessibilityNodeInfoDumper: Fetch time: 3ms
07-01 12:45:53.306  1930  8175 W WindowManager: removeWindowToken: Attempted to remove non-existing token: android.os.Binder@ee36bca
07-01 12:45:53.307  1930  1930 V SettingsProvider: Notifying for 0: content://settings/secure/accessibility_enabled
07-01 12:45:53.308  1930  1930 V SettingsProvider: Notifying for 0: content://settings/system/user_rotation
07-01 12:45:53.309  1930  1930 V SettingsProvider: Notifying for 0: content://settings/system/accelerometer_rotation
07-01 12:45:53.311 15639 15639 D AndroidRuntime: Shutting down VM
07-01 12:45:53.540 15659 15659 D AndroidRuntime: >>>>>> START com.android.internal.os.RuntimeInit uid 2000 <<<<<<
07-01 12:45:53.578 15659 15659 W app_process: Unexpected CPU variant for X86 using defaults: x86
07-01 12:45:53.581 15659 15659 I app_process: The ClassLoaderContext is a special shared library.
07-01 12:45:53.581 15659 15659 I app_process: The ClassLoaderContext is a special shared library.
07-01 12:45:53.589 15659 15659 W app_process: CheckJNI: method to register "write" not in the given class. This is slow, consider changing your RegisterNatives calls.
07-01 12:45:53.591 15659 15659 I chatty  : uid=2000(shell) main identical 42 lines
07-01 12:45:53.591 15659 15659 W app_process: CheckJNI: method to register "write" not in the given class. This is slow, consider changing your RegisterNatives calls.
07-01 12:45:53.591 15659 15659 W app_process: CheckJNI: method to register "write_non_chained" not in the given class. This is slow, consider changing your RegisterNatives calls.
07-01 12:45:53.591 15659 15659 I chatty  : uid=2000(shell) main identical 7 lines
07-01 12:45:53.591 15659 15659 W app_process: CheckJNI: method to register "write_non_chained" not in the given class. This is slow, consider changing your RegisterNatives calls.
07-01 12:45:53.603 15659 15659 D AndroidRuntime: Calling main entry com.android.commands.uiautomator.Launcher
07-01 12:45:53.613  1930  1930 V SettingsProvider: Notifying for 0: content://settings/secure/accessibility_enabled
07-01 12:45:54.115  1930  1983 I GnssLocationProvider: WakeLock acquired by sendMessage(REPORT_SV_STATUS, 0, com.android.server.location.GnssLocationProvider$SvStatusInfo@f926d21)
07-01 12:45:54.117  1930  1943 I GnssLocationProvider: WakeLock released by handleMessage(REPORT_SV_STATUS, 0, com.android.server.location.GnssLocationProvider$SvStatusInfo@f926d21)
07-01 12:45:54.642 15659 15659 I AccessibilityNodeInfoDumper: Skipping invisible child: android.view.accessibility.AccessibilityNodeInfo@a87d; boundsInParent: Rect(0, 0 - 1080, 1582); boundsInScreen: Rect(1080, 63 - 1080, 1645); packageName: org.shadowice.flocke.andotp.dev; className: android.widget.ScrollView; text: null; error: null; maxTextLength: -1; contentDescription: null; tooltipText: null; viewIdResName: null; checkable: false; checked: false; focusable: true; focused: false; selected: false; clickable: false; longClickable: false; contextClickable: false; enabled: true; password: false; scrollable: false; importantForAccessibility: true; visible: false; actions: [AccessibilityAction: ACTION_FOCUS - null, AccessibilityAction: ACTION_SELECT - null, AccessibilityAction: ACTION_CLEAR_SELECTION - null, AccessibilityAction: ACTION_ACCESSIBILITY_FOCUS - null, AccessibilityAction: ACTION_SHOW_ON_SCREEN - null]
07-01 12:45:54.642 15659 15659 I AccessibilityNodeInfoDumper: Skipping invisible child: android.view.accessibility.AccessibilityNodeInfo@9979; boundsInParent: Rect(0, 0 - 147, 147); boundsInScreen: Rect(42, 1983 - 189, 1794); packageName: org.shadowice.flocke.andotp.dev; className: android.widget.ImageButton; text: null; error: null; maxTextLength: -1; contentDescription: Back; tooltipText: null; viewIdResName: org.shadowice.flocke.andotp.dev:id/mi_button_back; checkable: false; checked: false; focusable: true; focused: false; selected: false; clickable: true; longClickable: true; contextClickable: false; enabled: true; password: false; scrollable: false; importantForAccessibility: true; visible: false; actions: [AccessibilityAction: ACTION_FOCUS - null, AccessibilityAction: ACTION_SELECT - null, AccessibilityAction: ACTION_CLEAR_SELECTION - null, AccessibilityAction: ACTION_CLICK - null, AccessibilityAction: ACTION_LONG_CLICK - null, AccessibilityAction: ACTION_ACCESSIBILITY_FOCUS - null, AccessibilityAction: ACTION_NEXT_AT_MOVEMENT_GRANULARITY - null, AccessibilityAction: ACTION_PREVIOUS_AT_MOVEMENT_GRANULARITY - null, AccessibilityAction: ACTION_SET_SELECTION - null, AccessibilityAction: ACTION_SHOW_ON_SCREEN - null]
07-01 12:45:54.643 15659 15659 W AccessibilityNodeInfoDumper: Fetch time: 4ms
07-01 12:45:54.644  1930  1940 W WindowManager: removeWindowToken: Attempted to remove non-existing token: android.os.Binder@ec04f2b
07-01 12:45:54.645  1930  1930 V SettingsProvider: Notifying for 0: content://settings/secure/accessibility_enabled
07-01 12:45:54.653 15659 15659 D AndroidRuntime: Shutting down VM
07-01 12:45:55.117  1930  1983 I GnssLocationProvider: WakeLock acquired by sendMessage(REPORT_SV_STATUS, 0, com.android.server.location.GnssLocationProvider$SvStatusInfo@d72b307)
07-01 12:45:55.119  1930  1943 I GnssLocationProvider: WakeLock released by handleMessage(REPORT_SV_STATUS, 0, com.android.server.location.GnssLocationProvider$SvStatusInfo@d72b307)
07-01 12:45:55.490 15686 15686 D AndroidRuntime: >>>>>> START com.android.internal.os.RuntimeInit uid 2000 <<<<<<
07-01 12:45:55.528 15686 15686 W app_process: Unexpected CPU variant for X86 using defaults: x86
07-01 12:45:55.529 15686 15686 I app_process: The ClassLoaderContext is a special shared library.
07-01 12:45:55.530 15686 15686 I app_process: The ClassLoaderContext is a special shared library.
07-01 12:45:55.537 15686 15686 W app_process: CheckJNI: method to register "write" not in the given class. This is slow, consider changing your RegisterNatives calls.
07-01 12:45:55.539 15686 15686 I chatty  : uid=2000(shell) main identical 42 lines
07-01 12:45:55.539 15686 15686 W app_process: CheckJNI: method to register "write" not in the given class. This is slow, consider changing your RegisterNatives calls.
07-01 12:45:55.539 15686 15686 W app_process: CheckJNI: method to register "write_non_chained" not in the given class. This is slow, consider changing your RegisterNatives calls.
07-01 12:45:55.539 15686 15686 I chatty  : uid=2000(shell) main identical 7 lines
07-01 12:45:55.539 15686 15686 W app_process: CheckJNI: method to register "write_non_chained" not in the given class. This is slow, consider changing your RegisterNatives calls.
07-01 12:45:55.553 15686 15686 D AndroidRuntime: Calling main entry com.android.commands.uiautomator.Launcher
07-01 12:45:56.112  1930  2607 D WificondControl: Scan result ready event
07-01 12:45:56.119  1930  1983 I GnssLocationProvider: WakeLock acquired by sendMessage(REPORT_SV_STATUS, 0, com.android.server.location.GnssLocationProvider$SvStatusInfo@f00dfd2)
07-01 12:45:56.121  1930  1943 I GnssLocationProvider: WakeLock released by handleMessage(REPORT_SV_STATUS, 0, com.android.server.location.GnssLocationProvider$SvStatusInfo@f00dfd2)
07-01 12:45:56.586 15686 15686 I AccessibilityNodeInfoDumper: Skipping invisible child: android.view.accessibility.AccessibilityNodeInfo@a888; boundsInParent: Rect(0, 0 - 1080, 1582); boundsInScreen: Rect(1080, 63 - 1080, 1645); packageName: org.shadowice.flocke.andotp.dev; className: android.widget.ScrollView; text: null; error: null; maxTextLength: -1; contentDescription: null; tooltipText: null; viewIdResName: null; checkable: false; checked: false; focusable: true; focused: false; selected: false; clickable: false; longClickable: false; contextClickable: false; enabled: true; password: false; scrollable: false; importantForAccessibility: true; visible: false; actions: [AccessibilityAction: ACTION_FOCUS - null, AccessibilityAction: ACTION_SELECT - null, AccessibilityAction: ACTION_CLEAR_SELECTION - null, AccessibilityAction: ACTION_ACCESSIBILITY_FOCUS - null, AccessibilityAction: ACTION_SHOW_ON_SCREEN - null]
07-01 12:45:56.586 15686 15686 I AccessibilityNodeInfoDumper: Skipping invisible child: android.view.accessibility.AccessibilityNodeInfo@9984; boundsInParent: Rect(0, 0 - 147, 147); boundsInScreen: Rect(42, 1983 - 189, 1794); packageName: org.shadowice.flocke.andotp.dev; className: android.widget.ImageButton; text: null; error: null; maxTextLength: -1; contentDescription: Back; tooltipText: null; viewIdResName: org.shadowice.flocke.andotp.dev:id/mi_button_back; checkable: false; checked: false; focusable: true; focused: false; selected: false; clickable: true; longClickable: true; contextClickable: false; enabled: true; password: false; scrollable: false; importantForAccessibility: true; visible: false; actions: [AccessibilityAction: ACTION_FOCUS - null, AccessibilityAction: ACTION_SELECT - null, AccessibilityAction: ACTION_CLEAR_SELECTION - null, AccessibilityAction: ACTION_CLICK - null, AccessibilityAction: ACTION_LONG_CLICK - null, AccessibilityAction: ACTION_ACCESSIBILITY_FOCUS - null, AccessibilityAction: ACTION_NEXT_AT_MOVEMENT_GRANULARITY - null, AccessibilityAction: ACTION_PREVIOUS_AT_MOVEMENT_GRANULARITY - null, AccessibilityAction: ACTION_SET_SELECTION - null, AccessibilityAction: ACTION_SHOW_ON_SCREEN - null]
07-01 12:45:56.586 15686 15686 W AccessibilityNodeInfoDumper: Fetch time: 2ms
07-01 12:45:55.564  1930  1930 V SettingsProvider: Notifying for 0: content://settings/secure/accessibility_enabled
07-01 12:45:56.587  1930  2607 W WindowManager: removeWindowToken: Attempted to remove non-existing token: android.os.Binder@acc8c34
07-01 12:45:56.588  1930  1930 V SettingsProvider: Notifying for 0: content://settings/secure/accessibility_enabled
07-01 12:45:56.596 15686 15686 D AndroidRuntime: Shutting down VM
07-01 12:45:57.125  1930  1983 I GnssLocationProvider: WakeLock acquired by sendMessage(REPORT_SV_STATUS, 0, com.android.server.location.GnssLocationProvider$SvStatusInfo@8c037a0)
07-01 12:45:57.127  1930  1943 I GnssLocationProvider: WakeLock released by handleMessage(REPORT_SV_STATUS, 0, com.android.server.location.GnssLocationProvider$SvStatusInfo@8c037a0)
07-01 12:45:57.516 15719 15719 D AndroidRuntime: >>>>>> START com.android.internal.os.RuntimeInit uid 2000 <<<<<<
07-01 12:45:57.523 15719 15719 W app_process: Could not reserve sentinel fault page
07-01 12:45:57.555 15719 15719 W app_process: Unexpected CPU variant for X86 using defaults: x86
07-01 12:45:57.557 15719 15719 I app_process: The ClassLoaderContext is a special shared library.
07-01 12:45:57.558 15719 15719 I app_process: The ClassLoaderContext is a special shared library.
07-01 12:45:57.563 15719 15719 W app_process: CheckJNI: method to register "write" not in the given class. This is slow, consider changing your RegisterNatives calls.
07-01 12:45:57.565 15719 15719 I chatty  : uid=2000(shell) main identical 42 lines
07-01 12:45:57.565 15719 15719 W app_process: CheckJNI: method to register "write" not in the given class. This is slow, consider changing your RegisterNatives calls.
07-01 12:45:57.565 15719 15719 W app_process: CheckJNI: method to register "write_non_chained" not in the given class. This is slow, consider changing your RegisterNatives calls.
07-01 12:45:57.566 15719 15719 I chatty  : uid=2000(shell) main identical 7 lines
07-01 12:45:57.566 15719 15719 W app_process: CheckJNI: method to register "write_non_chained" not in the given class. This is slow, consider changing your RegisterNatives calls.
07-01 12:45:57.579 15719 15719 D AndroidRuntime: Calling main entry com.android.commands.uiautomator.Launcher
07-01 12:45:57.753  1930  1943 E memtrack: Couldn't load memtrack module
07-01 12:45:57.753  1930  1943 W android.os.Debug: failed to get memory consumption info: -1
07-01 12:45:58.127  1930  1983 I GnssLocationProvider: WakeLock acquired by sendMessage(REPORT_SV_STATUS, 0, com.android.server.location.GnssLocationProvider$SvStatusInfo@8e4fbff)
07-01 12:45:58.128  1930  1943 I GnssLocationProvider: WakeLock released by handleMessage(REPORT_SV_STATUS, 0, com.android.server.location.GnssLocationProvider$SvStatusInfo@8e4fbff)
07-01 12:45:58.321  1880  1880 E netmgr  : Failed to open QEMU pipe 'qemud:network': Invalid argument
07-01 12:45:58.321  1880  1880 E netmgr  : WifiForwarder unable to open QEMU pipe: Invalid argument
07-01 12:45:58.612 15719 15719 I AccessibilityNodeInfoDumper: Skipping invisible child: android.view.accessibility.AccessibilityNodeInfo@a88c; boundsInParent: Rect(0, 0 - 1080, 1582); boundsInScreen: Rect(1080, 63 - 1080, 1645); packageName: org.shadowice.flocke.andotp.dev; className: android.widget.ScrollView; text: null; error: null; maxTextLength: -1; contentDescription: null; tooltipText: null; viewIdResName: null; checkable: false; checked: false; focusable: true; focused: false; selected: false; clickable: false; longClickable: false; contextClickable: false; enabled: true; password: false; scrollable: false; importantForAccessibility: true; visible: false; actions: [AccessibilityAction: ACTION_FOCUS - null, AccessibilityAction: ACTION_SELECT - null, AccessibilityAction: ACTION_CLEAR_SELECTION - null, AccessibilityAction: ACTION_ACCESSIBILITY_FOCUS - null, AccessibilityAction: ACTION_SHOW_ON_SCREEN - null]
07-01 12:45:58.613 15719 15719 I AccessibilityNodeInfoDumper: Skipping invisible child: android.view.accessibility.AccessibilityNodeInfo@9988; boundsInParent: Rect(0, 0 - 147, 147); boundsInScreen: Rect(42, 1983 - 189, 1794); packageName: org.shadowice.flocke.andotp.dev; className: android.widget.ImageButton; text: null; error: null; maxTextLength: -1; contentDescription: Back; tooltipText: null; viewIdResName: org.shadowice.flocke.andotp.dev:id/mi_button_back; checkable: false; checked: false; focusable: true; focused: false; selected: false; clickable: true; longClickable: true; contextClickable: false; enabled: true; password: false; scrollable: false; importantForAccessibility: true; visible: false; actions: [AccessibilityAction: ACTION_FOCUS - null, AccessibilityAction: ACTION_SELECT - null, AccessibilityAction: ACTION_CLEAR_SELECTION - null, AccessibilityAction: ACTION_CLICK - null, AccessibilityAction: ACTION_LONG_CLICK - null, AccessibilityAction: ACTION_ACCESSIBILITY_FOCUS - null, AccessibilityAction: ACTION_NEXT_AT_MOVEMENT_GRANULARITY - null, AccessibilityAction: ACTION_PREVIOUS_AT_MOVEMENT_GRANULARITY - null, AccessibilityAction: ACTION_SET_SELECTION - null, AccessibilityAction: ACTION_SHOW_ON_SCREEN - null]
07-01 12:45:58.613 15719 15719 W AccessibilityNodeInfoDumper: Fetch time: 3ms
07-01 12:45:57.589  1930  1930 V SettingsProvider: Notifying for 0: content://settings/secure/accessibility_enabled
07-01 12:45:58.614  1930  8175 W WindowManager: removeWindowToken: Attempted to remove non-existing token: android.os.Binder@8a9f59
07-01 12:45:58.614  1930  1930 V SettingsProvider: Notifying for 0: content://settings/secure/accessibility_enabled
07-01 12:45:58.619 15719 15719 D AndroidRuntime: Shutting down VM
07-01 12:45:58.869 15740 15740 D AndroidRuntime: >>>>>> START com.android.internal.os.RuntimeInit uid 2000 <<<<<<
07-01 12:45:58.874 15740 15740 W app_process: Could not reserve sentinel fault page
07-01 12:45:58.910 15740 15740 W app_process: Unexpected CPU variant for X86 using defaults: x86
07-01 12:45:58.912 15740 15740 I app_process: The ClassLoaderContext is a special shared library.
07-01 12:45:58.912 15740 15740 I app_process: The ClassLoaderContext is a special shared library.
07-01 12:45:58.919 15740 15740 W app_process: CheckJNI: method to register "write" not in the given class. This is slow, consider changing your RegisterNatives calls.
07-01 12:45:58.921 15740 15740 I chatty  : uid=2000(shell) main identical 42 lines
07-01 12:45:58.921 15740 15740 W app_process: CheckJNI: method to register "write" not in the given class. This is slow, consider changing your RegisterNatives calls.
07-01 12:45:58.921 15740 15740 W app_process: CheckJNI: method to register "write_non_chained" not in the given class. This is slow, consider changing your RegisterNatives calls.
07-01 12:45:58.921 15740 15740 I chatty  : uid=2000(shell) main identical 7 lines
07-01 12:45:58.921 15740 15740 W app_process: CheckJNI: method to register "write_non_chained" not in the given class. This is slow, consider changing your RegisterNatives calls.
07-01 12:45:58.933 15740 15740 D AndroidRuntime: Calling main entry com.android.commands.uiautomator.Launcher
07-01 12:45:59.131  1930  1983 I GnssLocationProvider: WakeLock acquired by sendMessage(REPORT_SV_STATUS, 0, com.android.server.location.GnssLocationProvider$SvStatusInfo@97591b)
