11-10 17:29:31.889 22263 22263 D AndroidRuntime: >>>>>> START com.android.internal.os.RuntimeInit uid 2000 <<<<<<
11-10 17:29:31.936 22263 22263 W app_process: Unexpected CPU variant for X86 using defaults: x86
11-10 17:29:31.938 22263 22263 I app_process: The ClassLoaderContext is a special shared library.
11-10 17:29:31.939 22263 22263 I app_process: The ClassLoaderContext is a special shared library.
11-10 17:29:31.945 22263 22263 W app_process: CheckJNI: method to register "write" not in the given class. This is slow, consider changing your RegisterNatives calls.
11-10 17:29:31.948 22263 22263 I chatty  : uid=2000(shell) main identical 42 lines
11-10 17:29:31.948 22263 22263 W app_process: CheckJNI: method to register "write" not in the given class. This is slow, consider changing your RegisterNatives calls.
11-10 17:29:31.948 22263 22263 W app_process: CheckJNI: method to register "write_non_chained" not in the given class. This is slow, consider changing your RegisterNatives calls.
11-10 17:29:31.948 22263 22263 I chatty  : uid=2000(shell) main identical 7 lines
11-10 17:29:31.948 22263 22263 W app_process: CheckJNI: method to register "write_non_chained" not in the given class. This is slow, consider changing your RegisterNatives calls.
11-10 17:29:31.963 22263 22263 D AndroidRuntime: Calling main entry com.android.commands.uiautomator.Launcher
11-10 17:29:31.977  6288  6356 I A       : NGA disabled due to not being eligible.
11-10 17:29:32.674  1928  2290 I GnssLocationProvider: WakeLock acquired by sendMessage(REPORT_SV_STATUS, 0, com.android.server.location.GnssLocationProvider$SvStatusInfo@7a96a4e)
11-10 17:29:32.675  1928  1941 I GnssLocationProvider: WakeLock released by handleMessage(REPORT_SV_STATUS, 0, com.android.server.location.GnssLocationProvider$SvStatusInfo@7a96a4e)
11-10 17:29:31.975  1928  1928 V SettingsProvider: Notifying for 0: content://settings/secure/accessibility_enabled
11-10 17:29:32.983  1928  2859 W WindowManager: removeWindowToken: Attempted to remove non-existing token: android.os.Binder@6941b50
11-10 17:29:32.985  1928  1928 V SettingsProvider: Notifying for 0: content://settings/secure/accessibility_enabled
11-10 17:29:32.989 22263 22263 D AndroidRuntime: Shutting down VM
11-10 17:29:32.989  6288  6356 I A       : NGA disabled due to not being eligible.
11-10 17:29:33.304 22284 22284 D AndroidRuntime: >>>>>> START com.android.internal.os.RuntimeInit uid 2000 <<<<<<
11-10 17:29:33.351 22284 22284 W app_process: Unexpected CPU variant for X86 using defaults: x86
11-10 17:29:33.354 22284 22284 I app_process: The ClassLoaderContext is a special shared library.
11-10 17:29:33.355 22284 22284 I app_process: The ClassLoaderContext is a special shared library.
11-10 17:29:33.360 22284 22284 W app_process: CheckJNI: method to register "write" not in the given class. This is slow, consider changing your RegisterNatives calls.
11-10 17:29:33.363 22284 22284 I chatty  : uid=2000(shell) main identical 42 lines
11-10 17:29:33.363 22284 22284 W app_process: CheckJNI: method to register "write" not in the given class. This is slow, consider changing your RegisterNatives calls.
11-10 17:29:33.364 22284 22284 W app_process: CheckJNI: method to register "write_non_chained" not in the given class. This is slow, consider changing your RegisterNatives calls.
11-10 17:29:33.364 22284 22284 I chatty  : uid=2000(shell) main identical 7 lines
11-10 17:29:33.364 22284 22284 W app_process: CheckJNI: method to register "write_non_chained" not in the given class. This is slow, consider changing your RegisterNatives calls.
11-10 17:29:33.379 22284 22284 D AndroidRuntime: Calling main entry com.android.commands.uiautomator.Launcher
11-10 17:29:33.394  6288  6356 I A       : NGA disabled due to not being eligible.
11-10 17:29:33.676  1928  2290 I GnssLocationProvider: WakeLock acquired by sendMessage(REPORT_SV_STATUS, 0, com.android.server.location.GnssLocationProvider$SvStatusInfo@635dd5a)
11-10 17:29:33.677  1928  1941 I GnssLocationProvider: WakeLock released by handleMessage(REPORT_SV_STATUS, 0, com.android.server.location.GnssLocationProvider$SvStatusInfo@635dd5a)
11-10 17:29:34.028  1928  1941 E memtrack: Couldn't load memtrack module
11-10 17:29:34.028  1928  1941 W android.os.Debug: failed to get memory consumption info: -1
11-10 17:29:34.406 22284 22284 W AccessibilityNodeInfoDumper: Fetch time: 1ms
11-10 17:29:33.391  1928  1928 V SettingsProvider: Notifying for 0: content://settings/secure/accessibility_enabled
11-10 17:29:34.407  1928  5909 W WindowManager: removeWindowToken: Attempted to remove non-existing token: android.os.Binder@3a79c7c
11-10 17:29:34.408  1928  1928 V SettingsProvider: Notifying for 0: content://settings/secure/accessibility_enabled
11-10 17:29:34.412 22284 22284 D AndroidRuntime: Shutting down VM
11-10 17:29:34.415  6288  6356 I A       : NGA disabled due to not being eligible.
11-10 17:29:34.515  1928  3796 I ActivityManager: Force stopping org.shadowice.flocke.andotp.dev appid=10123 user=0: from pid 22299
11-10 17:29:34.516  1928  3796 I ActivityManager: Killing 21253:org.shadowice.flocke.andotp.dev/u0a123 (adj 0): stop org.shadowice.flocke.andotp.dev
11-10 17:29:34.517  1928  1945 W libprocessgroup: kill(-21253, 9) failed: No such process
11-10 17:29:34.518  1928  3796 W ActivityManager: Force removing ActivityRecord{e3eddec u0 org.shadowice.flocke.andotp.dev/org.shadowice.flocke.andotp.Activities.IntroScreenActivity t127}: app died, no saved state
11-10 17:29:34.545  1769  1769 W SurfaceFlinger: couldn't log to binary event log: overflow.
11-10 17:29:34.558  1928  3796 I ActivityManager:   Force finishing activity ActivityRecord{775df63 u0 org.shadowice.flocke.andotp.dev/org.shadowice.flocke.andotp.Activities.MainActivity t127}
11-10 17:29:34.560  1928  1945 W libprocessgroup: kill(-21253, 9) failed: No such process
11-10 17:29:34.583  1928  1995 W InputDispatcher: channel '404c66d org.shadowice.flocke.andotp.dev/org.shadowice.flocke.andotp.Activities.MainActivity (server)' ~ Consumer closed input channel or an error occurred.  events=0x9
11-10 17:29:34.584  1928  1995 E InputDispatcher: channel '404c66d org.shadowice.flocke.andotp.dev/org.shadowice.flocke.andotp.Activities.MainActivity (server)' ~ Channel is unrecoverably broken and will be disposed!
11-10 17:29:34.586  1770  1770 I Zygote  : Process 21253 exited due to signal (9)
11-10 17:29:34.604  1928  7037 D HostConnection: HostConnection::get() New Host Connection established 0xdd0ae0f0, tid 7037
11-10 17:29:34.604  1928  1945 W libprocessgroup: kill(-21253, 9) failed: No such process
11-10 17:29:34.604  1928  1945 I libprocessgroup: Successfully killed process cgroup uid 10123 pid 21253 in 87ms
11-10 17:29:34.605  1928  7037 D HostConnection: HostComposition ext ANDROID_EMU_CHECKSUM_HELPER_v1 ANDROID_EMU_native_sync_v2 ANDROID_EMU_native_sync_v3 ANDROID_EMU_native_sync_v4 ANDROID_EMU_dma_v1 ANDROID_EMU_YUV420_888_to_NV21 ANDROID_EMU_YUV_Cache ANDROID_EMU_async_unmap_buffer GL_OES_EGL_image_external_essl3 GL_OES_vertex_array_object GL_KHR_texture_compression_astc_ldr ANDROID_EMU_host_side_tracing ANDROID_EMU_gles_max_version_3_0 
11-10 17:29:34.608  1928  7037 I ConfigStore: android::hardware::configstore::V1_0::ISurfaceFlingerConfigs::hasWideColorDisplay retrieved: 0
11-10 17:29:34.608  1928  7037 I ConfigStore: android::hardware::configstore::V1_0::ISurfaceFlingerConfigs::hasHDRDisplay retrieved: 0
11-10 17:29:34.608  1928  7037 I OpenGLRenderer: Initialized EGL, version 1.4
11-10 17:29:34.608  1928  7037 D OpenGLRenderer: Swap behavior 1
11-10 17:29:34.609  1928  7037 W OpenGLRenderer: Failed to choose config with EGL_SWAP_BEHAVIOR_PRESERVED, retrying without...
11-10 17:29:34.609  1928  7037 D OpenGLRenderer: Swap behavior 0
11-10 17:29:34.610  1928  7037 D eglCodecCommon: setVertexArrayObject: set vao to 0 (0) 0 0
11-10 17:29:34.610  1928  7037 D EGL_emulation: eglCreateContext: 0xdd086b00: maj 3 min 0 rcv 3
11-10 17:29:34.611  1928  7037 D EGL_emulation: eglMakeCurrent: 0xdd086b00: ver 3 0 (tinfo 0xc8a52690)
11-10 17:29:34.630  1647  1693 D gralloc_ranchu: gralloc_alloc: Creating ashmem region of size 8298496
11-10 17:29:34.641  1928  7037 D EGL_emulation: eglMakeCurrent: 0xdd086b00: ver 3 0 (tinfo 0xc8a52690)
11-10 17:29:34.648  1928  7037 D eglCodecCommon: setVertexArrayObject: set vao to 0 (0) 1 2
11-10 17:29:34.670  1647  1693 D gralloc_ranchu: gralloc_alloc: Creating ashmem region of size 8298496
11-10 17:29:34.677  1928  7037 D EGL_emulation: eglMakeCurrent: 0xdd086b00: ver 3 0 (tinfo 0xc8a52690)
11-10 17:29:34.679  1928  2290 I GnssLocationProvider: WakeLock acquired by sendMessage(REPORT_SV_STATUS, 0, com.android.server.location.GnssLocationProvider$SvStatusInfo@e99c081)
11-10 17:29:34.680  1928  1941 I GnssLocationProvider: WakeLock released by handleMessage(REPORT_SV_STATUS, 0, com.android.server.location.GnssLocationProvider$SvStatusInfo@e99c081)
11-10 17:29:34.684  1928  3796 I ActivityManager:   Force finishing activity ActivityRecord{775df63 u0 org.shadowice.flocke.andotp.dev/org.shadowice.flocke.andotp.Activities.MainActivity t127 f}
11-10 17:29:34.684  1928  3796 W ActivityManager: Duplicate finish request for ActivityRecord{775df63 u0 org.shadowice.flocke.andotp.dev/org.shadowice.flocke.andotp.Activities.MainActivity t127 f}
11-10 17:29:34.685  1928  5855 I WindowManager: WIN DEATH: Window{404c66d u0 org.shadowice.flocke.andotp.dev/org.shadowice.flocke.andotp.Activities.MainActivity}
11-10 17:29:34.685  1928  5855 W InputDispatcher: Attempted to unregister already unregistered input channel '404c66d org.shadowice.flocke.andotp.dev/org.shadowice.flocke.andotp.Activities.MainActivity (server)'
11-10 17:29:34.719  1647  1693 D gralloc_ranchu: gralloc_alloc: Creating ashmem region of size 8298496
11-10 17:29:34.748  1928  1944 W ActivityManager: Slow operation: 203ms so far, now at startProcess: asking zygote to start proc
11-10 17:29:34.756  1928  1950 W ActivityManager: setHasOverlayUi called on unknown pid: 21253
11-10 17:29:34.770  1928  1943 W Looper  : Slow dispatch took 254ms android.ui h=com.android.server.am.ActivityManagerService$UiHandler c=null m=53
11-10 17:29:34.770  1928  1943 W Looper  : Slow delivery took 254ms android.ui h=com.android.server.am.ActivityManagerService$UiHandler c=null m=32
11-10 17:29:34.726  1647  1693 I chatty  : uid=1000(system) HwBinder:1647_1 identical 1 line
11-10 17:29:34.732  1647  1693 D gralloc_ranchu: gralloc_alloc: Creating ashmem region of size 8298496
11-10 17:29:34.770 22301 22301 I ocke.andotp.de: Not late-enabling -Xcheck:jni (already on)
11-10 17:29:34.777  1928  1944 W ActivityManager: Slow operation: 233ms so far, now at startProcess: returned from zygote!
11-10 17:29:34.784  1928  1944 W ActivityManager: Slow operation: 239ms so far, now at startProcess: done updating battery stats
11-10 17:29:34.784  1928  1944 W ActivityManager: Slow operation: 239ms so far, now at startProcess: building log message
11-10 17:29:34.784  1928  1944 I ActivityManager: Start proc 22301:org.shadowice.flocke.andotp.dev/u0a123 for activity org.shadowice.flocke.andotp.dev/org.shadowice.flocke.andotp.Activities.MainActivity
11-10 17:29:34.784  1928  1944 W ActivityManager: Slow operation: 239ms so far, now at startProcess: starting to update pids map
11-10 17:29:34.784  1928  1944 W ActivityManager: Slow operation: 239ms so far, now at startProcess: done updating pids map
11-10 17:29:34.791  2140  2140 D CarrierSvcBindHelper: No carrier app for: 0
11-10 17:29:34.808  1928  1943 W Looper  : Drained
11-10 17:29:34.835  1928  7037 D eglCodecCommon: setVertexArrayObject: set vao to 0 (0) 4 3
11-10 17:29:34.844  1769  1769 D SurfaceFlinger: duplicate layer name: changing com.google.android.apps.nexuslauncher/com.google.android.apps.nexuslauncher.NexusLauncherActivity to com.google.android.apps.nexuslauncher/com.google.android.apps.nexuslauncher.NexusLauncherActivity#1
11-10 17:29:34.849  1647  1693 D gralloc_ranchu: gralloc_alloc: Creating ashmem region of size 8298496
11-10 17:29:34.857  6288  6403 D EGL_emulation: eglMakeCurrent: 0xbe169080: ver 3 0 (tinfo 0xbe167770)
11-10 17:29:34.858  1647  1647 D gralloc_ranchu: gralloc_alloc: Creating ashmem region of size 8298496
11-10 17:29:34.868  1647  1647 D gralloc_ranchu: gralloc_alloc: Creating ashmem region of size 8298496
11-10 17:29:34.892 14769 14769 I GoogleInputMethod: onFinishInput() : Dummy InputConnection bound
11-10 17:29:34.894 14769 14769 I GoogleInputMethod: onStartInput() : Dummy InputConnection bound
11-10 17:29:34.901  3205  3304 D EGL_emulation: eglMakeCurrent: 0xdd085780: ver 3 0 (tinfo 0xdd083510)
11-10 17:29:34.926 22301 22301 W ocke.andotp.de: Unexpected CPU variant for X86 using defaults: x86
11-10 17:29:34.995  2156  2365 D EGL_emulation: eglMakeCurrent: 0xdaf4bd80: ver 3 0 (tinfo 0xdaf4f4a0)
11-10 17:29:35.000  3205  3328 I s.nexuslaunche: IncrementDisableThreadFlip blocked for 9.507ms
11-10 17:29:35.015  2156  2365 D EGL_emulation: eglMakeCurrent: 0xdaf4bd80: ver 3 0 (tinfo 0xdaf4f4a0)
11-10 17:29:35.046  1928  2638 I ActivityManager: Killing 9172:com.android.keychain/1000 (adj 906): empty #17
11-10 17:29:35.025  2156  2365 D EGL_emulation: eglMakeCurrent: 0xdaf4bd80: ver 3 0 (tinfo 0xdaf4f4a0)
11-10 17:29:35.063  1928  1945 W libprocessgroup: kill(-9172, 9) failed: No such process
11-10 17:29:35.103  1928  1945 I chatty  : uid=1000(system) ActivityManager identical 1 line
11-10 17:29:35.144  1928  1945 W libprocessgroup: kill(-9172, 9) failed: No such process
11-10 17:29:35.169  1770  1770 I Zygote  : Process 9172 exited due to signal (9)
11-10 17:29:35.184  1928  1945 W libprocessgroup: kill(-9172, 9) failed: No such process
11-10 17:29:35.187  1928  1945 I libprocessgroup: Successfully killed process cgroup uid 1000 pid 9172 in 127ms
11-10 17:29:35.207  1769  1896 W SurfaceFlinger: Attempting to destroy on removed layer: AppWindowToken{e3c4419 token=Token{d27760 ActivityRecord{775df63 u0 org.shadowice.flocke.andotp.dev/org.shadowice.flocke.andotp.Activities.MainActivity t127}}}#0
11-10 17:29:35.218  1928  1937 I system_server: NativeAlloc concurrent copying GC freed 62120(2MB) AllocSpace objects, 8(160KB) LOS objects, 18% free, 26MB/32MB, paused 2.051ms total 528.789ms
11-10 17:29:35.421  3205  3238 I s.nexuslaunche: NativeAlloc concurrent copying GC freed 12005(629KB) AllocSpace objects, 3(264KB) LOS objects, 37% free, 9MB/15MB, paused 4.513ms total 439.589ms
11-10 17:29:35.471  6288  6371 I A       : getLocaleToModelSpecsMap
11-10 17:29:35.471  6288  6371 I A       : Using proto config with mendel
11-10 17:29:35.481  2156  2175 I ndroid.systemu: NativeAlloc concurrent copying GC freed 17932(972KB) AllocSpace objects, 0(0B) LOS objects, 50% free, 5MB/10MB, paused 4.473ms total 683.269ms
11-10 17:29:35.485  6288  6371 W A       : (REDACTED) Queue length for executor %s is now %d. Perhaps some tasks are too long, or the pool is too small.
11-10 17:29:35.531  6288  6361 I A       : (REDACTED) group %s not present %s in %s
11-10 17:29:35.542  6288  6371 I A       : getLocaleToModelSpecsMap
11-10 17:29:35.542  6288  6371 I A       : Using proto config with mendel
11-10 17:29:35.543  6288  6361 I A       : (REDACTED) incrementApaDataDownloadStoreStatus(latency = %s, appVersion = %s, status = %s, locale = %s, fileGroupnames = %s, accountScoped = %s, localGroupsAvailable = %s, timeSinceSearchBoot = %s (%s), timeSinceDataDownloadInit = %s (%s))
11-10 17:29:35.547  6288  6361 I A       : (REDACTED) incrementApaDataDownloadStoreStatusNotFound(appVersion = %s, locale = %s, groupName = %s, accountScoped = %s, foundGroups = %s, status = %s, localGroupsAvailable = %s)
11-10 17:29:35.567  1928  1937 I system_server: NativeAlloc concurrent copying GC freed 2872(355KB) AllocSpace objects, 3(124KB) LOS objects, 18% free, 25MB/31MB, paused 3.493ms total 248.661ms
11-10 17:29:35.667 15588 15602 I .gms.persisten: Background concurrent copying GC freed 130337(5MB) AllocSpace objects, 4(208KB) LOS objects, 37% free, 10MB/16MB, paused 1.982ms total 661.761ms
11-10 17:29:35.682  1928  2290 I GnssLocationProvider: WakeLock acquired by sendMessage(REPORT_SV_STATUS, 0, com.android.server.location.GnssLocationProvider$SvStatusInfo@4dd9361)
11-10 17:29:35.684  1928  1941 I GnssLocationProvider: WakeLock released by handleMessage(REPORT_SV_STATUS, 0, com.android.server.location.GnssLocationProvider$SvStatusInfo@4dd9361)
11-10 17:29:36.687  1928  2290 I GnssLocationProvider: WakeLock acquired by sendMessage(REPORT_SV_STATUS, 0, com.android.server.location.GnssLocationProvider$SvStatusInfo@3457e86)
11-10 17:29:36.688  1928  1941 I GnssLocationProvider: WakeLock released by handleMessage(REPORT_SV_STATUS, 0, com.android.server.location.GnssLocationProvider$SvStatusInfo@3457e86)
11-10 17:29:37.690  1928  2290 I GnssLocationProvider: WakeLock acquired by sendMessage(REPORT_SV_STATUS, 0, com.android.server.location.GnssLocationProvider$SvStatusInfo@2c7e347)
11-10 17:29:37.692  1928  1941 I GnssLocationProvider: WakeLock released by handleMessage(REPORT_SV_STATUS, 0, com.android.server.location.GnssLocationProvider$SvStatusInfo@2c7e347)
11-10 17:29:37.998  1928  1942 I ActivityManager: Force stopping org.shadowice.flocke.andotp.dev appid=10123 user=-1: deletePackageX
11-10 17:29:37.999  1928  1942 I ActivityManager: Killing 22301:org.shadowice.flocke.andotp.dev/u0a123 (adj 900): stop org.shadowice.flocke.andotp.dev
11-10 17:29:37.999  1928  1945 W libprocessgroup: kill(-22301, 9) failed: No such process
11-10 17:29:38.044  1928  1945 W libprocessgroup: kill(-22301, 9) failed: No such process
11-10 17:29:38.054  1770  1770 I Zygote  : Process 22301 exited due to signal (9)
11-10 17:29:38.084  1928  1945 W libprocessgroup: kill(-22301, 9) failed: No such process
11-10 17:29:38.084  1928  1945 I libprocessgroup: Successfully killed process cgroup uid 10123 pid 22301 in 84ms
11-10 17:29:38.120  1775  1775 I keystore: clear_uid 10123
11-10 17:29:38.325  1928  1955 I system_server: Explicit concurrent copying GC freed 27016(1374KB) AllocSpace objects, 12(496KB) LOS objects, 19% free, 25MB/31MB, paused 442us total 187.011ms
11-10 17:29:38.342  1928  1955 I ActivityManager: Force stopping org.shadowice.flocke.andotp.dev appid=10123 user=0: pkg removed
11-10 17:29:38.418  1928  1942 W BroadcastQueue: Background execution not allowed: receiving Intent { act=android.intent.action.PACKAGE_REMOVED dat=package:org.shadowice.flocke.andotp.dev flg=0x4000010 (has extras) } to com.android.musicfx/.Compatibility$Receiver
11-10 17:29:38.418  1928  1942 W BroadcastQueue: Background execution not allowed: receiving Intent { act=android.intent.action.PACKAGE_REMOVED dat=package:org.shadowice.flocke.andotp.dev flg=0x4000010 (has extras) } to com.android.vending/com.google.android.finsky.packagemonitor.impl.PackageMonitorReceiverImpl$RegisteredReceiver
11-10 17:29:38.419  1928  1942 W BroadcastQueue: Background execution not allowed: receiving Intent { act=android.intent.action.PACKAGE_REMOVED dat=package:org.shadowice.flocke.andotp.dev flg=0x4000010 (has extras) } to com.android.vending/com.google.android.finsky.instantapps.appmanagement.InstantAppRemoveMonitor
11-10 17:29:38.419 21517 21517 I GsaVoiceInteractionSrv: (REDACTED) O received %s
11-10 17:29:38.419  1928  1942 W BroadcastQueue: Background execution not allowed: receiving Intent { act=android.intent.action.PACKAGE_REMOVED dat=package:org.shadowice.flocke.andotp.dev flg=0x4000010 (has extras) } to com.google.android.gms/.games.chimera.GamesSystemBroadcastReceiverProxy
11-10 17:29:38.419  1928  1942 W BroadcastQueue: Background execution not allowed: receiving Intent { act=android.intent.action.PACKAGE_REMOVED dat=package:org.shadowice.flocke.andotp.dev flg=0x4000010 (has extras) } to com.google.android.gms/.chimera.GmsIntentOperationService$PersistentTrustedReceiver
11-10 17:29:38.420  1928  1942 W BroadcastQueue: Background execution not allowed: receiving Intent { act=android.intent.action.PACKAGE_REMOVED dat=package:org.shadowice.flocke.andotp.dev flg=0x4000010 (has extras) } to com.google.android.googlequicksearchbox/com.google.android.apps.gsa.googlequicksearchbox.GelStubAppWatcher
11-10 17:29:38.499  1928  1944 I ActivityManager: Start proc 22345:com.android.keychain/1000 for service com.android.keychain/.KeyChainService
11-10 17:29:38.504 22345 22345 W ndroid.keychai: Unexpected CPU variant for X86 using defaults: x86
11-10 17:29:38.507 22345 22345 E ndroid.keychai: Not starting debugger since process cannot load the jdwp agent.
11-10 17:29:38.516  4376  4376 E CarrierServices: [2] btx.a: Invalid signature found for com.android.contacts: 18B66F4996F3D01CEAD29D3A3AA81801E7950B82
11-10 17:29:38.546   387   387 I Finsky  : [2] rmi.i(0): PackageMonitorReceiverImpl - Received: android.intent.action.PACKAGE_REMOVED, [jEyOj-1q9jtmLN_HZ4u3WwYAEiAWYQag0ITdAtZ-Aco]
11-10 17:29:38.567  2140  2140 D CarrierSvcBindHelper: No carrier app for: 0
11-10 17:29:38.584 22345 22345 I ndroid.keychai: The ClassLoaderContext is a special shared library.
11-10 17:29:38.591  4376  4376 E CarrierServices: [2] btx.a: Invalid signature found for com.android.contacts: 18B66F4996F3D01CEAD29D3A3AA81801E7950B82
11-10 17:29:38.678   387   387 I Finsky  : [2] rmy.n(8): Invalidating cached PackageState for org.shadowice.flocke.andotp.dev
11-10 17:29:38.688   387   387 I Finsky  : [2] rmy.s(5): Package no longer installed: org.shadowice.flocke.andotp.dev
11-10 17:29:38.697  1928  2290 I GnssLocationProvider: WakeLock acquired by sendMessage(REPORT_SV_STATUS, 0, com.android.server.location.GnssLocationProvider$SvStatusInfo@58081f8)
11-10 17:29:38.709  9158 22344 I ProvidersCache: Provider returned no roots. Possibly naughty: com.google.android.apps.docs.storage
11-10 17:29:38.720 15588 22361 I Fitness : FitCleanupIntentOperation received Intent android.intent.action.PACKAGE_REMOVED [CONTEXT service_id=17 ]
11-10 17:29:38.730  6353 22370 I BlockstoreStorage: Clearing all the Blockstore Data for package org.shadowice.flocke.andotp.dev [CONTEXT service_id=258 ]
11-10 17:29:38.730  6353 22370 I BlockstoreStorage: Clearing all the Blockstore Data for 1 packages [CONTEXT service_id=258 ]
11-10 17:29:38.824   387   387 I Finsky  : [2] rmy.s(5): Package no longer installed: org.shadowice.flocke.andotp.dev
11-10 17:29:38.829  1928  1996 I InputReader: Reconfiguring input devices.  changes=0x00000010
11-10 17:29:38.839   387   387 I Finsky  : [2] vmc.a(8): Clearing split related stale data.
11-10 17:29:38.839  1928  1928 W Looper  : Slow dispatch took 363ms main h=android.app.ActivityThread$H c=android.app.-$$Lambda$LoadedApk$ReceiverDispatcher$Args$_BumDX2UKsnxLVrE6UJsJZkotuA@efd9810 m=0
11-10 17:29:38.841  1928  1928 W Looper  : Slow delivery took 439ms main h=android.app.ActivityThread$H c=android.app.-$$Lambda$LoadedApk$ReceiverDispatcher$Args$_BumDX2UKsnxLVrE6UJsJZkotuA@2aecf09 m=0
11-10 17:29:38.870  1928  1928 I ConditionProviders: Disallowing condition provider org.shadowice.flocke.andotp.dev
11-10 17:29:38.871  6353 13426 I Icing   : doRemovePackageData org.shadowice.flocke.andotp.dev
11-10 17:29:38.914   387   387 I Finsky  : [2] accj.c(3): Do not start WearSupportService due to Wear service optimization
11-10 17:29:38.946   387 22378 I Finsky  : [2078] kye.run(17): Frosting DB delete succeeded: true
11-10 17:29:38.947   387 22378 I Finsky  : [2078] kye.run(17): Frosting DB delete succeeded: false
11-10 17:29:38.952   387 22387 I Finsky  : [2085] at.a(48): Asset module storage cleared for package org.shadowice.flocke.andotp.dev.
11-10 17:29:39.006  6353 11578 I ContentMaintenance: Internal cache bytes used: 0; limit: 100000000; download size: 0
11-10 17:29:39.031  1928  1946 E BatteryExternalStatsWorker: no controller energy info supplied for wifi
11-10 17:29:39.033  1928  1946 D KernelUidCpuTimeReader: Removing uids 10122-10122
11-10 17:29:39.060  6353 11578 I RealtimeCacheCleanup: Beginning Realtime garbage collection.
11-10 17:29:39.063  6353 11578 I RealtimeCacheCleanup: Finished Realtime garbage collection.
11-10 17:29:39.071  6353  6353 D BoundBrokerSvc: onBind: Intent { act=com.google.android.gms.feedback.internal.IFeedbackService dat=chimera-action: cmp=com.google.android.gms/.chimera.GmsBoundBrokerService }
11-10 17:29:39.071  6353  6353 D BoundBrokerSvc: Loading bound service for intent: Intent { act=com.google.android.gms.feedback.internal.IFeedbackService dat=chimera-action: cmp=com.google.android.gms/.chimera.GmsBoundBrokerService }
11-10 17:29:39.087  6353  6468 I Icing   : IndexChimeraService.getServiceInterface callingPackage=com.google.android.gms componentName=AppsCorpus serviceId=36
11-10 17:29:39.155   387 22393 I Finsky  : [2089] mvt.accept(29): IQ: handled package removed
11-10 17:29:39.210   387   419 I Finsky  : [1839] mmv.f(1): Installer: package org.shadowice.flocke.andotp.dev was removed. replacing: false
11-10 17:29:39.213  6353 13426 W Icing   : No valid account for uploading user actions
11-10 17:29:39.220 15588 15588 D BoundBrokerSvc: onBind: Intent { act=com.google.android.gms.icing.LIGHTWEIGHT_INDEX_SERVICE dat=chimera-action: cmp=com.google.android.gms/.chimera.PersistentApiService }
11-10 17:29:39.220 15588 15588 D BoundBrokerSvc: Loading bound service for intent: Intent { act=com.google.android.gms.icing.LIGHTWEIGHT_INDEX_SERVICE dat=chimera-action: cmp=com.google.android.gms/.chimera.PersistentApiService }
11-10 17:29:39.222   387   419 I Finsky  : [1839] mmv.U(18): Installer: Notifying status update. package=org.shadowice.flocke.andotp.dev, status=UNINSTALLED, isid=NA
11-10 17:29:39.225   387   387 I Finsky  : [2] mmv.T(5): Installer: found apps to install. apps=[]
11-10 17:29:39.229   387 22393 I Finsky  : [2089] mww.M(2): IQ: Notifying installation update. [Package:org.shadowice.flocke.andotp.dev, isid:dummysessionid], status=UNINSTALLED
11-10 17:29:39.268  6353 13426 I Icing   : Usage reports ok 0, Failed Usage reports 0, indexed 0, rejected 0
11-10 17:29:39.294  6353  6469 I Icing   : IndexChimeraService.getServiceInterface callingPackage=com.google.android.gms componentName=null serviceId=30
11-10 17:29:39.303  6353 13426 I Icing   : Indexing com.google.android.gms-apps from com.google.android.gms
11-10 17:29:39.303  1928  1928 W Looper  : Slow dispatch took 397ms main h=android.app.ActivityThread$H c=android.app.-$$Lambda$LoadedApk$ReceiverDispatcher$Args$_BumDX2UKsnxLVrE6UJsJZkotuA@57150cd m=0
11-10 17:29:39.321  1928  2020 D WifiConfigManager: Remove all networks for app ApplicationInfo{4cf2cc9 org.shadowice.flocke.andotp.dev}
11-10 17:29:39.326  6353 13426 W Icing   : No valid account for uploading user actions
11-10 17:29:39.344  6353 13426 I Icing   : Usage reports ok 0, Failed Usage reports 0, indexed 0, rejected 0
11-10 17:29:39.345  6353 13426 I Icing   : Indexing done com.google.android.gms-apps
11-10 17:29:39.348   387   423 I Finsky  : [1843] txg.accept(62): SCH: Scheduling phonesky job Id: 12-1, CT: 1668119378968, Constraints: [{ L: 15000, D: 86400000, C: 1, I: 1, N: 1 }]
11-10 17:29:39.351   387   387 I Finsky  : [2] rmi.i(0): PackageMonitorReceiverImpl - Received: android.intent.action.PACKAGE_FULLY_REMOVED, [jEyOj-1q9jtmLN_HZ4u3WwYAEiAWYQag0ITdAtZ-Aco]
11-10 17:29:39.352   387   387 I Finsky  : [2] rmy.n(8): Invalidating cached PackageState for org.shadowice.flocke.andotp.dev
11-10 17:29:39.353   387   387 I Finsky  : [2] rmy.s(5): Package no longer installed: org.shadowice.flocke.andotp.dev
11-10 17:29:39.355   387   419 I Finsky  : [1839] mqz.a(70): IQ: start evaluating install requests.
11-10 17:29:39.355   387   419 I Finsky  : [1839] mqz.a(77): IQ: no jobs active. Skipping
11-10 17:29:39.355   387   419 I Finsky  : [1839] mqz.a(91): IQ: no installs to evaluate. Skipping.
11-10 17:29:39.355   387   387 I Finsky  : [2] rmi.i(0): PackageMonitorReceiverImpl - Deduping intent android.intent.action.PACKAGE_FULLY_REMOVED
11-10 17:29:39.358   387 22378 I Finsky  : [2078] kye.run(17): Frosting DB delete succeeded: false
11-10 17:29:39.360   387   387 I Finsky  : [2] nqz.onCreate(2): IPC-SERVER: Starting gRPC host service...
11-10 17:29:39.381   387   423 I Finsky  : [1843] udr.apply(97): SCH: Scheduling 1 system job(s)
11-10 17:29:39.382   387   423 I Finsky  : [1843] udp.d(4): SCH: Scheduling system job Id: 9946, L: 14587, D: 50506876, C: false, I: false, N: 1
11-10 17:29:39.385  1928  1928 W Looper  : Drained
11-10 17:29:39.402  6353  6353 D BoundBrokerSvc: onBind: Intent { act=com.google.android.gms.common.BIND_SHARED_PREFS pkg=com.google.android.gms }
11-10 17:29:39.402  6353  6353 D BoundBrokerSvc: Loading bound service for intent: Intent { act=com.google.android.gms.common.BIND_SHARED_PREFS pkg=com.google.android.gms }
11-10 17:29:39.425  6353  6353 D BoundBrokerSvc: onUnbind: Intent { act=com.google.android.gms.common.BIND_SHARED_PREFS pkg=com.google.android.gms }
11-10 17:29:39.476   387   414 I Finsky  : [1834] aqq.YI(24): [ContentSync] finished, scheduled=true
11-10 17:29:39.486   387   387 I Finsky  : [2] mvx.apply(47): IQ::HLD: Ongoing hold off applicable installs: []
11-10 17:29:39.693  1928  2290 I GnssLocationProvider: WakeLock acquired by sendMessage(REPORT_SV_STATUS, 0, com.android.server.location.GnssLocationProvider$SvStatusInfo@f46db32)
11-10 17:29:39.766  1928  1941 I GnssLocationProvider: WakeLock released by handleMessage(REPORT_SV_STATUS, 0, com.android.server.location.GnssLocationProvider$SvStatusInfo@58081f8)
11-10 17:29:39.771  1928  1941 I GnssLocationProvider: WakeLock released by handleMessage(REPORT_SV_STATUS, 0, com.android.server.location.GnssLocationProvider$SvStatusInfo@f46db32)
11-10 17:29:39.904  1928  1955 V BackupManagerService: restoreAtInstall pkg=org.shadowice.flocke.andotp.dev token=2d restoreSet=0
11-10 17:29:39.911  1928  1955 V BackupManagerService: Finishing install immediately
11-10 17:29:39.914  1774  5461 E         : Couldn't opendir /data/app/vmdl1358376006.tmp: No such file or directory
11-10 17:29:39.914  1774  5461 E installd: Failed to delete /data/app/vmdl1358376006.tmp: No such file or directory
11-10 17:29:39.949  1928  1996 I InputReader: Reconfiguring input devices.  changes=0x00000010
11-10 17:29:39.950  2140  2140 D ImsResolver: maybeAddedImsService, packageName: org.shadowice.flocke.andotp.dev
11-10 17:29:39.973   387   387 I Finsky  : [2] rmi.i(0): PackageMonitorReceiverImpl - Received: android.intent.action.PACKAGE_ADDED, [jEyOj-1q9jtmLN_HZ4u3WwYAEiAWYQag0ITdAtZ-Aco]
11-10 17:29:39.978   387   387 I Finsky  : [2] rmy.n(8): Invalidating cached PackageState for org.shadowice.flocke.andotp.dev
11-10 17:29:39.983  1928  2049 W BroadcastQueue: Background execution not allowed: receiving Intent { act=android.intent.action.PACKAGE_ADDED dat=package:org.shadowice.flocke.andotp.dev flg=0x4000010 (has extras) } to com.android.musicfx/.Compatibility$Receiver
11-10 17:29:39.990  1928  1942 W BroadcastQueue: Background execution not allowed: receiving Intent { act=android.intent.action.PACKAGE_ADDED dat=package:org.shadowice.flocke.andotp.dev flg=0x4000010 (has extras) } to com.android.vending/com.google.android.finsky.packagemonitor.impl.PackageMonitorReceiverImpl$RegisteredReceiver
11-10 17:29:39.991  1928  1942 W BroadcastQueue: Background execution not allowed: receiving Intent { act=android.intent.action.PACKAGE_ADDED dat=package:org.shadowice.flocke.andotp.dev flg=0x4000010 (has extras) } to com.google.android.gms/.games.chimera.GamesSystemBroadcastReceiverProxy
11-10 17:29:39.991  1928  1942 W BroadcastQueue: Background execution not allowed: receiving Intent { act=android.intent.action.PACKAGE_ADDED dat=package:org.shadowice.flocke.andotp.dev flg=0x4000010 (has extras) } to com.google.android.gms/.gass.chimera.PackageChangeBroadcastReceiver
11-10 17:29:39.992  1928  1942 W BroadcastQueue: Background execution not allowed: receiving Intent { act=android.intent.action.PACKAGE_ADDED dat=package:org.shadowice.flocke.andotp.dev flg=0x4000010 (has extras) } to com.google.android.gms/.chimera.GmsIntentOperationService$PersistentTrustedReceiver
11-10 17:29:39.992  1928  1942 W BroadcastQueue: Background execution not allowed: receiving Intent { act=android.intent.action.PACKAGE_ADDED dat=package:org.shadowice.flocke.andotp.dev flg=0x4000010 (has extras) } to com.google.android.googlequicksearchbox/com.google.android.apps.gsa.googlequicksearchbox.GelStubAppWatcher
11-10 17:29:39.993  1928  1942 W BroadcastQueue: Background execution not allowed: receiving Intent { act=android.intent.action.PACKAGE_ADDED dat=package:org.shadowice.flocke.andotp.dev flg=0x4000010 (has extras) } to com.google.android.ims/.receivers.RcsAutoStartReceiver
11-10 17:29:40.008  4376  4376 I CarrierServices: [2] RcsAutoStartReceiver.b: carrierServicesJibeServiceEnabled changed from true to true
11-10 17:29:40.013 21517 21517 I GsaVoiceInteractionSrv: (REDACTED) O received %s
11-10 17:29:40.019 15588 22363 W GCM     : Unexpected forwarded intent: Intent { act=android.intent.action.PACKAGE_ADDED dat=package:org.shadowice.flocke.andotp.dev flg=0x4000010 pkg=com.google.android.gms cmp=com.google.android.gms/.chimera.PersistentIntentOperationService (has extras) }
11-10 17:29:40.024 15588 22365 I FontLog : Package org.shadowice.flocke.andotp.dev has no metadata [CONTEXT service_id=132 ]
11-10 17:29:40.024  4376  4376 I CarrierServices: [2] RcsAutoStartReceiver.b: enableRcs changed from true to true
11-10 17:29:40.024 15588 22367 W GCM     : Unexpected forwarded intent: Intent { act=android.intent.action.PACKAGE_ADDED dat=package:org.shadowice.flocke.andotp.dev flg=0x4000010 pkg=com.google.android.gms cmp=com.google.android.gms/.chimera.PersistentIntentOperationService (has extras) }
11-10 17:29:40.033  4376  4376 I CarrierServices: [2] RcsAutoStartReceiver.b: RcsAutoStartReceiver triggered. Fetching RCS State. Action: android.intent.action.PACKAGE_ADDED
11-10 17:29:40.037  6353 22357 I Auth    : [SupervisedAccountIntentOperation] onHandleIntent(): android.intent.action.PACKAGE_ADDED
11-10 17:29:40.045  1928  1941 E system_server: No package ID 7f found for ID 0x7f08009f.
11-10 17:29:40.045  1928  1941 E system_server: No package ID 7f found for ID 0x7f110cd2.
11-10 17:29:40.055  6353 22370 I BlockstoreStorage: Clearing Blockstore Data for package org.shadowice.flocke.andotp.dev [CONTEXT service_id=258 ]
11-10 17:29:40.058  6353 22370 I BlockstoreStorage: Keyless data not found or its IsLastInstallationData = false. [CONTEXT service_id=258 ]
11-10 17:29:40.060  6353  6353 D BoundBrokerSvc: onBind: Intent { act=com.google.android.gms.common.BIND_SHARED_PREFS pkg=com.google.android.gms }
11-10 17:29:40.060  6353  6353 D BoundBrokerSvc: Loading bound service for intent: Intent { act=com.google.android.gms.common.BIND_SHARED_PREFS pkg=com.google.android.gms }
11-10 17:29:40.063  4376  4376 I CarrierServices: [2] aws.a: Migration binding to RcsMigrationService
11-10 17:29:40.071  1928  1941 E system_server: No package ID 7f found for ID 0x7f110cd2.
11-10 17:29:40.091  1928  1941 E system_server: No package ID 7f found for ID 0x7f0800ab.
11-10 17:29:40.092  1928  1941 E system_server: No package ID 7f found for ID 0x7f110cd1.
11-10 17:29:40.092  1928  1941 E system_server: No package ID 7f found for ID 0x7f110cd1.
11-10 17:29:40.099   387   387 I Finsky  : [2] vmc.a(8): Clearing split related stale data.
11-10 17:29:40.104   387   387 I Finsky  : [2] accj.c(3): Do not start WearSupportService due to Wear service optimization
11-10 17:29:40.105   387 22387 I Finsky  : [2085] at.a(48): Asset module storage cleared for package org.shadowice.flocke.andotp.dev.
11-10 17:29:40.109   387   387 I Finsky  : [2] aqq.YI(24): [ContentSync] finished, scheduled=false
11-10 17:29:40.110  1928  1941 E system_server: No package ID 7f found for ID 0x7f0800a6.
11-10 17:29:40.110  1928  1941 E system_server: No package ID 7f found for ID 0x7f110cd0.
11-10 17:29:40.112  1928  1928 I Telecom : DefaultDialerCache: Refreshing default dialer for user 0: now com.google.android.dialer: DDC.oR@Ahg
11-10 17:29:40.110  1928  1941 E system_server: No package ID 7f found for ID 0x7f110cd0.
11-10 17:29:40.120  6353  6353 D BoundBrokerSvc: onUnbind: Intent { act=com.google.android.gms.common.BIND_SHARED_PREFS pkg=com.google.android.gms }
11-10 17:29:40.121   387 22378 I Finsky  : [2078] kye.run(18): Wrote row to frosting DB: 194
11-10 17:29:40.125  1928  1928 V BackupManagerConstants: getFullBackupIntervalMilliseconds(...) returns 86400000
11-10 17:29:40.125 15588 15588 D BoundBrokerSvc: onBind: Intent { act=com.google.android.gms.nearby.exposurenotification.START dat=chimera-action: cmp=com.google.android.gms/.chimera.PersistentApiService }
11-10 17:29:40.125 15588 15588 D BoundBrokerSvc: Loading bound service for intent: Intent { act=com.google.android.gms.nearby.exposurenotification.START dat=chimera-action: cmp=com.google.android.gms/.chimera.PersistentApiService }
11-10 17:29:40.158  6684  6684 I Bugle   : returning RCS state provider.
11-10 17:29:40.182  2140  2140 D CarrierSvcBindHelper: No carrier app for: 0
11-10 17:29:40.206   387 22378 I Finsky  : [2078] kye.run(18): Wrote row to frosting DB: 195
11-10 17:29:40.245  2140  2140 D CarrierConfigLoader: mHandler: 9 phoneId: 0
11-10 17:29:40.270  6684 12611 I CarrierServices: [1958] inq.shouldUseCarrierServicesApkForV1Apis: Checking if using CarrierServices.apk is possible. Enabled: true, isAtLeastM: true, runningInsideBugle: true
11-10 17:29:40.302  6684 12611 I CarrierServices: [1958] inq.e: Network Operator: 310260
11-10 17:29:40.308  6684 12611 I CarrierServices: [1958] inq.e: carrierWithOldEcApis: false
11-10 17:29:40.308  6684 12611 I CarrierServices: [1958] inq.e: hasDialerThatSupportsNewEc: false
11-10 17:29:40.326  9158 22407 I ProvidersCache: Provider returned no roots. Possibly naughty: com.google.android.apps.docs.storage
11-10 17:29:40.331 15588 15717 W ChimeraUtils: Module com.google.android.gms.nearby_en has empty metadata display_name_string_id
11-10 17:29:40.347 15588 15717 W ChimeraUtils: Module com.google.android.gms.nearby_en has empty metadata display_name_string_id
11-10 17:29:40.351  6684 12611 W RcsProvisioning: Failed to read configuration: /data/user/0/com.google.android.apps.messaging/files/rcsconfig (No such file or directory)
11-10 17:29:40.355  6684 12611 W RcsProvisioning: java.io.FileNotFoundException: /data/user/0/com.google.android.apps.messaging/files/rcsconfig (No such file or directory)
11-10 17:29:40.355  6684 12611 W RcsProvisioning: 	at java.io.FileInputStream.open0(Native Method)
11-10 17:29:40.355  6684 12611 W RcsProvisioning: 	at java.io.FileInputStream.open(FileInputStream.java:231)
11-10 17:29:40.355  6684 12611 W RcsProvisioning: 	at java.io.FileInputStream.<init>(FileInputStream.java:165)
11-10 17:29:40.355  6684 12611 W RcsProvisioning: 	at android.app.ContextImpl.openFileInput(ContextImpl.java:560)
11-10 17:29:40.355  6684 12611 W RcsProvisioning: 	at android.content.ContextWrapper.openFileInput(ContextWrapper.java:202)
11-10 17:29:40.355  6684 12611 W RcsProvisioning: 	at ion.a(SourceFile:2)
11-10 17:29:40.355  6684 12611 W RcsProvisioning: 	at idl.a(SourceFile:4)
11-10 17:29:40.355  6684 12611 W RcsProvisioning: 	at idm.a(SourceFile:7)
11-10 17:29:40.355  6684 12611 W RcsProvisioning: 	at com.google.android.apps.messaging.rcsmigration.RcsStateProvider.buildRcsState(SourceFile:81)
11-10 17:29:40.355  6684 12611 W RcsProvisioning: 	at com.google.android.apps.messaging.rcsmigration.RcsStateProvider.getRcsState(SourceFile:6)
11-10 17:29:40.355  6684 12611 W RcsProvisioning: 	at com.google.android.ims.rcsmigration.IRcsStateProvider$Stub.dispatchTransaction(SourceFile:10)
11-10 17:29:40.355  6684 12611 W RcsProvisioning: 	at com.google.android.aidl.BaseStub.onTransact(SourceFile:18)
11-10 17:29:40.355  6684 12611 W RcsProvisioning: 	at android.os.Binder.execTransact(Binder.java:731)
11-10 17:29:40.355  6684 12611 D RcsProvisioning: Retrieving backup token
11-10 17:29:40.371  6684 12611 D RcsProvisioning: Exception while getting subscriber Id. Using default
11-10 17:29:40.432  1928  1937 I system_server: Background concurrent copying GC freed 36809(2MB) AllocSpace objects, 21(884KB) LOS objects, 18% free, 26MB/32MB, paused 3.828ms total 518.487ms
11-10 17:29:40.453  6353 22386 I Icing   : Indexing com.google.android.gms-apps from com.google.android.gms
11-10 17:29:40.464  6353 22386 I Icing   : Indexing done com.google.android.gms-apps
11-10 17:29:40.473  6684 12611 D RcsProvisioning: No backup token found
11-10 17:29:40.475  6684 12611 D RcsProvisioning: Retrieving backup token
11-10 17:29:40.475  6684 12611 D RcsProvisioning: Exception while getting subscriber Id. Using default
11-10 17:29:40.577  6684 12611 D RcsProvisioning: No backup token found
11-10 17:29:40.585 22411 22411 D AndroidRuntime: >>>>>> START com.android.internal.os.RuntimeInit uid 2000 <<<<<<
11-10 17:29:40.598  6684 12611 W RcsProvisioning: Failed to read configuration: /data/user/0/com.google.android.apps.messaging/files/rcsconfig (No such file or directory)
11-10 17:29:40.598  6684 12611 W RcsProvisioning: java.io.FileNotFoundException: /data/user/0/com.google.android.apps.messaging/files/rcsconfig (No such file or directory)
11-10 17:29:40.598  6684 12611 W RcsProvisioning: 	at java.io.FileInputStream.open0(Native Method)
11-10 17:29:40.598  6684 12611 W RcsProvisioning: 	at java.io.FileInputStream.open(FileInputStream.java:231)
11-10 17:29:40.598  6684 12611 W RcsProvisioning: 	at java.io.FileInputStream.<init>(FileInputStream.java:165)
11-10 17:29:40.598  6684 12611 W RcsProvisioning: 	at android.app.ContextImpl.openFileInput(ContextImpl.java:560)
11-10 17:29:40.598  6684 12611 W RcsProvisioning: 	at android.content.ContextWrapper.openFileInput(ContextWrapper.java:202)
11-10 17:29:40.598  6684 12611 W RcsProvisioning: 	at ion.a(SourceFile:2)
11-10 17:29:40.598  6684 12611 W RcsProvisioning: 	at idl.a(SourceFile:4)
11-10 17:29:40.598  6684 12611 W RcsProvisioning: 	at idm.a(SourceFile:7)
11-10 17:29:40.598  6684 12611 W RcsProvisioning: 	at iez.buildConferencesFileName(SourceFile:30)
11-10 17:29:40.598  6684 12611 W RcsProvisioning: 	at com.google.android.apps.messaging.rcsmigration.RcsStateProvider.buildRcsState(SourceFile:129)
11-10 17:29:40.598  6684 12611 W RcsProvisioning: 	at com.google.android.apps.messaging.rcsmigration.RcsStateProvider.getRcsState(SourceFile:6)
11-10 17:29:40.598  6684 12611 W RcsProvisioning: 	at com.google.android.ims.rcsmigration.IRcsStateProvider$Stub.dispatchTransaction(SourceFile:10)
11-10 17:29:40.598  6684 12611 W RcsProvisioning: 	at com.google.android.aidl.BaseStub.onTransact(SourceFile:18)
11-10 17:29:40.598  6684 12611 W RcsProvisioning: 	at android.os.Binder.execTransact(Binder.java:731)
11-10 17:29:40.598  6684 12611 D RcsProvisioning: Retrieving backup token
11-10 17:29:40.598  6684 12611 D RcsProvisioning: Exception while getting subscriber Id. Using default
11-10 17:29:40.611 22411 22411 W app_process: Could not reserve sentinel fault page
11-10 17:29:40.697  1928  2290 I GnssLocationProvider: WakeLock acquired by sendMessage(REPORT_SV_STATUS, 0, com.android.server.location.GnssLocationProvider$SvStatusInfo@9a4d33e)
11-10 17:29:40.698  1928  1941 I GnssLocationProvider: WakeLock released by handleMessage(REPORT_SV_STATUS, 0, com.android.server.location.GnssLocationProvider$SvStatusInfo@9a4d33e)
11-10 17:29:40.700  6684 12611 D RcsProvisioning: No backup token found
11-10 17:29:40.700  6684 12611 E CarrierServices: [1958] iez.getFile: File not found.: /data/user/0/com.google.android.apps.messaging/files/httpft_pending (No such file or directory)
11-10 17:29:40.700  6684 12611 E CarrierServices: 	java.io.FileInputStream.open0(Native Method)
11-10 17:29:40.700  6684 12611 E CarrierServices: 	java.io.FileInputStream.open(FileInputStream.java:231)
11-10 17:29:40.700  6684 12611 E CarrierServices: 	java.io.FileInputStream.<init>(FileInputStream.java:165)
11-10 17:29:40.700  6684 12611 E CarrierServices: 	android.app.ContextImpl.openFileInput(ContextImpl.java:560)
11-10 17:29:40.700  6684 12611 E CarrierServices: 	android.content.ContextWrapper.openFileInput(ContextWrapper.java:202)
11-10 17:29:40.700  6684 12611 E CarrierServices: 	iez.getFile(SourceFile:20)
11-10 17:29:40.700  6684 12611 E CarrierServices: 	com.google.android.apps.messaging.rcsmigration.RcsStateProvider.buildRcsState(SourceFile:136)
11-10 17:29:40.700  6684 12611 E CarrierServices: 	com.google.android.apps.messaging.rcsmigration.RcsStateProvider.getRcsState(SourceFile:6)
11-10 17:29:40.700  6684 12611 E CarrierServices: 	com.google.android.ims.rcsmigration.IRcsStateProvider$Stub.dispatchTransaction(SourceFile:10)
11-10 17:29:40.700  6684 12611 E CarrierServices: 	com.google.android.aidl.BaseStub.onTransact(SourceFile:18)
11-10 17:29:40.700  6684 12611 E CarrierServices: 	android.os.Binder.execTransact(Binder.java:731)
11-10 17:29:40.711  4376 22418 I CarrierServices: [375] awt.doInBackground: Saving RCS State
11-10 17:29:40.711  4376 22418 I CarrierServices: [375] awt.doInBackground: Old operation mode: 2
11-10 17:29:40.712  4376 22418 I CarrierServices: [375] awt.doInBackground: New operation mode: 2
11-10 17:29:40.718  6684 12611 I CarrierServices: [1958] RcsStateProvider.onMigrationComplete: Migration complete.
11-10 17:29:40.728  6684 12611 I CarrierServices: [1958] inq.shouldUseCarrierServicesApkForV1Apis: Checking if using CarrierServices.apk is possible. Enabled: true, isAtLeastM: true, runningInsideBugle: true
11-10 17:29:40.734  6684 12611 I CarrierServices: [1958] inq.e: Network Operator: 310260
11-10 17:29:40.736  6684 12611 I CarrierServices: [1958] inq.e: carrierWithOldEcApis: false
11-10 17:29:40.736  6684 12611 I CarrierServices: [1958] inq.e: hasDialerThatSupportsNewEc: false
11-10 17:29:40.736  6684 12611 I CarrierServices: [1958] RcsStateProvider.onMigrationComplete: Rcs Engine should be running in cs.apk. Stopping JibeService.
11-10 17:29:40.749  6684 12611 I CarrierServices: [1958] RcsStateProvider.onMigrationComplete: JibeService stopped: true
11-10 17:29:40.754  6684 12611 I CarrierServices: [1958] inq.e: Network Operator: 310260
11-10 17:29:40.757  6684 12611 I CarrierServices: [1958] inq.e: carrierWithOldEcApis: false
11-10 17:29:40.757  6684 12611 I CarrierServices: [1958] inq.e: hasDialerThatSupportsNewEc: false
11-10 17:29:40.760  6684 12611 I CarrierServices: [1958] jsn.connect: shouldUseCarrierServicesJibeService: true, CarrierServices rcs service found: true
11-10 17:29:40.760  6684 12611 I CarrierServices: [1958] jsn.connect: Binding to JibeService in CarrierServices.
11-10 17:29:40.769  6684  6684 D RcsClientLib: Service com.google.android.rcs.client.chatsession.ChatSessionService connected. Will notify listeners: true
11-10 17:29:40.769  6684  6684 V BugleRcs: com.google.android.rcs.client.chatsession.ChatSessionService RCS service connected
11-10 17:29:40.774  6684 12611 I CarrierServices: [1958] inq.e: Network Operator: 310260
11-10 17:29:40.777  6684 12611 I CarrierServices: [1958] inq.e: carrierWithOldEcApis: false
11-10 17:29:40.777  6684 12611 I CarrierServices: [1958] inq.e: hasDialerThatSupportsNewEc: false
11-10 17:29:40.780  6684 12611 I CarrierServices: [1958] jsn.connect: shouldUseCarrierServicesJibeService: true, CarrierServices rcs service found: true
11-10 17:29:40.780  6684 12611 I CarrierServices: [1958] jsn.connect: Binding to JibeService in CarrierServices.
11-10 17:29:40.786  6684  6684 D RcsClientLib: Service com.google.android.rcs.client.events.EventService connected. Will notify listeners: true
11-10 17:29:40.786  6684  6684 V BugleRcs: com.google.android.rcs.client.events.EventService RCS service connected
11-10 17:29:40.795  6684 12611 I CarrierServices: [1958] inq.e: Network Operator: 310260
11-10 17:29:40.796  6684 12611 I CarrierServices: [1958] inq.e: carrierWithOldEcApis: false
11-10 17:29:40.796  6684 12611 I CarrierServices: [1958] inq.e: hasDialerThatSupportsNewEc: false
11-10 17:29:40.800  6684 12611 I CarrierServices: [1958] jsn.connect: shouldUseCarrierServicesJibeService: true, CarrierServices rcs service found: true
11-10 17:29:40.800  6684 12611 I CarrierServices: [1958] jsn.connect: Binding to JibeService in CarrierServices.
11-10 17:29:40.806  6684  6684 D RcsClientLib: Service com.google.android.rcs.client.contacts.ContactsService connected. Will notify listeners: true
11-10 17:29:40.806  6684  6684 V BugleRcs: com.google.android.rcs.client.contacts.ContactsService RCS service connected
11-10 17:29:40.813  6684 12611 I CarrierServices: [1958] inq.e: Network Operator: 310260
11-10 17:29:40.815  6684 12611 I CarrierServices: [1958] inq.e: carrierWithOldEcApis: false
11-10 17:29:40.815  6684 12611 I CarrierServices: [1958] inq.e: hasDialerThatSupportsNewEc: false
11-10 17:29:40.819  6684 12611 I CarrierServices: [1958] jsn.connect: shouldUseCarrierServicesJibeService: true, CarrierServices rcs service found: true
11-10 17:29:40.820  6684 12611 I CarrierServices: [1958] jsn.connect: Binding to JibeService in CarrierServices.
11-10 17:29:40.826  6684  6684 D RcsClientLib: Service com.google.android.rcs.client.filetransfer.FileTransferService connected. Will notify listeners: true
11-10 17:29:40.826  6684  6684 V BugleRcs: com.google.android.rcs.client.filetransfer.FileTransferService RCS service connected
11-10 17:29:40.832  6684 12611 I CarrierServices: [1958] inq.e: Network Operator: 310260
11-10 17:29:40.834  6684 12611 I CarrierServices: [1958] inq.e: carrierWithOldEcApis: false
11-10 17:29:40.834  6684 12611 I CarrierServices: [1958] inq.e: hasDialerThatSupportsNewEc: false
11-10 17:29:40.839  6684 12611 I CarrierServices: [1958] jsn.connect: shouldUseCarrierServicesJibeService: true, CarrierServices rcs service found: true
11-10 17:29:40.839  6684 12611 I CarrierServices: [1958] jsn.connect: Binding to JibeService in CarrierServices.
