07-02 02:50:49.627  1800  2423 E GnssHAL_GnssInterface: gnssSvStatusCb: a: input svInfo.flags is 8
07-02 02:50:49.627  1800  2423 E GnssHAL_GnssInterface: gnssSvStatusCb: b: input svInfo.flags is 8
07-02 02:50:50.631  1800  2423 E GnssHAL_GnssInterface: gnssSvStatusCb: a: input svInfo.flags is 8
07-02 02:50:50.631  1800  2423 E GnssHAL_GnssInterface: gnssSvStatusCb: b: input svInfo.flags is 8
07-02 02:50:51.634  1800  2423 E GnssHAL_GnssInterface: gnssSvStatusCb: a: input svInfo.flags is 8
07-02 02:50:51.634  1800  2423 E GnssHAL_GnssInterface: gnssSvStatusCb: b: input svInfo.flags is 8
07-02 02:50:52.636  1800  2423 E GnssHAL_GnssInterface: gnssSvStatusCb: a: input svInfo.flags is 8
07-02 02:50:52.636  1800  2423 E GnssHAL_GnssInterface: gnssSvStatusCb: b: input svInfo.flags is 8
07-02 02:50:53.641  1800  2423 E GnssHAL_GnssInterface: gnssSvStatusCb: a: input svInfo.flags is 8
07-02 02:50:53.641  1800  2423 E GnssHAL_GnssInterface: gnssSvStatusCb: b: input svInfo.flags is 8
07-02 02:50:54.645  1800  2423 E GnssHAL_GnssInterface: gnssSvStatusCb: a: input svInfo.flags is 8
07-02 02:50:54.645  1800  2423 E GnssHAL_GnssInterface: gnssSvStatusCb: b: input svInfo.flags is 8
07-02 02:50:55.645  1800  2423 E GnssHAL_GnssInterface: gnssSvStatusCb: a: input svInfo.flags is 8
07-02 02:50:55.645  1800  2423 E GnssHAL_GnssInterface: gnssSvStatusCb: b: input svInfo.flags is 8
07-02 02:50:56.649  1800  2423 E GnssHAL_GnssInterface: gnssSvStatusCb: a: input svInfo.flags is 8
07-02 02:50:56.649  1800  2423 E GnssHAL_GnssInterface: gnssSvStatusCb: b: input svInfo.flags is 8
07-02 02:50:57.653  1800  2423 E GnssHAL_GnssInterface: gnssSvStatusCb: a: input svInfo.flags is 8
07-02 02:50:57.653  1800  2423 E GnssHAL_GnssInterface: gnssSvStatusCb: b: input svInfo.flags is 8
07-02 02:50:58.655  1800  2423 E GnssHAL_GnssInterface: gnssSvStatusCb: a: input svInfo.flags is 8
07-02 02:50:58.655  1800  2423 E GnssHAL_GnssInterface: gnssSvStatusCb: b: input svInfo.flags is 8
07-02 02:50:59.302 12936 12936 D AndroidRuntime: >>>>>> START com.android.internal.os.RuntimeInit uid 2000 <<<<<<
07-02 02:50:59.297 12936 12936 W app_process: type=1400 audit(0.0:347): avc: denied { read } for name="u:object_r:device_config_runtime_native_boot_prop:s0" dev="tmpfs" ino=167 scontext=u:r:shell:s0 tcontext=u:object_r:device_config_runtime_native_boot_prop:s0 tclass=file permissive=0
07-02 02:50:59.304 12936 12936 E libc    : Access denied finding property "persist.device_config.runtime_native_boot.enable_apex_image"
07-02 02:50:59.297 12936 12936 W app_process: type=1400 audit(0.0:348): avc: denied { read } for name="u:object_r:device_config_runtime_native_boot_prop:s0" dev="tmpfs" ino=167 scontext=u:r:shell:s0 tcontext=u:object_r:device_config_runtime_native_boot_prop:s0 tclass=file permissive=0
07-02 02:50:59.304 12936 12936 I AndroidRuntime: Using default boot image
07-02 02:50:59.304 12936 12936 E libc    : Access denied finding property "persist.device_config.runtime_native_boot.disable_lock_profiling"
07-02 02:50:59.304 12936 12936 I AndroidRuntime: Leaving lock profiling enabled
07-02 02:50:59.304 12936 12936 E libc    : Access denied finding property "persist.device_config.runtime_native_boot.enable_generational_cc"
07-02 02:50:59.354 12936 12936 D ICU     : Time zone APEX file found: /apex/com.android.tzdata/etc/icu/icu_tzdata.dat
07-02 02:50:59.358 12936 12936 W app_process: Unexpected CPU variant for X86 using defaults: x86
07-02 02:50:59.365 12936 12936 I app_process: The ClassLoaderContext is a special shared library.
07-02 02:50:59.366 12936 12936 I app_process: The ClassLoaderContext is a special shared library.
07-02 02:50:59.382 12936 12936 W app_process: JNI RegisterNativeMethods: attempt to register 0 native methods for android.media.AudioAttributes
07-02 02:50:59.385 12936 12936 D AndroidRuntime: Calling main entry com.android.commands.uiautomator.Launcher
07-02 02:50:43.116  2034  2034 V SettingsProvider: Notifying for 0: content://settings/system/accelerometer_rotation
07-02 02:50:59.394  2034  2034 V SettingsProvider: Notifying for 0: content://settings/secure/accessibility_enabled
07-02 02:50:59.658  1800  2423 E GnssHAL_GnssInterface: gnssSvStatusCb: a: input svInfo.flags is 8
07-02 02:50:59.659  1800  2423 E GnssHAL_GnssInterface: gnssSvStatusCb: b: input svInfo.flags is 8
07-02 02:51:00.407 12936 12936 W AccessibilityNodeInfoDumper: Fetch time: 3ms
07-02 02:51:00.408  2034  2051 W WindowManager: removeWindowToken: Attempted to remove non-existing token: android.os.Binder@5b6fdb1
07-02 02:51:00.410  2034  2034 V SettingsProvider: Notifying for 0: content://settings/secure/accessibility_enabled
07-02 02:51:00.417 12936 12936 D AndroidRuntime: Shutting down VM
07-02 02:51:00.662  1800  2423 E GnssHAL_GnssInterface: gnssSvStatusCb: a: input svInfo.flags is 8
07-02 02:51:00.662  1800  2423 E GnssHAL_GnssInterface: gnssSvStatusCb: b: input svInfo.flags is 8
07-02 02:51:01.409 12967 12967 D AndroidRuntime: >>>>>> START com.android.internal.os.RuntimeInit uid 2000 <<<<<<
07-02 02:51:01.397 12967 12967 W app_process: type=1400 audit(0.0:350): avc: denied { read } for name="u:object_r:device_config_runtime_native_boot_prop:s0" dev="tmpfs" ino=167 scontext=u:r:shell:s0 tcontext=u:object_r:device_config_runtime_native_boot_prop:s0 tclass=file permissive=0
07-02 02:51:01.411 12967 12967 E libc    : Access denied finding property "persist.device_config.runtime_native_boot.enable_apex_image"
07-02 02:51:01.411 12967 12967 I AndroidRuntime: Using default boot image
07-02 02:51:01.412 12967 12967 E libc    : Access denied finding property "persist.device_config.runtime_native_boot.disable_lock_profiling"
07-02 02:51:01.412 12967 12967 I AndroidRuntime: Leaving lock profiling enabled
07-02 02:51:01.412 12967 12967 E libc    : Access denied finding property "persist.device_config.runtime_native_boot.enable_generational_cc"
07-02 02:51:01.407 12967 12967 W app_process: type=1400 audit(0.0:352): avc: denied { read } for name="u:object_r:device_config_runtime_native_boot_prop:s0" dev="tmpfs" ino=167 scontext=u:r:shell:s0 tcontext=u:object_r:device_config_runtime_native_boot_prop:s0 tclass=file permissive=0
07-02 02:51:01.472 12967 12967 D ICU     : Time zone APEX file found: /apex/com.android.tzdata/etc/icu/icu_tzdata.dat
07-02 02:51:01.476 12967 12967 W app_process: Unexpected CPU variant for X86 using defaults: x86
07-02 02:51:01.485 12967 12967 I app_process: The ClassLoaderContext is a special shared library.
07-02 02:51:01.485 12967 12967 I app_process: The ClassLoaderContext is a special shared library.
07-02 02:51:01.503 12967 12967 W app_process: JNI RegisterNativeMethods: attempt to register 0 native methods for android.media.AudioAttributes
07-02 02:51:01.506 12967 12967 D AndroidRuntime: Calling main entry com.android.commands.uiautomator.Launcher
07-02 02:51:01.666  1800  2423 E GnssHAL_GnssInterface: gnssSvStatusCb: a: input svInfo.flags is 8
07-02 02:51:01.666  1800  2423 E GnssHAL_GnssInterface: gnssSvStatusCb: b: input svInfo.flags is 8
07-02 02:51:02.529 12967 12967 W AccessibilityNodeInfoDumper: Fetch time: 3ms
07-02 02:51:01.517  2034  2034 V SettingsProvider: Notifying for 0: content://settings/secure/accessibility_enabled
07-02 02:51:02.530  2034  2743 W WindowManager: removeWindowToken: Attempted to remove non-existing token: android.os.Binder@17eb1e9
07-02 02:51:02.532  2034  2034 V SettingsProvider: Notifying for 0: content://settings/secure/accessibility_enabled
07-02 02:51:02.538 12967 12967 D AndroidRuntime: Shutting down VM
07-02 02:51:02.666  1800  2423 E GnssHAL_GnssInterface: gnssSvStatusCb: a: input svInfo.flags is 8
07-02 02:51:02.666  1800  2423 E GnssHAL_GnssInterface: gnssSvStatusCb: b: input svInfo.flags is 8
07-02 02:51:02.717 12986 12986 W app_process: type=1400 audit(0.0:353): avc: denied { read } for name="u:object_r:device_config_runtime_native_boot_prop:s0" dev="tmpfs" ino=167 scontext=u:r:shell:s0 tcontext=u:object_r:device_config_runtime_native_boot_prop:s0 tclass=file permissive=0
07-02 02:51:02.717 12986 12986 I chatty  : uid=2000(shell) app_process identical 1 line
07-02 02:51:02.717 12986 12986 W app_process: type=1400 audit(0.0:355): avc: denied { read } for name="u:object_r:device_config_runtime_native_boot_prop:s0" dev="tmpfs" ino=167 scontext=u:r:shell:s0 tcontext=u:object_r:device_config_runtime_native_boot_prop:s0 tclass=file permissive=0
07-02 02:51:02.724 12986 12986 D AndroidRuntime: >>>>>> START com.android.internal.os.RuntimeInit uid 2000 <<<<<<
07-02 02:51:02.725 12986 12986 E libc    : Access denied finding property "persist.device_config.runtime_native_boot.enable_apex_image"
07-02 02:51:02.725 12986 12986 I AndroidRuntime: Using default boot image
07-02 02:51:02.725 12986 12986 E libc    : Access denied finding property "persist.device_config.runtime_native_boot.disable_lock_profiling"
07-02 02:51:02.725 12986 12986 I AndroidRuntime: Leaving lock profiling enabled
07-02 02:51:02.725 12986 12986 E libc    : Access denied finding property "persist.device_config.runtime_native_boot.enable_generational_cc"
07-02 02:51:02.767 12986 12986 D ICU     : Time zone APEX file found: /apex/com.android.tzdata/etc/icu/icu_tzdata.dat
07-02 02:51:02.770 12986 12986 W app_process: Unexpected CPU variant for X86 using defaults: x86
07-02 02:51:02.773 12986 12986 I app_process: The ClassLoaderContext is a special shared library.
07-02 02:51:02.774 12986 12986 I app_process: The ClassLoaderContext is a special shared library.
07-02 02:51:02.788 12986 12986 W app_process: JNI RegisterNativeMethods: attempt to register 0 native methods for android.media.AudioAttributes
07-02 02:51:02.791 12986 12986 D AndroidRuntime: Calling main entry com.android.commands.uiautomator.Launcher
07-02 02:51:03.670  1800  2423 E GnssHAL_GnssInterface: gnssSvStatusCb: a: input svInfo.flags is 8
07-02 02:51:03.670  1800  2423 E GnssHAL_GnssInterface: gnssSvStatusCb: b: input svInfo.flags is 8
07-02 02:51:03.817 12986 12986 W AccessibilityNodeInfoDumper: Fetch time: 3ms
07-02 02:51:02.797  2034  2034 V SettingsProvider: Notifying for 0: content://settings/secure/accessibility_enabled
07-02 02:51:03.821  2034  3491 W WindowManager: removeWindowToken: Attempted to remove non-existing token: android.os.Binder@16d837a
07-02 02:51:03.824  2034  2034 V SettingsProvider: Notifying for 0: content://settings/secure/accessibility_enabled
07-02 02:51:03.845 12986 12986 D AndroidRuntime: Shutting down VM
07-02 02:51:04.672  1800  2423 E GnssHAL_GnssInterface: gnssSvStatusCb: a: input svInfo.flags is 8
07-02 02:51:04.672  1800  2423 E GnssHAL_GnssInterface: gnssSvStatusCb: b: input svInfo.flags is 8
07-02 02:51:04.824 13016 13016 D AndroidRuntime: >>>>>> START com.android.internal.os.RuntimeInit uid 2000 <<<<<<
07-02 02:51:04.817 13016 13016 W app_process: type=1400 audit(0.0:356): avc: denied { read } for name="u:object_r:device_config_runtime_native_boot_prop:s0" dev="tmpfs" ino=167 scontext=u:r:shell:s0 tcontext=u:object_r:device_config_runtime_native_boot_prop:s0 tclass=file permissive=0
07-02 02:51:04.827 13016 13016 E libc    : Access denied finding property "persist.device_config.runtime_native_boot.enable_apex_image"
07-02 02:51:04.827 13016 13016 I AndroidRuntime: Using default boot image
07-02 02:51:04.827 13016 13016 E libc    : Access denied finding property "persist.device_config.runtime_native_boot.disable_lock_profiling"
07-02 02:51:04.827 13016 13016 I AndroidRuntime: Leaving lock profiling enabled
07-02 02:51:04.827 13016 13016 E libc    : Access denied finding property "persist.device_config.runtime_native_boot.enable_generational_cc"
07-02 02:51:04.817 13016 13016 W app_process: type=1400 audit(0.0:358): avc: denied { read } for name="u:object_r:device_config_runtime_native_boot_prop:s0" dev="tmpfs" ino=167 scontext=u:r:shell:s0 tcontext=u:object_r:device_config_runtime_native_boot_prop:s0 tclass=file permissive=0
07-02 02:51:04.829 13016 13016 W app_process: Could not reserve sentinel fault page
07-02 02:51:04.907 13016 13016 D ICU     : Time zone APEX file found: /apex/com.android.tzdata/etc/icu/icu_tzdata.dat
07-02 02:51:04.911 13016 13016 W app_process: Unexpected CPU variant for X86 using defaults: x86
07-02 02:51:04.916 13016 13016 I app_process: The ClassLoaderContext is a special shared library.
07-02 02:51:04.916 13016 13016 I app_process: The ClassLoaderContext is a special shared library.
07-02 02:51:04.929 13016 13016 W app_process: JNI RegisterNativeMethods: attempt to register 0 native methods for android.media.AudioAttributes
07-02 02:51:04.932 13016 13016 D AndroidRuntime: Calling main entry com.android.commands.uiautomator.Launcher
07-02 02:51:05.676  1800  2423 E GnssHAL_GnssInterface: gnssSvStatusCb: a: input svInfo.flags is 8
07-02 02:51:05.676  1800  2423 E GnssHAL_GnssInterface: gnssSvStatusCb: b: input svInfo.flags is 8
07-02 02:51:05.953 13016 13016 W AccessibilityNodeInfoDumper: Fetch time: 3ms
07-02 02:51:04.940  2034  2034 V SettingsProvider: Notifying for 0: content://settings/secure/accessibility_enabled
07-02 02:51:05.954  2034  2051 W WindowManager: removeWindowToken: Attempted to remove non-existing token: android.os.Binder@81507d2
07-02 02:51:05.955  2034  2034 V SettingsProvider: Notifying for 0: content://settings/secure/accessibility_enabled
07-02 02:51:05.967 13016 13016 D AndroidRuntime: Shutting down VM
07-02 02:51:06.676  1800  2423 E GnssHAL_GnssInterface: gnssSvStatusCb: a: input svInfo.flags is 8
07-02 02:51:06.676  1800  2423 E GnssHAL_GnssInterface: gnssSvStatusCb: b: input svInfo.flags is 8
07-02 02:51:06.945 13050 13050 D AndroidRuntime: >>>>>> START com.android.internal.os.RuntimeInit uid 2000 <<<<<<
07-02 02:51:06.937 13050 13050 W app_process: type=1400 audit(0.0:359): avc: denied { read } for name="u:object_r:device_config_runtime_native_boot_prop:s0" dev="tmpfs" ino=167 scontext=u:r:shell:s0 tcontext=u:object_r:device_config_runtime_native_boot_prop:s0 tclass=file permissive=0
07-02 02:51:06.947 13050 13050 E libc    : Access denied finding property "persist.device_config.runtime_native_boot.enable_apex_image"
07-02 02:51:06.947 13050 13050 I AndroidRuntime: Using default boot image
07-02 02:51:06.937 13050 13050 W app_process: type=1400 audit(0.0:360): avc: denied { read } for name="u:object_r:device_config_runtime_native_boot_prop:s0" dev="tmpfs" ino=167 scontext=u:r:shell:s0 tcontext=u:object_r:device_config_runtime_native_boot_prop:s0 tclass=file permissive=0
07-02 02:51:06.947 13050 13050 E libc    : Access denied finding property "persist.device_config.runtime_native_boot.disable_lock_profiling"
07-02 02:51:06.948 13050 13050 I AndroidRuntime: Leaving lock profiling enabled
07-02 02:51:06.948 13050 13050 E libc    : Access denied finding property "persist.device_config.runtime_native_boot.enable_generational_cc"
07-02 02:51:06.937 13050 13050 W app_process: type=1400 audit(0.0:361): avc: denied { read } for name="u:object_r:device_config_runtime_native_boot_prop:s0" dev="tmpfs" ino=167 scontext=u:r:shell:s0 tcontext=u:object_r:device_config_runtime_native_boot_prop:s0 tclass=file permissive=0
07-02 02:51:06.999 13050 13050 D ICU     : Time zone APEX file found: /apex/com.android.tzdata/etc/icu/icu_tzdata.dat
07-02 02:51:07.003 13050 13050 W app_process: Unexpected CPU variant for X86 using defaults: x86
07-02 02:51:07.006 13050 13050 I app_process: The ClassLoaderContext is a special shared library.
07-02 02:51:07.006 13050 13050 I app_process: The ClassLoaderContext is a special shared library.
07-02 02:51:07.022 13050 13050 W app_process: JNI RegisterNativeMethods: attempt to register 0 native methods for android.media.AudioAttributes
07-02 02:51:07.025 13050 13050 D AndroidRuntime: Calling main entry com.android.commands.uiautomator.Launcher
07-02 02:51:07.679  1800  2423 E GnssHAL_GnssInterface: gnssSvStatusCb: a: input svInfo.flags is 8
07-02 02:51:07.679  1800  2423 E GnssHAL_GnssInterface: gnssSvStatusCb: b: input svInfo.flags is 8
07-02 02:51:08.050 13050 13050 W AccessibilityNodeInfoDumper: Fetch time: 1ms
07-02 02:51:07.037  2034  2034 V SettingsProvider: Notifying for 0: content://settings/secure/accessibility_enabled
07-02 02:51:08.052  2034  3502 W WindowManager: removeWindowToken: Attempted to remove non-existing token: android.os.Binder@4f5611b
07-02 02:51:08.053  2034  2034 V SettingsProvider: Notifying for 0: content://settings/secure/accessibility_enabled
07-02 02:51:08.062 13050 13050 D AndroidRuntime: Shutting down VM
07-02 02:51:08.243  1801  1942 D gralloc_ranchu: gralloc_alloc: Creating ashmem region of size 8298496
07-02 02:51:08.254  1684  1684 I hwservicemanager: getTransport: Cannot find entry android.hardware.graphics.mapper@3.0::IMapper/default in either framework or device manifest.
07-02 02:51:08.254 13067 13067 W Gralloc3: mapper 3.x is not supported
07-02 02:51:08.260 13067 13067 D HostConnection: createUnique: call
07-02 02:51:08.260 13067 13067 D HostConnection: HostConnection::get() New Host Connection established 0xe9130d70, tid 13067
07-02 02:51:08.264 13067 13067 D HostConnection: HostComposition ext ANDROID_EMU_CHECKSUM_HELPER_v1 ANDROID_EMU_native_sync_v2 ANDROID_EMU_native_sync_v3 ANDROID_EMU_native_sync_v4 ANDROID_EMU_dma_v1 ANDROID_EMU_direct_mem ANDROID_EMU_host_composition_v1 ANDROID_EMU_host_composition_v2 ANDROID_EMU_YUV420_888_to_NV21 ANDROID_EMU_YUV_Cache ANDROID_EMU_async_unmap_buffer GL_OES_EGL_image_external_essl3 GL_OES_vertex_array_object GL_KHR_texture_compression_astc_ldr ANDROID_EMU_host_side_tracing ANDROID_EMU_gles_max_version_3_0 
07-02 02:51:08.265 13067 13067 D eglCodecCommon: allocate: Ask for block of size 0x1000
07-02 02:51:08.265 13067 13067 D eglCodecCommon: allocate: ioctl allocate returned offset 0x3ff7fb000 size 0x2000
07-02 02:51:08.275 13067 13067 D eglCodecCommon: allocate: Ask for block of size 0x7ea000
07-02 02:51:08.275 13067 13067 D eglCodecCommon: allocate: ioctl allocate returned offset 0x3ff012000 size 0x7eb000
07-02 02:51:08.416  3273 13075 I MediaProvider: Begin Intent { act=android.intent.action.MEDIA_SCANNER_SCAN_FILE dat=file:///sdcard/screen.png flg=0x1400010 cmp=com.android.providers.media/.MediaService }
07-02 02:51:08.420  3273 13075 W ExifInterface: Invalid image: ExifInterface got an unsupported image format file(ExifInterface supports JPEG and some RAW image formats only) or a corrupted JPEG file to ExifInterface.
07-02 02:51:08.420  3273 13075 W ExifInterface: java.io.IOException: Invalid byte order: ffff8950
07-02 02:51:08.420  3273 13075 W ExifInterface: 	at android.media.ExifInterface.readByteOrder(ExifInterface.java:3121)
07-02 02:51:08.420  3273 13075 W ExifInterface: 	at android.media.ExifInterface.isOrfFormat(ExifInterface.java:2437)
07-02 02:51:08.420  3273 13075 W ExifInterface: 	at android.media.ExifInterface.getMimeType(ExifInterface.java:2315)
07-02 02:51:08.420  3273 13075 W ExifInterface: 	at android.media.ExifInterface.loadAttributes(ExifInterface.java:1753)
07-02 02:51:08.420  3273 13075 W ExifInterface: 	at android.media.ExifInterface.<init>(ExifInterface.java:1447)
07-02 02:51:08.420  3273 13075 W ExifInterface: 	at com.android.providers.media.scan.ModernMediaScanner.scanItemImage(ModernMediaScanner.java:729)
07-02 02:51:08.420  3273 13075 W ExifInterface: 	at com.android.providers.media.scan.ModernMediaScanner.scanItem(ModernMediaScanner.java:502)
07-02 02:51:08.420  3273 13075 W ExifInterface: 	at com.android.providers.media.scan.ModernMediaScanner.access$500(ModernMediaScanner.java:118)
07-02 02:51:08.420  3273 13075 W ExifInterface: 	at com.android.providers.media.scan.ModernMediaScanner$Scan.visitFile(ModernMediaScanner.java:406)
07-02 02:51:08.420  3273 13075 W ExifInterface: 	at com.android.providers.media.scan.ModernMediaScanner$Scan.visitFile(ModernMediaScanner.java:207)
07-02 02:51:08.420  3273 13075 W ExifInterface: 	at java.nio.file.Files.walkFileTree(Files.java:2670)
07-02 02:51:08.420  3273 13075 W ExifInterface: 	at java.nio.file.Files.walkFileTree(Files.java:2742)
07-02 02:51:08.420  3273 13075 W ExifInterface: 	at com.android.providers.media.scan.ModernMediaScanner$Scan.walkFileTree(ModernMediaScanner.java:267)
07-02 02:51:08.420  3273 13075 W ExifInterface: 	at com.android.providers.media.scan.ModernMediaScanner$Scan.run(ModernMediaScanner.java:245)
07-02 02:51:08.420  3273 13075 W ExifInterface: 	at com.android.providers.media.scan.ModernMediaScanner.scanFile(ModernMediaScanner.java:174)
07-02 02:51:08.420  3273 13075 W ExifInterface: 	at com.android.providers.media.MediaService.onScanFile(MediaService.java:164)
07-02 02:51:08.420  3273 13075 W ExifInterface: 	at com.android.providers.media.MediaService.onHandleIntent(MediaService.java:90)
07-02 02:51:08.420  3273 13075 W ExifInterface: 	at android.app.IntentService$ServiceHandler.handleMessage(IntentService.java:78)
07-02 02:51:08.420  3273 13075 W ExifInterface: 	at android.os.Handler.dispatchMessage(Handler.java:107)
07-02 02:51:08.420  3273 13075 W ExifInterface: 	at android.os.Looper.loop(Looper.java:214)
07-02 02:51:08.420  3273 13075 W ExifInterface: 	at android.os.HandlerThread.run(HandlerThread.java:67)
07-02 02:51:08.428  3273 13075 I MediaProvider: End Intent { act=android.intent.action.MEDIA_SCANNER_SCAN_FILE dat=file:///sdcard/screen.png flg=0x1400010 cmp=com.android.providers.media/.MediaService }
07-02 02:51:08.441  2034  3502 W ActivityManager: Background start not allowed: service Intent { cmp=com.google.android.apps.photos/com.google.android.libraries.social.mediamonitor.BackgroundThreadNotifierIntentService (has extras) } to com.google.android.apps.photos/com.google.android.libraries.social.mediamonitor.BackgroundThreadNotifierIntentService from pid=9370 uid=10117 pkg=com.google.android.apps.photos startFg?=false
07-02 02:51:08.575  7776 12753 I NetworkScheduler.Stats: Task com.google.android.gms/com.google.android.gms.ipa.base.IpaGcmTaskService started execution. cause:9 exec_start_elapsed_seconds: 7172 [CONTEXT service_id=218 ]
07-02 02:51:08.582  7776  7776 D BoundBrokerSvc: onBind: Intent { act=com.google.android.gms.scheduler.ACTION_PROXY_SCHEDULE dat=chimera-action:com.google.android.gms.scheduler.ACTION_PROXY_SCHEDULE cmp=com.google.android.gms/.chimera.PersistentApiService }
07-02 02:51:08.582  7776  7776 D BoundBrokerSvc: Loading bound service for intent: Intent { act=com.google.android.gms.scheduler.ACTION_PROXY_SCHEDULE dat=chimera-action:com.google.android.gms.scheduler.ACTION_PROXY_SCHEDULE cmp=com.google.android.gms/.chimera.PersistentApiService }
07-02 02:51:08.585  7776 10726 I NetworkScheduler.Stats: Task com.google.android.gms/com.google.android.gms.ipa.base.IpaGcmTaskService finished executing. cause:9 result: 1 elapsed_millis: 72 uptime_millis: 72 exec_start_elapsed_seconds: 7172 [CONTEXT service_id=218 ]
07-02 02:51:08.683  1800  2423 E GnssHAL_GnssInterface: gnssSvStatusCb: a: input svInfo.flags is 8
07-02 02:51:08.683  1800  2423 E GnssHAL_GnssInterface: gnssSvStatusCb: b: input svInfo.flags is 8
07-02 02:51:09.686  1800  2423 E GnssHAL_GnssInterface: gnssSvStatusCb: a: input svInfo.flags is 8
07-02 02:51:09.686  1800  2423 E GnssHAL_GnssInterface: gnssSvStatusCb: b: input svInfo.flags is 8
07-02 02:51:10.691  1800  2423 E GnssHAL_GnssInterface: gnssSvStatusCb: a: input svInfo.flags is 8
07-02 02:51:10.691  1800  2423 E GnssHAL_GnssInterface: gnssSvStatusCb: b: input svInfo.flags is 8
07-02 02:51:10.885 13080 13080 D AndroidRuntime: >>>>>> START com.android.internal.os.RuntimeInit uid 2000 <<<<<<
07-02 02:51:10.889 13080 13080 E libc    : Access denied finding property "persist.device_config.runtime_native_boot.enable_apex_image"
07-02 02:51:10.889 13080 13080 I AndroidRuntime: Using default boot image
07-02 02:51:10.877 13080 13080 W app_process: type=1400 audit(0.0:362): avc: denied { read } for name="u:object_r:device_config_runtime_native_boot_prop:s0" dev="tmpfs" ino=167 scontext=u:r:shell:s0 tcontext=u:object_r:device_config_runtime_native_boot_prop:s0 tclass=file permissive=0
07-02 02:51:10.941 13080 13080 D ICU     : Time zone APEX file found: /apex/com.android.tzdata/etc/icu/icu_tzdata.dat
07-02 02:51:10.944 13080 13080 W app_process: Unexpected CPU variant for X86 using defaults: x86
07-02 02:51:10.946 13080 13080 I app_process: The ClassLoaderContext is a special shared library.
07-02 02:51:10.946 13080 13080 I app_process: The ClassLoaderContext is a special shared library.
07-02 02:51:10.960 13080 13080 W app_process: JNI RegisterNativeMethods: attempt to register 0 native methods for android.media.AudioAttributes
07-02 02:51:10.963 13080 13080 D AndroidRuntime: Calling main entry com.android.commands.uiautomator.Launcher
07-02 02:51:08.446  2034  3502 W ActivityManager: Background start not allowed: service Intent { cmp=com.google.android.apps.photos/com.google.android.libraries.social.mediamonitor.BackgroundThreadNotifierIntentService (has extras) } to com.google.android.apps.photos/com.google.android.libraries.social.mediamonitor.BackgroundThreadNotifierIntentService from pid=9370 uid=10117 pkg=com.google.android.apps.photos startFg?=false
07-02 02:51:10.970  2034  2034 V SettingsProvider: Notifying for 0: content://settings/secure/accessibility_enabled
07-02 02:51:11.694  1800  2423 E GnssHAL_GnssInterface: gnssSvStatusCb: a: input svInfo.flags is 8
07-02 02:51:11.694  1800  2423 E GnssHAL_GnssInterface: gnssSvStatusCb: b: input svInfo.flags is 8
07-02 02:51:11.986 13080 13080 W AccessibilityNodeInfoDumper: Fetch time: 2ms
07-02 02:51:11.987  2034  2305 W WindowManager: removeWindowToken: Attempted to remove non-existing token: android.os.Binder@d850c83
07-02 02:51:11.989  2034  2034 V SettingsProvider: Notifying for 0: content://settings/secure/accessibility_enabled
07-02 02:51:12.005 13080 13080 D AndroidRuntime: Shutting down VM
07-02 02:51:12.700  1800  2423 E GnssHAL_GnssInterface: gnssSvStatusCb: a: input svInfo.flags is 8
07-02 02:51:12.700  1800  2423 E GnssHAL_GnssInterface: gnssSvStatusCb: b: input svInfo.flags is 8
07-02 02:51:13.700  1800  2423 E GnssHAL_GnssInterface: gnssSvStatusCb: a: input svInfo.flags is 8
07-02 02:51:13.700  1800  2423 E GnssHAL_GnssInterface: gnssSvStatusCb: b: input svInfo.flags is 8
07-02 02:51:14.297 13102 13102 D AndroidRuntime: >>>>>> START com.android.internal.os.RuntimeInit uid 2000 <<<<<<
07-02 02:51:14.287 13102 13102 W app_process: type=1400 audit(0.0:365): avc: denied { read } for name="u:object_r:device_config_runtime_native_boot_prop:s0" dev="tmpfs" ino=167 scontext=u:r:shell:s0 tcontext=u:object_r:device_config_runtime_native_boot_prop:s0 tclass=file permissive=0
07-02 02:51:14.300 13102 13102 E libc    : Access denied finding property "persist.device_config.runtime_native_boot.enable_apex_image"
07-02 02:51:14.300 13102 13102 I AndroidRuntime: Using default boot image
07-02 02:51:14.297 13102 13102 W app_process: type=1400 audit(0.0:366): avc: denied { read } for name="u:object_r:device_config_runtime_native_boot_prop:s0" dev="tmpfs" ino=167 scontext=u:r:shell:s0 tcontext=u:object_r:device_config_runtime_native_boot_prop:s0 tclass=file permissive=0
07-02 02:51:14.301 13102 13102 E libc    : Access denied finding property "persist.device_config.runtime_native_boot.enable_generational_cc"
07-02 02:51:14.303 13102 13102 W app_process: Could not reserve sentinel fault page
07-02 02:51:14.356 13102 13102 D ICU     : Time zone APEX file found: /apex/com.android.tzdata/etc/icu/icu_tzdata.dat
07-02 02:51:14.359 13102 13102 W app_process: Unexpected CPU variant for X86 using defaults: x86
07-02 02:51:14.367 13102 13102 I app_process: The ClassLoaderContext is a special shared library.
07-02 02:51:14.368 13102 13102 I app_process: The ClassLoaderContext is a special shared library.
07-02 02:51:14.386 13102 13102 W app_process: JNI RegisterNativeMethods: attempt to register 0 native methods for android.media.AudioAttributes
07-02 02:51:14.389 13102 13102 D AndroidRuntime: Calling main entry com.android.commands.uiautomator.Launcher
07-02 02:51:14.701  1800  2423 E GnssHAL_GnssInterface: gnssSvStatusCb: a: input svInfo.flags is 8
07-02 02:51:14.702  1800  2423 E GnssHAL_GnssInterface: gnssSvStatusCb: b: input svInfo.flags is 8
07-02 02:51:15.415 13102 13102 W AccessibilityNodeInfoDumper: Fetch time: 1ms
07-02 02:51:14.399  2034  2034 V SettingsProvider: Notifying for 0: content://settings/secure/accessibility_enabled
07-02 02:51:15.416  2034  3491 W WindowManager: removeWindowToken: Attempted to remove non-existing token: android.os.Binder@b4188fb
07-02 02:51:15.418  2034  2034 V SettingsProvider: Notifying for 0: content://settings/secure/accessibility_enabled
07-02 02:51:15.424 13102 13102 D AndroidRuntime: Shutting down VM
07-02 02:51:15.683 13125 13125 D AndroidRuntime: >>>>>> START com.android.internal.os.RuntimeInit uid 2000 <<<<<<
07-02 02:51:15.677 13125 13125 W app_process: type=1400 audit(0.0:368): avc: denied { read } for name="u:object_r:device_config_runtime_native_boot_prop:s0" dev="tmpfs" ino=167 scontext=u:r:shell:s0 tcontext=u:object_r:device_config_runtime_native_boot_prop:s0 tclass=file permissive=0
07-02 02:51:15.684 13125 13125 E libc    : Access denied finding property "persist.device_config.runtime_native_boot.enable_apex_image"
07-02 02:51:15.685 13125 13125 I AndroidRuntime: Using default boot image
07-02 02:51:15.685 13125 13125 E libc    : Access denied finding property "persist.device_config.runtime_native_boot.disable_lock_profiling"
07-02 02:51:15.685 13125 13125 I AndroidRuntime: Leaving lock profiling enabled
07-02 02:51:15.685 13125 13125 E libc    : Access denied finding property "persist.device_config.runtime_native_boot.enable_generational_cc"
07-02 02:51:15.677 13125 13125 W app_process: type=1400 audit(0.0:370): avc: denied { read } for name="u:object_r:device_config_runtime_native_boot_prop:s0" dev="tmpfs" ino=167 scontext=u:r:shell:s0 tcontext=u:object_r:device_config_runtime_native_boot_prop:s0 tclass=file permissive=0
07-02 02:51:15.702  1800  2423 E GnssHAL_GnssInterface: gnssSvStatusCb: a: input svInfo.flags is 8
07-02 02:51:15.702  1800  2423 E GnssHAL_GnssInterface: gnssSvStatusCb: b: input svInfo.flags is 8
07-02 02:51:15.734 13125 13125 D ICU     : Time zone APEX file found: /apex/com.android.tzdata/etc/icu/icu_tzdata.dat
07-02 02:51:15.738 13125 13125 W app_process: Unexpected CPU variant for X86 using defaults: x86
07-02 02:51:15.740 13125 13125 I app_process: The ClassLoaderContext is a special shared library.
07-02 02:51:15.741 13125 13125 I app_process: The ClassLoaderContext is a special shared library.
07-02 02:51:15.759 13125 13125 W app_process: JNI RegisterNativeMethods: attempt to register 0 native methods for android.media.AudioAttributes
07-02 02:51:15.763 13125 13125 D AndroidRuntime: Calling main entry com.android.commands.uiautomator.Launcher
07-02 02:51:16.703  1800  2423 E GnssHAL_GnssInterface: gnssSvStatusCb: a: input svInfo.flags is 8
07-02 02:51:16.703  1800  2423 E GnssHAL_GnssInterface: gnssSvStatusCb: b: input svInfo.flags is 8
07-02 02:51:16.784 13125 13125 W AccessibilityNodeInfoDumper: Fetch time: 1ms
07-02 02:51:15.772  2034  2034 V SettingsProvider: Notifying for 0: content://settings/secure/accessibility_enabled
07-02 02:51:16.784  2034  2305 W WindowManager: removeWindowToken: Attempted to remove non-existing token: android.os.Binder@31ea5ad
07-02 02:51:16.786  2034  2034 V SettingsProvider: Notifying for 0: content://settings/secure/accessibility_enabled
07-02 02:51:16.797 13125 13125 D AndroidRuntime: Shutting down VM
07-02 02:51:17.065 13147 13147 D AndroidRuntime: >>>>>> START com.android.internal.os.RuntimeInit uid 2000 <<<<<<
07-02 02:51:17.057 13147 13147 W app_process: type=1400 audit(0.0:371): avc: denied { read } for name="u:object_r:device_config_runtime_native_boot_prop:s0" dev="tmpfs" ino=167 scontext=u:r:shell:s0 tcontext=u:object_r:device_config_runtime_native_boot_prop:s0 tclass=file permissive=0
07-02 02:51:17.067 13147 13147 E libc    : Access denied finding property "persist.device_config.runtime_native_boot.enable_apex_image"
07-02 02:51:17.057 13147 13147 W app_process: type=1400 audit(0.0:372): avc: denied { read } for name="u:object_r:device_config_runtime_native_boot_prop:s0" dev="tmpfs" ino=167 scontext=u:r:shell:s0 tcontext=u:object_r:device_config_runtime_native_boot_prop:s0 tclass=file permissive=0
07-02 02:51:17.067 13147 13147 I AndroidRuntime: Using default boot image
07-02 02:51:17.067 13147 13147 E libc    : Access denied finding property "persist.device_config.runtime_native_boot.disable_lock_profiling"
07-02 02:51:17.067 13147 13147 I AndroidRuntime: Leaving lock profiling enabled
07-02 02:51:17.067 13147 13147 E libc    : Access denied finding property "persist.device_config.runtime_native_boot.enable_generational_cc"
07-02 02:51:17.057 13147 13147 W app_process: type=1400 audit(0.0:373): avc: denied { read } for name="u:object_r:device_config_runtime_native_boot_prop:s0" dev="tmpfs" ino=167 scontext=u:r:shell:s0 tcontext=u:object_r:device_config_runtime_native_boot_prop:s0 tclass=file permissive=0
07-02 02:51:17.118 13147 13147 D ICU     : Time zone APEX file found: /apex/com.android.tzdata/etc/icu/icu_tzdata.dat
07-02 02:51:17.122 13147 13147 W app_process: Unexpected CPU variant for X86 using defaults: x86
07-02 02:51:17.125 13147 13147 I app_process: The ClassLoaderContext is a special shared library.
07-02 02:51:17.125 13147 13147 I app_process: The ClassLoaderContext is a special shared library.
07-02 02:51:17.141 13147 13147 W app_process: JNI RegisterNativeMethods: attempt to register 0 native methods for android.media.AudioAttributes
07-02 02:51:17.144 13147 13147 D AndroidRuntime: Calling main entry com.android.commands.uiautomator.Launcher
07-02 02:51:17.708  1800  2423 E GnssHAL_GnssInterface: gnssSvStatusCb: a: input svInfo.flags is 8
07-02 02:51:17.708  1800  2423 E GnssHAL_GnssInterface: gnssSvStatusCb: b: input svInfo.flags is 8
07-02 02:51:18.166 13147 13147 W AccessibilityNodeInfoDumper: Fetch time: 3ms
07-02 02:51:17.152  2034  2034 V SettingsProvider: Notifying for 0: content://settings/secure/accessibility_enabled
07-02 02:51:18.168  2034  3502 W WindowManager: removeWindowToken: Attempted to remove non-existing token: android.os.Binder@ce80ccf
07-02 02:51:18.171  2034  2034 V SettingsProvider: Notifying for 0: content://settings/secure/accessibility_enabled
07-02 02:51:18.179 13147 13147 D AndroidRuntime: Shutting down VM
07-02 02:51:18.438 13169 13169 D AndroidRuntime: >>>>>> START com.android.internal.os.RuntimeInit uid 2000 <<<<<<
07-02 02:51:18.427 13169 13169 W app_process: type=1400 audit(0.0:374): avc: denied { read } for name="u:object_r:device_config_runtime_native_boot_prop:s0" dev="tmpfs" ino=167 scontext=u:r:shell:s0 tcontext=u:object_r:device_config_runtime_native_boot_prop:s0 tclass=file permissive=0
07-02 02:51:18.437 13169 13169 I chatty  : uid=2000(shell) app_process identical 1 line
07-02 02:51:18.437 13169 13169 W app_process: type=1400 audit(0.0:376): avc: denied { read } for name="u:object_r:device_config_runtime_native_boot_prop:s0" dev="tmpfs" ino=167 scontext=u:r:shell:s0 tcontext=u:object_r:device_config_runtime_native_boot_prop:s0 tclass=file permissive=0
07-02 02:51:18.440 13169 13169 E libc    : Access denied finding property "persist.device_config.runtime_native_boot.enable_apex_image"
07-02 02:51:18.440 13169 13169 I AndroidRuntime: Using default boot image
07-02 02:51:18.440 13169 13169 E libc    : Access denied finding property "persist.device_config.runtime_native_boot.disable_lock_profiling"
07-02 02:51:18.440 13169 13169 I AndroidRuntime: Leaving lock profiling enabled
07-02 02:51:18.441 13169 13169 E libc    : Access denied finding property "persist.device_config.runtime_native_boot.enable_generational_cc"
07-02 02:51:18.487 13169 13169 D ICU     : Time zone APEX file found: /apex/com.android.tzdata/etc/icu/icu_tzdata.dat
07-02 02:51:18.490 13169 13169 W app_process: Unexpected CPU variant for X86 using defaults: x86
07-02 02:51:18.491 13169 13169 I app_process: The ClassLoaderContext is a special shared library.
07-02 02:51:18.498 13169 13169 I app_process: The ClassLoaderContext is a special shared library.
07-02 02:51:18.510 13169 13169 W app_process: JNI RegisterNativeMethods: attempt to register 0 native methods for android.media.AudioAttributes
07-02 02:51:18.513 13169 13169 D AndroidRuntime: Calling main entry com.android.commands.uiautomator.Launcher
07-02 02:51:18.530  9370 10486 I XmpUtil : XMP parse: only JPEG file is supported
07-02 02:51:18.712  1800  2423 E GnssHAL_GnssInterface: gnssSvStatusCb: a: input svInfo.flags is 8
07-02 02:51:18.712  1800  2423 E GnssHAL_GnssInterface: gnssSvStatusCb: b: input svInfo.flags is 8
07-02 02:51:19.532 13169 13169 W AccessibilityNodeInfoDumper: Fetch time: 1ms
07-02 02:51:18.522  2034  2034 V SettingsProvider: Notifying for 0: content://settings/secure/accessibility_enabled
07-02 02:51:19.540  2034  3491 W WindowManager: removeWindowToken: Attempted to remove non-existing token: android.os.Binder@8ba5ea
07-02 02:51:19.542  2034  2034 V SettingsProvider: Notifying for 0: content://settings/secure/accessibility_enabled
07-02 02:51:19.548 13169 13169 D AndroidRuntime: Shutting down VM
07-02 02:51:19.717  1800  2423 E GnssHAL_GnssInterface: gnssSvStatusCb: a: input svInfo.flags is 8
07-02 02:51:19.717  1800  2423 E GnssHAL_GnssInterface: gnssSvStatusCb: b: input svInfo.flags is 8
07-02 02:51:19.937 13197 13197 W app_process: type=1400 audit(0.0:377): avc: denied { read } for name="u:object_r:device_config_runtime_native_boot_prop:s0" dev="tmpfs" ino=167 scontext=u:r:shell:s0 tcontext=u:object_r:device_config_runtime_native_boot_prop:s0 tclass=file permissive=0
07-02 02:51:19.945 13197 13197 D AndroidRuntime: >>>>>> START com.android.internal.os.RuntimeInit uid 2000 <<<<<<
07-02 02:51:19.947 13197 13197 E libc    : Access denied finding property "persist.device_config.runtime_native_boot.enable_apex_image"
07-02 02:51:19.947 13197 13197 I AndroidRuntime: Using default boot image
07-02 02:51:19.947 13197 13197 E libc    : Access denied finding property "persist.device_config.runtime_native_boot.disable_lock_profiling"
07-02 02:51:19.947 13197 13197 I AndroidRuntime: Leaving lock profiling enabled
07-02 02:51:19.947 13197 13197 E libc    : Access denied finding property "persist.device_config.runtime_native_boot.enable_generational_cc"
07-02 02:51:19.949 13197 13197 W app_process: Could not reserve sentinel fault page
07-02 02:51:19.999 13197 13197 D ICU     : Time zone APEX file found: /apex/com.android.tzdata/etc/icu/icu_tzdata.dat
07-02 02:51:20.003 13197 13197 W app_process: Unexpected CPU variant for X86 using defaults: x86
07-02 02:51:20.007 13197 13197 I app_process: The ClassLoaderContext is a special shared library.
07-02 02:51:20.023 13197 13197 W app_process: JNI RegisterNativeMethods: attempt to register 0 native methods for android.media.AudioAttributes
07-02 02:51:20.026 13197 13197 D AndroidRuntime: Calling main entry com.android.commands.monkey.Monkey
07-02 02:51:20.029 13197 13197 W Monkey  : args: [-p, org.shadowice.flocke.andotp, -c, android.intent.category.LAUNCHER, 1]
07-02 02:51:20.030 13197 13197 W Monkey  :  arg: "-p"
07-02 02:51:20.031 13197 13197 W Monkey  :  arg: "org.shadowice.flocke.andotp"
07-02 02:51:20.031 13197 13197 W Monkey  :  arg: "-c"
07-02 02:51:20.031 13197 13197 W Monkey  :  arg: "android.intent.category.LAUNCHER"
07-02 02:51:20.031 13197 13197 W Monkey  :  arg: "1"
07-02 02:51:20.031 13197 13197 W Monkey  : data="org.shadowice.flocke.andotp"
07-02 02:51:20.032 13197 13197 W Monkey  : data="android.intent.category.LAUNCHER"
07-02 02:51:20.047  2034  2062 W BroadcastQueue: Skipping deliver [background] BroadcastRecord{84c1eaf u-1 android.net.conn.CONNECTIVITY_CHANGE} to ReceiverList{41c92bc 13197 (unknown name)/2000/u-1 remote:8677689}: process gone or crashing
07-02 02:51:20.067  2034  3518 I ActivityTaskManager: START u0 {act=android.intent.action.MAIN cat=[android.intent.category.LAUNCHER] flg=0x10200000 cmp=org.shadowice.flocke.andotp/.Activities.MainActivity} from uid 2000
07-02 02:51:20.067  2034  3518 W Binder  : Outgoing transactions from this process must be FLAG_ONEWAY
07-02 02:51:20.067  2034  3518 W Binder  : java.lang.Throwable
07-02 02:51:20.067  2034  3518 W Binder  : 	at android.os.BinderProxy.transact(BinderProxy.java:480)
07-02 02:51:20.067  2034  3518 W Binder  : 	at android.app.IActivityController$Stub$Proxy.activityStarting(IActivityController.java:273)
07-02 02:51:20.067  2034  3518 W Binder  : 	at com.android.server.wm.ActivityStarter.startActivity(ActivityStarter.java:794)
07-02 02:51:20.067  2034  3518 W Binder  : 	at com.android.server.wm.ActivityStarter.startActivity(ActivityStarter.java:583)
07-02 02:51:20.067  2034  3518 W Binder  : 	at com.android.server.wm.ActivityStarter.startActivityMayWait(ActivityStarter.java:1288)
07-02 02:51:20.067  2034  3518 W Binder  : 	at com.android.server.wm.ActivityStarter.execute(ActivityStarter.java:514)
07-02 02:51:20.067  2034  3518 W Binder  : 	at com.android.server.wm.ActivityTaskManagerService.startActivityAsUser(ActivityTaskManagerService.java:1058)
07-02 02:51:20.067  2034  3518 W Binder  : 	at com.android.server.wm.ActivityTaskManagerService.startActivityAsUser(ActivityTaskManagerService.java:1032)
07-02 02:51:20.067  2034  3518 W Binder  : 	at com.android.server.am.ActivityManagerService.startActivityAsUser(ActivityManagerService.java:3504)
07-02 02:51:20.067  2034  3518 W Binder  : 	at android.app.IActivityManager$Stub.onTransact(IActivityManager.java:3537)
07-02 02:51:20.067  2034  3518 W Binder  : 	at com.android.server.am.ActivityManagerService.onTransact(ActivityManagerService.java:2741)
07-02 02:51:20.067  2034  3518 W Binder  : 	at android.os.Binder.execTransactInternal(Binder.java:1021)
07-02 02:51:20.067  2034  3518 W Binder  : 	at android.os.Binder.execTransact(Binder.java:994)
07-02 02:51:20.070 13197 13197 I Monkey  : Events injected: 1
07-02 02:51:20.071  2034  2034 V SettingsProvider: Notifying for 0: content://settings/system/accelerometer_rotation
07-02 02:51:20.079  2034  2056 W InputReader: Device has associated, but no associated display id.
07-02 02:51:20.081  2034  2056 I chatty  : uid=1000(system) android.display identical 18 lines
07-02 02:51:20.081  2034  2056 W InputReader: Device has associated, but no associated display id.
07-02 02:51:20.083 13197 13197 I Monkey  : ## Network stats: elapsed time=13ms (0ms mobile, 0ms wifi, 13ms not connected)
07-02 02:51:20.084 13197 13197 I app_process: System.exit called, status: 0
07-02 02:51:20.084 13197 13197 I AndroidRuntime: VM exiting with result code 0.
07-02 02:51:20.720  1800  2423 E GnssHAL_GnssInterface: gnssSvStatusCb: a: input svInfo.flags is 8
07-02 02:51:20.720  1800  2423 E GnssHAL_GnssInterface: gnssSvStatusCb: b: input svInfo.flags is 8
07-02 02:51:21.724  1800  2423 E GnssHAL_GnssInterface: gnssSvStatusCb: a: input svInfo.flags is 8
07-02 02:51:21.724  1800  2423 E GnssHAL_GnssInterface: gnssSvStatusCb: b: input svInfo.flags is 8
07-02 02:51:22.727  1800  2423 E GnssHAL_GnssInterface: gnssSvStatusCb: a: input svInfo.flags is 8
07-02 02:51:22.728  1800  2423 E GnssHAL_GnssInterface: gnssSvStatusCb: b: input svInfo.flags is 8
07-02 02:51:23.639  7776  7776 D BoundBrokerSvc: onUnbind: Intent { act=com.google.android.gms.scheduler.ACTION_PROXY_SCHEDULE dat=chimera-action:com.google.android.gms.scheduler.ACTION_PROXY_SCHEDULE cmp=com.google.android.gms/.chimera.PersistentApiService }
07-02 02:51:23.730  1800  2423 E GnssHAL_GnssInterface: gnssSvStatusCb: a: input svInfo.flags is 8
07-02 02:51:23.730  1800  2423 E GnssHAL_GnssInterface: gnssSvStatusCb: b: input svInfo.flags is 8
07-02 02:51:24.735  1800  2423 E GnssHAL_GnssInterface: gnssSvStatusCb: a: input svInfo.flags is 8
07-02 02:51:24.735  1800  2423 E GnssHAL_GnssInterface: gnssSvStatusCb: b: input svInfo.flags is 8
07-02 02:51:25.740  1800  2423 E GnssHAL_GnssInterface: gnssSvStatusCb: a: input svInfo.flags is 8
07-02 02:51:25.740  1800  2423 E GnssHAL_GnssInterface: gnssSvStatusCb: b: input svInfo.flags is 8
07-02 02:51:26.745  1800  2423 E GnssHAL_GnssInterface: gnssSvStatusCb: a: input svInfo.flags is 8
07-02 02:51:26.745  1800  2423 E GnssHAL_GnssInterface: gnssSvStatusCb: b: input svInfo.flags is 8
07-02 02:51:27.746  1800  2423 E GnssHAL_GnssInterface: gnssSvStatusCb: a: input svInfo.flags is 8
07-02 02:51:27.746  1800  2423 E GnssHAL_GnssInterface: gnssSvStatusCb: b: input svInfo.flags is 8
07-02 02:51:28.750  1800  2423 E GnssHAL_GnssInterface: gnssSvStatusCb: a: input svInfo.flags is 8
07-02 02:51:28.750  1800  2423 E GnssHAL_GnssInterface: gnssSvStatusCb: b: input svInfo.flags is 8
07-02 02:51:29.751  1800  2423 E GnssHAL_GnssInterface: gnssSvStatusCb: a: input svInfo.flags is 8
07-02 02:51:29.751  1800  2423 E GnssHAL_GnssInterface: gnssSvStatusCb: b: input svInfo.flags is 8
07-02 02:51:30.754  1800  2423 E GnssHAL_GnssInterface: gnssSvStatusCb: a: input svInfo.flags is 8
07-02 02:51:30.754  1800  2423 E GnssHAL_GnssInterface: gnssSvStatusCb: b: input svInfo.flags is 8
07-02 02:51:31.756  1800  2423 E GnssHAL_GnssInterface: gnssSvStatusCb: a: input svInfo.flags is 8
07-02 02:51:31.756  1800  2423 E GnssHAL_GnssInterface: gnssSvStatusCb: b: input svInfo.flags is 8
07-02 02:51:32.759  1800  2423 E GnssHAL_GnssInterface: gnssSvStatusCb: a: input svInfo.flags is 8
07-02 02:51:32.759  1800  2423 E GnssHAL_GnssInterface: gnssSvStatusCb: b: input svInfo.flags is 8
07-02 02:51:33.762  1800  2423 E GnssHAL_GnssInterface: gnssSvStatusCb: a: input svInfo.flags is 8
07-02 02:51:33.762  1800  2423 E GnssHAL_GnssInterface: gnssSvStatusCb: b: input svInfo.flags is 8
07-02 02:51:34.767  1800  2423 E GnssHAL_GnssInterface: gnssSvStatusCb: a: input svInfo.flags is 8
07-02 02:51:34.767  1800  2423 E GnssHAL_GnssInterface: gnssSvStatusCb: b: input svInfo.flags is 8
07-02 02:51:35.771  1800  2423 E GnssHAL_GnssInterface: gnssSvStatusCb: a: input svInfo.flags is 8
07-02 02:51:35.772  1800  2423 E GnssHAL_GnssInterface: gnssSvStatusCb: b: input svInfo.flags is 8
07-02 02:51:36.269 13214 13214 D AndroidRuntime: >>>>>> START com.android.internal.os.RuntimeInit uid 2000 <<<<<<
07-02 02:51:36.273 13214 13214 E libc    : Access denied finding property "persist.device_config.runtime_native_boot.enable_apex_image"
07-02 02:51:36.273 13214 13214 I AndroidRuntime: Using default boot image
07-02 02:51:36.273 13214 13214 E libc    : Access denied finding property "persist.device_config.runtime_native_boot.disable_lock_profiling"
07-02 02:51:36.273 13214 13214 I AndroidRuntime: Leaving lock profiling enabled
07-02 02:51:36.274 13214 13214 E libc    : Access denied finding property "persist.device_config.runtime_native_boot.enable_generational_cc"
07-02 02:51:36.267 13214 13214 W app_process: type=1400 audit(0.0:380): avc: denied { read } for name="u:object_r:device_config_runtime_native_boot_prop:s0" dev="tmpfs" ino=167 scontext=u:r:shell:s0 tcontext=u:object_r:device_config_runtime_native_boot_prop:s0 tclass=file permissive=0
07-02 02:51:36.361  2034  2067 E BluetoothAdapter: Bluetooth binder is null
07-02 02:51:36.370 13214 13214 D ICU     : Time zone APEX file found: /apex/com.android.tzdata/etc/icu/icu_tzdata.dat
07-02 02:51:36.375 13214 13214 W app_process: Unexpected CPU variant for X86 using defaults: x86
07-02 02:51:36.379 13214 13214 I app_process: The ClassLoaderContext is a special shared library.
07-02 02:51:36.380 13214 13214 I app_process: The ClassLoaderContext is a special shared library.
07-02 02:51:36.398 13214 13214 W app_process: JNI RegisterNativeMethods: attempt to register 0 native methods for android.media.AudioAttributes
07-02 02:51:36.401 13214 13214 D AndroidRuntime: Calling main entry com.android.commands.uiautomator.Launcher
07-02 02:51:20.075  2034  2034 V SettingsProvider: Notifying for 0: content://settings/system/accelerometer_rotation
07-02 02:51:36.414  2034  2034 V SettingsProvider: Notifying for 0: content://settings/secure/accessibility_enabled
07-02 02:51:36.451  1781  2326 I netd    : trafficSwapActiveStatsMap() <67.91ms>
07-02 02:51:36.465  1781  2326 I netd    : tetherGetStats() <11.18ms>
07-02 02:51:36.771  1800  2423 E GnssHAL_GnssInterface: gnssSvStatusCb: a: input svInfo.flags is 8
07-02 02:51:36.772  1800  2423 E GnssHAL_GnssInterface: gnssSvStatusCb: b: input svInfo.flags is 8
07-02 02:51:37.436 13214 13214 W AccessibilityNodeInfoDumper: Fetch time: 2ms
07-02 02:51:37.437  2034  3518 W WindowManager: removeWindowToken: Attempted to remove non-existing token: android.os.Binder@d815b7c
07-02 02:51:37.439  2034  2034 V SettingsProvider: Notifying for 0: content://settings/secure/accessibility_enabled
07-02 02:51:37.449 13214 13214 D AndroidRuntime: Shutting down VM
07-02 02:51:37.772  1800  2423 E GnssHAL_GnssInterface: gnssSvStatusCb: a: input svInfo.flags is 8
07-02 02:51:37.772  1800  2423 E GnssHAL_GnssInterface: gnssSvStatusCb: b: input svInfo.flags is 8
07-02 02:51:38.387 13244 13244 D AndroidRuntime: >>>>>> START com.android.internal.os.RuntimeInit uid 2000 <<<<<<
07-02 02:51:38.377 13244 13244 W app_process: type=1400 audit(0.0:383): avc: denied { read } for name="u:object_r:device_config_runtime_native_boot_prop:s0" dev="tmpfs" ino=167 scontext=u:r:shell:s0 tcontext=u:object_r:device_config_runtime_native_boot_prop:s0 tclass=file permissive=0
07-02 02:51:38.388 13244 13244 I AndroidRuntime: Using default boot image
07-02 02:51:38.388 13244 13244 E libc    : Access denied finding property "persist.device_config.runtime_native_boot.disable_lock_profiling"
07-02 02:51:38.388 13244 13244 I AndroidRuntime: Leaving lock profiling enabled
07-02 02:51:38.389 13244 13244 E libc    : Access denied finding property "persist.device_config.runtime_native_boot.enable_generational_cc"
07-02 02:51:38.437 13244 13244 D ICU     : Time zone APEX file found: /apex/com.android.tzdata/etc/icu/icu_tzdata.dat
