07-02 02:52:43.144 13841 13841 D AndroidRuntime: >>>>>> START com.android.internal.os.RuntimeInit uid 2000 <<<<<<
07-02 02:52:43.137 13841 13841 W app_process: type=1400 audit(0.0:450): avc: denied { read } for name="u:object_r:device_config_runtime_native_boot_prop:s0" dev="tmpfs" ino=167 scontext=u:r:shell:s0 tcontext=u:object_r:device_config_runtime_native_boot_prop:s0 tclass=file permissive=0
07-02 02:52:43.146 13841 13841 E libc    : Access denied finding property "persist.device_config.runtime_native_boot.enable_apex_image"
07-02 02:52:43.146 13841 13841 I AndroidRuntime: Using default boot image
07-02 02:52:43.137 13841 13841 W app_process: type=1400 audit(0.0:451): avc: denied { read } for name="u:object_r:device_config_runtime_native_boot_prop:s0" dev="tmpfs" ino=167 scontext=u:r:shell:s0 tcontext=u:object_r:device_config_runtime_native_boot_prop:s0 tclass=file permissive=0
07-02 02:52:43.198 13841 13841 D ICU     : Time zone APEX file found: /apex/com.android.tzdata/etc/icu/icu_tzdata.dat
07-02 02:52:43.203 13841 13841 W app_process: Unexpected CPU variant for X86 using defaults: x86
07-02 02:52:43.205 13841 13841 I app_process: The ClassLoaderContext is a special shared library.
07-02 02:52:43.220 13841 13841 W app_process: JNI RegisterNativeMethods: attempt to register 0 native methods for android.media.AudioAttributes
07-02 02:52:43.223 13841 13841 D AndroidRuntime: Calling main entry com.android.commands.input.Input
07-02 02:52:43.232 13841 13841 D AndroidRuntime: Shutting down VM
07-02 02:52:43.257  1789  3563 W audio_hw_generic: Not supplying enough data to HAL, expected position 2839077 , only wrote 2838995
07-02 02:52:43.315  1789  3563 W audio_hw_generic: Not supplying enough data to HAL, expected position 2841539 , only wrote 2840978
07-02 02:52:43.316  1816  1983 D AF::Track: interceptBuffer: took 661us to intercept 0 tracks
07-02 02:52:43.945  1800  2423 E GnssHAL_GnssInterface: gnssSvStatusCb: a: input svInfo.flags is 8
07-02 02:52:43.945  1800  2423 E GnssHAL_GnssInterface: gnssSvStatusCb: b: input svInfo.flags is 8
07-02 02:52:44.946  1800  2423 E GnssHAL_GnssInterface: gnssSvStatusCb: a: input svInfo.flags is 8
07-02 02:52:44.946  1800  2423 E GnssHAL_GnssInterface: gnssSvStatusCb: b: input svInfo.flags is 8
07-02 02:52:45.949  1800  2423 E GnssHAL_GnssInterface: gnssSvStatusCb: a: input svInfo.flags is 8
07-02 02:52:45.949  1800  2423 E GnssHAL_GnssInterface: gnssSvStatusCb: b: input svInfo.flags is 8
07-02 02:52:46.419  1789  1789 W audio_hw_generic: Not supplying enough data to HAL, expected position 3113037 , only wrote 2977805
07-02 02:52:46.952  1800  2423 E GnssHAL_GnssInterface: gnssSvStatusCb: a: input svInfo.flags is 8
07-02 02:52:46.952  1800  2423 E GnssHAL_GnssInterface: gnssSvStatusCb: b: input svInfo.flags is 8
07-02 02:52:46.995  8508 13867 I GmscoreIpa: Starting mediastore instant index [CONTEXT service_id=255 ]
07-02 02:52:47.304  7776 13876 E memtrack: Couldn't load memtrack module
07-02 02:52:47.304  7776 13876 W android.os.Debug: failed to get memory consumption info: -1
07-02 02:52:47.322 13874 13874 D AndroidRuntime: >>>>>> START com.android.internal.os.RuntimeInit uid 2000 <<<<<<
07-02 02:52:47.325 13874 13874 E libc    : Access denied finding property "persist.device_config.runtime_native_boot.enable_apex_image"
07-02 02:52:47.317 13874 13874 W app_process: type=1400 audit(0.0:453): avc: denied { read } for name="u:object_r:device_config_runtime_native_boot_prop:s0" dev="tmpfs" ino=167 scontext=u:r:shell:s0 tcontext=u:object_r:device_config_runtime_native_boot_prop:s0 tclass=file permissive=0
07-02 02:52:47.326 13874 13874 I AndroidRuntime: Using default boot image
07-02 02:52:47.326 13874 13874 E libc    : Access denied finding property "persist.device_config.runtime_native_boot.disable_lock_profiling"
07-02 02:52:47.326 13874 13874 I AndroidRuntime: Leaving lock profiling enabled
07-02 02:52:47.326 13874 13874 E libc    : Access denied finding property "persist.device_config.runtime_native_boot.enable_generational_cc"
07-02 02:52:47.317 13874 13874 W app_process: type=1400 audit(0.0:454): avc: denied { read } for name="u:object_r:device_config_runtime_native_boot_prop:s0" dev="tmpfs" ino=167 scontext=u:r:shell:s0 tcontext=u:object_r:device_config_runtime_native_boot_prop:s0 tclass=file permissive=0
07-02 02:52:47.416 13874 13874 D ICU     : Time zone APEX file found: /apex/com.android.tzdata/etc/icu/icu_tzdata.dat
07-02 02:52:47.420 13874 13874 W app_process: Unexpected CPU variant for X86 using defaults: x86
07-02 02:52:47.423 13874 13874 I app_process: The ClassLoaderContext is a special shared library.
07-02 02:52:47.444 13874 13874 W app_process: JNI RegisterNativeMethods: attempt to register 0 native methods for android.media.AudioAttributes
07-02 02:52:47.449 13874 13874 D AndroidRuntime: Calling main entry com.android.commands.monkey.Monkey
07-02 02:52:47.454 13874 13874 W Monkey  : args: [-p, org.shadowice.flocke.andotp, -c, android.intent.category.LAUNCHER, 1]
07-02 02:52:47.455 13874 13874 W Monkey  :  arg: "-p"
07-02 02:52:47.456 13874 13874 W Monkey  :  arg: "org.shadowice.flocke.andotp"
07-02 02:52:47.456 13874 13874 W Monkey  :  arg: "-c"
07-02 02:52:47.456 13874 13874 W Monkey  :  arg: "android.intent.category.LAUNCHER"
07-02 02:52:47.456 13874 13874 W Monkey  :  arg: "1"
07-02 02:52:47.456 13874 13874 W Monkey  : data="org.shadowice.flocke.andotp"
07-02 02:52:47.456 13874 13874 W Monkey  : data="android.intent.category.LAUNCHER"
07-02 02:52:47.480  2034  2062 W BroadcastQueue: Skipping deliver [background] BroadcastRecord{7fc8ad u-1 android.net.conn.CONNECTIVITY_CHANGE} to ReceiverList{85b57e2 13874 (unknown name)/2000/u-1 remote:d4b64d7}: process gone or crashing
07-02 02:52:47.498  2034  3019 I ActivityTaskManager: START u0 {act=android.intent.action.MAIN cat=[android.intent.category.LAUNCHER] flg=0x10200000 cmp=org.shadowice.flocke.andotp/.Activities.MainActivity} from uid 2000
07-02 02:52:47.498  2034  3019 W Binder  : Outgoing transactions from this process must be FLAG_ONEWAY
07-02 02:52:47.498  2034  3019 W Binder  : java.lang.Throwable
07-02 02:52:47.498  2034  3019 W Binder  : 	at android.os.BinderProxy.transact(BinderProxy.java:480)
07-02 02:52:47.498  2034  3019 W Binder  : 	at android.app.IActivityController$Stub$Proxy.activityStarting(IActivityController.java:273)
07-02 02:52:47.498  2034  3019 W Binder  : 	at com.android.server.wm.ActivityStarter.startActivity(ActivityStarter.java:794)
07-02 02:52:47.498  2034  3019 W Binder  : 	at com.android.server.wm.ActivityStarter.startActivity(ActivityStarter.java:583)
07-02 02:52:47.498  2034  3019 W Binder  : 	at com.android.server.wm.ActivityStarter.startActivityMayWait(ActivityStarter.java:1288)
07-02 02:52:47.498  2034  3019 W Binder  : 	at com.android.server.wm.ActivityStarter.execute(ActivityStarter.java:514)
07-02 02:52:47.498  2034  3019 W Binder  : 	at com.android.server.wm.ActivityTaskManagerService.startActivityAsUser(ActivityTaskManagerService.java:1058)
07-02 02:52:47.498  2034  3019 W Binder  : 	at com.android.server.wm.ActivityTaskManagerService.startActivityAsUser(ActivityTaskManagerService.java:1032)
07-02 02:52:47.498  2034  3019 W Binder  : 	at com.android.server.am.ActivityManagerService.startActivityAsUser(ActivityManagerService.java:3504)
07-02 02:52:47.498  2034  3019 W Binder  : 	at android.app.IActivityManager$Stub.onTransact(IActivityManager.java:3537)
07-02 02:52:47.498  2034  3019 W Binder  : 	at com.android.server.am.ActivityManagerService.onTransact(ActivityManagerService.java:2741)
07-02 02:52:47.498  2034  3019 W Binder  : 	at android.os.Binder.execTransactInternal(Binder.java:1021)
07-02 02:52:47.498  2034  3019 W Binder  : 	at android.os.Binder.execTransact(Binder.java:994)
07-02 02:52:47.502 13874 13874 I Monkey  : Events injected: 1
07-02 02:52:47.504  2034  2034 V SettingsProvider: Notifying for 0: content://settings/system/accelerometer_rotation
07-02 02:52:47.510 13874 13874 I Monkey  : ## Network stats: elapsed time=12ms (0ms mobile, 0ms wifi, 12ms not connected)
07-02 02:52:47.512 13874 13874 I app_process: System.exit called, status: 0
07-02 02:52:47.512 13874 13874 I AndroidRuntime: VM exiting with result code 0.
07-02 02:52:47.592  8508  8508 D BoundBrokerSvc: onUnbind: Intent { act=com.google.android.gms.checkin.START pkg=com.google.android.gms }
07-02 02:52:47.652  1947  1947 E netmgr  : Failed to open QEMU pipe 'qemud:network': Invalid argument
07-02 02:52:47.954  1800  2423 E GnssHAL_GnssInterface: gnssSvStatusCb: a: input svInfo.flags is 8
07-02 02:52:47.954  1800  2423 E GnssHAL_GnssInterface: gnssSvStatusCb: b: input svInfo.flags is 8
07-02 02:52:48.956  1800  2423 E GnssHAL_GnssInterface: gnssSvStatusCb: a: input svInfo.flags is 8
07-02 02:52:48.956  1800  2423 E GnssHAL_GnssInterface: gnssSvStatusCb: b: input svInfo.flags is 8
07-02 02:52:49.407  1950  1950 E wifi_forwarder: RemoteConnection failed to initialize: RemoteConnection failed to open pipe
07-02 02:52:49.959  1800  2423 E GnssHAL_GnssInterface: gnssSvStatusCb: a: input svInfo.flags is 8
07-02 02:52:49.959  1800  2423 E GnssHAL_GnssInterface: gnssSvStatusCb: b: input svInfo.flags is 8
07-02 02:52:50.963  1800  2423 E GnssHAL_GnssInterface: gnssSvStatusCb: a: input svInfo.flags is 8
07-02 02:52:50.963  1800  2423 E GnssHAL_GnssInterface: gnssSvStatusCb: b: input svInfo.flags is 8
07-02 02:52:51.966  1800  2423 E GnssHAL_GnssInterface: gnssSvStatusCb: a: input svInfo.flags is 8
07-02 02:52:51.966  1800  2423 E GnssHAL_GnssInterface: gnssSvStatusCb: b: input svInfo.flags is 8
07-02 02:52:52.971  1800  2423 E GnssHAL_GnssInterface: gnssSvStatusCb: a: input svInfo.flags is 8
07-02 02:52:52.971  1800  2423 E GnssHAL_GnssInterface: gnssSvStatusCb: b: input svInfo.flags is 8
07-02 02:52:53.342  7776  8417 I PhenotypeProcessReaper: Memory state is: 125
07-02 02:52:53.973  1800  2423 E GnssHAL_GnssInterface: gnssSvStatusCb: a: input svInfo.flags is 8
07-02 02:52:53.973  1800  2423 E GnssHAL_GnssInterface: gnssSvStatusCb: b: input svInfo.flags is 8
07-02 02:52:54.976  1800  2423 E GnssHAL_GnssInterface: gnssSvStatusCb: a: input svInfo.flags is 8
07-02 02:52:54.976  1800  2423 E GnssHAL_GnssInterface: gnssSvStatusCb: b: input svInfo.flags is 8
07-02 02:52:55.977  1800  2423 E GnssHAL_GnssInterface: gnssSvStatusCb: a: input svInfo.flags is 8
07-02 02:52:55.977  1800  2423 E GnssHAL_GnssInterface: gnssSvStatusCb: b: input svInfo.flags is 8
07-02 02:52:56.980  1800  2423 E GnssHAL_GnssInterface: gnssSvStatusCb: a: input svInfo.flags is 8
07-02 02:52:56.980  1800  2423 E GnssHAL_GnssInterface: gnssSvStatusCb: b: input svInfo.flags is 8
07-02 02:52:57.982  1800  2423 E GnssHAL_GnssInterface: gnssSvStatusCb: a: input svInfo.flags is 8
07-02 02:52:57.982  1800  2423 E GnssHAL_GnssInterface: gnssSvStatusCb: b: input svInfo.flags is 8
07-02 02:52:58.985  1800  2423 E GnssHAL_GnssInterface: gnssSvStatusCb: a: input svInfo.flags is 8
07-02 02:52:58.985  1800  2423 E GnssHAL_GnssInterface: gnssSvStatusCb: b: input svInfo.flags is 8
07-02 02:52:59.990  1800  2423 E GnssHAL_GnssInterface: gnssSvStatusCb: a: input svInfo.flags is 8
07-02 02:52:59.990  1800  2423 E GnssHAL_GnssInterface: gnssSvStatusCb: b: input svInfo.flags is 8
07-02 02:53:00.990  1800  2423 E GnssHAL_GnssInterface: gnssSvStatusCb: a: input svInfo.flags is 8
07-02 02:53:00.990  1800  2423 E GnssHAL_GnssInterface: gnssSvStatusCb: b: input svInfo.flags is 8
07-02 02:53:01.993  1800  2423 E GnssHAL_GnssInterface: gnssSvStatusCb: a: input svInfo.flags is 8
07-02 02:53:01.993  1800  2423 E GnssHAL_GnssInterface: gnssSvStatusCb: b: input svInfo.flags is 8
07-02 02:53:02.996  1800  2423 E GnssHAL_GnssInterface: gnssSvStatusCb: a: input svInfo.flags is 8
07-02 02:53:02.997  1800  2423 E GnssHAL_GnssInterface: gnssSvStatusCb: b: input svInfo.flags is 8
07-02 02:53:03.687 13894 13894 W app_process: type=1400 audit(0.0:456): avc: denied { read } for name="u:object_r:device_config_runtime_native_boot_prop:s0" dev="tmpfs" ino=167 scontext=u:r:shell:s0 tcontext=u:object_r:device_config_runtime_native_boot_prop:s0 tclass=file permissive=0
07-02 02:53:03.695 13894 13894 D AndroidRuntime: >>>>>> START com.android.internal.os.RuntimeInit uid 2000 <<<<<<
07-02 02:53:03.698 13894 13894 E libc    : Access denied finding property "persist.device_config.runtime_native_boot.enable_apex_image"
07-02 02:53:03.698 13894 13894 I AndroidRuntime: Using default boot image
07-02 02:53:03.699 13894 13894 E libc    : Access denied finding property "persist.device_config.runtime_native_boot.disable_lock_profiling"
07-02 02:53:03.699 13894 13894 I AndroidRuntime: Leaving lock profiling enabled
07-02 02:53:03.699 13894 13894 E libc    : Access denied finding property "persist.device_config.runtime_native_boot.enable_generational_cc"
07-02 02:53:03.703 13894 13894 W app_process: Could not reserve sentinel fault page
07-02 02:53:03.794 13894 13894 D ICU     : Time zone APEX file found: /apex/com.android.tzdata/etc/icu/icu_tzdata.dat
07-02 02:53:03.802 13894 13894 W app_process: Unexpected CPU variant for X86 using defaults: x86
07-02 02:53:03.810 13894 13894 I app_process: The ClassLoaderContext is a special shared library.
07-02 02:53:03.811 13894 13894 I app_process: The ClassLoaderContext is a special shared library.
07-02 02:53:03.837 13894 13894 W app_process: JNI RegisterNativeMethods: attempt to register 0 native methods for android.media.AudioAttributes
07-02 02:53:03.844 13894 13894 D AndroidRuntime: Calling main entry com.android.commands.uiautomator.Launcher
07-02 02:52:47.507  2034  2034 V SettingsProvider: Notifying for 0: content://settings/system/accelerometer_rotation
07-02 02:53:03.860  2034  2034 V SettingsProvider: Notifying for 0: content://settings/secure/accessibility_enabled
07-02 02:53:03.999  1800  2423 E GnssHAL_GnssInterface: gnssSvStatusCb: a: input svInfo.flags is 8
07-02 02:53:03.999  1800  2423 E GnssHAL_GnssInterface: gnssSvStatusCb: b: input svInfo.flags is 8
07-02 02:53:04.303  9578 13910 E memtrack: Couldn't load memtrack module
07-02 02:53:04.303  9578 13910 W android.os.Debug: failed to get memory consumption info: -1
07-02 02:53:04.894 13894 13894 I AccessibilityNodeInfoDumper: Skipping invisible child: android.view.accessibility.AccessibilityNodeInfo@1ad76; boundsInParent: Rect(0, 0 - 1080, 1582); boundsInScreen: Rect(0, 63 - 0, 1645); packageName: org.shadowice.flocke.andotp; className: android.widget.LinearLayout; text: null; error: null; maxTextLength: -1; contentDescription: null; tooltipText: null; viewIdResName: null; checkable: false; checked: false; focusable: false; focused: false; selected: false; clickable: false; longClickable: false; contextClickable: false; enabled: true; password: false; scrollable: false; importantForAccessibility: false; visible: false; actions: [AccessibilityAction: ACTION_SELECT - null, AccessibilityAction: ACTION_CLEAR_SELECTION - null, AccessibilityAction: ACTION_ACCESSIBILITY_FOCUS - null, AccessibilityAction: ACTION_SHOW_ON_SCREEN - null]
07-02 02:53:04.896 13894 13894 I AccessibilityNodeInfoDumper: Skipping invisible child: android.view.accessibility.AccessibilityNodeInfo@1d6c1; boundsInParent: Rect(0, 0 - 1080, 1582); boundsInScreen: Rect(1080, 63 - 1080, 1645); packageName: org.shadowice.flocke.andotp; className: android.widget.ScrollView; text: null; error: null; maxTextLength: -1; contentDescription: null; tooltipText: null; viewIdResName: null; checkable: false; checked: false; focusable: true; focused: false; selected: false; clickable: false; longClickable: false; contextClickable: false; enabled: true; password: false; scrollable: false; importantForAccessibility: true; visible: false; actions: [AccessibilityAction: ACTION_FOCUS - null, AccessibilityAction: ACTION_SELECT - null, AccessibilityAction: ACTION_CLEAR_SELECTION - null, AccessibilityAction: ACTION_ACCESSIBILITY_FOCUS - null, AccessibilityAction: ACTION_SHOW_ON_SCREEN - null]
07-02 02:53:04.898 13894 13894 W AccessibilityNodeInfoDumper: Fetch time: 5ms
07-02 02:53:04.898  2034  2051 W WindowManager: removeWindowToken: Attempted to remove non-existing token: android.os.Binder@74817cf
07-02 02:53:04.901  2034  2034 V SettingsProvider: Notifying for 0: content://settings/secure/accessibility_enabled
07-02 02:53:04.906 13894 13894 D AndroidRuntime: Shutting down VM
07-02 02:53:05.005  1800  2423 E GnssHAL_GnssInterface: gnssSvStatusCb: a: input svInfo.flags is 8
07-02 02:53:05.005  1800  2423 E GnssHAL_GnssInterface: gnssSvStatusCb: b: input svInfo.flags is 8
07-02 02:53:05.829 13926 13926 D AndroidRuntime: >>>>>> START com.android.internal.os.RuntimeInit uid 2000 <<<<<<
07-02 02:53:05.831 13926 13926 E libc    : Access denied finding property "persist.device_config.runtime_native_boot.enable_apex_image"
07-02 02:53:05.831 13926 13926 I AndroidRuntime: Using default boot image
07-02 02:53:05.831 13926 13926 E libc    : Access denied finding property "persist.device_config.runtime_native_boot.disable_lock_profiling"
07-02 02:53:05.831 13926 13926 I AndroidRuntime: Leaving lock profiling enabled
07-02 02:53:05.817 13926 13926 W app_process: type=1400 audit(0.0:459): avc: denied { read } for name="u:object_r:device_config_runtime_native_boot_prop:s0" dev="tmpfs" ino=167 scontext=u:r:shell:s0 tcontext=u:object_r:device_config_runtime_native_boot_prop:s0 tclass=file permissive=0
07-02 02:53:05.831 13926 13926 E libc    : Access denied finding property "persist.device_config.runtime_native_boot.enable_generational_cc"
07-02 02:53:05.877 13926 13926 D ICU     : Time zone APEX file found: /apex/com.android.tzdata/etc/icu/icu_tzdata.dat
07-02 02:53:05.881 13926 13926 W app_process: Unexpected CPU variant for X86 using defaults: x86
07-02 02:53:05.884 13926 13926 I app_process: The ClassLoaderContext is a special shared library.
07-02 02:53:05.884 13926 13926 I app_process: The ClassLoaderContext is a special shared library.
07-02 02:53:05.903 13926 13926 W app_process: JNI RegisterNativeMethods: attempt to register 0 native methods for android.media.AudioAttributes
07-02 02:53:05.905 13926 13926 D AndroidRuntime: Calling main entry com.android.commands.uiautomator.Launcher
07-02 02:53:06.008  1800  2423 E GnssHAL_GnssInterface: gnssSvStatusCb: a: input svInfo.flags is 8
07-02 02:53:06.008  1800  2423 E GnssHAL_GnssInterface: gnssSvStatusCb: b: input svInfo.flags is 8
07-02 02:53:05.913  2034  2034 V SettingsProvider: Notifying for 0: content://settings/secure/accessibility_enabled
07-02 02:53:06.418  2034  2067 D KernelCpuUidUserSysTimeReader: Removing uids 10135-10135
07-02 02:53:06.931 13926 13926 I AccessibilityNodeInfoDumper: Skipping invisible child: android.view.accessibility.AccessibilityNodeInfo@1ad8a; boundsInParent: Rect(0, 0 - 1080, 1582); boundsInScreen: Rect(0, 63 - 0, 1645); packageName: org.shadowice.flocke.andotp; className: android.widget.LinearLayout; text: null; error: null; maxTextLength: -1; contentDescription: null; tooltipText: null; viewIdResName: null; checkable: false; checked: false; focusable: false; focused: false; selected: false; clickable: false; longClickable: false; contextClickable: false; enabled: true; password: false; scrollable: false; importantForAccessibility: false; visible: false; actions: [AccessibilityAction: ACTION_SELECT - null, AccessibilityAction: ACTION_CLEAR_SELECTION - null, AccessibilityAction: ACTION_ACCESSIBILITY_FOCUS - null, AccessibilityAction: ACTION_SHOW_ON_SCREEN - null]
07-02 02:53:06.932 13926 13926 I AccessibilityNodeInfoDumper: Skipping invisible child: android.view.accessibility.AccessibilityNodeInfo@1d6d5; boundsInParent: Rect(0, 0 - 1080, 1582); boundsInScreen: Rect(1080, 63 - 1080, 1645); packageName: org.shadowice.flocke.andotp; className: android.widget.ScrollView; text: null; error: null; maxTextLength: -1; contentDescription: null; tooltipText: null; viewIdResName: null; checkable: false; checked: false; focusable: true; focused: false; selected: false; clickable: false; longClickable: false; contextClickable: false; enabled: true; password: false; scrollable: false; importantForAccessibility: true; visible: false; actions: [AccessibilityAction: ACTION_FOCUS - null, AccessibilityAction: ACTION_SELECT - null, AccessibilityAction: ACTION_CLEAR_SELECTION - null, AccessibilityAction: ACTION_ACCESSIBILITY_FOCUS - null, AccessibilityAction: ACTION_SHOW_ON_SCREEN - null]
07-02 02:53:06.935 13926 13926 W AccessibilityNodeInfoDumper: Fetch time: 6ms
07-02 02:53:06.937  2034  3019 W WindowManager: removeWindowToken: Attempted to remove non-existing token: android.os.Binder@8d931c7
07-02 02:53:06.939  2034  2034 V SettingsProvider: Notifying for 0: content://settings/secure/accessibility_enabled
07-02 02:53:06.947 13926 13926 D AndroidRuntime: Shutting down VM
07-02 02:53:07.008  1800  2423 E GnssHAL_GnssInterface: gnssSvStatusCb: a: input svInfo.flags is 8
07-02 02:53:07.008  1800  2423 E GnssHAL_GnssInterface: gnssSvStatusCb: b: input svInfo.flags is 8
07-02 02:53:07.134 13946 13946 D AndroidRuntime: >>>>>> START com.android.internal.os.RuntimeInit uid 2000 <<<<<<
07-02 02:53:07.127 13946 13946 W app_process: type=1400 audit(0.0:462): avc: denied { read } for name="u:object_r:device_config_runtime_native_boot_prop:s0" dev="tmpfs" ino=167 scontext=u:r:shell:s0 tcontext=u:object_r:device_config_runtime_native_boot_prop:s0 tclass=file permissive=0
07-02 02:53:07.136 13946 13946 E libc    : Access denied finding property "persist.device_config.runtime_native_boot.enable_apex_image"
07-02 02:53:07.136 13946 13946 I AndroidRuntime: Using default boot image
07-02 02:53:07.127 13946 13946 W app_process: type=1400 audit(0.0:463): avc: denied { read } for name="u:object_r:device_config_runtime_native_boot_prop:s0" dev="tmpfs" ino=167 scontext=u:r:shell:s0 tcontext=u:object_r:device_config_runtime_native_boot_prop:s0 tclass=file permissive=0
07-02 02:53:07.136 13946 13946 E libc    : Access denied finding property "persist.device_config.runtime_native_boot.disable_lock_profiling"
07-02 02:53:07.136 13946 13946 I AndroidRuntime: Leaving lock profiling enabled
07-02 02:53:07.127 13946 13946 W app_process: type=1400 audit(0.0:464): avc: denied { read } for name="u:object_r:device_config_runtime_native_boot_prop:s0" dev="tmpfs" ino=167 scontext=u:r:shell:s0 tcontext=u:object_r:device_config_runtime_native_boot_prop:s0 tclass=file permissive=0
07-02 02:53:07.136 13946 13946 E libc    : Access denied finding property "persist.device_config.runtime_native_boot.enable_generational_cc"
07-02 02:53:07.181 13946 13946 D ICU     : Time zone APEX file found: /apex/com.android.tzdata/etc/icu/icu_tzdata.dat
07-02 02:53:07.185 13946 13946 W app_process: Unexpected CPU variant for X86 using defaults: x86
07-02 02:53:07.186 13946 13946 I app_process: The ClassLoaderContext is a special shared library.
07-02 02:53:07.187 13946 13946 I app_process: The ClassLoaderContext is a special shared library.
07-02 02:53:07.202 13946 13946 W app_process: JNI RegisterNativeMethods: attempt to register 0 native methods for android.media.AudioAttributes
07-02 02:53:07.205 13946 13946 D AndroidRuntime: Calling main entry com.android.commands.uiautomator.Launcher
07-02 02:53:08.012  1800  2423 E GnssHAL_GnssInterface: gnssSvStatusCb: a: input svInfo.flags is 8
07-02 02:53:08.012  1800  2423 E GnssHAL_GnssInterface: gnssSvStatusCb: b: input svInfo.flags is 8
07-02 02:53:08.240 13946 13946 I AccessibilityNodeInfoDumper: Skipping invisible child: android.view.accessibility.AccessibilityNodeInfo@1ad96; boundsInParent: Rect(0, 0 - 1080, 1582); boundsInScreen: Rect(0, 63 - 0, 1645); packageName: org.shadowice.flocke.andotp; className: android.widget.LinearLayout; text: null; error: null; maxTextLength: -1; contentDescription: null; tooltipText: null; viewIdResName: null; checkable: false; checked: false; focusable: false; focused: false; selected: false; clickable: false; longClickable: false; contextClickable: false; enabled: true; password: false; scrollable: false; importantForAccessibility: false; visible: false; actions: [AccessibilityAction: ACTION_SELECT - null, AccessibilityAction: ACTION_CLEAR_SELECTION - null, AccessibilityAction: ACTION_ACCESSIBILITY_FOCUS - null, AccessibilityAction: ACTION_SHOW_ON_SCREEN - null]
07-02 02:53:08.242 13946 13946 I AccessibilityNodeInfoDumper: Skipping invisible child: android.view.accessibility.AccessibilityNodeInfo@1d6e1; boundsInParent: Rect(0, 0 - 1080, 1582); boundsInScreen: Rect(1080, 63 - 1080, 1645); packageName: org.shadowice.flocke.andotp; className: android.widget.ScrollView; text: null; error: null; maxTextLength: -1; contentDescription: null; tooltipText: null; viewIdResName: null; checkable: false; checked: false; focusable: true; focused: false; selected: false; clickable: false; longClickable: false; contextClickable: false; enabled: true; password: false; scrollable: false; importantForAccessibility: true; visible: false; actions: [AccessibilityAction: ACTION_FOCUS - null, AccessibilityAction: ACTION_SELECT - null, AccessibilityAction: ACTION_CLEAR_SELECTION - null, AccessibilityAction: ACTION_ACCESSIBILITY_FOCUS - null, AccessibilityAction: ACTION_SHOW_ON_SCREEN - null]
07-02 02:53:08.245 13946 13946 W AccessibilityNodeInfoDumper: Fetch time: 5ms
07-02 02:53:07.214  2034  2034 V SettingsProvider: Notifying for 0: content://settings/secure/accessibility_enabled
07-02 02:53:08.246  2034  2258 W WindowManager: removeWindowToken: Attempted to remove non-existing token: android.os.Binder@141e0de
07-02 02:53:08.248  2034  2034 V SettingsProvider: Notifying for 0: content://settings/secure/accessibility_enabled
07-02 02:53:08.256 13946 13946 D AndroidRuntime: Shutting down VM
07-02 02:53:09.015  1800  2423 E GnssHAL_GnssInterface: gnssSvStatusCb: a: input svInfo.flags is 8
07-02 02:53:09.016  1800  2423 E GnssHAL_GnssInterface: gnssSvStatusCb: b: input svInfo.flags is 8
07-02 02:53:09.173 13976 13976 D AndroidRuntime: >>>>>> START com.android.internal.os.RuntimeInit uid 2000 <<<<<<
07-02 02:53:09.175 13976 13976 E libc    : Access denied finding property "persist.device_config.runtime_native_boot.enable_apex_image"
07-02 02:53:09.167 13976 13976 W app_process: type=1400 audit(0.0:465): avc: denied { read } for name="u:object_r:device_config_runtime_native_boot_prop:s0" dev="tmpfs" ino=167 scontext=u:r:shell:s0 tcontext=u:object_r:device_config_runtime_native_boot_prop:s0 tclass=file permissive=0
07-02 02:53:09.167 13976 13976 I chatty  : uid=2000(shell) app_process identical 1 line
07-02 02:53:09.167 13976 13976 W app_process: type=1400 audit(0.0:467): avc: denied { read } for name="u:object_r:device_config_runtime_native_boot_prop:s0" dev="tmpfs" ino=167 scontext=u:r:shell:s0 tcontext=u:object_r:device_config_runtime_native_boot_prop:s0 tclass=file permissive=0
07-02 02:53:09.175 13976 13976 I AndroidRuntime: Using default boot image
07-02 02:53:09.175 13976 13976 E libc    : Access denied finding property "persist.device_config.runtime_native_boot.disable_lock_profiling"
07-02 02:53:09.175 13976 13976 I AndroidRuntime: Leaving lock profiling enabled
07-02 02:53:09.175 13976 13976 E libc    : Access denied finding property "persist.device_config.runtime_native_boot.enable_generational_cc"
07-02 02:53:09.176 13976 13976 W app_process: Could not reserve sentinel fault page
07-02 02:53:09.222 13976 13976 D ICU     : Time zone APEX file found: /apex/com.android.tzdata/etc/icu/icu_tzdata.dat
07-02 02:53:09.225 13976 13976 W app_process: Unexpected CPU variant for X86 using defaults: x86
07-02 02:53:09.234 13976 13976 I app_process: The ClassLoaderContext is a special shared library.
07-02 02:53:09.234 13976 13976 I app_process: The ClassLoaderContext is a special shared library.
07-02 02:53:09.251 13976 13976 W app_process: JNI RegisterNativeMethods: attempt to register 0 native methods for android.media.AudioAttributes
07-02 02:53:09.255 13976 13976 D AndroidRuntime: Calling main entry com.android.commands.uiautomator.Launcher
07-02 02:53:10.020  1800  2423 E GnssHAL_GnssInterface: gnssSvStatusCb: a: input svInfo.flags is 8
07-02 02:53:10.021  1800  2423 E GnssHAL_GnssInterface: gnssSvStatusCb: b: input svInfo.flags is 8
07-02 02:53:10.282 13976 13976 I AccessibilityNodeInfoDumper: Skipping invisible child: android.view.accessibility.AccessibilityNodeInfo@1ada6; boundsInParent: Rect(0, 0 - 1080, 1582); boundsInScreen: Rect(0, 63 - 0, 1645); packageName: org.shadowice.flocke.andotp; className: android.widget.LinearLayout; text: null; error: null; maxTextLength: -1; contentDescription: null; tooltipText: null; viewIdResName: null; checkable: false; checked: false; focusable: false; focused: false; selected: false; clickable: false; longClickable: false; contextClickable: false; enabled: true; password: false; scrollable: false; importantForAccessibility: false; visible: false; actions: [AccessibilityAction: ACTION_SELECT - null, AccessibilityAction: ACTION_CLEAR_SELECTION - null, AccessibilityAction: ACTION_ACCESSIBILITY_FOCUS - null, AccessibilityAction: ACTION_SHOW_ON_SCREEN - null]
07-02 02:53:10.284 13976 13976 I AccessibilityNodeInfoDumper: Skipping invisible child: android.view.accessibility.AccessibilityNodeInfo@1d6f1; boundsInParent: Rect(0, 0 - 1080, 1582); boundsInScreen: Rect(1080, 63 - 1080, 1645); packageName: org.shadowice.flocke.andotp; className: android.widget.ScrollView; text: null; error: null; maxTextLength: -1; contentDescription: null; tooltipText: null; viewIdResName: null; checkable: false; checked: false; focusable: true; focused: false; selected: false; clickable: false; longClickable: false; contextClickable: false; enabled: true; password: false; scrollable: false; importantForAccessibility: true; visible: false; actions: [AccessibilityAction: ACTION_FOCUS - null, AccessibilityAction: ACTION_SELECT - null, AccessibilityAction: ACTION_CLEAR_SELECTION - null, AccessibilityAction: ACTION_ACCESSIBILITY_FOCUS - null, AccessibilityAction: ACTION_SHOW_ON_SCREEN - null]
07-02 02:53:10.285 13976 13976 W AccessibilityNodeInfoDumper: Fetch time: 3ms
07-02 02:53:09.264  2034  2034 V SettingsProvider: Notifying for 0: content://settings/secure/accessibility_enabled
07-02 02:53:10.285  2034  3303 W WindowManager: removeWindowToken: Attempted to remove non-existing token: android.os.Binder@b232db6
07-02 02:53:10.287  2034  2034 V SettingsProvider: Notifying for 0: content://settings/secure/accessibility_enabled
07-02 02:53:10.292 13976 13976 D AndroidRuntime: Shutting down VM
07-02 02:53:11.024  1800  2423 E GnssHAL_GnssInterface: gnssSvStatusCb: a: input svInfo.flags is 8
07-02 02:53:11.025  1800  2423 E GnssHAL_GnssInterface: gnssSvStatusCb: b: input svInfo.flags is 8
07-02 02:53:11.314 14009 14009 D AndroidRuntime: >>>>>> START com.android.internal.os.RuntimeInit uid 2000 <<<<<<
07-02 02:53:11.307 14009 14009 W app_process: type=1400 audit(0.0:468): avc: denied { read } for name="u:object_r:device_config_runtime_native_boot_prop:s0" dev="tmpfs" ino=167 scontext=u:r:shell:s0 tcontext=u:object_r:device_config_runtime_native_boot_prop:s0 tclass=file permissive=0
07-02 02:53:11.317 14009 14009 E libc    : Access denied finding property "persist.device_config.runtime_native_boot.enable_generational_cc"
07-02 02:53:11.374 14009 14009 D ICU     : Time zone APEX file found: /apex/com.android.tzdata/etc/icu/icu_tzdata.dat
07-02 02:53:11.378 14009 14009 W app_process: Unexpected CPU variant for X86 using defaults: x86
07-02 02:53:11.381 14009 14009 I app_process: The ClassLoaderContext is a special shared library.
07-02 02:53:11.381 14009 14009 I app_process: The ClassLoaderContext is a special shared library.
07-02 02:53:11.400 14009 14009 W app_process: JNI RegisterNativeMethods: attempt to register 0 native methods for android.media.AudioAttributes
07-02 02:53:11.403 14009 14009 D AndroidRuntime: Calling main entry com.android.commands.uiautomator.Launcher
07-02 02:53:12.028  1800  2423 E GnssHAL_GnssInterface: gnssSvStatusCb: a: input svInfo.flags is 8
07-02 02:53:12.029  1800  2423 E GnssHAL_GnssInterface: gnssSvStatusCb: b: input svInfo.flags is 8
07-02 02:53:12.434 14009 14009 I AccessibilityNodeInfoDumper: Skipping invisible child: android.view.accessibility.AccessibilityNodeInfo@1adb5; boundsInParent: Rect(0, 0 - 1080, 1582); boundsInScreen: Rect(0, 63 - 0, 1645); packageName: org.shadowice.flocke.andotp; className: android.widget.LinearLayout; text: null; error: null; maxTextLength: -1; contentDescription: null; tooltipText: null; viewIdResName: null; checkable: false; checked: false; focusable: false; focused: false; selected: false; clickable: false; longClickable: false; contextClickable: false; enabled: true; password: false; scrollable: false; importantForAccessibility: false; visible: false; actions: [AccessibilityAction: ACTION_SELECT - null, AccessibilityAction: ACTION_CLEAR_SELECTION - null, AccessibilityAction: ACTION_ACCESSIBILITY_FOCUS - null, AccessibilityAction: ACTION_SHOW_ON_SCREEN - null]
07-02 02:53:12.435 14009 14009 I AccessibilityNodeInfoDumper: Skipping invisible child: android.view.accessibility.AccessibilityNodeInfo@1d700; boundsInParent: Rect(0, 0 - 1080, 1582); boundsInScreen: Rect(1080, 63 - 1080, 1645); packageName: org.shadowice.flocke.andotp; className: android.widget.ScrollView; text: null; error: null; maxTextLength: -1; contentDescription: null; tooltipText: null; viewIdResName: null; checkable: false; checked: false; focusable: true; focused: false; selected: false; clickable: false; longClickable: false; contextClickable: false; enabled: true; password: false; scrollable: false; importantForAccessibility: true; visible: false; actions: [AccessibilityAction: ACTION_FOCUS - null, AccessibilityAction: ACTION_SELECT - null, AccessibilityAction: ACTION_CLEAR_SELECTION - null, AccessibilityAction: ACTION_ACCESSIBILITY_FOCUS - null, AccessibilityAction: ACTION_SHOW_ON_SCREEN - null]
07-02 02:53:12.437 14009 14009 W AccessibilityNodeInfoDumper: Fetch time: 4ms
07-02 02:53:11.414  2034  2034 V SettingsProvider: Notifying for 0: content://settings/secure/accessibility_enabled
07-02 02:53:12.438  2034  2050 W WindowManager: removeWindowToken: Attempted to remove non-existing token: android.os.Binder@d8da9af
07-02 02:53:12.440  2034  2034 V SettingsProvider: Notifying for 0: content://settings/secure/accessibility_enabled
07-02 02:53:12.449 14009 14009 D AndroidRuntime: Shutting down VM
07-02 02:53:12.706  1801  1942 D gralloc_ranchu: gralloc_alloc: Creating ashmem region of size 8298496
07-02 02:53:12.728  1684  1684 I hwservicemanager: getTransport: Cannot find entry android.hardware.graphics.mapper@3.0::IMapper/default in either framework or device manifest.
07-02 02:53:12.728 14026 14026 W Gralloc3: mapper 3.x is not supported
07-02 02:53:12.736 14026 14026 D HostConnection: createUnique: call
07-02 02:53:12.737 14026 14026 D HostConnection: HostConnection::get() New Host Connection established 0xf5f12d70, tid 14026
07-02 02:53:12.746 14026 14026 D HostConnection: HostComposition ext ANDROID_EMU_CHECKSUM_HELPER_v1 ANDROID_EMU_native_sync_v2 ANDROID_EMU_native_sync_v3 ANDROID_EMU_native_sync_v4 ANDROID_EMU_dma_v1 ANDROID_EMU_direct_mem ANDROID_EMU_host_composition_v1 ANDROID_EMU_host_composition_v2 ANDROID_EMU_YUV420_888_to_NV21 ANDROID_EMU_YUV_Cache ANDROID_EMU_async_unmap_buffer GL_OES_EGL_image_external_essl3 GL_OES_vertex_array_object GL_KHR_texture_compression_astc_ldr ANDROID_EMU_host_side_tracing ANDROID_EMU_gles_max_version_3_0 
07-02 02:53:12.747 14026 14026 D eglCodecCommon: allocate: Ask for block of size 0x1000
07-02 02:53:12.747 14026 14026 D eglCodecCommon: allocate: ioctl allocate returned offset 0x3ff7fb000 size 0x2000
07-02 02:53:12.768 14026 14026 D eglCodecCommon: allocate: Ask for block of size 0x7ea000
07-02 02:53:12.768 14026 14026 D eglCodecCommon: allocate: ioctl allocate returned offset 0x3ff012000 size 0x7eb000
07-02 02:53:12.944  3273 14034 I MediaProvider: Begin Intent { act=android.intent.action.MEDIA_SCANNER_SCAN_FILE dat=file:///sdcard/screen.png flg=0x1400010 cmp=com.android.providers.media/.MediaService }
07-02 02:53:12.951  3273 14034 W ExifInterface: Invalid image: ExifInterface got an unsupported image format file(ExifInterface supports JPEG and some RAW image formats only) or a corrupted JPEG file to ExifInterface.
07-02 02:53:12.951  3273 14034 W ExifInterface: java.io.IOException: Invalid byte order: ffff8950
07-02 02:53:12.951  3273 14034 W ExifInterface: 	at android.media.ExifInterface.readByteOrder(ExifInterface.java:3121)
07-02 02:53:12.951  3273 14034 W ExifInterface: 	at android.media.ExifInterface.isOrfFormat(ExifInterface.java:2437)
07-02 02:53:12.951  3273 14034 W ExifInterface: 	at android.media.ExifInterface.getMimeType(ExifInterface.java:2315)
07-02 02:53:12.951  3273 14034 W ExifInterface: 	at android.media.ExifInterface.loadAttributes(ExifInterface.java:1753)
07-02 02:53:12.951  3273 14034 W ExifInterface: 	at android.media.ExifInterface.<init>(ExifInterface.java:1447)
07-02 02:53:12.951  3273 14034 W ExifInterface: 	at com.android.providers.media.scan.ModernMediaScanner.scanItemImage(ModernMediaScanner.java:729)
07-02 02:53:12.951  3273 14034 W ExifInterface: 	at com.android.providers.media.scan.ModernMediaScanner.scanItem(ModernMediaScanner.java:502)
07-02 02:53:12.951  3273 14034 W ExifInterface: 	at com.android.providers.media.scan.ModernMediaScanner.access$500(ModernMediaScanner.java:118)
07-02 02:53:12.951  3273 14034 W ExifInterface: 	at com.android.providers.media.scan.ModernMediaScanner$Scan.visitFile(ModernMediaScanner.java:406)
07-02 02:53:12.951  3273 14034 W ExifInterface: 	at com.android.providers.media.scan.ModernMediaScanner$Scan.visitFile(ModernMediaScanner.java:207)
07-02 02:53:12.951  3273 14034 W ExifInterface: 	at java.nio.file.Files.walkFileTree(Files.java:2670)
07-02 02:53:12.951  3273 14034 W ExifInterface: 	at java.nio.file.Files.walkFileTree(Files.java:2742)
07-02 02:53:12.951  3273 14034 W ExifInterface: 	at com.android.providers.media.scan.ModernMediaScanner$Scan.walkFileTree(ModernMediaScanner.java:267)
07-02 02:53:12.951  3273 14034 W ExifInterface: 	at com.android.providers.media.scan.ModernMediaScanner$Scan.run(ModernMediaScanner.java:245)
07-02 02:53:12.951  3273 14034 W ExifInterface: 	at com.android.providers.media.scan.ModernMediaScanner.scanFile(ModernMediaScanner.java:174)
07-02 02:53:12.951  3273 14034 W ExifInterface: 	at com.android.providers.media.MediaService.onScanFile(MediaService.java:164)
07-02 02:53:12.951  3273 14034 W ExifInterface: 	at com.android.providers.media.MediaService.onHandleIntent(MediaService.java:90)
07-02 02:53:12.951  3273 14034 W ExifInterface: 	at android.app.IntentService$ServiceHandler.handleMessage(IntentService.java:78)
07-02 02:53:12.951  3273 14034 W ExifInterface: 	at android.os.Handler.dispatchMessage(Handler.java:107)
07-02 02:53:12.951  3273 14034 W ExifInterface: 	at android.os.Looper.loop(Looper.java:214)
07-02 02:53:12.951  3273 14034 W ExifInterface: 	at android.os.HandlerThread.run(HandlerThread.java:67)
07-02 02:53:12.956  3273 14034 I MediaProvider: End Intent { act=android.intent.action.MEDIA_SCANNER_SCAN_FILE dat=file:///sdcard/screen.png flg=0x1400010 cmp=com.android.providers.media/.MediaService }
07-02 02:53:12.963  2034  2258 W ActivityManager: Background start not allowed: service Intent { cmp=com.google.android.apps.photos/com.google.android.libraries.social.mediamonitor.BackgroundThreadNotifierIntentService (has extras) } to com.google.android.apps.photos/com.google.android.libraries.social.mediamonitor.BackgroundThreadNotifierIntentService from pid=9370 uid=10117 pkg=com.google.android.apps.photos startFg?=false
07-02 02:53:13.033  1800  2423 E GnssHAL_GnssInterface: gnssSvStatusCb: a: input svInfo.flags is 8
07-02 02:53:13.033  1800  2423 E GnssHAL_GnssInterface: gnssSvStatusCb: b: input svInfo.flags is 8
07-02 02:53:13.132  7776 13379 I NetworkScheduler.Stats: Task com.google.android.gms/com.google.android.gms.ipa.base.IpaGcmTaskService started execution. cause:9 exec_start_elapsed_seconds: 7296 [CONTEXT service_id=218 ]
07-02 02:53:13.140  7776 13704 I NetworkScheduler.Stats: Task com.google.android.gms/com.google.android.gms.ipa.base.IpaGcmTaskService finished executing. cause:9 result: 1 elapsed_millis: 84 uptime_millis: 84 exec_start_elapsed_seconds: 7296 [CONTEXT service_id=218 ]
07-02 02:53:13.146  7776  7776 D BoundBrokerSvc: onBind: Intent { act=com.google.android.gms.scheduler.ACTION_PROXY_SCHEDULE dat=chimera-action:com.google.android.gms.scheduler.ACTION_PROXY_SCHEDULE cmp=com.google.android.gms/.chimera.PersistentApiService }
07-02 02:53:13.146  7776  7776 D BoundBrokerSvc: Loading bound service for intent: Intent { act=com.google.android.gms.scheduler.ACTION_PROXY_SCHEDULE dat=chimera-action:com.google.android.gms.scheduler.ACTION_PROXY_SCHEDULE cmp=com.google.android.gms/.chimera.PersistentApiService }
07-02 02:53:14.035  1800  2423 E GnssHAL_GnssInterface: gnssSvStatusCb: a: input svInfo.flags is 8
07-02 02:53:14.035  1800  2423 E GnssHAL_GnssInterface: gnssSvStatusCb: b: input svInfo.flags is 8
07-02 02:53:15.040  1800  2423 E GnssHAL_GnssInterface: gnssSvStatusCb: a: input svInfo.flags is 8
07-02 02:53:15.040  1800  2423 E GnssHAL_GnssInterface: gnssSvStatusCb: b: input svInfo.flags is 8
07-02 02:53:15.307 14040 14040 W app_process: type=1400 audit(0.0:471): avc: denied { read } for name="u:object_r:device_config_runtime_native_boot_prop:s0" dev="tmpfs" ino=167 scontext=u:r:shell:s0 tcontext=u:object_r:device_config_runtime_native_boot_prop:s0 tclass=file permissive=0
07-02 02:53:15.317 14040 14040 I chatty  : uid=2000(shell) app_process identical 1 line
07-02 02:53:15.317 14040 14040 W app_process: type=1400 audit(0.0:473): avc: denied { read } for name="u:object_r:device_config_runtime_native_boot_prop:s0" dev="tmpfs" ino=167 scontext=u:r:shell:s0 tcontext=u:object_r:device_config_runtime_native_boot_prop:s0 tclass=file permissive=0
07-02 02:53:15.320 14040 14040 D AndroidRuntime: >>>>>> START com.android.internal.os.RuntimeInit uid 2000 <<<<<<
07-02 02:53:15.322 14040 14040 E libc    : Access denied finding property "persist.device_config.runtime_native_boot.enable_apex_image"
07-02 02:53:15.322 14040 14040 I AndroidRuntime: Using default boot image
07-02 02:53:15.322 14040 14040 E libc    : Access denied finding property "persist.device_config.runtime_native_boot.disable_lock_profiling"
07-02 02:53:15.322 14040 14040 I AndroidRuntime: Leaving lock profiling enabled
07-02 02:53:15.322 14040 14040 E libc    : Access denied finding property "persist.device_config.runtime_native_boot.enable_generational_cc"
07-02 02:53:15.376 14040 14040 D ICU     : Time zone APEX file found: /apex/com.android.tzdata/etc/icu/icu_tzdata.dat
07-02 02:53:15.380 14040 14040 W app_process: Unexpected CPU variant for X86 using defaults: x86
07-02 02:53:15.383 14040 14040 I app_process: The ClassLoaderContext is a special shared library.
07-02 02:53:15.383 14040 14040 I app_process: The ClassLoaderContext is a special shared library.
07-02 02:53:15.399 14040 14040 W app_process: JNI RegisterNativeMethods: attempt to register 0 native methods for android.media.AudioAttributes
07-02 02:53:15.403 14040 14040 D AndroidRuntime: Calling main entry com.android.commands.uiautomator.Launcher
07-02 02:53:12.965  2034  2258 W ActivityManager: Background start not allowed: service Intent { cmp=com.google.android.apps.photos/com.google.android.libraries.social.mediamonitor.BackgroundThreadNotifierIntentService (has extras) } to com.google.android.apps.photos/com.google.android.libraries.social.mediamonitor.BackgroundThreadNotifierIntentService from pid=9370 uid=10117 pkg=com.google.android.apps.photos startFg?=false
07-02 02:53:15.412  2034  2034 V SettingsProvider: Notifying for 0: content://settings/secure/accessibility_enabled
07-02 02:53:16.045  1800  2423 E GnssHAL_GnssInterface: gnssSvStatusCb: a: input svInfo.flags is 8
07-02 02:53:16.045  1800  2423 E GnssHAL_GnssInterface: gnssSvStatusCb: b: input svInfo.flags is 8
07-02 02:53:16.427 14040 14040 I AccessibilityNodeInfoDumper: Skipping invisible child: android.view.accessibility.AccessibilityNodeInfo@1adc2; boundsInParent: Rect(0, 0 - 1080, 1582); boundsInScreen: Rect(0, 63 - 0, 1645); packageName: org.shadowice.flocke.andotp; className: android.widget.LinearLayout; text: null; error: null; maxTextLength: -1; contentDescription: null; tooltipText: null; viewIdResName: null; checkable: false; checked: false; focusable: false; focused: false; selected: false; clickable: false; longClickable: false; contextClickable: false; enabled: true; password: false; scrollable: false; importantForAccessibility: false; visible: false; actions: [AccessibilityAction: ACTION_SELECT - null, AccessibilityAction: ACTION_CLEAR_SELECTION - null, AccessibilityAction: ACTION_ACCESSIBILITY_FOCUS - null, AccessibilityAction: ACTION_SHOW_ON_SCREEN - null]
07-02 02:53:16.429 14040 14040 I AccessibilityNodeInfoDumper: Skipping invisible child: android.view.accessibility.AccessibilityNodeInfo@1d70d; boundsInParent: Rect(0, 0 - 1080, 1582); boundsInScreen: Rect(1080, 63 - 1080, 1645); packageName: org.shadowice.flocke.andotp; className: android.widget.ScrollView; text: null; error: null; maxTextLength: -1; contentDescription: null; tooltipText: null; viewIdResName: null; checkable: false; checked: false; focusable: true; focused: false; selected: false; clickable: false; longClickable: false; contextClickable: false; enabled: true; password: false; scrollable: false; importantForAccessibility: true; visible: false; actions: [AccessibilityAction: ACTION_FOCUS - null, AccessibilityAction: ACTION_SELECT - null, AccessibilityAction: ACTION_CLEAR_SELECTION - null, AccessibilityAction: ACTION_ACCESSIBILITY_FOCUS - null, AccessibilityAction: ACTION_SHOW_ON_SCREEN - null]
07-02 02:53:16.432 14040 14040 W AccessibilityNodeInfoDumper: Fetch time: 7ms
07-02 02:53:16.433  2034  2258 W WindowManager: removeWindowToken: Attempted to remove non-existing token: android.os.Binder@facb284
07-02 02:53:16.435  2034  2034 V SettingsProvider: Notifying for 0: content://settings/secure/accessibility_enabled
07-02 02:53:16.440 14040 14040 D AndroidRuntime: Shutting down VM
07-02 02:53:17.049  1800  2423 E GnssHAL_GnssInterface: gnssSvStatusCb: a: input svInfo.flags is 8
07-02 02:53:17.049  1800  2423 E GnssHAL_GnssInterface: gnssSvStatusCb: b: input svInfo.flags is 8
07-02 02:53:17.175  7306  7346 I Finsky  : [524] nmi.run(36): Stats for Executor: BlockingExecutor non@be4cb66[Running, pool size = 0, active threads = 0, queued tasks = 0, completed tasks = 437]
07-02 02:53:17.175  7306  7346 I Finsky  : [524] nmi.run(36): Stats for Executor: LightweightExecutor non@d47dea7[Running, pool size = 3, active threads = 0, queued tasks = 0, completed tasks = 614]
07-02 02:53:17.285  7306  7346 I Finsky  : [524] nmi.run(36): Stats for Executor: bgExecutor non@99adf54[Running, pool size = 4, active threads = 0, queued tasks = 0, completed tasks = 1021]
07-02 02:53:18.052  1800  2423 E GnssHAL_GnssInterface: gnssSvStatusCb: a: input svInfo.flags is 8
07-02 02:53:18.052  1800  2423 E GnssHAL_GnssInterface: gnssSvStatusCb: b: input svInfo.flags is 8
07-02 02:53:18.749 14062 14062 D AndroidRuntime: >>>>>> START com.android.internal.os.RuntimeInit uid 2000 <<<<<<
07-02 02:53:18.752 14062 14062 E libc    : Access denied finding property "persist.device_config.runtime_native_boot.enable_apex_image"
07-02 02:53:18.747 14062 14062 W app_process: type=1400 audit(0.0:474): avc: denied { read } for name="u:object_r:device_config_runtime_native_boot_prop:s0" dev="tmpfs" ino=167 scontext=u:r:shell:s0 tcontext=u:object_r:device_config_runtime_native_boot_prop:s0 tclass=file permissive=0
07-02 02:53:18.752 14062 14062 I AndroidRuntime: Using default boot image
07-02 02:53:18.752 14062 14062 E libc    : Access denied finding property "persist.device_config.runtime_native_boot.disable_lock_profiling"
07-02 02:53:18.753 14062 14062 I AndroidRuntime: Leaving lock profiling enabled
07-02 02:53:18.753 14062 14062 E libc    : Access denied finding property "persist.device_config.runtime_native_boot.enable_generational_cc"
07-02 02:53:18.747 14062 14062 W app_process: type=1400 audit(0.0:476): avc: denied { read } for name="u:object_r:device_config_runtime_native_boot_prop:s0" dev="tmpfs" ino=167 scontext=u:r:shell:s0 tcontext=u:object_r:device_config_runtime_native_boot_prop:s0 tclass=file permissive=0
07-02 02:53:18.826 14062 14062 D ICU     : Time zone APEX file found: /apex/com.android.tzdata/etc/icu/icu_tzdata.dat
07-02 02:53:18.831 14062 14062 W app_process: Unexpected CPU variant for X86 using defaults: x86
07-02 02:53:18.835 14062 14062 I app_process: The ClassLoaderContext is a special shared library.
07-02 02:53:18.836 14062 14062 I app_process: The ClassLoaderContext is a special shared library.
07-02 02:53:18.861 14062 14062 W app_process: JNI RegisterNativeMethods: attempt to register 0 native methods for android.media.AudioAttributes
07-02 02:53:18.866 14062 14062 D AndroidRuntime: Calling main entry com.android.commands.uiautomator.Launcher
07-02 02:53:19.053  1800  2423 E GnssHAL_GnssInterface: gnssSvStatusCb: a: input svInfo.flags is 8
07-02 02:53:19.053  1800  2423 E GnssHAL_GnssInterface: gnssSvStatusCb: b: input svInfo.flags is 8
