07-02 02:51:38.441 13244 13244 W app_process: Unexpected CPU variant for X86 using defaults: x86
07-02 02:51:38.447 13244 13244 I app_process: The ClassLoaderContext is a special shared library.
07-02 02:51:38.448 13244 13244 I app_process: The ClassLoaderContext is a special shared library.
07-02 02:51:38.462 13244 13244 W app_process: JNI RegisterNativeMethods: attempt to register 0 native methods for android.media.AudioAttributes
07-02 02:51:38.465 13244 13244 D AndroidRuntime: Calling main entry com.android.commands.uiautomator.Launcher
07-02 02:51:38.594  8508 13260 I GmscoreIpa: Starting mediastore instant index [CONTEXT service_id=255 ]
07-02 02:51:38.772  1800  2423 E GnssHAL_GnssInterface: gnssSvStatusCb: a: input svInfo.flags is 8
07-02 02:51:38.773  1800  2423 E GnssHAL_GnssInterface: gnssSvStatusCb: b: input svInfo.flags is 8
07-02 02:51:39.484 13244 13244 W AccessibilityNodeInfoDumper: Fetch time: 1ms
07-02 02:51:38.474  2034  2034 V SettingsProvider: Notifying for 0: content://settings/secure/accessibility_enabled
07-02 02:51:39.485  2034  2258 W WindowManager: removeWindowToken: Attempted to remove non-existing token: android.os.Binder@7557e3
07-02 02:51:39.487  2034  2034 V SettingsProvider: Notifying for 0: content://settings/secure/accessibility_enabled
07-02 02:51:39.492 13244 13244 D AndroidRuntime: Shutting down VM
07-02 02:51:39.700 13265 13265 D AndroidRuntime: >>>>>> START com.android.internal.os.RuntimeInit uid 2000 <<<<<<
07-02 02:51:39.697 13265 13265 W app_process: type=1400 audit(0.0:386): avc: denied { read } for name="u:object_r:device_config_runtime_native_boot_prop:s0" dev="tmpfs" ino=167 scontext=u:r:shell:s0 tcontext=u:object_r:device_config_runtime_native_boot_prop:s0 tclass=file permissive=0
07-02 02:51:39.702 13265 13265 E libc    : Access denied finding property "persist.device_config.runtime_native_boot.enable_apex_image"
07-02 02:51:39.702 13265 13265 I AndroidRuntime: Using default boot image
07-02 02:51:39.702 13265 13265 E libc    : Access denied finding property "persist.device_config.runtime_native_boot.disable_lock_profiling"
07-02 02:51:39.702 13265 13265 I AndroidRuntime: Leaving lock profiling enabled
07-02 02:51:39.703 13265 13265 E libc    : Access denied finding property "persist.device_config.runtime_native_boot.enable_generational_cc"
07-02 02:51:39.697 13265 13265 W app_process: type=1400 audit(0.0:387): avc: denied { read } for name="u:object_r:device_config_runtime_native_boot_prop:s0" dev="tmpfs" ino=167 scontext=u:r:shell:s0 tcontext=u:object_r:device_config_runtime_native_boot_prop:s0 tclass=file permissive=0
07-02 02:51:39.704 13265 13265 W app_process: Could not reserve sentinel fault page
07-02 02:51:39.745 13265 13265 D ICU     : Time zone APEX file found: /apex/com.android.tzdata/etc/icu/icu_tzdata.dat
07-02 02:51:39.748 13265 13265 W app_process: Unexpected CPU variant for X86 using defaults: x86
07-02 02:51:39.752 13265 13265 I app_process: The ClassLoaderContext is a special shared library.
07-02 02:51:39.753 13265 13265 I app_process: The ClassLoaderContext is a special shared library.
07-02 02:51:39.770 13265 13265 W app_process: JNI RegisterNativeMethods: attempt to register 0 native methods for android.media.AudioAttributes
07-02 02:51:39.773 13265 13265 D AndroidRuntime: Calling main entry com.android.commands.uiautomator.Launcher
07-02 02:51:39.777  1800  2423 E GnssHAL_GnssInterface: gnssSvStatusCb: a: input svInfo.flags is 8
07-02 02:51:39.777  1800  2423 E GnssHAL_GnssInterface: gnssSvStatusCb: b: input svInfo.flags is 8
07-02 02:51:40.779  1800  2423 E GnssHAL_GnssInterface: gnssSvStatusCb: a: input svInfo.flags is 8
07-02 02:51:40.779  1800  2423 E GnssHAL_GnssInterface: gnssSvStatusCb: b: input svInfo.flags is 8
07-02 02:51:40.791 13265 13265 W AccessibilityNodeInfoDumper: Fetch time: 2ms
07-02 02:51:39.779  2034  2034 V SettingsProvider: Notifying for 0: content://settings/secure/accessibility_enabled
07-02 02:51:40.798  2034  3502 W WindowManager: removeWindowToken: Attempted to remove non-existing token: android.os.Binder@f75b36a
07-02 02:51:40.801  2034  2034 V SettingsProvider: Notifying for 0: content://settings/secure/accessibility_enabled
07-02 02:51:40.808 13265 13265 D AndroidRuntime: Shutting down VM
07-02 02:51:41.714 13295 13295 D AndroidRuntime: >>>>>> START com.android.internal.os.RuntimeInit uid 2000 <<<<<<
07-02 02:51:41.707 13295 13295 W app_process: type=1400 audit(0.0:389): avc: denied { read } for name="u:object_r:device_config_runtime_native_boot_prop:s0" dev="tmpfs" ino=167 scontext=u:r:shell:s0 tcontext=u:object_r:device_config_runtime_native_boot_prop:s0 tclass=file permissive=0
07-02 02:51:41.716 13295 13295 E libc    : Access denied finding property "persist.device_config.runtime_native_boot.enable_apex_image"
07-02 02:51:41.716 13295 13295 I AndroidRuntime: Using default boot image
07-02 02:51:41.716 13295 13295 E libc    : Access denied finding property "persist.device_config.runtime_native_boot.disable_lock_profiling"
07-02 02:51:41.716 13295 13295 I AndroidRuntime: Leaving lock profiling enabled
07-02 02:51:41.707 13295 13295 W app_process: type=1400 audit(0.0:391): avc: denied { read } for name="u:object_r:device_config_runtime_native_boot_prop:s0" dev="tmpfs" ino=167 scontext=u:r:shell:s0 tcontext=u:object_r:device_config_runtime_native_boot_prop:s0 tclass=file permissive=0
07-02 02:51:41.716 13295 13295 E libc    : Access denied finding property "persist.device_config.runtime_native_boot.enable_generational_cc"
07-02 02:51:41.765 13295 13295 D ICU     : Time zone APEX file found: /apex/com.android.tzdata/etc/icu/icu_tzdata.dat
07-02 02:51:41.769 13295 13295 W app_process: Unexpected CPU variant for X86 using defaults: x86
07-02 02:51:41.777 13295 13295 I app_process: The ClassLoaderContext is a special shared library.
07-02 02:51:41.777 13295 13295 I app_process: The ClassLoaderContext is a special shared library.
07-02 02:51:41.784  1800  2423 E GnssHAL_GnssInterface: gnssSvStatusCb: a: input svInfo.flags is 8
07-02 02:51:41.784  1800  2423 E GnssHAL_GnssInterface: gnssSvStatusCb: b: input svInfo.flags is 8
07-02 02:51:41.792 13295 13295 W app_process: JNI RegisterNativeMethods: attempt to register 0 native methods for android.media.AudioAttributes
07-02 02:51:41.795 13295 13295 D AndroidRuntime: Calling main entry com.android.commands.uiautomator.Launcher
07-02 02:51:42.788  1800  2423 E GnssHAL_GnssInterface: gnssSvStatusCb: a: input svInfo.flags is 8
07-02 02:51:42.788  1800  2423 E GnssHAL_GnssInterface: gnssSvStatusCb: b: input svInfo.flags is 8
07-02 02:51:42.816 13295 13295 W AccessibilityNodeInfoDumper: Fetch time: 2ms
07-02 02:51:41.805  2034  2034 V SettingsProvider: Notifying for 0: content://settings/secure/accessibility_enabled
07-02 02:51:42.818  2034  3502 W WindowManager: removeWindowToken: Attempted to remove non-existing token: android.os.Binder@b1545c2
07-02 02:51:42.818  2034  2034 V SettingsProvider: Notifying for 0: content://settings/secure/accessibility_enabled
07-02 02:51:42.829 13295 13295 D AndroidRuntime: Shutting down VM
07-02 02:51:43.792  1800  2423 E GnssHAL_GnssInterface: gnssSvStatusCb: a: input svInfo.flags is 8
07-02 02:51:43.792  1800  2423 E GnssHAL_GnssInterface: gnssSvStatusCb: b: input svInfo.flags is 8
07-02 02:51:43.820 13328 13328 D AndroidRuntime: >>>>>> START com.android.internal.os.RuntimeInit uid 2000 <<<<<<
07-02 02:51:43.817 13328 13328 W app_process: type=1400 audit(0.0:392): avc: denied { read } for name="u:object_r:device_config_runtime_native_boot_prop:s0" dev="tmpfs" ino=167 scontext=u:r:shell:s0 tcontext=u:object_r:device_config_runtime_native_boot_prop:s0 tclass=file permissive=0
07-02 02:51:43.823 13328 13328 E libc    : Access denied finding property "persist.device_config.runtime_native_boot.enable_apex_image"
07-02 02:51:43.817 13328 13328 W app_process: type=1400 audit(0.0:393): avc: denied { read } for name="u:object_r:device_config_runtime_native_boot_prop:s0" dev="tmpfs" ino=167 scontext=u:r:shell:s0 tcontext=u:object_r:device_config_runtime_native_boot_prop:s0 tclass=file permissive=0
07-02 02:51:43.823 13328 13328 I AndroidRuntime: Using default boot image
07-02 02:51:43.823 13328 13328 E libc    : Access denied finding property "persist.device_config.runtime_native_boot.disable_lock_profiling"
07-02 02:51:43.823 13328 13328 I AndroidRuntime: Leaving lock profiling enabled
07-02 02:51:43.823 13328 13328 E libc    : Access denied finding property "persist.device_config.runtime_native_boot.enable_generational_cc"
07-02 02:51:43.825 13328 13328 W app_process: Could not reserve sentinel fault page
07-02 02:51:43.874 13328 13328 D ICU     : Time zone APEX file found: /apex/com.android.tzdata/etc/icu/icu_tzdata.dat
07-02 02:51:43.877 13328 13328 W app_process: Unexpected CPU variant for X86 using defaults: x86
07-02 02:51:43.881 13328 13328 I app_process: The ClassLoaderContext is a special shared library.
07-02 02:51:43.882 13328 13328 I app_process: The ClassLoaderContext is a special shared library.
07-02 02:51:43.897 13328 13328 W app_process: JNI RegisterNativeMethods: attempt to register 0 native methods for android.media.AudioAttributes
07-02 02:51:43.902 13328 13328 D AndroidRuntime: Calling main entry com.android.commands.uiautomator.Launcher
07-02 02:51:44.797  1800  2423 E GnssHAL_GnssInterface: gnssSvStatusCb: a: input svInfo.flags is 8
07-02 02:51:44.797  1800  2423 E GnssHAL_GnssInterface: gnssSvStatusCb: b: input svInfo.flags is 8
07-02 02:51:44.932 13328 13328 W AccessibilityNodeInfoDumper: Fetch time: 4ms
07-02 02:51:43.911  2034  2034 V SettingsProvider: Notifying for 0: content://settings/secure/accessibility_enabled
07-02 02:51:44.934  2034  2258 W WindowManager: removeWindowToken: Attempted to remove non-existing token: android.os.Binder@bf9964b
07-02 02:51:44.938  2034  2034 V SettingsProvider: Notifying for 0: content://settings/secure/accessibility_enabled
07-02 02:51:44.953 13328 13328 D AndroidRuntime: Shutting down VM
07-02 02:51:45.267 13350 13350 W app_process: type=1400 audit(0.0:395): avc: denied { read } for name="u:object_r:device_config_runtime_native_boot_prop:s0" dev="tmpfs" ino=167 scontext=u:r:shell:s0 tcontext=u:object_r:device_config_runtime_native_boot_prop:s0 tclass=file permissive=0
07-02 02:51:45.277 13350 13350 W app_process: type=1400 audit(0.0:396): avc: denied { read } for name="u:object_r:device_config_runtime_native_boot_prop:s0" dev="tmpfs" ino=167 scontext=u:r:shell:s0 tcontext=u:object_r:device_config_runtime_native_boot_prop:s0 tclass=file permissive=0
07-02 02:51:45.278 13350 13350 D AndroidRuntime: >>>>>> START com.android.internal.os.RuntimeInit uid 2000 <<<<<<
07-02 02:51:45.280 13350 13350 E libc    : Access denied finding property "persist.device_config.runtime_native_boot.enable_apex_image"
07-02 02:51:45.280 13350 13350 I AndroidRuntime: Using default boot image
07-02 02:51:45.280 13350 13350 E libc    : Access denied finding property "persist.device_config.runtime_native_boot.disable_lock_profiling"
07-02 02:51:45.280 13350 13350 I AndroidRuntime: Leaving lock profiling enabled
07-02 02:51:45.280 13350 13350 E libc    : Access denied finding property "persist.device_config.runtime_native_boot.enable_generational_cc"
07-02 02:51:45.277 13350 13350 W app_process: type=1400 audit(0.0:397): avc: denied { read } for name="u:object_r:device_config_runtime_native_boot_prop:s0" dev="tmpfs" ino=167 scontext=u:r:shell:s0 tcontext=u:object_r:device_config_runtime_native_boot_prop:s0 tclass=file permissive=0
07-02 02:51:45.282 13350 13350 W app_process: Could not reserve sentinel fault page
07-02 02:51:45.333 13350 13350 D ICU     : Time zone APEX file found: /apex/com.android.tzdata/etc/icu/icu_tzdata.dat
07-02 02:51:45.337 13350 13350 W app_process: Unexpected CPU variant for X86 using defaults: x86
07-02 02:51:45.339 13350 13350 I app_process: The ClassLoaderContext is a special shared library.
07-02 02:51:45.339 13350 13350 I app_process: The ClassLoaderContext is a special shared library.
07-02 02:51:45.356 13350 13350 W app_process: JNI RegisterNativeMethods: attempt to register 0 native methods for android.media.AudioAttributes
07-02 02:51:45.359 13350 13350 D AndroidRuntime: Calling main entry com.android.commands.uiautomator.Launcher
07-02 02:51:45.800  1800  2423 E GnssHAL_GnssInterface: gnssSvStatusCb: a: input svInfo.flags is 8
07-02 02:51:45.800  1800  2423 E GnssHAL_GnssInterface: gnssSvStatusCb: b: input svInfo.flags is 8
07-02 02:51:46.381 13350 13350 W AccessibilityNodeInfoDumper: Fetch time: 1ms
07-02 02:51:45.368  2034  2034 V SettingsProvider: Notifying for 0: content://settings/secure/accessibility_enabled
07-02 02:51:46.383  2034  3491 W WindowManager: removeWindowToken: Attempted to remove non-existing token: android.os.Binder@369c87d
07-02 02:51:46.385  2034  2034 V SettingsProvider: Notifying for 0: content://settings/secure/accessibility_enabled
07-02 02:51:46.392 13350 13350 D AndroidRuntime: Shutting down VM
07-02 02:51:46.496  2034  3491 I ActivityManager: Force stopping org.shadowice.flocke.andotp appid=10136 user=0: from pid 13369
07-02 02:51:46.497  2034  3491 I ActivityManager: Killing 12187:org.shadowice.flocke.andotp/u0a136 (adj 0): stop org.shadowice.flocke.andotp
07-02 02:51:46.498  2034  3491 W ActivityTaskManager: Force removing ActivityRecord{4cc632e u0 org.shadowice.flocke.andotp/.Activities.IntroScreenActivity t14 f}: app died, no saved state
07-02 02:51:46.505  2034  3491 W ActivityTaskManager: Force removing ActivityRecord{58765ff u0 org.shadowice.flocke.andotp/.Activities.MainActivity t14 f}: app died, no saved state
07-02 02:51:46.513  2034  3491 W InputReader: Device has associated, but no associated display id.
07-02 02:51:46.514  2034  3491 I chatty  : uid=1000(system) Binder:2034_15 identical 8 lines
07-02 02:51:46.514  2034  3491 W InputReader: Device has associated, but no associated display id.
07-02 02:51:46.547  1801  1942 D gralloc_ranchu: gralloc_alloc: Creating ashmem region of size 8298496
07-02 02:51:46.556  2457  2457 D CarrierSvcBindHelper: No carrier app for: 0
07-02 02:51:46.559  2034  2034 W ActivityManager: Unable to start service Intent { act=android.service.appprediction.AppPredictionService cmp=com.google.android.as/com.google.android.apps.miphone.aiai.app.AiAiPredictionService } U=0: not found
07-02 02:51:46.559  2034  2034 W RemoteAppPredictionService: could not bind to Intent { act=android.service.appprediction.AppPredictionService cmp=com.google.android.as/com.google.android.apps.miphone.aiai.app.AiAiPredictionService } using flags 67108865
07-02 02:51:46.559  1801  1942 D gralloc_ranchu: gralloc_alloc: Creating ashmem region of size 8298496
07-02 02:51:46.568  1782  1782 I Zygote  : Process 12187 exited due to signal 9 (Killed)
07-02 02:51:46.570  1801  1836 D gralloc_ranchu: gralloc_alloc: Creating ashmem region of size 8298496
07-02 02:51:46.581  2034  2064 I libprocessgroup: Successfully killed process cgroup uid 10136 pid 12187 in 83ms
07-02 02:51:46.587  8864  9140 D EGL_emulation: eglMakeCurrent: 0xea9aa900: ver 3 0 (tinfo 0xeaa3e010)
07-02 02:51:46.589  1801  1836 D gralloc_ranchu: gralloc_alloc: Creating ashmem region of size 8298496
07-02 02:51:46.592  2034  2056 W ActivityManager: setHasOverlayUi called on unknown pid: 12187
07-02 02:51:46.608  1801  1836 D gralloc_ranchu: gralloc_alloc: Creating ashmem region of size 8298496
07-02 02:51:46.615  2661  3376 D EGL_emulation: eglMakeCurrent: 0xf5b7ec20: ver 3 0 (tinfo 0xf5bca670)
07-02 02:51:46.618  1801  1942 D gralloc_ranchu: gralloc_alloc: Creating ashmem region of size 8298496
07-02 02:51:46.636  8864  8864 W ThreadPoolDumper: Queue length for executor EventBus is now 11. Perhaps some tasks are too long, or the pool is too small.
07-02 02:51:46.649  8864  8893 W SessionLifecycleManager: Handover failed. Creating new session controller.
07-02 02:51:46.652  2187  2407 D EGL_emulation: eglMakeCurrent: 0xe2a1a900: ver 3 0 (tinfo 0xe2a0f600)
07-02 02:51:46.763  8864 11999 W LocationOracle: No location history returned by ContextManager
07-02 02:51:46.804  1800  2423 E GnssHAL_GnssInterface: gnssSvStatusCb: a: input svInfo.flags is 8
07-02 02:51:46.804  1800  2423 E GnssHAL_GnssInterface: gnssSvStatusCb: b: input svInfo.flags is 8
07-02 02:51:46.866  7776  7776 D BoundBrokerSvc: onBind: Intent { act=com.google.android.contextmanager.service.ContextManagerService.START pkg=com.google.android.gms }
07-02 02:51:46.867  7776  7776 D BoundBrokerSvc: Loading bound service for intent: Intent { act=com.google.android.contextmanager.service.ContextManagerService.START pkg=com.google.android.gms }
07-02 02:51:46.868  8864  8893 I MicroDetectionWorker: #startMicroDetector [speakerMode: 0]
07-02 02:51:46.876  8864  8893 W ErrorReporter: reportError [type: 211, code: 393244, bug: 0]: errorCode: 393244, engine: 0
07-02 02:51:46.878  8864  8893 I MicroDetector: Keeping mic open: false
07-02 02:51:46.879  8864  8893 I MicroDetectionWorker: #onError(false)
07-02 02:51:46.923  7776 10726 W ctxmgr  : [AclManager] No 3 for (accnt=account#-517948760#, com.google.android.gms(10098):UserVelocityProducer, vrsn=222413031, 0, 3pPkg = null ,  3pMdlId = null ,  pid = 7776 ,  featureId = null). Was: 3 for 1, account#-517948760# [CONTEXT service_id=47 ]
07-02 02:51:46.927  7776  7776 D BoundBrokerSvc: onBind: Intent { act=com.google.android.contextmanager.service.ContextManagerService.START dat=chimera-action:com.google.android.contextmanager.service.ContextManagerService.START cmp=com.google.android.gms/.chimera.PersistentApiService }
07-02 02:51:46.927  7776  7776 D BoundBrokerSvc: Loading bound service for intent: Intent { act=com.google.android.contextmanager.service.ContextManagerService.START dat=chimera-action:com.google.android.contextmanager.service.ContextManagerService.START cmp=com.google.android.gms/.chimera.PersistentApiService }
07-02 02:51:46.991  7776 10726 I ctxmgr  : [ProducerStatusImpl] updateStateForNewContextData: inactive, contextName=7 [CONTEXT service_id=47 ]
07-02 02:51:47.000  2034  3303 W AppOps  : Noting op not finished: uid 10098 pkg com.google.android.gms code 79 time=1656744552696 duration=0
07-02 02:51:47.001  2034  3303 W AppOps  : Noting op not finished: uid 10098 pkg com.google.android.gms code 79 time=1656744707000 duration=0
07-02 02:51:47.006  2034  3303 W AppOps  : Noting op not finished: uid 10098 pkg com.google.android.gms code 79 time=1656744707002 duration=0
07-02 02:51:47.020  7776 13377 I PlacesLogger: [PlaceInferenceEngine]: [anon] Changed inference mode: 0 [CONTEXT service_id=253 ]
07-02 02:51:47.041  7776 13377 I Places  : Converted 0 out of 1 WiFi scans
07-02 02:51:47.043  2034  2051 W AppOps  : Noting op not finished: uid 10098 pkg com.google.android.gms code 79 time=1656744707006 duration=0
07-02 02:51:47.043  2034  2051 W AppOps  : Noting op not finished: uid 10098 pkg com.google.android.gms code 79 time=1656744707043 duration=0
07-02 02:51:47.062  7776 13377 I PlacesLogger: [PlaceInferenceEngine]: [anon] Changed inference mode: 1 [CONTEXT service_id=253 ]
07-02 02:51:47.069  7776 13377 I Places  : Converted 0 out of 1 WiFi scans
07-02 02:51:47.072  7776 13377 I PlacesLogger: [PlaceInferenceEngine]: [anon] Changed inference mode: 1 [CONTEXT service_id=253 ]
07-02 02:51:47.081  7776  7800 I .gms.persisten: Waiting for a blocking GC ProfileSaver
07-02 02:51:47.166  7776  7790 I .gms.persisten: Background concurrent copying GC freed 108111(5317KB) AllocSpace objects, 34(2236KB) LOS objects, 35% free, 10MB/16MB, paused 524us total 106.294ms
07-02 02:51:47.167  7776  7800 I .gms.persisten: WaitForGcToComplete blocked ProfileSaver on ProfileSaver for 86.730ms
07-02 02:51:47.205  7776  7800 W .gms.persisten: Couldn't lock the profile file /data/misc/profiles/cur/0/com.google.android.gms/primary.prof: Failed to lock file '/data/misc/profiles/cur/0/com.google.android.gms/primary.prof': Try again
07-02 02:51:47.205  7776  7800 W .gms.persisten: Could not save profiling info to /data/misc/profiles/cur/0/com.google.android.gms/primary.prof
07-02 02:51:47.592  1947  1947 E netmgr  : Failed to open QEMU pipe 'qemud:network': Invalid argument
07-02 02:51:47.801  1800  2423 E GnssHAL_GnssInterface: gnssSvStatusCb: a: input svInfo.flags is 8
07-02 02:51:47.802  1800  2423 E GnssHAL_GnssInterface: gnssSvStatusCb: b: input svInfo.flags is 8
07-02 02:51:48.804  1800  2423 E GnssHAL_GnssInterface: gnssSvStatusCb: a: input svInfo.flags is 8
07-02 02:51:48.805  1800  2423 E GnssHAL_GnssInterface: gnssSvStatusCb: b: input svInfo.flags is 8
07-02 02:51:49.360  1950  1950 E wifi_forwarder: RemoteConnection failed to initialize: RemoteConnection failed to open pipe
07-02 02:51:49.808  1800  2423 E GnssHAL_GnssInterface: gnssSvStatusCb: a: input svInfo.flags is 8
07-02 02:51:49.809  1800  2423 E GnssHAL_GnssInterface: gnssSvStatusCb: b: input svInfo.flags is 8
07-02 02:51:47.047  2034  2051 W AppOps  : Noting op not finished: uid 10098 pkg com.google.android.gms code 79 time=1656744707043 duration=0
07-02 02:51:49.826  2034  2062 I ActivityManager: Force stopping org.shadowice.flocke.andotp appid=10136 user=-1: deletePackageX
07-02 02:51:49.930  1846  1846 I keystore: clear_uid 10136
07-02 02:51:49.933  2034  2074 E PermissionMonitor: unknown permission type: -1for uid: 10136
07-02 02:51:49.933  1781  2326 I netd    : trafficSetNetPermForUids(-1, [10136]) <0.04ms>
07-02 02:51:49.936  2034  2831 W LaunchParamsPersister: Failed to delete /data/system_ce/0/launch_params/org.shadowice.flocke.andotp_.Activities.MainActivity.xml
07-02 02:51:50.014  2034  2074 I system_server: Explicit concurrent copying GC freed 83440(3869KB) AllocSpace objects, 41(1112KB) LOS objects, 31% free, 12MB/18MB, paused 420us total 80.421ms
07-02 02:51:50.019  2034  2074 I ActivityManager: Force stopping org.shadowice.flocke.andotp appid=10136 user=0: pkg removed
07-02 02:51:50.042  2034  2074 E HistoricalRegistry: Interaction before persistence initialized
07-02 02:51:50.047 10065 10065 I abb     : StartCommandInProcess(73657474696e67730067657400656e61 settings.get.ena [truncated])
07-02 02:51:50.052  2034  2034 I RoleManagerService: Granting default permissions...
07-02 02:51:50.062  7306  7306 I Finsky  : [2] ycb.d(13): PackageMonitorReceiverImpl - Received: android.intent.action.PACKAGE_REMOVED, [pgQjaR5zZ8Ar6Mvk2vwPOC8aHqKZVFVF27Ljcd7c_Kg]
07-02 02:51:50.063  7306  7306 I Finsky  : [2] ydc.g(1): Invalidating cached PackageState for org.shadowice.flocke.andotp
07-02 02:51:50.063  2034  2062 W BroadcastQueue: Background execution not allowed: receiving Intent { act=android.intent.action.PACKAGE_REMOVED dat=package:org.shadowice.flocke.andotp flg=0x4000010 (has extras) } to com.android.musicfx/.Compatibility$Receiver
07-02 02:51:50.063  2034  2062 W BroadcastQueue: Background execution not allowed: receiving Intent { act=android.intent.action.PACKAGE_REMOVED dat=package:org.shadowice.flocke.andotp flg=0x4000010 (has extras) } to com.android.vending/com.google.android.finsky.packagemanager.impl.PackageMonitorReceiverImpl$RegisteredReceiver
07-02 02:51:50.063  2034  2062 W BroadcastQueue: Background execution not allowed: receiving Intent { act=android.intent.action.PACKAGE_REMOVED dat=package:org.shadowice.flocke.andotp flg=0x4000010 (has extras) } to com.android.vending/com.google.android.finsky.instantapps.appmanagement.InstantAppRemoveMonitor
07-02 02:51:50.063  2034  2062 W BroadcastQueue: Background execution not allowed: receiving Intent { act=android.intent.action.PACKAGE_REMOVED dat=package:org.shadowice.flocke.andotp flg=0x4000010 (has extras) } to com.google.android.gms/.games.chimera.GamesSystemBroadcastReceiverProxy
07-02 02:51:50.066  7306  7306 I Finsky  : [2] ydc.p(3): Package no longer installed: org.shadowice.flocke.andotp
07-02 02:51:50.067  2034  2062 W BroadcastQueue: Background execution not allowed: receiving Intent { act=android.intent.action.PACKAGE_REMOVED dat=package:org.shadowice.flocke.andotp flg=0x4000010 (has extras) } to com.google.android.gms/.chimera.GmsIntentOperationService$PersistentTrustedReceiver
07-02 02:51:50.068  2034  2062 W BroadcastQueue: Background execution not allowed: receiving Intent { act=android.intent.action.PACKAGE_REMOVED dat=package:org.shadowice.flocke.andotp flg=0x4000010 (has extras) } to com.google.android.googlequicksearchbox/com.google.android.apps.gsa.googlequicksearchbox.GelStubAppWatcher
07-02 02:51:50.073 10065 10065 I abb     : StartCommandInProcess(7061636b61676500696e7374616c6c00 package.install. [truncated])
07-02 02:51:50.075  7306  7306 I Finsky  : [2] qlq.s(2): Installer: package org.shadowice.flocke.andotp was removed. replacing: false
07-02 02:51:50.077  7306  7306 I Finsky  : [2] qmo.L(12): Installer: Notifying status update. package=org.shadowice.flocke.andotp, status=UNINSTALLED
07-02 02:51:50.047  2034  2034 W Binder:2034_5: type=1400 audit(0.0:398): avc: denied { getopt } for scontext=u:r:system_server:s0 tcontext=u:r:shell:s0 tclass=unix_stream_socket permissive=0
07-02 02:51:50.047  2034  2034 W Binder:2034_5: type=1400 audit(0.0:399): avc: denied { getopt } for scontext=u:r:system_server:s0 tcontext=u:r:shell:s0 tclass=unix_stream_socket permissive=0
07-02 02:51:50.047  2034  2034 W Binder:2034_5: type=1400 audit(0.0:400): avc: denied { getopt } for scontext=u:r:system_server:s0 tcontext=u:r:shell:s0 tclass=unix_stream_socket permissive=0
07-02 02:51:50.088  7306  7306 I Finsky  : [2] alxk.a(3): Do not start WearSupportService due to Wear service optimization
07-02 02:51:50.089  7306 13410 I Finsky  : [748] jmd.a(15): [ContentSync] finished, scheduled=false
07-02 02:51:50.093  2034  2053 E PackageManager: failed to find package org.shadowice.flocke.andotp
07-02 02:51:50.099  2034  2053 E OverlayManager: Failed to change enabled overlays for org.shadowice.flocke.andotp user 0
07-02 02:51:50.102  7306  7306 I Finsky  : [2] alxk.a(3): Do not start WearSupportService due to Wear service optimization
07-02 02:51:50.057  3351  3351 W adbd    : type=1400 audit(0.0:401): avc: denied { shutdown } for scontext=u:r:adbd:s0 tcontext=u:r:shell:s0 tclass=unix_stream_socket permissive=0
07-02 02:51:50.104  7306  7306 I Finsky  : [2] adxl.a(8): Clearing split related stale data.
07-02 02:51:50.107  7306 13412 I Finsky  : [749] gvx.a(12): Asset module storage cleared for package org.shadowice.flocke.andotp.
07-02 02:51:50.116  7306  7306 I Finsky  : [2] ydc.p(3): Package no longer installed: org.shadowice.flocke.andotp
07-02 02:51:50.121  7306 13407 I Finsky  : [747] otz.run(16): Frosting DB delete succeeded: true
07-02 02:51:50.123  7306 13407 I Finsky  : [747] otz.run(16): Frosting DB delete succeeded: false
07-02 02:51:50.137  7306 13421 I Finsky  : [756] rab.C(2): IQ: Notifying installation update. package=org.shadowice.flocke.andotp, status=UNINSTALLED
07-02 02:51:50.143  7306  7306 I Finsky  : [2] qmo.O(7): Installer: found apps to install. isMultiUserMode=false, apps=[]
07-02 02:51:50.180  3866  3866 E CarrierServices: [2] cqf.a: Invalid signature found for com.android.contacts: 18B66F4996F3D01CEAD29D3A3AA81801E7950B82
07-02 02:51:50.180  2457  2457 D CarrierSvcBindHelper: No carrier app for: 0
07-02 02:51:50.198  3866  3866 E CarrierServices: [2] cqf.a: Invalid signature found for com.android.contacts: 18B66F4996F3D01CEAD29D3A3AA81801E7950B82
07-02 02:51:50.209  2034  2122 I InputReader: Reconfiguring input devices.  changes=0x00000010
07-02 02:51:50.210  2661  2680 I s.nexuslaunche: Background concurrent copying GC freed 10659(541KB) AllocSpace objects, 2(176KB) LOS objects, 49% free, 3170KB/6340KB, paused 1.572ms total 187.963ms
07-02 02:51:50.218  2034  2034 W Looper  : Slow dispatch took 111ms main h=android.app.ActivityThread$H c=android.app.-$$Lambda$LoadedApk$ReceiverDispatcher$Args$_BumDX2UKsnxLVrE6UJsJZkotuA@359da73 m=0
07-02 02:51:50.221  1781  2326 I netd    : trafficSwapActiveStatsMap() <70.58ms>
07-02 02:51:50.222  3273 13428 I MediaProvider: Begin Intent { act=android.intent.action.PACKAGE_FULLY_REMOVED dat=package:org.shadowice.flocke.andotp flg=0x5000010 cmp=com.android.providers.media/.MediaService (has extras) }
07-02 02:51:50.224  1781  2326 I netd    : tetherGetStats() <1.80ms>
07-02 02:51:50.224  8508 13382 I BlockstoreStorage: Clearing all the Blockstore Data for package org.shadowice.flocke.andotp [CONTEXT service_id=258 ]
07-02 02:51:50.224  8508 13382 I BlockstoreStorage: Clearing all the Blockstore Data for 1 packages [CONTEXT service_id=258 ]
07-02 02:51:50.227  3273 13428 I MediaProvider: End Intent { act=android.intent.action.PACKAGE_FULLY_REMOVED dat=package:org.shadowice.flocke.andotp flg=0x5000010 cmp=com.android.providers.media/.MediaService (has extras) }
07-02 02:51:50.233  7776 13433 I Fitness : FitCleanupIntentOperation received Intent android.intent.action.PACKAGE_REMOVED [CONTEXT service_id=17 ]
07-02 02:51:50.252  7306 13421 I Finsky  : [756] rab.t(33): IQ: No matching installs to run for jobs: []
07-02 02:51:50.256 10675 10706 I ProvidersCache: Provider returned no roots. Possibly naughty: com.google.android.apps.docs.storage
07-02 02:51:50.272  2034  2034 W Looper  : Slow delivery took 227ms main h=android.app.ActivityThread$H c=android.app.-$$Lambda$LoadedApk$ReceiverDispatcher$Args$_BumDX2UKsnxLVrE6UJsJZkotuA@145bc8e m=0
07-02 02:51:50.274  2034  2131 D WifiConfigManager: Remove all networks for app ApplicationInfo{df8bcaf org.shadowice.flocke.andotp}
07-02 02:51:50.296  8508  8564 I Icing   : doRemovePackageData org.shadowice.flocke.andotp
07-02 02:51:50.297  2034  2034 I ConditionProviders: Disallowing condition provider org.shadowice.flocke.andotp
07-02 02:51:50.298  7306  7306 I Finsky  : [2] ycb.d(13): PackageMonitorReceiverImpl - Received: android.intent.action.PACKAGE_FULLY_REMOVED, [pgQjaR5zZ8Ar6Mvk2vwPOC8aHqKZVFVF27Ljcd7c_Kg]
07-02 02:51:50.298  7306  7306 I Finsky  : [2] ydc.g(1): Invalidating cached PackageState for org.shadowice.flocke.andotp
07-02 02:51:50.299  2034  2034 W Looper  : Drained
07-02 02:51:50.301  7306  7306 I Finsky  : [2] ydc.p(3): Package no longer installed: org.shadowice.flocke.andotp
07-02 02:51:50.305  7306  7306 I Finsky  : [2] ycb.d(16): PackageMonitorReceiverImpl - Deduping intent android.intent.action.PACKAGE_FULLY_REMOVED
07-02 02:51:50.306  7306 13407 I Finsky  : [747] otz.run(16): Frosting DB delete succeeded: false
07-02 02:51:50.309  8508 10703 I ContentMaintenance: Internal cache bytes used: 0; limit: 100000000; download size: 0
07-02 02:51:50.308  1816  1816 D AF::TrackHandle: OpPlayAudio: track:55 usage:13 not muted
07-02 02:51:50.297  2034  2034 W Binder:2034_12: type=1400 audit(0.0:402): avc: denied { getopt } for scontext=u:r:system_server:s0 tcontext=u:r:shell:s0 tclass=unix_stream_socket permissive=0
07-02 02:51:50.314  1816  2223 D AF::TrackHandle: OpPlayAudio: track:56 usage:13 not muted
07-02 02:51:50.314  1816  1816 D AF::TrackHandle: OpPlayAudio: track:55 usage:13 not muted
07-02 02:51:50.316  1816  2223 D AF::TrackHandle: OpPlayAudio: track:56 usage:13 not muted
07-02 02:51:50.321  1816  1816 D AF::TrackHandle: OpPlayAudio: track:55 usage:13 not muted
07-02 02:51:50.324  1816  2223 D AF::TrackHandle: OpPlayAudio: track:56 usage:13 not muted
07-02 02:51:50.335  1816  2223 D AF::TrackHandle: OpPlayAudio: track:56 usage:13 not muted
07-02 02:51:50.338  1816  1816 D AF::TrackHandle: OpPlayAudio: track:55 usage:13 not muted
07-02 02:51:50.339  1816  2223 D AF::TrackHandle: OpPlayAudio: track:56 usage:13 not muted
07-02 02:51:50.339  8508 10703 I RealtimeCacheCleanup: Beginning Realtime garbage collection.
07-02 02:51:50.341  1816  1816 D AF::TrackHandle: OpPlayAudio: track:55 usage:13 not muted
07-02 02:51:50.343  1816  2223 D AF::TrackHandle: OpPlayAudio: track:56 usage:13 not muted
07-02 02:51:50.346  8508  8508 D BoundBrokerSvc: onBind: Intent { act=com.google.android.gms.common.BIND_SHARED_PREFS pkg=com.google.android.gms }
07-02 02:51:50.347  8508  8508 D BoundBrokerSvc: Loading bound service for intent: Intent { act=com.google.android.gms.common.BIND_SHARED_PREFS pkg=com.google.android.gms }
07-02 02:51:50.346  8508 10703 I RealtimeCacheCleanup: Finished Realtime garbage collection.
07-02 02:51:50.347  1816  3564 D AF::TrackHandle: OpPlayAudio: track:55 usage:13 not muted
07-02 02:51:50.348  1816  2223 D AF::TrackHandle: OpPlayAudio: track:56 usage:13 not muted
07-02 02:51:50.352  1816  2223 D AF::TrackHandle: OpPlayAudio: track:56 usage:13 not muted
07-02 02:51:50.354  1816  3564 D AF::TrackHandle: OpPlayAudio: track:55 usage:13 not muted
07-02 02:51:50.357  8508  8508 D BoundBrokerSvc: onUnbind: Intent { act=com.google.android.gms.common.BIND_SHARED_PREFS pkg=com.google.android.gms }
07-02 02:51:50.358  1816  2223 D AF::TrackHandle: OpPlayAudio: track:56 usage:13 not muted
07-02 02:51:50.362  2034  2131 D WifiConfigStore: Writing to stores completed in 87 ms.
07-02 02:51:50.362  2034  2131 E PasspointManager: No app ops listener found for org.shadowice.flocke.andotp
07-02 02:51:50.363  1816  2223 D AF::TrackHandle: OpPlayAudio: track:56 usage:13 not muted
07-02 02:51:50.363  1816  3564 D AF::TrackHandle: OpPlayAudio: track:55 usage:13 not muted
07-02 02:51:50.368  2034  2131 I DropBoxManagerService: add tag=system_server_wtf isTagEnabled=true flags=0x2
07-02 02:51:50.367  1816  3564 D AF::TrackHandle: OpPlayAudio: track:55 usage:13 not muted
07-02 02:51:50.369  1816  1816 D AF::TrackHandle: OpPlayAudio: track:56 usage:13 not muted
07-02 02:51:50.373  1816  1816 D AF::TrackHandle: OpPlayAudio: track:56 usage:13 not muted
07-02 02:51:50.373  1816  3564 D AF::TrackHandle: OpPlayAudio: track:55 usage:13 not muted
07-02 02:51:50.374  1816  1816 D AF::TrackHandle: OpPlayAudio: track:56 usage:13 not muted
07-02 02:51:50.376  1816  1816 D AF::TrackHandle: OpPlayAudio: track:56 usage:13 not muted
07-02 02:51:50.377  1816  3564 D AF::TrackHandle: OpPlayAudio: track:55 usage:13 not muted
07-02 02:51:50.379  1816  1816 D AF::TrackHandle: OpPlayAudio: track:56 usage:13 not muted
07-02 02:51:50.380  8508  8555 I Icing   : IndexChimeraService.getServiceInterface callingPackage=com.google.android.gms componentName=AppsCorpus serviceId=36
07-02 02:51:50.380  1816  1816 D AF::TrackHandle: OpPlayAudio: track:56 usage:13 not muted
07-02 02:51:50.383  1816  3564 D AF::TrackHandle: OpPlayAudio: track:55 usage:13 not muted
07-02 02:51:50.398  2034  2074 I PackageManager: Un-granting permission android.permission.MANAGE_DOCUMENTS from package com.google.android.youtube (protectionLevel=262146 flags=0x30dbbe45)
07-02 02:51:50.388  1816  3564 I chatty  : uid=1041(audioserver) Binder:1816_5 identical 3 lines
07-02 02:51:50.390  1816  3564 D AF::TrackHandle: OpPlayAudio: track:55 usage:13 not muted
07-02 02:51:50.398  8508  8564 W Icing   : No valid account for uploading user actions
07-02 02:51:50.398  2034  2074 I PackageManager: Un-granting permission com.google.android.googleapps.permission.GOOGLE_AUTH from package com.android.providers.calendar (protectionLevel=2 flags=0x30883e45)
07-02 02:51:50.398  2034  2074 I PackageManager: Un-granting permission com.google.android.googleapps.permission.GOOGLE_AUTH.cl from package com.android.providers.calendar (protectionLevel=2 flags=0x30883e45)
07-02 02:51:50.398  2034  2074 I PackageManager: Un-granting permission android.permission.WRITE_SECURE_SETTINGS from package com.google.android.apps.enterprise.dmagent (protectionLevel=50 flags=0x30883e05)
07-02 02:51:50.399  2034  2074 I PackageManager: Un-granting permission android.permission.CONNECTIVITY_INTERNAL from package com.google.android.apps.enterprise.dmagent (protectionLevel=18 flags=0x30883e05)
07-02 02:51:50.399  2034  2074 I PackageManager: Un-granting permission android.permission.MANAGE_USB from package com.google.android.apps.enterprise.dmagent (protectionLevel=18 flags=0x30883e05)
07-02 02:51:50.399  2034  2074 I PackageManager: Un-granting permission android.permission.CHANGE_COMPONENT_ENABLED_STATE from package com.google.android.apps.enterprise.dmagent (protectionLevel=18 flags=0x30883e05)
07-02 02:51:50.399  2034  2074 I PackageManager: Un-granting permission android.permission.MANAGE_CA_CERTIFICATES from package com.google.android.apps.enterprise.dmagent (protectionLevel=18 flags=0x30883e05)
07-02 02:51:50.399  2034  2074 I PackageManager: Un-granting permission android.permission.MANAGE_USERS from package com.google.android.apps.enterprise.dmagent (protectionLevel=18 flags=0x30883e05)
07-02 02:51:50.399  2034  2074 I PackageManager: Un-granting permission com.google.android.setupwizard.READ_DEVICE_ORIGIN from package com.google.android.apps.messaging (protectionLevel=18 flags=0x38cbbe45)
07-02 02:51:50.399  2034  2074 I PackageManager: Un-granting permission android.permission.SEND_DOWNLOAD_COMPLETED_INTENTS from package com.android.vending (protectionLevel=2 flags=0x38cabec5)
07-02 02:51:50.399  2034  2074 I PackageManager: Un-granting permission android.permission.BIND_WALLPAPER from package com.android.camera2 (protectionLevel=18 flags=0x20d8bc45)
07-02 02:51:50.400  2034  2074 I PackageManager: Un-granting permission android.permission.REQUEST_INSTALL_PACKAGES from package com.google.android.gm (protectionLevel=66 flags=0x38cbbe45)
07-02 02:51:50.401  2034  2074 I PackageManager: Un-granting permission android.permission.BIND_JOB_SERVICE from package com.google.android.music (protectionLevel=2 flags=0x38cbbe65)
07-02 02:51:50.401  2034  2074 I PackageManager: Un-granting permission android.permission.CONNECTIVITY_USE_RESTRICTED_NETWORKS from package com.google.android.captiveportallogin (protectionLevel=18 flags=0x38c8be45)
07-02 02:51:50.401  2034  2074 I PackageManager: Un-granting permission android.permission.NETWORK_BYPASS_PRIVATE_DNS from package com.google.android.captiveportallogin (protectionLevel=2 flags=0x38c8be45)
07-02 02:51:50.401  2034  2074 I PackageManager: Un-granting permission android.permission.REQUEST_INSTALL_PACKAGES from package com.google.android.apps.docs (protectionLevel=66 flags=0x38cbbe45)
07-02 02:51:50.401  2034  2074 I PackageManager: Un-granting permission android.permission.INTERACT_ACROSS_USERS from package com.google.android.syncadapters.contacts (protectionLevel=50 flags=0x20883e45)
07-02 02:51:50.401  2034  2074 I PackageManager: Un-granting permission android.permission.REQUEST_INSTALL_PACKAGES from package com.android.chrome (protectionLevel=66 flags=0xa0cbbe45)
07-02 02:51:50.402  2034  2074 I PackageManager: Un-granting permission android.permission.CAPTURE_VIDEO_OUTPUT from package com.google.android.gms (protectionLevel=2 flags=0xa0cabec5)
07-02 02:51:50.402  2034  2074 I PackageManager: Un-granting permission android.permission.MANAGE_DEVICE_ADMINS from package com.google.android.gms (protectionLevel=2 flags=0xa0cabec5)
07-02 02:51:50.402  2034  2074 I PackageManager: Un-granting permission android.permission.MANAGE_ACTIVITY_STACKS from package com.google.android.gms (protectionLevel=2 flags=0xa0cabec5)
07-02 02:51:50.402  2034  2074 I PackageManager: Un-granting permission android.permission.CAPTURE_SECURE_VIDEO_OUTPUT from package com.google.android.gms (protectionLevel=2 flags=0xa0cabec5)
07-02 02:51:50.402  2034  2074 I PackageManager: Un-granting permission android.permission.MANAGE_ROLLBACKS from package com.google.android.gms (protectionLevel=514 flags=0xa0cabec5)
07-02 02:51:50.402  2034  2074 I PackageManager: Un-granting permission android.permission.MEDIA_CONTENT_CONTROL from package com.google.android.gms (protectionLevel=18 flags=0xa0cabec5)
07-02 02:51:50.402  2034  2074 I PackageManager: Un-granting permission android.permission.HIDE_NON_SYSTEM_OVERLAY_WINDOWS from package com.google.android.gms (protectionLevel=258 flags=0xa0cabec5)
07-02 02:51:50.402  2034  2074 I PackageManager: Un-granting permission com.google.android.googleapps.permission.GOOGLE_AUTH from package com.google.android.videos (protectionLevel=2 flags=0x30dbbe45)
07-02 02:51:50.403  2034  2074 I PackageManager: Un-granting permission android.permission.WRITE_MEDIA_STORAGE from package com.google.android.apps.photos (protectionLevel=18 flags=0x38d9be45)
07-02 02:51:50.426  7776  7776 D BoundBrokerSvc: onBind: Intent { act=com.google.android.gms.icing.LIGHTWEIGHT_INDEX_SERVICE dat=chimera-action:com.google.android.gms.icing.LIGHTWEIGHT_INDEX_SERVICE cmp=com.google.android.gms/.chimera.PersistentApiService }
07-02 02:51:50.426  7776  7776 D BoundBrokerSvc: Loading bound service for intent: Intent { act=com.google.android.gms.icing.LIGHTWEIGHT_INDEX_SERVICE dat=chimera-action:com.google.android.gms.icing.LIGHTWEIGHT_INDEX_SERVICE cmp=com.google.android.gms/.chimera.PersistentApiService }
07-02 02:51:50.429  2034  2074 I PackageManager.DexOptimizer: Running dexopt (dexoptNeeded=1) on: /data/app/org.shadowice.flocke.andotp-lWRkYM87cYqeGF3xO5OyOA==/base.apk pkg=org.shadowice.flocke.andotp isa=x86 dexoptFlags=boot_complete,profile_guided,public,enable_hidden_api_checks targetFilter=speed-profile oatDir=/data/app/org.shadowice.flocke.andotp-lWRkYM87cYqeGF3xO5OyOA==/oat classLoaderContext=PCL[]
07-02 02:51:50.430  1845  2817 V installd: DexInv: --- BEGIN '/data/app/org.shadowice.flocke.andotp-lWRkYM87cYqeGF3xO5OyOA==/base.apk' ---
07-02 02:51:50.442 13457 13457 W dex2oat : Unexpected CPU variant for X86 using defaults: x86
07-02 02:51:50.442 13457 13457 W dex2oat : Mismatch between dex2oat instruction set features to use (ISA: X86 Feature string: -ssse3,-sse4.1,-sse4.2,-avx,-avx2,-popcnt) and those from CPP defines (ISA: X86 Feature string: ssse3,-sse4.1,-sse4.2,-avx,-avx2,-popcnt) for the command line:
07-02 02:51:50.442 13457 13457 W dex2oat : /apex/com.android.runtime/bin/dex2oat --zip-fd=8 --zip-location=base.apk --input-vdex-fd=-1 --output-vdex-fd=10 --oat-fd=9 --oat-location=/data/app/org.shadowice.flocke.andotp-lWRkYM87cYqeGF3xO5OyOA==/oat/x86/base.odex --instruction-set=x86 --instruction-set-variant=x86 --instruction-set-features=default --runtime-arg -Xbootclasspath:/apex/com.android.runtime/javalib/core-oj.jar:/apex/com.android.runtime/javalib/core-libart.jar:/apex/com.android.runtime/javalib/okhttp.jar:/apex/com.android.runtime/javalib/bouncycastle.jar:/apex/com.android.runtime/javalib/apache-xml.jar:/system/framework/framework.jar:/system/framework/ext.jar:/system/framework/telephony-common.jar:/system/framework/voip-common.jar:/system/framework/ims-common.jar:/system/framework/android.test.base.jar --runtime-arg -Xms64m --runtime-arg -Xmx512m --resolve-startup-const-strings=true --max-image-block-size=524288 --compiler-filter=speed-profile --swap-fd=11 --app-image-fd=12 --image-format=lz4 --classpath-dir=/data/app/org.shadowice.flocke.a
07-02 02:51:50.442 13457 13457 I dex2oat : /apex/com.android.runtime/bin/dex2oat --input-vdex-fd=-1 --output-vdex-fd=10 --resolve-startup-const-strings=true --max-image-block-size=524288 --compiler-filter=speed-profile --classpath-dir=/data/app/org.shadowice.flocke.andotp-lWRkYM87cYqeGF3xO5OyOA== --class-loader-context=PCL[] --generate-mini-debug-info --compact-dex-level=none --compilation-reason=install
07-02 02:51:50.448  8508  8555 I Icing   : IndexChimeraService.getServiceInterface callingPackage=com.google.android.gms componentName=null serviceId=30
07-02 02:51:50.451 13457 13457 I dex2oat : setting boot class path to /apex/com.android.runtime/javalib/core-oj.jar:/apex/com.android.runtime/javalib/core-libart.jar:/apex/com.android.runtime/javalib/okhttp.jar:/apex/com.android.runtime/javalib/bouncycastle.jar:/apex/com.android.runtime/javalib/apache-xml.jar:/system/framework/framework.jar:/system/framework/ext.jar:/system/framework/telephony-common.jar:/system/framework/voip-common.jar:/system/framework/ims-common.jar:/system/framework/android.test.base.jar
07-02 02:51:50.454  8508  8564 I Icing   : Usage reports ok 1, Failed Usage reports 0, indexed 0, rejected 0
07-02 02:51:50.456  8508  8564 W Icing   : No valid account for uploading user actions
07-02 02:51:50.464  8508  8564 I Icing   : Usage reports ok 0, Failed Usage reports 0, indexed 0, rejected 0
07-02 02:51:50.465  8508  8564 I Icing   : Indexing com.google.android.gms-apps from com.google.android.gms
07-02 02:51:50.472  8508  8564 I Icing   : Indexing done com.google.android.gms-apps
07-02 02:51:50.813  1800  2423 E GnssHAL_GnssInterface: gnssSvStatusCb: a: input svInfo.flags is 8
07-02 02:51:50.814  1800  2423 E GnssHAL_GnssInterface: gnssSvStatusCb: b: input svInfo.flags is 8
07-02 02:51:50.977  2034  2061 I RoleUserState: Wrote roles.xml successfully
07-02 02:51:51.425 13457 13457 I dex2oat : Explicit concurrent copying GC freed 17647(4164KB) AllocSpace objects, 0(0B) LOS objects, 99% free, 424B/1536KB, paused 276us total 2.585ms
07-02 02:51:51.502 13457 13457 I dex2oat : dex2oat took 1.061s (2.904s cpu) (threads: 4) arena alloc=3592B (3592B) java alloc=16KB (16808B) native alloc=6449KB (6604304B) free=710KB (727536B)
07-02 02:51:51.507  1845  2817 V installd: DexInv: --- END '/data/app/org.shadowice.flocke.andotp-lWRkYM87cYqeGF3xO5OyOA==/base.apk' (success) ---
07-02 02:51:51.508  2034  2074 V BackupManagerService: restoreAtInstall pkg=org.shadowice.flocke.andotp token=6 restoreSet=0
07-02 02:51:51.509  2034  2074 V BackupManagerService: Finishing install immediately
07-02 02:51:51.511  1687  2365 D vold    : Remounting 10137 as mode default
07-02 02:51:51.513  1781  2326 I netd    : trafficSetNetPermForUids(0, [10137]) <0.04ms>
07-02 02:51:51.513  1845  2817 E         : Couldn't opendir /data/app/vmdl187956347.tmp: No such file or directory
07-02 02:51:51.513  1845  2817 E installd: Failed to delete /data/app/vmdl187956347.tmp: No such file or directory
07-02 02:51:51.507  2034  2034 W Binder:2034_12: type=1400 audit(0.0:403): avc: denied { getopt } for scontext=u:r:system_server:s0 tcontext=u:r:shell:s0 tclass=unix_stream_socket permissive=0
07-02 02:51:51.537  2034  2061 E system_server: No package ID 7f found for ID 0x7f0800aa.
07-02 02:51:51.537  2034  2061 E system_server: No package ID 7f found for ID 0x7f110ce2.
07-02 02:51:51.537  2034  2061 E system_server: No package ID 7f found for ID 0x7f110ce2.
07-02 02:51:51.537  2034  2061 E system_server: No package ID 7f found for ID 0x7f0800b6.
07-02 02:51:51.537  2034  2061 E system_server: No package ID 7f found for ID 0x7f110ce1.
07-02 02:51:51.537  2034  2061 E system_server: No package ID 7f found for ID 0x7f110ce1.
07-02 02:51:51.537  2034  2061 E system_server: No package ID 7f found for ID 0x7f0800b1.
07-02 02:51:51.537  2034  2061 E system_server: No package ID 7f found for ID 0x7f110ce0.
07-02 02:51:51.542  2034  2034 I RoleManagerService: Granting default permissions...
07-02 02:51:51.537  2034  2061 E system_server: No package ID 7f found for ID 0x7f110ce0.
07-02 02:51:51.547  7306  7306 I Finsky  : [2] ycb.d(13): PackageMonitorReceiverImpl - Received: android.intent.action.PACKAGE_ADDED, [pgQjaR5zZ8Ar6Mvk2vwPOC8aHqKZVFVF27Ljcd7c_Kg]
07-02 02:51:51.547  7306  7306 I Finsky  : [2] ydc.g(1): Invalidating cached PackageState for org.shadowice.flocke.andotp
07-02 02:51:51.548  2034  3303 W BroadcastQueue: Background execution not allowed: receiving Intent { act=android.intent.action.PACKAGE_ADDED dat=package:org.shadowice.flocke.andotp flg=0x4000010 (has extras) } to com.google.android.packageinstaller/com.android.packageinstaller.PackageInstalledReceiver
07-02 02:51:51.550  2661  3703 E ActivityThread: Failed to find provider info for com.google.android.apps.wellbeing.api
07-02 02:51:51.554  7306  7306 I Finsky  : [2] ouk.d(2): Frosting ID looked up on UI thread. Caller should move to a background thread.
07-02 02:51:51.555  2034  2062 W BroadcastQueue: Background execution not allowed: receiving Intent { act=android.intent.action.PACKAGE_ADDED dat=package:org.shadowice.flocke.andotp flg=0x4000010 (has extras) } to com.android.musicfx/.Compatibility$Receiver
07-02 02:51:51.555  2034  2062 W BroadcastQueue: Background execution not allowed: receiving Intent { act=android.intent.action.PACKAGE_ADDED dat=package:org.shadowice.flocke.andotp flg=0x4000010 (has extras) } to com.android.vending/com.google.android.finsky.packagemanager.impl.PackageMonitorReceiverImpl$RegisteredReceiver
07-02 02:51:51.555  2034  2062 W BroadcastQueue: Background execution not allowed: receiving Intent { act=android.intent.action.PACKAGE_ADDED dat=package:org.shadowice.flocke.andotp flg=0x4000010 (has extras) } to com.google.android.gms/.games.chimera.GamesSystemBroadcastReceiverProxy
07-02 02:51:51.555  2034  2062 W BroadcastQueue: Background execution not allowed: receiving Intent { act=android.intent.action.PACKAGE_ADDED dat=package:org.shadowice.flocke.andotp flg=0x4000010 (has extras) } to com.google.android.gms/.gass.chimera.PackageChangeBroadcastReceiver
07-02 02:51:51.556  2034  2062 W BroadcastQueue: Background execution not allowed: receiving Intent { act=android.intent.action.PACKAGE_ADDED dat=package:org.shadowice.flocke.andotp flg=0x4000010 (has extras) } to com.google.android.gms/.chimera.GmsIntentOperationService$PersistentTrustedReceiver
07-02 02:51:51.556  2034  2062 W BroadcastQueue: Background execution not allowed: receiving Intent { act=android.intent.action.PACKAGE_ADDED dat=package:org.shadowice.flocke.andotp flg=0x4000010 (has extras) } to com.google.android.googlequicksearchbox/com.google.android.apps.gsa.googlequicksearchbox.GelStubAppWatcher
07-02 02:51:51.556  2034  2062 W BroadcastQueue: Background execution not allowed: receiving Intent { act=android.intent.action.PACKAGE_ADDED dat=package:org.shadowice.flocke.andotp flg=0x4000010 (has extras) } to com.google.android.ims/.receivers.RcsAutoStartReceiver
07-02 02:51:51.560  7306  7306 I Finsky  : [2] alxk.a(3): Do not start WearSupportService due to Wear service optimization
07-02 02:51:51.560  7306  7306 I Finsky  : [2] alxk.a(3): Do not start WearSupportService due to Wear service optimization
