07-02 02:52:15.085 13654 13654 I AccessibilityNodeInfoDumper: Skipping invisible child: android.view.accessibility.AccessibilityNodeInfo@1bc11; boundsInParent: Rect(0, 0 - 1080, 1582); boundsInScreen: Rect(1080, 63 - 1080, 1645); packageName: org.shadowice.flocke.andotp; className: android.widget.ScrollView; text: null; error: null; maxTextLength: -1; contentDescription: null; tooltipText: null; viewIdResName: null; checkable: false; checked: false; focusable: true; focused: false; selected: false; clickable: false; longClickable: false; contextClickable: false; enabled: true; password: false; scrollable: false; importantForAccessibility: true; visible: false; actions: [AccessibilityAction: ACTION_FOCUS - null, AccessibilityAction: ACTION_SELECT - null, AccessibilityAction: ACTION_CLEAR_SELECTION - null, AccessibilityAction: ACTION_ACCESSIBILITY_FOCUS - null, AccessibilityAction: ACTION_SHOW_ON_SCREEN - null]
07-02 02:52:15.085 13654 13654 I AccessibilityNodeInfoDumper: Skipping invisible child: android.view.accessibility.AccessibilityNodeInfo@18f05; boundsInParent: Rect(0, 0 - 147, 147); boundsInScreen: Rect(42, 1983 - 189, 1794); packageName: org.shadowice.flocke.andotp; className: android.widget.ImageButton; text: null; error: null; maxTextLength: -1; contentDescription: Back; tooltipText: null; viewIdResName: org.shadowice.flocke.andotp:id/mi_button_back; checkable: false; checked: false; focusable: true; focused: false; selected: false; clickable: true; longClickable: true; contextClickable: false; enabled: true; password: false; scrollable: false; importantForAccessibility: true; visible: false; actions: [AccessibilityAction: ACTION_FOCUS - null, AccessibilityAction: ACTION_SELECT - null, AccessibilityAction: ACTION_CLEAR_SELECTION - null, AccessibilityAction: ACTION_CLICK - null, AccessibilityAction: ACTION_LONG_CLICK - null, AccessibilityAction: ACTION_ACCESSIBILITY_FOCUS - null, AccessibilityAction: ACTION_NEXT_AT_MOVEMENT_GRANULARITY - null, AccessibilityAction: ACTION_PREVIOUS_AT_MOVEMENT_GRANULARITY - null, AccessibilityAction: ACTION_SET_SELECTION - null, AccessibilityAction: ACTION_SHOW_ON_SCREEN - null]
07-02 02:52:15.086 13654 13654 W AccessibilityNodeInfoDumper: Fetch time: 4ms
07-02 02:52:14.067  2034  2034 V SettingsProvider: Notifying for 0: content://settings/secure/accessibility_enabled
07-02 02:52:15.088  2034  2258 W WindowManager: removeWindowToken: Attempted to remove non-existing token: android.os.Binder@487a531
07-02 02:52:15.088  2034  2034 V SettingsProvider: Notifying for 0: content://settings/secure/accessibility_enabled
07-02 02:52:15.096 13654 13654 D AndroidRuntime: Shutting down VM
07-02 02:52:15.370 13677 13677 D AndroidRuntime: >>>>>> START com.android.internal.os.RuntimeInit uid 2000 <<<<<<
07-02 02:52:15.373 13677 13677 E libc    : Access denied finding property "persist.device_config.runtime_native_boot.enable_apex_image"
07-02 02:52:15.373 13677 13677 I AndroidRuntime: Using default boot image
07-02 02:52:15.367 13677 13677 W app_process: type=1400 audit(0.0:429): avc: denied { read } for name="u:object_r:device_config_runtime_native_boot_prop:s0" dev="tmpfs" ino=167 scontext=u:r:shell:s0 tcontext=u:object_r:device_config_runtime_native_boot_prop:s0 tclass=file permissive=0
07-02 02:52:15.373 13677 13677 E libc    : Access denied finding property "persist.device_config.runtime_native_boot.disable_lock_profiling"
07-02 02:52:15.373 13677 13677 I AndroidRuntime: Leaving lock profiling enabled
07-02 02:52:15.373 13677 13677 E libc    : Access denied finding property "persist.device_config.runtime_native_boot.enable_generational_cc"
07-02 02:52:15.367 13677 13677 W app_process: type=1400 audit(0.0:431): avc: denied { read } for name="u:object_r:device_config_runtime_native_boot_prop:s0" dev="tmpfs" ino=167 scontext=u:r:shell:s0 tcontext=u:object_r:device_config_runtime_native_boot_prop:s0 tclass=file permissive=0
07-02 02:52:15.425 13677 13677 D ICU     : Time zone APEX file found: /apex/com.android.tzdata/etc/icu/icu_tzdata.dat
07-02 02:52:15.428 13677 13677 W app_process: Unexpected CPU variant for X86 using defaults: x86
07-02 02:52:15.431 13677 13677 I app_process: The ClassLoaderContext is a special shared library.
07-02 02:52:15.432 13677 13677 I app_process: The ClassLoaderContext is a special shared library.
07-02 02:52:15.447 13677 13677 W app_process: JNI RegisterNativeMethods: attempt to register 0 native methods for android.media.AudioAttributes
07-02 02:52:15.450 13677 13677 D AndroidRuntime: Calling main entry com.android.commands.uiautomator.Launcher
07-02 02:52:15.869  1800  2423 E GnssHAL_GnssInterface: gnssSvStatusCb: a: input svInfo.flags is 8
07-02 02:52:15.869  1800  2423 E GnssHAL_GnssInterface: gnssSvStatusCb: b: input svInfo.flags is 8
07-02 02:52:16.475 13677 13677 I AccessibilityNodeInfoDumper: Skipping invisible child: android.view.accessibility.AccessibilityNodeInfo@1bc20; boundsInParent: Rect(0, 0 - 1080, 1582); boundsInScreen: Rect(1080, 63 - 1080, 1645); packageName: org.shadowice.flocke.andotp; className: android.widget.ScrollView; text: null; error: null; maxTextLength: -1; contentDescription: null; tooltipText: null; viewIdResName: null; checkable: false; checked: false; focusable: true; focused: false; selected: false; clickable: false; longClickable: false; contextClickable: false; enabled: true; password: false; scrollable: false; importantForAccessibility: true; visible: false; actions: [AccessibilityAction: ACTION_FOCUS - null, AccessibilityAction: ACTION_SELECT - null, AccessibilityAction: ACTION_CLEAR_SELECTION - null, AccessibilityAction: ACTION_ACCESSIBILITY_FOCUS - null, AccessibilityAction: ACTION_SHOW_ON_SCREEN - null]
07-02 02:52:16.477 13677 13677 I AccessibilityNodeInfoDumper: Skipping invisible child: android.view.accessibility.AccessibilityNodeInfo@18f14; boundsInParent: Rect(0, 0 - 147, 147); boundsInScreen: Rect(42, 1983 - 189, 1794); packageName: org.shadowice.flocke.andotp; className: android.widget.ImageButton; text: null; error: null; maxTextLength: -1; contentDescription: Back; tooltipText: null; viewIdResName: org.shadowice.flocke.andotp:id/mi_button_back; checkable: false; checked: false; focusable: true; focused: false; selected: false; clickable: true; longClickable: true; contextClickable: false; enabled: true; password: false; scrollable: false; importantForAccessibility: true; visible: false; actions: [AccessibilityAction: ACTION_FOCUS - null, AccessibilityAction: ACTION_SELECT - null, AccessibilityAction: ACTION_CLEAR_SELECTION - null, AccessibilityAction: ACTION_CLICK - null, AccessibilityAction: ACTION_LONG_CLICK - null, AccessibilityAction: ACTION_ACCESSIBILITY_FOCUS - null, AccessibilityAction: ACTION_NEXT_AT_MOVEMENT_GRANULARITY - null, AccessibilityAction: ACTION_PREVIOUS_AT_MOVEMENT_GRANULARITY - null, AccessibilityAction: ACTION_SET_SELECTION - null, AccessibilityAction: ACTION_SHOW_ON_SCREEN - null]
07-02 02:52:16.477 13677 13677 W AccessibilityNodeInfoDumper: Fetch time: 4ms
07-02 02:52:15.459  2034  2034 V SettingsProvider: Notifying for 0: content://settings/secure/accessibility_enabled
07-02 02:52:16.478  2034  2305 W WindowManager: removeWindowToken: Attempted to remove non-existing token: android.os.Binder@e077ff0
07-02 02:52:16.479  2034  2034 V SettingsProvider: Notifying for 0: content://settings/secure/accessibility_enabled
07-02 02:52:16.484 13677 13677 D AndroidRuntime: Shutting down VM
07-02 02:52:16.619  1801  1942 D gralloc_ranchu: gralloc_alloc: Creating ashmem region of size 8298496
07-02 02:52:16.653  1684  1684 I hwservicemanager: getTransport: Cannot find entry android.hardware.graphics.mapper@3.0::IMapper/default in either framework or device manifest.
07-02 02:52:16.653 13695 13695 W Gralloc3: mapper 3.x is not supported
07-02 02:52:16.660 13695 13695 D HostConnection: createUnique: call
07-02 02:52:16.660 13695 13695 D HostConnection: HostConnection::get() New Host Connection established 0xea012d70, tid 13695
07-02 02:52:16.665 13695 13695 D HostConnection: HostComposition ext ANDROID_EMU_CHECKSUM_HELPER_v1 ANDROID_EMU_native_sync_v2 ANDROID_EMU_native_sync_v3 ANDROID_EMU_native_sync_v4 ANDROID_EMU_dma_v1 ANDROID_EMU_direct_mem ANDROID_EMU_host_composition_v1 ANDROID_EMU_host_composition_v2 ANDROID_EMU_YUV420_888_to_NV21 ANDROID_EMU_YUV_Cache ANDROID_EMU_async_unmap_buffer GL_OES_EGL_image_external_essl3 GL_OES_vertex_array_object GL_KHR_texture_compression_astc_ldr ANDROID_EMU_host_side_tracing ANDROID_EMU_gles_max_version_3_0 
07-02 02:52:16.666 13695 13695 D eglCodecCommon: allocate: Ask for block of size 0x1000
07-02 02:52:16.666 13695 13695 D eglCodecCommon: allocate: ioctl allocate returned offset 0x3ff7fb000 size 0x2000
07-02 02:52:16.681 13695 13695 D eglCodecCommon: allocate: Ask for block of size 0x7ea000
07-02 02:52:16.681 13695 13695 D eglCodecCommon: allocate: ioctl allocate returned offset 0x3ff012000 size 0x7eb000
07-02 02:52:16.808  2034  2061 E memtrack: Couldn't load memtrack module
07-02 02:52:16.808  2034  2061 W android.os.Debug: failed to get memory consumption info: -1
07-02 02:52:16.816  3273 13703 I MediaProvider: Begin Intent { act=android.intent.action.MEDIA_SCANNER_SCAN_FILE dat=file:///sdcard/screen.png flg=0x1400010 cmp=com.android.providers.media/.MediaService }
07-02 02:52:16.823  3273 13703 W ExifInterface: Invalid image: ExifInterface got an unsupported image format file(ExifInterface supports JPEG and some RAW image formats only) or a corrupted JPEG file to ExifInterface.
07-02 02:52:16.823  3273 13703 W ExifInterface: java.io.IOException: Invalid byte order: ffff8950
07-02 02:52:16.823  3273 13703 W ExifInterface: 	at android.media.ExifInterface.readByteOrder(ExifInterface.java:3121)
07-02 02:52:16.823  3273 13703 W ExifInterface: 	at android.media.ExifInterface.isOrfFormat(ExifInterface.java:2437)
07-02 02:52:16.823  3273 13703 W ExifInterface: 	at android.media.ExifInterface.getMimeType(ExifInterface.java:2315)
07-02 02:52:16.823  3273 13703 W ExifInterface: 	at android.media.ExifInterface.loadAttributes(ExifInterface.java:1753)
07-02 02:52:16.823  3273 13703 W ExifInterface: 	at android.media.ExifInterface.<init>(ExifInterface.java:1447)
07-02 02:52:16.823  3273 13703 W ExifInterface: 	at com.android.providers.media.scan.ModernMediaScanner.scanItemImage(ModernMediaScanner.java:729)
07-02 02:52:16.823  3273 13703 W ExifInterface: 	at com.android.providers.media.scan.ModernMediaScanner.scanItem(ModernMediaScanner.java:502)
07-02 02:52:16.823  3273 13703 W ExifInterface: 	at com.android.providers.media.scan.ModernMediaScanner.access$500(ModernMediaScanner.java:118)
07-02 02:52:16.823  3273 13703 W ExifInterface: 	at com.android.providers.media.scan.ModernMediaScanner$Scan.visitFile(ModernMediaScanner.java:406)
07-02 02:52:16.823  3273 13703 W ExifInterface: 	at com.android.providers.media.scan.ModernMediaScanner$Scan.visitFile(ModernMediaScanner.java:207)
07-02 02:52:16.823  3273 13703 W ExifInterface: 	at java.nio.file.Files.walkFileTree(Files.java:2670)
07-02 02:52:16.823  3273 13703 W ExifInterface: 	at java.nio.file.Files.walkFileTree(Files.java:2742)
07-02 02:52:16.823  3273 13703 W ExifInterface: 	at com.android.providers.media.scan.ModernMediaScanner$Scan.walkFileTree(ModernMediaScanner.java:267)
07-02 02:52:16.823  3273 13703 W ExifInterface: 	at com.android.providers.media.scan.ModernMediaScanner$Scan.run(ModernMediaScanner.java:245)
07-02 02:52:16.823  3273 13703 W ExifInterface: 	at com.android.providers.media.scan.ModernMediaScanner.scanFile(ModernMediaScanner.java:174)
07-02 02:52:16.823  3273 13703 W ExifInterface: 	at com.android.providers.media.MediaService.onScanFile(MediaService.java:164)
07-02 02:52:16.823  3273 13703 W ExifInterface: 	at com.android.providers.media.MediaService.onHandleIntent(MediaService.java:90)
07-02 02:52:16.823  3273 13703 W ExifInterface: 	at android.app.IntentService$ServiceHandler.handleMessage(IntentService.java:78)
07-02 02:52:16.823  3273 13703 W ExifInterface: 	at android.os.Handler.dispatchMessage(Handler.java:107)
07-02 02:52:16.823  3273 13703 W ExifInterface: 	at android.os.Looper.loop(Looper.java:214)
07-02 02:52:16.823  3273 13703 W ExifInterface: 	at android.os.HandlerThread.run(HandlerThread.java:67)
07-02 02:52:16.827  3273 13703 I MediaProvider: End Intent { act=android.intent.action.MEDIA_SCANNER_SCAN_FILE dat=file:///sdcard/screen.png flg=0x1400010 cmp=com.android.providers.media/.MediaService }
07-02 02:52:16.834  2034  3019 W ActivityManager: Background start not allowed: service Intent { cmp=com.google.android.apps.photos/com.google.android.libraries.social.mediamonitor.BackgroundThreadNotifierIntentService (has extras) } to com.google.android.apps.photos/com.google.android.libraries.social.mediamonitor.BackgroundThreadNotifierIntentService from pid=9370 uid=10117 pkg=com.google.android.apps.photos startFg?=false
07-02 02:52:16.871  1800  2423 E GnssHAL_GnssInterface: gnssSvStatusCb: a: input svInfo.flags is 8
07-02 02:52:16.871  1800  2423 E GnssHAL_GnssInterface: gnssSvStatusCb: b: input svInfo.flags is 8
07-02 02:52:16.975  7776 13379 I NetworkScheduler.Stats: Task com.google.android.gms/com.google.android.gms.ipa.base.IpaGcmTaskService started execution. cause:9 exec_start_elapsed_seconds: 7240 [CONTEXT service_id=218 ]
07-02 02:52:16.979  7776  7776 D BoundBrokerSvc: onBind: Intent { act=com.google.android.gms.scheduler.ACTION_PROXY_SCHEDULE dat=chimera-action:com.google.android.gms.scheduler.ACTION_PROXY_SCHEDULE cmp=com.google.android.gms/.chimera.PersistentApiService }
07-02 02:52:16.980  7776  7776 D BoundBrokerSvc: Loading bound service for intent: Intent { act=com.google.android.gms.scheduler.ACTION_PROXY_SCHEDULE dat=chimera-action:com.google.android.gms.scheduler.ACTION_PROXY_SCHEDULE cmp=com.google.android.gms/.chimera.PersistentApiService }
07-02 02:52:16.997  7776 13704 I NetworkScheduler.Stats: Task com.google.android.gms/com.google.android.gms.ipa.base.IpaGcmTaskService finished executing. cause:9 result: 1 elapsed_millis: 85 uptime_millis: 85 exec_start_elapsed_seconds: 7240 [CONTEXT service_id=218 ]
07-02 02:52:17.874  1800  2423 E GnssHAL_GnssInterface: gnssSvStatusCb: a: input svInfo.flags is 8
07-02 02:52:17.874  1800  2423 E GnssHAL_GnssInterface: gnssSvStatusCb: b: input svInfo.flags is 8
07-02 02:52:18.879  1800  2423 E GnssHAL_GnssInterface: gnssSvStatusCb: a: input svInfo.flags is 8
07-02 02:52:18.879  1800  2423 E GnssHAL_GnssInterface: gnssSvStatusCb: b: input svInfo.flags is 8
07-02 02:52:18.977 13708 13708 W app_process: type=1400 audit(0.0:432): avc: denied { read } for name="u:object_r:device_config_runtime_native_boot_prop:s0" dev="tmpfs" ino=167 scontext=u:r:shell:s0 tcontext=u:object_r:device_config_runtime_native_boot_prop:s0 tclass=file permissive=0
07-02 02:52:18.977 13708 13708 I chatty  : uid=2000(shell) app_process identical 1 line
07-02 02:52:18.977 13708 13708 W app_process: type=1400 audit(0.0:434): avc: denied { read } for name="u:object_r:device_config_runtime_native_boot_prop:s0" dev="tmpfs" ino=167 scontext=u:r:shell:s0 tcontext=u:object_r:device_config_runtime_native_boot_prop:s0 tclass=file permissive=0
07-02 02:52:18.987 13708 13708 D AndroidRuntime: >>>>>> START com.android.internal.os.RuntimeInit uid 2000 <<<<<<
07-02 02:52:18.989 13708 13708 E libc    : Access denied finding property "persist.device_config.runtime_native_boot.enable_apex_image"
07-02 02:52:18.989 13708 13708 I AndroidRuntime: Using default boot image
07-02 02:52:18.989 13708 13708 E libc    : Access denied finding property "persist.device_config.runtime_native_boot.disable_lock_profiling"
07-02 02:52:18.989 13708 13708 I AndroidRuntime: Leaving lock profiling enabled
07-02 02:52:18.989 13708 13708 E libc    : Access denied finding property "persist.device_config.runtime_native_boot.enable_generational_cc"
07-02 02:52:19.031 13708 13708 D ICU     : Time zone APEX file found: /apex/com.android.tzdata/etc/icu/icu_tzdata.dat
07-02 02:52:19.035 13708 13708 W app_process: Unexpected CPU variant for X86 using defaults: x86
07-02 02:52:19.038 13708 13708 I app_process: The ClassLoaderContext is a special shared library.
07-02 02:52:19.038 13708 13708 I app_process: The ClassLoaderContext is a special shared library.
07-02 02:52:19.051 13708 13708 W app_process: JNI RegisterNativeMethods: attempt to register 0 native methods for android.media.AudioAttributes
07-02 02:52:19.054 13708 13708 D AndroidRuntime: Calling main entry com.android.commands.uiautomator.Launcher
07-02 02:52:16.838  2034  3019 W ActivityManager: Background start not allowed: service Intent { cmp=com.google.android.apps.photos/com.google.android.libraries.social.mediamonitor.BackgroundThreadNotifierIntentService (has extras) } to com.google.android.apps.photos/com.google.android.libraries.social.mediamonitor.BackgroundThreadNotifierIntentService from pid=9370 uid=10117 pkg=com.google.android.apps.photos startFg?=false
07-02 02:52:19.061  2034  2034 V SettingsProvider: Notifying for 0: content://settings/secure/accessibility_enabled
07-02 02:52:19.884  1800  2423 E GnssHAL_GnssInterface: gnssSvStatusCb: a: input svInfo.flags is 8
07-02 02:52:19.884  1800  2423 E GnssHAL_GnssInterface: gnssSvStatusCb: b: input svInfo.flags is 8
07-02 02:52:20.076 13708 13708 I AccessibilityNodeInfoDumper: Skipping invisible child: android.view.accessibility.AccessibilityNodeInfo@1bc32; boundsInParent: Rect(0, 0 - 1080, 1582); boundsInScreen: Rect(1080, 63 - 1080, 1645); packageName: org.shadowice.flocke.andotp; className: android.widget.ScrollView; text: null; error: null; maxTextLength: -1; contentDescription: null; tooltipText: null; viewIdResName: null; checkable: false; checked: false; focusable: true; focused: false; selected: false; clickable: false; longClickable: false; contextClickable: false; enabled: true; password: false; scrollable: false; importantForAccessibility: true; visible: false; actions: [AccessibilityAction: ACTION_FOCUS - null, AccessibilityAction: ACTION_SELECT - null, AccessibilityAction: ACTION_CLEAR_SELECTION - null, AccessibilityAction: ACTION_ACCESSIBILITY_FOCUS - null, AccessibilityAction: ACTION_SHOW_ON_SCREEN - null]
07-02 02:52:20.076 13708 13708 I AccessibilityNodeInfoDumper: Skipping invisible child: android.view.accessibility.AccessibilityNodeInfo@18f26; boundsInParent: Rect(0, 0 - 147, 147); boundsInScreen: Rect(42, 1983 - 189, 1794); packageName: org.shadowice.flocke.andotp; className: android.widget.ImageButton; text: null; error: null; maxTextLength: -1; contentDescription: Back; tooltipText: null; viewIdResName: org.shadowice.flocke.andotp:id/mi_button_back; checkable: false; checked: false; focusable: true; focused: false; selected: false; clickable: true; longClickable: true; contextClickable: false; enabled: true; password: false; scrollable: false; importantForAccessibility: true; visible: false; actions: [AccessibilityAction: ACTION_FOCUS - null, AccessibilityAction: ACTION_SELECT - null, AccessibilityAction: ACTION_CLEAR_SELECTION - null, AccessibilityAction: ACTION_CLICK - null, AccessibilityAction: ACTION_LONG_CLICK - null, AccessibilityAction: ACTION_ACCESSIBILITY_FOCUS - null, AccessibilityAction: ACTION_NEXT_AT_MOVEMENT_GRANULARITY - null, AccessibilityAction: ACTION_PREVIOUS_AT_MOVEMENT_GRANULARITY - null, AccessibilityAction: ACTION_SET_SELECTION - null, AccessibilityAction: ACTION_SHOW_ON_SCREEN - null]
07-02 02:52:20.077 13708 13708 W AccessibilityNodeInfoDumper: Fetch time: 3ms
07-02 02:52:20.077  2034  7700 W WindowManager: removeWindowToken: Attempted to remove non-existing token: android.os.Binder@3b49c9b
07-02 02:52:20.079  2034  2034 V SettingsProvider: Notifying for 0: content://settings/secure/accessibility_enabled
07-02 02:52:20.085 13708 13708 D AndroidRuntime: Shutting down VM
07-02 02:52:20.887  1800  2423 E GnssHAL_GnssInterface: gnssSvStatusCb: a: input svInfo.flags is 8
07-02 02:52:20.887  1800  2423 E GnssHAL_GnssInterface: gnssSvStatusCb: b: input svInfo.flags is 8
07-02 02:52:21.889  1800  2423 E GnssHAL_GnssInterface: gnssSvStatusCb: a: input svInfo.flags is 8
07-02 02:52:21.889  1800  2423 E GnssHAL_GnssInterface: gnssSvStatusCb: b: input svInfo.flags is 8
07-02 02:52:22.317 13730 13730 W app_process: type=1400 audit(0.0:435): avc: denied { read } for name="u:object_r:device_config_runtime_native_boot_prop:s0" dev="tmpfs" ino=167 scontext=u:r:shell:s0 tcontext=u:object_r:device_config_runtime_native_boot_prop:s0 tclass=file permissive=0
07-02 02:52:22.323 13730 13730 D AndroidRuntime: >>>>>> START com.android.internal.os.RuntimeInit uid 2000 <<<<<<
07-02 02:52:22.324 13730 13730 E libc    : Access denied finding property "persist.device_config.runtime_native_boot.enable_apex_image"
07-02 02:52:22.324 13730 13730 I AndroidRuntime: Using default boot image
07-02 02:52:22.325 13730 13730 E libc    : Access denied finding property "persist.device_config.runtime_native_boot.disable_lock_profiling"
07-02 02:52:22.325 13730 13730 I AndroidRuntime: Leaving lock profiling enabled
07-02 02:52:22.325 13730 13730 E libc    : Access denied finding property "persist.device_config.runtime_native_boot.enable_generational_cc"
07-02 02:52:22.366 13730 13730 D ICU     : Time zone APEX file found: /apex/com.android.tzdata/etc/icu/icu_tzdata.dat
07-02 02:52:22.369 13730 13730 W app_process: Unexpected CPU variant for X86 using defaults: x86
07-02 02:52:22.372 13730 13730 I app_process: The ClassLoaderContext is a special shared library.
07-02 02:52:22.372 13730 13730 I app_process: The ClassLoaderContext is a special shared library.
07-02 02:52:22.388 13730 13730 W app_process: JNI RegisterNativeMethods: attempt to register 0 native methods for android.media.AudioAttributes
07-02 02:52:22.391 13730 13730 D AndroidRuntime: Calling main entry com.android.commands.uiautomator.Launcher
07-02 02:52:22.894  1800  2423 E GnssHAL_GnssInterface: gnssSvStatusCb: a: input svInfo.flags is 8
07-02 02:52:22.894  1800  2423 E GnssHAL_GnssInterface: gnssSvStatusCb: b: input svInfo.flags is 8
07-02 02:52:23.411 13730 13730 I AccessibilityNodeInfoDumper: Skipping invisible child: android.view.accessibility.AccessibilityNodeInfo@1bc3e; boundsInParent: Rect(0, 0 - 1080, 1582); boundsInScreen: Rect(1080, 63 - 1080, 1645); packageName: org.shadowice.flocke.andotp; className: android.widget.ScrollView; text: null; error: null; maxTextLength: -1; contentDescription: null; tooltipText: null; viewIdResName: null; checkable: false; checked: false; focusable: true; focused: false; selected: false; clickable: false; longClickable: false; contextClickable: false; enabled: true; password: false; scrollable: false; importantForAccessibility: true; visible: false; actions: [AccessibilityAction: ACTION_FOCUS - null, AccessibilityAction: ACTION_SELECT - null, AccessibilityAction: ACTION_CLEAR_SELECTION - null, AccessibilityAction: ACTION_ACCESSIBILITY_FOCUS - null, AccessibilityAction: ACTION_SHOW_ON_SCREEN - null]
07-02 02:52:23.412 13730 13730 I AccessibilityNodeInfoDumper: Skipping invisible child: android.view.accessibility.AccessibilityNodeInfo@18f32; boundsInParent: Rect(0, 0 - 147, 147); boundsInScreen: Rect(42, 1983 - 189, 1794); packageName: org.shadowice.flocke.andotp; className: android.widget.ImageButton; text: null; error: null; maxTextLength: -1; contentDescription: Back; tooltipText: null; viewIdResName: org.shadowice.flocke.andotp:id/mi_button_back; checkable: false; checked: false; focusable: true; focused: false; selected: false; clickable: true; longClickable: true; contextClickable: false; enabled: true; password: false; scrollable: false; importantForAccessibility: true; visible: false; actions: [AccessibilityAction: ACTION_FOCUS - null, AccessibilityAction: ACTION_SELECT - null, AccessibilityAction: ACTION_CLEAR_SELECTION - null, AccessibilityAction: ACTION_CLICK - null, AccessibilityAction: ACTION_LONG_CLICK - null, AccessibilityAction: ACTION_ACCESSIBILITY_FOCUS - null, AccessibilityAction: ACTION_NEXT_AT_MOVEMENT_GRANULARITY - null, AccessibilityAction: ACTION_PREVIOUS_AT_MOVEMENT_GRANULARITY - null, AccessibilityAction: ACTION_SET_SELECTION - null, AccessibilityAction: ACTION_SHOW_ON_SCREEN - null]
07-02 02:52:23.412 13730 13730 W AccessibilityNodeInfoDumper: Fetch time: 3ms
07-02 02:52:22.398  2034  2034 V SettingsProvider: Notifying for 0: content://settings/secure/accessibility_enabled
07-02 02:52:23.413  2034  3019 W WindowManager: removeWindowToken: Attempted to remove non-existing token: android.os.Binder@4381c4d
07-02 02:52:23.414  2034  2034 V SettingsProvider: Notifying for 0: content://settings/secure/accessibility_enabled
07-02 02:52:23.422 13730 13730 D AndroidRuntime: Shutting down VM
07-02 02:52:23.683 13752 13752 D AndroidRuntime: >>>>>> START com.android.internal.os.RuntimeInit uid 2000 <<<<<<
07-02 02:52:23.677 13752 13752 W app_process: type=1400 audit(0.0:438): avc: denied { read } for name="u:object_r:device_config_runtime_native_boot_prop:s0" dev="tmpfs" ino=167 scontext=u:r:shell:s0 tcontext=u:object_r:device_config_runtime_native_boot_prop:s0 tclass=file permissive=0
07-02 02:52:23.685 13752 13752 E libc    : Access denied finding property "persist.device_config.runtime_native_boot.enable_apex_image"
07-02 02:52:23.686 13752 13752 I AndroidRuntime: Using default boot image
07-02 02:52:23.686 13752 13752 E libc    : Access denied finding property "persist.device_config.runtime_native_boot.disable_lock_profiling"
07-02 02:52:23.686 13752 13752 I AndroidRuntime: Leaving lock profiling enabled
07-02 02:52:23.686 13752 13752 E libc    : Access denied finding property "persist.device_config.runtime_native_boot.enable_generational_cc"
07-02 02:52:23.677 13752 13752 W app_process: type=1400 audit(0.0:440): avc: denied { read } for name="u:object_r:device_config_runtime_native_boot_prop:s0" dev="tmpfs" ino=167 scontext=u:r:shell:s0 tcontext=u:object_r:device_config_runtime_native_boot_prop:s0 tclass=file permissive=0
07-02 02:52:23.687 13752 13752 W app_process: Could not reserve sentinel fault page
07-02 02:52:23.736 13752 13752 D ICU     : Time zone APEX file found: /apex/com.android.tzdata/etc/icu/icu_tzdata.dat
07-02 02:52:23.740 13752 13752 W app_process: Unexpected CPU variant for X86 using defaults: x86
07-02 02:52:23.743 13752 13752 I app_process: The ClassLoaderContext is a special shared library.
07-02 02:52:23.744 13752 13752 I app_process: The ClassLoaderContext is a special shared library.
07-02 02:52:23.760 13752 13752 W app_process: JNI RegisterNativeMethods: attempt to register 0 native methods for android.media.AudioAttributes
07-02 02:52:23.764 13752 13752 D AndroidRuntime: Calling main entry com.android.commands.uiautomator.Launcher
07-02 02:52:23.897  1800  2423 E GnssHAL_GnssInterface: gnssSvStatusCb: a: input svInfo.flags is 8
07-02 02:52:23.898  1800  2423 E GnssHAL_GnssInterface: gnssSvStatusCb: b: input svInfo.flags is 8
07-02 02:52:24.792 13752 13752 I AccessibilityNodeInfoDumper: Skipping invisible child: android.view.accessibility.AccessibilityNodeInfo@1bc54; boundsInParent: Rect(0, 0 - 1080, 1582); boundsInScreen: Rect(1080, 63 - 1080, 1645); packageName: org.shadowice.flocke.andotp; className: android.widget.ScrollView; text: null; error: null; maxTextLength: -1; contentDescription: null; tooltipText: null; viewIdResName: null; checkable: false; checked: false; focusable: true; focused: false; selected: false; clickable: false; longClickable: false; contextClickable: false; enabled: true; password: false; scrollable: false; importantForAccessibility: true; visible: false; actions: [AccessibilityAction: ACTION_FOCUS - null, AccessibilityAction: ACTION_SELECT - null, AccessibilityAction: ACTION_CLEAR_SELECTION - null, AccessibilityAction: ACTION_ACCESSIBILITY_FOCUS - null, AccessibilityAction: ACTION_SHOW_ON_SCREEN - null]
07-02 02:52:24.792 13752 13752 I AccessibilityNodeInfoDumper: Skipping invisible child: android.view.accessibility.AccessibilityNodeInfo@18f48; boundsInParent: Rect(0, 0 - 147, 147); boundsInScreen: Rect(42, 1983 - 189, 1794); packageName: org.shadowice.flocke.andotp; className: android.widget.ImageButton; text: null; error: null; maxTextLength: -1; contentDescription: Back; tooltipText: null; viewIdResName: org.shadowice.flocke.andotp:id/mi_button_back; checkable: false; checked: false; focusable: true; focused: false; selected: false; clickable: true; longClickable: true; contextClickable: false; enabled: true; password: false; scrollable: false; importantForAccessibility: true; visible: false; actions: [AccessibilityAction: ACTION_FOCUS - null, AccessibilityAction: ACTION_SELECT - null, AccessibilityAction: ACTION_CLEAR_SELECTION - null, AccessibilityAction: ACTION_CLICK - null, AccessibilityAction: ACTION_LONG_CLICK - null, AccessibilityAction: ACTION_ACCESSIBILITY_FOCUS - null, AccessibilityAction: ACTION_NEXT_AT_MOVEMENT_GRANULARITY - null, AccessibilityAction: ACTION_PREVIOUS_AT_MOVEMENT_GRANULARITY - null, AccessibilityAction: ACTION_SET_SELECTION - null, AccessibilityAction: ACTION_SHOW_ON_SCREEN - null]
07-02 02:52:24.793 13752 13752 W AccessibilityNodeInfoDumper: Fetch time: 3ms
07-02 02:52:23.772  2034  2034 V SettingsProvider: Notifying for 0: content://settings/secure/accessibility_enabled
07-02 02:52:24.793  2034  3491 W WindowManager: removeWindowToken: Attempted to remove non-existing token: android.os.Binder@77cce6f
07-02 02:52:24.795  2034  2034 V SettingsProvider: Notifying for 0: content://settings/secure/accessibility_enabled
07-02 02:52:24.806 13752 13752 D AndroidRuntime: Shutting down VM
07-02 02:52:24.898  1800  2423 E GnssHAL_GnssInterface: gnssSvStatusCb: a: input svInfo.flags is 8
07-02 02:52:24.898  1800  2423 E GnssHAL_GnssInterface: gnssSvStatusCb: b: input svInfo.flags is 8
07-02 02:52:25.066 13775 13775 D AndroidRuntime: >>>>>> START com.android.internal.os.RuntimeInit uid 2000 <<<<<<
07-02 02:52:25.057 13775 13775 W app_process: type=1400 audit(0.0:441): avc: denied { read } for name="u:object_r:device_config_runtime_native_boot_prop:s0" dev="tmpfs" ino=167 scontext=u:r:shell:s0 tcontext=u:object_r:device_config_runtime_native_boot_prop:s0 tclass=file permissive=0
07-02 02:52:25.068 13775 13775 E libc    : Access denied finding property "persist.device_config.runtime_native_boot.enable_apex_image"
07-02 02:52:25.068 13775 13775 I AndroidRuntime: Using default boot image
07-02 02:52:25.057 13775 13775 W app_process: type=1400 audit(0.0:442): avc: denied { read } for name="u:object_r:device_config_runtime_native_boot_prop:s0" dev="tmpfs" ino=167 scontext=u:r:shell:s0 tcontext=u:object_r:device_config_runtime_native_boot_prop:s0 tclass=file permissive=0
07-02 02:52:25.068 13775 13775 E libc    : Access denied finding property "persist.device_config.runtime_native_boot.disable_lock_profiling"
07-02 02:52:25.068 13775 13775 I AndroidRuntime: Leaving lock profiling enabled
07-02 02:52:25.068 13775 13775 E libc    : Access denied finding property "persist.device_config.runtime_native_boot.enable_generational_cc"
07-02 02:52:25.057 13775 13775 W app_process: type=1400 audit(0.0:443): avc: denied { read } for name="u:object_r:device_config_runtime_native_boot_prop:s0" dev="tmpfs" ino=167 scontext=u:r:shell:s0 tcontext=u:object_r:device_config_runtime_native_boot_prop:s0 tclass=file permissive=0
07-02 02:52:25.111 13775 13775 D ICU     : Time zone APEX file found: /apex/com.android.tzdata/etc/icu/icu_tzdata.dat
07-02 02:52:25.114 13775 13775 W app_process: Unexpected CPU variant for X86 using defaults: x86
07-02 02:52:25.116 13775 13775 I app_process: The ClassLoaderContext is a special shared library.
07-02 02:52:25.117 13775 13775 I app_process: The ClassLoaderContext is a special shared library.
07-02 02:52:25.132 13775 13775 W app_process: JNI RegisterNativeMethods: attempt to register 0 native methods for android.media.AudioAttributes
07-02 02:52:25.134 13775 13775 D AndroidRuntime: Calling main entry com.android.commands.uiautomator.Launcher
07-02 02:52:25.901  1800  2423 E GnssHAL_GnssInterface: gnssSvStatusCb: a: input svInfo.flags is 8
07-02 02:52:25.901  1800  2423 E GnssHAL_GnssInterface: gnssSvStatusCb: b: input svInfo.flags is 8
07-02 02:52:26.159 13775 13775 I AccessibilityNodeInfoDumper: Skipping invisible child: android.view.accessibility.AccessibilityNodeInfo@1bc5d; boundsInParent: Rect(0, 0 - 1080, 1582); boundsInScreen: Rect(1080, 63 - 1080, 1645); packageName: org.shadowice.flocke.andotp; className: android.widget.ScrollView; text: null; error: null; maxTextLength: -1; contentDescription: null; tooltipText: null; viewIdResName: null; checkable: false; checked: false; focusable: true; focused: false; selected: false; clickable: false; longClickable: false; contextClickable: false; enabled: true; password: false; scrollable: false; importantForAccessibility: true; visible: false; actions: [AccessibilityAction: ACTION_FOCUS - null, AccessibilityAction: ACTION_SELECT - null, AccessibilityAction: ACTION_CLEAR_SELECTION - null, AccessibilityAction: ACTION_ACCESSIBILITY_FOCUS - null, AccessibilityAction: ACTION_SHOW_ON_SCREEN - null]
07-02 02:52:26.160 13775 13775 I AccessibilityNodeInfoDumper: Skipping invisible child: android.view.accessibility.AccessibilityNodeInfo@18f51; boundsInParent: Rect(0, 0 - 147, 147); boundsInScreen: Rect(42, 1983 - 189, 1794); packageName: org.shadowice.flocke.andotp; className: android.widget.ImageButton; text: null; error: null; maxTextLength: -1; contentDescription: Back; tooltipText: null; viewIdResName: org.shadowice.flocke.andotp:id/mi_button_back; checkable: false; checked: false; focusable: true; focused: false; selected: false; clickable: true; longClickable: true; contextClickable: false; enabled: true; password: false; scrollable: false; importantForAccessibility: true; visible: false; actions: [AccessibilityAction: ACTION_FOCUS - null, AccessibilityAction: ACTION_SELECT - null, AccessibilityAction: ACTION_CLEAR_SELECTION - null, AccessibilityAction: ACTION_CLICK - null, AccessibilityAction: ACTION_LONG_CLICK - null, AccessibilityAction: ACTION_ACCESSIBILITY_FOCUS - null, AccessibilityAction: ACTION_NEXT_AT_MOVEMENT_GRANULARITY - null, AccessibilityAction: ACTION_PREVIOUS_AT_MOVEMENT_GRANULARITY - null, AccessibilityAction: ACTION_SET_SELECTION - null, AccessibilityAction: ACTION_SHOW_ON_SCREEN - null]
07-02 02:52:26.161 13775 13775 W AccessibilityNodeInfoDumper: Fetch time: 4ms
07-02 02:52:25.142  2034  2034 V SettingsProvider: Notifying for 0: content://settings/secure/accessibility_enabled
07-02 02:52:26.162  2034  3491 W WindowManager: removeWindowToken: Attempted to remove non-existing token: android.os.Binder@90f9f81
07-02 02:52:26.165  2034  2034 V SettingsProvider: Notifying for 0: content://settings/secure/accessibility_enabled
07-02 02:52:26.174 13775 13775 D AndroidRuntime: Shutting down VM
07-02 02:52:26.431 13797 13797 D AndroidRuntime: >>>>>> START com.android.internal.os.RuntimeInit uid 2000 <<<<<<
07-02 02:52:26.427 13797 13797 W app_process: type=1400 audit(0.0:444): avc: denied { read } for name="u:object_r:device_config_runtime_native_boot_prop:s0" dev="tmpfs" ino=167 scontext=u:r:shell:s0 tcontext=u:object_r:device_config_runtime_native_boot_prop:s0 tclass=file permissive=0
07-02 02:52:26.433 13797 13797 E libc    : Access denied finding property "persist.device_config.runtime_native_boot.enable_apex_image"
07-02 02:52:26.433 13797 13797 I AndroidRuntime: Using default boot image
07-02 02:52:26.433 13797 13797 E libc    : Access denied finding property "persist.device_config.runtime_native_boot.disable_lock_profiling"
07-02 02:52:26.433 13797 13797 I AndroidRuntime: Leaving lock profiling enabled
07-02 02:52:26.433 13797 13797 E libc    : Access denied finding property "persist.device_config.runtime_native_boot.enable_generational_cc"
07-02 02:52:26.483 13797 13797 D ICU     : Time zone APEX file found: /apex/com.android.tzdata/etc/icu/icu_tzdata.dat
07-02 02:52:26.487 13797 13797 W app_process: Unexpected CPU variant for X86 using defaults: x86
07-02 02:52:26.491 13797 13797 I app_process: The ClassLoaderContext is a special shared library.
07-02 02:52:26.506 13797 13797 W app_process: JNI RegisterNativeMethods: attempt to register 0 native methods for android.media.AudioAttributes
07-02 02:52:26.509 13797 13797 D AndroidRuntime: Calling main entry com.android.commands.monkey.Monkey
07-02 02:52:26.511 13797 13797 W Monkey  : args: [-p, org.shadowice.flocke.andotp, -c, android.intent.category.LAUNCHER, 1]
07-02 02:52:26.512 13797 13797 W Monkey  :  arg: "-p"
07-02 02:52:26.512 13797 13797 W Monkey  :  arg: "org.shadowice.flocke.andotp"
07-02 02:52:26.512 13797 13797 W Monkey  :  arg: "-c"
07-02 02:52:26.512 13797 13797 W Monkey  :  arg: "android.intent.category.LAUNCHER"
07-02 02:52:26.512 13797 13797 W Monkey  :  arg: "1"
07-02 02:52:26.513 13797 13797 W Monkey  : data="org.shadowice.flocke.andotp"
07-02 02:52:26.513 13797 13797 W Monkey  : data="android.intent.category.LAUNCHER"
07-02 02:52:26.528  2034  2062 W BroadcastQueue: Skipping deliver [background] BroadcastRecord{56fbdb9 u-1 android.net.conn.CONNECTIVITY_CHANGE} to ReceiverList{27855fe 13797 (unknown name)/2000/u-1 remote:7621803}: process gone or crashing
07-02 02:52:26.544  2034  3303 I ActivityTaskManager: START u0 {act=android.intent.action.MAIN cat=[android.intent.category.LAUNCHER] flg=0x10200000 cmp=org.shadowice.flocke.andotp/.Activities.MainActivity} from uid 2000
07-02 02:52:26.544  2034  3303 W Binder  : Outgoing transactions from this process must be FLAG_ONEWAY
07-02 02:52:26.544  2034  3303 W Binder  : java.lang.Throwable
07-02 02:52:26.544  2034  3303 W Binder  : 	at android.os.BinderProxy.transact(BinderProxy.java:480)
07-02 02:52:26.544  2034  3303 W Binder  : 	at android.app.IActivityController$Stub$Proxy.activityStarting(IActivityController.java:273)
07-02 02:52:26.544  2034  3303 W Binder  : 	at com.android.server.wm.ActivityStarter.startActivity(ActivityStarter.java:794)
07-02 02:52:26.544  2034  3303 W Binder  : 	at com.android.server.wm.ActivityStarter.startActivity(ActivityStarter.java:583)
07-02 02:52:26.544  2034  3303 W Binder  : 	at com.android.server.wm.ActivityStarter.startActivityMayWait(ActivityStarter.java:1288)
07-02 02:52:26.544  2034  3303 W Binder  : 	at com.android.server.wm.ActivityStarter.execute(ActivityStarter.java:514)
07-02 02:52:26.544  2034  3303 W Binder  : 	at com.android.server.wm.ActivityTaskManagerService.startActivityAsUser(ActivityTaskManagerService.java:1058)
07-02 02:52:26.544  2034  3303 W Binder  : 	at com.android.server.wm.ActivityTaskManagerService.startActivityAsUser(ActivityTaskManagerService.java:1032)
07-02 02:52:26.544  2034  3303 W Binder  : 	at com.android.server.am.ActivityManagerService.startActivityAsUser(ActivityManagerService.java:3504)
07-02 02:52:26.544  2034  3303 W Binder  : 	at android.app.IActivityManager$Stub.onTransact(IActivityManager.java:3537)
07-02 02:52:26.544  2034  3303 W Binder  : 	at com.android.server.am.ActivityManagerService.onTransact(ActivityManagerService.java:2741)
07-02 02:52:26.544  2034  3303 W Binder  : 	at android.os.Binder.execTransactInternal(Binder.java:1021)
07-02 02:52:26.544  2034  3303 W Binder  : 	at android.os.Binder.execTransact(Binder.java:994)
07-02 02:52:26.548 13797 13797 I Monkey  : Events injected: 1
07-02 02:52:26.552  2034  2034 V SettingsProvider: Notifying for 0: content://settings/system/accelerometer_rotation
07-02 02:52:26.553  2034  2056 W InputReader: Device has associated, but no associated display id.
07-02 02:52:26.554  2034  2056 I chatty  : uid=1000(system) android.display identical 8 lines
07-02 02:52:26.554  2034  2056 W InputReader: Device has associated, but no associated display id.
07-02 02:52:26.554 13797 13797 I Monkey  : ## Network stats: elapsed time=9ms (0ms mobile, 0ms wifi, 9ms not connected)
07-02 02:52:26.555 13797 13797 I app_process: System.exit called, status: 0
07-02 02:52:26.555 13797 13797 I AndroidRuntime: VM exiting with result code 0.
07-02 02:52:26.902  1800  2423 E GnssHAL_GnssInterface: gnssSvStatusCb: a: input svInfo.flags is 8
07-02 02:52:26.902  1800  2423 E GnssHAL_GnssInterface: gnssSvStatusCb: b: input svInfo.flags is 8
07-02 02:52:26.936  9370 11116 I XmpUtil : XMP parse: only JPEG file is supported
07-02 02:52:27.903  1800  2423 E GnssHAL_GnssInterface: gnssSvStatusCb: a: input svInfo.flags is 8
07-02 02:52:27.903  1800  2423 E GnssHAL_GnssInterface: gnssSvStatusCb: b: input svInfo.flags is 8
07-02 02:52:28.907  1800  2423 E GnssHAL_GnssInterface: gnssSvStatusCb: a: input svInfo.flags is 8
07-02 02:52:28.907  1800  2423 E GnssHAL_GnssInterface: gnssSvStatusCb: b: input svInfo.flags is 8
07-02 02:52:29.909  1800  2423 E GnssHAL_GnssInterface: gnssSvStatusCb: a: input svInfo.flags is 8
07-02 02:52:29.909  1800  2423 E GnssHAL_GnssInterface: gnssSvStatusCb: b: input svInfo.flags is 8
07-02 02:52:30.912  1800  2423 E GnssHAL_GnssInterface: gnssSvStatusCb: a: input svInfo.flags is 8
07-02 02:52:30.912  1800  2423 E GnssHAL_GnssInterface: gnssSvStatusCb: b: input svInfo.flags is 8
07-02 02:52:31.915  1800  2423 E GnssHAL_GnssInterface: gnssSvStatusCb: a: input svInfo.flags is 8
07-02 02:52:31.915  1800  2423 E GnssHAL_GnssInterface: gnssSvStatusCb: b: input svInfo.flags is 8
07-02 02:52:32.058  7776  7776 D BoundBrokerSvc: onUnbind: Intent { act=com.google.android.gms.scheduler.ACTION_PROXY_SCHEDULE dat=chimera-action:com.google.android.gms.scheduler.ACTION_PROXY_SCHEDULE cmp=com.google.android.gms/.chimera.PersistentApiService }
07-02 02:52:32.540  8864  8864 I BgTaskExecutorImpl: Starting EXCLUSIVE background task NOW_UPDATE_GCM_REGISTRATION.
07-02 02:52:32.547  7776  7776 W SystemServiceRegistry: No service published for: persistent_data_block
07-02 02:52:32.552  8508  8508 D BoundBrokerSvc: onBind: Intent { act=com.google.android.gms.checkin.START pkg=com.google.android.gms }
07-02 02:52:32.552  8508  8508 D BoundBrokerSvc: Loading bound service for intent: Intent { act=com.google.android.gms.checkin.START pkg=com.google.android.gms }
07-02 02:52:32.571  1781  2326 I netd    : trafficSwapActiveStatsMap() <33.69ms>
07-02 02:52:32.574  1781  2326 I netd    : tetherGetStats() <1.77ms>
07-02 02:52:32.583  1781  2326 I netd    : bandwidthSetGlobalAlert(2097152) <0.60ms>
07-02 02:52:32.637  8641  8641 I SetupWizard: [DeferredSetupNotificationSchedulerService] Deferred notification scheduled at Sat Jul 02 00:51:46 EDT 2022
07-02 02:52:32.918  1800  2423 E GnssHAL_GnssInterface: gnssSvStatusCb: a: input svInfo.flags is 8
07-02 02:52:32.918  1800  2423 E GnssHAL_GnssInterface: gnssSvStatusCb: b: input svInfo.flags is 8
07-02 02:52:33.069  2034  3491 W AppOps  : Noting op not finished: uid 10098 pkg com.google.android.gms code 79 time=1656744718161 duration=-1656737237956
07-02 02:52:33.076  2034  3491 W AppOps  : Noting op not finished: uid 10098 pkg com.google.android.gms code 79 time=1656744753069 duration=0
07-02 02:52:33.079  2034  3491 W AppOps  : Noting op not finished: uid 10098 pkg com.google.android.gms code 79 time=1656744753076 duration=0
07-02 02:52:33.922  1800  2423 E GnssHAL_GnssInterface: gnssSvStatusCb: a: input svInfo.flags is 8
07-02 02:52:33.922  1800  2423 E GnssHAL_GnssInterface: gnssSvStatusCb: b: input svInfo.flags is 8
07-02 02:52:34.924  1800  2423 E GnssHAL_GnssInterface: gnssSvStatusCb: a: input svInfo.flags is 8
07-02 02:52:34.924  1800  2423 E GnssHAL_GnssInterface: gnssSvStatusCb: b: input svInfo.flags is 8
07-02 02:52:35.924  1800  2423 E GnssHAL_GnssInterface: gnssSvStatusCb: a: input svInfo.flags is 8
07-02 02:52:35.924  1800  2423 E GnssHAL_GnssInterface: gnssSvStatusCb: b: input svInfo.flags is 8
07-02 02:52:36.493  2034  3491 D WificondControl: Scan result ready event
07-02 02:52:36.515  7776  7938 I ChimeraSrvcProxy: NullBinder for android.net.action.RECOMMEND_NETWORKS triggering remote TransactionTooLargeException due to Service without Chimera impl
07-02 02:52:36.929  1800  2423 E GnssHAL_GnssInterface: gnssSvStatusCb: a: input svInfo.flags is 8
07-02 02:52:36.929  1800  2423 E GnssHAL_GnssInterface: gnssSvStatusCb: b: input svInfo.flags is 8
07-02 02:52:37.933  1800  2423 E GnssHAL_GnssInterface: gnssSvStatusCb: a: input svInfo.flags is 8
07-02 02:52:37.933  1800  2423 E GnssHAL_GnssInterface: gnssSvStatusCb: b: input svInfo.flags is 8
07-02 02:52:38.144  7776  7776 D BoundBrokerSvc: onUnbind: Intent { act=com.google.android.contextmanager.service.ContextManagerService.START pkg=com.google.android.gms }
07-02 02:52:38.933  1800  2423 E GnssHAL_GnssInterface: gnssSvStatusCb: a: input svInfo.flags is 8
07-02 02:52:38.934  1800  2423 E GnssHAL_GnssInterface: gnssSvStatusCb: b: input svInfo.flags is 8
07-02 02:52:39.935  1800  2423 E GnssHAL_GnssInterface: gnssSvStatusCb: a: input svInfo.flags is 8
07-02 02:52:39.936  1800  2423 E GnssHAL_GnssInterface: gnssSvStatusCb: b: input svInfo.flags is 8
07-02 02:52:40.936  1800  2423 E GnssHAL_GnssInterface: gnssSvStatusCb: a: input svInfo.flags is 8
07-02 02:52:40.936  1800  2423 E GnssHAL_GnssInterface: gnssSvStatusCb: b: input svInfo.flags is 8
07-02 02:52:41.583  2661  3703 E ActivityThread: Failed to find provider info for com.google.android.apps.wellbeing.api
07-02 02:52:41.797 13824 13824 W app_process: type=1400 audit(0.0:447): avc: denied { read } for name="u:object_r:device_config_runtime_native_boot_prop:s0" dev="tmpfs" ino=167 scontext=u:r:shell:s0 tcontext=u:object_r:device_config_runtime_native_boot_prop:s0 tclass=file permissive=0
07-02 02:52:41.803 13824 13824 D AndroidRuntime: >>>>>> START com.android.internal.os.RuntimeInit uid 2000 <<<<<<
07-02 02:52:41.805 13824 13824 E libc    : Access denied finding property "persist.device_config.runtime_native_boot.enable_apex_image"
07-02 02:52:41.806 13824 13824 I AndroidRuntime: Using default boot image
07-02 02:52:41.806 13824 13824 E libc    : Access denied finding property "persist.device_config.runtime_native_boot.disable_lock_profiling"
07-02 02:52:41.806 13824 13824 I AndroidRuntime: Leaving lock profiling enabled
07-02 02:52:41.806 13824 13824 E libc    : Access denied finding property "persist.device_config.runtime_native_boot.enable_generational_cc"
07-02 02:52:41.899 13824 13824 D ICU     : Time zone APEX file found: /apex/com.android.tzdata/etc/icu/icu_tzdata.dat
07-02 02:52:41.904 13824 13824 W app_process: Unexpected CPU variant for X86 using defaults: x86
07-02 02:52:41.912 13824 13824 I app_process: The ClassLoaderContext is a special shared library.
07-02 02:52:41.912 13824 13824 I app_process: The ClassLoaderContext is a special shared library.
07-02 02:52:41.929 13824 13824 W app_process: JNI RegisterNativeMethods: attempt to register 0 native methods for android.media.AudioAttributes
07-02 02:52:41.932 13824 13824 D AndroidRuntime: Calling main entry com.android.commands.uiautomator.Launcher
07-02 02:52:41.939  1800  2423 E GnssHAL_GnssInterface: gnssSvStatusCb: a: input svInfo.flags is 8
07-02 02:52:41.939  1800  2423 E GnssHAL_GnssInterface: gnssSvStatusCb: b: input svInfo.flags is 8
07-02 02:52:41.942  2034  2034 V SettingsProvider: Notifying for 0: content://settings/secure/accessibility_enabled
07-02 02:52:42.592  8864  8893 I WorkerManager: dispose()
07-02 02:52:42.943  1800  2423 E GnssHAL_GnssInterface: gnssSvStatusCb: a: input svInfo.flags is 8
07-02 02:52:42.943  1800  2423 E GnssHAL_GnssInterface: gnssSvStatusCb: b: input svInfo.flags is 8
07-02 02:52:42.962 13824 13824 I AccessibilityNodeInfoDumper: Skipping invisible child: android.view.accessibility.AccessibilityNodeInfo@1bc75; boundsInParent: Rect(0, 0 - 1080, 1582); boundsInScreen: Rect(1080, 63 - 1080, 1645); packageName: org.shadowice.flocke.andotp; className: android.widget.ScrollView; text: null; error: null; maxTextLength: -1; contentDescription: null; tooltipText: null; viewIdResName: null; checkable: false; checked: false; focusable: true; focused: false; selected: false; clickable: false; longClickable: false; contextClickable: false; enabled: true; password: false; scrollable: false; importantForAccessibility: true; visible: false; actions: [AccessibilityAction: ACTION_FOCUS - null, AccessibilityAction: ACTION_SELECT - null, AccessibilityAction: ACTION_CLEAR_SELECTION - null, AccessibilityAction: ACTION_ACCESSIBILITY_FOCUS - null, AccessibilityAction: ACTION_SHOW_ON_SCREEN - null]
07-02 02:52:42.962 13824 13824 I AccessibilityNodeInfoDumper: Skipping invisible child: android.view.accessibility.AccessibilityNodeInfo@18f69; boundsInParent: Rect(0, 0 - 147, 147); boundsInScreen: Rect(42, 1983 - 189, 1794); packageName: org.shadowice.flocke.andotp; className: android.widget.ImageButton; text: null; error: null; maxTextLength: -1; contentDescription: Back; tooltipText: null; viewIdResName: org.shadowice.flocke.andotp:id/mi_button_back; checkable: false; checked: false; focusable: true; focused: false; selected: false; clickable: true; longClickable: true; contextClickable: false; enabled: true; password: false; scrollable: false; importantForAccessibility: true; visible: false; actions: [AccessibilityAction: ACTION_FOCUS - null, AccessibilityAction: ACTION_SELECT - null, AccessibilityAction: ACTION_CLEAR_SELECTION - null, AccessibilityAction: ACTION_CLICK - null, AccessibilityAction: ACTION_LONG_CLICK - null, AccessibilityAction: ACTION_ACCESSIBILITY_FOCUS - null, AccessibilityAction: ACTION_NEXT_AT_MOVEMENT_GRANULARITY - null, AccessibilityAction: ACTION_PREVIOUS_AT_MOVEMENT_GRANULARITY - null, AccessibilityAction: ACTION_SET_SELECTION - null, AccessibilityAction: ACTION_SHOW_ON_SCREEN - null]
07-02 02:52:42.963 13824 13824 W AccessibilityNodeInfoDumper: Fetch time: 3ms
07-02 02:52:42.964  2034  2258 W WindowManager: removeWindowToken: Attempted to remove non-existing token: android.os.Binder@941ada6
07-02 02:52:42.965  2034  2034 V SettingsProvider: Notifying for 0: content://settings/secure/accessibility_enabled
07-02 02:52:42.974 13824 13824 D AndroidRuntime: Shutting down VM
