08-08 18:46:35.309 23983 23983 I Input   : injectMotionEvent: MotionEvent { action=ACTION_MOVE, actionButton=0, id[0]=0, x[0]=912.0, y[0]=136.0, toolType[0]=TOOL_TYPE_UNKNOWN, buttonState=0, metaState=0, flags=0x0, edgeFlags=0x0, pointerCount=1, historySize=0, eventTime=5689932, downTime=5689932, deviceId=0, source=0x1002 }
08-08 18:46:35.326 23983 23983 I Input   : injectMotionEvent: MotionEvent { action=ACTION_MOVE, actionButton=0, id[0]=0, x[0]=912.0, y[0]=136.0, toolType[0]=TOOL_TYPE_UNKNOWN, buttonState=0, metaState=0, flags=0x0, edgeFlags=0x0, pointerCount=1, historySize=0, eventTime=5689949, downTime=5689949, deviceId=0, source=0x1002 }
08-08 18:46:35.343 23983 23983 I Input   : injectMotionEvent: MotionEvent { action=ACTION_MOVE, actionButton=0, id[0]=0, x[0]=912.0, y[0]=136.0, toolType[0]=TOOL_TYPE_UNKNOWN, buttonState=0, metaState=0, flags=0x0, edgeFlags=0x0, pointerCount=1, historySize=0, eventTime=5689966, downTime=5689966, deviceId=0, source=0x1002 }
08-08 18:46:35.359 23983 23983 I Input   : injectMotionEvent: MotionEvent { action=ACTION_MOVE, actionButton=0, id[0]=0, x[0]=912.0, y[0]=136.0, toolType[0]=TOOL_TYPE_UNKNOWN, buttonState=0, metaState=0, flags=0x0, edgeFlags=0x0, pointerCount=1, historySize=0, eventTime=5689983, downTime=5689983, deviceId=0, source=0x1002 }
08-08 18:46:35.376 23983 23983 I Input   : injectMotionEvent: MotionEvent { action=ACTION_MOVE, actionButton=0, id[0]=0, x[0]=912.0, y[0]=136.0, toolType[0]=TOOL_TYPE_UNKNOWN, buttonState=0, metaState=0, flags=0x0, edgeFlags=0x0, pointerCount=1, historySize=0, eventTime=5690000, downTime=5690000, deviceId=0, source=0x1002 }
08-08 18:46:35.397 23983 23983 I Input   : injectMotionEvent: MotionEvent { action=ACTION_MOVE, actionButton=0, id[0]=0, x[0]=912.0, y[0]=136.0, toolType[0]=TOOL_TYPE_UNKNOWN, buttonState=0, metaState=0, flags=0x0, edgeFlags=0x0, pointerCount=1, historySize=0, eventTime=5690020, downTime=5690020, deviceId=0, source=0x1002 }
08-08 18:46:35.398 20707 20725 D EGL_emulation: eglMakeCurrent: 0xa8485120: ver 2 0 (tinfo 0xa84832b0)
08-08 18:46:35.403 20707 20725 D EGL_emulation: eglMakeCurrent: 0xa8485120: ver 2 0 (tinfo 0xa84832b0)
08-08 18:46:35.411 23983 23983 I Input   : injectMotionEvent: MotionEvent { action=ACTION_MOVE, actionButton=0, id[0]=0, x[0]=912.0, y[0]=136.0, toolType[0]=TOOL_TYPE_UNKNOWN, buttonState=0, metaState=0, flags=0x0, edgeFlags=0x0, pointerCount=1, historySize=0, eventTime=5690034, downTime=5690034, deviceId=0, source=0x1002 }
08-08 18:46:35.427 23983 23983 I Input   : injectMotionEvent: MotionEvent { action=ACTION_MOVE, actionButton=0, id[0]=0, x[0]=912.0, y[0]=136.0, toolType[0]=TOOL_TYPE_UNKNOWN, buttonState=0, metaState=0, flags=0x0, edgeFlags=0x0, pointerCount=1, historySize=0, eventTime=5690051, downTime=5690051, deviceId=0, source=0x1002 }
08-08 18:46:35.444 23983 23983 I Input   : injectMotionEvent: MotionEvent { action=ACTION_MOVE, actionButton=0, id[0]=0, x[0]=912.0, y[0]=136.0, toolType[0]=TOOL_TYPE_UNKNOWN, buttonState=0, metaState=0, flags=0x0, edgeFlags=0x0, pointerCount=1, historySize=0, eventTime=5690067, downTime=5690067, deviceId=0, source=0x1002 }
08-08 18:46:35.460 23983 23983 I Input   : injectMotionEvent: MotionEvent { action=ACTION_MOVE, actionButton=0, id[0]=0, x[0]=912.0, y[0]=136.0, toolType[0]=TOOL_TYPE_UNKNOWN, buttonState=0, metaState=0, flags=0x0, edgeFlags=0x0, pointerCount=1, historySize=0, eventTime=5690083, downTime=5690083, deviceId=0, source=0x1002 }
08-08 18:46:35.478 23983 23983 I Input   : injectMotionEvent: MotionEvent { action=ACTION_MOVE, actionButton=0, id[0]=0, x[0]=912.0, y[0]=136.0, toolType[0]=TOOL_TYPE_UNKNOWN, buttonState=0, metaState=0, flags=0x0, edgeFlags=0x0, pointerCount=1, historySize=0, eventTime=5690101, downTime=5690101, deviceId=0, source=0x1002 }
08-08 18:46:35.494 23983 23983 I Input   : injectMotionEvent: MotionEvent { action=ACTION_MOVE, actionButton=0, id[0]=0, x[0]=912.0, y[0]=136.0, toolType[0]=TOOL_TYPE_UNKNOWN, buttonState=0, metaState=0, flags=0x0, edgeFlags=0x0, pointerCount=1, historySize=0, eventTime=5690117, downTime=5690117, deviceId=0, source=0x1002 }
08-08 18:46:35.510 23983 23983 I Input   : injectMotionEvent: MotionEvent { action=ACTION_MOVE, actionButton=0, id[0]=0, x[0]=912.0, y[0]=136.0, toolType[0]=TOOL_TYPE_UNKNOWN, buttonState=0, metaState=0, flags=0x0, edgeFlags=0x0, pointerCount=1, historySize=0, eventTime=5690134, downTime=5690134, deviceId=0, source=0x1002 }
08-08 18:46:35.528 23983 23983 I Input   : injectMotionEvent: MotionEvent { action=ACTION_MOVE, actionButton=0, id[0]=0, x[0]=912.0, y[0]=136.0, toolType[0]=TOOL_TYPE_UNKNOWN, buttonState=0, metaState=0, flags=0x0, edgeFlags=0x0, pointerCount=1, historySize=0, eventTime=5690152, downTime=5690152, deviceId=0, source=0x1002 }
08-08 18:46:35.544 23983 23983 I Input   : injectMotionEvent: MotionEvent { action=ACTION_MOVE, actionButton=0, id[0]=0, x[0]=912.0, y[0]=136.0, toolType[0]=TOOL_TYPE_UNKNOWN, buttonState=0, metaState=0, flags=0x0, edgeFlags=0x0, pointerCount=1, historySize=0, eventTime=5690167, downTime=5690167, deviceId=0, source=0x1002 }
08-08 18:46:35.560 23983 23983 I Input   : injectMotionEvent: MotionEvent { action=ACTION_MOVE, actionButton=0, id[0]=0, x[0]=912.0, y[0]=136.0, toolType[0]=TOOL_TYPE_UNKNOWN, buttonState=0, metaState=0, flags=0x0, edgeFlags=0x0, pointerCount=1, historySize=0, eventTime=5690183, downTime=5690183, deviceId=0, source=0x1002 }
08-08 18:46:35.577 23983 23983 I Input   : injectMotionEvent: MotionEvent { action=ACTION_MOVE, actionButton=0, id[0]=0, x[0]=912.0, y[0]=136.0, toolType[0]=TOOL_TYPE_UNKNOWN, buttonState=0, metaState=0, flags=0x0, edgeFlags=0x0, pointerCount=1, historySize=0, eventTime=5690200, downTime=5690200, deviceId=0, source=0x1002 }
08-08 18:46:35.593 23983 23983 I Input   : injectMotionEvent: MotionEvent { action=ACTION_MOVE, actionButton=0, id[0]=0, x[0]=912.0, y[0]=136.0, toolType[0]=TOOL_TYPE_UNKNOWN, buttonState=0, metaState=0, flags=0x0, edgeFlags=0x0, pointerCount=1, historySize=0, eventTime=5690217, downTime=5690217, deviceId=0, source=0x1002 }
08-08 18:46:35.610 23983 23983 I Input   : injectMotionEvent: MotionEvent { action=ACTION_MOVE, actionButton=0, id[0]=0, x[0]=912.0, y[0]=136.0, toolType[0]=TOOL_TYPE_UNKNOWN, buttonState=0, metaState=0, flags=0x0, edgeFlags=0x0, pointerCount=1, historySize=0, eventTime=5690233, downTime=5690233, deviceId=0, source=0x1002 }
08-08 18:46:35.627 23983 23983 I Input   : injectMotionEvent: MotionEvent { action=ACTION_MOVE, actionButton=0, id[0]=0, x[0]=912.0, y[0]=136.0, toolType[0]=TOOL_TYPE_UNKNOWN, buttonState=0, metaState=0, flags=0x0, edgeFlags=0x0, pointerCount=1, historySize=0, eventTime=5690251, downTime=5690251, deviceId=0, source=0x1002 }
08-08 18:46:35.643 23983 23983 I Input   : injectMotionEvent: MotionEvent { action=ACTION_MOVE, actionButton=0, id[0]=0, x[0]=912.0, y[0]=136.0, toolType[0]=TOOL_TYPE_UNKNOWN, buttonState=0, metaState=0, flags=0x0, edgeFlags=0x0, pointerCount=1, historySize=0, eventTime=5690266, downTime=5690266, deviceId=0, source=0x1002 }
08-08 18:46:35.660 23983 23983 I Input   : injectMotionEvent: MotionEvent { action=ACTION_MOVE, actionButton=0, id[0]=0, x[0]=912.0, y[0]=136.0, toolType[0]=TOOL_TYPE_UNKNOWN, buttonState=0, metaState=0, flags=0x0, edgeFlags=0x0, pointerCount=1, historySize=0, eventTime=5690283, downTime=5690283, deviceId=0, source=0x1002 }
08-08 18:46:35.676 23983 23983 I Input   : injectMotionEvent: MotionEvent { action=ACTION_MOVE, actionButton=0, id[0]=0, x[0]=912.0, y[0]=136.0, toolType[0]=TOOL_TYPE_UNKNOWN, buttonState=0, metaState=0, flags=0x0, edgeFlags=0x0, pointerCount=1, historySize=0, eventTime=5690300, downTime=5690300, deviceId=0, source=0x1002 }
08-08 18:46:35.694 23983 23983 I Input   : injectMotionEvent: MotionEvent { action=ACTION_MOVE, actionButton=0, id[0]=0, x[0]=912.0, y[0]=136.0, toolType[0]=TOOL_TYPE_UNKNOWN, buttonState=0, metaState=0, flags=0x0, edgeFlags=0x0, pointerCount=1, historySize=0, eventTime=5690317, downTime=5690317, deviceId=0, source=0x1002 }
08-08 18:46:35.709 23983 23983 I Input   : injectMotionEvent: MotionEvent { action=ACTION_MOVE, actionButton=0, id[0]=0, x[0]=912.0, y[0]=136.0, toolType[0]=TOOL_TYPE_UNKNOWN, buttonState=0, metaState=0, flags=0x0, edgeFlags=0x0, pointerCount=1, historySize=0, eventTime=5690333, downTime=5690333, deviceId=0, source=0x1002 }
08-08 18:46:35.726 23983 23983 I Input   : injectMotionEvent: MotionEvent { action=ACTION_MOVE, actionButton=0, id[0]=0, x[0]=912.0, y[0]=136.0, toolType[0]=TOOL_TYPE_UNKNOWN, buttonState=0, metaState=0, flags=0x0, edgeFlags=0x0, pointerCount=1, historySize=0, eventTime=5690349, downTime=5690349, deviceId=0, source=0x1002 }
08-08 18:46:35.743 23983 23983 I Input   : injectMotionEvent: MotionEvent { action=ACTION_MOVE, actionButton=0, id[0]=0, x[0]=912.0, y[0]=136.0, toolType[0]=TOOL_TYPE_UNKNOWN, buttonState=0, metaState=0, flags=0x0, edgeFlags=0x0, pointerCount=1, historySize=0, eventTime=5690366, downTime=5690366, deviceId=0, source=0x1002 }
08-08 18:46:35.760 23983 23983 I Input   : injectMotionEvent: MotionEvent { action=ACTION_MOVE, actionButton=0, id[0]=0, x[0]=912.0, y[0]=136.0, toolType[0]=TOOL_TYPE_UNKNOWN, buttonState=0, metaState=0, flags=0x0, edgeFlags=0x0, pointerCount=1, historySize=0, eventTime=5690383, downTime=5690383, deviceId=0, source=0x1002 }
08-08 18:46:35.778 23983 23983 I Input   : injectMotionEvent: MotionEvent { action=ACTION_MOVE, actionButton=0, id[0]=0, x[0]=912.0, y[0]=136.0, toolType[0]=TOOL_TYPE_UNKNOWN, buttonState=0, metaState=0, flags=0x0, edgeFlags=0x0, pointerCount=1, historySize=0, eventTime=5690401, downTime=5690401, deviceId=0, source=0x1002 }
08-08 18:46:35.794 23983 23983 I Input   : injectMotionEvent: MotionEvent { action=ACTION_MOVE, actionButton=0, id[0]=0, x[0]=912.0, y[0]=136.0, toolType[0]=TOOL_TYPE_UNKNOWN, buttonState=0, metaState=0, flags=0x0, edgeFlags=0x0, pointerCount=1, historySize=0, eventTime=5690417, downTime=5690417, deviceId=0, source=0x1002 }
08-08 18:46:35.809 23983 23983 I Input   : injectMotionEvent: MotionEvent { action=ACTION_MOVE, actionButton=0, id[0]=0, x[0]=912.0, y[0]=136.0, toolType[0]=TOOL_TYPE_UNKNOWN, buttonState=0, metaState=0, flags=0x0, edgeFlags=0x0, pointerCount=1, historySize=0, eventTime=5690433, downTime=5690433, deviceId=0, source=0x1002 }
08-08 18:46:35.828 23983 23983 I Input   : injectMotionEvent: MotionEvent { action=ACTION_MOVE, actionButton=0, id[0]=0, x[0]=912.0, y[0]=136.0, toolType[0]=TOOL_TYPE_UNKNOWN, buttonState=0, metaState=0, flags=0x0, edgeFlags=0x0, pointerCount=1, historySize=0, eventTime=5690451, downTime=5690451, deviceId=0, source=0x1002 }
08-08 18:46:35.843 23983 23983 I Input   : injectMotionEvent: MotionEvent { action=ACTION_MOVE, actionButton=0, id[0]=0, x[0]=912.0, y[0]=136.0, toolType[0]=TOOL_TYPE_UNKNOWN, buttonState=0, metaState=0, flags=0x0, edgeFlags=0x0, pointerCount=1, historySize=0, eventTime=5690467, downTime=5690467, deviceId=0, source=0x1002 }
08-08 18:46:35.859 23983 23983 I Input   : injectMotionEvent: MotionEvent { action=ACTION_MOVE, actionButton=0, id[0]=0, x[0]=912.0, y[0]=136.0, toolType[0]=TOOL_TYPE_UNKNOWN, buttonState=0, metaState=0, flags=0x0, edgeFlags=0x0, pointerCount=1, historySize=0, eventTime=5690482, downTime=5690482, deviceId=0, source=0x1002 }
08-08 18:46:35.876 23983 23983 I Input   : injectMotionEvent: MotionEvent { action=ACTION_MOVE, actionButton=0, id[0]=0, x[0]=912.0, y[0]=136.0, toolType[0]=TOOL_TYPE_UNKNOWN, buttonState=0, metaState=0, flags=0x0, edgeFlags=0x0, pointerCount=1, historySize=0, eventTime=5690499, downTime=5690499, deviceId=0, source=0x1002 }
08-08 18:46:35.894 23983 23983 I Input   : injectMotionEvent: MotionEvent { action=ACTION_MOVE, actionButton=0, id[0]=0, x[0]=912.0, y[0]=136.0, toolType[0]=TOOL_TYPE_UNKNOWN, buttonState=0, metaState=0, flags=0x0, edgeFlags=0x0, pointerCount=1, historySize=0, eventTime=5690517, downTime=5690517, deviceId=0, source=0x1002 }
08-08 18:46:35.910 23983 23983 I Input   : injectMotionEvent: MotionEvent { action=ACTION_MOVE, actionButton=0, id[0]=0, x[0]=912.0, y[0]=136.0, toolType[0]=TOOL_TYPE_UNKNOWN, buttonState=0, metaState=0, flags=0x0, edgeFlags=0x0, pointerCount=1, historySize=0, eventTime=5690533, downTime=5690533, deviceId=0, source=0x1002 }
08-08 18:46:35.927 23983 23983 I Input   : injectMotionEvent: MotionEvent { action=ACTION_MOVE, actionButton=0, id[0]=0, x[0]=912.0, y[0]=136.0, toolType[0]=TOOL_TYPE_UNKNOWN, buttonState=0, metaState=0, flags=0x0, edgeFlags=0x0, pointerCount=1, historySize=0, eventTime=5690551, downTime=5690551, deviceId=0, source=0x1002 }
08-08 18:46:35.943 23983 23983 I Input   : injectMotionEvent: MotionEvent { action=ACTION_MOVE, actionButton=0, id[0]=0, x[0]=912.0, y[0]=136.0, toolType[0]=TOOL_TYPE_UNKNOWN, buttonState=0, metaState=0, flags=0x0, edgeFlags=0x0, pointerCount=1, historySize=0, eventTime=5690567, downTime=5690567, deviceId=0, source=0x1002 }
08-08 18:46:35.960 23983 23983 I Input   : injectMotionEvent: MotionEvent { action=ACTION_MOVE, actionButton=0, id[0]=0, x[0]=912.0, y[0]=136.0, toolType[0]=TOOL_TYPE_UNKNOWN, buttonState=0, metaState=0, flags=0x0, edgeFlags=0x0, pointerCount=1, historySize=0, eventTime=5690583, downTime=5690583, deviceId=0, source=0x1002 }
08-08 18:46:35.979 23983 23983 I Input   : injectMotionEvent: MotionEvent { action=ACTION_MOVE, actionButton=0, id[0]=0, x[0]=912.0, y[0]=136.0, toolType[0]=TOOL_TYPE_UNKNOWN, buttonState=0, metaState=0, flags=0x0, edgeFlags=0x0, pointerCount=1, historySize=0, eventTime=5690602, downTime=5690602, deviceId=0, source=0x1002 }
08-08 18:46:35.993 23983 23983 I Input   : injectMotionEvent: MotionEvent { action=ACTION_MOVE, actionButton=0, id[0]=0, x[0]=912.0, y[0]=136.0, toolType[0]=TOOL_TYPE_UNKNOWN, buttonState=0, metaState=0, flags=0x0, edgeFlags=0x0, pointerCount=1, historySize=0, eventTime=5690616, downTime=5690616, deviceId=0, source=0x1002 }
08-08 18:46:36.010 23983 23983 I Input   : injectMotionEvent: MotionEvent { action=ACTION_MOVE, actionButton=0, id[0]=0, x[0]=912.0, y[0]=136.0, toolType[0]=TOOL_TYPE_UNKNOWN, buttonState=0, metaState=0, flags=0x0, edgeFlags=0x0, pointerCount=1, historySize=0, eventTime=5690633, downTime=5690633, deviceId=0, source=0x1002 }
08-08 18:46:36.026 23983 23983 I Input   : injectMotionEvent: MotionEvent { action=ACTION_MOVE, actionButton=0, id[0]=0, x[0]=912.0, y[0]=136.0, toolType[0]=TOOL_TYPE_UNKNOWN, buttonState=0, metaState=0, flags=0x0, edgeFlags=0x0, pointerCount=1, historySize=0, eventTime=5690649, downTime=5690649, deviceId=0, source=0x1002 }
08-08 18:46:36.044 23983 23983 I Input   : injectMotionEvent: MotionEvent { action=ACTION_MOVE, actionButton=0, id[0]=0, x[0]=912.0, y[0]=136.0, toolType[0]=TOOL_TYPE_UNKNOWN, buttonState=0, metaState=0, flags=0x0, edgeFlags=0x0, pointerCount=1, historySize=0, eventTime=5690668, downTime=5690668, deviceId=0, source=0x1002 }
08-08 18:46:36.060 23983 23983 I Input   : injectMotionEvent: MotionEvent { action=ACTION_MOVE, actionButton=0, id[0]=0, x[0]=912.0, y[0]=136.0, toolType[0]=TOOL_TYPE_UNKNOWN, buttonState=0, metaState=0, flags=0x0, edgeFlags=0x0, pointerCount=1, historySize=0, eventTime=5690684, downTime=5690684, deviceId=0, source=0x1002 }
08-08 18:46:36.078 23983 23983 I Input   : injectMotionEvent: MotionEvent { action=ACTION_MOVE, actionButton=0, id[0]=0, x[0]=912.0, y[0]=136.0, toolType[0]=TOOL_TYPE_UNKNOWN, buttonState=0, metaState=0, flags=0x0, edgeFlags=0x0, pointerCount=1, historySize=0, eventTime=5690701, downTime=5690701, deviceId=0, source=0x1002 }
08-08 18:46:36.094 23983 23983 I Input   : injectMotionEvent: MotionEvent { action=ACTION_MOVE, actionButton=0, id[0]=0, x[0]=912.0, y[0]=136.0, toolType[0]=TOOL_TYPE_UNKNOWN, buttonState=0, metaState=0, flags=0x0, edgeFlags=0x0, pointerCount=1, historySize=0, eventTime=5690717, downTime=5690717, deviceId=0, source=0x1002 }
08-08 18:46:36.110 23983 23983 I Input   : injectMotionEvent: MotionEvent { action=ACTION_MOVE, actionButton=0, id[0]=0, x[0]=912.0, y[0]=136.0, toolType[0]=TOOL_TYPE_UNKNOWN, buttonState=0, metaState=0, flags=0x0, edgeFlags=0x0, pointerCount=1, historySize=0, eventTime=5690733, downTime=5690733, deviceId=0, source=0x1002 }
08-08 18:46:36.128 23983 23983 I Input   : injectMotionEvent: MotionEvent { action=ACTION_MOVE, actionButton=0, id[0]=0, x[0]=912.0, y[0]=136.0, toolType[0]=TOOL_TYPE_UNKNOWN, buttonState=0, metaState=0, flags=0x0, edgeFlags=0x0, pointerCount=1, historySize=0, eventTime=5690752, downTime=5690752, deviceId=0, source=0x1002 }
08-08 18:46:36.143 23983 23983 I Input   : injectMotionEvent: MotionEvent { action=ACTION_MOVE, actionButton=0, id[0]=0, x[0]=912.0, y[0]=136.0, toolType[0]=TOOL_TYPE_UNKNOWN, buttonState=0, metaState=0, flags=0x0, edgeFlags=0x0, pointerCount=1, historySize=0, eventTime=5690766, downTime=5690766, deviceId=0, source=0x1002 }
08-08 18:46:36.160 23983 23983 I Input   : injectMotionEvent: MotionEvent { action=ACTION_MOVE, actionButton=0, id[0]=0, x[0]=912.0, y[0]=136.0, toolType[0]=TOOL_TYPE_UNKNOWN, buttonState=0, metaState=0, flags=0x0, edgeFlags=0x0, pointerCount=1, historySize=0, eventTime=5690783, downTime=5690783, deviceId=0, source=0x1002 }
08-08 18:46:36.177 23983 23983 I Input   : injectMotionEvent: MotionEvent { action=ACTION_MOVE, actionButton=0, id[0]=0, x[0]=912.0, y[0]=136.0, toolType[0]=TOOL_TYPE_UNKNOWN, buttonState=0, metaState=0, flags=0x0, edgeFlags=0x0, pointerCount=1, historySize=0, eventTime=5690800, downTime=5690800, deviceId=0, source=0x1002 }
08-08 18:46:36.193 23983 23983 I Input   : injectMotionEvent: MotionEvent { action=ACTION_MOVE, actionButton=0, id[0]=0, x[0]=912.0, y[0]=136.0, toolType[0]=TOOL_TYPE_UNKNOWN, buttonState=0, metaState=0, flags=0x0, edgeFlags=0x0, pointerCount=1, historySize=0, eventTime=5690816, downTime=5690816, deviceId=0, source=0x1002 }
08-08 18:46:36.210 23983 23983 I Input   : injectMotionEvent: MotionEvent { action=ACTION_MOVE, actionButton=0, id[0]=0, x[0]=912.0, y[0]=136.0, toolType[0]=TOOL_TYPE_UNKNOWN, buttonState=0, metaState=0, flags=0x0, edgeFlags=0x0, pointerCount=1, historySize=0, eventTime=5690833, downTime=5690833, deviceId=0, source=0x1002 }
08-08 18:46:36.226 23983 23983 I Input   : injectMotionEvent: MotionEvent { action=ACTION_MOVE, actionButton=0, id[0]=0, x[0]=912.0, y[0]=136.0, toolType[0]=TOOL_TYPE_UNKNOWN, buttonState=0, metaState=0, flags=0x0, edgeFlags=0x0, pointerCount=1, historySize=0, eventTime=5690850, downTime=5690850, deviceId=0, source=0x1002 }
08-08 18:46:36.242 23983 23983 I Input   : injectMotionEvent: MotionEvent { action=ACTION_MOVE, actionButton=0, id[0]=0, x[0]=912.0, y[0]=136.0, toolType[0]=TOOL_TYPE_UNKNOWN, buttonState=0, metaState=0, flags=0x0, edgeFlags=0x0, pointerCount=1, historySize=0, eventTime=5690866, downTime=5690866, deviceId=0, source=0x1002 }
08-08 18:46:36.260 23983 23983 I Input   : injectMotionEvent: MotionEvent { action=ACTION_MOVE, actionButton=0, id[0]=0, x[0]=912.0, y[0]=136.0, toolType[0]=TOOL_TYPE_UNKNOWN, buttonState=0, metaState=0, flags=0x0, edgeFlags=0x0, pointerCount=1, historySize=0, eventTime=5690883, downTime=5690883, deviceId=0, source=0x1002 }
08-08 18:46:36.277 23983 23983 I Input   : injectMotionEvent: MotionEvent { action=ACTION_MOVE, actionButton=0, id[0]=0, x[0]=912.0, y[0]=136.0, toolType[0]=TOOL_TYPE_UNKNOWN, buttonState=0, metaState=0, flags=0x0, edgeFlags=0x0, pointerCount=1, historySize=0, eventTime=5690900, downTime=5690900, deviceId=0, source=0x1002 }
08-08 18:46:36.292 23983 23983 I Input   : injectMotionEvent: MotionEvent { action=ACTION_MOVE, actionButton=0, id[0]=0, x[0]=912.0, y[0]=136.0, toolType[0]=TOOL_TYPE_UNKNOWN, buttonState=0, metaState=0, flags=0x0, edgeFlags=0x0, pointerCount=1, historySize=0, eventTime=5690916, downTime=5690916, deviceId=0, source=0x1002 }
08-08 18:46:36.310 23983 23983 I Input   : injectMotionEvent: MotionEvent { action=ACTION_MOVE, actionButton=0, id[0]=0, x[0]=912.0, y[0]=136.0, toolType[0]=TOOL_TYPE_UNKNOWN, buttonState=0, metaState=0, flags=0x0, edgeFlags=0x0, pointerCount=1, historySize=0, eventTime=5690933, downTime=5690933, deviceId=0, source=0x1002 }
08-08 18:46:36.327 23983 23983 I Input   : injectMotionEvent: MotionEvent { action=ACTION_MOVE, actionButton=0, id[0]=0, x[0]=912.0, y[0]=136.0, toolType[0]=TOOL_TYPE_UNKNOWN, buttonState=0, metaState=0, flags=0x0, edgeFlags=0x0, pointerCount=1, historySize=0, eventTime=5690950, downTime=5690950, deviceId=0, source=0x1002 }
08-08 18:46:36.344 23983 23983 I Input   : injectMotionEvent: MotionEvent { action=ACTION_MOVE, actionButton=0, id[0]=0, x[0]=912.0, y[0]=136.0, toolType[0]=TOOL_TYPE_UNKNOWN, buttonState=0, metaState=0, flags=0x0, edgeFlags=0x0, pointerCount=1, historySize=0, eventTime=5690967, downTime=5690967, deviceId=0, source=0x1002 }
08-08 18:46:36.359 23983 23983 I Input   : injectMotionEvent: MotionEvent { action=ACTION_MOVE, actionButton=0, id[0]=0, x[0]=912.0, y[0]=136.0, toolType[0]=TOOL_TYPE_UNKNOWN, buttonState=0, metaState=0, flags=0x0, edgeFlags=0x0, pointerCount=1, historySize=0, eventTime=5690983, downTime=5690983, deviceId=0, source=0x1002 }
08-08 18:46:36.376 23983 23983 I Input   : injectMotionEvent: MotionEvent { action=ACTION_MOVE, actionButton=0, id[0]=0, x[0]=912.0, y[0]=136.0, toolType[0]=TOOL_TYPE_UNKNOWN, buttonState=0, metaState=0, flags=0x0, edgeFlags=0x0, pointerCount=1, historySize=0, eventTime=5691000, downTime=5691000, deviceId=0, source=0x1002 }
08-08 18:46:36.393 23983 23983 I Input   : injectMotionEvent: MotionEvent { action=ACTION_MOVE, actionButton=0, id[0]=0, x[0]=912.0, y[0]=136.0, toolType[0]=TOOL_TYPE_UNKNOWN, buttonState=0, metaState=0, flags=0x0, edgeFlags=0x0, pointerCount=1, historySize=0, eventTime=5691016, downTime=5691016, deviceId=0, source=0x1002 }
08-08 18:46:36.410 23983 23983 I Input   : injectMotionEvent: MotionEvent { action=ACTION_MOVE, actionButton=0, id[0]=0, x[0]=912.0, y[0]=136.0, toolType[0]=TOOL_TYPE_UNKNOWN, buttonState=0, metaState=0, flags=0x0, edgeFlags=0x0, pointerCount=1, historySize=0, eventTime=5691033, downTime=5691033, deviceId=0, source=0x1002 }
08-08 18:46:36.426 23983 23983 I Input   : injectMotionEvent: MotionEvent { action=ACTION_MOVE, actionButton=0, id[0]=0, x[0]=912.0, y[0]=136.0, toolType[0]=TOOL_TYPE_UNKNOWN, buttonState=0, metaState=0, flags=0x0, edgeFlags=0x0, pointerCount=1, historySize=0, eventTime=5691050, downTime=5691050, deviceId=0, source=0x1002 }
08-08 18:46:36.444 23983 23983 I Input   : injectMotionEvent: MotionEvent { action=ACTION_MOVE, actionButton=0, id[0]=0, x[0]=912.0, y[0]=136.0, toolType[0]=TOOL_TYPE_UNKNOWN, buttonState=0, metaState=0, flags=0x0, edgeFlags=0x0, pointerCount=1, historySize=0, eventTime=5691067, downTime=5691067, deviceId=0, source=0x1002 }
08-08 18:46:36.460 23983 23983 I Input   : injectMotionEvent: MotionEvent { action=ACTION_MOVE, actionButton=0, id[0]=0, x[0]=912.0, y[0]=136.0, toolType[0]=TOOL_TYPE_UNKNOWN, buttonState=0, metaState=0, flags=0x0, edgeFlags=0x0, pointerCount=1, historySize=0, eventTime=5691083, downTime=5691083, deviceId=0, source=0x1002 }
08-08 18:46:36.477 23983 23983 I Input   : injectMotionEvent: MotionEvent { action=ACTION_MOVE, actionButton=0, id[0]=0, x[0]=912.0, y[0]=136.0, toolType[0]=TOOL_TYPE_UNKNOWN, buttonState=0, metaState=0, flags=0x0, edgeFlags=0x0, pointerCount=1, historySize=0, eventTime=5691101, downTime=5691101, deviceId=0, source=0x1002 }
08-08 18:46:36.492 23983 23983 I Input   : injectMotionEvent: MotionEvent { action=ACTION_MOVE, actionButton=0, id[0]=0, x[0]=912.0, y[0]=136.0, toolType[0]=TOOL_TYPE_UNKNOWN, buttonState=0, metaState=0, flags=0x0, edgeFlags=0x0, pointerCount=1, historySize=0, eventTime=5691116, downTime=5691116, deviceId=0, source=0x1002 }
08-08 18:46:36.509 23983 23983 I Input   : injectMotionEvent: MotionEvent { action=ACTION_MOVE, actionButton=0, id[0]=0, x[0]=912.0, y[0]=136.0, toolType[0]=TOOL_TYPE_UNKNOWN, buttonState=0, metaState=0, flags=0x0, edgeFlags=0x0, pointerCount=1, historySize=0, eventTime=5691133, downTime=5691133, deviceId=0, source=0x1002 }
08-08 18:46:36.526 23983 23983 I Input   : injectMotionEvent: MotionEvent { action=ACTION_MOVE, actionButton=0, id[0]=0, x[0]=912.0, y[0]=136.0, toolType[0]=TOOL_TYPE_UNKNOWN, buttonState=0, metaState=0, flags=0x0, edgeFlags=0x0, pointerCount=1, historySize=0, eventTime=5691149, downTime=5691149, deviceId=0, source=0x1002 }
08-08 18:46:36.543 23983 23983 I Input   : injectMotionEvent: MotionEvent { action=ACTION_MOVE, actionButton=0, id[0]=0, x[0]=912.0, y[0]=136.0, toolType[0]=TOOL_TYPE_UNKNOWN, buttonState=0, metaState=0, flags=0x0, edgeFlags=0x0, pointerCount=1, historySize=0, eventTime=5691166, downTime=5691166, deviceId=0, source=0x1002 }
08-08 18:46:36.559 23983 23983 I Input   : injectMotionEvent: MotionEvent { action=ACTION_MOVE, actionButton=0, id[0]=0, x[0]=912.0, y[0]=136.0, toolType[0]=TOOL_TYPE_UNKNOWN, buttonState=0, metaState=0, flags=0x0, edgeFlags=0x0, pointerCount=1, historySize=0, eventTime=5691183, downTime=5691183, deviceId=0, source=0x1002 }
08-08 18:46:36.576 23983 23983 I Input   : injectMotionEvent: MotionEvent { action=ACTION_MOVE, actionButton=0, id[0]=0, x[0]=912.0, y[0]=136.0, toolType[0]=TOOL_TYPE_UNKNOWN, buttonState=0, metaState=0, flags=0x0, edgeFlags=0x0, pointerCount=1, historySize=0, eventTime=5691200, downTime=5691200, deviceId=0, source=0x1002 }
08-08 18:46:36.593 23983 23983 I Input   : injectMotionEvent: MotionEvent { action=ACTION_MOVE, actionButton=0, id[0]=0, x[0]=912.0, y[0]=136.0, toolType[0]=TOOL_TYPE_UNKNOWN, buttonState=0, metaState=0, flags=0x0, edgeFlags=0x0, pointerCount=1, historySize=0, eventTime=5691216, downTime=5691216, deviceId=0, source=0x1002 }
08-08 18:46:36.610 23983 23983 I Input   : injectMotionEvent: MotionEvent { action=ACTION_MOVE, actionButton=0, id[0]=0, x[0]=912.0, y[0]=136.0, toolType[0]=TOOL_TYPE_UNKNOWN, buttonState=0, metaState=0, flags=0x0, edgeFlags=0x0, pointerCount=1, historySize=0, eventTime=5691233, downTime=5691233, deviceId=0, source=0x1002 }
08-08 18:46:36.628 23983 23983 I Input   : injectMotionEvent: MotionEvent { action=ACTION_MOVE, actionButton=0, id[0]=0, x[0]=912.0, y[0]=136.0, toolType[0]=TOOL_TYPE_UNKNOWN, buttonState=0, metaState=0, flags=0x0, edgeFlags=0x0, pointerCount=1, historySize=0, eventTime=5691251, downTime=5691251, deviceId=0, source=0x1002 }
08-08 18:46:36.643 23983 23983 I Input   : injectMotionEvent: MotionEvent { action=ACTION_MOVE, actionButton=0, id[0]=0, x[0]=912.0, y[0]=136.0, toolType[0]=TOOL_TYPE_UNKNOWN, buttonState=0, metaState=0, flags=0x0, edgeFlags=0x0, pointerCount=1, historySize=0, eventTime=5691267, downTime=5691267, deviceId=0, source=0x1002 }
08-08 18:46:36.660 23983 23983 I Input   : injectMotionEvent: MotionEvent { action=ACTION_MOVE, actionButton=0, id[0]=0, x[0]=912.0, y[0]=136.0, toolType[0]=TOOL_TYPE_UNKNOWN, buttonState=0, metaState=0, flags=0x0, edgeFlags=0x0, pointerCount=1, historySize=0, eventTime=5691283, downTime=5691283, deviceId=0, source=0x1002 }
08-08 18:46:36.678 23983 23983 I Input   : injectMotionEvent: MotionEvent { action=ACTION_MOVE, actionButton=0, id[0]=0, x[0]=912.0, y[0]=136.0, toolType[0]=TOOL_TYPE_UNKNOWN, buttonState=0, metaState=0, flags=0x0, edgeFlags=0x0, pointerCount=1, historySize=0, eventTime=5691301, downTime=5691301, deviceId=0, source=0x1002 }
08-08 18:46:36.693 23983 23983 I Input   : injectMotionEvent: MotionEvent { action=ACTION_MOVE, actionButton=0, id[0]=0, x[0]=912.0, y[0]=136.0, toolType[0]=TOOL_TYPE_UNKNOWN, buttonState=0, metaState=0, flags=0x0, edgeFlags=0x0, pointerCount=1, historySize=0, eventTime=5691316, downTime=5691316, deviceId=0, source=0x1002 }
08-08 18:46:36.710 23983 23983 I Input   : injectMotionEvent: MotionEvent { action=ACTION_MOVE, actionButton=0, id[0]=0, x[0]=912.0, y[0]=136.0, toolType[0]=TOOL_TYPE_UNKNOWN, buttonState=0, metaState=0, flags=0x0, edgeFlags=0x0, pointerCount=1, historySize=0, eventTime=5691333, downTime=5691333, deviceId=0, source=0x1002 }
08-08 18:46:36.728 23983 23983 I Input   : injectMotionEvent: MotionEvent { action=ACTION_MOVE, actionButton=0, id[0]=0, x[0]=912.0, y[0]=136.0, toolType[0]=TOOL_TYPE_UNKNOWN, buttonState=0, metaState=0, flags=0x0, edgeFlags=0x0, pointerCount=1, historySize=0, eventTime=5691351, downTime=5691351, deviceId=0, source=0x1002 }
08-08 18:46:36.743 23983 23983 I Input   : injectMotionEvent: MotionEvent { action=ACTION_MOVE, actionButton=0, id[0]=0, x[0]=912.0, y[0]=136.0, toolType[0]=TOOL_TYPE_UNKNOWN, buttonState=0, metaState=0, flags=0x0, edgeFlags=0x0, pointerCount=1, historySize=0, eventTime=5691367, downTime=5691367, deviceId=0, source=0x1002 }
08-08 18:46:36.759 23983 23983 I Input   : injectMotionEvent: MotionEvent { action=ACTION_MOVE, actionButton=0, id[0]=0, x[0]=912.0, y[0]=136.0, toolType[0]=TOOL_TYPE_UNKNOWN, buttonState=0, metaState=0, flags=0x0, edgeFlags=0x0, pointerCount=1, historySize=0, eventTime=5691383, downTime=5691383, deviceId=0, source=0x1002 }
08-08 18:46:36.778 23983 23983 I Input   : injectMotionEvent: MotionEvent { action=ACTION_MOVE, actionButton=0, id[0]=0, x[0]=912.0, y[0]=136.0, toolType[0]=TOOL_TYPE_UNKNOWN, buttonState=0, metaState=0, flags=0x0, edgeFlags=0x0, pointerCount=1, historySize=0, eventTime=5691402, downTime=5691402, deviceId=0, source=0x1002 }
08-08 18:46:36.793 23983 23983 I Input   : injectMotionEvent: MotionEvent { action=ACTION_MOVE, actionButton=0, id[0]=0, x[0]=912.0, y[0]=136.0, toolType[0]=TOOL_TYPE_UNKNOWN, buttonState=0, metaState=0, flags=0x0, edgeFlags=0x0, pointerCount=1, historySize=0, eventTime=5691416, downTime=5691416, deviceId=0, source=0x1002 }
08-08 18:46:36.810 23983 23983 I Input   : injectMotionEvent: MotionEvent { action=ACTION_MOVE, actionButton=0, id[0]=0, x[0]=912.0, y[0]=136.0, toolType[0]=TOOL_TYPE_UNKNOWN, buttonState=0, metaState=0, flags=0x0, edgeFlags=0x0, pointerCount=1, historySize=0, eventTime=5691433, downTime=5691433, deviceId=0, source=0x1002 }
08-08 18:46:36.826 23983 23983 I Input   : injectMotionEvent: MotionEvent { action=ACTION_MOVE, actionButton=0, id[0]=0, x[0]=912.0, y[0]=136.0, toolType[0]=TOOL_TYPE_UNKNOWN, buttonState=0, metaState=0, flags=0x0, edgeFlags=0x0, pointerCount=1, historySize=0, eventTime=5691450, downTime=5691450, deviceId=0, source=0x1002 }
08-08 18:46:36.844 23983 23983 I Input   : injectMotionEvent: MotionEvent { action=ACTION_MOVE, actionButton=0, id[0]=0, x[0]=912.0, y[0]=136.0, toolType[0]=TOOL_TYPE_UNKNOWN, buttonState=0, metaState=0, flags=0x0, edgeFlags=0x0, pointerCount=1, historySize=0, eventTime=5691467, downTime=5691467, deviceId=0, source=0x1002 }
08-08 18:46:36.859 23983 23983 I Input   : injectMotionEvent: MotionEvent { action=ACTION_MOVE, actionButton=0, id[0]=0, x[0]=912.0, y[0]=136.0, toolType[0]=TOOL_TYPE_UNKNOWN, buttonState=0, metaState=0, flags=0x0, edgeFlags=0x0, pointerCount=1, historySize=0, eventTime=5691483, downTime=5691483, deviceId=0, source=0x1002 }
08-08 18:46:36.876 23983 23983 I Input   : injectMotionEvent: MotionEvent { action=ACTION_UP, actionButton=0, id[0]=0, x[0]=912.0, y[0]=136.0, toolType[0]=TOOL_TYPE_UNKNOWN, buttonState=0, metaState=0, flags=0x0, edgeFlags=0x0, pointerCount=1, historySize=0, eventTime=5691499, downTime=5691499, deviceId=0, source=0x1002 }
08-08 18:46:36.877 23983 23983 D AndroidRuntime: Shutting down VM
08-08 18:46:37.910  1628  1648 I WindowManager: Destroying surface Surface(name=Toast) called by com.android.server.wm.WindowStateAnimator.destroySurface:2016 com.android.server.wm.WindowStateAnimator.destroySurfaceLocked:882 com.android.server.wm.WindowState.destroyOrSaveSurface:2100 com.android.server.wm.WindowSurfacePlacer.performSurfacePlacementInner:429 com.android.server.wm.WindowSurfacePlacer.performSurfacePlacementLoop:232 com.android.server.wm.WindowSurfacePlacer.performSurfacePlacement:180 com.android.server.wm.WindowManagerService$H.handleMessage:8086 android.os.Handler.dispatchMessage:102 
08-08 18:46:39.425 23998 23998 W ls      : type=1400 audit(0.0:168): avc: denied { getattr } for path="/proc/sysrq-trigger" dev="proc" ino=4026532069 scontext=u:r:shell:s0 tcontext=u:object_r:proc_sysrq:s0 tclass=file permissive=0
08-08 18:46:39.425 23998 23998 W ls      : type=1400 audit(0.0:169): avc: denied { getattr } for path="/proc/iomem" dev="proc" ino=4026532007 scontext=u:r:shell:s0 tcontext=u:object_r:proc_iomem:s0 tclass=file permissive=0
08-08 18:46:40.982 24308 24308 D AndroidRuntime: >>>>>> START com.android.internal.os.RuntimeInit uid 2000 <<<<<<
08-08 18:46:40.984 24308 24308 D AndroidRuntime: CheckJNI is ON
08-08 18:46:40.996 24308 24308 W art     : Unexpected CPU variant for X86 using defaults: x86
08-08 18:46:41.000 24308 24308 D ICU     : No timezone override file found: /data/local/tmp/misc/zoneinfo/current/icu/icu_tzdata.dat
08-08 18:46:41.015 24308 24308 E memtrack: Couldn't load memtrack module (No such file or directory)
08-08 18:46:41.015 24308 24308 E android.os.Debug: failed to load memtrack module: -2
08-08 18:46:41.016 24308 24308 I Radio-JNI: register_android_hardware_Radio DONE
08-08 18:46:41.020 24308 24308 D AndroidRuntime: Calling main entry com.android.commands.uiautomator.Launcher
08-08 18:46:42.039 24308 24308 W AccessibilityNodeInfoDumper: Fetch time: 2ms
08-08 18:46:42.039  1628 20677 W WindowManager: Attempted to remove non-existing token: android.os.Binder@11b1dcc
08-08 18:46:42.042 24308 24308 D AndroidRuntime: Shutting down VM
08-08 18:46:42.810 24334 24334 D AndroidRuntime: >>>>>> START com.android.internal.os.RuntimeInit uid 2000 <<<<<<
08-08 18:46:42.811 24334 24334 D AndroidRuntime: CheckJNI is ON
08-08 18:46:42.825 24334 24334 W art     : Unexpected CPU variant for X86 using defaults: x86
08-08 18:46:42.828 24334 24334 D ICU     : No timezone override file found: /data/local/tmp/misc/zoneinfo/current/icu/icu_tzdata.dat
08-08 18:46:42.840 24334 24334 E memtrack: Couldn't load memtrack module (No such file or directory)
08-08 18:46:42.840 24334 24334 E android.os.Debug: failed to load memtrack module: -2
08-08 18:46:42.840 24334 24334 I Radio-JNI: register_android_hardware_Radio DONE
08-08 18:46:42.844 24334 24334 D AndroidRuntime: Calling main entry com.android.commands.uiautomator.Launcher
08-08 18:46:43.865 24334 24334 W AccessibilityNodeInfoDumper: Fetch time: 1ms
08-08 18:46:43.865  1628  2106 W WindowManager: Attempted to remove non-existing token: android.os.Binder@b00072a
08-08 18:46:43.868 24334 24334 D AndroidRuntime: Shutting down VM
08-08 18:46:44.632 24361 24361 D AndroidRuntime: >>>>>> START com.android.internal.os.RuntimeInit uid 2000 <<<<<<
08-08 18:46:44.634 24361 24361 D AndroidRuntime: CheckJNI is ON
08-08 18:46:44.646 24361 24361 W art     : Unexpected CPU variant for X86 using defaults: x86
08-08 18:46:44.649 24361 24361 D ICU     : No timezone override file found: /data/local/tmp/misc/zoneinfo/current/icu/icu_tzdata.dat
08-08 18:46:44.661 24361 24361 E memtrack: Couldn't load memtrack module (No such file or directory)
08-08 18:46:44.661 24361 24361 E android.os.Debug: failed to load memtrack module: -2
08-08 18:46:44.662 24361 24361 I Radio-JNI: register_android_hardware_Radio DONE
08-08 18:46:44.666 24361 24361 D AndroidRuntime: Calling main entry com.android.commands.uiautomator.Launcher
08-08 18:46:45.687 24361 24361 W AccessibilityNodeInfoDumper: Fetch time: 3ms
08-08 18:46:45.688  1628  2093 W WindowManager: Attempted to remove non-existing token: android.os.Binder@7c24ab8
08-08 18:46:45.698 24361 24361 D AndroidRuntime: Shutting down VM
08-08 18:46:45.960 24379 24379 D AndroidRuntime: >>>>>> START com.android.internal.os.RuntimeInit uid 2000 <<<<<<
08-08 18:46:45.963 24379 24379 D AndroidRuntime: CheckJNI is ON
08-08 18:46:45.982 24379 24379 W art     : Unexpected CPU variant for X86 using defaults: x86
08-08 18:46:45.988 24379 24379 D ICU     : No timezone override file found: /data/local/tmp/misc/zoneinfo/current/icu/icu_tzdata.dat
08-08 18:46:46.004 24379 24379 E memtrack: Couldn't load memtrack module (No such file or directory)
08-08 18:46:46.004 24379 24379 E android.os.Debug: failed to load memtrack module: -2
08-08 18:46:46.005 24379 24379 I Radio-JNI: register_android_hardware_Radio DONE
08-08 18:46:46.011 24379 24379 D AndroidRuntime: Calling main entry com.android.commands.uiautomator.Launcher
08-08 18:46:47.030 24379 24379 W AccessibilityNodeInfoDumper: Fetch time: 2ms
08-08 18:46:47.030  1628  1639 W WindowManager: Attempted to remove non-existing token: android.os.Binder@dad5a64
08-08 18:46:47.035 24379 24379 D AndroidRuntime: Shutting down VM
08-08 18:46:47.798 24405 24405 D AndroidRuntime: >>>>>> START com.android.internal.os.RuntimeInit uid 2000 <<<<<<
08-08 18:46:47.800 24405 24405 D AndroidRuntime: CheckJNI is ON
08-08 18:46:47.813 24405 24405 W art     : Unexpected CPU variant for X86 using defaults: x86
08-08 18:46:47.815 24405 24405 D ICU     : No timezone override file found: /data/local/tmp/misc/zoneinfo/current/icu/icu_tzdata.dat
08-08 18:46:47.830 24405 24405 E memtrack: Couldn't load memtrack module (No such file or directory)
08-08 18:46:47.830 24405 24405 E android.os.Debug: failed to load memtrack module: -2
08-08 18:46:47.830 24405 24405 I Radio-JNI: register_android_hardware_Radio DONE
08-08 18:46:47.836 24405 24405 D AndroidRuntime: Calling main entry com.android.commands.uiautomator.Launcher
08-08 18:46:48.853 24405 24405 W AccessibilityNodeInfoDumper: Fetch time: 1ms
08-08 18:46:48.853  1628  2108 W WindowManager: Attempted to remove non-existing token: android.os.Binder@39e5182
08-08 18:46:48.857 24405 24405 D AndroidRuntime: Shutting down VM
08-08 18:46:49.666 24438 24438 D AndroidRuntime: >>>>>> START com.android.internal.os.RuntimeInit uid 2000 <<<<<<
08-08 18:46:49.667 24438 24438 D AndroidRuntime: CheckJNI is ON
08-08 18:46:49.679 24438 24438 W art     : Unexpected CPU variant for X86 using defaults: x86
08-08 18:46:49.683 24438 24438 D ICU     : No timezone override file found: /data/local/tmp/misc/zoneinfo/current/icu/icu_tzdata.dat
08-08 18:46:49.695 24438 24438 E memtrack: Couldn't load memtrack module (No such file or directory)
08-08 18:46:49.696 24438 24438 E android.os.Debug: failed to load memtrack module: -2
08-08 18:46:49.696 24438 24438 I Radio-JNI: register_android_hardware_Radio DONE
08-08 18:46:49.700 24438 24438 D AndroidRuntime: Calling main entry com.android.commands.uiautomator.Launcher
08-08 18:46:50.719 24438 24438 W AccessibilityNodeInfoDumper: Fetch time: 2ms
08-08 18:46:50.719  1628  2107 W WindowManager: Attempted to remove non-existing token: android.os.Binder@517b8d0
08-08 18:46:50.723 24438 24438 D AndroidRuntime: Shutting down VM
08-08 18:46:50.834  1341  1349 E SurfaceFlinger: ro.sf.lcd_density must be defined as a build property
08-08 18:46:50.836  1341  3721 D gralloc_ranchu: gralloc_alloc: Creating ashmem region of size 8294400
08-08 18:46:50.843 24454 24454 D         : HostConnection::get() New Host Connection established 0xa929b2c0, tid 24454
08-08 18:46:50.848  1341  1341 E EGL_emulation: tid 1341: eglCreateSyncKHR(1901): error 0x3004 (EGL_BAD_ATTRIBUTE)
08-08 18:46:51.104 24460 24460 D AndroidRuntime: >>>>>> START com.android.internal.os.RuntimeInit uid 2000 <<<<<<
08-08 18:46:51.106 24460 24460 D AndroidRuntime: CheckJNI is ON
08-08 18:46:51.119 24460 24460 W art     : Unexpected CPU variant for X86 using defaults: x86
08-08 18:46:51.123 24460 24460 D ICU     : No timezone override file found: /data/misc/zoneinfo/current/icu/icu_tzdata.dat
08-08 18:46:51.135 24460 24460 E memtrack: Couldn't load memtrack module (No such file or directory)
08-08 18:46:51.135 24460 24460 E android.os.Debug: failed to load memtrack module: -2
08-08 18:46:51.137 24460 24460 I Radio-JNI: register_android_hardware_Radio DONE
08-08 18:46:51.143 24460 24460 D AndroidRuntime: Calling main entry com.android.commands.am.Am
08-08 18:46:51.150  3938  3938 D MediaScannerReceiver: action: android.intent.action.MEDIA_SCANNER_SCAN_FILE path: /storage/emulated/0/screen.png
08-08 18:46:51.152 24460 24460 D AndroidRuntime: Shutting down VM
08-08 18:46:53.452 24473 24473 D AndroidRuntime: >>>>>> START com.android.internal.os.RuntimeInit uid 2000 <<<<<<
08-08 18:46:53.454 24473 24473 D AndroidRuntime: CheckJNI is ON
08-08 18:46:53.466 24473 24473 W art     : Unexpected CPU variant for X86 using defaults: x86
08-08 18:46:53.469 24473 24473 D ICU     : No timezone override file found: /data/local/tmp/misc/zoneinfo/current/icu/icu_tzdata.dat
08-08 18:46:53.480 24473 24473 E memtrack: Couldn't load memtrack module (No such file or directory)
08-08 18:46:53.480 24473 24473 E android.os.Debug: failed to load memtrack module: -2
08-08 18:46:53.481 24473 24473 I Radio-JNI: register_android_hardware_Radio DONE
08-08 18:46:53.484 24473 24473 D AndroidRuntime: Calling main entry com.android.commands.uiautomator.Launcher
08-08 18:46:54.504 24473 24473 W AccessibilityNodeInfoDumper: Fetch time: 2ms
08-08 18:46:54.505  1628  1909 W WindowManager: Attempted to remove non-existing token: android.os.Binder@a1292ef
08-08 18:46:54.509 24473 24473 D AndroidRuntime: Shutting down VM
08-08 18:46:56.704 24490 24490 D AndroidRuntime: >>>>>> START com.android.internal.os.RuntimeInit uid 2000 <<<<<<
08-08 18:46:56.705 24490 24490 D AndroidRuntime: CheckJNI is ON
08-08 18:46:56.717 24490 24490 W art     : Unexpected CPU variant for X86 using defaults: x86
08-08 18:46:56.720 24490 24490 D ICU     : No timezone override file found: /data/local/tmp/misc/zoneinfo/current/icu/icu_tzdata.dat
08-08 18:46:56.733 24490 24490 E memtrack: Couldn't load memtrack module (No such file or directory)
08-08 18:46:56.733 24490 24490 E android.os.Debug: failed to load memtrack module: -2
08-08 18:46:56.734 24490 24490 I Radio-JNI: register_android_hardware_Radio DONE
08-08 18:46:56.738 24490 24490 D AndroidRuntime: Calling main entry com.android.commands.uiautomator.Launcher
08-08 18:46:57.752 24490 24490 W AccessibilityNodeInfoDumper: Fetch time: 2ms
08-08 18:46:57.753  1628 20677 W WindowManager: Attempted to remove non-existing token: android.os.Binder@b1c2085
08-08 18:46:57.757 24490 24490 D AndroidRuntime: Shutting down VM
08-08 18:46:57.959 24507 24507 D AndroidRuntime: >>>>>> START com.android.internal.os.RuntimeInit uid 2000 <<<<<<
08-08 18:46:57.961 24507 24507 D AndroidRuntime: CheckJNI is ON
08-08 18:46:57.973 24507 24507 W art     : Unexpected CPU variant for X86 using defaults: x86
08-08 18:46:57.976 24507 24507 D ICU     : No timezone override file found: /data/local/tmp/misc/zoneinfo/current/icu/icu_tzdata.dat
08-08 18:46:57.988 24507 24507 E memtrack: Couldn't load memtrack module (No such file or directory)
08-08 18:46:57.988 24507 24507 E android.os.Debug: failed to load memtrack module: -2
08-08 18:46:57.989 24507 24507 I Radio-JNI: register_android_hardware_Radio DONE
08-08 18:46:57.993 24507 24507 D AndroidRuntime: Calling main entry com.android.commands.uiautomator.Launcher
08-08 18:46:59.014 24507 24507 W AccessibilityNodeInfoDumper: Fetch time: 2ms
08-08 18:46:59.014  1628  1638 W WindowManager: Attempted to remove non-existing token: android.os.Binder@c1f6f0b
08-08 18:46:59.018 24507 24507 D AndroidRuntime: Shutting down VM
08-08 18:46:59.217 24524 24524 D AndroidRuntime: >>>>>> START com.android.internal.os.RuntimeInit uid 2000 <<<<<<
08-08 18:46:59.218 24524 24524 D AndroidRuntime: CheckJNI is ON
08-08 18:46:59.230 24524 24524 W art     : Unexpected CPU variant for X86 using defaults: x86
08-08 18:46:59.233 24524 24524 D ICU     : No timezone override file found: /data/local/tmp/misc/zoneinfo/current/icu/icu_tzdata.dat
08-08 18:46:59.246 24524 24524 E memtrack: Couldn't load memtrack module (No such file or directory)
08-08 18:46:59.246 24524 24524 E android.os.Debug: failed to load memtrack module: -2
08-08 18:46:59.246 24524 24524 I Radio-JNI: register_android_hardware_Radio DONE
08-08 18:46:59.250 24524 24524 D AndroidRuntime: Calling main entry com.android.commands.uiautomator.Launcher
08-08 18:47:00.271 24524 24524 W AccessibilityNodeInfoDumper: Fetch time: 1ms
08-08 18:47:00.271  1628  1639 W WindowManager: Attempted to remove non-existing token: android.os.Binder@834001
08-08 18:47:00.274 24524 24524 D AndroidRuntime: Shutting down VM
08-08 18:47:00.507 24544 24544 D AndroidRuntime: >>>>>> START com.android.internal.os.RuntimeInit uid 2000 <<<<<<
08-08 18:47:00.508 24544 24544 D AndroidRuntime: CheckJNI is ON
08-08 18:47:00.523 24544 24544 W art     : Unexpected CPU variant for X86 using defaults: x86
08-08 18:47:00.525 24544 24544 D ICU     : No timezone override file found: /data/local/tmp/misc/zoneinfo/current/icu/icu_tzdata.dat
08-08 18:47:00.539 24544 24544 E memtrack: Couldn't load memtrack module (No such file or directory)
08-08 18:47:00.539 24544 24544 E android.os.Debug: failed to load memtrack module: -2
08-08 18:47:00.540 24544 24544 I Radio-JNI: register_android_hardware_Radio DONE
08-08 18:47:00.545 24544 24544 D AndroidRuntime: Calling main entry com.android.commands.uiautomator.Launcher
08-08 18:47:01.568 24544 24544 W AccessibilityNodeInfoDumper: Fetch time: 2ms
08-08 18:47:01.568  1628  2106 W WindowManager: Attempted to remove non-existing token: android.os.Binder@d3f0e7
08-08 18:47:01.572 24544 24544 D AndroidRuntime: Shutting down VM
08-08 18:47:01.735 24557 24557 D AndroidRuntime: >>>>>> START com.android.internal.os.RuntimeInit uid 2000 <<<<<<
08-08 18:47:01.737 24557 24557 D AndroidRuntime: CheckJNI is ON
08-08 18:47:01.749 24557 24557 W art     : Unexpected CPU variant for X86 using defaults: x86
08-08 18:47:01.751 24557 24557 D ICU     : No timezone override file found: /data/misc/zoneinfo/current/icu/icu_tzdata.dat
08-08 18:47:01.761 24557 24557 E memtrack: Couldn't load memtrack module (No such file or directory)
08-08 18:47:01.761 24557 24557 E android.os.Debug: failed to load memtrack module: -2
08-08 18:47:01.761 24557 24557 I Radio-JNI: register_android_hardware_Radio DONE
08-08 18:47:01.766 24557 24557 D AndroidRuntime: Calling main entry com.android.commands.input.Input
08-08 18:47:01.770 24557 24557 I Input   : injectMotionEvent: MotionEvent { action=ACTION_DOWN, actionButton=0, id[0]=0, x[0]=1027.0, y[0]=136.0, toolType[0]=TOOL_TYPE_UNKNOWN, buttonState=0, metaState=0, flags=0x0, edgeFlags=0x0, pointerCount=1, historySize=0, eventTime=5716391, downTime=5716391, deviceId=0, source=0x1002 }
08-08 18:47:01.772 24557 24557 I Input   : injectMotionEvent: MotionEvent { action=ACTION_UP, actionButton=0, id[0]=0, x[0]=1027.0, y[0]=136.0, toolType[0]=TOOL_TYPE_UNKNOWN, buttonState=0, metaState=0, flags=0x0, edgeFlags=0x0, pointerCount=1, historySize=0, eventTime=5716391, downTime=5716391, deviceId=0, source=0x1002 }
08-08 18:47:01.774 24557 24557 D AndroidRuntime: Shutting down VM
08-08 18:47:01.782  1389  1409 W audio_hw_generic: Not supplying enough data to HAL, expected position 6862496 , only wrote 6862320
08-08 18:47:01.818 20707 20725 D EGL_emulation: eglMakeCurrent: 0xa8485120: ver 2 0 (tinfo 0xa84832b0)
08-08 18:47:01.823 20707 20725 D EGL_emulation: eglMakeCurrent: 0xa8485120: ver 2 0 (tinfo 0xa84832b0)
08-08 18:47:01.827 20707 20725 D EGL_emulation: eglMakeCurrent: 0xa8485120: ver 2 0 (tinfo 0xa84832b0)
08-08 18:47:01.831 20707 20725 D EGL_emulation: eglMakeCurrent: 0xa8485120: ver 2 0 (tinfo 0xa84832b0)
08-08 18:47:01.859 20707 20725 D EGL_emulation: eglMakeCurrent: 0xa8485120: ver 2 0 (tinfo 0xa84832b0)
08-08 18:47:01.959 20707 20725 D EGL_emulation: eglMakeCurrent: 0xa8485120: ver 2 0 (tinfo 0xa84832b0)
08-08 18:47:01.962 20707 20725 D EGL_emulation: eglMakeCurrent: 0xa8485120: ver 2 0 (tinfo 0xa84832b0)
08-08 18:47:02.079 20707 20725 D EGL_emulation: eglMakeCurrent: 0xa8485120: ver 2 0 (tinfo 0xa84832b0)
08-08 18:47:03.427 20707 20725 D EGL_emulation: eglMakeCurrent: 0xa8485120: ver 2 0 (tinfo 0xa84832b0)
08-08 18:47:04.335 24572 24572 W ls      : type=1400 audit(0.0:170): avc: denied { getattr } for path="/proc/sysrq-trigger" dev="proc" ino=4026532069 scontext=u:r:shell:s0 tcontext=u:object_r:proc_sysrq:s0 tclass=file permissive=0
08-08 18:47:04.335 24572 24572 W ls      : type=1400 audit(0.0:171): avc: denied { getattr } for path="/proc/iomem" dev="proc" ino=4026532007 scontext=u:r:shell:s0 tcontext=u:object_r:proc_iomem:s0 tclass=file permissive=0
08-08 18:47:04.993  1389  1410 W audio_hw_generic: Not supplying enough data to HAL, expected position 7168433 , only wrote 7016400
08-08 18:47:05.884 24881 24881 D AndroidRuntime: >>>>>> START com.android.internal.os.RuntimeInit uid 2000 <<<<<<
08-08 18:47:05.886 24881 24881 D AndroidRuntime: CheckJNI is ON
08-08 18:47:05.898 24881 24881 W art     : Unexpected CPU variant for X86 using defaults: x86
08-08 18:47:05.900 24881 24881 D ICU     : No timezone override file found: /data/local/tmp/misc/zoneinfo/current/icu/icu_tzdata.dat
08-08 18:47:05.913 24881 24881 E memtrack: Couldn't load memtrack module (No such file or directory)
08-08 18:47:05.913 24881 24881 E android.os.Debug: failed to load memtrack module: -2
08-08 18:47:05.913 24881 24881 I Radio-JNI: register_android_hardware_Radio DONE
08-08 18:47:05.918 24881 24881 D AndroidRuntime: Calling main entry com.android.commands.uiautomator.Launcher
08-08 18:47:06.935 24881 24881 W AccessibilityNodeInfoDumper: Fetch time: 1ms
08-08 18:47:06.935  1628  1638 W WindowManager: Attempted to remove non-existing token: android.os.Binder@c5b2b71
08-08 18:47:06.939 24881 24881 D AndroidRuntime: Shutting down VM
08-08 18:47:07.702 24907 24907 D AndroidRuntime: >>>>>> START com.android.internal.os.RuntimeInit uid 2000 <<<<<<
08-08 18:47:07.703 24907 24907 D AndroidRuntime: CheckJNI is ON
08-08 18:47:07.715 24907 24907 W art     : Unexpected CPU variant for X86 using defaults: x86
08-08 18:47:07.718 24907 24907 D ICU     : No timezone override file found: /data/local/tmp/misc/zoneinfo/current/icu/icu_tzdata.dat
08-08 18:47:07.730 24907 24907 E memtrack: Couldn't load memtrack module (No such file or directory)
08-08 18:47:07.730 24907 24907 E android.os.Debug: failed to load memtrack module: -2
