08-08 18:41:24.026  1341  1341 E EGL_emulation: tid 1341: eglCreateSyncKHR(1901): error 0x3004 (EGL_BAD_ATTRIBUTE)
08-08 18:41:24.265 20370 20370 D AndroidRuntime: >>>>>> START com.android.internal.os.RuntimeInit uid 2000 <<<<<<
08-08 18:41:24.267 20370 20370 D AndroidRuntime: CheckJNI is ON
08-08 18:41:24.280 20370 20370 W art     : Unexpected CPU variant for X86 using defaults: x86
08-08 18:41:24.283 20370 20370 D ICU     : No timezone override file found: /data/misc/zoneinfo/current/icu/icu_tzdata.dat
08-08 18:41:24.296 20370 20370 E memtrack: Couldn't load memtrack module (No such file or directory)
08-08 18:41:24.296 20370 20370 E android.os.Debug: failed to load memtrack module: -2
08-08 18:41:24.297 20370 20370 I Radio-JNI: register_android_hardware_Radio DONE
08-08 18:41:24.302 20370 20370 D AndroidRuntime: Calling main entry com.android.commands.am.Am
08-08 18:41:24.309  3938  3938 D MediaScannerReceiver: action: android.intent.action.MEDIA_SCANNER_SCAN_FILE path: /storage/emulated/0/screen.png
08-08 18:41:24.310 20370 20370 D AndroidRuntime: Shutting down VM
08-08 18:41:45.388  1628  1674 D WifiNative-HAL: Failing getSupportedFeatureset because HAL isn't started
08-08 18:41:45.389  1628  1644 E BluetoothAdapter: Bluetooth binder is null
08-08 18:41:45.389  1628  1644 E BatteryStatsService: no controller energy info supplied
08-08 18:41:45.392  1628  1644 E KernelCpuSpeedReader: Failed to read cpu-freq: /sys/devices/system/cpu/cpu0/cpufreq/stats/time_in_state (No such file or directory)
08-08 18:41:45.392  1628  1644 E KernelUidCpuTimeReader: Failed to read uid_cputime: /proc/uid_cputime/show_uid_stat (No such file or directory)
08-08 18:41:45.392  1628  1644 E BatteryStatsService: modem info is invalid: ModemActivityInfo{ mTimestamp=0 mSleepTimeMs=0 mIdleTimeMs=0 mTxTimeMs[]=[0, 0, 0, 0, 0] mRxTimeMs=0 mEnergyUsed=0}
08-08 18:42:00.009  1628  1641 I ProcessStatsService: Prepared write state in 3ms
08-08 18:42:21.719 20398 20398 D AndroidRuntime: >>>>>> START com.android.internal.os.RuntimeInit uid 2000 <<<<<<
08-08 18:42:21.721 20398 20398 D AndroidRuntime: CheckJNI is ON
08-08 18:42:21.736 20398 20398 W art     : Unexpected CPU variant for X86 using defaults: x86
08-08 18:42:21.740 20398 20398 D ICU     : No timezone override file found: /data/misc/zoneinfo/current/icu/icu_tzdata.dat
08-08 18:42:21.752 20398 20398 E memtrack: Couldn't load memtrack module (No such file or directory)
08-08 18:42:21.752 20398 20398 E android.os.Debug: failed to load memtrack module: -2
08-08 18:42:21.753 20398 20398 I Radio-JNI: register_android_hardware_Radio DONE
08-08 18:42:21.759 20398 20398 D AndroidRuntime: Calling main entry com.android.commands.pm.Pm
08-08 18:42:21.764  1628  1641 I ActivityManager: Force stopping me.anon.grow appid=10089 user=-1: deletePackageX
08-08 18:42:21.764  1628  1641 I ActivityManager: Killing 19589:me.anon.grow/u0a89 (adj 0): stop me.anon.grow
08-08 18:42:21.765  1628  1641 D ActivityManager: cleanUpApplicationRecord -- 19589
08-08 18:42:21.765  1628  1641 W ActivityManager: Force removing ActivityRecord{93d05fc u0 me.anon.grow/.MainActivity t4}: app died, no saved state
08-08 18:42:21.770  1628  1641 I WindowManager: Destroying surface Surface(name=me.anon.grow/me.anon.grow.MainActivity) called by com.android.server.wm.WindowStateAnimator.destroySurface:2016 com.android.server.wm.WindowStateAnimator.destroySurfaceLocked:882 com.android.server.wm.WindowState.removeLocked:1456 com.android.server.wm.WindowManagerService.removeWindowInnerLocked:2484 com.android.server.wm.WindowManagerService.removeWindowLocked:2442 com.android.server.wm.WindowManagerService.removeWindowLocked:2311 com.android.server.wm.AppWindowToken.removeAllWindows:530 com.android.server.wm.AppWindowToken.removeAppFromTaskLocked:326 
08-08 18:42:21.791  1628  1653 I art     : Starting a blocking GC Explicit
08-08 18:42:21.803 18738 18738 D AccountsListFragment: Creating the accounts loader
08-08 18:42:21.807 18738 20409 V DatabaseAdapter: Fetching all accounts from db
08-08 18:42:21.813  1718  1966 D EGL_emulation: eglMakeCurrent: 0x8b320ea0: ver 2 0 (tinfo 0x9ad40590)
08-08 18:42:21.819  1628  2107 D GraphicsStats: Buffer count: 5
08-08 18:42:21.827  1718  1966 D EGL_emulation: eglMakeCurrent: 0x8b320ea0: ver 2 0 (tinfo 0x9ad40590)
08-08 18:42:21.829  1718  1966 D EGL_emulation: eglMakeCurrent: 0x8b320ea0: ver 2 0 (tinfo 0x9ad40590)
08-08 18:42:21.831  1628  1653 I art     : Explicit concurrent mark sweep GC freed 28785(1748KB) AllocSpace objects, 16(424KB) LOS objects, 24% free, 12MB/16MB, paused 252us total 40.093ms
08-08 18:42:21.839 20398 20398 I art     : System.exit called, status: 0
08-08 18:42:21.839 20398 20398 I AndroidRuntime: VM exiting with result code 0.
08-08 18:42:21.840  1628  1653 I ActivityManager: Force stopping me.anon.grow appid=10089 user=0: pkg removed
08-08 18:42:21.842 20398 20406 W MessageQueue: Handler (android.os.Handler) {ca152fb} sending message to a Handler on a dead thread
08-08 18:42:21.842 20398 20406 W MessageQueue: java.lang.IllegalStateException: Handler (android.os.Handler) {ca152fb} sending message to a Handler on a dead thread
08-08 18:42:21.842 20398 20406 W MessageQueue: 	at android.os.MessageQueue.enqueueMessage(MessageQueue.java:543)
08-08 18:42:21.842 20398 20406 W MessageQueue: 	at android.os.Handler.enqueueMessage(Handler.java:643)
08-08 18:42:21.842 20398 20406 W MessageQueue: 	at android.os.Handler.sendMessageAtTime(Handler.java:612)
08-08 18:42:21.842 20398 20406 W MessageQueue: 	at android.os.Handler.sendMessageDelayed(Handler.java:582)
08-08 18:42:21.842 20398 20406 W MessageQueue: 	at android.os.Handler.post(Handler.java:338)
08-08 18:42:21.842 20398 20406 W MessageQueue: 	at android.os.ResultReceiver$MyResultReceiver.send(ResultReceiver.java:57)
08-08 18:42:21.842 20398 20406 W MessageQueue: 	at com.android.internal.os.IResultReceiver$Stub.onTransact(IResultReceiver.java:58)
08-08 18:42:21.842 20398 20406 W MessageQueue: 	at android.os.Binder.execTransact(Binder.java:565)
08-08 18:42:21.842  1718  1966 D EGL_emulation: eglMakeCurrent: 0x8b320ea0: ver 2 0 (tinfo 0x9ad40590)
08-08 18:42:21.847  1718  1966 D EGL_emulation: eglMakeCurrent: 0x8b320ea0: ver 2 0 (tinfo 0x9ad40590)
08-08 18:42:21.854  2019  2019 I GeofencerStateMachine: removeGeofences: removeRequest=RemoveGeofencingRequest[REMOVE_ALL packageName=me.anon.grow]
08-08 18:42:21.856  1628  1653 E KernelUidCpuTimeReader: failed to remove uid from uid_cputime module
08-08 18:42:21.856  1628  1653 E KernelUidCpuTimeReader: java.io.FileNotFoundException: /proc/uid_cputime/remove_uid_range (No such file or directory)
08-08 18:42:21.856  1628  1653 E KernelUidCpuTimeReader: 	at java.io.FileOutputStream.open(Native Method)
08-08 18:42:21.856  1628  1653 E KernelUidCpuTimeReader: 	at java.io.FileOutputStream.<init>(FileOutputStream.java:221)
08-08 18:42:21.856  1628  1653 E KernelUidCpuTimeReader: 	at java.io.FileOutputStream.<init>(FileOutputStream.java:108)
08-08 18:42:21.856  1628  1653 E KernelUidCpuTimeReader: 	at java.io.FileWriter.<init>(FileWriter.java:63)
08-08 18:42:21.856  1628  1653 E KernelUidCpuTimeReader: 	at com.android.internal.os.KernelUidCpuTimeReader.removeUid(KernelUidCpuTimeReader.java:158)
08-08 18:42:21.856  1628  1653 E KernelUidCpuTimeReader: 	at com.android.internal.os.BatteryStatsImpl.removeUidStatsLocked(BatteryStatsImpl.java:9805)
08-08 18:42:21.856  1628  1653 E KernelUidCpuTimeReader: 	at com.android.server.am.BatteryStatsService.removeUid(BatteryStatsService.java:291)
08-08 18:42:21.856  1628  1653 E KernelUidCpuTimeReader: 	at com.android.server.am.ActivityManagerService.broadcastIntentLocked(ActivityManagerService.java:17857)
08-08 18:42:21.856  1628  1653 E KernelUidCpuTimeReader: 	at com.android.server.am.ActivityManagerService.broadcastIntent(ActivityManagerService.java:18346)
08-08 18:42:21.856  1628  1653 E KernelUidCpuTimeReader: 	at com.android.server.pm.PackageManagerService$8.run(PackageManagerService.java:11407)
08-08 18:42:21.856  1628  1653 E KernelUidCpuTimeReader: 	at android.os.Handler.handleCallback(Handler.java:751)
08-08 18:42:21.856  1628  1653 E KernelUidCpuTimeReader: 	at android.os.Handler.dispatchMessage(Handler.java:95)
08-08 18:42:21.856  1628  1653 E KernelUidCpuTimeReader: 	at android.os.Looper.loop(Looper.java:154)
08-08 18:42:21.856  1628  1653 E KernelUidCpuTimeReader: 	at android.os.HandlerThread.run(HandlerThread.java:61)
08-08 18:42:21.856  1628  1653 E KernelUidCpuTimeReader: 	at com.android.server.ServiceThread.run(ServiceThread.java:46)
08-08 18:42:21.859  1718  1966 D EGL_emulation: eglMakeCurrent: 0x8b320ea0: ver 2 0 (tinfo 0x9ad40590)
08-08 18:42:21.860  1718  1966 D EGL_emulation: eglMakeCurrent: 0x8b320ea0: ver 2 0 (tinfo 0x9ad40590)
08-08 18:42:21.861  1628  1662 I InputReader: Reconfiguring input devices.  changes=0x00000010
08-08 18:42:21.873 32147 32147 W ContextImpl: Calling a method in the system process without a qualified user: android.app.ContextImpl.startService:1385 android.content.ContextWrapper.startService:613 android.content.ContextWrapper.startService:613 com.android.keychain.KeyChainBroadcastReceiver.onReceive:12 android.app.ActivityThread.handleReceiver:3011 
08-08 18:42:21.875  1392  1392 I         : free_cache(3150885) avail 6088163328
08-08 18:42:21.877  1718  1966 D EGL_emulation: eglMakeCurrent: 0x8b320ea0: ver 2 0 (tinfo 0x9ad40590)
08-08 18:42:21.880  1703  1762 I LatinIME:LogUtils: Dictionary info: dictionary = main:en ; version = 54 ; date = 1414726273
08-08 18:42:21.885  1809  1809 D CarrierSvcBindHelper: No carrier app for: 0
08-08 18:42:21.891  1718  1966 D EGL_emulation: eglMakeCurrent: 0x8b320ea0: ver 2 0 (tinfo 0x9ad40590)
08-08 18:42:21.891  2497  2497 W Finsky  : [1] com.google.android.finsky.FinskyApp.i(1468): No account configured on this device.
08-08 18:42:21.897  1718  1966 D EGL_emulation: eglMakeCurrent: 0x8b320ea0: ver 2 0 (tinfo 0x9ad40590)
08-08 18:42:21.899 18738 18738 D AccountsListFragment: Accounts loader finished. Swapping in cursor
08-08 18:42:21.899  1718  1966 D EGL_emulation: eglMakeCurrent: 0x8b320ea0: ver 2 0 (tinfo 0x9ad40590)
08-08 18:42:21.901 18738 18756 D EGL_emulation: eglMakeCurrent: 0xa8485120: ver 2 0 (tinfo 0xa84831e0)
08-08 18:42:21.917  2019  2019 I WearableService: Wearable Services not starting - Wear is not available on this device.
08-08 18:42:21.919  1718  1966 D EGL_emulation: eglMakeCurrent: 0x8b320ea0: ver 2 0 (tinfo 0x9ad40590)
08-08 18:42:21.922  1718  1966 D EGL_emulation: eglMakeCurrent: 0x8b320ea0: ver 2 0 (tinfo 0x9ad40590)
08-08 18:42:21.922 18738 18756 D EGL_emulation: eglMakeCurrent: 0xa8485120: ver 2 0 (tinfo 0xa84831e0)
08-08 18:42:21.927  1718  1966 D EGL_emulation: eglMakeCurrent: 0x8b320ea0: ver 2 0 (tinfo 0x9ad40590)
08-08 18:42:21.930  2019  2866 D WearableService: onGetService - Wear is not available on this device.
08-08 18:42:21.931  1718  1966 D EGL_emulation: eglMakeCurrent: 0x8b320ea0: ver 2 0 (tinfo 0x9ad40590)
08-08 18:42:21.938  2497  2497 E Finsky  : [1] com.google.android.finsky.wear.bk.a(752): onConnectionFailed: ConnectionResult{statusCode=API_UNAVAILABLE, resolution=null, message=null}
08-08 18:42:21.938  2497  2497 I Finsky  : [1] com.google.android.finsky.wear.WearSupportService.a(6355): Dropping command=auto_uninstall due to Gms not connected
08-08 18:42:21.943  1718  1966 D EGL_emulation: eglMakeCurrent: 0x8b320ea0: ver 2 0 (tinfo 0x9ad40590)
08-08 18:42:21.944 18738 18756 D EGL_emulation: eglMakeCurrent: 0xa8485120: ver 2 0 (tinfo 0xa84831e0)
08-08 18:42:21.945  1718  1966 D EGL_emulation: eglMakeCurrent: 0x8b320ea0: ver 2 0 (tinfo 0x9ad40590)
08-08 18:42:21.960  1998 20423 D VoicemailCleanupService: Cleaning up data for package: me.anon.grow
08-08 18:42:21.965  1718  1966 D EGL_emulation: eglMakeCurrent: 0x8b320ea0: ver 2 0 (tinfo 0x9ad40590)
08-08 18:42:21.966  1718  1966 D EGL_emulation: eglMakeCurrent: 0x8b320ea0: ver 2 0 (tinfo 0x9ad40590)
08-08 18:42:21.972  3516 20427 I UpdateIcingCorporaServi: Updating corpora: APPS=me.anon.grow, CONTACTS=MAYBE
08-08 18:42:21.976  1718  1966 D EGL_emulation: eglMakeCurrent: 0x8b320ea0: ver 2 0 (tinfo 0x9ad40590)
08-08 18:42:21.981  1718  1966 D EGL_emulation: eglMakeCurrent: 0x8b320ea0: ver 2 0 (tinfo 0x9ad40590)
08-08 18:42:21.987  2170 13897 I ContentMaintenance: Pruning caches...
08-08 18:42:21.995  2170 13897 I ContentMaintenance: Internal cache bytes used: 0; limit: 100000000; download size: 0
08-08 18:42:22.003  1718  1966 D EGL_emulation: eglMakeCurrent: 0x8b320ea0: ver 2 0 (tinfo 0x9ad40590)
08-08 18:42:22.005  1718  1966 D EGL_emulation: eglMakeCurrent: 0x8b320ea0: ver 2 0 (tinfo 0x9ad40590)
08-08 18:42:22.009  2170 20433 I LocationSettingsChecker: Removing dialog suppression flag for package me.anon.grow
08-08 18:42:22.013  2170 20439 D Wear_Controller: Received broadcast action=android.intent.action.PACKAGE_REMOVED and uri=me.anon.grow
08-08 18:42:22.026  1718  1966 D EGL_emulation: eglMakeCurrent: 0x8b320ea0: ver 2 0 (tinfo 0x9ad40590)
08-08 18:42:22.028  2170 13897 I ContentMaintenance: Cache pruning complete.
08-08 18:42:22.031  2170 13897 I ContentMaintenance: Beginning garbage collection.
08-08 18:42:22.033  2170 13897 I RealtimeCacheCleanup: Beginning Realtime garbage collection.
08-08 18:42:22.034  2170 13897 I RealtimeCacheCleanup: Finished Realtime garbage collection.
08-08 18:42:22.034  2170 13897 I ContentMaintenance: Finished garbage collection.
08-08 18:42:22.050  2170 19187 I Icing   : doRemovePackageData me.anon.grow
08-08 18:42:22.052  2170  2774 I Icing   : IndexChimeraService.getServiceInterface callingPackage=com.google.android.googlequicksearchbox componentName=null serviceId=36
08-08 18:42:22.053  2170  2449 I Icing   : IndexChimeraService.getServiceInterface callingPackage=com.google.android.gms componentName=AppsCorpus serviceId=36
08-08 18:42:22.055  2170  2681 I Icing   : IndexChimeraService.getServiceInterface callingPackage=com.google.android.gms componentName=AppsCorpus serviceId=32
08-08 18:42:22.067  2170 20449 I Icing   : Usage reports ok 0, Failed Usage reports 0, indexed 0, rejected 0, imm upload true
08-08 18:42:22.069  2170 20449 I Icing   : Usage reports ok 0, Failed Usage reports 0, indexed 0, rejected 0, imm upload false
08-08 18:42:22.071  2170 20449 I Icing   : Usage reports ok 0, Failed Usage reports 0, indexed 0, rejected 0, imm upload false
08-08 18:42:22.074  3516 20427 I UpdateIcingCorporaServi: UpdateCorporaTask done [took 102 ms] updated apps [took 102 ms] 
08-08 18:42:22.075  2170 20449 I Icing   : Indexing 6A591F6882A0ACAA64A5550D58756309351020E2 from com.google.android.gms
08-08 18:42:22.079  2170 20449 I Icing   : Indexing 1BFABF4F466713C7072D080EE8B2C142DEE04271 from com.google.android.googlequicksearchbox
08-08 18:42:22.086  1628  1653 I PackageManager.DexOptimizer: Running dexopt (dex2oat) on: /data/app/vmdl574124229.tmp/base.apk pkg=me.anon.grow isa=x86 vmSafeMode=false debuggable=false target-filter=interpret-only oatDir = /data/app/vmdl574124229.tmp/oat sharedLibraries=null
08-08 18:42:22.089  2170 20449 I Icing   : Indexing done 6A591F6882A0ACAA64A5550D58756309351020E2
08-08 18:42:22.097 20452 20452 W dex2oat : Unexpected CPU variant for X86 using defaults: x86
08-08 18:42:22.098 20452 20452 W dex2oat : Mismatch between dex2oat instruction set features (ISA: X86 Feature string: smp,-ssse3,-sse4.1,-sse4.2,-avx,-avx2,-lock_add,-popcnt) and those of dex2oat executable (ISA: X86 Feature string: smp,ssse3,-sse4.1,-sse4.2,-avx,-avx2,-lock_add,-popcnt) for the command line:
08-08 18:42:22.098 20452 20452 W dex2oat : /system/bin/dex2oat --zip-fd=6 --zip-location=base.apk --oat-fd=7 --oat-location=/data/app/vmdl574124229.tmp/oat/x86/base.odex --instruction-set=x86 --instruction-set-variant=x86 --instruction-set-features=default --runtime-arg -Xms64m --runtime-arg -Xmx512m --compiler-filter=interpret-only --swap-fd=9
08-08 18:42:22.098 20452 20452 I dex2oat : /system/bin/dex2oat --compiler-filter=interpret-only
08-08 18:42:22.100  2170 20449 I Icing   : Indexing done 1BFABF4F466713C7072D080EE8B2C142DEE04271
08-08 18:42:22.209 20452 20452 W dex2oat : Before Android 4.1, method int android.support.v7.widget.ListViewCompat.lookForSelectablePosition(int, boolean) would have incorrectly overridden the package-private method in android.widget.ListView
08-08 18:42:22.236 20452 20454 W dex2oat : Before Android 4.1, method android.graphics.PorterDuffColorFilter android.support.graphics.drawable.VectorDrawableCompat.updateTintFilter(android.graphics.PorterDuffColorFilter, android.content.res.ColorStateList, android.graphics.PorterDuff$Mode) would have incorrectly overridden the package-private method in android.graphics.drawable.Drawable
08-08 18:42:22.497 20452 20452 I dex2oat : dex2oat took 399.415ms (threads: 4) arena alloc=8KB (9208B) java alloc=4MB (4528400B) native alloc=6MB (6575176B) free=2MB (2862008B)
08-08 18:42:22.531  1628  1653 V BackupManagerService: restoreAtInstall pkg=me.anon.grow token=d restoreSet=0
08-08 18:42:22.531  1628  1653 V BackupManagerService: Finishing install immediately
08-08 18:42:22.532  1628  1653 I art     : Starting a blocking GC Explicit
08-08 18:42:22.546  1628  1653 I art     : Explicit concurrent mark sweep GC freed 31196(1716KB) AllocSpace objects, 9(252KB) LOS objects, 24% free, 12MB/16MB, paused 154us total 14.289ms
08-08 18:42:22.546  1392  1392 E         : Couldn't opendir /data/app/vmdl574124229.tmp: No such file or directory
08-08 18:42:22.554  1628  1662 I InputReader: Reconfiguring input devices.  changes=0x00000010
08-08 18:42:22.582  1809  1809 D CarrierSvcBindHelper: No carrier app for: 0
08-08 18:42:22.583  1809  1809 D CarrierConfigLoader: mHandler: 9 phoneId: 0
08-08 18:42:22.588  2497  2497 I Finsky  : [1] com.google.android.finsky.utils.PermissionPolicies$PermissionPolicyService.onStartCommand(117): post-install permissions check for me.anon.grow
08-08 18:42:22.593  2497  2497 W Finsky  : [1] com.google.android.finsky.FinskyApp.i(1468): No account configured on this device.
08-08 18:42:22.598  2497  2497 I Finsky  : [1] com.google.android.finsky.utils.bh.run(2302): Package state data is missing for me.anon.grow
08-08 18:42:22.599  2497  2497 W Finsky  : [1] com.google.android.finsky.FinskyApp.i(1468): No account configured on this device.
08-08 18:42:22.616  2170 20445 D Wear_Controller: Received broadcast action=android.intent.action.PACKAGE_ADDED and uri=me.anon.grow
08-08 18:42:22.618  3516 20464 I UpdateIcingCorporaServi: Updating corpora: APPS=me.anon.grow, CONTACTS=MAYBE
08-08 18:42:22.631  2170  2680 I Icing   : IndexChimeraService.getServiceInterface callingPackage=com.google.android.gms componentName=AppsCorpus serviceId=36
08-08 18:42:22.631  2170  2681 I Icing   : IndexChimeraService.getServiceInterface callingPackage=com.google.android.gms componentName=AppsCorpus serviceId=32
08-08 18:42:22.637  2170 19187 I Icing   : Usage reports ok 0, Failed Usage reports 0, indexed 0, rejected 0, imm upload false
08-08 18:42:22.640  2170 19187 I Icing   : Usage reports ok 0, Failed Usage reports 0, indexed 0, rejected 0, imm upload false
08-08 18:42:22.643  2170 19187 I Icing   : Indexing 6A591F6882A0ACAA64A5550D58756309351020E2 from com.google.android.gms
08-08 18:42:22.646  2170  2680 I Icing   : IndexChimeraService.getServiceInterface callingPackage=com.google.android.googlequicksearchbox componentName=null serviceId=36
08-08 18:42:22.661  2170 19187 I Icing   : Usage reports ok 0, Failed Usage reports 0, indexed 0, rejected 0, imm upload true
08-08 18:42:22.662  3516 20464 I UpdateIcingCorporaServi: UpdateCorporaTask done [took 43 ms] updated apps [took 43 ms] 
08-08 18:42:22.662  2170 19187 I Icing   : Indexing done 6A591F6882A0ACAA64A5550D58756309351020E2
08-08 18:42:22.663  2170 19187 I Icing   : Indexing 1BFABF4F466713C7072D080EE8B2C142DEE04271 from com.google.android.googlequicksearchbox
08-08 18:42:22.678  2170 19187 I Icing   : Indexing done 1BFABF4F466713C7072D080EE8B2C142DEE04271
08-08 18:42:22.723 20461 20461 D AndroidRuntime: >>>>>> START com.android.internal.os.RuntimeInit uid 2000 <<<<<<
08-08 18:42:22.724 20461 20461 D AndroidRuntime: CheckJNI is ON
08-08 18:42:22.738 20461 20461 W art     : Unexpected CPU variant for X86 using defaults: x86
08-08 18:42:22.740 20461 20461 D ICU     : No timezone override file found: /data/misc/zoneinfo/current/icu/icu_tzdata.dat
08-08 18:42:22.749 20461 20461 E memtrack: Couldn't load memtrack module (No such file or directory)
08-08 18:42:22.749 20461 20461 E android.os.Debug: failed to load memtrack module: -2
08-08 18:42:22.749 20461 20461 I Radio-JNI: register_android_hardware_Radio DONE
08-08 18:42:22.754 20461 20461 D AndroidRuntime: Calling main entry com.android.commands.monkey.Monkey
08-08 18:42:22.770  1628  1641 W BroadcastQueue: Skipping deliver [background] BroadcastRecord{681bff5 u-1 android.net.conn.CONNECTIVITY_CHANGE} to ReceiverList{a39918a 20461 (unknown name)/2000/u-1 remote:c42e8df}: process crashing
08-08 18:42:22.775  1628  2108 I ActivityManager: START u0 {act=android.intent.action.MAIN cat=[android.intent.category.LAUNCHER] flg=0x10200000 cmp=me.anon.grow/.BootActivity} from uid 2000 on display 0
08-08 18:42:22.799 20477 20477 W art     : Unexpected CPU variant for X86 using defaults: x86
08-08 18:42:22.804  1628  2105 I ActivityManager: Start proc 20477:me.anon.grow/u0a90 for activity me.anon.grow/.BootActivity
08-08 18:42:22.880  1341  1678 D gralloc_ranchu: gralloc_alloc: Creating ashmem region of size 2691072
08-08 18:42:22.886  1341  1341 E EGL_emulation: tid 1341: eglCreateSyncKHR(1901): error 0x3004 (EGL_BAD_ATTRIBUTE)
08-08 18:42:22.893  1341  1349 D gralloc_ranchu: gralloc_alloc: Creating ashmem region of size 8294400
08-08 18:42:22.928 20461 20461 I art     : System.exit called, status: 0
08-08 18:42:22.928 20461 20461 I AndroidRuntime: VM exiting with result code 0.
08-08 18:42:22.930 20477 20477 W System  : ClassLoader referenced unknown path: /data/app/me.anon.grow-1/lib/x86
08-08 18:42:22.944  1628  2105 D VoldConnector: SND -> {23 volume mkdirs /storage/emulated/0/Android/data/me.anon.grow/files/}
08-08 18:42:22.948  1628  1664 D VoldConnector: RCV <- {200 23 Command succeeded}
08-08 18:42:22.950  1628  1734 D VoldConnector: SND -> {24 volume mkdirs /storage/1BEF-080C/Android/data/me.anon.grow/files/}
08-08 18:42:22.955  1628  1664 D VoldConnector: RCV <- {200 24 Command succeeded}
08-08 18:42:22.998  1628  1909 I ActivityManager: START u0 {cmp=me.anon.grow/.MainActivity} from uid 10090 on display 0
08-08 18:42:23.011  1718  1966 D EGL_emulation: eglMakeCurrent: 0x8b320ea0: ver 2 0 (tinfo 0x9ad40590)
08-08 18:42:23.028  1718  1966 D EGL_emulation: eglMakeCurrent: 0x8b320ea0: ver 2 0 (tinfo 0x9ad40590)
08-08 18:42:23.029 18738 18756 D EGL_emulation: eglMakeCurrent: 0xa8485120: ver 2 0 (tinfo 0xa84831e0)
08-08 18:42:23.030  1718  1966 D EGL_emulation: eglMakeCurrent: 0x8b320ea0: ver 2 0 (tinfo 0x9ad40590)
08-08 18:42:23.042  1718  1966 D EGL_emulation: eglMakeCurrent: 0x8b320ea0: ver 2 0 (tinfo 0x9ad40590)
08-08 18:42:23.044  1718  1966 D EGL_emulation: eglMakeCurrent: 0x8b320ea0: ver 2 0 (tinfo 0x9ad40590)
08-08 18:42:23.060  1718  1966 D EGL_emulation: eglMakeCurrent: 0x8b320ea0: ver 2 0 (tinfo 0x9ad40590)
08-08 18:42:23.062  1718  1966 D EGL_emulation: eglMakeCurrent: 0x8b320ea0: ver 2 0 (tinfo 0x9ad40590)
08-08 18:42:23.077  1718  1966 D EGL_emulation: eglMakeCurrent: 0x8b320ea0: ver 2 0 (tinfo 0x9ad40590)
08-08 18:42:23.079  1718  1966 D EGL_emulation: eglMakeCurrent: 0x8b320ea0: ver 2 0 (tinfo 0x9ad40590)
08-08 18:42:23.093  1718  1966 D EGL_emulation: eglMakeCurrent: 0x8b320ea0: ver 2 0 (tinfo 0x9ad40590)
08-08 18:42:23.096  1718  1966 D EGL_emulation: eglMakeCurrent: 0x8b320ea0: ver 2 0 (tinfo 0x9ad40590)
08-08 18:42:23.096 20477 20477 W art     : Before Android 4.1, method android.graphics.PorterDuffColorFilter android.support.graphics.drawable.VectorDrawableCompat.updateTintFilter(android.graphics.PorterDuffColorFilter, android.content.res.ColorStateList, android.graphics.PorterDuff$Mode) would have incorrectly overridden the package-private method in android.graphics.drawable.Drawable
08-08 18:42:23.097  1628  2076 I ActivityManager: START u0 {act=android.content.pm.action.REQUEST_PERMISSIONS pkg=com.google.android.packageinstaller cmp=com.google.android.packageinstaller/com.android.packageinstaller.permission.ui.GrantPermissionsActivity (has extras)} from uid 10090 on display 0
08-08 18:42:23.105 20477 20477 I AppCompatViewInflater: app:theme is now deprecated. Please move to using android:theme instead.
08-08 18:42:23.109  1718  1966 D EGL_emulation: eglMakeCurrent: 0x8b320ea0: ver 2 0 (tinfo 0x9ad40590)
08-08 18:42:23.112  1718  1966 D EGL_emulation: eglMakeCurrent: 0x8b320ea0: ver 2 0 (tinfo 0x9ad40590)
08-08 18:42:23.124  1341  1500 E SurfaceFlinger: ro.sf.lcd_density must be defined as a build property
08-08 18:42:23.126  1718  1966 D EGL_emulation: eglMakeCurrent: 0x8b320ea0: ver 2 0 (tinfo 0x9ad40590)
08-08 18:42:23.127 20477 20477 D         : HostConnection::get() New Host Connection established 0x9d6d0300, tid 20477
08-08 18:42:23.128  1718  1966 D EGL_emulation: eglMakeCurrent: 0x8b320ea0: ver 2 0 (tinfo 0x9ad40590)
08-08 18:42:23.143  1718  1966 D EGL_emulation: eglMakeCurrent: 0x8b320ea0: ver 2 0 (tinfo 0x9ad40590)
08-08 18:42:23.145  1718  1966 D EGL_emulation: eglMakeCurrent: 0x8b320ea0: ver 2 0 (tinfo 0x9ad40590)
08-08 18:42:23.160  1718  1966 D EGL_emulation: eglMakeCurrent: 0x8b320ea0: ver 2 0 (tinfo 0x9ad40590)
08-08 18:42:23.162 20477 20495 D         : HostConnection::get() New Host Connection established 0x9d6d0640, tid 20495
08-08 18:42:23.167  1718  1966 D EGL_emulation: eglMakeCurrent: 0x8b320ea0: ver 2 0 (tinfo 0x9ad40590)
08-08 18:42:23.168 20477 20495 I OpenGLRenderer: Initialized EGL, version 1.4
08-08 18:42:23.168 20477 20495 D OpenGLRenderer: Swap behavior 1
08-08 18:42:23.169 20477 20495 W OpenGLRenderer: Failed to choose config with EGL_SWAP_BEHAVIOR_PRESERVED, retrying without...
08-08 18:42:23.169 20477 20495 D OpenGLRenderer: Swap behavior 0
08-08 18:42:23.174 20477 20495 D EGL_emulation: eglCreateContext: 0xa8485120: maj 2 min 0 rcv 2
08-08 18:42:23.180  1718  1966 D EGL_emulation: eglMakeCurrent: 0x8b320ea0: ver 2 0 (tinfo 0x9ad40590)
08-08 18:42:23.180 20477 20495 D EGL_emulation: eglMakeCurrent: 0xa8485120: ver 2 0 (tinfo 0xa8483270)
08-08 18:42:23.182  1718  1966 D EGL_emulation: eglMakeCurrent: 0x8b320ea0: ver 2 0 (tinfo 0x9ad40590)
08-08 18:42:23.193  1718  1966 D EGL_emulation: eglMakeCurrent: 0x8b320ea0: ver 2 0 (tinfo 0x9ad40590)
08-08 18:42:23.195 20477 20495 D EGL_emulation: eglMakeCurrent: 0xa8485120: ver 2 0 (tinfo 0xa8483270)
08-08 18:42:23.206  1718  1966 D EGL_emulation: eglMakeCurrent: 0x8b320ea0: ver 2 0 (tinfo 0x9ad40590)
08-08 18:42:23.228  1718  1966 D EGL_emulation: eglMakeCurrent: 0x8b320ea0: ver 2 0 (tinfo 0x9ad40590)
08-08 18:42:23.231  1718  1966 D EGL_emulation: eglMakeCurrent: 0x8b320ea0: ver 2 0 (tinfo 0x9ad40590)
08-08 18:42:23.233  1718  1966 D EGL_emulation: eglMakeCurrent: 0x8b320ea0: ver 2 0 (tinfo 0x9ad40590)
08-08 18:42:23.262 18405 18419 D EGL_emulation: eglMakeCurrent: 0xa8485120: ver 2 0 (tinfo 0xa8483230)
08-08 18:42:23.311  1628  1648 I ActivityManager: Displayed com.google.android.packageinstaller/com.android.packageinstaller.permission.ui.GrantPermissionsActivity: +180ms (total +517ms)
08-08 18:42:23.493  1628  1648 I WindowManager: Destroying surface Surface(name=Starting me.anon.grow) called by com.android.server.wm.WindowStateAnimator.destroySurface:2016 com.android.server.wm.WindowStateAnimator.destroySurfaceLocked:882 com.android.server.wm.WindowState.destroyOrSaveSurface:2100 com.android.server.wm.AppWindowToken.destroySurfaces:363 com.android.server.wm.WindowStateAnimator.finishExit:565 com.android.server.wm.WindowStateAnimator.stepAnimationLocked:491 com.android.server.wm.WindowAnimator.updateWindowsLocked:303 com.android.server.wm.WindowAnimator.animateLocked:704 
08-08 18:42:26.967  2019  2019 I WearableService: Wearable Services stopping
08-08 18:42:37.588  2497  2536 W Finsky  : [142] com.google.android.finsky.FinskyApp.i(1468): No account configured on this device.
08-08 18:42:37.588  2497  2536 I Finsky  : [142] com.google.android.finsky.c.e.run(1151): Replicating app states via AMAS.
08-08 18:42:37.629  2497  2536 I Finsky  : [142] com.google.android.finsky.c.c.a(311): Completed 0 account content syncs with 0 successful.
08-08 18:42:37.629  2497  2497 I Finsky  : [1] com.google.android.finsky.services.j.a(149): Installation state replication succeeded.
08-08 18:43:07.806 20514 20514 D AndroidRuntime: >>>>>> START com.android.internal.os.RuntimeInit uid 2000 <<<<<<
08-08 18:43:07.808 20514 20514 D AndroidRuntime: CheckJNI is ON
08-08 18:43:07.824 20514 20514 W art     : Unexpected CPU variant for X86 using defaults: x86
08-08 18:43:07.828 20514 20514 D ICU     : No timezone override file found: /data/misc/zoneinfo/current/icu/icu_tzdata.dat
08-08 18:43:07.841 20514 20514 E memtrack: Couldn't load memtrack module (No such file or directory)
08-08 18:43:07.841 20514 20514 E android.os.Debug: failed to load memtrack module: -2
08-08 18:43:07.842 20514 20514 I Radio-JNI: register_android_hardware_Radio DONE
08-08 18:43:07.849 20514 20514 D AndroidRuntime: Calling main entry com.android.commands.pm.Pm
08-08 18:43:07.853  1628  1641 I ActivityManager: Force stopping me.anon.grow appid=10090 user=-1: deletePackageX
08-08 18:43:07.854  1628  1641 I ActivityManager: Killing 20477:me.anon.grow/u0a90 (adj 100): stop me.anon.grow
08-08 18:43:07.854  1628  1641 D ActivityManager: cleanUpApplicationRecord -- 20477
08-08 18:43:07.855  1628  1641 W ActivityManager: Force removing ActivityRecord{c646b48 u0 me.anon.grow/.MainActivity t4}: app died, no saved state
08-08 18:43:07.860  1628  1641 I WindowManager: Destroying surface Surface(name=me.anon.grow/me.anon.grow.MainActivity) called by com.android.server.wm.WindowStateAnimator.destroySurface:2016 com.android.server.wm.WindowStateAnimator.destroySurfaceLocked:882 com.android.server.wm.WindowState.removeLocked:1456 com.android.server.wm.WindowManagerService.removeWindowInnerLocked:2484 com.android.server.wm.WindowManagerService.removeWindowLocked:2442 com.android.server.wm.WindowManagerService.removeWindowLocked:2311 com.android.server.wm.AppWindowToken.removeAllWindows:530 com.android.server.wm.AppWindowToken.removeAppFromTaskLocked:326 
08-08 18:43:07.880  1628  1653 I art     : Starting a blocking GC Explicit
08-08 18:43:07.889  1628  2106 D GraphicsStats: Buffer count: 5
08-08 18:43:07.905  1628  1653 I art     : Explicit concurrent mark sweep GC freed 29083(1901KB) AllocSpace objects, 13(276KB) LOS objects, 24% free, 12MB/16MB, paused 218us total 25.538ms
08-08 18:43:07.913 20514 20522 W MessageQueue: Handler (android.os.Handler) {39c4df1} sending message to a Handler on a dead thread
08-08 18:43:07.913 20514 20522 W MessageQueue: java.lang.IllegalStateException: Handler (android.os.Handler) {39c4df1} sending message to a Handler on a dead thread
08-08 18:43:07.913 20514 20522 W MessageQueue: 	at android.os.MessageQueue.enqueueMessage(MessageQueue.java:543)
08-08 18:43:07.913 20514 20522 W MessageQueue: 	at android.os.Handler.enqueueMessage(Handler.java:643)
08-08 18:43:07.913 20514 20522 W MessageQueue: 	at android.os.Handler.sendMessageAtTime(Handler.java:612)
08-08 18:43:07.913 20514 20522 W MessageQueue: 	at android.os.Handler.sendMessageDelayed(Handler.java:582)
08-08 18:43:07.913 20514 20522 W MessageQueue: 	at android.os.Handler.post(Handler.java:338)
08-08 18:43:07.913 20514 20522 W MessageQueue: 	at android.os.ResultReceiver$MyResultReceiver.send(ResultReceiver.java:57)
08-08 18:43:07.913 20514 20522 W MessageQueue: 	at com.android.internal.os.IResultReceiver$Stub.onTransact(IResultReceiver.java:58)
08-08 18:43:07.913 20514 20522 W MessageQueue: 	at android.os.Binder.execTransact(Binder.java:565)
08-08 18:43:07.913 20514 20514 I art     : System.exit called, status: 0
08-08 18:43:07.913 20514 20514 I AndroidRuntime: VM exiting with result code 0.
08-08 18:43:07.917  1628  1653 I ActivityManager: Force stopping me.anon.grow appid=10090 user=0: pkg removed
08-08 18:43:07.936  1392  1392 I         : free_cache(3150885) avail 6088159232
08-08 18:43:07.948 18738 18756 D EGL_emulation: eglMakeCurrent: 0xa8485120: ver 2 0 (tinfo 0xa84831e0)
08-08 18:43:07.960  1341  1678 D gralloc_ranchu: gralloc_alloc: Creating ashmem region of size 2093056
08-08 18:43:07.965  1628  2111 D         : HostConnection::get() New Host Connection established 0x8abfe440, tid 2111
08-08 18:43:07.969  1341  1341 E EGL_emulation: tid 1341: eglCreateSyncKHR(1901): error 0x3004 (EGL_BAD_ATTRIBUTE)
08-08 18:43:08.004  1718  1966 D EGL_emulation: eglMakeCurrent: 0x8b320ea0: ver 2 0 (tinfo 0x9ad40590)
08-08 18:43:08.006 18738 18756 D EGL_emulation: eglMakeCurrent: 0xa8485120: ver 2 0 (tinfo 0xa84831e0)
08-08 18:43:08.010  1718  1966 D EGL_emulation: eglMakeCurrent: 0x8b320ea0: ver 2 0 (tinfo 0x9ad40590)
08-08 18:43:08.017  1718  1966 D EGL_emulation: eglMakeCurrent: 0x8b320ea0: ver 2 0 (tinfo 0x9ad40590)
08-08 18:43:08.026  1718  1966 D EGL_emulation: eglMakeCurrent: 0x8b320ea0: ver 2 0 (tinfo 0x9ad40590)
08-08 18:43:08.029  1718  1966 D EGL_emulation: eglMakeCurrent: 0x8b320ea0: ver 2 0 (tinfo 0x9ad40590)
08-08 18:43:08.044  1718  1966 D EGL_emulation: eglMakeCurrent: 0x8b320ea0: ver 2 0 (tinfo 0x9ad40590)
08-08 18:43:08.044 18738 18756 D EGL_emulation: eglMakeCurrent: 0xa8485120: ver 2 0 (tinfo 0xa84831e0)
08-08 18:43:08.046 18738 18738 D AccountsListFragment: Creating the accounts loader
08-08 18:43:08.047  1718  1966 D EGL_emulation: eglMakeCurrent: 0x8b320ea0: ver 2 0 (tinfo 0x9ad40590)
08-08 18:43:08.047  1628  1653 E KernelUidCpuTimeReader: failed to remove uid from uid_cputime module
08-08 18:43:08.047  1628  1653 E KernelUidCpuTimeReader: java.io.FileNotFoundException: /proc/uid_cputime/remove_uid_range (No such file or directory)
08-08 18:43:08.047  1628  1653 E KernelUidCpuTimeReader: 	at java.io.FileOutputStream.open(Native Method)
08-08 18:43:08.047  1628  1653 E KernelUidCpuTimeReader: 	at java.io.FileOutputStream.<init>(FileOutputStream.java:221)
08-08 18:43:08.047  1628  1653 E KernelUidCpuTimeReader: 	at java.io.FileOutputStream.<init>(FileOutputStream.java:108)
08-08 18:43:08.047  1628  1653 E KernelUidCpuTimeReader: 	at java.io.FileWriter.<init>(FileWriter.java:63)
08-08 18:43:08.047  1628  1653 E KernelUidCpuTimeReader: 	at com.android.internal.os.KernelUidCpuTimeReader.removeUid(KernelUidCpuTimeReader.java:158)
08-08 18:43:08.047  1628  1653 E KernelUidCpuTimeReader: 	at com.android.internal.os.BatteryStatsImpl.removeUidStatsLocked(BatteryStatsImpl.java:9805)
08-08 18:43:08.047  1628  1653 E KernelUidCpuTimeReader: 	at com.android.server.am.BatteryStatsService.removeUid(BatteryStatsService.java:291)
08-08 18:43:08.047  1628  1653 E KernelUidCpuTimeReader: 	at com.android.server.am.ActivityManagerService.broadcastIntentLocked(ActivityManagerService.java:17857)
08-08 18:43:08.047  1628  1653 E KernelUidCpuTimeReader: 	at com.android.server.am.ActivityManagerService.broadcastIntent(ActivityManagerService.java:18346)
08-08 18:43:08.047  1628  1653 E KernelUidCpuTimeReader: 	at com.android.server.pm.PackageManagerService$8.run(PackageManagerService.java:11407)
08-08 18:43:08.047  1628  1653 E KernelUidCpuTimeReader: 	at android.os.Handler.handleCallback(Handler.java:751)
08-08 18:43:08.047  1628  1653 E KernelUidCpuTimeReader: 	at android.os.Handler.dispatchMessage(Handler.java:95)
08-08 18:43:08.047  1628  1653 E KernelUidCpuTimeReader: 	at android.os.Looper.loop(Looper.java:154)
08-08 18:43:08.047  1628  1653 E KernelUidCpuTimeReader: 	at android.os.HandlerThread.run(HandlerThread.java:61)
08-08 18:43:08.047  1628  1653 E KernelUidCpuTimeReader: 	at com.android.server.ServiceThread.run(ServiceThread.java:46)
08-08 18:43:08.049  2019  2019 I GeofencerStateMachine: removeGeofences: removeRequest=RemoveGeofencingRequest[REMOVE_ALL packageName=me.anon.grow]
08-08 18:43:08.060 18405 18419 D EGL_emulation: eglMakeCurrent: 0xa8485120: ver 2 0 (tinfo 0xa8483230)
08-08 18:43:08.061  1718  1966 D EGL_emulation: eglMakeCurrent: 0x8b320ea0: ver 2 0 (tinfo 0x9ad40590)
08-08 18:43:08.063  1718  1966 D EGL_emulation: eglMakeCurrent: 0x8b320ea0: ver 2 0 (tinfo 0x9ad40590)
08-08 18:43:08.071 18738 18757 V DatabaseAdapter: Fetching all accounts from db
08-08 18:43:08.073  1703  1762 I LatinIME:LogUtils: Dictionary info: dictionary = main:en ; version = 54 ; date = 1414726273
08-08 18:43:08.084  1718  1966 D EGL_emulation: eglMakeCurrent: 0x8b320ea0: ver 2 0 (tinfo 0x9ad40590)
08-08 18:43:08.087  1718  1966 D EGL_emulation: eglMakeCurrent: 0x8b320ea0: ver 2 0 (tinfo 0x9ad40590)
08-08 18:43:08.089 32147 32147 W ContextImpl: Calling a method in the system process without a qualified user: android.app.ContextImpl.startService:1385 android.content.ContextWrapper.startService:613 android.content.ContextWrapper.startService:613 com.android.keychain.KeyChainBroadcastReceiver.onReceive:12 android.app.ActivityThread.handleReceiver:3011 
08-08 18:43:08.092  1809  1809 D CarrierSvcBindHelper: No carrier app for: 0
08-08 18:43:08.093  1718  1966 D EGL_emulation: eglMakeCurrent: 0x8b320ea0: ver 2 0 (tinfo 0x9ad40590)
08-08 18:43:08.094  1628  1662 I InputReader: Reconfiguring input devices.  changes=0x00000010
08-08 18:43:08.094  1718  1966 D EGL_emulation: eglMakeCurrent: 0x8b320ea0: ver 2 0 (tinfo 0x9ad40590)
08-08 18:43:08.104  2497  2497 W Finsky  : [1] com.google.android.finsky.FinskyApp.i(1468): No account configured on this device.
08-08 18:43:08.109  1718  1966 D EGL_emulation: eglMakeCurrent: 0x8b320ea0: ver 2 0 (tinfo 0x9ad40590)
08-08 18:43:08.110 18738 18738 D AccountsListFragment: Accounts loader finished. Swapping in cursor
08-08 18:43:08.112  1718  1966 D EGL_emulation: eglMakeCurrent: 0x8b320ea0: ver 2 0 (tinfo 0x9ad40590)
08-08 18:43:08.118  1998 20540 D VoicemailCleanupService: Cleaning up data for package: me.anon.grow
08-08 18:43:08.121  2019  2019 I WearableService: Wearable Services not starting - Wear is not available on this device.
08-08 18:43:08.123  2019  2326 D WearableService: onGetService - Wear is not available on this device.
08-08 18:43:08.124  2497  2497 E Finsky  : [1] com.google.android.finsky.wear.bk.a(752): onConnectionFailed: ConnectionResult{statusCode=API_UNAVAILABLE, resolution=null, message=null}
08-08 18:43:08.124  2497  2497 I Finsky  : [1] com.google.android.finsky.wear.WearSupportService.a(6355): Dropping command=auto_uninstall due to Gms not connected
08-08 18:43:08.126  1718  1966 D EGL_emulation: eglMakeCurrent: 0x8b320ea0: ver 2 0 (tinfo 0x9ad40590)
08-08 18:43:08.129  1718  1966 D EGL_emulation: eglMakeCurrent: 0x8b320ea0: ver 2 0 (tinfo 0x9ad40590)
08-08 18:43:08.144  1718  1966 D EGL_emulation: eglMakeCurrent: 0x8b320ea0: ver 2 0 (tinfo 0x9ad40590)
08-08 18:43:08.147  1718  1966 D EGL_emulation: eglMakeCurrent: 0x8b320ea0: ver 2 0 (tinfo 0x9ad40590)
08-08 18:43:08.152  3516 20549 I UpdateIcingCorporaServi: Updating corpora: APPS=me.anon.grow, CONTACTS=MAYBE
08-08 18:43:08.158  2170 19187 I ContentMaintenance: Pruning caches...
08-08 18:43:08.162  1718  1966 D EGL_emulation: eglMakeCurrent: 0x8b320ea0: ver 2 0 (tinfo 0x9ad40590)
08-08 18:43:08.164  1718  1966 D EGL_emulation: eglMakeCurrent: 0x8b320ea0: ver 2 0 (tinfo 0x9ad40590)
08-08 18:43:08.166  2170 19187 I ContentMaintenance: Internal cache bytes used: 0; limit: 100000000; download size: 0
08-08 18:43:08.171  2170 20552 D Wear_Controller: Received broadcast action=android.intent.action.PACKAGE_REMOVED and uri=me.anon.grow
08-08 18:43:08.178  1718  1966 D EGL_emulation: eglMakeCurrent: 0x8b320ea0: ver 2 0 (tinfo 0x9ad40590)
08-08 18:43:08.181  1718  1966 D EGL_emulation: eglMakeCurrent: 0x8b320ea0: ver 2 0 (tinfo 0x9ad40590)
08-08 18:43:08.181  2170 20552 I LocationSettingsChecker: Removing dialog suppression flag for package me.anon.grow
08-08 18:43:08.193  1718  1966 D EGL_emulation: eglMakeCurrent: 0x8b320ea0: ver 2 0 (tinfo 0x9ad40590)
08-08 18:43:08.193  2170 19187 I ContentMaintenance: Cache pruning complete.
08-08 18:43:08.198  1628  1653 I PackageManager.DexOptimizer: Running dexopt (dex2oat) on: /data/app/vmdl1057551862.tmp/base.apk pkg=me.anon.grow isa=x86 vmSafeMode=false debuggable=false target-filter=interpret-only oatDir = /data/app/vmdl1057551862.tmp/oat sharedLibraries=null
08-08 18:43:08.201  2170  2680 I Icing   : IndexChimeraService.getServiceInterface callingPackage=com.google.android.googlequicksearchbox componentName=null serviceId=36
08-08 18:43:08.201  1718  1966 D EGL_emulation: eglMakeCurrent: 0x8b320ea0: ver 2 0 (tinfo 0x9ad40590)
08-08 18:43:08.209  1718  1966 D EGL_emulation: eglMakeCurrent: 0x8b320ea0: ver 2 0 (tinfo 0x9ad40590)
08-08 18:43:08.212 20564 20564 W dex2oat : Unexpected CPU variant for X86 using defaults: x86
08-08 18:43:08.212 20564 20564 W dex2oat : Mismatch between dex2oat instruction set features (ISA: X86 Feature string: smp,-ssse3,-sse4.1,-sse4.2,-avx,-avx2,-lock_add,-popcnt) and those of dex2oat executable (ISA: X86 Feature string: smp,ssse3,-sse4.1,-sse4.2,-avx,-avx2,-lock_add,-popcnt) for the command line:
08-08 18:43:08.212 20564 20564 W dex2oat : /system/bin/dex2oat --zip-fd=6 --zip-location=base.apk --oat-fd=7 --oat-location=/data/app/vmdl1057551862.tmp/oat/x86/base.odex --instruction-set=x86 --instruction-set-variant=x86 --instruction-set-features=default --runtime-arg -Xms64m --runtime-arg -Xmx512m --compiler-filter=interpret-only --swap-fd=9
08-08 18:43:08.213 20564 20564 I dex2oat : /system/bin/dex2oat --compiler-filter=interpret-only
08-08 18:43:08.217  2170 13897 I Icing   : doRemovePackageData me.anon.grow
08-08 18:43:08.218  2170 19187 I ContentMaintenance: Beginning garbage collection.
08-08 18:43:08.220  3516 20549 I UpdateIcingCorporaServi: UpdateCorporaTask done [took 68 ms] updated apps [took 68 ms] 
08-08 18:43:08.221  2170 19187 I RealtimeCacheCleanup: Beginning Realtime garbage collection.
08-08 18:43:08.221  2170 13897 I Icing   : Indexing 1BFABF4F466713C7072D080EE8B2C142DEE04271 from com.google.android.googlequicksearchbox
08-08 18:43:08.221  2170 19187 I RealtimeCacheCleanup: Finished Realtime garbage collection.
08-08 18:43:08.222  2170 19187 I ContentMaintenance: Finished garbage collection.
08-08 18:43:08.229  2170  2680 I Icing   : IndexChimeraService.getServiceInterface callingPackage=com.google.android.gms componentName=AppsCorpus serviceId=36
08-08 18:43:08.230  2170  2681 I Icing   : IndexChimeraService.getServiceInterface callingPackage=com.google.android.gms componentName=AppsCorpus serviceId=32
08-08 18:43:08.238  2170 13897 I Icing   : Usage reports ok 0, Failed Usage reports 0, indexed 0, rejected 0, imm upload true
08-08 18:43:08.241  2170 13897 I Icing   : Usage reports ok 0, Failed Usage reports 0, indexed 0, rejected 0, imm upload false
08-08 18:43:08.243  2170 13897 I Icing   : Usage reports ok 0, Failed Usage reports 0, indexed 0, rejected 0, imm upload false
08-08 18:43:08.249  2170 13897 I Icing   : Indexing done 1BFABF4F466713C7072D080EE8B2C142DEE04271
08-08 18:43:08.250  2170 13897 I Icing   : Indexing 6A591F6882A0ACAA64A5550D58756309351020E2 from com.google.android.gms
08-08 18:43:08.251  2170 13897 I Icing   : Indexing done 6A591F6882A0ACAA64A5550D58756309351020E2
08-08 18:43:08.294  1628  1648 I WindowManager: Destroying surface Surface(name=com.google.android.packageinstaller/com.android.packageinstaller.permission.ui.GrantPermissionsActivity) called by com.android.server.wm.WindowStateAnimator.destroySurface:2016 com.android.server.wm.WindowStateAnimator.destroySurfaceLocked:882 com.android.server.wm.WindowState.removeLocked:1456 com.android.server.wm.WindowManagerService.removeWindowInnerLocked:2484 com.android.server.wm.AppWindowToken.destroySurfaces:365 com.android.server.wm.WindowStateAnimator.finishExit:565 com.android.server.wm.WindowStateAnimator.stepAnimationLocked:491 com.android.server.wm.WindowAnimator.updateWindowsLocked:303 
08-08 18:43:08.310  1341  1341 W SurfaceFlinger: couldn't log to binary event log: overflow.
08-08 18:43:08.339 20564 20566 W dex2oat : Before Android 4.1, method int android.support.v7.widget.ListViewCompat.lookForSelectablePosition(int, boolean) would have incorrectly overridden the package-private method in android.widget.ListView
08-08 18:43:08.366 20564 20564 W dex2oat : Before Android 4.1, method android.graphics.PorterDuffColorFilter android.support.graphics.drawable.VectorDrawableCompat.updateTintFilter(android.graphics.PorterDuffColorFilter, android.content.res.ColorStateList, android.graphics.PorterDuff$Mode) would have incorrectly overridden the package-private method in android.graphics.drawable.Drawable
08-08 18:43:08.596 20564 20564 I dex2oat : dex2oat took 383.955ms (threads: 4) arena alloc=6KB (6872B) java alloc=4MB (4517184B) native alloc=6MB (6571640B) free=3MB (3389832B)
08-08 18:43:08.634  1628  1653 V BackupManagerService: restoreAtInstall pkg=me.anon.grow token=e restoreSet=0
08-08 18:43:08.634  1628  1653 V BackupManagerService: Finishing install immediately
08-08 18:43:08.635  1628  1653 I art     : Waiting for a blocking GC Explicit
08-08 18:43:08.637  1628  1653 I art     : Starting a blocking GC Explicit
08-08 18:43:08.650  1628  1653 I art     : Explicit concurrent mark sweep GC freed 2518(165KB) AllocSpace objects, 2(40KB) LOS objects, 24% free, 12MB/16MB, paused 143us total 13.135ms
08-08 18:43:08.651  1392  1392 E         : Couldn't opendir /data/app/vmdl1057551862.tmp: No such file or directory
08-08 18:43:08.661  1628  1662 I InputReader: Reconfiguring input devices.  changes=0x00000010
08-08 18:43:08.684  1809  1809 D CarrierSvcBindHelper: No carrier app for: 0
08-08 18:43:08.686  1809  1809 D CarrierConfigLoader: mHandler: 9 phoneId: 0
08-08 18:43:08.695  2497  2497 I Finsky  : [1] com.google.android.finsky.utils.PermissionPolicies$PermissionPolicyService.onStartCommand(117): post-install permissions check for me.anon.grow
08-08 18:43:08.695  2497  2497 W Finsky  : [1] com.google.android.finsky.FinskyApp.i(1468): No account configured on this device.
08-08 18:43:08.696  2497  2497 I Finsky  : [1] com.google.android.finsky.utils.bh.run(2302): Package state data is missing for me.anon.grow
08-08 18:43:08.696  2497  2497 W Finsky  : [1] com.google.android.finsky.FinskyApp.i(1468): No account configured on this device.
08-08 18:43:08.713  2170 20544 D Wear_Controller: Received broadcast action=android.intent.action.PACKAGE_ADDED and uri=me.anon.grow
08-08 18:43:08.716  3516 20576 I UpdateIcingCorporaServi: Updating corpora: APPS=me.anon.grow, CONTACTS=MAYBE
08-08 18:43:08.722  2170  2680 I Icing   : IndexChimeraService.getServiceInterface callingPackage=com.google.android.gms componentName=AppsCorpus serviceId=36
08-08 18:43:08.723  2170  2681 I Icing   : IndexChimeraService.getServiceInterface callingPackage=com.google.android.gms componentName=AppsCorpus serviceId=32
08-08 18:43:08.733  2170 20449 I Icing   : Usage reports ok 0, Failed Usage reports 0, indexed 0, rejected 0, imm upload false
08-08 18:43:08.737  2170 20449 I Icing   : Usage reports ok 0, Failed Usage reports 0, indexed 0, rejected 0, imm upload false
08-08 18:43:08.739  2170 13897 I Icing   : Indexing 6A591F6882A0ACAA64A5550D58756309351020E2 from com.google.android.gms
08-08 18:43:08.742  2170  2680 I Icing   : IndexChimeraService.getServiceInterface callingPackage=com.google.android.googlequicksearchbox componentName=null serviceId=36
08-08 18:43:08.759  2170 13897 I Icing   : Usage reports ok 0, Failed Usage reports 0, indexed 0, rejected 0, imm upload true
08-08 18:43:08.760  3516 20576 I UpdateIcingCorporaServi: UpdateCorporaTask done [took 44 ms] updated apps [took 44 ms] 
08-08 18:43:08.760  2170 13897 I Icing   : Indexing done 6A591F6882A0ACAA64A5550D58756309351020E2
08-08 18:43:08.762  2170 13897 I Icing   : Indexing 1BFABF4F466713C7072D080EE8B2C142DEE04271 from com.google.android.googlequicksearchbox
08-08 18:43:08.785  2170 13897 I Icing   : Indexing done 1BFABF4F466713C7072D080EE8B2C142DEE04271
08-08 18:43:08.825 20573 20573 D AndroidRuntime: >>>>>> START com.android.internal.os.RuntimeInit uid 2000 <<<<<<
08-08 18:43:08.827 20573 20573 D AndroidRuntime: CheckJNI is ON
08-08 18:43:08.840 20573 20573 W art     : Unexpected CPU variant for X86 using defaults: x86
08-08 18:43:08.844 20573 20573 D ICU     : No timezone override file found: /data/misc/zoneinfo/current/icu/icu_tzdata.dat
08-08 18:43:08.856 20573 20573 E memtrack: Couldn't load memtrack module (No such file or directory)
08-08 18:43:08.856 20573 20573 E android.os.Debug: failed to load memtrack module: -2
08-08 18:43:08.857 20573 20573 I Radio-JNI: register_android_hardware_Radio DONE
08-08 18:43:08.861 20573 20573 D AndroidRuntime: Calling main entry com.android.commands.monkey.Monkey
08-08 18:43:08.878  1628  1641 W BroadcastQueue: Skipping deliver [background] BroadcastRecord{62cba15 u-1 android.net.conn.CONNECTIVITY_CHANGE} to ReceiverList{2fbd12a 20573 (unknown name)/2000/u-1 remote:d458dff}: process crashing
08-08 18:43:08.885  1628  2093 I ActivityManager: START u0 {act=android.intent.action.MAIN cat=[android.intent.category.LAUNCHER] flg=0x10200000 cmp=me.anon.grow/.BootActivity} from uid 2000 on display 0
08-08 18:43:08.899 20589 20589 W art     : Unexpected CPU variant for X86 using defaults: x86
08-08 18:43:08.904  1628  2108 I ActivityManager: Start proc 20589:me.anon.grow/u0a91 for activity me.anon.grow/.BootActivity
08-08 18:43:08.946  1341  3721 D gralloc_ranchu: gralloc_alloc: Creating ashmem region of size 8294400
08-08 18:43:08.963  1341  3721 D gralloc_ranchu: gralloc_alloc: Creating ashmem region of size 2691072
08-08 18:43:08.966  1628  2108 D         : HostConnection::get() New Host Connection established 0x888af3c0, tid 2108
