08-08 18:37:57.816 19047 19047 W art     : Unexpected CPU variant for X86 using defaults: x86
08-08 18:37:57.820 19047 19047 D ICU     : No timezone override file found: /data/misc/zoneinfo/current/icu/icu_tzdata.dat
08-08 18:37:57.831 19047 19047 E memtrack: Couldn't load memtrack module (No such file or directory)
08-08 18:37:57.831 19047 19047 E android.os.Debug: failed to load memtrack module: -2
08-08 18:37:57.832 19047 19047 I Radio-JNI: register_android_hardware_Radio DONE
08-08 18:37:57.838 19047 19047 D AndroidRuntime: Calling main entry com.android.commands.am.Am
08-08 18:37:57.845  3938  3938 D MediaScannerReceiver: action: android.intent.action.MEDIA_SCANNER_SCAN_FILE path: /storage/emulated/0/screen.png
08-08 18:37:57.846 19047 19047 D AndroidRuntime: Shutting down VM
08-08 18:37:58.016  2170 19057 I iu.UploadsManager: End new media; added: 0, uploading: 0, time: 14 ms
08-08 18:38:00.037 19061 19061 D AndroidRuntime: >>>>>> START com.android.internal.os.RuntimeInit uid 2000 <<<<<<
08-08 18:38:00.039 19061 19061 D AndroidRuntime: CheckJNI is ON
08-08 18:38:00.051 19061 19061 W art     : Unexpected CPU variant for X86 using defaults: x86
08-08 18:38:00.054 19061 19061 D ICU     : No timezone override file found: /data/local/tmp/misc/zoneinfo/current/icu/icu_tzdata.dat
08-08 18:38:00.067 19061 19061 E memtrack: Couldn't load memtrack module (No such file or directory)
08-08 18:38:00.067 19061 19061 E android.os.Debug: failed to load memtrack module: -2
08-08 18:38:00.067 19061 19061 I Radio-JNI: register_android_hardware_Radio DONE
08-08 18:38:00.072 19061 19061 D AndroidRuntime: Calling main entry com.android.commands.uiautomator.Launcher
08-08 18:38:01.085 19061 19061 W AccessibilityNodeInfoDumper: Fetch time: 2ms
08-08 18:38:01.086  1628  1909 W WindowManager: Attempted to remove non-existing token: android.os.Binder@11adb65
08-08 18:38:01.094 19061 19061 D AndroidRuntime: Shutting down VM
08-08 18:38:03.875 19087 19087 D AndroidRuntime: >>>>>> START com.android.internal.os.RuntimeInit uid 2000 <<<<<<
08-08 18:38:03.876 19087 19087 D AndroidRuntime: CheckJNI is ON
08-08 18:38:03.887 19087 19087 W art     : Unexpected CPU variant for X86 using defaults: x86
08-08 18:38:03.890 19087 19087 D ICU     : No timezone override file found: /data/local/tmp/misc/zoneinfo/current/icu/icu_tzdata.dat
08-08 18:38:03.902 19087 19087 E memtrack: Couldn't load memtrack module (No such file or directory)
08-08 18:38:03.902 19087 19087 E android.os.Debug: failed to load memtrack module: -2
08-08 18:38:03.902 19087 19087 I Radio-JNI: register_android_hardware_Radio DONE
08-08 18:38:03.906 19087 19087 D AndroidRuntime: Calling main entry com.android.commands.uiautomator.Launcher
08-08 18:38:04.922 19087 19087 W AccessibilityNodeInfoDumper: Fetch time: 1ms
08-08 18:38:04.922  1628  1857 W WindowManager: Attempted to remove non-existing token: android.os.Binder@fc4d4eb
08-08 18:38:04.927 19087 19087 D AndroidRuntime: Shutting down VM
08-08 18:38:05.121 19105 19105 D AndroidRuntime: >>>>>> START com.android.internal.os.RuntimeInit uid 2000 <<<<<<
08-08 18:38:05.122 19105 19105 D AndroidRuntime: CheckJNI is ON
08-08 18:38:05.134 19105 19105 W art     : Unexpected CPU variant for X86 using defaults: x86
08-08 18:38:05.136 19105 19105 D ICU     : No timezone override file found: /data/local/tmp/misc/zoneinfo/current/icu/icu_tzdata.dat
08-08 18:38:05.149 19105 19105 E memtrack: Couldn't load memtrack module (No such file or directory)
08-08 18:38:05.149 19105 19105 E android.os.Debug: failed to load memtrack module: -2
08-08 18:38:05.149 19105 19105 I Radio-JNI: register_android_hardware_Radio DONE
08-08 18:38:05.153 19105 19105 D AndroidRuntime: Calling main entry com.android.commands.uiautomator.Launcher
08-08 18:38:06.171 19105 19105 W AccessibilityNodeInfoDumper: Fetch time: 2ms
08-08 18:38:06.172  1628  1734 W WindowManager: Attempted to remove non-existing token: android.os.Binder@662c8e1
08-08 18:38:06.177 19105 19105 D AndroidRuntime: Shutting down VM
08-08 18:38:08.016  2170 19117 I iu.UploadsManager: End new media; added: 0, uploading: 0, time: 14 ms
08-08 18:38:48.867 19135 19135 D AndroidRuntime: >>>>>> START com.android.internal.os.RuntimeInit uid 2000 <<<<<<
08-08 18:38:48.869 19135 19135 D AndroidRuntime: CheckJNI is ON
08-08 18:38:48.883 19135 19135 W art     : Unexpected CPU variant for X86 using defaults: x86
08-08 18:38:48.887 19135 19135 D ICU     : No timezone override file found: /data/misc/zoneinfo/current/icu/icu_tzdata.dat
08-08 18:38:48.899 19135 19135 E memtrack: Couldn't load memtrack module (No such file or directory)
08-08 18:38:48.899 19135 19135 E android.os.Debug: failed to load memtrack module: -2
08-08 18:38:48.901 19135 19135 I Radio-JNI: register_android_hardware_Radio DONE
08-08 18:38:48.907 19135 19135 D AndroidRuntime: Calling main entry com.android.commands.pm.Pm
08-08 18:38:48.912  1628  1641 I ActivityManager: Force stopping me.anon.grow appid=10087 user=-1: deletePackageX
08-08 18:38:48.912  1628  1641 I ActivityManager: Killing 18849:me.anon.grow/u0a87 (adj 100): stop me.anon.grow
08-08 18:38:48.913  1628  1641 D ActivityManager: cleanUpApplicationRecord -- 18849
08-08 18:38:48.916  1628  1641 W ActivityManager: Force removing ActivityRecord{d3f51ff u0 me.anon.grow/.MainActivity t4}: app died, no saved state
08-08 18:38:48.928  1628  1641 I WindowManager: Destroying surface Surface(name=me.anon.grow/me.anon.grow.MainActivity) called by com.android.server.wm.WindowStateAnimator.destroySurface:2016 com.android.server.wm.WindowStateAnimator.destroySurfaceLocked:882 com.android.server.wm.WindowState.removeLocked:1456 com.android.server.wm.WindowManagerService.removeWindowInnerLocked:2484 com.android.server.wm.WindowManagerService.removeWindowLocked:2442 com.android.server.wm.WindowManagerService.removeWindowLocked:2311 com.android.server.wm.AppWindowToken.removeAllWindows:530 com.android.server.wm.AppWindowToken.removeAppFromTaskLocked:326 
08-08 18:38:48.945  1628  1653 I art     : Starting a blocking GC Explicit
08-08 18:38:48.969  1628  2111 D GraphicsStats: Buffer count: 5
08-08 18:38:48.974  1628  1653 I art     : Explicit concurrent mark sweep GC freed 5813(389KB) AllocSpace objects, 3(60KB) LOS objects, 24% free, 12MB/16MB, paused 183us total 28.427ms
08-08 18:38:48.980 19135 19135 I art     : System.exit called, status: 0
08-08 18:38:48.980 19135 19135 I AndroidRuntime: VM exiting with result code 0.
08-08 18:38:48.980  1628  1653 I ActivityManager: Force stopping me.anon.grow appid=10087 user=0: pkg removed
08-08 18:38:48.983 19135 19143 W MessageQueue: Handler (android.os.Handler) {f70383a} sending message to a Handler on a dead thread
08-08 18:38:48.983 19135 19143 W MessageQueue: java.lang.IllegalStateException: Handler (android.os.Handler) {f70383a} sending message to a Handler on a dead thread
08-08 18:38:48.983 19135 19143 W MessageQueue: 	at android.os.MessageQueue.enqueueMessage(MessageQueue.java:543)
08-08 18:38:48.983 19135 19143 W MessageQueue: 	at android.os.Handler.enqueueMessage(Handler.java:643)
08-08 18:38:48.983 19135 19143 W MessageQueue: 	at android.os.Handler.sendMessageAtTime(Handler.java:612)
08-08 18:38:48.983 19135 19143 W MessageQueue: 	at android.os.Handler.sendMessageDelayed(Handler.java:582)
08-08 18:38:48.983 19135 19143 W MessageQueue: 	at android.os.Handler.post(Handler.java:338)
08-08 18:38:48.983 19135 19143 W MessageQueue: 	at android.os.ResultReceiver$MyResultReceiver.send(ResultReceiver.java:57)
08-08 18:38:48.983 19135 19143 W MessageQueue: 	at com.android.internal.os.IResultReceiver$Stub.onTransact(IResultReceiver.java:58)
08-08 18:38:48.983 19135 19143 W MessageQueue: 	at android.os.Binder.execTransact(Binder.java:565)
08-08 18:38:49.009  1392  1392 I         : free_cache(3150885) avail 6088118272
08-08 18:38:49.016  2019  2019 I GeofencerStateMachine: removeGeofences: removeRequest=RemoveGeofencingRequest[REMOVE_ALL packageName=me.anon.grow]
08-08 18:38:49.039  1703  1762 I LatinIME:LogUtils: Dictionary info: dictionary = main:en ; version = 54 ; date = 1414726273
08-08 18:38:49.039  1628  1662 I InputReader: Reconfiguring input devices.  changes=0x00000010
08-08 18:38:49.044  1809  1809 D CarrierSvcBindHelper: No carrier app for: 0
08-08 18:38:49.045  1341  1500 D gralloc_ranchu: gralloc_alloc: Creating ashmem region of size 2093056
08-08 18:38:49.048  1628  1734 D         : HostConnection::get() New Host Connection established 0x87b6d040, tid 1734
08-08 18:38:49.053  1341  1341 E EGL_emulation: tid 1341: eglCreateSyncKHR(1901): error 0x3004 (EGL_BAD_ATTRIBUTE)
08-08 18:38:49.112  1628  1653 E KernelUidCpuTimeReader: failed to remove uid from uid_cputime module
08-08 18:38:49.112  1628  1653 E KernelUidCpuTimeReader: java.io.FileNotFoundException: /proc/uid_cputime/remove_uid_range (No such file or directory)
08-08 18:38:49.112  1628  1653 E KernelUidCpuTimeReader: 	at java.io.FileOutputStream.open(Native Method)
08-08 18:38:49.112  1628  1653 E KernelUidCpuTimeReader: 	at java.io.FileOutputStream.<init>(FileOutputStream.java:221)
08-08 18:38:49.112  1628  1653 E KernelUidCpuTimeReader: 	at java.io.FileOutputStream.<init>(FileOutputStream.java:108)
08-08 18:38:49.112  1628  1653 E KernelUidCpuTimeReader: 	at java.io.FileWriter.<init>(FileWriter.java:63)
08-08 18:38:49.112  1628  1653 E KernelUidCpuTimeReader: 	at com.android.internal.os.KernelUidCpuTimeReader.removeUid(KernelUidCpuTimeReader.java:158)
08-08 18:38:49.112  1628  1653 E KernelUidCpuTimeReader: 	at com.android.internal.os.BatteryStatsImpl.removeUidStatsLocked(BatteryStatsImpl.java:9805)
08-08 18:38:49.112  1628  1653 E KernelUidCpuTimeReader: 	at com.android.server.am.BatteryStatsService.removeUid(BatteryStatsService.java:291)
08-08 18:38:49.112  1628  1653 E KernelUidCpuTimeReader: 	at com.android.server.am.ActivityManagerService.broadcastIntentLocked(ActivityManagerService.java:17857)
08-08 18:38:49.112  1628  1653 E KernelUidCpuTimeReader: 	at com.android.server.am.ActivityManagerService.broadcastIntent(ActivityManagerService.java:18346)
08-08 18:38:49.112  1628  1653 E KernelUidCpuTimeReader: 	at com.android.server.pm.PackageManagerService$8.run(PackageManagerService.java:11407)
08-08 18:38:49.112  1628  1653 E KernelUidCpuTimeReader: 	at android.os.Handler.handleCallback(Handler.java:751)
08-08 18:38:49.112  1628  1653 E KernelUidCpuTimeReader: 	at android.os.Handler.dispatchMessage(Handler.java:95)
08-08 18:38:49.112  1628  1653 E KernelUidCpuTimeReader: 	at android.os.Looper.loop(Looper.java:154)
08-08 18:38:49.112  1628  1653 E KernelUidCpuTimeReader: 	at android.os.HandlerThread.run(HandlerThread.java:61)
08-08 18:38:49.112  1628  1653 E KernelUidCpuTimeReader: 	at com.android.server.ServiceThread.run(ServiceThread.java:46)
08-08 18:38:49.115 18738 18756 D EGL_emulation: eglMakeCurrent: 0xa8485120: ver 2 0 (tinfo 0xa84831e0)
08-08 18:38:49.128 18405 18419 D EGL_emulation: eglMakeCurrent: 0xa8485120: ver 2 0 (tinfo 0xa8483230)
08-08 18:38:49.131 32147 32147 W ContextImpl: Calling a method in the system process without a qualified user: android.app.ContextImpl.startService:1385 android.content.ContextWrapper.startService:613 android.content.ContextWrapper.startService:613 com.android.keychain.KeyChainBroadcastReceiver.onReceive:12 android.app.ActivityThread.handleReceiver:3011 
08-08 18:38:49.148  2497  2497 W Finsky  : [1] com.google.android.finsky.FinskyApp.i(1468): No account configured on this device.
08-08 18:38:49.150  1998 19160 D VoicemailCleanupService: Cleaning up data for package: me.anon.grow
08-08 18:38:49.164  2019  2019 I WearableService: Wearable Services not starting - Wear is not available on this device.
08-08 18:38:49.166  2019  2866 D WearableService: onGetService - Wear is not available on this device.
08-08 18:38:49.168  2497  2497 E Finsky  : [1] com.google.android.finsky.wear.bk.a(752): onConnectionFailed: ConnectionResult{statusCode=API_UNAVAILABLE, resolution=null, message=null}
08-08 18:38:49.169  2497  2497 I Finsky  : [1] com.google.android.finsky.wear.WearSupportService.a(6355): Dropping command=auto_uninstall due to Gms not connected
08-08 18:38:49.175  1718  1966 D EGL_emulation: eglMakeCurrent: 0x8b320ea0: ver 2 0 (tinfo 0x9ad40590)
08-08 18:38:49.186 18738 18738 D AccountsListFragment: Creating the accounts loader
08-08 18:38:49.188  1718  1966 D EGL_emulation: eglMakeCurrent: 0x8b320ea0: ver 2 0 (tinfo 0x9ad40590)
08-08 18:38:49.192  1718  1966 D EGL_emulation: eglMakeCurrent: 0x8b320ea0: ver 2 0 (tinfo 0x9ad40590)
08-08 18:38:49.195  1718  1966 D EGL_emulation: eglMakeCurrent: 0x8b320ea0: ver 2 0 (tinfo 0x9ad40590)
08-08 18:38:49.197  1718  1966 D EGL_emulation: eglMakeCurrent: 0x8b320ea0: ver 2 0 (tinfo 0x9ad40590)
08-08 18:38:49.199  2170  4912 I ContentMaintenance: Pruning caches...
08-08 18:38:49.200  2170  4912 I ContentMaintenance: Internal cache bytes used: 0; limit: 100000000; download size: 0
08-08 18:38:49.205  2170 19171 D Wear_Controller: Received broadcast action=android.intent.action.PACKAGE_REMOVED and uri=me.anon.grow
08-08 18:38:49.206  2170 19171 I LocationSettingsChecker: Removing dialog suppression flag for package me.anon.grow
08-08 18:38:49.211  1718  1966 D EGL_emulation: eglMakeCurrent: 0x8b320ea0: ver 2 0 (tinfo 0x9ad40590)
08-08 18:38:49.214 18738 18756 D EGL_emulation: eglMakeCurrent: 0xa8485120: ver 2 0 (tinfo 0xa84831e0)
08-08 18:38:49.214  1718  1966 D EGL_emulation: eglMakeCurrent: 0x8b320ea0: ver 2 0 (tinfo 0x9ad40590)
08-08 18:38:49.218  3516 19182 I UpdateIcingCorporaServi: Updating corpora: APPS=me.anon.grow, CONTACTS=MAYBE
08-08 18:38:49.223 18738 18756 D EGL_emulation: eglMakeCurrent: 0xa8485120: ver 2 0 (tinfo 0xa84831e0)
08-08 18:38:49.228  1718  1966 D EGL_emulation: eglMakeCurrent: 0x8b320ea0: ver 2 0 (tinfo 0x9ad40590)
08-08 18:38:49.232  1718  1966 D EGL_emulation: eglMakeCurrent: 0x8b320ea0: ver 2 0 (tinfo 0x9ad40590)
08-08 18:38:49.237  2170  4912 I ContentMaintenance: Cache pruning complete.
08-08 18:38:49.243  1718  1966 D EGL_emulation: eglMakeCurrent: 0x8b320ea0: ver 2 0 (tinfo 0x9ad40590)
08-08 18:38:49.243  2170 13897 I Icing   : doRemovePackageData me.anon.grow
08-08 18:38:49.247  1718  1966 D EGL_emulation: eglMakeCurrent: 0x8b320ea0: ver 2 0 (tinfo 0x9ad40590)
08-08 18:38:49.251  1628  1653 I PackageManager.DexOptimizer: Running dexopt (dex2oat) on: /data/app/vmdl342496615.tmp/base.apk pkg=me.anon.grow isa=x86 vmSafeMode=false debuggable=false target-filter=interpret-only oatDir = /data/app/vmdl342496615.tmp/oat sharedLibraries=null
08-08 18:38:49.254 18738 19165 V DatabaseAdapter: Fetching all accounts from db
08-08 18:38:49.255  2170  4912 I ContentMaintenance: Beginning garbage collection.
08-08 18:38:49.256 18738 18738 D AccountsListFragment: Accounts loader finished. Swapping in cursor
08-08 18:38:49.260  1718  1966 D EGL_emulation: eglMakeCurrent: 0x8b320ea0: ver 2 0 (tinfo 0x9ad40590)
08-08 18:38:49.262  2170  2449 I Icing   : IndexChimeraService.getServiceInterface callingPackage=com.google.android.googlequicksearchbox componentName=null serviceId=36
08-08 18:38:49.263  1718  1966 D EGL_emulation: eglMakeCurrent: 0x8b320ea0: ver 2 0 (tinfo 0x9ad40590)
08-08 18:38:49.263  2170  2681 I Icing   : IndexChimeraService.getServiceInterface callingPackage=com.google.android.gms componentName=AppsCorpus serviceId=36
08-08 18:38:49.264  2170  2774 I Icing   : IndexChimeraService.getServiceInterface callingPackage=com.google.android.gms componentName=AppsCorpus serviceId=32
08-08 18:38:49.265  2170  4912 I RealtimeCacheCleanup: Beginning Realtime garbage collection.
08-08 18:38:49.265  2170  4912 I RealtimeCacheCleanup: Finished Realtime garbage collection.
08-08 18:38:49.265  2170  4912 I ContentMaintenance: Finished garbage collection.
08-08 18:38:49.268 19189 19189 W dex2oat : Unexpected CPU variant for X86 using defaults: x86
08-08 18:38:49.268 19189 19189 W dex2oat : Mismatch between dex2oat instruction set features (ISA: X86 Feature string: smp,-ssse3,-sse4.1,-sse4.2,-avx,-avx2,-lock_add,-popcnt) and those of dex2oat executable (ISA: X86 Feature string: smp,ssse3,-sse4.1,-sse4.2,-avx,-avx2,-lock_add,-popcnt) for the command line:
08-08 18:38:49.268 19189 19189 W dex2oat : /system/bin/dex2oat --zip-fd=6 --zip-location=base.apk --oat-fd=7 --oat-location=/data/app/vmdl342496615.tmp/oat/x86/base.odex --instruction-set=x86 --instruction-set-variant=x86 --instruction-set-features=default --runtime-arg -Xms64m --runtime-arg -Xmx512m --compiler-filter=interpret-only --swap-fd=9
08-08 18:38:49.268 19189 19189 I dex2oat : /system/bin/dex2oat --compiler-filter=interpret-only
08-08 18:38:49.276  1718  1966 D EGL_emulation: eglMakeCurrent: 0x8b320ea0: ver 2 0 (tinfo 0x9ad40590)
08-08 18:38:49.279  2170 13897 I Icing   : Usage reports ok 0, Failed Usage reports 0, indexed 0, rejected 0, imm upload false
08-08 18:38:49.280  1718  1966 D EGL_emulation: eglMakeCurrent: 0x8b320ea0: ver 2 0 (tinfo 0x9ad40590)
08-08 18:38:49.284  2170 13897 I Icing   : Usage reports ok 0, Failed Usage reports 0, indexed 0, rejected 0, imm upload true
08-08 18:38:49.287  2170 13897 I Icing   : Usage reports ok 0, Failed Usage reports 0, indexed 0, rejected 0, imm upload false
08-08 18:38:49.289  3516 19182 I UpdateIcingCorporaServi: UpdateCorporaTask done [took 72 ms] updated apps [took 72 ms] 
08-08 18:38:49.291  2170 13897 I Icing   : Indexing 6A591F6882A0ACAA64A5550D58756309351020E2 from com.google.android.gms
08-08 18:38:49.293  1718  1966 D EGL_emulation: eglMakeCurrent: 0x8b320ea0: ver 2 0 (tinfo 0x9ad40590)
08-08 18:38:49.295  2170 13897 I Icing   : Indexing 1BFABF4F466713C7072D080EE8B2C142DEE04271 from com.google.android.googlequicksearchbox
08-08 18:38:49.295  1718  1966 D EGL_emulation: eglMakeCurrent: 0x8b320ea0: ver 2 0 (tinfo 0x9ad40590)
08-08 18:38:49.305  2170 13897 I Icing   : Indexing done 6A591F6882A0ACAA64A5550D58756309351020E2
08-08 18:38:49.310  1718  1966 D EGL_emulation: eglMakeCurrent: 0x8b320ea0: ver 2 0 (tinfo 0x9ad40590)
08-08 18:38:49.311  2170 13897 I Icing   : Indexing done 1BFABF4F466713C7072D080EE8B2C142DEE04271
08-08 18:38:49.312  1718  1966 D EGL_emulation: eglMakeCurrent: 0x8b320ea0: ver 2 0 (tinfo 0x9ad40590)
08-08 18:38:49.327  1718  1966 D EGL_emulation: eglMakeCurrent: 0x8b320ea0: ver 2 0 (tinfo 0x9ad40590)
08-08 18:38:49.329  1718  1966 D EGL_emulation: eglMakeCurrent: 0x8b320ea0: ver 2 0 (tinfo 0x9ad40590)
08-08 18:38:49.343  1628  1648 I WindowManager: Destroying surface Surface(name=com.google.android.packageinstaller/com.android.packageinstaller.permission.ui.GrantPermissionsActivity) called by com.android.server.wm.WindowStateAnimator.destroySurface:2016 com.android.server.wm.WindowStateAnimator.destroySurfaceLocked:882 com.android.server.wm.WindowState.removeLocked:1456 com.android.server.wm.WindowManagerService.removeWindowInnerLocked:2484 com.android.server.wm.AppWindowToken.destroySurfaces:365 com.android.server.wm.WindowStateAnimator.finishExit:565 com.android.server.wm.WindowStateAnimator.stepAnimationLocked:491 com.android.server.wm.WindowAnimator.updateWindowsLocked:303 
08-08 18:38:49.344  1718  1966 D EGL_emulation: eglMakeCurrent: 0x8b320ea0: ver 2 0 (tinfo 0x9ad40590)
08-08 18:38:49.345  1718  1966 D EGL_emulation: eglMakeCurrent: 0x8b320ea0: ver 2 0 (tinfo 0x9ad40590)
08-08 18:38:49.359  1341  1341 W SurfaceFlinger: couldn't log to binary event log: overflow.
08-08 18:38:49.359  1718  1966 D EGL_emulation: eglMakeCurrent: 0x8b320ea0: ver 2 0 (tinfo 0x9ad40590)
08-08 18:38:49.401 19189 19189 W dex2oat : Before Android 4.1, method int android.support.v7.widget.ListViewCompat.lookForSelectablePosition(int, boolean) would have incorrectly overridden the package-private method in android.widget.ListView
08-08 18:38:49.429 19189 19193 W dex2oat : Before Android 4.1, method android.graphics.PorterDuffColorFilter android.support.graphics.drawable.VectorDrawableCompat.updateTintFilter(android.graphics.PorterDuffColorFilter, android.content.res.ColorStateList, android.graphics.PorterDuff$Mode) would have incorrectly overridden the package-private method in android.graphics.drawable.Drawable
08-08 18:38:49.722 19189 19189 I dex2oat : dex2oat took 454.388ms (threads: 4) arena alloc=8KB (9184B) java alloc=4MB (4512320B) native alloc=6MB (6561000B) free=2MB (2876184B)
08-08 18:38:49.760  1628  1653 V BackupManagerService: restoreAtInstall pkg=me.anon.grow token=b restoreSet=0
08-08 18:38:49.760  1628  1653 V BackupManagerService: Finishing install immediately
08-08 18:38:49.761  1628  1653 I art     : Starting a blocking GC Explicit
08-08 18:38:49.781  1628  1653 I art     : Explicit concurrent mark sweep GC freed 17418(1052KB) AllocSpace objects, 7(272KB) LOS objects, 24% free, 12MB/16MB, paused 249us total 20.328ms
08-08 18:38:49.781  1392  1392 E         : Couldn't opendir /data/app/vmdl342496615.tmp: No such file or directory
08-08 18:38:49.788  1628  1662 I InputReader: Reconfiguring input devices.  changes=0x00000010
08-08 18:38:49.801  1809  1809 D CarrierSvcBindHelper: No carrier app for: 0
08-08 18:38:49.801  1809  1809 D CarrierConfigLoader: mHandler: 9 phoneId: 0
08-08 18:38:49.807  2497  2497 I Finsky  : [1] com.google.android.finsky.utils.PermissionPolicies$PermissionPolicyService.onStartCommand(117): post-install permissions check for me.anon.grow
08-08 18:38:49.807  2497  2497 W Finsky  : [1] com.google.android.finsky.FinskyApp.i(1468): No account configured on this device.
08-08 18:38:49.809  2497  2497 I Finsky  : [1] com.google.android.finsky.utils.bh.run(2302): Package state data is missing for me.anon.grow
08-08 18:38:49.809  2497  2497 W Finsky  : [1] com.google.android.finsky.FinskyApp.i(1468): No account configured on this device.
08-08 18:38:49.827  2170 19183 D Wear_Controller: Received broadcast action=android.intent.action.PACKAGE_ADDED and uri=me.anon.grow
08-08 18:38:49.829  3516 19201 I UpdateIcingCorporaServi: Updating corpora: APPS=me.anon.grow, CONTACTS=MAYBE
08-08 18:38:49.850  2170  2774 I Icing   : IndexChimeraService.getServiceInterface callingPackage=com.google.android.gms componentName=AppsCorpus serviceId=36
08-08 18:38:49.850  2170  2681 I Icing   : IndexChimeraService.getServiceInterface callingPackage=com.google.android.gms componentName=AppsCorpus serviceId=32
08-08 18:38:49.854  2170 19187 I Icing   : Usage reports ok 0, Failed Usage reports 0, indexed 0, rejected 0, imm upload false
08-08 18:38:49.856  2170  2774 I Icing   : IndexChimeraService.getServiceInterface callingPackage=com.google.android.googlequicksearchbox componentName=null serviceId=36
08-08 18:38:49.858  2170 19187 I Icing   : Usage reports ok 0, Failed Usage reports 0, indexed 0, rejected 0, imm upload false
08-08 18:38:49.865  2170 18338 I Icing   : Usage reports ok 0, Failed Usage reports 0, indexed 0, rejected 0, imm upload true
08-08 18:38:49.867  2170 18338 I Icing   : Indexing 6A591F6882A0ACAA64A5550D58756309351020E2 from com.google.android.gms
08-08 18:38:49.883  3516 19201 I UpdateIcingCorporaServi: UpdateCorporaTask done [took 53 ms] updated apps [took 53 ms] 
08-08 18:38:49.889  2170 18338 I Icing   : Indexing done 6A591F6882A0ACAA64A5550D58756309351020E2
08-08 18:38:49.892  2170 18338 I Icing   : Indexing 1BFABF4F466713C7072D080EE8B2C142DEE04271 from com.google.android.googlequicksearchbox
08-08 18:38:49.908  2170 18338 I Icing   : Indexing done 1BFABF4F466713C7072D080EE8B2C142DEE04271
08-08 18:38:49.955 19198 19198 D AndroidRuntime: >>>>>> START com.android.internal.os.RuntimeInit uid 2000 <<<<<<
08-08 18:38:49.956 19198 19198 D AndroidRuntime: CheckJNI is ON
08-08 18:38:49.968 19198 19198 W art     : Unexpected CPU variant for X86 using defaults: x86
08-08 18:38:49.971 19198 19198 D ICU     : No timezone override file found: /data/misc/zoneinfo/current/icu/icu_tzdata.dat
08-08 18:38:49.980 19198 19198 E memtrack: Couldn't load memtrack module (No such file or directory)
08-08 18:38:49.980 19198 19198 E android.os.Debug: failed to load memtrack module: -2
08-08 18:38:49.981 19198 19198 I Radio-JNI: register_android_hardware_Radio DONE
08-08 18:38:49.985 19198 19198 D AndroidRuntime: Calling main entry com.android.commands.monkey.Monkey
08-08 18:38:50.001  1628  1641 W BroadcastQueue: Skipping deliver [background] BroadcastRecord{84442b u-1 android.net.conn.CONNECTIVITY_CHANGE} to ReceiverList{9585088 19198 (unknown name)/2000/u-1 remote:e2068a5}: process crashing
08-08 18:38:50.008  1628  2106 I ActivityManager: START u0 {act=android.intent.action.MAIN cat=[android.intent.category.LAUNCHER] flg=0x10200000 cmp=me.anon.grow/.BootActivity} from uid 2000 on display 0
08-08 18:38:50.034 19214 19214 W art     : Unexpected CPU variant for X86 using defaults: x86
08-08 18:38:50.038  1628  2093 I ActivityManager: Start proc 19214:me.anon.grow/u0a88 for activity me.anon.grow/.BootActivity
08-08 18:38:50.096  1341  1500 D gralloc_ranchu: gralloc_alloc: Creating ashmem region of size 2691072
08-08 18:38:50.098  1628  2093 D         : HostConnection::get() New Host Connection established 0x8937c700, tid 2093
08-08 18:38:50.101  1341  1341 E EGL_emulation: tid 1341: eglCreateSyncKHR(1901): error 0x3004 (EGL_BAD_ATTRIBUTE)
08-08 18:38:50.128  1341  1500 D gralloc_ranchu: gralloc_alloc: Creating ashmem region of size 8294400
08-08 18:38:50.165 19198 19198 I art     : System.exit called, status: 0
08-08 18:38:50.165 19198 19198 I AndroidRuntime: VM exiting with result code 0.
08-08 18:38:50.168 19214 19214 W System  : ClassLoader referenced unknown path: /data/app/me.anon.grow-1/lib/x86
08-08 18:38:50.186  1628  2108 D VoldConnector: SND -> {19 volume mkdirs /storage/emulated/0/Android/data/me.anon.grow/files/}
08-08 18:38:50.189  1628  1664 D VoldConnector: RCV <- {200 19 Command succeeded}
08-08 18:38:50.191  1628  2111 D VoldConnector: SND -> {20 volume mkdirs /storage/1BEF-080C/Android/data/me.anon.grow/files/}
08-08 18:38:50.196  1628  1664 D VoldConnector: RCV <- {200 20 Command succeeded}
08-08 18:38:50.210 18738 18756 D EGL_emulation: eglMakeCurrent: 0xa8485120: ver 2 0 (tinfo 0xa84831e0)
08-08 18:38:50.232  1628  1936 I ActivityManager: START u0 {cmp=me.anon.grow/.MainActivity} from uid 10088 on display 0
08-08 18:38:50.278  1718  1966 D EGL_emulation: eglMakeCurrent: 0x8b320ea0: ver 2 0 (tinfo 0x9ad40590)
08-08 18:38:50.283 19214 19214 W art     : Before Android 4.1, method android.graphics.PorterDuffColorFilter android.support.graphics.drawable.VectorDrawableCompat.updateTintFilter(android.graphics.PorterDuffColorFilter, android.content.res.ColorStateList, android.graphics.PorterDuff$Mode) would have incorrectly overridden the package-private method in android.graphics.drawable.Drawable
08-08 18:38:50.285  1628  1639 I ActivityManager: START u0 {act=android.content.pm.action.REQUEST_PERMISSIONS pkg=com.google.android.packageinstaller cmp=com.google.android.packageinstaller/com.android.packageinstaller.permission.ui.GrantPermissionsActivity (has extras)} from uid 10088 on display 0
08-08 18:38:50.292 19214 19214 I AppCompatViewInflater: app:theme is now deprecated. Please move to using android:theme instead.
08-08 18:38:50.294  1718  1966 D EGL_emulation: eglMakeCurrent: 0x8b320ea0: ver 2 0 (tinfo 0x9ad40590)
08-08 18:38:50.296  1718  1966 D EGL_emulation: eglMakeCurrent: 0x8b320ea0: ver 2 0 (tinfo 0x9ad40590)
08-08 18:38:50.309  1718  1966 D EGL_emulation: eglMakeCurrent: 0x8b320ea0: ver 2 0 (tinfo 0x9ad40590)
08-08 18:38:50.312  1718  1966 D EGL_emulation: eglMakeCurrent: 0x8b320ea0: ver 2 0 (tinfo 0x9ad40590)
08-08 18:38:50.313  1341  1678 E SurfaceFlinger: ro.sf.lcd_density must be defined as a build property
08-08 18:38:50.316 19214 19214 D         : HostConnection::get() New Host Connection established 0x9d6c6200, tid 19214
08-08 18:38:50.327  1718  1966 D EGL_emulation: eglMakeCurrent: 0x8b320ea0: ver 2 0 (tinfo 0x9ad40590)
08-08 18:38:50.329  1718  1966 D EGL_emulation: eglMakeCurrent: 0x8b320ea0: ver 2 0 (tinfo 0x9ad40590)
08-08 18:38:50.343  1718  1966 D EGL_emulation: eglMakeCurrent: 0x8b320ea0: ver 2 0 (tinfo 0x9ad40590)
08-08 18:38:50.345 19214 19232 D         : HostConnection::get() New Host Connection established 0x9d6c6540, tid 19232
08-08 18:38:50.351  1718  1966 D EGL_emulation: eglMakeCurrent: 0x8b320ea0: ver 2 0 (tinfo 0x9ad40590)
08-08 18:38:50.352 19214 19232 I OpenGLRenderer: Initialized EGL, version 1.4
08-08 18:38:50.352 19214 19232 D OpenGLRenderer: Swap behavior 1
08-08 18:38:50.352 19214 19232 W OpenGLRenderer: Failed to choose config with EGL_SWAP_BEHAVIOR_PRESERVED, retrying without...
08-08 18:38:50.352 19214 19232 D OpenGLRenderer: Swap behavior 0
08-08 18:38:50.358 19214 19232 D EGL_emulation: eglCreateContext: 0xa8485120: maj 2 min 0 rcv 2
08-08 18:38:50.365  1718  1966 D EGL_emulation: eglMakeCurrent: 0x8b320ea0: ver 2 0 (tinfo 0x9ad40590)
08-08 18:38:50.366 19214 19232 D EGL_emulation: eglMakeCurrent: 0xa8485120: ver 2 0 (tinfo 0xa84832b0)
08-08 18:38:50.368  1718  1966 D EGL_emulation: eglMakeCurrent: 0x8b320ea0: ver 2 0 (tinfo 0x9ad40590)
08-08 18:38:50.376  1718  1966 D EGL_emulation: eglMakeCurrent: 0x8b320ea0: ver 2 0 (tinfo 0x9ad40590)
08-08 18:38:50.384 19214 19232 D EGL_emulation: eglMakeCurrent: 0xa8485120: ver 2 0 (tinfo 0xa84832b0)
08-08 18:38:50.384  1718  1966 D EGL_emulation: eglMakeCurrent: 0x8b320ea0: ver 2 0 (tinfo 0x9ad40590)
08-08 18:38:50.401  1718  1966 D EGL_emulation: eglMakeCurrent: 0x8b320ea0: ver 2 0 (tinfo 0x9ad40590)
08-08 18:38:50.404  1718  1966 D EGL_emulation: eglMakeCurrent: 0x8b320ea0: ver 2 0 (tinfo 0x9ad40590)
08-08 18:38:50.411  1718  1966 D EGL_emulation: eglMakeCurrent: 0x8b320ea0: ver 2 0 (tinfo 0x9ad40590)
08-08 18:38:50.412 18405 18419 D EGL_emulation: eglMakeCurrent: 0xa8485120: ver 2 0 (tinfo 0xa8483230)
08-08 18:38:50.420  1718  1966 D EGL_emulation: eglMakeCurrent: 0x8b320ea0: ver 2 0 (tinfo 0x9ad40590)
08-08 18:38:50.425  1628  1648 I ActivityManager: Displayed com.google.android.packageinstaller/com.android.packageinstaller.permission.ui.GrantPermissionsActivity: +107ms (total +399ms)
08-08 18:38:50.429  1718  1966 D EGL_emulation: eglMakeCurrent: 0x8b320ea0: ver 2 0 (tinfo 0x9ad40590)
08-08 18:38:50.436  1718  1966 D EGL_emulation: eglMakeCurrent: 0x8b320ea0: ver 2 0 (tinfo 0x9ad40590)
08-08 18:38:50.447  1718  1966 D EGL_emulation: eglMakeCurrent: 0x8b320ea0: ver 2 0 (tinfo 0x9ad40590)
08-08 18:38:50.449  1718  1966 D EGL_emulation: eglMakeCurrent: 0x8b320ea0: ver 2 0 (tinfo 0x9ad40590)
08-08 18:38:50.460  1718  1966 D EGL_emulation: eglMakeCurrent: 0x8b320ea0: ver 2 0 (tinfo 0x9ad40590)
08-08 18:38:50.462  1718  1966 D EGL_emulation: eglMakeCurrent: 0x8b320ea0: ver 2 0 (tinfo 0x9ad40590)
08-08 18:38:50.477  1718  1966 D EGL_emulation: eglMakeCurrent: 0x8b320ea0: ver 2 0 (tinfo 0x9ad40590)
08-08 18:38:50.710  1628  1648 I WindowManager: Destroying surface Surface(name=Starting me.anon.grow) called by com.android.server.wm.WindowStateAnimator.destroySurface:2016 com.android.server.wm.WindowStateAnimator.destroySurfaceLocked:882 com.android.server.wm.WindowState.destroyOrSaveSurface:2100 com.android.server.wm.AppWindowToken.destroySurfaces:363 com.android.server.wm.WindowStateAnimator.finishExit:565 com.android.server.wm.WindowStateAnimator.stepAnimationLocked:491 com.android.server.wm.WindowAnimator.updateWindowsLocked:303 com.android.server.wm.WindowAnimator.animateLocked:704 
08-08 18:38:54.208  2019  2019 I WearableService: Wearable Services stopping
08-08 18:39:04.805  2497  2536 W Finsky  : [142] com.google.android.finsky.FinskyApp.i(1468): No account configured on this device.
08-08 18:39:04.806  2497  2536 I Finsky  : [142] com.google.android.finsky.c.e.run(1151): Replicating app states via AMAS.
08-08 18:39:04.849  2497  2536 I Finsky  : [142] com.google.android.finsky.c.c.a(311): Completed 0 account content syncs with 0 successful.
08-08 18:39:04.849  2497  2497 I Finsky  : [1] com.google.android.finsky.services.j.a(149): Installation state replication succeeded.
08-08 18:39:05.308 19236 19236 D AndroidRuntime: >>>>>> START com.android.internal.os.RuntimeInit uid 2000 <<<<<<
08-08 18:39:05.309 19236 19236 D AndroidRuntime: CheckJNI is ON
08-08 18:39:05.321 19236 19236 W art     : Unexpected CPU variant for X86 using defaults: x86
08-08 18:39:05.323 19236 19236 D ICU     : No timezone override file found: /data/misc/zoneinfo/current/icu/icu_tzdata.dat
08-08 18:39:05.333 19236 19236 E memtrack: Couldn't load memtrack module (No such file or directory)
08-08 18:39:05.333 19236 19236 E android.os.Debug: failed to load memtrack module: -2
08-08 18:39:05.334 19236 19236 I Radio-JNI: register_android_hardware_Radio DONE
08-08 18:39:05.338 19236 19236 D AndroidRuntime: Calling main entry com.android.commands.content.Content
08-08 18:39:05.342 19236 19236 D AndroidRuntime: Shutting down VM
08-08 18:39:05.491 19246 19246 D AndroidRuntime: >>>>>> START com.android.internal.os.RuntimeInit uid 2000 <<<<<<
08-08 18:39:05.492 19246 19246 D AndroidRuntime: CheckJNI is ON
08-08 18:39:05.504 19246 19246 W art     : Unexpected CPU variant for X86 using defaults: x86
08-08 18:39:05.506 19246 19246 D ICU     : No timezone override file found: /data/misc/zoneinfo/current/icu/icu_tzdata.dat
08-08 18:39:05.516 19246 19246 E memtrack: Couldn't load memtrack module (No such file or directory)
08-08 18:39:05.516 19246 19246 E android.os.Debug: failed to load memtrack module: -2
08-08 18:39:05.516 19246 19246 I Radio-JNI: register_android_hardware_Radio DONE
08-08 18:39:05.521 19246 19246 D AndroidRuntime: Calling main entry com.android.commands.content.Content
08-08 18:39:05.525 19246 19246 D AndroidRuntime: Shutting down VM
08-08 18:39:06.323 19273 19273 D AndroidRuntime: >>>>>> START com.android.internal.os.RuntimeInit uid 2000 <<<<<<
08-08 18:39:06.324 19273 19273 D AndroidRuntime: CheckJNI is ON
08-08 18:39:06.335 19273 19273 W art     : Unexpected CPU variant for X86 using defaults: x86
08-08 18:39:06.338 19273 19273 D ICU     : No timezone override file found: /data/local/tmp/misc/zoneinfo/current/icu/icu_tzdata.dat
08-08 18:39:06.351 19273 19273 E memtrack: Couldn't load memtrack module (No such file or directory)
08-08 18:39:06.351 19273 19273 E android.os.Debug: failed to load memtrack module: -2
08-08 18:39:06.351 19273 19273 I Radio-JNI: register_android_hardware_Radio DONE
08-08 18:39:06.355 19273 19273 D AndroidRuntime: Calling main entry com.android.commands.uiautomator.Launcher
08-08 18:39:07.372 19273 19273 W AccessibilityNodeInfoDumper: Fetch time: 1ms
08-08 18:39:07.372  1628  1734 W WindowManager: Attempted to remove non-existing token: android.os.Binder@f20a618
08-08 18:39:07.377 19273 19273 D AndroidRuntime: Shutting down VM
08-08 18:39:08.167 19299 19299 D AndroidRuntime: >>>>>> START com.android.internal.os.RuntimeInit uid 2000 <<<<<<
08-08 18:39:08.168 19299 19299 D AndroidRuntime: CheckJNI is ON
08-08 18:39:08.180 19299 19299 W art     : Unexpected CPU variant for X86 using defaults: x86
08-08 18:39:08.183 19299 19299 D ICU     : No timezone override file found: /data/local/tmp/misc/zoneinfo/current/icu/icu_tzdata.dat
08-08 18:39:08.194 19299 19299 E memtrack: Couldn't load memtrack module (No such file or directory)
08-08 18:39:08.194 19299 19299 E android.os.Debug: failed to load memtrack module: -2
08-08 18:39:08.195 19299 19299 I Radio-JNI: register_android_hardware_Radio DONE
08-08 18:39:08.199 19299 19299 D AndroidRuntime: Calling main entry com.android.commands.uiautomator.Launcher
08-08 18:39:09.217 19299 19299 W AccessibilityNodeInfoDumper: Fetch time: 2ms
08-08 18:39:09.218  1628  2093 W WindowManager: Attempted to remove non-existing token: android.os.Binder@e860bc4
08-08 18:39:09.228 19299 19299 D AndroidRuntime: Shutting down VM
08-08 18:39:09.425 19316 19316 D AndroidRuntime: >>>>>> START com.android.internal.os.RuntimeInit uid 2000 <<<<<<
08-08 18:39:09.426 19316 19316 D AndroidRuntime: CheckJNI is ON
08-08 18:39:09.438 19316 19316 W art     : Unexpected CPU variant for X86 using defaults: x86
08-08 18:39:09.441 19316 19316 D ICU     : No timezone override file found: /data/local/tmp/misc/zoneinfo/current/icu/icu_tzdata.dat
08-08 18:39:09.453 19316 19316 E memtrack: Couldn't load memtrack module (No such file or directory)
08-08 18:39:09.453 19316 19316 E android.os.Debug: failed to load memtrack module: -2
08-08 18:39:09.454 19316 19316 I Radio-JNI: register_android_hardware_Radio DONE
08-08 18:39:09.458 19316 19316 D AndroidRuntime: Calling main entry com.android.commands.uiautomator.Launcher
08-08 18:39:10.471 19316 19316 W AccessibilityNodeInfoDumper: Fetch time: 2ms
08-08 18:39:10.472  1628  1857 W WindowManager: Attempted to remove non-existing token: android.os.Binder@5f2d1e2
08-08 18:39:10.478 19316 19316 D AndroidRuntime: Shutting down VM
08-08 18:39:11.276 19342 19342 D AndroidRuntime: >>>>>> START com.android.internal.os.RuntimeInit uid 2000 <<<<<<
08-08 18:39:11.277 19342 19342 D AndroidRuntime: CheckJNI is ON
08-08 18:39:11.289 19342 19342 W art     : Unexpected CPU variant for X86 using defaults: x86
08-08 18:39:11.292 19342 19342 D ICU     : No timezone override file found: /data/local/tmp/misc/zoneinfo/current/icu/icu_tzdata.dat
08-08 18:39:11.303 19342 19342 E memtrack: Couldn't load memtrack module (No such file or directory)
08-08 18:39:11.304 19342 19342 E android.os.Debug: failed to load memtrack module: -2
08-08 18:39:11.304 19342 19342 I Radio-JNI: register_android_hardware_Radio DONE
08-08 18:39:11.309 19342 19342 D AndroidRuntime: Calling main entry com.android.commands.uiautomator.Launcher
08-08 18:39:12.322 19342 19342 W AccessibilityNodeInfoDumper: Fetch time: 2ms
08-08 18:39:12.322  1628  2105 W WindowManager: Attempted to remove non-existing token: android.os.Binder@bba2030
08-08 18:39:12.328 19342 19342 D AndroidRuntime: Shutting down VM
08-08 18:39:13.162 19374 19374 D AndroidRuntime: >>>>>> START com.android.internal.os.RuntimeInit uid 2000 <<<<<<
08-08 18:39:13.163 19374 19374 D AndroidRuntime: CheckJNI is ON
08-08 18:39:13.175 19374 19374 W art     : Unexpected CPU variant for X86 using defaults: x86
08-08 18:39:13.178 19374 19374 D ICU     : No timezone override file found: /data/local/tmp/misc/zoneinfo/current/icu/icu_tzdata.dat
08-08 18:39:13.190 19374 19374 E memtrack: Couldn't load memtrack module (No such file or directory)
08-08 18:39:13.190 19374 19374 E android.os.Debug: failed to load memtrack module: -2
08-08 18:39:13.191 19374 19374 I Radio-JNI: register_android_hardware_Radio DONE
08-08 18:39:13.195 19374 19374 D AndroidRuntime: Calling main entry com.android.commands.uiautomator.Launcher
08-08 18:39:14.209 19374 19374 W AccessibilityNodeInfoDumper: Fetch time: 1ms
08-08 18:39:14.209  1628  2076 W WindowManager: Attempted to remove non-existing token: android.os.Binder@8f02a2e
08-08 18:39:14.228 19374 19374 D AndroidRuntime: Shutting down VM
08-08 18:39:14.456 19394 19394 D AndroidRuntime: >>>>>> START com.android.internal.os.RuntimeInit uid 2000 <<<<<<
08-08 18:39:14.458 19394 19394 D AndroidRuntime: CheckJNI is ON
08-08 18:39:14.469 19394 19394 W art     : Unexpected CPU variant for X86 using defaults: x86
08-08 18:39:14.471 19394 19394 D ICU     : No timezone override file found: /data/local/tmp/misc/zoneinfo/current/icu/icu_tzdata.dat
08-08 18:39:14.483 19394 19394 E memtrack: Couldn't load memtrack module (No such file or directory)
08-08 18:39:14.483 19394 19394 E android.os.Debug: failed to load memtrack module: -2
08-08 18:39:14.483 19394 19394 I Radio-JNI: register_android_hardware_Radio DONE
08-08 18:39:14.488 19394 19394 D AndroidRuntime: Calling main entry com.android.commands.uiautomator.Launcher
08-08 18:39:15.505 19394 19394 W AccessibilityNodeInfoDumper: Fetch time: 1ms
08-08 18:39:15.505  1628  2105 W WindowManager: Attempted to remove non-existing token: android.os.Binder@458bb3a
08-08 18:39:15.511 19394 19394 D AndroidRuntime: Shutting down VM
08-08 18:39:15.573  1341  1348 E SurfaceFlinger: ro.sf.lcd_density must be defined as a build property
08-08 18:39:15.574  1341  1349 D gralloc_ranchu: gralloc_alloc: Creating ashmem region of size 8294400
08-08 18:39:15.582 19406 19406 D         : HostConnection::get() New Host Connection established 0xa7f9b2c0, tid 19406
08-08 18:39:15.585  1341  1341 E EGL_emulation: tid 1341: eglCreateSyncKHR(1901): error 0x3004 (EGL_BAD_ATTRIBUTE)
08-08 18:39:15.823 19411 19411 D AndroidRuntime: >>>>>> START com.android.internal.os.RuntimeInit uid 2000 <<<<<<
08-08 18:39:15.824 19411 19411 D AndroidRuntime: CheckJNI is ON
08-08 18:39:15.835 19411 19411 W art     : Unexpected CPU variant for X86 using defaults: x86
08-08 18:39:15.838 19411 19411 D ICU     : No timezone override file found: /data/misc/zoneinfo/current/icu/icu_tzdata.dat
08-08 18:39:15.847 19411 19411 E memtrack: Couldn't load memtrack module (No such file or directory)
08-08 18:39:15.847 19411 19411 E android.os.Debug: failed to load memtrack module: -2
08-08 18:39:15.848 19411 19411 I Radio-JNI: register_android_hardware_Radio DONE
08-08 18:39:15.852 19411 19411 D AndroidRuntime: Calling main entry com.android.commands.am.Am
08-08 18:39:15.857  3938  3938 D MediaScannerReceiver: action: android.intent.action.MEDIA_SCANNER_SCAN_FILE path: /storage/emulated/0/screen.png
08-08 18:39:15.859 19411 19411 D AndroidRuntime: Shutting down VM
08-08 18:39:16.028  2170 19421 I iu.UploadsManager: End new media; added: 0, uploading: 0, time: 12 ms
08-08 18:39:18.064 19425 19425 D AndroidRuntime: >>>>>> START com.android.internal.os.RuntimeInit uid 2000 <<<<<<
08-08 18:39:18.067 19425 19425 D AndroidRuntime: CheckJNI is ON
08-08 18:39:18.085 19425 19425 W art     : Unexpected CPU variant for X86 using defaults: x86
08-08 18:39:18.089 19425 19425 D ICU     : No timezone override file found: /data/local/tmp/misc/zoneinfo/current/icu/icu_tzdata.dat
08-08 18:39:18.107 19425 19425 E memtrack: Couldn't load memtrack module (No such file or directory)
08-08 18:39:18.107 19425 19425 E android.os.Debug: failed to load memtrack module: -2
08-08 18:39:18.109 19425 19425 I Radio-JNI: register_android_hardware_Radio DONE
08-08 18:39:18.118 19425 19425 D AndroidRuntime: Calling main entry com.android.commands.uiautomator.Launcher
08-08 18:39:19.143 19425 19425 W AccessibilityNodeInfoDumper: Fetch time: 4ms
08-08 18:39:19.144  1628  2093 W WindowManager: Attempted to remove non-existing token: android.os.Binder@4875106
08-08 18:39:19.162 19425 19425 D AndroidRuntime: Shutting down VM
08-08 18:39:21.387 19442 19442 D AndroidRuntime: >>>>>> START com.android.internal.os.RuntimeInit uid 2000 <<<<<<
08-08 18:39:21.389 19442 19442 D AndroidRuntime: CheckJNI is ON
08-08 18:39:21.402 19442 19442 W art     : Unexpected CPU variant for X86 using defaults: x86
08-08 18:39:21.405 19442 19442 D ICU     : No timezone override file found: /data/local/tmp/misc/zoneinfo/current/icu/icu_tzdata.dat
08-08 18:39:21.418 19442 19442 E memtrack: Couldn't load memtrack module (No such file or directory)
08-08 18:39:21.418 19442 19442 E android.os.Debug: failed to load memtrack module: -2
08-08 18:39:21.419 19442 19442 I Radio-JNI: register_android_hardware_Radio DONE
08-08 18:39:21.424 19442 19442 D AndroidRuntime: Calling main entry com.android.commands.uiautomator.Launcher
08-08 18:39:22.443 19442 19442 W AccessibilityNodeInfoDumper: Fetch time: 2ms
08-08 18:39:22.444  1628  1734 W WindowManager: Attempted to remove non-existing token: android.os.Binder@7e5edf4
08-08 18:39:22.461 19442 19442 D AndroidRuntime: Shutting down VM
08-08 18:39:23.233 19468 19468 D AndroidRuntime: >>>>>> START com.android.internal.os.RuntimeInit uid 2000 <<<<<<
08-08 18:39:23.235 19468 19468 D AndroidRuntime: CheckJNI is ON
08-08 18:39:23.247 19468 19468 W art     : Unexpected CPU variant for X86 using defaults: x86
08-08 18:39:23.250 19468 19468 D ICU     : No timezone override file found: /data/local/tmp/misc/zoneinfo/current/icu/icu_tzdata.dat
08-08 18:39:23.262 19468 19468 E memtrack: Couldn't load memtrack module (No such file or directory)
08-08 18:39:23.262 19468 19468 E android.os.Debug: failed to load memtrack module: -2
08-08 18:39:23.262 19468 19468 I Radio-JNI: register_android_hardware_Radio DONE
08-08 18:39:23.267 19468 19468 D AndroidRuntime: Calling main entry com.android.commands.uiautomator.Launcher
08-08 18:39:24.282 19468 19468 W AccessibilityNodeInfoDumper: Fetch time: 1ms
08-08 18:39:24.283  1628  2107 W WindowManager: Attempted to remove non-existing token: android.os.Binder@eb77792
08-08 18:39:24.294 19468 19468 D AndroidRuntime: Shutting down VM
08-08 18:39:24.492 19485 19485 D AndroidRuntime: >>>>>> START com.android.internal.os.RuntimeInit uid 2000 <<<<<<
08-08 18:39:24.494 19485 19485 D AndroidRuntime: CheckJNI is ON
08-08 18:39:24.506 19485 19485 W art     : Unexpected CPU variant for X86 using defaults: x86
08-08 18:39:24.508 19485 19485 D ICU     : No timezone override file found: /data/local/tmp/misc/zoneinfo/current/icu/icu_tzdata.dat
08-08 18:39:24.521 19485 19485 E memtrack: Couldn't load memtrack module (No such file or directory)
08-08 18:39:24.521 19485 19485 E android.os.Debug: failed to load memtrack module: -2
08-08 18:39:24.522 19485 19485 I Radio-JNI: register_android_hardware_Radio DONE
08-08 18:39:24.526 19485 19485 D AndroidRuntime: Calling main entry com.android.commands.uiautomator.Launcher
08-08 18:39:25.539 19485 19485 W AccessibilityNodeInfoDumper: Fetch time: 1ms
08-08 18:39:25.539  1628  1638 W WindowManager: Attempted to remove non-existing token: android.os.Binder@96df560
08-08 18:39:25.544 19485 19485 D AndroidRuntime: Shutting down VM
08-08 18:39:26.041  2170 19497 I iu.UploadsManager: End new media; added: 0, uploading: 0, time: 19 ms
08-08 18:40:16.957 19516 19516 D AndroidRuntime: >>>>>> START com.android.internal.os.RuntimeInit uid 2000 <<<<<<
08-08 18:40:16.959 19516 19516 D AndroidRuntime: CheckJNI is ON
08-08 18:40:16.971 19516 19516 W art     : Unexpected CPU variant for X86 using defaults: x86
08-08 18:40:16.975 19516 19516 D ICU     : No timezone override file found: /data/misc/zoneinfo/current/icu/icu_tzdata.dat
08-08 18:40:16.988 19516 19516 E memtrack: Couldn't load memtrack module (No such file or directory)
08-08 18:40:16.988 19516 19516 E android.os.Debug: failed to load memtrack module: -2
08-08 18:40:16.989 19516 19516 I Radio-JNI: register_android_hardware_Radio DONE
08-08 18:40:16.995 19516 19516 D AndroidRuntime: Calling main entry com.android.commands.pm.Pm
08-08 18:40:17.000  1628  1641 I ActivityManager: Force stopping me.anon.grow appid=10088 user=-1: deletePackageX
08-08 18:40:17.000  1628  1641 I ActivityManager: Killing 19214:me.anon.grow/u0a88 (adj 100): stop me.anon.grow
08-08 18:40:17.001  1628  1641 D ActivityManager: cleanUpApplicationRecord -- 19214
08-08 18:40:17.001  1628  1641 W ActivityManager: Force removing ActivityRecord{11d74f6 u0 me.anon.grow/.MainActivity t4}: app died, no saved state
08-08 18:40:17.010  1628  1641 I WindowManager: Destroying surface Surface(name=me.anon.grow/me.anon.grow.MainActivity) called by com.android.server.wm.WindowStateAnimator.destroySurface:2016 com.android.server.wm.WindowStateAnimator.destroySurfaceLocked:882 com.android.server.wm.WindowState.removeLocked:1456 com.android.server.wm.WindowManagerService.removeWindowInnerLocked:2484 com.android.server.wm.WindowManagerService.removeWindowLocked:2442 com.android.server.wm.WindowManagerService.removeWindowLocked:2311 com.android.server.wm.AppWindowToken.removeAllWindows:530 com.android.server.wm.AppWindowToken.removeAppFromTaskLocked:326 
08-08 18:40:17.029  1628  1653 I art     : Starting a blocking GC Explicit
08-08 18:40:17.051  1628  1653 I art     : Explicit concurrent mark sweep GC freed 19777(1289KB) AllocSpace objects, 7(156KB) LOS objects, 24% free, 12MB/16MB, paused 264us total 21.245ms
08-08 18:40:17.057  1628  1653 I ActivityManager: Force stopping me.anon.grow appid=10088 user=0: pkg removed
08-08 18:40:17.057 19516 19524 W MessageQueue: Handler (android.os.Handler) {ee10d32} sending message to a Handler on a dead thread
08-08 18:40:17.057 19516 19524 W MessageQueue: java.lang.IllegalStateException: Handler (android.os.Handler) {ee10d32} sending message to a Handler on a dead thread
08-08 18:40:17.057 19516 19524 W MessageQueue: 	at android.os.MessageQueue.enqueueMessage(MessageQueue.java:543)
08-08 18:40:17.057 19516 19524 W MessageQueue: 	at android.os.Handler.enqueueMessage(Handler.java:643)
08-08 18:40:17.057 19516 19524 W MessageQueue: 	at android.os.Handler.sendMessageAtTime(Handler.java:612)
08-08 18:40:17.057 19516 19524 W MessageQueue: 	at android.os.Handler.sendMessageDelayed(Handler.java:582)
08-08 18:40:17.057 19516 19524 W MessageQueue: 	at android.os.Handler.post(Handler.java:338)
08-08 18:40:17.057 19516 19524 W MessageQueue: 	at android.os.ResultReceiver$MyResultReceiver.send(ResultReceiver.java:57)
08-08 18:40:17.057 19516 19524 W MessageQueue: 	at com.android.internal.os.IResultReceiver$Stub.onTransact(IResultReceiver.java:58)
08-08 18:40:17.057 19516 19524 W MessageQueue: 	at android.os.Binder.execTransact(Binder.java:565)
08-08 18:40:17.057 19516 19516 I art     : System.exit called, status: 0
08-08 18:40:17.057 19516 19516 I AndroidRuntime: VM exiting with result code 0.
08-08 18:40:17.069  1628  2108 D GraphicsStats: Buffer count: 5
08-08 18:40:17.086  1392  1392 I         : free_cache(3150885) avail 6088118272
08-08 18:40:17.098  1341  1349 D gralloc_ranchu: gralloc_alloc: Creating ashmem region of size 2093056
08-08 18:40:17.102  1628  2105 D         : HostConnection::get() New Host Connection established 0x851f33c0, tid 2105
08-08 18:40:17.105  1341  1341 E EGL_emulation: tid 1341: eglCreateSyncKHR(1901): error 0x3004 (EGL_BAD_ATTRIBUTE)
08-08 18:40:17.163  1628  1653 E KernelUidCpuTimeReader: failed to remove uid from uid_cputime module
08-08 18:40:17.163  1628  1653 E KernelUidCpuTimeReader: java.io.FileNotFoundException: /proc/uid_cputime/remove_uid_range (No such file or directory)
