08-08 18:40:17.163  1628  1653 E KernelUidCpuTimeReader: 	at java.io.FileOutputStream.open(Native Method)
08-08 18:40:17.163  1628  1653 E KernelUidCpuTimeReader: 	at java.io.FileOutputStream.<init>(FileOutputStream.java:221)
08-08 18:40:17.163  1628  1653 E KernelUidCpuTimeReader: 	at java.io.FileOutputStream.<init>(FileOutputStream.java:108)
08-08 18:40:17.163  1628  1653 E KernelUidCpuTimeReader: 	at java.io.FileWriter.<init>(FileWriter.java:63)
08-08 18:40:17.163  1628  1653 E KernelUidCpuTimeReader: 	at com.android.internal.os.KernelUidCpuTimeReader.removeUid(KernelUidCpuTimeReader.java:158)
08-08 18:40:17.163  1628  1653 E KernelUidCpuTimeReader: 	at com.android.internal.os.BatteryStatsImpl.removeUidStatsLocked(BatteryStatsImpl.java:9805)
08-08 18:40:17.163  1628  1653 E KernelUidCpuTimeReader: 	at com.android.server.am.BatteryStatsService.removeUid(BatteryStatsService.java:291)
08-08 18:40:17.163  1628  1653 E KernelUidCpuTimeReader: 	at com.android.server.am.ActivityManagerService.broadcastIntentLocked(ActivityManagerService.java:17857)
08-08 18:40:17.163  1628  1653 E KernelUidCpuTimeReader: 	at com.android.server.am.ActivityManagerService.broadcastIntent(ActivityManagerService.java:18346)
08-08 18:40:17.163  1628  1653 E KernelUidCpuTimeReader: 	at com.android.server.pm.PackageManagerService$8.run(PackageManagerService.java:11407)
08-08 18:40:17.163  1628  1653 E KernelUidCpuTimeReader: 	at android.os.Handler.handleCallback(Handler.java:751)
08-08 18:40:17.163  1628  1653 E KernelUidCpuTimeReader: 	at android.os.Handler.dispatchMessage(Handler.java:95)
08-08 18:40:17.163  1628  1653 E KernelUidCpuTimeReader: 	at android.os.Looper.loop(Looper.java:154)
08-08 18:40:17.163  1628  1653 E KernelUidCpuTimeReader: 	at android.os.HandlerThread.run(HandlerThread.java:61)
08-08 18:40:17.163  1628  1653 E KernelUidCpuTimeReader: 	at com.android.server.ServiceThread.run(ServiceThread.java:46)
08-08 18:40:17.166 18738 18756 D EGL_emulation: eglMakeCurrent: 0xa8485120: ver 2 0 (tinfo 0xa84831e0)
08-08 18:40:17.167  2019  2019 I GeofencerStateMachine: removeGeofences: removeRequest=RemoveGeofencingRequest[REMOVE_ALL packageName=me.anon.grow]
08-08 18:40:17.177 18405 18419 D EGL_emulation: eglMakeCurrent: 0xa8485120: ver 2 0 (tinfo 0xa8483230)
08-08 18:40:17.180  1628  1662 I InputReader: Reconfiguring input devices.  changes=0x00000010
08-08 18:40:17.184 32147 32147 W ContextImpl: Calling a method in the system process without a qualified user: android.app.ContextImpl.startService:1385 android.content.ContextWrapper.startService:613 android.content.ContextWrapper.startService:613 com.android.keychain.KeyChainBroadcastReceiver.onReceive:12 android.app.ActivityThread.handleReceiver:3011 
08-08 18:40:17.184  1809  1809 D CarrierSvcBindHelper: No carrier app for: 0
08-08 18:40:17.190  1703  1762 I LatinIME:LogUtils: Dictionary info: dictionary = main:en ; version = 54 ; date = 1414726273
08-08 18:40:17.210  1998 19540 D VoicemailCleanupService: Cleaning up data for package: me.anon.grow
08-08 18:40:17.211  2497  2497 W Finsky  : [1] com.google.android.finsky.FinskyApp.i(1468): No account configured on this device.
08-08 18:40:17.223 18738 18738 D AccountsListFragment: Creating the accounts loader
08-08 18:40:17.224  2019  2019 I WearableService: Wearable Services not starting - Wear is not available on this device.
08-08 18:40:17.226 18738 18756 D EGL_emulation: eglMakeCurrent: 0xa8485120: ver 2 0 (tinfo 0xa84831e0)
08-08 18:40:17.232 18738 19541 V DatabaseAdapter: Fetching all accounts from db
08-08 18:40:17.233  2019  2032 D WearableService: onGetService - Wear is not available on this device.
08-08 18:40:17.234 18738 18756 D EGL_emulation: eglMakeCurrent: 0xa8485120: ver 2 0 (tinfo 0xa84831e0)
08-08 18:40:17.234  2497  2497 E Finsky  : [1] com.google.android.finsky.wear.bk.a(752): onConnectionFailed: ConnectionResult{statusCode=API_UNAVAILABLE, resolution=null, message=null}
08-08 18:40:17.235  2497  2497 I Finsky  : [1] com.google.android.finsky.wear.WearSupportService.a(6355): Dropping command=auto_uninstall due to Gms not connected
08-08 18:40:17.235 18738 18738 D AccountsListFragment: Accounts loader finished. Swapping in cursor
08-08 18:40:17.245  1718  1966 D EGL_emulation: eglMakeCurrent: 0x8b320ea0: ver 2 0 (tinfo 0x9ad40590)
08-08 18:40:17.262  1718  1966 D EGL_emulation: eglMakeCurrent: 0x8b320ea0: ver 2 0 (tinfo 0x9ad40590)
08-08 18:40:17.264  3516 19551 I UpdateIcingCorporaServi: Updating corpora: APPS=me.anon.grow, CONTACTS=MAYBE
08-08 18:40:17.266  1718  1966 D EGL_emulation: eglMakeCurrent: 0x8b320ea0: ver 2 0 (tinfo 0x9ad40590)
08-08 18:40:17.273  2170 13897 I ContentMaintenance: Pruning caches...
08-08 18:40:17.276  1718  1966 D EGL_emulation: eglMakeCurrent: 0x8b320ea0: ver 2 0 (tinfo 0x9ad40590)
08-08 18:40:17.278  2170 19552 D Wear_Controller: Received broadcast action=android.intent.action.PACKAGE_REMOVED and uri=me.anon.grow
08-08 18:40:17.278  2170 13897 I ContentMaintenance: Internal cache bytes used: 0; limit: 100000000; download size: 0
08-08 18:40:17.279  2170 19549 I LocationSettingsChecker: Removing dialog suppression flag for package me.anon.grow
08-08 18:40:17.281  2170 13897 I ContentMaintenance: Cache pruning complete.
08-08 18:40:17.282  2170 13897 I ContentMaintenance: Beginning garbage collection.
08-08 18:40:17.284  1718  1966 D EGL_emulation: eglMakeCurrent: 0x8b320ea0: ver 2 0 (tinfo 0x9ad40590)
08-08 18:40:17.284  2170 13897 I RealtimeCacheCleanup: Beginning Realtime garbage collection.
08-08 18:40:17.310  1718  1966 D EGL_emulation: eglMakeCurrent: 0x8b320ea0: ver 2 0 (tinfo 0x9ad40590)
08-08 18:40:17.312  1718  1966 D EGL_emulation: eglMakeCurrent: 0x8b320ea0: ver 2 0 (tinfo 0x9ad40590)
08-08 18:40:17.315  2170 13897 I RealtimeCacheCleanup: Finished Realtime garbage collection.
08-08 18:40:17.315  2170 13897 I ContentMaintenance: Finished garbage collection.
08-08 18:40:17.323  2170 12910 I Icing   : doRemovePackageData me.anon.grow
08-08 18:40:17.327  1718  1966 D EGL_emulation: eglMakeCurrent: 0x8b320ea0: ver 2 0 (tinfo 0x9ad40590)
08-08 18:40:17.329  1718  1966 D EGL_emulation: eglMakeCurrent: 0x8b320ea0: ver 2 0 (tinfo 0x9ad40590)
08-08 18:40:17.333  2170  2681 I Icing   : IndexChimeraService.getServiceInterface callingPackage=com.google.android.gms componentName=AppsCorpus serviceId=36
08-08 18:40:17.333  2170  2774 I Icing   : IndexChimeraService.getServiceInterface callingPackage=com.google.android.googlequicksearchbox componentName=null serviceId=36
08-08 18:40:17.334  2170  2449 I Icing   : IndexChimeraService.getServiceInterface callingPackage=com.google.android.gms componentName=AppsCorpus serviceId=32
08-08 18:40:17.339  1628  1653 I PackageManager.DexOptimizer: Running dexopt (dex2oat) on: /data/app/vmdl683373614.tmp/base.apk pkg=me.anon.grow isa=x86 vmSafeMode=false debuggable=false target-filter=interpret-only oatDir = /data/app/vmdl683373614.tmp/oat sharedLibraries=null
08-08 18:40:17.342  1718  1966 D EGL_emulation: eglMakeCurrent: 0x8b320ea0: ver 2 0 (tinfo 0x9ad40590)
08-08 18:40:17.343  1628  1648 I WindowManager: Destroying surface Surface(name=com.google.android.packageinstaller/com.android.packageinstaller.permission.ui.GrantPermissionsActivity) called by com.android.server.wm.WindowStateAnimator.destroySurface:2016 com.android.server.wm.WindowStateAnimator.destroySurfaceLocked:882 com.android.server.wm.WindowState.removeLocked:1456 com.android.server.wm.WindowManagerService.removeWindowInnerLocked:2484 com.android.server.wm.AppWindowToken.destroySurfaces:365 com.android.server.wm.WindowStateAnimator.finishExit:565 com.android.server.wm.WindowStateAnimator.stepAnimationLocked:491 com.android.server.wm.WindowAnimator.updateWindowsLocked:303 
08-08 18:40:17.344  1718  1966 D EGL_emulation: eglMakeCurrent: 0x8b320ea0: ver 2 0 (tinfo 0x9ad40590)
08-08 18:40:17.352 19564 19564 W dex2oat : Unexpected CPU variant for X86 using defaults: x86
08-08 18:40:17.352 19564 19564 W dex2oat : Mismatch between dex2oat instruction set features (ISA: X86 Feature string: smp,-ssse3,-sse4.1,-sse4.2,-avx,-avx2,-lock_add,-popcnt) and those of dex2oat executable (ISA: X86 Feature string: smp,ssse3,-sse4.1,-sse4.2,-avx,-avx2,-lock_add,-popcnt) for the command line:
08-08 18:40:17.352 19564 19564 W dex2oat : /system/bin/dex2oat --zip-fd=6 --zip-location=base.apk --oat-fd=7 --oat-location=/data/app/vmdl683373614.tmp/oat/x86/base.odex --instruction-set=x86 --instruction-set-variant=x86 --instruction-set-features=default --runtime-arg -Xms64m --runtime-arg -Xmx512m --compiler-filter=interpret-only --swap-fd=9
08-08 18:40:17.354 19564 19564 I dex2oat : /system/bin/dex2oat --compiler-filter=interpret-only
08-08 18:40:17.360  1341  1341 W SurfaceFlinger: couldn't log to binary event log: overflow.
08-08 18:40:17.360  1718  1966 D EGL_emulation: eglMakeCurrent: 0x8b320ea0: ver 2 0 (tinfo 0x9ad40590)
08-08 18:40:17.364  1718  1966 D EGL_emulation: eglMakeCurrent: 0x8b320ea0: ver 2 0 (tinfo 0x9ad40590)
08-08 18:40:17.377  1718  1966 D EGL_emulation: eglMakeCurrent: 0x8b320ea0: ver 2 0 (tinfo 0x9ad40590)
08-08 18:40:17.379  1718  1966 D EGL_emulation: eglMakeCurrent: 0x8b320ea0: ver 2 0 (tinfo 0x9ad40590)
08-08 18:40:17.381  2170 12910 I Icing   : Usage reports ok 0, Failed Usage reports 0, indexed 0, rejected 0, imm upload false
08-08 18:40:17.384  2170 12910 I Icing   : Usage reports ok 0, Failed Usage reports 0, indexed 0, rejected 0, imm upload false
08-08 18:40:17.386  2170 12910 I Icing   : Usage reports ok 0, Failed Usage reports 0, indexed 0, rejected 0, imm upload true
08-08 18:40:17.389  3516 19551 I UpdateIcingCorporaServi: UpdateCorporaTask done [took 125 ms] updated apps [took 125 ms] 
08-08 18:40:17.391  2170 12910 I Icing   : Indexing 6A591F6882A0ACAA64A5550D58756309351020E2 from com.google.android.gms
08-08 18:40:17.392  1718  1966 D EGL_emulation: eglMakeCurrent: 0x8b320ea0: ver 2 0 (tinfo 0x9ad40590)
08-08 18:40:17.394  1718  1966 D EGL_emulation: eglMakeCurrent: 0x8b320ea0: ver 2 0 (tinfo 0x9ad40590)
08-08 18:40:17.396  2170 12910 I Icing   : Indexing 1BFABF4F466713C7072D080EE8B2C142DEE04271 from com.google.android.googlequicksearchbox
08-08 18:40:17.409  1718  1966 D EGL_emulation: eglMakeCurrent: 0x8b320ea0: ver 2 0 (tinfo 0x9ad40590)
08-08 18:40:17.411  1718  1966 D EGL_emulation: eglMakeCurrent: 0x8b320ea0: ver 2 0 (tinfo 0x9ad40590)
08-08 18:40:17.428  1718  1966 D EGL_emulation: eglMakeCurrent: 0x8b320ea0: ver 2 0 (tinfo 0x9ad40590)
08-08 18:40:17.430  1718  1966 D EGL_emulation: eglMakeCurrent: 0x8b320ea0: ver 2 0 (tinfo 0x9ad40590)
08-08 18:40:17.444  1718  1966 D EGL_emulation: eglMakeCurrent: 0x8b320ea0: ver 2 0 (tinfo 0x9ad40590)
08-08 18:40:17.446  1718  1966 D EGL_emulation: eglMakeCurrent: 0x8b320ea0: ver 2 0 (tinfo 0x9ad40590)
08-08 18:40:17.448  2170 12910 I Icing   : Indexing done 6A591F6882A0ACAA64A5550D58756309351020E2
08-08 18:40:17.453  2170 12910 I Icing   : Indexing done 1BFABF4F466713C7072D080EE8B2C142DEE04271
08-08 18:40:17.460  1718  1966 D EGL_emulation: eglMakeCurrent: 0x8b320ea0: ver 2 0 (tinfo 0x9ad40590)
08-08 18:40:17.474 19564 19566 W dex2oat : Before Android 4.1, method int android.support.v7.widget.ListViewCompat.lookForSelectablePosition(int, boolean) would have incorrectly overridden the package-private method in android.widget.ListView
08-08 18:40:17.503 19564 19567 W dex2oat : Before Android 4.1, method android.graphics.PorterDuffColorFilter android.support.graphics.drawable.VectorDrawableCompat.updateTintFilter(android.graphics.PorterDuffColorFilter, android.content.res.ColorStateList, android.graphics.PorterDuff$Mode) would have incorrectly overridden the package-private method in android.graphics.drawable.Drawable
08-08 18:40:17.795 19564 19564 I dex2oat : dex2oat took 443.458ms (threads: 4) arena alloc=4KB (4504B) java alloc=4MB (4529744B) native alloc=6MB (6573544B) free=2MB (2863640B)
08-08 18:40:17.834  1628  1653 V BackupManagerService: restoreAtInstall pkg=me.anon.grow token=c restoreSet=0
08-08 18:40:17.834  1628  1653 V BackupManagerService: Finishing install immediately
08-08 18:40:17.835  1628  1653 I art     : Starting a blocking GC Explicit
08-08 18:40:17.848  1628  1653 I art     : Explicit concurrent mark sweep GC freed 12902(742KB) AllocSpace objects, 4(80KB) LOS objects, 24% free, 12MB/16MB, paused 185us total 13.607ms
08-08 18:40:17.848  1392  1392 E         : Couldn't opendir /data/app/vmdl683373614.tmp: No such file or directory
08-08 18:40:17.853  1628  1662 I InputReader: Reconfiguring input devices.  changes=0x00000010
08-08 18:40:17.864  1809  1809 D CarrierSvcBindHelper: No carrier app for: 0
08-08 18:40:17.865  1809  1809 D CarrierConfigLoader: mHandler: 9 phoneId: 0
08-08 18:40:17.874  2497  2497 I Finsky  : [1] com.google.android.finsky.utils.PermissionPolicies$PermissionPolicyService.onStartCommand(117): post-install permissions check for me.anon.grow
08-08 18:40:17.874  2497  2497 W Finsky  : [1] com.google.android.finsky.FinskyApp.i(1468): No account configured on this device.
08-08 18:40:17.876  2497  2497 I Finsky  : [1] com.google.android.finsky.utils.bh.run(2302): Package state data is missing for me.anon.grow
08-08 18:40:17.883  2497  2497 W Finsky  : [1] com.google.android.finsky.FinskyApp.i(1468): No account configured on this device.
08-08 18:40:17.891  3516 19576 I UpdateIcingCorporaServi: Updating corpora: APPS=me.anon.grow, CONTACTS=MAYBE
08-08 18:40:17.902  2170 19552 D Wear_Controller: Received broadcast action=android.intent.action.PACKAGE_ADDED and uri=me.anon.grow
08-08 18:40:17.916  2170  2449 I Icing   : IndexChimeraService.getServiceInterface callingPackage=com.google.android.gms componentName=AppsCorpus serviceId=36
08-08 18:40:17.917  2170  2774 I Icing   : IndexChimeraService.getServiceInterface callingPackage=com.google.android.gms componentName=AppsCorpus serviceId=32
08-08 18:40:17.922  2170 18338 I Icing   : Usage reports ok 0, Failed Usage reports 0, indexed 0, rejected 0, imm upload false
08-08 18:40:17.924  2170  2774 I Icing   : IndexChimeraService.getServiceInterface callingPackage=com.google.android.googlequicksearchbox componentName=null serviceId=36
08-08 18:40:17.926  2170 18338 I Icing   : Usage reports ok 0, Failed Usage reports 0, indexed 0, rejected 0, imm upload false
08-08 18:40:17.930  2170 18338 I Icing   : Indexing 6A591F6882A0ACAA64A5550D58756309351020E2 from com.google.android.gms
08-08 18:40:17.946  2170 18338 I Icing   : Usage reports ok 0, Failed Usage reports 0, indexed 0, rejected 0, imm upload true
08-08 18:40:17.951  3516 19576 I UpdateIcingCorporaServi: UpdateCorporaTask done [took 61 ms] updated apps [took 61 ms] 
08-08 18:40:17.952  2170 18338 I Icing   : Indexing done 6A591F6882A0ACAA64A5550D58756309351020E2
08-08 18:40:17.953  2170 18338 I Icing   : Indexing 1BFABF4F466713C7072D080EE8B2C142DEE04271 from com.google.android.googlequicksearchbox
08-08 18:40:17.968  2170 18338 I Icing   : Indexing done 1BFABF4F466713C7072D080EE8B2C142DEE04271
08-08 18:40:18.005 19573 19573 D AndroidRuntime: >>>>>> START com.android.internal.os.RuntimeInit uid 2000 <<<<<<
08-08 18:40:18.006 19573 19573 D AndroidRuntime: CheckJNI is ON
08-08 18:40:18.017 19573 19573 W art     : Unexpected CPU variant for X86 using defaults: x86
08-08 18:40:18.020 19573 19573 D ICU     : No timezone override file found: /data/misc/zoneinfo/current/icu/icu_tzdata.dat
08-08 18:40:18.029 19573 19573 E memtrack: Couldn't load memtrack module (No such file or directory)
08-08 18:40:18.029 19573 19573 E android.os.Debug: failed to load memtrack module: -2
08-08 18:40:18.029 19573 19573 I Radio-JNI: register_android_hardware_Radio DONE
08-08 18:40:18.034 19573 19573 D AndroidRuntime: Calling main entry com.android.commands.monkey.Monkey
08-08 18:40:18.049  1628  1641 W BroadcastQueue: Skipping deliver [background] BroadcastRecord{df3aca3 u-1 android.net.conn.CONNECTIVITY_CHANGE} to ReceiverList{86c5ba0 19573 (unknown name)/2000/u-1 remote:bfdce5d}: process crashing
08-08 18:40:18.054  1628  1857 I ActivityManager: START u0 {act=android.intent.action.MAIN cat=[android.intent.category.LAUNCHER] flg=0x10200000 cmp=me.anon.grow/.BootActivity} from uid 2000 on display 0
08-08 18:40:18.066 19589 19589 W art     : Unexpected CPU variant for X86 using defaults: x86
08-08 18:40:18.070  1628  1909 I ActivityManager: Start proc 19589:me.anon.grow/u0a89 for activity me.anon.grow/.BootActivity
08-08 18:40:18.144  1341  1348 D gralloc_ranchu: gralloc_alloc: Creating ashmem region of size 2691072
08-08 18:40:18.147  1628  1909 D         : HostConnection::get() New Host Connection established 0x8d743200, tid 1909
08-08 18:40:18.152  1341  1341 E EGL_emulation: tid 1341: eglCreateSyncKHR(1901): error 0x3004 (EGL_BAD_ATTRIBUTE)
08-08 18:40:18.158  1341  1500 D gralloc_ranchu: gralloc_alloc: Creating ashmem region of size 8294400
08-08 18:40:18.194 19573 19573 I art     : System.exit called, status: 0
08-08 18:40:18.194 19573 19573 I AndroidRuntime: VM exiting with result code 0.
08-08 18:40:18.196 19589 19589 W System  : ClassLoader referenced unknown path: /data/app/me.anon.grow-1/lib/x86
08-08 18:40:18.210  1628  2076 D VoldConnector: SND -> {21 volume mkdirs /storage/emulated/0/Android/data/me.anon.grow/files/}
08-08 18:40:18.213  1628  1664 D VoldConnector: RCV <- {200 21 Command succeeded}
08-08 18:40:18.216  1628  1734 D VoldConnector: SND -> {22 volume mkdirs /storage/1BEF-080C/Android/data/me.anon.grow/files/}
08-08 18:40:18.220  1628  1664 D VoldConnector: RCV <- {200 22 Command succeeded}
08-08 18:40:18.245 18738 18756 D EGL_emulation: eglMakeCurrent: 0xa8485120: ver 2 0 (tinfo 0xa84831e0)
08-08 18:40:18.271  1628  1639 I ActivityManager: START u0 {cmp=me.anon.grow/.MainActivity} from uid 10089 on display 0
08-08 18:40:18.279  1718  1966 D EGL_emulation: eglMakeCurrent: 0x8b320ea0: ver 2 0 (tinfo 0x9ad40590)
08-08 18:40:18.294  1718  1966 D EGL_emulation: eglMakeCurrent: 0x8b320ea0: ver 2 0 (tinfo 0x9ad40590)
08-08 18:40:18.297  1718  1966 D EGL_emulation: eglMakeCurrent: 0x8b320ea0: ver 2 0 (tinfo 0x9ad40590)
08-08 18:40:18.311  1718  1966 D EGL_emulation: eglMakeCurrent: 0x8b320ea0: ver 2 0 (tinfo 0x9ad40590)
08-08 18:40:18.315  1718  1966 D EGL_emulation: eglMakeCurrent: 0x8b320ea0: ver 2 0 (tinfo 0x9ad40590)
08-08 18:40:18.327  1718  1966 D EGL_emulation: eglMakeCurrent: 0x8b320ea0: ver 2 0 (tinfo 0x9ad40590)
08-08 18:40:18.329  1718  1966 D EGL_emulation: eglMakeCurrent: 0x8b320ea0: ver 2 0 (tinfo 0x9ad40590)
08-08 18:40:18.334 19589 19589 W art     : Before Android 4.1, method android.graphics.PorterDuffColorFilter android.support.graphics.drawable.VectorDrawableCompat.updateTintFilter(android.graphics.PorterDuffColorFilter, android.content.res.ColorStateList, android.graphics.PorterDuff$Mode) would have incorrectly overridden the package-private method in android.graphics.drawable.Drawable
08-08 18:40:18.338  1628  1936 I ActivityManager: START u0 {act=android.content.pm.action.REQUEST_PERMISSIONS pkg=com.google.android.packageinstaller cmp=com.google.android.packageinstaller/com.android.packageinstaller.permission.ui.GrantPermissionsActivity (has extras)} from uid 10089 on display 0
08-08 18:40:18.343  1718  1966 D EGL_emulation: eglMakeCurrent: 0x8b320ea0: ver 2 0 (tinfo 0x9ad40590)
08-08 18:40:18.346  1718  1966 D EGL_emulation: eglMakeCurrent: 0x8b320ea0: ver 2 0 (tinfo 0x9ad40590)
08-08 18:40:18.360  1718  1966 D EGL_emulation: eglMakeCurrent: 0x8b320ea0: ver 2 0 (tinfo 0x9ad40590)
08-08 18:40:18.361 19589 19589 I AppCompatViewInflater: app:theme is now deprecated. Please move to using android:theme instead.
08-08 18:40:18.362  1718  1966 D EGL_emulation: eglMakeCurrent: 0x8b320ea0: ver 2 0 (tinfo 0x9ad40590)
08-08 18:40:18.377  1718  1966 D EGL_emulation: eglMakeCurrent: 0x8b320ea0: ver 2 0 (tinfo 0x9ad40590)
08-08 18:40:18.380  1718  1966 D EGL_emulation: eglMakeCurrent: 0x8b320ea0: ver 2 0 (tinfo 0x9ad40590)
08-08 18:40:18.394  1341  3721 E SurfaceFlinger: ro.sf.lcd_density must be defined as a build property
08-08 18:40:18.394  1718  1966 D EGL_emulation: eglMakeCurrent: 0x8b320ea0: ver 2 0 (tinfo 0x9ad40590)
08-08 18:40:18.395 19589 19589 D         : HostConnection::get() New Host Connection established 0x9d6c6200, tid 19589
08-08 18:40:18.396  1718  1966 D EGL_emulation: eglMakeCurrent: 0x8b320ea0: ver 2 0 (tinfo 0x9ad40590)
08-08 18:40:18.410  1718  1966 D EGL_emulation: eglMakeCurrent: 0x8b320ea0: ver 2 0 (tinfo 0x9ad40590)
08-08 18:40:18.411  1718  1966 D EGL_emulation: eglMakeCurrent: 0x8b320ea0: ver 2 0 (tinfo 0x9ad40590)
08-08 18:40:18.428  1718  1966 D EGL_emulation: eglMakeCurrent: 0x8b320ea0: ver 2 0 (tinfo 0x9ad40590)
08-08 18:40:18.432  1718  1966 D EGL_emulation: eglMakeCurrent: 0x8b320ea0: ver 2 0 (tinfo 0x9ad40590)
08-08 18:40:18.438 19589 19607 D         : HostConnection::get() New Host Connection established 0x9d6c6540, tid 19607
08-08 18:40:18.445 19589 19607 I OpenGLRenderer: Initialized EGL, version 1.4
08-08 18:40:18.445 19589 19607 D OpenGLRenderer: Swap behavior 1
08-08 18:40:18.445 19589 19607 W OpenGLRenderer: Failed to choose config with EGL_SWAP_BEHAVIOR_PRESERVED, retrying without...
08-08 18:40:18.445 19589 19607 D OpenGLRenderer: Swap behavior 0
08-08 18:40:18.445  1718  1966 D EGL_emulation: eglMakeCurrent: 0x8b320ea0: ver 2 0 (tinfo 0x9ad40590)
08-08 18:40:18.452 19589 19607 D EGL_emulation: eglCreateContext: 0xa8485120: maj 2 min 0 rcv 2
08-08 18:40:18.460  1718  1966 D EGL_emulation: eglMakeCurrent: 0x8b320ea0: ver 2 0 (tinfo 0x9ad40590)
08-08 18:40:18.462 19589 19607 D EGL_emulation: eglMakeCurrent: 0xa8485120: ver 2 0 (tinfo 0xa84832b0)
08-08 18:40:18.463  1718  1966 D EGL_emulation: eglMakeCurrent: 0x8b320ea0: ver 2 0 (tinfo 0x9ad40590)
08-08 18:40:18.466  1718  1966 D EGL_emulation: eglMakeCurrent: 0x8b320ea0: ver 2 0 (tinfo 0x9ad40590)
08-08 18:40:18.483  1718  1966 D EGL_emulation: eglMakeCurrent: 0x8b320ea0: ver 2 0 (tinfo 0x9ad40590)
08-08 18:40:18.493 19589 19607 D EGL_emulation: eglMakeCurrent: 0xa8485120: ver 2 0 (tinfo 0xa84832b0)
08-08 18:40:18.498 18405 18419 D EGL_emulation: eglMakeCurrent: 0xa8485120: ver 2 0 (tinfo 0xa8483230)
08-08 18:40:18.516  1628  1648 I ActivityManager: Displayed com.google.android.packageinstaller/com.android.packageinstaller.permission.ui.GrantPermissionsActivity: +115ms (total +456ms)
08-08 18:40:18.827  1628  1648 I WindowManager: Destroying surface Surface(name=Starting me.anon.grow) called by com.android.server.wm.WindowStateAnimator.destroySurface:2016 com.android.server.wm.WindowStateAnimator.destroySurfaceLocked:882 com.android.server.wm.WindowState.destroyOrSaveSurface:2100 com.android.server.wm.AppWindowToken.destroySurfaces:363 com.android.server.wm.WindowStateAnimator.finishExit:565 com.android.server.wm.WindowStateAnimator.stepAnimationLocked:491 com.android.server.wm.WindowAnimator.updateWindowsLocked:303 com.android.server.wm.WindowAnimator.animateLocked:704 
08-08 18:40:22.266  2019  2019 I WearableService: Wearable Services stopping
08-08 18:40:32.872  2497  2536 W Finsky  : [142] com.google.android.finsky.FinskyApp.i(1468): No account configured on this device.
08-08 18:40:32.873  2497  2536 I Finsky  : [142] com.google.android.finsky.c.e.run(1151): Replicating app states via AMAS.
08-08 18:40:32.923  2497  2536 I Finsky  : [142] com.google.android.finsky.c.c.a(311): Completed 0 account content syncs with 0 successful.
08-08 18:40:32.923  2497  2497 I Finsky  : [1] com.google.android.finsky.services.j.a(149): Installation state replication succeeded.
08-08 18:40:33.343 19612 19612 D AndroidRuntime: >>>>>> START com.android.internal.os.RuntimeInit uid 2000 <<<<<<
08-08 18:40:33.345 19612 19612 D AndroidRuntime: CheckJNI is ON
08-08 18:40:33.359 19612 19612 W art     : Unexpected CPU variant for X86 using defaults: x86
08-08 18:40:33.362 19612 19612 D ICU     : No timezone override file found: /data/misc/zoneinfo/current/icu/icu_tzdata.dat
08-08 18:40:33.374 19612 19612 E memtrack: Couldn't load memtrack module (No such file or directory)
08-08 18:40:33.374 19612 19612 E android.os.Debug: failed to load memtrack module: -2
08-08 18:40:33.376 19612 19612 I Radio-JNI: register_android_hardware_Radio DONE
08-08 18:40:33.382 19612 19612 D AndroidRuntime: Calling main entry com.android.commands.content.Content
08-08 18:40:33.386 19612 19612 D AndroidRuntime: Shutting down VM
08-08 18:40:33.534 19622 19622 D AndroidRuntime: >>>>>> START com.android.internal.os.RuntimeInit uid 2000 <<<<<<
08-08 18:40:33.535 19622 19622 D AndroidRuntime: CheckJNI is ON
08-08 18:40:33.546 19622 19622 W art     : Unexpected CPU variant for X86 using defaults: x86
08-08 18:40:33.549 19622 19622 D ICU     : No timezone override file found: /data/misc/zoneinfo/current/icu/icu_tzdata.dat
08-08 18:40:33.559 19622 19622 E memtrack: Couldn't load memtrack module (No such file or directory)
08-08 18:40:33.559 19622 19622 E android.os.Debug: failed to load memtrack module: -2
08-08 18:40:33.559 19622 19622 I Radio-JNI: register_android_hardware_Radio DONE
08-08 18:40:33.564 19622 19622 D AndroidRuntime: Calling main entry com.android.commands.content.Content
08-08 18:40:33.568 19622 19622 D AndroidRuntime: Shutting down VM
08-08 18:40:34.369 19649 19649 D AndroidRuntime: >>>>>> START com.android.internal.os.RuntimeInit uid 2000 <<<<<<
08-08 18:40:34.370 19649 19649 D AndroidRuntime: CheckJNI is ON
08-08 18:40:34.383 19649 19649 W art     : Unexpected CPU variant for X86 using defaults: x86
08-08 18:40:34.387 19649 19649 D ICU     : No timezone override file found: /data/local/tmp/misc/zoneinfo/current/icu/icu_tzdata.dat
08-08 18:40:34.399 19649 19649 E memtrack: Couldn't load memtrack module (No such file or directory)
08-08 18:40:34.399 19649 19649 E android.os.Debug: failed to load memtrack module: -2
08-08 18:40:34.400 19649 19649 I Radio-JNI: register_android_hardware_Radio DONE
08-08 18:40:34.405 19649 19649 D AndroidRuntime: Calling main entry com.android.commands.uiautomator.Launcher
08-08 18:40:35.421 19649 19649 W AccessibilityNodeInfoDumper: Fetch time: 2ms
08-08 18:40:35.421  1628  1639 W WindowManager: Attempted to remove non-existing token: android.os.Binder@320fba9
08-08 18:40:35.427 19649 19649 D AndroidRuntime: Shutting down VM
08-08 18:40:36.245 19675 19675 D AndroidRuntime: >>>>>> START com.android.internal.os.RuntimeInit uid 2000 <<<<<<
08-08 18:40:36.247 19675 19675 D AndroidRuntime: CheckJNI is ON
08-08 18:40:36.258 19675 19675 W art     : Unexpected CPU variant for X86 using defaults: x86
08-08 18:40:36.261 19675 19675 D ICU     : No timezone override file found: /data/local/tmp/misc/zoneinfo/current/icu/icu_tzdata.dat
08-08 18:40:36.274 19675 19675 E memtrack: Couldn't load memtrack module (No such file or directory)
08-08 18:40:36.274 19675 19675 E android.os.Debug: failed to load memtrack module: -2
08-08 18:40:36.274 19675 19675 I Radio-JNI: register_android_hardware_Radio DONE
08-08 18:40:36.279 19675 19675 D AndroidRuntime: Calling main entry com.android.commands.uiautomator.Launcher
08-08 18:40:37.297 19675 19675 W AccessibilityNodeInfoDumper: Fetch time: 2ms
08-08 18:40:37.298  1628  2106 W WindowManager: Attempted to remove non-existing token: android.os.Binder@c64a965
08-08 18:40:37.312 19675 19675 D AndroidRuntime: Shutting down VM
08-08 18:40:37.517 19692 19692 D AndroidRuntime: >>>>>> START com.android.internal.os.RuntimeInit uid 2000 <<<<<<
08-08 18:40:37.518 19692 19692 D AndroidRuntime: CheckJNI is ON
08-08 18:40:37.530 19692 19692 W art     : Unexpected CPU variant for X86 using defaults: x86
08-08 18:40:37.532 19692 19692 D ICU     : No timezone override file found: /data/local/tmp/misc/zoneinfo/current/icu/icu_tzdata.dat
08-08 18:40:37.545 19692 19692 E memtrack: Couldn't load memtrack module (No such file or directory)
08-08 18:40:37.545 19692 19692 E android.os.Debug: failed to load memtrack module: -2
08-08 18:40:37.545 19692 19692 I Radio-JNI: register_android_hardware_Radio DONE
08-08 18:40:37.550 19692 19692 D AndroidRuntime: Calling main entry com.android.commands.uiautomator.Launcher
08-08 18:40:38.564 19692 19692 W AccessibilityNodeInfoDumper: Fetch time: 2ms
08-08 18:40:38.565  1628  1734 W WindowManager: Attempted to remove non-existing token: android.os.Binder@2f652eb
08-08 18:40:38.577 19692 19692 D AndroidRuntime: Shutting down VM
08-08 18:40:39.372 19718 19718 D AndroidRuntime: >>>>>> START com.android.internal.os.RuntimeInit uid 2000 <<<<<<
08-08 18:40:39.373 19718 19718 D AndroidRuntime: CheckJNI is ON
08-08 18:40:39.384 19718 19718 W art     : Unexpected CPU variant for X86 using defaults: x86
08-08 18:40:39.387 19718 19718 D ICU     : No timezone override file found: /data/local/tmp/misc/zoneinfo/current/icu/icu_tzdata.dat
08-08 18:40:39.399 19718 19718 E memtrack: Couldn't load memtrack module (No such file or directory)
08-08 18:40:39.399 19718 19718 E android.os.Debug: failed to load memtrack module: -2
08-08 18:40:39.399 19718 19718 I Radio-JNI: register_android_hardware_Radio DONE
08-08 18:40:39.403 19718 19718 D AndroidRuntime: Calling main entry com.android.commands.uiautomator.Launcher
08-08 18:40:40.416 19718 19718 W AccessibilityNodeInfoDumper: Fetch time: 2ms
08-08 18:40:40.417  1628  2108 W WindowManager: Attempted to remove non-existing token: android.os.Binder@77b76e1
08-08 18:40:40.428 19718 19718 D AndroidRuntime: Shutting down VM
08-08 18:40:41.267 19750 19750 D AndroidRuntime: >>>>>> START com.android.internal.os.RuntimeInit uid 2000 <<<<<<
08-08 18:40:41.269 19750 19750 D AndroidRuntime: CheckJNI is ON
08-08 18:40:41.280 19750 19750 W art     : Unexpected CPU variant for X86 using defaults: x86
08-08 18:40:41.283 19750 19750 D ICU     : No timezone override file found: /data/local/tmp/misc/zoneinfo/current/icu/icu_tzdata.dat
08-08 18:40:41.295 19750 19750 E memtrack: Couldn't load memtrack module (No such file or directory)
08-08 18:40:41.295 19750 19750 E android.os.Debug: failed to load memtrack module: -2
08-08 18:40:41.296 19750 19750 I Radio-JNI: register_android_hardware_Radio DONE
08-08 18:40:41.300 19750 19750 D AndroidRuntime: Calling main entry com.android.commands.uiautomator.Launcher
08-08 18:40:42.315 19750 19750 W AccessibilityNodeInfoDumper: Fetch time: 2ms
08-08 18:40:42.316  1628  2108 W WindowManager: Attempted to remove non-existing token: android.os.Binder@76532c7
08-08 18:40:42.329 19750 19750 D AndroidRuntime: Shutting down VM
08-08 18:40:42.559 19770 19770 D AndroidRuntime: >>>>>> START com.android.internal.os.RuntimeInit uid 2000 <<<<<<
08-08 18:40:42.561 19770 19770 D AndroidRuntime: CheckJNI is ON
08-08 18:40:42.572 19770 19770 W art     : Unexpected CPU variant for X86 using defaults: x86
08-08 18:40:42.575 19770 19770 D ICU     : No timezone override file found: /data/local/tmp/misc/zoneinfo/current/icu/icu_tzdata.dat
08-08 18:40:42.587 19770 19770 E memtrack: Couldn't load memtrack module (No such file or directory)
08-08 18:40:42.587 19770 19770 E android.os.Debug: failed to load memtrack module: -2
08-08 18:40:42.588 19770 19770 I Radio-JNI: register_android_hardware_Radio DONE
08-08 18:40:42.592 19770 19770 D AndroidRuntime: Calling main entry com.android.commands.uiautomator.Launcher
08-08 18:40:43.606 19770 19770 W AccessibilityNodeInfoDumper: Fetch time: 2ms
08-08 18:40:43.606  1628  2106 W WindowManager: Attempted to remove non-existing token: android.os.Binder@af83463
08-08 18:40:43.610 19770 19770 D AndroidRuntime: Shutting down VM
08-08 18:40:43.672  1341  1500 E SurfaceFlinger: ro.sf.lcd_density must be defined as a build property
08-08 18:40:43.673  1341  1678 D gralloc_ranchu: gralloc_alloc: Creating ashmem region of size 8294400
08-08 18:40:43.680 19782 19782 D         : HostConnection::get() New Host Connection established 0xb3a9b2c0, tid 19782
08-08 18:40:43.684  1341  1341 E EGL_emulation: tid 1341: eglCreateSyncKHR(1901): error 0x3004 (EGL_BAD_ATTRIBUTE)
08-08 18:40:43.924 19788 19788 D AndroidRuntime: >>>>>> START com.android.internal.os.RuntimeInit uid 2000 <<<<<<
08-08 18:40:43.925 19788 19788 D AndroidRuntime: CheckJNI is ON
08-08 18:40:43.937 19788 19788 W art     : Unexpected CPU variant for X86 using defaults: x86
08-08 18:40:43.940 19788 19788 D ICU     : No timezone override file found: /data/misc/zoneinfo/current/icu/icu_tzdata.dat
08-08 18:40:43.951 19788 19788 E memtrack: Couldn't load memtrack module (No such file or directory)
08-08 18:40:43.951 19788 19788 E android.os.Debug: failed to load memtrack module: -2
08-08 18:40:43.952 19788 19788 I Radio-JNI: register_android_hardware_Radio DONE
08-08 18:40:43.957 19788 19788 D AndroidRuntime: Calling main entry com.android.commands.am.Am
08-08 18:40:43.963  3938  3938 D MediaScannerReceiver: action: android.intent.action.MEDIA_SCANNER_SCAN_FILE path: /storage/emulated/0/screen.png
08-08 18:40:43.965 19788 19788 D AndroidRuntime: Shutting down VM
08-08 18:40:44.134  2170 19798 I iu.UploadsManager: End new media; added: 0, uploading: 0, time: 14 ms
08-08 18:40:46.207 19802 19802 D AndroidRuntime: >>>>>> START com.android.internal.os.RuntimeInit uid 2000 <<<<<<
08-08 18:40:46.210 19802 19802 D AndroidRuntime: CheckJNI is ON
08-08 18:40:46.226 19802 19802 W art     : Unexpected CPU variant for X86 using defaults: x86
08-08 18:40:46.230 19802 19802 D ICU     : No timezone override file found: /data/local/tmp/misc/zoneinfo/current/icu/icu_tzdata.dat
08-08 18:40:46.247 19802 19802 E memtrack: Couldn't load memtrack module (No such file or directory)
08-08 18:40:46.247 19802 19802 E android.os.Debug: failed to load memtrack module: -2
08-08 18:40:46.248 19802 19802 I Radio-JNI: register_android_hardware_Radio DONE
08-08 18:40:46.256 19802 19802 D AndroidRuntime: Calling main entry com.android.commands.uiautomator.Launcher
08-08 18:40:47.277 19802 19802 W AccessibilityNodeInfoDumper: Fetch time: 3ms
08-08 18:40:47.278  1628  1638 W WindowManager: Attempted to remove non-existing token: android.os.Binder@72fb3bf
08-08 18:40:47.295 19802 19802 D AndroidRuntime: Shutting down VM
08-08 18:40:49.519 19819 19819 D AndroidRuntime: >>>>>> START com.android.internal.os.RuntimeInit uid 2000 <<<<<<
08-08 18:40:49.521 19819 19819 D AndroidRuntime: CheckJNI is ON
08-08 18:40:49.533 19819 19819 W art     : Unexpected CPU variant for X86 using defaults: x86
08-08 18:40:49.536 19819 19819 D ICU     : No timezone override file found: /data/local/tmp/misc/zoneinfo/current/icu/icu_tzdata.dat
08-08 18:40:49.550 19819 19819 E memtrack: Couldn't load memtrack module (No such file or directory)
08-08 18:40:49.550 19819 19819 E android.os.Debug: failed to load memtrack module: -2
08-08 18:40:49.551 19819 19819 I Radio-JNI: register_android_hardware_Radio DONE
08-08 18:40:49.557 19819 19819 D AndroidRuntime: Calling main entry com.android.commands.uiautomator.Launcher
08-08 18:40:50.576 19819 19819 W AccessibilityNodeInfoDumper: Fetch time: 2ms
08-08 18:40:50.576  1628  2111 W WindowManager: Attempted to remove non-existing token: android.os.Binder@56bb5d5
08-08 18:40:50.594 19819 19819 D AndroidRuntime: Shutting down VM
08-08 18:40:50.802 19836 19836 D AndroidRuntime: >>>>>> START com.android.internal.os.RuntimeInit uid 2000 <<<<<<
08-08 18:40:50.803 19836 19836 D AndroidRuntime: CheckJNI is ON
08-08 18:40:50.815 19836 19836 W art     : Unexpected CPU variant for X86 using defaults: x86
08-08 18:40:50.818 19836 19836 D ICU     : No timezone override file found: /data/local/tmp/misc/zoneinfo/current/icu/icu_tzdata.dat
08-08 18:40:50.830 19836 19836 E memtrack: Couldn't load memtrack module (No such file or directory)
08-08 18:40:50.830 19836 19836 E android.os.Debug: failed to load memtrack module: -2
08-08 18:40:50.831 19836 19836 I Radio-JNI: register_android_hardware_Radio DONE
08-08 18:40:50.835 19836 19836 D AndroidRuntime: Calling main entry com.android.commands.uiautomator.Launcher
08-08 18:40:51.851 19836 19836 W AccessibilityNodeInfoDumper: Fetch time: 2ms
08-08 18:40:51.852  1628  1857 W WindowManager: Attempted to remove non-existing token: android.os.Binder@335ccdb
08-08 18:40:51.861 19836 19836 D AndroidRuntime: Shutting down VM
08-08 18:40:52.059 19853 19853 D AndroidRuntime: >>>>>> START com.android.internal.os.RuntimeInit uid 2000 <<<<<<
08-08 18:40:52.060 19853 19853 D AndroidRuntime: CheckJNI is ON
08-08 18:40:52.071 19853 19853 W art     : Unexpected CPU variant for X86 using defaults: x86
08-08 18:40:52.074 19853 19853 D ICU     : No timezone override file found: /data/local/tmp/misc/zoneinfo/current/icu/icu_tzdata.dat
08-08 18:40:52.086 19853 19853 E memtrack: Couldn't load memtrack module (No such file or directory)
08-08 18:40:52.086 19853 19853 E android.os.Debug: failed to load memtrack module: -2
08-08 18:40:52.087 19853 19853 I Radio-JNI: register_android_hardware_Radio DONE
08-08 18:40:52.091 19853 19853 D AndroidRuntime: Calling main entry com.android.commands.uiautomator.Launcher
08-08 18:40:53.106 19853 19853 W AccessibilityNodeInfoDumper: Fetch time: 1ms
08-08 18:40:53.107  1628  1639 W WindowManager: Attempted to remove non-existing token: android.os.Binder@abeda51
08-08 18:40:53.128 19853 19853 D AndroidRuntime: Shutting down VM
08-08 18:40:53.331 19870 19870 D AndroidRuntime: >>>>>> START com.android.internal.os.RuntimeInit uid 2000 <<<<<<
08-08 18:40:53.333 19870 19870 D AndroidRuntime: CheckJNI is ON
08-08 18:40:53.344 19870 19870 W art     : Unexpected CPU variant for X86 using defaults: x86
08-08 18:40:53.348 19870 19870 D ICU     : No timezone override file found: /data/misc/zoneinfo/current/icu/icu_tzdata.dat
08-08 18:40:53.358 19870 19870 E memtrack: Couldn't load memtrack module (No such file or directory)
08-08 18:40:53.358 19870 19870 E android.os.Debug: failed to load memtrack module: -2
08-08 18:40:53.359 19870 19870 I Radio-JNI: register_android_hardware_Radio DONE
08-08 18:40:53.363 19870 19870 D AndroidRuntime: Calling main entry com.android.commands.monkey.Monkey
08-08 18:40:53.381  1628  1641 W BroadcastQueue: Skipping deliver [background] BroadcastRecord{745ca8d u-1 android.net.conn.CONNECTIVITY_CHANGE} to ReceiverList{27c6442 19870 (unknown name)/2000/u-1 remote:4ba5bb7}: process crashing
08-08 18:40:53.390  1628  2108 I ActivityManager: START u0 {act=android.intent.action.MAIN cat=[android.intent.category.LAUNCHER] flg=0x10200000 cmp=me.anon.grow/.BootActivity} from uid 2000 on display 0
08-08 18:40:53.445 19870 19870 I art     : System.exit called, status: 0
08-08 18:40:53.445 19870 19870 I AndroidRuntime: VM exiting with result code 0.
08-08 18:40:54.139  2170 19881 I iu.UploadsManager: End new media; added: 0, uploading: 0, time: 16 ms
08-08 18:41:08.621 19890 19890 D AndroidRuntime: >>>>>> START com.android.internal.os.RuntimeInit uid 2000 <<<<<<
08-08 18:41:08.622 19890 19890 D AndroidRuntime: CheckJNI is ON
08-08 18:41:08.634 19890 19890 W art     : Unexpected CPU variant for X86 using defaults: x86
08-08 18:41:08.637 19890 19890 D ICU     : No timezone override file found: /data/local/tmp/misc/zoneinfo/current/icu/icu_tzdata.dat
08-08 18:41:08.650 19890 19890 E memtrack: Couldn't load memtrack module (No such file or directory)
08-08 18:41:08.650 19890 19890 E android.os.Debug: failed to load memtrack module: -2
08-08 18:41:08.651 19890 19890 I Radio-JNI: register_android_hardware_Radio DONE
08-08 18:41:08.655 19890 19890 D AndroidRuntime: Calling main entry com.android.commands.uiautomator.Launcher
08-08 18:41:09.670 19890 19890 W AccessibilityNodeInfoDumper: Fetch time: 1ms
08-08 18:41:09.670  1628  1639 W WindowManager: Attempted to remove non-existing token: android.os.Binder@576399a
08-08 18:41:09.677 19890 19890 D AndroidRuntime: Shutting down VM
08-08 18:41:09.844 19903 19903 D AndroidRuntime: >>>>>> START com.android.internal.os.RuntimeInit uid 2000 <<<<<<
08-08 18:41:09.846 19903 19903 D AndroidRuntime: CheckJNI is ON
08-08 18:41:09.859 19903 19903 W art     : Unexpected CPU variant for X86 using defaults: x86
08-08 18:41:09.862 19903 19903 D ICU     : No timezone override file found: /data/misc/zoneinfo/current/icu/icu_tzdata.dat
08-08 18:41:09.873 19903 19903 E memtrack: Couldn't load memtrack module (No such file or directory)
08-08 18:41:09.873 19903 19903 E android.os.Debug: failed to load memtrack module: -2
08-08 18:41:09.874 19903 19903 I Radio-JNI: register_android_hardware_Radio DONE
08-08 18:41:09.880 19903 19903 D AndroidRuntime: Calling main entry com.android.commands.input.Input
08-08 18:41:09.884 19903 19903 I Input   : injectMotionEvent: MotionEvent { action=ACTION_DOWN, actionButton=0, id[0]=0, x[0]=607.0, y[0]=1080.0, toolType[0]=TOOL_TYPE_UNKNOWN, buttonState=0, metaState=0, flags=0x0, edgeFlags=0x0, pointerCount=1, historySize=0, eventTime=5364504, downTime=5364504, deviceId=0, source=0x1002 }
08-08 18:41:09.886 19903 19903 I Input   : injectMotionEvent: MotionEvent { action=ACTION_UP, actionButton=0, id[0]=0, x[0]=607.0, y[0]=1080.0, toolType[0]=TOOL_TYPE_UNKNOWN, buttonState=0, metaState=0, flags=0x0, edgeFlags=0x0, pointerCount=1, historySize=0, eventTime=5364504, downTime=5364504, deviceId=0, source=0x1002 }
08-08 18:41:09.888 19903 19903 D AndroidRuntime: Shutting down VM
08-08 18:41:09.902  1389  1409 W audio_hw_generic: Not supplying enough data to HAL, expected position 5774643 , only wrote 5774400
08-08 18:41:09.977  1389  1409 W audio_hw_generic: Not supplying enough data to HAL, expected position 5777959 , only wrote 5777280
08-08 18:41:09.977  1389  1409 W audio_hw_generic: Not supplying enough data to HAL, expected position 5777281 , only wrote 5777280
08-08 18:41:09.977  1389  1409 W audio_hw_generic: Hardware backing HAL too slow, could only write 0 of 720 frames
08-08 18:41:09.992  1389  1409 W audio_hw_generic: Hardware backing HAL too slow, could only write 0 of 720 frames
08-08 18:41:10.019  1389  1410 D AudioFlinger: mixer(0xb2003f80) throttle end: throttle time(12)
08-08 18:41:10.043 18405 18419 D EGL_emulation: eglMakeCurrent: 0xa8485120: ver 2 0 (tinfo 0xa8483230)
08-08 18:41:10.045 18405 18419 D OpenGLRenderer: endAllActiveAnimators on 0x8b5a4780 (RippleDrawable) with handle 0x9d6694b0
08-08 18:41:10.226  1628  1648 I WindowManager: Destroying surface Surface(name=com.google.android.packageinstaller/com.android.packageinstaller.permission.ui.GrantPermissionsActivity) called by com.android.server.wm.WindowStateAnimator.destroySurface:2016 com.android.server.wm.WindowStateAnimator.destroySurfaceLocked:882 com.android.server.wm.WindowState.destroyOrSaveSurface:2100 com.android.server.wm.AppWindowToken.destroySurfaces:363 com.android.server.wm.WindowStateAnimator.finishExit:565 com.android.server.wm.WindowStateAnimator.stepAnimationLocked:491 com.android.server.wm.WindowAnimator.updateWindowsLocked:303 com.android.server.wm.WindowAnimator.animateLocked:704 
08-08 18:41:10.242  1341  1341 W SurfaceFlinger: couldn't log to binary event log: overflow.
08-08 18:41:12.515 19918 19918 W ls      : type=1400 audit(0.0:156): avc: denied { getattr } for path="/proc/sysrq-trigger" dev="proc" ino=4026532069 scontext=u:r:shell:s0 tcontext=u:object_r:proc_sysrq:s0 tclass=file permissive=0
08-08 18:41:12.515 19918 19918 W ls      : type=1400 audit(0.0:157): avc: denied { getattr } for path="/proc/iomem" dev="proc" ino=4026532007 scontext=u:r:shell:s0 tcontext=u:object_r:proc_iomem:s0 tclass=file permissive=0
08-08 18:41:13.187  1389  1410 W audio_hw_generic: Not supplying enough data to HAL, expected position 6083461 , only wrote 5931360
08-08 18:41:14.057 20219 20219 D AndroidRuntime: >>>>>> START com.android.internal.os.RuntimeInit uid 2000 <<<<<<
08-08 18:41:14.059 20219 20219 D AndroidRuntime: CheckJNI is ON
08-08 18:41:14.070 20219 20219 W art     : Unexpected CPU variant for X86 using defaults: x86
08-08 18:41:14.073 20219 20219 D ICU     : No timezone override file found: /data/local/tmp/misc/zoneinfo/current/icu/icu_tzdata.dat
08-08 18:41:14.085 20219 20219 E memtrack: Couldn't load memtrack module (No such file or directory)
08-08 18:41:14.085 20219 20219 E android.os.Debug: failed to load memtrack module: -2
08-08 18:41:14.086 20219 20219 I Radio-JNI: register_android_hardware_Radio DONE
08-08 18:41:14.090 20219 20219 D AndroidRuntime: Calling main entry com.android.commands.uiautomator.Launcher
08-08 18:41:15.114 20219 20219 W AccessibilityNodeInfoDumper: Fetch time: 2ms
08-08 18:41:15.114  1628  1936 W WindowManager: Attempted to remove non-existing token: android.os.Binder@91dd6c0
08-08 18:41:15.118 20219 20219 D AndroidRuntime: Shutting down VM
08-08 18:41:15.879 20245 20245 D AndroidRuntime: >>>>>> START com.android.internal.os.RuntimeInit uid 2000 <<<<<<
08-08 18:41:15.880 20245 20245 D AndroidRuntime: CheckJNI is ON
08-08 18:41:15.891 20245 20245 W art     : Unexpected CPU variant for X86 using defaults: x86
08-08 18:41:15.894 20245 20245 D ICU     : No timezone override file found: /data/local/tmp/misc/zoneinfo/current/icu/icu_tzdata.dat
08-08 18:41:15.906 20245 20245 E memtrack: Couldn't load memtrack module (No such file or directory)
08-08 18:41:15.906 20245 20245 E android.os.Debug: failed to load memtrack module: -2
08-08 18:41:15.907 20245 20245 I Radio-JNI: register_android_hardware_Radio DONE
08-08 18:41:15.911 20245 20245 D AndroidRuntime: Calling main entry com.android.commands.uiautomator.Launcher
08-08 18:41:16.933 20245 20245 W AccessibilityNodeInfoDumper: Fetch time: 3ms
08-08 18:41:16.933  1628  2111 W WindowManager: Attempted to remove non-existing token: android.os.Binder@9c8ab3e
08-08 18:41:16.945 20245 20245 D AndroidRuntime: Shutting down VM
08-08 18:41:17.743 20272 20272 D AndroidRuntime: >>>>>> START com.android.internal.os.RuntimeInit uid 2000 <<<<<<
08-08 18:41:17.744 20272 20272 D AndroidRuntime: CheckJNI is ON
08-08 18:41:17.757 20272 20272 W art     : Unexpected CPU variant for X86 using defaults: x86
08-08 18:41:17.760 20272 20272 D ICU     : No timezone override file found: /data/local/tmp/misc/zoneinfo/current/icu/icu_tzdata.dat
08-08 18:41:17.774 20272 20272 E memtrack: Couldn't load memtrack module (No such file or directory)
08-08 18:41:17.774 20272 20272 E android.os.Debug: failed to load memtrack module: -2
08-08 18:41:17.775 20272 20272 I Radio-JNI: register_android_hardware_Radio DONE
08-08 18:41:17.780 20272 20272 D AndroidRuntime: Calling main entry com.android.commands.uiautomator.Launcher
08-08 18:41:18.799 20272 20272 W AccessibilityNodeInfoDumper: Fetch time: 2ms
08-08 18:41:18.799  1628  2107 W WindowManager: Attempted to remove non-existing token: android.os.Binder@7699eec
08-08 18:41:18.803 20272 20272 D AndroidRuntime: Shutting down VM
08-08 18:41:18.998 20290 20290 D AndroidRuntime: >>>>>> START com.android.internal.os.RuntimeInit uid 2000 <<<<<<
08-08 18:41:19.000 20290 20290 D AndroidRuntime: CheckJNI is ON
08-08 18:41:19.012 20290 20290 W art     : Unexpected CPU variant for X86 using defaults: x86
08-08 18:41:19.015 20290 20290 D ICU     : No timezone override file found: /data/local/tmp/misc/zoneinfo/current/icu/icu_tzdata.dat
08-08 18:41:19.027 20290 20290 E memtrack: Couldn't load memtrack module (No such file or directory)
08-08 18:41:19.027 20290 20290 E android.os.Debug: failed to load memtrack module: -2
08-08 18:41:19.028 20290 20290 I Radio-JNI: register_android_hardware_Radio DONE
08-08 18:41:19.032 20290 20290 D AndroidRuntime: Calling main entry com.android.commands.uiautomator.Launcher
08-08 18:41:20.052 20290 20290 W AccessibilityNodeInfoDumper: Fetch time: 2ms
08-08 18:41:20.053  1628  2107 W WindowManager: Attempted to remove non-existing token: android.os.Binder@1203d4a
08-08 18:41:20.057 20290 20290 D AndroidRuntime: Shutting down VM
08-08 18:41:20.822 20316 20316 D AndroidRuntime: >>>>>> START com.android.internal.os.RuntimeInit uid 2000 <<<<<<
08-08 18:41:20.824 20316 20316 D AndroidRuntime: CheckJNI is ON
08-08 18:41:20.835 20316 20316 W art     : Unexpected CPU variant for X86 using defaults: x86
08-08 18:41:20.838 20316 20316 D ICU     : No timezone override file found: /data/local/tmp/misc/zoneinfo/current/icu/icu_tzdata.dat
08-08 18:41:20.850 20316 20316 E memtrack: Couldn't load memtrack module (No such file or directory)
08-08 18:41:20.850 20316 20316 E android.os.Debug: failed to load memtrack module: -2
08-08 18:41:20.850 20316 20316 I Radio-JNI: register_android_hardware_Radio DONE
08-08 18:41:20.855 20316 20316 D AndroidRuntime: Calling main entry com.android.commands.uiautomator.Launcher
08-08 18:41:21.875 20316 20316 W AccessibilityNodeInfoDumper: Fetch time: 2ms
08-08 18:41:21.875  1628  2076 W WindowManager: Attempted to remove non-existing token: android.os.Binder@bc7bdd8
08-08 18:41:21.879 20316 20316 D AndroidRuntime: Shutting down VM
08-08 18:41:22.681 20349 20349 D AndroidRuntime: >>>>>> START com.android.internal.os.RuntimeInit uid 2000 <<<<<<
08-08 18:41:22.682 20349 20349 D AndroidRuntime: CheckJNI is ON
08-08 18:41:22.694 20349 20349 W art     : Unexpected CPU variant for X86 using defaults: x86
08-08 18:41:22.697 20349 20349 D ICU     : No timezone override file found: /data/local/tmp/misc/zoneinfo/current/icu/icu_tzdata.dat
08-08 18:41:22.710 20349 20349 E memtrack: Couldn't load memtrack module (No such file or directory)
08-08 18:41:22.710 20349 20349 E android.os.Debug: failed to load memtrack module: -2
08-08 18:41:22.711 20349 20349 I Radio-JNI: register_android_hardware_Radio DONE
08-08 18:41:22.715 20349 20349 D AndroidRuntime: Calling main entry com.android.commands.uiautomator.Launcher
08-08 18:41:23.731 20349 20349 W AccessibilityNodeInfoDumper: Fetch time: 1ms
08-08 18:41:23.731  1628  1638 W WindowManager: Attempted to remove non-existing token: android.os.Binder@3ace416
08-08 18:41:23.735 20349 20349 D AndroidRuntime: Shutting down VM
08-08 18:41:24.012  1341  3721 E SurfaceFlinger: ro.sf.lcd_density must be defined as a build property
08-08 18:41:24.013  1341  1349 D gralloc_ranchu: gralloc_alloc: Creating ashmem region of size 8294400
08-08 18:41:24.022 20365 20365 D         : HostConnection::get() New Host Connection established 0xb1b9b2c0, tid 20365
