--------- beginning of main
06-29 01:15:37.139 20269 20269 D AndroidRuntime: >>>>>> START com.android.internal.os.RuntimeInit uid 2000 <<<<<<
06-29 01:15:37.141 20269 20269 D AndroidRuntime: CheckJNI is ON
06-29 01:15:37.172 20269 20269 W art     : Unexpected CPU variant for X86 using defaults: x86
06-29 01:15:37.175 20269 20269 D ICU     : No timezone override file found: /data/misc/zoneinfo/current/icu/icu_tzdata.dat
06-29 01:15:37.185 20269 20269 E memtrack: Couldn't load memtrack module (No such file or directory)
06-29 01:15:37.185 20269 20269 E android.os.Debug: failed to load memtrack module: -2
06-29 01:15:37.185 20269 20269 I Radio-JNI: register_android_hardware_Radio DONE
06-29 01:15:37.190 20269 20269 D AndroidRuntime: Calling main entry com.android.commands.pm.Pm
06-29 01:15:37.196 20269 20269 I art     : System.exit called, status: 0
06-29 01:15:37.196 20269 20269 I AndroidRuntime: VM exiting with result code 0.
06-29 01:15:37.196  2509  2509 I MicroDetectionWorker: Micro detection mode: [mDetectionMode: [1]].
06-29 01:15:37.197  2509  2509 I AudioController: Using mInputStreamFactoryBuilder
06-29 01:15:37.199  2509 20282 I MicroRecognitionRunner: Starting detection.
06-29 01:15:37.200  2509 10930 I MicrophoneInputStream: mic_starting com.google.android.apps.gsa.staticplugins.z.c@98f88bd
06-29 01:15:37.202  1422 20285 I AudioFlinger: AudioFlinger's thread 0xaea0a740 ready to run
06-29 01:15:37.202  1422  4206 E AudioFlinger: not enough memory for AudioTrack size=131296
06-29 01:15:37.202  1422  4206 D MemoryDealer:   AudioTrack (0xb011cef0, size=4194304)
06-29 01:15:37.202  1422  4206 D MemoryDealer:     0: 0xb011cf00 | 0x00000000 | 0x000200E0 | A 
06-29 01:15:37.202  1422  4206 D MemoryDealer:     1: 0xb011cf20 | 0x000200E0 | 0x000200E0 | A 
06-29 01:15:37.202  1422  4206 D MemoryDealer:     2: 0xaf830170 | 0x000401C0 | 0x000200E0 | A 
06-29 01:15:37.202  1422  4206 D MemoryDealer:     3: 0xb011ceb0 | 0x000602A0 | 0x000200E0 | A 
06-29 01:15:37.202  1422  4206 D MemoryDealer:     4: 0xae8d4250 | 0x00080380 | 0x000200E0 | A 
06-29 01:15:37.202  1422  4206 D MemoryDealer:     5: 0xae8d42f0 | 0x000A0460 | 0x000200E0 | A 
06-29 01:15:37.202  1422  4206 D MemoryDealer:     6: 0xae8d4440 | 0x000C0540 | 0x000200E0 | A 
06-29 01:15:37.202  1422  4206 D MemoryDealer:     7: 0xae8d4540 | 0x000E0620 | 0x000200E0 | A 
06-29 01:15:37.202  1422  4206 D MemoryDealer:     8: 0xae8d4710 | 0x00100700 | 0x000200E0 | A 
06-29 01:15:37.202  1422  4206 D MemoryDealer:     9: 0xae8d46c0 | 0x001207E0 | 0x000200E0 | A 
06-29 01:15:37.202  1422  4206 D MemoryDealer:    10: 0xae8d4840 | 0x001408C0 | 0x000200E0 | A 
06-29 01:15:37.202  1422  4206 D MemoryDealer:    11: 0xae8d47c0 | 0x001609A0 | 0x000200E0 | A 
06-29 01:15:37.202  1422  4206 D MemoryDealer:    12: 0xae8d4ab0 | 0x00180A80 | 0x000200E0 | A 
06-29 01:15:37.202  1422  4206 D MemoryDealer:    13: 0xaf830290 | 0x001A0B60 | 0x000200E0 | A 
06-29 01:15:37.202  1422  4206 D MemoryDealer:    14: 0xaf830480 | 0x001C0C40 | 0x000200E0 | A 
06-29 01:15:37.202  1422  4206 D MemoryDealer:    15: 0xad47a090 | 0x001E0D20 | 0x000200E0 | A 
06-29 01:15:37.202  1422  4206 D MemoryDealer:    16: 0xad47a3a0 | 0x00200E00 | 0x000200E0 | A 
06-29 01:15:37.202  1422  4206 D MemoryDealer:    17: 0xaf830680 | 0x00220EE0 | 0x000200E0 | A 
06-29 01:15:37.202  1422  4206 D MemoryDealer:    18: 0xad47a550 | 0x00240FC0 | 0x000200E0 | A 
06-29 01:15:37.202  1422  4206 D MemoryDealer:    19: 0xaf830820 | 0x002610A0 | 0x000200E0 | A 
06-29 01:15:37.202  1422  4206 D MemoryDealer:    
06-29 01:15:37.202  1422  4206 E AudioFlinger: createRecordTrack_l() initCheck failed -12; no control block?
06-29 01:15:37.203  2509 10930 E AudioRecord: AudioFlinger could not create record track, status: -12
06-29 01:15:37.207  2509 10930 E AudioRecord-JNI: Error creating AudioRecord instance: initialization check failed with status -12.
06-29 01:15:37.207  2509 10930 E android.media.AudioRecord: Error code -20 when initializing native AudioRecord object.
06-29 01:15:37.208  2509 10930 I MicrophoneInputStream: mic_started com.google.android.apps.gsa.staticplugins.z.c@98f88bd
--------- beginning of system
06-29 01:15:37.208  2509 10930 E ActivityThread: Failed to find provider info for com.google.android.apps.gsa.testing.ui.audio.recorded
06-29 01:15:37.209  2509  2509 I MicroDetectionWorker: onReady
06-29 01:15:37.217  2509 10930 I MicrophoneInputStream: mic_close com.google.android.apps.gsa.staticplugins.z.c@98f88bd
06-29 01:15:37.217  2509 20282 I MicroRecognitionRunner: Detection finished
06-29 01:15:37.217  2509 20282 W ErrorReporter: reportError [type: 211, code: 524300]: Error reading from input stream
06-29 01:15:37.217  2509  2853 I MicroRecognitionRunner: Stopping hotword detection.
06-29 01:15:37.217  2509 20282 W ErrorProcessor: onFatalError, processing error from engine(4)
06-29 01:15:37.217  2509 20282 W ErrorProcessor: com.google.android.apps.gsa.shared.speech.a.g: Error reading from input stream
06-29 01:15:37.217  2509 20282 W ErrorProcessor: 	at com.google.android.apps.gsa.staticplugins.recognizer.i.a.a(SourceFile:342)
06-29 01:15:37.217  2509 20282 W ErrorProcessor: 	at com.google.android.apps.gsa.staticplugins.recognizer.i.a$1.run(SourceFile:1367)
06-29 01:15:37.217  2509 20282 W ErrorProcessor: 	at java.util.concurrent.Executors$RunnableAdapter.call(Executors.java:428)
06-29 01:15:37.217  2509 20282 W ErrorProcessor: 	at java.util.concurrent.FutureTask.run(FutureTask.java:237)
06-29 01:15:37.217  2509 20282 W ErrorProcessor: 	at com.google.android.apps.gsa.shared.util.concurrent.a.ak.run(SourceFile:66)
06-29 01:15:37.217  2509 20282 W ErrorProcessor: 	at java.util.concurrent.ThreadPoolExecutor.runWorker(ThreadPoolExecutor.java:1133)
06-29 01:15:37.217  2509 20282 W ErrorProcessor: 	at java.util.concurrent.ThreadPoolExecutor$Worker.run(ThreadPoolExecutor.java:607)
06-29 01:15:37.217  2509 20282 W ErrorProcessor: 	at java.lang.Thread.run(Thread.java:761)
06-29 01:15:37.217  2509 20282 W ErrorProcessor: 	at com.google.android.apps.gsa.shared.util.concurrent.a.ad$1.run(SourceFile:85)
06-29 01:15:37.217  2509 20282 W ErrorProcessor: Caused by: com.google.android.apps.gsa.shared.exception.GsaIOException: Error code: 393238 | Buffer overflow, no available space.
06-29 01:15:37.217  2509 20282 W ErrorProcessor: 	at com.google.android.apps.gsa.speech.audio.Tee.g(SourceFile:2531)
06-29 01:15:37.217  2509 20282 W ErrorProcessor: 	at com.google.android.apps.gsa.speech.audio.ap.read(SourceFile:555)
06-29 01:15:37.217  2509 20282 W ErrorProcessor: 	at java.io.InputStream.read(InputStream.java:101)
06-29 01:15:37.217  2509 20282 W ErrorProcessor: 	at com.google.android.apps.gsa.speech.audio.al.run(SourceFile:362)
06-29 01:15:37.217  2509 20282 W ErrorProcessor: 	at com.google.android.apps.gsa.speech.audio.ak$1.run(SourceFile:471)
06-29 01:15:37.217  2509 20282 W ErrorProcessor: 	at java.util.concurrent.Executors$RunnableAdapter.call(Executors.java:428)
06-29 01:15:37.217  2509 20282 W ErrorProcessor: 	at java.util.concurrent.FutureTask.run(FutureTask.java:237)
06-29 01:15:37.217  2509 20282 W ErrorProcessor: 	at com.google.android.apps.gsa.shared.util.concurrent.a.ak.run(SourceFile:66)
06-29 01:15:37.217  2509 20282 W ErrorProcessor: 	at com.google.android.apps.gsa.shared.util.concurrent.a.ax.run(SourceFile:139)
06-29 01:15:37.217  2509 20282 W ErrorProcessor: 	at com.google.android.apps.gsa.shared.util.concurrent.a.ax.run(SourceFile:139)
06-29 01:15:37.217  2509 20282 W ErrorProcessor: 	... 4 more
06-29 01:15:37.217  2509 20282 I AudioController: internalShutdown
06-29 01:15:37.218  2509  2509 I MicroDetector: Keeping mic open: false
06-29 01:15:37.218  2509  2509 I MicroDetectionWorker: #onError(false)
06-29 01:15:37.218  2509 20281 I DeviceStateChecker: DeviceStateChecker cancelled
06-29 01:15:37.228  1425  1425 I         : free_cache(32402631) avail 674320384
06-29 01:15:38.245  1724  1750 W PackageParser: No actions in intent filter at /data/app/vmdl37080254.tmp/base.apk Binary XML file line #180
06-29 01:15:38.276  1724  1750 I PackageManager.DexOptimizer: Running dexopt (dex2oat) on: /data/app/vmdl37080254.tmp/base.apk pkg=org.fossasia.phimpme isa=x86 vmSafeMode=false debuggable=false target-filter=interpret-only oatDir = /data/app/vmdl37080254.tmp/oat sharedLibraries=null
06-29 01:15:38.285 20299 20299 W dex2oat : Unexpected CPU variant for X86 using defaults: x86
06-29 01:15:38.285 20299 20299 W dex2oat : Mismatch between dex2oat instruction set features (ISA: X86 Feature string: smp,-ssse3,-sse4.1,-sse4.2,-avx,-avx2,-lock_add,-popcnt) and those of dex2oat executable (ISA: X86 Feature string: smp,ssse3,-sse4.1,-sse4.2,-avx,-avx2,-lock_add,-popcnt) for the command line:
06-29 01:15:38.285 20299 20299 W dex2oat : /system/bin/dex2oat --zip-fd=6 --zip-location=base.apk --oat-fd=7 --oat-location=/data/app/vmdl37080254.tmp/oat/x86/base.odex --instruction-set=x86 --instruction-set-variant=x86 --instruction-set-features=default --runtime-arg -Xms64m --runtime-arg -Xmx512m --compiler-filter=interpret-only --swap-fd=9
06-29 01:15:38.285 20299 20299 I dex2oat : /system/bin/dex2oat --compiler-filter=interpret-only
06-29 01:15:38.569 20299 20302 W dex2oat : Before Android 4.1, method int android.support.v7.widget.ListViewCompat.lookForSelectablePosition(int, boolean) would have incorrectly overridden the package-private method in android.widget.ListView
06-29 01:15:38.596 20299 20301 W dex2oat : Before Android 4.1, method boolean com.facebook.share.widget.ShareButtonBase.canShare() would have incorrectly overridden the package-private method in android.widget.TextView
06-29 01:15:39.662 20299 20299 I dex2oat : dex2oat took 1.377s (threads: 4) arena alloc=1324KB (1356440B) java alloc=8MB (9248736B) native alloc=21MB (22113344B) free=4MB (4887488B)
06-29 01:15:39.707  1425  1425 D installd: Detected label change from u:object_r:system_data_file:s0 to u:object_r:app_data_file:s0:c512,c768 at /data/data/org.fossasia.phimpme; running recursive restorecon
06-29 01:15:39.708  1425  1425 D installd: Detected label change from u:object_r:system_data_file:s0 to u:object_r:app_data_file:s0:c512,c768 at /data/user_de/0/org.fossasia.phimpme; running recursive restorecon
06-29 01:15:39.710  1724  1750 V BackupManagerService: restoreAtInstall pkg=org.fossasia.phimpme token=5 restoreSet=0
06-29 01:15:39.710  1724  1750 V BackupManagerService: Finishing install immediately
06-29 01:15:39.711  1724  1750 I art     : Starting a blocking GC Explicit
06-29 01:15:39.726  1724  1750 I art     : Explicit concurrent mark sweep GC freed 35099(2MB) AllocSpace objects, 8(160KB) LOS objects, 25% free, 11MB/15MB, paused 174us total 15.196ms
06-29 01:15:39.726  1425  1425 E         : Couldn't opendir /data/app/vmdl37080254.tmp: No such file or directory
06-29 01:15:39.733  1724  1764 I InputReader: Reconfiguring input devices.  changes=0x00000010
06-29 01:15:39.747  1724  1737 W ResourceType: No known package when getting value for resource number 0x7f0200a8
06-29 01:15:39.747  1724  1737 W ResourceType: No known package when getting value for resource number 0x7f090120
06-29 01:15:39.747  1724  1737 W ResourceType: No known package when getting value for resource number 0x7f09011d
06-29 01:15:39.747  1724  1737 W ResourceType: No known package when getting value for resource number 0x7f090120
06-29 01:15:39.747  1724  1737 W ResourceType: No known package when getting value for resource number 0x7f0200d3
06-29 01:15:39.747  1724  1737 W ResourceType: No known package when getting value for resource number 0x7f0905c6
06-29 01:15:39.747  1724  1737 W ResourceType: No known package when getting value for resource number 0x7f0905c5
06-29 01:15:39.747  1724  1737 W ResourceType: No known package when getting value for resource number 0x7f0905c6
06-29 01:15:39.747  1724  1737 W ResourceType: No known package when getting value for resource number 0x7f02009e
06-29 01:15:39.747  1724  1737 W ResourceType: No known package when getting value for resource number 0x7f0900c2
06-29 01:15:39.747  1724  1737 W ResourceType: No known package when getting value for resource number 0x7f0900c1
06-29 01:15:39.747  1724  1737 W ResourceType: No known package when getting value for resource number 0x7f0900c2
06-29 01:15:39.762  2002  2002 D CarrierSvcBindHelper: No carrier app for: 0
06-29 01:15:39.762  2002  2002 D CarrierConfigLoader: mHandler: 9 phoneId: 0
06-29 01:15:39.766  1724  1737 W InputMethodInfo: Duplicated subtype definition found: , voice
06-29 01:15:39.781  1857 20315 W GCM     : Unexpected forwarded intent: Intent { act=android.intent.action.PACKAGE_ADDED dat=package:org.fossasia.phimpme flg=0x4000010 cmp=com.google.android.gms/.chimera.PersistentIntentOperationService (has extras) }
06-29 01:15:39.789  2202 20318 I Auth    : [SupervisedAccountIntentOperation] onHandleIntent(): android.intent.action.PACKAGE_ADDED
06-29 01:15:39.791  1857 20314 W GCM     : Unexpected forwarded intent: Intent { act=android.intent.action.PACKAGE_ADDED dat=package:org.fossasia.phimpme flg=0x4000010 cmp=com.google.android.gms/.chimera.PersistentIntentOperationService (has extras) }
06-29 01:15:39.792  2509 20321 I UpdateIcingCorporaServi: Updating corpora: APPS=org.fossasia.phimpme, CONTACTS=MAYBE
06-29 01:15:39.795  2202 20311 I ChromeSync: [Sync,SyncIntentOperation] Handling the intent: Intent { act=android.intent.action.PACKAGE_ADDED dat=package:org.fossasia.phimpme flg=0x4000010 cmp=com.google.android.gms/.chimera.GmsIntentOperationService (has extras) }.
06-29 01:15:39.809  1724  2124 W ActivityManager: Unable to start service Intent { act=com.google.android.gms.auth.key.retrieval.service.START pkg=com.google.android.gms } U=0: not found
06-29 01:15:39.810  1724  4314 W ActivityManager: Unbind failed: could not find connection for android.os.BinderProxy@adc2aef
06-29 01:15:39.810  2202  2612 E GmsClient: unable to connect to service: com.google.android.gms.auth.key.retrieval.service.START on com.google.android.gms
06-29 01:15:39.829  2202 20311 I ChromeSync: [Persistence,AffiliationManager] One of affiliation or grouping data for android://fEvXVmC_Y7LAHzP4_CuGskLjWGuvKL5udanAWclzSk1fzfA8T8pH8I2kgW0Su31xHcaQdE6eV31JVoOlrpTI6g==@org.fossasia.phimpme/ was not found. Marking affiliation data as stale...
06-29 01:15:39.870  2202  2818 I Icing   : IndexChimeraService.getServiceInterface callingPackage=com.google.android.googlequicksearchbox componentName=null serviceId=36
06-29 01:15:39.870  2202 20311 I ChimeraConfigurator: Starting update, reason: 4 urgentFeatures: pay:-1
06-29 01:15:39.871  2202 20311 E ConfigFileUtils: Failed to read config file: /data/user_de/0/com.google.android.gms/app_chimera/next_container.pb (No such file or directory)
06-29 01:15:39.883  2202 20311 I ChmraDebugLogger: [73] 1801
06-29 01:15:39.884  2202 20311 I ChmraDebugLogger: [30] [Pay.optional:202414020000] permitMetered=true,
06-29 01:15:39.886  2202 20311 W ChimeraConfigService: Retry attempt was throttled.
06-29 01:15:39.891  2202 19260 W Icing   : No valid account for uploading user actions
06-29 01:15:39.922 20308 20308 D AndroidRuntime: >>>>>> START com.android.internal.os.RuntimeInit uid 2000 <<<<<<
06-29 01:15:39.925 20308 20308 D AndroidRuntime: CheckJNI is ON
06-29 01:15:39.928  2202  2818 I Icing   : IndexChimeraService.getServiceInterface callingPackage=com.google.android.gms componentName=null serviceId=30
06-29 01:15:39.946  2202 19260 I Icing   : Usage reports ok 0, Failed Usage reports 0, indexed 0, rejected 0
06-29 01:15:39.947  2202  2821 I Icing   : IndexChimeraService.getServiceInterface callingPackage=com.google.android.gms componentName=AppsCorpus serviceId=36
06-29 01:15:39.948  2509 20321 I UpdateIcingCorporaServi: UpdateCorporaTask done [took 156 ms] updated apps [took 156 ms] 
06-29 01:15:39.950  2202 19260 W Icing   : No valid account for uploading user actions
06-29 01:15:39.954  2202 19260 I Icing   : Usage reports ok 0, Failed Usage reports 0, indexed 0, rejected 0
06-29 01:15:39.956  2202 19260 W Icing   : No valid account for uploading user actions
06-29 01:15:39.960  2202 19260 I Icing   : Usage reports ok 0, Failed Usage reports 0, indexed 0, rejected 0
06-29 01:15:39.960 20308 20308 W art     : Unexpected CPU variant for X86 using defaults: x86
06-29 01:15:39.961  2202 19260 I Icing   : Indexing com.google.android.googlequicksearchbox-applications_uri from com.google.android.googlequicksearchbox
06-29 01:15:39.962  2202  2818 I Icing   : IndexChimeraService.getServiceInterface callingPackage=com.google.android.gms componentName=null serviceId=36
06-29 01:15:39.970 20308 20308 D ICU     : No timezone override file found: /data/misc/zoneinfo/current/icu/icu_tzdata.dat
06-29 01:15:39.975  2202 19260 W Icing   : No valid account for uploading user actions
06-29 01:15:39.980 20308 20308 E memtrack: Couldn't load memtrack module (No such file or directory)
06-29 01:15:39.980 20308 20308 E android.os.Debug: failed to load memtrack module: -2
06-29 01:15:39.980 20308 20308 I Radio-JNI: register_android_hardware_Radio DONE
06-29 01:15:39.984 20308 20308 D AndroidRuntime: Calling main entry com.android.commands.monkey.Monkey
06-29 01:15:39.990  2202 19260 I Icing   : Usage reports ok 0, Failed Usage reports 0, indexed 0, rejected 0
06-29 01:15:39.997  2202 19260 I Icing   : Indexing done com.google.android.googlequicksearchbox-applications_uri
06-29 01:15:39.998  2202 19260 I Icing   : Indexing com.google.android.gms-apps from com.google.android.gms
06-29 01:15:40.000  1724  1738 W BroadcastQueue: Skipping deliver [background] BroadcastRecord{7a99c48 u-1 android.net.conn.CONNECTIVITY_CHANGE} to ReceiverList{885aae1 20308 (unknown name)/2000/u-1 remote:14cfa3a}: process crashing
06-29 01:15:40.007  1724  2450 I ActivityManager: START u0 {act=android.intent.action.MAIN cat=[android.intent.category.LAUNCHER] flg=0x10200000 cmp=org.fossasia.phimpme/.gallery.activities.SplashScreen} from uid 2000 on display 0
06-29 01:15:40.008  2202 19260 I Icing   : Indexing com.google.android.gms-internal.3p:MobileApplication from com.google.android.gms
06-29 01:15:40.012  2202 19260 I Icing   : Indexing done com.google.android.gms-apps
06-29 01:15:40.014  2202 19260 I Icing   : Indexing done com.google.android.gms-internal.3p:MobileApplication
06-29 01:15:40.021 20339 20339 W art     : Unexpected CPU variant for X86 using defaults: x86
06-29 01:15:40.024  1724  4313 I ActivityManager: Start proc 20339:org.fossasia.phimpme/u0a88 for activity org.fossasia.phimpme/.gallery.activities.SplashScreen
06-29 01:15:40.029 20308 20308 I art     : System.exit called, status: 0
06-29 01:15:40.029 20308 20308 I AndroidRuntime: VM exiting with result code 0.
06-29 01:15:40.051  1349  1376 D gralloc_ranchu: gralloc_alloc: Creating ashmem region of size 8294400
06-29 01:15:40.065 20339 20339 D FirebaseApp: com.google.firebase.auth.FirebaseAuth is not linked. Skipping initialization.
06-29 01:15:40.070 20339 20339 W InstanceID/Rpc: Found 10013
06-29 01:15:40.075 20339 20339 W DynamiteModule: Failed to load module via fast routecom.google.android.gms.dynamite.DynamiteModule$zza: V2 version check failed
06-29 01:15:40.080 20339 20339 W System  : ClassLoader referenced unknown path: /system/priv-app/PrebuiltGmsCore/lib/x86
06-29 01:15:40.081 20339 20339 D ApplicationLoaders: ignored Vulkan layer search path /system/priv-app/PrebuiltGmsCore/lib/x86:/system/priv-app/PrebuiltGmsCore/PrebuiltGmsCore.apk!/lib/x86:/system/lib:/vendor/lib for namespace 0xad534090
06-29 01:15:40.085 20339 20339 I DynamiteModule: Considering local module com.google.android.gms.flags:0 and remote module com.google.android.gms.flags:3
06-29 01:15:40.085 20339 20339 I DynamiteModule: Selected remote version of com.google.android.gms.flags, version >= 3
06-29 01:15:40.089 20339 20339 W System  : ClassLoader referenced unknown path: 
06-29 01:15:40.089 20339 20339 W System  : ClassLoader referenced unknown path: /system/priv-app/PrebuiltGmsCore/lib/x86
06-29 01:15:40.089 20339 20339 D ApplicationLoaders: ignored Vulkan layer search path /system/priv-app/PrebuiltGmsCore/lib/x86:/system/priv-app/PrebuiltGmsCore/PrebuiltGmsCore.apk!/lib/x86:/system/lib:/vendor/lib for namespace 0xad5340d0
06-29 01:15:40.095 20339 20339 W System  : ClassLoader referenced unknown path: /data/user_de/0/com.google.android.gms/app_chimera/m/00000004/n/x86
06-29 01:15:40.096  2509  2719 D EGL_emulation: eglMakeCurrent: 0xad3053c0: ver 3 0 (tinfo 0xad303360)
06-29 01:15:40.096  2569  2640 D EGL_emulation: eglMakeCurrent: 0xa9605160: ver 3 0 (tinfo 0x9d999ea0)
06-29 01:15:40.111 20339 20339 W DynamiteModule: Local module descriptor class for com.google.android.gms.crash not found.
06-29 01:15:40.114 20339 20339 W DynamiteModule: Failed to load module via fast routecom.google.android.gms.dynamite.DynamiteModule$zza: V2 version check failed
06-29 01:15:40.114 20339 20339 W DynamiteModule: Local module descriptor class for com.google.android.gms.crash not found.
06-29 01:15:40.116 20339 20339 I DynamiteModule: Considering local module com.google.android.gms.crash:0 and remote module com.google.android.gms.crash:215
06-29 01:15:40.116 20339 20339 I DynamiteModule: Selected remote version of com.google.android.gms.crash, version >= 215
06-29 01:15:40.117  2509  2509 W SearchService: Abort, client detached.
06-29 01:15:40.121 20339 20339 I FirebaseCrashApiImpl: FirebaseCrashApiImpl created by ClassLoader cwl[DexPathList[[zip file "/system/priv-app/PrebuiltGmsCore/app_chimera/m/DynamiteModulesC.apk"],nativeLibraryDirectories=[/data/user_de/0/com.google.android.gms/app_chimera/m/00000004/n/x86, /system/lib, /vendor/lib]]]
06-29 01:15:40.128 20339 20339 I DynamiteModule: Considering local module com.google.android.gms.flags:2 and remote module com.google.android.gms.flags:3
06-29 01:15:40.128 20339 20339 I DynamiteModule: Selected remote version of com.google.android.gms.flags, version >= 3
06-29 01:15:40.132 20339 20339 W DynamiteModule: Local module descriptor class for com.google.android.gms.crash not found.
06-29 01:15:40.154 20339 20339 I FirebaseCrashApiImpl: FirebaseCrash reporting API initialized
06-29 01:15:40.156 20339 20339 I FA      : App measurement is starting up, version: 10084
06-29 01:15:40.156 20339 20339 I FA      : To enable debug logging run: adb shell setprop log.tag.FA VERBOSE
06-29 01:15:40.160 20339 20339 I FA      : To enable faster debug mode event logging run:
06-29 01:15:40.160 20339 20339 I FA      :   adb shell setprop debug.firebase.analytics.app org.fossasia.phimpme
06-29 01:15:40.164 20339 20339 I FirebaseCrash: FirebaseCrash reporting initialized com.google.android.gms.internal.zzbks@20b3076
06-29 01:15:40.164 20339 20339 I FirebaseInitProvider: FirebaseApp initialization successful
06-29 01:15:40.185 20339 20339 I MultiDex: VM with version 2.1.0 has multidex support
06-29 01:15:40.185 20339 20339 I MultiDex: install
06-29 01:15:40.185 20339 20339 I MultiDex: VM has multidex support, MultiDex support library is disabled.
06-29 01:15:40.186 20339 20360 D NetworkSecurityConfig: No Network Security Config specified, using platform default
06-29 01:15:40.200 20339 20372 I stetho  : Listening on @stetho_org.fossasia.phimpme_devtools_remote
06-29 01:15:40.214 20339 20339 I AppCompatViewInflater: app:theme is now deprecated. Please move to using android:theme instead.
06-29 01:15:40.219 20339 20339 I ViewConfigCompat: Could not find method getScaledScrollFactor() on ViewConfiguration
06-29 01:15:40.269  1724  2966 I ActivityManager: START u0 {act=android.content.pm.action.REQUEST_PERMISSIONS pkg=com.google.android.packageinstaller cmp=com.google.android.packageinstaller/com.android.packageinstaller.permission.ui.GrantPermissionsActivity (has extras)} from uid 10088 on display 0
06-29 01:15:40.285  1349  2197 E SurfaceFlinger: ro.sf.lcd_density must be defined as a build property
06-29 01:15:40.295 20339 20339 D         : HostConnection::get() New Host Connection established 0x9d9d2b40, tid 20339
06-29 01:15:40.304 20375 20375 W art     : Unexpected CPU variant for X86 using defaults: x86
06-29 01:15:40.311  1724  3301 I ActivityManager: Start proc 20375:com.google.android.packageinstaller/u0a18 for activity com.google.android.packageinstaller/com.android.packageinstaller.permission.ui.GrantPermissionsActivity
06-29 01:15:40.339 20375 20375 W System  : ClassLoader referenced unknown path: /system/priv-app/GooglePackageInstaller/lib/x86
06-29 01:15:40.347 20339 20373 D         : HostConnection::get() New Host Connection established 0x9d9d2d40, tid 20373
06-29 01:15:40.348 20339 20373 I OpenGLRenderer: Initialized EGL, version 1.4
06-29 01:15:40.348 20339 20373 D OpenGLRenderer: Swap behavior 1
06-29 01:15:40.349 20339 20373 W OpenGLRenderer: Failed to choose config with EGL_SWAP_BEHAVIOR_PRESERVED, retrying without...
06-29 01:15:40.349 20339 20373 D OpenGLRenderer: Swap behavior 0
06-29 01:15:40.351 20339 20373 D EGL_emulation: eglCreateContext: 0xad305a80: maj 3 min 0 rcv 3
06-29 01:15:40.352 20339 20373 D EGL_emulation: eglMakeCurrent: 0xad305a80: ver 3 0 (tinfo 0xad303360)
06-29 01:15:40.366 20339 20373 D EGL_emulation: eglMakeCurrent: 0xad305a80: ver 3 0 (tinfo 0xad303360)
06-29 01:15:40.409 20339 20360 D GraphRequest: Warning: Request without access token missing application ID or client token.
06-29 01:15:40.428  2202 20393 I FA-SVC  : Install Referrer Reporter is not available
06-29 01:15:40.435  1349  1363 E SurfaceFlinger: ro.sf.lcd_density must be defined as a build property
06-29 01:15:40.438 20375 20375 D         : HostConnection::get() New Host Connection established 0x9d98c000, tid 20375
06-29 01:15:40.448  1857  2245 W Conscrypt: Could not set socket write timeout: java.net.SocketException: Socket closed
06-29 01:15:40.448  1857  2245 W Conscrypt: 	at com.google.android.gms.org.conscrypt.Platform.setSocketWriteTimeout(:com.google.android.gms@202414022@20.24.14 (040700-319035315):2)
06-29 01:15:40.448  1857  2245 W Conscrypt: 	at com.google.android.gms.org.conscrypt.ConscryptFileDescriptorSocket.setSoWriteTimeout(:com.google.android.gms@202414022@20.24.14 (040700-319035315):0)
06-29 01:15:40.462  1857  2245 W Conscrypt: Could not set socket write timeout: java.net.SocketException: Socket closed
06-29 01:15:40.463  1857  2245 W Conscrypt: 	at com.google.android.gms.org.conscrypt.Platform.setSocketWriteTimeout(:com.google.android.gms@202414022@20.24.14 (040700-319035315):2)
06-29 01:15:40.463  1857  2245 W Conscrypt: 	at com.google.android.gms.org.conscrypt.ConscryptFileDescriptorSocket.setSoWriteTimeout(:com.google.android.gms@202414022@20.24.14 (040700-319035315):0)
06-29 01:15:40.464 20375 20395 D         : HostConnection::get() New Host Connection established 0x9d98c840, tid 20395
06-29 01:15:40.465 20375 20395 I OpenGLRenderer: Initialized EGL, version 1.4
06-29 01:15:40.465 20375 20395 D OpenGLRenderer: Swap behavior 1
06-29 01:15:40.465 20375 20395 W OpenGLRenderer: Failed to choose config with EGL_SWAP_BEHAVIOR_PRESERVED, retrying without...
06-29 01:15:40.465 20375 20395 D OpenGLRenderer: Swap behavior 0
06-29 01:15:40.472 20375 20395 D EGL_emulation: eglCreateContext: 0x9fb56660: maj 3 min 0 rcv 3
06-29 01:15:40.481 20375 20395 D EGL_emulation: eglMakeCurrent: 0x9fb56660: ver 3 0 (tinfo 0x9dc702a0)
06-29 01:15:40.490 20375 20395 D EGL_emulation: eglMakeCurrent: 0x9fb56660: ver 3 0 (tinfo 0x9dc702a0)
06-29 01:15:40.541  1724  1745 I ActivityManager: Displayed com.google.android.packageinstaller/com.android.packageinstaller.permission.ui.GrantPermissionsActivity: +242ms (total +529ms)
06-29 01:15:40.761  1349  1349 W SurfaceFlinger: couldn't log to binary event log: overflow.
06-29 01:15:40.917  1857  2245 I NetworkScheduler.Stats: Task com.google.android.gms/com.google.android.gms.measurement.PackageMeasurementTaskService started execution. cause:1 exec_start_elapsed_seconds: 7165 [CONTEXT service_id=218 ]
06-29 01:15:40.979  2202  3410 W FA-SVC  : Interrupted in onRunTask while uploading
06-29 01:15:41.198  1857 17103 E NetworkScheduler.ATC: Called cancelTask for already completed task com.google.android.gms/.measurement.PackageMeasurementTaskService{u=0 tag="Measurement.PackageMeasurementTaskService.UPLOAD_TASK_TAG" trigger=window{start=0s,end=2s,earliest=0s,latest=1s} requirements=[NET_CONNECTED] attributes=[PERSISTED] scheduled=0s last_run=0s jid=N/A status=ACTIVE retries=0 client_lib=GMS_TASK_SCHEDULER-202414000} :1 [CONTEXT service_id=218 ]
06-29 01:15:41.203  1857  2245 E NetworkScheduler.ATC: Called cancelTask for already completed task com.google.android.gms/.measurement.PackageMeasurementTaskService{u=0 tag="Measurement.PackageMeasurementTaskService.UPLOAD_TASK_TAG" trigger=window{start=0s,end=2s,earliest=0s,latest=1s} requirements=[NET_CONNECTED] attributes=[PERSISTED] scheduled=0s last_run=0s jid=N/A status=ACTIVE retries=0 client_lib=GMS_TASK_SCHEDULER-202414000} :1 [CONTEXT service_id=218 ]
06-29 01:15:43.052  1724  1841 E TaskPersister: File error accessing recents directory (directory doesn't exist?).
06-29 01:15:43.057 20339 20339 D splashscreen: Gif animation completed
06-29 01:15:48.092 20339 20404 I FirebaseCrash: Sending crashes
06-29 01:15:55.176 20407 20407 D AndroidRuntime: >>>>>> START com.android.internal.os.RuntimeInit uid 2000 <<<<<<
06-29 01:15:55.178 20407 20407 D AndroidRuntime: CheckJNI is ON
06-29 01:15:55.197 20407 20407 W art     : Unexpected CPU variant for X86 using defaults: x86
06-29 01:15:55.202 20407 20407 D ICU     : No timezone override file found: /data/misc/zoneinfo/current/icu/icu_tzdata.dat
06-29 01:15:55.213 20407 20407 E memtrack: Couldn't load memtrack module (No such file or directory)
06-29 01:15:55.213 20407 20407 E android.os.Debug: failed to load memtrack module: -2
06-29 01:15:55.214 20407 20407 I Radio-JNI: register_android_hardware_Radio DONE
06-29 01:15:55.218 20407 20407 D AndroidRuntime: Calling main entry com.android.commands.content.Content
06-29 01:15:55.221 20407 20407 D AndroidRuntime: Shutting down VM
06-29 01:15:55.394 20417 20417 D AndroidRuntime: >>>>>> START com.android.internal.os.RuntimeInit uid 2000 <<<<<<
06-29 01:15:55.395 20417 20417 D AndroidRuntime: CheckJNI is ON
06-29 01:15:55.418 20417 20417 W art     : Unexpected CPU variant for X86 using defaults: x86
06-29 01:15:55.420 20417 20417 D ICU     : No timezone override file found: /data/misc/zoneinfo/current/icu/icu_tzdata.dat
06-29 01:15:55.430 20417 20417 E memtrack: Couldn't load memtrack module (No such file or directory)
06-29 01:15:55.430 20417 20417 E android.os.Debug: failed to load memtrack module: -2
06-29 01:15:55.431 20417 20417 I Radio-JNI: register_android_hardware_Radio DONE
06-29 01:15:55.436 20417 20417 D AndroidRuntime: Calling main entry com.android.commands.content.Content
06-29 01:15:55.439 20417 20417 D AndroidRuntime: Shutting down VM
06-29 01:15:56.281 20444 20444 D AndroidRuntime: >>>>>> START com.android.internal.os.RuntimeInit uid 2000 <<<<<<
06-29 01:15:56.282 20444 20444 D AndroidRuntime: CheckJNI is ON
06-29 01:15:56.302 20444 20444 W art     : Unexpected CPU variant for X86 using defaults: x86
06-29 01:15:56.304 20444 20444 D ICU     : No timezone override file found: /data/local/tmp/misc/zoneinfo/current/icu/icu_tzdata.dat
06-29 01:15:56.316 20444 20444 E memtrack: Couldn't load memtrack module (No such file or directory)
06-29 01:15:56.316 20444 20444 E android.os.Debug: failed to load memtrack module: -2
06-29 01:15:56.316 20444 20444 I Radio-JNI: register_android_hardware_Radio DONE
06-29 01:15:56.320 20444 20444 D AndroidRuntime: Calling main entry com.android.commands.uiautomator.Launcher
06-29 01:15:57.341 20444 20444 W AccessibilityNodeInfoDumper: Fetch time: 2ms
06-29 01:15:57.342  1724  4312 W WindowManager: Attempted to remove non-existing token: android.os.Binder@f068c38
06-29 01:15:57.345 20444 20444 D AndroidRuntime: Shutting down VM
06-29 01:15:57.618 20461 20461 D AndroidRuntime: >>>>>> START com.android.internal.os.RuntimeInit uid 2000 <<<<<<
06-29 01:15:57.620 20461 20461 D AndroidRuntime: CheckJNI is ON
06-29 01:15:57.636 20461 20461 W art     : Unexpected CPU variant for X86 using defaults: x86
06-29 01:15:57.640 20461 20461 D ICU     : No timezone override file found: /data/local/tmp/misc/zoneinfo/current/icu/icu_tzdata.dat
06-29 01:15:57.652 20461 20461 E memtrack: Couldn't load memtrack module (No such file or directory)
06-29 01:15:57.652 20461 20461 E android.os.Debug: failed to load memtrack module: -2
06-29 01:15:57.652 20461 20461 I Radio-JNI: register_android_hardware_Radio DONE
06-29 01:15:57.656 20461 20461 D AndroidRuntime: Calling main entry com.android.commands.uiautomator.Launcher
06-29 01:15:58.686 20461 20461 W AccessibilityNodeInfoDumper: Fetch time: 5ms
06-29 01:15:58.689  1724  3301 W WindowManager: Attempted to remove non-existing token: android.os.Binder@eb433e4
06-29 01:15:58.717 20461 20461 D AndroidRuntime: Shutting down VM
06-29 01:15:59.759 20487 20487 D AndroidRuntime: >>>>>> START com.android.internal.os.RuntimeInit uid 2000 <<<<<<
06-29 01:15:59.762 20487 20487 D AndroidRuntime: CheckJNI is ON
06-29 01:15:59.819 20487 20487 W art     : Unexpected CPU variant for X86 using defaults: x86
06-29 01:15:59.823 20487 20487 D ICU     : No timezone override file found: /data/local/tmp/misc/zoneinfo/current/icu/icu_tzdata.dat
06-29 01:15:59.845 20487 20487 E memtrack: Couldn't load memtrack module (No such file or directory)
06-29 01:15:59.845 20487 20487 E android.os.Debug: failed to load memtrack module: -2
06-29 01:15:59.847 20487 20487 I Radio-JNI: register_android_hardware_Radio DONE
06-29 01:15:59.856 20487 20487 D AndroidRuntime: Calling main entry com.android.commands.uiautomator.Launcher
06-29 01:16:00.879 20487 20487 W AccessibilityNodeInfoDumper: Fetch time: 3ms
06-29 01:16:00.880  1724  4117 W WindowManager: Attempted to remove non-existing token: android.os.Binder@1448702
06-29 01:16:00.898 20487 20487 D AndroidRuntime: Shutting down VM
06-29 01:16:01.784 20519 20519 D AndroidRuntime: >>>>>> START com.android.internal.os.RuntimeInit uid 2000 <<<<<<
06-29 01:16:01.787 20519 20519 D AndroidRuntime: CheckJNI is ON
06-29 01:16:01.808 20519 20519 W art     : Unexpected CPU variant for X86 using defaults: x86
06-29 01:16:01.811 20519 20519 D ICU     : No timezone override file found: /data/local/tmp/misc/zoneinfo/current/icu/icu_tzdata.dat
06-29 01:16:01.823 20519 20519 E memtrack: Couldn't load memtrack module (No such file or directory)
06-29 01:16:01.823 20519 20519 E android.os.Debug: failed to load memtrack module: -2
06-29 01:16:01.823 20519 20519 I Radio-JNI: register_android_hardware_Radio DONE
06-29 01:16:01.828 20519 20519 D AndroidRuntime: Calling main entry com.android.commands.uiautomator.Launcher
06-29 01:16:02.843 20519 20519 W AccessibilityNodeInfoDumper: Fetch time: 2ms
06-29 01:16:02.844  1724  1751 W WindowManager: Attempted to remove non-existing token: android.os.Binder@572aa50
06-29 01:16:02.863 20519 20519 D AndroidRuntime: Shutting down VM
06-29 01:16:03.140 20539 20539 D AndroidRuntime: >>>>>> START com.android.internal.os.RuntimeInit uid 2000 <<<<<<
06-29 01:16:03.142 20539 20539 D AndroidRuntime: CheckJNI is ON
06-29 01:16:03.162 20539 20539 W art     : Unexpected CPU variant for X86 using defaults: x86
06-29 01:16:03.164 20539 20539 D ICU     : No timezone override file found: /data/local/tmp/misc/zoneinfo/current/icu/icu_tzdata.dat
06-29 01:16:03.177 20539 20539 E memtrack: Couldn't load memtrack module (No such file or directory)
06-29 01:16:03.177 20539 20539 E android.os.Debug: failed to load memtrack module: -2
06-29 01:16:03.178 20539 20539 I Radio-JNI: register_android_hardware_Radio DONE
06-29 01:16:03.182 20539 20539 D AndroidRuntime: Calling main entry com.android.commands.uiautomator.Launcher
06-29 01:16:04.200 20539 20539 W AccessibilityNodeInfoDumper: Fetch time: 3ms
06-29 01:16:04.201  1724  1736 W WindowManager: Attempted to remove non-existing token: android.os.Binder@f8114e
06-29 01:16:04.215 20539 20539 D AndroidRuntime: Shutting down VM
06-29 01:16:04.306  1349  2197 E SurfaceFlinger: ro.sf.lcd_density must be defined as a build property
06-29 01:16:04.308  1349  2134 D gralloc_ranchu: gralloc_alloc: Creating ashmem region of size 8294400
06-29 01:16:04.317 20551 20551 D         : HostConnection::get() New Host Connection established 0xb329b2c0, tid 20551
06-29 01:16:04.567 20556 20556 D AndroidRuntime: >>>>>> START com.android.internal.os.RuntimeInit uid 2000 <<<<<<
06-29 01:16:04.569 20556 20556 D AndroidRuntime: CheckJNI is ON
06-29 01:16:04.600 20556 20556 W art     : Unexpected CPU variant for X86 using defaults: x86
06-29 01:16:04.603 20556 20556 D ICU     : No timezone override file found: /data/misc/zoneinfo/current/icu/icu_tzdata.dat
06-29 01:16:04.614 20556 20556 E memtrack: Couldn't load memtrack module (No such file or directory)
06-29 01:16:04.614 20556 20556 E android.os.Debug: failed to load memtrack module: -2
06-29 01:16:04.615 20556 20556 I Radio-JNI: register_android_hardware_Radio DONE
06-29 01:16:04.619 20556 20556 D AndroidRuntime: Calling main entry com.android.commands.am.Am
06-29 01:16:04.628 17266 17266 D MediaScannerReceiver: action: android.intent.action.MEDIA_SCANNER_SCAN_FILE path: /storage/emulated/0/screen.png
06-29 01:16:04.631 20556 20556 D AndroidRuntime: Shutting down VM
06-29 01:16:06.860 20570 20570 D AndroidRuntime: >>>>>> START com.android.internal.os.RuntimeInit uid 2000 <<<<<<
06-29 01:16:06.861 20570 20570 D AndroidRuntime: CheckJNI is ON
06-29 01:16:06.882 20570 20570 W art     : Unexpected CPU variant for X86 using defaults: x86
06-29 01:16:06.884 20570 20570 D ICU     : No timezone override file found: /data/local/tmp/misc/zoneinfo/current/icu/icu_tzdata.dat
06-29 01:16:06.898 20570 20570 E memtrack: Couldn't load memtrack module (No such file or directory)
06-29 01:16:06.898 20570 20570 E android.os.Debug: failed to load memtrack module: -2
06-29 01:16:06.899 20570 20570 I Radio-JNI: register_android_hardware_Radio DONE
06-29 01:16:06.903 20570 20570 D AndroidRuntime: Calling main entry com.android.commands.uiautomator.Launcher
06-29 01:16:07.921 20570 20570 W AccessibilityNodeInfoDumper: Fetch time: 3ms
06-29 01:16:07.922  1724  2195 W WindowManager: Attempted to remove non-existing token: android.os.Binder@9b2a68b
06-29 01:16:07.931 20570 20570 D AndroidRuntime: Shutting down VM
06-29 01:16:10.156  2509 10932 W GmsLocationProvider: Error removing location updates: 16
06-29 01:16:10.161 20587 20587 D AndroidRuntime: >>>>>> START com.android.internal.os.RuntimeInit uid 2000 <<<<<<
06-29 01:16:10.162 20587 20587 D AndroidRuntime: CheckJNI is ON
06-29 01:16:10.179 20587 20587 W art     : Unexpected CPU variant for X86 using defaults: x86
06-29 01:16:10.181 20587 20587 D ICU     : No timezone override file found: /data/local/tmp/misc/zoneinfo/current/icu/icu_tzdata.dat
06-29 01:16:10.192 20587 20587 E memtrack: Couldn't load memtrack module (No such file or directory)
06-29 01:16:10.192 20587 20587 E android.os.Debug: failed to load memtrack module: -2
06-29 01:16:10.193 20587 20587 I Radio-JNI: register_android_hardware_Radio DONE
06-29 01:16:10.197 20587 20587 D AndroidRuntime: Calling main entry com.android.commands.uiautomator.Launcher
06-29 01:16:11.211 20587 20587 W AccessibilityNodeInfoDumper: Fetch time: 2ms
06-29 01:16:11.212  1724  4312 W WindowManager: Attempted to remove non-existing token: android.os.Binder@480381
06-29 01:16:11.232 20587 20587 D AndroidRuntime: Shutting down VM
06-29 01:16:11.471 20604 20604 D AndroidRuntime: >>>>>> START com.android.internal.os.RuntimeInit uid 2000 <<<<<<
06-29 01:16:11.472 20604 20604 D AndroidRuntime: CheckJNI is ON
06-29 01:16:11.493 20604 20604 W art     : Unexpected CPU variant for X86 using defaults: x86
06-29 01:16:11.496 20604 20604 D ICU     : No timezone override file found: /data/local/tmp/misc/zoneinfo/current/icu/icu_tzdata.dat
06-29 01:16:11.509 20604 20604 E memtrack: Couldn't load memtrack module (No such file or directory)
06-29 01:16:11.509 20604 20604 E android.os.Debug: failed to load memtrack module: -2
06-29 01:16:11.510 20604 20604 I Radio-JNI: register_android_hardware_Radio DONE
06-29 01:16:11.514 20604 20604 D AndroidRuntime: Calling main entry com.android.commands.uiautomator.Launcher
06-29 01:16:12.534 20604 20604 W AccessibilityNodeInfoDumper: Fetch time: 3ms
06-29 01:16:12.535  1724  1751 W WindowManager: Attempted to remove non-existing token: android.os.Binder@d232067
06-29 01:16:12.552 20604 20604 D AndroidRuntime: Shutting down VM
06-29 01:16:12.791 20621 20621 D AndroidRuntime: >>>>>> START com.android.internal.os.RuntimeInit uid 2000 <<<<<<
06-29 01:16:12.793 20621 20621 D AndroidRuntime: CheckJNI is ON
06-29 01:16:12.811 20621 20621 W art     : Unexpected CPU variant for X86 using defaults: x86
06-29 01:16:12.814 20621 20621 D ICU     : No timezone override file found: /data/local/tmp/misc/zoneinfo/current/icu/icu_tzdata.dat
06-29 01:16:12.825 20621 20621 E memtrack: Couldn't load memtrack module (No such file or directory)
06-29 01:16:12.825 20621 20621 E android.os.Debug: failed to load memtrack module: -2
06-29 01:16:12.825 20621 20621 I Radio-JNI: register_android_hardware_Radio DONE
06-29 01:16:12.829 20621 20621 D AndroidRuntime: Calling main entry com.android.commands.uiautomator.Launcher
06-29 01:16:13.846 20621 20621 W AccessibilityNodeInfoDumper: Fetch time: 2ms
06-29 01:16:13.847  1724  1735 W WindowManager: Attempted to remove non-existing token: android.os.Binder@7375c03
06-29 01:16:13.870 20621 20621 D AndroidRuntime: Shutting down VM
06-29 01:16:14.113 20638 20638 D AndroidRuntime: >>>>>> START com.android.internal.os.RuntimeInit uid 2000 <<<<<<
06-29 01:16:14.115 20638 20638 D AndroidRuntime: CheckJNI is ON
06-29 01:16:14.134 20638 20638 W art     : Unexpected CPU variant for X86 using defaults: x86
06-29 01:16:14.136 20638 20638 D ICU     : No timezone override file found: /data/misc/zoneinfo/current/icu/icu_tzdata.dat
06-29 01:16:14.147 20638 20638 E memtrack: Couldn't load memtrack module (No such file or directory)
06-29 01:16:14.147 20638 20638 E android.os.Debug: failed to load memtrack module: -2
06-29 01:16:14.148 20638 20638 I Radio-JNI: register_android_hardware_Radio DONE
06-29 01:16:14.152 20638 20638 D AndroidRuntime: Calling main entry com.android.commands.monkey.Monkey
06-29 01:16:14.169  1724  1738 W BroadcastQueue: Skipping deliver [background] BroadcastRecord{9c9b55f u-1 android.net.conn.CONNECTIVITY_CHANGE} to ReceiverList{69f5bac 20638 (unknown name)/2000/u-1 remote:6d0a1b9}: process crashing
06-29 01:16:14.175  1724  4312 I ActivityManager: START u0 {act=android.intent.action.MAIN cat=[android.intent.category.LAUNCHER] flg=0x10200000 cmp=org.fossasia.phimpme/.gallery.activities.SplashScreen} from uid 2000 on display 0
06-29 01:16:14.214 20638 20638 I art     : System.exit called, status: 0
06-29 01:16:14.214 20638 20638 I AndroidRuntime: VM exiting with result code 0.
06-29 01:16:15.348  1724  1815 D WifiNative-HAL: Failing getSupportedFeatureset because HAL isn't started
06-29 01:16:15.349  1724  1741 E BluetoothAdapter: Bluetooth binder is null
06-29 01:16:15.350  1724  1741 E BatteryStatsService: no controller energy info supplied
06-29 01:16:15.353  1724  1741 E KernelCpuSpeedReader: Failed to read cpu-freq: /sys/devices/system/cpu/cpu0/cpufreq/stats/time_in_state (No such file or directory)
06-29 01:16:15.354  1724  1741 E KernelUidCpuTimeReader: Failed to read uid_cputime: /proc/uid_cputime/show_uid_stat (No such file or directory)
06-29 01:16:15.354  1724  1741 E BatteryStatsService: modem info is invalid: ModemActivityInfo{ mTimestamp=0 mSleepTimeMs=0 mIdleTimeMs=0 mTxTimeMs[]=[0, 0, 0, 0, 0] mRxTimeMs=0 mEnergyUsed=0}
06-29 01:16:17.191  1724  1841 E TaskPersister: File error accessing recents directory (directory doesn't exist?).
06-29 01:16:29.454 20657 20657 D AndroidRuntime: >>>>>> START com.android.internal.os.RuntimeInit uid 2000 <<<<<<
06-29 01:16:29.456 20657 20657 D AndroidRuntime: CheckJNI is ON
06-29 01:16:29.487 20657 20657 W art     : Unexpected CPU variant for X86 using defaults: x86
06-29 01:16:29.490 20657 20657 D ICU     : No timezone override file found: /data/local/tmp/misc/zoneinfo/current/icu/icu_tzdata.dat
06-29 01:16:29.503 20657 20657 E memtrack: Couldn't load memtrack module (No such file or directory)
06-29 01:16:29.503 20657 20657 E android.os.Debug: failed to load memtrack module: -2
06-29 01:16:29.503 20657 20657 I Radio-JNI: register_android_hardware_Radio DONE
06-29 01:16:29.507 20657 20657 D AndroidRuntime: Calling main entry com.android.commands.uiautomator.Launcher
06-29 01:16:30.528 20657 20657 W AccessibilityNodeInfoDumper: Fetch time: 2ms
06-29 01:16:30.529  1724  2966 W WindowManager: Attempted to remove non-existing token: android.os.Binder@1006b29
06-29 01:16:30.550 20657 20657 D AndroidRuntime: Shutting down VM
06-29 01:16:30.736 20669 20669 D AndroidRuntime: >>>>>> START com.android.internal.os.RuntimeInit uid 2000 <<<<<<
06-29 01:16:30.737 20669 20669 D AndroidRuntime: CheckJNI is ON
06-29 01:16:30.754 20669 20669 W art     : Unexpected CPU variant for X86 using defaults: x86
06-29 01:16:30.757 20669 20669 D ICU     : No timezone override file found: /data/misc/zoneinfo/current/icu/icu_tzdata.dat
06-29 01:16:30.768 20669 20669 E memtrack: Couldn't load memtrack module (No such file or directory)
06-29 01:16:30.768 20669 20669 E android.os.Debug: failed to load memtrack module: -2
06-29 01:16:30.768 20669 20669 I Radio-JNI: register_android_hardware_Radio DONE
06-29 01:16:30.774 20669 20669 D AndroidRuntime: Calling main entry com.android.commands.input.Input
06-29 01:16:30.778 20669 20669 I Input   : injectMotionEvent: MotionEvent { action=ACTION_DOWN, actionButton=0, id[0]=0, x[0]=607.0, y[0]=1080.0, toolType[0]=TOOL_TYPE_UNKNOWN, buttonState=0, metaState=0, flags=0x0, edgeFlags=0x0, pointerCount=1, historySize=0, eventTime=7215448, downTime=7215448, deviceId=0, source=0x1002 }
06-29 01:16:30.780 20669 20669 I Input   : injectMotionEvent: MotionEvent { action=ACTION_UP, actionButton=0, id[0]=0, x[0]=607.0, y[0]=1080.0, toolType[0]=TOOL_TYPE_UNKNOWN, buttonState=0, metaState=0, flags=0x0, edgeFlags=0x0, pointerCount=1, historySize=0, eventTime=7215448, downTime=7215448, deviceId=0, source=0x1002 }
06-29 01:16:30.781 20669 20669 D AndroidRuntime: Shutting down VM
06-29 01:16:30.807  1422  1448 W audio_hw_generic: Not supplying enough data to HAL, expected position 2781643 , only wrote 2781360
06-29 01:16:30.879 20375 20395 D EGL_emulation: eglMakeCurrent: 0x9fb56660: ver 3 0 (tinfo 0x9dc702a0)
06-29 01:16:31.095  1349  1349 W SurfaceFlinger: couldn't log to binary event log: overflow.
06-29 01:16:34.018  1422  1449 W audio_hw_generic: Not supplying enough data to HAL, expected position 3087528 , only wrote 2935440
06-29 01:16:35.161 20700 20700 D AndroidRuntime: >>>>>> START com.android.internal.os.RuntimeInit uid 2000 <<<<<<
06-29 01:16:35.163 20700 20700 D AndroidRuntime: CheckJNI is ON
06-29 01:16:35.182 20700 20700 W art     : Unexpected CPU variant for X86 using defaults: x86
06-29 01:16:35.184 20700 20700 D ICU     : No timezone override file found: /data/local/tmp/misc/zoneinfo/current/icu/icu_tzdata.dat
06-29 01:16:35.195 20700 20700 E memtrack: Couldn't load memtrack module (No such file or directory)
06-29 01:16:35.195 20700 20700 E android.os.Debug: failed to load memtrack module: -2
06-29 01:16:35.196 20700 20700 I Radio-JNI: register_android_hardware_Radio DONE
06-29 01:16:35.199 20700 20700 D AndroidRuntime: Calling main entry com.android.commands.uiautomator.Launcher
06-29 01:16:36.220 20700 20700 W AccessibilityNodeInfoDumper: Fetch time: 2ms
06-29 01:16:36.221  1724  2559 W WindowManager: Attempted to remove non-existing token: android.os.Binder@4e95661
06-29 01:16:36.225 20700 20700 D AndroidRuntime: Shutting down VM
06-29 01:16:37.052 20726 20726 D AndroidRuntime: >>>>>> START com.android.internal.os.RuntimeInit uid 2000 <<<<<<
06-29 01:16:37.053 20726 20726 D AndroidRuntime: CheckJNI is ON
06-29 01:16:37.071 20726 20726 W art     : Unexpected CPU variant for X86 using defaults: x86
06-29 01:16:37.074 20726 20726 D ICU     : No timezone override file found: /data/local/tmp/misc/zoneinfo/current/icu/icu_tzdata.dat
06-29 01:16:37.085 20726 20726 E memtrack: Couldn't load memtrack module (No such file or directory)
06-29 01:16:37.085 20726 20726 E android.os.Debug: failed to load memtrack module: -2
06-29 01:16:37.086 20726 20726 I Radio-JNI: register_android_hardware_Radio DONE
06-29 01:16:37.090 20726 20726 D AndroidRuntime: Calling main entry com.android.commands.uiautomator.Launcher
06-29 01:16:38.107 20726 20726 W AccessibilityNodeInfoDumper: Fetch time: 2ms
06-29 01:16:38.107  1724  2195 W WindowManager: Attempted to remove non-existing token: android.os.Binder@8ca7674
06-29 01:16:38.110 20726 20726 D AndroidRuntime: Shutting down VM
06-29 01:16:38.338 20744 20744 D AndroidRuntime: >>>>>> START com.android.internal.os.RuntimeInit uid 2000 <<<<<<
06-29 01:16:38.340 20744 20744 D AndroidRuntime: CheckJNI is ON
06-29 01:16:38.357 20744 20744 W art     : Unexpected CPU variant for X86 using defaults: x86
06-29 01:16:38.360 20744 20744 D ICU     : No timezone override file found: /data/local/tmp/misc/zoneinfo/current/icu/icu_tzdata.dat
06-29 01:16:38.371 20744 20744 E memtrack: Couldn't load memtrack module (No such file or directory)
06-29 01:16:38.371 20744 20744 E android.os.Debug: failed to load memtrack module: -2
06-29 01:16:38.371 20744 20744 I Radio-JNI: register_android_hardware_Radio DONE
06-29 01:16:38.375 20744 20744 D AndroidRuntime: Calling main entry com.android.commands.uiautomator.Launcher
06-29 01:16:39.388 20744 20744 W AccessibilityNodeInfoDumper: Fetch time: 2ms
06-29 01:16:39.389  1724  2559 W WindowManager: Attempted to remove non-existing token: android.os.Binder@7907412
