--------- beginning of main
11-10 16:05:35.461 18738 18738 D AndroidRuntime: >>>>>> START com.android.internal.os.RuntimeInit uid 2000 <<<<<<
11-10 16:05:35.464 18738 18738 D AndroidRuntime: CheckJNI is ON
11-10 16:05:35.517 18738 18738 W art     : Unexpected CPU variant for X86 using defaults: x86
11-10 16:05:35.521 18738 18738 D ICU     : No timezone override file found: /data/misc/zoneinfo/current/icu/icu_tzdata.dat
11-10 16:05:35.539 18738 18738 E memtrack: Couldn't load memtrack module (No such file or directory)
11-10 16:05:35.539 18738 18738 E android.os.Debug: failed to load memtrack module: -2
11-10 16:05:35.540 18738 18738 I Radio-JNI: register_android_hardware_Radio DONE
11-10 16:05:35.548 18738 18738 D AndroidRuntime: Calling main entry com.android.commands.pm.Pm
11-10 16:05:35.569 18738 18746 W MessageQueue: Handler (android.os.Handler) {aa1ba05} sending message to a Handler on a dead thread
11-10 16:05:35.569 18738 18746 W MessageQueue: java.lang.IllegalStateException: Handler (android.os.Handler) {aa1ba05} sending message to a Handler on a dead thread
11-10 16:05:35.569 18738 18746 W MessageQueue: 	at android.os.MessageQueue.enqueueMessage(MessageQueue.java:543)
11-10 16:05:35.569 18738 18746 W MessageQueue: 	at android.os.Handler.enqueueMessage(Handler.java:643)
11-10 16:05:35.569 18738 18746 W MessageQueue: 	at android.os.Handler.sendMessageAtTime(Handler.java:612)
11-10 16:05:35.569 18738 18746 W MessageQueue: 	at android.os.Handler.sendMessageDelayed(Handler.java:582)
11-10 16:05:35.569 18738 18746 W MessageQueue: 	at android.os.Handler.post(Handler.java:338)
11-10 16:05:35.569 18738 18746 W MessageQueue: 	at android.os.ResultReceiver$MyResultReceiver.send(ResultReceiver.java:57)
11-10 16:05:35.569 18738 18746 W MessageQueue: 	at com.android.internal.os.IResultReceiver$Stub.onTransact(IResultReceiver.java:58)
11-10 16:05:35.569 18738 18746 W MessageQueue: 	at android.os.Binder.execTransact(Binder.java:565)
11-10 16:05:35.569 18738 18738 I art     : System.exit called, status: 0
11-10 16:05:35.569 18738 18738 I AndroidRuntime: VM exiting with result code 0.
11-10 16:05:35.614  1400  1400 I         : free_cache(32402631) avail 565612544
11-10 16:05:35.668  3946  3946 I MicroDetectionWorker: Micro detection mode: [mDetectionMode: [1]].
11-10 16:05:35.668  3946  3946 I AudioController: Using mInputStreamFactoryBuilder
11-10 16:05:35.685  3946 18760 I MicroRecognitionRunner: Starting detection.
11-10 16:05:35.692  3946 18667 I MicrophoneInputStream: mic_starting com.google.android.apps.gsa.staticplugins.z.c@a7ad173
11-10 16:05:35.698  1397  1425 E AudioFlinger: not enough memory for AudioTrack size=131296
11-10 16:05:35.699  1397  1425 D MemoryDealer:   AudioTrack (0xb269cf20, size=4194304)
11-10 16:05:35.699  1397  1425 D MemoryDealer:     0: 0xb269cf30 | 0x00000000 | 0x000200E0 | A 
11-10 16:05:35.699  1397  1425 D MemoryDealer:     1: 0xb269cfb0 | 0x000200E0 | 0x000200E0 | A 
11-10 16:05:35.699  1397  1425 D MemoryDealer:     2: 0xb1db04e0 | 0x000401C0 | 0x000200E0 | A 
11-10 16:05:35.699  1397  1425 D MemoryDealer:     3: 0xb26ffe80 | 0x000602A0 | 0x000200E0 | A 
11-10 16:05:35.699  1397  1425 D MemoryDealer:     4: 0xb26ffd00 | 0x00080380 | 0x000200E0 | A 
11-10 16:05:35.699  1397  1425 D MemoryDealer:     5: 0xafaf0080 | 0x000A0460 | 0x000200E0 | A 
11-10 16:05:35.699  1397  1425 D MemoryDealer:     6: 0xb1db0100 | 0x000C0540 | 0x000200E0 | A 
11-10 16:05:35.699  1397  1425 D MemoryDealer:     7: 0xafaf0740 | 0x000E0620 | 0x000200E0 | A 
11-10 16:05:35.699  1397  1425 D MemoryDealer:     8: 0xb26ff850 | 0x00100700 | 0x000200E0 | A 
11-10 16:05:35.699  1397  1425 D MemoryDealer:     9: 0xb1db04a0 | 0x001207E0 | 0x000200E0 | A 
11-10 16:05:35.699  1397  1425 D MemoryDealer:    10: 0xafaf09a0 | 0x001408C0 | 0x000200E0 | A 
11-10 16:05:35.699  1397  1425 D MemoryDealer:    11: 0xafaf0710 | 0x001609A0 | 0x000200E0 | A 
11-10 16:05:35.699  1397  1425 D MemoryDealer:    12: 0xb1db0480 | 0x00180A80 | 0x000200E0 | A 
11-10 16:05:35.699  1397  1425 D MemoryDealer:    13: 0xafaf0a80 | 0x001A0B60 | 0x000200E0 | A 
11-10 16:05:35.699  1397  1425 D MemoryDealer:    14: 0xafaf09b0 | 0x001C0C40 | 0x000200E0 | A 
11-10 16:05:35.699  1397  1425 D MemoryDealer:    15: 0xafaf0f60 | 0x001E0D20 | 0x000200E0 | A 
11-10 16:05:35.699  1397  1425 D MemoryDealer:    16: 0xafaf0fb0 | 0x00200E00 | 0x000200E0 | A 
11-10 16:05:35.699  1397  1425 D MemoryDealer:    17: 0xb1db0760 | 0x00220EE0 | 0x000200E0 | A 
11-10 16:05:35.699  1397  1425 D MemoryDealer:    18: 0xb1db0900 | 0x00240FC0 | 0x000200E0 | A 
11-10 16:05:35.699  1397  1425 D MemoryDealer:    19: 0xb269ce00 | 0x002610A0 | 0x000200E0 | A 
11-10 16:05:35.699  1397  1425 D MemoryDealer:    
11-10 16:05:35.699  1397  1425 E AudioFlinger: createRecordTrack_l() initCheck failed -12; no control block?
11-10 16:05:35.703  3946 18667 E AudioRecord: AudioFlinger could not create record track, status: -12
11-10 16:05:35.704  1397 18763 I AudioFlinger: AudioFlinger's thread 0xab283540 ready to run
11-10 16:05:35.716  3946 18667 E AudioRecord-JNI: Error creating AudioRecord instance: initialization check failed with status -12.
11-10 16:05:35.716  3946 18667 E android.media.AudioRecord: Error code -20 when initializing native AudioRecord object.
11-10 16:05:35.718  3946 18667 I MicrophoneInputStream: mic_started com.google.android.apps.gsa.staticplugins.z.c@a7ad173
--------- beginning of system
11-10 16:05:35.725  3946 18667 E ActivityThread: Failed to find provider info for com.google.android.apps.gsa.testing.ui.audio.recorded
11-10 16:05:35.725  3946  3946 I MicroDetectionWorker: onReady
11-10 16:05:35.728  3946 18667 I MicrophoneInputStream: mic_close com.google.android.apps.gsa.staticplugins.z.c@a7ad173
11-10 16:05:35.732  3946 18760 I MicroRecognitionRunner: Detection finished
11-10 16:05:35.732  3946 18760 W ErrorReporter: reportError [type: 211, code: 524300]: Error reading from input stream
11-10 16:05:35.733  3946 18760 W ErrorProcessor: onFatalError, processing error from engine(4)
11-10 16:05:35.733  3946 18760 W ErrorProcessor: com.google.android.apps.gsa.shared.speech.a.g: Error reading from input stream
11-10 16:05:35.733  3946 18760 W ErrorProcessor: 	at com.google.android.apps.gsa.staticplugins.recognizer.i.a.a(SourceFile:342)
11-10 16:05:35.733  3946 18760 W ErrorProcessor: 	at com.google.android.apps.gsa.staticplugins.recognizer.i.a$1.run(SourceFile:1367)
11-10 16:05:35.733  3946 18760 W ErrorProcessor: 	at java.util.concurrent.Executors$RunnableAdapter.call(Executors.java:428)
11-10 16:05:35.733  3946 18760 W ErrorProcessor: 	at java.util.concurrent.FutureTask.run(FutureTask.java:237)
11-10 16:05:35.733  3946 18760 W ErrorProcessor: 	at com.google.android.apps.gsa.shared.util.concurrent.a.ak.run(SourceFile:66)
11-10 16:05:35.733  3946 18760 W ErrorProcessor: 	at java.util.concurrent.ThreadPoolExecutor.runWorker(ThreadPoolExecutor.java:1133)
11-10 16:05:35.733  3946 18760 W ErrorProcessor: 	at java.util.concurrent.ThreadPoolExecutor$Worker.run(ThreadPoolExecutor.java:607)
11-10 16:05:35.733  3946 18760 W ErrorProcessor: 	at java.lang.Thread.run(Thread.java:761)
11-10 16:05:35.733  3946 18760 W ErrorProcessor: 	at com.google.android.apps.gsa.shared.util.concurrent.a.ad$1.run(SourceFile:85)
11-10 16:05:35.733  3946 18760 W ErrorProcessor: Caused by: com.google.android.apps.gsa.shared.exception.GsaIOException: Error code: 393238 | Buffer overflow, no available space.
11-10 16:05:35.733  3946 18760 W ErrorProcessor: 	at com.google.android.apps.gsa.speech.audio.Tee.g(SourceFile:2531)
11-10 16:05:35.733  3946 18760 W ErrorProcessor: 	at com.google.android.apps.gsa.speech.audio.ap.read(SourceFile:555)
11-10 16:05:35.733  3946 18760 W ErrorProcessor: 	at java.io.InputStream.read(InputStream.java:101)
11-10 16:05:35.733  3946 18760 W ErrorProcessor: 	at com.google.android.apps.gsa.speech.audio.al.run(SourceFile:362)
11-10 16:05:35.733  3946 18760 W ErrorProcessor: 	at com.google.android.apps.gsa.speech.audio.ak$1.run(SourceFile:471)
11-10 16:05:35.733  3946 18760 W ErrorProcessor: 	at java.util.concurrent.Executors$RunnableAdapter.call(Executors.java:428)
11-10 16:05:35.733  3946 18760 W ErrorProcessor: 	at java.util.concurrent.FutureTask.run(FutureTask.java:237)
11-10 16:05:35.733  3946 18760 W ErrorProcessor: 	at com.google.android.apps.gsa.shared.util.concurrent.a.ak.run(SourceFile:66)
11-10 16:05:35.733  3946 18760 W ErrorProcessor: 	at com.google.android.apps.gsa.shared.util.concurrent.a.ax.run(SourceFile:139)
11-10 16:05:35.733  3946 18760 W ErrorProcessor: 	at com.google.android.apps.gsa.shared.util.concurrent.a.ax.run(SourceFile:139)
11-10 16:05:35.733  3946 18760 W ErrorProcessor: 	... 4 more
11-10 16:05:35.733  3946 18760 I AudioController: internalShutdown
11-10 16:05:35.733  3946  3978 I MicroRecognitionRunner: Stopping hotword detection.
11-10 16:05:35.736  3946  3946 I MicroDetector: Keeping mic open: false
11-10 16:05:35.736  3946  3946 I MicroDetectionWorker: #onError(false)
11-10 16:05:35.736  3946 18759 I DeviceStateChecker: DeviceStateChecker cancelled
11-10 16:05:36.995  1696  1722 W PackageParser: No actions in intent filter at /data/app/vmdl542217486.tmp/base.apk Binary XML file line #180
11-10 16:05:37.043  1696  1722 I PackageManager.DexOptimizer: Running dexopt (dex2oat) on: /data/app/vmdl542217486.tmp/base.apk pkg=org.fossasia.phimpme isa=x86 vmSafeMode=false debuggable=false target-filter=interpret-only oatDir = /data/app/vmdl542217486.tmp/oat sharedLibraries=null
11-10 16:05:37.055 18766 18766 W dex2oat : Unexpected CPU variant for X86 using defaults: x86
11-10 16:05:37.055 18766 18766 W dex2oat : Mismatch between dex2oat instruction set features (ISA: X86 Feature string: smp,-ssse3,-sse4.1,-sse4.2,-avx,-avx2,-lock_add,-popcnt) and those of dex2oat executable (ISA: X86 Feature string: smp,ssse3,-sse4.1,-sse4.2,-avx,-avx2,-lock_add,-popcnt) for the command line:
11-10 16:05:37.055 18766 18766 W dex2oat : /system/bin/dex2oat --zip-fd=6 --zip-location=base.apk --oat-fd=7 --oat-location=/data/app/vmdl542217486.tmp/oat/x86/base.odex --instruction-set=x86 --instruction-set-variant=x86 --instruction-set-features=default --runtime-arg -Xms64m --runtime-arg -Xmx512m --compiler-filter=interpret-only --swap-fd=9
11-10 16:05:37.056 18766 18766 I dex2oat : /system/bin/dex2oat --compiler-filter=interpret-only
11-10 16:05:37.733 18766 18766 W dex2oat : Before Android 4.1, method int android.support.v7.widget.ListViewCompat.lookForSelectablePosition(int, boolean) would have incorrectly overridden the package-private method in android.widget.ListView
11-10 16:05:37.784 18766 18770 W dex2oat : Before Android 4.1, method boolean com.facebook.share.widget.ShareButtonBase.canShare() would have incorrectly overridden the package-private method in android.widget.TextView
11-10 16:05:40.739  3946  3946 I MicroDetectionWorker: Micro detection mode: [mDetectionMode: [1]].
11-10 16:05:40.740  3946  3946 I AudioController: Using mInputStreamFactoryBuilder
11-10 16:05:40.744  3946 18773 I MicroRecognitionRunner: Starting detection.
11-10 16:05:40.745  3946 18667 I MicrophoneInputStream: mic_starting com.google.android.apps.gsa.staticplugins.z.c@2f1011d
11-10 16:05:40.747  1397 18776 I AudioFlinger: AudioFlinger's thread 0xb0a83f00 ready to run
11-10 16:05:40.764  1397  3945 E AudioFlinger: not enough memory for AudioTrack size=131296
11-10 16:05:40.765  1397  3945 D MemoryDealer:   AudioTrack (0xb269cf20, size=4194304)
11-10 16:05:40.765  1397  3945 D MemoryDealer:     0: 0xb269cf30 | 0x00000000 | 0x000200E0 | A 
11-10 16:05:40.765  1397  3945 D MemoryDealer:     1: 0xb269cfb0 | 0x000200E0 | 0x000200E0 | A 
11-10 16:05:40.765  1397  3945 D MemoryDealer:     2: 0xb1db04e0 | 0x000401C0 | 0x000200E0 | A 
11-10 16:05:40.765  1397  3945 D MemoryDealer:     3: 0xb26ffe80 | 0x000602A0 | 0x000200E0 | A 
11-10 16:05:40.765  1397  3945 D MemoryDealer:     4: 0xb26ffd00 | 0x00080380 | 0x000200E0 | A 
11-10 16:05:40.765  1397  3945 D MemoryDealer:     5: 0xafaf0080 | 0x000A0460 | 0x000200E0 | A 
11-10 16:05:40.765  1397  3945 D MemoryDealer:     6: 0xb1db0100 | 0x000C0540 | 0x000200E0 | A 
11-10 16:05:40.765  1397  3945 D MemoryDealer:     7: 0xafaf0740 | 0x000E0620 | 0x000200E0 | A 
11-10 16:05:40.765  1397  3945 D MemoryDealer:     8: 0xb26ff850 | 0x00100700 | 0x000200E0 | A 
11-10 16:05:40.765  1397  3945 D MemoryDealer:     9: 0xb1db04a0 | 0x001207E0 | 0x000200E0 | A 
11-10 16:05:40.765  1397  3945 D MemoryDealer:    10: 0xafaf09a0 | 0x001408C0 | 0x000200E0 | A 
11-10 16:05:40.765  1397  3945 D MemoryDealer:    11: 0xafaf0710 | 0x001609A0 | 0x000200E0 | A 
11-10 16:05:40.765  1397  3945 D MemoryDealer:    12: 0xb1db0480 | 0x00180A80 | 0x000200E0 | A 
11-10 16:05:40.765  1397  3945 D MemoryDealer:    13: 0xafaf0a80 | 0x001A0B60 | 0x000200E0 | A 
11-10 16:05:40.765  1397  3945 D MemoryDealer:    14: 0xafaf09b0 | 0x001C0C40 | 0x000200E0 | A 
11-10 16:05:40.765  1397  3945 D MemoryDealer:    15: 0xafaf0f60 | 0x001E0D20 | 0x000200E0 | A 
11-10 16:05:40.765  1397  3945 D MemoryDealer:    16: 0xafaf0fb0 | 0x00200E00 | 0x000200E0 | A 
11-10 16:05:40.765  1397  3945 D MemoryDealer:    17: 0xb1db0760 | 0x00220EE0 | 0x000200E0 | A 
11-10 16:05:40.765  1397  3945 D MemoryDealer:    18: 0xb1db0900 | 0x00240FC0 | 0x000200E0 | A 
11-10 16:05:40.765  1397  3945 D MemoryDealer:    19: 0xb269ce00 | 0x002610A0 | 0x000200E0 | A 
11-10 16:05:40.765  1397  3945 D MemoryDealer:    
11-10 16:05:40.765  1397  3945 E AudioFlinger: createRecordTrack_l() initCheck failed -12; no control block?
11-10 16:05:40.769  3946 18667 E AudioRecord: AudioFlinger could not create record track, status: -12
11-10 16:05:40.779  3946 18667 E AudioRecord-JNI: Error creating AudioRecord instance: initialization check failed with status -12.
11-10 16:05:40.779  3946 18667 E android.media.AudioRecord: Error code -20 when initializing native AudioRecord object.
11-10 16:05:40.779  3946 18667 I MicrophoneInputStream: mic_started com.google.android.apps.gsa.staticplugins.z.c@2f1011d
11-10 16:05:40.780  3946 18667 E ActivityThread: Failed to find provider info for com.google.android.apps.gsa.testing.ui.audio.recorded
11-10 16:05:40.780  3946  3946 I MicroDetectionWorker: onReady
11-10 16:05:40.835  3946 18667 I MicrophoneInputStream: mic_close com.google.android.apps.gsa.staticplugins.z.c@2f1011d
11-10 16:05:40.835  3946 18773 I MicroRecognitionRunner: Detection finished
11-10 16:05:40.835  3946 18773 W ErrorReporter: reportError [type: 211, code: 524300]: Error reading from input stream
11-10 16:05:40.837  3946  3978 I MicroRecognitionRunner: Stopping hotword detection.
11-10 16:05:40.837  3946 18773 W ErrorProcessor: onFatalError, processing error from engine(4)
11-10 16:05:40.837  3946 18773 W ErrorProcessor: com.google.android.apps.gsa.shared.speech.a.g: Error reading from input stream
11-10 16:05:40.837  3946 18773 W ErrorProcessor: 	at com.google.android.apps.gsa.staticplugins.recognizer.i.a.a(SourceFile:342)
11-10 16:05:40.837  3946 18773 W ErrorProcessor: 	at com.google.android.apps.gsa.staticplugins.recognizer.i.a$1.run(SourceFile:1367)
11-10 16:05:40.837  3946 18773 W ErrorProcessor: 	at java.util.concurrent.Executors$RunnableAdapter.call(Executors.java:428)
11-10 16:05:40.837  3946 18773 W ErrorProcessor: 	at java.util.concurrent.FutureTask.run(FutureTask.java:237)
11-10 16:05:40.837  3946 18773 W ErrorProcessor: 	at com.google.android.apps.gsa.shared.util.concurrent.a.ak.run(SourceFile:66)
11-10 16:05:40.837  3946 18773 W ErrorProcessor: 	at java.util.concurrent.ThreadPoolExecutor.runWorker(ThreadPoolExecutor.java:1133)
11-10 16:05:40.837  3946 18773 W ErrorProcessor: 	at java.util.concurrent.ThreadPoolExecutor$Worker.run(ThreadPoolExecutor.java:607)
11-10 16:05:40.837  3946 18773 W ErrorProcessor: 	at java.lang.Thread.run(Thread.java:761)
11-10 16:05:40.837  3946 18773 W ErrorProcessor: 	at com.google.android.apps.gsa.shared.util.concurrent.a.ad$1.run(SourceFile:85)
11-10 16:05:40.837  3946 18773 W ErrorProcessor: Caused by: com.google.android.apps.gsa.shared.exception.GsaIOException: Error code: 393238 | Buffer overflow, no available space.
11-10 16:05:40.837  3946 18773 W ErrorProcessor: 	at com.google.android.apps.gsa.speech.audio.Tee.g(SourceFile:2531)
11-10 16:05:40.837  3946 18773 W ErrorProcessor: 	at com.google.android.apps.gsa.speech.audio.ap.read(SourceFile:555)
11-10 16:05:40.837  3946 18773 W ErrorProcessor: 	at java.io.InputStream.read(InputStream.java:101)
11-10 16:05:40.837  3946 18773 W ErrorProcessor: 	at com.google.android.apps.gsa.speech.audio.al.run(SourceFile:362)
11-10 16:05:40.837  3946 18773 W ErrorProcessor: 	at com.google.android.apps.gsa.speech.audio.ak$1.run(SourceFile:471)
11-10 16:05:40.837  3946 18773 W ErrorProcessor: 	at java.util.concurrent.Executors$RunnableAdapter.call(Executors.java:428)
11-10 16:05:40.837  3946 18773 W ErrorProcessor: 	at java.util.concurrent.FutureTask.run(FutureTask.java:237)
11-10 16:05:40.837  3946 18773 W ErrorProcessor: 	at com.google.android.apps.gsa.shared.util.concurrent.a.ak.run(SourceFile:66)
11-10 16:05:40.837  3946 18773 W ErrorProcessor: 	at com.google.android.apps.gsa.shared.util.concurrent.a.ax.run(SourceFile:139)
11-10 16:05:40.837  3946 18773 W ErrorProcessor: 	at com.google.android.apps.gsa.shared.util.concurrent.a.ax.run(SourceFile:139)
11-10 16:05:40.837  3946 18773 W ErrorProcessor: 	... 4 more
11-10 16:05:40.837  3946 18773 I AudioController: internalShutdown
11-10 16:05:40.838  3946  3946 I MicroDetector: Keeping mic open: false
11-10 16:05:40.839  3946  3946 I MicroDetectionWorker: #onError(false)
11-10 16:05:40.839  3946 18772 I DeviceStateChecker: DeviceStateChecker cancelled
11-10 16:05:45.845  3946  3946 I MicroDetectionWorker: Micro detection mode: [mDetectionMode: [1]].
11-10 16:05:45.846  3946  3946 I AudioController: Using mInputStreamFactoryBuilder
11-10 16:05:45.849  3946 18779 I MicroRecognitionRunner: Starting detection.
11-10 16:05:45.850  3946 18667 I MicrophoneInputStream: mic_starting com.google.android.apps.gsa.staticplugins.z.c@b2d4b7
11-10 16:05:45.854  1397 18782 I AudioFlinger: AudioFlinger's thread 0xab2831c0 ready to run
11-10 16:05:45.864  1397  3585 E AudioFlinger: not enough memory for AudioTrack size=131296
11-10 16:05:45.864  1397  3585 D MemoryDealer:   AudioTrack (0xb269cf20, size=4194304)
11-10 16:05:45.864  1397  3585 D MemoryDealer:     0: 0xb269cf30 | 0x00000000 | 0x000200E0 | A 
11-10 16:05:45.864  1397  3585 D MemoryDealer:     1: 0xb269cfb0 | 0x000200E0 | 0x000200E0 | A 
11-10 16:05:45.864  1397  3585 D MemoryDealer:     2: 0xb1db04e0 | 0x000401C0 | 0x000200E0 | A 
11-10 16:05:45.864  1397  3585 D MemoryDealer:     3: 0xb26ffe80 | 0x000602A0 | 0x000200E0 | A 
11-10 16:05:45.864  1397  3585 D MemoryDealer:     4: 0xb26ffd00 | 0x00080380 | 0x000200E0 | A 
11-10 16:05:45.864  1397  3585 D MemoryDealer:     5: 0xafaf0080 | 0x000A0460 | 0x000200E0 | A 
11-10 16:05:45.864  1397  3585 D MemoryDealer:     6: 0xb1db0100 | 0x000C0540 | 0x000200E0 | A 
11-10 16:05:45.864  1397  3585 D MemoryDealer:     7: 0xafaf0740 | 0x000E0620 | 0x000200E0 | A 
11-10 16:05:45.864  1397  3585 D MemoryDealer:     8: 0xb26ff850 | 0x00100700 | 0x000200E0 | A 
11-10 16:05:45.864  1397  3585 D MemoryDealer:     9: 0xb1db04a0 | 0x001207E0 | 0x000200E0 | A 
11-10 16:05:45.864  1397  3585 D MemoryDealer:    10: 0xafaf09a0 | 0x001408C0 | 0x000200E0 | A 
11-10 16:05:45.864  1397  3585 D MemoryDealer:    11: 0xafaf0710 | 0x001609A0 | 0x000200E0 | A 
11-10 16:05:45.864  1397  3585 D MemoryDealer:    12: 0xb1db0480 | 0x00180A80 | 0x000200E0 | A 
11-10 16:05:45.864  1397  3585 D MemoryDealer:    13: 0xafaf0a80 | 0x001A0B60 | 0x000200E0 | A 
11-10 16:05:45.864  1397  3585 D MemoryDealer:    14: 0xafaf09b0 | 0x001C0C40 | 0x000200E0 | A 
11-10 16:05:45.864  1397  3585 D MemoryDealer:    15: 0xafaf0f60 | 0x001E0D20 | 0x000200E0 | A 
11-10 16:05:45.864  1397  3585 D MemoryDealer:    16: 0xafaf0fb0 | 0x00200E00 | 0x000200E0 | A 
11-10 16:05:45.864  1397  3585 D MemoryDealer:    17: 0xb1db0760 | 0x00220EE0 | 0x000200E0 | A 
11-10 16:05:45.864  1397  3585 D MemoryDealer:    18: 0xb1db0900 | 0x00240FC0 | 0x000200E0 | A 
11-10 16:05:45.864  1397  3585 D MemoryDealer:    19: 0xb269ce00 | 0x002610A0 | 0x000200E0 | A 
11-10 16:05:45.864  1397  3585 D MemoryDealer:    
11-10 16:05:45.864  1397  3585 E AudioFlinger: createRecordTrack_l() initCheck failed -12; no control block?
11-10 16:05:45.864  3946 18667 E AudioRecord: AudioFlinger could not create record track, status: -12
11-10 16:05:45.872  3946 18667 E AudioRecord-JNI: Error creating AudioRecord instance: initialization check failed with status -12.
11-10 16:05:45.872  3946 18667 E android.media.AudioRecord: Error code -20 when initializing native AudioRecord object.
11-10 16:05:45.872  3946 18667 I MicrophoneInputStream: mic_started com.google.android.apps.gsa.staticplugins.z.c@b2d4b7
11-10 16:05:45.874  3946 18667 E ActivityThread: Failed to find provider info for com.google.android.apps.gsa.testing.ui.audio.recorded
11-10 16:05:45.874  3946  3946 I MicroDetectionWorker: onReady
11-10 16:05:45.878  3946 18667 I MicrophoneInputStream: mic_close com.google.android.apps.gsa.staticplugins.z.c@b2d4b7
11-10 16:05:45.880  3946 18779 I MicroRecognitionRunner: Detection finished
11-10 16:05:45.881  3946 18779 W ErrorReporter: reportError [type: 211, code: 524300]: Error reading from input stream
11-10 16:05:45.881  3946  3978 I MicroRecognitionRunner: Stopping hotword detection.
11-10 16:05:45.881  3946 18779 W ErrorProcessor: onFatalError, processing error from engine(4)
11-10 16:05:45.881  3946 18779 W ErrorProcessor: com.google.android.apps.gsa.shared.speech.a.g: Error reading from input stream
11-10 16:05:45.881  3946 18779 W ErrorProcessor: 	at com.google.android.apps.gsa.staticplugins.recognizer.i.a.a(SourceFile:342)
11-10 16:05:45.881  3946 18779 W ErrorProcessor: 	at com.google.android.apps.gsa.staticplugins.recognizer.i.a$1.run(SourceFile:1367)
11-10 16:05:45.881  3946 18779 W ErrorProcessor: 	at java.util.concurrent.Executors$RunnableAdapter.call(Executors.java:428)
11-10 16:05:45.881  3946 18779 W ErrorProcessor: 	at java.util.concurrent.FutureTask.run(FutureTask.java:237)
11-10 16:05:45.881  3946 18779 W ErrorProcessor: 	at com.google.android.apps.gsa.shared.util.concurrent.a.ak.run(SourceFile:66)
11-10 16:05:45.881  3946 18779 W ErrorProcessor: 	at java.util.concurrent.ThreadPoolExecutor.runWorker(ThreadPoolExecutor.java:1133)
11-10 16:05:45.881  3946 18779 W ErrorProcessor: 	at java.util.concurrent.ThreadPoolExecutor$Worker.run(ThreadPoolExecutor.java:607)
11-10 16:05:45.881  3946 18779 W ErrorProcessor: 	at java.lang.Thread.run(Thread.java:761)
11-10 16:05:45.881  3946 18779 W ErrorProcessor: 	at com.google.android.apps.gsa.shared.util.concurrent.a.ad$1.run(SourceFile:85)
11-10 16:05:45.881  3946 18779 W ErrorProcessor: Caused by: com.google.android.apps.gsa.shared.exception.GsaIOException: Error code: 393238 | Buffer overflow, no available space.
11-10 16:05:45.881  3946 18779 W ErrorProcessor: 	at com.google.android.apps.gsa.speech.audio.Tee.g(SourceFile:2531)
11-10 16:05:45.881  3946 18779 W ErrorProcessor: 	at com.google.android.apps.gsa.speech.audio.ap.read(SourceFile:555)
11-10 16:05:45.881  3946 18779 W ErrorProcessor: 	at java.io.InputStream.read(InputStream.java:101)
11-10 16:05:45.881  3946 18779 W ErrorProcessor: 	at com.google.android.apps.gsa.speech.audio.al.run(SourceFile:362)
11-10 16:05:45.881  3946 18779 W ErrorProcessor: 	at com.google.android.apps.gsa.speech.audio.ak$1.run(SourceFile:471)
11-10 16:05:45.881  3946 18779 W ErrorProcessor: 	at java.util.concurrent.Executors$RunnableAdapter.call(Executors.java:428)
11-10 16:05:45.881  3946 18779 W ErrorProcessor: 	at java.util.concurrent.FutureTask.run(FutureTask.java:237)
11-10 16:05:45.881  3946 18779 W ErrorProcessor: 	at com.google.android.apps.gsa.shared.util.concurrent.a.ak.run(SourceFile:66)
11-10 16:05:45.881  3946 18779 W ErrorProcessor: 	at com.google.android.apps.gsa.shared.util.concurrent.a.ax.run(SourceFile:139)
11-10 16:05:45.881  3946 18779 W ErrorProcessor: 	at com.google.android.apps.gsa.shared.util.concurrent.a.ax.run(SourceFile:139)
11-10 16:05:45.881  3946 18779 W ErrorProcessor: 	... 4 more
11-10 16:05:45.881  3946 18779 I AudioController: internalShutdown
11-10 16:05:45.882  3946  3946 I MicroDetector: Keeping mic open: false
11-10 16:05:45.882  3946  3946 I MicroDetectionWorker: #onError(false)
11-10 16:05:45.883  3946 18778 I DeviceStateChecker: DeviceStateChecker cancelled
11-10 16:05:49.847 18766 18766 I dex2oat : dex2oat took 12.792s (threads: 4) arena alloc=869KB (890008B) java alloc=8MB (9250384B) native alloc=21MB (22120184B) free=4MB (4880648B)
11-10 16:05:49.963  1400  1400 D installd: Detected label change from u:object_r:system_data_file:s0 to u:object_r:app_data_file:s0:c512,c768 at /data/data/org.fossasia.phimpme; running recursive restorecon
11-10 16:05:49.964  1400  1400 D installd: Detected label change from u:object_r:system_data_file:s0 to u:object_r:app_data_file:s0:c512,c768 at /data/user_de/0/org.fossasia.phimpme; running recursive restorecon
11-10 16:05:49.967  1696  1722 V BackupManagerService: restoreAtInstall pkg=org.fossasia.phimpme token=20 restoreSet=0
11-10 16:05:49.967  1696  1722 V BackupManagerService: Finishing install immediately
11-10 16:05:49.977  1696  1722 I art     : Starting a blocking GC Explicit
11-10 16:05:50.008  1696  1722 I art     : Explicit concurrent mark sweep GC freed 20452(1226KB) AllocSpace objects, 8(160KB) LOS objects, 23% free, 13MB/17MB, paused 2.031ms total 30.778ms
11-10 16:05:50.008  1400  1400 E         : Couldn't opendir /data/app/vmdl542217486.tmp: No such file or directory
11-10 16:05:50.032  1696  1735 I InputReader: Reconfiguring input devices.  changes=0x00000010
11-10 16:05:50.047  1881  1881 D CarrierSvcBindHelper: No carrier app for: 0
11-10 16:05:50.049  1881  1881 D CarrierConfigLoader: mHandler: 9 phoneId: 0
11-10 16:05:50.062  1696  1709 W ResourceType: No known package when getting value for resource number 0x7f0200a8
11-10 16:05:50.062  1696  1709 W ResourceType: No known package when getting value for resource number 0x7f090120
11-10 16:05:50.062  1696  1709 W ResourceType: No known package when getting value for resource number 0x7f09011d
11-10 16:05:50.062  1696  1709 W ResourceType: No known package when getting value for resource number 0x7f090120
11-10 16:05:50.064  1696  1709 W ResourceType: No known package when getting value for resource number 0x7f0200d3
11-10 16:05:50.064  1696  1709 W ResourceType: No known package when getting value for resource number 0x7f0905c6
11-10 16:05:50.064  1696  1709 W ResourceType: No known package when getting value for resource number 0x7f0905c5
11-10 16:05:50.064  1696  1709 W ResourceType: No known package when getting value for resource number 0x7f0905c6
11-10 16:05:50.064  1696  1709 W ResourceType: No known package when getting value for resource number 0x7f02009e
11-10 16:05:50.064  1696  1709 W ResourceType: No known package when getting value for resource number 0x7f0900c2
11-10 16:05:50.068  1696  1709 W ResourceType: No known package when getting value for resource number 0x7f0900c1
11-10 16:05:50.068  1696  1709 W ResourceType: No known package when getting value for resource number 0x7f0900c2
11-10 16:05:50.096  1861 18791 W GCM     : Unexpected forwarded intent: Intent { act=android.intent.action.PACKAGE_ADDED dat=package:org.fossasia.phimpme flg=0x4000010 cmp=com.google.android.gms/.chimera.PersistentIntentOperationService (has extras) }
11-10 16:05:50.096  3946 18793 I UpdateIcingCorporaServi: Updating corpora: APPS=org.fossasia.phimpme, CONTACTS=MAYBE
11-10 16:05:50.100  1861 18795 W GCM     : Unexpected forwarded intent: Intent { act=android.intent.action.PACKAGE_ADDED dat=package:org.fossasia.phimpme flg=0x4000010 cmp=com.google.android.gms/.chimera.PersistentIntentOperationService (has extras) }
11-10 16:05:50.111  1696  1707 W ActivityManager: Unable to start service Intent { act=com.google.android.gms.auth.key.retrieval.service.START pkg=com.google.android.gms } U=0: not found
11-10 16:05:50.112  1696  1926 W ActivityManager: Unbind failed: could not find connection for android.os.BinderProxy@8146ebc
11-10 16:05:50.112  2350  2525 E GmsClient: unable to connect to service: com.google.android.gms.auth.key.retrieval.service.START on com.google.android.gms
11-10 16:05:50.115  2350 18792 I Auth    : [SupervisedAccountIntentOperation] onHandleIntent(): android.intent.action.PACKAGE_ADDED
11-10 16:05:50.138  2350 18800 I ChromeSync: [Sync,SyncIntentOperation] Handling the intent: Intent { act=android.intent.action.PACKAGE_ADDED dat=package:org.fossasia.phimpme flg=0x4000010 cmp=com.google.android.gms/.chimera.GmsIntentOperationService (has extras) }.
11-10 16:05:50.253  2350 18805 I ChimeraConfigurator: Starting update, reason: 4 urgentFeatures: pay:-1
11-10 16:05:50.254  2350 18805 E ConfigFileUtils: Failed to read config file: /data/user_de/0/com.google.android.gms/app_chimera/next_container.pb (No such file or directory)
11-10 16:05:50.322 18806 18806 D AndroidRuntime: >>>>>> START com.android.internal.os.RuntimeInit uid 2000 <<<<<<
11-10 16:05:50.324 18806 18806 D AndroidRuntime: CheckJNI is ON
11-10 16:05:50.403 18806 18806 W art     : Unexpected CPU variant for X86 using defaults: x86
11-10 16:05:50.408 18806 18806 D ICU     : No timezone override file found: /data/misc/zoneinfo/current/icu/icu_tzdata.dat
11-10 16:05:50.409  2350 18805 I ChmraDebugLogger: [73] 1801
11-10 16:05:50.418  2350 18805 I ChmraDebugLogger: [30] [Pay.optional:202414020000] permitMetered=true,
11-10 16:05:50.419  2350 18800 I ChromeSync: [Persistence,AffiliationManager] One of affiliation or grouping data for android://fEvXVmC_Y7LAHzP4_CuGskLjWGuvKL5udanAWclzSk1fzfA8T8pH8I2kgW0Su31xHcaQdE6eV31JVoOlrpTI6g==@org.fossasia.phimpme/ was not found. Marking affiliation data as stale...
11-10 16:05:50.421  2350 18805 W ChimeraConfigService: Retry attempt was throttled.
11-10 16:05:50.430 18806 18806 E memtrack: Couldn't load memtrack module (No such file or directory)
11-10 16:05:50.430 18806 18806 E android.os.Debug: failed to load memtrack module: -2
11-10 16:05:50.430 18806 18806 I Radio-JNI: register_android_hardware_Radio DONE
11-10 16:05:50.440  2350  2450 I Icing   : IndexChimeraService.getServiceInterface callingPackage=com.google.android.googlequicksearchbox componentName=null serviceId=36
11-10 16:05:50.474 18806 18806 D AndroidRuntime: Calling main entry com.android.commands.monkey.Monkey
11-10 16:05:50.515  1696  1710 W BroadcastQueue: Skipping deliver [background] BroadcastRecord{16a325 u-1 android.net.conn.CONNECTIVITY_CHANGE} to ReceiverList{2f6ecfa 18806 (unknown name)/2000/u-1 remote:bf26c8f}: process crashing
11-10 16:05:50.530  1696  2071 I ActivityManager: START u0 {act=android.intent.action.MAIN cat=[android.intent.category.LAUNCHER] flg=0x10200000 cmp=org.fossasia.phimpme/.gallery.activities.SplashScreen} from uid 2000 on display 0
11-10 16:05:50.532  2350  2450 I Icing   : IndexChimeraService.getServiceInterface callingPackage=com.google.android.gms componentName=AppsCorpus serviceId=36
11-10 16:05:50.548  1861  1877 I art     : Background sticky concurrent mark sweep GC freed 35055(2MB) AllocSpace objects, 0(0B) LOS objects, 20% free, 11MB/14MB, paused 6.048ms total 129.667ms
11-10 16:05:50.556  2350  6406 W Icing   : No valid account for uploading user actions
11-10 16:05:50.567 18821 18821 W art     : Unexpected CPU variant for X86 using defaults: x86
11-10 16:05:50.573  1696  1926 I ActivityManager: Start proc 18821:org.fossasia.phimpme/u0a119 for activity org.fossasia.phimpme/.gallery.activities.SplashScreen
11-10 16:05:50.582 18806 18806 I art     : System.exit called, status: 0
11-10 16:05:50.582 18806 18806 I AndroidRuntime: VM exiting with result code 0.
11-10 16:05:50.607  2350  6406 I Icing   : Usage reports ok 0, Failed Usage reports 0, indexed 0, rejected 0
11-10 16:05:50.625  1343  2116 D gralloc_ranchu: gralloc_alloc: Creating ashmem region of size 8294400
11-10 16:05:50.637  2350  2450 I Icing   : IndexChimeraService.getServiceInterface callingPackage=com.google.android.gms componentName=null serviceId=30
11-10 16:05:50.646  3946  3972 D EGL_emulation: eglMakeCurrent: 0x9f52c320: ver 3 0 (tinfo 0x9f56abc0)
11-10 16:05:50.646  3946 18793 I UpdateIcingCorporaServi: UpdateCorporaTask done [took 550 ms] updated apps [took 550 ms] 
11-10 16:05:50.646  5939  5959 D EGL_emulation: eglMakeCurrent: 0x9d5c8e80: ver 3 0 (tinfo 0xa90cf710)
11-10 16:05:50.681  3946  3946 W SearchService: Abort, client detached.
11-10 16:05:50.691 18821 18821 D FirebaseApp: com.google.firebase.auth.FirebaseAuth is not linked. Skipping initialization.
11-10 16:05:50.707  2350  6406 W Icing   : No valid account for uploading user actions
11-10 16:05:50.719  2350  6406 I Icing   : Usage reports ok 0, Failed Usage reports 0, indexed 0, rejected 0
11-10 16:05:50.732 18821 18821 W InstanceID/Rpc: Found 10013
11-10 16:05:50.740  2350  2450 I Icing   : IndexChimeraService.getServiceInterface callingPackage=com.google.android.gms componentName=null serviceId=36
11-10 16:05:50.744 18821 18833 I art     : Background sticky concurrent mark sweep GC freed 22205(910KB) AllocSpace objects, 0(0B) LOS objects, 48% free, 4MB/8MB, paused 1.906ms total 152.830ms
11-10 16:05:50.746 18821 18821 W DynamiteModule: Failed to load module via fast routecom.google.android.gms.dynamite.DynamiteModule$zza: V2 version check failed
11-10 16:05:50.753 18821 18821 W System  : ClassLoader referenced unknown path: /system/priv-app/PrebuiltGmsCore/lib/x86
11-10 16:05:50.753 18821 18821 D ApplicationLoaders: ignored Vulkan layer search path /system/priv-app/PrebuiltGmsCore/lib/x86:/system/priv-app/PrebuiltGmsCore/PrebuiltGmsCore.apk!/lib/x86:/system/lib:/vendor/lib for namespace 0xaced5090
11-10 16:05:50.757  2350  6406 I Icing   : Indexing com.google.android.gms-internal.3p:MobileApplication from com.google.android.gms using seqno 68
11-10 16:05:50.770 18821 18821 I DynamiteModule: Considering local module com.google.android.gms.flags:0 and remote module com.google.android.gms.flags:3
11-10 16:05:50.770 18821 18821 I DynamiteModule: Selected remote version of com.google.android.gms.flags, version >= 3
11-10 16:05:50.789 18821 18821 W System  : ClassLoader referenced unknown path: 
11-10 16:05:50.790 18821 18821 W System  : ClassLoader referenced unknown path: /system/priv-app/PrebuiltGmsCore/lib/x86
11-10 16:05:50.790 18821 18821 D ApplicationLoaders: ignored Vulkan layer search path /system/priv-app/PrebuiltGmsCore/lib/x86:/system/priv-app/PrebuiltGmsCore/PrebuiltGmsCore.apk!/lib/x86:/system/lib:/vendor/lib for namespace 0xaced50d0
11-10 16:05:50.807  2350  6406 W Icing   : No valid account for uploading user actions
11-10 16:05:50.811 18821 18821 W System  : ClassLoader referenced unknown path: /data/user_de/0/com.google.android.gms/app_chimera/m/00000004/n/x86
11-10 16:05:50.823  2350  6406 I Icing   : Usage reports ok 0, Failed Usage reports 0, indexed 0, rejected 0
11-10 16:05:50.829  2350  6406 I Icing   : Indexing com.google.android.googlequicksearchbox-applications_uri from com.google.android.googlequicksearchbox
11-10 16:05:50.853 18821 18821 W DynamiteModule: Local module descriptor class for com.google.android.gms.crash not found.
11-10 16:05:50.854 18821 18821 W DynamiteModule: Failed to load module via fast routecom.google.android.gms.dynamite.DynamiteModule$zza: V2 version check failed
11-10 16:05:50.855 18821 18821 W DynamiteModule: Local module descriptor class for com.google.android.gms.crash not found.
11-10 16:05:50.856 18821 18821 I DynamiteModule: Considering local module com.google.android.gms.crash:0 and remote module com.google.android.gms.crash:215
11-10 16:05:50.856 18821 18821 I DynamiteModule: Selected remote version of com.google.android.gms.crash, version >= 215
11-10 16:05:50.865 18821 18821 I FirebaseCrashApiImpl: FirebaseCrashApiImpl created by ClassLoader cwl[DexPathList[[zip file "/system/priv-app/PrebuiltGmsCore/app_chimera/m/DynamiteModulesC.apk"],nativeLibraryDirectories=[/data/user_de/0/com.google.android.gms/app_chimera/m/00000004/n/x86, /system/lib, /vendor/lib]]]
11-10 16:05:50.879  2350  6406 W Icing   : No valid account for uploading user actions
11-10 16:05:50.887  2350  6406 I Icing   : Usage reports ok 0, Failed Usage reports 0, indexed 0, rejected 0
11-10 16:05:50.887 18821 18821 I DynamiteModule: Considering local module com.google.android.gms.flags:2 and remote module com.google.android.gms.flags:3
11-10 16:05:50.887 18821 18821 I DynamiteModule: Selected remote version of com.google.android.gms.flags, version >= 3
11-10 16:05:50.887  2350  6406 I Icing   : Indexing com.google.android.gms-apps from com.google.android.gms
11-10 16:05:50.899 18821 18821 W DynamiteModule: Local module descriptor class for com.google.android.gms.crash not found.
11-10 16:05:50.965 18821 18821 I FirebaseCrashApiImpl: FirebaseCrash reporting API initialized
11-10 16:05:50.972 18821 18821 I FA      : App measurement is starting up, version: 10084
11-10 16:05:50.972 18821 18821 I FA      : To enable debug logging run: adb shell setprop log.tag.FA VERBOSE
11-10 16:05:50.980 18821 18821 I FA      : To enable faster debug mode event logging run:
11-10 16:05:50.980 18821 18821 I FA      :   adb shell setprop debug.firebase.analytics.app org.fossasia.phimpme
11-10 16:05:50.988 18821 18821 I FirebaseCrash: FirebaseCrash reporting initialized com.google.android.gms.internal.zzbks@36e4926
11-10 16:05:50.989 18821 18821 I FirebaseInitProvider: FirebaseApp initialization successful
11-10 16:05:51.000  2350  6406 I Icing   : Indexing done com.google.android.googlequicksearchbox-applications_uri
11-10 16:05:51.004  2350  6406 I Icing   : Indexing done com.google.android.gms-apps
11-10 16:05:51.030 18821 18843 D NetworkSecurityConfig: No Network Security Config specified, using platform default
11-10 16:05:51.052 18821 18821 I MultiDex: VM with version 2.1.0 has multidex support
11-10 16:05:51.053 18821 18821 I MultiDex: install
11-10 16:05:51.053 18821 18821 I MultiDex: VM has multidex support, MultiDex support library is disabled.
11-10 16:05:51.080 18821 18855 I stetho  : Listening on @stetho_org.fossasia.phimpme_devtools_remote
11-10 16:05:51.113 18821 18821 I AppCompatViewInflater: app:theme is now deprecated. Please move to using android:theme instead.
11-10 16:05:51.129 18821 18821 I ViewConfigCompat: Could not find method getScaledScrollFactor() on ViewConfiguration
11-10 16:05:51.270  1696  2245 I ActivityManager: START u0 {act=android.content.pm.action.REQUEST_PERMISSIONS pkg=com.google.android.packageinstaller cmp=com.google.android.packageinstaller/com.android.packageinstaller.permission.ui.GrantPermissionsActivity (has extras)} from uid 10119 on display 0
11-10 16:05:51.292  1343  1355 E SurfaceFlinger: ro.sf.lcd_density must be defined as a build property
11-10 16:05:51.297 18821 18821 D         : HostConnection::get() New Host Connection established 0x80dada00, tid 18821
11-10 16:05:51.321  1696  5358 I ActivityManager: Start proc 18858:com.google.android.packageinstaller/u0a18 for activity com.google.android.packageinstaller/com.android.packageinstaller.permission.ui.GrantPermissionsActivity
11-10 16:05:51.327 18858 18858 W art     : Unexpected CPU variant for X86 using defaults: x86
11-10 16:05:51.344 18821 18856 D         : HostConnection::get() New Host Connection established 0x80dadc00, tid 18856
11-10 16:05:51.346 18821 18856 I OpenGLRenderer: Initialized EGL, version 1.4
11-10 16:05:51.346 18821 18856 D OpenGLRenderer: Swap behavior 1
11-10 16:05:51.347 18821 18856 W OpenGLRenderer: Failed to choose config with EGL_SWAP_BEHAVIOR_PRESERVED, retrying without...
11-10 16:05:51.347 18821 18856 D OpenGLRenderer: Swap behavior 0
11-10 16:05:51.351 18821 18856 D EGL_emulation: eglCreateContext: 0x9d5ebd80: maj 3 min 0 rcv 3
11-10 16:05:51.364 18821 18856 D EGL_emulation: eglMakeCurrent: 0x9d5ebd80: ver 3 0 (tinfo 0x9f49ef10)
11-10 16:05:51.383 18821 18856 D EGL_emulation: eglMakeCurrent: 0x9d5ebd80: ver 3 0 (tinfo 0x9f49ef10)
11-10 16:05:51.391 18858 18858 W System  : ClassLoader referenced unknown path: /system/priv-app/GooglePackageInstaller/lib/x86
11-10 16:05:51.463 18821 18845 D GraphRequest: Warning: Request without access token missing application ID or client token.
11-10 16:05:51.487  1343  2116 E SurfaceFlinger: ro.sf.lcd_density must be defined as a build property
11-10 16:05:51.489 18858 18858 D         : HostConnection::get() New Host Connection established 0xa90fbac0, tid 18858
11-10 16:05:51.509  1343  1343 W SurfaceFlinger: couldn't log to binary event log: overflow.
11-10 16:05:51.513 18858 18875 D         : HostConnection::get() New Host Connection established 0xa1e17780, tid 18875
11-10 16:05:51.514 18858 18875 I OpenGLRenderer: Initialized EGL, version 1.4
11-10 16:05:51.514 18858 18875 D OpenGLRenderer: Swap behavior 1
11-10 16:05:51.514 18858 18875 W OpenGLRenderer: Failed to choose config with EGL_SWAP_BEHAVIOR_PRESERVED, retrying without...
11-10 16:05:51.514 18858 18875 D OpenGLRenderer: Swap behavior 0
11-10 16:05:51.517 18858 18875 D EGL_emulation: eglCreateContext: 0x9f4970a0: maj 3 min 0 rcv 3
11-10 16:05:51.527 18858 18875 D EGL_emulation: eglMakeCurrent: 0x9f4970a0: ver 3 0 (tinfo 0x9f4dd650)
11-10 16:05:51.538 18858 18875 D EGL_emulation: eglMakeCurrent: 0x9f4970a0: ver 3 0 (tinfo 0x9f4dd650)
11-10 16:05:51.622  1696  1717 I ActivityManager: Displayed com.google.android.packageinstaller/com.android.packageinstaller.permission.ui.GrantPermissionsActivity: +317ms (total +1s73ms)
11-10 16:05:51.738  2350 18718 I FA-SVC  : Install Referrer Reporter is not available
11-10 16:05:51.791  1861 26484 W Conscrypt: Could not set socket write timeout: java.net.SocketException: Socket closed
11-10 16:05:51.791  1861 26484 W Conscrypt: 	at com.google.android.gms.org.conscrypt.Platform.setSocketWriteTimeout(:com.google.android.gms@202414022@20.24.14 (040700-319035315):2)
11-10 16:05:51.792  1861 26484 W Conscrypt: 	at com.google.android.gms.org.conscrypt.ConscryptFileDescriptorSocket.setSoWriteTimeout(:com.google.android.gms@202414022@20.24.14 (040700-319035315):0)
11-10 16:05:51.801  1861 16990 E SQLiteDatabase: Error inserting service_kind=0 source=16 tag=Measurement.PackageMeasurementTaskService.UPLOAD_TASK_TAG target_package=com.google.android.gms requires_charging=0 source_version=202414000 required_network_type=0 flex_time=0 persistence_level=1 target_class=com.google.android.gms.measurement.PackageMeasurementTaskService runtime=1668114351788 retry_strategy={"maximum_backoff_seconds":{"3600":0},"initial_backoff_seconds":{"30":0},"retry_policy":{"0":0}} preferred_network_type=1 required_idleness_state=0 preferred_charging_state=1 period=2000 last_runtime=0 task_type=0 job_id=-1 user_id=0
11-10 16:05:51.801  1861 16990 E SQLiteDatabase: android.database.sqlite.SQLiteConstraintException: UNIQUE constraint failed: pending_ops.tag, pending_ops.target_class, pending_ops.target_package, pending_ops.user_id (code 2067)
11-10 16:05:51.801  1861 16990 E SQLiteDatabase: 	at android.database.sqlite.SQLiteConnection.nativeExecuteForLastInsertedRowId(Native Method)
11-10 16:05:51.801  1861 16990 E SQLiteDatabase: 	at android.database.sqlite.SQLiteConnection.executeForLastInsertedRowId(SQLiteConnection.java:782)
11-10 16:05:51.801  1861 16990 E SQLiteDatabase: 	at android.database.sqlite.SQLiteSession.executeForLastInsertedRowId(SQLiteSession.java:788)
11-10 16:05:51.801  1861 16990 E SQLiteDatabase: 	at android.database.sqlite.SQLiteStatement.executeInsert(SQLiteStatement.java:86)
11-10 16:05:51.801  1861 16990 E SQLiteDatabase: 	at android.database.sqlite.SQLiteDatabase.insertWithOnConflict(SQLiteDatabase.java:1474)
11-10 16:05:51.801  1861 16990 E SQLiteDatabase: 	at android.database.sqlite.SQLiteDatabase.insert(SQLiteDatabase.java:1343)
11-10 16:05:51.801  1861 16990 E SQLiteDatabase: 	at aqui.a(:com.google.android.gms@202414022@20.24.14 (040700-319035315):175)
11-10 16:05:51.801  1861 16990 E SQLiteDatabase: 	at aqtk.a(:com.google.android.gms@202414022@20.24.14 (040700-319035315):182)
11-10 16:05:51.801  1861 16990 E SQLiteDatabase: 	at aqtk.a(:com.google.android.gms@202414022@20.24.14 (040700-319035315):23)
11-10 16:05:51.801  1861 16990 E SQLiteDatabase: 	at aqtk.a(:com.google.android.gms@202414022@20.24.14 (040700-319035315):177)
11-10 16:05:51.801  1861 16990 E SQLiteDatabase: 	at aqpu.run(:com.google.android.gms@202414022@20.24.14 (040700-319035315):9)
11-10 16:05:51.801  1861 16990 E SQLiteDatabase: 	at soy.b(:com.google.android.gms@202414022@20.24.14 (040700-319035315):12)
11-10 16:05:51.801  1861 16990 E SQLiteDatabase: 	at soy.run(:com.google.android.gms@202414022@20.24.14 (040700-319035315):7)
11-10 16:05:51.801  1861 16990 E SQLiteDatabase: 	at java.util.concurrent.ThreadPoolExecutor.runWorker(ThreadPoolExecutor.java:1133)
11-10 16:05:51.801  1861 16990 E SQLiteDatabase: 	at java.util.concurrent.ThreadPoolExecutor$Worker.run(ThreadPoolExecutor.java:607)
11-10 16:05:51.801  1861 16990 E SQLiteDatabase: 	at sux.run(:com.google.android.gms@202414022@20.24.14 (040700-319035315):0)
11-10 16:05:51.801  1861 16990 E SQLiteDatabase: 	at java.lang.Thread.run(Thread.java:761)
11-10 16:05:51.822  1861 26484 W Conscrypt: Could not set socket write timeout: java.net.SocketException: Socket closed
11-10 16:05:51.822  1861 26484 W Conscrypt: 	at com.google.android.gms.org.conscrypt.Platform.setSocketWriteTimeout(:com.google.android.gms@202414022@20.24.14 (040700-319035315):2)
11-10 16:05:51.822  1861 26484 W Conscrypt: 	at com.google.android.gms.org.conscrypt.ConscryptFileDescriptorSocket.setSoWriteTimeout(:com.google.android.gms@202414022@20.24.14 (040700-319035315):0)
11-10 16:05:52.579  1861 16990 E SQLiteDatabase: Error inserting service_kind=0 source=16 tag=Measurement.PackageMeasurementTaskService.UPLOAD_TASK_TAG target_package=com.google.android.gms requires_charging=0 source_version=202414000 required_network_type=0 flex_time=3599000 persistence_level=1 target_class=com.google.android.gms.measurement.PackageMeasurementTaskService runtime=1668114352577 retry_strategy={"maximum_backoff_seconds":{"3600":0},"initial_backoff_seconds":{"30":0},"retry_policy":{"0":0}} preferred_network_type=1 required_idleness_state=0 preferred_charging_state=1 period=7200000 last_runtime=0 task_type=0 job_id=-1 user_id=0
11-10 16:05:52.579  1861 16990 E SQLiteDatabase: android.database.sqlite.SQLiteConstraintException: UNIQUE constraint failed: pending_ops.tag, pending_ops.target_class, pending_ops.target_package, pending_ops.user_id (code 2067)
11-10 16:05:52.579  1861 16990 E SQLiteDatabase: 	at android.database.sqlite.SQLiteConnection.nativeExecuteForLastInsertedRowId(Native Method)
11-10 16:05:52.579  1861 16990 E SQLiteDatabase: 	at android.database.sqlite.SQLiteConnection.executeForLastInsertedRowId(SQLiteConnection.java:782)
11-10 16:05:52.579  1861 16990 E SQLiteDatabase: 	at android.database.sqlite.SQLiteSession.executeForLastInsertedRowId(SQLiteSession.java:788)
11-10 16:05:52.579  1861 16990 E SQLiteDatabase: 	at android.database.sqlite.SQLiteStatement.executeInsert(SQLiteStatement.java:86)
11-10 16:05:52.579  1861 16990 E SQLiteDatabase: 	at android.database.sqlite.SQLiteDatabase.insertWithOnConflict(SQLiteDatabase.java:1474)
11-10 16:05:52.579  1861 16990 E SQLiteDatabase: 	at android.database.sqlite.SQLiteDatabase.insert(SQLiteDatabase.java:1343)
11-10 16:05:52.579  1861 16990 E SQLiteDatabase: 	at aqui.a(:com.google.android.gms@202414022@20.24.14 (040700-319035315):175)
11-10 16:05:52.579  1861 16990 E SQLiteDatabase: 	at aqtk.a(:com.google.android.gms@202414022@20.24.14 (040700-319035315):182)
11-10 16:05:52.579  1861 16990 E SQLiteDatabase: 	at aqtk.a(:com.google.android.gms@202414022@20.24.14 (040700-319035315):23)
11-10 16:05:52.579  1861 16990 E SQLiteDatabase: 	at aqtk.a(:com.google.android.gms@202414022@20.24.14 (040700-319035315):177)
11-10 16:05:52.579  1861 16990 E SQLiteDatabase: 	at aqpu.run(:com.google.android.gms@202414022@20.24.14 (040700-319035315):9)
11-10 16:05:52.579  1861 16990 E SQLiteDatabase: 	at soy.b(:com.google.android.gms@202414022@20.24.14 (040700-319035315):12)
11-10 16:05:52.579  1861 16990 E SQLiteDatabase: 	at soy.run(:com.google.android.gms@202414022@20.24.14 (040700-319035315):7)
11-10 16:05:52.579  1861 16990 E SQLiteDatabase: 	at java.util.concurrent.ThreadPoolExecutor.runWorker(ThreadPoolExecutor.java:1133)
11-10 16:05:52.579  1861 16990 E SQLiteDatabase: 	at java.util.concurrent.ThreadPoolExecutor$Worker.run(ThreadPoolExecutor.java:607)
11-10 16:05:52.579  1861 16990 E SQLiteDatabase: 	at sux.run(:com.google.android.gms@202414022@20.24.14 (040700-319035315):0)
11-10 16:05:52.579  1861 16990 E SQLiteDatabase: 	at java.lang.Thread.run(Thread.java:761)
11-10 16:05:54.078 18821 18821 D splashscreen: Gif animation completed
11-10 16:06:02.104 18821 18885 I FirebaseCrash: Sending crashes
11-10 16:06:04.283  1861  1048 I NetworkScheduler.Stats: Task com.google.android.gms/com.google.android.gms.icing.service.IcingGcmTaskService started execution. cause:4 exec_start_elapsed_seconds: 47596 [CONTEXT service_id=218 ]
11-10 16:06:04.294  1861 26484 I NetworkScheduler.Stats: Task com.google.android.gms/com.google.android.gms.icing.service.IcingGcmTaskService finished executing. cause:4 result: 1 elapsed_millis: 32 uptime_millis: 32 exec_start_elapsed_seconds: 47596 [CONTEXT service_id=218 ]
11-10 16:06:05.797 18886 18886 D AndroidRuntime: >>>>>> START com.android.internal.os.RuntimeInit uid 2000 <<<<<<
11-10 16:06:05.799 18886 18886 D AndroidRuntime: CheckJNI is ON
11-10 16:06:05.827 18886 18886 W art     : Unexpected CPU variant for X86 using defaults: x86
11-10 16:06:05.830 18886 18886 D ICU     : No timezone override file found: /data/misc/zoneinfo/current/icu/icu_tzdata.dat
