06-29 01:22:11.752 24157 24157 E android.os.Debug: failed to load memtrack module: -2
06-29 01:22:11.753 24157 24157 I Radio-JNI: register_android_hardware_Radio DONE
06-29 01:22:11.757 24157 24157 D AndroidRuntime: Calling main entry com.android.commands.uiautomator.Launcher
06-29 01:22:12.783 24157 24157 W AccessibilityNodeInfoDumper: Fetch time: 6ms
06-29 01:22:12.784  1724  4314 W WindowManager: Attempted to remove non-existing token: android.os.Binder@c1ab62c
06-29 01:22:12.787 24157 24157 D AndroidRuntime: Shutting down VM
06-29 01:22:15.020 24174 24174 D AndroidRuntime: >>>>>> START com.android.internal.os.RuntimeInit uid 2000 <<<<<<
06-29 01:22:15.021 24174 24174 D AndroidRuntime: CheckJNI is ON
06-29 01:22:15.039 24174 24174 W art     : Unexpected CPU variant for X86 using defaults: x86
06-29 01:22:15.041 24174 24174 D ICU     : No timezone override file found: /data/local/tmp/misc/zoneinfo/current/icu/icu_tzdata.dat
06-29 01:22:15.053 24174 24174 E memtrack: Couldn't load memtrack module (No such file or directory)
06-29 01:22:15.053 24174 24174 E android.os.Debug: failed to load memtrack module: -2
06-29 01:22:15.054 24174 24174 I Radio-JNI: register_android_hardware_Radio DONE
06-29 01:22:15.058 24174 24174 D AndroidRuntime: Calling main entry com.android.commands.uiautomator.Launcher
06-29 01:22:16.082 24174 24174 W AccessibilityNodeInfoDumper: Fetch time: 6ms
06-29 01:22:16.083  1724  2721 W WindowManager: Attempted to remove non-existing token: android.os.Binder@c3f468a
06-29 01:22:16.086 24174 24174 D AndroidRuntime: Shutting down VM
06-29 01:22:16.321 24191 24191 D AndroidRuntime: >>>>>> START com.android.internal.os.RuntimeInit uid 2000 <<<<<<
06-29 01:22:16.322 24191 24191 D AndroidRuntime: CheckJNI is ON
06-29 01:22:16.341 24191 24191 W art     : Unexpected CPU variant for X86 using defaults: x86
06-29 01:22:16.345 24191 24191 D ICU     : No timezone override file found: /data/local/tmp/misc/zoneinfo/current/icu/icu_tzdata.dat
06-29 01:22:16.359 24191 24191 E memtrack: Couldn't load memtrack module (No such file or directory)
06-29 01:22:16.359 24191 24191 E android.os.Debug: failed to load memtrack module: -2
06-29 01:22:16.359 24191 24191 I Radio-JNI: register_android_hardware_Radio DONE
06-29 01:22:16.363 24191 24191 D AndroidRuntime: Calling main entry com.android.commands.uiautomator.Launcher
06-29 01:22:17.389 24191 24191 W AccessibilityNodeInfoDumper: Fetch time: 6ms
06-29 01:22:17.389  1724  2966 W WindowManager: Attempted to remove non-existing token: android.os.Binder@1930918
06-29 01:22:17.393 24191 24191 D AndroidRuntime: Shutting down VM
06-29 01:22:17.627 24208 24208 D AndroidRuntime: >>>>>> START com.android.internal.os.RuntimeInit uid 2000 <<<<<<
06-29 01:22:17.628 24208 24208 D AndroidRuntime: CheckJNI is ON
06-29 01:22:17.647 24208 24208 W art     : Unexpected CPU variant for X86 using defaults: x86
06-29 01:22:17.649 24208 24208 D ICU     : No timezone override file found: /data/local/tmp/misc/zoneinfo/current/icu/icu_tzdata.dat
06-29 01:22:17.662 24208 24208 E memtrack: Couldn't load memtrack module (No such file or directory)
06-29 01:22:17.662 24208 24208 E android.os.Debug: failed to load memtrack module: -2
06-29 01:22:17.663 24208 24208 I Radio-JNI: register_android_hardware_Radio DONE
06-29 01:22:17.667 24208 24208 D AndroidRuntime: Calling main entry com.android.commands.uiautomator.Launcher
06-29 01:22:18.690 24208 24208 W AccessibilityNodeInfoDumper: Fetch time: 5ms
06-29 01:22:18.690  1724  1751 W WindowManager: Attempted to remove non-existing token: android.os.Binder@dd34156
06-29 01:22:18.693 24208 24208 D AndroidRuntime: Shutting down VM
06-29 01:22:18.963 24228 24228 D AndroidRuntime: >>>>>> START com.android.internal.os.RuntimeInit uid 2000 <<<<<<
06-29 01:22:18.964 24228 24228 D AndroidRuntime: CheckJNI is ON
06-29 01:22:18.983 24228 24228 W art     : Unexpected CPU variant for X86 using defaults: x86
06-29 01:22:18.985 24228 24228 D ICU     : No timezone override file found: /data/local/tmp/misc/zoneinfo/current/icu/icu_tzdata.dat
06-29 01:22:18.997 24228 24228 E memtrack: Couldn't load memtrack module (No such file or directory)
06-29 01:22:18.997 24228 24228 E android.os.Debug: failed to load memtrack module: -2
06-29 01:22:18.997 24228 24228 I Radio-JNI: register_android_hardware_Radio DONE
06-29 01:22:19.002 24228 24228 D AndroidRuntime: Calling main entry com.android.commands.uiautomator.Launcher
06-29 01:22:20.021 24228 24228 W AccessibilityNodeInfoDumper: Fetch time: 4ms
06-29 01:22:20.021  1724  2032 W WindowManager: Attempted to remove non-existing token: android.os.Binder@ada1ce2
06-29 01:22:20.025 24228 24228 D AndroidRuntime: Shutting down VM
06-29 01:22:20.237 24243 24243 D AndroidRuntime: >>>>>> START com.android.internal.os.RuntimeInit uid 2000 <<<<<<
06-29 01:22:20.238 24243 24243 D AndroidRuntime: CheckJNI is ON
06-29 01:22:20.260 24243 24243 W art     : Unexpected CPU variant for X86 using defaults: x86
06-29 01:22:20.263 24243 24243 D ICU     : No timezone override file found: /data/misc/zoneinfo/current/icu/icu_tzdata.dat
06-29 01:22:20.274 24243 24243 E memtrack: Couldn't load memtrack module (No such file or directory)
06-29 01:22:20.274 24243 24243 E android.os.Debug: failed to load memtrack module: -2
06-29 01:22:20.275 24243 24243 I Radio-JNI: register_android_hardware_Radio DONE
06-29 01:22:20.281 24243 24243 D AndroidRuntime: Calling main entry com.android.commands.input.Input
06-29 01:22:20.286 24243 24243 I Input   : injectMotionEvent: MotionEvent { action=ACTION_DOWN, actionButton=0, id[0]=0, x[0]=784.0, y[0]=136.0, toolType[0]=TOOL_TYPE_UNKNOWN, buttonState=0, metaState=0, flags=0x0, edgeFlags=0x0, pointerCount=1, historySize=0, eventTime=7564956, downTime=7564956, deviceId=0, source=0x1002 }
06-29 01:22:20.287 24243 24243 I Input   : injectMotionEvent: MotionEvent { action=ACTION_MOVE, actionButton=0, id[0]=0, x[0]=784.0, y[0]=136.0, toolType[0]=TOOL_TYPE_UNKNOWN, buttonState=0, metaState=0, flags=0x0, edgeFlags=0x0, pointerCount=1, historySize=0, eventTime=7564956, downTime=7564956, deviceId=0, source=0x1002 }
06-29 01:22:20.296 24243 24243 I Input   : injectMotionEvent: MotionEvent { action=ACTION_MOVE, actionButton=0, id[0]=0, x[0]=784.0, y[0]=136.0, toolType[0]=TOOL_TYPE_UNKNOWN, buttonState=0, metaState=0, flags=0x0, edgeFlags=0x0, pointerCount=1, historySize=0, eventTime=7564968, downTime=7564968, deviceId=0, source=0x1002 }
06-29 01:22:20.311 24243 24243 I Input   : injectMotionEvent: MotionEvent { action=ACTION_MOVE, actionButton=0, id[0]=0, x[0]=784.0, y[0]=136.0, toolType[0]=TOOL_TYPE_UNKNOWN, buttonState=0, metaState=0, flags=0x0, edgeFlags=0x0, pointerCount=1, historySize=0, eventTime=7564984, downTime=7564984, deviceId=0, source=0x1002 }
06-29 01:22:20.331 24243 24243 I Input   : injectMotionEvent: MotionEvent { action=ACTION_MOVE, actionButton=0, id[0]=0, x[0]=784.0, y[0]=136.0, toolType[0]=TOOL_TYPE_UNKNOWN, buttonState=0, metaState=0, flags=0x0, edgeFlags=0x0, pointerCount=1, historySize=0, eventTime=7565004, downTime=7565004, deviceId=0, source=0x1002 }
06-29 01:22:20.346 24243 24243 I Input   : injectMotionEvent: MotionEvent { action=ACTION_MOVE, actionButton=0, id[0]=0, x[0]=784.0, y[0]=136.0, toolType[0]=TOOL_TYPE_UNKNOWN, buttonState=0, metaState=0, flags=0x0, edgeFlags=0x0, pointerCount=1, historySize=0, eventTime=7565018, downTime=7565018, deviceId=0, source=0x1002 }
06-29 01:22:20.362 24243 24243 I Input   : injectMotionEvent: MotionEvent { action=ACTION_MOVE, actionButton=0, id[0]=0, x[0]=784.0, y[0]=136.0, toolType[0]=TOOL_TYPE_UNKNOWN, buttonState=0, metaState=0, flags=0x0, edgeFlags=0x0, pointerCount=1, historySize=0, eventTime=7565034, downTime=7565034, deviceId=0, source=0x1002 }
06-29 01:22:20.380 24243 24243 I Input   : injectMotionEvent: MotionEvent { action=ACTION_MOVE, actionButton=0, id[0]=0, x[0]=784.0, y[0]=136.0, toolType[0]=TOOL_TYPE_UNKNOWN, buttonState=0, metaState=0, flags=0x0, edgeFlags=0x0, pointerCount=1, historySize=0, eventTime=7565053, downTime=7565053, deviceId=0, source=0x1002 }
06-29 01:22:20.395 24243 24243 I Input   : injectMotionEvent: MotionEvent { action=ACTION_MOVE, actionButton=0, id[0]=0, x[0]=784.0, y[0]=136.0, toolType[0]=TOOL_TYPE_UNKNOWN, buttonState=0, metaState=0, flags=0x0, edgeFlags=0x0, pointerCount=1, historySize=0, eventTime=7565067, downTime=7565067, deviceId=0, source=0x1002 }
06-29 01:22:20.411 24243 24243 I Input   : injectMotionEvent: MotionEvent { action=ACTION_MOVE, actionButton=0, id[0]=0, x[0]=784.0, y[0]=136.0, toolType[0]=TOOL_TYPE_UNKNOWN, buttonState=0, metaState=0, flags=0x0, edgeFlags=0x0, pointerCount=1, historySize=0, eventTime=7565083, downTime=7565083, deviceId=0, source=0x1002 }
06-29 01:22:20.429 24243 24243 I Input   : injectMotionEvent: MotionEvent { action=ACTION_MOVE, actionButton=0, id[0]=0, x[0]=784.0, y[0]=136.0, toolType[0]=TOOL_TYPE_UNKNOWN, buttonState=0, metaState=0, flags=0x0, edgeFlags=0x0, pointerCount=1, historySize=0, eventTime=7565101, downTime=7565101, deviceId=0, source=0x1002 }
06-29 01:22:20.445 24243 24243 I Input   : injectMotionEvent: MotionEvent { action=ACTION_MOVE, actionButton=0, id[0]=0, x[0]=784.0, y[0]=136.0, toolType[0]=TOOL_TYPE_UNKNOWN, buttonState=0, metaState=0, flags=0x0, edgeFlags=0x0, pointerCount=1, historySize=0, eventTime=7565118, downTime=7565118, deviceId=0, source=0x1002 }
06-29 01:22:20.461 24243 24243 I Input   : injectMotionEvent: MotionEvent { action=ACTION_MOVE, actionButton=0, id[0]=0, x[0]=784.0, y[0]=136.0, toolType[0]=TOOL_TYPE_UNKNOWN, buttonState=0, metaState=0, flags=0x0, edgeFlags=0x0, pointerCount=1, historySize=0, eventTime=7565134, downTime=7565134, deviceId=0, source=0x1002 }
06-29 01:22:20.478 24243 24243 I Input   : injectMotionEvent: MotionEvent { action=ACTION_MOVE, actionButton=0, id[0]=0, x[0]=784.0, y[0]=136.0, toolType[0]=TOOL_TYPE_UNKNOWN, buttonState=0, metaState=0, flags=0x0, edgeFlags=0x0, pointerCount=1, historySize=0, eventTime=7565151, downTime=7565151, deviceId=0, source=0x1002 }
06-29 01:22:20.495 24243 24243 I Input   : injectMotionEvent: MotionEvent { action=ACTION_MOVE, actionButton=0, id[0]=0, x[0]=784.0, y[0]=136.0, toolType[0]=TOOL_TYPE_UNKNOWN, buttonState=0, metaState=0, flags=0x0, edgeFlags=0x0, pointerCount=1, historySize=0, eventTime=7565167, downTime=7565167, deviceId=0, source=0x1002 }
06-29 01:22:20.512 24243 24243 I Input   : injectMotionEvent: MotionEvent { action=ACTION_MOVE, actionButton=0, id[0]=0, x[0]=784.0, y[0]=136.0, toolType[0]=TOOL_TYPE_UNKNOWN, buttonState=0, metaState=0, flags=0x0, edgeFlags=0x0, pointerCount=1, historySize=0, eventTime=7565184, downTime=7565184, deviceId=0, source=0x1002 }
06-29 01:22:20.530 24243 24243 I Input   : injectMotionEvent: MotionEvent { action=ACTION_MOVE, actionButton=0, id[0]=0, x[0]=784.0, y[0]=136.0, toolType[0]=TOOL_TYPE_UNKNOWN, buttonState=0, metaState=0, flags=0x0, edgeFlags=0x0, pointerCount=1, historySize=0, eventTime=7565202, downTime=7565202, deviceId=0, source=0x1002 }
06-29 01:22:20.546 24243 24243 I Input   : injectMotionEvent: MotionEvent { action=ACTION_MOVE, actionButton=0, id[0]=0, x[0]=784.0, y[0]=136.0, toolType[0]=TOOL_TYPE_UNKNOWN, buttonState=0, metaState=0, flags=0x0, edgeFlags=0x0, pointerCount=1, historySize=0, eventTime=7565219, downTime=7565219, deviceId=0, source=0x1002 }
06-29 01:22:20.561 24243 24243 I Input   : injectMotionEvent: MotionEvent { action=ACTION_MOVE, actionButton=0, id[0]=0, x[0]=784.0, y[0]=136.0, toolType[0]=TOOL_TYPE_UNKNOWN, buttonState=0, metaState=0, flags=0x0, edgeFlags=0x0, pointerCount=1, historySize=0, eventTime=7565233, downTime=7565233, deviceId=0, source=0x1002 }
06-29 01:22:20.577 24243 24243 I Input   : injectMotionEvent: MotionEvent { action=ACTION_MOVE, actionButton=0, id[0]=0, x[0]=784.0, y[0]=136.0, toolType[0]=TOOL_TYPE_UNKNOWN, buttonState=0, metaState=0, flags=0x0, edgeFlags=0x0, pointerCount=1, historySize=0, eventTime=7565250, downTime=7565250, deviceId=0, source=0x1002 }
06-29 01:22:20.595 24243 24243 I Input   : injectMotionEvent: MotionEvent { action=ACTION_MOVE, actionButton=0, id[0]=0, x[0]=784.0, y[0]=136.0, toolType[0]=TOOL_TYPE_UNKNOWN, buttonState=0, metaState=0, flags=0x0, edgeFlags=0x0, pointerCount=1, historySize=0, eventTime=7565268, downTime=7565268, deviceId=0, source=0x1002 }
06-29 01:22:20.612 24243 24243 I Input   : injectMotionEvent: MotionEvent { action=ACTION_MOVE, actionButton=0, id[0]=0, x[0]=784.0, y[0]=136.0, toolType[0]=TOOL_TYPE_UNKNOWN, buttonState=0, metaState=0, flags=0x0, edgeFlags=0x0, pointerCount=1, historySize=0, eventTime=7565284, downTime=7565284, deviceId=0, source=0x1002 }
06-29 01:22:20.628 24243 24243 I Input   : injectMotionEvent: MotionEvent { action=ACTION_MOVE, actionButton=0, id[0]=0, x[0]=784.0, y[0]=136.0, toolType[0]=TOOL_TYPE_UNKNOWN, buttonState=0, metaState=0, flags=0x0, edgeFlags=0x0, pointerCount=1, historySize=0, eventTime=7565300, downTime=7565300, deviceId=0, source=0x1002 }
06-29 01:22:20.646 24243 24243 I Input   : injectMotionEvent: MotionEvent { action=ACTION_MOVE, actionButton=0, id[0]=0, x[0]=784.0, y[0]=136.0, toolType[0]=TOOL_TYPE_UNKNOWN, buttonState=0, metaState=0, flags=0x0, edgeFlags=0x0, pointerCount=1, historySize=0, eventTime=7565319, downTime=7565319, deviceId=0, source=0x1002 }
06-29 01:22:20.661 24243 24243 I Input   : injectMotionEvent: MotionEvent { action=ACTION_MOVE, actionButton=0, id[0]=0, x[0]=784.0, y[0]=136.0, toolType[0]=TOOL_TYPE_UNKNOWN, buttonState=0, metaState=0, flags=0x0, edgeFlags=0x0, pointerCount=1, historySize=0, eventTime=7565334, downTime=7565334, deviceId=0, source=0x1002 }
06-29 01:22:20.679 24243 24243 I Input   : injectMotionEvent: MotionEvent { action=ACTION_MOVE, actionButton=0, id[0]=0, x[0]=784.0, y[0]=136.0, toolType[0]=TOOL_TYPE_UNKNOWN, buttonState=0, metaState=0, flags=0x0, edgeFlags=0x0, pointerCount=1, historySize=0, eventTime=7565351, downTime=7565351, deviceId=0, source=0x1002 }
06-29 01:22:20.696 24243 24243 I Input   : injectMotionEvent: MotionEvent { action=ACTION_MOVE, actionButton=0, id[0]=0, x[0]=784.0, y[0]=136.0, toolType[0]=TOOL_TYPE_UNKNOWN, buttonState=0, metaState=0, flags=0x0, edgeFlags=0x0, pointerCount=1, historySize=0, eventTime=7565368, downTime=7565368, deviceId=0, source=0x1002 }
06-29 01:22:20.712 24243 24243 I Input   : injectMotionEvent: MotionEvent { action=ACTION_MOVE, actionButton=0, id[0]=0, x[0]=784.0, y[0]=136.0, toolType[0]=TOOL_TYPE_UNKNOWN, buttonState=0, metaState=0, flags=0x0, edgeFlags=0x0, pointerCount=1, historySize=0, eventTime=7565384, downTime=7565384, deviceId=0, source=0x1002 }
06-29 01:22:20.729 24243 24243 I Input   : injectMotionEvent: MotionEvent { action=ACTION_MOVE, actionButton=0, id[0]=0, x[0]=784.0, y[0]=136.0, toolType[0]=TOOL_TYPE_UNKNOWN, buttonState=0, metaState=0, flags=0x0, edgeFlags=0x0, pointerCount=1, historySize=0, eventTime=7565401, downTime=7565401, deviceId=0, source=0x1002 }
06-29 01:22:20.744 24243 24243 I Input   : injectMotionEvent: MotionEvent { action=ACTION_MOVE, actionButton=0, id[0]=0, x[0]=784.0, y[0]=136.0, toolType[0]=TOOL_TYPE_UNKNOWN, buttonState=0, metaState=0, flags=0x0, edgeFlags=0x0, pointerCount=1, historySize=0, eventTime=7565416, downTime=7565416, deviceId=0, source=0x1002 }
06-29 01:22:20.762 24243 24243 I Input   : injectMotionEvent: MotionEvent { action=ACTION_MOVE, actionButton=0, id[0]=0, x[0]=784.0, y[0]=136.0, toolType[0]=TOOL_TYPE_UNKNOWN, buttonState=0, metaState=0, flags=0x0, edgeFlags=0x0, pointerCount=1, historySize=0, eventTime=7565434, downTime=7565434, deviceId=0, source=0x1002 }
06-29 01:22:20.782 24243 24243 I Input   : injectMotionEvent: MotionEvent { action=ACTION_MOVE, actionButton=0, id[0]=0, x[0]=784.0, y[0]=136.0, toolType[0]=TOOL_TYPE_UNKNOWN, buttonState=0, metaState=0, flags=0x0, edgeFlags=0x0, pointerCount=1, historySize=0, eventTime=7565454, downTime=7565454, deviceId=0, source=0x1002 }
06-29 01:22:20.794 24243 24243 I Input   : injectMotionEvent: MotionEvent { action=ACTION_MOVE, actionButton=0, id[0]=0, x[0]=784.0, y[0]=136.0, toolType[0]=TOOL_TYPE_UNKNOWN, buttonState=0, metaState=0, flags=0x0, edgeFlags=0x0, pointerCount=1, historySize=0, eventTime=7565467, downTime=7565467, deviceId=0, source=0x1002 }
06-29 01:22:20.812 24243 24243 I Input   : injectMotionEvent: MotionEvent { action=ACTION_MOVE, actionButton=0, id[0]=0, x[0]=784.0, y[0]=136.0, toolType[0]=TOOL_TYPE_UNKNOWN, buttonState=0, metaState=0, flags=0x0, edgeFlags=0x0, pointerCount=1, historySize=0, eventTime=7565484, downTime=7565484, deviceId=0, source=0x1002 }
06-29 01:22:20.827 24243 24243 I Input   : injectMotionEvent: MotionEvent { action=ACTION_MOVE, actionButton=0, id[0]=0, x[0]=784.0, y[0]=136.0, toolType[0]=TOOL_TYPE_UNKNOWN, buttonState=0, metaState=0, flags=0x0, edgeFlags=0x0, pointerCount=1, historySize=0, eventTime=7565500, downTime=7565500, deviceId=0, source=0x1002 }
06-29 01:22:20.845 24243 24243 I Input   : injectMotionEvent: MotionEvent { action=ACTION_MOVE, actionButton=0, id[0]=0, x[0]=784.0, y[0]=136.0, toolType[0]=TOOL_TYPE_UNKNOWN, buttonState=0, metaState=0, flags=0x0, edgeFlags=0x0, pointerCount=1, historySize=0, eventTime=7565518, downTime=7565518, deviceId=0, source=0x1002 }
06-29 01:22:20.861 24243 24243 I Input   : injectMotionEvent: MotionEvent { action=ACTION_MOVE, actionButton=0, id[0]=0, x[0]=784.0, y[0]=136.0, toolType[0]=TOOL_TYPE_UNKNOWN, buttonState=0, metaState=0, flags=0x0, edgeFlags=0x0, pointerCount=1, historySize=0, eventTime=7565534, downTime=7565534, deviceId=0, source=0x1002 }
06-29 01:22:20.880 24243 24243 I Input   : injectMotionEvent: MotionEvent { action=ACTION_MOVE, actionButton=0, id[0]=0, x[0]=784.0, y[0]=136.0, toolType[0]=TOOL_TYPE_UNKNOWN, buttonState=0, metaState=0, flags=0x0, edgeFlags=0x0, pointerCount=1, historySize=0, eventTime=7565553, downTime=7565553, deviceId=0, source=0x1002 }
06-29 01:22:20.895 24243 24243 I Input   : injectMotionEvent: MotionEvent { action=ACTION_MOVE, actionButton=0, id[0]=0, x[0]=784.0, y[0]=136.0, toolType[0]=TOOL_TYPE_UNKNOWN, buttonState=0, metaState=0, flags=0x0, edgeFlags=0x0, pointerCount=1, historySize=0, eventTime=7565567, downTime=7565567, deviceId=0, source=0x1002 }
06-29 01:22:20.912 24243 24243 I Input   : injectMotionEvent: MotionEvent { action=ACTION_MOVE, actionButton=0, id[0]=0, x[0]=784.0, y[0]=136.0, toolType[0]=TOOL_TYPE_UNKNOWN, buttonState=0, metaState=0, flags=0x0, edgeFlags=0x0, pointerCount=1, historySize=0, eventTime=7565584, downTime=7565584, deviceId=0, source=0x1002 }
06-29 01:22:20.929 24243 24243 I Input   : injectMotionEvent: MotionEvent { action=ACTION_MOVE, actionButton=0, id[0]=0, x[0]=784.0, y[0]=136.0, toolType[0]=TOOL_TYPE_UNKNOWN, buttonState=0, metaState=0, flags=0x0, edgeFlags=0x0, pointerCount=1, historySize=0, eventTime=7565601, downTime=7565601, deviceId=0, source=0x1002 }
06-29 01:22:20.946 24243 24243 I Input   : injectMotionEvent: MotionEvent { action=ACTION_MOVE, actionButton=0, id[0]=0, x[0]=784.0, y[0]=136.0, toolType[0]=TOOL_TYPE_UNKNOWN, buttonState=0, metaState=0, flags=0x0, edgeFlags=0x0, pointerCount=1, historySize=0, eventTime=7565619, downTime=7565619, deviceId=0, source=0x1002 }
06-29 01:22:20.962 24243 24243 I Input   : injectMotionEvent: MotionEvent { action=ACTION_MOVE, actionButton=0, id[0]=0, x[0]=784.0, y[0]=136.0, toolType[0]=TOOL_TYPE_UNKNOWN, buttonState=0, metaState=0, flags=0x0, edgeFlags=0x0, pointerCount=1, historySize=0, eventTime=7565635, downTime=7565635, deviceId=0, source=0x1002 }
06-29 01:22:20.980 24243 24243 I Input   : injectMotionEvent: MotionEvent { action=ACTION_MOVE, actionButton=0, id[0]=0, x[0]=784.0, y[0]=136.0, toolType[0]=TOOL_TYPE_UNKNOWN, buttonState=0, metaState=0, flags=0x0, edgeFlags=0x0, pointerCount=1, historySize=0, eventTime=7565652, downTime=7565652, deviceId=0, source=0x1002 }
06-29 01:22:20.996 24243 24243 I Input   : injectMotionEvent: MotionEvent { action=ACTION_MOVE, actionButton=0, id[0]=0, x[0]=784.0, y[0]=136.0, toolType[0]=TOOL_TYPE_UNKNOWN, buttonState=0, metaState=0, flags=0x0, edgeFlags=0x0, pointerCount=1, historySize=0, eventTime=7565668, downTime=7565668, deviceId=0, source=0x1002 }
06-29 01:22:21.012 24243 24243 I Input   : injectMotionEvent: MotionEvent { action=ACTION_MOVE, actionButton=0, id[0]=0, x[0]=784.0, y[0]=136.0, toolType[0]=TOOL_TYPE_UNKNOWN, buttonState=0, metaState=0, flags=0x0, edgeFlags=0x0, pointerCount=1, historySize=0, eventTime=7565684, downTime=7565684, deviceId=0, source=0x1002 }
06-29 01:22:21.028 24243 24243 I Input   : injectMotionEvent: MotionEvent { action=ACTION_MOVE, actionButton=0, id[0]=0, x[0]=784.0, y[0]=136.0, toolType[0]=TOOL_TYPE_UNKNOWN, buttonState=0, metaState=0, flags=0x0, edgeFlags=0x0, pointerCount=1, historySize=0, eventTime=7565700, downTime=7565700, deviceId=0, source=0x1002 }
06-29 01:22:21.045 24243 24243 I Input   : injectMotionEvent: MotionEvent { action=ACTION_MOVE, actionButton=0, id[0]=0, x[0]=784.0, y[0]=136.0, toolType[0]=TOOL_TYPE_UNKNOWN, buttonState=0, metaState=0, flags=0x0, edgeFlags=0x0, pointerCount=1, historySize=0, eventTime=7565717, downTime=7565717, deviceId=0, source=0x1002 }
06-29 01:22:21.061 24243 24243 I Input   : injectMotionEvent: MotionEvent { action=ACTION_MOVE, actionButton=0, id[0]=0, x[0]=784.0, y[0]=136.0, toolType[0]=TOOL_TYPE_UNKNOWN, buttonState=0, metaState=0, flags=0x0, edgeFlags=0x0, pointerCount=1, historySize=0, eventTime=7565734, downTime=7565734, deviceId=0, source=0x1002 }
06-29 01:22:21.079 24243 24243 I Input   : injectMotionEvent: MotionEvent { action=ACTION_MOVE, actionButton=0, id[0]=0, x[0]=784.0, y[0]=136.0, toolType[0]=TOOL_TYPE_UNKNOWN, buttonState=0, metaState=0, flags=0x0, edgeFlags=0x0, pointerCount=1, historySize=0, eventTime=7565752, downTime=7565752, deviceId=0, source=0x1002 }
06-29 01:22:21.095 24243 24243 I Input   : injectMotionEvent: MotionEvent { action=ACTION_MOVE, actionButton=0, id[0]=0, x[0]=784.0, y[0]=136.0, toolType[0]=TOOL_TYPE_UNKNOWN, buttonState=0, metaState=0, flags=0x0, edgeFlags=0x0, pointerCount=1, historySize=0, eventTime=7565767, downTime=7565767, deviceId=0, source=0x1002 }
06-29 01:22:21.112 24243 24243 I Input   : injectMotionEvent: MotionEvent { action=ACTION_MOVE, actionButton=0, id[0]=0, x[0]=784.0, y[0]=136.0, toolType[0]=TOOL_TYPE_UNKNOWN, buttonState=0, metaState=0, flags=0x0, edgeFlags=0x0, pointerCount=1, historySize=0, eventTime=7565785, downTime=7565785, deviceId=0, source=0x1002 }
06-29 01:22:21.128 24243 24243 I Input   : injectMotionEvent: MotionEvent { action=ACTION_MOVE, actionButton=0, id[0]=0, x[0]=784.0, y[0]=136.0, toolType[0]=TOOL_TYPE_UNKNOWN, buttonState=0, metaState=0, flags=0x0, edgeFlags=0x0, pointerCount=1, historySize=0, eventTime=7565800, downTime=7565800, deviceId=0, source=0x1002 }
06-29 01:22:21.145 24243 24243 I Input   : injectMotionEvent: MotionEvent { action=ACTION_MOVE, actionButton=0, id[0]=0, x[0]=784.0, y[0]=136.0, toolType[0]=TOOL_TYPE_UNKNOWN, buttonState=0, metaState=0, flags=0x0, edgeFlags=0x0, pointerCount=1, historySize=0, eventTime=7565818, downTime=7565818, deviceId=0, source=0x1002 }
06-29 01:22:21.162 24243 24243 I Input   : injectMotionEvent: MotionEvent { action=ACTION_MOVE, actionButton=0, id[0]=0, x[0]=784.0, y[0]=136.0, toolType[0]=TOOL_TYPE_UNKNOWN, buttonState=0, metaState=0, flags=0x0, edgeFlags=0x0, pointerCount=1, historySize=0, eventTime=7565834, downTime=7565834, deviceId=0, source=0x1002 }
06-29 01:22:21.179 24243 24243 I Input   : injectMotionEvent: MotionEvent { action=ACTION_MOVE, actionButton=0, id[0]=0, x[0]=784.0, y[0]=136.0, toolType[0]=TOOL_TYPE_UNKNOWN, buttonState=0, metaState=0, flags=0x0, edgeFlags=0x0, pointerCount=1, historySize=0, eventTime=7565852, downTime=7565852, deviceId=0, source=0x1002 }
06-29 01:22:21.195 24243 24243 I Input   : injectMotionEvent: MotionEvent { action=ACTION_MOVE, actionButton=0, id[0]=0, x[0]=784.0, y[0]=136.0, toolType[0]=TOOL_TYPE_UNKNOWN, buttonState=0, metaState=0, flags=0x0, edgeFlags=0x0, pointerCount=1, historySize=0, eventTime=7565867, downTime=7565867, deviceId=0, source=0x1002 }
06-29 01:22:21.212 24243 24243 I Input   : injectMotionEvent: MotionEvent { action=ACTION_MOVE, actionButton=0, id[0]=0, x[0]=784.0, y[0]=136.0, toolType[0]=TOOL_TYPE_UNKNOWN, buttonState=0, metaState=0, flags=0x0, edgeFlags=0x0, pointerCount=1, historySize=0, eventTime=7565884, downTime=7565884, deviceId=0, source=0x1002 }
06-29 01:22:21.228 24243 24243 I Input   : injectMotionEvent: MotionEvent { action=ACTION_MOVE, actionButton=0, id[0]=0, x[0]=784.0, y[0]=136.0, toolType[0]=TOOL_TYPE_UNKNOWN, buttonState=0, metaState=0, flags=0x0, edgeFlags=0x0, pointerCount=1, historySize=0, eventTime=7565901, downTime=7565901, deviceId=0, source=0x1002 }
06-29 01:22:21.244 24243 24243 I Input   : injectMotionEvent: MotionEvent { action=ACTION_MOVE, actionButton=0, id[0]=0, x[0]=784.0, y[0]=136.0, toolType[0]=TOOL_TYPE_UNKNOWN, buttonState=0, metaState=0, flags=0x0, edgeFlags=0x0, pointerCount=1, historySize=0, eventTime=7565917, downTime=7565917, deviceId=0, source=0x1002 }
06-29 01:22:21.262 24243 24243 I Input   : injectMotionEvent: MotionEvent { action=ACTION_MOVE, actionButton=0, id[0]=0, x[0]=784.0, y[0]=136.0, toolType[0]=TOOL_TYPE_UNKNOWN, buttonState=0, metaState=0, flags=0x0, edgeFlags=0x0, pointerCount=1, historySize=0, eventTime=7565935, downTime=7565935, deviceId=0, source=0x1002 }
06-29 01:22:21.279 24243 24243 I Input   : injectMotionEvent: MotionEvent { action=ACTION_MOVE, actionButton=0, id[0]=0, x[0]=784.0, y[0]=136.0, toolType[0]=TOOL_TYPE_UNKNOWN, buttonState=0, metaState=0, flags=0x0, edgeFlags=0x0, pointerCount=1, historySize=0, eventTime=7565952, downTime=7565952, deviceId=0, source=0x1002 }
06-29 01:22:21.294 24243 24243 I Input   : injectMotionEvent: MotionEvent { action=ACTION_MOVE, actionButton=0, id[0]=0, x[0]=784.0, y[0]=136.0, toolType[0]=TOOL_TYPE_UNKNOWN, buttonState=0, metaState=0, flags=0x0, edgeFlags=0x0, pointerCount=1, historySize=0, eventTime=7565967, downTime=7565967, deviceId=0, source=0x1002 }
06-29 01:22:21.311 24243 24243 I Input   : injectMotionEvent: MotionEvent { action=ACTION_MOVE, actionButton=0, id[0]=0, x[0]=784.0, y[0]=136.0, toolType[0]=TOOL_TYPE_UNKNOWN, buttonState=0, metaState=0, flags=0x0, edgeFlags=0x0, pointerCount=1, historySize=0, eventTime=7565984, downTime=7565984, deviceId=0, source=0x1002 }
06-29 01:22:21.330 24243 24243 I Input   : injectMotionEvent: MotionEvent { action=ACTION_MOVE, actionButton=0, id[0]=0, x[0]=784.0, y[0]=136.0, toolType[0]=TOOL_TYPE_UNKNOWN, buttonState=0, metaState=0, flags=0x0, edgeFlags=0x0, pointerCount=1, historySize=0, eventTime=7566003, downTime=7566003, deviceId=0, source=0x1002 }
06-29 01:22:21.346 24243 24243 I Input   : injectMotionEvent: MotionEvent { action=ACTION_MOVE, actionButton=0, id[0]=0, x[0]=784.0, y[0]=136.0, toolType[0]=TOOL_TYPE_UNKNOWN, buttonState=0, metaState=0, flags=0x0, edgeFlags=0x0, pointerCount=1, historySize=0, eventTime=7566018, downTime=7566018, deviceId=0, source=0x1002 }
06-29 01:22:21.362 24243 24243 I Input   : injectMotionEvent: MotionEvent { action=ACTION_MOVE, actionButton=0, id[0]=0, x[0]=784.0, y[0]=136.0, toolType[0]=TOOL_TYPE_UNKNOWN, buttonState=0, metaState=0, flags=0x0, edgeFlags=0x0, pointerCount=1, historySize=0, eventTime=7566035, downTime=7566035, deviceId=0, source=0x1002 }
06-29 01:22:21.381 24243 24243 I Input   : injectMotionEvent: MotionEvent { action=ACTION_MOVE, actionButton=0, id[0]=0, x[0]=784.0, y[0]=136.0, toolType[0]=TOOL_TYPE_UNKNOWN, buttonState=0, metaState=0, flags=0x0, edgeFlags=0x0, pointerCount=1, historySize=0, eventTime=7566054, downTime=7566054, deviceId=0, source=0x1002 }
06-29 01:22:21.397 24243 24243 I Input   : injectMotionEvent: MotionEvent { action=ACTION_MOVE, actionButton=0, id[0]=0, x[0]=784.0, y[0]=136.0, toolType[0]=TOOL_TYPE_UNKNOWN, buttonState=0, metaState=0, flags=0x0, edgeFlags=0x0, pointerCount=1, historySize=0, eventTime=7566069, downTime=7566069, deviceId=0, source=0x1002 }
06-29 01:22:21.412 24243 24243 I Input   : injectMotionEvent: MotionEvent { action=ACTION_MOVE, actionButton=0, id[0]=0, x[0]=784.0, y[0]=136.0, toolType[0]=TOOL_TYPE_UNKNOWN, buttonState=0, metaState=0, flags=0x0, edgeFlags=0x0, pointerCount=1, historySize=0, eventTime=7566085, downTime=7566085, deviceId=0, source=0x1002 }
06-29 01:22:21.428 24243 24243 I Input   : injectMotionEvent: MotionEvent { action=ACTION_MOVE, actionButton=0, id[0]=0, x[0]=784.0, y[0]=136.0, toolType[0]=TOOL_TYPE_UNKNOWN, buttonState=0, metaState=0, flags=0x0, edgeFlags=0x0, pointerCount=1, historySize=0, eventTime=7566101, downTime=7566101, deviceId=0, source=0x1002 }
06-29 01:22:21.445 24243 24243 I Input   : injectMotionEvent: MotionEvent { action=ACTION_MOVE, actionButton=0, id[0]=0, x[0]=784.0, y[0]=136.0, toolType[0]=TOOL_TYPE_UNKNOWN, buttonState=0, metaState=0, flags=0x0, edgeFlags=0x0, pointerCount=1, historySize=0, eventTime=7566118, downTime=7566118, deviceId=0, source=0x1002 }
06-29 01:22:21.462 24243 24243 I Input   : injectMotionEvent: MotionEvent { action=ACTION_MOVE, actionButton=0, id[0]=0, x[0]=784.0, y[0]=136.0, toolType[0]=TOOL_TYPE_UNKNOWN, buttonState=0, metaState=0, flags=0x0, edgeFlags=0x0, pointerCount=1, historySize=0, eventTime=7566134, downTime=7566134, deviceId=0, source=0x1002 }
06-29 01:22:21.480 24243 24243 I Input   : injectMotionEvent: MotionEvent { action=ACTION_MOVE, actionButton=0, id[0]=0, x[0]=784.0, y[0]=136.0, toolType[0]=TOOL_TYPE_UNKNOWN, buttonState=0, metaState=0, flags=0x0, edgeFlags=0x0, pointerCount=1, historySize=0, eventTime=7566152, downTime=7566152, deviceId=0, source=0x1002 }
06-29 01:22:21.496 24243 24243 I Input   : injectMotionEvent: MotionEvent { action=ACTION_MOVE, actionButton=0, id[0]=0, x[0]=784.0, y[0]=136.0, toolType[0]=TOOL_TYPE_UNKNOWN, buttonState=0, metaState=0, flags=0x0, edgeFlags=0x0, pointerCount=1, historySize=0, eventTime=7566169, downTime=7566169, deviceId=0, source=0x1002 }
06-29 01:22:21.511 24243 24243 I Input   : injectMotionEvent: MotionEvent { action=ACTION_MOVE, actionButton=0, id[0]=0, x[0]=784.0, y[0]=136.0, toolType[0]=TOOL_TYPE_UNKNOWN, buttonState=0, metaState=0, flags=0x0, edgeFlags=0x0, pointerCount=1, historySize=0, eventTime=7566184, downTime=7566184, deviceId=0, source=0x1002 }
06-29 01:22:21.528 24243 24243 I Input   : injectMotionEvent: MotionEvent { action=ACTION_MOVE, actionButton=0, id[0]=0, x[0]=784.0, y[0]=136.0, toolType[0]=TOOL_TYPE_UNKNOWN, buttonState=0, metaState=0, flags=0x0, edgeFlags=0x0, pointerCount=1, historySize=0, eventTime=7566201, downTime=7566201, deviceId=0, source=0x1002 }
06-29 01:22:21.545 24243 24243 I Input   : injectMotionEvent: MotionEvent { action=ACTION_MOVE, actionButton=0, id[0]=0, x[0]=784.0, y[0]=136.0, toolType[0]=TOOL_TYPE_UNKNOWN, buttonState=0, metaState=0, flags=0x0, edgeFlags=0x0, pointerCount=1, historySize=0, eventTime=7566217, downTime=7566217, deviceId=0, source=0x1002 }
06-29 01:22:21.562 24243 24243 I Input   : injectMotionEvent: MotionEvent { action=ACTION_MOVE, actionButton=0, id[0]=0, x[0]=784.0, y[0]=136.0, toolType[0]=TOOL_TYPE_UNKNOWN, buttonState=0, metaState=0, flags=0x0, edgeFlags=0x0, pointerCount=1, historySize=0, eventTime=7566235, downTime=7566235, deviceId=0, source=0x1002 }
06-29 01:22:21.579 24243 24243 I Input   : injectMotionEvent: MotionEvent { action=ACTION_MOVE, actionButton=0, id[0]=0, x[0]=784.0, y[0]=136.0, toolType[0]=TOOL_TYPE_UNKNOWN, buttonState=0, metaState=0, flags=0x0, edgeFlags=0x0, pointerCount=1, historySize=0, eventTime=7566252, downTime=7566252, deviceId=0, source=0x1002 }
06-29 01:22:21.595 24243 24243 I Input   : injectMotionEvent: MotionEvent { action=ACTION_MOVE, actionButton=0, id[0]=0, x[0]=784.0, y[0]=136.0, toolType[0]=TOOL_TYPE_UNKNOWN, buttonState=0, metaState=0, flags=0x0, edgeFlags=0x0, pointerCount=1, historySize=0, eventTime=7566268, downTime=7566268, deviceId=0, source=0x1002 }
06-29 01:22:21.611 24243 24243 I Input   : injectMotionEvent: MotionEvent { action=ACTION_MOVE, actionButton=0, id[0]=0, x[0]=784.0, y[0]=136.0, toolType[0]=TOOL_TYPE_UNKNOWN, buttonState=0, metaState=0, flags=0x0, edgeFlags=0x0, pointerCount=1, historySize=0, eventTime=7566283, downTime=7566283, deviceId=0, source=0x1002 }
06-29 01:22:21.627 24243 24243 I Input   : injectMotionEvent: MotionEvent { action=ACTION_MOVE, actionButton=0, id[0]=0, x[0]=784.0, y[0]=136.0, toolType[0]=TOOL_TYPE_UNKNOWN, buttonState=0, metaState=0, flags=0x0, edgeFlags=0x0, pointerCount=1, historySize=0, eventTime=7566300, downTime=7566300, deviceId=0, source=0x1002 }
06-29 01:22:21.645 24243 24243 I Input   : injectMotionEvent: MotionEvent { action=ACTION_MOVE, actionButton=0, id[0]=0, x[0]=784.0, y[0]=136.0, toolType[0]=TOOL_TYPE_UNKNOWN, buttonState=0, metaState=0, flags=0x0, edgeFlags=0x0, pointerCount=1, historySize=0, eventTime=7566318, downTime=7566318, deviceId=0, source=0x1002 }
06-29 01:22:21.661 24243 24243 I Input   : injectMotionEvent: MotionEvent { action=ACTION_MOVE, actionButton=0, id[0]=0, x[0]=784.0, y[0]=136.0, toolType[0]=TOOL_TYPE_UNKNOWN, buttonState=0, metaState=0, flags=0x0, edgeFlags=0x0, pointerCount=1, historySize=0, eventTime=7566334, downTime=7566334, deviceId=0, source=0x1002 }
06-29 01:22:21.678 24243 24243 I Input   : injectMotionEvent: MotionEvent { action=ACTION_MOVE, actionButton=0, id[0]=0, x[0]=784.0, y[0]=136.0, toolType[0]=TOOL_TYPE_UNKNOWN, buttonState=0, metaState=0, flags=0x0, edgeFlags=0x0, pointerCount=1, historySize=0, eventTime=7566351, downTime=7566351, deviceId=0, source=0x1002 }
06-29 01:22:21.695 24243 24243 I Input   : injectMotionEvent: MotionEvent { action=ACTION_MOVE, actionButton=0, id[0]=0, x[0]=784.0, y[0]=136.0, toolType[0]=TOOL_TYPE_UNKNOWN, buttonState=0, metaState=0, flags=0x0, edgeFlags=0x0, pointerCount=1, historySize=0, eventTime=7566367, downTime=7566367, deviceId=0, source=0x1002 }
06-29 01:22:21.712 24243 24243 I Input   : injectMotionEvent: MotionEvent { action=ACTION_MOVE, actionButton=0, id[0]=0, x[0]=784.0, y[0]=136.0, toolType[0]=TOOL_TYPE_UNKNOWN, buttonState=0, metaState=0, flags=0x0, edgeFlags=0x0, pointerCount=1, historySize=0, eventTime=7566384, downTime=7566384, deviceId=0, source=0x1002 }
06-29 01:22:21.729 24243 24243 I Input   : injectMotionEvent: MotionEvent { action=ACTION_MOVE, actionButton=0, id[0]=0, x[0]=784.0, y[0]=136.0, toolType[0]=TOOL_TYPE_UNKNOWN, buttonState=0, metaState=0, flags=0x0, edgeFlags=0x0, pointerCount=1, historySize=0, eventTime=7566402, downTime=7566402, deviceId=0, source=0x1002 }
06-29 01:22:21.746 24243 24243 I Input   : injectMotionEvent: MotionEvent { action=ACTION_MOVE, actionButton=0, id[0]=0, x[0]=784.0, y[0]=136.0, toolType[0]=TOOL_TYPE_UNKNOWN, buttonState=0, metaState=0, flags=0x0, edgeFlags=0x0, pointerCount=1, historySize=0, eventTime=7566419, downTime=7566419, deviceId=0, source=0x1002 }
06-29 01:22:21.762 24243 24243 I Input   : injectMotionEvent: MotionEvent { action=ACTION_MOVE, actionButton=0, id[0]=0, x[0]=784.0, y[0]=136.0, toolType[0]=TOOL_TYPE_UNKNOWN, buttonState=0, metaState=0, flags=0x0, edgeFlags=0x0, pointerCount=1, historySize=0, eventTime=7566434, downTime=7566434, deviceId=0, source=0x1002 }
06-29 01:22:21.780 24243 24243 I Input   : injectMotionEvent: MotionEvent { action=ACTION_MOVE, actionButton=0, id[0]=0, x[0]=784.0, y[0]=136.0, toolType[0]=TOOL_TYPE_UNKNOWN, buttonState=0, metaState=0, flags=0x0, edgeFlags=0x0, pointerCount=1, historySize=0, eventTime=7566453, downTime=7566453, deviceId=0, source=0x1002 }
06-29 01:22:21.795 24243 24243 I Input   : injectMotionEvent: MotionEvent { action=ACTION_MOVE, actionButton=0, id[0]=0, x[0]=784.0, y[0]=136.0, toolType[0]=TOOL_TYPE_UNKNOWN, buttonState=0, metaState=0, flags=0x0, edgeFlags=0x0, pointerCount=1, historySize=0, eventTime=7566468, downTime=7566468, deviceId=0, source=0x1002 }
06-29 01:22:21.812 24243 24243 I Input   : injectMotionEvent: MotionEvent { action=ACTION_MOVE, actionButton=0, id[0]=0, x[0]=784.0, y[0]=136.0, toolType[0]=TOOL_TYPE_UNKNOWN, buttonState=0, metaState=0, flags=0x0, edgeFlags=0x0, pointerCount=1, historySize=0, eventTime=7566484, downTime=7566484, deviceId=0, source=0x1002 }
06-29 01:22:21.828 24243 24243 I Input   : injectMotionEvent: MotionEvent { action=ACTION_MOVE, actionButton=0, id[0]=0, x[0]=784.0, y[0]=136.0, toolType[0]=TOOL_TYPE_UNKNOWN, buttonState=0, metaState=0, flags=0x0, edgeFlags=0x0, pointerCount=1, historySize=0, eventTime=7566500, downTime=7566500, deviceId=0, source=0x1002 }
06-29 01:22:21.845 24243 24243 I Input   : injectMotionEvent: MotionEvent { action=ACTION_MOVE, actionButton=0, id[0]=0, x[0]=784.0, y[0]=136.0, toolType[0]=TOOL_TYPE_UNKNOWN, buttonState=0, metaState=0, flags=0x0, edgeFlags=0x0, pointerCount=1, historySize=0, eventTime=7566518, downTime=7566518, deviceId=0, source=0x1002 }
06-29 01:22:21.862 24243 24243 I Input   : injectMotionEvent: MotionEvent { action=ACTION_MOVE, actionButton=0, id[0]=0, x[0]=784.0, y[0]=136.0, toolType[0]=TOOL_TYPE_UNKNOWN, buttonState=0, metaState=0, flags=0x0, edgeFlags=0x0, pointerCount=1, historySize=0, eventTime=7566534, downTime=7566534, deviceId=0, source=0x1002 }
06-29 01:22:21.877 24243 24243 I Input   : injectMotionEvent: MotionEvent { action=ACTION_MOVE, actionButton=0, id[0]=0, x[0]=784.0, y[0]=136.0, toolType[0]=TOOL_TYPE_UNKNOWN, buttonState=0, metaState=0, flags=0x0, edgeFlags=0x0, pointerCount=1, historySize=0, eventTime=7566550, downTime=7566550, deviceId=0, source=0x1002 }
06-29 01:22:21.895 24243 24243 I Input   : injectMotionEvent: MotionEvent { action=ACTION_MOVE, actionButton=0, id[0]=0, x[0]=784.0, y[0]=136.0, toolType[0]=TOOL_TYPE_UNKNOWN, buttonState=0, metaState=0, flags=0x0, edgeFlags=0x0, pointerCount=1, historySize=0, eventTime=7566568, downTime=7566568, deviceId=0, source=0x1002 }
06-29 01:22:21.911 24243 24243 I Input   : injectMotionEvent: MotionEvent { action=ACTION_MOVE, actionButton=0, id[0]=0, x[0]=784.0, y[0]=136.0, toolType[0]=TOOL_TYPE_UNKNOWN, buttonState=0, metaState=0, flags=0x0, edgeFlags=0x0, pointerCount=1, historySize=0, eventTime=7566584, downTime=7566584, deviceId=0, source=0x1002 }
06-29 01:22:21.928 24243 24243 I Input   : injectMotionEvent: MotionEvent { action=ACTION_MOVE, actionButton=0, id[0]=0, x[0]=784.0, y[0]=136.0, toolType[0]=TOOL_TYPE_UNKNOWN, buttonState=0, metaState=0, flags=0x0, edgeFlags=0x0, pointerCount=1, historySize=0, eventTime=7566601, downTime=7566601, deviceId=0, source=0x1002 }
06-29 01:22:21.945 24243 24243 I Input   : injectMotionEvent: MotionEvent { action=ACTION_MOVE, actionButton=0, id[0]=0, x[0]=784.0, y[0]=136.0, toolType[0]=TOOL_TYPE_UNKNOWN, buttonState=0, metaState=0, flags=0x0, edgeFlags=0x0, pointerCount=1, historySize=0, eventTime=7566618, downTime=7566618, deviceId=0, source=0x1002 }
06-29 01:22:21.962 24243 24243 I Input   : injectMotionEvent: MotionEvent { action=ACTION_MOVE, actionButton=0, id[0]=0, x[0]=784.0, y[0]=136.0, toolType[0]=TOOL_TYPE_UNKNOWN, buttonState=0, metaState=0, flags=0x0, edgeFlags=0x0, pointerCount=1, historySize=0, eventTime=7566635, downTime=7566635, deviceId=0, source=0x1002 }
06-29 01:22:21.978 24243 24243 I Input   : injectMotionEvent: MotionEvent { action=ACTION_MOVE, actionButton=0, id[0]=0, x[0]=784.0, y[0]=136.0, toolType[0]=TOOL_TYPE_UNKNOWN, buttonState=0, metaState=0, flags=0x0, edgeFlags=0x0, pointerCount=1, historySize=0, eventTime=7566650, downTime=7566650, deviceId=0, source=0x1002 }
06-29 01:22:21.995 24243 24243 I Input   : injectMotionEvent: MotionEvent { action=ACTION_MOVE, actionButton=0, id[0]=0, x[0]=784.0, y[0]=136.0, toolType[0]=TOOL_TYPE_UNKNOWN, buttonState=0, metaState=0, flags=0x0, edgeFlags=0x0, pointerCount=1, historySize=0, eventTime=7566667, downTime=7566667, deviceId=0, source=0x1002 }
06-29 01:22:22.012 24243 24243 I Input   : injectMotionEvent: MotionEvent { action=ACTION_MOVE, actionButton=0, id[0]=0, x[0]=784.0, y[0]=136.0, toolType[0]=TOOL_TYPE_UNKNOWN, buttonState=0, metaState=0, flags=0x0, edgeFlags=0x0, pointerCount=1, historySize=0, eventTime=7566684, downTime=7566684, deviceId=0, source=0x1002 }
06-29 01:22:22.027 24243 24243 I Input   : injectMotionEvent: MotionEvent { action=ACTION_MOVE, actionButton=0, id[0]=0, x[0]=784.0, y[0]=136.0, toolType[0]=TOOL_TYPE_UNKNOWN, buttonState=0, metaState=0, flags=0x0, edgeFlags=0x0, pointerCount=1, historySize=0, eventTime=7566700, downTime=7566700, deviceId=0, source=0x1002 }
06-29 01:22:22.046 24243 24243 I Input   : injectMotionEvent: MotionEvent { action=ACTION_MOVE, actionButton=0, id[0]=0, x[0]=784.0, y[0]=136.0, toolType[0]=TOOL_TYPE_UNKNOWN, buttonState=0, metaState=0, flags=0x0, edgeFlags=0x0, pointerCount=1, historySize=0, eventTime=7566718, downTime=7566718, deviceId=0, source=0x1002 }
06-29 01:22:22.062 24243 24243 I Input   : injectMotionEvent: MotionEvent { action=ACTION_MOVE, actionButton=0, id[0]=0, x[0]=784.0, y[0]=136.0, toolType[0]=TOOL_TYPE_UNKNOWN, buttonState=0, metaState=0, flags=0x0, edgeFlags=0x0, pointerCount=1, historySize=0, eventTime=7566734, downTime=7566734, deviceId=0, source=0x1002 }
06-29 01:22:22.079 24243 24243 I Input   : injectMotionEvent: MotionEvent { action=ACTION_MOVE, actionButton=0, id[0]=0, x[0]=784.0, y[0]=136.0, toolType[0]=TOOL_TYPE_UNKNOWN, buttonState=0, metaState=0, flags=0x0, edgeFlags=0x0, pointerCount=1, historySize=0, eventTime=7566752, downTime=7566752, deviceId=0, source=0x1002 }
06-29 01:22:22.095 24243 24243 I Input   : injectMotionEvent: MotionEvent { action=ACTION_MOVE, actionButton=0, id[0]=0, x[0]=784.0, y[0]=136.0, toolType[0]=TOOL_TYPE_UNKNOWN, buttonState=0, metaState=0, flags=0x0, edgeFlags=0x0, pointerCount=1, historySize=0, eventTime=7566767, downTime=7566767, deviceId=0, source=0x1002 }
06-29 01:22:22.113 24243 24243 I Input   : injectMotionEvent: MotionEvent { action=ACTION_MOVE, actionButton=0, id[0]=0, x[0]=784.0, y[0]=136.0, toolType[0]=TOOL_TYPE_UNKNOWN, buttonState=0, metaState=0, flags=0x0, edgeFlags=0x0, pointerCount=1, historySize=0, eventTime=7566785, downTime=7566785, deviceId=0, source=0x1002 }
06-29 01:22:22.130 24243 24243 I Input   : injectMotionEvent: MotionEvent { action=ACTION_MOVE, actionButton=0, id[0]=0, x[0]=784.0, y[0]=136.0, toolType[0]=TOOL_TYPE_UNKNOWN, buttonState=0, metaState=0, flags=0x0, edgeFlags=0x0, pointerCount=1, historySize=0, eventTime=7566803, downTime=7566803, deviceId=0, source=0x1002 }
06-29 01:22:22.146 24243 24243 I Input   : injectMotionEvent: MotionEvent { action=ACTION_MOVE, actionButton=0, id[0]=0, x[0]=784.0, y[0]=136.0, toolType[0]=TOOL_TYPE_UNKNOWN, buttonState=0, metaState=0, flags=0x0, edgeFlags=0x0, pointerCount=1, historySize=0, eventTime=7566819, downTime=7566819, deviceId=0, source=0x1002 }
06-29 01:22:22.163 24243 24243 I Input   : injectMotionEvent: MotionEvent { action=ACTION_MOVE, actionButton=0, id[0]=0, x[0]=784.0, y[0]=136.0, toolType[0]=TOOL_TYPE_UNKNOWN, buttonState=0, metaState=0, flags=0x0, edgeFlags=0x0, pointerCount=1, historySize=0, eventTime=7566835, downTime=7566835, deviceId=0, source=0x1002 }
06-29 01:22:22.181 24243 24243 I Input   : injectMotionEvent: MotionEvent { action=ACTION_MOVE, actionButton=0, id[0]=0, x[0]=784.0, y[0]=136.0, toolType[0]=TOOL_TYPE_UNKNOWN, buttonState=0, metaState=0, flags=0x0, edgeFlags=0x0, pointerCount=1, historySize=0, eventTime=7566854, downTime=7566854, deviceId=0, source=0x1002 }
06-29 01:22:22.196 24243 24243 I Input   : injectMotionEvent: MotionEvent { action=ACTION_MOVE, actionButton=0, id[0]=0, x[0]=784.0, y[0]=136.0, toolType[0]=TOOL_TYPE_UNKNOWN, buttonState=0, metaState=0, flags=0x0, edgeFlags=0x0, pointerCount=1, historySize=0, eventTime=7566869, downTime=7566869, deviceId=0, source=0x1002 }
06-29 01:22:22.213 24243 24243 I Input   : injectMotionEvent: MotionEvent { action=ACTION_MOVE, actionButton=0, id[0]=0, x[0]=784.0, y[0]=136.0, toolType[0]=TOOL_TYPE_UNKNOWN, buttonState=0, metaState=0, flags=0x0, edgeFlags=0x0, pointerCount=1, historySize=0, eventTime=7566885, downTime=7566885, deviceId=0, source=0x1002 }
06-29 01:22:22.230 24243 24243 I Input   : injectMotionEvent: MotionEvent { action=ACTION_MOVE, actionButton=0, id[0]=0, x[0]=784.0, y[0]=136.0, toolType[0]=TOOL_TYPE_UNKNOWN, buttonState=0, metaState=0, flags=0x0, edgeFlags=0x0, pointerCount=1, historySize=0, eventTime=7566902, downTime=7566902, deviceId=0, source=0x1002 }
06-29 01:22:22.246 24243 24243 I Input   : injectMotionEvent: MotionEvent { action=ACTION_MOVE, actionButton=0, id[0]=0, x[0]=784.0, y[0]=136.0, toolType[0]=TOOL_TYPE_UNKNOWN, buttonState=0, metaState=0, flags=0x0, edgeFlags=0x0, pointerCount=1, historySize=0, eventTime=7566919, downTime=7566919, deviceId=0, source=0x1002 }
06-29 01:22:22.263 24243 24243 I Input   : injectMotionEvent: MotionEvent { action=ACTION_MOVE, actionButton=0, id[0]=0, x[0]=784.0, y[0]=136.0, toolType[0]=TOOL_TYPE_UNKNOWN, buttonState=0, metaState=0, flags=0x0, edgeFlags=0x0, pointerCount=1, historySize=0, eventTime=7566935, downTime=7566935, deviceId=0, source=0x1002 }
06-29 01:22:22.279 24243 24243 I Input   : injectMotionEvent: MotionEvent { action=ACTION_MOVE, actionButton=0, id[0]=0, x[0]=784.0, y[0]=136.0, toolType[0]=TOOL_TYPE_UNKNOWN, buttonState=0, metaState=0, flags=0x0, edgeFlags=0x0, pointerCount=1, historySize=0, eventTime=7566952, downTime=7566952, deviceId=0, source=0x1002 }
06-29 01:22:22.296 24243 24243 I Input   : injectMotionEvent: MotionEvent { action=ACTION_UP, actionButton=0, id[0]=0, x[0]=784.0, y[0]=136.0, toolType[0]=TOOL_TYPE_UNKNOWN, buttonState=0, metaState=0, flags=0x0, edgeFlags=0x0, pointerCount=1, historySize=0, eventTime=7566969, downTime=7566969, deviceId=0, source=0x1002 }
06-29 01:22:22.299 24243 24243 D AndroidRuntime: Shutting down VM
06-29 01:22:26.095 24266 24266 D AndroidRuntime: >>>>>> START com.android.internal.os.RuntimeInit uid 2000 <<<<<<
06-29 01:22:26.097 24266 24266 D AndroidRuntime: CheckJNI is ON
06-29 01:22:26.114 24266 24266 W art     : Unexpected CPU variant for X86 using defaults: x86
06-29 01:22:26.117 24266 24266 D ICU     : No timezone override file found: /data/local/tmp/misc/zoneinfo/current/icu/icu_tzdata.dat
06-29 01:22:26.128 24266 24266 E memtrack: Couldn't load memtrack module (No such file or directory)
06-29 01:22:26.128 24266 24266 E android.os.Debug: failed to load memtrack module: -2
06-29 01:22:26.129 24266 24266 I Radio-JNI: register_android_hardware_Radio DONE
06-29 01:22:26.133 24266 24266 D AndroidRuntime: Calling main entry com.android.commands.uiautomator.Launcher
06-29 01:22:27.154 24266 24266 W AccessibilityNodeInfoDumper: Fetch time: 4ms
06-29 01:22:27.155  1724  2721 W WindowManager: Attempted to remove non-existing token: android.os.Binder@a640f4
06-29 01:22:27.158 24266 24266 D AndroidRuntime: Shutting down VM
06-29 01:22:28.007 24293 24293 D AndroidRuntime: >>>>>> START com.android.internal.os.RuntimeInit uid 2000 <<<<<<
06-29 01:22:28.008 24293 24293 D AndroidRuntime: CheckJNI is ON
06-29 01:22:28.028 24293 24293 W art     : Unexpected CPU variant for X86 using defaults: x86
06-29 01:22:28.031 24293 24293 D ICU     : No timezone override file found: /data/local/tmp/misc/zoneinfo/current/icu/icu_tzdata.dat
06-29 01:22:28.043 24293 24293 E memtrack: Couldn't load memtrack module (No such file or directory)
06-29 01:22:28.043 24293 24293 E android.os.Debug: failed to load memtrack module: -2
06-29 01:22:28.043 24293 24293 I Radio-JNI: register_android_hardware_Radio DONE
06-29 01:22:28.048 24293 24293 D AndroidRuntime: Calling main entry com.android.commands.uiautomator.Launcher
06-29 01:22:29.085 24293 24293 W AccessibilityNodeInfoDumper: Fetch time: 10ms
06-29 01:22:29.086  1724  1751 W WindowManager: Attempted to remove non-existing token: android.os.Binder@d878292
06-29 01:22:29.096 24293 24293 D AndroidRuntime: Shutting down VM
06-29 01:22:29.367 24311 24311 D AndroidRuntime: >>>>>> START com.android.internal.os.RuntimeInit uid 2000 <<<<<<
06-29 01:22:29.370 24311 24311 D AndroidRuntime: CheckJNI is ON
06-29 01:22:29.400 24311 24311 W art     : Unexpected CPU variant for X86 using defaults: x86
06-29 01:22:29.403 24311 24311 D ICU     : No timezone override file found: /data/local/tmp/misc/zoneinfo/current/icu/icu_tzdata.dat
06-29 01:22:29.415 24311 24311 E memtrack: Couldn't load memtrack module (No such file or directory)
06-29 01:22:29.416 24311 24311 E android.os.Debug: failed to load memtrack module: -2
06-29 01:22:29.416 24311 24311 I Radio-JNI: register_android_hardware_Radio DONE
06-29 01:22:29.420 24311 24311 D AndroidRuntime: Calling main entry com.android.commands.uiautomator.Launcher
06-29 01:22:30.452 24311 24311 W AccessibilityNodeInfoDumper: Fetch time: 6ms
06-29 01:22:30.452  1724  2966 W WindowManager: Attempted to remove non-existing token: android.os.Binder@9607860
06-29 01:22:30.457 24311 24311 D AndroidRuntime: Shutting down VM
06-29 01:22:31.282 24337 24337 D AndroidRuntime: >>>>>> START com.android.internal.os.RuntimeInit uid 2000 <<<<<<
06-29 01:22:31.283 24337 24337 D AndroidRuntime: CheckJNI is ON
06-29 01:22:31.302 24337 24337 W art     : Unexpected CPU variant for X86 using defaults: x86
06-29 01:22:31.305 24337 24337 D ICU     : No timezone override file found: /data/local/tmp/misc/zoneinfo/current/icu/icu_tzdata.dat
06-29 01:22:31.317 24337 24337 E memtrack: Couldn't load memtrack module (No such file or directory)
06-29 01:22:31.317 24337 24337 E android.os.Debug: failed to load memtrack module: -2
06-29 01:22:31.318 24337 24337 I Radio-JNI: register_android_hardware_Radio DONE
06-29 01:22:31.322 24337 24337 D AndroidRuntime: Calling main entry com.android.commands.uiautomator.Launcher
06-29 01:22:32.343 24337 24337 W AccessibilityNodeInfoDumper: Fetch time: 5ms
06-29 01:22:32.343  1724  1735 W WindowManager: Attempted to remove non-existing token: android.os.Binder@19735de
06-29 01:22:32.346 24337 24337 D AndroidRuntime: Shutting down VM
06-29 01:22:33.233 24370 24370 D AndroidRuntime: >>>>>> START com.android.internal.os.RuntimeInit uid 2000 <<<<<<
06-29 01:22:33.234 24370 24370 D AndroidRuntime: CheckJNI is ON
