11-10 16:10:17.692 21260 21260 I Input   : injectMotionEvent: MotionEvent { action=ACTION_MOVE, actionButton=0, id[0]=0, x[0]=808.0, y[0]=482.0, toolType[0]=TOOL_TYPE_UNKNOWN, buttonState=0, metaState=0, flags=0x0, edgeFlags=0x0, pointerCount=1, historySize=0, eventTime=47850116, downTime=47850116, deviceId=0, source=0x1002 }
11-10 16:10:17.709 21260 21260 I Input   : injectMotionEvent: MotionEvent { action=ACTION_MOVE, actionButton=0, id[0]=0, x[0]=808.0, y[0]=482.0, toolType[0]=TOOL_TYPE_UNKNOWN, buttonState=0, metaState=0, flags=0x0, edgeFlags=0x0, pointerCount=1, historySize=0, eventTime=47850134, downTime=47850134, deviceId=0, source=0x1002 }
11-10 16:10:17.727 21260 21260 I Input   : injectMotionEvent: MotionEvent { action=ACTION_MOVE, actionButton=0, id[0]=0, x[0]=808.0, y[0]=482.0, toolType[0]=TOOL_TYPE_UNKNOWN, buttonState=0, metaState=0, flags=0x0, edgeFlags=0x0, pointerCount=1, historySize=0, eventTime=47850152, downTime=47850152, deviceId=0, source=0x1002 }
11-10 16:10:17.743 21260 21260 I Input   : injectMotionEvent: MotionEvent { action=ACTION_MOVE, actionButton=0, id[0]=0, x[0]=808.0, y[0]=482.0, toolType[0]=TOOL_TYPE_UNKNOWN, buttonState=0, metaState=0, flags=0x0, edgeFlags=0x0, pointerCount=1, historySize=0, eventTime=47850167, downTime=47850167, deviceId=0, source=0x1002 }
11-10 16:10:17.759 21260 21260 I Input   : injectMotionEvent: MotionEvent { action=ACTION_MOVE, actionButton=0, id[0]=0, x[0]=808.0, y[0]=482.0, toolType[0]=TOOL_TYPE_UNKNOWN, buttonState=0, metaState=0, flags=0x0, edgeFlags=0x0, pointerCount=1, historySize=0, eventTime=47850184, downTime=47850184, deviceId=0, source=0x1002 }
11-10 16:10:17.776 21260 21260 I Input   : injectMotionEvent: MotionEvent { action=ACTION_MOVE, actionButton=0, id[0]=0, x[0]=808.0, y[0]=482.0, toolType[0]=TOOL_TYPE_UNKNOWN, buttonState=0, metaState=0, flags=0x0, edgeFlags=0x0, pointerCount=1, historySize=0, eventTime=47850200, downTime=47850200, deviceId=0, source=0x1002 }
11-10 16:10:17.792 21260 21260 I Input   : injectMotionEvent: MotionEvent { action=ACTION_MOVE, actionButton=0, id[0]=0, x[0]=808.0, y[0]=482.0, toolType[0]=TOOL_TYPE_UNKNOWN, buttonState=0, metaState=0, flags=0x0, edgeFlags=0x0, pointerCount=1, historySize=0, eventTime=47850217, downTime=47850217, deviceId=0, source=0x1002 }
11-10 16:10:17.809 21260 21260 I Input   : injectMotionEvent: MotionEvent { action=ACTION_MOVE, actionButton=0, id[0]=0, x[0]=808.0, y[0]=482.0, toolType[0]=TOOL_TYPE_UNKNOWN, buttonState=0, metaState=0, flags=0x0, edgeFlags=0x0, pointerCount=1, historySize=0, eventTime=47850234, downTime=47850234, deviceId=0, source=0x1002 }
11-10 16:10:17.825 21260 21260 I Input   : injectMotionEvent: MotionEvent { action=ACTION_MOVE, actionButton=0, id[0]=0, x[0]=808.0, y[0]=482.0, toolType[0]=TOOL_TYPE_UNKNOWN, buttonState=0, metaState=0, flags=0x0, edgeFlags=0x0, pointerCount=1, historySize=0, eventTime=47850250, downTime=47850250, deviceId=0, source=0x1002 }
11-10 16:10:17.843 21260 21260 I Input   : injectMotionEvent: MotionEvent { action=ACTION_MOVE, actionButton=0, id[0]=0, x[0]=808.0, y[0]=482.0, toolType[0]=TOOL_TYPE_UNKNOWN, buttonState=0, metaState=0, flags=0x0, edgeFlags=0x0, pointerCount=1, historySize=0, eventTime=47850268, downTime=47850268, deviceId=0, source=0x1002 }
11-10 16:10:17.859 21260 21260 I Input   : injectMotionEvent: MotionEvent { action=ACTION_MOVE, actionButton=0, id[0]=0, x[0]=808.0, y[0]=482.0, toolType[0]=TOOL_TYPE_UNKNOWN, buttonState=0, metaState=0, flags=0x0, edgeFlags=0x0, pointerCount=1, historySize=0, eventTime=47850283, downTime=47850283, deviceId=0, source=0x1002 }
11-10 16:10:17.876 21260 21260 I Input   : injectMotionEvent: MotionEvent { action=ACTION_MOVE, actionButton=0, id[0]=0, x[0]=808.0, y[0]=482.0, toolType[0]=TOOL_TYPE_UNKNOWN, buttonState=0, metaState=0, flags=0x0, edgeFlags=0x0, pointerCount=1, historySize=0, eventTime=47850301, downTime=47850301, deviceId=0, source=0x1002 }
11-10 16:10:17.892 21260 21260 I Input   : injectMotionEvent: MotionEvent { action=ACTION_MOVE, actionButton=0, id[0]=0, x[0]=808.0, y[0]=482.0, toolType[0]=TOOL_TYPE_UNKNOWN, buttonState=0, metaState=0, flags=0x0, edgeFlags=0x0, pointerCount=1, historySize=0, eventTime=47850316, downTime=47850316, deviceId=0, source=0x1002 }
11-10 16:10:17.909 21260 21260 I Input   : injectMotionEvent: MotionEvent { action=ACTION_MOVE, actionButton=0, id[0]=0, x[0]=808.0, y[0]=482.0, toolType[0]=TOOL_TYPE_UNKNOWN, buttonState=0, metaState=0, flags=0x0, edgeFlags=0x0, pointerCount=1, historySize=0, eventTime=47850334, downTime=47850334, deviceId=0, source=0x1002 }
11-10 16:10:17.925 21260 21260 I Input   : injectMotionEvent: MotionEvent { action=ACTION_MOVE, actionButton=0, id[0]=0, x[0]=808.0, y[0]=482.0, toolType[0]=TOOL_TYPE_UNKNOWN, buttonState=0, metaState=0, flags=0x0, edgeFlags=0x0, pointerCount=1, historySize=0, eventTime=47850350, downTime=47850350, deviceId=0, source=0x1002 }
11-10 16:10:17.942 21260 21260 I Input   : injectMotionEvent: MotionEvent { action=ACTION_MOVE, actionButton=0, id[0]=0, x[0]=808.0, y[0]=482.0, toolType[0]=TOOL_TYPE_UNKNOWN, buttonState=0, metaState=0, flags=0x0, edgeFlags=0x0, pointerCount=1, historySize=0, eventTime=47850366, downTime=47850366, deviceId=0, source=0x1002 }
11-10 16:10:17.959 21260 21260 I Input   : injectMotionEvent: MotionEvent { action=ACTION_MOVE, actionButton=0, id[0]=0, x[0]=808.0, y[0]=482.0, toolType[0]=TOOL_TYPE_UNKNOWN, buttonState=0, metaState=0, flags=0x0, edgeFlags=0x0, pointerCount=1, historySize=0, eventTime=47850383, downTime=47850383, deviceId=0, source=0x1002 }
11-10 16:10:17.976 21260 21260 I Input   : injectMotionEvent: MotionEvent { action=ACTION_MOVE, actionButton=0, id[0]=0, x[0]=808.0, y[0]=482.0, toolType[0]=TOOL_TYPE_UNKNOWN, buttonState=0, metaState=0, flags=0x0, edgeFlags=0x0, pointerCount=1, historySize=0, eventTime=47850401, downTime=47850401, deviceId=0, source=0x1002 }
11-10 16:10:17.992 21260 21260 I Input   : injectMotionEvent: MotionEvent { action=ACTION_MOVE, actionButton=0, id[0]=0, x[0]=808.0, y[0]=482.0, toolType[0]=TOOL_TYPE_UNKNOWN, buttonState=0, metaState=0, flags=0x0, edgeFlags=0x0, pointerCount=1, historySize=0, eventTime=47850416, downTime=47850416, deviceId=0, source=0x1002 }
11-10 16:10:18.009 21260 21260 I Input   : injectMotionEvent: MotionEvent { action=ACTION_MOVE, actionButton=0, id[0]=0, x[0]=808.0, y[0]=482.0, toolType[0]=TOOL_TYPE_UNKNOWN, buttonState=0, metaState=0, flags=0x0, edgeFlags=0x0, pointerCount=1, historySize=0, eventTime=47850434, downTime=47850434, deviceId=0, source=0x1002 }
11-10 16:10:18.026 21260 21260 I Input   : injectMotionEvent: MotionEvent { action=ACTION_MOVE, actionButton=0, id[0]=0, x[0]=808.0, y[0]=482.0, toolType[0]=TOOL_TYPE_UNKNOWN, buttonState=0, metaState=0, flags=0x0, edgeFlags=0x0, pointerCount=1, historySize=0, eventTime=47850451, downTime=47850451, deviceId=0, source=0x1002 }
11-10 16:10:18.042 21260 21260 I Input   : injectMotionEvent: MotionEvent { action=ACTION_MOVE, actionButton=0, id[0]=0, x[0]=808.0, y[0]=482.0, toolType[0]=TOOL_TYPE_UNKNOWN, buttonState=0, metaState=0, flags=0x0, edgeFlags=0x0, pointerCount=1, historySize=0, eventTime=47850467, downTime=47850467, deviceId=0, source=0x1002 }
11-10 16:10:18.058 21260 21260 I Input   : injectMotionEvent: MotionEvent { action=ACTION_MOVE, actionButton=0, id[0]=0, x[0]=808.0, y[0]=482.0, toolType[0]=TOOL_TYPE_UNKNOWN, buttonState=0, metaState=0, flags=0x0, edgeFlags=0x0, pointerCount=1, historySize=0, eventTime=47850482, downTime=47850482, deviceId=0, source=0x1002 }
11-10 16:10:18.076 21260 21260 I Input   : injectMotionEvent: MotionEvent { action=ACTION_MOVE, actionButton=0, id[0]=0, x[0]=808.0, y[0]=482.0, toolType[0]=TOOL_TYPE_UNKNOWN, buttonState=0, metaState=0, flags=0x0, edgeFlags=0x0, pointerCount=1, historySize=0, eventTime=47850500, downTime=47850500, deviceId=0, source=0x1002 }
11-10 16:10:18.091 21260 21260 I Input   : injectMotionEvent: MotionEvent { action=ACTION_MOVE, actionButton=0, id[0]=0, x[0]=808.0, y[0]=482.0, toolType[0]=TOOL_TYPE_UNKNOWN, buttonState=0, metaState=0, flags=0x0, edgeFlags=0x0, pointerCount=1, historySize=0, eventTime=47850516, downTime=47850516, deviceId=0, source=0x1002 }
11-10 16:10:18.109 21260 21260 I Input   : injectMotionEvent: MotionEvent { action=ACTION_MOVE, actionButton=0, id[0]=0, x[0]=808.0, y[0]=482.0, toolType[0]=TOOL_TYPE_UNKNOWN, buttonState=0, metaState=0, flags=0x0, edgeFlags=0x0, pointerCount=1, historySize=0, eventTime=47850534, downTime=47850534, deviceId=0, source=0x1002 }
11-10 16:10:18.125 21260 21260 I Input   : injectMotionEvent: MotionEvent { action=ACTION_MOVE, actionButton=0, id[0]=0, x[0]=808.0, y[0]=482.0, toolType[0]=TOOL_TYPE_UNKNOWN, buttonState=0, metaState=0, flags=0x0, edgeFlags=0x0, pointerCount=1, historySize=0, eventTime=47850550, downTime=47850550, deviceId=0, source=0x1002 }
11-10 16:10:18.142 21260 21260 I Input   : injectMotionEvent: MotionEvent { action=ACTION_MOVE, actionButton=0, id[0]=0, x[0]=808.0, y[0]=482.0, toolType[0]=TOOL_TYPE_UNKNOWN, buttonState=0, metaState=0, flags=0x0, edgeFlags=0x0, pointerCount=1, historySize=0, eventTime=47850567, downTime=47850567, deviceId=0, source=0x1002 }
11-10 16:10:18.160 21260 21260 I Input   : injectMotionEvent: MotionEvent { action=ACTION_MOVE, actionButton=0, id[0]=0, x[0]=808.0, y[0]=482.0, toolType[0]=TOOL_TYPE_UNKNOWN, buttonState=0, metaState=0, flags=0x0, edgeFlags=0x0, pointerCount=1, historySize=0, eventTime=47850584, downTime=47850584, deviceId=0, source=0x1002 }
11-10 16:10:18.175 21260 21260 I Input   : injectMotionEvent: MotionEvent { action=ACTION_MOVE, actionButton=0, id[0]=0, x[0]=808.0, y[0]=482.0, toolType[0]=TOOL_TYPE_UNKNOWN, buttonState=0, metaState=0, flags=0x0, edgeFlags=0x0, pointerCount=1, historySize=0, eventTime=47850600, downTime=47850600, deviceId=0, source=0x1002 }
11-10 16:10:18.192 21260 21260 I Input   : injectMotionEvent: MotionEvent { action=ACTION_MOVE, actionButton=0, id[0]=0, x[0]=808.0, y[0]=482.0, toolType[0]=TOOL_TYPE_UNKNOWN, buttonState=0, metaState=0, flags=0x0, edgeFlags=0x0, pointerCount=1, historySize=0, eventTime=47850616, downTime=47850616, deviceId=0, source=0x1002 }
11-10 16:10:18.207 21260 21260 I Input   : injectMotionEvent: MotionEvent { action=ACTION_MOVE, actionButton=0, id[0]=0, x[0]=808.0, y[0]=482.0, toolType[0]=TOOL_TYPE_UNKNOWN, buttonState=0, metaState=0, flags=0x0, edgeFlags=0x0, pointerCount=1, historySize=0, eventTime=47850632, downTime=47850632, deviceId=0, source=0x1002 }
11-10 16:10:18.227 21260 21260 I Input   : injectMotionEvent: MotionEvent { action=ACTION_MOVE, actionButton=0, id[0]=0, x[0]=808.0, y[0]=482.0, toolType[0]=TOOL_TYPE_UNKNOWN, buttonState=0, metaState=0, flags=0x0, edgeFlags=0x0, pointerCount=1, historySize=0, eventTime=47850652, downTime=47850652, deviceId=0, source=0x1002 }
11-10 16:10:18.243 21260 21260 I Input   : injectMotionEvent: MotionEvent { action=ACTION_MOVE, actionButton=0, id[0]=0, x[0]=808.0, y[0]=482.0, toolType[0]=TOOL_TYPE_UNKNOWN, buttonState=0, metaState=0, flags=0x0, edgeFlags=0x0, pointerCount=1, historySize=0, eventTime=47850668, downTime=47850668, deviceId=0, source=0x1002 }
11-10 16:10:18.259 21260 21260 I Input   : injectMotionEvent: MotionEvent { action=ACTION_MOVE, actionButton=0, id[0]=0, x[0]=808.0, y[0]=482.0, toolType[0]=TOOL_TYPE_UNKNOWN, buttonState=0, metaState=0, flags=0x0, edgeFlags=0x0, pointerCount=1, historySize=0, eventTime=47850684, downTime=47850684, deviceId=0, source=0x1002 }
11-10 16:10:18.275 21260 21260 I Input   : injectMotionEvent: MotionEvent { action=ACTION_MOVE, actionButton=0, id[0]=0, x[0]=808.0, y[0]=482.0, toolType[0]=TOOL_TYPE_UNKNOWN, buttonState=0, metaState=0, flags=0x0, edgeFlags=0x0, pointerCount=1, historySize=0, eventTime=47850700, downTime=47850700, deviceId=0, source=0x1002 }
11-10 16:10:18.291 21260 21260 I Input   : injectMotionEvent: MotionEvent { action=ACTION_MOVE, actionButton=0, id[0]=0, x[0]=808.0, y[0]=482.0, toolType[0]=TOOL_TYPE_UNKNOWN, buttonState=0, metaState=0, flags=0x0, edgeFlags=0x0, pointerCount=1, historySize=0, eventTime=47850716, downTime=47850716, deviceId=0, source=0x1002 }
11-10 16:10:18.309 21260 21260 I Input   : injectMotionEvent: MotionEvent { action=ACTION_MOVE, actionButton=0, id[0]=0, x[0]=808.0, y[0]=482.0, toolType[0]=TOOL_TYPE_UNKNOWN, buttonState=0, metaState=0, flags=0x0, edgeFlags=0x0, pointerCount=1, historySize=0, eventTime=47850733, downTime=47850733, deviceId=0, source=0x1002 }
11-10 16:10:18.325 21260 21260 I Input   : injectMotionEvent: MotionEvent { action=ACTION_MOVE, actionButton=0, id[0]=0, x[0]=808.0, y[0]=482.0, toolType[0]=TOOL_TYPE_UNKNOWN, buttonState=0, metaState=0, flags=0x0, edgeFlags=0x0, pointerCount=1, historySize=0, eventTime=47850750, downTime=47850750, deviceId=0, source=0x1002 }
11-10 16:10:18.342 21260 21260 I Input   : injectMotionEvent: MotionEvent { action=ACTION_MOVE, actionButton=0, id[0]=0, x[0]=808.0, y[0]=482.0, toolType[0]=TOOL_TYPE_UNKNOWN, buttonState=0, metaState=0, flags=0x0, edgeFlags=0x0, pointerCount=1, historySize=0, eventTime=47850767, downTime=47850767, deviceId=0, source=0x1002 }
11-10 16:10:18.360 21260 21260 I Input   : injectMotionEvent: MotionEvent { action=ACTION_MOVE, actionButton=0, id[0]=0, x[0]=808.0, y[0]=482.0, toolType[0]=TOOL_TYPE_UNKNOWN, buttonState=0, metaState=0, flags=0x0, edgeFlags=0x0, pointerCount=1, historySize=0, eventTime=47850784, downTime=47850784, deviceId=0, source=0x1002 }
11-10 16:10:18.375 21260 21260 I Input   : injectMotionEvent: MotionEvent { action=ACTION_MOVE, actionButton=0, id[0]=0, x[0]=808.0, y[0]=482.0, toolType[0]=TOOL_TYPE_UNKNOWN, buttonState=0, metaState=0, flags=0x0, edgeFlags=0x0, pointerCount=1, historySize=0, eventTime=47850800, downTime=47850800, deviceId=0, source=0x1002 }
11-10 16:10:18.392 21260 21260 I Input   : injectMotionEvent: MotionEvent { action=ACTION_MOVE, actionButton=0, id[0]=0, x[0]=808.0, y[0]=482.0, toolType[0]=TOOL_TYPE_UNKNOWN, buttonState=0, metaState=0, flags=0x0, edgeFlags=0x0, pointerCount=1, historySize=0, eventTime=47850817, downTime=47850817, deviceId=0, source=0x1002 }
11-10 16:10:18.409 21260 21260 I Input   : injectMotionEvent: MotionEvent { action=ACTION_MOVE, actionButton=0, id[0]=0, x[0]=808.0, y[0]=482.0, toolType[0]=TOOL_TYPE_UNKNOWN, buttonState=0, metaState=0, flags=0x0, edgeFlags=0x0, pointerCount=1, historySize=0, eventTime=47850834, downTime=47850834, deviceId=0, source=0x1002 }
11-10 16:10:18.425 21260 21260 I Input   : injectMotionEvent: MotionEvent { action=ACTION_MOVE, actionButton=0, id[0]=0, x[0]=808.0, y[0]=482.0, toolType[0]=TOOL_TYPE_UNKNOWN, buttonState=0, metaState=0, flags=0x0, edgeFlags=0x0, pointerCount=1, historySize=0, eventTime=47850850, downTime=47850850, deviceId=0, source=0x1002 }
11-10 16:10:18.441 21260 21260 I Input   : injectMotionEvent: MotionEvent { action=ACTION_MOVE, actionButton=0, id[0]=0, x[0]=808.0, y[0]=482.0, toolType[0]=TOOL_TYPE_UNKNOWN, buttonState=0, metaState=0, flags=0x0, edgeFlags=0x0, pointerCount=1, historySize=0, eventTime=47850866, downTime=47850866, deviceId=0, source=0x1002 }
11-10 16:10:18.460 21260 21260 I Input   : injectMotionEvent: MotionEvent { action=ACTION_MOVE, actionButton=0, id[0]=0, x[0]=808.0, y[0]=482.0, toolType[0]=TOOL_TYPE_UNKNOWN, buttonState=0, metaState=0, flags=0x0, edgeFlags=0x0, pointerCount=1, historySize=0, eventTime=47850884, downTime=47850884, deviceId=0, source=0x1002 }
11-10 16:10:18.477 21260 21260 I Input   : injectMotionEvent: MotionEvent { action=ACTION_MOVE, actionButton=0, id[0]=0, x[0]=808.0, y[0]=482.0, toolType[0]=TOOL_TYPE_UNKNOWN, buttonState=0, metaState=0, flags=0x0, edgeFlags=0x0, pointerCount=1, historySize=0, eventTime=47850901, downTime=47850901, deviceId=0, source=0x1002 }
11-10 16:10:18.491 21260 21260 I Input   : injectMotionEvent: MotionEvent { action=ACTION_MOVE, actionButton=0, id[0]=0, x[0]=808.0, y[0]=482.0, toolType[0]=TOOL_TYPE_UNKNOWN, buttonState=0, metaState=0, flags=0x0, edgeFlags=0x0, pointerCount=1, historySize=0, eventTime=47850916, downTime=47850916, deviceId=0, source=0x1002 }
11-10 16:10:18.509 21260 21260 I Input   : injectMotionEvent: MotionEvent { action=ACTION_MOVE, actionButton=0, id[0]=0, x[0]=808.0, y[0]=482.0, toolType[0]=TOOL_TYPE_UNKNOWN, buttonState=0, metaState=0, flags=0x0, edgeFlags=0x0, pointerCount=1, historySize=0, eventTime=47850933, downTime=47850933, deviceId=0, source=0x1002 }
11-10 16:10:18.526 21260 21260 I Input   : injectMotionEvent: MotionEvent { action=ACTION_MOVE, actionButton=0, id[0]=0, x[0]=808.0, y[0]=482.0, toolType[0]=TOOL_TYPE_UNKNOWN, buttonState=0, metaState=0, flags=0x0, edgeFlags=0x0, pointerCount=1, historySize=0, eventTime=47850950, downTime=47850950, deviceId=0, source=0x1002 }
11-10 16:10:18.541 21260 21260 I Input   : injectMotionEvent: MotionEvent { action=ACTION_MOVE, actionButton=0, id[0]=0, x[0]=808.0, y[0]=482.0, toolType[0]=TOOL_TYPE_UNKNOWN, buttonState=0, metaState=0, flags=0x0, edgeFlags=0x0, pointerCount=1, historySize=0, eventTime=47850966, downTime=47850966, deviceId=0, source=0x1002 }
11-10 16:10:18.559 21260 21260 I Input   : injectMotionEvent: MotionEvent { action=ACTION_MOVE, actionButton=0, id[0]=0, x[0]=808.0, y[0]=482.0, toolType[0]=TOOL_TYPE_UNKNOWN, buttonState=0, metaState=0, flags=0x0, edgeFlags=0x0, pointerCount=1, historySize=0, eventTime=47850983, downTime=47850983, deviceId=0, source=0x1002 }
11-10 16:10:18.575 21260 21260 I Input   : injectMotionEvent: MotionEvent { action=ACTION_MOVE, actionButton=0, id[0]=0, x[0]=808.0, y[0]=482.0, toolType[0]=TOOL_TYPE_UNKNOWN, buttonState=0, metaState=0, flags=0x0, edgeFlags=0x0, pointerCount=1, historySize=0, eventTime=47851000, downTime=47851000, deviceId=0, source=0x1002 }
11-10 16:10:18.593 21260 21260 I Input   : injectMotionEvent: MotionEvent { action=ACTION_MOVE, actionButton=0, id[0]=0, x[0]=808.0, y[0]=482.0, toolType[0]=TOOL_TYPE_UNKNOWN, buttonState=0, metaState=0, flags=0x0, edgeFlags=0x0, pointerCount=1, historySize=0, eventTime=47851017, downTime=47851017, deviceId=0, source=0x1002 }
11-10 16:10:18.608 21260 21260 I Input   : injectMotionEvent: MotionEvent { action=ACTION_MOVE, actionButton=0, id[0]=0, x[0]=808.0, y[0]=482.0, toolType[0]=TOOL_TYPE_UNKNOWN, buttonState=0, metaState=0, flags=0x0, edgeFlags=0x0, pointerCount=1, historySize=0, eventTime=47851032, downTime=47851032, deviceId=0, source=0x1002 }
11-10 16:10:18.627 21260 21260 I Input   : injectMotionEvent: MotionEvent { action=ACTION_MOVE, actionButton=0, id[0]=0, x[0]=808.0, y[0]=482.0, toolType[0]=TOOL_TYPE_UNKNOWN, buttonState=0, metaState=0, flags=0x0, edgeFlags=0x0, pointerCount=1, historySize=0, eventTime=47851052, downTime=47851052, deviceId=0, source=0x1002 }
11-10 16:10:18.642 21260 21260 I Input   : injectMotionEvent: MotionEvent { action=ACTION_MOVE, actionButton=0, id[0]=0, x[0]=808.0, y[0]=482.0, toolType[0]=TOOL_TYPE_UNKNOWN, buttonState=0, metaState=0, flags=0x0, edgeFlags=0x0, pointerCount=1, historySize=0, eventTime=47851067, downTime=47851067, deviceId=0, source=0x1002 }
11-10 16:10:18.659 21260 21260 I Input   : injectMotionEvent: MotionEvent { action=ACTION_MOVE, actionButton=0, id[0]=0, x[0]=808.0, y[0]=482.0, toolType[0]=TOOL_TYPE_UNKNOWN, buttonState=0, metaState=0, flags=0x0, edgeFlags=0x0, pointerCount=1, historySize=0, eventTime=47851084, downTime=47851084, deviceId=0, source=0x1002 }
11-10 16:10:18.676 21260 21260 I Input   : injectMotionEvent: MotionEvent { action=ACTION_MOVE, actionButton=0, id[0]=0, x[0]=808.0, y[0]=482.0, toolType[0]=TOOL_TYPE_UNKNOWN, buttonState=0, metaState=0, flags=0x0, edgeFlags=0x0, pointerCount=1, historySize=0, eventTime=47851101, downTime=47851101, deviceId=0, source=0x1002 }
11-10 16:10:18.692 21260 21260 I Input   : injectMotionEvent: MotionEvent { action=ACTION_MOVE, actionButton=0, id[0]=0, x[0]=808.0, y[0]=482.0, toolType[0]=TOOL_TYPE_UNKNOWN, buttonState=0, metaState=0, flags=0x0, edgeFlags=0x0, pointerCount=1, historySize=0, eventTime=47851117, downTime=47851117, deviceId=0, source=0x1002 }
11-10 16:10:18.709 21260 21260 I Input   : injectMotionEvent: MotionEvent { action=ACTION_MOVE, actionButton=0, id[0]=0, x[0]=808.0, y[0]=482.0, toolType[0]=TOOL_TYPE_UNKNOWN, buttonState=0, metaState=0, flags=0x0, edgeFlags=0x0, pointerCount=1, historySize=0, eventTime=47851133, downTime=47851133, deviceId=0, source=0x1002 }
11-10 16:10:18.725 21260 21260 I Input   : injectMotionEvent: MotionEvent { action=ACTION_MOVE, actionButton=0, id[0]=0, x[0]=808.0, y[0]=482.0, toolType[0]=TOOL_TYPE_UNKNOWN, buttonState=0, metaState=0, flags=0x0, edgeFlags=0x0, pointerCount=1, historySize=0, eventTime=47851150, downTime=47851150, deviceId=0, source=0x1002 }
11-10 16:10:18.742 21260 21260 I Input   : injectMotionEvent: MotionEvent { action=ACTION_MOVE, actionButton=0, id[0]=0, x[0]=808.0, y[0]=482.0, toolType[0]=TOOL_TYPE_UNKNOWN, buttonState=0, metaState=0, flags=0x0, edgeFlags=0x0, pointerCount=1, historySize=0, eventTime=47851166, downTime=47851166, deviceId=0, source=0x1002 }
11-10 16:10:18.758 21260 21260 I Input   : injectMotionEvent: MotionEvent { action=ACTION_MOVE, actionButton=0, id[0]=0, x[0]=808.0, y[0]=482.0, toolType[0]=TOOL_TYPE_UNKNOWN, buttonState=0, metaState=0, flags=0x0, edgeFlags=0x0, pointerCount=1, historySize=0, eventTime=47851182, downTime=47851182, deviceId=0, source=0x1002 }
11-10 16:10:18.774 21260 21260 I Input   : injectMotionEvent: MotionEvent { action=ACTION_MOVE, actionButton=0, id[0]=0, x[0]=808.0, y[0]=482.0, toolType[0]=TOOL_TYPE_UNKNOWN, buttonState=0, metaState=0, flags=0x0, edgeFlags=0x0, pointerCount=1, historySize=0, eventTime=47851198, downTime=47851198, deviceId=0, source=0x1002 }
11-10 16:10:18.792 21260 21260 I Input   : injectMotionEvent: MotionEvent { action=ACTION_MOVE, actionButton=0, id[0]=0, x[0]=808.0, y[0]=482.0, toolType[0]=TOOL_TYPE_UNKNOWN, buttonState=0, metaState=0, flags=0x0, edgeFlags=0x0, pointerCount=1, historySize=0, eventTime=47851217, downTime=47851217, deviceId=0, source=0x1002 }
11-10 16:10:18.807 21260 21260 I Input   : injectMotionEvent: MotionEvent { action=ACTION_MOVE, actionButton=0, id[0]=0, x[0]=808.0, y[0]=482.0, toolType[0]=TOOL_TYPE_UNKNOWN, buttonState=0, metaState=0, flags=0x0, edgeFlags=0x0, pointerCount=1, historySize=0, eventTime=47851232, downTime=47851232, deviceId=0, source=0x1002 }
11-10 16:10:18.826 21260 21260 I Input   : injectMotionEvent: MotionEvent { action=ACTION_MOVE, actionButton=0, id[0]=0, x[0]=808.0, y[0]=482.0, toolType[0]=TOOL_TYPE_UNKNOWN, buttonState=0, metaState=0, flags=0x0, edgeFlags=0x0, pointerCount=1, historySize=0, eventTime=47851250, downTime=47851250, deviceId=0, source=0x1002 }
11-10 16:10:18.842 21260 21260 I Input   : injectMotionEvent: MotionEvent { action=ACTION_MOVE, actionButton=0, id[0]=0, x[0]=808.0, y[0]=482.0, toolType[0]=TOOL_TYPE_UNKNOWN, buttonState=0, metaState=0, flags=0x0, edgeFlags=0x0, pointerCount=1, historySize=0, eventTime=47851267, downTime=47851267, deviceId=0, source=0x1002 }
11-10 16:10:18.860 21260 21260 I Input   : injectMotionEvent: MotionEvent { action=ACTION_MOVE, actionButton=0, id[0]=0, x[0]=808.0, y[0]=482.0, toolType[0]=TOOL_TYPE_UNKNOWN, buttonState=0, metaState=0, flags=0x0, edgeFlags=0x0, pointerCount=1, historySize=0, eventTime=47851284, downTime=47851284, deviceId=0, source=0x1002 }
11-10 16:10:18.874 21260 21260 I Input   : injectMotionEvent: MotionEvent { action=ACTION_MOVE, actionButton=0, id[0]=0, x[0]=808.0, y[0]=482.0, toolType[0]=TOOL_TYPE_UNKNOWN, buttonState=0, metaState=0, flags=0x0, edgeFlags=0x0, pointerCount=1, historySize=0, eventTime=47851299, downTime=47851299, deviceId=0, source=0x1002 }
11-10 16:10:18.893 21260 21260 I Input   : injectMotionEvent: MotionEvent { action=ACTION_MOVE, actionButton=0, id[0]=0, x[0]=808.0, y[0]=482.0, toolType[0]=TOOL_TYPE_UNKNOWN, buttonState=0, metaState=0, flags=0x0, edgeFlags=0x0, pointerCount=1, historySize=0, eventTime=47851318, downTime=47851318, deviceId=0, source=0x1002 }
11-10 16:10:18.908 21260 21260 I Input   : injectMotionEvent: MotionEvent { action=ACTION_MOVE, actionButton=0, id[0]=0, x[0]=808.0, y[0]=482.0, toolType[0]=TOOL_TYPE_UNKNOWN, buttonState=0, metaState=0, flags=0x0, edgeFlags=0x0, pointerCount=1, historySize=0, eventTime=47851333, downTime=47851333, deviceId=0, source=0x1002 }
11-10 16:10:18.926 21260 21260 I Input   : injectMotionEvent: MotionEvent { action=ACTION_MOVE, actionButton=0, id[0]=0, x[0]=808.0, y[0]=482.0, toolType[0]=TOOL_TYPE_UNKNOWN, buttonState=0, metaState=0, flags=0x0, edgeFlags=0x0, pointerCount=1, historySize=0, eventTime=47851351, downTime=47851351, deviceId=0, source=0x1002 }
11-10 16:10:18.943 21260 21260 I Input   : injectMotionEvent: MotionEvent { action=ACTION_MOVE, actionButton=0, id[0]=0, x[0]=808.0, y[0]=482.0, toolType[0]=TOOL_TYPE_UNKNOWN, buttonState=0, metaState=0, flags=0x0, edgeFlags=0x0, pointerCount=1, historySize=0, eventTime=47851367, downTime=47851367, deviceId=0, source=0x1002 }
11-10 16:10:18.959 21260 21260 I Input   : injectMotionEvent: MotionEvent { action=ACTION_MOVE, actionButton=0, id[0]=0, x[0]=808.0, y[0]=482.0, toolType[0]=TOOL_TYPE_UNKNOWN, buttonState=0, metaState=0, flags=0x0, edgeFlags=0x0, pointerCount=1, historySize=0, eventTime=47851383, downTime=47851383, deviceId=0, source=0x1002 }
11-10 16:10:18.976 21260 21260 I Input   : injectMotionEvent: MotionEvent { action=ACTION_MOVE, actionButton=0, id[0]=0, x[0]=808.0, y[0]=482.0, toolType[0]=TOOL_TYPE_UNKNOWN, buttonState=0, metaState=0, flags=0x0, edgeFlags=0x0, pointerCount=1, historySize=0, eventTime=47851400, downTime=47851400, deviceId=0, source=0x1002 }
11-10 16:10:18.992 21260 21260 I Input   : injectMotionEvent: MotionEvent { action=ACTION_MOVE, actionButton=0, id[0]=0, x[0]=808.0, y[0]=482.0, toolType[0]=TOOL_TYPE_UNKNOWN, buttonState=0, metaState=0, flags=0x0, edgeFlags=0x0, pointerCount=1, historySize=0, eventTime=47851416, downTime=47851416, deviceId=0, source=0x1002 }
11-10 16:10:19.008 21260 21260 I Input   : injectMotionEvent: MotionEvent { action=ACTION_MOVE, actionButton=0, id[0]=0, x[0]=808.0, y[0]=482.0, toolType[0]=TOOL_TYPE_UNKNOWN, buttonState=0, metaState=0, flags=0x0, edgeFlags=0x0, pointerCount=1, historySize=0, eventTime=47851433, downTime=47851433, deviceId=0, source=0x1002 }
11-10 16:10:19.025 21260 21260 I Input   : injectMotionEvent: MotionEvent { action=ACTION_MOVE, actionButton=0, id[0]=0, x[0]=808.0, y[0]=482.0, toolType[0]=TOOL_TYPE_UNKNOWN, buttonState=0, metaState=0, flags=0x0, edgeFlags=0x0, pointerCount=1, historySize=0, eventTime=47851450, downTime=47851450, deviceId=0, source=0x1002 }
11-10 16:10:19.042 21260 21260 I Input   : injectMotionEvent: MotionEvent { action=ACTION_MOVE, actionButton=0, id[0]=0, x[0]=808.0, y[0]=482.0, toolType[0]=TOOL_TYPE_UNKNOWN, buttonState=0, metaState=0, flags=0x0, edgeFlags=0x0, pointerCount=1, historySize=0, eventTime=47851467, downTime=47851467, deviceId=0, source=0x1002 }
11-10 16:10:19.059 21260 21260 I Input   : injectMotionEvent: MotionEvent { action=ACTION_MOVE, actionButton=0, id[0]=0, x[0]=808.0, y[0]=482.0, toolType[0]=TOOL_TYPE_UNKNOWN, buttonState=0, metaState=0, flags=0x0, edgeFlags=0x0, pointerCount=1, historySize=0, eventTime=47851483, downTime=47851483, deviceId=0, source=0x1002 }
11-10 16:10:19.075 21260 21260 I Input   : injectMotionEvent: MotionEvent { action=ACTION_MOVE, actionButton=0, id[0]=0, x[0]=808.0, y[0]=482.0, toolType[0]=TOOL_TYPE_UNKNOWN, buttonState=0, metaState=0, flags=0x0, edgeFlags=0x0, pointerCount=1, historySize=0, eventTime=47851500, downTime=47851500, deviceId=0, source=0x1002 }
11-10 16:10:19.091 21260 21260 I Input   : injectMotionEvent: MotionEvent { action=ACTION_MOVE, actionButton=0, id[0]=0, x[0]=808.0, y[0]=482.0, toolType[0]=TOOL_TYPE_UNKNOWN, buttonState=0, metaState=0, flags=0x0, edgeFlags=0x0, pointerCount=1, historySize=0, eventTime=47851516, downTime=47851516, deviceId=0, source=0x1002 }
11-10 16:10:19.108 21260 21260 I Input   : injectMotionEvent: MotionEvent { action=ACTION_MOVE, actionButton=0, id[0]=0, x[0]=808.0, y[0]=482.0, toolType[0]=TOOL_TYPE_UNKNOWN, buttonState=0, metaState=0, flags=0x0, edgeFlags=0x0, pointerCount=1, historySize=0, eventTime=47851532, downTime=47851532, deviceId=0, source=0x1002 }
11-10 16:10:19.125 21260 21260 I Input   : injectMotionEvent: MotionEvent { action=ACTION_UP, actionButton=0, id[0]=0, x[0]=808.0, y[0]=482.0, toolType[0]=TOOL_TYPE_UNKNOWN, buttonState=0, metaState=0, flags=0x0, edgeFlags=0x0, pointerCount=1, historySize=0, eventTime=47851550, downTime=47851550, deviceId=0, source=0x1002 }
11-10 16:10:19.127 21260 21260 D AndroidRuntime: Shutting down VM
11-10 16:10:22.965 21285 21285 D AndroidRuntime: >>>>>> START com.android.internal.os.RuntimeInit uid 2000 <<<<<<
11-10 16:10:22.967 21285 21285 D AndroidRuntime: CheckJNI is ON
11-10 16:10:22.988 21285 21285 W art     : Unexpected CPU variant for X86 using defaults: x86
11-10 16:10:22.991 21285 21285 D ICU     : No timezone override file found: /data/local/tmp/misc/zoneinfo/current/icu/icu_tzdata.dat
11-10 16:10:23.007 21285 21285 E memtrack: Couldn't load memtrack module (No such file or directory)
11-10 16:10:23.007 21285 21285 E android.os.Debug: failed to load memtrack module: -2
11-10 16:10:23.008 21285 21285 I Radio-JNI: register_android_hardware_Radio DONE
11-10 16:10:23.013 21285 21285 D AndroidRuntime: Calling main entry com.android.commands.uiautomator.Launcher
11-10 16:10:24.042 21285 21285 W AccessibilityNodeInfoDumper: Fetch time: 8ms
11-10 16:10:24.043  1696  1798 W WindowManager: Attempted to remove non-existing token: android.os.Binder@99dd926
11-10 16:10:24.048 21285 21285 D AndroidRuntime: Shutting down VM
11-10 16:10:24.909 21313 21313 D AndroidRuntime: >>>>>> START com.android.internal.os.RuntimeInit uid 2000 <<<<<<
11-10 16:10:24.910 21313 21313 D AndroidRuntime: CheckJNI is ON
11-10 16:10:24.934 21313 21313 W art     : Unexpected CPU variant for X86 using defaults: x86
11-10 16:10:24.937 21313 21313 D ICU     : No timezone override file found: /data/local/tmp/misc/zoneinfo/current/icu/icu_tzdata.dat
11-10 16:10:24.954 21313 21313 E memtrack: Couldn't load memtrack module (No such file or directory)
11-10 16:10:24.954 21313 21313 E android.os.Debug: failed to load memtrack module: -2
11-10 16:10:24.954 21313 21313 I Radio-JNI: register_android_hardware_Radio DONE
11-10 16:10:24.960 21313 21313 D AndroidRuntime: Calling main entry com.android.commands.uiautomator.Launcher
11-10 16:10:25.992 21313 21313 W AccessibilityNodeInfoDumper: Fetch time: 10ms
11-10 16:10:25.992  1696  1795 W WindowManager: Attempted to remove non-existing token: android.os.Binder@37e61b2
11-10 16:10:25.997 21313 21313 D AndroidRuntime: Shutting down VM
11-10 16:10:26.243 21331 21331 D AndroidRuntime: >>>>>> START com.android.internal.os.RuntimeInit uid 2000 <<<<<<
11-10 16:10:26.244 21331 21331 D AndroidRuntime: CheckJNI is ON
11-10 16:10:26.265 21331 21331 W art     : Unexpected CPU variant for X86 using defaults: x86
11-10 16:10:26.268 21331 21331 D ICU     : No timezone override file found: /data/local/tmp/misc/zoneinfo/current/icu/icu_tzdata.dat
11-10 16:10:26.283 21331 21331 E memtrack: Couldn't load memtrack module (No such file or directory)
11-10 16:10:26.283 21331 21331 E android.os.Debug: failed to load memtrack module: -2
11-10 16:10:26.284 21331 21331 I Radio-JNI: register_android_hardware_Radio DONE
11-10 16:10:26.289 21331 21331 D AndroidRuntime: Calling main entry com.android.commands.uiautomator.Launcher
11-10 16:10:27.322 21331 21331 W AccessibilityNodeInfoDumper: Fetch time: 11ms
11-10 16:10:27.323  1696  1795 W WindowManager: Attempted to remove non-existing token: android.os.Binder@1b3c80
11-10 16:10:27.329 21331 21331 D AndroidRuntime: Shutting down VM
11-10 16:10:28.192 21359 21359 D AndroidRuntime: >>>>>> START com.android.internal.os.RuntimeInit uid 2000 <<<<<<
11-10 16:10:28.193 21359 21359 D AndroidRuntime: CheckJNI is ON
11-10 16:10:28.217 21359 21359 W art     : Unexpected CPU variant for X86 using defaults: x86
11-10 16:10:28.220 21359 21359 D ICU     : No timezone override file found: /data/local/tmp/misc/zoneinfo/current/icu/icu_tzdata.dat
11-10 16:10:28.235 21359 21359 E memtrack: Couldn't load memtrack module (No such file or directory)
11-10 16:10:28.235 21359 21359 E android.os.Debug: failed to load memtrack module: -2
11-10 16:10:28.235 21359 21359 I Radio-JNI: register_android_hardware_Radio DONE
11-10 16:10:28.241 21359 21359 D AndroidRuntime: Calling main entry com.android.commands.uiautomator.Launcher
11-10 16:10:29.274 21359 21359 W AccessibilityNodeInfoDumper: Fetch time: 10ms
11-10 16:10:29.274  1696  4549 W WindowManager: Attempted to remove non-existing token: android.os.Binder@a6ce6fe
11-10 16:10:29.280 21359 21359 D AndroidRuntime: Shutting down VM
11-10 16:10:30.184 21394 21394 D AndroidRuntime: >>>>>> START com.android.internal.os.RuntimeInit uid 2000 <<<<<<
11-10 16:10:30.185 21394 21394 D AndroidRuntime: CheckJNI is ON
11-10 16:10:30.206 21394 21394 W art     : Unexpected CPU variant for X86 using defaults: x86
11-10 16:10:30.210 21394 21394 D ICU     : No timezone override file found: /data/local/tmp/misc/zoneinfo/current/icu/icu_tzdata.dat
11-10 16:10:30.227 21394 21394 E memtrack: Couldn't load memtrack module (No such file or directory)
11-10 16:10:30.227 21394 21394 E android.os.Debug: failed to load memtrack module: -2
11-10 16:10:30.228 21394 21394 I Radio-JNI: register_android_hardware_Radio DONE
11-10 16:10:30.233 21394 21394 D AndroidRuntime: Calling main entry com.android.commands.uiautomator.Launcher
11-10 16:10:31.262 21394 21394 W AccessibilityNodeInfoDumper: Fetch time: 8ms
11-10 16:10:31.264  1696  3573 W WindowManager: Attempted to remove non-existing token: android.os.Binder@637a0ac
11-10 16:10:31.268 21394 21394 D AndroidRuntime: Shutting down VM
11-10 16:10:31.612  1343  2116 E SurfaceFlinger: ro.sf.lcd_density must be defined as a build property
11-10 16:10:31.615  1343  2282 D gralloc_ranchu: gralloc_alloc: Creating ashmem region of size 8294400
11-10 16:10:31.622 21410 21410 D         : HostConnection::get() New Host Connection established 0xb0d1b2c0, tid 21410
11-10 16:10:31.934 21415 21415 D AndroidRuntime: >>>>>> START com.android.internal.os.RuntimeInit uid 2000 <<<<<<
11-10 16:10:31.937 21415 21415 D AndroidRuntime: CheckJNI is ON
11-10 16:10:31.966 21415 21415 W art     : Unexpected CPU variant for X86 using defaults: x86
11-10 16:10:31.970 21415 21415 D ICU     : No timezone override file found: /data/misc/zoneinfo/current/icu/icu_tzdata.dat
11-10 16:10:31.983 21415 21415 E memtrack: Couldn't load memtrack module (No such file or directory)
11-10 16:10:31.983 21415 21415 E android.os.Debug: failed to load memtrack module: -2
11-10 16:10:31.983 21415 21415 I Radio-JNI: register_android_hardware_Radio DONE
11-10 16:10:31.989 21415 21415 D AndroidRuntime: Calling main entry com.android.commands.am.Am
11-10 16:10:31.997 25391 25391 D MediaScannerReceiver: action: android.intent.action.MEDIA_SCANNER_SCAN_FILE path: /storage/emulated/0/screen.png
11-10 16:10:32.000 21415 21415 D AndroidRuntime: Shutting down VM
11-10 16:10:34.485 21428 21428 D AndroidRuntime: >>>>>> START com.android.internal.os.RuntimeInit uid 2000 <<<<<<
11-10 16:10:34.487 21428 21428 D AndroidRuntime: CheckJNI is ON
11-10 16:10:34.509 21428 21428 W art     : Unexpected CPU variant for X86 using defaults: x86
11-10 16:10:34.511 21428 21428 D ICU     : No timezone override file found: /data/local/tmp/misc/zoneinfo/current/icu/icu_tzdata.dat
11-10 16:10:34.525 21428 21428 E memtrack: Couldn't load memtrack module (No such file or directory)
11-10 16:10:34.525 21428 21428 E android.os.Debug: failed to load memtrack module: -2
11-10 16:10:34.526 21428 21428 I Radio-JNI: register_android_hardware_Radio DONE
11-10 16:10:34.531 21428 21428 D AndroidRuntime: Calling main entry com.android.commands.uiautomator.Launcher
11-10 16:10:35.562 21428 21428 W AccessibilityNodeInfoDumper: Fetch time: 10ms
11-10 16:10:35.563  1696  4550 W WindowManager: Attempted to remove non-existing token: android.os.Binder@e483ff1
11-10 16:10:35.567 21428 21428 D AndroidRuntime: Shutting down VM
11-10 16:10:37.798 21445 21445 D AndroidRuntime: >>>>>> START com.android.internal.os.RuntimeInit uid 2000 <<<<<<
11-10 16:10:37.800 21445 21445 D AndroidRuntime: CheckJNI is ON
11-10 16:10:37.823 21445 21445 W art     : Unexpected CPU variant for X86 using defaults: x86
11-10 16:10:37.827 21445 21445 D ICU     : No timezone override file found: /data/local/tmp/misc/zoneinfo/current/icu/icu_tzdata.dat
11-10 16:10:37.843 21445 21445 E memtrack: Couldn't load memtrack module (No such file or directory)
11-10 16:10:37.843 21445 21445 E android.os.Debug: failed to load memtrack module: -2
11-10 16:10:37.844 21445 21445 I Radio-JNI: register_android_hardware_Radio DONE
11-10 16:10:37.849 21445 21445 D AndroidRuntime: Calling main entry com.android.commands.uiautomator.Launcher
11-10 16:10:38.882 21445 21445 W AccessibilityNodeInfoDumper: Fetch time: 9ms
11-10 16:10:38.883  1696  1906 W WindowManager: Attempted to remove non-existing token: android.os.Binder@e774a57
11-10 16:10:38.887 21445 21445 D AndroidRuntime: Shutting down VM
11-10 16:10:39.125 21462 21462 D AndroidRuntime: >>>>>> START com.android.internal.os.RuntimeInit uid 2000 <<<<<<
11-10 16:10:39.128 21462 21462 D AndroidRuntime: CheckJNI is ON
11-10 16:10:39.149 21462 21462 W art     : Unexpected CPU variant for X86 using defaults: x86
11-10 16:10:39.154 21462 21462 D ICU     : No timezone override file found: /data/local/tmp/misc/zoneinfo/current/icu/icu_tzdata.dat
11-10 16:10:39.172 21462 21462 E memtrack: Couldn't load memtrack module (No such file or directory)
11-10 16:10:39.172 21462 21462 E android.os.Debug: failed to load memtrack module: -2
11-10 16:10:39.172 21462 21462 I Radio-JNI: register_android_hardware_Radio DONE
11-10 16:10:39.178 21462 21462 D AndroidRuntime: Calling main entry com.android.commands.uiautomator.Launcher
11-10 16:10:40.210 21462 21462 W AccessibilityNodeInfoDumper: Fetch time: 9ms
11-10 16:10:40.210  1696  1926 W WindowManager: Attempted to remove non-existing token: android.os.Binder@e8fea2d
11-10 16:10:40.215 21462 21462 D AndroidRuntime: Shutting down VM
11-10 16:10:40.465 21479 21479 D AndroidRuntime: >>>>>> START com.android.internal.os.RuntimeInit uid 2000 <<<<<<
11-10 16:10:40.466 21479 21479 D AndroidRuntime: CheckJNI is ON
11-10 16:10:40.489 21479 21479 W art     : Unexpected CPU variant for X86 using defaults: x86
11-10 16:10:40.492 21479 21479 D ICU     : No timezone override file found: /data/local/tmp/misc/zoneinfo/current/icu/icu_tzdata.dat
11-10 16:10:40.509 21479 21479 E memtrack: Couldn't load memtrack module (No such file or directory)
11-10 16:10:40.509 21479 21479 E android.os.Debug: failed to load memtrack module: -2
11-10 16:10:40.510 21479 21479 I Radio-JNI: register_android_hardware_Radio DONE
11-10 16:10:40.516 21479 21479 D AndroidRuntime: Calling main entry com.android.commands.uiautomator.Launcher
11-10 16:10:41.547 21479 21479 W AccessibilityNodeInfoDumper: Fetch time: 9ms
11-10 16:10:41.548  1696  2245 W WindowManager: Attempted to remove non-existing token: android.os.Binder@a3c34f3
11-10 16:10:41.552 21479 21479 D AndroidRuntime: Shutting down VM
11-10 16:10:41.829 21499 21499 D AndroidRuntime: >>>>>> START com.android.internal.os.RuntimeInit uid 2000 <<<<<<
11-10 16:10:41.830 21499 21499 D AndroidRuntime: CheckJNI is ON
11-10 16:10:41.854 21499 21499 W art     : Unexpected CPU variant for X86 using defaults: x86
11-10 16:10:41.857 21499 21499 D ICU     : No timezone override file found: /data/local/tmp/misc/zoneinfo/current/icu/icu_tzdata.dat
11-10 16:10:41.875 21499 21499 E memtrack: Couldn't load memtrack module (No such file or directory)
11-10 16:10:41.875 21499 21499 E android.os.Debug: failed to load memtrack module: -2
11-10 16:10:41.876 21499 21499 I Radio-JNI: register_android_hardware_Radio DONE
11-10 16:10:41.882 21499 21499 D AndroidRuntime: Calling main entry com.android.commands.uiautomator.Launcher
11-10 16:10:42.920 21499 21499 W AccessibilityNodeInfoDumper: Fetch time: 12ms
11-10 16:10:42.921  1696  1798 W WindowManager: Attempted to remove non-existing token: android.os.Binder@a5b2d4f
11-10 16:10:42.925 21499 21499 D AndroidRuntime: Shutting down VM
11-10 16:10:43.122 21514 21514 D AndroidRuntime: >>>>>> START com.android.internal.os.RuntimeInit uid 2000 <<<<<<
11-10 16:10:43.125 21514 21514 D AndroidRuntime: CheckJNI is ON
11-10 16:10:43.148 21514 21514 W art     : Unexpected CPU variant for X86 using defaults: x86
11-10 16:10:43.152 21514 21514 D ICU     : No timezone override file found: /data/misc/zoneinfo/current/icu/icu_tzdata.dat
11-10 16:10:43.166 21514 21514 E memtrack: Couldn't load memtrack module (No such file or directory)
11-10 16:10:43.166 21514 21514 E android.os.Debug: failed to load memtrack module: -2
11-10 16:10:43.167 21514 21514 I Radio-JNI: register_android_hardware_Radio DONE
11-10 16:10:43.173 21514 21514 D AndroidRuntime: Calling main entry com.android.commands.input.Input
11-10 16:10:43.177 21514 21514 I Input   : injectMotionEvent: MotionEvent { action=ACTION_DOWN, actionButton=0, id[0]=0, x[0]=272.0, y[0]=482.0, toolType[0]=TOOL_TYPE_UNKNOWN, buttonState=0, metaState=0, flags=0x0, edgeFlags=0x0, pointerCount=1, historySize=0, eventTime=47875599, downTime=47875599, deviceId=0, source=0x1002 }
11-10 16:10:43.180 21514 21514 I Input   : injectMotionEvent: MotionEvent { action=ACTION_UP, actionButton=0, id[0]=0, x[0]=272.0, y[0]=482.0, toolType[0]=TOOL_TYPE_UNKNOWN, buttonState=0, metaState=0, flags=0x0, edgeFlags=0x0, pointerCount=1, historySize=0, eventTime=47875599, downTime=47875599, deviceId=0, source=0x1002 }
11-10 16:10:43.182 21514 21514 D AndroidRuntime: Shutting down VM
11-10 16:10:47.037 21539 21539 D AndroidRuntime: >>>>>> START com.android.internal.os.RuntimeInit uid 2000 <<<<<<
11-10 16:10:47.039 21539 21539 D AndroidRuntime: CheckJNI is ON
11-10 16:10:47.072 21539 21539 W art     : Unexpected CPU variant for X86 using defaults: x86
11-10 16:10:47.076 21539 21539 D ICU     : No timezone override file found: /data/local/tmp/misc/zoneinfo/current/icu/icu_tzdata.dat
11-10 16:10:47.092 21539 21539 E memtrack: Couldn't load memtrack module (No such file or directory)
11-10 16:10:47.092 21539 21539 E android.os.Debug: failed to load memtrack module: -2
11-10 16:10:47.092 21539 21539 I Radio-JNI: register_android_hardware_Radio DONE
11-10 16:10:47.098 21539 21539 D AndroidRuntime: Calling main entry com.android.commands.uiautomator.Launcher
11-10 16:10:48.140 21539 21539 W AccessibilityNodeInfoDumper: Fetch time: 9ms
11-10 16:10:48.141  1696  3573 W WindowManager: Attempted to remove non-existing token: android.os.Binder@a614199
11-10 16:10:48.148 21539 21539 D AndroidRuntime: Shutting down VM
11-10 16:10:49.010 21567 21567 D AndroidRuntime: >>>>>> START com.android.internal.os.RuntimeInit uid 2000 <<<<<<
11-10 16:10:49.012 21567 21567 D AndroidRuntime: CheckJNI is ON
11-10 16:10:49.040 21567 21567 W art     : Unexpected CPU variant for X86 using defaults: x86
11-10 16:10:49.043 21567 21567 D ICU     : No timezone override file found: /data/local/tmp/misc/zoneinfo/current/icu/icu_tzdata.dat
11-10 16:10:49.062 21567 21567 E memtrack: Couldn't load memtrack module (No such file or directory)
11-10 16:10:49.062 21567 21567 E android.os.Debug: failed to load memtrack module: -2
11-10 16:10:49.063 21567 21567 I Radio-JNI: register_android_hardware_Radio DONE
11-10 16:10:49.069 21567 21567 D AndroidRuntime: Calling main entry com.android.commands.uiautomator.Launcher
11-10 16:10:50.108 21567 21567 W AccessibilityNodeInfoDumper: Fetch time: 11ms
11-10 16:10:50.109  1696  4550 W WindowManager: Attempted to remove non-existing token: android.os.Binder@1a8e50c
11-10 16:10:50.115 21567 21567 D AndroidRuntime: Shutting down VM
11-10 16:10:50.365 21585 21585 D AndroidRuntime: >>>>>> START com.android.internal.os.RuntimeInit uid 2000 <<<<<<
11-10 16:10:50.367 21585 21585 D AndroidRuntime: CheckJNI is ON
11-10 16:10:50.389 21585 21585 W art     : Unexpected CPU variant for X86 using defaults: x86
11-10 16:10:50.392 21585 21585 D ICU     : No timezone override file found: /data/local/tmp/misc/zoneinfo/current/icu/icu_tzdata.dat
11-10 16:10:50.406 21585 21585 E memtrack: Couldn't load memtrack module (No such file or directory)
11-10 16:10:50.406 21585 21585 E android.os.Debug: failed to load memtrack module: -2
11-10 16:10:50.408 21585 21585 I Radio-JNI: register_android_hardware_Radio DONE
11-10 16:10:50.413 21585 21585 D AndroidRuntime: Calling main entry com.android.commands.uiautomator.Launcher
11-10 16:10:51.450 21585 21585 W AccessibilityNodeInfoDumper: Fetch time: 10ms
11-10 16:10:51.451  1696  1906 W WindowManager: Attempted to remove non-existing token: android.os.Binder@583406a
11-10 16:10:51.456 21585 21585 D AndroidRuntime: Shutting down VM
11-10 16:10:52.321 21613 21613 D AndroidRuntime: >>>>>> START com.android.internal.os.RuntimeInit uid 2000 <<<<<<
11-10 16:10:52.322 21613 21613 D AndroidRuntime: CheckJNI is ON
11-10 16:10:52.344 21613 21613 W art     : Unexpected CPU variant for X86 using defaults: x86
11-10 16:10:52.347 21613 21613 D ICU     : No timezone override file found: /data/local/tmp/misc/zoneinfo/current/icu/icu_tzdata.dat
11-10 16:10:52.362 21613 21613 E memtrack: Couldn't load memtrack module (No such file or directory)
11-10 16:10:52.362 21613 21613 E android.os.Debug: failed to load memtrack module: -2
11-10 16:10:52.362 21613 21613 I Radio-JNI: register_android_hardware_Radio DONE
11-10 16:10:52.368 21613 21613 D AndroidRuntime: Calling main entry com.android.commands.uiautomator.Launcher
11-10 16:10:53.400 21613 21613 W AccessibilityNodeInfoDumper: Fetch time: 11ms
11-10 16:10:53.400  1696  1707 W WindowManager: Attempted to remove non-existing token: android.os.Binder@28545f8
11-10 16:10:53.405 21613 21613 D AndroidRuntime: Shutting down VM
11-10 16:10:54.302 21648 21648 D AndroidRuntime: >>>>>> START com.android.internal.os.RuntimeInit uid 2000 <<<<<<
11-10 16:10:54.304 21648 21648 D AndroidRuntime: CheckJNI is ON
11-10 16:10:54.327 21648 21648 W art     : Unexpected CPU variant for X86 using defaults: x86
11-10 16:10:54.331 21648 21648 D ICU     : No timezone override file found: /data/local/tmp/misc/zoneinfo/current/icu/icu_tzdata.dat
11-10 16:10:54.347 21648 21648 E memtrack: Couldn't load memtrack module (No such file or directory)
11-10 16:10:54.347 21648 21648 E android.os.Debug: failed to load memtrack module: -2
11-10 16:10:54.348 21648 21648 I Radio-JNI: register_android_hardware_Radio DONE
11-10 16:10:54.354 21648 21648 D AndroidRuntime: Calling main entry com.android.commands.uiautomator.Launcher
11-10 16:10:55.386 21648 21648 W AccessibilityNodeInfoDumper: Fetch time: 11ms
11-10 16:10:55.387  1696  1798 W WindowManager: Attempted to remove non-existing token: android.os.Binder@f8cf936
11-10 16:10:55.392 21648 21648 D AndroidRuntime: Shutting down VM
11-10 16:10:55.619  1343  1387 E SurfaceFlinger: ro.sf.lcd_density must be defined as a build property
11-10 16:10:55.621  1343  1356 D gralloc_ranchu: gralloc_alloc: Creating ashmem region of size 8294400
11-10 16:10:55.628 21664 21664 D         : HostConnection::get() New Host Connection established 0xaba9b2c0, tid 21664
11-10 16:10:55.915 21669 21669 D AndroidRuntime: >>>>>> START com.android.internal.os.RuntimeInit uid 2000 <<<<<<
11-10 16:10:55.918 21669 21669 D AndroidRuntime: CheckJNI is ON
11-10 16:10:55.948 21669 21669 W art     : Unexpected CPU variant for X86 using defaults: x86
11-10 16:10:55.952 21669 21669 D ICU     : No timezone override file found: /data/misc/zoneinfo/current/icu/icu_tzdata.dat
11-10 16:10:55.964 21669 21669 E memtrack: Couldn't load memtrack module (No such file or directory)
11-10 16:10:55.964 21669 21669 E android.os.Debug: failed to load memtrack module: -2
11-10 16:10:55.965 21669 21669 I Radio-JNI: register_android_hardware_Radio DONE
11-10 16:10:55.969 21669 21669 D AndroidRuntime: Calling main entry com.android.commands.am.Am
11-10 16:10:55.978 25391 25391 D MediaScannerReceiver: action: android.intent.action.MEDIA_SCANNER_SCAN_FILE path: /storage/emulated/0/screen.png
11-10 16:10:55.981 21669 21669 D AndroidRuntime: Shutting down VM
11-10 16:10:58.426 21682 21682 D AndroidRuntime: >>>>>> START com.android.internal.os.RuntimeInit uid 2000 <<<<<<
11-10 16:10:58.429 21682 21682 D AndroidRuntime: CheckJNI is ON
11-10 16:10:58.450 21682 21682 W art     : Unexpected CPU variant for X86 using defaults: x86
11-10 16:10:58.453 21682 21682 D ICU     : No timezone override file found: /data/local/tmp/misc/zoneinfo/current/icu/icu_tzdata.dat
11-10 16:10:58.469 21682 21682 E memtrack: Couldn't load memtrack module (No such file or directory)
11-10 16:10:58.469 21682 21682 E android.os.Debug: failed to load memtrack module: -2
11-10 16:10:58.470 21682 21682 I Radio-JNI: register_android_hardware_Radio DONE
11-10 16:10:58.475 21682 21682 D AndroidRuntime: Calling main entry com.android.commands.uiautomator.Launcher
11-10 16:10:59.507 21682 21682 W AccessibilityNodeInfoDumper: Fetch time: 11ms
11-10 16:10:59.508  1696  2071 W WindowManager: Attempted to remove non-existing token: android.os.Binder@54f28d3
11-10 16:10:59.514 21682 21682 D AndroidRuntime: Shutting down VM
11-10 16:11:01.738 21699 21699 D AndroidRuntime: >>>>>> START com.android.internal.os.RuntimeInit uid 2000 <<<<<<
11-10 16:11:01.740 21699 21699 D AndroidRuntime: CheckJNI is ON
11-10 16:11:01.762 21699 21699 W art     : Unexpected CPU variant for X86 using defaults: x86
11-10 16:11:01.767 21699 21699 D ICU     : No timezone override file found: /data/local/tmp/misc/zoneinfo/current/icu/icu_tzdata.dat
11-10 16:11:01.784 21699 21699 E memtrack: Couldn't load memtrack module (No such file or directory)
11-10 16:11:01.784 21699 21699 E android.os.Debug: failed to load memtrack module: -2
