06-29 01:21:32.213 23742 23742 I Input   : injectMotionEvent: MotionEvent { action=ACTION_MOVE, actionButton=0, id[0]=0, x[0]=911.0, y[0]=136.0, toolType[0]=TOOL_TYPE_UNKNOWN, buttonState=0, metaState=0, flags=0x0, edgeFlags=0x0, pointerCount=1, historySize=0, eventTime=7516885, downTime=7516885, deviceId=0, source=0x1002 }
06-29 01:21:32.230 23742 23742 I Input   : injectMotionEvent: MotionEvent { action=ACTION_MOVE, actionButton=0, id[0]=0, x[0]=911.0, y[0]=136.0, toolType[0]=TOOL_TYPE_UNKNOWN, buttonState=0, metaState=0, flags=0x0, edgeFlags=0x0, pointerCount=1, historySize=0, eventTime=7516903, downTime=7516903, deviceId=0, source=0x1002 }
06-29 01:21:32.245 23742 23742 I Input   : injectMotionEvent: MotionEvent { action=ACTION_MOVE, actionButton=0, id[0]=0, x[0]=911.0, y[0]=136.0, toolType[0]=TOOL_TYPE_UNKNOWN, buttonState=0, metaState=0, flags=0x0, edgeFlags=0x0, pointerCount=1, historySize=0, eventTime=7516917, downTime=7516917, deviceId=0, source=0x1002 }
06-29 01:21:32.262 23742 23742 I Input   : injectMotionEvent: MotionEvent { action=ACTION_MOVE, actionButton=0, id[0]=0, x[0]=911.0, y[0]=136.0, toolType[0]=TOOL_TYPE_UNKNOWN, buttonState=0, metaState=0, flags=0x0, edgeFlags=0x0, pointerCount=1, historySize=0, eventTime=7516934, downTime=7516934, deviceId=0, source=0x1002 }
06-29 01:21:32.281 23742 23742 I Input   : injectMotionEvent: MotionEvent { action=ACTION_MOVE, actionButton=0, id[0]=0, x[0]=911.0, y[0]=136.0, toolType[0]=TOOL_TYPE_UNKNOWN, buttonState=0, metaState=0, flags=0x0, edgeFlags=0x0, pointerCount=1, historySize=0, eventTime=7516953, downTime=7516953, deviceId=0, source=0x1002 }
06-29 01:21:32.294 23742 23742 I Input   : injectMotionEvent: MotionEvent { action=ACTION_MOVE, actionButton=0, id[0]=0, x[0]=911.0, y[0]=136.0, toolType[0]=TOOL_TYPE_UNKNOWN, buttonState=0, metaState=0, flags=0x0, edgeFlags=0x0, pointerCount=1, historySize=0, eventTime=7516967, downTime=7516967, deviceId=0, source=0x1002 }
06-29 01:21:32.312 23742 23742 I Input   : injectMotionEvent: MotionEvent { action=ACTION_MOVE, actionButton=0, id[0]=0, x[0]=911.0, y[0]=136.0, toolType[0]=TOOL_TYPE_UNKNOWN, buttonState=0, metaState=0, flags=0x0, edgeFlags=0x0, pointerCount=1, historySize=0, eventTime=7516985, downTime=7516985, deviceId=0, source=0x1002 }
06-29 01:21:32.332 23742 23742 I Input   : injectMotionEvent: MotionEvent { action=ACTION_MOVE, actionButton=0, id[0]=0, x[0]=911.0, y[0]=136.0, toolType[0]=TOOL_TYPE_UNKNOWN, buttonState=0, metaState=0, flags=0x0, edgeFlags=0x0, pointerCount=1, historySize=0, eventTime=7517005, downTime=7517005, deviceId=0, source=0x1002 }
06-29 01:21:32.346 23742 23742 I Input   : injectMotionEvent: MotionEvent { action=ACTION_MOVE, actionButton=0, id[0]=0, x[0]=911.0, y[0]=136.0, toolType[0]=TOOL_TYPE_UNKNOWN, buttonState=0, metaState=0, flags=0x0, edgeFlags=0x0, pointerCount=1, historySize=0, eventTime=7517018, downTime=7517018, deviceId=0, source=0x1002 }
06-29 01:21:32.362 23742 23742 I Input   : injectMotionEvent: MotionEvent { action=ACTION_MOVE, actionButton=0, id[0]=0, x[0]=911.0, y[0]=136.0, toolType[0]=TOOL_TYPE_UNKNOWN, buttonState=0, metaState=0, flags=0x0, edgeFlags=0x0, pointerCount=1, historySize=0, eventTime=7517034, downTime=7517034, deviceId=0, source=0x1002 }
06-29 01:21:32.379 23742 23742 I Input   : injectMotionEvent: MotionEvent { action=ACTION_MOVE, actionButton=0, id[0]=0, x[0]=911.0, y[0]=136.0, toolType[0]=TOOL_TYPE_UNKNOWN, buttonState=0, metaState=0, flags=0x0, edgeFlags=0x0, pointerCount=1, historySize=0, eventTime=7517052, downTime=7517052, deviceId=0, source=0x1002 }
06-29 01:21:32.396 23742 23742 I Input   : injectMotionEvent: MotionEvent { action=ACTION_MOVE, actionButton=0, id[0]=0, x[0]=911.0, y[0]=136.0, toolType[0]=TOOL_TYPE_UNKNOWN, buttonState=0, metaState=0, flags=0x0, edgeFlags=0x0, pointerCount=1, historySize=0, eventTime=7517068, downTime=7517068, deviceId=0, source=0x1002 }
06-29 01:21:32.413 23742 23742 I Input   : injectMotionEvent: MotionEvent { action=ACTION_MOVE, actionButton=0, id[0]=0, x[0]=911.0, y[0]=136.0, toolType[0]=TOOL_TYPE_UNKNOWN, buttonState=0, metaState=0, flags=0x0, edgeFlags=0x0, pointerCount=1, historySize=0, eventTime=7517085, downTime=7517085, deviceId=0, source=0x1002 }
06-29 01:21:32.430 23742 23742 I Input   : injectMotionEvent: MotionEvent { action=ACTION_MOVE, actionButton=0, id[0]=0, x[0]=911.0, y[0]=136.0, toolType[0]=TOOL_TYPE_UNKNOWN, buttonState=0, metaState=0, flags=0x0, edgeFlags=0x0, pointerCount=1, historySize=0, eventTime=7517103, downTime=7517103, deviceId=0, source=0x1002 }
06-29 01:21:32.445 23742 23742 I Input   : injectMotionEvent: MotionEvent { action=ACTION_MOVE, actionButton=0, id[0]=0, x[0]=911.0, y[0]=136.0, toolType[0]=TOOL_TYPE_UNKNOWN, buttonState=0, metaState=0, flags=0x0, edgeFlags=0x0, pointerCount=1, historySize=0, eventTime=7517118, downTime=7517118, deviceId=0, source=0x1002 }
06-29 01:21:32.462 23742 23742 I Input   : injectMotionEvent: MotionEvent { action=ACTION_MOVE, actionButton=0, id[0]=0, x[0]=911.0, y[0]=136.0, toolType[0]=TOOL_TYPE_UNKNOWN, buttonState=0, metaState=0, flags=0x0, edgeFlags=0x0, pointerCount=1, historySize=0, eventTime=7517134, downTime=7517134, deviceId=0, source=0x1002 }
06-29 01:21:32.480 23742 23742 I Input   : injectMotionEvent: MotionEvent { action=ACTION_MOVE, actionButton=0, id[0]=0, x[0]=911.0, y[0]=136.0, toolType[0]=TOOL_TYPE_UNKNOWN, buttonState=0, metaState=0, flags=0x0, edgeFlags=0x0, pointerCount=1, historySize=0, eventTime=7517153, downTime=7517153, deviceId=0, source=0x1002 }
06-29 01:21:32.495 23742 23742 I Input   : injectMotionEvent: MotionEvent { action=ACTION_MOVE, actionButton=0, id[0]=0, x[0]=911.0, y[0]=136.0, toolType[0]=TOOL_TYPE_UNKNOWN, buttonState=0, metaState=0, flags=0x0, edgeFlags=0x0, pointerCount=1, historySize=0, eventTime=7517168, downTime=7517168, deviceId=0, source=0x1002 }
06-29 01:21:32.512 23742 23742 I Input   : injectMotionEvent: MotionEvent { action=ACTION_MOVE, actionButton=0, id[0]=0, x[0]=911.0, y[0]=136.0, toolType[0]=TOOL_TYPE_UNKNOWN, buttonState=0, metaState=0, flags=0x0, edgeFlags=0x0, pointerCount=1, historySize=0, eventTime=7517185, downTime=7517185, deviceId=0, source=0x1002 }
06-29 01:21:32.529 23742 23742 I Input   : injectMotionEvent: MotionEvent { action=ACTION_MOVE, actionButton=0, id[0]=0, x[0]=911.0, y[0]=136.0, toolType[0]=TOOL_TYPE_UNKNOWN, buttonState=0, metaState=0, flags=0x0, edgeFlags=0x0, pointerCount=1, historySize=0, eventTime=7517201, downTime=7517201, deviceId=0, source=0x1002 }
06-29 01:21:32.545 23742 23742 I Input   : injectMotionEvent: MotionEvent { action=ACTION_MOVE, actionButton=0, id[0]=0, x[0]=911.0, y[0]=136.0, toolType[0]=TOOL_TYPE_UNKNOWN, buttonState=0, metaState=0, flags=0x0, edgeFlags=0x0, pointerCount=1, historySize=0, eventTime=7517217, downTime=7517217, deviceId=0, source=0x1002 }
06-29 01:21:32.561 23742 23742 I Input   : injectMotionEvent: MotionEvent { action=ACTION_MOVE, actionButton=0, id[0]=0, x[0]=911.0, y[0]=136.0, toolType[0]=TOOL_TYPE_UNKNOWN, buttonState=0, metaState=0, flags=0x0, edgeFlags=0x0, pointerCount=1, historySize=0, eventTime=7517234, downTime=7517234, deviceId=0, source=0x1002 }
06-29 01:21:32.579 23742 23742 I Input   : injectMotionEvent: MotionEvent { action=ACTION_MOVE, actionButton=0, id[0]=0, x[0]=911.0, y[0]=136.0, toolType[0]=TOOL_TYPE_UNKNOWN, buttonState=0, metaState=0, flags=0x0, edgeFlags=0x0, pointerCount=1, historySize=0, eventTime=7517252, downTime=7517252, deviceId=0, source=0x1002 }
06-29 01:21:32.595 23742 23742 I Input   : injectMotionEvent: MotionEvent { action=ACTION_MOVE, actionButton=0, id[0]=0, x[0]=911.0, y[0]=136.0, toolType[0]=TOOL_TYPE_UNKNOWN, buttonState=0, metaState=0, flags=0x0, edgeFlags=0x0, pointerCount=1, historySize=0, eventTime=7517268, downTime=7517268, deviceId=0, source=0x1002 }
06-29 01:21:32.613 23742 23742 I Input   : injectMotionEvent: MotionEvent { action=ACTION_MOVE, actionButton=0, id[0]=0, x[0]=911.0, y[0]=136.0, toolType[0]=TOOL_TYPE_UNKNOWN, buttonState=0, metaState=0, flags=0x0, edgeFlags=0x0, pointerCount=1, historySize=0, eventTime=7517285, downTime=7517285, deviceId=0, source=0x1002 }
06-29 01:21:32.630 23742 23742 I Input   : injectMotionEvent: MotionEvent { action=ACTION_MOVE, actionButton=0, id[0]=0, x[0]=911.0, y[0]=136.0, toolType[0]=TOOL_TYPE_UNKNOWN, buttonState=0, metaState=0, flags=0x0, edgeFlags=0x0, pointerCount=1, historySize=0, eventTime=7517303, downTime=7517303, deviceId=0, source=0x1002 }
06-29 01:21:32.647 23742 23742 I Input   : injectMotionEvent: MotionEvent { action=ACTION_MOVE, actionButton=0, id[0]=0, x[0]=911.0, y[0]=136.0, toolType[0]=TOOL_TYPE_UNKNOWN, buttonState=0, metaState=0, flags=0x0, edgeFlags=0x0, pointerCount=1, historySize=0, eventTime=7517320, downTime=7517320, deviceId=0, source=0x1002 }
06-29 01:21:32.663 23742 23742 I Input   : injectMotionEvent: MotionEvent { action=ACTION_MOVE, actionButton=0, id[0]=0, x[0]=911.0, y[0]=136.0, toolType[0]=TOOL_TYPE_UNKNOWN, buttonState=0, metaState=0, flags=0x0, edgeFlags=0x0, pointerCount=1, historySize=0, eventTime=7517335, downTime=7517335, deviceId=0, source=0x1002 }
06-29 01:21:32.681 23742 23742 I Input   : injectMotionEvent: MotionEvent { action=ACTION_MOVE, actionButton=0, id[0]=0, x[0]=911.0, y[0]=136.0, toolType[0]=TOOL_TYPE_UNKNOWN, buttonState=0, metaState=0, flags=0x0, edgeFlags=0x0, pointerCount=1, historySize=0, eventTime=7517353, downTime=7517353, deviceId=0, source=0x1002 }
06-29 01:21:32.696 23742 23742 I Input   : injectMotionEvent: MotionEvent { action=ACTION_MOVE, actionButton=0, id[0]=0, x[0]=911.0, y[0]=136.0, toolType[0]=TOOL_TYPE_UNKNOWN, buttonState=0, metaState=0, flags=0x0, edgeFlags=0x0, pointerCount=1, historySize=0, eventTime=7517368, downTime=7517368, deviceId=0, source=0x1002 }
06-29 01:21:32.712 23742 23742 I Input   : injectMotionEvent: MotionEvent { action=ACTION_MOVE, actionButton=0, id[0]=0, x[0]=911.0, y[0]=136.0, toolType[0]=TOOL_TYPE_UNKNOWN, buttonState=0, metaState=0, flags=0x0, edgeFlags=0x0, pointerCount=1, historySize=0, eventTime=7517385, downTime=7517385, deviceId=0, source=0x1002 }
06-29 01:21:32.732 23742 23742 I Input   : injectMotionEvent: MotionEvent { action=ACTION_MOVE, actionButton=0, id[0]=0, x[0]=911.0, y[0]=136.0, toolType[0]=TOOL_TYPE_UNKNOWN, buttonState=0, metaState=0, flags=0x0, edgeFlags=0x0, pointerCount=1, historySize=0, eventTime=7517404, downTime=7517404, deviceId=0, source=0x1002 }
06-29 01:21:32.746 23742 23742 I Input   : injectMotionEvent: MotionEvent { action=ACTION_MOVE, actionButton=0, id[0]=0, x[0]=911.0, y[0]=136.0, toolType[0]=TOOL_TYPE_UNKNOWN, buttonState=0, metaState=0, flags=0x0, edgeFlags=0x0, pointerCount=1, historySize=0, eventTime=7517418, downTime=7517418, deviceId=0, source=0x1002 }
06-29 01:21:32.763 23742 23742 I Input   : injectMotionEvent: MotionEvent { action=ACTION_MOVE, actionButton=0, id[0]=0, x[0]=911.0, y[0]=136.0, toolType[0]=TOOL_TYPE_UNKNOWN, buttonState=0, metaState=0, flags=0x0, edgeFlags=0x0, pointerCount=1, historySize=0, eventTime=7517435, downTime=7517435, deviceId=0, source=0x1002 }
06-29 01:21:32.779 23742 23742 I Input   : injectMotionEvent: MotionEvent { action=ACTION_MOVE, actionButton=0, id[0]=0, x[0]=911.0, y[0]=136.0, toolType[0]=TOOL_TYPE_UNKNOWN, buttonState=0, metaState=0, flags=0x0, edgeFlags=0x0, pointerCount=1, historySize=0, eventTime=7517451, downTime=7517451, deviceId=0, source=0x1002 }
06-29 01:21:32.798 23742 23742 I Input   : injectMotionEvent: MotionEvent { action=ACTION_MOVE, actionButton=0, id[0]=0, x[0]=911.0, y[0]=136.0, toolType[0]=TOOL_TYPE_UNKNOWN, buttonState=0, metaState=0, flags=0x0, edgeFlags=0x0, pointerCount=1, historySize=0, eventTime=7517470, downTime=7517470, deviceId=0, source=0x1002 }
06-29 01:21:32.813 23742 23742 I Input   : injectMotionEvent: MotionEvent { action=ACTION_MOVE, actionButton=0, id[0]=0, x[0]=911.0, y[0]=136.0, toolType[0]=TOOL_TYPE_UNKNOWN, buttonState=0, metaState=0, flags=0x0, edgeFlags=0x0, pointerCount=1, historySize=0, eventTime=7517485, downTime=7517485, deviceId=0, source=0x1002 }
06-29 01:21:32.829 23742 23742 I Input   : injectMotionEvent: MotionEvent { action=ACTION_MOVE, actionButton=0, id[0]=0, x[0]=911.0, y[0]=136.0, toolType[0]=TOOL_TYPE_UNKNOWN, buttonState=0, metaState=0, flags=0x0, edgeFlags=0x0, pointerCount=1, historySize=0, eventTime=7517502, downTime=7517502, deviceId=0, source=0x1002 }
06-29 01:21:32.846 23742 23742 I Input   : injectMotionEvent: MotionEvent { action=ACTION_MOVE, actionButton=0, id[0]=0, x[0]=911.0, y[0]=136.0, toolType[0]=TOOL_TYPE_UNKNOWN, buttonState=0, metaState=0, flags=0x0, edgeFlags=0x0, pointerCount=1, historySize=0, eventTime=7517519, downTime=7517519, deviceId=0, source=0x1002 }
06-29 01:21:32.862 23742 23742 I Input   : injectMotionEvent: MotionEvent { action=ACTION_MOVE, actionButton=0, id[0]=0, x[0]=911.0, y[0]=136.0, toolType[0]=TOOL_TYPE_UNKNOWN, buttonState=0, metaState=0, flags=0x0, edgeFlags=0x0, pointerCount=1, historySize=0, eventTime=7517535, downTime=7517535, deviceId=0, source=0x1002 }
06-29 01:21:32.881 23742 23742 I Input   : injectMotionEvent: MotionEvent { action=ACTION_MOVE, actionButton=0, id[0]=0, x[0]=911.0, y[0]=136.0, toolType[0]=TOOL_TYPE_UNKNOWN, buttonState=0, metaState=0, flags=0x0, edgeFlags=0x0, pointerCount=1, historySize=0, eventTime=7517554, downTime=7517554, deviceId=0, source=0x1002 }
06-29 01:21:32.896 23742 23742 I Input   : injectMotionEvent: MotionEvent { action=ACTION_MOVE, actionButton=0, id[0]=0, x[0]=911.0, y[0]=136.0, toolType[0]=TOOL_TYPE_UNKNOWN, buttonState=0, metaState=0, flags=0x0, edgeFlags=0x0, pointerCount=1, historySize=0, eventTime=7517568, downTime=7517568, deviceId=0, source=0x1002 }
06-29 01:21:32.913 23742 23742 I Input   : injectMotionEvent: MotionEvent { action=ACTION_MOVE, actionButton=0, id[0]=0, x[0]=911.0, y[0]=136.0, toolType[0]=TOOL_TYPE_UNKNOWN, buttonState=0, metaState=0, flags=0x0, edgeFlags=0x0, pointerCount=1, historySize=0, eventTime=7517585, downTime=7517585, deviceId=0, source=0x1002 }
06-29 01:21:32.929 23742 23742 I Input   : injectMotionEvent: MotionEvent { action=ACTION_MOVE, actionButton=0, id[0]=0, x[0]=911.0, y[0]=136.0, toolType[0]=TOOL_TYPE_UNKNOWN, buttonState=0, metaState=0, flags=0x0, edgeFlags=0x0, pointerCount=1, historySize=0, eventTime=7517602, downTime=7517602, deviceId=0, source=0x1002 }
06-29 01:21:32.946 23742 23742 I Input   : injectMotionEvent: MotionEvent { action=ACTION_MOVE, actionButton=0, id[0]=0, x[0]=911.0, y[0]=136.0, toolType[0]=TOOL_TYPE_UNKNOWN, buttonState=0, metaState=0, flags=0x0, edgeFlags=0x0, pointerCount=1, historySize=0, eventTime=7517618, downTime=7517618, deviceId=0, source=0x1002 }
06-29 01:21:32.962 23742 23742 I Input   : injectMotionEvent: MotionEvent { action=ACTION_MOVE, actionButton=0, id[0]=0, x[0]=911.0, y[0]=136.0, toolType[0]=TOOL_TYPE_UNKNOWN, buttonState=0, metaState=0, flags=0x0, edgeFlags=0x0, pointerCount=1, historySize=0, eventTime=7517634, downTime=7517634, deviceId=0, source=0x1002 }
06-29 01:21:32.981 23742 23742 I Input   : injectMotionEvent: MotionEvent { action=ACTION_MOVE, actionButton=0, id[0]=0, x[0]=911.0, y[0]=136.0, toolType[0]=TOOL_TYPE_UNKNOWN, buttonState=0, metaState=0, flags=0x0, edgeFlags=0x0, pointerCount=1, historySize=0, eventTime=7517653, downTime=7517653, deviceId=0, source=0x1002 }
06-29 01:21:32.997 23742 23742 I Input   : injectMotionEvent: MotionEvent { action=ACTION_MOVE, actionButton=0, id[0]=0, x[0]=911.0, y[0]=136.0, toolType[0]=TOOL_TYPE_UNKNOWN, buttonState=0, metaState=0, flags=0x0, edgeFlags=0x0, pointerCount=1, historySize=0, eventTime=7517669, downTime=7517669, deviceId=0, source=0x1002 }
06-29 01:21:33.013 23742 23742 I Input   : injectMotionEvent: MotionEvent { action=ACTION_MOVE, actionButton=0, id[0]=0, x[0]=911.0, y[0]=136.0, toolType[0]=TOOL_TYPE_UNKNOWN, buttonState=0, metaState=0, flags=0x0, edgeFlags=0x0, pointerCount=1, historySize=0, eventTime=7517685, downTime=7517685, deviceId=0, source=0x1002 }
06-29 01:21:33.030 23742 23742 I Input   : injectMotionEvent: MotionEvent { action=ACTION_MOVE, actionButton=0, id[0]=0, x[0]=911.0, y[0]=136.0, toolType[0]=TOOL_TYPE_UNKNOWN, buttonState=0, metaState=0, flags=0x0, edgeFlags=0x0, pointerCount=1, historySize=0, eventTime=7517702, downTime=7517702, deviceId=0, source=0x1002 }
06-29 01:21:33.046 23742 23742 I Input   : injectMotionEvent: MotionEvent { action=ACTION_MOVE, actionButton=0, id[0]=0, x[0]=911.0, y[0]=136.0, toolType[0]=TOOL_TYPE_UNKNOWN, buttonState=0, metaState=0, flags=0x0, edgeFlags=0x0, pointerCount=1, historySize=0, eventTime=7517718, downTime=7517718, deviceId=0, source=0x1002 }
06-29 01:21:33.064 23742 23742 I Input   : injectMotionEvent: MotionEvent { action=ACTION_MOVE, actionButton=0, id[0]=0, x[0]=911.0, y[0]=136.0, toolType[0]=TOOL_TYPE_UNKNOWN, buttonState=0, metaState=0, flags=0x0, edgeFlags=0x0, pointerCount=1, historySize=0, eventTime=7517736, downTime=7517736, deviceId=0, source=0x1002 }
06-29 01:21:33.081 23742 23742 I Input   : injectMotionEvent: MotionEvent { action=ACTION_MOVE, actionButton=0, id[0]=0, x[0]=911.0, y[0]=136.0, toolType[0]=TOOL_TYPE_UNKNOWN, buttonState=0, metaState=0, flags=0x0, edgeFlags=0x0, pointerCount=1, historySize=0, eventTime=7517753, downTime=7517753, deviceId=0, source=0x1002 }
06-29 01:21:33.097 23742 23742 I Input   : injectMotionEvent: MotionEvent { action=ACTION_MOVE, actionButton=0, id[0]=0, x[0]=911.0, y[0]=136.0, toolType[0]=TOOL_TYPE_UNKNOWN, buttonState=0, metaState=0, flags=0x0, edgeFlags=0x0, pointerCount=1, historySize=0, eventTime=7517769, downTime=7517769, deviceId=0, source=0x1002 }
06-29 01:21:33.112 23742 23742 I Input   : injectMotionEvent: MotionEvent { action=ACTION_MOVE, actionButton=0, id[0]=0, x[0]=911.0, y[0]=136.0, toolType[0]=TOOL_TYPE_UNKNOWN, buttonState=0, metaState=0, flags=0x0, edgeFlags=0x0, pointerCount=1, historySize=0, eventTime=7517784, downTime=7517784, deviceId=0, source=0x1002 }
06-29 01:21:33.130 23742 23742 I Input   : injectMotionEvent: MotionEvent { action=ACTION_MOVE, actionButton=0, id[0]=0, x[0]=911.0, y[0]=136.0, toolType[0]=TOOL_TYPE_UNKNOWN, buttonState=0, metaState=0, flags=0x0, edgeFlags=0x0, pointerCount=1, historySize=0, eventTime=7517803, downTime=7517803, deviceId=0, source=0x1002 }
06-29 01:21:33.147 23742 23742 I Input   : injectMotionEvent: MotionEvent { action=ACTION_MOVE, actionButton=0, id[0]=0, x[0]=911.0, y[0]=136.0, toolType[0]=TOOL_TYPE_UNKNOWN, buttonState=0, metaState=0, flags=0x0, edgeFlags=0x0, pointerCount=1, historySize=0, eventTime=7517820, downTime=7517820, deviceId=0, source=0x1002 }
06-29 01:21:33.162 23742 23742 I Input   : injectMotionEvent: MotionEvent { action=ACTION_MOVE, actionButton=0, id[0]=0, x[0]=911.0, y[0]=136.0, toolType[0]=TOOL_TYPE_UNKNOWN, buttonState=0, metaState=0, flags=0x0, edgeFlags=0x0, pointerCount=1, historySize=0, eventTime=7517834, downTime=7517834, deviceId=0, source=0x1002 }
06-29 01:21:33.178 23742 23742 I Input   : injectMotionEvent: MotionEvent { action=ACTION_MOVE, actionButton=0, id[0]=0, x[0]=911.0, y[0]=136.0, toolType[0]=TOOL_TYPE_UNKNOWN, buttonState=0, metaState=0, flags=0x0, edgeFlags=0x0, pointerCount=1, historySize=0, eventTime=7517850, downTime=7517850, deviceId=0, source=0x1002 }
06-29 01:21:33.197 23742 23742 I Input   : injectMotionEvent: MotionEvent { action=ACTION_MOVE, actionButton=0, id[0]=0, x[0]=911.0, y[0]=136.0, toolType[0]=TOOL_TYPE_UNKNOWN, buttonState=0, metaState=0, flags=0x0, edgeFlags=0x0, pointerCount=1, historySize=0, eventTime=7517869, downTime=7517869, deviceId=0, source=0x1002 }
06-29 01:21:33.211 23742 23742 I Input   : injectMotionEvent: MotionEvent { action=ACTION_MOVE, actionButton=0, id[0]=0, x[0]=911.0, y[0]=136.0, toolType[0]=TOOL_TYPE_UNKNOWN, buttonState=0, metaState=0, flags=0x0, edgeFlags=0x0, pointerCount=1, historySize=0, eventTime=7517883, downTime=7517883, deviceId=0, source=0x1002 }
06-29 01:21:33.232 23742 23742 I Input   : injectMotionEvent: MotionEvent { action=ACTION_MOVE, actionButton=0, id[0]=0, x[0]=911.0, y[0]=136.0, toolType[0]=TOOL_TYPE_UNKNOWN, buttonState=0, metaState=0, flags=0x0, edgeFlags=0x0, pointerCount=1, historySize=0, eventTime=7517904, downTime=7517904, deviceId=0, source=0x1002 }
06-29 01:21:33.247 23742 23742 I Input   : injectMotionEvent: MotionEvent { action=ACTION_MOVE, actionButton=0, id[0]=0, x[0]=911.0, y[0]=136.0, toolType[0]=TOOL_TYPE_UNKNOWN, buttonState=0, metaState=0, flags=0x0, edgeFlags=0x0, pointerCount=1, historySize=0, eventTime=7517919, downTime=7517919, deviceId=0, source=0x1002 }
06-29 01:21:33.262 23742 23742 I Input   : injectMotionEvent: MotionEvent { action=ACTION_MOVE, actionButton=0, id[0]=0, x[0]=911.0, y[0]=136.0, toolType[0]=TOOL_TYPE_UNKNOWN, buttonState=0, metaState=0, flags=0x0, edgeFlags=0x0, pointerCount=1, historySize=0, eventTime=7517935, downTime=7517935, deviceId=0, source=0x1002 }
06-29 01:21:33.282 23742 23742 I Input   : injectMotionEvent: MotionEvent { action=ACTION_MOVE, actionButton=0, id[0]=0, x[0]=911.0, y[0]=136.0, toolType[0]=TOOL_TYPE_UNKNOWN, buttonState=0, metaState=0, flags=0x0, edgeFlags=0x0, pointerCount=1, historySize=0, eventTime=7517954, downTime=7517954, deviceId=0, source=0x1002 }
06-29 01:21:33.296 23742 23742 I Input   : injectMotionEvent: MotionEvent { action=ACTION_MOVE, actionButton=0, id[0]=0, x[0]=911.0, y[0]=136.0, toolType[0]=TOOL_TYPE_UNKNOWN, buttonState=0, metaState=0, flags=0x0, edgeFlags=0x0, pointerCount=1, historySize=0, eventTime=7517968, downTime=7517968, deviceId=0, source=0x1002 }
06-29 01:21:33.312 23742 23742 I Input   : injectMotionEvent: MotionEvent { action=ACTION_MOVE, actionButton=0, id[0]=0, x[0]=911.0, y[0]=136.0, toolType[0]=TOOL_TYPE_UNKNOWN, buttonState=0, metaState=0, flags=0x0, edgeFlags=0x0, pointerCount=1, historySize=0, eventTime=7517984, downTime=7517984, deviceId=0, source=0x1002 }
06-29 01:21:33.331 23742 23742 I Input   : injectMotionEvent: MotionEvent { action=ACTION_MOVE, actionButton=0, id[0]=0, x[0]=911.0, y[0]=136.0, toolType[0]=TOOL_TYPE_UNKNOWN, buttonState=0, metaState=0, flags=0x0, edgeFlags=0x0, pointerCount=1, historySize=0, eventTime=7518003, downTime=7518003, deviceId=0, source=0x1002 }
06-29 01:21:33.346 23742 23742 I Input   : injectMotionEvent: MotionEvent { action=ACTION_MOVE, actionButton=0, id[0]=0, x[0]=911.0, y[0]=136.0, toolType[0]=TOOL_TYPE_UNKNOWN, buttonState=0, metaState=0, flags=0x0, edgeFlags=0x0, pointerCount=1, historySize=0, eventTime=7518019, downTime=7518019, deviceId=0, source=0x1002 }
06-29 01:21:33.363 23742 23742 I Input   : injectMotionEvent: MotionEvent { action=ACTION_MOVE, actionButton=0, id[0]=0, x[0]=911.0, y[0]=136.0, toolType[0]=TOOL_TYPE_UNKNOWN, buttonState=0, metaState=0, flags=0x0, edgeFlags=0x0, pointerCount=1, historySize=0, eventTime=7518035, downTime=7518035, deviceId=0, source=0x1002 }
06-29 01:21:33.379 23742 23742 I Input   : injectMotionEvent: MotionEvent { action=ACTION_MOVE, actionButton=0, id[0]=0, x[0]=911.0, y[0]=136.0, toolType[0]=TOOL_TYPE_UNKNOWN, buttonState=0, metaState=0, flags=0x0, edgeFlags=0x0, pointerCount=1, historySize=0, eventTime=7518051, downTime=7518051, deviceId=0, source=0x1002 }
06-29 01:21:33.397 23742 23742 I Input   : injectMotionEvent: MotionEvent { action=ACTION_MOVE, actionButton=0, id[0]=0, x[0]=911.0, y[0]=136.0, toolType[0]=TOOL_TYPE_UNKNOWN, buttonState=0, metaState=0, flags=0x0, edgeFlags=0x0, pointerCount=1, historySize=0, eventTime=7518070, downTime=7518070, deviceId=0, source=0x1002 }
06-29 01:21:33.412 23742 23742 I Input   : injectMotionEvent: MotionEvent { action=ACTION_MOVE, actionButton=0, id[0]=0, x[0]=911.0, y[0]=136.0, toolType[0]=TOOL_TYPE_UNKNOWN, buttonState=0, metaState=0, flags=0x0, edgeFlags=0x0, pointerCount=1, historySize=0, eventTime=7518084, downTime=7518084, deviceId=0, source=0x1002 }
06-29 01:21:33.430 23742 23742 I Input   : injectMotionEvent: MotionEvent { action=ACTION_MOVE, actionButton=0, id[0]=0, x[0]=911.0, y[0]=136.0, toolType[0]=TOOL_TYPE_UNKNOWN, buttonState=0, metaState=0, flags=0x0, edgeFlags=0x0, pointerCount=1, historySize=0, eventTime=7518102, downTime=7518102, deviceId=0, source=0x1002 }
06-29 01:21:33.445 23742 23742 I Input   : injectMotionEvent: MotionEvent { action=ACTION_MOVE, actionButton=0, id[0]=0, x[0]=911.0, y[0]=136.0, toolType[0]=TOOL_TYPE_UNKNOWN, buttonState=0, metaState=0, flags=0x0, edgeFlags=0x0, pointerCount=1, historySize=0, eventTime=7518117, downTime=7518117, deviceId=0, source=0x1002 }
06-29 01:21:33.461 23742 23742 I Input   : injectMotionEvent: MotionEvent { action=ACTION_MOVE, actionButton=0, id[0]=0, x[0]=911.0, y[0]=136.0, toolType[0]=TOOL_TYPE_UNKNOWN, buttonState=0, metaState=0, flags=0x0, edgeFlags=0x0, pointerCount=1, historySize=0, eventTime=7518134, downTime=7518134, deviceId=0, source=0x1002 }
06-29 01:21:33.480 23742 23742 I Input   : injectMotionEvent: MotionEvent { action=ACTION_MOVE, actionButton=0, id[0]=0, x[0]=911.0, y[0]=136.0, toolType[0]=TOOL_TYPE_UNKNOWN, buttonState=0, metaState=0, flags=0x0, edgeFlags=0x0, pointerCount=1, historySize=0, eventTime=7518153, downTime=7518153, deviceId=0, source=0x1002 }
06-29 01:21:33.496 23742 23742 I Input   : injectMotionEvent: MotionEvent { action=ACTION_MOVE, actionButton=0, id[0]=0, x[0]=911.0, y[0]=136.0, toolType[0]=TOOL_TYPE_UNKNOWN, buttonState=0, metaState=0, flags=0x0, edgeFlags=0x0, pointerCount=1, historySize=0, eventTime=7518168, downTime=7518168, deviceId=0, source=0x1002 }
06-29 01:21:33.513 23742 23742 I Input   : injectMotionEvent: MotionEvent { action=ACTION_MOVE, actionButton=0, id[0]=0, x[0]=911.0, y[0]=136.0, toolType[0]=TOOL_TYPE_UNKNOWN, buttonState=0, metaState=0, flags=0x0, edgeFlags=0x0, pointerCount=1, historySize=0, eventTime=7518185, downTime=7518185, deviceId=0, source=0x1002 }
06-29 01:21:33.530 23742 23742 I Input   : injectMotionEvent: MotionEvent { action=ACTION_MOVE, actionButton=0, id[0]=0, x[0]=911.0, y[0]=136.0, toolType[0]=TOOL_TYPE_UNKNOWN, buttonState=0, metaState=0, flags=0x0, edgeFlags=0x0, pointerCount=1, historySize=0, eventTime=7518203, downTime=7518203, deviceId=0, source=0x1002 }
06-29 01:21:33.545 23742 23742 I Input   : injectMotionEvent: MotionEvent { action=ACTION_MOVE, actionButton=0, id[0]=0, x[0]=911.0, y[0]=136.0, toolType[0]=TOOL_TYPE_UNKNOWN, buttonState=0, metaState=0, flags=0x0, edgeFlags=0x0, pointerCount=1, historySize=0, eventTime=7518218, downTime=7518218, deviceId=0, source=0x1002 }
06-29 01:21:33.562 23742 23742 I Input   : injectMotionEvent: MotionEvent { action=ACTION_MOVE, actionButton=0, id[0]=0, x[0]=911.0, y[0]=136.0, toolType[0]=TOOL_TYPE_UNKNOWN, buttonState=0, metaState=0, flags=0x0, edgeFlags=0x0, pointerCount=1, historySize=0, eventTime=7518234, downTime=7518234, deviceId=0, source=0x1002 }
06-29 01:21:33.579 23742 23742 I Input   : injectMotionEvent: MotionEvent { action=ACTION_MOVE, actionButton=0, id[0]=0, x[0]=911.0, y[0]=136.0, toolType[0]=TOOL_TYPE_UNKNOWN, buttonState=0, metaState=0, flags=0x0, edgeFlags=0x0, pointerCount=1, historySize=0, eventTime=7518252, downTime=7518252, deviceId=0, source=0x1002 }
06-29 01:21:33.595 23742 23742 I Input   : injectMotionEvent: MotionEvent { action=ACTION_MOVE, actionButton=0, id[0]=0, x[0]=911.0, y[0]=136.0, toolType[0]=TOOL_TYPE_UNKNOWN, buttonState=0, metaState=0, flags=0x0, edgeFlags=0x0, pointerCount=1, historySize=0, eventTime=7518268, downTime=7518268, deviceId=0, source=0x1002 }
06-29 01:21:33.612 23742 23742 I Input   : injectMotionEvent: MotionEvent { action=ACTION_MOVE, actionButton=0, id[0]=0, x[0]=911.0, y[0]=136.0, toolType[0]=TOOL_TYPE_UNKNOWN, buttonState=0, metaState=0, flags=0x0, edgeFlags=0x0, pointerCount=1, historySize=0, eventTime=7518284, downTime=7518284, deviceId=0, source=0x1002 }
06-29 01:21:33.631 23742 23742 I Input   : injectMotionEvent: MotionEvent { action=ACTION_MOVE, actionButton=0, id[0]=0, x[0]=911.0, y[0]=136.0, toolType[0]=TOOL_TYPE_UNKNOWN, buttonState=0, metaState=0, flags=0x0, edgeFlags=0x0, pointerCount=1, historySize=0, eventTime=7518303, downTime=7518303, deviceId=0, source=0x1002 }
06-29 01:21:33.646 23742 23742 I Input   : injectMotionEvent: MotionEvent { action=ACTION_MOVE, actionButton=0, id[0]=0, x[0]=911.0, y[0]=136.0, toolType[0]=TOOL_TYPE_UNKNOWN, buttonState=0, metaState=0, flags=0x0, edgeFlags=0x0, pointerCount=1, historySize=0, eventTime=7518318, downTime=7518318, deviceId=0, source=0x1002 }
06-29 01:21:33.664 23742 23742 I Input   : injectMotionEvent: MotionEvent { action=ACTION_MOVE, actionButton=0, id[0]=0, x[0]=911.0, y[0]=136.0, toolType[0]=TOOL_TYPE_UNKNOWN, buttonState=0, metaState=0, flags=0x0, edgeFlags=0x0, pointerCount=1, historySize=0, eventTime=7518337, downTime=7518337, deviceId=0, source=0x1002 }
06-29 01:21:33.681 23742 23742 I Input   : injectMotionEvent: MotionEvent { action=ACTION_MOVE, actionButton=0, id[0]=0, x[0]=911.0, y[0]=136.0, toolType[0]=TOOL_TYPE_UNKNOWN, buttonState=0, metaState=0, flags=0x0, edgeFlags=0x0, pointerCount=1, historySize=0, eventTime=7518353, downTime=7518353, deviceId=0, source=0x1002 }
06-29 01:21:33.697 23742 23742 I Input   : injectMotionEvent: MotionEvent { action=ACTION_MOVE, actionButton=0, id[0]=0, x[0]=911.0, y[0]=136.0, toolType[0]=TOOL_TYPE_UNKNOWN, buttonState=0, metaState=0, flags=0x0, edgeFlags=0x0, pointerCount=1, historySize=0, eventTime=7518369, downTime=7518369, deviceId=0, source=0x1002 }
06-29 01:21:33.712 23742 23742 I Input   : injectMotionEvent: MotionEvent { action=ACTION_UP, actionButton=0, id[0]=0, x[0]=911.0, y[0]=136.0, toolType[0]=TOOL_TYPE_UNKNOWN, buttonState=0, metaState=0, flags=0x0, edgeFlags=0x0, pointerCount=1, historySize=0, eventTime=7518384, downTime=7518384, deviceId=0, source=0x1002 }
06-29 01:21:33.714 23742 23742 D AndroidRuntime: Shutting down VM
06-29 01:21:37.519 23766 23766 D AndroidRuntime: >>>>>> START com.android.internal.os.RuntimeInit uid 2000 <<<<<<
06-29 01:21:37.520 23766 23766 D AndroidRuntime: CheckJNI is ON
06-29 01:21:37.538 23766 23766 W art     : Unexpected CPU variant for X86 using defaults: x86
06-29 01:21:37.541 23766 23766 D ICU     : No timezone override file found: /data/local/tmp/misc/zoneinfo/current/icu/icu_tzdata.dat
06-29 01:21:37.552 23766 23766 E memtrack: Couldn't load memtrack module (No such file or directory)
06-29 01:21:37.552 23766 23766 E android.os.Debug: failed to load memtrack module: -2
06-29 01:21:37.553 23766 23766 I Radio-JNI: register_android_hardware_Radio DONE
06-29 01:21:37.557 23766 23766 D AndroidRuntime: Calling main entry com.android.commands.uiautomator.Launcher
06-29 01:21:38.584 23766 23766 W AccessibilityNodeInfoDumper: Fetch time: 6ms
06-29 01:21:38.585  1724  2815 W WindowManager: Attempted to remove non-existing token: android.os.Binder@59c4670
06-29 01:21:38.588 23766 23766 D AndroidRuntime: Shutting down VM
06-29 01:21:39.408 23792 23792 D AndroidRuntime: >>>>>> START com.android.internal.os.RuntimeInit uid 2000 <<<<<<
06-29 01:21:39.410 23792 23792 D AndroidRuntime: CheckJNI is ON
06-29 01:21:39.427 23792 23792 W art     : Unexpected CPU variant for X86 using defaults: x86
06-29 01:21:39.430 23792 23792 D ICU     : No timezone override file found: /data/local/tmp/misc/zoneinfo/current/icu/icu_tzdata.dat
06-29 01:21:39.441 23792 23792 E memtrack: Couldn't load memtrack module (No such file or directory)
06-29 01:21:39.441 23792 23792 E android.os.Debug: failed to load memtrack module: -2
06-29 01:21:39.441 23792 23792 I Radio-JNI: register_android_hardware_Radio DONE
06-29 01:21:39.445 23792 23792 D AndroidRuntime: Calling main entry com.android.commands.uiautomator.Launcher
06-29 01:21:40.473 23792 23792 W AccessibilityNodeInfoDumper: Fetch time: 6ms
06-29 01:21:40.473  1724  2815 W WindowManager: Attempted to remove non-existing token: android.os.Binder@6345a6e
06-29 01:21:40.477 23792 23792 D AndroidRuntime: Shutting down VM
06-29 01:21:40.711 23810 23810 D AndroidRuntime: >>>>>> START com.android.internal.os.RuntimeInit uid 2000 <<<<<<
06-29 01:21:40.713 23810 23810 D AndroidRuntime: CheckJNI is ON
06-29 01:21:40.732 23810 23810 W art     : Unexpected CPU variant for X86 using defaults: x86
06-29 01:21:40.735 23810 23810 D ICU     : No timezone override file found: /data/local/tmp/misc/zoneinfo/current/icu/icu_tzdata.dat
06-29 01:21:40.747 23810 23810 E memtrack: Couldn't load memtrack module (No such file or directory)
06-29 01:21:40.747 23810 23810 E android.os.Debug: failed to load memtrack module: -2
06-29 01:21:40.747 23810 23810 I Radio-JNI: register_android_hardware_Radio DONE
06-29 01:21:40.752 23810 23810 D AndroidRuntime: Calling main entry com.android.commands.uiautomator.Launcher
06-29 01:21:41.780 23810 23810 W AccessibilityNodeInfoDumper: Fetch time: 5ms
06-29 01:21:41.781  1724  3301 W WindowManager: Attempted to remove non-existing token: android.os.Binder@357599c
06-29 01:21:41.784 23810 23810 D AndroidRuntime: Shutting down VM
06-29 01:21:42.611 23836 23836 D AndroidRuntime: >>>>>> START com.android.internal.os.RuntimeInit uid 2000 <<<<<<
06-29 01:21:42.613 23836 23836 D AndroidRuntime: CheckJNI is ON
06-29 01:21:42.631 23836 23836 W art     : Unexpected CPU variant for X86 using defaults: x86
06-29 01:21:42.634 23836 23836 D ICU     : No timezone override file found: /data/local/tmp/misc/zoneinfo/current/icu/icu_tzdata.dat
06-29 01:21:42.646 23836 23836 E memtrack: Couldn't load memtrack module (No such file or directory)
06-29 01:21:42.646 23836 23836 E android.os.Debug: failed to load memtrack module: -2
06-29 01:21:42.646 23836 23836 I Radio-JNI: register_android_hardware_Radio DONE
06-29 01:21:42.650 23836 23836 D AndroidRuntime: Calling main entry com.android.commands.uiautomator.Launcher
06-29 01:21:43.673 23836 23836 W AccessibilityNodeInfoDumper: Fetch time: 6ms
06-29 01:21:43.675  1724  1735 W WindowManager: Attempted to remove non-existing token: android.os.Binder@64e7388
06-29 01:21:43.680 23836 23836 D AndroidRuntime: Shutting down VM
06-29 01:21:44.559 23869 23869 D AndroidRuntime: >>>>>> START com.android.internal.os.RuntimeInit uid 2000 <<<<<<
06-29 01:21:44.561 23869 23869 D AndroidRuntime: CheckJNI is ON
06-29 01:21:44.578 23869 23869 W art     : Unexpected CPU variant for X86 using defaults: x86
06-29 01:21:44.581 23869 23869 D ICU     : No timezone override file found: /data/local/tmp/misc/zoneinfo/current/icu/icu_tzdata.dat
06-29 01:21:44.593 23869 23869 E memtrack: Couldn't load memtrack module (No such file or directory)
06-29 01:21:44.594 23869 23869 E android.os.Debug: failed to load memtrack module: -2
06-29 01:21:44.594 23869 23869 I Radio-JNI: register_android_hardware_Radio DONE
06-29 01:21:44.598 23869 23869 D AndroidRuntime: Calling main entry com.android.commands.uiautomator.Launcher
06-29 01:21:45.623 23869 23869 W AccessibilityNodeInfoDumper: Fetch time: 6ms
06-29 01:21:45.624  1724  2559 W WindowManager: Attempted to remove non-existing token: android.os.Binder@7994946
06-29 01:21:45.628 23869 23869 D AndroidRuntime: Shutting down VM
06-29 01:21:45.771  1349  1363 E SurfaceFlinger: ro.sf.lcd_density must be defined as a build property
06-29 01:21:45.773  1349  2197 D gralloc_ranchu: gralloc_alloc: Creating ashmem region of size 8294400
06-29 01:21:45.779 23885 23885 D         : HostConnection::get() New Host Connection established 0xb379b2c0, tid 23885
06-29 01:21:46.023 23891 23891 D AndroidRuntime: >>>>>> START com.android.internal.os.RuntimeInit uid 2000 <<<<<<
06-29 01:21:46.025 23891 23891 D AndroidRuntime: CheckJNI is ON
06-29 01:21:46.053 23891 23891 W art     : Unexpected CPU variant for X86 using defaults: x86
06-29 01:21:46.055 23891 23891 D ICU     : No timezone override file found: /data/misc/zoneinfo/current/icu/icu_tzdata.dat
06-29 01:21:46.065 23891 23891 E memtrack: Couldn't load memtrack module (No such file or directory)
06-29 01:21:46.065 23891 23891 E android.os.Debug: failed to load memtrack module: -2
06-29 01:21:46.065 23891 23891 I Radio-JNI: register_android_hardware_Radio DONE
06-29 01:21:46.070 23891 23891 D AndroidRuntime: Calling main entry com.android.commands.am.Am
06-29 01:21:46.076 17266 17266 D MediaScannerReceiver: action: android.intent.action.MEDIA_SCANNER_SCAN_FILE path: /storage/emulated/0/screen.png
06-29 01:21:46.078 23891 23891 D AndroidRuntime: Shutting down VM
06-29 01:21:48.428 23905 23905 D AndroidRuntime: >>>>>> START com.android.internal.os.RuntimeInit uid 2000 <<<<<<
06-29 01:21:48.430 23905 23905 D AndroidRuntime: CheckJNI is ON
06-29 01:21:48.448 23905 23905 W art     : Unexpected CPU variant for X86 using defaults: x86
06-29 01:21:48.450 23905 23905 D ICU     : No timezone override file found: /data/local/tmp/misc/zoneinfo/current/icu/icu_tzdata.dat
06-29 01:21:48.463 23905 23905 E memtrack: Couldn't load memtrack module (No such file or directory)
06-29 01:21:48.463 23905 23905 E android.os.Debug: failed to load memtrack module: -2
06-29 01:21:48.464 23905 23905 I Radio-JNI: register_android_hardware_Radio DONE
06-29 01:21:48.469 23905 23905 D AndroidRuntime: Calling main entry com.android.commands.uiautomator.Launcher
06-29 01:21:49.492 23905 23905 W AccessibilityNodeInfoDumper: Fetch time: 6ms
06-29 01:21:49.493  1724  3301 W WindowManager: Attempted to remove non-existing token: android.os.Binder@d2bca3
06-29 01:21:49.496 23905 23905 D AndroidRuntime: Shutting down VM
06-29 01:21:51.724 23922 23922 D AndroidRuntime: >>>>>> START com.android.internal.os.RuntimeInit uid 2000 <<<<<<
06-29 01:21:51.726 23922 23922 D AndroidRuntime: CheckJNI is ON
06-29 01:21:51.744 23922 23922 W art     : Unexpected CPU variant for X86 using defaults: x86
06-29 01:21:51.747 23922 23922 D ICU     : No timezone override file found: /data/local/tmp/misc/zoneinfo/current/icu/icu_tzdata.dat
06-29 01:21:51.759 23922 23922 E memtrack: Couldn't load memtrack module (No such file or directory)
06-29 01:21:51.759 23922 23922 E android.os.Debug: failed to load memtrack module: -2
06-29 01:21:51.760 23922 23922 I Radio-JNI: register_android_hardware_Radio DONE
06-29 01:21:51.764 23922 23922 D AndroidRuntime: Calling main entry com.android.commands.uiautomator.Launcher
06-29 01:21:52.787 23922 23922 W AccessibilityNodeInfoDumper: Fetch time: 6ms
06-29 01:21:52.788  1724  4314 W WindowManager: Attempted to remove non-existing token: android.os.Binder@4eb8359
06-29 01:21:52.791 23922 23922 D AndroidRuntime: Shutting down VM
06-29 01:21:53.020 23939 23939 D AndroidRuntime: >>>>>> START com.android.internal.os.RuntimeInit uid 2000 <<<<<<
06-29 01:21:53.021 23939 23939 D AndroidRuntime: CheckJNI is ON
06-29 01:21:53.040 23939 23939 W art     : Unexpected CPU variant for X86 using defaults: x86
06-29 01:21:53.043 23939 23939 D ICU     : No timezone override file found: /data/local/tmp/misc/zoneinfo/current/icu/icu_tzdata.dat
06-29 01:21:53.054 23939 23939 E memtrack: Couldn't load memtrack module (No such file or directory)
06-29 01:21:53.054 23939 23939 E android.os.Debug: failed to load memtrack module: -2
06-29 01:21:53.055 23939 23939 I Radio-JNI: register_android_hardware_Radio DONE
06-29 01:21:53.060 23939 23939 D AndroidRuntime: Calling main entry com.android.commands.uiautomator.Launcher
06-29 01:21:54.087 23939 23939 W AccessibilityNodeInfoDumper: Fetch time: 6ms
06-29 01:21:54.087  1724  2450 W WindowManager: Attempted to remove non-existing token: android.os.Binder@5ca7fff
06-29 01:21:54.091 23939 23939 D AndroidRuntime: Shutting down VM
06-29 01:21:54.322 23956 23956 D AndroidRuntime: >>>>>> START com.android.internal.os.RuntimeInit uid 2000 <<<<<<
06-29 01:21:54.324 23956 23956 D AndroidRuntime: CheckJNI is ON
06-29 01:21:54.342 23956 23956 W art     : Unexpected CPU variant for X86 using defaults: x86
06-29 01:21:54.344 23956 23956 D ICU     : No timezone override file found: /data/local/tmp/misc/zoneinfo/current/icu/icu_tzdata.dat
06-29 01:21:54.355 23956 23956 E memtrack: Couldn't load memtrack module (No such file or directory)
06-29 01:21:54.355 23956 23956 E android.os.Debug: failed to load memtrack module: -2
06-29 01:21:54.356 23956 23956 I Radio-JNI: register_android_hardware_Radio DONE
06-29 01:21:54.360 23956 23956 D AndroidRuntime: Calling main entry com.android.commands.uiautomator.Launcher
06-29 01:21:55.385 23956 23956 W AccessibilityNodeInfoDumper: Fetch time: 5ms
06-29 01:21:55.386  1724  2966 W WindowManager: Attempted to remove non-existing token: android.os.Binder@247fc15
06-29 01:21:55.389 23956 23956 D AndroidRuntime: Shutting down VM
06-29 01:21:55.648 23976 23976 D AndroidRuntime: >>>>>> START com.android.internal.os.RuntimeInit uid 2000 <<<<<<
06-29 01:21:55.650 23976 23976 D AndroidRuntime: CheckJNI is ON
06-29 01:21:55.667 23976 23976 W art     : Unexpected CPU variant for X86 using defaults: x86
06-29 01:21:55.670 23976 23976 D ICU     : No timezone override file found: /data/local/tmp/misc/zoneinfo/current/icu/icu_tzdata.dat
06-29 01:21:55.681 23976 23976 E memtrack: Couldn't load memtrack module (No such file or directory)
06-29 01:21:55.681 23976 23976 E android.os.Debug: failed to load memtrack module: -2
06-29 01:21:55.682 23976 23976 I Radio-JNI: register_android_hardware_Radio DONE
06-29 01:21:55.685 23976 23976 D AndroidRuntime: Calling main entry com.android.commands.uiautomator.Launcher
06-29 01:21:56.708 23976 23976 W AccessibilityNodeInfoDumper: Fetch time: 5ms
06-29 01:21:56.709  1724  2450 W WindowManager: Attempted to remove non-existing token: android.os.Binder@511d1b
06-29 01:21:56.713 23976 23976 D AndroidRuntime: Shutting down VM
06-29 01:21:56.901 23991 23991 D AndroidRuntime: >>>>>> START com.android.internal.os.RuntimeInit uid 2000 <<<<<<
06-29 01:21:56.902 23991 23991 D AndroidRuntime: CheckJNI is ON
06-29 01:21:56.920 23991 23991 W art     : Unexpected CPU variant for X86 using defaults: x86
06-29 01:21:56.923 23991 23991 D ICU     : No timezone override file found: /data/misc/zoneinfo/current/icu/icu_tzdata.dat
06-29 01:21:56.932 23991 23991 E memtrack: Couldn't load memtrack module (No such file or directory)
06-29 01:21:56.932 23991 23991 E android.os.Debug: failed to load memtrack module: -2
06-29 01:21:56.932 23991 23991 I Radio-JNI: register_android_hardware_Radio DONE
06-29 01:21:56.936 23991 23991 D AndroidRuntime: Calling main entry com.android.commands.input.Input
06-29 01:21:56.940 23991 23991 I Input   : injectMotionEvent: MotionEvent { action=ACTION_DOWN, actionButton=0, id[0]=0, x[0]=784.0, y[0]=136.0, toolType[0]=TOOL_TYPE_UNKNOWN, buttonState=0, metaState=0, flags=0x0, edgeFlags=0x0, pointerCount=1, historySize=0, eventTime=7541610, downTime=7541610, deviceId=0, source=0x1002 }
06-29 01:21:56.941 23991 23991 I Input   : injectMotionEvent: MotionEvent { action=ACTION_UP, actionButton=0, id[0]=0, x[0]=784.0, y[0]=136.0, toolType[0]=TOOL_TYPE_UNKNOWN, buttonState=0, metaState=0, flags=0x0, edgeFlags=0x0, pointerCount=1, historySize=0, eventTime=7541610, downTime=7541610, deviceId=0, source=0x1002 }
06-29 01:21:56.942 23991 23991 D AndroidRuntime: Shutting down VM
06-29 01:22:00.762 24018 24018 D AndroidRuntime: >>>>>> START com.android.internal.os.RuntimeInit uid 2000 <<<<<<
06-29 01:22:00.765 24018 24018 D AndroidRuntime: CheckJNI is ON
06-29 01:22:00.798 24018 24018 W art     : Unexpected CPU variant for X86 using defaults: x86
06-29 01:22:00.801 24018 24018 D ICU     : No timezone override file found: /data/local/tmp/misc/zoneinfo/current/icu/icu_tzdata.dat
06-29 01:22:00.816 24018 24018 E memtrack: Couldn't load memtrack module (No such file or directory)
06-29 01:22:00.816 24018 24018 E android.os.Debug: failed to load memtrack module: -2
06-29 01:22:00.816 24018 24018 I Radio-JNI: register_android_hardware_Radio DONE
06-29 01:22:00.821 24018 24018 D AndroidRuntime: Calling main entry com.android.commands.uiautomator.Launcher
06-29 01:22:01.857 24018 24018 W AccessibilityNodeInfoDumper: Fetch time: 6ms
06-29 01:22:01.857  1724  3301 W WindowManager: Attempted to remove non-existing token: android.os.Binder@be11485
06-29 01:22:01.863 24018 24018 D AndroidRuntime: Shutting down VM
06-29 01:22:02.688 24044 24044 D AndroidRuntime: >>>>>> START com.android.internal.os.RuntimeInit uid 2000 <<<<<<
06-29 01:22:02.689 24044 24044 D AndroidRuntime: CheckJNI is ON
06-29 01:22:02.707 24044 24044 W art     : Unexpected CPU variant for X86 using defaults: x86
06-29 01:22:02.710 24044 24044 D ICU     : No timezone override file found: /data/local/tmp/misc/zoneinfo/current/icu/icu_tzdata.dat
06-29 01:22:02.721 24044 24044 E memtrack: Couldn't load memtrack module (No such file or directory)
06-29 01:22:02.721 24044 24044 E android.os.Debug: failed to load memtrack module: -2
06-29 01:22:02.722 24044 24044 I Radio-JNI: register_android_hardware_Radio DONE
06-29 01:22:02.727 24044 24044 D AndroidRuntime: Calling main entry com.android.commands.uiautomator.Launcher
06-29 01:22:03.752 24044 24044 W AccessibilityNodeInfoDumper: Fetch time: 6ms
06-29 01:22:03.753  1724  2966 W WindowManager: Attempted to remove non-existing token: android.os.Binder@aa37401
06-29 01:22:03.756 24044 24044 D AndroidRuntime: Shutting down VM
06-29 01:22:03.996 24062 24062 D AndroidRuntime: >>>>>> START com.android.internal.os.RuntimeInit uid 2000 <<<<<<
06-29 01:22:03.999 24062 24062 D AndroidRuntime: CheckJNI is ON
06-29 01:22:04.017 24062 24062 W art     : Unexpected CPU variant for X86 using defaults: x86
06-29 01:22:04.020 24062 24062 D ICU     : No timezone override file found: /data/local/tmp/misc/zoneinfo/current/icu/icu_tzdata.dat
06-29 01:22:04.032 24062 24062 E memtrack: Couldn't load memtrack module (No such file or directory)
06-29 01:22:04.032 24062 24062 E android.os.Debug: failed to load memtrack module: -2
06-29 01:22:04.033 24062 24062 I Radio-JNI: register_android_hardware_Radio DONE
06-29 01:22:04.037 24062 24062 D AndroidRuntime: Calling main entry com.android.commands.uiautomator.Launcher
06-29 01:22:05.064 24062 24062 W AccessibilityNodeInfoDumper: Fetch time: 6ms
06-29 01:22:05.065  1724  2450 W WindowManager: Attempted to remove non-existing token: android.os.Binder@f5144e7
06-29 01:22:05.069 24062 24062 D AndroidRuntime: Shutting down VM
06-29 01:22:05.889 24088 24088 D AndroidRuntime: >>>>>> START com.android.internal.os.RuntimeInit uid 2000 <<<<<<
06-29 01:22:05.891 24088 24088 D AndroidRuntime: CheckJNI is ON
06-29 01:22:05.908 24088 24088 W art     : Unexpected CPU variant for X86 using defaults: x86
06-29 01:22:05.911 24088 24088 D ICU     : No timezone override file found: /data/local/tmp/misc/zoneinfo/current/icu/icu_tzdata.dat
06-29 01:22:05.922 24088 24088 E memtrack: Couldn't load memtrack module (No such file or directory)
06-29 01:22:05.922 24088 24088 E android.os.Debug: failed to load memtrack module: -2
06-29 01:22:05.923 24088 24088 I Radio-JNI: register_android_hardware_Radio DONE
06-29 01:22:05.927 24088 24088 D AndroidRuntime: Calling main entry com.android.commands.uiautomator.Launcher
06-29 01:22:06.949 24088 24088 W AccessibilityNodeInfoDumper: Fetch time: 5ms
06-29 01:22:06.949  1724  1735 W WindowManager: Attempted to remove non-existing token: android.os.Binder@7d24f3d
06-29 01:22:06.952 24088 24088 D AndroidRuntime: Shutting down VM
06-29 01:22:07.823 24122 24122 D AndroidRuntime: >>>>>> START com.android.internal.os.RuntimeInit uid 2000 <<<<<<
06-29 01:22:07.825 24122 24122 D AndroidRuntime: CheckJNI is ON
06-29 01:22:07.842 24122 24122 W art     : Unexpected CPU variant for X86 using defaults: x86
06-29 01:22:07.845 24122 24122 D ICU     : No timezone override file found: /data/local/tmp/misc/zoneinfo/current/icu/icu_tzdata.dat
06-29 01:22:07.857 24122 24122 E memtrack: Couldn't load memtrack module (No such file or directory)
06-29 01:22:07.857 24122 24122 E android.os.Debug: failed to load memtrack module: -2
06-29 01:22:07.858 24122 24122 I Radio-JNI: register_android_hardware_Radio DONE
06-29 01:22:07.862 24122 24122 D AndroidRuntime: Calling main entry com.android.commands.uiautomator.Launcher
06-29 01:22:08.886 24122 24122 W AccessibilityNodeInfoDumper: Fetch time: 6ms
06-29 01:22:08.887  1724  2124 W WindowManager: Attempted to remove non-existing token: android.os.Binder@b634883
06-29 01:22:08.891 24122 24122 D AndroidRuntime: Shutting down VM
06-29 01:22:09.035  1349  2197 E SurfaceFlinger: ro.sf.lcd_density must be defined as a build property
06-29 01:22:09.036  1349  1364 D gralloc_ranchu: gralloc_alloc: Creating ashmem region of size 8294400
06-29 01:22:09.043 24138 24138 D         : HostConnection::get() New Host Connection established 0xb431b2c0, tid 24138
06-29 01:22:09.282 24144 24144 D AndroidRuntime: >>>>>> START com.android.internal.os.RuntimeInit uid 2000 <<<<<<
06-29 01:22:09.284 24144 24144 D AndroidRuntime: CheckJNI is ON
06-29 01:22:09.315 24144 24144 W art     : Unexpected CPU variant for X86 using defaults: x86
06-29 01:22:09.318 24144 24144 D ICU     : No timezone override file found: /data/misc/zoneinfo/current/icu/icu_tzdata.dat
06-29 01:22:09.328 24144 24144 E memtrack: Couldn't load memtrack module (No such file or directory)
06-29 01:22:09.328 24144 24144 E android.os.Debug: failed to load memtrack module: -2
06-29 01:22:09.328 24144 24144 I Radio-JNI: register_android_hardware_Radio DONE
06-29 01:22:09.333 24144 24144 D AndroidRuntime: Calling main entry com.android.commands.am.Am
06-29 01:22:09.339 17266 17266 D MediaScannerReceiver: action: android.intent.action.MEDIA_SCANNER_SCAN_FILE path: /storage/emulated/0/screen.png
06-29 01:22:09.341 24144 24144 D AndroidRuntime: Shutting down VM
06-29 01:22:11.718 24157 24157 D AndroidRuntime: >>>>>> START com.android.internal.os.RuntimeInit uid 2000 <<<<<<
06-29 01:22:11.719 24157 24157 D AndroidRuntime: CheckJNI is ON
06-29 01:22:11.737 24157 24157 W art     : Unexpected CPU variant for X86 using defaults: x86
06-29 01:22:11.740 24157 24157 D ICU     : No timezone override file found: /data/local/tmp/misc/zoneinfo/current/icu/icu_tzdata.dat
06-29 01:22:11.752 24157 24157 E memtrack: Couldn't load memtrack module (No such file or directory)
