06-29 01:16:39.392 20744 20744 D AndroidRuntime: Shutting down VM
06-29 01:16:39.824  2509  2509 I GrammarCompilationSvcCt: #startService for null, APP_NAMES.
06-29 01:16:39.831  2509 20762 I ContextCompilationHandl: Compiling grammar for: en-US, type=APP_NAMES
06-29 01:16:39.832  2509 20762 I ContextCompilationHandl: No grammar compilation resources for VOICE_ACTIONS_COMPILER, aborting. 
06-29 01:16:40.227 20771 20771 D AndroidRuntime: >>>>>> START com.android.internal.os.RuntimeInit uid 2000 <<<<<<
06-29 01:16:40.229 20771 20771 D AndroidRuntime: CheckJNI is ON
06-29 01:16:40.249 20771 20771 W art     : Unexpected CPU variant for X86 using defaults: x86
06-29 01:16:40.251 20771 20771 D ICU     : No timezone override file found: /data/local/tmp/misc/zoneinfo/current/icu/icu_tzdata.dat
06-29 01:16:40.264 20771 20771 E memtrack: Couldn't load memtrack module (No such file or directory)
06-29 01:16:40.264 20771 20771 E android.os.Debug: failed to load memtrack module: -2
06-29 01:16:40.264 20771 20771 I Radio-JNI: register_android_hardware_Radio DONE
06-29 01:16:40.269 20771 20771 D AndroidRuntime: Calling main entry com.android.commands.uiautomator.Launcher
06-29 01:16:40.829 20339 20682 I FA      : Tag Manager is not found and thus will not be used
06-29 01:16:40.891  1857 17103 E NetworkScheduler.ATC: Called cancelTask for already completed task com.google.android.gms/.measurement.PackageMeasurementTaskService{u=0 tag="Measurement.PackageMeasurementTaskService.UPLOAD_TASK_TAG" trigger=window{start=0s,end=2s,earliest=-60s,latest=-58s} requirements=[NET_CONNECTED] attributes=[PERSISTED] scheduled=-60s last_run=-59s jid=N/A status=ACTIVE retries=0 client_lib=GMS_TASK_SCHEDULER-202414000} :1 [CONTEXT service_id=218 ]
06-29 01:16:41.286 20771 20771 W AccessibilityNodeInfoDumper: Fetch time: 2ms
06-29 01:16:41.287  1724  2032 W WindowManager: Attempted to remove non-existing token: android.os.Binder@22d7099
06-29 01:16:41.291 20771 20771 D AndroidRuntime: Shutting down VM
06-29 01:16:42.159 20804 20804 D AndroidRuntime: >>>>>> START com.android.internal.os.RuntimeInit uid 2000 <<<<<<
06-29 01:16:42.160 20804 20804 D AndroidRuntime: CheckJNI is ON
06-29 01:16:42.177 20804 20804 W art     : Unexpected CPU variant for X86 using defaults: x86
06-29 01:16:42.180 20804 20804 D ICU     : No timezone override file found: /data/local/tmp/misc/zoneinfo/current/icu/icu_tzdata.dat
06-29 01:16:42.192 20804 20804 E memtrack: Couldn't load memtrack module (No such file or directory)
06-29 01:16:42.192 20804 20804 E android.os.Debug: failed to load memtrack module: -2
06-29 01:16:42.193 20804 20804 I Radio-JNI: register_android_hardware_Radio DONE
06-29 01:16:42.196 20804 20804 D AndroidRuntime: Calling main entry com.android.commands.uiautomator.Launcher
06-29 01:16:43.209 20804 20804 W AccessibilityNodeInfoDumper: Fetch time: 2ms
06-29 01:16:43.210  1724  3301 W WindowManager: Attempted to remove non-existing token: android.os.Binder@d62736a
06-29 01:16:43.214 20804 20804 D AndroidRuntime: Shutting down VM
06-29 01:16:43.656  1349  1364 E SurfaceFlinger: ro.sf.lcd_density must be defined as a build property
06-29 01:16:43.658  1349  1363 D gralloc_ranchu: gralloc_alloc: Creating ashmem region of size 8294400
06-29 01:16:43.665 20820 20820 D         : HostConnection::get() New Host Connection established 0xb4c9b2c0, tid 20820
06-29 01:16:43.932 20826 20826 D AndroidRuntime: >>>>>> START com.android.internal.os.RuntimeInit uid 2000 <<<<<<
06-29 01:16:43.933 20826 20826 D AndroidRuntime: CheckJNI is ON
06-29 01:16:43.965 20826 20826 W art     : Unexpected CPU variant for X86 using defaults: x86
06-29 01:16:43.967 20826 20826 D ICU     : No timezone override file found: /data/misc/zoneinfo/current/icu/icu_tzdata.dat
06-29 01:16:43.977 20826 20826 E memtrack: Couldn't load memtrack module (No such file or directory)
06-29 01:16:43.977 20826 20826 E android.os.Debug: failed to load memtrack module: -2
06-29 01:16:43.977 20826 20826 I Radio-JNI: register_android_hardware_Radio DONE
06-29 01:16:43.982 20826 20826 D AndroidRuntime: Calling main entry com.android.commands.am.Am
06-29 01:16:43.989 17266 17266 D MediaScannerReceiver: action: android.intent.action.MEDIA_SCANNER_SCAN_FILE path: /storage/emulated/0/screen.png
06-29 01:16:43.990 20826 20826 D AndroidRuntime: Shutting down VM
06-29 01:16:46.419 20839 20839 D AndroidRuntime: >>>>>> START com.android.internal.os.RuntimeInit uid 2000 <<<<<<
06-29 01:16:46.420 20839 20839 D AndroidRuntime: CheckJNI is ON
06-29 01:16:46.438 20839 20839 W art     : Unexpected CPU variant for X86 using defaults: x86
06-29 01:16:46.441 20839 20839 D ICU     : No timezone override file found: /data/local/tmp/misc/zoneinfo/current/icu/icu_tzdata.dat
06-29 01:16:46.453 20839 20839 E memtrack: Couldn't load memtrack module (No such file or directory)
06-29 01:16:46.453 20839 20839 E android.os.Debug: failed to load memtrack module: -2
06-29 01:16:46.454 20839 20839 I Radio-JNI: register_android_hardware_Radio DONE
06-29 01:16:46.458 20839 20839 D AndroidRuntime: Calling main entry com.android.commands.uiautomator.Launcher
06-29 01:16:47.472 20839 20839 W AccessibilityNodeInfoDumper: Fetch time: 2ms
06-29 01:16:47.473  1724  2032 W WindowManager: Attempted to remove non-existing token: android.os.Binder@ff7020d
06-29 01:16:47.476 20839 20839 D AndroidRuntime: Shutting down VM
06-29 01:16:49.708 20856 20856 D AndroidRuntime: >>>>>> START com.android.internal.os.RuntimeInit uid 2000 <<<<<<
06-29 01:16:49.710 20856 20856 D AndroidRuntime: CheckJNI is ON
06-29 01:16:49.727 20856 20856 W art     : Unexpected CPU variant for X86 using defaults: x86
06-29 01:16:49.730 20856 20856 D ICU     : No timezone override file found: /data/local/tmp/misc/zoneinfo/current/icu/icu_tzdata.dat
06-29 01:16:49.743 20856 20856 E memtrack: Couldn't load memtrack module (No such file or directory)
06-29 01:16:49.743 20856 20856 E android.os.Debug: failed to load memtrack module: -2
06-29 01:16:49.743 20856 20856 I Radio-JNI: register_android_hardware_Radio DONE
06-29 01:16:49.748 20856 20856 D AndroidRuntime: Calling main entry com.android.commands.uiautomator.Launcher
06-29 01:16:50.766 20856 20856 W AccessibilityNodeInfoDumper: Fetch time: 2ms
06-29 01:16:50.767  1724  2124 W WindowManager: Attempted to remove non-existing token: android.os.Binder@da1bfd3
06-29 01:16:50.770 20856 20856 D AndroidRuntime: Shutting down VM
06-29 01:16:51.036 20876 20876 D AndroidRuntime: >>>>>> START com.android.internal.os.RuntimeInit uid 2000 <<<<<<
06-29 01:16:51.037 20876 20876 D AndroidRuntime: CheckJNI is ON
06-29 01:16:51.057 20876 20876 W art     : Unexpected CPU variant for X86 using defaults: x86
06-29 01:16:51.060 20876 20876 D ICU     : No timezone override file found: /data/local/tmp/misc/zoneinfo/current/icu/icu_tzdata.dat
06-29 01:16:51.076 20876 20876 E memtrack: Couldn't load memtrack module (No such file or directory)
06-29 01:16:51.076 20876 20876 E android.os.Debug: failed to load memtrack module: -2
06-29 01:16:51.077 20876 20876 I Radio-JNI: register_android_hardware_Radio DONE
06-29 01:16:51.082 20876 20876 D AndroidRuntime: Calling main entry com.android.commands.uiautomator.Launcher
06-29 01:16:52.100 20876 20876 W AccessibilityNodeInfoDumper: Fetch time: 3ms
06-29 01:16:52.101  1724  2032 W WindowManager: Attempted to remove non-existing token: android.os.Binder@21eb209
06-29 01:16:52.104 20876 20876 D AndroidRuntime: Shutting down VM
06-29 01:16:52.933 20902 20902 D AndroidRuntime: >>>>>> START com.android.internal.os.RuntimeInit uid 2000 <<<<<<
06-29 01:16:52.934 20902 20902 D AndroidRuntime: CheckJNI is ON
06-29 01:16:52.952 20902 20902 W art     : Unexpected CPU variant for X86 using defaults: x86
06-29 01:16:52.955 20902 20902 D ICU     : No timezone override file found: /data/local/tmp/misc/zoneinfo/current/icu/icu_tzdata.dat
06-29 01:16:52.967 20902 20902 E memtrack: Couldn't load memtrack module (No such file or directory)
06-29 01:16:52.967 20902 20902 E android.os.Debug: failed to load memtrack module: -2
06-29 01:16:52.968 20902 20902 I Radio-JNI: register_android_hardware_Radio DONE
06-29 01:16:52.972 20902 20902 D AndroidRuntime: Calling main entry com.android.commands.uiautomator.Launcher
06-29 01:16:53.990 20902 20902 W AccessibilityNodeInfoDumper: Fetch time: 2ms
06-29 01:16:53.990  1724  2450 W WindowManager: Attempted to remove non-existing token: android.os.Binder@53e862f
06-29 01:16:53.994 20902 20902 D AndroidRuntime: Shutting down VM
06-29 01:16:54.249 20920 20920 D AndroidRuntime: >>>>>> START com.android.internal.os.RuntimeInit uid 2000 <<<<<<
06-29 01:16:54.250 20920 20920 D AndroidRuntime: CheckJNI is ON
06-29 01:16:54.270 20920 20920 W art     : Unexpected CPU variant for X86 using defaults: x86
06-29 01:16:54.272 20920 20920 D ICU     : No timezone override file found: /data/local/tmp/misc/zoneinfo/current/icu/icu_tzdata.dat
06-29 01:16:54.284 20920 20920 E memtrack: Couldn't load memtrack module (No such file or directory)
06-29 01:16:54.284 20920 20920 E android.os.Debug: failed to load memtrack module: -2
06-29 01:16:54.284 20920 20920 I Radio-JNI: register_android_hardware_Radio DONE
06-29 01:16:54.288 20920 20920 D AndroidRuntime: Calling main entry com.android.commands.uiautomator.Launcher
06-29 01:16:55.307 20920 20920 W AccessibilityNodeInfoDumper: Fetch time: 2ms
06-29 01:16:55.307  1724  4117 W WindowManager: Attempted to remove non-existing token: android.os.Binder@85b2f79
06-29 01:16:55.313 20920 20920 D AndroidRuntime: Shutting down VM
06-29 01:16:56.132 20949 20949 D AndroidRuntime: >>>>>> START com.android.internal.os.RuntimeInit uid 2000 <<<<<<
06-29 01:16:56.133 20949 20949 D AndroidRuntime: CheckJNI is ON
06-29 01:16:56.151 20949 20949 W art     : Unexpected CPU variant for X86 using defaults: x86
06-29 01:16:56.154 20949 20949 D ICU     : No timezone override file found: /data/local/tmp/misc/zoneinfo/current/icu/icu_tzdata.dat
06-29 01:16:56.165 20949 20949 E memtrack: Couldn't load memtrack module (No such file or directory)
06-29 01:16:56.165 20949 20949 E android.os.Debug: failed to load memtrack module: -2
06-29 01:16:56.166 20949 20949 I Radio-JNI: register_android_hardware_Radio DONE
06-29 01:16:56.170 20949 20949 D AndroidRuntime: Calling main entry com.android.commands.uiautomator.Launcher
06-29 01:16:57.185 20949 20949 W AccessibilityNodeInfoDumper: Fetch time: 2ms
06-29 01:16:57.185  1724  3301 W WindowManager: Attempted to remove non-existing token: android.os.Binder@863591f
06-29 01:16:57.190 20949 20949 D AndroidRuntime: Shutting down VM
06-29 01:16:58.078 20982 20982 D AndroidRuntime: >>>>>> START com.android.internal.os.RuntimeInit uid 2000 <<<<<<
06-29 01:16:58.079 20982 20982 D AndroidRuntime: CheckJNI is ON
06-29 01:16:58.096 20982 20982 W art     : Unexpected CPU variant for X86 using defaults: x86
06-29 01:16:58.099 20982 20982 D ICU     : No timezone override file found: /data/local/tmp/misc/zoneinfo/current/icu/icu_tzdata.dat
06-29 01:16:58.111 20982 20982 E memtrack: Couldn't load memtrack module (No such file or directory)
06-29 01:16:58.111 20982 20982 E android.os.Debug: failed to load memtrack module: -2
06-29 01:16:58.112 20982 20982 I Radio-JNI: register_android_hardware_Radio DONE
06-29 01:16:58.117 20982 20982 D AndroidRuntime: Calling main entry com.android.commands.uiautomator.Launcher
06-29 01:16:59.139 20982 20982 W AccessibilityNodeInfoDumper: Fetch time: 4ms
06-29 01:16:59.141  1724  1735 W WindowManager: Attempted to remove non-existing token: android.os.Binder@bd64a35
06-29 01:16:59.151 20982 20982 D AndroidRuntime: Shutting down VM
06-29 01:16:59.487 21007 21007 D AndroidRuntime: >>>>>> START com.android.internal.os.RuntimeInit uid 2000 <<<<<<
06-29 01:16:59.489 21007 21007 D AndroidRuntime: CheckJNI is ON
06-29 01:16:59.524 21007 21007 W art     : Unexpected CPU variant for X86 using defaults: x86
06-29 01:16:59.526 21007 21007 D ICU     : No timezone override file found: /data/local/tmp/misc/zoneinfo/current/icu/icu_tzdata.dat
06-29 01:16:59.538 21007 21007 E memtrack: Couldn't load memtrack module (No such file or directory)
06-29 01:16:59.539 21007 21007 E android.os.Debug: failed to load memtrack module: -2
06-29 01:16:59.539 21007 21007 I Radio-JNI: register_android_hardware_Radio DONE
06-29 01:16:59.543 21007 21007 D AndroidRuntime: Calling main entry com.android.commands.uiautomator.Launcher
06-29 01:17:00.017  1724  1738 I ProcessStatsService: Prepared write state in 3ms
06-29 01:17:00.564 21007 21007 W AccessibilityNodeInfoDumper: Fetch time: 2ms
06-29 01:17:00.564  1724  2032 W WindowManager: Attempted to remove non-existing token: android.os.Binder@1ae54b1
06-29 01:17:00.568 21007 21007 D AndroidRuntime: Shutting down VM
06-29 01:17:00.758 21019 21019 D AndroidRuntime: >>>>>> START com.android.internal.os.RuntimeInit uid 2000 <<<<<<
06-29 01:17:00.760 21019 21019 D AndroidRuntime: CheckJNI is ON
06-29 01:17:00.776 21019 21019 W art     : Unexpected CPU variant for X86 using defaults: x86
06-29 01:17:00.779 21019 21019 D ICU     : No timezone override file found: /data/misc/zoneinfo/current/icu/icu_tzdata.dat
06-29 01:17:00.791 21019 21019 E memtrack: Couldn't load memtrack module (No such file or directory)
06-29 01:17:00.791 21019 21019 E android.os.Debug: failed to load memtrack module: -2
06-29 01:17:00.791 21019 21019 I Radio-JNI: register_android_hardware_Radio DONE
06-29 01:17:00.795 21019 21019 D AndroidRuntime: Calling main entry com.android.commands.am.Am
06-29 01:17:00.798  1724  4312 I ActivityManager: Force stopping org.fossasia.phimpme appid=10088 user=0: from pid 21019
06-29 01:17:00.798  1724  4312 I ActivityManager: Killing 20339:org.fossasia.phimpme/u0a88 (adj 0): stop org.fossasia.phimpme
06-29 01:17:00.800  1724  4312 D ActivityManager: cleanUpApplicationRecord -- 20339
06-29 01:17:00.802  1724  4312 W ActivityManager: Force removing ActivityRecord{fdc86c7 u0 org.fossasia.phimpme/.gallery.activities.SplashScreen t10}: app died, no saved state
06-29 01:17:00.808 21019 21019 D AndroidRuntime: Shutting down VM
06-29 01:17:00.812  2002  2002 D CarrierSvcBindHelper: No carrier app for: 0
06-29 01:17:00.843  2509  2719 D EGL_emulation: eglMakeCurrent: 0xad3053c0: ver 3 0 (tinfo 0xad303360)
06-29 01:17:00.861  1724  2966 D GraphicsStats: Buffer count: 5
06-29 01:17:00.885  2509  2509 I OptInState: There is a new client and it does not support opt-in. Dropping request.
06-29 01:17:00.888  2569  2640 D EGL_emulation: eglMakeCurrent: 0xa9605160: ver 3 0 (tinfo 0x9d999ea0)
06-29 01:17:00.895  2509  2509 I MicroDetectionWorker: Micro detection mode: [mDetectionMode: [1]].
06-29 01:17:00.896  2509 10932 W LocationOracle: No location history returned by ContextManager
06-29 01:17:00.896  2509  2509 I AudioController: Using mInputStreamFactoryBuilder
06-29 01:17:00.901  2509 21031 I MicroRecognitionRunner: Starting detection.
06-29 01:17:00.901  2509 10930 I MicrophoneInputStream: mic_starting com.google.android.apps.gsa.staticplugins.z.c@c5887d2
06-29 01:17:00.903  1422 21034 I AudioFlinger: AudioFlinger's thread 0xa96035c0 ready to run
06-29 01:17:00.904  1422  1453 E AudioFlinger: not enough memory for AudioTrack size=131296
06-29 01:17:00.904  1422  1453 D MemoryDealer:   AudioTrack (0xb011cef0, size=4194304)
06-29 01:17:00.904  1422  1453 D MemoryDealer:     0: 0xb011cf00 | 0x00000000 | 0x000200E0 | A 
06-29 01:17:00.904  1422  1453 D MemoryDealer:     1: 0xb011cf20 | 0x000200E0 | 0x000200E0 | A 
06-29 01:17:00.904  1422  1453 D MemoryDealer:     2: 0xaf830170 | 0x000401C0 | 0x000200E0 | A 
06-29 01:17:00.904  1422  1453 D MemoryDealer:     3: 0xb011ceb0 | 0x000602A0 | 0x000200E0 | A 
06-29 01:17:00.904  1422  1453 D MemoryDealer:     4: 0xae8d4250 | 0x00080380 | 0x000200E0 | A 
06-29 01:17:00.904  1422  1453 D MemoryDealer:     5: 0xae8d42f0 | 0x000A0460 | 0x000200E0 | A 
06-29 01:17:00.904  1422  1453 D MemoryDealer:     6: 0xae8d4440 | 0x000C0540 | 0x000200E0 | A 
06-29 01:17:00.904  1422  1453 D MemoryDealer:     7: 0xae8d4540 | 0x000E0620 | 0x000200E0 | A 
06-29 01:17:00.904  1422  1453 D MemoryDealer:     8: 0xae8d4710 | 0x00100700 | 0x000200E0 | A 
06-29 01:17:00.904  1422  1453 D MemoryDealer:     9: 0xae8d46c0 | 0x001207E0 | 0x000200E0 | A 
06-29 01:17:00.904  1422  1453 D MemoryDealer:    10: 0xae8d4840 | 0x001408C0 | 0x000200E0 | A 
06-29 01:17:00.904  1422  1453 D MemoryDealer:    11: 0xae8d47c0 | 0x001609A0 | 0x000200E0 | A 
06-29 01:17:00.904  1422  1453 D MemoryDealer:    12: 0xae8d4ab0 | 0x00180A80 | 0x000200E0 | A 
06-29 01:17:00.904  1422  1453 D MemoryDealer:    13: 0xaf830290 | 0x001A0B60 | 0x000200E0 | A 
06-29 01:17:00.904  1422  1453 D MemoryDealer:    14: 0xaf830480 | 0x001C0C40 | 0x000200E0 | A 
06-29 01:17:00.904  1422  1453 D MemoryDealer:    15: 0xad47a090 | 0x001E0D20 | 0x000200E0 | A 
06-29 01:17:00.904  1422  1453 D MemoryDealer:    16: 0xad47a3a0 | 0x00200E00 | 0x000200E0 | A 
06-29 01:17:00.904  1422  1453 D MemoryDealer:    17: 0xaf830680 | 0x00220EE0 | 0x000200E0 | A 
06-29 01:17:00.904  1422  1453 D MemoryDealer:    18: 0xad47a550 | 0x00240FC0 | 0x000200E0 | A 
06-29 01:17:00.904  1422  1453 D MemoryDealer:    19: 0xaf830820 | 0x002610A0 | 0x000200E0 | A 
06-29 01:17:00.904  1422  1453 D MemoryDealer:    
06-29 01:17:00.904  1422  1453 E AudioFlinger: createRecordTrack_l() initCheck failed -12; no control block?
06-29 01:17:00.905  2509 10930 E AudioRecord: AudioFlinger could not create record track, status: -12
06-29 01:17:00.910  2509 10930 E AudioRecord-JNI: Error creating AudioRecord instance: initialization check failed with status -12.
06-29 01:17:00.910  2509 10930 E android.media.AudioRecord: Error code -20 when initializing native AudioRecord object.
06-29 01:17:00.910  2509 10930 I MicrophoneInputStream: mic_started com.google.android.apps.gsa.staticplugins.z.c@c5887d2
06-29 01:17:00.910  2509 10930 E ActivityThread: Failed to find provider info for com.google.android.apps.gsa.testing.ui.audio.recorded
06-29 01:17:00.919  2509  2509 I MicroDetectionWorker: onReady
06-29 01:17:00.920  2509 10930 I MicrophoneInputStream: mic_close com.google.android.apps.gsa.staticplugins.z.c@c5887d2
06-29 01:17:00.921  2509 21031 I MicroRecognitionRunner: Detection finished
06-29 01:17:00.921  2509 21031 W ErrorReporter: reportError [type: 211, code: 524300]: Error reading from input stream
06-29 01:17:00.922  2509 21031 W ErrorProcessor: onFatalError, processing error from engine(4)
06-29 01:17:00.922  2509 21031 W ErrorProcessor: com.google.android.apps.gsa.shared.speech.a.g: Error reading from input stream
06-29 01:17:00.922  2509 21031 W ErrorProcessor: 	at com.google.android.apps.gsa.staticplugins.recognizer.i.a.a(SourceFile:342)
06-29 01:17:00.922  2509 21031 W ErrorProcessor: 	at com.google.android.apps.gsa.staticplugins.recognizer.i.a$1.run(SourceFile:1367)
06-29 01:17:00.922  2509 21031 W ErrorProcessor: 	at java.util.concurrent.Executors$RunnableAdapter.call(Executors.java:428)
06-29 01:17:00.922  2509 21031 W ErrorProcessor: 	at java.util.concurrent.FutureTask.run(FutureTask.java:237)
06-29 01:17:00.922  2509 21031 W ErrorProcessor: 	at com.google.android.apps.gsa.shared.util.concurrent.a.ak.run(SourceFile:66)
06-29 01:17:00.922  2509 21031 W ErrorProcessor: 	at java.util.concurrent.ThreadPoolExecutor.runWorker(ThreadPoolExecutor.java:1133)
06-29 01:17:00.922  2509 21031 W ErrorProcessor: 	at java.util.concurrent.ThreadPoolExecutor$Worker.run(ThreadPoolExecutor.java:607)
06-29 01:17:00.922  2509 21031 W ErrorProcessor: 	at java.lang.Thread.run(Thread.java:761)
06-29 01:17:00.922  2509 21031 W ErrorProcessor: 	at com.google.android.apps.gsa.shared.util.concurrent.a.ad$1.run(SourceFile:85)
06-29 01:17:00.922  2509 21031 W ErrorProcessor: Caused by: com.google.android.apps.gsa.shared.exception.GsaIOException: Error code: 393238 | Buffer overflow, no available space.
06-29 01:17:00.922  2509 21031 W ErrorProcessor: 	at com.google.android.apps.gsa.speech.audio.Tee.g(SourceFile:2531)
06-29 01:17:00.922  2509 21031 W ErrorProcessor: 	at com.google.android.apps.gsa.speech.audio.ap.read(SourceFile:555)
06-29 01:17:00.922  2509 21031 W ErrorProcessor: 	at java.io.InputStream.read(InputStream.java:101)
06-29 01:17:00.922  2509 21031 W ErrorProcessor: 	at com.google.android.apps.gsa.speech.audio.al.run(SourceFile:362)
06-29 01:17:00.922  2509 21031 W ErrorProcessor: 	at com.google.android.apps.gsa.speech.audio.ak$1.run(SourceFile:471)
06-29 01:17:00.922  2509 21031 W ErrorProcessor: 	at java.util.concurrent.Executors$RunnableAdapter.call(Executors.java:428)
06-29 01:17:00.922  2509 21031 W ErrorProcessor: 	at java.util.concurrent.FutureTask.run(FutureTask.java:237)
06-29 01:17:00.922  2509 21031 W ErrorProcessor: 	at com.google.android.apps.gsa.shared.util.concurrent.a.ak.run(SourceFile:66)
06-29 01:17:00.922  2509 21031 W ErrorProcessor: 	at com.google.android.apps.gsa.shared.util.concurrent.a.ax.run(SourceFile:139)
06-29 01:17:00.922  2509 21031 W ErrorProcessor: 	at com.google.android.apps.gsa.shared.util.concurrent.a.ax.run(SourceFile:139)
06-29 01:17:00.922  2509 21031 W ErrorProcessor: 	... 4 more
06-29 01:17:00.922  2509  2853 I MicroRecognitionRunner: Stopping hotword detection.
06-29 01:17:00.922  2509 21031 I AudioController: internalShutdown
06-29 01:17:00.923  2509  2509 I MicroDetector: Keeping mic open: false
06-29 01:17:00.923  2509  2509 I MicroDetectionWorker: #onError(false)
06-29 01:17:00.923  2509 21030 I DeviceStateChecker: DeviceStateChecker cancelled
06-29 01:17:00.926  1857  2741 W GCoreFlp: No location to return for getLastLocation()
06-29 01:17:01.396  2569  2640 W OpenGLRenderer: Incorrectly called buildLayer on View: ShortcutAndWidgetContainer, destroying layer...
06-29 01:17:03.852  1724  1841 E TaskPersister: File error accessing recents directory (directory doesn't exist?).
06-29 01:17:04.133 21045 21045 D AndroidRuntime: >>>>>> START com.android.internal.os.RuntimeInit uid 2000 <<<<<<
06-29 01:17:04.134 21045 21045 D AndroidRuntime: CheckJNI is ON
06-29 01:17:04.157 21045 21045 W art     : Unexpected CPU variant for X86 using defaults: x86
06-29 01:17:04.160 21045 21045 D ICU     : No timezone override file found: /data/misc/zoneinfo/current/icu/icu_tzdata.dat
06-29 01:17:04.170 21045 21045 E memtrack: Couldn't load memtrack module (No such file or directory)
06-29 01:17:04.170 21045 21045 E android.os.Debug: failed to load memtrack module: -2
06-29 01:17:04.170 21045 21045 I Radio-JNI: register_android_hardware_Radio DONE
06-29 01:17:04.174 21045 21045 D AndroidRuntime: Calling main entry com.android.commands.pm.Pm
06-29 01:17:04.178  1724  1738 I ActivityManager: Force stopping org.fossasia.phimpme appid=10088 user=-1: deletePackageX
06-29 01:17:04.181  1724  1750 I PackageManager: Removing old permission: org.fossasia.phimpme.permission.C2D_MESSAGE from package org.fossasia.phimpme
06-29 01:17:04.204  1724  1750 I art     : Starting a blocking GC Explicit
06-29 01:17:04.221  1724  1750 I art     : Explicit concurrent mark sweep GC freed 31327(1882KB) AllocSpace objects, 19(420KB) LOS objects, 25% free, 11MB/15MB, paused 198us total 16.668ms
06-29 01:17:04.233  1724  1750 I ActivityManager: Force stopping org.fossasia.phimpme appid=10088 user=0: pkg removed
06-29 01:17:04.235 21045 21053 W MessageQueue: Handler (android.os.Handler) {4974432} sending message to a Handler on a dead thread
06-29 01:17:04.235 21045 21053 W MessageQueue: java.lang.IllegalStateException: Handler (android.os.Handler) {4974432} sending message to a Handler on a dead thread
06-29 01:17:04.235 21045 21053 W MessageQueue: 	at android.os.MessageQueue.enqueueMessage(MessageQueue.java:543)
06-29 01:17:04.235 21045 21053 W MessageQueue: 	at android.os.Handler.enqueueMessage(Handler.java:643)
06-29 01:17:04.235 21045 21053 W MessageQueue: 	at android.os.Handler.sendMessageAtTime(Handler.java:612)
06-29 01:17:04.235 21045 21053 W MessageQueue: 	at android.os.Handler.sendMessageDelayed(Handler.java:582)
06-29 01:17:04.235 21045 21053 W MessageQueue: 	at android.os.Handler.post(Handler.java:338)
06-29 01:17:04.235 21045 21053 W MessageQueue: 	at android.os.ResultReceiver$MyResultReceiver.send(ResultReceiver.java:57)
06-29 01:17:04.235 21045 21053 W MessageQueue: 	at com.android.internal.os.IResultReceiver$Stub.onTransact(IResultReceiver.java:58)
06-29 01:17:04.235 21045 21053 W MessageQueue: 	at android.os.Binder.execTransact(Binder.java:565)
06-29 01:17:04.235 21045 21045 I art     : System.exit called, status: 0
06-29 01:17:04.235 21045 21045 I AndroidRuntime: VM exiting with result code 0.
06-29 01:17:04.247  1857  1857 I GeofencerStateMachine: removeGeofences: removeRequest=RemoveGeofencingRequest[REMOVE_ALL packageName=org.fossasia.phimpme]
06-29 01:17:04.255  1724  1764 I InputReader: Reconfiguring input devices.  changes=0x00000010
06-29 01:17:04.255  1724  1724 D ZenLog  : config: removeAutomaticZenRules,ZenModeConfig[user=0,allowCalls=true,allowRepeatCallers=false,allowMessages=false,allowCallsFrom=contacts,allowMessagesFrom=contacts,allowReminders=true,allowEvents=true,allowWhenScreenOff=true,allowWhenScreenOn=true,automaticRules={24039023791e401e81b6317cc640be9c=ZenRule[enabled=false,snoozing=false,name=Weekend,zenMode=ZEN_MODE_ALARMS,conditionId=condition://android/schedule?days=6.7&start=23.30&end=10.0&exitAtAlarm=false,condition=Condition[id=condition://android/schedule?days=6.7&start=23.30&end=10.0&exitAtAlarm=false,summary=...,line1=...,line2=...,icon=0,state=STATE_FALSE,flags=2],component=ComponentInfo{android/com.android.server.notification.ScheduleConditionProvider},id=24039023791e401e81b6317cc640be9c,creationTime=1656472594300,enabler=null], 9668ee225808443cbb7640f418332237=ZenRule[enabled=false,snoozing=false,name=Weeknight,zenMode=ZEN_MODE_ALARMS,conditionId=condition://android/schedule?days=1.2.3.4.5&start=22.0&end=7.0&exitAtAlarm=false,condition=Condition[id=condition://android/schedule?days=1.2.3.4.5&start=22.0&end=7.0&exitAtAlarm=false,summary=...,line1=...,line2=...,icon=0,state=STATE_TRUE,flags=2],component=ComponentInfo{android/com.android.server.notification.ScheduleConditionProvider},id=9668ee225808443cbb7640f418332237,creationTime=1656472594300,enabler=null], 174b5ee33cf54b898f9f6b10b72bf644=ZenRule[enabled=false,snoozing=false,name=Event,zenMode=ZEN_MODE_ALARMS,conditionId=condition://android/event?userId=-10000&calendar=&reply=1,condition=Condition[id=condition://android/event?userId=-10000&calendar=&reply=1,summary=...,line1=...,line2=...,icon=0,state=STATE_FALSE,flags=2],component=ComponentInfo{android/com.android.server.notification.EventConditionProvider},id=174b5ee33cf54b898f9f6b10b72bf644,creationTime=1656472594300,enabler=null]},manualRule=null],Diff[]
06-29 01:17:04.260  1724  1750 E KernelUidCpuTimeReader: failed to remove uid from uid_cputime module
06-29 01:17:04.260  1724  1750 E KernelUidCpuTimeReader: java.io.FileNotFoundException: /proc/uid_cputime/remove_uid_range (No such file or directory)
06-29 01:17:04.260  1724  1750 E KernelUidCpuTimeReader: 	at java.io.FileOutputStream.open(Native Method)
06-29 01:17:04.260  1724  1750 E KernelUidCpuTimeReader: 	at java.io.FileOutputStream.<init>(FileOutputStream.java:221)
06-29 01:17:04.260  1724  1750 E KernelUidCpuTimeReader: 	at java.io.FileOutputStream.<init>(FileOutputStream.java:108)
06-29 01:17:04.260  1724  1750 E KernelUidCpuTimeReader: 	at java.io.FileWriter.<init>(FileWriter.java:63)
06-29 01:17:04.260  1724  1750 E KernelUidCpuTimeReader: 	at com.android.internal.os.KernelUidCpuTimeReader.removeUid(KernelUidCpuTimeReader.java:158)
06-29 01:17:04.260  1724  1750 E KernelUidCpuTimeReader: 	at com.android.internal.os.BatteryStatsImpl.removeUidStatsLocked(BatteryStatsImpl.java:10169)
06-29 01:17:04.260  1724  1750 E KernelUidCpuTimeReader: 	at com.android.server.am.BatteryStatsService.removeUid(BatteryStatsService.java:291)
06-29 01:17:04.260  1724  1750 E KernelUidCpuTimeReader: 	at com.android.server.am.ActivityManagerService.broadcastIntentLocked(ActivityManagerService.java:18060)
06-29 01:17:04.260  1724  1750 E KernelUidCpuTimeReader: 	at com.android.server.am.ActivityManagerService.broadcastIntent(ActivityManagerService.java:18558)
06-29 01:17:04.260  1724  1750 E KernelUidCpuTimeReader: 	at com.android.server.pm.PackageManagerService$8.run(PackageManagerService.java:11464)
06-29 01:17:04.260  1724  1750 E KernelUidCpuTimeReader: 	at android.os.Handler.handleCallback(Handler.java:751)
06-29 01:17:04.260  1724  1750 E KernelUidCpuTimeReader: 	at android.os.Handler.dispatchMessage(Handler.java:95)
06-29 01:17:04.260  1724  1750 E KernelUidCpuTimeReader: 	at android.os.Looper.loop(Looper.java:154)
06-29 01:17:04.260  1724  1750 E KernelUidCpuTimeReader: 	at android.os.HandlerThread.run(HandlerThread.java:61)
06-29 01:17:04.260  1724  1750 E KernelUidCpuTimeReader: 	at com.android.server.ServiceThread.run(ServiceThread.java:46)
06-29 01:17:04.280 19180 19180 W ContextImpl: Calling a method in the system process without a qualified user: android.app.ContextImpl.startService:1357 android.content.ContextWrapper.startService:613 android.content.ContextWrapper.startService:613 com.android.keychain.KeyChainBroadcastReceiver.onReceive:12 android.app.ActivityThread.handleReceiver:3040 
06-29 01:17:04.280  1724  1841 E TaskPersister: File error accessing recents directory (directory doesn't exist?).
06-29 01:17:04.282  1425  1425 I         : free_cache(32402631) avail 643497984
06-29 01:17:04.283  2002  2002 D CarrierSvcBindHelper: No carrier app for: 0
06-29 01:17:04.288 16968 21068 D VoicemailCleanupService: Cleaning up data for package: org.fossasia.phimpme
06-29 01:17:04.295  2509 21072 I UpdateIcingCorporaServi: Updating corpora: APPS=org.fossasia.phimpme, CONTACTS=MAYBE
06-29 01:17:04.297  1724  1724 D ZenLog  : set_zen_mode: off,removeAutomaticZenRules
06-29 01:17:04.302  1857 21074 I Fitness : FitCleanupIntentOperation received Intent android.intent.action.PACKAGE_REMOVED [CONTEXT service_id=17 ]
06-29 01:17:04.306  1842  2041 I LatinIME:LogUtils: Dictionary info: dictionary = main:en ; version = 54 ; date = 1414726273
06-29 01:17:04.352  1724  1737 W InputMethodInfo: Duplicated subtype definition found: , voice
06-29 01:17:04.367  2202  2818 I Icing   : IndexChimeraService.getServiceInterface callingPackage=com.google.android.gms componentName=null serviceId=36
06-29 01:17:04.368  2202  2821 I Icing   : IndexChimeraService.getServiceInterface callingPackage=com.google.android.googlequicksearchbox componentName=null serviceId=36
06-29 01:17:04.370  2202  2213 I art     : Background partial concurrent mark sweep GC freed 33415(2MB) AllocSpace objects, 11(220KB) LOS objects, 22% free, 14MB/18MB, paused 292us total 135.016ms
06-29 01:17:04.375  2202  2698 I Icing   : doRemovePackageData org.fossasia.phimpme
06-29 01:17:04.376  2202  3410 I ContentMaintenance: Internal cache bytes used: 0; limit: 40626585; download size: 0
06-29 01:17:04.388  2202  2818 I Icing   : IndexChimeraService.getServiceInterface callingPackage=com.google.android.gms componentName=AppsCorpus serviceId=36
06-29 01:17:04.397  2202  3410 I RealtimeCacheCleanup: Beginning Realtime garbage collection.
06-29 01:17:04.400  2202  3410 I RealtimeCacheCleanup: Finished Realtime garbage collection.
06-29 01:17:04.409  2202  2698 W Icing   : No valid account for uploading user actions
06-29 01:17:04.418  2202  2821 I Icing   : IndexChimeraService.getServiceInterface callingPackage=com.google.android.gms componentName=null serviceId=30
06-29 01:17:04.419  2202  2698 I Icing   : Usage reports ok 0, Failed Usage reports 0, indexed 0, rejected 0
06-29 01:17:04.422  2202  2698 W Icing   : No valid account for uploading user actions
06-29 01:17:04.428  2202  2698 I Icing   : Usage reports ok 0, Failed Usage reports 0, indexed 0, rejected 0
06-29 01:17:04.429  2202  2698 W Icing   : No valid account for uploading user actions
06-29 01:17:04.434  1857  2245 E NetworkScheduler.ATC: Called cancelTask for already completed task com.google.android.gms/.measurement.PackageMeasurementTaskService{u=0 tag="Measurement.PackageMeasurementTaskService.UPLOAD_TASK_TAG" trigger=window{start=0s,end=2s,earliest=-83s,latest=-81s} requirements=[NET_CONNECTED] attributes=[PERSISTED] scheduled=-83s last_run=-83s jid=N/A status=ACTIVE retries=0 client_lib=GMS_TASK_SCHEDULER-202414000} :1 [CONTEXT service_id=218 ]
06-29 01:17:04.436  2202  2698 I Icing   : Usage reports ok 0, Failed Usage reports 0, indexed 0, rejected 0
06-29 01:17:04.439  2509 21072 I UpdateIcingCorporaServi: UpdateCorporaTask done [took 144 ms] updated apps [took 144 ms] 
06-29 01:17:04.445  2202  2698 W Icing   : No valid account for uploading user actions
06-29 01:17:04.455  2202  2698 I Icing   : Usage reports ok 0, Failed Usage reports 0, indexed 0, rejected 0
06-29 01:17:04.456  2202  2698 I Icing   : Indexing com.google.android.googlequicksearchbox-applications_uri from com.google.android.googlequicksearchbox
06-29 01:17:04.471  2202  2698 I Icing   : Indexing com.google.android.gms-apps from com.google.android.gms
06-29 01:17:04.472  2202  2698 I Icing   : Indexing com.google.android.gms-internal.3p:MobileApplication from com.google.android.gms
06-29 01:17:04.482  2202  2698 I Icing   : Indexing done com.google.android.googlequicksearchbox-applications_uri
06-29 01:17:04.484  2202  2698 I Icing   : Indexing done com.google.android.gms-apps
06-29 01:17:04.486  2202  2698 I Icing   : Indexing done com.google.android.gms-internal.3p:MobileApplication
06-29 01:17:04.683  1857 20406 I NetworkScheduler.Stats: Task com.google.android.gms/com.google.android.gms.udc.service.UdcContextInitService started execution. cause:1 exec_start_elapsed_seconds: 7249 [CONTEXT service_id=218 ]
06-29 01:17:04.695  1857  8857 I NetworkScheduler.Stats: Task com.google.android.gms/com.google.android.gms.udc.service.UdcContextInitService finished executing. cause:1 result: 1 elapsed_millis: 25 uptime_millis: 25 exec_start_elapsed_seconds: 7249 [CONTEXT service_id=218 ]
06-29 01:17:04.733  1857 20406 I NetworkScheduler.Stats: Task com.google.android.gms/com.google.android.gms.mdisync.service.MdiSyncBackgroundTaskService started execution. cause:5 exec_start_elapsed_seconds: 7249 [CONTEXT service_id=218 ]
06-29 01:17:04.733  2202  2698 I MdiSyncModule: Dispatching task '1_PERIODIC'...
06-29 01:17:04.734  2202  2698 W MdiSyncModule: Task '1 PERIODIC (1_PERIODIC)' has no registered task handlers! [CONTEXT service_id=215 ratelimit_count=10 ]
06-29 01:17:04.736  1857  8857 I NetworkScheduler.Stats: Task com.google.android.gms/com.google.android.gms.mdisync.service.MdiSyncBackgroundTaskService finished executing. cause:5 result: 2 elapsed_millis: 16 uptime_millis: 16 exec_start_elapsed_seconds: 7249 [CONTEXT service_id=218 ]
06-29 01:17:04.947  1857 20406 E NetworkScheduler.ATC: Called cancelTask for already completed task com.google.android.gms/.measurement.PackageMeasurementTaskService{u=0 tag="Measurement.PackageMeasurementTaskService.UPLOAD_TASK_TAG" trigger=window{start=0s,end=2s,earliest=-84s,latest=-82s} requirements=[NET_CONNECTED] attributes=[PERSISTED] scheduled=-84s last_run=-84s jid=N/A status=ACTIVE retries=0 client_lib=GMS_TASK_SCHEDULER-202414000} :1 [CONTEXT service_id=218 ]
06-29 01:17:05.024  1857  8857 E NetworkScheduler.ATC: Called cancelTask for already completed task com.google.android.gms/.measurement.PackageMeasurementTaskService{u=0 tag="Measurement.PackageMeasurementTaskService.UPLOAD_TASK_TAG" trigger=window{start=0s,end=2s,earliest=-84s,latest=-82s} requirements=[NET_CONNECTED] attributes=[PERSISTED] scheduled=-84s last_run=-84s jid=N/A status=ACTIVE retries=0 client_lib=GMS_TASK_SCHEDULER-202414000} :1 [CONTEXT service_id=218 ]
06-29 01:17:05.030  1857 20406 E NetworkScheduler.ATC: Called cancelTask for already completed task com.google.android.gms/.measurement.PackageMeasurementTaskService{u=0 tag="Measurement.PackageMeasurementTaskService.UPLOAD_TASK_TAG" trigger=window{start=0s,end=2s,earliest=-84s,latest=-82s} requirements=[NET_CONNECTED] attributes=[PERSISTED] scheduled=-84s last_run=-84s jid=N/A status=ACTIVE retries=0 client_lib=GMS_TASK_SCHEDULER-202414000} :1 [CONTEXT service_id=218 ]
06-29 01:17:05.285  1724  1750 W PackageParser: No actions in intent filter at /data/app/vmdl1378773297.tmp/base.apk Binary XML file line #180
06-29 01:17:05.313  1724  1750 I PackageManager.DexOptimizer: Running dexopt (dex2oat) on: /data/app/vmdl1378773297.tmp/base.apk pkg=org.fossasia.phimpme isa=x86 vmSafeMode=false debuggable=false target-filter=interpret-only oatDir = /data/app/vmdl1378773297.tmp/oat sharedLibraries=null
06-29 01:17:05.322 21092 21092 W dex2oat : Unexpected CPU variant for X86 using defaults: x86
06-29 01:17:05.322 21092 21092 W dex2oat : Mismatch between dex2oat instruction set features (ISA: X86 Feature string: smp,-ssse3,-sse4.1,-sse4.2,-avx,-avx2,-lock_add,-popcnt) and those of dex2oat executable (ISA: X86 Feature string: smp,ssse3,-sse4.1,-sse4.2,-avx,-avx2,-lock_add,-popcnt) for the command line:
06-29 01:17:05.322 21092 21092 W dex2oat : /system/bin/dex2oat --zip-fd=6 --zip-location=base.apk --oat-fd=7 --oat-location=/data/app/vmdl1378773297.tmp/oat/x86/base.odex --instruction-set=x86 --instruction-set-variant=x86 --instruction-set-features=default --runtime-arg -Xms64m --runtime-arg -Xmx512m --compiler-filter=interpret-only --swap-fd=9
06-29 01:17:05.322 21092 21092 I dex2oat : /system/bin/dex2oat --compiler-filter=interpret-only
06-29 01:17:05.747 21092 21092 W dex2oat : Before Android 4.1, method int android.support.v7.widget.ListViewCompat.lookForSelectablePosition(int, boolean) would have incorrectly overridden the package-private method in android.widget.ListView
06-29 01:17:05.776 21092 21096 W dex2oat : Before Android 4.1, method boolean com.facebook.share.widget.ShareButtonBase.canShare() would have incorrectly overridden the package-private method in android.widget.TextView
06-29 01:17:05.926  2509  2509 I MicroDetectionWorker: Micro detection mode: [mDetectionMode: [1]].
06-29 01:17:05.926  2509  2509 I AudioController: Using mInputStreamFactoryBuilder
06-29 01:17:05.930  2509 21098 I MicroRecognitionRunner: Starting detection.
06-29 01:17:05.930  2509 10930 I MicrophoneInputStream: mic_starting com.google.android.apps.gsa.staticplugins.z.c@f75d801
06-29 01:17:05.931  1422 21101 I AudioFlinger: AudioFlinger's thread 0xa9603800 ready to run
06-29 01:17:05.939  1422  4206 E AudioFlinger: not enough memory for AudioTrack size=131296
06-29 01:17:05.939  1422  4206 D MemoryDealer:   AudioTrack (0xb011cef0, size=4194304)
06-29 01:17:05.939  1422  4206 D MemoryDealer:     0: 0xb011cf00 | 0x00000000 | 0x000200E0 | A 
06-29 01:17:05.939  1422  4206 D MemoryDealer:     1: 0xb011cf20 | 0x000200E0 | 0x000200E0 | A 
06-29 01:17:05.939  1422  4206 D MemoryDealer:     2: 0xaf830170 | 0x000401C0 | 0x000200E0 | A 
06-29 01:17:05.939  1422  4206 D MemoryDealer:     3: 0xb011ceb0 | 0x000602A0 | 0x000200E0 | A 
06-29 01:17:05.939  1422  4206 D MemoryDealer:     4: 0xae8d4250 | 0x00080380 | 0x000200E0 | A 
06-29 01:17:05.939  1422  4206 D MemoryDealer:     5: 0xae8d42f0 | 0x000A0460 | 0x000200E0 | A 
06-29 01:17:05.939  1422  4206 D MemoryDealer:     6: 0xae8d4440 | 0x000C0540 | 0x000200E0 | A 
06-29 01:17:05.939  1422  4206 D MemoryDealer:     7: 0xae8d4540 | 0x000E0620 | 0x000200E0 | A 
06-29 01:17:05.939  1422  4206 D MemoryDealer:     8: 0xae8d4710 | 0x00100700 | 0x000200E0 | A 
06-29 01:17:05.939  1422  4206 D MemoryDealer:     9: 0xae8d46c0 | 0x001207E0 | 0x000200E0 | A 
06-29 01:17:05.939  1422  4206 D MemoryDealer:    10: 0xae8d4840 | 0x001408C0 | 0x000200E0 | A 
06-29 01:17:05.939  1422  4206 D MemoryDealer:    11: 0xae8d47c0 | 0x001609A0 | 0x000200E0 | A 
06-29 01:17:05.939  1422  4206 D MemoryDealer:    12: 0xae8d4ab0 | 0x00180A80 | 0x000200E0 | A 
06-29 01:17:05.939  1422  4206 D MemoryDealer:    13: 0xaf830290 | 0x001A0B60 | 0x000200E0 | A 
06-29 01:17:05.939  1422  4206 D MemoryDealer:    14: 0xaf830480 | 0x001C0C40 | 0x000200E0 | A 
06-29 01:17:05.939  1422  4206 D MemoryDealer:    15: 0xad47a090 | 0x001E0D20 | 0x000200E0 | A 
06-29 01:17:05.939  1422  4206 D MemoryDealer:    16: 0xad47a3a0 | 0x00200E00 | 0x000200E0 | A 
06-29 01:17:05.939  1422  4206 D MemoryDealer:    17: 0xaf830680 | 0x00220EE0 | 0x000200E0 | A 
06-29 01:17:05.939  1422  4206 D MemoryDealer:    18: 0xad47a550 | 0x00240FC0 | 0x000200E0 | A 
06-29 01:17:05.939  1422  4206 D MemoryDealer:    19: 0xaf830820 | 0x002610A0 | 0x000200E0 | A 
06-29 01:17:05.939  1422  4206 D MemoryDealer:    
06-29 01:17:05.939  1422  4206 E AudioFlinger: createRecordTrack_l() initCheck failed -12; no control block?
06-29 01:17:05.940  2509 10930 E AudioRecord: AudioFlinger could not create record track, status: -12
06-29 01:17:05.942  2509 10930 E AudioRecord-JNI: Error creating AudioRecord instance: initialization check failed with status -12.
06-29 01:17:05.942  2509 10930 E android.media.AudioRecord: Error code -20 when initializing native AudioRecord object.
06-29 01:17:05.942  2509 10930 I MicrophoneInputStream: mic_started com.google.android.apps.gsa.staticplugins.z.c@f75d801
06-29 01:17:05.942  2509 10930 E ActivityThread: Failed to find provider info for com.google.android.apps.gsa.testing.ui.audio.recorded
06-29 01:17:05.942  2509  2509 I MicroDetectionWorker: onReady
06-29 01:17:05.953  2509 10930 I MicrophoneInputStream: mic_close com.google.android.apps.gsa.staticplugins.z.c@f75d801
06-29 01:17:05.953  2509 21098 I MicroRecognitionRunner: Detection finished
06-29 01:17:05.953  2509 21098 W ErrorReporter: reportError [type: 211, code: 524300]: Error reading from input stream
06-29 01:17:05.953  2509  2853 I MicroRecognitionRunner: Stopping hotword detection.
06-29 01:17:05.953  2509 21098 W ErrorProcessor: onFatalError, processing error from engine(4)
06-29 01:17:05.953  2509 21098 W ErrorProcessor: com.google.android.apps.gsa.shared.speech.a.g: Error reading from input stream
06-29 01:17:05.953  2509 21098 W ErrorProcessor: 	at com.google.android.apps.gsa.staticplugins.recognizer.i.a.a(SourceFile:342)
06-29 01:17:05.953  2509 21098 W ErrorProcessor: 	at com.google.android.apps.gsa.staticplugins.recognizer.i.a$1.run(SourceFile:1367)
06-29 01:17:05.953  2509 21098 W ErrorProcessor: 	at java.util.concurrent.Executors$RunnableAdapter.call(Executors.java:428)
06-29 01:17:05.953  2509 21098 W ErrorProcessor: 	at java.util.concurrent.FutureTask.run(FutureTask.java:237)
06-29 01:17:05.953  2509 21098 W ErrorProcessor: 	at com.google.android.apps.gsa.shared.util.concurrent.a.ak.run(SourceFile:66)
06-29 01:17:05.953  2509 21098 W ErrorProcessor: 	at java.util.concurrent.ThreadPoolExecutor.runWorker(ThreadPoolExecutor.java:1133)
06-29 01:17:05.953  2509 21098 W ErrorProcessor: 	at java.util.concurrent.ThreadPoolExecutor$Worker.run(ThreadPoolExecutor.java:607)
06-29 01:17:05.953  2509 21098 W ErrorProcessor: 	at java.lang.Thread.run(Thread.java:761)
06-29 01:17:05.953  2509 21098 W ErrorProcessor: 	at com.google.android.apps.gsa.shared.util.concurrent.a.ad$1.run(SourceFile:85)
06-29 01:17:05.953  2509 21098 W ErrorProcessor: Caused by: com.google.android.apps.gsa.shared.exception.GsaIOException: Error code: 393238 | Buffer overflow, no available space.
06-29 01:17:05.953  2509 21098 W ErrorProcessor: 	at com.google.android.apps.gsa.speech.audio.Tee.g(SourceFile:2531)
06-29 01:17:05.953  2509 21098 W ErrorProcessor: 	at com.google.android.apps.gsa.speech.audio.ap.read(SourceFile:555)
06-29 01:17:05.953  2509 21098 W ErrorProcessor: 	at java.io.InputStream.read(InputStream.java:101)
06-29 01:17:05.953  2509 21098 W ErrorProcessor: 	at com.google.android.apps.gsa.speech.audio.al.run(SourceFile:362)
06-29 01:17:05.953  2509 21098 W ErrorProcessor: 	at com.google.android.apps.gsa.speech.audio.ak$1.run(SourceFile:471)
06-29 01:17:05.953  2509 21098 W ErrorProcessor: 	at java.util.concurrent.Executors$RunnableAdapter.call(Executors.java:428)
06-29 01:17:05.953  2509 21098 W ErrorProcessor: 	at java.util.concurrent.FutureTask.run(FutureTask.java:237)
06-29 01:17:05.953  2509 21098 W ErrorProcessor: 	at com.google.android.apps.gsa.shared.util.concurrent.a.ak.run(SourceFile:66)
06-29 01:17:05.953  2509 21098 W ErrorProcessor: 	at com.google.android.apps.gsa.shared.util.concurrent.a.ax.run(SourceFile:139)
06-29 01:17:05.953  2509 21098 W ErrorProcessor: 	at com.google.android.apps.gsa.shared.util.concurrent.a.ax.run(SourceFile:139)
06-29 01:17:05.953  2509 21098 W ErrorProcessor: 	... 4 more
06-29 01:17:05.953  2509 21098 I AudioController: internalShutdown
06-29 01:17:05.954  2509  2509 I MicroDetector: Keeping mic open: false
06-29 01:17:05.954  2509  2509 I MicroDetectionWorker: #onError(false)
06-29 01:17:05.954  2509 21097 I DeviceStateChecker: DeviceStateChecker cancelled
06-29 01:17:06.861 21092 21092 I dex2oat : dex2oat took 1.539s (threads: 4) arena alloc=1195KB (1224240B) java alloc=8MB (9246992B) native alloc=21MB (22117368B) free=4MB (4883464B)
06-29 01:17:06.909  1425  1425 D installd: Detected label change from u:object_r:system_data_file:s0 to u:object_r:app_data_file:s0:c512,c768 at /data/data/org.fossasia.phimpme; running recursive restorecon
06-29 01:17:06.910  1425  1425 D installd: Detected label change from u:object_r:system_data_file:s0 to u:object_r:app_data_file:s0:c512,c768 at /data/user_de/0/org.fossasia.phimpme; running recursive restorecon
06-29 01:17:06.912  1724  1750 V BackupManagerService: restoreAtInstall pkg=org.fossasia.phimpme token=6 restoreSet=0
06-29 01:17:06.912  1724  1750 V BackupManagerService: Finishing install immediately
06-29 01:17:06.912  1724  1750 I art     : Starting a blocking GC Explicit
06-29 01:17:06.926  1724  1750 I art     : Explicit concurrent mark sweep GC freed 20730(1210KB) AllocSpace objects, 7(140KB) LOS objects, 25% free, 11MB/15MB, paused 206us total 14.318ms
06-29 01:17:06.927  1425  1425 E         : Couldn't opendir /data/app/vmdl1378773297.tmp: No such file or directory
06-29 01:17:06.938  1724  1764 I InputReader: Reconfiguring input devices.  changes=0x00000010
06-29 01:17:06.941  1724  1737 W ResourceType: No known package when getting value for resource number 0x7f0200a8
06-29 01:17:06.942  1724  1737 W ResourceType: No known package when getting value for resource number 0x7f090120
06-29 01:17:06.942  1724  1737 W ResourceType: No known package when getting value for resource number 0x7f09011d
06-29 01:17:06.942  1724  1737 W ResourceType: No known package when getting value for resource number 0x7f090120
06-29 01:17:06.942  1724  1737 W ResourceType: No known package when getting value for resource number 0x7f0200d3
06-29 01:17:06.942  1724  1737 W ResourceType: No known package when getting value for resource number 0x7f0905c6
06-29 01:17:06.942  1724  1737 W ResourceType: No known package when getting value for resource number 0x7f0905c5
06-29 01:17:06.942  1724  1737 W ResourceType: No known package when getting value for resource number 0x7f0905c6
06-29 01:17:06.942  1724  1737 W ResourceType: No known package when getting value for resource number 0x7f02009e
06-29 01:17:06.942  1724  1737 W ResourceType: No known package when getting value for resource number 0x7f0900c2
06-29 01:17:06.942  1724  1737 W ResourceType: No known package when getting value for resource number 0x7f0900c1
06-29 01:17:06.942  1724  1737 W ResourceType: No known package when getting value for resource number 0x7f0900c2
06-29 01:17:06.949  2002  2002 D CarrierSvcBindHelper: No carrier app for: 0
06-29 01:17:06.951  2002  2002 D CarrierConfigLoader: mHandler: 9 phoneId: 0
06-29 01:17:06.958  1724  1737 W InputMethodInfo: Duplicated subtype definition found: , voice
06-29 01:17:06.959  2202 21080 I Auth    : [SupervisedAccountIntentOperation] onHandleIntent(): android.intent.action.PACKAGE_ADDED
06-29 01:17:06.960  1857 21074 W GCM     : Unexpected forwarded intent: Intent { act=android.intent.action.PACKAGE_ADDED dat=package:org.fossasia.phimpme flg=0x4000010 cmp=com.google.android.gms/.chimera.PersistentIntentOperationService (has extras) }
06-29 01:17:06.960  1857 21077 W GCM     : Unexpected forwarded intent: Intent { act=android.intent.action.PACKAGE_ADDED dat=package:org.fossasia.phimpme flg=0x4000010 cmp=com.google.android.gms/.chimera.PersistentIntentOperationService (has extras) }
06-29 01:17:06.961  2202 21081 I ChromeSync: [Sync,SyncIntentOperation] Handling the intent: Intent { act=android.intent.action.PACKAGE_ADDED dat=package:org.fossasia.phimpme flg=0x4000010 cmp=com.google.android.gms/.chimera.GmsIntentOperationService (has extras) }.
06-29 01:17:06.964  1724  1735 W ActivityManager: Unable to start service Intent { act=com.google.android.gms.auth.key.retrieval.service.START pkg=com.google.android.gms } U=0: not found
06-29 01:17:06.965  1724  4314 W ActivityManager: Unbind failed: could not find connection for android.os.BinderProxy@2d473c
06-29 01:17:06.965  2202  2612 E GmsClient: unable to connect to service: com.google.android.gms.auth.key.retrieval.service.START on com.google.android.gms
06-29 01:17:06.991  2509 21107 I UpdateIcingCorporaServi: Updating corpora: APPS=org.fossasia.phimpme, CONTACTS=MAYBE
06-29 01:17:07.009  2202 21079 I ChimeraConfigurator: Starting update, reason: 4 urgentFeatures: pay:-1
06-29 01:17:07.013  2202 21079 E ConfigFileUtils: Failed to read config file: /data/user_de/0/com.google.android.gms/app_chimera/next_container.pb (No such file or directory)
06-29 01:17:07.027  2202 21081 I ChromeSync: [Persistence,AffiliationManager] One of affiliation or grouping data for android://fEvXVmC_Y7LAHzP4_CuGskLjWGuvKL5udanAWclzSk1fzfA8T8pH8I2kgW0Su31xHcaQdE6eV31JVoOlrpTI6g==@org.fossasia.phimpme/ was not found. Marking affiliation data as stale...
06-29 01:17:07.037  2202 21079 I ChmraDebugLogger: [73] 1801
06-29 01:17:07.038  2202 21079 I ChmraDebugLogger: [30] [Pay.optional:202414020000] permitMetered=true,
