11-10 16:06:05.847 18886 18886 E memtrack: Couldn't load memtrack module (No such file or directory)
11-10 16:06:05.847 18886 18886 E android.os.Debug: failed to load memtrack module: -2
11-10 16:06:05.848 18886 18886 I Radio-JNI: register_android_hardware_Radio DONE
11-10 16:06:05.854 18886 18886 D AndroidRuntime: Calling main entry com.android.commands.content.Content
11-10 16:06:05.860 18886 18886 D AndroidRuntime: Shutting down VM
11-10 16:06:06.050 18896 18896 D AndroidRuntime: >>>>>> START com.android.internal.os.RuntimeInit uid 2000 <<<<<<
11-10 16:06:06.052 18896 18896 D AndroidRuntime: CheckJNI is ON
11-10 16:06:06.078 18896 18896 W art     : Unexpected CPU variant for X86 using defaults: x86
11-10 16:06:06.081 18896 18896 D ICU     : No timezone override file found: /data/misc/zoneinfo/current/icu/icu_tzdata.dat
11-10 16:06:06.095 18896 18896 E memtrack: Couldn't load memtrack module (No such file or directory)
11-10 16:06:06.095 18896 18896 E android.os.Debug: failed to load memtrack module: -2
11-10 16:06:06.096 18896 18896 I Radio-JNI: register_android_hardware_Radio DONE
11-10 16:06:06.102 18896 18896 D AndroidRuntime: Calling main entry com.android.commands.content.Content
11-10 16:06:06.107 18896 18896 D AndroidRuntime: Shutting down VM
11-10 16:06:07.021 18925 18925 D AndroidRuntime: >>>>>> START com.android.internal.os.RuntimeInit uid 2000 <<<<<<
11-10 16:06:07.023 18925 18925 D AndroidRuntime: CheckJNI is ON
11-10 16:06:07.048 18925 18925 W art     : Unexpected CPU variant for X86 using defaults: x86
11-10 16:06:07.051 18925 18925 D ICU     : No timezone override file found: /data/local/tmp/misc/zoneinfo/current/icu/icu_tzdata.dat
11-10 16:06:07.068 18925 18925 E memtrack: Couldn't load memtrack module (No such file or directory)
11-10 16:06:07.068 18925 18925 E android.os.Debug: failed to load memtrack module: -2
11-10 16:06:07.068 18925 18925 I Radio-JNI: register_android_hardware_Radio DONE
11-10 16:06:07.074 18925 18925 D AndroidRuntime: Calling main entry com.android.commands.uiautomator.Launcher
11-10 16:06:08.092 18925 18925 W AccessibilityNodeInfoDumper: Fetch time: 2ms
11-10 16:06:08.092  1696  2245 W WindowManager: Attempted to remove non-existing token: android.os.Binder@5608fc3
11-10 16:06:08.111 18925 18925 D AndroidRuntime: Shutting down VM
11-10 16:06:08.394 18943 18943 D AndroidRuntime: >>>>>> START com.android.internal.os.RuntimeInit uid 2000 <<<<<<
11-10 16:06:08.396 18943 18943 D AndroidRuntime: CheckJNI is ON
11-10 16:06:08.425 18943 18943 W art     : Unexpected CPU variant for X86 using defaults: x86
11-10 16:06:08.428 18943 18943 D ICU     : No timezone override file found: /data/local/tmp/misc/zoneinfo/current/icu/icu_tzdata.dat
11-10 16:06:08.446 18943 18943 E memtrack: Couldn't load memtrack module (No such file or directory)
11-10 16:06:08.446 18943 18943 E android.os.Debug: failed to load memtrack module: -2
11-10 16:06:08.447 18943 18943 I Radio-JNI: register_android_hardware_Radio DONE
11-10 16:06:08.454 18943 18943 D AndroidRuntime: Calling main entry com.android.commands.uiautomator.Launcher
11-10 16:06:09.473 18943 18943 W AccessibilityNodeInfoDumper: Fetch time: 2ms
11-10 16:06:09.473  1696  2071 W WindowManager: Attempted to remove non-existing token: android.os.Binder@1b2651f
11-10 16:06:09.494 18943 18943 D AndroidRuntime: Shutting down VM
11-10 16:06:10.375 18971 18971 D AndroidRuntime: >>>>>> START com.android.internal.os.RuntimeInit uid 2000 <<<<<<
11-10 16:06:10.377 18971 18971 D AndroidRuntime: CheckJNI is ON
11-10 16:06:10.399 18971 18971 W art     : Unexpected CPU variant for X86 using defaults: x86
11-10 16:06:10.403 18971 18971 D ICU     : No timezone override file found: /data/local/tmp/misc/zoneinfo/current/icu/icu_tzdata.dat
11-10 16:06:10.419 18971 18971 E memtrack: Couldn't load memtrack module (No such file or directory)
11-10 16:06:10.419 18971 18971 E android.os.Debug: failed to load memtrack module: -2
11-10 16:06:10.419 18971 18971 I Radio-JNI: register_android_hardware_Radio DONE
11-10 16:06:10.425 18971 18971 D AndroidRuntime: Calling main entry com.android.commands.uiautomator.Launcher
11-10 16:06:11.443 18971 18971 W AccessibilityNodeInfoDumper: Fetch time: 2ms
11-10 16:06:11.444  1696  1906 W WindowManager: Attempted to remove non-existing token: android.os.Binder@27a3635
11-10 16:06:11.459 18971 18971 D AndroidRuntime: Shutting down VM
11-10 16:06:12.389 19005 19005 D AndroidRuntime: >>>>>> START com.android.internal.os.RuntimeInit uid 2000 <<<<<<
11-10 16:06:12.391 19005 19005 D AndroidRuntime: CheckJNI is ON
11-10 16:06:12.418 19005 19005 W art     : Unexpected CPU variant for X86 using defaults: x86
11-10 16:06:12.421 19005 19005 D ICU     : No timezone override file found: /data/local/tmp/misc/zoneinfo/current/icu/icu_tzdata.dat
11-10 16:06:12.440 19005 19005 E memtrack: Couldn't load memtrack module (No such file or directory)
11-10 16:06:12.440 19005 19005 E android.os.Debug: failed to load memtrack module: -2
11-10 16:06:12.441 19005 19005 I Radio-JNI: register_android_hardware_Radio DONE
11-10 16:06:12.447 19005 19005 D AndroidRuntime: Calling main entry com.android.commands.uiautomator.Launcher
11-10 16:06:13.465 19005 19005 W AccessibilityNodeInfoDumper: Fetch time: 2ms
11-10 16:06:13.466  1696  1708 W WindowManager: Attempted to remove non-existing token: android.os.Binder@422343b
11-10 16:06:13.477 19005 19005 D AndroidRuntime: Shutting down VM
11-10 16:06:13.753 19026 19026 D AndroidRuntime: >>>>>> START com.android.internal.os.RuntimeInit uid 2000 <<<<<<
11-10 16:06:13.754 19026 19026 D AndroidRuntime: CheckJNI is ON
11-10 16:06:13.778 19026 19026 W art     : Unexpected CPU variant for X86 using defaults: x86
11-10 16:06:13.781 19026 19026 D ICU     : No timezone override file found: /data/local/tmp/misc/zoneinfo/current/icu/icu_tzdata.dat
11-10 16:06:13.798 19026 19026 E memtrack: Couldn't load memtrack module (No such file or directory)
11-10 16:06:13.798 19026 19026 E android.os.Debug: failed to load memtrack module: -2
11-10 16:06:13.799 19026 19026 I Radio-JNI: register_android_hardware_Radio DONE
11-10 16:06:13.804 19026 19026 D AndroidRuntime: Calling main entry com.android.commands.uiautomator.Launcher
11-10 16:06:14.820 19026 19026 W AccessibilityNodeInfoDumper: Fetch time: 2ms
11-10 16:06:14.820  1696  2239 W WindowManager: Attempted to remove non-existing token: android.os.Binder@ca500b1
11-10 16:06:14.827 19026 19026 D AndroidRuntime: Shutting down VM
11-10 16:06:14.912  1343  1387 E SurfaceFlinger: ro.sf.lcd_density must be defined as a build property
11-10 16:06:14.914  1343  1356 D gralloc_ranchu: gralloc_alloc: Creating ashmem region of size 8294400
11-10 16:06:14.919 19038 19038 D         : HostConnection::get() New Host Connection established 0xaeb1b2c0, tid 19038
11-10 16:06:15.195 19043 19043 D AndroidRuntime: >>>>>> START com.android.internal.os.RuntimeInit uid 2000 <<<<<<
11-10 16:06:15.196 19043 19043 D AndroidRuntime: CheckJNI is ON
11-10 16:06:15.218 19043 19043 W art     : Unexpected CPU variant for X86 using defaults: x86
11-10 16:06:15.221 19043 19043 D ICU     : No timezone override file found: /data/misc/zoneinfo/current/icu/icu_tzdata.dat
11-10 16:06:15.233 19043 19043 E memtrack: Couldn't load memtrack module (No such file or directory)
11-10 16:06:15.234 19043 19043 E android.os.Debug: failed to load memtrack module: -2
11-10 16:06:15.234 19043 19043 I Radio-JNI: register_android_hardware_Radio DONE
11-10 16:06:15.239 19043 19043 D AndroidRuntime: Calling main entry com.android.commands.am.Am
11-10 16:06:15.248 25391 25391 D MediaScannerReceiver: action: android.intent.action.MEDIA_SCANNER_SCAN_FILE path: /storage/emulated/0/screen.png
11-10 16:06:15.250 19043 19043 D AndroidRuntime: Shutting down VM
11-10 16:06:17.473 19056 19056 D AndroidRuntime: >>>>>> START com.android.internal.os.RuntimeInit uid 2000 <<<<<<
11-10 16:06:17.475 19056 19056 D AndroidRuntime: CheckJNI is ON
11-10 16:06:17.511 19056 19056 W art     : Unexpected CPU variant for X86 using defaults: x86
11-10 16:06:17.515 19056 19056 D ICU     : No timezone override file found: /data/local/tmp/misc/zoneinfo/current/icu/icu_tzdata.dat
11-10 16:06:17.531 19056 19056 E memtrack: Couldn't load memtrack module (No such file or directory)
11-10 16:06:17.531 19056 19056 E android.os.Debug: failed to load memtrack module: -2
11-10 16:06:17.532 19056 19056 I Radio-JNI: register_android_hardware_Radio DONE
11-10 16:06:17.537 19056 19056 D AndroidRuntime: Calling main entry com.android.commands.uiautomator.Launcher
11-10 16:06:18.557 19056 19056 W AccessibilityNodeInfoDumper: Fetch time: 3ms
11-10 16:06:18.558  1696  1707 W WindowManager: Attempted to remove non-existing token: android.os.Binder@37e8922
11-10 16:06:18.576 19056 19056 D AndroidRuntime: Shutting down VM
11-10 16:06:20.848 19073 19073 D AndroidRuntime: >>>>>> START com.android.internal.os.RuntimeInit uid 2000 <<<<<<
11-10 16:06:20.850 19073 19073 D AndroidRuntime: CheckJNI is ON
11-10 16:06:20.873 19073 19073 W art     : Unexpected CPU variant for X86 using defaults: x86
11-10 16:06:20.877 19073 19073 D ICU     : No timezone override file found: /data/local/tmp/misc/zoneinfo/current/icu/icu_tzdata.dat
11-10 16:06:20.892 19073 19073 E memtrack: Couldn't load memtrack module (No such file or directory)
11-10 16:06:20.893 19073 19073 E android.os.Debug: failed to load memtrack module: -2
11-10 16:06:20.893 19073 19073 I Radio-JNI: register_android_hardware_Radio DONE
11-10 16:06:20.898 19073 19073 D AndroidRuntime: Calling main entry com.android.commands.uiautomator.Launcher
11-10 16:06:21.915 19073 19073 W AccessibilityNodeInfoDumper: Fetch time: 2ms
11-10 16:06:21.916  1696  2239 W WindowManager: Attempted to remove non-existing token: android.os.Binder@cc4c970
11-10 16:06:21.926 19073 19073 D AndroidRuntime: Shutting down VM
11-10 16:06:22.182 19090 19090 D AndroidRuntime: >>>>>> START com.android.internal.os.RuntimeInit uid 2000 <<<<<<
11-10 16:06:22.184 19090 19090 D AndroidRuntime: CheckJNI is ON
11-10 16:06:22.207 19090 19090 W art     : Unexpected CPU variant for X86 using defaults: x86
11-10 16:06:22.209 19090 19090 D ICU     : No timezone override file found: /data/local/tmp/misc/zoneinfo/current/icu/icu_tzdata.dat
11-10 16:06:22.225 19090 19090 E memtrack: Couldn't load memtrack module (No such file or directory)
11-10 16:06:22.225 19090 19090 E android.os.Debug: failed to load memtrack module: -2
11-10 16:06:22.225 19090 19090 I Radio-JNI: register_android_hardware_Radio DONE
11-10 16:06:22.231 19090 19090 D AndroidRuntime: Calling main entry com.android.commands.uiautomator.Launcher
11-10 16:06:23.248 19090 19090 W AccessibilityNodeInfoDumper: Fetch time: 2ms
11-10 16:06:23.248  1696  1707 W WindowManager: Attempted to remove non-existing token: android.os.Binder@8050c9c
11-10 16:06:23.259 19090 19090 D AndroidRuntime: Shutting down VM
11-10 16:06:23.519 19107 19107 D AndroidRuntime: >>>>>> START com.android.internal.os.RuntimeInit uid 2000 <<<<<<
11-10 16:06:23.520 19107 19107 D AndroidRuntime: CheckJNI is ON
11-10 16:06:23.542 19107 19107 W art     : Unexpected CPU variant for X86 using defaults: x86
11-10 16:06:23.545 19107 19107 D ICU     : No timezone override file found: /data/local/tmp/misc/zoneinfo/current/icu/icu_tzdata.dat
11-10 16:06:23.560 19107 19107 E memtrack: Couldn't load memtrack module (No such file or directory)
11-10 16:06:23.560 19107 19107 E android.os.Debug: failed to load memtrack module: -2
11-10 16:06:23.560 19107 19107 I Radio-JNI: register_android_hardware_Radio DONE
11-10 16:06:23.565 19107 19107 D AndroidRuntime: Calling main entry com.android.commands.uiautomator.Launcher
11-10 16:06:24.580 19107 19107 W AccessibilityNodeInfoDumper: Fetch time: 2ms
11-10 16:06:24.580  1696  2071 W WindowManager: Attempted to remove non-existing token: android.os.Binder@a3c1a7a
11-10 16:06:24.593 19107 19107 D AndroidRuntime: Shutting down VM
11-10 16:06:24.871 19124 19124 D AndroidRuntime: >>>>>> START com.android.internal.os.RuntimeInit uid 2000 <<<<<<
11-10 16:06:24.873 19124 19124 D AndroidRuntime: CheckJNI is ON
11-10 16:06:24.900 19124 19124 W art     : Unexpected CPU variant for X86 using defaults: x86
11-10 16:06:24.903 19124 19124 D ICU     : No timezone override file found: /data/misc/zoneinfo/current/icu/icu_tzdata.dat
11-10 16:06:24.918 19124 19124 E memtrack: Couldn't load memtrack module (No such file or directory)
11-10 16:06:24.918 19124 19124 E android.os.Debug: failed to load memtrack module: -2
11-10 16:06:24.919 19124 19124 I Radio-JNI: register_android_hardware_Radio DONE
11-10 16:06:24.925 19124 19124 D AndroidRuntime: Calling main entry com.android.commands.monkey.Monkey
11-10 16:06:24.950  1696  1710 W BroadcastQueue: Skipping deliver [background] BroadcastRecord{616446 u-1 android.net.conn.CONNECTIVITY_CHANGE} to ReceiverList{a293607 19124 (unknown name)/2000/u-1 remote:3a45688}: process crashing
11-10 16:06:24.960  1696  3573 I ActivityManager: START u0 {act=android.intent.action.MAIN cat=[android.intent.category.LAUNCHER] flg=0x10200000 cmp=org.fossasia.phimpme/.gallery.activities.SplashScreen} from uid 2000 on display 0
11-10 16:06:25.013 19124 19124 I art     : System.exit called, status: 0
11-10 16:06:25.013 19124 19124 I AndroidRuntime: VM exiting with result code 0.
11-10 16:06:34.066  3946  3946 I GrammarCompilationSvcCt: #startService for null, APP_NAMES.
11-10 16:06:34.071  3946 19139 I ContextCompilationHandl: Compiling grammar for: en-US, type=APP_NAMES
11-10 16:06:34.072  3946 19139 I ContextCompilationHandl: No grammar compilation resources for VOICE_ACTIONS_COMPILER, aborting. 
11-10 16:06:40.252 19145 19145 D AndroidRuntime: >>>>>> START com.android.internal.os.RuntimeInit uid 2000 <<<<<<
11-10 16:06:40.253 19145 19145 D AndroidRuntime: CheckJNI is ON
11-10 16:06:40.277 19145 19145 W art     : Unexpected CPU variant for X86 using defaults: x86
11-10 16:06:40.280 19145 19145 D ICU     : No timezone override file found: /data/local/tmp/misc/zoneinfo/current/icu/icu_tzdata.dat
11-10 16:06:40.298 19145 19145 E memtrack: Couldn't load memtrack module (No such file or directory)
11-10 16:06:40.299 19145 19145 E android.os.Debug: failed to load memtrack module: -2
11-10 16:06:40.299 19145 19145 I Radio-JNI: register_android_hardware_Radio DONE
11-10 16:06:40.305 19145 19145 D AndroidRuntime: Calling main entry com.android.commands.uiautomator.Launcher
11-10 16:06:41.321 19145 19145 W AccessibilityNodeInfoDumper: Fetch time: 2ms
11-10 16:06:41.321  1696  4549 W WindowManager: Attempted to remove non-existing token: android.os.Binder@22cab91
11-10 16:06:41.346 19145 19145 D AndroidRuntime: Shutting down VM
11-10 16:06:41.535 19157 19157 D AndroidRuntime: >>>>>> START com.android.internal.os.RuntimeInit uid 2000 <<<<<<
11-10 16:06:41.537 19157 19157 D AndroidRuntime: CheckJNI is ON
11-10 16:06:41.562 19157 19157 W art     : Unexpected CPU variant for X86 using defaults: x86
11-10 16:06:41.565 19157 19157 D ICU     : No timezone override file found: /data/misc/zoneinfo/current/icu/icu_tzdata.dat
11-10 16:06:41.577 19157 19157 E memtrack: Couldn't load memtrack module (No such file or directory)
11-10 16:06:41.577 19157 19157 E android.os.Debug: failed to load memtrack module: -2
11-10 16:06:41.577 19157 19157 I Radio-JNI: register_android_hardware_Radio DONE
11-10 16:06:41.583 19157 19157 D AndroidRuntime: Calling main entry com.android.commands.input.Input
11-10 16:06:41.589 19157 19157 I Input   : injectMotionEvent: MotionEvent { action=ACTION_DOWN, actionButton=0, id[0]=0, x[0]=607.0, y[0]=1080.0, toolType[0]=TOOL_TYPE_UNKNOWN, buttonState=0, metaState=0, flags=0x0, edgeFlags=0x0, pointerCount=1, historySize=0, eventTime=47634011, downTime=47634011, deviceId=0, source=0x1002 }
11-10 16:06:41.591 19157 19157 I Input   : injectMotionEvent: MotionEvent { action=ACTION_UP, actionButton=0, id[0]=0, x[0]=607.0, y[0]=1080.0, toolType[0]=TOOL_TYPE_UNKNOWN, buttonState=0, metaState=0, flags=0x0, edgeFlags=0x0, pointerCount=1, historySize=0, eventTime=47634011, downTime=47634011, deviceId=0, source=0x1002 }
11-10 16:06:41.594 19157 19157 D AndroidRuntime: Shutting down VM
11-10 16:06:41.621  1397  1420 W audio_hw_generic: Not supplying enough data to HAL, expected position 91229259 , only wrote 91229040
11-10 16:06:41.696 18858 18875 D EGL_emulation: eglMakeCurrent: 0x9f4970a0: ver 3 0 (tinfo 0x9f4dd650)
11-10 16:06:41.908  1343  1343 W SurfaceFlinger: couldn't log to binary event log: overflow.
11-10 16:06:44.832  1397  1421 W audio_hw_generic: Not supplying enough data to HAL, expected position 91535213 , only wrote 91383120
11-10 16:06:46.059 19189 19189 D AndroidRuntime: >>>>>> START com.android.internal.os.RuntimeInit uid 2000 <<<<<<
11-10 16:06:46.062 19189 19189 D AndroidRuntime: CheckJNI is ON
11-10 16:06:46.112 19189 19189 W art     : Unexpected CPU variant for X86 using defaults: x86
11-10 16:06:46.116 19189 19189 D ICU     : No timezone override file found: /data/local/tmp/misc/zoneinfo/current/icu/icu_tzdata.dat
11-10 16:06:46.139 19189 19189 E memtrack: Couldn't load memtrack module (No such file or directory)
11-10 16:06:46.139 19189 19189 E android.os.Debug: failed to load memtrack module: -2
11-10 16:06:46.141 19189 19189 I Radio-JNI: register_android_hardware_Radio DONE
11-10 16:06:46.151 19189 19189 D AndroidRuntime: Calling main entry com.android.commands.uiautomator.Launcher
11-10 16:06:47.180 19189 19189 W AccessibilityNodeInfoDumper: Fetch time: 3ms
11-10 16:06:47.182  1696  1926 W WindowManager: Attempted to remove non-existing token: android.os.Binder@9803bc9
11-10 16:06:47.188 19189 19189 D AndroidRuntime: Shutting down VM
11-10 16:06:48.059 19217 19217 D AndroidRuntime: >>>>>> START com.android.internal.os.RuntimeInit uid 2000 <<<<<<
11-10 16:06:48.061 19217 19217 D AndroidRuntime: CheckJNI is ON
11-10 16:06:48.089 19217 19217 W art     : Unexpected CPU variant for X86 using defaults: x86
11-10 16:06:48.092 19217 19217 D ICU     : No timezone override file found: /data/local/tmp/misc/zoneinfo/current/icu/icu_tzdata.dat
11-10 16:06:48.106 19217 19217 E memtrack: Couldn't load memtrack module (No such file or directory)
11-10 16:06:48.106 19217 19217 E android.os.Debug: failed to load memtrack module: -2
11-10 16:06:48.106 19217 19217 I Radio-JNI: register_android_hardware_Radio DONE
11-10 16:06:48.112 19217 19217 D AndroidRuntime: Calling main entry com.android.commands.uiautomator.Launcher
11-10 16:06:49.131 19217 19217 W AccessibilityNodeInfoDumper: Fetch time: 2ms
11-10 16:06:49.132  1696  4549 W WindowManager: Attempted to remove non-existing token: android.os.Binder@bbb08fc
11-10 16:06:49.137 19217 19217 D AndroidRuntime: Shutting down VM
11-10 16:06:49.422 19235 19235 D AndroidRuntime: >>>>>> START com.android.internal.os.RuntimeInit uid 2000 <<<<<<
11-10 16:06:49.423 19235 19235 D AndroidRuntime: CheckJNI is ON
11-10 16:06:49.446 19235 19235 W art     : Unexpected CPU variant for X86 using defaults: x86
11-10 16:06:49.449 19235 19235 D ICU     : No timezone override file found: /data/local/tmp/misc/zoneinfo/current/icu/icu_tzdata.dat
11-10 16:06:49.465 19235 19235 E memtrack: Couldn't load memtrack module (No such file or directory)
11-10 16:06:49.465 19235 19235 E android.os.Debug: failed to load memtrack module: -2
11-10 16:06:49.465 19235 19235 I Radio-JNI: register_android_hardware_Radio DONE
11-10 16:06:49.470 19235 19235 D AndroidRuntime: Calling main entry com.android.commands.uiautomator.Launcher
11-10 16:06:50.114  3946  3946 I GrammarCompilationSvcCt: #startService for null, APP_NAMES.
11-10 16:06:50.122  3946 19246 I ContextCompilationHandl: Compiling grammar for: en-US, type=APP_NAMES
11-10 16:06:50.123  3946 19246 I ContextCompilationHandl: No grammar compilation resources for VOICE_ACTIONS_COMPILER, aborting. 
11-10 16:06:50.488 19235 19235 W AccessibilityNodeInfoDumper: Fetch time: 4ms
11-10 16:06:50.488  1696  1708 W WindowManager: Attempted to remove non-existing token: android.os.Binder@e725dda
11-10 16:06:50.492 19235 19235 D AndroidRuntime: Shutting down VM
11-10 16:06:51.399 19264 19264 D AndroidRuntime: >>>>>> START com.android.internal.os.RuntimeInit uid 2000 <<<<<<
11-10 16:06:51.401 19264 19264 D AndroidRuntime: CheckJNI is ON
11-10 16:06:51.429 19264 19264 W art     : Unexpected CPU variant for X86 using defaults: x86
11-10 16:06:51.433 19264 19264 D ICU     : No timezone override file found: /data/local/tmp/misc/zoneinfo/current/icu/icu_tzdata.dat
11-10 16:06:51.453 19264 19264 E memtrack: Couldn't load memtrack module (No such file or directory)
11-10 16:06:51.453 19264 19264 E android.os.Debug: failed to load memtrack module: -2
11-10 16:06:51.453 19264 19264 I Radio-JNI: register_android_hardware_Radio DONE
11-10 16:06:51.460 19264 19264 D AndroidRuntime: Calling main entry com.android.commands.uiautomator.Launcher
11-10 16:06:51.637 18821 19171 I FA      : Tag Manager is not found and thus will not be used
11-10 16:06:51.705  1861 16812 E SQLiteDatabase: Error inserting service_kind=0 source=16 tag=Measurement.PackageMeasurementTaskService.UPLOAD_TASK_TAG target_package=com.google.android.gms requires_charging=0 source_version=202414000 required_network_type=0 flex_time=3540000 persistence_level=1 target_class=com.google.android.gms.measurement.PackageMeasurementTaskService runtime=1668114411704 retry_strategy={"maximum_backoff_seconds":{"3600":0},"initial_backoff_seconds":{"30":0},"retry_policy":{"0":0}} preferred_network_type=1 required_idleness_state=0 preferred_charging_state=1 period=7082000 last_runtime=0 task_type=0 job_id=-1 user_id=0
11-10 16:06:51.705  1861 16812 E SQLiteDatabase: android.database.sqlite.SQLiteConstraintException: UNIQUE constraint failed: pending_ops.tag, pending_ops.target_class, pending_ops.target_package, pending_ops.user_id (code 2067)
11-10 16:06:51.705  1861 16812 E SQLiteDatabase: 	at android.database.sqlite.SQLiteConnection.nativeExecuteForLastInsertedRowId(Native Method)
11-10 16:06:51.705  1861 16812 E SQLiteDatabase: 	at android.database.sqlite.SQLiteConnection.executeForLastInsertedRowId(SQLiteConnection.java:782)
11-10 16:06:51.705  1861 16812 E SQLiteDatabase: 	at android.database.sqlite.SQLiteSession.executeForLastInsertedRowId(SQLiteSession.java:788)
11-10 16:06:51.705  1861 16812 E SQLiteDatabase: 	at android.database.sqlite.SQLiteStatement.executeInsert(SQLiteStatement.java:86)
11-10 16:06:51.705  1861 16812 E SQLiteDatabase: 	at android.database.sqlite.SQLiteDatabase.insertWithOnConflict(SQLiteDatabase.java:1474)
11-10 16:06:51.705  1861 16812 E SQLiteDatabase: 	at android.database.sqlite.SQLiteDatabase.insert(SQLiteDatabase.java:1343)
11-10 16:06:51.705  1861 16812 E SQLiteDatabase: 	at aqui.a(:com.google.android.gms@202414022@20.24.14 (040700-319035315):175)
11-10 16:06:51.705  1861 16812 E SQLiteDatabase: 	at aqtk.a(:com.google.android.gms@202414022@20.24.14 (040700-319035315):182)
11-10 16:06:51.705  1861 16812 E SQLiteDatabase: 	at aqtk.a(:com.google.android.gms@202414022@20.24.14 (040700-319035315):23)
11-10 16:06:51.705  1861 16812 E SQLiteDatabase: 	at aqtk.a(:com.google.android.gms@202414022@20.24.14 (040700-319035315):177)
11-10 16:06:51.705  1861 16812 E SQLiteDatabase: 	at aqpu.run(:com.google.android.gms@202414022@20.24.14 (040700-319035315):9)
11-10 16:06:51.705  1861 16812 E SQLiteDatabase: 	at soy.b(:com.google.android.gms@202414022@20.24.14 (040700-319035315):12)
11-10 16:06:51.705  1861 16812 E SQLiteDatabase: 	at soy.run(:com.google.android.gms@202414022@20.24.14 (040700-319035315):7)
11-10 16:06:51.705  1861 16812 E SQLiteDatabase: 	at java.util.concurrent.ThreadPoolExecutor.runWorker(ThreadPoolExecutor.java:1133)
11-10 16:06:51.705  1861 16812 E SQLiteDatabase: 	at java.util.concurrent.ThreadPoolExecutor$Worker.run(ThreadPoolExecutor.java:607)
11-10 16:06:51.705  1861 16812 E SQLiteDatabase: 	at sux.run(:com.google.android.gms@202414022@20.24.14 (040700-319035315):0)
11-10 16:06:51.705  1861 16812 E SQLiteDatabase: 	at java.lang.Thread.run(Thread.java:761)
11-10 16:06:52.478 19264 19264 W AccessibilityNodeInfoDumper: Fetch time: 1ms
11-10 16:06:52.478  1696  2239 W WindowManager: Attempted to remove non-existing token: android.os.Binder@e3e9b01
11-10 16:06:52.483 19264 19264 D AndroidRuntime: Shutting down VM
11-10 16:06:53.394 19299 19299 D AndroidRuntime: >>>>>> START com.android.internal.os.RuntimeInit uid 2000 <<<<<<
11-10 16:06:53.395 19299 19299 D AndroidRuntime: CheckJNI is ON
11-10 16:06:53.417 19299 19299 W art     : Unexpected CPU variant for X86 using defaults: x86
11-10 16:06:53.420 19299 19299 D ICU     : No timezone override file found: /data/local/tmp/misc/zoneinfo/current/icu/icu_tzdata.dat
11-10 16:06:53.435 19299 19299 E memtrack: Couldn't load memtrack module (No such file or directory)
11-10 16:06:53.435 19299 19299 E android.os.Debug: failed to load memtrack module: -2
11-10 16:06:53.435 19299 19299 I Radio-JNI: register_android_hardware_Radio DONE
11-10 16:06:53.440 19299 19299 D AndroidRuntime: Calling main entry com.android.commands.uiautomator.Launcher
11-10 16:06:54.458 19299 19299 W AccessibilityNodeInfoDumper: Fetch time: 2ms
11-10 16:06:54.460  1696  4550 W WindowManager: Attempted to remove non-existing token: android.os.Binder@61c8df
11-10 16:06:54.464 19299 19299 D AndroidRuntime: Shutting down VM
11-10 16:06:54.639  1343  1387 E SurfaceFlinger: ro.sf.lcd_density must be defined as a build property
11-10 16:06:54.642  1343  1355 D gralloc_ranchu: gralloc_alloc: Creating ashmem region of size 8294400
11-10 16:06:54.654 19315 19315 D         : HostConnection::get() New Host Connection established 0xab79b2c0, tid 19315
11-10 16:06:54.930 19320 19320 D AndroidRuntime: >>>>>> START com.android.internal.os.RuntimeInit uid 2000 <<<<<<
11-10 16:06:54.933 19320 19320 D AndroidRuntime: CheckJNI is ON
11-10 16:06:54.963 19320 19320 W art     : Unexpected CPU variant for X86 using defaults: x86
11-10 16:06:54.967 19320 19320 D ICU     : No timezone override file found: /data/misc/zoneinfo/current/icu/icu_tzdata.dat
11-10 16:06:54.979 19320 19320 E memtrack: Couldn't load memtrack module (No such file or directory)
11-10 16:06:54.979 19320 19320 E android.os.Debug: failed to load memtrack module: -2
11-10 16:06:54.980 19320 19320 I Radio-JNI: register_android_hardware_Radio DONE
11-10 16:06:54.985 19320 19320 D AndroidRuntime: Calling main entry com.android.commands.am.Am
11-10 16:06:54.994 25391 25391 D MediaScannerReceiver: action: android.intent.action.MEDIA_SCANNER_SCAN_FILE path: /storage/emulated/0/screen.png
11-10 16:06:54.997 19320 19320 D AndroidRuntime: Shutting down VM
11-10 16:06:57.427 19333 19333 D AndroidRuntime: >>>>>> START com.android.internal.os.RuntimeInit uid 2000 <<<<<<
11-10 16:06:57.429 19333 19333 D AndroidRuntime: CheckJNI is ON
11-10 16:06:57.452 19333 19333 W art     : Unexpected CPU variant for X86 using defaults: x86
11-10 16:06:57.455 19333 19333 D ICU     : No timezone override file found: /data/local/tmp/misc/zoneinfo/current/icu/icu_tzdata.dat
11-10 16:06:57.470 19333 19333 E memtrack: Couldn't load memtrack module (No such file or directory)
11-10 16:06:57.470 19333 19333 E android.os.Debug: failed to load memtrack module: -2
11-10 16:06:57.471 19333 19333 I Radio-JNI: register_android_hardware_Radio DONE
11-10 16:06:57.477 19333 19333 D AndroidRuntime: Calling main entry com.android.commands.uiautomator.Launcher
11-10 16:06:58.494 19333 19333 W AccessibilityNodeInfoDumper: Fetch time: 3ms
11-10 16:06:58.495  1696  1798 W WindowManager: Attempted to remove non-existing token: android.os.Binder@eb52c18
11-10 16:06:58.502 19333 19333 D AndroidRuntime: Shutting down VM
11-10 16:07:00.737 19350 19350 D AndroidRuntime: >>>>>> START com.android.internal.os.RuntimeInit uid 2000 <<<<<<
11-10 16:07:00.739 19350 19350 D AndroidRuntime: CheckJNI is ON
11-10 16:07:00.763 19350 19350 W art     : Unexpected CPU variant for X86 using defaults: x86
11-10 16:07:00.767 19350 19350 D ICU     : No timezone override file found: /data/local/tmp/misc/zoneinfo/current/icu/icu_tzdata.dat
11-10 16:07:00.785 19350 19350 E memtrack: Couldn't load memtrack module (No such file or directory)
11-10 16:07:00.785 19350 19350 E android.os.Debug: failed to load memtrack module: -2
11-10 16:07:00.786 19350 19350 I Radio-JNI: register_android_hardware_Radio DONE
11-10 16:07:00.792 19350 19350 D AndroidRuntime: Calling main entry com.android.commands.uiautomator.Launcher
11-10 16:07:01.810 19350 19350 W AccessibilityNodeInfoDumper: Fetch time: 2ms
11-10 16:07:01.811  1696  1906 W WindowManager: Attempted to remove non-existing token: android.os.Binder@fe19c56
11-10 16:07:01.816 19350 19350 D AndroidRuntime: Shutting down VM
11-10 16:07:02.107 19370 19370 D AndroidRuntime: >>>>>> START com.android.internal.os.RuntimeInit uid 2000 <<<<<<
11-10 16:07:02.108 19370 19370 D AndroidRuntime: CheckJNI is ON
11-10 16:07:02.132 19370 19370 W art     : Unexpected CPU variant for X86 using defaults: x86
11-10 16:07:02.137 19370 19370 D ICU     : No timezone override file found: /data/local/tmp/misc/zoneinfo/current/icu/icu_tzdata.dat
11-10 16:07:02.154 19370 19370 E memtrack: Couldn't load memtrack module (No such file or directory)
11-10 16:07:02.154 19370 19370 E android.os.Debug: failed to load memtrack module: -2
11-10 16:07:02.154 19370 19370 I Radio-JNI: register_android_hardware_Radio DONE
11-10 16:07:02.160 19370 19370 D AndroidRuntime: Calling main entry com.android.commands.uiautomator.Launcher
11-10 16:07:03.178 19370 19370 W AccessibilityNodeInfoDumper: Fetch time: 3ms
11-10 16:07:03.179  1696  1795 W WindowManager: Attempted to remove non-existing token: android.os.Binder@9dcf1c4
11-10 16:07:03.185 19370 19370 D AndroidRuntime: Shutting down VM
11-10 16:07:04.074 19398 19398 D AndroidRuntime: >>>>>> START com.android.internal.os.RuntimeInit uid 2000 <<<<<<
11-10 16:07:04.076 19398 19398 D AndroidRuntime: CheckJNI is ON
11-10 16:07:04.102 19398 19398 W art     : Unexpected CPU variant for X86 using defaults: x86
11-10 16:07:04.105 19398 19398 D ICU     : No timezone override file found: /data/local/tmp/misc/zoneinfo/current/icu/icu_tzdata.dat
11-10 16:07:04.123 19398 19398 E memtrack: Couldn't load memtrack module (No such file or directory)
11-10 16:07:04.123 19398 19398 E android.os.Debug: failed to load memtrack module: -2
11-10 16:07:04.123 19398 19398 I Radio-JNI: register_android_hardware_Radio DONE
11-10 16:07:04.130 19398 19398 D AndroidRuntime: Calling main entry com.android.commands.uiautomator.Launcher
11-10 16:07:05.149 19398 19398 W AccessibilityNodeInfoDumper: Fetch time: 2ms
11-10 16:07:05.149  1696  4551 W WindowManager: Attempted to remove non-existing token: android.os.Binder@ef327e2
11-10 16:07:05.155 19398 19398 D AndroidRuntime: Shutting down VM
11-10 16:07:05.398 19419 19419 D AndroidRuntime: >>>>>> START com.android.internal.os.RuntimeInit uid 2000 <<<<<<
11-10 16:07:05.400 19419 19419 D AndroidRuntime: CheckJNI is ON
11-10 16:07:05.421 19419 19419 W art     : Unexpected CPU variant for X86 using defaults: x86
11-10 16:07:05.424 19419 19419 D ICU     : No timezone override file found: /data/local/tmp/misc/zoneinfo/current/icu/icu_tzdata.dat
11-10 16:07:05.442 19419 19419 E memtrack: Couldn't load memtrack module (No such file or directory)
11-10 16:07:05.442 19419 19419 E android.os.Debug: failed to load memtrack module: -2
11-10 16:07:05.443 19419 19419 I Radio-JNI: register_android_hardware_Radio DONE
11-10 16:07:05.448 19419 19419 D AndroidRuntime: Calling main entry com.android.commands.uiautomator.Launcher
11-10 16:07:06.465 19419 19419 W AccessibilityNodeInfoDumper: Fetch time: 2ms
11-10 16:07:06.467  1696  4551 W WindowManager: Attempted to remove non-existing token: android.os.Binder@1c253f4
11-10 16:07:06.474 19419 19419 D AndroidRuntime: Shutting down VM
11-10 16:07:07.407 19447 19447 D AndroidRuntime: >>>>>> START com.android.internal.os.RuntimeInit uid 2000 <<<<<<
11-10 16:07:07.409 19447 19447 D AndroidRuntime: CheckJNI is ON
11-10 16:07:07.436 19447 19447 W art     : Unexpected CPU variant for X86 using defaults: x86
11-10 16:07:07.440 19447 19447 D ICU     : No timezone override file found: /data/local/tmp/misc/zoneinfo/current/icu/icu_tzdata.dat
11-10 16:07:07.455 19447 19447 E memtrack: Couldn't load memtrack module (No such file or directory)
11-10 16:07:07.455 19447 19447 E android.os.Debug: failed to load memtrack module: -2
11-10 16:07:07.456 19447 19447 I Radio-JNI: register_android_hardware_Radio DONE
11-10 16:07:07.461 19447 19447 D AndroidRuntime: Calling main entry com.android.commands.uiautomator.Launcher
11-10 16:07:08.477 19447 19447 W AccessibilityNodeInfoDumper: Fetch time: 1ms
11-10 16:07:08.477  1696  4549 W WindowManager: Attempted to remove non-existing token: android.os.Binder@baabb60
11-10 16:07:08.483 19447 19447 D AndroidRuntime: Shutting down VM
11-10 16:07:09.402 19482 19482 D AndroidRuntime: >>>>>> START com.android.internal.os.RuntimeInit uid 2000 <<<<<<
11-10 16:07:09.403 19482 19482 D AndroidRuntime: CheckJNI is ON
11-10 16:07:09.425 19482 19482 W art     : Unexpected CPU variant for X86 using defaults: x86
11-10 16:07:09.428 19482 19482 D ICU     : No timezone override file found: /data/local/tmp/misc/zoneinfo/current/icu/icu_tzdata.dat
11-10 16:07:09.444 19482 19482 E memtrack: Couldn't load memtrack module (No such file or directory)
11-10 16:07:09.444 19482 19482 E android.os.Debug: failed to load memtrack module: -2
11-10 16:07:09.445 19482 19482 I Radio-JNI: register_android_hardware_Radio DONE
11-10 16:07:09.450 19482 19482 D AndroidRuntime: Calling main entry com.android.commands.uiautomator.Launcher
11-10 16:07:10.467 19482 19482 W AccessibilityNodeInfoDumper: Fetch time: 3ms
11-10 16:07:10.468  1696  1707 W WindowManager: Attempted to remove non-existing token: android.os.Binder@45ab0de
11-10 16:07:10.474 19482 19482 D AndroidRuntime: Shutting down VM
11-10 16:07:10.782 19503 19503 D AndroidRuntime: >>>>>> START com.android.internal.os.RuntimeInit uid 2000 <<<<<<
11-10 16:07:10.784 19503 19503 D AndroidRuntime: CheckJNI is ON
11-10 16:07:10.807 19503 19503 W art     : Unexpected CPU variant for X86 using defaults: x86
11-10 16:07:10.810 19503 19503 D ICU     : No timezone override file found: /data/local/tmp/misc/zoneinfo/current/icu/icu_tzdata.dat
11-10 16:07:10.824 19503 19503 E memtrack: Couldn't load memtrack module (No such file or directory)
11-10 16:07:10.824 19503 19503 E android.os.Debug: failed to load memtrack module: -2
11-10 16:07:10.825 19503 19503 I Radio-JNI: register_android_hardware_Radio DONE
11-10 16:07:10.830 19503 19503 D AndroidRuntime: Calling main entry com.android.commands.uiautomator.Launcher
11-10 16:07:11.848 19503 19503 W AccessibilityNodeInfoDumper: Fetch time: 2ms
11-10 16:07:11.849  1696  1798 W WindowManager: Attempted to remove non-existing token: android.os.Binder@3f02d8c
11-10 16:07:11.855 19503 19503 D AndroidRuntime: Shutting down VM
11-10 16:07:12.095 19516 19516 D AndroidRuntime: >>>>>> START com.android.internal.os.RuntimeInit uid 2000 <<<<<<
11-10 16:07:12.097 19516 19516 D AndroidRuntime: CheckJNI is ON
11-10 16:07:12.119 19516 19516 W art     : Unexpected CPU variant for X86 using defaults: x86
11-10 16:07:12.122 19516 19516 D ICU     : No timezone override file found: /data/misc/zoneinfo/current/icu/icu_tzdata.dat
11-10 16:07:12.134 19516 19516 E memtrack: Couldn't load memtrack module (No such file or directory)
11-10 16:07:12.135 19516 19516 E android.os.Debug: failed to load memtrack module: -2
11-10 16:07:12.135 19516 19516 I Radio-JNI: register_android_hardware_Radio DONE
11-10 16:07:12.141 19516 19516 D AndroidRuntime: Calling main entry com.android.commands.am.Am
11-10 16:07:12.145  1696  5358 I ActivityManager: Force stopping org.fossasia.phimpme appid=10119 user=0: from pid 19516
11-10 16:07:12.145  1696  5358 I ActivityManager: Killing 18821:org.fossasia.phimpme/u0a119 (adj 0): stop org.fossasia.phimpme
11-10 16:07:12.145  1696  5358 D ActivityManager: cleanUpApplicationRecord -- 18821
11-10 16:07:12.147  1696  5358 W ActivityManager: Force removing ActivityRecord{35b1520 u0 org.fossasia.phimpme/.gallery.activities.SplashScreen t68}: app died, no saved state
11-10 16:07:12.152  1696  1717 E JavaBinder: !!! FAILED BINDER TRANSACTION !!!  (parcel size = 60)
11-10 16:07:12.161 19516 19516 D AndroidRuntime: Shutting down VM
11-10 16:07:12.165  1881  1881 D CarrierSvcBindHelper: No carrier app for: 0
11-10 16:07:12.199  1696  1795 D GraphicsStats: Buffer count: 6
11-10 16:07:12.199  3946  3972 D EGL_emulation: eglMakeCurrent: 0x9f52c320: ver 3 0 (tinfo 0x9f56abc0)
11-10 16:07:12.228  5939  5959 D EGL_emulation: eglMakeCurrent: 0x9d5c8e80: ver 3 0 (tinfo 0xa90cf710)
11-10 16:07:12.249  3946  3946 I OptInState: There is a new client and it does not support opt-in. Dropping request.
11-10 16:07:12.253  3946 18668 W LocationOracle: No location history returned by ContextManager
11-10 16:07:12.258  3946  3946 I MicroDetectionWorker: Micro detection mode: [mDetectionMode: [1]].
11-10 16:07:12.258  3946  3946 I AudioController: Using mInputStreamFactoryBuilder
11-10 16:07:12.265  3946 19528 I MicroRecognitionRunner: Starting detection.
11-10 16:07:12.265  3946 18667 I MicrophoneInputStream: mic_starting com.google.android.apps.gsa.staticplugins.z.c@fcbeb88
11-10 16:07:12.274  1861  2452 W GCoreFlp: No location to return for getLastLocation()
11-10 16:07:12.288  1397 19531 I AudioFlinger: AudioFlinger's thread 0xab283f00 ready to run
11-10 16:07:12.291  1397  1758 E AudioFlinger: not enough memory for AudioTrack size=131296
11-10 16:07:12.292  1397  1758 D MemoryDealer:   AudioTrack (0xb269cf20, size=4194304)
11-10 16:07:12.292  1397  1758 D MemoryDealer:     0: 0xb269cf30 | 0x00000000 | 0x000200E0 | A 
11-10 16:07:12.292  1397  1758 D MemoryDealer:     1: 0xb269cfb0 | 0x000200E0 | 0x000200E0 | A 
11-10 16:07:12.292  1397  1758 D MemoryDealer:     2: 0xb1db04e0 | 0x000401C0 | 0x000200E0 | A 
11-10 16:07:12.292  1397  1758 D MemoryDealer:     3: 0xb26ffe80 | 0x000602A0 | 0x000200E0 | A 
11-10 16:07:12.292  1397  1758 D MemoryDealer:     4: 0xb26ffd00 | 0x00080380 | 0x000200E0 | A 
11-10 16:07:12.292  1397  1758 D MemoryDealer:     5: 0xafaf0080 | 0x000A0460 | 0x000200E0 | A 
11-10 16:07:12.292  1397  1758 D MemoryDealer:     6: 0xb1db0100 | 0x000C0540 | 0x000200E0 | A 
11-10 16:07:12.292  1397  1758 D MemoryDealer:     7: 0xafaf0740 | 0x000E0620 | 0x000200E0 | A 
11-10 16:07:12.292  1397  1758 D MemoryDealer:     8: 0xb26ff850 | 0x00100700 | 0x000200E0 | A 
11-10 16:07:12.292  1397  1758 D MemoryDealer:     9: 0xb1db04a0 | 0x001207E0 | 0x000200E0 | A 
11-10 16:07:12.292  1397  1758 D MemoryDealer:    10: 0xafaf09a0 | 0x001408C0 | 0x000200E0 | A 
11-10 16:07:12.292  1397  1758 D MemoryDealer:    11: 0xafaf0710 | 0x001609A0 | 0x000200E0 | A 
11-10 16:07:12.292  1397  1758 D MemoryDealer:    12: 0xb1db0480 | 0x00180A80 | 0x000200E0 | A 
11-10 16:07:12.292  1397  1758 D MemoryDealer:    13: 0xafaf0a80 | 0x001A0B60 | 0x000200E0 | A 
11-10 16:07:12.292  1397  1758 D MemoryDealer:    14: 0xafaf09b0 | 0x001C0C40 | 0x000200E0 | A 
11-10 16:07:12.292  1397  1758 D MemoryDealer:    15: 0xafaf0f60 | 0x001E0D20 | 0x000200E0 | A 
11-10 16:07:12.292  1397  1758 D MemoryDealer:    16: 0xafaf0fb0 | 0x00200E00 | 0x000200E0 | A 
11-10 16:07:12.292  1397  1758 D MemoryDealer:    17: 0xb1db0760 | 0x00220EE0 | 0x000200E0 | A 
11-10 16:07:12.292  1397  1758 D MemoryDealer:    18: 0xb1db0900 | 0x00240FC0 | 0x000200E0 | A 
11-10 16:07:12.292  1397  1758 D MemoryDealer:    19: 0xb269ce00 | 0x002610A0 | 0x000200E0 | A 
11-10 16:07:12.292  1397  1758 D MemoryDealer:    
11-10 16:07:12.292  1397  1758 E AudioFlinger: createRecordTrack_l() initCheck failed -12; no control block?
11-10 16:07:12.292  3946 18667 E AudioRecord: AudioFlinger could not create record track, status: -12
11-10 16:07:12.299  3946 18667 E AudioRecord-JNI: Error creating AudioRecord instance: initialization check failed with status -12.
11-10 16:07:12.299  3946 18667 E android.media.AudioRecord: Error code -20 when initializing native AudioRecord object.
11-10 16:07:12.299  3946 18667 I MicrophoneInputStream: mic_started com.google.android.apps.gsa.staticplugins.z.c@fcbeb88
11-10 16:07:12.299  3946 18667 E ActivityThread: Failed to find provider info for com.google.android.apps.gsa.testing.ui.audio.recorded
11-10 16:07:12.299  3946  3946 I MicroDetectionWorker: onReady
11-10 16:07:12.305  3946 18667 I MicrophoneInputStream: mic_close com.google.android.apps.gsa.staticplugins.z.c@fcbeb88
11-10 16:07:12.306  3946 19528 I MicroRecognitionRunner: Detection finished
11-10 16:07:12.306  3946 19528 W ErrorReporter: reportError [type: 211, code: 524300]: Error reading from input stream
11-10 16:07:12.307  3946  3978 I MicroRecognitionRunner: Stopping hotword detection.
11-10 16:07:12.307  3946 19528 W ErrorProcessor: onFatalError, processing error from engine(4)
11-10 16:07:12.307  3946 19528 W ErrorProcessor: com.google.android.apps.gsa.shared.speech.a.g: Error reading from input stream
11-10 16:07:12.307  3946 19528 W ErrorProcessor: 	at com.google.android.apps.gsa.staticplugins.recognizer.i.a.a(SourceFile:342)
11-10 16:07:12.307  3946 19528 W ErrorProcessor: 	at com.google.android.apps.gsa.staticplugins.recognizer.i.a$1.run(SourceFile:1367)
11-10 16:07:12.307  3946 19528 W ErrorProcessor: 	at java.util.concurrent.Executors$RunnableAdapter.call(Executors.java:428)
11-10 16:07:12.307  3946 19528 W ErrorProcessor: 	at java.util.concurrent.FutureTask.run(FutureTask.java:237)
11-10 16:07:12.307  3946 19528 W ErrorProcessor: 	at com.google.android.apps.gsa.shared.util.concurrent.a.ak.run(SourceFile:66)
11-10 16:07:12.307  3946 19528 W ErrorProcessor: 	at java.util.concurrent.ThreadPoolExecutor.runWorker(ThreadPoolExecutor.java:1133)
11-10 16:07:12.307  3946 19528 W ErrorProcessor: 	at java.util.concurrent.ThreadPoolExecutor$Worker.run(ThreadPoolExecutor.java:607)
11-10 16:07:12.307  3946 19528 W ErrorProcessor: 	at java.lang.Thread.run(Thread.java:761)
11-10 16:07:12.307  3946 19528 W ErrorProcessor: 	at com.google.android.apps.gsa.shared.util.concurrent.a.ad$1.run(SourceFile:85)
11-10 16:07:12.307  3946 19528 W ErrorProcessor: Caused by: com.google.android.apps.gsa.shared.exception.GsaIOException: Error code: 393238 | Buffer overflow, no available space.
11-10 16:07:12.307  3946 19528 W ErrorProcessor: 	at com.google.android.apps.gsa.speech.audio.Tee.g(SourceFile:2531)
11-10 16:07:12.307  3946 19528 W ErrorProcessor: 	at com.google.android.apps.gsa.speech.audio.ap.read(SourceFile:555)
11-10 16:07:12.307  3946 19528 W ErrorProcessor: 	at java.io.InputStream.read(InputStream.java:101)
11-10 16:07:12.307  3946 19528 W ErrorProcessor: 	at com.google.android.apps.gsa.speech.audio.al.run(SourceFile:362)
11-10 16:07:12.307  3946 19528 W ErrorProcessor: 	at com.google.android.apps.gsa.speech.audio.ak$1.run(SourceFile:471)
11-10 16:07:12.307  3946 19528 W ErrorProcessor: 	at java.util.concurrent.Executors$RunnableAdapter.call(Executors.java:428)
11-10 16:07:12.307  3946 19528 W ErrorProcessor: 	at java.util.concurrent.FutureTask.run(FutureTask.java:237)
11-10 16:07:12.307  3946 19528 W ErrorProcessor: 	at com.google.android.apps.gsa.shared.util.concurrent.a.ak.run(SourceFile:66)
11-10 16:07:12.307  3946 19528 W ErrorProcessor: 	at com.google.android.apps.gsa.shared.util.concurrent.a.ax.run(SourceFile:139)
11-10 16:07:12.307  3946 19528 W ErrorProcessor: 	at com.google.android.apps.gsa.shared.util.concurrent.a.ax.run(SourceFile:139)
11-10 16:07:12.307  3946 19528 W ErrorProcessor: 	... 4 more
11-10 16:07:12.307  3946 19528 I AudioController: internalShutdown
11-10 16:07:12.307  3946  3946 I MicroDetector: Keeping mic open: false
11-10 16:07:12.308  3946  3946 I MicroDetectionWorker: #onError(false)
11-10 16:07:12.308  3946 19527 I DeviceStateChecker: DeviceStateChecker cancelled
11-10 16:07:12.741  5939  5959 W OpenGLRenderer: Incorrectly called buildLayer on View: ShortcutAndWidgetContainer, destroying layer...
11-10 16:07:15.511 19546 19546 D AndroidRuntime: >>>>>> START com.android.internal.os.RuntimeInit uid 2000 <<<<<<
11-10 16:07:15.512 19546 19546 D AndroidRuntime: CheckJNI is ON
11-10 16:07:15.538 19546 19546 W art     : Unexpected CPU variant for X86 using defaults: x86
11-10 16:07:15.541 19546 19546 D ICU     : No timezone override file found: /data/misc/zoneinfo/current/icu/icu_tzdata.dat
11-10 16:07:15.553 19546 19546 E memtrack: Couldn't load memtrack module (No such file or directory)
11-10 16:07:15.553 19546 19546 E android.os.Debug: failed to load memtrack module: -2
11-10 16:07:15.553 19546 19546 I Radio-JNI: register_android_hardware_Radio DONE
11-10 16:07:15.559 19546 19546 D AndroidRuntime: Calling main entry com.android.commands.pm.Pm
11-10 16:07:15.564  1696  1710 I ActivityManager: Force stopping org.fossasia.phimpme appid=10119 user=-1: deletePackageX
11-10 16:07:15.567  1696  1722 I PackageManager: Removing old permission: org.fossasia.phimpme.permission.C2D_MESSAGE from package org.fossasia.phimpme
11-10 16:07:15.593  1696  1722 I art     : Waiting for a blocking GC Explicit
11-10 16:07:15.598  1696  1722 I art     : WaitForGcToComplete blocked for 5.312ms for cause Explicit
11-10 16:07:15.598  1696  1722 I art     : Starting a blocking GC Explicit
11-10 16:07:15.620  1696  1722 I art     : Explicit concurrent mark sweep GC freed 3365(265KB) AllocSpace objects, 2(40KB) LOS objects, 23% free, 13MB/17MB, paused 548us total 21.335ms
11-10 16:07:15.631  1696  1722 I ActivityManager: Force stopping org.fossasia.phimpme appid=10119 user=0: pkg removed
11-10 16:07:15.632 19546 19554 W MessageQueue: Handler (android.os.Handler) {5a1f1d9} sending message to a Handler on a dead thread
11-10 16:07:15.632 19546 19554 W MessageQueue: java.lang.IllegalStateException: Handler (android.os.Handler) {5a1f1d9} sending message to a Handler on a dead thread
11-10 16:07:15.632 19546 19554 W MessageQueue: 	at android.os.MessageQueue.enqueueMessage(MessageQueue.java:543)
11-10 16:07:15.632 19546 19554 W MessageQueue: 	at android.os.Handler.enqueueMessage(Handler.java:643)
11-10 16:07:15.632 19546 19554 W MessageQueue: 	at android.os.Handler.sendMessageAtTime(Handler.java:612)
11-10 16:07:15.632 19546 19554 W MessageQueue: 	at android.os.Handler.sendMessageDelayed(Handler.java:582)
11-10 16:07:15.632 19546 19554 W MessageQueue: 	at android.os.Handler.post(Handler.java:338)
11-10 16:07:15.632 19546 19554 W MessageQueue: 	at android.os.ResultReceiver$MyResultReceiver.send(ResultReceiver.java:57)
11-10 16:07:15.632 19546 19554 W MessageQueue: 	at com.android.internal.os.IResultReceiver$Stub.onTransact(IResultReceiver.java:58)
11-10 16:07:15.632 19546 19554 W MessageQueue: 	at android.os.Binder.execTransact(Binder.java:565)
11-10 16:07:15.645 19546 19546 I art     : System.exit called, status: 0
11-10 16:07:15.645 19546 19546 I AndroidRuntime: VM exiting with result code 0.
11-10 16:07:15.649  1861  1861 I GeofencerStateMachine: removeGeofences: removeRequest=RemoveGeofencingRequest[REMOVE_ALL packageName=org.fossasia.phimpme]
11-10 16:07:15.655  1696  1735 I InputReader: Reconfiguring input devices.  changes=0x00000010
11-10 16:07:15.656  1696  1696 D ZenLog  : config: removeAutomaticZenRules,ZenModeConfig[user=0,allowCalls=true,allowRepeatCallers=false,allowMessages=false,allowCallsFrom=contacts,allowMessagesFrom=contacts,allowReminders=true,allowEvents=true,allowWhenScreenOff=true,allowWhenScreenOn=true,automaticRules={2a933f85036147759fa9bbcf058f451e=ZenRule[enabled=false,snoozing=false,name=Event,zenMode=ZEN_MODE_ALARMS,conditionId=condition://android/event?userId=-10000&calendar=&reply=1,condition=Condition[id=condition://android/event?userId=-10000&calendar=&reply=1,summary=...,line1=...,line2=...,icon=0,state=STATE_FALSE,flags=2],component=ComponentInfo{android/com.android.server.notification.EventConditionProvider},id=2a933f85036147759fa9bbcf058f451e,creationTime=1657295413505,enabler=null], b42eec4b4f384e55bad09820ee141b51=ZenRule[enabled=false,snoozing=false,name=Weekend,zenMode=ZEN_MODE_ALARMS,conditionId=condition://android/schedule?days=6.7&start=23.30&end=10.0&exitAtAlarm=false,condition=Condition[id=condition://android/schedule?days=6.7&start=23.30&end=10.0&exitAtAlarm=false,summary=...,line1=...,line2=...,icon=0,state=STATE_FALSE,flags=2],component=ComponentInfo{android/com.android.server.notification.ScheduleConditionProvider},id=b42eec4b4f384e55bad09820ee141b51,creationTime=1657295413505,enabler=null], 66468f7035194b4fb58024586868fcd7=ZenRule[enabled=false,snoozing=false,name=Weeknight,zenMode=ZEN_MODE_ALARMS,conditionId=condition://android/schedule?days=1.2.3.4.5&start=22.0&end=7.0&exitAtAlarm=false,condition=Condition[id=condition://android/schedule?days=1.2.3.4.5&start=22.0&end=7.0&exitAtAlarm=false,summary=...,line1=...,line2=...,icon=0,state=STATE_FALSE,flags=2],component=ComponentInfo{android/com.android.server.notification.ScheduleConditionProvider},id=66468f7035194b4fb58024586868fcd7,creationTime=1657295413505,enabler=null]},manualRule=null],Diff[]
11-10 16:07:15.664  1696  1722 E KernelUidCpuTimeReader: failed to remove uid from uid_cputime module
11-10 16:07:15.664  1696  1722 E KernelUidCpuTimeReader: java.io.FileNotFoundException: /proc/uid_cputime/remove_uid_range (No such file or directory)
11-10 16:07:15.664  1696  1722 E KernelUidCpuTimeReader: 	at java.io.FileOutputStream.open(Native Method)
11-10 16:07:15.664  1696  1722 E KernelUidCpuTimeReader: 	at java.io.FileOutputStream.<init>(FileOutputStream.java:221)
11-10 16:07:15.664  1696  1722 E KernelUidCpuTimeReader: 	at java.io.FileOutputStream.<init>(FileOutputStream.java:108)
11-10 16:07:15.664  1696  1722 E KernelUidCpuTimeReader: 	at java.io.FileWriter.<init>(FileWriter.java:63)
11-10 16:07:15.664  1696  1722 E KernelUidCpuTimeReader: 	at com.android.internal.os.KernelUidCpuTimeReader.removeUid(KernelUidCpuTimeReader.java:158)
