07-01 01:50:14.404  1799  6885 I LogUtils: [Places]: ?: Couldn't find platform key file. [CONTEXT service_id=253 ]
07-01 01:50:14.404  1799 31653 I PlacesLogger: [PlaceInferenceEngine]: [anon] Changed inference mode: 1 [CONTEXT service_id=253 ]
07-01 01:50:14.404  1799   791 I LogUtils: [Places]: ?: Couldn't find platform key file. [CONTEXT service_id=253 ]
07-01 01:50:14.405  1799 30392 I LogUtils: [Places]: ?: Couldn't find platform key file. [CONTEXT service_id=253 ]
07-01 01:50:14.412  1799   791 I PlacesLogger: [PlaceInferenceEngine]: No beacon scan available - ignoring candidates. [CONTEXT service_id=253 ]
07-01 01:50:14.413  1799  6885 I LogUtils: [Places]: ?: Couldn't find platform key file. [CONTEXT service_id=253 ]
07-01 01:50:14.442  1799   791 I LogUtils: [Places]: ?: Couldn't find platform key file. [CONTEXT service_id=253 ]
07-01 01:50:14.466  2350  2593 W OpenGLRenderer: Incorrectly called buildLayer on View: ShortcutAndWidgetContainer, destroying layer...
07-01 01:50:14.498  3403  3412 E ReloadingLock: Finalizing LOCKED Token[shortcuts 2022-07-01 01:50:14.101]
07-01 01:50:16.907  1675  1781 E TaskPersister: File error accessing recents directory (directory doesn't exist?).
07-01 01:50:17.230 31669 31669 D AndroidRuntime: >>>>>> START com.android.internal.os.RuntimeInit uid 2000 <<<<<<
07-01 01:50:17.291 31669 31669 W app_process: Unexpected CPU variant for X86 using defaults: x86
07-01 01:50:17.294 31669 31669 I app_process: The ClassLoaderContext is a special shared library.
07-01 01:50:17.312 31669 31669 D AndroidRuntime: Calling main entry com.android.commands.pm.Pm
07-01 01:50:17.318  1675  1690 I ActivityManager: Force stopping org.fossasia.phimpme appid=10115 user=-1: deletePackageX
07-01 01:50:17.322  1675  1706 I PackageManager: Removing old permission: org.fossasia.phimpme.permission.C2D_MESSAGE from package org.fossasia.phimpme
07-01 01:50:17.416  1551  1551 I keystore: clear_uid 10115
07-01 01:50:17.417  1675  1706 D PackageManager: Ephemeral installer not found with new action; try old one
07-01 01:50:17.417  1675  1706 D PackageManager: Clear ephemeral installer activity
07-01 01:50:17.495  1675  1706 I zygote  : Explicit concurrent copying GC freed 30853(1739KB) AllocSpace objects, 12(432KB) LOS objects, 32% free, 12MB/18MB, paused 456us total 77.454ms
07-01 01:50:17.512  1675  1706 I ActivityManager: Force stopping org.fossasia.phimpme appid=10115 user=0: pkg removed
07-01 01:50:17.514 31669 31669 I app_process: System.exit called, status: 0
07-01 01:50:17.514 31669 31669 I AndroidRuntime: VM exiting with result code 0.
07-01 01:50:17.529  1675  1744 I InputReader: Reconfiguring input devices.  changes=0x00000010
07-01 01:50:17.533  1675  1690 W BroadcastQueue: Background execution not allowed: receiving Intent { act=android.intent.action.PACKAGE_REMOVED dat=package:org.fossasia.phimpme flg=0x4000010 (has extras) } to com.google.android.gms/.games.chimera.GamesSystemBroadcastReceiverProxy
07-01 01:50:17.538  1675  1690 W BroadcastQueue: Background execution not allowed: receiving Intent { act=android.intent.action.PACKAGE_REMOVED dat=package:org.fossasia.phimpme flg=0x4000010 (has extras) } to com.google.android.gms/.chimera.GmsIntentOperationService$PersistentTrustedReceiver
07-01 01:50:17.539  1675  1690 W BroadcastQueue: Background execution not allowed: receiving Intent { act=android.intent.action.PACKAGE_REMOVED dat=package:org.fossasia.phimpme flg=0x4000010 (has extras) } to com.google.android.googlequicksearchbox/com.google.android.apps.gsa.googlequicksearchbox.GelStubAppWatcher
07-01 01:50:17.560  1675  1706 D KernelUidCpuTimeReader: Removing uids 10115-10115
07-01 01:50:17.561  1799  1799 I GeofencerStateMachine: removeGeofences: removeRequest=RemoveGeofencingRequest[REMOVE_ALL packageName=org.fossasia.phimpme]
07-01 01:50:17.565  1675  1675 D ZenLog  : config: removeAutomaticZenRules,ZenModeConfig[user=0,allowCalls=true,allowRepeatCallers=false,allowMessages=false,allowCallsFrom=contacts,allowMessagesFrom=contacts,allowReminders=true,allowEvents=true,allowWhenScreenOff=true,allowWhenScreenOn=true,automaticRules={EVENTS_DEFAULT_RULE=ZenRule[enabled=false,snoozing=false,name=Event,zenMode=ZEN_MODE_ALARMS,conditionId=condition://android/event?userId=-10000&calendar=&reply=1,condition=Condition[id=condition://android/event?userId=-10000&calendar=&reply=1,summary=...,line1=...,line2=...,icon=0,state=STATE_FALSE,flags=2],component=ComponentInfo{android/com.android.server.notification.EventConditionProvider},id=EVENTS_DEFAULT_RULE,creationTime=1629221005391,enabler=null], SCHEDULED_DEFAULT_RULE_1=ZenRule[enabled=false,snoozing=false,name=Weeknight,zenMode=ZEN_MODE_ALARMS,conditionId=condition://android/schedule?days=1.2.3.4.5&start=22.0&end=7.0&exitAtAlarm=false,condition=Condition[id=condition://android/schedule?days=1.2.3.4.5&start=22.0&end=7.0&exitAtAlarm=false,summary=...,line1=...,line2=...,icon=0,state=STATE_TRUE,flags=2],component=ComponentInfo{android/com.android.server.notification.ScheduleConditionProvider},id=SCHEDULED_DEFAULT_RULE_1,creationTime=1629221005391,enabler=null], SCHEDULED_DEFAULT_RULE_2=ZenRule[enabled=false,snoozing=false,name=Weekend,zenMode=ZEN_MODE_ALARMS,conditionId=condition://android/schedule?days=6.7&start=23.30&end=10.0&exitAtAlarm=false,condition=Condition[id=condition://android/schedule?days=6.7&start=23.30&end=10.0&exitAtAlarm=false,summary=...,line1=...,line2=...,icon=0,state=STATE_FALSE,flags=2],component=ComponentInfo{android/com.android.server.notification.ScheduleConditionProvider},id=SCHEDULED_DEFAULT_RULE_2,creationTime=1629221005391,enabler=null]},manualRule=null],Diff[]
07-01 01:50:17.565  1675  1675 I ConditionProviders: Disallowing condition provider org.fossasia.phimpme
07-01 01:50:17.582  1675  1781 E TaskPersister: File error accessing recents directory (directory doesn't exist?).
07-01 01:50:17.592  1675  1753 D RecurrenceRule: Resolving using anchor 2022-07-01T01:50:17.592-04:00[America/New_York]
07-01 01:50:17.593  1675  1753 D RecurrenceRule: Resolving using anchor 2022-07-01T01:50:17.593-04:00[America/New_York]
07-01 01:50:17.594  1675  1753 D RecurrenceRule: Cycle 29 from 2022-06-17T00:00-04:00[America/New_York] to 2022-07-17T00:00-04:00[America/New_York]
07-01 01:50:17.596  1675  1753 D NetworkStats: Resolving plan for NetworkTemplate: matchRule=MOBILE_ALL, subscriberId=310260..., matchSubscriberIds=[310260...]
07-01 01:50:17.596  1675  1753 D NetworkStats: Found active matching subId 1
07-01 01:50:17.604  1948  1948 D CarrierSvcBindHelper: No carrier app for: 0
07-01 01:50:17.605  1675  1753 D NetworkStats: Resolved to plan null
07-01 01:50:17.611  1799 31691 I Fitness : FitCleanupIntentOperation received Intent android.intent.action.PACKAGE_REMOVED [CONTEXT service_id=17 ]
07-01 01:50:17.617  1675  1675 D ZenLog  : set_zen_mode: off,removeAutomaticZenRules
07-01 01:50:17.633  2350  2362 I zygote  : Background concurrent copying GC freed 6444(380KB) AllocSpace objects, 5(296KB) LOS objects, 49% free, 3MB/6MB, paused 647us total 118.527ms
07-01 01:50:17.633 29337 31682 I ProvidersCache: Provider returned no roots. Possibly naughty: com.google.android.apps.docs.storage
07-01 01:50:17.647  1675  1691 D AutofillUI: destroySaveUiUiThread(): already destroyed
07-01 01:50:17.647  1675  1689 D AutofillManagerServiceImpl: Set component for user 0 as ServiceInfo{96ab4ae com.google.android.gms.autofill.service.AutofillService}
07-01 01:50:17.657  1821  1833 I zygote  : Background concurrent copying GC freed 7568(415KB) AllocSpace objects, 0(0B) LOS objects, 49% free, 5MB/10MB, paused 19.726ms total 128.380ms
07-01 01:50:17.694  2168 26437 I ContentMaintenance: Internal cache bytes used: 0; limit: 40626585; download size: 0
07-01 01:50:17.730  2168 26437 I RealtimeCacheCleanup: Beginning Realtime garbage collection.
07-01 01:50:17.737  2168 24583 I Icing   : doRemovePackageData org.fossasia.phimpme
07-01 01:50:17.741  2168 26437 I RealtimeCacheCleanup: Finished Realtime garbage collection.
07-01 01:50:17.776  2168  2961 I Icing   : IndexChimeraService.getServiceInterface callingPackage=com.google.android.gms componentName=AppsCorpus serviceId=36
07-01 01:50:17.811  2168 24583 W Icing   : No valid account for uploading user actions
07-01 01:50:17.836  2168 24583 I Icing   : Usage reports ok 0, Failed Usage reports 0, indexed 0, rejected 0
07-01 01:50:17.841  2168  2961 I Icing   : IndexChimeraService.getServiceInterface callingPackage=com.google.android.gms componentName=null serviceId=36
07-01 01:50:17.842  2168 24583 I Icing   : Indexing com.google.android.gms-apps from com.google.android.gms
07-01 01:50:17.844  2168  2917 I Icing   : IndexChimeraService.getServiceInterface callingPackage=com.google.android.gms componentName=null serviceId=30
07-01 01:50:17.856  2168 24583 I Icing   : Indexing com.google.android.gms-internal.3p:MobileApplication from com.google.android.gms
07-01 01:50:17.878  2168 24583 W Icing   : No valid account for uploading user actions
07-01 01:50:17.892  2168 24583 I Icing   : Usage reports ok 0, Failed Usage reports 0, indexed 0, rejected 0
07-01 01:50:17.896  2168 24583 W Icing   : No valid account for uploading user actions
07-01 01:50:17.909  2168 24583 I Icing   : Usage reports ok 0, Failed Usage reports 0, indexed 0, rejected 0
07-01 01:50:17.912  2168 24583 I Icing   : Indexing done com.google.android.gms-apps
07-01 01:50:17.916  2168 24583 I Icing   : Indexing done com.google.android.gms-internal.3p:MobileApplication
07-01 01:50:19.126  3403  3403 I MicroDetectionWorker: #updateMicroDetector [detectionMode: [mDetectionMode: [1]]]
07-01 01:50:19.126  3403  3403 I MicroDetectionWorker: #startMicroDetector [speakerMode: 0]
07-01 01:50:19.127  3403  3403 I AudioController: Using mInputStreamFactoryBuilder
07-01 01:50:19.129  3403  3403 I MicroDetectionWorker: onReady
07-01 01:50:19.138  3403 31652 I MicroRecognitionRunner: Starting detection.
07-01 01:50:19.140  3403 30372 I MicrophoneInputStream: mic_starting com.google.android.apps.gsa.staticplugins.aa.c@419de1b
07-01 01:50:19.143  1547  1596 W ServiceManager: Permission failure: android.permission.RECORD_AUDIO from uid=10032 pid=3403
07-01 01:50:19.143  1547  1596 E         : Request requires android.permission.RECORD_AUDIO
07-01 01:50:19.143  1547  1596 E         : android.permission.CAPTURE_AUDIO_HOTWORD
07-01 01:50:19.143  3403 30372 E AudioRecord: Could not get audio input for session 23353, record source 1999, sample rate 16000, format 0x1, channel mask 0x10, flags 0
07-01 01:50:19.143  3403 30372 E AudioRecord-JNI: Error creating AudioRecord instance: initialization check failed with status -22.
07-01 01:50:19.143  3403 30372 E android.media.AudioRecord: Error code -20 when initializing native AudioRecord object.
07-01 01:50:19.143  3403 30372 I MicrophoneInputStream: mic_started com.google.android.apps.gsa.staticplugins.aa.c@419de1b
07-01 01:50:19.144  3403 30372 E ActivityThread: Failed to find provider info for com.google.android.apps.gsa.testing.ui.audio.recorded
07-01 01:50:19.148  3403 30372 I MicrophoneInputStream: mic_close com.google.android.apps.gsa.staticplugins.aa.c@419de1b
07-01 01:50:19.150  3403 31652 I MicroRecognitionRunner: Detection finished
07-01 01:50:19.151  3403  3403 I MicroDetectionWorker: onReady
07-01 01:50:19.151  3403 31652 W ErrorReporter: reportError [type: 211, code: 524300]: Error reading from input stream
07-01 01:50:19.152  3403  3542 I MicroRecognitionRunner: Stopping hotword detection.
07-01 01:50:19.152  3403 31652 W ErrorProcessor: onFatalError, processing error from engine(4)
07-01 01:50:19.152  3403 31652 W ErrorProcessor: com.google.android.apps.gsa.shared.speech.b.g: Error reading from input stream
07-01 01:50:19.152  3403 31652 W ErrorProcessor: 	at com.google.android.apps.gsa.staticplugins.recognizer.j.a.a(SourceFile:28)
07-01 01:50:19.152  3403 31652 W ErrorProcessor: 	at com.google.android.apps.gsa.staticplugins.recognizer.j.b.run(SourceFile:15)
07-01 01:50:19.152  3403 31652 W ErrorProcessor: 	at java.util.concurrent.Executors$RunnableAdapter.call(Executors.java:457)
07-01 01:50:19.152  3403 31652 W ErrorProcessor: 	at java.util.concurrent.FutureTask.run(FutureTask.java:266)
07-01 01:50:19.152  3403 31652 W ErrorProcessor: 	at java.util.concurrent.Executors$RunnableAdapter.call(Executors.java:457)
07-01 01:50:19.152  3403 31652 W ErrorProcessor: 	at java.util.concurrent.FutureTask.run(FutureTask.java:266)
07-01 01:50:19.152  3403 31652 W ErrorProcessor: 	at com.google.android.apps.gsa.shared.util.concurrent.a.ag.run(Unknown Source:4)
07-01 01:50:19.152  3403 31652 W ErrorProcessor: 	at com.google.android.apps.gsa.shared.util.concurrent.a.bo.run(SourceFile:4)
07-01 01:50:19.152  3403 31652 W ErrorProcessor: 	at com.google.android.apps.gsa.shared.util.concurrent.a.bo.run(SourceFile:4)
07-01 01:50:19.152  3403 31652 W ErrorProcessor: 	at java.util.concurrent.ThreadPoolExecutor.runWorker(ThreadPoolExecutor.java:1162)
07-01 01:50:19.152  3403 31652 W ErrorProcessor: 	at java.util.concurrent.ThreadPoolExecutor$Worker.run(ThreadPoolExecutor.java:636)
07-01 01:50:19.152  3403 31652 W ErrorProcessor: 	at java.lang.Thread.run(Thread.java:764)
07-01 01:50:19.152  3403 31652 W ErrorProcessor: 	at com.google.android.apps.gsa.shared.util.concurrent.a.ak.run(SourceFile:6)
07-01 01:50:19.152  3403 31652 W ErrorProcessor: Caused by: com.google.android.apps.gsa.shared.exception.GsaIOException: Error code: 393238 | Buffer overflow, no available space.
07-01 01:50:19.152  3403 31652 W ErrorProcessor: 	at com.google.android.apps.gsa.speech.audio.Tee.f(SourceFile:103)
07-01 01:50:19.152  3403 31652 W ErrorProcessor: 	at com.google.android.apps.gsa.speech.audio.au.read(SourceFile:2)
07-01 01:50:19.152  3403 31652 W ErrorProcessor: 	at java.io.InputStream.read(InputStream.java:101)
07-01 01:50:19.152  3403 31652 W ErrorProcessor: 	at com.google.android.apps.gsa.speech.audio.ao.run(SourceFile:18)
07-01 01:50:19.152  3403 31652 W ErrorProcessor: 	at com.google.android.apps.gsa.speech.audio.an.run(SourceFile:2)
07-01 01:50:19.152  3403 31652 W ErrorProcessor: 	... 11 more
07-01 01:50:19.152  3403 31652 I AudioController: internalShutdown
07-01 01:50:19.172  3403  3403 I MicroDetector: Keeping mic open: false
07-01 01:50:19.172  3403  3403 I MicroDetectionWorker: #onError(false)
07-01 01:50:19.172  3403 29316 I DeviceStateChecker: DeviceStateChecker cancelled
07-01 01:50:19.489  1675  1706 W PackageParser: No actions in intent filter at /data/app/vmdl950013897.tmp/base.apk Binary XML file line #180
07-01 01:50:19.522  1675  1706 I PackageManager.DexOptimizer: Running dexopt (dexoptNeeded=1) on: /data/app/org.fossasia.phimpme-Nd9WefANFGRPov4pG8fcFg==/base.apk pkg=org.fossasia.phimpme isa=x86 dexoptFlags=boot_complete,public target-filter=quicken oatDir=/data/app/org.fossasia.phimpme-Nd9WefANFGRPov4pG8fcFg==/oat sharedLibraries=PCL[]
07-01 01:50:19.531 31716 31716 W dex2oat : Unexpected CPU variant for X86 using defaults: x86
07-01 01:50:19.531 31716 31716 W dex2oat : Mismatch between dex2oat instruction set features (ISA: X86 Feature string: -ssse3,-sse4.1,-sse4.2,-avx,-avx2,-popcnt) and those of dex2oat executable (ISA: X86 Feature string: ssse3,-sse4.1,-sse4.2,-avx,-avx2,-popcnt) for the command line:
07-01 01:50:19.531 31716 31716 W dex2oat : /system/bin/dex2oat --zip-fd=8 --zip-location=base.apk --input-vdex-fd=-1 --output-vdex-fd=10 --oat-fd=9 --oat-location=/data/app/org.fossasia.phimpme-Nd9WefANFGRPov4pG8fcFg==/oat/x86/base.odex --instruction-set=x86 --instruction-set-variant=x86 --instruction-set-features=default --runtime-arg -Xms64m --runtime-arg -Xmx512m --compiler-filter=quicken --swap-fd=11 --classpath-dir=/data/app/org.fossasia.phimpme-Nd9WefANFGRPov4pG8fcFg== --class-loader-context=PCL[]
07-01 01:50:19.531 31716 31716 I dex2oat : /system/bin/dex2oat --input-vdex-fd=-1 --output-vdex-fd=10 --compiler-filter=quicken --classpath-dir=/data/app/org.fossasia.phimpme-Nd9WefANFGRPov4pG8fcFg== --class-loader-context=PCL[]
07-01 01:50:19.533 31716 31716 W dex2oat : Could not reserve sentinel fault page
07-01 01:50:23.666 31716 31716 I dex2oat : Explicit concurrent copying GC freed 31670(5MB) AllocSpace objects, 0(0B) LOS objects, 92% free, 133KB/1669KB, paused 959us total 8.959ms
07-01 01:50:23.928 31716 31724 W dex2oat : Method processed more than once: void du.<init>(java.lang.Object)
07-01 01:50:23.928 31716 31724 W dex2oat : Method processed more than once: java.lang.Object du.getWrappedObject()
07-01 01:50:23.929 31716 31723 W dex2oat : Method processed more than once: void dt.<init>(android.content.Context, java.lang.Object)
07-01 01:50:23.930 31716 31723 W dex2oat : Method processed more than once: android.view.MenuItem dt.a(android.view.MenuItem)
07-01 01:50:23.930 31716 31723 W dex2oat : Method processed more than once: android.view.SubMenu dt.a(android.view.SubMenu)
07-01 01:50:23.930 31716 31723 W dex2oat : Method processed more than once: void dt.a()
07-01 01:50:23.930 31716 31723 W dex2oat : Method processed more than once: void dt.a(int)
07-01 01:50:23.930 31716 31723 W dex2oat : Method processed more than once: void dt.b(int)
07-01 01:50:23.938 31716 31724 W dex2oat : Method processed more than once: void es.<init>(android.content.Context, boolean)
07-01 01:50:23.938 31716 31724 W dex2oat : Method processed more than once: void es.a()
07-01 01:50:23.938 31716 31724 W dex2oat : Method processed more than once: void es.a(android.view.View, int)
07-01 01:50:23.939 31716 31724 W dex2oat : Method processed more than once: void es.a(android.view.View, int, float, float)
07-01 01:50:23.939 31716 31724 W dex2oat : Method processed more than once: boolean es.hasFocus()
07-01 01:50:23.939 31716 31724 W dex2oat : Method processed more than once: boolean es.hasWindowFocus()
07-01 01:50:23.939 31716 31724 W dex2oat : Method processed more than once: boolean es.isFocused()
07-01 01:50:23.939 31716 31724 W dex2oat : Method processed more than once: boolean es.isInTouchMode()
07-01 01:50:23.939 31716 31724 W dex2oat : Method processed more than once: boolean es.onForwardedEvent(android.view.MotionEvent, int)
07-01 01:50:23.939 31716 31724 W dex2oat : Method processed more than once: void es.setListSelectionHidden(boolean)
07-01 01:50:23.939 31716 31724 W dex2oat : Method processed more than once: boolean es.touchModeDrawsInPressedStateCompat()
07-01 01:50:23.946 31716 31724 W dex2oat : Method processed more than once: void fv.<init>(java.lang.Class, java.lang.String, com.box.androidsdk.content.models.BoxSession)
07-01 01:50:23.946 31716 31724 W dex2oat : Method processed more than once: java.lang.String fv.getItemId()
07-01 01:50:23.946 31716 31724 W dex2oat : Method processed more than once: java.lang.String fv.getItemType()
07-01 01:50:23.946 31716 31724 W dex2oat : Method processed more than once: java.lang.String fv.getMessage()
07-01 01:50:23.946 31716 31723 W dex2oat : Method processed more than once: void fw.<init>(java.lang.Class, java.lang.String, com.box.androidsdk.content.models.BoxSession)
07-01 01:50:23.946 31716 31724 W dex2oat : Method processed more than once: com.box.androidsdk.content.requests.BoxRequest fv.setItemId(java.lang.String)
07-01 01:50:23.946 31716 31723 W dex2oat : Method processed more than once: com.box.androidsdk.content.requests.BoxRequest$BoxRequestHandler fw.createRequestHandler(fw)
07-01 01:50:23.946 31716 31723 W dex2oat : Method processed more than once: void fw.readObject(java.io.ObjectInputStream)
07-01 01:50:23.947 31716 31724 W dex2oat : Method processed more than once: com.box.androidsdk.content.requests.BoxRequest fv.setItemType(java.lang.String)
07-01 01:50:23.947 31716 31723 W dex2oat : Method processed more than once: void fw.writeObject(java.io.ObjectOutputStream)
07-01 01:50:23.948 31716 31723 W dex2oat : Method processed more than once: com.box.androidsdk.content.models.BoxJsonObject fw.onSend()
07-01 01:50:23.948 31716 31716 W dex2oat : Method processed more than once: void fx.<init>(java.lang.Class, java.lang.String, java.lang.String, java.lang.String, com.box.androidsdk.content.models.BoxSession)
07-01 01:50:23.948 31716 31723 W dex2oat : Method processed more than once: com.box.androidsdk.content.models.BoxObject fw.onSend()
07-01 01:50:23.948 31716 31716 W dex2oat : Method processed more than once: java.lang.String fx.getName()
07-01 01:50:23.949 31716 31724 W dex2oat : Method processed more than once: com.box.androidsdk.content.requests.BoxRequest fv.setMessage(java.lang.String)
07-01 01:50:23.949 31716 31723 W dex2oat : Method processed more than once: void fw.onSendCompleted(com.box.androidsdk.content.requests.BoxResponse)
07-01 01:50:23.949 31716 31722 W dex2oat : Method processed more than once: void fy.<init>(java.lang.Class, java.lang.String, java.lang.String, com.box.androidsdk.content.models.BoxSession)
07-01 01:50:23.949 31716 31724 W dex2oat : Method processed more than once: com.box.androidsdk.content.requests.BoxRequest fv.setTaggedMessage(java.lang.String)
07-01 01:50:23.949 31716 31723 W dex2oat : Method processed more than once: com.box.androidsdk.content.models.BoxJsonObject fw.sendForCachedResult()
07-01 01:50:23.949 31716 31723 W dex2oat : Method processed more than once: com.box.androidsdk.content.models.BoxObject fw.sendForCachedResult()
07-01 01:50:23.949 31716 31723 W dex2oat : Method processed more than once: com.box.androidsdk.content.requests.BoxRequest fw.setLimit(int)
07-01 01:50:23.949 31716 31722 W dex2oat : Method processed more than once: java.lang.String fy.getName()
07-01 01:50:23.950 31716 31723 W dex2oat : Method processed more than once: com.box.androidsdk.content.requests.BoxRequest fw.setPreviousListEvents(com.box.androidsdk.content.models.BoxJsonObject)
07-01 01:50:23.950 31716 31716 W dex2oat : Method processed more than once: java.lang.String fx.getParentId()
07-01 01:50:23.950 31716 31722 W dex2oat : Method processed more than once: java.lang.String fy.getParentId()
07-01 01:50:23.950 31716 31723 W dex2oat : Method processed more than once: com.box.androidsdk.content.requests.BoxRequest fw.setStreamPosition(java.lang.String)
07-01 01:50:23.950 31716 31722 W dex2oat : Method processed more than once: void fy.parseHashMapEntry(com.eclipsesource.json.JsonObject, java.util.Map$Entry)
07-01 01:50:23.950 31716 31722 W dex2oat : Method processed more than once: com.box.androidsdk.content.requests.BoxRequest fy.setName(java.lang.String)
07-01 01:50:23.950 31716 31723 W dex2oat : Method processed more than once: com.box.androidsdk.content.requests.BoxRequest fw.setStreamType(java.lang.String)
07-01 01:50:23.950 31716 31722 W dex2oat : Method processed more than once: com.box.androidsdk.content.requests.BoxRequest fy.setParentId(java.lang.String)
07-01 01:50:23.950 31716 31723 W dex2oat : Method processed more than once: com.box.androidsdk.content.BoxFutureTask fw.toTaskForCachedResult()
07-01 01:50:23.950 31716 31716 W dex2oat : Method processed more than once: void fx.parseHashMapEntry(com.eclipsesource.json.JsonObject, java.util.Map$Entry)
07-01 01:50:23.950 31716 31723 W dex2oat : Method processed more than once: void ga.<init>(java.lang.Class, java.lang.String, java.lang.String, com.box.androidsdk.content.models.BoxSession)
07-01 01:50:23.950 31716 31716 W dex2oat : Method processed more than once: com.box.androidsdk.content.requests.BoxRequest fx.setName(java.lang.String)
07-01 01:50:23.950 31716 31723 W dex2oat : Method processed more than once: java.lang.String ga.getAddress()
07-01 01:50:23.951 31716 31716 W dex2oat : Method processed more than once: com.box.androidsdk.content.requests.BoxRequest fx.setParentId(java.lang.String)
07-01 01:50:23.951 31716 31723 W dex2oat : Method processed more than once: boolean ga.getCanSeeManagedUsers()
07-01 01:50:23.951 31716 31723 W dex2oat : Method processed more than once: boolean ga.getIsExemptFromDeviceLimits()
07-01 01:50:23.951 31716 31723 W dex2oat : Method processed more than once: boolean ga.getIsExemptFromLoginVerification()
07-01 01:50:23.951 31716 31723 W dex2oat : Method processed more than once: boolean ga.getIsSyncEnabled()
07-01 01:50:23.951 31716 31723 W dex2oat : Method processed more than once: java.lang.String ga.getJobTitle()
07-01 01:50:23.951 31716 31723 W dex2oat : Method processed more than once: java.lang.String ga.getName()
07-01 01:50:23.951 31716 31723 W dex2oat : Method processed more than once: java.lang.String ga.getPhone()
07-01 01:50:23.951 31716 31723 W dex2oat : Method processed more than once: com.box.androidsdk.content.models.BoxUser$Role ga.getRole()
07-01 01:50:23.952 31716 31723 W dex2oat : Method processed more than once: double ga.getSpaceAmount()
07-01 01:50:23.952 31716 31723 W dex2oat : Method processed more than once: com.box.androidsdk.content.models.BoxUser$Status ga.getStatus()
07-01 01:50:23.952 31716 31723 W dex2oat : Method processed more than once: java.lang.String ga.getTimezone()
07-01 01:50:23.952 31716 31723 W dex2oat : Method processed more than once: com.box.androidsdk.content.requests.BoxRequest ga.setAddress(java.lang.String)
07-01 01:50:23.952 31716 31723 W dex2oat : Method processed more than once: com.box.androidsdk.content.requests.BoxRequest ga.setCanSeeManagedUsers(boolean)
07-01 01:50:23.952 31716 31723 W dex2oat : Method processed more than once: com.box.androidsdk.content.requests.BoxRequest ga.setIsExemptFromDeviceLimits(boolean)
07-01 01:50:23.952 31716 31723 W dex2oat : Method processed more than once: com.box.androidsdk.content.requests.BoxRequest ga.setIsExemptFromLoginVerification(boolean)
07-01 01:50:23.952 31716 31723 W dex2oat : Method processed more than once: com.box.androidsdk.content.requests.BoxRequest ga.setIsSyncEnabled(boolean)
07-01 01:50:23.952 31716 31723 W dex2oat : Method processed more than once: com.box.androidsdk.content.requests.BoxRequest ga.setJobTitle(java.lang.String)
07-01 01:50:23.953 31716 31723 W dex2oat : Method processed more than once: com.box.androidsdk.content.requests.BoxRequest ga.setName(java.lang.String)
07-01 01:50:23.953 31716 31723 W dex2oat : Method processed more than once: com.box.androidsdk.content.requests.BoxRequest ga.setPhone(java.lang.String)
07-01 01:50:23.953 31716 31723 W dex2oat : Method processed more than once: com.box.androidsdk.content.requests.BoxRequest ga.setRole(com.box.androidsdk.content.models.BoxUser$Role)
07-01 01:50:23.953 31716 31723 W dex2oat : Method processed more than once: com.box.androidsdk.content.requests.BoxRequest ga.setSpaceAmount(double)
07-01 01:50:23.953 31716 31723 W dex2oat : Method processed more than once: com.box.androidsdk.content.requests.BoxRequest ga.setStatus(com.box.androidsdk.content.models.BoxUser$Status)
07-01 01:50:23.953 31716 31723 W dex2oat : Method processed more than once: com.box.androidsdk.content.requests.BoxRequest ga.setTimezone(java.lang.String)
07-01 01:50:23.954 31716 31722 W dex2oat : Method processed more than once: void gq.<init>()
07-01 01:50:23.954 31716 31722 W dex2oat : Method processed more than once: void gq.a(gt)
07-01 01:50:23.954 31716 31722 W dex2oat : Method processed more than once: gt gq.c()
07-01 01:50:23.959 31716 31722 W dex2oat : Method processed more than once: void hi.<init>(java.lang.Object)
07-01 01:50:23.959 31716 31722 W dex2oat : Method processed more than once: void hi.<init>(java.lang.Object, java.lang.String)
07-01 01:50:23.959 31716 31722 W dex2oat : Method processed more than once: com.dropbox.client2.jsonextract.JsonExtractionException hi.error(java.lang.String)
07-01 01:50:24.001 31716 31724 W dex2oat : Method processed more than once: io.realm.exceptions.RealmException io.realm.internal.RealmProxyMediator.getMissingProxyClassException(java.lang.Class)
07-01 01:50:24.001 31716 31724 W dex2oat : Method processed more than once: boolean io.realm.internal.RealmProxyMediator.equals(java.lang.Object)
07-01 01:50:24.001 31716 31724 W dex2oat : Method processed more than once: int io.realm.internal.RealmProxyMediator.hashCode()
07-01 01:50:24.002 31716 31724 W dex2oat : Method processed more than once: boolean io.realm.internal.RealmProxyMediator.transformerApplied()
07-01 01:50:24.014 31716 31716 W dex2oat : Method processed more than once: void jf.<init>(com.google.android.gms.internal.zzatp)
07-01 01:50:24.014 31716 31716 W dex2oat : Method processed more than once: android.content.Context jf.getContext()
07-01 01:50:24.014 31716 31716 W dex2oat : Method processed more than once: void jf.zzJd()
07-01 01:50:24.015 31716 31716 W dex2oat : Method processed more than once: void jf.zzJe()
07-01 01:50:24.015 31716 31716 W dex2oat : Method processed more than once: void jf.zzJf()
07-01 01:50:24.015 31716 31716 W dex2oat : Method processed more than once: com.google.android.gms.internal.zzaso jf.zzJg()
07-01 01:50:24.015 31716 31716 W dex2oat : Method processed more than once: jb jf.zzJh()
07-01 01:50:24.015 31716 31716 W dex2oat : Method processed more than once: com.google.android.gms.internal.zzatu jf.zzJi()
07-01 01:50:24.015 31716 31716 W dex2oat : Method processed more than once: com.google.android.gms.internal.zzatf jf.zzJj()
07-01 01:50:24.015 31716 31716 W dex2oat : Method processed more than once: com.google.android.gms.internal.zzasw jf.zzJk()
07-01 01:50:24.015 31716 31716 W dex2oat : Method processed more than once: com.google.android.gms.internal.zzatw jf.zzJl()
07-01 01:50:24.016 31716 31716 W dex2oat : Method processed more than once: com.google.android.gms.internal.zzatv jf.zzJm()
07-01 01:50:24.016 31716 31716 W dex2oat : Method processed more than once: com.google.android.gms.internal.zzatg jf.zzJn()
07-01 01:50:24.016 31716 31716 W dex2oat : Method processed more than once: com.google.android.gms.internal.zzasu jf.zzJo()
07-01 01:50:24.016 31716 31716 W dex2oat : Method processed more than once: com.google.android.gms.internal.zzaue jf.zzJp()
07-01 01:50:24.016 31716 31716 W dex2oat : Method processed more than once: com.google.android.gms.internal.zzatn jf.zzJq()
07-01 01:50:24.016 31716 31716 W dex2oat : Method processed more than once: com.google.android.gms.internal.zzaty jf.zzJr()
07-01 01:50:24.016 31716 31716 W dex2oat : Method processed more than once: com.google.android.gms.internal.zzato jf.zzJs()
07-01 01:50:24.016 31716 31716 W dex2oat : Method processed more than once: com.google.android.gms.internal.zzati jf.zzJt()
07-01 01:50:24.016 31716 31716 W dex2oat : Method processed more than once: com.google.android.gms.internal.zzatl jf.zzJu()
07-01 01:50:24.017 31716 31716 W dex2oat : Method processed more than once: com.google.android.gms.internal.zzast jf.zzJv()
07-01 01:50:24.017 31716 31716 W dex2oat : Method processed more than once: void jf.zzmq()
07-01 01:50:24.017 31716 31716 W dex2oat : Method processed more than once: com.google.android.gms.common.util.zze jf.zznq()
07-01 01:50:24.017 31716 31722 W dex2oat : Method processed more than once: void jc.<init>(com.google.android.gms.internal.zzatp)
07-01 01:50:24.017 31716 31723 W dex2oat : Method processed more than once: void jg.<init>(com.google.android.gms.internal.zzatp)
07-01 01:50:24.017 31716 31722 W dex2oat : Method processed more than once: long jc.a(jc, long)
07-01 01:50:24.017 31716 31723 W dex2oat : Method processed more than once: void jg.initialize()
07-01 01:50:24.017 31716 31722 W dex2oat : Method processed more than once: com.google.android.gms.internal.zzatp jc.a(jc)
07-01 01:50:24.017 31716 31723 W dex2oat : Method processed more than once: boolean jg.s()
07-01 01:50:24.017 31716 31722 W dex2oat : Method processed more than once: boolean jc.b(jc)
07-01 01:50:24.018 31716 31723 W dex2oat : Method processed more than once: void jg.zznA()
07-01 01:50:24.018 31716 31722 W dex2oat : Method processed more than once: android.os.Handler jc.d()
07-01 01:50:24.018 31716 31722 W dex2oat : Method processed more than once: void jc.a(long)
07-01 01:50:24.018 31716 31722 W dex2oat : Method processed more than once: boolean jc.b()
07-01 01:50:24.018 31716 31722 W dex2oat : Method processed more than once: void jc.c()
07-01 01:50:24.022 31716 31724 W dex2oat : Method processed more than once: void jw.<init>()
07-01 01:50:24.022 31716 31724 W dex2oat : Method processed more than once: void jw.serializeParams(java.lang.Object[])
07-01 01:50:24.022 31716 31724 W dex2oat : Method processed more than once: void jw.setSerializer(com.joooid.android.xmlrpc.IXMLRPCSerializer)
07-01 01:50:24.023 31716 31723 W dex2oat : Method processed more than once: void kc.<clinit>()
07-01 01:50:24.024 31716 31723 W dex2oat : Method processed more than once: void kc.<init>(com.koushikdutta.async.http.AsyncHttpRequest)
07-01 01:50:24.024 31716 31723 W dex2oat : Method processed more than once: com.koushikdutta.async.AsyncSocket kc.a(kc)
07-01 01:50:24.024 31716 31723 W dex2oat : Method processed more than once: void kc.c()
07-01 01:50:24.024 31716 31723 W dex2oat : Method processed more than once: void kc.d()
07-01 01:50:24.024 31716 31723 W dex2oat : Method processed more than once: void kc.a()
07-01 01:50:24.025 31716 31723 W dex2oat : Method processed more than once: void kc.a(com.koushikdutta.async.AsyncSocket)
07-01 01:50:24.025 31716 31723 W dex2oat : Method processed more than once: void kc.a(java.lang.Exception)
07-01 01:50:24.025 31716 31723 W dex2oat : Method processed more than once: void kc.b()
07-01 01:50:24.025 31716 31723 W dex2oat : Method processed more than once: java.lang.String kc.charset()
07-01 01:50:24.025 31716 31723 W dex2oat : Method processed more than once: void kc.close()
07-01 01:50:24.025 31716 31723 W dex2oat : Method processed more than once: int kc.code()
07-01 01:50:24.025 31716 31723 W dex2oat : Method processed more than once: com.koushikdutta.async.http.AsyncHttpClientMiddleware$ResponseHead kc.code(int)
07-01 01:50:24.026 31716 31723 W dex2oat : Method processed more than once: com.koushikdutta.async.DataEmitter kc.emitter()
07-01 01:50:24.026 31716 31723 W dex2oat : Method processed more than once: com.koushikdutta.async.http.AsyncHttpClientMiddleware$ResponseHead kc.emitter(com.koushikdutta.async.DataEmitter)
07-01 01:50:24.026 31716 31723 W dex2oat : Method processed more than once: void kc.end()
07-01 01:50:24.026 31716 31723 W dex2oat : Method processed more than once: com.koushikdutta.async.callback.CompletedCallback kc.getClosedCallback()
07-01 01:50:24.026 31716 31723 W dex2oat : Method processed more than once: com.koushikdutta.async.http.AsyncHttpRequest kc.getRequest()
07-01 01:50:24.026 31716 31723 W dex2oat : Method processed more than once: com.koushikdutta.async.AsyncServer kc.getServer()
07-01 01:50:24.027 31716 31723 W dex2oat : Method processed more than once: com.koushikdutta.async.callback.WritableCallback kc.getWriteableCallback()
07-01 01:50:24.034 31716 31723 W dex2oat : Method processed more than once: com.koushikdutta.async.DataSink kc.sink()
07-01 01:50:24.034 31716 31723 W dex2oat : Method processed more than once: com.koushikdutta.async.http.AsyncHttpClientMiddleware$ResponseHead kc.sink(com.koushikdutta.async.DataSink)
07-01 01:50:24.034 31716 31723 W dex2oat : Method processed more than once: com.koushikdutta.async.AsyncSocket kc.socket()
07-01 01:50:24.034 31716 31723 W dex2oat : Method processed more than once: java.lang.String kc.toString()
07-01 01:50:24.035 31716 31723 W dex2oat : Method processed more than once: void kc.write(com.koushikdutta.async.ByteBufferList)
07-01 01:50:24.039 31716 31716 W dex2oat : Method processed more than once: void ky.<init>(com.koushikdutta.ion.Ion, java.lang.String, boolean)
07-01 01:50:24.039 31716 31716 W dex2oat : Method processed more than once: void ky.getBitmapSnapshot(com.koushikdutta.ion.Ion, java.lang.String, java.util.ArrayList)
07-01 01:50:24.039 31716 31716 W dex2oat : Method processed more than once: void ky.saveBitmapSnapshot(com.koushikdutta.ion.Ion, com.koushikdutta.ion.bitmap.BitmapInfo)
07-01 01:50:24.039 31716 31716 W dex2oat : Method processed more than once: boolean ky.a()
07-01 01:50:24.039 31716 31716 W dex2oat : Method processed more than once: void ky.onReported()
07-01 01:50:24.039 31716 31716 W dex2oat : Method processed more than once: void ky.report(java.lang.Exception, com.koushikdutta.ion.bitmap.BitmapInfo)
07-01 01:50:24.041 31716 31723 W dex2oat : Method processed more than once: void lg.<clinit>()
07-01 01:50:24.042 31716 31723 W dex2oat : Method processed more than once: void lg.<init>(com.koushikdutta.ion.Ion)
07-01 01:50:24.042 31716 31723 W dex2oat : Method processed more than once: void lg.<init>(lj)
07-01 01:50:24.042 31716 31723 W dex2oat : Method processed more than once: void lg.a(android.widget.ImageView, android.view.animation.Animation, int)
07-01 01:50:24.042 31716 31723 W dex2oat : Method processed more than once: void lg.a(java.lang.String)
07-01 01:50:24.042 31716 31723 W dex2oat : Method processed more than once: java.lang.String lg.computeBitmapKey(java.lang.String, java.util.List)
07-01 01:50:24.042 31716 31723 W dex2oat : Method processed more than once: java.lang.String lg.computeDecodeKey(lj, int, int, boolean, boolean)
07-01 01:50:24.042 31716 31723 W dex2oat : Method processed more than once: java.lang.String lg.d()
07-01 01:50:24.042 31716 31723 W dex2oat : Method processed more than once: kz lg.a(int, int)
07-01 01:50:24.043 31716 31723 W dex2oat : Method processed more than once: void lg.a()
07-01 01:50:24.043 31716 31723 W dex2oat : Method processed more than once: void lg.addDefaultTransform()
07-01 01:50:24.043 31716 31723 W dex2oat : Method processed more than once: com.koushikdutta.ion.builder.ImageViewBuilder lg.animateGif(com.koushikdutta.ion.builder.AnimateGifMode)
07-01 01:50:24.043 31716 31723 W dex2oat : Method processed more than once: lg lg.animateGif(com.koushikdutta.ion.builder.AnimateGifMode)
07-01 01:50:24.043 31716 31723 W dex2oat : Method processed more than once: com.koushikdutta.async.future.Future lg.asBitmap()
07-01 01:50:24.043 31716 31723 W dex2oat : Method processed more than once: com.koushikdutta.ion.bitmap.BitmapInfo lg.asCachedBitmap()
07-01 01:50:24.043 31716 31723 W dex2oat : Method processed more than once: kz lg.b()
07-01 01:50:24.043 31716 31723 W dex2oat : Method processed more than once: boolean lg.c()
07-01 01:50:24.044 31716 31723 W dex2oat : Method processed more than once: com.koushikdutta.ion.builder.BitmapBuilder lg.centerCrop()
07-01 01:50:24.044 31716 31723 W dex2oat : Method processed more than once: lg lg.centerCrop()
07-01 01:50:24.044 31716 31723 W dex2oat : Method processed more than once: com.koushikdutta.ion.builder.BitmapBuilder lg.centerInside()
07-01 01:50:24.044 31716 31723 W dex2oat : Method processed more than once: lg lg.centerInside()
07-01 01:50:24.044 31716 31723 W dex2oat : Method processed more than once: java.lang.String lg.computeBitmapKey(java.lang.String)
07-01 01:50:24.044 31716 31723 W dex2oat : Method processed more than once: com.koushikdutta.ion.builder.ImageViewBuilder lg.deepZoom()
07-01 01:50:24.044 31716 31723 W dex2oat : Method processed more than once: lg lg.deepZoom()
07-01 01:50:24.044 31716 31723 W dex2oat : Method processed more than once: lj lg.ensureBuilder()
07-01 01:50:24.044 31716 31723 W dex2oat : Method processed more than once: com.koushikdutta.ion.builder.BitmapBuilder lg.fitCenter()
07-01 01:50:24.045 31716 31723 W dex2oat : Method processed more than once: lg lg.fitCenter()
07-01 01:50:24.045 31716 31723 W dex2oat : Method processed more than once: com.koushikdutta.ion.builder.BitmapBuilder lg.fitXY()
07-01 01:50:24.045 31716 31723 W dex2oat : Method processed more than once: lg lg.fitXY()
07-01 01:50:24.045 31716 31723 W dex2oat : Method processed more than once: com.koushikdutta.ion.bitmap.LocallyCachedStatus lg.isLocallyCached()
07-01 01:50:24.045 31716 31723 W dex2oat : Method processed more than once: com.koushikdutta.ion.builder.BitmapBuilder lg.postProcess(com.koushikdutta.ion.bitmap.PostProcess)
07-01 01:50:24.045 31716 31723 W dex2oat : Method processed more than once: lg lg.postProcess(com.koushikdutta.ion.bitmap.PostProcess)
07-01 01:50:24.045 31716 31723 W dex2oat : Method processed more than once: com.koushikdutta.ion.builder.BitmapBuilder lg.resize(int, int)
07-01 01:50:24.046 31716 31723 W dex2oat : Method processed more than once: lg lg.resize(int, int)
07-01 01:50:24.046 31716 31724 W dex2oat : Method processed more than once: void ll.<init>(com.koushikdutta.ion.Ion, java.lang.String, boolean, boolean)
07-01 01:50:24.046 31716 31723 W dex2oat : Method processed more than once: com.koushikdutta.ion.builder.BitmapBuilder lg.resizeHeight(int)
07-01 01:50:24.047 31716 31723 W dex2oat : Method processed more than once: lg lg.resizeHeight(int)
07-01 01:50:24.047 31716 31723 W dex2oat : Method processed more than once: com.koushikdutta.ion.builder.BitmapBuilder lg.resizeWidth(int)
07-01 01:50:24.047 31716 31723 W dex2oat : Method processed more than once: lg lg.resizeWidth(int)
07-01 01:50:24.047 31716 31723 W dex2oat : Method processed more than once: com.koushikdutta.ion.builder.BitmapBuilder lg.smartSize(boolean)
07-01 01:50:24.047 31716 31723 W dex2oat : Method processed more than once: lg lg.smartSize(boolean)
07-01 01:50:24.047 31716 31723 W dex2oat : Method processed more than once: com.koushikdutta.ion.builder.BitmapBuilder lg.transform(com.koushikdutta.ion.bitmap.Transform)
07-01 01:50:24.047 31716 31723 W dex2oat : Method processed more than once: lg lg.transform(com.koushikdutta.ion.bitmap.Transform)
07-01 01:50:24.075 31716 31723 W dex2oat : Method processed more than once: void okhttp3.ResponseBody.<init>()
07-01 01:50:24.075 31716 31723 W dex2oat : Method processed more than once: java.nio.charset.Charset okhttp3.ResponseBody.charset()
07-01 01:50:24.075 31716 31723 W dex2oat : Method processed more than once: okhttp3.ResponseBody okhttp3.ResponseBody.create(okhttp3.MediaType, long, okio.BufferedSource)
07-01 01:50:24.075 31716 31723 W dex2oat : Method processed more than once: okhttp3.ResponseBody okhttp3.ResponseBody.create(okhttp3.MediaType, java.lang.String)
07-01 01:50:24.075 31716 31723 W dex2oat : Method processed more than once: okhttp3.ResponseBody okhttp3.ResponseBody.create(okhttp3.MediaType, byte[])
07-01 01:50:24.075 31716 31723 W dex2oat : Method processed more than once: java.io.InputStream okhttp3.ResponseBody.byteStream()
07-01 01:50:24.076 31716 31723 W dex2oat : Method processed more than once: byte[] okhttp3.ResponseBody.bytes()
07-01 01:50:24.077 31716 31723 W dex2oat : Method processed more than once: java.io.Reader okhttp3.ResponseBody.charStream()
07-01 01:50:24.077 31716 31723 W dex2oat : Method processed more than once: void okhttp3.ResponseBody.close()
07-01 01:50:24.084 31716 31723 W dex2oat : Method processed more than once: java.lang.String okhttp3.ResponseBody.string()
07-01 01:50:24.142 31716 31722 W dex2oat : Method processed more than once: void org.apache.commons.httpclient.HttpClient.<clinit>()
07-01 01:50:24.142 31716 31722 W dex2oat : Method processed more than once: void org.apache.commons.httpclient.HttpClient.<init>()
07-01 01:50:24.142 31716 31722 W dex2oat : Method processed more than once: void org.apache.commons.httpclient.HttpClient.<init>(org.apache.commons.httpclient.HttpConnectionManager)
07-01 01:50:24.142 31716 31722 W dex2oat : Method processed more than once: void org.apache.commons.httpclient.HttpClient.<init>(org.apache.commons.httpclient.params.HttpClientParams)
07-01 01:50:24.142 31716 31722 W dex2oat : Method processed more than once: void org.apache.commons.httpclient.HttpClient.<init>(org.apache.commons.httpclient.params.HttpClientParams, org.apache.commons.httpclient.HttpConnectionManager)
07-01 01:50:24.142 31716 31722 W dex2oat : Method processed more than once: java.lang.Class org.apache.commons.httpclient.HttpClient.a(java.lang.String)
07-01 01:50:24.142 31716 31722 W dex2oat : Method processed more than once: int org.apache.commons.httpclient.HttpClient.executeMethod(org.apache.commons.httpclient.HostConfiguration, org.apache.commons.httpclient.HttpMethod)
07-01 01:50:24.142 31716 31722 W dex2oat : Method processed more than once: int org.apache.commons.httpclient.HttpClient.executeMethod(org.apache.commons.httpclient.HostConfiguration, org.apache.commons.httpclient.HttpMethod, org.apache.commons.httpclient.HttpState)
07-01 01:50:24.143 31716 31722 W dex2oat : Method processed more than once: int org.apache.commons.httpclient.HttpClient.executeMethod(org.apache.commons.httpclient.HttpMethod)
07-01 01:50:24.143 31716 31722 W dex2oat : Method processed more than once: java.lang.String org.apache.commons.httpclient.HttpClient.getHost()
07-01 01:50:24.143 31716 31722 W dex2oat : Method processed more than once: org.apache.commons.httpclient.HostConfiguration org.apache.commons.httpclient.HttpClient.getHostConfiguration()
07-01 01:50:24.143 31716 31722 W dex2oat : Method processed more than once: org.apache.commons.httpclient.HttpConnectionManager org.apache.commons.httpclient.HttpClient.getHttpConnectionManager()
07-01 01:50:24.143 31716 31722 W dex2oat : Method processed more than once: org.apache.commons.httpclient.params.HttpClientParams org.apache.commons.httpclient.HttpClient.getParams()
07-01 01:50:24.143 31716 31722 W dex2oat : Method processed more than once: int org.apache.commons.httpclient.HttpClient.getPort()
07-01 01:50:24.143 31716 31722 W dex2oat : Method processed more than once: org.apache.commons.httpclient.HttpState org.apache.commons.httpclient.HttpClient.getState()
07-01 01:50:24.144 31716 31722 W dex2oat : Method processed more than once: boolean org.apache.commons.httpclient.HttpClient.isStrictMode()
07-01 01:50:24.144 31716 31722 W dex2oat : Method processed more than once: void org.apache.commons.httpclient.HttpClient.setConnectionTimeout(int)
07-01 01:50:24.144 31716 31722 W dex2oat : Method processed more than once: void org.apache.commons.httpclient.HttpClient.setHostConfiguration(org.apache.commons.httpclient.HostConfiguration)
07-01 01:50:24.144 31716 31722 W dex2oat : Method processed more than once: void org.apache.commons.httpclient.HttpClient.setHttpConnectionFactoryTimeout(long)
07-01 01:50:24.144 31716 31722 W dex2oat : Method processed more than once: void org.apache.commons.httpclient.HttpClient.setHttpConnectionManager(org.apache.commons.httpclient.HttpConnectionManager)
07-01 01:50:24.144 31716 31722 W dex2oat : Method processed more than once: void org.apache.commons.httpclient.HttpClient.setParams(org.apache.commons.httpclient.params.HttpClientParams)
07-01 01:50:24.144 31716 31722 W dex2oat : Method processed more than once: void org.apache.commons.httpclient.HttpClient.setState(org.apache.commons.httpclient.HttpState)
07-01 01:50:24.145 31716 31722 W dex2oat : Method processed more than once: void org.apache.commons.httpclient.HttpClient.setStrictMode(boolean)
07-01 01:50:24.145 31716 31722 W dex2oat : Method processed more than once: void org.apache.commons.httpclient.HttpClient.setTimeout(int)
07-01 01:50:24.175  3403  3403 I MicroDetectionWorker: #updateMicroDetector [detectionMode: [mDetectionMode: [1]]]
07-01 01:50:24.175  3403  3403 I MicroDetectionWorker: #startMicroDetector [speakerMode: 0]
07-01 01:50:24.175  3403  3403 I AudioController: Using mInputStreamFactoryBuilder
07-01 01:50:24.177  3403  3403 I MicroDetectionWorker: onReady
07-01 01:50:24.183  3403 29316 I MicroRecognitionRunner: Starting detection.
07-01 01:50:24.187  3403 30372 I MicrophoneInputStream: mic_starting com.google.android.apps.gsa.staticplugins.aa.c@1c2f57e
07-01 01:50:24.188  1547  1596 W ServiceManager: Permission failure: android.permission.RECORD_AUDIO from uid=10032 pid=3403
07-01 01:50:24.188  1547  1596 E         : Request requires android.permission.RECORD_AUDIO
07-01 01:50:24.188  1547  1596 E         : android.permission.CAPTURE_AUDIO_HOTWORD
07-01 01:50:24.188  3403 30372 E AudioRecord: Could not get audio input for session 23361, record source 1999, sample rate 16000, format 0x1, channel mask 0x10, flags 0
07-01 01:50:24.188  3403 30372 E AudioRecord-JNI: Error creating AudioRecord instance: initialization check failed with status -22.
07-01 01:50:24.189  3403 30372 E android.media.AudioRecord: Error code -20 when initializing native AudioRecord object.
07-01 01:50:24.189  3403 30372 I MicrophoneInputStream: mic_started com.google.android.apps.gsa.staticplugins.aa.c@1c2f57e
07-01 01:50:24.189  3403 30372 E ActivityThread: Failed to find provider info for com.google.android.apps.gsa.testing.ui.audio.recorded
07-01 01:50:24.193  3403  3403 I MicroDetectionWorker: onReady
07-01 01:50:24.201  3403 30372 I MicrophoneInputStream: mic_close com.google.android.apps.gsa.staticplugins.aa.c@1c2f57e
07-01 01:50:24.203  3403 29316 I MicroRecognitionRunner: Detection finished
07-01 01:50:24.204  3403 29316 W ErrorReporter: reportError [type: 211, code: 524300]: Error reading from input stream
07-01 01:50:24.205  3403  3542 I MicroRecognitionRunner: Stopping hotword detection.
07-01 01:50:24.205  3403 29316 W ErrorProcessor: onFatalError, processing error from engine(4)
07-01 01:50:24.205  3403 29316 W ErrorProcessor: com.google.android.apps.gsa.shared.speech.b.g: Error reading from input stream
07-01 01:50:24.205  3403 29316 W ErrorProcessor: 	at com.google.android.apps.gsa.staticplugins.recognizer.j.a.a(SourceFile:28)
07-01 01:50:24.205  3403 29316 W ErrorProcessor: 	at com.google.android.apps.gsa.staticplugins.recognizer.j.b.run(SourceFile:15)
07-01 01:50:24.205  3403 29316 W ErrorProcessor: 	at java.util.concurrent.Executors$RunnableAdapter.call(Executors.java:457)
07-01 01:50:24.205  3403 29316 W ErrorProcessor: 	at java.util.concurrent.FutureTask.run(FutureTask.java:266)
07-01 01:50:24.205  3403 29316 W ErrorProcessor: 	at java.util.concurrent.Executors$RunnableAdapter.call(Executors.java:457)
07-01 01:50:24.205  3403 29316 W ErrorProcessor: 	at java.util.concurrent.FutureTask.run(FutureTask.java:266)
