07-01 01:52:53.466   609   609 D AndroidRuntime: >>>>>> START com.android.internal.os.RuntimeInit uid 2000 <<<<<<
07-01 01:52:53.504   609   609 W app_process: Unexpected CPU variant for X86 using defaults: x86
07-01 01:52:53.505   609   609 I app_process: The ClassLoaderContext is a special shared library.
07-01 01:52:53.505   609   609 I app_process: The ClassLoaderContext is a special shared library.
07-01 01:52:53.522   609   609 D AndroidRuntime: Calling main entry com.android.commands.uiautomator.Launcher
07-01 01:52:53.683  1675  1689 E memtrack: Couldn't load memtrack module
07-01 01:52:53.683  1675  1689 W android.os.Debug: failed to get memory consumption info: -1
07-01 01:52:53.745 25033 25068 W native  : jpeg_io.cc:108 File's first two bytes does not match the sequence 216
07-01 01:52:54.546   609   609 I app_process: Deoptimizing java.lang.String com.android.uiautomator.core.AccessibilityNodeInfoDumper.stripInvalidXMLChars(java.lang.CharSequence) due to JIT inline cache
07-01 01:52:54.550   609   609 W AccessibilityNodeInfoDumper: Fetch time: 7ms
07-01 01:52:54.550  1675  3753 W WindowManager: removeWindowToken: Attempted to remove non-existing token: android.os.Binder@23e4671
07-01 01:52:54.556   609   609 D AndroidRuntime: Shutting down VM
07-01 01:52:54.743   622   622 D AndroidRuntime: >>>>>> START com.android.internal.os.RuntimeInit uid 2000 <<<<<<
07-01 01:52:54.778   622   622 W app_process: Unexpected CPU variant for X86 using defaults: x86
07-01 01:52:54.780   622   622 I app_process: The ClassLoaderContext is a special shared library.
07-01 01:52:54.796   622   622 D AndroidRuntime: Calling main entry com.android.commands.input.Input
07-01 01:52:54.803   622   622 I Input   : injectMotionEvent: MotionEvent { action=ACTION_DOWN, actionButton=0, id[0]=0, x[0]=540.0, y[0]=1720.0, toolType[0]=TOOL_TYPE_UNKNOWN, buttonState=0, metaState=0, flags=0x0, edgeFlags=0x0, pointerCount=1, historySize=0, eventTime=38451061, downTime=38451061, deviceId=0, source=0x1002 }
07-01 01:52:54.807   622   622 I Input   : injectMotionEvent: MotionEvent { action=ACTION_UP, actionButton=0, id[0]=0, x[0]=540.0, y[0]=1720.0, toolType[0]=TOOL_TYPE_UNKNOWN, buttonState=0, metaState=0, flags=0x0, edgeFlags=0x0, pointerCount=1, historySize=0, eventTime=38451061, downTime=38451061, deviceId=0, source=0x1002 }
07-01 01:52:54.810   622   622 D AndroidRuntime: Shutting down VM
07-01 01:52:54.832  1435  4658 W audio_hw_generic: Not supplying enough data to HAL, expected position 20660679 , only wrote 20660400
07-01 01:52:54.895  1435  4658 W audio_hw_generic: Not supplying enough data to HAL, expected position 20663453 , only wrote 20661840
07-01 01:52:54.943  1547  1599 D AudioFlinger: mixer(0xf1183300) throttle end: throttle time(10)
07-01 01:52:54.962 31761 31766 I zygote  : Do full code cache collection, code=239KB, data=172KB
07-01 01:52:54.964 31761 31766 I zygote  : After code cache collection, code=206KB, data=125KB
07-01 01:52:54.970  1675  1685 I zygote  : Background concurrent copying GC freed 18330(1430KB) AllocSpace objects, 16(320KB) LOS objects, 30% free, 13MB/19MB, paused 381us total 140.059ms
07-01 01:52:58.106  1435  1595 W audio_hw_generic: Not supplying enough data to HAL, expected position 20968313 , only wrote 20815920
07-01 01:52:58.512  1784  1784 W LstmExtension: no lmDescriptor could be found for en_US/20170411
07-01 01:52:58.512  1784  1784 W LstmExtension: no lmDescriptor could be found for en_US/20170411
07-01 01:52:58.699   649   649 D AndroidRuntime: >>>>>> START com.android.internal.os.RuntimeInit uid 2000 <<<<<<
07-01 01:52:58.735   649   649 W app_process: Unexpected CPU variant for X86 using defaults: x86
07-01 01:52:58.736   649   649 I app_process: The ClassLoaderContext is a special shared library.
07-01 01:52:58.737   649   649 I app_process: The ClassLoaderContext is a special shared library.
07-01 01:52:58.751   649   649 D AndroidRuntime: Calling main entry com.android.commands.uiautomator.Launcher
07-01 01:52:59.774   649   649 I app_process: Deoptimizing java.lang.String com.android.uiautomator.core.AccessibilityNodeInfoDumper.stripInvalidXMLChars(java.lang.CharSequence) due to JIT inline cache
07-01 01:52:59.777   649   649 W AccessibilityNodeInfoDumper: Fetch time: 8ms
07-01 01:52:59.778  1675  1813 W WindowManager: removeWindowToken: Attempted to remove non-existing token: android.os.Binder@a62b0c1
07-01 01:52:59.783   649   649 D AndroidRuntime: Shutting down VM
07-01 01:53:00.619   676   676 D AndroidRuntime: >>>>>> START com.android.internal.os.RuntimeInit uid 2000 <<<<<<
07-01 01:53:00.658   676   676 W app_process: Unexpected CPU variant for X86 using defaults: x86
07-01 01:53:00.658   676   676 I app_process: The ClassLoaderContext is a special shared library.
07-01 01:53:00.659   676   676 I app_process: The ClassLoaderContext is a special shared library.
07-01 01:53:00.672   676   676 D AndroidRuntime: Calling main entry com.android.commands.uiautomator.Launcher
07-01 01:53:01.695   676   676 I app_process: Deoptimizing java.lang.String com.android.uiautomator.core.AccessibilityNodeInfoDumper.stripInvalidXMLChars(java.lang.CharSequence) due to JIT inline cache
07-01 01:53:01.699   676   676 W AccessibilityNodeInfoDumper: Fetch time: 7ms
07-01 01:53:01.700  1675 22554 W WindowManager: removeWindowToken: Attempted to remove non-existing token: android.os.Binder@6d5dc54
07-01 01:53:01.706   676   676 D AndroidRuntime: Shutting down VM
07-01 01:53:01.945   698   698 D AndroidRuntime: >>>>>> START com.android.internal.os.RuntimeInit uid 2000 <<<<<<
07-01 01:53:01.982   698   698 W app_process: Unexpected CPU variant for X86 using defaults: x86
07-01 01:53:01.984   698   698 I app_process: The ClassLoaderContext is a special shared library.
07-01 01:53:01.984   698   698 I app_process: The ClassLoaderContext is a special shared library.
07-01 01:53:01.998   698   698 D AndroidRuntime: Calling main entry com.android.commands.uiautomator.Launcher
07-01 01:53:03.019   698   698 I app_process: Deoptimizing java.lang.String com.android.uiautomator.core.AccessibilityNodeInfoDumper.stripInvalidXMLChars(java.lang.CharSequence) due to JIT inline cache
07-01 01:53:03.023   698   698 W AccessibilityNodeInfoDumper: Fetch time: 7ms
07-01 01:53:03.023  1675 22554 W WindowManager: removeWindowToken: Attempted to remove non-existing token: android.os.Binder@d45fcf2
07-01 01:53:03.029   698   698 D AndroidRuntime: Shutting down VM
07-01 01:53:03.872   725   725 D AndroidRuntime: >>>>>> START com.android.internal.os.RuntimeInit uid 2000 <<<<<<
07-01 01:53:03.908   725   725 W app_process: Unexpected CPU variant for X86 using defaults: x86
07-01 01:53:03.910   725   725 I app_process: The ClassLoaderContext is a special shared library.
07-01 01:53:03.910   725   725 I app_process: The ClassLoaderContext is a special shared library.
07-01 01:53:03.924   725   725 D AndroidRuntime: Calling main entry com.android.commands.uiautomator.Launcher
07-01 01:53:04.824  1675  1689 E memtrack: Couldn't load memtrack module
07-01 01:53:04.824  1675  1689 W android.os.Debug: failed to get memory consumption info: -1
07-01 01:53:04.949   725   725 I app_process: Deoptimizing java.lang.String com.android.uiautomator.core.AccessibilityNodeInfoDumper.stripInvalidXMLChars(java.lang.CharSequence) due to JIT inline cache
07-01 01:53:04.953   725   725 W AccessibilityNodeInfoDumper: Fetch time: 8ms
07-01 01:53:04.954  1675 22554 W WindowManager: removeWindowToken: Attempted to remove non-existing token: android.os.Binder@16bb6f9
07-01 01:53:04.960   725   725 D AndroidRuntime: Shutting down VM
07-01 01:53:05.865   758   758 D AndroidRuntime: >>>>>> START com.android.internal.os.RuntimeInit uid 2000 <<<<<<
07-01 01:53:05.905   758   758 W app_process: Unexpected CPU variant for X86 using defaults: x86
07-01 01:53:05.907   758   758 I app_process: The ClassLoaderContext is a special shared library.
07-01 01:53:05.908   758   758 I app_process: The ClassLoaderContext is a special shared library.
07-01 01:53:05.925   758   758 D AndroidRuntime: Calling main entry com.android.commands.uiautomator.Launcher
07-01 01:53:06.789  1675  3270 D WificondControl: Scan result ready event
07-01 01:53:06.948   758   758 I app_process: Deoptimizing java.lang.String com.android.uiautomator.core.AccessibilityNodeInfoDumper.stripInvalidXMLChars(java.lang.CharSequence) due to JIT inline cache
07-01 01:53:06.952   758   758 W AccessibilityNodeInfoDumper: Fetch time: 8ms
07-01 01:53:06.953  1675  3270 W WindowManager: removeWindowToken: Attempted to remove non-existing token: android.os.Binder@80eb3bb
07-01 01:53:06.963   758   758 D AndroidRuntime: Shutting down VM
07-01 01:53:07.164  1453  1501 E SurfaceFlinger: ro.sf.lcd_density must be defined as a build property
07-01 01:53:07.173  1443  1489 D gralloc_ranchu: gralloc_alloc: Creating ashmem region of size 8298496
07-01 01:53:07.178   774   774 D         : HostConnection::get() New Host Connection established 0xf19c8240, tid 774
07-01 01:53:07.190  1453  1501 D         : HostConnection::get() New Host Connection established 0xf5e923c0, tid 1501
07-01 01:53:07.194  1453  1501 D gralloc_ranchu: gralloc_unregister_buffer: exiting HostConnection (is buffer-handling thread)
07-01 01:53:07.195  1453  1501 D         : HostConnection::get() New Host Connection established 0xf5e923c0, tid 1501
07-01 01:53:07.195  1453  1501 D gralloc_ranchu: gralloc_unregister_buffer: exiting HostConnection (is buffer-handling thread)
07-01 01:53:07.323 26659 26659 D MediaScannerReceiver: action: android.intent.action.MEDIA_SCANNER_SCAN_FILE path: /storage/emulated/0/screen.png
07-01 01:53:09.728   789   789 D AndroidRuntime: >>>>>> START com.android.internal.os.RuntimeInit uid 2000 <<<<<<
07-01 01:53:09.731   789   789 W app_process: Could not reserve sentinel fault page
07-01 01:53:09.764   789   789 W app_process: Unexpected CPU variant for X86 using defaults: x86
07-01 01:53:09.766   789   789 I app_process: The ClassLoaderContext is a special shared library.
07-01 01:53:09.767   789   789 I app_process: The ClassLoaderContext is a special shared library.
07-01 01:53:09.782   789   789 D AndroidRuntime: Calling main entry com.android.commands.uiautomator.Launcher
07-01 01:53:10.810   789   789 I app_process: Deoptimizing java.lang.String com.android.uiautomator.core.AccessibilityNodeInfoDumper.stripInvalidXMLChars(java.lang.CharSequence) due to JIT inline cache
07-01 01:53:10.813   789   789 W AccessibilityNodeInfoDumper: Fetch time: 7ms
07-01 01:53:10.814  1675  2520 W WindowManager: removeWindowToken: Attempted to remove non-existing token: android.os.Binder@d347a6d
07-01 01:53:10.820   789   789 D AndroidRuntime: Shutting down VM
07-01 01:53:13.060   810   810 D AndroidRuntime: >>>>>> START com.android.internal.os.RuntimeInit uid 2000 <<<<<<
07-01 01:53:13.095   810   810 W app_process: Unexpected CPU variant for X86 using defaults: x86
07-01 01:53:13.096   810   810 I app_process: The ClassLoaderContext is a special shared library.
07-01 01:53:13.098   810   810 I app_process: The ClassLoaderContext is a special shared library.
07-01 01:53:13.113   810   810 D AndroidRuntime: Calling main entry com.android.commands.uiautomator.Launcher
07-01 01:53:14.137   810   810 I app_process: Deoptimizing java.lang.String com.android.uiautomator.core.AccessibilityNodeInfoDumper.stripInvalidXMLChars(java.lang.CharSequence) due to JIT inline cache
07-01 01:53:14.141   810   810 W AccessibilityNodeInfoDumper: Fetch time: 7ms
07-01 01:53:14.141  1675  1813 W WindowManager: removeWindowToken: Attempted to remove non-existing token: android.os.Binder@301df33
07-01 01:53:14.148   810   810 D AndroidRuntime: Shutting down VM
07-01 01:53:14.383   839   839 D AndroidRuntime: >>>>>> START com.android.internal.os.RuntimeInit uid 2000 <<<<<<
07-01 01:53:14.421   839   839 W app_process: Unexpected CPU variant for X86 using defaults: x86
07-01 01:53:14.422   839   839 I app_process: The ClassLoaderContext is a special shared library.
07-01 01:53:14.423   839   839 I app_process: The ClassLoaderContext is a special shared library.
07-01 01:53:14.438   839   839 D AndroidRuntime: Calling main entry com.android.commands.uiautomator.Launcher
07-01 01:53:15.465   839   839 I app_process: Deoptimizing java.lang.String com.android.uiautomator.core.AccessibilityNodeInfoDumper.stripInvalidXMLChars(java.lang.CharSequence) due to JIT inline cache
07-01 01:53:15.469   839   839 W AccessibilityNodeInfoDumper: Fetch time: 7ms
07-01 01:53:15.470  1675  3753 W WindowManager: removeWindowToken: Attempted to remove non-existing token: android.os.Binder@42b5069
07-01 01:53:15.476   839   839 D AndroidRuntime: Shutting down VM
07-01 01:53:15.709   856   856 D AndroidRuntime: >>>>>> START com.android.internal.os.RuntimeInit uid 2000 <<<<<<
07-01 01:53:15.744   856   856 W app_process: Unexpected CPU variant for X86 using defaults: x86
07-01 01:53:15.746   856   856 I app_process: The ClassLoaderContext is a special shared library.
07-01 01:53:15.746   856   856 I app_process: The ClassLoaderContext is a special shared library.
07-01 01:53:15.760   856   856 D AndroidRuntime: Calling main entry com.android.commands.uiautomator.Launcher
07-01 01:53:16.831   856   856 I app_process: Deoptimizing java.lang.String com.android.uiautomator.core.AccessibilityNodeInfoDumper.stripInvalidXMLChars(java.lang.CharSequence) due to JIT inline cache
07-01 01:53:16.846   856   856 W AccessibilityNodeInfoDumper: Fetch time: 30ms
07-01 01:53:16.848  1675  2520 W WindowManager: removeWindowToken: Attempted to remove non-existing token: android.os.Binder@c713b8f
07-01 01:53:16.863   856   856 D AndroidRuntime: Shutting down VM
07-01 01:53:17.161   877   877 D AndroidRuntime: >>>>>> START com.android.internal.os.RuntimeInit uid 2000 <<<<<<
07-01 01:53:17.164   877   877 W app_process: Could not reserve sentinel fault page
07-01 01:53:17.216   877   877 W app_process: Unexpected CPU variant for X86 using defaults: x86
07-01 01:53:17.219   877   877 I app_process: The ClassLoaderContext is a special shared library.
07-01 01:53:17.219   877   877 I app_process: The ClassLoaderContext is a special shared library.
07-01 01:53:17.234   877   877 D AndroidRuntime: Calling main entry com.android.commands.uiautomator.Launcher
07-01 01:53:17.449  1675  1689 E memtrack: Couldn't load memtrack module
07-01 01:53:17.449  1675  1689 W android.os.Debug: failed to get memory consumption info: -1
07-01 01:53:17.520 25033 25067 W native  : jpeg_io.cc:108 File's first two bytes does not match the sequence 216
07-01 01:53:18.260   877   877 I app_process: Deoptimizing java.lang.String com.android.uiautomator.core.AccessibilityNodeInfoDumper.stripInvalidXMLChars(java.lang.CharSequence) due to JIT inline cache
07-01 01:53:18.264   877   877 W AccessibilityNodeInfoDumper: Fetch time: 8ms
07-01 01:53:18.265  1675  1686 W WindowManager: removeWindowToken: Attempted to remove non-existing token: android.os.Binder@a9f8a25
07-01 01:53:18.273   877   877 D AndroidRuntime: Shutting down VM
07-01 01:53:18.458   890   890 D AndroidRuntime: >>>>>> START com.android.internal.os.RuntimeInit uid 2000 <<<<<<
07-01 01:53:18.499   890   890 W app_process: Unexpected CPU variant for X86 using defaults: x86
07-01 01:53:18.500   890   890 I app_process: The ClassLoaderContext is a special shared library.
07-01 01:53:18.517   890   890 D AndroidRuntime: Calling main entry com.android.commands.input.Input
07-01 01:53:18.521   890   890 I Input   : injectMotionEvent: MotionEvent { action=ACTION_DOWN, actionButton=0, id[0]=0, x[0]=180.0, y[0]=1720.0, toolType[0]=TOOL_TYPE_UNKNOWN, buttonState=0, metaState=0, flags=0x0, edgeFlags=0x0, pointerCount=1, historySize=0, eventTime=38474780, downTime=38474780, deviceId=0, source=0x1002 }
07-01 01:53:18.523   890   890 I Input   : injectMotionEvent: MotionEvent { action=ACTION_UP, actionButton=0, id[0]=0, x[0]=180.0, y[0]=1720.0, toolType[0]=TOOL_TYPE_UNKNOWN, buttonState=0, metaState=0, flags=0x0, edgeFlags=0x0, pointerCount=1, historySize=0, eventTime=38474780, downTime=38474780, deviceId=0, source=0x1002 }
07-01 01:53:18.525   890   890 D AndroidRuntime: Shutting down VM
07-01 01:53:18.535  1675  3753 I ActivityManager: START u0 {flg=0x4000000 cmp=org.fossasia.phimpme/.opencamera.Camera.CameraActivity} from uid 10116
07-01 01:53:18.543  1435  4658 W audio_hw_generic: Not supplying enough data to HAL, expected position 20816211 , only wrote 20815920
07-01 01:53:18.606  1435  4658 W audio_hw_generic: Not supplying enough data to HAL, expected position 20818951 , only wrote 20818800
07-01 01:53:18.608  1435  4658 W audio_hw_generic: Not supplying enough data to HAL, expected position 20818895 , only wrote 20818800
07-01 01:53:18.623  1675  1693 I WifiService: requestActivityInfo uid=1000
07-01 01:53:18.624  1675  1693 I WifiService: reportActivityInfo uid=1000
07-01 01:53:18.624  1675  1693 I WifiService: getSupportedFeatures uid=1000
07-01 01:53:18.650  1547  1599 D AudioFlinger: mixer(0xf1183300) throttle end: throttle time(10)
07-01 01:53:18.670 31761 31761 I zygote  : Deoptimizing android.view.View lt$a.onCreateView(android.view.View, java.lang.String, android.content.Context, android.util.AttributeSet) due to JIT inline cache
07-01 01:53:18.679 31761 31761 I zygote  : Deoptimizing void android.support.v7.widget.AppCompatImageHelper.loadFromAttributes(android.util.AttributeSet, int) due to JIT inline cache
07-01 01:53:18.706 31761 31761 I CameraManagerGlobal: Connecting to camera service
07-01 01:53:18.754 31761   915 V NuMediaExtractor: setDataSource fd=77 (/data/app/org.fossasia.phimpme-Nd9WefANFGRPov4pG8fcFg==/base.apk), offset=31488924, length=7629
07-01 01:53:18.772  6645  6645 I TTS     : Creating Google TTS service, version 3.13.1
07-01 01:53:18.776 31761   913 I TextToSpeech: Sucessfully bound to com.google.android.tts
07-01 01:53:18.782 31761   915 V NuMediaExtractor: track of type 'audio/vorbis' does not publish bitrate
07-01 01:53:18.784  6645  6645 I TTS     : Loading library tts_android
07-01 01:53:18.793  1443  1489 D gralloc_ranchu: gralloc_alloc: Creating ashmem region of size 8298496
07-01 01:53:18.800  1453  1479 D         : HostConnection::get() New Host Connection established 0xf5e921c0, tid 1479
07-01 01:53:18.808  1675  1686 I ActivityManager: START u0 {act=android.content.pm.action.REQUEST_PERMISSIONS pkg=com.google.android.packageinstaller cmp=com.google.android.packageinstaller/com.android.packageinstaller.permission.ui.GrantPermissionsActivity (has extras)} from uid 10116
07-01 01:53:18.817  1821  2022 D EGL_emulation: eglMakeCurrent: 0xcaa53860: ver 3 0 (tinfo 0xcacfc4e0)
07-01 01:53:18.819 31761   916 I OMXClient: Treble IOmx obtained
07-01 01:53:18.827  1821  2022 D EGL_emulation: eglMakeCurrent: 0xcaa53860: ver 3 0 (tinfo 0xcacfc4e0)
07-01 01:53:18.831 31761 31797 D EGL_emulation: eglMakeCurrent: 0xdbd85720: ver 3 0 (tinfo 0xdbd83330)
07-01 01:53:18.834  6645  6645 I TTS     : Couldn't read preferred locale from settings.
07-01 01:53:18.833  1821  2022 D EGL_emulation: eglMakeCurrent: 0xcaa53860: ver 3 0 (tinfo 0xcacfc4e0)
07-01 01:53:18.836  1559  4070 I OMXMaster: makeComponentInstance(OMX.google.vorbis.decoder) in omx@1.0-service process
07-01 01:53:18.849  6645   921 I TTS     : Initializing en-us-x-sfg-lstm-embedded from apk
07-01 01:53:18.855  1821  2022 D EGL_emulation: eglMakeCurrent: 0xcaa53860: ver 3 0 (tinfo 0xcacfc4e0)
07-01 01:53:18.863  1821  2022 D EGL_emulation: eglMakeCurrent: 0xcaa53860: ver 3 0 (tinfo 0xcacfc4e0)
07-01 01:53:18.865  1443  1489 D gralloc_ranchu: gralloc_alloc: Creating ashmem region of size 8298496
07-01 01:53:18.871  1821  2022 D EGL_emulation: eglMakeCurrent: 0xcaa53860: ver 3 0 (tinfo 0xcacfc4e0)
07-01 01:53:18.873 31761 31797 D EGL_emulation: eglMakeCurrent: 0xdbd85720: ver 3 0 (tinfo 0xdbd83330)
07-01 01:53:18.876  1559  1604 E OMXNodeInstance: getConfig(0xe9020a80:google.vorbis.decoder, ConfigAndroidVendorExtension(0x6f100004)) ERROR: Undefined(0x80001001)
07-01 01:53:18.884  1821  2022 D EGL_emulation: eglMakeCurrent: 0xcaa53860: ver 3 0 (tinfo 0xcacfc4e0)
07-01 01:53:18.897  1434  1434 W /system/bin/hw/android.hidl.allocator@1.0-service: ashmem_create_region(32768) returning hidl_memory(0xe729b850, 32768)
07-01 01:53:18.898  1821  2022 D EGL_emulation: eglMakeCurrent: 0xcaa53860: ver 3 0 (tinfo 0xcacfc4e0)
07-01 01:53:18.901  1821  2022 D EGL_emulation: eglMakeCurrent: 0xcaa53860: ver 3 0 (tinfo 0xcacfc4e0)
07-01 01:53:18.910  1434  1434 W /system/bin/hw/android.hidl.allocator@1.0-service: ashmem_create_region(32768) returning hidl_memory(0xe729b850, 32768)
07-01 01:53:18.913  1434  1434 I chatty  : uid=1000(system) allocator@1.0-s identical 1 line
07-01 01:53:18.916  1434  1434 W /system/bin/hw/android.hidl.allocator@1.0-service: ashmem_create_region(32768) returning hidl_memory(0xe729b850, 32768)
07-01 01:53:18.921  1821  2022 D EGL_emulation: eglMakeCurrent: 0xcaa53860: ver 3 0 (tinfo 0xcacfc4e0)
07-01 01:53:18.924  1434  1434 W /system/bin/hw/android.hidl.allocator@1.0-service: ashmem_create_region(32768) returning hidl_memory(0xe729b850, 32768)
07-01 01:53:18.924  1799  6885 E NetworkScheduler.ATC: Called cancelTask for already completed task com.google.android.gms/.measurement.PackageMeasurementTaskService{u=0 tag="Measurement.PackageMeasurementTaskService.UPLOAD_TASK_TAG" trigger=window{start=0s,end=1s,earliest=-170s,latest=-169s} requirements=[NET_CONNECTED] attributes=[PERSISTED] scheduled=-170s last_run=-170s jid=N/A status=ACTIVE retries=0 client_lib=GMS_TASK_SCHEDULER-202414000} :1 [CONTEXT service_id=218 ]
07-01 01:53:18.927  1434  1434 W /system/bin/hw/android.hidl.allocator@1.0-service: ashmem_create_region(32768) returning hidl_memory(0xe729b850, 32768)
07-01 01:53:18.929  1821  2022 D EGL_emulation: eglMakeCurrent: 0xcaa53860: ver 3 0 (tinfo 0xcacfc4e0)
07-01 01:53:18.933  1434  1434 W /system/bin/hw/android.hidl.allocator@1.0-service: ashmem_create_region(32768) returning hidl_memory(0xe729b850, 32768)
07-01 01:53:18.934  1434  1434 W /system/bin/hw/android.hidl.allocator@1.0-service: ashmem_create_region(32768) returning hidl_memory(0xe729b850, 32768)
07-01 01:53:18.939  1821  2022 D EGL_emulation: eglMakeCurrent: 0xcaa53860: ver 3 0 (tinfo 0xcacfc4e0)
07-01 01:53:18.954  1821  2022 I chatty  : uid=10029(com.android.systemui) RenderThread identical 2 lines
07-01 01:53:18.958  1821  2022 D EGL_emulation: eglMakeCurrent: 0xcaa53860: ver 3 0 (tinfo 0xcacfc4e0)
07-01 01:53:18.970  1434  1434 W /system/bin/hw/android.hidl.allocator@1.0-service: ashmem_create_region(32768) returning hidl_memory(0xe729b850, 32768)
07-01 01:53:18.972  1821  2022 D EGL_emulation: eglMakeCurrent: 0xcaa53860: ver 3 0 (tinfo 0xcacfc4e0)
07-01 01:53:18.972  1434  1434 W /system/bin/hw/android.hidl.allocator@1.0-service: ashmem_create_region(32768) returning hidl_memory(0xe729b850, 32768)
07-01 01:53:18.973  1434  1434 I chatty  : uid=1000(system) allocator@1.0-s identical 1 line
07-01 01:53:18.973  1434  1434 W /system/bin/hw/android.hidl.allocator@1.0-service: ashmem_create_region(32768) returning hidl_memory(0xe729b850, 32768)
07-01 01:53:18.976  1821  2022 D EGL_emulation: eglMakeCurrent: 0xcaa53860: ver 3 0 (tinfo 0xcacfc4e0)
07-01 01:53:18.991  1821  2022 I chatty  : uid=10029(com.android.systemui) RenderThread identical 2 lines
07-01 01:53:19.008  1821  2022 D EGL_emulation: eglMakeCurrent: 0xcaa53860: ver 3 0 (tinfo 0xcacfc4e0)
07-01 01:53:19.024  6645  6663 I zygote  : Background concurrent copying GC freed 1652(288KB) AllocSpace objects, 3(80KB) LOS objects, 50% free, 1515KB/2MB, paused 1.294ms total 157.627ms
07-01 01:53:19.045  1554  2013 D MediaAnalyticsService: MediaAnalyticsService::newSummarizerSet
07-01 01:53:19.062 31761 31797 D EGL_emulation: eglMakeCurrent: 0xdbd85720: ver 3 0 (tinfo 0xdbd83330)
07-01 01:53:19.067  1443  1489 D gralloc_ranchu: gralloc_alloc: Creating ashmem region of size 8298496
07-01 01:53:19.074  1453  1501 D         : HostConnection::get() New Host Connection established 0xf5ba1240, tid 1501
07-01 01:53:19.077 31761 31797 D EGL_emulation: eglMakeCurrent: 0xdbd85720: ver 3 0 (tinfo 0xdbd83330)
07-01 01:53:19.080  1821  2022 D EGL_emulation: eglMakeCurrent: 0xcaa53860: ver 3 0 (tinfo 0xcacfc4e0)
07-01 01:53:19.083 31761 31761 I TextToSpeech: Connected to ComponentInfo{com.google.android.tts/com.google.android.tts.service.GoogleTTSService}
07-01 01:53:19.094  1821  2022 D EGL_emulation: eglMakeCurrent: 0xcaa53860: ver 3 0 (tinfo 0xcacfc4e0)
07-01 01:53:19.095  6645  6668 I TTS     : Couldn't read preferred locale from settings.
07-01 01:53:19.097  6645  6668 I TTS     : Couldn't read preferred locale from settings.
07-01 01:53:19.098  6645  6668 I TTS     : For default lang en-us is name en-US-language (en-us-x-sfg-server)
07-01 01:53:19.098 31761   925 I TextToSpeech: Set up connection to ComponentInfo{com.google.android.tts/com.google.android.tts.service.GoogleTTSService}
07-01 01:53:19.098  1821  2022 D EGL_emulation: eglMakeCurrent: 0xcaa53860: ver 3 0 (tinfo 0xcacfc4e0)
07-01 01:53:19.103 31761 31797 D EGL_emulation: eglMakeCurrent: 0xdbd85720: ver 3 0 (tinfo 0xdbd83330)
07-01 01:53:19.110  1821  2022 D EGL_emulation: eglMakeCurrent: 0xcaa53860: ver 3 0 (tinfo 0xcacfc4e0)
07-01 01:53:19.114  1821  2022 D EGL_emulation: eglMakeCurrent: 0xcaa53860: ver 3 0 (tinfo 0xcacfc4e0)
07-01 01:53:19.114 31761 31797 D EGL_emulation: eglMakeCurrent: 0xdbd85720: ver 3 0 (tinfo 0xdbd83330)
07-01 01:53:19.129  1821  2022 D EGL_emulation: eglMakeCurrent: 0xcaa53860: ver 3 0 (tinfo 0xcacfc4e0)
07-01 01:53:19.135  1821  2022 D EGL_emulation: eglMakeCurrent: 0xcaa53860: ver 3 0 (tinfo 0xcacfc4e0)
07-01 01:53:19.139  1443  1489 D gralloc_ranchu: gralloc_alloc: Creating ashmem region of size 7655424
07-01 01:53:19.144  1443 25077 D gralloc_ranchu: gralloc_alloc: Creating ashmem region of size 7655424
07-01 01:53:19.149  1443 25077 D gralloc_ranchu: gralloc_alloc: Creating ashmem region of size 7655424
07-01 01:53:19.150  1821  2022 D EGL_emulation: eglMakeCurrent: 0xcaa53860: ver 3 0 (tinfo 0xcacfc4e0)
07-01 01:53:19.184  1821  2022 I chatty  : uid=10029(com.android.systemui) RenderThread identical 4 lines
07-01 01:53:19.187  1821  2022 D EGL_emulation: eglMakeCurrent: 0xcaa53860: ver 3 0 (tinfo 0xcacfc4e0)
07-01 01:53:19.194 31004 31021 D EGL_emulation: eglMakeCurrent: 0xdbd852a0: ver 3 0 (tinfo 0xdbd832e0)
07-01 01:53:19.207  1821  2022 D EGL_emulation: eglMakeCurrent: 0xcaa53860: ver 3 0 (tinfo 0xcacfc4e0)
07-01 01:53:19.212  1821  2022 D EGL_emulation: eglMakeCurrent: 0xcaa53860: ver 3 0 (tinfo 0xcacfc4e0)
07-01 01:53:19.218 31761 31797 D EGL_emulation: eglMakeCurrent: 0xdbd85720: ver 3 0 (tinfo 0xdbd83330)
07-01 01:53:19.219  1675  1697 I ActivityManager: Displayed com.google.android.packageinstaller/com.android.packageinstaller.permission.ui.GrantPermissionsActivity: +162ms (total +590ms)
07-01 01:53:19.222 31761 31797 D OpenGLRenderer: endAllActiveAnimators on 0xc65d2f80 (RippleDrawable) with handle 0xbf728bc0
07-01 01:53:19.226  1821  2022 D EGL_emulation: eglMakeCurrent: 0xcaa53860: ver 3 0 (tinfo 0xcacfc4e0)
07-01 01:53:19.229  1821  2022 D EGL_emulation: eglMakeCurrent: 0xcaa53860: ver 3 0 (tinfo 0xcacfc4e0)
07-01 01:53:19.233  1444  1444 D gralloc_ranchu: gralloc_unregister_buffer: exiting HostConnection (is buffer-handling thread)
07-01 01:53:19.233  1444  1444 D         : HostConnection::get() New Host Connection established 0xe99a3900, tid 1444
07-01 01:53:19.234  1444  1444 D gralloc_ranchu: gralloc_unregister_buffer: exiting HostConnection (is buffer-handling thread)
07-01 01:53:19.234  1444  1444 D         : HostConnection::get() New Host Connection established 0xe99a3900, tid 1444
07-01 01:53:19.234  1444  1444 D gralloc_ranchu: gralloc_unregister_buffer: exiting HostConnection (is buffer-handling thread)
07-01 01:53:19.234  1444  1444 D         : HostConnection::get() New Host Connection established 0xe99a3900, tid 1444
07-01 01:53:19.234  1444  1444 D gralloc_ranchu: gralloc_unregister_buffer: exiting HostConnection (is buffer-handling thread)
07-01 01:53:19.235  1444  1444 D         : HostConnection::get() New Host Connection established 0xe99a3900, tid 1444
07-01 01:53:19.235  1444  1444 D gralloc_ranchu: gralloc_unregister_buffer: exiting HostConnection (is buffer-handling thread)
07-01 01:53:19.236  1444  1444 D         : HostConnection::get() New Host Connection established 0xe99a3900, tid 1444
07-01 01:53:19.236  1444  1444 D gralloc_ranchu: gralloc_unregister_buffer: exiting HostConnection (is buffer-handling thread)
07-01 01:53:19.240  1444  1444 D         : HostConnection::get() New Host Connection established 0xe99a3900, tid 1444
07-01 01:53:19.247  1821  2022 D EGL_emulation: eglMakeCurrent: 0xcaa53860: ver 3 0 (tinfo 0xcacfc4e0)
07-01 01:53:19.278  1821  2022 I chatty  : uid=10029(com.android.systemui) RenderThread identical 5 lines
07-01 01:53:19.290  1821  2022 D EGL_emulation: eglMakeCurrent: 0xcaa53860: ver 3 0 (tinfo 0xcacfc4e0)
07-01 01:53:19.613  1444  1444 D gralloc_ranchu: gralloc_unregister_buffer: exiting HostConnection (is buffer-handling thread)
07-01 01:53:19.613  1444  1444 D         : HostConnection::get() New Host Connection established 0xe99a3900, tid 1444
07-01 01:53:19.614  1444  1444 D gralloc_ranchu: gralloc_unregister_buffer: exiting HostConnection (is buffer-handling thread)
07-01 01:53:19.614  1444  1444 D         : HostConnection::get() New Host Connection established 0xe99a3900, tid 1444
07-01 01:53:19.614  1444  1444 D gralloc_ranchu: gralloc_unregister_buffer: exiting HostConnection (is buffer-handling thread)
07-01 01:53:19.615  1444  1444 D         : HostConnection::get() New Host Connection established 0xe99a3900, tid 1444
07-01 01:53:19.615  1444  1444 D gralloc_ranchu: gralloc_unregister_buffer: exiting HostConnection (is buffer-handling thread)
07-01 01:53:19.615  1444  1444 D         : HostConnection::get() New Host Connection established 0xe99a3900, tid 1444
07-01 01:53:19.616  1821  1821 D StatusBar: disable<e i a s b h r c s q >
07-01 01:53:19.616  1444  1444 D gralloc_ranchu: gralloc_unregister_buffer: exiting HostConnection (is buffer-handling thread)
07-01 01:53:19.616  1444  1444 D         : HostConnection::get() New Host Connection established 0xe99a3900, tid 1444
07-01 01:53:19.616  1444  1444 D gralloc_ranchu: gralloc_unregister_buffer: exiting HostConnection (is buffer-handling thread)
07-01 01:53:19.621  1444  1444 D         : HostConnection::get() New Host Connection established 0xe99a3900, tid 1444
07-01 01:53:19.852  6645   921 I TTS     : Done initializing en-us-x-sfg-lstm-embedded
07-01 01:53:20.372 31761 31797 D EGL_emulation: eglMakeCurrent: 0xdbd85720: ver 3 0 (tinfo 0xdbd83330)
07-01 01:53:21.819  1435  1595 W audio_hw_generic: Not supplying enough data to HAL, expected position 21125301 , only wrote 20972880
07-01 01:53:22.910  1784  1784 W LstmExtension: no lmDescriptor could be found for en_US/20170411
07-01 01:53:22.911  1784  1784 W LstmExtension: no lmDescriptor could be found for en_US/20170411
07-01 01:53:23.166   942   942 D AndroidRuntime: >>>>>> START com.android.internal.os.RuntimeInit uid 2000 <<<<<<
07-01 01:53:23.168   942   942 W app_process: Could not reserve sentinel fault page
07-01 01:53:23.265   942   942 W app_process: Unexpected CPU variant for X86 using defaults: x86
07-01 01:53:23.267   942   942 I app_process: The ClassLoaderContext is a special shared library.
07-01 01:53:23.280   942   942 D AndroidRuntime: Calling main entry com.android.commands.monkey.Monkey
07-01 01:53:23.281   942   942 W Monkey  : args: [-p, org.fossasia.phimpme, -c, android.intent.category.LAUNCHER, 1]
07-01 01:53:23.281   942   942 W Monkey  :  arg: "-p"
07-01 01:53:23.281   942   942 W Monkey  :  arg: "org.fossasia.phimpme"
07-01 01:53:23.281   942   942 W Monkey  :  arg: "-c"
07-01 01:53:23.282   942   942 W Monkey  :  arg: "android.intent.category.LAUNCHER"
07-01 01:53:23.282   942   942 W Monkey  :  arg: "1"
07-01 01:53:23.282   942   942 W Monkey  : data="org.fossasia.phimpme"
07-01 01:53:23.282   942   942 W Monkey  : data="android.intent.category.LAUNCHER"
07-01 01:53:23.293  1675  1690 W BroadcastQueue: Skipping deliver [background] BroadcastRecord{ecfb8c5 u-1 android.net.conn.CONNECTIVITY_CHANGE} to ReceiverList{61be21a 942 (unknown name)/2000/u-1 remote:febe12f}: process gone or crashing
07-01 01:53:23.306  1675 19638 I ActivityManager: START u0 {act=android.intent.action.MAIN cat=[android.intent.category.LAUNCHER] flg=0x10200000 cmp=org.fossasia.phimpme/.gallery.activities.SplashScreen} from uid 2000
07-01 01:53:23.306  1675 19638 W Binder  : Outgoing transactions from this process must be FLAG_ONEWAY
07-01 01:53:23.306  1675 19638 W Binder  : java.lang.Throwable
07-01 01:53:23.306  1675 19638 W Binder  : 	at android.os.BinderProxy.transact(Binder.java:752)
07-01 01:53:23.306  1675 19638 W Binder  : 	at android.app.IActivityController$Stub$Proxy.activityStarting(IActivityController.java:172)
07-01 01:53:23.306  1675 19638 W Binder  : 	at com.android.server.am.ActivityStarter.startActivity(ActivityStarter.java:449)
07-01 01:53:23.306  1675 19638 W Binder  : 	at com.android.server.am.ActivityStarter.startActivityLocked(ActivityStarter.java:278)
07-01 01:53:23.306  1675 19638 W Binder  : 	at com.android.server.am.ActivityStarter.startActivityMayWait(ActivityStarter.java:817)
07-01 01:53:23.306  1675 19638 W Binder  : 	at com.android.server.am.ActivityManagerService.startActivityAsUser(ActivityManagerService.java:4532)
07-01 01:53:23.306  1675 19638 W Binder  : 	at com.android.server.am.ActivityManagerService.startActivity(ActivityManagerService.java:4519)
07-01 01:53:23.306  1675 19638 W Binder  : 	at android.app.IActivityManager$Stub.onTransact(IActivityManager.java:121)
07-01 01:53:23.306  1675 19638 W Binder  : 	at com.android.server.am.ActivityManagerService.onTransact(ActivityManagerService.java:2919)
07-01 01:53:23.306  1675 19638 W Binder  : 	at android.os.Binder.execTransact(Binder.java:697)
07-01 01:53:23.325   942   942 I Monkey  : Events injected: 1
07-01 01:53:23.410   942   942 I Monkey  : ## Network stats: elapsed time=103ms (0ms mobile, 0ms wifi, 103ms not connected)
07-01 01:53:23.411   942   942 I com.android.commands.monkey: System.exit called, status: 0
07-01 01:53:23.411   942   942 I AndroidRuntime: VM exiting with result code 0.
07-01 01:53:28.203  1451  1451 I boot-pipe: done populating /dev/random
07-01 01:53:33.929  1675  1693 I WifiService: requestActivityInfo uid=1000
07-01 01:53:33.929  1675  1693 I WifiService: reportActivityInfo uid=1000
07-01 01:53:33.929  1675  1693 I WifiService: getSupportedFeatures uid=1000
07-01 01:53:39.594   956   956 D AndroidRuntime: >>>>>> START com.android.internal.os.RuntimeInit uid 2000 <<<<<<
07-01 01:53:39.630   956   956 W app_process: Unexpected CPU variant for X86 using defaults: x86
07-01 01:53:39.632   956   956 I app_process: The ClassLoaderContext is a special shared library.
07-01 01:53:39.632   956   956 I app_process: The ClassLoaderContext is a special shared library.
07-01 01:53:39.647   956   956 D AndroidRuntime: Calling main entry com.android.commands.uiautomator.Launcher
07-01 01:53:40.670   956   956 I app_process: Deoptimizing java.lang.String com.android.uiautomator.core.AccessibilityNodeInfoDumper.stripInvalidXMLChars(java.lang.CharSequence) due to JIT inline cache
07-01 01:53:40.671   956   956 I AccessibilityNodeInfoDumper: Skipping invisible child: android.view.accessibility.AccessibilityNodeInfo@18756; boundsInParent: Rect(0, 0 - 0, 126); boundsInScreen: Rect(231, 955 - 231, 1081); packageName: com.google.android.packageinstaller; className: android.widget.LinearLayout; text: null; error: null; maxTextLength: -1; contentDescription: null; viewIdResName: null; checkable: false; checked: false; focusable: false; focused: false; selected: false; clickable: false; longClickable: false; contextClickable: false; enabled: true; password: false; scrollable: false; importantForAccessibility: false; actions: [AccessibilityAction: ACTION_SELECT - null, AccessibilityAction: ACTION_CLEAR_SELECTION - null, AccessibilityAction: ACTION_ACCESSIBILITY_FOCUS - null, AccessibilityAction: ACTION_SHOW_ON_SCREEN - null]
07-01 01:53:40.673   956   956 W AccessibilityNodeInfoDumper: Fetch time: 6ms
07-01 01:53:40.673  1675  3270 W WindowManager: removeWindowToken: Attempted to remove non-existing token: android.os.Binder@96cddd4
07-01 01:53:40.690   956   956 D AndroidRuntime: Shutting down VM
07-01 01:53:41.527   982   982 D AndroidRuntime: >>>>>> START com.android.internal.os.RuntimeInit uid 2000 <<<<<<
07-01 01:53:41.562   982   982 W app_process: Unexpected CPU variant for X86 using defaults: x86
07-01 01:53:41.563   982   982 I app_process: The ClassLoaderContext is a special shared library.
07-01 01:53:41.564   982   982 I app_process: The ClassLoaderContext is a special shared library.
07-01 01:53:41.580   982   982 D AndroidRuntime: Calling main entry com.android.commands.uiautomator.Launcher
07-01 01:53:42.599   982   982 I AccessibilityNodeInfoDumper: Skipping invisible child: android.view.accessibility.AccessibilityNodeInfo@1875d; boundsInParent: Rect(0, 0 - 0, 126); boundsInScreen: Rect(231, 955 - 231, 1081); packageName: com.google.android.packageinstaller; className: android.widget.LinearLayout; text: null; error: null; maxTextLength: -1; contentDescription: null; viewIdResName: null; checkable: false; checked: false; focusable: false; focused: false; selected: false; clickable: false; longClickable: false; contextClickable: false; enabled: true; password: false; scrollable: false; importantForAccessibility: false; actions: [AccessibilityAction: ACTION_SELECT - null, AccessibilityAction: ACTION_CLEAR_SELECTION - null, AccessibilityAction: ACTION_ACCESSIBILITY_FOCUS - null, AccessibilityAction: ACTION_SHOW_ON_SCREEN - null]
07-01 01:53:42.599   982   982 W AccessibilityNodeInfoDumper: Fetch time: 6ms
07-01 01:53:42.600  1675 22554 W WindowManager: removeWindowToken: Attempted to remove non-existing token: android.os.Binder@71c9a72
07-01 01:53:42.613   982   982 D AndroidRuntime: Shutting down VM
07-01 01:53:42.854  1001  1001 D AndroidRuntime: >>>>>> START com.android.internal.os.RuntimeInit uid 2000 <<<<<<
07-01 01:53:42.891  1001  1001 W app_process: Unexpected CPU variant for X86 using defaults: x86
07-01 01:53:42.892  1001  1001 I app_process: The ClassLoaderContext is a special shared library.
07-01 01:53:42.893  1001  1001 I app_process: The ClassLoaderContext is a special shared library.
07-01 01:53:42.907  1001  1001 D AndroidRuntime: Calling main entry com.android.commands.uiautomator.Launcher
07-01 01:53:43.941  1001  1001 I AccessibilityNodeInfoDumper: Skipping invisible child: android.view.accessibility.AccessibilityNodeInfo@1876b; boundsInParent: Rect(0, 0 - 0, 126); boundsInScreen: Rect(231, 955 - 231, 1081); packageName: com.google.android.packageinstaller; className: android.widget.LinearLayout; text: null; error: null; maxTextLength: -1; contentDescription: null; viewIdResName: null; checkable: false; checked: false; focusable: false; focused: false; selected: false; clickable: false; longClickable: false; contextClickable: false; enabled: true; password: false; scrollable: false; importantForAccessibility: false; actions: [AccessibilityAction: ACTION_SELECT - null, AccessibilityAction: ACTION_CLEAR_SELECTION - null, AccessibilityAction: ACTION_ACCESSIBILITY_FOCUS - null, AccessibilityAction: ACTION_SHOW_ON_SCREEN - null]
07-01 01:53:43.942  1001  1001 W AccessibilityNodeInfoDumper: Fetch time: 3ms
07-01 01:53:43.943  1675 22554 W WindowManager: removeWindowToken: Attempted to remove non-existing token: android.os.Binder@3a40340
07-01 01:53:43.957  1001  1001 D AndroidRuntime: Shutting down VM
07-01 01:53:44.799  1029  1029 D AndroidRuntime: >>>>>> START com.android.internal.os.RuntimeInit uid 2000 <<<<<<
07-01 01:53:44.836  1029  1029 W app_process: Unexpected CPU variant for X86 using defaults: x86
07-01 01:53:44.841  1029  1029 I app_process: The ClassLoaderContext is a special shared library.
07-01 01:53:44.841  1029  1029 I app_process: The ClassLoaderContext is a special shared library.
07-01 01:53:44.856  1029  1029 D AndroidRuntime: Calling main entry com.android.commands.uiautomator.Launcher
07-01 01:53:45.881  1029  1029 I AccessibilityNodeInfoDumper: Skipping invisible child: android.view.accessibility.AccessibilityNodeInfo@18773; boundsInParent: Rect(0, 0 - 0, 126); boundsInScreen: Rect(231, 955 - 231, 1081); packageName: com.google.android.packageinstaller; className: android.widget.LinearLayout; text: null; error: null; maxTextLength: -1; contentDescription: null; viewIdResName: null; checkable: false; checked: false; focusable: false; focused: false; selected: false; clickable: false; longClickable: false; contextClickable: false; enabled: true; password: false; scrollable: false; importantForAccessibility: false; actions: [AccessibilityAction: ACTION_SELECT - null, AccessibilityAction: ACTION_CLEAR_SELECTION - null, AccessibilityAction: ACTION_ACCESSIBILITY_FOCUS - null, AccessibilityAction: ACTION_SHOW_ON_SCREEN - null]
07-01 01:53:45.881  1029  1029 W AccessibilityNodeInfoDumper: Fetch time: 4ms
07-01 01:53:45.882  1675  3270 W WindowManager: removeWindowToken: Attempted to remove non-existing token: android.os.Binder@a95ebbe
07-01 01:53:45.890  1029  1029 D AndroidRuntime: Shutting down VM
07-01 01:53:46.959  1062  1062 D AndroidRuntime: >>>>>> START com.android.internal.os.RuntimeInit uid 2000 <<<<<<
07-01 01:53:47.022  1062  1062 W app_process: Unexpected CPU variant for X86 using defaults: x86
07-01 01:53:47.025  1062  1062 I app_process: The ClassLoaderContext is a special shared library.
07-01 01:53:47.025  1062  1062 I app_process: The ClassLoaderContext is a special shared library.
07-01 01:53:47.046  1062  1062 D AndroidRuntime: Calling main entry com.android.commands.uiautomator.Launcher
07-01 01:53:48.078  1062  1062 I AccessibilityNodeInfoDumper: Skipping invisible child: android.view.accessibility.AccessibilityNodeInfo@1877e; boundsInParent: Rect(0, 0 - 0, 126); boundsInScreen: Rect(231, 955 - 231, 1081); packageName: com.google.android.packageinstaller; className: android.widget.LinearLayout; text: null; error: null; maxTextLength: -1; contentDescription: null; viewIdResName: null; checkable: false; checked: false; focusable: false; focused: false; selected: false; clickable: false; longClickable: false; contextClickable: false; enabled: true; password: false; scrollable: false; importantForAccessibility: false; actions: [AccessibilityAction: ACTION_SELECT - null, AccessibilityAction: ACTION_CLEAR_SELECTION - null, AccessibilityAction: ACTION_ACCESSIBILITY_FOCUS - null, AccessibilityAction: ACTION_SHOW_ON_SCREEN - null]
07-01 01:53:48.078  1062  1062 W AccessibilityNodeInfoDumper: Fetch time: 4ms
07-01 01:53:48.080  1675  3270 W WindowManager: removeWindowToken: Attempted to remove non-existing token: android.os.Binder@566136c
07-01 01:53:48.092  1062  1062 D AndroidRuntime: Shutting down VM
07-01 01:53:48.281  1453  1479 E SurfaceFlinger: ro.sf.lcd_density must be defined as a build property
07-01 01:53:48.292  1443 25077 D gralloc_ranchu: gralloc_alloc: Creating ashmem region of size 8298496
07-01 01:53:48.297  1082  1082 D         : HostConnection::get() New Host Connection established 0xef8c8240, tid 1082
07-01 01:53:48.315  1453  1479 D gralloc_ranchu: gralloc_unregister_buffer: exiting HostConnection (is buffer-handling thread)
07-01 01:53:48.315  1453  1479 D         : HostConnection::get() New Host Connection established 0xf5e921c0, tid 1479
07-01 01:53:48.315  1453  1479 D gralloc_ranchu: gralloc_unregister_buffer: exiting HostConnection (is buffer-handling thread)
07-01 01:53:48.442  1675  1689 E memtrack: Couldn't load memtrack module
07-01 01:53:48.442  1675  1689 W android.os.Debug: failed to get memory consumption info: -1
07-01 01:53:48.444 26659 26659 D MediaScannerReceiver: action: android.intent.action.MEDIA_SCANNER_SCAN_FILE path: /storage/emulated/0/screen.png
07-01 01:53:48.453  1675  1689 E memtrack: Couldn't load memtrack module
07-01 01:53:48.453  1675  1689 W android.os.Debug: failed to get memory consumption info: -1
07-01 01:53:48.464  1675  1689 E memtrack: Couldn't load memtrack module
07-01 01:53:48.465  1675  1689 W android.os.Debug: failed to get memory consumption info: -1
07-01 01:53:50.840  1094  1094 D AndroidRuntime: >>>>>> START com.android.internal.os.RuntimeInit uid 2000 <<<<<<
07-01 01:53:50.879  1094  1094 W app_process: Unexpected CPU variant for X86 using defaults: x86
07-01 01:53:50.881  1094  1094 I app_process: The ClassLoaderContext is a special shared library.
07-01 01:53:50.881  1094  1094 I app_process: The ClassLoaderContext is a special shared library.
07-01 01:53:50.898  1094  1094 D AndroidRuntime: Calling main entry com.android.commands.uiautomator.Launcher
07-01 01:53:51.924  1094  1094 I app_process: Deoptimizing java.lang.String com.android.uiautomator.core.AccessibilityNodeInfoDumper.stripInvalidXMLChars(java.lang.CharSequence) due to JIT inline cache
07-01 01:53:51.925  1094  1094 I AccessibilityNodeInfoDumper: Skipping invisible child: android.view.accessibility.AccessibilityNodeInfo@18787; boundsInParent: Rect(0, 0 - 0, 126); boundsInScreen: Rect(231, 955 - 231, 1081); packageName: com.google.android.packageinstaller; className: android.widget.LinearLayout; text: null; error: null; maxTextLength: -1; contentDescription: null; viewIdResName: null; checkable: false; checked: false; focusable: false; focused: false; selected: false; clickable: false; longClickable: false; contextClickable: false; enabled: true; password: false; scrollable: false; importantForAccessibility: false; actions: [AccessibilityAction: ACTION_SELECT - null, AccessibilityAction: ACTION_CLEAR_SELECTION - null, AccessibilityAction: ACTION_ACCESSIBILITY_FOCUS - null, AccessibilityAction: ACTION_SHOW_ON_SCREEN - null]
07-01 01:53:51.926  1094  1094 W AccessibilityNodeInfoDumper: Fetch time: 5ms
07-01 01:53:51.927  1675  3270 W WindowManager: removeWindowToken: Attempted to remove non-existing token: android.os.Binder@256fa58
07-01 01:53:51.940  1094  1094 D AndroidRuntime: Shutting down VM
07-01 01:53:51.944  1444  1472 D hwcomposer: hw_composer sent 120 syncs in 60s
07-01 01:53:54.183  1111  1111 D AndroidRuntime: >>>>>> START com.android.internal.os.RuntimeInit uid 2000 <<<<<<
07-01 01:53:54.229  1111  1111 W app_process: Unexpected CPU variant for X86 using defaults: x86
07-01 01:53:54.231  1111  1111 I app_process: The ClassLoaderContext is a special shared library.
07-01 01:53:54.231  1111  1111 I app_process: The ClassLoaderContext is a special shared library.
07-01 01:53:54.249  1111  1111 D AndroidRuntime: Calling main entry com.android.commands.uiautomator.Launcher
07-01 01:53:55.274  1111  1111 I AccessibilityNodeInfoDumper: Skipping invisible child: android.view.accessibility.AccessibilityNodeInfo@18791; boundsInParent: Rect(0, 0 - 0, 126); boundsInScreen: Rect(231, 955 - 231, 1081); packageName: com.google.android.packageinstaller; className: android.widget.LinearLayout; text: null; error: null; maxTextLength: -1; contentDescription: null; viewIdResName: null; checkable: false; checked: false; focusable: false; focused: false; selected: false; clickable: false; longClickable: false; contextClickable: false; enabled: true; password: false; scrollable: false; importantForAccessibility: false; actions: [AccessibilityAction: ACTION_SELECT - null, AccessibilityAction: ACTION_CLEAR_SELECTION - null, AccessibilityAction: ACTION_ACCESSIBILITY_FOCUS - null, AccessibilityAction: ACTION_SHOW_ON_SCREEN - null]
07-01 01:53:55.275  1111  1111 W AccessibilityNodeInfoDumper: Fetch time: 6ms
07-01 01:53:55.275  1675  1686 W WindowManager: removeWindowToken: Attempted to remove non-existing token: android.os.Binder@7d1b496
07-01 01:53:55.291  1111  1111 D AndroidRuntime: Shutting down VM
07-01 01:53:55.542  1128  1128 D AndroidRuntime: >>>>>> START com.android.internal.os.RuntimeInit uid 2000 <<<<<<
07-01 01:53:55.582  1128  1128 W app_process: Unexpected CPU variant for X86 using defaults: x86
07-01 01:53:55.584  1128  1128 I app_process: The ClassLoaderContext is a special shared library.
07-01 01:53:55.584  1128  1128 I app_process: The ClassLoaderContext is a special shared library.
07-01 01:53:55.599  1128  1128 D AndroidRuntime: Calling main entry com.android.commands.uiautomator.Launcher
07-01 01:53:56.622  1128  1128 I AccessibilityNodeInfoDumper: Skipping invisible child: android.view.accessibility.AccessibilityNodeInfo@1879c; boundsInParent: Rect(0, 0 - 0, 126); boundsInScreen: Rect(231, 955 - 231, 1081); packageName: com.google.android.packageinstaller; className: android.widget.LinearLayout; text: null; error: null; maxTextLength: -1; contentDescription: null; viewIdResName: null; checkable: false; checked: false; focusable: false; focused: false; selected: false; clickable: false; longClickable: false; contextClickable: false; enabled: true; password: false; scrollable: false; importantForAccessibility: false; actions: [AccessibilityAction: ACTION_SELECT - null, AccessibilityAction: ACTION_CLEAR_SELECTION - null, AccessibilityAction: ACTION_ACCESSIBILITY_FOCUS - null, AccessibilityAction: ACTION_SHOW_ON_SCREEN - null]
07-01 01:53:56.623  1128  1128 W AccessibilityNodeInfoDumper: Fetch time: 4ms
07-01 01:53:56.624  1675 22554 W WindowManager: removeWindowToken: Attempted to remove non-existing token: android.os.Binder@26d6404
07-01 01:53:56.646  1128  1128 D AndroidRuntime: Shutting down VM
07-01 01:53:56.884  1145  1145 D AndroidRuntime: >>>>>> START com.android.internal.os.RuntimeInit uid 2000 <<<<<<
07-01 01:53:56.923  1145  1145 W app_process: Unexpected CPU variant for X86 using defaults: x86
