03-19 23:39:36.100  1662  3453 W zygote  : Long monitor contention with owner Binder:1662_14 (6449) at android.content.pm.PackageInstaller$SessionInfo com.android.server.pm.PackageInstallerService.getSessionInfo(int)(PackageInstallerService.java:683) waiters=0 in void com.android.server.pm.PackageInstallerService$InternalCallback.onSessionSealedBlocking(com.android.server.pm.PackageInstallerSession) for 289ms
03-19 23:39:36.112  1662  1692 W PackageParser: No actions in intent filter at /data/app/vmdl1751307872.tmp/base.apk Binary XML file line #180
03-19 23:39:36.147  1662  1692 I PackageManager.DexOptimizer: Running dexopt (dexoptNeeded=1) on: /data/app/org.fossasia.phimpme-yhqcHSMKwq1BTkM0ZEfDYw==/base.apk pkg=org.fossasia.phimpme isa=x86 dexoptFlags=boot_complete,public target-filter=quicken oatDir=/data/app/org.fossasia.phimpme-yhqcHSMKwq1BTkM0ZEfDYw==/oat sharedLibraries=PCL[]
03-19 23:39:36.155 10225 10225 W dex2oat : Unexpected CPU variant for X86 using defaults: x86
03-19 23:39:36.156 10225 10225 W dex2oat : Mismatch between dex2oat instruction set features (ISA: X86 Feature string: -ssse3,-sse4.1,-sse4.2,-avx,-avx2,-popcnt) and those of dex2oat executable (ISA: X86 Feature string: ssse3,-sse4.1,-sse4.2,-avx,-avx2,-popcnt) for the command line:
03-19 23:39:36.156 10225 10225 W dex2oat : /system/bin/dex2oat --zip-fd=8 --zip-location=base.apk --input-vdex-fd=-1 --output-vdex-fd=10 --oat-fd=9 --oat-location=/data/app/org.fossasia.phimpme-yhqcHSMKwq1BTkM0ZEfDYw==/oat/x86/base.odex --instruction-set=x86 --instruction-set-variant=x86 --instruction-set-features=default --runtime-arg -Xms64m --runtime-arg -Xmx512m --compiler-filter=quicken --swap-fd=11 --classpath-dir=/data/app/org.fossasia.phimpme-yhqcHSMKwq1BTkM0ZEfDYw== --class-loader-context=PCL[]
03-19 23:39:36.156 10225 10225 I dex2oat : /system/bin/dex2oat --input-vdex-fd=-1 --output-vdex-fd=10 --compiler-filter=quicken --classpath-dir=/data/app/org.fossasia.phimpme-yhqcHSMKwq1BTkM0ZEfDYw== --class-loader-context=PCL[]
03-19 23:39:40.453  2353  2353 I MicroDetectionWorker: #updateMicroDetector [detectionMode: [mDetectionMode: [1]]]
03-19 23:39:40.454  2353  2353 I MicroDetectionWorker: #startMicroDetector [speakerMode: 0]
03-19 23:39:40.454  2353  2353 I AudioController: Using mInputStreamFactoryBuilder
03-19 23:39:40.456  2353  2353 I MicroDetectionWorker: onReady
03-19 23:39:40.459  2353 27693 I MicroRecognitionRunner: Starting detection.
03-19 23:39:40.459  2353  7143 I MicrophoneInputStream: mic_starting com.google.android.apps.gsa.staticplugins.aa.c@a10d81e
03-19 23:39:40.460  1529  1529 W ServiceManager: Permission failure: android.permission.RECORD_AUDIO from uid=10032 pid=2353
03-19 23:39:40.461  1529  1529 E         : Request requires android.permission.RECORD_AUDIO
03-19 23:39:40.461  1529  1529 E         : android.permission.CAPTURE_AUDIO_HOTWORD
03-19 23:39:40.461  2353  7143 E AudioRecord: Could not get audio input for session 5785, record source 1999, sample rate 16000, format 0x1, channel mask 0x10, flags 0
03-19 23:39:40.465  2353  7143 E AudioRecord-JNI: Error creating AudioRecord instance: initialization check failed with status -22.
03-19 23:39:40.465  2353  7143 E android.media.AudioRecord: Error code -20 when initializing native AudioRecord object.
03-19 23:39:40.466  2353  7143 I MicrophoneInputStream: mic_started com.google.android.apps.gsa.staticplugins.aa.c@a10d81e
03-19 23:39:40.467  2353  7143 E ActivityThread: Failed to find provider info for com.google.android.apps.gsa.testing.ui.audio.recorded
03-19 23:39:40.484  2353  2353 I MicroDetectionWorker: onReady
03-19 23:39:40.522  2353  7143 I MicrophoneInputStream: mic_close com.google.android.apps.gsa.staticplugins.aa.c@a10d81e
03-19 23:39:40.527  2353 27693 I MicroRecognitionRunner: Detection finished
03-19 23:39:40.527  2353 27693 W ErrorReporter: reportError [type: 211, code: 524300]: Error reading from input stream
03-19 23:39:40.528  2353  2762 I MicroRecognitionRunner: Stopping hotword detection.
03-19 23:39:40.528  2353 27693 W ErrorProcessor: onFatalError, processing error from engine(4)
03-19 23:39:40.528  2353 27693 W ErrorProcessor: com.google.android.apps.gsa.shared.speech.b.g: Error reading from input stream
03-19 23:39:40.528  2353 27693 W ErrorProcessor: 	at com.google.android.apps.gsa.staticplugins.recognizer.j.a.a(SourceFile:28)
03-19 23:39:40.528  2353 27693 W ErrorProcessor: 	at com.google.android.apps.gsa.staticplugins.recognizer.j.b.run(SourceFile:15)
03-19 23:39:40.528  2353 27693 W ErrorProcessor: 	at java.util.concurrent.Executors$RunnableAdapter.call(Executors.java:457)
03-19 23:39:40.528  2353 27693 W ErrorProcessor: 	at java.util.concurrent.FutureTask.run(FutureTask.java:266)
03-19 23:39:40.528  2353 27693 W ErrorProcessor: 	at java.util.concurrent.Executors$RunnableAdapter.call(Executors.java:457)
03-19 23:39:40.528  2353 27693 W ErrorProcessor: 	at java.util.concurrent.FutureTask.run(FutureTask.java:266)
03-19 23:39:40.528  2353 27693 W ErrorProcessor: 	at com.google.android.apps.gsa.shared.util.concurrent.a.ag.run(Unknown Source:4)
03-19 23:39:40.528  2353 27693 W ErrorProcessor: 	at com.google.android.apps.gsa.shared.util.concurrent.a.bo.run(SourceFile:4)
03-19 23:39:40.528  2353 27693 W ErrorProcessor: 	at com.google.android.apps.gsa.shared.util.concurrent.a.bo.run(SourceFile:4)
03-19 23:39:40.528  2353 27693 W ErrorProcessor: 	at java.util.concurrent.ThreadPoolExecutor.runWorker(ThreadPoolExecutor.java:1162)
03-19 23:39:40.528  2353 27693 W ErrorProcessor: 	at java.util.concurrent.ThreadPoolExecutor$Worker.run(ThreadPoolExecutor.java:636)
03-19 23:39:40.528  2353 27693 W ErrorProcessor: 	at java.lang.Thread.run(Thread.java:764)
03-19 23:39:40.528  2353 27693 W ErrorProcessor: 	at com.google.android.apps.gsa.shared.util.concurrent.a.ak.run(SourceFile:6)
03-19 23:39:40.528  2353 27693 W ErrorProcessor: Caused by: com.google.android.apps.gsa.shared.exception.GsaIOException: Error code: 393238 | Buffer overflow, no available space.
03-19 23:39:40.528  2353 27693 W ErrorProcessor: 	at com.google.android.apps.gsa.speech.audio.Tee.f(SourceFile:103)
03-19 23:39:40.528  2353 27693 W ErrorProcessor: 	at com.google.android.apps.gsa.speech.audio.au.read(SourceFile:2)
03-19 23:39:40.528  2353 27693 W ErrorProcessor: 	at java.io.InputStream.read(InputStream.java:101)
03-19 23:39:40.528  2353 27693 W ErrorProcessor: 	at com.google.android.apps.gsa.speech.audio.ao.run(SourceFile:18)
03-19 23:39:40.528  2353 27693 W ErrorProcessor: 	at com.google.android.apps.gsa.speech.audio.an.run(SourceFile:2)
03-19 23:39:40.528  2353 27693 W ErrorProcessor: 	... 11 more
03-19 23:39:40.528  2353 27693 I AudioController: internalShutdown
03-19 23:39:40.533  2353  2353 I MicroDetector: Keeping mic open: false
03-19 23:39:40.533  2353  2353 I MicroDetectionWorker: #onError(false)
03-19 23:39:40.540  2353 29761 I DeviceStateChecker: DeviceStateChecker cancelled
03-19 23:39:40.865 10225 10225 I dex2oat : Explicit concurrent copying GC freed 31672(5MB) AllocSpace objects, 0(0B) LOS objects, 92% free, 133KB/1669KB, paused 715us total 10.458ms
03-19 23:39:40.903  1662  1679 E memtrack: Couldn't load memtrack module
03-19 23:39:40.903  1662  1679 W android.os.Debug: failed to get memory consumption info: -1
03-19 23:39:41.074 10225 10238 W dex2oat : Method processed more than once: void du.<init>(java.lang.Object)
03-19 23:39:41.075 10225 10238 W dex2oat : Method processed more than once: java.lang.Object du.getWrappedObject()
03-19 23:39:41.075 10225 10225 W dex2oat : Method processed more than once: void dt.<init>(android.content.Context, java.lang.Object)
03-19 23:39:41.075 10225 10225 W dex2oat : Method processed more than once: android.view.MenuItem dt.a(android.view.MenuItem)
03-19 23:39:41.076 10225 10225 W dex2oat : Method processed more than once: android.view.SubMenu dt.a(android.view.SubMenu)
03-19 23:39:41.076 10225 10225 W dex2oat : Method processed more than once: void dt.a()
03-19 23:39:41.076 10225 10225 W dex2oat : Method processed more than once: void dt.a(int)
03-19 23:39:41.076 10225 10225 W dex2oat : Method processed more than once: void dt.b(int)
03-19 23:39:41.086 10225 10238 W dex2oat : Method processed more than once: void es.<init>(android.content.Context, boolean)
03-19 23:39:41.086 10225 10238 W dex2oat : Method processed more than once: void es.a()
03-19 23:39:41.087 10225 10238 W dex2oat : Method processed more than once: void es.a(android.view.View, int)
03-19 23:39:41.087 10225 10238 W dex2oat : Method processed more than once: void es.a(android.view.View, int, float, float)
03-19 23:39:41.087 10225 10238 W dex2oat : Method processed more than once: boolean es.hasFocus()
03-19 23:39:41.087 10225 10238 W dex2oat : Method processed more than once: boolean es.hasWindowFocus()
03-19 23:39:41.088 10225 10238 W dex2oat : Method processed more than once: boolean es.isFocused()
03-19 23:39:41.088 10225 10238 W dex2oat : Method processed more than once: boolean es.isInTouchMode()
03-19 23:39:41.088 10225 10238 W dex2oat : Method processed more than once: boolean es.onForwardedEvent(android.view.MotionEvent, int)
03-19 23:39:41.088 10225 10238 W dex2oat : Method processed more than once: void es.setListSelectionHidden(boolean)
03-19 23:39:41.088 10225 10238 W dex2oat : Method processed more than once: boolean es.touchModeDrawsInPressedStateCompat()
03-19 23:39:41.096 10225 10240 W dex2oat : Method processed more than once: void fv.<init>(java.lang.Class, java.lang.String, com.box.androidsdk.content.models.BoxSession)
03-19 23:39:41.096 10225 10240 W dex2oat : Method processed more than once: java.lang.String fv.getItemId()
03-19 23:39:41.096 10225 10238 W dex2oat : Method processed more than once: void fw.<init>(java.lang.Class, java.lang.String, com.box.androidsdk.content.models.BoxSession)
03-19 23:39:41.097 10225 10238 W dex2oat : Method processed more than once: com.box.androidsdk.content.requests.BoxRequest$BoxRequestHandler fw.createRequestHandler(fw)
03-19 23:39:41.097 10225 10225 W dex2oat : Method processed more than once: void fx.<init>(java.lang.Class, java.lang.String, java.lang.String, java.lang.String, com.box.androidsdk.content.models.BoxSession)
03-19 23:39:41.097 10225 10225 W dex2oat : Method processed more than once: java.lang.String fx.getName()
03-19 23:39:41.097 10225 10240 W dex2oat : Method processed more than once: java.lang.String fv.getItemType()
03-19 23:39:41.097 10225 10225 W dex2oat : Method processed more than once: java.lang.String fx.getParentId()
03-19 23:39:41.097 10225 10240 W dex2oat : Method processed more than once: java.lang.String fv.getMessage()
03-19 23:39:41.097 10225 10238 W dex2oat : Method processed more than once: void fw.readObject(java.io.ObjectInputStream)
03-19 23:39:41.098 10225 10240 W dex2oat : Method processed more than once: com.box.androidsdk.content.requests.BoxRequest fv.setItemId(java.lang.String)
03-19 23:39:41.098 10225 10238 W dex2oat : Method processed more than once: void fw.writeObject(java.io.ObjectOutputStream)
03-19 23:39:41.098 10225 10240 W dex2oat : Method processed more than once: com.box.androidsdk.content.requests.BoxRequest fv.setItemType(java.lang.String)
03-19 23:39:41.098 10225 10240 W dex2oat : Method processed more than once: com.box.androidsdk.content.requests.BoxRequest fv.setMessage(java.lang.String)
03-19 23:39:41.098 10225 10240 W dex2oat : Method processed more than once: com.box.androidsdk.content.requests.BoxRequest fv.setTaggedMessage(java.lang.String)
03-19 23:39:41.098 10225 10225 W dex2oat : Method processed more than once: void fx.parseHashMapEntry(com.eclipsesource.json.JsonObject, java.util.Map$Entry)
03-19 23:39:41.099 10225 10238 W dex2oat : Method processed more than once: com.box.androidsdk.content.models.BoxJsonObject fw.onSend()
03-19 23:39:41.099 10225 10225 W dex2oat : Method processed more than once: com.box.androidsdk.content.requests.BoxRequest fx.setName(java.lang.String)
03-19 23:39:41.099 10225 10238 W dex2oat : Method processed more than once: com.box.androidsdk.content.models.BoxObject fw.onSend()
03-19 23:39:41.099 10225 10238 W dex2oat : Method processed more than once: void fw.onSendCompleted(com.box.androidsdk.content.requests.BoxResponse)
03-19 23:39:41.099 10225 10238 W dex2oat : Method processed more than once: com.box.androidsdk.content.models.BoxJsonObject fw.sendForCachedResult()
03-19 23:39:41.099 10225 10238 W dex2oat : Method processed more than once: com.box.androidsdk.content.models.BoxObject fw.sendForCachedResult()
03-19 23:39:41.100 10225 10225 W dex2oat : Method processed more than once: com.box.androidsdk.content.requests.BoxRequest fx.setParentId(java.lang.String)
03-19 23:39:41.100 10225 10240 W dex2oat : Method processed more than once: void fy.<init>(java.lang.Class, java.lang.String, java.lang.String, com.box.androidsdk.content.models.BoxSession)
03-19 23:39:41.100 10225 10240 W dex2oat : Method processed more than once: java.lang.String fy.getName()
03-19 23:39:41.100 10225 10240 W dex2oat : Method processed more than once: java.lang.String fy.getParentId()
03-19 23:39:41.100 10225 10240 W dex2oat : Method processed more than once: void fy.parseHashMapEntry(com.eclipsesource.json.JsonObject, java.util.Map$Entry)
03-19 23:39:41.100 10225 10240 W dex2oat : Method processed more than once: com.box.androidsdk.content.requests.BoxRequest fy.setName(java.lang.String)
03-19 23:39:41.100 10225 10239 W dex2oat : Method processed more than once: void ga.<init>(java.lang.Class, java.lang.String, java.lang.String, com.box.androidsdk.content.models.BoxSession)
03-19 23:39:41.101 10225 10240 W dex2oat : Method processed more than once: com.box.androidsdk.content.requests.BoxRequest fy.setParentId(java.lang.String)
03-19 23:39:41.101 10225 10238 W dex2oat : Method processed more than once: com.box.androidsdk.content.requests.BoxRequest fw.setLimit(int)
03-19 23:39:41.101 10225 10239 W dex2oat : Method processed more than once: java.lang.String ga.getAddress()
03-19 23:39:41.101 10225 10239 W dex2oat : Method processed more than once: boolean ga.getCanSeeManagedUsers()
03-19 23:39:41.101 10225 10239 W dex2oat : Method processed more than once: boolean ga.getIsExemptFromDeviceLimits()
03-19 23:39:41.101 10225 10239 W dex2oat : Method processed more than once: boolean ga.getIsExemptFromLoginVerification()
03-19 23:39:41.101 10225 10238 W dex2oat : Method processed more than once: com.box.androidsdk.content.requests.BoxRequest fw.setPreviousListEvents(com.box.androidsdk.content.models.BoxJsonObject)
03-19 23:39:41.101 10225 10239 W dex2oat : Method processed more than once: boolean ga.getIsSyncEnabled()
03-19 23:39:41.102 10225 10238 W dex2oat : Method processed more than once: com.box.androidsdk.content.requests.BoxRequest fw.setStreamPosition(java.lang.String)
03-19 23:39:41.102 10225 10239 W dex2oat : Method processed more than once: java.lang.String ga.getJobTitle()
03-19 23:39:41.102 10225 10238 W dex2oat : Method processed more than once: com.box.androidsdk.content.requests.BoxRequest fw.setStreamType(java.lang.String)
03-19 23:39:41.102 10225 10239 W dex2oat : Method processed more than once: java.lang.String ga.getName()
03-19 23:39:41.102 10225 10238 W dex2oat : Method processed more than once: com.box.androidsdk.content.BoxFutureTask fw.toTaskForCachedResult()
03-19 23:39:41.102 10225 10239 W dex2oat : Method processed more than once: java.lang.String ga.getPhone()
03-19 23:39:41.102 10225 10239 W dex2oat : Method processed more than once: com.box.androidsdk.content.models.BoxUser$Role ga.getRole()
03-19 23:39:41.102 10225 10239 W dex2oat : Method processed more than once: double ga.getSpaceAmount()
03-19 23:39:41.102 10225 10239 W dex2oat : Method processed more than once: com.box.androidsdk.content.models.BoxUser$Status ga.getStatus()
03-19 23:39:41.102 10225 10239 W dex2oat : Method processed more than once: java.lang.String ga.getTimezone()
03-19 23:39:41.103 10225 10239 W dex2oat : Method processed more than once: com.box.androidsdk.content.requests.BoxRequest ga.setAddress(java.lang.String)
03-19 23:39:41.103 10225 10239 W dex2oat : Method processed more than once: com.box.androidsdk.content.requests.BoxRequest ga.setCanSeeManagedUsers(boolean)
03-19 23:39:41.103 10225 10239 W dex2oat : Method processed more than once: com.box.androidsdk.content.requests.BoxRequest ga.setIsExemptFromDeviceLimits(boolean)
03-19 23:39:41.103 10225 10239 W dex2oat : Method processed more than once: com.box.androidsdk.content.requests.BoxRequest ga.setIsExemptFromLoginVerification(boolean)
03-19 23:39:41.103 10225 10239 W dex2oat : Method processed more than once: com.box.androidsdk.content.requests.BoxRequest ga.setIsSyncEnabled(boolean)
03-19 23:39:41.103 10225 10239 W dex2oat : Method processed more than once: com.box.androidsdk.content.requests.BoxRequest ga.setJobTitle(java.lang.String)
03-19 23:39:41.103 10225 10239 W dex2oat : Method processed more than once: com.box.androidsdk.content.requests.BoxRequest ga.setName(java.lang.String)
03-19 23:39:41.104 10225 10239 W dex2oat : Method processed more than once: com.box.androidsdk.content.requests.BoxRequest ga.setPhone(java.lang.String)
03-19 23:39:41.104 10225 10239 W dex2oat : Method processed more than once: com.box.androidsdk.content.requests.BoxRequest ga.setRole(com.box.androidsdk.content.models.BoxUser$Role)
03-19 23:39:41.104 10225 10239 W dex2oat : Method processed more than once: com.box.androidsdk.content.requests.BoxRequest ga.setSpaceAmount(double)
03-19 23:39:41.104 10225 10239 W dex2oat : Method processed more than once: com.box.androidsdk.content.requests.BoxRequest ga.setStatus(com.box.androidsdk.content.models.BoxUser$Status)
03-19 23:39:41.105 10225 10239 W dex2oat : Method processed more than once: com.box.androidsdk.content.requests.BoxRequest ga.setTimezone(java.lang.String)
03-19 23:39:41.106 10225 10238 W dex2oat : Method processed more than once: void gq.<init>()
03-19 23:39:41.106 10225 10238 W dex2oat : Method processed more than once: void gq.a(gt)
03-19 23:39:41.106 10225 10238 W dex2oat : Method processed more than once: gt gq.c()
03-19 23:39:41.112 10225 10238 W dex2oat : Method processed more than once: void hi.<init>(java.lang.Object)
03-19 23:39:41.112 10225 10238 W dex2oat : Method processed more than once: void hi.<init>(java.lang.Object, java.lang.String)
03-19 23:39:41.112 10225 10238 W dex2oat : Method processed more than once: com.dropbox.client2.jsonextract.JsonExtractionException hi.error(java.lang.String)
03-19 23:39:41.158 10225 10225 W dex2oat : Method processed more than once: void io.realm.internal.RealmProxyMediator.<init>()
03-19 23:39:41.159 10225 10225 W dex2oat : Method processed more than once: void io.realm.internal.RealmProxyMediator.checkClass(java.lang.Class)
03-19 23:39:41.159 10225 10225 W dex2oat : Method processed more than once: io.realm.exceptions.RealmException io.realm.internal.RealmProxyMediator.getMissingProxyClassException(java.lang.Class)
03-19 23:39:41.160 10225 10225 W dex2oat : Method processed more than once: boolean io.realm.internal.RealmProxyMediator.equals(java.lang.Object)
03-19 23:39:41.160 10225 10225 W dex2oat : Method processed more than once: int io.realm.internal.RealmProxyMediator.hashCode()
03-19 23:39:41.161 10225 10225 W dex2oat : Method processed more than once: boolean io.realm.internal.RealmProxyMediator.transformerApplied()
03-19 23:39:41.175 10225 10238 W dex2oat : Method processed more than once: void jf.<init>(com.google.android.gms.internal.zzatp)
03-19 23:39:41.175 10225 10238 W dex2oat : Method processed more than once: android.content.Context jf.getContext()
03-19 23:39:41.175 10225 10238 W dex2oat : Method processed more than once: void jf.zzJd()
03-19 23:39:41.176 10225 10238 W dex2oat : Method processed more than once: void jf.zzJe()
03-19 23:39:41.176 10225 10238 W dex2oat : Method processed more than once: void jf.zzJf()
03-19 23:39:41.176 10225 10238 W dex2oat : Method processed more than once: com.google.android.gms.internal.zzaso jf.zzJg()
03-19 23:39:41.176 10225 10238 W dex2oat : Method processed more than once: jb jf.zzJh()
03-19 23:39:41.176 10225 10238 W dex2oat : Method processed more than once: com.google.android.gms.internal.zzatu jf.zzJi()
03-19 23:39:41.176 10225 10238 W dex2oat : Method processed more than once: com.google.android.gms.internal.zzatf jf.zzJj()
03-19 23:39:41.177 10225 10238 W dex2oat : Method processed more than once: com.google.android.gms.internal.zzasw jf.zzJk()
03-19 23:39:41.177 10225 10238 W dex2oat : Method processed more than once: com.google.android.gms.internal.zzatw jf.zzJl()
03-19 23:39:41.177 10225 10238 W dex2oat : Method processed more than once: com.google.android.gms.internal.zzatv jf.zzJm()
03-19 23:39:41.177 10225 10238 W dex2oat : Method processed more than once: com.google.android.gms.internal.zzatg jf.zzJn()
03-19 23:39:41.177 10225 10238 W dex2oat : Method processed more than once: com.google.android.gms.internal.zzasu jf.zzJo()
03-19 23:39:41.177 10225 10238 W dex2oat : Method processed more than once: com.google.android.gms.internal.zzaue jf.zzJp()
03-19 23:39:41.178 10225 10238 W dex2oat : Method processed more than once: com.google.android.gms.internal.zzatn jf.zzJq()
03-19 23:39:41.178 10225 10238 W dex2oat : Method processed more than once: com.google.android.gms.internal.zzaty jf.zzJr()
03-19 23:39:41.178 10225 10238 W dex2oat : Method processed more than once: com.google.android.gms.internal.zzato jf.zzJs()
03-19 23:39:41.178 10225 10238 W dex2oat : Method processed more than once: com.google.android.gms.internal.zzati jf.zzJt()
03-19 23:39:41.178 10225 10238 W dex2oat : Method processed more than once: com.google.android.gms.internal.zzatl jf.zzJu()
03-19 23:39:41.178 10225 10238 W dex2oat : Method processed more than once: com.google.android.gms.internal.zzast jf.zzJv()
03-19 23:39:41.178 10225 10238 W dex2oat : Method processed more than once: void jf.zzmq()
03-19 23:39:41.178 10225 10238 W dex2oat : Method processed more than once: com.google.android.gms.common.util.zze jf.zznq()
03-19 23:39:41.179 10225 10238 W dex2oat : Method processed more than once: void jc.<init>(com.google.android.gms.internal.zzatp)
03-19 23:39:41.179 10225 10238 W dex2oat : Method processed more than once: long jc.a(jc, long)
03-19 23:39:41.179 10225 10238 W dex2oat : Method processed more than once: com.google.android.gms.internal.zzatp jc.a(jc)
03-19 23:39:41.180 10225 10238 W dex2oat : Method processed more than once: boolean jc.b(jc)
03-19 23:39:41.180 10225 10238 W dex2oat : Method processed more than once: android.os.Handler jc.d()
03-19 23:39:41.180 10225 10240 W dex2oat : Method processed more than once: void jg.<init>(com.google.android.gms.internal.zzatp)
03-19 23:39:41.180 10225 10238 W dex2oat : Method processed more than once: void jc.a(long)
03-19 23:39:41.180 10225 10240 W dex2oat : Method processed more than once: void jg.initialize()
03-19 23:39:41.181 10225 10240 W dex2oat : Method processed more than once: boolean jg.s()
03-19 23:39:41.181 10225 10238 W dex2oat : Method processed more than once: boolean jc.b()
03-19 23:39:41.181 10225 10240 W dex2oat : Method processed more than once: void jg.zznA()
03-19 23:39:41.181 10225 10238 W dex2oat : Method processed more than once: void jc.c()
03-19 23:39:41.185 10225 10238 W dex2oat : Method processed more than once: void jw.<init>()
03-19 23:39:41.185 10225 10238 W dex2oat : Method processed more than once: void jw.serializeParams(java.lang.Object[])
03-19 23:39:41.185 10225 10238 W dex2oat : Method processed more than once: void jw.setSerializer(com.joooid.android.xmlrpc.IXMLRPCSerializer)
03-19 23:39:41.187 10225 10238 W dex2oat : Method processed more than once: void kc.<clinit>()
03-19 23:39:41.187 10225 10238 W dex2oat : Method processed more than once: void kc.<init>(com.koushikdutta.async.http.AsyncHttpRequest)
03-19 23:39:41.187 10225 10238 W dex2oat : Method processed more than once: com.koushikdutta.async.AsyncSocket kc.a(kc)
03-19 23:39:41.188 10225 10238 W dex2oat : Method processed more than once: void kc.c()
03-19 23:39:41.188 10225 10238 W dex2oat : Method processed more than once: void kc.d()
03-19 23:39:41.188 10225 10238 W dex2oat : Method processed more than once: void kc.a()
03-19 23:39:41.188 10225 10238 W dex2oat : Method processed more than once: void kc.a(com.koushikdutta.async.AsyncSocket)
03-19 23:39:41.188 10225 10238 W dex2oat : Method processed more than once: void kc.a(java.lang.Exception)
03-19 23:39:41.188 10225 10238 W dex2oat : Method processed more than once: void kc.b()
03-19 23:39:41.188 10225 10238 W dex2oat : Method processed more than once: java.lang.String kc.charset()
03-19 23:39:41.188 10225 10238 W dex2oat : Method processed more than once: void kc.close()
03-19 23:39:41.189 10225 10238 W dex2oat : Method processed more than once: int kc.code()
03-19 23:39:41.189 10225 10238 W dex2oat : Method processed more than once: com.koushikdutta.async.http.AsyncHttpClientMiddleware$ResponseHead kc.code(int)
03-19 23:39:41.190 10225 10238 W dex2oat : Method processed more than once: com.koushikdutta.async.DataEmitter kc.emitter()
03-19 23:39:41.190 10225 10238 W dex2oat : Method processed more than once: com.koushikdutta.async.http.AsyncHttpClientMiddleware$ResponseHead kc.emitter(com.koushikdutta.async.DataEmitter)
03-19 23:39:41.190 10225 10238 W dex2oat : Method processed more than once: void kc.end()
03-19 23:39:41.190 10225 10238 W dex2oat : Method processed more than once: com.koushikdutta.async.callback.CompletedCallback kc.getClosedCallback()
03-19 23:39:41.190 10225 10238 W dex2oat : Method processed more than once: com.koushikdutta.async.http.AsyncHttpRequest kc.getRequest()
03-19 23:39:41.191 10225 10238 W dex2oat : Method processed more than once: com.koushikdutta.async.AsyncServer kc.getServer()
03-19 23:39:41.191 10225 10238 W dex2oat : Method processed more than once: com.koushikdutta.async.callback.WritableCallback kc.getWriteableCallback()
03-19 23:39:41.191 10225 10238 W dex2oat : Method processed more than once: com.koushikdutta.async.http.AsyncHttpClientMiddleware$ResponseHead kc.headers(com.koushikdutta.async.http.Headers)
03-19 23:39:41.191 10225 10238 W dex2oat : Method processed more than once: com.koushikdutta.async.http.Headers kc.headers()
03-19 23:39:41.191 10225 10238 W dex2oat : Method processed more than once: boolean kc.isOpen()
03-19 23:39:41.191 10225 10238 W dex2oat : Method processed more than once: com.koushikdutta.async.http.AsyncHttpClientMiddleware$ResponseHead kc.message(java.lang.String)
03-19 23:39:41.191 10225 10238 W dex2oat : Method processed more than once: java.lang.String kc.message()
03-19 23:39:41.191 10225 10238 W dex2oat : Method processed more than once: com.koushikdutta.async.http.AsyncHttpClientMiddleware$ResponseHead kc.protocol(java.lang.String)
03-19 23:39:41.192 10225 10238 W dex2oat : Method processed more than once: java.lang.String kc.protocol()
03-19 23:39:41.192 10225 10238 W dex2oat : Method processed more than once: void kc.report(java.lang.Exception)
03-19 23:39:41.192 10225 10238 W dex2oat : Method processed more than once: void kc.setClosedCallback(com.koushikdutta.async.callback.CompletedCallback)
03-19 23:39:41.192 10225 10238 W dex2oat : Method processed more than once: void kc.setWriteableCallback(com.koushikdutta.async.callback.WritableCallback)
03-19 23:39:41.192 10225 10238 W dex2oat : Method processed more than once: com.koushikdutta.async.DataSink kc.sink()
03-19 23:39:41.192 10225 10238 W dex2oat : Method processed more than once: com.koushikdutta.async.http.AsyncHttpClientMiddleware$ResponseHead kc.sink(com.koushikdutta.async.DataSink)
03-19 23:39:41.192 10225 10238 W dex2oat : Method processed more than once: com.koushikdutta.async.AsyncSocket kc.socket()
03-19 23:39:41.192 10225 10238 W dex2oat : Method processed more than once: java.lang.String kc.toString()
03-19 23:39:41.192 10225 10238 W dex2oat : Method processed more than once: void kc.write(com.koushikdutta.async.ByteBufferList)
03-19 23:39:41.200 10225 10225 W dex2oat : Method processed more than once: void ky.<init>(com.koushikdutta.ion.Ion, java.lang.String, boolean)
03-19 23:39:41.200 10225 10225 W dex2oat : Method processed more than once: void ky.getBitmapSnapshot(com.koushikdutta.ion.Ion, java.lang.String, java.util.ArrayList)
03-19 23:39:41.200 10225 10225 W dex2oat : Method processed more than once: void ky.saveBitmapSnapshot(com.koushikdutta.ion.Ion, com.koushikdutta.ion.bitmap.BitmapInfo)
03-19 23:39:41.201 10225 10225 W dex2oat : Method processed more than once: boolean ky.a()
03-19 23:39:41.201 10225 10225 W dex2oat : Method processed more than once: void ky.onReported()
03-19 23:39:41.201 10225 10225 W dex2oat : Method processed more than once: void ky.report(java.lang.Exception, com.koushikdutta.ion.bitmap.BitmapInfo)
03-19 23:39:41.205 10225 10238 W dex2oat : Method processed more than once: void lg.<clinit>()
03-19 23:39:41.205 10225 10238 W dex2oat : Method processed more than once: void lg.<init>(com.koushikdutta.ion.Ion)
03-19 23:39:41.205 10225 10238 W dex2oat : Method processed more than once: void lg.<init>(lj)
03-19 23:39:41.205 10225 10238 W dex2oat : Method processed more than once: void lg.a(android.widget.ImageView, android.view.animation.Animation, int)
03-19 23:39:41.205 10225 10238 W dex2oat : Method processed more than once: void lg.a(java.lang.String)
03-19 23:39:41.205 10225 10238 W dex2oat : Method processed more than once: java.lang.String lg.computeBitmapKey(java.lang.String, java.util.List)
03-19 23:39:41.205 10225 10238 W dex2oat : Method processed more than once: java.lang.String lg.computeDecodeKey(lj, int, int, boolean, boolean)
03-19 23:39:41.206 10225 10238 W dex2oat : Method processed more than once: java.lang.String lg.d()
03-19 23:39:41.206 10225 10238 W dex2oat : Method processed more than once: kz lg.a(int, int)
03-19 23:39:41.206 10225 10238 W dex2oat : Method processed more than once: void lg.a()
03-19 23:39:41.206 10225 10238 W dex2oat : Method processed more than once: void lg.addDefaultTransform()
03-19 23:39:41.206 10225 10238 W dex2oat : Method processed more than once: com.koushikdutta.ion.builder.ImageViewBuilder lg.animateGif(com.koushikdutta.ion.builder.AnimateGifMode)
03-19 23:39:41.206 10225 10238 W dex2oat : Method processed more than once: lg lg.animateGif(com.koushikdutta.ion.builder.AnimateGifMode)
03-19 23:39:41.206 10225 10238 W dex2oat : Method processed more than once: com.koushikdutta.async.future.Future lg.asBitmap()
03-19 23:39:41.206 10225 10238 W dex2oat : Method processed more than once: com.koushikdutta.ion.bitmap.BitmapInfo lg.asCachedBitmap()
03-19 23:39:41.207 10225 10238 W dex2oat : Method processed more than once: kz lg.b()
03-19 23:39:41.207 10225 10238 W dex2oat : Method processed more than once: boolean lg.c()
03-19 23:39:41.207 10225 10238 W dex2oat : Method processed more than once: com.koushikdutta.ion.builder.BitmapBuilder lg.centerCrop()
03-19 23:39:41.207 10225 10238 W dex2oat : Method processed more than once: lg lg.centerCrop()
03-19 23:39:41.207 10225 10238 W dex2oat : Method processed more than once: com.koushikdutta.ion.builder.BitmapBuilder lg.centerInside()
03-19 23:39:41.207 10225 10238 W dex2oat : Method processed more than once: lg lg.centerInside()
03-19 23:39:41.207 10225 10238 W dex2oat : Method processed more than once: java.lang.String lg.computeBitmapKey(java.lang.String)
03-19 23:39:41.207 10225 10238 W dex2oat : Method processed more than once: com.koushikdutta.ion.builder.ImageViewBuilder lg.deepZoom()
03-19 23:39:41.207 10225 10238 W dex2oat : Method processed more than once: lg lg.deepZoom()
03-19 23:39:41.207 10225 10238 W dex2oat : Method processed more than once: lj lg.ensureBuilder()
03-19 23:39:41.207 10225 10238 W dex2oat : Method processed more than once: com.koushikdutta.ion.builder.BitmapBuilder lg.fitCenter()
03-19 23:39:41.208 10225 10238 W dex2oat : Method processed more than once: lg lg.fitCenter()
03-19 23:39:41.208 10225 10238 W dex2oat : Method processed more than once: com.koushikdutta.ion.builder.BitmapBuilder lg.fitXY()
03-19 23:39:41.208 10225 10238 W dex2oat : Method processed more than once: lg lg.fitXY()
03-19 23:39:41.208 10225 10238 W dex2oat : Method processed more than once: com.koushikdutta.ion.bitmap.LocallyCachedStatus lg.isLocallyCached()
03-19 23:39:41.208 10225 10238 W dex2oat : Method processed more than once: com.koushikdutta.ion.builder.BitmapBuilder lg.postProcess(com.koushikdutta.ion.bitmap.PostProcess)
03-19 23:39:41.208 10225 10238 W dex2oat : Method processed more than once: lg lg.postProcess(com.koushikdutta.ion.bitmap.PostProcess)
03-19 23:39:41.208 10225 10238 W dex2oat : Method processed more than once: com.koushikdutta.ion.builder.BitmapBuilder lg.resize(int, int)
03-19 23:39:41.208 10225 10238 W dex2oat : Method processed more than once: lg lg.resize(int, int)
03-19 23:39:41.208 10225 10238 W dex2oat : Method processed more than once: com.koushikdutta.ion.builder.BitmapBuilder lg.resizeHeight(int)
03-19 23:39:41.209 10225 10238 W dex2oat : Method processed more than once: lg lg.resizeHeight(int)
03-19 23:39:41.209 10225 10238 W dex2oat : Method processed more than once: com.koushikdutta.ion.builder.BitmapBuilder lg.resizeWidth(int)
03-19 23:39:41.209 10225 10238 W dex2oat : Method processed more than once: lg lg.resizeWidth(int)
03-19 23:39:41.209 10225 10238 W dex2oat : Method processed more than once: com.koushikdutta.ion.builder.BitmapBuilder lg.smartSize(boolean)
03-19 23:39:41.209 10225 10238 W dex2oat : Method processed more than once: lg lg.smartSize(boolean)
03-19 23:39:41.209 10225 10238 W dex2oat : Method processed more than once: com.koushikdutta.ion.builder.BitmapBuilder lg.transform(com.koushikdutta.ion.bitmap.Transform)
03-19 23:39:41.210 10225 10238 W dex2oat : Method processed more than once: lg lg.transform(com.koushikdutta.ion.bitmap.Transform)
03-19 23:39:41.213 10225 10238 W dex2oat : Method processed more than once: void ll.<init>(com.koushikdutta.ion.Ion, java.lang.String, boolean, boolean)
03-19 23:39:41.248 10225 10238 W dex2oat : Method processed more than once: void okhttp3.ResponseBody.<init>()
03-19 23:39:41.248 10225 10238 W dex2oat : Method processed more than once: java.nio.charset.Charset okhttp3.ResponseBody.charset()
03-19 23:39:41.248 10225 10238 W dex2oat : Method processed more than once: okhttp3.ResponseBody okhttp3.ResponseBody.create(okhttp3.MediaType, long, okio.BufferedSource)
03-19 23:39:41.249 10225 10238 W dex2oat : Method processed more than once: okhttp3.ResponseBody okhttp3.ResponseBody.create(okhttp3.MediaType, java.lang.String)
03-19 23:39:41.249 10225 10238 W dex2oat : Method processed more than once: okhttp3.ResponseBody okhttp3.ResponseBody.create(okhttp3.MediaType, byte[])
03-19 23:39:41.249 10225 10238 W dex2oat : Method processed more than once: java.io.InputStream okhttp3.ResponseBody.byteStream()
03-19 23:39:41.249 10225 10238 W dex2oat : Method processed more than once: byte[] okhttp3.ResponseBody.bytes()
03-19 23:39:41.250 10225 10238 W dex2oat : Method processed more than once: java.io.Reader okhttp3.ResponseBody.charStream()
03-19 23:39:41.250 10225 10238 W dex2oat : Method processed more than once: void okhttp3.ResponseBody.close()
03-19 23:39:41.250 10225 10238 W dex2oat : Method processed more than once: java.lang.String okhttp3.ResponseBody.string()
03-19 23:39:41.316 10225 10240 W dex2oat : Method processed more than once: void org.apache.commons.httpclient.HttpClient.<clinit>()
03-19 23:39:41.316 10225 10240 W dex2oat : Method processed more than once: void org.apache.commons.httpclient.HttpClient.<init>()
03-19 23:39:41.317 10225 10240 W dex2oat : Method processed more than once: void org.apache.commons.httpclient.HttpClient.<init>(org.apache.commons.httpclient.HttpConnectionManager)
03-19 23:39:41.317 10225 10240 W dex2oat : Method processed more than once: void org.apache.commons.httpclient.HttpClient.<init>(org.apache.commons.httpclient.params.HttpClientParams)
03-19 23:39:41.317 10225 10240 W dex2oat : Method processed more than once: void org.apache.commons.httpclient.HttpClient.<init>(org.apache.commons.httpclient.params.HttpClientParams, org.apache.commons.httpclient.HttpConnectionManager)
03-19 23:39:41.317 10225 10240 W dex2oat : Method processed more than once: java.lang.Class org.apache.commons.httpclient.HttpClient.a(java.lang.String)
03-19 23:39:41.317 10225 10240 W dex2oat : Method processed more than once: int org.apache.commons.httpclient.HttpClient.executeMethod(org.apache.commons.httpclient.HostConfiguration, org.apache.commons.httpclient.HttpMethod)
03-19 23:39:41.317 10225 10240 W dex2oat : Method processed more than once: int org.apache.commons.httpclient.HttpClient.executeMethod(org.apache.commons.httpclient.HostConfiguration, org.apache.commons.httpclient.HttpMethod, org.apache.commons.httpclient.HttpState)
03-19 23:39:41.317 10225 10240 W dex2oat : Method processed more than once: int org.apache.commons.httpclient.HttpClient.executeMethod(org.apache.commons.httpclient.HttpMethod)
03-19 23:39:41.318 10225 10240 W dex2oat : Method processed more than once: java.lang.String org.apache.commons.httpclient.HttpClient.getHost()
03-19 23:39:41.318 10225 10240 W dex2oat : Method processed more than once: org.apache.commons.httpclient.HostConfiguration org.apache.commons.httpclient.HttpClient.getHostConfiguration()
03-19 23:39:41.318 10225 10240 W dex2oat : Method processed more than once: org.apache.commons.httpclient.HttpConnectionManager org.apache.commons.httpclient.HttpClient.getHttpConnectionManager()
03-19 23:39:41.318 10225 10240 W dex2oat : Method processed more than once: org.apache.commons.httpclient.params.HttpClientParams org.apache.commons.httpclient.HttpClient.getParams()
03-19 23:39:41.318 10225 10240 W dex2oat : Method processed more than once: int org.apache.commons.httpclient.HttpClient.getPort()
03-19 23:39:41.318 10225 10240 W dex2oat : Method processed more than once: org.apache.commons.httpclient.HttpState org.apache.commons.httpclient.HttpClient.getState()
03-19 23:39:41.318 10225 10240 W dex2oat : Method processed more than once: boolean org.apache.commons.httpclient.HttpClient.isStrictMode()
03-19 23:39:41.319 10225 10240 W dex2oat : Method processed more than once: void org.apache.commons.httpclient.HttpClient.setConnectionTimeout(int)
03-19 23:39:41.319 10225 10240 W dex2oat : Method processed more than once: void org.apache.commons.httpclient.HttpClient.setHostConfiguration(org.apache.commons.httpclient.HostConfiguration)
03-19 23:39:41.319 10225 10240 W dex2oat : Method processed more than once: void org.apache.commons.httpclient.HttpClient.setHttpConnectionFactoryTimeout(long)
03-19 23:39:41.319 10225 10240 W dex2oat : Method processed more than once: void org.apache.commons.httpclient.HttpClient.setHttpConnectionManager(org.apache.commons.httpclient.HttpConnectionManager)
03-19 23:39:41.319 10225 10240 W dex2oat : Method processed more than once: void org.apache.commons.httpclient.HttpClient.setParams(org.apache.commons.httpclient.params.HttpClientParams)
03-19 23:39:41.321 10225 10240 W dex2oat : Method processed more than once: void org.apache.commons.httpclient.HttpClient.setState(org.apache.commons.httpclient.HttpState)
03-19 23:39:41.321 10225 10240 W dex2oat : Method processed more than once: void org.apache.commons.httpclient.HttpClient.setStrictMode(boolean)
03-19 23:39:41.321 10225 10240 W dex2oat : Method processed more than once: void org.apache.commons.httpclient.HttpClient.setTimeout(int)
03-19 23:39:41.416 10225 10239 W dex2oat : Method processed more than once: void org.apache.http.entity.mime.content.AbstractContentBody.<init>(java.lang.String)
03-19 23:39:41.416 10225 10239 W dex2oat : Method processed more than once: java.lang.String org.apache.http.entity.mime.content.AbstractContentBody.getMediaType()
03-19 23:39:41.416 10225 10239 W dex2oat : Method processed more than once: java.lang.String org.apache.http.entity.mime.content.AbstractContentBody.getMimeType()
03-19 23:39:41.416 10225 10239 W dex2oat : Method processed more than once: java.lang.String org.apache.http.entity.mime.content.AbstractContentBody.getSubType()
03-19 23:39:41.458 10225 10225 W dex2oat : Method processed more than once: void org.fossasia.phimpme.base.BaseActivity.<init>()
03-19 23:39:41.458 10225 10225 W dex2oat : Method processed more than once: void org.fossasia.phimpme.base.BaseActivity.a()
03-19 23:39:41.458 10225 10225 W dex2oat : Method processed more than once: void org.fossasia.phimpme.base.BaseActivity.b()
03-19 23:39:41.459 10225 10225 W dex2oat : Method processed more than once: void org.fossasia.phimpme.base.BaseActivity.a(int)
03-19 23:39:41.459 10225 10225 W dex2oat : Method processed more than once: void org.fossasia.phimpme.base.BaseActivity.b(int)
03-19 23:39:41.459 10225 10225 W dex2oat : Method processed more than once: void org.fossasia.phimpme.base.BaseActivity.hideNavigationBar()
03-19 23:39:41.460 10225 10225 W dex2oat : Method processed more than once: void org.fossasia.phimpme.base.BaseActivity.onCreate(android.os.Bundle)
03-19 23:39:41.460 10225 10225 W dex2oat : Method processed more than once: boolean org.fossasia.phimpme.base.BaseActivity.onNavigationItemSelected(android.view.MenuItem)
03-19 23:39:41.460 10225 10225 W dex2oat : Method processed more than once: void org.fossasia.phimpme.base.BaseActivity.onPause()
03-19 23:39:41.461 10225 10225 W dex2oat : Method processed more than once: void org.fossasia.phimpme.base.BaseActivity.onResume()
03-19 23:39:41.461 10225 10225 W dex2oat : Method processed more than once: void org.fossasia.phimpme.base.BaseActivity.onStart()
03-19 23:39:41.461 10225 10225 W dex2oat : Method processed more than once: void org.fossasia.phimpme.base.BaseActivity.setNavigationBarColor(int)
03-19 23:39:41.461 10225 10225 W dex2oat : Method processed more than once: void org.fossasia.phimpme.base.BaseActivity.showNavigationBar()
03-19 23:39:41.461 10225 10240 W dex2oat : Method processed more than once: void org.fossasia.phimpme.base.ThemedActivity.<init>()
03-19 23:39:41.462 10225 10240 W dex2oat : Method processed more than once: android.graphics.Bitmap org.fossasia.phimpme.base.ThemedActivity.getBitmapFromVectorDrawable(android.content.Context, int)
03-19 23:39:41.462 10225 10240 W dex2oat : Method processed more than once: void org.fossasia.phimpme.base.ThemedActivity.attachBaseContext(android.content.Context)
03-19 23:39:41.462 10225 10240 W dex2oat : Method processed more than once: int org.fossasia.phimpme.base.ThemedActivity.getAccentColor()
03-19 23:39:41.462 10225 10240 W dex2oat : Method processed more than once: int org.fossasia.phimpme.base.ThemedActivity.getBackgroundColor()
03-19 23:39:41.462 10225 10240 W dex2oat : Method processed more than once: int org.fossasia.phimpme.base.ThemedActivity.getBaseTheme()
03-19 23:39:41.462 10225 10240 W dex2oat : Method processed more than once: int org.fossasia.phimpme.base.ThemedActivity.getCardBackgroundColor()
03-19 23:39:41.462 10225 10240 W dex2oat : Method processed more than once: int org.fossasia.phimpme.base.ThemedActivity.getContentViewId()
03-19 23:39:41.463 10225 10240 W dex2oat : Method processed more than once: int org.fossasia.phimpme.base.ThemedActivity.getDefaultThemeToolbarColor3th()
03-19 23:39:41.463 10225 10240 W dex2oat : Method processed more than once: int org.fossasia.phimpme.base.ThemedActivity.getDialogStyle()
03-19 23:39:41.463 10225 10240 W dex2oat : Method processed more than once: int org.fossasia.phimpme.base.ThemedActivity.getDrawerBackground()
03-19 23:39:41.463 10225 10240 W dex2oat : Method processed more than once: int org.fossasia.phimpme.base.ThemedActivity.getHighlightedItemColor()
03-19 23:39:41.463 10225 10240 W dex2oat : Method processed more than once: int org.fossasia.phimpme.base.ThemedActivity.getIconColor()
03-19 23:39:41.464 10225 10240 W dex2oat : Method processed more than once: int org.fossasia.phimpme.base.ThemedActivity.getInvertedBackgroundColor()
03-19 23:39:41.464 10225 10240 W dex2oat : Method processed more than once: int org.fossasia.phimpme.base.ThemedActivity.getNavigationMenuItemId()
03-19 23:39:41.464 10225 10240 W dex2oat : Method processed more than once: android.graphics.drawable.Drawable org.fossasia.phimpme.base.ThemedActivity.getPlaceHolder()
03-19 23:39:41.464 10225 10240 W dex2oat : Method processed more than once: int org.fossasia.phimpme.base.ThemedActivity.getPopupToolbarStyle()
03-19 23:39:41.464 10225 10240 W dex2oat : Method processed more than once: int org.fossasia.phimpme.base.ThemedActivity.getPrimaryColor()
03-19 23:39:41.464 10225 10240 W dex2oat : Method processed more than once: android.widget.ArrayAdapter org.fossasia.phimpme.base.ThemedActivity.getSpinnerAdapter(java.util.ArrayList)
03-19 23:39:41.464 10225 10240 W dex2oat : Method processed more than once: int org.fossasia.phimpme.base.ThemedActivity.getSubTextColor()
03-19 23:39:41.465 10225 10240 W dex2oat : Method processed more than once: int org.fossasia.phimpme.base.ThemedActivity.getTextColor()
03-19 23:39:41.465 10225 10240 W dex2oat : Method processed more than once: com.mikepenz.iconics.IconicsDrawable org.fossasia.phimpme.base.ThemedActivity.getToolbarIcon(com.mikepenz.iconics.typeface.IIcon)
03-19 23:39:41.465 10225 10240 W dex2oat : Method processed more than once: int org.fossasia.phimpme.base.ThemedActivity.getTransparency()
03-19 23:39:41.465 10225 10240 W dex2oat : Method processed more than once: boolean org.fossasia.phimpme.base.ThemedActivity.isApplyThemeOnImgAct()
03-19 23:39:41.465 10225 10240 W dex2oat : Method processed more than once: boolean org.fossasia.phimpme.base.ThemedActivity.isNavigationBarColored()
03-19 23:39:41.465 10225 10240 W dex2oat : Method processed more than once: boolean org.fossasia.phimpme.base.ThemedActivity.isTranslucentStatusBar()
03-19 23:39:41.466 10225 10240 W dex2oat : Method processed more than once: boolean org.fossasia.phimpme.base.ThemedActivity.isTransparencyZero()
03-19 23:39:41.466 10225 10240 W dex2oat : Method processed more than once: void org.fossasia.phimpme.base.ThemedActivity.onCreate(android.os.Bundle)
03-19 23:39:41.466 10225 10240 W dex2oat : Method processed more than once: void org.fossasia.phimpme.base.ThemedActivity.onResume()
03-19 23:39:41.466 10225 10240 W dex2oat : Method processed more than once: void org.fossasia.phimpme.base.ThemedActivity.setBaseTheme(int, boolean)
03-19 23:39:41.466 10225 10240 W dex2oat : Method processed more than once: void org.fossasia.phimpme.base.ThemedActivity.setCursorDrawableColor(android.widget.EditText, int)
03-19 23:39:41.466 10225 10240 W dex2oat : Method processed more than once: void org.fossasia.phimpme.base.ThemedActivity.setNavBarColor()
03-19 23:39:41.466 10225 10240 W dex2oat : Method processed more than once: void org.fossasia.phimpme.base.ThemedActivity.setRadioTextButtonColor(android.widget.RadioButton, int)
03-19 23:39:41.467 10225 10240 W dex2oat : Method processed more than once: void org.fossasia.phimpme.base.ThemedActivity.setRecentApp(java.lang.String)
03-19 23:39:41.467 10225 10240 W dex2oat : Method processed more than once: void org.fossasia.phimpme.base.ThemedActivity.setScrollViewColor(android.widget.ScrollView)
03-19 23:39:41.467 10225 10240 W dex2oat : Method processed more than once: void org.fossasia.phimpme.base.ThemedActivity.setStatusBarColor()
03-19 23:39:41.467 10225 10240 W dex2oat : Method processed more than once: void org.fossasia.phimpme.base.ThemedActivity.themeSeekBar(android.widget.SeekBar)
03-19 23:39:41.467 10225 10240 W dex2oat : Method processed more than once: void org.fossasia.phimpme.base.ThemedActivity.updateRadioButtonColor(android.widget.RadioButton)
03-19 23:39:41.467 10225 10240 W dex2oat : Method processed more than once: void org.fossasia.phimpme.base.ThemedActivity.updateSwitchColor(android.support.v7.widget.SwitchCompat, int)
03-19 23:39:41.468 10225 10240 W dex2oat : Method processed more than once: void org.fossasia.phimpme.base.ThemedActivity.updateTheme()
03-19 23:39:41.470 10225 10238 W dex2oat : Method processed more than once: void org.fossasia.phimpme.editor.EditBaseActivity.<init>()
03-19 23:39:41.470 10225 10238 W dex2oat : Method processed more than once: void org.fossasia.phimpme.editor.EditBaseActivity.a()
03-19 23:39:41.470 10225 10238 W dex2oat : Method processed more than once: android.app.Dialog org.fossasia.phimpme.editor.EditBaseActivity.getLoadingDialog(android.content.Context, int, boolean)
03-19 23:39:41.470 10225 10238 W dex2oat : Method processed more than once: android.app.Dialog org.fossasia.phimpme.editor.EditBaseActivity.getLoadingDialog(android.content.Context, java.lang.String, boolean)
03-19 23:39:41.470 10225 10238 W dex2oat : Method processed more than once: void org.fossasia.phimpme.editor.EditBaseActivity.checkInitImageLoader()
03-19 23:39:41.713 10225 10240 W dex2oat : Method processed more than once: void org.osmdroid.views.overlay.Overlay.<clinit>()
03-19 23:39:41.713 10225 10240 W dex2oat : Method processed more than once: void org.osmdroid.views.overlay.Overlay.<init>(android.content.Context)
03-19 23:39:41.713 10225 10240 W dex2oat : Method processed more than once: void org.osmdroid.views.overlay.Overlay.<init>(org.osmdroid.ResourceProxy)
03-19 23:39:41.713 10225 10240 W dex2oat : Method processed more than once: void org.osmdroid.views.overlay.Overlay.drawAt(android.graphics.Canvas, android.graphics.drawable.Drawable, int, int, boolean)
03-19 23:39:41.713 10225 10240 W dex2oat : Method processed more than once: int org.osmdroid.views.overlay.Overlay.getSafeMenuId()
03-19 23:39:41.714 10225 10240 W dex2oat : Method processed more than once: int org.osmdroid.views.overlay.Overlay.getSafeMenuIdSequence(int)
