03-19 23:41:36.735  6085 10971 I UIAutomatorStub: Skipping invisible child: android.view.accessibility.AccessibilityNodeInfo@2dd6b; boundsInParent: Rect(0, 0 - 222, 71); boundsInScreen: Rect(821, 1660 - 1043, 1647); packageName: org.fossasia.phimpme; className: android.widget.Switch; text: OFF; error: null; maxTextLength: -1; contentDescription: null; viewIdResName: org.fossasia.phimpme:id/sign_in_sign_out_switch; checkable: true; checked: false; focusable: true; focused: false; selected: false; clickable: true; longClickable: false; contextClickable: false; enabled: true; password: false; scrollable: false; importantForAccessibility: true; actions: [AccessibilityAction: ACTION_FOCUS - null, AccessibilityAction: ACTION_SELECT - null, AccessibilityAction: ACTION_CLEAR_SELECTION - null, AccessibilityAction: ACTION_CLICK - null, AccessibilityAction: ACTION_ACCESSIBILITY_FOCUS - null, AccessibilityAction: ACTION_SHOW_ON_SCREEN - null]
03-19 23:41:36.737  6085 10971 I UIAutomatorStub: Skipping invisible child: android.view.accessibility.AccessibilityNodeInfo@1a217; boundsInParent: Rect(0, 0 - 1080, 63); boundsInScreen: Rect(0, 0 - 1080, 63); packageName: org.fossasia.phimpme; className: android.view.View; text: null; error: null; maxTextLength: -1; contentDescription: null; viewIdResName: android:id/statusBarBackground; checkable: false; checked: false; focusable: false; focused: false; selected: false; clickable: false; longClickable: false; contextClickable: false; enabled: true; password: false; scrollable: false; importantForAccessibility: false; actions: [AccessibilityAction: ACTION_SELECT - null, AccessibilityAction: ACTION_CLEAR_SELECTION - null, AccessibilityAction: ACTION_ACCESSIBILITY_FOCUS - null, AccessibilityAction: ACTION_SHOW_ON_SCREEN - null]
03-19 23:41:36.737  6085 10971 I UIAutomatorStub: Skipping invisible child: android.view.accessibility.AccessibilityNodeInfo@1a5d8; boundsInParent: Rect(0, 0 - 1080, 126); boundsInScreen: Rect(0, 1794 - 1080, 1920); packageName: org.fossasia.phimpme; className: android.view.View; text: null; error: null; maxTextLength: -1; contentDescription: null; viewIdResName: android:id/navigationBarBackground; checkable: false; checked: false; focusable: false; focused: false; selected: false; clickable: false; longClickable: false; contextClickable: false; enabled: true; password: false; scrollable: false; importantForAccessibility: false; actions: [AccessibilityAction: ACTION_SELECT - null, AccessibilityAction: ACTION_CLEAR_SELECTION - null, AccessibilityAction: ACTION_ACCESSIBILITY_FOCUS - null, AccessibilityAction: ACTION_SHOW_ON_SCREEN - null]
03-19 23:41:36.737  6085 10971 I UIAutomatorStub: Fetch time: 8ms
03-19 23:41:37.996  6085 10977 D UIAutomatorStub: URI: /jsonrpc/0, Method: POST, Header: {content-length=117, remote-addr=127.0.0.1, http-client-ip=127.0.0.1, host=localhost:9008, content-type=application/json, connection=close, accept-encoding=identity, user-agent=Python-urllib/3.7}, params, {NanoHttpd.QUERY_STRING=null}, files: {postData={"jsonrpc": "2.0", "method": "dumpWindowHierarchy", "id": "5935b30b523c40c65dcada5bea0ad076", "params": [true, null]}}
03-19 23:41:38.014  6085 10977 I UIAutomatorStub: Skipping invisible child: android.view.accessibility.AccessibilityNodeInfo@2e4ed; boundsInParent: Rect(0, 0 - 42, 42); boundsInScreen: Rect(121, 1706 - 163, 1647); packageName: org.fossasia.phimpme; className: android.widget.ImageView; text: null; error: null; maxTextLength: -1; contentDescription: null; viewIdResName: org.fossasia.phimpme:id/account_logo_indicator; checkable: false; checked: false; focusable: false; focused: false; selected: false; clickable: false; longClickable: false; contextClickable: false; enabled: true; password: false; scrollable: false; importantForAccessibility: false; actions: [AccessibilityAction: ACTION_SELECT - null, AccessibilityAction: ACTION_CLEAR_SELECTION - null, AccessibilityAction: ACTION_ACCESSIBILITY_FOCUS - null, AccessibilityAction: ACTION_SHOW_ON_SCREEN - null]
03-19 23:41:38.015  6085 10977 I UIAutomatorStub: Skipping invisible child: android.view.accessibility.AccessibilityNodeInfo@2d9aa; boundsInParent: Rect(0, 0 - 584, 63); boundsInScreen: Rect(237, 1664 - 821, 1647); packageName: org.fossasia.phimpme; className: android.widget.TextView; text: BOX; error: null; maxTextLength: -1; contentDescription: null; viewIdResName: org.fossasia.phimpme:id/account_username; checkable: false; checked: false; focusable: false; focused: false; selected: false; clickable: false; longClickable: false; contextClickable: false; enabled: true; password: false; scrollable: false; importantForAccessibility: true; actions: [AccessibilityAction: ACTION_SELECT - null, AccessibilityAction: ACTION_CLEAR_SELECTION - null, AccessibilityAction: ACTION_ACCESSIBILITY_FOCUS - null, AccessibilityAction: ACTION_NEXT_AT_MOVEMENT_GRANULARITY - null, AccessibilityAction: ACTION_PREVIOUS_AT_MOVEMENT_GRANULARITY - null, AccessibilityAction: ACTION_SET_SELECTION - null, AccessibilityAction: ACTION_SHOW_ON_SCREEN - null]
03-19 23:41:38.015  6085 10977 I UIAutomatorStub: Skipping invisible child: android.view.accessibility.AccessibilityNodeInfo@2dd6b; boundsInParent: Rect(0, 0 - 222, 71); boundsInScreen: Rect(821, 1660 - 1043, 1647); packageName: org.fossasia.phimpme; className: android.widget.Switch; text: OFF; error: null; maxTextLength: -1; contentDescription: null; viewIdResName: org.fossasia.phimpme:id/sign_in_sign_out_switch; checkable: true; checked: false; focusable: true; focused: false; selected: false; clickable: true; longClickable: false; contextClickable: false; enabled: true; password: false; scrollable: false; importantForAccessibility: true; actions: [AccessibilityAction: ACTION_FOCUS - null, AccessibilityAction: ACTION_SELECT - null, AccessibilityAction: ACTION_CLEAR_SELECTION - null, AccessibilityAction: ACTION_CLICK - null, AccessibilityAction: ACTION_ACCESSIBILITY_FOCUS - null, AccessibilityAction: ACTION_SHOW_ON_SCREEN - null]
03-19 23:41:38.016  6085 10977 I UIAutomatorStub: Skipping invisible child: android.view.accessibility.AccessibilityNodeInfo@1a217; boundsInParent: Rect(0, 0 - 1080, 63); boundsInScreen: Rect(0, 0 - 1080, 63); packageName: org.fossasia.phimpme; className: android.view.View; text: null; error: null; maxTextLength: -1; contentDescription: null; viewIdResName: android:id/statusBarBackground; checkable: false; checked: false; focusable: false; focused: false; selected: false; clickable: false; longClickable: false; contextClickable: false; enabled: true; password: false; scrollable: false; importantForAccessibility: false; actions: [AccessibilityAction: ACTION_SELECT - null, AccessibilityAction: ACTION_CLEAR_SELECTION - null, AccessibilityAction: ACTION_ACCESSIBILITY_FOCUS - null, AccessibilityAction: ACTION_SHOW_ON_SCREEN - null]
03-19 23:41:38.016  6085 10977 I UIAutomatorStub: Skipping invisible child: android.view.accessibility.AccessibilityNodeInfo@1a5d8; boundsInParent: Rect(0, 0 - 1080, 126); boundsInScreen: Rect(0, 1794 - 1080, 1920); packageName: org.fossasia.phimpme; className: android.view.View; text: null; error: null; maxTextLength: -1; contentDescription: null; viewIdResName: android:id/navigationBarBackground; checkable: false; checked: false; focusable: false; focused: false; selected: false; clickable: false; longClickable: false; contextClickable: false; enabled: true; password: false; scrollable: false; importantForAccessibility: false; actions: [AccessibilityAction: ACTION_SELECT - null, AccessibilityAction: ACTION_CLEAR_SELECTION - null, AccessibilityAction: ACTION_ACCESSIBILITY_FOCUS - null, AccessibilityAction: ACTION_SHOW_ON_SCREEN - null]
03-19 23:41:38.016  6085 10977 I UIAutomatorStub: Fetch time: 9ms
03-19 23:41:39.322  6085 10984 D UIAutomatorStub: URI: /jsonrpc/0, Method: POST, Header: {content-length=117, remote-addr=127.0.0.1, http-client-ip=127.0.0.1, host=localhost:9008, content-type=application/json, connection=close, accept-encoding=identity, user-agent=Python-urllib/3.7}, params, {NanoHttpd.QUERY_STRING=null}, files: {postData={"jsonrpc": "2.0", "method": "dumpWindowHierarchy", "id": "dfc21fdf62b24ad3e0ada9c3077a9c6e", "params": [true, null]}}
03-19 23:41:39.331  6085 10984 I UIAutomatorStub: Skipping invisible child: android.view.accessibility.AccessibilityNodeInfo@2e4ed; boundsInParent: Rect(0, 0 - 42, 42); boundsInScreen: Rect(121, 1706 - 163, 1647); packageName: org.fossasia.phimpme; className: android.widget.ImageView; text: null; error: null; maxTextLength: -1; contentDescription: null; viewIdResName: org.fossasia.phimpme:id/account_logo_indicator; checkable: false; checked: false; focusable: false; focused: false; selected: false; clickable: false; longClickable: false; contextClickable: false; enabled: true; password: false; scrollable: false; importantForAccessibility: false; actions: [AccessibilityAction: ACTION_SELECT - null, AccessibilityAction: ACTION_CLEAR_SELECTION - null, AccessibilityAction: ACTION_ACCESSIBILITY_FOCUS - null, AccessibilityAction: ACTION_SHOW_ON_SCREEN - null]
03-19 23:41:39.331  6085 10984 I UIAutomatorStub: Skipping invisible child: android.view.accessibility.AccessibilityNodeInfo@2d9aa; boundsInParent: Rect(0, 0 - 584, 63); boundsInScreen: Rect(237, 1664 - 821, 1647); packageName: org.fossasia.phimpme; className: android.widget.TextView; text: BOX; error: null; maxTextLength: -1; contentDescription: null; viewIdResName: org.fossasia.phimpme:id/account_username; checkable: false; checked: false; focusable: false; focused: false; selected: false; clickable: false; longClickable: false; contextClickable: false; enabled: true; password: false; scrollable: false; importantForAccessibility: true; actions: [AccessibilityAction: ACTION_SELECT - null, AccessibilityAction: ACTION_CLEAR_SELECTION - null, AccessibilityAction: ACTION_ACCESSIBILITY_FOCUS - null, AccessibilityAction: ACTION_NEXT_AT_MOVEMENT_GRANULARITY - null, AccessibilityAction: ACTION_PREVIOUS_AT_MOVEMENT_GRANULARITY - null, AccessibilityAction: ACTION_SET_SELECTION - null, AccessibilityAction: ACTION_SHOW_ON_SCREEN - null]
03-19 23:41:39.331  6085 10984 I UIAutomatorStub: Skipping invisible child: android.view.accessibility.AccessibilityNodeInfo@2dd6b; boundsInParent: Rect(0, 0 - 222, 71); boundsInScreen: Rect(821, 1660 - 1043, 1647); packageName: org.fossasia.phimpme; className: android.widget.Switch; text: OFF; error: null; maxTextLength: -1; contentDescription: null; viewIdResName: org.fossasia.phimpme:id/sign_in_sign_out_switch; checkable: true; checked: false; focusable: true; focused: false; selected: false; clickable: true; longClickable: false; contextClickable: false; enabled: true; password: false; scrollable: false; importantForAccessibility: true; actions: [AccessibilityAction: ACTION_FOCUS - null, AccessibilityAction: ACTION_SELECT - null, AccessibilityAction: ACTION_CLEAR_SELECTION - null, AccessibilityAction: ACTION_CLICK - null, AccessibilityAction: ACTION_ACCESSIBILITY_FOCUS - null, AccessibilityAction: ACTION_SHOW_ON_SCREEN - null]
03-19 23:41:39.333  6085 10984 I UIAutomatorStub: Skipping invisible child: android.view.accessibility.AccessibilityNodeInfo@1a217; boundsInParent: Rect(0, 0 - 1080, 63); boundsInScreen: Rect(0, 0 - 1080, 63); packageName: org.fossasia.phimpme; className: android.view.View; text: null; error: null; maxTextLength: -1; contentDescription: null; viewIdResName: android:id/statusBarBackground; checkable: false; checked: false; focusable: false; focused: false; selected: false; clickable: false; longClickable: false; contextClickable: false; enabled: true; password: false; scrollable: false; importantForAccessibility: false; actions: [AccessibilityAction: ACTION_SELECT - null, AccessibilityAction: ACTION_CLEAR_SELECTION - null, AccessibilityAction: ACTION_ACCESSIBILITY_FOCUS - null, AccessibilityAction: ACTION_SHOW_ON_SCREEN - null]
03-19 23:41:39.333  6085 10984 I UIAutomatorStub: Skipping invisible child: android.view.accessibility.AccessibilityNodeInfo@1a5d8; boundsInParent: Rect(0, 0 - 1080, 126); boundsInScreen: Rect(0, 1794 - 1080, 1920); packageName: org.fossasia.phimpme; className: android.view.View; text: null; error: null; maxTextLength: -1; contentDescription: null; viewIdResName: android:id/navigationBarBackground; checkable: false; checked: false; focusable: false; focused: false; selected: false; clickable: false; longClickable: false; contextClickable: false; enabled: true; password: false; scrollable: false; importantForAccessibility: false; actions: [AccessibilityAction: ACTION_SELECT - null, AccessibilityAction: ACTION_CLEAR_SELECTION - null, AccessibilityAction: ACTION_ACCESSIBILITY_FOCUS - null, AccessibilityAction: ACTION_SHOW_ON_SCREEN - null]
03-19 23:41:39.333  6085 10984 I UIAutomatorStub: Fetch time: 8ms
03-19 23:41:40.534 10987 10987 D AndroidRuntime: >>>>>> START com.android.internal.os.RuntimeInit uid 2000 <<<<<<
03-19 23:41:40.575 10987 10987 W app_process: Unexpected CPU variant for X86 using defaults: x86
03-19 23:41:40.577 10987 10987 I app_process: The ClassLoaderContext is a special shared library.
03-19 23:41:40.593 10987 10987 D AndroidRuntime: Calling main entry com.android.commands.input.Input
03-19 23:41:40.594 10987 10987 I Input   : injectMotionEvent: MotionEvent { action=ACTION_DOWN, actionButton=0, id[0]=0, x[0]=540.0, y[0]=1720.0, toolType[0]=TOOL_TYPE_UNKNOWN, buttonState=0, metaState=0, flags=0x0, edgeFlags=0x0, pointerCount=1, historySize=0, eventTime=8256304, downTime=8256304, deviceId=0, source=0x1002 }
03-19 23:41:40.597 10987 10987 I Input   : injectMotionEvent: MotionEvent { action=ACTION_UP, actionButton=0, id[0]=0, x[0]=540.0, y[0]=1720.0, toolType[0]=TOOL_TYPE_UNKNOWN, buttonState=0, metaState=0, flags=0x0, edgeFlags=0x0, pointerCount=1, historySize=0, eventTime=8256304, downTime=8256304, deviceId=0, source=0x1002 }
03-19 23:41:40.599 10987 10987 D AndroidRuntime: Shutting down VM
03-19 23:41:40.607  1662  6449 I ActivityManager: START u0 {cmp=org.fossasia.phimpme/.gallery.activities.LFMainActivity} from uid 10112
03-19 23:41:40.617  1431  4977 W audio_hw_generic: Not supplying enough data to HAL, expected position 98802915 , only wrote 98802720
03-19 23:41:40.676  1431  4977 W audio_hw_generic: Not supplying enough data to HAL, expected position 98805480 , only wrote 98804160
03-19 23:41:40.676  1431  4977 W audio_hw_generic: Not supplying enough data to HAL, expected position 98804248 , only wrote 98804160
03-19 23:41:40.722  1529  1572 D AudioFlinger: mixer(0xf1a832c0) throttle end: throttle time(10)
03-19 23:41:40.725 10279 10279 I zygote  : Deoptimizing android.graphics.drawable.Drawable android.support.v7.widget.AppCompatDrawableManager.b(android.content.Context, int) due to JIT inline cache
03-19 23:41:40.738 10279 10279 I AppCompatViewInflater: app:theme is now deprecated. Please move to using android:theme instead.
03-19 23:41:40.750 10279 10279 I zygote  : Deoptimizing void android.support.v7.widget.AppCompatImageHelper.loadFromAttributes(android.util.AttributeSet, int) due to JIT inline cache
03-19 23:41:40.756 10279 10279 E TAG     : lfmain
03-19 23:41:41.057  1439  1489 D gralloc_ranchu: gralloc_alloc: Creating ashmem region of size 8298496
03-19 23:41:41.059  1449  1478 D         : HostConnection::get() New Host Connection established 0xf3321b00, tid 1478
03-19 23:41:41.060  1439  1489 D gralloc_ranchu: gralloc_alloc: Creating ashmem region of size 8298496
03-19 23:41:41.062  1439  1488 D gralloc_ranchu: gralloc_alloc: Creating ashmem region of size 8298496
03-19 23:41:41.086 10279 10279 I zygote  : Deoptimizing android.support.v7.widget.RecyclerView$ViewHolder android.support.v7.widget.RecyclerView.b(android.view.View) due to JIT inline cache
03-19 23:41:41.090 10279 10279 I zygote  : Deoptimizing int android.support.v7.widget.OrientationHelper$2.getDecoratedStart(android.view.View) due to JIT inline cache
03-19 23:41:41.090 10279 10279 I zygote  : Deoptimizing int android.support.v7.widget.RecyclerView$LayoutManager.getDecoratedTop(android.view.View) due to JIT inline cache
03-19 23:41:41.092 10279 10279 I zygote  : Deoptimizing android.view.View android.support.v7.widget.ViewBoundsCheck.a(int, int, int, int) due to JIT inline cache
03-19 23:41:41.092 10279 10279 I zygote  : Deoptimizing int android.support.v7.widget.RecyclerView$LayoutManager.getDecoratedBottom(android.view.View) due to JIT inline cache
03-19 23:41:41.092 10279 10279 I zygote  : Deoptimizing int android.support.v7.widget.OrientationHelper$2.getDecoratedEnd(android.view.View) due to JIT inline cache
03-19 23:41:41.113 10279 10279 I zygote  : Deoptimizing void com.mikepenz.iconics.Iconics$IconicsBuilderView.build() due to JIT same target
03-19 23:41:41.113 10279 10279 I zygote  : Deoptimizing com.mikepenz.iconics.utils.TextStyleContainer com.mikepenz.iconics.utils.IconicsUtils.findIcons(android.text.Spanned, java.util.HashMap) due to JIT inline cache
03-19 23:41:41.130 10279 10315 D EGL_emulation: eglMakeCurrent: 0xe9b85ea0: ver 3 0 (tinfo 0xd213d5b0)
03-19 23:41:41.139 10279 10315 D EGL_emulation: eglMakeCurrent: 0xe9b85ea0: ver 3 0 (tinfo 0xd213d5b0)
03-19 23:41:41.147  1662  1687 I ActivityManager: Displayed org.fossasia.phimpme/.gallery.activities.LFMainActivity: +455ms
03-19 23:41:41.184  2081  2274 E SQLiteDatabase: Error inserting period=6972000 preferred_charging_state=1 preferred_network_type=1 target_class=com.google.android.gms.measurement.PackageMeasurementTaskService required_network_type=0 runtime=1679283701176 required_idleness_state=0 source=16 service_kind=0 target_package=com.google.android.gms persistence_level=1 source_version=202414000 last_runtime=0 user_id=0 job_id=-1 requires_charging=0 tag=Measurement.PackageMeasurementTaskService.UPLOAD_TASK_TAG flex_time=3485000 task_type=0 retry_strategy={"maximum_backoff_seconds":{"3600":0},"initial_backoff_seconds":{"30":0},"retry_policy":{"0":0}}
03-19 23:41:41.184  2081  2274 E SQLiteDatabase: android.database.sqlite.SQLiteConstraintException: UNIQUE constraint failed: pending_ops.tag, pending_ops.target_class, pending_ops.target_package, pending_ops.user_id (code 2067)
03-19 23:41:41.184  2081  2274 E SQLiteDatabase: 	at android.database.sqlite.SQLiteConnection.nativeExecuteForLastInsertedRowId(Native Method)
03-19 23:41:41.184  2081  2274 E SQLiteDatabase: 	at android.database.sqlite.SQLiteConnection.executeForLastInsertedRowId(SQLiteConnection.java:783)
03-19 23:41:41.184  2081  2274 E SQLiteDatabase: 	at android.database.sqlite.SQLiteSession.executeForLastInsertedRowId(SQLiteSession.java:788)
03-19 23:41:41.184  2081  2274 E SQLiteDatabase: 	at android.database.sqlite.SQLiteStatement.executeInsert(SQLiteStatement.java:86)
03-19 23:41:41.184  2081  2274 E SQLiteDatabase: 	at android.database.sqlite.SQLiteDatabase.insertWithOnConflict(SQLiteDatabase.java:1548)
03-19 23:41:41.184  2081  2274 E SQLiteDatabase: 	at android.database.sqlite.SQLiteDatabase.insert(SQLiteDatabase.java:1417)
03-19 23:41:41.184  2081  2274 E SQLiteDatabase: 	at aqui.a(:com.google.android.gms@202414022@20.24.14 (040700-319035315):175)
03-19 23:41:41.184  2081  2274 E SQLiteDatabase: 	at aqtk.a(:com.google.android.gms@202414022@20.24.14 (040700-319035315):182)
03-19 23:41:41.184  2081  2274 E SQLiteDatabase: 	at aqtk.a(:com.google.android.gms@202414022@20.24.14 (040700-319035315):23)
03-19 23:41:41.184  2081  2274 E SQLiteDatabase: 	at aqtk.a(:com.google.android.gms@202414022@20.24.14 (040700-319035315):177)
03-19 23:41:41.184  2081  2274 E SQLiteDatabase: 	at aqpu.run(:com.google.android.gms@202414022@20.24.14 (040700-319035315):9)
03-19 23:41:41.184  2081  2274 E SQLiteDatabase: 	at soy.b(:com.google.android.gms@202414022@20.24.14 (040700-319035315):12)
03-19 23:41:41.184  2081  2274 E SQLiteDatabase: 	at soy.run(:com.google.android.gms@202414022@20.24.14 (040700-319035315):7)
03-19 23:41:41.184  2081  2274 E SQLiteDatabase: 	at java.util.concurrent.ThreadPoolExecutor.runWorker(ThreadPoolExecutor.java:1162)
03-19 23:41:41.184  2081  2274 E SQLiteDatabase: 	at java.util.concurrent.ThreadPoolExecutor$Worker.run(ThreadPoolExecutor.java:636)
03-19 23:41:41.184  2081  2274 E SQLiteDatabase: 	at sux.run(:com.google.android.gms@202414022@20.24.14 (040700-319035315):0)
03-19 23:41:41.184  2081  2274 E SQLiteDatabase: 	at java.lang.Thread.run(Thread.java:764)
03-19 23:41:41.198 10279 10315 D EGL_emulation: eglMakeCurrent: 0xe9b85ea0: ver 3 0 (tinfo 0xd213d5b0)
03-19 23:41:41.215 10279 10315 I chatty  : uid=10112(org.fossasia.phimpme) RenderThread identical 1 line
03-19 23:41:41.220 10279 10315 D EGL_emulation: eglMakeCurrent: 0xe9b85ea0: ver 3 0 (tinfo 0xd213d5b0)
03-19 23:41:41.376  1440  1440 D gralloc_ranchu: gralloc_unregister_buffer: exiting HostConnection (is buffer-handling thread)
03-19 23:41:41.376  1440  1440 D         : HostConnection::get() New Host Connection established 0xecaa3900, tid 1440
03-19 23:41:41.377  1440  1440 D gralloc_ranchu: gralloc_unregister_buffer: exiting HostConnection (is buffer-handling thread)
03-19 23:41:41.377  1440  1440 D         : HostConnection::get() New Host Connection established 0xecaa3900, tid 1440
03-19 23:41:41.377  1440  1440 D gralloc_ranchu: gralloc_unregister_buffer: exiting HostConnection (is buffer-handling thread)
03-19 23:41:41.377  1440  1440 D         : HostConnection::get() New Host Connection established 0xecaa3900, tid 1440
03-19 23:41:41.377  1440  1440 D gralloc_ranchu: gralloc_unregister_buffer: exiting HostConnection (is buffer-handling thread)
03-19 23:41:41.378  1440  1440 D         : HostConnection::get() New Host Connection established 0xecaa3900, tid 1440
03-19 23:41:41.378  1440  1440 D gralloc_ranchu: gralloc_unregister_buffer: exiting HostConnection (is buffer-handling thread)
03-19 23:41:41.378  1440  1440 D         : HostConnection::get() New Host Connection established 0xecaa3900, tid 1440
03-19 23:41:41.378  1440  1440 D gralloc_ranchu: gralloc_unregister_buffer: exiting HostConnection (is buffer-handling thread)
03-19 23:41:41.384  1440  1440 D         : HostConnection::get() New Host Connection established 0xecaa3900, tid 1440
03-19 23:41:41.735 18387 18420 W native  : jpeg_io.cc:108 File's first two bytes does not match the sequence 216
03-19 23:41:43.887  1431  1584 W audio_hw_generic: Not supplying enough data to HAL, expected position 99110602 , only wrote 98958240
03-19 23:41:45.534  1768  1768 W LstmExtension: no lmDescriptor could be found for en_US/20170411
03-19 23:41:45.534  1768  1768 W LstmExtension: no lmDescriptor could be found for en_US/20170411
03-19 23:41:45.762  6085 11033 D UIAutomatorStub: URI: /jsonrpc/0, Method: POST, Header: {content-length=117, remote-addr=127.0.0.1, http-client-ip=127.0.0.1, host=localhost:9008, content-type=application/json, connection=close, accept-encoding=identity, user-agent=Python-urllib/3.7}, params, {NanoHttpd.QUERY_STRING=null}, files: {postData={"jsonrpc": "2.0", "method": "dumpWindowHierarchy", "id": "0ec651487994d9756ecc50093b4df6c3", "params": [true, null]}}
03-19 23:41:45.774  6085 11033 I UIAutomatorStub: Skipping invisible child: android.view.accessibility.AccessibilityNodeInfo@32c41; boundsInParent: Rect(0, 0 - 1080, 63); boundsInScreen: Rect(0, 0 - 1080, 63); packageName: org.fossasia.phimpme; className: android.view.View; text: null; error: null; maxTextLength: -1; contentDescription: null; viewIdResName: android:id/statusBarBackground; checkable: false; checked: false; focusable: false; focused: false; selected: false; clickable: false; longClickable: false; contextClickable: false; enabled: true; password: false; scrollable: false; importantForAccessibility: false; actions: [AccessibilityAction: ACTION_SELECT - null, AccessibilityAction: ACTION_CLEAR_SELECTION - null, AccessibilityAction: ACTION_ACCESSIBILITY_FOCUS - null, AccessibilityAction: ACTION_SHOW_ON_SCREEN - null]
03-19 23:41:45.774  6085 11033 I UIAutomatorStub: Skipping invisible child: android.view.accessibility.AccessibilityNodeInfo@33002; boundsInParent: Rect(0, 0 - 1080, 126); boundsInScreen: Rect(0, 1794 - 1080, 1920); packageName: org.fossasia.phimpme; className: android.view.View; text: null; error: null; maxTextLength: -1; contentDescription: null; viewIdResName: android:id/navigationBarBackground; checkable: false; checked: false; focusable: false; focused: false; selected: false; clickable: false; longClickable: false; contextClickable: false; enabled: true; password: false; scrollable: false; importantForAccessibility: false; actions: [AccessibilityAction: ACTION_SELECT - null, AccessibilityAction: ACTION_CLEAR_SELECTION - null, AccessibilityAction: ACTION_ACCESSIBILITY_FOCUS - null, AccessibilityAction: ACTION_SHOW_ON_SCREEN - null]
03-19 23:41:45.774  6085 11033 I UIAutomatorStub: Fetch time: 7ms
03-19 23:41:47.751  6085 11052 D UIAutomatorStub: URI: /jsonrpc/0, Method: POST, Header: {content-length=117, remote-addr=127.0.0.1, http-client-ip=127.0.0.1, host=localhost:9008, content-type=application/json, connection=close, accept-encoding=identity, user-agent=Python-urllib/3.7}, params, {NanoHttpd.QUERY_STRING=null}, files: {postData={"jsonrpc": "2.0", "method": "dumpWindowHierarchy", "id": "51f76285ddf2a0f35168dd0bf988784f", "params": [true, null]}}
03-19 23:41:47.761  6085 11052 I UIAutomatorStub: Skipping invisible child: android.view.accessibility.AccessibilityNodeInfo@32c41; boundsInParent: Rect(0, 0 - 1080, 63); boundsInScreen: Rect(0, 0 - 1080, 63); packageName: org.fossasia.phimpme; className: android.view.View; text: null; error: null; maxTextLength: -1; contentDescription: null; viewIdResName: android:id/statusBarBackground; checkable: false; checked: false; focusable: false; focused: false; selected: false; clickable: false; longClickable: false; contextClickable: false; enabled: true; password: false; scrollable: false; importantForAccessibility: false; actions: [AccessibilityAction: ACTION_SELECT - null, AccessibilityAction: ACTION_CLEAR_SELECTION - null, AccessibilityAction: ACTION_ACCESSIBILITY_FOCUS - null, AccessibilityAction: ACTION_SHOW_ON_SCREEN - null]
03-19 23:41:47.761  6085 11052 I UIAutomatorStub: Skipping invisible child: android.view.accessibility.AccessibilityNodeInfo@33002; boundsInParent: Rect(0, 0 - 1080, 126); boundsInScreen: Rect(0, 1794 - 1080, 1920); packageName: org.fossasia.phimpme; className: android.view.View; text: null; error: null; maxTextLength: -1; contentDescription: null; viewIdResName: android:id/navigationBarBackground; checkable: false; checked: false; focusable: false; focused: false; selected: false; clickable: false; longClickable: false; contextClickable: false; enabled: true; password: false; scrollable: false; importantForAccessibility: false; actions: [AccessibilityAction: ACTION_SELECT - null, AccessibilityAction: ACTION_CLEAR_SELECTION - null, AccessibilityAction: ACTION_ACCESSIBILITY_FOCUS - null, AccessibilityAction: ACTION_SHOW_ON_SCREEN - null]
03-19 23:41:47.761  6085 11052 I UIAutomatorStub: Fetch time: 5ms
03-19 23:41:49.035  6085 11059 D UIAutomatorStub: URI: /jsonrpc/0, Method: POST, Header: {content-length=117, remote-addr=127.0.0.1, http-client-ip=127.0.0.1, host=localhost:9008, content-type=application/json, connection=close, accept-encoding=identity, user-agent=Python-urllib/3.7}, params, {NanoHttpd.QUERY_STRING=null}, files: {postData={"jsonrpc": "2.0", "method": "dumpWindowHierarchy", "id": "dcfceabbfe6d21da0e97076261f458d3", "params": [true, null]}}
03-19 23:41:49.046  6085 11059 I UIAutomatorStub: Skipping invisible child: android.view.accessibility.AccessibilityNodeInfo@32c41; boundsInParent: Rect(0, 0 - 1080, 63); boundsInScreen: Rect(0, 0 - 1080, 63); packageName: org.fossasia.phimpme; className: android.view.View; text: null; error: null; maxTextLength: -1; contentDescription: null; viewIdResName: android:id/statusBarBackground; checkable: false; checked: false; focusable: false; focused: false; selected: false; clickable: false; longClickable: false; contextClickable: false; enabled: true; password: false; scrollable: false; importantForAccessibility: false; actions: [AccessibilityAction: ACTION_SELECT - null, AccessibilityAction: ACTION_CLEAR_SELECTION - null, AccessibilityAction: ACTION_ACCESSIBILITY_FOCUS - null, AccessibilityAction: ACTION_SHOW_ON_SCREEN - null]
03-19 23:41:49.046  6085 11059 I UIAutomatorStub: Skipping invisible child: android.view.accessibility.AccessibilityNodeInfo@33002; boundsInParent: Rect(0, 0 - 1080, 126); boundsInScreen: Rect(0, 1794 - 1080, 1920); packageName: org.fossasia.phimpme; className: android.view.View; text: null; error: null; maxTextLength: -1; contentDescription: null; viewIdResName: android:id/navigationBarBackground; checkable: false; checked: false; focusable: false; focused: false; selected: false; clickable: false; longClickable: false; contextClickable: false; enabled: true; password: false; scrollable: false; importantForAccessibility: false; actions: [AccessibilityAction: ACTION_SELECT - null, AccessibilityAction: ACTION_CLEAR_SELECTION - null, AccessibilityAction: ACTION_ACCESSIBILITY_FOCUS - null, AccessibilityAction: ACTION_SHOW_ON_SCREEN - null]
03-19 23:41:49.047  6085 11059 I UIAutomatorStub: Fetch time: 6ms
03-19 23:41:51.018  6085 11078 D UIAutomatorStub: URI: /jsonrpc/0, Method: POST, Header: {content-length=117, remote-addr=127.0.0.1, http-client-ip=127.0.0.1, host=localhost:9008, content-type=application/json, connection=close, accept-encoding=identity, user-agent=Python-urllib/3.7}, params, {NanoHttpd.QUERY_STRING=null}, files: {postData={"jsonrpc": "2.0", "method": "dumpWindowHierarchy", "id": "ed2268d9586ab74d06c5a973b7022cd1", "params": [true, null]}}
03-19 23:41:51.032  6085 11078 I UIAutomatorStub: Skipping invisible child: android.view.accessibility.AccessibilityNodeInfo@32c41; boundsInParent: Rect(0, 0 - 1080, 63); boundsInScreen: Rect(0, 0 - 1080, 63); packageName: org.fossasia.phimpme; className: android.view.View; text: null; error: null; maxTextLength: -1; contentDescription: null; viewIdResName: android:id/statusBarBackground; checkable: false; checked: false; focusable: false; focused: false; selected: false; clickable: false; longClickable: false; contextClickable: false; enabled: true; password: false; scrollable: false; importantForAccessibility: false; actions: [AccessibilityAction: ACTION_SELECT - null, AccessibilityAction: ACTION_CLEAR_SELECTION - null, AccessibilityAction: ACTION_ACCESSIBILITY_FOCUS - null, AccessibilityAction: ACTION_SHOW_ON_SCREEN - null]
03-19 23:41:51.032  6085 11078 I UIAutomatorStub: Skipping invisible child: android.view.accessibility.AccessibilityNodeInfo@33002; boundsInParent: Rect(0, 0 - 1080, 126); boundsInScreen: Rect(0, 1794 - 1080, 1920); packageName: org.fossasia.phimpme; className: android.view.View; text: null; error: null; maxTextLength: -1; contentDescription: null; viewIdResName: android:id/navigationBarBackground; checkable: false; checked: false; focusable: false; focused: false; selected: false; clickable: false; longClickable: false; contextClickable: false; enabled: true; password: false; scrollable: false; importantForAccessibility: false; actions: [AccessibilityAction: ACTION_SELECT - null, AccessibilityAction: ACTION_CLEAR_SELECTION - null, AccessibilityAction: ACTION_ACCESSIBILITY_FOCUS - null, AccessibilityAction: ACTION_SHOW_ON_SCREEN - null]
03-19 23:41:51.032  6085 11078 I UIAutomatorStub: Fetch time: 9ms
03-19 23:41:52.819  1662  1679 E memtrack: Couldn't load memtrack module
03-19 23:41:52.819  1662  1679 W android.os.Debug: failed to get memory consumption info: -1
03-19 23:41:52.833  1662  1679 E memtrack: Couldn't load memtrack module
03-19 23:41:52.833  1662  1679 W android.os.Debug: failed to get memory consumption info: -1
03-19 23:41:53.150  6085 11104 D UIAutomatorStub: URI: /jsonrpc/0, Method: POST, Header: {content-length=117, remote-addr=127.0.0.1, http-client-ip=127.0.0.1, host=localhost:9008, content-type=application/json, connection=close, accept-encoding=identity, user-agent=Python-urllib/3.7}, params, {NanoHttpd.QUERY_STRING=null}, files: {postData={"jsonrpc": "2.0", "method": "dumpWindowHierarchy", "id": "afcf2bfa844041abbd9ef560a09fb846", "params": [true, null]}}
03-19 23:41:53.158  6085 11104 I UIAutomatorStub: Skipping invisible child: android.view.accessibility.AccessibilityNodeInfo@32c41; boundsInParent: Rect(0, 0 - 1080, 63); boundsInScreen: Rect(0, 0 - 1080, 63); packageName: org.fossasia.phimpme; className: android.view.View; text: null; error: null; maxTextLength: -1; contentDescription: null; viewIdResName: android:id/statusBarBackground; checkable: false; checked: false; focusable: false; focused: false; selected: false; clickable: false; longClickable: false; contextClickable: false; enabled: true; password: false; scrollable: false; importantForAccessibility: false; actions: [AccessibilityAction: ACTION_SELECT - null, AccessibilityAction: ACTION_CLEAR_SELECTION - null, AccessibilityAction: ACTION_ACCESSIBILITY_FOCUS - null, AccessibilityAction: ACTION_SHOW_ON_SCREEN - null]
03-19 23:41:53.158  6085 11104 I UIAutomatorStub: Skipping invisible child: android.view.accessibility.AccessibilityNodeInfo@33002; boundsInParent: Rect(0, 0 - 1080, 126); boundsInScreen: Rect(0, 1794 - 1080, 1920); packageName: org.fossasia.phimpme; className: android.view.View; text: null; error: null; maxTextLength: -1; contentDescription: null; viewIdResName: android:id/navigationBarBackground; checkable: false; checked: false; focusable: false; focused: false; selected: false; clickable: false; longClickable: false; contextClickable: false; enabled: true; password: false; scrollable: false; importantForAccessibility: false; actions: [AccessibilityAction: ACTION_SELECT - null, AccessibilityAction: ACTION_CLEAR_SELECTION - null, AccessibilityAction: ACTION_ACCESSIBILITY_FOCUS - null, AccessibilityAction: ACTION_SHOW_ON_SCREEN - null]
03-19 23:41:53.158  6085 11104 I UIAutomatorStub: Fetch time: 4ms
03-19 23:41:54.386  1449  1521 E SurfaceFlinger: ro.sf.lcd_density must be defined as a build property
03-19 23:41:54.395  1439  1488 D gralloc_ranchu: gralloc_alloc: Creating ashmem region of size 8298496
03-19 23:41:54.396 11111 11111 D         : HostConnection::get() New Host Connection established 0xe4c48240, tid 11111
03-19 23:41:54.400  1449  1521 D         : HostConnection::get() New Host Connection established 0xf3651980, tid 1521
03-19 23:41:54.404  1449  1521 D gralloc_ranchu: gralloc_unregister_buffer: exiting HostConnection (is buffer-handling thread)
03-19 23:41:54.405  1449  1521 D         : HostConnection::get() New Host Connection established 0xf3651980, tid 1521
03-19 23:41:54.405  1449  1521 D gralloc_ranchu: gralloc_unregister_buffer: exiting HostConnection (is buffer-handling thread)
03-19 23:41:54.605  2307  2307 D MediaScannerReceiver: action: android.intent.action.MEDIA_SCANNER_SCAN_FILE path: /storage/emulated/0/screen.png
03-19 23:41:55.737  1662  1683 I WifiService: requestActivityInfo uid=1000
03-19 23:41:55.737  1662  1683 I WifiService: reportActivityInfo uid=1000
03-19 23:41:55.737  1662  1683 I WifiService: getSupportedFeatures uid=1000
03-19 23:41:57.176  6085 11124 D UIAutomatorStub: URI: /jsonrpc/0, Method: POST, Header: {content-length=117, remote-addr=127.0.0.1, http-client-ip=127.0.0.1, host=localhost:9008, content-type=application/json, connection=close, accept-encoding=identity, user-agent=Python-urllib/3.7}, params, {NanoHttpd.QUERY_STRING=null}, files: {postData={"jsonrpc": "2.0", "method": "dumpWindowHierarchy", "id": "aa4c631eae6c01a51d21695b50a55b79", "params": [true, null]}}
03-19 23:41:57.185  6085 11124 I UIAutomatorStub: Skipping invisible child: android.view.accessibility.AccessibilityNodeInfo@32c41; boundsInParent: Rect(0, 0 - 1080, 63); boundsInScreen: Rect(0, 0 - 1080, 63); packageName: org.fossasia.phimpme; className: android.view.View; text: null; error: null; maxTextLength: -1; contentDescription: null; viewIdResName: android:id/statusBarBackground; checkable: false; checked: false; focusable: false; focused: false; selected: false; clickable: false; longClickable: false; contextClickable: false; enabled: true; password: false; scrollable: false; importantForAccessibility: false; actions: [AccessibilityAction: ACTION_SELECT - null, AccessibilityAction: ACTION_CLEAR_SELECTION - null, AccessibilityAction: ACTION_ACCESSIBILITY_FOCUS - null, AccessibilityAction: ACTION_SHOW_ON_SCREEN - null]
03-19 23:41:57.185  6085 11124 I UIAutomatorStub: Skipping invisible child: android.view.accessibility.AccessibilityNodeInfo@33002; boundsInParent: Rect(0, 0 - 1080, 126); boundsInScreen: Rect(0, 1794 - 1080, 1920); packageName: org.fossasia.phimpme; className: android.view.View; text: null; error: null; maxTextLength: -1; contentDescription: null; viewIdResName: android:id/navigationBarBackground; checkable: false; checked: false; focusable: false; focused: false; selected: false; clickable: false; longClickable: false; contextClickable: false; enabled: true; password: false; scrollable: false; importantForAccessibility: false; actions: [AccessibilityAction: ACTION_SELECT - null, AccessibilityAction: ACTION_CLEAR_SELECTION - null, AccessibilityAction: ACTION_ACCESSIBILITY_FOCUS - null, AccessibilityAction: ACTION_SHOW_ON_SCREEN - null]
03-19 23:41:57.185  6085 11124 I UIAutomatorStub: Fetch time: 3ms
03-19 23:41:58.434  6085 11130 D UIAutomatorStub: URI: /jsonrpc/0, Method: POST, Header: {content-length=117, remote-addr=127.0.0.1, http-client-ip=127.0.0.1, host=localhost:9008, content-type=application/json, connection=close, accept-encoding=identity, user-agent=Python-urllib/3.7}, params, {NanoHttpd.QUERY_STRING=null}, files: {postData={"jsonrpc": "2.0", "method": "dumpWindowHierarchy", "id": "95e3b0a4ab7890a63e5f387c1add254c", "params": [true, null]}}
03-19 23:41:58.443  6085 11130 I UIAutomatorStub: Skipping invisible child: android.view.accessibility.AccessibilityNodeInfo@32c41; boundsInParent: Rect(0, 0 - 1080, 63); boundsInScreen: Rect(0, 0 - 1080, 63); packageName: org.fossasia.phimpme; className: android.view.View; text: null; error: null; maxTextLength: -1; contentDescription: null; viewIdResName: android:id/statusBarBackground; checkable: false; checked: false; focusable: false; focused: false; selected: false; clickable: false; longClickable: false; contextClickable: false; enabled: true; password: false; scrollable: false; importantForAccessibility: false; actions: [AccessibilityAction: ACTION_SELECT - null, AccessibilityAction: ACTION_CLEAR_SELECTION - null, AccessibilityAction: ACTION_ACCESSIBILITY_FOCUS - null, AccessibilityAction: ACTION_SHOW_ON_SCREEN - null]
03-19 23:41:58.443  6085 11130 I UIAutomatorStub: Skipping invisible child: android.view.accessibility.AccessibilityNodeInfo@33002; boundsInParent: Rect(0, 0 - 1080, 126); boundsInScreen: Rect(0, 1794 - 1080, 1920); packageName: org.fossasia.phimpme; className: android.view.View; text: null; error: null; maxTextLength: -1; contentDescription: null; viewIdResName: android:id/navigationBarBackground; checkable: false; checked: false; focusable: false; focused: false; selected: false; clickable: false; longClickable: false; contextClickable: false; enabled: true; password: false; scrollable: false; importantForAccessibility: false; actions: [AccessibilityAction: ACTION_SELECT - null, AccessibilityAction: ACTION_CLEAR_SELECTION - null, AccessibilityAction: ACTION_ACCESSIBILITY_FOCUS - null, AccessibilityAction: ACTION_SHOW_ON_SCREEN - null]
03-19 23:41:58.443  6085 11130 I UIAutomatorStub: Fetch time: 5ms
03-19 23:41:59.713  6085 11134 D UIAutomatorStub: URI: /jsonrpc/0, Method: POST, Header: {content-length=117, remote-addr=127.0.0.1, http-client-ip=127.0.0.1, host=localhost:9008, content-type=application/json, connection=close, accept-encoding=identity, user-agent=Python-urllib/3.7}, params, {NanoHttpd.QUERY_STRING=null}, files: {postData={"jsonrpc": "2.0", "method": "dumpWindowHierarchy", "id": "07e56bdc117a4acaa7cb4ebf8b3ecfd1", "params": [true, null]}}
03-19 23:41:59.725  6085 11134 I UIAutomatorStub: Skipping invisible child: android.view.accessibility.AccessibilityNodeInfo@32c41; boundsInParent: Rect(0, 0 - 1080, 63); boundsInScreen: Rect(0, 0 - 1080, 63); packageName: org.fossasia.phimpme; className: android.view.View; text: null; error: null; maxTextLength: -1; contentDescription: null; viewIdResName: android:id/statusBarBackground; checkable: false; checked: false; focusable: false; focused: false; selected: false; clickable: false; longClickable: false; contextClickable: false; enabled: true; password: false; scrollable: false; importantForAccessibility: false; actions: [AccessibilityAction: ACTION_SELECT - null, AccessibilityAction: ACTION_CLEAR_SELECTION - null, AccessibilityAction: ACTION_ACCESSIBILITY_FOCUS - null, AccessibilityAction: ACTION_SHOW_ON_SCREEN - null]
03-19 23:41:59.725  6085 11134 I UIAutomatorStub: Skipping invisible child: android.view.accessibility.AccessibilityNodeInfo@33002; boundsInParent: Rect(0, 0 - 1080, 126); boundsInScreen: Rect(0, 1794 - 1080, 1920); packageName: org.fossasia.phimpme; className: android.view.View; text: null; error: null; maxTextLength: -1; contentDescription: null; viewIdResName: android:id/navigationBarBackground; checkable: false; checked: false; focusable: false; focused: false; selected: false; clickable: false; longClickable: false; contextClickable: false; enabled: true; password: false; scrollable: false; importantForAccessibility: false; actions: [AccessibilityAction: ACTION_SELECT - null, AccessibilityAction: ACTION_CLEAR_SELECTION - null, AccessibilityAction: ACTION_ACCESSIBILITY_FOCUS - null, AccessibilityAction: ACTION_SHOW_ON_SCREEN - null]
03-19 23:41:59.726  6085 11134 I UIAutomatorStub: Fetch time: 9ms
03-19 23:42:00.003  1662  1679 E memtrack: Couldn't load memtrack module
03-19 23:42:00.003  1662  1679 W android.os.Debug: failed to get memory consumption info: -1
03-19 23:42:00.013  1440  1454 D hwcomposer: hw_composer sent 24 syncs in 60s
03-19 23:42:01.004  6085 11140 D UIAutomatorStub: URI: /jsonrpc/0, Method: POST, Header: {content-length=117, remote-addr=127.0.0.1, http-client-ip=127.0.0.1, host=localhost:9008, content-type=application/json, connection=close, accept-encoding=identity, user-agent=Python-urllib/3.7}, params, {NanoHttpd.QUERY_STRING=null}, files: {postData={"jsonrpc": "2.0", "method": "dumpWindowHierarchy", "id": "a28b23f223e9d8619af3f13b46f80f7d", "params": [true, null]}}
03-19 23:42:01.013  6085 11140 I UIAutomatorStub: Skipping invisible child: android.view.accessibility.AccessibilityNodeInfo@32c41; boundsInParent: Rect(0, 0 - 1080, 63); boundsInScreen: Rect(0, 0 - 1080, 63); packageName: org.fossasia.phimpme; className: android.view.View; text: null; error: null; maxTextLength: -1; contentDescription: null; viewIdResName: android:id/statusBarBackground; checkable: false; checked: false; focusable: false; focused: false; selected: false; clickable: false; longClickable: false; contextClickable: false; enabled: true; password: false; scrollable: false; importantForAccessibility: false; actions: [AccessibilityAction: ACTION_SELECT - null, AccessibilityAction: ACTION_CLEAR_SELECTION - null, AccessibilityAction: ACTION_ACCESSIBILITY_FOCUS - null, AccessibilityAction: ACTION_SHOW_ON_SCREEN - null]
03-19 23:42:01.014  6085 11140 I UIAutomatorStub: Skipping invisible child: android.view.accessibility.AccessibilityNodeInfo@33002; boundsInParent: Rect(0, 0 - 1080, 126); boundsInScreen: Rect(0, 1794 - 1080, 1920); packageName: org.fossasia.phimpme; className: android.view.View; text: null; error: null; maxTextLength: -1; contentDescription: null; viewIdResName: android:id/navigationBarBackground; checkable: false; checked: false; focusable: false; focused: false; selected: false; clickable: false; longClickable: false; contextClickable: false; enabled: true; password: false; scrollable: false; importantForAccessibility: false; actions: [AccessibilityAction: ACTION_SELECT - null, AccessibilityAction: ACTION_CLEAR_SELECTION - null, AccessibilityAction: ACTION_ACCESSIBILITY_FOCUS - null, AccessibilityAction: ACTION_SHOW_ON_SCREEN - null]
03-19 23:42:01.014  6085 11140 I UIAutomatorStub: Fetch time: 6ms
03-19 23:42:02.363  6085 11149 D UIAutomatorStub: URI: /jsonrpc/0, Method: POST, Header: {content-length=117, remote-addr=127.0.0.1, http-client-ip=127.0.0.1, host=localhost:9008, content-type=application/json, connection=close, accept-encoding=identity, user-agent=Python-urllib/3.7}, params, {NanoHttpd.QUERY_STRING=null}, files: {postData={"jsonrpc": "2.0", "method": "dumpWindowHierarchy", "id": "0bf087abbdf6076cf263676861ec49d9", "params": [true, null]}}
03-19 23:42:02.371  6085 11149 I UIAutomatorStub: Skipping invisible child: android.view.accessibility.AccessibilityNodeInfo@32c41; boundsInParent: Rect(0, 0 - 1080, 63); boundsInScreen: Rect(0, 0 - 1080, 63); packageName: org.fossasia.phimpme; className: android.view.View; text: null; error: null; maxTextLength: -1; contentDescription: null; viewIdResName: android:id/statusBarBackground; checkable: false; checked: false; focusable: false; focused: false; selected: false; clickable: false; longClickable: false; contextClickable: false; enabled: true; password: false; scrollable: false; importantForAccessibility: false; actions: [AccessibilityAction: ACTION_SELECT - null, AccessibilityAction: ACTION_CLEAR_SELECTION - null, AccessibilityAction: ACTION_ACCESSIBILITY_FOCUS - null, AccessibilityAction: ACTION_SHOW_ON_SCREEN - null]
03-19 23:42:02.371  6085 11149 I UIAutomatorStub: Skipping invisible child: android.view.accessibility.AccessibilityNodeInfo@33002; boundsInParent: Rect(0, 0 - 1080, 126); boundsInScreen: Rect(0, 1794 - 1080, 1920); packageName: org.fossasia.phimpme; className: android.view.View; text: null; error: null; maxTextLength: -1; contentDescription: null; viewIdResName: android:id/navigationBarBackground; checkable: false; checked: false; focusable: false; focused: false; selected: false; clickable: false; longClickable: false; contextClickable: false; enabled: true; password: false; scrollable: false; importantForAccessibility: false; actions: [AccessibilityAction: ACTION_SELECT - null, AccessibilityAction: ACTION_CLEAR_SELECTION - null, AccessibilityAction: ACTION_ACCESSIBILITY_FOCUS - null, AccessibilityAction: ACTION_SHOW_ON_SCREEN - null]
03-19 23:42:02.371  6085 11149 I UIAutomatorStub: Fetch time: 3ms
03-19 23:42:03.580 11150 11150 D AndroidRuntime: >>>>>> START com.android.internal.os.RuntimeInit uid 2000 <<<<<<
03-19 23:42:03.635 11150 11150 W app_process: Unexpected CPU variant for X86 using defaults: x86
03-19 23:42:03.638 11150 11150 I app_process: The ClassLoaderContext is a special shared library.
03-19 23:42:03.654 11150 11150 D AndroidRuntime: Calling main entry com.android.commands.input.Input
03-19 23:42:03.657 11150 11150 I Input   : injectMotionEvent: MotionEvent { action=ACTION_DOWN, actionButton=0, id[0]=0, x[0]=540.0, y[0]=1720.0, toolType[0]=TOOL_TYPE_UNKNOWN, buttonState=0, metaState=0, flags=0x0, edgeFlags=0x0, pointerCount=1, historySize=0, eventTime=8279366, downTime=8279366, deviceId=0, source=0x1002 }
03-19 23:42:03.660 11150 11150 I Input   : injectMotionEvent: MotionEvent { action=ACTION_UP, actionButton=0, id[0]=0, x[0]=540.0, y[0]=1720.0, toolType[0]=TOOL_TYPE_UNKNOWN, buttonState=0, metaState=0, flags=0x0, edgeFlags=0x0, pointerCount=1, historySize=0, eventTime=8279366, downTime=8279366, deviceId=0, source=0x1002 }
03-19 23:42:03.663 11150 11150 D AndroidRuntime: Shutting down VM
03-19 23:42:03.686  1431  4977 W audio_hw_generic: Not supplying enough data to HAL, expected position 98958512 , only wrote 98958240
03-19 23:42:03.745  1431  4977 W audio_hw_generic: Not supplying enough data to HAL, expected position 98961089 , only wrote 98959680
03-19 23:42:03.796  1529  1572 D AudioFlinger: mixer(0xf1a832c0) throttle end: throttle time(2)
03-19 23:42:03.820 10279 10284 I zygote  : Do full code cache collection, code=240KB, data=171KB
03-19 23:42:03.822 10279 10284 I zygote  : After code cache collection, code=209KB, data=127KB
03-19 23:42:04.727  1662  1679 E memtrack: Couldn't load memtrack module
03-19 23:42:04.727  1662  1679 W android.os.Debug: failed to get memory consumption info: -1
03-19 23:42:04.804 18387 18421 W native  : jpeg_io.cc:108 File's first two bytes does not match the sequence 216
03-19 23:42:06.971  1431  1584 W audio_hw_generic: Not supplying enough data to HAL, expected position 99267368 , only wrote 99114480
03-19 23:42:07.454  1768  1768 W LstmExtension: no lmDescriptor could be found for en_US/20170411
03-19 23:42:07.455  1768  1768 W LstmExtension: no lmDescriptor could be found for en_US/20170411
03-19 23:42:07.714  6085 11184 D UIAutomatorStub: URI: /jsonrpc/0, Method: POST, Header: {content-length=117, remote-addr=127.0.0.1, http-client-ip=127.0.0.1, host=localhost:9008, content-type=application/json, connection=close, accept-encoding=identity, user-agent=Python-urllib/3.7}, params, {NanoHttpd.QUERY_STRING=null}, files: {postData={"jsonrpc": "2.0", "method": "dumpWindowHierarchy", "id": "8f8c13650615d68680c9e78315825b30", "params": [true, null]}}
