07-01 01:50:46.888 31891 31891 I app_process: The ClassLoaderContext is a special shared library.
07-01 01:50:46.890 31891 31891 I app_process: The ClassLoaderContext is a special shared library.
07-01 01:50:46.922 31891 31891 D AndroidRuntime: Calling main entry com.android.commands.uiautomator.Launcher
07-01 01:50:47.566  1675  1689 E memtrack: Couldn't load memtrack module
07-01 01:50:47.566  1675  1689 W android.os.Debug: failed to get memory consumption info: -1
07-01 01:50:47.958 31891 31891 I app_process: Deoptimizing java.lang.String com.android.uiautomator.core.AccessibilityNodeInfoDumper.stripInvalidXMLChars(java.lang.CharSequence) due to JIT inline cache
07-01 01:50:47.959 31891 31891 I AccessibilityNodeInfoDumper: Skipping invisible child: android.view.accessibility.AccessibilityNodeInfo@14cf3; boundsInParent: Rect(0, 0 - 0, 126); boundsInScreen: Rect(231, 1017 - 231, 1143); packageName: com.google.android.packageinstaller; className: android.widget.LinearLayout; text: null; error: null; maxTextLength: -1; contentDescription: null; viewIdResName: null; checkable: false; checked: false; focusable: false; focused: false; selected: false; clickable: false; longClickable: false; contextClickable: false; enabled: true; password: false; scrollable: false; importantForAccessibility: false; actions: [AccessibilityAction: ACTION_SELECT - null, AccessibilityAction: ACTION_CLEAR_SELECTION - null, AccessibilityAction: ACTION_ACCESSIBILITY_FOCUS - null, AccessibilityAction: ACTION_SHOW_ON_SCREEN - null]
07-01 01:50:47.964 31891 31891 W AccessibilityNodeInfoDumper: Fetch time: 13ms
07-01 01:50:47.964  1675  1689 E memtrack: Couldn't load memtrack module
07-01 01:50:47.964  1675  1689 W android.os.Debug: failed to get memory consumption info: -1
07-01 01:50:47.965  1675  1813 W WindowManager: removeWindowToken: Attempted to remove non-existing token: android.os.Binder@d7c590c
07-01 01:50:47.982 31891 31891 D AndroidRuntime: Shutting down VM
07-01 01:50:48.920 31925 31925 D AndroidRuntime: >>>>>> START com.android.internal.os.RuntimeInit uid 2000 <<<<<<
07-01 01:50:48.963 31925 31925 W app_process: Unexpected CPU variant for X86 using defaults: x86
07-01 01:50:48.965 31925 31925 I app_process: The ClassLoaderContext is a special shared library.
07-01 01:50:48.965 31925 31925 I app_process: The ClassLoaderContext is a special shared library.
07-01 01:50:48.981 31925 31925 D AndroidRuntime: Calling main entry com.android.commands.uiautomator.Launcher
07-01 01:50:50.006 31925 31925 I AccessibilityNodeInfoDumper: Skipping invisible child: android.view.accessibility.AccessibilityNodeInfo@14d03; boundsInParent: Rect(0, 0 - 0, 126); boundsInScreen: Rect(231, 1017 - 231, 1143); packageName: com.google.android.packageinstaller; className: android.widget.LinearLayout; text: null; error: null; maxTextLength: -1; contentDescription: null; viewIdResName: null; checkable: false; checked: false; focusable: false; focused: false; selected: false; clickable: false; longClickable: false; contextClickable: false; enabled: true; password: false; scrollable: false; importantForAccessibility: false; actions: [AccessibilityAction: ACTION_SELECT - null, AccessibilityAction: ACTION_CLEAR_SELECTION - null, AccessibilityAction: ACTION_ACCESSIBILITY_FOCUS - null, AccessibilityAction: ACTION_SHOW_ON_SCREEN - null]
07-01 01:50:50.007 31925 31925 W AccessibilityNodeInfoDumper: Fetch time: 6ms
07-01 01:50:50.008  1675  1813 W WindowManager: removeWindowToken: Attempted to remove non-existing token: android.os.Binder@b05d46a
07-01 01:50:50.042 31925 31925 D AndroidRuntime: Shutting down VM
07-01 01:50:50.308 31945 31945 D AndroidRuntime: >>>>>> START com.android.internal.os.RuntimeInit uid 2000 <<<<<<
07-01 01:50:50.349 31945 31945 W app_process: Unexpected CPU variant for X86 using defaults: x86
07-01 01:50:50.351 31945 31945 I app_process: The ClassLoaderContext is a special shared library.
07-01 01:50:50.351 31945 31945 I app_process: The ClassLoaderContext is a special shared library.
07-01 01:50:50.367 31945 31945 D AndroidRuntime: Calling main entry com.android.commands.uiautomator.Launcher
07-01 01:50:50.752  1444  1472 D hwcomposer: hw_composer sent 241 syncs in 60s
07-01 01:50:51.391 31945 31945 I AccessibilityNodeInfoDumper: Skipping invisible child: android.view.accessibility.AccessibilityNodeInfo@14d07; boundsInParent: Rect(0, 0 - 0, 126); boundsInScreen: Rect(231, 1017 - 231, 1143); packageName: com.google.android.packageinstaller; className: android.widget.LinearLayout; text: null; error: null; maxTextLength: -1; contentDescription: null; viewIdResName: null; checkable: false; checked: false; focusable: false; focused: false; selected: false; clickable: false; longClickable: false; contextClickable: false; enabled: true; password: false; scrollable: false; importantForAccessibility: false; actions: [AccessibilityAction: ACTION_SELECT - null, AccessibilityAction: ACTION_CLEAR_SELECTION - null, AccessibilityAction: ACTION_ACCESSIBILITY_FOCUS - null, AccessibilityAction: ACTION_SHOW_ON_SCREEN - null]
07-01 01:50:51.392 31945 31945 W AccessibilityNodeInfoDumper: Fetch time: 4ms
07-01 01:50:51.392  1675  2520 W WindowManager: removeWindowToken: Attempted to remove non-existing token: android.os.Binder@a1bf9f8
07-01 01:50:51.402 31945 31945 D AndroidRuntime: Shutting down VM
07-01 01:50:51.533  1453  1479 E SurfaceFlinger: ro.sf.lcd_density must be defined as a build property
07-01 01:50:51.542  1443  1489 D gralloc_ranchu: gralloc_alloc: Creating ashmem region of size 8298496
07-01 01:50:51.552 31957 31957 D         : HostConnection::get() New Host Connection established 0xe7548240, tid 31957
07-01 01:50:51.570  1453  1479 D gralloc_ranchu: gralloc_unregister_buffer: exiting HostConnection (is buffer-handling thread)
07-01 01:50:51.570  1453  1479 D         : HostConnection::get() New Host Connection established 0xf5e921c0, tid 1479
07-01 01:50:51.570  1453  1479 D gralloc_ranchu: gralloc_unregister_buffer: exiting HostConnection (is buffer-handling thread)
07-01 01:50:51.722  1675  1689 E memtrack: Couldn't load memtrack module
07-01 01:50:51.722  1675  1689 W android.os.Debug: failed to get memory consumption info: -1
07-01 01:50:51.724 26659 26659 D MediaScannerReceiver: action: android.intent.action.MEDIA_SCANNER_SCAN_FILE path: /storage/emulated/0/screen.png
07-01 01:50:53.921 31969 31969 D AndroidRuntime: >>>>>> START com.android.internal.os.RuntimeInit uid 2000 <<<<<<
07-01 01:50:53.956 31969 31969 W app_process: Unexpected CPU variant for X86 using defaults: x86
07-01 01:50:53.958 31969 31969 I app_process: The ClassLoaderContext is a special shared library.
07-01 01:50:53.958 31969 31969 I app_process: The ClassLoaderContext is a special shared library.
07-01 01:50:53.973 31969 31969 D AndroidRuntime: Calling main entry com.android.commands.uiautomator.Launcher
07-01 01:50:54.992 31969 31969 I AccessibilityNodeInfoDumper: Skipping invisible child: android.view.accessibility.AccessibilityNodeInfo@14d10; boundsInParent: Rect(0, 0 - 0, 126); boundsInScreen: Rect(231, 1017 - 231, 1143); packageName: com.google.android.packageinstaller; className: android.widget.LinearLayout; text: null; error: null; maxTextLength: -1; contentDescription: null; viewIdResName: null; checkable: false; checked: false; focusable: false; focused: false; selected: false; clickable: false; longClickable: false; contextClickable: false; enabled: true; password: false; scrollable: false; importantForAccessibility: false; actions: [AccessibilityAction: ACTION_SELECT - null, AccessibilityAction: ACTION_CLEAR_SELECTION - null, AccessibilityAction: ACTION_ACCESSIBILITY_FOCUS - null, AccessibilityAction: ACTION_SHOW_ON_SCREEN - null]
07-01 01:50:54.992 31969 31969 W AccessibilityNodeInfoDumper: Fetch time: 4ms
07-01 01:50:54.993  1675  2281 W WindowManager: removeWindowToken: Attempted to remove non-existing token: android.os.Binder@f12bda4
07-01 01:50:55.005 31969 31969 D AndroidRuntime: Shutting down VM
07-01 01:50:56.554  1675  1693 E BatteryExternalStatsWorker: modem info is invalid: ModemActivityInfo{ mTimestamp=0 mSleepTimeMs=0 mIdleTimeMs=0 mTxTimeMs[]=[0, 0, 0, 0, 0] mRxTimeMs=0 mEnergyUsed=0}
07-01 01:50:57.245 31987 31987 D AndroidRuntime: >>>>>> START com.android.internal.os.RuntimeInit uid 2000 <<<<<<
07-01 01:50:57.281 31987 31987 W app_process: Unexpected CPU variant for X86 using defaults: x86
07-01 01:50:57.283 31987 31987 I app_process: The ClassLoaderContext is a special shared library.
07-01 01:50:57.283 31987 31987 I app_process: The ClassLoaderContext is a special shared library.
07-01 01:50:57.298 31987 31987 D AndroidRuntime: Calling main entry com.android.commands.uiautomator.Launcher
07-01 01:50:58.321 31987 31987 I app_process: Deoptimizing java.lang.String com.android.uiautomator.core.AccessibilityNodeInfoDumper.stripInvalidXMLChars(java.lang.CharSequence) due to JIT inline cache
07-01 01:50:58.322 31987 31987 I AccessibilityNodeInfoDumper: Skipping invisible child: android.view.accessibility.AccessibilityNodeInfo@14d20; boundsInParent: Rect(0, 0 - 0, 126); boundsInScreen: Rect(231, 1017 - 231, 1143); packageName: com.google.android.packageinstaller; className: android.widget.LinearLayout; text: null; error: null; maxTextLength: -1; contentDescription: null; viewIdResName: null; checkable: false; checked: false; focusable: false; focused: false; selected: false; clickable: false; longClickable: false; contextClickable: false; enabled: true; password: false; scrollable: false; importantForAccessibility: false; actions: [AccessibilityAction: ACTION_SELECT - null, AccessibilityAction: ACTION_CLEAR_SELECTION - null, AccessibilityAction: ACTION_ACCESSIBILITY_FOCUS - null, AccessibilityAction: ACTION_SHOW_ON_SCREEN - null]
07-01 01:50:58.324 31987 31987 W AccessibilityNodeInfoDumper: Fetch time: 6ms
07-01 01:50:58.325  1675  2281 W WindowManager: removeWindowToken: Attempted to remove non-existing token: android.os.Binder@26886c2
07-01 01:50:58.338 31987 31987 D AndroidRuntime: Shutting down VM
07-01 01:50:58.592 32004 32004 D AndroidRuntime: >>>>>> START com.android.internal.os.RuntimeInit uid 2000 <<<<<<
07-01 01:50:58.631 32004 32004 W app_process: Unexpected CPU variant for X86 using defaults: x86
07-01 01:50:58.632 32004 32004 I app_process: The ClassLoaderContext is a special shared library.
07-01 01:50:58.632 32004 32004 I app_process: The ClassLoaderContext is a special shared library.
07-01 01:50:58.647 32004 32004 D AndroidRuntime: Calling main entry com.android.commands.uiautomator.Launcher
07-01 01:50:59.667 32004 32004 I app_process: Deoptimizing java.lang.String com.android.uiautomator.core.AccessibilityNodeInfoDumper.stripInvalidXMLChars(java.lang.CharSequence) due to JIT inline cache
07-01 01:50:59.669 32004 32004 I AccessibilityNodeInfoDumper: Skipping invisible child: android.view.accessibility.AccessibilityNodeInfo@14d24; boundsInParent: Rect(0, 0 - 0, 126); boundsInScreen: Rect(231, 1017 - 231, 1143); packageName: com.google.android.packageinstaller; className: android.widget.LinearLayout; text: null; error: null; maxTextLength: -1; contentDescription: null; viewIdResName: null; checkable: false; checked: false; focusable: false; focused: false; selected: false; clickable: false; longClickable: false; contextClickable: false; enabled: true; password: false; scrollable: false; importantForAccessibility: false; actions: [AccessibilityAction: ACTION_SELECT - null, AccessibilityAction: ACTION_CLEAR_SELECTION - null, AccessibilityAction: ACTION_ACCESSIBILITY_FOCUS - null, AccessibilityAction: ACTION_SHOW_ON_SCREEN - null]
07-01 01:50:59.670 32004 32004 W AccessibilityNodeInfoDumper: Fetch time: 7ms
07-01 01:50:59.671  1675  1813 W WindowManager: removeWindowToken: Attempted to remove non-existing token: android.os.Binder@c901010
07-01 01:50:59.691 32004 32004 D AndroidRuntime: Shutting down VM
07-01 01:50:59.933 32022 32022 D AndroidRuntime: >>>>>> START com.android.internal.os.RuntimeInit uid 2000 <<<<<<
07-01 01:50:59.969 32022 32022 W app_process: Unexpected CPU variant for X86 using defaults: x86
07-01 01:50:59.971 32022 32022 I app_process: The ClassLoaderContext is a special shared library.
07-01 01:50:59.971 32022 32022 I app_process: The ClassLoaderContext is a special shared library.
07-01 01:50:59.986 32022 32022 D AndroidRuntime: Calling main entry com.android.commands.uiautomator.Launcher
07-01 01:51:00.003  1675  1689 E memtrack: Couldn't load memtrack module
07-01 01:51:00.003  1675  1689 W android.os.Debug: failed to get memory consumption info: -1
07-01 01:51:00.019  1675  1689 E memtrack: Couldn't load memtrack module
07-01 01:51:00.019  1675  1689 W android.os.Debug: failed to get memory consumption info: -1
07-01 01:51:00.025  1675  1689 E memtrack: Couldn't load memtrack module
07-01 01:51:00.025  1675  1689 W android.os.Debug: failed to get memory consumption info: -1
07-01 01:51:00.035  1675  1689 E memtrack: Couldn't load memtrack module
07-01 01:51:00.035  1675  1689 W android.os.Debug: failed to get memory consumption info: -1
07-01 01:51:00.042  1675  1689 E memtrack: Couldn't load memtrack module
07-01 01:51:00.043  1675  1689 W android.os.Debug: failed to get memory consumption info: -1
07-01 01:51:01.009 32022 32022 I AccessibilityNodeInfoDumper: Skipping invisible child: android.view.accessibility.AccessibilityNodeInfo@14d33; boundsInParent: Rect(0, 0 - 0, 126); boundsInScreen: Rect(231, 1017 - 231, 1143); packageName: com.google.android.packageinstaller; className: android.widget.LinearLayout; text: null; error: null; maxTextLength: -1; contentDescription: null; viewIdResName: null; checkable: false; checked: false; focusable: false; focused: false; selected: false; clickable: false; longClickable: false; contextClickable: false; enabled: true; password: false; scrollable: false; importantForAccessibility: false; actions: [AccessibilityAction: ACTION_SELECT - null, AccessibilityAction: ACTION_CLEAR_SELECTION - null, AccessibilityAction: ACTION_ACCESSIBILITY_FOCUS - null, AccessibilityAction: ACTION_SHOW_ON_SCREEN - null]
07-01 01:51:01.010 32022 32022 W AccessibilityNodeInfoDumper: Fetch time: 4ms
07-01 01:51:01.010  1675  1815 W WindowManager: removeWindowToken: Attempted to remove non-existing token: android.os.Binder@ebc4d0e
07-01 01:51:01.026 32022 32022 D AndroidRuntime: Shutting down VM
07-01 01:51:01.280 32039 32039 D AndroidRuntime: >>>>>> START com.android.internal.os.RuntimeInit uid 2000 <<<<<<
07-01 01:51:01.316 32039 32039 W app_process: Unexpected CPU variant for X86 using defaults: x86
07-01 01:51:01.318 32039 32039 I app_process: The ClassLoaderContext is a special shared library.
07-01 01:51:01.333 32039 32039 D AndroidRuntime: Calling main entry com.android.commands.monkey.Monkey
07-01 01:51:01.336 32039 32039 W Monkey  : args: [-p, org.fossasia.phimpme, -c, android.intent.category.LAUNCHER, 1]
07-01 01:51:01.336 32039 32039 W Monkey  :  arg: "-p"
07-01 01:51:01.336 32039 32039 W Monkey  :  arg: "org.fossasia.phimpme"
07-01 01:51:01.336 32039 32039 W Monkey  :  arg: "-c"
07-01 01:51:01.336 32039 32039 W Monkey  :  arg: "android.intent.category.LAUNCHER"
07-01 01:51:01.336 32039 32039 W Monkey  :  arg: "1"
07-01 01:51:01.337 32039 32039 W Monkey  : data="org.fossasia.phimpme"
07-01 01:51:01.337 32039 32039 W Monkey  : data="android.intent.category.LAUNCHER"
07-01 01:51:01.348  1675  1690 W BroadcastQueue: Skipping deliver [background] BroadcastRecord{602e34b u-1 android.net.conn.CONNECTIVITY_CHANGE} to ReceiverList{77dd128 32039 (unknown name)/2000/u-1 remote:a92eac5}: process gone or crashing
07-01 01:51:01.359  1675  1815 I ActivityManager: START u0 {act=android.intent.action.MAIN cat=[android.intent.category.LAUNCHER] flg=0x10200000 cmp=org.fossasia.phimpme/.gallery.activities.SplashScreen} from uid 2000
07-01 01:51:01.359  1675  1815 W Binder  : Outgoing transactions from this process must be FLAG_ONEWAY
07-01 01:51:01.359  1675  1815 W Binder  : java.lang.Throwable
07-01 01:51:01.359  1675  1815 W Binder  : 	at android.os.BinderProxy.transact(Binder.java:752)
07-01 01:51:01.359  1675  1815 W Binder  : 	at android.app.IActivityController$Stub$Proxy.activityStarting(IActivityController.java:172)
07-01 01:51:01.359  1675  1815 W Binder  : 	at com.android.server.am.ActivityStarter.startActivity(ActivityStarter.java:449)
07-01 01:51:01.359  1675  1815 W Binder  : 	at com.android.server.am.ActivityStarter.startActivityLocked(ActivityStarter.java:278)
07-01 01:51:01.359  1675  1815 W Binder  : 	at com.android.server.am.ActivityStarter.startActivityMayWait(ActivityStarter.java:817)
07-01 01:51:01.359  1675  1815 W Binder  : 	at com.android.server.am.ActivityManagerService.startActivityAsUser(ActivityManagerService.java:4532)
07-01 01:51:01.359  1675  1815 W Binder  : 	at com.android.server.am.ActivityManagerService.startActivity(ActivityManagerService.java:4519)
07-01 01:51:01.359  1675  1815 W Binder  : 	at android.app.IActivityManager$Stub.onTransact(IActivityManager.java:121)
07-01 01:51:01.359  1675  1815 W Binder  : 	at com.android.server.am.ActivityManagerService.onTransact(ActivityManagerService.java:2919)
07-01 01:51:01.359  1675  1815 W Binder  : 	at android.os.Binder.execTransact(Binder.java:697)
07-01 01:51:01.381 32039 32039 I Monkey  : Events injected: 1
07-01 01:51:01.418 32039 32039 I Monkey  : ## Network stats: elapsed time=57ms (0ms mobile, 0ms wifi, 57ms not connected)
07-01 01:51:01.419 32039 32039 I com.android.commands.monkey: System.exit called, status: 0
07-01 01:51:01.419 32039 32039 I AndroidRuntime: VM exiting with result code 0.
07-01 01:51:01.570  1675  1693 I WifiService: requestActivityInfo uid=1000
07-01 01:51:01.571  1675  1693 I WifiService: reportActivityInfo uid=1000
07-01 01:51:01.571  1675  1693 I WifiService: getSupportedFeatures uid=1000
07-01 01:51:01.929 25033 25068 W native  : jpeg_io.cc:108 File's first two bytes does not match the sequence 216
07-01 01:51:02.944  1675  1689 E memtrack: Couldn't load memtrack module
07-01 01:51:02.944  1675  1689 W android.os.Debug: failed to get memory consumption info: -1
07-01 01:51:16.731 32057 32057 D AndroidRuntime: >>>>>> START com.android.internal.os.RuntimeInit uid 2000 <<<<<<
07-01 01:51:16.795 32057 32057 W app_process: Unexpected CPU variant for X86 using defaults: x86
07-01 01:51:16.800 32057 32057 I app_process: The ClassLoaderContext is a special shared library.
07-01 01:51:16.800 32057 32057 I app_process: The ClassLoaderContext is a special shared library.
07-01 01:51:16.818 32057 32057 D AndroidRuntime: Calling main entry com.android.commands.uiautomator.Launcher
07-01 01:51:17.849 32057 32057 I AccessibilityNodeInfoDumper: Skipping invisible child: android.view.accessibility.AccessibilityNodeInfo@14d3e; boundsInParent: Rect(0, 0 - 0, 126); boundsInScreen: Rect(231, 1017 - 231, 1143); packageName: com.google.android.packageinstaller; className: android.widget.LinearLayout; text: null; error: null; maxTextLength: -1; contentDescription: null; viewIdResName: null; checkable: false; checked: false; focusable: false; focused: false; selected: false; clickable: false; longClickable: false; contextClickable: false; enabled: true; password: false; scrollable: false; importantForAccessibility: false; actions: [AccessibilityAction: ACTION_SELECT - null, AccessibilityAction: ACTION_CLEAR_SELECTION - null, AccessibilityAction: ACTION_ACCESSIBILITY_FOCUS - null, AccessibilityAction: ACTION_SHOW_ON_SCREEN - null]
07-01 01:51:17.850 32057 32057 W AccessibilityNodeInfoDumper: Fetch time: 7ms
07-01 01:51:17.850  1675  1815 W WindowManager: removeWindowToken: Attempted to remove non-existing token: android.os.Binder@786c3d2
07-01 01:51:17.872 32057 32057 D AndroidRuntime: Shutting down VM
07-01 01:51:18.084 32069 32069 D AndroidRuntime: >>>>>> START com.android.internal.os.RuntimeInit uid 2000 <<<<<<
07-01 01:51:18.126 32069 32069 W app_process: Unexpected CPU variant for X86 using defaults: x86
07-01 01:51:18.128 32069 32069 I app_process: The ClassLoaderContext is a special shared library.
07-01 01:51:18.143 32069 32069 D AndroidRuntime: Calling main entry com.android.commands.input.Input
07-01 01:51:18.145 32069 32069 I Input   : injectMotionEvent: MotionEvent { action=ACTION_DOWN, actionButton=0, id[0]=0, x[0]=783.0, y[0]=1080.0, toolType[0]=TOOL_TYPE_UNKNOWN, buttonState=0, metaState=0, flags=0x0, edgeFlags=0x0, pointerCount=1, historySize=0, eventTime=38354406, downTime=38354406, deviceId=0, source=0x1002 }
07-01 01:51:18.147 32069 32069 I Input   : injectMotionEvent: MotionEvent { action=ACTION_UP, actionButton=0, id[0]=0, x[0]=783.0, y[0]=1080.0, toolType[0]=TOOL_TYPE_UNKNOWN, buttonState=0, metaState=0, flags=0x0, edgeFlags=0x0, pointerCount=1, historySize=0, eventTime=38354406, downTime=38354406, deviceId=0, source=0x1002 }
07-01 01:51:18.149 32069 32069 D AndroidRuntime: Shutting down VM
07-01 01:51:18.165  1675  1675 I GnssLocationProvider: WakeLock acquired by sendMessage(SET_REQUEST, 0, com.android.server.location.GnssLocationProvider$GpsRequest@ea4d359)
07-01 01:51:18.166  1675  1815 D VoldConnector: SND -> {46 volume remount_uid 10116 read}
07-01 01:51:18.168  1675  1689 I GnssLocationProvider: WakeLock released by handleMessage(SET_REQUEST, 0, com.android.server.location.GnssLocationProvider$GpsRequest@ea4d359)
07-01 01:51:18.172  1435  4658 W audio_hw_generic: Not supplying enough data to HAL, expected position 20031933 , only wrote 20031840
07-01 01:51:18.229  1435  4658 W audio_hw_generic: Not supplying enough data to HAL, expected position 20034560 , only wrote 20033280
07-01 01:51:18.234  1391  1396 D vold    : Remounting 10116 as mode read
07-01 01:51:18.243  1391  1396 D vold    : Found matching PID 31761
07-01 01:51:18.276  1547  1599 D AudioFlinger: mixer(0xf1183300) throttle end: throttle time(9)
07-01 01:51:18.421  1675  1746 D VoldConnector: RCV <- {200 46 Command succeeded}
07-01 01:51:18.445 31761 32083 W System.err: java.io.FileNotFoundException: /data/user/0/org.fossasia.phimpme/cache/albums.dat (No such file or directory)
07-01 01:51:18.446 31761 32083 W System.err: 	at java.io.FileInputStream.open0(Native Method)
07-01 01:51:18.446 31761 32083 W System.err: 	at java.io.FileInputStream.open(FileInputStream.java:200)
07-01 01:51:18.446 31761 32083 W System.err: 	at java.io.FileInputStream.<init>(FileInputStream.java:150)
07-01 01:51:18.446 31761 32083 W System.err: 	at org.fossasia.phimpme.gallery.data.HandlingAlbums.restoreBackup(SourceFile:148)
07-01 01:51:18.446 31761 32083 W System.err: 	at org.fossasia.phimpme.gallery.activities.SplashScreen$a.a(SourceFile:163)
07-01 01:51:18.446 31761 32083 W System.err: 	at org.fossasia.phimpme.gallery.activities.SplashScreen$a.doInBackground(SourceFile:159)
07-01 01:51:18.446 31761 32083 W System.err: 	at android.os.AsyncTask$2.call(AsyncTask.java:333)
07-01 01:51:18.446 31761 32083 W System.err: 	at java.util.concurrent.FutureTask.run(FutureTask.java:266)
07-01 01:51:18.446 31761 32083 W System.err: 	at android.os.AsyncTask$SerialExecutor$1.run(AsyncTask.java:245)
07-01 01:51:18.446 31761 32083 W System.err: 	at java.util.concurrent.ThreadPoolExecutor.runWorker(ThreadPoolExecutor.java:1162)
07-01 01:51:18.446 31761 32083 W System.err: 	at java.util.concurrent.ThreadPoolExecutor$Worker.run(ThreadPoolExecutor.java:636)
07-01 01:51:18.446 31761 32083 W System.err: 	at java.lang.Thread.run(Thread.java:764)
07-01 01:51:18.453  1675  3270 D VoldConnector: SND -> {47 volume mkdirs /storage/emulated/0/Android/data/org.fossasia.phimpme/files/external/}
07-01 01:51:18.456  1675  1746 D VoldConnector: RCV <- {200 47 Command succeeded}
07-01 01:51:18.461  1675  1693 I WifiService: requestActivityInfo uid=1000
07-01 01:51:18.461  1675  1693 I WifiService: reportActivityInfo uid=1000
07-01 01:51:18.461  1675  1693 I WifiService: getSupportedFeatures uid=1000
07-01 01:51:18.491 31004 31021 D EGL_emulation: eglMakeCurrent: 0xdbd852a0: ver 3 0 (tinfo 0xdbd832e0)
07-01 01:51:18.496 31004 31021 D OpenGLRenderer: endAllActiveAnimators on 0xcbebd080 (RippleDrawable) with handle 0xdbd832a0
07-01 01:51:18.550  1675  1686 I ActivityManager: START u0 {cmp=org.fossasia.phimpme/.gallery.activities.LFMainActivity (has extras)} from uid 10116
07-01 01:51:18.583 31761 31761 I AppCompatViewInflater: app:theme is now deprecated. Please move to using android:theme instead.
07-01 01:51:18.593 31761 31766 I zygote  : Do partial code cache collection, code=26KB, data=27KB
07-01 01:51:18.596 31761 31766 I zygote  : After code cache collection, code=25KB, data=26KB
07-01 01:51:18.596 31761 31766 I zygote  : Increasing code cache capacity to 128KB
07-01 01:51:18.601 31761 31761 E TAG     : lfmain
07-01 01:51:18.685  1444  5989 D gralloc_ranchu: gralloc_unregister_buffer: exiting HostConnection (is buffer-handling thread)
07-01 01:51:18.685  1444  5989 D         : HostConnection::get() New Host Connection established 0xe99a3a80, tid 5989
07-01 01:51:18.686  1444  5989 D gralloc_ranchu: gralloc_unregister_buffer: exiting HostConnection (is buffer-handling thread)
07-01 01:51:18.686  1444  5989 D         : HostConnection::get() New Host Connection established 0xe99a3a80, tid 5989
07-01 01:51:18.686  1444  5989 D gralloc_ranchu: gralloc_unregister_buffer: exiting HostConnection (is buffer-handling thread)
07-01 01:51:18.687  1444  5989 D         : HostConnection::get() New Host Connection established 0xe99a3a80, tid 5989
07-01 01:51:18.688  1444  5989 D gralloc_ranchu: gralloc_unregister_buffer: exiting HostConnection (is buffer-handling thread)
07-01 01:51:18.688  1444  5989 D         : HostConnection::get() New Host Connection established 0xe99a3a80, tid 5989
07-01 01:51:18.688  1444  5989 D gralloc_ranchu: gralloc_unregister_buffer: exiting HostConnection (is buffer-handling thread)
07-01 01:51:18.689  1444  5989 D         : HostConnection::get() New Host Connection established 0xe99a3a80, tid 5989
07-01 01:51:18.689  1444  5989 D gralloc_ranchu: gralloc_unregister_buffer: exiting HostConnection (is buffer-handling thread)
07-01 01:51:18.694  1444  5989 D         : HostConnection::get() New Host Connection established 0xe99a3a80, tid 5989
07-01 01:51:18.702  1453  1453 W SurfaceFlinger: couldn't log to binary event log: overflow.
07-01 01:51:18.810  1443  1489 D gralloc_ranchu: gralloc_alloc: Creating ashmem region of size 8298496
07-01 01:51:18.816  1443  1489 D gralloc_ranchu: gralloc_alloc: Creating ashmem region of size 8298496
07-01 01:51:18.821  1443 25077 D gralloc_ranchu: gralloc_alloc: Creating ashmem region of size 8298496
07-01 01:51:18.851 31761 31766 I zygote  : Do partial code cache collection, code=62KB, data=43KB
07-01 01:51:18.852 31761 31766 I zygote  : After code cache collection, code=62KB, data=43KB
07-01 01:51:18.852 31761 31766 I zygote  : Increasing code cache capacity to 256KB
07-01 01:51:18.863 31761 31761 I zygote  : Deoptimizing void com.mikepenz.iconics.Iconics$IconicsBuilderView.build() due to JIT inline cache
07-01 01:51:18.863 31761 31761 I zygote  : Deoptimizing com.mikepenz.iconics.utils.TextStyleContainer com.mikepenz.iconics.utils.IconicsUtils.findIcons(android.text.Spanned, java.util.HashMap) due to JIT inline cache
07-01 01:51:18.876 31761 31797 D EGL_emulation: eglMakeCurrent: 0xdbd85720: ver 3 0 (tinfo 0xdbd83330)
07-01 01:51:18.973  1675  1697 I ActivityManager: Displayed org.fossasia.phimpme/.gallery.activities.LFMainActivity: +402ms
07-01 01:51:19.195  1444  5989 D gralloc_ranchu: gralloc_unregister_buffer: exiting HostConnection (is buffer-handling thread)
07-01 01:51:19.196  1444  5989 D         : HostConnection::get() New Host Connection established 0xe99a3a80, tid 5989
07-01 01:51:19.196  1444  5989 D gralloc_ranchu: gralloc_unregister_buffer: exiting HostConnection (is buffer-handling thread)
07-01 01:51:19.196  1444  5989 D         : HostConnection::get() New Host Connection established 0xe99a3a80, tid 5989
07-01 01:51:19.198  1444  5989 D gralloc_ranchu: gralloc_unregister_buffer: exiting HostConnection (is buffer-handling thread)
07-01 01:51:19.199  1444  5989 D         : HostConnection::get() New Host Connection established 0xe99a3a80, tid 5989
07-01 01:51:19.199  1444  5989 D gralloc_ranchu: gralloc_unregister_buffer: exiting HostConnection (is buffer-handling thread)
07-01 01:51:19.199  1444  5989 D         : HostConnection::get() New Host Connection established 0xe99a3a80, tid 5989
07-01 01:51:19.199  1444  5989 D gralloc_ranchu: gralloc_unregister_buffer: exiting HostConnection (is buffer-handling thread)
07-01 01:51:19.200  1444  5989 D         : HostConnection::get() New Host Connection established 0xe99a3a80, tid 5989
07-01 01:51:19.200  1444  5989 D gralloc_ranchu: gralloc_unregister_buffer: exiting HostConnection (is buffer-handling thread)
07-01 01:51:19.204  1444  5989 D         : HostConnection::get() New Host Connection established 0xe99a3a80, tid 5989
07-01 01:51:21.471  1435  1595 W audio_hw_generic: Not supplying enough data to HAL, expected position 20342753 , only wrote 20188800
07-01 01:51:21.844  1784  1784 W LstmExtension: no lmDescriptor could be found for en_US/20170411
07-01 01:51:21.844  1784  1784 W LstmExtension: no lmDescriptor could be found for en_US/20170411
07-01 01:51:22.040 32109 32109 D AndroidRuntime: >>>>>> START com.android.internal.os.RuntimeInit uid 2000 <<<<<<
07-01 01:51:22.194 32109 32109 W app_process: Unexpected CPU variant for X86 using defaults: x86
07-01 01:51:22.195 32109 32109 I app_process: The ClassLoaderContext is a special shared library.
07-01 01:51:22.196 32109 32109 I app_process: The ClassLoaderContext is a special shared library.
07-01 01:51:22.211 32109 32109 D AndroidRuntime: Calling main entry com.android.commands.uiautomator.Launcher
07-01 01:51:23.245 32109 32109 I app_process: Deoptimizing java.lang.String com.android.uiautomator.core.AccessibilityNodeInfoDumper.stripInvalidXMLChars(java.lang.CharSequence) due to JIT inline cache
07-01 01:51:23.249 32109 32109 W AccessibilityNodeInfoDumper: Fetch time: 7ms
07-01 01:51:23.249  1675  1686 W WindowManager: removeWindowToken: Attempted to remove non-existing token: android.os.Binder@7cb07e
07-01 01:51:23.255 32109 32109 D AndroidRuntime: Shutting down VM
07-01 01:51:24.118 32135 32135 D AndroidRuntime: >>>>>> START com.android.internal.os.RuntimeInit uid 2000 <<<<<<
07-01 01:51:24.120 32135 32135 W app_process: Could not reserve sentinel fault page
07-01 01:51:24.170 32135 32135 W app_process: Unexpected CPU variant for X86 using defaults: x86
07-01 01:51:24.172 32135 32135 I app_process: The ClassLoaderContext is a special shared library.
07-01 01:51:24.172 32135 32135 I app_process: The ClassLoaderContext is a special shared library.
07-01 01:51:24.186 32135 32135 D AndroidRuntime: Calling main entry com.android.commands.uiautomator.Launcher
07-01 01:51:25.219 32135 32135 W AccessibilityNodeInfoDumper: Fetch time: 8ms
07-01 01:51:25.220  1675  3270 W WindowManager: removeWindowToken: Attempted to remove non-existing token: android.os.Binder@e4f78f5
07-01 01:51:25.234 32135 32135 D AndroidRuntime: Shutting down VM
07-01 01:51:25.466 32153 32153 D AndroidRuntime: >>>>>> START com.android.internal.os.RuntimeInit uid 2000 <<<<<<
07-01 01:51:25.468 32153 32153 W app_process: Could not reserve sentinel fault page
07-01 01:51:25.502 32153 32153 W app_process: Unexpected CPU variant for X86 using defaults: x86
07-01 01:51:25.503 32153 32153 I app_process: The ClassLoaderContext is a special shared library.
07-01 01:51:25.504 32153 32153 I app_process: The ClassLoaderContext is a special shared library.
07-01 01:51:25.519 32153 32153 D AndroidRuntime: Calling main entry com.android.commands.uiautomator.Launcher
07-01 01:51:26.545 32153 32153 I app_process: Deoptimizing java.lang.String com.android.uiautomator.core.AccessibilityNodeInfoDumper.stripInvalidXMLChars(java.lang.CharSequence) due to JIT inline cache
07-01 01:51:26.549 32153 32153 W AccessibilityNodeInfoDumper: Fetch time: 7ms
07-01 01:51:26.550  1675  1815 W WindowManager: removeWindowToken: Attempted to remove non-existing token: android.os.Binder@64214fb
07-01 01:51:26.555 32153 32153 D AndroidRuntime: Shutting down VM
07-01 01:51:27.406 32179 32179 D AndroidRuntime: >>>>>> START com.android.internal.os.RuntimeInit uid 2000 <<<<<<
07-01 01:51:27.442 32179 32179 W app_process: Unexpected CPU variant for X86 using defaults: x86
07-01 01:51:27.443 32179 32179 I app_process: The ClassLoaderContext is a special shared library.
07-01 01:51:27.443 32179 32179 I app_process: The ClassLoaderContext is a special shared library.
07-01 01:51:27.461 32179 32179 D AndroidRuntime: Calling main entry com.android.commands.uiautomator.Launcher
07-01 01:51:28.194  1451  1451 I boot-pipe: done populating /dev/random
07-01 01:51:28.488 32179 32179 I app_process: Deoptimizing java.lang.String com.android.uiautomator.core.AccessibilityNodeInfoDumper.stripInvalidXMLChars(java.lang.CharSequence) due to JIT inline cache
07-01 01:51:28.492 32179 32179 W AccessibilityNodeInfoDumper: Fetch time: 8ms
07-01 01:51:28.493  1675 19638 W WindowManager: removeWindowToken: Attempted to remove non-existing token: android.os.Binder@26baf71
07-01 01:51:28.498 32179 32179 D AndroidRuntime: Shutting down VM
07-01 01:51:28.649 31761 32084 I FA      : Tag Manager is not found and thus will not be used
07-01 01:51:28.727  1799 31026 E NetworkScheduler.ATC: Called cancelTask for already completed task com.google.android.gms/.measurement.PackageMeasurementTaskService{u=0 tag="Measurement.PackageMeasurementTaskService.UPLOAD_TASK_TAG" trigger=window{start=0s,end=1s,earliest=-60s,latest=-59s} requirements=[NET_CONNECTED] attributes=[PERSISTED] scheduled=-60s last_run=-60s jid=N/A status=ACTIVE retries=0 client_lib=GMS_TASK_SCHEDULER-202414000} :1 [CONTEXT service_id=218 ]
07-01 01:51:29.406 32212 32212 D AndroidRuntime: >>>>>> START com.android.internal.os.RuntimeInit uid 2000 <<<<<<
07-01 01:51:29.443 32212 32212 W app_process: Unexpected CPU variant for X86 using defaults: x86
07-01 01:51:29.444 32212 32212 I app_process: The ClassLoaderContext is a special shared library.
07-01 01:51:29.445 32212 32212 I app_process: The ClassLoaderContext is a special shared library.
07-01 01:51:29.459 32212 32212 D AndroidRuntime: Calling main entry com.android.commands.uiautomator.Launcher
07-01 01:51:30.486 32212 32212 I app_process: Deoptimizing java.lang.String com.android.uiautomator.core.AccessibilityNodeInfoDumper.stripInvalidXMLChars(java.lang.CharSequence) due to JIT inline cache
07-01 01:51:30.491 32212 32212 W AccessibilityNodeInfoDumper: Fetch time: 8ms
07-01 01:51:30.492  1675  1686 W WindowManager: removeWindowToken: Attempted to remove non-existing token: android.os.Binder@79f925c
07-01 01:51:30.500 32212 32212 D AndroidRuntime: Shutting down VM
07-01 01:51:30.686  1453  1501 E SurfaceFlinger: ro.sf.lcd_density must be defined as a build property
07-01 01:51:30.692  1443 25077 D gralloc_ranchu: gralloc_alloc: Creating ashmem region of size 8298496
07-01 01:51:30.697 32228 32228 D         : HostConnection::get() New Host Connection established 0xedd48240, tid 32228
07-01 01:51:30.712  1453  1501 D gralloc_ranchu: gralloc_unregister_buffer: exiting HostConnection (is buffer-handling thread)
07-01 01:51:30.713  1453  1501 D         : HostConnection::get() New Host Connection established 0xf5e923c0, tid 1501
07-01 01:51:30.713  1453  1501 D gralloc_ranchu: gralloc_unregister_buffer: exiting HostConnection (is buffer-handling thread)
07-01 01:51:30.854  1675  1689 E memtrack: Couldn't load memtrack module
07-01 01:51:30.854  1675  1689 W android.os.Debug: failed to get memory consumption info: -1
07-01 01:51:30.856 26659 26659 D MediaScannerReceiver: action: android.intent.action.MEDIA_SCANNER_SCAN_FILE path: /storage/emulated/0/screen.png
07-01 01:51:33.274 32240 32240 D AndroidRuntime: >>>>>> START com.android.internal.os.RuntimeInit uid 2000 <<<<<<
07-01 01:51:33.311 32240 32240 W app_process: Unexpected CPU variant for X86 using defaults: x86
07-01 01:51:33.313 32240 32240 I app_process: The ClassLoaderContext is a special shared library.
07-01 01:51:33.316 32240 32240 I app_process: The ClassLoaderContext is a special shared library.
07-01 01:51:33.332 32240 32240 D AndroidRuntime: Calling main entry com.android.commands.uiautomator.Launcher
07-01 01:51:34.354 32240 32240 I app_process: Deoptimizing java.lang.String com.android.uiautomator.core.AccessibilityNodeInfoDumper.stripInvalidXMLChars(java.lang.CharSequence) due to JIT inline cache
07-01 01:51:34.359 32240 32240 W AccessibilityNodeInfoDumper: Fetch time: 8ms
07-01 01:51:34.360  1675  1815 W WindowManager: removeWindowToken: Attempted to remove non-existing token: android.os.Binder@221bc06
07-01 01:51:34.365 32240 32240 D AndroidRuntime: Shutting down VM
07-01 01:51:36.593 32257 32257 D AndroidRuntime: >>>>>> START com.android.internal.os.RuntimeInit uid 2000 <<<<<<
07-01 01:51:36.631 32257 32257 W app_process: Unexpected CPU variant for X86 using defaults: x86
07-01 01:51:36.633 32257 32257 I app_process: The ClassLoaderContext is a special shared library.
07-01 01:51:36.633 32257 32257 I app_process: The ClassLoaderContext is a special shared library.
07-01 01:51:36.647 32257 32257 D AndroidRuntime: Calling main entry com.android.commands.uiautomator.Launcher
07-01 01:51:37.675 32257 32257 W AccessibilityNodeInfoDumper: Fetch time: 7ms
07-01 01:51:37.676  1675  2520 W WindowManager: removeWindowToken: Attempted to remove non-existing token: android.os.Binder@699d0f4
07-01 01:51:37.681 32257 32257 D AndroidRuntime: Shutting down VM
07-01 01:51:37.920 32274 32274 D AndroidRuntime: >>>>>> START com.android.internal.os.RuntimeInit uid 2000 <<<<<<
07-01 01:51:37.954 32274 32274 W app_process: Unexpected CPU variant for X86 using defaults: x86
07-01 01:51:37.955 32274 32274 I app_process: The ClassLoaderContext is a special shared library.
07-01 01:51:37.956 32274 32274 I app_process: The ClassLoaderContext is a special shared library.
07-01 01:51:37.972 32274 32274 D AndroidRuntime: Calling main entry com.android.commands.uiautomator.Launcher
07-01 01:51:38.996 32274 32274 I app_process: Deoptimizing java.lang.String com.android.uiautomator.core.AccessibilityNodeInfoDumper.stripInvalidXMLChars(java.lang.CharSequence) due to JIT inline cache
07-01 01:51:39.002 32274 32274 W AccessibilityNodeInfoDumper: Fetch time: 9ms
07-01 01:51:39.003  1675  2520 W WindowManager: removeWindowToken: Attempted to remove non-existing token: android.os.Binder@30d9292
07-01 01:51:39.009 32274 32274 D AndroidRuntime: Shutting down VM
07-01 01:51:39.247 32291 32291 D AndroidRuntime: >>>>>> START com.android.internal.os.RuntimeInit uid 2000 <<<<<<
07-01 01:51:39.284 32291 32291 W app_process: Unexpected CPU variant for X86 using defaults: x86
07-01 01:51:39.285 32291 32291 I app_process: The ClassLoaderContext is a special shared library.
07-01 01:51:39.286 32291 32291 I app_process: The ClassLoaderContext is a special shared library.
07-01 01:51:39.301 32291 32291 D AndroidRuntime: Calling main entry com.android.commands.uiautomator.Launcher
07-01 01:51:40.325 32291 32291 I app_process: Deoptimizing java.lang.String com.android.uiautomator.core.AccessibilityNodeInfoDumper.stripInvalidXMLChars(java.lang.CharSequence) due to JIT inline cache
07-01 01:51:40.328 32291 32291 W AccessibilityNodeInfoDumper: Fetch time: 6ms
07-01 01:51:40.329  1675  1815 W WindowManager: removeWindowToken: Attempted to remove non-existing token: android.os.Binder@2fd0860
07-01 01:51:40.335 32291 32291 D AndroidRuntime: Shutting down VM
07-01 01:51:40.612 32311 32311 D AndroidRuntime: >>>>>> START com.android.internal.os.RuntimeInit uid 2000 <<<<<<
07-01 01:51:40.615 32311 32311 W app_process: Could not reserve sentinel fault page
07-01 01:51:40.651 32311 32311 W app_process: Unexpected CPU variant for X86 using defaults: x86
07-01 01:51:40.653 32311 32311 I app_process: The ClassLoaderContext is a special shared library.
07-01 01:51:40.653 32311 32311 I app_process: The ClassLoaderContext is a special shared library.
07-01 01:51:40.668 32311 32311 D AndroidRuntime: Calling main entry com.android.commands.uiautomator.Launcher
07-01 01:51:40.987  1675  1689 E memtrack: Couldn't load memtrack module
07-01 01:51:40.987  1675  1689 W android.os.Debug: failed to get memory consumption info: -1
07-01 01:51:41.047 25033 25067 W native  : jpeg_io.cc:108 File's first two bytes does not match the sequence 216
07-01 01:51:41.691 32311 32311 I app_process: Deoptimizing java.lang.String com.android.uiautomator.core.AccessibilityNodeInfoDumper.stripInvalidXMLChars(java.lang.CharSequence) due to JIT inline cache
07-01 01:51:41.695 32311 32311 W AccessibilityNodeInfoDumper: Fetch time: 8ms
07-01 01:51:41.695  1675  2520 W WindowManager: removeWindowToken: Attempted to remove non-existing token: android.os.Binder@16e45de
07-01 01:51:41.704 32311 32311 D AndroidRuntime: Shutting down VM
07-01 01:51:41.884 32324 32324 D AndroidRuntime: >>>>>> START com.android.internal.os.RuntimeInit uid 2000 <<<<<<
07-01 01:51:41.920 32324 32324 W app_process: Unexpected CPU variant for X86 using defaults: x86
07-01 01:51:41.922 32324 32324 I app_process: The ClassLoaderContext is a special shared library.
07-01 01:51:41.936 32324 32324 D AndroidRuntime: Calling main entry com.android.commands.input.Input
07-01 01:51:41.939 32324 32324 I Input   : injectMotionEvent: MotionEvent { action=ACTION_DOWN, actionButton=0, id[0]=0, x[0]=900.0, y[0]=1720.0, toolType[0]=TOOL_TYPE_UNKNOWN, buttonState=0, metaState=0, flags=0x0, edgeFlags=0x0, pointerCount=1, historySize=0, eventTime=38378200, downTime=38378200, deviceId=0, source=0x1002 }
07-01 01:51:41.942 32324 32324 I Input   : injectMotionEvent: MotionEvent { action=ACTION_UP, actionButton=0, id[0]=0, x[0]=900.0, y[0]=1720.0, toolType[0]=TOOL_TYPE_UNKNOWN, buttonState=0, metaState=0, flags=0x0, edgeFlags=0x0, pointerCount=1, historySize=0, eventTime=38378200, downTime=38378200, deviceId=0, source=0x1002 }
07-01 01:51:41.944 32324 32324 D AndroidRuntime: Shutting down VM
07-01 01:51:41.953  1675  3753 I ActivityManager: START u0 {flg=0x4000000 cmp=org.fossasia.phimpme/.accounts.AccountActivity} from uid 10116
07-01 01:51:41.956  1435  4658 W audio_hw_generic: Not supplying enough data to HAL, expected position 20188877 , only wrote 20188800
07-01 01:51:42.052 31761 31766 I zygote  : Do full code cache collection, code=125KB, data=86KB
07-01 01:51:42.054 31761 31766 I zygote  : After code cache collection, code=100KB, data=58KB
07-01 01:51:42.056  1547  1599 D AudioFlinger: mixer(0xf1183300) throttle end: throttle time(12)
07-01 01:51:42.112 31761 31761 I AppCompatViewInflater: app:theme is now deprecated. Please move to using android:theme instead.
07-01 01:51:42.128 31761 31761 I zygote  : Deoptimizing void ls.b(android.view.View, android.content.Context, android.util.AttributeSet) due to JIT inline cache
07-01 01:51:42.173  1443 25077 D gralloc_ranchu: gralloc_alloc: Creating ashmem region of size 8298496
07-01 01:51:42.178  1453  1479 D         : HostConnection::get() New Host Connection established 0xf5ba1340, tid 1479
07-01 01:51:42.179  1443 25077 D gralloc_ranchu: gralloc_alloc: Creating ashmem region of size 8298496
07-01 01:51:42.184  1443  1489 D gralloc_ranchu: gralloc_alloc: Creating ashmem region of size 8298496
07-01 01:51:42.195 31761 31761 I AppCompatViewInflater: app:theme is now deprecated. Please move to using android:theme instead.
07-01 01:51:42.203 31761 31766 I zygote  : Do partial code cache collection, code=109KB, data=69KB
07-01 01:51:42.205 31761 31766 I zygote  : After code cache collection, code=107KB, data=69KB
07-01 01:51:42.205 31761 31766 I zygote  : Increasing code cache capacity to 512KB
07-01 01:51:42.209 31761 31761 I AppCompatViewInflater: app:theme is now deprecated. Please move to using android:theme instead.
07-01 01:51:42.229 31761 31761 I chatty  : uid=10116(org.fossasia.phimpme) identical 5 lines
07-01 01:51:42.233 31761 31761 I AppCompatViewInflater: app:theme is now deprecated. Please move to using android:theme instead.
07-01 01:51:42.242 31761 32341 D Twitter : Using AdvertisingInfo from Service Provider
07-01 01:51:42.245 31761 31761 I zygote  : Deoptimizing void android.support.v7.widget.Toolbar.onMeasure(int, int) due to JIT inline cache
07-01 01:51:42.246 31761 31761 I zygote  : Deoptimizing int android.support.v7.widget.RecyclerView$LayoutManager.getPosition(android.view.View) due to JIT inline cache
07-01 01:51:42.246 31761 31761 I zygote  : Deoptimizing int android.support.v7.widget.OrientationHelper$2.getDecoratedStart(android.view.View) due to JIT inline cache
07-01 01:51:42.246 31761 31761 I zygote  : Deoptimizing int android.support.v7.widget.RecyclerView$LayoutManager.getDecoratedTop(android.view.View) due to JIT inline cache
07-01 01:51:42.246 31761 31761 I zygote  : Deoptimizing int android.support.v7.widget.OrientationHelper$2.getDecoratedEnd(android.view.View) due to JIT inline cache
07-01 01:51:42.247 31761 31761 I zygote  : Deoptimizing int android.support.v7.widget.RecyclerView$LayoutManager.getDecoratedBottom(android.view.View) due to JIT inline cache
07-01 01:51:42.253 31761 31797 D EGL_emulation: eglMakeCurrent: 0xdbd85720: ver 3 0 (tinfo 0xdbd83330)
07-01 01:51:42.293  1799 31026 E NetworkScheduler.ATC: Called cancelTask for already completed task com.google.android.gms/.measurement.PackageMeasurementTaskService{u=0 tag="Measurement.PackageMeasurementTaskService.UPLOAD_TASK_TAG" trigger=window{start=0s,end=1s,earliest=-74s,latest=-73s} requirements=[NET_CONNECTED] attributes=[PERSISTED] scheduled=-74s last_run=-74s jid=N/A status=ACTIVE retries=0 client_lib=GMS_TASK_SCHEDULER-202414000} :1 [CONTEXT service_id=218 ]
07-01 01:51:42.328 31761 31797 D EGL_emulation: eglMakeCurrent: 0xdbd85720: ver 3 0 (tinfo 0xdbd83330)
07-01 01:51:42.338  1675  1697 I ActivityManager: Displayed org.fossasia.phimpme/.accounts.AccountActivity: +305ms
07-01 01:51:42.354 31761 31797 D EGL_emulation: eglMakeCurrent: 0xdbd85720: ver 3 0 (tinfo 0xdbd83330)
07-01 01:51:42.362 31761 31797 I chatty  : uid=10116(org.fossasia.phimpme) RenderThread identical 1 line
07-01 01:51:42.369 31761 31797 D EGL_emulation: eglMakeCurrent: 0xdbd85720: ver 3 0 (tinfo 0xdbd83330)
07-01 01:51:42.370 31761 31797 D OpenGLRenderer: endAllActiveAnimators on 0xc370f000 (RippleDrawable) with handle 0xbf728080
07-01 01:51:42.567  1444  5989 D gralloc_ranchu: gralloc_unregister_buffer: exiting HostConnection (is buffer-handling thread)
07-01 01:51:42.568  1444  5989 D         : HostConnection::get() New Host Connection established 0xe99a3a80, tid 5989
07-01 01:51:42.568  1444  5989 D gralloc_ranchu: gralloc_unregister_buffer: exiting HostConnection (is buffer-handling thread)
07-01 01:51:42.569  1444  5989 D         : HostConnection::get() New Host Connection established 0xe99a3a80, tid 5989
07-01 01:51:42.569  1444  5989 D gralloc_ranchu: gralloc_unregister_buffer: exiting HostConnection (is buffer-handling thread)
07-01 01:51:42.569  1444  5989 D         : HostConnection::get() New Host Connection established 0xe99a3a80, tid 5989
07-01 01:51:42.569  1444  5989 D gralloc_ranchu: gralloc_unregister_buffer: exiting HostConnection (is buffer-handling thread)
07-01 01:51:42.570  1444  5989 D         : HostConnection::get() New Host Connection established 0xe99a3a80, tid 5989
07-01 01:51:42.570  1444  5989 D gralloc_ranchu: gralloc_unregister_buffer: exiting HostConnection (is buffer-handling thread)
07-01 01:51:42.570  1444  5989 D         : HostConnection::get() New Host Connection established 0xe99a3a80, tid 5989
07-01 01:51:42.571  1444  5989 D gralloc_ranchu: gralloc_unregister_buffer: exiting HostConnection (is buffer-handling thread)
07-01 01:51:42.576  1444  5989 D         : HostConnection::get() New Host Connection established 0xe99a3a80, tid 5989
07-01 01:51:45.243  1435  1595 W audio_hw_generic: Not supplying enough data to HAL, expected position 20503757 , only wrote 20346480
07-01 01:51:46.235  1784  1784 W LstmExtension: no lmDescriptor could be found for en_US/20170411
07-01 01:51:46.236  1784  1784 W LstmExtension: no lmDescriptor could be found for en_US/20170411
07-01 01:51:46.613 32364 32364 D AndroidRuntime: >>>>>> START com.android.internal.os.RuntimeInit uid 2000 <<<<<<
07-01 01:51:46.709 32364 32364 W app_process: Unexpected CPU variant for X86 using defaults: x86
07-01 01:51:46.711 32364 32364 I app_process: The ClassLoaderContext is a special shared library.
07-01 01:51:46.712 32364 32364 I app_process: The ClassLoaderContext is a special shared library.
07-01 01:51:46.740 32364 32364 D AndroidRuntime: Calling main entry com.android.commands.uiautomator.Launcher
07-01 01:51:46.756 31761 31761 I zygote  : Deoptimizing android.view.View android.support.v7.widget.ViewBoundsCheck.a(int, int, int, int) due to JIT inline cache
07-01 01:51:46.757 31761 31761 I zygote  : Deoptimizing int android.support.v7.widget.RecyclerView$LayoutManager$2.a(android.view.View) due to JIT inline cache
07-01 01:51:46.757 31761 31761 I zygote  : Deoptimizing int android.support.v7.widget.RecyclerView$LayoutManager$2.b(android.view.View) due to JIT inline cache
07-01 01:51:46.757 31761 31761 I zygote  : Deoptimizing int fb.a(android.support.v7.widget.RecyclerView$State, android.support.v7.widget.OrientationHelper, android.view.View, android.view.View, android.support.v7.widget.RecyclerView$LayoutManager, boolean, boolean) due to JIT inline cache
07-01 01:51:46.757 31761 31761 I zygote  : Deoptimizing int fb.b(android.support.v7.widget.RecyclerView$State, android.support.v7.widget.OrientationHelper, android.view.View, android.view.View, android.support.v7.widget.RecyclerView$LayoutManager, boolean) due to JIT inline cache
