03-19 23:40:14.547  6085 10466 I UIAutomatorStub: Skipping invisible child: android.view.accessibility.AccessibilityNodeInfo@ede5; boundsInParent: Rect(0, 0 - 0, 126); boundsInScreen: Rect(231, 1017 - 231, 1143); packageName: com.google.android.packageinstaller; className: android.widget.LinearLayout; text: null; error: null; maxTextLength: -1; contentDescription: null; viewIdResName: null; checkable: false; checked: false; focusable: false; focused: false; selected: false; clickable: false; longClickable: false; contextClickable: false; enabled: true; password: false; scrollable: false; importantForAccessibility: false; actions: [AccessibilityAction: ACTION_SELECT - null, AccessibilityAction: ACTION_CLEAR_SELECTION - null, AccessibilityAction: ACTION_ACCESSIBILITY_FOCUS - null, AccessibilityAction: ACTION_SHOW_ON_SCREEN - null]
03-19 23:40:14.547  6085 10466 I UIAutomatorStub: Fetch time: 0ms
03-19 23:40:15.411  1662  1683 I WifiService: requestActivityInfo uid=1000
03-19 23:40:15.411  1662  1683 I WifiService: reportActivityInfo uid=1000
03-19 23:40:15.411  1662  1683 I WifiService: getSupportedFeatures uid=1000
03-19 23:40:15.801  6085 10473 D UIAutomatorStub: URI: /jsonrpc/0, Method: POST, Header: {content-length=117, remote-addr=127.0.0.1, http-client-ip=127.0.0.1, host=localhost:9008, content-type=application/json, connection=close, accept-encoding=identity, user-agent=Python-urllib/3.7}, params, {NanoHttpd.QUERY_STRING=null}, files: {postData={"jsonrpc": "2.0", "method": "dumpWindowHierarchy", "id": "132d7731beacef1a75e08197609e3b32", "params": [true, null]}}
03-19 23:40:15.806  6085 10473 I UIAutomatorStub: Skipping invisible child: android.view.accessibility.AccessibilityNodeInfo@ede5; boundsInParent: Rect(0, 0 - 0, 126); boundsInScreen: Rect(231, 1017 - 231, 1143); packageName: com.google.android.packageinstaller; className: android.widget.LinearLayout; text: null; error: null; maxTextLength: -1; contentDescription: null; viewIdResName: null; checkable: false; checked: false; focusable: false; focused: false; selected: false; clickable: false; longClickable: false; contextClickable: false; enabled: true; password: false; scrollable: false; importantForAccessibility: false; actions: [AccessibilityAction: ACTION_SELECT - null, AccessibilityAction: ACTION_CLEAR_SELECTION - null, AccessibilityAction: ACTION_ACCESSIBILITY_FOCUS - null, AccessibilityAction: ACTION_SHOW_ON_SCREEN - null]
03-19 23:40:15.807  6085 10473 I UIAutomatorStub: Fetch time: 3ms
03-19 23:40:16.884  1447  1447 I boot-pipe: done populating /dev/random
03-19 23:40:17.090 10479 10479 D AndroidRuntime: >>>>>> START com.android.internal.os.RuntimeInit uid 2000 <<<<<<
03-19 23:40:17.137 10479 10479 W app_process: Unexpected CPU variant for X86 using defaults: x86
03-19 23:40:17.140 10479 10479 I app_process: The ClassLoaderContext is a special shared library.
03-19 23:40:17.157 10479 10479 D AndroidRuntime: Calling main entry com.android.commands.monkey.Monkey
03-19 23:40:17.160 10479 10479 W Monkey  : args: [-p, org.fossasia.phimpme, -c, android.intent.category.LAUNCHER, 1]
03-19 23:40:17.161 10479 10479 W Monkey  :  arg: "-p"
03-19 23:40:17.161 10479 10479 W Monkey  :  arg: "org.fossasia.phimpme"
03-19 23:40:17.161 10479 10479 W Monkey  :  arg: "-c"
03-19 23:40:17.161 10479 10479 W Monkey  :  arg: "android.intent.category.LAUNCHER"
03-19 23:40:17.161 10479 10479 W Monkey  :  arg: "1"
03-19 23:40:17.161 10479 10479 W Monkey  : data="org.fossasia.phimpme"
03-19 23:40:17.161 10479 10479 W Monkey  : data="android.intent.category.LAUNCHER"
03-19 23:40:17.171  1662  1680 W BroadcastQueue: Skipping deliver [background] BroadcastRecord{fcdef88 u-1 android.net.conn.CONNECTIVITY_CHANGE} to ReceiverList{4da9d21 10479 (unknown name)/2000/u-1 remote:b8bcb7a}: process gone or crashing
03-19 23:40:17.179  1662  3088 I ActivityManager: START u0 {act=android.intent.action.MAIN cat=[android.intent.category.LAUNCHER] flg=0x10200000 cmp=org.fossasia.phimpme/.gallery.activities.SplashScreen} from uid 2000
03-19 23:40:17.180  1662  3088 W Binder  : Outgoing transactions from this process must be FLAG_ONEWAY
03-19 23:40:17.180  1662  3088 W Binder  : java.lang.Throwable
03-19 23:40:17.180  1662  3088 W Binder  : 	at android.os.BinderProxy.transact(Binder.java:752)
03-19 23:40:17.180  1662  3088 W Binder  : 	at android.app.IActivityController$Stub$Proxy.activityStarting(IActivityController.java:172)
03-19 23:40:17.180  1662  3088 W Binder  : 	at com.android.server.am.ActivityStarter.startActivity(ActivityStarter.java:449)
03-19 23:40:17.180  1662  3088 W Binder  : 	at com.android.server.am.ActivityStarter.startActivityLocked(ActivityStarter.java:278)
03-19 23:40:17.180  1662  3088 W Binder  : 	at com.android.server.am.ActivityStarter.startActivityMayWait(ActivityStarter.java:817)
03-19 23:40:17.180  1662  3088 W Binder  : 	at com.android.server.am.ActivityManagerService.startActivityAsUser(ActivityManagerService.java:4532)
03-19 23:40:17.180  1662  3088 W Binder  : 	at com.android.server.am.ActivityManagerService.startActivity(ActivityManagerService.java:4519)
03-19 23:40:17.180  1662  3088 W Binder  : 	at android.app.IActivityManager$Stub.onTransact(IActivityManager.java:121)
03-19 23:40:17.180  1662  3088 W Binder  : 	at com.android.server.am.ActivityManagerService.onTransact(ActivityManagerService.java:2919)
03-19 23:40:17.180  1662  3088 W Binder  : 	at android.os.Binder.execTransact(Binder.java:697)
03-19 23:40:17.190 10479 10479 I Monkey  : Events injected: 1
03-19 23:40:17.234 10479 10479 I Monkey  : ## Network stats: elapsed time=54ms (0ms mobile, 0ms wifi, 54ms not connected)
03-19 23:40:17.235 10479 10479 I com.android.commands.monkey: System.exit called, status: 0
03-19 23:40:17.235 10479 10479 I AndroidRuntime: VM exiting with result code 0.
03-19 23:40:19.963  1662  1679 E memtrack: Couldn't load memtrack module
03-19 23:40:19.963  1662  1679 W android.os.Debug: failed to get memory consumption info: -1
03-19 23:40:19.995  1662  1679 E memtrack: Couldn't load memtrack module
03-19 23:40:19.995  1662  1679 W android.os.Debug: failed to get memory consumption info: -1
03-19 23:40:20.008  1662  1679 E memtrack: Couldn't load memtrack module
03-19 23:40:20.008  1662  1679 W android.os.Debug: failed to get memory consumption info: -1
03-19 23:40:20.017  1662  1679 E memtrack: Couldn't load memtrack module
03-19 23:40:20.017  1662  1679 W android.os.Debug: failed to get memory consumption info: -1
03-19 23:40:20.064 18387 18421 W native  : jpeg_io.cc:108 File's first two bytes does not match the sequence 216
03-19 23:40:20.911  1662  1679 E memtrack: Couldn't load memtrack module
03-19 23:40:20.911  1662  1679 W android.os.Debug: failed to get memory consumption info: -1
03-19 23:40:32.843  6085 10510 D UIAutomatorStub: URI: /jsonrpc/0, Method: POST, Header: {content-length=117, remote-addr=127.0.0.1, http-client-ip=127.0.0.1, host=localhost:9008, content-type=application/json, connection=close, accept-encoding=identity, user-agent=Python-urllib/3.7}, params, {NanoHttpd.QUERY_STRING=null}, files: {postData={"jsonrpc": "2.0", "method": "dumpWindowHierarchy", "id": "9ebd67e37e8105ee5a0d10f05ab27e0a", "params": [true, null]}}
03-19 23:40:32.848  6085 10510 I UIAutomatorStub: Skipping invisible child: android.view.accessibility.AccessibilityNodeInfo@ede5; boundsInParent: Rect(0, 0 - 0, 126); boundsInScreen: Rect(231, 1017 - 231, 1143); packageName: com.google.android.packageinstaller; className: android.widget.LinearLayout; text: null; error: null; maxTextLength: -1; contentDescription: null; viewIdResName: null; checkable: false; checked: false; focusable: false; focused: false; selected: false; clickable: false; longClickable: false; contextClickable: false; enabled: true; password: false; scrollable: false; importantForAccessibility: false; actions: [AccessibilityAction: ACTION_SELECT - null, AccessibilityAction: ACTION_CLEAR_SELECTION - null, AccessibilityAction: ACTION_ACCESSIBILITY_FOCUS - null, AccessibilityAction: ACTION_SHOW_ON_SCREEN - null]
03-19 23:40:32.848  6085 10510 I UIAutomatorStub: Fetch time: 0ms
03-19 23:40:34.052 10511 10511 D AndroidRuntime: >>>>>> START com.android.internal.os.RuntimeInit uid 2000 <<<<<<
03-19 23:40:34.117 10511 10511 W app_process: Unexpected CPU variant for X86 using defaults: x86
03-19 23:40:34.119 10511 10511 I app_process: The ClassLoaderContext is a special shared library.
03-19 23:40:34.134 10511 10511 D AndroidRuntime: Calling main entry com.android.commands.input.Input
03-19 23:40:34.137 10511 10511 I Input   : injectMotionEvent: MotionEvent { action=ACTION_DOWN, actionButton=0, id[0]=0, x[0]=783.0, y[0]=1080.0, toolType[0]=TOOL_TYPE_UNKNOWN, buttonState=0, metaState=0, flags=0x0, edgeFlags=0x0, pointerCount=1, historySize=0, eventTime=8189845, downTime=8189845, deviceId=0, source=0x1002 }
03-19 23:40:34.142 10511 10511 I Input   : injectMotionEvent: MotionEvent { action=ACTION_UP, actionButton=0, id[0]=0, x[0]=783.0, y[0]=1080.0, toolType[0]=TOOL_TYPE_UNKNOWN, buttonState=0, metaState=0, flags=0x0, edgeFlags=0x0, pointerCount=1, historySize=0, eventTime=8189845, downTime=8189845, deviceId=0, source=0x1002 }
03-19 23:40:34.144 10511 10511 D AndroidRuntime: Shutting down VM
03-19 23:40:34.158  1662  2275 D VoldConnector: SND -> {29 volume remount_uid 10112 read}
03-19 23:40:34.163  1431  4977 W audio_hw_generic: Not supplying enough data to HAL, expected position 98333508 , only wrote 98333280
03-19 23:40:34.235  1431  4977 W audio_hw_generic: Not supplying enough data to HAL, expected position 98336703 , only wrote 98334720
03-19 23:40:34.238  1389  1392 D vold    : Remounting 10112 as mode read
03-19 23:40:34.244  1389  1392 D vold    : Found matching PID 10279
03-19 23:40:34.279  1529  1572 D AudioFlinger: mixer(0xf1a832c0) throttle end: throttle time(12)
03-19 23:40:34.400  1662  1731 D VoldConnector: RCV <- {200 29 Command succeeded}
03-19 23:40:34.430 10279 10531 W System.err: java.io.FileNotFoundException: /data/user/0/org.fossasia.phimpme/cache/albums.dat (No such file or directory)
03-19 23:40:34.431 10279 10531 W System.err: 	at java.io.FileInputStream.open0(Native Method)
03-19 23:40:34.431 10279 10531 W System.err: 	at java.io.FileInputStream.open(FileInputStream.java:200)
03-19 23:40:34.431 10279 10531 W System.err: 	at java.io.FileInputStream.<init>(FileInputStream.java:150)
03-19 23:40:34.431 10279 10531 W System.err: 	at org.fossasia.phimpme.gallery.data.HandlingAlbums.restoreBackup(SourceFile:148)
03-19 23:40:34.432 10279 10531 W System.err: 	at org.fossasia.phimpme.gallery.activities.SplashScreen$a.a(SourceFile:163)
03-19 23:40:34.432 10279 10531 W System.err: 	at org.fossasia.phimpme.gallery.activities.SplashScreen$a.doInBackground(SourceFile:159)
03-19 23:40:34.432 10279 10531 W System.err: 	at android.os.AsyncTask$2.call(AsyncTask.java:333)
03-19 23:40:34.432 10279 10531 W System.err: 	at java.util.concurrent.FutureTask.run(FutureTask.java:266)
03-19 23:40:34.432 10279 10531 W System.err: 	at android.os.AsyncTask$SerialExecutor$1.run(AsyncTask.java:245)
03-19 23:40:34.432 10279 10531 W System.err: 	at java.util.concurrent.ThreadPoolExecutor.runWorker(ThreadPoolExecutor.java:1162)
03-19 23:40:34.432 10279 10531 W System.err: 	at java.util.concurrent.ThreadPoolExecutor$Worker.run(ThreadPoolExecutor.java:636)
03-19 23:40:34.432 10279 10531 W System.err: 	at java.lang.Thread.run(Thread.java:764)
03-19 23:40:34.442  1662  2275 D VoldConnector: SND -> {30 volume mkdirs /storage/emulated/0/Android/data/org.fossasia.phimpme/files/external/}
03-19 23:40:34.443  1662  1731 D VoldConnector: RCV <- {200 30 Command succeeded}
03-19 23:40:34.470  9696  9715 D EGL_emulation: eglMakeCurrent: 0xe9884ec0: ver 3 0 (tinfo 0xf189b7d0)
03-19 23:40:34.475  9696  9715 D OpenGLRenderer: endAllActiveAnimators on 0xd7198900 (RippleDrawable) with handle 0xe81b1810
03-19 23:40:34.550  1662 10198 I ActivityManager: START u0 {cmp=org.fossasia.phimpme/.gallery.activities.LFMainActivity (has extras)} from uid 10112
03-19 23:40:34.563  1662  1683 I WifiService: requestActivityInfo uid=1000
03-19 23:40:34.563  1662  1683 I WifiService: reportActivityInfo uid=1000
03-19 23:40:34.563  1662  1683 I WifiService: getSupportedFeatures uid=1000
03-19 23:40:34.582 10279 10279 I AppCompatViewInflater: app:theme is now deprecated. Please move to using android:theme instead.
03-19 23:40:34.596 10279 10284 I zygote  : Do partial code cache collection, code=26KB, data=27KB
03-19 23:40:34.597 10279 10284 I zygote  : After code cache collection, code=25KB, data=26KB
03-19 23:40:34.597 10279 10284 I zygote  : Increasing code cache capacity to 128KB
03-19 23:40:34.603 10279 10279 E TAG     : lfmain
03-19 23:40:34.663  1440  1485 D gralloc_ranchu: gralloc_unregister_buffer: exiting HostConnection (is buffer-handling thread)
03-19 23:40:34.664  1440  1485 D         : HostConnection::get() New Host Connection established 0xecaa3a00, tid 1485
03-19 23:40:34.664  1440  1485 D gralloc_ranchu: gralloc_unregister_buffer: exiting HostConnection (is buffer-handling thread)
03-19 23:40:34.664  1440  1485 D         : HostConnection::get() New Host Connection established 0xecaa3a00, tid 1485
03-19 23:40:34.665  1440  1485 D gralloc_ranchu: gralloc_unregister_buffer: exiting HostConnection (is buffer-handling thread)
03-19 23:40:34.665  1440  1485 D         : HostConnection::get() New Host Connection established 0xecaa3a00, tid 1485
03-19 23:40:34.665  1440  1485 D gralloc_ranchu: gralloc_unregister_buffer: exiting HostConnection (is buffer-handling thread)
03-19 23:40:34.666  1440  1485 D         : HostConnection::get() New Host Connection established 0xecaa3a00, tid 1485
03-19 23:40:34.666  1440  1485 D gralloc_ranchu: gralloc_unregister_buffer: exiting HostConnection (is buffer-handling thread)
03-19 23:40:34.666  1440  1485 D         : HostConnection::get() New Host Connection established 0xecaa3a00, tid 1485
03-19 23:40:34.666  1440  1485 D gralloc_ranchu: gralloc_unregister_buffer: exiting HostConnection (is buffer-handling thread)
03-19 23:40:34.672  1440  1485 D         : HostConnection::get() New Host Connection established 0xecaa3a00, tid 1485
03-19 23:40:34.681  1449  1449 W SurfaceFlinger: couldn't log to binary event log: overflow.
03-19 23:40:34.880  1439  1488 D gralloc_ranchu: gralloc_alloc: Creating ashmem region of size 8298496
03-19 23:40:34.882  1439  1488 D gralloc_ranchu: gralloc_alloc: Creating ashmem region of size 8298496
03-19 23:40:34.884  1439  1489 D gralloc_ranchu: gralloc_alloc: Creating ashmem region of size 8298496
03-19 23:40:34.930 10279 10284 I zygote  : Do partial code cache collection, code=62KB, data=44KB
03-19 23:40:34.934 10279 10284 I zygote  : After code cache collection, code=62KB, data=44KB
03-19 23:40:34.935 10279 10284 I zygote  : Increasing code cache capacity to 256KB
03-19 23:40:34.976 10279 10279 I zygote  : Deoptimizing void com.mikepenz.iconics.Iconics$IconicsBuilderView.build() due to JIT inline cache
03-19 23:40:34.976 10279 10279 I zygote  : Deoptimizing com.mikepenz.iconics.utils.TextStyleContainer com.mikepenz.iconics.utils.IconicsUtils.findIcons(android.text.Spanned, java.util.HashMap) due to JIT inline cache
03-19 23:40:35.006 10279 10315 D EGL_emulation: eglMakeCurrent: 0xe9b85ea0: ver 3 0 (tinfo 0xd213d5b0)
03-19 23:40:35.226  1662  1687 I ActivityManager: Displayed org.fossasia.phimpme/.gallery.activities.LFMainActivity: +659ms
03-19 23:40:35.467  1440  1485 D gralloc_ranchu: gralloc_unregister_buffer: exiting HostConnection (is buffer-handling thread)
03-19 23:40:35.468  1440  1485 D         : HostConnection::get() New Host Connection established 0xecaa3a00, tid 1485
03-19 23:40:35.469  1440  1485 D gralloc_ranchu: gralloc_unregister_buffer: exiting HostConnection (is buffer-handling thread)
03-19 23:40:35.469  1440  1485 D         : HostConnection::get() New Host Connection established 0xecaa3a00, tid 1485
03-19 23:40:35.469  1440  1485 D gralloc_ranchu: gralloc_unregister_buffer: exiting HostConnection (is buffer-handling thread)
03-19 23:40:35.470  1440  1485 D         : HostConnection::get() New Host Connection established 0xecaa3a00, tid 1485
03-19 23:40:35.470  1440  1485 D gralloc_ranchu: gralloc_unregister_buffer: exiting HostConnection (is buffer-handling thread)
03-19 23:40:35.470  1440  1485 D         : HostConnection::get() New Host Connection established 0xecaa3a00, tid 1485
03-19 23:40:35.470  1440  1485 D gralloc_ranchu: gralloc_unregister_buffer: exiting HostConnection (is buffer-handling thread)
03-19 23:40:35.471  1440  1485 D         : HostConnection::get() New Host Connection established 0xecaa3a00, tid 1485
03-19 23:40:35.471  1440  1485 D gralloc_ranchu: gralloc_unregister_buffer: exiting HostConnection (is buffer-handling thread)
03-19 23:40:35.476  1440  1485 D         : HostConnection::get() New Host Connection established 0xecaa3a00, tid 1485
03-19 23:40:37.460  1431  1584 W audio_hw_generic: Not supplying enough data to HAL, expected position 98642505 , only wrote 98489520
03-19 23:40:37.956  1768  1768 W LstmExtension: no lmDescriptor could be found for en_US/20170411
03-19 23:40:37.956  1768  1768 W LstmExtension: no lmDescriptor could be found for en_US/20170411
03-19 23:40:38.204  6085 10558 D UIAutomatorStub: URI: /jsonrpc/0, Method: POST, Header: {content-length=117, remote-addr=127.0.0.1, http-client-ip=127.0.0.1, host=localhost:9008, content-type=application/json, connection=close, accept-encoding=identity, user-agent=Python-urllib/3.7}, params, {NanoHttpd.QUERY_STRING=null}, files: {postData={"jsonrpc": "2.0", "method": "dumpWindowHierarchy", "id": "7e5a55c7230d7454a73029bea74b1cfa", "params": [true, null]}}
03-19 23:40:38.215  6085 10558 I UIAutomatorStub: Skipping invisible child: android.view.accessibility.AccessibilityNodeInfo@8109; boundsInParent: Rect(0, 0 - 1080, 63); boundsInScreen: Rect(0, 0 - 1080, 63); packageName: org.fossasia.phimpme; className: android.view.View; text: null; error: null; maxTextLength: -1; contentDescription: null; viewIdResName: android:id/statusBarBackground; checkable: false; checked: false; focusable: false; focused: false; selected: false; clickable: false; longClickable: false; contextClickable: false; enabled: true; password: false; scrollable: false; importantForAccessibility: false; actions: [AccessibilityAction: ACTION_SELECT - null, AccessibilityAction: ACTION_CLEAR_SELECTION - null, AccessibilityAction: ACTION_ACCESSIBILITY_FOCUS - null, AccessibilityAction: ACTION_SHOW_ON_SCREEN - null]
03-19 23:40:38.215  6085 10558 I UIAutomatorStub: Skipping invisible child: android.view.accessibility.AccessibilityNodeInfo@84ca; boundsInParent: Rect(0, 0 - 1080, 126); boundsInScreen: Rect(0, 1794 - 1080, 1920); packageName: org.fossasia.phimpme; className: android.view.View; text: null; error: null; maxTextLength: -1; contentDescription: null; viewIdResName: android:id/navigationBarBackground; checkable: false; checked: false; focusable: false; focused: false; selected: false; clickable: false; longClickable: false; contextClickable: false; enabled: true; password: false; scrollable: false; importantForAccessibility: false; actions: [AccessibilityAction: ACTION_SELECT - null, AccessibilityAction: ACTION_CLEAR_SELECTION - null, AccessibilityAction: ACTION_ACCESSIBILITY_FOCUS - null, AccessibilityAction: ACTION_SHOW_ON_SCREEN - null]
03-19 23:40:38.215  6085 10558 I UIAutomatorStub: Fetch time: 3ms
03-19 23:40:40.188  6085 10575 D UIAutomatorStub: URI: /jsonrpc/0, Method: POST, Header: {content-length=117, remote-addr=127.0.0.1, http-client-ip=127.0.0.1, host=localhost:9008, content-type=application/json, connection=close, accept-encoding=identity, user-agent=Python-urllib/3.7}, params, {NanoHttpd.QUERY_STRING=null}, files: {postData={"jsonrpc": "2.0", "method": "dumpWindowHierarchy", "id": "525c1260981edf97c29d6fefceff0c08", "params": [true, null]}}
03-19 23:40:40.196  6085 10575 I UIAutomatorStub: Skipping invisible child: android.view.accessibility.AccessibilityNodeInfo@8109; boundsInParent: Rect(0, 0 - 1080, 63); boundsInScreen: Rect(0, 0 - 1080, 63); packageName: org.fossasia.phimpme; className: android.view.View; text: null; error: null; maxTextLength: -1; contentDescription: null; viewIdResName: android:id/statusBarBackground; checkable: false; checked: false; focusable: false; focused: false; selected: false; clickable: false; longClickable: false; contextClickable: false; enabled: true; password: false; scrollable: false; importantForAccessibility: false; actions: [AccessibilityAction: ACTION_SELECT - null, AccessibilityAction: ACTION_CLEAR_SELECTION - null, AccessibilityAction: ACTION_ACCESSIBILITY_FOCUS - null, AccessibilityAction: ACTION_SHOW_ON_SCREEN - null]
03-19 23:40:40.196  6085 10575 I UIAutomatorStub: Skipping invisible child: android.view.accessibility.AccessibilityNodeInfo@84ca; boundsInParent: Rect(0, 0 - 1080, 126); boundsInScreen: Rect(0, 1794 - 1080, 1920); packageName: org.fossasia.phimpme; className: android.view.View; text: null; error: null; maxTextLength: -1; contentDescription: null; viewIdResName: android:id/navigationBarBackground; checkable: false; checked: false; focusable: false; focused: false; selected: false; clickable: false; longClickable: false; contextClickable: false; enabled: true; password: false; scrollable: false; importantForAccessibility: false; actions: [AccessibilityAction: ACTION_SELECT - null, AccessibilityAction: ACTION_CLEAR_SELECTION - null, AccessibilityAction: ACTION_ACCESSIBILITY_FOCUS - null, AccessibilityAction: ACTION_SHOW_ON_SCREEN - null]
03-19 23:40:40.196  6085 10575 I UIAutomatorStub: Fetch time: 2ms
03-19 23:40:41.463  6085 10583 D UIAutomatorStub: URI: /jsonrpc/0, Method: POST, Header: {content-length=117, remote-addr=127.0.0.1, http-client-ip=127.0.0.1, host=localhost:9008, content-type=application/json, connection=close, accept-encoding=identity, user-agent=Python-urllib/3.7}, params, {NanoHttpd.QUERY_STRING=null}, files: {postData={"jsonrpc": "2.0", "method": "dumpWindowHierarchy", "id": "2db7d5509c2cfe232dc6239181665dc7", "params": [true, null]}}
03-19 23:40:41.470  6085 10583 I UIAutomatorStub: Skipping invisible child: android.view.accessibility.AccessibilityNodeInfo@8109; boundsInParent: Rect(0, 0 - 1080, 63); boundsInScreen: Rect(0, 0 - 1080, 63); packageName: org.fossasia.phimpme; className: android.view.View; text: null; error: null; maxTextLength: -1; contentDescription: null; viewIdResName: android:id/statusBarBackground; checkable: false; checked: false; focusable: false; focused: false; selected: false; clickable: false; longClickable: false; contextClickable: false; enabled: true; password: false; scrollable: false; importantForAccessibility: false; actions: [AccessibilityAction: ACTION_SELECT - null, AccessibilityAction: ACTION_CLEAR_SELECTION - null, AccessibilityAction: ACTION_ACCESSIBILITY_FOCUS - null, AccessibilityAction: ACTION_SHOW_ON_SCREEN - null]
03-19 23:40:41.470  6085 10583 I UIAutomatorStub: Skipping invisible child: android.view.accessibility.AccessibilityNodeInfo@84ca; boundsInParent: Rect(0, 0 - 1080, 126); boundsInScreen: Rect(0, 1794 - 1080, 1920); packageName: org.fossasia.phimpme; className: android.view.View; text: null; error: null; maxTextLength: -1; contentDescription: null; viewIdResName: android:id/navigationBarBackground; checkable: false; checked: false; focusable: false; focused: false; selected: false; clickable: false; longClickable: false; contextClickable: false; enabled: true; password: false; scrollable: false; importantForAccessibility: false; actions: [AccessibilityAction: ACTION_SELECT - null, AccessibilityAction: ACTION_CLEAR_SELECTION - null, AccessibilityAction: ACTION_ACCESSIBILITY_FOCUS - null, AccessibilityAction: ACTION_SHOW_ON_SCREEN - null]
03-19 23:40:41.470  6085 10583 I UIAutomatorStub: Fetch time: 3ms
03-19 23:40:43.432  6085 10602 D UIAutomatorStub: URI: /jsonrpc/0, Method: POST, Header: {content-length=117, remote-addr=127.0.0.1, http-client-ip=127.0.0.1, host=localhost:9008, content-type=application/json, connection=close, accept-encoding=identity, user-agent=Python-urllib/3.7}, params, {NanoHttpd.QUERY_STRING=null}, files: {postData={"jsonrpc": "2.0", "method": "dumpWindowHierarchy", "id": "90ab5d9f495cd0ab236c2d847853955c", "params": [true, null]}}
03-19 23:40:43.438  6085 10602 I UIAutomatorStub: Skipping invisible child: android.view.accessibility.AccessibilityNodeInfo@8109; boundsInParent: Rect(0, 0 - 1080, 63); boundsInScreen: Rect(0, 0 - 1080, 63); packageName: org.fossasia.phimpme; className: android.view.View; text: null; error: null; maxTextLength: -1; contentDescription: null; viewIdResName: android:id/statusBarBackground; checkable: false; checked: false; focusable: false; focused: false; selected: false; clickable: false; longClickable: false; contextClickable: false; enabled: true; password: false; scrollable: false; importantForAccessibility: false; actions: [AccessibilityAction: ACTION_SELECT - null, AccessibilityAction: ACTION_CLEAR_SELECTION - null, AccessibilityAction: ACTION_ACCESSIBILITY_FOCUS - null, AccessibilityAction: ACTION_SHOW_ON_SCREEN - null]
03-19 23:40:43.438  6085 10602 I UIAutomatorStub: Skipping invisible child: android.view.accessibility.AccessibilityNodeInfo@84ca; boundsInParent: Rect(0, 0 - 1080, 126); boundsInScreen: Rect(0, 1794 - 1080, 1920); packageName: org.fossasia.phimpme; className: android.view.View; text: null; error: null; maxTextLength: -1; contentDescription: null; viewIdResName: android:id/navigationBarBackground; checkable: false; checked: false; focusable: false; focused: false; selected: false; clickable: false; longClickable: false; contextClickable: false; enabled: true; password: false; scrollable: false; importantForAccessibility: false; actions: [AccessibilityAction: ACTION_SELECT - null, AccessibilityAction: ACTION_CLEAR_SELECTION - null, AccessibilityAction: ACTION_ACCESSIBILITY_FOCUS - null, AccessibilityAction: ACTION_SHOW_ON_SCREEN - null]
03-19 23:40:43.438  6085 10602 I UIAutomatorStub: Fetch time: 2ms
03-19 23:40:44.688 10279 10532 I FA      : Tag Manager is not found and thus will not be used
03-19 23:40:44.782  2081  2274 E SQLiteDatabase: Error inserting period=7085000 preferred_charging_state=1 preferred_network_type=1 target_class=com.google.android.gms.measurement.PackageMeasurementTaskService required_network_type=0 runtime=1679283644772 required_idleness_state=0 source=16 service_kind=0 target_package=com.google.android.gms persistence_level=1 source_version=202414000 last_runtime=0 user_id=0 job_id=-1 requires_charging=0 tag=Measurement.PackageMeasurementTaskService.UPLOAD_TASK_TAG flex_time=3542000 task_type=0 retry_strategy={"maximum_backoff_seconds":{"3600":0},"initial_backoff_seconds":{"30":0},"retry_policy":{"0":0}}
03-19 23:40:44.782  2081  2274 E SQLiteDatabase: android.database.sqlite.SQLiteConstraintException: UNIQUE constraint failed: pending_ops.tag, pending_ops.target_class, pending_ops.target_package, pending_ops.user_id (code 2067)
03-19 23:40:44.782  2081  2274 E SQLiteDatabase: 	at android.database.sqlite.SQLiteConnection.nativeExecuteForLastInsertedRowId(Native Method)
03-19 23:40:44.782  2081  2274 E SQLiteDatabase: 	at android.database.sqlite.SQLiteConnection.executeForLastInsertedRowId(SQLiteConnection.java:783)
03-19 23:40:44.782  2081  2274 E SQLiteDatabase: 	at android.database.sqlite.SQLiteSession.executeForLastInsertedRowId(SQLiteSession.java:788)
03-19 23:40:44.782  2081  2274 E SQLiteDatabase: 	at android.database.sqlite.SQLiteStatement.executeInsert(SQLiteStatement.java:86)
03-19 23:40:44.782  2081  2274 E SQLiteDatabase: 	at android.database.sqlite.SQLiteDatabase.insertWithOnConflict(SQLiteDatabase.java:1548)
03-19 23:40:44.782  2081  2274 E SQLiteDatabase: 	at android.database.sqlite.SQLiteDatabase.insert(SQLiteDatabase.java:1417)
03-19 23:40:44.782  2081  2274 E SQLiteDatabase: 	at aqui.a(:com.google.android.gms@202414022@20.24.14 (040700-319035315):175)
03-19 23:40:44.782  2081  2274 E SQLiteDatabase: 	at aqtk.a(:com.google.android.gms@202414022@20.24.14 (040700-319035315):182)
03-19 23:40:44.782  2081  2274 E SQLiteDatabase: 	at aqtk.a(:com.google.android.gms@202414022@20.24.14 (040700-319035315):23)
03-19 23:40:44.782  2081  2274 E SQLiteDatabase: 	at aqtk.a(:com.google.android.gms@202414022@20.24.14 (040700-319035315):177)
03-19 23:40:44.782  2081  2274 E SQLiteDatabase: 	at aqpu.run(:com.google.android.gms@202414022@20.24.14 (040700-319035315):9)
03-19 23:40:44.782  2081  2274 E SQLiteDatabase: 	at soy.b(:com.google.android.gms@202414022@20.24.14 (040700-319035315):12)
03-19 23:40:44.782  2081  2274 E SQLiteDatabase: 	at soy.run(:com.google.android.gms@202414022@20.24.14 (040700-319035315):7)
03-19 23:40:44.782  2081  2274 E SQLiteDatabase: 	at java.util.concurrent.ThreadPoolExecutor.runWorker(ThreadPoolExecutor.java:1162)
03-19 23:40:44.782  2081  2274 E SQLiteDatabase: 	at java.util.concurrent.ThreadPoolExecutor$Worker.run(ThreadPoolExecutor.java:636)
03-19 23:40:44.782  2081  2274 E SQLiteDatabase: 	at sux.run(:com.google.android.gms@202414022@20.24.14 (040700-319035315):0)
03-19 23:40:44.782  2081  2274 E SQLiteDatabase: 	at java.lang.Thread.run(Thread.java:764)
03-19 23:40:45.470  6085 10628 D UIAutomatorStub: URI: /jsonrpc/0, Method: POST, Header: {content-length=117, remote-addr=127.0.0.1, http-client-ip=127.0.0.1, host=localhost:9008, content-type=application/json, connection=close, accept-encoding=identity, user-agent=Python-urllib/3.7}, params, {NanoHttpd.QUERY_STRING=null}, files: {postData={"jsonrpc": "2.0", "method": "dumpWindowHierarchy", "id": "c57763baf3f22f581bf90247f55d2b3b", "params": [true, null]}}
03-19 23:40:45.478  6085 10628 I UIAutomatorStub: Skipping invisible child: android.view.accessibility.AccessibilityNodeInfo@8109; boundsInParent: Rect(0, 0 - 1080, 63); boundsInScreen: Rect(0, 0 - 1080, 63); packageName: org.fossasia.phimpme; className: android.view.View; text: null; error: null; maxTextLength: -1; contentDescription: null; viewIdResName: android:id/statusBarBackground; checkable: false; checked: false; focusable: false; focused: false; selected: false; clickable: false; longClickable: false; contextClickable: false; enabled: true; password: false; scrollable: false; importantForAccessibility: false; actions: [AccessibilityAction: ACTION_SELECT - null, AccessibilityAction: ACTION_CLEAR_SELECTION - null, AccessibilityAction: ACTION_ACCESSIBILITY_FOCUS - null, AccessibilityAction: ACTION_SHOW_ON_SCREEN - null]
03-19 23:40:45.478  6085 10628 I UIAutomatorStub: Skipping invisible child: android.view.accessibility.AccessibilityNodeInfo@84ca; boundsInParent: Rect(0, 0 - 1080, 126); boundsInScreen: Rect(0, 1794 - 1080, 1920); packageName: org.fossasia.phimpme; className: android.view.View; text: null; error: null; maxTextLength: -1; contentDescription: null; viewIdResName: android:id/navigationBarBackground; checkable: false; checked: false; focusable: false; focused: false; selected: false; clickable: false; longClickable: false; contextClickable: false; enabled: true; password: false; scrollable: false; importantForAccessibility: false; actions: [AccessibilityAction: ACTION_SELECT - null, AccessibilityAction: ACTION_CLEAR_SELECTION - null, AccessibilityAction: ACTION_ACCESSIBILITY_FOCUS - null, AccessibilityAction: ACTION_SHOW_ON_SCREEN - null]
03-19 23:40:45.478  6085 10628 I UIAutomatorStub: Fetch time: 5ms
03-19 23:40:46.697  1449  1733 E SurfaceFlinger: ro.sf.lcd_density must be defined as a build property
03-19 23:40:46.707  1439  1489 D gralloc_ranchu: gralloc_alloc: Creating ashmem region of size 8298496
03-19 23:40:46.709 10635 10635 D         : HostConnection::get() New Host Connection established 0xec048240, tid 10635
03-19 23:40:46.728  1449  1733 D gralloc_ranchu: gralloc_unregister_buffer: exiting HostConnection (is buffer-handling thread)
03-19 23:40:46.728  1449  1733 D         : HostConnection::get() New Host Connection established 0xf3321940, tid 1733
03-19 23:40:46.729  1449  1733 D gralloc_ranchu: gralloc_unregister_buffer: exiting HostConnection (is buffer-handling thread)
03-19 23:40:46.919  2307  2307 D MediaScannerReceiver: action: android.intent.action.MEDIA_SCANNER_SCAN_FILE path: /storage/emulated/0/screen.png
03-19 23:40:49.390  6085 10647 D UIAutomatorStub: URI: /jsonrpc/0, Method: POST, Header: {content-length=117, remote-addr=127.0.0.1, http-client-ip=127.0.0.1, host=localhost:9008, content-type=application/json, connection=close, accept-encoding=identity, user-agent=Python-urllib/3.7}, params, {NanoHttpd.QUERY_STRING=null}, files: {postData={"jsonrpc": "2.0", "method": "dumpWindowHierarchy", "id": "b816e886aa7ce66e316db0fa9b752729", "params": [true, null]}}
03-19 23:40:49.400  6085 10647 I UIAutomatorStub: Skipping invisible child: android.view.accessibility.AccessibilityNodeInfo@8109; boundsInParent: Rect(0, 0 - 1080, 63); boundsInScreen: Rect(0, 0 - 1080, 63); packageName: org.fossasia.phimpme; className: android.view.View; text: null; error: null; maxTextLength: -1; contentDescription: null; viewIdResName: android:id/statusBarBackground; checkable: false; checked: false; focusable: false; focused: false; selected: false; clickable: false; longClickable: false; contextClickable: false; enabled: true; password: false; scrollable: false; importantForAccessibility: false; actions: [AccessibilityAction: ACTION_SELECT - null, AccessibilityAction: ACTION_CLEAR_SELECTION - null, AccessibilityAction: ACTION_ACCESSIBILITY_FOCUS - null, AccessibilityAction: ACTION_SHOW_ON_SCREEN - null]
03-19 23:40:49.400  6085 10647 I UIAutomatorStub: Skipping invisible child: android.view.accessibility.AccessibilityNodeInfo@84ca; boundsInParent: Rect(0, 0 - 1080, 126); boundsInScreen: Rect(0, 1794 - 1080, 1920); packageName: org.fossasia.phimpme; className: android.view.View; text: null; error: null; maxTextLength: -1; contentDescription: null; viewIdResName: android:id/navigationBarBackground; checkable: false; checked: false; focusable: false; focused: false; selected: false; clickable: false; longClickable: false; contextClickable: false; enabled: true; password: false; scrollable: false; importantForAccessibility: false; actions: [AccessibilityAction: ACTION_SELECT - null, AccessibilityAction: ACTION_CLEAR_SELECTION - null, AccessibilityAction: ACTION_ACCESSIBILITY_FOCUS - null, AccessibilityAction: ACTION_SHOW_ON_SCREEN - null]
03-19 23:40:49.400  6085 10647 I UIAutomatorStub: Fetch time: 4ms
03-19 23:40:49.650  1662  1683 I WifiService: requestActivityInfo uid=1000
03-19 23:40:49.650  1662  1683 I WifiService: reportActivityInfo uid=1000
03-19 23:40:49.650  1662  1683 I WifiService: getSupportedFeatures uid=1000
03-19 23:40:50.632  6085 10654 D UIAutomatorStub: URI: /jsonrpc/0, Method: POST, Header: {content-length=117, remote-addr=127.0.0.1, http-client-ip=127.0.0.1, host=localhost:9008, content-type=application/json, connection=close, accept-encoding=identity, user-agent=Python-urllib/3.7}, params, {NanoHttpd.QUERY_STRING=null}, files: {postData={"jsonrpc": "2.0", "method": "dumpWindowHierarchy", "id": "a8d50e9ef9f2b85b51b357e4a7dc7687", "params": [true, null]}}
03-19 23:40:50.640  6085 10654 I UIAutomatorStub: Skipping invisible child: android.view.accessibility.AccessibilityNodeInfo@8109; boundsInParent: Rect(0, 0 - 1080, 63); boundsInScreen: Rect(0, 0 - 1080, 63); packageName: org.fossasia.phimpme; className: android.view.View; text: null; error: null; maxTextLength: -1; contentDescription: null; viewIdResName: android:id/statusBarBackground; checkable: false; checked: false; focusable: false; focused: false; selected: false; clickable: false; longClickable: false; contextClickable: false; enabled: true; password: false; scrollable: false; importantForAccessibility: false; actions: [AccessibilityAction: ACTION_SELECT - null, AccessibilityAction: ACTION_CLEAR_SELECTION - null, AccessibilityAction: ACTION_ACCESSIBILITY_FOCUS - null, AccessibilityAction: ACTION_SHOW_ON_SCREEN - null]
03-19 23:40:50.640  6085 10654 I UIAutomatorStub: Skipping invisible child: android.view.accessibility.AccessibilityNodeInfo@84ca; boundsInParent: Rect(0, 0 - 1080, 126); boundsInScreen: Rect(0, 1794 - 1080, 1920); packageName: org.fossasia.phimpme; className: android.view.View; text: null; error: null; maxTextLength: -1; contentDescription: null; viewIdResName: android:id/navigationBarBackground; checkable: false; checked: false; focusable: false; focused: false; selected: false; clickable: false; longClickable: false; contextClickable: false; enabled: true; password: false; scrollable: false; importantForAccessibility: false; actions: [AccessibilityAction: ACTION_SELECT - null, AccessibilityAction: ACTION_CLEAR_SELECTION - null, AccessibilityAction: ACTION_ACCESSIBILITY_FOCUS - null, AccessibilityAction: ACTION_SHOW_ON_SCREEN - null]
03-19 23:40:50.640  6085 10654 I UIAutomatorStub: Fetch time: 3ms
03-19 23:40:51.901  6085 10658 D UIAutomatorStub: URI: /jsonrpc/0, Method: POST, Header: {content-length=117, remote-addr=127.0.0.1, http-client-ip=127.0.0.1, host=localhost:9008, content-type=application/json, connection=close, accept-encoding=identity, user-agent=Python-urllib/3.7}, params, {NanoHttpd.QUERY_STRING=null}, files: {postData={"jsonrpc": "2.0", "method": "dumpWindowHierarchy", "id": "e5ee331991022425107bc93acdde7889", "params": [true, null]}}
03-19 23:40:51.907  6085 10658 I UIAutomatorStub: Skipping invisible child: android.view.accessibility.AccessibilityNodeInfo@8109; boundsInParent: Rect(0, 0 - 1080, 63); boundsInScreen: Rect(0, 0 - 1080, 63); packageName: org.fossasia.phimpme; className: android.view.View; text: null; error: null; maxTextLength: -1; contentDescription: null; viewIdResName: android:id/statusBarBackground; checkable: false; checked: false; focusable: false; focused: false; selected: false; clickable: false; longClickable: false; contextClickable: false; enabled: true; password: false; scrollable: false; importantForAccessibility: false; actions: [AccessibilityAction: ACTION_SELECT - null, AccessibilityAction: ACTION_CLEAR_SELECTION - null, AccessibilityAction: ACTION_ACCESSIBILITY_FOCUS - null, AccessibilityAction: ACTION_SHOW_ON_SCREEN - null]
03-19 23:40:51.907  6085 10658 I UIAutomatorStub: Skipping invisible child: android.view.accessibility.AccessibilityNodeInfo@84ca; boundsInParent: Rect(0, 0 - 1080, 126); boundsInScreen: Rect(0, 1794 - 1080, 1920); packageName: org.fossasia.phimpme; className: android.view.View; text: null; error: null; maxTextLength: -1; contentDescription: null; viewIdResName: android:id/navigationBarBackground; checkable: false; checked: false; focusable: false; focused: false; selected: false; clickable: false; longClickable: false; contextClickable: false; enabled: true; password: false; scrollable: false; importantForAccessibility: false; actions: [AccessibilityAction: ACTION_SELECT - null, AccessibilityAction: ACTION_CLEAR_SELECTION - null, AccessibilityAction: ACTION_ACCESSIBILITY_FOCUS - null, AccessibilityAction: ACTION_SHOW_ON_SCREEN - null]
03-19 23:40:51.907  6085 10658 I UIAutomatorStub: Fetch time: 3ms
03-19 23:40:53.164  6085 10664 D UIAutomatorStub: URI: /jsonrpc/0, Method: POST, Header: {content-length=117, remote-addr=127.0.0.1, http-client-ip=127.0.0.1, host=localhost:9008, content-type=application/json, connection=close, accept-encoding=identity, user-agent=Python-urllib/3.7}, params, {NanoHttpd.QUERY_STRING=null}, files: {postData={"jsonrpc": "2.0", "method": "dumpWindowHierarchy", "id": "c826e91770a5a8ccf730937c3266baf0", "params": [true, null]}}
03-19 23:40:53.172  6085 10664 I UIAutomatorStub: Skipping invisible child: android.view.accessibility.AccessibilityNodeInfo@8109; boundsInParent: Rect(0, 0 - 1080, 63); boundsInScreen: Rect(0, 0 - 1080, 63); packageName: org.fossasia.phimpme; className: android.view.View; text: null; error: null; maxTextLength: -1; contentDescription: null; viewIdResName: android:id/statusBarBackground; checkable: false; checked: false; focusable: false; focused: false; selected: false; clickable: false; longClickable: false; contextClickable: false; enabled: true; password: false; scrollable: false; importantForAccessibility: false; actions: [AccessibilityAction: ACTION_SELECT - null, AccessibilityAction: ACTION_CLEAR_SELECTION - null, AccessibilityAction: ACTION_ACCESSIBILITY_FOCUS - null, AccessibilityAction: ACTION_SHOW_ON_SCREEN - null]
03-19 23:40:53.172  6085 10664 I UIAutomatorStub: Skipping invisible child: android.view.accessibility.AccessibilityNodeInfo@84ca; boundsInParent: Rect(0, 0 - 1080, 126); boundsInScreen: Rect(0, 1794 - 1080, 1920); packageName: org.fossasia.phimpme; className: android.view.View; text: null; error: null; maxTextLength: -1; contentDescription: null; viewIdResName: android:id/navigationBarBackground; checkable: false; checked: false; focusable: false; focused: false; selected: false; clickable: false; longClickable: false; contextClickable: false; enabled: true; password: false; scrollable: false; importantForAccessibility: false; actions: [AccessibilityAction: ACTION_SELECT - null, AccessibilityAction: ACTION_CLEAR_SELECTION - null, AccessibilityAction: ACTION_ACCESSIBILITY_FOCUS - null, AccessibilityAction: ACTION_SHOW_ON_SCREEN - null]
03-19 23:40:53.172  6085 10664 I UIAutomatorStub: Fetch time: 2ms
03-19 23:40:54.467  6085 10671 D UIAutomatorStub: URI: /jsonrpc/0, Method: POST, Header: {content-length=117, remote-addr=127.0.0.1, http-client-ip=127.0.0.1, host=localhost:9008, content-type=application/json, connection=close, accept-encoding=identity, user-agent=Python-urllib/3.7}, params, {NanoHttpd.QUERY_STRING=null}, files: {postData={"jsonrpc": "2.0", "method": "dumpWindowHierarchy", "id": "ddeee897be649f67fb78ea59e950adf9", "params": [true, null]}}
03-19 23:40:54.475  6085 10671 I UIAutomatorStub: Skipping invisible child: android.view.accessibility.AccessibilityNodeInfo@8109; boundsInParent: Rect(0, 0 - 1080, 63); boundsInScreen: Rect(0, 0 - 1080, 63); packageName: org.fossasia.phimpme; className: android.view.View; text: null; error: null; maxTextLength: -1; contentDescription: null; viewIdResName: android:id/statusBarBackground; checkable: false; checked: false; focusable: false; focused: false; selected: false; clickable: false; longClickable: false; contextClickable: false; enabled: true; password: false; scrollable: false; importantForAccessibility: false; actions: [AccessibilityAction: ACTION_SELECT - null, AccessibilityAction: ACTION_CLEAR_SELECTION - null, AccessibilityAction: ACTION_ACCESSIBILITY_FOCUS - null, AccessibilityAction: ACTION_SHOW_ON_SCREEN - null]
03-19 23:40:54.475  6085 10671 I UIAutomatorStub: Skipping invisible child: android.view.accessibility.AccessibilityNodeInfo@84ca; boundsInParent: Rect(0, 0 - 1080, 126); boundsInScreen: Rect(0, 1794 - 1080, 1920); packageName: org.fossasia.phimpme; className: android.view.View; text: null; error: null; maxTextLength: -1; contentDescription: null; viewIdResName: android:id/navigationBarBackground; checkable: false; checked: false; focusable: false; focused: false; selected: false; clickable: false; longClickable: false; contextClickable: false; enabled: true; password: false; scrollable: false; importantForAccessibility: false; actions: [AccessibilityAction: ACTION_SELECT - null, AccessibilityAction: ACTION_CLEAR_SELECTION - null, AccessibilityAction: ACTION_ACCESSIBILITY_FOCUS - null, AccessibilityAction: ACTION_SHOW_ON_SCREEN - null]
03-19 23:40:54.475  6085 10671 I UIAutomatorStub: Fetch time: 2ms
03-19 23:40:55.679 10674 10674 D AndroidRuntime: >>>>>> START com.android.internal.os.RuntimeInit uid 2000 <<<<<<
03-19 23:40:55.726 10674 10674 W app_process: Unexpected CPU variant for X86 using defaults: x86
03-19 23:40:55.728 10674 10674 I app_process: The ClassLoaderContext is a special shared library.
03-19 23:40:55.744 10674 10674 D AndroidRuntime: Calling main entry com.android.commands.input.Input
03-19 23:40:55.747 10674 10674 I Input   : injectMotionEvent: MotionEvent { action=ACTION_DOWN, actionButton=0, id[0]=0, x[0]=900.0, y[0]=1720.0, toolType[0]=TOOL_TYPE_UNKNOWN, buttonState=0, metaState=0, flags=0x0, edgeFlags=0x0, pointerCount=1, historySize=0, eventTime=8211456, downTime=8211456, deviceId=0, source=0x1002 }
03-19 23:40:55.750 10674 10674 I Input   : injectMotionEvent: MotionEvent { action=ACTION_UP, actionButton=0, id[0]=0, x[0]=900.0, y[0]=1720.0, toolType[0]=TOOL_TYPE_UNKNOWN, buttonState=0, metaState=0, flags=0x0, edgeFlags=0x0, pointerCount=1, historySize=0, eventTime=8211456, downTime=8211456, deviceId=0, source=0x1002 }
03-19 23:40:55.753 10674 10674 D AndroidRuntime: Shutting down VM
03-19 23:40:55.760  1662  2491 I ActivityManager: START u0 {flg=0x4000000 cmp=org.fossasia.phimpme/.accounts.AccountActivity} from uid 10112
03-19 23:40:55.766  1431  4977 W audio_hw_generic: Not supplying enough data to HAL, expected position 98489744 , only wrote 98489520
03-19 23:40:55.818  1431  4977 W audio_hw_generic: Not supplying enough data to HAL, expected position 98492008 , only wrote 98490960
03-19 23:40:55.839  1662  1683 I WifiService: requestActivityInfo uid=1000
03-19 23:40:55.840  1662  1683 I WifiService: reportActivityInfo uid=1000
03-19 23:40:55.840  1662  1683 I WifiService: getSupportedFeatures uid=1000
03-19 23:40:55.852  1662  1679 E memtrack: Couldn't load memtrack module
03-19 23:40:55.852  1662  1679 W android.os.Debug: failed to get memory consumption info: -1
03-19 23:40:55.865  1529  1572 D AudioFlinger: mixer(0xf1a832c0) throttle end: throttle time(7)
03-19 23:40:55.867 10279 10284 I zygote  : Do full code cache collection, code=123KB, data=89KB
03-19 23:40:55.868 10279 10284 I zygote  : After code cache collection, code=98KB, data=57KB
03-19 23:40:55.907 10279 10279 I zygote  : Deoptimizing android.view.View lt$a.onCreateView(android.view.View, java.lang.String, android.content.Context, android.util.AttributeSet) due to JIT inline cache
03-19 23:40:55.913 10279 10279 I AppCompatViewInflater: app:theme is now deprecated. Please move to using android:theme instead.
03-19 23:40:55.936 10279 10279 I zygote  : Deoptimizing void ls.b(android.view.View, android.content.Context, android.util.AttributeSet) due to JIT inline cache
03-19 23:40:55.985  1439  1489 D gralloc_ranchu: gralloc_alloc: Creating ashmem region of size 8298496
03-19 23:40:55.986  1449  1733 D         : HostConnection::get() New Host Connection established 0xf3321880, tid 1733
03-19 23:40:55.987  1439  1489 D gralloc_ranchu: gralloc_alloc: Creating ashmem region of size 8298496
03-19 23:40:55.989  1439  1489 D gralloc_ranchu: gralloc_alloc: Creating ashmem region of size 8298496
03-19 23:40:55.996 10279 10279 I AppCompatViewInflater: app:theme is now deprecated. Please move to using android:theme instead.
03-19 23:40:56.004 10279 10284 I zygote  : Do partial code cache collection, code=104KB, data=67KB
03-19 23:40:56.007 10279 10284 I zygote  : After code cache collection, code=101KB, data=66KB
03-19 23:40:56.007 10279 10284 I zygote  : Increasing code cache capacity to 512KB
03-19 23:40:56.012 10279 10279 I AppCompatViewInflater: app:theme is now deprecated. Please move to using android:theme instead.
03-19 23:40:56.039 10279 10279 I chatty  : uid=10112(org.fossasia.phimpme) identical 5 lines
03-19 23:40:56.043 10279 10279 I AppCompatViewInflater: app:theme is now deprecated. Please move to using android:theme instead.
03-19 23:40:56.046 10279 10279 I zygote  : Deoptimizing android.view.View android.support.v7.widget.ViewBoundsCheck.a(int, int, int, int) due to JIT inline cache
03-19 23:40:56.047 10279 10279 I zygote  : Deoptimizing int android.support.v7.widget.RecyclerView$LayoutManager$2.a(android.view.View) due to JIT inline cache
03-19 23:40:56.047 10279 10279 I zygote  : Deoptimizing int android.support.v7.widget.RecyclerView$LayoutManager.getDecoratedTop(android.view.View) due to JIT inline cache
03-19 23:40:56.047 10279 10279 I zygote  : Deoptimizing int android.support.v7.widget.RecyclerView$LayoutManager$2.b(android.view.View) due to JIT inline cache
03-19 23:40:56.047 10279 10279 I zygote  : Deoptimizing int android.support.v7.widget.RecyclerView$LayoutManager.getDecoratedBottom(android.view.View) due to JIT inline cache
03-19 23:40:56.047 10279 10279 I zygote  : Deoptimizing int android.support.v7.widget.RecyclerView$LayoutManager.getPosition(android.view.View) due to JIT inline cache
03-19 23:40:56.048 10279 10279 I zygote  : Deoptimizing int android.support.v7.widget.OrientationHelper$2.getDecoratedEnd(android.view.View) due to JIT inline cache
03-19 23:40:56.048 10279 10279 I zygote  : Deoptimizing int android.support.v7.widget.OrientationHelper$2.getDecoratedStart(android.view.View) due to JIT inline cache
03-19 23:40:56.054 10279 10693 D Twitter : Using AdvertisingInfo from Service Provider
03-19 23:40:56.060 10279 10279 I zygote  : Deoptimizing void android.support.v7.widget.Toolbar.onMeasure(int, int) due to JIT inline cache
03-19 23:40:56.074 10279 10315 D EGL_emulation: eglMakeCurrent: 0xe9b85ea0: ver 3 0 (tinfo 0xd213d5b0)
03-19 23:40:56.139  2081  2533 E SQLiteDatabase: Error inserting period=7062000 preferred_charging_state=1 preferred_network_type=1 target_class=com.google.android.gms.measurement.PackageMeasurementTaskService required_network_type=0 runtime=1679283656119 required_idleness_state=0 source=16 service_kind=0 target_package=com.google.android.gms persistence_level=1 source_version=202414000 last_runtime=0 user_id=0 job_id=-1 requires_charging=0 tag=Measurement.PackageMeasurementTaskService.UPLOAD_TASK_TAG flex_time=3530000 task_type=0 retry_strategy={"maximum_backoff_seconds":{"3600":0},"initial_backoff_seconds":{"30":0},"retry_policy":{"0":0}}
