07-01 01:53:56.924  1145  1145 I app_process: The ClassLoaderContext is a special shared library.
07-01 01:53:56.925  1145  1145 I app_process: The ClassLoaderContext is a special shared library.
07-01 01:53:56.940  1145  1145 D AndroidRuntime: Calling main entry com.android.commands.uiautomator.Launcher
07-01 01:53:57.961  1145  1145 I AccessibilityNodeInfoDumper: Skipping invisible child: android.view.accessibility.AccessibilityNodeInfo@187a5; boundsInParent: Rect(0, 0 - 0, 126); boundsInScreen: Rect(231, 955 - 231, 1081); packageName: com.google.android.packageinstaller; className: android.widget.LinearLayout; text: null; error: null; maxTextLength: -1; contentDescription: null; viewIdResName: null; checkable: false; checked: false; focusable: false; focused: false; selected: false; clickable: false; longClickable: false; contextClickable: false; enabled: true; password: false; scrollable: false; importantForAccessibility: false; actions: [AccessibilityAction: ACTION_SELECT - null, AccessibilityAction: ACTION_CLEAR_SELECTION - null, AccessibilityAction: ACTION_ACCESSIBILITY_FOCUS - null, AccessibilityAction: ACTION_SHOW_ON_SCREEN - null]
07-01 01:53:57.962  1145  1145 W AccessibilityNodeInfoDumper: Fetch time: 5ms
07-01 01:53:57.962  1675 22554 W WindowManager: removeWindowToken: Attempted to remove non-existing token: android.os.Binder@36c8422
07-01 01:53:57.971  1145  1145 D AndroidRuntime: Shutting down VM
07-01 01:53:58.212  1162  1162 D AndroidRuntime: >>>>>> START com.android.internal.os.RuntimeInit uid 2000 <<<<<<
07-01 01:53:58.248  1162  1162 W app_process: Unexpected CPU variant for X86 using defaults: x86
07-01 01:53:58.250  1162  1162 I app_process: The ClassLoaderContext is a special shared library.
07-01 01:53:58.263  1162  1162 D AndroidRuntime: Calling main entry com.android.commands.monkey.Monkey
07-01 01:53:58.265  1162  1162 W Monkey  : args: [-p, org.fossasia.phimpme, -c, android.intent.category.LAUNCHER, 1]
07-01 01:53:58.265  1162  1162 W Monkey  :  arg: "-p"
07-01 01:53:58.265  1162  1162 W Monkey  :  arg: "org.fossasia.phimpme"
07-01 01:53:58.266  1162  1162 W Monkey  :  arg: "-c"
07-01 01:53:58.266  1162  1162 W Monkey  :  arg: "android.intent.category.LAUNCHER"
07-01 01:53:58.266  1162  1162 W Monkey  :  arg: "1"
07-01 01:53:58.266  1162  1162 W Monkey  : data="org.fossasia.phimpme"
07-01 01:53:58.266  1162  1162 W Monkey  : data="android.intent.category.LAUNCHER"
07-01 01:53:58.277  1675  1690 W BroadcastQueue: Skipping deliver [background] BroadcastRecord{af2c06e u-1 android.net.conn.CONNECTIVITY_CHANGE} to ReceiverList{311a30f 1162 (unknown name)/2000/u-1 remote:45ebc70}: process gone or crashing
07-01 01:53:58.289  1675 22554 I ActivityManager: START u0 {act=android.intent.action.MAIN cat=[android.intent.category.LAUNCHER] flg=0x10200000 cmp=org.fossasia.phimpme/.gallery.activities.SplashScreen} from uid 2000
07-01 01:53:58.289  1675 22554 W Binder  : Outgoing transactions from this process must be FLAG_ONEWAY
07-01 01:53:58.289  1675 22554 W Binder  : java.lang.Throwable
07-01 01:53:58.289  1675 22554 W Binder  : 	at android.os.BinderProxy.transact(Binder.java:752)
07-01 01:53:58.289  1675 22554 W Binder  : 	at android.app.IActivityController$Stub$Proxy.activityStarting(IActivityController.java:172)
07-01 01:53:58.289  1675 22554 W Binder  : 	at com.android.server.am.ActivityStarter.startActivity(ActivityStarter.java:449)
07-01 01:53:58.289  1675 22554 W Binder  : 	at com.android.server.am.ActivityStarter.startActivityLocked(ActivityStarter.java:278)
07-01 01:53:58.289  1675 22554 W Binder  : 	at com.android.server.am.ActivityStarter.startActivityMayWait(ActivityStarter.java:817)
07-01 01:53:58.289  1675 22554 W Binder  : 	at com.android.server.am.ActivityManagerService.startActivityAsUser(ActivityManagerService.java:4532)
07-01 01:53:58.289  1675 22554 W Binder  : 	at com.android.server.am.ActivityManagerService.startActivity(ActivityManagerService.java:4519)
07-01 01:53:58.289  1675 22554 W Binder  : 	at android.app.IActivityManager$Stub.onTransact(IActivityManager.java:121)
07-01 01:53:58.289  1675 22554 W Binder  : 	at com.android.server.am.ActivityManagerService.onTransact(ActivityManagerService.java:2919)
07-01 01:53:58.289  1675 22554 W Binder  : 	at android.os.Binder.execTransact(Binder.java:697)
07-01 01:53:58.295  1162  1162 I Monkey  : Events injected: 1
07-01 01:53:58.351  1162  1162 I Monkey  : ## Network stats: elapsed time=44ms (0ms mobile, 0ms wifi, 44ms not connected)
07-01 01:53:58.352  1162  1162 I com.android.commands.monkey: System.exit called, status: 0
07-01 01:53:58.352  1162  1162 I AndroidRuntime: VM exiting with result code 0.
07-01 01:53:58.649 25033 25068 W native  : jpeg_io.cc:108 File's first two bytes does not match the sequence 216
07-01 01:54:13.579  1179  1179 D AndroidRuntime: >>>>>> START com.android.internal.os.RuntimeInit uid 2000 <<<<<<
07-01 01:54:13.619  1179  1179 W app_process: Unexpected CPU variant for X86 using defaults: x86
07-01 01:54:13.621  1179  1179 I app_process: The ClassLoaderContext is a special shared library.
07-01 01:54:13.621  1179  1179 I app_process: The ClassLoaderContext is a special shared library.
07-01 01:54:13.638  1179  1179 D AndroidRuntime: Calling main entry com.android.commands.uiautomator.Launcher
07-01 01:54:14.661  1179  1179 I AccessibilityNodeInfoDumper: Skipping invisible child: android.view.accessibility.AccessibilityNodeInfo@187ae; boundsInParent: Rect(0, 0 - 0, 126); boundsInScreen: Rect(231, 955 - 231, 1081); packageName: com.google.android.packageinstaller; className: android.widget.LinearLayout; text: null; error: null; maxTextLength: -1; contentDescription: null; viewIdResName: null; checkable: false; checked: false; focusable: false; focused: false; selected: false; clickable: false; longClickable: false; contextClickable: false; enabled: true; password: false; scrollable: false; importantForAccessibility: false; actions: [AccessibilityAction: ACTION_SELECT - null, AccessibilityAction: ACTION_CLEAR_SELECTION - null, AccessibilityAction: ACTION_ACCESSIBILITY_FOCUS - null, AccessibilityAction: ACTION_SHOW_ON_SCREEN - null]
07-01 01:54:14.661  1179  1179 W AccessibilityNodeInfoDumper: Fetch time: 4ms
07-01 01:54:14.662  1675  1686 W WindowManager: removeWindowToken: Attempted to remove non-existing token: android.os.Binder@f2572e7
07-01 01:54:14.671  1179  1179 D AndroidRuntime: Shutting down VM
07-01 01:54:14.858  1191  1191 D AndroidRuntime: >>>>>> START com.android.internal.os.RuntimeInit uid 2000 <<<<<<
07-01 01:54:14.893  1191  1191 W app_process: Unexpected CPU variant for X86 using defaults: x86
07-01 01:54:14.895  1191  1191 I app_process: The ClassLoaderContext is a special shared library.
07-01 01:54:14.909  1191  1191 D AndroidRuntime: Calling main entry com.android.commands.input.Input
07-01 01:54:14.912  1191  1191 I Input   : injectMotionEvent: MotionEvent { action=ACTION_DOWN, actionButton=0, id[0]=0, x[0]=783.0, y[0]=1018.0, toolType[0]=TOOL_TYPE_UNKNOWN, buttonState=0, metaState=0, flags=0x0, edgeFlags=0x0, pointerCount=1, historySize=0, eventTime=38531172, downTime=38531172, deviceId=0, source=0x1002 }
07-01 01:54:14.914  1191  1191 I Input   : injectMotionEvent: MotionEvent { action=ACTION_UP, actionButton=0, id[0]=0, x[0]=783.0, y[0]=1018.0, toolType[0]=TOOL_TYPE_UNKNOWN, buttonState=0, metaState=0, flags=0x0, edgeFlags=0x0, pointerCount=1, historySize=0, eventTime=38531172, downTime=38531172, deviceId=0, source=0x1002 }
07-01 01:54:14.916  1191  1191 D AndroidRuntime: Shutting down VM
07-01 01:54:14.924  1675  1675 I GnssLocationProvider: WakeLock acquired by sendMessage(SET_REQUEST, 0, com.android.server.location.GnssLocationProvider$GpsRequest@7ab0932)
07-01 01:54:14.927  1675  1689 I GnssLocationProvider: WakeLock released by handleMessage(SET_REQUEST, 0, com.android.server.location.GnssLocationProvider$GpsRequest@7ab0932)
07-01 01:54:14.931  1435  4658 W audio_hw_generic: Not supplying enough data to HAL, expected position 20973126 , only wrote 20972880
07-01 01:54:14.988  1435  4658 W audio_hw_generic: Not supplying enough data to HAL, expected position 20975578 , only wrote 20975040
07-01 01:54:14.988  1435  4658 W audio_hw_generic: Not supplying enough data to HAL, expected position 20975068 , only wrote 20975040
07-01 01:54:15.053 31004 31021 D EGL_emulation: eglMakeCurrent: 0xdbd852a0: ver 3 0 (tinfo 0xdbd832e0)
07-01 01:54:15.063 31761  1206 V NuMediaExtractor: setDataSource fd=63 (/data/app/org.fossasia.phimpme-Nd9WefANFGRPov4pG8fcFg==/base.apk), offset=31488924, length=7629
07-01 01:54:15.065  1675 22554 I ActivityManager: START u0 {act=android.content.pm.action.REQUEST_PERMISSIONS pkg=com.google.android.packageinstaller cmp=com.google.android.packageinstaller/com.android.packageinstaller.permission.ui.GrantPermissionsActivity (has extras)} from uid 10116
07-01 01:54:15.067 31761  1206 V NuMediaExtractor: track of type 'audio/vorbis' does not publish bitrate
07-01 01:54:15.074 31761  1207 I OMXClient: Treble IOmx obtained
07-01 01:54:15.075  1559  1604 I OMXMaster: makeComponentInstance(OMX.google.vorbis.decoder) in omx@1.0-service process
07-01 01:54:15.078  1559  1604 E OMXNodeInstance: getConfig(0xe9020a80:google.vorbis.decoder, ConfigAndroidVendorExtension(0x6f100004)) ERROR: Undefined(0x80001001)
07-01 01:54:15.080  1434  1434 W /system/bin/hw/android.hidl.allocator@1.0-service: ashmem_create_region(32768) returning hidl_memory(0xe729b850, 32768)
07-01 01:54:15.081  1434  1434 I chatty  : uid=1000(system) allocator@1.0-s identical 6 lines
07-01 01:54:15.081  1434  1434 W /system/bin/hw/android.hidl.allocator@1.0-service: ashmem_create_region(32768) returning hidl_memory(0xe729b850, 32768)
07-01 01:54:15.095  1821  2022 D EGL_emulation: eglMakeCurrent: 0xcaa53860: ver 3 0 (tinfo 0xcacfc4e0)
07-01 01:54:15.096  1434  1434 W /system/bin/hw/android.hidl.allocator@1.0-service: ashmem_create_region(32768) returning hidl_memory(0xe729b850, 32768)
07-01 01:54:15.098  1434  1434 I chatty  : uid=1000(system) allocator@1.0-s identical 2 lines
07-01 01:54:15.099  1434  1434 W /system/bin/hw/android.hidl.allocator@1.0-service: ashmem_create_region(32768) returning hidl_memory(0xe729b850, 32768)
07-01 01:54:15.103  1675  1693 I WifiService: requestActivityInfo uid=1000
07-01 01:54:15.103  1675  1693 I WifiService: reportActivityInfo uid=1000
07-01 01:54:15.103  1675  1693 I WifiService: getSupportedFeatures uid=1000
07-01 01:54:15.162  1821  1821 D StatusBar: disable<e i a s b h r c s q >
07-01 01:54:15.168  1821  2022 D EGL_emulation: eglMakeCurrent: 0xcaa53860: ver 3 0 (tinfo 0xcacfc4e0)
07-01 01:54:15.198  1675 22554 D VoldConnector: SND -> {48 volume remount_uid 10116 write}
07-01 01:54:15.188  1821  2022 D EGL_emulation: eglMakeCurrent: 0xcaa53860: ver 3 0 (tinfo 0xcacfc4e0)
07-01 01:54:15.198  1675  1675 I GnssLocationProvider: WakeLock acquired by sendMessage(SET_REQUEST, 0, com.android.server.location.GnssLocationProvider$GpsRequest@bbfe673)
07-01 01:54:15.201  1391  1396 D vold    : Remounting 10116 as mode write
07-01 01:54:15.204  1675  1689 I GnssLocationProvider: WakeLock released by handleMessage(SET_REQUEST, 0, com.android.server.location.GnssLocationProvider$GpsRequest@bbfe673)
07-01 01:54:15.208  1391  1396 D vold    : Found matching PID 31761
07-01 01:54:15.258  1444  1444 D gralloc_ranchu: gralloc_unregister_buffer: exiting HostConnection (is buffer-handling thread)
07-01 01:54:15.259  1444  1444 D         : HostConnection::get() New Host Connection established 0xe99a3900, tid 1444
07-01 01:54:15.260  1444  1444 D gralloc_ranchu: gralloc_unregister_buffer: exiting HostConnection (is buffer-handling thread)
07-01 01:54:15.260  1444  1444 D         : HostConnection::get() New Host Connection established 0xe99a3900, tid 1444
07-01 01:54:15.261  1444  1444 D gralloc_ranchu: gralloc_unregister_buffer: exiting HostConnection (is buffer-handling thread)
07-01 01:54:15.261  1444  1444 D         : HostConnection::get() New Host Connection established 0xe99a3900, tid 1444
07-01 01:54:15.261  1444  1444 D gralloc_ranchu: gralloc_unregister_buffer: exiting HostConnection (is buffer-handling thread)
07-01 01:54:15.262  1444  1444 D         : HostConnection::get() New Host Connection established 0xe99a3900, tid 1444
07-01 01:54:15.262  1444  1444 D gralloc_ranchu: gralloc_unregister_buffer: exiting HostConnection (is buffer-handling thread)
07-01 01:54:15.263  1444  1444 D         : HostConnection::get() New Host Connection established 0xe99a3900, tid 1444
07-01 01:54:15.263  1444  1444 D gralloc_ranchu: gralloc_unregister_buffer: exiting HostConnection (is buffer-handling thread)
07-01 01:54:15.266  1444  1444 D         : HostConnection::get() New Host Connection established 0xe99a3900, tid 1444
07-01 01:54:15.409  1675  1746 D VoldConnector: RCV <- {200 48 Command succeeded}
07-01 01:54:15.430  1821  1821 D StatusBar: disable<e i a s b h r c s q >
07-01 01:54:15.439  1453  1453 W SurfaceFlinger: couldn't log to binary event log: overflow.
07-01 01:54:15.440  1821  2022 D EGL_emulation: eglMakeCurrent: 0xcaa53860: ver 3 0 (tinfo 0xcacfc4e0)
07-01 01:54:15.453 31761  1215 V NuMediaExtractor: setDataSource fd=63 (/data/app/org.fossasia.phimpme-Nd9WefANFGRPov4pG8fcFg==/base.apk), offset=31488924, length=7629
07-01 01:54:15.457  1548  1250 I CameraService: CameraService::connect call (PID -1 "org.fossasia.phimpme", camera ID 0) for HAL version default and Camera API version 1
07-01 01:54:15.461  1555  4100 D NuPlayerDriver: NuPlayerDriver(0xecd140e0) created, clientPid(1548)
07-01 01:54:15.467 31761  1215 V NuMediaExtractor: track of type 'audio/vorbis' does not publish bitrate
07-01 01:54:15.472 31761  1217 I OMXClient: Treble IOmx obtained
07-01 01:54:15.472  1559  1604 I OMXMaster: makeComponentInstance(OMX.google.vorbis.decoder) in omx@1.0-service process
07-01 01:54:15.474  1559  1604 E OMXNodeInstance: getConfig(0xe9020a80:google.vorbis.decoder, ConfigAndroidVendorExtension(0x6f100004)) ERROR: Undefined(0x80001001)
07-01 01:54:15.478  1434  1434 W /system/bin/hw/android.hidl.allocator@1.0-service: ashmem_create_region(32768) returning hidl_memory(0xe729b850, 32768)
07-01 01:54:15.478  1434  1434 I chatty  : uid=1000(system) allocator@1.0-s identical 1 line
07-01 01:54:15.479  1434  1434 W /system/bin/hw/android.hidl.allocator@1.0-service: ashmem_create_region(32768) returning hidl_memory(0xe729b850, 32768)
07-01 01:54:15.479  1555  1216 D NuPlayerDriver: notifyListener_l(0xecd140e0), (1, 0, 0, -1), loop setting(0, 0)
07-01 01:54:15.479  1434  1434 W /system/bin/hw/android.hidl.allocator@1.0-service: ashmem_create_region(32768) returning hidl_memory(0xe729b850, 32768)
07-01 01:54:15.481  1555  4100 D NuPlayerDriver: NuPlayerDriver(0xecd141c0) created, clientPid(1548)
07-01 01:54:15.481  1434  1434 W /system/bin/hw/android.hidl.allocator@1.0-service: ashmem_create_region(32768) returning hidl_memory(0xe729b850, 32768)
07-01 01:54:15.483  1434  1434 I chatty  : uid=1000(system) allocator@1.0-s identical 2 lines
07-01 01:54:15.483  1434  1434 W /system/bin/hw/android.hidl.allocator@1.0-service: ashmem_create_region(32768) returning hidl_memory(0xe729b850, 32768)
07-01 01:54:15.488  1555  1221 D NuPlayerDriver: notifyListener_l(0xecd141c0), (1, 0, 0, -1), loop setting(0, 0)
07-01 01:54:15.489  1555  1898 D NuPlayerDriver: NuPlayerDriver(0xee625a10) created, clientPid(1548)
07-01 01:54:15.495  1434  1434 W /system/bin/hw/android.hidl.allocator@1.0-service: ashmem_create_region(32768) returning hidl_memory(0xe729b850, 32768)
07-01 01:54:15.496  1434  1434 I chatty  : uid=1000(system) allocator@1.0-s identical 2 lines
07-01 01:54:15.496  1434  1434 W /system/bin/hw/android.hidl.allocator@1.0-service: ashmem_create_region(32768) returning hidl_memory(0xe729b850, 32768)
07-01 01:54:15.499  1555  1223 D NuPlayerDriver: notifyListener_l(0xee625a10), (1, 0, 0, -1), loop setting(0, 0)
07-01 01:54:15.499  1548  1250 I Camera2ClientBase: Camera 0: Opened. Client: org.fossasia.phimpme (PID 31761, UID 10116)
07-01 01:54:15.506  1548  1250 I Camera2-Parameters: initialize: allowZslMode: 0 slowJpegMode 0
07-01 01:54:15.526  1548  1250 E Camera3-Device: configureStreams: Stream 1: DataSpace override not allowed for format 0x21
07-01 01:54:15.527  1548  1250 D Camera3-Device: Set real time priority for request queue thread (tid 1228)
07-01 01:54:15.528  1443 25077 D gralloc_ranchu: gralloc_alloc: Creating ashmem region of size 4919296
07-01 01:54:15.531  1548  1228 D         : HostConnection::get() New Host Connection established 0xe8e48b00, tid 1228
07-01 01:54:15.547  1436  1568 D         : HostConnection::get() New Host Connection established 0xf0198140, tid 1568
07-01 01:54:15.574 31761  1215 V NuMediaExtractor: setDataSource fd=68 (/data/app/org.fossasia.phimpme-Nd9WefANFGRPov4pG8fcFg==/base.apk), offset=31496612, length=7708
07-01 01:54:15.575  1443 25077 D gralloc_ranchu: gralloc_alloc: Creating ashmem region of size 4919296
07-01 01:54:15.592 31761  1215 V NuMediaExtractor: track of type 'audio/vorbis' does not publish bitrate
07-01 01:54:15.599 31761  1237 I OMXClient: Treble IOmx obtained
07-01 01:54:15.599  1559  1604 I OMXMaster: makeComponentInstance(OMX.google.vorbis.decoder) in omx@1.0-service process
07-01 01:54:15.600  1559  1604 E OMXNodeInstance: getConfig(0xe9020a80:google.vorbis.decoder, ConfigAndroidVendorExtension(0x6f100004)) ERROR: Undefined(0x80001001)
07-01 01:54:15.601  1434  1434 W /system/bin/hw/android.hidl.allocator@1.0-service: ashmem_create_region(32768) returning hidl_memory(0xe729b850, 32768)
07-01 01:54:15.605  1434  1434 I chatty  : uid=1000(system) allocator@1.0-s identical 6 lines
07-01 01:54:15.606  1434  1434 W /system/bin/hw/android.hidl.allocator@1.0-service: ashmem_create_region(32768) returning hidl_memory(0xe729b850, 32768)
07-01 01:54:15.608  1436  1225 I EmulatedCamera3_QemuSensor: captureRGBA: Dimensions for the current request (1280x960) differ from the previous request (-1x-1). Restarting camera
07-01 01:54:15.904  1435  4658 W audio_hw_generic: Not supplying enough data to HAL, expected position 21019006 , only wrote 21007440
07-01 01:54:15.905  1435  4658 W audio_hw_generic: Not supplying enough data to HAL, expected position 21007465 , only wrote 21007440
07-01 01:54:15.906  1443 25077 D gralloc_ranchu: gralloc_alloc: Creating ashmem region of size 4919296
07-01 01:54:15.920  1453  1479 D         : HostConnection::get() New Host Connection established 0xf5ba1340, tid 1479
07-01 01:54:15.921  1436  1226 D         : HostConnection::get() New Host Connection established 0xf01981c0, tid 1226
07-01 01:54:15.930  1434  1434 W /system/bin/hw/android.hidl.allocator@1.0-service: ashmem_create_region(32768) returning hidl_memory(0xe729b850, 32768)
07-01 01:54:15.931  1434  1434 I chatty  : uid=1000(system) allocator@1.0-s identical 2 lines
07-01 01:54:15.932  1434  1434 W /system/bin/hw/android.hidl.allocator@1.0-service: ashmem_create_region(32768) returning hidl_memory(0xe729b850, 32768)
07-01 01:54:15.998  1443 25077 D gralloc_ranchu: gralloc_alloc: Creating ashmem region of size 4919296
07-01 01:54:16.180 31761 31766 I zygote  : Do partial code cache collection, code=228KB, data=157KB
07-01 01:54:16.182 31761 31766 I zygote  : After code cache collection, code=223KB, data=155KB
07-01 01:54:16.182 31761 31766 I zygote  : Increasing code cache capacity to 1024KB
07-01 01:54:18.246  1435  1595 W audio_hw_generic: Not supplying enough data to HAL, expected position 21230979 , only wrote 21119760
07-01 01:54:19.198  1784  1784 W LstmExtension: no lmDescriptor could be found for en_US/20170411
07-01 01:54:19.199  1784  1784 W LstmExtension: no lmDescriptor could be found for en_US/20170411
07-01 01:54:19.478  1257  1257 D AndroidRuntime: >>>>>> START com.android.internal.os.RuntimeInit uid 2000 <<<<<<
07-01 01:54:19.563  1257  1257 W app_process: Unexpected CPU variant for X86 using defaults: x86
07-01 01:54:19.565  1257  1257 I app_process: The ClassLoaderContext is a special shared library.
07-01 01:54:19.566  1257  1257 I app_process: The ClassLoaderContext is a special shared library.
07-01 01:54:19.588  1257  1257 D AndroidRuntime: Calling main entry com.android.commands.uiautomator.Launcher
07-01 01:54:20.617  1257  1257 I AccessibilityNodeInfoDumper: Skipping invisible child: android.view.accessibility.AccessibilityNodeInfo@405e2; boundsInParent: Rect(0, 0 - 0, 0); boundsInScreen: Rect(1080, 0 - 1080, 0); packageName: org.fossasia.phimpme; className: android.widget.Button; text: null; error: null; maxTextLength: -1; contentDescription: null; viewIdResName: org.fossasia.phimpme:id/gui_anchor; checkable: false; checked: false; focusable: true; focused: false; selected: false; clickable: true; longClickable: false; contextClickable: false; enabled: true; password: false; scrollable: false; importantForAccessibility: true; actions: [AccessibilityAction: ACTION_FOCUS - null, AccessibilityAction: ACTION_SELECT - null, AccessibilityAction: ACTION_CLEAR_SELECTION - null, AccessibilityAction: ACTION_CLICK - null, AccessibilityAction: ACTION_ACCESSIBILITY_FOCUS - null, AccessibilityAction: ACTION_SHOW_ON_SCREEN - null]
07-01 01:54:20.619  1257  1257 I AccessibilityNodeInfoDumper: Skipping invisible child: android.view.accessibility.AccessibilityNodeInfo@41125; boundsInParent: Rect(0, 0 - 0, 0); boundsInScreen: Rect(540, 823 - 540, 823); packageName: org.fossasia.phimpme; className: android.widget.LinearLayout; text: null; error: null; maxTextLength: -1; contentDescription: null; viewIdResName: org.fossasia.phimpme:id/sliders_container; checkable: false; checked: false; focusable: false; focused: false; selected: false; clickable: false; longClickable: false; contextClickable: false; enabled: true; password: false; scrollable: false; importantForAccessibility: false; actions: [AccessibilityAction: ACTION_SELECT - null, AccessibilityAction: ACTION_CLEAR_SELECTION - null, AccessibilityAction: ACTION_ACCESSIBILITY_FOCUS - null, AccessibilityAction: ACTION_SHOW_ON_SCREEN - null]
07-01 01:54:20.620  1257  1257 I AccessibilityNodeInfoDumper: Skipping invisible child: android.view.accessibility.AccessibilityNodeInfo@42029; boundsInParent: Rect(0, 0 - 0, 1496); boundsInScreen: Rect(1060, 151 - 1060, 1647); packageName: org.fossasia.phimpme; className: android.widget.ScrollView; text: null; error: null; maxTextLength: -1; contentDescription: null; viewIdResName: org.fossasia.phimpme:id/popup_container; checkable: false; checked: false; focusable: true; focused: false; selected: false; clickable: false; longClickable: false; contextClickable: false; enabled: true; password: false; scrollable: false; importantForAccessibility: true; actions: [AccessibilityAction: ACTION_FOCUS - null, AccessibilityAction: ACTION_SELECT - null, AccessibilityAction: ACTION_CLEAR_SELECTION - null, AccessibilityAction: ACTION_ACCESSIBILITY_FOCUS - null, AccessibilityAction: ACTION_SHOW_ON_SCREEN - null]
07-01 01:54:20.621  1257  1257 I app_process: Deoptimizing java.lang.String com.android.uiautomator.core.AccessibilityNodeInfoDumper.stripInvalidXMLChars(java.lang.CharSequence) due to JIT inline cache
07-01 01:54:20.626  1257  1257 W AccessibilityNodeInfoDumper: Fetch time: 10ms
07-01 01:54:20.626  1675 22554 W WindowManager: removeWindowToken: Attempted to remove non-existing token: android.os.Binder@fe81e48
07-01 01:54:20.642  1257  1257 D AndroidRuntime: Shutting down VM
07-01 01:54:21.533  1283  1283 D AndroidRuntime: >>>>>> START com.android.internal.os.RuntimeInit uid 2000 <<<<<<
07-01 01:54:21.603  1283  1283 W app_process: Unexpected CPU variant for X86 using defaults: x86
07-01 01:54:21.605  1283  1283 I app_process: The ClassLoaderContext is a special shared library.
07-01 01:54:21.606  1283  1283 I app_process: The ClassLoaderContext is a special shared library.
07-01 01:54:21.620  1283  1283 D AndroidRuntime: Calling main entry com.android.commands.uiautomator.Launcher
07-01 01:54:22.651  1283  1283 I AccessibilityNodeInfoDumper: Skipping invisible child: android.view.accessibility.AccessibilityNodeInfo@405ee; boundsInParent: Rect(0, 0 - 0, 0); boundsInScreen: Rect(1080, 0 - 1080, 0); packageName: org.fossasia.phimpme; className: android.widget.Button; text: null; error: null; maxTextLength: -1; contentDescription: null; viewIdResName: org.fossasia.phimpme:id/gui_anchor; checkable: false; checked: false; focusable: true; focused: false; selected: false; clickable: true; longClickable: false; contextClickable: false; enabled: true; password: false; scrollable: false; importantForAccessibility: true; actions: [AccessibilityAction: ACTION_FOCUS - null, AccessibilityAction: ACTION_SELECT - null, AccessibilityAction: ACTION_CLEAR_SELECTION - null, AccessibilityAction: ACTION_CLICK - null, AccessibilityAction: ACTION_ACCESSIBILITY_FOCUS - null, AccessibilityAction: ACTION_SHOW_ON_SCREEN - null]
07-01 01:54:22.652  1283  1283 I AccessibilityNodeInfoDumper: Skipping invisible child: android.view.accessibility.AccessibilityNodeInfo@41131; boundsInParent: Rect(0, 0 - 0, 0); boundsInScreen: Rect(540, 823 - 540, 823); packageName: org.fossasia.phimpme; className: android.widget.LinearLayout; text: null; error: null; maxTextLength: -1; contentDescription: null; viewIdResName: org.fossasia.phimpme:id/sliders_container; checkable: false; checked: false; focusable: false; focused: false; selected: false; clickable: false; longClickable: false; contextClickable: false; enabled: true; password: false; scrollable: false; importantForAccessibility: false; actions: [AccessibilityAction: ACTION_SELECT - null, AccessibilityAction: ACTION_CLEAR_SELECTION - null, AccessibilityAction: ACTION_ACCESSIBILITY_FOCUS - null, AccessibilityAction: ACTION_SHOW_ON_SCREEN - null]
07-01 01:54:22.652  1283  1283 I AccessibilityNodeInfoDumper: Skipping invisible child: android.view.accessibility.AccessibilityNodeInfo@42035; boundsInParent: Rect(0, 0 - 0, 1496); boundsInScreen: Rect(1060, 151 - 1060, 1647); packageName: org.fossasia.phimpme; className: android.widget.ScrollView; text: null; error: null; maxTextLength: -1; contentDescription: null; viewIdResName: org.fossasia.phimpme:id/popup_container; checkable: false; checked: false; focusable: true; focused: false; selected: false; clickable: false; longClickable: false; contextClickable: false; enabled: true; password: false; scrollable: false; importantForAccessibility: true; actions: [AccessibilityAction: ACTION_FOCUS - null, AccessibilityAction: ACTION_SELECT - null, AccessibilityAction: ACTION_CLEAR_SELECTION - null, AccessibilityAction: ACTION_ACCESSIBILITY_FOCUS - null, AccessibilityAction: ACTION_SHOW_ON_SCREEN - null]
07-01 01:54:22.653  1283  1283 I app_process: Deoptimizing java.lang.String com.android.uiautomator.core.AccessibilityNodeInfoDumper.stripInvalidXMLChars(java.lang.CharSequence) due to JIT inline cache
07-01 01:54:22.656  1283  1283 W AccessibilityNodeInfoDumper: Fetch time: 7ms
07-01 01:54:22.657  1675  2520 W WindowManager: removeWindowToken: Attempted to remove non-existing token: android.os.Binder@5d7d206
07-01 01:54:22.670  1283  1283 D AndroidRuntime: Shutting down VM
07-01 01:54:22.952  1302  1302 D AndroidRuntime: >>>>>> START com.android.internal.os.RuntimeInit uid 2000 <<<<<<
07-01 01:54:22.995  1302  1302 W app_process: Unexpected CPU variant for X86 using defaults: x86
07-01 01:54:22.996  1302  1302 I app_process: The ClassLoaderContext is a special shared library.
07-01 01:54:22.996  1302  1302 I app_process: The ClassLoaderContext is a special shared library.
07-01 01:54:23.013  1302  1302 D AndroidRuntime: Calling main entry com.android.commands.uiautomator.Launcher
07-01 01:54:24.070  1302  1302 I AccessibilityNodeInfoDumper: Skipping invisible child: android.view.accessibility.AccessibilityNodeInfo@405f7; boundsInParent: Rect(0, 0 - 0, 0); boundsInScreen: Rect(1080, 0 - 1080, 0); packageName: org.fossasia.phimpme; className: android.widget.Button; text: null; error: null; maxTextLength: -1; contentDescription: null; viewIdResName: org.fossasia.phimpme:id/gui_anchor; checkable: false; checked: false; focusable: true; focused: false; selected: false; clickable: true; longClickable: false; contextClickable: false; enabled: true; password: false; scrollable: false; importantForAccessibility: true; actions: [AccessibilityAction: ACTION_FOCUS - null, AccessibilityAction: ACTION_SELECT - null, AccessibilityAction: ACTION_CLEAR_SELECTION - null, AccessibilityAction: ACTION_CLICK - null, AccessibilityAction: ACTION_ACCESSIBILITY_FOCUS - null, AccessibilityAction: ACTION_SHOW_ON_SCREEN - null]
07-01 01:54:24.071  1302  1302 I AccessibilityNodeInfoDumper: Skipping invisible child: android.view.accessibility.AccessibilityNodeInfo@4113a; boundsInParent: Rect(0, 0 - 0, 0); boundsInScreen: Rect(540, 823 - 540, 823); packageName: org.fossasia.phimpme; className: android.widget.LinearLayout; text: null; error: null; maxTextLength: -1; contentDescription: null; viewIdResName: org.fossasia.phimpme:id/sliders_container; checkable: false; checked: false; focusable: false; focused: false; selected: false; clickable: false; longClickable: false; contextClickable: false; enabled: true; password: false; scrollable: false; importantForAccessibility: false; actions: [AccessibilityAction: ACTION_SELECT - null, AccessibilityAction: ACTION_CLEAR_SELECTION - null, AccessibilityAction: ACTION_ACCESSIBILITY_FOCUS - null, AccessibilityAction: ACTION_SHOW_ON_SCREEN - null]
07-01 01:54:24.072  1302  1302 I AccessibilityNodeInfoDumper: Skipping invisible child: android.view.accessibility.AccessibilityNodeInfo@4203e; boundsInParent: Rect(0, 0 - 0, 1496); boundsInScreen: Rect(1060, 151 - 1060, 1647); packageName: org.fossasia.phimpme; className: android.widget.ScrollView; text: null; error: null; maxTextLength: -1; contentDescription: null; viewIdResName: org.fossasia.phimpme:id/popup_container; checkable: false; checked: false; focusable: true; focused: false; selected: false; clickable: false; longClickable: false; contextClickable: false; enabled: true; password: false; scrollable: false; importantForAccessibility: true; actions: [AccessibilityAction: ACTION_FOCUS - null, AccessibilityAction: ACTION_SELECT - null, AccessibilityAction: ACTION_CLEAR_SELECTION - null, AccessibilityAction: ACTION_ACCESSIBILITY_FOCUS - null, AccessibilityAction: ACTION_SHOW_ON_SCREEN - null]
07-01 01:54:24.072  1302  1302 I app_process: Deoptimizing java.lang.String com.android.uiautomator.core.AccessibilityNodeInfoDumper.stripInvalidXMLChars(java.lang.CharSequence) due to JIT inline cache
07-01 01:54:24.075  1302  1302 W AccessibilityNodeInfoDumper: Fetch time: 6ms
07-01 01:54:24.076  1675  3270 W WindowManager: removeWindowToken: Attempted to remove non-existing token: android.os.Binder@184d6f4
07-01 01:54:24.085  1302  1302 D AndroidRuntime: Shutting down VM
07-01 01:54:24.992  1329  1329 D AndroidRuntime: >>>>>> START com.android.internal.os.RuntimeInit uid 2000 <<<<<<
07-01 01:54:25.037  1329  1329 W app_process: Unexpected CPU variant for X86 using defaults: x86
07-01 01:54:25.040  1329  1329 I app_process: The ClassLoaderContext is a special shared library.
07-01 01:54:25.040  1329  1329 I app_process: The ClassLoaderContext is a special shared library.
07-01 01:54:25.065  1329  1329 D AndroidRuntime: Calling main entry com.android.commands.uiautomator.Launcher
07-01 01:54:26.094  1329  1329 I AccessibilityNodeInfoDumper: Skipping invisible child: android.view.accessibility.AccessibilityNodeInfo@405fe; boundsInParent: Rect(0, 0 - 0, 0); boundsInScreen: Rect(1080, 0 - 1080, 0); packageName: org.fossasia.phimpme; className: android.widget.Button; text: null; error: null; maxTextLength: -1; contentDescription: null; viewIdResName: org.fossasia.phimpme:id/gui_anchor; checkable: false; checked: false; focusable: true; focused: false; selected: false; clickable: true; longClickable: false; contextClickable: false; enabled: true; password: false; scrollable: false; importantForAccessibility: true; actions: [AccessibilityAction: ACTION_FOCUS - null, AccessibilityAction: ACTION_SELECT - null, AccessibilityAction: ACTION_CLEAR_SELECTION - null, AccessibilityAction: ACTION_CLICK - null, AccessibilityAction: ACTION_ACCESSIBILITY_FOCUS - null, AccessibilityAction: ACTION_SHOW_ON_SCREEN - null]
07-01 01:54:26.096  1329  1329 I AccessibilityNodeInfoDumper: Skipping invisible child: android.view.accessibility.AccessibilityNodeInfo@41141; boundsInParent: Rect(0, 0 - 0, 0); boundsInScreen: Rect(540, 823 - 540, 823); packageName: org.fossasia.phimpme; className: android.widget.LinearLayout; text: null; error: null; maxTextLength: -1; contentDescription: null; viewIdResName: org.fossasia.phimpme:id/sliders_container; checkable: false; checked: false; focusable: false; focused: false; selected: false; clickable: false; longClickable: false; contextClickable: false; enabled: true; password: false; scrollable: false; importantForAccessibility: false; actions: [AccessibilityAction: ACTION_SELECT - null, AccessibilityAction: ACTION_CLEAR_SELECTION - null, AccessibilityAction: ACTION_ACCESSIBILITY_FOCUS - null, AccessibilityAction: ACTION_SHOW_ON_SCREEN - null]
07-01 01:54:26.098  1329  1329 I AccessibilityNodeInfoDumper: Skipping invisible child: android.view.accessibility.AccessibilityNodeInfo@42045; boundsInParent: Rect(0, 0 - 0, 1496); boundsInScreen: Rect(1060, 151 - 1060, 1647); packageName: org.fossasia.phimpme; className: android.widget.ScrollView; text: null; error: null; maxTextLength: -1; contentDescription: null; viewIdResName: org.fossasia.phimpme:id/popup_container; checkable: false; checked: false; focusable: true; focused: false; selected: false; clickable: false; longClickable: false; contextClickable: false; enabled: true; password: false; scrollable: false; importantForAccessibility: true; actions: [AccessibilityAction: ACTION_FOCUS - null, AccessibilityAction: ACTION_SELECT - null, AccessibilityAction: ACTION_CLEAR_SELECTION - null, AccessibilityAction: ACTION_ACCESSIBILITY_FOCUS - null, AccessibilityAction: ACTION_SHOW_ON_SCREEN - null]
07-01 01:54:26.099  1329  1329 I app_process: Deoptimizing java.lang.String com.android.uiautomator.core.AccessibilityNodeInfoDumper.stripInvalidXMLChars(java.lang.CharSequence) due to JIT inline cache
07-01 01:54:26.101  1329  1329 W AccessibilityNodeInfoDumper: Fetch time: 16ms
07-01 01:54:26.102  1675  1686 W WindowManager: removeWindowToken: Attempted to remove non-existing token: android.os.Binder@b0f0892
07-01 01:54:26.108  1329  1329 D AndroidRuntime: Shutting down VM
07-01 01:54:27.108  1363  1363 D AndroidRuntime: >>>>>> START com.android.internal.os.RuntimeInit uid 2000 <<<<<<
07-01 01:54:27.154  1363  1363 W app_process: Unexpected CPU variant for X86 using defaults: x86
07-01 01:54:27.156  1363  1363 I app_process: The ClassLoaderContext is a special shared library.
07-01 01:54:27.156  1363  1363 I app_process: The ClassLoaderContext is a special shared library.
07-01 01:54:27.179  1363  1363 D AndroidRuntime: Calling main entry com.android.commands.uiautomator.Launcher
07-01 01:54:28.200  1363  1363 I AccessibilityNodeInfoDumper: Skipping invisible child: android.view.accessibility.AccessibilityNodeInfo@40608; boundsInParent: Rect(0, 0 - 0, 0); boundsInScreen: Rect(1080, 0 - 1080, 0); packageName: org.fossasia.phimpme; className: android.widget.Button; text: null; error: null; maxTextLength: -1; contentDescription: null; viewIdResName: org.fossasia.phimpme:id/gui_anchor; checkable: false; checked: false; focusable: true; focused: false; selected: false; clickable: true; longClickable: false; contextClickable: false; enabled: true; password: false; scrollable: false; importantForAccessibility: true; actions: [AccessibilityAction: ACTION_FOCUS - null, AccessibilityAction: ACTION_SELECT - null, AccessibilityAction: ACTION_CLEAR_SELECTION - null, AccessibilityAction: ACTION_CLICK - null, AccessibilityAction: ACTION_ACCESSIBILITY_FOCUS - null, AccessibilityAction: ACTION_SHOW_ON_SCREEN - null]
07-01 01:54:28.201  1363  1363 I AccessibilityNodeInfoDumper: Skipping invisible child: android.view.accessibility.AccessibilityNodeInfo@4114b; boundsInParent: Rect(0, 0 - 0, 0); boundsInScreen: Rect(540, 823 - 540, 823); packageName: org.fossasia.phimpme; className: android.widget.LinearLayout; text: null; error: null; maxTextLength: -1; contentDescription: null; viewIdResName: org.fossasia.phimpme:id/sliders_container; checkable: false; checked: false; focusable: false; focused: false; selected: false; clickable: false; longClickable: false; contextClickable: false; enabled: true; password: false; scrollable: false; importantForAccessibility: false; actions: [AccessibilityAction: ACTION_SELECT - null, AccessibilityAction: ACTION_CLEAR_SELECTION - null, AccessibilityAction: ACTION_ACCESSIBILITY_FOCUS - null, AccessibilityAction: ACTION_SHOW_ON_SCREEN - null]
07-01 01:54:28.201  1363  1363 I AccessibilityNodeInfoDumper: Skipping invisible child: android.view.accessibility.AccessibilityNodeInfo@4204f; boundsInParent: Rect(0, 0 - 0, 1496); boundsInScreen: Rect(1060, 151 - 1060, 1647); packageName: org.fossasia.phimpme; className: android.widget.ScrollView; text: null; error: null; maxTextLength: -1; contentDescription: null; viewIdResName: org.fossasia.phimpme:id/popup_container; checkable: false; checked: false; focusable: true; focused: false; selected: false; clickable: false; longClickable: false; contextClickable: false; enabled: true; password: false; scrollable: false; importantForAccessibility: true; actions: [AccessibilityAction: ACTION_FOCUS - null, AccessibilityAction: ACTION_SELECT - null, AccessibilityAction: ACTION_CLEAR_SELECTION - null, AccessibilityAction: ACTION_ACCESSIBILITY_FOCUS - null, AccessibilityAction: ACTION_SHOW_ON_SCREEN - null]
07-01 01:54:28.208  1451  1451 I boot-pipe: done populating /dev/random
07-01 01:54:28.215  1363  1363 I app_process: Deoptimizing java.lang.String com.android.uiautomator.core.AccessibilityNodeInfoDumper.stripInvalidXMLChars(java.lang.CharSequence) due to JIT inline cache
07-01 01:54:28.218  1363  1363 W AccessibilityNodeInfoDumper: Fetch time: 20ms
07-01 01:54:28.219  1675  3753 W WindowManager: removeWindowToken: Attempted to remove non-existing token: android.os.Binder@8926e60
07-01 01:54:28.228  1363  1363 D AndroidRuntime: Shutting down VM
07-01 01:54:28.452  1453  1478 E SurfaceFlinger: ro.sf.lcd_density must be defined as a build property
07-01 01:54:28.469  1443 25077 D gralloc_ranchu: gralloc_alloc: Creating ashmem region of size 8298496
07-01 01:54:28.485  1400  1400 D         : HostConnection::get() New Host Connection established 0xe56c8240, tid 1400
07-01 01:54:28.530  1453  1478 D gralloc_ranchu: gralloc_unregister_buffer: exiting HostConnection (is buffer-handling thread)
07-01 01:54:28.531  1453  1478 D         : HostConnection::get() New Host Connection established 0xf5e92380, tid 1478
07-01 01:54:28.531  1453  1478 D gralloc_ranchu: gralloc_unregister_buffer: exiting HostConnection (is buffer-handling thread)
07-01 01:54:29.470 26659 26659 D MediaScannerReceiver: action: android.intent.action.MEDIA_SCANNER_SCAN_FILE path: /storage/emulated/0/screen.png
07-01 01:54:29.618  1436  2256 D         : HostConnection::get() New Host Connection established 0xf0198000, tid 2256
07-01 01:54:31.470  1821  1918 I zygote  : Deoptimizing void com.android.systemui.qs.tileimpl.QSTileImpl.handleStateChanged() due to JIT inline cache
07-01 01:54:31.921  1412  1412 D AndroidRuntime: >>>>>> START com.android.internal.os.RuntimeInit uid 2000 <<<<<<
07-01 01:54:31.989  1412  1412 W app_process: Unexpected CPU variant for X86 using defaults: x86
07-01 01:54:31.990  1412  1412 I app_process: The ClassLoaderContext is a special shared library.
07-01 01:54:31.991  1412  1412 I app_process: The ClassLoaderContext is a special shared library.
07-01 01:54:32.012  1412  1412 D AndroidRuntime: Calling main entry com.android.commands.uiautomator.Launcher
07-01 01:54:33.032  1412  1412 I AccessibilityNodeInfoDumper: Skipping invisible child: android.view.accessibility.AccessibilityNodeInfo@4060f; boundsInParent: Rect(0, 0 - 0, 0); boundsInScreen: Rect(1080, 0 - 1080, 0); packageName: org.fossasia.phimpme; className: android.widget.Button; text: null; error: null; maxTextLength: -1; contentDescription: null; viewIdResName: org.fossasia.phimpme:id/gui_anchor; checkable: false; checked: false; focusable: true; focused: false; selected: false; clickable: true; longClickable: false; contextClickable: false; enabled: true; password: false; scrollable: false; importantForAccessibility: true; actions: [AccessibilityAction: ACTION_FOCUS - null, AccessibilityAction: ACTION_SELECT - null, AccessibilityAction: ACTION_CLEAR_SELECTION - null, AccessibilityAction: ACTION_CLICK - null, AccessibilityAction: ACTION_ACCESSIBILITY_FOCUS - null, AccessibilityAction: ACTION_SHOW_ON_SCREEN - null]
07-01 01:54:33.034  1412  1412 I AccessibilityNodeInfoDumper: Skipping invisible child: android.view.accessibility.AccessibilityNodeInfo@41152; boundsInParent: Rect(0, 0 - 0, 0); boundsInScreen: Rect(540, 823 - 540, 823); packageName: org.fossasia.phimpme; className: android.widget.LinearLayout; text: null; error: null; maxTextLength: -1; contentDescription: null; viewIdResName: org.fossasia.phimpme:id/sliders_container; checkable: false; checked: false; focusable: false; focused: false; selected: false; clickable: false; longClickable: false; contextClickable: false; enabled: true; password: false; scrollable: false; importantForAccessibility: false; actions: [AccessibilityAction: ACTION_SELECT - null, AccessibilityAction: ACTION_CLEAR_SELECTION - null, AccessibilityAction: ACTION_ACCESSIBILITY_FOCUS - null, AccessibilityAction: ACTION_SHOW_ON_SCREEN - null]
07-01 01:54:33.034  1412  1412 I AccessibilityNodeInfoDumper: Skipping invisible child: android.view.accessibility.AccessibilityNodeInfo@42056; boundsInParent: Rect(0, 0 - 0, 1496); boundsInScreen: Rect(1060, 151 - 1060, 1647); packageName: org.fossasia.phimpme; className: android.widget.ScrollView; text: null; error: null; maxTextLength: -1; contentDescription: null; viewIdResName: org.fossasia.phimpme:id/popup_container; checkable: false; checked: false; focusable: true; focused: false; selected: false; clickable: false; longClickable: false; contextClickable: false; enabled: true; password: false; scrollable: false; importantForAccessibility: true; actions: [AccessibilityAction: ACTION_FOCUS - null, AccessibilityAction: ACTION_SELECT - null, AccessibilityAction: ACTION_CLEAR_SELECTION - null, AccessibilityAction: ACTION_ACCESSIBILITY_FOCUS - null, AccessibilityAction: ACTION_SHOW_ON_SCREEN - null]
07-01 01:54:33.034  1412  1412 I app_process: Deoptimizing java.lang.String com.android.uiautomator.core.AccessibilityNodeInfoDumper.stripInvalidXMLChars(java.lang.CharSequence) due to JIT inline cache
07-01 01:54:33.037  1412  1412 W AccessibilityNodeInfoDumper: Fetch time: 6ms
07-01 01:54:33.037  1675  3753 W WindowManager: removeWindowToken: Attempted to remove non-existing token: android.os.Binder@d32aadb
07-01 01:54:33.052  1412  1412 D AndroidRuntime: Shutting down VM
07-01 01:54:35.340  1429  1429 D AndroidRuntime: >>>>>> START com.android.internal.os.RuntimeInit uid 2000 <<<<<<
07-01 01:54:35.413  1429  1429 W app_process: Unexpected CPU variant for X86 using defaults: x86
07-01 01:54:35.416  1429  1429 I app_process: The ClassLoaderContext is a special shared library.
07-01 01:54:35.419  1429  1429 I app_process: The ClassLoaderContext is a special shared library.
07-01 01:54:35.437  1429  1429 D AndroidRuntime: Calling main entry com.android.commands.uiautomator.Launcher
07-01 01:54:36.462  1429  1429 I AccessibilityNodeInfoDumper: Skipping invisible child: android.view.accessibility.AccessibilityNodeInfo@4061a; boundsInParent: Rect(0, 0 - 0, 0); boundsInScreen: Rect(1080, 0 - 1080, 0); packageName: org.fossasia.phimpme; className: android.widget.Button; text: null; error: null; maxTextLength: -1; contentDescription: null; viewIdResName: org.fossasia.phimpme:id/gui_anchor; checkable: false; checked: false; focusable: true; focused: false; selected: false; clickable: true; longClickable: false; contextClickable: false; enabled: true; password: false; scrollable: false; importantForAccessibility: true; actions: [AccessibilityAction: ACTION_FOCUS - null, AccessibilityAction: ACTION_SELECT - null, AccessibilityAction: ACTION_CLEAR_SELECTION - null, AccessibilityAction: ACTION_CLICK - null, AccessibilityAction: ACTION_ACCESSIBILITY_FOCUS - null, AccessibilityAction: ACTION_SHOW_ON_SCREEN - null]
07-01 01:54:36.463  1429  1429 I AccessibilityNodeInfoDumper: Skipping invisible child: android.view.accessibility.AccessibilityNodeInfo@4115d; boundsInParent: Rect(0, 0 - 0, 0); boundsInScreen: Rect(540, 823 - 540, 823); packageName: org.fossasia.phimpme; className: android.widget.LinearLayout; text: null; error: null; maxTextLength: -1; contentDescription: null; viewIdResName: org.fossasia.phimpme:id/sliders_container; checkable: false; checked: false; focusable: false; focused: false; selected: false; clickable: false; longClickable: false; contextClickable: false; enabled: true; password: false; scrollable: false; importantForAccessibility: false; actions: [AccessibilityAction: ACTION_SELECT - null, AccessibilityAction: ACTION_CLEAR_SELECTION - null, AccessibilityAction: ACTION_ACCESSIBILITY_FOCUS - null, AccessibilityAction: ACTION_SHOW_ON_SCREEN - null]
07-01 01:54:36.464  1429  1429 I AccessibilityNodeInfoDumper: Skipping invisible child: android.view.accessibility.AccessibilityNodeInfo@42061; boundsInParent: Rect(0, 0 - 0, 1496); boundsInScreen: Rect(1060, 151 - 1060, 1647); packageName: org.fossasia.phimpme; className: android.widget.ScrollView; text: null; error: null; maxTextLength: -1; contentDescription: null; viewIdResName: org.fossasia.phimpme:id/popup_container; checkable: false; checked: false; focusable: true; focused: false; selected: false; clickable: false; longClickable: false; contextClickable: false; enabled: true; password: false; scrollable: false; importantForAccessibility: true; actions: [AccessibilityAction: ACTION_FOCUS - null, AccessibilityAction: ACTION_SELECT - null, AccessibilityAction: ACTION_CLEAR_SELECTION - null, AccessibilityAction: ACTION_ACCESSIBILITY_FOCUS - null, AccessibilityAction: ACTION_SHOW_ON_SCREEN - null]
07-01 01:54:36.464  1429  1429 I app_process: Deoptimizing java.lang.String com.android.uiautomator.core.AccessibilityNodeInfoDumper.stripInvalidXMLChars(java.lang.CharSequence) due to JIT inline cache
07-01 01:54:36.468  1429  1429 W AccessibilityNodeInfoDumper: Fetch time: 6ms
07-01 01:54:36.468  1675 22554 W WindowManager: removeWindowToken: Attempted to remove non-existing token: android.os.Binder@d01e851
07-01 01:54:36.476  1429  1429 D AndroidRuntime: Shutting down VM
07-01 01:54:36.779  1471  1471 D AndroidRuntime: >>>>>> START com.android.internal.os.RuntimeInit uid 2000 <<<<<<
07-01 01:54:36.835  1471  1471 W app_process: Unexpected CPU variant for X86 using defaults: x86
07-01 01:54:36.836  1471  1471 I app_process: The ClassLoaderContext is a special shared library.
07-01 01:54:36.837  1471  1471 I app_process: The ClassLoaderContext is a special shared library.
07-01 01:54:36.854  1471  1471 D AndroidRuntime: Calling main entry com.android.commands.uiautomator.Launcher
07-01 01:54:37.883  1471  1471 I AccessibilityNodeInfoDumper: Skipping invisible child: android.view.accessibility.AccessibilityNodeInfo@40624; boundsInParent: Rect(0, 0 - 0, 0); boundsInScreen: Rect(1080, 0 - 1080, 0); packageName: org.fossasia.phimpme; className: android.widget.Button; text: null; error: null; maxTextLength: -1; contentDescription: null; viewIdResName: org.fossasia.phimpme:id/gui_anchor; checkable: false; checked: false; focusable: true; focused: false; selected: false; clickable: true; longClickable: false; contextClickable: false; enabled: true; password: false; scrollable: false; importantForAccessibility: true; actions: [AccessibilityAction: ACTION_FOCUS - null, AccessibilityAction: ACTION_SELECT - null, AccessibilityAction: ACTION_CLEAR_SELECTION - null, AccessibilityAction: ACTION_CLICK - null, AccessibilityAction: ACTION_ACCESSIBILITY_FOCUS - null, AccessibilityAction: ACTION_SHOW_ON_SCREEN - null]
07-01 01:54:37.885  1471  1471 I AccessibilityNodeInfoDumper: Skipping invisible child: android.view.accessibility.AccessibilityNodeInfo@41167; boundsInParent: Rect(0, 0 - 0, 0); boundsInScreen: Rect(540, 823 - 540, 823); packageName: org.fossasia.phimpme; className: android.widget.LinearLayout; text: null; error: null; maxTextLength: -1; contentDescription: null; viewIdResName: org.fossasia.phimpme:id/sliders_container; checkable: false; checked: false; focusable: false; focused: false; selected: false; clickable: false; longClickable: false; contextClickable: false; enabled: true; password: false; scrollable: false; importantForAccessibility: false; actions: [AccessibilityAction: ACTION_SELECT - null, AccessibilityAction: ACTION_CLEAR_SELECTION - null, AccessibilityAction: ACTION_ACCESSIBILITY_FOCUS - null, AccessibilityAction: ACTION_SHOW_ON_SCREEN - null]
