01-14 14:12:21.986  4999  4999 D AndroidRuntime: Calling main entry com.android.commands.input.Input
01-14 14:12:21.992  4999  4999 I Input   : injectMotionEvent: MotionEvent { action=ACTION_DOWN, actionButton=0, id[0]=0, x[0]=540.0, y[0]=894.0, toolType[0]=TOOL_TYPE_UNKNOWN, buttonState=0, metaState=0, flags=0x0, edgeFlags=0x0, pointerCount=1, historySize=0, eventTime=38662298, downTime=38662298, deviceId=0, source=0x1002 }
01-14 14:12:21.997  4999  4999 I Input   : injectMotionEvent: MotionEvent { action=ACTION_UP, actionButton=0, id[0]=0, x[0]=540.0, y[0]=894.0, toolType[0]=TOOL_TYPE_UNKNOWN, buttonState=0, metaState=0, flags=0x0, edgeFlags=0x0, pointerCount=1, historySize=0, eventTime=38662298, downTime=38662298, deviceId=0, source=0x1002 }
01-14 14:12:22.003  1835  1835 W InputMethodService: Window size has been changed. This may cause jankiness of resizing window: -1 -> -2
01-14 14:12:22.006  4999  4999 D AndroidRuntime: Shutting down VM
01-14 14:12:22.013  1835  1835 I LatinIME: Starting input. Cursor position = 13,13
01-14 14:12:22.016   673   673 W IInputConnectionWrapper: finishComposingText on inactive InputConnection
01-14 14:12:22.057   673   707 D EGL_emulation: eglMakeCurrent: 0x7de1dea46f20: ver 3 0 (tinfo 0x7de1deb03260)
01-14 14:12:22.108  1835  5344 D EGL_emulation: eglMakeCurrent: 0x7de1da1cf2c0: ver 3 0 (tinfo 0x7de1da1cbea0)
01-14 14:12:22.131   673   707 D EGL_emulation: eglMakeCurrent: 0x7de1dea46f20: ver 3 0 (tinfo 0x7de1deb03260)
01-14 14:12:22.275  5012  5012 D AndroidRuntime: >>>>>> START com.android.internal.os.RuntimeInit uid 2000 <<<<<<
01-14 14:12:22.277  5012  5012 D AndroidRuntime: CheckJNI is OFF
01-14 14:12:22.296  5012  5012 W art     : Unexpected CPU variant for X86 using defaults: x86_64
01-14 14:12:22.300  5012  5012 D ICU     : No timezone override file found: /data/misc/zoneinfo/current/icu/icu_tzdata.dat
01-14 14:12:22.314  5012  5012 E memtrack: Couldn't load memtrack module (No such file or directory)
01-14 14:12:22.314  5012  5012 E android.os.Debug: failed to load memtrack module: -2
01-14 14:12:22.314  5012  5012 I Radio-JNI: register_android_hardware_Radio DONE
01-14 14:12:22.319  5012  5012 D AndroidRuntime: Calling main entry com.android.commands.input.Input
01-14 14:12:22.320  5012  5012 I Input   : injectKeyEvent: KeyEvent { action=ACTION_DOWN, keyCode=KEYCODE_ESCAPE, scanCode=0, metaState=0, flags=0x0, repeatCount=0, eventTime=38662629, downTime=38662629, deviceId=-1, source=0x101 }
01-14 14:12:22.327  5012  5012 I Input   : injectKeyEvent: KeyEvent { action=ACTION_UP, keyCode=KEYCODE_ESCAPE, scanCode=0, metaState=0, flags=0x0, repeatCount=0, eventTime=38662629, downTime=38662629, deviceId=-1, source=0x101 }
01-14 14:12:22.330  5012  5012 D AndroidRuntime: Shutting down VM
01-14 14:12:22.332  1835  1835 W InputMethodService: Window size has been changed. This may cause jankiness of resizing window: -1 -> -2
01-14 14:12:22.341  1835  5344 D EGL_emulation: eglMakeCurrent: 0x7de1da1cf2c0: ver 3 0 (tinfo 0x7de1da1cbea0)
01-14 14:12:22.527  1697  1718 I WindowManager: Destroying surface Surface(name=InputMethod) called by com.android.server.wm.WindowStateAnimator.destroySurface:2016 com.android.server.wm.WindowStateAnimator.destroySurfaceLocked:882 com.android.server.wm.WindowState.destroyOrSaveSurface:2100 com.android.server.wm.WindowSurfacePlacer.performSurfacePlacementInner:429 com.android.server.wm.WindowSurfacePlacer.performSurfacePlacementLoop:232 com.android.server.wm.WindowSurfacePlacer.performSurfacePlacement:180 com.android.server.wm.WindowManagerService$H.handleMessage:8086 android.os.Handler.dispatchMessage:102 
01-14 14:12:23.104  5028  5028 D AndroidRuntime: >>>>>> START com.android.internal.os.RuntimeInit uid 2000 <<<<<<
01-14 14:12:23.105  5028  5028 D AndroidRuntime: CheckJNI is OFF
01-14 14:12:23.123  5028  5028 W art     : Unexpected CPU variant for X86 using defaults: x86_64
01-14 14:12:23.126  5028  5028 D ICU     : No timezone override file found: /data/misc/zoneinfo/current/icu/icu_tzdata.dat
01-14 14:12:23.139  5028  5028 E memtrack: Couldn't load memtrack module (No such file or directory)
01-14 14:12:23.139  5028  5028 E android.os.Debug: failed to load memtrack module: -2
01-14 14:12:23.139  5028  5028 I Radio-JNI: register_android_hardware_Radio DONE
01-14 14:12:23.145  5028  5028 D AndroidRuntime: Calling main entry com.android.commands.input.Input
01-14 14:12:23.148  5028  5028 I Input   : injectKeyEvent: KeyEvent { action=ACTION_DOWN, keyCode=KEYCODE_MOVE_END, scanCode=0, metaState=0, flags=0x0, repeatCount=0, eventTime=38663456, downTime=38663456, deviceId=-1, source=0x101 }
01-14 14:12:23.154  5028  5028 I Input   : injectKeyEvent: KeyEvent { action=ACTION_UP, keyCode=KEYCODE_MOVE_END, scanCode=0, metaState=0, flags=0x0, repeatCount=0, eventTime=38663456, downTime=38663456, deviceId=-1, source=0x101 }
01-14 14:12:23.157  5028  5028 D AndroidRuntime: Shutting down VM
01-14 14:12:23.322  1697  1718 I WindowManager: Destroying surface Surface(name=PopupWindow:7abda97) called by com.android.server.wm.WindowStateAnimator.destroySurface:2016 com.android.server.wm.WindowStateAnimator.destroySurfaceLocked:882 com.android.server.wm.WindowState.destroyOrSaveSurface:2100 com.android.server.wm.AppWindowToken.destroySurfaces:363 com.android.server.wm.WindowStateAnimator.finishExit:565 com.android.server.wm.WindowStateAnimator.stepAnimationLocked:491 com.android.server.wm.WindowAnimator.updateWindowsLocked:303 com.android.server.wm.WindowAnimator.animateLocked:704 
01-14 14:12:23.332  5038  5038 D AndroidRuntime: >>>>>> START com.android.internal.os.RuntimeInit uid 2000 <<<<<<
01-14 14:12:23.334  5038  5038 D AndroidRuntime: CheckJNI is OFF
01-14 14:12:23.353  5038  5038 W art     : Unexpected CPU variant for X86 using defaults: x86_64
01-14 14:12:23.357  5038  5038 D ICU     : No timezone override file found: /data/misc/zoneinfo/current/icu/icu_tzdata.dat
01-14 14:12:23.371  5038  5038 E memtrack: Couldn't load memtrack module (No such file or directory)
01-14 14:12:23.372  5038  5038 E android.os.Debug: failed to load memtrack module: -2
01-14 14:12:23.372  5038  5038 I Radio-JNI: register_android_hardware_Radio DONE
01-14 14:12:23.377  5038  5038 D AndroidRuntime: Calling main entry com.android.commands.input.Input
01-14 14:12:23.381  5038  5038 I Input   : injectKeyEvent: KeyEvent { action=ACTION_DOWN, keyCode=KEYCODE_DEL, scanCode=0, metaState=0, flags=0x0, repeatCount=0, eventTime=38663689, downTime=38663689, deviceId=-1, source=0x101 }
01-14 14:12:23.385  5038  5038 I Input   : injectKeyEvent: KeyEvent { action=ACTION_UP, keyCode=KEYCODE_DEL, scanCode=0, metaState=0, flags=0x0, repeatCount=0, eventTime=38663689, downTime=38663689, deviceId=-1, source=0x101 }
01-14 14:12:23.387  5038  5038 I Input   : injectKeyEvent: KeyEvent { action=ACTION_DOWN, keyCode=KEYCODE_DEL, scanCode=0, metaState=0, flags=0x0, repeatCount=0, eventTime=38663696, downTime=38663696, deviceId=-1, source=0x101 }
01-14 14:12:23.391  5038  5038 I Input   : injectKeyEvent: KeyEvent { action=ACTION_UP, keyCode=KEYCODE_DEL, scanCode=0, metaState=0, flags=0x0, repeatCount=0, eventTime=38663696, downTime=38663696, deviceId=-1, source=0x101 }
01-14 14:12:23.393  5038  5038 I Input   : injectKeyEvent: KeyEvent { action=ACTION_DOWN, keyCode=KEYCODE_DEL, scanCode=0, metaState=0, flags=0x0, repeatCount=0, eventTime=38663702, downTime=38663702, deviceId=-1, source=0x101 }
01-14 14:12:23.395  5038  5038 I Input   : injectKeyEvent: KeyEvent { action=ACTION_UP, keyCode=KEYCODE_DEL, scanCode=0, metaState=0, flags=0x0, repeatCount=0, eventTime=38663702, downTime=38663702, deviceId=-1, source=0x101 }
01-14 14:12:23.398  5038  5038 I Input   : injectKeyEvent: KeyEvent { action=ACTION_DOWN, keyCode=KEYCODE_DEL, scanCode=0, metaState=0, flags=0x0, repeatCount=0, eventTime=38663707, downTime=38663707, deviceId=-1, source=0x101 }
01-14 14:12:23.400  5038  5038 I Input   : injectKeyEvent: KeyEvent { action=ACTION_UP, keyCode=KEYCODE_DEL, scanCode=0, metaState=0, flags=0x0, repeatCount=0, eventTime=38663707, downTime=38663707, deviceId=-1, source=0x101 }
01-14 14:12:23.403  5038  5038 I Input   : injectKeyEvent: KeyEvent { action=ACTION_DOWN, keyCode=KEYCODE_DEL, scanCode=0, metaState=0, flags=0x0, repeatCount=0, eventTime=38663712, downTime=38663712, deviceId=-1, source=0x101 }
01-14 14:12:23.405  5038  5038 I Input   : injectKeyEvent: KeyEvent { action=ACTION_UP, keyCode=KEYCODE_DEL, scanCode=0, metaState=0, flags=0x0, repeatCount=0, eventTime=38663712, downTime=38663712, deviceId=-1, source=0x101 }
01-14 14:12:23.408  5038  5038 I Input   : injectKeyEvent: KeyEvent { action=ACTION_DOWN, keyCode=KEYCODE_DEL, scanCode=0, metaState=0, flags=0x0, repeatCount=0, eventTime=38663717, downTime=38663717, deviceId=-1, source=0x101 }
01-14 14:12:23.411  5038  5038 I Input   : injectKeyEvent: KeyEvent { action=ACTION_UP, keyCode=KEYCODE_DEL, scanCode=0, metaState=0, flags=0x0, repeatCount=0, eventTime=38663717, downTime=38663717, deviceId=-1, source=0x101 }
01-14 14:12:23.413  5038  5038 I Input   : injectKeyEvent: KeyEvent { action=ACTION_DOWN, keyCode=KEYCODE_DEL, scanCode=0, metaState=0, flags=0x0, repeatCount=0, eventTime=38663722, downTime=38663722, deviceId=-1, source=0x101 }
01-14 14:12:23.416  5038  5038 I Input   : injectKeyEvent: KeyEvent { action=ACTION_UP, keyCode=KEYCODE_DEL, scanCode=0, metaState=0, flags=0x0, repeatCount=0, eventTime=38663722, downTime=38663722, deviceId=-1, source=0x101 }
01-14 14:12:23.418  5038  5038 I Input   : injectKeyEvent: KeyEvent { action=ACTION_DOWN, keyCode=KEYCODE_DEL, scanCode=0, metaState=0, flags=0x0, repeatCount=0, eventTime=38663727, downTime=38663727, deviceId=-1, source=0x101 }
01-14 14:12:23.420  5038  5038 I Input   : injectKeyEvent: KeyEvent { action=ACTION_UP, keyCode=KEYCODE_DEL, scanCode=0, metaState=0, flags=0x0, repeatCount=0, eventTime=38663727, downTime=38663727, deviceId=-1, source=0x101 }
01-14 14:12:23.423  5038  5038 I Input   : injectKeyEvent: KeyEvent { action=ACTION_DOWN, keyCode=KEYCODE_DEL, scanCode=0, metaState=0, flags=0x0, repeatCount=0, eventTime=38663733, downTime=38663733, deviceId=-1, source=0x101 }
01-14 14:12:23.427  5038  5038 I Input   : injectKeyEvent: KeyEvent { action=ACTION_UP, keyCode=KEYCODE_DEL, scanCode=0, metaState=0, flags=0x0, repeatCount=0, eventTime=38663733, downTime=38663733, deviceId=-1, source=0x101 }
01-14 14:12:23.429  5038  5038 I Input   : injectKeyEvent: KeyEvent { action=ACTION_DOWN, keyCode=KEYCODE_DEL, scanCode=0, metaState=0, flags=0x0, repeatCount=0, eventTime=38663738, downTime=38663738, deviceId=-1, source=0x101 }
01-14 14:12:23.432  5038  5038 I Input   : injectKeyEvent: KeyEvent { action=ACTION_UP, keyCode=KEYCODE_DEL, scanCode=0, metaState=0, flags=0x0, repeatCount=0, eventTime=38663738, downTime=38663738, deviceId=-1, source=0x101 }
01-14 14:12:23.433  5038  5038 I Input   : injectKeyEvent: KeyEvent { action=ACTION_DOWN, keyCode=KEYCODE_DEL, scanCode=0, metaState=0, flags=0x0, repeatCount=0, eventTime=38663742, downTime=38663742, deviceId=-1, source=0x101 }
01-14 14:12:23.435  5038  5038 I Input   : injectKeyEvent: KeyEvent { action=ACTION_UP, keyCode=KEYCODE_DEL, scanCode=0, metaState=0, flags=0x0, repeatCount=0, eventTime=38663742, downTime=38663742, deviceId=-1, source=0x101 }
01-14 14:12:23.438  5038  5038 I Input   : injectKeyEvent: KeyEvent { action=ACTION_DOWN, keyCode=KEYCODE_DEL, scanCode=0, metaState=0, flags=0x0, repeatCount=0, eventTime=38663747, downTime=38663747, deviceId=-1, source=0x101 }
01-14 14:12:23.440  5038  5038 I Input   : injectKeyEvent: KeyEvent { action=ACTION_UP, keyCode=KEYCODE_DEL, scanCode=0, metaState=0, flags=0x0, repeatCount=0, eventTime=38663747, downTime=38663747, deviceId=-1, source=0x101 }
01-14 14:12:23.443  5038  5038 I Input   : injectKeyEvent: KeyEvent { action=ACTION_DOWN, keyCode=KEYCODE_DEL, scanCode=0, metaState=0, flags=0x0, repeatCount=0, eventTime=38663752, downTime=38663752, deviceId=-1, source=0x101 }
01-14 14:12:23.445  5038  5038 I Input   : injectKeyEvent: KeyEvent { action=ACTION_UP, keyCode=KEYCODE_DEL, scanCode=0, metaState=0, flags=0x0, repeatCount=0, eventTime=38663752, downTime=38663752, deviceId=-1, source=0x101 }
01-14 14:12:23.447  5038  5038 I Input   : injectKeyEvent: KeyEvent { action=ACTION_DOWN, keyCode=KEYCODE_DEL, scanCode=0, metaState=0, flags=0x0, repeatCount=0, eventTime=38663756, downTime=38663756, deviceId=-1, source=0x101 }
01-14 14:12:23.448  5038  5038 I Input   : injectKeyEvent: KeyEvent { action=ACTION_UP, keyCode=KEYCODE_DEL, scanCode=0, metaState=0, flags=0x0, repeatCount=0, eventTime=38663756, downTime=38663756, deviceId=-1, source=0x101 }
01-14 14:12:23.450  5038  5038 I Input   : injectKeyEvent: KeyEvent { action=ACTION_DOWN, keyCode=KEYCODE_DEL, scanCode=0, metaState=0, flags=0x0, repeatCount=0, eventTime=38663759, downTime=38663759, deviceId=-1, source=0x101 }
01-14 14:12:23.452  5038  5038 I Input   : injectKeyEvent: KeyEvent { action=ACTION_UP, keyCode=KEYCODE_DEL, scanCode=0, metaState=0, flags=0x0, repeatCount=0, eventTime=38663759, downTime=38663759, deviceId=-1, source=0x101 }
01-14 14:12:23.454  5038  5038 I Input   : injectKeyEvent: KeyEvent { action=ACTION_DOWN, keyCode=KEYCODE_DEL, scanCode=0, metaState=0, flags=0x0, repeatCount=0, eventTime=38663763, downTime=38663763, deviceId=-1, source=0x101 }
01-14 14:12:23.456  5038  5038 I Input   : injectKeyEvent: KeyEvent { action=ACTION_UP, keyCode=KEYCODE_DEL, scanCode=0, metaState=0, flags=0x0, repeatCount=0, eventTime=38663763, downTime=38663763, deviceId=-1, source=0x101 }
01-14 14:12:23.459  5038  5038 I Input   : injectKeyEvent: KeyEvent { action=ACTION_DOWN, keyCode=KEYCODE_DEL, scanCode=0, metaState=0, flags=0x0, repeatCount=0, eventTime=38663768, downTime=38663768, deviceId=-1, source=0x101 }
01-14 14:12:23.460  5038  5038 I Input   : injectKeyEvent: KeyEvent { action=ACTION_UP, keyCode=KEYCODE_DEL, scanCode=0, metaState=0, flags=0x0, repeatCount=0, eventTime=38663768, downTime=38663768, deviceId=-1, source=0x101 }
01-14 14:12:23.462  5038  5038 I Input   : injectKeyEvent: KeyEvent { action=ACTION_DOWN, keyCode=KEYCODE_DEL, scanCode=0, metaState=0, flags=0x0, repeatCount=0, eventTime=38663771, downTime=38663771, deviceId=-1, source=0x101 }
01-14 14:12:23.464  5038  5038 I Input   : injectKeyEvent: KeyEvent { action=ACTION_UP, keyCode=KEYCODE_DEL, scanCode=0, metaState=0, flags=0x0, repeatCount=0, eventTime=38663771, downTime=38663771, deviceId=-1, source=0x101 }
01-14 14:12:23.465  5038  5038 I Input   : injectKeyEvent: KeyEvent { action=ACTION_DOWN, keyCode=KEYCODE_DEL, scanCode=0, metaState=0, flags=0x0, repeatCount=0, eventTime=38663774, downTime=38663774, deviceId=-1, source=0x101 }
01-14 14:12:23.467  5038  5038 I Input   : injectKeyEvent: KeyEvent { action=ACTION_UP, keyCode=KEYCODE_DEL, scanCode=0, metaState=0, flags=0x0, repeatCount=0, eventTime=38663774, downTime=38663774, deviceId=-1, source=0x101 }
01-14 14:12:23.468  5038  5038 I Input   : injectKeyEvent: KeyEvent { action=ACTION_DOWN, keyCode=KEYCODE_DEL, scanCode=0, metaState=0, flags=0x0, repeatCount=0, eventTime=38663777, downTime=38663777, deviceId=-1, source=0x101 }
01-14 14:12:23.470  5038  5038 I Input   : injectKeyEvent: KeyEvent { action=ACTION_UP, keyCode=KEYCODE_DEL, scanCode=0, metaState=0, flags=0x0, repeatCount=0, eventTime=38663777, downTime=38663777, deviceId=-1, source=0x101 }
01-14 14:12:23.472  5038  5038 I Input   : injectKeyEvent: KeyEvent { action=ACTION_DOWN, keyCode=KEYCODE_DEL, scanCode=0, metaState=0, flags=0x0, repeatCount=0, eventTime=38663781, downTime=38663781, deviceId=-1, source=0x101 }
01-14 14:12:23.474  5038  5038 I Input   : injectKeyEvent: KeyEvent { action=ACTION_UP, keyCode=KEYCODE_DEL, scanCode=0, metaState=0, flags=0x0, repeatCount=0, eventTime=38663781, downTime=38663781, deviceId=-1, source=0x101 }
01-14 14:12:23.476  5038  5038 I Input   : injectKeyEvent: KeyEvent { action=ACTION_DOWN, keyCode=KEYCODE_DEL, scanCode=0, metaState=0, flags=0x0, repeatCount=0, eventTime=38663785, downTime=38663785, deviceId=-1, source=0x101 }
01-14 14:12:23.477  5038  5038 I Input   : injectKeyEvent: KeyEvent { action=ACTION_UP, keyCode=KEYCODE_DEL, scanCode=0, metaState=0, flags=0x0, repeatCount=0, eventTime=38663785, downTime=38663785, deviceId=-1, source=0x101 }
01-14 14:12:23.479  5038  5038 I Input   : injectKeyEvent: KeyEvent { action=ACTION_DOWN, keyCode=KEYCODE_DEL, scanCode=0, metaState=0, flags=0x0, repeatCount=0, eventTime=38663788, downTime=38663788, deviceId=-1, source=0x101 }
01-14 14:12:23.481  5038  5038 I Input   : injectKeyEvent: KeyEvent { action=ACTION_UP, keyCode=KEYCODE_DEL, scanCode=0, metaState=0, flags=0x0, repeatCount=0, eventTime=38663788, downTime=38663788, deviceId=-1, source=0x101 }
01-14 14:12:23.483  5038  5038 I Input   : injectKeyEvent: KeyEvent { action=ACTION_DOWN, keyCode=KEYCODE_DEL, scanCode=0, metaState=0, flags=0x0, repeatCount=0, eventTime=38663792, downTime=38663792, deviceId=-1, source=0x101 }
01-14 14:12:23.484  5038  5038 I Input   : injectKeyEvent: KeyEvent { action=ACTION_UP, keyCode=KEYCODE_DEL, scanCode=0, metaState=0, flags=0x0, repeatCount=0, eventTime=38663792, downTime=38663792, deviceId=-1, source=0x101 }
01-14 14:12:23.486  5038  5038 I Input   : injectKeyEvent: KeyEvent { action=ACTION_DOWN, keyCode=KEYCODE_DEL, scanCode=0, metaState=0, flags=0x0, repeatCount=0, eventTime=38663795, downTime=38663795, deviceId=-1, source=0x101 }
01-14 14:12:23.487  5038  5038 I Input   : injectKeyEvent: KeyEvent { action=ACTION_UP, keyCode=KEYCODE_DEL, scanCode=0, metaState=0, flags=0x0, repeatCount=0, eventTime=38663795, downTime=38663795, deviceId=-1, source=0x101 }
01-14 14:12:23.489  5038  5038 I Input   : injectKeyEvent: KeyEvent { action=ACTION_DOWN, keyCode=KEYCODE_DEL, scanCode=0, metaState=0, flags=0x0, repeatCount=0, eventTime=38663798, downTime=38663798, deviceId=-1, source=0x101 }
01-14 14:12:23.492  5038  5038 I Input   : injectKeyEvent: KeyEvent { action=ACTION_UP, keyCode=KEYCODE_DEL, scanCode=0, metaState=0, flags=0x0, repeatCount=0, eventTime=38663798, downTime=38663798, deviceId=-1, source=0x101 }
01-14 14:12:23.493  5038  5038 I Input   : injectKeyEvent: KeyEvent { action=ACTION_DOWN, keyCode=KEYCODE_DEL, scanCode=0, metaState=0, flags=0x0, repeatCount=0, eventTime=38663802, downTime=38663802, deviceId=-1, source=0x101 }
01-14 14:12:23.495  5038  5038 I Input   : injectKeyEvent: KeyEvent { action=ACTION_UP, keyCode=KEYCODE_DEL, scanCode=0, metaState=0, flags=0x0, repeatCount=0, eventTime=38663802, downTime=38663802, deviceId=-1, source=0x101 }
01-14 14:12:23.497  5038  5038 I Input   : injectKeyEvent: KeyEvent { action=ACTION_DOWN, keyCode=KEYCODE_DEL, scanCode=0, metaState=0, flags=0x0, repeatCount=0, eventTime=38663806, downTime=38663806, deviceId=-1, source=0x101 }
01-14 14:12:23.498  5038  5038 I Input   : injectKeyEvent: KeyEvent { action=ACTION_UP, keyCode=KEYCODE_DEL, scanCode=0, metaState=0, flags=0x0, repeatCount=0, eventTime=38663806, downTime=38663806, deviceId=-1, source=0x101 }
01-14 14:12:23.500  5038  5038 I Input   : injectKeyEvent: KeyEvent { action=ACTION_DOWN, keyCode=KEYCODE_DEL, scanCode=0, metaState=0, flags=0x0, repeatCount=0, eventTime=38663809, downTime=38663809, deviceId=-1, source=0x101 }
01-14 14:12:23.502  5038  5038 I Input   : injectKeyEvent: KeyEvent { action=ACTION_UP, keyCode=KEYCODE_DEL, scanCode=0, metaState=0, flags=0x0, repeatCount=0, eventTime=38663809, downTime=38663809, deviceId=-1, source=0x101 }
01-14 14:12:23.504  5038  5038 I Input   : injectKeyEvent: KeyEvent { action=ACTION_DOWN, keyCode=KEYCODE_DEL, scanCode=0, metaState=0, flags=0x0, repeatCount=0, eventTime=38663813, downTime=38663813, deviceId=-1, source=0x101 }
01-14 14:12:23.505  5038  5038 I Input   : injectKeyEvent: KeyEvent { action=ACTION_UP, keyCode=KEYCODE_DEL, scanCode=0, metaState=0, flags=0x0, repeatCount=0, eventTime=38663813, downTime=38663813, deviceId=-1, source=0x101 }
01-14 14:12:23.507  5038  5038 I Input   : injectKeyEvent: KeyEvent { action=ACTION_DOWN, keyCode=KEYCODE_DEL, scanCode=0, metaState=0, flags=0x0, repeatCount=0, eventTime=38663816, downTime=38663816, deviceId=-1, source=0x101 }
01-14 14:12:23.509  5038  5038 I Input   : injectKeyEvent: KeyEvent { action=ACTION_UP, keyCode=KEYCODE_DEL, scanCode=0, metaState=0, flags=0x0, repeatCount=0, eventTime=38663816, downTime=38663816, deviceId=-1, source=0x101 }
01-14 14:12:23.511  5038  5038 I Input   : injectKeyEvent: KeyEvent { action=ACTION_DOWN, keyCode=KEYCODE_DEL, scanCode=0, metaState=0, flags=0x0, repeatCount=0, eventTime=38663820, downTime=38663820, deviceId=-1, source=0x101 }
01-14 14:12:23.513  5038  5038 I Input   : injectKeyEvent: KeyEvent { action=ACTION_UP, keyCode=KEYCODE_DEL, scanCode=0, metaState=0, flags=0x0, repeatCount=0, eventTime=38663820, downTime=38663820, deviceId=-1, source=0x101 }
01-14 14:12:23.514  5038  5038 I Input   : injectKeyEvent: KeyEvent { action=ACTION_DOWN, keyCode=KEYCODE_DEL, scanCode=0, metaState=0, flags=0x0, repeatCount=0, eventTime=38663823, downTime=38663823, deviceId=-1, source=0x101 }
01-14 14:12:23.516  5038  5038 I Input   : injectKeyEvent: KeyEvent { action=ACTION_UP, keyCode=KEYCODE_DEL, scanCode=0, metaState=0, flags=0x0, repeatCount=0, eventTime=38663823, downTime=38663823, deviceId=-1, source=0x101 }
01-14 14:12:23.518  5038  5038 I Input   : injectKeyEvent: KeyEvent { action=ACTION_DOWN, keyCode=KEYCODE_DEL, scanCode=0, metaState=0, flags=0x0, repeatCount=0, eventTime=38663827, downTime=38663827, deviceId=-1, source=0x101 }
01-14 14:12:23.519  5038  5038 I Input   : injectKeyEvent: KeyEvent { action=ACTION_UP, keyCode=KEYCODE_DEL, scanCode=0, metaState=0, flags=0x0, repeatCount=0, eventTime=38663827, downTime=38663827, deviceId=-1, source=0x101 }
01-14 14:12:23.521  5038  5038 I Input   : injectKeyEvent: KeyEvent { action=ACTION_DOWN, keyCode=KEYCODE_DEL, scanCode=0, metaState=0, flags=0x0, repeatCount=0, eventTime=38663830, downTime=38663830, deviceId=-1, source=0x101 }
01-14 14:12:23.523  5038  5038 I Input   : injectKeyEvent: KeyEvent { action=ACTION_UP, keyCode=KEYCODE_DEL, scanCode=0, metaState=0, flags=0x0, repeatCount=0, eventTime=38663830, downTime=38663830, deviceId=-1, source=0x101 }
01-14 14:12:23.525  5038  5038 I Input   : injectKeyEvent: KeyEvent { action=ACTION_DOWN, keyCode=KEYCODE_DEL, scanCode=0, metaState=0, flags=0x0, repeatCount=0, eventTime=38663834, downTime=38663834, deviceId=-1, source=0x101 }
01-14 14:12:23.526  5038  5038 I Input   : injectKeyEvent: KeyEvent { action=ACTION_UP, keyCode=KEYCODE_DEL, scanCode=0, metaState=0, flags=0x0, repeatCount=0, eventTime=38663834, downTime=38663834, deviceId=-1, source=0x101 }
01-14 14:12:23.528  5038  5038 I Input   : injectKeyEvent: KeyEvent { action=ACTION_DOWN, keyCode=KEYCODE_DEL, scanCode=0, metaState=0, flags=0x0, repeatCount=0, eventTime=38663837, downTime=38663837, deviceId=-1, source=0x101 }
01-14 14:12:23.529  5038  5038 I Input   : injectKeyEvent: KeyEvent { action=ACTION_UP, keyCode=KEYCODE_DEL, scanCode=0, metaState=0, flags=0x0, repeatCount=0, eventTime=38663837, downTime=38663837, deviceId=-1, source=0x101 }
01-14 14:12:23.531  5038  5038 I Input   : injectKeyEvent: KeyEvent { action=ACTION_DOWN, keyCode=KEYCODE_DEL, scanCode=0, metaState=0, flags=0x0, repeatCount=0, eventTime=38663841, downTime=38663841, deviceId=-1, source=0x101 }
01-14 14:12:23.533  5038  5038 I Input   : injectKeyEvent: KeyEvent { action=ACTION_UP, keyCode=KEYCODE_DEL, scanCode=0, metaState=0, flags=0x0, repeatCount=0, eventTime=38663841, downTime=38663841, deviceId=-1, source=0x101 }
01-14 14:12:23.535  5038  5038 I Input   : injectKeyEvent: KeyEvent { action=ACTION_DOWN, keyCode=KEYCODE_DEL, scanCode=0, metaState=0, flags=0x0, repeatCount=0, eventTime=38663844, downTime=38663844, deviceId=-1, source=0x101 }
01-14 14:12:23.536  5038  5038 I Input   : injectKeyEvent: KeyEvent { action=ACTION_UP, keyCode=KEYCODE_DEL, scanCode=0, metaState=0, flags=0x0, repeatCount=0, eventTime=38663844, downTime=38663844, deviceId=-1, source=0x101 }
01-14 14:12:23.538  5038  5038 I Input   : injectKeyEvent: KeyEvent { action=ACTION_DOWN, keyCode=KEYCODE_DEL, scanCode=0, metaState=0, flags=0x0, repeatCount=0, eventTime=38663847, downTime=38663847, deviceId=-1, source=0x101 }
01-14 14:12:23.540  5038  5038 I Input   : injectKeyEvent: KeyEvent { action=ACTION_UP, keyCode=KEYCODE_DEL, scanCode=0, metaState=0, flags=0x0, repeatCount=0, eventTime=38663847, downTime=38663847, deviceId=-1, source=0x101 }
01-14 14:12:23.542  5038  5038 I Input   : injectKeyEvent: KeyEvent { action=ACTION_DOWN, keyCode=KEYCODE_DEL, scanCode=0, metaState=0, flags=0x0, repeatCount=0, eventTime=38663851, downTime=38663851, deviceId=-1, source=0x101 }
01-14 14:12:23.543  5038  5038 I Input   : injectKeyEvent: KeyEvent { action=ACTION_UP, keyCode=KEYCODE_DEL, scanCode=0, metaState=0, flags=0x0, repeatCount=0, eventTime=38663851, downTime=38663851, deviceId=-1, source=0x101 }
01-14 14:12:23.545  5038  5038 I Input   : injectKeyEvent: KeyEvent { action=ACTION_DOWN, keyCode=KEYCODE_DEL, scanCode=0, metaState=0, flags=0x0, repeatCount=0, eventTime=38663854, downTime=38663854, deviceId=-1, source=0x101 }
01-14 14:12:23.547  5038  5038 I Input   : injectKeyEvent: KeyEvent { action=ACTION_UP, keyCode=KEYCODE_DEL, scanCode=0, metaState=0, flags=0x0, repeatCount=0, eventTime=38663854, downTime=38663854, deviceId=-1, source=0x101 }
01-14 14:12:23.548  5038  5038 I Input   : injectKeyEvent: KeyEvent { action=ACTION_DOWN, keyCode=KEYCODE_DEL, scanCode=0, metaState=0, flags=0x0, repeatCount=0, eventTime=38663857, downTime=38663857, deviceId=-1, source=0x101 }
01-14 14:12:23.550  5038  5038 I Input   : injectKeyEvent: KeyEvent { action=ACTION_UP, keyCode=KEYCODE_DEL, scanCode=0, metaState=0, flags=0x0, repeatCount=0, eventTime=38663857, downTime=38663857, deviceId=-1, source=0x101 }
01-14 14:12:23.552  5038  5038 I Input   : injectKeyEvent: KeyEvent { action=ACTION_DOWN, keyCode=KEYCODE_DEL, scanCode=0, metaState=0, flags=0x0, repeatCount=0, eventTime=38663861, downTime=38663861, deviceId=-1, source=0x101 }
01-14 14:12:23.554  5038  5038 I Input   : injectKeyEvent: KeyEvent { action=ACTION_UP, keyCode=KEYCODE_DEL, scanCode=0, metaState=0, flags=0x0, repeatCount=0, eventTime=38663861, downTime=38663861, deviceId=-1, source=0x101 }
01-14 14:12:23.556  5038  5038 I Input   : injectKeyEvent: KeyEvent { action=ACTION_DOWN, keyCode=KEYCODE_DEL, scanCode=0, metaState=0, flags=0x0, repeatCount=0, eventTime=38663865, downTime=38663865, deviceId=-1, source=0x101 }
01-14 14:12:23.558  5038  5038 I Input   : injectKeyEvent: KeyEvent { action=ACTION_UP, keyCode=KEYCODE_DEL, scanCode=0, metaState=0, flags=0x0, repeatCount=0, eventTime=38663865, downTime=38663865, deviceId=-1, source=0x101 }
01-14 14:12:23.559  5038  5038 I Input   : injectKeyEvent: KeyEvent { action=ACTION_DOWN, keyCode=KEYCODE_DEL, scanCode=0, metaState=0, flags=0x0, repeatCount=0, eventTime=38663868, downTime=38663868, deviceId=-1, source=0x101 }
01-14 14:12:23.561  5038  5038 I Input   : injectKeyEvent: KeyEvent { action=ACTION_UP, keyCode=KEYCODE_DEL, scanCode=0, metaState=0, flags=0x0, repeatCount=0, eventTime=38663868, downTime=38663868, deviceId=-1, source=0x101 }
01-14 14:12:23.563  5038  5038 I Input   : injectKeyEvent: KeyEvent { action=ACTION_DOWN, keyCode=KEYCODE_DEL, scanCode=0, metaState=0, flags=0x0, repeatCount=0, eventTime=38663872, downTime=38663872, deviceId=-1, source=0x101 }
01-14 14:12:23.565  5038  5038 I Input   : injectKeyEvent: KeyEvent { action=ACTION_UP, keyCode=KEYCODE_DEL, scanCode=0, metaState=0, flags=0x0, repeatCount=0, eventTime=38663872, downTime=38663872, deviceId=-1, source=0x101 }
01-14 14:12:23.567  5038  5038 I Input   : injectKeyEvent: KeyEvent { action=ACTION_DOWN, keyCode=KEYCODE_DEL, scanCode=0, metaState=0, flags=0x0, repeatCount=0, eventTime=38663876, downTime=38663876, deviceId=-1, source=0x101 }
01-14 14:12:23.569  5038  5038 I Input   : injectKeyEvent: KeyEvent { action=ACTION_UP, keyCode=KEYCODE_DEL, scanCode=0, metaState=0, flags=0x0, repeatCount=0, eventTime=38663876, downTime=38663876, deviceId=-1, source=0x101 }
01-14 14:12:23.570  5038  5038 I Input   : injectKeyEvent: KeyEvent { action=ACTION_DOWN, keyCode=KEYCODE_DEL, scanCode=0, metaState=0, flags=0x0, repeatCount=0, eventTime=38663879, downTime=38663879, deviceId=-1, source=0x101 }
01-14 14:12:23.572  5038  5038 I Input   : injectKeyEvent: KeyEvent { action=ACTION_UP, keyCode=KEYCODE_DEL, scanCode=0, metaState=0, flags=0x0, repeatCount=0, eventTime=38663879, downTime=38663879, deviceId=-1, source=0x101 }
01-14 14:12:23.574  5038  5038 I Input   : injectKeyEvent: KeyEvent { action=ACTION_DOWN, keyCode=KEYCODE_DEL, scanCode=0, metaState=0, flags=0x0, repeatCount=0, eventTime=38663883, downTime=38663883, deviceId=-1, source=0x101 }
01-14 14:12:23.576  5038  5038 I Input   : injectKeyEvent: KeyEvent { action=ACTION_UP, keyCode=KEYCODE_DEL, scanCode=0, metaState=0, flags=0x0, repeatCount=0, eventTime=38663883, downTime=38663883, deviceId=-1, source=0x101 }
01-14 14:12:23.577  5038  5038 D AndroidRuntime: Shutting down VM
01-14 14:12:23.744  5049  5049 D AndroidRuntime: >>>>>> START com.android.internal.os.RuntimeInit uid 2000 <<<<<<
01-14 14:12:23.746  5049  5049 D AndroidRuntime: CheckJNI is OFF
01-14 14:12:23.763  5049  5049 W art     : Unexpected CPU variant for X86 using defaults: x86_64
01-14 14:12:23.768  5049  5049 D ICU     : No timezone override file found: /data/misc/zoneinfo/current/icu/icu_tzdata.dat
01-14 14:12:23.783  5049  5049 E memtrack: Couldn't load memtrack module (No such file or directory)
01-14 14:12:23.784  5049  5049 E android.os.Debug: failed to load memtrack module: -2
01-14 14:12:23.784  5049  5049 I Radio-JNI: register_android_hardware_Radio DONE
01-14 14:12:23.789  5049  5049 D AndroidRuntime: Calling main entry com.android.commands.input.Input
01-14 14:12:23.793  5049  5049 I Input   : injectKeyEvent: KeyEvent { action=ACTION_DOWN, keyCode=KEYCODE_SHIFT_LEFT, scanCode=0, metaState=META_SHIFT_ON|META_SHIFT_LEFT_ON, flags=0x0, repeatCount=0, eventTime=38664102, downTime=38664102, deviceId=-1, source=0x101 }
01-14 14:12:23.796  5049  5049 I Input   : injectKeyEvent: KeyEvent { action=ACTION_DOWN, keyCode=KEYCODE_T, scanCode=0, metaState=META_SHIFT_ON|META_SHIFT_LEFT_ON, flags=0x0, repeatCount=0, eventTime=38664102, downTime=38664102, deviceId=-1, source=0x101 }
01-14 14:12:23.799  5049  5049 I Input   : injectKeyEvent: KeyEvent { action=ACTION_UP, keyCode=KEYCODE_T, scanCode=0, metaState=META_SHIFT_ON|META_SHIFT_LEFT_ON, flags=0x0, repeatCount=0, eventTime=38664102, downTime=38664102, deviceId=-1, source=0x101 }
01-14 14:12:23.801  5049  5049 I Input   : injectKeyEvent: KeyEvent { action=ACTION_UP, keyCode=KEYCODE_SHIFT_LEFT, scanCode=0, metaState=0, flags=0x0, repeatCount=0, eventTime=38664102, downTime=38664102, deviceId=-1, source=0x101 }
01-14 14:12:23.803  5049  5049 I Input   : injectKeyEvent: KeyEvent { action=ACTION_DOWN, keyCode=KEYCODE_E, scanCode=0, metaState=0, flags=0x0, repeatCount=0, eventTime=38664102, downTime=38664102, deviceId=-1, source=0x101 }
01-14 14:12:23.805  5049  5049 I Input   : injectKeyEvent: KeyEvent { action=ACTION_UP, keyCode=KEYCODE_E, scanCode=0, metaState=0, flags=0x0, repeatCount=0, eventTime=38664102, downTime=38664102, deviceId=-1, source=0x101 }
01-14 14:12:23.808  5049  5049 I Input   : injectKeyEvent: KeyEvent { action=ACTION_DOWN, keyCode=KEYCODE_S, scanCode=0, metaState=0, flags=0x0, repeatCount=0, eventTime=38664102, downTime=38664102, deviceId=-1, source=0x101 }
01-14 14:12:23.812  5049  5049 I Input   : injectKeyEvent: KeyEvent { action=ACTION_UP, keyCode=KEYCODE_S, scanCode=0, metaState=0, flags=0x0, repeatCount=0, eventTime=38664102, downTime=38664102, deviceId=-1, source=0x101 }
01-14 14:12:23.814  5049  5049 I Input   : injectKeyEvent: KeyEvent { action=ACTION_DOWN, keyCode=KEYCODE_T, scanCode=0, metaState=0, flags=0x0, repeatCount=0, eventTime=38664102, downTime=38664102, deviceId=-1, source=0x101 }
01-14 14:12:23.817  5049  5049 I Input   : injectKeyEvent: KeyEvent { action=ACTION_UP, keyCode=KEYCODE_T, scanCode=0, metaState=0, flags=0x0, repeatCount=0, eventTime=38664102, downTime=38664102, deviceId=-1, source=0x101 }
01-14 14:12:23.818  5049  5049 I Input   : injectKeyEvent: KeyEvent { action=ACTION_DOWN, keyCode=KEYCODE_SHIFT_LEFT, scanCode=0, metaState=META_SHIFT_ON|META_SHIFT_LEFT_ON, flags=0x0, repeatCount=0, eventTime=38664102, downTime=38664102, deviceId=-1, source=0x101 }
01-14 14:12:23.820  5049  5049 I Input   : injectKeyEvent: KeyEvent { action=ACTION_DOWN, keyCode=KEYCODE_T, scanCode=0, metaState=META_SHIFT_ON|META_SHIFT_LEFT_ON, flags=0x0, repeatCount=0, eventTime=38664102, downTime=38664102, deviceId=-1, source=0x101 }
01-14 14:12:23.822  5049  5049 I Input   : injectKeyEvent: KeyEvent { action=ACTION_UP, keyCode=KEYCODE_T, scanCode=0, metaState=META_SHIFT_ON|META_SHIFT_LEFT_ON, flags=0x0, repeatCount=0, eventTime=38664102, downTime=38664102, deviceId=-1, source=0x101 }
01-14 14:12:23.825  5049  5049 I Input   : injectKeyEvent: KeyEvent { action=ACTION_UP, keyCode=KEYCODE_SHIFT_LEFT, scanCode=0, metaState=0, flags=0x0, repeatCount=0, eventTime=38664102, downTime=38664102, deviceId=-1, source=0x101 }
01-14 14:12:23.828  5049  5049 I Input   : injectKeyEvent: KeyEvent { action=ACTION_DOWN, keyCode=KEYCODE_E, scanCode=0, metaState=0, flags=0x0, repeatCount=0, eventTime=38664102, downTime=38664102, deviceId=-1, source=0x101 }
01-14 14:12:23.830  5049  5049 I Input   : injectKeyEvent: KeyEvent { action=ACTION_UP, keyCode=KEYCODE_E, scanCode=0, metaState=0, flags=0x0, repeatCount=0, eventTime=38664102, downTime=38664102, deviceId=-1, source=0x101 }
01-14 14:12:23.832  5049  5049 I Input   : injectKeyEvent: KeyEvent { action=ACTION_DOWN, keyCode=KEYCODE_S, scanCode=0, metaState=0, flags=0x0, repeatCount=0, eventTime=38664102, downTime=38664102, deviceId=-1, source=0x101 }
01-14 14:12:23.835  5049  5049 I Input   : injectKeyEvent: KeyEvent { action=ACTION_UP, keyCode=KEYCODE_S, scanCode=0, metaState=0, flags=0x0, repeatCount=0, eventTime=38664102, downTime=38664102, deviceId=-1, source=0x101 }
01-14 14:12:23.836  5049  5049 I Input   : injectKeyEvent: KeyEvent { action=ACTION_DOWN, keyCode=KEYCODE_T, scanCode=0, metaState=0, flags=0x0, repeatCount=0, eventTime=38664102, downTime=38664102, deviceId=-1, source=0x101 }
01-14 14:12:23.839  5049  5049 I Input   : injectKeyEvent: KeyEvent { action=ACTION_UP, keyCode=KEYCODE_T, scanCode=0, metaState=0, flags=0x0, repeatCount=0, eventTime=38664102, downTime=38664102, deviceId=-1, source=0x101 }
01-14 14:12:23.842  5049  5049 I Input   : injectKeyEvent: KeyEvent { action=ACTION_DOWN, keyCode=KEYCODE_SPACE, scanCode=0, metaState=0, flags=0x0, repeatCount=0, eventTime=38664102, downTime=38664102, deviceId=-1, source=0x101 }
01-14 14:12:23.846  5049  5049 I Input   : injectKeyEvent: KeyEvent { action=ACTION_UP, keyCode=KEYCODE_SPACE, scanCode=0, metaState=0, flags=0x0, repeatCount=0, eventTime=38664102, downTime=38664102, deviceId=-1, source=0x101 }
01-14 14:12:23.847  5049  5049 I Input   : injectKeyEvent: KeyEvent { action=ACTION_DOWN, keyCode=KEYCODE_SHIFT_LEFT, scanCode=0, metaState=META_SHIFT_ON|META_SHIFT_LEFT_ON, flags=0x0, repeatCount=0, eventTime=38664102, downTime=38664102, deviceId=-1, source=0x101 }
01-14 14:12:23.849  5049  5049 I Input   : injectKeyEvent: KeyEvent { action=ACTION_DOWN, keyCode=KEYCODE_T, scanCode=0, metaState=META_SHIFT_ON|META_SHIFT_LEFT_ON, flags=0x0, repeatCount=0, eventTime=38664102, downTime=38664102, deviceId=-1, source=0x101 }
01-14 14:12:23.852  5049  5049 I Input   : injectKeyEvent: KeyEvent { action=ACTION_UP, keyCode=KEYCODE_T, scanCode=0, metaState=META_SHIFT_ON|META_SHIFT_LEFT_ON, flags=0x0, repeatCount=0, eventTime=38664102, downTime=38664102, deviceId=-1, source=0x101 }
01-14 14:12:23.854  5049  5049 I Input   : injectKeyEvent: KeyEvent { action=ACTION_UP, keyCode=KEYCODE_SHIFT_LEFT, scanCode=0, metaState=0, flags=0x0, repeatCount=0, eventTime=38664102, downTime=38664102, deviceId=-1, source=0x101 }
01-14 14:12:23.856  5049  5049 I Input   : injectKeyEvent: KeyEvent { action=ACTION_DOWN, keyCode=KEYCODE_E, scanCode=0, metaState=0, flags=0x0, repeatCount=0, eventTime=38664102, downTime=38664102, deviceId=-1, source=0x101 }
01-14 14:12:23.860  5049  5049 I Input   : injectKeyEvent: KeyEvent { action=ACTION_UP, keyCode=KEYCODE_E, scanCode=0, metaState=0, flags=0x0, repeatCount=0, eventTime=38664102, downTime=38664102, deviceId=-1, source=0x101 }
01-14 14:12:23.862  5049  5049 I Input   : injectKeyEvent: KeyEvent { action=ACTION_DOWN, keyCode=KEYCODE_S, scanCode=0, metaState=0, flags=0x0, repeatCount=0, eventTime=38664102, downTime=38664102, deviceId=-1, source=0x101 }
01-14 14:12:23.865  5049  5049 I Input   : injectKeyEvent: KeyEvent { action=ACTION_UP, keyCode=KEYCODE_S, scanCode=0, metaState=0, flags=0x0, repeatCount=0, eventTime=38664102, downTime=38664102, deviceId=-1, source=0x101 }
01-14 14:12:23.867  5049  5049 I Input   : injectKeyEvent: KeyEvent { action=ACTION_DOWN, keyCode=KEYCODE_T, scanCode=0, metaState=0, flags=0x0, repeatCount=0, eventTime=38664102, downTime=38664102, deviceId=-1, source=0x101 }
01-14 14:12:23.870  5049  5049 I Input   : injectKeyEvent: KeyEvent { action=ACTION_UP, keyCode=KEYCODE_T, scanCode=0, metaState=0, flags=0x0, repeatCount=0, eventTime=38664102, downTime=38664102, deviceId=-1, source=0x101 }
01-14 14:12:23.873  5049  5049 D AndroidRuntime: Shutting down VM
01-14 14:12:23.944  5064  5064 W ls      : type=1400 audit(0.0:345): avc: denied { getattr } for path="/proc/sysrq-trigger" dev="proc" ino=4026532069 scontext=u:r:shell:s0 tcontext=u:object_r:proc_sysrq:s0 tclass=file permissive=0
01-14 14:12:23.944  5064  5064 W ls      : type=1400 audit(0.0:346): avc: denied { getattr } for path="/proc/iomem" dev="proc" ino=4026532007 scontext=u:r:shell:s0 tcontext=u:object_r:proc_iomem:s0 tclass=file permissive=0
01-14 14:12:25.464  1352  1370 E SurfaceFlinger: ro.sf.lcd_density must be defined as a build property
01-14 14:12:25.467  1352  1368 D gralloc_ranchu: gralloc_alloc: Creating ashmem region of size 8294400
01-14 14:12:25.469  5349  5349 D         : HostConnection::get() New Host Connection established 0x770295c2d4e0, tid 5349
01-14 14:12:25.747  5355  5355 D AndroidRuntime: >>>>>> START com.android.internal.os.RuntimeInit uid 2000 <<<<<<
01-14 14:12:25.749  5355  5355 D AndroidRuntime: CheckJNI is OFF
01-14 14:12:25.769  5355  5355 W art     : Unexpected CPU variant for X86 using defaults: x86_64
01-14 14:12:25.774  5355  5355 D ICU     : No timezone override file found: /data/misc/zoneinfo/current/icu/icu_tzdata.dat
01-14 14:12:25.793  5355  5355 E memtrack: Couldn't load memtrack module (No such file or directory)
01-14 14:12:25.793  5355  5355 E android.os.Debug: failed to load memtrack module: -2
01-14 14:12:25.794  5355  5355 I Radio-JNI: register_android_hardware_Radio DONE
01-14 14:12:25.801  5355  5355 D AndroidRuntime: Calling main entry com.android.commands.am.Am
01-14 14:12:25.812 20770 20770 D MediaScannerReceiver: action: android.intent.action.MEDIA_SCANNER_SCAN_FILE path: /storage/emulated/0/screen.png
01-14 14:12:25.814  5355  5355 D AndroidRuntime: Shutting down VM
01-14 14:12:28.216  5368  5368 D AndroidRuntime: >>>>>> START com.android.internal.os.RuntimeInit uid 2000 <<<<<<
01-14 14:12:28.219  5368  5368 D AndroidRuntime: CheckJNI is OFF
01-14 14:12:28.257  5368  5368 W art     : Unexpected CPU variant for X86 using defaults: x86_64
01-14 14:12:28.260  5368  5368 D ICU     : No timezone override file found: /data/local/tmp/misc/zoneinfo/current/icu/icu_tzdata.dat
01-14 14:12:28.280  5368  5368 E memtrack: Couldn't load memtrack module (No such file or directory)
01-14 14:12:28.280  5368  5368 E android.os.Debug: failed to load memtrack module: -2
01-14 14:12:28.281  5368  5368 I Radio-JNI: register_android_hardware_Radio DONE
01-14 14:12:28.286  5368  5368 D AndroidRuntime: Calling main entry com.android.commands.uiautomator.Launcher
01-14 14:12:29.322  5368  5368 W AccessibilityNodeInfoDumper: Fetch time: 4ms
01-14 14:12:29.322  1697  2335 W WindowManager: Attempted to remove non-existing token: android.os.Binder@c630f02
01-14 14:12:29.330  5368  5368 D AndroidRuntime: Shutting down VM
01-14 14:12:31.647  5382  5382 D AndroidRuntime: >>>>>> START com.android.internal.os.RuntimeInit uid 2000 <<<<<<
01-14 14:12:31.649  5382  5382 D AndroidRuntime: CheckJNI is OFF
01-14 14:12:31.668  5382  5382 W art     : Unexpected CPU variant for X86 using defaults: x86_64
01-14 14:12:31.672  5382  5382 D ICU     : No timezone override file found: /data/local/tmp/misc/zoneinfo/current/icu/icu_tzdata.dat
01-14 14:12:31.691  5382  5382 E memtrack: Couldn't load memtrack module (No such file or directory)
01-14 14:12:31.691  5382  5382 E android.os.Debug: failed to load memtrack module: -2
01-14 14:12:31.691  5382  5382 I Radio-JNI: register_android_hardware_Radio DONE
01-14 14:12:31.697  5382  5382 D AndroidRuntime: Calling main entry com.android.commands.uiautomator.Launcher
01-14 14:12:32.735  5382  5382 W AccessibilityNodeInfoDumper: Fetch time: 4ms
01-14 14:12:32.736  1697  2647 W WindowManager: Attempted to remove non-existing token: android.os.Binder@3bfba6f
01-14 14:12:32.743  5382  5382 D AndroidRuntime: Shutting down VM
01-14 14:12:32.749  5382  5388 W art     : No such thread id for suspend: 1
01-14 14:12:33.075  5399  5399 D AndroidRuntime: >>>>>> START com.android.internal.os.RuntimeInit uid 2000 <<<<<<
01-14 14:12:33.077  5399  5399 D AndroidRuntime: CheckJNI is OFF
01-14 14:12:33.095  5399  5399 W art     : Unexpected CPU variant for X86 using defaults: x86_64
01-14 14:12:33.099  5399  5399 D ICU     : No timezone override file found: /data/local/tmp/misc/zoneinfo/current/icu/icu_tzdata.dat
01-14 14:12:33.121  5399  5399 E memtrack: Couldn't load memtrack module (No such file or directory)
01-14 14:12:33.121  5399  5399 E android.os.Debug: failed to load memtrack module: -2
01-14 14:12:33.121  5399  5399 I Radio-JNI: register_android_hardware_Radio DONE
01-14 14:12:33.127  5399  5399 D AndroidRuntime: Calling main entry com.android.commands.uiautomator.Launcher
01-14 14:12:34.164  5399  5399 W AccessibilityNodeInfoDumper: Fetch time: 3ms
01-14 14:12:34.165  1697  1870 W WindowManager: Attempted to remove non-existing token: android.os.Binder@be45405
01-14 14:12:34.168  5399  5399 D AndroidRuntime: Shutting down VM
01-14 14:12:34.538  5419  5419 D AndroidRuntime: >>>>>> START com.android.internal.os.RuntimeInit uid 2000 <<<<<<
01-14 14:12:34.539  5419  5419 D AndroidRuntime: CheckJNI is OFF
01-14 14:12:34.559  5419  5419 W art     : Unexpected CPU variant for X86 using defaults: x86_64
01-14 14:12:34.563  5419  5419 D ICU     : No timezone override file found: /data/local/tmp/misc/zoneinfo/current/icu/icu_tzdata.dat
01-14 14:12:34.583  5419  5419 E memtrack: Couldn't load memtrack module (No such file or directory)
01-14 14:12:34.583  5419  5419 E android.os.Debug: failed to load memtrack module: -2
01-14 14:12:34.584  5419  5419 I Radio-JNI: register_android_hardware_Radio DONE
01-14 14:12:34.589  5419  5419 D AndroidRuntime: Calling main entry com.android.commands.uiautomator.Launcher
01-14 14:12:35.624  5419  5419 W AccessibilityNodeInfoDumper: Fetch time: 4ms
01-14 14:12:35.624  1697  1709 W WindowManager: Attempted to remove non-existing token: android.os.Binder@4378e8b
01-14 14:12:35.630  5419  5419 D AndroidRuntime: Shutting down VM
01-14 14:12:35.889  5431  5431 D AndroidRuntime: >>>>>> START com.android.internal.os.RuntimeInit uid 2000 <<<<<<
01-14 14:12:35.890  5431  5431 D AndroidRuntime: CheckJNI is OFF
01-14 14:12:35.909  5431  5431 W art     : Unexpected CPU variant for X86 using defaults: x86_64
01-14 14:12:35.913  5431  5431 D ICU     : No timezone override file found: /data/misc/zoneinfo/current/icu/icu_tzdata.dat
01-14 14:12:35.931  5431  5431 E memtrack: Couldn't load memtrack module (No such file or directory)
01-14 14:12:35.931  5431  5431 E android.os.Debug: failed to load memtrack module: -2
01-14 14:12:35.931  5431  5431 I Radio-JNI: register_android_hardware_Radio DONE
01-14 14:12:35.937  5431  5431 D AndroidRuntime: Calling main entry com.android.commands.input.Input
01-14 14:12:35.944  5431  5431 I Input   : injectMotionEvent: MotionEvent { action=ACTION_DOWN, actionButton=0, id[0]=0, x[0]=797.0, y[0]=1286.0, toolType[0]=TOOL_TYPE_UNKNOWN, buttonState=0, metaState=0, flags=0x0, edgeFlags=0x0, pointerCount=1, historySize=0, eventTime=38676248, downTime=38676248, deviceId=0, source=0x1002 }
01-14 14:12:35.947  5431  5431 I Input   : injectMotionEvent: MotionEvent { action=ACTION_UP, actionButton=0, id[0]=0, x[0]=797.0, y[0]=1286.0, toolType[0]=TOOL_TYPE_UNKNOWN, buttonState=0, metaState=0, flags=0x0, edgeFlags=0x0, pointerCount=1, historySize=0, eventTime=38676248, downTime=38676248, deviceId=0, source=0x1002 }
01-14 14:12:35.950  5431  5431 D AndroidRuntime: Shutting down VM
01-14 14:12:35.962  1446  1469 W audio_hw_generic: Not supplying enough data to HAL, expected position 13914947 , only wrote 13914720
01-14 14:12:36.157  1446  1469 W audio_hw_generic: Not supplying enough data to HAL, expected position 13924096 , only wrote 13917600
01-14 14:12:36.157  1446  1469 W audio_hw_generic: Not supplying enough data to HAL, expected position 13917613 , only wrote 13917600
01-14 14:12:36.157  1446  1469 W audio_hw_generic: Hardware backing HAL too slow, could only write 0 of 720 frames
01-14 14:12:36.173  1446  1469 W audio_hw_generic: Hardware backing HAL too slow, could only write 0 of 720 frames
01-14 14:12:36.201  1446  1470 D AudioFlinger: mixer(0xf0983ec0) throttle end: throttle time(12)
01-14 14:12:38.764  5449  5449 W ls      : type=1400 audit(0.0:347): avc: denied { getattr } for path="/proc/sysrq-trigger" dev="proc" ino=4026532069 scontext=u:r:shell:s0 tcontext=u:object_r:proc_sysrq:s0 tclass=file permissive=0
01-14 14:12:38.764  5449  5449 W ls      : type=1400 audit(0.0:348): avc: denied { getattr } for path="/proc/iomem" dev="proc" ino=4026532007 scontext=u:r:shell:s0 tcontext=u:object_r:proc_iomem:s0 tclass=file permissive=0
01-14 14:12:39.371  1446  1470 W audio_hw_generic: Not supplying enough data to HAL, expected position 14224045 , only wrote 14071680
01-14 14:12:40.499  5738  5738 D AndroidRuntime: >>>>>> START com.android.internal.os.RuntimeInit uid 2000 <<<<<<
01-14 14:12:40.501  5738  5738 D AndroidRuntime: CheckJNI is OFF
01-14 14:12:40.519  5738  5738 W art     : Unexpected CPU variant for X86 using defaults: x86_64
01-14 14:12:40.523  5738  5738 D ICU     : No timezone override file found: /data/local/tmp/misc/zoneinfo/current/icu/icu_tzdata.dat
01-14 14:12:40.542  5738  5738 E memtrack: Couldn't load memtrack module (No such file or directory)
01-14 14:12:40.542  5738  5738 E android.os.Debug: failed to load memtrack module: -2
01-14 14:12:40.542  5738  5738 I Radio-JNI: register_android_hardware_Radio DONE
01-14 14:12:40.547  5738  5738 D AndroidRuntime: Calling main entry com.android.commands.uiautomator.Launcher
01-14 14:12:41.584  5738  5738 W AccessibilityNodeInfoDumper: Fetch time: 3ms
01-14 14:12:41.584  1697  1709 W WindowManager: Attempted to remove non-existing token: android.os.Binder@714403
01-14 14:12:41.590  5738  5738 D AndroidRuntime: Shutting down VM
01-14 14:12:42.530  5766  5766 D AndroidRuntime: >>>>>> START com.android.internal.os.RuntimeInit uid 2000 <<<<<<
01-14 14:12:42.531  5766  5766 D AndroidRuntime: CheckJNI is OFF
01-14 14:12:42.548  5766  5766 W art     : Unexpected CPU variant for X86 using defaults: x86_64
01-14 14:12:42.552  5766  5766 D ICU     : No timezone override file found: /data/local/tmp/misc/zoneinfo/current/icu/icu_tzdata.dat
01-14 14:12:42.570  5766  5766 E memtrack: Couldn't load memtrack module (No such file or directory)
01-14 14:12:42.570  5766  5766 E android.os.Debug: failed to load memtrack module: -2
01-14 14:12:42.570  5766  5766 I Radio-JNI: register_android_hardware_Radio DONE
01-14 14:12:42.576  5766  5766 D AndroidRuntime: Calling main entry com.android.commands.uiautomator.Launcher
01-14 14:12:43.611  5766  5766 W AccessibilityNodeInfoDumper: Fetch time: 3ms
01-14 14:12:43.612  1697  2339 W WindowManager: Attempted to remove non-existing token: android.os.Binder@520c9b9
01-14 14:12:43.616  5766  5766 D AndroidRuntime: Shutting down VM
01-14 14:12:43.924  5783  5783 D AndroidRuntime: >>>>>> START com.android.internal.os.RuntimeInit uid 2000 <<<<<<
01-14 14:12:43.926  5783  5783 D AndroidRuntime: CheckJNI is OFF
01-14 14:12:43.945  5783  5783 W art     : Unexpected CPU variant for X86 using defaults: x86_64
01-14 14:12:43.948  5783  5783 D ICU     : No timezone override file found: /data/local/tmp/misc/zoneinfo/current/icu/icu_tzdata.dat
01-14 14:12:43.972  5783  5783 E memtrack: Couldn't load memtrack module (No such file or directory)
01-14 14:12:43.973  5783  5783 E android.os.Debug: failed to load memtrack module: -2
01-14 14:12:43.974  5783  5783 I Radio-JNI: register_android_hardware_Radio DONE
01-14 14:12:43.979  5783  5783 D AndroidRuntime: Calling main entry com.android.commands.uiautomator.Launcher
01-14 14:12:45.021  5783  5783 W AccessibilityNodeInfoDumper: Fetch time: 2ms
01-14 14:12:45.021  1697  2627 W WindowManager: Attempted to remove non-existing token: android.os.Binder@ba1d5f
01-14 14:12:45.027  5783  5783 D AndroidRuntime: Shutting down VM
01-14 14:12:46.008  5811  5811 D AndroidRuntime: >>>>>> START com.android.internal.os.RuntimeInit uid 2000 <<<<<<
01-14 14:12:46.009  5811  5811 D AndroidRuntime: CheckJNI is OFF
01-14 14:12:46.027  5811  5811 W art     : Unexpected CPU variant for X86 using defaults: x86_64
01-14 14:12:46.030  5811  5811 D ICU     : No timezone override file found: /data/local/tmp/misc/zoneinfo/current/icu/icu_tzdata.dat
