01-14 14:13:26.492  6796  6796 I Input   : injectKeyEvent: KeyEvent { action=ACTION_DOWN, keyCode=KEYCODE_DEL, scanCode=0, metaState=0, flags=0x0, repeatCount=0, eventTime=38726800, downTime=38726800, deviceId=-1, source=0x101 }
01-14 14:13:26.494  6796  6796 I Input   : injectKeyEvent: KeyEvent { action=ACTION_UP, keyCode=KEYCODE_DEL, scanCode=0, metaState=0, flags=0x0, repeatCount=0, eventTime=38726800, downTime=38726800, deviceId=-1, source=0x101 }
01-14 14:13:26.496  6796  6796 I Input   : injectKeyEvent: KeyEvent { action=ACTION_DOWN, keyCode=KEYCODE_DEL, scanCode=0, metaState=0, flags=0x0, repeatCount=0, eventTime=38726805, downTime=38726805, deviceId=-1, source=0x101 }
01-14 14:13:26.497  6796  6796 I Input   : injectKeyEvent: KeyEvent { action=ACTION_UP, keyCode=KEYCODE_DEL, scanCode=0, metaState=0, flags=0x0, repeatCount=0, eventTime=38726805, downTime=38726805, deviceId=-1, source=0x101 }
01-14 14:13:26.499  6796  6796 I Input   : injectKeyEvent: KeyEvent { action=ACTION_DOWN, keyCode=KEYCODE_DEL, scanCode=0, metaState=0, flags=0x0, repeatCount=0, eventTime=38726808, downTime=38726808, deviceId=-1, source=0x101 }
01-14 14:13:26.501  6796  6796 I Input   : injectKeyEvent: KeyEvent { action=ACTION_UP, keyCode=KEYCODE_DEL, scanCode=0, metaState=0, flags=0x0, repeatCount=0, eventTime=38726808, downTime=38726808, deviceId=-1, source=0x101 }
01-14 14:13:26.503  6796  6796 I Input   : injectKeyEvent: KeyEvent { action=ACTION_DOWN, keyCode=KEYCODE_DEL, scanCode=0, metaState=0, flags=0x0, repeatCount=0, eventTime=38726812, downTime=38726812, deviceId=-1, source=0x101 }
01-14 14:13:26.505  6796  6796 I Input   : injectKeyEvent: KeyEvent { action=ACTION_UP, keyCode=KEYCODE_DEL, scanCode=0, metaState=0, flags=0x0, repeatCount=0, eventTime=38726812, downTime=38726812, deviceId=-1, source=0x101 }
01-14 14:13:26.506  6796  6796 I Input   : injectKeyEvent: KeyEvent { action=ACTION_DOWN, keyCode=KEYCODE_DEL, scanCode=0, metaState=0, flags=0x0, repeatCount=0, eventTime=38726815, downTime=38726815, deviceId=-1, source=0x101 }
01-14 14:13:26.508  6796  6796 I Input   : injectKeyEvent: KeyEvent { action=ACTION_UP, keyCode=KEYCODE_DEL, scanCode=0, metaState=0, flags=0x0, repeatCount=0, eventTime=38726815, downTime=38726815, deviceId=-1, source=0x101 }
01-14 14:13:26.510  6796  6796 I Input   : injectKeyEvent: KeyEvent { action=ACTION_DOWN, keyCode=KEYCODE_DEL, scanCode=0, metaState=0, flags=0x0, repeatCount=0, eventTime=38726819, downTime=38726819, deviceId=-1, source=0x101 }
01-14 14:13:26.512  6796  6796 I Input   : injectKeyEvent: KeyEvent { action=ACTION_UP, keyCode=KEYCODE_DEL, scanCode=0, metaState=0, flags=0x0, repeatCount=0, eventTime=38726819, downTime=38726819, deviceId=-1, source=0x101 }
01-14 14:13:26.513  6796  6796 I Input   : injectKeyEvent: KeyEvent { action=ACTION_DOWN, keyCode=KEYCODE_DEL, scanCode=0, metaState=0, flags=0x0, repeatCount=0, eventTime=38726822, downTime=38726822, deviceId=-1, source=0x101 }
01-14 14:13:26.515  6796  6796 I Input   : injectKeyEvent: KeyEvent { action=ACTION_UP, keyCode=KEYCODE_DEL, scanCode=0, metaState=0, flags=0x0, repeatCount=0, eventTime=38726822, downTime=38726822, deviceId=-1, source=0x101 }
01-14 14:13:26.516  6796  6796 I Input   : injectKeyEvent: KeyEvent { action=ACTION_DOWN, keyCode=KEYCODE_DEL, scanCode=0, metaState=0, flags=0x0, repeatCount=0, eventTime=38726825, downTime=38726825, deviceId=-1, source=0x101 }
01-14 14:13:26.518  6796  6796 I Input   : injectKeyEvent: KeyEvent { action=ACTION_UP, keyCode=KEYCODE_DEL, scanCode=0, metaState=0, flags=0x0, repeatCount=0, eventTime=38726825, downTime=38726825, deviceId=-1, source=0x101 }
01-14 14:13:26.520  6796  6796 I Input   : injectKeyEvent: KeyEvent { action=ACTION_DOWN, keyCode=KEYCODE_DEL, scanCode=0, metaState=0, flags=0x0, repeatCount=0, eventTime=38726829, downTime=38726829, deviceId=-1, source=0x101 }
01-14 14:13:26.521  6796  6796 I Input   : injectKeyEvent: KeyEvent { action=ACTION_UP, keyCode=KEYCODE_DEL, scanCode=0, metaState=0, flags=0x0, repeatCount=0, eventTime=38726829, downTime=38726829, deviceId=-1, source=0x101 }
01-14 14:13:26.523  6796  6796 I Input   : injectKeyEvent: KeyEvent { action=ACTION_DOWN, keyCode=KEYCODE_DEL, scanCode=0, metaState=0, flags=0x0, repeatCount=0, eventTime=38726832, downTime=38726832, deviceId=-1, source=0x101 }
01-14 14:13:26.525  6796  6796 I Input   : injectKeyEvent: KeyEvent { action=ACTION_UP, keyCode=KEYCODE_DEL, scanCode=0, metaState=0, flags=0x0, repeatCount=0, eventTime=38726832, downTime=38726832, deviceId=-1, source=0x101 }
01-14 14:13:26.527  6796  6796 I Input   : injectKeyEvent: KeyEvent { action=ACTION_DOWN, keyCode=KEYCODE_DEL, scanCode=0, metaState=0, flags=0x0, repeatCount=0, eventTime=38726836, downTime=38726836, deviceId=-1, source=0x101 }
01-14 14:13:26.529  6796  6796 I Input   : injectKeyEvent: KeyEvent { action=ACTION_UP, keyCode=KEYCODE_DEL, scanCode=0, metaState=0, flags=0x0, repeatCount=0, eventTime=38726836, downTime=38726836, deviceId=-1, source=0x101 }
01-14 14:13:26.530  6796  6796 I Input   : injectKeyEvent: KeyEvent { action=ACTION_DOWN, keyCode=KEYCODE_DEL, scanCode=0, metaState=0, flags=0x0, repeatCount=0, eventTime=38726839, downTime=38726839, deviceId=-1, source=0x101 }
01-14 14:13:26.532  6796  6796 I Input   : injectKeyEvent: KeyEvent { action=ACTION_UP, keyCode=KEYCODE_DEL, scanCode=0, metaState=0, flags=0x0, repeatCount=0, eventTime=38726839, downTime=38726839, deviceId=-1, source=0x101 }
01-14 14:13:26.534  6796  6796 I Input   : injectKeyEvent: KeyEvent { action=ACTION_DOWN, keyCode=KEYCODE_DEL, scanCode=0, metaState=0, flags=0x0, repeatCount=0, eventTime=38726843, downTime=38726843, deviceId=-1, source=0x101 }
01-14 14:13:26.536  6796  6796 I Input   : injectKeyEvent: KeyEvent { action=ACTION_UP, keyCode=KEYCODE_DEL, scanCode=0, metaState=0, flags=0x0, repeatCount=0, eventTime=38726843, downTime=38726843, deviceId=-1, source=0x101 }
01-14 14:13:26.537  6796  6796 I Input   : injectKeyEvent: KeyEvent { action=ACTION_DOWN, keyCode=KEYCODE_DEL, scanCode=0, metaState=0, flags=0x0, repeatCount=0, eventTime=38726846, downTime=38726846, deviceId=-1, source=0x101 }
01-14 14:13:26.539  6796  6796 I Input   : injectKeyEvent: KeyEvent { action=ACTION_UP, keyCode=KEYCODE_DEL, scanCode=0, metaState=0, flags=0x0, repeatCount=0, eventTime=38726846, downTime=38726846, deviceId=-1, source=0x101 }
01-14 14:13:26.540  6796  6796 I Input   : injectKeyEvent: KeyEvent { action=ACTION_DOWN, keyCode=KEYCODE_DEL, scanCode=0, metaState=0, flags=0x0, repeatCount=0, eventTime=38726849, downTime=38726849, deviceId=-1, source=0x101 }
01-14 14:13:26.542  6796  6796 I Input   : injectKeyEvent: KeyEvent { action=ACTION_UP, keyCode=KEYCODE_DEL, scanCode=0, metaState=0, flags=0x0, repeatCount=0, eventTime=38726849, downTime=38726849, deviceId=-1, source=0x101 }
01-14 14:13:26.544  6796  6796 I Input   : injectKeyEvent: KeyEvent { action=ACTION_DOWN, keyCode=KEYCODE_DEL, scanCode=0, metaState=0, flags=0x0, repeatCount=0, eventTime=38726853, downTime=38726853, deviceId=-1, source=0x101 }
01-14 14:13:26.545  6796  6796 I Input   : injectKeyEvent: KeyEvent { action=ACTION_UP, keyCode=KEYCODE_DEL, scanCode=0, metaState=0, flags=0x0, repeatCount=0, eventTime=38726853, downTime=38726853, deviceId=-1, source=0x101 }
01-14 14:13:26.547  6796  6796 I Input   : injectKeyEvent: KeyEvent { action=ACTION_DOWN, keyCode=KEYCODE_DEL, scanCode=0, metaState=0, flags=0x0, repeatCount=0, eventTime=38726856, downTime=38726856, deviceId=-1, source=0x101 }
01-14 14:13:26.549  6796  6796 I Input   : injectKeyEvent: KeyEvent { action=ACTION_UP, keyCode=KEYCODE_DEL, scanCode=0, metaState=0, flags=0x0, repeatCount=0, eventTime=38726856, downTime=38726856, deviceId=-1, source=0x101 }
01-14 14:13:26.550  6796  6796 I Input   : injectKeyEvent: KeyEvent { action=ACTION_DOWN, keyCode=KEYCODE_DEL, scanCode=0, metaState=0, flags=0x0, repeatCount=0, eventTime=38726859, downTime=38726859, deviceId=-1, source=0x101 }
01-14 14:13:26.552  6796  6796 I Input   : injectKeyEvent: KeyEvent { action=ACTION_UP, keyCode=KEYCODE_DEL, scanCode=0, metaState=0, flags=0x0, repeatCount=0, eventTime=38726859, downTime=38726859, deviceId=-1, source=0x101 }
01-14 14:13:26.554  6796  6796 I Input   : injectKeyEvent: KeyEvent { action=ACTION_DOWN, keyCode=KEYCODE_DEL, scanCode=0, metaState=0, flags=0x0, repeatCount=0, eventTime=38726863, downTime=38726863, deviceId=-1, source=0x101 }
01-14 14:13:26.555  6796  6796 I Input   : injectKeyEvent: KeyEvent { action=ACTION_UP, keyCode=KEYCODE_DEL, scanCode=0, metaState=0, flags=0x0, repeatCount=0, eventTime=38726863, downTime=38726863, deviceId=-1, source=0x101 }
01-14 14:13:26.557  6796  6796 I Input   : injectKeyEvent: KeyEvent { action=ACTION_DOWN, keyCode=KEYCODE_DEL, scanCode=0, metaState=0, flags=0x0, repeatCount=0, eventTime=38726866, downTime=38726866, deviceId=-1, source=0x101 }
01-14 14:13:26.559  6796  6796 I Input   : injectKeyEvent: KeyEvent { action=ACTION_UP, keyCode=KEYCODE_DEL, scanCode=0, metaState=0, flags=0x0, repeatCount=0, eventTime=38726866, downTime=38726866, deviceId=-1, source=0x101 }
01-14 14:13:26.560  6796  6796 I Input   : injectKeyEvent: KeyEvent { action=ACTION_DOWN, keyCode=KEYCODE_DEL, scanCode=0, metaState=0, flags=0x0, repeatCount=0, eventTime=38726870, downTime=38726870, deviceId=-1, source=0x101 }
01-14 14:13:26.562  6796  6796 I Input   : injectKeyEvent: KeyEvent { action=ACTION_UP, keyCode=KEYCODE_DEL, scanCode=0, metaState=0, flags=0x0, repeatCount=0, eventTime=38726870, downTime=38726870, deviceId=-1, source=0x101 }
01-14 14:13:26.564  6796  6796 I Input   : injectKeyEvent: KeyEvent { action=ACTION_DOWN, keyCode=KEYCODE_DEL, scanCode=0, metaState=0, flags=0x0, repeatCount=0, eventTime=38726873, downTime=38726873, deviceId=-1, source=0x101 }
01-14 14:13:26.566  6796  6796 I Input   : injectKeyEvent: KeyEvent { action=ACTION_UP, keyCode=KEYCODE_DEL, scanCode=0, metaState=0, flags=0x0, repeatCount=0, eventTime=38726873, downTime=38726873, deviceId=-1, source=0x101 }
01-14 14:13:26.568  6796  6796 I Input   : injectKeyEvent: KeyEvent { action=ACTION_DOWN, keyCode=KEYCODE_DEL, scanCode=0, metaState=0, flags=0x0, repeatCount=0, eventTime=38726877, downTime=38726877, deviceId=-1, source=0x101 }
01-14 14:13:26.569  6796  6796 I Input   : injectKeyEvent: KeyEvent { action=ACTION_UP, keyCode=KEYCODE_DEL, scanCode=0, metaState=0, flags=0x0, repeatCount=0, eventTime=38726877, downTime=38726877, deviceId=-1, source=0x101 }
01-14 14:13:26.571  6796  6796 I Input   : injectKeyEvent: KeyEvent { action=ACTION_DOWN, keyCode=KEYCODE_DEL, scanCode=0, metaState=0, flags=0x0, repeatCount=0, eventTime=38726880, downTime=38726880, deviceId=-1, source=0x101 }
01-14 14:13:26.573  6796  6796 I Input   : injectKeyEvent: KeyEvent { action=ACTION_UP, keyCode=KEYCODE_DEL, scanCode=0, metaState=0, flags=0x0, repeatCount=0, eventTime=38726880, downTime=38726880, deviceId=-1, source=0x101 }
01-14 14:13:26.574  6796  6796 I Input   : injectKeyEvent: KeyEvent { action=ACTION_DOWN, keyCode=KEYCODE_DEL, scanCode=0, metaState=0, flags=0x0, repeatCount=0, eventTime=38726883, downTime=38726883, deviceId=-1, source=0x101 }
01-14 14:13:26.577  6796  6796 I Input   : injectKeyEvent: KeyEvent { action=ACTION_UP, keyCode=KEYCODE_DEL, scanCode=0, metaState=0, flags=0x0, repeatCount=0, eventTime=38726883, downTime=38726883, deviceId=-1, source=0x101 }
01-14 14:13:26.579  6796  6796 I Input   : injectKeyEvent: KeyEvent { action=ACTION_DOWN, keyCode=KEYCODE_DEL, scanCode=0, metaState=0, flags=0x0, repeatCount=0, eventTime=38726888, downTime=38726888, deviceId=-1, source=0x101 }
01-14 14:13:26.581  6796  6796 I Input   : injectKeyEvent: KeyEvent { action=ACTION_UP, keyCode=KEYCODE_DEL, scanCode=0, metaState=0, flags=0x0, repeatCount=0, eventTime=38726888, downTime=38726888, deviceId=-1, source=0x101 }
01-14 14:13:26.583  6796  6796 I Input   : injectKeyEvent: KeyEvent { action=ACTION_DOWN, keyCode=KEYCODE_DEL, scanCode=0, metaState=0, flags=0x0, repeatCount=0, eventTime=38726892, downTime=38726892, deviceId=-1, source=0x101 }
01-14 14:13:26.585  6796  6796 I Input   : injectKeyEvent: KeyEvent { action=ACTION_UP, keyCode=KEYCODE_DEL, scanCode=0, metaState=0, flags=0x0, repeatCount=0, eventTime=38726892, downTime=38726892, deviceId=-1, source=0x101 }
01-14 14:13:26.587  6796  6796 I Input   : injectKeyEvent: KeyEvent { action=ACTION_DOWN, keyCode=KEYCODE_DEL, scanCode=0, metaState=0, flags=0x0, repeatCount=0, eventTime=38726896, downTime=38726896, deviceId=-1, source=0x101 }
01-14 14:13:26.588  6796  6796 I Input   : injectKeyEvent: KeyEvent { action=ACTION_UP, keyCode=KEYCODE_DEL, scanCode=0, metaState=0, flags=0x0, repeatCount=0, eventTime=38726896, downTime=38726896, deviceId=-1, source=0x101 }
01-14 14:13:26.591  6796  6796 I Input   : injectKeyEvent: KeyEvent { action=ACTION_DOWN, keyCode=KEYCODE_DEL, scanCode=0, metaState=0, flags=0x0, repeatCount=0, eventTime=38726900, downTime=38726900, deviceId=-1, source=0x101 }
01-14 14:13:26.592  6796  6796 I Input   : injectKeyEvent: KeyEvent { action=ACTION_UP, keyCode=KEYCODE_DEL, scanCode=0, metaState=0, flags=0x0, repeatCount=0, eventTime=38726900, downTime=38726900, deviceId=-1, source=0x101 }
01-14 14:13:26.595  6796  6796 I Input   : injectKeyEvent: KeyEvent { action=ACTION_DOWN, keyCode=KEYCODE_DEL, scanCode=0, metaState=0, flags=0x0, repeatCount=0, eventTime=38726904, downTime=38726904, deviceId=-1, source=0x101 }
01-14 14:13:26.596  6796  6796 I Input   : injectKeyEvent: KeyEvent { action=ACTION_UP, keyCode=KEYCODE_DEL, scanCode=0, metaState=0, flags=0x0, repeatCount=0, eventTime=38726904, downTime=38726904, deviceId=-1, source=0x101 }
01-14 14:13:26.598  6796  6796 I Input   : injectKeyEvent: KeyEvent { action=ACTION_DOWN, keyCode=KEYCODE_DEL, scanCode=0, metaState=0, flags=0x0, repeatCount=0, eventTime=38726907, downTime=38726907, deviceId=-1, source=0x101 }
01-14 14:13:26.600  6796  6796 I Input   : injectKeyEvent: KeyEvent { action=ACTION_UP, keyCode=KEYCODE_DEL, scanCode=0, metaState=0, flags=0x0, repeatCount=0, eventTime=38726907, downTime=38726907, deviceId=-1, source=0x101 }
01-14 14:13:26.602  6796  6796 I Input   : injectKeyEvent: KeyEvent { action=ACTION_DOWN, keyCode=KEYCODE_DEL, scanCode=0, metaState=0, flags=0x0, repeatCount=0, eventTime=38726911, downTime=38726911, deviceId=-1, source=0x101 }
01-14 14:13:26.603  6796  6796 I Input   : injectKeyEvent: KeyEvent { action=ACTION_UP, keyCode=KEYCODE_DEL, scanCode=0, metaState=0, flags=0x0, repeatCount=0, eventTime=38726911, downTime=38726911, deviceId=-1, source=0x101 }
01-14 14:13:26.605  6796  6796 I Input   : injectKeyEvent: KeyEvent { action=ACTION_DOWN, keyCode=KEYCODE_DEL, scanCode=0, metaState=0, flags=0x0, repeatCount=0, eventTime=38726914, downTime=38726914, deviceId=-1, source=0x101 }
01-14 14:13:26.606  6796  6796 I Input   : injectKeyEvent: KeyEvent { action=ACTION_UP, keyCode=KEYCODE_DEL, scanCode=0, metaState=0, flags=0x0, repeatCount=0, eventTime=38726914, downTime=38726914, deviceId=-1, source=0x101 }
01-14 14:13:26.608  6796  6796 I Input   : injectKeyEvent: KeyEvent { action=ACTION_DOWN, keyCode=KEYCODE_DEL, scanCode=0, metaState=0, flags=0x0, repeatCount=0, eventTime=38726917, downTime=38726917, deviceId=-1, source=0x101 }
01-14 14:13:26.610  6796  6796 I Input   : injectKeyEvent: KeyEvent { action=ACTION_UP, keyCode=KEYCODE_DEL, scanCode=0, metaState=0, flags=0x0, repeatCount=0, eventTime=38726917, downTime=38726917, deviceId=-1, source=0x101 }
01-14 14:13:26.612  6796  6796 I Input   : injectKeyEvent: KeyEvent { action=ACTION_DOWN, keyCode=KEYCODE_DEL, scanCode=0, metaState=0, flags=0x0, repeatCount=0, eventTime=38726921, downTime=38726921, deviceId=-1, source=0x101 }
01-14 14:13:26.614  6796  6796 I Input   : injectKeyEvent: KeyEvent { action=ACTION_UP, keyCode=KEYCODE_DEL, scanCode=0, metaState=0, flags=0x0, repeatCount=0, eventTime=38726921, downTime=38726921, deviceId=-1, source=0x101 }
01-14 14:13:26.615  6796  6796 I Input   : injectKeyEvent: KeyEvent { action=ACTION_DOWN, keyCode=KEYCODE_DEL, scanCode=0, metaState=0, flags=0x0, repeatCount=0, eventTime=38726924, downTime=38726924, deviceId=-1, source=0x101 }
01-14 14:13:26.617  6796  6796 I Input   : injectKeyEvent: KeyEvent { action=ACTION_UP, keyCode=KEYCODE_DEL, scanCode=0, metaState=0, flags=0x0, repeatCount=0, eventTime=38726924, downTime=38726924, deviceId=-1, source=0x101 }
01-14 14:13:26.619  6796  6796 I Input   : injectKeyEvent: KeyEvent { action=ACTION_DOWN, keyCode=KEYCODE_DEL, scanCode=0, metaState=0, flags=0x0, repeatCount=0, eventTime=38726928, downTime=38726928, deviceId=-1, source=0x101 }
01-14 14:13:26.620  6796  6796 I Input   : injectKeyEvent: KeyEvent { action=ACTION_UP, keyCode=KEYCODE_DEL, scanCode=0, metaState=0, flags=0x0, repeatCount=0, eventTime=38726928, downTime=38726928, deviceId=-1, source=0x101 }
01-14 14:13:26.622  6796  6796 I Input   : injectKeyEvent: KeyEvent { action=ACTION_DOWN, keyCode=KEYCODE_DEL, scanCode=0, metaState=0, flags=0x0, repeatCount=0, eventTime=38726931, downTime=38726931, deviceId=-1, source=0x101 }
01-14 14:13:26.624  6796  6796 I Input   : injectKeyEvent: KeyEvent { action=ACTION_UP, keyCode=KEYCODE_DEL, scanCode=0, metaState=0, flags=0x0, repeatCount=0, eventTime=38726931, downTime=38726931, deviceId=-1, source=0x101 }
01-14 14:13:26.626  6796  6796 I Input   : injectKeyEvent: KeyEvent { action=ACTION_DOWN, keyCode=KEYCODE_DEL, scanCode=0, metaState=0, flags=0x0, repeatCount=0, eventTime=38726935, downTime=38726935, deviceId=-1, source=0x101 }
01-14 14:13:26.627  6796  6796 I Input   : injectKeyEvent: KeyEvent { action=ACTION_UP, keyCode=KEYCODE_DEL, scanCode=0, metaState=0, flags=0x0, repeatCount=0, eventTime=38726935, downTime=38726935, deviceId=-1, source=0x101 }
01-14 14:13:26.629  6796  6796 I Input   : injectKeyEvent: KeyEvent { action=ACTION_DOWN, keyCode=KEYCODE_DEL, scanCode=0, metaState=0, flags=0x0, repeatCount=0, eventTime=38726938, downTime=38726938, deviceId=-1, source=0x101 }
01-14 14:13:26.630  6796  6796 I Input   : injectKeyEvent: KeyEvent { action=ACTION_UP, keyCode=KEYCODE_DEL, scanCode=0, metaState=0, flags=0x0, repeatCount=0, eventTime=38726938, downTime=38726938, deviceId=-1, source=0x101 }
01-14 14:13:26.633  6796  6796 I Input   : injectKeyEvent: KeyEvent { action=ACTION_DOWN, keyCode=KEYCODE_DEL, scanCode=0, metaState=0, flags=0x0, repeatCount=0, eventTime=38726942, downTime=38726942, deviceId=-1, source=0x101 }
01-14 14:13:26.634  6796  6796 I Input   : injectKeyEvent: KeyEvent { action=ACTION_UP, keyCode=KEYCODE_DEL, scanCode=0, metaState=0, flags=0x0, repeatCount=0, eventTime=38726942, downTime=38726942, deviceId=-1, source=0x101 }
01-14 14:13:26.636  6796  6796 I Input   : injectKeyEvent: KeyEvent { action=ACTION_DOWN, keyCode=KEYCODE_DEL, scanCode=0, metaState=0, flags=0x0, repeatCount=0, eventTime=38726945, downTime=38726945, deviceId=-1, source=0x101 }
01-14 14:13:26.637  6796  6796 I Input   : injectKeyEvent: KeyEvent { action=ACTION_UP, keyCode=KEYCODE_DEL, scanCode=0, metaState=0, flags=0x0, repeatCount=0, eventTime=38726945, downTime=38726945, deviceId=-1, source=0x101 }
01-14 14:13:26.639  6796  6796 I Input   : injectKeyEvent: KeyEvent { action=ACTION_DOWN, keyCode=KEYCODE_DEL, scanCode=0, metaState=0, flags=0x0, repeatCount=0, eventTime=38726948, downTime=38726948, deviceId=-1, source=0x101 }
01-14 14:13:26.641  6796  6796 I Input   : injectKeyEvent: KeyEvent { action=ACTION_UP, keyCode=KEYCODE_DEL, scanCode=0, metaState=0, flags=0x0, repeatCount=0, eventTime=38726948, downTime=38726948, deviceId=-1, source=0x101 }
01-14 14:13:26.642  6796  6796 I Input   : injectKeyEvent: KeyEvent { action=ACTION_DOWN, keyCode=KEYCODE_DEL, scanCode=0, metaState=0, flags=0x0, repeatCount=0, eventTime=38726952, downTime=38726952, deviceId=-1, source=0x101 }
01-14 14:13:26.645  6796  6796 I Input   : injectKeyEvent: KeyEvent { action=ACTION_UP, keyCode=KEYCODE_DEL, scanCode=0, metaState=0, flags=0x0, repeatCount=0, eventTime=38726952, downTime=38726952, deviceId=-1, source=0x101 }
01-14 14:13:26.646  6796  6796 I Input   : injectKeyEvent: KeyEvent { action=ACTION_DOWN, keyCode=KEYCODE_DEL, scanCode=0, metaState=0, flags=0x0, repeatCount=0, eventTime=38726955, downTime=38726955, deviceId=-1, source=0x101 }
01-14 14:13:26.649  6796  6796 I Input   : injectKeyEvent: KeyEvent { action=ACTION_UP, keyCode=KEYCODE_DEL, scanCode=0, metaState=0, flags=0x0, repeatCount=0, eventTime=38726955, downTime=38726955, deviceId=-1, source=0x101 }
01-14 14:13:26.651  6796  6796 I Input   : injectKeyEvent: KeyEvent { action=ACTION_DOWN, keyCode=KEYCODE_DEL, scanCode=0, metaState=0, flags=0x0, repeatCount=0, eventTime=38726960, downTime=38726960, deviceId=-1, source=0x101 }
01-14 14:13:26.653  6796  6796 I Input   : injectKeyEvent: KeyEvent { action=ACTION_UP, keyCode=KEYCODE_DEL, scanCode=0, metaState=0, flags=0x0, repeatCount=0, eventTime=38726960, downTime=38726960, deviceId=-1, source=0x101 }
01-14 14:13:26.655  6796  6796 I Input   : injectKeyEvent: KeyEvent { action=ACTION_DOWN, keyCode=KEYCODE_DEL, scanCode=0, metaState=0, flags=0x0, repeatCount=0, eventTime=38726964, downTime=38726964, deviceId=-1, source=0x101 }
01-14 14:13:26.657  6796  6796 I Input   : injectKeyEvent: KeyEvent { action=ACTION_UP, keyCode=KEYCODE_DEL, scanCode=0, metaState=0, flags=0x0, repeatCount=0, eventTime=38726964, downTime=38726964, deviceId=-1, source=0x101 }
01-14 14:13:26.659  6796  6796 I Input   : injectKeyEvent: KeyEvent { action=ACTION_DOWN, keyCode=KEYCODE_DEL, scanCode=0, metaState=0, flags=0x0, repeatCount=0, eventTime=38726968, downTime=38726968, deviceId=-1, source=0x101 }
01-14 14:13:26.661  6796  6796 I Input   : injectKeyEvent: KeyEvent { action=ACTION_UP, keyCode=KEYCODE_DEL, scanCode=0, metaState=0, flags=0x0, repeatCount=0, eventTime=38726968, downTime=38726968, deviceId=-1, source=0x101 }
01-14 14:13:26.663  6796  6796 I Input   : injectKeyEvent: KeyEvent { action=ACTION_DOWN, keyCode=KEYCODE_DEL, scanCode=0, metaState=0, flags=0x0, repeatCount=0, eventTime=38726972, downTime=38726972, deviceId=-1, source=0x101 }
01-14 14:13:26.664  6796  6796 I Input   : injectKeyEvent: KeyEvent { action=ACTION_UP, keyCode=KEYCODE_DEL, scanCode=0, metaState=0, flags=0x0, repeatCount=0, eventTime=38726972, downTime=38726972, deviceId=-1, source=0x101 }
01-14 14:13:26.666  6796  6796 I Input   : injectKeyEvent: KeyEvent { action=ACTION_DOWN, keyCode=KEYCODE_DEL, scanCode=0, metaState=0, flags=0x0, repeatCount=0, eventTime=38726975, downTime=38726975, deviceId=-1, source=0x101 }
01-14 14:13:26.668  6796  6796 I Input   : injectKeyEvent: KeyEvent { action=ACTION_UP, keyCode=KEYCODE_DEL, scanCode=0, metaState=0, flags=0x0, repeatCount=0, eventTime=38726975, downTime=38726975, deviceId=-1, source=0x101 }
01-14 14:13:26.669  6796  6796 D AndroidRuntime: Shutting down VM
01-14 14:13:26.838  6807  6807 D AndroidRuntime: >>>>>> START com.android.internal.os.RuntimeInit uid 2000 <<<<<<
01-14 14:13:26.839  6807  6807 D AndroidRuntime: CheckJNI is OFF
01-14 14:13:26.856  6807  6807 W art     : Unexpected CPU variant for X86 using defaults: x86_64
01-14 14:13:26.860  6807  6807 D ICU     : No timezone override file found: /data/misc/zoneinfo/current/icu/icu_tzdata.dat
01-14 14:13:26.876  6807  6807 E memtrack: Couldn't load memtrack module (No such file or directory)
01-14 14:13:26.876  6807  6807 E android.os.Debug: failed to load memtrack module: -2
01-14 14:13:26.876  6807  6807 I Radio-JNI: register_android_hardware_Radio DONE
01-14 14:13:26.881  6807  6807 D AndroidRuntime: Calling main entry com.android.commands.input.Input
01-14 14:13:26.887  6807  6807 I Input   : injectKeyEvent: KeyEvent { action=ACTION_DOWN, keyCode=KEYCODE_SHIFT_LEFT, scanCode=0, metaState=META_SHIFT_ON|META_SHIFT_LEFT_ON, flags=0x0, repeatCount=0, eventTime=38727196, downTime=38727196, deviceId=-1, source=0x101 }
01-14 14:13:26.890  6807  6807 I Input   : injectKeyEvent: KeyEvent { action=ACTION_DOWN, keyCode=KEYCODE_T, scanCode=0, metaState=META_SHIFT_ON|META_SHIFT_LEFT_ON, flags=0x0, repeatCount=0, eventTime=38727196, downTime=38727196, deviceId=-1, source=0x101 }
01-14 14:13:26.893  6807  6807 I Input   : injectKeyEvent: KeyEvent { action=ACTION_UP, keyCode=KEYCODE_T, scanCode=0, metaState=META_SHIFT_ON|META_SHIFT_LEFT_ON, flags=0x0, repeatCount=0, eventTime=38727196, downTime=38727196, deviceId=-1, source=0x101 }
01-14 14:13:26.895  6807  6807 I Input   : injectKeyEvent: KeyEvent { action=ACTION_UP, keyCode=KEYCODE_SHIFT_LEFT, scanCode=0, metaState=0, flags=0x0, repeatCount=0, eventTime=38727196, downTime=38727196, deviceId=-1, source=0x101 }
01-14 14:13:26.896  6807  6807 I Input   : injectKeyEvent: KeyEvent { action=ACTION_DOWN, keyCode=KEYCODE_E, scanCode=0, metaState=0, flags=0x0, repeatCount=0, eventTime=38727196, downTime=38727196, deviceId=-1, source=0x101 }
01-14 14:13:26.898  6807  6807 I Input   : injectKeyEvent: KeyEvent { action=ACTION_UP, keyCode=KEYCODE_E, scanCode=0, metaState=0, flags=0x0, repeatCount=0, eventTime=38727196, downTime=38727196, deviceId=-1, source=0x101 }
01-14 14:13:26.900  6807  6807 I Input   : injectKeyEvent: KeyEvent { action=ACTION_DOWN, keyCode=KEYCODE_S, scanCode=0, metaState=0, flags=0x0, repeatCount=0, eventTime=38727196, downTime=38727196, deviceId=-1, source=0x101 }
01-14 14:13:26.903  6807  6807 I Input   : injectKeyEvent: KeyEvent { action=ACTION_UP, keyCode=KEYCODE_S, scanCode=0, metaState=0, flags=0x0, repeatCount=0, eventTime=38727196, downTime=38727196, deviceId=-1, source=0x101 }
01-14 14:13:26.904  6807  6807 I Input   : injectKeyEvent: KeyEvent { action=ACTION_DOWN, keyCode=KEYCODE_T, scanCode=0, metaState=0, flags=0x0, repeatCount=0, eventTime=38727196, downTime=38727196, deviceId=-1, source=0x101 }
01-14 14:13:26.908  6807  6807 I Input   : injectKeyEvent: KeyEvent { action=ACTION_UP, keyCode=KEYCODE_T, scanCode=0, metaState=0, flags=0x0, repeatCount=0, eventTime=38727196, downTime=38727196, deviceId=-1, source=0x101 }
01-14 14:13:26.910  6807  6807 I Input   : injectKeyEvent: KeyEvent { action=ACTION_DOWN, keyCode=KEYCODE_SHIFT_LEFT, scanCode=0, metaState=META_SHIFT_ON|META_SHIFT_LEFT_ON, flags=0x0, repeatCount=0, eventTime=38727196, downTime=38727196, deviceId=-1, source=0x101 }
01-14 14:13:26.912  6807  6807 I Input   : injectKeyEvent: KeyEvent { action=ACTION_DOWN, keyCode=KEYCODE_T, scanCode=0, metaState=META_SHIFT_ON|META_SHIFT_LEFT_ON, flags=0x0, repeatCount=0, eventTime=38727196, downTime=38727196, deviceId=-1, source=0x101 }
01-14 14:13:26.914  6807  6807 I Input   : injectKeyEvent: KeyEvent { action=ACTION_UP, keyCode=KEYCODE_T, scanCode=0, metaState=META_SHIFT_ON|META_SHIFT_LEFT_ON, flags=0x0, repeatCount=0, eventTime=38727196, downTime=38727196, deviceId=-1, source=0x101 }
01-14 14:13:26.916  6807  6807 I Input   : injectKeyEvent: KeyEvent { action=ACTION_UP, keyCode=KEYCODE_SHIFT_LEFT, scanCode=0, metaState=0, flags=0x0, repeatCount=0, eventTime=38727196, downTime=38727196, deviceId=-1, source=0x101 }
01-14 14:13:26.917  6807  6807 I Input   : injectKeyEvent: KeyEvent { action=ACTION_DOWN, keyCode=KEYCODE_E, scanCode=0, metaState=0, flags=0x0, repeatCount=0, eventTime=38727196, downTime=38727196, deviceId=-1, source=0x101 }
01-14 14:13:26.920  6807  6807 I Input   : injectKeyEvent: KeyEvent { action=ACTION_UP, keyCode=KEYCODE_E, scanCode=0, metaState=0, flags=0x0, repeatCount=0, eventTime=38727196, downTime=38727196, deviceId=-1, source=0x101 }
01-14 14:13:26.922  6807  6807 I Input   : injectKeyEvent: KeyEvent { action=ACTION_DOWN, keyCode=KEYCODE_S, scanCode=0, metaState=0, flags=0x0, repeatCount=0, eventTime=38727196, downTime=38727196, deviceId=-1, source=0x101 }
01-14 14:13:26.925  6807  6807 I Input   : injectKeyEvent: KeyEvent { action=ACTION_UP, keyCode=KEYCODE_S, scanCode=0, metaState=0, flags=0x0, repeatCount=0, eventTime=38727196, downTime=38727196, deviceId=-1, source=0x101 }
01-14 14:13:26.927  6807  6807 I Input   : injectKeyEvent: KeyEvent { action=ACTION_DOWN, keyCode=KEYCODE_T, scanCode=0, metaState=0, flags=0x0, repeatCount=0, eventTime=38727196, downTime=38727196, deviceId=-1, source=0x101 }
01-14 14:13:26.929  6807  6807 I Input   : injectKeyEvent: KeyEvent { action=ACTION_UP, keyCode=KEYCODE_T, scanCode=0, metaState=0, flags=0x0, repeatCount=0, eventTime=38727196, downTime=38727196, deviceId=-1, source=0x101 }
01-14 14:13:26.932  6807  6807 I Input   : injectKeyEvent: KeyEvent { action=ACTION_DOWN, keyCode=KEYCODE_SPACE, scanCode=0, metaState=0, flags=0x0, repeatCount=0, eventTime=38727196, downTime=38727196, deviceId=-1, source=0x101 }
01-14 14:13:26.934  6807  6807 I Input   : injectKeyEvent: KeyEvent { action=ACTION_UP, keyCode=KEYCODE_SPACE, scanCode=0, metaState=0, flags=0x0, repeatCount=0, eventTime=38727196, downTime=38727196, deviceId=-1, source=0x101 }
01-14 14:13:26.936  6807  6807 I Input   : injectKeyEvent: KeyEvent { action=ACTION_DOWN, keyCode=KEYCODE_SHIFT_LEFT, scanCode=0, metaState=META_SHIFT_ON|META_SHIFT_LEFT_ON, flags=0x0, repeatCount=0, eventTime=38727196, downTime=38727196, deviceId=-1, source=0x101 }
01-14 14:13:26.938  6807  6807 I Input   : injectKeyEvent: KeyEvent { action=ACTION_DOWN, keyCode=KEYCODE_T, scanCode=0, metaState=META_SHIFT_ON|META_SHIFT_LEFT_ON, flags=0x0, repeatCount=0, eventTime=38727196, downTime=38727196, deviceId=-1, source=0x101 }
01-14 14:13:26.942  6807  6807 I Input   : injectKeyEvent: KeyEvent { action=ACTION_UP, keyCode=KEYCODE_T, scanCode=0, metaState=META_SHIFT_ON|META_SHIFT_LEFT_ON, flags=0x0, repeatCount=0, eventTime=38727196, downTime=38727196, deviceId=-1, source=0x101 }
01-14 14:13:26.944  6807  6807 I Input   : injectKeyEvent: KeyEvent { action=ACTION_UP, keyCode=KEYCODE_SHIFT_LEFT, scanCode=0, metaState=0, flags=0x0, repeatCount=0, eventTime=38727196, downTime=38727196, deviceId=-1, source=0x101 }
01-14 14:13:26.946  6807  6807 I Input   : injectKeyEvent: KeyEvent { action=ACTION_DOWN, keyCode=KEYCODE_E, scanCode=0, metaState=0, flags=0x0, repeatCount=0, eventTime=38727196, downTime=38727196, deviceId=-1, source=0x101 }
01-14 14:13:26.948  6807  6807 I Input   : injectKeyEvent: KeyEvent { action=ACTION_UP, keyCode=KEYCODE_E, scanCode=0, metaState=0, flags=0x0, repeatCount=0, eventTime=38727196, downTime=38727196, deviceId=-1, source=0x101 }
01-14 14:13:26.950  6807  6807 I Input   : injectKeyEvent: KeyEvent { action=ACTION_DOWN, keyCode=KEYCODE_S, scanCode=0, metaState=0, flags=0x0, repeatCount=0, eventTime=38727196, downTime=38727196, deviceId=-1, source=0x101 }
01-14 14:13:26.953  6807  6807 I Input   : injectKeyEvent: KeyEvent { action=ACTION_UP, keyCode=KEYCODE_S, scanCode=0, metaState=0, flags=0x0, repeatCount=0, eventTime=38727196, downTime=38727196, deviceId=-1, source=0x101 }
01-14 14:13:26.955  6807  6807 I Input   : injectKeyEvent: KeyEvent { action=ACTION_DOWN, keyCode=KEYCODE_T, scanCode=0, metaState=0, flags=0x0, repeatCount=0, eventTime=38727196, downTime=38727196, deviceId=-1, source=0x101 }
01-14 14:13:26.960  6807  6807 I Input   : injectKeyEvent: KeyEvent { action=ACTION_UP, keyCode=KEYCODE_T, scanCode=0, metaState=0, flags=0x0, repeatCount=0, eventTime=38727196, downTime=38727196, deviceId=-1, source=0x101 }
01-14 14:13:26.962  6807  6807 D AndroidRuntime: Shutting down VM
01-14 14:13:27.034  6822  6822 W ls      : type=1400 audit(0.0:353): avc: denied { getattr } for path="/proc/sysrq-trigger" dev="proc" ino=4026532069 scontext=u:r:shell:s0 tcontext=u:object_r:proc_sysrq:s0 tclass=file permissive=0
01-14 14:13:27.034  6822  6822 W ls      : type=1400 audit(0.0:354): avc: denied { getattr } for path="/proc/iomem" dev="proc" ino=4026532007 scontext=u:r:shell:s0 tcontext=u:object_r:proc_iomem:s0 tclass=file permissive=0
01-14 14:13:28.549  1352  1384 E SurfaceFlinger: ro.sf.lcd_density must be defined as a build property
01-14 14:13:28.552  1352  1370 D gralloc_ranchu: gralloc_alloc: Creating ashmem region of size 8294400
01-14 14:13:28.554  7103  7103 D         : HostConnection::get() New Host Connection established 0x7703f582d4e0, tid 7103
01-14 14:13:28.833  7108  7108 D AndroidRuntime: >>>>>> START com.android.internal.os.RuntimeInit uid 2000 <<<<<<
01-14 14:13:28.837  7108  7108 D AndroidRuntime: CheckJNI is OFF
01-14 14:13:28.856  7108  7108 W art     : Unexpected CPU variant for X86 using defaults: x86_64
01-14 14:13:28.860  7108  7108 D ICU     : No timezone override file found: /data/misc/zoneinfo/current/icu/icu_tzdata.dat
01-14 14:13:28.878  7108  7108 E memtrack: Couldn't load memtrack module (No such file or directory)
01-14 14:13:28.878  7108  7108 E android.os.Debug: failed to load memtrack module: -2
01-14 14:13:28.879  7108  7108 I Radio-JNI: register_android_hardware_Radio DONE
01-14 14:13:28.887  7108  7108 D AndroidRuntime: Calling main entry com.android.commands.am.Am
01-14 14:13:28.900 20770 20770 D MediaScannerReceiver: action: android.intent.action.MEDIA_SCANNER_SCAN_FILE path: /storage/emulated/0/screen.png
01-14 14:13:28.903  7108  7108 D AndroidRuntime: Shutting down VM
01-14 14:13:31.315  7121  7121 D AndroidRuntime: >>>>>> START com.android.internal.os.RuntimeInit uid 2000 <<<<<<
01-14 14:13:31.316  7121  7121 D AndroidRuntime: CheckJNI is OFF
01-14 14:13:31.355  7121  7121 W art     : Unexpected CPU variant for X86 using defaults: x86_64
01-14 14:13:31.359  7121  7121 D ICU     : No timezone override file found: /data/local/tmp/misc/zoneinfo/current/icu/icu_tzdata.dat
01-14 14:13:31.379  7121  7121 E memtrack: Couldn't load memtrack module (No such file or directory)
01-14 14:13:31.379  7121  7121 E android.os.Debug: failed to load memtrack module: -2
01-14 14:13:31.380  7121  7121 I Radio-JNI: register_android_hardware_Radio DONE
01-14 14:13:31.385  7121  7121 D AndroidRuntime: Calling main entry com.android.commands.uiautomator.Launcher
01-14 14:13:32.424  7121  7121 W AccessibilityNodeInfoDumper: Fetch time: 3ms
01-14 14:13:32.425  1697  2650 W WindowManager: Attempted to remove non-existing token: android.os.Binder@a9f5db8
01-14 14:13:32.432  7121  7121 D AndroidRuntime: Shutting down VM
01-14 14:13:34.750  7135  7135 D AndroidRuntime: >>>>>> START com.android.internal.os.RuntimeInit uid 2000 <<<<<<
01-14 14:13:34.751  7135  7135 D AndroidRuntime: CheckJNI is OFF
01-14 14:13:34.770  7135  7135 W art     : Unexpected CPU variant for X86 using defaults: x86_64
01-14 14:13:34.774  7135  7135 D ICU     : No timezone override file found: /data/local/tmp/misc/zoneinfo/current/icu/icu_tzdata.dat
01-14 14:13:34.795  7135  7135 E memtrack: Couldn't load memtrack module (No such file or directory)
01-14 14:13:34.795  7135  7135 E android.os.Debug: failed to load memtrack module: -2
01-14 14:13:34.796  7135  7135 I Radio-JNI: register_android_hardware_Radio DONE
01-14 14:13:34.801  7135  7135 D AndroidRuntime: Calling main entry com.android.commands.uiautomator.Launcher
01-14 14:13:35.846  7135  7135 W AccessibilityNodeInfoDumper: Fetch time: 3ms
01-14 14:13:35.846  1697  2339 W WindowManager: Attempted to remove non-existing token: android.os.Binder@cc89d64
01-14 14:13:35.853  7135  7135 D AndroidRuntime: Shutting down VM
01-14 14:13:36.172  7152  7152 D AndroidRuntime: >>>>>> START com.android.internal.os.RuntimeInit uid 2000 <<<<<<
01-14 14:13:36.175  7152  7152 D AndroidRuntime: CheckJNI is OFF
01-14 14:13:36.193  7152  7152 W art     : Unexpected CPU variant for X86 using defaults: x86_64
01-14 14:13:36.197  7152  7152 D ICU     : No timezone override file found: /data/local/tmp/misc/zoneinfo/current/icu/icu_tzdata.dat
01-14 14:13:36.217  7152  7152 E memtrack: Couldn't load memtrack module (No such file or directory)
01-14 14:13:36.217  7152  7152 E android.os.Debug: failed to load memtrack module: -2
01-14 14:13:36.218  7152  7152 I Radio-JNI: register_android_hardware_Radio DONE
01-14 14:13:36.224  7152  7152 D AndroidRuntime: Calling main entry com.android.commands.uiautomator.Launcher
01-14 14:13:37.267  7152  7152 W AccessibilityNodeInfoDumper: Fetch time: 3ms
01-14 14:13:37.267  1697  2651 W WindowManager: Attempted to remove non-existing token: android.os.Binder@21acc82
01-14 14:13:37.273  7152  7152 D AndroidRuntime: Shutting down VM
01-14 14:13:37.638  7172  7172 D AndroidRuntime: >>>>>> START com.android.internal.os.RuntimeInit uid 2000 <<<<<<
01-14 14:13:37.639  7172  7172 D AndroidRuntime: CheckJNI is OFF
01-14 14:13:37.658  7172  7172 W art     : Unexpected CPU variant for X86 using defaults: x86_64
01-14 14:13:37.662  7172  7172 D ICU     : No timezone override file found: /data/local/tmp/misc/zoneinfo/current/icu/icu_tzdata.dat
01-14 14:13:37.691  7172  7172 E memtrack: Couldn't load memtrack module (No such file or directory)
01-14 14:13:37.692  7172  7172 E android.os.Debug: failed to load memtrack module: -2
01-14 14:13:37.693  7172  7172 I Radio-JNI: register_android_hardware_Radio DONE
01-14 14:13:37.699  7172  7172 D AndroidRuntime: Calling main entry com.android.commands.uiautomator.Launcher
01-14 14:13:38.743  7172  7172 W AccessibilityNodeInfoDumper: Fetch time: 4ms
01-14 14:13:38.745  1697  2647 W WindowManager: Attempted to remove non-existing token: android.os.Binder@e242bd0
01-14 14:13:38.750  7172  7172 D AndroidRuntime: Shutting down VM
01-14 14:13:39.005  7184  7184 D AndroidRuntime: >>>>>> START com.android.internal.os.RuntimeInit uid 2000 <<<<<<
01-14 14:13:39.007  7184  7184 D AndroidRuntime: CheckJNI is OFF
01-14 14:13:39.026  7184  7184 W art     : Unexpected CPU variant for X86 using defaults: x86_64
01-14 14:13:39.030  7184  7184 D ICU     : No timezone override file found: /data/misc/zoneinfo/current/icu/icu_tzdata.dat
01-14 14:13:39.045  7184  7184 E memtrack: Couldn't load memtrack module (No such file or directory)
01-14 14:13:39.045  7184  7184 E android.os.Debug: failed to load memtrack module: -2
01-14 14:13:39.045  7184  7184 I Radio-JNI: register_android_hardware_Radio DONE
01-14 14:13:39.050  7184  7184 D AndroidRuntime: Calling main entry com.android.commands.input.Input
01-14 14:13:39.059  7184  7184 I Input   : injectMotionEvent: MotionEvent { action=ACTION_DOWN, actionButton=0, id[0]=0, x[0]=539.0, y[0]=1063.0, toolType[0]=TOOL_TYPE_UNKNOWN, buttonState=0, metaState=0, flags=0x0, edgeFlags=0x0, pointerCount=1, historySize=0, eventTime=38739363, downTime=38739363, deviceId=0, source=0x1002 }
01-14 14:13:39.063  7184  7184 I Input   : injectMotionEvent: MotionEvent { action=ACTION_UP, actionButton=0, id[0]=0, x[0]=539.0, y[0]=1063.0, toolType[0]=TOOL_TYPE_UNKNOWN, buttonState=0, metaState=0, flags=0x0, edgeFlags=0x0, pointerCount=1, historySize=0, eventTime=38739363, downTime=38739363, deviceId=0, source=0x1002 }
01-14 14:13:39.065  7184  7184 D AndroidRuntime: Shutting down VM
01-14 14:13:39.077  1697  2650 I ActivityManager: START u0 {act=android.intent.action.VIEW dat=https://simperium.com/... cmp=android/com.android.internal.app.ResolverActivity} from uid 10088 on display 0
01-14 14:13:39.087  1446  1469 W audio_hw_generic: Not supplying enough data to HAL, expected position 14071960 , only wrote 14071680
01-14 14:13:39.282  1446  1469 W audio_hw_generic: Not supplying enough data to HAL, expected position 14080992 , only wrote 14074560
01-14 14:13:39.282  1446  1469 W audio_hw_generic: Not supplying enough data to HAL, expected position 14074571 , only wrote 14074560
01-14 14:13:39.282  1446  1469 W audio_hw_generic: Hardware backing HAL too slow, could only write 0 of 720 frames
01-14 14:13:39.283  1697  1711 W art     : Long monitor contention with owner Binder:1697_D (2650) at int com.android.server.am.ActivityStarter.startActivityMayWait(android.app.IApplicationThread, int, java.lang.String, android.content.Intent, java.lang.String, android.service.voice.IVoiceInteractionSession, com.android.internal.app.IVoiceInteractor, android.os.IBinder, java.lang.String, int, int, android.app.ProfilerInfo, android.app.IActivityManager$WaitResult, android.content.res.Configuration, android.os.Bundle, boolean, int, android.app.IActivityContainer, com.android.server.am.TaskRecord)(ActivityStarter.java:730) waiters=0 in void com.android.server.am.ActivityManagerService$MainHandler.handleMessage(android.os.Message) for 201ms
01-14 14:13:39.299  1446  1469 W audio_hw_generic: Hardware backing HAL too slow, could only write 0 of 720 frames
01-14 14:13:39.326  1446  1470 D AudioFlinger: mixer(0xf0983ec0) throttle end: throttle time(12)
01-14 14:13:39.368  1352  1370 D gralloc_ranchu: gralloc_alloc: Creating ashmem region of size 10424320
01-14 14:13:39.429   673   673 W IInputConnectionWrapper: reportFullscreenMode on inexistent InputConnection
01-14 14:13:39.429   673   673 W IInputConnectionWrapper: finishComposingText on inactive InputConnection
01-14 14:13:39.430  1352  1370 D gralloc_ranchu: gralloc_alloc: Creating ashmem region of size 10424320
01-14 14:13:39.433  1697  1718 I ActivityManager: Displayed android/com.android.internal.app.ResolverActivity: +144ms
01-14 14:13:39.505  1352  1384 D gralloc_ranchu: gralloc_alloc: Creating ashmem region of size 10424320
01-14 14:13:42.454  7208  7208 W ls      : type=1400 audit(0.0:355): avc: denied { getattr } for path="/proc/sysrq-trigger" dev="proc" ino=4026532069 scontext=u:r:shell:s0 tcontext=u:object_r:proc_sysrq:s0 tclass=file permissive=0
01-14 14:13:42.454  7208  7208 W ls      : type=1400 audit(0.0:356): avc: denied { getattr } for path="/proc/iomem" dev="proc" ino=4026532007 scontext=u:r:shell:s0 tcontext=u:object_r:proc_iomem:s0 tclass=file permissive=0
01-14 14:13:42.493  1446  1470 W audio_hw_generic: Not supplying enough data to HAL, expected position 14380857 , only wrote 14228640
01-14 14:13:44.160  7495  7495 D AndroidRuntime: >>>>>> START com.android.internal.os.RuntimeInit uid 2000 <<<<<<
01-14 14:13:44.163  7495  7495 D AndroidRuntime: CheckJNI is OFF
01-14 14:13:44.181  7495  7495 W art     : Unexpected CPU variant for X86 using defaults: x86_64
01-14 14:13:44.186  7495  7495 D ICU     : No timezone override file found: /data/misc/zoneinfo/current/icu/icu_tzdata.dat
01-14 14:13:44.201  7495  7495 E memtrack: Couldn't load memtrack module (No such file or directory)
01-14 14:13:44.201  7495  7495 E android.os.Debug: failed to load memtrack module: -2
01-14 14:13:44.202  7495  7495 I Radio-JNI: register_android_hardware_Radio DONE
01-14 14:13:44.209  7495  7495 D AndroidRuntime: Calling main entry com.android.commands.input.Input
01-14 14:13:44.211  7495  7495 I Input   : injectKeyEvent: KeyEvent { action=ACTION_DOWN, keyCode=KEYCODE_BACK, scanCode=0, metaState=0, flags=0x0, repeatCount=0, eventTime=38744520, downTime=38744520, deviceId=-1, source=0x101 }
01-14 14:13:44.216  7495  7495 I Input   : injectKeyEvent: KeyEvent { action=ACTION_UP, keyCode=KEYCODE_BACK, scanCode=0, metaState=0, flags=0x0, repeatCount=0, eventTime=38744520, downTime=38744520, deviceId=-1, source=0x101 }
01-14 14:13:44.228  7495  7495 D AndroidRuntime: Shutting down VM
01-14 14:13:44.507  1697  1718 I WindowManager: Destroying surface Surface(name=android/com.android.internal.app.ResolverActivity) called by com.android.server.wm.WindowStateAnimator.destroySurface:2016 com.android.server.wm.WindowStateAnimator.destroySurfaceLocked:882 com.android.server.wm.WindowState.destroyOrSaveSurface:2100 com.android.server.wm.AppWindowToken.destroySurfaces:363 com.android.server.wm.WindowStateAnimator.finishExit:565 com.android.server.wm.AppWindowAnimator.stepAnimationLocked:427 com.android.server.wm.WindowAnimator.updateAppWindowsLocked:196 com.android.server.wm.WindowAnimator.animateLocked:678 
01-14 14:13:45.448  7507  7507 D AndroidRuntime: >>>>>> START com.android.internal.os.RuntimeInit uid 2000 <<<<<<
01-14 14:13:45.450  7507  7507 D AndroidRuntime: CheckJNI is OFF
01-14 14:13:45.467  7507  7507 W art     : Unexpected CPU variant for X86 using defaults: x86_64
01-14 14:13:45.471  7507  7507 D ICU     : No timezone override file found: /data/local/tmp/misc/zoneinfo/current/icu/icu_tzdata.dat
01-14 14:13:45.489  7507  7507 E memtrack: Couldn't load memtrack module (No such file or directory)
01-14 14:13:45.489  7507  7507 E android.os.Debug: failed to load memtrack module: -2
01-14 14:13:45.489  7507  7507 I Radio-JNI: register_android_hardware_Radio DONE
01-14 14:13:45.495  7507  7507 D AndroidRuntime: Calling main entry com.android.commands.uiautomator.Launcher
01-14 14:13:46.525  7507  7507 W AccessibilityNodeInfoDumper: Fetch time: 3ms
01-14 14:13:46.527  1697  2651 W WindowManager: Attempted to remove non-existing token: android.os.Binder@dc1818
01-14 14:13:46.533  7507  7507 D AndroidRuntime: Shutting down VM
01-14 14:13:47.586  7535  7535 D AndroidRuntime: >>>>>> START com.android.internal.os.RuntimeInit uid 2000 <<<<<<
01-14 14:13:47.589  7535  7535 D AndroidRuntime: CheckJNI is OFF
01-14 14:13:47.611  7535  7535 W art     : Unexpected CPU variant for X86 using defaults: x86_64
01-14 14:13:47.616  7535  7535 D ICU     : No timezone override file found: /data/local/tmp/misc/zoneinfo/current/icu/icu_tzdata.dat
01-14 14:13:47.638  7535  7535 E memtrack: Couldn't load memtrack module (No such file or directory)
01-14 14:13:47.638  7535  7535 E android.os.Debug: failed to load memtrack module: -2
01-14 14:13:47.639  7535  7535 I Radio-JNI: register_android_hardware_Radio DONE
01-14 14:13:47.647  7535  7535 D AndroidRuntime: Calling main entry com.android.commands.uiautomator.Launcher
01-14 14:13:48.685  7535  7535 W AccessibilityNodeInfoDumper: Fetch time: 6ms
01-14 14:13:48.686  1697  2205 W WindowManager: Attempted to remove non-existing token: android.os.Binder@3d06856
01-14 14:13:48.693  7535  7535 D AndroidRuntime: Shutting down VM
01-14 14:13:49.052  7552  7552 D AndroidRuntime: >>>>>> START com.android.internal.os.RuntimeInit uid 2000 <<<<<<
01-14 14:13:49.054  7552  7552 D AndroidRuntime: CheckJNI is OFF
01-14 14:13:49.075  7552  7552 W art     : Unexpected CPU variant for X86 using defaults: x86_64
01-14 14:13:49.078  7552  7552 D ICU     : No timezone override file found: /data/local/tmp/misc/zoneinfo/current/icu/icu_tzdata.dat
01-14 14:13:49.102  7552  7552 E memtrack: Couldn't load memtrack module (No such file or directory)
01-14 14:13:49.102  7552  7552 E android.os.Debug: failed to load memtrack module: -2
01-14 14:13:49.103  7552  7552 I Radio-JNI: register_android_hardware_Radio DONE
01-14 14:13:49.109  7552  7552 D AndroidRuntime: Calling main entry com.android.commands.uiautomator.Launcher
01-14 14:13:50.153  7552  7552 W AccessibilityNodeInfoDumper: Fetch time: 4ms
01-14 14:13:50.154  1697  1870 W WindowManager: Attempted to remove non-existing token: android.os.Binder@102b3e2
01-14 14:13:50.159  7552  7552 D AndroidRuntime: Shutting down VM
01-14 14:13:51.138  7580  7580 D AndroidRuntime: >>>>>> START com.android.internal.os.RuntimeInit uid 2000 <<<<<<
01-14 14:13:51.140  7580  7580 D AndroidRuntime: CheckJNI is OFF
01-14 14:13:51.157  7580  7580 W art     : Unexpected CPU variant for X86 using defaults: x86_64
01-14 14:13:51.160  7580  7580 D ICU     : No timezone override file found: /data/local/tmp/misc/zoneinfo/current/icu/icu_tzdata.dat
01-14 14:13:51.179  7580  7580 E memtrack: Couldn't load memtrack module (No such file or directory)
01-14 14:13:51.179  7580  7580 E android.os.Debug: failed to load memtrack module: -2
01-14 14:13:51.179  7580  7580 I Radio-JNI: register_android_hardware_Radio DONE
01-14 14:13:51.185  7580  7580 D AndroidRuntime: Calling main entry com.android.commands.uiautomator.Launcher
01-14 14:13:52.220  7580  7580 W AccessibilityNodeInfoDumper: Fetch time: 4ms
01-14 14:13:52.221  1697  1870 W WindowManager: Attempted to remove non-existing token: android.os.Binder@731d230
01-14 14:13:52.228  7580  7580 D AndroidRuntime: Shutting down VM
01-14 14:13:53.303  7614  7614 D AndroidRuntime: >>>>>> START com.android.internal.os.RuntimeInit uid 2000 <<<<<<
01-14 14:13:53.304  7614  7614 D AndroidRuntime: CheckJNI is OFF
01-14 14:13:53.322  7614  7614 W art     : Unexpected CPU variant for X86 using defaults: x86_64
01-14 14:13:53.325  7614  7614 D ICU     : No timezone override file found: /data/local/tmp/misc/zoneinfo/current/icu/icu_tzdata.dat
01-14 14:13:53.343  7614  7614 E memtrack: Couldn't load memtrack module (No such file or directory)
01-14 14:13:53.343  7614  7614 E android.os.Debug: failed to load memtrack module: -2
01-14 14:13:53.344  7614  7614 I Radio-JNI: register_android_hardware_Radio DONE
01-14 14:13:53.349  7614  7614 D AndroidRuntime: Calling main entry com.android.commands.uiautomator.Launcher
01-14 14:13:54.379  7614  7614 W AccessibilityNodeInfoDumper: Fetch time: 3ms
01-14 14:13:54.380  1697  2627 W WindowManager: Attempted to remove non-existing token: android.os.Binder@21c2c2e
01-14 14:13:54.386  7614  7614 D AndroidRuntime: Shutting down VM
01-14 14:13:54.605  1352  3608 E SurfaceFlinger: ro.sf.lcd_density must be defined as a build property
01-14 14:13:54.608  1352  1384 D gralloc_ranchu: gralloc_alloc: Creating ashmem region of size 8294400
01-14 14:13:54.610  7629  7629 D         : HostConnection::get() New Host Connection established 0x7e4728e2d4e0, tid 7629
01-14 14:13:54.919  7634  7634 D AndroidRuntime: >>>>>> START com.android.internal.os.RuntimeInit uid 2000 <<<<<<
01-14 14:13:54.922  7634  7634 D AndroidRuntime: CheckJNI is OFF
01-14 14:13:54.942  7634  7634 W art     : Unexpected CPU variant for X86 using defaults: x86_64
01-14 14:13:54.947  7634  7634 D ICU     : No timezone override file found: /data/misc/zoneinfo/current/icu/icu_tzdata.dat
01-14 14:13:54.966  7634  7634 E memtrack: Couldn't load memtrack module (No such file or directory)
01-14 14:13:54.966  7634  7634 E android.os.Debug: failed to load memtrack module: -2
01-14 14:13:54.967  7634  7634 I Radio-JNI: register_android_hardware_Radio DONE
01-14 14:13:54.974  7634  7634 D AndroidRuntime: Calling main entry com.android.commands.am.Am
01-14 14:13:54.988 20770 20770 D MediaScannerReceiver: action: android.intent.action.MEDIA_SCANNER_SCAN_FILE path: /storage/emulated/0/screen.png
