01-14 14:11:58.672  4495  4495 W AccessibilityNodeInfoDumper: Fetch time: 3ms
01-14 14:11:58.673  1697  2648 W WindowManager: Attempted to remove non-existing token: android.os.Binder@e9fc8db
01-14 14:11:58.677  4495  4495 D AndroidRuntime: Shutting down VM
01-14 14:11:58.905  1352  2209 E SurfaceFlinger: ro.sf.lcd_density must be defined as a build property
01-14 14:11:58.907  1352  1370 D gralloc_ranchu: gralloc_alloc: Creating ashmem region of size 8294400
01-14 14:11:58.910  4510  4510 D         : HostConnection::get() New Host Connection established 0x749adc22d4e0, tid 4510
01-14 14:11:59.213  4515  4515 D AndroidRuntime: >>>>>> START com.android.internal.os.RuntimeInit uid 2000 <<<<<<
01-14 14:11:59.216  4515  4515 D AndroidRuntime: CheckJNI is OFF
01-14 14:11:59.237  4515  4515 W art     : Unexpected CPU variant for X86 using defaults: x86_64
01-14 14:11:59.241  4515  4515 D ICU     : No timezone override file found: /data/misc/zoneinfo/current/icu/icu_tzdata.dat
01-14 14:11:59.262  4515  4515 E memtrack: Couldn't load memtrack module (No such file or directory)
01-14 14:11:59.262  4515  4515 E android.os.Debug: failed to load memtrack module: -2
01-14 14:11:59.264  4515  4515 I Radio-JNI: register_android_hardware_Radio DONE
01-14 14:11:59.270  4515  4515 D AndroidRuntime: Calling main entry com.android.commands.am.Am
01-14 14:11:59.285 20770 20770 D MediaScannerReceiver: action: android.intent.action.MEDIA_SCANNER_SCAN_FILE path: /storage/emulated/0/screen.png
01-14 14:11:59.288  4515  4515 D AndroidRuntime: Shutting down VM
01-14 14:12:00.029  1910  2146 D EGL_emulation: eglMakeCurrent: 0x7de1dea2de60: ver 3 0 (tinfo 0x7de1dea0c6e0)
01-14 14:12:01.701  4528  4528 D AndroidRuntime: >>>>>> START com.android.internal.os.RuntimeInit uid 2000 <<<<<<
01-14 14:12:01.702  4528  4528 D AndroidRuntime: CheckJNI is OFF
01-14 14:12:01.736  4528  4528 W art     : Unexpected CPU variant for X86 using defaults: x86_64
01-14 14:12:01.740  4528  4528 D ICU     : No timezone override file found: /data/local/tmp/misc/zoneinfo/current/icu/icu_tzdata.dat
01-14 14:12:01.763  4528  4528 E memtrack: Couldn't load memtrack module (No such file or directory)
01-14 14:12:01.763  4528  4528 E android.os.Debug: failed to load memtrack module: -2
01-14 14:12:01.764  4528  4528 I Radio-JNI: register_android_hardware_Radio DONE
01-14 14:12:01.769  4528  4528 D AndroidRuntime: Calling main entry com.android.commands.uiautomator.Launcher
01-14 14:12:02.804  4528  4528 W AccessibilityNodeInfoDumper: Fetch time: 3ms
01-14 14:12:02.804  1697  1870 W WindowManager: Attempted to remove non-existing token: android.os.Binder@4f60b24
01-14 14:12:02.811  4528  4528 D AndroidRuntime: Shutting down VM
01-14 14:12:05.124  4545  4545 D AndroidRuntime: >>>>>> START com.android.internal.os.RuntimeInit uid 2000 <<<<<<
01-14 14:12:05.126  4545  4545 D AndroidRuntime: CheckJNI is OFF
01-14 14:12:05.145  4545  4545 W art     : Unexpected CPU variant for X86 using defaults: x86_64
01-14 14:12:05.148  4545  4545 D ICU     : No timezone override file found: /data/local/tmp/misc/zoneinfo/current/icu/icu_tzdata.dat
01-14 14:12:05.169  4545  4545 E memtrack: Couldn't load memtrack module (No such file or directory)
01-14 14:12:05.169  4545  4545 E android.os.Debug: failed to load memtrack module: -2
01-14 14:12:05.170  4545  4545 I Radio-JNI: register_android_hardware_Radio DONE
01-14 14:12:05.176  4545  4545 D AndroidRuntime: Calling main entry com.android.commands.uiautomator.Launcher
01-14 14:12:06.217  4545  4545 W AccessibilityNodeInfoDumper: Fetch time: 3ms
01-14 14:12:06.218  1697  1708 W WindowManager: Attempted to remove non-existing token: android.os.Binder@4425042
01-14 14:12:06.224  4545  4545 D AndroidRuntime: Shutting down VM
01-14 14:12:06.360  1697  1807 I WifiConnectivityManager: start a single scan from watchdogHandler
01-14 14:12:06.360  1697  1807 I WifiConnectivityManager: scheduleWatchdogTimer
01-14 14:12:06.577  4562  4562 D AndroidRuntime: >>>>>> START com.android.internal.os.RuntimeInit uid 2000 <<<<<<
01-14 14:12:06.579  4562  4562 D AndroidRuntime: CheckJNI is OFF
01-14 14:12:06.598  4562  4562 W art     : Unexpected CPU variant for X86 using defaults: x86_64
01-14 14:12:06.603  4562  4562 D ICU     : No timezone override file found: /data/local/tmp/misc/zoneinfo/current/icu/icu_tzdata.dat
01-14 14:12:06.623  4562  4562 E memtrack: Couldn't load memtrack module (No such file or directory)
01-14 14:12:06.623  4562  4562 E android.os.Debug: failed to load memtrack module: -2
01-14 14:12:06.624  4562  4562 I Radio-JNI: register_android_hardware_Radio DONE
01-14 14:12:06.629  4562  4562 D AndroidRuntime: Calling main entry com.android.commands.uiautomator.Launcher
01-14 14:12:07.670  4562  4562 W AccessibilityNodeInfoDumper: Fetch time: 2ms
01-14 14:12:07.671  1697  1870 W WindowManager: Attempted to remove non-existing token: android.os.Binder@51ab590
01-14 14:12:07.676  4562  4562 D AndroidRuntime: Shutting down VM
01-14 14:12:08.001  4579  4579 D AndroidRuntime: >>>>>> START com.android.internal.os.RuntimeInit uid 2000 <<<<<<
01-14 14:12:08.003  4579  4579 D AndroidRuntime: CheckJNI is OFF
01-14 14:12:08.021  4579  4579 W art     : Unexpected CPU variant for X86 using defaults: x86_64
01-14 14:12:08.025  4579  4579 D ICU     : No timezone override file found: /data/local/tmp/misc/zoneinfo/current/icu/icu_tzdata.dat
01-14 14:12:08.045  4579  4579 E memtrack: Couldn't load memtrack module (No such file or directory)
01-14 14:12:08.045  4579  4579 E android.os.Debug: failed to load memtrack module: -2
01-14 14:12:08.046  4579  4579 I Radio-JNI: register_android_hardware_Radio DONE
01-14 14:12:08.050  4579  4579 D AndroidRuntime: Calling main entry com.android.commands.uiautomator.Launcher
01-14 14:12:09.085  4579  4579 W AccessibilityNodeInfoDumper: Fetch time: 3ms
01-14 14:12:09.085  1697  2650 W WindowManager: Attempted to remove non-existing token: android.os.Binder@2292e8e
01-14 14:12:09.093  4579  4579 D AndroidRuntime: Shutting down VM
01-14 14:12:09.346  4592  4592 D AndroidRuntime: >>>>>> START com.android.internal.os.RuntimeInit uid 2000 <<<<<<
01-14 14:12:09.348  4592  4592 D AndroidRuntime: CheckJNI is OFF
01-14 14:12:09.367  4592  4592 W art     : Unexpected CPU variant for X86 using defaults: x86_64
01-14 14:12:09.370  4592  4592 D ICU     : No timezone override file found: /data/misc/zoneinfo/current/icu/icu_tzdata.dat
01-14 14:12:09.385  4592  4592 E memtrack: Couldn't load memtrack module (No such file or directory)
01-14 14:12:09.385  4592  4592 E android.os.Debug: failed to load memtrack module: -2
01-14 14:12:09.386  4592  4592 I Radio-JNI: register_android_hardware_Radio DONE
01-14 14:12:09.391  4592  4592 D AndroidRuntime: Calling main entry com.android.commands.input.Input
01-14 14:12:09.398  4592  4592 I Input   : injectMotionEvent: MotionEvent { action=ACTION_DOWN, actionButton=0, id[0]=0, x[0]=540.0, y[0]=763.0, toolType[0]=TOOL_TYPE_UNKNOWN, buttonState=0, metaState=0, flags=0x0, edgeFlags=0x0, pointerCount=1, historySize=0, eventTime=38649705, downTime=38649705, deviceId=0, source=0x1002 }
01-14 14:12:09.403  4592  4592 I Input   : injectMotionEvent: MotionEvent { action=ACTION_UP, actionButton=0, id[0]=0, x[0]=540.0, y[0]=763.0, toolType[0]=TOOL_TYPE_UNKNOWN, buttonState=0, metaState=0, flags=0x0, edgeFlags=0x0, pointerCount=1, historySize=0, eventTime=38649705, downTime=38649705, deviceId=0, source=0x1002 }
01-14 14:12:09.407  1835  1835 W InputMethodService: Window size has been changed. This may cause jankiness of resizing window: -1 -> -2
01-14 14:12:09.409  4592  4592 D AndroidRuntime: Shutting down VM
01-14 14:12:09.414   673   673 W IInputConnectionWrapper: finishComposingText on inactive InputConnection
01-14 14:12:09.417  1835  1835 I LatinIME: Starting input. Cursor position = 13,13
01-14 14:12:09.459   673   707 D EGL_emulation: eglMakeCurrent: 0x7de1dea46f20: ver 3 0 (tinfo 0x7de1deb03260)
01-14 14:12:09.508  1910  2146 D EGL_emulation: eglMakeCurrent: 0x7de1dea2de60: ver 3 0 (tinfo 0x7de1dea0c6e0)
01-14 14:12:09.529  1835  5344 D EGL_emulation: eglMakeCurrent: 0x7de1da1cf2c0: ver 3 0 (tinfo 0x7de1da1cbea0)
01-14 14:12:09.564   673   707 D EGL_emulation: eglMakeCurrent: 0x7de1dea46f20: ver 3 0 (tinfo 0x7de1deb03260)
01-14 14:12:09.703  4606  4606 D AndroidRuntime: >>>>>> START com.android.internal.os.RuntimeInit uid 2000 <<<<<<
01-14 14:12:09.705  4606  4606 D AndroidRuntime: CheckJNI is OFF
01-14 14:12:09.726  4606  4606 W art     : Unexpected CPU variant for X86 using defaults: x86_64
01-14 14:12:09.730  4606  4606 D ICU     : No timezone override file found: /data/misc/zoneinfo/current/icu/icu_tzdata.dat
01-14 14:12:09.744  4606  4606 E memtrack: Couldn't load memtrack module (No such file or directory)
01-14 14:12:09.744  4606  4606 E android.os.Debug: failed to load memtrack module: -2
01-14 14:12:09.745  4606  4606 I Radio-JNI: register_android_hardware_Radio DONE
01-14 14:12:09.750  4606  4606 D AndroidRuntime: Calling main entry com.android.commands.input.Input
01-14 14:12:09.754  4606  4606 I Input   : injectKeyEvent: KeyEvent { action=ACTION_DOWN, keyCode=KEYCODE_ESCAPE, scanCode=0, metaState=0, flags=0x0, repeatCount=0, eventTime=38650062, downTime=38650062, deviceId=-1, source=0x101 }
01-14 14:12:09.758  4606  4606 I Input   : injectKeyEvent: KeyEvent { action=ACTION_UP, keyCode=KEYCODE_ESCAPE, scanCode=0, metaState=0, flags=0x0, repeatCount=0, eventTime=38650062, downTime=38650062, deviceId=-1, source=0x101 }
01-14 14:12:09.762  4606  4606 D AndroidRuntime: Shutting down VM
01-14 14:12:09.763  1835  1835 W InputMethodService: Window size has been changed. This may cause jankiness of resizing window: -1 -> -2
01-14 14:12:09.779  1835  5344 D EGL_emulation: eglMakeCurrent: 0x7de1da1cf2c0: ver 3 0 (tinfo 0x7de1da1cbea0)
01-14 14:12:09.959  1697  1718 I WindowManager: Destroying surface Surface(name=InputMethod) called by com.android.server.wm.WindowStateAnimator.destroySurface:2016 com.android.server.wm.WindowStateAnimator.destroySurfaceLocked:882 com.android.server.wm.WindowState.destroyOrSaveSurface:2100 com.android.server.wm.WindowSurfacePlacer.performSurfacePlacementInner:429 com.android.server.wm.WindowSurfacePlacer.performSurfacePlacementLoop:232 com.android.server.wm.WindowSurfacePlacer.performSurfacePlacement:180 com.android.server.wm.WindowManagerService$H.handleMessage:8086 android.os.Handler.dispatchMessage:102 
01-14 14:12:10.537  4622  4622 D AndroidRuntime: >>>>>> START com.android.internal.os.RuntimeInit uid 2000 <<<<<<
01-14 14:12:10.538  4622  4622 D AndroidRuntime: CheckJNI is OFF
01-14 14:12:10.556  4622  4622 W art     : Unexpected CPU variant for X86 using defaults: x86_64
01-14 14:12:10.559  4622  4622 D ICU     : No timezone override file found: /data/misc/zoneinfo/current/icu/icu_tzdata.dat
01-14 14:12:10.572  4622  4622 E memtrack: Couldn't load memtrack module (No such file or directory)
01-14 14:12:10.572  4622  4622 E android.os.Debug: failed to load memtrack module: -2
01-14 14:12:10.573  4622  4622 I Radio-JNI: register_android_hardware_Radio DONE
01-14 14:12:10.577  4622  4622 D AndroidRuntime: Calling main entry com.android.commands.input.Input
01-14 14:12:10.579  4622  4622 I Input   : injectKeyEvent: KeyEvent { action=ACTION_DOWN, keyCode=KEYCODE_MOVE_END, scanCode=0, metaState=0, flags=0x0, repeatCount=0, eventTime=38650888, downTime=38650888, deviceId=-1, source=0x101 }
01-14 14:12:10.588  4622  4622 I Input   : injectKeyEvent: KeyEvent { action=ACTION_UP, keyCode=KEYCODE_MOVE_END, scanCode=0, metaState=0, flags=0x0, repeatCount=0, eventTime=38650888, downTime=38650888, deviceId=-1, source=0x101 }
01-14 14:12:10.590  4622  4622 D AndroidRuntime: Shutting down VM
01-14 14:12:10.756  1697  1718 I WindowManager: Destroying surface Surface(name=PopupWindow:67f31fd) called by com.android.server.wm.WindowStateAnimator.destroySurface:2016 com.android.server.wm.WindowStateAnimator.destroySurfaceLocked:882 com.android.server.wm.WindowState.destroyOrSaveSurface:2100 com.android.server.wm.AppWindowToken.destroySurfaces:363 com.android.server.wm.WindowStateAnimator.finishExit:565 com.android.server.wm.WindowStateAnimator.stepAnimationLocked:491 com.android.server.wm.WindowAnimator.updateWindowsLocked:303 com.android.server.wm.WindowAnimator.animateLocked:704 
01-14 14:12:10.769  4632  4632 D AndroidRuntime: >>>>>> START com.android.internal.os.RuntimeInit uid 2000 <<<<<<
01-14 14:12:10.770  4632  4632 D AndroidRuntime: CheckJNI is OFF
01-14 14:12:10.789  4632  4632 W art     : Unexpected CPU variant for X86 using defaults: x86_64
01-14 14:12:10.793  4632  4632 D ICU     : No timezone override file found: /data/misc/zoneinfo/current/icu/icu_tzdata.dat
01-14 14:12:10.808  4632  4632 E memtrack: Couldn't load memtrack module (No such file or directory)
01-14 14:12:10.808  4632  4632 E android.os.Debug: failed to load memtrack module: -2
01-14 14:12:10.809  4632  4632 I Radio-JNI: register_android_hardware_Radio DONE
01-14 14:12:10.813  4632  4632 D AndroidRuntime: Calling main entry com.android.commands.input.Input
01-14 14:12:10.816  4632  4632 I Input   : injectKeyEvent: KeyEvent { action=ACTION_DOWN, keyCode=KEYCODE_DEL, scanCode=0, metaState=0, flags=0x0, repeatCount=0, eventTime=38651125, downTime=38651125, deviceId=-1, source=0x101 }
01-14 14:12:10.820  4632  4632 I Input   : injectKeyEvent: KeyEvent { action=ACTION_UP, keyCode=KEYCODE_DEL, scanCode=0, metaState=0, flags=0x0, repeatCount=0, eventTime=38651125, downTime=38651125, deviceId=-1, source=0x101 }
01-14 14:12:10.824  4632  4632 I Input   : injectKeyEvent: KeyEvent { action=ACTION_DOWN, keyCode=KEYCODE_DEL, scanCode=0, metaState=0, flags=0x0, repeatCount=0, eventTime=38651133, downTime=38651133, deviceId=-1, source=0x101 }
01-14 14:12:10.827  4632  4632 I Input   : injectKeyEvent: KeyEvent { action=ACTION_UP, keyCode=KEYCODE_DEL, scanCode=0, metaState=0, flags=0x0, repeatCount=0, eventTime=38651133, downTime=38651133, deviceId=-1, source=0x101 }
01-14 14:12:10.828  4632  4632 I Input   : injectKeyEvent: KeyEvent { action=ACTION_DOWN, keyCode=KEYCODE_DEL, scanCode=0, metaState=0, flags=0x0, repeatCount=0, eventTime=38651138, downTime=38651138, deviceId=-1, source=0x101 }
01-14 14:12:10.831  4632  4632 I Input   : injectKeyEvent: KeyEvent { action=ACTION_UP, keyCode=KEYCODE_DEL, scanCode=0, metaState=0, flags=0x0, repeatCount=0, eventTime=38651138, downTime=38651138, deviceId=-1, source=0x101 }
01-14 14:12:10.833  4632  4632 I Input   : injectKeyEvent: KeyEvent { action=ACTION_DOWN, keyCode=KEYCODE_DEL, scanCode=0, metaState=0, flags=0x0, repeatCount=0, eventTime=38651142, downTime=38651142, deviceId=-1, source=0x101 }
01-14 14:12:10.835  4632  4632 I Input   : injectKeyEvent: KeyEvent { action=ACTION_UP, keyCode=KEYCODE_DEL, scanCode=0, metaState=0, flags=0x0, repeatCount=0, eventTime=38651142, downTime=38651142, deviceId=-1, source=0x101 }
01-14 14:12:10.837  4632  4632 I Input   : injectKeyEvent: KeyEvent { action=ACTION_DOWN, keyCode=KEYCODE_DEL, scanCode=0, metaState=0, flags=0x0, repeatCount=0, eventTime=38651146, downTime=38651146, deviceId=-1, source=0x101 }
01-14 14:12:10.842  4632  4632 I Input   : injectKeyEvent: KeyEvent { action=ACTION_UP, keyCode=KEYCODE_DEL, scanCode=0, metaState=0, flags=0x0, repeatCount=0, eventTime=38651146, downTime=38651146, deviceId=-1, source=0x101 }
01-14 14:12:10.843  4632  4632 I Input   : injectKeyEvent: KeyEvent { action=ACTION_DOWN, keyCode=KEYCODE_DEL, scanCode=0, metaState=0, flags=0x0, repeatCount=0, eventTime=38651153, downTime=38651153, deviceId=-1, source=0x101 }
01-14 14:12:10.846  4632  4632 I Input   : injectKeyEvent: KeyEvent { action=ACTION_UP, keyCode=KEYCODE_DEL, scanCode=0, metaState=0, flags=0x0, repeatCount=0, eventTime=38651153, downTime=38651153, deviceId=-1, source=0x101 }
01-14 14:12:10.848  4632  4632 I Input   : injectKeyEvent: KeyEvent { action=ACTION_DOWN, keyCode=KEYCODE_DEL, scanCode=0, metaState=0, flags=0x0, repeatCount=0, eventTime=38651157, downTime=38651157, deviceId=-1, source=0x101 }
01-14 14:12:10.850  4632  4632 I Input   : injectKeyEvent: KeyEvent { action=ACTION_UP, keyCode=KEYCODE_DEL, scanCode=0, metaState=0, flags=0x0, repeatCount=0, eventTime=38651157, downTime=38651157, deviceId=-1, source=0x101 }
01-14 14:12:10.852  4632  4632 I Input   : injectKeyEvent: KeyEvent { action=ACTION_DOWN, keyCode=KEYCODE_DEL, scanCode=0, metaState=0, flags=0x0, repeatCount=0, eventTime=38651161, downTime=38651161, deviceId=-1, source=0x101 }
01-14 14:12:10.854  4632  4632 I Input   : injectKeyEvent: KeyEvent { action=ACTION_UP, keyCode=KEYCODE_DEL, scanCode=0, metaState=0, flags=0x0, repeatCount=0, eventTime=38651161, downTime=38651161, deviceId=-1, source=0x101 }
01-14 14:12:10.856  4632  4632 I Input   : injectKeyEvent: KeyEvent { action=ACTION_DOWN, keyCode=KEYCODE_DEL, scanCode=0, metaState=0, flags=0x0, repeatCount=0, eventTime=38651165, downTime=38651165, deviceId=-1, source=0x101 }
01-14 14:12:10.859  4632  4632 I Input   : injectKeyEvent: KeyEvent { action=ACTION_UP, keyCode=KEYCODE_DEL, scanCode=0, metaState=0, flags=0x0, repeatCount=0, eventTime=38651165, downTime=38651165, deviceId=-1, source=0x101 }
01-14 14:12:10.861  4632  4632 I Input   : injectKeyEvent: KeyEvent { action=ACTION_DOWN, keyCode=KEYCODE_DEL, scanCode=0, metaState=0, flags=0x0, repeatCount=0, eventTime=38651170, downTime=38651170, deviceId=-1, source=0x101 }
01-14 14:12:10.864  4632  4632 I Input   : injectKeyEvent: KeyEvent { action=ACTION_UP, keyCode=KEYCODE_DEL, scanCode=0, metaState=0, flags=0x0, repeatCount=0, eventTime=38651170, downTime=38651170, deviceId=-1, source=0x101 }
01-14 14:12:10.866  4632  4632 I Input   : injectKeyEvent: KeyEvent { action=ACTION_DOWN, keyCode=KEYCODE_DEL, scanCode=0, metaState=0, flags=0x0, repeatCount=0, eventTime=38651175, downTime=38651175, deviceId=-1, source=0x101 }
01-14 14:12:10.868  4632  4632 I Input   : injectKeyEvent: KeyEvent { action=ACTION_UP, keyCode=KEYCODE_DEL, scanCode=0, metaState=0, flags=0x0, repeatCount=0, eventTime=38651175, downTime=38651175, deviceId=-1, source=0x101 }
01-14 14:12:10.870  4632  4632 I Input   : injectKeyEvent: KeyEvent { action=ACTION_DOWN, keyCode=KEYCODE_DEL, scanCode=0, metaState=0, flags=0x0, repeatCount=0, eventTime=38651179, downTime=38651179, deviceId=-1, source=0x101 }
01-14 14:12:10.873  4632  4632 I Input   : injectKeyEvent: KeyEvent { action=ACTION_UP, keyCode=KEYCODE_DEL, scanCode=0, metaState=0, flags=0x0, repeatCount=0, eventTime=38651179, downTime=38651179, deviceId=-1, source=0x101 }
01-14 14:12:10.875  4632  4632 I Input   : injectKeyEvent: KeyEvent { action=ACTION_DOWN, keyCode=KEYCODE_DEL, scanCode=0, metaState=0, flags=0x0, repeatCount=0, eventTime=38651185, downTime=38651185, deviceId=-1, source=0x101 }
01-14 14:12:10.878  4632  4632 I Input   : injectKeyEvent: KeyEvent { action=ACTION_UP, keyCode=KEYCODE_DEL, scanCode=0, metaState=0, flags=0x0, repeatCount=0, eventTime=38651185, downTime=38651185, deviceId=-1, source=0x101 }
01-14 14:12:10.880  4632  4632 I Input   : injectKeyEvent: KeyEvent { action=ACTION_DOWN, keyCode=KEYCODE_DEL, scanCode=0, metaState=0, flags=0x0, repeatCount=0, eventTime=38651189, downTime=38651189, deviceId=-1, source=0x101 }
01-14 14:12:10.882  4632  4632 I Input   : injectKeyEvent: KeyEvent { action=ACTION_UP, keyCode=KEYCODE_DEL, scanCode=0, metaState=0, flags=0x0, repeatCount=0, eventTime=38651189, downTime=38651189, deviceId=-1, source=0x101 }
01-14 14:12:10.884  4632  4632 I Input   : injectKeyEvent: KeyEvent { action=ACTION_DOWN, keyCode=KEYCODE_DEL, scanCode=0, metaState=0, flags=0x0, repeatCount=0, eventTime=38651193, downTime=38651193, deviceId=-1, source=0x101 }
01-14 14:12:10.885  4632  4632 I Input   : injectKeyEvent: KeyEvent { action=ACTION_UP, keyCode=KEYCODE_DEL, scanCode=0, metaState=0, flags=0x0, repeatCount=0, eventTime=38651193, downTime=38651193, deviceId=-1, source=0x101 }
01-14 14:12:10.887  4632  4632 I Input   : injectKeyEvent: KeyEvent { action=ACTION_DOWN, keyCode=KEYCODE_DEL, scanCode=0, metaState=0, flags=0x0, repeatCount=0, eventTime=38651196, downTime=38651196, deviceId=-1, source=0x101 }
01-14 14:12:10.889  4632  4632 I Input   : injectKeyEvent: KeyEvent { action=ACTION_UP, keyCode=KEYCODE_DEL, scanCode=0, metaState=0, flags=0x0, repeatCount=0, eventTime=38651196, downTime=38651196, deviceId=-1, source=0x101 }
01-14 14:12:10.892  4632  4632 I Input   : injectKeyEvent: KeyEvent { action=ACTION_DOWN, keyCode=KEYCODE_DEL, scanCode=0, metaState=0, flags=0x0, repeatCount=0, eventTime=38651201, downTime=38651201, deviceId=-1, source=0x101 }
01-14 14:12:10.894  4632  4632 I Input   : injectKeyEvent: KeyEvent { action=ACTION_UP, keyCode=KEYCODE_DEL, scanCode=0, metaState=0, flags=0x0, repeatCount=0, eventTime=38651201, downTime=38651201, deviceId=-1, source=0x101 }
01-14 14:12:10.896  4632  4632 I Input   : injectKeyEvent: KeyEvent { action=ACTION_DOWN, keyCode=KEYCODE_DEL, scanCode=0, metaState=0, flags=0x0, repeatCount=0, eventTime=38651205, downTime=38651205, deviceId=-1, source=0x101 }
01-14 14:12:10.897  4632  4632 I Input   : injectKeyEvent: KeyEvent { action=ACTION_UP, keyCode=KEYCODE_DEL, scanCode=0, metaState=0, flags=0x0, repeatCount=0, eventTime=38651205, downTime=38651205, deviceId=-1, source=0x101 }
01-14 14:12:10.899  4632  4632 I Input   : injectKeyEvent: KeyEvent { action=ACTION_DOWN, keyCode=KEYCODE_DEL, scanCode=0, metaState=0, flags=0x0, repeatCount=0, eventTime=38651208, downTime=38651208, deviceId=-1, source=0x101 }
01-14 14:12:10.901  4632  4632 I Input   : injectKeyEvent: KeyEvent { action=ACTION_UP, keyCode=KEYCODE_DEL, scanCode=0, metaState=0, flags=0x0, repeatCount=0, eventTime=38651208, downTime=38651208, deviceId=-1, source=0x101 }
01-14 14:12:10.903  4632  4632 I Input   : injectKeyEvent: KeyEvent { action=ACTION_DOWN, keyCode=KEYCODE_DEL, scanCode=0, metaState=0, flags=0x0, repeatCount=0, eventTime=38651212, downTime=38651212, deviceId=-1, source=0x101 }
01-14 14:12:10.904  4632  4632 I Input   : injectKeyEvent: KeyEvent { action=ACTION_UP, keyCode=KEYCODE_DEL, scanCode=0, metaState=0, flags=0x0, repeatCount=0, eventTime=38651212, downTime=38651212, deviceId=-1, source=0x101 }
01-14 14:12:10.907  4632  4632 I Input   : injectKeyEvent: KeyEvent { action=ACTION_DOWN, keyCode=KEYCODE_DEL, scanCode=0, metaState=0, flags=0x0, repeatCount=0, eventTime=38651216, downTime=38651216, deviceId=-1, source=0x101 }
01-14 14:12:10.909  4632  4632 I Input   : injectKeyEvent: KeyEvent { action=ACTION_UP, keyCode=KEYCODE_DEL, scanCode=0, metaState=0, flags=0x0, repeatCount=0, eventTime=38651216, downTime=38651216, deviceId=-1, source=0x101 }
01-14 14:12:10.911  4632  4632 I Input   : injectKeyEvent: KeyEvent { action=ACTION_DOWN, keyCode=KEYCODE_DEL, scanCode=0, metaState=0, flags=0x0, repeatCount=0, eventTime=38651220, downTime=38651220, deviceId=-1, source=0x101 }
01-14 14:12:10.913  4632  4632 I Input   : injectKeyEvent: KeyEvent { action=ACTION_UP, keyCode=KEYCODE_DEL, scanCode=0, metaState=0, flags=0x0, repeatCount=0, eventTime=38651220, downTime=38651220, deviceId=-1, source=0x101 }
01-14 14:12:10.915  4632  4632 I Input   : injectKeyEvent: KeyEvent { action=ACTION_DOWN, keyCode=KEYCODE_DEL, scanCode=0, metaState=0, flags=0x0, repeatCount=0, eventTime=38651224, downTime=38651224, deviceId=-1, source=0x101 }
01-14 14:12:10.917  4632  4632 I Input   : injectKeyEvent: KeyEvent { action=ACTION_UP, keyCode=KEYCODE_DEL, scanCode=0, metaState=0, flags=0x0, repeatCount=0, eventTime=38651224, downTime=38651224, deviceId=-1, source=0x101 }
01-14 14:12:10.918  4632  4632 I Input   : injectKeyEvent: KeyEvent { action=ACTION_DOWN, keyCode=KEYCODE_DEL, scanCode=0, metaState=0, flags=0x0, repeatCount=0, eventTime=38651227, downTime=38651227, deviceId=-1, source=0x101 }
01-14 14:12:10.920  4632  4632 I Input   : injectKeyEvent: KeyEvent { action=ACTION_UP, keyCode=KEYCODE_DEL, scanCode=0, metaState=0, flags=0x0, repeatCount=0, eventTime=38651227, downTime=38651227, deviceId=-1, source=0x101 }
01-14 14:12:10.922  4632  4632 I Input   : injectKeyEvent: KeyEvent { action=ACTION_DOWN, keyCode=KEYCODE_DEL, scanCode=0, metaState=0, flags=0x0, repeatCount=0, eventTime=38651231, downTime=38651231, deviceId=-1, source=0x101 }
01-14 14:12:10.924  4632  4632 I Input   : injectKeyEvent: KeyEvent { action=ACTION_UP, keyCode=KEYCODE_DEL, scanCode=0, metaState=0, flags=0x0, repeatCount=0, eventTime=38651231, downTime=38651231, deviceId=-1, source=0x101 }
01-14 14:12:10.925  4632  4632 I Input   : injectKeyEvent: KeyEvent { action=ACTION_DOWN, keyCode=KEYCODE_DEL, scanCode=0, metaState=0, flags=0x0, repeatCount=0, eventTime=38651235, downTime=38651235, deviceId=-1, source=0x101 }
01-14 14:12:10.927  4632  4632 I Input   : injectKeyEvent: KeyEvent { action=ACTION_UP, keyCode=KEYCODE_DEL, scanCode=0, metaState=0, flags=0x0, repeatCount=0, eventTime=38651235, downTime=38651235, deviceId=-1, source=0x101 }
01-14 14:12:10.929  4632  4632 I Input   : injectKeyEvent: KeyEvent { action=ACTION_DOWN, keyCode=KEYCODE_DEL, scanCode=0, metaState=0, flags=0x0, repeatCount=0, eventTime=38651238, downTime=38651238, deviceId=-1, source=0x101 }
01-14 14:12:10.930  4632  4632 I Input   : injectKeyEvent: KeyEvent { action=ACTION_UP, keyCode=KEYCODE_DEL, scanCode=0, metaState=0, flags=0x0, repeatCount=0, eventTime=38651238, downTime=38651238, deviceId=-1, source=0x101 }
01-14 14:12:10.932  4632  4632 I Input   : injectKeyEvent: KeyEvent { action=ACTION_DOWN, keyCode=KEYCODE_DEL, scanCode=0, metaState=0, flags=0x0, repeatCount=0, eventTime=38651241, downTime=38651241, deviceId=-1, source=0x101 }
01-14 14:12:10.934  4632  4632 I Input   : injectKeyEvent: KeyEvent { action=ACTION_UP, keyCode=KEYCODE_DEL, scanCode=0, metaState=0, flags=0x0, repeatCount=0, eventTime=38651241, downTime=38651241, deviceId=-1, source=0x101 }
01-14 14:12:10.935  4632  4632 I Input   : injectKeyEvent: KeyEvent { action=ACTION_DOWN, keyCode=KEYCODE_DEL, scanCode=0, metaState=0, flags=0x0, repeatCount=0, eventTime=38651244, downTime=38651244, deviceId=-1, source=0x101 }
01-14 14:12:10.937  4632  4632 I Input   : injectKeyEvent: KeyEvent { action=ACTION_UP, keyCode=KEYCODE_DEL, scanCode=0, metaState=0, flags=0x0, repeatCount=0, eventTime=38651244, downTime=38651244, deviceId=-1, source=0x101 }
01-14 14:12:10.938  4632  4632 I Input   : injectKeyEvent: KeyEvent { action=ACTION_DOWN, keyCode=KEYCODE_DEL, scanCode=0, metaState=0, flags=0x0, repeatCount=0, eventTime=38651247, downTime=38651247, deviceId=-1, source=0x101 }
01-14 14:12:10.940  4632  4632 I Input   : injectKeyEvent: KeyEvent { action=ACTION_UP, keyCode=KEYCODE_DEL, scanCode=0, metaState=0, flags=0x0, repeatCount=0, eventTime=38651247, downTime=38651247, deviceId=-1, source=0x101 }
01-14 14:12:10.942  4632  4632 I Input   : injectKeyEvent: KeyEvent { action=ACTION_DOWN, keyCode=KEYCODE_DEL, scanCode=0, metaState=0, flags=0x0, repeatCount=0, eventTime=38651251, downTime=38651251, deviceId=-1, source=0x101 }
01-14 14:12:10.944  4632  4632 I Input   : injectKeyEvent: KeyEvent { action=ACTION_UP, keyCode=KEYCODE_DEL, scanCode=0, metaState=0, flags=0x0, repeatCount=0, eventTime=38651251, downTime=38651251, deviceId=-1, source=0x101 }
01-14 14:12:10.945  4632  4632 I Input   : injectKeyEvent: KeyEvent { action=ACTION_DOWN, keyCode=KEYCODE_DEL, scanCode=0, metaState=0, flags=0x0, repeatCount=0, eventTime=38651254, downTime=38651254, deviceId=-1, source=0x101 }
01-14 14:12:10.947  4632  4632 I Input   : injectKeyEvent: KeyEvent { action=ACTION_UP, keyCode=KEYCODE_DEL, scanCode=0, metaState=0, flags=0x0, repeatCount=0, eventTime=38651254, downTime=38651254, deviceId=-1, source=0x101 }
01-14 14:12:10.948  4632  4632 I Input   : injectKeyEvent: KeyEvent { action=ACTION_DOWN, keyCode=KEYCODE_DEL, scanCode=0, metaState=0, flags=0x0, repeatCount=0, eventTime=38651257, downTime=38651257, deviceId=-1, source=0x101 }
01-14 14:12:10.950  4632  4632 I Input   : injectKeyEvent: KeyEvent { action=ACTION_UP, keyCode=KEYCODE_DEL, scanCode=0, metaState=0, flags=0x0, repeatCount=0, eventTime=38651257, downTime=38651257, deviceId=-1, source=0x101 }
01-14 14:12:10.952  4632  4632 I Input   : injectKeyEvent: KeyEvent { action=ACTION_DOWN, keyCode=KEYCODE_DEL, scanCode=0, metaState=0, flags=0x0, repeatCount=0, eventTime=38651261, downTime=38651261, deviceId=-1, source=0x101 }
01-14 14:12:10.953  4632  4632 I Input   : injectKeyEvent: KeyEvent { action=ACTION_UP, keyCode=KEYCODE_DEL, scanCode=0, metaState=0, flags=0x0, repeatCount=0, eventTime=38651261, downTime=38651261, deviceId=-1, source=0x101 }
01-14 14:12:10.955  4632  4632 I Input   : injectKeyEvent: KeyEvent { action=ACTION_DOWN, keyCode=KEYCODE_DEL, scanCode=0, metaState=0, flags=0x0, repeatCount=0, eventTime=38651264, downTime=38651264, deviceId=-1, source=0x101 }
01-14 14:12:10.957  4632  4632 I Input   : injectKeyEvent: KeyEvent { action=ACTION_UP, keyCode=KEYCODE_DEL, scanCode=0, metaState=0, flags=0x0, repeatCount=0, eventTime=38651264, downTime=38651264, deviceId=-1, source=0x101 }
01-14 14:12:10.958  4632  4632 I Input   : injectKeyEvent: KeyEvent { action=ACTION_DOWN, keyCode=KEYCODE_DEL, scanCode=0, metaState=0, flags=0x0, repeatCount=0, eventTime=38651267, downTime=38651267, deviceId=-1, source=0x101 }
01-14 14:12:10.960  4632  4632 I Input   : injectKeyEvent: KeyEvent { action=ACTION_UP, keyCode=KEYCODE_DEL, scanCode=0, metaState=0, flags=0x0, repeatCount=0, eventTime=38651267, downTime=38651267, deviceId=-1, source=0x101 }
01-14 14:12:10.961  4632  4632 I Input   : injectKeyEvent: KeyEvent { action=ACTION_DOWN, keyCode=KEYCODE_DEL, scanCode=0, metaState=0, flags=0x0, repeatCount=0, eventTime=38651270, downTime=38651270, deviceId=-1, source=0x101 }
01-14 14:12:10.963  4632  4632 I Input   : injectKeyEvent: KeyEvent { action=ACTION_UP, keyCode=KEYCODE_DEL, scanCode=0, metaState=0, flags=0x0, repeatCount=0, eventTime=38651270, downTime=38651270, deviceId=-1, source=0x101 }
01-14 14:12:10.965  4632  4632 I Input   : injectKeyEvent: KeyEvent { action=ACTION_DOWN, keyCode=KEYCODE_DEL, scanCode=0, metaState=0, flags=0x0, repeatCount=0, eventTime=38651274, downTime=38651274, deviceId=-1, source=0x101 }
01-14 14:12:10.967  4632  4632 I Input   : injectKeyEvent: KeyEvent { action=ACTION_UP, keyCode=KEYCODE_DEL, scanCode=0, metaState=0, flags=0x0, repeatCount=0, eventTime=38651274, downTime=38651274, deviceId=-1, source=0x101 }
01-14 14:12:10.969  4632  4632 I Input   : injectKeyEvent: KeyEvent { action=ACTION_DOWN, keyCode=KEYCODE_DEL, scanCode=0, metaState=0, flags=0x0, repeatCount=0, eventTime=38651278, downTime=38651278, deviceId=-1, source=0x101 }
01-14 14:12:10.970  4632  4632 I Input   : injectKeyEvent: KeyEvent { action=ACTION_UP, keyCode=KEYCODE_DEL, scanCode=0, metaState=0, flags=0x0, repeatCount=0, eventTime=38651278, downTime=38651278, deviceId=-1, source=0x101 }
01-14 14:12:10.972  4632  4632 I Input   : injectKeyEvent: KeyEvent { action=ACTION_DOWN, keyCode=KEYCODE_DEL, scanCode=0, metaState=0, flags=0x0, repeatCount=0, eventTime=38651282, downTime=38651282, deviceId=-1, source=0x101 }
01-14 14:12:10.974  4632  4632 I Input   : injectKeyEvent: KeyEvent { action=ACTION_UP, keyCode=KEYCODE_DEL, scanCode=0, metaState=0, flags=0x0, repeatCount=0, eventTime=38651282, downTime=38651282, deviceId=-1, source=0x101 }
01-14 14:12:10.976  4632  4632 I Input   : injectKeyEvent: KeyEvent { action=ACTION_DOWN, keyCode=KEYCODE_DEL, scanCode=0, metaState=0, flags=0x0, repeatCount=0, eventTime=38651285, downTime=38651285, deviceId=-1, source=0x101 }
01-14 14:12:10.978  4632  4632 I Input   : injectKeyEvent: KeyEvent { action=ACTION_UP, keyCode=KEYCODE_DEL, scanCode=0, metaState=0, flags=0x0, repeatCount=0, eventTime=38651285, downTime=38651285, deviceId=-1, source=0x101 }
01-14 14:12:10.980  4632  4632 I Input   : injectKeyEvent: KeyEvent { action=ACTION_DOWN, keyCode=KEYCODE_DEL, scanCode=0, metaState=0, flags=0x0, repeatCount=0, eventTime=38651289, downTime=38651289, deviceId=-1, source=0x101 }
01-14 14:12:10.983  4632  4632 I Input   : injectKeyEvent: KeyEvent { action=ACTION_UP, keyCode=KEYCODE_DEL, scanCode=0, metaState=0, flags=0x0, repeatCount=0, eventTime=38651289, downTime=38651289, deviceId=-1, source=0x101 }
01-14 14:12:10.984  4632  4632 I Input   : injectKeyEvent: KeyEvent { action=ACTION_DOWN, keyCode=KEYCODE_DEL, scanCode=0, metaState=0, flags=0x0, repeatCount=0, eventTime=38651293, downTime=38651293, deviceId=-1, source=0x101 }
01-14 14:12:10.986  4632  4632 I Input   : injectKeyEvent: KeyEvent { action=ACTION_UP, keyCode=KEYCODE_DEL, scanCode=0, metaState=0, flags=0x0, repeatCount=0, eventTime=38651293, downTime=38651293, deviceId=-1, source=0x101 }
01-14 14:12:10.987  4632  4632 I Input   : injectKeyEvent: KeyEvent { action=ACTION_DOWN, keyCode=KEYCODE_DEL, scanCode=0, metaState=0, flags=0x0, repeatCount=0, eventTime=38651296, downTime=38651296, deviceId=-1, source=0x101 }
01-14 14:12:10.989  4632  4632 I Input   : injectKeyEvent: KeyEvent { action=ACTION_UP, keyCode=KEYCODE_DEL, scanCode=0, metaState=0, flags=0x0, repeatCount=0, eventTime=38651296, downTime=38651296, deviceId=-1, source=0x101 }
01-14 14:12:10.990  4632  4632 I Input   : injectKeyEvent: KeyEvent { action=ACTION_DOWN, keyCode=KEYCODE_DEL, scanCode=0, metaState=0, flags=0x0, repeatCount=0, eventTime=38651299, downTime=38651299, deviceId=-1, source=0x101 }
01-14 14:12:10.992  4632  4632 I Input   : injectKeyEvent: KeyEvent { action=ACTION_UP, keyCode=KEYCODE_DEL, scanCode=0, metaState=0, flags=0x0, repeatCount=0, eventTime=38651299, downTime=38651299, deviceId=-1, source=0x101 }
01-14 14:12:10.994  4632  4632 I Input   : injectKeyEvent: KeyEvent { action=ACTION_DOWN, keyCode=KEYCODE_DEL, scanCode=0, metaState=0, flags=0x0, repeatCount=0, eventTime=38651303, downTime=38651303, deviceId=-1, source=0x101 }
01-14 14:12:10.996  4632  4632 I Input   : injectKeyEvent: KeyEvent { action=ACTION_UP, keyCode=KEYCODE_DEL, scanCode=0, metaState=0, flags=0x0, repeatCount=0, eventTime=38651303, downTime=38651303, deviceId=-1, source=0x101 }
01-14 14:12:10.998  4632  4632 I Input   : injectKeyEvent: KeyEvent { action=ACTION_DOWN, keyCode=KEYCODE_DEL, scanCode=0, metaState=0, flags=0x0, repeatCount=0, eventTime=38651307, downTime=38651307, deviceId=-1, source=0x101 }
01-14 14:12:10.999  4632  4632 I Input   : injectKeyEvent: KeyEvent { action=ACTION_UP, keyCode=KEYCODE_DEL, scanCode=0, metaState=0, flags=0x0, repeatCount=0, eventTime=38651307, downTime=38651307, deviceId=-1, source=0x101 }
01-14 14:12:11.001  4632  4632 I Input   : injectKeyEvent: KeyEvent { action=ACTION_DOWN, keyCode=KEYCODE_DEL, scanCode=0, metaState=0, flags=0x0, repeatCount=0, eventTime=38651310, downTime=38651310, deviceId=-1, source=0x101 }
01-14 14:12:11.003  4632  4632 I Input   : injectKeyEvent: KeyEvent { action=ACTION_UP, keyCode=KEYCODE_DEL, scanCode=0, metaState=0, flags=0x0, repeatCount=0, eventTime=38651310, downTime=38651310, deviceId=-1, source=0x101 }
01-14 14:12:11.005  4632  4632 I Input   : injectKeyEvent: KeyEvent { action=ACTION_DOWN, keyCode=KEYCODE_DEL, scanCode=0, metaState=0, flags=0x0, repeatCount=0, eventTime=38651314, downTime=38651314, deviceId=-1, source=0x101 }
01-14 14:12:11.006  4632  4632 I Input   : injectKeyEvent: KeyEvent { action=ACTION_UP, keyCode=KEYCODE_DEL, scanCode=0, metaState=0, flags=0x0, repeatCount=0, eventTime=38651314, downTime=38651314, deviceId=-1, source=0x101 }
01-14 14:12:11.008  4632  4632 I Input   : injectKeyEvent: KeyEvent { action=ACTION_DOWN, keyCode=KEYCODE_DEL, scanCode=0, metaState=0, flags=0x0, repeatCount=0, eventTime=38651317, downTime=38651317, deviceId=-1, source=0x101 }
01-14 14:12:11.010  4632  4632 I Input   : injectKeyEvent: KeyEvent { action=ACTION_UP, keyCode=KEYCODE_DEL, scanCode=0, metaState=0, flags=0x0, repeatCount=0, eventTime=38651317, downTime=38651317, deviceId=-1, source=0x101 }
01-14 14:12:11.012  4632  4632 D AndroidRuntime: Shutting down VM
01-14 14:12:11.177  4642  4642 D AndroidRuntime: >>>>>> START com.android.internal.os.RuntimeInit uid 2000 <<<<<<
01-14 14:12:11.178  4642  4642 D AndroidRuntime: CheckJNI is OFF
01-14 14:12:11.195  4642  4642 W art     : Unexpected CPU variant for X86 using defaults: x86_64
01-14 14:12:11.199  4642  4642 D ICU     : No timezone override file found: /data/misc/zoneinfo/current/icu/icu_tzdata.dat
01-14 14:12:11.213  4642  4642 E memtrack: Couldn't load memtrack module (No such file or directory)
01-14 14:12:11.213  4642  4642 E android.os.Debug: failed to load memtrack module: -2
01-14 14:12:11.214  4642  4642 I Radio-JNI: register_android_hardware_Radio DONE
01-14 14:12:11.218  4642  4642 D AndroidRuntime: Calling main entry com.android.commands.input.Input
01-14 14:12:11.222  4642  4642 I Input   : injectKeyEvent: KeyEvent { action=ACTION_DOWN, keyCode=KEYCODE_SHIFT_LEFT, scanCode=0, metaState=META_SHIFT_ON|META_SHIFT_LEFT_ON, flags=0x0, repeatCount=0, eventTime=38651531, downTime=38651531, deviceId=-1, source=0x101 }
01-14 14:12:11.224  4642  4642 I Input   : injectKeyEvent: KeyEvent { action=ACTION_DOWN, keyCode=KEYCODE_T, scanCode=0, metaState=META_SHIFT_ON|META_SHIFT_LEFT_ON, flags=0x0, repeatCount=0, eventTime=38651531, downTime=38651531, deviceId=-1, source=0x101 }
01-14 14:12:11.227  4642  4642 I Input   : injectKeyEvent: KeyEvent { action=ACTION_UP, keyCode=KEYCODE_T, scanCode=0, metaState=META_SHIFT_ON|META_SHIFT_LEFT_ON, flags=0x0, repeatCount=0, eventTime=38651531, downTime=38651531, deviceId=-1, source=0x101 }
01-14 14:12:11.228  4642  4642 I Input   : injectKeyEvent: KeyEvent { action=ACTION_UP, keyCode=KEYCODE_SHIFT_LEFT, scanCode=0, metaState=0, flags=0x0, repeatCount=0, eventTime=38651531, downTime=38651531, deviceId=-1, source=0x101 }
01-14 14:12:11.230  4642  4642 I Input   : injectKeyEvent: KeyEvent { action=ACTION_DOWN, keyCode=KEYCODE_E, scanCode=0, metaState=0, flags=0x0, repeatCount=0, eventTime=38651531, downTime=38651531, deviceId=-1, source=0x101 }
01-14 14:12:11.233  4642  4642 I Input   : injectKeyEvent: KeyEvent { action=ACTION_UP, keyCode=KEYCODE_E, scanCode=0, metaState=0, flags=0x0, repeatCount=0, eventTime=38651531, downTime=38651531, deviceId=-1, source=0x101 }
01-14 14:12:11.234  4642  4642 I Input   : injectKeyEvent: KeyEvent { action=ACTION_DOWN, keyCode=KEYCODE_S, scanCode=0, metaState=0, flags=0x0, repeatCount=0, eventTime=38651531, downTime=38651531, deviceId=-1, source=0x101 }
01-14 14:12:11.236  4642  4642 I Input   : injectKeyEvent: KeyEvent { action=ACTION_UP, keyCode=KEYCODE_S, scanCode=0, metaState=0, flags=0x0, repeatCount=0, eventTime=38651531, downTime=38651531, deviceId=-1, source=0x101 }
01-14 14:12:11.238  4642  4642 I Input   : injectKeyEvent: KeyEvent { action=ACTION_DOWN, keyCode=KEYCODE_T, scanCode=0, metaState=0, flags=0x0, repeatCount=0, eventTime=38651531, downTime=38651531, deviceId=-1, source=0x101 }
01-14 14:12:11.240  4642  4642 I Input   : injectKeyEvent: KeyEvent { action=ACTION_UP, keyCode=KEYCODE_T, scanCode=0, metaState=0, flags=0x0, repeatCount=0, eventTime=38651531, downTime=38651531, deviceId=-1, source=0x101 }
01-14 14:12:11.243  4642  4642 I Input   : injectKeyEvent: KeyEvent { action=ACTION_DOWN, keyCode=KEYCODE_SHIFT_LEFT, scanCode=0, metaState=META_SHIFT_ON|META_SHIFT_LEFT_ON, flags=0x0, repeatCount=0, eventTime=38651531, downTime=38651531, deviceId=-1, source=0x101 }
01-14 14:12:11.245  4642  4642 I Input   : injectKeyEvent: KeyEvent { action=ACTION_DOWN, keyCode=KEYCODE_T, scanCode=0, metaState=META_SHIFT_ON|META_SHIFT_LEFT_ON, flags=0x0, repeatCount=0, eventTime=38651531, downTime=38651531, deviceId=-1, source=0x101 }
01-14 14:12:11.247  4642  4642 I Input   : injectKeyEvent: KeyEvent { action=ACTION_UP, keyCode=KEYCODE_T, scanCode=0, metaState=META_SHIFT_ON|META_SHIFT_LEFT_ON, flags=0x0, repeatCount=0, eventTime=38651531, downTime=38651531, deviceId=-1, source=0x101 }
01-14 14:12:11.249  4642  4642 I Input   : injectKeyEvent: KeyEvent { action=ACTION_UP, keyCode=KEYCODE_SHIFT_LEFT, scanCode=0, metaState=0, flags=0x0, repeatCount=0, eventTime=38651531, downTime=38651531, deviceId=-1, source=0x101 }
01-14 14:12:11.251  4642  4642 I Input   : injectKeyEvent: KeyEvent { action=ACTION_DOWN, keyCode=KEYCODE_E, scanCode=0, metaState=0, flags=0x0, repeatCount=0, eventTime=38651531, downTime=38651531, deviceId=-1, source=0x101 }
01-14 14:12:11.253  4642  4642 I Input   : injectKeyEvent: KeyEvent { action=ACTION_UP, keyCode=KEYCODE_E, scanCode=0, metaState=0, flags=0x0, repeatCount=0, eventTime=38651531, downTime=38651531, deviceId=-1, source=0x101 }
01-14 14:12:11.256  4642  4642 I Input   : injectKeyEvent: KeyEvent { action=ACTION_DOWN, keyCode=KEYCODE_S, scanCode=0, metaState=0, flags=0x0, repeatCount=0, eventTime=38651531, downTime=38651531, deviceId=-1, source=0x101 }
01-14 14:12:11.259  4642  4642 I Input   : injectKeyEvent: KeyEvent { action=ACTION_UP, keyCode=KEYCODE_S, scanCode=0, metaState=0, flags=0x0, repeatCount=0, eventTime=38651531, downTime=38651531, deviceId=-1, source=0x101 }
01-14 14:12:11.260  4642  4642 I Input   : injectKeyEvent: KeyEvent { action=ACTION_DOWN, keyCode=KEYCODE_T, scanCode=0, metaState=0, flags=0x0, repeatCount=0, eventTime=38651531, downTime=38651531, deviceId=-1, source=0x101 }
01-14 14:12:11.262  4642  4642 I Input   : injectKeyEvent: KeyEvent { action=ACTION_UP, keyCode=KEYCODE_T, scanCode=0, metaState=0, flags=0x0, repeatCount=0, eventTime=38651531, downTime=38651531, deviceId=-1, source=0x101 }
01-14 14:12:11.265  4642  4642 I Input   : injectKeyEvent: KeyEvent { action=ACTION_DOWN, keyCode=KEYCODE_SPACE, scanCode=0, metaState=0, flags=0x0, repeatCount=0, eventTime=38651531, downTime=38651531, deviceId=-1, source=0x101 }
01-14 14:12:11.266  4642  4642 I Input   : injectKeyEvent: KeyEvent { action=ACTION_UP, keyCode=KEYCODE_SPACE, scanCode=0, metaState=0, flags=0x0, repeatCount=0, eventTime=38651531, downTime=38651531, deviceId=-1, source=0x101 }
01-14 14:12:11.268  4642  4642 I Input   : injectKeyEvent: KeyEvent { action=ACTION_DOWN, keyCode=KEYCODE_SHIFT_LEFT, scanCode=0, metaState=META_SHIFT_ON|META_SHIFT_LEFT_ON, flags=0x0, repeatCount=0, eventTime=38651531, downTime=38651531, deviceId=-1, source=0x101 }
01-14 14:12:11.270  4642  4642 I Input   : injectKeyEvent: KeyEvent { action=ACTION_DOWN, keyCode=KEYCODE_T, scanCode=0, metaState=META_SHIFT_ON|META_SHIFT_LEFT_ON, flags=0x0, repeatCount=0, eventTime=38651531, downTime=38651531, deviceId=-1, source=0x101 }
01-14 14:12:11.273  4642  4642 I Input   : injectKeyEvent: KeyEvent { action=ACTION_UP, keyCode=KEYCODE_T, scanCode=0, metaState=META_SHIFT_ON|META_SHIFT_LEFT_ON, flags=0x0, repeatCount=0, eventTime=38651531, downTime=38651531, deviceId=-1, source=0x101 }
01-14 14:12:11.275  4642  4642 I Input   : injectKeyEvent: KeyEvent { action=ACTION_UP, keyCode=KEYCODE_SHIFT_LEFT, scanCode=0, metaState=0, flags=0x0, repeatCount=0, eventTime=38651531, downTime=38651531, deviceId=-1, source=0x101 }
01-14 14:12:11.278  4642  4642 I Input   : injectKeyEvent: KeyEvent { action=ACTION_DOWN, keyCode=KEYCODE_E, scanCode=0, metaState=0, flags=0x0, repeatCount=0, eventTime=38651531, downTime=38651531, deviceId=-1, source=0x101 }
01-14 14:12:11.280  4642  4642 I Input   : injectKeyEvent: KeyEvent { action=ACTION_UP, keyCode=KEYCODE_E, scanCode=0, metaState=0, flags=0x0, repeatCount=0, eventTime=38651531, downTime=38651531, deviceId=-1, source=0x101 }
01-14 14:12:11.282  4642  4642 I Input   : injectKeyEvent: KeyEvent { action=ACTION_DOWN, keyCode=KEYCODE_S, scanCode=0, metaState=0, flags=0x0, repeatCount=0, eventTime=38651531, downTime=38651531, deviceId=-1, source=0x101 }
01-14 14:12:11.284  4642  4642 I Input   : injectKeyEvent: KeyEvent { action=ACTION_UP, keyCode=KEYCODE_S, scanCode=0, metaState=0, flags=0x0, repeatCount=0, eventTime=38651531, downTime=38651531, deviceId=-1, source=0x101 }
01-14 14:12:11.286  4642  4642 I Input   : injectKeyEvent: KeyEvent { action=ACTION_DOWN, keyCode=KEYCODE_T, scanCode=0, metaState=0, flags=0x0, repeatCount=0, eventTime=38651531, downTime=38651531, deviceId=-1, source=0x101 }
01-14 14:12:11.288  4642  4642 I Input   : injectKeyEvent: KeyEvent { action=ACTION_UP, keyCode=KEYCODE_T, scanCode=0, metaState=0, flags=0x0, repeatCount=0, eventTime=38651531, downTime=38651531, deviceId=-1, source=0x101 }
01-14 14:12:11.292  4642  4642 D AndroidRuntime: Shutting down VM
01-14 14:12:11.364  4657  4657 W ls      : type=1400 audit(0.0:343): avc: denied { getattr } for path="/proc/sysrq-trigger" dev="proc" ino=4026532069 scontext=u:r:shell:s0 tcontext=u:object_r:proc_sysrq:s0 tclass=file permissive=0
01-14 14:12:11.364  4657  4657 W ls      : type=1400 audit(0.0:344): avc: denied { getattr } for path="/proc/iomem" dev="proc" ino=4026532007 scontext=u:r:shell:s0 tcontext=u:object_r:proc_iomem:s0 tclass=file permissive=0
01-14 14:12:12.886  1352  2209 E SurfaceFlinger: ro.sf.lcd_density must be defined as a build property
01-14 14:12:12.889  1352  1370 D gralloc_ranchu: gralloc_alloc: Creating ashmem region of size 8294400
01-14 14:12:12.891  4938  4938 D         : HostConnection::get() New Host Connection established 0x71cf4c02d4e0, tid 4938
01-14 14:12:13.175  4943  4943 D AndroidRuntime: >>>>>> START com.android.internal.os.RuntimeInit uid 2000 <<<<<<
01-14 14:12:13.176  4943  4943 D AndroidRuntime: CheckJNI is OFF
01-14 14:12:13.195  4943  4943 W art     : Unexpected CPU variant for X86 using defaults: x86_64
01-14 14:12:13.198  4943  4943 D ICU     : No timezone override file found: /data/misc/zoneinfo/current/icu/icu_tzdata.dat
01-14 14:12:13.212  4943  4943 E memtrack: Couldn't load memtrack module (No such file or directory)
01-14 14:12:13.212  4943  4943 E android.os.Debug: failed to load memtrack module: -2
01-14 14:12:13.213  4943  4943 I Radio-JNI: register_android_hardware_Radio DONE
01-14 14:12:13.218  4943  4943 D AndroidRuntime: Calling main entry com.android.commands.am.Am
01-14 14:12:13.229 20770 20770 D MediaScannerReceiver: action: android.intent.action.MEDIA_SCANNER_SCAN_FILE path: /storage/emulated/0/screen.png
01-14 14:12:13.231  4943  4943 D AndroidRuntime: Shutting down VM
01-14 14:12:15.641  4956  4956 D AndroidRuntime: >>>>>> START com.android.internal.os.RuntimeInit uid 2000 <<<<<<
01-14 14:12:15.642  4956  4956 D AndroidRuntime: CheckJNI is OFF
01-14 14:12:15.677  4956  4956 W art     : Unexpected CPU variant for X86 using defaults: x86_64
01-14 14:12:15.681  4956  4956 D ICU     : No timezone override file found: /data/local/tmp/misc/zoneinfo/current/icu/icu_tzdata.dat
01-14 14:12:15.701  4956  4956 E memtrack: Couldn't load memtrack module (No such file or directory)
01-14 14:12:15.701  4956  4956 E android.os.Debug: failed to load memtrack module: -2
01-14 14:12:15.702  4956  4956 I Radio-JNI: register_android_hardware_Radio DONE
01-14 14:12:15.707  4956  4956 D AndroidRuntime: Calling main entry com.android.commands.uiautomator.Launcher
01-14 14:12:16.748  4956  4956 W AccessibilityNodeInfoDumper: Fetch time: 3ms
01-14 14:12:16.748  1697  2627 W WindowManager: Attempted to remove non-existing token: android.os.Binder@477af6d
01-14 14:12:16.756  4956  4956 D AndroidRuntime: Shutting down VM
01-14 14:12:19.099  4970  4970 D AndroidRuntime: >>>>>> START com.android.internal.os.RuntimeInit uid 2000 <<<<<<
01-14 14:12:19.102  4970  4970 D AndroidRuntime: CheckJNI is OFF
01-14 14:12:19.125  4970  4970 W art     : Unexpected CPU variant for X86 using defaults: x86_64
01-14 14:12:19.130  4970  4970 D ICU     : No timezone override file found: /data/local/tmp/misc/zoneinfo/current/icu/icu_tzdata.dat
01-14 14:12:19.164  4970  4970 E memtrack: Couldn't load memtrack module (No such file or directory)
01-14 14:12:19.164  4970  4970 E android.os.Debug: failed to load memtrack module: -2
01-14 14:12:19.165  4970  4970 I Radio-JNI: register_android_hardware_Radio DONE
01-14 14:12:19.174  4970  4970 D AndroidRuntime: Calling main entry com.android.commands.uiautomator.Launcher
01-14 14:12:20.244  4970  4970 W AccessibilityNodeInfoDumper: Fetch time: 4ms
01-14 14:12:20.244  1697  2339 W WindowManager: Attempted to remove non-existing token: android.os.Binder@4ecd569
01-14 14:12:20.252  4970  4970 D AndroidRuntime: Shutting down VM
01-14 14:12:20.577  4987  4987 D AndroidRuntime: >>>>>> START com.android.internal.os.RuntimeInit uid 2000 <<<<<<
01-14 14:12:20.579  4987  4987 D AndroidRuntime: CheckJNI is OFF
01-14 14:12:20.598  4987  4987 W art     : Unexpected CPU variant for X86 using defaults: x86_64
01-14 14:12:20.602  4987  4987 D ICU     : No timezone override file found: /data/local/tmp/misc/zoneinfo/current/icu/icu_tzdata.dat
01-14 14:12:20.621  4987  4987 E memtrack: Couldn't load memtrack module (No such file or directory)
01-14 14:12:20.621  4987  4987 E android.os.Debug: failed to load memtrack module: -2
01-14 14:12:20.623  4987  4987 I Radio-JNI: register_android_hardware_Radio DONE
01-14 14:12:20.628  4987  4987 D AndroidRuntime: Calling main entry com.android.commands.uiautomator.Launcher
01-14 14:12:21.674  4987  4987 W AccessibilityNodeInfoDumper: Fetch time: 4ms
01-14 14:12:21.675  1697  2650 W WindowManager: Attempted to remove non-existing token: android.os.Binder@fd2c88f
01-14 14:12:21.681  4987  4987 D AndroidRuntime: Shutting down VM
01-14 14:12:21.938  4999  4999 D AndroidRuntime: >>>>>> START com.android.internal.os.RuntimeInit uid 2000 <<<<<<
01-14 14:12:21.939  4999  4999 D AndroidRuntime: CheckJNI is OFF
01-14 14:12:21.959  4999  4999 W art     : Unexpected CPU variant for X86 using defaults: x86_64
01-14 14:12:21.963  4999  4999 D ICU     : No timezone override file found: /data/misc/zoneinfo/current/icu/icu_tzdata.dat
01-14 14:12:21.979  4999  4999 E memtrack: Couldn't load memtrack module (No such file or directory)
01-14 14:12:21.979  4999  4999 E android.os.Debug: failed to load memtrack module: -2
01-14 14:12:21.979  4999  4999 I Radio-JNI: register_android_hardware_Radio DONE
