12-19 15:17:30.098 14368 14368 I Input   : injectKeyEvent: KeyEvent { action=ACTION_DOWN, keyCode=KEYCODE_E, scanCode=0, metaState=0, flags=0x0, repeatCount=0, eventTime=343141442, downTime=343141442, deviceId=-1, source=0x101 }
12-19 15:17:30.101 14368 14368 I Input   : injectKeyEvent: KeyEvent { action=ACTION_UP, keyCode=KEYCODE_E, scanCode=0, metaState=0, flags=0x0, repeatCount=0, eventTime=343141442, downTime=343141442, deviceId=-1, source=0x101 }
12-19 15:17:30.103 14368 14368 I Input   : injectKeyEvent: KeyEvent { action=ACTION_DOWN, keyCode=KEYCODE_S, scanCode=0, metaState=0, flags=0x0, repeatCount=0, eventTime=343141442, downTime=343141442, deviceId=-1, source=0x101 }
12-19 15:17:30.106 14368 14368 I Input   : injectKeyEvent: KeyEvent { action=ACTION_UP, keyCode=KEYCODE_S, scanCode=0, metaState=0, flags=0x0, repeatCount=0, eventTime=343141442, downTime=343141442, deviceId=-1, source=0x101 }
12-19 15:17:30.108 14368 14368 I Input   : injectKeyEvent: KeyEvent { action=ACTION_DOWN, keyCode=KEYCODE_T, scanCode=0, metaState=0, flags=0x0, repeatCount=0, eventTime=343141442, downTime=343141442, deviceId=-1, source=0x101 }
12-19 15:17:30.112 14368 14368 I Input   : injectKeyEvent: KeyEvent { action=ACTION_UP, keyCode=KEYCODE_T, scanCode=0, metaState=0, flags=0x0, repeatCount=0, eventTime=343141442, downTime=343141442, deviceId=-1, source=0x101 }
12-19 15:17:30.115 14368 14368 I Input   : injectKeyEvent: KeyEvent { action=ACTION_DOWN, keyCode=KEYCODE_SPACE, scanCode=0, metaState=0, flags=0x0, repeatCount=0, eventTime=343141442, downTime=343141442, deviceId=-1, source=0x101 }
12-19 15:17:30.118 14368 14368 I Input   : injectKeyEvent: KeyEvent { action=ACTION_UP, keyCode=KEYCODE_SPACE, scanCode=0, metaState=0, flags=0x0, repeatCount=0, eventTime=343141442, downTime=343141442, deviceId=-1, source=0x101 }
12-19 15:17:30.120 14368 14368 I Input   : injectKeyEvent: KeyEvent { action=ACTION_DOWN, keyCode=KEYCODE_SHIFT_LEFT, scanCode=0, metaState=META_SHIFT_ON|META_SHIFT_LEFT_ON, flags=0x0, repeatCount=0, eventTime=343141442, downTime=343141442, deviceId=-1, source=0x101 }
12-19 15:17:30.122 14368 14368 I Input   : injectKeyEvent: KeyEvent { action=ACTION_DOWN, keyCode=KEYCODE_T, scanCode=0, metaState=META_SHIFT_ON|META_SHIFT_LEFT_ON, flags=0x0, repeatCount=0, eventTime=343141442, downTime=343141442, deviceId=-1, source=0x101 }
12-19 15:17:30.124 14368 14368 I Input   : injectKeyEvent: KeyEvent { action=ACTION_UP, keyCode=KEYCODE_T, scanCode=0, metaState=META_SHIFT_ON|META_SHIFT_LEFT_ON, flags=0x0, repeatCount=0, eventTime=343141442, downTime=343141442, deviceId=-1, source=0x101 }
12-19 15:17:30.126 14368 14368 I Input   : injectKeyEvent: KeyEvent { action=ACTION_UP, keyCode=KEYCODE_SHIFT_LEFT, scanCode=0, metaState=0, flags=0x0, repeatCount=0, eventTime=343141442, downTime=343141442, deviceId=-1, source=0x101 }
12-19 15:17:30.130 14368 14368 I Input   : injectKeyEvent: KeyEvent { action=ACTION_DOWN, keyCode=KEYCODE_E, scanCode=0, metaState=0, flags=0x0, repeatCount=0, eventTime=343141442, downTime=343141442, deviceId=-1, source=0x101 }
12-19 15:17:30.132 14368 14368 I Input   : injectKeyEvent: KeyEvent { action=ACTION_UP, keyCode=KEYCODE_E, scanCode=0, metaState=0, flags=0x0, repeatCount=0, eventTime=343141442, downTime=343141442, deviceId=-1, source=0x101 }
12-19 15:17:30.134 14368 14368 I Input   : injectKeyEvent: KeyEvent { action=ACTION_DOWN, keyCode=KEYCODE_S, scanCode=0, metaState=0, flags=0x0, repeatCount=0, eventTime=343141442, downTime=343141442, deviceId=-1, source=0x101 }
12-19 15:17:30.137 14368 14368 I Input   : injectKeyEvent: KeyEvent { action=ACTION_UP, keyCode=KEYCODE_S, scanCode=0, metaState=0, flags=0x0, repeatCount=0, eventTime=343141442, downTime=343141442, deviceId=-1, source=0x101 }
12-19 15:17:30.139 14368 14368 I Input   : injectKeyEvent: KeyEvent { action=ACTION_DOWN, keyCode=KEYCODE_T, scanCode=0, metaState=0, flags=0x0, repeatCount=0, eventTime=343141442, downTime=343141442, deviceId=-1, source=0x101 }
12-19 15:17:30.141 14368 14368 I Input   : injectKeyEvent: KeyEvent { action=ACTION_UP, keyCode=KEYCODE_T, scanCode=0, metaState=0, flags=0x0, repeatCount=0, eventTime=343141442, downTime=343141442, deviceId=-1, source=0x101 }
12-19 15:17:30.143 14368 14368 D AndroidRuntime: Shutting down VM
12-19 15:17:31.268  1352  4925 E SurfaceFlinger: ro.sf.lcd_density must be defined as a build property
12-19 15:17:31.271  1352  1667 D gralloc_ranchu: gralloc_alloc: Creating ashmem region of size 8294400
12-19 15:17:31.277 14383 14383 D         : HostConnection::get() New Host Connection established 0x7eafb642d4e0, tid 14383
12-19 15:17:31.522 14388 14388 D AndroidRuntime: >>>>>> START com.android.internal.os.RuntimeInit uid 2000 <<<<<<
12-19 15:17:31.524 14388 14388 D AndroidRuntime: CheckJNI is ON
12-19 15:17:31.541 14388 14388 W art     : Unexpected CPU variant for X86 using defaults: x86_64
12-19 15:17:31.544 14388 14388 D ICU     : No timezone override file found: /data/misc/zoneinfo/current/icu/icu_tzdata.dat
12-19 15:17:31.560 14388 14388 E memtrack: Couldn't load memtrack module (No such file or directory)
12-19 15:17:31.560 14388 14388 E android.os.Debug: failed to load memtrack module: -2
12-19 15:17:31.561 14388 14388 I Radio-JNI: register_android_hardware_Radio DONE
12-19 15:17:31.569 14388 14388 D AndroidRuntime: Calling main entry com.android.commands.am.Am
12-19 15:17:31.578 18415 18415 D MediaScannerReceiver: action: android.intent.action.MEDIA_SCANNER_SCAN_FILE path: /storage/emulated/0/screen.png
12-19 15:17:31.580 14388 14388 D AndroidRuntime: Shutting down VM
12-19 15:17:33.971 14405 14405 D AndroidRuntime: >>>>>> START com.android.internal.os.RuntimeInit uid 2000 <<<<<<
12-19 15:17:33.972 14405 14405 D AndroidRuntime: CheckJNI is ON
12-19 15:17:33.986 14405 14405 W art     : Unexpected CPU variant for X86 using defaults: x86_64
12-19 15:17:33.989 14405 14405 D ICU     : No timezone override file found: /data/local/tmp/misc/zoneinfo/current/icu/icu_tzdata.dat
12-19 15:17:34.007 14405 14405 E memtrack: Couldn't load memtrack module (No such file or directory)
12-19 15:17:34.007 14405 14405 E android.os.Debug: failed to load memtrack module: -2
12-19 15:17:34.008 14405 14405 I Radio-JNI: register_android_hardware_Radio DONE
12-19 15:17:34.015 14405 14405 D AndroidRuntime: Calling main entry com.android.commands.uiautomator.Launcher
12-19 15:17:35.044 14405 14405 W AccessibilityNodeInfoDumper: Fetch time: 2ms
12-19 15:17:35.045  1677  2928 W WindowManager: Attempted to remove non-existing token: android.os.Binder@119a8fc
12-19 15:17:35.051 14405 14405 D AndroidRuntime: Shutting down VM
12-19 15:17:37.299 14419 14419 D AndroidRuntime: >>>>>> START com.android.internal.os.RuntimeInit uid 2000 <<<<<<
12-19 15:17:37.300 14419 14419 D AndroidRuntime: CheckJNI is ON
12-19 15:17:37.316 14419 14419 W art     : Unexpected CPU variant for X86 using defaults: x86_64
12-19 15:17:37.320 14419 14419 D ICU     : No timezone override file found: /data/local/tmp/misc/zoneinfo/current/icu/icu_tzdata.dat
12-19 15:17:37.335 14419 14419 E memtrack: Couldn't load memtrack module (No such file or directory)
12-19 15:17:37.335 14419 14419 E android.os.Debug: failed to load memtrack module: -2
12-19 15:17:37.335 14419 14419 I Radio-JNI: register_android_hardware_Radio DONE
12-19 15:17:37.340 14419 14419 D AndroidRuntime: Calling main entry com.android.commands.uiautomator.Launcher
12-19 15:17:38.369 14419 14419 W AccessibilityNodeInfoDumper: Fetch time: 2ms
12-19 15:17:38.370  1677  2868 W WindowManager: Attempted to remove non-existing token: android.os.Binder@e81fdda
12-19 15:17:38.375 14419 14419 D AndroidRuntime: Shutting down VM
12-19 15:17:38.615 14436 14436 D AndroidRuntime: >>>>>> START com.android.internal.os.RuntimeInit uid 2000 <<<<<<
12-19 15:17:38.616 14436 14436 D AndroidRuntime: CheckJNI is ON
12-19 15:17:38.630 14436 14436 W art     : Unexpected CPU variant for X86 using defaults: x86_64
12-19 15:17:38.633 14436 14436 D ICU     : No timezone override file found: /data/local/tmp/misc/zoneinfo/current/icu/icu_tzdata.dat
12-19 15:17:38.649 14436 14436 E memtrack: Couldn't load memtrack module (No such file or directory)
12-19 15:17:38.649 14436 14436 E android.os.Debug: failed to load memtrack module: -2
12-19 15:17:38.650 14436 14436 I Radio-JNI: register_android_hardware_Radio DONE
12-19 15:17:38.654 14436 14436 D AndroidRuntime: Calling main entry com.android.commands.uiautomator.Launcher
12-19 15:17:39.685 14436 14436 W AccessibilityNodeInfoDumper: Fetch time: 2ms
12-19 15:17:39.685  1677 14279 W WindowManager: Attempted to remove non-existing token: android.os.Binder@1d658e8
12-19 15:17:39.690 14436 14436 D AndroidRuntime: Shutting down VM
12-19 15:17:39.878 14448 14448 D AndroidRuntime: >>>>>> START com.android.internal.os.RuntimeInit uid 2000 <<<<<<
12-19 15:17:39.879 14448 14448 D AndroidRuntime: CheckJNI is ON
12-19 15:17:39.893 14448 14448 W art     : Unexpected CPU variant for X86 using defaults: x86_64
12-19 15:17:39.896 14448 14448 D ICU     : No timezone override file found: /data/misc/zoneinfo/current/icu/icu_tzdata.dat
12-19 15:17:39.909 14448 14448 E memtrack: Couldn't load memtrack module (No such file or directory)
12-19 15:17:39.910 14448 14448 E android.os.Debug: failed to load memtrack module: -2
12-19 15:17:39.910 14448 14448 I Radio-JNI: register_android_hardware_Radio DONE
12-19 15:17:39.916 14448 14448 D AndroidRuntime: Calling main entry com.android.commands.input.Input
12-19 15:17:39.920 14448 14448 I Input   : injectMotionEvent: MotionEvent { action=ACTION_DOWN, actionButton=0, id[0]=0, x[0]=540.0, y[0]=1101.0, toolType[0]=TOOL_TYPE_UNKNOWN, buttonState=0, metaState=0, flags=0x0, edgeFlags=0x0, pointerCount=1, historySize=0, eventTime=343151293, downTime=343151293, deviceId=0, source=0x1002 }
12-19 15:17:39.923 14448 14448 I Input   : injectMotionEvent: MotionEvent { action=ACTION_UP, actionButton=0, id[0]=0, x[0]=540.0, y[0]=1101.0, toolType[0]=TOOL_TYPE_UNKNOWN, buttonState=0, metaState=0, flags=0x0, edgeFlags=0x0, pointerCount=1, historySize=0, eventTime=343151293, downTime=343151293, deviceId=0, source=0x1002 }
12-19 15:17:39.927  1794  1794 W InputMethodService: Window size has been changed. This may cause jankiness of resizing window: -1 -> -2
12-19 15:17:39.930 14448 14448 D AndroidRuntime: Shutting down VM
12-19 15:17:39.933 12262 12262 W IInputConnectionWrapper: finishComposingText on inactive InputConnection
12-19 15:17:39.935  1794  1794 I LatinIME: Starting input. Cursor position = 13,13
12-19 15:17:39.977 12262 12287 D EGL_emulation: eglMakeCurrent: 0x76f39a2a0720: ver 3 0 (tinfo 0x76f3a83b49e0)
12-19 15:17:40.001 12262 12287 D EGL_emulation: eglMakeCurrent: 0x76f39a2a0720: ver 3 0 (tinfo 0x76f3a83b49e0)
12-19 15:17:40.046  1794  5650 D EGL_emulation: eglMakeCurrent: 0x76f3ab1cdbe0: ver 3 0 (tinfo 0x76f3ab179440)
12-19 15:17:40.185 14461 14461 D AndroidRuntime: >>>>>> START com.android.internal.os.RuntimeInit uid 2000 <<<<<<
12-19 15:17:40.186 14461 14461 D AndroidRuntime: CheckJNI is ON
12-19 15:17:40.207 14461 14461 W art     : Unexpected CPU variant for X86 using defaults: x86_64
12-19 15:17:40.210 14461 14461 D ICU     : No timezone override file found: /data/misc/zoneinfo/current/icu/icu_tzdata.dat
12-19 15:17:40.224 14461 14461 E memtrack: Couldn't load memtrack module (No such file or directory)
12-19 15:17:40.224 14461 14461 E android.os.Debug: failed to load memtrack module: -2
12-19 15:17:40.224 14461 14461 I Radio-JNI: register_android_hardware_Radio DONE
12-19 15:17:40.231 14461 14461 D AndroidRuntime: Calling main entry com.android.commands.input.Input
12-19 15:17:40.233 14461 14461 I Input   : injectKeyEvent: KeyEvent { action=ACTION_DOWN, keyCode=KEYCODE_ESCAPE, scanCode=0, metaState=0, flags=0x0, repeatCount=0, eventTime=343151608, downTime=343151608, deviceId=-1, source=0x101 }
12-19 15:17:40.236 14461 14461 I Input   : injectKeyEvent: KeyEvent { action=ACTION_UP, keyCode=KEYCODE_ESCAPE, scanCode=0, metaState=0, flags=0x0, repeatCount=0, eventTime=343151608, downTime=343151608, deviceId=-1, source=0x101 }
12-19 15:17:40.239 14461 14461 D AndroidRuntime: Shutting down VM
12-19 15:17:40.241  1794  1794 W InputMethodService: Window size has been changed. This may cause jankiness of resizing window: -1 -> -2
12-19 15:17:40.250  1794  5650 D EGL_emulation: eglMakeCurrent: 0x76f3ab1cdbe0: ver 3 0 (tinfo 0x76f3ab179440)
12-19 15:17:40.428  1677  1698 I WindowManager: Destroying surface Surface(name=InputMethod) called by com.android.server.wm.WindowStateAnimator.destroySurface:2016 com.android.server.wm.WindowStateAnimator.destroySurfaceLocked:882 com.android.server.wm.WindowState.destroyOrSaveSurface:2100 com.android.server.wm.WindowSurfacePlacer.performSurfacePlacementInner:429 com.android.server.wm.WindowSurfacePlacer.performSurfacePlacementLoop:232 com.android.server.wm.WindowSurfacePlacer.performSurfacePlacement:180 com.android.server.wm.WindowManagerService$H.handleMessage:8086 android.os.Handler.dispatchMessage:102 
12-19 15:17:40.978 14478 14478 D AndroidRuntime: >>>>>> START com.android.internal.os.RuntimeInit uid 2000 <<<<<<
12-19 15:17:40.979 14478 14478 D AndroidRuntime: CheckJNI is ON
12-19 15:17:40.994 14478 14478 W art     : Unexpected CPU variant for X86 using defaults: x86_64
12-19 15:17:40.997 14478 14478 D ICU     : No timezone override file found: /data/misc/zoneinfo/current/icu/icu_tzdata.dat
12-19 15:17:41.008 14478 14478 E memtrack: Couldn't load memtrack module (No such file or directory)
12-19 15:17:41.008 14478 14478 E android.os.Debug: failed to load memtrack module: -2
12-19 15:17:41.008 14478 14478 I Radio-JNI: register_android_hardware_Radio DONE
12-19 15:17:41.017 14478 14478 D AndroidRuntime: Calling main entry com.android.commands.input.Input
12-19 15:17:41.019 14478 14478 I Input   : injectKeyEvent: KeyEvent { action=ACTION_DOWN, keyCode=KEYCODE_MOVE_END, scanCode=0, metaState=0, flags=0x0, repeatCount=0, eventTime=343152394, downTime=343152394, deviceId=-1, source=0x101 }
12-19 15:17:41.027 14478 14478 I Input   : injectKeyEvent: KeyEvent { action=ACTION_UP, keyCode=KEYCODE_MOVE_END, scanCode=0, metaState=0, flags=0x0, repeatCount=0, eventTime=343152394, downTime=343152394, deviceId=-1, source=0x101 }
12-19 15:17:41.029 14478 14478 D AndroidRuntime: Shutting down VM
12-19 15:17:41.185 14488 14488 D AndroidRuntime: >>>>>> START com.android.internal.os.RuntimeInit uid 2000 <<<<<<
12-19 15:17:41.187 14488 14488 D AndroidRuntime: CheckJNI is ON
12-19 15:17:41.202 14488 14488 W art     : Unexpected CPU variant for X86 using defaults: x86_64
12-19 15:17:41.205 14488 14488 D ICU     : No timezone override file found: /data/misc/zoneinfo/current/icu/icu_tzdata.dat
12-19 15:17:41.212  1677  1698 I WindowManager: Destroying surface Surface(name=PopupWindow:6c32500) called by com.android.server.wm.WindowStateAnimator.destroySurface:2016 com.android.server.wm.WindowStateAnimator.destroySurfaceLocked:882 com.android.server.wm.WindowState.destroyOrSaveSurface:2100 com.android.server.wm.AppWindowToken.destroySurfaces:363 com.android.server.wm.WindowStateAnimator.finishExit:565 com.android.server.wm.WindowStateAnimator.stepAnimationLocked:491 com.android.server.wm.WindowAnimator.updateWindowsLocked:303 com.android.server.wm.WindowAnimator.animateLocked:704 
12-19 15:17:41.220 14488 14488 E memtrack: Couldn't load memtrack module (No such file or directory)
12-19 15:17:41.220 14488 14488 E android.os.Debug: failed to load memtrack module: -2
12-19 15:17:41.220 14488 14488 I Radio-JNI: register_android_hardware_Radio DONE
12-19 15:17:41.225 14488 14488 D AndroidRuntime: Calling main entry com.android.commands.input.Input
12-19 15:17:41.226 14488 14488 I Input   : injectKeyEvent: KeyEvent { action=ACTION_DOWN, keyCode=KEYCODE_DEL, scanCode=0, metaState=0, flags=0x0, repeatCount=0, eventTime=343152602, downTime=343152602, deviceId=-1, source=0x101 }
12-19 15:17:41.231 14488 14488 I Input   : injectKeyEvent: KeyEvent { action=ACTION_UP, keyCode=KEYCODE_DEL, scanCode=0, metaState=0, flags=0x0, repeatCount=0, eventTime=343152602, downTime=343152602, deviceId=-1, source=0x101 }
12-19 15:17:41.233 14488 14488 I Input   : injectKeyEvent: KeyEvent { action=ACTION_DOWN, keyCode=KEYCODE_DEL, scanCode=0, metaState=0, flags=0x0, repeatCount=0, eventTime=343152609, downTime=343152609, deviceId=-1, source=0x101 }
12-19 15:17:41.235 14488 14488 I Input   : injectKeyEvent: KeyEvent { action=ACTION_UP, keyCode=KEYCODE_DEL, scanCode=0, metaState=0, flags=0x0, repeatCount=0, eventTime=343152609, downTime=343152609, deviceId=-1, source=0x101 }
12-19 15:17:41.237 14488 14488 I Input   : injectKeyEvent: KeyEvent { action=ACTION_DOWN, keyCode=KEYCODE_DEL, scanCode=0, metaState=0, flags=0x0, repeatCount=0, eventTime=343152613, downTime=343152613, deviceId=-1, source=0x101 }
12-19 15:17:41.239 14488 14488 I Input   : injectKeyEvent: KeyEvent { action=ACTION_UP, keyCode=KEYCODE_DEL, scanCode=0, metaState=0, flags=0x0, repeatCount=0, eventTime=343152613, downTime=343152613, deviceId=-1, source=0x101 }
12-19 15:17:41.241 14488 14488 I Input   : injectKeyEvent: KeyEvent { action=ACTION_DOWN, keyCode=KEYCODE_DEL, scanCode=0, metaState=0, flags=0x0, repeatCount=0, eventTime=343152617, downTime=343152617, deviceId=-1, source=0x101 }
12-19 15:17:41.246 14488 14488 I Input   : injectKeyEvent: KeyEvent { action=ACTION_UP, keyCode=KEYCODE_DEL, scanCode=0, metaState=0, flags=0x0, repeatCount=0, eventTime=343152617, downTime=343152617, deviceId=-1, source=0x101 }
12-19 15:17:41.249 14488 14488 I Input   : injectKeyEvent: KeyEvent { action=ACTION_DOWN, keyCode=KEYCODE_DEL, scanCode=0, metaState=0, flags=0x0, repeatCount=0, eventTime=343152624, downTime=343152624, deviceId=-1, source=0x101 }
12-19 15:17:41.251 14488 14488 I Input   : injectKeyEvent: KeyEvent { action=ACTION_UP, keyCode=KEYCODE_DEL, scanCode=0, metaState=0, flags=0x0, repeatCount=0, eventTime=343152624, downTime=343152624, deviceId=-1, source=0x101 }
12-19 15:17:41.253 14488 14488 I Input   : injectKeyEvent: KeyEvent { action=ACTION_DOWN, keyCode=KEYCODE_DEL, scanCode=0, metaState=0, flags=0x0, repeatCount=0, eventTime=343152629, downTime=343152629, deviceId=-1, source=0x101 }
12-19 15:17:41.255 14488 14488 I Input   : injectKeyEvent: KeyEvent { action=ACTION_UP, keyCode=KEYCODE_DEL, scanCode=0, metaState=0, flags=0x0, repeatCount=0, eventTime=343152629, downTime=343152629, deviceId=-1, source=0x101 }
12-19 15:17:41.258 14488 14488 I Input   : injectKeyEvent: KeyEvent { action=ACTION_DOWN, keyCode=KEYCODE_DEL, scanCode=0, metaState=0, flags=0x0, repeatCount=0, eventTime=343152633, downTime=343152633, deviceId=-1, source=0x101 }
12-19 15:17:41.260 14488 14488 I Input   : injectKeyEvent: KeyEvent { action=ACTION_UP, keyCode=KEYCODE_DEL, scanCode=0, metaState=0, flags=0x0, repeatCount=0, eventTime=343152633, downTime=343152633, deviceId=-1, source=0x101 }
12-19 15:17:41.263 14488 14488 I Input   : injectKeyEvent: KeyEvent { action=ACTION_DOWN, keyCode=KEYCODE_DEL, scanCode=0, metaState=0, flags=0x0, repeatCount=0, eventTime=343152639, downTime=343152639, deviceId=-1, source=0x101 }
12-19 15:17:41.268 14488 14488 I Input   : injectKeyEvent: KeyEvent { action=ACTION_UP, keyCode=KEYCODE_DEL, scanCode=0, metaState=0, flags=0x0, repeatCount=0, eventTime=343152639, downTime=343152639, deviceId=-1, source=0x101 }
12-19 15:17:41.270 14488 14488 I Input   : injectKeyEvent: KeyEvent { action=ACTION_DOWN, keyCode=KEYCODE_DEL, scanCode=0, metaState=0, flags=0x0, repeatCount=0, eventTime=343152646, downTime=343152646, deviceId=-1, source=0x101 }
12-19 15:17:41.272 14488 14488 I Input   : injectKeyEvent: KeyEvent { action=ACTION_UP, keyCode=KEYCODE_DEL, scanCode=0, metaState=0, flags=0x0, repeatCount=0, eventTime=343152646, downTime=343152646, deviceId=-1, source=0x101 }
12-19 15:17:41.274 14488 14488 I Input   : injectKeyEvent: KeyEvent { action=ACTION_DOWN, keyCode=KEYCODE_DEL, scanCode=0, metaState=0, flags=0x0, repeatCount=0, eventTime=343152650, downTime=343152650, deviceId=-1, source=0x101 }
12-19 15:17:41.276 14488 14488 I Input   : injectKeyEvent: KeyEvent { action=ACTION_UP, keyCode=KEYCODE_DEL, scanCode=0, metaState=0, flags=0x0, repeatCount=0, eventTime=343152650, downTime=343152650, deviceId=-1, source=0x101 }
12-19 15:17:41.278 14488 14488 I Input   : injectKeyEvent: KeyEvent { action=ACTION_DOWN, keyCode=KEYCODE_DEL, scanCode=0, metaState=0, flags=0x0, repeatCount=0, eventTime=343152654, downTime=343152654, deviceId=-1, source=0x101 }
12-19 15:17:41.282 14488 14488 I Input   : injectKeyEvent: KeyEvent { action=ACTION_UP, keyCode=KEYCODE_DEL, scanCode=0, metaState=0, flags=0x0, repeatCount=0, eventTime=343152654, downTime=343152654, deviceId=-1, source=0x101 }
12-19 15:17:41.284 14488 14488 I Input   : injectKeyEvent: KeyEvent { action=ACTION_DOWN, keyCode=KEYCODE_DEL, scanCode=0, metaState=0, flags=0x0, repeatCount=0, eventTime=343152660, downTime=343152660, deviceId=-1, source=0x101 }
12-19 15:17:41.287 14488 14488 I Input   : injectKeyEvent: KeyEvent { action=ACTION_UP, keyCode=KEYCODE_DEL, scanCode=0, metaState=0, flags=0x0, repeatCount=0, eventTime=343152660, downTime=343152660, deviceId=-1, source=0x101 }
12-19 15:17:41.289 14488 14488 I Input   : injectKeyEvent: KeyEvent { action=ACTION_DOWN, keyCode=KEYCODE_DEL, scanCode=0, metaState=0, flags=0x0, repeatCount=0, eventTime=343152665, downTime=343152665, deviceId=-1, source=0x101 }
12-19 15:17:41.292 14488 14488 I Input   : injectKeyEvent: KeyEvent { action=ACTION_UP, keyCode=KEYCODE_DEL, scanCode=0, metaState=0, flags=0x0, repeatCount=0, eventTime=343152665, downTime=343152665, deviceId=-1, source=0x101 }
12-19 15:17:41.294 14488 14488 I Input   : injectKeyEvent: KeyEvent { action=ACTION_DOWN, keyCode=KEYCODE_DEL, scanCode=0, metaState=0, flags=0x0, repeatCount=0, eventTime=343152670, downTime=343152670, deviceId=-1, source=0x101 }
12-19 15:17:41.297 14488 14488 I Input   : injectKeyEvent: KeyEvent { action=ACTION_UP, keyCode=KEYCODE_DEL, scanCode=0, metaState=0, flags=0x0, repeatCount=0, eventTime=343152670, downTime=343152670, deviceId=-1, source=0x101 }
12-19 15:17:41.299 14488 14488 I Input   : injectKeyEvent: KeyEvent { action=ACTION_DOWN, keyCode=KEYCODE_DEL, scanCode=0, metaState=0, flags=0x0, repeatCount=0, eventTime=343152675, downTime=343152675, deviceId=-1, source=0x101 }
12-19 15:17:41.301 14488 14488 I Input   : injectKeyEvent: KeyEvent { action=ACTION_UP, keyCode=KEYCODE_DEL, scanCode=0, metaState=0, flags=0x0, repeatCount=0, eventTime=343152675, downTime=343152675, deviceId=-1, source=0x101 }
12-19 15:17:41.303 14488 14488 I Input   : injectKeyEvent: KeyEvent { action=ACTION_DOWN, keyCode=KEYCODE_DEL, scanCode=0, metaState=0, flags=0x0, repeatCount=0, eventTime=343152678, downTime=343152678, deviceId=-1, source=0x101 }
12-19 15:17:41.304 14488 14488 I Input   : injectKeyEvent: KeyEvent { action=ACTION_UP, keyCode=KEYCODE_DEL, scanCode=0, metaState=0, flags=0x0, repeatCount=0, eventTime=343152678, downTime=343152678, deviceId=-1, source=0x101 }
12-19 15:17:41.307 14488 14488 I Input   : injectKeyEvent: KeyEvent { action=ACTION_DOWN, keyCode=KEYCODE_DEL, scanCode=0, metaState=0, flags=0x0, repeatCount=0, eventTime=343152682, downTime=343152682, deviceId=-1, source=0x101 }
12-19 15:17:41.308 14488 14488 I Input   : injectKeyEvent: KeyEvent { action=ACTION_UP, keyCode=KEYCODE_DEL, scanCode=0, metaState=0, flags=0x0, repeatCount=0, eventTime=343152682, downTime=343152682, deviceId=-1, source=0x101 }
12-19 15:17:41.310 14488 14488 I Input   : injectKeyEvent: KeyEvent { action=ACTION_DOWN, keyCode=KEYCODE_DEL, scanCode=0, metaState=0, flags=0x0, repeatCount=0, eventTime=343152686, downTime=343152686, deviceId=-1, source=0x101 }
12-19 15:17:41.313 14488 14488 I Input   : injectKeyEvent: KeyEvent { action=ACTION_UP, keyCode=KEYCODE_DEL, scanCode=0, metaState=0, flags=0x0, repeatCount=0, eventTime=343152686, downTime=343152686, deviceId=-1, source=0x101 }
12-19 15:17:41.316 14488 14488 I Input   : injectKeyEvent: KeyEvent { action=ACTION_DOWN, keyCode=KEYCODE_DEL, scanCode=0, metaState=0, flags=0x0, repeatCount=0, eventTime=343152692, downTime=343152692, deviceId=-1, source=0x101 }
12-19 15:17:41.318 14488 14488 I Input   : injectKeyEvent: KeyEvent { action=ACTION_UP, keyCode=KEYCODE_DEL, scanCode=0, metaState=0, flags=0x0, repeatCount=0, eventTime=343152692, downTime=343152692, deviceId=-1, source=0x101 }
12-19 15:17:41.320 14488 14488 I Input   : injectKeyEvent: KeyEvent { action=ACTION_DOWN, keyCode=KEYCODE_DEL, scanCode=0, metaState=0, flags=0x0, repeatCount=0, eventTime=343152696, downTime=343152696, deviceId=-1, source=0x101 }
12-19 15:17:41.321 14488 14488 I Input   : injectKeyEvent: KeyEvent { action=ACTION_UP, keyCode=KEYCODE_DEL, scanCode=0, metaState=0, flags=0x0, repeatCount=0, eventTime=343152696, downTime=343152696, deviceId=-1, source=0x101 }
12-19 15:17:41.323 14488 14488 I Input   : injectKeyEvent: KeyEvent { action=ACTION_DOWN, keyCode=KEYCODE_DEL, scanCode=0, metaState=0, flags=0x0, repeatCount=0, eventTime=343152699, downTime=343152699, deviceId=-1, source=0x101 }
12-19 15:17:41.325 14488 14488 I Input   : injectKeyEvent: KeyEvent { action=ACTION_UP, keyCode=KEYCODE_DEL, scanCode=0, metaState=0, flags=0x0, repeatCount=0, eventTime=343152699, downTime=343152699, deviceId=-1, source=0x101 }
12-19 15:17:41.327 14488 14488 I Input   : injectKeyEvent: KeyEvent { action=ACTION_DOWN, keyCode=KEYCODE_DEL, scanCode=0, metaState=0, flags=0x0, repeatCount=0, eventTime=343152703, downTime=343152703, deviceId=-1, source=0x101 }
12-19 15:17:41.329 14488 14488 I Input   : injectKeyEvent: KeyEvent { action=ACTION_UP, keyCode=KEYCODE_DEL, scanCode=0, metaState=0, flags=0x0, repeatCount=0, eventTime=343152703, downTime=343152703, deviceId=-1, source=0x101 }
12-19 15:17:41.331 14488 14488 I Input   : injectKeyEvent: KeyEvent { action=ACTION_DOWN, keyCode=KEYCODE_DEL, scanCode=0, metaState=0, flags=0x0, repeatCount=0, eventTime=343152707, downTime=343152707, deviceId=-1, source=0x101 }
12-19 15:17:41.333 14488 14488 I Input   : injectKeyEvent: KeyEvent { action=ACTION_UP, keyCode=KEYCODE_DEL, scanCode=0, metaState=0, flags=0x0, repeatCount=0, eventTime=343152707, downTime=343152707, deviceId=-1, source=0x101 }
12-19 15:17:41.335 14488 14488 I Input   : injectKeyEvent: KeyEvent { action=ACTION_DOWN, keyCode=KEYCODE_DEL, scanCode=0, metaState=0, flags=0x0, repeatCount=0, eventTime=343152711, downTime=343152711, deviceId=-1, source=0x101 }
12-19 15:17:41.337 14488 14488 I Input   : injectKeyEvent: KeyEvent { action=ACTION_UP, keyCode=KEYCODE_DEL, scanCode=0, metaState=0, flags=0x0, repeatCount=0, eventTime=343152711, downTime=343152711, deviceId=-1, source=0x101 }
12-19 15:17:41.338 14488 14488 I Input   : injectKeyEvent: KeyEvent { action=ACTION_DOWN, keyCode=KEYCODE_DEL, scanCode=0, metaState=0, flags=0x0, repeatCount=0, eventTime=343152714, downTime=343152714, deviceId=-1, source=0x101 }
12-19 15:17:41.340 14488 14488 I Input   : injectKeyEvent: KeyEvent { action=ACTION_UP, keyCode=KEYCODE_DEL, scanCode=0, metaState=0, flags=0x0, repeatCount=0, eventTime=343152714, downTime=343152714, deviceId=-1, source=0x101 }
12-19 15:17:41.342 14488 14488 I Input   : injectKeyEvent: KeyEvent { action=ACTION_DOWN, keyCode=KEYCODE_DEL, scanCode=0, metaState=0, flags=0x0, repeatCount=0, eventTime=343152718, downTime=343152718, deviceId=-1, source=0x101 }
12-19 15:17:41.343 14488 14488 I Input   : injectKeyEvent: KeyEvent { action=ACTION_UP, keyCode=KEYCODE_DEL, scanCode=0, metaState=0, flags=0x0, repeatCount=0, eventTime=343152718, downTime=343152718, deviceId=-1, source=0x101 }
12-19 15:17:41.345 14488 14488 I Input   : injectKeyEvent: KeyEvent { action=ACTION_DOWN, keyCode=KEYCODE_DEL, scanCode=0, metaState=0, flags=0x0, repeatCount=0, eventTime=343152721, downTime=343152721, deviceId=-1, source=0x101 }
12-19 15:17:41.347 14488 14488 I Input   : injectKeyEvent: KeyEvent { action=ACTION_UP, keyCode=KEYCODE_DEL, scanCode=0, metaState=0, flags=0x0, repeatCount=0, eventTime=343152721, downTime=343152721, deviceId=-1, source=0x101 }
12-19 15:17:41.349 14488 14488 I Input   : injectKeyEvent: KeyEvent { action=ACTION_DOWN, keyCode=KEYCODE_DEL, scanCode=0, metaState=0, flags=0x0, repeatCount=0, eventTime=343152725, downTime=343152725, deviceId=-1, source=0x101 }
12-19 15:17:41.351 14488 14488 I Input   : injectKeyEvent: KeyEvent { action=ACTION_UP, keyCode=KEYCODE_DEL, scanCode=0, metaState=0, flags=0x0, repeatCount=0, eventTime=343152725, downTime=343152725, deviceId=-1, source=0x101 }
12-19 15:17:41.352 14488 14488 I Input   : injectKeyEvent: KeyEvent { action=ACTION_DOWN, keyCode=KEYCODE_DEL, scanCode=0, metaState=0, flags=0x0, repeatCount=0, eventTime=343152728, downTime=343152728, deviceId=-1, source=0x101 }
12-19 15:17:41.354 14488 14488 I Input   : injectKeyEvent: KeyEvent { action=ACTION_UP, keyCode=KEYCODE_DEL, scanCode=0, metaState=0, flags=0x0, repeatCount=0, eventTime=343152728, downTime=343152728, deviceId=-1, source=0x101 }
12-19 15:17:41.356 14488 14488 I Input   : injectKeyEvent: KeyEvent { action=ACTION_DOWN, keyCode=KEYCODE_DEL, scanCode=0, metaState=0, flags=0x0, repeatCount=0, eventTime=343152732, downTime=343152732, deviceId=-1, source=0x101 }
12-19 15:17:41.359 14488 14488 I Input   : injectKeyEvent: KeyEvent { action=ACTION_UP, keyCode=KEYCODE_DEL, scanCode=0, metaState=0, flags=0x0, repeatCount=0, eventTime=343152732, downTime=343152732, deviceId=-1, source=0x101 }
12-19 15:17:41.361 14488 14488 I Input   : injectKeyEvent: KeyEvent { action=ACTION_DOWN, keyCode=KEYCODE_DEL, scanCode=0, metaState=0, flags=0x0, repeatCount=0, eventTime=343152737, downTime=343152737, deviceId=-1, source=0x101 }
12-19 15:17:41.364 14488 14488 I Input   : injectKeyEvent: KeyEvent { action=ACTION_UP, keyCode=KEYCODE_DEL, scanCode=0, metaState=0, flags=0x0, repeatCount=0, eventTime=343152737, downTime=343152737, deviceId=-1, source=0x101 }
12-19 15:17:41.366 14488 14488 I Input   : injectKeyEvent: KeyEvent { action=ACTION_DOWN, keyCode=KEYCODE_DEL, scanCode=0, metaState=0, flags=0x0, repeatCount=0, eventTime=343152742, downTime=343152742, deviceId=-1, source=0x101 }
12-19 15:17:41.368 14488 14488 I Input   : injectKeyEvent: KeyEvent { action=ACTION_UP, keyCode=KEYCODE_DEL, scanCode=0, metaState=0, flags=0x0, repeatCount=0, eventTime=343152742, downTime=343152742, deviceId=-1, source=0x101 }
12-19 15:17:41.369 14488 14488 I Input   : injectKeyEvent: KeyEvent { action=ACTION_DOWN, keyCode=KEYCODE_DEL, scanCode=0, metaState=0, flags=0x0, repeatCount=0, eventTime=343152745, downTime=343152745, deviceId=-1, source=0x101 }
12-19 15:17:41.371 14488 14488 I Input   : injectKeyEvent: KeyEvent { action=ACTION_UP, keyCode=KEYCODE_DEL, scanCode=0, metaState=0, flags=0x0, repeatCount=0, eventTime=343152745, downTime=343152745, deviceId=-1, source=0x101 }
12-19 15:17:41.373 14488 14488 I Input   : injectKeyEvent: KeyEvent { action=ACTION_DOWN, keyCode=KEYCODE_DEL, scanCode=0, metaState=0, flags=0x0, repeatCount=0, eventTime=343152749, downTime=343152749, deviceId=-1, source=0x101 }
12-19 15:17:41.375 14488 14488 I Input   : injectKeyEvent: KeyEvent { action=ACTION_UP, keyCode=KEYCODE_DEL, scanCode=0, metaState=0, flags=0x0, repeatCount=0, eventTime=343152749, downTime=343152749, deviceId=-1, source=0x101 }
12-19 15:17:41.377 14488 14488 I Input   : injectKeyEvent: KeyEvent { action=ACTION_DOWN, keyCode=KEYCODE_DEL, scanCode=0, metaState=0, flags=0x0, repeatCount=0, eventTime=343152753, downTime=343152753, deviceId=-1, source=0x101 }
12-19 15:17:41.379 14488 14488 I Input   : injectKeyEvent: KeyEvent { action=ACTION_UP, keyCode=KEYCODE_DEL, scanCode=0, metaState=0, flags=0x0, repeatCount=0, eventTime=343152753, downTime=343152753, deviceId=-1, source=0x101 }
12-19 15:17:41.381 14488 14488 I Input   : injectKeyEvent: KeyEvent { action=ACTION_DOWN, keyCode=KEYCODE_DEL, scanCode=0, metaState=0, flags=0x0, repeatCount=0, eventTime=343152757, downTime=343152757, deviceId=-1, source=0x101 }
12-19 15:17:41.382 14488 14488 I Input   : injectKeyEvent: KeyEvent { action=ACTION_UP, keyCode=KEYCODE_DEL, scanCode=0, metaState=0, flags=0x0, repeatCount=0, eventTime=343152757, downTime=343152757, deviceId=-1, source=0x101 }
12-19 15:17:41.385 14488 14488 I Input   : injectKeyEvent: KeyEvent { action=ACTION_DOWN, keyCode=KEYCODE_DEL, scanCode=0, metaState=0, flags=0x0, repeatCount=0, eventTime=343152760, downTime=343152760, deviceId=-1, source=0x101 }
12-19 15:17:41.386 14488 14488 I Input   : injectKeyEvent: KeyEvent { action=ACTION_UP, keyCode=KEYCODE_DEL, scanCode=0, metaState=0, flags=0x0, repeatCount=0, eventTime=343152760, downTime=343152760, deviceId=-1, source=0x101 }
12-19 15:17:41.388 14488 14488 I Input   : injectKeyEvent: KeyEvent { action=ACTION_DOWN, keyCode=KEYCODE_DEL, scanCode=0, metaState=0, flags=0x0, repeatCount=0, eventTime=343152764, downTime=343152764, deviceId=-1, source=0x101 }
12-19 15:17:41.390 14488 14488 I Input   : injectKeyEvent: KeyEvent { action=ACTION_UP, keyCode=KEYCODE_DEL, scanCode=0, metaState=0, flags=0x0, repeatCount=0, eventTime=343152764, downTime=343152764, deviceId=-1, source=0x101 }
12-19 15:17:41.391 14488 14488 I Input   : injectKeyEvent: KeyEvent { action=ACTION_DOWN, keyCode=KEYCODE_DEL, scanCode=0, metaState=0, flags=0x0, repeatCount=0, eventTime=343152767, downTime=343152767, deviceId=-1, source=0x101 }
12-19 15:17:41.393 14488 14488 I Input   : injectKeyEvent: KeyEvent { action=ACTION_UP, keyCode=KEYCODE_DEL, scanCode=0, metaState=0, flags=0x0, repeatCount=0, eventTime=343152767, downTime=343152767, deviceId=-1, source=0x101 }
12-19 15:17:41.395 14488 14488 I Input   : injectKeyEvent: KeyEvent { action=ACTION_DOWN, keyCode=KEYCODE_DEL, scanCode=0, metaState=0, flags=0x0, repeatCount=0, eventTime=343152771, downTime=343152771, deviceId=-1, source=0x101 }
12-19 15:17:41.397 14488 14488 I Input   : injectKeyEvent: KeyEvent { action=ACTION_UP, keyCode=KEYCODE_DEL, scanCode=0, metaState=0, flags=0x0, repeatCount=0, eventTime=343152771, downTime=343152771, deviceId=-1, source=0x101 }
12-19 15:17:41.399 14488 14488 I Input   : injectKeyEvent: KeyEvent { action=ACTION_DOWN, keyCode=KEYCODE_DEL, scanCode=0, metaState=0, flags=0x0, repeatCount=0, eventTime=343152775, downTime=343152775, deviceId=-1, source=0x101 }
12-19 15:17:41.401 14488 14488 I Input   : injectKeyEvent: KeyEvent { action=ACTION_UP, keyCode=KEYCODE_DEL, scanCode=0, metaState=0, flags=0x0, repeatCount=0, eventTime=343152775, downTime=343152775, deviceId=-1, source=0x101 }
12-19 15:17:41.402 14488 14488 I Input   : injectKeyEvent: KeyEvent { action=ACTION_DOWN, keyCode=KEYCODE_DEL, scanCode=0, metaState=0, flags=0x0, repeatCount=0, eventTime=343152778, downTime=343152778, deviceId=-1, source=0x101 }
12-19 15:17:41.404 14488 14488 I Input   : injectKeyEvent: KeyEvent { action=ACTION_UP, keyCode=KEYCODE_DEL, scanCode=0, metaState=0, flags=0x0, repeatCount=0, eventTime=343152778, downTime=343152778, deviceId=-1, source=0x101 }
12-19 15:17:41.405 14488 14488 I Input   : injectKeyEvent: KeyEvent { action=ACTION_DOWN, keyCode=KEYCODE_DEL, scanCode=0, metaState=0, flags=0x0, repeatCount=0, eventTime=343152781, downTime=343152781, deviceId=-1, source=0x101 }
12-19 15:17:41.407 14488 14488 I Input   : injectKeyEvent: KeyEvent { action=ACTION_UP, keyCode=KEYCODE_DEL, scanCode=0, metaState=0, flags=0x0, repeatCount=0, eventTime=343152781, downTime=343152781, deviceId=-1, source=0x101 }
12-19 15:17:41.409 14488 14488 I Input   : injectKeyEvent: KeyEvent { action=ACTION_DOWN, keyCode=KEYCODE_DEL, scanCode=0, metaState=0, flags=0x0, repeatCount=0, eventTime=343152785, downTime=343152785, deviceId=-1, source=0x101 }
12-19 15:17:41.411 14488 14488 I Input   : injectKeyEvent: KeyEvent { action=ACTION_UP, keyCode=KEYCODE_DEL, scanCode=0, metaState=0, flags=0x0, repeatCount=0, eventTime=343152785, downTime=343152785, deviceId=-1, source=0x101 }
12-19 15:17:41.413 14488 14488 I Input   : injectKeyEvent: KeyEvent { action=ACTION_DOWN, keyCode=KEYCODE_DEL, scanCode=0, metaState=0, flags=0x0, repeatCount=0, eventTime=343152789, downTime=343152789, deviceId=-1, source=0x101 }
12-19 15:17:41.415 14488 14488 I Input   : injectKeyEvent: KeyEvent { action=ACTION_UP, keyCode=KEYCODE_DEL, scanCode=0, metaState=0, flags=0x0, repeatCount=0, eventTime=343152789, downTime=343152789, deviceId=-1, source=0x101 }
12-19 15:17:41.418 14488 14488 I Input   : injectKeyEvent: KeyEvent { action=ACTION_DOWN, keyCode=KEYCODE_DEL, scanCode=0, metaState=0, flags=0x0, repeatCount=0, eventTime=343152794, downTime=343152794, deviceId=-1, source=0x101 }
12-19 15:17:41.421 14488 14488 I Input   : injectKeyEvent: KeyEvent { action=ACTION_UP, keyCode=KEYCODE_DEL, scanCode=0, metaState=0, flags=0x0, repeatCount=0, eventTime=343152794, downTime=343152794, deviceId=-1, source=0x101 }
12-19 15:17:41.423 14488 14488 I Input   : injectKeyEvent: KeyEvent { action=ACTION_DOWN, keyCode=KEYCODE_DEL, scanCode=0, metaState=0, flags=0x0, repeatCount=0, eventTime=343152799, downTime=343152799, deviceId=-1, source=0x101 }
12-19 15:17:41.425 14488 14488 I Input   : injectKeyEvent: KeyEvent { action=ACTION_UP, keyCode=KEYCODE_DEL, scanCode=0, metaState=0, flags=0x0, repeatCount=0, eventTime=343152799, downTime=343152799, deviceId=-1, source=0x101 }
12-19 15:17:41.427 14488 14488 I Input   : injectKeyEvent: KeyEvent { action=ACTION_DOWN, keyCode=KEYCODE_DEL, scanCode=0, metaState=0, flags=0x0, repeatCount=0, eventTime=343152803, downTime=343152803, deviceId=-1, source=0x101 }
12-19 15:17:41.428 14488 14488 I Input   : injectKeyEvent: KeyEvent { action=ACTION_UP, keyCode=KEYCODE_DEL, scanCode=0, metaState=0, flags=0x0, repeatCount=0, eventTime=343152803, downTime=343152803, deviceId=-1, source=0x101 }
12-19 15:17:41.430 14488 14488 I Input   : injectKeyEvent: KeyEvent { action=ACTION_DOWN, keyCode=KEYCODE_DEL, scanCode=0, metaState=0, flags=0x0, repeatCount=0, eventTime=343152806, downTime=343152806, deviceId=-1, source=0x101 }
12-19 15:17:41.432 14488 14488 I Input   : injectKeyEvent: KeyEvent { action=ACTION_UP, keyCode=KEYCODE_DEL, scanCode=0, metaState=0, flags=0x0, repeatCount=0, eventTime=343152806, downTime=343152806, deviceId=-1, source=0x101 }
12-19 15:17:41.434 14488 14488 I Input   : injectKeyEvent: KeyEvent { action=ACTION_DOWN, keyCode=KEYCODE_DEL, scanCode=0, metaState=0, flags=0x0, repeatCount=0, eventTime=343152810, downTime=343152810, deviceId=-1, source=0x101 }
12-19 15:17:41.436 14488 14488 I Input   : injectKeyEvent: KeyEvent { action=ACTION_UP, keyCode=KEYCODE_DEL, scanCode=0, metaState=0, flags=0x0, repeatCount=0, eventTime=343152810, downTime=343152810, deviceId=-1, source=0x101 }
12-19 15:17:41.437 14488 14488 D AndroidRuntime: Shutting down VM
12-19 15:17:41.587 14498 14498 D AndroidRuntime: >>>>>> START com.android.internal.os.RuntimeInit uid 2000 <<<<<<
12-19 15:17:41.589 14498 14498 D AndroidRuntime: CheckJNI is ON
12-19 15:17:41.603 14498 14498 W art     : Unexpected CPU variant for X86 using defaults: x86_64
12-19 15:17:41.607 14498 14498 D ICU     : No timezone override file found: /data/misc/zoneinfo/current/icu/icu_tzdata.dat
12-19 15:17:41.620 14498 14498 E memtrack: Couldn't load memtrack module (No such file or directory)
12-19 15:17:41.620 14498 14498 E android.os.Debug: failed to load memtrack module: -2
12-19 15:17:41.620 14498 14498 I Radio-JNI: register_android_hardware_Radio DONE
12-19 15:17:41.624 14498 14498 D AndroidRuntime: Calling main entry com.android.commands.input.Input
12-19 15:17:41.629 14498 14498 I Input   : injectKeyEvent: KeyEvent { action=ACTION_DOWN, keyCode=KEYCODE_SHIFT_LEFT, scanCode=0, metaState=META_SHIFT_ON|META_SHIFT_LEFT_ON, flags=0x0, repeatCount=0, eventTime=343153005, downTime=343153005, deviceId=-1, source=0x101 }
12-19 15:17:41.632 14498 14498 I Input   : injectKeyEvent: KeyEvent { action=ACTION_DOWN, keyCode=KEYCODE_T, scanCode=0, metaState=META_SHIFT_ON|META_SHIFT_LEFT_ON, flags=0x0, repeatCount=0, eventTime=343153005, downTime=343153005, deviceId=-1, source=0x101 }
12-19 15:17:41.634 14498 14498 I Input   : injectKeyEvent: KeyEvent { action=ACTION_UP, keyCode=KEYCODE_T, scanCode=0, metaState=META_SHIFT_ON|META_SHIFT_LEFT_ON, flags=0x0, repeatCount=0, eventTime=343153005, downTime=343153005, deviceId=-1, source=0x101 }
12-19 15:17:41.635 14498 14498 I Input   : injectKeyEvent: KeyEvent { action=ACTION_UP, keyCode=KEYCODE_SHIFT_LEFT, scanCode=0, metaState=0, flags=0x0, repeatCount=0, eventTime=343153005, downTime=343153005, deviceId=-1, source=0x101 }
12-19 15:17:41.637 14498 14498 I Input   : injectKeyEvent: KeyEvent { action=ACTION_DOWN, keyCode=KEYCODE_E, scanCode=0, metaState=0, flags=0x0, repeatCount=0, eventTime=343153005, downTime=343153005, deviceId=-1, source=0x101 }
12-19 15:17:41.640 14498 14498 I Input   : injectKeyEvent: KeyEvent { action=ACTION_UP, keyCode=KEYCODE_E, scanCode=0, metaState=0, flags=0x0, repeatCount=0, eventTime=343153005, downTime=343153005, deviceId=-1, source=0x101 }
12-19 15:17:41.641 14498 14498 I Input   : injectKeyEvent: KeyEvent { action=ACTION_DOWN, keyCode=KEYCODE_S, scanCode=0, metaState=0, flags=0x0, repeatCount=0, eventTime=343153005, downTime=343153005, deviceId=-1, source=0x101 }
12-19 15:17:41.644 14498 14498 I Input   : injectKeyEvent: KeyEvent { action=ACTION_UP, keyCode=KEYCODE_S, scanCode=0, metaState=0, flags=0x0, repeatCount=0, eventTime=343153005, downTime=343153005, deviceId=-1, source=0x101 }
12-19 15:17:41.646 14498 14498 I Input   : injectKeyEvent: KeyEvent { action=ACTION_DOWN, keyCode=KEYCODE_T, scanCode=0, metaState=0, flags=0x0, repeatCount=0, eventTime=343153005, downTime=343153005, deviceId=-1, source=0x101 }
12-19 15:17:41.648 14498 14498 I Input   : injectKeyEvent: KeyEvent { action=ACTION_UP, keyCode=KEYCODE_T, scanCode=0, metaState=0, flags=0x0, repeatCount=0, eventTime=343153005, downTime=343153005, deviceId=-1, source=0x101 }
12-19 15:17:41.650 14498 14498 I Input   : injectKeyEvent: KeyEvent { action=ACTION_DOWN, keyCode=KEYCODE_SHIFT_LEFT, scanCode=0, metaState=META_SHIFT_ON|META_SHIFT_LEFT_ON, flags=0x0, repeatCount=0, eventTime=343153005, downTime=343153005, deviceId=-1, source=0x101 }
12-19 15:17:41.652 14498 14498 I Input   : injectKeyEvent: KeyEvent { action=ACTION_DOWN, keyCode=KEYCODE_T, scanCode=0, metaState=META_SHIFT_ON|META_SHIFT_LEFT_ON, flags=0x0, repeatCount=0, eventTime=343153005, downTime=343153005, deviceId=-1, source=0x101 }
12-19 15:17:41.655 14498 14498 I Input   : injectKeyEvent: KeyEvent { action=ACTION_UP, keyCode=KEYCODE_T, scanCode=0, metaState=META_SHIFT_ON|META_SHIFT_LEFT_ON, flags=0x0, repeatCount=0, eventTime=343153005, downTime=343153005, deviceId=-1, source=0x101 }
12-19 15:17:41.657 14498 14498 I Input   : injectKeyEvent: KeyEvent { action=ACTION_UP, keyCode=KEYCODE_SHIFT_LEFT, scanCode=0, metaState=0, flags=0x0, repeatCount=0, eventTime=343153005, downTime=343153005, deviceId=-1, source=0x101 }
12-19 15:17:41.658 14498 14498 I Input   : injectKeyEvent: KeyEvent { action=ACTION_DOWN, keyCode=KEYCODE_E, scanCode=0, metaState=0, flags=0x0, repeatCount=0, eventTime=343153005, downTime=343153005, deviceId=-1, source=0x101 }
12-19 15:17:41.661 14498 14498 I Input   : injectKeyEvent: KeyEvent { action=ACTION_UP, keyCode=KEYCODE_E, scanCode=0, metaState=0, flags=0x0, repeatCount=0, eventTime=343153005, downTime=343153005, deviceId=-1, source=0x101 }
12-19 15:17:41.664 14498 14498 I Input   : injectKeyEvent: KeyEvent { action=ACTION_DOWN, keyCode=KEYCODE_S, scanCode=0, metaState=0, flags=0x0, repeatCount=0, eventTime=343153005, downTime=343153005, deviceId=-1, source=0x101 }
12-19 15:17:41.668 14498 14498 I Input   : injectKeyEvent: KeyEvent { action=ACTION_UP, keyCode=KEYCODE_S, scanCode=0, metaState=0, flags=0x0, repeatCount=0, eventTime=343153005, downTime=343153005, deviceId=-1, source=0x101 }
12-19 15:17:41.669 14498 14498 I Input   : injectKeyEvent: KeyEvent { action=ACTION_DOWN, keyCode=KEYCODE_T, scanCode=0, metaState=0, flags=0x0, repeatCount=0, eventTime=343153005, downTime=343153005, deviceId=-1, source=0x101 }
12-19 15:17:41.672 14498 14498 I Input   : injectKeyEvent: KeyEvent { action=ACTION_UP, keyCode=KEYCODE_T, scanCode=0, metaState=0, flags=0x0, repeatCount=0, eventTime=343153005, downTime=343153005, deviceId=-1, source=0x101 }
12-19 15:17:41.673 14498 14498 I Input   : injectKeyEvent: KeyEvent { action=ACTION_DOWN, keyCode=KEYCODE_SPACE, scanCode=0, metaState=0, flags=0x0, repeatCount=0, eventTime=343153005, downTime=343153005, deviceId=-1, source=0x101 }
12-19 15:17:41.676 14498 14498 I Input   : injectKeyEvent: KeyEvent { action=ACTION_UP, keyCode=KEYCODE_SPACE, scanCode=0, metaState=0, flags=0x0, repeatCount=0, eventTime=343153005, downTime=343153005, deviceId=-1, source=0x101 }
12-19 15:17:41.679 14498 14498 I Input   : injectKeyEvent: KeyEvent { action=ACTION_DOWN, keyCode=KEYCODE_SHIFT_LEFT, scanCode=0, metaState=META_SHIFT_ON|META_SHIFT_LEFT_ON, flags=0x0, repeatCount=0, eventTime=343153005, downTime=343153005, deviceId=-1, source=0x101 }
12-19 15:17:41.680 14498 14498 I Input   : injectKeyEvent: KeyEvent { action=ACTION_DOWN, keyCode=KEYCODE_T, scanCode=0, metaState=META_SHIFT_ON|META_SHIFT_LEFT_ON, flags=0x0, repeatCount=0, eventTime=343153005, downTime=343153005, deviceId=-1, source=0x101 }
12-19 15:17:41.683 14498 14498 I Input   : injectKeyEvent: KeyEvent { action=ACTION_UP, keyCode=KEYCODE_T, scanCode=0, metaState=META_SHIFT_ON|META_SHIFT_LEFT_ON, flags=0x0, repeatCount=0, eventTime=343153005, downTime=343153005, deviceId=-1, source=0x101 }
12-19 15:17:41.686 14498 14498 I Input   : injectKeyEvent: KeyEvent { action=ACTION_UP, keyCode=KEYCODE_SHIFT_LEFT, scanCode=0, metaState=0, flags=0x0, repeatCount=0, eventTime=343153005, downTime=343153005, deviceId=-1, source=0x101 }
12-19 15:17:41.687 14498 14498 I Input   : injectKeyEvent: KeyEvent { action=ACTION_DOWN, keyCode=KEYCODE_E, scanCode=0, metaState=0, flags=0x0, repeatCount=0, eventTime=343153005, downTime=343153005, deviceId=-1, source=0x101 }
12-19 15:17:41.690 14498 14498 I Input   : injectKeyEvent: KeyEvent { action=ACTION_UP, keyCode=KEYCODE_E, scanCode=0, metaState=0, flags=0x0, repeatCount=0, eventTime=343153005, downTime=343153005, deviceId=-1, source=0x101 }
12-19 15:17:41.693 14498 14498 I Input   : injectKeyEvent: KeyEvent { action=ACTION_DOWN, keyCode=KEYCODE_S, scanCode=0, metaState=0, flags=0x0, repeatCount=0, eventTime=343153005, downTime=343153005, deviceId=-1, source=0x101 }
12-19 15:17:41.697 14498 14498 I Input   : injectKeyEvent: KeyEvent { action=ACTION_UP, keyCode=KEYCODE_S, scanCode=0, metaState=0, flags=0x0, repeatCount=0, eventTime=343153005, downTime=343153005, deviceId=-1, source=0x101 }
12-19 15:17:41.699 14498 14498 I Input   : injectKeyEvent: KeyEvent { action=ACTION_DOWN, keyCode=KEYCODE_T, scanCode=0, metaState=0, flags=0x0, repeatCount=0, eventTime=343153005, downTime=343153005, deviceId=-1, source=0x101 }
12-19 15:17:41.702 14498 14498 I Input   : injectKeyEvent: KeyEvent { action=ACTION_UP, keyCode=KEYCODE_T, scanCode=0, metaState=0, flags=0x0, repeatCount=0, eventTime=343153005, downTime=343153005, deviceId=-1, source=0x101 }
12-19 15:17:41.704 14498 14498 D AndroidRuntime: Shutting down VM
12-19 15:17:42.820  1352  1367 E SurfaceFlinger: ro.sf.lcd_density must be defined as a build property
12-19 15:17:42.822  1352  2165 D gralloc_ranchu: gralloc_alloc: Creating ashmem region of size 8294400
12-19 15:17:42.827 14513 14513 D         : HostConnection::get() New Host Connection established 0x759146a2d4e0, tid 14513
12-19 15:17:43.056 14518 14518 D AndroidRuntime: >>>>>> START com.android.internal.os.RuntimeInit uid 2000 <<<<<<
12-19 15:17:43.058 14518 14518 D AndroidRuntime: CheckJNI is ON
12-19 15:17:43.074 14518 14518 W art     : Unexpected CPU variant for X86 using defaults: x86_64
12-19 15:17:43.077 14518 14518 D ICU     : No timezone override file found: /data/misc/zoneinfo/current/icu/icu_tzdata.dat
12-19 15:17:43.088 14518 14518 E memtrack: Couldn't load memtrack module (No such file or directory)
12-19 15:17:43.088 14518 14518 E android.os.Debug: failed to load memtrack module: -2
12-19 15:17:43.089 14518 14518 I Radio-JNI: register_android_hardware_Radio DONE
12-19 15:17:43.094 14518 14518 D AndroidRuntime: Calling main entry com.android.commands.am.Am
12-19 15:17:43.102 18415 18415 D MediaScannerReceiver: action: android.intent.action.MEDIA_SCANNER_SCAN_FILE path: /storage/emulated/0/screen.png
12-19 15:17:43.105 14518 14518 D AndroidRuntime: Shutting down VM
12-19 15:17:45.497 14532 14532 D AndroidRuntime: >>>>>> START com.android.internal.os.RuntimeInit uid 2000 <<<<<<
12-19 15:17:45.498 14532 14532 D AndroidRuntime: CheckJNI is ON
12-19 15:17:45.514 14532 14532 W art     : Unexpected CPU variant for X86 using defaults: x86_64
12-19 15:17:45.518 14532 14532 D ICU     : No timezone override file found: /data/local/tmp/misc/zoneinfo/current/icu/icu_tzdata.dat
12-19 15:17:45.533 14532 14532 E memtrack: Couldn't load memtrack module (No such file or directory)
12-19 15:17:45.533 14532 14532 E android.os.Debug: failed to load memtrack module: -2
12-19 15:17:45.533 14532 14532 I Radio-JNI: register_android_hardware_Radio DONE
12-19 15:17:45.538 14532 14532 D AndroidRuntime: Calling main entry com.android.commands.uiautomator.Launcher
12-19 15:17:46.559 14532 14532 W AccessibilityNodeInfoDumper: Fetch time: 3ms
12-19 15:17:46.560  1677  2633 W WindowManager: Attempted to remove non-existing token: android.os.Binder@d7ec7e2
12-19 15:17:46.569 14532 14532 D AndroidRuntime: Shutting down VM
12-19 15:17:48.805 14547 14547 D AndroidRuntime: >>>>>> START com.android.internal.os.RuntimeInit uid 2000 <<<<<<
12-19 15:17:48.806 14547 14547 D AndroidRuntime: CheckJNI is ON
12-19 15:17:48.822 14547 14547 W art     : Unexpected CPU variant for X86 using defaults: x86_64
12-19 15:17:48.825 14547 14547 D ICU     : No timezone override file found: /data/local/tmp/misc/zoneinfo/current/icu/icu_tzdata.dat
