12-19 15:16:16.306 13571 13571 D AndroidRuntime: CheckJNI is ON
12-19 15:16:16.321 13571 13571 W art     : Unexpected CPU variant for X86 using defaults: x86_64
12-19 15:16:16.323 13571 13571 D ICU     : No timezone override file found: /data/misc/zoneinfo/current/icu/icu_tzdata.dat
12-19 15:16:16.334 13571 13571 E memtrack: Couldn't load memtrack module (No such file or directory)
12-19 15:16:16.335 13571 13571 E android.os.Debug: failed to load memtrack module: -2
12-19 15:16:16.335 13571 13571 I Radio-JNI: register_android_hardware_Radio DONE
12-19 15:16:16.341 13571 13571 D AndroidRuntime: Calling main entry com.android.commands.input.Input
12-19 15:16:16.346 13571 13571 I Input   : injectMotionEvent: MotionEvent { action=ACTION_DOWN, actionButton=0, id[0]=0, x[0]=540.0, y[0]=949.0, toolType[0]=TOOL_TYPE_UNKNOWN, buttonState=0, metaState=0, flags=0x0, edgeFlags=0x0, pointerCount=1, historySize=0, eventTime=343067718, downTime=343067718, deviceId=0, source=0x1002 }
12-19 15:16:16.349 13571 13571 I Input   : injectMotionEvent: MotionEvent { action=ACTION_UP, actionButton=0, id[0]=0, x[0]=540.0, y[0]=949.0, toolType[0]=TOOL_TYPE_UNKNOWN, buttonState=0, metaState=0, flags=0x0, edgeFlags=0x0, pointerCount=1, historySize=0, eventTime=343067718, downTime=343067718, deviceId=0, source=0x1002 }
12-19 15:16:16.352  1794  1794 W InputMethodService: Window size has been changed. This may cause jankiness of resizing window: -1 -> -2
12-19 15:16:16.353 13571 13571 D AndroidRuntime: Shutting down VM
12-19 15:16:16.357  1794  1794 I LatinIME: Starting input. Cursor position = 13,13
12-19 15:16:16.363 12262 12262 W IInputConnectionWrapper: finishComposingText on inactive InputConnection
12-19 15:16:16.411 12262 12287 D EGL_emulation: eglMakeCurrent: 0x76f39a2a0720: ver 3 0 (tinfo 0x76f3a83b49e0)
12-19 15:16:16.421 12262 12287 D EGL_emulation: eglMakeCurrent: 0x76f39a2a0720: ver 3 0 (tinfo 0x76f3a83b49e0)
12-19 15:16:16.463  1794  5650 D EGL_emulation: eglMakeCurrent: 0x76f3ab1cdbe0: ver 3 0 (tinfo 0x76f3ab179440)
12-19 15:16:20.133 13591 13591 D AndroidRuntime: >>>>>> START com.android.internal.os.RuntimeInit uid 2000 <<<<<<
12-19 15:16:20.135 13591 13591 D AndroidRuntime: CheckJNI is ON
12-19 15:16:20.149 13591 13591 W art     : Unexpected CPU variant for X86 using defaults: x86_64
12-19 15:16:20.152 13591 13591 D ICU     : No timezone override file found: /data/misc/zoneinfo/current/icu/icu_tzdata.dat
12-19 15:16:20.164 13591 13591 E memtrack: Couldn't load memtrack module (No such file or directory)
12-19 15:16:20.164 13591 13591 E android.os.Debug: failed to load memtrack module: -2
12-19 15:16:20.165 13591 13591 I Radio-JNI: register_android_hardware_Radio DONE
12-19 15:16:20.169 13591 13591 D AndroidRuntime: Calling main entry com.android.commands.input.Input
12-19 15:16:20.172 13591 13591 I Input   : injectKeyEvent: KeyEvent { action=ACTION_DOWN, keyCode=KEYCODE_ESCAPE, scanCode=0, metaState=0, flags=0x0, repeatCount=0, eventTime=343071547, downTime=343071547, deviceId=-1, source=0x101 }
12-19 15:16:20.174 13591 13591 I Input   : injectKeyEvent: KeyEvent { action=ACTION_UP, keyCode=KEYCODE_ESCAPE, scanCode=0, metaState=0, flags=0x0, repeatCount=0, eventTime=343071547, downTime=343071547, deviceId=-1, source=0x101 }
12-19 15:16:20.177 13591 13591 D AndroidRuntime: Shutting down VM
12-19 15:16:20.178  1794  1794 W InputMethodService: Window size has been changed. This may cause jankiness of resizing window: -1 -> -2
12-19 15:16:20.197  1794  5650 D EGL_emulation: eglMakeCurrent: 0x76f3ab1cdbe0: ver 3 0 (tinfo 0x76f3ab179440)
12-19 15:16:20.380  1677  1698 I WindowManager: Destroying surface Surface(name=InputMethod) called by com.android.server.wm.WindowStateAnimator.destroySurface:2016 com.android.server.wm.WindowStateAnimator.destroySurfaceLocked:882 com.android.server.wm.WindowState.destroyOrSaveSurface:2100 com.android.server.wm.WindowSurfacePlacer.performSurfacePlacementInner:429 com.android.server.wm.WindowSurfacePlacer.performSurfacePlacementLoop:232 com.android.server.wm.WindowSurfacePlacer.performSurfacePlacement:180 com.android.server.wm.WindowManagerService$H.handleMessage:8086 android.os.Handler.dispatchMessage:102 
12-19 15:16:20.528  1677  1698 I WindowManager: Destroying surface Surface(name=PopupWindow:3ae1c7b) called by com.android.server.wm.WindowStateAnimator.destroySurface:2016 com.android.server.wm.WindowStateAnimator.destroySurfaceLocked:882 com.android.server.wm.WindowState.destroyOrSaveSurface:2100 com.android.server.wm.AppWindowToken.destroySurfaces:363 com.android.server.wm.WindowStateAnimator.finishExit:565 com.android.server.wm.WindowStateAnimator.stepAnimationLocked:491 com.android.server.wm.WindowAnimator.updateWindowsLocked:303 com.android.server.wm.WindowAnimator.animateLocked:704 
12-19 15:16:22.926 13609 13609 D AndroidRuntime: >>>>>> START com.android.internal.os.RuntimeInit uid 2000 <<<<<<
12-19 15:16:22.927 13609 13609 D AndroidRuntime: CheckJNI is ON
12-19 15:16:22.944 13609 13609 W art     : Unexpected CPU variant for X86 using defaults: x86_64
12-19 15:16:22.949 13609 13609 D ICU     : No timezone override file found: /data/local/tmp/misc/zoneinfo/current/icu/icu_tzdata.dat
12-19 15:16:22.966 13609 13609 E memtrack: Couldn't load memtrack module (No such file or directory)
12-19 15:16:22.966 13609 13609 E android.os.Debug: failed to load memtrack module: -2
12-19 15:16:22.966 13609 13609 I Radio-JNI: register_android_hardware_Radio DONE
12-19 15:16:22.971 13609 13609 D AndroidRuntime: Calling main entry com.android.commands.uiautomator.Launcher
12-19 15:16:24.006 13609 13609 W AccessibilityNodeInfoDumper: Fetch time: 5ms
12-19 15:16:24.008  1677 14278 W WindowManager: Attempted to remove non-existing token: android.os.Binder@47e6d4e
12-19 15:16:24.025 13609 13609 D AndroidRuntime: Shutting down VM
12-19 15:16:24.968 13637 13637 D AndroidRuntime: >>>>>> START com.android.internal.os.RuntimeInit uid 2000 <<<<<<
12-19 15:16:24.971 13637 13637 D AndroidRuntime: CheckJNI is ON
12-19 15:16:24.989 13637 13637 W art     : Unexpected CPU variant for X86 using defaults: x86_64
12-19 15:16:24.994 13637 13637 D ICU     : No timezone override file found: /data/local/tmp/misc/zoneinfo/current/icu/icu_tzdata.dat
12-19 15:16:25.013 13637 13637 E memtrack: Couldn't load memtrack module (No such file or directory)
12-19 15:16:25.013 13637 13637 E android.os.Debug: failed to load memtrack module: -2
12-19 15:16:25.014 13637 13637 I Radio-JNI: register_android_hardware_Radio DONE
12-19 15:16:25.020 13637 13637 D AndroidRuntime: Calling main entry com.android.commands.uiautomator.Launcher
12-19 15:16:26.049 13637 13637 W AccessibilityNodeInfoDumper: Fetch time: 3ms
12-19 15:16:26.049  1677 24585 W WindowManager: Attempted to remove non-existing token: android.os.Binder@bc2b805
12-19 15:16:26.057 13637 13637 D AndroidRuntime: Shutting down VM
12-19 15:16:26.304 13654 13654 D AndroidRuntime: >>>>>> START com.android.internal.os.RuntimeInit uid 2000 <<<<<<
12-19 15:16:26.306 13654 13654 D AndroidRuntime: CheckJNI is ON
12-19 15:16:26.320 13654 13654 W art     : Unexpected CPU variant for X86 using defaults: x86_64
12-19 15:16:26.323 13654 13654 D ICU     : No timezone override file found: /data/local/tmp/misc/zoneinfo/current/icu/icu_tzdata.dat
12-19 15:16:26.342 13654 13654 E memtrack: Couldn't load memtrack module (No such file or directory)
12-19 15:16:26.342 13654 13654 E android.os.Debug: failed to load memtrack module: -2
12-19 15:16:26.342 13654 13654 I Radio-JNI: register_android_hardware_Radio DONE
12-19 15:16:26.348 13654 13654 D AndroidRuntime: Calling main entry com.android.commands.uiautomator.Launcher
12-19 15:16:27.372 13654 13654 W AccessibilityNodeInfoDumper: Fetch time: 3ms
12-19 15:16:27.372  1677 10804 W WindowManager: Attempted to remove non-existing token: android.os.Binder@dbbcf81
12-19 15:16:27.379 13654 13654 D AndroidRuntime: Shutting down VM
12-19 15:16:28.241 13682 13682 D AndroidRuntime: >>>>>> START com.android.internal.os.RuntimeInit uid 2000 <<<<<<
12-19 15:16:28.243 13682 13682 D AndroidRuntime: CheckJNI is ON
12-19 15:16:28.258 13682 13682 W art     : Unexpected CPU variant for X86 using defaults: x86_64
12-19 15:16:28.261 13682 13682 D ICU     : No timezone override file found: /data/local/tmp/misc/zoneinfo/current/icu/icu_tzdata.dat
12-19 15:16:28.277 13682 13682 E memtrack: Couldn't load memtrack module (No such file or directory)
12-19 15:16:28.277 13682 13682 E android.os.Debug: failed to load memtrack module: -2
12-19 15:16:28.278 13682 13682 I Radio-JNI: register_android_hardware_Radio DONE
12-19 15:16:28.282 13682 13682 D AndroidRuntime: Calling main entry com.android.commands.uiautomator.Launcher
12-19 15:16:29.308 13682 13682 W AccessibilityNodeInfoDumper: Fetch time: 2ms
12-19 15:16:29.309  1677 10724 W WindowManager: Attempted to remove non-existing token: android.os.Binder@259cc67
12-19 15:16:29.313 13682 13682 D AndroidRuntime: Shutting down VM
12-19 15:16:30.231 13716 13716 D AndroidRuntime: >>>>>> START com.android.internal.os.RuntimeInit uid 2000 <<<<<<
12-19 15:16:30.232 13716 13716 D AndroidRuntime: CheckJNI is ON
12-19 15:16:30.248 13716 13716 W art     : Unexpected CPU variant for X86 using defaults: x86_64
12-19 15:16:30.251 13716 13716 D ICU     : No timezone override file found: /data/local/tmp/misc/zoneinfo/current/icu/icu_tzdata.dat
12-19 15:16:30.267 13716 13716 E memtrack: Couldn't load memtrack module (No such file or directory)
12-19 15:16:30.267 13716 13716 E android.os.Debug: failed to load memtrack module: -2
12-19 15:16:30.267 13716 13716 I Radio-JNI: register_android_hardware_Radio DONE
12-19 15:16:30.272 13716 13716 D AndroidRuntime: Calling main entry com.android.commands.uiautomator.Launcher
12-19 15:16:31.297 13716 13716 W AccessibilityNodeInfoDumper: Fetch time: 2ms
12-19 15:16:31.298  1677  1704 W WindowManager: Attempted to remove non-existing token: android.os.Binder@6d4e2bd
12-19 15:16:31.304 13716 13716 D AndroidRuntime: Shutting down VM
12-19 15:16:31.550  1352  2165 E SurfaceFlinger: ro.sf.lcd_density must be defined as a build property
12-19 15:16:31.552  1352  1369 D gralloc_ranchu: gralloc_alloc: Creating ashmem region of size 8294400
12-19 15:16:31.558 13731 13731 D         : HostConnection::get() New Host Connection established 0x78a1ada2d4e0, tid 13731
12-19 15:16:31.802 13736 13736 D AndroidRuntime: >>>>>> START com.android.internal.os.RuntimeInit uid 2000 <<<<<<
12-19 15:16:31.804 13736 13736 D AndroidRuntime: CheckJNI is ON
12-19 15:16:31.819 13736 13736 W art     : Unexpected CPU variant for X86 using defaults: x86_64
12-19 15:16:31.823 13736 13736 D ICU     : No timezone override file found: /data/misc/zoneinfo/current/icu/icu_tzdata.dat
12-19 15:16:31.838 13736 13736 E memtrack: Couldn't load memtrack module (No such file or directory)
12-19 15:16:31.839 13736 13736 E android.os.Debug: failed to load memtrack module: -2
12-19 15:16:31.839 13736 13736 I Radio-JNI: register_android_hardware_Radio DONE
12-19 15:16:31.846 13736 13736 D AndroidRuntime: Calling main entry com.android.commands.am.Am
12-19 15:16:31.857 18415 18415 D MediaScannerReceiver: action: android.intent.action.MEDIA_SCANNER_SCAN_FILE path: /storage/emulated/0/screen.png
12-19 15:16:31.860 13736 13736 D AndroidRuntime: Shutting down VM
12-19 15:16:34.231 13750 13750 D AndroidRuntime: >>>>>> START com.android.internal.os.RuntimeInit uid 2000 <<<<<<
12-19 15:16:34.232 13750 13750 D AndroidRuntime: CheckJNI is ON
12-19 15:16:34.247 13750 13750 W art     : Unexpected CPU variant for X86 using defaults: x86_64
12-19 15:16:34.250 13750 13750 D ICU     : No timezone override file found: /data/local/tmp/misc/zoneinfo/current/icu/icu_tzdata.dat
12-19 15:16:34.265 13750 13750 E memtrack: Couldn't load memtrack module (No such file or directory)
12-19 15:16:34.265 13750 13750 E android.os.Debug: failed to load memtrack module: -2
12-19 15:16:34.266 13750 13750 I Radio-JNI: register_android_hardware_Radio DONE
12-19 15:16:34.270 13750 13750 D AndroidRuntime: Calling main entry com.android.commands.uiautomator.Launcher
12-19 15:16:35.295 13750 13750 W AccessibilityNodeInfoDumper: Fetch time: 3ms
12-19 15:16:35.297  1677  2633 W WindowManager: Attempted to remove non-existing token: android.os.Binder@1a9e15f
12-19 15:16:35.300 13750 13750 D AndroidRuntime: Shutting down VM
12-19 15:16:37.529 13767 13767 D AndroidRuntime: >>>>>> START com.android.internal.os.RuntimeInit uid 2000 <<<<<<
12-19 15:16:37.530 13767 13767 D AndroidRuntime: CheckJNI is ON
12-19 15:16:37.546 13767 13767 W art     : Unexpected CPU variant for X86 using defaults: x86_64
12-19 15:16:37.549 13767 13767 D ICU     : No timezone override file found: /data/local/tmp/misc/zoneinfo/current/icu/icu_tzdata.dat
12-19 15:16:37.565 13767 13767 E memtrack: Couldn't load memtrack module (No such file or directory)
12-19 15:16:37.565 13767 13767 E android.os.Debug: failed to load memtrack module: -2
12-19 15:16:37.566 13767 13767 I Radio-JNI: register_android_hardware_Radio DONE
12-19 15:16:37.570 13767 13767 D AndroidRuntime: Calling main entry com.android.commands.uiautomator.Launcher
12-19 15:16:38.593 13767 13767 W AccessibilityNodeInfoDumper: Fetch time: 3ms
12-19 15:16:38.594  1677  2322 W WindowManager: Attempted to remove non-existing token: android.os.Binder@3aac75
12-19 15:16:38.600 13767 13767 D AndroidRuntime: Shutting down VM
12-19 15:16:38.841 13784 13784 D AndroidRuntime: >>>>>> START com.android.internal.os.RuntimeInit uid 2000 <<<<<<
12-19 15:16:38.843 13784 13784 D AndroidRuntime: CheckJNI is ON
12-19 15:16:38.857 13784 13784 W art     : Unexpected CPU variant for X86 using defaults: x86_64
12-19 15:16:38.860 13784 13784 D ICU     : No timezone override file found: /data/local/tmp/misc/zoneinfo/current/icu/icu_tzdata.dat
12-19 15:16:38.874 13784 13784 E memtrack: Couldn't load memtrack module (No such file or directory)
12-19 15:16:38.874 13784 13784 E android.os.Debug: failed to load memtrack module: -2
12-19 15:16:38.875 13784 13784 I Radio-JNI: register_android_hardware_Radio DONE
12-19 15:16:38.879 13784 13784 D AndroidRuntime: Calling main entry com.android.commands.uiautomator.Launcher
12-19 15:16:39.903 13784 13784 W AccessibilityNodeInfoDumper: Fetch time: 2ms
12-19 15:16:39.903  1677 24585 W WindowManager: Attempted to remove non-existing token: android.os.Binder@6969af1
12-19 15:16:39.908 13784 13784 D AndroidRuntime: Shutting down VM
12-19 15:16:40.151 13801 13801 D AndroidRuntime: >>>>>> START com.android.internal.os.RuntimeInit uid 2000 <<<<<<
12-19 15:16:40.152 13801 13801 D AndroidRuntime: CheckJNI is ON
12-19 15:16:40.167 13801 13801 W art     : Unexpected CPU variant for X86 using defaults: x86_64
12-19 15:16:40.170 13801 13801 D ICU     : No timezone override file found: /data/local/tmp/misc/zoneinfo/current/icu/icu_tzdata.dat
12-19 15:16:40.185 13801 13801 E memtrack: Couldn't load memtrack module (No such file or directory)
12-19 15:16:40.185 13801 13801 E android.os.Debug: failed to load memtrack module: -2
12-19 15:16:40.186 13801 13801 I Radio-JNI: register_android_hardware_Radio DONE
12-19 15:16:40.191 13801 13801 D AndroidRuntime: Calling main entry com.android.commands.uiautomator.Launcher
12-19 15:16:41.217 13801 13801 W AccessibilityNodeInfoDumper: Fetch time: 3ms
12-19 15:16:41.218  1677  9938 W WindowManager: Attempted to remove non-existing token: android.os.Binder@f589d57
12-19 15:16:41.223 13801 13801 D AndroidRuntime: Shutting down VM
12-19 15:16:41.410 13813 13813 D AndroidRuntime: >>>>>> START com.android.internal.os.RuntimeInit uid 2000 <<<<<<
12-19 15:16:41.411 13813 13813 D AndroidRuntime: CheckJNI is ON
12-19 15:16:41.425 13813 13813 W art     : Unexpected CPU variant for X86 using defaults: x86_64
12-19 15:16:41.428 13813 13813 D ICU     : No timezone override file found: /data/misc/zoneinfo/current/icu/icu_tzdata.dat
12-19 15:16:41.440 13813 13813 E memtrack: Couldn't load memtrack module (No such file or directory)
12-19 15:16:41.440 13813 13813 E android.os.Debug: failed to load memtrack module: -2
12-19 15:16:41.441 13813 13813 I Radio-JNI: register_android_hardware_Radio DONE
12-19 15:16:41.446 13813 13813 D AndroidRuntime: Calling main entry com.android.commands.input.Input
12-19 15:16:41.450 13813 13813 I Input   : injectMotionEvent: MotionEvent { action=ACTION_DOWN, actionButton=0, id[0]=0, x[0]=540.0, y[0]=908.0, toolType[0]=TOOL_TYPE_UNKNOWN, buttonState=0, metaState=0, flags=0x0, edgeFlags=0x0, pointerCount=1, historySize=0, eventTime=343092824, downTime=343092824, deviceId=0, source=0x1002 }
12-19 15:16:41.452 13813 13813 I Input   : injectMotionEvent: MotionEvent { action=ACTION_UP, actionButton=0, id[0]=0, x[0]=540.0, y[0]=908.0, toolType[0]=TOOL_TYPE_UNKNOWN, buttonState=0, metaState=0, flags=0x0, edgeFlags=0x0, pointerCount=1, historySize=0, eventTime=343092824, downTime=343092824, deviceId=0, source=0x1002 }
12-19 15:16:41.456  1794  1794 W InputMethodService: Window size has been changed. This may cause jankiness of resizing window: -1 -> -2
12-19 15:16:41.459 13813 13813 D AndroidRuntime: Shutting down VM
12-19 15:16:41.463  1794  1794 I LatinIME: Starting input. Cursor position = 13,13
12-19 15:16:41.511 12262 12287 D EGL_emulation: eglMakeCurrent: 0x76f39a2a0720: ver 3 0 (tinfo 0x76f3a83b49e0)
12-19 15:16:41.520 12262 12287 D EGL_emulation: eglMakeCurrent: 0x76f39a2a0720: ver 3 0 (tinfo 0x76f3a83b49e0)
12-19 15:16:41.566  1794  5650 D EGL_emulation: eglMakeCurrent: 0x76f3ab1cdbe0: ver 3 0 (tinfo 0x76f3ab179440)
12-19 15:16:41.705 13826 13826 D AndroidRuntime: >>>>>> START com.android.internal.os.RuntimeInit uid 2000 <<<<<<
12-19 15:16:41.707 13826 13826 D AndroidRuntime: CheckJNI is ON
12-19 15:16:41.723 13826 13826 W art     : Unexpected CPU variant for X86 using defaults: x86_64
12-19 15:16:41.726 13826 13826 D ICU     : No timezone override file found: /data/misc/zoneinfo/current/icu/icu_tzdata.dat
12-19 15:16:41.740 13826 13826 E memtrack: Couldn't load memtrack module (No such file or directory)
12-19 15:16:41.740 13826 13826 E android.os.Debug: failed to load memtrack module: -2
12-19 15:16:41.740 13826 13826 I Radio-JNI: register_android_hardware_Radio DONE
12-19 15:16:41.746 13826 13826 D AndroidRuntime: Calling main entry com.android.commands.input.Input
12-19 15:16:41.747 13826 13826 I Input   : injectKeyEvent: KeyEvent { action=ACTION_DOWN, keyCode=KEYCODE_ESCAPE, scanCode=0, metaState=0, flags=0x0, repeatCount=0, eventTime=343093123, downTime=343093123, deviceId=-1, source=0x101 }
12-19 15:16:41.752 13826 13826 I Input   : injectKeyEvent: KeyEvent { action=ACTION_UP, keyCode=KEYCODE_ESCAPE, scanCode=0, metaState=0, flags=0x0, repeatCount=0, eventTime=343093123, downTime=343093123, deviceId=-1, source=0x101 }
12-19 15:16:41.756 13826 13826 D AndroidRuntime: Shutting down VM
12-19 15:16:41.757  1794  1794 W InputMethodService: Window size has been changed. This may cause jankiness of resizing window: -1 -> -2
12-19 15:16:41.762  1794  5650 D EGL_emulation: eglMakeCurrent: 0x76f3ab1cdbe0: ver 3 0 (tinfo 0x76f3ab179440)
12-19 15:16:41.947  1677  1698 I WindowManager: Destroying surface Surface(name=InputMethod) called by com.android.server.wm.WindowStateAnimator.destroySurface:2016 com.android.server.wm.WindowStateAnimator.destroySurfaceLocked:882 com.android.server.wm.WindowState.destroyOrSaveSurface:2100 com.android.server.wm.WindowSurfacePlacer.performSurfacePlacementInner:429 com.android.server.wm.WindowSurfacePlacer.performSurfacePlacementLoop:232 com.android.server.wm.WindowSurfacePlacer.performSurfacePlacement:180 com.android.server.wm.WindowManagerService$H.handleMessage:8086 android.os.Handler.dispatchMessage:102 
12-19 15:16:42.472 13842 13842 D AndroidRuntime: >>>>>> START com.android.internal.os.RuntimeInit uid 2000 <<<<<<
12-19 15:16:42.474 13842 13842 D AndroidRuntime: CheckJNI is ON
12-19 15:16:42.488 13842 13842 W art     : Unexpected CPU variant for X86 using defaults: x86_64
12-19 15:16:42.492 13842 13842 D ICU     : No timezone override file found: /data/misc/zoneinfo/current/icu/icu_tzdata.dat
12-19 15:16:42.504 13842 13842 E memtrack: Couldn't load memtrack module (No such file or directory)
12-19 15:16:42.504 13842 13842 E android.os.Debug: failed to load memtrack module: -2
12-19 15:16:42.505 13842 13842 I Radio-JNI: register_android_hardware_Radio DONE
12-19 15:16:42.509 13842 13842 D AndroidRuntime: Calling main entry com.android.commands.input.Input
12-19 15:16:42.510 13842 13842 I Input   : injectKeyEvent: KeyEvent { action=ACTION_DOWN, keyCode=KEYCODE_MOVE_END, scanCode=0, metaState=0, flags=0x0, repeatCount=0, eventTime=343093885, downTime=343093885, deviceId=-1, source=0x101 }
12-19 15:16:42.519 13842 13842 I Input   : injectKeyEvent: KeyEvent { action=ACTION_UP, keyCode=KEYCODE_MOVE_END, scanCode=0, metaState=0, flags=0x0, repeatCount=0, eventTime=343093885, downTime=343093885, deviceId=-1, source=0x101 }
12-19 15:16:42.521 13842 13842 D AndroidRuntime: Shutting down VM
12-19 15:16:42.682 13852 13852 D AndroidRuntime: >>>>>> START com.android.internal.os.RuntimeInit uid 2000 <<<<<<
12-19 15:16:42.684 13852 13852 D AndroidRuntime: CheckJNI is ON
12-19 15:16:42.694  1677  1698 I WindowManager: Destroying surface Surface(name=PopupWindow:3ae1c7b) called by com.android.server.wm.WindowStateAnimator.destroySurface:2016 com.android.server.wm.WindowStateAnimator.destroySurfaceLocked:882 com.android.server.wm.WindowState.destroyOrSaveSurface:2100 com.android.server.wm.AppWindowToken.destroySurfaces:363 com.android.server.wm.WindowStateAnimator.finishExit:565 com.android.server.wm.WindowStateAnimator.stepAnimationLocked:491 com.android.server.wm.WindowAnimator.updateWindowsLocked:303 com.android.server.wm.WindowAnimator.animateLocked:704 
12-19 15:16:42.702 13852 13852 W art     : Unexpected CPU variant for X86 using defaults: x86_64
12-19 15:16:42.706 13852 13852 D ICU     : No timezone override file found: /data/misc/zoneinfo/current/icu/icu_tzdata.dat
12-19 15:16:42.720 13852 13852 E memtrack: Couldn't load memtrack module (No such file or directory)
12-19 15:16:42.720 13852 13852 E android.os.Debug: failed to load memtrack module: -2
12-19 15:16:42.720 13852 13852 I Radio-JNI: register_android_hardware_Radio DONE
12-19 15:16:42.725 13852 13852 D AndroidRuntime: Calling main entry com.android.commands.input.Input
12-19 15:16:42.728 13852 13852 I Input   : injectKeyEvent: KeyEvent { action=ACTION_DOWN, keyCode=KEYCODE_DEL, scanCode=0, metaState=0, flags=0x0, repeatCount=0, eventTime=343094103, downTime=343094103, deviceId=-1, source=0x101 }
12-19 15:16:42.732 13852 13852 I Input   : injectKeyEvent: KeyEvent { action=ACTION_UP, keyCode=KEYCODE_DEL, scanCode=0, metaState=0, flags=0x0, repeatCount=0, eventTime=343094103, downTime=343094103, deviceId=-1, source=0x101 }
12-19 15:16:42.734 13852 13852 I Input   : injectKeyEvent: KeyEvent { action=ACTION_DOWN, keyCode=KEYCODE_DEL, scanCode=0, metaState=0, flags=0x0, repeatCount=0, eventTime=343094109, downTime=343094109, deviceId=-1, source=0x101 }
12-19 15:16:42.736 13852 13852 I Input   : injectKeyEvent: KeyEvent { action=ACTION_UP, keyCode=KEYCODE_DEL, scanCode=0, metaState=0, flags=0x0, repeatCount=0, eventTime=343094109, downTime=343094109, deviceId=-1, source=0x101 }
12-19 15:16:42.739 13852 13852 I Input   : injectKeyEvent: KeyEvent { action=ACTION_DOWN, keyCode=KEYCODE_DEL, scanCode=0, metaState=0, flags=0x0, repeatCount=0, eventTime=343094114, downTime=343094114, deviceId=-1, source=0x101 }
12-19 15:16:42.742 13852 13852 I Input   : injectKeyEvent: KeyEvent { action=ACTION_UP, keyCode=KEYCODE_DEL, scanCode=0, metaState=0, flags=0x0, repeatCount=0, eventTime=343094114, downTime=343094114, deviceId=-1, source=0x101 }
12-19 15:16:42.747 13852 13852 I Input   : injectKeyEvent: KeyEvent { action=ACTION_DOWN, keyCode=KEYCODE_DEL, scanCode=0, metaState=0, flags=0x0, repeatCount=0, eventTime=343094123, downTime=343094123, deviceId=-1, source=0x101 }
12-19 15:16:42.752 13852 13852 I Input   : injectKeyEvent: KeyEvent { action=ACTION_UP, keyCode=KEYCODE_DEL, scanCode=0, metaState=0, flags=0x0, repeatCount=0, eventTime=343094123, downTime=343094123, deviceId=-1, source=0x101 }
12-19 15:16:42.755 13852 13852 I Input   : injectKeyEvent: KeyEvent { action=ACTION_DOWN, keyCode=KEYCODE_DEL, scanCode=0, metaState=0, flags=0x0, repeatCount=0, eventTime=343094131, downTime=343094131, deviceId=-1, source=0x101 }
12-19 15:16:42.758 13852 13852 I Input   : injectKeyEvent: KeyEvent { action=ACTION_UP, keyCode=KEYCODE_DEL, scanCode=0, metaState=0, flags=0x0, repeatCount=0, eventTime=343094131, downTime=343094131, deviceId=-1, source=0x101 }
12-19 15:16:42.760 13852 13852 I Input   : injectKeyEvent: KeyEvent { action=ACTION_DOWN, keyCode=KEYCODE_DEL, scanCode=0, metaState=0, flags=0x0, repeatCount=0, eventTime=343094136, downTime=343094136, deviceId=-1, source=0x101 }
12-19 15:16:42.763 13852 13852 I Input   : injectKeyEvent: KeyEvent { action=ACTION_UP, keyCode=KEYCODE_DEL, scanCode=0, metaState=0, flags=0x0, repeatCount=0, eventTime=343094136, downTime=343094136, deviceId=-1, source=0x101 }
12-19 15:16:42.765 13852 13852 I Input   : injectKeyEvent: KeyEvent { action=ACTION_DOWN, keyCode=KEYCODE_DEL, scanCode=0, metaState=0, flags=0x0, repeatCount=0, eventTime=343094141, downTime=343094141, deviceId=-1, source=0x101 }
12-19 15:16:42.767 13852 13852 I Input   : injectKeyEvent: KeyEvent { action=ACTION_UP, keyCode=KEYCODE_DEL, scanCode=0, metaState=0, flags=0x0, repeatCount=0, eventTime=343094141, downTime=343094141, deviceId=-1, source=0x101 }
12-19 15:16:42.769 13852 13852 I Input   : injectKeyEvent: KeyEvent { action=ACTION_DOWN, keyCode=KEYCODE_DEL, scanCode=0, metaState=0, flags=0x0, repeatCount=0, eventTime=343094145, downTime=343094145, deviceId=-1, source=0x101 }
12-19 15:16:42.771 13852 13852 I Input   : injectKeyEvent: KeyEvent { action=ACTION_UP, keyCode=KEYCODE_DEL, scanCode=0, metaState=0, flags=0x0, repeatCount=0, eventTime=343094145, downTime=343094145, deviceId=-1, source=0x101 }
12-19 15:16:42.773 13852 13852 I Input   : injectKeyEvent: KeyEvent { action=ACTION_DOWN, keyCode=KEYCODE_DEL, scanCode=0, metaState=0, flags=0x0, repeatCount=0, eventTime=343094149, downTime=343094149, deviceId=-1, source=0x101 }
12-19 15:16:42.776 13852 13852 I Input   : injectKeyEvent: KeyEvent { action=ACTION_UP, keyCode=KEYCODE_DEL, scanCode=0, metaState=0, flags=0x0, repeatCount=0, eventTime=343094149, downTime=343094149, deviceId=-1, source=0x101 }
12-19 15:16:42.779 13852 13852 I Input   : injectKeyEvent: KeyEvent { action=ACTION_DOWN, keyCode=KEYCODE_DEL, scanCode=0, metaState=0, flags=0x0, repeatCount=0, eventTime=343094155, downTime=343094155, deviceId=-1, source=0x101 }
12-19 15:16:42.782 13852 13852 I Input   : injectKeyEvent: KeyEvent { action=ACTION_UP, keyCode=KEYCODE_DEL, scanCode=0, metaState=0, flags=0x0, repeatCount=0, eventTime=343094155, downTime=343094155, deviceId=-1, source=0x101 }
12-19 15:16:42.785 13852 13852 I Input   : injectKeyEvent: KeyEvent { action=ACTION_DOWN, keyCode=KEYCODE_DEL, scanCode=0, metaState=0, flags=0x0, repeatCount=0, eventTime=343094161, downTime=343094161, deviceId=-1, source=0x101 }
12-19 15:16:42.787 13852 13852 I Input   : injectKeyEvent: KeyEvent { action=ACTION_UP, keyCode=KEYCODE_DEL, scanCode=0, metaState=0, flags=0x0, repeatCount=0, eventTime=343094161, downTime=343094161, deviceId=-1, source=0x101 }
12-19 15:16:42.789 13852 13852 I Input   : injectKeyEvent: KeyEvent { action=ACTION_DOWN, keyCode=KEYCODE_DEL, scanCode=0, metaState=0, flags=0x0, repeatCount=0, eventTime=343094165, downTime=343094165, deviceId=-1, source=0x101 }
12-19 15:16:42.792 13852 13852 I Input   : injectKeyEvent: KeyEvent { action=ACTION_UP, keyCode=KEYCODE_DEL, scanCode=0, metaState=0, flags=0x0, repeatCount=0, eventTime=343094165, downTime=343094165, deviceId=-1, source=0x101 }
12-19 15:16:42.796 13852 13852 I Input   : injectKeyEvent: KeyEvent { action=ACTION_DOWN, keyCode=KEYCODE_DEL, scanCode=0, metaState=0, flags=0x0, repeatCount=0, eventTime=343094172, downTime=343094172, deviceId=-1, source=0x101 }
12-19 15:16:42.799 13852 13852 I Input   : injectKeyEvent: KeyEvent { action=ACTION_UP, keyCode=KEYCODE_DEL, scanCode=0, metaState=0, flags=0x0, repeatCount=0, eventTime=343094172, downTime=343094172, deviceId=-1, source=0x101 }
12-19 15:16:42.800 13852 13852 I Input   : injectKeyEvent: KeyEvent { action=ACTION_DOWN, keyCode=KEYCODE_DEL, scanCode=0, metaState=0, flags=0x0, repeatCount=0, eventTime=343094176, downTime=343094176, deviceId=-1, source=0x101 }
12-19 15:16:42.803 13852 13852 I Input   : injectKeyEvent: KeyEvent { action=ACTION_UP, keyCode=KEYCODE_DEL, scanCode=0, metaState=0, flags=0x0, repeatCount=0, eventTime=343094176, downTime=343094176, deviceId=-1, source=0x101 }
12-19 15:16:42.805 13852 13852 I Input   : injectKeyEvent: KeyEvent { action=ACTION_DOWN, keyCode=KEYCODE_DEL, scanCode=0, metaState=0, flags=0x0, repeatCount=0, eventTime=343094181, downTime=343094181, deviceId=-1, source=0x101 }
12-19 15:16:42.807 13852 13852 I Input   : injectKeyEvent: KeyEvent { action=ACTION_UP, keyCode=KEYCODE_DEL, scanCode=0, metaState=0, flags=0x0, repeatCount=0, eventTime=343094181, downTime=343094181, deviceId=-1, source=0x101 }
12-19 15:16:42.809 13852 13852 I Input   : injectKeyEvent: KeyEvent { action=ACTION_DOWN, keyCode=KEYCODE_DEL, scanCode=0, metaState=0, flags=0x0, repeatCount=0, eventTime=343094185, downTime=343094185, deviceId=-1, source=0x101 }
12-19 15:16:42.811 13852 13852 I Input   : injectKeyEvent: KeyEvent { action=ACTION_UP, keyCode=KEYCODE_DEL, scanCode=0, metaState=0, flags=0x0, repeatCount=0, eventTime=343094185, downTime=343094185, deviceId=-1, source=0x101 }
12-19 15:16:42.813 13852 13852 I Input   : injectKeyEvent: KeyEvent { action=ACTION_DOWN, keyCode=KEYCODE_DEL, scanCode=0, metaState=0, flags=0x0, repeatCount=0, eventTime=343094189, downTime=343094189, deviceId=-1, source=0x101 }
12-19 15:16:42.816 13852 13852 I Input   : injectKeyEvent: KeyEvent { action=ACTION_UP, keyCode=KEYCODE_DEL, scanCode=0, metaState=0, flags=0x0, repeatCount=0, eventTime=343094189, downTime=343094189, deviceId=-1, source=0x101 }
12-19 15:16:42.818 13852 13852 I Input   : injectKeyEvent: KeyEvent { action=ACTION_DOWN, keyCode=KEYCODE_DEL, scanCode=0, metaState=0, flags=0x0, repeatCount=0, eventTime=343094193, downTime=343094193, deviceId=-1, source=0x101 }
12-19 15:16:42.819 13852 13852 I Input   : injectKeyEvent: KeyEvent { action=ACTION_UP, keyCode=KEYCODE_DEL, scanCode=0, metaState=0, flags=0x0, repeatCount=0, eventTime=343094193, downTime=343094193, deviceId=-1, source=0x101 }
12-19 15:16:42.821 13852 13852 I Input   : injectKeyEvent: KeyEvent { action=ACTION_DOWN, keyCode=KEYCODE_DEL, scanCode=0, metaState=0, flags=0x0, repeatCount=0, eventTime=343094197, downTime=343094197, deviceId=-1, source=0x101 }
12-19 15:16:42.823 13852 13852 I Input   : injectKeyEvent: KeyEvent { action=ACTION_UP, keyCode=KEYCODE_DEL, scanCode=0, metaState=0, flags=0x0, repeatCount=0, eventTime=343094197, downTime=343094197, deviceId=-1, source=0x101 }
12-19 15:16:42.825 13852 13852 I Input   : injectKeyEvent: KeyEvent { action=ACTION_DOWN, keyCode=KEYCODE_DEL, scanCode=0, metaState=0, flags=0x0, repeatCount=0, eventTime=343094201, downTime=343094201, deviceId=-1, source=0x101 }
12-19 15:16:42.827 13852 13852 I Input   : injectKeyEvent: KeyEvent { action=ACTION_UP, keyCode=KEYCODE_DEL, scanCode=0, metaState=0, flags=0x0, repeatCount=0, eventTime=343094201, downTime=343094201, deviceId=-1, source=0x101 }
12-19 15:16:42.829 13852 13852 I Input   : injectKeyEvent: KeyEvent { action=ACTION_DOWN, keyCode=KEYCODE_DEL, scanCode=0, metaState=0, flags=0x0, repeatCount=0, eventTime=343094205, downTime=343094205, deviceId=-1, source=0x101 }
12-19 15:16:42.831 13852 13852 I Input   : injectKeyEvent: KeyEvent { action=ACTION_UP, keyCode=KEYCODE_DEL, scanCode=0, metaState=0, flags=0x0, repeatCount=0, eventTime=343094205, downTime=343094205, deviceId=-1, source=0x101 }
12-19 15:16:42.833 13852 13852 I Input   : injectKeyEvent: KeyEvent { action=ACTION_DOWN, keyCode=KEYCODE_DEL, scanCode=0, metaState=0, flags=0x0, repeatCount=0, eventTime=343094209, downTime=343094209, deviceId=-1, source=0x101 }
12-19 15:16:42.835 13852 13852 I Input   : injectKeyEvent: KeyEvent { action=ACTION_UP, keyCode=KEYCODE_DEL, scanCode=0, metaState=0, flags=0x0, repeatCount=0, eventTime=343094209, downTime=343094209, deviceId=-1, source=0x101 }
12-19 15:16:42.837 13852 13852 I Input   : injectKeyEvent: KeyEvent { action=ACTION_DOWN, keyCode=KEYCODE_DEL, scanCode=0, metaState=0, flags=0x0, repeatCount=0, eventTime=343094213, downTime=343094213, deviceId=-1, source=0x101 }
12-19 15:16:42.839 13852 13852 I Input   : injectKeyEvent: KeyEvent { action=ACTION_UP, keyCode=KEYCODE_DEL, scanCode=0, metaState=0, flags=0x0, repeatCount=0, eventTime=343094213, downTime=343094213, deviceId=-1, source=0x101 }
12-19 15:16:42.841 13852 13852 I Input   : injectKeyEvent: KeyEvent { action=ACTION_DOWN, keyCode=KEYCODE_DEL, scanCode=0, metaState=0, flags=0x0, repeatCount=0, eventTime=343094217, downTime=343094217, deviceId=-1, source=0x101 }
12-19 15:16:42.844 13852 13852 I Input   : injectKeyEvent: KeyEvent { action=ACTION_UP, keyCode=KEYCODE_DEL, scanCode=0, metaState=0, flags=0x0, repeatCount=0, eventTime=343094217, downTime=343094217, deviceId=-1, source=0x101 }
12-19 15:16:42.847 13852 13852 I Input   : injectKeyEvent: KeyEvent { action=ACTION_DOWN, keyCode=KEYCODE_DEL, scanCode=0, metaState=0, flags=0x0, repeatCount=0, eventTime=343094223, downTime=343094223, deviceId=-1, source=0x101 }
12-19 15:16:42.850 13852 13852 I Input   : injectKeyEvent: KeyEvent { action=ACTION_UP, keyCode=KEYCODE_DEL, scanCode=0, metaState=0, flags=0x0, repeatCount=0, eventTime=343094223, downTime=343094223, deviceId=-1, source=0x101 }
12-19 15:16:42.852 13852 13852 I Input   : injectKeyEvent: KeyEvent { action=ACTION_DOWN, keyCode=KEYCODE_DEL, scanCode=0, metaState=0, flags=0x0, repeatCount=0, eventTime=343094228, downTime=343094228, deviceId=-1, source=0x101 }
12-19 15:16:42.854 13852 13852 I Input   : injectKeyEvent: KeyEvent { action=ACTION_UP, keyCode=KEYCODE_DEL, scanCode=0, metaState=0, flags=0x0, repeatCount=0, eventTime=343094228, downTime=343094228, deviceId=-1, source=0x101 }
12-19 15:16:42.856 13852 13852 I Input   : injectKeyEvent: KeyEvent { action=ACTION_DOWN, keyCode=KEYCODE_DEL, scanCode=0, metaState=0, flags=0x0, repeatCount=0, eventTime=343094232, downTime=343094232, deviceId=-1, source=0x101 }
12-19 15:16:42.858 13852 13852 I Input   : injectKeyEvent: KeyEvent { action=ACTION_UP, keyCode=KEYCODE_DEL, scanCode=0, metaState=0, flags=0x0, repeatCount=0, eventTime=343094232, downTime=343094232, deviceId=-1, source=0x101 }
12-19 15:16:42.860 13852 13852 I Input   : injectKeyEvent: KeyEvent { action=ACTION_DOWN, keyCode=KEYCODE_DEL, scanCode=0, metaState=0, flags=0x0, repeatCount=0, eventTime=343094236, downTime=343094236, deviceId=-1, source=0x101 }
12-19 15:16:42.862 13852 13852 I Input   : injectKeyEvent: KeyEvent { action=ACTION_UP, keyCode=KEYCODE_DEL, scanCode=0, metaState=0, flags=0x0, repeatCount=0, eventTime=343094236, downTime=343094236, deviceId=-1, source=0x101 }
12-19 15:16:42.864 13852 13852 I Input   : injectKeyEvent: KeyEvent { action=ACTION_DOWN, keyCode=KEYCODE_DEL, scanCode=0, metaState=0, flags=0x0, repeatCount=0, eventTime=343094239, downTime=343094239, deviceId=-1, source=0x101 }
12-19 15:16:42.866 13852 13852 I Input   : injectKeyEvent: KeyEvent { action=ACTION_UP, keyCode=KEYCODE_DEL, scanCode=0, metaState=0, flags=0x0, repeatCount=0, eventTime=343094239, downTime=343094239, deviceId=-1, source=0x101 }
12-19 15:16:42.868 13852 13852 I Input   : injectKeyEvent: KeyEvent { action=ACTION_DOWN, keyCode=KEYCODE_DEL, scanCode=0, metaState=0, flags=0x0, repeatCount=0, eventTime=343094244, downTime=343094244, deviceId=-1, source=0x101 }
12-19 15:16:42.869 13852 13852 I Input   : injectKeyEvent: KeyEvent { action=ACTION_UP, keyCode=KEYCODE_DEL, scanCode=0, metaState=0, flags=0x0, repeatCount=0, eventTime=343094244, downTime=343094244, deviceId=-1, source=0x101 }
12-19 15:16:42.871 13852 13852 I Input   : injectKeyEvent: KeyEvent { action=ACTION_DOWN, keyCode=KEYCODE_DEL, scanCode=0, metaState=0, flags=0x0, repeatCount=0, eventTime=343094247, downTime=343094247, deviceId=-1, source=0x101 }
12-19 15:16:42.873 13852 13852 I Input   : injectKeyEvent: KeyEvent { action=ACTION_UP, keyCode=KEYCODE_DEL, scanCode=0, metaState=0, flags=0x0, repeatCount=0, eventTime=343094247, downTime=343094247, deviceId=-1, source=0x101 }
12-19 15:16:42.875 13852 13852 I Input   : injectKeyEvent: KeyEvent { action=ACTION_DOWN, keyCode=KEYCODE_DEL, scanCode=0, metaState=0, flags=0x0, repeatCount=0, eventTime=343094251, downTime=343094251, deviceId=-1, source=0x101 }
12-19 15:16:42.877 13852 13852 I Input   : injectKeyEvent: KeyEvent { action=ACTION_UP, keyCode=KEYCODE_DEL, scanCode=0, metaState=0, flags=0x0, repeatCount=0, eventTime=343094251, downTime=343094251, deviceId=-1, source=0x101 }
12-19 15:16:42.878 13852 13852 I Input   : injectKeyEvent: KeyEvent { action=ACTION_DOWN, keyCode=KEYCODE_DEL, scanCode=0, metaState=0, flags=0x0, repeatCount=0, eventTime=343094254, downTime=343094254, deviceId=-1, source=0x101 }
12-19 15:16:42.880 13852 13852 I Input   : injectKeyEvent: KeyEvent { action=ACTION_UP, keyCode=KEYCODE_DEL, scanCode=0, metaState=0, flags=0x0, repeatCount=0, eventTime=343094254, downTime=343094254, deviceId=-1, source=0x101 }
12-19 15:16:42.882 13852 13852 I Input   : injectKeyEvent: KeyEvent { action=ACTION_DOWN, keyCode=KEYCODE_DEL, scanCode=0, metaState=0, flags=0x0, repeatCount=0, eventTime=343094258, downTime=343094258, deviceId=-1, source=0x101 }
12-19 15:16:42.884 13852 13852 I Input   : injectKeyEvent: KeyEvent { action=ACTION_UP, keyCode=KEYCODE_DEL, scanCode=0, metaState=0, flags=0x0, repeatCount=0, eventTime=343094258, downTime=343094258, deviceId=-1, source=0x101 }
12-19 15:16:42.886 13852 13852 I Input   : injectKeyEvent: KeyEvent { action=ACTION_DOWN, keyCode=KEYCODE_DEL, scanCode=0, metaState=0, flags=0x0, repeatCount=0, eventTime=343094262, downTime=343094262, deviceId=-1, source=0x101 }
12-19 15:16:42.888 13852 13852 I Input   : injectKeyEvent: KeyEvent { action=ACTION_UP, keyCode=KEYCODE_DEL, scanCode=0, metaState=0, flags=0x0, repeatCount=0, eventTime=343094262, downTime=343094262, deviceId=-1, source=0x101 }
12-19 15:16:42.889 13852 13852 I Input   : injectKeyEvent: KeyEvent { action=ACTION_DOWN, keyCode=KEYCODE_DEL, scanCode=0, metaState=0, flags=0x0, repeatCount=0, eventTime=343094265, downTime=343094265, deviceId=-1, source=0x101 }
12-19 15:16:42.891 13852 13852 I Input   : injectKeyEvent: KeyEvent { action=ACTION_UP, keyCode=KEYCODE_DEL, scanCode=0, metaState=0, flags=0x0, repeatCount=0, eventTime=343094265, downTime=343094265, deviceId=-1, source=0x101 }
12-19 15:16:42.894 13852 13852 I Input   : injectKeyEvent: KeyEvent { action=ACTION_DOWN, keyCode=KEYCODE_DEL, scanCode=0, metaState=0, flags=0x0, repeatCount=0, eventTime=343094269, downTime=343094269, deviceId=-1, source=0x101 }
12-19 15:16:42.896 13852 13852 I Input   : injectKeyEvent: KeyEvent { action=ACTION_UP, keyCode=KEYCODE_DEL, scanCode=0, metaState=0, flags=0x0, repeatCount=0, eventTime=343094269, downTime=343094269, deviceId=-1, source=0x101 }
12-19 15:16:42.898 13852 13852 I Input   : injectKeyEvent: KeyEvent { action=ACTION_DOWN, keyCode=KEYCODE_DEL, scanCode=0, metaState=0, flags=0x0, repeatCount=0, eventTime=343094274, downTime=343094274, deviceId=-1, source=0x101 }
12-19 15:16:42.899 13852 13852 I Input   : injectKeyEvent: KeyEvent { action=ACTION_UP, keyCode=KEYCODE_DEL, scanCode=0, metaState=0, flags=0x0, repeatCount=0, eventTime=343094274, downTime=343094274, deviceId=-1, source=0x101 }
12-19 15:16:42.901 13852 13852 I Input   : injectKeyEvent: KeyEvent { action=ACTION_DOWN, keyCode=KEYCODE_DEL, scanCode=0, metaState=0, flags=0x0, repeatCount=0, eventTime=343094277, downTime=343094277, deviceId=-1, source=0x101 }
12-19 15:16:42.903 13852 13852 I Input   : injectKeyEvent: KeyEvent { action=ACTION_UP, keyCode=KEYCODE_DEL, scanCode=0, metaState=0, flags=0x0, repeatCount=0, eventTime=343094277, downTime=343094277, deviceId=-1, source=0x101 }
12-19 15:16:42.904 13852 13852 I Input   : injectKeyEvent: KeyEvent { action=ACTION_DOWN, keyCode=KEYCODE_DEL, scanCode=0, metaState=0, flags=0x0, repeatCount=0, eventTime=343094280, downTime=343094280, deviceId=-1, source=0x101 }
12-19 15:16:42.906 13852 13852 I Input   : injectKeyEvent: KeyEvent { action=ACTION_UP, keyCode=KEYCODE_DEL, scanCode=0, metaState=0, flags=0x0, repeatCount=0, eventTime=343094280, downTime=343094280, deviceId=-1, source=0x101 }
12-19 15:16:42.908 13852 13852 I Input   : injectKeyEvent: KeyEvent { action=ACTION_DOWN, keyCode=KEYCODE_DEL, scanCode=0, metaState=0, flags=0x0, repeatCount=0, eventTime=343094284, downTime=343094284, deviceId=-1, source=0x101 }
12-19 15:16:42.910 13852 13852 I Input   : injectKeyEvent: KeyEvent { action=ACTION_UP, keyCode=KEYCODE_DEL, scanCode=0, metaState=0, flags=0x0, repeatCount=0, eventTime=343094284, downTime=343094284, deviceId=-1, source=0x101 }
12-19 15:16:42.912 13852 13852 I Input   : injectKeyEvent: KeyEvent { action=ACTION_DOWN, keyCode=KEYCODE_DEL, scanCode=0, metaState=0, flags=0x0, repeatCount=0, eventTime=343094288, downTime=343094288, deviceId=-1, source=0x101 }
12-19 15:16:42.914 13852 13852 I Input   : injectKeyEvent: KeyEvent { action=ACTION_UP, keyCode=KEYCODE_DEL, scanCode=0, metaState=0, flags=0x0, repeatCount=0, eventTime=343094288, downTime=343094288, deviceId=-1, source=0x101 }
12-19 15:16:42.916 13852 13852 I Input   : injectKeyEvent: KeyEvent { action=ACTION_DOWN, keyCode=KEYCODE_DEL, scanCode=0, metaState=0, flags=0x0, repeatCount=0, eventTime=343094292, downTime=343094292, deviceId=-1, source=0x101 }
12-19 15:16:42.918 13852 13852 I Input   : injectKeyEvent: KeyEvent { action=ACTION_UP, keyCode=KEYCODE_DEL, scanCode=0, metaState=0, flags=0x0, repeatCount=0, eventTime=343094292, downTime=343094292, deviceId=-1, source=0x101 }
12-19 15:16:42.920 13852 13852 I Input   : injectKeyEvent: KeyEvent { action=ACTION_DOWN, keyCode=KEYCODE_DEL, scanCode=0, metaState=0, flags=0x0, repeatCount=0, eventTime=343094296, downTime=343094296, deviceId=-1, source=0x101 }
12-19 15:16:42.921 13852 13852 I Input   : injectKeyEvent: KeyEvent { action=ACTION_UP, keyCode=KEYCODE_DEL, scanCode=0, metaState=0, flags=0x0, repeatCount=0, eventTime=343094296, downTime=343094296, deviceId=-1, source=0x101 }
12-19 15:16:42.922 13852 13852 I Input   : injectKeyEvent: KeyEvent { action=ACTION_DOWN, keyCode=KEYCODE_DEL, scanCode=0, metaState=0, flags=0x0, repeatCount=0, eventTime=343094298, downTime=343094298, deviceId=-1, source=0x101 }
12-19 15:16:42.924 13852 13852 I Input   : injectKeyEvent: KeyEvent { action=ACTION_UP, keyCode=KEYCODE_DEL, scanCode=0, metaState=0, flags=0x0, repeatCount=0, eventTime=343094298, downTime=343094298, deviceId=-1, source=0x101 }
12-19 15:16:42.926 13852 13852 I Input   : injectKeyEvent: KeyEvent { action=ACTION_DOWN, keyCode=KEYCODE_DEL, scanCode=0, metaState=0, flags=0x0, repeatCount=0, eventTime=343094302, downTime=343094302, deviceId=-1, source=0x101 }
12-19 15:16:42.928 13852 13852 I Input   : injectKeyEvent: KeyEvent { action=ACTION_UP, keyCode=KEYCODE_DEL, scanCode=0, metaState=0, flags=0x0, repeatCount=0, eventTime=343094302, downTime=343094302, deviceId=-1, source=0x101 }
12-19 15:16:42.930 13852 13852 I Input   : injectKeyEvent: KeyEvent { action=ACTION_DOWN, keyCode=KEYCODE_DEL, scanCode=0, metaState=0, flags=0x0, repeatCount=0, eventTime=343094306, downTime=343094306, deviceId=-1, source=0x101 }
12-19 15:16:42.932 13852 13852 I Input   : injectKeyEvent: KeyEvent { action=ACTION_UP, keyCode=KEYCODE_DEL, scanCode=0, metaState=0, flags=0x0, repeatCount=0, eventTime=343094306, downTime=343094306, deviceId=-1, source=0x101 }
12-19 15:16:42.933 13852 13852 I Input   : injectKeyEvent: KeyEvent { action=ACTION_DOWN, keyCode=KEYCODE_DEL, scanCode=0, metaState=0, flags=0x0, repeatCount=0, eventTime=343094309, downTime=343094309, deviceId=-1, source=0x101 }
12-19 15:16:42.936 13852 13852 I Input   : injectKeyEvent: KeyEvent { action=ACTION_UP, keyCode=KEYCODE_DEL, scanCode=0, metaState=0, flags=0x0, repeatCount=0, eventTime=343094309, downTime=343094309, deviceId=-1, source=0x101 }
12-19 15:16:42.938 13852 13852 I Input   : injectKeyEvent: KeyEvent { action=ACTION_DOWN, keyCode=KEYCODE_DEL, scanCode=0, metaState=0, flags=0x0, repeatCount=0, eventTime=343094314, downTime=343094314, deviceId=-1, source=0x101 }
12-19 15:16:42.940 13852 13852 I Input   : injectKeyEvent: KeyEvent { action=ACTION_UP, keyCode=KEYCODE_DEL, scanCode=0, metaState=0, flags=0x0, repeatCount=0, eventTime=343094314, downTime=343094314, deviceId=-1, source=0x101 }
12-19 15:16:42.942 13852 13852 I Input   : injectKeyEvent: KeyEvent { action=ACTION_DOWN, keyCode=KEYCODE_DEL, scanCode=0, metaState=0, flags=0x0, repeatCount=0, eventTime=343094318, downTime=343094318, deviceId=-1, source=0x101 }
12-19 15:16:42.943 13852 13852 I Input   : injectKeyEvent: KeyEvent { action=ACTION_UP, keyCode=KEYCODE_DEL, scanCode=0, metaState=0, flags=0x0, repeatCount=0, eventTime=343094318, downTime=343094318, deviceId=-1, source=0x101 }
12-19 15:16:42.946 13852 13852 D AndroidRuntime: Shutting down VM
12-19 15:16:43.092 13862 13862 D AndroidRuntime: >>>>>> START com.android.internal.os.RuntimeInit uid 2000 <<<<<<
12-19 15:16:43.093 13862 13862 D AndroidRuntime: CheckJNI is ON
12-19 15:16:43.109 13862 13862 W art     : Unexpected CPU variant for X86 using defaults: x86_64
12-19 15:16:43.113 13862 13862 D ICU     : No timezone override file found: /data/misc/zoneinfo/current/icu/icu_tzdata.dat
12-19 15:16:43.125 13862 13862 E memtrack: Couldn't load memtrack module (No such file or directory)
12-19 15:16:43.125 13862 13862 E android.os.Debug: failed to load memtrack module: -2
12-19 15:16:43.125 13862 13862 I Radio-JNI: register_android_hardware_Radio DONE
12-19 15:16:43.130 13862 13862 D AndroidRuntime: Calling main entry com.android.commands.input.Input
12-19 15:16:43.135 13862 13862 I Input   : injectKeyEvent: KeyEvent { action=ACTION_DOWN, keyCode=KEYCODE_SHIFT_LEFT, scanCode=0, metaState=META_SHIFT_ON|META_SHIFT_LEFT_ON, flags=0x0, repeatCount=0, eventTime=343094510, downTime=343094510, deviceId=-1, source=0x101 }
12-19 15:16:43.138 13862 13862 I Input   : injectKeyEvent: KeyEvent { action=ACTION_DOWN, keyCode=KEYCODE_T, scanCode=0, metaState=META_SHIFT_ON|META_SHIFT_LEFT_ON, flags=0x0, repeatCount=0, eventTime=343094510, downTime=343094510, deviceId=-1, source=0x101 }
12-19 15:16:43.141 13862 13862 I Input   : injectKeyEvent: KeyEvent { action=ACTION_UP, keyCode=KEYCODE_T, scanCode=0, metaState=META_SHIFT_ON|META_SHIFT_LEFT_ON, flags=0x0, repeatCount=0, eventTime=343094510, downTime=343094510, deviceId=-1, source=0x101 }
12-19 15:16:43.143 13862 13862 I Input   : injectKeyEvent: KeyEvent { action=ACTION_UP, keyCode=KEYCODE_SHIFT_LEFT, scanCode=0, metaState=0, flags=0x0, repeatCount=0, eventTime=343094510, downTime=343094510, deviceId=-1, source=0x101 }
12-19 15:16:43.145 13862 13862 I Input   : injectKeyEvent: KeyEvent { action=ACTION_DOWN, keyCode=KEYCODE_E, scanCode=0, metaState=0, flags=0x0, repeatCount=0, eventTime=343094510, downTime=343094510, deviceId=-1, source=0x101 }
12-19 15:16:43.148 13862 13862 I Input   : injectKeyEvent: KeyEvent { action=ACTION_UP, keyCode=KEYCODE_E, scanCode=0, metaState=0, flags=0x0, repeatCount=0, eventTime=343094510, downTime=343094510, deviceId=-1, source=0x101 }
12-19 15:16:43.150 13862 13862 I Input   : injectKeyEvent: KeyEvent { action=ACTION_DOWN, keyCode=KEYCODE_S, scanCode=0, metaState=0, flags=0x0, repeatCount=0, eventTime=343094510, downTime=343094510, deviceId=-1, source=0x101 }
12-19 15:16:43.152 13862 13862 I Input   : injectKeyEvent: KeyEvent { action=ACTION_UP, keyCode=KEYCODE_S, scanCode=0, metaState=0, flags=0x0, repeatCount=0, eventTime=343094510, downTime=343094510, deviceId=-1, source=0x101 }
12-19 15:16:43.154 13862 13862 I Input   : injectKeyEvent: KeyEvent { action=ACTION_DOWN, keyCode=KEYCODE_T, scanCode=0, metaState=0, flags=0x0, repeatCount=0, eventTime=343094510, downTime=343094510, deviceId=-1, source=0x101 }
12-19 15:16:43.156 13862 13862 I Input   : injectKeyEvent: KeyEvent { action=ACTION_UP, keyCode=KEYCODE_T, scanCode=0, metaState=0, flags=0x0, repeatCount=0, eventTime=343094510, downTime=343094510, deviceId=-1, source=0x101 }
12-19 15:16:43.158 13862 13862 I Input   : injectKeyEvent: KeyEvent { action=ACTION_DOWN, keyCode=KEYCODE_SHIFT_LEFT, scanCode=0, metaState=META_SHIFT_ON|META_SHIFT_LEFT_ON, flags=0x0, repeatCount=0, eventTime=343094510, downTime=343094510, deviceId=-1, source=0x101 }
12-19 15:16:43.160 13862 13862 I Input   : injectKeyEvent: KeyEvent { action=ACTION_DOWN, keyCode=KEYCODE_T, scanCode=0, metaState=META_SHIFT_ON|META_SHIFT_LEFT_ON, flags=0x0, repeatCount=0, eventTime=343094510, downTime=343094510, deviceId=-1, source=0x101 }
12-19 15:16:43.164 13862 13862 I Input   : injectKeyEvent: KeyEvent { action=ACTION_UP, keyCode=KEYCODE_T, scanCode=0, metaState=META_SHIFT_ON|META_SHIFT_LEFT_ON, flags=0x0, repeatCount=0, eventTime=343094510, downTime=343094510, deviceId=-1, source=0x101 }
12-19 15:16:43.166 13862 13862 I Input   : injectKeyEvent: KeyEvent { action=ACTION_UP, keyCode=KEYCODE_SHIFT_LEFT, scanCode=0, metaState=0, flags=0x0, repeatCount=0, eventTime=343094510, downTime=343094510, deviceId=-1, source=0x101 }
12-19 15:16:43.168 13862 13862 I Input   : injectKeyEvent: KeyEvent { action=ACTION_DOWN, keyCode=KEYCODE_E, scanCode=0, metaState=0, flags=0x0, repeatCount=0, eventTime=343094510, downTime=343094510, deviceId=-1, source=0x101 }
