12-19 15:15:30.613 13075 13075 D AndroidRuntime: Calling main entry com.android.commands.input.Input
12-19 15:15:30.616 13075 13075 I Input   : injectKeyEvent: KeyEvent { action=ACTION_DOWN, keyCode=KEYCODE_ESCAPE, scanCode=0, metaState=0, flags=0x0, repeatCount=0, eventTime=343021991, downTime=343021991, deviceId=-1, source=0x101 }
12-19 15:15:30.619 13075 13075 I Input   : injectKeyEvent: KeyEvent { action=ACTION_UP, keyCode=KEYCODE_ESCAPE, scanCode=0, metaState=0, flags=0x0, repeatCount=0, eventTime=343021991, downTime=343021991, deviceId=-1, source=0x101 }
12-19 15:15:30.622 13075 13075 D AndroidRuntime: Shutting down VM
12-19 15:15:30.624  1794  1794 W InputMethodService: Window size has been changed. This may cause jankiness of resizing window: -1 -> -2
12-19 15:15:30.631  1794  5650 D EGL_emulation: eglMakeCurrent: 0x76f3ab1cdbe0: ver 3 0 (tinfo 0x76f3ab179440)
12-19 15:15:30.811  1677  1698 I WindowManager: Destroying surface Surface(name=InputMethod) called by com.android.server.wm.WindowStateAnimator.destroySurface:2016 com.android.server.wm.WindowStateAnimator.destroySurfaceLocked:882 com.android.server.wm.WindowState.destroyOrSaveSurface:2100 com.android.server.wm.WindowSurfacePlacer.performSurfacePlacementInner:429 com.android.server.wm.WindowSurfacePlacer.performSurfacePlacementLoop:232 com.android.server.wm.WindowSurfacePlacer.performSurfacePlacement:180 com.android.server.wm.WindowManagerService$H.handleMessage:8086 android.os.Handler.dispatchMessage:102 
12-19 15:15:30.943  1677  1698 I WindowManager: Destroying surface Surface(name=PopupWindow:3ae1c7b) called by com.android.server.wm.WindowStateAnimator.destroySurface:2016 com.android.server.wm.WindowStateAnimator.destroySurfaceLocked:882 com.android.server.wm.WindowState.destroyOrSaveSurface:2100 com.android.server.wm.AppWindowToken.destroySurfaces:363 com.android.server.wm.WindowStateAnimator.finishExit:565 com.android.server.wm.WindowStateAnimator.stepAnimationLocked:491 com.android.server.wm.WindowAnimator.updateWindowsLocked:303 com.android.server.wm.WindowAnimator.animateLocked:704 
12-19 15:15:33.366 13093 13093 D AndroidRuntime: >>>>>> START com.android.internal.os.RuntimeInit uid 2000 <<<<<<
12-19 15:15:33.368 13093 13093 D AndroidRuntime: CheckJNI is ON
12-19 15:15:33.382 13093 13093 W art     : Unexpected CPU variant for X86 using defaults: x86_64
12-19 15:15:33.385 13093 13093 D ICU     : No timezone override file found: /data/local/tmp/misc/zoneinfo/current/icu/icu_tzdata.dat
12-19 15:15:33.400 13093 13093 E memtrack: Couldn't load memtrack module (No such file or directory)
12-19 15:15:33.400 13093 13093 E android.os.Debug: failed to load memtrack module: -2
12-19 15:15:33.400 13093 13093 I Radio-JNI: register_android_hardware_Radio DONE
12-19 15:15:33.405 13093 13093 D AndroidRuntime: Calling main entry com.android.commands.uiautomator.Launcher
12-19 15:15:34.435 13093 13093 W AccessibilityNodeInfoDumper: Fetch time: 5ms
12-19 15:15:34.436  1677  2868 W WindowManager: Attempted to remove non-existing token: android.os.Binder@e8c1330
12-19 15:15:34.442 13093 13093 D AndroidRuntime: Shutting down VM
12-19 15:15:35.301 13121 13121 D AndroidRuntime: >>>>>> START com.android.internal.os.RuntimeInit uid 2000 <<<<<<
12-19 15:15:35.302 13121 13121 D AndroidRuntime: CheckJNI is ON
12-19 15:15:35.317 13121 13121 W art     : Unexpected CPU variant for X86 using defaults: x86_64
12-19 15:15:35.320 13121 13121 D ICU     : No timezone override file found: /data/local/tmp/misc/zoneinfo/current/icu/icu_tzdata.dat
12-19 15:15:35.336 13121 13121 E memtrack: Couldn't load memtrack module (No such file or directory)
12-19 15:15:35.336 13121 13121 E android.os.Debug: failed to load memtrack module: -2
12-19 15:15:35.336 13121 13121 I Radio-JNI: register_android_hardware_Radio DONE
12-19 15:15:35.341 13121 13121 D AndroidRuntime: Calling main entry com.android.commands.uiautomator.Launcher
12-19 15:15:36.365 13121 13121 W AccessibilityNodeInfoDumper: Fetch time: 3ms
12-19 15:15:36.367  1677  3602 W WindowManager: Attempted to remove non-existing token: android.os.Binder@e57325c
12-19 15:15:36.372 13121 13121 D AndroidRuntime: Shutting down VM
12-19 15:15:36.612 13138 13138 D AndroidRuntime: >>>>>> START com.android.internal.os.RuntimeInit uid 2000 <<<<<<
12-19 15:15:36.613 13138 13138 D AndroidRuntime: CheckJNI is ON
12-19 15:15:36.628 13138 13138 W art     : Unexpected CPU variant for X86 using defaults: x86_64
12-19 15:15:36.631 13138 13138 D ICU     : No timezone override file found: /data/local/tmp/misc/zoneinfo/current/icu/icu_tzdata.dat
12-19 15:15:36.645 13138 13138 E memtrack: Couldn't load memtrack module (No such file or directory)
12-19 15:15:36.645 13138 13138 E android.os.Debug: failed to load memtrack module: -2
12-19 15:15:36.646 13138 13138 I Radio-JNI: register_android_hardware_Radio DONE
12-19 15:15:36.650 13138 13138 D AndroidRuntime: Calling main entry com.android.commands.uiautomator.Launcher
12-19 15:15:37.684 13138 13138 W AccessibilityNodeInfoDumper: Fetch time: 2ms
12-19 15:15:37.686  1677 14279 W WindowManager: Attempted to remove non-existing token: android.os.Binder@23163a
12-19 15:15:37.689 13138 13138 D AndroidRuntime: Shutting down VM
12-19 15:15:38.539 13166 13166 D AndroidRuntime: >>>>>> START com.android.internal.os.RuntimeInit uid 2000 <<<<<<
12-19 15:15:38.540 13166 13166 D AndroidRuntime: CheckJNI is ON
12-19 15:15:38.554 13166 13166 W art     : Unexpected CPU variant for X86 using defaults: x86_64
12-19 15:15:38.558 13166 13166 D ICU     : No timezone override file found: /data/local/tmp/misc/zoneinfo/current/icu/icu_tzdata.dat
12-19 15:15:38.577 13166 13166 E memtrack: Couldn't load memtrack module (No such file or directory)
12-19 15:15:38.577 13166 13166 E android.os.Debug: failed to load memtrack module: -2
12-19 15:15:38.577 13166 13166 I Radio-JNI: register_android_hardware_Radio DONE
12-19 15:15:38.581 13166 13166 D AndroidRuntime: Calling main entry com.android.commands.uiautomator.Launcher
12-19 15:15:39.604 13166 13166 W AccessibilityNodeInfoDumper: Fetch time: 2ms
12-19 15:15:39.604  1677  2323 W WindowManager: Attempted to remove non-existing token: android.os.Binder@2531848
12-19 15:15:39.611 13166 13166 D AndroidRuntime: Shutting down VM
12-19 15:15:40.546 13201 13201 D AndroidRuntime: >>>>>> START com.android.internal.os.RuntimeInit uid 2000 <<<<<<
12-19 15:15:40.548 13201 13201 D AndroidRuntime: CheckJNI is ON
12-19 15:15:40.563 13201 13201 W art     : Unexpected CPU variant for X86 using defaults: x86_64
12-19 15:15:40.568 13201 13201 D ICU     : No timezone override file found: /data/local/tmp/misc/zoneinfo/current/icu/icu_tzdata.dat
12-19 15:15:40.583 13201 13201 E memtrack: Couldn't load memtrack module (No such file or directory)
12-19 15:15:40.583 13201 13201 E android.os.Debug: failed to load memtrack module: -2
12-19 15:15:40.584 13201 13201 I Radio-JNI: register_android_hardware_Radio DONE
12-19 15:15:40.589 13201 13201 D AndroidRuntime: Calling main entry com.android.commands.uiautomator.Launcher
12-19 15:15:41.614 13201 13201 W AccessibilityNodeInfoDumper: Fetch time: 3ms
12-19 15:15:41.615  1677  2235 W WindowManager: Attempted to remove non-existing token: android.os.Binder@21c5c06
12-19 15:15:41.620 13201 13201 D AndroidRuntime: Shutting down VM
12-19 15:15:41.869  1352  1667 E SurfaceFlinger: ro.sf.lcd_density must be defined as a build property
12-19 15:15:41.871  1352  1369 D gralloc_ranchu: gralloc_alloc: Creating ashmem region of size 8294400
12-19 15:15:41.878 13216 13216 D         : HostConnection::get() New Host Connection established 0x71cfb9c2d4e0, tid 13216
12-19 15:15:42.126 13221 13221 D AndroidRuntime: >>>>>> START com.android.internal.os.RuntimeInit uid 2000 <<<<<<
12-19 15:15:42.129 13221 13221 D AndroidRuntime: CheckJNI is ON
12-19 15:15:42.145 13221 13221 W art     : Unexpected CPU variant for X86 using defaults: x86_64
12-19 15:15:42.149 13221 13221 D ICU     : No timezone override file found: /data/misc/zoneinfo/current/icu/icu_tzdata.dat
12-19 15:15:42.165 13221 13221 E memtrack: Couldn't load memtrack module (No such file or directory)
12-19 15:15:42.165 13221 13221 E android.os.Debug: failed to load memtrack module: -2
12-19 15:15:42.166 13221 13221 I Radio-JNI: register_android_hardware_Radio DONE
12-19 15:15:42.172 13221 13221 D AndroidRuntime: Calling main entry com.android.commands.am.Am
12-19 15:15:42.181 18415 18415 D MediaScannerReceiver: action: android.intent.action.MEDIA_SCANNER_SCAN_FILE path: /storage/emulated/0/screen.png
12-19 15:15:42.183 13221 13221 D AndroidRuntime: Shutting down VM
12-19 15:15:44.583 13235 13235 D AndroidRuntime: >>>>>> START com.android.internal.os.RuntimeInit uid 2000 <<<<<<
12-19 15:15:44.584 13235 13235 D AndroidRuntime: CheckJNI is ON
12-19 15:15:44.598 13235 13235 W art     : Unexpected CPU variant for X86 using defaults: x86_64
12-19 15:15:44.601 13235 13235 D ICU     : No timezone override file found: /data/local/tmp/misc/zoneinfo/current/icu/icu_tzdata.dat
12-19 15:15:44.618 13235 13235 E memtrack: Couldn't load memtrack module (No such file or directory)
12-19 15:15:44.618 13235 13235 E android.os.Debug: failed to load memtrack module: -2
12-19 15:15:44.618 13235 13235 I Radio-JNI: register_android_hardware_Radio DONE
12-19 15:15:44.623 13235 13235 D AndroidRuntime: Calling main entry com.android.commands.uiautomator.Launcher
12-19 15:15:45.650 13235 13235 W AccessibilityNodeInfoDumper: Fetch time: 2ms
12-19 15:15:45.651  1677 14279 W WindowManager: Attempted to remove non-existing token: android.os.Binder@a22a860
12-19 15:15:45.657 13235 13235 D AndroidRuntime: Shutting down VM
12-19 15:15:47.894 13252 13252 D AndroidRuntime: >>>>>> START com.android.internal.os.RuntimeInit uid 2000 <<<<<<
12-19 15:15:47.895 13252 13252 D AndroidRuntime: CheckJNI is ON
12-19 15:15:47.908 13252 13252 W art     : Unexpected CPU variant for X86 using defaults: x86_64
12-19 15:15:47.911 13252 13252 D ICU     : No timezone override file found: /data/local/tmp/misc/zoneinfo/current/icu/icu_tzdata.dat
12-19 15:15:47.932 13252 13252 E memtrack: Couldn't load memtrack module (No such file or directory)
12-19 15:15:47.932 13252 13252 E android.os.Debug: failed to load memtrack module: -2
12-19 15:15:47.932 13252 13252 I Radio-JNI: register_android_hardware_Radio DONE
12-19 15:15:47.937 13252 13252 D AndroidRuntime: Calling main entry com.android.commands.uiautomator.Launcher
12-19 15:15:48.960 13252 13252 W AccessibilityNodeInfoDumper: Fetch time: 2ms
12-19 15:15:48.961  1677  2236 W WindowManager: Attempted to remove non-existing token: android.os.Binder@679ea8c
12-19 15:15:48.967 13252 13252 D AndroidRuntime: Shutting down VM
12-19 15:15:49.211 13269 13269 D AndroidRuntime: >>>>>> START com.android.internal.os.RuntimeInit uid 2000 <<<<<<
12-19 15:15:49.213 13269 13269 D AndroidRuntime: CheckJNI is ON
12-19 15:15:49.228 13269 13269 W art     : Unexpected CPU variant for X86 using defaults: x86_64
12-19 15:15:49.231 13269 13269 D ICU     : No timezone override file found: /data/local/tmp/misc/zoneinfo/current/icu/icu_tzdata.dat
12-19 15:15:49.247 13269 13269 E memtrack: Couldn't load memtrack module (No such file or directory)
12-19 15:15:49.247 13269 13269 E android.os.Debug: failed to load memtrack module: -2
12-19 15:15:49.247 13269 13269 I Radio-JNI: register_android_hardware_Radio DONE
12-19 15:15:49.252 13269 13269 D AndroidRuntime: Calling main entry com.android.commands.uiautomator.Launcher
12-19 15:15:50.275 13269 13269 W AccessibilityNodeInfoDumper: Fetch time: 3ms
12-19 15:15:50.276  1677 17538 W WindowManager: Attempted to remove non-existing token: android.os.Binder@78d81ea
12-19 15:15:50.280 13269 13269 D AndroidRuntime: Shutting down VM
12-19 15:15:50.527 13286 13286 D AndroidRuntime: >>>>>> START com.android.internal.os.RuntimeInit uid 2000 <<<<<<
12-19 15:15:50.528 13286 13286 D AndroidRuntime: CheckJNI is ON
12-19 15:15:50.543 13286 13286 W art     : Unexpected CPU variant for X86 using defaults: x86_64
12-19 15:15:50.546 13286 13286 D ICU     : No timezone override file found: /data/local/tmp/misc/zoneinfo/current/icu/icu_tzdata.dat
12-19 15:15:50.561 13286 13286 E memtrack: Couldn't load memtrack module (No such file or directory)
12-19 15:15:50.561 13286 13286 E android.os.Debug: failed to load memtrack module: -2
12-19 15:15:50.561 13286 13286 I Radio-JNI: register_android_hardware_Radio DONE
12-19 15:15:50.568 13286 13286 D AndroidRuntime: Calling main entry com.android.commands.uiautomator.Launcher
12-19 15:15:51.596 13286 13286 W AccessibilityNodeInfoDumper: Fetch time: 3ms
12-19 15:15:51.596  1677 17538 W WindowManager: Attempted to remove non-existing token: android.os.Binder@7212378
12-19 15:15:51.601 13286 13286 D AndroidRuntime: Shutting down VM
12-19 15:15:51.795 13298 13298 D AndroidRuntime: >>>>>> START com.android.internal.os.RuntimeInit uid 2000 <<<<<<
12-19 15:15:51.796 13298 13298 D AndroidRuntime: CheckJNI is ON
12-19 15:15:51.811 13298 13298 W art     : Unexpected CPU variant for X86 using defaults: x86_64
12-19 15:15:51.816 13298 13298 D ICU     : No timezone override file found: /data/misc/zoneinfo/current/icu/icu_tzdata.dat
12-19 15:15:51.828 13298 13298 E memtrack: Couldn't load memtrack module (No such file or directory)
12-19 15:15:51.828 13298 13298 E android.os.Debug: failed to load memtrack module: -2
12-19 15:15:51.828 13298 13298 I Radio-JNI: register_android_hardware_Radio DONE
12-19 15:15:51.833 13298 13298 D AndroidRuntime: Calling main entry com.android.commands.input.Input
12-19 15:15:51.838 13298 13298 I Input   : injectMotionEvent: MotionEvent { action=ACTION_DOWN, actionButton=0, id[0]=0, x[0]=540.0, y[0]=908.0, toolType[0]=TOOL_TYPE_UNKNOWN, buttonState=0, metaState=0, flags=0x0, edgeFlags=0x0, pointerCount=1, historySize=0, eventTime=343043210, downTime=343043210, deviceId=0, source=0x1002 }
12-19 15:15:51.841 13298 13298 I Input   : injectMotionEvent: MotionEvent { action=ACTION_UP, actionButton=0, id[0]=0, x[0]=540.0, y[0]=908.0, toolType[0]=TOOL_TYPE_UNKNOWN, buttonState=0, metaState=0, flags=0x0, edgeFlags=0x0, pointerCount=1, historySize=0, eventTime=343043210, downTime=343043210, deviceId=0, source=0x1002 }
12-19 15:15:51.843  1794  1794 W InputMethodService: Window size has been changed. This may cause jankiness of resizing window: -1 -> -2
12-19 15:15:51.845 13298 13298 D AndroidRuntime: Shutting down VM
12-19 15:15:51.852  1794  1794 I LatinIME: Starting input. Cursor position = 13,13
12-19 15:15:51.895 12262 12287 D EGL_emulation: eglMakeCurrent: 0x76f39a2a0720: ver 3 0 (tinfo 0x76f3a83b49e0)
12-19 15:15:51.903 12262 12287 D EGL_emulation: eglMakeCurrent: 0x76f39a2a0720: ver 3 0 (tinfo 0x76f3a83b49e0)
12-19 15:15:51.950  1794  5650 D EGL_emulation: eglMakeCurrent: 0x76f3ab1cdbe0: ver 3 0 (tinfo 0x76f3ab179440)
12-19 15:15:52.088 13311 13311 D AndroidRuntime: >>>>>> START com.android.internal.os.RuntimeInit uid 2000 <<<<<<
12-19 15:15:52.090 13311 13311 D AndroidRuntime: CheckJNI is ON
12-19 15:15:52.106 13311 13311 W art     : Unexpected CPU variant for X86 using defaults: x86_64
12-19 15:15:52.110 13311 13311 D ICU     : No timezone override file found: /data/misc/zoneinfo/current/icu/icu_tzdata.dat
12-19 15:15:52.125 13311 13311 E memtrack: Couldn't load memtrack module (No such file or directory)
12-19 15:15:52.125 13311 13311 E android.os.Debug: failed to load memtrack module: -2
12-19 15:15:52.125 13311 13311 I Radio-JNI: register_android_hardware_Radio DONE
12-19 15:15:52.131 13311 13311 D AndroidRuntime: Calling main entry com.android.commands.input.Input
12-19 15:15:52.133 13311 13311 I Input   : injectKeyEvent: KeyEvent { action=ACTION_DOWN, keyCode=KEYCODE_ESCAPE, scanCode=0, metaState=0, flags=0x0, repeatCount=0, eventTime=343043508, downTime=343043508, deviceId=-1, source=0x101 }
12-19 15:15:52.137 13311 13311 I Input   : injectKeyEvent: KeyEvent { action=ACTION_UP, keyCode=KEYCODE_ESCAPE, scanCode=0, metaState=0, flags=0x0, repeatCount=0, eventTime=343043508, downTime=343043508, deviceId=-1, source=0x101 }
12-19 15:15:52.139 13311 13311 D AndroidRuntime: Shutting down VM
12-19 15:15:52.141  1794  1794 W InputMethodService: Window size has been changed. This may cause jankiness of resizing window: -1 -> -2
12-19 15:15:52.149  1794  5650 D EGL_emulation: eglMakeCurrent: 0x76f3ab1cdbe0: ver 3 0 (tinfo 0x76f3ab179440)
12-19 15:15:52.328  1677  1698 I WindowManager: Destroying surface Surface(name=InputMethod) called by com.android.server.wm.WindowStateAnimator.destroySurface:2016 com.android.server.wm.WindowStateAnimator.destroySurfaceLocked:882 com.android.server.wm.WindowState.destroyOrSaveSurface:2100 com.android.server.wm.WindowSurfacePlacer.performSurfacePlacementInner:429 com.android.server.wm.WindowSurfacePlacer.performSurfacePlacementLoop:232 com.android.server.wm.WindowSurfacePlacer.performSurfacePlacement:180 com.android.server.wm.WindowManagerService$H.handleMessage:8086 android.os.Handler.dispatchMessage:102 
12-19 15:15:52.854 13327 13327 D AndroidRuntime: >>>>>> START com.android.internal.os.RuntimeInit uid 2000 <<<<<<
12-19 15:15:52.857 13327 13327 D AndroidRuntime: CheckJNI is ON
12-19 15:15:52.874 13327 13327 W art     : Unexpected CPU variant for X86 using defaults: x86_64
12-19 15:15:52.877 13327 13327 D ICU     : No timezone override file found: /data/misc/zoneinfo/current/icu/icu_tzdata.dat
12-19 15:15:52.889 13327 13327 E memtrack: Couldn't load memtrack module (No such file or directory)
12-19 15:15:52.889 13327 13327 E android.os.Debug: failed to load memtrack module: -2
12-19 15:15:52.890 13327 13327 I Radio-JNI: register_android_hardware_Radio DONE
12-19 15:15:52.895 13327 13327 D AndroidRuntime: Calling main entry com.android.commands.input.Input
12-19 15:15:52.896 13327 13327 I Input   : injectKeyEvent: KeyEvent { action=ACTION_DOWN, keyCode=KEYCODE_MOVE_END, scanCode=0, metaState=0, flags=0x0, repeatCount=0, eventTime=343044272, downTime=343044272, deviceId=-1, source=0x101 }
12-19 15:15:52.905 13327 13327 I Input   : injectKeyEvent: KeyEvent { action=ACTION_UP, keyCode=KEYCODE_MOVE_END, scanCode=0, metaState=0, flags=0x0, repeatCount=0, eventTime=343044272, downTime=343044272, deviceId=-1, source=0x101 }
12-19 15:15:52.908 13327 13327 D AndroidRuntime: Shutting down VM
12-19 15:15:53.073 13337 13337 D AndroidRuntime: >>>>>> START com.android.internal.os.RuntimeInit uid 2000 <<<<<<
12-19 15:15:53.075 13337 13337 D AndroidRuntime: CheckJNI is ON
12-19 15:15:53.076  1677  1698 I WindowManager: Destroying surface Surface(name=PopupWindow:3ae1c7b) called by com.android.server.wm.WindowStateAnimator.destroySurface:2016 com.android.server.wm.WindowStateAnimator.destroySurfaceLocked:882 com.android.server.wm.WindowState.destroyOrSaveSurface:2100 com.android.server.wm.AppWindowToken.destroySurfaces:363 com.android.server.wm.WindowStateAnimator.finishExit:565 com.android.server.wm.WindowStateAnimator.stepAnimationLocked:491 com.android.server.wm.WindowAnimator.updateWindowsLocked:303 com.android.server.wm.WindowAnimator.animateLocked:704 
12-19 15:15:53.092 13337 13337 W art     : Unexpected CPU variant for X86 using defaults: x86_64
12-19 15:15:53.097 13337 13337 D ICU     : No timezone override file found: /data/misc/zoneinfo/current/icu/icu_tzdata.dat
12-19 15:15:53.110 13337 13337 E memtrack: Couldn't load memtrack module (No such file or directory)
12-19 15:15:53.110 13337 13337 E android.os.Debug: failed to load memtrack module: -2
12-19 15:15:53.110 13337 13337 I Radio-JNI: register_android_hardware_Radio DONE
12-19 15:15:53.117 13337 13337 D AndroidRuntime: Calling main entry com.android.commands.input.Input
12-19 15:15:53.119 13337 13337 I Input   : injectKeyEvent: KeyEvent { action=ACTION_DOWN, keyCode=KEYCODE_DEL, scanCode=0, metaState=0, flags=0x0, repeatCount=0, eventTime=343044494, downTime=343044494, deviceId=-1, source=0x101 }
12-19 15:15:53.123 13337 13337 I Input   : injectKeyEvent: KeyEvent { action=ACTION_UP, keyCode=KEYCODE_DEL, scanCode=0, metaState=0, flags=0x0, repeatCount=0, eventTime=343044494, downTime=343044494, deviceId=-1, source=0x101 }
12-19 15:15:53.125 13337 13337 I Input   : injectKeyEvent: KeyEvent { action=ACTION_DOWN, keyCode=KEYCODE_DEL, scanCode=0, metaState=0, flags=0x0, repeatCount=0, eventTime=343044501, downTime=343044501, deviceId=-1, source=0x101 }
12-19 15:15:53.129 13337 13337 I Input   : injectKeyEvent: KeyEvent { action=ACTION_UP, keyCode=KEYCODE_DEL, scanCode=0, metaState=0, flags=0x0, repeatCount=0, eventTime=343044501, downTime=343044501, deviceId=-1, source=0x101 }
12-19 15:15:53.130 13337 13337 I Input   : injectKeyEvent: KeyEvent { action=ACTION_DOWN, keyCode=KEYCODE_DEL, scanCode=0, metaState=0, flags=0x0, repeatCount=0, eventTime=343044506, downTime=343044506, deviceId=-1, source=0x101 }
12-19 15:15:53.133 13337 13337 I Input   : injectKeyEvent: KeyEvent { action=ACTION_UP, keyCode=KEYCODE_DEL, scanCode=0, metaState=0, flags=0x0, repeatCount=0, eventTime=343044506, downTime=343044506, deviceId=-1, source=0x101 }
12-19 15:15:53.135 13337 13337 I Input   : injectKeyEvent: KeyEvent { action=ACTION_DOWN, keyCode=KEYCODE_DEL, scanCode=0, metaState=0, flags=0x0, repeatCount=0, eventTime=343044511, downTime=343044511, deviceId=-1, source=0x101 }
12-19 15:15:53.137 13337 13337 I Input   : injectKeyEvent: KeyEvent { action=ACTION_UP, keyCode=KEYCODE_DEL, scanCode=0, metaState=0, flags=0x0, repeatCount=0, eventTime=343044511, downTime=343044511, deviceId=-1, source=0x101 }
12-19 15:15:53.139 13337 13337 I Input   : injectKeyEvent: KeyEvent { action=ACTION_DOWN, keyCode=KEYCODE_DEL, scanCode=0, metaState=0, flags=0x0, repeatCount=0, eventTime=343044515, downTime=343044515, deviceId=-1, source=0x101 }
12-19 15:15:53.141 13337 13337 I Input   : injectKeyEvent: KeyEvent { action=ACTION_UP, keyCode=KEYCODE_DEL, scanCode=0, metaState=0, flags=0x0, repeatCount=0, eventTime=343044515, downTime=343044515, deviceId=-1, source=0x101 }
12-19 15:15:53.143 13337 13337 I Input   : injectKeyEvent: KeyEvent { action=ACTION_DOWN, keyCode=KEYCODE_DEL, scanCode=0, metaState=0, flags=0x0, repeatCount=0, eventTime=343044518, downTime=343044518, deviceId=-1, source=0x101 }
12-19 15:15:53.147 13337 13337 I Input   : injectKeyEvent: KeyEvent { action=ACTION_UP, keyCode=KEYCODE_DEL, scanCode=0, metaState=0, flags=0x0, repeatCount=0, eventTime=343044518, downTime=343044518, deviceId=-1, source=0x101 }
12-19 15:15:53.150 13337 13337 I Input   : injectKeyEvent: KeyEvent { action=ACTION_DOWN, keyCode=KEYCODE_DEL, scanCode=0, metaState=0, flags=0x0, repeatCount=0, eventTime=343044526, downTime=343044526, deviceId=-1, source=0x101 }
12-19 15:15:53.152 13337 13337 I Input   : injectKeyEvent: KeyEvent { action=ACTION_UP, keyCode=KEYCODE_DEL, scanCode=0, metaState=0, flags=0x0, repeatCount=0, eventTime=343044526, downTime=343044526, deviceId=-1, source=0x101 }
12-19 15:15:53.153 13337 13337 I Input   : injectKeyEvent: KeyEvent { action=ACTION_DOWN, keyCode=KEYCODE_DEL, scanCode=0, metaState=0, flags=0x0, repeatCount=0, eventTime=343044529, downTime=343044529, deviceId=-1, source=0x101 }
12-19 15:15:53.156 13337 13337 I Input   : injectKeyEvent: KeyEvent { action=ACTION_UP, keyCode=KEYCODE_DEL, scanCode=0, metaState=0, flags=0x0, repeatCount=0, eventTime=343044529, downTime=343044529, deviceId=-1, source=0x101 }
12-19 15:15:53.158 13337 13337 I Input   : injectKeyEvent: KeyEvent { action=ACTION_DOWN, keyCode=KEYCODE_DEL, scanCode=0, metaState=0, flags=0x0, repeatCount=0, eventTime=343044534, downTime=343044534, deviceId=-1, source=0x101 }
12-19 15:15:53.160 13337 13337 I Input   : injectKeyEvent: KeyEvent { action=ACTION_UP, keyCode=KEYCODE_DEL, scanCode=0, metaState=0, flags=0x0, repeatCount=0, eventTime=343044534, downTime=343044534, deviceId=-1, source=0x101 }
12-19 15:15:53.163 13337 13337 I Input   : injectKeyEvent: KeyEvent { action=ACTION_DOWN, keyCode=KEYCODE_DEL, scanCode=0, metaState=0, flags=0x0, repeatCount=0, eventTime=343044539, downTime=343044539, deviceId=-1, source=0x101 }
12-19 15:15:53.167 13337 13337 I Input   : injectKeyEvent: KeyEvent { action=ACTION_UP, keyCode=KEYCODE_DEL, scanCode=0, metaState=0, flags=0x0, repeatCount=0, eventTime=343044539, downTime=343044539, deviceId=-1, source=0x101 }
12-19 15:15:53.169 13337 13337 I Input   : injectKeyEvent: KeyEvent { action=ACTION_DOWN, keyCode=KEYCODE_DEL, scanCode=0, metaState=0, flags=0x0, repeatCount=0, eventTime=343044545, downTime=343044545, deviceId=-1, source=0x101 }
12-19 15:15:53.172 13337 13337 I Input   : injectKeyEvent: KeyEvent { action=ACTION_UP, keyCode=KEYCODE_DEL, scanCode=0, metaState=0, flags=0x0, repeatCount=0, eventTime=343044545, downTime=343044545, deviceId=-1, source=0x101 }
12-19 15:15:53.175 13337 13337 I Input   : injectKeyEvent: KeyEvent { action=ACTION_DOWN, keyCode=KEYCODE_DEL, scanCode=0, metaState=0, flags=0x0, repeatCount=0, eventTime=343044551, downTime=343044551, deviceId=-1, source=0x101 }
12-19 15:15:53.180 13337 13337 I Input   : injectKeyEvent: KeyEvent { action=ACTION_UP, keyCode=KEYCODE_DEL, scanCode=0, metaState=0, flags=0x0, repeatCount=0, eventTime=343044551, downTime=343044551, deviceId=-1, source=0x101 }
12-19 15:15:53.182 13337 13337 I Input   : injectKeyEvent: KeyEvent { action=ACTION_DOWN, keyCode=KEYCODE_DEL, scanCode=0, metaState=0, flags=0x0, repeatCount=0, eventTime=343044558, downTime=343044558, deviceId=-1, source=0x101 }
12-19 15:15:53.185 13337 13337 I Input   : injectKeyEvent: KeyEvent { action=ACTION_UP, keyCode=KEYCODE_DEL, scanCode=0, metaState=0, flags=0x0, repeatCount=0, eventTime=343044558, downTime=343044558, deviceId=-1, source=0x101 }
12-19 15:15:53.187 13337 13337 I Input   : injectKeyEvent: KeyEvent { action=ACTION_DOWN, keyCode=KEYCODE_DEL, scanCode=0, metaState=0, flags=0x0, repeatCount=0, eventTime=343044563, downTime=343044563, deviceId=-1, source=0x101 }
12-19 15:15:53.189 13337 13337 I Input   : injectKeyEvent: KeyEvent { action=ACTION_UP, keyCode=KEYCODE_DEL, scanCode=0, metaState=0, flags=0x0, repeatCount=0, eventTime=343044563, downTime=343044563, deviceId=-1, source=0x101 }
12-19 15:15:53.191 13337 13337 I Input   : injectKeyEvent: KeyEvent { action=ACTION_DOWN, keyCode=KEYCODE_DEL, scanCode=0, metaState=0, flags=0x0, repeatCount=0, eventTime=343044567, downTime=343044567, deviceId=-1, source=0x101 }
12-19 15:15:53.192 13337 13337 I Input   : injectKeyEvent: KeyEvent { action=ACTION_UP, keyCode=KEYCODE_DEL, scanCode=0, metaState=0, flags=0x0, repeatCount=0, eventTime=343044567, downTime=343044567, deviceId=-1, source=0x101 }
12-19 15:15:53.196 13337 13337 I Input   : injectKeyEvent: KeyEvent { action=ACTION_DOWN, keyCode=KEYCODE_DEL, scanCode=0, metaState=0, flags=0x0, repeatCount=0, eventTime=343044572, downTime=343044572, deviceId=-1, source=0x101 }
12-19 15:15:53.198 13337 13337 I Input   : injectKeyEvent: KeyEvent { action=ACTION_UP, keyCode=KEYCODE_DEL, scanCode=0, metaState=0, flags=0x0, repeatCount=0, eventTime=343044572, downTime=343044572, deviceId=-1, source=0x101 }
12-19 15:15:53.199 13337 13337 I Input   : injectKeyEvent: KeyEvent { action=ACTION_DOWN, keyCode=KEYCODE_DEL, scanCode=0, metaState=0, flags=0x0, repeatCount=0, eventTime=343044575, downTime=343044575, deviceId=-1, source=0x101 }
12-19 15:15:53.201 13337 13337 I Input   : injectKeyEvent: KeyEvent { action=ACTION_UP, keyCode=KEYCODE_DEL, scanCode=0, metaState=0, flags=0x0, repeatCount=0, eventTime=343044575, downTime=343044575, deviceId=-1, source=0x101 }
12-19 15:15:53.203 13337 13337 I Input   : injectKeyEvent: KeyEvent { action=ACTION_DOWN, keyCode=KEYCODE_DEL, scanCode=0, metaState=0, flags=0x0, repeatCount=0, eventTime=343044578, downTime=343044578, deviceId=-1, source=0x101 }
12-19 15:15:53.205 13337 13337 I Input   : injectKeyEvent: KeyEvent { action=ACTION_UP, keyCode=KEYCODE_DEL, scanCode=0, metaState=0, flags=0x0, repeatCount=0, eventTime=343044578, downTime=343044578, deviceId=-1, source=0x101 }
12-19 15:15:53.207 13337 13337 I Input   : injectKeyEvent: KeyEvent { action=ACTION_DOWN, keyCode=KEYCODE_DEL, scanCode=0, metaState=0, flags=0x0, repeatCount=0, eventTime=343044583, downTime=343044583, deviceId=-1, source=0x101 }
12-19 15:15:53.208 13337 13337 I Input   : injectKeyEvent: KeyEvent { action=ACTION_UP, keyCode=KEYCODE_DEL, scanCode=0, metaState=0, flags=0x0, repeatCount=0, eventTime=343044583, downTime=343044583, deviceId=-1, source=0x101 }
12-19 15:15:53.211 13337 13337 I Input   : injectKeyEvent: KeyEvent { action=ACTION_DOWN, keyCode=KEYCODE_DEL, scanCode=0, metaState=0, flags=0x0, repeatCount=0, eventTime=343044586, downTime=343044586, deviceId=-1, source=0x101 }
12-19 15:15:53.213 13337 13337 I Input   : injectKeyEvent: KeyEvent { action=ACTION_UP, keyCode=KEYCODE_DEL, scanCode=0, metaState=0, flags=0x0, repeatCount=0, eventTime=343044586, downTime=343044586, deviceId=-1, source=0x101 }
12-19 15:15:53.216 13337 13337 I Input   : injectKeyEvent: KeyEvent { action=ACTION_DOWN, keyCode=KEYCODE_DEL, scanCode=0, metaState=0, flags=0x0, repeatCount=0, eventTime=343044592, downTime=343044592, deviceId=-1, source=0x101 }
12-19 15:15:53.218 13337 13337 I Input   : injectKeyEvent: KeyEvent { action=ACTION_UP, keyCode=KEYCODE_DEL, scanCode=0, metaState=0, flags=0x0, repeatCount=0, eventTime=343044592, downTime=343044592, deviceId=-1, source=0x101 }
12-19 15:15:53.220 13337 13337 I Input   : injectKeyEvent: KeyEvent { action=ACTION_DOWN, keyCode=KEYCODE_DEL, scanCode=0, metaState=0, flags=0x0, repeatCount=0, eventTime=343044596, downTime=343044596, deviceId=-1, source=0x101 }
12-19 15:15:53.222 13337 13337 I Input   : injectKeyEvent: KeyEvent { action=ACTION_UP, keyCode=KEYCODE_DEL, scanCode=0, metaState=0, flags=0x0, repeatCount=0, eventTime=343044596, downTime=343044596, deviceId=-1, source=0x101 }
12-19 15:15:53.223 13337 13337 I Input   : injectKeyEvent: KeyEvent { action=ACTION_DOWN, keyCode=KEYCODE_DEL, scanCode=0, metaState=0, flags=0x0, repeatCount=0, eventTime=343044599, downTime=343044599, deviceId=-1, source=0x101 }
12-19 15:15:53.225 13337 13337 I Input   : injectKeyEvent: KeyEvent { action=ACTION_UP, keyCode=KEYCODE_DEL, scanCode=0, metaState=0, flags=0x0, repeatCount=0, eventTime=343044599, downTime=343044599, deviceId=-1, source=0x101 }
12-19 15:15:53.227 13337 13337 I Input   : injectKeyEvent: KeyEvent { action=ACTION_DOWN, keyCode=KEYCODE_DEL, scanCode=0, metaState=0, flags=0x0, repeatCount=0, eventTime=343044603, downTime=343044603, deviceId=-1, source=0x101 }
12-19 15:15:53.229 13337 13337 I Input   : injectKeyEvent: KeyEvent { action=ACTION_UP, keyCode=KEYCODE_DEL, scanCode=0, metaState=0, flags=0x0, repeatCount=0, eventTime=343044603, downTime=343044603, deviceId=-1, source=0x101 }
12-19 15:15:53.231 13337 13337 I Input   : injectKeyEvent: KeyEvent { action=ACTION_DOWN, keyCode=KEYCODE_DEL, scanCode=0, metaState=0, flags=0x0, repeatCount=0, eventTime=343044606, downTime=343044606, deviceId=-1, source=0x101 }
12-19 15:15:53.232 13337 13337 I Input   : injectKeyEvent: KeyEvent { action=ACTION_UP, keyCode=KEYCODE_DEL, scanCode=0, metaState=0, flags=0x0, repeatCount=0, eventTime=343044606, downTime=343044606, deviceId=-1, source=0x101 }
12-19 15:15:53.235 13337 13337 I Input   : injectKeyEvent: KeyEvent { action=ACTION_DOWN, keyCode=KEYCODE_DEL, scanCode=0, metaState=0, flags=0x0, repeatCount=0, eventTime=343044611, downTime=343044611, deviceId=-1, source=0x101 }
12-19 15:15:53.236 13337 13337 I Input   : injectKeyEvent: KeyEvent { action=ACTION_UP, keyCode=KEYCODE_DEL, scanCode=0, metaState=0, flags=0x0, repeatCount=0, eventTime=343044611, downTime=343044611, deviceId=-1, source=0x101 }
12-19 15:15:53.238 13337 13337 I Input   : injectKeyEvent: KeyEvent { action=ACTION_DOWN, keyCode=KEYCODE_DEL, scanCode=0, metaState=0, flags=0x0, repeatCount=0, eventTime=343044614, downTime=343044614, deviceId=-1, source=0x101 }
12-19 15:15:53.239 13337 13337 I Input   : injectKeyEvent: KeyEvent { action=ACTION_UP, keyCode=KEYCODE_DEL, scanCode=0, metaState=0, flags=0x0, repeatCount=0, eventTime=343044614, downTime=343044614, deviceId=-1, source=0x101 }
12-19 15:15:53.241 13337 13337 I Input   : injectKeyEvent: KeyEvent { action=ACTION_DOWN, keyCode=KEYCODE_DEL, scanCode=0, metaState=0, flags=0x0, repeatCount=0, eventTime=343044617, downTime=343044617, deviceId=-1, source=0x101 }
12-19 15:15:53.244 13337 13337 I Input   : injectKeyEvent: KeyEvent { action=ACTION_UP, keyCode=KEYCODE_DEL, scanCode=0, metaState=0, flags=0x0, repeatCount=0, eventTime=343044617, downTime=343044617, deviceId=-1, source=0x101 }
12-19 15:15:53.246 13337 13337 I Input   : injectKeyEvent: KeyEvent { action=ACTION_DOWN, keyCode=KEYCODE_DEL, scanCode=0, metaState=0, flags=0x0, repeatCount=0, eventTime=343044622, downTime=343044622, deviceId=-1, source=0x101 }
12-19 15:15:53.247 13337 13337 I Input   : injectKeyEvent: KeyEvent { action=ACTION_UP, keyCode=KEYCODE_DEL, scanCode=0, metaState=0, flags=0x0, repeatCount=0, eventTime=343044622, downTime=343044622, deviceId=-1, source=0x101 }
12-19 15:15:53.249 13337 13337 I Input   : injectKeyEvent: KeyEvent { action=ACTION_DOWN, keyCode=KEYCODE_DEL, scanCode=0, metaState=0, flags=0x0, repeatCount=0, eventTime=343044625, downTime=343044625, deviceId=-1, source=0x101 }
12-19 15:15:53.251 13337 13337 I Input   : injectKeyEvent: KeyEvent { action=ACTION_UP, keyCode=KEYCODE_DEL, scanCode=0, metaState=0, flags=0x0, repeatCount=0, eventTime=343044625, downTime=343044625, deviceId=-1, source=0x101 }
12-19 15:15:53.254 13337 13337 I Input   : injectKeyEvent: KeyEvent { action=ACTION_DOWN, keyCode=KEYCODE_DEL, scanCode=0, metaState=0, flags=0x0, repeatCount=0, eventTime=343044629, downTime=343044629, deviceId=-1, source=0x101 }
12-19 15:15:53.256 13337 13337 I Input   : injectKeyEvent: KeyEvent { action=ACTION_UP, keyCode=KEYCODE_DEL, scanCode=0, metaState=0, flags=0x0, repeatCount=0, eventTime=343044629, downTime=343044629, deviceId=-1, source=0x101 }
12-19 15:15:53.257 13337 13337 I Input   : injectKeyEvent: KeyEvent { action=ACTION_DOWN, keyCode=KEYCODE_DEL, scanCode=0, metaState=0, flags=0x0, repeatCount=0, eventTime=343044633, downTime=343044633, deviceId=-1, source=0x101 }
12-19 15:15:53.259 13337 13337 I Input   : injectKeyEvent: KeyEvent { action=ACTION_UP, keyCode=KEYCODE_DEL, scanCode=0, metaState=0, flags=0x0, repeatCount=0, eventTime=343044633, downTime=343044633, deviceId=-1, source=0x101 }
12-19 15:15:53.261 13337 13337 I Input   : injectKeyEvent: KeyEvent { action=ACTION_DOWN, keyCode=KEYCODE_DEL, scanCode=0, metaState=0, flags=0x0, repeatCount=0, eventTime=343044637, downTime=343044637, deviceId=-1, source=0x101 }
12-19 15:15:53.264 13337 13337 I Input   : injectKeyEvent: KeyEvent { action=ACTION_UP, keyCode=KEYCODE_DEL, scanCode=0, metaState=0, flags=0x0, repeatCount=0, eventTime=343044637, downTime=343044637, deviceId=-1, source=0x101 }
12-19 15:15:53.267 13337 13337 I Input   : injectKeyEvent: KeyEvent { action=ACTION_DOWN, keyCode=KEYCODE_DEL, scanCode=0, metaState=0, flags=0x0, repeatCount=0, eventTime=343044643, downTime=343044643, deviceId=-1, source=0x101 }
12-19 15:15:53.269 13337 13337 I Input   : injectKeyEvent: KeyEvent { action=ACTION_UP, keyCode=KEYCODE_DEL, scanCode=0, metaState=0, flags=0x0, repeatCount=0, eventTime=343044643, downTime=343044643, deviceId=-1, source=0x101 }
12-19 15:15:53.270 13337 13337 I Input   : injectKeyEvent: KeyEvent { action=ACTION_DOWN, keyCode=KEYCODE_DEL, scanCode=0, metaState=0, flags=0x0, repeatCount=0, eventTime=343044646, downTime=343044646, deviceId=-1, source=0x101 }
12-19 15:15:53.272 13337 13337 I Input   : injectKeyEvent: KeyEvent { action=ACTION_UP, keyCode=KEYCODE_DEL, scanCode=0, metaState=0, flags=0x0, repeatCount=0, eventTime=343044646, downTime=343044646, deviceId=-1, source=0x101 }
12-19 15:15:53.275 13337 13337 I Input   : injectKeyEvent: KeyEvent { action=ACTION_DOWN, keyCode=KEYCODE_DEL, scanCode=0, metaState=0, flags=0x0, repeatCount=0, eventTime=343044651, downTime=343044651, deviceId=-1, source=0x101 }
12-19 15:15:53.276 13337 13337 I Input   : injectKeyEvent: KeyEvent { action=ACTION_UP, keyCode=KEYCODE_DEL, scanCode=0, metaState=0, flags=0x0, repeatCount=0, eventTime=343044651, downTime=343044651, deviceId=-1, source=0x101 }
12-19 15:15:53.278 13337 13337 I Input   : injectKeyEvent: KeyEvent { action=ACTION_DOWN, keyCode=KEYCODE_DEL, scanCode=0, metaState=0, flags=0x0, repeatCount=0, eventTime=343044654, downTime=343044654, deviceId=-1, source=0x101 }
12-19 15:15:53.279 13337 13337 I Input   : injectKeyEvent: KeyEvent { action=ACTION_UP, keyCode=KEYCODE_DEL, scanCode=0, metaState=0, flags=0x0, repeatCount=0, eventTime=343044654, downTime=343044654, deviceId=-1, source=0x101 }
12-19 15:15:53.281 13337 13337 I Input   : injectKeyEvent: KeyEvent { action=ACTION_DOWN, keyCode=KEYCODE_DEL, scanCode=0, metaState=0, flags=0x0, repeatCount=0, eventTime=343044657, downTime=343044657, deviceId=-1, source=0x101 }
12-19 15:15:53.283 13337 13337 I Input   : injectKeyEvent: KeyEvent { action=ACTION_UP, keyCode=KEYCODE_DEL, scanCode=0, metaState=0, flags=0x0, repeatCount=0, eventTime=343044657, downTime=343044657, deviceId=-1, source=0x101 }
12-19 15:15:53.285 13337 13337 I Input   : injectKeyEvent: KeyEvent { action=ACTION_DOWN, keyCode=KEYCODE_DEL, scanCode=0, metaState=0, flags=0x0, repeatCount=0, eventTime=343044661, downTime=343044661, deviceId=-1, source=0x101 }
12-19 15:15:53.287 13337 13337 I Input   : injectKeyEvent: KeyEvent { action=ACTION_UP, keyCode=KEYCODE_DEL, scanCode=0, metaState=0, flags=0x0, repeatCount=0, eventTime=343044661, downTime=343044661, deviceId=-1, source=0x101 }
12-19 15:15:53.289 13337 13337 I Input   : injectKeyEvent: KeyEvent { action=ACTION_DOWN, keyCode=KEYCODE_DEL, scanCode=0, metaState=0, flags=0x0, repeatCount=0, eventTime=343044665, downTime=343044665, deviceId=-1, source=0x101 }
12-19 15:15:53.290 13337 13337 I Input   : injectKeyEvent: KeyEvent { action=ACTION_UP, keyCode=KEYCODE_DEL, scanCode=0, metaState=0, flags=0x0, repeatCount=0, eventTime=343044665, downTime=343044665, deviceId=-1, source=0x101 }
12-19 15:15:53.292 13337 13337 I Input   : injectKeyEvent: KeyEvent { action=ACTION_DOWN, keyCode=KEYCODE_DEL, scanCode=0, metaState=0, flags=0x0, repeatCount=0, eventTime=343044668, downTime=343044668, deviceId=-1, source=0x101 }
12-19 15:15:53.294 13337 13337 I Input   : injectKeyEvent: KeyEvent { action=ACTION_UP, keyCode=KEYCODE_DEL, scanCode=0, metaState=0, flags=0x0, repeatCount=0, eventTime=343044668, downTime=343044668, deviceId=-1, source=0x101 }
12-19 15:15:53.296 13337 13337 I Input   : injectKeyEvent: KeyEvent { action=ACTION_DOWN, keyCode=KEYCODE_DEL, scanCode=0, metaState=0, flags=0x0, repeatCount=0, eventTime=343044672, downTime=343044672, deviceId=-1, source=0x101 }
12-19 15:15:53.298 13337 13337 I Input   : injectKeyEvent: KeyEvent { action=ACTION_UP, keyCode=KEYCODE_DEL, scanCode=0, metaState=0, flags=0x0, repeatCount=0, eventTime=343044672, downTime=343044672, deviceId=-1, source=0x101 }
12-19 15:15:53.299 13337 13337 I Input   : injectKeyEvent: KeyEvent { action=ACTION_DOWN, keyCode=KEYCODE_DEL, scanCode=0, metaState=0, flags=0x0, repeatCount=0, eventTime=343044675, downTime=343044675, deviceId=-1, source=0x101 }
12-19 15:15:53.301 13337 13337 I Input   : injectKeyEvent: KeyEvent { action=ACTION_UP, keyCode=KEYCODE_DEL, scanCode=0, metaState=0, flags=0x0, repeatCount=0, eventTime=343044675, downTime=343044675, deviceId=-1, source=0x101 }
12-19 15:15:53.303 13337 13337 I Input   : injectKeyEvent: KeyEvent { action=ACTION_DOWN, keyCode=KEYCODE_DEL, scanCode=0, metaState=0, flags=0x0, repeatCount=0, eventTime=343044679, downTime=343044679, deviceId=-1, source=0x101 }
12-19 15:15:53.304 13337 13337 I Input   : injectKeyEvent: KeyEvent { action=ACTION_UP, keyCode=KEYCODE_DEL, scanCode=0, metaState=0, flags=0x0, repeatCount=0, eventTime=343044679, downTime=343044679, deviceId=-1, source=0x101 }
12-19 15:15:53.307 13337 13337 I Input   : injectKeyEvent: KeyEvent { action=ACTION_DOWN, keyCode=KEYCODE_DEL, scanCode=0, metaState=0, flags=0x0, repeatCount=0, eventTime=343044683, downTime=343044683, deviceId=-1, source=0x101 }
12-19 15:15:53.310 13337 13337 I Input   : injectKeyEvent: KeyEvent { action=ACTION_UP, keyCode=KEYCODE_DEL, scanCode=0, metaState=0, flags=0x0, repeatCount=0, eventTime=343044683, downTime=343044683, deviceId=-1, source=0x101 }
12-19 15:15:53.312 13337 13337 I Input   : injectKeyEvent: KeyEvent { action=ACTION_DOWN, keyCode=KEYCODE_DEL, scanCode=0, metaState=0, flags=0x0, repeatCount=0, eventTime=343044688, downTime=343044688, deviceId=-1, source=0x101 }
12-19 15:15:53.315 13337 13337 I Input   : injectKeyEvent: KeyEvent { action=ACTION_UP, keyCode=KEYCODE_DEL, scanCode=0, metaState=0, flags=0x0, repeatCount=0, eventTime=343044688, downTime=343044688, deviceId=-1, source=0x101 }
12-19 15:15:53.317 13337 13337 I Input   : injectKeyEvent: KeyEvent { action=ACTION_DOWN, keyCode=KEYCODE_DEL, scanCode=0, metaState=0, flags=0x0, repeatCount=0, eventTime=343044693, downTime=343044693, deviceId=-1, source=0x101 }
12-19 15:15:53.319 13337 13337 I Input   : injectKeyEvent: KeyEvent { action=ACTION_UP, keyCode=KEYCODE_DEL, scanCode=0, metaState=0, flags=0x0, repeatCount=0, eventTime=343044693, downTime=343044693, deviceId=-1, source=0x101 }
12-19 15:15:53.321 13337 13337 I Input   : injectKeyEvent: KeyEvent { action=ACTION_DOWN, keyCode=KEYCODE_DEL, scanCode=0, metaState=0, flags=0x0, repeatCount=0, eventTime=343044697, downTime=343044697, deviceId=-1, source=0x101 }
12-19 15:15:53.323 13337 13337 I Input   : injectKeyEvent: KeyEvent { action=ACTION_UP, keyCode=KEYCODE_DEL, scanCode=0, metaState=0, flags=0x0, repeatCount=0, eventTime=343044697, downTime=343044697, deviceId=-1, source=0x101 }
12-19 15:15:53.325 13337 13337 I Input   : injectKeyEvent: KeyEvent { action=ACTION_DOWN, keyCode=KEYCODE_DEL, scanCode=0, metaState=0, flags=0x0, repeatCount=0, eventTime=343044701, downTime=343044701, deviceId=-1, source=0x101 }
12-19 15:15:53.327 13337 13337 I Input   : injectKeyEvent: KeyEvent { action=ACTION_UP, keyCode=KEYCODE_DEL, scanCode=0, metaState=0, flags=0x0, repeatCount=0, eventTime=343044701, downTime=343044701, deviceId=-1, source=0x101 }
12-19 15:15:53.329 13337 13337 I Input   : injectKeyEvent: KeyEvent { action=ACTION_DOWN, keyCode=KEYCODE_DEL, scanCode=0, metaState=0, flags=0x0, repeatCount=0, eventTime=343044705, downTime=343044705, deviceId=-1, source=0x101 }
12-19 15:15:53.331 13337 13337 I Input   : injectKeyEvent: KeyEvent { action=ACTION_UP, keyCode=KEYCODE_DEL, scanCode=0, metaState=0, flags=0x0, repeatCount=0, eventTime=343044705, downTime=343044705, deviceId=-1, source=0x101 }
12-19 15:15:53.333 13337 13337 D AndroidRuntime: Shutting down VM
12-19 15:15:53.476 13347 13347 D AndroidRuntime: >>>>>> START com.android.internal.os.RuntimeInit uid 2000 <<<<<<
12-19 15:15:53.477 13347 13347 D AndroidRuntime: CheckJNI is ON
12-19 15:15:53.492 13347 13347 W art     : Unexpected CPU variant for X86 using defaults: x86_64
12-19 15:15:53.496 13347 13347 D ICU     : No timezone override file found: /data/misc/zoneinfo/current/icu/icu_tzdata.dat
12-19 15:15:53.510 13347 13347 E memtrack: Couldn't load memtrack module (No such file or directory)
12-19 15:15:53.510 13347 13347 E android.os.Debug: failed to load memtrack module: -2
12-19 15:15:53.510 13347 13347 I Radio-JNI: register_android_hardware_Radio DONE
12-19 15:15:53.517 13347 13347 D AndroidRuntime: Calling main entry com.android.commands.input.Input
12-19 15:15:53.520 13347 13347 I Input   : injectKeyEvent: KeyEvent { action=ACTION_DOWN, keyCode=KEYCODE_SHIFT_LEFT, scanCode=0, metaState=META_SHIFT_ON|META_SHIFT_LEFT_ON, flags=0x0, repeatCount=0, eventTime=343044896, downTime=343044896, deviceId=-1, source=0x101 }
12-19 15:15:53.522 13347 13347 I Input   : injectKeyEvent: KeyEvent { action=ACTION_DOWN, keyCode=KEYCODE_T, scanCode=0, metaState=META_SHIFT_ON|META_SHIFT_LEFT_ON, flags=0x0, repeatCount=0, eventTime=343044896, downTime=343044896, deviceId=-1, source=0x101 }
12-19 15:15:53.525 13347 13347 I Input   : injectKeyEvent: KeyEvent { action=ACTION_UP, keyCode=KEYCODE_T, scanCode=0, metaState=META_SHIFT_ON|META_SHIFT_LEFT_ON, flags=0x0, repeatCount=0, eventTime=343044896, downTime=343044896, deviceId=-1, source=0x101 }
12-19 15:15:53.527 13347 13347 I Input   : injectKeyEvent: KeyEvent { action=ACTION_UP, keyCode=KEYCODE_SHIFT_LEFT, scanCode=0, metaState=0, flags=0x0, repeatCount=0, eventTime=343044896, downTime=343044896, deviceId=-1, source=0x101 }
12-19 15:15:53.529 13347 13347 I Input   : injectKeyEvent: KeyEvent { action=ACTION_DOWN, keyCode=KEYCODE_E, scanCode=0, metaState=0, flags=0x0, repeatCount=0, eventTime=343044896, downTime=343044896, deviceId=-1, source=0x101 }
12-19 15:15:53.532 13347 13347 I Input   : injectKeyEvent: KeyEvent { action=ACTION_UP, keyCode=KEYCODE_E, scanCode=0, metaState=0, flags=0x0, repeatCount=0, eventTime=343044896, downTime=343044896, deviceId=-1, source=0x101 }
12-19 15:15:53.534 13347 13347 I Input   : injectKeyEvent: KeyEvent { action=ACTION_DOWN, keyCode=KEYCODE_S, scanCode=0, metaState=0, flags=0x0, repeatCount=0, eventTime=343044896, downTime=343044896, deviceId=-1, source=0x101 }
12-19 15:15:53.536 13347 13347 I Input   : injectKeyEvent: KeyEvent { action=ACTION_UP, keyCode=KEYCODE_S, scanCode=0, metaState=0, flags=0x0, repeatCount=0, eventTime=343044896, downTime=343044896, deviceId=-1, source=0x101 }
12-19 15:15:53.538 13347 13347 I Input   : injectKeyEvent: KeyEvent { action=ACTION_DOWN, keyCode=KEYCODE_T, scanCode=0, metaState=0, flags=0x0, repeatCount=0, eventTime=343044896, downTime=343044896, deviceId=-1, source=0x101 }
12-19 15:15:53.540 13347 13347 I Input   : injectKeyEvent: KeyEvent { action=ACTION_UP, keyCode=KEYCODE_T, scanCode=0, metaState=0, flags=0x0, repeatCount=0, eventTime=343044896, downTime=343044896, deviceId=-1, source=0x101 }
12-19 15:15:53.542 13347 13347 I Input   : injectKeyEvent: KeyEvent { action=ACTION_DOWN, keyCode=KEYCODE_SHIFT_LEFT, scanCode=0, metaState=META_SHIFT_ON|META_SHIFT_LEFT_ON, flags=0x0, repeatCount=0, eventTime=343044896, downTime=343044896, deviceId=-1, source=0x101 }
12-19 15:15:53.544 13347 13347 I Input   : injectKeyEvent: KeyEvent { action=ACTION_DOWN, keyCode=KEYCODE_T, scanCode=0, metaState=META_SHIFT_ON|META_SHIFT_LEFT_ON, flags=0x0, repeatCount=0, eventTime=343044896, downTime=343044896, deviceId=-1, source=0x101 }
12-19 15:15:53.547 13347 13347 I Input   : injectKeyEvent: KeyEvent { action=ACTION_UP, keyCode=KEYCODE_T, scanCode=0, metaState=META_SHIFT_ON|META_SHIFT_LEFT_ON, flags=0x0, repeatCount=0, eventTime=343044896, downTime=343044896, deviceId=-1, source=0x101 }
12-19 15:15:53.549 13347 13347 I Input   : injectKeyEvent: KeyEvent { action=ACTION_UP, keyCode=KEYCODE_SHIFT_LEFT, scanCode=0, metaState=0, flags=0x0, repeatCount=0, eventTime=343044896, downTime=343044896, deviceId=-1, source=0x101 }
12-19 15:15:53.551 13347 13347 I Input   : injectKeyEvent: KeyEvent { action=ACTION_DOWN, keyCode=KEYCODE_E, scanCode=0, metaState=0, flags=0x0, repeatCount=0, eventTime=343044896, downTime=343044896, deviceId=-1, source=0x101 }
12-19 15:15:53.553 13347 13347 I Input   : injectKeyEvent: KeyEvent { action=ACTION_UP, keyCode=KEYCODE_E, scanCode=0, metaState=0, flags=0x0, repeatCount=0, eventTime=343044896, downTime=343044896, deviceId=-1, source=0x101 }
12-19 15:15:53.555 13347 13347 I Input   : injectKeyEvent: KeyEvent { action=ACTION_DOWN, keyCode=KEYCODE_S, scanCode=0, metaState=0, flags=0x0, repeatCount=0, eventTime=343044896, downTime=343044896, deviceId=-1, source=0x101 }
12-19 15:15:53.557 13347 13347 I Input   : injectKeyEvent: KeyEvent { action=ACTION_UP, keyCode=KEYCODE_S, scanCode=0, metaState=0, flags=0x0, repeatCount=0, eventTime=343044896, downTime=343044896, deviceId=-1, source=0x101 }
12-19 15:15:53.559 13347 13347 I Input   : injectKeyEvent: KeyEvent { action=ACTION_DOWN, keyCode=KEYCODE_T, scanCode=0, metaState=0, flags=0x0, repeatCount=0, eventTime=343044896, downTime=343044896, deviceId=-1, source=0x101 }
12-19 15:15:53.566 13347 13347 I Input   : injectKeyEvent: KeyEvent { action=ACTION_UP, keyCode=KEYCODE_T, scanCode=0, metaState=0, flags=0x0, repeatCount=0, eventTime=343044896, downTime=343044896, deviceId=-1, source=0x101 }
12-19 15:15:53.569 13347 13347 I Input   : injectKeyEvent: KeyEvent { action=ACTION_DOWN, keyCode=KEYCODE_SPACE, scanCode=0, metaState=0, flags=0x0, repeatCount=0, eventTime=343044896, downTime=343044896, deviceId=-1, source=0x101 }
12-19 15:15:53.572 13347 13347 I Input   : injectKeyEvent: KeyEvent { action=ACTION_UP, keyCode=KEYCODE_SPACE, scanCode=0, metaState=0, flags=0x0, repeatCount=0, eventTime=343044896, downTime=343044896, deviceId=-1, source=0x101 }
12-19 15:15:53.575 13347 13347 I Input   : injectKeyEvent: KeyEvent { action=ACTION_DOWN, keyCode=KEYCODE_SHIFT_LEFT, scanCode=0, metaState=META_SHIFT_ON|META_SHIFT_LEFT_ON, flags=0x0, repeatCount=0, eventTime=343044896, downTime=343044896, deviceId=-1, source=0x101 }
12-19 15:15:53.580 13347 13347 I Input   : injectKeyEvent: KeyEvent { action=ACTION_DOWN, keyCode=KEYCODE_T, scanCode=0, metaState=META_SHIFT_ON|META_SHIFT_LEFT_ON, flags=0x0, repeatCount=0, eventTime=343044896, downTime=343044896, deviceId=-1, source=0x101 }
12-19 15:15:53.582 13347 13347 I Input   : injectKeyEvent: KeyEvent { action=ACTION_UP, keyCode=KEYCODE_T, scanCode=0, metaState=META_SHIFT_ON|META_SHIFT_LEFT_ON, flags=0x0, repeatCount=0, eventTime=343044896, downTime=343044896, deviceId=-1, source=0x101 }
12-19 15:15:53.584 13347 13347 I Input   : injectKeyEvent: KeyEvent { action=ACTION_UP, keyCode=KEYCODE_SHIFT_LEFT, scanCode=0, metaState=0, flags=0x0, repeatCount=0, eventTime=343044896, downTime=343044896, deviceId=-1, source=0x101 }
12-19 15:15:53.586 13347 13347 I Input   : injectKeyEvent: KeyEvent { action=ACTION_DOWN, keyCode=KEYCODE_E, scanCode=0, metaState=0, flags=0x0, repeatCount=0, eventTime=343044896, downTime=343044896, deviceId=-1, source=0x101 }
