--------- beginning of system
12-19 15:13:46.392 12090 12090 W ContextImpl: Calling a method in the system process without a qualified user: android.app.ContextImpl.startService:1385 android.content.ContextWrapper.startService:613 android.content.ContextWrapper.startService:613 com.android.keychain.KeyChainBroadcastReceiver.onReceive:12 android.app.ActivityThread.handleReceiver:3011 
--------- beginning of main
12-19 15:13:46.454 18251 12109 D VoicemailCleanupService: Cleaning up data for package: com.vrem.wifianalyzer.BETA
12-19 15:13:46.660 12131 12131 W art     : Unexpected CPU variant for X86 using defaults: x86
12-19 15:13:46.681  1677  3601 W ActivityManager: Slow operation: 121ms so far, now at startProcess: returned from zygote!
12-19 15:13:46.682  1677  3601 W ActivityManager: Slow operation: 122ms so far, now at startProcess: done updating battery stats
12-19 15:13:46.682  1677  3601 W ActivityManager: Slow operation: 122ms so far, now at startProcess: building log message
12-19 15:13:46.683  1677  3601 I ActivityManager: Start proc 12131:com.google.android.googlequicksearchbox:search/u0a28 for broadcast com.google.android.googlequicksearchbox/com.google.android.apps.gsa.search.core.icingsync.IcingCorporaChangedReceiver
12-19 15:13:46.683  1677  3601 W ActivityManager: Slow operation: 123ms so far, now at startProcess: starting to update pids map
12-19 15:13:46.683  1677  3601 W ActivityManager: Slow operation: 123ms so far, now at startProcess: done updating pids map
12-19 15:13:46.684  1677  3601 W ActivityManager: Slow operation: 125ms so far, now at startProcess: done starting proc!
12-19 15:13:46.712  1811 12121 I Fitness : FitCleanupIntentOperation received Intent android.intent.action.PACKAGE_REMOVED [CONTEXT service_id=17 ]
12-19 15:13:46.861 17542 30529 I Icing   : doRemovePackageData com.vrem.wifianalyzer.BETA
12-19 15:13:46.917 17542 18018 I Icing   : IndexChimeraService.getServiceInterface callingPackage=com.google.android.gms componentName=AppsCorpus serviceId=36
12-19 15:13:46.920 17542 19679 I ContentMaintenance: Internal cache bytes used: 0; limit: 40626585; download size: 0
12-19 15:13:47.000 17542 30529 W Icing   : No valid account for uploading user actions
12-19 15:13:47.036 17542 19679 I RealtimeCacheCleanup: Beginning Realtime garbage collection.
12-19 15:13:47.038 17542 19679 I RealtimeCacheCleanup: Finished Realtime garbage collection.
12-19 15:13:47.061  1811  1822 I art     : Background partial concurrent mark sweep GC freed 58683(3MB) AllocSpace objects, 16(560KB) LOS objects, 20% free, 15MB/19MB, paused 5.826ms total 102.203ms
12-19 15:13:47.070 17542 30529 I Icing   : Usage reports ok 0, Failed Usage reports 0, indexed 0, rejected 0
12-19 15:13:47.071 17542 18194 I Icing   : IndexChimeraService.getServiceInterface callingPackage=com.google.android.gms componentName=null serviceId=30
12-19 15:13:47.081 17542 18018 I Icing   : IndexChimeraService.getServiceInterface callingPackage=com.google.android.gms componentName=null serviceId=36
12-19 15:13:47.109 17542 30529 W Icing   : No valid account for uploading user actions
12-19 15:13:47.136 17542 30529 I Icing   : Usage reports ok 0, Failed Usage reports 0, indexed 0, rejected 0
12-19 15:13:47.137 17542 30529 I Icing   : Indexing com.google.android.gms-apps from com.google.android.gms
12-19 15:13:47.150 17542 30529 W Icing   : No valid account for uploading user actions
12-19 15:13:47.174 17542 30529 I Icing   : Usage reports ok 0, Failed Usage reports 0, indexed 0, rejected 0
12-19 15:13:47.178 17542 30529 I Icing   : Indexing done com.google.android.gms-apps
12-19 15:13:47.506 12157 12157 D AndroidRuntime: >>>>>> START com.android.internal.os.RuntimeInit uid 2000 <<<<<<
12-19 15:13:47.512 12157 12157 D AndroidRuntime: CheckJNI is ON
12-19 15:13:47.567 12157 12157 W art     : Unexpected CPU variant for X86 using defaults: x86_64
12-19 15:13:47.577 12157 12157 D ICU     : No timezone override file found: /data/misc/zoneinfo/current/icu/icu_tzdata.dat
12-19 15:13:47.627 12157 12157 E memtrack: Couldn't load memtrack module (No such file or directory)
12-19 15:13:47.627 12157 12157 E android.os.Debug: failed to load memtrack module: -2
12-19 15:13:47.629 12157 12157 I Radio-JNI: register_android_hardware_Radio DONE
12-19 15:13:47.637 12166 12166 W art     : Unexpected CPU variant for X86 using defaults: x86_64
12-19 15:13:47.654  1677  3601 I ActivityManager: Start proc 12166:com.android.documentsui/u0a10 for broadcast com.android.documentsui/.PackageReceiver
12-19 15:13:47.654 12157 12157 D AndroidRuntime: Calling main entry com.android.commands.pm.Pm
12-19 15:13:47.670  1677  1703 I PackageManager: Package doesn't exist in get block uninstall fr.free.nrw.commons.debug
12-19 15:13:47.671  1677  1703 W PackageManager: Not removing non-existent package fr.free.nrw.commons.debug
12-19 15:13:47.677 12157 12179 W MessageQueue: Handler (android.os.Handler) {eeba01} sending message to a Handler on a dead thread
12-19 15:13:47.677 12157 12179 W MessageQueue: java.lang.IllegalStateException: Handler (android.os.Handler) {eeba01} sending message to a Handler on a dead thread
12-19 15:13:47.677 12157 12179 W MessageQueue: 	at android.os.MessageQueue.enqueueMessage(MessageQueue.java:543)
12-19 15:13:47.677 12157 12179 W MessageQueue: 	at android.os.Handler.enqueueMessage(Handler.java:643)
12-19 15:13:47.677 12157 12179 W MessageQueue: 	at android.os.Handler.sendMessageAtTime(Handler.java:612)
12-19 15:13:47.677 12157 12179 W MessageQueue: 	at android.os.Handler.sendMessageDelayed(Handler.java:582)
12-19 15:13:47.677 12157 12179 W MessageQueue: 	at android.os.Handler.post(Handler.java:338)
12-19 15:13:47.677 12157 12179 W MessageQueue: 	at android.os.ResultReceiver$MyResultReceiver.send(ResultReceiver.java:57)
12-19 15:13:47.677 12157 12179 W MessageQueue: 	at com.android.internal.os.IResultReceiver$Stub.onTransact(IResultReceiver.java:58)
12-19 15:13:47.677 12157 12179 W MessageQueue: 	at android.os.Binder.execTransact(Binder.java:565)
12-19 15:13:47.680 12157 12157 I art     : System.exit called, status: 0
12-19 15:13:47.680 12157 12157 I AndroidRuntime: VM exiting with result code 0.
12-19 15:13:47.690 12166 12166 W System  : ClassLoader referenced unknown path: /system/priv-app/DocumentsUI/lib/x86_64
12-19 15:13:47.778  1430  1430 I         : free_cache(23839504) avail 589045760
12-19 15:13:47.797 12166 12175 W art     : Suspending all threads took: 5.371ms
12-19 15:13:48.077 12131 12165 I UpdateIcingCorporaServi: Updating corpora: APPS=com.vrem.wifianalyzer.BETA, CONTACTS=MAYBE
12-19 15:13:48.279 17542 18018 I Icing   : IndexChimeraService.getServiceInterface callingPackage=com.google.android.googlequicksearchbox componentName=null serviceId=36
12-19 15:13:48.307 17542 30529 W Icing   : No valid account for uploading user actions
12-19 15:13:48.330 17542 30529 I Icing   : Usage reports ok 0, Failed Usage reports 0, indexed 0, rejected 0
12-19 15:13:48.372 12131 12165 I UpdateIcingCorporaServi: UpdateCorporaTask done [took 291 ms] updated apps [took 291 ms] 
12-19 15:13:48.378 17542 30529 I Icing   : Indexing com.google.android.googlequicksearchbox-applications_uri from com.google.android.googlequicksearchbox
12-19 15:13:48.477 17542 30529 I Icing   : Indexing done com.google.android.googlequicksearchbox-applications_uri
12-19 15:13:49.348  1677  1703 I PackageManager.DexOptimizer: Running dexopt (dex2oat) on: /data/app/vmdl913378397.tmp/base.apk pkg=fr.free.nrw.commons.debug isa=x86_64 vmSafeMode=false debuggable=true target-filter=interpret-only oatDir = /data/app/vmdl913378397.tmp/oat sharedLibraries=null
12-19 15:13:49.387 12205 12205 W dex2oat : Unexpected CPU variant for X86 using defaults: x86_64
12-19 15:13:49.389 12205 12205 I dex2oat : /system/bin/dex2oat --compiler-filter=interpret-only --debuggable
12-19 15:13:50.224 12205 12208 W dex2oat : Before Android 4.1, method int android.support.v7.widget.DropDownListView.lookForSelectablePosition(int, boolean) would have incorrectly overridden the package-private method in android.widget.ListView
12-19 15:13:50.500 12205 12205 W dex2oat : Before Android 4.1, method int android.support.v7.widget.MenuPopupWindow$MenuDropDownListView.lookForSelectablePosition(int, boolean) would have incorrectly overridden the package-private method in android.widget.ListView
12-19 15:13:50.663 12205 12207 W dex2oat : Before Android 4.1, method android.graphics.PorterDuffColorFilter android.support.graphics.drawable.VectorDrawableCompat.updateTintFilter(android.graphics.PorterDuffColorFilter, android.content.res.ColorStateList, android.graphics.PorterDuff$Mode) would have incorrectly overridden the package-private method in android.graphics.drawable.Drawable
12-19 15:14:02.409 12205 12205 I dex2oat : dex2oat took 13.022s (threads: 4) arena alloc=5KB (6056B) java alloc=19MB (20849432B) native alloc=15MB (16543216B) free=3MB (3904016B)
12-19 15:14:02.488  1677  1703 W PackageManager: Not granting permission android.permission.MANAGE_DOCUMENTS to package fr.free.nrw.commons.debug (protectionLevel=2 flags=0x3848be46)
12-19 15:14:02.488  1677  1703 W PackageManager: Unknown permission com.google.android.apps.photos.permission.GOOGLE_PHOTOS in package fr.free.nrw.commons.debug
12-19 15:14:02.488  1677  1703 W PackageManager: Not granting permission android.permission.READ_LOGS to package fr.free.nrw.commons.debug (protectionLevel=50 flags=0x3848be46)
12-19 15:14:02.539  1677  1703 V BackupManagerService: restoreAtInstall pkg=fr.free.nrw.commons.debug token=27 restoreSet=0
12-19 15:14:02.540  1677  1703 V BackupManagerService: Finishing install immediately
12-19 15:14:02.553  1677  1703 I art     : Starting a blocking GC Explicit
12-19 15:14:02.598  1677  1703 I art     : Explicit concurrent mark sweep GC freed 33058(1966KB) AllocSpace objects, 11(268KB) LOS objects, 19% free, 16MB/20MB, paused 1.297ms total 44.239ms
12-19 15:14:02.599  1430  1430 E         : Couldn't opendir /data/app/vmdl913378397.tmp: No such file or directory
12-19 15:14:02.620  1677  1717 I InputReader: Reconfiguring input devices.  changes=0x00000010
12-19 15:14:02.658  1677  1690 W InputMethodInfo: Duplicated subtype definition found: , voice
12-19 15:14:02.682  1950  1950 D CarrierSvcBindHelper: No carrier app for: 0
12-19 15:14:02.686  1950  1950 D CarrierConfigLoader: mHandler: 9 phoneId: 0
12-19 15:14:02.831  1811 12222 W GCM     : Unexpected forwarded intent: Intent { act=android.intent.action.PACKAGE_ADDED dat=package:fr.free.nrw.commons.debug flg=0x4000010 cmp=com.google.android.gms/.chimera.PersistentIntentOperationService (has extras) }
12-19 15:14:02.848  1811 12223 W GCM     : Unexpected forwarded intent: Intent { act=android.intent.action.PACKAGE_ADDED dat=package:fr.free.nrw.commons.debug flg=0x4000010 cmp=com.google.android.gms/.chimera.PersistentIntentOperationService (has extras) }
12-19 15:14:02.891 17542 12229 I Auth    : [SupervisedAccountIntentOperation] onHandleIntent(): android.intent.action.PACKAGE_ADDED
12-19 15:14:02.987  1677  2928 W ActivityManager: Slow operation: 70ms so far, now at startProcess: returned from zygote!
12-19 15:14:02.987  1677  2928 W ActivityManager: Slow operation: 70ms so far, now at startProcess: done updating battery stats
12-19 15:14:02.987  1677  2928 W ActivityManager: Slow operation: 70ms so far, now at startProcess: building log message
12-19 15:14:02.988  1677  2928 I ActivityManager: Start proc 12233:com.google.android.partnersetup/u0a19 for broadcast com.google.android.partnersetup/.RlzPingBroadcastReceiver
12-19 15:14:02.989  1677  2928 W ActivityManager: Slow operation: 71ms so far, now at startProcess: starting to update pids map
12-19 15:14:02.989 12233 12233 W art     : Unexpected CPU variant for X86 using defaults: x86_64
12-19 15:14:02.989  1677  2928 W ActivityManager: Slow operation: 72ms so far, now at startProcess: done updating pids map
12-19 15:14:02.989  1677  2928 W ActivityManager: Slow operation: 73ms so far, now at startProcess: done starting proc!
12-19 15:14:02.993 12131 12231 I UpdateIcingCorporaServi: Updating corpora: APPS=fr.free.nrw.commons.debug, CONTACTS=MAYBE
12-19 15:14:03.021 17542 12220 I ChromeSync: [Sync,SyncIntentOperation] Handling the intent: Intent { act=android.intent.action.PACKAGE_ADDED dat=package:fr.free.nrw.commons.debug flg=0x4000010 cmp=com.google.android.gms/.chimera.GmsIntentOperationService (has extras) }.
12-19 15:14:03.049  1677  2235 W ActivityManager: Unable to start service Intent { act=com.google.android.gms.auth.key.retrieval.service.START pkg=com.google.android.gms } U=0: not found
12-19 15:14:03.053 12233 12233 W System  : ClassLoader referenced unknown path: /system/priv-app/GooglePartnerSetup/lib/x86_64
12-19 15:14:03.059  1677  1689 W ActivityManager: Unbind failed: could not find connection for android.os.BinderProxy@b850f5c
12-19 15:14:03.076 17542 17733 E GmsClient: unable to connect to service: com.google.android.gms.auth.key.retrieval.service.START on com.google.android.gms
12-19 15:14:03.102 17542 12228 I FontLog : Package fr.free.nrw.commons.debug has no metadata [CONTEXT service_id=132 ]
12-19 15:14:03.179 17542 12220 I ChromeSync: [Persistence,AffiliationManager] One of affiliation or grouping data for android://sjaf-sMeDAg3eOHBpmFYh7W6X7_adwp93lzm4D-l-Q_WwZFPec-BNax100ej5lRI6ShX78VDocfVee9T6j0omA==@fr.free.nrw.commons.debug/ was not found. Marking affiliation data as stale...
12-19 15:14:03.291 17542 18018 I Icing   : IndexChimeraService.getServiceInterface callingPackage=com.google.android.googlequicksearchbox componentName=null serviceId=36
12-19 15:14:03.370 17542 12248 I ChimeraConfigurator: Starting update, reason: 4 urgentFeatures: pay:-1
12-19 15:14:03.370 17542 12248 I ChmraDebugLogger: [80] null
12-19 15:14:03.405 17542 18194 I Icing   : IndexChimeraService.getServiceInterface callingPackage=com.google.android.gms componentName=AppsCorpus serviceId=36
12-19 15:14:03.406 12216 12216 D AndroidRuntime: >>>>>> START com.android.internal.os.RuntimeInit uid 2000 <<<<<<
12-19 15:14:03.410 12216 12216 D AndroidRuntime: CheckJNI is ON
12-19 15:14:03.417 17542 17585 W Icing   : No valid account for uploading user actions
12-19 15:14:03.494 12216 12216 W art     : Unexpected CPU variant for X86 using defaults: x86_64
12-19 15:14:03.499 17542 17553 I art     : Background partial concurrent mark sweep GC freed 16760(1091KB) AllocSpace objects, 3(60KB) LOS objects, 21% free, 14MB/18MB, paused 2.034ms total 129.826ms
12-19 15:14:03.501 17542 18435 I Icing   : IndexChimeraService.getServiceInterface callingPackage=com.google.android.gms componentName=null serviceId=30
12-19 15:14:03.510 17542 17585 I Icing   : Usage reports ok 0, Failed Usage reports 0, indexed 0, rejected 0
12-19 15:14:03.515 12216 12216 D ICU     : No timezone override file found: /data/misc/zoneinfo/current/icu/icu_tzdata.dat
12-19 15:14:03.521 12131 12231 I UpdateIcingCorporaServi: UpdateCorporaTask done [took 524 ms] updated apps [took 524 ms] 
12-19 15:14:03.535 17542 17585 W Icing   : No valid account for uploading user actions
12-19 15:14:03.562 17542 17585 I Icing   : Usage reports ok 0, Failed Usage reports 0, indexed 0, rejected 0
12-19 15:14:03.579 17542 18018 I Icing   : IndexChimeraService.getServiceInterface callingPackage=com.google.android.gms componentName=null serviceId=36
12-19 15:14:03.583 17542 17585 W Icing   : No valid account for uploading user actions
12-19 15:14:03.638 17542 17585 I Icing   : Usage reports ok 0, Failed Usage reports 0, indexed 0, rejected 0
12-19 15:14:03.649 17542 17585 I Icing   : Indexing com.google.android.gms-internal.3p:MobileApplication from com.google.android.gms using seqno 123
12-19 15:14:03.664 12216 12216 E memtrack: Couldn't load memtrack module (No such file or directory)
12-19 15:14:03.665 12216 12216 E android.os.Debug: failed to load memtrack module: -2
12-19 15:14:03.672 12216 12216 I Radio-JNI: register_android_hardware_Radio DONE
12-19 15:14:03.698 17542 17585 W Icing   : No valid account for uploading user actions
12-19 15:14:03.711 17542 17585 I Icing   : Usage reports ok 0, Failed Usage reports 0, indexed 0, rejected 0
12-19 15:14:03.712 17542 17585 I Icing   : Indexing com.google.android.googlequicksearchbox-applications_uri from com.google.android.googlequicksearchbox
12-19 15:14:03.720 12216 12216 D AndroidRuntime: Calling main entry com.android.commands.monkey.Monkey
12-19 15:14:03.763 17542 17585 I Icing   : Indexing com.google.android.gms-apps from com.google.android.gms
12-19 15:14:03.787  1677  1691 W BroadcastQueue: Skipping deliver [background] BroadcastRecord{24871a7 u-1 android.net.conn.CONNECTIVITY_CHANGE} to ReceiverList{9a37654 12216 (unknown name)/2000/u-1 remote:c3422c1}: process crashing
12-19 15:14:03.818  1677  3602 I ActivityManager: START u0 {act=android.intent.action.MAIN cat=[android.intent.category.LAUNCHER] flg=0x10200000 cmp=fr.free.nrw.commons.debug/fr.free.nrw.commons.auth.LoginActivity} from uid 2000 on display 0
12-19 15:14:03.834 17542 17585 I Icing   : Indexing done com.google.android.googlequicksearchbox-applications_uri
12-19 15:14:03.840 17542 17585 I Icing   : Indexing done com.google.android.gms-apps
12-19 15:14:03.895  1352  1667 D gralloc_ranchu: gralloc_alloc: Creating ashmem region of size 8294400
12-19 15:14:03.900  1677  2634 I ActivityManager: Start proc 12262:fr.free.nrw.commons.debug/u0a116 for activity fr.free.nrw.commons.debug/fr.free.nrw.commons.auth.LoginActivity
12-19 15:14:03.902 12262 12262 I art     : Not late-enabling -Xcheck:jni (already on)
12-19 15:14:03.903 12262 12262 W art     : Unexpected CPU variant for X86 using defaults: x86_64
12-19 15:14:03.921 12216 12216 I art     : System.exit called, status: 0
12-19 15:14:03.921 12216 12216 I AndroidRuntime: VM exiting with result code 0.
12-19 15:14:03.982 12262 12262 W System.err: java.io.FileNotFoundException: /jacoco.exec (Read-only file system)
12-19 15:14:03.984 12262 12262 W System.err: 	at java.io.FileOutputStream.open(Native Method)
12-19 15:14:03.985 12262 12262 W System.err: 	at java.io.FileOutputStream.<init>(FileOutputStream.java:221)
12-19 15:14:03.985 12262 12262 W System.err: 	at org.jacoco.agent.rt.internal_773e439.output.FileOutput.openFile(FileOutput.java:67)
12-19 15:14:03.985 12262 12262 W System.err: 	at org.jacoco.agent.rt.internal_773e439.output.FileOutput.startup(FileOutput.java:49)
12-19 15:14:03.985 12262 12262 W System.err: 	at org.jacoco.agent.rt.internal_773e439.Agent.startup(Agent.java:122)
12-19 15:14:03.985 12262 12262 W System.err: 	at org.jacoco.agent.rt.internal_773e439.Agent.getInstance(Agent.java:50)
12-19 15:14:03.985 12262 12262 W System.err: 	at org.jacoco.agent.rt.internal_773e439.Offline.<clinit>(Offline.java:31)
12-19 15:14:03.985 12262 12262 W System.err: 	at org.jacoco.agent.rt.internal_773e439.Offline.getProbes(Offline.java:51)
12-19 15:14:03.985 12262 12262 W System.err: 	at fr.free.nrw.commons.CommonsApplication.$jacocoInit(CommonsApplication.java)
12-19 15:14:03.985 12262 12262 W System.err: 	at fr.free.nrw.commons.CommonsApplication.<init>(CommonsApplication.java)
12-19 15:14:03.985 12262 12262 W System.err: 	at java.lang.Class.newInstance(Native Method)
12-19 15:14:03.985 12262 12262 W System.err: 	at android.app.Instrumentation.newApplication(Instrumentation.java:1007)
12-19 15:14:03.985 12262 12262 W System.err: 	at android.app.Instrumentation.newApplication(Instrumentation.java:992)
12-19 15:14:03.985 12262 12262 W System.err: 	at android.app.LoadedApk.makeApplication(LoadedApk.java:796)
12-19 15:14:03.986 12262 12262 W System.err: 	at android.app.ActivityThread.handleBindApplication(ActivityThread.java:5335)
12-19 15:14:03.986 12262 12262 W System.err: 	at android.app.ActivityThread.-wrap2(ActivityThread.java)
12-19 15:14:03.986 12262 12262 W System.err: 	at android.app.ActivityThread$H.handleMessage(ActivityThread.java:1528)
12-19 15:14:03.986 12262 12262 W System.err: 	at android.os.Handler.dispatchMessage(Handler.java:102)
12-19 15:14:03.986 12262 12262 W System.err: 	at android.os.Looper.loop(Looper.java:154)
12-19 15:14:03.986 12262 12262 W System.err: 	at android.app.ActivityThread.main(ActivityThread.java:6077)
12-19 15:14:03.986 12262 12262 W System.err: 	at java.lang.reflect.Method.invoke(Native Method)
12-19 15:14:03.987 12262 12262 W System.err: 	at com.android.internal.os.ZygoteInit$MethodAndArgsCaller.run(ZygoteInit.java:866)
12-19 15:14:03.987 12262 12262 W System.err: 	at com.android.internal.os.ZygoteInit.main(ZygoteInit.java:756)
12-19 15:14:03.988 12262 12262 I MultiDex: VM with version 2.1.0 has multidex support
12-19 15:14:03.989 12262 12262 I MultiDex: Installing application
12-19 15:14:03.989 12262 12262 I MultiDex: VM has multidex support, MultiDex support library is disabled.
12-19 15:14:04.053  2527  2639 D EGL_emulation: eglMakeCurrent: 0x76f3ab0493c0: ver 3 0 (tinfo 0x76f3ab00ce20)
12-19 15:14:04.082 12262 12262 D NetworkSecurityConfig: No Network Security Config specified, using platform default
12-19 15:14:04.158 12262 12285 I stetho  : Listening on @stetho_fr.free.nrw.commons.debug_devtools_remote
12-19 15:14:04.177 12262 12262 W art     : Before Android 4.1, method android.graphics.PorterDuffColorFilter android.support.graphics.drawable.VectorDrawableCompat.updateTintFilter(android.graphics.PorterDuffColorFilter, android.content.res.ColorStateList, android.graphics.PorterDuff$Mode) would have incorrectly overridden the package-private method in android.graphics.drawable.Drawable
12-19 15:14:04.283  1677  2323 I ActivityManager: START u0 {cmp=fr.free.nrw.commons.debug/fr.free.nrw.commons.WelcomeActivity} from uid 10116 on display 0
12-19 15:14:04.307  1352  1367 E SurfaceFlinger: ro.sf.lcd_density must be defined as a build property
12-19 15:14:04.316 12262 12262 D         : HostConnection::get() New Host Connection established 0x76f3a83f2540, tid 12262
12-19 15:14:04.350 12262 12287 D         : HostConnection::get() New Host Connection established 0x76f3a83f26c0, tid 12287
12-19 15:14:04.353 12262 12287 I OpenGLRenderer: Initialized EGL, version 1.4
12-19 15:14:04.353 12262 12287 D OpenGLRenderer: Swap behavior 1
12-19 15:14:04.353 12262 12287 W OpenGLRenderer: Failed to choose config with EGL_SWAP_BEHAVIOR_PRESERVED, retrying without...
12-19 15:14:04.353 12262 12287 D OpenGLRenderer: Swap behavior 0
12-19 15:14:04.369 12262 12287 D EGL_emulation: eglCreateContext: 0x76f39a2a0720: maj 3 min 0 rcv 3
12-19 15:14:04.379 12262 12287 D EGL_emulation: eglMakeCurrent: 0x76f39a2a0720: ver 3 0 (tinfo 0x76f3a83b49e0)
12-19 15:14:04.380 12262 12287 E eglCodecCommon: glUtilsParamSize: unknow param 0x00008cdf
12-19 15:14:04.380 12262 12287 E eglCodecCommon: glUtilsParamSize: unknow param 0x00008824
12-19 15:14:04.421 12262 12287 D EGL_emulation: eglMakeCurrent: 0x76f39a2a0720: ver 3 0 (tinfo 0x76f3a83b49e0)
12-19 15:14:04.686 12262 12287 D EGL_emulation: eglMakeCurrent: 0x76f39a2a0720: ver 3 0 (tinfo 0x76f3a83b49e0)
12-19 15:14:04.695  1677  1970 I WindowManager: Destroying surface Surface(name=fr.free.nrw.commons.debug/fr.free.nrw.commons.auth.LoginActivity) called by com.android.server.wm.WindowStateAnimator.destroySurface:2016 com.android.server.wm.WindowStateAnimator.destroySurfaceLocked:882 com.android.server.wm.WindowState.destroyOrSaveSurface:2100 com.android.server.wm.WindowManagerService.tryStartExitingAnimation:3024 com.android.server.wm.WindowManagerService.relayoutWindow:2904 com.android.server.wm.Session.relayout:224 android.view.IWindowSession$Stub.onTransact:286 com.android.server.wm.Session.onTransact:145 
12-19 15:14:04.779 12262 12262 D android.widget.GridLayout: vertical constraints: y2-y0>=630, y2-y1<=310, y1-y0<=310 are inconsistent; permanently removing: y2-y1<=310. 
12-19 15:14:04.846 12262 12287 D EGL_emulation: eglMakeCurrent: 0x76f39a2a0720: ver 3 0 (tinfo 0x76f3a83b49e0)
12-19 15:14:04.866  1677  1698 I ActivityManager: Displayed fr.free.nrw.commons.debug/fr.free.nrw.commons.WelcomeActivity: +464ms (total +1s16ms)
12-19 15:14:04.883  1677  2322 I WindowManager: Destroying surface Surface(name=com.android.launcher3/com.android.launcher3.Launcher) called by com.android.server.wm.WindowStateAnimator.destroySurface:2016 com.android.server.wm.WindowStateAnimator.destroySurfaceLocked:882 com.android.server.wm.WindowState.destroyOrSaveSurface:2100 com.android.server.wm.AppWindowToken.destroySurfaces:363 com.android.server.wm.AppWindowToken.notifyAppStopped:389 com.android.server.wm.WindowManagerService.notifyAppStopped:4463 com.android.server.am.ActivityStack.activityStoppedLocked:1252 com.android.server.am.ActivityManagerService.activityStopped:6903 
12-19 15:14:05.062  1677  1698 I WindowManager: Destroying surface Surface(name=Starting fr.free.nrw.commons.debug) called by com.android.server.wm.WindowStateAnimator.destroySurface:2016 com.android.server.wm.WindowStateAnimator.destroySurfaceLocked:882 com.android.server.wm.WindowState.destroyOrSaveSurface:2100 com.android.server.wm.AppWindowToken.destroySurfaces:363 com.android.server.wm.WindowStateAnimator.finishExit:565 com.android.server.wm.WindowStateAnimator.stepAnimationLocked:491 com.android.server.wm.WindowAnimator.updateWindowsLocked:303 com.android.server.wm.WindowAnimator.animateLocked:704 
12-19 15:14:07.851  1811 12223 W art     : No such thread id for suspend: 50
12-19 15:14:14.202  1677  1717 I InputReader: Reconfiguring input devices.  changes=0x00000010
12-19 15:14:14.224  1950  1950 D CarrierSvcBindHelper: No carrier app for: 0
12-19 15:14:17.072  1811 18166 I NetworkScheduler.Stats: Task com.google.android.gms/com.google.android.gms.icing.service.IcingGcmTaskService started execution. cause:4 exec_start_elapsed_seconds: 342948 [CONTEXT service_id=218 ]
12-19 15:14:17.079  1811  7193 I NetworkScheduler.Stats: Task com.google.android.gms/com.google.android.gms.icing.service.IcingGcmTaskService finished executing. cause:4 result: 1 elapsed_millis: 27 uptime_millis: 27 exec_start_elapsed_seconds: 342948 [CONTEXT service_id=218 ]
12-19 15:14:19.160 12291 12291 D AndroidRuntime: >>>>>> START com.android.internal.os.RuntimeInit uid 2000 <<<<<<
12-19 15:14:19.162 12291 12291 D AndroidRuntime: CheckJNI is ON
12-19 15:14:19.182 12291 12291 W art     : Unexpected CPU variant for X86 using defaults: x86_64
12-19 15:14:19.186 12291 12291 D ICU     : No timezone override file found: /data/misc/zoneinfo/current/icu/icu_tzdata.dat
12-19 15:14:19.201 12291 12291 E memtrack: Couldn't load memtrack module (No such file or directory)
12-19 15:14:19.202 12291 12291 E android.os.Debug: failed to load memtrack module: -2
12-19 15:14:19.202 12291 12291 I Radio-JNI: register_android_hardware_Radio DONE
12-19 15:14:19.208 12291 12291 D AndroidRuntime: Calling main entry com.android.commands.content.Content
12-19 15:14:19.217 12291 12291 D AndroidRuntime: Shutting down VM
12-19 15:14:19.401 12301 12301 D AndroidRuntime: >>>>>> START com.android.internal.os.RuntimeInit uid 2000 <<<<<<
12-19 15:14:19.403 12301 12301 D AndroidRuntime: CheckJNI is ON
12-19 15:14:19.422 12301 12301 W art     : Unexpected CPU variant for X86 using defaults: x86_64
12-19 15:14:19.427 12301 12301 D ICU     : No timezone override file found: /data/misc/zoneinfo/current/icu/icu_tzdata.dat
12-19 15:14:19.442 12301 12301 E memtrack: Couldn't load memtrack module (No such file or directory)
12-19 15:14:19.442 12301 12301 E android.os.Debug: failed to load memtrack module: -2
12-19 15:14:19.442 12301 12301 I Radio-JNI: register_android_hardware_Radio DONE
12-19 15:14:19.448 12301 12301 D AndroidRuntime: Calling main entry com.android.commands.content.Content
12-19 15:14:19.455 12301 12301 D AndroidRuntime: Shutting down VM
12-19 15:14:20.393 12331 12331 D AndroidRuntime: >>>>>> START com.android.internal.os.RuntimeInit uid 2000 <<<<<<
12-19 15:14:20.394 12331 12331 D AndroidRuntime: CheckJNI is ON
12-19 15:14:20.412 12331 12331 W art     : Unexpected CPU variant for X86 using defaults: x86_64
12-19 15:14:20.417 12331 12331 D ICU     : No timezone override file found: /data/local/tmp/misc/zoneinfo/current/icu/icu_tzdata.dat
12-19 15:14:20.435 12331 12331 E memtrack: Couldn't load memtrack module (No such file or directory)
12-19 15:14:20.436 12331 12331 E android.os.Debug: failed to load memtrack module: -2
12-19 15:14:20.436 12331 12331 I Radio-JNI: register_android_hardware_Radio DONE
12-19 15:14:20.442 12331 12331 D AndroidRuntime: Calling main entry com.android.commands.uiautomator.Launcher
12-19 15:14:21.474 12331 12331 I AccessibilityNodeInfoDumper: Skipping invisible child: android.view.accessibility.AccessibilityNodeInfo@80014054; boundsInParent: Rect(0, 0 - 1080, 1731); boundsInScreen: Rect(1080, 63 - 1080, 1794); packageName: fr.free.nrw.commons.debug; className: android.widget.RelativeLayout; text: null; error: null; maxTextLength: -1; contentDescription: null; viewIdResName: null; checkable: false; checked: false; focusable: false; focused: false; selected: false; clickable: false; longClickable: false; contextClickable: false; enabled: true; password: false; scrollable: false; actions: [AccessibilityAction: ACTION_SELECT - null, AccessibilityAction: ACTION_CLEAR_SELECTION - null, AccessibilityAction: ACTION_ACCESSIBILITY_FOCUS - null, AccessibilityAction: ACTION_SHOW_ON_SCREEN - null]
12-19 15:14:21.475 12331 12331 W AccessibilityNodeInfoDumper: Fetch time: 3ms
12-19 15:14:21.476  1677  2235 W WindowManager: Attempted to remove non-existing token: android.os.Binder@ff65686
12-19 15:14:21.482 12331 12331 D AndroidRuntime: Shutting down VM
12-19 15:14:21.764 12348 12348 D AndroidRuntime: >>>>>> START com.android.internal.os.RuntimeInit uid 2000 <<<<<<
12-19 15:14:21.766 12348 12348 D AndroidRuntime: CheckJNI is ON
12-19 15:14:21.784 12348 12348 W art     : Unexpected CPU variant for X86 using defaults: x86_64
12-19 15:14:21.787 12348 12348 D ICU     : No timezone override file found: /data/local/tmp/misc/zoneinfo/current/icu/icu_tzdata.dat
12-19 15:14:21.806 12348 12348 E memtrack: Couldn't load memtrack module (No such file or directory)
12-19 15:14:21.806 12348 12348 E android.os.Debug: failed to load memtrack module: -2
12-19 15:14:21.806 12348 12348 I Radio-JNI: register_android_hardware_Radio DONE
12-19 15:14:21.813 12348 12348 D AndroidRuntime: Calling main entry com.android.commands.uiautomator.Launcher
12-19 15:14:22.839 12348 12348 I AccessibilityNodeInfoDumper: Skipping invisible child: android.view.accessibility.AccessibilityNodeInfo@80014058; boundsInParent: Rect(0, 0 - 1080, 1731); boundsInScreen: Rect(1080, 63 - 1080, 1794); packageName: fr.free.nrw.commons.debug; className: android.widget.RelativeLayout; text: null; error: null; maxTextLength: -1; contentDescription: null; viewIdResName: null; checkable: false; checked: false; focusable: false; focused: false; selected: false; clickable: false; longClickable: false; contextClickable: false; enabled: true; password: false; scrollable: false; actions: [AccessibilityAction: ACTION_SELECT - null, AccessibilityAction: ACTION_CLEAR_SELECTION - null, AccessibilityAction: ACTION_ACCESSIBILITY_FOCUS - null, AccessibilityAction: ACTION_SHOW_ON_SCREEN - null]
12-19 15:14:22.840 12348 12348 W AccessibilityNodeInfoDumper: Fetch time: 2ms
12-19 15:14:22.841  1677 17538 W WindowManager: Attempted to remove non-existing token: android.os.Binder@5d15512
12-19 15:14:22.848 12348 12348 D AndroidRuntime: Shutting down VM
12-19 15:14:23.777 12376 12376 D AndroidRuntime: >>>>>> START com.android.internal.os.RuntimeInit uid 2000 <<<<<<
12-19 15:14:23.778 12376 12376 D AndroidRuntime: CheckJNI is ON
12-19 15:14:23.795 12376 12376 W art     : Unexpected CPU variant for X86 using defaults: x86_64
12-19 15:14:23.798 12376 12376 D ICU     : No timezone override file found: /data/local/tmp/misc/zoneinfo/current/icu/icu_tzdata.dat
12-19 15:14:23.818 12376 12376 E memtrack: Couldn't load memtrack module (No such file or directory)
12-19 15:14:23.818 12376 12376 E android.os.Debug: failed to load memtrack module: -2
12-19 15:14:23.820 12376 12376 I Radio-JNI: register_android_hardware_Radio DONE
12-19 15:14:23.828 12376 12376 D AndroidRuntime: Calling main entry com.android.commands.uiautomator.Launcher
12-19 15:14:24.853 12376 12376 I AccessibilityNodeInfoDumper: Skipping invisible child: android.view.accessibility.AccessibilityNodeInfo@80014068; boundsInParent: Rect(0, 0 - 1080, 1731); boundsInScreen: Rect(1080, 63 - 1080, 1794); packageName: fr.free.nrw.commons.debug; className: android.widget.RelativeLayout; text: null; error: null; maxTextLength: -1; contentDescription: null; viewIdResName: null; checkable: false; checked: false; focusable: false; focused: false; selected: false; clickable: false; longClickable: false; contextClickable: false; enabled: true; password: false; scrollable: false; actions: [AccessibilityAction: ACTION_SELECT - null, AccessibilityAction: ACTION_CLEAR_SELECTION - null, AccessibilityAction: ACTION_ACCESSIBILITY_FOCUS - null, AccessibilityAction: ACTION_SHOW_ON_SCREEN - null]
12-19 15:14:24.855 12376 12376 W AccessibilityNodeInfoDumper: Fetch time: 3ms
12-19 15:14:24.855  1677  2323 W WindowManager: Attempted to remove non-existing token: android.os.Binder@8488599
12-19 15:14:24.863 12376 12376 D AndroidRuntime: Shutting down VM
12-19 15:14:25.814 12410 12410 D AndroidRuntime: >>>>>> START com.android.internal.os.RuntimeInit uid 2000 <<<<<<
12-19 15:14:25.816 12410 12410 D AndroidRuntime: CheckJNI is ON
12-19 15:14:25.833 12410 12410 W art     : Unexpected CPU variant for X86 using defaults: x86_64
12-19 15:14:25.837 12410 12410 D ICU     : No timezone override file found: /data/local/tmp/misc/zoneinfo/current/icu/icu_tzdata.dat
12-19 15:14:25.854 12410 12410 E memtrack: Couldn't load memtrack module (No such file or directory)
12-19 15:14:25.854 12410 12410 E android.os.Debug: failed to load memtrack module: -2
12-19 15:14:25.854 12410 12410 I Radio-JNI: register_android_hardware_Radio DONE
12-19 15:14:25.860 12410 12410 D AndroidRuntime: Calling main entry com.android.commands.uiautomator.Launcher
12-19 15:14:26.883 12410 12410 I AccessibilityNodeInfoDumper: Skipping invisible child: android.view.accessibility.AccessibilityNodeInfo@80014078; boundsInParent: Rect(0, 0 - 1080, 1731); boundsInScreen: Rect(1080, 63 - 1080, 1794); packageName: fr.free.nrw.commons.debug; className: android.widget.RelativeLayout; text: null; error: null; maxTextLength: -1; contentDescription: null; viewIdResName: null; checkable: false; checked: false; focusable: false; focused: false; selected: false; clickable: false; longClickable: false; contextClickable: false; enabled: true; password: false; scrollable: false; actions: [AccessibilityAction: ACTION_SELECT - null, AccessibilityAction: ACTION_CLEAR_SELECTION - null, AccessibilityAction: ACTION_ACCESSIBILITY_FOCUS - null, AccessibilityAction: ACTION_SHOW_ON_SCREEN - null]
12-19 15:14:26.884 12410 12410 W AccessibilityNodeInfoDumper: Fetch time: 3ms
12-19 15:14:26.884  1677  2868 W WindowManager: Attempted to remove non-existing token: android.os.Binder@d12e255
12-19 15:14:26.889 12410 12410 D AndroidRuntime: Shutting down VM
12-19 15:14:27.180 12430 12430 D AndroidRuntime: >>>>>> START com.android.internal.os.RuntimeInit uid 2000 <<<<<<
12-19 15:14:27.181 12430 12430 D AndroidRuntime: CheckJNI is ON
12-19 15:14:27.197 12430 12430 W art     : Unexpected CPU variant for X86 using defaults: x86_64
12-19 15:14:27.199 12430 12430 D ICU     : No timezone override file found: /data/local/tmp/misc/zoneinfo/current/icu/icu_tzdata.dat
12-19 15:14:27.218 12430 12430 E memtrack: Couldn't load memtrack module (No such file or directory)
12-19 15:14:27.218 12430 12430 E android.os.Debug: failed to load memtrack module: -2
12-19 15:14:27.218 12430 12430 I Radio-JNI: register_android_hardware_Radio DONE
12-19 15:14:27.223 12430 12430 D AndroidRuntime: Calling main entry com.android.commands.uiautomator.Launcher
12-19 15:14:28.250 12430 12430 I AccessibilityNodeInfoDumper: Skipping invisible child: android.view.accessibility.AccessibilityNodeInfo@80014084; boundsInParent: Rect(0, 0 - 1080, 1731); boundsInScreen: Rect(1080, 63 - 1080, 1794); packageName: fr.free.nrw.commons.debug; className: android.widget.RelativeLayout; text: null; error: null; maxTextLength: -1; contentDescription: null; viewIdResName: null; checkable: false; checked: false; focusable: false; focused: false; selected: false; clickable: false; longClickable: false; contextClickable: false; enabled: true; password: false; scrollable: false; actions: [AccessibilityAction: ACTION_SELECT - null, AccessibilityAction: ACTION_CLEAR_SELECTION - null, AccessibilityAction: ACTION_ACCESSIBILITY_FOCUS - null, AccessibilityAction: ACTION_SHOW_ON_SCREEN - null]
12-19 15:14:28.252 12430 12430 W AccessibilityNodeInfoDumper: Fetch time: 3ms
12-19 15:14:28.252  1677  2323 W WindowManager: Attempted to remove non-existing token: android.os.Binder@8c0d5b
12-19 15:14:28.257 12430 12430 D AndroidRuntime: Shutting down VM
12-19 15:14:28.356  1352  2165 E SurfaceFlinger: ro.sf.lcd_density must be defined as a build property
12-19 15:14:28.359  1352  4925 D gralloc_ranchu: gralloc_alloc: Creating ashmem region of size 8294400
12-19 15:14:28.366 12442 12442 D         : HostConnection::get() New Host Connection established 0x7296cbe2d4e0, tid 12442
12-19 15:14:28.623 12447 12447 D AndroidRuntime: >>>>>> START com.android.internal.os.RuntimeInit uid 2000 <<<<<<
12-19 15:14:28.625 12447 12447 D AndroidRuntime: CheckJNI is ON
12-19 15:14:28.640 12447 12447 W art     : Unexpected CPU variant for X86 using defaults: x86_64
12-19 15:14:28.643 12447 12447 D ICU     : No timezone override file found: /data/misc/zoneinfo/current/icu/icu_tzdata.dat
12-19 15:14:28.657 12447 12447 E memtrack: Couldn't load memtrack module (No such file or directory)
12-19 15:14:28.657 12447 12447 E android.os.Debug: failed to load memtrack module: -2
12-19 15:14:28.658 12447 12447 I Radio-JNI: register_android_hardware_Radio DONE
12-19 15:14:28.664 12447 12447 D AndroidRuntime: Calling main entry com.android.commands.am.Am
12-19 15:14:28.674 18415 18415 D MediaScannerReceiver: action: android.intent.action.MEDIA_SCANNER_SCAN_FILE path: /storage/emulated/0/screen.png
12-19 15:14:28.677 12447 12447 D AndroidRuntime: Shutting down VM
12-19 15:14:30.891 12461 12461 D AndroidRuntime: >>>>>> START com.android.internal.os.RuntimeInit uid 2000 <<<<<<
12-19 15:14:30.893 12461 12461 D AndroidRuntime: CheckJNI is ON
12-19 15:14:30.908 12461 12461 W art     : Unexpected CPU variant for X86 using defaults: x86_64
12-19 15:14:30.912 12461 12461 D ICU     : No timezone override file found: /data/local/tmp/misc/zoneinfo/current/icu/icu_tzdata.dat
12-19 15:14:30.929 12461 12461 E memtrack: Couldn't load memtrack module (No such file or directory)
12-19 15:14:30.929 12461 12461 E android.os.Debug: failed to load memtrack module: -2
12-19 15:14:30.930 12461 12461 I Radio-JNI: register_android_hardware_Radio DONE
12-19 15:14:30.935 12461 12461 D AndroidRuntime: Calling main entry com.android.commands.uiautomator.Launcher
12-19 15:14:31.956 12461 12461 I AccessibilityNodeInfoDumper: Skipping invisible child: android.view.accessibility.AccessibilityNodeInfo@8001408b; boundsInParent: Rect(0, 0 - 1080, 1731); boundsInScreen: Rect(1080, 63 - 1080, 1794); packageName: fr.free.nrw.commons.debug; className: android.widget.RelativeLayout; text: null; error: null; maxTextLength: -1; contentDescription: null; viewIdResName: null; checkable: false; checked: false; focusable: false; focused: false; selected: false; clickable: false; longClickable: false; contextClickable: false; enabled: true; password: false; scrollable: false; actions: [AccessibilityAction: ACTION_SELECT - null, AccessibilityAction: ACTION_CLEAR_SELECTION - null, AccessibilityAction: ACTION_ACCESSIBILITY_FOCUS - null, AccessibilityAction: ACTION_SHOW_ON_SCREEN - null]
12-19 15:14:31.957 12461 12461 W AccessibilityNodeInfoDumper: Fetch time: 3ms
12-19 15:14:31.959  1677  2928 W WindowManager: Attempted to remove non-existing token: android.os.Binder@e16070d
12-19 15:14:31.967 12461 12461 D AndroidRuntime: Shutting down VM
12-19 15:14:34.200 12478 12478 D AndroidRuntime: >>>>>> START com.android.internal.os.RuntimeInit uid 2000 <<<<<<
12-19 15:14:34.202 12478 12478 D AndroidRuntime: CheckJNI is ON
12-19 15:14:34.218 12478 12478 W art     : Unexpected CPU variant for X86 using defaults: x86_64
12-19 15:14:34.221 12478 12478 D ICU     : No timezone override file found: /data/local/tmp/misc/zoneinfo/current/icu/icu_tzdata.dat
12-19 15:14:34.237 12478 12478 E memtrack: Couldn't load memtrack module (No such file or directory)
12-19 15:14:34.237 12478 12478 E android.os.Debug: failed to load memtrack module: -2
12-19 15:14:34.238 12478 12478 I Radio-JNI: register_android_hardware_Radio DONE
12-19 15:14:34.243 12478 12478 D AndroidRuntime: Calling main entry com.android.commands.uiautomator.Launcher
12-19 15:14:35.270 12478 12478 I AccessibilityNodeInfoDumper: Skipping invisible child: android.view.accessibility.AccessibilityNodeInfo@8001409c; boundsInParent: Rect(0, 0 - 1080, 1731); boundsInScreen: Rect(1080, 63 - 1080, 1794); packageName: fr.free.nrw.commons.debug; className: android.widget.RelativeLayout; text: null; error: null; maxTextLength: -1; contentDescription: null; viewIdResName: null; checkable: false; checked: false; focusable: false; focused: false; selected: false; clickable: false; longClickable: false; contextClickable: false; enabled: true; password: false; scrollable: false; actions: [AccessibilityAction: ACTION_SELECT - null, AccessibilityAction: ACTION_CLEAR_SELECTION - null, AccessibilityAction: ACTION_ACCESSIBILITY_FOCUS - null, AccessibilityAction: ACTION_SHOW_ON_SCREEN - null]
12-19 15:14:35.271 12478 12478 W AccessibilityNodeInfoDumper: Fetch time: 2ms
12-19 15:14:35.271  1677 10565 W WindowManager: Attempted to remove non-existing token: android.os.Binder@b5cccd3
12-19 15:14:35.276 12478 12478 D AndroidRuntime: Shutting down VM
12-19 15:14:35.516 12495 12495 D AndroidRuntime: >>>>>> START com.android.internal.os.RuntimeInit uid 2000 <<<<<<
12-19 15:14:35.518 12495 12495 D AndroidRuntime: CheckJNI is ON
12-19 15:14:35.535 12495 12495 W art     : Unexpected CPU variant for X86 using defaults: x86_64
12-19 15:14:35.538 12495 12495 D ICU     : No timezone override file found: /data/local/tmp/misc/zoneinfo/current/icu/icu_tzdata.dat
12-19 15:14:35.554 12495 12495 E memtrack: Couldn't load memtrack module (No such file or directory)
12-19 15:14:35.554 12495 12495 E android.os.Debug: failed to load memtrack module: -2
12-19 15:14:35.555 12495 12495 I Radio-JNI: register_android_hardware_Radio DONE
12-19 15:14:35.560 12495 12495 D AndroidRuntime: Calling main entry com.android.commands.uiautomator.Launcher
12-19 15:14:36.583 12495 12495 I AccessibilityNodeInfoDumper: Skipping invisible child: android.view.accessibility.AccessibilityNodeInfo@800140ad; boundsInParent: Rect(0, 0 - 1080, 1731); boundsInScreen: Rect(1080, 63 - 1080, 1794); packageName: fr.free.nrw.commons.debug; className: android.widget.RelativeLayout; text: null; error: null; maxTextLength: -1; contentDescription: null; viewIdResName: null; checkable: false; checked: false; focusable: false; focused: false; selected: false; clickable: false; longClickable: false; contextClickable: false; enabled: true; password: false; scrollable: false; actions: [AccessibilityAction: ACTION_SELECT - null, AccessibilityAction: ACTION_CLEAR_SELECTION - null, AccessibilityAction: ACTION_ACCESSIBILITY_FOCUS - null, AccessibilityAction: ACTION_SHOW_ON_SCREEN - null]
12-19 15:14:36.584 12495 12495 W AccessibilityNodeInfoDumper: Fetch time: 2ms
12-19 15:14:36.585  1677 17537 W WindowManager: Attempted to remove non-existing token: android.os.Binder@3a90709
12-19 15:14:36.590 12495 12495 D AndroidRuntime: Shutting down VM
12-19 15:14:36.834 12514 12514 D AndroidRuntime: >>>>>> START com.android.internal.os.RuntimeInit uid 2000 <<<<<<
12-19 15:14:36.836 12514 12514 D AndroidRuntime: CheckJNI is ON
12-19 15:14:36.849 12514 12514 W art     : Unexpected CPU variant for X86 using defaults: x86_64
12-19 15:14:36.852 12514 12514 D ICU     : No timezone override file found: /data/local/tmp/misc/zoneinfo/current/icu/icu_tzdata.dat
12-19 15:14:36.868 12514 12514 E memtrack: Couldn't load memtrack module (No such file or directory)
12-19 15:14:36.868 12514 12514 E android.os.Debug: failed to load memtrack module: -2
12-19 15:14:36.869 12514 12514 I Radio-JNI: register_android_hardware_Radio DONE
12-19 15:14:36.875 12514 12514 D AndroidRuntime: Calling main entry com.android.commands.uiautomator.Launcher
12-19 15:14:37.903 12514 12514 I AccessibilityNodeInfoDumper: Skipping invisible child: android.view.accessibility.AccessibilityNodeInfo@800140b9; boundsInParent: Rect(0, 0 - 1080, 1731); boundsInScreen: Rect(1080, 63 - 1080, 1794); packageName: fr.free.nrw.commons.debug; className: android.widget.RelativeLayout; text: null; error: null; maxTextLength: -1; contentDescription: null; viewIdResName: null; checkable: false; checked: false; focusable: false; focused: false; selected: false; clickable: false; longClickable: false; contextClickable: false; enabled: true; password: false; scrollable: false; actions: [AccessibilityAction: ACTION_SELECT - null, AccessibilityAction: ACTION_CLEAR_SELECTION - null, AccessibilityAction: ACTION_ACCESSIBILITY_FOCUS - null, AccessibilityAction: ACTION_SHOW_ON_SCREEN - null]
12-19 15:14:37.905 12514 12514 W AccessibilityNodeInfoDumper: Fetch time: 3ms
12-19 15:14:37.905  1677  3602 W WindowManager: Attempted to remove non-existing token: android.os.Binder@81d632f
12-19 15:14:37.912 12514 12514 D AndroidRuntime: Shutting down VM
12-19 15:14:38.181 12534 12534 D AndroidRuntime: >>>>>> START com.android.internal.os.RuntimeInit uid 2000 <<<<<<
12-19 15:14:38.183 12534 12534 D AndroidRuntime: CheckJNI is ON
12-19 15:14:38.198 12534 12534 W art     : Unexpected CPU variant for X86 using defaults: x86_64
12-19 15:14:38.202 12534 12534 D ICU     : No timezone override file found: /data/local/tmp/misc/zoneinfo/current/icu/icu_tzdata.dat
12-19 15:14:38.218 12534 12534 E memtrack: Couldn't load memtrack module (No such file or directory)
12-19 15:14:38.218 12534 12534 E android.os.Debug: failed to load memtrack module: -2
12-19 15:14:38.219 12534 12534 I Radio-JNI: register_android_hardware_Radio DONE
12-19 15:14:38.224 12534 12534 D AndroidRuntime: Calling main entry com.android.commands.uiautomator.Launcher
12-19 15:14:39.245 12534 12534 I AccessibilityNodeInfoDumper: Skipping invisible child: android.view.accessibility.AccessibilityNodeInfo@800140c6; boundsInParent: Rect(0, 0 - 1080, 1731); boundsInScreen: Rect(1080, 63 - 1080, 1794); packageName: fr.free.nrw.commons.debug; className: android.widget.RelativeLayout; text: null; error: null; maxTextLength: -1; contentDescription: null; viewIdResName: null; checkable: false; checked: false; focusable: false; focused: false; selected: false; clickable: false; longClickable: false; contextClickable: false; enabled: true; password: false; scrollable: false; actions: [AccessibilityAction: ACTION_SELECT - null, AccessibilityAction: ACTION_CLEAR_SELECTION - null, AccessibilityAction: ACTION_ACCESSIBILITY_FOCUS - null, AccessibilityAction: ACTION_SHOW_ON_SCREEN - null]
12-19 15:14:39.246 12534 12534 W AccessibilityNodeInfoDumper: Fetch time: 2ms
12-19 15:14:39.247  1677 10804 W WindowManager: Attempted to remove non-existing token: android.os.Binder@9a7034b
12-19 15:14:39.252 12534 12534 D AndroidRuntime: Shutting down VM
12-19 15:14:39.442 12546 12546 D AndroidRuntime: >>>>>> START com.android.internal.os.RuntimeInit uid 2000 <<<<<<
12-19 15:14:39.443 12546 12546 D AndroidRuntime: CheckJNI is ON
12-19 15:14:39.458 12546 12546 W art     : Unexpected CPU variant for X86 using defaults: x86_64
12-19 15:14:39.460 12546 12546 D ICU     : No timezone override file found: /data/misc/zoneinfo/current/icu/icu_tzdata.dat
12-19 15:14:39.473 12546 12546 E memtrack: Couldn't load memtrack module (No such file or directory)
12-19 15:14:39.473 12546 12546 E android.os.Debug: failed to load memtrack module: -2
12-19 15:14:39.474 12546 12546 I Radio-JNI: register_android_hardware_Radio DONE
12-19 15:14:39.479 12546 12546 D AndroidRuntime: Calling main entry com.android.commands.input.Input
12-19 15:14:39.483 12546 12546 I Input   : injectMotionEvent: MotionEvent { action=ACTION_DOWN, actionButton=0, id[0]=0, x[0]=918.0, y[0]=168.0, toolType[0]=TOOL_TYPE_UNKNOWN, buttonState=0, metaState=0, flags=0x0, edgeFlags=0x0, pointerCount=1, historySize=0, eventTime=342970857, downTime=342970857, deviceId=0, source=0x1002 }
12-19 15:14:39.485 12546 12546 I Input   : injectMotionEvent: MotionEvent { action=ACTION_UP, actionButton=0, id[0]=0, x[0]=918.0, y[0]=168.0, toolType[0]=TOOL_TYPE_UNKNOWN, buttonState=0, metaState=0, flags=0x0, edgeFlags=0x0, pointerCount=1, historySize=0, eventTime=342970857, downTime=342970857, deviceId=0, source=0x1002 }
12-19 15:14:39.487 12546 12546 D AndroidRuntime: Shutting down VM
12-19 15:14:39.497  1427  1449 W audio_hw_generic: Not supplying enough data to HAL, expected position 109958469 , only wrote 109958400
12-19 15:14:39.567  1427  1449 W audio_hw_generic: Not supplying enough data to HAL, expected position 109961776 , only wrote 109961280
12-19 15:14:39.568  1427  1449 W audio_hw_generic: Not supplying enough data to HAL, expected position 109961289 , only wrote 109961280
12-19 15:14:39.568  1427  1449 W audio_hw_generic: Hardware backing HAL too slow, could only write 0 of 720 frames
12-19 15:14:39.583  1427  1449 W audio_hw_generic: Hardware backing HAL too slow, could only write 0 of 720 frames
12-19 15:14:39.611  1427  1450 D AudioFlinger: mixer(0xe7f83e80) throttle end: throttle time(12)
12-19 15:14:39.618 12262 12287 D EGL_emulation: eglMakeCurrent: 0x76f39a2a0720: ver 3 0 (tinfo 0x76f3a83b49e0)
