06-14 09:30:01.478  7430  7430 I Input   : injectKeyEvent: KeyEvent { action=ACTION_UP, keyCode=KEYCODE_DEL, scanCode=0, metaState=0, flags=0x0, repeatCount=0, eventTime=181172, downTime=181172, deviceId=-1, source=0x101 }
06-14 09:30:01.479  7430  7430 I Input   : injectKeyEvent: KeyEvent { action=ACTION_DOWN, keyCode=KEYCODE_DEL, scanCode=0, metaState=0, flags=0x0, repeatCount=0, eventTime=181175, downTime=181175, deviceId=-1, source=0x101 }
06-14 09:30:01.480  7430  7430 I Input   : injectKeyEvent: KeyEvent { action=ACTION_UP, keyCode=KEYCODE_DEL, scanCode=0, metaState=0, flags=0x0, repeatCount=0, eventTime=181175, downTime=181175, deviceId=-1, source=0x101 }
06-14 09:30:01.480  7430  7430 I Input   : injectKeyEvent: KeyEvent { action=ACTION_DOWN, keyCode=KEYCODE_DEL, scanCode=0, metaState=0, flags=0x0, repeatCount=0, eventTime=181176, downTime=181176, deviceId=-1, source=0x101 }
06-14 09:30:01.481  7430  7430 I Input   : injectKeyEvent: KeyEvent { action=ACTION_UP, keyCode=KEYCODE_DEL, scanCode=0, metaState=0, flags=0x0, repeatCount=0, eventTime=181176, downTime=181176, deviceId=-1, source=0x101 }
06-14 09:30:01.482  7430  7430 I Input   : injectKeyEvent: KeyEvent { action=ACTION_DOWN, keyCode=KEYCODE_DEL, scanCode=0, metaState=0, flags=0x0, repeatCount=0, eventTime=181179, downTime=181179, deviceId=-1, source=0x101 }
06-14 09:30:01.483  7430  7430 I Input   : injectKeyEvent: KeyEvent { action=ACTION_UP, keyCode=KEYCODE_DEL, scanCode=0, metaState=0, flags=0x0, repeatCount=0, eventTime=181179, downTime=181179, deviceId=-1, source=0x101 }
06-14 09:30:01.484  7430  7430 I Input   : injectKeyEvent: KeyEvent { action=ACTION_DOWN, keyCode=KEYCODE_DEL, scanCode=0, metaState=0, flags=0x0, repeatCount=0, eventTime=181180, downTime=181180, deviceId=-1, source=0x101 }
06-14 09:30:01.486  7430  7430 I Input   : injectKeyEvent: KeyEvent { action=ACTION_UP, keyCode=KEYCODE_DEL, scanCode=0, metaState=0, flags=0x0, repeatCount=0, eventTime=181180, downTime=181180, deviceId=-1, source=0x101 }
06-14 09:30:01.487  7430  7430 I Input   : injectKeyEvent: KeyEvent { action=ACTION_DOWN, keyCode=KEYCODE_DEL, scanCode=0, metaState=0, flags=0x0, repeatCount=0, eventTime=181183, downTime=181183, deviceId=-1, source=0x101 }
06-14 09:30:01.488  7430  7430 I Input   : injectKeyEvent: KeyEvent { action=ACTION_UP, keyCode=KEYCODE_DEL, scanCode=0, metaState=0, flags=0x0, repeatCount=0, eventTime=181183, downTime=181183, deviceId=-1, source=0x101 }
06-14 09:30:01.489  7430  7430 I Input   : injectKeyEvent: KeyEvent { action=ACTION_DOWN, keyCode=KEYCODE_DEL, scanCode=0, metaState=0, flags=0x0, repeatCount=0, eventTime=181185, downTime=181185, deviceId=-1, source=0x101 }
06-14 09:30:01.490  7430  7430 I Input   : injectKeyEvent: KeyEvent { action=ACTION_UP, keyCode=KEYCODE_DEL, scanCode=0, metaState=0, flags=0x0, repeatCount=0, eventTime=181185, downTime=181185, deviceId=-1, source=0x101 }
06-14 09:30:01.491  7430  7430 I Input   : injectKeyEvent: KeyEvent { action=ACTION_DOWN, keyCode=KEYCODE_DEL, scanCode=0, metaState=0, flags=0x0, repeatCount=0, eventTime=181187, downTime=181187, deviceId=-1, source=0x101 }
06-14 09:30:01.492  7430  7430 I Input   : injectKeyEvent: KeyEvent { action=ACTION_UP, keyCode=KEYCODE_DEL, scanCode=0, metaState=0, flags=0x0, repeatCount=0, eventTime=181187, downTime=181187, deviceId=-1, source=0x101 }
06-14 09:30:01.493  7430  7430 I Input   : injectKeyEvent: KeyEvent { action=ACTION_DOWN, keyCode=KEYCODE_DEL, scanCode=0, metaState=0, flags=0x0, repeatCount=0, eventTime=181189, downTime=181189, deviceId=-1, source=0x101 }
06-14 09:30:01.494  7430  7430 I Input   : injectKeyEvent: KeyEvent { action=ACTION_UP, keyCode=KEYCODE_DEL, scanCode=0, metaState=0, flags=0x0, repeatCount=0, eventTime=181189, downTime=181189, deviceId=-1, source=0x101 }
06-14 09:30:01.495  7430  7430 I Input   : injectKeyEvent: KeyEvent { action=ACTION_DOWN, keyCode=KEYCODE_DEL, scanCode=0, metaState=0, flags=0x0, repeatCount=0, eventTime=181191, downTime=181191, deviceId=-1, source=0x101 }
06-14 09:30:01.496  7430  7430 I Input   : injectKeyEvent: KeyEvent { action=ACTION_UP, keyCode=KEYCODE_DEL, scanCode=0, metaState=0, flags=0x0, repeatCount=0, eventTime=181191, downTime=181191, deviceId=-1, source=0x101 }
06-14 09:30:01.498  7430  7430 I Input   : injectKeyEvent: KeyEvent { action=ACTION_DOWN, keyCode=KEYCODE_DEL, scanCode=0, metaState=0, flags=0x0, repeatCount=0, eventTime=181194, downTime=181194, deviceId=-1, source=0x101 }
06-14 09:30:01.498  7430  7430 I Input   : injectKeyEvent: KeyEvent { action=ACTION_UP, keyCode=KEYCODE_DEL, scanCode=0, metaState=0, flags=0x0, repeatCount=0, eventTime=181194, downTime=181194, deviceId=-1, source=0x101 }
06-14 09:30:01.500  7430  7430 I Input   : injectKeyEvent: KeyEvent { action=ACTION_DOWN, keyCode=KEYCODE_DEL, scanCode=0, metaState=0, flags=0x0, repeatCount=0, eventTime=181196, downTime=181196, deviceId=-1, source=0x101 }
06-14 09:30:01.501  7430  7430 I Input   : injectKeyEvent: KeyEvent { action=ACTION_UP, keyCode=KEYCODE_DEL, scanCode=0, metaState=0, flags=0x0, repeatCount=0, eventTime=181196, downTime=181196, deviceId=-1, source=0x101 }
06-14 09:30:01.502  7430  7430 I Input   : injectKeyEvent: KeyEvent { action=ACTION_DOWN, keyCode=KEYCODE_DEL, scanCode=0, metaState=0, flags=0x0, repeatCount=0, eventTime=181198, downTime=181198, deviceId=-1, source=0x101 }
06-14 09:30:01.503  7430  7430 I Input   : injectKeyEvent: KeyEvent { action=ACTION_UP, keyCode=KEYCODE_DEL, scanCode=0, metaState=0, flags=0x0, repeatCount=0, eventTime=181198, downTime=181198, deviceId=-1, source=0x101 }
06-14 09:30:01.504  7430  7430 D AndroidRuntime: Shutting down VM
06-14 09:30:01.547  2166  7443 I Vision  : Requesting optional module download of ocr.
06-14 09:30:01.547  2166  7443 I Vision  : Checking for download completion for 191243 -- ocr
06-14 09:30:01.647  7440  7440 D AndroidRuntime: >>>>>> START com.android.internal.os.RuntimeInit uid 2000 <<<<<<
06-14 09:30:01.649  7440  7440 D AndroidRuntime: CheckJNI is ON
06-14 09:30:01.662  7440  7440 W art     : Unexpected CPU variant for X86 using defaults: x86
06-14 09:30:01.664  7440  7440 D ICU     : No timezone override file found: /data/misc/zoneinfo/current/icu/icu_tzdata.dat
06-14 09:30:01.673  7440  7440 E memtrack: Couldn't load memtrack module (No such file or directory)
06-14 09:30:01.673  7440  7440 E android.os.Debug: failed to load memtrack module: -2
06-14 09:30:01.673  7440  7440 I Radio-JNI: register_android_hardware_Radio DONE
06-14 09:30:01.678  7440  7440 D AndroidRuntime: Calling main entry com.android.commands.input.Input
06-14 09:30:01.680  7440  7440 I Input   : injectKeyEvent: KeyEvent { action=ACTION_DOWN, keyCode=KEYCODE_1, scanCode=0, metaState=0, flags=0x0, repeatCount=0, eventTime=181376, downTime=181376, deviceId=-1, source=0x101 }
06-14 09:30:01.683  7440  7440 I Input   : injectKeyEvent: KeyEvent { action=ACTION_UP, keyCode=KEYCODE_1, scanCode=0, metaState=0, flags=0x0, repeatCount=0, eventTime=181376, downTime=181376, deviceId=-1, source=0x101 }
06-14 09:30:01.684  7440  7440 I Input   : injectKeyEvent: KeyEvent { action=ACTION_DOWN, keyCode=KEYCODE_2, scanCode=0, metaState=0, flags=0x0, repeatCount=0, eventTime=181376, downTime=181376, deviceId=-1, source=0x101 }
06-14 09:30:01.685  7440  7440 I Input   : injectKeyEvent: KeyEvent { action=ACTION_UP, keyCode=KEYCODE_2, scanCode=0, metaState=0, flags=0x0, repeatCount=0, eventTime=181376, downTime=181376, deviceId=-1, source=0x101 }
06-14 09:30:01.686  7440  7440 I Input   : injectKeyEvent: KeyEvent { action=ACTION_DOWN, keyCode=KEYCODE_3, scanCode=0, metaState=0, flags=0x0, repeatCount=0, eventTime=181376, downTime=181376, deviceId=-1, source=0x101 }
06-14 09:30:01.705  7440  7440 I Input   : injectKeyEvent: KeyEvent { action=ACTION_UP, keyCode=KEYCODE_3, scanCode=0, metaState=0, flags=0x0, repeatCount=0, eventTime=181376, downTime=181376, deviceId=-1, source=0x101 }
06-14 09:30:01.706  7440  7440 I Input   : injectKeyEvent: KeyEvent { action=ACTION_DOWN, keyCode=KEYCODE_4, scanCode=0, metaState=0, flags=0x0, repeatCount=0, eventTime=181376, downTime=181376, deviceId=-1, source=0x101 }
06-14 09:30:01.707  7440  7440 I Input   : injectKeyEvent: KeyEvent { action=ACTION_UP, keyCode=KEYCODE_4, scanCode=0, metaState=0, flags=0x0, repeatCount=0, eventTime=181376, downTime=181376, deviceId=-1, source=0x101 }
06-14 09:30:01.708  7440  7440 I Input   : injectKeyEvent: KeyEvent { action=ACTION_DOWN, keyCode=KEYCODE_5, scanCode=0, metaState=0, flags=0x0, repeatCount=0, eventTime=181376, downTime=181376, deviceId=-1, source=0x101 }
06-14 09:30:01.710  7440  7440 I Input   : injectKeyEvent: KeyEvent { action=ACTION_UP, keyCode=KEYCODE_5, scanCode=0, metaState=0, flags=0x0, repeatCount=0, eventTime=181376, downTime=181376, deviceId=-1, source=0x101 }
06-14 09:30:01.711  7440  7440 I Input   : injectKeyEvent: KeyEvent { action=ACTION_DOWN, keyCode=KEYCODE_6, scanCode=0, metaState=0, flags=0x0, repeatCount=0, eventTime=181376, downTime=181376, deviceId=-1, source=0x101 }
06-14 09:30:01.712  7440  7440 I Input   : injectKeyEvent: KeyEvent { action=ACTION_UP, keyCode=KEYCODE_6, scanCode=0, metaState=0, flags=0x0, repeatCount=0, eventTime=181376, downTime=181376, deviceId=-1, source=0x101 }
06-14 09:30:01.713  7440  7440 I Input   : injectKeyEvent: KeyEvent { action=ACTION_DOWN, keyCode=KEYCODE_7, scanCode=0, metaState=0, flags=0x0, repeatCount=0, eventTime=181376, downTime=181376, deviceId=-1, source=0x101 }
06-14 09:30:01.715  7440  7440 I Input   : injectKeyEvent: KeyEvent { action=ACTION_UP, keyCode=KEYCODE_7, scanCode=0, metaState=0, flags=0x0, repeatCount=0, eventTime=181376, downTime=181376, deviceId=-1, source=0x101 }
06-14 09:30:01.716  7440  7440 D AndroidRuntime: Shutting down VM
06-14 09:30:01.759  7457  7457 W ls      : type=1400 audit(0.0:22): avc: denied { getattr } for path="/proc/sysrq-trigger" dev="proc" ino=4026532069 scontext=u:r:shell:s0 tcontext=u:object_r:proc_sysrq:s0 tclass=file permissive=0
06-14 09:30:01.759  7457  7457 W ls      : type=1400 audit(0.0:23): avc: denied { getattr } for path="/proc/iomem" dev="proc" ino=4026532007 scontext=u:r:shell:s0 tcontext=u:object_r:proc_iomem:s0 tclass=file permissive=0
06-14 09:30:03.107  1346  1365 E SurfaceFlinger: ro.sf.lcd_density must be defined as a build property
06-14 09:30:03.108  1346  2149 D gralloc_ranchu: gralloc_alloc: Creating ashmem region of size 8294400
06-14 09:30:03.117  7736  7736 D         : HostConnection::get() New Host Connection established 0xa7e1b2c0, tid 7736
06-14 09:30:03.365  7741  7741 D AndroidRuntime: >>>>>> START com.android.internal.os.RuntimeInit uid 2000 <<<<<<
06-14 09:30:03.367  7741  7741 D AndroidRuntime: CheckJNI is ON
06-14 09:30:03.383  7741  7741 W art     : Unexpected CPU variant for X86 using defaults: x86
06-14 09:30:03.386  7741  7741 D ICU     : No timezone override file found: /data/misc/zoneinfo/current/icu/icu_tzdata.dat
06-14 09:30:03.396  7741  7741 E memtrack: Couldn't load memtrack module (No such file or directory)
06-14 09:30:03.396  7741  7741 E android.os.Debug: failed to load memtrack module: -2
06-14 09:30:03.396  7741  7741 I Radio-JNI: register_android_hardware_Radio DONE
06-14 09:30:03.400  7741  7741 D AndroidRuntime: Calling main entry com.android.commands.am.Am
06-14 09:30:03.407  2861  2861 D MediaScannerReceiver: action: android.intent.action.MEDIA_SCANNER_SCAN_FILE path: /storage/emulated/0/screen.png
06-14 09:30:03.408  7741  7741 D AndroidRuntime: Shutting down VM
06-14 09:30:05.904  7754  7754 D AndroidRuntime: >>>>>> START com.android.internal.os.RuntimeInit uid 2000 <<<<<<
06-14 09:30:05.907  7754  7754 D AndroidRuntime: CheckJNI is ON
06-14 09:30:05.931  7754  7754 W art     : Unexpected CPU variant for X86 using defaults: x86
06-14 09:30:05.936  7754  7754 D ICU     : No timezone override file found: /data/local/tmp/misc/zoneinfo/current/icu/icu_tzdata.dat
06-14 09:30:06.009  7754  7754 E memtrack: Couldn't load memtrack module (No such file or directory)
06-14 09:30:06.009  7754  7754 E android.os.Debug: failed to load memtrack module: -2
06-14 09:30:06.012  7754  7754 I Radio-JNI: register_android_hardware_Radio DONE
06-14 09:30:06.022  7754  7754 D AndroidRuntime: Calling main entry com.android.commands.uiautomator.Launcher
06-14 09:30:07.063  7754  7754 W AccessibilityNodeInfoDumper: Fetch time: 4ms
06-14 09:30:07.064  1674  2565 W WindowManager: Attempted to remove non-existing token: android.os.Binder@68041ff
06-14 09:30:07.070  1855  1855 V PhoneStatusBar: setLightsOn(true)
06-14 09:30:07.073  7754  7754 D AndroidRuntime: Shutting down VM
06-14 09:30:07.852  7780  7780 D AndroidRuntime: >>>>>> START com.android.internal.os.RuntimeInit uid 2000 <<<<<<
06-14 09:30:07.853  7780  7780 D AndroidRuntime: CheckJNI is ON
06-14 09:30:07.869  7780  7780 W art     : Unexpected CPU variant for X86 using defaults: x86
06-14 09:30:07.872  7780  7780 D ICU     : No timezone override file found: /data/local/tmp/misc/zoneinfo/current/icu/icu_tzdata.dat
06-14 09:30:07.888  7780  7780 E memtrack: Couldn't load memtrack module (No such file or directory)
06-14 09:30:07.888  7780  7780 E android.os.Debug: failed to load memtrack module: -2
06-14 09:30:07.888  7780  7780 I Radio-JNI: register_android_hardware_Radio DONE
06-14 09:30:07.893  7780  7780 D AndroidRuntime: Calling main entry com.android.commands.uiautomator.Launcher
06-14 09:30:08.913  7780  7780 W AccessibilityNodeInfoDumper: Fetch time: 3ms
06-14 09:30:08.914  1674  2565 W WindowManager: Attempted to remove non-existing token: android.os.Binder@3a0ff1b
06-14 09:30:08.917  1855  1855 V PhoneStatusBar: setLightsOn(true)
06-14 09:30:08.917  7780  7780 D AndroidRuntime: Shutting down VM
06-14 09:30:09.123  7798  7798 D AndroidRuntime: >>>>>> START com.android.internal.os.RuntimeInit uid 2000 <<<<<<
06-14 09:30:09.125  7798  7798 D AndroidRuntime: CheckJNI is ON
06-14 09:30:09.139  7798  7798 W art     : Unexpected CPU variant for X86 using defaults: x86
06-14 09:30:09.142  7798  7798 D ICU     : No timezone override file found: /data/local/tmp/misc/zoneinfo/current/icu/icu_tzdata.dat
06-14 09:30:09.157  7798  7798 E memtrack: Couldn't load memtrack module (No such file or directory)
06-14 09:30:09.157  7798  7798 E android.os.Debug: failed to load memtrack module: -2
06-14 09:30:09.157  7798  7798 I Radio-JNI: register_android_hardware_Radio DONE
06-14 09:30:09.162  7798  7798 D AndroidRuntime: Calling main entry com.android.commands.uiautomator.Launcher
06-14 09:30:10.185  7798  7798 W AccessibilityNodeInfoDumper: Fetch time: 3ms
06-14 09:30:10.185  1674  1705 W WindowManager: Attempted to remove non-existing token: android.os.Binder@f70f691
06-14 09:30:10.188  1855  1855 V PhoneStatusBar: setLightsOn(true)
06-14 09:30:10.189  7798  7798 D AndroidRuntime: Shutting down VM
06-14 09:30:10.367  7810  7810 D AndroidRuntime: >>>>>> START com.android.internal.os.RuntimeInit uid 2000 <<<<<<
06-14 09:30:10.368  7810  7810 D AndroidRuntime: CheckJNI is ON
06-14 09:30:10.382  7810  7810 W art     : Unexpected CPU variant for X86 using defaults: x86
06-14 09:30:10.385  7810  7810 D ICU     : No timezone override file found: /data/misc/zoneinfo/current/icu/icu_tzdata.dat
06-14 09:30:10.394  7810  7810 E memtrack: Couldn't load memtrack module (No such file or directory)
06-14 09:30:10.394  7810  7810 E android.os.Debug: failed to load memtrack module: -2
06-14 09:30:10.395  7810  7810 I Radio-JNI: register_android_hardware_Radio DONE
06-14 09:30:10.399  7810  7810 D AndroidRuntime: Calling main entry com.android.commands.input.Input
06-14 09:30:10.403  7810  7810 I Input   : injectMotionEvent: MotionEvent { action=ACTION_DOWN, actionButton=0, id[0]=0, x[0]=810.0, y[0]=369.0, toolType[0]=TOOL_TYPE_UNKNOWN, buttonState=0, metaState=0, flags=0x0, edgeFlags=0x0, pointerCount=1, historySize=0, eventTime=190097, downTime=190097, deviceId=0, source=0x1002 }
06-14 09:30:10.405  7810  7810 I Input   : injectMotionEvent: MotionEvent { action=ACTION_UP, actionButton=0, id[0]=0, x[0]=810.0, y[0]=369.0, toolType[0]=TOOL_TYPE_UNKNOWN, buttonState=0, metaState=0, flags=0x0, edgeFlags=0x0, pointerCount=1, historySize=0, eventTime=190097, downTime=190097, deviceId=0, source=0x1002 }
06-14 09:30:10.407  1803  1803 W InputMethodService: Window size has been changed. This may cause jankiness of resizing window: -1 -> -2
06-14 09:30:10.407  7810  7810 D AndroidRuntime: Shutting down VM
06-14 09:30:10.413  1803  1803 I LatinIME: Starting input. Cursor position = 7,7
06-14 09:30:10.455  4535  4535 W IInputConnectionWrapper: finishComposingText on inactive InputConnection
06-14 09:30:10.457  1855  1855 V PhoneStatusBar: setLightsOn(true)
06-14 09:30:10.471  1855  1855 V PhoneStatusBar: setLightsOn(true)
06-14 09:30:10.487  1346  1364 D gralloc_ranchu: gralloc_alloc: Creating ashmem region of size 45056
06-14 09:30:10.493  1855  1855 V PhoneStatusBar: setLightsOn(true)
06-14 09:30:10.493  1855  1855 V PhoneStatusBar: setLightsOn(true)
06-14 09:30:10.507  1855  1855 V PhoneStatusBar: setLightsOn(true)
06-14 09:30:10.509  1855  1855 V PhoneStatusBar: setLightsOn(true)
06-14 09:30:10.530  1855  1855 V PhoneStatusBar: setLightsOn(true)
06-14 09:30:10.540  1803  5041 D EGL_emulation: eglMakeCurrent: 0x8c3ab6c0: ver 3 0 (tinfo 0x8c47e820)
06-14 09:30:10.549  1855  1855 V PhoneStatusBar: setLightsOn(true)
06-14 09:30:10.550  1855  1855 V PhoneStatusBar: setLightsOn(true)
06-14 09:30:10.555  1855  1855 V PhoneStatusBar: setLightsOn(true)
06-14 09:30:10.556  1855  1855 V PhoneStatusBar: setLightsOn(true)
06-14 09:30:10.606  1855  1855 V PhoneStatusBar: setLightsOn(true)
06-14 09:30:10.688  7823  7823 D AndroidRuntime: >>>>>> START com.android.internal.os.RuntimeInit uid 2000 <<<<<<
06-14 09:30:10.690  7823  7823 D AndroidRuntime: CheckJNI is ON
06-14 09:30:10.704  7823  7823 W art     : Unexpected CPU variant for X86 using defaults: x86
06-14 09:30:10.707  7823  7823 D ICU     : No timezone override file found: /data/misc/zoneinfo/current/icu/icu_tzdata.dat
06-14 09:30:10.717  7823  7823 E memtrack: Couldn't load memtrack module (No such file or directory)
06-14 09:30:10.717  7823  7823 E android.os.Debug: failed to load memtrack module: -2
06-14 09:30:10.717  7823  7823 I Radio-JNI: register_android_hardware_Radio DONE
06-14 09:30:10.721  7823  7823 D AndroidRuntime: Calling main entry com.android.commands.input.Input
06-14 09:30:10.723  7823  7823 I Input   : injectKeyEvent: KeyEvent { action=ACTION_DOWN, keyCode=KEYCODE_ESCAPE, scanCode=0, metaState=0, flags=0x0, repeatCount=0, eventTime=190419, downTime=190419, deviceId=-1, source=0x101 }
06-14 09:30:10.727  7823  7823 I Input   : injectKeyEvent: KeyEvent { action=ACTION_UP, keyCode=KEYCODE_ESCAPE, scanCode=0, metaState=0, flags=0x0, repeatCount=0, eventTime=190419, downTime=190419, deviceId=-1, source=0x101 }
06-14 09:30:10.729  7823  7823 D AndroidRuntime: Shutting down VM
06-14 09:30:10.729  1803  1803 W InputMethodService: Window size has been changed. This may cause jankiness of resizing window: -1 -> -2
06-14 09:30:10.738  1803  5041 D EGL_emulation: eglMakeCurrent: 0x8c3ab6c0: ver 3 0 (tinfo 0x8c47e820)
06-14 09:30:10.743  1855  1855 V PhoneStatusBar: setLightsOn(true)
06-14 09:30:10.745  1855  1855 V PhoneStatusBar: setLightsOn(true)
06-14 09:30:10.756  1855  1855 V PhoneStatusBar: setLightsOn(true)
06-14 09:30:10.923  1855  1855 V PhoneStatusBar: setLightsOn(true)
06-14 09:30:10.923  1674  1695 I WindowManager: Destroying surface Surface(name=InputMethod) called by com.android.server.wm.WindowStateAnimator.destroySurface:2016 com.android.server.wm.WindowStateAnimator.destroySurfaceLocked:882 com.android.server.wm.WindowState.destroyOrSaveSurface:2100 com.android.server.wm.WindowSurfacePlacer.performSurfacePlacementInner:429 com.android.server.wm.WindowSurfacePlacer.performSurfacePlacementLoop:232 com.android.server.wm.WindowSurfacePlacer.performSurfacePlacement:180 com.android.server.wm.WindowManagerService$H.handleMessage:8086 android.os.Handler.dispatchMessage:102 
06-14 09:30:11.439  7839  7839 D AndroidRuntime: >>>>>> START com.android.internal.os.RuntimeInit uid 2000 <<<<<<
06-14 09:30:11.440  7839  7839 D AndroidRuntime: CheckJNI is ON
06-14 09:30:11.454  7839  7839 W art     : Unexpected CPU variant for X86 using defaults: x86
06-14 09:30:11.457  7839  7839 D ICU     : No timezone override file found: /data/misc/zoneinfo/current/icu/icu_tzdata.dat
06-14 09:30:11.466  7839  7839 E memtrack: Couldn't load memtrack module (No such file or directory)
06-14 09:30:11.466  7839  7839 E android.os.Debug: failed to load memtrack module: -2
06-14 09:30:11.467  7839  7839 I Radio-JNI: register_android_hardware_Radio DONE
06-14 09:30:11.471  7839  7839 D AndroidRuntime: Calling main entry com.android.commands.input.Input
06-14 09:30:11.472  7839  7839 I Input   : injectKeyEvent: KeyEvent { action=ACTION_DOWN, keyCode=KEYCODE_MOVE_END, scanCode=0, metaState=0, flags=0x0, repeatCount=0, eventTime=191168, downTime=191168, deviceId=-1, source=0x101 }
06-14 09:30:11.475  1855  1855 V PhoneStatusBar: setLightsOn(true)
06-14 09:30:11.476  7839  7839 I Input   : injectKeyEvent: KeyEvent { action=ACTION_UP, keyCode=KEYCODE_MOVE_END, scanCode=0, metaState=0, flags=0x0, repeatCount=0, eventTime=191168, downTime=191168, deviceId=-1, source=0x101 }
06-14 09:30:11.477  7839  7839 D AndroidRuntime: Shutting down VM
06-14 09:30:11.553  2166  7852 I Vision  : Requesting optional module download of ocr.
06-14 09:30:11.553  2166  7852 I Vision  : Checking for download completion for 201249 -- ocr
06-14 09:30:11.622  7849  7849 D AndroidRuntime: >>>>>> START com.android.internal.os.RuntimeInit uid 2000 <<<<<<
06-14 09:30:11.623  7849  7849 D AndroidRuntime: CheckJNI is ON
06-14 09:30:11.638  7849  7849 W art     : Unexpected CPU variant for X86 using defaults: x86
06-14 09:30:11.640  7849  7849 D ICU     : No timezone override file found: /data/misc/zoneinfo/current/icu/icu_tzdata.dat
06-14 09:30:11.650  7849  7849 E memtrack: Couldn't load memtrack module (No such file or directory)
06-14 09:30:11.650  7849  7849 E android.os.Debug: failed to load memtrack module: -2
06-14 09:30:11.651  7849  7849 I Radio-JNI: register_android_hardware_Radio DONE
06-14 09:30:11.654  1674  1695 I WindowManager: Destroying surface Surface(name=PopupWindow:bcac46b) called by com.android.server.wm.WindowStateAnimator.destroySurface:2016 com.android.server.wm.WindowStateAnimator.destroySurfaceLocked:882 com.android.server.wm.WindowState.destroyOrSaveSurface:2100 com.android.server.wm.AppWindowToken.destroySurfaces:363 com.android.server.wm.WindowStateAnimator.finishExit:565 com.android.server.wm.WindowStateAnimator.stepAnimationLocked:491 com.android.server.wm.WindowAnimator.updateWindowsLocked:303 com.android.server.wm.WindowAnimator.animateLocked:704 
06-14 09:30:11.655  1855  1855 V PhoneStatusBar: setLightsOn(true)
06-14 09:30:11.656  1855  1855 V PhoneStatusBar: setLightsOn(true)
06-14 09:30:11.657  7849  7849 D AndroidRuntime: Calling main entry com.android.commands.input.Input
06-14 09:30:11.658  7849  7849 I Input   : injectKeyEvent: KeyEvent { action=ACTION_DOWN, keyCode=KEYCODE_DEL, scanCode=0, metaState=0, flags=0x0, repeatCount=0, eventTime=191354, downTime=191354, deviceId=-1, source=0x101 }
06-14 09:30:11.661  7849  7849 I Input   : injectKeyEvent: KeyEvent { action=ACTION_UP, keyCode=KEYCODE_DEL, scanCode=0, metaState=0, flags=0x0, repeatCount=0, eventTime=191354, downTime=191354, deviceId=-1, source=0x101 }
06-14 09:30:11.662  7849  7849 I Input   : injectKeyEvent: KeyEvent { action=ACTION_DOWN, keyCode=KEYCODE_DEL, scanCode=0, metaState=0, flags=0x0, repeatCount=0, eventTime=191358, downTime=191358, deviceId=-1, source=0x101 }
06-14 09:30:11.663  7849  7849 I Input   : injectKeyEvent: KeyEvent { action=ACTION_UP, keyCode=KEYCODE_DEL, scanCode=0, metaState=0, flags=0x0, repeatCount=0, eventTime=191358, downTime=191358, deviceId=-1, source=0x101 }
06-14 09:30:11.665  7849  7849 I Input   : injectKeyEvent: KeyEvent { action=ACTION_DOWN, keyCode=KEYCODE_DEL, scanCode=0, metaState=0, flags=0x0, repeatCount=0, eventTime=191361, downTime=191361, deviceId=-1, source=0x101 }
06-14 09:30:11.666  7849  7849 I Input   : injectKeyEvent: KeyEvent { action=ACTION_UP, keyCode=KEYCODE_DEL, scanCode=0, metaState=0, flags=0x0, repeatCount=0, eventTime=191361, downTime=191361, deviceId=-1, source=0x101 }
06-14 09:30:11.667  7849  7849 I Input   : injectKeyEvent: KeyEvent { action=ACTION_DOWN, keyCode=KEYCODE_DEL, scanCode=0, metaState=0, flags=0x0, repeatCount=0, eventTime=191363, downTime=191363, deviceId=-1, source=0x101 }
06-14 09:30:11.668  7849  7849 I Input   : injectKeyEvent: KeyEvent { action=ACTION_UP, keyCode=KEYCODE_DEL, scanCode=0, metaState=0, flags=0x0, repeatCount=0, eventTime=191363, downTime=191363, deviceId=-1, source=0x101 }
06-14 09:30:11.669  7849  7849 I Input   : injectKeyEvent: KeyEvent { action=ACTION_DOWN, keyCode=KEYCODE_DEL, scanCode=0, metaState=0, flags=0x0, repeatCount=0, eventTime=191365, downTime=191365, deviceId=-1, source=0x101 }
06-14 09:30:11.686  7849  7849 I Input   : injectKeyEvent: KeyEvent { action=ACTION_UP, keyCode=KEYCODE_DEL, scanCode=0, metaState=0, flags=0x0, repeatCount=0, eventTime=191365, downTime=191365, deviceId=-1, source=0x101 }
06-14 09:30:11.687  7849  7849 I Input   : injectKeyEvent: KeyEvent { action=ACTION_DOWN, keyCode=KEYCODE_DEL, scanCode=0, metaState=0, flags=0x0, repeatCount=0, eventTime=191383, downTime=191383, deviceId=-1, source=0x101 }
06-14 09:30:11.705  7849  7849 I Input   : injectKeyEvent: KeyEvent { action=ACTION_UP, keyCode=KEYCODE_DEL, scanCode=0, metaState=0, flags=0x0, repeatCount=0, eventTime=191383, downTime=191383, deviceId=-1, source=0x101 }
06-14 09:30:11.706  7849  7849 I Input   : injectKeyEvent: KeyEvent { action=ACTION_DOWN, keyCode=KEYCODE_DEL, scanCode=0, metaState=0, flags=0x0, repeatCount=0, eventTime=191402, downTime=191402, deviceId=-1, source=0x101 }
06-14 09:30:11.708  7849  7849 I Input   : injectKeyEvent: KeyEvent { action=ACTION_UP, keyCode=KEYCODE_DEL, scanCode=0, metaState=0, flags=0x0, repeatCount=0, eventTime=191402, downTime=191402, deviceId=-1, source=0x101 }
06-14 09:30:11.708  7849  7849 I Input   : injectKeyEvent: KeyEvent { action=ACTION_DOWN, keyCode=KEYCODE_DEL, scanCode=0, metaState=0, flags=0x0, repeatCount=0, eventTime=191405, downTime=191405, deviceId=-1, source=0x101 }
06-14 09:30:11.710  7849  7849 I Input   : injectKeyEvent: KeyEvent { action=ACTION_UP, keyCode=KEYCODE_DEL, scanCode=0, metaState=0, flags=0x0, repeatCount=0, eventTime=191405, downTime=191405, deviceId=-1, source=0x101 }
06-14 09:30:11.710  7849  7849 I Input   : injectKeyEvent: KeyEvent { action=ACTION_DOWN, keyCode=KEYCODE_DEL, scanCode=0, metaState=0, flags=0x0, repeatCount=0, eventTime=191406, downTime=191406, deviceId=-1, source=0x101 }
06-14 09:30:11.711  7849  7849 I Input   : injectKeyEvent: KeyEvent { action=ACTION_UP, keyCode=KEYCODE_DEL, scanCode=0, metaState=0, flags=0x0, repeatCount=0, eventTime=191406, downTime=191406, deviceId=-1, source=0x101 }
06-14 09:30:11.712  7849  7849 I Input   : injectKeyEvent: KeyEvent { action=ACTION_DOWN, keyCode=KEYCODE_DEL, scanCode=0, metaState=0, flags=0x0, repeatCount=0, eventTime=191408, downTime=191408, deviceId=-1, source=0x101 }
06-14 09:30:11.713  7849  7849 I Input   : injectKeyEvent: KeyEvent { action=ACTION_UP, keyCode=KEYCODE_DEL, scanCode=0, metaState=0, flags=0x0, repeatCount=0, eventTime=191408, downTime=191408, deviceId=-1, source=0x101 }
06-14 09:30:11.714  7849  7849 I Input   : injectKeyEvent: KeyEvent { action=ACTION_DOWN, keyCode=KEYCODE_DEL, scanCode=0, metaState=0, flags=0x0, repeatCount=0, eventTime=191410, downTime=191410, deviceId=-1, source=0x101 }
06-14 09:30:11.715  7849  7849 I Input   : injectKeyEvent: KeyEvent { action=ACTION_UP, keyCode=KEYCODE_DEL, scanCode=0, metaState=0, flags=0x0, repeatCount=0, eventTime=191410, downTime=191410, deviceId=-1, source=0x101 }
06-14 09:30:11.717  7849  7849 I Input   : injectKeyEvent: KeyEvent { action=ACTION_DOWN, keyCode=KEYCODE_DEL, scanCode=0, metaState=0, flags=0x0, repeatCount=0, eventTime=191413, downTime=191413, deviceId=-1, source=0x101 }
06-14 09:30:11.718  7849  7849 I Input   : injectKeyEvent: KeyEvent { action=ACTION_UP, keyCode=KEYCODE_DEL, scanCode=0, metaState=0, flags=0x0, repeatCount=0, eventTime=191413, downTime=191413, deviceId=-1, source=0x101 }
06-14 09:30:11.719  7849  7849 I Input   : injectKeyEvent: KeyEvent { action=ACTION_DOWN, keyCode=KEYCODE_DEL, scanCode=0, metaState=0, flags=0x0, repeatCount=0, eventTime=191415, downTime=191415, deviceId=-1, source=0x101 }
06-14 09:30:11.720  7849  7849 I Input   : injectKeyEvent: KeyEvent { action=ACTION_UP, keyCode=KEYCODE_DEL, scanCode=0, metaState=0, flags=0x0, repeatCount=0, eventTime=191415, downTime=191415, deviceId=-1, source=0x101 }
06-14 09:30:11.739  7849  7849 I Input   : injectKeyEvent: KeyEvent { action=ACTION_DOWN, keyCode=KEYCODE_DEL, scanCode=0, metaState=0, flags=0x0, repeatCount=0, eventTime=191435, downTime=191435, deviceId=-1, source=0x101 }
06-14 09:30:11.740  7849  7849 I Input   : injectKeyEvent: KeyEvent { action=ACTION_UP, keyCode=KEYCODE_DEL, scanCode=0, metaState=0, flags=0x0, repeatCount=0, eventTime=191435, downTime=191435, deviceId=-1, source=0x101 }
06-14 09:30:11.741  7849  7849 I Input   : injectKeyEvent: KeyEvent { action=ACTION_DOWN, keyCode=KEYCODE_DEL, scanCode=0, metaState=0, flags=0x0, repeatCount=0, eventTime=191437, downTime=191437, deviceId=-1, source=0x101 }
06-14 09:30:11.742  7849  7849 I Input   : injectKeyEvent: KeyEvent { action=ACTION_UP, keyCode=KEYCODE_DEL, scanCode=0, metaState=0, flags=0x0, repeatCount=0, eventTime=191437, downTime=191437, deviceId=-1, source=0x101 }
06-14 09:30:11.743  7849  7849 I Input   : injectKeyEvent: KeyEvent { action=ACTION_DOWN, keyCode=KEYCODE_DEL, scanCode=0, metaState=0, flags=0x0, repeatCount=0, eventTime=191439, downTime=191439, deviceId=-1, source=0x101 }
06-14 09:30:11.744  7849  7849 I Input   : injectKeyEvent: KeyEvent { action=ACTION_UP, keyCode=KEYCODE_DEL, scanCode=0, metaState=0, flags=0x0, repeatCount=0, eventTime=191439, downTime=191439, deviceId=-1, source=0x101 }
06-14 09:30:11.746  7849  7849 I Input   : injectKeyEvent: KeyEvent { action=ACTION_DOWN, keyCode=KEYCODE_DEL, scanCode=0, metaState=0, flags=0x0, repeatCount=0, eventTime=191442, downTime=191442, deviceId=-1, source=0x101 }
06-14 09:30:11.747  7849  7849 I Input   : injectKeyEvent: KeyEvent { action=ACTION_UP, keyCode=KEYCODE_DEL, scanCode=0, metaState=0, flags=0x0, repeatCount=0, eventTime=191442, downTime=191442, deviceId=-1, source=0x101 }
06-14 09:30:11.748  7849  7849 I Input   : injectKeyEvent: KeyEvent { action=ACTION_DOWN, keyCode=KEYCODE_DEL, scanCode=0, metaState=0, flags=0x0, repeatCount=0, eventTime=191444, downTime=191444, deviceId=-1, source=0x101 }
06-14 09:30:11.749  7849  7849 I Input   : injectKeyEvent: KeyEvent { action=ACTION_UP, keyCode=KEYCODE_DEL, scanCode=0, metaState=0, flags=0x0, repeatCount=0, eventTime=191444, downTime=191444, deviceId=-1, source=0x101 }
06-14 09:30:11.750  7849  7849 I Input   : injectKeyEvent: KeyEvent { action=ACTION_DOWN, keyCode=KEYCODE_DEL, scanCode=0, metaState=0, flags=0x0, repeatCount=0, eventTime=191446, downTime=191446, deviceId=-1, source=0x101 }
06-14 09:30:11.751  7849  7849 I Input   : injectKeyEvent: KeyEvent { action=ACTION_UP, keyCode=KEYCODE_DEL, scanCode=0, metaState=0, flags=0x0, repeatCount=0, eventTime=191446, downTime=191446, deviceId=-1, source=0x101 }
06-14 09:30:11.752  7849  7849 I Input   : injectKeyEvent: KeyEvent { action=ACTION_DOWN, keyCode=KEYCODE_DEL, scanCode=0, metaState=0, flags=0x0, repeatCount=0, eventTime=191448, downTime=191448, deviceId=-1, source=0x101 }
06-14 09:30:11.753  7849  7849 I Input   : injectKeyEvent: KeyEvent { action=ACTION_UP, keyCode=KEYCODE_DEL, scanCode=0, metaState=0, flags=0x0, repeatCount=0, eventTime=191448, downTime=191448, deviceId=-1, source=0x101 }
06-14 09:30:11.755  7849  7849 I Input   : injectKeyEvent: KeyEvent { action=ACTION_DOWN, keyCode=KEYCODE_DEL, scanCode=0, metaState=0, flags=0x0, repeatCount=0, eventTime=191451, downTime=191451, deviceId=-1, source=0x101 }
06-14 09:30:11.756  7849  7849 I Input   : injectKeyEvent: KeyEvent { action=ACTION_UP, keyCode=KEYCODE_DEL, scanCode=0, metaState=0, flags=0x0, repeatCount=0, eventTime=191451, downTime=191451, deviceId=-1, source=0x101 }
06-14 09:30:11.757  7849  7849 I Input   : injectKeyEvent: KeyEvent { action=ACTION_DOWN, keyCode=KEYCODE_DEL, scanCode=0, metaState=0, flags=0x0, repeatCount=0, eventTime=191453, downTime=191453, deviceId=-1, source=0x101 }
06-14 09:30:11.759  7849  7849 I Input   : injectKeyEvent: KeyEvent { action=ACTION_UP, keyCode=KEYCODE_DEL, scanCode=0, metaState=0, flags=0x0, repeatCount=0, eventTime=191453, downTime=191453, deviceId=-1, source=0x101 }
06-14 09:30:11.760  7849  7849 I Input   : injectKeyEvent: KeyEvent { action=ACTION_DOWN, keyCode=KEYCODE_DEL, scanCode=0, metaState=0, flags=0x0, repeatCount=0, eventTime=191456, downTime=191456, deviceId=-1, source=0x101 }
06-14 09:30:11.761  7849  7849 I Input   : injectKeyEvent: KeyEvent { action=ACTION_UP, keyCode=KEYCODE_DEL, scanCode=0, metaState=0, flags=0x0, repeatCount=0, eventTime=191456, downTime=191456, deviceId=-1, source=0x101 }
06-14 09:30:11.762  7849  7849 I Input   : injectKeyEvent: KeyEvent { action=ACTION_DOWN, keyCode=KEYCODE_DEL, scanCode=0, metaState=0, flags=0x0, repeatCount=0, eventTime=191458, downTime=191458, deviceId=-1, source=0x101 }
06-14 09:30:11.763  7849  7849 I Input   : injectKeyEvent: KeyEvent { action=ACTION_UP, keyCode=KEYCODE_DEL, scanCode=0, metaState=0, flags=0x0, repeatCount=0, eventTime=191458, downTime=191458, deviceId=-1, source=0x101 }
06-14 09:30:11.764  7849  7849 I Input   : injectKeyEvent: KeyEvent { action=ACTION_DOWN, keyCode=KEYCODE_DEL, scanCode=0, metaState=0, flags=0x0, repeatCount=0, eventTime=191460, downTime=191460, deviceId=-1, source=0x101 }
06-14 09:30:11.765  7849  7849 I Input   : injectKeyEvent: KeyEvent { action=ACTION_UP, keyCode=KEYCODE_DEL, scanCode=0, metaState=0, flags=0x0, repeatCount=0, eventTime=191460, downTime=191460, deviceId=-1, source=0x101 }
06-14 09:30:11.766  7849  7849 I Input   : injectKeyEvent: KeyEvent { action=ACTION_DOWN, keyCode=KEYCODE_DEL, scanCode=0, metaState=0, flags=0x0, repeatCount=0, eventTime=191462, downTime=191462, deviceId=-1, source=0x101 }
06-14 09:30:11.767  7849  7849 I Input   : injectKeyEvent: KeyEvent { action=ACTION_UP, keyCode=KEYCODE_DEL, scanCode=0, metaState=0, flags=0x0, repeatCount=0, eventTime=191462, downTime=191462, deviceId=-1, source=0x101 }
06-14 09:30:11.768  7849  7849 I Input   : injectKeyEvent: KeyEvent { action=ACTION_DOWN, keyCode=KEYCODE_DEL, scanCode=0, metaState=0, flags=0x0, repeatCount=0, eventTime=191464, downTime=191464, deviceId=-1, source=0x101 }
06-14 09:30:11.769  7849  7849 I Input   : injectKeyEvent: KeyEvent { action=ACTION_UP, keyCode=KEYCODE_DEL, scanCode=0, metaState=0, flags=0x0, repeatCount=0, eventTime=191464, downTime=191464, deviceId=-1, source=0x101 }
06-14 09:30:11.769  7849  7849 I Input   : injectKeyEvent: KeyEvent { action=ACTION_DOWN, keyCode=KEYCODE_DEL, scanCode=0, metaState=0, flags=0x0, repeatCount=0, eventTime=191465, downTime=191465, deviceId=-1, source=0x101 }
06-14 09:30:11.770  7849  7849 I Input   : injectKeyEvent: KeyEvent { action=ACTION_UP, keyCode=KEYCODE_DEL, scanCode=0, metaState=0, flags=0x0, repeatCount=0, eventTime=191465, downTime=191465, deviceId=-1, source=0x101 }
06-14 09:30:11.772  7849  7849 I Input   : injectKeyEvent: KeyEvent { action=ACTION_DOWN, keyCode=KEYCODE_DEL, scanCode=0, metaState=0, flags=0x0, repeatCount=0, eventTime=191468, downTime=191468, deviceId=-1, source=0x101 }
06-14 09:30:11.773  7849  7849 I Input   : injectKeyEvent: KeyEvent { action=ACTION_UP, keyCode=KEYCODE_DEL, scanCode=0, metaState=0, flags=0x0, repeatCount=0, eventTime=191468, downTime=191468, deviceId=-1, source=0x101 }
06-14 09:30:11.773  7849  7849 I Input   : injectKeyEvent: KeyEvent { action=ACTION_DOWN, keyCode=KEYCODE_DEL, scanCode=0, metaState=0, flags=0x0, repeatCount=0, eventTime=191470, downTime=191470, deviceId=-1, source=0x101 }
06-14 09:30:11.774  7849  7849 I Input   : injectKeyEvent: KeyEvent { action=ACTION_UP, keyCode=KEYCODE_DEL, scanCode=0, metaState=0, flags=0x0, repeatCount=0, eventTime=191470, downTime=191470, deviceId=-1, source=0x101 }
06-14 09:30:11.776  7849  7849 I Input   : injectKeyEvent: KeyEvent { action=ACTION_DOWN, keyCode=KEYCODE_DEL, scanCode=0, metaState=0, flags=0x0, repeatCount=0, eventTime=191472, downTime=191472, deviceId=-1, source=0x101 }
06-14 09:30:11.777  7849  7849 I Input   : injectKeyEvent: KeyEvent { action=ACTION_UP, keyCode=KEYCODE_DEL, scanCode=0, metaState=0, flags=0x0, repeatCount=0, eventTime=191472, downTime=191472, deviceId=-1, source=0x101 }
06-14 09:30:11.777  7849  7849 I Input   : injectKeyEvent: KeyEvent { action=ACTION_DOWN, keyCode=KEYCODE_DEL, scanCode=0, metaState=0, flags=0x0, repeatCount=0, eventTime=191474, downTime=191474, deviceId=-1, source=0x101 }
06-14 09:30:11.778  7849  7849 I Input   : injectKeyEvent: KeyEvent { action=ACTION_UP, keyCode=KEYCODE_DEL, scanCode=0, metaState=0, flags=0x0, repeatCount=0, eventTime=191474, downTime=191474, deviceId=-1, source=0x101 }
06-14 09:30:11.780  7849  7849 I Input   : injectKeyEvent: KeyEvent { action=ACTION_DOWN, keyCode=KEYCODE_DEL, scanCode=0, metaState=0, flags=0x0, repeatCount=0, eventTime=191476, downTime=191476, deviceId=-1, source=0x101 }
06-14 09:30:11.781  7849  7849 I Input   : injectKeyEvent: KeyEvent { action=ACTION_UP, keyCode=KEYCODE_DEL, scanCode=0, metaState=0, flags=0x0, repeatCount=0, eventTime=191476, downTime=191476, deviceId=-1, source=0x101 }
06-14 09:30:11.782  7849  7849 I Input   : injectKeyEvent: KeyEvent { action=ACTION_DOWN, keyCode=KEYCODE_DEL, scanCode=0, metaState=0, flags=0x0, repeatCount=0, eventTime=191478, downTime=191478, deviceId=-1, source=0x101 }
06-14 09:30:11.783  7849  7849 I Input   : injectKeyEvent: KeyEvent { action=ACTION_UP, keyCode=KEYCODE_DEL, scanCode=0, metaState=0, flags=0x0, repeatCount=0, eventTime=191478, downTime=191478, deviceId=-1, source=0x101 }
06-14 09:30:11.784  7849  7849 I Input   : injectKeyEvent: KeyEvent { action=ACTION_DOWN, keyCode=KEYCODE_DEL, scanCode=0, metaState=0, flags=0x0, repeatCount=0, eventTime=191480, downTime=191480, deviceId=-1, source=0x101 }
06-14 09:30:11.786  7849  7849 I Input   : injectKeyEvent: KeyEvent { action=ACTION_UP, keyCode=KEYCODE_DEL, scanCode=0, metaState=0, flags=0x0, repeatCount=0, eventTime=191480, downTime=191480, deviceId=-1, source=0x101 }
06-14 09:30:11.786  7849  7849 I Input   : injectKeyEvent: KeyEvent { action=ACTION_DOWN, keyCode=KEYCODE_DEL, scanCode=0, metaState=0, flags=0x0, repeatCount=0, eventTime=191482, downTime=191482, deviceId=-1, source=0x101 }
06-14 09:30:11.788  7849  7849 I Input   : injectKeyEvent: KeyEvent { action=ACTION_UP, keyCode=KEYCODE_DEL, scanCode=0, metaState=0, flags=0x0, repeatCount=0, eventTime=191482, downTime=191482, deviceId=-1, source=0x101 }
06-14 09:30:11.789  7849  7849 I Input   : injectKeyEvent: KeyEvent { action=ACTION_DOWN, keyCode=KEYCODE_DEL, scanCode=0, metaState=0, flags=0x0, repeatCount=0, eventTime=191485, downTime=191485, deviceId=-1, source=0x101 }
06-14 09:30:11.790  7849  7849 I Input   : injectKeyEvent: KeyEvent { action=ACTION_UP, keyCode=KEYCODE_DEL, scanCode=0, metaState=0, flags=0x0, repeatCount=0, eventTime=191485, downTime=191485, deviceId=-1, source=0x101 }
06-14 09:30:11.791  7849  7849 I Input   : injectKeyEvent: KeyEvent { action=ACTION_DOWN, keyCode=KEYCODE_DEL, scanCode=0, metaState=0, flags=0x0, repeatCount=0, eventTime=191487, downTime=191487, deviceId=-1, source=0x101 }
06-14 09:30:11.792  7849  7849 I Input   : injectKeyEvent: KeyEvent { action=ACTION_UP, keyCode=KEYCODE_DEL, scanCode=0, metaState=0, flags=0x0, repeatCount=0, eventTime=191487, downTime=191487, deviceId=-1, source=0x101 }
06-14 09:30:11.793  7849  7849 I Input   : injectKeyEvent: KeyEvent { action=ACTION_DOWN, keyCode=KEYCODE_DEL, scanCode=0, metaState=0, flags=0x0, repeatCount=0, eventTime=191489, downTime=191489, deviceId=-1, source=0x101 }
06-14 09:30:11.795  7849  7849 I Input   : injectKeyEvent: KeyEvent { action=ACTION_UP, keyCode=KEYCODE_DEL, scanCode=0, metaState=0, flags=0x0, repeatCount=0, eventTime=191489, downTime=191489, deviceId=-1, source=0x101 }
06-14 09:30:11.796  7849  7849 I Input   : injectKeyEvent: KeyEvent { action=ACTION_DOWN, keyCode=KEYCODE_DEL, scanCode=0, metaState=0, flags=0x0, repeatCount=0, eventTime=191492, downTime=191492, deviceId=-1, source=0x101 }
06-14 09:30:11.797  7849  7849 I Input   : injectKeyEvent: KeyEvent { action=ACTION_UP, keyCode=KEYCODE_DEL, scanCode=0, metaState=0, flags=0x0, repeatCount=0, eventTime=191492, downTime=191492, deviceId=-1, source=0x101 }
06-14 09:30:11.798  7849  7849 I Input   : injectKeyEvent: KeyEvent { action=ACTION_DOWN, keyCode=KEYCODE_DEL, scanCode=0, metaState=0, flags=0x0, repeatCount=0, eventTime=191494, downTime=191494, deviceId=-1, source=0x101 }
06-14 09:30:11.799  7849  7849 I Input   : injectKeyEvent: KeyEvent { action=ACTION_UP, keyCode=KEYCODE_DEL, scanCode=0, metaState=0, flags=0x0, repeatCount=0, eventTime=191494, downTime=191494, deviceId=-1, source=0x101 }
06-14 09:30:11.800  7849  7849 I Input   : injectKeyEvent: KeyEvent { action=ACTION_DOWN, keyCode=KEYCODE_DEL, scanCode=0, metaState=0, flags=0x0, repeatCount=0, eventTime=191496, downTime=191496, deviceId=-1, source=0x101 }
06-14 09:30:11.801  7849  7849 I Input   : injectKeyEvent: KeyEvent { action=ACTION_UP, keyCode=KEYCODE_DEL, scanCode=0, metaState=0, flags=0x0, repeatCount=0, eventTime=191496, downTime=191496, deviceId=-1, source=0x101 }
06-14 09:30:11.802  7849  7849 I Input   : injectKeyEvent: KeyEvent { action=ACTION_DOWN, keyCode=KEYCODE_DEL, scanCode=0, metaState=0, flags=0x0, repeatCount=0, eventTime=191498, downTime=191498, deviceId=-1, source=0x101 }
06-14 09:30:11.802  7849  7849 I Input   : injectKeyEvent: KeyEvent { action=ACTION_UP, keyCode=KEYCODE_DEL, scanCode=0, metaState=0, flags=0x0, repeatCount=0, eventTime=191498, downTime=191498, deviceId=-1, source=0x101 }
06-14 09:30:11.804  7849  7849 I Input   : injectKeyEvent: KeyEvent { action=ACTION_DOWN, keyCode=KEYCODE_DEL, scanCode=0, metaState=0, flags=0x0, repeatCount=0, eventTime=191500, downTime=191500, deviceId=-1, source=0x101 }
06-14 09:30:11.805  7849  7849 I Input   : injectKeyEvent: KeyEvent { action=ACTION_UP, keyCode=KEYCODE_DEL, scanCode=0, metaState=0, flags=0x0, repeatCount=0, eventTime=191500, downTime=191500, deviceId=-1, source=0x101 }
06-14 09:30:11.806  7849  7849 I Input   : injectKeyEvent: KeyEvent { action=ACTION_DOWN, keyCode=KEYCODE_DEL, scanCode=0, metaState=0, flags=0x0, repeatCount=0, eventTime=191502, downTime=191502, deviceId=-1, source=0x101 }
06-14 09:30:11.807  7849  7849 I Input   : injectKeyEvent: KeyEvent { action=ACTION_UP, keyCode=KEYCODE_DEL, scanCode=0, metaState=0, flags=0x0, repeatCount=0, eventTime=191502, downTime=191502, deviceId=-1, source=0x101 }
06-14 09:30:11.808  7849  7849 I Input   : injectKeyEvent: KeyEvent { action=ACTION_DOWN, keyCode=KEYCODE_DEL, scanCode=0, metaState=0, flags=0x0, repeatCount=0, eventTime=191504, downTime=191504, deviceId=-1, source=0x101 }
06-14 09:30:11.810  7849  7849 I Input   : injectKeyEvent: KeyEvent { action=ACTION_UP, keyCode=KEYCODE_DEL, scanCode=0, metaState=0, flags=0x0, repeatCount=0, eventTime=191504, downTime=191504, deviceId=-1, source=0x101 }
06-14 09:30:11.811  7849  7849 I Input   : injectKeyEvent: KeyEvent { action=ACTION_DOWN, keyCode=KEYCODE_DEL, scanCode=0, metaState=0, flags=0x0, repeatCount=0, eventTime=191507, downTime=191507, deviceId=-1, source=0x101 }
06-14 09:30:11.812  7849  7849 I Input   : injectKeyEvent: KeyEvent { action=ACTION_UP, keyCode=KEYCODE_DEL, scanCode=0, metaState=0, flags=0x0, repeatCount=0, eventTime=191507, downTime=191507, deviceId=-1, source=0x101 }
06-14 09:30:11.813  7849  7849 I Input   : injectKeyEvent: KeyEvent { action=ACTION_DOWN, keyCode=KEYCODE_DEL, scanCode=0, metaState=0, flags=0x0, repeatCount=0, eventTime=191509, downTime=191509, deviceId=-1, source=0x101 }
06-14 09:30:11.814  7849  7849 I Input   : injectKeyEvent: KeyEvent { action=ACTION_UP, keyCode=KEYCODE_DEL, scanCode=0, metaState=0, flags=0x0, repeatCount=0, eventTime=191509, downTime=191509, deviceId=-1, source=0x101 }
06-14 09:30:11.815  7849  7849 I Input   : injectKeyEvent: KeyEvent { action=ACTION_DOWN, keyCode=KEYCODE_DEL, scanCode=0, metaState=0, flags=0x0, repeatCount=0, eventTime=191511, downTime=191511, deviceId=-1, source=0x101 }
06-14 09:30:11.816  7849  7849 I Input   : injectKeyEvent: KeyEvent { action=ACTION_UP, keyCode=KEYCODE_DEL, scanCode=0, metaState=0, flags=0x0, repeatCount=0, eventTime=191511, downTime=191511, deviceId=-1, source=0x101 }
06-14 09:30:11.817  7849  7849 I Input   : injectKeyEvent: KeyEvent { action=ACTION_DOWN, keyCode=KEYCODE_DEL, scanCode=0, metaState=0, flags=0x0, repeatCount=0, eventTime=191513, downTime=191513, deviceId=-1, source=0x101 }
06-14 09:30:11.819  7849  7849 I Input   : injectKeyEvent: KeyEvent { action=ACTION_UP, keyCode=KEYCODE_DEL, scanCode=0, metaState=0, flags=0x0, repeatCount=0, eventTime=191513, downTime=191513, deviceId=-1, source=0x101 }
06-14 09:30:11.819  7849  7849 D AndroidRuntime: Shutting down VM
06-14 09:30:11.962  7861  7861 D AndroidRuntime: >>>>>> START com.android.internal.os.RuntimeInit uid 2000 <<<<<<
06-14 09:30:11.963  7861  7861 D AndroidRuntime: CheckJNI is ON
06-14 09:30:11.977  7861  7861 W art     : Unexpected CPU variant for X86 using defaults: x86
06-14 09:30:11.979  7861  7861 D ICU     : No timezone override file found: /data/misc/zoneinfo/current/icu/icu_tzdata.dat
06-14 09:30:11.989  7861  7861 E memtrack: Couldn't load memtrack module (No such file or directory)
06-14 09:30:11.989  7861  7861 E android.os.Debug: failed to load memtrack module: -2
06-14 09:30:11.989  7861  7861 I Radio-JNI: register_android_hardware_Radio DONE
06-14 09:30:11.994  7861  7861 D AndroidRuntime: Calling main entry com.android.commands.input.Input
06-14 09:30:11.997  7861  7861 I Input   : injectKeyEvent: KeyEvent { action=ACTION_DOWN, keyCode=KEYCODE_1, scanCode=0, metaState=0, flags=0x0, repeatCount=0, eventTime=191693, downTime=191693, deviceId=-1, source=0x101 }
06-14 09:30:11.999  7861  7861 I Input   : injectKeyEvent: KeyEvent { action=ACTION_UP, keyCode=KEYCODE_1, scanCode=0, metaState=0, flags=0x0, repeatCount=0, eventTime=191693, downTime=191693, deviceId=-1, source=0x101 }
06-14 09:30:12.000  7861  7861 I Input   : injectKeyEvent: KeyEvent { action=ACTION_DOWN, keyCode=KEYCODE_2, scanCode=0, metaState=0, flags=0x0, repeatCount=0, eventTime=191693, downTime=191693, deviceId=-1, source=0x101 }
06-14 09:30:12.001  7861  7861 I Input   : injectKeyEvent: KeyEvent { action=ACTION_UP, keyCode=KEYCODE_2, scanCode=0, metaState=0, flags=0x0, repeatCount=0, eventTime=191693, downTime=191693, deviceId=-1, source=0x101 }
06-14 09:30:12.002  7861  7861 I Input   : injectKeyEvent: KeyEvent { action=ACTION_DOWN, keyCode=KEYCODE_3, scanCode=0, metaState=0, flags=0x0, repeatCount=0, eventTime=191693, downTime=191693, deviceId=-1, source=0x101 }
06-14 09:30:12.018  7861  7861 I Input   : injectKeyEvent: KeyEvent { action=ACTION_UP, keyCode=KEYCODE_3, scanCode=0, metaState=0, flags=0x0, repeatCount=0, eventTime=191693, downTime=191693, deviceId=-1, source=0x101 }
06-14 09:30:12.019  7861  7861 I Input   : injectKeyEvent: KeyEvent { action=ACTION_DOWN, keyCode=KEYCODE_4, scanCode=0, metaState=0, flags=0x0, repeatCount=0, eventTime=191693, downTime=191693, deviceId=-1, source=0x101 }
06-14 09:30:12.036  7861  7861 I Input   : injectKeyEvent: KeyEvent { action=ACTION_UP, keyCode=KEYCODE_4, scanCode=0, metaState=0, flags=0x0, repeatCount=0, eventTime=191693, downTime=191693, deviceId=-1, source=0x101 }
06-14 09:30:12.037  7861  7861 I Input   : injectKeyEvent: KeyEvent { action=ACTION_DOWN, keyCode=KEYCODE_5, scanCode=0, metaState=0, flags=0x0, repeatCount=0, eventTime=191693, downTime=191693, deviceId=-1, source=0x101 }
06-14 09:30:12.054  7861  7861 I Input   : injectKeyEvent: KeyEvent { action=ACTION_UP, keyCode=KEYCODE_5, scanCode=0, metaState=0, flags=0x0, repeatCount=0, eventTime=191693, downTime=191693, deviceId=-1, source=0x101 }
06-14 09:30:12.072  7861  7861 I Input   : injectKeyEvent: KeyEvent { action=ACTION_DOWN, keyCode=KEYCODE_6, scanCode=0, metaState=0, flags=0x0, repeatCount=0, eventTime=191693, downTime=191693, deviceId=-1, source=0x101 }
06-14 09:30:12.073  7861  7861 I Input   : injectKeyEvent: KeyEvent { action=ACTION_UP, keyCode=KEYCODE_6, scanCode=0, metaState=0, flags=0x0, repeatCount=0, eventTime=191693, downTime=191693, deviceId=-1, source=0x101 }
06-14 09:30:12.074  7861  7861 I Input   : injectKeyEvent: KeyEvent { action=ACTION_DOWN, keyCode=KEYCODE_7, scanCode=0, metaState=0, flags=0x0, repeatCount=0, eventTime=191693, downTime=191693, deviceId=-1, source=0x101 }
06-14 09:30:12.076  7861  7861 I Input   : injectKeyEvent: KeyEvent { action=ACTION_UP, keyCode=KEYCODE_7, scanCode=0, metaState=0, flags=0x0, repeatCount=0, eventTime=191693, downTime=191693, deviceId=-1, source=0x101 }
06-14 09:30:12.078  7861  7861 D AndroidRuntime: Shutting down VM
06-14 09:30:12.119  7876  7876 W ls      : type=1400 audit(0.0:24): avc: denied { getattr } for path="/proc/sysrq-trigger" dev="proc" ino=4026532069 scontext=u:r:shell:s0 tcontext=u:object_r:proc_sysrq:s0 tclass=file permissive=0
06-14 09:30:12.119  7876  7876 W ls      : type=1400 audit(0.0:25): avc: denied { getattr } for path="/proc/iomem" dev="proc" ino=4026532007 scontext=u:r:shell:s0 tcontext=u:object_r:proc_iomem:s0 tclass=file permissive=0
