06-14 09:30:31.577  2166  8677 I Vision  : Checking for download completion for 221273 -- ocr
06-14 09:30:31.580  2166  8677 I ChimeraConfigurator: Starting update, reason: 4 urgentFeatures: vision.ocr:-1
06-14 09:30:31.581  2166  8677 E ConfigFileUtils: Failed to read config file: /data/user_de/0/com.google.android.gms/app_chimera/next_container.pb (No such file or directory)
06-14 09:30:31.599  2166  8677 I ChmraDebugLogger: [73] 1801
06-14 09:30:31.601  2166  8677 I ChmraDebugLogger: [30] [VisionOcr.optional:202414000700] permitMetered=true,
06-14 09:30:31.602  2166  8677 W ChimeraConfigService: Retry attempt was throttled.
06-14 09:30:31.786  8683  8683 D AndroidRuntime: >>>>>> START com.android.internal.os.RuntimeInit uid 2000 <<<<<<
06-14 09:30:31.787  8683  8683 D AndroidRuntime: CheckJNI is ON
06-14 09:30:31.801  8683  8683 W art     : Unexpected CPU variant for X86 using defaults: x86
06-14 09:30:31.804  8683  8683 D ICU     : No timezone override file found: /data/misc/zoneinfo/current/icu/icu_tzdata.dat
06-14 09:30:31.814  8683  8683 E memtrack: Couldn't load memtrack module (No such file or directory)
06-14 09:30:31.814  8683  8683 E android.os.Debug: failed to load memtrack module: -2
06-14 09:30:31.814  8683  8683 I Radio-JNI: register_android_hardware_Radio DONE
06-14 09:30:31.819  8683  8683 D AndroidRuntime: Calling main entry com.android.commands.input.Input
06-14 09:30:31.821  8683  8683 I Input   : injectKeyEvent: KeyEvent { action=ACTION_DOWN, keyCode=KEYCODE_MOVE_END, scanCode=0, metaState=0, flags=0x0, repeatCount=0, eventTime=211516, downTime=211516, deviceId=-1, source=0x101 }
06-14 09:30:31.824  1855  1855 V PhoneStatusBar: setLightsOn(true)
06-14 09:30:31.825  8683  8683 I Input   : injectKeyEvent: KeyEvent { action=ACTION_UP, keyCode=KEYCODE_MOVE_END, scanCode=0, metaState=0, flags=0x0, repeatCount=0, eventTime=211516, downTime=211516, deviceId=-1, source=0x101 }
06-14 09:30:31.826  8683  8683 D AndroidRuntime: Shutting down VM
06-14 09:30:31.972  8693  8693 D AndroidRuntime: >>>>>> START com.android.internal.os.RuntimeInit uid 2000 <<<<<<
06-14 09:30:31.973  8693  8693 D AndroidRuntime: CheckJNI is ON
06-14 09:30:31.988  8693  8693 W art     : Unexpected CPU variant for X86 using defaults: x86
06-14 09:30:31.990  8693  8693 D ICU     : No timezone override file found: /data/misc/zoneinfo/current/icu/icu_tzdata.dat
06-14 09:30:31.999  8693  8693 E memtrack: Couldn't load memtrack module (No such file or directory)
06-14 09:30:32.000  8693  8693 E android.os.Debug: failed to load memtrack module: -2
06-14 09:30:32.000  8693  8693 I Radio-JNI: register_android_hardware_Radio DONE
06-14 09:30:32.003  1674  1695 I WindowManager: Destroying surface Surface(name=PopupWindow:36fdadf) called by com.android.server.wm.WindowStateAnimator.destroySurface:2016 com.android.server.wm.WindowStateAnimator.destroySurfaceLocked:882 com.android.server.wm.WindowState.destroyOrSaveSurface:2100 com.android.server.wm.AppWindowToken.destroySurfaces:363 com.android.server.wm.WindowStateAnimator.finishExit:565 com.android.server.wm.WindowStateAnimator.stepAnimationLocked:491 com.android.server.wm.WindowAnimator.updateWindowsLocked:303 com.android.server.wm.WindowAnimator.animateLocked:704 
06-14 09:30:32.004  1855  1855 V PhoneStatusBar: setLightsOn(true)
06-14 09:30:32.005  8693  8693 D AndroidRuntime: Calling main entry com.android.commands.input.Input
06-14 09:30:32.005  1855  1855 V PhoneStatusBar: setLightsOn(true)
06-14 09:30:32.005  8693  8693 I Input   : injectKeyEvent: KeyEvent { action=ACTION_DOWN, keyCode=KEYCODE_DEL, scanCode=0, metaState=0, flags=0x0, repeatCount=0, eventTime=211701, downTime=211701, deviceId=-1, source=0x101 }
06-14 09:30:32.008  8693  8693 I Input   : injectKeyEvent: KeyEvent { action=ACTION_UP, keyCode=KEYCODE_DEL, scanCode=0, metaState=0, flags=0x0, repeatCount=0, eventTime=211701, downTime=211701, deviceId=-1, source=0x101 }
06-14 09:30:32.009  8693  8693 I Input   : injectKeyEvent: KeyEvent { action=ACTION_DOWN, keyCode=KEYCODE_DEL, scanCode=0, metaState=0, flags=0x0, repeatCount=0, eventTime=211705, downTime=211705, deviceId=-1, source=0x101 }
06-14 09:30:32.011  8693  8693 I Input   : injectKeyEvent: KeyEvent { action=ACTION_UP, keyCode=KEYCODE_DEL, scanCode=0, metaState=0, flags=0x0, repeatCount=0, eventTime=211705, downTime=211705, deviceId=-1, source=0x101 }
06-14 09:30:32.012  8693  8693 I Input   : injectKeyEvent: KeyEvent { action=ACTION_DOWN, keyCode=KEYCODE_DEL, scanCode=0, metaState=0, flags=0x0, repeatCount=0, eventTime=211708, downTime=211708, deviceId=-1, source=0x101 }
06-14 09:30:32.013  8693  8693 I Input   : injectKeyEvent: KeyEvent { action=ACTION_UP, keyCode=KEYCODE_DEL, scanCode=0, metaState=0, flags=0x0, repeatCount=0, eventTime=211708, downTime=211708, deviceId=-1, source=0x101 }
06-14 09:30:32.014  8693  8693 I Input   : injectKeyEvent: KeyEvent { action=ACTION_DOWN, keyCode=KEYCODE_DEL, scanCode=0, metaState=0, flags=0x0, repeatCount=0, eventTime=211711, downTime=211711, deviceId=-1, source=0x101 }
06-14 09:30:32.016  8693  8693 I Input   : injectKeyEvent: KeyEvent { action=ACTION_UP, keyCode=KEYCODE_DEL, scanCode=0, metaState=0, flags=0x0, repeatCount=0, eventTime=211711, downTime=211711, deviceId=-1, source=0x101 }
06-14 09:30:32.017  8693  8693 I Input   : injectKeyEvent: KeyEvent { action=ACTION_DOWN, keyCode=KEYCODE_DEL, scanCode=0, metaState=0, flags=0x0, repeatCount=0, eventTime=211713, downTime=211713, deviceId=-1, source=0x101 }
06-14 09:30:32.019  8693  8693 I Input   : injectKeyEvent: KeyEvent { action=ACTION_UP, keyCode=KEYCODE_DEL, scanCode=0, metaState=0, flags=0x0, repeatCount=0, eventTime=211713, downTime=211713, deviceId=-1, source=0x101 }
06-14 09:30:32.036  8693  8693 I Input   : injectKeyEvent: KeyEvent { action=ACTION_DOWN, keyCode=KEYCODE_DEL, scanCode=0, metaState=0, flags=0x0, repeatCount=0, eventTime=211732, downTime=211732, deviceId=-1, source=0x101 }
06-14 09:30:32.039  8693  8693 I Input   : injectKeyEvent: KeyEvent { action=ACTION_UP, keyCode=KEYCODE_DEL, scanCode=0, metaState=0, flags=0x0, repeatCount=0, eventTime=211732, downTime=211732, deviceId=-1, source=0x101 }
06-14 09:30:32.040  8693  8693 I Input   : injectKeyEvent: KeyEvent { action=ACTION_DOWN, keyCode=KEYCODE_DEL, scanCode=0, metaState=0, flags=0x0, repeatCount=0, eventTime=211736, downTime=211736, deviceId=-1, source=0x101 }
06-14 09:30:32.042  8693  8693 I Input   : injectKeyEvent: KeyEvent { action=ACTION_UP, keyCode=KEYCODE_DEL, scanCode=0, metaState=0, flags=0x0, repeatCount=0, eventTime=211736, downTime=211736, deviceId=-1, source=0x101 }
06-14 09:30:32.043  8693  8693 I Input   : injectKeyEvent: KeyEvent { action=ACTION_DOWN, keyCode=KEYCODE_DEL, scanCode=0, metaState=0, flags=0x0, repeatCount=0, eventTime=211739, downTime=211739, deviceId=-1, source=0x101 }
06-14 09:30:32.045  8693  8693 I Input   : injectKeyEvent: KeyEvent { action=ACTION_UP, keyCode=KEYCODE_DEL, scanCode=0, metaState=0, flags=0x0, repeatCount=0, eventTime=211739, downTime=211739, deviceId=-1, source=0x101 }
06-14 09:30:32.046  8693  8693 I Input   : injectKeyEvent: KeyEvent { action=ACTION_DOWN, keyCode=KEYCODE_DEL, scanCode=0, metaState=0, flags=0x0, repeatCount=0, eventTime=211742, downTime=211742, deviceId=-1, source=0x101 }
06-14 09:30:32.048  8693  8693 I Input   : injectKeyEvent: KeyEvent { action=ACTION_UP, keyCode=KEYCODE_DEL, scanCode=0, metaState=0, flags=0x0, repeatCount=0, eventTime=211742, downTime=211742, deviceId=-1, source=0x101 }
06-14 09:30:32.049  8693  8693 I Input   : injectKeyEvent: KeyEvent { action=ACTION_DOWN, keyCode=KEYCODE_DEL, scanCode=0, metaState=0, flags=0x0, repeatCount=0, eventTime=211745, downTime=211745, deviceId=-1, source=0x101 }
06-14 09:30:32.051  8693  8693 I Input   : injectKeyEvent: KeyEvent { action=ACTION_UP, keyCode=KEYCODE_DEL, scanCode=0, metaState=0, flags=0x0, repeatCount=0, eventTime=211745, downTime=211745, deviceId=-1, source=0x101 }
06-14 09:30:32.052  8693  8693 I Input   : injectKeyEvent: KeyEvent { action=ACTION_DOWN, keyCode=KEYCODE_DEL, scanCode=0, metaState=0, flags=0x0, repeatCount=0, eventTime=211748, downTime=211748, deviceId=-1, source=0x101 }
06-14 09:30:32.054  8693  8693 I Input   : injectKeyEvent: KeyEvent { action=ACTION_UP, keyCode=KEYCODE_DEL, scanCode=0, metaState=0, flags=0x0, repeatCount=0, eventTime=211748, downTime=211748, deviceId=-1, source=0x101 }
06-14 09:30:32.071  8693  8693 I Input   : injectKeyEvent: KeyEvent { action=ACTION_DOWN, keyCode=KEYCODE_DEL, scanCode=0, metaState=0, flags=0x0, repeatCount=0, eventTime=211768, downTime=211768, deviceId=-1, source=0x101 }
06-14 09:30:32.073  8693  8693 I Input   : injectKeyEvent: KeyEvent { action=ACTION_UP, keyCode=KEYCODE_DEL, scanCode=0, metaState=0, flags=0x0, repeatCount=0, eventTime=211768, downTime=211768, deviceId=-1, source=0x101 }
06-14 09:30:32.074  8693  8693 I Input   : injectKeyEvent: KeyEvent { action=ACTION_DOWN, keyCode=KEYCODE_DEL, scanCode=0, metaState=0, flags=0x0, repeatCount=0, eventTime=211770, downTime=211770, deviceId=-1, source=0x101 }
06-14 09:30:32.076  8693  8693 I Input   : injectKeyEvent: KeyEvent { action=ACTION_UP, keyCode=KEYCODE_DEL, scanCode=0, metaState=0, flags=0x0, repeatCount=0, eventTime=211770, downTime=211770, deviceId=-1, source=0x101 }
06-14 09:30:32.077  8693  8693 I Input   : injectKeyEvent: KeyEvent { action=ACTION_DOWN, keyCode=KEYCODE_DEL, scanCode=0, metaState=0, flags=0x0, repeatCount=0, eventTime=211773, downTime=211773, deviceId=-1, source=0x101 }
06-14 09:30:32.078  8693  8693 I Input   : injectKeyEvent: KeyEvent { action=ACTION_UP, keyCode=KEYCODE_DEL, scanCode=0, metaState=0, flags=0x0, repeatCount=0, eventTime=211773, downTime=211773, deviceId=-1, source=0x101 }
06-14 09:30:32.080  8693  8693 I Input   : injectKeyEvent: KeyEvent { action=ACTION_DOWN, keyCode=KEYCODE_DEL, scanCode=0, metaState=0, flags=0x0, repeatCount=0, eventTime=211776, downTime=211776, deviceId=-1, source=0x101 }
06-14 09:30:32.081  8693  8693 I Input   : injectKeyEvent: KeyEvent { action=ACTION_UP, keyCode=KEYCODE_DEL, scanCode=0, metaState=0, flags=0x0, repeatCount=0, eventTime=211776, downTime=211776, deviceId=-1, source=0x101 }
06-14 09:30:32.082  8693  8693 I Input   : injectKeyEvent: KeyEvent { action=ACTION_DOWN, keyCode=KEYCODE_DEL, scanCode=0, metaState=0, flags=0x0, repeatCount=0, eventTime=211778, downTime=211778, deviceId=-1, source=0x101 }
06-14 09:30:32.083  8693  8693 I Input   : injectKeyEvent: KeyEvent { action=ACTION_UP, keyCode=KEYCODE_DEL, scanCode=0, metaState=0, flags=0x0, repeatCount=0, eventTime=211778, downTime=211778, deviceId=-1, source=0x101 }
06-14 09:30:32.084  8693  8693 I Input   : injectKeyEvent: KeyEvent { action=ACTION_DOWN, keyCode=KEYCODE_DEL, scanCode=0, metaState=0, flags=0x0, repeatCount=0, eventTime=211780, downTime=211780, deviceId=-1, source=0x101 }
06-14 09:30:32.085  8693  8693 I Input   : injectKeyEvent: KeyEvent { action=ACTION_UP, keyCode=KEYCODE_DEL, scanCode=0, metaState=0, flags=0x0, repeatCount=0, eventTime=211780, downTime=211780, deviceId=-1, source=0x101 }
06-14 09:30:32.086  8693  8693 I Input   : injectKeyEvent: KeyEvent { action=ACTION_DOWN, keyCode=KEYCODE_DEL, scanCode=0, metaState=0, flags=0x0, repeatCount=0, eventTime=211782, downTime=211782, deviceId=-1, source=0x101 }
06-14 09:30:32.105  8693  8693 I Input   : injectKeyEvent: KeyEvent { action=ACTION_UP, keyCode=KEYCODE_DEL, scanCode=0, metaState=0, flags=0x0, repeatCount=0, eventTime=211782, downTime=211782, deviceId=-1, source=0x101 }
06-14 09:30:32.106  8693  8693 I Input   : injectKeyEvent: KeyEvent { action=ACTION_DOWN, keyCode=KEYCODE_DEL, scanCode=0, metaState=0, flags=0x0, repeatCount=0, eventTime=211802, downTime=211802, deviceId=-1, source=0x101 }
06-14 09:30:32.107  8693  8693 I Input   : injectKeyEvent: KeyEvent { action=ACTION_UP, keyCode=KEYCODE_DEL, scanCode=0, metaState=0, flags=0x0, repeatCount=0, eventTime=211802, downTime=211802, deviceId=-1, source=0x101 }
06-14 09:30:32.108  8693  8693 I Input   : injectKeyEvent: KeyEvent { action=ACTION_DOWN, keyCode=KEYCODE_DEL, scanCode=0, metaState=0, flags=0x0, repeatCount=0, eventTime=211804, downTime=211804, deviceId=-1, source=0x101 }
06-14 09:30:32.110  8693  8693 I Input   : injectKeyEvent: KeyEvent { action=ACTION_UP, keyCode=KEYCODE_DEL, scanCode=0, metaState=0, flags=0x0, repeatCount=0, eventTime=211804, downTime=211804, deviceId=-1, source=0x101 }
06-14 09:30:32.111  8693  8693 I Input   : injectKeyEvent: KeyEvent { action=ACTION_DOWN, keyCode=KEYCODE_DEL, scanCode=0, metaState=0, flags=0x0, repeatCount=0, eventTime=211807, downTime=211807, deviceId=-1, source=0x101 }
06-14 09:30:32.112  8693  8693 I Input   : injectKeyEvent: KeyEvent { action=ACTION_UP, keyCode=KEYCODE_DEL, scanCode=0, metaState=0, flags=0x0, repeatCount=0, eventTime=211807, downTime=211807, deviceId=-1, source=0x101 }
06-14 09:30:32.113  8693  8693 I Input   : injectKeyEvent: KeyEvent { action=ACTION_DOWN, keyCode=KEYCODE_DEL, scanCode=0, metaState=0, flags=0x0, repeatCount=0, eventTime=211810, downTime=211810, deviceId=-1, source=0x101 }
06-14 09:30:32.115  8693  8693 I Input   : injectKeyEvent: KeyEvent { action=ACTION_UP, keyCode=KEYCODE_DEL, scanCode=0, metaState=0, flags=0x0, repeatCount=0, eventTime=211810, downTime=211810, deviceId=-1, source=0x101 }
06-14 09:30:32.115  8693  8693 I Input   : injectKeyEvent: KeyEvent { action=ACTION_DOWN, keyCode=KEYCODE_DEL, scanCode=0, metaState=0, flags=0x0, repeatCount=0, eventTime=211811, downTime=211811, deviceId=-1, source=0x101 }
06-14 09:30:32.116  8693  8693 I Input   : injectKeyEvent: KeyEvent { action=ACTION_UP, keyCode=KEYCODE_DEL, scanCode=0, metaState=0, flags=0x0, repeatCount=0, eventTime=211811, downTime=211811, deviceId=-1, source=0x101 }
06-14 09:30:32.118  8693  8693 I Input   : injectKeyEvent: KeyEvent { action=ACTION_DOWN, keyCode=KEYCODE_DEL, scanCode=0, metaState=0, flags=0x0, repeatCount=0, eventTime=211814, downTime=211814, deviceId=-1, source=0x101 }
06-14 09:30:32.119  8693  8693 I Input   : injectKeyEvent: KeyEvent { action=ACTION_UP, keyCode=KEYCODE_DEL, scanCode=0, metaState=0, flags=0x0, repeatCount=0, eventTime=211814, downTime=211814, deviceId=-1, source=0x101 }
06-14 09:30:32.120  8693  8693 I Input   : injectKeyEvent: KeyEvent { action=ACTION_DOWN, keyCode=KEYCODE_DEL, scanCode=0, metaState=0, flags=0x0, repeatCount=0, eventTime=211816, downTime=211816, deviceId=-1, source=0x101 }
06-14 09:30:32.121  8693  8693 I Input   : injectKeyEvent: KeyEvent { action=ACTION_UP, keyCode=KEYCODE_DEL, scanCode=0, metaState=0, flags=0x0, repeatCount=0, eventTime=211816, downTime=211816, deviceId=-1, source=0x101 }
06-14 09:30:32.122  8693  8693 I Input   : injectKeyEvent: KeyEvent { action=ACTION_DOWN, keyCode=KEYCODE_DEL, scanCode=0, metaState=0, flags=0x0, repeatCount=0, eventTime=211818, downTime=211818, deviceId=-1, source=0x101 }
06-14 09:30:32.123  8693  8693 I Input   : injectKeyEvent: KeyEvent { action=ACTION_UP, keyCode=KEYCODE_DEL, scanCode=0, metaState=0, flags=0x0, repeatCount=0, eventTime=211818, downTime=211818, deviceId=-1, source=0x101 }
06-14 09:30:32.124  8693  8693 I Input   : injectKeyEvent: KeyEvent { action=ACTION_DOWN, keyCode=KEYCODE_DEL, scanCode=0, metaState=0, flags=0x0, repeatCount=0, eventTime=211820, downTime=211820, deviceId=-1, source=0x101 }
06-14 09:30:32.126  8693  8693 I Input   : injectKeyEvent: KeyEvent { action=ACTION_UP, keyCode=KEYCODE_DEL, scanCode=0, metaState=0, flags=0x0, repeatCount=0, eventTime=211820, downTime=211820, deviceId=-1, source=0x101 }
06-14 09:30:32.126  8693  8693 I Input   : injectKeyEvent: KeyEvent { action=ACTION_DOWN, keyCode=KEYCODE_DEL, scanCode=0, metaState=0, flags=0x0, repeatCount=0, eventTime=211823, downTime=211823, deviceId=-1, source=0x101 }
06-14 09:30:32.127  8693  8693 I Input   : injectKeyEvent: KeyEvent { action=ACTION_UP, keyCode=KEYCODE_DEL, scanCode=0, metaState=0, flags=0x0, repeatCount=0, eventTime=211823, downTime=211823, deviceId=-1, source=0x101 }
06-14 09:30:32.128  8693  8693 I Input   : injectKeyEvent: KeyEvent { action=ACTION_DOWN, keyCode=KEYCODE_DEL, scanCode=0, metaState=0, flags=0x0, repeatCount=0, eventTime=211824, downTime=211824, deviceId=-1, source=0x101 }
06-14 09:30:32.129  8693  8693 I Input   : injectKeyEvent: KeyEvent { action=ACTION_UP, keyCode=KEYCODE_DEL, scanCode=0, metaState=0, flags=0x0, repeatCount=0, eventTime=211824, downTime=211824, deviceId=-1, source=0x101 }
06-14 09:30:32.131  8693  8693 I Input   : injectKeyEvent: KeyEvent { action=ACTION_DOWN, keyCode=KEYCODE_DEL, scanCode=0, metaState=0, flags=0x0, repeatCount=0, eventTime=211827, downTime=211827, deviceId=-1, source=0x101 }
06-14 09:30:32.131  8693  8693 I Input   : injectKeyEvent: KeyEvent { action=ACTION_UP, keyCode=KEYCODE_DEL, scanCode=0, metaState=0, flags=0x0, repeatCount=0, eventTime=211827, downTime=211827, deviceId=-1, source=0x101 }
06-14 09:30:32.132  8693  8693 I Input   : injectKeyEvent: KeyEvent { action=ACTION_DOWN, keyCode=KEYCODE_DEL, scanCode=0, metaState=0, flags=0x0, repeatCount=0, eventTime=211828, downTime=211828, deviceId=-1, source=0x101 }
06-14 09:30:32.134  8693  8693 I Input   : injectKeyEvent: KeyEvent { action=ACTION_UP, keyCode=KEYCODE_DEL, scanCode=0, metaState=0, flags=0x0, repeatCount=0, eventTime=211828, downTime=211828, deviceId=-1, source=0x101 }
06-14 09:30:32.135  8693  8693 I Input   : injectKeyEvent: KeyEvent { action=ACTION_DOWN, keyCode=KEYCODE_DEL, scanCode=0, metaState=0, flags=0x0, repeatCount=0, eventTime=211831, downTime=211831, deviceId=-1, source=0x101 }
06-14 09:30:32.136  8693  8693 I Input   : injectKeyEvent: KeyEvent { action=ACTION_UP, keyCode=KEYCODE_DEL, scanCode=0, metaState=0, flags=0x0, repeatCount=0, eventTime=211831, downTime=211831, deviceId=-1, source=0x101 }
06-14 09:30:32.137  8693  8693 I Input   : injectKeyEvent: KeyEvent { action=ACTION_DOWN, keyCode=KEYCODE_DEL, scanCode=0, metaState=0, flags=0x0, repeatCount=0, eventTime=211833, downTime=211833, deviceId=-1, source=0x101 }
06-14 09:30:32.138  8693  8693 I Input   : injectKeyEvent: KeyEvent { action=ACTION_UP, keyCode=KEYCODE_DEL, scanCode=0, metaState=0, flags=0x0, repeatCount=0, eventTime=211833, downTime=211833, deviceId=-1, source=0x101 }
06-14 09:30:32.139  8693  8693 I Input   : injectKeyEvent: KeyEvent { action=ACTION_DOWN, keyCode=KEYCODE_DEL, scanCode=0, metaState=0, flags=0x0, repeatCount=0, eventTime=211836, downTime=211836, deviceId=-1, source=0x101 }
06-14 09:30:32.141  8693  8693 I Input   : injectKeyEvent: KeyEvent { action=ACTION_UP, keyCode=KEYCODE_DEL, scanCode=0, metaState=0, flags=0x0, repeatCount=0, eventTime=211836, downTime=211836, deviceId=-1, source=0x101 }
06-14 09:30:32.142  8693  8693 I Input   : injectKeyEvent: KeyEvent { action=ACTION_DOWN, keyCode=KEYCODE_DEL, scanCode=0, metaState=0, flags=0x0, repeatCount=0, eventTime=211838, downTime=211838, deviceId=-1, source=0x101 }
06-14 09:30:32.143  8693  8693 I Input   : injectKeyEvent: KeyEvent { action=ACTION_UP, keyCode=KEYCODE_DEL, scanCode=0, metaState=0, flags=0x0, repeatCount=0, eventTime=211838, downTime=211838, deviceId=-1, source=0x101 }
06-14 09:30:32.144  8693  8693 I Input   : injectKeyEvent: KeyEvent { action=ACTION_DOWN, keyCode=KEYCODE_DEL, scanCode=0, metaState=0, flags=0x0, repeatCount=0, eventTime=211841, downTime=211841, deviceId=-1, source=0x101 }
06-14 09:30:32.146  8693  8693 I Input   : injectKeyEvent: KeyEvent { action=ACTION_UP, keyCode=KEYCODE_DEL, scanCode=0, metaState=0, flags=0x0, repeatCount=0, eventTime=211841, downTime=211841, deviceId=-1, source=0x101 }
06-14 09:30:32.147  8693  8693 I Input   : injectKeyEvent: KeyEvent { action=ACTION_DOWN, keyCode=KEYCODE_DEL, scanCode=0, metaState=0, flags=0x0, repeatCount=0, eventTime=211843, downTime=211843, deviceId=-1, source=0x101 }
06-14 09:30:32.147  8693  8693 I Input   : injectKeyEvent: KeyEvent { action=ACTION_UP, keyCode=KEYCODE_DEL, scanCode=0, metaState=0, flags=0x0, repeatCount=0, eventTime=211843, downTime=211843, deviceId=-1, source=0x101 }
06-14 09:30:32.149  8693  8693 I Input   : injectKeyEvent: KeyEvent { action=ACTION_DOWN, keyCode=KEYCODE_DEL, scanCode=0, metaState=0, flags=0x0, repeatCount=0, eventTime=211845, downTime=211845, deviceId=-1, source=0x101 }
06-14 09:30:32.150  8693  8693 I Input   : injectKeyEvent: KeyEvent { action=ACTION_UP, keyCode=KEYCODE_DEL, scanCode=0, metaState=0, flags=0x0, repeatCount=0, eventTime=211845, downTime=211845, deviceId=-1, source=0x101 }
06-14 09:30:32.151  8693  8693 I Input   : injectKeyEvent: KeyEvent { action=ACTION_DOWN, keyCode=KEYCODE_DEL, scanCode=0, metaState=0, flags=0x0, repeatCount=0, eventTime=211847, downTime=211847, deviceId=-1, source=0x101 }
06-14 09:30:32.152  8693  8693 I Input   : injectKeyEvent: KeyEvent { action=ACTION_UP, keyCode=KEYCODE_DEL, scanCode=0, metaState=0, flags=0x0, repeatCount=0, eventTime=211847, downTime=211847, deviceId=-1, source=0x101 }
06-14 09:30:32.153  8693  8693 I Input   : injectKeyEvent: KeyEvent { action=ACTION_DOWN, keyCode=KEYCODE_DEL, scanCode=0, metaState=0, flags=0x0, repeatCount=0, eventTime=211849, downTime=211849, deviceId=-1, source=0x101 }
06-14 09:30:32.155  8693  8693 I Input   : injectKeyEvent: KeyEvent { action=ACTION_UP, keyCode=KEYCODE_DEL, scanCode=0, metaState=0, flags=0x0, repeatCount=0, eventTime=211849, downTime=211849, deviceId=-1, source=0x101 }
06-14 09:30:32.156  8693  8693 I Input   : injectKeyEvent: KeyEvent { action=ACTION_DOWN, keyCode=KEYCODE_DEL, scanCode=0, metaState=0, flags=0x0, repeatCount=0, eventTime=211852, downTime=211852, deviceId=-1, source=0x101 }
06-14 09:30:32.157  8693  8693 I Input   : injectKeyEvent: KeyEvent { action=ACTION_UP, keyCode=KEYCODE_DEL, scanCode=0, metaState=0, flags=0x0, repeatCount=0, eventTime=211852, downTime=211852, deviceId=-1, source=0x101 }
06-14 09:30:32.158  8693  8693 I Input   : injectKeyEvent: KeyEvent { action=ACTION_DOWN, keyCode=KEYCODE_DEL, scanCode=0, metaState=0, flags=0x0, repeatCount=0, eventTime=211854, downTime=211854, deviceId=-1, source=0x101 }
06-14 09:30:32.159  8693  8693 I Input   : injectKeyEvent: KeyEvent { action=ACTION_UP, keyCode=KEYCODE_DEL, scanCode=0, metaState=0, flags=0x0, repeatCount=0, eventTime=211854, downTime=211854, deviceId=-1, source=0x101 }
06-14 09:30:32.161  8693  8693 I Input   : injectKeyEvent: KeyEvent { action=ACTION_DOWN, keyCode=KEYCODE_DEL, scanCode=0, metaState=0, flags=0x0, repeatCount=0, eventTime=211857, downTime=211857, deviceId=-1, source=0x101 }
06-14 09:30:32.162  8693  8693 I Input   : injectKeyEvent: KeyEvent { action=ACTION_UP, keyCode=KEYCODE_DEL, scanCode=0, metaState=0, flags=0x0, repeatCount=0, eventTime=211857, downTime=211857, deviceId=-1, source=0x101 }
06-14 09:30:32.163  8693  8693 I Input   : injectKeyEvent: KeyEvent { action=ACTION_DOWN, keyCode=KEYCODE_DEL, scanCode=0, metaState=0, flags=0x0, repeatCount=0, eventTime=211859, downTime=211859, deviceId=-1, source=0x101 }
06-14 09:30:32.165  8693  8693 I Input   : injectKeyEvent: KeyEvent { action=ACTION_UP, keyCode=KEYCODE_DEL, scanCode=0, metaState=0, flags=0x0, repeatCount=0, eventTime=211859, downTime=211859, deviceId=-1, source=0x101 }
06-14 09:30:32.166  8693  8693 I Input   : injectKeyEvent: KeyEvent { action=ACTION_DOWN, keyCode=KEYCODE_DEL, scanCode=0, metaState=0, flags=0x0, repeatCount=0, eventTime=211862, downTime=211862, deviceId=-1, source=0x101 }
06-14 09:30:32.167  8693  8693 I Input   : injectKeyEvent: KeyEvent { action=ACTION_UP, keyCode=KEYCODE_DEL, scanCode=0, metaState=0, flags=0x0, repeatCount=0, eventTime=211862, downTime=211862, deviceId=-1, source=0x101 }
06-14 09:30:32.168  8693  8693 I Input   : injectKeyEvent: KeyEvent { action=ACTION_DOWN, keyCode=KEYCODE_DEL, scanCode=0, metaState=0, flags=0x0, repeatCount=0, eventTime=211864, downTime=211864, deviceId=-1, source=0x101 }
06-14 09:30:32.169  8693  8693 I Input   : injectKeyEvent: KeyEvent { action=ACTION_UP, keyCode=KEYCODE_DEL, scanCode=0, metaState=0, flags=0x0, repeatCount=0, eventTime=211864, downTime=211864, deviceId=-1, source=0x101 }
06-14 09:30:32.170  8693  8693 I Input   : injectKeyEvent: KeyEvent { action=ACTION_DOWN, keyCode=KEYCODE_DEL, scanCode=0, metaState=0, flags=0x0, repeatCount=0, eventTime=211866, downTime=211866, deviceId=-1, source=0x101 }
06-14 09:30:32.171  8693  8693 I Input   : injectKeyEvent: KeyEvent { action=ACTION_UP, keyCode=KEYCODE_DEL, scanCode=0, metaState=0, flags=0x0, repeatCount=0, eventTime=211866, downTime=211866, deviceId=-1, source=0x101 }
06-14 09:30:32.173  8693  8693 I Input   : injectKeyEvent: KeyEvent { action=ACTION_DOWN, keyCode=KEYCODE_DEL, scanCode=0, metaState=0, flags=0x0, repeatCount=0, eventTime=211869, downTime=211869, deviceId=-1, source=0x101 }
06-14 09:30:32.174  8693  8693 I Input   : injectKeyEvent: KeyEvent { action=ACTION_UP, keyCode=KEYCODE_DEL, scanCode=0, metaState=0, flags=0x0, repeatCount=0, eventTime=211869, downTime=211869, deviceId=-1, source=0x101 }
06-14 09:30:32.175  8693  8693 I Input   : injectKeyEvent: KeyEvent { action=ACTION_DOWN, keyCode=KEYCODE_DEL, scanCode=0, metaState=0, flags=0x0, repeatCount=0, eventTime=211871, downTime=211871, deviceId=-1, source=0x101 }
06-14 09:30:32.176  8693  8693 I Input   : injectKeyEvent: KeyEvent { action=ACTION_UP, keyCode=KEYCODE_DEL, scanCode=0, metaState=0, flags=0x0, repeatCount=0, eventTime=211871, downTime=211871, deviceId=-1, source=0x101 }
06-14 09:30:32.177  8693  8693 I Input   : injectKeyEvent: KeyEvent { action=ACTION_DOWN, keyCode=KEYCODE_DEL, scanCode=0, metaState=0, flags=0x0, repeatCount=0, eventTime=211873, downTime=211873, deviceId=-1, source=0x101 }
06-14 09:30:32.178  8693  8693 I Input   : injectKeyEvent: KeyEvent { action=ACTION_UP, keyCode=KEYCODE_DEL, scanCode=0, metaState=0, flags=0x0, repeatCount=0, eventTime=211873, downTime=211873, deviceId=-1, source=0x101 }
06-14 09:30:32.179  8693  8693 D AndroidRuntime: Shutting down VM
06-14 09:30:32.323  8706  8706 D AndroidRuntime: >>>>>> START com.android.internal.os.RuntimeInit uid 2000 <<<<<<
06-14 09:30:32.324  8706  8706 D AndroidRuntime: CheckJNI is ON
06-14 09:30:32.338  8706  8706 W art     : Unexpected CPU variant for X86 using defaults: x86
06-14 09:30:32.340  8706  8706 D ICU     : No timezone override file found: /data/misc/zoneinfo/current/icu/icu_tzdata.dat
06-14 09:30:32.350  8706  8706 E memtrack: Couldn't load memtrack module (No such file or directory)
06-14 09:30:32.350  8706  8706 E android.os.Debug: failed to load memtrack module: -2
06-14 09:30:32.350  8706  8706 I Radio-JNI: register_android_hardware_Radio DONE
06-14 09:30:32.355  8706  8706 D AndroidRuntime: Calling main entry com.android.commands.input.Input
06-14 09:30:32.357  8706  8706 I Input   : injectKeyEvent: KeyEvent { action=ACTION_DOWN, keyCode=KEYCODE_SHIFT_LEFT, scanCode=0, metaState=META_SHIFT_ON|META_SHIFT_LEFT_ON, flags=0x0, repeatCount=0, eventTime=212053, downTime=212053, deviceId=-1, source=0x101 }
06-14 09:30:32.359  8706  8706 I Input   : injectKeyEvent: KeyEvent { action=ACTION_DOWN, keyCode=KEYCODE_T, scanCode=0, metaState=META_SHIFT_ON|META_SHIFT_LEFT_ON, flags=0x0, repeatCount=0, eventTime=212053, downTime=212053, deviceId=-1, source=0x101 }
06-14 09:30:32.361  8706  8706 I Input   : injectKeyEvent: KeyEvent { action=ACTION_UP, keyCode=KEYCODE_T, scanCode=0, metaState=META_SHIFT_ON|META_SHIFT_LEFT_ON, flags=0x0, repeatCount=0, eventTime=212053, downTime=212053, deviceId=-1, source=0x101 }
06-14 09:30:32.362  8706  8706 I Input   : injectKeyEvent: KeyEvent { action=ACTION_UP, keyCode=KEYCODE_SHIFT_LEFT, scanCode=0, metaState=0, flags=0x0, repeatCount=0, eventTime=212053, downTime=212053, deviceId=-1, source=0x101 }
06-14 09:30:32.363  8706  8706 I Input   : injectKeyEvent: KeyEvent { action=ACTION_DOWN, keyCode=KEYCODE_E, scanCode=0, metaState=0, flags=0x0, repeatCount=0, eventTime=212053, downTime=212053, deviceId=-1, source=0x101 }
06-14 09:30:32.365  8706  8706 I Input   : injectKeyEvent: KeyEvent { action=ACTION_UP, keyCode=KEYCODE_E, scanCode=0, metaState=0, flags=0x0, repeatCount=0, eventTime=212053, downTime=212053, deviceId=-1, source=0x101 }
06-14 09:30:32.366  8706  8706 I Input   : injectKeyEvent: KeyEvent { action=ACTION_DOWN, keyCode=KEYCODE_S, scanCode=0, metaState=0, flags=0x0, repeatCount=0, eventTime=212053, downTime=212053, deviceId=-1, source=0x101 }
06-14 09:30:32.368  8706  8706 I Input   : injectKeyEvent: KeyEvent { action=ACTION_UP, keyCode=KEYCODE_S, scanCode=0, metaState=0, flags=0x0, repeatCount=0, eventTime=212053, downTime=212053, deviceId=-1, source=0x101 }
06-14 09:30:32.369  8706  8706 I Input   : injectKeyEvent: KeyEvent { action=ACTION_DOWN, keyCode=KEYCODE_T, scanCode=0, metaState=0, flags=0x0, repeatCount=0, eventTime=212053, downTime=212053, deviceId=-1, source=0x101 }
06-14 09:30:32.388  8706  8706 I Input   : injectKeyEvent: KeyEvent { action=ACTION_UP, keyCode=KEYCODE_T, scanCode=0, metaState=0, flags=0x0, repeatCount=0, eventTime=212053, downTime=212053, deviceId=-1, source=0x101 }
06-14 09:30:32.389  8706  8706 I Input   : injectKeyEvent: KeyEvent { action=ACTION_DOWN, keyCode=KEYCODE_SHIFT_LEFT, scanCode=0, metaState=META_SHIFT_ON|META_SHIFT_LEFT_ON, flags=0x0, repeatCount=0, eventTime=212053, downTime=212053, deviceId=-1, source=0x101 }
06-14 09:30:32.390  8706  8706 I Input   : injectKeyEvent: KeyEvent { action=ACTION_DOWN, keyCode=KEYCODE_T, scanCode=0, metaState=META_SHIFT_ON|META_SHIFT_LEFT_ON, flags=0x0, repeatCount=0, eventTime=212053, downTime=212053, deviceId=-1, source=0x101 }
06-14 09:30:32.392  8706  8706 I Input   : injectKeyEvent: KeyEvent { action=ACTION_UP, keyCode=KEYCODE_T, scanCode=0, metaState=META_SHIFT_ON|META_SHIFT_LEFT_ON, flags=0x0, repeatCount=0, eventTime=212053, downTime=212053, deviceId=-1, source=0x101 }
06-14 09:30:32.393  8706  8706 I Input   : injectKeyEvent: KeyEvent { action=ACTION_UP, keyCode=KEYCODE_SHIFT_LEFT, scanCode=0, metaState=0, flags=0x0, repeatCount=0, eventTime=212053, downTime=212053, deviceId=-1, source=0x101 }
06-14 09:30:32.394  8706  8706 I Input   : injectKeyEvent: KeyEvent { action=ACTION_DOWN, keyCode=KEYCODE_E, scanCode=0, metaState=0, flags=0x0, repeatCount=0, eventTime=212053, downTime=212053, deviceId=-1, source=0x101 }
06-14 09:30:32.396  8706  8706 I Input   : injectKeyEvent: KeyEvent { action=ACTION_UP, keyCode=KEYCODE_E, scanCode=0, metaState=0, flags=0x0, repeatCount=0, eventTime=212053, downTime=212053, deviceId=-1, source=0x101 }
06-14 09:30:32.397  8706  8706 I Input   : injectKeyEvent: KeyEvent { action=ACTION_DOWN, keyCode=KEYCODE_S, scanCode=0, metaState=0, flags=0x0, repeatCount=0, eventTime=212053, downTime=212053, deviceId=-1, source=0x101 }
06-14 09:30:32.398  8706  8706 I Input   : injectKeyEvent: KeyEvent { action=ACTION_UP, keyCode=KEYCODE_S, scanCode=0, metaState=0, flags=0x0, repeatCount=0, eventTime=212053, downTime=212053, deviceId=-1, source=0x101 }
06-14 09:30:32.399  8706  8706 I Input   : injectKeyEvent: KeyEvent { action=ACTION_DOWN, keyCode=KEYCODE_T, scanCode=0, metaState=0, flags=0x0, repeatCount=0, eventTime=212053, downTime=212053, deviceId=-1, source=0x101 }
06-14 09:30:32.401  8706  8706 I Input   : injectKeyEvent: KeyEvent { action=ACTION_UP, keyCode=KEYCODE_T, scanCode=0, metaState=0, flags=0x0, repeatCount=0, eventTime=212053, downTime=212053, deviceId=-1, source=0x101 }
06-14 09:30:32.402  8706  8706 I Input   : injectKeyEvent: KeyEvent { action=ACTION_DOWN, keyCode=KEYCODE_SPACE, scanCode=0, metaState=0, flags=0x0, repeatCount=0, eventTime=212053, downTime=212053, deviceId=-1, source=0x101 }
06-14 09:30:32.404  8706  8706 I Input   : injectKeyEvent: KeyEvent { action=ACTION_UP, keyCode=KEYCODE_SPACE, scanCode=0, metaState=0, flags=0x0, repeatCount=0, eventTime=212053, downTime=212053, deviceId=-1, source=0x101 }
06-14 09:30:32.434  8706  8706 I Input   : injectKeyEvent: KeyEvent { action=ACTION_DOWN, keyCode=KEYCODE_SHIFT_LEFT, scanCode=0, metaState=META_SHIFT_ON|META_SHIFT_LEFT_ON, flags=0x0, repeatCount=0, eventTime=212053, downTime=212053, deviceId=-1, source=0x101 }
06-14 09:30:32.436  8706  8706 I Input   : injectKeyEvent: KeyEvent { action=ACTION_DOWN, keyCode=KEYCODE_T, scanCode=0, metaState=META_SHIFT_ON|META_SHIFT_LEFT_ON, flags=0x0, repeatCount=0, eventTime=212053, downTime=212053, deviceId=-1, source=0x101 }
06-14 09:30:32.455  8706  8706 I Input   : injectKeyEvent: KeyEvent { action=ACTION_UP, keyCode=KEYCODE_T, scanCode=0, metaState=META_SHIFT_ON|META_SHIFT_LEFT_ON, flags=0x0, repeatCount=0, eventTime=212053, downTime=212053, deviceId=-1, source=0x101 }
06-14 09:30:32.456  8706  8706 I Input   : injectKeyEvent: KeyEvent { action=ACTION_UP, keyCode=KEYCODE_SHIFT_LEFT, scanCode=0, metaState=0, flags=0x0, repeatCount=0, eventTime=212053, downTime=212053, deviceId=-1, source=0x101 }
06-14 09:30:32.457  8706  8706 I Input   : injectKeyEvent: KeyEvent { action=ACTION_DOWN, keyCode=KEYCODE_E, scanCode=0, metaState=0, flags=0x0, repeatCount=0, eventTime=212053, downTime=212053, deviceId=-1, source=0x101 }
06-14 09:30:32.459  8706  8706 I Input   : injectKeyEvent: KeyEvent { action=ACTION_UP, keyCode=KEYCODE_E, scanCode=0, metaState=0, flags=0x0, repeatCount=0, eventTime=212053, downTime=212053, deviceId=-1, source=0x101 }
06-14 09:30:32.460  8706  8706 I Input   : injectKeyEvent: KeyEvent { action=ACTION_DOWN, keyCode=KEYCODE_S, scanCode=0, metaState=0, flags=0x0, repeatCount=0, eventTime=212053, downTime=212053, deviceId=-1, source=0x101 }
06-14 09:30:32.462  8706  8706 I Input   : injectKeyEvent: KeyEvent { action=ACTION_UP, keyCode=KEYCODE_S, scanCode=0, metaState=0, flags=0x0, repeatCount=0, eventTime=212053, downTime=212053, deviceId=-1, source=0x101 }
06-14 09:30:32.462  8706  8706 I Input   : injectKeyEvent: KeyEvent { action=ACTION_DOWN, keyCode=KEYCODE_T, scanCode=0, metaState=0, flags=0x0, repeatCount=0, eventTime=212053, downTime=212053, deviceId=-1, source=0x101 }
06-14 09:30:32.464  8706  8706 I Input   : injectKeyEvent: KeyEvent { action=ACTION_UP, keyCode=KEYCODE_T, scanCode=0, metaState=0, flags=0x0, repeatCount=0, eventTime=212053, downTime=212053, deviceId=-1, source=0x101 }
06-14 09:30:32.465  8706  8706 D AndroidRuntime: Shutting down VM
06-14 09:30:32.509  8721  8721 W ls      : type=1400 audit(0.0:28): avc: denied { getattr } for path="/proc/sysrq-trigger" dev="proc" ino=4026532069 scontext=u:r:shell:s0 tcontext=u:object_r:proc_sysrq:s0 tclass=file permissive=0
06-14 09:30:32.509  8721  8721 W ls      : type=1400 audit(0.0:29): avc: denied { getattr } for path="/proc/iomem" dev="proc" ino=4026532007 scontext=u:r:shell:s0 tcontext=u:object_r:proc_iomem:s0 tclass=file permissive=0
06-14 09:30:33.854  1346  1364 E SurfaceFlinger: ro.sf.lcd_density must be defined as a build property
06-14 09:30:33.856  1346  1400 D gralloc_ranchu: gralloc_alloc: Creating ashmem region of size 8294400
06-14 09:30:33.864  9000  9000 D         : HostConnection::get() New Host Connection established 0xaf61b2c0, tid 9000
06-14 09:30:34.118  9005  9005 D AndroidRuntime: >>>>>> START com.android.internal.os.RuntimeInit uid 2000 <<<<<<
06-14 09:30:34.119  9005  9005 D AndroidRuntime: CheckJNI is ON
06-14 09:30:34.133  9005  9005 W art     : Unexpected CPU variant for X86 using defaults: x86
06-14 09:30:34.135  9005  9005 D ICU     : No timezone override file found: /data/misc/zoneinfo/current/icu/icu_tzdata.dat
06-14 09:30:34.145  9005  9005 E memtrack: Couldn't load memtrack module (No such file or directory)
06-14 09:30:34.145  9005  9005 E android.os.Debug: failed to load memtrack module: -2
06-14 09:30:34.146  9005  9005 I Radio-JNI: register_android_hardware_Radio DONE
06-14 09:30:34.150  9005  9005 D AndroidRuntime: Calling main entry com.android.commands.am.Am
06-14 09:30:34.155  2861  2861 D MediaScannerReceiver: action: android.intent.action.MEDIA_SCANNER_SCAN_FILE path: /storage/emulated/0/screen.png
06-14 09:30:34.157  9005  9005 D AndroidRuntime: Shutting down VM
06-14 09:30:36.569  9019  9019 D AndroidRuntime: >>>>>> START com.android.internal.os.RuntimeInit uid 2000 <<<<<<
06-14 09:30:36.571  9019  9019 D AndroidRuntime: CheckJNI is ON
06-14 09:30:36.586  9019  9019 W art     : Unexpected CPU variant for X86 using defaults: x86
06-14 09:30:36.590  9019  9019 D ICU     : No timezone override file found: /data/local/tmp/misc/zoneinfo/current/icu/icu_tzdata.dat
06-14 09:30:36.608  9019  9019 E memtrack: Couldn't load memtrack module (No such file or directory)
06-14 09:30:36.608  9019  9019 E android.os.Debug: failed to load memtrack module: -2
06-14 09:30:36.609  9019  9019 I Radio-JNI: register_android_hardware_Radio DONE
06-14 09:30:36.616  9019  9019 D AndroidRuntime: Calling main entry com.android.commands.uiautomator.Launcher
06-14 09:30:37.636  9019  9019 W AccessibilityNodeInfoDumper: Fetch time: 2ms
06-14 09:30:37.637  1674  3073 W WindowManager: Attempted to remove non-existing token: android.os.Binder@5111397
06-14 09:30:37.642  1855  1855 V PhoneStatusBar: setLightsOn(true)
06-14 09:30:37.643  9019  9019 D AndroidRuntime: Shutting down VM
06-14 09:30:38.409  9045  9045 D AndroidRuntime: >>>>>> START com.android.internal.os.RuntimeInit uid 2000 <<<<<<
06-14 09:30:38.411  9045  9045 D AndroidRuntime: CheckJNI is ON
06-14 09:30:38.425  9045  9045 W art     : Unexpected CPU variant for X86 using defaults: x86
06-14 09:30:38.427  9045  9045 D ICU     : No timezone override file found: /data/local/tmp/misc/zoneinfo/current/icu/icu_tzdata.dat
06-14 09:30:38.442  9045  9045 E memtrack: Couldn't load memtrack module (No such file or directory)
06-14 09:30:38.442  9045  9045 E android.os.Debug: failed to load memtrack module: -2
06-14 09:30:38.443  9045  9045 I Radio-JNI: register_android_hardware_Radio DONE
06-14 09:30:38.447  9045  9045 D AndroidRuntime: Calling main entry com.android.commands.uiautomator.Launcher
06-14 09:30:39.467  9045  9045 W AccessibilityNodeInfoDumper: Fetch time: 2ms
06-14 09:30:39.468  1674  2342 W WindowManager: Attempted to remove non-existing token: android.os.Binder@cc95233
06-14 09:30:39.471  1855  1855 V PhoneStatusBar: setLightsOn(true)
06-14 09:30:39.472  9045  9045 D AndroidRuntime: Shutting down VM
06-14 09:30:39.686  9063  9063 D AndroidRuntime: >>>>>> START com.android.internal.os.RuntimeInit uid 2000 <<<<<<
06-14 09:30:39.687  9063  9063 D AndroidRuntime: CheckJNI is ON
06-14 09:30:39.701  9063  9063 W art     : Unexpected CPU variant for X86 using defaults: x86
06-14 09:30:39.704  9063  9063 D ICU     : No timezone override file found: /data/local/tmp/misc/zoneinfo/current/icu/icu_tzdata.dat
06-14 09:30:39.720  9063  9063 E memtrack: Couldn't load memtrack module (No such file or directory)
06-14 09:30:39.721  9063  9063 E android.os.Debug: failed to load memtrack module: -2
06-14 09:30:39.721  9063  9063 I Radio-JNI: register_android_hardware_Radio DONE
06-14 09:30:39.725  9063  9063 D AndroidRuntime: Calling main entry com.android.commands.uiautomator.Launcher
06-14 09:30:40.743  9063  9063 W AccessibilityNodeInfoDumper: Fetch time: 3ms
06-14 09:30:40.744  1674  2165 W WindowManager: Attempted to remove non-existing token: android.os.Binder@8277b69
06-14 09:30:40.747  1855  1855 V PhoneStatusBar: setLightsOn(true)
06-14 09:30:40.748  9063  9063 D AndroidRuntime: Shutting down VM
06-14 09:30:41.531  9092  9092 D AndroidRuntime: >>>>>> START com.android.internal.os.RuntimeInit uid 2000 <<<<<<
06-14 09:30:41.532  9092  9092 D AndroidRuntime: CheckJNI is ON
06-14 09:30:41.551  9092  9092 W art     : Unexpected CPU variant for X86 using defaults: x86
06-14 09:30:41.554  9092  9092 D ICU     : No timezone override file found: /data/local/tmp/misc/zoneinfo/current/icu/icu_tzdata.dat
06-14 09:30:41.569  9092  9092 E memtrack: Couldn't load memtrack module (No such file or directory)
06-14 09:30:41.569  9092  9092 E android.os.Debug: failed to load memtrack module: -2
06-14 09:30:41.570  9092  9092 I Radio-JNI: register_android_hardware_Radio DONE
06-14 09:30:41.574  9092  9092 D AndroidRuntime: Calling main entry com.android.commands.uiautomator.Launcher
06-14 09:30:41.585  2166  9104 I Vision  : Requesting optional module download of ocr.
06-14 09:30:41.585  2166  9104 I Vision  : Checking for download completion for 231281 -- ocr
06-14 09:30:42.594  9092  9092 W AccessibilityNodeInfoDumper: Fetch time: 3ms
06-14 09:30:42.594  1674  2565 W WindowManager: Attempted to remove non-existing token: android.os.Binder@6bcde8f
06-14 09:30:42.597  1855  1855 V PhoneStatusBar: setLightsOn(true)
06-14 09:30:42.598  9092  9092 D AndroidRuntime: Shutting down VM
06-14 09:30:42.793  9112  9112 D AndroidRuntime: >>>>>> START com.android.internal.os.RuntimeInit uid 2000 <<<<<<
06-14 09:30:42.795  9112  9112 D AndroidRuntime: CheckJNI is ON
06-14 09:30:42.809  9112  9112 W art     : Unexpected CPU variant for X86 using defaults: x86
06-14 09:30:42.811  9112  9112 D ICU     : No timezone override file found: /data/local/tmp/misc/zoneinfo/current/icu/icu_tzdata.dat
06-14 09:30:42.825  9112  9112 E memtrack: Couldn't load memtrack module (No such file or directory)
06-14 09:30:42.825  9112  9112 E android.os.Debug: failed to load memtrack module: -2
06-14 09:30:42.825  9112  9112 I Radio-JNI: register_android_hardware_Radio DONE
06-14 09:30:42.830  9112  9112 D AndroidRuntime: Calling main entry com.android.commands.uiautomator.Launcher
06-14 09:30:43.849  9112  9112 W AccessibilityNodeInfoDumper: Fetch time: 2ms
06-14 09:30:43.849  1674  2565 W WindowManager: Attempted to remove non-existing token: android.os.Binder@9d186fa
06-14 09:30:43.852  1855  1855 V PhoneStatusBar: setLightsOn(true)
06-14 09:30:43.854  9112  9112 D AndroidRuntime: Shutting down VM
06-14 09:30:44.018  9124  9124 D AndroidRuntime: >>>>>> START com.android.internal.os.RuntimeInit uid 2000 <<<<<<
06-14 09:30:44.019  9124  9124 D AndroidRuntime: CheckJNI is ON
06-14 09:30:44.033  9124  9124 W art     : Unexpected CPU variant for X86 using defaults: x86
06-14 09:30:44.036  9124  9124 D ICU     : No timezone override file found: /data/misc/zoneinfo/current/icu/icu_tzdata.dat
06-14 09:30:44.064  9124  9124 E memtrack: Couldn't load memtrack module (No such file or directory)
06-14 09:30:44.064  9124  9124 E android.os.Debug: failed to load memtrack module: -2
06-14 09:30:44.065  9124  9124 I Radio-JNI: register_android_hardware_Radio DONE
06-14 09:30:44.070  9124  9124 D AndroidRuntime: Calling main entry com.android.commands.input.Input
06-14 09:30:44.074  9124  9124 I Input   : injectMotionEvent: MotionEvent { action=ACTION_DOWN, actionButton=0, id[0]=0, x[0]=405.0, y[0]=158.0, toolType[0]=TOOL_TYPE_UNKNOWN, buttonState=0, metaState=0, flags=0x0, edgeFlags=0x0, pointerCount=1, historySize=0, eventTime=223768, downTime=223768, deviceId=0, source=0x1002 }
06-14 09:30:44.076  9124  9124 I Input   : injectMotionEvent: MotionEvent { action=ACTION_UP, actionButton=0, id[0]=0, x[0]=405.0, y[0]=158.0, toolType[0]=TOOL_TYPE_UNKNOWN, buttonState=0, metaState=0, flags=0x0, edgeFlags=0x0, pointerCount=1, historySize=0, eventTime=223768, downTime=223768, deviceId=0, source=0x1002 }
06-14 09:30:44.077  9124  9124 D AndroidRuntime: Shutting down VM
06-14 09:30:44.116  1433  1453 W audio_hw_generic: Not supplying enough data to HAL, expected position 313716 , only wrote 313200
06-14 09:30:44.279  1433  1453 W audio_hw_generic: Not supplying enough data to HAL, expected position 321031 , only wrote 316080
06-14 09:30:44.279  1433  1453 W audio_hw_generic: Not supplying enough data to HAL, expected position 316081 , only wrote 316080
06-14 09:30:44.279  1433  1453 W audio_hw_generic: Hardware backing HAL too slow, could only write 0 of 720 frames
06-14 09:30:44.281  1674  1685 W ActivityManager: Bad activity token: android.os.BinderProxy@432d708
06-14 09:30:44.281  1674  1685 W ActivityManager: java.lang.ClassCastException: android.os.BinderProxy cannot be cast to com.android.server.am.ActivityRecord$Token
06-14 09:30:44.281  1674  1685 W ActivityManager: 	at com.android.server.am.ActivityRecord.forTokenLocked(ActivityRecord.java:586)
06-14 09:30:44.281  1674  1685 W ActivityManager: 	at com.android.server.am.ActivityRecord.isInStackLocked(ActivityRecord.java:1327)
06-14 09:30:44.281  1674  1685 W ActivityManager: 	at com.android.server.am.ActivityRecord.getStackLocked(ActivityRecord.java:1332)
06-14 09:30:44.281  1674  1685 W ActivityManager: 	at com.android.server.am.ActivityManagerService.getActivityDisplayId(ActivityManagerService.java:9806)
06-14 09:30:44.281  1674  1685 W ActivityManager: 	at android.app.ActivityManagerNative.onTransact(ActivityManagerNative.java:2566)
06-14 09:30:44.281  1674  1685 W ActivityManager: 	at com.android.server.am.ActivityManagerService.onTransact(ActivityManagerService.java:2757)
06-14 09:30:44.281  1674  1685 W ActivityManager: 	at android.os.Binder.execTransact(Binder.java:565)
06-14 09:30:44.283  1674  1957 W ActivityManager: Bad activity token: android.os.BinderProxy@432d708
06-14 09:30:44.283  1674  1957 W ActivityManager: java.lang.ClassCastException: android.os.BinderProxy cannot be cast to com.android.server.am.ActivityRecord$Token
06-14 09:30:44.283  1674  1957 W ActivityManager: 	at com.android.server.am.ActivityRecord.forTokenLocked(ActivityRecord.java:586)
06-14 09:30:44.283  1674  1957 W ActivityManager: 	at com.android.server.am.ActivityRecord.isInStackLocked(ActivityRecord.java:1327)
06-14 09:30:44.283  1674  1957 W ActivityManager: 	at com.android.server.am.ActivityManagerService.setTaskDescription(ActivityManagerService.java:9358)
06-14 09:30:44.283  1674  1957 W ActivityManager: 	at android.app.ActivityManagerNative.onTransact(ActivityManagerNative.java:2639)
06-14 09:30:44.283  1674  1957 W ActivityManager: 	at com.android.server.am.ActivityManagerService.onTransact(ActivityManagerService.java:2757)
06-14 09:30:44.283  1674  1957 W ActivityManager: 	at android.os.Binder.execTransact(Binder.java:565)
06-14 09:30:44.284  1674  2344 W ActivityManager: Bad activity token: android.os.BinderProxy@432d708
06-14 09:30:44.284  1674  2344 W ActivityManager: java.lang.ClassCastException: android.os.BinderProxy cannot be cast to com.android.server.am.ActivityRecord$Token
06-14 09:30:44.284  1674  2344 W ActivityManager: 	at com.android.server.am.ActivityRecord.forTokenLocked(ActivityRecord.java:586)
06-14 09:30:44.284  1674  2344 W ActivityManager: 	at com.android.server.am.ActivityRecord.isInStackLocked(ActivityRecord.java:1327)
06-14 09:30:44.284  1674  2344 W ActivityManager: 	at com.android.server.am.ActivityRecord.getStackLocked(ActivityRecord.java:1332)
06-14 09:30:44.284  1674  2344 W ActivityManager: 	at com.android.server.am.ActivityManagerService.getActivityStackId(ActivityManagerService.java:9817)
06-14 09:30:44.284  1674  2344 W ActivityManager: 	at android.app.ActivityManagerNative.onTransact(ActivityManagerNative.java:2856)
06-14 09:30:44.284  1674  2344 W ActivityManager: 	at com.android.server.am.ActivityManagerService.onTransact(ActivityManagerService.java:2757)
06-14 09:30:44.284  1674  2344 W ActivityManager: 	at android.os.Binder.execTransact(Binder.java:565)
06-14 09:30:44.294  1433  1453 W audio_hw_generic: Hardware backing HAL too slow, could only write 0 of 720 frames
06-14 09:30:44.300  1674  4289 W ActivityManager: Bad activity token: android.os.BinderProxy@432d708
06-14 09:30:44.300  1674  4289 W ActivityManager: java.lang.ClassCastException: android.os.BinderProxy cannot be cast to com.android.server.am.ActivityRecord$Token
06-14 09:30:44.300  1674  4289 W ActivityManager: 	at com.android.server.am.ActivityRecord.forTokenLocked(ActivityRecord.java:586)
06-14 09:30:44.300  1674  4289 W ActivityManager: 	at com.android.server.am.ActivityRecord.isInStackLocked(ActivityRecord.java:1327)
06-14 09:30:44.300  1674  4289 W ActivityManager: 	at com.android.server.am.ActivityManagerService.getActivityOptions(ActivityManagerService.java:12559)
06-14 09:30:44.300  1674  4289 W ActivityManager: 	at android.app.ActivityManagerNative.onTransact(ActivityManagerNative.java:1933)
06-14 09:30:44.300  1674  4289 W ActivityManager: 	at com.android.server.am.ActivityManagerService.onTransact(ActivityManagerService.java:2757)
06-14 09:30:44.300  1674  4289 W ActivityManager: 	at android.os.Binder.execTransact(Binder.java:565)
06-14 09:30:44.301  1674  2565 W ActivityManager: Bad activity token: android.os.BinderProxy@432d708
06-14 09:30:44.301  1674  2565 W ActivityManager: java.lang.ClassCastException: android.os.BinderProxy cannot be cast to com.android.server.am.ActivityRecord$Token
06-14 09:30:44.301  1674  2565 W ActivityManager: 	at com.android.server.am.ActivityRecord.forTokenLocked(ActivityRecord.java:586)
06-14 09:30:44.301  1674  2565 W ActivityManager: 	at com.android.server.am.ActivityRecord.isInStackLocked(ActivityRecord.java:1327)
06-14 09:30:44.301  1674  2565 W ActivityManager: 	at com.android.server.am.ActivityManagerService.getActivityOptions(ActivityManagerService.java:12559)
06-14 09:30:44.301  1674  2565 W ActivityManager: 	at android.app.ActivityManagerNative.onTransact(ActivityManagerNative.java:1933)
06-14 09:30:44.301  1674  2565 W ActivityManager: 	at com.android.server.am.ActivityManagerService.onTransact(ActivityManagerService.java:2757)
06-14 09:30:44.301  1674  2565 W ActivityManager: 	at android.os.Binder.execTransact(Binder.java:565)
06-14 09:30:44.322  1433  1454 D AudioFlinger: mixer(0xae083e40) throttle end: throttle time(12)
06-14 09:30:44.332  4535  9137 D Mileage : Not enough fillups to calculate economy
06-14 09:30:44.347  4535  4535 W IInputConnectionWrapper: finishComposingText on inactive InputConnection
06-14 09:30:46.799  9141  9141 W ls      : type=1400 audit(0.0:30): avc: denied { getattr } for path="/proc/sysrq-trigger" dev="proc" ino=4026532069 scontext=u:r:shell:s0 tcontext=u:object_r:proc_sysrq:s0 tclass=file permissive=0
