06-14 09:30:13.464  1346  1365 E SurfaceFlinger: ro.sf.lcd_density must be defined as a build property
06-14 09:30:13.466  1346  2148 D gralloc_ranchu: gralloc_alloc: Creating ashmem region of size 8294400
06-14 09:30:13.478  8155  8155 D         : HostConnection::get() New Host Connection established 0xab11b2c0, tid 8155
06-14 09:30:13.732  8161  8161 D AndroidRuntime: >>>>>> START com.android.internal.os.RuntimeInit uid 2000 <<<<<<
06-14 09:30:13.733  8161  8161 D AndroidRuntime: CheckJNI is ON
06-14 09:30:13.748  8161  8161 W art     : Unexpected CPU variant for X86 using defaults: x86
06-14 09:30:13.751  8161  8161 D ICU     : No timezone override file found: /data/misc/zoneinfo/current/icu/icu_tzdata.dat
06-14 09:30:13.762  8161  8161 E memtrack: Couldn't load memtrack module (No such file or directory)
06-14 09:30:13.762  8161  8161 E android.os.Debug: failed to load memtrack module: -2
06-14 09:30:13.763  8161  8161 I Radio-JNI: register_android_hardware_Radio DONE
06-14 09:30:13.768  8161  8161 D AndroidRuntime: Calling main entry com.android.commands.am.Am
06-14 09:30:13.775  2861  2861 D MediaScannerReceiver: action: android.intent.action.MEDIA_SCANNER_SCAN_FILE path: /storage/emulated/0/screen.png
06-14 09:30:13.777  8161  8161 D AndroidRuntime: Shutting down VM
06-14 09:30:16.170  8174  8174 D AndroidRuntime: >>>>>> START com.android.internal.os.RuntimeInit uid 2000 <<<<<<
06-14 09:30:16.172  8174  8174 D AndroidRuntime: CheckJNI is ON
06-14 09:30:16.186  8174  8174 W art     : Unexpected CPU variant for X86 using defaults: x86
06-14 09:30:16.189  8174  8174 D ICU     : No timezone override file found: /data/local/tmp/misc/zoneinfo/current/icu/icu_tzdata.dat
06-14 09:30:16.207  8174  8174 E memtrack: Couldn't load memtrack module (No such file or directory)
06-14 09:30:16.207  8174  8174 E android.os.Debug: failed to load memtrack module: -2
06-14 09:30:16.207  8174  8174 I Radio-JNI: register_android_hardware_Radio DONE
06-14 09:30:16.212  8174  8174 D AndroidRuntime: Calling main entry com.android.commands.uiautomator.Launcher
06-14 09:30:17.229  8174  8174 W AccessibilityNodeInfoDumper: Fetch time: 2ms
06-14 09:30:17.230  1674  4289 W WindowManager: Attempted to remove non-existing token: android.os.Binder@9974318
06-14 09:30:17.235  1855  1855 V PhoneStatusBar: setLightsOn(true)
06-14 09:30:17.236  8174  8174 D AndroidRuntime: Shutting down VM
06-14 09:30:18.004  8200  8200 D AndroidRuntime: >>>>>> START com.android.internal.os.RuntimeInit uid 2000 <<<<<<
06-14 09:30:18.005  8200  8200 D AndroidRuntime: CheckJNI is ON
06-14 09:30:18.019  8200  8200 W art     : Unexpected CPU variant for X86 using defaults: x86
06-14 09:30:18.022  8200  8200 D ICU     : No timezone override file found: /data/local/tmp/misc/zoneinfo/current/icu/icu_tzdata.dat
06-14 09:30:18.036  8200  8200 E memtrack: Couldn't load memtrack module (No such file or directory)
06-14 09:30:18.036  8200  8200 E android.os.Debug: failed to load memtrack module: -2
06-14 09:30:18.036  8200  8200 I Radio-JNI: register_android_hardware_Radio DONE
06-14 09:30:18.041  8200  8200 D AndroidRuntime: Calling main entry com.android.commands.uiautomator.Launcher
06-14 09:30:19.061  8200  8200 W AccessibilityNodeInfoDumper: Fetch time: 2ms
06-14 09:30:19.062  1674  2565 W WindowManager: Attempted to remove non-existing token: android.os.Binder@6730b56
06-14 09:30:19.065  1855  1855 V PhoneStatusBar: setLightsOn(true)
06-14 09:30:19.066  8200  8200 D AndroidRuntime: Shutting down VM
06-14 09:30:19.281  8218  8218 D AndroidRuntime: >>>>>> START com.android.internal.os.RuntimeInit uid 2000 <<<<<<
06-14 09:30:19.282  8218  8218 D AndroidRuntime: CheckJNI is ON
06-14 09:30:19.297  8218  8218 W art     : Unexpected CPU variant for X86 using defaults: x86
06-14 09:30:19.300  8218  8218 D ICU     : No timezone override file found: /data/local/tmp/misc/zoneinfo/current/icu/icu_tzdata.dat
06-14 09:30:19.316  8218  8218 E memtrack: Couldn't load memtrack module (No such file or directory)
06-14 09:30:19.316  8218  8218 E android.os.Debug: failed to load memtrack module: -2
06-14 09:30:19.316  8218  8218 I Radio-JNI: register_android_hardware_Radio DONE
06-14 09:30:19.321  8218  8218 D AndroidRuntime: Calling main entry com.android.commands.uiautomator.Launcher
06-14 09:30:20.341  8218  8218 W AccessibilityNodeInfoDumper: Fetch time: 2ms
06-14 09:30:20.342  1674  1686 W WindowManager: Attempted to remove non-existing token: android.os.Binder@eac86e2
06-14 09:30:20.345  1855  1855 V PhoneStatusBar: setLightsOn(true)
06-14 09:30:20.346  8218  8218 D AndroidRuntime: Shutting down VM
06-14 09:30:20.510  8230  8230 D AndroidRuntime: >>>>>> START com.android.internal.os.RuntimeInit uid 2000 <<<<<<
06-14 09:30:20.512  8230  8230 D AndroidRuntime: CheckJNI is ON
06-14 09:30:20.526  8230  8230 W art     : Unexpected CPU variant for X86 using defaults: x86
06-14 09:30:20.528  8230  8230 D ICU     : No timezone override file found: /data/misc/zoneinfo/current/icu/icu_tzdata.dat
06-14 09:30:20.538  8230  8230 E memtrack: Couldn't load memtrack module (No such file or directory)
06-14 09:30:20.538  8230  8230 E android.os.Debug: failed to load memtrack module: -2
06-14 09:30:20.539  8230  8230 I Radio-JNI: register_android_hardware_Radio DONE
06-14 09:30:20.543  8230  8230 D AndroidRuntime: Calling main entry com.android.commands.input.Input
06-14 09:30:20.546  8230  8230 I Input   : injectMotionEvent: MotionEvent { action=ACTION_DOWN, actionButton=0, id[0]=0, x[0]=270.0, y[0]=495.0, toolType[0]=TOOL_TYPE_UNKNOWN, buttonState=0, metaState=0, flags=0x0, edgeFlags=0x0, pointerCount=1, historySize=0, eventTime=200239, downTime=200239, deviceId=0, source=0x1002 }
06-14 09:30:20.548  8230  8230 I Input   : injectMotionEvent: MotionEvent { action=ACTION_UP, actionButton=0, id[0]=0, x[0]=270.0, y[0]=495.0, toolType[0]=TOOL_TYPE_UNKNOWN, buttonState=0, metaState=0, flags=0x0, edgeFlags=0x0, pointerCount=1, historySize=0, eventTime=200239, downTime=200239, deviceId=0, source=0x1002 }
06-14 09:30:20.549  1803  1803 W InputMethodService: Window size has been changed. This may cause jankiness of resizing window: -1 -> -2
06-14 09:30:20.550  8230  8230 D AndroidRuntime: Shutting down VM
06-14 09:30:20.557  1803  1803 I LatinIME: Starting input. Cursor position = 7,7
06-14 09:30:20.573  4535  4535 W IInputConnectionWrapper: finishComposingText on inactive InputConnection
06-14 09:30:20.574  1855  1855 V PhoneStatusBar: setLightsOn(true)
06-14 09:30:20.588  1855  1855 V PhoneStatusBar: setLightsOn(true)
06-14 09:30:20.605  1346  1365 D gralloc_ranchu: gralloc_alloc: Creating ashmem region of size 45056
06-14 09:30:20.612  1855  1855 V PhoneStatusBar: setLightsOn(true)
06-14 09:30:20.612  1855  1855 V PhoneStatusBar: setLightsOn(true)
06-14 09:30:20.621  1855  1855 V PhoneStatusBar: setLightsOn(true)
06-14 09:30:20.637  1855  1855 V PhoneStatusBar: setLightsOn(true)
06-14 09:30:20.655  1855  1855 V PhoneStatusBar: setLightsOn(true)
06-14 09:30:20.671  1803  5041 D EGL_emulation: eglMakeCurrent: 0x8c3ab6c0: ver 3 0 (tinfo 0x8c47e820)
06-14 09:30:20.680  1855  1855 V PhoneStatusBar: setLightsOn(true)
06-14 09:30:20.681  1855  1855 V PhoneStatusBar: setLightsOn(true)
06-14 09:30:20.687  1855  1855 V PhoneStatusBar: setLightsOn(true)
06-14 09:30:20.689  1855  1855 V PhoneStatusBar: setLightsOn(true)
06-14 09:30:20.722  1855  1855 V PhoneStatusBar: setLightsOn(true)
06-14 09:30:20.800  8243  8243 D AndroidRuntime: >>>>>> START com.android.internal.os.RuntimeInit uid 2000 <<<<<<
06-14 09:30:20.801  8243  8243 D AndroidRuntime: CheckJNI is ON
06-14 09:30:20.816  8243  8243 W art     : Unexpected CPU variant for X86 using defaults: x86
06-14 09:30:20.818  8243  8243 D ICU     : No timezone override file found: /data/misc/zoneinfo/current/icu/icu_tzdata.dat
06-14 09:30:20.827  8243  8243 E memtrack: Couldn't load memtrack module (No such file or directory)
06-14 09:30:20.827  8243  8243 E android.os.Debug: failed to load memtrack module: -2
06-14 09:30:20.828  8243  8243 I Radio-JNI: register_android_hardware_Radio DONE
06-14 09:30:20.832  8243  8243 D AndroidRuntime: Calling main entry com.android.commands.input.Input
06-14 09:30:20.834  8243  8243 I Input   : injectKeyEvent: KeyEvent { action=ACTION_DOWN, keyCode=KEYCODE_ESCAPE, scanCode=0, metaState=0, flags=0x0, repeatCount=0, eventTime=200529, downTime=200529, deviceId=-1, source=0x101 }
06-14 09:30:20.836  8243  8243 I Input   : injectKeyEvent: KeyEvent { action=ACTION_UP, keyCode=KEYCODE_ESCAPE, scanCode=0, metaState=0, flags=0x0, repeatCount=0, eventTime=200529, downTime=200529, deviceId=-1, source=0x101 }
06-14 09:30:20.838  1803  1803 W InputMethodService: Window size has been changed. This may cause jankiness of resizing window: -1 -> -2
06-14 09:30:20.838  8243  8243 D AndroidRuntime: Shutting down VM
06-14 09:30:20.856  1803  5041 D EGL_emulation: eglMakeCurrent: 0x8c3ab6c0: ver 3 0 (tinfo 0x8c47e820)
06-14 09:30:20.860  1855  1855 V PhoneStatusBar: setLightsOn(true)
06-14 09:30:20.861  1855  1855 V PhoneStatusBar: setLightsOn(true)
06-14 09:30:20.871  1855  1855 V PhoneStatusBar: setLightsOn(true)
06-14 09:30:21.039  1674  1695 I WindowManager: Destroying surface Surface(name=InputMethod) called by com.android.server.wm.WindowStateAnimator.destroySurface:2016 com.android.server.wm.WindowStateAnimator.destroySurfaceLocked:882 com.android.server.wm.WindowState.destroyOrSaveSurface:2100 com.android.server.wm.WindowSurfacePlacer.performSurfacePlacementInner:429 com.android.server.wm.WindowSurfacePlacer.performSurfacePlacementLoop:232 com.android.server.wm.WindowSurfacePlacer.performSurfacePlacement:180 com.android.server.wm.WindowManagerService$H.handleMessage:8086 android.os.Handler.dispatchMessage:102 
06-14 09:30:21.039  1855  1855 V PhoneStatusBar: setLightsOn(true)
06-14 09:30:21.535  8259  8259 D AndroidRuntime: >>>>>> START com.android.internal.os.RuntimeInit uid 2000 <<<<<<
06-14 09:30:21.536  8259  8259 D AndroidRuntime: CheckJNI is ON
06-14 09:30:21.552  8259  8259 W art     : Unexpected CPU variant for X86 using defaults: x86
06-14 09:30:21.555  8259  8259 D ICU     : No timezone override file found: /data/misc/zoneinfo/current/icu/icu_tzdata.dat
06-14 09:30:21.562  2166  8263 I Vision  : Requesting optional module download of ocr.
06-14 09:30:21.562  2166  8263 I Vision  : Exceeded maximum feature download tries for ocr
06-14 09:30:21.562  2166  8263 W Vision  : Request of optional module download of ocr failed.
06-14 09:30:21.562  2166  8263 I Vision  : Checking for download completion for 211258 -- ocr
06-14 09:30:21.572  8259  8259 E memtrack: Couldn't load memtrack module (No such file or directory)
06-14 09:30:21.572  8259  8259 E android.os.Debug: failed to load memtrack module: -2
06-14 09:30:21.573  8259  8259 I Radio-JNI: register_android_hardware_Radio DONE
06-14 09:30:21.577  8259  8259 D AndroidRuntime: Calling main entry com.android.commands.input.Input
06-14 09:30:21.579  8259  8259 I Input   : injectKeyEvent: KeyEvent { action=ACTION_DOWN, keyCode=KEYCODE_MOVE_END, scanCode=0, metaState=0, flags=0x0, repeatCount=0, eventTime=201274, downTime=201274, deviceId=-1, source=0x101 }
06-14 09:30:21.591  1855  1855 V PhoneStatusBar: setLightsOn(true)
06-14 09:30:21.592  8259  8259 I Input   : injectKeyEvent: KeyEvent { action=ACTION_UP, keyCode=KEYCODE_MOVE_END, scanCode=0, metaState=0, flags=0x0, repeatCount=0, eventTime=201274, downTime=201274, deviceId=-1, source=0x101 }
06-14 09:30:21.593  8259  8259 D AndroidRuntime: Shutting down VM
06-14 09:30:21.752  8271  8271 D AndroidRuntime: >>>>>> START com.android.internal.os.RuntimeInit uid 2000 <<<<<<
06-14 09:30:21.753  8271  8271 D AndroidRuntime: CheckJNI is ON
06-14 09:30:21.768  8271  8271 W art     : Unexpected CPU variant for X86 using defaults: x86
06-14 09:30:21.770  1674  1695 I WindowManager: Destroying surface Surface(name=PopupWindow:48998ed) called by com.android.server.wm.WindowStateAnimator.destroySurface:2016 com.android.server.wm.WindowStateAnimator.destroySurfaceLocked:882 com.android.server.wm.WindowState.destroyOrSaveSurface:2100 com.android.server.wm.AppWindowToken.destroySurfaces:363 com.android.server.wm.WindowStateAnimator.finishExit:565 com.android.server.wm.WindowStateAnimator.stepAnimationLocked:491 com.android.server.wm.WindowAnimator.updateWindowsLocked:303 com.android.server.wm.WindowAnimator.animateLocked:704 
06-14 09:30:21.771  1855  1855 V PhoneStatusBar: setLightsOn(true)
06-14 09:30:21.772  1855  1855 V PhoneStatusBar: setLightsOn(true)
06-14 09:30:21.773  8271  8271 D ICU     : No timezone override file found: /data/misc/zoneinfo/current/icu/icu_tzdata.dat
06-14 09:30:21.784  8271  8271 E memtrack: Couldn't load memtrack module (No such file or directory)
06-14 09:30:21.784  8271  8271 E android.os.Debug: failed to load memtrack module: -2
06-14 09:30:21.784  8271  8271 I Radio-JNI: register_android_hardware_Radio DONE
06-14 09:30:21.789  8271  8271 D AndroidRuntime: Calling main entry com.android.commands.input.Input
06-14 09:30:21.791  8271  8271 I Input   : injectKeyEvent: KeyEvent { action=ACTION_DOWN, keyCode=KEYCODE_DEL, scanCode=0, metaState=0, flags=0x0, repeatCount=0, eventTime=201486, downTime=201486, deviceId=-1, source=0x101 }
06-14 09:30:21.793  8271  8271 I Input   : injectKeyEvent: KeyEvent { action=ACTION_UP, keyCode=KEYCODE_DEL, scanCode=0, metaState=0, flags=0x0, repeatCount=0, eventTime=201486, downTime=201486, deviceId=-1, source=0x101 }
06-14 09:30:21.795  8271  8271 I Input   : injectKeyEvent: KeyEvent { action=ACTION_DOWN, keyCode=KEYCODE_DEL, scanCode=0, metaState=0, flags=0x0, repeatCount=0, eventTime=201491, downTime=201491, deviceId=-1, source=0x101 }
06-14 09:30:21.797  8271  8271 I Input   : injectKeyEvent: KeyEvent { action=ACTION_UP, keyCode=KEYCODE_DEL, scanCode=0, metaState=0, flags=0x0, repeatCount=0, eventTime=201491, downTime=201491, deviceId=-1, source=0x101 }
06-14 09:30:21.798  8271  8271 I Input   : injectKeyEvent: KeyEvent { action=ACTION_DOWN, keyCode=KEYCODE_DEL, scanCode=0, metaState=0, flags=0x0, repeatCount=0, eventTime=201494, downTime=201494, deviceId=-1, source=0x101 }
06-14 09:30:21.799  8271  8271 I Input   : injectKeyEvent: KeyEvent { action=ACTION_UP, keyCode=KEYCODE_DEL, scanCode=0, metaState=0, flags=0x0, repeatCount=0, eventTime=201494, downTime=201494, deviceId=-1, source=0x101 }
06-14 09:30:21.800  8271  8271 I Input   : injectKeyEvent: KeyEvent { action=ACTION_DOWN, keyCode=KEYCODE_DEL, scanCode=0, metaState=0, flags=0x0, repeatCount=0, eventTime=201496, downTime=201496, deviceId=-1, source=0x101 }
06-14 09:30:21.802  8271  8271 I Input   : injectKeyEvent: KeyEvent { action=ACTION_UP, keyCode=KEYCODE_DEL, scanCode=0, metaState=0, flags=0x0, repeatCount=0, eventTime=201496, downTime=201496, deviceId=-1, source=0x101 }
06-14 09:30:21.803  8271  8271 I Input   : injectKeyEvent: KeyEvent { action=ACTION_DOWN, keyCode=KEYCODE_DEL, scanCode=0, metaState=0, flags=0x0, repeatCount=0, eventTime=201499, downTime=201499, deviceId=-1, source=0x101 }
06-14 09:30:21.825  8271  8271 I Input   : injectKeyEvent: KeyEvent { action=ACTION_UP, keyCode=KEYCODE_DEL, scanCode=0, metaState=0, flags=0x0, repeatCount=0, eventTime=201499, downTime=201499, deviceId=-1, source=0x101 }
06-14 09:30:21.825  8271  8271 I Input   : injectKeyEvent: KeyEvent { action=ACTION_DOWN, keyCode=KEYCODE_DEL, scanCode=0, metaState=0, flags=0x0, repeatCount=0, eventTime=201521, downTime=201521, deviceId=-1, source=0x101 }
06-14 09:30:21.827  8271  8271 I Input   : injectKeyEvent: KeyEvent { action=ACTION_UP, keyCode=KEYCODE_DEL, scanCode=0, metaState=0, flags=0x0, repeatCount=0, eventTime=201521, downTime=201521, deviceId=-1, source=0x101 }
06-14 09:30:21.828  8271  8271 I Input   : injectKeyEvent: KeyEvent { action=ACTION_DOWN, keyCode=KEYCODE_DEL, scanCode=0, metaState=0, flags=0x0, repeatCount=0, eventTime=201524, downTime=201524, deviceId=-1, source=0x101 }
06-14 09:30:21.830  8271  8271 I Input   : injectKeyEvent: KeyEvent { action=ACTION_UP, keyCode=KEYCODE_DEL, scanCode=0, metaState=0, flags=0x0, repeatCount=0, eventTime=201524, downTime=201524, deviceId=-1, source=0x101 }
06-14 09:30:21.831  8271  8271 I Input   : injectKeyEvent: KeyEvent { action=ACTION_DOWN, keyCode=KEYCODE_DEL, scanCode=0, metaState=0, flags=0x0, repeatCount=0, eventTime=201527, downTime=201527, deviceId=-1, source=0x101 }
06-14 09:30:21.832  8271  8271 I Input   : injectKeyEvent: KeyEvent { action=ACTION_UP, keyCode=KEYCODE_DEL, scanCode=0, metaState=0, flags=0x0, repeatCount=0, eventTime=201527, downTime=201527, deviceId=-1, source=0x101 }
06-14 09:30:21.833  8271  8271 I Input   : injectKeyEvent: KeyEvent { action=ACTION_DOWN, keyCode=KEYCODE_DEL, scanCode=0, metaState=0, flags=0x0, repeatCount=0, eventTime=201529, downTime=201529, deviceId=-1, source=0x101 }
06-14 09:30:21.835  8271  8271 I Input   : injectKeyEvent: KeyEvent { action=ACTION_UP, keyCode=KEYCODE_DEL, scanCode=0, metaState=0, flags=0x0, repeatCount=0, eventTime=201529, downTime=201529, deviceId=-1, source=0x101 }
06-14 09:30:21.836  8271  8271 I Input   : injectKeyEvent: KeyEvent { action=ACTION_DOWN, keyCode=KEYCODE_DEL, scanCode=0, metaState=0, flags=0x0, repeatCount=0, eventTime=201532, downTime=201532, deviceId=-1, source=0x101 }
06-14 09:30:21.837  8271  8271 I Input   : injectKeyEvent: KeyEvent { action=ACTION_UP, keyCode=KEYCODE_DEL, scanCode=0, metaState=0, flags=0x0, repeatCount=0, eventTime=201532, downTime=201532, deviceId=-1, source=0x101 }
06-14 09:30:21.856  8271  8271 I Input   : injectKeyEvent: KeyEvent { action=ACTION_DOWN, keyCode=KEYCODE_DEL, scanCode=0, metaState=0, flags=0x0, repeatCount=0, eventTime=201553, downTime=201553, deviceId=-1, source=0x101 }
06-14 09:30:21.857  8271  8271 I Input   : injectKeyEvent: KeyEvent { action=ACTION_UP, keyCode=KEYCODE_DEL, scanCode=0, metaState=0, flags=0x0, repeatCount=0, eventTime=201553, downTime=201553, deviceId=-1, source=0x101 }
06-14 09:30:21.859  8271  8271 I Input   : injectKeyEvent: KeyEvent { action=ACTION_DOWN, keyCode=KEYCODE_DEL, scanCode=0, metaState=0, flags=0x0, repeatCount=0, eventTime=201555, downTime=201555, deviceId=-1, source=0x101 }
06-14 09:30:21.859  8271  8271 I Input   : injectKeyEvent: KeyEvent { action=ACTION_UP, keyCode=KEYCODE_DEL, scanCode=0, metaState=0, flags=0x0, repeatCount=0, eventTime=201555, downTime=201555, deviceId=-1, source=0x101 }
06-14 09:30:21.861  8271  8271 I Input   : injectKeyEvent: KeyEvent { action=ACTION_DOWN, keyCode=KEYCODE_DEL, scanCode=0, metaState=0, flags=0x0, repeatCount=0, eventTime=201557, downTime=201557, deviceId=-1, source=0x101 }
06-14 09:30:21.862  8271  8271 I Input   : injectKeyEvent: KeyEvent { action=ACTION_UP, keyCode=KEYCODE_DEL, scanCode=0, metaState=0, flags=0x0, repeatCount=0, eventTime=201557, downTime=201557, deviceId=-1, source=0x101 }
06-14 09:30:21.863  8271  8271 I Input   : injectKeyEvent: KeyEvent { action=ACTION_DOWN, keyCode=KEYCODE_DEL, scanCode=0, metaState=0, flags=0x0, repeatCount=0, eventTime=201559, downTime=201559, deviceId=-1, source=0x101 }
06-14 09:30:21.864  8271  8271 I Input   : injectKeyEvent: KeyEvent { action=ACTION_UP, keyCode=KEYCODE_DEL, scanCode=0, metaState=0, flags=0x0, repeatCount=0, eventTime=201559, downTime=201559, deviceId=-1, source=0x101 }
06-14 09:30:21.864  8271  8271 I Input   : injectKeyEvent: KeyEvent { action=ACTION_DOWN, keyCode=KEYCODE_DEL, scanCode=0, metaState=0, flags=0x0, repeatCount=0, eventTime=201560, downTime=201560, deviceId=-1, source=0x101 }
06-14 09:30:21.865  8271  8271 I Input   : injectKeyEvent: KeyEvent { action=ACTION_UP, keyCode=KEYCODE_DEL, scanCode=0, metaState=0, flags=0x0, repeatCount=0, eventTime=201560, downTime=201560, deviceId=-1, source=0x101 }
06-14 09:30:21.866  8271  8271 I Input   : injectKeyEvent: KeyEvent { action=ACTION_DOWN, keyCode=KEYCODE_DEL, scanCode=0, metaState=0, flags=0x0, repeatCount=0, eventTime=201562, downTime=201562, deviceId=-1, source=0x101 }
06-14 09:30:21.867  8271  8271 I Input   : injectKeyEvent: KeyEvent { action=ACTION_UP, keyCode=KEYCODE_DEL, scanCode=0, metaState=0, flags=0x0, repeatCount=0, eventTime=201562, downTime=201562, deviceId=-1, source=0x101 }
06-14 09:30:21.868  8271  8271 I Input   : injectKeyEvent: KeyEvent { action=ACTION_DOWN, keyCode=KEYCODE_DEL, scanCode=0, metaState=0, flags=0x0, repeatCount=0, eventTime=201564, downTime=201564, deviceId=-1, source=0x101 }
06-14 09:30:21.870  8271  8271 I Input   : injectKeyEvent: KeyEvent { action=ACTION_UP, keyCode=KEYCODE_DEL, scanCode=0, metaState=0, flags=0x0, repeatCount=0, eventTime=201564, downTime=201564, deviceId=-1, source=0x101 }
06-14 09:30:21.871  8271  8271 I Input   : injectKeyEvent: KeyEvent { action=ACTION_DOWN, keyCode=KEYCODE_DEL, scanCode=0, metaState=0, flags=0x0, repeatCount=0, eventTime=201567, downTime=201567, deviceId=-1, source=0x101 }
06-14 09:30:21.872  8271  8271 I Input   : injectKeyEvent: KeyEvent { action=ACTION_UP, keyCode=KEYCODE_DEL, scanCode=0, metaState=0, flags=0x0, repeatCount=0, eventTime=201567, downTime=201567, deviceId=-1, source=0x101 }
06-14 09:30:21.873  8271  8271 I Input   : injectKeyEvent: KeyEvent { action=ACTION_DOWN, keyCode=KEYCODE_DEL, scanCode=0, metaState=0, flags=0x0, repeatCount=0, eventTime=201569, downTime=201569, deviceId=-1, source=0x101 }
06-14 09:30:21.875  8271  8271 I Input   : injectKeyEvent: KeyEvent { action=ACTION_UP, keyCode=KEYCODE_DEL, scanCode=0, metaState=0, flags=0x0, repeatCount=0, eventTime=201569, downTime=201569, deviceId=-1, source=0x101 }
06-14 09:30:21.875  8271  8271 I Input   : injectKeyEvent: KeyEvent { action=ACTION_DOWN, keyCode=KEYCODE_DEL, scanCode=0, metaState=0, flags=0x0, repeatCount=0, eventTime=201571, downTime=201571, deviceId=-1, source=0x101 }
06-14 09:30:21.876  8271  8271 I Input   : injectKeyEvent: KeyEvent { action=ACTION_UP, keyCode=KEYCODE_DEL, scanCode=0, metaState=0, flags=0x0, repeatCount=0, eventTime=201571, downTime=201571, deviceId=-1, source=0x101 }
06-14 09:30:21.878  8271  8271 I Input   : injectKeyEvent: KeyEvent { action=ACTION_DOWN, keyCode=KEYCODE_DEL, scanCode=0, metaState=0, flags=0x0, repeatCount=0, eventTime=201574, downTime=201574, deviceId=-1, source=0x101 }
06-14 09:30:21.879  8271  8271 I Input   : injectKeyEvent: KeyEvent { action=ACTION_UP, keyCode=KEYCODE_DEL, scanCode=0, metaState=0, flags=0x0, repeatCount=0, eventTime=201574, downTime=201574, deviceId=-1, source=0x101 }
06-14 09:30:21.879  8271  8271 I Input   : injectKeyEvent: KeyEvent { action=ACTION_DOWN, keyCode=KEYCODE_DEL, scanCode=0, metaState=0, flags=0x0, repeatCount=0, eventTime=201575, downTime=201575, deviceId=-1, source=0x101 }
06-14 09:30:21.881  8271  8271 I Input   : injectKeyEvent: KeyEvent { action=ACTION_UP, keyCode=KEYCODE_DEL, scanCode=0, metaState=0, flags=0x0, repeatCount=0, eventTime=201575, downTime=201575, deviceId=-1, source=0x101 }
06-14 09:30:21.882  8271  8271 I Input   : injectKeyEvent: KeyEvent { action=ACTION_DOWN, keyCode=KEYCODE_DEL, scanCode=0, metaState=0, flags=0x0, repeatCount=0, eventTime=201578, downTime=201578, deviceId=-1, source=0x101 }
06-14 09:30:21.882  8271  8271 I Input   : injectKeyEvent: KeyEvent { action=ACTION_UP, keyCode=KEYCODE_DEL, scanCode=0, metaState=0, flags=0x0, repeatCount=0, eventTime=201578, downTime=201578, deviceId=-1, source=0x101 }
06-14 09:30:21.884  8271  8271 I Input   : injectKeyEvent: KeyEvent { action=ACTION_DOWN, keyCode=KEYCODE_DEL, scanCode=0, metaState=0, flags=0x0, repeatCount=0, eventTime=201580, downTime=201580, deviceId=-1, source=0x101 }
06-14 09:30:21.885  8271  8271 I Input   : injectKeyEvent: KeyEvent { action=ACTION_UP, keyCode=KEYCODE_DEL, scanCode=0, metaState=0, flags=0x0, repeatCount=0, eventTime=201580, downTime=201580, deviceId=-1, source=0x101 }
06-14 09:30:21.886  8271  8271 I Input   : injectKeyEvent: KeyEvent { action=ACTION_DOWN, keyCode=KEYCODE_DEL, scanCode=0, metaState=0, flags=0x0, repeatCount=0, eventTime=201583, downTime=201583, deviceId=-1, source=0x101 }
06-14 09:30:21.887  8271  8271 I Input   : injectKeyEvent: KeyEvent { action=ACTION_UP, keyCode=KEYCODE_DEL, scanCode=0, metaState=0, flags=0x0, repeatCount=0, eventTime=201583, downTime=201583, deviceId=-1, source=0x101 }
06-14 09:30:21.889  8271  8271 I Input   : injectKeyEvent: KeyEvent { action=ACTION_DOWN, keyCode=KEYCODE_DEL, scanCode=0, metaState=0, flags=0x0, repeatCount=0, eventTime=201585, downTime=201585, deviceId=-1, source=0x101 }
06-14 09:30:21.890  8271  8271 I Input   : injectKeyEvent: KeyEvent { action=ACTION_UP, keyCode=KEYCODE_DEL, scanCode=0, metaState=0, flags=0x0, repeatCount=0, eventTime=201585, downTime=201585, deviceId=-1, source=0x101 }
06-14 09:30:21.891  8271  8271 I Input   : injectKeyEvent: KeyEvent { action=ACTION_DOWN, keyCode=KEYCODE_DEL, scanCode=0, metaState=0, flags=0x0, repeatCount=0, eventTime=201587, downTime=201587, deviceId=-1, source=0x101 }
06-14 09:30:21.892  8271  8271 I Input   : injectKeyEvent: KeyEvent { action=ACTION_UP, keyCode=KEYCODE_DEL, scanCode=0, metaState=0, flags=0x0, repeatCount=0, eventTime=201587, downTime=201587, deviceId=-1, source=0x101 }
06-14 09:30:21.893  8271  8271 I Input   : injectKeyEvent: KeyEvent { action=ACTION_DOWN, keyCode=KEYCODE_DEL, scanCode=0, metaState=0, flags=0x0, repeatCount=0, eventTime=201589, downTime=201589, deviceId=-1, source=0x101 }
06-14 09:30:21.895  8271  8271 I Input   : injectKeyEvent: KeyEvent { action=ACTION_UP, keyCode=KEYCODE_DEL, scanCode=0, metaState=0, flags=0x0, repeatCount=0, eventTime=201589, downTime=201589, deviceId=-1, source=0x101 }
06-14 09:30:21.897  8271  8271 I Input   : injectKeyEvent: KeyEvent { action=ACTION_DOWN, keyCode=KEYCODE_DEL, scanCode=0, metaState=0, flags=0x0, repeatCount=0, eventTime=201593, downTime=201593, deviceId=-1, source=0x101 }
06-14 09:30:21.898  8271  8271 I Input   : injectKeyEvent: KeyEvent { action=ACTION_UP, keyCode=KEYCODE_DEL, scanCode=0, metaState=0, flags=0x0, repeatCount=0, eventTime=201593, downTime=201593, deviceId=-1, source=0x101 }
06-14 09:30:21.899  8271  8271 I Input   : injectKeyEvent: KeyEvent { action=ACTION_DOWN, keyCode=KEYCODE_DEL, scanCode=0, metaState=0, flags=0x0, repeatCount=0, eventTime=201595, downTime=201595, deviceId=-1, source=0x101 }
06-14 09:30:21.901  8271  8271 I Input   : injectKeyEvent: KeyEvent { action=ACTION_UP, keyCode=KEYCODE_DEL, scanCode=0, metaState=0, flags=0x0, repeatCount=0, eventTime=201595, downTime=201595, deviceId=-1, source=0x101 }
06-14 09:30:21.902  8271  8271 I Input   : injectKeyEvent: KeyEvent { action=ACTION_DOWN, keyCode=KEYCODE_DEL, scanCode=0, metaState=0, flags=0x0, repeatCount=0, eventTime=201598, downTime=201598, deviceId=-1, source=0x101 }
06-14 09:30:21.903  8271  8271 I Input   : injectKeyEvent: KeyEvent { action=ACTION_UP, keyCode=KEYCODE_DEL, scanCode=0, metaState=0, flags=0x0, repeatCount=0, eventTime=201598, downTime=201598, deviceId=-1, source=0x101 }
06-14 09:30:21.905  8271  8271 I Input   : injectKeyEvent: KeyEvent { action=ACTION_DOWN, keyCode=KEYCODE_DEL, scanCode=0, metaState=0, flags=0x0, repeatCount=0, eventTime=201601, downTime=201601, deviceId=-1, source=0x101 }
06-14 09:30:21.906  8271  8271 I Input   : injectKeyEvent: KeyEvent { action=ACTION_UP, keyCode=KEYCODE_DEL, scanCode=0, metaState=0, flags=0x0, repeatCount=0, eventTime=201601, downTime=201601, deviceId=-1, source=0x101 }
06-14 09:30:21.908  8271  8271 I Input   : injectKeyEvent: KeyEvent { action=ACTION_DOWN, keyCode=KEYCODE_DEL, scanCode=0, metaState=0, flags=0x0, repeatCount=0, eventTime=201604, downTime=201604, deviceId=-1, source=0x101 }
06-14 09:30:21.909  8271  8271 I Input   : injectKeyEvent: KeyEvent { action=ACTION_UP, keyCode=KEYCODE_DEL, scanCode=0, metaState=0, flags=0x0, repeatCount=0, eventTime=201604, downTime=201604, deviceId=-1, source=0x101 }
06-14 09:30:21.910  8271  8271 I Input   : injectKeyEvent: KeyEvent { action=ACTION_DOWN, keyCode=KEYCODE_DEL, scanCode=0, metaState=0, flags=0x0, repeatCount=0, eventTime=201606, downTime=201606, deviceId=-1, source=0x101 }
06-14 09:30:21.911  8271  8271 I Input   : injectKeyEvent: KeyEvent { action=ACTION_UP, keyCode=KEYCODE_DEL, scanCode=0, metaState=0, flags=0x0, repeatCount=0, eventTime=201606, downTime=201606, deviceId=-1, source=0x101 }
06-14 09:30:21.913  8271  8271 I Input   : injectKeyEvent: KeyEvent { action=ACTION_DOWN, keyCode=KEYCODE_DEL, scanCode=0, metaState=0, flags=0x0, repeatCount=0, eventTime=201609, downTime=201609, deviceId=-1, source=0x101 }
06-14 09:30:21.914  8271  8271 I Input   : injectKeyEvent: KeyEvent { action=ACTION_UP, keyCode=KEYCODE_DEL, scanCode=0, metaState=0, flags=0x0, repeatCount=0, eventTime=201609, downTime=201609, deviceId=-1, source=0x101 }
06-14 09:30:21.915  8271  8271 I Input   : injectKeyEvent: KeyEvent { action=ACTION_DOWN, keyCode=KEYCODE_DEL, scanCode=0, metaState=0, flags=0x0, repeatCount=0, eventTime=201611, downTime=201611, deviceId=-1, source=0x101 }
06-14 09:30:21.916  8271  8271 I Input   : injectKeyEvent: KeyEvent { action=ACTION_UP, keyCode=KEYCODE_DEL, scanCode=0, metaState=0, flags=0x0, repeatCount=0, eventTime=201611, downTime=201611, deviceId=-1, source=0x101 }
06-14 09:30:21.918  8271  8271 I Input   : injectKeyEvent: KeyEvent { action=ACTION_DOWN, keyCode=KEYCODE_DEL, scanCode=0, metaState=0, flags=0x0, repeatCount=0, eventTime=201614, downTime=201614, deviceId=-1, source=0x101 }
06-14 09:30:21.919  8271  8271 I Input   : injectKeyEvent: KeyEvent { action=ACTION_UP, keyCode=KEYCODE_DEL, scanCode=0, metaState=0, flags=0x0, repeatCount=0, eventTime=201614, downTime=201614, deviceId=-1, source=0x101 }
06-14 09:30:21.920  8271  8271 I Input   : injectKeyEvent: KeyEvent { action=ACTION_DOWN, keyCode=KEYCODE_DEL, scanCode=0, metaState=0, flags=0x0, repeatCount=0, eventTime=201616, downTime=201616, deviceId=-1, source=0x101 }
06-14 09:30:21.921  8271  8271 I Input   : injectKeyEvent: KeyEvent { action=ACTION_UP, keyCode=KEYCODE_DEL, scanCode=0, metaState=0, flags=0x0, repeatCount=0, eventTime=201616, downTime=201616, deviceId=-1, source=0x101 }
06-14 09:30:21.922  8271  8271 I Input   : injectKeyEvent: KeyEvent { action=ACTION_DOWN, keyCode=KEYCODE_DEL, scanCode=0, metaState=0, flags=0x0, repeatCount=0, eventTime=201618, downTime=201618, deviceId=-1, source=0x101 }
06-14 09:30:21.923  8271  8271 I Input   : injectKeyEvent: KeyEvent { action=ACTION_UP, keyCode=KEYCODE_DEL, scanCode=0, metaState=0, flags=0x0, repeatCount=0, eventTime=201618, downTime=201618, deviceId=-1, source=0x101 }
06-14 09:30:21.925  8271  8271 I Input   : injectKeyEvent: KeyEvent { action=ACTION_DOWN, keyCode=KEYCODE_DEL, scanCode=0, metaState=0, flags=0x0, repeatCount=0, eventTime=201621, downTime=201621, deviceId=-1, source=0x101 }
06-14 09:30:21.926  8271  8271 I Input   : injectKeyEvent: KeyEvent { action=ACTION_UP, keyCode=KEYCODE_DEL, scanCode=0, metaState=0, flags=0x0, repeatCount=0, eventTime=201621, downTime=201621, deviceId=-1, source=0x101 }
06-14 09:30:21.927  8271  8271 I Input   : injectKeyEvent: KeyEvent { action=ACTION_DOWN, keyCode=KEYCODE_DEL, scanCode=0, metaState=0, flags=0x0, repeatCount=0, eventTime=201623, downTime=201623, deviceId=-1, source=0x101 }
06-14 09:30:21.928  8271  8271 I Input   : injectKeyEvent: KeyEvent { action=ACTION_UP, keyCode=KEYCODE_DEL, scanCode=0, metaState=0, flags=0x0, repeatCount=0, eventTime=201623, downTime=201623, deviceId=-1, source=0x101 }
06-14 09:30:21.929  8271  8271 I Input   : injectKeyEvent: KeyEvent { action=ACTION_DOWN, keyCode=KEYCODE_DEL, scanCode=0, metaState=0, flags=0x0, repeatCount=0, eventTime=201625, downTime=201625, deviceId=-1, source=0x101 }
06-14 09:30:21.930  8271  8271 I Input   : injectKeyEvent: KeyEvent { action=ACTION_UP, keyCode=KEYCODE_DEL, scanCode=0, metaState=0, flags=0x0, repeatCount=0, eventTime=201625, downTime=201625, deviceId=-1, source=0x101 }
06-14 09:30:21.931  8271  8271 I Input   : injectKeyEvent: KeyEvent { action=ACTION_DOWN, keyCode=KEYCODE_DEL, scanCode=0, metaState=0, flags=0x0, repeatCount=0, eventTime=201627, downTime=201627, deviceId=-1, source=0x101 }
06-14 09:30:21.932  8271  8271 I Input   : injectKeyEvent: KeyEvent { action=ACTION_UP, keyCode=KEYCODE_DEL, scanCode=0, metaState=0, flags=0x0, repeatCount=0, eventTime=201627, downTime=201627, deviceId=-1, source=0x101 }
06-14 09:30:21.934  8271  8271 I Input   : injectKeyEvent: KeyEvent { action=ACTION_DOWN, keyCode=KEYCODE_DEL, scanCode=0, metaState=0, flags=0x0, repeatCount=0, eventTime=201630, downTime=201630, deviceId=-1, source=0x101 }
06-14 09:30:21.935  8271  8271 I Input   : injectKeyEvent: KeyEvent { action=ACTION_UP, keyCode=KEYCODE_DEL, scanCode=0, metaState=0, flags=0x0, repeatCount=0, eventTime=201630, downTime=201630, deviceId=-1, source=0x101 }
06-14 09:30:21.937  8271  8271 I Input   : injectKeyEvent: KeyEvent { action=ACTION_DOWN, keyCode=KEYCODE_DEL, scanCode=0, metaState=0, flags=0x0, repeatCount=0, eventTime=201633, downTime=201633, deviceId=-1, source=0x101 }
06-14 09:30:21.938  8271  8271 I Input   : injectKeyEvent: KeyEvent { action=ACTION_UP, keyCode=KEYCODE_DEL, scanCode=0, metaState=0, flags=0x0, repeatCount=0, eventTime=201633, downTime=201633, deviceId=-1, source=0x101 }
06-14 09:30:21.940  8271  8271 I Input   : injectKeyEvent: KeyEvent { action=ACTION_DOWN, keyCode=KEYCODE_DEL, scanCode=0, metaState=0, flags=0x0, repeatCount=0, eventTime=201636, downTime=201636, deviceId=-1, source=0x101 }
06-14 09:30:21.941  8271  8271 I Input   : injectKeyEvent: KeyEvent { action=ACTION_UP, keyCode=KEYCODE_DEL, scanCode=0, metaState=0, flags=0x0, repeatCount=0, eventTime=201636, downTime=201636, deviceId=-1, source=0x101 }
06-14 09:30:21.942  8271  8271 I Input   : injectKeyEvent: KeyEvent { action=ACTION_DOWN, keyCode=KEYCODE_DEL, scanCode=0, metaState=0, flags=0x0, repeatCount=0, eventTime=201638, downTime=201638, deviceId=-1, source=0x101 }
06-14 09:30:21.943  8271  8271 I Input   : injectKeyEvent: KeyEvent { action=ACTION_UP, keyCode=KEYCODE_DEL, scanCode=0, metaState=0, flags=0x0, repeatCount=0, eventTime=201638, downTime=201638, deviceId=-1, source=0x101 }
06-14 09:30:21.945  8271  8271 I Input   : injectKeyEvent: KeyEvent { action=ACTION_DOWN, keyCode=KEYCODE_DEL, scanCode=0, metaState=0, flags=0x0, repeatCount=0, eventTime=201641, downTime=201641, deviceId=-1, source=0x101 }
06-14 09:30:21.947  8271  8271 I Input   : injectKeyEvent: KeyEvent { action=ACTION_UP, keyCode=KEYCODE_DEL, scanCode=0, metaState=0, flags=0x0, repeatCount=0, eventTime=201641, downTime=201641, deviceId=-1, source=0x101 }
06-14 09:30:21.948  8271  8271 I Input   : injectKeyEvent: KeyEvent { action=ACTION_DOWN, keyCode=KEYCODE_DEL, scanCode=0, metaState=0, flags=0x0, repeatCount=0, eventTime=201644, downTime=201644, deviceId=-1, source=0x101 }
06-14 09:30:21.949  8271  8271 I Input   : injectKeyEvent: KeyEvent { action=ACTION_UP, keyCode=KEYCODE_DEL, scanCode=0, metaState=0, flags=0x0, repeatCount=0, eventTime=201644, downTime=201644, deviceId=-1, source=0x101 }
06-14 09:30:21.950  8271  8271 I Input   : injectKeyEvent: KeyEvent { action=ACTION_DOWN, keyCode=KEYCODE_DEL, scanCode=0, metaState=0, flags=0x0, repeatCount=0, eventTime=201647, downTime=201647, deviceId=-1, source=0x101 }
06-14 09:30:21.952  8271  8271 I Input   : injectKeyEvent: KeyEvent { action=ACTION_UP, keyCode=KEYCODE_DEL, scanCode=0, metaState=0, flags=0x0, repeatCount=0, eventTime=201647, downTime=201647, deviceId=-1, source=0x101 }
06-14 09:30:21.953  8271  8271 D AndroidRuntime: Shutting down VM
06-14 09:30:22.114  8281  8281 D AndroidRuntime: >>>>>> START com.android.internal.os.RuntimeInit uid 2000 <<<<<<
06-14 09:30:22.116  8281  8281 D AndroidRuntime: CheckJNI is ON
06-14 09:30:22.132  8281  8281 W art     : Unexpected CPU variant for X86 using defaults: x86
06-14 09:30:22.135  8281  8281 D ICU     : No timezone override file found: /data/misc/zoneinfo/current/icu/icu_tzdata.dat
06-14 09:30:22.150  8281  8281 E memtrack: Couldn't load memtrack module (No such file or directory)
06-14 09:30:22.150  8281  8281 E android.os.Debug: failed to load memtrack module: -2
06-14 09:30:22.150  8281  8281 I Radio-JNI: register_android_hardware_Radio DONE
06-14 09:30:22.158  8281  8281 D AndroidRuntime: Calling main entry com.android.commands.input.Input
06-14 09:30:22.162  8281  8281 I Input   : injectKeyEvent: KeyEvent { action=ACTION_DOWN, keyCode=KEYCODE_1, scanCode=0, metaState=0, flags=0x0, repeatCount=0, eventTime=201857, downTime=201857, deviceId=-1, source=0x101 }
06-14 09:30:22.164  8281  8281 I Input   : injectKeyEvent: KeyEvent { action=ACTION_UP, keyCode=KEYCODE_1, scanCode=0, metaState=0, flags=0x0, repeatCount=0, eventTime=201857, downTime=201857, deviceId=-1, source=0x101 }
06-14 09:30:22.166  8281  8281 I Input   : injectKeyEvent: KeyEvent { action=ACTION_DOWN, keyCode=KEYCODE_2, scanCode=0, metaState=0, flags=0x0, repeatCount=0, eventTime=201857, downTime=201857, deviceId=-1, source=0x101 }
06-14 09:30:22.169  8281  8281 I Input   : injectKeyEvent: KeyEvent { action=ACTION_UP, keyCode=KEYCODE_2, scanCode=0, metaState=0, flags=0x0, repeatCount=0, eventTime=201857, downTime=201857, deviceId=-1, source=0x101 }
06-14 09:30:22.171  8281  8281 I Input   : injectKeyEvent: KeyEvent { action=ACTION_DOWN, keyCode=KEYCODE_3, scanCode=0, metaState=0, flags=0x0, repeatCount=0, eventTime=201857, downTime=201857, deviceId=-1, source=0x101 }
06-14 09:30:22.193  8281  8281 I Input   : injectKeyEvent: KeyEvent { action=ACTION_UP, keyCode=KEYCODE_3, scanCode=0, metaState=0, flags=0x0, repeatCount=0, eventTime=201857, downTime=201857, deviceId=-1, source=0x101 }
06-14 09:30:22.195  8281  8281 I Input   : injectKeyEvent: KeyEvent { action=ACTION_DOWN, keyCode=KEYCODE_4, scanCode=0, metaState=0, flags=0x0, repeatCount=0, eventTime=201857, downTime=201857, deviceId=-1, source=0x101 }
06-14 09:30:22.197  8281  8281 I Input   : injectKeyEvent: KeyEvent { action=ACTION_UP, keyCode=KEYCODE_4, scanCode=0, metaState=0, flags=0x0, repeatCount=0, eventTime=201857, downTime=201857, deviceId=-1, source=0x101 }
06-14 09:30:22.198  8281  8281 I Input   : injectKeyEvent: KeyEvent { action=ACTION_DOWN, keyCode=KEYCODE_5, scanCode=0, metaState=0, flags=0x0, repeatCount=0, eventTime=201857, downTime=201857, deviceId=-1, source=0x101 }
06-14 09:30:22.200  8281  8281 I Input   : injectKeyEvent: KeyEvent { action=ACTION_UP, keyCode=KEYCODE_5, scanCode=0, metaState=0, flags=0x0, repeatCount=0, eventTime=201857, downTime=201857, deviceId=-1, source=0x101 }
06-14 09:30:22.202  8281  8281 I Input   : injectKeyEvent: KeyEvent { action=ACTION_DOWN, keyCode=KEYCODE_6, scanCode=0, metaState=0, flags=0x0, repeatCount=0, eventTime=201857, downTime=201857, deviceId=-1, source=0x101 }
06-14 09:30:22.203  8281  8281 I Input   : injectKeyEvent: KeyEvent { action=ACTION_UP, keyCode=KEYCODE_6, scanCode=0, metaState=0, flags=0x0, repeatCount=0, eventTime=201857, downTime=201857, deviceId=-1, source=0x101 }
06-14 09:30:22.226  8281  8281 I Input   : injectKeyEvent: KeyEvent { action=ACTION_DOWN, keyCode=KEYCODE_7, scanCode=0, metaState=0, flags=0x0, repeatCount=0, eventTime=201857, downTime=201857, deviceId=-1, source=0x101 }
06-14 09:30:22.230  8281  8281 I Input   : injectKeyEvent: KeyEvent { action=ACTION_UP, keyCode=KEYCODE_7, scanCode=0, metaState=0, flags=0x0, repeatCount=0, eventTime=201857, downTime=201857, deviceId=-1, source=0x101 }
06-14 09:30:22.231  8281  8281 D AndroidRuntime: Shutting down VM
06-14 09:30:22.289  8296  8296 W ls      : type=1400 audit(0.0:26): avc: denied { getattr } for path="/proc/sysrq-trigger" dev="proc" ino=4026532069 scontext=u:r:shell:s0 tcontext=u:object_r:proc_sysrq:s0 tclass=file permissive=0
06-14 09:30:22.299  8296  8296 W ls      : type=1400 audit(0.0:27): avc: denied { getattr } for path="/proc/iomem" dev="proc" ino=4026532007 scontext=u:r:shell:s0 tcontext=u:object_r:proc_iomem:s0 tclass=file permissive=0
06-14 09:30:23.670  1346  2148 E SurfaceFlinger: ro.sf.lcd_density must be defined as a build property
06-14 09:30:23.672  1346  1400 D gralloc_ranchu: gralloc_alloc: Creating ashmem region of size 8294400
06-14 09:30:23.681  8575  8575 D         : HostConnection::get() New Host Connection established 0xb471b2c0, tid 8575
06-14 09:30:23.941  8580  8580 D AndroidRuntime: >>>>>> START com.android.internal.os.RuntimeInit uid 2000 <<<<<<
06-14 09:30:23.942  8580  8580 D AndroidRuntime: CheckJNI is ON
06-14 09:30:23.956  8580  8580 W art     : Unexpected CPU variant for X86 using defaults: x86
06-14 09:30:23.958  8580  8580 D ICU     : No timezone override file found: /data/misc/zoneinfo/current/icu/icu_tzdata.dat
06-14 09:30:23.968  8580  8580 E memtrack: Couldn't load memtrack module (No such file or directory)
06-14 09:30:23.968  8580  8580 E android.os.Debug: failed to load memtrack module: -2
06-14 09:30:23.969  8580  8580 I Radio-JNI: register_android_hardware_Radio DONE
06-14 09:30:23.973  8580  8580 D AndroidRuntime: Calling main entry com.android.commands.am.Am
06-14 09:30:23.978  2861  2861 D MediaScannerReceiver: action: android.intent.action.MEDIA_SCANNER_SCAN_FILE path: /storage/emulated/0/screen.png
06-14 09:30:23.979  8580  8580 D AndroidRuntime: Shutting down VM
06-14 09:30:26.377  8594  8594 D AndroidRuntime: >>>>>> START com.android.internal.os.RuntimeInit uid 2000 <<<<<<
06-14 09:30:26.378  8594  8594 D AndroidRuntime: CheckJNI is ON
06-14 09:30:26.392  8594  8594 W art     : Unexpected CPU variant for X86 using defaults: x86
06-14 09:30:26.395  8594  8594 D ICU     : No timezone override file found: /data/local/tmp/misc/zoneinfo/current/icu/icu_tzdata.dat
06-14 09:30:26.408  8594  8594 E memtrack: Couldn't load memtrack module (No such file or directory)
06-14 09:30:26.408  8594  8594 E android.os.Debug: failed to load memtrack module: -2
06-14 09:30:26.408  8594  8594 I Radio-JNI: register_android_hardware_Radio DONE
06-14 09:30:26.412  8594  8594 D AndroidRuntime: Calling main entry com.android.commands.uiautomator.Launcher
06-14 09:30:27.435  8594  8594 W AccessibilityNodeInfoDumper: Fetch time: 3ms
06-14 09:30:27.436  1674  3496 W WindowManager: Attempted to remove non-existing token: android.os.Binder@c7aecb6
06-14 09:30:27.439  1855  1855 V PhoneStatusBar: setLightsOn(true)
06-14 09:30:27.439  8594  8594 D AndroidRuntime: Shutting down VM
06-14 09:30:28.201  8620  8620 D AndroidRuntime: >>>>>> START com.android.internal.os.RuntimeInit uid 2000 <<<<<<
06-14 09:30:28.202  8620  8620 D AndroidRuntime: CheckJNI is ON
06-14 09:30:28.216  8620  8620 W art     : Unexpected CPU variant for X86 using defaults: x86
06-14 09:30:28.218  8620  8620 D ICU     : No timezone override file found: /data/local/tmp/misc/zoneinfo/current/icu/icu_tzdata.dat
06-14 09:30:28.233  8620  8620 E memtrack: Couldn't load memtrack module (No such file or directory)
06-14 09:30:28.234  8620  8620 E android.os.Debug: failed to load memtrack module: -2
06-14 09:30:28.234  8620  8620 I Radio-JNI: register_android_hardware_Radio DONE
06-14 09:30:28.238  8620  8620 D AndroidRuntime: Calling main entry com.android.commands.uiautomator.Launcher
06-14 09:30:29.258  8620  8620 W AccessibilityNodeInfoDumper: Fetch time: 5ms
06-14 09:30:29.259  1674  2344 W WindowManager: Attempted to remove non-existing token: android.os.Binder@bd8a924
06-14 09:30:29.264  1855  1855 V PhoneStatusBar: setLightsOn(true)
06-14 09:30:29.265  8620  8620 D AndroidRuntime: Shutting down VM
06-14 09:30:29.468  8638  8638 D AndroidRuntime: >>>>>> START com.android.internal.os.RuntimeInit uid 2000 <<<<<<
06-14 09:30:29.469  8638  8638 D AndroidRuntime: CheckJNI is ON
06-14 09:30:29.485  8638  8638 W art     : Unexpected CPU variant for X86 using defaults: x86
06-14 09:30:29.487  8638  8638 D ICU     : No timezone override file found: /data/local/tmp/misc/zoneinfo/current/icu/icu_tzdata.dat
06-14 09:30:29.502  8638  8638 E memtrack: Couldn't load memtrack module (No such file or directory)
06-14 09:30:29.502  8638  8638 E android.os.Debug: failed to load memtrack module: -2
06-14 09:30:29.503  8638  8638 I Radio-JNI: register_android_hardware_Radio DONE
06-14 09:30:29.507  8638  8638 D AndroidRuntime: Calling main entry com.android.commands.uiautomator.Launcher
06-14 09:30:30.530  8638  8638 W AccessibilityNodeInfoDumper: Fetch time: 2ms
06-14 09:30:30.531  1674  1957 W WindowManager: Attempted to remove non-existing token: android.os.Binder@6411e42
06-14 09:30:30.533  1855  1855 V PhoneStatusBar: setLightsOn(true)
06-14 09:30:30.535  8638  8638 D AndroidRuntime: Shutting down VM
06-14 09:30:30.707  8650  8650 D AndroidRuntime: >>>>>> START com.android.internal.os.RuntimeInit uid 2000 <<<<<<
06-14 09:30:30.708  8650  8650 D AndroidRuntime: CheckJNI is ON
06-14 09:30:30.722  8650  8650 W art     : Unexpected CPU variant for X86 using defaults: x86
06-14 09:30:30.725  8650  8650 D ICU     : No timezone override file found: /data/misc/zoneinfo/current/icu/icu_tzdata.dat
06-14 09:30:30.734  8650  8650 E memtrack: Couldn't load memtrack module (No such file or directory)
06-14 09:30:30.734  8650  8650 E android.os.Debug: failed to load memtrack module: -2
06-14 09:30:30.735  8650  8650 I Radio-JNI: register_android_hardware_Radio DONE
06-14 09:30:30.740  8650  8650 D AndroidRuntime: Calling main entry com.android.commands.input.Input
06-14 09:30:30.743  8650  8650 I Input   : injectMotionEvent: MotionEvent { action=ACTION_DOWN, actionButton=0, id[0]=0, x[0]=540.0, y[0]=811.0, toolType[0]=TOOL_TYPE_UNKNOWN, buttonState=0, metaState=0, flags=0x0, edgeFlags=0x0, pointerCount=1, historySize=0, eventTime=210437, downTime=210437, deviceId=0, source=0x1002 }
06-14 09:30:30.744  8650  8650 I Input   : injectMotionEvent: MotionEvent { action=ACTION_UP, actionButton=0, id[0]=0, x[0]=540.0, y[0]=811.0, toolType[0]=TOOL_TYPE_UNKNOWN, buttonState=0, metaState=0, flags=0x0, edgeFlags=0x0, pointerCount=1, historySize=0, eventTime=210437, downTime=210437, deviceId=0, source=0x1002 }
06-14 09:30:30.746  1803  1803 W InputMethodService: Window size has been changed. This may cause jankiness of resizing window: -1 -> -2
06-14 09:30:30.746  8650  8650 D AndroidRuntime: Shutting down VM
06-14 09:30:30.751  1803  1803 I LatinIME: Starting input. Cursor position = 13,13
06-14 09:30:30.781  4535  4535 W IInputConnectionWrapper: finishComposingText on inactive InputConnection
06-14 09:30:30.783  1855  1855 V PhoneStatusBar: setLightsOn(true)
06-14 09:30:30.788  1855  1855 V PhoneStatusBar: setLightsOn(true)
06-14 09:30:30.805  1346  2148 D gralloc_ranchu: gralloc_alloc: Creating ashmem region of size 45056
06-14 09:30:30.810  1855  1855 V PhoneStatusBar: setLightsOn(true)
06-14 09:30:30.811  1855  1855 V PhoneStatusBar: setLightsOn(true)
06-14 09:30:30.824  1855  1855 V PhoneStatusBar: setLightsOn(true)
06-14 09:30:30.826  1855  1855 V PhoneStatusBar: setLightsOn(true)
06-14 09:30:30.849  1855  1855 V PhoneStatusBar: setLightsOn(true)
06-14 09:30:30.855  1803  5041 D EGL_emulation: eglMakeCurrent: 0x8c3ab6c0: ver 3 0 (tinfo 0x8c47e820)
06-14 09:30:30.863  1855  1855 V PhoneStatusBar: setLightsOn(true)
06-14 09:30:30.863  1855  1855 V PhoneStatusBar: setLightsOn(true)
06-14 09:30:30.871  1855  1855 V PhoneStatusBar: setLightsOn(true)
06-14 09:30:30.872  1855  1855 V PhoneStatusBar: setLightsOn(true)
06-14 09:30:30.922  1855  1855 V PhoneStatusBar: setLightsOn(true)
06-14 09:30:31.009  1346  1400 D gralloc_ranchu: gralloc_alloc: Creating ashmem region of size 45056
06-14 09:30:31.030  8663  8663 D AndroidRuntime: >>>>>> START com.android.internal.os.RuntimeInit uid 2000 <<<<<<
06-14 09:30:31.031  8663  8663 D AndroidRuntime: CheckJNI is ON
06-14 09:30:31.048  8663  8663 W art     : Unexpected CPU variant for X86 using defaults: x86
06-14 09:30:31.050  8663  8663 D ICU     : No timezone override file found: /data/misc/zoneinfo/current/icu/icu_tzdata.dat
06-14 09:30:31.060  8663  8663 E memtrack: Couldn't load memtrack module (No such file or directory)
06-14 09:30:31.060  8663  8663 E android.os.Debug: failed to load memtrack module: -2
06-14 09:30:31.060  8663  8663 I Radio-JNI: register_android_hardware_Radio DONE
06-14 09:30:31.064  8663  8663 D AndroidRuntime: Calling main entry com.android.commands.input.Input
06-14 09:30:31.066  8663  8663 I Input   : injectKeyEvent: KeyEvent { action=ACTION_DOWN, keyCode=KEYCODE_ESCAPE, scanCode=0, metaState=0, flags=0x0, repeatCount=0, eventTime=210761, downTime=210761, deviceId=-1, source=0x101 }
06-14 09:30:31.069  8663  8663 I Input   : injectKeyEvent: KeyEvent { action=ACTION_UP, keyCode=KEYCODE_ESCAPE, scanCode=0, metaState=0, flags=0x0, repeatCount=0, eventTime=210761, downTime=210761, deviceId=-1, source=0x101 }
06-14 09:30:31.071  8663  8663 D AndroidRuntime: Shutting down VM
06-14 09:30:31.072  1803  1803 W InputMethodService: Window size has been changed. This may cause jankiness of resizing window: -1 -> -2
06-14 09:30:31.089  1855  1855 V PhoneStatusBar: setLightsOn(true)
06-14 09:30:31.091  1803  5041 D EGL_emulation: eglMakeCurrent: 0x8c3ab6c0: ver 3 0 (tinfo 0x8c47e820)
06-14 09:30:31.096  1855  1855 V PhoneStatusBar: setLightsOn(true)
06-14 09:30:31.099  1855  1855 V PhoneStatusBar: setLightsOn(true)
06-14 09:30:31.123  1855  1855 V PhoneStatusBar: setLightsOn(true)
06-14 09:30:31.271  1674  1695 I WindowManager: Destroying surface Surface(name=InputMethod) called by com.android.server.wm.WindowStateAnimator.destroySurface:2016 com.android.server.wm.WindowStateAnimator.destroySurfaceLocked:882 com.android.server.wm.WindowState.destroyOrSaveSurface:2100 com.android.server.wm.WindowSurfacePlacer.performSurfacePlacementInner:429 com.android.server.wm.WindowSurfacePlacer.performSurfacePlacementLoop:232 com.android.server.wm.WindowSurfacePlacer.performSurfacePlacement:180 com.android.server.wm.WindowManagerService$H.handleMessage:8086 android.os.Handler.dispatchMessage:102 
06-14 09:30:31.271  1855  1855 V PhoneStatusBar: setLightsOn(true)
06-14 09:30:31.567  2166  8677 I Vision  : Requesting optional module download of ocr.
