07-28 18:59:30.907  9321  9321 I Input   : injectKeyEvent: KeyEvent { action=ACTION_DOWN, keyCode=KEYCODE_DEL, scanCode=0, metaState=0, flags=0x0, repeatCount=0, eventTime=765128, downTime=765128, deviceId=-1, source=0x101 }
07-28 18:59:30.909  9321  9321 I Input   : injectKeyEvent: KeyEvent { action=ACTION_UP, keyCode=KEYCODE_DEL, scanCode=0, metaState=0, flags=0x0, repeatCount=0, eventTime=765128, downTime=765128, deviceId=-1, source=0x101 }
07-28 18:59:30.911  9321  9321 I Input   : injectKeyEvent: KeyEvent { action=ACTION_DOWN, keyCode=KEYCODE_DEL, scanCode=0, metaState=0, flags=0x0, repeatCount=0, eventTime=765132, downTime=765132, deviceId=-1, source=0x101 }
07-28 18:59:30.912  9321  9321 I Input   : injectKeyEvent: KeyEvent { action=ACTION_UP, keyCode=KEYCODE_DEL, scanCode=0, metaState=0, flags=0x0, repeatCount=0, eventTime=765132, downTime=765132, deviceId=-1, source=0x101 }
07-28 18:59:30.914  9321  9321 I Input   : injectKeyEvent: KeyEvent { action=ACTION_DOWN, keyCode=KEYCODE_DEL, scanCode=0, metaState=0, flags=0x0, repeatCount=0, eventTime=765135, downTime=765135, deviceId=-1, source=0x101 }
07-28 18:59:30.916  9321  9321 I Input   : injectKeyEvent: KeyEvent { action=ACTION_UP, keyCode=KEYCODE_DEL, scanCode=0, metaState=0, flags=0x0, repeatCount=0, eventTime=765135, downTime=765135, deviceId=-1, source=0x101 }
07-28 18:59:30.918  9321  9321 I Input   : injectKeyEvent: KeyEvent { action=ACTION_DOWN, keyCode=KEYCODE_DEL, scanCode=0, metaState=0, flags=0x0, repeatCount=0, eventTime=765139, downTime=765139, deviceId=-1, source=0x101 }
07-28 18:59:30.919  9321  9321 I Input   : injectKeyEvent: KeyEvent { action=ACTION_UP, keyCode=KEYCODE_DEL, scanCode=0, metaState=0, flags=0x0, repeatCount=0, eventTime=765139, downTime=765139, deviceId=-1, source=0x101 }
07-28 18:59:30.922  9321  9321 I Input   : injectKeyEvent: KeyEvent { action=ACTION_DOWN, keyCode=KEYCODE_DEL, scanCode=0, metaState=0, flags=0x0, repeatCount=0, eventTime=765143, downTime=765143, deviceId=-1, source=0x101 }
07-28 18:59:30.923  9321  9321 I Input   : injectKeyEvent: KeyEvent { action=ACTION_UP, keyCode=KEYCODE_DEL, scanCode=0, metaState=0, flags=0x0, repeatCount=0, eventTime=765143, downTime=765143, deviceId=-1, source=0x101 }
07-28 18:59:30.925  9321  9321 I Input   : injectKeyEvent: KeyEvent { action=ACTION_DOWN, keyCode=KEYCODE_DEL, scanCode=0, metaState=0, flags=0x0, repeatCount=0, eventTime=765146, downTime=765146, deviceId=-1, source=0x101 }
07-28 18:59:30.926  9321  9321 I Input   : injectKeyEvent: KeyEvent { action=ACTION_UP, keyCode=KEYCODE_DEL, scanCode=0, metaState=0, flags=0x0, repeatCount=0, eventTime=765146, downTime=765146, deviceId=-1, source=0x101 }
07-28 18:59:30.928  9321  9321 I Input   : injectKeyEvent: KeyEvent { action=ACTION_DOWN, keyCode=KEYCODE_DEL, scanCode=0, metaState=0, flags=0x0, repeatCount=0, eventTime=765149, downTime=765149, deviceId=-1, source=0x101 }
07-28 18:59:30.930  9321  9321 I Input   : injectKeyEvent: KeyEvent { action=ACTION_UP, keyCode=KEYCODE_DEL, scanCode=0, metaState=0, flags=0x0, repeatCount=0, eventTime=765149, downTime=765149, deviceId=-1, source=0x101 }
07-28 18:59:30.931  9321  9321 I Input   : injectKeyEvent: KeyEvent { action=ACTION_DOWN, keyCode=KEYCODE_DEL, scanCode=0, metaState=0, flags=0x0, repeatCount=0, eventTime=765152, downTime=765152, deviceId=-1, source=0x101 }
07-28 18:59:30.933  9321  9321 I Input   : injectKeyEvent: KeyEvent { action=ACTION_UP, keyCode=KEYCODE_DEL, scanCode=0, metaState=0, flags=0x0, repeatCount=0, eventTime=765152, downTime=765152, deviceId=-1, source=0x101 }
07-28 18:59:30.935  9321  9321 I Input   : injectKeyEvent: KeyEvent { action=ACTION_DOWN, keyCode=KEYCODE_DEL, scanCode=0, metaState=0, flags=0x0, repeatCount=0, eventTime=765156, downTime=765156, deviceId=-1, source=0x101 }
07-28 18:59:30.937  9321  9321 I Input   : injectKeyEvent: KeyEvent { action=ACTION_UP, keyCode=KEYCODE_DEL, scanCode=0, metaState=0, flags=0x0, repeatCount=0, eventTime=765156, downTime=765156, deviceId=-1, source=0x101 }
07-28 18:59:30.939  9321  9321 I Input   : injectKeyEvent: KeyEvent { action=ACTION_DOWN, keyCode=KEYCODE_DEL, scanCode=0, metaState=0, flags=0x0, repeatCount=0, eventTime=765160, downTime=765160, deviceId=-1, source=0x101 }
07-28 18:59:30.941  9321  9321 I Input   : injectKeyEvent: KeyEvent { action=ACTION_UP, keyCode=KEYCODE_DEL, scanCode=0, metaState=0, flags=0x0, repeatCount=0, eventTime=765160, downTime=765160, deviceId=-1, source=0x101 }
07-28 18:59:30.943  9321  9321 I Input   : injectKeyEvent: KeyEvent { action=ACTION_DOWN, keyCode=KEYCODE_DEL, scanCode=0, metaState=0, flags=0x0, repeatCount=0, eventTime=765164, downTime=765164, deviceId=-1, source=0x101 }
07-28 18:59:30.945  9321  9321 I Input   : injectKeyEvent: KeyEvent { action=ACTION_UP, keyCode=KEYCODE_DEL, scanCode=0, metaState=0, flags=0x0, repeatCount=0, eventTime=765164, downTime=765164, deviceId=-1, source=0x101 }
07-28 18:59:30.947  9321  9321 I Input   : injectKeyEvent: KeyEvent { action=ACTION_DOWN, keyCode=KEYCODE_DEL, scanCode=0, metaState=0, flags=0x0, repeatCount=0, eventTime=765168, downTime=765168, deviceId=-1, source=0x101 }
07-28 18:59:30.948  9321  9321 I Input   : injectKeyEvent: KeyEvent { action=ACTION_UP, keyCode=KEYCODE_DEL, scanCode=0, metaState=0, flags=0x0, repeatCount=0, eventTime=765168, downTime=765168, deviceId=-1, source=0x101 }
07-28 18:59:30.950  9321  9321 I Input   : injectKeyEvent: KeyEvent { action=ACTION_DOWN, keyCode=KEYCODE_DEL, scanCode=0, metaState=0, flags=0x0, repeatCount=0, eventTime=765171, downTime=765171, deviceId=-1, source=0x101 }
07-28 18:59:30.952  9321  9321 I Input   : injectKeyEvent: KeyEvent { action=ACTION_UP, keyCode=KEYCODE_DEL, scanCode=0, metaState=0, flags=0x0, repeatCount=0, eventTime=765171, downTime=765171, deviceId=-1, source=0x101 }
07-28 18:59:30.954  9321  9321 I Input   : injectKeyEvent: KeyEvent { action=ACTION_DOWN, keyCode=KEYCODE_DEL, scanCode=0, metaState=0, flags=0x0, repeatCount=0, eventTime=765175, downTime=765175, deviceId=-1, source=0x101 }
07-28 18:59:30.956  9321  9321 I Input   : injectKeyEvent: KeyEvent { action=ACTION_UP, keyCode=KEYCODE_DEL, scanCode=0, metaState=0, flags=0x0, repeatCount=0, eventTime=765175, downTime=765175, deviceId=-1, source=0x101 }
07-28 18:59:30.957  9321  9321 I Input   : injectKeyEvent: KeyEvent { action=ACTION_DOWN, keyCode=KEYCODE_DEL, scanCode=0, metaState=0, flags=0x0, repeatCount=0, eventTime=765178, downTime=765178, deviceId=-1, source=0x101 }
07-28 18:59:30.960  9321  9321 I Input   : injectKeyEvent: KeyEvent { action=ACTION_UP, keyCode=KEYCODE_DEL, scanCode=0, metaState=0, flags=0x0, repeatCount=0, eventTime=765178, downTime=765178, deviceId=-1, source=0x101 }
07-28 18:59:30.962  9321  9321 I Input   : injectKeyEvent: KeyEvent { action=ACTION_DOWN, keyCode=KEYCODE_DEL, scanCode=0, metaState=0, flags=0x0, repeatCount=0, eventTime=765183, downTime=765183, deviceId=-1, source=0x101 }
07-28 18:59:30.963  9321  9321 I Input   : injectKeyEvent: KeyEvent { action=ACTION_UP, keyCode=KEYCODE_DEL, scanCode=0, metaState=0, flags=0x0, repeatCount=0, eventTime=765183, downTime=765183, deviceId=-1, source=0x101 }
07-28 18:59:30.965  9321  9321 I Input   : injectKeyEvent: KeyEvent { action=ACTION_DOWN, keyCode=KEYCODE_DEL, scanCode=0, metaState=0, flags=0x0, repeatCount=0, eventTime=765186, downTime=765186, deviceId=-1, source=0x101 }
07-28 18:59:30.966  9321  9321 I Input   : injectKeyEvent: KeyEvent { action=ACTION_UP, keyCode=KEYCODE_DEL, scanCode=0, metaState=0, flags=0x0, repeatCount=0, eventTime=765186, downTime=765186, deviceId=-1, source=0x101 }
07-28 18:59:30.969  9321  9321 I Input   : injectKeyEvent: KeyEvent { action=ACTION_DOWN, keyCode=KEYCODE_DEL, scanCode=0, metaState=0, flags=0x0, repeatCount=0, eventTime=765190, downTime=765190, deviceId=-1, source=0x101 }
07-28 18:59:30.970  9321  9321 I Input   : injectKeyEvent: KeyEvent { action=ACTION_UP, keyCode=KEYCODE_DEL, scanCode=0, metaState=0, flags=0x0, repeatCount=0, eventTime=765190, downTime=765190, deviceId=-1, source=0x101 }
07-28 18:59:30.972  9321  9321 I Input   : injectKeyEvent: KeyEvent { action=ACTION_DOWN, keyCode=KEYCODE_DEL, scanCode=0, metaState=0, flags=0x0, repeatCount=0, eventTime=765193, downTime=765193, deviceId=-1, source=0x101 }
07-28 18:59:30.974  9321  9321 I Input   : injectKeyEvent: KeyEvent { action=ACTION_UP, keyCode=KEYCODE_DEL, scanCode=0, metaState=0, flags=0x0, repeatCount=0, eventTime=765193, downTime=765193, deviceId=-1, source=0x101 }
07-28 18:59:30.976  9321  9321 I Input   : injectKeyEvent: KeyEvent { action=ACTION_DOWN, keyCode=KEYCODE_DEL, scanCode=0, metaState=0, flags=0x0, repeatCount=0, eventTime=765197, downTime=765197, deviceId=-1, source=0x101 }
07-28 18:59:30.977  9321  9321 I Input   : injectKeyEvent: KeyEvent { action=ACTION_UP, keyCode=KEYCODE_DEL, scanCode=0, metaState=0, flags=0x0, repeatCount=0, eventTime=765197, downTime=765197, deviceId=-1, source=0x101 }
07-28 18:59:30.980  9321  9321 I Input   : injectKeyEvent: KeyEvent { action=ACTION_DOWN, keyCode=KEYCODE_DEL, scanCode=0, metaState=0, flags=0x0, repeatCount=0, eventTime=765201, downTime=765201, deviceId=-1, source=0x101 }
07-28 18:59:30.981  9321  9321 I Input   : injectKeyEvent: KeyEvent { action=ACTION_UP, keyCode=KEYCODE_DEL, scanCode=0, metaState=0, flags=0x0, repeatCount=0, eventTime=765201, downTime=765201, deviceId=-1, source=0x101 }
07-28 18:59:30.983  9321  9321 I Input   : injectKeyEvent: KeyEvent { action=ACTION_DOWN, keyCode=KEYCODE_DEL, scanCode=0, metaState=0, flags=0x0, repeatCount=0, eventTime=765204, downTime=765204, deviceId=-1, source=0x101 }
07-28 18:59:30.985  9321  9321 I Input   : injectKeyEvent: KeyEvent { action=ACTION_UP, keyCode=KEYCODE_DEL, scanCode=0, metaState=0, flags=0x0, repeatCount=0, eventTime=765204, downTime=765204, deviceId=-1, source=0x101 }
07-28 18:59:30.987  9321  9321 I Input   : injectKeyEvent: KeyEvent { action=ACTION_DOWN, keyCode=KEYCODE_DEL, scanCode=0, metaState=0, flags=0x0, repeatCount=0, eventTime=765208, downTime=765208, deviceId=-1, source=0x101 }
07-28 18:59:30.989  9321  9321 I Input   : injectKeyEvent: KeyEvent { action=ACTION_UP, keyCode=KEYCODE_DEL, scanCode=0, metaState=0, flags=0x0, repeatCount=0, eventTime=765208, downTime=765208, deviceId=-1, source=0x101 }
07-28 18:59:30.992  9321  9321 I Input   : injectKeyEvent: KeyEvent { action=ACTION_DOWN, keyCode=KEYCODE_DEL, scanCode=0, metaState=0, flags=0x0, repeatCount=0, eventTime=765213, downTime=765213, deviceId=-1, source=0x101 }
07-28 18:59:30.994  9321  9321 I Input   : injectKeyEvent: KeyEvent { action=ACTION_UP, keyCode=KEYCODE_DEL, scanCode=0, metaState=0, flags=0x0, repeatCount=0, eventTime=765213, downTime=765213, deviceId=-1, source=0x101 }
07-28 18:59:30.996  9321  9321 I Input   : injectKeyEvent: KeyEvent { action=ACTION_DOWN, keyCode=KEYCODE_DEL, scanCode=0, metaState=0, flags=0x0, repeatCount=0, eventTime=765217, downTime=765217, deviceId=-1, source=0x101 }
07-28 18:59:30.998  9321  9321 I Input   : injectKeyEvent: KeyEvent { action=ACTION_UP, keyCode=KEYCODE_DEL, scanCode=0, metaState=0, flags=0x0, repeatCount=0, eventTime=765217, downTime=765217, deviceId=-1, source=0x101 }
07-28 18:59:31.000  9321  9321 I Input   : injectKeyEvent: KeyEvent { action=ACTION_DOWN, keyCode=KEYCODE_DEL, scanCode=0, metaState=0, flags=0x0, repeatCount=0, eventTime=765221, downTime=765221, deviceId=-1, source=0x101 }
07-28 18:59:31.002  9321  9321 I Input   : injectKeyEvent: KeyEvent { action=ACTION_UP, keyCode=KEYCODE_DEL, scanCode=0, metaState=0, flags=0x0, repeatCount=0, eventTime=765221, downTime=765221, deviceId=-1, source=0x101 }
07-28 18:59:31.003  9321  9321 I Input   : injectKeyEvent: KeyEvent { action=ACTION_DOWN, keyCode=KEYCODE_DEL, scanCode=0, metaState=0, flags=0x0, repeatCount=0, eventTime=765224, downTime=765224, deviceId=-1, source=0x101 }
07-28 18:59:31.005  9321  9321 I Input   : injectKeyEvent: KeyEvent { action=ACTION_UP, keyCode=KEYCODE_DEL, scanCode=0, metaState=0, flags=0x0, repeatCount=0, eventTime=765224, downTime=765224, deviceId=-1, source=0x101 }
07-28 18:59:31.008  9321  9321 I Input   : injectKeyEvent: KeyEvent { action=ACTION_DOWN, keyCode=KEYCODE_DEL, scanCode=0, metaState=0, flags=0x0, repeatCount=0, eventTime=765229, downTime=765229, deviceId=-1, source=0x101 }
07-28 18:59:31.010  9321  9321 I Input   : injectKeyEvent: KeyEvent { action=ACTION_UP, keyCode=KEYCODE_DEL, scanCode=0, metaState=0, flags=0x0, repeatCount=0, eventTime=765229, downTime=765229, deviceId=-1, source=0x101 }
07-28 18:59:31.011  9321  9321 I Input   : injectKeyEvent: KeyEvent { action=ACTION_DOWN, keyCode=KEYCODE_DEL, scanCode=0, metaState=0, flags=0x0, repeatCount=0, eventTime=765232, downTime=765232, deviceId=-1, source=0x101 }
07-28 18:59:31.013  9321  9321 I Input   : injectKeyEvent: KeyEvent { action=ACTION_UP, keyCode=KEYCODE_DEL, scanCode=0, metaState=0, flags=0x0, repeatCount=0, eventTime=765232, downTime=765232, deviceId=-1, source=0x101 }
07-28 18:59:31.015  9321  9321 I Input   : injectKeyEvent: KeyEvent { action=ACTION_DOWN, keyCode=KEYCODE_DEL, scanCode=0, metaState=0, flags=0x0, repeatCount=0, eventTime=765236, downTime=765236, deviceId=-1, source=0x101 }
07-28 18:59:31.016  9321  9321 I Input   : injectKeyEvent: KeyEvent { action=ACTION_UP, keyCode=KEYCODE_DEL, scanCode=0, metaState=0, flags=0x0, repeatCount=0, eventTime=765236, downTime=765236, deviceId=-1, source=0x101 }
07-28 18:59:31.019  9321  9321 I Input   : injectKeyEvent: KeyEvent { action=ACTION_DOWN, keyCode=KEYCODE_DEL, scanCode=0, metaState=0, flags=0x0, repeatCount=0, eventTime=765240, downTime=765240, deviceId=-1, source=0x101 }
07-28 18:59:31.021  9321  9321 I Input   : injectKeyEvent: KeyEvent { action=ACTION_UP, keyCode=KEYCODE_DEL, scanCode=0, metaState=0, flags=0x0, repeatCount=0, eventTime=765240, downTime=765240, deviceId=-1, source=0x101 }
07-28 18:59:31.022  9321  9321 I Input   : injectKeyEvent: KeyEvent { action=ACTION_DOWN, keyCode=KEYCODE_DEL, scanCode=0, metaState=0, flags=0x0, repeatCount=0, eventTime=765243, downTime=765243, deviceId=-1, source=0x101 }
07-28 18:59:31.024  9321  9321 I Input   : injectKeyEvent: KeyEvent { action=ACTION_UP, keyCode=KEYCODE_DEL, scanCode=0, metaState=0, flags=0x0, repeatCount=0, eventTime=765243, downTime=765243, deviceId=-1, source=0x101 }
07-28 18:59:31.025  9321  9321 I Input   : injectKeyEvent: KeyEvent { action=ACTION_DOWN, keyCode=KEYCODE_DEL, scanCode=0, metaState=0, flags=0x0, repeatCount=0, eventTime=765247, downTime=765247, deviceId=-1, source=0x101 }
07-28 18:59:31.027  9321  9321 I Input   : injectKeyEvent: KeyEvent { action=ACTION_UP, keyCode=KEYCODE_DEL, scanCode=0, metaState=0, flags=0x0, repeatCount=0, eventTime=765247, downTime=765247, deviceId=-1, source=0x101 }
07-28 18:59:31.029  9321  9321 I Input   : injectKeyEvent: KeyEvent { action=ACTION_DOWN, keyCode=KEYCODE_DEL, scanCode=0, metaState=0, flags=0x0, repeatCount=0, eventTime=765250, downTime=765250, deviceId=-1, source=0x101 }
07-28 18:59:31.031  9321  9321 I Input   : injectKeyEvent: KeyEvent { action=ACTION_UP, keyCode=KEYCODE_DEL, scanCode=0, metaState=0, flags=0x0, repeatCount=0, eventTime=765250, downTime=765250, deviceId=-1, source=0x101 }
07-28 18:59:31.033  9321  9321 I Input   : injectKeyEvent: KeyEvent { action=ACTION_DOWN, keyCode=KEYCODE_DEL, scanCode=0, metaState=0, flags=0x0, repeatCount=0, eventTime=765254, downTime=765254, deviceId=-1, source=0x101 }
07-28 18:59:31.035  9321  9321 I Input   : injectKeyEvent: KeyEvent { action=ACTION_UP, keyCode=KEYCODE_DEL, scanCode=0, metaState=0, flags=0x0, repeatCount=0, eventTime=765254, downTime=765254, deviceId=-1, source=0x101 }
07-28 18:59:31.036  9321  9321 I Input   : injectKeyEvent: KeyEvent { action=ACTION_DOWN, keyCode=KEYCODE_DEL, scanCode=0, metaState=0, flags=0x0, repeatCount=0, eventTime=765257, downTime=765257, deviceId=-1, source=0x101 }
07-28 18:59:31.038  9321  9321 I Input   : injectKeyEvent: KeyEvent { action=ACTION_UP, keyCode=KEYCODE_DEL, scanCode=0, metaState=0, flags=0x0, repeatCount=0, eventTime=765257, downTime=765257, deviceId=-1, source=0x101 }
07-28 18:59:31.040  9321  9321 I Input   : injectKeyEvent: KeyEvent { action=ACTION_DOWN, keyCode=KEYCODE_DEL, scanCode=0, metaState=0, flags=0x0, repeatCount=0, eventTime=765261, downTime=765261, deviceId=-1, source=0x101 }
07-28 18:59:31.041  9321  9321 I Input   : injectKeyEvent: KeyEvent { action=ACTION_UP, keyCode=KEYCODE_DEL, scanCode=0, metaState=0, flags=0x0, repeatCount=0, eventTime=765261, downTime=765261, deviceId=-1, source=0x101 }
07-28 18:59:31.043  9321  9321 I Input   : injectKeyEvent: KeyEvent { action=ACTION_DOWN, keyCode=KEYCODE_DEL, scanCode=0, metaState=0, flags=0x0, repeatCount=0, eventTime=765264, downTime=765264, deviceId=-1, source=0x101 }
07-28 18:59:31.045  9321  9321 I Input   : injectKeyEvent: KeyEvent { action=ACTION_UP, keyCode=KEYCODE_DEL, scanCode=0, metaState=0, flags=0x0, repeatCount=0, eventTime=765264, downTime=765264, deviceId=-1, source=0x101 }
07-28 18:59:31.047  9321  9321 I Input   : injectKeyEvent: KeyEvent { action=ACTION_DOWN, keyCode=KEYCODE_DEL, scanCode=0, metaState=0, flags=0x0, repeatCount=0, eventTime=765268, downTime=765268, deviceId=-1, source=0x101 }
07-28 18:59:31.048  9321  9321 I Input   : injectKeyEvent: KeyEvent { action=ACTION_UP, keyCode=KEYCODE_DEL, scanCode=0, metaState=0, flags=0x0, repeatCount=0, eventTime=765268, downTime=765268, deviceId=-1, source=0x101 }
07-28 18:59:31.050  9321  9321 I Input   : injectKeyEvent: KeyEvent { action=ACTION_DOWN, keyCode=KEYCODE_DEL, scanCode=0, metaState=0, flags=0x0, repeatCount=0, eventTime=765271, downTime=765271, deviceId=-1, source=0x101 }
07-28 18:59:31.052  9321  9321 I Input   : injectKeyEvent: KeyEvent { action=ACTION_UP, keyCode=KEYCODE_DEL, scanCode=0, metaState=0, flags=0x0, repeatCount=0, eventTime=765271, downTime=765271, deviceId=-1, source=0x101 }
07-28 18:59:31.054  9321  9321 I Input   : injectKeyEvent: KeyEvent { action=ACTION_DOWN, keyCode=KEYCODE_DEL, scanCode=0, metaState=0, flags=0x0, repeatCount=0, eventTime=765275, downTime=765275, deviceId=-1, source=0x101 }
07-28 18:59:31.056  9321  9321 I Input   : injectKeyEvent: KeyEvent { action=ACTION_UP, keyCode=KEYCODE_DEL, scanCode=0, metaState=0, flags=0x0, repeatCount=0, eventTime=765275, downTime=765275, deviceId=-1, source=0x101 }
07-28 18:59:31.058  9321  9321 I Input   : injectKeyEvent: KeyEvent { action=ACTION_DOWN, keyCode=KEYCODE_DEL, scanCode=0, metaState=0, flags=0x0, repeatCount=0, eventTime=765279, downTime=765279, deviceId=-1, source=0x101 }
07-28 18:59:31.060  9321  9321 I Input   : injectKeyEvent: KeyEvent { action=ACTION_UP, keyCode=KEYCODE_DEL, scanCode=0, metaState=0, flags=0x0, repeatCount=0, eventTime=765279, downTime=765279, deviceId=-1, source=0x101 }
07-28 18:59:31.062  9321  9321 I Input   : injectKeyEvent: KeyEvent { action=ACTION_DOWN, keyCode=KEYCODE_DEL, scanCode=0, metaState=0, flags=0x0, repeatCount=0, eventTime=765283, downTime=765283, deviceId=-1, source=0x101 }
07-28 18:59:31.063  9321  9321 I Input   : injectKeyEvent: KeyEvent { action=ACTION_UP, keyCode=KEYCODE_DEL, scanCode=0, metaState=0, flags=0x0, repeatCount=0, eventTime=765283, downTime=765283, deviceId=-1, source=0x101 }
07-28 18:59:31.065  9321  9321 I Input   : injectKeyEvent: KeyEvent { action=ACTION_DOWN, keyCode=KEYCODE_DEL, scanCode=0, metaState=0, flags=0x0, repeatCount=0, eventTime=765286, downTime=765286, deviceId=-1, source=0x101 }
07-28 18:59:31.067  9321  9321 I Input   : injectKeyEvent: KeyEvent { action=ACTION_UP, keyCode=KEYCODE_DEL, scanCode=0, metaState=0, flags=0x0, repeatCount=0, eventTime=765286, downTime=765286, deviceId=-1, source=0x101 }
07-28 18:59:31.068  9321  9321 I Input   : injectKeyEvent: KeyEvent { action=ACTION_DOWN, keyCode=KEYCODE_DEL, scanCode=0, metaState=0, flags=0x0, repeatCount=0, eventTime=765289, downTime=765289, deviceId=-1, source=0x101 }
07-28 18:59:31.070  9321  9321 I Input   : injectKeyEvent: KeyEvent { action=ACTION_UP, keyCode=KEYCODE_DEL, scanCode=0, metaState=0, flags=0x0, repeatCount=0, eventTime=765289, downTime=765289, deviceId=-1, source=0x101 }
07-28 18:59:31.072  9321  9321 I Input   : injectKeyEvent: KeyEvent { action=ACTION_DOWN, keyCode=KEYCODE_DEL, scanCode=0, metaState=0, flags=0x0, repeatCount=0, eventTime=765293, downTime=765293, deviceId=-1, source=0x101 }
07-28 18:59:31.074  9321  9321 I Input   : injectKeyEvent: KeyEvent { action=ACTION_UP, keyCode=KEYCODE_DEL, scanCode=0, metaState=0, flags=0x0, repeatCount=0, eventTime=765293, downTime=765293, deviceId=-1, source=0x101 }
07-28 18:59:31.075  9321  9321 I Input   : injectKeyEvent: KeyEvent { action=ACTION_DOWN, keyCode=KEYCODE_DEL, scanCode=0, metaState=0, flags=0x0, repeatCount=0, eventTime=765296, downTime=765296, deviceId=-1, source=0x101 }
07-28 18:59:31.077  9321  9321 I Input   : injectKeyEvent: KeyEvent { action=ACTION_UP, keyCode=KEYCODE_DEL, scanCode=0, metaState=0, flags=0x0, repeatCount=0, eventTime=765296, downTime=765296, deviceId=-1, source=0x101 }
07-28 18:59:31.079  9321  9321 D AndroidRuntime: Shutting down VM
07-28 18:59:31.246  9331  9331 D AndroidRuntime: >>>>>> START com.android.internal.os.RuntimeInit uid 2000 <<<<<<
07-28 18:59:31.248  9331  9331 D AndroidRuntime: CheckJNI is ON
07-28 18:59:31.265  9331  9331 W art     : Unexpected CPU variant for X86 using defaults: x86
07-28 18:59:31.268  9331  9331 D ICU     : No timezone override file found: /data/misc/zoneinfo/current/icu/icu_tzdata.dat
07-28 18:59:31.280  9331  9331 E memtrack: Couldn't load memtrack module (No such file or directory)
07-28 18:59:31.280  9331  9331 E android.os.Debug: failed to load memtrack module: -2
07-28 18:59:31.281  9331  9331 I Radio-JNI: register_android_hardware_Radio DONE
07-28 18:59:31.286  9331  9331 D AndroidRuntime: Calling main entry com.android.commands.input.Input
07-28 18:59:31.291  9331  9331 I Input   : injectKeyEvent: KeyEvent { action=ACTION_DOWN, keyCode=KEYCODE_1, scanCode=0, metaState=0, flags=0x0, repeatCount=0, eventTime=765511, downTime=765511, deviceId=-1, source=0x101 }
07-28 18:59:31.294  9331  9331 I Input   : injectKeyEvent: KeyEvent { action=ACTION_UP, keyCode=KEYCODE_1, scanCode=0, metaState=0, flags=0x0, repeatCount=0, eventTime=765511, downTime=765511, deviceId=-1, source=0x101 }
07-28 18:59:31.308  9331  9331 I Input   : injectKeyEvent: KeyEvent { action=ACTION_DOWN, keyCode=KEYCODE_2, scanCode=0, metaState=0, flags=0x0, repeatCount=0, eventTime=765511, downTime=765511, deviceId=-1, source=0x101 }
07-28 18:59:31.310  9331  9331 I Input   : injectKeyEvent: KeyEvent { action=ACTION_UP, keyCode=KEYCODE_2, scanCode=0, metaState=0, flags=0x0, repeatCount=0, eventTime=765511, downTime=765511, deviceId=-1, source=0x101 }
07-28 18:59:31.325  9331  9331 I Input   : injectKeyEvent: KeyEvent { action=ACTION_DOWN, keyCode=KEYCODE_3, scanCode=0, metaState=0, flags=0x0, repeatCount=0, eventTime=765511, downTime=765511, deviceId=-1, source=0x101 }
07-28 18:59:31.327  9331  9331 I Input   : injectKeyEvent: KeyEvent { action=ACTION_UP, keyCode=KEYCODE_3, scanCode=0, metaState=0, flags=0x0, repeatCount=0, eventTime=765511, downTime=765511, deviceId=-1, source=0x101 }
07-28 18:59:31.342  9331  9331 I Input   : injectKeyEvent: KeyEvent { action=ACTION_DOWN, keyCode=KEYCODE_4, scanCode=0, metaState=0, flags=0x0, repeatCount=0, eventTime=765511, downTime=765511, deviceId=-1, source=0x101 }
07-28 18:59:31.345  9331  9331 I Input   : injectKeyEvent: KeyEvent { action=ACTION_UP, keyCode=KEYCODE_4, scanCode=0, metaState=0, flags=0x0, repeatCount=0, eventTime=765511, downTime=765511, deviceId=-1, source=0x101 }
07-28 18:59:31.359  9331  9331 I Input   : injectKeyEvent: KeyEvent { action=ACTION_DOWN, keyCode=KEYCODE_5, scanCode=0, metaState=0, flags=0x0, repeatCount=0, eventTime=765511, downTime=765511, deviceId=-1, source=0x101 }
07-28 18:59:31.362  9331  9331 I Input   : injectKeyEvent: KeyEvent { action=ACTION_UP, keyCode=KEYCODE_5, scanCode=0, metaState=0, flags=0x0, repeatCount=0, eventTime=765511, downTime=765511, deviceId=-1, source=0x101 }
07-28 18:59:31.374  9331  9331 I Input   : injectKeyEvent: KeyEvent { action=ACTION_DOWN, keyCode=KEYCODE_6, scanCode=0, metaState=0, flags=0x0, repeatCount=0, eventTime=765511, downTime=765511, deviceId=-1, source=0x101 }
07-28 18:59:31.376  9331  9331 I Input   : injectKeyEvent: KeyEvent { action=ACTION_UP, keyCode=KEYCODE_6, scanCode=0, metaState=0, flags=0x0, repeatCount=0, eventTime=765511, downTime=765511, deviceId=-1, source=0x101 }
07-28 18:59:31.380  9331  9331 I Input   : injectKeyEvent: KeyEvent { action=ACTION_DOWN, keyCode=KEYCODE_7, scanCode=0, metaState=0, flags=0x0, repeatCount=0, eventTime=765511, downTime=765511, deviceId=-1, source=0x101 }
07-28 18:59:31.393  9331  9331 I Input   : injectKeyEvent: KeyEvent { action=ACTION_UP, keyCode=KEYCODE_7, scanCode=0, metaState=0, flags=0x0, repeatCount=0, eventTime=765511, downTime=765511, deviceId=-1, source=0x101 }
07-28 18:59:31.395  9331  9331 D AndroidRuntime: Shutting down VM
07-28 18:59:31.443  9346  9346 W ls      : type=1400 audit(0.0:29): avc: denied { getattr } for path="/proc/sysrq-trigger" dev="proc" ino=4026532069 scontext=u:r:shell:s0 tcontext=u:object_r:proc_sysrq:s0 tclass=file permissive=0
07-28 18:59:31.443  9346  9346 W ls      : type=1400 audit(0.0:30): avc: denied { getattr } for path="/proc/iomem" dev="proc" ino=4026532007 scontext=u:r:shell:s0 tcontext=u:object_r:proc_iomem:s0 tclass=file permissive=0
07-28 18:59:32.864  1348  2150 E SurfaceFlinger: ro.sf.lcd_density must be defined as a build property
07-28 18:59:32.866  1348  1365 D gralloc_ranchu: gralloc_alloc: Creating ashmem region of size 8294400
07-28 18:59:32.872  9625  9625 D         : HostConnection::get() New Host Connection established 0xaac9b2c0, tid 9625
07-28 18:59:33.153  9631  9631 D AndroidRuntime: >>>>>> START com.android.internal.os.RuntimeInit uid 2000 <<<<<<
07-28 18:59:33.154  9631  9631 D AndroidRuntime: CheckJNI is ON
07-28 18:59:33.170  9631  9631 W art     : Unexpected CPU variant for X86 using defaults: x86
07-28 18:59:33.173  9631  9631 D ICU     : No timezone override file found: /data/misc/zoneinfo/current/icu/icu_tzdata.dat
07-28 18:59:33.184  9631  9631 E memtrack: Couldn't load memtrack module (No such file or directory)
07-28 18:59:33.184  9631  9631 E android.os.Debug: failed to load memtrack module: -2
07-28 18:59:33.184  9631  9631 I Radio-JNI: register_android_hardware_Radio DONE
07-28 18:59:33.191  9631  9631 D AndroidRuntime: Calling main entry com.android.commands.am.Am
07-28 18:59:33.198  2878  2878 D MediaScannerReceiver: action: android.intent.action.MEDIA_SCANNER_SCAN_FILE path: /storage/emulated/0/screen.png
07-28 18:59:33.201  9631  9631 D AndroidRuntime: Shutting down VM
07-28 18:59:35.568  9644  9644 D AndroidRuntime: >>>>>> START com.android.internal.os.RuntimeInit uid 2000 <<<<<<
07-28 18:59:35.569  9644  9644 D AndroidRuntime: CheckJNI is ON
07-28 18:59:35.582  9644  9644 W art     : Unexpected CPU variant for X86 using defaults: x86
07-28 18:59:35.585  9644  9644 D ICU     : No timezone override file found: /data/local/tmp/misc/zoneinfo/current/icu/icu_tzdata.dat
07-28 18:59:35.603  9644  9644 E memtrack: Couldn't load memtrack module (No such file or directory)
07-28 18:59:35.603  9644  9644 E android.os.Debug: failed to load memtrack module: -2
07-28 18:59:35.603  9644  9644 I Radio-JNI: register_android_hardware_Radio DONE
07-28 18:59:35.609  9644  9644 D AndroidRuntime: Calling main entry com.android.commands.uiautomator.Launcher
07-28 18:59:36.634  9644  9644 W AccessibilityNodeInfoDumper: Fetch time: 2ms
07-28 18:59:36.635  1679  2118 W WindowManager: Attempted to remove non-existing token: android.os.Binder@3be2351
07-28 18:59:36.638  1858  1858 V PhoneStatusBar: setLightsOn(true)
07-28 18:59:36.639  9644  9644 D AndroidRuntime: Shutting down VM
07-28 18:59:38.875  9658  9658 D AndroidRuntime: >>>>>> START com.android.internal.os.RuntimeInit uid 2000 <<<<<<
07-28 18:59:38.877  9658  9658 D AndroidRuntime: CheckJNI is ON
07-28 18:59:38.892  9658  9658 W art     : Unexpected CPU variant for X86 using defaults: x86
07-28 18:59:38.895  9658  9658 D ICU     : No timezone override file found: /data/local/tmp/misc/zoneinfo/current/icu/icu_tzdata.dat
07-28 18:59:38.912  9658  9658 E memtrack: Couldn't load memtrack module (No such file or directory)
07-28 18:59:38.913  9658  9658 E android.os.Debug: failed to load memtrack module: -2
07-28 18:59:38.913  9658  9658 I Radio-JNI: register_android_hardware_Radio DONE
07-28 18:59:38.918  9658  9658 D AndroidRuntime: Calling main entry com.android.commands.uiautomator.Launcher
07-28 18:59:39.950  9658  9658 W AccessibilityNodeInfoDumper: Fetch time: 4ms
07-28 18:59:39.951  1679  1869 W WindowManager: Attempted to remove non-existing token: android.os.Binder@9594cb7
07-28 18:59:39.955  1858  1858 V PhoneStatusBar: setLightsOn(true)
07-28 18:59:39.956  9658  9658 D AndroidRuntime: Shutting down VM
07-28 18:59:40.758  9684  9684 D AndroidRuntime: >>>>>> START com.android.internal.os.RuntimeInit uid 2000 <<<<<<
07-28 18:59:40.760  9684  9684 D AndroidRuntime: CheckJNI is ON
07-28 18:59:40.774  9684  9684 W art     : Unexpected CPU variant for X86 using defaults: x86
07-28 18:59:40.777  9684  9684 D ICU     : No timezone override file found: /data/local/tmp/misc/zoneinfo/current/icu/icu_tzdata.dat
07-28 18:59:40.794  9684  9684 E memtrack: Couldn't load memtrack module (No such file or directory)
07-28 18:59:40.794  9684  9684 E android.os.Debug: failed to load memtrack module: -2
07-28 18:59:40.795  9684  9684 I Radio-JNI: register_android_hardware_Radio DONE
07-28 18:59:40.801  9684  9684 D AndroidRuntime: Calling main entry com.android.commands.uiautomator.Launcher
07-28 18:59:41.823  9684  9684 W AccessibilityNodeInfoDumper: Fetch time: 2ms
07-28 18:59:41.824  1679  2430 W WindowManager: Attempted to remove non-existing token: android.os.Binder@b70a38d
07-28 18:59:41.830  1858  1858 V PhoneStatusBar: setLightsOn(true)
07-28 18:59:41.831  9684  9684 D AndroidRuntime: Shutting down VM
07-28 18:59:42.052  9702  9702 D AndroidRuntime: >>>>>> START com.android.internal.os.RuntimeInit uid 2000 <<<<<<
07-28 18:59:42.053  9702  9702 D AndroidRuntime: CheckJNI is ON
07-28 18:59:42.068  9702  9702 W art     : Unexpected CPU variant for X86 using defaults: x86
07-28 18:59:42.072  9702  9702 D ICU     : No timezone override file found: /data/local/tmp/misc/zoneinfo/current/icu/icu_tzdata.dat
07-28 18:59:42.088  9702  9702 E memtrack: Couldn't load memtrack module (No such file or directory)
07-28 18:59:42.088  9702  9702 E android.os.Debug: failed to load memtrack module: -2
07-28 18:59:42.088  9702  9702 I Radio-JNI: register_android_hardware_Radio DONE
07-28 18:59:42.095  9702  9702 D AndroidRuntime: Calling main entry com.android.commands.uiautomator.Launcher
07-28 18:59:43.118  9702  9702 W AccessibilityNodeInfoDumper: Fetch time: 3ms
07-28 18:59:43.118  1679  1690 W WindowManager: Attempted to remove non-existing token: android.os.Binder@550eb89
07-28 18:59:43.122  9702  9702 D AndroidRuntime: Shutting down VM
07-28 18:59:43.123  1858  1858 V PhoneStatusBar: setLightsOn(true)
07-28 18:59:43.311  9714  9714 D AndroidRuntime: >>>>>> START com.android.internal.os.RuntimeInit uid 2000 <<<<<<
07-28 18:59:43.313  9714  9714 D AndroidRuntime: CheckJNI is ON
07-28 18:59:43.326  9714  9714 W art     : Unexpected CPU variant for X86 using defaults: x86
07-28 18:59:43.329  9714  9714 D ICU     : No timezone override file found: /data/misc/zoneinfo/current/icu/icu_tzdata.dat
07-28 18:59:43.343  9714  9714 E memtrack: Couldn't load memtrack module (No such file or directory)
07-28 18:59:43.343  9714  9714 E android.os.Debug: failed to load memtrack module: -2
07-28 18:59:43.344  9714  9714 I Radio-JNI: register_android_hardware_Radio DONE
07-28 18:59:43.350  9714  9714 D AndroidRuntime: Calling main entry com.android.commands.input.Input
07-28 18:59:43.354  9714  9714 I Input   : injectMotionEvent: MotionEvent { action=ACTION_DOWN, actionButton=0, id[0]=0, x[0]=270.0, y[0]=495.0, toolType[0]=TOOL_TYPE_UNKNOWN, buttonState=0, metaState=0, flags=0x0, edgeFlags=0x0, pointerCount=1, historySize=0, eventTime=777572, downTime=777572, deviceId=0, source=0x1002 }
07-28 18:59:43.355  9714  9714 I Input   : injectMotionEvent: MotionEvent { action=ACTION_UP, actionButton=0, id[0]=0, x[0]=270.0, y[0]=495.0, toolType[0]=TOOL_TYPE_UNKNOWN, buttonState=0, metaState=0, flags=0x0, edgeFlags=0x0, pointerCount=1, historySize=0, eventTime=777572, downTime=777572, deviceId=0, source=0x1002 }
07-28 18:59:43.358  1812  1812 W InputMethodService: Window size has been changed. This may cause jankiness of resizing window: -1 -> -2
07-28 18:59:43.360  9714  9714 D AndroidRuntime: Shutting down VM
07-28 18:59:43.371  1812  1812 I LatinIME: Starting input. Cursor position = 0,0
07-28 18:59:43.402  8461  8461 W IInputConnectionWrapper: finishComposingText on inactive InputConnection
07-28 18:59:43.430  1858  1858 V PhoneStatusBar: setLightsOn(true)
07-28 18:59:43.447  1858  1858 V PhoneStatusBar: setLightsOn(true)
07-28 18:59:43.465  1812  6786 D EGL_emulation: eglMakeCurrent: 0x9d6a3ba0: ver 3 0 (tinfo 0x919ffa40)
07-28 18:59:43.472  1858  1858 V PhoneStatusBar: setLightsOn(true)
07-28 18:59:43.473  1858  1858 V PhoneStatusBar: setLightsOn(true)
07-28 18:59:43.481  1858  1858 V PhoneStatusBar: setLightsOn(true)
07-28 18:59:43.481  1858  1858 V PhoneStatusBar: setLightsOn(true)
07-28 18:59:43.606  9728  9728 D AndroidRuntime: >>>>>> START com.android.internal.os.RuntimeInit uid 2000 <<<<<<
07-28 18:59:43.608  9728  9728 D AndroidRuntime: CheckJNI is ON
07-28 18:59:43.623  9728  9728 W art     : Unexpected CPU variant for X86 using defaults: x86
07-28 18:59:43.626  9728  9728 D ICU     : No timezone override file found: /data/misc/zoneinfo/current/icu/icu_tzdata.dat
07-28 18:59:43.640  9728  9728 E memtrack: Couldn't load memtrack module (No such file or directory)
07-28 18:59:43.640  9728  9728 E android.os.Debug: failed to load memtrack module: -2
07-28 18:59:43.641  9728  9728 I Radio-JNI: register_android_hardware_Radio DONE
07-28 18:59:43.646  9728  9728 D AndroidRuntime: Calling main entry com.android.commands.input.Input
07-28 18:59:43.650  9728  9728 I Input   : injectKeyEvent: KeyEvent { action=ACTION_DOWN, keyCode=KEYCODE_ESCAPE, scanCode=0, metaState=0, flags=0x0, repeatCount=0, eventTime=777870, downTime=777870, deviceId=-1, source=0x101 }
07-28 18:59:43.653  9728  9728 I Input   : injectKeyEvent: KeyEvent { action=ACTION_UP, keyCode=KEYCODE_ESCAPE, scanCode=0, metaState=0, flags=0x0, repeatCount=0, eventTime=777870, downTime=777870, deviceId=-1, source=0x101 }
07-28 18:59:43.656  9728  9728 D AndroidRuntime: Shutting down VM
07-28 18:59:43.657  1812  1812 W InputMethodService: Window size has been changed. This may cause jankiness of resizing window: -1 -> -2
07-28 18:59:43.664  1812  6786 D EGL_emulation: eglMakeCurrent: 0x9d6a3ba0: ver 3 0 (tinfo 0x919ffa40)
07-28 18:59:43.668  1858  1858 V PhoneStatusBar: setLightsOn(true)
07-28 18:59:43.671  1858  1858 V PhoneStatusBar: setLightsOn(true)
07-28 18:59:43.681  1858  1858 V PhoneStatusBar: setLightsOn(true)
07-28 18:59:43.847  1858  1858 V PhoneStatusBar: setLightsOn(true)
07-28 18:59:43.847  1679  1700 I WindowManager: Destroying surface Surface(name=InputMethod) called by com.android.server.wm.WindowStateAnimator.destroySurface:2016 com.android.server.wm.WindowStateAnimator.destroySurfaceLocked:882 com.android.server.wm.WindowState.destroyOrSaveSurface:2100 com.android.server.wm.WindowSurfacePlacer.performSurfacePlacementInner:429 com.android.server.wm.WindowSurfacePlacer.performSurfacePlacementLoop:232 com.android.server.wm.WindowSurfacePlacer.performSurfacePlacement:180 com.android.server.wm.WindowManagerService$H.handleMessage:8086 android.os.Handler.dispatchMessage:102 
07-28 18:59:44.499  9744  9744 D AndroidRuntime: >>>>>> START com.android.internal.os.RuntimeInit uid 2000 <<<<<<
07-28 18:59:44.504  9744  9744 D AndroidRuntime: CheckJNI is ON
07-28 18:59:44.527  9744  9744 W art     : Unexpected CPU variant for X86 using defaults: x86
07-28 18:59:44.532  9744  9744 D ICU     : No timezone override file found: /data/misc/zoneinfo/current/icu/icu_tzdata.dat
07-28 18:59:44.552  9744  9744 E memtrack: Couldn't load memtrack module (No such file or directory)
07-28 18:59:44.552  9744  9744 E android.os.Debug: failed to load memtrack module: -2
07-28 18:59:44.554  9744  9744 I Radio-JNI: register_android_hardware_Radio DONE
07-28 18:59:44.563  9744  9744 D AndroidRuntime: Calling main entry com.android.commands.input.Input
07-28 18:59:44.566  9744  9744 I Input   : injectKeyEvent: KeyEvent { action=ACTION_DOWN, keyCode=KEYCODE_MOVE_END, scanCode=0, metaState=0, flags=0x0, repeatCount=0, eventTime=778786, downTime=778786, deviceId=-1, source=0x101 }
07-28 18:59:44.572  9744  9744 I Input   : injectKeyEvent: KeyEvent { action=ACTION_UP, keyCode=KEYCODE_MOVE_END, scanCode=0, metaState=0, flags=0x0, repeatCount=0, eventTime=778786, downTime=778786, deviceId=-1, source=0x101 }
07-28 18:59:44.574  9744  9744 D AndroidRuntime: Shutting down VM
07-28 18:59:44.763  9754  9754 D AndroidRuntime: >>>>>> START com.android.internal.os.RuntimeInit uid 2000 <<<<<<
07-28 18:59:44.764  9754  9754 D AndroidRuntime: CheckJNI is ON
07-28 18:59:44.778  9754  9754 W art     : Unexpected CPU variant for X86 using defaults: x86
07-28 18:59:44.781  9754  9754 D ICU     : No timezone override file found: /data/misc/zoneinfo/current/icu/icu_tzdata.dat
07-28 18:59:44.795  9754  9754 E memtrack: Couldn't load memtrack module (No such file or directory)
07-28 18:59:44.795  9754  9754 E android.os.Debug: failed to load memtrack module: -2
07-28 18:59:44.796  9754  9754 I Radio-JNI: register_android_hardware_Radio DONE
07-28 18:59:44.802  9754  9754 D AndroidRuntime: Calling main entry com.android.commands.input.Input
07-28 18:59:44.805  9754  9754 I Input   : injectKeyEvent: KeyEvent { action=ACTION_DOWN, keyCode=KEYCODE_DEL, scanCode=0, metaState=0, flags=0x0, repeatCount=0, eventTime=779025, downTime=779025, deviceId=-1, source=0x101 }
07-28 18:59:44.808  9754  9754 I Input   : injectKeyEvent: KeyEvent { action=ACTION_UP, keyCode=KEYCODE_DEL, scanCode=0, metaState=0, flags=0x0, repeatCount=0, eventTime=779025, downTime=779025, deviceId=-1, source=0x101 }
07-28 18:59:44.811  9754  9754 I Input   : injectKeyEvent: KeyEvent { action=ACTION_DOWN, keyCode=KEYCODE_DEL, scanCode=0, metaState=0, flags=0x0, repeatCount=0, eventTime=779032, downTime=779032, deviceId=-1, source=0x101 }
07-28 18:59:44.813  9754  9754 I Input   : injectKeyEvent: KeyEvent { action=ACTION_UP, keyCode=KEYCODE_DEL, scanCode=0, metaState=0, flags=0x0, repeatCount=0, eventTime=779032, downTime=779032, deviceId=-1, source=0x101 }
07-28 18:59:44.815  9754  9754 I Input   : injectKeyEvent: KeyEvent { action=ACTION_DOWN, keyCode=KEYCODE_DEL, scanCode=0, metaState=0, flags=0x0, repeatCount=0, eventTime=779036, downTime=779036, deviceId=-1, source=0x101 }
07-28 18:59:44.817  9754  9754 I Input   : injectKeyEvent: KeyEvent { action=ACTION_UP, keyCode=KEYCODE_DEL, scanCode=0, metaState=0, flags=0x0, repeatCount=0, eventTime=779036, downTime=779036, deviceId=-1, source=0x101 }
07-28 18:59:44.818  9754  9754 I Input   : injectKeyEvent: KeyEvent { action=ACTION_DOWN, keyCode=KEYCODE_DEL, scanCode=0, metaState=0, flags=0x0, repeatCount=0, eventTime=779039, downTime=779039, deviceId=-1, source=0x101 }
07-28 18:59:44.820  9754  9754 I Input   : injectKeyEvent: KeyEvent { action=ACTION_UP, keyCode=KEYCODE_DEL, scanCode=0, metaState=0, flags=0x0, repeatCount=0, eventTime=779039, downTime=779039, deviceId=-1, source=0x101 }
07-28 18:59:44.822  9754  9754 I Input   : injectKeyEvent: KeyEvent { action=ACTION_DOWN, keyCode=KEYCODE_DEL, scanCode=0, metaState=0, flags=0x0, repeatCount=0, eventTime=779043, downTime=779043, deviceId=-1, source=0x101 }
07-28 18:59:44.824  9754  9754 I Input   : injectKeyEvent: KeyEvent { action=ACTION_UP, keyCode=KEYCODE_DEL, scanCode=0, metaState=0, flags=0x0, repeatCount=0, eventTime=779043, downTime=779043, deviceId=-1, source=0x101 }
07-28 18:59:44.825  9754  9754 I Input   : injectKeyEvent: KeyEvent { action=ACTION_DOWN, keyCode=KEYCODE_DEL, scanCode=0, metaState=0, flags=0x0, repeatCount=0, eventTime=779046, downTime=779046, deviceId=-1, source=0x101 }
07-28 18:59:44.827  9754  9754 I Input   : injectKeyEvent: KeyEvent { action=ACTION_UP, keyCode=KEYCODE_DEL, scanCode=0, metaState=0, flags=0x0, repeatCount=0, eventTime=779046, downTime=779046, deviceId=-1, source=0x101 }
07-28 18:59:44.829  9754  9754 I Input   : injectKeyEvent: KeyEvent { action=ACTION_DOWN, keyCode=KEYCODE_DEL, scanCode=0, metaState=0, flags=0x0, repeatCount=0, eventTime=779050, downTime=779050, deviceId=-1, source=0x101 }
07-28 18:59:44.831  9754  9754 I Input   : injectKeyEvent: KeyEvent { action=ACTION_UP, keyCode=KEYCODE_DEL, scanCode=0, metaState=0, flags=0x0, repeatCount=0, eventTime=779050, downTime=779050, deviceId=-1, source=0x101 }
07-28 18:59:44.832  9754  9754 I Input   : injectKeyEvent: KeyEvent { action=ACTION_DOWN, keyCode=KEYCODE_DEL, scanCode=0, metaState=0, flags=0x0, repeatCount=0, eventTime=779053, downTime=779053, deviceId=-1, source=0x101 }
07-28 18:59:44.834  9754  9754 I Input   : injectKeyEvent: KeyEvent { action=ACTION_UP, keyCode=KEYCODE_DEL, scanCode=0, metaState=0, flags=0x0, repeatCount=0, eventTime=779053, downTime=779053, deviceId=-1, source=0x101 }
07-28 18:59:44.836  9754  9754 I Input   : injectKeyEvent: KeyEvent { action=ACTION_DOWN, keyCode=KEYCODE_DEL, scanCode=0, metaState=0, flags=0x0, repeatCount=0, eventTime=779057, downTime=779057, deviceId=-1, source=0x101 }
07-28 18:59:44.838  9754  9754 I Input   : injectKeyEvent: KeyEvent { action=ACTION_UP, keyCode=KEYCODE_DEL, scanCode=0, metaState=0, flags=0x0, repeatCount=0, eventTime=779057, downTime=779057, deviceId=-1, source=0x101 }
07-28 18:59:44.840  9754  9754 I Input   : injectKeyEvent: KeyEvent { action=ACTION_DOWN, keyCode=KEYCODE_DEL, scanCode=0, metaState=0, flags=0x0, repeatCount=0, eventTime=779061, downTime=779061, deviceId=-1, source=0x101 }
07-28 18:59:44.842  9754  9754 I Input   : injectKeyEvent: KeyEvent { action=ACTION_UP, keyCode=KEYCODE_DEL, scanCode=0, metaState=0, flags=0x0, repeatCount=0, eventTime=779061, downTime=779061, deviceId=-1, source=0x101 }
07-28 18:59:44.844  9754  9754 I Input   : injectKeyEvent: KeyEvent { action=ACTION_DOWN, keyCode=KEYCODE_DEL, scanCode=0, metaState=0, flags=0x0, repeatCount=0, eventTime=779065, downTime=779065, deviceId=-1, source=0x101 }
07-28 18:59:44.846  9754  9754 I Input   : injectKeyEvent: KeyEvent { action=ACTION_UP, keyCode=KEYCODE_DEL, scanCode=0, metaState=0, flags=0x0, repeatCount=0, eventTime=779065, downTime=779065, deviceId=-1, source=0x101 }
07-28 18:59:44.848  9754  9754 I Input   : injectKeyEvent: KeyEvent { action=ACTION_DOWN, keyCode=KEYCODE_DEL, scanCode=0, metaState=0, flags=0x0, repeatCount=0, eventTime=779069, downTime=779069, deviceId=-1, source=0x101 }
07-28 18:59:44.850  9754  9754 I Input   : injectKeyEvent: KeyEvent { action=ACTION_UP, keyCode=KEYCODE_DEL, scanCode=0, metaState=0, flags=0x0, repeatCount=0, eventTime=779069, downTime=779069, deviceId=-1, source=0x101 }
07-28 18:59:44.852  9754  9754 I Input   : injectKeyEvent: KeyEvent { action=ACTION_DOWN, keyCode=KEYCODE_DEL, scanCode=0, metaState=0, flags=0x0, repeatCount=0, eventTime=779073, downTime=779073, deviceId=-1, source=0x101 }
07-28 18:59:44.854  9754  9754 I Input   : injectKeyEvent: KeyEvent { action=ACTION_UP, keyCode=KEYCODE_DEL, scanCode=0, metaState=0, flags=0x0, repeatCount=0, eventTime=779073, downTime=779073, deviceId=-1, source=0x101 }
07-28 18:59:44.856  9754  9754 I Input   : injectKeyEvent: KeyEvent { action=ACTION_DOWN, keyCode=KEYCODE_DEL, scanCode=0, metaState=0, flags=0x0, repeatCount=0, eventTime=779077, downTime=779077, deviceId=-1, source=0x101 }
07-28 18:59:44.858  9754  9754 I Input   : injectKeyEvent: KeyEvent { action=ACTION_UP, keyCode=KEYCODE_DEL, scanCode=0, metaState=0, flags=0x0, repeatCount=0, eventTime=779077, downTime=779077, deviceId=-1, source=0x101 }
07-28 18:59:44.860  9754  9754 I Input   : injectKeyEvent: KeyEvent { action=ACTION_DOWN, keyCode=KEYCODE_DEL, scanCode=0, metaState=0, flags=0x0, repeatCount=0, eventTime=779081, downTime=779081, deviceId=-1, source=0x101 }
07-28 18:59:44.862  9754  9754 I Input   : injectKeyEvent: KeyEvent { action=ACTION_UP, keyCode=KEYCODE_DEL, scanCode=0, metaState=0, flags=0x0, repeatCount=0, eventTime=779081, downTime=779081, deviceId=-1, source=0x101 }
07-28 18:59:44.884  9754  9754 I Input   : injectKeyEvent: KeyEvent { action=ACTION_DOWN, keyCode=KEYCODE_DEL, scanCode=0, metaState=0, flags=0x0, repeatCount=0, eventTime=779105, downTime=779105, deviceId=-1, source=0x101 }
07-28 18:59:44.887  9754  9754 I Input   : injectKeyEvent: KeyEvent { action=ACTION_UP, keyCode=KEYCODE_DEL, scanCode=0, metaState=0, flags=0x0, repeatCount=0, eventTime=779105, downTime=779105, deviceId=-1, source=0x101 }
07-28 18:59:44.888  9754  9754 I Input   : injectKeyEvent: KeyEvent { action=ACTION_DOWN, keyCode=KEYCODE_DEL, scanCode=0, metaState=0, flags=0x0, repeatCount=0, eventTime=779109, downTime=779109, deviceId=-1, source=0x101 }
07-28 18:59:44.890  9754  9754 I Input   : injectKeyEvent: KeyEvent { action=ACTION_UP, keyCode=KEYCODE_DEL, scanCode=0, metaState=0, flags=0x0, repeatCount=0, eventTime=779109, downTime=779109, deviceId=-1, source=0x101 }
07-28 18:59:44.893  9754  9754 I Input   : injectKeyEvent: KeyEvent { action=ACTION_DOWN, keyCode=KEYCODE_DEL, scanCode=0, metaState=0, flags=0x0, repeatCount=0, eventTime=779114, downTime=779114, deviceId=-1, source=0x101 }
07-28 18:59:44.895  9754  9754 I Input   : injectKeyEvent: KeyEvent { action=ACTION_UP, keyCode=KEYCODE_DEL, scanCode=0, metaState=0, flags=0x0, repeatCount=0, eventTime=779114, downTime=779114, deviceId=-1, source=0x101 }
07-28 18:59:44.897  9754  9754 I Input   : injectKeyEvent: KeyEvent { action=ACTION_DOWN, keyCode=KEYCODE_DEL, scanCode=0, metaState=0, flags=0x0, repeatCount=0, eventTime=779118, downTime=779118, deviceId=-1, source=0x101 }
07-28 18:59:44.899  9754  9754 I Input   : injectKeyEvent: KeyEvent { action=ACTION_UP, keyCode=KEYCODE_DEL, scanCode=0, metaState=0, flags=0x0, repeatCount=0, eventTime=779118, downTime=779118, deviceId=-1, source=0x101 }
07-28 18:59:44.901  9754  9754 I Input   : injectKeyEvent: KeyEvent { action=ACTION_DOWN, keyCode=KEYCODE_DEL, scanCode=0, metaState=0, flags=0x0, repeatCount=0, eventTime=779122, downTime=779122, deviceId=-1, source=0x101 }
07-28 18:59:44.903  9754  9754 I Input   : injectKeyEvent: KeyEvent { action=ACTION_UP, keyCode=KEYCODE_DEL, scanCode=0, metaState=0, flags=0x0, repeatCount=0, eventTime=779122, downTime=779122, deviceId=-1, source=0x101 }
07-28 18:59:44.905  9754  9754 I Input   : injectKeyEvent: KeyEvent { action=ACTION_DOWN, keyCode=KEYCODE_DEL, scanCode=0, metaState=0, flags=0x0, repeatCount=0, eventTime=779126, downTime=779126, deviceId=-1, source=0x101 }
07-28 18:59:44.907  9754  9754 I Input   : injectKeyEvent: KeyEvent { action=ACTION_UP, keyCode=KEYCODE_DEL, scanCode=0, metaState=0, flags=0x0, repeatCount=0, eventTime=779126, downTime=779126, deviceId=-1, source=0x101 }
07-28 18:59:44.908  9754  9754 I Input   : injectKeyEvent: KeyEvent { action=ACTION_DOWN, keyCode=KEYCODE_DEL, scanCode=0, metaState=0, flags=0x0, repeatCount=0, eventTime=779129, downTime=779129, deviceId=-1, source=0x101 }
07-28 18:59:44.911  9754  9754 I Input   : injectKeyEvent: KeyEvent { action=ACTION_UP, keyCode=KEYCODE_DEL, scanCode=0, metaState=0, flags=0x0, repeatCount=0, eventTime=779129, downTime=779129, deviceId=-1, source=0x101 }
07-28 18:59:44.913  9754  9754 I Input   : injectKeyEvent: KeyEvent { action=ACTION_DOWN, keyCode=KEYCODE_DEL, scanCode=0, metaState=0, flags=0x0, repeatCount=0, eventTime=779134, downTime=779134, deviceId=-1, source=0x101 }
07-28 18:59:44.915  9754  9754 I Input   : injectKeyEvent: KeyEvent { action=ACTION_UP, keyCode=KEYCODE_DEL, scanCode=0, metaState=0, flags=0x0, repeatCount=0, eventTime=779134, downTime=779134, deviceId=-1, source=0x101 }
07-28 18:59:44.916  9754  9754 I Input   : injectKeyEvent: KeyEvent { action=ACTION_DOWN, keyCode=KEYCODE_DEL, scanCode=0, metaState=0, flags=0x0, repeatCount=0, eventTime=779137, downTime=779137, deviceId=-1, source=0x101 }
07-28 18:59:44.918  9754  9754 I Input   : injectKeyEvent: KeyEvent { action=ACTION_UP, keyCode=KEYCODE_DEL, scanCode=0, metaState=0, flags=0x0, repeatCount=0, eventTime=779137, downTime=779137, deviceId=-1, source=0x101 }
07-28 18:59:44.919  9754  9754 I Input   : injectKeyEvent: KeyEvent { action=ACTION_DOWN, keyCode=KEYCODE_DEL, scanCode=0, metaState=0, flags=0x0, repeatCount=0, eventTime=779140, downTime=779140, deviceId=-1, source=0x101 }
07-28 18:59:44.921  9754  9754 I Input   : injectKeyEvent: KeyEvent { action=ACTION_UP, keyCode=KEYCODE_DEL, scanCode=0, metaState=0, flags=0x0, repeatCount=0, eventTime=779140, downTime=779140, deviceId=-1, source=0x101 }
07-28 18:59:44.922  9754  9754 I Input   : injectKeyEvent: KeyEvent { action=ACTION_DOWN, keyCode=KEYCODE_DEL, scanCode=0, metaState=0, flags=0x0, repeatCount=0, eventTime=779143, downTime=779143, deviceId=-1, source=0x101 }
07-28 18:59:44.924  9754  9754 I Input   : injectKeyEvent: KeyEvent { action=ACTION_UP, keyCode=KEYCODE_DEL, scanCode=0, metaState=0, flags=0x0, repeatCount=0, eventTime=779143, downTime=779143, deviceId=-1, source=0x101 }
07-28 18:59:44.925  9754  9754 I Input   : injectKeyEvent: KeyEvent { action=ACTION_DOWN, keyCode=KEYCODE_DEL, scanCode=0, metaState=0, flags=0x0, repeatCount=0, eventTime=779146, downTime=779146, deviceId=-1, source=0x101 }
