07-28 19:02:37.428 14269 14269 D AndroidRuntime: >>>>>> START com.android.internal.os.RuntimeInit uid 2000 <<<<<<
07-28 19:02:37.430 14269 14269 D AndroidRuntime: CheckJNI is ON
07-28 19:02:37.446 14269 14269 W art     : Unexpected CPU variant for X86 using defaults: x86
07-28 19:02:37.450 14269 14269 D ICU     : No timezone override file found: /data/local/tmp/misc/zoneinfo/current/icu/icu_tzdata.dat
07-28 19:02:37.467 14269 14269 E memtrack: Couldn't load memtrack module (No such file or directory)
07-28 19:02:37.467 14269 14269 E android.os.Debug: failed to load memtrack module: -2
07-28 19:02:37.467 14269 14269 I Radio-JNI: register_android_hardware_Radio DONE
07-28 19:02:37.472 14269 14269 D AndroidRuntime: Calling main entry com.android.commands.uiautomator.Launcher
07-28 19:02:38.496 14269 14269 W AccessibilityNodeInfoDumper: Fetch time: 2ms
07-28 19:02:38.496  1679  2322 W WindowManager: Attempted to remove non-existing token: android.os.Binder@268fd57
07-28 19:02:38.501  1858  1858 V PhoneStatusBar: setLightsOn(true)
07-28 19:02:38.501 14269 14269 D AndroidRuntime: Shutting down VM
07-28 19:02:39.282 14295 14295 D AndroidRuntime: >>>>>> START com.android.internal.os.RuntimeInit uid 2000 <<<<<<
07-28 19:02:39.284 14295 14295 D AndroidRuntime: CheckJNI is ON
07-28 19:02:39.297 14295 14295 W art     : Unexpected CPU variant for X86 using defaults: x86
07-28 19:02:39.302 14295 14295 D ICU     : No timezone override file found: /data/local/tmp/misc/zoneinfo/current/icu/icu_tzdata.dat
07-28 19:02:39.317 14295 14295 E memtrack: Couldn't load memtrack module (No such file or directory)
07-28 19:02:39.317 14295 14295 E android.os.Debug: failed to load memtrack module: -2
07-28 19:02:39.318 14295 14295 I Radio-JNI: register_android_hardware_Radio DONE
07-28 19:02:39.322 14295 14295 D AndroidRuntime: Calling main entry com.android.commands.uiautomator.Launcher
07-28 19:02:40.346 14295 14295 W AccessibilityNodeInfoDumper: Fetch time: 2ms
07-28 19:02:40.347  1679  3559 W WindowManager: Attempted to remove non-existing token: android.os.Binder@860552d
07-28 19:02:40.352 14295 14295 D AndroidRuntime: Shutting down VM
07-28 19:02:40.352  1858  1858 V PhoneStatusBar: setLightsOn(true)
07-28 19:02:40.578 14314 14314 D AndroidRuntime: >>>>>> START com.android.internal.os.RuntimeInit uid 2000 <<<<<<
07-28 19:02:40.581 14314 14314 D AndroidRuntime: CheckJNI is ON
07-28 19:02:40.595 14314 14314 W art     : Unexpected CPU variant for X86 using defaults: x86
07-28 19:02:40.599 14314 14314 D ICU     : No timezone override file found: /data/local/tmp/misc/zoneinfo/current/icu/icu_tzdata.dat
07-28 19:02:40.616 14314 14314 E memtrack: Couldn't load memtrack module (No such file or directory)
07-28 19:02:40.616 14314 14314 E android.os.Debug: failed to load memtrack module: -2
07-28 19:02:40.617 14314 14314 I Radio-JNI: register_android_hardware_Radio DONE
07-28 19:02:40.622 14314 14314 D AndroidRuntime: Calling main entry com.android.commands.uiautomator.Launcher
07-28 19:02:41.655 14314 14314 W AccessibilityNodeInfoDumper: Fetch time: 3ms
07-28 19:02:41.656  1679  1691 W WindowManager: Attempted to remove non-existing token: android.os.Binder@693fce5
07-28 19:02:41.660 14314 14314 D AndroidRuntime: Shutting down VM
07-28 19:02:41.661  1858  1858 V PhoneStatusBar: setLightsOn(true)
07-28 19:02:42.432 14340 14340 D AndroidRuntime: >>>>>> START com.android.internal.os.RuntimeInit uid 2000 <<<<<<
07-28 19:02:42.433 14340 14340 D AndroidRuntime: CheckJNI is ON
07-28 19:02:42.445 14340 14340 W art     : Unexpected CPU variant for X86 using defaults: x86
07-28 19:02:42.449 14340 14340 D ICU     : No timezone override file found: /data/local/tmp/misc/zoneinfo/current/icu/icu_tzdata.dat
07-28 19:02:42.466 14340 14340 E memtrack: Couldn't load memtrack module (No such file or directory)
07-28 19:02:42.466 14340 14340 E android.os.Debug: failed to load memtrack module: -2
07-28 19:02:42.466 14340 14340 I Radio-JNI: register_android_hardware_Radio DONE
07-28 19:02:42.471 14340 14340 D AndroidRuntime: Calling main entry com.android.commands.uiautomator.Launcher
07-28 19:02:43.499 14340 14340 W AccessibilityNodeInfoDumper: Fetch time: 3ms
07-28 19:02:43.500  1679  2322 W WindowManager: Attempted to remove non-existing token: android.os.Binder@f9a926b
07-28 19:02:43.505  1858  1858 V PhoneStatusBar: setLightsOn(true)
07-28 19:02:43.506 14340 14340 D AndroidRuntime: Shutting down VM
07-28 19:02:43.715 14358 14358 D AndroidRuntime: >>>>>> START com.android.internal.os.RuntimeInit uid 2000 <<<<<<
07-28 19:02:43.717 14358 14358 D AndroidRuntime: CheckJNI is ON
07-28 19:02:43.729 14358 14358 W art     : Unexpected CPU variant for X86 using defaults: x86
07-28 19:02:43.732 14358 14358 D ICU     : No timezone override file found: /data/local/tmp/misc/zoneinfo/current/icu/icu_tzdata.dat
07-28 19:02:43.747 14358 14358 E memtrack: Couldn't load memtrack module (No such file or directory)
07-28 19:02:43.747 14358 14358 E android.os.Debug: failed to load memtrack module: -2
07-28 19:02:43.748 14358 14358 I Radio-JNI: register_android_hardware_Radio DONE
07-28 19:02:43.754 14358 14358 D AndroidRuntime: Calling main entry com.android.commands.uiautomator.Launcher
07-28 19:02:44.790 14358 14358 W AccessibilityNodeInfoDumper: Fetch time: 5ms
07-28 19:02:44.791  1679  2039 W WindowManager: Attempted to remove non-existing token: android.os.Binder@40c8261
07-28 19:02:44.802 14358 14358 D AndroidRuntime: Shutting down VM
07-28 19:02:44.803  1858  1858 V PhoneStatusBar: setLightsOn(true)
07-28 19:02:45.637 14387 14387 D AndroidRuntime: >>>>>> START com.android.internal.os.RuntimeInit uid 2000 <<<<<<
07-28 19:02:45.640 14387 14387 D AndroidRuntime: CheckJNI is ON
07-28 19:02:45.658 14387 14387 W art     : Unexpected CPU variant for X86 using defaults: x86
07-28 19:02:45.662 14387 14387 D ICU     : No timezone override file found: /data/local/tmp/misc/zoneinfo/current/icu/icu_tzdata.dat
07-28 19:02:45.680 14387 14387 E memtrack: Couldn't load memtrack module (No such file or directory)
07-28 19:02:45.680 14387 14387 E android.os.Debug: failed to load memtrack module: -2
07-28 19:02:45.681 14387 14387 I Radio-JNI: register_android_hardware_Radio DONE
07-28 19:02:45.688 14387 14387 D AndroidRuntime: Calling main entry com.android.commands.uiautomator.Launcher
07-28 19:02:46.721 14387 14387 W AccessibilityNodeInfoDumper: Fetch time: 5ms
07-28 19:02:46.721  1679  1691 W WindowManager: Attempted to remove non-existing token: android.os.Binder@6cdea47
07-28 19:02:46.725  1858  1858 V PhoneStatusBar: setLightsOn(true)
07-28 19:02:46.725 14387 14387 D AndroidRuntime: Shutting down VM
07-28 19:02:46.960 14405 14405 D AndroidRuntime: >>>>>> START com.android.internal.os.RuntimeInit uid 2000 <<<<<<
07-28 19:02:46.961 14405 14405 D AndroidRuntime: CheckJNI is ON
07-28 19:02:46.977 14405 14405 W art     : Unexpected CPU variant for X86 using defaults: x86
07-28 19:02:46.981 14405 14405 D ICU     : No timezone override file found: /data/local/tmp/misc/zoneinfo/current/icu/icu_tzdata.dat
07-28 19:02:46.999 14405 14405 E memtrack: Couldn't load memtrack module (No such file or directory)
07-28 19:02:46.999 14405 14405 E android.os.Debug: failed to load memtrack module: -2
07-28 19:02:47.001 14405 14405 I Radio-JNI: register_android_hardware_Radio DONE
07-28 19:02:47.008 14405 14405 D AndroidRuntime: Calling main entry com.android.commands.uiautomator.Launcher
07-28 19:02:48.044 14405 14405 W AccessibilityNodeInfoDumper: Fetch time: 3ms
07-28 19:02:48.045  1679  1691 W WindowManager: Attempted to remove non-existing token: android.os.Binder@c2de39d
07-28 19:02:48.051  1858  1858 V PhoneStatusBar: setLightsOn(true)
07-28 19:02:48.052 14405 14405 D AndroidRuntime: Shutting down VM
07-28 19:02:48.234 14417 14417 D AndroidRuntime: >>>>>> START com.android.internal.os.RuntimeInit uid 2000 <<<<<<
07-28 19:02:48.235 14417 14417 D AndroidRuntime: CheckJNI is ON
07-28 19:02:48.251 14417 14417 W art     : Unexpected CPU variant for X86 using defaults: x86
07-28 19:02:48.255 14417 14417 D ICU     : No timezone override file found: /data/misc/zoneinfo/current/icu/icu_tzdata.dat
07-28 19:02:48.267 14417 14417 E memtrack: Couldn't load memtrack module (No such file or directory)
07-28 19:02:48.267 14417 14417 E android.os.Debug: failed to load memtrack module: -2
07-28 19:02:48.268 14417 14417 I Radio-JNI: register_android_hardware_Radio DONE
07-28 19:02:48.273 14417 14417 D AndroidRuntime: Calling main entry com.android.commands.input.Input
07-28 19:02:48.277 14417 14417 I Input   : injectMotionEvent: MotionEvent { action=ACTION_DOWN, actionButton=0, id[0]=0, x[0]=540.0, y[0]=1018.0, toolType[0]=TOOL_TYPE_UNKNOWN, buttonState=0, metaState=0, flags=0x0, edgeFlags=0x0, pointerCount=1, historySize=0, eventTime=962496, downTime=962496, deviceId=0, source=0x1002 }
07-28 19:02:48.280 14417 14417 I Input   : injectMotionEvent: MotionEvent { action=ACTION_MOVE, actionButton=0, id[0]=0, x[0]=540.0, y[0]=1018.0, toolType[0]=TOOL_TYPE_UNKNOWN, buttonState=0, metaState=0, flags=0x0, edgeFlags=0x0, pointerCount=1, historySize=0, eventTime=962496, downTime=962496, deviceId=0, source=0x1002 }
07-28 19:02:48.296 14417 14417 I Input   : injectMotionEvent: MotionEvent { action=ACTION_MOVE, actionButton=0, id[0]=0, x[0]=540.0, y[0]=1018.0, toolType[0]=TOOL_TYPE_UNKNOWN, buttonState=0, metaState=0, flags=0x0, edgeFlags=0x0, pointerCount=1, historySize=0, eventTime=962517, downTime=962517, deviceId=0, source=0x1002 }
07-28 19:02:48.312 14417 14417 I Input   : injectMotionEvent: MotionEvent { action=ACTION_MOVE, actionButton=0, id[0]=0, x[0]=540.0, y[0]=1018.0, toolType[0]=TOOL_TYPE_UNKNOWN, buttonState=0, metaState=0, flags=0x0, edgeFlags=0x0, pointerCount=1, historySize=0, eventTime=962533, downTime=962533, deviceId=0, source=0x1002 }
07-28 19:02:48.329 14417 14417 I Input   : injectMotionEvent: MotionEvent { action=ACTION_MOVE, actionButton=0, id[0]=0, x[0]=540.0, y[0]=1018.0, toolType[0]=TOOL_TYPE_UNKNOWN, buttonState=0, metaState=0, flags=0x0, edgeFlags=0x0, pointerCount=1, historySize=0, eventTime=962550, downTime=962550, deviceId=0, source=0x1002 }
07-28 19:02:48.347 14417 14417 I Input   : injectMotionEvent: MotionEvent { action=ACTION_MOVE, actionButton=0, id[0]=0, x[0]=540.0, y[0]=1018.0, toolType[0]=TOOL_TYPE_UNKNOWN, buttonState=0, metaState=0, flags=0x0, edgeFlags=0x0, pointerCount=1, historySize=0, eventTime=962568, downTime=962568, deviceId=0, source=0x1002 }
07-28 19:02:48.362 14417 14417 I Input   : injectMotionEvent: MotionEvent { action=ACTION_MOVE, actionButton=0, id[0]=0, x[0]=540.0, y[0]=1018.0, toolType[0]=TOOL_TYPE_UNKNOWN, buttonState=0, metaState=0, flags=0x0, edgeFlags=0x0, pointerCount=1, historySize=0, eventTime=962583, downTime=962583, deviceId=0, source=0x1002 }
07-28 19:02:48.380 14417 14417 I Input   : injectMotionEvent: MotionEvent { action=ACTION_MOVE, actionButton=0, id[0]=0, x[0]=540.0, y[0]=1018.0, toolType[0]=TOOL_TYPE_UNKNOWN, buttonState=0, metaState=0, flags=0x0, edgeFlags=0x0, pointerCount=1, historySize=0, eventTime=962601, downTime=962601, deviceId=0, source=0x1002 }
07-28 19:02:48.396 14417 14417 I Input   : injectMotionEvent: MotionEvent { action=ACTION_MOVE, actionButton=0, id[0]=0, x[0]=540.0, y[0]=1018.0, toolType[0]=TOOL_TYPE_UNKNOWN, buttonState=0, metaState=0, flags=0x0, edgeFlags=0x0, pointerCount=1, historySize=0, eventTime=962617, downTime=962617, deviceId=0, source=0x1002 }
07-28 19:02:48.413 14417 14417 I Input   : injectMotionEvent: MotionEvent { action=ACTION_MOVE, actionButton=0, id[0]=0, x[0]=540.0, y[0]=1018.0, toolType[0]=TOOL_TYPE_UNKNOWN, buttonState=0, metaState=0, flags=0x0, edgeFlags=0x0, pointerCount=1, historySize=0, eventTime=962633, downTime=962633, deviceId=0, source=0x1002 }
07-28 19:02:48.430 14417 14417 I Input   : injectMotionEvent: MotionEvent { action=ACTION_MOVE, actionButton=0, id[0]=0, x[0]=540.0, y[0]=1018.0, toolType[0]=TOOL_TYPE_UNKNOWN, buttonState=0, metaState=0, flags=0x0, edgeFlags=0x0, pointerCount=1, historySize=0, eventTime=962651, downTime=962651, deviceId=0, source=0x1002 }
07-28 19:02:48.447 14417 14417 I Input   : injectMotionEvent: MotionEvent { action=ACTION_MOVE, actionButton=0, id[0]=0, x[0]=540.0, y[0]=1018.0, toolType[0]=TOOL_TYPE_UNKNOWN, buttonState=0, metaState=0, flags=0x0, edgeFlags=0x0, pointerCount=1, historySize=0, eventTime=962668, downTime=962668, deviceId=0, source=0x1002 }
07-28 19:02:48.462 14417 14417 I Input   : injectMotionEvent: MotionEvent { action=ACTION_MOVE, actionButton=0, id[0]=0, x[0]=540.0, y[0]=1018.0, toolType[0]=TOOL_TYPE_UNKNOWN, buttonState=0, metaState=0, flags=0x0, edgeFlags=0x0, pointerCount=1, historySize=0, eventTime=962683, downTime=962683, deviceId=0, source=0x1002 }
07-28 19:02:48.482 14417 14417 I Input   : injectMotionEvent: MotionEvent { action=ACTION_MOVE, actionButton=0, id[0]=0, x[0]=540.0, y[0]=1018.0, toolType[0]=TOOL_TYPE_UNKNOWN, buttonState=0, metaState=0, flags=0x0, edgeFlags=0x0, pointerCount=1, historySize=0, eventTime=962703, downTime=962703, deviceId=0, source=0x1002 }
07-28 19:02:48.497 14417 14417 I Input   : injectMotionEvent: MotionEvent { action=ACTION_MOVE, actionButton=0, id[0]=0, x[0]=540.0, y[0]=1018.0, toolType[0]=TOOL_TYPE_UNKNOWN, buttonState=0, metaState=0, flags=0x0, edgeFlags=0x0, pointerCount=1, historySize=0, eventTime=962718, downTime=962718, deviceId=0, source=0x1002 }
07-28 19:02:48.512 14417 14417 I Input   : injectMotionEvent: MotionEvent { action=ACTION_MOVE, actionButton=0, id[0]=0, x[0]=540.0, y[0]=1018.0, toolType[0]=TOOL_TYPE_UNKNOWN, buttonState=0, metaState=0, flags=0x0, edgeFlags=0x0, pointerCount=1, historySize=0, eventTime=962733, downTime=962733, deviceId=0, source=0x1002 }
07-28 19:02:48.531 14417 14417 I Input   : injectMotionEvent: MotionEvent { action=ACTION_MOVE, actionButton=0, id[0]=0, x[0]=540.0, y[0]=1018.0, toolType[0]=TOOL_TYPE_UNKNOWN, buttonState=0, metaState=0, flags=0x0, edgeFlags=0x0, pointerCount=1, historySize=0, eventTime=962752, downTime=962752, deviceId=0, source=0x1002 }
07-28 19:02:48.547 14417 14417 I Input   : injectMotionEvent: MotionEvent { action=ACTION_MOVE, actionButton=0, id[0]=0, x[0]=540.0, y[0]=1018.0, toolType[0]=TOOL_TYPE_UNKNOWN, buttonState=0, metaState=0, flags=0x0, edgeFlags=0x0, pointerCount=1, historySize=0, eventTime=962768, downTime=962768, deviceId=0, source=0x1002 }
07-28 19:02:48.562 14417 14417 I Input   : injectMotionEvent: MotionEvent { action=ACTION_MOVE, actionButton=0, id[0]=0, x[0]=540.0, y[0]=1018.0, toolType[0]=TOOL_TYPE_UNKNOWN, buttonState=0, metaState=0, flags=0x0, edgeFlags=0x0, pointerCount=1, historySize=0, eventTime=962783, downTime=962783, deviceId=0, source=0x1002 }
07-28 19:02:48.582 14417 14417 I Input   : injectMotionEvent: MotionEvent { action=ACTION_MOVE, actionButton=0, id[0]=0, x[0]=540.0, y[0]=1018.0, toolType[0]=TOOL_TYPE_UNKNOWN, buttonState=0, metaState=0, flags=0x0, edgeFlags=0x0, pointerCount=1, historySize=0, eventTime=962803, downTime=962803, deviceId=0, source=0x1002 }
07-28 19:02:48.597 14417 14417 I Input   : injectMotionEvent: MotionEvent { action=ACTION_MOVE, actionButton=0, id[0]=0, x[0]=540.0, y[0]=1018.0, toolType[0]=TOOL_TYPE_UNKNOWN, buttonState=0, metaState=0, flags=0x0, edgeFlags=0x0, pointerCount=1, historySize=0, eventTime=962818, downTime=962818, deviceId=0, source=0x1002 }
07-28 19:02:48.612 14417 14417 I Input   : injectMotionEvent: MotionEvent { action=ACTION_MOVE, actionButton=0, id[0]=0, x[0]=540.0, y[0]=1018.0, toolType[0]=TOOL_TYPE_UNKNOWN, buttonState=0, metaState=0, flags=0x0, edgeFlags=0x0, pointerCount=1, historySize=0, eventTime=962833, downTime=962833, deviceId=0, source=0x1002 }
07-28 19:02:48.629 14417 14417 I Input   : injectMotionEvent: MotionEvent { action=ACTION_MOVE, actionButton=0, id[0]=0, x[0]=540.0, y[0]=1018.0, toolType[0]=TOOL_TYPE_UNKNOWN, buttonState=0, metaState=0, flags=0x0, edgeFlags=0x0, pointerCount=1, historySize=0, eventTime=962850, downTime=962850, deviceId=0, source=0x1002 }
07-28 19:02:48.646 14417 14417 I Input   : injectMotionEvent: MotionEvent { action=ACTION_MOVE, actionButton=0, id[0]=0, x[0]=540.0, y[0]=1018.0, toolType[0]=TOOL_TYPE_UNKNOWN, buttonState=0, metaState=0, flags=0x0, edgeFlags=0x0, pointerCount=1, historySize=0, eventTime=962867, downTime=962867, deviceId=0, source=0x1002 }
07-28 19:02:48.663 14417 14417 I Input   : injectMotionEvent: MotionEvent { action=ACTION_MOVE, actionButton=0, id[0]=0, x[0]=540.0, y[0]=1018.0, toolType[0]=TOOL_TYPE_UNKNOWN, buttonState=0, metaState=0, flags=0x0, edgeFlags=0x0, pointerCount=1, historySize=0, eventTime=962884, downTime=962884, deviceId=0, source=0x1002 }
07-28 19:02:48.680 14417 14417 I Input   : injectMotionEvent: MotionEvent { action=ACTION_MOVE, actionButton=0, id[0]=0, x[0]=540.0, y[0]=1018.0, toolType[0]=TOOL_TYPE_UNKNOWN, buttonState=0, metaState=0, flags=0x0, edgeFlags=0x0, pointerCount=1, historySize=0, eventTime=962901, downTime=962901, deviceId=0, source=0x1002 }
07-28 19:02:48.695 14417 14417 I Input   : injectMotionEvent: MotionEvent { action=ACTION_MOVE, actionButton=0, id[0]=0, x[0]=540.0, y[0]=1018.0, toolType[0]=TOOL_TYPE_UNKNOWN, buttonState=0, metaState=0, flags=0x0, edgeFlags=0x0, pointerCount=1, historySize=0, eventTime=962916, downTime=962916, deviceId=0, source=0x1002 }
07-28 19:02:48.712 14417 14417 I Input   : injectMotionEvent: MotionEvent { action=ACTION_MOVE, actionButton=0, id[0]=0, x[0]=540.0, y[0]=1018.0, toolType[0]=TOOL_TYPE_UNKNOWN, buttonState=0, metaState=0, flags=0x0, edgeFlags=0x0, pointerCount=1, historySize=0, eventTime=962933, downTime=962933, deviceId=0, source=0x1002 }
07-28 19:02:48.733 14417 14417 I Input   : injectMotionEvent: MotionEvent { action=ACTION_MOVE, actionButton=0, id[0]=0, x[0]=540.0, y[0]=1018.0, toolType[0]=TOOL_TYPE_UNKNOWN, buttonState=0, metaState=0, flags=0x0, edgeFlags=0x0, pointerCount=1, historySize=0, eventTime=962954, downTime=962954, deviceId=0, source=0x1002 }
07-28 19:02:48.750 14417 14417 I Input   : injectMotionEvent: MotionEvent { action=ACTION_MOVE, actionButton=0, id[0]=0, x[0]=540.0, y[0]=1018.0, toolType[0]=TOOL_TYPE_UNKNOWN, buttonState=0, metaState=0, flags=0x0, edgeFlags=0x0, pointerCount=1, historySize=0, eventTime=962971, downTime=962971, deviceId=0, source=0x1002 }
07-28 19:02:48.762 14417 14417 I Input   : injectMotionEvent: MotionEvent { action=ACTION_MOVE, actionButton=0, id[0]=0, x[0]=540.0, y[0]=1018.0, toolType[0]=TOOL_TYPE_UNKNOWN, buttonState=0, metaState=0, flags=0x0, edgeFlags=0x0, pointerCount=1, historySize=0, eventTime=962983, downTime=962983, deviceId=0, source=0x1002 }
07-28 19:02:48.781 14417 14417 I Input   : injectMotionEvent: MotionEvent { action=ACTION_MOVE, actionButton=0, id[0]=0, x[0]=540.0, y[0]=1018.0, toolType[0]=TOOL_TYPE_UNKNOWN, buttonState=0, metaState=0, flags=0x0, edgeFlags=0x0, pointerCount=1, historySize=0, eventTime=963002, downTime=963002, deviceId=0, source=0x1002 }
07-28 19:02:48.797 14417 14417 I Input   : injectMotionEvent: MotionEvent { action=ACTION_MOVE, actionButton=0, id[0]=0, x[0]=540.0, y[0]=1018.0, toolType[0]=TOOL_TYPE_UNKNOWN, buttonState=0, metaState=0, flags=0x0, edgeFlags=0x0, pointerCount=1, historySize=0, eventTime=963017, downTime=963017, deviceId=0, source=0x1002 }
07-28 19:02:48.813 14417 14417 I Input   : injectMotionEvent: MotionEvent { action=ACTION_MOVE, actionButton=0, id[0]=0, x[0]=540.0, y[0]=1018.0, toolType[0]=TOOL_TYPE_UNKNOWN, buttonState=0, metaState=0, flags=0x0, edgeFlags=0x0, pointerCount=1, historySize=0, eventTime=963034, downTime=963034, deviceId=0, source=0x1002 }
07-28 19:02:48.830 14417 14417 I Input   : injectMotionEvent: MotionEvent { action=ACTION_MOVE, actionButton=0, id[0]=0, x[0]=540.0, y[0]=1018.0, toolType[0]=TOOL_TYPE_UNKNOWN, buttonState=0, metaState=0, flags=0x0, edgeFlags=0x0, pointerCount=1, historySize=0, eventTime=963051, downTime=963051, deviceId=0, source=0x1002 }
07-28 19:02:48.848 14417 14417 I Input   : injectMotionEvent: MotionEvent { action=ACTION_MOVE, actionButton=0, id[0]=0, x[0]=540.0, y[0]=1018.0, toolType[0]=TOOL_TYPE_UNKNOWN, buttonState=0, metaState=0, flags=0x0, edgeFlags=0x0, pointerCount=1, historySize=0, eventTime=963069, downTime=963069, deviceId=0, source=0x1002 }
07-28 19:02:48.863 14417 14417 I Input   : injectMotionEvent: MotionEvent { action=ACTION_MOVE, actionButton=0, id[0]=0, x[0]=540.0, y[0]=1018.0, toolType[0]=TOOL_TYPE_UNKNOWN, buttonState=0, metaState=0, flags=0x0, edgeFlags=0x0, pointerCount=1, historySize=0, eventTime=963084, downTime=963084, deviceId=0, source=0x1002 }
07-28 19:02:48.881 14417 14417 I Input   : injectMotionEvent: MotionEvent { action=ACTION_MOVE, actionButton=0, id[0]=0, x[0]=540.0, y[0]=1018.0, toolType[0]=TOOL_TYPE_UNKNOWN, buttonState=0, metaState=0, flags=0x0, edgeFlags=0x0, pointerCount=1, historySize=0, eventTime=963102, downTime=963102, deviceId=0, source=0x1002 }
07-28 19:02:48.898 14417 14417 I Input   : injectMotionEvent: MotionEvent { action=ACTION_MOVE, actionButton=0, id[0]=0, x[0]=540.0, y[0]=1018.0, toolType[0]=TOOL_TYPE_UNKNOWN, buttonState=0, metaState=0, flags=0x0, edgeFlags=0x0, pointerCount=1, historySize=0, eventTime=963119, downTime=963119, deviceId=0, source=0x1002 }
07-28 19:02:48.913 14417 14417 I Input   : injectMotionEvent: MotionEvent { action=ACTION_MOVE, actionButton=0, id[0]=0, x[0]=540.0, y[0]=1018.0, toolType[0]=TOOL_TYPE_UNKNOWN, buttonState=0, metaState=0, flags=0x0, edgeFlags=0x0, pointerCount=1, historySize=0, eventTime=963134, downTime=963134, deviceId=0, source=0x1002 }
07-28 19:02:48.931 14417 14417 I Input   : injectMotionEvent: MotionEvent { action=ACTION_MOVE, actionButton=0, id[0]=0, x[0]=540.0, y[0]=1018.0, toolType[0]=TOOL_TYPE_UNKNOWN, buttonState=0, metaState=0, flags=0x0, edgeFlags=0x0, pointerCount=1, historySize=0, eventTime=963152, downTime=963152, deviceId=0, source=0x1002 }
07-28 19:02:48.947 14417 14417 I Input   : injectMotionEvent: MotionEvent { action=ACTION_MOVE, actionButton=0, id[0]=0, x[0]=540.0, y[0]=1018.0, toolType[0]=TOOL_TYPE_UNKNOWN, buttonState=0, metaState=0, flags=0x0, edgeFlags=0x0, pointerCount=1, historySize=0, eventTime=963168, downTime=963168, deviceId=0, source=0x1002 }
07-28 19:02:48.962 14417 14417 I Input   : injectMotionEvent: MotionEvent { action=ACTION_MOVE, actionButton=0, id[0]=0, x[0]=540.0, y[0]=1018.0, toolType[0]=TOOL_TYPE_UNKNOWN, buttonState=0, metaState=0, flags=0x0, edgeFlags=0x0, pointerCount=1, historySize=0, eventTime=963183, downTime=963183, deviceId=0, source=0x1002 }
07-28 19:02:48.980 14417 14417 I Input   : injectMotionEvent: MotionEvent { action=ACTION_MOVE, actionButton=0, id[0]=0, x[0]=540.0, y[0]=1018.0, toolType[0]=TOOL_TYPE_UNKNOWN, buttonState=0, metaState=0, flags=0x0, edgeFlags=0x0, pointerCount=1, historySize=0, eventTime=963201, downTime=963201, deviceId=0, source=0x1002 }
07-28 19:02:48.999 14417 14417 I Input   : injectMotionEvent: MotionEvent { action=ACTION_MOVE, actionButton=0, id[0]=0, x[0]=540.0, y[0]=1018.0, toolType[0]=TOOL_TYPE_UNKNOWN, buttonState=0, metaState=0, flags=0x0, edgeFlags=0x0, pointerCount=1, historySize=0, eventTime=963219, downTime=963219, deviceId=0, source=0x1002 }
07-28 19:02:49.012 14417 14417 I Input   : injectMotionEvent: MotionEvent { action=ACTION_MOVE, actionButton=0, id[0]=0, x[0]=540.0, y[0]=1018.0, toolType[0]=TOOL_TYPE_UNKNOWN, buttonState=0, metaState=0, flags=0x0, edgeFlags=0x0, pointerCount=1, historySize=0, eventTime=963233, downTime=963233, deviceId=0, source=0x1002 }
07-28 19:02:49.031 14417 14417 I Input   : injectMotionEvent: MotionEvent { action=ACTION_MOVE, actionButton=0, id[0]=0, x[0]=540.0, y[0]=1018.0, toolType[0]=TOOL_TYPE_UNKNOWN, buttonState=0, metaState=0, flags=0x0, edgeFlags=0x0, pointerCount=1, historySize=0, eventTime=963252, downTime=963252, deviceId=0, source=0x1002 }
07-28 19:02:49.046 14417 14417 I Input   : injectMotionEvent: MotionEvent { action=ACTION_MOVE, actionButton=0, id[0]=0, x[0]=540.0, y[0]=1018.0, toolType[0]=TOOL_TYPE_UNKNOWN, buttonState=0, metaState=0, flags=0x0, edgeFlags=0x0, pointerCount=1, historySize=0, eventTime=963267, downTime=963267, deviceId=0, source=0x1002 }
07-28 19:02:49.062 14417 14417 I Input   : injectMotionEvent: MotionEvent { action=ACTION_MOVE, actionButton=0, id[0]=0, x[0]=540.0, y[0]=1018.0, toolType[0]=TOOL_TYPE_UNKNOWN, buttonState=0, metaState=0, flags=0x0, edgeFlags=0x0, pointerCount=1, historySize=0, eventTime=963283, downTime=963283, deviceId=0, source=0x1002 }
07-28 19:02:49.082 14417 14417 I Input   : injectMotionEvent: MotionEvent { action=ACTION_MOVE, actionButton=0, id[0]=0, x[0]=540.0, y[0]=1018.0, toolType[0]=TOOL_TYPE_UNKNOWN, buttonState=0, metaState=0, flags=0x0, edgeFlags=0x0, pointerCount=1, historySize=0, eventTime=963303, downTime=963303, deviceId=0, source=0x1002 }
07-28 19:02:49.097 14417 14417 I Input   : injectMotionEvent: MotionEvent { action=ACTION_MOVE, actionButton=0, id[0]=0, x[0]=540.0, y[0]=1018.0, toolType[0]=TOOL_TYPE_UNKNOWN, buttonState=0, metaState=0, flags=0x0, edgeFlags=0x0, pointerCount=1, historySize=0, eventTime=963318, downTime=963318, deviceId=0, source=0x1002 }
07-28 19:02:49.112 14417 14417 I Input   : injectMotionEvent: MotionEvent { action=ACTION_MOVE, actionButton=0, id[0]=0, x[0]=540.0, y[0]=1018.0, toolType[0]=TOOL_TYPE_UNKNOWN, buttonState=0, metaState=0, flags=0x0, edgeFlags=0x0, pointerCount=1, historySize=0, eventTime=963333, downTime=963333, deviceId=0, source=0x1002 }
07-28 19:02:49.129 14417 14417 I Input   : injectMotionEvent: MotionEvent { action=ACTION_MOVE, actionButton=0, id[0]=0, x[0]=540.0, y[0]=1018.0, toolType[0]=TOOL_TYPE_UNKNOWN, buttonState=0, metaState=0, flags=0x0, edgeFlags=0x0, pointerCount=1, historySize=0, eventTime=963350, downTime=963350, deviceId=0, source=0x1002 }
07-28 19:02:49.146 14417 14417 I Input   : injectMotionEvent: MotionEvent { action=ACTION_MOVE, actionButton=0, id[0]=0, x[0]=540.0, y[0]=1018.0, toolType[0]=TOOL_TYPE_UNKNOWN, buttonState=0, metaState=0, flags=0x0, edgeFlags=0x0, pointerCount=1, historySize=0, eventTime=963367, downTime=963367, deviceId=0, source=0x1002 }
07-28 19:02:49.163 14417 14417 I Input   : injectMotionEvent: MotionEvent { action=ACTION_MOVE, actionButton=0, id[0]=0, x[0]=540.0, y[0]=1018.0, toolType[0]=TOOL_TYPE_UNKNOWN, buttonState=0, metaState=0, flags=0x0, edgeFlags=0x0, pointerCount=1, historySize=0, eventTime=963384, downTime=963384, deviceId=0, source=0x1002 }
07-28 19:02:49.182 14417 14417 I Input   : injectMotionEvent: MotionEvent { action=ACTION_MOVE, actionButton=0, id[0]=0, x[0]=540.0, y[0]=1018.0, toolType[0]=TOOL_TYPE_UNKNOWN, buttonState=0, metaState=0, flags=0x0, edgeFlags=0x0, pointerCount=1, historySize=0, eventTime=963403, downTime=963403, deviceId=0, source=0x1002 }
07-28 19:02:49.197 14417 14417 I Input   : injectMotionEvent: MotionEvent { action=ACTION_MOVE, actionButton=0, id[0]=0, x[0]=540.0, y[0]=1018.0, toolType[0]=TOOL_TYPE_UNKNOWN, buttonState=0, metaState=0, flags=0x0, edgeFlags=0x0, pointerCount=1, historySize=0, eventTime=963418, downTime=963418, deviceId=0, source=0x1002 }
07-28 19:02:49.212 14417 14417 I Input   : injectMotionEvent: MotionEvent { action=ACTION_MOVE, actionButton=0, id[0]=0, x[0]=540.0, y[0]=1018.0, toolType[0]=TOOL_TYPE_UNKNOWN, buttonState=0, metaState=0, flags=0x0, edgeFlags=0x0, pointerCount=1, historySize=0, eventTime=963433, downTime=963433, deviceId=0, source=0x1002 }
07-28 19:02:49.233 14417 14417 I Input   : injectMotionEvent: MotionEvent { action=ACTION_MOVE, actionButton=0, id[0]=0, x[0]=540.0, y[0]=1018.0, toolType[0]=TOOL_TYPE_UNKNOWN, buttonState=0, metaState=0, flags=0x0, edgeFlags=0x0, pointerCount=1, historySize=0, eventTime=963454, downTime=963454, deviceId=0, source=0x1002 }
07-28 19:02:49.246 14417 14417 I Input   : injectMotionEvent: MotionEvent { action=ACTION_MOVE, actionButton=0, id[0]=0, x[0]=540.0, y[0]=1018.0, toolType[0]=TOOL_TYPE_UNKNOWN, buttonState=0, metaState=0, flags=0x0, edgeFlags=0x0, pointerCount=1, historySize=0, eventTime=963467, downTime=963467, deviceId=0, source=0x1002 }
07-28 19:02:49.262 14417 14417 I Input   : injectMotionEvent: MotionEvent { action=ACTION_MOVE, actionButton=0, id[0]=0, x[0]=540.0, y[0]=1018.0, toolType[0]=TOOL_TYPE_UNKNOWN, buttonState=0, metaState=0, flags=0x0, edgeFlags=0x0, pointerCount=1, historySize=0, eventTime=963483, downTime=963483, deviceId=0, source=0x1002 }
07-28 19:02:49.280 14417 14417 I Input   : injectMotionEvent: MotionEvent { action=ACTION_MOVE, actionButton=0, id[0]=0, x[0]=540.0, y[0]=1018.0, toolType[0]=TOOL_TYPE_UNKNOWN, buttonState=0, metaState=0, flags=0x0, edgeFlags=0x0, pointerCount=1, historySize=0, eventTime=963500, downTime=963500, deviceId=0, source=0x1002 }
07-28 19:02:49.298 14417 14417 I Input   : injectMotionEvent: MotionEvent { action=ACTION_MOVE, actionButton=0, id[0]=0, x[0]=540.0, y[0]=1018.0, toolType[0]=TOOL_TYPE_UNKNOWN, buttonState=0, metaState=0, flags=0x0, edgeFlags=0x0, pointerCount=1, historySize=0, eventTime=963519, downTime=963519, deviceId=0, source=0x1002 }
07-28 19:02:49.312 14417 14417 I Input   : injectMotionEvent: MotionEvent { action=ACTION_MOVE, actionButton=0, id[0]=0, x[0]=540.0, y[0]=1018.0, toolType[0]=TOOL_TYPE_UNKNOWN, buttonState=0, metaState=0, flags=0x0, edgeFlags=0x0, pointerCount=1, historySize=0, eventTime=963533, downTime=963533, deviceId=0, source=0x1002 }
07-28 19:02:49.329 14417 14417 I Input   : injectMotionEvent: MotionEvent { action=ACTION_MOVE, actionButton=0, id[0]=0, x[0]=540.0, y[0]=1018.0, toolType[0]=TOOL_TYPE_UNKNOWN, buttonState=0, metaState=0, flags=0x0, edgeFlags=0x0, pointerCount=1, historySize=0, eventTime=963550, downTime=963550, deviceId=0, source=0x1002 }
07-28 19:02:49.347 14417 14417 I Input   : injectMotionEvent: MotionEvent { action=ACTION_MOVE, actionButton=0, id[0]=0, x[0]=540.0, y[0]=1018.0, toolType[0]=TOOL_TYPE_UNKNOWN, buttonState=0, metaState=0, flags=0x0, edgeFlags=0x0, pointerCount=1, historySize=0, eventTime=963568, downTime=963568, deviceId=0, source=0x1002 }
07-28 19:02:49.362 14417 14417 I Input   : injectMotionEvent: MotionEvent { action=ACTION_MOVE, actionButton=0, id[0]=0, x[0]=540.0, y[0]=1018.0, toolType[0]=TOOL_TYPE_UNKNOWN, buttonState=0, metaState=0, flags=0x0, edgeFlags=0x0, pointerCount=1, historySize=0, eventTime=963583, downTime=963583, deviceId=0, source=0x1002 }
07-28 19:02:49.382 14417 14417 I Input   : injectMotionEvent: MotionEvent { action=ACTION_MOVE, actionButton=0, id[0]=0, x[0]=540.0, y[0]=1018.0, toolType[0]=TOOL_TYPE_UNKNOWN, buttonState=0, metaState=0, flags=0x0, edgeFlags=0x0, pointerCount=1, historySize=0, eventTime=963603, downTime=963603, deviceId=0, source=0x1002 }
07-28 19:02:49.398 14417 14417 I Input   : injectMotionEvent: MotionEvent { action=ACTION_MOVE, actionButton=0, id[0]=0, x[0]=540.0, y[0]=1018.0, toolType[0]=TOOL_TYPE_UNKNOWN, buttonState=0, metaState=0, flags=0x0, edgeFlags=0x0, pointerCount=1, historySize=0, eventTime=963619, downTime=963619, deviceId=0, source=0x1002 }
07-28 19:02:49.412 14417 14417 I Input   : injectMotionEvent: MotionEvent { action=ACTION_MOVE, actionButton=0, id[0]=0, x[0]=540.0, y[0]=1018.0, toolType[0]=TOOL_TYPE_UNKNOWN, buttonState=0, metaState=0, flags=0x0, edgeFlags=0x0, pointerCount=1, historySize=0, eventTime=963633, downTime=963633, deviceId=0, source=0x1002 }
07-28 19:02:49.430 14417 14417 I Input   : injectMotionEvent: MotionEvent { action=ACTION_MOVE, actionButton=0, id[0]=0, x[0]=540.0, y[0]=1018.0, toolType[0]=TOOL_TYPE_UNKNOWN, buttonState=0, metaState=0, flags=0x0, edgeFlags=0x0, pointerCount=1, historySize=0, eventTime=963650, downTime=963650, deviceId=0, source=0x1002 }
07-28 19:02:49.447 14417 14417 I Input   : injectMotionEvent: MotionEvent { action=ACTION_MOVE, actionButton=0, id[0]=0, x[0]=540.0, y[0]=1018.0, toolType[0]=TOOL_TYPE_UNKNOWN, buttonState=0, metaState=0, flags=0x0, edgeFlags=0x0, pointerCount=1, historySize=0, eventTime=963668, downTime=963668, deviceId=0, source=0x1002 }
07-28 19:02:49.462 14417 14417 I Input   : injectMotionEvent: MotionEvent { action=ACTION_MOVE, actionButton=0, id[0]=0, x[0]=540.0, y[0]=1018.0, toolType[0]=TOOL_TYPE_UNKNOWN, buttonState=0, metaState=0, flags=0x0, edgeFlags=0x0, pointerCount=1, historySize=0, eventTime=963683, downTime=963683, deviceId=0, source=0x1002 }
07-28 19:02:49.481 14417 14417 I Input   : injectMotionEvent: MotionEvent { action=ACTION_MOVE, actionButton=0, id[0]=0, x[0]=540.0, y[0]=1018.0, toolType[0]=TOOL_TYPE_UNKNOWN, buttonState=0, metaState=0, flags=0x0, edgeFlags=0x0, pointerCount=1, historySize=0, eventTime=963702, downTime=963702, deviceId=0, source=0x1002 }
07-28 19:02:49.497 14417 14417 I Input   : injectMotionEvent: MotionEvent { action=ACTION_MOVE, actionButton=0, id[0]=0, x[0]=540.0, y[0]=1018.0, toolType[0]=TOOL_TYPE_UNKNOWN, buttonState=0, metaState=0, flags=0x0, edgeFlags=0x0, pointerCount=1, historySize=0, eventTime=963718, downTime=963718, deviceId=0, source=0x1002 }
07-28 19:02:49.512 14417 14417 I Input   : injectMotionEvent: MotionEvent { action=ACTION_MOVE, actionButton=0, id[0]=0, x[0]=540.0, y[0]=1018.0, toolType[0]=TOOL_TYPE_UNKNOWN, buttonState=0, metaState=0, flags=0x0, edgeFlags=0x0, pointerCount=1, historySize=0, eventTime=963733, downTime=963733, deviceId=0, source=0x1002 }
07-28 19:02:49.533 14417 14417 I Input   : injectMotionEvent: MotionEvent { action=ACTION_MOVE, actionButton=0, id[0]=0, x[0]=540.0, y[0]=1018.0, toolType[0]=TOOL_TYPE_UNKNOWN, buttonState=0, metaState=0, flags=0x0, edgeFlags=0x0, pointerCount=1, historySize=0, eventTime=963754, downTime=963754, deviceId=0, source=0x1002 }
07-28 19:02:49.546 14417 14417 I Input   : injectMotionEvent: MotionEvent { action=ACTION_MOVE, actionButton=0, id[0]=0, x[0]=540.0, y[0]=1018.0, toolType[0]=TOOL_TYPE_UNKNOWN, buttonState=0, metaState=0, flags=0x0, edgeFlags=0x0, pointerCount=1, historySize=0, eventTime=963766, downTime=963766, deviceId=0, source=0x1002 }
07-28 19:02:49.562 14417 14417 I Input   : injectMotionEvent: MotionEvent { action=ACTION_MOVE, actionButton=0, id[0]=0, x[0]=540.0, y[0]=1018.0, toolType[0]=TOOL_TYPE_UNKNOWN, buttonState=0, metaState=0, flags=0x0, edgeFlags=0x0, pointerCount=1, historySize=0, eventTime=963783, downTime=963783, deviceId=0, source=0x1002 }
07-28 19:02:49.581 14417 14417 I Input   : injectMotionEvent: MotionEvent { action=ACTION_MOVE, actionButton=0, id[0]=0, x[0]=540.0, y[0]=1018.0, toolType[0]=TOOL_TYPE_UNKNOWN, buttonState=0, metaState=0, flags=0x0, edgeFlags=0x0, pointerCount=1, historySize=0, eventTime=963802, downTime=963802, deviceId=0, source=0x1002 }
07-28 19:02:49.597 14417 14417 I Input   : injectMotionEvent: MotionEvent { action=ACTION_MOVE, actionButton=0, id[0]=0, x[0]=540.0, y[0]=1018.0, toolType[0]=TOOL_TYPE_UNKNOWN, buttonState=0, metaState=0, flags=0x0, edgeFlags=0x0, pointerCount=1, historySize=0, eventTime=963818, downTime=963818, deviceId=0, source=0x1002 }
07-28 19:02:49.612 14417 14417 I Input   : injectMotionEvent: MotionEvent { action=ACTION_MOVE, actionButton=0, id[0]=0, x[0]=540.0, y[0]=1018.0, toolType[0]=TOOL_TYPE_UNKNOWN, buttonState=0, metaState=0, flags=0x0, edgeFlags=0x0, pointerCount=1, historySize=0, eventTime=963833, downTime=963833, deviceId=0, source=0x1002 }
07-28 19:02:49.629 14417 14417 I Input   : injectMotionEvent: MotionEvent { action=ACTION_MOVE, actionButton=0, id[0]=0, x[0]=540.0, y[0]=1018.0, toolType[0]=TOOL_TYPE_UNKNOWN, buttonState=0, metaState=0, flags=0x0, edgeFlags=0x0, pointerCount=1, historySize=0, eventTime=963850, downTime=963850, deviceId=0, source=0x1002 }
07-28 19:02:49.648 14417 14417 I Input   : injectMotionEvent: MotionEvent { action=ACTION_MOVE, actionButton=0, id[0]=0, x[0]=540.0, y[0]=1018.0, toolType[0]=TOOL_TYPE_UNKNOWN, buttonState=0, metaState=0, flags=0x0, edgeFlags=0x0, pointerCount=1, historySize=0, eventTime=963869, downTime=963869, deviceId=0, source=0x1002 }
07-28 19:02:49.663 14417 14417 I Input   : injectMotionEvent: MotionEvent { action=ACTION_MOVE, actionButton=0, id[0]=0, x[0]=540.0, y[0]=1018.0, toolType[0]=TOOL_TYPE_UNKNOWN, buttonState=0, metaState=0, flags=0x0, edgeFlags=0x0, pointerCount=1, historySize=0, eventTime=963884, downTime=963884, deviceId=0, source=0x1002 }
07-28 19:02:49.681 14417 14417 I Input   : injectMotionEvent: MotionEvent { action=ACTION_MOVE, actionButton=0, id[0]=0, x[0]=540.0, y[0]=1018.0, toolType[0]=TOOL_TYPE_UNKNOWN, buttonState=0, metaState=0, flags=0x0, edgeFlags=0x0, pointerCount=1, historySize=0, eventTime=963902, downTime=963902, deviceId=0, source=0x1002 }
07-28 19:02:49.698 14417 14417 I Input   : injectMotionEvent: MotionEvent { action=ACTION_MOVE, actionButton=0, id[0]=0, x[0]=540.0, y[0]=1018.0, toolType[0]=TOOL_TYPE_UNKNOWN, buttonState=0, metaState=0, flags=0x0, edgeFlags=0x0, pointerCount=1, historySize=0, eventTime=963919, downTime=963919, deviceId=0, source=0x1002 }
07-28 19:02:49.712 14417 14417 I Input   : injectMotionEvent: MotionEvent { action=ACTION_MOVE, actionButton=0, id[0]=0, x[0]=540.0, y[0]=1018.0, toolType[0]=TOOL_TYPE_UNKNOWN, buttonState=0, metaState=0, flags=0x0, edgeFlags=0x0, pointerCount=1, historySize=0, eventTime=963933, downTime=963933, deviceId=0, source=0x1002 }
07-28 19:02:49.731 14417 14417 I Input   : injectMotionEvent: MotionEvent { action=ACTION_MOVE, actionButton=0, id[0]=0, x[0]=540.0, y[0]=1018.0, toolType[0]=TOOL_TYPE_UNKNOWN, buttonState=0, metaState=0, flags=0x0, edgeFlags=0x0, pointerCount=1, historySize=0, eventTime=963952, downTime=963952, deviceId=0, source=0x1002 }
07-28 19:02:49.746 14417 14417 I Input   : injectMotionEvent: MotionEvent { action=ACTION_MOVE, actionButton=0, id[0]=0, x[0]=540.0, y[0]=1018.0, toolType[0]=TOOL_TYPE_UNKNOWN, buttonState=0, metaState=0, flags=0x0, edgeFlags=0x0, pointerCount=1, historySize=0, eventTime=963967, downTime=963967, deviceId=0, source=0x1002 }
07-28 19:02:49.762 14417 14417 I Input   : injectMotionEvent: MotionEvent { action=ACTION_MOVE, actionButton=0, id[0]=0, x[0]=540.0, y[0]=1018.0, toolType[0]=TOOL_TYPE_UNKNOWN, buttonState=0, metaState=0, flags=0x0, edgeFlags=0x0, pointerCount=1, historySize=0, eventTime=963983, downTime=963983, deviceId=0, source=0x1002 }
07-28 19:02:49.781 14417 14417 I Input   : injectMotionEvent: MotionEvent { action=ACTION_MOVE, actionButton=0, id[0]=0, x[0]=540.0, y[0]=1018.0, toolType[0]=TOOL_TYPE_UNKNOWN, buttonState=0, metaState=0, flags=0x0, edgeFlags=0x0, pointerCount=1, historySize=0, eventTime=964002, downTime=964002, deviceId=0, source=0x1002 }
07-28 19:02:49.798 14417 14417 I Input   : injectMotionEvent: MotionEvent { action=ACTION_MOVE, actionButton=0, id[0]=0, x[0]=540.0, y[0]=1018.0, toolType[0]=TOOL_TYPE_UNKNOWN, buttonState=0, metaState=0, flags=0x0, edgeFlags=0x0, pointerCount=1, historySize=0, eventTime=964019, downTime=964019, deviceId=0, source=0x1002 }
07-28 19:02:49.812 14417 14417 I Input   : injectMotionEvent: MotionEvent { action=ACTION_MOVE, actionButton=0, id[0]=0, x[0]=540.0, y[0]=1018.0, toolType[0]=TOOL_TYPE_UNKNOWN, buttonState=0, metaState=0, flags=0x0, edgeFlags=0x0, pointerCount=1, historySize=0, eventTime=964033, downTime=964033, deviceId=0, source=0x1002 }
07-28 19:02:49.831 14417 14417 I Input   : injectMotionEvent: MotionEvent { action=ACTION_MOVE, actionButton=0, id[0]=0, x[0]=540.0, y[0]=1018.0, toolType[0]=TOOL_TYPE_UNKNOWN, buttonState=0, metaState=0, flags=0x0, edgeFlags=0x0, pointerCount=1, historySize=0, eventTime=964052, downTime=964052, deviceId=0, source=0x1002 }
07-28 19:02:49.847 14417 14417 I Input   : injectMotionEvent: MotionEvent { action=ACTION_MOVE, actionButton=0, id[0]=0, x[0]=540.0, y[0]=1018.0, toolType[0]=TOOL_TYPE_UNKNOWN, buttonState=0, metaState=0, flags=0x0, edgeFlags=0x0, pointerCount=1, historySize=0, eventTime=964068, downTime=964068, deviceId=0, source=0x1002 }
07-28 19:02:49.862 14417 14417 I Input   : injectMotionEvent: MotionEvent { action=ACTION_MOVE, actionButton=0, id[0]=0, x[0]=540.0, y[0]=1018.0, toolType[0]=TOOL_TYPE_UNKNOWN, buttonState=0, metaState=0, flags=0x0, edgeFlags=0x0, pointerCount=1, historySize=0, eventTime=964083, downTime=964083, deviceId=0, source=0x1002 }
07-28 19:02:49.881 14417 14417 I Input   : injectMotionEvent: MotionEvent { action=ACTION_MOVE, actionButton=0, id[0]=0, x[0]=540.0, y[0]=1018.0, toolType[0]=TOOL_TYPE_UNKNOWN, buttonState=0, metaState=0, flags=0x0, edgeFlags=0x0, pointerCount=1, historySize=0, eventTime=964102, downTime=964102, deviceId=0, source=0x1002 }
07-28 19:02:49.898 14417 14417 I Input   : injectMotionEvent: MotionEvent { action=ACTION_MOVE, actionButton=0, id[0]=0, x[0]=540.0, y[0]=1018.0, toolType[0]=TOOL_TYPE_UNKNOWN, buttonState=0, metaState=0, flags=0x0, edgeFlags=0x0, pointerCount=1, historySize=0, eventTime=964119, downTime=964119, deviceId=0, source=0x1002 }
07-28 19:02:49.912 14417 14417 I Input   : injectMotionEvent: MotionEvent { action=ACTION_MOVE, actionButton=0, id[0]=0, x[0]=540.0, y[0]=1018.0, toolType[0]=TOOL_TYPE_UNKNOWN, buttonState=0, metaState=0, flags=0x0, edgeFlags=0x0, pointerCount=1, historySize=0, eventTime=964133, downTime=964133, deviceId=0, source=0x1002 }
07-28 19:02:49.930 14417 14417 I Input   : injectMotionEvent: MotionEvent { action=ACTION_MOVE, actionButton=0, id[0]=0, x[0]=540.0, y[0]=1018.0, toolType[0]=TOOL_TYPE_UNKNOWN, buttonState=0, metaState=0, flags=0x0, edgeFlags=0x0, pointerCount=1, historySize=0, eventTime=964150, downTime=964150, deviceId=0, source=0x1002 }
07-28 19:02:49.947 14417 14417 I Input   : injectMotionEvent: MotionEvent { action=ACTION_MOVE, actionButton=0, id[0]=0, x[0]=540.0, y[0]=1018.0, toolType[0]=TOOL_TYPE_UNKNOWN, buttonState=0, metaState=0, flags=0x0, edgeFlags=0x0, pointerCount=1, historySize=0, eventTime=964168, downTime=964168, deviceId=0, source=0x1002 }
07-28 19:02:49.962 14417 14417 I Input   : injectMotionEvent: MotionEvent { action=ACTION_MOVE, actionButton=0, id[0]=0, x[0]=540.0, y[0]=1018.0, toolType[0]=TOOL_TYPE_UNKNOWN, buttonState=0, metaState=0, flags=0x0, edgeFlags=0x0, pointerCount=1, historySize=0, eventTime=964183, downTime=964183, deviceId=0, source=0x1002 }
07-28 19:02:49.981 14417 14417 I Input   : injectMotionEvent: MotionEvent { action=ACTION_MOVE, actionButton=0, id[0]=0, x[0]=540.0, y[0]=1018.0, toolType[0]=TOOL_TYPE_UNKNOWN, buttonState=0, metaState=0, flags=0x0, edgeFlags=0x0, pointerCount=1, historySize=0, eventTime=964202, downTime=964202, deviceId=0, source=0x1002 }
07-28 19:02:49.996 14417 14417 I Input   : injectMotionEvent: MotionEvent { action=ACTION_MOVE, actionButton=0, id[0]=0, x[0]=540.0, y[0]=1018.0, toolType[0]=TOOL_TYPE_UNKNOWN, buttonState=0, metaState=0, flags=0x0, edgeFlags=0x0, pointerCount=1, historySize=0, eventTime=964217, downTime=964217, deviceId=0, source=0x1002 }
07-28 19:02:50.012 14417 14417 I Input   : injectMotionEvent: MotionEvent { action=ACTION_MOVE, actionButton=0, id[0]=0, x[0]=540.0, y[0]=1018.0, toolType[0]=TOOL_TYPE_UNKNOWN, buttonState=0, metaState=0, flags=0x0, edgeFlags=0x0, pointerCount=1, historySize=0, eventTime=964233, downTime=964233, deviceId=0, source=0x1002 }
07-28 19:02:50.030 14417 14417 I Input   : injectMotionEvent: MotionEvent { action=ACTION_MOVE, actionButton=0, id[0]=0, x[0]=540.0, y[0]=1018.0, toolType[0]=TOOL_TYPE_UNKNOWN, buttonState=0, metaState=0, flags=0x0, edgeFlags=0x0, pointerCount=1, historySize=0, eventTime=964251, downTime=964251, deviceId=0, source=0x1002 }
07-28 19:02:50.046 14417 14417 I Input   : injectMotionEvent: MotionEvent { action=ACTION_MOVE, actionButton=0, id[0]=0, x[0]=540.0, y[0]=1018.0, toolType[0]=TOOL_TYPE_UNKNOWN, buttonState=0, metaState=0, flags=0x0, edgeFlags=0x0, pointerCount=1, historySize=0, eventTime=964267, downTime=964267, deviceId=0, source=0x1002 }
07-28 19:02:50.064 14417 14417 I Input   : injectMotionEvent: MotionEvent { action=ACTION_MOVE, actionButton=0, id[0]=0, x[0]=540.0, y[0]=1018.0, toolType[0]=TOOL_TYPE_UNKNOWN, buttonState=0, metaState=0, flags=0x0, edgeFlags=0x0, pointerCount=1, historySize=0, eventTime=964285, downTime=964285, deviceId=0, source=0x1002 }
07-28 19:02:50.081 14417 14417 I Input   : injectMotionEvent: MotionEvent { action=ACTION_MOVE, actionButton=0, id[0]=0, x[0]=540.0, y[0]=1018.0, toolType[0]=TOOL_TYPE_UNKNOWN, buttonState=0, metaState=0, flags=0x0, edgeFlags=0x0, pointerCount=1, historySize=0, eventTime=964302, downTime=964302, deviceId=0, source=0x1002 }
07-28 19:02:50.097 14417 14417 I Input   : injectMotionEvent: MotionEvent { action=ACTION_MOVE, actionButton=0, id[0]=0, x[0]=540.0, y[0]=1018.0, toolType[0]=TOOL_TYPE_UNKNOWN, buttonState=0, metaState=0, flags=0x0, edgeFlags=0x0, pointerCount=1, historySize=0, eventTime=964318, downTime=964318, deviceId=0, source=0x1002 }
07-28 19:02:50.113 14417 14417 I Input   : injectMotionEvent: MotionEvent { action=ACTION_MOVE, actionButton=0, id[0]=0, x[0]=540.0, y[0]=1018.0, toolType[0]=TOOL_TYPE_UNKNOWN, buttonState=0, metaState=0, flags=0x0, edgeFlags=0x0, pointerCount=1, historySize=0, eventTime=964334, downTime=964334, deviceId=0, source=0x1002 }
07-28 19:02:50.133 14417 14417 I Input   : injectMotionEvent: MotionEvent { action=ACTION_MOVE, actionButton=0, id[0]=0, x[0]=540.0, y[0]=1018.0, toolType[0]=TOOL_TYPE_UNKNOWN, buttonState=0, metaState=0, flags=0x0, edgeFlags=0x0, pointerCount=1, historySize=0, eventTime=964354, downTime=964354, deviceId=0, source=0x1002 }
07-28 19:02:50.148 14417 14417 I Input   : injectMotionEvent: MotionEvent { action=ACTION_MOVE, actionButton=0, id[0]=0, x[0]=540.0, y[0]=1018.0, toolType[0]=TOOL_TYPE_UNKNOWN, buttonState=0, metaState=0, flags=0x0, edgeFlags=0x0, pointerCount=1, historySize=0, eventTime=964368, downTime=964368, deviceId=0, source=0x1002 }
07-28 19:02:50.161 14417 14417 I Input   : injectMotionEvent: MotionEvent { action=ACTION_MOVE, actionButton=0, id[0]=0, x[0]=540.0, y[0]=1018.0, toolType[0]=TOOL_TYPE_UNKNOWN, buttonState=0, metaState=0, flags=0x0, edgeFlags=0x0, pointerCount=1, historySize=0, eventTime=964382, downTime=964382, deviceId=0, source=0x1002 }
07-28 19:02:50.182 14417 14417 I Input   : injectMotionEvent: MotionEvent { action=ACTION_MOVE, actionButton=0, id[0]=0, x[0]=540.0, y[0]=1018.0, toolType[0]=TOOL_TYPE_UNKNOWN, buttonState=0, metaState=0, flags=0x0, edgeFlags=0x0, pointerCount=1, historySize=0, eventTime=964403, downTime=964403, deviceId=0, source=0x1002 }
07-28 19:02:50.197 14417 14417 I Input   : injectMotionEvent: MotionEvent { action=ACTION_MOVE, actionButton=0, id[0]=0, x[0]=540.0, y[0]=1018.0, toolType[0]=TOOL_TYPE_UNKNOWN, buttonState=0, metaState=0, flags=0x0, edgeFlags=0x0, pointerCount=1, historySize=0, eventTime=964418, downTime=964418, deviceId=0, source=0x1002 }
07-28 19:02:50.212 14417 14417 I Input   : injectMotionEvent: MotionEvent { action=ACTION_MOVE, actionButton=0, id[0]=0, x[0]=540.0, y[0]=1018.0, toolType[0]=TOOL_TYPE_UNKNOWN, buttonState=0, metaState=0, flags=0x0, edgeFlags=0x0, pointerCount=1, historySize=0, eventTime=964433, downTime=964433, deviceId=0, source=0x1002 }
07-28 19:02:50.230 14417 14417 I Input   : injectMotionEvent: MotionEvent { action=ACTION_MOVE, actionButton=0, id[0]=0, x[0]=540.0, y[0]=1018.0, toolType[0]=TOOL_TYPE_UNKNOWN, buttonState=0, metaState=0, flags=0x0, edgeFlags=0x0, pointerCount=1, historySize=0, eventTime=964451, downTime=964451, deviceId=0, source=0x1002 }
07-28 19:02:50.246 14417 14417 I Input   : injectMotionEvent: MotionEvent { action=ACTION_MOVE, actionButton=0, id[0]=0, x[0]=540.0, y[0]=1018.0, toolType[0]=TOOL_TYPE_UNKNOWN, buttonState=0, metaState=0, flags=0x0, edgeFlags=0x0, pointerCount=1, historySize=0, eventTime=964467, downTime=964467, deviceId=0, source=0x1002 }
07-28 19:02:50.263 14417 14417 I Input   : injectMotionEvent: MotionEvent { action=ACTION_MOVE, actionButton=0, id[0]=0, x[0]=540.0, y[0]=1018.0, toolType[0]=TOOL_TYPE_UNKNOWN, buttonState=0, metaState=0, flags=0x0, edgeFlags=0x0, pointerCount=1, historySize=0, eventTime=964484, downTime=964484, deviceId=0, source=0x1002 }
07-28 19:02:50.282 14417 14417 I Input   : injectMotionEvent: MotionEvent { action=ACTION_UP, actionButton=0, id[0]=0, x[0]=540.0, y[0]=1018.0, toolType[0]=TOOL_TYPE_UNKNOWN, buttonState=0, metaState=0, flags=0x0, edgeFlags=0x0, pointerCount=1, historySize=0, eventTime=964503, downTime=964503, deviceId=0, source=0x1002 }
07-28 19:02:50.284 14417 14417 D AndroidRuntime: Shutting down VM
07-28 19:02:52.833 14432 14432 W ls      : type=1400 audit(0.0:49): avc: denied { getattr } for path="/proc/sysrq-trigger" dev="proc" ino=4026532069 scontext=u:r:shell:s0 tcontext=u:object_r:proc_sysrq:s0 tclass=file permissive=0
07-28 19:02:52.843 14432 14432 W ls      : type=1400 audit(0.0:50): avc: denied { getattr } for path="/proc/iomem" dev="proc" ino=4026532007 scontext=u:r:shell:s0 tcontext=u:object_r:proc_iomem:s0 tclass=file permissive=0
07-28 19:02:54.426 14721 14721 D AndroidRuntime: >>>>>> START com.android.internal.os.RuntimeInit uid 2000 <<<<<<
07-28 19:02:54.428 14721 14721 D AndroidRuntime: CheckJNI is ON
07-28 19:02:54.442 14721 14721 W art     : Unexpected CPU variant for X86 using defaults: x86
07-28 19:02:54.445 14721 14721 D ICU     : No timezone override file found: /data/local/tmp/misc/zoneinfo/current/icu/icu_tzdata.dat
07-28 19:02:54.463 14721 14721 E memtrack: Couldn't load memtrack module (No such file or directory)
07-28 19:02:54.463 14721 14721 E android.os.Debug: failed to load memtrack module: -2
07-28 19:02:54.463 14721 14721 I Radio-JNI: register_android_hardware_Radio DONE
07-28 19:02:54.468 14721 14721 D AndroidRuntime: Calling main entry com.android.commands.uiautomator.Launcher
07-28 19:02:55.493 14721 14721 W AccessibilityNodeInfoDumper: Fetch time: 3ms
07-28 19:02:55.494  1679  2321 W WindowManager: Attempted to remove non-existing token: android.os.Binder@50a1c99
07-28 19:02:55.499 14721 14721 D AndroidRuntime: Shutting down VM
07-28 19:02:55.499  1858  1858 V PhoneStatusBar: setLightsOn(true)
07-28 19:02:56.280 14747 14747 D AndroidRuntime: >>>>>> START com.android.internal.os.RuntimeInit uid 2000 <<<<<<
07-28 19:02:56.281 14747 14747 D AndroidRuntime: CheckJNI is ON
