06-14 09:28:11.413  2166  4610 I ChromeSync: [Sync,SyncIntentOperation] Handling the intent: Intent { act=com.google.android.gms.phenotype.COMMITTED flg=0x10 pkg=com.google.android.gms cmp=com.google.android.gms/.chimera.GmsIntentOperationService (has extras) }.
06-14 09:28:11.414  2166  4610 I MdiSyncModule: flag handling is skipping irrelevant intent.
06-14 09:28:11.414  2166  4611 W ModuleInitIntentOp: Dropping unexpected action com.google.android.gms.phenotype.COMMITTED
06-14 09:28:11.419  2166  4434 I GmscoreIpa: how are you::
06-14 09:28:11.437  1822  4461 I Auth    : [AuthManaged,PasswordComplexityHelperImpl] Updating password complexity components state.
06-14 09:28:11.437  1822  4461 I Auth    : [AuthManaged,PasswordComplexityHelperImpl] Enabling com.google.android.gms.auth.managed.ui.SetNewPasswordActivity
06-14 09:28:11.438  1822  4613 I Auth    : [AuthManaged,PasswordComplexityHelperImpl] Updating password complexity components state.
06-14 09:28:11.438  1822  4613 I Auth    : [AuthManaged,PasswordComplexityHelperImpl] Enabling com.google.android.gms.auth.managed.ui.SetNewPasswordActivity
06-14 09:28:11.441  2166  4433 I MobileDataHub: Scheduling periodic tasks
06-14 09:28:11.441  2166  2594 W MobileDataHub: [Service] appsupload-periodic periodic task disabled
06-14 09:28:11.461  1822  4612 I Auth    : [AuthManaged,PasswordComplexityHelperImpl] Updating password complexity components state.
06-14 09:28:11.461  1822  4612 I Auth    : [AuthManaged,PasswordComplexityHelperImpl] Enabling com.google.android.gms.auth.managed.ui.SetNewPasswordActivity
06-14 09:28:11.463  1822  4612 I PTCommittedOperation: Receive new configuration for com.google.android.gms
06-14 09:28:11.463  1822  4612 I PTCommittedOperation: Running Fixer Framework for com.google.android.gms
06-14 09:28:11.630  1346  1364 D gralloc_ranchu: gralloc_alloc: Creating ashmem region of size 7753728
06-14 09:28:13.231  1674  1802 E TaskPersister: File error accessing recents directory (directory doesn't exist?).
06-14 09:28:13.286  1822  2696 I NetworkScheduler.Stats: Task com.google.android.gms/com.google.android.gms.phenotype.service.sync.PhenotypeConfigurator started execution. cause:4 exec_start_elapsed_seconds: 72 [CONTEXT service_id=218 ]
06-14 09:28:13.326  1822  4572 I aoqb    : Removed 0 invalid users [CONTEXT service_id=51 ]
06-14 09:28:13.619  1822  4572 I aopq    : Scheduling adaptive one off task with window [14400, 604800] in seconds [CONTEXT service_id=51 ]
06-14 09:28:13.811  4080  4080 I PGAPhenotypeBroadcastRe: Received Phenotype update.
06-14 09:28:13.828  4558  4588 W System  : ClassLoader referenced unknown path: /system/priv-app/PrebuiltGmsCore/lib/x86
06-14 09:28:13.840  1822  4612 I Auth    : [AuthManaged,PasswordComplexityHelperImpl] Updating password complexity components state.
06-14 09:28:13.840  1822  4612 I Auth    : [AuthManaged,PasswordComplexityHelperImpl] Enabling com.google.android.gms.auth.managed.ui.SetNewPasswordActivity
06-14 09:28:13.847  2166  4610 I ChromeSync: [Sync,SyncIntentOperation] Handling the intent: Intent { act=com.google.android.gms.phenotype.COMMITTED flg=0x10 pkg=com.google.android.gms cmp=com.google.android.gms/.chimera.GmsIntentOperationService (has extras) }.
06-14 09:28:13.848  2166  4610 I MdiSyncModule: flag handling is skipping irrelevant intent.
06-14 09:28:13.848  1822  4613 I PTCommittedOperation: Receive new configuration for com.google.android.gms.romanesco
06-14 09:28:13.848  2166  4454 W ModuleInitIntentOp: Dropping unexpected action com.google.android.gms.phenotype.COMMITTED
06-14 09:28:13.853  4558  4588 W System  : ClassLoader referenced unknown path: /system/priv-app/PrebuiltGmsCore/lib/x86
06-14 09:28:13.854  4558  4588 W System  : ClassLoader referenced unknown path: /system/priv-app/PrebuiltGmsCore/lib/x86
06-14 09:28:13.861  4558  4588 V NativeCrypto: Registering com/google/android/gms/org/conscrypt/NativeCrypto's 286 native methods...
06-14 09:28:13.866  1822  2672 I NetworkScheduler.Stats: Task com.google.android.gms/com.google.android.gms.phenotype.service.sync.PhenotypeConfigurator finished executing. cause:4 result: 1 elapsed_millis: 592 uptime_millis: 592 exec_start_elapsed_seconds: 72 [CONTEXT service_id=218 ]
06-14 09:28:13.879  1822  4612 I Auth    : [AuthManaged,PasswordComplexityHelperImpl] Updating password complexity components state.
06-14 09:28:13.879  1822  4612 I Auth    : [AuthManaged,PasswordComplexityHelperImpl] Enabling com.google.android.gms.auth.managed.ui.SetNewPasswordActivity
06-14 09:28:13.880  2166  4452 I ChromeSync: [Sync,SyncIntentOperation] Handling the intent: Intent { act=com.google.android.gms.phenotype.COMMITTED flg=0x10 pkg=com.google.android.gms cmp=com.google.android.gms/.chimera.GmsIntentOperationService (has extras) }.
06-14 09:28:13.880  2166  4434 I MdiSyncModule: flag handling is skipping irrelevant intent.
06-14 09:28:13.881  2166  4609 W ModuleInitIntentOp: Dropping unexpected action com.google.android.gms.phenotype.COMMITTED
06-14 09:28:13.881  1822  4622 I PTCommittedOperation: Receive new configuration for com.google.android.gms.places
06-14 09:28:13.886  4558  4588 D NetworkSecurityConfig: No Network Security Config specified, using platform default
06-14 09:28:13.889  4558  4588 I ProviderInstaller: Installed default security provider GmsCore_OpenSSL
06-14 09:28:13.891  2166  4434 I ChromeSync: [Sync,SyncIntentOperation] Handling the intent: Intent { act=com.google.android.gms.phenotype.COMMITTED flg=0x10 pkg=com.google.android.gms cmp=com.google.android.gms/.chimera.GmsIntentOperationService (has extras) }.
06-14 09:28:13.893  2166  4434 I MdiSyncModule: flag handling is skipping irrelevant intent.
06-14 09:28:13.893  2166  4609 W ModuleInitIntentOp: Dropping unexpected action com.google.android.gms.phenotype.COMMITTED
06-14 09:28:13.896  1822  4457 I PTCommittedOperation: Receive new configuration for com.google.android.gms.people
06-14 09:28:13.900  2166  4434 I FsaEntryPointSwitcher: setting component enabled=1 for com.google.android.gms.people.sync.focus.ContactsSyncAdapterService
06-14 09:28:13.900  2166  4434 I FsaEntryPointSwitcher: Setting component enabled succeeds.
06-14 09:28:13.900  2166  4434 I FsaEntryPointSwitcher: setting component enabled=2 for com.google.android.syncadapters.contacts.ContactsSyncAdapterService
06-14 09:28:13.901  2166  4434 I FsaEntryPointSwitcher: Setting component enabled succeeds.
06-14 09:28:13.903  1822  4612 I Auth    : [AuthManaged,PasswordComplexityHelperImpl] Updating password complexity components state.
06-14 09:28:13.903  1822  4612 I Auth    : [AuthManaged,PasswordComplexityHelperImpl] Enabling com.google.android.gms.auth.managed.ui.SetNewPasswordActivity
06-14 09:28:13.906  1822  4457 I PTCommittedOperation: Receive new configuration for com.google.android.gms.auth_authzen
06-14 09:28:13.907  2166  4609 I ChromeSync: [Sync,SyncIntentOperation] Handling the intent: Intent { act=com.google.android.gms.phenotype.COMMITTED flg=0x10 pkg=com.google.android.gms cmp=com.google.android.gms/.chimera.GmsIntentOperationService (has extras) }.
06-14 09:28:13.908  1674  1957 W ActivityManager: Unable to start service Intent { act=com.google.android.gms.auth.key.retrieval.service.START pkg=com.google.android.gms } U=0: not found
06-14 09:28:13.908  1674  4287 W ActivityManager: Unbind failed: could not find connection for android.os.BinderProxy@f890f79
06-14 09:28:13.908  2166  2590 E GmsClient: unable to connect to service: com.google.android.gms.auth.key.retrieval.service.START on com.google.android.gms
06-14 09:28:13.908  2166  4149 I MdiSyncModule: flag handling is skipping irrelevant intent.
06-14 09:28:13.909  2166  4452 W ModuleInitIntentOp: Dropping unexpected action com.google.android.gms.phenotype.COMMITTED
06-14 09:28:13.924  1822  4457 I Auth    : [AuthManaged,PasswordComplexityHelperImpl] Updating password complexity components state.
06-14 09:28:13.924  1822  4457 I Auth    : [AuthManaged,PasswordComplexityHelperImpl] Enabling com.google.android.gms.auth.managed.ui.SetNewPasswordActivity
06-14 09:28:13.943  1822  4612 I Auth    : [AuthManaged,PasswordComplexityHelperImpl] Updating password complexity components state.
06-14 09:28:13.943  1822  4612 I Auth    : [AuthManaged,PasswordComplexityHelperImpl] Enabling com.google.android.gms.auth.managed.ui.SetNewPasswordActivity
06-14 09:28:13.954  1822  4461 I Auth    : [AuthManaged,PasswordComplexityHelperImpl] Updating password complexity components state.
06-14 09:28:13.954  1822  4461 I Auth    : [AuthManaged,PasswordComplexityHelperImpl] Enabling com.google.android.gms.auth.managed.ui.SetNewPasswordActivity
06-14 09:28:13.971  1822  4612 I Auth    : [AuthManaged,PasswordComplexityHelperImpl] Updating password complexity components state.
06-14 09:28:13.971  1822  4612 I Auth    : [AuthManaged,PasswordComplexityHelperImpl] Enabling com.google.android.gms.auth.managed.ui.SetNewPasswordActivity
06-14 09:28:13.973  2166  4452 I ChromeSync: [Sync,SyncIntentOperation] Handling the intent: Intent { act=com.google.android.gms.phenotype.COMMITTED flg=0x10 pkg=com.google.android.gms cmp=com.google.android.gms/.chimera.GmsIntentOperationService (has extras) }.
06-14 09:28:13.973  2166  4611 I MdiSyncModule: flag handling is skipping irrelevant intent.
06-14 09:28:13.974  2166  4452 W ModuleInitIntentOp: Dropping unexpected action com.google.android.gms.phenotype.COMMITTED
06-14 09:28:13.974  1822  4459 I PTCommittedOperation: Receive new configuration for com.google.android.gms.games
06-14 09:28:13.995  1822  4461 I Auth    : [AuthManaged,PasswordComplexityHelperImpl] Updating password complexity components state.
06-14 09:28:13.995  1822  4461 I Auth    : [AuthManaged,PasswordComplexityHelperImpl] Enabling com.google.android.gms.auth.managed.ui.SetNewPasswordActivity
06-14 09:28:13.998  1822  4461 I Auth    : [AuthManaged,PasswordComplexityHelperImpl] Updating password complexity components state.
06-14 09:28:13.998  1822  4461 I Auth    : [AuthManaged,PasswordComplexityHelperImpl] Enabling com.google.android.gms.auth.managed.ui.SetNewPasswordActivity
06-14 09:28:14.001  1822  4461 I Auth    : [AuthManaged,PasswordComplexityHelperImpl] Updating password complexity components state.
06-14 09:28:14.001  1822  4461 I Auth    : [AuthManaged,PasswordComplexityHelperImpl] Enabling com.google.android.gms.auth.managed.ui.SetNewPasswordActivity
06-14 09:28:14.005  2166  4149 I MobileDataHub: Scheduling periodic tasks
06-14 09:28:14.005  2166  2594 W MobileDataHub: [Service] appsupload-periodic periodic task disabled
06-14 09:28:14.024  1822  4613 I Auth    : [AuthManaged,PasswordComplexityHelperImpl] Updating password complexity components state.
06-14 09:28:14.024  1822  4613 I Auth    : [AuthManaged,PasswordComplexityHelperImpl] Enabling com.google.android.gms.auth.managed.ui.SetNewPasswordActivity
06-14 09:28:14.025  1822  4613 I PTCommittedOperation: Receive new configuration for com.google.android.gms
06-14 09:28:14.026  1822  4613 I PTCommittedOperation: Running Fixer Framework for com.google.android.gms
06-14 09:28:14.032  1822  4612 I Auth    : [AuthManaged,PasswordComplexityHelperImpl] Updating password complexity components state.
06-14 09:28:14.032  1822  4612 I Auth    : [AuthManaged,PasswordComplexityHelperImpl] Enabling com.google.android.gms.auth.managed.ui.SetNewPasswordActivity
06-14 09:28:15.324  1674  1958 I ActivityManager: Killing 2698:com.google.android.deskclock/u0a66 (adj 906): empty #17
06-14 09:28:15.377  1674  1705 D ActivityManager: cleanUpApplicationRecord -- 2698
06-14 09:28:19.584  1674  3516 I ActivityManager: Killing 3780:com.google.android.play.games/u0a64 (adj 906): empty #17
06-14 09:28:19.635  1674  4287 D ActivityManager: cleanUpApplicationRecord -- 3780
06-14 09:28:20.855  1674  1957 I ActivityManager: Killing 4105:com.google.android.talk:matchstick/u0a53 (adj 906): empty #17
06-14 09:28:20.855  1674  1957 I ActivityManager: Killing 2772:com.google.android.calendar/u0a33 (adj 906): empty #18
06-14 09:28:20.859  1674  2344 D ActivityManager: cleanUpApplicationRecord -- 2772
06-14 09:28:20.896  1674  2343 D ActivityManager: cleanUpApplicationRecord -- 4105
06-14 09:28:21.469  2166  4149 I Vision  : Requesting optional module download of ocr.
06-14 09:28:21.469  2166  4149 I Vision  : Exceeded maximum feature download tries for ocr
06-14 09:28:21.469  2166  4149 W Vision  : Request of optional module download of ocr failed.
06-14 09:28:21.469  2166  4149 I Vision  : Checking for download completion for 91165 -- ocr
06-14 09:28:25.396  4629  4629 D AndroidRuntime: >>>>>> START com.android.internal.os.RuntimeInit uid 2000 <<<<<<
06-14 09:28:25.397  4629  4629 D AndroidRuntime: CheckJNI is ON
06-14 09:28:25.411  4629  4629 W art     : Unexpected CPU variant for X86 using defaults: x86
06-14 09:28:25.413  4629  4629 D ICU     : No timezone override file found: /data/misc/zoneinfo/current/icu/icu_tzdata.dat
06-14 09:28:25.425  4629  4629 E memtrack: Couldn't load memtrack module (No such file or directory)
06-14 09:28:25.425  4629  4629 E android.os.Debug: failed to load memtrack module: -2
06-14 09:28:25.425  4629  4629 I Radio-JNI: register_android_hardware_Radio DONE
06-14 09:28:25.429  4629  4629 D AndroidRuntime: Calling main entry com.android.commands.content.Content
06-14 09:28:25.433  1674  3073 I ActivityManager: Killing 3326:com.google.android.talk/u0a53 (adj 906): empty #17
06-14 09:28:25.434  4629  4629 D AndroidRuntime: Shutting down VM
06-14 09:28:25.442  1855  1855 V PhoneStatusBar: setLightsOn(true)
06-14 09:28:25.486  1674  2565 D ActivityManager: cleanUpApplicationRecord -- 3326
06-14 09:28:25.582  4639  4639 D AndroidRuntime: >>>>>> START com.android.internal.os.RuntimeInit uid 2000 <<<<<<
06-14 09:28:25.583  4639  4639 D AndroidRuntime: CheckJNI is ON
06-14 09:28:25.597  4639  4639 W art     : Unexpected CPU variant for X86 using defaults: x86
06-14 09:28:25.600  4639  4639 D ICU     : No timezone override file found: /data/misc/zoneinfo/current/icu/icu_tzdata.dat
06-14 09:28:25.609  4639  4639 E memtrack: Couldn't load memtrack module (No such file or directory)
06-14 09:28:25.609  4639  4639 E android.os.Debug: failed to load memtrack module: -2
06-14 09:28:25.610  4639  4639 I Radio-JNI: register_android_hardware_Radio DONE
06-14 09:28:25.614  4639  4639 D AndroidRuntime: Calling main entry com.android.commands.content.Content
06-14 09:28:25.617  4639  4639 D AndroidRuntime: Shutting down VM
06-14 09:28:26.406  4666  4666 D AndroidRuntime: >>>>>> START com.android.internal.os.RuntimeInit uid 2000 <<<<<<
06-14 09:28:26.407  4666  4666 D AndroidRuntime: CheckJNI is ON
06-14 09:28:26.408  4666  4666 I art     : RelocateImage: /system/bin/patchoat --input-image-location=/system/framework/boot.art --output-image-file=/data/local/tmp/dalvik-cache/x86/system@framework@boot.art --instruction-set=x86 --base-offset-delta=-7921664
06-14 09:28:26.610  4666  4666 W art     : Unexpected CPU variant for X86 using defaults: x86
06-14 09:28:26.612  4666  4666 D ICU     : No timezone override file found: /data/local/tmp/misc/zoneinfo/current/icu/icu_tzdata.dat
06-14 09:28:26.630  4666  4666 E memtrack: Couldn't load memtrack module (No such file or directory)
06-14 09:28:26.630  4666  4666 E android.os.Debug: failed to load memtrack module: -2
06-14 09:28:26.630  4666  4666 I Radio-JNI: register_android_hardware_Radio DONE
06-14 09:28:26.634  4666  4666 D AndroidRuntime: Calling main entry com.android.commands.uiautomator.Launcher
06-14 09:28:27.709  4666  4666 W AccessibilityNodeInfoDumper: Fetch time: 3ms
06-14 09:28:27.716  1674  3516 W WindowManager: Attempted to remove non-existing token: android.os.Binder@ff78846
06-14 09:28:27.720  1855  1855 V PhoneStatusBar: setLightsOn(true)
06-14 09:28:27.721  4666  4666 D AndroidRuntime: Shutting down VM
06-14 09:28:28.506  1674  1705 I ActivityManager: Killing 3403:com.google.android.apps.photos/u0a63 (adj 906): empty #17
06-14 09:28:28.510  1674  4289 D ActivityManager: cleanUpApplicationRecord -- 3403
06-14 09:28:28.574  4698  4698 D AndroidRuntime: >>>>>> START com.android.internal.os.RuntimeInit uid 2000 <<<<<<
06-14 09:28:28.576  4698  4698 D AndroidRuntime: CheckJNI is ON
06-14 09:28:28.591  4698  4698 W art     : Unexpected CPU variant for X86 using defaults: x86
06-14 09:28:28.593  4698  4698 D ICU     : No timezone override file found: /data/local/tmp/misc/zoneinfo/current/icu/icu_tzdata.dat
06-14 09:28:28.607  4698  4698 E memtrack: Couldn't load memtrack module (No such file or directory)
06-14 09:28:28.607  4698  4698 E android.os.Debug: failed to load memtrack module: -2
06-14 09:28:28.608  4698  4698 I Radio-JNI: register_android_hardware_Radio DONE
06-14 09:28:28.612  4698  4698 D AndroidRuntime: Calling main entry com.android.commands.uiautomator.Launcher
06-14 09:28:29.632  4698  4698 W AccessibilityNodeInfoDumper: Fetch time: 2ms
06-14 09:28:29.633  1674  3516 W WindowManager: Attempted to remove non-existing token: android.os.Binder@813e2d2
06-14 09:28:29.636  1855  1855 V PhoneStatusBar: setLightsOn(true)
06-14 09:28:29.637  4698  4698 D AndroidRuntime: Shutting down VM
06-14 09:28:29.842  4716  4716 D AndroidRuntime: >>>>>> START com.android.internal.os.RuntimeInit uid 2000 <<<<<<
06-14 09:28:29.843  4716  4716 D AndroidRuntime: CheckJNI is ON
06-14 09:28:29.858  4716  4716 W art     : Unexpected CPU variant for X86 using defaults: x86
06-14 09:28:29.860  4716  4716 D ICU     : No timezone override file found: /data/local/tmp/misc/zoneinfo/current/icu/icu_tzdata.dat
06-14 09:28:29.873  4716  4716 E memtrack: Couldn't load memtrack module (No such file or directory)
06-14 09:28:29.873  4716  4716 E android.os.Debug: failed to load memtrack module: -2
06-14 09:28:29.874  4716  4716 I Radio-JNI: register_android_hardware_Radio DONE
06-14 09:28:29.878  4716  4716 D AndroidRuntime: Calling main entry com.android.commands.uiautomator.Launcher
06-14 09:28:30.895  4716  4716 W AccessibilityNodeInfoDumper: Fetch time: 3ms
06-14 09:28:30.896  1674  2342 W WindowManager: Attempted to remove non-existing token: android.os.Binder@75a72a0
06-14 09:28:30.899  1855  1855 V PhoneStatusBar: setLightsOn(true)
06-14 09:28:30.900  4716  4716 D AndroidRuntime: Shutting down VM
06-14 09:28:31.472  1674  1688 I ActivityManager: Killing 4039:com.google.android.music:main/u0a58 (adj 906): empty #17
06-14 09:28:31.481  2166  4735 I Vision  : Requesting optional module download of ocr.
06-14 09:28:31.484  2166  4735 I Vision  : Checking for download completion for 101180 -- ocr
06-14 09:28:31.485  2166  4736 I ChimeraConfigurator: Starting update, reason: 4 urgentFeatures: vision.ocr:-1
06-14 09:28:31.485  2166  4736 E ConfigFileUtils: Failed to read config file: /data/user_de/0/com.google.android.gms/app_chimera/next_container.pb (No such file or directory)
06-14 09:28:31.499  2166  4736 I ChmraDebugLogger: [73] 1801
06-14 09:28:31.501  2166  4736 I ChmraDebugLogger: [30] [VisionOcr.optional:202414000700] permitMetered=true,
06-14 09:28:31.503  2166  4736 W ChimeraConfigService: Retry attempt was throttled.
06-14 09:28:31.503  2166  4736 I ChimeraConfigurator: Update complete: success
06-14 09:28:31.508  2166  4736 I GmsModuleFndr: Beginning GMS chimera module scan
06-14 09:28:31.512  2166  4736 I ModuleSetMgr: Computing pending module set with APKs: [[AdsFdrDynamite.integ:21460000000], [Cronetdynamite:202414040700], [Dynamiteloader:202414040700], [Dynamitemodulesa:202414040000], [Dynamitemodulesc:202414040000], [Googlecertificates:202414040000], [Mapsdynamite:202414040000], [Measurementdynamite:202414040000]]
06-14 09:28:31.513  2166  4736 I ModuleSetMgr: Pending container module APKs: []
06-14 09:28:31.513  2166  4736 I ModuleSetMgr: Pending non-container module APKs: []
06-14 09:28:31.524  1674  1686 D ActivityManager: cleanUpApplicationRecord -- 4039
06-14 09:28:31.688  4747  4747 D AndroidRuntime: >>>>>> START com.android.internal.os.RuntimeInit uid 2000 <<<<<<
06-14 09:28:31.690  4747  4747 D AndroidRuntime: CheckJNI is ON
06-14 09:28:31.704  4747  4747 W art     : Unexpected CPU variant for X86 using defaults: x86
06-14 09:28:31.706  4747  4747 D ICU     : No timezone override file found: /data/local/tmp/misc/zoneinfo/current/icu/icu_tzdata.dat
06-14 09:28:31.721  4747  4747 E memtrack: Couldn't load memtrack module (No such file or directory)
06-14 09:28:31.721  4747  4747 E android.os.Debug: failed to load memtrack module: -2
06-14 09:28:31.721  4747  4747 I Radio-JNI: register_android_hardware_Radio DONE
06-14 09:28:31.725  4747  4747 D AndroidRuntime: Calling main entry com.android.commands.uiautomator.Launcher
06-14 09:28:32.747  4747  4747 W AccessibilityNodeInfoDumper: Fetch time: 2ms
06-14 09:28:32.747  1674  4289 W WindowManager: Attempted to remove non-existing token: android.os.Binder@20418cc
06-14 09:28:32.750  1855  1855 V PhoneStatusBar: setLightsOn(true)
06-14 09:28:32.751  4747  4747 D AndroidRuntime: Shutting down VM
06-14 09:28:33.587  4780  4780 D AndroidRuntime: >>>>>> START com.android.internal.os.RuntimeInit uid 2000 <<<<<<
06-14 09:28:33.588  4780  4780 D AndroidRuntime: CheckJNI is ON
06-14 09:28:33.603  4780  4780 W art     : Unexpected CPU variant for X86 using defaults: x86
06-14 09:28:33.605  4780  4780 D ICU     : No timezone override file found: /data/local/tmp/misc/zoneinfo/current/icu/icu_tzdata.dat
06-14 09:28:33.619  4780  4780 E memtrack: Couldn't load memtrack module (No such file or directory)
06-14 09:28:33.619  4780  4780 E android.os.Debug: failed to load memtrack module: -2
06-14 09:28:33.620  4780  4780 I Radio-JNI: register_android_hardware_Radio DONE
06-14 09:28:33.624  4780  4780 D AndroidRuntime: Calling main entry com.android.commands.uiautomator.Launcher
06-14 09:28:34.645  4780  4780 W AccessibilityNodeInfoDumper: Fetch time: 3ms
06-14 09:28:34.645  1674  2165 W WindowManager: Attempted to remove non-existing token: android.os.Binder@dbff5b8
06-14 09:28:34.649  1855  1855 V PhoneStatusBar: setLightsOn(true)
06-14 09:28:34.649  4780  4780 D AndroidRuntime: Shutting down VM
06-14 09:28:35.451  4810  4810 D AndroidRuntime: >>>>>> START com.android.internal.os.RuntimeInit uid 2000 <<<<<<
06-14 09:28:35.452  4810  4810 D AndroidRuntime: CheckJNI is ON
06-14 09:28:35.470  4810  4810 W art     : Unexpected CPU variant for X86 using defaults: x86
06-14 09:28:35.473  4810  4810 D ICU     : No timezone override file found: /data/local/tmp/misc/zoneinfo/current/icu/icu_tzdata.dat
06-14 09:28:35.488  4810  4810 E memtrack: Couldn't load memtrack module (No such file or directory)
06-14 09:28:35.488  4810  4810 E android.os.Debug: failed to load memtrack module: -2
06-14 09:28:35.488  4810  4810 I Radio-JNI: register_android_hardware_Radio DONE
06-14 09:28:35.493  4810  4810 D AndroidRuntime: Calling main entry com.android.commands.uiautomator.Launcher
06-14 09:28:36.511  4810  4810 W AccessibilityNodeInfoDumper: Fetch time: 3ms
06-14 09:28:36.512  1674  3073 W WindowManager: Attempted to remove non-existing token: android.os.Binder@fd88ef6
06-14 09:28:36.516  1855  1855 V PhoneStatusBar: setLightsOn(true)
06-14 09:28:36.517  4810  4810 D AndroidRuntime: Shutting down VM
06-14 09:28:36.759  4828  4828 D AndroidRuntime: >>>>>> START com.android.internal.os.RuntimeInit uid 2000 <<<<<<
06-14 09:28:36.760  4828  4828 D AndroidRuntime: CheckJNI is ON
06-14 09:28:36.775  4828  4828 W art     : Unexpected CPU variant for X86 using defaults: x86
06-14 09:28:36.777  4828  4828 D ICU     : No timezone override file found: /data/local/tmp/misc/zoneinfo/current/icu/icu_tzdata.dat
06-14 09:28:36.793  4828  4828 E memtrack: Couldn't load memtrack module (No such file or directory)
06-14 09:28:36.793  4828  4828 E android.os.Debug: failed to load memtrack module: -2
06-14 09:28:36.794  4828  4828 I Radio-JNI: register_android_hardware_Radio DONE
06-14 09:28:36.798  4828  4828 D AndroidRuntime: Calling main entry com.android.commands.uiautomator.Launcher
06-14 09:28:37.815  4828  4828 W AccessibilityNodeInfoDumper: Fetch time: 2ms
06-14 09:28:37.816  1674  3496 W WindowManager: Attempted to remove non-existing token: android.os.Binder@d5ab564
06-14 09:28:37.819  1855  1855 V PhoneStatusBar: setLightsOn(true)
06-14 09:28:37.819  4828  4828 D AndroidRuntime: Shutting down VM
06-14 09:28:37.890  1346  1400 E SurfaceFlinger: ro.sf.lcd_density must be defined as a build property
06-14 09:28:37.891  1346  2148 D PermissionCache: checking android.permission.READ_FRAME_BUFFER for uid=2000 => granted (282 us)
06-14 09:28:37.891  1346  2148 D gralloc_ranchu: gralloc_alloc: Creating ashmem region of size 8294400
06-14 09:28:37.906  4840  4840 D         : HostConnection::get() New Host Connection established 0xab99b2c0, tid 4840
06-14 09:28:38.164  4845  4845 D AndroidRuntime: >>>>>> START com.android.internal.os.RuntimeInit uid 2000 <<<<<<
06-14 09:28:38.165  4845  4845 D AndroidRuntime: CheckJNI is ON
06-14 09:28:38.185  4845  4845 W art     : Unexpected CPU variant for X86 using defaults: x86
06-14 09:28:38.190  4845  4845 D ICU     : No timezone override file found: /data/misc/zoneinfo/current/icu/icu_tzdata.dat
06-14 09:28:38.203  4845  4845 E memtrack: Couldn't load memtrack module (No such file or directory)
06-14 09:28:38.203  4845  4845 E android.os.Debug: failed to load memtrack module: -2
06-14 09:28:38.204  4845  4845 I Radio-JNI: register_android_hardware_Radio DONE
06-14 09:28:38.208  4845  4845 D AndroidRuntime: Calling main entry com.android.commands.am.Am
06-14 09:28:38.215  2861  2861 D MediaScannerReceiver: action: android.intent.action.MEDIA_SCANNER_SCAN_FILE path: /storage/emulated/0/screen.png
06-14 09:28:38.216  4845  4845 D AndroidRuntime: Shutting down VM
06-14 09:28:38.575  1674  1958 I ActivityManager: Killing 2806:com.android.providers.calendar/u0a2 (adj 906): empty #17
06-14 09:28:38.617  1674  2342 D ActivityManager: cleanUpApplicationRecord -- 2806
06-14 09:28:41.004  4870  4870 D AndroidRuntime: >>>>>> START com.android.internal.os.RuntimeInit uid 2000 <<<<<<
06-14 09:28:41.005  4870  4870 D AndroidRuntime: CheckJNI is ON
06-14 09:28:41.021  4870  4870 W art     : Unexpected CPU variant for X86 using defaults: x86
06-14 09:28:41.023  4870  4870 D ICU     : No timezone override file found: /data/local/tmp/misc/zoneinfo/current/icu/icu_tzdata.dat
06-14 09:28:41.037  4870  4870 E memtrack: Couldn't load memtrack module (No such file or directory)
06-14 09:28:41.037  4870  4870 E android.os.Debug: failed to load memtrack module: -2
06-14 09:28:41.038  4870  4870 I Radio-JNI: register_android_hardware_Radio DONE
06-14 09:28:41.042  4870  4870 D AndroidRuntime: Calling main entry com.android.commands.uiautomator.Launcher
06-14 09:28:41.226  2166  4366 I ContentMaintenance: Internal cache bytes used: 0; limit: 40626585; download size: 0
06-14 09:28:41.231  2166  4366 I RealtimeCacheCleanup: Beginning Realtime garbage collection.
06-14 09:28:41.232  2166  4366 I RealtimeCacheCleanup: Finished Realtime garbage collection.
06-14 09:28:41.491  2166  4882 I Vision  : Requesting optional module download of ocr.
06-14 09:28:41.491  2166  4882 I Vision  : Checking for download completion for 111187 -- ocr
06-14 09:28:42.062  4870  4870 W AccessibilityNodeInfoDumper: Fetch time: 3ms
06-14 09:28:42.062  1674  3073 W WindowManager: Attempted to remove non-existing token: android.os.Binder@f2fefc9
06-14 09:28:42.066  4870  4870 D AndroidRuntime: Shutting down VM
06-14 09:28:42.066  1855  1855 V PhoneStatusBar: setLightsOn(true)
06-14 09:28:42.272  4890  4890 D AndroidRuntime: >>>>>> START com.android.internal.os.RuntimeInit uid 2000 <<<<<<
06-14 09:28:42.273  4890  4890 D AndroidRuntime: CheckJNI is ON
06-14 09:28:42.288  4890  4890 W art     : Unexpected CPU variant for X86 using defaults: x86
06-14 09:28:42.291  4890  4890 D ICU     : No timezone override file found: /data/local/tmp/misc/zoneinfo/current/icu/icu_tzdata.dat
06-14 09:28:42.305  4890  4890 E memtrack: Couldn't load memtrack module (No such file or directory)
06-14 09:28:42.305  4890  4890 E android.os.Debug: failed to load memtrack module: -2
06-14 09:28:42.305  4890  4890 I Radio-JNI: register_android_hardware_Radio DONE
06-14 09:28:42.309  4890  4890 D AndroidRuntime: Calling main entry com.android.commands.uiautomator.Launcher
06-14 09:28:43.330  4890  4890 W AccessibilityNodeInfoDumper: Fetch time: 2ms
06-14 09:28:43.330  1674  3071 W WindowManager: Attempted to remove non-existing token: android.os.Binder@d254cfc
06-14 09:28:43.338  1855  1855 V PhoneStatusBar: setLightsOn(true)
06-14 09:28:43.338  4890  4890 D AndroidRuntime: Shutting down VM
06-14 09:28:44.293  4916  4916 D AndroidRuntime: >>>>>> START com.android.internal.os.RuntimeInit uid 2000 <<<<<<
06-14 09:28:44.297  4916  4916 D AndroidRuntime: CheckJNI is ON
06-14 09:28:44.321  4916  4916 W art     : Unexpected CPU variant for X86 using defaults: x86
06-14 09:28:44.327  4916  4916 D ICU     : No timezone override file found: /data/local/tmp/misc/zoneinfo/current/icu/icu_tzdata.dat
06-14 09:28:44.352  4916  4916 E memtrack: Couldn't load memtrack module (No such file or directory)
06-14 09:28:44.352  4916  4916 E android.os.Debug: failed to load memtrack module: -2
06-14 09:28:44.354  4916  4916 I Radio-JNI: register_android_hardware_Radio DONE
06-14 09:28:44.364  4916  4916 D AndroidRuntime: Calling main entry com.android.commands.uiautomator.Launcher
06-14 09:28:45.398  4916  4916 W AccessibilityNodeInfoDumper: Fetch time: 4ms
06-14 09:28:45.400  1674  4289 W WindowManager: Attempted to remove non-existing token: android.os.Binder@7f041da
06-14 09:28:45.407  1855  1855 V PhoneStatusBar: setLightsOn(true)
06-14 09:28:45.409  4916  4916 D AndroidRuntime: Shutting down VM
06-14 09:28:45.636  4934  4934 D AndroidRuntime: >>>>>> START com.android.internal.os.RuntimeInit uid 2000 <<<<<<
06-14 09:28:45.638  4934  4934 D AndroidRuntime: CheckJNI is ON
06-14 09:28:45.653  4934  4934 W art     : Unexpected CPU variant for X86 using defaults: x86
06-14 09:28:45.655  4934  4934 D ICU     : No timezone override file found: /data/local/tmp/misc/zoneinfo/current/icu/icu_tzdata.dat
06-14 09:28:45.671  4934  4934 E memtrack: Couldn't load memtrack module (No such file or directory)
06-14 09:28:45.671  4934  4934 E android.os.Debug: failed to load memtrack module: -2
06-14 09:28:45.672  4934  4934 I Radio-JNI: register_android_hardware_Radio DONE
06-14 09:28:45.677  4934  4934 D AndroidRuntime: Calling main entry com.android.commands.uiautomator.Launcher
06-14 09:28:46.701  4934  4934 W AccessibilityNodeInfoDumper: Fetch time: 4ms
06-14 09:28:46.701  1674  2342 W WindowManager: Attempted to remove non-existing token: android.os.Binder@520a1a6
06-14 09:28:46.705  1855  1855 V PhoneStatusBar: setLightsOn(true)
06-14 09:28:46.706  4934  4934 D AndroidRuntime: Shutting down VM
06-14 09:28:47.488  4960  4960 D AndroidRuntime: >>>>>> START com.android.internal.os.RuntimeInit uid 2000 <<<<<<
06-14 09:28:47.489  4960  4960 D AndroidRuntime: CheckJNI is ON
06-14 09:28:47.504  4960  4960 W art     : Unexpected CPU variant for X86 using defaults: x86
06-14 09:28:47.506  4960  4960 D ICU     : No timezone override file found: /data/local/tmp/misc/zoneinfo/current/icu/icu_tzdata.dat
06-14 09:28:47.520  4960  4960 E memtrack: Couldn't load memtrack module (No such file or directory)
06-14 09:28:47.520  4960  4960 E android.os.Debug: failed to load memtrack module: -2
06-14 09:28:47.520  4960  4960 I Radio-JNI: register_android_hardware_Radio DONE
06-14 09:28:47.525  4960  4960 D AndroidRuntime: Calling main entry com.android.commands.uiautomator.Launcher
06-14 09:28:48.379  4971  4971 W art     : Unexpected CPU variant for X86 using defaults: x86
06-14 09:28:48.382  1674  1674 I ActivityManager: Start proc 4971:com.google.android.apps.photos/u0a63 for service com.google.android.apps.photos/.mediamonitor.MediaMonitorJobSchedulerService
06-14 09:28:48.404  4971  4971 W System  : ClassLoader referenced unknown path: /system/app/Photos/lib/x86
06-14 09:28:48.529  1674  1958 I ActivityManager: Killing 4411:com.android.keychain/1000 (adj 906): empty #17
06-14 09:28:48.544  4960  4960 W AccessibilityNodeInfoDumper: Fetch time: 3ms
06-14 09:28:48.544  1674  1686 W WindowManager: Attempted to remove non-existing token: android.os.Binder@6883f94
06-14 09:28:48.547  1855  1855 V PhoneStatusBar: setLightsOn(true)
06-14 09:28:48.548  4960  4960 D AndroidRuntime: Shutting down VM
06-14 09:28:48.566  1674  2165 D ActivityManager: cleanUpApplicationRecord -- 4411
06-14 09:28:48.761  5010  5010 D AndroidRuntime: >>>>>> START com.android.internal.os.RuntimeInit uid 2000 <<<<<<
06-14 09:28:48.762  5010  5010 D AndroidRuntime: CheckJNI is ON
06-14 09:28:48.777  5010  5010 W art     : Unexpected CPU variant for X86 using defaults: x86
06-14 09:28:48.780  5010  5010 D ICU     : No timezone override file found: /data/local/tmp/misc/zoneinfo/current/icu/icu_tzdata.dat
06-14 09:28:48.796  5010  5010 E memtrack: Couldn't load memtrack module (No such file or directory)
06-14 09:28:48.796  5010  5010 E android.os.Debug: failed to load memtrack module: -2
06-14 09:28:48.797  5010  5010 I Radio-JNI: register_android_hardware_Radio DONE
06-14 09:28:48.802  5010  5010 D AndroidRuntime: Calling main entry com.android.commands.uiautomator.Launcher
06-14 09:28:49.821  5010  5010 W AccessibilityNodeInfoDumper: Fetch time: 3ms
06-14 09:28:49.821  1674  3071 W WindowManager: Attempted to remove non-existing token: android.os.Binder@796a30
06-14 09:28:49.824  1855  1855 V PhoneStatusBar: setLightsOn(true)
06-14 09:28:49.826  5010  5010 D AndroidRuntime: Shutting down VM
06-14 09:28:49.998  5022  5022 D AndroidRuntime: >>>>>> START com.android.internal.os.RuntimeInit uid 2000 <<<<<<
06-14 09:28:49.999  5022  5022 D AndroidRuntime: CheckJNI is ON
06-14 09:28:50.014  5022  5022 W art     : Unexpected CPU variant for X86 using defaults: x86
06-14 09:28:50.017  5022  5022 D ICU     : No timezone override file found: /data/misc/zoneinfo/current/icu/icu_tzdata.dat
06-14 09:28:50.030  5022  5022 E memtrack: Couldn't load memtrack module (No such file or directory)
06-14 09:28:50.030  5022  5022 E android.os.Debug: failed to load memtrack module: -2
06-14 09:28:50.031  5022  5022 I Radio-JNI: register_android_hardware_Radio DONE
06-14 09:28:50.036  5022  5022 D AndroidRuntime: Calling main entry com.android.commands.input.Input
06-14 09:28:50.039  5022  5022 I Input   : injectMotionEvent: MotionEvent { action=ACTION_DOWN, actionButton=0, id[0]=0, x[0]=270.0, y[0]=369.0, toolType[0]=TOOL_TYPE_UNKNOWN, buttonState=0, metaState=0, flags=0x0, edgeFlags=0x0, pointerCount=1, historySize=0, eventTime=109733, downTime=109733, deviceId=0, source=0x1002 }
06-14 09:28:50.042  5022  5022 I Input   : injectMotionEvent: MotionEvent { action=ACTION_UP, actionButton=0, id[0]=0, x[0]=270.0, y[0]=369.0, toolType[0]=TOOL_TYPE_UNKNOWN, buttonState=0, metaState=0, flags=0x0, edgeFlags=0x0, pointerCount=1, historySize=0, eventTime=109733, downTime=109733, deviceId=0, source=0x1002 }
06-14 09:28:50.046  5022  5022 D AndroidRuntime: Shutting down VM
06-14 09:28:50.098  1803  1803 W RichInputMethodSubtype: Can't find emoji subtype
06-14 09:28:50.099  1803  1803 W RichInputMethodSubtype: No input method subtype found; returning dummy subtype: Multi-lingual subtype: android.view.inputmethod.InputMethodSubtype@d78b2ed0, zz
06-14 09:28:50.137  1803  1803 I EmojiCategory: Last Emoji category id is 8
06-14 09:28:50.146  1803  1803 W ViewPager: Requested offscreen page limit 0 too small; defaulting to 1
06-14 09:28:50.155  1803  1803 I LatinIME: Starting input. Cursor position = 0,0
06-14 09:28:50.194  1346  2148 E SurfaceFlinger: ro.sf.lcd_density must be defined as a build property
06-14 09:28:50.197  1803  1803 D         : HostConnection::get() New Host Connection established 0x984ecc00, tid 1803
06-14 09:28:50.204  1855  2092 D EGL_emulation: eglMakeCurrent: 0xa7985780: ver 3 0 (tinfo 0xa7983300)
06-14 09:28:50.210  1855  1855 V PhoneStatusBar: setLightsOn(true)
06-14 09:28:50.222  1855  1855 V PhoneStatusBar: setLightsOn(true)
06-14 09:28:50.224  1803  5041 D         : HostConnection::get() New Host Connection established 0x984ecdc0, tid 5041
06-14 09:28:50.231  1803  5041 I OpenGLRenderer: Initialized EGL, version 1.4
06-14 09:28:50.231  1803  5041 D OpenGLRenderer: Swap behavior 1
06-14 09:28:50.231  1803  5041 W OpenGLRenderer: Failed to choose config with EGL_SWAP_BEHAVIOR_PRESERVED, retrying without...
06-14 09:28:50.231  1803  5041 D OpenGLRenderer: Swap behavior 0
06-14 09:28:50.237  1803  5041 D EGL_emulation: eglCreateContext: 0x8c3ab6c0: maj 3 min 0 rcv 3
06-14 09:28:50.245  1803  5041 D EGL_emulation: eglMakeCurrent: 0x8c3ab6c0: ver 3 0 (tinfo 0x8c47e820)
06-14 09:28:50.246  1803  5041 E eglCodecCommon: glUtilsParamSize: unknow param 0x00008cdf
06-14 09:28:50.246  1803  5041 E eglCodecCommon: glUtilsParamSize: unknow param 0x00008824
06-14 09:28:50.247  1855  1855 V PhoneStatusBar: setLightsOn(true)
06-14 09:28:50.256  1803  5041 D EGL_emulation: eglMakeCurrent: 0x8c3ab6c0: ver 3 0 (tinfo 0x8c47e820)
06-14 09:28:50.303  1855  1855 V PhoneStatusBar: setLightsOn(true)
06-14 09:28:50.306  1855  1855 V PhoneStatusBar: setLightsOn(true)
06-14 09:28:50.321  1855  1855 V PhoneStatusBar: setLightsOn(true)
06-14 09:28:50.324  1855  1855 V PhoneStatusBar: setLightsOn(true)
06-14 09:28:50.362  5043  5043 D AndroidRuntime: >>>>>> START com.android.internal.os.RuntimeInit uid 2000 <<<<<<
06-14 09:28:50.364  5043  5043 D AndroidRuntime: CheckJNI is ON
06-14 09:28:50.380  5043  5043 W art     : Unexpected CPU variant for X86 using defaults: x86
06-14 09:28:50.383  5043  5043 D ICU     : No timezone override file found: /data/misc/zoneinfo/current/icu/icu_tzdata.dat
06-14 09:28:50.395  5043  5043 E memtrack: Couldn't load memtrack module (No such file or directory)
06-14 09:28:50.395  5043  5043 E android.os.Debug: failed to load memtrack module: -2
06-14 09:28:50.396  5043  5043 I Radio-JNI: register_android_hardware_Radio DONE
06-14 09:28:50.402  5043  5043 D AndroidRuntime: Calling main entry com.android.commands.input.Input
06-14 09:28:50.404  5043  5043 I Input   : injectKeyEvent: KeyEvent { action=ACTION_DOWN, keyCode=KEYCODE_ESCAPE, scanCode=0, metaState=0, flags=0x0, repeatCount=0, eventTime=110100, downTime=110100, deviceId=-1, source=0x101 }
06-14 09:28:50.409  5043  5043 I Input   : injectKeyEvent: KeyEvent { action=ACTION_UP, keyCode=KEYCODE_ESCAPE, scanCode=0, metaState=0, flags=0x0, repeatCount=0, eventTime=110100, downTime=110100, deviceId=-1, source=0x101 }
06-14 09:28:50.411  5043  5043 D AndroidRuntime: Shutting down VM
06-14 09:28:50.411  1803  1803 W InputMethodService: Window size has been changed. This may cause jankiness of resizing window: -1 -> -2
06-14 09:28:50.422  1803  5041 D EGL_emulation: eglMakeCurrent: 0x8c3ab6c0: ver 3 0 (tinfo 0x8c47e820)
06-14 09:28:50.426  1855  1855 V PhoneStatusBar: setLightsOn(true)
06-14 09:28:50.428  1855  1855 V PhoneStatusBar: setLightsOn(true)
06-14 09:28:50.441  1855  1855 V PhoneStatusBar: setLightsOn(true)
06-14 09:28:50.607  1674  1695 I WindowManager: Destroying surface Surface(name=InputMethod) called by com.android.server.wm.WindowStateAnimator.destroySurface:2016 com.android.server.wm.WindowStateAnimator.destroySurfaceLocked:882 com.android.server.wm.WindowState.destroyOrSaveSurface:2100 com.android.server.wm.WindowSurfacePlacer.performSurfacePlacementInner:429 com.android.server.wm.WindowSurfacePlacer.performSurfacePlacementLoop:232 com.android.server.wm.WindowSurfacePlacer.performSurfacePlacement:180 com.android.server.wm.WindowManagerService$H.handleMessage:8086 android.os.Handler.dispatchMessage:102 
06-14 09:28:50.607  1855  1855 V PhoneStatusBar: setLightsOn(true)
06-14 09:28:51.114  5060  5060 D AndroidRuntime: >>>>>> START com.android.internal.os.RuntimeInit uid 2000 <<<<<<
06-14 09:28:51.115  5060  5060 D AndroidRuntime: CheckJNI is ON
06-14 09:28:51.128  5060  5060 W art     : Unexpected CPU variant for X86 using defaults: x86
06-14 09:28:51.131  5060  5060 D ICU     : No timezone override file found: /data/misc/zoneinfo/current/icu/icu_tzdata.dat
06-14 09:28:51.140  5060  5060 E memtrack: Couldn't load memtrack module (No such file or directory)
06-14 09:28:51.140  5060  5060 E android.os.Debug: failed to load memtrack module: -2
06-14 09:28:51.140  5060  5060 I Radio-JNI: register_android_hardware_Radio DONE
06-14 09:28:51.145  5060  5060 D AndroidRuntime: Calling main entry com.android.commands.input.Input
06-14 09:28:51.146  5060  5060 I Input   : injectKeyEvent: KeyEvent { action=ACTION_DOWN, keyCode=KEYCODE_MOVE_END, scanCode=0, metaState=0, flags=0x0, repeatCount=0, eventTime=110842, downTime=110842, deviceId=-1, source=0x101 }
06-14 09:28:51.149  5060  5060 I Input   : injectKeyEvent: KeyEvent { action=ACTION_UP, keyCode=KEYCODE_MOVE_END, scanCode=0, metaState=0, flags=0x0, repeatCount=0, eventTime=110842, downTime=110842, deviceId=-1, source=0x101 }
06-14 09:28:51.150  5060  5060 D AndroidRuntime: Shutting down VM
06-14 09:28:51.300  5070  5070 D AndroidRuntime: >>>>>> START com.android.internal.os.RuntimeInit uid 2000 <<<<<<
06-14 09:28:51.302  5070  5070 D AndroidRuntime: CheckJNI is ON
06-14 09:28:51.316  5070  5070 W art     : Unexpected CPU variant for X86 using defaults: x86
06-14 09:28:51.319  5070  5070 D ICU     : No timezone override file found: /data/misc/zoneinfo/current/icu/icu_tzdata.dat
06-14 09:28:51.330  5070  5070 E memtrack: Couldn't load memtrack module (No such file or directory)
06-14 09:28:51.330  5070  5070 E android.os.Debug: failed to load memtrack module: -2
06-14 09:28:51.331  5070  5070 I Radio-JNI: register_android_hardware_Radio DONE
06-14 09:28:51.335  5070  5070 D AndroidRuntime: Calling main entry com.android.commands.input.Input
06-14 09:28:51.338  5070  5070 I Input   : injectKeyEvent: KeyEvent { action=ACTION_DOWN, keyCode=KEYCODE_DEL, scanCode=0, metaState=0, flags=0x0, repeatCount=0, eventTime=111033, downTime=111033, deviceId=-1, source=0x101 }
06-14 09:28:51.339  5070  5070 I Input   : injectKeyEvent: KeyEvent { action=ACTION_UP, keyCode=KEYCODE_DEL, scanCode=0, metaState=0, flags=0x0, repeatCount=0, eventTime=111033, downTime=111033, deviceId=-1, source=0x101 }
06-14 09:28:51.341  5070  5070 I Input   : injectKeyEvent: KeyEvent { action=ACTION_DOWN, keyCode=KEYCODE_DEL, scanCode=0, metaState=0, flags=0x0, repeatCount=0, eventTime=111037, downTime=111037, deviceId=-1, source=0x101 }
06-14 09:28:51.342  5070  5070 I Input   : injectKeyEvent: KeyEvent { action=ACTION_UP, keyCode=KEYCODE_DEL, scanCode=0, metaState=0, flags=0x0, repeatCount=0, eventTime=111037, downTime=111037, deviceId=-1, source=0x101 }
06-14 09:28:51.343  5070  5070 I Input   : injectKeyEvent: KeyEvent { action=ACTION_DOWN, keyCode=KEYCODE_DEL, scanCode=0, metaState=0, flags=0x0, repeatCount=0, eventTime=111039, downTime=111039, deviceId=-1, source=0x101 }
06-14 09:28:51.344  5070  5070 I Input   : injectKeyEvent: KeyEvent { action=ACTION_UP, keyCode=KEYCODE_DEL, scanCode=0, metaState=0, flags=0x0, repeatCount=0, eventTime=111039, downTime=111039, deviceId=-1, source=0x101 }
06-14 09:28:51.345  5070  5070 I Input   : injectKeyEvent: KeyEvent { action=ACTION_DOWN, keyCode=KEYCODE_DEL, scanCode=0, metaState=0, flags=0x0, repeatCount=0, eventTime=111041, downTime=111041, deviceId=-1, source=0x101 }
06-14 09:28:51.346  5070  5070 I Input   : injectKeyEvent: KeyEvent { action=ACTION_UP, keyCode=KEYCODE_DEL, scanCode=0, metaState=0, flags=0x0, repeatCount=0, eventTime=111041, downTime=111041, deviceId=-1, source=0x101 }
06-14 09:28:51.347  5070  5070 I Input   : injectKeyEvent: KeyEvent { action=ACTION_DOWN, keyCode=KEYCODE_DEL, scanCode=0, metaState=0, flags=0x0, repeatCount=0, eventTime=111043, downTime=111043, deviceId=-1, source=0x101 }
06-14 09:28:51.348  5070  5070 I Input   : injectKeyEvent: KeyEvent { action=ACTION_UP, keyCode=KEYCODE_DEL, scanCode=0, metaState=0, flags=0x0, repeatCount=0, eventTime=111043, downTime=111043, deviceId=-1, source=0x101 }
06-14 09:28:51.350  5070  5070 I Input   : injectKeyEvent: KeyEvent { action=ACTION_DOWN, keyCode=KEYCODE_DEL, scanCode=0, metaState=0, flags=0x0, repeatCount=0, eventTime=111046, downTime=111046, deviceId=-1, source=0x101 }
06-14 09:28:51.350  5070  5070 I Input   : injectKeyEvent: KeyEvent { action=ACTION_UP, keyCode=KEYCODE_DEL, scanCode=0, metaState=0, flags=0x0, repeatCount=0, eventTime=111046, downTime=111046, deviceId=-1, source=0x101 }
06-14 09:28:51.351  5070  5070 I Input   : injectKeyEvent: KeyEvent { action=ACTION_DOWN, keyCode=KEYCODE_DEL, scanCode=0, metaState=0, flags=0x0, repeatCount=0, eventTime=111047, downTime=111047, deviceId=-1, source=0x101 }
06-14 09:28:51.352  5070  5070 I Input   : injectKeyEvent: KeyEvent { action=ACTION_UP, keyCode=KEYCODE_DEL, scanCode=0, metaState=0, flags=0x0, repeatCount=0, eventTime=111047, downTime=111047, deviceId=-1, source=0x101 }
06-14 09:28:51.353  5070  5070 I Input   : injectKeyEvent: KeyEvent { action=ACTION_DOWN, keyCode=KEYCODE_DEL, scanCode=0, metaState=0, flags=0x0, repeatCount=0, eventTime=111049, downTime=111049, deviceId=-1, source=0x101 }
06-14 09:28:51.355  5070  5070 I Input   : injectKeyEvent: KeyEvent { action=ACTION_UP, keyCode=KEYCODE_DEL, scanCode=0, metaState=0, flags=0x0, repeatCount=0, eventTime=111049, downTime=111049, deviceId=-1, source=0x101 }
06-14 09:28:51.356  5070  5070 I Input   : injectKeyEvent: KeyEvent { action=ACTION_DOWN, keyCode=KEYCODE_DEL, scanCode=0, metaState=0, flags=0x0, repeatCount=0, eventTime=111052, downTime=111052, deviceId=-1, source=0x101 }
06-14 09:28:51.357  5070  5070 I Input   : injectKeyEvent: KeyEvent { action=ACTION_UP, keyCode=KEYCODE_DEL, scanCode=0, metaState=0, flags=0x0, repeatCount=0, eventTime=111052, downTime=111052, deviceId=-1, source=0x101 }
06-14 09:28:51.358  5070  5070 I Input   : injectKeyEvent: KeyEvent { action=ACTION_DOWN, keyCode=KEYCODE_DEL, scanCode=0, metaState=0, flags=0x0, repeatCount=0, eventTime=111054, downTime=111054, deviceId=-1, source=0x101 }
06-14 09:28:51.359  5070  5070 I Input   : injectKeyEvent: KeyEvent { action=ACTION_UP, keyCode=KEYCODE_DEL, scanCode=0, metaState=0, flags=0x0, repeatCount=0, eventTime=111054, downTime=111054, deviceId=-1, source=0x101 }
06-14 09:28:51.360  5070  5070 I Input   : injectKeyEvent: KeyEvent { action=ACTION_DOWN, keyCode=KEYCODE_DEL, scanCode=0, metaState=0, flags=0x0, repeatCount=0, eventTime=111056, downTime=111056, deviceId=-1, source=0x101 }
06-14 09:28:51.361  5070  5070 I Input   : injectKeyEvent: KeyEvent { action=ACTION_UP, keyCode=KEYCODE_DEL, scanCode=0, metaState=0, flags=0x0, repeatCount=0, eventTime=111056, downTime=111056, deviceId=-1, source=0x101 }
06-14 09:28:51.362  5070  5070 I Input   : injectKeyEvent: KeyEvent { action=ACTION_DOWN, keyCode=KEYCODE_DEL, scanCode=0, metaState=0, flags=0x0, repeatCount=0, eventTime=111058, downTime=111058, deviceId=-1, source=0x101 }
06-14 09:28:51.363  5070  5070 I Input   : injectKeyEvent: KeyEvent { action=ACTION_UP, keyCode=KEYCODE_DEL, scanCode=0, metaState=0, flags=0x0, repeatCount=0, eventTime=111058, downTime=111058, deviceId=-1, source=0x101 }
06-14 09:28:51.364  5070  5070 I Input   : injectKeyEvent: KeyEvent { action=ACTION_DOWN, keyCode=KEYCODE_DEL, scanCode=0, metaState=0, flags=0x0, repeatCount=0, eventTime=111060, downTime=111060, deviceId=-1, source=0x101 }
06-14 09:28:51.366  5070  5070 I Input   : injectKeyEvent: KeyEvent { action=ACTION_UP, keyCode=KEYCODE_DEL, scanCode=0, metaState=0, flags=0x0, repeatCount=0, eventTime=111060, downTime=111060, deviceId=-1, source=0x101 }
06-14 09:28:51.367  5070  5070 I Input   : injectKeyEvent: KeyEvent { action=ACTION_DOWN, keyCode=KEYCODE_DEL, scanCode=0, metaState=0, flags=0x0, repeatCount=0, eventTime=111063, downTime=111063, deviceId=-1, source=0x101 }
06-14 09:28:51.368  5070  5070 I Input   : injectKeyEvent: KeyEvent { action=ACTION_UP, keyCode=KEYCODE_DEL, scanCode=0, metaState=0, flags=0x0, repeatCount=0, eventTime=111063, downTime=111063, deviceId=-1, source=0x101 }
06-14 09:28:51.369  5070  5070 I Input   : injectKeyEvent: KeyEvent { action=ACTION_DOWN, keyCode=KEYCODE_DEL, scanCode=0, metaState=0, flags=0x0, repeatCount=0, eventTime=111065, downTime=111065, deviceId=-1, source=0x101 }
06-14 09:28:51.371  5070  5070 I Input   : injectKeyEvent: KeyEvent { action=ACTION_UP, keyCode=KEYCODE_DEL, scanCode=0, metaState=0, flags=0x0, repeatCount=0, eventTime=111065, downTime=111065, deviceId=-1, source=0x101 }
06-14 09:28:51.372  5070  5070 I Input   : injectKeyEvent: KeyEvent { action=ACTION_DOWN, keyCode=KEYCODE_DEL, scanCode=0, metaState=0, flags=0x0, repeatCount=0, eventTime=111068, downTime=111068, deviceId=-1, source=0x101 }
06-14 09:28:51.373  5070  5070 I Input   : injectKeyEvent: KeyEvent { action=ACTION_UP, keyCode=KEYCODE_DEL, scanCode=0, metaState=0, flags=0x0, repeatCount=0, eventTime=111068, downTime=111068, deviceId=-1, source=0x101 }
06-14 09:28:51.374  5070  5070 I Input   : injectKeyEvent: KeyEvent { action=ACTION_DOWN, keyCode=KEYCODE_DEL, scanCode=0, metaState=0, flags=0x0, repeatCount=0, eventTime=111071, downTime=111071, deviceId=-1, source=0x101 }
06-14 09:28:51.376  5070  5070 I Input   : injectKeyEvent: KeyEvent { action=ACTION_UP, keyCode=KEYCODE_DEL, scanCode=0, metaState=0, flags=0x0, repeatCount=0, eventTime=111071, downTime=111071, deviceId=-1, source=0x101 }
06-14 09:28:51.377  5070  5070 I Input   : injectKeyEvent: KeyEvent { action=ACTION_DOWN, keyCode=KEYCODE_DEL, scanCode=0, metaState=0, flags=0x0, repeatCount=0, eventTime=111073, downTime=111073, deviceId=-1, source=0x101 }
06-14 09:28:51.378  5070  5070 I Input   : injectKeyEvent: KeyEvent { action=ACTION_UP, keyCode=KEYCODE_DEL, scanCode=0, metaState=0, flags=0x0, repeatCount=0, eventTime=111073, downTime=111073, deviceId=-1, source=0x101 }
