07-28 18:59:44.927  9754  9754 I Input   : injectKeyEvent: KeyEvent { action=ACTION_UP, keyCode=KEYCODE_DEL, scanCode=0, metaState=0, flags=0x0, repeatCount=0, eventTime=779146, downTime=779146, deviceId=-1, source=0x101 }
07-28 18:59:44.929  9754  9754 I Input   : injectKeyEvent: KeyEvent { action=ACTION_DOWN, keyCode=KEYCODE_DEL, scanCode=0, metaState=0, flags=0x0, repeatCount=0, eventTime=779150, downTime=779150, deviceId=-1, source=0x101 }
07-28 18:59:44.931  9754  9754 I Input   : injectKeyEvent: KeyEvent { action=ACTION_UP, keyCode=KEYCODE_DEL, scanCode=0, metaState=0, flags=0x0, repeatCount=0, eventTime=779150, downTime=779150, deviceId=-1, source=0x101 }
07-28 18:59:44.933  9754  9754 I Input   : injectKeyEvent: KeyEvent { action=ACTION_DOWN, keyCode=KEYCODE_DEL, scanCode=0, metaState=0, flags=0x0, repeatCount=0, eventTime=779154, downTime=779154, deviceId=-1, source=0x101 }
07-28 18:59:44.936  9754  9754 I Input   : injectKeyEvent: KeyEvent { action=ACTION_UP, keyCode=KEYCODE_DEL, scanCode=0, metaState=0, flags=0x0, repeatCount=0, eventTime=779154, downTime=779154, deviceId=-1, source=0x101 }
07-28 18:59:44.937  9754  9754 I Input   : injectKeyEvent: KeyEvent { action=ACTION_DOWN, keyCode=KEYCODE_DEL, scanCode=0, metaState=0, flags=0x0, repeatCount=0, eventTime=779158, downTime=779158, deviceId=-1, source=0x101 }
07-28 18:59:44.940  9754  9754 I Input   : injectKeyEvent: KeyEvent { action=ACTION_UP, keyCode=KEYCODE_DEL, scanCode=0, metaState=0, flags=0x0, repeatCount=0, eventTime=779158, downTime=779158, deviceId=-1, source=0x101 }
07-28 18:59:44.941  9754  9754 I Input   : injectKeyEvent: KeyEvent { action=ACTION_DOWN, keyCode=KEYCODE_DEL, scanCode=0, metaState=0, flags=0x0, repeatCount=0, eventTime=779162, downTime=779162, deviceId=-1, source=0x101 }
07-28 18:59:44.943  9754  9754 I Input   : injectKeyEvent: KeyEvent { action=ACTION_UP, keyCode=KEYCODE_DEL, scanCode=0, metaState=0, flags=0x0, repeatCount=0, eventTime=779162, downTime=779162, deviceId=-1, source=0x101 }
07-28 18:59:44.945  9754  9754 I Input   : injectKeyEvent: KeyEvent { action=ACTION_DOWN, keyCode=KEYCODE_DEL, scanCode=0, metaState=0, flags=0x0, repeatCount=0, eventTime=779166, downTime=779166, deviceId=-1, source=0x101 }
07-28 18:59:44.947  9754  9754 I Input   : injectKeyEvent: KeyEvent { action=ACTION_UP, keyCode=KEYCODE_DEL, scanCode=0, metaState=0, flags=0x0, repeatCount=0, eventTime=779166, downTime=779166, deviceId=-1, source=0x101 }
07-28 18:59:44.949  9754  9754 I Input   : injectKeyEvent: KeyEvent { action=ACTION_DOWN, keyCode=KEYCODE_DEL, scanCode=0, metaState=0, flags=0x0, repeatCount=0, eventTime=779170, downTime=779170, deviceId=-1, source=0x101 }
07-28 18:59:44.951  9754  9754 I Input   : injectKeyEvent: KeyEvent { action=ACTION_UP, keyCode=KEYCODE_DEL, scanCode=0, metaState=0, flags=0x0, repeatCount=0, eventTime=779170, downTime=779170, deviceId=-1, source=0x101 }
07-28 18:59:44.952  9754  9754 I Input   : injectKeyEvent: KeyEvent { action=ACTION_DOWN, keyCode=KEYCODE_DEL, scanCode=0, metaState=0, flags=0x0, repeatCount=0, eventTime=779173, downTime=779173, deviceId=-1, source=0x101 }
07-28 18:59:44.954  9754  9754 I Input   : injectKeyEvent: KeyEvent { action=ACTION_UP, keyCode=KEYCODE_DEL, scanCode=0, metaState=0, flags=0x0, repeatCount=0, eventTime=779173, downTime=779173, deviceId=-1, source=0x101 }
07-28 18:59:44.956  9754  9754 I Input   : injectKeyEvent: KeyEvent { action=ACTION_DOWN, keyCode=KEYCODE_DEL, scanCode=0, metaState=0, flags=0x0, repeatCount=0, eventTime=779177, downTime=779177, deviceId=-1, source=0x101 }
07-28 18:59:44.957  9754  9754 I Input   : injectKeyEvent: KeyEvent { action=ACTION_UP, keyCode=KEYCODE_DEL, scanCode=0, metaState=0, flags=0x0, repeatCount=0, eventTime=779177, downTime=779177, deviceId=-1, source=0x101 }
07-28 18:59:44.959  9754  9754 I Input   : injectKeyEvent: KeyEvent { action=ACTION_DOWN, keyCode=KEYCODE_DEL, scanCode=0, metaState=0, flags=0x0, repeatCount=0, eventTime=779180, downTime=779180, deviceId=-1, source=0x101 }
07-28 18:59:44.962  9754  9754 I Input   : injectKeyEvent: KeyEvent { action=ACTION_UP, keyCode=KEYCODE_DEL, scanCode=0, metaState=0, flags=0x0, repeatCount=0, eventTime=779180, downTime=779180, deviceId=-1, source=0x101 }
07-28 18:59:44.963  9754  9754 I Input   : injectKeyEvent: KeyEvent { action=ACTION_DOWN, keyCode=KEYCODE_DEL, scanCode=0, metaState=0, flags=0x0, repeatCount=0, eventTime=779184, downTime=779184, deviceId=-1, source=0x101 }
07-28 18:59:44.964  9754  9754 I Input   : injectKeyEvent: KeyEvent { action=ACTION_UP, keyCode=KEYCODE_DEL, scanCode=0, metaState=0, flags=0x0, repeatCount=0, eventTime=779184, downTime=779184, deviceId=-1, source=0x101 }
07-28 18:59:44.966  9754  9754 I Input   : injectKeyEvent: KeyEvent { action=ACTION_DOWN, keyCode=KEYCODE_DEL, scanCode=0, metaState=0, flags=0x0, repeatCount=0, eventTime=779187, downTime=779187, deviceId=-1, source=0x101 }
07-28 18:59:44.968  9754  9754 I Input   : injectKeyEvent: KeyEvent { action=ACTION_UP, keyCode=KEYCODE_DEL, scanCode=0, metaState=0, flags=0x0, repeatCount=0, eventTime=779187, downTime=779187, deviceId=-1, source=0x101 }
07-28 18:59:44.970  9754  9754 I Input   : injectKeyEvent: KeyEvent { action=ACTION_DOWN, keyCode=KEYCODE_DEL, scanCode=0, metaState=0, flags=0x0, repeatCount=0, eventTime=779191, downTime=779191, deviceId=-1, source=0x101 }
07-28 18:59:44.971  9754  9754 I Input   : injectKeyEvent: KeyEvent { action=ACTION_UP, keyCode=KEYCODE_DEL, scanCode=0, metaState=0, flags=0x0, repeatCount=0, eventTime=779191, downTime=779191, deviceId=-1, source=0x101 }
07-28 18:59:44.973  9754  9754 I Input   : injectKeyEvent: KeyEvent { action=ACTION_DOWN, keyCode=KEYCODE_DEL, scanCode=0, metaState=0, flags=0x0, repeatCount=0, eventTime=779194, downTime=779194, deviceId=-1, source=0x101 }
07-28 18:59:44.975  9754  9754 I Input   : injectKeyEvent: KeyEvent { action=ACTION_UP, keyCode=KEYCODE_DEL, scanCode=0, metaState=0, flags=0x0, repeatCount=0, eventTime=779194, downTime=779194, deviceId=-1, source=0x101 }
07-28 18:59:44.976  9754  9754 I Input   : injectKeyEvent: KeyEvent { action=ACTION_DOWN, keyCode=KEYCODE_DEL, scanCode=0, metaState=0, flags=0x0, repeatCount=0, eventTime=779197, downTime=779197, deviceId=-1, source=0x101 }
07-28 18:59:44.977  9754  9754 I Input   : injectKeyEvent: KeyEvent { action=ACTION_UP, keyCode=KEYCODE_DEL, scanCode=0, metaState=0, flags=0x0, repeatCount=0, eventTime=779197, downTime=779197, deviceId=-1, source=0x101 }
07-28 18:59:44.979  9754  9754 I Input   : injectKeyEvent: KeyEvent { action=ACTION_DOWN, keyCode=KEYCODE_DEL, scanCode=0, metaState=0, flags=0x0, repeatCount=0, eventTime=779200, downTime=779200, deviceId=-1, source=0x101 }
07-28 18:59:44.981  9754  9754 I Input   : injectKeyEvent: KeyEvent { action=ACTION_UP, keyCode=KEYCODE_DEL, scanCode=0, metaState=0, flags=0x0, repeatCount=0, eventTime=779200, downTime=779200, deviceId=-1, source=0x101 }
07-28 18:59:44.983  9754  9754 I Input   : injectKeyEvent: KeyEvent { action=ACTION_DOWN, keyCode=KEYCODE_DEL, scanCode=0, metaState=0, flags=0x0, repeatCount=0, eventTime=779204, downTime=779204, deviceId=-1, source=0x101 }
07-28 18:59:44.984  9754  9754 I Input   : injectKeyEvent: KeyEvent { action=ACTION_UP, keyCode=KEYCODE_DEL, scanCode=0, metaState=0, flags=0x0, repeatCount=0, eventTime=779204, downTime=779204, deviceId=-1, source=0x101 }
07-28 18:59:44.986  9754  9754 I Input   : injectKeyEvent: KeyEvent { action=ACTION_DOWN, keyCode=KEYCODE_DEL, scanCode=0, metaState=0, flags=0x0, repeatCount=0, eventTime=779207, downTime=779207, deviceId=-1, source=0x101 }
07-28 18:59:44.988  9754  9754 I Input   : injectKeyEvent: KeyEvent { action=ACTION_UP, keyCode=KEYCODE_DEL, scanCode=0, metaState=0, flags=0x0, repeatCount=0, eventTime=779207, downTime=779207, deviceId=-1, source=0x101 }
07-28 18:59:44.990  9754  9754 I Input   : injectKeyEvent: KeyEvent { action=ACTION_DOWN, keyCode=KEYCODE_DEL, scanCode=0, metaState=0, flags=0x0, repeatCount=0, eventTime=779211, downTime=779211, deviceId=-1, source=0x101 }
07-28 18:59:44.991  9754  9754 I Input   : injectKeyEvent: KeyEvent { action=ACTION_UP, keyCode=KEYCODE_DEL, scanCode=0, metaState=0, flags=0x0, repeatCount=0, eventTime=779211, downTime=779211, deviceId=-1, source=0x101 }
07-28 18:59:44.993  9754  9754 I Input   : injectKeyEvent: KeyEvent { action=ACTION_DOWN, keyCode=KEYCODE_DEL, scanCode=0, metaState=0, flags=0x0, repeatCount=0, eventTime=779214, downTime=779214, deviceId=-1, source=0x101 }
07-28 18:59:44.995  9754  9754 I Input   : injectKeyEvent: KeyEvent { action=ACTION_UP, keyCode=KEYCODE_DEL, scanCode=0, metaState=0, flags=0x0, repeatCount=0, eventTime=779214, downTime=779214, deviceId=-1, source=0x101 }
07-28 18:59:44.997  9754  9754 I Input   : injectKeyEvent: KeyEvent { action=ACTION_DOWN, keyCode=KEYCODE_DEL, scanCode=0, metaState=0, flags=0x0, repeatCount=0, eventTime=779218, downTime=779218, deviceId=-1, source=0x101 }
07-28 18:59:44.998  9754  9754 I Input   : injectKeyEvent: KeyEvent { action=ACTION_UP, keyCode=KEYCODE_DEL, scanCode=0, metaState=0, flags=0x0, repeatCount=0, eventTime=779218, downTime=779218, deviceId=-1, source=0x101 }
07-28 18:59:45.000  9754  9754 I Input   : injectKeyEvent: KeyEvent { action=ACTION_DOWN, keyCode=KEYCODE_DEL, scanCode=0, metaState=0, flags=0x0, repeatCount=0, eventTime=779221, downTime=779221, deviceId=-1, source=0x101 }
07-28 18:59:45.002  9754  9754 I Input   : injectKeyEvent: KeyEvent { action=ACTION_UP, keyCode=KEYCODE_DEL, scanCode=0, metaState=0, flags=0x0, repeatCount=0, eventTime=779221, downTime=779221, deviceId=-1, source=0x101 }
07-28 18:59:45.004  9754  9754 I Input   : injectKeyEvent: KeyEvent { action=ACTION_DOWN, keyCode=KEYCODE_DEL, scanCode=0, metaState=0, flags=0x0, repeatCount=0, eventTime=779225, downTime=779225, deviceId=-1, source=0x101 }
07-28 18:59:45.005  9754  9754 I Input   : injectKeyEvent: KeyEvent { action=ACTION_UP, keyCode=KEYCODE_DEL, scanCode=0, metaState=0, flags=0x0, repeatCount=0, eventTime=779225, downTime=779225, deviceId=-1, source=0x101 }
07-28 18:59:45.007  9754  9754 I Input   : injectKeyEvent: KeyEvent { action=ACTION_DOWN, keyCode=KEYCODE_DEL, scanCode=0, metaState=0, flags=0x0, repeatCount=0, eventTime=779228, downTime=779228, deviceId=-1, source=0x101 }
07-28 18:59:45.009  9754  9754 I Input   : injectKeyEvent: KeyEvent { action=ACTION_UP, keyCode=KEYCODE_DEL, scanCode=0, metaState=0, flags=0x0, repeatCount=0, eventTime=779228, downTime=779228, deviceId=-1, source=0x101 }
07-28 18:59:45.011  9754  9754 D AndroidRuntime: Shutting down VM
07-28 18:59:45.168  9764  9764 D AndroidRuntime: >>>>>> START com.android.internal.os.RuntimeInit uid 2000 <<<<<<
07-28 18:59:45.170  9764  9764 D AndroidRuntime: CheckJNI is ON
07-28 18:59:45.183  9764  9764 W art     : Unexpected CPU variant for X86 using defaults: x86
07-28 18:59:45.188  9764  9764 D ICU     : No timezone override file found: /data/misc/zoneinfo/current/icu/icu_tzdata.dat
07-28 18:59:45.204  9764  9764 E memtrack: Couldn't load memtrack module (No such file or directory)
07-28 18:59:45.204  9764  9764 E android.os.Debug: failed to load memtrack module: -2
07-28 18:59:45.205  9764  9764 I Radio-JNI: register_android_hardware_Radio DONE
07-28 18:59:45.211  9764  9764 D AndroidRuntime: Calling main entry com.android.commands.input.Input
07-28 18:59:45.215  9764  9764 I Input   : injectKeyEvent: KeyEvent { action=ACTION_DOWN, keyCode=KEYCODE_1, scanCode=0, metaState=0, flags=0x0, repeatCount=0, eventTime=779436, downTime=779436, deviceId=-1, source=0x101 }
07-28 18:59:45.218  9764  9764 I Input   : injectKeyEvent: KeyEvent { action=ACTION_UP, keyCode=KEYCODE_1, scanCode=0, metaState=0, flags=0x0, repeatCount=0, eventTime=779436, downTime=779436, deviceId=-1, source=0x101 }
07-28 18:59:45.220  9764  9764 I Input   : injectKeyEvent: KeyEvent { action=ACTION_DOWN, keyCode=KEYCODE_2, scanCode=0, metaState=0, flags=0x0, repeatCount=0, eventTime=779436, downTime=779436, deviceId=-1, source=0x101 }
07-28 18:59:45.222  9764  9764 I Input   : injectKeyEvent: KeyEvent { action=ACTION_UP, keyCode=KEYCODE_2, scanCode=0, metaState=0, flags=0x0, repeatCount=0, eventTime=779436, downTime=779436, deviceId=-1, source=0x101 }
07-28 18:59:45.223  9764  9764 I Input   : injectKeyEvent: KeyEvent { action=ACTION_DOWN, keyCode=KEYCODE_3, scanCode=0, metaState=0, flags=0x0, repeatCount=0, eventTime=779436, downTime=779436, deviceId=-1, source=0x101 }
07-28 18:59:45.226  9764  9764 I Input   : injectKeyEvent: KeyEvent { action=ACTION_UP, keyCode=KEYCODE_3, scanCode=0, metaState=0, flags=0x0, repeatCount=0, eventTime=779436, downTime=779436, deviceId=-1, source=0x101 }
07-28 18:59:45.228  9764  9764 I Input   : injectKeyEvent: KeyEvent { action=ACTION_DOWN, keyCode=KEYCODE_4, scanCode=0, metaState=0, flags=0x0, repeatCount=0, eventTime=779436, downTime=779436, deviceId=-1, source=0x101 }
07-28 18:59:45.252  9764  9764 I Input   : injectKeyEvent: KeyEvent { action=ACTION_UP, keyCode=KEYCODE_4, scanCode=0, metaState=0, flags=0x0, repeatCount=0, eventTime=779436, downTime=779436, deviceId=-1, source=0x101 }
07-28 18:59:45.253  9764  9764 I Input   : injectKeyEvent: KeyEvent { action=ACTION_DOWN, keyCode=KEYCODE_5, scanCode=0, metaState=0, flags=0x0, repeatCount=0, eventTime=779436, downTime=779436, deviceId=-1, source=0x101 }
07-28 18:59:45.256  9764  9764 I Input   : injectKeyEvent: KeyEvent { action=ACTION_UP, keyCode=KEYCODE_5, scanCode=0, metaState=0, flags=0x0, repeatCount=0, eventTime=779436, downTime=779436, deviceId=-1, source=0x101 }
07-28 18:59:45.258  9764  9764 I Input   : injectKeyEvent: KeyEvent { action=ACTION_DOWN, keyCode=KEYCODE_6, scanCode=0, metaState=0, flags=0x0, repeatCount=0, eventTime=779436, downTime=779436, deviceId=-1, source=0x101 }
07-28 18:59:45.260  9764  9764 I Input   : injectKeyEvent: KeyEvent { action=ACTION_UP, keyCode=KEYCODE_6, scanCode=0, metaState=0, flags=0x0, repeatCount=0, eventTime=779436, downTime=779436, deviceId=-1, source=0x101 }
07-28 18:59:45.262  9764  9764 I Input   : injectKeyEvent: KeyEvent { action=ACTION_DOWN, keyCode=KEYCODE_7, scanCode=0, metaState=0, flags=0x0, repeatCount=0, eventTime=779436, downTime=779436, deviceId=-1, source=0x101 }
07-28 18:59:45.274  9764  9764 I Input   : injectKeyEvent: KeyEvent { action=ACTION_UP, keyCode=KEYCODE_7, scanCode=0, metaState=0, flags=0x0, repeatCount=0, eventTime=779436, downTime=779436, deviceId=-1, source=0x101 }
07-28 18:59:45.276  9764  9764 D AndroidRuntime: Shutting down VM
07-28 18:59:45.323  9779  9779 W ls      : type=1400 audit(0.0:31): avc: denied { getattr } for path="/proc/sysrq-trigger" dev="proc" ino=4026532069 scontext=u:r:shell:s0 tcontext=u:object_r:proc_sysrq:s0 tclass=file permissive=0
07-28 18:59:45.323  9779  9779 W ls      : type=1400 audit(0.0:32): avc: denied { getattr } for path="/proc/iomem" dev="proc" ino=4026532007 scontext=u:r:shell:s0 tcontext=u:object_r:proc_iomem:s0 tclass=file permissive=0
07-28 18:59:46.745  1348  4138 E SurfaceFlinger: ro.sf.lcd_density must be defined as a build property
07-28 18:59:46.747  1348  1365 D gralloc_ranchu: gralloc_alloc: Creating ashmem region of size 8294400
07-28 18:59:46.754 10058 10058 D         : HostConnection::get() New Host Connection established 0xa849b2c0, tid 10058
07-28 18:59:47.036 10063 10063 D AndroidRuntime: >>>>>> START com.android.internal.os.RuntimeInit uid 2000 <<<<<<
07-28 18:59:47.040 10063 10063 D AndroidRuntime: CheckJNI is ON
07-28 18:59:47.057 10063 10063 W art     : Unexpected CPU variant for X86 using defaults: x86
07-28 18:59:47.061 10063 10063 D ICU     : No timezone override file found: /data/misc/zoneinfo/current/icu/icu_tzdata.dat
07-28 18:59:47.074 10063 10063 E memtrack: Couldn't load memtrack module (No such file or directory)
07-28 18:59:47.074 10063 10063 E android.os.Debug: failed to load memtrack module: -2
07-28 18:59:47.075 10063 10063 I Radio-JNI: register_android_hardware_Radio DONE
07-28 18:59:47.082 10063 10063 D AndroidRuntime: Calling main entry com.android.commands.am.Am
07-28 18:59:47.093  2878  2878 D MediaScannerReceiver: action: android.intent.action.MEDIA_SCANNER_SCAN_FILE path: /storage/emulated/0/screen.png
07-28 18:59:47.096 10063 10063 D AndroidRuntime: Shutting down VM
07-28 18:59:49.482 10076 10076 D AndroidRuntime: >>>>>> START com.android.internal.os.RuntimeInit uid 2000 <<<<<<
07-28 18:59:49.484 10076 10076 D AndroidRuntime: CheckJNI is ON
07-28 18:59:49.502 10076 10076 W art     : Unexpected CPU variant for X86 using defaults: x86
07-28 18:59:49.505 10076 10076 D ICU     : No timezone override file found: /data/local/tmp/misc/zoneinfo/current/icu/icu_tzdata.dat
07-28 18:59:49.521 10076 10076 E memtrack: Couldn't load memtrack module (No such file or directory)
07-28 18:59:49.521 10076 10076 E android.os.Debug: failed to load memtrack module: -2
07-28 18:59:49.522 10076 10076 I Radio-JNI: register_android_hardware_Radio DONE
07-28 18:59:49.527 10076 10076 D AndroidRuntime: Calling main entry com.android.commands.uiautomator.Launcher
07-28 18:59:50.558 10076 10076 W AccessibilityNodeInfoDumper: Fetch time: 3ms
07-28 18:59:50.559  1679  3559 W WindowManager: Attempted to remove non-existing token: android.os.Binder@7a44e9f
07-28 18:59:50.565  1858  1858 V PhoneStatusBar: setLightsOn(true)
07-28 18:59:50.566 10076 10076 D AndroidRuntime: Shutting down VM
07-28 18:59:52.817 10090 10090 D AndroidRuntime: >>>>>> START com.android.internal.os.RuntimeInit uid 2000 <<<<<<
07-28 18:59:52.818 10090 10090 D AndroidRuntime: CheckJNI is ON
07-28 18:59:52.834 10090 10090 W art     : Unexpected CPU variant for X86 using defaults: x86
07-28 18:59:52.838 10090 10090 D ICU     : No timezone override file found: /data/local/tmp/misc/zoneinfo/current/icu/icu_tzdata.dat
07-28 18:59:52.861 10090 10090 E memtrack: Couldn't load memtrack module (No such file or directory)
07-28 18:59:52.861 10090 10090 E android.os.Debug: failed to load memtrack module: -2
07-28 18:59:52.861 10090 10090 I Radio-JNI: register_android_hardware_Radio DONE
07-28 18:59:52.867 10090 10090 D AndroidRuntime: Calling main entry com.android.commands.uiautomator.Launcher
07-28 18:59:53.890 10090 10090 W AccessibilityNodeInfoDumper: Fetch time: 2ms
07-28 18:59:53.891  1679  1708 W WindowManager: Attempted to remove non-existing token: android.os.Binder@c29fbb5
07-28 18:59:53.895  1858  1858 V PhoneStatusBar: setLightsOn(true)
07-28 18:59:53.896 10090 10090 D AndroidRuntime: Shutting down VM
07-28 18:59:54.676 10116 10116 D AndroidRuntime: >>>>>> START com.android.internal.os.RuntimeInit uid 2000 <<<<<<
07-28 18:59:54.677 10116 10116 D AndroidRuntime: CheckJNI is ON
07-28 18:59:54.692 10116 10116 W art     : Unexpected CPU variant for X86 using defaults: x86
07-28 18:59:54.695 10116 10116 D ICU     : No timezone override file found: /data/local/tmp/misc/zoneinfo/current/icu/icu_tzdata.dat
07-28 18:59:54.711 10116 10116 E memtrack: Couldn't load memtrack module (No such file or directory)
07-28 18:59:54.711 10116 10116 E android.os.Debug: failed to load memtrack module: -2
07-28 18:59:54.712 10116 10116 I Radio-JNI: register_android_hardware_Radio DONE
07-28 18:59:54.716 10116 10116 D AndroidRuntime: Calling main entry com.android.commands.uiautomator.Launcher
07-28 18:59:55.744 10116 10116 W AccessibilityNodeInfoDumper: Fetch time: 3ms
07-28 18:59:55.744  1679  1869 W WindowManager: Attempted to remove non-existing token: android.os.Binder@50935bb
07-28 18:59:55.751 10116 10116 D AndroidRuntime: Shutting down VM
07-28 18:59:55.751  1858  1858 V PhoneStatusBar: setLightsOn(true)
07-28 18:59:55.969 10134 10134 D AndroidRuntime: >>>>>> START com.android.internal.os.RuntimeInit uid 2000 <<<<<<
07-28 18:59:55.971 10134 10134 D AndroidRuntime: CheckJNI is ON
07-28 18:59:55.986 10134 10134 W art     : Unexpected CPU variant for X86 using defaults: x86
07-28 18:59:55.990 10134 10134 D ICU     : No timezone override file found: /data/local/tmp/misc/zoneinfo/current/icu/icu_tzdata.dat
07-28 18:59:56.006 10134 10134 E memtrack: Couldn't load memtrack module (No such file or directory)
07-28 18:59:56.006 10134 10134 E android.os.Debug: failed to load memtrack module: -2
07-28 18:59:56.006 10134 10134 I Radio-JNI: register_android_hardware_Radio DONE
07-28 18:59:56.012 10134 10134 D AndroidRuntime: Calling main entry com.android.commands.uiautomator.Launcher
07-28 18:59:57.042 10134 10134 W AccessibilityNodeInfoDumper: Fetch time: 3ms
07-28 18:59:57.043  1679  1869 W WindowManager: Attempted to remove non-existing token: android.os.Binder@54b9e31
07-28 18:59:57.047  1858  1858 V PhoneStatusBar: setLightsOn(true)
07-28 18:59:57.049 10134 10134 D AndroidRuntime: Shutting down VM
07-28 18:59:57.232 10146 10146 D AndroidRuntime: >>>>>> START com.android.internal.os.RuntimeInit uid 2000 <<<<<<
07-28 18:59:57.234 10146 10146 D AndroidRuntime: CheckJNI is ON
07-28 18:59:57.249 10146 10146 W art     : Unexpected CPU variant for X86 using defaults: x86
07-28 18:59:57.252 10146 10146 D ICU     : No timezone override file found: /data/misc/zoneinfo/current/icu/icu_tzdata.dat
07-28 18:59:57.265 10146 10146 E memtrack: Couldn't load memtrack module (No such file or directory)
07-28 18:59:57.265 10146 10146 E android.os.Debug: failed to load memtrack module: -2
07-28 18:59:57.265 10146 10146 I Radio-JNI: register_android_hardware_Radio DONE
07-28 18:59:57.271 10146 10146 D AndroidRuntime: Calling main entry com.android.commands.input.Input
07-28 18:59:57.274 10146 10146 I Input   : injectMotionEvent: MotionEvent { action=ACTION_DOWN, actionButton=0, id[0]=0, x[0]=540.0, y[0]=811.0, toolType[0]=TOOL_TYPE_UNKNOWN, buttonState=0, metaState=0, flags=0x0, edgeFlags=0x0, pointerCount=1, historySize=0, eventTime=791492, downTime=791492, deviceId=0, source=0x1002 }
07-28 18:59:57.276 10146 10146 I Input   : injectMotionEvent: MotionEvent { action=ACTION_UP, actionButton=0, id[0]=0, x[0]=540.0, y[0]=811.0, toolType[0]=TOOL_TYPE_UNKNOWN, buttonState=0, metaState=0, flags=0x0, edgeFlags=0x0, pointerCount=1, historySize=0, eventTime=791492, downTime=791492, deviceId=0, source=0x1002 }
07-28 18:59:57.281 10146 10146 D AndroidRuntime: Shutting down VM
07-28 18:59:57.281  1812  1812 W InputMethodService: Window size has been changed. This may cause jankiness of resizing window: -1 -> -2
07-28 18:59:57.293  1812  1812 I LatinIME: Starting input. Cursor position = 0,0
07-28 18:59:57.296  8461  8461 W IInputConnectionWrapper: finishComposingText on inactive InputConnection
07-28 18:59:57.334  1858  1858 V PhoneStatusBar: setLightsOn(true)
07-28 18:59:57.354  1858  1858 V PhoneStatusBar: setLightsOn(true)
07-28 18:59:57.366  1812  6786 D EGL_emulation: eglMakeCurrent: 0x9d6a3ba0: ver 3 0 (tinfo 0x919ffa40)
07-28 18:59:57.381  1858  1858 V PhoneStatusBar: setLightsOn(true)
07-28 18:59:57.382  1858  1858 V PhoneStatusBar: setLightsOn(true)
07-28 18:59:57.397  1858  1858 V PhoneStatusBar: setLightsOn(true)
07-28 18:59:57.398  1858  1858 V PhoneStatusBar: setLightsOn(true)
07-28 18:59:57.539 10161 10161 D AndroidRuntime: >>>>>> START com.android.internal.os.RuntimeInit uid 2000 <<<<<<
07-28 18:59:57.541 10161 10161 D AndroidRuntime: CheckJNI is ON
07-28 18:59:57.568 10161 10161 W art     : Unexpected CPU variant for X86 using defaults: x86
07-28 18:59:57.571 10161 10161 D ICU     : No timezone override file found: /data/misc/zoneinfo/current/icu/icu_tzdata.dat
07-28 18:59:57.604 10161 10161 E memtrack: Couldn't load memtrack module (No such file or directory)
07-28 18:59:57.604 10161 10161 E android.os.Debug: failed to load memtrack module: -2
07-28 18:59:57.605 10161 10161 I Radio-JNI: register_android_hardware_Radio DONE
07-28 18:59:57.611 10161 10161 D AndroidRuntime: Calling main entry com.android.commands.input.Input
07-28 18:59:57.612 10161 10161 I Input   : injectKeyEvent: KeyEvent { action=ACTION_DOWN, keyCode=KEYCODE_ESCAPE, scanCode=0, metaState=0, flags=0x0, repeatCount=0, eventTime=791833, downTime=791833, deviceId=-1, source=0x101 }
07-28 18:59:57.614  1858  1858 V PhoneStatusBar: setLightsOn(true)
07-28 18:59:57.647 10161 10161 I Input   : injectKeyEvent: KeyEvent { action=ACTION_UP, keyCode=KEYCODE_ESCAPE, scanCode=0, metaState=0, flags=0x0, repeatCount=0, eventTime=791833, downTime=791833, deviceId=-1, source=0x101 }
07-28 18:59:57.680  1812  1812 W InputMethodService: Window size has been changed. This may cause jankiness of resizing window: -1 -> -2
07-28 18:59:57.680 10161 10161 D AndroidRuntime: Shutting down VM
07-28 18:59:57.699  1812  6786 D EGL_emulation: eglMakeCurrent: 0x9d6a3ba0: ver 3 0 (tinfo 0x919ffa40)
07-28 18:59:57.706  1858  1858 V PhoneStatusBar: setLightsOn(true)
07-28 18:59:57.708  1858  1858 V PhoneStatusBar: setLightsOn(true)
07-28 18:59:57.715  1858  1858 V PhoneStatusBar: setLightsOn(true)
07-28 18:59:57.883  1858  1858 V PhoneStatusBar: setLightsOn(true)
07-28 18:59:57.883  1679  1700 I WindowManager: Destroying surface Surface(name=InputMethod) called by com.android.server.wm.WindowStateAnimator.destroySurface:2016 com.android.server.wm.WindowStateAnimator.destroySurfaceLocked:882 com.android.server.wm.WindowState.destroyOrSaveSurface:2100 com.android.server.wm.WindowSurfacePlacer.performSurfacePlacementInner:429 com.android.server.wm.WindowSurfacePlacer.performSurfacePlacementLoop:232 com.android.server.wm.WindowSurfacePlacer.performSurfacePlacement:180 com.android.server.wm.WindowManagerService$H.handleMessage:8086 android.os.Handler.dispatchMessage:102 
07-28 18:59:58.396 10177 10177 D AndroidRuntime: >>>>>> START com.android.internal.os.RuntimeInit uid 2000 <<<<<<
07-28 18:59:58.397 10177 10177 D AndroidRuntime: CheckJNI is ON
07-28 18:59:58.413 10177 10177 W art     : Unexpected CPU variant for X86 using defaults: x86
07-28 18:59:58.415 10177 10177 D ICU     : No timezone override file found: /data/misc/zoneinfo/current/icu/icu_tzdata.dat
07-28 18:59:58.426 10177 10177 E memtrack: Couldn't load memtrack module (No such file or directory)
07-28 18:59:58.426 10177 10177 E android.os.Debug: failed to load memtrack module: -2
07-28 18:59:58.427 10177 10177 I Radio-JNI: register_android_hardware_Radio DONE
07-28 18:59:58.431 10177 10177 D AndroidRuntime: Calling main entry com.android.commands.input.Input
07-28 18:59:58.433 10177 10177 I Input   : injectKeyEvent: KeyEvent { action=ACTION_DOWN, keyCode=KEYCODE_MOVE_END, scanCode=0, metaState=0, flags=0x0, repeatCount=0, eventTime=792653, downTime=792653, deviceId=-1, source=0x101 }
07-28 18:59:58.436 10177 10177 I Input   : injectKeyEvent: KeyEvent { action=ACTION_UP, keyCode=KEYCODE_MOVE_END, scanCode=0, metaState=0, flags=0x0, repeatCount=0, eventTime=792653, downTime=792653, deviceId=-1, source=0x101 }
07-28 18:59:58.438 10177 10177 D AndroidRuntime: Shutting down VM
07-28 18:59:58.591 10187 10187 D AndroidRuntime: >>>>>> START com.android.internal.os.RuntimeInit uid 2000 <<<<<<
07-28 18:59:58.593 10187 10187 D AndroidRuntime: CheckJNI is ON
07-28 18:59:58.608 10187 10187 W art     : Unexpected CPU variant for X86 using defaults: x86
07-28 18:59:58.611 10187 10187 D ICU     : No timezone override file found: /data/misc/zoneinfo/current/icu/icu_tzdata.dat
07-28 18:59:58.623 10187 10187 E memtrack: Couldn't load memtrack module (No such file or directory)
07-28 18:59:58.624 10187 10187 E android.os.Debug: failed to load memtrack module: -2
07-28 18:59:58.624 10187 10187 I Radio-JNI: register_android_hardware_Radio DONE
07-28 18:59:58.628 10187 10187 D AndroidRuntime: Calling main entry com.android.commands.input.Input
07-28 18:59:58.631 10187 10187 I Input   : injectKeyEvent: KeyEvent { action=ACTION_DOWN, keyCode=KEYCODE_DEL, scanCode=0, metaState=0, flags=0x0, repeatCount=0, eventTime=792851, downTime=792851, deviceId=-1, source=0x101 }
07-28 18:59:58.633 10187 10187 I Input   : injectKeyEvent: KeyEvent { action=ACTION_UP, keyCode=KEYCODE_DEL, scanCode=0, metaState=0, flags=0x0, repeatCount=0, eventTime=792851, downTime=792851, deviceId=-1, source=0x101 }
07-28 18:59:58.635 10187 10187 I Input   : injectKeyEvent: KeyEvent { action=ACTION_DOWN, keyCode=KEYCODE_DEL, scanCode=0, metaState=0, flags=0x0, repeatCount=0, eventTime=792856, downTime=792856, deviceId=-1, source=0x101 }
07-28 18:59:58.637 10187 10187 I Input   : injectKeyEvent: KeyEvent { action=ACTION_UP, keyCode=KEYCODE_DEL, scanCode=0, metaState=0, flags=0x0, repeatCount=0, eventTime=792856, downTime=792856, deviceId=-1, source=0x101 }
07-28 18:59:58.639 10187 10187 I Input   : injectKeyEvent: KeyEvent { action=ACTION_DOWN, keyCode=KEYCODE_DEL, scanCode=0, metaState=0, flags=0x0, repeatCount=0, eventTime=792860, downTime=792860, deviceId=-1, source=0x101 }
07-28 18:59:58.641 10187 10187 I Input   : injectKeyEvent: KeyEvent { action=ACTION_UP, keyCode=KEYCODE_DEL, scanCode=0, metaState=0, flags=0x0, repeatCount=0, eventTime=792860, downTime=792860, deviceId=-1, source=0x101 }
07-28 18:59:58.642 10187 10187 I Input   : injectKeyEvent: KeyEvent { action=ACTION_DOWN, keyCode=KEYCODE_DEL, scanCode=0, metaState=0, flags=0x0, repeatCount=0, eventTime=792863, downTime=792863, deviceId=-1, source=0x101 }
07-28 18:59:58.644 10187 10187 I Input   : injectKeyEvent: KeyEvent { action=ACTION_UP, keyCode=KEYCODE_DEL, scanCode=0, metaState=0, flags=0x0, repeatCount=0, eventTime=792863, downTime=792863, deviceId=-1, source=0x101 }
07-28 18:59:58.646 10187 10187 I Input   : injectKeyEvent: KeyEvent { action=ACTION_DOWN, keyCode=KEYCODE_DEL, scanCode=0, metaState=0, flags=0x0, repeatCount=0, eventTime=792867, downTime=792867, deviceId=-1, source=0x101 }
07-28 18:59:58.648 10187 10187 I Input   : injectKeyEvent: KeyEvent { action=ACTION_UP, keyCode=KEYCODE_DEL, scanCode=0, metaState=0, flags=0x0, repeatCount=0, eventTime=792867, downTime=792867, deviceId=-1, source=0x101 }
07-28 18:59:58.650 10187 10187 I Input   : injectKeyEvent: KeyEvent { action=ACTION_DOWN, keyCode=KEYCODE_DEL, scanCode=0, metaState=0, flags=0x0, repeatCount=0, eventTime=792871, downTime=792871, deviceId=-1, source=0x101 }
07-28 18:59:58.652 10187 10187 I Input   : injectKeyEvent: KeyEvent { action=ACTION_UP, keyCode=KEYCODE_DEL, scanCode=0, metaState=0, flags=0x0, repeatCount=0, eventTime=792871, downTime=792871, deviceId=-1, source=0x101 }
07-28 18:59:58.653 10187 10187 I Input   : injectKeyEvent: KeyEvent { action=ACTION_DOWN, keyCode=KEYCODE_DEL, scanCode=0, metaState=0, flags=0x0, repeatCount=0, eventTime=792874, downTime=792874, deviceId=-1, source=0x101 }
07-28 18:59:58.655 10187 10187 I Input   : injectKeyEvent: KeyEvent { action=ACTION_UP, keyCode=KEYCODE_DEL, scanCode=0, metaState=0, flags=0x0, repeatCount=0, eventTime=792874, downTime=792874, deviceId=-1, source=0x101 }
07-28 18:59:58.657 10187 10187 I Input   : injectKeyEvent: KeyEvent { action=ACTION_DOWN, keyCode=KEYCODE_DEL, scanCode=0, metaState=0, flags=0x0, repeatCount=0, eventTime=792878, downTime=792878, deviceId=-1, source=0x101 }
07-28 18:59:58.659 10187 10187 I Input   : injectKeyEvent: KeyEvent { action=ACTION_UP, keyCode=KEYCODE_DEL, scanCode=0, metaState=0, flags=0x0, repeatCount=0, eventTime=792878, downTime=792878, deviceId=-1, source=0x101 }
07-28 18:59:58.660 10187 10187 I Input   : injectKeyEvent: KeyEvent { action=ACTION_DOWN, keyCode=KEYCODE_DEL, scanCode=0, metaState=0, flags=0x0, repeatCount=0, eventTime=792882, downTime=792882, deviceId=-1, source=0x101 }
07-28 18:59:58.662 10187 10187 I Input   : injectKeyEvent: KeyEvent { action=ACTION_UP, keyCode=KEYCODE_DEL, scanCode=0, metaState=0, flags=0x0, repeatCount=0, eventTime=792882, downTime=792882, deviceId=-1, source=0x101 }
07-28 18:59:58.664 10187 10187 I Input   : injectKeyEvent: KeyEvent { action=ACTION_DOWN, keyCode=KEYCODE_DEL, scanCode=0, metaState=0, flags=0x0, repeatCount=0, eventTime=792885, downTime=792885, deviceId=-1, source=0x101 }
07-28 18:59:58.665 10187 10187 I Input   : injectKeyEvent: KeyEvent { action=ACTION_UP, keyCode=KEYCODE_DEL, scanCode=0, metaState=0, flags=0x0, repeatCount=0, eventTime=792885, downTime=792885, deviceId=-1, source=0x101 }
07-28 18:59:58.667 10187 10187 I Input   : injectKeyEvent: KeyEvent { action=ACTION_DOWN, keyCode=KEYCODE_DEL, scanCode=0, metaState=0, flags=0x0, repeatCount=0, eventTime=792888, downTime=792888, deviceId=-1, source=0x101 }
07-28 18:59:58.668 10187 10187 I Input   : injectKeyEvent: KeyEvent { action=ACTION_UP, keyCode=KEYCODE_DEL, scanCode=0, metaState=0, flags=0x0, repeatCount=0, eventTime=792888, downTime=792888, deviceId=-1, source=0x101 }
07-28 18:59:58.670 10187 10187 I Input   : injectKeyEvent: KeyEvent { action=ACTION_DOWN, keyCode=KEYCODE_DEL, scanCode=0, metaState=0, flags=0x0, repeatCount=0, eventTime=792891, downTime=792891, deviceId=-1, source=0x101 }
07-28 18:59:58.672 10187 10187 I Input   : injectKeyEvent: KeyEvent { action=ACTION_UP, keyCode=KEYCODE_DEL, scanCode=0, metaState=0, flags=0x0, repeatCount=0, eventTime=792891, downTime=792891, deviceId=-1, source=0x101 }
07-28 18:59:58.673 10187 10187 I Input   : injectKeyEvent: KeyEvent { action=ACTION_DOWN, keyCode=KEYCODE_DEL, scanCode=0, metaState=0, flags=0x0, repeatCount=0, eventTime=792894, downTime=792894, deviceId=-1, source=0x101 }
07-28 18:59:58.675 10187 10187 I Input   : injectKeyEvent: KeyEvent { action=ACTION_UP, keyCode=KEYCODE_DEL, scanCode=0, metaState=0, flags=0x0, repeatCount=0, eventTime=792894, downTime=792894, deviceId=-1, source=0x101 }
07-28 18:59:58.677 10187 10187 I Input   : injectKeyEvent: KeyEvent { action=ACTION_DOWN, keyCode=KEYCODE_DEL, scanCode=0, metaState=0, flags=0x0, repeatCount=0, eventTime=792898, downTime=792898, deviceId=-1, source=0x101 }
07-28 18:59:58.678 10187 10187 I Input   : injectKeyEvent: KeyEvent { action=ACTION_UP, keyCode=KEYCODE_DEL, scanCode=0, metaState=0, flags=0x0, repeatCount=0, eventTime=792898, downTime=792898, deviceId=-1, source=0x101 }
07-28 18:59:58.680 10187 10187 I Input   : injectKeyEvent: KeyEvent { action=ACTION_DOWN, keyCode=KEYCODE_DEL, scanCode=0, metaState=0, flags=0x0, repeatCount=0, eventTime=792901, downTime=792901, deviceId=-1, source=0x101 }
07-28 18:59:58.682 10187 10187 I Input   : injectKeyEvent: KeyEvent { action=ACTION_UP, keyCode=KEYCODE_DEL, scanCode=0, metaState=0, flags=0x0, repeatCount=0, eventTime=792901, downTime=792901, deviceId=-1, source=0x101 }
07-28 18:59:58.683 10187 10187 I Input   : injectKeyEvent: KeyEvent { action=ACTION_DOWN, keyCode=KEYCODE_DEL, scanCode=0, metaState=0, flags=0x0, repeatCount=0, eventTime=792904, downTime=792904, deviceId=-1, source=0x101 }
07-28 18:59:58.685 10187 10187 I Input   : injectKeyEvent: KeyEvent { action=ACTION_UP, keyCode=KEYCODE_DEL, scanCode=0, metaState=0, flags=0x0, repeatCount=0, eventTime=792904, downTime=792904, deviceId=-1, source=0x101 }
07-28 18:59:58.687 10187 10187 I Input   : injectKeyEvent: KeyEvent { action=ACTION_DOWN, keyCode=KEYCODE_DEL, scanCode=0, metaState=0, flags=0x0, repeatCount=0, eventTime=792908, downTime=792908, deviceId=-1, source=0x101 }
07-28 18:59:58.689 10187 10187 I Input   : injectKeyEvent: KeyEvent { action=ACTION_UP, keyCode=KEYCODE_DEL, scanCode=0, metaState=0, flags=0x0, repeatCount=0, eventTime=792908, downTime=792908, deviceId=-1, source=0x101 }
07-28 18:59:58.691 10187 10187 I Input   : injectKeyEvent: KeyEvent { action=ACTION_DOWN, keyCode=KEYCODE_DEL, scanCode=0, metaState=0, flags=0x0, repeatCount=0, eventTime=792912, downTime=792912, deviceId=-1, source=0x101 }
07-28 18:59:58.692 10187 10187 I Input   : injectKeyEvent: KeyEvent { action=ACTION_UP, keyCode=KEYCODE_DEL, scanCode=0, metaState=0, flags=0x0, repeatCount=0, eventTime=792912, downTime=792912, deviceId=-1, source=0x101 }
07-28 18:59:58.694 10187 10187 I Input   : injectKeyEvent: KeyEvent { action=ACTION_DOWN, keyCode=KEYCODE_DEL, scanCode=0, metaState=0, flags=0x0, repeatCount=0, eventTime=792915, downTime=792915, deviceId=-1, source=0x101 }
07-28 18:59:58.696 10187 10187 I Input   : injectKeyEvent: KeyEvent { action=ACTION_UP, keyCode=KEYCODE_DEL, scanCode=0, metaState=0, flags=0x0, repeatCount=0, eventTime=792915, downTime=792915, deviceId=-1, source=0x101 }
07-28 18:59:58.697 10187 10187 I Input   : injectKeyEvent: KeyEvent { action=ACTION_DOWN, keyCode=KEYCODE_DEL, scanCode=0, metaState=0, flags=0x0, repeatCount=0, eventTime=792918, downTime=792918, deviceId=-1, source=0x101 }
07-28 18:59:58.700 10187 10187 I Input   : injectKeyEvent: KeyEvent { action=ACTION_UP, keyCode=KEYCODE_DEL, scanCode=0, metaState=0, flags=0x0, repeatCount=0, eventTime=792918, downTime=792918, deviceId=-1, source=0x101 }
07-28 18:59:58.702 10187 10187 I Input   : injectKeyEvent: KeyEvent { action=ACTION_DOWN, keyCode=KEYCODE_DEL, scanCode=0, metaState=0, flags=0x0, repeatCount=0, eventTime=792923, downTime=792923, deviceId=-1, source=0x101 }
07-28 18:59:58.703 10187 10187 I Input   : injectKeyEvent: KeyEvent { action=ACTION_UP, keyCode=KEYCODE_DEL, scanCode=0, metaState=0, flags=0x0, repeatCount=0, eventTime=792923, downTime=792923, deviceId=-1, source=0x101 }
07-28 18:59:58.705 10187 10187 I Input   : injectKeyEvent: KeyEvent { action=ACTION_DOWN, keyCode=KEYCODE_DEL, scanCode=0, metaState=0, flags=0x0, repeatCount=0, eventTime=792926, downTime=792926, deviceId=-1, source=0x101 }
07-28 18:59:58.706 10187 10187 I Input   : injectKeyEvent: KeyEvent { action=ACTION_UP, keyCode=KEYCODE_DEL, scanCode=0, metaState=0, flags=0x0, repeatCount=0, eventTime=792926, downTime=792926, deviceId=-1, source=0x101 }
07-28 18:59:58.708 10187 10187 I Input   : injectKeyEvent: KeyEvent { action=ACTION_DOWN, keyCode=KEYCODE_DEL, scanCode=0, metaState=0, flags=0x0, repeatCount=0, eventTime=792929, downTime=792929, deviceId=-1, source=0x101 }
07-28 18:59:58.710 10187 10187 I Input   : injectKeyEvent: KeyEvent { action=ACTION_UP, keyCode=KEYCODE_DEL, scanCode=0, metaState=0, flags=0x0, repeatCount=0, eventTime=792929, downTime=792929, deviceId=-1, source=0x101 }
07-28 18:59:58.712 10187 10187 I Input   : injectKeyEvent: KeyEvent { action=ACTION_DOWN, keyCode=KEYCODE_DEL, scanCode=0, metaState=0, flags=0x0, repeatCount=0, eventTime=792933, downTime=792933, deviceId=-1, source=0x101 }
07-28 18:59:58.713 10187 10187 I Input   : injectKeyEvent: KeyEvent { action=ACTION_UP, keyCode=KEYCODE_DEL, scanCode=0, metaState=0, flags=0x0, repeatCount=0, eventTime=792933, downTime=792933, deviceId=-1, source=0x101 }
07-28 18:59:58.715 10187 10187 I Input   : injectKeyEvent: KeyEvent { action=ACTION_DOWN, keyCode=KEYCODE_DEL, scanCode=0, metaState=0, flags=0x0, repeatCount=0, eventTime=792936, downTime=792936, deviceId=-1, source=0x101 }
07-28 18:59:58.717 10187 10187 I Input   : injectKeyEvent: KeyEvent { action=ACTION_UP, keyCode=KEYCODE_DEL, scanCode=0, metaState=0, flags=0x0, repeatCount=0, eventTime=792936, downTime=792936, deviceId=-1, source=0x101 }
07-28 18:59:58.718 10187 10187 I Input   : injectKeyEvent: KeyEvent { action=ACTION_DOWN, keyCode=KEYCODE_DEL, scanCode=0, metaState=0, flags=0x0, repeatCount=0, eventTime=792939, downTime=792939, deviceId=-1, source=0x101 }
07-28 18:59:58.720 10187 10187 I Input   : injectKeyEvent: KeyEvent { action=ACTION_UP, keyCode=KEYCODE_DEL, scanCode=0, metaState=0, flags=0x0, repeatCount=0, eventTime=792939, downTime=792939, deviceId=-1, source=0x101 }
07-28 18:59:58.721 10187 10187 I Input   : injectKeyEvent: KeyEvent { action=ACTION_DOWN, keyCode=KEYCODE_DEL, scanCode=0, metaState=0, flags=0x0, repeatCount=0, eventTime=792942, downTime=792942, deviceId=-1, source=0x101 }
07-28 18:59:58.723 10187 10187 I Input   : injectKeyEvent: KeyEvent { action=ACTION_UP, keyCode=KEYCODE_DEL, scanCode=0, metaState=0, flags=0x0, repeatCount=0, eventTime=792942, downTime=792942, deviceId=-1, source=0x101 }
07-28 18:59:58.725 10187 10187 I Input   : injectKeyEvent: KeyEvent { action=ACTION_DOWN, keyCode=KEYCODE_DEL, scanCode=0, metaState=0, flags=0x0, repeatCount=0, eventTime=792946, downTime=792946, deviceId=-1, source=0x101 }
07-28 18:59:58.726 10187 10187 I Input   : injectKeyEvent: KeyEvent { action=ACTION_UP, keyCode=KEYCODE_DEL, scanCode=0, metaState=0, flags=0x0, repeatCount=0, eventTime=792946, downTime=792946, deviceId=-1, source=0x101 }
07-28 18:59:58.728 10187 10187 I Input   : injectKeyEvent: KeyEvent { action=ACTION_DOWN, keyCode=KEYCODE_DEL, scanCode=0, metaState=0, flags=0x0, repeatCount=0, eventTime=792949, downTime=792949, deviceId=-1, source=0x101 }
07-28 18:59:58.730 10187 10187 I Input   : injectKeyEvent: KeyEvent { action=ACTION_UP, keyCode=KEYCODE_DEL, scanCode=0, metaState=0, flags=0x0, repeatCount=0, eventTime=792949, downTime=792949, deviceId=-1, source=0x101 }
07-28 18:59:58.731 10187 10187 I Input   : injectKeyEvent: KeyEvent { action=ACTION_DOWN, keyCode=KEYCODE_DEL, scanCode=0, metaState=0, flags=0x0, repeatCount=0, eventTime=792952, downTime=792952, deviceId=-1, source=0x101 }
07-28 18:59:58.733 10187 10187 I Input   : injectKeyEvent: KeyEvent { action=ACTION_UP, keyCode=KEYCODE_DEL, scanCode=0, metaState=0, flags=0x0, repeatCount=0, eventTime=792952, downTime=792952, deviceId=-1, source=0x101 }
07-28 18:59:58.734 10187 10187 I Input   : injectKeyEvent: KeyEvent { action=ACTION_DOWN, keyCode=KEYCODE_DEL, scanCode=0, metaState=0, flags=0x0, repeatCount=0, eventTime=792955, downTime=792955, deviceId=-1, source=0x101 }
07-28 18:59:58.736 10187 10187 I Input   : injectKeyEvent: KeyEvent { action=ACTION_UP, keyCode=KEYCODE_DEL, scanCode=0, metaState=0, flags=0x0, repeatCount=0, eventTime=792955, downTime=792955, deviceId=-1, source=0x101 }
07-28 18:59:58.739 10187 10187 I Input   : injectKeyEvent: KeyEvent { action=ACTION_DOWN, keyCode=KEYCODE_DEL, scanCode=0, metaState=0, flags=0x0, repeatCount=0, eventTime=792960, downTime=792960, deviceId=-1, source=0x101 }
07-28 18:59:58.741 10187 10187 I Input   : injectKeyEvent: KeyEvent { action=ACTION_UP, keyCode=KEYCODE_DEL, scanCode=0, metaState=0, flags=0x0, repeatCount=0, eventTime=792960, downTime=792960, deviceId=-1, source=0x101 }
07-28 18:59:58.743 10187 10187 I Input   : injectKeyEvent: KeyEvent { action=ACTION_DOWN, keyCode=KEYCODE_DEL, scanCode=0, metaState=0, flags=0x0, repeatCount=0, eventTime=792964, downTime=792964, deviceId=-1, source=0x101 }
07-28 18:59:58.744 10187 10187 I Input   : injectKeyEvent: KeyEvent { action=ACTION_UP, keyCode=KEYCODE_DEL, scanCode=0, metaState=0, flags=0x0, repeatCount=0, eventTime=792964, downTime=792964, deviceId=-1, source=0x101 }
07-28 18:59:58.746 10187 10187 I Input   : injectKeyEvent: KeyEvent { action=ACTION_DOWN, keyCode=KEYCODE_DEL, scanCode=0, metaState=0, flags=0x0, repeatCount=0, eventTime=792967, downTime=792967, deviceId=-1, source=0x101 }
07-28 18:59:58.748 10187 10187 I Input   : injectKeyEvent: KeyEvent { action=ACTION_UP, keyCode=KEYCODE_DEL, scanCode=0, metaState=0, flags=0x0, repeatCount=0, eventTime=792967, downTime=792967, deviceId=-1, source=0x101 }
07-28 18:59:58.749 10187 10187 I Input   : injectKeyEvent: KeyEvent { action=ACTION_DOWN, keyCode=KEYCODE_DEL, scanCode=0, metaState=0, flags=0x0, repeatCount=0, eventTime=792970, downTime=792970, deviceId=-1, source=0x101 }
07-28 18:59:58.751 10187 10187 I Input   : injectKeyEvent: KeyEvent { action=ACTION_UP, keyCode=KEYCODE_DEL, scanCode=0, metaState=0, flags=0x0, repeatCount=0, eventTime=792970, downTime=792970, deviceId=-1, source=0x101 }
07-28 18:59:58.753 10187 10187 I Input   : injectKeyEvent: KeyEvent { action=ACTION_DOWN, keyCode=KEYCODE_DEL, scanCode=0, metaState=0, flags=0x0, repeatCount=0, eventTime=792974, downTime=792974, deviceId=-1, source=0x101 }
07-28 18:59:58.755 10187 10187 I Input   : injectKeyEvent: KeyEvent { action=ACTION_UP, keyCode=KEYCODE_DEL, scanCode=0, metaState=0, flags=0x0, repeatCount=0, eventTime=792974, downTime=792974, deviceId=-1, source=0x101 }
07-28 18:59:58.756 10187 10187 I Input   : injectKeyEvent: KeyEvent { action=ACTION_DOWN, keyCode=KEYCODE_DEL, scanCode=0, metaState=0, flags=0x0, repeatCount=0, eventTime=792977, downTime=792977, deviceId=-1, source=0x101 }
07-28 18:59:58.758 10187 10187 I Input   : injectKeyEvent: KeyEvent { action=ACTION_UP, keyCode=KEYCODE_DEL, scanCode=0, metaState=0, flags=0x0, repeatCount=0, eventTime=792977, downTime=792977, deviceId=-1, source=0x101 }
07-28 18:59:58.759 10187 10187 I Input   : injectKeyEvent: KeyEvent { action=ACTION_DOWN, keyCode=KEYCODE_DEL, scanCode=0, metaState=0, flags=0x0, repeatCount=0, eventTime=792981, downTime=792981, deviceId=-1, source=0x101 }
07-28 18:59:58.761 10187 10187 I Input   : injectKeyEvent: KeyEvent { action=ACTION_UP, keyCode=KEYCODE_DEL, scanCode=0, metaState=0, flags=0x0, repeatCount=0, eventTime=792981, downTime=792981, deviceId=-1, source=0x101 }
07-28 18:59:58.762 10187 10187 I Input   : injectKeyEvent: KeyEvent { action=ACTION_DOWN, keyCode=KEYCODE_DEL, scanCode=0, metaState=0, flags=0x0, repeatCount=0, eventTime=792983, downTime=792983, deviceId=-1, source=0x101 }
07-28 18:59:58.764 10187 10187 I Input   : injectKeyEvent: KeyEvent { action=ACTION_UP, keyCode=KEYCODE_DEL, scanCode=0, metaState=0, flags=0x0, repeatCount=0, eventTime=792983, downTime=792983, deviceId=-1, source=0x101 }
07-28 18:59:58.765 10187 10187 I Input   : injectKeyEvent: KeyEvent { action=ACTION_DOWN, keyCode=KEYCODE_DEL, scanCode=0, metaState=0, flags=0x0, repeatCount=0, eventTime=792986, downTime=792986, deviceId=-1, source=0x101 }
07-28 18:59:58.767 10187 10187 I Input   : injectKeyEvent: KeyEvent { action=ACTION_UP, keyCode=KEYCODE_DEL, scanCode=0, metaState=0, flags=0x0, repeatCount=0, eventTime=792986, downTime=792986, deviceId=-1, source=0x101 }
07-28 18:59:58.769 10187 10187 I Input   : injectKeyEvent: KeyEvent { action=ACTION_DOWN, keyCode=KEYCODE_DEL, scanCode=0, metaState=0, flags=0x0, repeatCount=0, eventTime=792990, downTime=792990, deviceId=-1, source=0x101 }
07-28 18:59:58.770 10187 10187 I Input   : injectKeyEvent: KeyEvent { action=ACTION_UP, keyCode=KEYCODE_DEL, scanCode=0, metaState=0, flags=0x0, repeatCount=0, eventTime=792990, downTime=792990, deviceId=-1, source=0x101 }
07-28 18:59:58.772 10187 10187 I Input   : injectKeyEvent: KeyEvent { action=ACTION_DOWN, keyCode=KEYCODE_DEL, scanCode=0, metaState=0, flags=0x0, repeatCount=0, eventTime=792993, downTime=792993, deviceId=-1, source=0x101 }
07-28 18:59:58.774 10187 10187 I Input   : injectKeyEvent: KeyEvent { action=ACTION_UP, keyCode=KEYCODE_DEL, scanCode=0, metaState=0, flags=0x0, repeatCount=0, eventTime=792993, downTime=792993, deviceId=-1, source=0x101 }
07-28 18:59:58.775 10187 10187 I Input   : injectKeyEvent: KeyEvent { action=ACTION_DOWN, keyCode=KEYCODE_DEL, scanCode=0, metaState=0, flags=0x0, repeatCount=0, eventTime=792996, downTime=792996, deviceId=-1, source=0x101 }
07-28 18:59:58.777 10187 10187 I Input   : injectKeyEvent: KeyEvent { action=ACTION_UP, keyCode=KEYCODE_DEL, scanCode=0, metaState=0, flags=0x0, repeatCount=0, eventTime=792996, downTime=792996, deviceId=-1, source=0x101 }
07-28 18:59:58.780 10187 10187 I Input   : injectKeyEvent: KeyEvent { action=ACTION_DOWN, keyCode=KEYCODE_DEL, scanCode=0, metaState=0, flags=0x0, repeatCount=0, eventTime=793001, downTime=793001, deviceId=-1, source=0x101 }
07-28 18:59:58.782 10187 10187 I Input   : injectKeyEvent: KeyEvent { action=ACTION_UP, keyCode=KEYCODE_DEL, scanCode=0, metaState=0, flags=0x0, repeatCount=0, eventTime=793001, downTime=793001, deviceId=-1, source=0x101 }
07-28 18:59:58.783 10187 10187 I Input   : injectKeyEvent: KeyEvent { action=ACTION_DOWN, keyCode=KEYCODE_DEL, scanCode=0, metaState=0, flags=0x0, repeatCount=0, eventTime=793004, downTime=793004, deviceId=-1, source=0x101 }
07-28 18:59:58.785 10187 10187 I Input   : injectKeyEvent: KeyEvent { action=ACTION_UP, keyCode=KEYCODE_DEL, scanCode=0, metaState=0, flags=0x0, repeatCount=0, eventTime=793004, downTime=793004, deviceId=-1, source=0x101 }
07-28 18:59:58.786 10187 10187 I Input   : injectKeyEvent: KeyEvent { action=ACTION_DOWN, keyCode=KEYCODE_DEL, scanCode=0, metaState=0, flags=0x0, repeatCount=0, eventTime=793007, downTime=793007, deviceId=-1, source=0x101 }
07-28 18:59:58.788 10187 10187 I Input   : injectKeyEvent: KeyEvent { action=ACTION_UP, keyCode=KEYCODE_DEL, scanCode=0, metaState=0, flags=0x0, repeatCount=0, eventTime=793007, downTime=793007, deviceId=-1, source=0x101 }
07-28 18:59:58.790 10187 10187 I Input   : injectKeyEvent: KeyEvent { action=ACTION_DOWN, keyCode=KEYCODE_DEL, scanCode=0, metaState=0, flags=0x0, repeatCount=0, eventTime=793012, downTime=793012, deviceId=-1, source=0x101 }
07-28 18:59:58.792 10187 10187 I Input   : injectKeyEvent: KeyEvent { action=ACTION_UP, keyCode=KEYCODE_DEL, scanCode=0, metaState=0, flags=0x0, repeatCount=0, eventTime=793012, downTime=793012, deviceId=-1, source=0x101 }
07-28 18:59:58.794 10187 10187 I Input   : injectKeyEvent: KeyEvent { action=ACTION_DOWN, keyCode=KEYCODE_DEL, scanCode=0, metaState=0, flags=0x0, repeatCount=0, eventTime=793015, downTime=793015, deviceId=-1, source=0x101 }
07-28 18:59:58.807 10187 10187 I Input   : injectKeyEvent: KeyEvent { action=ACTION_UP, keyCode=KEYCODE_DEL, scanCode=0, metaState=0, flags=0x0, repeatCount=0, eventTime=793015, downTime=793015, deviceId=-1, source=0x101 }
07-28 18:59:58.809 10187 10187 I Input   : injectKeyEvent: KeyEvent { action=ACTION_DOWN, keyCode=KEYCODE_DEL, scanCode=0, metaState=0, flags=0x0, repeatCount=0, eventTime=793030, downTime=793030, deviceId=-1, source=0x101 }
07-28 18:59:58.810 10187 10187 I Input   : injectKeyEvent: KeyEvent { action=ACTION_UP, keyCode=KEYCODE_DEL, scanCode=0, metaState=0, flags=0x0, repeatCount=0, eventTime=793030, downTime=793030, deviceId=-1, source=0x101 }
07-28 18:59:58.812 10187 10187 I Input   : injectKeyEvent: KeyEvent { action=ACTION_DOWN, keyCode=KEYCODE_DEL, scanCode=0, metaState=0, flags=0x0, repeatCount=0, eventTime=793033, downTime=793033, deviceId=-1, source=0x101 }
07-28 18:59:58.814 10187 10187 I Input   : injectKeyEvent: KeyEvent { action=ACTION_UP, keyCode=KEYCODE_DEL, scanCode=0, metaState=0, flags=0x0, repeatCount=0, eventTime=793033, downTime=793033, deviceId=-1, source=0x101 }
