07-28 18:59:58.816 10187 10187 D AndroidRuntime: Shutting down VM
07-28 18:59:58.965 10197 10197 D AndroidRuntime: >>>>>> START com.android.internal.os.RuntimeInit uid 2000 <<<<<<
07-28 18:59:58.966 10197 10197 D AndroidRuntime: CheckJNI is ON
07-28 18:59:58.979 10197 10197 W art     : Unexpected CPU variant for X86 using defaults: x86
07-28 18:59:58.982 10197 10197 D ICU     : No timezone override file found: /data/misc/zoneinfo/current/icu/icu_tzdata.dat
07-28 18:59:58.996 10197 10197 E memtrack: Couldn't load memtrack module (No such file or directory)
07-28 18:59:58.996 10197 10197 E android.os.Debug: failed to load memtrack module: -2
07-28 18:59:58.996 10197 10197 I Radio-JNI: register_android_hardware_Radio DONE
07-28 18:59:59.001 10197 10197 D AndroidRuntime: Calling main entry com.android.commands.input.Input
07-28 18:59:59.006 10197 10197 I Input   : injectKeyEvent: KeyEvent { action=ACTION_DOWN, keyCode=KEYCODE_SHIFT_LEFT, scanCode=0, metaState=META_SHIFT_ON|META_SHIFT_LEFT_ON, flags=0x0, repeatCount=0, eventTime=793227, downTime=793227, deviceId=-1, source=0x101 }
07-28 18:59:59.008 10197 10197 I Input   : injectKeyEvent: KeyEvent { action=ACTION_DOWN, keyCode=KEYCODE_T, scanCode=0, metaState=META_SHIFT_ON|META_SHIFT_LEFT_ON, flags=0x0, repeatCount=0, eventTime=793227, downTime=793227, deviceId=-1, source=0x101 }
07-28 18:59:59.016 10197 10197 I Input   : injectKeyEvent: KeyEvent { action=ACTION_UP, keyCode=KEYCODE_T, scanCode=0, metaState=META_SHIFT_ON|META_SHIFT_LEFT_ON, flags=0x0, repeatCount=0, eventTime=793227, downTime=793227, deviceId=-1, source=0x101 }
07-28 18:59:59.030 10197 10197 I Input   : injectKeyEvent: KeyEvent { action=ACTION_UP, keyCode=KEYCODE_SHIFT_LEFT, scanCode=0, metaState=0, flags=0x0, repeatCount=0, eventTime=793227, downTime=793227, deviceId=-1, source=0x101 }
07-28 18:59:59.032 10197 10197 I Input   : injectKeyEvent: KeyEvent { action=ACTION_DOWN, keyCode=KEYCODE_E, scanCode=0, metaState=0, flags=0x0, repeatCount=0, eventTime=793227, downTime=793227, deviceId=-1, source=0x101 }
07-28 18:59:59.039 10197 10197 I Input   : injectKeyEvent: KeyEvent { action=ACTION_UP, keyCode=KEYCODE_E, scanCode=0, metaState=0, flags=0x0, repeatCount=0, eventTime=793227, downTime=793227, deviceId=-1, source=0x101 }
07-28 18:59:59.041 10197 10197 I Input   : injectKeyEvent: KeyEvent { action=ACTION_DOWN, keyCode=KEYCODE_S, scanCode=0, metaState=0, flags=0x0, repeatCount=0, eventTime=793227, downTime=793227, deviceId=-1, source=0x101 }
07-28 18:59:59.044 10197 10197 I Input   : injectKeyEvent: KeyEvent { action=ACTION_UP, keyCode=KEYCODE_S, scanCode=0, metaState=0, flags=0x0, repeatCount=0, eventTime=793227, downTime=793227, deviceId=-1, source=0x101 }
07-28 18:59:59.059 10197 10197 I Input   : injectKeyEvent: KeyEvent { action=ACTION_DOWN, keyCode=KEYCODE_T, scanCode=0, metaState=0, flags=0x0, repeatCount=0, eventTime=793227, downTime=793227, deviceId=-1, source=0x101 }
07-28 18:59:59.062 10197 10197 I Input   : injectKeyEvent: KeyEvent { action=ACTION_UP, keyCode=KEYCODE_T, scanCode=0, metaState=0, flags=0x0, repeatCount=0, eventTime=793227, downTime=793227, deviceId=-1, source=0x101 }
07-28 18:59:59.075 10197 10197 I Input   : injectKeyEvent: KeyEvent { action=ACTION_DOWN, keyCode=KEYCODE_SHIFT_LEFT, scanCode=0, metaState=META_SHIFT_ON|META_SHIFT_LEFT_ON, flags=0x0, repeatCount=0, eventTime=793227, downTime=793227, deviceId=-1, source=0x101 }
07-28 18:59:59.077 10197 10197 I Input   : injectKeyEvent: KeyEvent { action=ACTION_DOWN, keyCode=KEYCODE_T, scanCode=0, metaState=META_SHIFT_ON|META_SHIFT_LEFT_ON, flags=0x0, repeatCount=0, eventTime=793227, downTime=793227, deviceId=-1, source=0x101 }
07-28 18:59:59.081 10197 10197 I Input   : injectKeyEvent: KeyEvent { action=ACTION_UP, keyCode=KEYCODE_T, scanCode=0, metaState=META_SHIFT_ON|META_SHIFT_LEFT_ON, flags=0x0, repeatCount=0, eventTime=793227, downTime=793227, deviceId=-1, source=0x101 }
07-28 18:59:59.094 10197 10197 I Input   : injectKeyEvent: KeyEvent { action=ACTION_UP, keyCode=KEYCODE_SHIFT_LEFT, scanCode=0, metaState=0, flags=0x0, repeatCount=0, eventTime=793227, downTime=793227, deviceId=-1, source=0x101 }
07-28 18:59:59.096 10197 10197 I Input   : injectKeyEvent: KeyEvent { action=ACTION_DOWN, keyCode=KEYCODE_E, scanCode=0, metaState=0, flags=0x0, repeatCount=0, eventTime=793227, downTime=793227, deviceId=-1, source=0x101 }
07-28 18:59:59.099 10197 10197 I Input   : injectKeyEvent: KeyEvent { action=ACTION_UP, keyCode=KEYCODE_E, scanCode=0, metaState=0, flags=0x0, repeatCount=0, eventTime=793227, downTime=793227, deviceId=-1, source=0x101 }
07-28 18:59:59.101 10197 10197 I Input   : injectKeyEvent: KeyEvent { action=ACTION_DOWN, keyCode=KEYCODE_S, scanCode=0, metaState=0, flags=0x0, repeatCount=0, eventTime=793227, downTime=793227, deviceId=-1, source=0x101 }
07-28 18:59:59.104 10197 10197 I Input   : injectKeyEvent: KeyEvent { action=ACTION_UP, keyCode=KEYCODE_S, scanCode=0, metaState=0, flags=0x0, repeatCount=0, eventTime=793227, downTime=793227, deviceId=-1, source=0x101 }
07-28 18:59:59.106 10197 10197 I Input   : injectKeyEvent: KeyEvent { action=ACTION_DOWN, keyCode=KEYCODE_T, scanCode=0, metaState=0, flags=0x0, repeatCount=0, eventTime=793227, downTime=793227, deviceId=-1, source=0x101 }
07-28 18:59:59.109 10197 10197 I Input   : injectKeyEvent: KeyEvent { action=ACTION_UP, keyCode=KEYCODE_T, scanCode=0, metaState=0, flags=0x0, repeatCount=0, eventTime=793227, downTime=793227, deviceId=-1, source=0x101 }
07-28 18:59:59.111 10197 10197 I Input   : injectKeyEvent: KeyEvent { action=ACTION_DOWN, keyCode=KEYCODE_SPACE, scanCode=0, metaState=0, flags=0x0, repeatCount=0, eventTime=793227, downTime=793227, deviceId=-1, source=0x101 }
07-28 18:59:59.125 10197 10197 I Input   : injectKeyEvent: KeyEvent { action=ACTION_UP, keyCode=KEYCODE_SPACE, scanCode=0, metaState=0, flags=0x0, repeatCount=0, eventTime=793227, downTime=793227, deviceId=-1, source=0x101 }
07-28 18:59:59.127 10197 10197 I Input   : injectKeyEvent: KeyEvent { action=ACTION_DOWN, keyCode=KEYCODE_SHIFT_LEFT, scanCode=0, metaState=META_SHIFT_ON|META_SHIFT_LEFT_ON, flags=0x0, repeatCount=0, eventTime=793227, downTime=793227, deviceId=-1, source=0x101 }
07-28 18:59:59.129  1812  2033 I LatinIME:LogUtils: Dictionary info: dictionary = spellcheck_userunigram.en_US ; version = 1627513199 ; date = ?
07-28 18:59:59.143 10197 10197 I Input   : injectKeyEvent: KeyEvent { action=ACTION_DOWN, keyCode=KEYCODE_T, scanCode=0, metaState=META_SHIFT_ON|META_SHIFT_LEFT_ON, flags=0x0, repeatCount=0, eventTime=793227, downTime=793227, deviceId=-1, source=0x101 }
07-28 18:59:59.147 10197 10197 I Input   : injectKeyEvent: KeyEvent { action=ACTION_UP, keyCode=KEYCODE_T, scanCode=0, metaState=META_SHIFT_ON|META_SHIFT_LEFT_ON, flags=0x0, repeatCount=0, eventTime=793227, downTime=793227, deviceId=-1, source=0x101 }
07-28 18:59:59.161 10197 10197 I Input   : injectKeyEvent: KeyEvent { action=ACTION_UP, keyCode=KEYCODE_SHIFT_LEFT, scanCode=0, metaState=0, flags=0x0, repeatCount=0, eventTime=793227, downTime=793227, deviceId=-1, source=0x101 }
07-28 18:59:59.163 10197 10197 I Input   : injectKeyEvent: KeyEvent { action=ACTION_DOWN, keyCode=KEYCODE_E, scanCode=0, metaState=0, flags=0x0, repeatCount=0, eventTime=793227, downTime=793227, deviceId=-1, source=0x101 }
07-28 18:59:59.166 10197 10197 I Input   : injectKeyEvent: KeyEvent { action=ACTION_UP, keyCode=KEYCODE_E, scanCode=0, metaState=0, flags=0x0, repeatCount=0, eventTime=793227, downTime=793227, deviceId=-1, source=0x101 }
07-28 18:59:59.168 10197 10197 I Input   : injectKeyEvent: KeyEvent { action=ACTION_DOWN, keyCode=KEYCODE_S, scanCode=0, metaState=0, flags=0x0, repeatCount=0, eventTime=793227, downTime=793227, deviceId=-1, source=0x101 }
07-28 18:59:59.172 10197 10197 I Input   : injectKeyEvent: KeyEvent { action=ACTION_UP, keyCode=KEYCODE_S, scanCode=0, metaState=0, flags=0x0, repeatCount=0, eventTime=793227, downTime=793227, deviceId=-1, source=0x101 }
07-28 18:59:59.174 10197 10197 I Input   : injectKeyEvent: KeyEvent { action=ACTION_DOWN, keyCode=KEYCODE_T, scanCode=0, metaState=0, flags=0x0, repeatCount=0, eventTime=793227, downTime=793227, deviceId=-1, source=0x101 }
07-28 18:59:59.177 10197 10197 I Input   : injectKeyEvent: KeyEvent { action=ACTION_UP, keyCode=KEYCODE_T, scanCode=0, metaState=0, flags=0x0, repeatCount=0, eventTime=793227, downTime=793227, deviceId=-1, source=0x101 }
07-28 18:59:59.179 10197 10197 D AndroidRuntime: Shutting down VM
07-28 18:59:59.187  1812  2033 I LatinIME:LogUtils: Dictionary info: dictionary = main:en ; version = 54 ; date = 1414726273
07-28 18:59:59.223 10217 10217 W ls      : type=1400 audit(0.0:33): avc: denied { getattr } for path="/proc/sysrq-trigger" dev="proc" ino=4026532069 scontext=u:r:shell:s0 tcontext=u:object_r:proc_sysrq:s0 tclass=file permissive=0
07-28 18:59:59.223 10217 10217 W ls      : type=1400 audit(0.0:34): avc: denied { getattr } for path="/proc/iomem" dev="proc" ino=4026532007 scontext=u:r:shell:s0 tcontext=u:object_r:proc_iomem:s0 tclass=file permissive=0
07-28 19:00:00.013  1858  2083 D EGL_emulation: eglMakeCurrent: 0xa1f05780: ver 3 0 (tinfo 0xa1f033c0)
07-28 19:00:00.625  1348  1366 E SurfaceFlinger: ro.sf.lcd_density must be defined as a build property
07-28 19:00:00.627  1348  1380 D gralloc_ranchu: gralloc_alloc: Creating ashmem region of size 8294400
07-28 19:00:00.632 10496 10496 D         : HostConnection::get() New Host Connection established 0xb5f9b2c0, tid 10496
07-28 19:00:00.918 10501 10501 D AndroidRuntime: >>>>>> START com.android.internal.os.RuntimeInit uid 2000 <<<<<<
07-28 19:00:00.921 10501 10501 D AndroidRuntime: CheckJNI is ON
07-28 19:00:00.935 10501 10501 W art     : Unexpected CPU variant for X86 using defaults: x86
07-28 19:00:00.940 10501 10501 D ICU     : No timezone override file found: /data/misc/zoneinfo/current/icu/icu_tzdata.dat
07-28 19:00:00.956 10501 10501 E memtrack: Couldn't load memtrack module (No such file or directory)
07-28 19:00:00.956 10501 10501 E android.os.Debug: failed to load memtrack module: -2
07-28 19:00:00.957 10501 10501 I Radio-JNI: register_android_hardware_Radio DONE
07-28 19:00:00.964 10501 10501 D AndroidRuntime: Calling main entry com.android.commands.am.Am
07-28 19:00:00.971  2878  2878 D MediaScannerReceiver: action: android.intent.action.MEDIA_SCANNER_SCAN_FILE path: /storage/emulated/0/screen.png
07-28 19:00:00.973 10501 10501 D AndroidRuntime: Shutting down VM
07-28 19:00:03.366 10514 10514 D AndroidRuntime: >>>>>> START com.android.internal.os.RuntimeInit uid 2000 <<<<<<
07-28 19:00:03.368 10514 10514 D AndroidRuntime: CheckJNI is ON
07-28 19:00:03.382 10514 10514 W art     : Unexpected CPU variant for X86 using defaults: x86
07-28 19:00:03.386 10514 10514 D ICU     : No timezone override file found: /data/local/tmp/misc/zoneinfo/current/icu/icu_tzdata.dat
07-28 19:00:03.405 10514 10514 E memtrack: Couldn't load memtrack module (No such file or directory)
07-28 19:00:03.405 10514 10514 E android.os.Debug: failed to load memtrack module: -2
07-28 19:00:03.405 10514 10514 I Radio-JNI: register_android_hardware_Radio DONE
07-28 19:00:03.411 10514 10514 D AndroidRuntime: Calling main entry com.android.commands.uiautomator.Launcher
07-28 19:00:04.434 10514 10514 W AccessibilityNodeInfoDumper: Fetch time: 3ms
07-28 19:00:04.434  1679  2430 W WindowManager: Attempted to remove non-existing token: android.os.Binder@3b18eb4
07-28 19:00:04.440  1858  1858 V PhoneStatusBar: setLightsOn(true)
07-28 19:00:04.441 10514 10514 D AndroidRuntime: Shutting down VM
07-28 19:00:06.679 10531 10531 D AndroidRuntime: >>>>>> START com.android.internal.os.RuntimeInit uid 2000 <<<<<<
07-28 19:00:06.681 10531 10531 D AndroidRuntime: CheckJNI is ON
07-28 19:00:06.698 10531 10531 W art     : Unexpected CPU variant for X86 using defaults: x86
07-28 19:00:06.701 10531 10531 D ICU     : No timezone override file found: /data/local/tmp/misc/zoneinfo/current/icu/icu_tzdata.dat
07-28 19:00:06.717 10531 10531 E memtrack: Couldn't load memtrack module (No such file or directory)
07-28 19:00:06.717 10531 10531 E android.os.Debug: failed to load memtrack module: -2
07-28 19:00:06.717 10531 10531 I Radio-JNI: register_android_hardware_Radio DONE
07-28 19:00:06.722 10531 10531 D AndroidRuntime: Calling main entry com.android.commands.uiautomator.Launcher
07-28 19:00:07.755 10531 10531 W AccessibilityNodeInfoDumper: Fetch time: 3ms
07-28 19:00:07.756  1679  3559 W WindowManager: Attempted to remove non-existing token: android.os.Binder@69c2d9b
07-28 19:00:07.761  1858  1858 V PhoneStatusBar: setLightsOn(true)
07-28 19:00:07.761 10531 10531 D AndroidRuntime: Shutting down VM
07-28 19:00:08.540 10557 10557 D AndroidRuntime: >>>>>> START com.android.internal.os.RuntimeInit uid 2000 <<<<<<
07-28 19:00:08.543 10557 10557 D AndroidRuntime: CheckJNI is ON
07-28 19:00:08.559 10557 10557 W art     : Unexpected CPU variant for X86 using defaults: x86
07-28 19:00:08.562 10557 10557 D ICU     : No timezone override file found: /data/local/tmp/misc/zoneinfo/current/icu/icu_tzdata.dat
07-28 19:00:08.575 10557 10557 E memtrack: Couldn't load memtrack module (No such file or directory)
07-28 19:00:08.575 10557 10557 E android.os.Debug: failed to load memtrack module: -2
07-28 19:00:08.576 10557 10557 I Radio-JNI: register_android_hardware_Radio DONE
07-28 19:00:08.580 10557 10557 D AndroidRuntime: Calling main entry com.android.commands.uiautomator.Launcher
07-28 19:00:09.608 10557 10557 W AccessibilityNodeInfoDumper: Fetch time: 3ms
07-28 19:00:09.609  1679  3559 W WindowManager: Attempted to remove non-existing token: android.os.Binder@f700911
07-28 19:00:09.613  1858  1858 V PhoneStatusBar: setLightsOn(true)
07-28 19:00:09.613 10557 10557 D AndroidRuntime: Shutting down VM
07-28 19:00:09.830 10575 10575 D AndroidRuntime: >>>>>> START com.android.internal.os.RuntimeInit uid 2000 <<<<<<
07-28 19:00:09.831 10575 10575 D AndroidRuntime: CheckJNI is ON
07-28 19:00:09.846 10575 10575 W art     : Unexpected CPU variant for X86 using defaults: x86
07-28 19:00:09.849 10575 10575 D ICU     : No timezone override file found: /data/local/tmp/misc/zoneinfo/current/icu/icu_tzdata.dat
07-28 19:00:09.866 10575 10575 E memtrack: Couldn't load memtrack module (No such file or directory)
07-28 19:00:09.866 10575 10575 E android.os.Debug: failed to load memtrack module: -2
07-28 19:00:09.867 10575 10575 I Radio-JNI: register_android_hardware_Radio DONE
07-28 19:00:09.872 10575 10575 D AndroidRuntime: Calling main entry com.android.commands.uiautomator.Launcher
07-28 19:00:10.902 10575 10575 W AccessibilityNodeInfoDumper: Fetch time: 4ms
07-28 19:00:10.902  1679  2321 W WindowManager: Attempted to remove non-existing token: android.os.Binder@d060877
07-28 19:00:10.907 10575 10575 D AndroidRuntime: Shutting down VM
07-28 19:00:10.907  1858  1858 V PhoneStatusBar: setLightsOn(true)
07-28 19:00:11.708 10605 10605 D AndroidRuntime: >>>>>> START com.android.internal.os.RuntimeInit uid 2000 <<<<<<
07-28 19:00:11.710 10605 10605 D AndroidRuntime: CheckJNI is ON
07-28 19:00:11.723 10605 10605 W art     : Unexpected CPU variant for X86 using defaults: x86
07-28 19:00:11.725 10605 10605 D ICU     : No timezone override file found: /data/local/tmp/misc/zoneinfo/current/icu/icu_tzdata.dat
07-28 19:00:11.740 10605 10605 E memtrack: Couldn't load memtrack module (No such file or directory)
07-28 19:00:11.740 10605 10605 E android.os.Debug: failed to load memtrack module: -2
07-28 19:00:11.741 10605 10605 I Radio-JNI: register_android_hardware_Radio DONE
07-28 19:00:11.746 10605 10605 D AndroidRuntime: Calling main entry com.android.commands.uiautomator.Launcher
07-28 19:00:12.777 10605 10605 W AccessibilityNodeInfoDumper: Fetch time: 2ms
07-28 19:00:12.778  1679  2430 W WindowManager: Attempted to remove non-existing token: android.os.Binder@3ff8f6f
07-28 19:00:12.782  1858  1858 V PhoneStatusBar: setLightsOn(true)
07-28 19:00:12.783 10605 10605 D AndroidRuntime: Shutting down VM
07-28 19:00:12.995 10623 10623 D AndroidRuntime: >>>>>> START com.android.internal.os.RuntimeInit uid 2000 <<<<<<
07-28 19:00:12.996 10623 10623 D AndroidRuntime: CheckJNI is ON
07-28 19:00:13.012 10623 10623 W art     : Unexpected CPU variant for X86 using defaults: x86
07-28 19:00:13.015 10623 10623 D ICU     : No timezone override file found: /data/local/tmp/misc/zoneinfo/current/icu/icu_tzdata.dat
07-28 19:00:13.030 10623 10623 E memtrack: Couldn't load memtrack module (No such file or directory)
07-28 19:00:13.031 10623 10623 E android.os.Debug: failed to load memtrack module: -2
07-28 19:00:13.032 10623 10623 I Radio-JNI: register_android_hardware_Radio DONE
07-28 19:00:13.036 10623 10623 D AndroidRuntime: Calling main entry com.android.commands.uiautomator.Launcher
07-28 19:00:14.066 10623 10623 W AccessibilityNodeInfoDumper: Fetch time: 3ms
07-28 19:00:14.066  1679  1869 W WindowManager: Attempted to remove non-existing token: android.os.Binder@634b105
07-28 19:00:14.074 10623 10623 D AndroidRuntime: Shutting down VM
07-28 19:00:14.075  1858  1858 V PhoneStatusBar: setLightsOn(true)
07-28 19:00:14.373 10636 10636 D AndroidRuntime: >>>>>> START com.android.internal.os.RuntimeInit uid 2000 <<<<<<
07-28 19:00:14.378 10636 10636 D AndroidRuntime: CheckJNI is ON
07-28 19:00:14.398 10636 10636 W art     : Unexpected CPU variant for X86 using defaults: x86
07-28 19:00:14.404 10636 10636 D ICU     : No timezone override file found: /data/misc/zoneinfo/current/icu/icu_tzdata.dat
07-28 19:00:14.425 10636 10636 E memtrack: Couldn't load memtrack module (No such file or directory)
07-28 19:00:14.425 10636 10636 E android.os.Debug: failed to load memtrack module: -2
07-28 19:00:14.426 10636 10636 I Radio-JNI: register_android_hardware_Radio DONE
07-28 19:00:14.433 10636 10636 D AndroidRuntime: Calling main entry com.android.commands.input.Input
07-28 19:00:14.438 10636 10636 I Input   : injectMotionEvent: MotionEvent { action=ACTION_DOWN, actionButton=0, id[0]=0, x[0]=139.0, y[0]=158.0, toolType[0]=TOOL_TYPE_UNKNOWN, buttonState=0, metaState=0, flags=0x0, edgeFlags=0x0, pointerCount=1, historySize=0, eventTime=808656, downTime=808656, deviceId=0, source=0x1002 }
07-28 19:00:14.441 10636 10636 I Input   : injectMotionEvent: MotionEvent { action=ACTION_UP, actionButton=0, id[0]=0, x[0]=139.0, y[0]=158.0, toolType[0]=TOOL_TYPE_UNKNOWN, buttonState=0, metaState=0, flags=0x0, edgeFlags=0x0, pointerCount=1, historySize=0, eventTime=808656, downTime=808656, deviceId=0, source=0x1002 }
07-28 19:00:14.443 10636 10636 D AndroidRuntime: Shutting down VM
07-28 19:00:14.449 10636 10642 W art     : No such thread id for suspend: 1
07-28 19:00:14.489  1435  1455 W audio_hw_generic: Not supplying enough data to HAL, expected position 2209267 , only wrote 2208960
07-28 19:00:14.554  1435  1455 W audio_hw_generic: Not supplying enough data to HAL, expected position 2212140 , only wrote 2211840
07-28 19:00:14.554  1435  1455 W audio_hw_generic: Not supplying enough data to HAL, expected position 2211848 , only wrote 2211840
07-28 19:00:14.554  1435  1455 W audio_hw_generic: Hardware backing HAL too slow, could only write 0 of 720 frames
07-28 19:00:14.570  1435  1455 W audio_hw_generic: Hardware backing HAL too slow, could only write 0 of 720 frames
07-28 19:00:14.598  1435  1456 D AudioFlinger: mixer(0xb6003b00) throttle end: throttle time(12)
07-28 19:00:14.616  8461  8461 W IInputConnectionWrapper: finishComposingText on inactive InputConnection
07-28 19:00:17.083 10651 10651 W ls      : type=1400 audit(0.0:35): avc: denied { getattr } for path="/proc/sysrq-trigger" dev="proc" ino=4026532069 scontext=u:r:shell:s0 tcontext=u:object_r:proc_sysrq:s0 tclass=file permissive=0
07-28 19:00:17.083 10651 10651 W ls      : type=1400 audit(0.0:36): avc: denied { getattr } for path="/proc/iomem" dev="proc" ino=4026532007 scontext=u:r:shell:s0 tcontext=u:object_r:proc_iomem:s0 tclass=file permissive=0
07-28 19:00:17.781  1435  1456 W audio_hw_generic: Not supplying enough data to HAL, expected position 2519651 , only wrote 2366640
07-28 19:00:18.695 10938 10938 D AndroidRuntime: >>>>>> START com.android.internal.os.RuntimeInit uid 2000 <<<<<<
07-28 19:00:18.697 10938 10938 D AndroidRuntime: CheckJNI is ON
07-28 19:00:18.714 10938 10938 W art     : Unexpected CPU variant for X86 using defaults: x86
07-28 19:00:18.717 10938 10938 D ICU     : No timezone override file found: /data/local/tmp/misc/zoneinfo/current/icu/icu_tzdata.dat
07-28 19:00:18.733 10938 10938 E memtrack: Couldn't load memtrack module (No such file or directory)
07-28 19:00:18.733 10938 10938 E android.os.Debug: failed to load memtrack module: -2
07-28 19:00:18.734 10938 10938 I Radio-JNI: register_android_hardware_Radio DONE
07-28 19:00:18.738 10938 10938 D AndroidRuntime: Calling main entry com.android.commands.uiautomator.Launcher
07-28 19:00:19.770 10938 10938 W AccessibilityNodeInfoDumper: Fetch time: 3ms
07-28 19:00:19.771  1679  2321 W WindowManager: Attempted to remove non-existing token: android.os.Binder@11fb38b
07-28 19:00:19.776  1858  1858 V PhoneStatusBar: setLightsOn(true)
07-28 19:00:19.779 10938 10938 D AndroidRuntime: Shutting down VM
07-28 19:00:20.571 10964 10964 D AndroidRuntime: >>>>>> START com.android.internal.os.RuntimeInit uid 2000 <<<<<<
07-28 19:00:20.573 10964 10964 D AndroidRuntime: CheckJNI is ON
07-28 19:00:20.586 10964 10964 W art     : Unexpected CPU variant for X86 using defaults: x86
07-28 19:00:20.591 10964 10964 D ICU     : No timezone override file found: /data/local/tmp/misc/zoneinfo/current/icu/icu_tzdata.dat
07-28 19:00:20.609 10964 10964 E memtrack: Couldn't load memtrack module (No such file or directory)
07-28 19:00:20.609 10964 10964 E android.os.Debug: failed to load memtrack module: -2
07-28 19:00:20.610 10964 10964 I Radio-JNI: register_android_hardware_Radio DONE
07-28 19:00:20.614 10964 10964 D AndroidRuntime: Calling main entry com.android.commands.uiautomator.Launcher
07-28 19:00:21.638 10964 10964 W AccessibilityNodeInfoDumper: Fetch time: 3ms
07-28 19:00:21.638  1679  2322 W WindowManager: Attempted to remove non-existing token: android.os.Binder@2d3fd67
07-28 19:00:21.645  1858  1858 V PhoneStatusBar: setLightsOn(true)
07-28 19:00:21.645 10964 10964 D AndroidRuntime: Shutting down VM
07-28 19:00:22.428 10991 10991 D AndroidRuntime: >>>>>> START com.android.internal.os.RuntimeInit uid 2000 <<<<<<
07-28 19:00:22.430 10991 10991 D AndroidRuntime: CheckJNI is ON
07-28 19:00:22.444 10991 10991 W art     : Unexpected CPU variant for X86 using defaults: x86
07-28 19:00:22.448 10991 10991 D ICU     : No timezone override file found: /data/local/tmp/misc/zoneinfo/current/icu/icu_tzdata.dat
07-28 19:00:22.464 10991 10991 E memtrack: Couldn't load memtrack module (No such file or directory)
07-28 19:00:22.465 10991 10991 E android.os.Debug: failed to load memtrack module: -2
07-28 19:00:22.465 10991 10991 I Radio-JNI: register_android_hardware_Radio DONE
07-28 19:00:22.470 10991 10991 D AndroidRuntime: Calling main entry com.android.commands.uiautomator.Launcher
07-28 19:00:23.498 10991 10991 W AccessibilityNodeInfoDumper: Fetch time: 3ms
07-28 19:00:23.498  1679  2118 W WindowManager: Attempted to remove non-existing token: android.os.Binder@c6cfbbd
07-28 19:00:23.502  1858  1858 V PhoneStatusBar: setLightsOn(true)
07-28 19:00:23.503 10991 10991 D AndroidRuntime: Shutting down VM
07-28 19:00:23.707 11010 11010 D AndroidRuntime: >>>>>> START com.android.internal.os.RuntimeInit uid 2000 <<<<<<
07-28 19:00:23.709 11010 11010 D AndroidRuntime: CheckJNI is ON
07-28 19:00:23.723 11010 11010 W art     : Unexpected CPU variant for X86 using defaults: x86
07-28 19:00:23.726 11010 11010 D ICU     : No timezone override file found: /data/local/tmp/misc/zoneinfo/current/icu/icu_tzdata.dat
07-28 19:00:23.742 11010 11010 E memtrack: Couldn't load memtrack module (No such file or directory)
07-28 19:00:23.742 11010 11010 E android.os.Debug: failed to load memtrack module: -2
07-28 19:00:23.743 11010 11010 I Radio-JNI: register_android_hardware_Radio DONE
07-28 19:00:23.748 11010 11010 D AndroidRuntime: Calling main entry com.android.commands.uiautomator.Launcher
07-28 19:00:24.773 11010 11010 W AccessibilityNodeInfoDumper: Fetch time: 3ms
07-28 19:00:24.774  1679  1869 W WindowManager: Attempted to remove non-existing token: android.os.Binder@3990903
07-28 19:00:24.777 11010 11010 D AndroidRuntime: Shutting down VM
07-28 19:00:24.779  1858  1858 V PhoneStatusBar: setLightsOn(true)
07-28 19:00:25.578 11036 11036 D AndroidRuntime: >>>>>> START com.android.internal.os.RuntimeInit uid 2000 <<<<<<
07-28 19:00:25.580 11036 11036 D AndroidRuntime: CheckJNI is ON
07-28 19:00:25.598 11036 11036 W art     : Unexpected CPU variant for X86 using defaults: x86
07-28 19:00:25.601 11036 11036 D ICU     : No timezone override file found: /data/local/tmp/misc/zoneinfo/current/icu/icu_tzdata.dat
07-28 19:00:25.618 11036 11036 E memtrack: Couldn't load memtrack module (No such file or directory)
07-28 19:00:25.618 11036 11036 E android.os.Debug: failed to load memtrack module: -2
07-28 19:00:25.619 11036 11036 I Radio-JNI: register_android_hardware_Radio DONE
07-28 19:00:25.624 11036 11036 D AndroidRuntime: Calling main entry com.android.commands.uiautomator.Launcher
07-28 19:00:26.649 11036 11036 W AccessibilityNodeInfoDumper: Fetch time: 3ms
07-28 19:00:26.650  1679  2428 W WindowManager: Attempted to remove non-existing token: android.os.Binder@6f296b9
07-28 19:00:26.653 11036 11036 D AndroidRuntime: Shutting down VM
07-28 19:00:26.654  1858  1858 V PhoneStatusBar: setLightsOn(true)
07-28 19:00:27.482 11069 11069 D AndroidRuntime: >>>>>> START com.android.internal.os.RuntimeInit uid 2000 <<<<<<
07-28 19:00:27.484 11069 11069 D AndroidRuntime: CheckJNI is ON
07-28 19:00:27.500 11069 11069 W art     : Unexpected CPU variant for X86 using defaults: x86
07-28 19:00:27.502 11069 11069 D ICU     : No timezone override file found: /data/local/tmp/misc/zoneinfo/current/icu/icu_tzdata.dat
07-28 19:00:27.517 11069 11069 E memtrack: Couldn't load memtrack module (No such file or directory)
07-28 19:00:27.517 11069 11069 E android.os.Debug: failed to load memtrack module: -2
07-28 19:00:27.518 11069 11069 I Radio-JNI: register_android_hardware_Radio DONE
07-28 19:00:27.524 11069 11069 D AndroidRuntime: Calling main entry com.android.commands.uiautomator.Launcher
07-28 19:00:28.571 11069 11069 W AccessibilityNodeInfoDumper: Fetch time: 3ms
07-28 19:00:28.572  1679  2039 W WindowManager: Attempted to remove non-existing token: android.os.Binder@f19325f
07-28 19:00:28.576  1858  1858 V PhoneStatusBar: setLightsOn(true)
07-28 19:00:28.577 11069 11069 D AndroidRuntime: Shutting down VM
07-28 19:00:28.702  1348  1366 E SurfaceFlinger: ro.sf.lcd_density must be defined as a build property
07-28 19:00:28.705  1348  1380 D gralloc_ranchu: gralloc_alloc: Creating ashmem region of size 8294400
07-28 19:00:28.712 11085 11085 D         : HostConnection::get() New Host Connection established 0xb569b2c0, tid 11085
07-28 19:00:28.983 11090 11090 D AndroidRuntime: >>>>>> START com.android.internal.os.RuntimeInit uid 2000 <<<<<<
07-28 19:00:28.985 11090 11090 D AndroidRuntime: CheckJNI is ON
07-28 19:00:29.003 11090 11090 W art     : Unexpected CPU variant for X86 using defaults: x86
07-28 19:00:29.007 11090 11090 D ICU     : No timezone override file found: /data/misc/zoneinfo/current/icu/icu_tzdata.dat
07-28 19:00:29.023 11090 11090 E memtrack: Couldn't load memtrack module (No such file or directory)
07-28 19:00:29.023 11090 11090 E android.os.Debug: failed to load memtrack module: -2
07-28 19:00:29.024 11090 11090 I Radio-JNI: register_android_hardware_Radio DONE
07-28 19:00:29.031 11090 11090 D AndroidRuntime: Calling main entry com.android.commands.am.Am
07-28 19:00:29.041  2878  2878 D MediaScannerReceiver: action: android.intent.action.MEDIA_SCANNER_SCAN_FILE path: /storage/emulated/0/screen.png
07-28 19:00:29.043 11090 11090 D AndroidRuntime: Shutting down VM
07-28 19:00:31.411 11103 11103 D AndroidRuntime: >>>>>> START com.android.internal.os.RuntimeInit uid 2000 <<<<<<
07-28 19:00:31.412 11103 11103 D AndroidRuntime: CheckJNI is ON
07-28 19:00:31.426 11103 11103 W art     : Unexpected CPU variant for X86 using defaults: x86
07-28 19:00:31.429 11103 11103 D ICU     : No timezone override file found: /data/local/tmp/misc/zoneinfo/current/icu/icu_tzdata.dat
07-28 19:00:31.446 11103 11103 E memtrack: Couldn't load memtrack module (No such file or directory)
07-28 19:00:31.446 11103 11103 E android.os.Debug: failed to load memtrack module: -2
07-28 19:00:31.446 11103 11103 I Radio-JNI: register_android_hardware_Radio DONE
07-28 19:00:31.452 11103 11103 D AndroidRuntime: Calling main entry com.android.commands.uiautomator.Launcher
07-28 19:00:32.475 11103 11103 W AccessibilityNodeInfoDumper: Fetch time: 3ms
07-28 19:00:32.475  1679  2322 W WindowManager: Attempted to remove non-existing token: android.os.Binder@f954f98
07-28 19:00:32.480 11103 11103 D AndroidRuntime: Shutting down VM
07-28 19:00:32.482  1858  1858 V PhoneStatusBar: setLightsOn(true)
07-28 19:00:35.261 11129 11129 D AndroidRuntime: >>>>>> START com.android.internal.os.RuntimeInit uid 2000 <<<<<<
07-28 19:00:35.262 11129 11129 D AndroidRuntime: CheckJNI is ON
07-28 19:00:35.275 11129 11129 W art     : Unexpected CPU variant for X86 using defaults: x86
07-28 19:00:35.277 11129 11129 D ICU     : No timezone override file found: /data/local/tmp/misc/zoneinfo/current/icu/icu_tzdata.dat
07-28 19:00:35.293 11129 11129 E memtrack: Couldn't load memtrack module (No such file or directory)
07-28 19:00:35.293 11129 11129 E android.os.Debug: failed to load memtrack module: -2
07-28 19:00:35.293 11129 11129 I Radio-JNI: register_android_hardware_Radio DONE
07-28 19:00:35.299 11129 11129 D AndroidRuntime: Calling main entry com.android.commands.uiautomator.Launcher
07-28 19:00:36.324 11129 11129 W AccessibilityNodeInfoDumper: Fetch time: 3ms
07-28 19:00:36.324  1679  1708 W WindowManager: Attempted to remove non-existing token: android.os.Binder@82b2bd6
07-28 19:00:36.329  1858  1858 V PhoneStatusBar: setLightsOn(true)
07-28 19:00:36.329 11129 11129 D AndroidRuntime: Shutting down VM
07-28 19:00:36.555 11147 11147 D AndroidRuntime: >>>>>> START com.android.internal.os.RuntimeInit uid 2000 <<<<<<
07-28 19:00:36.556 11147 11147 D AndroidRuntime: CheckJNI is ON
07-28 19:00:36.573 11147 11147 W art     : Unexpected CPU variant for X86 using defaults: x86
07-28 19:00:36.576 11147 11147 D ICU     : No timezone override file found: /data/local/tmp/misc/zoneinfo/current/icu/icu_tzdata.dat
07-28 19:00:36.595 11147 11147 E memtrack: Couldn't load memtrack module (No such file or directory)
07-28 19:00:36.595 11147 11147 E android.os.Debug: failed to load memtrack module: -2
07-28 19:00:36.596 11147 11147 I Radio-JNI: register_android_hardware_Radio DONE
07-28 19:00:36.605 11147 11147 D AndroidRuntime: Calling main entry com.android.commands.uiautomator.Launcher
07-28 19:00:37.629 11147 11147 W AccessibilityNodeInfoDumper: Fetch time: 2ms
07-28 19:00:37.630  1679  1869 W WindowManager: Attempted to remove non-existing token: android.os.Binder@7062f62
07-28 19:00:37.634  1858  1858 V PhoneStatusBar: setLightsOn(true)
07-28 19:00:37.635 11147 11147 D AndroidRuntime: Shutting down VM
07-28 19:00:38.412 11173 11173 D AndroidRuntime: >>>>>> START com.android.internal.os.RuntimeInit uid 2000 <<<<<<
07-28 19:00:38.413 11173 11173 D AndroidRuntime: CheckJNI is ON
07-28 19:00:38.426 11173 11173 W art     : Unexpected CPU variant for X86 using defaults: x86
07-28 19:00:38.428 11173 11173 D ICU     : No timezone override file found: /data/local/tmp/misc/zoneinfo/current/icu/icu_tzdata.dat
07-28 19:00:38.443 11173 11173 E memtrack: Couldn't load memtrack module (No such file or directory)
07-28 19:00:38.443 11173 11173 E android.os.Debug: failed to load memtrack module: -2
07-28 19:00:38.443 11173 11173 I Radio-JNI: register_android_hardware_Radio DONE
07-28 19:00:38.449 11173 11173 D AndroidRuntime: Calling main entry com.android.commands.uiautomator.Launcher
07-28 19:00:39.473 11173 11173 W AccessibilityNodeInfoDumper: Fetch time: 3ms
07-28 19:00:39.473  1679  1869 W WindowManager: Attempted to remove non-existing token: android.os.Binder@dea79b0
07-28 19:00:39.477  1858  1858 V PhoneStatusBar: setLightsOn(true)
07-28 19:00:39.480 11173 11173 D AndroidRuntime: Shutting down VM
07-28 19:00:39.711 11192 11192 D AndroidRuntime: >>>>>> START com.android.internal.os.RuntimeInit uid 2000 <<<<<<
07-28 19:00:39.713 11192 11192 D AndroidRuntime: CheckJNI is ON
07-28 19:00:39.729 11192 11192 W art     : Unexpected CPU variant for X86 using defaults: x86
07-28 19:00:39.732 11192 11192 D ICU     : No timezone override file found: /data/local/tmp/misc/zoneinfo/current/icu/icu_tzdata.dat
07-28 19:00:39.750 11192 11192 E memtrack: Couldn't load memtrack module (No such file or directory)
07-28 19:00:39.750 11192 11192 E android.os.Debug: failed to load memtrack module: -2
07-28 19:00:39.751 11192 11192 I Radio-JNI: register_android_hardware_Radio DONE
07-28 19:00:39.756 11192 11192 D AndroidRuntime: Calling main entry com.android.commands.uiautomator.Launcher
07-28 19:00:40.781 11192 11192 W AccessibilityNodeInfoDumper: Fetch time: 4ms
07-28 19:00:40.781  1679  1691 W WindowManager: Attempted to remove non-existing token: android.os.Binder@547cec8
07-28 19:00:40.784 11192 11192 D AndroidRuntime: Shutting down VM
07-28 19:00:40.785  1858  1858 V PhoneStatusBar: setLightsOn(true)
07-28 19:00:41.561 11218 11218 D AndroidRuntime: >>>>>> START com.android.internal.os.RuntimeInit uid 2000 <<<<<<
07-28 19:00:41.563 11218 11218 D AndroidRuntime: CheckJNI is ON
07-28 19:00:41.576 11218 11218 W art     : Unexpected CPU variant for X86 using defaults: x86
07-28 19:00:41.578 11218 11218 D ICU     : No timezone override file found: /data/local/tmp/misc/zoneinfo/current/icu/icu_tzdata.dat
07-28 19:00:41.595 11218 11218 E memtrack: Couldn't load memtrack module (No such file or directory)
07-28 19:00:41.595 11218 11218 E android.os.Debug: failed to load memtrack module: -2
07-28 19:00:41.595 11218 11218 I Radio-JNI: register_android_hardware_Radio DONE
07-28 19:00:41.601 11218 11218 D AndroidRuntime: Calling main entry com.android.commands.uiautomator.Launcher
07-28 19:00:42.626 11218 11218 W AccessibilityNodeInfoDumper: Fetch time: 3ms
07-28 19:00:42.626  1679  3559 W WindowManager: Attempted to remove non-existing token: android.os.Binder@b443686
07-28 19:00:42.632  1858  1858 V PhoneStatusBar: setLightsOn(true)
07-28 19:00:42.633 11218 11218 D AndroidRuntime: Shutting down VM
07-28 19:00:42.871 11236 11236 D AndroidRuntime: >>>>>> START com.android.internal.os.RuntimeInit uid 2000 <<<<<<
07-28 19:00:42.872 11236 11236 D AndroidRuntime: CheckJNI is ON
07-28 19:00:42.886 11236 11236 W art     : Unexpected CPU variant for X86 using defaults: x86
07-28 19:00:42.888 11236 11236 D ICU     : No timezone override file found: /data/local/tmp/misc/zoneinfo/current/icu/icu_tzdata.dat
07-28 19:00:42.906 11236 11236 E memtrack: Couldn't load memtrack module (No such file or directory)
07-28 19:00:42.906 11236 11236 E android.os.Debug: failed to load memtrack module: -2
07-28 19:00:42.907 11236 11236 I Radio-JNI: register_android_hardware_Radio DONE
07-28 19:00:42.912 11236 11236 D AndroidRuntime: Calling main entry com.android.commands.uiautomator.Launcher
07-28 19:00:43.946 11236 11236 W AccessibilityNodeInfoDumper: Fetch time: 7ms
07-28 19:00:43.949  1679  2322 W WindowManager: Attempted to remove non-existing token: android.os.Binder@86f0f74
07-28 19:00:43.962 11236 11236 D AndroidRuntime: Shutting down VM
07-28 19:00:43.964  1858  1858 V PhoneStatusBar: setLightsOn(true)
07-28 19:00:44.294 11248 11248 D AndroidRuntime: >>>>>> START com.android.internal.os.RuntimeInit uid 2000 <<<<<<
07-28 19:00:44.298 11248 11248 D AndroidRuntime: CheckJNI is ON
07-28 19:00:44.322 11248 11248 W art     : Unexpected CPU variant for X86 using defaults: x86
07-28 19:00:44.327 11248 11248 D ICU     : No timezone override file found: /data/misc/zoneinfo/current/icu/icu_tzdata.dat
07-28 19:00:44.347 11248 11248 E memtrack: Couldn't load memtrack module (No such file or directory)
07-28 19:00:44.347 11248 11248 E android.os.Debug: failed to load memtrack module: -2
07-28 19:00:44.350 11248 11248 I Radio-JNI: register_android_hardware_Radio DONE
07-28 19:00:44.362 11248 11248 D AndroidRuntime: Calling main entry com.android.commands.input.Input
07-28 19:00:44.367 11248 11248 I Input   : injectMotionEvent: MotionEvent { action=ACTION_DOWN, actionButton=0, id[0]=0, x[0]=270.0, y[0]=369.0, toolType[0]=TOOL_TYPE_UNKNOWN, buttonState=0, metaState=0, flags=0x0, edgeFlags=0x0, pointerCount=1, historySize=0, eventTime=838584, downTime=838584, deviceId=0, source=0x1002 }
07-28 19:00:44.374 11248 11248 I Input   : injectMotionEvent: MotionEvent { action=ACTION_UP, actionButton=0, id[0]=0, x[0]=270.0, y[0]=369.0, toolType[0]=TOOL_TYPE_UNKNOWN, buttonState=0, metaState=0, flags=0x0, edgeFlags=0x0, pointerCount=1, historySize=0, eventTime=838584, downTime=838584, deviceId=0, source=0x1002 }
07-28 19:00:44.377  1812  1812 W InputMethodService: Window size has been changed. This may cause jankiness of resizing window: -1 -> -2
07-28 19:00:44.381 11248 11248 D AndroidRuntime: Shutting down VM
07-28 19:00:44.397  1812  1812 I LatinIME: Starting input. Cursor position = 7,7
07-28 19:00:44.432  1858  1858 V PhoneStatusBar: setLightsOn(true)
07-28 19:00:44.449  1858  1858 V PhoneStatusBar: setLightsOn(true)
07-28 19:00:44.463  1348  1380 D gralloc_ranchu: gralloc_alloc: Creating ashmem region of size 45056
07-28 19:00:44.468  1858  1858 V PhoneStatusBar: setLightsOn(true)
07-28 19:00:44.470  1858  1858 V PhoneStatusBar: setLightsOn(true)
07-28 19:00:44.481  1858  2083 D EGL_emulation: eglMakeCurrent: 0xa1f05780: ver 3 0 (tinfo 0xa1f033c0)
07-28 19:00:44.483  1858  1858 V PhoneStatusBar: setLightsOn(true)
07-28 19:00:44.488  1858  1858 V PhoneStatusBar: setLightsOn(true)
07-28 19:00:44.510  1858  1858 V PhoneStatusBar: setLightsOn(true)
07-28 19:00:44.517  1812  6786 D EGL_emulation: eglMakeCurrent: 0x9d6a3ba0: ver 3 0 (tinfo 0x919ffa40)
07-28 19:00:44.525  1858  1858 V PhoneStatusBar: setLightsOn(true)
07-28 19:00:44.526  1858  1858 V PhoneStatusBar: setLightsOn(true)
07-28 19:00:44.530  1858  1858 V PhoneStatusBar: setLightsOn(true)
07-28 19:00:44.532  1858  1858 V PhoneStatusBar: setLightsOn(true)
07-28 19:00:44.580  1858  1858 V PhoneStatusBar: setLightsOn(true)
07-28 19:00:44.688 11261 11261 D AndroidRuntime: >>>>>> START com.android.internal.os.RuntimeInit uid 2000 <<<<<<
07-28 19:00:44.689 11261 11261 D AndroidRuntime: CheckJNI is ON
07-28 19:00:44.706 11261 11261 W art     : Unexpected CPU variant for X86 using defaults: x86
07-28 19:00:44.709 11261 11261 D ICU     : No timezone override file found: /data/misc/zoneinfo/current/icu/icu_tzdata.dat
07-28 19:00:44.723 11261 11261 E memtrack: Couldn't load memtrack module (No such file or directory)
07-28 19:00:44.723 11261 11261 E android.os.Debug: failed to load memtrack module: -2
07-28 19:00:44.724 11261 11261 I Radio-JNI: register_android_hardware_Radio DONE
07-28 19:00:44.731 11261 11261 D AndroidRuntime: Calling main entry com.android.commands.input.Input
07-28 19:00:44.733 11261 11261 I Input   : injectKeyEvent: KeyEvent { action=ACTION_DOWN, keyCode=KEYCODE_ESCAPE, scanCode=0, metaState=0, flags=0x0, repeatCount=0, eventTime=838954, downTime=838954, deviceId=-1, source=0x101 }
07-28 19:00:44.738 11261 11261 I Input   : injectKeyEvent: KeyEvent { action=ACTION_UP, keyCode=KEYCODE_ESCAPE, scanCode=0, metaState=0, flags=0x0, repeatCount=0, eventTime=838954, downTime=838954, deviceId=-1, source=0x101 }
07-28 19:00:44.741 11261 11261 D AndroidRuntime: Shutting down VM
07-28 19:00:44.741  1812  1812 W InputMethodService: Window size has been changed. This may cause jankiness of resizing window: -1 -> -2
07-28 19:00:44.747  1812  6786 D EGL_emulation: eglMakeCurrent: 0x9d6a3ba0: ver 3 0 (tinfo 0x919ffa40)
07-28 19:00:44.749  1858  1858 V PhoneStatusBar: setLightsOn(true)
07-28 19:00:44.752  1858  1858 V PhoneStatusBar: setLightsOn(true)
07-28 19:00:44.754  1858  1858 V PhoneStatusBar: setLightsOn(true)
07-28 19:00:44.765  1858  1858 V PhoneStatusBar: setLightsOn(true)
07-28 19:00:44.931  1858  1858 V PhoneStatusBar: setLightsOn(true)
07-28 19:00:44.932  1679  1700 I WindowManager: Destroying surface Surface(name=InputMethod) called by com.android.server.wm.WindowStateAnimator.destroySurface:2016 com.android.server.wm.WindowStateAnimator.destroySurfaceLocked:882 com.android.server.wm.WindowState.destroyOrSaveSurface:2100 com.android.server.wm.WindowSurfacePlacer.performSurfacePlacementInner:429 com.android.server.wm.WindowSurfacePlacer.performSurfacePlacementLoop:232 com.android.server.wm.WindowSurfacePlacer.performSurfacePlacement:180 com.android.server.wm.WindowManagerService$H.handleMessage:8086 android.os.Handler.dispatchMessage:102 
07-28 19:00:45.458 11277 11277 D AndroidRuntime: >>>>>> START com.android.internal.os.RuntimeInit uid 2000 <<<<<<
07-28 19:00:45.459 11277 11277 D AndroidRuntime: CheckJNI is ON
07-28 19:00:45.473 11277 11277 W art     : Unexpected CPU variant for X86 using defaults: x86
07-28 19:00:45.476 11277 11277 D ICU     : No timezone override file found: /data/misc/zoneinfo/current/icu/icu_tzdata.dat
07-28 19:00:45.488 11277 11277 E memtrack: Couldn't load memtrack module (No such file or directory)
07-28 19:00:45.488 11277 11277 E android.os.Debug: failed to load memtrack module: -2
07-28 19:00:45.488 11277 11277 I Radio-JNI: register_android_hardware_Radio DONE
07-28 19:00:45.495 11277 11277 D AndroidRuntime: Calling main entry com.android.commands.input.Input
07-28 19:00:45.498 11277 11277 I Input   : injectKeyEvent: KeyEvent { action=ACTION_DOWN, keyCode=KEYCODE_MOVE_END, scanCode=0, metaState=0, flags=0x0, repeatCount=0, eventTime=839718, downTime=839718, deviceId=-1, source=0x101 }
07-28 19:00:45.502  1858  1858 V PhoneStatusBar: setLightsOn(true)
07-28 19:00:45.503 11277 11277 I Input   : injectKeyEvent: KeyEvent { action=ACTION_UP, keyCode=KEYCODE_MOVE_END, scanCode=0, metaState=0, flags=0x0, repeatCount=0, eventTime=839718, downTime=839718, deviceId=-1, source=0x101 }
07-28 19:00:45.505 11277 11277 D AndroidRuntime: Shutting down VM
07-28 19:00:45.670 11287 11287 D AndroidRuntime: >>>>>> START com.android.internal.os.RuntimeInit uid 2000 <<<<<<
07-28 19:00:45.672 11287 11287 D AndroidRuntime: CheckJNI is ON
07-28 19:00:45.679  1679  1700 I WindowManager: Destroying surface Surface(name=PopupWindow:784cdb5) called by com.android.server.wm.WindowStateAnimator.destroySurface:2016 com.android.server.wm.WindowStateAnimator.destroySurfaceLocked:882 com.android.server.wm.WindowState.destroyOrSaveSurface:2100 com.android.server.wm.AppWindowToken.destroySurfaces:363 com.android.server.wm.WindowStateAnimator.finishExit:565 com.android.server.wm.WindowStateAnimator.stepAnimationLocked:491 com.android.server.wm.WindowAnimator.updateWindowsLocked:303 com.android.server.wm.WindowAnimator.animateLocked:704 
07-28 19:00:45.681  1858  1858 V PhoneStatusBar: setLightsOn(true)
07-28 19:00:45.683  1858  1858 V PhoneStatusBar: setLightsOn(true)
07-28 19:00:45.688 11287 11287 W art     : Unexpected CPU variant for X86 using defaults: x86
07-28 19:00:45.692 11287 11287 D ICU     : No timezone override file found: /data/misc/zoneinfo/current/icu/icu_tzdata.dat
07-28 19:00:45.705 11287 11287 E memtrack: Couldn't load memtrack module (No such file or directory)
07-28 19:00:45.705 11287 11287 E android.os.Debug: failed to load memtrack module: -2
07-28 19:00:45.705 11287 11287 I Radio-JNI: register_android_hardware_Radio DONE
07-28 19:00:45.710 11287 11287 D AndroidRuntime: Calling main entry com.android.commands.input.Input
07-28 19:00:45.713 11287 11287 I Input   : injectKeyEvent: KeyEvent { action=ACTION_DOWN, keyCode=KEYCODE_DEL, scanCode=0, metaState=0, flags=0x0, repeatCount=0, eventTime=839933, downTime=839933, deviceId=-1, source=0x101 }
07-28 19:00:45.717 11287 11287 I Input   : injectKeyEvent: KeyEvent { action=ACTION_UP, keyCode=KEYCODE_DEL, scanCode=0, metaState=0, flags=0x0, repeatCount=0, eventTime=839933, downTime=839933, deviceId=-1, source=0x101 }
07-28 19:00:45.719 11287 11287 I Input   : injectKeyEvent: KeyEvent { action=ACTION_DOWN, keyCode=KEYCODE_DEL, scanCode=0, metaState=0, flags=0x0, repeatCount=0, eventTime=839940, downTime=839940, deviceId=-1, source=0x101 }
07-28 19:00:45.721 11287 11287 I Input   : injectKeyEvent: KeyEvent { action=ACTION_UP, keyCode=KEYCODE_DEL, scanCode=0, metaState=0, flags=0x0, repeatCount=0, eventTime=839940, downTime=839940, deviceId=-1, source=0x101 }
07-28 19:00:45.723 11287 11287 I Input   : injectKeyEvent: KeyEvent { action=ACTION_DOWN, keyCode=KEYCODE_DEL, scanCode=0, metaState=0, flags=0x0, repeatCount=0, eventTime=839944, downTime=839944, deviceId=-1, source=0x101 }
07-28 19:00:45.725 11287 11287 I Input   : injectKeyEvent: KeyEvent { action=ACTION_UP, keyCode=KEYCODE_DEL, scanCode=0, metaState=0, flags=0x0, repeatCount=0, eventTime=839944, downTime=839944, deviceId=-1, source=0x101 }
07-28 19:00:45.727 11287 11287 I Input   : injectKeyEvent: KeyEvent { action=ACTION_DOWN, keyCode=KEYCODE_DEL, scanCode=0, metaState=0, flags=0x0, repeatCount=0, eventTime=839948, downTime=839948, deviceId=-1, source=0x101 }
07-28 19:00:45.730 11287 11287 I Input   : injectKeyEvent: KeyEvent { action=ACTION_UP, keyCode=KEYCODE_DEL, scanCode=0, metaState=0, flags=0x0, repeatCount=0, eventTime=839948, downTime=839948, deviceId=-1, source=0x101 }
07-28 19:00:45.743 11287 11287 I Input   : injectKeyEvent: KeyEvent { action=ACTION_DOWN, keyCode=KEYCODE_DEL, scanCode=0, metaState=0, flags=0x0, repeatCount=0, eventTime=839964, downTime=839964, deviceId=-1, source=0x101 }
07-28 19:00:45.747 11287 11287 I Input   : injectKeyEvent: KeyEvent { action=ACTION_UP, keyCode=KEYCODE_DEL, scanCode=0, metaState=0, flags=0x0, repeatCount=0, eventTime=839964, downTime=839964, deviceId=-1, source=0x101 }
07-28 19:00:45.749 11287 11287 I Input   : injectKeyEvent: KeyEvent { action=ACTION_DOWN, keyCode=KEYCODE_DEL, scanCode=0, metaState=0, flags=0x0, repeatCount=0, eventTime=839970, downTime=839970, deviceId=-1, source=0x101 }
07-28 19:00:45.752 11287 11287 I Input   : injectKeyEvent: KeyEvent { action=ACTION_UP, keyCode=KEYCODE_DEL, scanCode=0, metaState=0, flags=0x0, repeatCount=0, eventTime=839970, downTime=839970, deviceId=-1, source=0x101 }
07-28 19:00:45.754 11287 11287 I Input   : injectKeyEvent: KeyEvent { action=ACTION_DOWN, keyCode=KEYCODE_DEL, scanCode=0, metaState=0, flags=0x0, repeatCount=0, eventTime=839975, downTime=839975, deviceId=-1, source=0x101 }
07-28 19:00:45.756 11287 11287 I Input   : injectKeyEvent: KeyEvent { action=ACTION_UP, keyCode=KEYCODE_DEL, scanCode=0, metaState=0, flags=0x0, repeatCount=0, eventTime=839975, downTime=839975, deviceId=-1, source=0x101 }
07-28 19:00:45.758 11287 11287 I Input   : injectKeyEvent: KeyEvent { action=ACTION_DOWN, keyCode=KEYCODE_DEL, scanCode=0, metaState=0, flags=0x0, repeatCount=0, eventTime=839979, downTime=839979, deviceId=-1, source=0x101 }
07-28 19:00:45.760 11287 11287 I Input   : injectKeyEvent: KeyEvent { action=ACTION_UP, keyCode=KEYCODE_DEL, scanCode=0, metaState=0, flags=0x0, repeatCount=0, eventTime=839979, downTime=839979, deviceId=-1, source=0x101 }
07-28 19:00:45.773 11287 11287 I Input   : injectKeyEvent: KeyEvent { action=ACTION_DOWN, keyCode=KEYCODE_DEL, scanCode=0, metaState=0, flags=0x0, repeatCount=0, eventTime=839994, downTime=839994, deviceId=-1, source=0x101 }
07-28 19:00:45.775 11287 11287 I Input   : injectKeyEvent: KeyEvent { action=ACTION_UP, keyCode=KEYCODE_DEL, scanCode=0, metaState=0, flags=0x0, repeatCount=0, eventTime=839994, downTime=839994, deviceId=-1, source=0x101 }
07-28 19:00:45.777 11287 11287 I Input   : injectKeyEvent: KeyEvent { action=ACTION_DOWN, keyCode=KEYCODE_DEL, scanCode=0, metaState=0, flags=0x0, repeatCount=0, eventTime=839998, downTime=839998, deviceId=-1, source=0x101 }
07-28 19:00:45.779 11287 11287 I Input   : injectKeyEvent: KeyEvent { action=ACTION_UP, keyCode=KEYCODE_DEL, scanCode=0, metaState=0, flags=0x0, repeatCount=0, eventTime=839998, downTime=839998, deviceId=-1, source=0x101 }
07-28 19:00:45.781 11287 11287 I Input   : injectKeyEvent: KeyEvent { action=ACTION_DOWN, keyCode=KEYCODE_DEL, scanCode=0, metaState=0, flags=0x0, repeatCount=0, eventTime=840002, downTime=840002, deviceId=-1, source=0x101 }
07-28 19:00:45.783 11287 11287 I Input   : injectKeyEvent: KeyEvent { action=ACTION_UP, keyCode=KEYCODE_DEL, scanCode=0, metaState=0, flags=0x0, repeatCount=0, eventTime=840002, downTime=840002, deviceId=-1, source=0x101 }
07-28 19:00:45.784 11287 11287 I Input   : injectKeyEvent: KeyEvent { action=ACTION_DOWN, keyCode=KEYCODE_DEL, scanCode=0, metaState=0, flags=0x0, repeatCount=0, eventTime=840005, downTime=840005, deviceId=-1, source=0x101 }
07-28 19:00:45.786 11287 11287 I Input   : injectKeyEvent: KeyEvent { action=ACTION_UP, keyCode=KEYCODE_DEL, scanCode=0, metaState=0, flags=0x0, repeatCount=0, eventTime=840005, downTime=840005, deviceId=-1, source=0x101 }
07-28 19:00:45.787 11287 11287 I Input   : injectKeyEvent: KeyEvent { action=ACTION_DOWN, keyCode=KEYCODE_DEL, scanCode=0, metaState=0, flags=0x0, repeatCount=0, eventTime=840008, downTime=840008, deviceId=-1, source=0x101 }
07-28 19:00:45.789 11287 11287 I Input   : injectKeyEvent: KeyEvent { action=ACTION_UP, keyCode=KEYCODE_DEL, scanCode=0, metaState=0, flags=0x0, repeatCount=0, eventTime=840008, downTime=840008, deviceId=-1, source=0x101 }
07-28 19:00:45.791 11287 11287 I Input   : injectKeyEvent: KeyEvent { action=ACTION_DOWN, keyCode=KEYCODE_DEL, scanCode=0, metaState=0, flags=0x0, repeatCount=0, eventTime=840012, downTime=840012, deviceId=-1, source=0x101 }
