10-31 17:28:28.864  4844  4844 D BoundBrokerSvc: Loading bound service for intent: Intent { act=com.google.android.gms.scheduler.ACTION_PROXY_SCHEDULE cmp=com.google.android.gms/.chimera.PersistentInternalBoundBrokerService }
10-31 17:28:28.866  4844  4894 W GLSUser : [AppCertManager] Failed to get security token.
10-31 17:28:28.866  4844  4894 W GLSUser : java.io.IOException: Invalid scope
10-31 17:28:28.866  4844  4894 W GLSUser : 	at akgj.e(:com.google.android.gms@214515028@21.45.15 (100400-411636772):22)
10-31 17:28:28.866  4844  4894 W GLSUser : 	at akgj.d(:com.google.android.gms@214515028@21.45.15 (100400-411636772):7)
10-31 17:28:28.866  4844  4894 W GLSUser : 	at akgj.c(:com.google.android.gms@214515028@21.45.15 (100400-411636772):0)
10-31 17:28:28.866  4844  4894 W GLSUser : 	at kjj.b(:com.google.android.gms@214515028@21.45.15 (100400-411636772):12)
10-31 17:28:28.866  4844  4894 W GLSUser : 	at kjh.b(:com.google.android.gms@214515028@21.45.15 (100400-411636772):2)
10-31 17:28:28.866  4844  4894 W GLSUser : 	at kjc.a(:com.google.android.gms@214515028@21.45.15 (100400-411636772):0)
10-31 17:28:28.866  4844  4894 W GLSUser : 	at kjf.a(:com.google.android.gms@214515028@21.45.15 (100400-411636772):5)
10-31 17:28:28.866  4844  4894 W GLSUser : 	at ige.call(:com.google.android.gms@214515028@21.45.15 (100400-411636772):13)
10-31 17:28:28.866  4844  4894 W GLSUser : 	at java.util.concurrent.FutureTask.run(FutureTask.java:266)
10-31 17:28:28.866  4844  4894 W GLSUser : 	at xue.c(:com.google.android.gms@214515028@21.45.15 (100400-411636772):6)
10-31 17:28:28.866  4844  4894 W GLSUser : 	at xue.run(:com.google.android.gms@214515028@21.45.15 (100400-411636772):7)
10-31 17:28:28.866  4844  4894 W GLSUser : 	at java.util.concurrent.ThreadPoolExecutor.runWorker(ThreadPoolExecutor.java:1167)
10-31 17:28:28.866  4844  4894 W GLSUser : 	at java.util.concurrent.ThreadPoolExecutor$Worker.run(ThreadPoolExecutor.java:641)
10-31 17:28:28.866  4844  4894 W GLSUser : 	at yae.run(:com.google.android.gms@214515028@21.45.15 (100400-411636772):0)
10-31 17:28:28.866  4844  4894 W GLSUser : 	at java.lang.Thread.run(Thread.java:764)
10-31 17:28:28.916  4844  4894 W GLSUser : [AppCertManager] IOException while requesting key: 
10-31 17:28:28.916  4844  4894 W GLSUser : java.io.IOException: Invalid device key response.
10-31 17:28:28.916  4844  4894 W GLSUser : 	at kjj.b(:com.google.android.gms@214515028@21.45.15 (100400-411636772):28)
10-31 17:28:28.916  4844  4894 W GLSUser : 	at kjh.b(:com.google.android.gms@214515028@21.45.15 (100400-411636772):2)
10-31 17:28:28.916  4844  4894 W GLSUser : 	at kjc.a(:com.google.android.gms@214515028@21.45.15 (100400-411636772):0)
10-31 17:28:28.916  4844  4894 W GLSUser : 	at kjf.a(:com.google.android.gms@214515028@21.45.15 (100400-411636772):5)
10-31 17:28:28.916  4844  4894 W GLSUser : 	at ige.call(:com.google.android.gms@214515028@21.45.15 (100400-411636772):13)
10-31 17:28:28.916  4844  4894 W GLSUser : 	at java.util.concurrent.FutureTask.run(FutureTask.java:266)
10-31 17:28:28.916  4844  4894 W GLSUser : 	at xue.c(:com.google.android.gms@214515028@21.45.15 (100400-411636772):6)
10-31 17:28:28.916  4844  4894 W GLSUser : 	at xue.run(:com.google.android.gms@214515028@21.45.15 (100400-411636772):7)
10-31 17:28:28.916  4844  4894 W GLSUser : 	at java.util.concurrent.ThreadPoolExecutor.runWorker(ThreadPoolExecutor.java:1167)
10-31 17:28:28.916  4844  4894 W GLSUser : 	at java.util.concurrent.ThreadPoolExecutor$Worker.run(ThreadPoolExecutor.java:641)
10-31 17:28:28.916  4844  4894 W GLSUser : 	at yae.run(:com.google.android.gms@214515028@21.45.15 (100400-411636772):0)
10-31 17:28:28.916  4844  4894 W GLSUser : 	at java.lang.Thread.run(Thread.java:764)
10-31 17:28:28.918  4844  5180 I NetworkScheduler.Stats: Task com.google.android.gms/com.google.android.gms.auth.account.be.legacy.AuthCronService finished executing. cause:4 result: 3 elapsed_millis: 195 uptime_millis: 195 exec_start_elapsed_seconds: 225 [CONTEXT service_id=218 ]
10-31 17:28:29.595  9188  9188 I AccessibilityNodeInfoDumper: Skipping invisible child: android.view.accessibility.AccessibilityNodeInfo@a2b5; boundsInParent: Rect(0, 0 - 1080, 0); boundsInScreen: Rect(0, 2274 - 1080, 2274); packageName: de.danoeh.antennapod; className: android.widget.FrameLayout; text: null; error: null; maxTextLength: -1; contentDescription: null; tooltipText: null; viewIdResName: de.danoeh.antennapod:id/playerFragment; checkable: false; checked: false; focusable: false; focused: false; selected: false; clickable: false; longClickable: false; contextClickable: false; enabled: true; password: false; scrollable: false; importantForAccessibility: false; visible: false; actions: [AccessibilityAction: ACTION_SELECT - null, AccessibilityAction: ACTION_CLEAR_SELECTION - null, AccessibilityAction: ACTION_ACCESSIBILITY_FOCUS - null, AccessibilityAction: ACTION_SHOW_ON_SCREEN - null]
10-31 17:28:29.602  9188  9188 W AccessibilityNodeInfoDumper: Fetch time: 8ms
10-31 17:28:29.605  1691  2980 W WindowManager: removeWindowToken: Attempted to remove non-existing token: android.os.Binder@5c226dd
10-31 17:28:29.606  1691  1691 V SettingsProvider: Notifying for 0: content://settings/secure/accessibility_enabled
10-31 17:28:29.608  9188  9188 D AndroidRuntime: Shutting down VM
10-31 17:28:29.608  1691  1691 V SettingsProvider: Notifying for 0: content://settings/system/user_rotation
10-31 17:28:29.608  1691  1691 V SettingsProvider: Notifying for 0: content://settings/system/accelerometer_rotation
10-31 17:28:29.852  1691  1816 I GnssLocationProvider: WakeLock acquired by sendMessage(REPORT_SV_STATUS, 0, com.android.server.location.GnssLocationProvider$SvStatusInfo@88adb98)
10-31 17:28:29.852  1691  1705 I GnssLocationProvider: WakeLock released by handleMessage(REPORT_SV_STATUS, 0, com.android.server.location.GnssLocationProvider$SvStatusInfo@88adb98)
10-31 17:28:29.958  9219  9219 D AndroidRuntime: >>>>>> START com.android.internal.os.RuntimeInit uid 2000 <<<<<<
10-31 17:28:29.982  9219  9219 I app_process: The ClassLoaderContext is a special shared library.
10-31 17:28:29.983  9219  9219 I app_process: The ClassLoaderContext is a special shared library.
10-31 17:28:29.990  9219  9219 D AndroidRuntime: Calling main entry com.android.commands.uiautomator.Launcher
10-31 17:28:29.993  1691  1691 V SettingsProvider: Notifying for 0: content://settings/secure/accessibility_enabled
10-31 17:28:30.851  1691  1816 I GnssLocationProvider: WakeLock acquired by sendMessage(REPORT_SV_STATUS, 0, com.android.server.location.GnssLocationProvider$SvStatusInfo@3ad0a57)
10-31 17:28:30.852  1691  1705 I GnssLocationProvider: WakeLock released by handleMessage(REPORT_SV_STATUS, 0, com.android.server.location.GnssLocationProvider$SvStatusInfo@3ad0a57)
10-31 17:28:31.029  9219  9219 I AccessibilityNodeInfoDumper: Skipping invisible child: android.view.accessibility.AccessibilityNodeInfo@a2b9; boundsInParent: Rect(0, 0 - 1080, 0); boundsInScreen: Rect(0, 2274 - 1080, 2274); packageName: de.danoeh.antennapod; className: android.widget.FrameLayout; text: null; error: null; maxTextLength: -1; contentDescription: null; tooltipText: null; viewIdResName: de.danoeh.antennapod:id/playerFragment; checkable: false; checked: false; focusable: false; focused: false; selected: false; clickable: false; longClickable: false; contextClickable: false; enabled: true; password: false; scrollable: false; importantForAccessibility: false; visible: false; actions: [AccessibilityAction: ACTION_SELECT - null, AccessibilityAction: ACTION_CLEAR_SELECTION - null, AccessibilityAction: ACTION_ACCESSIBILITY_FOCUS - null, AccessibilityAction: ACTION_SHOW_ON_SCREEN - null]
10-31 17:28:31.034  9219  9219 W AccessibilityNodeInfoDumper: Fetch time: 8ms
10-31 17:28:31.034  1691  3145 W WindowManager: removeWindowToken: Attempted to remove non-existing token: android.os.Binder@197fff1
10-31 17:28:31.035  1691  1691 V SettingsProvider: Notifying for 0: content://settings/secure/accessibility_enabled
10-31 17:28:31.042  9219  9219 D AndroidRuntime: Shutting down VM
10-31 17:28:31.853  1691  1816 I GnssLocationProvider: WakeLock acquired by sendMessage(REPORT_SV_STATUS, 0, com.android.server.location.GnssLocationProvider$SvStatusInfo@71baa2d)
10-31 17:28:31.854  1691  1705 I GnssLocationProvider: WakeLock released by handleMessage(REPORT_SV_STATUS, 0, com.android.server.location.GnssLocationProvider$SvStatusInfo@71baa2d)
10-31 17:28:32.122  9251  9251 D AndroidRuntime: >>>>>> START com.android.internal.os.RuntimeInit uid 2000 <<<<<<
10-31 17:28:32.145  9251  9251 I app_process: The ClassLoaderContext is a special shared library.
10-31 17:28:32.146  9251  9251 I app_process: The ClassLoaderContext is a special shared library.
10-31 17:28:32.153  9251  9251 D AndroidRuntime: Calling main entry com.android.commands.uiautomator.Launcher
10-31 17:28:32.282  1691  3145 D WificondControl: Scan result ready event
10-31 17:28:32.857  1691  1816 I GnssLocationProvider: WakeLock acquired by sendMessage(REPORT_SV_STATUS, 0, com.android.server.location.GnssLocationProvider$SvStatusInfo@68585b0)
10-31 17:28:32.857  1691  1705 I GnssLocationProvider: WakeLock released by handleMessage(REPORT_SV_STATUS, 0, com.android.server.location.GnssLocationProvider$SvStatusInfo@68585b0)
10-31 17:28:33.186  9251  9251 I AccessibilityNodeInfoDumper: Skipping invisible child: android.view.accessibility.AccessibilityNodeInfo@a2c1; boundsInParent: Rect(0, 0 - 1080, 0); boundsInScreen: Rect(0, 2274 - 1080, 2274); packageName: de.danoeh.antennapod; className: android.widget.FrameLayout; text: null; error: null; maxTextLength: -1; contentDescription: null; tooltipText: null; viewIdResName: de.danoeh.antennapod:id/playerFragment; checkable: false; checked: false; focusable: false; focused: false; selected: false; clickable: false; longClickable: false; contextClickable: false; enabled: true; password: false; scrollable: false; importantForAccessibility: false; visible: false; actions: [AccessibilityAction: ACTION_SELECT - null, AccessibilityAction: ACTION_CLEAR_SELECTION - null, AccessibilityAction: ACTION_ACCESSIBILITY_FOCUS - null, AccessibilityAction: ACTION_SHOW_ON_SCREEN - null]
10-31 17:28:33.190  9251  9251 W AccessibilityNodeInfoDumper: Fetch time: 12ms
10-31 17:28:32.155  1691  1691 V SettingsProvider: Notifying for 0: content://settings/secure/accessibility_enabled
10-31 17:28:33.195  1691  3145 W WindowManager: removeWindowToken: Attempted to remove non-existing token: android.os.Binder@6f5b62
10-31 17:28:33.196  1691  1691 V SettingsProvider: Notifying for 0: content://settings/secure/accessibility_enabled
10-31 17:28:33.201  9251  9251 D AndroidRuntime: Shutting down VM
10-31 17:28:33.769  1691  1705 E memtrack: Couldn't load memtrack module
10-31 17:28:33.769  1691  1705 W android.os.Debug: failed to get memory consumption info: -1
10-31 17:28:33.784  1691  1705 E memtrack: Couldn't load memtrack module
10-31 17:28:33.784  1691  1705 W android.os.Debug: failed to get memory consumption info: -1
10-31 17:28:33.793  1691  1705 E memtrack: Couldn't load memtrack module
10-31 17:28:33.793  1691  1705 W android.os.Debug: failed to get memory consumption info: -1
10-31 17:28:33.801  1691  1705 E memtrack: Couldn't load memtrack module
10-31 17:28:33.801  1691  1705 W android.os.Debug: failed to get memory consumption info: -1
10-31 17:28:33.811  1691  1705 E memtrack: Couldn't load memtrack module
10-31 17:28:33.811  1691  1705 W android.os.Debug: failed to get memory consumption info: -1
10-31 17:28:33.860  1691  1816 I GnssLocationProvider: WakeLock acquired by sendMessage(REPORT_SV_STATUS, 0, com.android.server.location.GnssLocationProvider$SvStatusInfo@c6bcbae)
10-31 17:28:33.860  1691  1705 I GnssLocationProvider: WakeLock released by handleMessage(REPORT_SV_STATUS, 0, com.android.server.location.GnssLocationProvider$SvStatusInfo@c6bcbae)
10-31 17:28:34.427  9290  9290 D AndroidRuntime: >>>>>> START com.android.internal.os.RuntimeInit uid 2000 <<<<<<
10-31 17:28:34.451  9290  9290 I app_process: The ClassLoaderContext is a special shared library.
10-31 17:28:34.451  9290  9290 I app_process: The ClassLoaderContext is a special shared library.
10-31 17:28:34.458  9290  9290 D AndroidRuntime: Calling main entry com.android.commands.uiautomator.Launcher
10-31 17:28:34.872  1691  1816 I GnssLocationProvider: WakeLock acquired by sendMessage(REPORT_SV_STATUS, 0, com.android.server.location.GnssLocationProvider$SvStatusInfo@cc4f1e5)
10-31 17:28:34.875  1691  1705 I GnssLocationProvider: WakeLock released by handleMessage(REPORT_SV_STATUS, 0, com.android.server.location.GnssLocationProvider$SvStatusInfo@cc4f1e5)
10-31 17:28:35.496  9290  9290 I AccessibilityNodeInfoDumper: Skipping invisible child: android.view.accessibility.AccessibilityNodeInfo@a2c7; boundsInParent: Rect(0, 0 - 1080, 0); boundsInScreen: Rect(0, 2274 - 1080, 2274); packageName: de.danoeh.antennapod; className: android.widget.FrameLayout; text: null; error: null; maxTextLength: -1; contentDescription: null; tooltipText: null; viewIdResName: de.danoeh.antennapod:id/playerFragment; checkable: false; checked: false; focusable: false; focused: false; selected: false; clickable: false; longClickable: false; contextClickable: false; enabled: true; password: false; scrollable: false; importantForAccessibility: false; visible: false; actions: [AccessibilityAction: ACTION_SELECT - null, AccessibilityAction: ACTION_CLEAR_SELECTION - null, AccessibilityAction: ACTION_ACCESSIBILITY_FOCUS - null, AccessibilityAction: ACTION_SHOW_ON_SCREEN - null]
10-31 17:28:35.499  9290  9290 W AccessibilityNodeInfoDumper: Fetch time: 7ms
10-31 17:28:34.462  1691  1691 V SettingsProvider: Notifying for 0: content://settings/secure/accessibility_enabled
10-31 17:28:35.502  1691  2980 W WindowManager: removeWindowToken: Attempted to remove non-existing token: android.os.Binder@888ed4f
10-31 17:28:35.503  1691  1691 V SettingsProvider: Notifying for 0: content://settings/secure/accessibility_enabled
10-31 17:28:35.508  9290  9290 D AndroidRuntime: Shutting down VM
10-31 17:28:35.874  1691  1816 I GnssLocationProvider: WakeLock acquired by sendMessage(REPORT_SV_STATUS, 0, com.android.server.location.GnssLocationProvider$SvStatusInfo@7110f6b)
10-31 17:28:35.874  1691  1705 I GnssLocationProvider: WakeLock released by handleMessage(REPORT_SV_STATUS, 0, com.android.server.location.GnssLocationProvider$SvStatusInfo@7110f6b)
10-31 17:28:35.876  9315  9315 D AndroidRuntime: >>>>>> START com.android.internal.os.RuntimeInit uid 2000 <<<<<<
10-31 17:28:35.900  9315  9315 I app_process: The ClassLoaderContext is a special shared library.
10-31 17:28:35.900  9315  9315 I app_process: The ClassLoaderContext is a special shared library.
10-31 17:28:35.907  9315  9315 D AndroidRuntime: Calling main entry com.android.commands.uiautomator.Launcher
10-31 17:28:36.887  1691  1816 I GnssLocationProvider: WakeLock acquired by sendMessage(REPORT_SV_STATUS, 0, com.android.server.location.GnssLocationProvider$SvStatusInfo@4a5a286)
10-31 17:28:36.887  1691  1705 I GnssLocationProvider: WakeLock released by handleMessage(REPORT_SV_STATUS, 0, com.android.server.location.GnssLocationProvider$SvStatusInfo@4a5a286)
10-31 17:28:36.939  9315  9315 I AccessibilityNodeInfoDumper: Skipping invisible child: android.view.accessibility.AccessibilityNodeInfo@a2cc; boundsInParent: Rect(0, 0 - 1080, 0); boundsInScreen: Rect(0, 2274 - 1080, 2274); packageName: de.danoeh.antennapod; className: android.widget.FrameLayout; text: null; error: null; maxTextLength: -1; contentDescription: null; tooltipText: null; viewIdResName: de.danoeh.antennapod:id/playerFragment; checkable: false; checked: false; focusable: false; focused: false; selected: false; clickable: false; longClickable: false; contextClickable: false; enabled: true; password: false; scrollable: false; importantForAccessibility: false; visible: false; actions: [AccessibilityAction: ACTION_SELECT - null, AccessibilityAction: ACTION_CLEAR_SELECTION - null, AccessibilityAction: ACTION_ACCESSIBILITY_FOCUS - null, AccessibilityAction: ACTION_SHOW_ON_SCREEN - null]
10-31 17:28:36.944  9315  9315 W AccessibilityNodeInfoDumper: Fetch time: 8ms
10-31 17:28:35.909  1691  1691 V SettingsProvider: Notifying for 0: content://settings/secure/accessibility_enabled
10-31 17:28:36.945  1691  3653 W WindowManager: removeWindowToken: Attempted to remove non-existing token: android.os.Binder@cb85ac8
10-31 17:28:36.946  1691  1691 V SettingsProvider: Notifying for 0: content://settings/secure/accessibility_enabled
10-31 17:28:36.950  9315  9315 D AndroidRuntime: Shutting down VM
10-31 17:28:37.146  1532  1559 E SurfaceFlinger: ro.sf.lcd_density must be defined as a build property
10-31 17:28:37.146  1384  1384 D gralloc_ranchu: gralloc_alloc: Creating ashmem region of size 10371072
10-31 17:28:37.153  9329  9329 D HostConnection: createUnique: call
10-31 17:28:37.153  9329  9329 D HostConnection: HostConnection::get() New Host Connection established 0x7f1ba41640, tid 9329
10-31 17:28:37.154  9329  9329 D HostConnection: HostComposition ext ANDROID_EMU_CHECKSUM_HELPER_v1 ANDROID_EMU_sync_buffer_data GL_OES_EGL_image_external_essl3 GL_OES_vertex_array_object GL_KHR_texture_compression_astc_ldr ANDROID_EMU_host_side_tracing ANDROID_EMU_gles_max_version_3_0 
10-31 17:28:37.258  2427  2427 D MediaScannerReceiver: action: android.intent.action.MEDIA_SCANNER_SCAN_FILE path: /storage/emulated/0/screen.png
10-31 17:28:37.886  1691  1816 I GnssLocationProvider: WakeLock acquired by sendMessage(REPORT_SV_STATUS, 0, com.android.server.location.GnssLocationProvider$SvStatusInfo@4296112)
10-31 17:28:37.887  1691  1705 I GnssLocationProvider: WakeLock released by handleMessage(REPORT_SV_STATUS, 0, com.android.server.location.GnssLocationProvider$SvStatusInfo@4296112)
10-31 17:28:38.889  1691  1816 I GnssLocationProvider: WakeLock acquired by sendMessage(REPORT_SV_STATUS, 0, com.android.server.location.GnssLocationProvider$SvStatusInfo@71e00e3)
10-31 17:28:38.892  1691  1705 I GnssLocationProvider: WakeLock released by handleMessage(REPORT_SV_STATUS, 0, com.android.server.location.GnssLocationProvider$SvStatusInfo@71e00e3)
10-31 17:28:39.453  9342  9342 D AndroidRuntime: >>>>>> START com.android.internal.os.RuntimeInit uid 2000 <<<<<<
10-31 17:28:39.474  9342  9342 I app_process: The ClassLoaderContext is a special shared library.
10-31 17:28:39.474  9342  9342 I app_process: The ClassLoaderContext is a special shared library.
10-31 17:28:39.481  9342  9342 D AndroidRuntime: Calling main entry com.android.commands.uiautomator.Launcher
10-31 17:28:39.889  1691  1816 I GnssLocationProvider: WakeLock acquired by sendMessage(REPORT_SV_STATUS, 0, com.android.server.location.GnssLocationProvider$SvStatusInfo@6b87c5e)
10-31 17:28:39.891  1691  1705 I GnssLocationProvider: WakeLock released by handleMessage(REPORT_SV_STATUS, 0, com.android.server.location.GnssLocationProvider$SvStatusInfo@6b87c5e)
10-31 17:28:40.510  9342  9342 I AccessibilityNodeInfoDumper: Skipping invisible child: android.view.accessibility.AccessibilityNodeInfo@a2d2; boundsInParent: Rect(0, 0 - 1080, 0); boundsInScreen: Rect(0, 2274 - 1080, 2274); packageName: de.danoeh.antennapod; className: android.widget.FrameLayout; text: null; error: null; maxTextLength: -1; contentDescription: null; tooltipText: null; viewIdResName: de.danoeh.antennapod:id/playerFragment; checkable: false; checked: false; focusable: false; focused: false; selected: false; clickable: false; longClickable: false; contextClickable: false; enabled: true; password: false; scrollable: false; importantForAccessibility: false; visible: false; actions: [AccessibilityAction: ACTION_SELECT - null, AccessibilityAction: ACTION_CLEAR_SELECTION - null, AccessibilityAction: ACTION_ACCESSIBILITY_FOCUS - null, AccessibilityAction: ACTION_SHOW_ON_SCREEN - null]
10-31 17:28:40.514  9342  9342 W AccessibilityNodeInfoDumper: Fetch time: 8ms
10-31 17:28:39.484  1691  1691 V SettingsProvider: Notifying for 0: content://settings/secure/accessibility_enabled
10-31 17:28:40.514  1691  2980 W WindowManager: removeWindowToken: Attempted to remove non-existing token: android.os.Binder@e9dbae0
10-31 17:28:40.515  1691  1691 V SettingsProvider: Notifying for 0: content://settings/secure/accessibility_enabled
10-31 17:28:40.517  9342  9342 D AndroidRuntime: Shutting down VM
10-31 17:28:40.895  1691  1816 I GnssLocationProvider: WakeLock acquired by sendMessage(REPORT_SV_STATUS, 0, com.android.server.location.GnssLocationProvider$SvStatusInfo@fd3a50c)
10-31 17:28:40.896  1691  1705 I GnssLocationProvider: WakeLock released by handleMessage(REPORT_SV_STATUS, 0, com.android.server.location.GnssLocationProvider$SvStatusInfo@fd3a50c)
10-31 17:28:41.896  1691  1816 I GnssLocationProvider: WakeLock acquired by sendMessage(REPORT_SV_STATUS, 0, com.android.server.location.GnssLocationProvider$SvStatusInfo@caf1e55)
10-31 17:28:41.897  1691  1705 I GnssLocationProvider: WakeLock released by handleMessage(REPORT_SV_STATUS, 0, com.android.server.location.GnssLocationProvider$SvStatusInfo@caf1e55)
10-31 17:28:42.454  4939  9021 I ContentMaintenance: Internal cache bytes used: 0; limit: 100000000; download size: 0
10-31 17:28:42.459  4939  9021 I RealtimeCacheCleanup: Beginning Realtime garbage collection.
10-31 17:28:42.459  4939  9021 I RealtimeCacheCleanup: Finished Realtime garbage collection.
10-31 17:28:42.794  9365  9365 D AndroidRuntime: >>>>>> START com.android.internal.os.RuntimeInit uid 2000 <<<<<<
10-31 17:28:42.818  9365  9365 I app_process: The ClassLoaderContext is a special shared library.
10-31 17:28:42.818  9365  9365 I app_process: The ClassLoaderContext is a special shared library.
10-31 17:28:42.825  9365  9365 D AndroidRuntime: Calling main entry com.android.commands.uiautomator.Launcher
10-31 17:28:42.898  1691  1816 I GnssLocationProvider: WakeLock acquired by sendMessage(REPORT_SV_STATUS, 0, com.android.server.location.GnssLocationProvider$SvStatusInfo@89c05f8)
10-31 17:28:42.898  1691  1705 I GnssLocationProvider: WakeLock released by handleMessage(REPORT_SV_STATUS, 0, com.android.server.location.GnssLocationProvider$SvStatusInfo@89c05f8)
10-31 17:28:43.859  9365  9365 I AccessibilityNodeInfoDumper: Skipping invisible child: android.view.accessibility.AccessibilityNodeInfo@a2d9; boundsInParent: Rect(0, 0 - 1080, 0); boundsInScreen: Rect(0, 2274 - 1080, 2274); packageName: de.danoeh.antennapod; className: android.widget.FrameLayout; text: null; error: null; maxTextLength: -1; contentDescription: null; tooltipText: null; viewIdResName: de.danoeh.antennapod:id/playerFragment; checkable: false; checked: false; focusable: false; focused: false; selected: false; clickable: false; longClickable: false; contextClickable: false; enabled: true; password: false; scrollable: false; importantForAccessibility: false; visible: false; actions: [AccessibilityAction: ACTION_SELECT - null, AccessibilityAction: ACTION_CLEAR_SELECTION - null, AccessibilityAction: ACTION_ACCESSIBILITY_FOCUS - null, AccessibilityAction: ACTION_SHOW_ON_SCREEN - null]
10-31 17:28:43.865  9365  9365 W AccessibilityNodeInfoDumper: Fetch time: 8ms
10-31 17:28:42.827  1691  1691 V SettingsProvider: Notifying for 0: content://settings/secure/accessibility_enabled
10-31 17:28:43.866  1691  3065 W WindowManager: removeWindowToken: Attempted to remove non-existing token: android.os.Binder@c8c006a
10-31 17:28:43.868  1691  1691 V SettingsProvider: Notifying for 0: content://settings/secure/accessibility_enabled
10-31 17:28:43.871  9365  9365 D AndroidRuntime: Shutting down VM
10-31 17:28:43.902  1691  1816 I GnssLocationProvider: WakeLock acquired by sendMessage(REPORT_SV_STATUS, 0, com.android.server.location.GnssLocationProvider$SvStatusInfo@e61b936)
10-31 17:28:43.902  1691  1705 I GnssLocationProvider: WakeLock released by handleMessage(REPORT_SV_STATUS, 0, com.android.server.location.GnssLocationProvider$SvStatusInfo@e61b936)
10-31 17:28:43.958  4844  4844 D BoundBrokerSvc: onUnbind: Intent { act=com.google.android.gms.scheduler.ACTION_PROXY_SCHEDULE cmp=com.google.android.gms/.chimera.PersistentInternalBoundBrokerService }
10-31 17:28:44.197  9386  9386 D AndroidRuntime: >>>>>> START com.android.internal.os.RuntimeInit uid 2000 <<<<<<
10-31 17:28:44.220  9386  9386 I app_process: The ClassLoaderContext is a special shared library.
10-31 17:28:44.220  9386  9386 I app_process: The ClassLoaderContext is a special shared library.
10-31 17:28:44.227  9386  9386 D AndroidRuntime: Calling main entry com.android.commands.uiautomator.Launcher
10-31 17:28:44.909  1691  1816 I GnssLocationProvider: WakeLock acquired by sendMessage(REPORT_SV_STATUS, 0, com.android.server.location.GnssLocationProvider$SvStatusInfo@57dc30d)
10-31 17:28:44.910  1691  1705 I GnssLocationProvider: WakeLock released by handleMessage(REPORT_SV_STATUS, 0, com.android.server.location.GnssLocationProvider$SvStatusInfo@57dc30d)
10-31 17:28:45.273  9386  9386 I AccessibilityNodeInfoDumper: Skipping invisible child: android.view.accessibility.AccessibilityNodeInfo@a2df; boundsInParent: Rect(0, 0 - 1080, 0); boundsInScreen: Rect(0, 2274 - 1080, 2274); packageName: de.danoeh.antennapod; className: android.widget.FrameLayout; text: null; error: null; maxTextLength: -1; contentDescription: null; tooltipText: null; viewIdResName: de.danoeh.antennapod:id/playerFragment; checkable: false; checked: false; focusable: false; focused: false; selected: false; clickable: false; longClickable: false; contextClickable: false; enabled: true; password: false; scrollable: false; importantForAccessibility: false; visible: false; actions: [AccessibilityAction: ACTION_SELECT - null, AccessibilityAction: ACTION_CLEAR_SELECTION - null, AccessibilityAction: ACTION_ACCESSIBILITY_FOCUS - null, AccessibilityAction: ACTION_SHOW_ON_SCREEN - null]
10-31 17:28:45.276  9386  9386 W AccessibilityNodeInfoDumper: Fetch time: 7ms
10-31 17:28:44.230  1691  1691 V SettingsProvider: Notifying for 0: content://settings/secure/accessibility_enabled
10-31 17:28:45.277  1691  2980 W WindowManager: removeWindowToken: Attempted to remove non-existing token: android.os.Binder@bce8037
10-31 17:28:45.278  1691  1691 V SettingsProvider: Notifying for 0: content://settings/secure/accessibility_enabled
10-31 17:28:45.284  9386  9386 D AndroidRuntime: Shutting down VM
10-31 17:28:45.589  9407  9407 D AndroidRuntime: >>>>>> START com.android.internal.os.RuntimeInit uid 2000 <<<<<<
10-31 17:28:45.613  9407  9407 I app_process: The ClassLoaderContext is a special shared library.
10-31 17:28:45.613  9407  9407 I app_process: The ClassLoaderContext is a special shared library.
10-31 17:28:45.620  9407  9407 D AndroidRuntime: Calling main entry com.android.commands.uiautomator.Launcher
10-31 17:28:45.913  1691  1816 I GnssLocationProvider: WakeLock acquired by sendMessage(REPORT_SV_STATUS, 0, com.android.server.location.GnssLocationProvider$SvStatusInfo@fd08309)
10-31 17:28:45.914  1691  1705 I GnssLocationProvider: WakeLock released by handleMessage(REPORT_SV_STATUS, 0, com.android.server.location.GnssLocationProvider$SvStatusInfo@fd08309)
10-31 17:28:46.646  9407  9407 I AccessibilityNodeInfoDumper: Skipping invisible child: android.view.accessibility.AccessibilityNodeInfo@a2e4; boundsInParent: Rect(0, 0 - 1080, 0); boundsInScreen: Rect(0, 2274 - 1080, 2274); packageName: de.danoeh.antennapod; className: android.widget.FrameLayout; text: null; error: null; maxTextLength: -1; contentDescription: null; tooltipText: null; viewIdResName: de.danoeh.antennapod:id/playerFragment; checkable: false; checked: false; focusable: false; focused: false; selected: false; clickable: false; longClickable: false; contextClickable: false; enabled: true; password: false; scrollable: false; importantForAccessibility: false; visible: false; actions: [AccessibilityAction: ACTION_SELECT - null, AccessibilityAction: ACTION_CLEAR_SELECTION - null, AccessibilityAction: ACTION_ACCESSIBILITY_FOCUS - null, AccessibilityAction: ACTION_SHOW_ON_SCREEN - null]
10-31 17:28:46.650  9407  9407 W AccessibilityNodeInfoDumper: Fetch time: 6ms
10-31 17:28:45.623  1691  1691 V SettingsProvider: Notifying for 0: content://settings/secure/accessibility_enabled
10-31 17:28:46.651  1691  2223 W WindowManager: removeWindowToken: Attempted to remove non-existing token: android.os.Binder@400e8d3
10-31 17:28:46.651  1691  1691 V SettingsProvider: Notifying for 0: content://settings/secure/accessibility_enabled
10-31 17:28:46.657  9407  9407 D AndroidRuntime: Shutting down VM
10-31 17:28:46.917  1691  1816 I GnssLocationProvider: WakeLock acquired by sendMessage(REPORT_SV_STATUS, 0, com.android.server.location.GnssLocationProvider$SvStatusInfo@ce73f2f)
10-31 17:28:46.917  1691  1705 I GnssLocationProvider: WakeLock released by handleMessage(REPORT_SV_STATUS, 0, com.android.server.location.GnssLocationProvider$SvStatusInfo@ce73f2f)
10-31 17:28:47.067  9431  9431 D AndroidRuntime: >>>>>> START com.android.internal.os.RuntimeInit uid 2000 <<<<<<
10-31 17:28:47.093  9431  9431 I app_process: The ClassLoaderContext is a special shared library.
10-31 17:28:47.093  9431  9431 I app_process: The ClassLoaderContext is a special shared library.
10-31 17:28:47.100  9431  9431 D AndroidRuntime: Calling main entry com.android.commands.uiautomator.Launcher
10-31 17:28:47.457  2542  6532 W native  : jpeg_io.cc:108 File's first two bytes does not match the sequence 216
10-31 17:28:47.919  1691  1816 I GnssLocationProvider: WakeLock acquired by sendMessage(REPORT_SV_STATUS, 0, com.android.server.location.GnssLocationProvider$SvStatusInfo@c25acc3)
10-31 17:28:47.919  1691  1705 I GnssLocationProvider: WakeLock released by handleMessage(REPORT_SV_STATUS, 0, com.android.server.location.GnssLocationProvider$SvStatusInfo@c25acc3)
10-31 17:28:48.130  9431  9431 I AccessibilityNodeInfoDumper: Skipping invisible child: android.view.accessibility.AccessibilityNodeInfo@a2eb; boundsInParent: Rect(0, 0 - 1080, 0); boundsInScreen: Rect(0, 2274 - 1080, 2274); packageName: de.danoeh.antennapod; className: android.widget.FrameLayout; text: null; error: null; maxTextLength: -1; contentDescription: null; tooltipText: null; viewIdResName: de.danoeh.antennapod:id/playerFragment; checkable: false; checked: false; focusable: false; focused: false; selected: false; clickable: false; longClickable: false; contextClickable: false; enabled: true; password: false; scrollable: false; importantForAccessibility: false; visible: false; actions: [AccessibilityAction: ACTION_SELECT - null, AccessibilityAction: ACTION_CLEAR_SELECTION - null, AccessibilityAction: ACTION_ACCESSIBILITY_FOCUS - null, AccessibilityAction: ACTION_SHOW_ON_SCREEN - null]
10-31 17:28:48.134  9431  9431 W AccessibilityNodeInfoDumper: Fetch time: 6ms
10-31 17:28:47.102  1691  1691 V SettingsProvider: Notifying for 0: content://settings/secure/accessibility_enabled
10-31 17:28:48.136  1691  3065 W WindowManager: removeWindowToken: Attempted to remove non-existing token: android.os.Binder@110693c
10-31 17:28:48.137  1691  1691 V SettingsProvider: Notifying for 0: content://settings/secure/accessibility_enabled
10-31 17:28:48.141  9431  9431 D AndroidRuntime: Shutting down VM
10-31 17:28:48.380  9448  9448 D AndroidRuntime: >>>>>> START com.android.internal.os.RuntimeInit uid 2000 <<<<<<
10-31 17:28:48.405  9448  9448 I app_process: The ClassLoaderContext is a special shared library.
10-31 17:28:48.411  9448  9448 D AndroidRuntime: Calling main entry com.android.commands.input.Input
10-31 17:28:48.413  9448  9448 I Input   : injectMotionEvent: MotionEvent { action=ACTION_DOWN, actionButton=0, id[0]=0, x[0]=367.0, y[0]=2211.0, toolType[0]=TOOL_TYPE_UNKNOWN, buttonState=0, metaState=0, flags=0x0, edgeFlags=0x0, pointerCount=1, historySize=0, eventTime=245179, downTime=245179, deviceId=0, source=0x1002 }
10-31 17:28:48.414  9448  9448 I Input   : injectMotionEvent: MotionEvent { action=ACTION_UP, actionButton=0, id[0]=0, x[0]=367.0, y[0]=2211.0, toolType[0]=TOOL_TYPE_UNKNOWN, buttonState=0, metaState=0, flags=0x0, edgeFlags=0x0, pointerCount=1, historySize=0, eventTime=245179, downTime=245179, deviceId=0, source=0x1002 }
10-31 17:28:48.414  9448  9448 D AndroidRuntime: Shutting down VM
10-31 17:28:48.426  1691  1702 I ActivityManager: START u0 {cmp=de.danoeh.antennapod/.activity.PreferenceActivity} from uid 10089
10-31 17:28:48.431  1375  5794 W audio_hw_generic: Not supplying enough data to HAL, expected position 621545 , only wrote 621360
10-31 17:28:48.463  9072  9072 W ActivityThread: handleWindowVisibility: no activity for token android.os.BinderProxy@3093c9c
10-31 17:28:48.480  1384  1384 D gralloc_ranchu: gralloc_alloc: Creating ashmem region of size 10371072
10-31 17:28:48.481  1384  1384 I chatty  : uid=1000(system) allocator@2.0-s identical 1 line
10-31 17:28:48.481  1384  1384 D gralloc_ranchu: gralloc_alloc: Creating ashmem region of size 10371072
10-31 17:28:48.498  9072  9096 D EGL_emulation: eglMakeCurrent: 0x7c5be4bc60: ver 3 0 (tinfo 0x7c5be840a0)
10-31 17:28:48.508  2894  2894 I GoogleInputMethod: onFinishInput() : Dummy InputConnection bound
10-31 17:28:48.508  2894  2894 I GoogleInputMethod: onStartInput() : Dummy InputConnection bound
10-31 17:28:48.508  1691  1714 I ActivityManager: Displayed de.danoeh.antennapod/.activity.PreferenceActivity: +46ms
10-31 17:28:48.512  9072  9096 D EGL_emulation: eglMakeCurrent: 0x7c5be4bc60: ver 3 0 (tinfo 0x7c5be840a0)
10-31 17:28:48.516  9072  9096 I chatty  : uid=10089(de.danoeh.antennapod) RenderThread identical 1 line
10-31 17:28:48.530  9072  9096 D EGL_emulation: eglMakeCurrent: 0x7c5be4bc60: ver 3 0 (tinfo 0x7c5be840a0)
10-31 17:28:48.919  1691  1816 I GnssLocationProvider: WakeLock acquired by sendMessage(REPORT_SV_STATUS, 0, com.android.server.location.GnssLocationProvider$SvStatusInfo@c910307)
10-31 17:28:48.919  1691  1705 I GnssLocationProvider: WakeLock released by handleMessage(REPORT_SV_STATUS, 0, com.android.server.location.GnssLocationProvider$SvStatusInfo@c910307)
10-31 17:28:48.956  9072  9096 D EGL_emulation: eglMakeCurrent: 0x7c5be4bc60: ver 3 0 (tinfo 0x7c5be840a0)
10-31 17:28:49.925  1691  1816 I GnssLocationProvider: WakeLock acquired by sendMessage(REPORT_SV_STATUS, 0, com.android.server.location.GnssLocationProvider$SvStatusInfo@22f6fd2)
10-31 17:28:49.926  1691  1705 I GnssLocationProvider: WakeLock released by handleMessage(REPORT_SV_STATUS, 0, com.android.server.location.GnssLocationProvider$SvStatusInfo@22f6fd2)
10-31 17:28:50.866  1645  1645 E netmgr  : Failed to open QEMU pipe 'qemud:network': Invalid argument
10-31 17:28:50.866  1645  1645 E netmgr  : WifiForwarder unable to open QEMU pipe: Invalid argument
10-31 17:28:50.925  1691  1816 I GnssLocationProvider: WakeLock acquired by sendMessage(REPORT_SV_STATUS, 0, com.android.server.location.GnssLocationProvider$SvStatusInfo@b0c8a3)
10-31 17:28:50.925  1691  1705 I GnssLocationProvider: WakeLock released by handleMessage(REPORT_SV_STATUS, 0, com.android.server.location.GnssLocationProvider$SvStatusInfo@b0c8a3)
10-31 17:28:51.628  1375  1375 W audio_hw_generic: Not supplying enough data to HAL, expected position 927785 , only wrote 774720
10-31 17:28:51.653  9471  9471 W ls      : type=1400 audit(0.0:206): avc: denied { getattr } for path="/proc/fb" dev="proc" ino=4026531901 scontext=u:r:shell:s0 tcontext=u:object_r:proc:s0 tclass=file permissive=0
10-31 17:28:51.663  9471  9471 W ls      : type=1400 audit(0.0:207): avc: denied { getattr } for path="/proc/keys" dev="proc" ino=4026531974 scontext=u:r:shell:s0 tcontext=u:object_r:proc:s0 tclass=file permissive=0
10-31 17:28:51.663  9471  9471 W ls      : type=1400 audit(0.0:208): avc: denied { getattr } for path="/proc/kmsg" dev="proc" ino=4026531930 scontext=u:r:shell:s0 tcontext=u:object_r:proc_kmsg:s0 tclass=file permissive=0
10-31 17:28:51.663  9471  9471 W ls      : type=1400 audit(0.0:209): avc: denied { getattr } for path="/proc/misc" dev="proc" ino=4026531902 scontext=u:r:shell:s0 tcontext=u:object_r:proc_misc:s0 tclass=file permissive=0
10-31 17:28:51.663  9471  9471 W ls      : type=1400 audit(0.0:210): avc: denied { getattr } for path="/proc/iomem" dev="proc" ino=4026531956 scontext=u:r:shell:s0 tcontext=u:object_r:proc_iomem:s0 tclass=file permissive=0
10-31 17:28:51.872  1545  1610 E storaged: getDiskStats failed with result NOT_SUPPORTED and size 0
10-31 17:28:51.925  1691  1816 I GnssLocationProvider: WakeLock acquired by sendMessage(REPORT_SV_STATUS, 0, com.android.server.location.GnssLocationProvider$SvStatusInfo@97947a0)
10-31 17:28:51.926  1691  1705 I GnssLocationProvider: WakeLock released by handleMessage(REPORT_SV_STATUS, 0, com.android.server.location.GnssLocationProvider$SvStatusInfo@97947a0)
10-31 17:28:51.983  1691  1825 E TaskPersister: File error accessing recents directory (directory doesn't exist?).
10-31 17:28:52.931  1691  1816 I GnssLocationProvider: WakeLock acquired by sendMessage(REPORT_SV_STATUS, 0, com.android.server.location.GnssLocationProvider$SvStatusInfo@2366f59)
10-31 17:28:52.932  1691  1705 I GnssLocationProvider: WakeLock released by handleMessage(REPORT_SV_STATUS, 0, com.android.server.location.GnssLocationProvider$SvStatusInfo@2366f59)
10-31 17:28:53.464  2894  2894 E AndroidIME: evo: Failed to dump cda
10-31 17:28:53.464  2894  2894 E AndroidIME: java.lang.NullPointerException: Attempt to invoke virtual method 'boolean cxn.a(android.content.Context, java.util.Locale)' on a null object reference
10-31 17:28:53.464  2894  2894 E AndroidIME: 	at com.google.android.apps.inputmethod.libs.search.nativecard.FeatureCardNoticeExtension.a(PG:132)
10-31 17:28:53.464  2894  2894 E AndroidIME: 	at cda.a(PG:352)
10-31 17:28:53.464  2894  2894 E AndroidIME: 	at evo.a(PG:20)
10-31 17:28:53.464  2894  2894 E AndroidIME: 	at bgm.a(PG:2502)
10-31 17:28:53.464  2894  2894 E AndroidIME: 	at com.android.inputmethod.latin.LatinIME.a(PG:573)
10-31 17:28:53.464  2894  2894 E AndroidIME: 	at bgm.dump(PG:2496)
10-31 17:28:53.464  2894  2894 E AndroidIME: 	at android.inputmethodservice.IInputMethodWrapper.executeMessage(IInputMethodWrapper.java:151)
10-31 17:28:53.464  2894  2894 E AndroidIME: 	at com.android.internal.os.HandlerCaller$MyHandler.handleMessage(HandlerCaller.java:37)
10-31 17:28:53.464  2894  2894 E AndroidIME: 	at android.os.Handler.dispatchMessage(Handler.java:106)
10-31 17:28:53.464  2894  2894 E AndroidIME: 	at android.os.Looper.loop(Looper.java:193)
10-31 17:28:53.464  2894  2894 E AndroidIME: 	at android.app.ActivityThread.main(ActivityThread.java:6669)
10-31 17:28:53.464  2894  2894 E AndroidIME: 	at java.lang.reflect.Method.invoke(Native Method)
10-31 17:28:53.464  2894  2894 E AndroidIME: 	at com.android.internal.os.RuntimeInit$MethodAndArgsCaller.run(RuntimeInit.java:493)
10-31 17:28:53.464  2894  2894 E AndroidIME: 	at com.android.internal.os.ZygoteInit.main(ZygoteInit.java:858)
10-31 17:28:53.661  9912  9912 D AndroidRuntime: >>>>>> START com.android.internal.os.RuntimeInit uid 2000 <<<<<<
10-31 17:28:53.684  9912  9912 I app_process: The ClassLoaderContext is a special shared library.
10-31 17:28:53.684  9912  9912 I app_process: The ClassLoaderContext is a special shared library.
10-31 17:28:53.691  9912  9912 D AndroidRuntime: Calling main entry com.android.commands.uiautomator.Launcher
10-31 17:28:53.694  1691  1691 V SettingsProvider: Notifying for 0: content://settings/secure/accessibility_enabled
10-31 17:28:53.695  1560  1563 D hwcomposer: hw_composer sent 194 syncs in 63s
10-31 17:28:53.817  1691  3532 E memtrack: Couldn't load memtrack module
10-31 17:28:53.817  1691  3532 W android.os.Debug: failed to get memory consumption info: -1
10-31 17:28:53.935  1691  1816 I GnssLocationProvider: WakeLock acquired by sendMessage(REPORT_SV_STATUS, 0, com.android.server.location.GnssLocationProvider$SvStatusInfo@fbb3dcc)
10-31 17:28:53.935  1691  1705 I GnssLocationProvider: WakeLock released by handleMessage(REPORT_SV_STATUS, 0, com.android.server.location.GnssLocationProvider$SvStatusInfo@fbb3dcc)
10-31 17:28:54.706  1691  3532 W WindowManager: removeWindowToken: Attempted to remove non-existing token: android.os.Binder@ef0b71e
10-31 17:28:54.707  1691  1691 V SettingsProvider: Notifying for 0: content://settings/secure/accessibility_enabled
10-31 17:28:54.711  9912  9912 D AndroidRuntime: Shutting down VM
10-31 17:28:54.937  1691  1816 I GnssLocationProvider: WakeLock acquired by sendMessage(REPORT_SV_STATUS, 0, com.android.server.location.GnssLocationProvider$SvStatusInfo@ded272a)
10-31 17:28:54.937  1691  1705 I GnssLocationProvider: WakeLock released by handleMessage(REPORT_SV_STATUS, 0, com.android.server.location.GnssLocationProvider$SvStatusInfo@ded272a)
10-31 17:28:55.876  9943  9943 D AndroidRuntime: >>>>>> START com.android.internal.os.RuntimeInit uid 2000 <<<<<<
10-31 17:28:55.898  9943  9943 I app_process: The ClassLoaderContext is a special shared library.
10-31 17:28:55.898  9943  9943 I app_process: The ClassLoaderContext is a special shared library.
10-31 17:28:55.906  9943  9943 D AndroidRuntime: Calling main entry com.android.commands.uiautomator.Launcher
10-31 17:28:55.940  1691  1816 I GnssLocationProvider: WakeLock acquired by sendMessage(REPORT_SV_STATUS, 0, com.android.server.location.GnssLocationProvider$SvStatusInfo@7f5b091)
10-31 17:28:55.941  1691  1705 I GnssLocationProvider: WakeLock released by handleMessage(REPORT_SV_STATUS, 0, com.android.server.location.GnssLocationProvider$SvStatusInfo@7f5b091)
10-31 17:28:56.927  9943  9943 I AccessibilityNodeInfoDumper: Skipping invisible child: android.view.accessibility.AccessibilityNodeInfo@2873a; boundsInParent: Rect(0, 0 - 0, 147); boundsInScreen: Rect(1080, 63 - 1080, 210); packageName: de.danoeh.antennapod; className: android.support.v7.widget.LinearLayoutCompat; text: null; error: null; maxTextLength: -1; contentDescription: null; tooltipText: null; viewIdResName: null; checkable: false; checked: false; focusable: false; focused: false; selected: false; clickable: false; longClickable: false; contextClickable: false; enabled: true; password: false; scrollable: false; importantForAccessibility: false; visible: false; actions: [AccessibilityAction: ACTION_SELECT - null, AccessibilityAction: ACTION_CLEAR_SELECTION - null, AccessibilityAction: ACTION_ACCESSIBILITY_FOCUS - null, AccessibilityAction: ACTION_SHOW_ON_SCREEN - null]
10-31 17:28:56.942  9943  9943 W AccessibilityNodeInfoDumper: Fetch time: 17ms
10-31 17:28:55.908  1691  1691 V SettingsProvider: Notifying for 0: content://settings/secure/accessibility_enabled
10-31 17:28:56.942  1691  3532 W WindowManager: removeWindowToken: Attempted to remove non-existing token: android.os.Binder@464a91b
10-31 17:28:56.942  1691  1816 I GnssLocationProvider: WakeLock acquired by sendMessage(REPORT_SV_STATUS, 0, com.android.server.location.GnssLocationProvider$SvStatusInfo@19abbf7)
10-31 17:28:56.942  1691  1705 I GnssLocationProvider: WakeLock released by handleMessage(REPORT_SV_STATUS, 0, com.android.server.location.GnssLocationProvider$SvStatusInfo@19abbf7)
10-31 17:28:56.942  1691  1691 V SettingsProvider: Notifying for 0: content://settings/secure/accessibility_enabled
10-31 17:28:56.943  9943  9943 D AndroidRuntime: Shutting down VM
10-31 17:28:57.157  1956  1956 I SetupWizard: [PlayStoreNotifications] Attempting to register as listener using GooglePlayNotificationHelper
10-31 17:28:57.157  1956  1956 I SetupWizard: [GooglePlaySetupHelperV2] Registering notification receiver
10-31 17:28:57.157  1956  1956 I SetupWizard: [GooglePlaySetupHelperV2] Previous connection failed to bind. Rebinding
10-31 17:28:57.159  1691  3246 W ActivityManager: Unable to start service Intent { act=com.android.vending.setup.IPlaySetupServiceV2.BIND pkg=com.android.vending } U=0: not found
10-31 17:28:57.159  1956  1956 E SetupWizard: [GooglePlaySetupHelperV2] bindService failed
10-31 17:28:57.159  1956  1956 I SetupWizard: [PlayStoreNotifications] Timed out attempting to register listener.
10-31 17:28:57.159  1956  1956 W SetupWizard: [CompletableFutures] Retrying future. Exception=java.util.concurrent.CompletionException: java.lang.IllegalStateException: bindService failed
10-31 17:28:57.333  9965  9965 D AndroidRuntime: >>>>>> START com.android.internal.os.RuntimeInit uid 2000 <<<<<<
10-31 17:28:57.354  9965  9965 I app_process: The ClassLoaderContext is a special shared library.
10-31 17:28:57.354  9965  9965 I app_process: The ClassLoaderContext is a special shared library.
10-31 17:28:57.361  9965  9965 D AndroidRuntime: Calling main entry com.android.commands.uiautomator.Launcher
10-31 17:28:57.365  1691  1691 V SettingsProvider: Notifying for 0: content://settings/secure/accessibility_enabled
10-31 17:28:57.946  1691  1816 I GnssLocationProvider: WakeLock acquired by sendMessage(REPORT_SV_STATUS, 0, com.android.server.location.GnssLocationProvider$SvStatusInfo@30f7182)
10-31 17:28:57.947  1691  1705 I GnssLocationProvider: WakeLock released by handleMessage(REPORT_SV_STATUS, 0, com.android.server.location.GnssLocationProvider$SvStatusInfo@30f7182)
10-31 17:28:58.395  9965  9965 I AccessibilityNodeInfoDumper: Skipping invisible child: android.view.accessibility.AccessibilityNodeInfo@28740; boundsInParent: Rect(0, 0 - 0, 147); boundsInScreen: Rect(1080, 63 - 1080, 210); packageName: de.danoeh.antennapod; className: android.support.v7.widget.LinearLayoutCompat; text: null; error: null; maxTextLength: -1; contentDescription: null; tooltipText: null; viewIdResName: null; checkable: false; checked: false; focusable: false; focused: false; selected: false; clickable: false; longClickable: false; contextClickable: false; enabled: true; password: false; scrollable: false; importantForAccessibility: false; visible: false; actions: [AccessibilityAction: ACTION_SELECT - null, AccessibilityAction: ACTION_CLEAR_SELECTION - null, AccessibilityAction: ACTION_ACCESSIBILITY_FOCUS - null, AccessibilityAction: ACTION_SHOW_ON_SCREEN - null]
10-31 17:28:58.399  9965  9965 W AccessibilityNodeInfoDumper: Fetch time: 5ms
10-31 17:28:58.399  1691  3246 W WindowManager: removeWindowToken: Attempted to remove non-existing token: android.os.Binder@c317a64
10-31 17:28:58.400  1691  1691 V SettingsProvider: Notifying for 0: content://settings/secure/accessibility_enabled
10-31 17:28:58.403  9965  9965 D AndroidRuntime: Shutting down VM
10-31 17:28:58.556  1691  1705 E memtrack: Couldn't load memtrack module
10-31 17:28:58.556  1691  1705 W android.os.Debug: failed to get memory consumption info: -1
10-31 17:28:58.575  1691  1705 E memtrack: Couldn't load memtrack module
10-31 17:28:58.575  1691  1705 W android.os.Debug: failed to get memory consumption info: -1
10-31 17:28:58.584  1691  1705 E memtrack: Couldn't load memtrack module
10-31 17:28:58.584  1691  1705 W android.os.Debug: failed to get memory consumption info: -1
10-31 17:28:58.952  1691  1816 I GnssLocationProvider: WakeLock acquired by sendMessage(REPORT_SV_STATUS, 0, com.android.server.location.GnssLocationProvider$SvStatusInfo@7bdd8d0)
10-31 17:28:58.952  1691  1705 I GnssLocationProvider: WakeLock released by handleMessage(REPORT_SV_STATUS, 0, com.android.server.location.GnssLocationProvider$SvStatusInfo@7bdd8d0)
10-31 17:28:59.584  9998  9998 D AndroidRuntime: >>>>>> START com.android.internal.os.RuntimeInit uid 2000 <<<<<<
10-31 17:28:59.605  9998  9998 I app_process: The ClassLoaderContext is a special shared library.
10-31 17:28:59.605  9998  9998 I app_process: The ClassLoaderContext is a special shared library.
10-31 17:28:59.612  9998  9998 D AndroidRuntime: Calling main entry com.android.commands.uiautomator.Launcher
10-31 17:28:59.955  1691  1816 I GnssLocationProvider: WakeLock acquired by sendMessage(REPORT_SV_STATUS, 0, com.android.server.location.GnssLocationProvider$SvStatusInfo@90732ef)
10-31 17:28:59.955  1691  1705 I GnssLocationProvider: WakeLock released by handleMessage(REPORT_SV_STATUS, 0, com.android.server.location.GnssLocationProvider$SvStatusInfo@90732ef)
10-31 17:29:00.036  1878  2110 D EGL_emulation: eglMakeCurrent: 0x7c48ad9ca0: ver 3 0 (tinfo 0x7c588431c0)
10-31 17:29:00.647  9998  9998 I AccessibilityNodeInfoDumper: Skipping invisible child: android.view.accessibility.AccessibilityNodeInfo@28747; boundsInParent: Rect(0, 0 - 0, 147); boundsInScreen: Rect(1080, 63 - 1080, 210); packageName: de.danoeh.antennapod; className: android.support.v7.widget.LinearLayoutCompat; text: null; error: null; maxTextLength: -1; contentDescription: null; tooltipText: null; viewIdResName: null; checkable: false; checked: false; focusable: false; focused: false; selected: false; clickable: false; longClickable: false; contextClickable: false; enabled: true; password: false; scrollable: false; importantForAccessibility: false; visible: false; actions: [AccessibilityAction: ACTION_SELECT - null, AccessibilityAction: ACTION_CLEAR_SELECTION - null, AccessibilityAction: ACTION_ACCESSIBILITY_FOCUS - null, AccessibilityAction: ACTION_SHOW_ON_SCREEN - null]
10-31 17:29:00.659  9998  9998 W AccessibilityNodeInfoDumper: Fetch time: 23ms
10-31 17:28:59.615  1691  1691 V SettingsProvider: Notifying for 0: content://settings/secure/accessibility_enabled
10-31 17:29:00.660  1691  3065 W WindowManager: removeWindowToken: Attempted to remove non-existing token: android.os.Binder@4c4e0c9
10-31 17:29:00.662  1691  1691 V SettingsProvider: Notifying for 0: content://settings/secure/accessibility_enabled
10-31 17:29:00.666  9998  9998 D AndroidRuntime: Shutting down VM
10-31 17:29:00.956  1691  1816 I GnssLocationProvider: WakeLock acquired by sendMessage(REPORT_SV_STATUS, 0, com.android.server.location.GnssLocationProvider$SvStatusInfo@135aeda)
10-31 17:29:00.956  1691  1705 I GnssLocationProvider: WakeLock released by handleMessage(REPORT_SV_STATUS, 0, com.android.server.location.GnssLocationProvider$SvStatusInfo@135aeda)
