10-31 17:29:01.961  1691  1816 I GnssLocationProvider: WakeLock acquired by sendMessage(REPORT_SV_STATUS, 0, com.android.server.location.GnssLocationProvider$SvStatusInfo@5be0f0b)
10-31 17:29:01.961  1691  1705 I GnssLocationProvider: WakeLock released by handleMessage(REPORT_SV_STATUS, 0, com.android.server.location.GnssLocationProvider$SvStatusInfo@5be0f0b)
10-31 17:29:01.972 10037 10037 D AndroidRuntime: >>>>>> START com.android.internal.os.RuntimeInit uid 2000 <<<<<<
10-31 17:29:01.995 10037 10037 I app_process: The ClassLoaderContext is a special shared library.
10-31 17:29:01.995 10037 10037 I app_process: The ClassLoaderContext is a special shared library.
10-31 17:29:02.002 10037 10037 D AndroidRuntime: Calling main entry com.android.commands.uiautomator.Launcher
10-31 17:29:02.969  1691  1816 I GnssLocationProvider: WakeLock acquired by sendMessage(REPORT_SV_STATUS, 0, com.android.server.location.GnssLocationProvider$SvStatusInfo@1cfdea6)
10-31 17:29:02.969  1691  1705 I GnssLocationProvider: WakeLock released by handleMessage(REPORT_SV_STATUS, 0, com.android.server.location.GnssLocationProvider$SvStatusInfo@1cfdea6)
10-31 17:29:03.032 10037 10037 I AccessibilityNodeInfoDumper: Skipping invisible child: android.view.accessibility.AccessibilityNodeInfo@2874f; boundsInParent: Rect(0, 0 - 0, 147); boundsInScreen: Rect(1080, 63 - 1080, 210); packageName: de.danoeh.antennapod; className: android.support.v7.widget.LinearLayoutCompat; text: null; error: null; maxTextLength: -1; contentDescription: null; tooltipText: null; viewIdResName: null; checkable: false; checked: false; focusable: false; focused: false; selected: false; clickable: false; longClickable: false; contextClickable: false; enabled: true; password: false; scrollable: false; importantForAccessibility: false; visible: false; actions: [AccessibilityAction: ACTION_SELECT - null, AccessibilityAction: ACTION_CLEAR_SELECTION - null, AccessibilityAction: ACTION_ACCESSIBILITY_FOCUS - null, AccessibilityAction: ACTION_SHOW_ON_SCREEN - null]
10-31 17:29:03.040 10037 10037 W AccessibilityNodeInfoDumper: Fetch time: 11ms
10-31 17:29:02.005  1691  1691 V SettingsProvider: Notifying for 0: content://settings/secure/accessibility_enabled
10-31 17:29:03.041  1691  3246 W WindowManager: removeWindowToken: Attempted to remove non-existing token: android.os.Binder@803f1e8
10-31 17:29:03.042  1691  1691 V SettingsProvider: Notifying for 0: content://settings/secure/accessibility_enabled
10-31 17:29:03.046 10037 10037 D AndroidRuntime: Shutting down VM
10-31 17:29:03.435  1532  2123 E SurfaceFlinger: ro.sf.lcd_density must be defined as a build property
10-31 17:29:03.435  1384  1384 D gralloc_ranchu: gralloc_alloc: Creating ashmem region of size 10371072
10-31 17:29:03.441 10057 10057 D HostConnection: createUnique: call
10-31 17:29:03.442 10057 10057 D HostConnection: HostConnection::get() New Host Connection established 0x7e9e641640, tid 10057
10-31 17:29:03.443 10057 10057 D HostConnection: HostComposition ext ANDROID_EMU_CHECKSUM_HELPER_v1 ANDROID_EMU_sync_buffer_data GL_OES_EGL_image_external_essl3 GL_OES_vertex_array_object GL_KHR_texture_compression_astc_ldr ANDROID_EMU_host_side_tracing ANDROID_EMU_gles_max_version_3_0 
10-31 17:29:03.551  2427  2427 D MediaScannerReceiver: action: android.intent.action.MEDIA_SCANNER_SCAN_FILE path: /storage/emulated/0/screen.png
10-31 17:29:03.971  1691  1816 I GnssLocationProvider: WakeLock acquired by sendMessage(REPORT_SV_STATUS, 0, com.android.server.location.GnssLocationProvider$SvStatusInfo@8b3f32)
10-31 17:29:03.971  1691  1705 I GnssLocationProvider: WakeLock released by handleMessage(REPORT_SV_STATUS, 0, com.android.server.location.GnssLocationProvider$SvStatusInfo@8b3f32)
10-31 17:29:04.974  1691  1816 I GnssLocationProvider: WakeLock acquired by sendMessage(REPORT_SV_STATUS, 0, com.android.server.location.GnssLocationProvider$SvStatusInfo@b375483)
10-31 17:29:04.974  1691  1705 I GnssLocationProvider: WakeLock released by handleMessage(REPORT_SV_STATUS, 0, com.android.server.location.GnssLocationProvider$SvStatusInfo@b375483)
10-31 17:29:05.876 10070 10070 D AndroidRuntime: >>>>>> START com.android.internal.os.RuntimeInit uid 2000 <<<<<<
10-31 17:29:05.898 10070 10070 I app_process: The ClassLoaderContext is a special shared library.
10-31 17:29:05.898 10070 10070 I app_process: The ClassLoaderContext is a special shared library.
10-31 17:29:05.904 10070 10070 D AndroidRuntime: Calling main entry com.android.commands.uiautomator.Launcher
10-31 17:29:05.977  1691  1816 I GnssLocationProvider: WakeLock acquired by sendMessage(REPORT_SV_STATUS, 0, com.android.server.location.GnssLocationProvider$SvStatusInfo@b2a1c7e)
10-31 17:29:05.977  1691  1705 I GnssLocationProvider: WakeLock released by handleMessage(REPORT_SV_STATUS, 0, com.android.server.location.GnssLocationProvider$SvStatusInfo@b2a1c7e)
10-31 17:29:06.946 10070 10070 I AccessibilityNodeInfoDumper: Skipping invisible child: android.view.accessibility.AccessibilityNodeInfo@28755; boundsInParent: Rect(0, 0 - 0, 147); boundsInScreen: Rect(1080, 63 - 1080, 210); packageName: de.danoeh.antennapod; className: android.support.v7.widget.LinearLayoutCompat; text: null; error: null; maxTextLength: -1; contentDescription: null; tooltipText: null; viewIdResName: null; checkable: false; checked: false; focusable: false; focused: false; selected: false; clickable: false; longClickable: false; contextClickable: false; enabled: true; password: false; scrollable: false; importantForAccessibility: false; visible: false; actions: [AccessibilityAction: ACTION_SELECT - null, AccessibilityAction: ACTION_CLEAR_SELECTION - null, AccessibilityAction: ACTION_ACCESSIBILITY_FOCUS - null, AccessibilityAction: ACTION_SHOW_ON_SCREEN - null]
10-31 17:29:06.953 10070 10070 W AccessibilityNodeInfoDumper: Fetch time: 10ms
10-31 17:29:05.907  1691  1691 V SettingsProvider: Notifying for 0: content://settings/secure/accessibility_enabled
10-31 17:29:06.954  1691  3532 W WindowManager: removeWindowToken: Attempted to remove non-existing token: android.os.Binder@2a11600
10-31 17:29:06.955  1691  1691 V SettingsProvider: Notifying for 0: content://settings/secure/accessibility_enabled
10-31 17:29:06.958 10070 10070 D AndroidRuntime: Shutting down VM
10-31 17:29:06.978  1691  1816 I GnssLocationProvider: WakeLock acquired by sendMessage(REPORT_SV_STATUS, 0, com.android.server.location.GnssLocationProvider$SvStatusInfo@101922c)
10-31 17:29:06.979  1691  1705 I GnssLocationProvider: WakeLock released by handleMessage(REPORT_SV_STATUS, 0, com.android.server.location.GnssLocationProvider$SvStatusInfo@101922c)
10-31 17:29:07.985  1691  1816 I GnssLocationProvider: WakeLock acquired by sendMessage(REPORT_SV_STATUS, 0, com.android.server.location.GnssLocationProvider$SvStatusInfo@23cd4f5)
10-31 17:29:07.987  1691  1705 I GnssLocationProvider: WakeLock released by handleMessage(REPORT_SV_STATUS, 0, com.android.server.location.GnssLocationProvider$SvStatusInfo@23cd4f5)
10-31 17:29:08.553  1691  3532 I ActivityManager: Killing 4146:com.google.android.configupdater/u0a30 (adj 906): empty #17
10-31 17:29:08.554  1691  1709 W libprocessgroup: kill(-4146, 9) failed: No such process
10-31 17:29:08.593  1691  1709 W libprocessgroup: kill(-4146, 9) failed: No such process
10-31 17:29:08.594  1533  1533 I Zygote  : Process 4146 exited due to signal (9)
10-31 17:29:08.633  1691  1709 W libprocessgroup: kill(-4146, 9) failed: No such process
10-31 17:29:08.633  1691  1709 I libprocessgroup: Successfully killed process cgroup uid 10030 pid 4146 in 79ms
10-31 17:29:08.990  1691  1816 I GnssLocationProvider: WakeLock acquired by sendMessage(REPORT_SV_STATUS, 0, com.android.server.location.GnssLocationProvider$SvStatusInfo@747828a)
10-31 17:29:08.991  1691  1705 I GnssLocationProvider: WakeLock released by handleMessage(REPORT_SV_STATUS, 0, com.android.server.location.GnssLocationProvider$SvStatusInfo@747828a)
10-31 17:29:09.301 10093 10093 D AndroidRuntime: >>>>>> START com.android.internal.os.RuntimeInit uid 2000 <<<<<<
10-31 17:29:09.323 10093 10093 I app_process: The ClassLoaderContext is a special shared library.
10-31 17:29:09.323 10093 10093 I app_process: The ClassLoaderContext is a special shared library.
10-31 17:29:09.330 10093 10093 D AndroidRuntime: Calling main entry com.android.commands.uiautomator.Launcher
10-31 17:29:09.333  1691  1691 V SettingsProvider: Notifying for 0: content://settings/secure/accessibility_enabled
10-31 17:29:09.994  1691  1816 I GnssLocationProvider: WakeLock acquired by sendMessage(REPORT_SV_STATUS, 0, com.android.server.location.GnssLocationProvider$SvStatusInfo@dd2cb71)
10-31 17:29:09.994  1691  1705 I GnssLocationProvider: WakeLock released by handleMessage(REPORT_SV_STATUS, 0, com.android.server.location.GnssLocationProvider$SvStatusInfo@dd2cb71)
10-31 17:29:10.350 10093 10093 I AccessibilityNodeInfoDumper: Skipping invisible child: android.view.accessibility.AccessibilityNodeInfo@2875d; boundsInParent: Rect(0, 0 - 0, 147); boundsInScreen: Rect(1080, 63 - 1080, 210); packageName: de.danoeh.antennapod; className: android.support.v7.widget.LinearLayoutCompat; text: null; error: null; maxTextLength: -1; contentDescription: null; tooltipText: null; viewIdResName: null; checkable: false; checked: false; focusable: false; focused: false; selected: false; clickable: false; longClickable: false; contextClickable: false; enabled: true; password: false; scrollable: false; importantForAccessibility: false; visible: false; actions: [AccessibilityAction: ACTION_SELECT - null, AccessibilityAction: ACTION_CLEAR_SELECTION - null, AccessibilityAction: ACTION_ACCESSIBILITY_FOCUS - null, AccessibilityAction: ACTION_SHOW_ON_SCREEN - null]
10-31 17:29:10.354 10093 10093 W AccessibilityNodeInfoDumper: Fetch time: 7ms
10-31 17:29:10.355  1691  3246 W WindowManager: removeWindowToken: Attempted to remove non-existing token: android.os.Binder@3f4d0fb
10-31 17:29:10.355  1691  1691 V SettingsProvider: Notifying for 0: content://settings/secure/accessibility_enabled
10-31 17:29:10.357 10093 10093 D AndroidRuntime: Shutting down VM
10-31 17:29:10.656 10115 10115 D AndroidRuntime: >>>>>> START com.android.internal.os.RuntimeInit uid 2000 <<<<<<
10-31 17:29:10.678 10115 10115 I app_process: The ClassLoaderContext is a special shared library.
10-31 17:29:10.678 10115 10115 I app_process: The ClassLoaderContext is a special shared library.
10-31 17:29:10.686 10115 10115 D AndroidRuntime: Calling main entry com.android.commands.uiautomator.Launcher
10-31 17:29:10.996  1691  1816 I GnssLocationProvider: WakeLock acquired by sendMessage(REPORT_SV_STATUS, 0, com.android.server.location.GnssLocationProvider$SvStatusInfo@6f7adad)
10-31 17:29:10.996  1691  1705 I GnssLocationProvider: WakeLock released by handleMessage(REPORT_SV_STATUS, 0, com.android.server.location.GnssLocationProvider$SvStatusInfo@6f7adad)
10-31 17:29:11.717 10115 10115 I AccessibilityNodeInfoDumper: Skipping invisible child: android.view.accessibility.AccessibilityNodeInfo@28764; boundsInParent: Rect(0, 0 - 0, 147); boundsInScreen: Rect(1080, 63 - 1080, 210); packageName: de.danoeh.antennapod; className: android.support.v7.widget.LinearLayoutCompat; text: null; error: null; maxTextLength: -1; contentDescription: null; tooltipText: null; viewIdResName: null; checkable: false; checked: false; focusable: false; focused: false; selected: false; clickable: false; longClickable: false; contextClickable: false; enabled: true; password: false; scrollable: false; importantForAccessibility: false; visible: false; actions: [AccessibilityAction: ACTION_SELECT - null, AccessibilityAction: ACTION_CLEAR_SELECTION - null, AccessibilityAction: ACTION_ACCESSIBILITY_FOCUS - null, AccessibilityAction: ACTION_SHOW_ON_SCREEN - null]
10-31 17:29:11.721 10115 10115 W AccessibilityNodeInfoDumper: Fetch time: 7ms
10-31 17:29:10.690  1691  1691 V SettingsProvider: Notifying for 0: content://settings/secure/accessibility_enabled
10-31 17:29:11.722  1691  3657 W WindowManager: removeWindowToken: Attempted to remove non-existing token: android.os.Binder@d3581d7
10-31 17:29:11.723  1691  1691 V SettingsProvider: Notifying for 0: content://settings/secure/accessibility_enabled
10-31 17:29:11.727 10115 10115 D AndroidRuntime: Shutting down VM
10-31 17:29:11.996  1691  1816 I GnssLocationProvider: WakeLock acquired by sendMessage(REPORT_SV_STATUS, 0, com.android.server.location.GnssLocationProvider$SvStatusInfo@f666473)
10-31 17:29:11.996  1691  1705 I GnssLocationProvider: WakeLock released by handleMessage(REPORT_SV_STATUS, 0, com.android.server.location.GnssLocationProvider$SvStatusInfo@f666473)
10-31 17:29:12.082 10134 10134 D AndroidRuntime: >>>>>> START com.android.internal.os.RuntimeInit uid 2000 <<<<<<
10-31 17:29:12.104 10134 10134 I app_process: The ClassLoaderContext is a special shared library.
10-31 17:29:12.104 10134 10134 I app_process: The ClassLoaderContext is a special shared library.
10-31 17:29:12.111 10134 10134 D AndroidRuntime: Calling main entry com.android.commands.uiautomator.Launcher
10-31 17:29:13.003  1691  1816 I GnssLocationProvider: WakeLock acquired by sendMessage(REPORT_SV_STATUS, 0, com.android.server.location.GnssLocationProvider$SvStatusInfo@854a12e)
10-31 17:29:13.004  1691  1705 I GnssLocationProvider: WakeLock released by handleMessage(REPORT_SV_STATUS, 0, com.android.server.location.GnssLocationProvider$SvStatusInfo@854a12e)
10-31 17:29:13.163 10134 10134 I AccessibilityNodeInfoDumper: Skipping invisible child: android.view.accessibility.AccessibilityNodeInfo@2876b; boundsInParent: Rect(0, 0 - 0, 147); boundsInScreen: Rect(1080, 63 - 1080, 210); packageName: de.danoeh.antennapod; className: android.support.v7.widget.LinearLayoutCompat; text: null; error: null; maxTextLength: -1; contentDescription: null; tooltipText: null; viewIdResName: null; checkable: false; checked: false; focusable: false; focused: false; selected: false; clickable: false; longClickable: false; contextClickable: false; enabled: true; password: false; scrollable: false; importantForAccessibility: false; visible: false; actions: [AccessibilityAction: ACTION_SELECT - null, AccessibilityAction: ACTION_CLEAR_SELECTION - null, AccessibilityAction: ACTION_ACCESSIBILITY_FOCUS - null, AccessibilityAction: ACTION_SHOW_ON_SCREEN - null]
10-31 17:29:13.167 10134 10134 W AccessibilityNodeInfoDumper: Fetch time: 7ms
10-31 17:29:12.114  1691  1691 V SettingsProvider: Notifying for 0: content://settings/secure/accessibility_enabled
10-31 17:29:13.169  1691  3145 W WindowManager: removeWindowToken: Attempted to remove non-existing token: android.os.Binder@525ff30
10-31 17:29:13.169  1691  1691 V SettingsProvider: Notifying for 0: content://settings/secure/accessibility_enabled
10-31 17:29:13.171 10134 10134 D AndroidRuntime: Shutting down VM
10-31 17:29:13.423 10151 10151 D AndroidRuntime: >>>>>> START com.android.internal.os.RuntimeInit uid 2000 <<<<<<
10-31 17:29:13.446 10151 10151 I app_process: The ClassLoaderContext is a special shared library.
10-31 17:29:13.454 10151 10151 D AndroidRuntime: Calling main entry com.android.commands.input.Input
10-31 17:29:13.455 10151 10151 I Input   : injectMotionEvent: MotionEvent { action=ACTION_DOWN, actionButton=0, id[0]=0, x[0]=582.0, y[0]=304.0, toolType[0]=TOOL_TYPE_UNKNOWN, buttonState=0, metaState=0, flags=0x0, edgeFlags=0x0, pointerCount=1, historySize=0, eventTime=270222, downTime=270222, deviceId=0, source=0x1002 }
10-31 17:29:13.456 10151 10151 I Input   : injectMotionEvent: MotionEvent { action=ACTION_UP, actionButton=0, id[0]=0, x[0]=582.0, y[0]=304.0, toolType[0]=TOOL_TYPE_UNKNOWN, buttonState=0, metaState=0, flags=0x0, edgeFlags=0x0, pointerCount=1, historySize=0, eventTime=270222, downTime=270222, deviceId=0, source=0x1002 }
10-31 17:29:13.456 10151 10151 D AndroidRuntime: Shutting down VM
10-31 17:29:13.460  9072  9096 D EGL_emulation: eglMakeCurrent: 0x7c5be4bc60: ver 3 0 (tinfo 0x7c5be840a0)
10-31 17:29:13.467  1375  5794 W audio_hw_generic: Not supplying enough data to HAL, expected position 774906 , only wrote 774720
10-31 17:29:13.502  2894  2894 I GoogleInputMethod: onFinishInput() : Dummy InputConnection bound
10-31 17:29:13.503  2894  2894 I FeaturePermissions: onSharedPreferenceChanged() : Key = ACTIVE_IME.SOFT.en-US : Feature = null
10-31 17:29:13.513  2894  2894 I FeaturePermissions: onSharedPreferenceChanged() : Key = pref_key_contacts_suggestion_notice_posted : Feature = null
10-31 17:29:13.513  2894  2894 I NoticeManager: Posting notice [import_user_contacts] to default priority queue
10-31 17:29:13.514  2894  2894 I LatinIme: initialize() : Language = en-US
10-31 17:29:13.515  2894  2894 I Delight5Facilitator: initializeForIme() : Locale = [en_US]
10-31 17:29:13.515  2894  2894 I Delight5Facilitator: initializeForIme() : Locale != CurrentLocale | Better LM available
10-31 17:29:13.515  2894  2894 I Delight5Facilitator: resetDecoder() : Locale = [en_US]
10-31 17:29:13.519  9072  9072 I AssistStructure: Flattened final assist data: 2944 bytes, containing 1 windows, 11 views
10-31 17:29:13.527  4844  4844 I GmsCoreXrpcWrapper: Returning a channel provider with trafficStatsTag=18692 trafficStatsUid=-1
10-31 17:29:13.530  2894  2894 I Delight5Decoder: No Layout found. Using a fake layout.
10-31 17:29:13.530  2894  2894 I EmptyLayoutProvider: getFakeKeyboardLayout() : Computing new layout
10-31 17:29:13.532  2894 10163 I MainLoader: Running LM loader for [en_US]
10-31 17:29:13.532  2894 10163 I SuperDelight: SuperDelightLanguageModelProvider#fetchLanguageModel(): 1 locales
10-31 17:29:13.532  2894 10163 I SuperDelight: syncBundledLanguageModels(): clearing bundled_delight selection
10-31 17:29:13.532  2894 10164 I Delight5Facilitator: Running blacklist loader
10-31 17:29:13.533  2894 10164 I Delight5Facilitator: Running contacts language model loader
10-31 17:29:13.533  2894 10164 I Delight5Facilitator: Running personal language model loader
10-31 17:29:13.533  2894 10164 I Delight5Facilitator: Running user history language model loader
10-31 17:29:13.533  2894 10164 I Delight5Facilitator: currentLocales for emoji are: [en_US]
10-31 17:29:13.533  2894 10164 I EmojiSuperpacksFeature: Emoji superpacks are disabled by Phenotype
10-31 17:29:13.533  2894 10164 I Delight5Facilitator: Emoji shortcut file does not exist.
10-31 17:29:13.533  2894 10164 I Delight5Facilitator: Totally 0 emoji shortcuts loaded.
10-31 17:29:13.533  2894 10164 I Delight5Facilitator: Finished loading emoji shortcuts
10-31 17:29:13.533  2894 10164 I Delight5Facilitator: Running email language model loader
10-31 17:29:13.538  2894  3056 I Delight5Decoder: loadLanguageModel() : BLACKLIST, version [n/a]
10-31 17:29:13.538  2894  3056 I native  : blacklist-assembly.cc:115 LoadBlacklist en
10-31 17:29:13.538  2894  3056 I native  : blacklist.cc:217 No blacklist file for a language. (This is OK if the language is loaded for the first time.) /data/user/0/com.google.android.inputmethod.latin/files/personal/blacklist.en_us.list
10-31 17:29:13.538  2894  3056 E native  : android-decoder-jni.cc:343 Failed to load dynamic LM from /data/user/0/com.google.android.inputmethod.latin/files/personal/blacklist.en_us.list
10-31 17:29:13.538  2894  3056 W Delight5Decoder: Failed to load dynamic LM /data/user/0/com.google.android.inputmethod.latin/files/personal/blacklist.en_us.list
10-31 17:29:13.538  2894  3056 I Delight5Decoder: loadLanguageModel() : PERSONAL_DICTIONARY, version [n/a]
10-31 17:29:13.538  2894  3056 I Delight5Decoder: Loaded dynamic LM /data/user/0/com.google.android.inputmethod.latin/files/personal/Personal.en_US.dict
10-31 17:29:13.538  2894  3056 I Delight5Decoder: loadShortcutMap() : 0 shortcuts
10-31 17:29:13.539  2894  2894 I LatinIme: onActivate() : EditorInfo = Package = de.danoeh.antennapod : Type = Text : Learning = Disable : Suggestion = Hide : AutoCorrection = Disable : Microphone = Show : Incognito = Disable
10-31 17:29:13.540  2894  3056 I Delight5Decoder: loadLanguageModel() : USER_HISTORY, version [n/a]
10-31 17:29:13.540  2894  3056 I Delight5Decoder: Loaded dynamic LM /data/user/0/com.google.android.inputmethod.latin/files/personal/UserHistory.en_US.dict
10-31 17:29:13.540  2894  3056 I Delight5Decoder: loadEmojiShortcutMap() : 0 shortcuts
10-31 17:29:13.545  2894  3019 I Superpacks: Clearing selection for bundled_delight
10-31 17:29:13.553  2894 10166 W TaskSpec: Initial retry millis (30000) must be at least 30 seconds, set as 30 seconds.
10-31 17:29:13.553  1691  3246 I AssistStructure: Flattened final assist data: 2832 bytes, containing 1 windows, 11 views
10-31 17:29:13.553  2894  2894 I InputContext: input context reset success: true error: 0 input_state_id 1
10-31 17:29:13.555  4844  4844 W osc     : Pending fill request while another request in the same session was triggered. [CONTEXT service_id=177 ]
10-31 17:29:13.555  2894 10177 I SuperDelight: initializeDelightSuperpacks() : Bundled = true
10-31 17:29:13.556  2894 10179 I SuperDelight: SuperDelightManager#registerSuperpacks(bundled_delight): current -1, required 20180317
10-31 17:29:13.556  2894  3019 I Superpacks: Registering manifest bundled_delight.20180317 with URL https://www.gstatic.com/android/keyboard/dictionarypack/Ney-normal/metadata.json and constraints: m:*, current version: -1
10-31 17:29:13.557  2894  3019 I Superpacks: Requesting packs for bundled_delight-manifest with slices: [{manifests:bundled_delight-20180317, m:*}]
10-31 17:29:13.558  2894  3019 I Superpacks-FP: Fetch pipeline requesting slice {manifests:bundled_delight-20180317, m:*}
10-31 17:29:13.558  2894  3019 I Superpacks-FP: Fetching pack bundled_delight-20180317 to file manifests/bundled_delight-20180317.fetched with fetcher azz:260770834
10-31 17:29:13.558  2894 10182 I SuperDelight: FetchManifestFromResourceTask#execute(): packManifest bundled_delight-20180317
10-31 17:29:13.558  2894 10166 I FirebaseJobDispatcher: Cancel task: DlamTrainingTask. Success.
10-31 17:29:13.560  2894  3019 I Superpacks-FP: Pack bundled_delight-20180317 does not require unpacking
10-31 17:29:13.560  2894  3019 I Superpacks-FP: Unstaging pack manifests:bundled_delight-20180317 from staged file manifests/bundled_delight-20180317.fetched to final file manifests/bundled_delight-20180317
10-31 17:29:13.562  2894  3019 I Superpacks-FP: Successfully fetched pack manifests:bundled_delight-20180317
10-31 17:29:13.564  2894  3019 I Superpacks: Successfully got manifest for bundled_delight-manifest: manifests:bundled_delight-20180317
10-31 17:29:13.564  2894  3019 I Superpacks: Parsing manifest file /data/user/0/com.google.android.inputmethod.latin/files/superpacks/manifests/bundled_delight-20180317
10-31 17:29:13.568  1691  1708 I ActivityManager: Start proc 10171:com.google.android.gms.ui/u0a23 for service com.google.android.gms/.chimera.UiIntentOperationService
10-31 17:29:13.574  2894  3019 I SuperDelight: SuperDelightBundledMetadataParser#addLocalPacks(): found 1 local packs for locale en_US
10-31 17:29:13.576  2894  3019 I SuperDelight: SuperDelightBundledMetadataParser#parse(): manifest parsed with 1 packs
10-31 17:29:13.583  2894 10177 I SuperDelight: SuperDelightManager#syncBundledLanguageModels(): Syncing for version 20180317
10-31 17:29:13.583  2894  3019 I Superpacks: Syncing bundled_delight, version: 20180317
10-31 17:29:13.583  2894  3019 I Superpacks: Using sync version 20180317 for bundled_delight
10-31 17:29:13.583  2894  3019 I SuperDelight: BundledSlicing#getSlices() : Locale = [en_US]
10-31 17:29:13.583  2894  3019 I SuperDelight: BundledSlicing#getSlices(): result {slices=[{bundled_delight:main_en_us_20180316_6, *:*}], last batch=true}
10-31 17:29:13.583  2894  3019 I Superpacks: Requesting packs for bundled_delight with slices: [{bundled_delight:main_en_us_20180316_6, *:*}]
10-31 17:29:13.587 10171 10171 I .android.gms.u: The ClassLoaderContext is a special shared library.
10-31 17:29:13.587  2894  2936 I PillNotificationLstnr: maybeSetupPill()
10-31 17:29:13.587 10171 10171 I .android.gms.u: The ClassLoaderContext is a special shared library.
10-31 17:29:13.588 10171 10171 I chatty  : uid=10023 com.google.android.gms.ui identical 1 line
10-31 17:29:13.588 10171 10171 I .android.gms.u: The ClassLoaderContext is a special shared library.
10-31 17:29:13.589 10171 10171 W .android.gms.u: Unknown chunk type '200'.
10-31 17:29:13.597  2894  3019 I Superpacks-FP: Fetch pipeline requesting slice {bundled_delight:main_en_us_20180316_6, *:*}
10-31 17:29:13.598  2894  3019 I Superpacks-FP: Fetching pack main_en_us_20180316_6 to file bundled_delight/main_en_us_20180316_6.fst-decompress.fetched with fetcher bat:63819747
10-31 17:29:13.598  2894 10179 I SuperDelight: ResourceFetchCancellableTask#fetch(): packManifest main_en_us_20180316_6
10-31 17:29:13.601  2894  2894 W VoiceImeTranscriptor: UIME feature enabled: true
10-31 17:29:13.605  2894  2894 I PopupSearchCandidate: Cannot set candidate widths at this time: keyboardWidth is 0
10-31 17:29:13.605  2894  2894 I LatinMotionHandler: consumeEvent() : GestureTypingEnabled = true
10-31 17:29:13.606  2894  2894 I FeatureCardNotice: Feature card notice not shown: no cards to display
10-31 17:29:13.606  2894  2894 I GifEntryExtension: onActivate()
10-31 17:29:13.606  2894  2894 I DevFeatureConfig: Gif candidate disabled by Phenotype
10-31 17:29:13.607  2894  2894 I Conv2QueryExtension: isEnabled() : true
10-31 17:29:13.607  2894  2894 I Conv2QueryExtension: Current locale: en_US, config allows these locales: de,en,fr,it,es,pt
10-31 17:29:13.607  2894  2894 W Conv2QueryExtension: Conv2Query not enabled due to current app [de.danoeh.antennapod] not in whitelist
10-31 17:29:13.607  2894  2894 W Conv2QueryExtension: onActivate() : Disabled by unsupported host app
10-31 17:29:13.607  2894  2894 I EmojiDataExtension: onActivate() : Locale = en_US
10-31 17:29:13.607  2894  2894 I EmojiSuperpacksFeature: Emoji superpacks are disabled by Phenotype
10-31 17:29:13.607  2894  2894 I EmojiDataExtension: onActivate() : Creating new provider for en_US
10-31 17:29:13.607  2894  2894 I DownloadableDataManager: init(): initializing DownloadableDataManager
10-31 17:29:13.608  2894  2993 I PrimesMetrics: Ignore memory metric of com.google.android.apps.inputmethod.libs.search.nativecard.FeatureCardNoticeExtension.
10-31 17:29:13.608  2894  2993 I PrimesMetrics: Ignore memory metric of com.google.android.apps.inputmethod.libs.search.gif.GifEntryPointCandidateExtension.
10-31 17:29:13.608  2894  2993 I PrimesMetrics: Ignore memory metric of com.google.android.apps.inputmethod.libs.pill.PillExtension.
10-31 17:29:13.611  2894  2894 I FirebaseJobDispatcher: Schedule task: task_check_update. Success.
10-31 17:29:13.611  2894  2894 I DownloadableDataManager: DownloadableDataManager initialized [data path: /data/user/0/com.google.android.inputmethod.latin/app_downloadable_packages].
10-31 17:29:13.611  2894  3011 I EmojiSearchDataProvider: doInBackground() : Register with DownloadableDataManager
10-31 17:29:13.611  2894  3011 I DownloadableDataManager: Begin to register data package xml [id=2131165187]
10-31 17:29:13.613  2894  3056 I Delight5Decoder: addPredictionEngine() : Insert engine cuo@a8bbb4f
10-31 17:29:13.613  2894  2894 I DoodleDownloadHelper: buildRequest() : uri=https://www.google.com/async/ddljson?async=_fmt:pb&client=androidime&hl=en-US, packageId=doodle_data_package, consumerId=doodle_data_consumer
10-31 17:29:13.616  2894  2894 I DownloadManagerWrapper: Battery status: 4
10-31 17:29:13.616  2894  2894 I DownloadManagerWrapper: download() : Charging = false : Request = uris=(https://www.google.com/async/ddljson?async=_fmt:pb&client=androidime&hl=en-US,) title=Gboard: Doodles description=Downloading Doodles notificationVisibility=2 allowMeteredNetwork=true allowDownloadWithBattery=true
10-31 17:29:13.618  2894  3019 I Superpacks-FP: Unpacking fetched file bundled_delight/main_en_us_20180316_6.fst-decompress.fetched to staged file bundled_delight/main_en_us_20180316_6.staged with unpacker bav:163835231
10-31 17:29:13.618  2894 10182 I SuperDelight: UnpackCancellableTask#execute(): fst-decompress /data/user/0/com.google.android.inputmethod.latin/files/superpacks/bundled_delight/main_en_us_20180316_6.staged
10-31 17:29:13.624 10171 10171 W ProviderHelper: Unknown dynamite feature providerinstaller.dynamite
10-31 17:29:13.624 10171 10171 I DynamiteModule: Considering local module com.google.android.gms.providerinstaller.dynamite:1 and remote module com.google.android.gms.providerinstaller.dynamite:0
10-31 17:29:13.624 10171 10171 I DynamiteModule: Selected local version of com.google.android.gms.providerinstaller.dynamite
10-31 17:29:13.627  2894  3010 I DownloadMessageCallback: handleMessage() : AddDownloadRequest
10-31 17:29:13.627  2894  3010 I DownloadMessageCallback: handleMessage() : Check Again : 1 pending
10-31 17:29:13.630  2427 10196 D DownloadManager: [8] Starting
10-31 17:29:13.633  2894  2894 I FeaturePermissions: disableFeaturesWithDeniedPermissions() : Disable import_user_contacts
10-31 17:29:13.633  2894 10164 I Delight5Facilitator: Running contacts language model loader
10-31 17:29:13.634  2894  2894 I FeaturePermissions: onSharedPreferenceChanged() : Key = import_user_contacts : Feature = FeatureInfo : Description = 2131756487 : Permissions=[android.permission.READ_CONTACTS] : Listeners=[bex@878163f, axn@38685e4, rh@5a2db0c]
10-31 17:29:13.634  2894  2894 I FeaturePermissions: onSharedPreferenceChanged() : Disable FeatureInfo : Description = 2131756487 : Permissions=[android.permission.READ_CONTACTS] : Listeners=[bex@878163f, axn@38685e4, rh@5a2db0c]
10-31 17:29:13.634  2894  2894 W VoiceImeTranscriptor: UIME feature enabled: true
10-31 17:29:13.634  2894  2894 I VoiceImeExtension: Voice Extension onStartInputView() Mic status = [MicIconAvailable]
10-31 17:29:13.638 10171 10171 V NativeCrypto: Registering com/google/android/gms/org/conscrypt/NativeCrypto's 294 native methods...
10-31 17:29:13.639  2427 10196 D NetworkSecurityConfig: No Network Security Config specified, using platform default
10-31 17:29:13.639  2427 10196 D NetworkSecurityConfig: No Network Security Config specified, using platform default
10-31 17:29:13.641  1532  1647 E SurfaceFlinger: ro.sf.lcd_density must be defined as a build property
10-31 17:29:13.647 10171 10171 D NetworkSecurityConfig: Using Network Security Config from resource network_security_config debugBuild: false
10-31 17:29:13.648 10171 10171 I ProviderInstaller: Installed default security provider GmsCore_OpenSSL
10-31 17:29:13.650  1384  1384 D gralloc_ranchu: gralloc_alloc: Creating ashmem region of size 24576
10-31 17:29:13.653  1384  1384 D gralloc_ranchu: gralloc_alloc: Creating ashmem region of size 24576
10-31 17:29:13.653  1384  2753 D gralloc_ranchu: gralloc_alloc: Creating ashmem region of size 12288
10-31 17:29:13.655  1691  1707 D AutofillUI: destroySaveUiUiThread(): already destroyed
10-31 17:29:13.654  1384  2753 D gralloc_ranchu: gralloc_alloc: Creating ashmem region of size 12288
10-31 17:29:13.656  1878  2110 D EGL_emulation: eglMakeCurrent: 0x7c48ad9ca0: ver 3 0 (tinfo 0x7c588431c0)
10-31 17:29:13.661 10171 10171 I GmsApplication: [gms_startup_benchmark] Static start time (ms): 270361, Startup latency (ms): 68, Is system user: true
10-31 17:29:13.662 10171 10202 I GMS_MM_Logger: Started.
10-31 17:29:13.662 10171 10171 I bqzx    : Primes not initialized, returning default (no-op) Primes instance which will ignore all calls. Please call Primes.initialize(...) before using any Primes API.
10-31 17:29:13.700  2894  2894 I Conv2QueryExtension: isEnabled() : true
10-31 17:29:13.700  2894  2894 I EmojiSuperpacksFeature: Emoji superpacks are disabled by Phenotype
10-31 17:29:13.700  2894  2894 I EmojiSuperpacksFeature: Emoji superpacks are disabled by Phenotype
10-31 17:29:13.706  4844  4853 W System  : A resource failed to call close. 
10-31 17:29:13.706  4844  4853 W System  : A resource failed to call close. 
10-31 17:29:13.711  2894  2894 I DownloadableDataManager: registerDataConsumer() : Consumer EmojiSearchDataProvider for Locale en_US
10-31 17:29:13.711  2894  2894 I DownloadableDataManager: registerDataConsumer() : Consumer EmojiSearchDataProvider for Package emoji_search_en_us
10-31 17:29:13.712  2894  2894 I EmojiSearchDataProvider: onPostExecute() : Missing data, immediate download
10-31 17:29:13.713  2894  2894 I FeaturePermissions: onSharedPreferenceChanged() : Key = latest_activation_time : Feature = null
10-31 17:29:13.721  1384  1384 D gralloc_ranchu: gralloc_alloc: Creating ashmem region of size 10096640
10-31 17:29:13.722  1384  1384 I chatty  : uid=1000(system) allocator@2.0-s identical 1 line
10-31 17:29:13.723  1384  1384 D gralloc_ranchu: gralloc_alloc: Creating ashmem region of size 10096640
10-31 17:29:13.728  2542  5769 W native  : jpeg_io.cc:108 File's first two bytes does not match the sequence 216
10-31 17:29:13.735  2894 10197 D HostConnection: HostConnection::get() New Host Connection established 0x7c5a3e63e0, tid 10197
10-31 17:29:13.737  2894 10197 D HostConnection: HostComposition ext ANDROID_EMU_CHECKSUM_HELPER_v1 ANDROID_EMU_sync_buffer_data GL_OES_EGL_image_external_essl3 GL_OES_vertex_array_object GL_KHR_texture_compression_astc_ldr ANDROID_EMU_host_side_tracing ANDROID_EMU_gles_max_version_3_0 
10-31 17:29:13.738  2894 10197 I ConfigStore: android::hardware::configstore::V1_0::ISurfaceFlingerConfigs::hasWideColorDisplay retrieved: 0
10-31 17:29:13.738  2894 10197 I ConfigStore: android::hardware::configstore::V1_0::ISurfaceFlingerConfigs::hasHDRDisplay retrieved: 0
10-31 17:29:13.738  2894 10197 I OpenGLRenderer: Initialized EGL, version 1.4
10-31 17:29:13.738  2894 10197 D OpenGLRenderer: Swap behavior 1
10-31 17:29:13.738  2894 10197 W OpenGLRenderer: Failed to choose config with EGL_SWAP_BEHAVIOR_PRESERVED, retrying without...
10-31 17:29:13.738  2894 10197 D OpenGLRenderer: Swap behavior 0
10-31 17:29:13.738  2894 10197 D eglCodecCommon: setVertexArrayObject: set vao to 0 (0) 0 0
10-31 17:29:13.738  2894 10197 D EGL_emulation: eglCreateContext: 0x7c4abfad20: maj 3 min 0 rcv 3
10-31 17:29:13.739  2894 10197 D EGL_emulation: eglMakeCurrent: 0x7c4abfad20: ver 3 0 (tinfo 0x7c476c4f00)
10-31 17:29:13.740  1532  1647 E SurfaceFlinger: ro.sf.lcd_density must be defined as a build property
10-31 17:29:13.755  2894 10197 D HostConnection: createUnique: call
10-31 17:29:13.755  2894 10197 D HostConnection: HostConnection::get() New Host Connection established 0x7c4abfb4a0, tid 10197
10-31 17:29:13.756  2894 10197 D HostConnection: HostComposition ext ANDROID_EMU_CHECKSUM_HELPER_v1 ANDROID_EMU_sync_buffer_data GL_OES_EGL_image_external_essl3 GL_OES_vertex_array_object GL_KHR_texture_compression_astc_ldr ANDROID_EMU_host_side_tracing ANDROID_EMU_gles_max_version_3_0 
10-31 17:29:13.758  2894 10197 D EGL_emulation: eglMakeCurrent: 0x7c4abfad20: ver 3 0 (tinfo 0x7c476c4f00)
10-31 17:29:13.761  2894 10197 D eglCodecCommon: setVertexArrayObject: set vao to 0 (0) 3 2
10-31 17:29:13.847 10218 10218 D AndroidRuntime: >>>>>> START com.android.internal.os.RuntimeInit uid 2000 <<<<<<
10-31 17:29:13.849  2427 10196 D DownloadManager: [8] Finished with status SUCCESS
10-31 17:29:13.851  2894  2894 I DownloadBroadcast: onReceive() : DownloadId = 8
10-31 17:29:13.851  2894  3010 I DownloadMessageCallback: handleMessage() : HandleDownload
10-31 17:29:13.851  2894  3010 I DownloadMessageCallback: Found the downloadId (8) in the download handler cache.
10-31 17:29:13.853  2894  3010 I DownloadMessageCallback: Download Progress [8, ]: 2591/2591 bytes
10-31 17:29:13.855  2894  3010 I DownloadMessageCallback: processDownloadStatus() : Completed = 8
10-31 17:29:13.863  2894  3010 I DownloadMessageCallback: Copying file from Download Manager: downloadId = 8, size = 2591
10-31 17:29:13.865  2894  3010 I DownloadMessageCallback: Successfully copied file from Download Manager: downloadId = 8, size = 2591
10-31 17:29:13.866  2427  2456 V DownloadManager: Deleting /data/data/com.android.providers.downloads/cache/f.txt via provider delete
10-31 17:29:13.868  2894  3010 I DoodleDownloadHelper: onDownloadSuccess(): packageId=doodle_data_package
10-31 17:29:13.868  2894  3010 I DoodleDownloadHelper: downloaded file: /data/user/0/com.google.android.inputmethod.latin/files/downloads/ddljson?async=_fmt:pb&client=androidime&hl=en-US, size = 2591
10-31 17:29:13.869  2894  3010 I DoodleDataManager: onCurrentDoodleDownloaded(): doodleData = cuk{id=253317700, text=Halloween, largeImageUri=https://www.google.com/logos/doodles/2023/halloween-2023-6753651837109958-lawcta.gif, smallImageUri=https://www.google.com/logos/doodles/2023/halloween-2023-6753651837109958.2-m.png}
10-31 17:29:13.873 10218 10218 I app_process: The ClassLoaderContext is a special shared library.
10-31 17:29:13.885 10218 10218 D AndroidRuntime: Calling main entry com.android.commands.input.Input
10-31 17:29:13.892 10218 10218 I Input   : injectKeyEvent: KeyEvent { action=ACTION_DOWN, keyCode=KEYCODE_ESCAPE, scanCode=0, metaState=0, flags=0x0, repeatCount=0, eventTime=270660, downTime=270660, deviceId=-1, source=0x101 }
10-31 17:29:13.897 10218 10218 I Input   : injectKeyEvent: KeyEvent { action=ACTION_UP, keyCode=KEYCODE_ESCAPE, scanCode=0, metaState=0, flags=0x0, repeatCount=0, eventTime=270660, downTime=270660, deviceId=-1, source=0x101 }
10-31 17:29:13.899  2894  2894 I PhenotypeExpConfig: refreshConfiguration() : Force = false : UpdateAvailable = true : Age = 28313129 minutes : MaxAge = 720 minutes
10-31 17:29:13.899  2894  2894 I LatinIme: abortComposing()
10-31 17:29:13.899  2894  2894 I Delight5Decoder: abortComposing() : input state id = 1
10-31 17:29:13.899  2894  2894 I LatinIme: onDeactivate()
10-31 17:29:13.900  2894  2894 I EmojiDataExtension: onDeactivate() : Locale = en_US
10-31 17:29:13.901 10218 10218 D AndroidRuntime: Shutting down VM
10-31 17:29:13.915  1384  1384 D gralloc_ranchu: gralloc_alloc: Creating ashmem region of size 24576
10-31 17:29:13.917  2894 10197 D EGL_emulation: eglMakeCurrent: 0x7c4abfad20: ver 3 0 (tinfo 0x7c476c4f00)
10-31 17:29:13.918  1384  1384 D gralloc_ranchu: gralloc_alloc: Creating ashmem region of size 24576
10-31 17:29:13.918  1532  1532 D SurfaceFlinger: duplicate layer name: changing Surface(name=34e2cfd InputMethod)/@0xc43cac6 - animation-leash to Surface(name=34e2cfd InputMethod)/@0xc43cac6 - animation-leash#1
10-31 17:29:13.929  2894  2894 I DownloadableDataManager: onTaskFinished() : Success : Has Update
10-31 17:29:13.929  2894  2894 I DownloadManagerWrapper: Battery status: 4
10-31 17:29:13.929  2894  2894 I DownloadManagerWrapper: download() : Charging = false : Request = uris=(https://storage.googleapis.com/gboard-emoji/20171211/en_us.zip,) title= description= notificationVisibility=2 allowMeteredNetwork=true allowDownloadWithBattery=true
10-31 17:29:13.935  2894  3010 I DownloadMessageCallback: handleMessage() : AddDownloadRequest
10-31 17:29:13.935  2894  3010 I DownloadMessageCallback: handleMessage() : Check Again : 1 pending
10-31 17:29:13.937  2894  3011 I EmojiSearchDataProvider: maybeExtractBundledVersion() : Extracting bundled version  to /data/user/0/com.google.android.inputmethod.latin/app_downloadable_packages/emoji_search_en_us
10-31 17:29:13.940  2894 10164 I Delight5Facilitator: currentLocales for emoji are: [en_US]
10-31 17:29:13.940  2894 10164 I EmojiSuperpacksFeature: Emoji superpacks are disabled by Phenotype
10-31 17:29:13.940  2894 10164 I Delight5Facilitator: Reading en_US emoji shortcuts
10-31 17:29:13.942  2427 10229 D DownloadManager: [9] Starting
10-31 17:29:13.943  2427 10229 D NetworkSecurityConfig: No Network Security Config specified, using platform default
10-31 17:29:13.944  2427 10229 D NetworkSecurityConfig: No Network Security Config specified, using platform default
10-31 17:29:13.957  2894 10233 I HttpClientWrapper: executeRequest()
10-31 17:29:13.962  2894 10164 I Delight5Facilitator: Read en_US emoji shortcuts successfully.
10-31 17:29:13.962  2894 10164 I Delight5Facilitator: Totally 211 emoji shortcuts loaded.
10-31 17:29:13.963  2894 10164 I Delight5Facilitator: Finished loading emoji shortcuts
10-31 17:29:13.963  2894  3056 I Delight5Decoder: loadEmojiShortcutMap() : 211 shortcuts
10-31 17:29:14.005  1691  1816 I GnssLocationProvider: WakeLock acquired by sendMessage(REPORT_SV_STATUS, 0, com.android.server.location.GnssLocationProvider$SvStatusInfo@5819be4)
10-31 17:29:14.005  1691  1705 I GnssLocationProvider: WakeLock released by handleMessage(REPORT_SV_STATUS, 0, com.android.server.location.GnssLocationProvider$SvStatusInfo@5819be4)
10-31 17:29:14.050  2894  3019 I Superpacks: Deleting file bundled_delight/main_en_us_20180316_6.fst-decompress.fetched
10-31 17:29:14.052  2894  3019 I Superpacks-FP: Unstaging pack bundled_delight:main_en_us_20180316_6 from staged file bundled_delight/main_en_us_20180316_6.staged to final file bundled_delight/main_en_us_20180316_6
10-31 17:29:14.053  2894 10233 I HttpClientWrapper: Request execution succeeded with code 200
10-31 17:29:14.055  2894  3019 I Superpacks-FP: Successfully fetched pack bundled_delight:main_en_us_20180316_6
10-31 17:29:14.056  2894  3019 I Superpacks: Sync for 'bundled_delight' succeeded, result: {old=[], new=[main_en_us_20180316_6], last batch=true}
10-31 17:29:14.058  2894  3019 I Superpacks: Opening packs for bundled_delight, version: 20180317
10-31 17:29:14.059  2894  3019 I Superpacks: Returning 1 packs for bundled_delight, version: 20180317
10-31 17:29:14.059  2894  3019 I Superpacks: Opening packs for delight, version: 20180317
10-31 17:29:14.059  2894  3019 I Superpacks: Returning 1 packs for delight, version: 20180317
10-31 17:29:14.060  2894  3011 I DoodleDataManager: prefetchImage: file = /data/user/0/com.google.android.inputmethod.latin/cache/image_manager_disk_cache/3a77eb80085bf353b65dc5c3323b8a1292a289aa0bcbd8c52a11483a7f995467.0
10-31 17:29:14.060  2894 10163 I SuperDelight: initializeDelightSuperpacks() : Bundled = false
10-31 17:29:14.060  2894 10163 I SuperDelight: getDelightMetadataUriAndVersion(): Phenotype : 20180317 : https://www.gstatic.com/android/keyboard/dictionarypack/Ney-normal/metadata.json
10-31 17:29:14.060  2894 10177 I SuperDelight: SuperDelightManager#registerSuperpacks(delight): current 20180317, required 20180317
10-31 17:29:14.060  2894  3056 I Delight5Decoder: loadLanguageModel() : MAIN, version [20180316]
10-31 17:29:14.060  2894 10179 I SuperDelight: SuperDelightManager#syncDownloadableLanguageModelsForSuperpack(delight): [OnDevice] Syncing for version 20180317
10-31 17:29:14.060  2894  3056 I native  : language-utils-delegator.cc:73 Adding en to delegate.
10-31 17:29:14.060  2894  3056 I native  : language-utils-delegator.cc:77 language en not found, so added it.
10-31 17:29:14.060  2894  3019 I Superpacks: Syncing delight, version: 20180317
10-31 17:29:14.060  2894  3019 I Superpacks: Using sync version 20180317 for delight
10-31 17:29:14.060  2894  3019 I SuperDelight: DownloadSlicing#getSlices() : Locale = [en_US]
10-31 17:29:14.062  2894  3019 I SuperDelight: DownloadSlicing#getSlices(): result {slices=[{delight:main_en_us_20180316_1, *:*}], last batch=true}
10-31 17:29:14.062  2894  3019 I Superpacks: Requesting packs for delight with slices: [{delight:main_en_us_20180316_1, *:*}]
10-31 17:29:14.071  2894  3019 I Superpacks-FP: Fetch pipeline requesting slice {delight:main_en_us_20180316_1, *:*}
10-31 17:29:14.071  2894  3019 I Superpacks-FP: Final file delight:main_en_us_20180316_1 is already available
10-31 17:29:14.071  2894  3019 I Superpacks-FP: Successfully fetched pack delight:main_en_us_20180316_1
10-31 17:29:14.075  2894  3019 I SuperDelight: SuperDelightMergingStrategy#merge(): selected[[main_en_us_20180316_1]] synced[[main_en_us_20180316_1]]
10-31 17:29:14.075  2894  3019 I Superpacks: Sync for 'delight' succeeded, result: {old=[main_en_us_20180316_1], new=[main_en_us_20180316_1], last batch=true}
10-31 17:29:14.088  2427 10229 D DownloadManager: [9] Finished with status SUCCESS
10-31 17:29:14.089  2894  2894 I DownloadBroadcast: onReceive() : DownloadId = 9
10-31 17:29:14.089  2894  3010 I DownloadMessageCallback: handleMessage() : HandleDownload
10-31 17:29:14.089  2894  3010 I DownloadMessageCallback: Found the downloadId (9) in the download handler cache.
10-31 17:29:14.091  2894  3010 I DownloadMessageCallback: Download Progress [9, en-US]: 91537/91537 bytes
10-31 17:29:14.093  2894  3010 I DownloadMessageCallback: processDownloadStatus() : Completed = 9
10-31 17:29:14.097  2894  3010 I DownloadMessageCallback: Copying file from Download Manager: downloadId = 9, size = 91537
10-31 17:29:14.114  2894  3056 I native  : fst-model.cc:373 Created LM accumulator /data/user/0/com.google.android.inputmethod.latin/files/personal/en_us.20180316.lm.acc
10-31 17:29:14.114  2894  3056 I native  : proto-store.cc:45 File not found: '/data/user/0/com.google.android.inputmethod.latin/files/personal/adapt_state.en.dat'.
10-31 17:29:14.114  2894  3056 I native  : (This might be OK for example when a language is being loaded for the first time.)
10-31 17:29:14.115  2894  3056 I Delight5Decoder: Loaded main LM /data/user/0/com.google.android.inputmethod.latin/files/superpacks/delight/main_en_us_20180316_1
10-31 17:29:14.115  2894  3056 I native  : input-context-store.cc:106 Ignoring stale client request for FetchSuggestions
10-31 17:29:14.142  2894  3010 I DownloadMessageCallback: Successfully copied file from Download Manager: downloadId = 9, size = 91537
10-31 17:29:14.143  2427  2441 V DownloadManager: Deleting /data/data/com.android.providers.downloads/cache/en_us.zip via provider delete
10-31 17:29:14.144  2894  3010 I DownloadableDataManager: onDownloadSuccess, files=/data/user/0/com.google.android.inputmethod.latin/files/downloads/en_us.zip; def=emoji_search_en_us
10-31 17:29:14.148  2894 10164 I Delight5Facilitator: currentLocales for emoji are: [en_US]
10-31 17:29:14.148  2894 10164 I EmojiSuperpacksFeature: Emoji superpacks are disabled by Phenotype
10-31 17:29:14.148  2894 10164 I Delight5Facilitator: Reading en_US emoji shortcuts
10-31 17:29:14.149  2894 10164 I Delight5Facilitator: Read en_US emoji shortcuts successfully.
10-31 17:29:14.149  2894 10164 I Delight5Facilitator: Totally 211 emoji shortcuts loaded.
10-31 17:29:14.150  2894 10164 I Delight5Facilitator: Finished loading emoji shortcuts
10-31 17:29:14.150  2894  3056 I Delight5Decoder: loadEmojiShortcutMap() : 211 shortcuts
10-31 17:29:14.611  2894  2894 I Conv2QueryExtension: isEnabled() : true
10-31 17:29:14.611  2894  2894 I EmojiSuperpacksFeature: Emoji superpacks are disabled by Phenotype
10-31 17:29:14.611  2894  2894 I EmojiSuperpacksFeature: Emoji superpacks are disabled by Phenotype
10-31 17:29:14.724 10252 10252 D AndroidRuntime: >>>>>> START com.android.internal.os.RuntimeInit uid 2000 <<<<<<
10-31 17:29:14.748 10252 10252 I app_process: The ClassLoaderContext is a special shared library.
10-31 17:29:14.755 10252 10252 D AndroidRuntime: Calling main entry com.android.commands.input.Input
10-31 17:29:14.755 10252 10252 I Input   : injectKeyEvent: KeyEvent { action=ACTION_DOWN, keyCode=KEYCODE_MOVE_END, scanCode=0, metaState=0, flags=0x0, repeatCount=0, eventTime=271523, downTime=271523, deviceId=-1, source=0x101 }
10-31 17:29:14.756 10252 10252 I Input   : injectKeyEvent: KeyEvent { action=ACTION_UP, keyCode=KEYCODE_MOVE_END, scanCode=0, metaState=0, flags=0x0, repeatCount=0, eventTime=271523, downTime=271523, deviceId=-1, source=0x101 }
10-31 17:29:14.756 10252 10252 D AndroidRuntime: Shutting down VM
10-31 17:29:14.845 10262 10262 D AndroidRuntime: >>>>>> START com.android.internal.os.RuntimeInit uid 2000 <<<<<<
10-31 17:29:14.866 10262 10262 I app_process: The ClassLoaderContext is a special shared library.
10-31 17:29:14.872 10262 10262 D AndroidRuntime: Calling main entry com.android.commands.input.Input
10-31 17:29:14.872 10262 10262 I Input   : injectKeyEvent: KeyEvent { action=ACTION_DOWN, keyCode=KEYCODE_DEL, scanCode=0, metaState=0, flags=0x0, repeatCount=0, eventTime=271641, downTime=271641, deviceId=-1, source=0x101 }
10-31 17:29:14.874 10262 10262 I Input   : injectKeyEvent: KeyEvent { action=ACTION_UP, keyCode=KEYCODE_DEL, scanCode=0, metaState=0, flags=0x0, repeatCount=0, eventTime=271641, downTime=271641, deviceId=-1, source=0x101 }
10-31 17:29:14.874 10262 10262 I Input   : injectKeyEvent: KeyEvent { action=ACTION_DOWN, keyCode=KEYCODE_DEL, scanCode=0, metaState=0, flags=0x0, repeatCount=0, eventTime=271643, downTime=271643, deviceId=-1, source=0x101 }
10-31 17:29:14.875 10262 10262 I Input   : injectKeyEvent: KeyEvent { action=ACTION_UP, keyCode=KEYCODE_DEL, scanCode=0, metaState=0, flags=0x0, repeatCount=0, eventTime=271643, downTime=271643, deviceId=-1, source=0x101 }
10-31 17:29:14.875 10262 10262 I Input   : injectKeyEvent: KeyEvent { action=ACTION_DOWN, keyCode=KEYCODE_DEL, scanCode=0, metaState=0, flags=0x0, repeatCount=0, eventTime=271643, downTime=271643, deviceId=-1, source=0x101 }
10-31 17:29:14.875 10262 10262 I Input   : injectKeyEvent: KeyEvent { action=ACTION_UP, keyCode=KEYCODE_DEL, scanCode=0, metaState=0, flags=0x0, repeatCount=0, eventTime=271643, downTime=271643, deviceId=-1, source=0x101 }
10-31 17:29:14.875 10262 10262 I Input   : injectKeyEvent: KeyEvent { action=ACTION_DOWN, keyCode=KEYCODE_DEL, scanCode=0, metaState=0, flags=0x0, repeatCount=0, eventTime=271643, downTime=271643, deviceId=-1, source=0x101 }
10-31 17:29:14.875 10262 10262 I Input   : injectKeyEvent: KeyEvent { action=ACTION_UP, keyCode=KEYCODE_DEL, scanCode=0, metaState=0, flags=0x0, repeatCount=0, eventTime=271643, downTime=271643, deviceId=-1, source=0x101 }
10-31 17:29:14.876 10262 10262 I Input   : injectKeyEvent: KeyEvent { action=ACTION_DOWN, keyCode=KEYCODE_DEL, scanCode=0, metaState=0, flags=0x0, repeatCount=0, eventTime=271644, downTime=271644, deviceId=-1, source=0x101 }
