10-31 17:25:38.742  4939  5154 W ChimeraConfigService: Retry attempt was throttled. [CONTEXT service_id=264 ]
10-31 17:25:38.743  4939  5154 I GmsDebugLogger: [83] 1 [vision.ocr]
10-31 17:25:38.743  4939  4979 W Vision  : Request for optional module download of ocr failed. Request again.
10-31 17:25:38.743  4939  4979 I Vision  : Schedule retrying download ocr at 55511 with backoff 20 seconds
10-31 17:25:38.894  4939  4965 W AdaptiveDiscoveryWorker: Exiting Adaptive Discovery. Current NetworkInfo is NULL.
10-31 17:25:39.164  1691  1985 I ActivityManager: Killing 2760:com.google.android.partnersetup/u0a44 (adj 906): empty #17
10-31 17:25:39.166  1691  1709 W libprocessgroup: kill(-2760, 9) failed: No such process
10-31 17:25:39.212  1691  1709 W libprocessgroup: kill(-2760, 9) failed: No such process
10-31 17:25:39.212  1691  1709 I libprocessgroup: Successfully killed process cgroup uid 10044 pid 2760 in 46ms
10-31 17:25:39.212  1533  1533 I Zygote  : Process 2760 exited due to signal (9)
10-31 17:25:39.222  1691  1816 I GnssLocationProvider: WakeLock acquired by sendMessage(REPORT_SV_STATUS, 0, com.android.server.location.GnssLocationProvider$SvStatusInfo@8acb009)
10-31 17:25:39.223  1691  1705 I GnssLocationProvider: WakeLock released by handleMessage(REPORT_SV_STATUS, 0, com.android.server.location.GnssLocationProvider$SvStatusInfo@8acb009)
10-31 17:25:39.235  1691  1825 E TaskPersister: File error accessing recents directory (directory doesn't exist?).
10-31 17:25:39.486  1691  1705 E memtrack: Couldn't load memtrack module
10-31 17:25:39.486  1691  1705 W android.os.Debug: failed to get memory consumption info: -1
10-31 17:25:39.487  4844  4844 D BoundBrokerSvc: onUnbind: Intent { act=com.google.android.gms.icing.LIGHTWEIGHT_INDEX_SERVICE cmp=com.google.android.gms/.chimera.PersistentApiService }
10-31 17:25:39.504  4939  4939 D BoundBrokerSvc: onUnbind: Intent { act=com.google.android.gms.feedback.internal.IFeedbackService cmp=com.google.android.gms/.chimera.GmsBoundBrokerService }
10-31 17:25:39.578  4844  4844 W SystemServiceRegistry: No service published for: persistent_data_block
10-31 17:25:39.583  4939  4939 D BoundBrokerSvc: onBind: Intent { act=com.google.android.gms.checkin.START pkg=com.google.android.gms }
10-31 17:25:39.583  4939  4939 D BoundBrokerSvc: Loading bound service for intent: Intent { act=com.google.android.gms.checkin.START pkg=com.google.android.gms }
10-31 17:25:39.605  1691  3145 D PackageManager: Instant App installer not found with android.intent.action.INSTALL_INSTANT_APP_PACKAGE
10-31 17:25:39.605  1691  3145 D PackageManager: Clear ephemeral installer activity
10-31 17:25:40.230  1691  1816 I GnssLocationProvider: WakeLock acquired by sendMessage(REPORT_SV_STATUS, 0, com.android.server.location.GnssLocationProvider$SvStatusInfo@38af4ca)
10-31 17:25:40.230  1691  1705 I GnssLocationProvider: WakeLock released by handleMessage(REPORT_SV_STATUS, 0, com.android.server.location.GnssLocationProvider$SvStatusInfo@38af4ca)
10-31 17:25:41.232  1691  1816 I GnssLocationProvider: WakeLock acquired by sendMessage(REPORT_SV_STATUS, 0, com.android.server.location.GnssLocationProvider$SvStatusInfo@6fbf63b)
10-31 17:25:41.232  1691  1705 I GnssLocationProvider: WakeLock released by handleMessage(REPORT_SV_STATUS, 0, com.android.server.location.GnssLocationProvider$SvStatusInfo@6fbf63b)
10-31 17:25:41.326  1691  1802 D ConnectivityService: handleLingerComplete for NetworkAgentInfo [MOBILE (LTE) - 100]
10-31 17:25:41.328  1543  1597 I Netd    : Destroyed 4 sockets for netId 100 permission=1 in 0.7 ms
10-31 17:25:41.759  4844  5180 W Conscrypt: Could not set socket write timeout: java.net.SocketException: Socket closed
10-31 17:25:41.759  4844  5180 W Conscrypt: 	at com.google.android.gms.org.conscrypt.Platform.setSocketWriteTimeout(:com.google.android.gms@214515028@21.45.15 (100400-411636772):2)
10-31 17:25:41.759  4844  5180 W Conscrypt: 	at com.google.android.gms.org.conscrypt.ConscryptFileDescriptorSocket.setSoWriteTimeout(:com.google.android.gms@214515028@21.45.15 (100400-411636772):0)
10-31 17:25:41.798  4844  5180 W Conscrypt: Could not set socket write timeout: java.net.SocketException: Socket closed
10-31 17:25:41.798  4844  5180 W Conscrypt: 	at com.google.android.gms.org.conscrypt.Platform.setSocketWriteTimeout(:com.google.android.gms@214515028@21.45.15 (100400-411636772):2)
10-31 17:25:41.799  4844  5180 W Conscrypt: 	at com.google.android.gms.org.conscrypt.ConscryptFileDescriptorSocket.setSoWriteTimeout(:com.google.android.gms@214515028@21.45.15 (100400-411636772):0)
10-31 17:25:41.835  4939  4939 D BoundBrokerSvc: onUnbind: Intent { act=com.google.android.gms.auth.cryptauth.cryptauthservice.START cmp=com.google.android.gms/.chimera.GmsBoundBrokerService }
10-31 17:25:41.876  4844  4844 D BoundBrokerSvc: onUnbind: Intent { act=com.google.android.gms.auth.proximity.START cmp=com.google.android.gms/.chimera.PersistentBoundBrokerService }
10-31 17:25:41.897  4382  4454 E FirebaseInstanceId: Token retrieval failed: INVALID_SENDER
10-31 17:25:41.923  4844  4878 I NetworkScheduler.Stats: Task com.google.android.gms/com.google.android.gms.auth.account.be.legacy.AuthCronService started execution. cause:1 exec_start_elapsed_seconds: 58 [CONTEXT service_id=218 ]
10-31 17:25:41.931  4844  5178 I NetworkScheduler.Stats: Task com.google.android.gms/com.google.android.gms.auth.account.be.legacy.AuthCronService finished executing. cause:1 result: 3 elapsed_millis: 15 uptime_millis: 15 exec_start_elapsed_seconds: 58 [CONTEXT service_id=218 ]
10-31 17:25:42.014  4939  4939 D BoundBrokerSvc: onUnbind: Intent { act=com.google.android.gms.common.download.START cmp=com.google.android.gms/.chimera.GmsBoundBrokerService }
10-31 17:25:42.014  4939  4939 D BoundBrokerSvc: onUnbind: Intent { act=com.google.android.gms.ocr.service.internal.START cmp=com.google.android.gms/.chimera.GmsInternalApiService }
10-31 17:25:42.087  4844  4844 D BoundBrokerSvc: onUnbind: Intent { act=com.google.android.gms.auth.proximity.devicesyncservice.START cmp=com.google.android.gms/.chimera.PersistentBoundBrokerService }
10-31 17:25:42.238  1691  1816 I GnssLocationProvider: WakeLock acquired by sendMessage(REPORT_SV_STATUS, 0, com.android.server.location.GnssLocationProvider$SvStatusInfo@d32247a)
10-31 17:25:42.239  1691  1705 I GnssLocationProvider: WakeLock released by handleMessage(REPORT_SV_STATUS, 0, com.android.server.location.GnssLocationProvider$SvStatusInfo@d32247a)
10-31 17:25:42.285  1691  3145 D WificondControl: Scan result ready event
10-31 17:25:43.247  1691  1816 I GnssLocationProvider: WakeLock acquired by sendMessage(REPORT_SV_STATUS, 0, com.android.server.location.GnssLocationProvider$SvStatusInfo@5d2e42b)
10-31 17:25:43.247  1691  1705 I GnssLocationProvider: WakeLock released by handleMessage(REPORT_SV_STATUS, 0, com.android.server.location.GnssLocationProvider$SvStatusInfo@5d2e42b)
10-31 17:25:43.729  1691  1705 E memtrack: Couldn't load memtrack module
10-31 17:25:43.729  1691  1705 W android.os.Debug: failed to get memory consumption info: -1
10-31 17:25:44.245  1691  1816 I GnssLocationProvider: WakeLock acquired by sendMessage(REPORT_SV_STATUS, 0, com.android.server.location.GnssLocationProvider$SvStatusInfo@927088)
10-31 17:25:44.248  1691  1705 I GnssLocationProvider: WakeLock released by handleMessage(REPORT_SV_STATUS, 0, com.android.server.location.GnssLocationProvider$SvStatusInfo@927088)
10-31 17:25:44.513  4844  4844 D BoundBrokerSvc: onUnbind: Intent { act=com.google.android.gms.phenotype.service.START cmp=com.google.android.gms/.chimera.PersistentApiService }
10-31 17:25:45.031  1691  1719 I ActivityManager: Killing 4497:com.android.cellbroadcastreceiver/u0a41 (adj 906): empty #17
10-31 17:25:45.034  1691  1709 W libprocessgroup: kill(-4497, 9) failed: No such process
10-31 17:25:45.036  1691  2400 I ActivityManager: Killing 4558:com.google.android.gms.ui/u0a23 (adj 906): empty #17
10-31 17:25:45.074  1691  1709 W libprocessgroup: kill(-4497, 9) failed: No such process
10-31 17:25:45.108  1533  1533 I Zygote  : Process 4497 exited due to signal (9)
10-31 17:25:45.112  1533  1533 I Zygote  : Process 4558 exited due to signal (9)
10-31 17:25:45.115  1691  1709 W libprocessgroup: kill(-4497, 9) failed: No such process
10-31 17:25:45.115  1691  1709 I libprocessgroup: Successfully killed process cgroup uid 10041 pid 4497 in 80ms
10-31 17:25:45.115  1691  1709 W libprocessgroup: kill(-4558, 9) failed: No such process
10-31 17:25:45.115  1691  1709 I libprocessgroup: Successfully killed process cgroup uid 10023 pid 4558 in 0ms
10-31 17:25:45.255  1691  1816 I GnssLocationProvider: WakeLock acquired by sendMessage(REPORT_SV_STATUS, 0, com.android.server.location.GnssLocationProvider$SvStatusInfo@dae0e46)
10-31 17:25:45.255  1691  1705 I GnssLocationProvider: WakeLock released by handleMessage(REPORT_SV_STATUS, 0, com.android.server.location.GnssLocationProvider$SvStatusInfo@dae0e46)
10-31 17:25:45.552  4939  4939 D BoundBrokerSvc: onUnbind: Intent { act=com.google.android.mdd.service.START cmp=com.google.android.gms/.chimera.GmsBoundBrokerService }
10-31 17:25:46.260  1691  1816 I GnssLocationProvider: WakeLock acquired by sendMessage(REPORT_SV_STATUS, 0, com.android.server.location.GnssLocationProvider$SvStatusInfo@b999807)
10-31 17:25:46.260  1691  1705 I GnssLocationProvider: WakeLock released by handleMessage(REPORT_SV_STATUS, 0, com.android.server.location.GnssLocationProvider$SvStatusInfo@b999807)
10-31 17:25:46.697  1691  1705 E memtrack: Couldn't load memtrack module
10-31 17:25:46.697  1691  1705 W android.os.Debug: failed to get memory consumption info: -1
10-31 17:25:46.774  4844  4896 W Nearby  : Failed attempt #3 out of 3 for RestoreDeviceName [CONTEXT service_id=49 ]
10-31 17:25:46.774  4844  4896 W Nearby  : java.lang.IllegalStateException: BluetoothAdapter not ready yet!
10-31 17:25:46.774  4844  4896 W Nearby  : 	at asuo.d(:com.google.android.gms@214515028@21.45.15 (100400-411636772):2)
10-31 17:25:46.774  4844  4896 W Nearby  : 	at asum.run(:com.google.android.gms@214515028@21.45.15 (100400-411636772):0)
10-31 17:25:46.774  4844  4896 W Nearby  : 	at cmsc.call(:com.google.android.gms@214515028@21.45.15 (100400-411636772):0)
10-31 17:25:46.774  4844  4896 W Nearby  : 	at cmsh.a(:com.google.android.gms@214515028@21.45.15 (100400-411636772):2)
10-31 17:25:46.774  4844  4896 W Nearby  : 	at cmsh.b(:com.google.android.gms@214515028@21.45.15 (100400-411636772):0)
10-31 17:25:46.774  4844  4896 W Nearby  : 	at asun.run(:com.google.android.gms@214515028@21.45.15 (100400-411636772):5)
10-31 17:25:46.774  4844  4896 W Nearby  : 	at java.lang.Thread.run(Thread.java:764)
10-31 17:25:46.774  4844  4896 W Nearby  : 	at xuc.run(:com.google.android.gms@214515028@21.45.15 (100400-411636772):5)
10-31 17:25:46.774  4844  4896 W Nearby  : 	at java.util.concurrent.ThreadPoolExecutor.runWorker(ThreadPoolExecutor.java:1167)
10-31 17:25:46.774  4844  4896 W Nearby  : 	at java.util.concurrent.ThreadPoolExecutor$Worker.run(ThreadPoolExecutor.java:641)
10-31 17:25:46.774  4844  4896 W Nearby  : 	at yae.run(:com.google.android.gms@214515028@21.45.15 (100400-411636772):0)
10-31 17:25:46.774  4844  4896 W Nearby  : 	at java.lang.Thread.run(Thread.java:764)
10-31 17:25:46.945  1691  3066 I ActivityManager: Killing 4058:com.google.android.apps.maps/u0a79 (adj 906): empty #17
10-31 17:25:46.946  1691  1709 W libprocessgroup: kill(-4058, 9) failed: No such process
10-31 17:25:47.013  1691  2360 D ConnectivityService: ConnectivityService NetworkRequestInfo binderDied(NetworkRequest [ TRACK_DEFAULT id=21, [ Capabilities: INTERNET&NOT_RESTRICTED&TRUSTED Unwanted:  Uid: 10079] ], android.os.BinderProxy@9220d34)
10-31 17:25:47.013  1691  1802 D ConnectivityService: releasing NetworkRequest [ TRACK_DEFAULT id=21, [ Capabilities: INTERNET&NOT_RESTRICTED&TRUSTED Unwanted:  Uid: 10079] ] (release request)
10-31 17:25:47.014  1691  1703 D ConnectivityService: ConnectivityService NetworkRequestInfo binderDied(NetworkRequest [ LISTEN id=22, [ Capabilities: INTERNET&NOT_RESTRICTED&TRUSTED Unwanted:  Uid: 10079] ], android.os.BinderProxy@dbda75d)
10-31 17:25:46.983  1691  1709 W libprocessgroup: kill(-4058, 9) failed: No such process
10-31 17:25:47.014  1533  1533 I Zygote  : Process 4058 exited due to signal (9)
10-31 17:25:47.025  1691  1709 W libprocessgroup: kill(-4058, 9) failed: No such process
10-31 17:25:47.025  1691  1709 I libprocessgroup: Successfully killed process cgroup uid 10079 pid 4058 in 79ms
10-31 17:25:47.263  1691  1816 I GnssLocationProvider: WakeLock acquired by sendMessage(REPORT_SV_STATUS, 0, com.android.server.location.GnssLocationProvider$SvStatusInfo@1acc8d2)
10-31 17:25:47.264  1691  1705 I GnssLocationProvider: WakeLock released by handleMessage(REPORT_SV_STATUS, 0, com.android.server.location.GnssLocationProvider$SvStatusInfo@1acc8d2)
10-31 17:25:48.268  1691  1816 I GnssLocationProvider: WakeLock acquired by sendMessage(REPORT_SV_STATUS, 0, com.android.server.location.GnssLocationProvider$SvStatusInfo@2dada3)
10-31 17:25:48.269  1691  1705 I GnssLocationProvider: WakeLock released by handleMessage(REPORT_SV_STATUS, 0, com.android.server.location.GnssLocationProvider$SvStatusInfo@2dada3)
10-31 17:25:49.177  1691  1705 E memtrack: Couldn't load memtrack module
10-31 17:25:49.177  1691  1705 W android.os.Debug: failed to get memory consumption info: -1
10-31 17:25:49.189  4844  5408 I aywr    : updateFromConfigurations using legacy put method [CONTEXT service_id=204 ]
10-31 17:25:49.197  4844  4878 W TapAndPay: platformSupportsGooglePay: true [CONTEXT service_id=79 ]
10-31 17:25:49.197  4844  4878 W TapAndPay: hasManagedProfile: false [CONTEXT service_id=79 ]
10-31 17:25:49.197  4844  4878 W TapAndPay: isChromeOsDevice: false [CONTEXT service_id=79 ]
10-31 17:25:49.197  4844  4878 W TapAndPay: isUncertifiedDevice: false [CONTEXT service_id=79 ]
10-31 17:25:49.197  4844  4878 W TapAndPay: deviceSupportsTokenization: true [CONTEXT service_id=79 ]
10-31 17:25:49.197  4844  4878 W TapAndPay: isGooglePayEnabled: true [CONTEXT service_id=79 ]
10-31 17:25:49.198  4844  4878 V NFC     : this device does not have NFC support
10-31 17:25:49.199  4844  4878 W TapAndPay: NfcAdapter is null while obtaining CardEmulation instance. [CONTEXT service_id=79 ]
10-31 17:25:49.199  4844  4878 W TapAndPay: java.lang.NullPointerException: NfcAdapter is null
10-31 17:25:49.199  4844  4878 W TapAndPay: 	at android.nfc.cardemulation.CardEmulation.getInstance(CardEmulation.java:146)
10-31 17:25:49.199  4844  4878 W TapAndPay: 	at beyo.<init>(:com.google.android.gms@214515028@21.45.15 (100400-411636772):0)
10-31 17:25:49.199  4844  4878 W TapAndPay: 	at com.google.android.gms.tapandpay.hce.task.TapAndPayAidRegistrationTaskOperation.a(:com.google.android.gms@214515028@21.45.15 (100400-411636772):5)
10-31 17:25:49.199  4844  4878 W TapAndPay: 	at com.google.android.gms.tapandpay.gcmtask.TapAndPayGcmTaskChimeraService.a(:com.google.android.gms@214515028@21.45.15 (100400-411636772):4)
10-31 17:25:49.199  4844  4878 W TapAndPay: 	at alzw.call(:com.google.android.gms@214515028@21.45.15 (100400-411636772):4)
10-31 17:25:49.199  4844  4878 W TapAndPay: 	at java.util.concurrent.FutureTask.run(FutureTask.java:266)
10-31 17:25:49.199  4844  4878 W TapAndPay: 	at xue.c(:com.google.android.gms@214515028@21.45.15 (100400-411636772):6)
10-31 17:25:49.199  4844  4878 W TapAndPay: 	at xue.run(:com.google.android.gms@214515028@21.45.15 (100400-411636772):7)
10-31 17:25:49.199  4844  4878 W TapAndPay: 	at java.util.concurrent.ThreadPoolExecutor.runWorker(ThreadPoolExecutor.java:1167)
10-31 17:25:49.199  4844  4878 W TapAndPay: 	at java.util.concurrent.ThreadPoolExecutor$Worker.run(ThreadPoolExecutor.java:641)
10-31 17:25:49.199  4844  4878 W TapAndPay: 	at yae.run(:com.google.android.gms@214515028@21.45.15 (100400-411636772):0)
10-31 17:25:49.199  4844  4878 W TapAndPay: 	at java.lang.Thread.run(Thread.java:764)
10-31 17:25:49.201  4844  5180 I NetworkScheduler.Stats: Task com.google.android.gms/com.google.android.gms.tapandpay.gcmtask.TapAndPayGcmTaskService started execution. cause:4 exec_start_elapsed_seconds: 65 [CONTEXT service_id=218 ]
10-31 17:25:49.212  4844  4878 I NetworkScheduler.Stats: Task com.google.android.gms/com.google.android.gms.tapandpay.gcmtask.TapAndPayGcmTaskService finished executing. cause:4 result: 3 elapsed_millis: 17 uptime_millis: 17 exec_start_elapsed_seconds: 65 [CONTEXT service_id=218 ]
10-31 17:25:49.270  1691  1816 I GnssLocationProvider: WakeLock acquired by sendMessage(REPORT_SV_STATUS, 0, com.android.server.location.GnssLocationProvider$SvStatusInfo@ff92e1b)
10-31 17:25:49.271  1691  1705 I GnssLocationProvider: WakeLock released by handleMessage(REPORT_SV_STATUS, 0, com.android.server.location.GnssLocationProvider$SvStatusInfo@ff92e1b)
10-31 17:25:49.619  1691  1761 I InputReader: Reconfiguring input devices.  changes=0x00000010
10-31 17:25:49.624  3784  3784 I CarrierServices: [2] RcsAutoStartReceiver.b: carrierServicesJibeServiceEnabled changed from true to true
10-31 17:25:49.625  1691  1705 E system_server: No package ID 7f found for ID 0x7f02008c.
10-31 17:25:49.625  1691  1705 E system_server: No package ID 7f found for ID 0x7f120299.
10-31 17:25:49.630  1691  1691 I Telecom : DefaultDialerCache: Refreshing default dialer for user 0: now com.google.android.dialer: DDC.oR@AI0
10-31 17:25:49.631  1691  1992 W ActivityManager: Permission Denial: Accessing service ComponentInfo{com.google.android.music/com.google.android.music.dial.DialMediaRouteProviderService} from pid=5332, uid=10088 that is not exported from uid 10066
10-31 17:25:49.632  3784  3784 I CarrierServices: [2] RcsAutoStartReceiver.b: enableRcs changed from true to true
10-31 17:25:49.633  3784  3784 I CarrierServices: [2] RcsAutoStartReceiver.b: RcsAutoStartReceiver triggered. Fetching RCS State. Action: android.intent.action.PACKAGE_CHANGED
10-31 17:25:49.635  3784  3784 I CarrierServices: [2] aws.a: Migration binding to RcsMigrationService
10-31 17:25:49.638  2807  2807 I Bugle   : returning RCS state provider.
10-31 17:25:49.644  2807  4613 I CarrierServices: [224] inq.shouldUseCarrierServicesApkForV1Apis: Checking if using CarrierServices.apk is possible. Enabled: true, isAtLeastM: true, runningInsideBugle: true
10-31 17:25:49.644  4844  5409 I Fitness : OnPackageChangedOperation got intent: Intent { act=android.intent.action.PACKAGE_CHANGED dat=package:com.google.android.gm flg=0x45000010 pkg=com.google.android.gms cmp=com.google.android.gms/.chimera.PersistentIntentOperationService (has extras) } [CONTEXT service_id=17 ]
10-31 17:25:49.646  2807  4613 I CarrierServices: [224] inq.e: Network Operator: 310260
10-31 17:25:49.647  2807  4613 I CarrierServices: [224] inq.e: carrierWithOldEcApis: false
10-31 17:25:49.647  2807  4613 I CarrierServices: [224] inq.e: hasDialerThatSupportsNewEc: false
10-31 17:25:49.652  1906  1906 D CarrierSvcBindHelper: No carrier app for: 0
10-31 17:25:49.652  1906  1906 D ImsResolver: maybeAddedImsService, packageName: com.google.android.gm
10-31 17:25:49.654  1691  1705 E memtrack: Couldn't load memtrack module
10-31 17:25:49.654  1691  1705 W android.os.Debug: failed to get memory consumption info: -1
10-31 17:25:49.656  2807  4613 W RcsProvisioning: Failed to read configuration: /data/user/0/com.google.android.apps.messaging/files/rcsconfig (No such file or directory)
10-31 17:25:49.656  2807  4613 W RcsProvisioning: java.io.FileNotFoundException: /data/user/0/com.google.android.apps.messaging/files/rcsconfig (No such file or directory)
10-31 17:25:49.656  2807  4613 W RcsProvisioning: 	at java.io.FileInputStream.open0(Native Method)
10-31 17:25:49.656  2807  4613 W RcsProvisioning: 	at java.io.FileInputStream.open(FileInputStream.java:231)
10-31 17:25:49.656  2807  4613 W RcsProvisioning: 	at java.io.FileInputStream.<init>(FileInputStream.java:165)
10-31 17:25:49.656  2807  4613 W RcsProvisioning: 	at android.app.ContextImpl.openFileInput(ContextImpl.java:560)
10-31 17:25:49.656  2807  4613 W RcsProvisioning: 	at android.content.ContextWrapper.openFileInput(ContextWrapper.java:202)
10-31 17:25:49.656  2807  4613 W RcsProvisioning: 	at ion.a(SourceFile:2)
10-31 17:25:49.656  2807  4613 W RcsProvisioning: 	at idl.a(SourceFile:4)
10-31 17:25:49.656  2807  4613 W RcsProvisioning: 	at idm.a(SourceFile:7)
10-31 17:25:49.656  2807  4613 W RcsProvisioning: 	at com.google.android.apps.messaging.rcsmigration.RcsStateProvider.buildRcsState(SourceFile:81)
10-31 17:25:49.656  2807  4613 W RcsProvisioning: 	at com.google.android.apps.messaging.rcsmigration.RcsStateProvider.getRcsState(SourceFile:6)
10-31 17:25:49.656  2807  4613 W RcsProvisioning: 	at com.google.android.ims.rcsmigration.IRcsStateProvider$Stub.dispatchTransaction(SourceFile:10)
10-31 17:25:49.656  2807  4613 W RcsProvisioning: 	at com.google.android.aidl.BaseStub.onTransact(SourceFile:18)
10-31 17:25:49.656  2807  4613 W RcsProvisioning: 	at android.os.Binder.execTransact(Binder.java:731)
10-31 17:25:49.656  2807  4613 D RcsProvisioning: Retrieving backup token
10-31 17:25:49.656  2807  4613 D RcsProvisioning: Exception while getting subscriber Id. Using default
10-31 17:25:49.658  4844  5416 I Fitness : FitCleanupIntentOperation received Intent android.intent.action.PACKAGE_CHANGED [CONTEXT service_id=17 ]
10-31 17:25:49.669  1691  1705 E memtrack: Couldn't load memtrack module
10-31 17:25:49.669  1691  1705 W android.os.Debug: failed to get memory consumption info: -1
10-31 17:25:49.670  4844  4894 E BluetoothAdapter: Bluetooth binder is null
10-31 17:25:49.673  4844  4894 W ChimeraUtils: Module com.google.android.gms.nearby_en has empty metadata display_name_string_id
10-31 17:25:49.675  4939  4991 E Icing   : Couldn't handle android.intent.action.PACKAGE_CHANGED intent due to initialization failure.
10-31 17:25:49.675  4844  4894 W ChimeraUtils: Module com.google.android.gms.nearby_en has empty metadata display_name_string_id
10-31 17:25:49.675  4939  4992 I Icing   : IndexChimeraService.getServiceInterface callingPackage=com.google.android.gms componentName=ContactsIndexer serviceId=33
10-31 17:25:49.675  4939  4992 W Icing   : IndexManager failed to initialize. SearchIndex.API is unavailable.
10-31 17:25:49.676  4939  5412 W IcingInternalCorpora: Failed to get global search sources
10-31 17:25:49.676  1691  1705 E memtrack: Couldn't load memtrack module
10-31 17:25:49.676  1691  1705 W android.os.Debug: failed to get memory consumption info: -1
10-31 17:25:49.679  4939  4992 I Icing   : IndexChimeraService.getServiceInterface callingPackage=com.google.android.gms componentName=ContactsIndexer serviceId=33
10-31 17:25:49.679  4939  4992 W Icing   : IndexManager failed to initialize. SearchIndex.API is unavailable.
10-31 17:25:49.681  4939  5411 W IcingInternalCorpora: Failed to get global search sources
10-31 17:25:49.682  1691  1705 E memtrack: Couldn't load memtrack module
10-31 17:25:49.682  1691  1705 W android.os.Debug: failed to get memory consumption info: -1
10-31 17:25:49.683  4939  4992 W Icing   : IndexManager failed to initialize. AppIndex.API is unavailable.
10-31 17:25:49.684  4939  4991 I Icing   : IndexChimeraService.getServiceInterface callingPackage=com.google.android.gms componentName=AppsCorpus serviceId=36
10-31 17:25:49.684  4939  4991 W Icing   : IndexManager failed to initialize. SearchIndex.API is unavailable.
10-31 17:25:49.684  4939  4939 W GmscoreIpa: Apps indexing failed. [CONTEXT service_id=255 ]
10-31 17:25:49.684  4939  4939 W GmscoreIpa: ciev: API: AppIndexing.API is not available on this device. Connection failed with: ConnectionResult{statusCode=API_UNAVAILABLE, resolution=null, message=null}
10-31 17:25:49.684  4939  4939 W GmscoreIpa: 	at ciez.a(:com.google.android.gms@214515028@21.45.15 (100400-411636772):2)
10-31 17:25:49.684  4939  4939 W GmscoreIpa: 	at wlo.c(:com.google.android.gms@214515028@21.45.15 (100400-411636772):0)
10-31 17:25:49.684  4939  4939 W GmscoreIpa: 	at wof.p(:com.google.android.gms@214515028@21.45.15 (100400-411636772):4)
10-31 17:25:49.684  4939  4939 W GmscoreIpa: 	at wof.d(:com.google.android.gms@214515028@21.45.15 (100400-411636772):0)
10-31 17:25:49.684  4939  4939 W GmscoreIpa: 	at wof.g(:com.google.android.gms@214515028@21.45.15 (100400-411636772):19)
10-31 17:25:49.684  4939  4939 W GmscoreIpa: 	at wof.onConnectionFailed(:com.google.android.gms@214515028@21.45.15 (100400-411636772):0)
10-31 17:25:49.684  4939  4939 W GmscoreIpa: 	at xgi.gE(:com.google.android.gms@214515028@21.45.15 (100400-411636772):0)
10-31 17:25:49.684  4939  4939 W GmscoreIpa: 	at xfi.b(:com.google.android.gms@214515028@21.45.15 (100400-411636772):1)
10-31 17:25:49.684  4939  4939 W GmscoreIpa: 	at xez.a(:com.google.android.gms@214515028@21.45.15 (100400-411636772):7)
10-31 17:25:49.684  4939  4939 W GmscoreIpa: 	at xfc.handleMessage(:com.google.android.gms@214515028@21.45.15 (100400-411636772):23)
10-31 17:25:49.684  4939  4939 W GmscoreIpa: 	at android.os.Handler.dispatchMessage(Handler.java:106)
10-31 17:25:49.684  4939  4939 W GmscoreIpa: 	at alyk.jj(:com.google.android.gms@214515028@21.45.15 (100400-411636772):0)
10-31 17:25:49.684  4939  4939 W GmscoreIpa: 	at alyk.dispatchMessage(:com.google.android.gms@214515028@21.45.15 (100400-411636772):11)
10-31 17:25:49.684  4939  4939 W GmscoreIpa: 	at android.os.Looper.loop(Looper.java:193)
10-31 17:25:49.684  4939  4939 W GmscoreIpa: 	at android.os.HandlerThread.run(HandlerThread.java:65)
10-31 17:25:49.684  4939  4965 W IcingInternalCorpora: Couldn't fetch status for corpus apps
10-31 17:25:49.800  2807  4613 D RcsProvisioning: No backup token found
10-31 17:25:49.800  2807  4613 D RcsProvisioning: Retrieving backup token
10-31 17:25:49.800  2807  4613 D RcsProvisioning: Exception while getting subscriber Id. Using default
10-31 17:25:49.942  2807  4613 D RcsProvisioning: No backup token found
10-31 17:25:49.957  2807  4613 W RcsProvisioning: Failed to read configuration: /data/user/0/com.google.android.apps.messaging/files/rcsconfig (No such file or directory)
10-31 17:25:49.957  2807  4613 W RcsProvisioning: java.io.FileNotFoundException: /data/user/0/com.google.android.apps.messaging/files/rcsconfig (No such file or directory)
10-31 17:25:49.957  2807  4613 W RcsProvisioning: 	at java.io.FileInputStream.open0(Native Method)
10-31 17:25:49.957  2807  4613 W RcsProvisioning: 	at java.io.FileInputStream.open(FileInputStream.java:231)
10-31 17:25:49.957  2807  4613 W RcsProvisioning: 	at java.io.FileInputStream.<init>(FileInputStream.java:165)
10-31 17:25:49.957  2807  4613 W RcsProvisioning: 	at android.app.ContextImpl.openFileInput(ContextImpl.java:560)
10-31 17:25:49.957  2807  4613 W RcsProvisioning: 	at android.content.ContextWrapper.openFileInput(ContextWrapper.java:202)
10-31 17:25:49.957  2807  4613 W RcsProvisioning: 	at ion.a(SourceFile:2)
10-31 17:25:49.957  2807  4613 W RcsProvisioning: 	at idl.a(SourceFile:4)
10-31 17:25:49.957  2807  4613 W RcsProvisioning: 	at idm.a(SourceFile:7)
10-31 17:25:49.957  2807  4613 W RcsProvisioning: 	at iez.buildConferencesFileName(SourceFile:30)
10-31 17:25:49.957  2807  4613 W RcsProvisioning: 	at com.google.android.apps.messaging.rcsmigration.RcsStateProvider.buildRcsState(SourceFile:129)
10-31 17:25:49.957  2807  4613 W RcsProvisioning: 	at com.google.android.apps.messaging.rcsmigration.RcsStateProvider.getRcsState(SourceFile:6)
10-31 17:25:49.957  2807  4613 W RcsProvisioning: 	at com.google.android.ims.rcsmigration.IRcsStateProvider$Stub.dispatchTransaction(SourceFile:10)
10-31 17:25:49.957  2807  4613 W RcsProvisioning: 	at com.google.android.aidl.BaseStub.onTransact(SourceFile:18)
10-31 17:25:49.957  2807  4613 W RcsProvisioning: 	at android.os.Binder.execTransact(Binder.java:731)
10-31 17:25:49.957  2807  4613 D RcsProvisioning: Retrieving backup token
10-31 17:25:49.958  2807  4613 D RcsProvisioning: Exception while getting subscriber Id. Using default
10-31 17:25:50.071  2807  4613 D RcsProvisioning: No backup token found
10-31 17:25:50.076  2807  4613 E CarrierServices: [224] iez.getFile: File not found.: /data/user/0/com.google.android.apps.messaging/files/httpft_pending (No such file or directory)
10-31 17:25:50.076  2807  4613 E CarrierServices: 	java.io.FileInputStream.open0(Native Method)
10-31 17:25:50.076  2807  4613 E CarrierServices: 	java.io.FileInputStream.open(FileInputStream.java:231)
10-31 17:25:50.076  2807  4613 E CarrierServices: 	java.io.FileInputStream.<init>(FileInputStream.java:165)
10-31 17:25:50.076  2807  4613 E CarrierServices: 	android.app.ContextImpl.openFileInput(ContextImpl.java:560)
10-31 17:25:50.076  2807  4613 E CarrierServices: 	android.content.ContextWrapper.openFileInput(ContextWrapper.java:202)
10-31 17:25:50.076  2807  4613 E CarrierServices: 	iez.getFile(SourceFile:20)
10-31 17:25:50.076  2807  4613 E CarrierServices: 	com.google.android.apps.messaging.rcsmigration.RcsStateProvider.buildRcsState(SourceFile:136)
10-31 17:25:50.076  2807  4613 E CarrierServices: 	com.google.android.apps.messaging.rcsmigration.RcsStateProvider.getRcsState(SourceFile:6)
10-31 17:25:50.076  2807  4613 E CarrierServices: 	com.google.android.ims.rcsmigration.IRcsStateProvider$Stub.dispatchTransaction(SourceFile:10)
10-31 17:25:50.076  2807  4613 E CarrierServices: 	com.google.android.aidl.BaseStub.onTransact(SourceFile:18)
10-31 17:25:50.076  2807  4613 E CarrierServices: 	android.os.Binder.execTransact(Binder.java:731)
10-31 17:25:50.082  3784  3833 I CarrierServices: [210] awt.doInBackground: Saving RCS State
10-31 17:25:50.083  3784  3833 I CarrierServices: [210] awt.doInBackground: Old operation mode: 2
10-31 17:25:50.083  3784  3833 I CarrierServices: [210] awt.doInBackground: New operation mode: 2
10-31 17:25:50.084  2807  4613 I CarrierServices: [224] RcsStateProvider.onMigrationComplete: Migration complete.
10-31 17:25:50.086  2807  4613 I CarrierServices: [224] inq.shouldUseCarrierServicesApkForV1Apis: Checking if using CarrierServices.apk is possible. Enabled: true, isAtLeastM: true, runningInsideBugle: true
10-31 17:25:50.088  2807  4613 I CarrierServices: [224] inq.e: Network Operator: 310260
10-31 17:25:50.089  2807  4613 I CarrierServices: [224] inq.e: carrierWithOldEcApis: false
10-31 17:25:50.089  2807  4613 I CarrierServices: [224] inq.e: hasDialerThatSupportsNewEc: false
10-31 17:25:50.089  2807  4613 I CarrierServices: [224] RcsStateProvider.onMigrationComplete: Rcs Engine should be running in cs.apk. Stopping JibeService.
10-31 17:25:50.092  2807  4613 I CarrierServices: [224] RcsStateProvider.onMigrationComplete: JibeService stopped: true
10-31 17:25:50.093  2807  4613 I CarrierServices: [224] inq.e: Network Operator: 310260
10-31 17:25:50.093  2807  4613 I CarrierServices: [224] inq.e: carrierWithOldEcApis: false
10-31 17:25:50.093  2807  4613 I CarrierServices: [224] inq.e: hasDialerThatSupportsNewEc: false
10-31 17:25:50.094  2807  4613 I CarrierServices: [224] jsn.connect: shouldUseCarrierServicesJibeService: true, CarrierServices rcs service found: true
10-31 17:25:50.094  2807  4613 I CarrierServices: [224] jsn.connect: Binding to JibeService in CarrierServices.
10-31 17:25:50.094  2807  2807 D RcsClientLib: Service com.google.android.rcs.client.chatsession.ChatSessionService connected. Will notify listeners: true
10-31 17:25:50.094  2807  2807 V BugleRcs: com.google.android.rcs.client.chatsession.ChatSessionService RCS service connected
10-31 17:25:50.095  2807  4613 I CarrierServices: [224] inq.e: Network Operator: 310260
10-31 17:25:50.096  2807  4613 I CarrierServices: [224] inq.e: carrierWithOldEcApis: false
10-31 17:25:50.096  2807  4613 I CarrierServices: [224] inq.e: hasDialerThatSupportsNewEc: false
10-31 17:25:50.096  2807  4613 I CarrierServices: [224] jsn.connect: shouldUseCarrierServicesJibeService: true, CarrierServices rcs service found: true
10-31 17:25:50.096  2807  4613 I CarrierServices: [224] jsn.connect: Binding to JibeService in CarrierServices.
10-31 17:25:50.097  2807  2807 D RcsClientLib: Service com.google.android.rcs.client.events.EventService connected. Will notify listeners: true
10-31 17:25:50.097  2807  2807 V BugleRcs: com.google.android.rcs.client.events.EventService RCS service connected
10-31 17:25:50.098  2807  4613 I CarrierServices: [224] inq.e: Network Operator: 310260
10-31 17:25:50.098  2807  4613 I CarrierServices: [224] inq.e: carrierWithOldEcApis: false
10-31 17:25:50.098  2807  4613 I CarrierServices: [224] inq.e: hasDialerThatSupportsNewEc: false
10-31 17:25:50.099  2807  4613 I CarrierServices: [224] jsn.connect: shouldUseCarrierServicesJibeService: true, CarrierServices rcs service found: true
10-31 17:25:50.099  2807  4613 I CarrierServices: [224] jsn.connect: Binding to JibeService in CarrierServices.
10-31 17:25:50.099  2807  2807 D RcsClientLib: Service com.google.android.rcs.client.contacts.ContactsService connected. Will notify listeners: true
10-31 17:25:50.099  2807  2807 V BugleRcs: com.google.android.rcs.client.contacts.ContactsService RCS service connected
10-31 17:25:50.100  2807  4613 I CarrierServices: [224] inq.e: Network Operator: 310260
10-31 17:25:50.100  2807  4613 I CarrierServices: [224] inq.e: carrierWithOldEcApis: false
10-31 17:25:50.100  2807  4613 I CarrierServices: [224] inq.e: hasDialerThatSupportsNewEc: false
10-31 17:25:50.101  2807  4613 I CarrierServices: [224] jsn.connect: shouldUseCarrierServicesJibeService: true, CarrierServices rcs service found: true
10-31 17:25:50.101  2807  4613 I CarrierServices: [224] jsn.connect: Binding to JibeService in CarrierServices.
10-31 17:25:50.101  2807  2807 D RcsClientLib: Service com.google.android.rcs.client.filetransfer.FileTransferService connected. Will notify listeners: true
10-31 17:25:50.101  2807  2807 V BugleRcs: com.google.android.rcs.client.filetransfer.FileTransferService RCS service connected
10-31 17:25:50.102  2807  4613 I CarrierServices: [224] inq.e: Network Operator: 310260
10-31 17:25:50.102  2807  4613 I CarrierServices: [224] inq.e: carrierWithOldEcApis: false
10-31 17:25:50.103  2807  4613 I CarrierServices: [224] inq.e: hasDialerThatSupportsNewEc: false
10-31 17:25:50.103  2807  4613 I CarrierServices: [224] jsn.connect: shouldUseCarrierServicesJibeService: true, CarrierServices rcs service found: true
10-31 17:25:50.103  2807  4613 I CarrierServices: [224] jsn.connect: Binding to JibeService in CarrierServices.
10-31 17:25:50.104  2807  2807 D RcsClientLib: Service com.google.android.rcs.client.locationsharing.LocationSharingService connected. Will notify listeners: true
10-31 17:25:50.104  2807  2807 V BugleRcs: com.google.android.rcs.client.locationsharing.LocationSharingService RCS service connected
10-31 17:25:50.104  2807  4613 I CarrierServices: [224] inq.e: Network Operator: 310260
10-31 17:25:50.104  2807  4613 I CarrierServices: [224] inq.e: carrierWithOldEcApis: false
10-31 17:25:50.105  2807  4613 I CarrierServices: [224] inq.e: hasDialerThatSupportsNewEc: false
10-31 17:25:50.105  2807  4613 I CarrierServices: [224] jsn.connect: shouldUseCarrierServicesJibeService: true, CarrierServices rcs service found: true
10-31 17:25:50.105  2807  4613 I CarrierServices: [224] jsn.connect: Binding to JibeService in CarrierServices.
10-31 17:25:50.105  2807  2807 D RcsClientLib: Service com.google.android.rcs.client.ims.ImsConnectionTrackerService connected. Will notify listeners: true
10-31 17:25:50.105  2807  2807 V BugleRcs: com.google.android.rcs.client.ims.ImsConnectionTrackerService RCS service connected
10-31 17:25:50.106  2807  4613 I CarrierServices: [224] inq.e: Network Operator: 310260
10-31 17:25:50.106  2807  2807 V BugleRcs: kicking off RCS sending/receiving
10-31 17:25:50.106  2807  4613 I CarrierServices: [224] inq.e: carrierWithOldEcApis: false
10-31 17:25:50.106  2807  4613 I CarrierServices: [224] inq.e: hasDialerThatSupportsNewEc: false
10-31 17:25:50.106  2807  2807 V BugleAction: no RCS because we're not registered
10-31 17:25:50.106  2807  4613 I CarrierServices: [224] jsn.connect: shouldUseCarrierServicesJibeService: true, CarrierServices rcs service found: true
10-31 17:25:50.106  2807  4613 I CarrierServices: [224] jsn.connect: Binding to JibeService in CarrierServices.
10-31 17:25:50.107  2807  2807 D RcsClientLib: Service com.google.android.rcs.client.profile.RcsProfileService connected. Will notify listeners: true
10-31 17:25:50.107  2807  2807 V BugleRcs: com.google.android.rcs.client.profile.RcsProfileService RCS service connected
10-31 17:25:50.107  2807  2807 V BugleRcs: kicking off RCS sending/receiving
10-31 17:25:50.107  2807  4613 I CarrierServices: [224] inq.e: Network Operator: 310260
10-31 17:25:50.107  2807  2807 V BugleAction: no RCS because we're not registered
10-31 17:25:50.107  2807  4613 I CarrierServices: [224] inq.e: carrierWithOldEcApis: false
10-31 17:25:50.107  2807  4613 I CarrierServices: [224] inq.e: hasDialerThatSupportsNewEc: false
10-31 17:25:50.108  3784  3799 W CarrierServices: [188] bmc.a: No config URL. RCS will be disabled!
10-31 17:25:50.108  2807  4613 I CarrierServices: [224] jsn.connect: shouldUseCarrierServicesJibeService: true, CarrierServices rcs service found: true
10-31 17:25:50.108  2807  4613 I CarrierServices: [224] jsn.connect: Binding to JibeService in CarrierServices.
10-31 17:25:50.108  2807  2807 I BugleRcs: RcsAvailability ACS url: null
10-31 17:25:50.108  2807  2807 D RcsClientLib: Service com.google.android.rcs.client.businessinfo.BusinessInfoService connected. Will notify listeners: true
10-31 17:25:50.108  2807  2807 V BugleRcs: com.google.android.rcs.client.businessinfo.BusinessInfoService RCS service connected
10-31 17:25:50.109  2807  2807 V BugleRcs: kicking off RCS sending/receiving
10-31 17:25:50.109  2807  2807 V BugleAction: no RCS because we're not registered
10-31 17:25:50.109  3784  3799 W CarrierServices: [188] bmc.a: No config URL. RCS will be disabled!
10-31 17:25:50.109  2807  2807 I BugleRcs: RcsAvailability ACS url: null
10-31 17:25:50.110  2807  4613 W RcsProvisioning: Failed to read configuration: /data/user/0/com.google.android.apps.messaging/files/rcsconfig (No such file or directory)
10-31 17:25:50.110  2807  4613 W RcsProvisioning: java.io.FileNotFoundException: /data/user/0/com.google.android.apps.messaging/files/rcsconfig (No such file or directory)
10-31 17:25:50.110  2807  4613 W RcsProvisioning: 	at java.io.FileInputStream.open0(Native Method)
10-31 17:25:50.110  2807  4613 W RcsProvisioning: 	at java.io.FileInputStream.open(FileInputStream.java:231)
10-31 17:25:50.110  2807  4613 W RcsProvisioning: 	at java.io.FileInputStream.<init>(FileInputStream.java:165)
10-31 17:25:50.110  2807  4613 W RcsProvisioning: 	at android.app.ContextImpl.openFileInput(ContextImpl.java:560)
10-31 17:25:50.110  2807  4613 W RcsProvisioning: 	at android.content.ContextWrapper.openFileInput(ContextWrapper.java:202)
10-31 17:25:50.110  2807  4613 W RcsProvisioning: 	at ion.a(SourceFile:2)
10-31 17:25:50.110  2807  4613 W RcsProvisioning: 	at idl.a(SourceFile:4)
10-31 17:25:50.110  2807  4613 W RcsProvisioning: 	at idm.a(SourceFile:7)
10-31 17:25:50.110  2807  4613 W RcsProvisioning: 	at com.google.android.apps.messaging.rcsmigration.RcsStateProvider.onMigrationComplete(SourceFile:27)
10-31 17:25:50.110  2807  4613 W RcsProvisioning: 	at com.google.android.ims.rcsmigration.IRcsStateProvider$Stub.dispatchTransaction(SourceFile:14)
10-31 17:25:50.110  2807  4613 W RcsProvisioning: 	at com.google.android.aidl.BaseStub.onTransact(SourceFile:18)
10-31 17:25:50.110  2807  4613 W RcsProvisioning: 	at android.os.Binder.execTransact(Binder.java:731)
10-31 17:25:50.110  2807  4613 D RcsProvisioning: Retrieving backup token
10-31 17:25:50.110  2807  4613 D RcsProvisioning: Exception while getting subscriber Id. Using default
10-31 17:25:50.252  2807  4613 D RcsProvisioning: No backup token found
10-31 17:25:50.253  2807  4613 D RcsProvisioning: Clearing backup token
10-31 17:25:50.253  2807  4613 D RcsProvisioning: Exception while getting subscriber Id. Using default
10-31 17:25:50.273  1691  1816 I GnssLocationProvider: WakeLock acquired by sendMessage(REPORT_SV_STATUS, 0, com.android.server.location.GnssLocationProvider$SvStatusInfo@b6ee38d)
10-31 17:25:50.273  1691  1705 I GnssLocationProvider: WakeLock released by handleMessage(REPORT_SV_STATUS, 0, com.android.server.location.GnssLocationProvider$SvStatusInfo@b6ee38d)
10-31 17:25:50.277  2807  4613 I CarrierServices: [224] RcsStateProvider.onMigrationComplete: Deleted transfers file: false
10-31 17:25:50.277  2807  4613 W RcsProvisioning: Failed to read configuration: /data/user/0/com.google.android.apps.messaging/files/rcsconfig (No such file or directory)
10-31 17:25:50.277  2807  4613 W RcsProvisioning: java.io.FileNotFoundException: /data/user/0/com.google.android.apps.messaging/files/rcsconfig (No such file or directory)
10-31 17:25:50.277  2807  4613 W RcsProvisioning: 	at java.io.FileInputStream.open0(Native Method)
10-31 17:25:50.277  2807  4613 W RcsProvisioning: 	at java.io.FileInputStream.open(FileInputStream.java:231)
10-31 17:25:50.277  2807  4613 W RcsProvisioning: 	at java.io.FileInputStream.<init>(FileInputStream.java:165)
10-31 17:25:50.277  2807  4613 W RcsProvisioning: 	at android.app.ContextImpl.openFileInput(ContextImpl.java:560)
10-31 17:25:50.277  2807  4613 W RcsProvisioning: 	at android.content.ContextWrapper.openFileInput(ContextWrapper.java:202)
10-31 17:25:50.277  2807  4613 W RcsProvisioning: 	at ion.a(SourceFile:2)
10-31 17:25:50.277  2807  4613 W RcsProvisioning: 	at idl.a(SourceFile:4)
10-31 17:25:50.277  2807  4613 W RcsProvisioning: 	at idm.a(SourceFile:7)
10-31 17:25:50.277  2807  4613 W RcsProvisioning: 	at iez.buildConferencesFileName(SourceFile:30)
10-31 17:25:50.277  2807  4613 W RcsProvisioning: 	at com.google.android.apps.messaging.rcsmigration.RcsStateProvider.onMigrationComplete(SourceFile:48)
10-31 17:25:50.277  2807  4613 W RcsProvisioning: 	at com.google.android.ims.rcsmigration.IRcsStateProvider$Stub.dispatchTransaction(SourceFile:14)
10-31 17:25:50.277  2807  4613 W RcsProvisioning: 	at com.google.android.aidl.BaseStub.onTransact(SourceFile:18)
10-31 17:25:50.277  2807  4613 W RcsProvisioning: 	at android.os.Binder.execTransact(Binder.java:731)
10-31 17:25:50.277  2807  4613 D RcsProvisioning: Retrieving backup token
10-31 17:25:50.277  2807  4613 D RcsProvisioning: Exception while getting subscriber Id. Using default
10-31 17:25:50.409  2807  4613 D RcsProvisioning: No backup token found
10-31 17:25:50.422  3784  3784 I CarrierServices: [2] aww.a: Unbinding RcsMigrationService
10-31 17:25:50.850  1645  1645 E netmgr  : Failed to open QEMU pipe 'qemud:network': Invalid argument
10-31 17:25:50.850  1645  1645 E netmgr  : WifiForwarder unable to open QEMU pipe: Invalid argument
10-31 17:25:50.851  5428  5428 D AndroidRuntime: >>>>>> START com.android.internal.os.RuntimeInit uid 2000 <<<<<<
10-31 17:25:50.875  5428  5428 I app_process: The ClassLoaderContext is a special shared library.
10-31 17:25:50.882  5428  5428 D AndroidRuntime: Calling main entry com.android.commands.content.Content
10-31 17:25:50.884  1691  1691 V SettingsProvider: Notifying for 0: content://settings/system/accelerometer_rotation
10-31 17:25:50.885  5428  5428 D AndroidRuntime: Shutting down VM
10-31 17:25:50.894  1560  1563 D hwcomposer: hw_composer sent 132 syncs in 60s
10-31 17:25:50.973  5438  5438 D AndroidRuntime: >>>>>> START com.android.internal.os.RuntimeInit uid 2000 <<<<<<
10-31 17:25:50.992  5438  5438 I app_process: The ClassLoaderContext is a special shared library.
10-31 17:25:50.998  5438  5438 D AndroidRuntime: Calling main entry com.android.commands.content.Content
10-31 17:25:51.000  1691  1691 V SettingsProvider: Notifying for 0: content://settings/system/user_rotation
10-31 17:25:51.001  5438  5438 D AndroidRuntime: Shutting down VM
10-31 17:25:51.067  2894  2894 E AndroidIME: evo: Failed to dump cda
10-31 17:25:51.067  2894  2894 E AndroidIME: java.lang.NullPointerException: Attempt to invoke virtual method 'boolean cxn.a(android.content.Context, java.util.Locale)' on a null object reference
10-31 17:25:51.067  2894  2894 E AndroidIME: 	at com.google.android.apps.inputmethod.libs.search.nativecard.FeatureCardNoticeExtension.a(PG:132)
10-31 17:25:51.067  2894  2894 E AndroidIME: 	at cda.a(PG:352)
10-31 17:25:51.067  2894  2894 E AndroidIME: 	at evo.a(PG:20)
10-31 17:25:51.067  2894  2894 E AndroidIME: 	at bgm.a(PG:2502)
10-31 17:25:51.067  2894  2894 E AndroidIME: 	at com.android.inputmethod.latin.LatinIME.a(PG:573)
10-31 17:25:51.067  2894  2894 E AndroidIME: 	at bgm.dump(PG:2496)
10-31 17:25:51.067  2894  2894 E AndroidIME: 	at android.inputmethodservice.IInputMethodWrapper.executeMessage(IInputMethodWrapper.java:151)
10-31 17:25:51.067  2894  2894 E AndroidIME: 	at com.android.internal.os.HandlerCaller$MyHandler.handleMessage(HandlerCaller.java:37)
10-31 17:25:51.067  2894  2894 E AndroidIME: 	at android.os.Handler.dispatchMessage(Handler.java:106)
10-31 17:25:51.067  2894  2894 E AndroidIME: 	at android.os.Looper.loop(Looper.java:193)
10-31 17:25:51.067  2894  2894 E AndroidIME: 	at android.app.ActivityThread.main(ActivityThread.java:6669)
10-31 17:25:51.067  2894  2894 E AndroidIME: 	at java.lang.reflect.Method.invoke(Native Method)
10-31 17:25:51.067  2894  2894 E AndroidIME: 	at com.android.internal.os.RuntimeInit$MethodAndArgsCaller.run(RuntimeInit.java:493)
10-31 17:25:51.067  2894  2894 E AndroidIME: 	at com.android.internal.os.ZygoteInit.main(ZygoteInit.java:858)
10-31 17:25:51.276  1691  1816 I GnssLocationProvider: WakeLock acquired by sendMessage(REPORT_SV_STATUS, 0, com.android.server.location.GnssLocationProvider$SvStatusInfo@285d4ee)
10-31 17:25:51.276  1691  1705 I GnssLocationProvider: WakeLock released by handleMessage(REPORT_SV_STATUS, 0, com.android.server.location.GnssLocationProvider$SvStatusInfo@285d4ee)
10-31 17:25:51.868  1545  1610 E storaged: getDiskStats failed with result NOT_SUPPORTED and size 0
10-31 17:25:52.043  5476  5476 D AndroidRuntime: >>>>>> START com.android.internal.os.RuntimeInit uid 2000 <<<<<<
10-31 17:25:52.044  5476  5476 I app_process: RelocateImage: /system/bin/patchoat --input-image-location=/system/framework/boot.art --output-image-directory=/data/local/tmp/dalvik-cache/arm64 --instruction-set=arm64 --base-offset-delta=-2084864
10-31 17:25:52.183  5476  5476 I app_process: The ClassLoaderContext is a special shared library.
10-31 17:25:52.184  5476  5476 I app_process: The ClassLoaderContext is a special shared library.
10-31 17:25:52.191  5476  5476 D AndroidRuntime: Calling main entry com.android.commands.uiautomator.Launcher
10-31 17:25:52.195  1691  1691 V SettingsProvider: Notifying for 0: content://settings/secure/accessibility_enabled
10-31 17:25:52.277  1691  1816 I GnssLocationProvider: WakeLock acquired by sendMessage(REPORT_SV_STATUS, 0, com.android.server.location.GnssLocationProvider$SvStatusInfo@387c25)
10-31 17:25:52.277  1691  1705 I GnssLocationProvider: WakeLock released by handleMessage(REPORT_SV_STATUS, 0, com.android.server.location.GnssLocationProvider$SvStatusInfo@387c25)
10-31 17:25:53.229  5476  5476 I AccessibilityNodeInfoDumper: Skipping invisible child: android.view.accessibility.AccessibilityNodeInfo@a14d; boundsInParent: Rect(0, 0 - 1080, 0); boundsInScreen: Rect(0, 2274 - 1080, 2274); packageName: de.danoeh.antennapod; className: android.widget.FrameLayout; text: null; error: null; maxTextLength: -1; contentDescription: null; tooltipText: null; viewIdResName: de.danoeh.antennapod:id/playerFragment; checkable: false; checked: false; focusable: false; focused: false; selected: false; clickable: false; longClickable: false; contextClickable: false; enabled: true; password: false; scrollable: false; importantForAccessibility: false; visible: false; actions: [AccessibilityAction: ACTION_SELECT - null, AccessibilityAction: ACTION_CLEAR_SELECTION - null, AccessibilityAction: ACTION_ACCESSIBILITY_FOCUS - null, AccessibilityAction: ACTION_SHOW_ON_SCREEN - null]
10-31 17:25:53.230  5476  5476 W AccessibilityNodeInfoDumper: Fetch time: 4ms
10-31 17:25:53.231  1691  3066 W WindowManager: removeWindowToken: Attempted to remove non-existing token: android.os.Binder@7f05d8f
10-31 17:25:53.232  1691  1691 V SettingsProvider: Notifying for 0: content://settings/secure/accessibility_enabled
10-31 17:25:53.233  1691  1691 V SettingsProvider: Notifying for 0: content://settings/system/user_rotation
10-31 17:25:53.233  1691  1691 V SettingsProvider: Notifying for 0: content://settings/system/accelerometer_rotation
10-31 17:25:53.235  5476  5476 D AndroidRuntime: Shutting down VM
10-31 17:25:53.277  1691  1816 I GnssLocationProvider: WakeLock acquired by sendMessage(REPORT_SV_STATUS, 0, com.android.server.location.GnssLocationProvider$SvStatusInfo@f1f43ab)
10-31 17:25:53.277  1691  1705 I GnssLocationProvider: WakeLock released by handleMessage(REPORT_SV_STATUS, 0, com.android.server.location.GnssLocationProvider$SvStatusInfo@f1f43ab)
10-31 17:25:53.527  1691  3145 E memtrack: Couldn't load memtrack module
10-31 17:25:53.527  1691  3145 W android.os.Debug: failed to get memory consumption info: -1
10-31 17:25:53.689  1680  1680 E ipv6proxy: Failed to forward Neighbor Advertisement for fec0::3 from eth0 to wlan1: Network is unreachable
10-31 17:25:53.690  5500  5500 D AndroidRuntime: >>>>>> START com.android.internal.os.RuntimeInit uid 2000 <<<<<<
10-31 17:25:53.713  5500  5500 I app_process: The ClassLoaderContext is a special shared library.
10-31 17:25:53.713  5500  5500 I app_process: The ClassLoaderContext is a special shared library.
10-31 17:25:53.720  5500  5500 D AndroidRuntime: Calling main entry com.android.commands.uiautomator.Launcher
10-31 17:25:53.726  1691  1691 V SettingsProvider: Notifying for 0: content://settings/secure/accessibility_enabled
