10-31 17:28:12.095  4939  4939 W GmscoreIpa: 	at wlo.c(:com.google.android.gms@214515028@21.45.15 (100400-411636772):0)
10-31 17:28:12.095  4939  4939 W GmscoreIpa: 	at wof.p(:com.google.android.gms@214515028@21.45.15 (100400-411636772):4)
10-31 17:28:12.095  4939  4939 W GmscoreIpa: 	at wof.d(:com.google.android.gms@214515028@21.45.15 (100400-411636772):0)
10-31 17:28:12.095  4939  4939 W GmscoreIpa: 	at wof.g(:com.google.android.gms@214515028@21.45.15 (100400-411636772):19)
10-31 17:28:12.095  4939  4939 W GmscoreIpa: 	at wof.onConnectionFailed(:com.google.android.gms@214515028@21.45.15 (100400-411636772):0)
10-31 17:28:12.095  4939  4939 W GmscoreIpa: 	at xgi.gE(:com.google.android.gms@214515028@21.45.15 (100400-411636772):0)
10-31 17:28:12.095  4939  4939 W GmscoreIpa: 	at xfi.b(:com.google.android.gms@214515028@21.45.15 (100400-411636772):1)
10-31 17:28:12.095  4939  4939 W GmscoreIpa: 	at xez.a(:com.google.android.gms@214515028@21.45.15 (100400-411636772):7)
10-31 17:28:12.095  4939  4939 W GmscoreIpa: 	at xfc.handleMessage(:com.google.android.gms@214515028@21.45.15 (100400-411636772):23)
10-31 17:28:12.095  4939  4939 W GmscoreIpa: 	at android.os.Handler.dispatchMessage(Handler.java:106)
10-31 17:28:12.095  4939  4939 W GmscoreIpa: 	at alyk.jj(:com.google.android.gms@214515028@21.45.15 (100400-411636772):0)
10-31 17:28:12.095  4939  4939 W GmscoreIpa: 	at alyk.dispatchMessage(:com.google.android.gms@214515028@21.45.15 (100400-411636772):11)
10-31 17:28:12.095  4939  4939 W GmscoreIpa: 	at android.os.Looper.loop(Looper.java:193)
10-31 17:28:12.095  4939  4939 W GmscoreIpa: 	at android.os.HandlerThread.run(HandlerThread.java:65)
10-31 17:28:12.096  4939  9020 W IcingInternalCorpora: Couldn't fetch status for corpus apps
10-31 17:28:12.097  4939  8982 I GmsDebugLogger: [73] 1801
10-31 17:28:12.098  4939  8982 I GmsDebugLogger: [30] [Pay.optional:214515100000]
10-31 17:28:12.101  4939  8982 W ChimeraConfigService: Retry attempt was throttled. [CONTEXT service_id=264 ]
10-31 17:28:12.101  4939  8982 I GmsDebugLogger: [83] 1 [pay]
10-31 17:28:12.181  2807  2940 D RcsProvisioning: No backup token found
10-31 17:28:12.182  2807  2940 D RcsProvisioning: Retrieving backup token
10-31 17:28:12.182  2807  2940 D RcsProvisioning: Exception while getting subscriber Id. Using default
10-31 17:28:12.189  9061  9061 D AndroidRuntime: >>>>>> START com.android.internal.os.RuntimeInit uid 2000 <<<<<<
10-31 17:28:12.210  9061  9061 I app_process: The ClassLoaderContext is a special shared library.
10-31 17:28:12.217  9061  9061 D AndroidRuntime: Calling main entry com.android.commands.monkey.Monkey
10-31 17:28:12.218  9061  9061 W Monkey  : args: [-p, de.danoeh.antennapod, -c, android.intent.category.LAUNCHER, 1]
10-31 17:28:12.218  9061  9061 W Monkey  :  arg: "-p"
10-31 17:28:12.218  9061  9061 W Monkey  :  arg: "de.danoeh.antennapod"
10-31 17:28:12.218  9061  9061 W Monkey  :  arg: "-c"
10-31 17:28:12.218  9061  9061 W Monkey  :  arg: "android.intent.category.LAUNCHER"
10-31 17:28:12.218  9061  9061 W Monkey  :  arg: "1"
10-31 17:28:12.218  9061  9061 W Monkey  : data="de.danoeh.antennapod"
10-31 17:28:12.218  9061  9061 W Monkey  : data="android.intent.category.LAUNCHER"
10-31 17:28:12.222  1691  1706 W BroadcastQueue: Skipping deliver [background] BroadcastRecord{802320f u-1 android.net.conn.CONNECTIVITY_CHANGE} to ReceiverList{aca129c 9061 (unknown name)/2000/u-1 remote:f84c2e9}: process gone or crashing
10-31 17:28:12.224  1691  1992 I ActivityManager: START u0 {act=android.intent.action.MAIN cat=[android.intent.category.LAUNCHER] flg=0x10200000 cmp=de.danoeh.antennapod/.activity.SplashActivity} from uid 2000
10-31 17:28:12.224  1691  1992 W Binder  : Outgoing transactions from this process must be FLAG_ONEWAY
10-31 17:28:12.224  1691  1992 W Binder  : java.lang.Throwable
10-31 17:28:12.224  1691  1992 W Binder  : 	at android.os.BinderProxy.transact(Binder.java:1114)
10-31 17:28:12.224  1691  1992 W Binder  : 	at android.app.IActivityController$Stub$Proxy.activityStarting(IActivityController.java:176)
10-31 17:28:12.224  1691  1992 W Binder  : 	at com.android.server.am.ActivityStarter.startActivity(ActivityStarter.java:737)
10-31 17:28:12.224  1691  1992 W Binder  : 	at com.android.server.am.ActivityStarter.startActivity(ActivityStarter.java:544)
10-31 17:28:12.224  1691  1992 W Binder  : 	at com.android.server.am.ActivityStarter.startActivityMayWait(ActivityStarter.java:1099)
10-31 17:28:12.224  1691  1992 W Binder  : 	at com.android.server.am.ActivityStarter.execute(ActivityStarter.java:486)
10-31 17:28:12.224  1691  1992 W Binder  : 	at com.android.server.am.ActivityManagerService.startActivityAsUser(ActivityManagerService.java:5120)
10-31 17:28:12.224  1691  1992 W Binder  : 	at com.android.server.am.ActivityManagerService.startActivityAsUser(ActivityManagerService.java:5094)
10-31 17:28:12.224  1691  1992 W Binder  : 	at com.android.server.am.ActivityManagerService.startActivity(ActivityManagerService.java:5085)
10-31 17:28:12.224  1691  1992 W Binder  : 	at android.app.IActivityManager$Stub.onTransact$startActivity$(IActivityManager.java:10084)
10-31 17:28:12.224  1691  1992 W Binder  : 	at android.app.IActivityManager$Stub.onTransact(IActivityManager.java:122)
10-31 17:28:12.224  1691  1992 W Binder  : 	at com.android.server.am.ActivityManagerService.onTransact(ActivityManagerService.java:3291)
10-31 17:28:12.224  1691  1992 W Binder  : 	at android.os.Binder.execTransact(Binder.java:731)
10-31 17:28:12.235  9061  9061 I Monkey  : Events injected: 1
10-31 17:28:12.238  1691  1691 V SettingsProvider: Notifying for 0: content://settings/system/accelerometer_rotation
10-31 17:28:12.241  9061  9061 I Monkey  : ## Network stats: elapsed time=16ms (0ms mobile, 0ms wifi, 16ms not connected)
10-31 17:28:12.241  9061  9061 I app_process: System.exit called, status: 0
10-31 17:28:12.241  9061  9061 I AndroidRuntime: VM exiting with result code 0.
10-31 17:28:12.242  1691  1708 I ActivityManager: Start proc 9072:de.danoeh.antennapod/u0a89 for activity de.danoeh.antennapod/.activity.SplashActivity
10-31 17:28:12.251  1384  1384 D gralloc_ranchu: gralloc_alloc: Creating ashmem region of size 10371072
10-31 17:28:12.270  1384  1384 D gralloc_ranchu: gralloc_alloc: Creating ashmem region of size 10371072
10-31 17:28:12.274  9072  9072 I noeh.antennapo: The ClassLoaderContext is a special shared library.
10-31 17:28:12.289  9072  9072 V MediaRouter: Adding route: RouteInfo{ name=Phone, description=null, status=null, category=RouteCategory{ name=System types=ROUTE_TYPE_LIVE_AUDIO ROUTE_TYPE_LIVE_VIDEO  groupable=false }, supportedTypes=ROUTE_TYPE_LIVE_AUDIO ROUTE_TYPE_LIVE_VIDEO , presentationDisplay=null }
10-31 17:28:12.292  9072  9072 V MediaRouter: Selecting route: RouteInfo{ name=Phone, description=null, status=null, category=RouteCategory{ name=System types=ROUTE_TYPE_LIVE_AUDIO ROUTE_TYPE_LIVE_VIDEO  groupable=false }, supportedTypes=ROUTE_TYPE_LIVE_AUDIO ROUTE_TYPE_LIVE_VIDEO , presentationDisplay=null }
10-31 17:28:12.315  9072  9072 D OpenGLRenderer: Skia GL Pipeline
10-31 17:28:12.317  1532  1757 E SurfaceFlinger: ro.sf.lcd_density must be defined as a build property
10-31 17:28:12.320  9072  9072 V MediaRouter: Selecting route: RouteInfo{ name=Phone, description=null, status=null, category=RouteCategory{ name=System types=ROUTE_TYPE_LIVE_AUDIO ROUTE_TYPE_LIVE_VIDEO  groupable=false }, supportedTypes=ROUTE_TYPE_LIVE_AUDIO ROUTE_TYPE_LIVE_VIDEO , presentationDisplay=null }
10-31 17:28:12.323  2807  2940 D RcsProvisioning: No backup token found
10-31 17:28:12.325  2807  2940 W RcsProvisioning: Failed to read configuration: /data/user/0/com.google.android.apps.messaging/files/rcsconfig (No such file or directory)
10-31 17:28:12.326  2807  2940 W RcsProvisioning: java.io.FileNotFoundException: /data/user/0/com.google.android.apps.messaging/files/rcsconfig (No such file or directory)
10-31 17:28:12.326  2807  2940 W RcsProvisioning: 	at java.io.FileInputStream.open0(Native Method)
10-31 17:28:12.326  2807  2940 W RcsProvisioning: 	at java.io.FileInputStream.open(FileInputStream.java:231)
10-31 17:28:12.326  2807  2940 W RcsProvisioning: 	at java.io.FileInputStream.<init>(FileInputStream.java:165)
10-31 17:28:12.326  2807  2940 W RcsProvisioning: 	at android.app.ContextImpl.openFileInput(ContextImpl.java:560)
10-31 17:28:12.326  2807  2940 W RcsProvisioning: 	at android.content.ContextWrapper.openFileInput(ContextWrapper.java:202)
10-31 17:28:12.326  2807  2940 W RcsProvisioning: 	at ion.a(SourceFile:2)
10-31 17:28:12.326  2807  2940 W RcsProvisioning: 	at idl.a(SourceFile:4)
10-31 17:28:12.326  2807  2940 W RcsProvisioning: 	at idm.a(SourceFile:7)
10-31 17:28:12.326  2807  2940 W RcsProvisioning: 	at iez.buildConferencesFileName(SourceFile:30)
10-31 17:28:12.326  2807  2940 W RcsProvisioning: 	at com.google.android.apps.messaging.rcsmigration.RcsStateProvider.buildRcsState(SourceFile:129)
10-31 17:28:12.326  2807  2940 W RcsProvisioning: 	at com.google.android.apps.messaging.rcsmigration.RcsStateProvider.getRcsState(SourceFile:6)
10-31 17:28:12.326  2807  2940 W RcsProvisioning: 	at com.google.android.ims.rcsmigration.IRcsStateProvider$Stub.dispatchTransaction(SourceFile:10)
10-31 17:28:12.326  2807  2940 W RcsProvisioning: 	at com.google.android.aidl.BaseStub.onTransact(SourceFile:18)
10-31 17:28:12.326  2807  2940 W RcsProvisioning: 	at android.os.Binder.execTransact(Binder.java:731)
10-31 17:28:12.326  2807  2940 D RcsProvisioning: Retrieving backup token
10-31 17:28:12.326  2807  2940 D RcsProvisioning: Exception while getting subscriber Id. Using default
10-31 17:28:12.327  1384  1384 D gralloc_ranchu: gralloc_alloc: Creating ashmem region of size 10371072
10-31 17:28:12.327  1384  1384 I chatty  : uid=1000(system) allocator@2.0-s identical 1 line
10-31 17:28:12.327  1384  1384 D gralloc_ranchu: gralloc_alloc: Creating ashmem region of size 10371072
10-31 17:28:12.328  9072  9096 D HostConnection: HostConnection::get() New Host Connection established 0x7c5be4b9e0, tid 9096
10-31 17:28:12.329  9072  9096 D HostConnection: HostComposition ext ANDROID_EMU_CHECKSUM_HELPER_v1 ANDROID_EMU_sync_buffer_data GL_OES_EGL_image_external_essl3 GL_OES_vertex_array_object GL_KHR_texture_compression_astc_ldr ANDROID_EMU_host_side_tracing ANDROID_EMU_gles_max_version_3_0 
10-31 17:28:12.335  1691  1992 W ActivityManager: Permission Denial: Accessing service ComponentInfo{com.google.android.music/com.google.android.music.dial.DialMediaRouteProviderService} from pid=9072, uid=10089 that is not exported from uid 10066
10-31 17:28:12.336  1691  2394 I ActivityManager: START u0 {cmp=de.danoeh.antennapod/.activity.MainActivity} from uid 10089
10-31 17:28:12.338  9072  9096 I ConfigStore: android::hardware::configstore::V1_0::ISurfaceFlingerConfigs::hasWideColorDisplay retrieved: 0
10-31 17:28:12.338  9072  9096 I ConfigStore: android::hardware::configstore::V1_0::ISurfaceFlingerConfigs::hasHDRDisplay retrieved: 0
10-31 17:28:12.338  9072  9096 I OpenGLRenderer: Initialized EGL, version 1.4
10-31 17:28:12.338  9072  9096 D OpenGLRenderer: Swap behavior 1
10-31 17:28:12.338  9072  9096 W OpenGLRenderer: Failed to choose config with EGL_SWAP_BEHAVIOR_PRESERVED, retrying without...
10-31 17:28:12.338  9072  9096 D OpenGLRenderer: Swap behavior 0
10-31 17:28:12.338  9072  9096 D eglCodecCommon: setVertexArrayObject: set vao to 0 (0) 0 0
10-31 17:28:12.338  9072  9096 D EGL_emulation: eglCreateContext: 0x7c5be4bc60: maj 3 min 0 rcv 3
10-31 17:28:12.339  9072  9096 D EGL_emulation: eglMakeCurrent: 0x7c5be4bc60: ver 3 0 (tinfo 0x7c5be840a0)
10-31 17:28:12.340  1532  1757 E SurfaceFlinger: ro.sf.lcd_density must be defined as a build property
10-31 17:28:12.342  2894  2894 I GoogleInputMethod: onFinishInput() : Dummy InputConnection bound
10-31 17:28:12.342  2894  2894 I GoogleInputMethod: onStartInput() : Dummy InputConnection bound
10-31 17:28:12.345  9072  9096 D HostConnection: createUnique: call
10-31 17:28:12.345  9072  9096 D HostConnection: HostConnection::get() New Host Connection established 0x7c5be4bee0, tid 9096
10-31 17:28:12.346  9072  9096 D HostConnection: HostComposition ext ANDROID_EMU_CHECKSUM_HELPER_v1 ANDROID_EMU_sync_buffer_data GL_OES_EGL_image_external_essl3 GL_OES_vertex_array_object GL_KHR_texture_compression_astc_ldr ANDROID_EMU_host_side_tracing ANDROID_EMU_gles_max_version_3_0 
10-31 17:28:12.347  9072  9096 D EGL_emulation: eglMakeCurrent: 0x7c5be4bc60: ver 3 0 (tinfo 0x7c5be840a0)
10-31 17:28:12.349  9072  9096 D eglCodecCommon: setVertexArrayObject: set vao to 0 (0) 3 2
10-31 17:28:12.367  9072  9072 W ActivityThread: handleWindowVisibility: no activity for token android.os.BinderProxy@a4c3fff
10-31 17:28:12.369  4939  5174 I DiscoveryManager: Filter criteria(CC1AD845) scannerFlags(0)
10-31 17:28:12.370  4939  5174 W GuestModeDeviceProber: setFilterCriteria
10-31 17:28:12.371  4939  5174 W DatabaseProcessor: processLocalDevices: failed to get the network info with non-null networkId.
10-31 17:28:12.371  4939  5174 W DatabaseProcessor: processLocalDevices: failed to get the network info with non-null networkId.
10-31 17:28:12.373  4939  9020 W DatabaseProcessor: processLocalDevices: failed to get the network info with non-null networkId.
10-31 17:28:12.380  1691  2394 I WifiService: acquireMulticastLock uid=10023
10-31 17:28:12.429  9072  9096 D EGL_emulation: eglMakeCurrent: 0x7c5be4bc60: ver 3 0 (tinfo 0x7c5be840a0)
10-31 17:28:12.435  1384  1384 D gralloc_ranchu: gralloc_alloc: Creating ashmem region of size 10371072
10-31 17:28:12.435  1384  1384 I chatty  : uid=1000(system) allocator@2.0-s identical 1 line
10-31 17:28:12.435  1384  1384 D gralloc_ranchu: gralloc_alloc: Creating ashmem region of size 10371072
10-31 17:28:12.439  2894  2894 I GoogleInputMethod: onFinishInput() : Dummy InputConnection bound
10-31 17:28:12.439  2894  2894 I GoogleInputMethod: onStartInput() : Dummy InputConnection bound
10-31 17:28:12.453  9072  9096 D EGL_emulation: eglMakeCurrent: 0x7c5be4bc60: ver 3 0 (tinfo 0x7c5be840a0)
10-31 17:28:12.465  2807  2940 D RcsProvisioning: No backup token found
10-31 17:28:12.465  2807  2940 E CarrierServices: [168] iez.getFile: File not found.: /data/user/0/com.google.android.apps.messaging/files/httpft_pending (No such file or directory)
10-31 17:28:12.465  2807  2940 E CarrierServices: 	java.io.FileInputStream.open0(Native Method)
10-31 17:28:12.465  2807  2940 E CarrierServices: 	java.io.FileInputStream.open(FileInputStream.java:231)
10-31 17:28:12.465  2807  2940 E CarrierServices: 	java.io.FileInputStream.<init>(FileInputStream.java:165)
10-31 17:28:12.465  2807  2940 E CarrierServices: 	android.app.ContextImpl.openFileInput(ContextImpl.java:560)
10-31 17:28:12.465  2807  2940 E CarrierServices: 	android.content.ContextWrapper.openFileInput(ContextWrapper.java:202)
10-31 17:28:12.465  2807  2940 E CarrierServices: 	iez.getFile(SourceFile:20)
10-31 17:28:12.465  2807  2940 E CarrierServices: 	com.google.android.apps.messaging.rcsmigration.RcsStateProvider.buildRcsState(SourceFile:136)
10-31 17:28:12.465  2807  2940 E CarrierServices: 	com.google.android.apps.messaging.rcsmigration.RcsStateProvider.getRcsState(SourceFile:6)
10-31 17:28:12.465  2807  2940 E CarrierServices: 	com.google.android.ims.rcsmigration.IRcsStateProvider$Stub.dispatchTransaction(SourceFile:10)
10-31 17:28:12.465  2807  2940 E CarrierServices: 	com.google.android.aidl.BaseStub.onTransact(SourceFile:18)
10-31 17:28:12.465  2807  2940 E CarrierServices: 	android.os.Binder.execTransact(Binder.java:731)
10-31 17:28:12.466  3784  9114 I CarrierServices: [235] awt.doInBackground: Saving RCS State
10-31 17:28:12.466  3784  9114 I CarrierServices: [235] awt.doInBackground: Old operation mode: 2
10-31 17:28:12.466  3784  9114 I CarrierServices: [235] awt.doInBackground: New operation mode: 2
10-31 17:28:12.468  2807  2940 I CarrierServices: [168] RcsStateProvider.onMigrationComplete: Migration complete.
10-31 17:28:12.470  2807  2940 I CarrierServices: [168] inq.shouldUseCarrierServicesApkForV1Apis: Checking if using CarrierServices.apk is possible. Enabled: true, isAtLeastM: true, runningInsideBugle: true
10-31 17:28:12.471  1691  1714 I ActivityManager: Displayed de.danoeh.antennapod/.activity.MainActivity: +105ms (total +238ms)
10-31 17:28:12.471  2807  2940 I CarrierServices: [168] inq.e: Network Operator: 310260
10-31 17:28:12.472  2807  2940 I CarrierServices: [168] inq.e: carrierWithOldEcApis: false
10-31 17:28:12.472  2807  2940 I CarrierServices: [168] inq.e: hasDialerThatSupportsNewEc: false
10-31 17:28:12.472  2807  2940 I CarrierServices: [168] RcsStateProvider.onMigrationComplete: Rcs Engine should be running in cs.apk. Stopping JibeService.
10-31 17:28:12.473  2807  2940 I CarrierServices: [168] RcsStateProvider.onMigrationComplete: JibeService stopped: true
10-31 17:28:12.474  2807  2940 I CarrierServices: [168] inq.e: Network Operator: 310260
10-31 17:28:12.474  2807  2940 I CarrierServices: [168] inq.e: carrierWithOldEcApis: false
10-31 17:28:12.474  2807  2940 I CarrierServices: [168] inq.e: hasDialerThatSupportsNewEc: false
10-31 17:28:12.475  2807  2940 I CarrierServices: [168] jsn.connect: shouldUseCarrierServicesJibeService: true, CarrierServices rcs service found: true
10-31 17:28:12.475  2807  2940 I CarrierServices: [168] jsn.connect: Binding to JibeService in CarrierServices.
10-31 17:28:12.475  2807  2807 D RcsClientLib: Service com.google.android.rcs.client.chatsession.ChatSessionService connected. Will notify listeners: true
10-31 17:28:12.476  2807  2807 V BugleRcs: com.google.android.rcs.client.chatsession.ChatSessionService RCS service connected
10-31 17:28:12.477  2807  2940 I CarrierServices: [168] inq.e: Network Operator: 310260
10-31 17:28:12.477  2807  2940 I CarrierServices: [168] inq.e: carrierWithOldEcApis: false
10-31 17:28:12.477  2807  2940 I CarrierServices: [168] inq.e: hasDialerThatSupportsNewEc: false
10-31 17:28:12.477  2807  2940 I CarrierServices: [168] jsn.connect: shouldUseCarrierServicesJibeService: true, CarrierServices rcs service found: true
10-31 17:28:12.477  2807  2940 I CarrierServices: [168] jsn.connect: Binding to JibeService in CarrierServices.
10-31 17:28:12.478  2807  2807 D RcsClientLib: Service com.google.android.rcs.client.events.EventService connected. Will notify listeners: true
10-31 17:28:12.478  2807  2807 V BugleRcs: com.google.android.rcs.client.events.EventService RCS service connected
10-31 17:28:12.478  2807  2940 I CarrierServices: [168] inq.e: Network Operator: 310260
10-31 17:28:12.479  2807  2940 I CarrierServices: [168] inq.e: carrierWithOldEcApis: false
10-31 17:28:12.479  2807  2940 I CarrierServices: [168] inq.e: hasDialerThatSupportsNewEc: false
10-31 17:28:12.479  2807  2940 I CarrierServices: [168] jsn.connect: shouldUseCarrierServicesJibeService: true, CarrierServices rcs service found: true
10-31 17:28:12.479  2807  2940 I CarrierServices: [168] jsn.connect: Binding to JibeService in CarrierServices.
10-31 17:28:12.479  2807  2807 D RcsClientLib: Service com.google.android.rcs.client.contacts.ContactsService connected. Will notify listeners: true
10-31 17:28:12.480  2807  2807 V BugleRcs: com.google.android.rcs.client.contacts.ContactsService RCS service connected
10-31 17:28:12.480  2807  2940 I CarrierServices: [168] inq.e: Network Operator: 310260
10-31 17:28:12.481  2807  2940 I CarrierServices: [168] inq.e: carrierWithOldEcApis: false
10-31 17:28:12.481  2807  2940 I CarrierServices: [168] inq.e: hasDialerThatSupportsNewEc: false
10-31 17:28:12.481  2807  2940 I CarrierServices: [168] jsn.connect: shouldUseCarrierServicesJibeService: true, CarrierServices rcs service found: true
10-31 17:28:12.481  2807  2940 I CarrierServices: [168] jsn.connect: Binding to JibeService in CarrierServices.
10-31 17:28:12.482  2807  2807 D RcsClientLib: Service com.google.android.rcs.client.filetransfer.FileTransferService connected. Will notify listeners: true
10-31 17:28:12.482  2807  2807 V BugleRcs: com.google.android.rcs.client.filetransfer.FileTransferService RCS service connected
10-31 17:28:12.482  2807  2940 I CarrierServices: [168] inq.e: Network Operator: 310260
10-31 17:28:12.482  2807  2940 I CarrierServices: [168] inq.e: carrierWithOldEcApis: false
10-31 17:28:12.482  2807  2940 I CarrierServices: [168] inq.e: hasDialerThatSupportsNewEc: false
10-31 17:28:12.483  2807  2940 I CarrierServices: [168] jsn.connect: shouldUseCarrierServicesJibeService: true, CarrierServices rcs service found: true
10-31 17:28:12.483  2807  2940 I CarrierServices: [168] jsn.connect: Binding to JibeService in CarrierServices.
10-31 17:28:12.483  2807  2807 D RcsClientLib: Service com.google.android.rcs.client.locationsharing.LocationSharingService connected. Will notify listeners: true
10-31 17:28:12.483  2807  2807 V BugleRcs: com.google.android.rcs.client.locationsharing.LocationSharingService RCS service connected
10-31 17:28:12.483  2807  2940 I CarrierServices: [168] inq.e: Network Operator: 310260
10-31 17:28:12.483  2807  2940 I CarrierServices: [168] inq.e: carrierWithOldEcApis: false
10-31 17:28:12.483  2807  2940 I CarrierServices: [168] inq.e: hasDialerThatSupportsNewEc: false
10-31 17:28:12.483  2807  2940 I CarrierServices: [168] jsn.connect: shouldUseCarrierServicesJibeService: true, CarrierServices rcs service found: true
10-31 17:28:12.483  2807  2940 I CarrierServices: [168] jsn.connect: Binding to JibeService in CarrierServices.
10-31 17:28:12.484  2807  2807 D RcsClientLib: Service com.google.android.rcs.client.ims.ImsConnectionTrackerService connected. Will notify listeners: true
10-31 17:28:12.484  2807  2807 V BugleRcs: com.google.android.rcs.client.ims.ImsConnectionTrackerService RCS service connected
10-31 17:28:12.484  2807  2807 V BugleRcs: kicking off RCS sending/receiving
10-31 17:28:12.484  2807  2807 V BugleAction: no RCS because we're not registered
10-31 17:28:12.484  2807  2940 I CarrierServices: [168] inq.e: Network Operator: 310260
10-31 17:28:12.484  2807  2940 I CarrierServices: [168] inq.e: carrierWithOldEcApis: false
10-31 17:28:12.484  2807  2940 I CarrierServices: [168] inq.e: hasDialerThatSupportsNewEc: false
10-31 17:28:12.484  2807  2940 I CarrierServices: [168] jsn.connect: shouldUseCarrierServicesJibeService: true, CarrierServices rcs service found: true
10-31 17:28:12.484  2807  2940 I CarrierServices: [168] jsn.connect: Binding to JibeService in CarrierServices.
10-31 17:28:12.485  2807  2807 D RcsClientLib: Service com.google.android.rcs.client.profile.RcsProfileService connected. Will notify listeners: true
10-31 17:28:12.485  2807  2807 V BugleRcs: com.google.android.rcs.client.profile.RcsProfileService RCS service connected
10-31 17:28:12.485  2807  2807 V BugleRcs: kicking off RCS sending/receiving
10-31 17:28:12.485  2807  2807 V BugleAction: no RCS because we're not registered
10-31 17:28:12.485  3784  3799 W CarrierServices: [188] bmc.a: No config URL. RCS will be disabled!
10-31 17:28:12.485  2807  2807 I BugleRcs: RcsAvailability ACS url: null
10-31 17:28:12.485  2807  2940 I CarrierServices: [168] inq.e: Network Operator: 310260
10-31 17:28:12.485  2807  2940 I CarrierServices: [168] inq.e: carrierWithOldEcApis: false
10-31 17:28:12.485  2807  2940 I CarrierServices: [168] inq.e: hasDialerThatSupportsNewEc: false
10-31 17:28:12.485  2807  2940 I CarrierServices: [168] jsn.connect: shouldUseCarrierServicesJibeService: true, CarrierServices rcs service found: true
10-31 17:28:12.485  2807  2940 I CarrierServices: [168] jsn.connect: Binding to JibeService in CarrierServices.
10-31 17:28:12.485  2807  2807 D RcsClientLib: Service com.google.android.rcs.client.businessinfo.BusinessInfoService connected. Will notify listeners: true
10-31 17:28:12.485  2807  2807 V BugleRcs: com.google.android.rcs.client.businessinfo.BusinessInfoService RCS service connected
10-31 17:28:12.485  2807  2807 V BugleRcs: kicking off RCS sending/receiving
10-31 17:28:12.486  2807  2807 V BugleAction: no RCS because we're not registered
10-31 17:28:12.486  3784  3799 W CarrierServices: [188] bmc.a: No config URL. RCS will be disabled!
10-31 17:28:12.486  2807  2807 I BugleRcs: RcsAvailability ACS url: null
10-31 17:28:12.487  2807  2940 W RcsProvisioning: Failed to read configuration: /data/user/0/com.google.android.apps.messaging/files/rcsconfig (No such file or directory)
10-31 17:28:12.487  2807  2940 W RcsProvisioning: java.io.FileNotFoundException: /data/user/0/com.google.android.apps.messaging/files/rcsconfig (No such file or directory)
10-31 17:28:12.487  2807  2940 W RcsProvisioning: 	at java.io.FileInputStream.open0(Native Method)
10-31 17:28:12.487  2807  2940 W RcsProvisioning: 	at java.io.FileInputStream.open(FileInputStream.java:231)
10-31 17:28:12.487  2807  2940 W RcsProvisioning: 	at java.io.FileInputStream.<init>(FileInputStream.java:165)
10-31 17:28:12.487  2807  2940 W RcsProvisioning: 	at android.app.ContextImpl.openFileInput(ContextImpl.java:560)
10-31 17:28:12.487  2807  2940 W RcsProvisioning: 	at android.content.ContextWrapper.openFileInput(ContextWrapper.java:202)
10-31 17:28:12.487  2807  2940 W RcsProvisioning: 	at ion.a(SourceFile:2)
10-31 17:28:12.487  2807  2940 W RcsProvisioning: 	at idl.a(SourceFile:4)
10-31 17:28:12.487  2807  2940 W RcsProvisioning: 	at idm.a(SourceFile:7)
10-31 17:28:12.487  2807  2940 W RcsProvisioning: 	at com.google.android.apps.messaging.rcsmigration.RcsStateProvider.onMigrationComplete(SourceFile:27)
10-31 17:28:12.487  2807  2940 W RcsProvisioning: 	at com.google.android.ims.rcsmigration.IRcsStateProvider$Stub.dispatchTransaction(SourceFile:14)
10-31 17:28:12.487  2807  2940 W RcsProvisioning: 	at com.google.android.aidl.BaseStub.onTransact(SourceFile:18)
10-31 17:28:12.487  2807  2940 W RcsProvisioning: 	at android.os.Binder.execTransact(Binder.java:731)
10-31 17:28:12.487  2807  2940 D RcsProvisioning: Retrieving backup token
10-31 17:28:12.487  2807  2940 D RcsProvisioning: Exception while getting subscriber Id. Using default
10-31 17:28:12.587  2648  2743 D EGL_emulation: eglMakeCurrent: 0x7c5be3c9e0: ver 3 0 (tinfo 0x7c5be81320)
10-31 17:28:12.603  1878  2110 D EGL_emulation: eglMakeCurrent: 0x7c48ad9ca0: ver 3 0 (tinfo 0x7c588431c0)
10-31 17:28:12.607  1878  2110 D EGL_emulation: eglMakeCurrent: 0x7c48ad9ca0: ver 3 0 (tinfo 0x7c588431c0)
10-31 17:28:12.621  2807  2940 D RcsProvisioning: No backup token found
10-31 17:28:12.621  2807  2940 D RcsProvisioning: Clearing backup token
10-31 17:28:12.621  2807  2940 D RcsProvisioning: Exception while getting subscriber Id. Using default
10-31 17:28:12.629  2807  2940 I CarrierServices: [168] RcsStateProvider.onMigrationComplete: Deleted transfers file: false
10-31 17:28:12.630  2807  2940 W RcsProvisioning: Failed to read configuration: /data/user/0/com.google.android.apps.messaging/files/rcsconfig (No such file or directory)
10-31 17:28:12.630  2807  2940 W RcsProvisioning: java.io.FileNotFoundException: /data/user/0/com.google.android.apps.messaging/files/rcsconfig (No such file or directory)
10-31 17:28:12.630  2807  2940 W RcsProvisioning: 	at java.io.FileInputStream.open0(Native Method)
10-31 17:28:12.630  2807  2940 W RcsProvisioning: 	at java.io.FileInputStream.open(FileInputStream.java:231)
10-31 17:28:12.630  2807  2940 W RcsProvisioning: 	at java.io.FileInputStream.<init>(FileInputStream.java:165)
10-31 17:28:12.630  2807  2940 W RcsProvisioning: 	at android.app.ContextImpl.openFileInput(ContextImpl.java:560)
10-31 17:28:12.630  2807  2940 W RcsProvisioning: 	at android.content.ContextWrapper.openFileInput(ContextWrapper.java:202)
10-31 17:28:12.630  2807  2940 W RcsProvisioning: 	at ion.a(SourceFile:2)
10-31 17:28:12.630  2807  2940 W RcsProvisioning: 	at idl.a(SourceFile:4)
10-31 17:28:12.630  2807  2940 W RcsProvisioning: 	at idm.a(SourceFile:7)
10-31 17:28:12.630  2807  2940 W RcsProvisioning: 	at iez.buildConferencesFileName(SourceFile:30)
10-31 17:28:12.630  2807  2940 W RcsProvisioning: 	at com.google.android.apps.messaging.rcsmigration.RcsStateProvider.onMigrationComplete(SourceFile:48)
10-31 17:28:12.630  2807  2940 W RcsProvisioning: 	at com.google.android.ims.rcsmigration.IRcsStateProvider$Stub.dispatchTransaction(SourceFile:14)
10-31 17:28:12.630  2807  2940 W RcsProvisioning: 	at com.google.android.aidl.BaseStub.onTransact(SourceFile:18)
10-31 17:28:12.630  2807  2940 W RcsProvisioning: 	at android.os.Binder.execTransact(Binder.java:731)
10-31 17:28:12.630  2807  2940 D RcsProvisioning: Retrieving backup token
10-31 17:28:12.630  2807  2940 D RcsProvisioning: Exception while getting subscriber Id. Using default
10-31 17:28:12.637  1532  1647 W SurfaceFlinger: Attempting to set client state on removed layer: Splash Screen de.danoeh.antennapod#0
10-31 17:28:12.637  1532  1647 W SurfaceFlinger: Attempting to destroy on removed layer: Splash Screen de.danoeh.antennapod#0
10-31 17:28:12.773  2807  2940 D RcsProvisioning: No backup token found
10-31 17:28:12.779  3784  3784 I CarrierServices: [2] aww.a: Unbinding RcsMigrationService
10-31 17:28:12.782  1691  1816 I GnssLocationProvider: WakeLock acquired by sendMessage(REPORT_SV_STATUS, 0, com.android.server.location.GnssLocationProvider$SvStatusInfo@e430789)
10-31 17:28:12.782  1691  1705 I GnssLocationProvider: WakeLock released by handleMessage(REPORT_SV_STATUS, 0, com.android.server.location.GnssLocationProvider$SvStatusInfo@e430789)
10-31 17:28:13.472  9072  9072 I Choreographer: Skipped 60 frames!  The application may be doing too much work on its main thread.
10-31 17:28:13.512  9072  9096 I OpenGLRenderer: Davey! duration=1051ms; Flags=0, IntendedVsync=209228642398, Vsync=210228642358, OldestInputEvent=9223372036854775807, NewestInputEvent=0, HandleInputStart=210240411057, AnimationStart=210240427016, PerformTraversalsStart=210240427474, DrawStart=210240478099, SyncQueued=210240481432, SyncStart=210240486224, IssueDrawCommandsStart=210240498932, SwapBuffers=210240739182, FrameCompleted=210280383307, DequeueBufferDuration=92000, QueueBufferDuration=80000, 
10-31 17:28:13.786  1691  1816 I GnssLocationProvider: WakeLock acquired by sendMessage(REPORT_SV_STATUS, 0, com.android.server.location.GnssLocationProvider$SvStatusInfo@69497af)
10-31 17:28:13.787  1691  1705 I GnssLocationProvider: WakeLock released by handleMessage(REPORT_SV_STATUS, 0, com.android.server.location.GnssLocationProvider$SvStatusInfo@69497af)
10-31 17:28:13.917  2894  2894 I GoogleInputMethod: onFinishInput() : Dummy InputConnection bound
10-31 17:28:13.917  2894  2894 I GoogleInputMethod: onStartInput() : Dummy InputConnection bound
10-31 17:28:14.793  1691  1816 I GnssLocationProvider: WakeLock acquired by sendMessage(REPORT_SV_STATUS, 0, com.android.server.location.GnssLocationProvider$SvStatusInfo@deaea9a)
10-31 17:28:14.799  1691  1705 I GnssLocationProvider: WakeLock released by handleMessage(REPORT_SV_STATUS, 0, com.android.server.location.GnssLocationProvider$SvStatusInfo@deaea9a)
10-31 17:28:15.376  4939  9021 W AdaptiveDiscoveryWorker: Exiting Adaptive Discovery. Current NetworkInfo is NULL.
10-31 17:28:15.794  1691  1816 I GnssLocationProvider: WakeLock acquired by sendMessage(REPORT_SV_STATUS, 0, com.android.server.location.GnssLocationProvider$SvStatusInfo@d9cffcb)
10-31 17:28:15.794  1691  1705 I GnssLocationProvider: WakeLock released by handleMessage(REPORT_SV_STATUS, 0, com.android.server.location.GnssLocationProvider$SvStatusInfo@d9cffcb)
10-31 17:28:15.797  1691  1825 E TaskPersister: File error accessing recents directory (directory doesn't exist?).
10-31 17:28:16.533  9024  9039 I com.android.mt: Waiting for a blocking GC ProfileSaver
10-31 17:28:16.543  9024  9039 I com.android.mt: WaitForGcToComplete blocked ProfileSaver on HeapTrim for 10.014ms
10-31 17:28:16.800  1691  1816 I GnssLocationProvider: WakeLock acquired by sendMessage(REPORT_SV_STATUS, 0, com.android.server.location.GnssLocationProvider$SvStatusInfo@3caf3a8)
10-31 17:28:16.801  1691  1705 I GnssLocationProvider: WakeLock released by handleMessage(REPORT_SV_STATUS, 0, com.android.server.location.GnssLocationProvider$SvStatusInfo@3caf3a8)
10-31 17:28:17.805  1691  1816 I GnssLocationProvider: WakeLock acquired by sendMessage(REPORT_SV_STATUS, 0, com.android.server.location.GnssLocationProvider$SvStatusInfo@f971ec1)
10-31 17:28:17.806  1691  1705 I GnssLocationProvider: WakeLock released by handleMessage(REPORT_SV_STATUS, 0, com.android.server.location.GnssLocationProvider$SvStatusInfo@f971ec1)
10-31 17:28:18.806  1691  1816 I GnssLocationProvider: WakeLock acquired by sendMessage(REPORT_SV_STATUS, 0, com.android.server.location.GnssLocationProvider$SvStatusInfo@8fd1666)
10-31 17:28:18.807  1691  1705 I GnssLocationProvider: WakeLock released by handleMessage(REPORT_SV_STATUS, 0, com.android.server.location.GnssLocationProvider$SvStatusInfo@8fd1666)
10-31 17:28:19.808  1691  1816 I GnssLocationProvider: WakeLock acquired by sendMessage(REPORT_SV_STATUS, 0, com.android.server.location.GnssLocationProvider$SvStatusInfo@979cda7)
10-31 17:28:19.808  1691  1705 I GnssLocationProvider: WakeLock released by handleMessage(REPORT_SV_STATUS, 0, com.android.server.location.GnssLocationProvider$SvStatusInfo@979cda7)
10-31 17:28:20.816  1691  1816 I GnssLocationProvider: WakeLock acquired by sendMessage(REPORT_SV_STATUS, 0, com.android.server.location.GnssLocationProvider$SvStatusInfo@bafa254)
10-31 17:28:20.817  1691  1705 I GnssLocationProvider: WakeLock released by handleMessage(REPORT_SV_STATUS, 0, com.android.server.location.GnssLocationProvider$SvStatusInfo@bafa254)
10-31 17:28:21.234  1691  1706 W BroadcastQueue: Background execution not allowed: receiving Intent { act=android.intent.action.DROPBOX_ENTRY_ADDED flg=0x10 (has extras) } to com.google.android.gms/.stats.service.DropBoxEntryAddedReceiver
10-31 17:28:21.234  1691  1706 W BroadcastQueue: Background execution not allowed: receiving Intent { act=android.intent.action.DROPBOX_ENTRY_ADDED flg=0x10 (has extras) } to com.google.android.gms/.chimera.GmsIntentOperationService$PersistentTrustedReceiver
10-31 17:28:21.242  1691  1706 W BroadcastQueue: Background execution not allowed: receiving Intent { act=android.intent.action.DROPBOX_ENTRY_ADDED flg=0x10 (has extras) } to com.google.android.gms/.stats.service.DropBoxEntryAddedReceiver
10-31 17:28:21.242  1691  1706 W BroadcastQueue: Background execution not allowed: receiving Intent { act=android.intent.action.DROPBOX_ENTRY_ADDED flg=0x10 (has extras) } to com.google.android.gms/.chimera.GmsIntentOperationService$PersistentTrustedReceiver
10-31 17:28:21.249  1691  1706 W BroadcastQueue: Background execution not allowed: receiving Intent { act=android.intent.action.DROPBOX_ENTRY_ADDED flg=0x10 (has extras) } to com.google.android.gms/.stats.service.DropBoxEntryAddedReceiver
10-31 17:28:21.250  1691  1706 W BroadcastQueue: Background execution not allowed: receiving Intent { act=android.intent.action.DROPBOX_ENTRY_ADDED flg=0x10 (has extras) } to com.google.android.gms/.chimera.GmsIntentOperationService$PersistentTrustedReceiver
10-31 17:28:21.250  1691  1706 W BroadcastQueue: Background execution not allowed: receiving Intent { act=android.intent.action.DROPBOX_ENTRY_ADDED flg=0x10 (has extras) } to com.google.android.gms/.stats.service.DropBoxEntryAddedReceiver
10-31 17:28:21.250  1691  1706 W BroadcastQueue: Background execution not allowed: receiving Intent { act=android.intent.action.DROPBOX_ENTRY_ADDED flg=0x10 (has extras) } to com.google.android.gms/.chimera.GmsIntentOperationService$PersistentTrustedReceiver
10-31 17:28:21.619  1691  1985 I ActivityManager: Killing 4182:com.google.android.deskclock/u0a80 (adj 906): empty #17
10-31 17:28:21.620  1691  1709 W libprocessgroup: kill(-4182, 9) failed: No such process
10-31 17:28:21.662  1691  1709 I chatty  : uid=1000(system) ActivityManager identical 1 line
10-31 17:28:21.703  1691  1709 W libprocessgroup: kill(-4182, 9) failed: No such process
10-31 17:28:21.704  1533  1533 I Zygote  : Process 4182 exited due to signal (9)
10-31 17:28:21.742  1691  1709 W libprocessgroup: kill(-4182, 9) failed: No such process
10-31 17:28:21.742  1691  1709 I libprocessgroup: Successfully killed process cgroup uid 10080 pid 4182 in 121ms
10-31 17:28:21.820  1691  1816 I GnssLocationProvider: WakeLock acquired by sendMessage(REPORT_SV_STATUS, 0, com.android.server.location.GnssLocationProvider$SvStatusInfo@6843a31)
10-31 17:28:21.821  1691  1705 I GnssLocationProvider: WakeLock released by handleMessage(REPORT_SV_STATUS, 0, com.android.server.location.GnssLocationProvider$SvStatusInfo@6843a31)
10-31 17:28:22.821  1691  1816 I GnssLocationProvider: WakeLock acquired by sendMessage(REPORT_SV_STATUS, 0, com.android.server.location.GnssLocationProvider$SvStatusInfo@2ede516)
10-31 17:28:22.823  1691  1705 I GnssLocationProvider: WakeLock released by handleMessage(REPORT_SV_STATUS, 0, com.android.server.location.GnssLocationProvider$SvStatusInfo@2ede516)
10-31 17:28:23.515  3886  4658 I Dialer  : OmtpVvmCarrierCfgHlpr - OmtpEvent:CONFIG_STATUS_SMS_TIME_OUT
10-31 17:28:23.515  3886  3886 I Dialer  : RetryPolicy - discarding deferred status: configuration_state=4
10-31 17:28:23.518  3886  3886 I Dialer  : VvmTaskExecutor - no more tasks, stopping service if no task are added in 5000 millis
10-31 17:28:23.520  1691  1705 E memtrack: Couldn't load memtrack module
10-31 17:28:23.520  1691  1705 W android.os.Debug: failed to get memory consumption info: -1
10-31 17:28:23.525  3886  3886 I Dialer  : VvmTaskReceiver - task received
10-31 17:28:23.525  3886  3886 I Dialer  : VvmTaskReceiver - TaskExecutor already running
10-31 17:28:23.525  3886  3886 I Dialer  : Task.createTask - create task:com.android.voicemail.impl.ActivationTask
10-31 17:28:23.525  3886  3886 I Dialer  : RetryPolicy - retry #3 for com.android.voicemail.impl.ActivationTask@d144969 queued, executing in 5000
10-31 17:28:23.525  3886  3886 I Dialer  : VvmTaskExecutor - com.android.voicemail.impl.ActivationTask@d144969 added
10-31 17:28:23.525  3886  3886 I Dialer  : VvmTaskExecutor - minimal wait time:5000
10-31 17:28:23.525  3886  3886 I Dialer  : VvmTaskExecutor - sleep for 5000 millis
10-31 17:28:23.823  1691  1816 I GnssLocationProvider: WakeLock acquired by sendMessage(REPORT_SV_STATUS, 0, com.android.server.location.GnssLocationProvider$SvStatusInfo@54568f0)
10-31 17:28:23.825  1691  1705 I GnssLocationProvider: WakeLock released by handleMessage(REPORT_SV_STATUS, 0, com.android.server.location.GnssLocationProvider$SvStatusInfo@54568f0)
10-31 17:28:24.834  1691  1816 I GnssLocationProvider: WakeLock acquired by sendMessage(REPORT_SV_STATUS, 0, com.android.server.location.GnssLocationProvider$SvStatusInfo@e26fe69)
10-31 17:28:24.837  1691  1705 I GnssLocationProvider: WakeLock released by handleMessage(REPORT_SV_STATUS, 0, com.android.server.location.GnssLocationProvider$SvStatusInfo@e26fe69)
10-31 17:28:25.836  1691  1816 I GnssLocationProvider: WakeLock acquired by sendMessage(REPORT_SV_STATUS, 0, com.android.server.location.GnssLocationProvider$SvStatusInfo@65480ee)
10-31 17:28:25.839  1691  1705 I GnssLocationProvider: WakeLock released by handleMessage(REPORT_SV_STATUS, 0, com.android.server.location.GnssLocationProvider$SvStatusInfo@65480ee)
10-31 17:28:26.444  4844  4844 D BoundBrokerSvc: onUnbind: Intent { act=com.google.android.gms.scheduler.ACTION_PROXY_SCHEDULE cmp=com.google.android.gms/.chimera.PersistentInternalBoundBrokerService }
10-31 17:28:26.840  1691  1816 I GnssLocationProvider: WakeLock acquired by sendMessage(REPORT_SV_STATUS, 0, com.android.server.location.GnssLocationProvider$SvStatusInfo@757998f)
10-31 17:28:26.841  1691  1705 I GnssLocationProvider: WakeLock released by handleMessage(REPORT_SV_STATUS, 0, com.android.server.location.GnssLocationProvider$SvStatusInfo@757998f)
10-31 17:28:27.370  9145  9145 D AndroidRuntime: >>>>>> START com.android.internal.os.RuntimeInit uid 2000 <<<<<<
10-31 17:28:27.392  9145  9145 I app_process: The ClassLoaderContext is a special shared library.
10-31 17:28:27.399  9145  9145 D AndroidRuntime: Calling main entry com.android.commands.content.Content
10-31 17:28:27.401  1691  1691 V SettingsProvider: Notifying for 0: content://settings/system/accelerometer_rotation
10-31 17:28:27.402  9145  9145 D AndroidRuntime: Shutting down VM
10-31 17:28:27.492  9155  9155 D AndroidRuntime: >>>>>> START com.android.internal.os.RuntimeInit uid 2000 <<<<<<
10-31 17:28:27.513  9155  9155 I app_process: The ClassLoaderContext is a special shared library.
10-31 17:28:27.520  9155  9155 D AndroidRuntime: Calling main entry com.android.commands.content.Content
10-31 17:28:27.522  1691  1691 V SettingsProvider: Notifying for 0: content://settings/system/user_rotation
10-31 17:28:27.523  9155  9155 D AndroidRuntime: Shutting down VM
10-31 17:28:27.587  2894  2894 E AndroidIME: evo: Failed to dump cda
10-31 17:28:27.587  2894  2894 E AndroidIME: java.lang.NullPointerException: Attempt to invoke virtual method 'boolean cxn.a(android.content.Context, java.util.Locale)' on a null object reference
10-31 17:28:27.587  2894  2894 E AndroidIME: 	at com.google.android.apps.inputmethod.libs.search.nativecard.FeatureCardNoticeExtension.a(PG:132)
10-31 17:28:27.587  2894  2894 E AndroidIME: 	at cda.a(PG:352)
10-31 17:28:27.587  2894  2894 E AndroidIME: 	at evo.a(PG:20)
10-31 17:28:27.587  2894  2894 E AndroidIME: 	at bgm.a(PG:2502)
10-31 17:28:27.587  2894  2894 E AndroidIME: 	at com.android.inputmethod.latin.LatinIME.a(PG:573)
10-31 17:28:27.587  2894  2894 E AndroidIME: 	at bgm.dump(PG:2496)
10-31 17:28:27.587  2894  2894 E AndroidIME: 	at android.inputmethodservice.IInputMethodWrapper.executeMessage(IInputMethodWrapper.java:151)
10-31 17:28:27.587  2894  2894 E AndroidIME: 	at com.android.internal.os.HandlerCaller$MyHandler.handleMessage(HandlerCaller.java:37)
10-31 17:28:27.587  2894  2894 E AndroidIME: 	at android.os.Handler.dispatchMessage(Handler.java:106)
10-31 17:28:27.587  2894  2894 E AndroidIME: 	at android.os.Looper.loop(Looper.java:193)
10-31 17:28:27.587  2894  2894 E AndroidIME: 	at android.app.ActivityThread.main(ActivityThread.java:6669)
10-31 17:28:27.587  2894  2894 E AndroidIME: 	at java.lang.reflect.Method.invoke(Native Method)
10-31 17:28:27.587  2894  2894 E AndroidIME: 	at com.android.internal.os.RuntimeInit$MethodAndArgsCaller.run(RuntimeInit.java:493)
10-31 17:28:27.587  2894  2894 E AndroidIME: 	at com.android.internal.os.ZygoteInit.main(ZygoteInit.java:858)
10-31 17:28:27.843  1691  1816 I GnssLocationProvider: WakeLock acquired by sendMessage(REPORT_SV_STATUS, 0, com.android.server.location.GnssLocationProvider$SvStatusInfo@772dab4)
10-31 17:28:27.843  1691  1705 I GnssLocationProvider: WakeLock released by handleMessage(REPORT_SV_STATUS, 0, com.android.server.location.GnssLocationProvider$SvStatusInfo@772dab4)
10-31 17:28:28.521  9188  9188 D AndroidRuntime: >>>>>> START com.android.internal.os.RuntimeInit uid 2000 <<<<<<
10-31 17:28:28.544  9188  9188 I app_process: The ClassLoaderContext is a special shared library.
10-31 17:28:28.545  9188  9188 I app_process: The ClassLoaderContext is a special shared library.
10-31 17:28:28.551  9188  9188 D AndroidRuntime: Calling main entry com.android.commands.uiautomator.Launcher
10-31 17:28:28.560  1691  1691 V SettingsProvider: Notifying for 0: content://settings/secure/accessibility_enabled
10-31 17:28:28.565  3886  4658 I Dialer  : VvmTaskExecutor - executing task com.android.voicemail.impl.ActivationTask@d144969
10-31 17:28:28.565  3886  4658 I Dialer  : PreOMigrationHandler - ComponentInfo{com.android.phone/com.android.services.telephony.TelephonyConnectionService}, ***, UserHandle{0} already migrated
10-31 17:28:28.579  2287  2511 I VoicemailNotifier: receivers for android.intent.action.PROVIDER_CHANGED :[]
10-31 17:28:28.579  3886  4658 I Dialer  : VvmActivationTask - VVM content provider configured - vvm_type_cvvm
10-31 17:28:28.580  3886  4658 I Dialer  : OmtpVvmCarrierCfgHlpr - OmtpEvent:CONFIG_ACTIVATING
10-31 17:28:28.584  2287  7236 I VoicemailNotifier: receivers for android.intent.action.PROVIDER_CHANGED :[]
10-31 17:28:28.699  4939  9201 I NewModuleHelper: Received com.google.android.chimera.container.NEW_MODULE_TIMEOUT with retries remaining: 3
10-31 17:28:28.707  4939  9201 I ChimeraConfigurator: Starting update, reason: 4 urgentFeatures: vision.ocr:-1
10-31 17:28:28.716  4844  4878 I NetworkScheduler.Stats: Task com.google.android.gms/com.google.android.gms.tapandpay.gcmtask.TapAndPayGcmTaskService started execution. cause:4 exec_start_elapsed_seconds: 225 [CONTEXT service_id=218 ]
10-31 17:28:28.717  4844  9014 W TapAndPay: platformSupportsGooglePay: true [CONTEXT service_id=79 ]
10-31 17:28:28.717  4844  9014 W TapAndPay: hasManagedProfile: false [CONTEXT service_id=79 ]
10-31 17:28:28.717  4844  9014 W TapAndPay: isChromeOsDevice: false [CONTEXT service_id=79 ]
10-31 17:28:28.717  4844  9014 W TapAndPay: isUncertifiedDevice: false [CONTEXT service_id=79 ]
10-31 17:28:28.717  4844  9014 W TapAndPay: deviceSupportsTokenization: true [CONTEXT service_id=79 ]
10-31 17:28:28.717  4844  9014 W TapAndPay: isGooglePayEnabled: true [CONTEXT service_id=79 ]
10-31 17:28:28.718  4844  9014 V NFC     : this device does not have NFC support
10-31 17:28:28.718  4844  9014 W TapAndPay: NfcAdapter is null while obtaining CardEmulation instance. [CONTEXT service_id=79 ]
10-31 17:28:28.718  4844  9014 W TapAndPay: java.lang.NullPointerException: NfcAdapter is null
10-31 17:28:28.718  4844  9014 W TapAndPay: 	at android.nfc.cardemulation.CardEmulation.getInstance(CardEmulation.java:146)
10-31 17:28:28.718  4844  9014 W TapAndPay: 	at beyo.<init>(:com.google.android.gms@214515028@21.45.15 (100400-411636772):0)
10-31 17:28:28.718  4844  9014 W TapAndPay: 	at com.google.android.gms.tapandpay.hce.task.TapAndPayAidRegistrationTaskOperation.a(:com.google.android.gms@214515028@21.45.15 (100400-411636772):5)
10-31 17:28:28.718  4844  9014 W TapAndPay: 	at com.google.android.gms.tapandpay.gcmtask.TapAndPayGcmTaskChimeraService.a(:com.google.android.gms@214515028@21.45.15 (100400-411636772):4)
10-31 17:28:28.718  4844  9014 W TapAndPay: 	at alzw.call(:com.google.android.gms@214515028@21.45.15 (100400-411636772):4)
10-31 17:28:28.718  4844  9014 W TapAndPay: 	at java.util.concurrent.FutureTask.run(FutureTask.java:266)
10-31 17:28:28.718  4844  9014 W TapAndPay: 	at xue.c(:com.google.android.gms@214515028@21.45.15 (100400-411636772):6)
10-31 17:28:28.718  4844  9014 W TapAndPay: 	at xue.run(:com.google.android.gms@214515028@21.45.15 (100400-411636772):7)
10-31 17:28:28.718  4844  9014 W TapAndPay: 	at java.util.concurrent.ThreadPoolExecutor.runWorker(ThreadPoolExecutor.java:1167)
10-31 17:28:28.718  4844  9014 W TapAndPay: 	at java.util.concurrent.ThreadPoolExecutor$Worker.run(ThreadPoolExecutor.java:641)
10-31 17:28:28.718  4844  9014 W TapAndPay: 	at yae.run(:com.google.android.gms@214515028@21.45.15 (100400-411636772):0)
10-31 17:28:28.718  4844  9014 W TapAndPay: 	at java.lang.Thread.run(Thread.java:764)
10-31 17:28:28.720  4939  9201 I GmsDebugLogger: [73] 1801
10-31 17:28:28.720  4939  9201 I GmsDebugLogger: [30] [VisionOcr.optional:214515100400]
10-31 17:28:28.722  4939  9201 W ChimeraConfigService: Retry attempt was throttled. [CONTEXT service_id=264 ]
10-31 17:28:28.722  4939  9201 I GmsDebugLogger: [83] 1 [vision.ocr]
10-31 17:28:28.726  4939  9202 W Vision  : Request for optional module download of ocr failed. Request again.
10-31 17:28:28.726  4939  9202 I Vision  : Schedule retrying download ocr at 225494 with backoff 160 seconds
10-31 17:28:28.727  4844  9013 I NetworkScheduler.Stats: Task com.google.android.gms/com.google.android.gms.tapandpay.gcmtask.TapAndPayGcmTaskService finished executing. cause:4 result: 3 elapsed_millis: 18 uptime_millis: 18 exec_start_elapsed_seconds: 225 [CONTEXT service_id=218 ]
10-31 17:28:28.733  4844  9013 I NetworkScheduler.Stats: Task com.google.android.gms/com.google.android.gms.auth.account.be.legacy.AuthCronService started execution. cause:4 exec_start_elapsed_seconds: 225 [CONTEXT service_id=218 ]
10-31 17:28:28.746  4844  5180 W TapAndPay: platformSupportsGooglePay: true [CONTEXT service_id=79 ]
10-31 17:28:28.746  4844  5180 W TapAndPay: hasManagedProfile: false [CONTEXT service_id=79 ]
10-31 17:28:28.746  4844  5180 W TapAndPay: isChromeOsDevice: false [CONTEXT service_id=79 ]
10-31 17:28:28.746  4844  5180 W TapAndPay: isUncertifiedDevice: false [CONTEXT service_id=79 ]
10-31 17:28:28.746  4844  5180 W TapAndPay: deviceSupportsTokenization: true [CONTEXT service_id=79 ]
10-31 17:28:28.746  4844  5180 W TapAndPay: isGooglePayEnabled: true [CONTEXT service_id=79 ]
10-31 17:28:28.747  4844  9014 I NetworkScheduler.Stats: Task com.google.android.gms/com.google.android.gms.tapandpay.gcmtask.TapAndPayGcmTaskService started execution. cause:5 exec_start_elapsed_seconds: 225 [CONTEXT service_id=218 ]
10-31 17:28:28.748  4844  9013 I NetworkScheduler.Stats: Task com.google.android.gms/com.google.android.gms.tapandpay.gcmtask.TapAndPayGcmTaskService finished executing. cause:5 result: 1 elapsed_millis: 4 uptime_millis: 4 exec_start_elapsed_seconds: 225 [CONTEXT service_id=218 ]
10-31 17:28:28.843  1691  1816 I GnssLocationProvider: WakeLock acquired by sendMessage(REPORT_SV_STATUS, 0, com.android.server.location.GnssLocationProvider$SvStatusInfo@871ae5f)
10-31 17:28:28.843  1691  1705 I GnssLocationProvider: WakeLock released by handleMessage(REPORT_SV_STATUS, 0, com.android.server.location.GnssLocationProvider$SvStatusInfo@871ae5f)
10-31 17:28:28.864  4844  4844 D BoundBrokerSvc: onBind: Intent { act=com.google.android.gms.scheduler.ACTION_PROXY_SCHEDULE cmp=com.google.android.gms/.chimera.PersistentInternalBoundBrokerService }
