03-20 18:48:46.887 11611 11759 I A       : Using proto config with mendel
03-20 18:48:47.424  1877  2158 I GnssLocationProvider: WakeLock acquired by sendMessage(REPORT_SV_STATUS, 0, com.android.server.location.GnssLocationProvider$SvStatusInfo@bdb658b)
03-20 18:48:47.425  1877  1890 I GnssLocationProvider: WakeLock released by handleMessage(REPORT_SV_STATUS, 0, com.android.server.location.GnssLocationProvider$SvStatusInfo@bdb658b)
03-20 18:48:47.452  1877  1895 E BatteryExternalStatsWorker: no controller energy info supplied for wifi
03-20 18:48:48.003  1877  2479 V BackupManagerConstants: getFullBackupRequiredNetworkType(...) returns 2
03-20 18:48:48.003  1877  2479 V BackupManagerConstants: getFullBackupRequireCharging(...) returns true
03-20 18:48:48.036  1635  1635 D gralloc_ranchu: gralloc_alloc: Creating ashmem region of size 7655424
03-20 18:48:48.428  1877  2158 I GnssLocationProvider: WakeLock acquired by sendMessage(REPORT_SV_STATUS, 0, com.android.server.location.GnssLocationProvider$SvStatusInfo@3e45a81)
03-20 18:48:48.428  1877  1890 I GnssLocationProvider: WakeLock released by handleMessage(REPORT_SV_STATUS, 0, com.android.server.location.GnssLocationProvider$SvStatusInfo@3e45a81)
03-20 18:48:49.432  1877  2158 I GnssLocationProvider: WakeLock acquired by sendMessage(REPORT_SV_STATUS, 0, com.android.server.location.GnssLocationProvider$SvStatusInfo@c940726)
03-20 18:48:49.432  1877  1890 I GnssLocationProvider: WakeLock released by handleMessage(REPORT_SV_STATUS, 0, com.android.server.location.GnssLocationProvider$SvStatusInfo@c940726)
03-20 18:48:50.291 16124 16137 I d.process.acor: Waiting for a blocking GC ProfileSaver
03-20 18:48:50.299 16124 16137 I d.process.acor: WaitForGcToComplete blocked ProfileSaver on HeapTrim for 7.533ms
03-20 18:48:50.432  1877  2158 I GnssLocationProvider: WakeLock acquired by sendMessage(REPORT_SV_STATUS, 0, com.android.server.location.GnssLocationProvider$SvStatusInfo@298cf67)
03-20 18:48:50.433  1877  1890 I GnssLocationProvider: WakeLock released by handleMessage(REPORT_SV_STATUS, 0, com.android.server.location.GnssLocationProvider$SvStatusInfo@298cf67)
03-20 18:48:51.436  1877  2158 I GnssLocationProvider: WakeLock acquired by sendMessage(REPORT_SV_STATUS, 0, com.android.server.location.GnssLocationProvider$SvStatusInfo@aebe114)
03-20 18:48:51.437  1877  1890 I GnssLocationProvider: WakeLock released by handleMessage(REPORT_SV_STATUS, 0, com.android.server.location.GnssLocationProvider$SvStatusInfo@aebe114)
03-20 18:48:52.436  1877  2158 I GnssLocationProvider: WakeLock acquired by sendMessage(REPORT_SV_STATUS, 0, com.android.server.location.GnssLocationProvider$SvStatusInfo@e7b1dbd)
03-20 18:48:52.437  1877  1890 I GnssLocationProvider: WakeLock released by handleMessage(REPORT_SV_STATUS, 0, com.android.server.location.GnssLocationProvider$SvStatusInfo@e7b1dbd)
03-20 18:48:53.173  1877  1890 E memtrack: Couldn't load memtrack module
03-20 18:48:53.173  1877  1890 W android.os.Debug: failed to get memory consumption info: -1
03-20 18:48:53.183  1877  1890 E memtrack: Couldn't load memtrack module
03-20 18:48:53.183  1877  1890 W android.os.Debug: failed to get memory consumption info: -1
03-20 18:48:53.193  1877  1890 E memtrack: Couldn't load memtrack module
03-20 18:48:53.193  1877  1890 W android.os.Debug: failed to get memory consumption info: -1
03-20 18:48:53.203  1877  1890 E memtrack: Couldn't load memtrack module
03-20 18:48:53.204  1877  1890 W android.os.Debug: failed to get memory consumption info: -1
03-20 18:48:53.212  1877  1890 E memtrack: Couldn't load memtrack module
03-20 18:48:53.212  1877  1890 W android.os.Debug: failed to get memory consumption info: -1
03-20 18:48:53.436  1877  2158 I GnssLocationProvider: WakeLock acquired by sendMessage(REPORT_SV_STATUS, 0, com.android.server.location.GnssLocationProvider$SvStatusInfo@aa96fb2)
03-20 18:48:53.437  1877  1890 I GnssLocationProvider: WakeLock released by handleMessage(REPORT_SV_STATUS, 0, com.android.server.location.GnssLocationProvider$SvStatusInfo@aa96fb2)
03-20 18:48:54.436  1877  2158 I GnssLocationProvider: WakeLock acquired by sendMessage(REPORT_SV_STATUS, 0, com.android.server.location.GnssLocationProvider$SvStatusInfo@fd8fb03)
03-20 18:48:54.437  1877  1890 I GnssLocationProvider: WakeLock released by handleMessage(REPORT_SV_STATUS, 0, com.android.server.location.GnssLocationProvider$SvStatusInfo@fd8fb03)
03-20 18:48:55.436  1877  2158 I GnssLocationProvider: WakeLock acquired by sendMessage(REPORT_SV_STATUS, 0, com.android.server.location.GnssLocationProvider$SvStatusInfo@32ffa80)
03-20 18:48:55.437  1877  1890 I GnssLocationProvider: WakeLock released by handleMessage(REPORT_SV_STATUS, 0, com.android.server.location.GnssLocationProvider$SvStatusInfo@32ffa80)
03-20 18:48:56.440  1877  2158 I GnssLocationProvider: WakeLock acquired by sendMessage(REPORT_SV_STATUS, 0, com.android.server.location.GnssLocationProvider$SvStatusInfo@8c0d8b9)
03-20 18:48:56.443  1877  1890 I GnssLocationProvider: WakeLock released by handleMessage(REPORT_SV_STATUS, 0, com.android.server.location.GnssLocationProvider$SvStatusInfo@8c0d8b9)
03-20 18:48:56.761 11611 11759 I WorkerManager: dispose()
03-20 18:48:56.764 11611 11759 W A       : (REDACTED) Queue length for executor %s is now %d. Perhaps some tasks are too long, or the pool is too small.
03-20 18:48:57.445  1877  2158 I GnssLocationProvider: WakeLock acquired by sendMessage(REPORT_SV_STATUS, 0, com.android.server.location.GnssLocationProvider$SvStatusInfo@43ad4fe)
03-20 18:48:57.447  1877  1890 I GnssLocationProvider: WakeLock released by handleMessage(REPORT_SV_STATUS, 0, com.android.server.location.GnssLocationProvider$SvStatusInfo@43ad4fe)
03-20 18:48:58.449  1877  2158 I GnssLocationProvider: WakeLock acquired by sendMessage(REPORT_SV_STATUS, 0, com.android.server.location.GnssLocationProvider$SvStatusInfo@466445f)
03-20 18:48:58.451  1877  1890 I GnssLocationProvider: WakeLock released by handleMessage(REPORT_SV_STATUS, 0, com.android.server.location.GnssLocationProvider$SvStatusInfo@466445f)
03-20 18:48:59.454  1877  2158 I GnssLocationProvider: WakeLock acquired by sendMessage(REPORT_SV_STATUS, 0, com.android.server.location.GnssLocationProvider$SvStatusInfo@8da3eac)
03-20 18:48:59.455  1877  1890 I GnssLocationProvider: WakeLock released by handleMessage(REPORT_SV_STATUS, 0, com.android.server.location.GnssLocationProvider$SvStatusInfo@8da3eac)
03-20 18:49:00.009  1877  1890 E memtrack: Couldn't load memtrack module
03-20 18:49:00.009  1877  1890 W android.os.Debug: failed to get memory consumption info: -1
03-20 18:49:00.018  1877  1890 E memtrack: Couldn't load memtrack module
03-20 18:49:00.018  1877  1890 W android.os.Debug: failed to get memory consumption info: -1
03-20 18:49:00.023  2020  2251 D EGL_emulation: eglMakeCurrent: 0xd377d1e0: ver 3 0 (tinfo 0xe75d8b60)
03-20 18:49:00.454  1877  2158 I GnssLocationProvider: WakeLock acquired by sendMessage(REPORT_SV_STATUS, 0, com.android.server.location.GnssLocationProvider$SvStatusInfo@feb430a)
03-20 18:49:00.455  1877  1890 I GnssLocationProvider: WakeLock released by handleMessage(REPORT_SV_STATUS, 0, com.android.server.location.GnssLocationProvider$SvStatusInfo@feb430a)
03-20 18:49:00.507  6787  6787 D BoundBrokerSvc: onUnbind: Intent { act=com.google.android.gms.feedback.internal.IFeedbackService dat=chimera-action: cmp=com.google.android.gms/.chimera.GmsBoundBrokerService }
03-20 18:49:00.519  1877  4043 I ActivityManager: Killing 31413:android.process.media/u0a15 (adj 906): empty for 2062s
03-20 18:49:00.523  1877  1894 W libprocessgroup: kill(-31413, 9) failed: No such process
03-20 18:49:00.563  1877  1894 W libprocessgroup: kill(-31413, 9) failed: No such process
03-20 18:49:00.588  1738  1738 I Zygote  : Process 31413 exited due to signal (9)
03-20 18:49:00.603  1877  1894 W libprocessgroup: kill(-31413, 9) failed: No such process
03-20 18:49:00.604  1877  1894 I libprocessgroup: Successfully killed process cgroup uid 10015 pid 31413 in 81ms
03-20 18:49:01.048 16227 16227 D AndroidRuntime: >>>>>> START com.android.internal.os.RuntimeInit uid 2000 <<<<<<
03-20 18:49:01.105 16227 16227 W app_process: Unexpected CPU variant for X86 using defaults: x86
03-20 18:49:01.108 16227 16227 I app_process: The ClassLoaderContext is a special shared library.
03-20 18:49:01.126 16227 16227 D AndroidRuntime: Calling main entry com.android.commands.content.Content
03-20 18:49:01.132  1877  1877 V SettingsProvider: Notifying for 0: content://settings/system/accelerometer_rotation
03-20 18:49:01.132 16227 16227 D AndroidRuntime: Shutting down VM
03-20 18:49:01.264 16239 16239 D AndroidRuntime: >>>>>> START com.android.internal.os.RuntimeInit uid 2000 <<<<<<
03-20 18:49:01.267 16239 16239 W app_process: Could not reserve sentinel fault page
03-20 18:49:01.300 16239 16239 W app_process: Unexpected CPU variant for X86 using defaults: x86
03-20 18:49:01.302 16239 16239 I app_process: The ClassLoaderContext is a special shared library.
03-20 18:49:01.319 16239 16239 D AndroidRuntime: Calling main entry com.android.commands.content.Content
03-20 18:49:01.326  1877  1877 V SettingsProvider: Notifying for 0: content://settings/system/user_rotation
03-20 18:49:01.327 16239 16239 D AndroidRuntime: Shutting down VM
03-20 18:49:01.459  1877  2158 I GnssLocationProvider: WakeLock acquired by sendMessage(REPORT_SV_STATUS, 0, com.android.server.location.GnssLocationProvider$SvStatusInfo@4feaaf3)
03-20 18:49:01.459  1877  1890 I GnssLocationProvider: WakeLock released by handleMessage(REPORT_SV_STATUS, 0, com.android.server.location.GnssLocationProvider$SvStatusInfo@4feaaf3)
03-20 18:49:01.465  2004  2004 I FeatureCardGenerator: Make a GIF card not added
03-20 18:49:01.473  2004  2004 I FeatureCardGenerator: Autospace card not added
03-20 18:49:01.475  2004  2004 I Conv2QueryExtension: isEnabled() : true
03-20 18:49:01.478  2004  2004 I EmojiSuperpacksFeature: Emoji superpacks enabled
03-20 18:49:02.462  1877  2158 I GnssLocationProvider: WakeLock acquired by sendMessage(REPORT_SV_STATUS, 0, com.android.server.location.GnssLocationProvider$SvStatusInfo@bbff7e5)
03-20 18:49:02.463  1877  1890 I GnssLocationProvider: WakeLock released by handleMessage(REPORT_SV_STATUS, 0, com.android.server.location.GnssLocationProvider$SvStatusInfo@bbff7e5)
03-20 18:49:02.718  1750  1793 E storaged: getDiskStats failed with result NOT_SUPPORTED and size 0
03-20 18:49:02.898  1877  4043 I ActivityManager: Force stopping com.github.uiautomator appid=10170 user=0: from pid 16274
03-20 18:49:02.899  1877  4043 I ActivityManager: Killing 12107:com.github.uiautomator/u0a170 (adj 0): stop com.github.uiautomator
03-20 18:49:02.903  1877  4043 W ActivityManager: Crash of app com.github.uiautomator running instrumentation ComponentInfo{com.github.uiautomator.test/android.support.test.runner.AndroidJUnitRunner}
03-20 18:49:02.905  1877  1894 W libprocessgroup: kill(-12107, 9) failed: No such process
03-20 18:49:02.906  1877  4043 I ActivityManager: Force stopping com.github.uiautomator appid=10170 user=0: finished inst
03-20 18:49:02.908  1877 16276 W Binder  : Outgoing transactions from this process must be FLAG_ONEWAY
03-20 18:49:02.908  1877 16276 W Binder  : java.lang.Throwable
03-20 18:49:02.908  1877 16276 W Binder  : 	at android.os.BinderProxy.transact(Binder.java:1114)
03-20 18:49:02.908  1877 16276 W Binder  : 	at android.app.IInstrumentationWatcher$Stub$Proxy.instrumentationFinished(IInstrumentationWatcher.java:164)
03-20 18:49:02.908  1877 16276 W Binder  : 	at com.android.server.am.InstrumentationReporter$MyThread.run(InstrumentationReporter.java:86)
03-20 18:49:02.910  1877 16276 I ActivityManager: Failure reporting to instrumentation watcher: comp=ComponentInfo{com.github.uiautomator.test/android.support.test.runner.AndroidJUnitRunner} results=Bundle[{shortMsg=Process crashed.}]
03-20 18:49:02.911  1877  1891 W ActivityManager: Error shutting down UiAutomationConnection
03-20 18:49:02.924  2124  2124 D CarrierSvcBindHelper: No carrier app for: 0
03-20 18:49:02.944  1877  1894 W libprocessgroup: kill(-12107, 9) failed: No such process
03-20 18:49:02.965  1738  1738 I Zygote  : Process 12107 exited due to signal (9)
03-20 18:49:02.984  1877  1894 W libprocessgroup: kill(-12107, 9) failed: No such process
03-20 18:49:02.984  1877  1894 I libprocessgroup: Successfully killed process cgroup uid 10170 pid 12107 in 79ms
03-20 18:49:03.177  1877  1891 I ActivityManager: Force stopping com.github.uiautomator appid=10170 user=-1: installPackageLI
03-20 18:49:03.211  1877  1913 I PackageManager: Update package com.github.uiautomator code path from /data/app/com.github.uiautomator-7FoILV7O1IOcdpXU2Nh_zw== to /data/app/com.github.uiautomator-XsLHptYQhxscsenokW4Jtg==; Retain data and using new
03-20 18:49:03.211  1877  1913 I PackageManager: Update package com.github.uiautomator resource path from /data/app/com.github.uiautomator-7FoILV7O1IOcdpXU2Nh_zw== to /data/app/com.github.uiautomator-XsLHptYQhxscsenokW4Jtg==; Retain data and using new
03-20 18:49:03.246  1877  1913 I PackageManager.DexOptimizer: Running dexopt (dexoptNeeded=1) on: /data/app/com.github.uiautomator-XsLHptYQhxscsenokW4Jtg==/base.apk pkg=com.github.uiautomator isa=x86 dexoptFlags=boot_complete,profile_guided,public,enable_hidden_api_checks targetFilter=speed-profile oatDir=/data/app/com.github.uiautomator-XsLHptYQhxscsenokW4Jtg==/oat classLoaderContext=PCL[/system/framework/org.apache.http.legacy.boot.jar]
03-20 18:49:03.247  1742  1760 V installed: DexInv: --- BEGIN '/data/app/com.github.uiautomator-XsLHptYQhxscsenokW4Jtg==/base.apk' ---
03-20 18:49:03.274 16290 16290 W dex2oat : Unexpected CPU variant for X86 using defaults: x86
03-20 18:49:03.275 16290 16290 W dex2oat : Mismatch between dex2oat instruction set features (ISA: X86 Feature string: -ssse3,-sse4.1,-sse4.2,-avx,-avx2,-popcnt) and those of dex2oat executable (ISA: X86 Feature string: ssse3,-sse4.1,-sse4.2,-avx,-avx2,-popcnt) for the command line:
03-20 18:49:03.275 16290 16290 W dex2oat : /system/bin/dex2oat --zip-fd=8 --zip-location=base.apk --input-vdex-fd=-1 --output-vdex-fd=10 --oat-fd=9 --oat-location=/data/app/com.github.uiautomator-XsLHptYQhxscsenokW4Jtg==/oat/x86/base.odex --instruction-set=x86 --instruction-set-variant=x86 --instruction-set-features=default --runtime-arg -Xms64m --runtime-arg -Xmx512m --compiler-filter=speed-profile --swap-fd=11 --app-image-fd=12 --image-format=lz4 --classpath-dir=/data/app/com.github.uiautomator-XsLHptYQhxscsenokW4Jtg== --class-loader-context=PCL[/system/framework/org.apache.http.legacy.boot.jar] --generate-mini-debug-info --compact-dex-level=none --runtime-arg -Xtarget-sdk-version:26 --runtime-arg -Xhidden-api-checks --compilation-reason=install
03-20 18:49:03.275 16290 16290 I dex2oat : /system/bin/dex2oat --input-vdex-fd=-1 --output-vdex-fd=10 --compiler-filter=speed-profile --classpath-dir=/data/app/com.github.uiautomator-XsLHptYQhxscsenokW4Jtg== --class-loader-context=PCL[/system/framework/org.apache.http.legacy.boot.jar] --generate-mini-debug-info --compact-dex-level=none --compilation-reason=install
03-20 18:49:03.465  1877  2158 I GnssLocationProvider: WakeLock acquired by sendMessage(REPORT_SV_STATUS, 0, com.android.server.location.GnssLocationProvider$SvStatusInfo@71d5e3f)
03-20 18:49:03.490  1877  1890 I GnssLocationProvider: WakeLock released by handleMessage(REPORT_SV_STATUS, 0, com.android.server.location.GnssLocationProvider$SvStatusInfo@71d5e3f)
03-20 18:49:04.467  1877  2158 I GnssLocationProvider: WakeLock acquired by sendMessage(REPORT_SV_STATUS, 0, com.android.server.location.GnssLocationProvider$SvStatusInfo@df2830c)
03-20 18:49:04.468  1877  1890 I GnssLocationProvider: WakeLock released by handleMessage(REPORT_SV_STATUS, 0, com.android.server.location.GnssLocationProvider$SvStatusInfo@df2830c)
03-20 18:49:04.819 16290 16290 I dex2oat : Explicit concurrent copying GC freed 9673(1837KB) AllocSpace objects, 0(0B) LOS objects, 99% free, 896B/1536KB, paused 401us total 2.592ms
03-20 18:49:04.910 16290 16290 I dex2oat : dex2oat took 1.642s (5.222s cpu) (threads: 4) arena alloc=3KB (3848B) java alloc=16KB (17280B) native alloc=3MB (4027320B) free=2MB (2264136B)
03-20 18:49:04.914  1742  1760 V installed: DexInv: --- END '/data/app/com.github.uiautomator-XsLHptYQhxscsenokW4Jtg==/base.apk' (success) ---
03-20 18:49:05.007  1877  1913 I system_server: Explicit concurrent copying GC freed 84957(3MB) AllocSpace objects, 23(972KB) LOS objects, 24% free, 18MB/24MB, paused 325us total 91.981ms
03-20 18:49:05.013  1742  1760 E         : Couldn't opendir /data/app/vmdl625786953.tmp: No such file or directory
03-20 18:49:05.013  1742  1760 E installd: Failed to delete /data/app/vmdl625786953.tmp: No such file or directory
03-20 18:49:05.014  1877  1913 I ActivityManager: Force stopping com.github.uiautomator appid=10170 user=0: pkg removed
03-20 18:49:05.029  1877  1891 W BroadcastQueue: Background execution not allowed: receiving Intent { act=android.intent.action.PACKAGE_REMOVED dat=package:com.github.uiautomator flg=0x4000010 (has extras) } to com.android.musicfx/.Compatibility$Receiver
03-20 18:49:05.029  1877  1891 W BroadcastQueue: Background execution not allowed: receiving Intent { act=android.intent.action.PACKAGE_REMOVED dat=package:com.github.uiautomator flg=0x4000010 (has extras) } to com.android.vending/com.google.android.finsky.packagemonitor.impl.PackageMonitorReceiverImpl$RegisteredReceiver
03-20 18:49:05.029  2497  2497 I GsaVoiceInteractionSrv: (REDACTED) O received %s
03-20 18:49:05.030  1877  1891 W BroadcastQueue: Background execution not allowed: receiving Intent { act=android.intent.action.PACKAGE_REMOVED dat=package:com.github.uiautomator flg=0x4000010 (has extras) } to com.android.vending/com.google.android.finsky.packagemonitor.backgroundimpl.BackgroundPackageMonitorReceiverImpl$RegisteredReceiver
03-20 18:49:05.030  7425  7425 I Finsky  : [2] usk.f(0): usk - Received: android.intent.action.PACKAGE_REMOVED, [YsxevZ6ZTvyMiI6-s2OAYwITesnJ70XOGSzp16sCNgw]
03-20 18:49:05.032  1877  1891 W BroadcastQueue: Background execution not allowed: receiving Intent { act=android.intent.action.PACKAGE_REMOVED dat=package:com.github.uiautomator flg=0x4000010 (has extras) } to com.android.vending/com.google.android.finsky.instantapps.appmanagement.InstantAppRemoveMonitor
03-20 18:49:05.032  1877  1891 W BroadcastQueue: Background execution not allowed: receiving Intent { act=android.intent.action.PACKAGE_REMOVED dat=package:com.github.uiautomator flg=0x4000010 (has extras) } to com.google.android.gms/.games.chimera.GamesSystemBroadcastReceiverProxy
03-20 18:49:05.034  1877  1891 W BroadcastQueue: Background execution not allowed: receiving Intent { act=android.intent.action.PACKAGE_REMOVED dat=package:com.github.uiautomator flg=0x4000010 (has extras) } to com.google.android.gms/.chimera.GmsIntentOperationService$PersistentTrustedReceiver
03-20 18:49:05.041  1877  1963 I InputReader: Reconfiguring input devices.  changes=0x00000010
03-20 18:49:05.055  1877  1891 W BroadcastQueue: Background execution not allowed: receiving Intent { act=android.intent.action.PACKAGE_REMOVED dat=package:com.github.uiautomator flg=0x4000010 (has extras) } to com.google.android.googlequicksearchbox/com.google.android.apps.gsa.googlequicksearchbox.GelStubAppWatcher
03-20 18:49:05.067  1877  1891 W BroadcastQueue: Background execution not allowed: receiving Intent { act=android.intent.action.PACKAGE_ADDED dat=package:com.github.uiautomator flg=0x4000010 (has extras) } to com.android.musicfx/.Compatibility$Receiver
03-20 18:49:05.067  1877  1891 W BroadcastQueue: Background execution not allowed: receiving Intent { act=android.intent.action.PACKAGE_ADDED dat=package:com.github.uiautomator flg=0x4000010 (has extras) } to com.android.vending/com.google.android.finsky.packagemonitor.impl.PackageMonitorReceiverImpl$RegisteredReceiver
03-20 18:49:05.067  1877  1891 W BroadcastQueue: Background execution not allowed: receiving Intent { act=android.intent.action.PACKAGE_ADDED dat=package:com.github.uiautomator flg=0x4000010 (has extras) } to com.android.vending/com.google.android.finsky.packagemonitor.backgroundimpl.BackgroundPackageMonitorReceiverImpl$RegisteredReceiver
03-20 18:49:05.067  1877  1891 W BroadcastQueue: Background execution not allowed: receiving Intent { act=android.intent.action.PACKAGE_ADDED dat=package:com.github.uiautomator flg=0x4000010 (has extras) } to com.google.android.gms/.games.chimera.GamesSystemBroadcastReceiverProxy
03-20 18:49:05.067  1877  1891 W BroadcastQueue: Background execution not allowed: receiving Intent { act=android.intent.action.PACKAGE_ADDED dat=package:com.github.uiautomator flg=0x4000010 (has extras) } to com.google.android.gms/.gass.chimera.PackageChangeBroadcastReceiver
03-20 18:49:05.067  1877  1891 W BroadcastQueue: Background execution not allowed: receiving Intent { act=android.intent.action.PACKAGE_ADDED dat=package:com.github.uiautomator flg=0x4000010 (has extras) } to com.google.android.gms/.chimera.GmsIntentOperationService$PersistentTrustedReceiver
03-20 18:49:05.068  1877  1891 W BroadcastQueue: Background execution not allowed: receiving Intent { act=android.intent.action.PACKAGE_ADDED dat=package:com.github.uiautomator flg=0x4000010 (has extras) } to com.google.android.googlequicksearchbox/com.google.android.apps.gsa.googlequicksearchbox.GelStubAppWatcher
03-20 18:49:05.068  1877  1891 W BroadcastQueue: Background execution not allowed: receiving Intent { act=android.intent.action.PACKAGE_ADDED dat=package:com.github.uiautomator flg=0x4000010 (has extras) } to com.google.android.ims/.receivers.RcsAutoStartReceiver
03-20 18:49:05.069  3506  3506 I CarrierServices: [2] RcsAutoStartReceiver.b: carrierServicesJibeServiceEnabled changed from true to true
03-20 18:49:05.069  3506  3506 I CarrierServices: [2] RcsAutoStartReceiver.b: enableRcs changed from true to true
03-20 18:49:05.070  3506  3506 I CarrierServices: [2] RcsAutoStartReceiver.b: RcsAutoStartReceiver triggered. Fetching RCS State. Action: android.intent.action.PACKAGE_ADDED
03-20 18:49:05.070  7425 16145 I Finsky  : [1118] jql.abD(20): [ContentSync] finished, scheduled=false
03-20 18:49:05.071  1877  1963 I InputReader: Reconfiguring input devices.  changes=0x00000010
03-20 18:49:05.074  2497  2497 I GsaVoiceInteractionSrv: (REDACTED) O received %s
03-20 18:49:05.075  3506  3506 I CarrierServices: [2] aws.a: Migration binding to RcsMigrationService
03-20 18:49:05.078  7425  7425 I Finsky  : [2] usk.f(0): usk - Received: android.intent.action.PACKAGE_ADDED, [YsxevZ6ZTvyMiI6-s2OAYwITesnJ70XOGSzp16sCNgw]
03-20 18:49:05.088 16302 16302 W ndroid.keychai: Unexpected CPU variant for X86 using defaults: x86
03-20 18:49:05.089  7425  7425 I Finsky  : [2] pzg.ahY(1): DTU: Received onPackageAdded, replacing: true
03-20 18:49:05.091  7425 16122 I Finsky  : [1115] mxn.run(2): Wrote row to frosting DB: 541
03-20 18:49:05.099 15939 15939 I Bugle   : returning RCS state provider.
03-20 18:49:05.108 16302 16302 E ndroid.keychai: Not starting debugger since process cannot load the jdwp agent.
03-20 18:49:05.113  1877  2545 W ActivityManager: Slow operation: 63ms so far, now at startProcess: done updating battery stats
03-20 18:49:05.113  1877  2545 W ActivityManager: Slow operation: 63ms so far, now at startProcess: building log message
03-20 18:49:05.113  1877  2545 I ActivityManager: Start proc 16302:com.android.keychain/1000 for service com.android.keychain/.KeyChainService
03-20 18:49:05.114  1877  2545 W ActivityManager: Slow operation: 63ms so far, now at startProcess: starting to update pids map
03-20 18:49:05.114  1877  2545 W ActivityManager: Slow operation: 63ms so far, now at startProcess: done updating pids map
03-20 18:49:05.118  7425 16300 I Finsky  : [1124] pmh.accept(15): IQ: handled package removed
03-20 18:49:05.122  7425  7425 I Finsky  : [2] usk.f(0): usk - Received: android.intent.action.PACKAGE_ADDED, [YsxevZ6ZTvyMiI6-s2OAYwITesnJ70XOGSzp16sCNgw]
03-20 18:49:05.122  2497  2497 I GsaVoiceInteractionSrv: (REDACTED) O received %s
03-20 18:49:05.128  1877  1893 W ActivityManager: Slow operation: 77ms so far, now at startProcess: returned from zygote!
03-20 18:49:05.135 15939 15952 I CarrierServices: [1014] inq.shouldUseCarrierServicesApkForV1Apis: Checking if using CarrierServices.apk is possible. Enabled: true, isAtLeastM: true, runningInsideBugle: true
03-20 18:49:05.137 11611 11759 I A       : getLocaleToModelSpecsMap
03-20 18:49:05.137 11611 11759 I A       : Using proto config with mendel
03-20 18:49:05.137 11611 11759 I A       : getLocaleToModelSpecsMap
03-20 18:49:05.138 11611 11759 I A       : Using proto config with mendel
03-20 18:49:05.139 11611 11759 I A       : getLocaleToModelSpecsMap
03-20 18:49:05.139 11611 11759 I A       : Using proto config with mendel
03-20 18:49:05.139 11611 11759 I A       : (REDACTED) Adding from config to map. Locale: %s modelPrefix: %s Location:%s isSpeakerIdSupported: %b
03-20 18:49:05.140 11611 11759 I chatty  : uid=10041(com.google.android.googlequicksearchbox) EventBus0 identical 1 line
03-20 18:49:05.140 11611 11759 I A       : (REDACTED) Adding from config to map. Locale: %s modelPrefix: %s Location:%s isSpeakerIdSupported: %b
03-20 18:49:05.140 11611 11759 I A       : (REDACTED) Skipping. Expected model: %s Found: %s
03-20 18:49:05.140 11611 11759 I A       : (REDACTED) Adding from config to map. Locale: %s modelPrefix: %s Location:%s isSpeakerIdSupported: %b
03-20 18:49:05.141 11611 11759 I A       : getLocaleToModelSpecsMap
03-20 18:49:05.141 11611 11759 I A       : Using proto config with mendel
03-20 18:49:05.141 11611 11759 I A       : getLocaleToModelSpecsMap
03-20 18:49:05.141 11611 11759 I A       : Using proto config with mendel
03-20 18:49:05.142 11611 11759 I A       : getLocaleToModelSpecsMap
03-20 18:49:05.142 11611 11759 I A       : Using proto config with mendel
03-20 18:49:05.144  1877  1963 I InputReader: Reconfiguring input devices.  changes=0x00000010
03-20 18:49:05.151 15939 15952 I CarrierServices: [1014] inq.e: Network Operator: 310260
03-20 18:49:05.156 15939 15952 I CarrierServices: [1014] inq.e: carrierWithOldEcApis: false
03-20 18:49:05.156 15939 15952 I CarrierServices: [1014] inq.e: hasDialerThatSupportsNewEc: false
03-20 18:49:05.159  7425  7425 I Finsky  : [2] usk.f(0): usk - Deduping intent android.intent.action.PACKAGE_ADDED
03-20 18:49:05.159  7425 16145 I Finsky  : [1118] jql.abD(20): [ContentSync] finished, scheduled=false
03-20 18:49:05.165 11611 11759 I MicroDetectionState: (REDACTED) Should stop hotword detection immediately - %b
03-20 18:49:05.173  5613 16324 I Fitness : FitCleanupIntentOperation received Intent android.intent.action.PACKAGE_REMOVED [CONTEXT service_id=17 ]
03-20 18:49:05.173  7425  7425 I Finsky  : [2] usk.f(0): usk - Received: android.intent.action.PACKAGE_ADDED, [YsxevZ6ZTvyMiI6-s2OAYwITesnJ70XOGSzp16sCNgw]
03-20 18:49:05.179 15939 15952 W RcsProvisioning: Failed to read configuration: /data/user/0/com.google.android.apps.messaging/files/rcsconfig (No such file or directory)
03-20 18:49:05.179 15939 15952 W RcsProvisioning: java.io.FileNotFoundException: /data/user/0/com.google.android.apps.messaging/files/rcsconfig (No such file or directory)
03-20 18:49:05.179 15939 15952 W RcsProvisioning: 	at java.io.FileInputStream.open0(Native Method)
03-20 18:49:05.179 15939 15952 W RcsProvisioning: 	at java.io.FileInputStream.open(FileInputStream.java:231)
03-20 18:49:05.179 15939 15952 W RcsProvisioning: 	at java.io.FileInputStream.<init>(FileInputStream.java:165)
03-20 18:49:05.179 15939 15952 W RcsProvisioning: 	at android.app.ContextImpl.openFileInput(ContextImpl.java:560)
03-20 18:49:05.179 15939 15952 W RcsProvisioning: 	at android.content.ContextWrapper.openFileInput(ContextWrapper.java:202)
03-20 18:49:05.179 15939 15952 W RcsProvisioning: 	at ion.a(SourceFile:2)
03-20 18:49:05.179 15939 15952 W RcsProvisioning: 	at idl.a(SourceFile:4)
03-20 18:49:05.179 15939 15952 W RcsProvisioning: 	at idm.a(SourceFile:7)
03-20 18:49:05.179 15939 15952 W RcsProvisioning: 	at com.google.android.apps.messaging.rcsmigration.RcsStateProvider.buildRcsState(SourceFile:81)
03-20 18:49:05.179 15939 15952 W RcsProvisioning: 	at com.google.android.apps.messaging.rcsmigration.RcsStateProvider.getRcsState(SourceFile:6)
03-20 18:49:05.179 15939 15952 W RcsProvisioning: 	at com.google.android.ims.rcsmigration.IRcsStateProvider$Stub.dispatchTransaction(SourceFile:10)
03-20 18:49:05.179 15939 15952 W RcsProvisioning: 	at com.google.android.aidl.BaseStub.onTransact(SourceFile:18)
03-20 18:49:05.179 15939 15952 W RcsProvisioning: 	at android.os.Binder.execTransact(Binder.java:731)
03-20 18:49:05.179 15939 15952 D RcsProvisioning: Retrieving backup token
03-20 18:49:05.179 11611 11759 W SearchServiceCore: Abort, client detached.
03-20 18:49:05.179 15939 15952 D RcsProvisioning: Exception while getting subscriber Id. Using default
03-20 18:49:05.179 11611 11759 W SearchServiceCore: Abort, client detached.
03-20 18:49:05.180  6787 16326 I Auth    : [SupervisedAccountIntentOperation] onHandleIntent(): android.intent.action.PACKAGE_ADDED
03-20 18:49:05.180 11611 11759 W SearchServiceCore: Abort, client detached.
03-20 18:49:05.184  7425  7425 I Finsky  : [2] usk.f(0): usk - Deduping intent android.intent.action.PACKAGE_ADDED
03-20 18:49:05.189  7425 16122 I Finsky  : [1115] mxn.run(2): Wrote row to frosting DB: 542
03-20 18:49:05.196  1877  1877 I Telecom : DefaultDialerCache: Refreshing default dialer for user 0: now com.google.android.dialer: DDC.oR@BBk
03-20 18:49:05.204  1877  1877 V BackupManagerConstants: getFullBackupIntervalMilliseconds(...) returns 86400000
03-20 18:49:05.207  1877  1893 I ActivityManager: Start proc 16353:com.android.vending:background/u0a36 for broadcast com.android.vending/com.google.android.finsky.packagemonitor.backgroundimpl.BackgroundPackageMonitorReceiverImpl$RegisteredReceiver
03-20 18:49:05.225 16302 16302 I ndroid.keychai: The ClassLoaderContext is a special shared library.
03-20 18:49:05.237 16353 16353 W ding:backgroun: Unexpected CPU variant for X86 using defaults: x86
03-20 18:49:05.242  6787  6787 D BoundBrokerSvc: onBind: Intent { act=com.google.android.gms.common.BIND_SHARED_PREFS pkg=com.google.android.gms }
03-20 18:49:05.242  6787  6787 D BoundBrokerSvc: Loading bound service for intent: Intent { act=com.google.android.gms.common.BIND_SHARED_PREFS pkg=com.google.android.gms }
03-20 18:49:05.244  2124  2124 D CarrierSvcBindHelper: No carrier app for: 0
03-20 18:49:05.249  2124  2124 D CarrierSvcBindHelper: No carrier app for: 0
03-20 18:49:05.257 16353 16353 E ding:backgroun: Not starting debugger since process cannot load the jdwp agent.
03-20 18:49:05.263  7425 16122 I Finsky  : [1115] mxn.run(2): Wrote row to frosting DB: 543
03-20 18:49:05.264  2124  2124 D ImsResolver: maybeAddedImsService, packageName: com.github.uiautomator
03-20 18:49:05.300  7425 16122 I Finsky  : [1115] mxn.run(2): Wrote row to frosting DB: 544
03-20 18:49:05.312  7425 16122 I Finsky  : [1115] mxn.run(2): Wrote row to frosting DB: 545
03-20 18:49:05.314 15939 15952 D RcsProvisioning: No backup token found
03-20 18:49:05.314 15939 15952 D RcsProvisioning: Retrieving backup token
03-20 18:49:05.314 15939 15952 D RcsProvisioning: Exception while getting subscriber Id. Using default
03-20 18:49:05.320  2124  2124 D CarrierConfigLoader: mHandler: 9 phoneId: 0
03-20 18:49:05.325  1877  1891 I ActivityManager: Force stopping com.github.uiautomator.test appid=10171 user=-1: installPackageLI
03-20 18:49:05.334 16353 16353 I ding:backgroun: The ClassLoaderContext is a special shared library.
03-20 18:49:05.338  1877  1913 I PackageManager: Update package com.github.uiautomator.test code path from /data/app/com.github.uiautomator.test-ROcsRvF45dPc4hlpS_yqTQ== to /data/app/com.github.uiautomator.test-2En7Xx6VQDhPLDBPRGhkdg==; Retain data and using new
03-20 18:49:05.338  1877  1913 I PackageManager: Update package com.github.uiautomator.test resource path from /data/app/com.github.uiautomator.test-ROcsRvF45dPc4hlpS_yqTQ== to /data/app/com.github.uiautomator.test-2En7Xx6VQDhPLDBPRGhkdg==; Retain data and using new
03-20 18:49:05.341  7425 16122 I Finsky  : [1115] mxn.run(2): Wrote row to frosting DB: 546
03-20 18:49:05.398  5613  5648 W ChimeraUtils: Module com.google.android.gms.nearby_en has empty metadata display_name_string_id
03-20 18:49:05.404  5613  5648 W ChimeraUtils: Module com.google.android.gms.nearby_en has empty metadata display_name_string_id
03-20 18:49:05.414  1877  3296 I system_server: IncrementDisableThreadFlip blocked for 5.150ms
03-20 18:49:05.434 16353 16353 W ding:backgroun: JIT profile information will not be recorded: profile file does not exits.
03-20 18:49:05.434 16353 16353 W ding:backgroun: JIT profile information will not be recorded: profile file does not exits.
03-20 18:49:05.438  6787  6787 D BoundBrokerSvc: onUnbind: Intent { act=com.google.android.gms.common.BIND_SHARED_PREFS pkg=com.google.android.gms }
03-20 18:49:05.441  6787  6965 I Icing   : IndexChimeraService.getServiceInterface callingPackage=com.google.android.gms componentName=AppsCorpus serviceId=36
03-20 18:49:05.453 15939 15952 D RcsProvisioning: No backup token found
03-20 18:49:05.455  6787 23540 W Icing   : No valid account for uploading user actions
03-20 18:49:05.464  6787  6787 D BoundBrokerSvc: onBind: Intent { act=com.google.android.gms.feedback.internal.IFeedbackService dat=chimera-action: cmp=com.google.android.gms/.chimera.GmsBoundBrokerService }
03-20 18:49:05.464  6787  6787 D BoundBrokerSvc: Loading bound service for intent: Intent { act=com.google.android.gms.feedback.internal.IFeedbackService dat=chimera-action: cmp=com.google.android.gms/.chimera.GmsBoundBrokerService }
03-20 18:49:05.466 15939 15952 W RcsProvisioning: Failed to read configuration: /data/user/0/com.google.android.apps.messaging/files/rcsconfig (No such file or directory)
03-20 18:49:05.466 15939 15952 W RcsProvisioning: java.io.FileNotFoundException: /data/user/0/com.google.android.apps.messaging/files/rcsconfig (No such file or directory)
03-20 18:49:05.466 15939 15952 W RcsProvisioning: 	at java.io.FileInputStream.open0(Native Method)
03-20 18:49:05.466 15939 15952 W RcsProvisioning: 	at java.io.FileInputStream.open(FileInputStream.java:231)
03-20 18:49:05.466 15939 15952 W RcsProvisioning: 	at java.io.FileInputStream.<init>(FileInputStream.java:165)
03-20 18:49:05.466 15939 15952 W RcsProvisioning: 	at android.app.ContextImpl.openFileInput(ContextImpl.java:560)
03-20 18:49:05.466 15939 15952 W RcsProvisioning: 	at android.content.ContextWrapper.openFileInput(ContextWrapper.java:202)
03-20 18:49:05.466 15939 15952 W RcsProvisioning: 	at ion.a(SourceFile:2)
03-20 18:49:05.466 15939 15952 W RcsProvisioning: 	at idl.a(SourceFile:4)
03-20 18:49:05.466 15939 15952 W RcsProvisioning: 	at idm.a(SourceFile:7)
03-20 18:49:05.466 15939 15952 W RcsProvisioning: 	at iez.buildConferencesFileName(SourceFile:30)
03-20 18:49:05.466 15939 15952 W RcsProvisioning: 	at com.google.android.apps.messaging.rcsmigration.RcsStateProvider.buildRcsState(SourceFile:129)
03-20 18:49:05.466 15939 15952 W RcsProvisioning: 	at com.google.android.apps.messaging.rcsmigration.RcsStateProvider.getRcsState(SourceFile:6)
03-20 18:49:05.466 15939 15952 W RcsProvisioning: 	at com.google.android.ims.rcsmigration.IRcsStateProvider$Stub.dispatchTransaction(SourceFile:10)
03-20 18:49:05.466 15939 15952 W RcsProvisioning: 	at com.google.android.aidl.BaseStub.onTransact(SourceFile:18)
03-20 18:49:05.466 15939 15952 W RcsProvisioning: 	at android.os.Binder.execTransact(Binder.java:731)
03-20 18:49:05.466 15939 15952 D RcsProvisioning: Retrieving backup token
03-20 18:49:05.466 15939 15952 D RcsProvisioning: Exception while getting subscriber Id. Using default
03-20 18:49:05.487  6787  6965 I Icing   : IndexChimeraService.getServiceInterface callingPackage=com.google.android.gms componentName=null serviceId=30
03-20 18:49:05.507  1877  2158 I GnssLocationProvider: WakeLock acquired by sendMessage(REPORT_SV_STATUS, 0, com.android.server.location.GnssLocationProvider$SvStatusInfo@e8e221d)
03-20 18:49:05.508  1877  1890 I GnssLocationProvider: WakeLock released by handleMessage(REPORT_SV_STATUS, 0, com.android.server.location.GnssLocationProvider$SvStatusInfo@e8e221d)
03-20 18:49:05.516  6787 23540 I Icing   : Usage reports ok 1, Failed Usage reports 0, indexed 0, rejected 0
03-20 18:49:05.543  6787 23540 W Icing   : No valid account for uploading user actions
03-20 18:49:05.549 16353 16353 I Finsky:background: [2] jaz.i(6): Process created at version: 34.7.10-21 [0] [PR] 512129822
03-20 18:49:05.552  6787 23540 I Icing   : Usage reports ok 0, Failed Usage reports 0, indexed 0, rejected 0
03-20 18:49:05.555  6787 23540 I Icing   : Indexing com.google.android.gms-apps from com.google.android.gms
03-20 18:49:05.556  6787 23540 I Icing   : Indexing done com.google.android.gms-apps
03-20 18:49:05.557  6787 23540 I Icing   : Indexing com.google.android.gms-apps from com.google.android.gms
03-20 18:49:05.557  6787 23540 I Icing   : Indexing done com.google.android.gms-apps
03-20 18:49:05.603 15939 15952 D RcsProvisioning: No backup token found
03-20 18:49:05.604 15939 15952 E CarrierServices: [1014] iez.getFile: File not found.: /data/user/0/com.google.android.apps.messaging/files/httpft_pending (No such file or directory)
03-20 18:49:05.604 15939 15952 E CarrierServices: 	java.io.FileInputStream.open0(Native Method)
03-20 18:49:05.604 15939 15952 E CarrierServices: 	java.io.FileInputStream.open(FileInputStream.java:231)
03-20 18:49:05.604 15939 15952 E CarrierServices: 	java.io.FileInputStream.<init>(FileInputStream.java:165)
03-20 18:49:05.604 15939 15952 E CarrierServices: 	android.app.ContextImpl.openFileInput(ContextImpl.java:560)
03-20 18:49:05.604 15939 15952 E CarrierServices: 	android.content.ContextWrapper.openFileInput(ContextWrapper.java:202)
03-20 18:49:05.604 15939 15952 E CarrierServices: 	iez.getFile(SourceFile:20)
03-20 18:49:05.604 15939 15952 E CarrierServices: 	com.google.android.apps.messaging.rcsmigration.RcsStateProvider.buildRcsState(SourceFile:136)
03-20 18:49:05.604 15939 15952 E CarrierServices: 	com.google.android.apps.messaging.rcsmigration.RcsStateProvider.getRcsState(SourceFile:6)
03-20 18:49:05.604 15939 15952 E CarrierServices: 	com.google.android.ims.rcsmigration.IRcsStateProvider$Stub.dispatchTransaction(SourceFile:10)
03-20 18:49:05.604 15939 15952 E CarrierServices: 	com.google.android.aidl.BaseStub.onTransact(SourceFile:18)
03-20 18:49:05.604 15939 15952 E CarrierServices: 	android.os.Binder.execTransact(Binder.java:731)
03-20 18:49:05.605  3506 16377 I CarrierServices: [304] awt.doInBackground: Saving RCS State
03-20 18:49:05.606  3506 16377 I CarrierServices: [304] awt.doInBackground: Old operation mode: 2
03-20 18:49:05.606  3506 16377 I CarrierServices: [304] awt.doInBackground: New operation mode: 2
03-20 18:49:05.607  3506  3506 I CarrierServices: [2] RcsAutoStartReceiver.b: carrierServicesJibeServiceEnabled changed from true to true
03-20 18:49:05.607  3506  3506 I CarrierServices: [2] RcsAutoStartReceiver.b: enableRcs changed from true to true
03-20 18:49:05.607  3506  3506 I CarrierServices: [2] RcsAutoStartReceiver.b: RcsAutoStartReceiver triggered. Fetching RCS State. Action: android.intent.action.PACKAGE_REPLACED
03-20 18:49:05.610  3506  3506 I CarrierServices: [2] aws.a: Migration binding to RcsMigrationService
03-20 18:49:05.615 15939 15952 I CarrierServices: [1014] RcsStateProvider.onMigrationComplete: Migration complete.
03-20 18:49:05.620 15939 15952 I CarrierServices: [1014] inq.shouldUseCarrierServicesApkForV1Apis: Checking if using CarrierServices.apk is possible. Enabled: true, isAtLeastM: true, runningInsideBugle: true
03-20 18:49:05.622 15939 15952 I CarrierServices: [1014] inq.e: Network Operator: 310260
03-20 18:49:05.622 15939 15952 I CarrierServices: [1014] inq.e: carrierWithOldEcApis: false
03-20 18:49:05.622 15939 15952 I CarrierServices: [1014] inq.e: hasDialerThatSupportsNewEc: false
03-20 18:49:05.622 15939 15952 I CarrierServices: [1014] RcsStateProvider.onMigrationComplete: Rcs Engine should be running in cs.apk. Stopping JibeService.
03-20 18:49:05.630 15939 15952 I CarrierServices: [1014] RcsStateProvider.onMigrationComplete: JibeService stopped: false
03-20 18:49:05.636 15939 15952 I CarrierServices: [1014] inq.e: Network Operator: 310260
03-20 18:49:05.637 15939 15952 I CarrierServices: [1014] inq.e: carrierWithOldEcApis: false
03-20 18:49:05.637 15939 15952 I CarrierServices: [1014] inq.e: hasDialerThatSupportsNewEc: false
03-20 18:49:05.641 15939 15952 I CarrierServices: [1014] jsn.connect: shouldUseCarrierServicesJibeService: true, CarrierServices rcs service found: true
03-20 18:49:05.641 15939 15952 I CarrierServices: [1014] jsn.connect: Binding to JibeService in CarrierServices.
03-20 18:49:05.645  1877  1913 I system_server: Explicit concurrent copying GC freed 56337(2MB) AllocSpace objects, 30(1240KB) LOS objects, 24% free, 18MB/24MB, paused 1.253ms total 253.998ms
03-20 18:49:05.645 15939 15939 D RcsClientLib: Service com.google.android.rcs.client.chatsession.ChatSessionService connected. Will notify listeners: true
03-20 18:49:05.645 15939 15939 V BugleRcs: com.google.android.rcs.client.chatsession.ChatSessionService RCS service connected
03-20 18:49:05.649 15939 15952 I CarrierServices: [1014] inq.e: Network Operator: 310260
03-20 18:49:05.650 15939 15952 I CarrierServices: [1014] inq.e: carrierWithOldEcApis: false
03-20 18:49:05.650 15939 15952 I CarrierServices: [1014] inq.e: hasDialerThatSupportsNewEc: false
03-20 18:49:05.655 15939 15952 I CarrierServices: [1014] jsn.connect: shouldUseCarrierServicesJibeService: true, CarrierServices rcs service found: true
03-20 18:49:05.655 15939 15952 I CarrierServices: [1014] jsn.connect: Binding to JibeService in CarrierServices.
03-20 18:49:05.656  1742  1760 E         : Couldn't opendir /data/app/vmdl1799606759.tmp: No such file or directory
03-20 18:49:05.656  1742  1760 E installd: Failed to delete /data/app/vmdl1799606759.tmp: No such file or directory
03-20 18:49:05.657  1877  1913 I ActivityManager: Force stopping com.github.uiautomator.test appid=10171 user=0: pkg removed
03-20 18:49:05.672 15939 15939 D RcsClientLib: Service com.google.android.rcs.client.events.EventService connected. Will notify listeners: true
03-20 18:49:05.672 15939 15939 V BugleRcs: com.google.android.rcs.client.events.EventService RCS service connected
03-20 18:49:05.677  2497  2497 I GsaVoiceInteractionSrv: (REDACTED) O received %s
03-20 18:49:05.678 15939 15952 I CarrierServices: [1014] inq.e: Network Operator: 310260
03-20 18:49:05.680  7425  7425 I Finsky  : [2] usk.f(0): usk - Received: android.intent.action.PACKAGE_REMOVED, [c2hSSSlh08_PngAaTJOaEZVSsfSE5kinsbbaw5rVYV0]
03-20 18:49:05.680  1877  1963 I InputReader: Reconfiguring input devices.  changes=0x00000010
03-20 18:49:05.685 15939 15952 I CarrierServices: [1014] inq.e: carrierWithOldEcApis: false
03-20 18:49:05.685 15939 15952 I CarrierServices: [1014] inq.e: hasDialerThatSupportsNewEc: false
03-20 18:49:05.693  1877  1963 I InputReader: Reconfiguring input devices.  changes=0x00000010
03-20 18:49:05.698  7425 16300 I Finsky  : [1124] pmh.accept(15): IQ: handled package removed
03-20 18:49:05.701  7425 16145 I Finsky  : [1118] jql.abD(20): [ContentSync] finished, scheduled=false
03-20 18:49:05.702 15939 15952 I CarrierServices: [1014] jsn.connect: shouldUseCarrierServicesJibeService: true, CarrierServices rcs service found: true
03-20 18:49:05.702 15939 15952 I CarrierServices: [1014] jsn.connect: Binding to JibeService in CarrierServices.
03-20 18:49:05.704  7425 16122 I Finsky  : [1115] mxn.run(2): Wrote row to frosting DB: 547
03-20 18:49:05.714  7425  7425 I Finsky  : [2] usk.f(0): usk - Received: android.intent.action.PACKAGE_ADDED, [c2hSSSlh08_PngAaTJOaEZVSsfSE5kinsbbaw5rVYV0]
03-20 18:49:05.718  1877  1963 I InputReader: Reconfiguring input devices.  changes=0x00000010
03-20 18:49:05.719  7425 16122 I Finsky  : [1115] mxn.run(2): Wrote row to frosting DB: 548
03-20 18:49:05.726 15939 15939 D RcsClientLib: Service com.google.android.rcs.client.contacts.ContactsService connected. Will notify listeners: true
03-20 18:49:05.726 15939 15939 V BugleRcs: com.google.android.rcs.client.contacts.ContactsService RCS service connected
03-20 18:49:05.727  2497  2497 I GsaVoiceInteractionSrv: (REDACTED) O received %s
03-20 18:49:05.728  2497  2497 I GsaVoiceInteractionSrv: (REDACTED) O received %s
03-20 18:49:05.730 15939 15952 I CarrierServices: [1014] inq.e: Network Operator: 310260
03-20 18:49:05.734 15939 15952 I CarrierServices: [1014] inq.e: carrierWithOldEcApis: false
03-20 18:49:05.734 15939 15952 I CarrierServices: [1014] inq.e: hasDialerThatSupportsNewEc: false
03-20 18:49:05.739 15939 15952 I CarrierServices: [1014] jsn.connect: shouldUseCarrierServicesJibeService: true, CarrierServices rcs service found: true
03-20 18:49:05.739 15939 15952 I CarrierServices: [1014] jsn.connect: Binding to JibeService in CarrierServices.
03-20 18:49:05.748  7425  7425 I Finsky  : [2] pzg.ahY(1): DTU: Received onPackageAdded, replacing: true
03-20 18:49:05.751 16353 16353 I Finsky:background: [2] uvz.j(20): Finished reading experiment flags from file [0tGUNCGIkbk4o6-fQ335kUYSKwVj4lusnHT-A5Dsy08].
03-20 18:49:05.755 15939 15939 D RcsClientLib: Service com.google.android.rcs.client.filetransfer.FileTransferService connected. Will notify listeners: true
03-20 18:49:05.755 15939 15939 V BugleRcs: com.google.android.rcs.client.filetransfer.FileTransferService RCS service connected
03-20 18:49:05.758 11611 11759 W SearchServiceCore: Abort, client detached.
03-20 18:49:05.758 11611 11759 W SearchServiceCore: Abort, client detached.
03-20 18:49:05.761  7425  7425 I Finsky  : [2] usk.f(0): usk - Received: android.intent.action.PACKAGE_ADDED, [c2hSSSlh08_PngAaTJOaEZVSsfSE5kinsbbaw5rVYV0]
03-20 18:49:05.764 11611 11759 W SearchServiceCore: Abort, client detached.
03-20 18:49:05.770  7425  7425 I Finsky  : [2] usk.f(0): usk - Deduping intent android.intent.action.PACKAGE_ADDED
03-20 18:49:05.776  7425 16145 I Finsky  : [1118] jql.abD(20): [ContentSync] finished, scheduled=false
03-20 18:49:05.776 15939 15952 I CarrierServices: [1014] inq.e: Network Operator: 310260
03-20 18:49:05.777 15939 15952 I CarrierServices: [1014] inq.e: carrierWithOldEcApis: false
03-20 18:49:05.777 15939 15952 I CarrierServices: [1014] inq.e: hasDialerThatSupportsNewEc: false
03-20 18:49:05.782 15939 15952 I CarrierServices: [1014] jsn.connect: shouldUseCarrierServicesJibeService: true, CarrierServices rcs service found: true
03-20 18:49:05.782 15939 15952 I CarrierServices: [1014] jsn.connect: Binding to JibeService in CarrierServices.
03-20 18:49:05.786  1877  1877 I Telecom : DefaultDialerCache: Refreshing default dialer for user 0: now com.google.android.dialer: DDC.oR@BB4
03-20 18:49:05.789 15939 15939 D RcsClientLib: Service com.google.android.rcs.client.locationsharing.LocationSharingService connected. Will notify listeners: true
03-20 18:49:05.789 15939 15939 V BugleRcs: com.google.android.rcs.client.locationsharing.LocationSharingService RCS service connected
03-20 18:49:05.795  1877  1877 V BackupManagerConstants: getFullBackupIntervalMilliseconds(...) returns 86400000
03-20 18:49:05.799  5613 16324 I Fitness : FitCleanupIntentOperation received Intent android.intent.action.PACKAGE_REMOVED [CONTEXT service_id=17 ]
03-20 18:49:05.799 15939 15952 I CarrierServices: [1014] inq.e: Network Operator: 310260
03-20 18:49:05.801 15939 15952 I CarrierServices: [1014] inq.e: carrierWithOldEcApis: false
03-20 18:49:05.801 15939 15952 I CarrierServices: [1014] inq.e: hasDialerThatSupportsNewEc: false
03-20 18:49:05.819 15939 15952 I CarrierServices: [1014] jsn.connect: shouldUseCarrierServicesJibeService: true, CarrierServices rcs service found: true
03-20 18:49:05.819 15939 15952 I CarrierServices: [1014] jsn.connect: Binding to JibeService in CarrierServices.
03-20 18:49:05.820  6787 16337 I Auth    : [SupervisedAccountIntentOperation] onHandleIntent(): android.intent.action.PACKAGE_ADDED
03-20 18:49:05.832  6787  6787 D BoundBrokerSvc: onBind: Intent { act=com.google.android.gms.common.BIND_SHARED_PREFS pkg=com.google.android.gms }
03-20 18:49:05.832  6787  6787 D BoundBrokerSvc: Loading bound service for intent: Intent { act=com.google.android.gms.common.BIND_SHARED_PREFS pkg=com.google.android.gms }
03-20 18:49:05.849  5613  5649 W ChimeraUtils: Module com.google.android.gms.nearby_en has empty metadata display_name_string_id
03-20 18:49:05.862 15939 15939 D RcsClientLib: Service com.google.android.rcs.client.ims.ImsConnectionTrackerService connected. Will notify listeners: true
03-20 18:49:05.862 15939 15939 V BugleRcs: com.google.android.rcs.client.ims.ImsConnectionTrackerService RCS service connected
03-20 18:49:05.864  5613  5649 W ChimeraUtils: Module com.google.android.gms.nearby_en has empty metadata display_name_string_id
03-20 18:49:05.864 15939 15939 V BugleRcs: kicking off RCS sending/receiving
03-20 18:49:05.865 15939 15939 V BugleAction: no RCS because we're not registered
03-20 18:49:05.877  5613 16100 I FontLog : Package com.github.uiautomator.test has no metadata [CONTEXT service_id=132 ]
03-20 18:49:05.879  2124  2124 D CarrierSvcBindHelper: No carrier app for: 0
03-20 18:49:05.880 15939 15952 I CarrierServices: [1014] inq.e: Network Operator: 310260
03-20 18:49:05.880  7425 16122 I Finsky  : [1115] mxn.run(2): Wrote row to frosting DB: 549
03-20 18:49:05.881 15939 15952 I CarrierServices: [1014] inq.e: carrierWithOldEcApis: false
03-20 18:49:05.881 15939 15952 I CarrierServices: [1014] inq.e: hasDialerThatSupportsNewEc: false
03-20 18:49:05.885  2124  2124 D CarrierSvcBindHelper: No carrier app for: 0
