01-15 18:25:01.602  3248  3320 I GnssLocationProvider: WakeLock acquired by sendMessage(REPORT_SV_STATUS, 0, com.android.server.location.GnssLocationProvider$SvStatusInfo@8a986b0)
01-15 18:25:01.602  3248  3261 I GnssLocationProvider: WakeLock released by handleMessage(REPORT_SV_STATUS, 0, com.android.server.location.GnssLocationProvider$SvStatusInfo@8a986b0)
01-15 18:25:01.770 28395 28395 D AndroidRuntime: >>>>>> START com.android.internal.os.RuntimeInit uid 2000 <<<<<<
01-15 18:25:01.772 28395 28395 E cutils-trace: Error opening trace file: No such file or directory (2)
01-15 18:25:01.809 28395 28395 I app_process: The ClassLoaderContext is a special shared library.
01-15 18:25:01.810 28395 28395 I app_process: The ClassLoaderContext is a special shared library.
01-15 18:25:01.821 28395 28395 D AndroidRuntime: Calling main entry com.android.commands.uiautomator.Launcher
01-15 18:25:01.830  4324  4426 I A       : NGA disabled due to not being eligible.
01-15 18:25:02.605  3248  3320 I GnssLocationProvider: WakeLock acquired by sendMessage(REPORT_SV_STATUS, 0, com.android.server.location.GnssLocationProvider$SvStatusInfo@9b9a24f)
01-15 18:25:02.605  3248  3261 I GnssLocationProvider: WakeLock released by handleMessage(REPORT_SV_STATUS, 0, com.android.server.location.GnssLocationProvider$SvStatusInfo@9b9a24f)
01-15 18:25:02.697  3793 28407 E memtrack: Couldn't load memtrack module
01-15 18:25:02.697  3793 28407 W android.os.Debug: failed to get memory consumption info: -1
01-15 18:25:02.843 28395 28395 W AccessibilityNodeInfoDumper: Fetch time: 3ms
01-15 18:25:01.827  3248  3248 V SettingsProvider: Notifying for 0: content://settings/secure/accessibility_enabled
01-15 18:25:02.844  3248  5548 W WindowManager: removeWindowToken: Attempted to remove non-existing token: android.os.Binder@3582929
01-15 18:25:02.845  3248  3248 V SettingsProvider: Notifying for 0: content://settings/secure/accessibility_enabled
01-15 18:25:02.848  4324  4428 I A       : NGA disabled due to not being eligible.
01-15 18:25:02.851 28395 28395 D AndroidRuntime: Shutting down VM
01-15 18:25:03.064  3248  5548 I ActivityManager: Force stopping com.android.gpstest appid=10105 user=0: from pid 28411
01-15 18:25:03.066  3248  5548 I ActivityManager: Killing 23714:com.android.gpstest/u0a105 (adj 0): stop com.android.gpstest
01-15 18:25:03.068  3248  3265 W libprocessgroup: kill(-23714, 9) failed: No such process
01-15 18:25:03.068  3248  5548 W ActivityManager: Force removing ActivityRecord{3be390 u0 com.android.gpstest/.GpsTestActivity t46}: app died, no saved state
01-15 18:25:03.091  3461  3461 D CarrierSvcBindHelper: No carrier app for: 0
01-15 18:25:03.111  3248  3265 W libprocessgroup: kill(-23714, 9) failed: No such process
01-15 18:25:03.112  3248  3333 W InputDispatcher: channel 'f7f5525 com.android.gpstest/com.android.gpstest.GpsTestActivity (server)' ~ Consumer closed input channel or an error occurred.  events=0x9
01-15 18:25:03.112  3248  3333 E InputDispatcher: channel 'f7f5525 com.android.gpstest/com.android.gpstest.GpsTestActivity (server)' ~ Channel is unrecoverably broken and will be disposed!
01-15 18:25:03.112  3248  3333 W InputDispatcher: channel '3677d8 com.android.gpstest/com.android.gpstest.GpsTestActivity (server)' ~ Consumer closed input channel or an error occurred.  events=0x9
01-15 18:25:03.112  3248  3333 E InputDispatcher: channel '3677d8 com.android.gpstest/com.android.gpstest.GpsTestActivity (server)' ~ Channel is unrecoverably broken and will be disposed!
01-15 18:25:03.113  3104  3104 I Zygote  : Process 23714 exited due to signal (9)
01-15 18:25:03.117  3248  3259 I WindowManager: WIN DEATH: Window{3677d8 u0 com.android.gpstest/com.android.gpstest.GpsTestActivity}
01-15 18:25:03.117  3248  3259 W InputDispatcher: Attempted to unregister already unregistered input channel '3677d8 com.android.gpstest/com.android.gpstest.GpsTestActivity (server)'
01-15 18:25:03.118  3248  3846 I WindowManager: WIN DEATH: Window{f7f5525 u0 com.android.gpstest/com.android.gpstest.GpsTestActivity}
01-15 18:25:03.118  3248  3846 W InputDispatcher: Attempted to unregister already unregistered input channel 'f7f5525 com.android.gpstest/com.android.gpstest.GpsTestActivity (server)'
01-15 18:25:03.119  3010  5624 D gralloc_ranchu: gralloc_alloc: Creating ashmem region of size 8298496
01-15 18:25:03.119  3103  3160 W SurfaceFlinger: Attempting to destroy on removed layer: AppWindowToken{4710c8e token=Token{a35f489 ActivityRecord{3be390 u0 com.android.gpstest/.GpsTestActivity t46}}}#0
01-15 18:25:03.119  3103  3160 W SurfaceFlinger: Attempting to destroy on removed layer: Task=46#0
01-15 18:25:03.119  3010  3052 D gralloc_ranchu: gralloc_alloc: Creating ashmem region of size 8298496
01-15 18:25:03.119  3248  3270 W ActivityManager: setHasOverlayUi called on unknown pid: 23714
01-15 18:25:03.120  3010  5624 D gralloc_ranchu: gralloc_alloc: Creating ashmem region of size 8298496
01-15 18:25:03.122  3392  3392 I GoogleInputMethod: onFinishInput() : Dummy InputConnection bound
01-15 18:25:03.122  3392  3392 I GoogleInputMethod: onStartInput() : Dummy InputConnection bound
01-15 18:25:03.132  3918  4082 D EGL_emulation: eglMakeCurrent: 0x7931636960: ver 3 0 (tinfo 0x793160d800)
01-15 18:25:03.147  3404  3574 D EGL_emulation: eglMakeCurrent: 0x7931639200: ver 3 0 (tinfo 0x7931681c60)
01-15 18:25:03.150  3248  3265 W libprocessgroup: kill(-23714, 9) failed: No such process
01-15 18:25:03.150  3248  3265 I libprocessgroup: Successfully killed process cgroup uid 10105 pid 23714 in 82ms
01-15 18:25:03.153  3404  3574 D EGL_emulation: eglMakeCurrent: 0x7931639200: ver 3 0 (tinfo 0x7931681c60)
01-15 18:25:03.164  3404  3574 D EGL_emulation: eglMakeCurrent: 0x7931639200: ver 3 0 (tinfo 0x7931681c60)
01-15 18:25:03.607  3248  3320 I GnssLocationProvider: WakeLock acquired by sendMessage(REPORT_SV_STATUS, 0, com.android.server.location.GnssLocationProvider$SvStatusInfo@f03255e)
01-15 18:25:03.607  3248  3261 I GnssLocationProvider: WakeLock released by handleMessage(REPORT_SV_STATUS, 0, com.android.server.location.GnssLocationProvider$SvStatusInfo@f03255e)
01-15 18:25:04.611  3248  3320 I GnssLocationProvider: WakeLock acquired by sendMessage(REPORT_SV_STATUS, 0, com.android.server.location.GnssLocationProvider$SvStatusInfo@e6dbd3f)
01-15 18:25:04.612  3248  3261 I GnssLocationProvider: WakeLock released by handleMessage(REPORT_SV_STATUS, 0, com.android.server.location.GnssLocationProvider$SvStatusInfo@e6dbd3f)
01-15 18:25:05.615  3248  3320 I GnssLocationProvider: WakeLock acquired by sendMessage(REPORT_SV_STATUS, 0, com.android.server.location.GnssLocationProvider$SvStatusInfo@21cf60c)
01-15 18:25:05.615  3248  3261 I GnssLocationProvider: WakeLock released by handleMessage(REPORT_SV_STATUS, 0, com.android.server.location.GnssLocationProvider$SvStatusInfo@21cf60c)
01-15 18:25:06.533  3248  3262 I ActivityManager: Force stopping com.android.gpstest appid=10105 user=-1: deletePackageX
01-15 18:25:06.593  3109  3109 I keystore: clear_uid 10105
01-15 18:25:06.619  3248  3320 I GnssLocationProvider: WakeLock acquired by sendMessage(REPORT_SV_STATUS, 0, com.android.server.location.GnssLocationProvider$SvStatusInfo@2949b55)
01-15 18:25:06.619  3248  3261 I GnssLocationProvider: WakeLock released by handleMessage(REPORT_SV_STATUS, 0, com.android.server.location.GnssLocationProvider$SvStatusInfo@2949b55)
01-15 18:25:06.643  3248  3286 I system_server: Explicit concurrent copying GC freed 95924(3MB) AllocSpace objects, 23(732KB) LOS objects, 34% free, 11MB/17MB, paused 35us total 48.180ms
01-15 18:25:06.648  3248  3286 I ActivityManager: Force stopping com.android.gpstest appid=10105 user=0: pkg removed
01-15 18:25:06.654  3248  3262 W BroadcastQueue: Background execution not allowed: receiving Intent { act=android.intent.action.PACKAGE_REMOVED dat=package:com.android.gpstest flg=0x4000010 (has extras) } to com.android.musicfx/.Compatibility$Receiver
01-15 18:25:06.654  3248  3262 W BroadcastQueue: Background execution not allowed: receiving Intent { act=android.intent.action.PACKAGE_REMOVED dat=package:com.android.gpstest flg=0x4000010 (has extras) } to com.android.vending/com.google.android.finsky.packagemonitor.impl.PackageMonitorReceiverImpl$RegisteredReceiver
01-15 18:25:06.654  3248  3262 W BroadcastQueue: Background execution not allowed: receiving Intent { act=android.intent.action.PACKAGE_REMOVED dat=package:com.android.gpstest flg=0x4000010 (has extras) } to com.android.vending/com.google.android.finsky.instantapps.appmanagement.InstantAppRemoveMonitor
01-15 18:25:06.654  3248  3262 W BroadcastQueue: Background execution not allowed: receiving Intent { act=android.intent.action.PACKAGE_REMOVED dat=package:com.android.gpstest flg=0x4000010 (has extras) } to com.google.android.gms/.games.chimera.GamesSystemBroadcastReceiverProxy
01-15 18:25:06.654  3248  3262 W BroadcastQueue: Background execution not allowed: receiving Intent { act=android.intent.action.PACKAGE_REMOVED dat=package:com.android.gpstest flg=0x4000010 (has extras) } to com.google.android.gms/.chimera.GmsIntentOperationService$PersistentTrustedReceiver
01-15 18:25:06.654  3248  3262 W BroadcastQueue: Background execution not allowed: receiving Intent { act=android.intent.action.PACKAGE_REMOVED dat=package:com.android.gpstest flg=0x4000010 (has extras) } to com.google.android.googlequicksearchbox/com.google.android.apps.gsa.googlequicksearchbox.GelStubAppWatcher
01-15 18:25:06.657  3822  3822 I GsaVoiceInteractionSrv: (REDACTED) O received %s
01-15 18:25:06.665  4001  4001 I Finsky  : [2] ssf.m(0): PackageMonitorReceiverImpl - Received: android.intent.action.PACKAGE_REMOVED, [1Gs0hyxgBQbxymtIaNymu4YClFghhsGmEnKp-_4-M4A]
01-15 18:25:06.667  4001  4001 I Finsky  : [2] ssx.n(8): Invalidating cached PackageState for com.android.gpstest
01-15 18:25:06.669  4001  4001 I Finsky  : [2] ssx.s(5): Package no longer installed: com.android.gpstest
01-15 18:25:06.685  4001  4001 I Finsky  : [2] ssx.s(5): Package no longer installed: com.android.gpstest
01-15 18:25:06.718  4929  4929 E CarrierServices: [2] btx.a: Invalid signature found for com.android.contacts: 18B66F4996F3D01CEAD29D3A3AA81801E7950B82
01-15 18:25:06.727  3248  3334 I InputReader: Reconfiguring input devices.  changes=0x00000010
01-15 18:25:06.733  4929  4929 E CarrierServices: [2] btx.a: Invalid signature found for com.android.contacts: 18B66F4996F3D01CEAD29D3A3AA81801E7950B82
01-15 18:25:06.739  3461  3461 D CarrierSvcBindHelper: No carrier app for: 0
01-15 18:25:06.763  3248  3248 I ConditionProviders: Disallowing condition provider com.android.gpstest
01-15 18:25:06.772  3632 28441 I Fitness : FitCleanupIntentOperation received Intent android.intent.action.PACKAGE_REMOVED [CONTEXT service_id=17 ]
01-15 18:25:06.780  3248  3350 D WifiConfigManager: Remove all networks for app ApplicationInfo{49b3f6e com.android.gpstest}
01-15 18:25:06.784  4001 28433 I Finsky  : [402] kwu.run(2): Frosting DB delete succeeded: true
01-15 18:25:06.786  4001 28433 I Finsky  : [402] kwu.run(2): Frosting DB delete succeeded: false
01-15 18:25:06.794  4001  4225 I Finsky  : [126] goc.a(5): AIM: AppInfoManager-Perf > OnDeviceAppInfo > cacheHitCount=0, cacheMissCount=1. Missed  in cache (limit 10) : [com.android.gpstest]
01-15 18:25:06.794  4001  4225 I Finsky  : [126] glp.apply(78): AIM: Got app ownership map. App counts: . Unique apps: 0
01-15 18:25:06.803  4001  4001 I Finsky  : [2] adsk.c(3): Do not start WearSupportService due to Wear service optimization
01-15 18:25:06.805  4001  4001 I Finsky  : [2] wyc.a(8): Clearing split related stale data.
01-15 18:25:06.809  4001 28462 I Finsky  : [413] njc.accept(24): IQ: handled package removed
01-15 18:25:06.817  3793 28450 I BlockstoreStorage: Clearing all the Blockstore Data for package com.android.gpstest [CONTEXT service_id=258 ]
01-15 18:25:06.817  3793 28450 I BlockstoreStorage: Clearing all the Blockstore Data for 1 packages [CONTEXT service_id=258 ]
01-15 18:25:06.846  3793 23690 I ContentMaintenance: Internal cache bytes used: 0; limit: 100000000; download size: 0
01-15 18:25:06.859  3793 23662 I Icing   : doRemovePackageData com.android.gpstest
01-15 18:25:06.863  4001  4224 I Finsky  : [125] gnw.a(11): AIM: AppInfoManager-Perf > ItemModel > CacheSize=0, cacheHitCount=0, cacheMissCount=1, total appsWithNoServerDataCount=0. Missed  in cache (limit 10) : [com.android.gpstest]
01-15 18:25:06.863  4001  4224 I Finsky  : [125] goa.p(3): AIM: AppInfoManager-Perf > ItemModel > ItemStore Called 1 apps cacheOptions = USE_CACHE
01-15 18:25:06.864  4001  4224 I Finsky  : [125] gnw.a(80): AIM: ItemModel fetch - unauth(1), auth()
01-15 18:25:06.866  4001 28467 I Finsky  : [414] at.a(48): Asset module storage cleared for package com.android.gpstest.
01-15 18:25:06.867  4001  4001 I Finsky  : [2] ssf.m(0): PackageMonitorReceiverImpl - Received: android.intent.action.PACKAGE_FULLY_REMOVED, [1Gs0hyxgBQbxymtIaNymu4YClFghhsGmEnKp-_4-M4A]
01-15 18:25:06.867  4001  4001 I Finsky  : [2] ssx.n(8): Invalidating cached PackageState for com.android.gpstest
01-15 18:25:06.867  4001  4001 I Finsky  : [2] ssx.s(5): Package no longer installed: com.android.gpstest
01-15 18:25:06.868  4001 28433 I Finsky  : [402] kwu.run(2): Frosting DB delete succeeded: false
01-15 18:25:06.869  4001  4001 I Finsky  : [2] ssf.m(0): PackageMonitorReceiverImpl - Deduping intent android.intent.action.PACKAGE_FULLY_REMOVED
01-15 18:25:06.869  4001  4208 I Finsky  : [121] ouj.apply(20): ItemStore: Missing some fields: com.android.gpstest, 1
01-15 18:25:06.877  3793 23690 I RealtimeCacheCleanup: Beginning Realtime garbage collection.
01-15 18:25:06.896  3793 23690 I RealtimeCacheCleanup: Finished Realtime garbage collection.
01-15 18:25:06.921  3793  3793 D BoundBrokerSvc: onBind: Intent { act=com.google.android.gms.common.BIND_SHARED_PREFS pkg=com.google.android.gms }
01-15 18:25:06.921  3793  3793 D BoundBrokerSvc: Loading bound service for intent: Intent { act=com.google.android.gms.common.BIND_SHARED_PREFS pkg=com.google.android.gms }
01-15 18:25:06.926  3793  4071 I Icing   : IndexChimeraService.getServiceInterface callingPackage=com.google.android.gms componentName=AppsCorpus serviceId=36
01-15 18:25:06.928  4001  4016 I android.vendin: Background concurrent copying GC freed 141998(5MB) AllocSpace objects, 8(544KB) LOS objects, 43% free, 7MB/13MB, paused 746us total 126.232ms
01-15 18:25:06.931  3793  3793 D BoundBrokerSvc: onUnbind: Intent { act=com.google.android.gms.common.BIND_SHARED_PREFS pkg=com.google.android.gms }
01-15 18:25:06.935  3793  3793 D BoundBrokerSvc: onBind: Intent { act=com.google.android.gms.feedback.internal.IFeedbackService dat=chimera-action: cmp=com.google.android.gms/.chimera.GmsBoundBrokerService }
01-15 18:25:06.935  3793  3793 D BoundBrokerSvc: Loading bound service for intent: Intent { act=com.google.android.gms.feedback.internal.IFeedbackService dat=chimera-action: cmp=com.google.android.gms/.chimera.GmsBoundBrokerService }
01-15 18:25:06.947  3793 23662 W Icing   : No valid account for uploading user actions
01-15 18:25:06.984  3248  3286 I PackageManager.DexOptimizer: Running dexopt (dexoptNeeded=1) on: /data/app/com.android.gpstest-5JlG3tB_ns830LhP9TKQlA==/base.apk pkg=com.android.gpstest isa=arm64 dexoptFlags=boot_complete,profile_guided,public,enable_hidden_api_checks targetFilter=speed-profile oatDir=/data/app/com.android.gpstest-5JlG3tB_ns830LhP9TKQlA==/oat classLoaderContext=PCL[/system/framework/org.apache.http.legacy.boot.jar]
01-15 18:25:06.984  3108  3376 V installed: DexInv: --- BEGIN '/data/app/com.android.gpstest-5JlG3tB_ns830LhP9TKQlA==/base.apk' ---
01-15 18:25:06.995  3793 23662 I Icing   : Usage reports ok 2, Failed Usage reports 0, indexed 0, rejected 0
01-15 18:25:06.996  3793  4071 I Icing   : IndexChimeraService.getServiceInterface callingPackage=com.google.android.gms componentName=null serviceId=30
01-15 18:25:06.997 28478 28478 I dex2oat : /system/bin/dex2oat --input-vdex-fd=-1 --output-vdex-fd=8 --compiler-filter=speed-profile --classpath-dir=/data/app/com.android.gpstest-5JlG3tB_ns830LhP9TKQlA== --class-loader-context=PCL[/system/framework/org.apache.http.legacy.boot.jar] --generate-mini-debug-info --compact-dex-level=none --compilation-reason=install
01-15 18:25:06.997 28478 28478 E cutils-trace: Error opening trace file: No such file or directory (2)
01-15 18:25:07.005  3793 23662 W Icing   : No valid account for uploading user actions
01-15 18:25:07.013  3793 23662 I Icing   : Usage reports ok 0, Failed Usage reports 0, indexed 0, rejected 0
01-15 18:25:07.015  3793 23662 I Icing   : Indexing com.google.android.gms-apps from com.google.android.gms
01-15 18:25:07.017  3793 13861 I Icing   : Indexing done com.google.android.gms-apps
01-15 18:25:07.121  4001  4224 I Finsky  : [125] vem.accept(56): SCH: Scheduling phonesky job Id: 12-1, CT: 1673825106843, Constraints: [{ L: 15000, D: 86400000, C: 1, I: 1, N: 1 }]
01-15 18:25:07.128  4001  4225 I Finsky  : [126] ved.apply(9): SCH: Scheduling 1 system job(s)
01-15 18:25:07.128  4001  4225 I Finsky  : [126] vnt.d(4): SCH: Scheduling system job Id: 9320, L: 14715, D: 64584816, C: false, I: false, N: 1
01-15 18:25:07.137  4001  4184 I Finsky  : [117] asr.aaa(10): [ContentSync] finished, scheduled=true
01-15 18:25:07.248 28478 28478 I dex2oat : Explicit concurrent copying GC freed 9170(3MB) AllocSpace objects, 0(0B) LOS objects, 99% free, 912B/1536KB, paused 30us total 1.860ms
01-15 18:25:07.308 28478 28478 I dex2oat : dex2oat took 311.094ms (485.073ms cpu) (threads: 4) arena alloc=8KB (8856B) java alloc=16KB (17296B) native alloc=3MB (3439144B) free=6MB (7046616B)
01-15 18:25:07.311  3108  3376 V installed: DexInv: --- END '/data/app/com.android.gpstest-5JlG3tB_ns830LhP9TKQlA==/base.apk' (success) ---
01-15 18:25:07.312  3248  3286 V BackupManagerService: restoreAtInstall pkg=com.android.gpstest token=a restoreSet=0
01-15 18:25:07.312  3248  3286 V BackupManagerService: Finishing install immediately
01-15 18:25:07.319  3108  3376 E         : Couldn't opendir /data/app/vmdl1536922313.tmp: No such file or directory
01-15 18:25:07.319  3108  3376 E installd: Failed to delete /data/app/vmdl1536922313.tmp: No such file or directory
01-15 18:25:07.329  3248  3334 I InputReader: Reconfiguring input devices.  changes=0x00000010
01-15 18:25:07.329  4001  4001 I Finsky  : [2] ssf.m(0): PackageMonitorReceiverImpl - Received: android.intent.action.PACKAGE_ADDED, [1Gs0hyxgBQbxymtIaNymu4YClFghhsGmEnKp-_4-M4A]
01-15 18:25:07.329  4001  4001 I Finsky  : [2] ssx.n(8): Invalidating cached PackageState for com.android.gpstest
01-15 18:25:07.329  3822  3822 I GsaVoiceInteractionSrv: (REDACTED) O received %s
01-15 18:25:07.334  3248  3248 I Telecom : DefaultDialerCache: Refreshing default dialer for user 0: now com.google.android.dialer: DDC.oR@ANk
01-15 18:25:07.335  4929  4929 I CarrierServices: [2] RcsAutoStartReceiver.b: carrierServicesJibeServiceEnabled changed from true to true
01-15 18:25:07.336  4929  4929 I CarrierServices: [2] RcsAutoStartReceiver.b: enableRcs changed from true to true
01-15 18:25:07.336  4929  4929 I CarrierServices: [2] RcsAutoStartReceiver.b: RcsAutoStartReceiver triggered. Fetching RCS State. Action: android.intent.action.PACKAGE_ADDED
01-15 18:25:07.340  3248  3259 W BroadcastQueue: Background execution not allowed: receiving Intent { act=android.intent.action.PACKAGE_ADDED dat=package:com.android.gpstest flg=0x4000010 (has extras) } to com.android.musicfx/.Compatibility$Receiver
01-15 18:25:07.340  3248  3262 W BroadcastQueue: Background execution not allowed: receiving Intent { act=android.intent.action.PACKAGE_ADDED dat=package:com.android.gpstest flg=0x4000010 (has extras) } to com.android.vending/com.google.android.finsky.packagemonitor.impl.PackageMonitorReceiverImpl$RegisteredReceiver
01-15 18:25:07.340  3248  3262 W BroadcastQueue: Background execution not allowed: receiving Intent { act=android.intent.action.PACKAGE_ADDED dat=package:com.android.gpstest flg=0x4000010 (has extras) } to com.google.android.gms/.games.chimera.GamesSystemBroadcastReceiverProxy
01-15 18:25:07.340  3248  3262 W BroadcastQueue: Background execution not allowed: receiving Intent { act=android.intent.action.PACKAGE_ADDED dat=package:com.android.gpstest flg=0x4000010 (has extras) } to com.google.android.gms/.gass.chimera.PackageChangeBroadcastReceiver
01-15 18:25:07.340  3248  3262 W BroadcastQueue: Background execution not allowed: receiving Intent { act=android.intent.action.PACKAGE_ADDED dat=package:com.android.gpstest flg=0x4000010 (has extras) } to com.google.android.gms/.chimera.GmsIntentOperationService$PersistentTrustedReceiver
01-15 18:25:07.340  3248  3262 W BroadcastQueue: Background execution not allowed: receiving Intent { act=android.intent.action.PACKAGE_ADDED dat=package:com.android.gpstest flg=0x4000010 (has extras) } to com.google.android.googlequicksearchbox/com.google.android.apps.gsa.googlequicksearchbox.GelStubAppWatcher
01-15 18:25:07.340  3248  3262 W BroadcastQueue: Background execution not allowed: receiving Intent { act=android.intent.action.PACKAGE_ADDED dat=package:com.android.gpstest flg=0x4000010 (has extras) } to com.google.android.ims/.receivers.RcsAutoStartReceiver
01-15 18:25:07.344  3248  3248 V BackupManagerConstants: getFullBackupIntervalMilliseconds(...) returns 86400000
01-15 18:25:07.351  4929  4929 I CarrierServices: [2] aws.a: Migration binding to RcsMigrationService
01-15 18:25:07.355 26595 26595 I Bugle   : returning RCS state provider.
01-15 18:25:07.360  4001 28433 I Finsky  : [402] kwu.run(3): Wrote row to frosting DB: 150
01-15 18:25:07.371  4001  4208 I Finsky  : [121] goc.a(5): AIM: AppInfoManager-Perf > OnDeviceAppInfo > cacheHitCount=0, cacheMissCount=1. Missed  in cache (limit 10) : [com.android.gpstest]
01-15 18:25:07.371  4001  4208 I Finsky  : [121] glp.apply(78): AIM: Got app ownership map. App counts: . Unique apps: 0
01-15 18:25:07.374 26595 10221 I CarrierServices: [337] inq.shouldUseCarrierServicesApkForV1Apis: Checking if using CarrierServices.apk is possible. Enabled: true, isAtLeastM: true, runningInsideBugle: true
01-15 18:25:07.376  3632 28441 W GCM     : Unexpected forwarded intent: Intent { act=android.intent.action.PACKAGE_ADDED dat=package:com.android.gpstest flg=0x4000010 pkg=com.google.android.gms cmp=com.google.android.gms/.chimera.PersistentIntentOperationService (has extras) }
01-15 18:25:07.379  3461  3461 D CarrierSvcBindHelper: No carrier app for: 0
01-15 18:25:07.380  4001  4204 I Finsky  : [120] gnw.a(11): AIM: AppInfoManager-Perf > ItemModel > CacheSize=0, cacheHitCount=0, cacheMissCount=1, total appsWithNoServerDataCount=0. Missed  in cache (limit 10) : [com.android.gpstest]
01-15 18:25:07.380  4001  4204 I Finsky  : [120] goa.p(3): AIM: AppInfoManager-Perf > ItemModel > ItemStore Called 1 apps cacheOptions = USE_CACHE
01-15 18:25:07.382  3632 28442 W GCM     : Unexpected forwarded intent: Intent { act=android.intent.action.PACKAGE_ADDED dat=package:com.android.gpstest flg=0x4000010 pkg=com.google.android.gms cmp=com.google.android.gms/.chimera.PersistentIntentOperationService (has extras) }
01-15 18:25:07.383  4001 28433 I Finsky  : [402] kwu.run(3): Wrote row to frosting DB: 151
01-15 18:25:07.383  4001  4204 I Finsky  : [120] gnw.a(80): AIM: ItemModel fetch - unauth(1), auth()
01-15 18:25:07.383  4001  4001 I Finsky  : [2] adsk.c(3): Do not start WearSupportService due to Wear service optimization
01-15 18:25:07.383  4001  4001 I Finsky  : [2] wyc.a(8): Clearing split related stale data.
01-15 18:25:07.384 26595 10221 I CarrierServices: [337] inq.e: Network Operator: 310260
01-15 18:25:07.385  3461  3461 D ImsResolver: maybeAddedImsService, packageName: com.android.gpstest
01-15 18:25:07.385 26595 10221 I CarrierServices: [337] inq.e: carrierWithOldEcApis: false
01-15 18:25:07.385 26595 10221 I CarrierServices: [337] inq.e: hasDialerThatSupportsNewEc: false
01-15 18:25:07.385  3461  3461 D CarrierConfigLoader: mHandler: 9 phoneId: 0
01-15 18:25:07.386  4001 28467 I Finsky  : [414] at.a(48): Asset module storage cleared for package com.android.gpstest.
01-15 18:25:07.386  4001 28460 I Finsky  : [411] asr.aaa(10): [ContentSync] finished, scheduled=false
01-15 18:25:07.390  3793 28450 I Auth    : [SupervisedAccountIntentOperation] onHandleIntent(): android.intent.action.PACKAGE_ADDED
01-15 18:25:07.396 26595 10221 W RcsProvisioning: Failed to read configuration: /data/user/0/com.google.android.apps.messaging/files/rcsconfig (No such file or directory)
01-15 18:25:07.396 26595 10221 W RcsProvisioning: java.io.FileNotFoundException: /data/user/0/com.google.android.apps.messaging/files/rcsconfig (No such file or directory)
01-15 18:25:07.396 26595 10221 W RcsProvisioning: 	at java.io.FileInputStream.open0(Native Method)
01-15 18:25:07.396 26595 10221 W RcsProvisioning: 	at java.io.FileInputStream.open(FileInputStream.java:231)
01-15 18:25:07.396 26595 10221 W RcsProvisioning: 	at java.io.FileInputStream.<init>(FileInputStream.java:165)
01-15 18:25:07.396 26595 10221 W RcsProvisioning: 	at android.app.ContextImpl.openFileInput(ContextImpl.java:560)
01-15 18:25:07.396 26595 10221 W RcsProvisioning: 	at android.content.ContextWrapper.openFileInput(ContextWrapper.java:202)
01-15 18:25:07.396 26595 10221 W RcsProvisioning: 	at ion.a(SourceFile:2)
01-15 18:25:07.396 26595 10221 W RcsProvisioning: 	at idl.a(SourceFile:4)
01-15 18:25:07.396 26595 10221 W RcsProvisioning: 	at idm.a(SourceFile:7)
01-15 18:25:07.396 26595 10221 W RcsProvisioning: 	at com.google.android.apps.messaging.rcsmigration.RcsStateProvider.buildRcsState(SourceFile:81)
01-15 18:25:07.396 26595 10221 W RcsProvisioning: 	at com.google.android.apps.messaging.rcsmigration.RcsStateProvider.getRcsState(SourceFile:6)
01-15 18:25:07.396 26595 10221 W RcsProvisioning: 	at com.google.android.ims.rcsmigration.IRcsStateProvider$Stub.dispatchTransaction(SourceFile:10)
01-15 18:25:07.396 26595 10221 W RcsProvisioning: 	at com.google.android.aidl.BaseStub.onTransact(SourceFile:18)
01-15 18:25:07.396 26595 10221 W RcsProvisioning: 	at android.os.Binder.execTransact(Binder.java:731)
01-15 18:25:07.396 26595 10221 D RcsProvisioning: Retrieving backup token
01-15 18:25:07.396 26595 10221 D RcsProvisioning: Exception while getting subscriber Id. Using default
01-15 18:25:07.398  3793 28490 I BlockstoreStorage: Clearing Blockstore Data for package com.android.gpstest [CONTEXT service_id=258 ]
01-15 18:25:07.398  3793  3793 D BoundBrokerSvc: onBind: Intent { act=com.google.android.gms.common.BIND_SHARED_PREFS pkg=com.google.android.gms }
01-15 18:25:07.398  3793  3793 D BoundBrokerSvc: Loading bound service for intent: Intent { act=com.google.android.gms.common.BIND_SHARED_PREFS pkg=com.google.android.gms }
01-15 18:25:07.401  3793  3793 D BoundBrokerSvc: onUnbind: Intent { act=com.google.android.gms.common.BIND_SHARED_PREFS pkg=com.google.android.gms }
01-15 18:25:07.403  3793 28490 I BlockstoreStorage: Keyless data not found or its IsLastInstallationData = false. [CONTEXT service_id=258 ]
01-15 18:25:07.420  3632  4333 W ChimeraUtils: Module com.google.android.gms.nearby_en has empty metadata display_name_string_id
01-15 18:25:07.425  3632  4333 W ChimeraUtils: Module com.google.android.gms.nearby_en has empty metadata display_name_string_id
01-15 18:25:07.470  3793 13861 I Icing   : Indexing com.google.android.gms-apps from com.google.android.gms
01-15 18:25:07.474  3793 13861 I Icing   : Indexing done com.google.android.gms-apps
01-15 18:25:07.499 26595 10221 D RcsProvisioning: No backup token found
01-15 18:25:07.499 26595 10221 D RcsProvisioning: Retrieving backup token
01-15 18:25:07.499 26595 10221 D RcsProvisioning: Exception while getting subscriber Id. Using default
01-15 18:25:07.547 28494 28494 D AndroidRuntime: >>>>>> START com.android.internal.os.RuntimeInit uid 2000 <<<<<<
01-15 18:25:07.549 28494 28494 E cutils-trace: Error opening trace file: No such file or directory (2)
01-15 18:25:07.583 28494 28494 I app_process: The ClassLoaderContext is a special shared library.
01-15 18:25:07.595 28494 28494 D AndroidRuntime: Calling main entry com.android.commands.monkey.Monkey
01-15 18:25:07.596 28494 28494 W Monkey  : args: [-p, com.android.gpstest, -c, android.intent.category.LAUNCHER, 1]
01-15 18:25:07.596 28494 28494 W Monkey  :  arg: "-p"
01-15 18:25:07.596 28494 28494 W Monkey  :  arg: "com.android.gpstest"
01-15 18:25:07.596 28494 28494 W Monkey  :  arg: "-c"
01-15 18:25:07.596 28494 28494 W Monkey  :  arg: "android.intent.category.LAUNCHER"
01-15 18:25:07.596 28494 28494 W Monkey  :  arg: "1"
01-15 18:25:07.596 28494 28494 W Monkey  : data="com.android.gpstest"
01-15 18:25:07.596 28494 28494 W Monkey  : data="android.intent.category.LAUNCHER"
01-15 18:25:07.600 26595 10221 D RcsProvisioning: No backup token found
01-15 18:25:07.604  3248  3262 W BroadcastQueue: Skipping deliver [background] BroadcastRecord{354aa66 u-1 android.net.conn.CONNECTIVITY_CHANGE} to ReceiverList{7dbd1a7 28494 (unknown name)/2000/u-1 remote:12b67a8}: process gone or crashing
01-15 18:25:07.605 26595 10221 W RcsProvisioning: Failed to read configuration: /data/user/0/com.google.android.apps.messaging/files/rcsconfig (No such file or directory)
01-15 18:25:07.605 26595 10221 W RcsProvisioning: java.io.FileNotFoundException: /data/user/0/com.google.android.apps.messaging/files/rcsconfig (No such file or directory)
01-15 18:25:07.605 26595 10221 W RcsProvisioning: 	at java.io.FileInputStream.open0(Native Method)
01-15 18:25:07.605 26595 10221 W RcsProvisioning: 	at java.io.FileInputStream.open(FileInputStream.java:231)
01-15 18:25:07.605 26595 10221 W RcsProvisioning: 	at java.io.FileInputStream.<init>(FileInputStream.java:165)
01-15 18:25:07.605 26595 10221 W RcsProvisioning: 	at android.app.ContextImpl.openFileInput(ContextImpl.java:560)
01-15 18:25:07.605 26595 10221 W RcsProvisioning: 	at android.content.ContextWrapper.openFileInput(ContextWrapper.java:202)
01-15 18:25:07.605 26595 10221 W RcsProvisioning: 	at ion.a(SourceFile:2)
01-15 18:25:07.605 26595 10221 W RcsProvisioning: 	at idl.a(SourceFile:4)
01-15 18:25:07.605 26595 10221 W RcsProvisioning: 	at idm.a(SourceFile:7)
01-15 18:25:07.605 26595 10221 W RcsProvisioning: 	at iez.buildConferencesFileName(SourceFile:30)
01-15 18:25:07.605 26595 10221 W RcsProvisioning: 	at com.google.android.apps.messaging.rcsmigration.RcsStateProvider.buildRcsState(SourceFile:129)
01-15 18:25:07.605 26595 10221 W RcsProvisioning: 	at com.google.android.apps.messaging.rcsmigration.RcsStateProvider.getRcsState(SourceFile:6)
01-15 18:25:07.605 26595 10221 W RcsProvisioning: 	at com.google.android.ims.rcsmigration.IRcsStateProvider$Stub.dispatchTransaction(SourceFile:10)
01-15 18:25:07.605 26595 10221 W RcsProvisioning: 	at com.google.android.aidl.BaseStub.onTransact(SourceFile:18)
01-15 18:25:07.605 26595 10221 W RcsProvisioning: 	at android.os.Binder.execTransact(Binder.java:731)
01-15 18:25:07.605 26595 10221 D RcsProvisioning: Retrieving backup token
01-15 18:25:07.605 26595 10221 D RcsProvisioning: Exception while getting subscriber Id. Using default
01-15 18:25:07.608  3248  5830 I ActivityManager: START u0 {act=android.intent.action.MAIN cat=[android.intent.category.LAUNCHER] flg=0x10200000 cmp=com.android.gpstest/.GpsTestActivity} from uid 2000
01-15 18:25:07.608  3248  5830 W Binder  : Outgoing transactions from this process must be FLAG_ONEWAY
01-15 18:25:07.608  3248  5830 W Binder  : java.lang.Throwable
01-15 18:25:07.608  3248  5830 W Binder  : 	at android.os.BinderProxy.transact(Binder.java:1114)
01-15 18:25:07.608  3248  5830 W Binder  : 	at android.app.IActivityController$Stub$Proxy.activityStarting(IActivityController.java:176)
01-15 18:25:07.608  3248  5830 W Binder  : 	at com.android.server.am.ActivityStarter.startActivity(ActivityStarter.java:737)
01-15 18:25:07.608  3248  5830 W Binder  : 	at com.android.server.am.ActivityStarter.startActivity(ActivityStarter.java:544)
01-15 18:25:07.608  3248  5830 W Binder  : 	at com.android.server.am.ActivityStarter.startActivityMayWait(ActivityStarter.java:1099)
01-15 18:25:07.608  3248  5830 W Binder  : 	at com.android.server.am.ActivityStarter.execute(ActivityStarter.java:486)
01-15 18:25:07.608  3248  5830 W Binder  : 	at com.android.server.am.ActivityManagerService.startActivityAsUser(ActivityManagerService.java:5120)
01-15 18:25:07.608  3248  5830 W Binder  : 	at com.android.server.am.ActivityManagerService.startActivityAsUser(ActivityManagerService.java:5094)
01-15 18:25:07.608  3248  5830 W Binder  : 	at com.android.server.am.ActivityManagerService.startActivity(ActivityManagerService.java:5085)
01-15 18:25:07.608  3248  5830 W Binder  : 	at android.app.IActivityManager$Stub.onTransact$startActivity$(IActivityManager.java:10084)
01-15 18:25:07.608  3248  5830 W Binder  : 	at android.app.IActivityManager$Stub.onTransact(IActivityManager.java:122)
01-15 18:25:07.608  3248  5830 W Binder  : 	at com.android.server.am.ActivityManagerService.onTransact(ActivityManagerService.java:3291)
01-15 18:25:07.608  3248  5830 W Binder  : 	at android.os.Binder.execTransact(Binder.java:731)
01-15 18:25:07.624  3248  3320 I GnssLocationProvider: WakeLock acquired by sendMessage(REPORT_SV_STATUS, 0, com.android.server.location.GnssLocationProvider$SvStatusInfo@c527916)
01-15 18:25:07.624  3248  3261 I GnssLocationProvider: WakeLock released by handleMessage(REPORT_SV_STATUS, 0, com.android.server.location.GnssLocationProvider$SvStatusInfo@c527916)
01-15 18:25:07.625 28494 28494 I Monkey  : Events injected: 1
01-15 18:25:07.627  3248  3248 V SettingsProvider: Notifying for 0: content://settings/system/accelerometer_rotation
01-15 18:25:07.635 28506 28506 E android.gpstes: Not starting debugger since process cannot load the jdwp agent.
01-15 18:25:07.636  3248  3248 V SettingsProvider: Notifying for 0: content://settings/system/accelerometer_rotation
01-15 18:25:07.636  3248  3264 I ActivityManager: Start proc 28506:com.android.gpstest/u0a106 for activity com.android.gpstest/.GpsTestActivity
01-15 18:25:07.643 28494 28494 I Monkey  : ## Network stats: elapsed time=35ms (0ms mobile, 0ms wifi, 35ms not connected)
01-15 18:25:07.643 28494 28494 I app_process: System.exit called, status: 0
01-15 18:25:07.643 28494 28494 I AndroidRuntime: VM exiting with result code 0.
01-15 18:25:07.652  3010  5624 D gralloc_ranchu: gralloc_alloc: Creating ashmem region of size 8298496
01-15 18:25:07.655 28506 28506 I android.gpstes: The ClassLoaderContext is a special shared library.
01-15 18:25:07.683  3010  5624 D gralloc_ranchu: gralloc_alloc: Creating ashmem region of size 8298496
01-15 18:25:07.707 26595 10221 D RcsProvisioning: No backup token found
01-15 18:25:07.707 26595 10221 E CarrierServices: [337] iez.getFile: File not found.: /data/user/0/com.google.android.apps.messaging/files/httpft_pending (No such file or directory)
01-15 18:25:07.707 26595 10221 E CarrierServices: 	java.io.FileInputStream.open0(Native Method)
01-15 18:25:07.707 26595 10221 E CarrierServices: 	java.io.FileInputStream.open(FileInputStream.java:231)
01-15 18:25:07.707 26595 10221 E CarrierServices: 	java.io.FileInputStream.<init>(FileInputStream.java:165)
01-15 18:25:07.707 26595 10221 E CarrierServices: 	android.app.ContextImpl.openFileInput(ContextImpl.java:560)
01-15 18:25:07.707 26595 10221 E CarrierServices: 	android.content.ContextWrapper.openFileInput(ContextWrapper.java:202)
01-15 18:25:07.707 26595 10221 E CarrierServices: 	iez.getFile(SourceFile:20)
01-15 18:25:07.707 26595 10221 E CarrierServices: 	com.google.android.apps.messaging.rcsmigration.RcsStateProvider.buildRcsState(SourceFile:136)
01-15 18:25:07.707 26595 10221 E CarrierServices: 	com.google.android.apps.messaging.rcsmigration.RcsStateProvider.getRcsState(SourceFile:6)
01-15 18:25:07.707 26595 10221 E CarrierServices: 	com.google.android.ims.rcsmigration.IRcsStateProvider$Stub.dispatchTransaction(SourceFile:10)
01-15 18:25:07.707 26595 10221 E CarrierServices: 	com.google.android.aidl.BaseStub.onTransact(SourceFile:18)
01-15 18:25:07.707 26595 10221 E CarrierServices: 	android.os.Binder.execTransact(Binder.java:731)
01-15 18:25:07.710  4929 28525 I CarrierServices: [234] awt.doInBackground: Saving RCS State
01-15 18:25:07.711  4929 28525 I CarrierServices: [234] awt.doInBackground: Old operation mode: 2
01-15 18:25:07.711  4929 28525 I CarrierServices: [234] awt.doInBackground: New operation mode: 2
01-15 18:25:07.713 26595 10221 I CarrierServices: [337] RcsStateProvider.onMigrationComplete: Migration complete.
01-15 18:25:07.718 26595 10221 I CarrierServices: [337] inq.shouldUseCarrierServicesApkForV1Apis: Checking if using CarrierServices.apk is possible. Enabled: true, isAtLeastM: true, runningInsideBugle: true
01-15 18:25:07.718 26595 10221 I CarrierServices: [337] inq.e: Network Operator: 310260
01-15 18:25:07.719 26595 10221 I CarrierServices: [337] inq.e: carrierWithOldEcApis: false
01-15 18:25:07.719 26595 10221 I CarrierServices: [337] inq.e: hasDialerThatSupportsNewEc: false
01-15 18:25:07.719 26595 10221 I CarrierServices: [337] RcsStateProvider.onMigrationComplete: Rcs Engine should be running in cs.apk. Stopping JibeService.
01-15 18:25:07.722 26595 10221 I CarrierServices: [337] RcsStateProvider.onMigrationComplete: JibeService stopped: false
01-15 18:25:07.723 26595 10221 I CarrierServices: [337] inq.e: Network Operator: 310260
01-15 18:25:07.724 26595 10221 I CarrierServices: [337] inq.e: carrierWithOldEcApis: false
01-15 18:25:07.724 26595 10221 I CarrierServices: [337] inq.e: hasDialerThatSupportsNewEc: false
01-15 18:25:07.728 26595 10221 I CarrierServices: [337] jsn.connect: shouldUseCarrierServicesJibeService: true, CarrierServices rcs service found: true
01-15 18:25:07.728 26595 10221 I CarrierServices: [337] jsn.connect: Binding to JibeService in CarrierServices.
01-15 18:25:07.729 26595 26595 D RcsClientLib: Service com.google.android.rcs.client.chatsession.ChatSessionService connected. Will notify listeners: true
01-15 18:25:07.729 26595 26595 V BugleRcs: com.google.android.rcs.client.chatsession.ChatSessionService RCS service connected
01-15 18:25:07.730 26595 10221 I CarrierServices: [337] inq.e: Network Operator: 310260
01-15 18:25:07.733 26595 10221 I CarrierServices: [337] inq.e: carrierWithOldEcApis: false
01-15 18:25:07.733 26595 10221 I CarrierServices: [337] inq.e: hasDialerThatSupportsNewEc: false
01-15 18:25:07.734 26595 10221 I CarrierServices: [337] jsn.connect: shouldUseCarrierServicesJibeService: true, CarrierServices rcs service found: true
01-15 18:25:07.734 26595 10221 I CarrierServices: [337] jsn.connect: Binding to JibeService in CarrierServices.
01-15 18:25:07.736 26595 26595 D RcsClientLib: Service com.google.android.rcs.client.events.EventService connected. Will notify listeners: true
01-15 18:25:07.736 26595 26595 V BugleRcs: com.google.android.rcs.client.events.EventService RCS service connected
01-15 18:25:07.736 26595 10221 I CarrierServices: [337] inq.e: Network Operator: 310260
01-15 18:25:07.737 26595 10221 I CarrierServices: [337] inq.e: carrierWithOldEcApis: false
01-15 18:25:07.737 26595 10221 I CarrierServices: [337] inq.e: hasDialerThatSupportsNewEc: false
01-15 18:25:07.738 26595 10221 I CarrierServices: [337] jsn.connect: shouldUseCarrierServicesJibeService: true, CarrierServices rcs service found: true
01-15 18:25:07.738 26595 10221 I CarrierServices: [337] jsn.connect: Binding to JibeService in CarrierServices.
01-15 18:25:07.739 26595 26595 D RcsClientLib: Service com.google.android.rcs.client.contacts.ContactsService connected. Will notify listeners: true
01-15 18:25:07.739 26595 26595 V BugleRcs: com.google.android.rcs.client.contacts.ContactsService RCS service connected
01-15 18:25:07.740 26595 10221 I CarrierServices: [337] inq.e: Network Operator: 310260
01-15 18:25:07.740 26595 10221 I CarrierServices: [337] inq.e: carrierWithOldEcApis: false
01-15 18:25:07.740 26595 10221 I CarrierServices: [337] inq.e: hasDialerThatSupportsNewEc: false
01-15 18:25:07.740 26595 10221 I CarrierServices: [337] jsn.connect: shouldUseCarrierServicesJibeService: true, CarrierServices rcs service found: true
01-15 18:25:07.740 26595 10221 I CarrierServices: [337] jsn.connect: Binding to JibeService in CarrierServices.
01-15 18:25:07.741 26595 26595 D RcsClientLib: Service com.google.android.rcs.client.filetransfer.FileTransferService connected. Will notify listeners: true
01-15 18:25:07.741 26595 26595 V BugleRcs: com.google.android.rcs.client.filetransfer.FileTransferService RCS service connected
01-15 18:25:07.742 26595 10221 I CarrierServices: [337] inq.e: Network Operator: 310260
01-15 18:25:07.743 26595 10221 I CarrierServices: [337] inq.e: carrierWithOldEcApis: false
01-15 18:25:07.743 26595 10221 I CarrierServices: [337] inq.e: hasDialerThatSupportsNewEc: false
01-15 18:25:07.743 26595 10221 I CarrierServices: [337] jsn.connect: shouldUseCarrierServicesJibeService: true, CarrierServices rcs service found: true
01-15 18:25:07.743 26595 10221 I CarrierServices: [337] jsn.connect: Binding to JibeService in CarrierServices.
01-15 18:25:07.744 26595 26595 D RcsClientLib: Service com.google.android.rcs.client.locationsharing.LocationSharingService connected. Will notify listeners: true
01-15 18:25:07.744 26595 26595 V BugleRcs: com.google.android.rcs.client.locationsharing.LocationSharingService RCS service connected
01-15 18:25:07.744 26595 10221 I CarrierServices: [337] inq.e: Network Operator: 310260
01-15 18:25:07.745 26595 10221 I CarrierServices: [337] inq.e: carrierWithOldEcApis: false
01-15 18:25:07.745 26595 10221 I CarrierServices: [337] inq.e: hasDialerThatSupportsNewEc: false
01-15 18:25:07.745 26595 10221 I CarrierServices: [337] jsn.connect: shouldUseCarrierServicesJibeService: true, CarrierServices rcs service found: true
01-15 18:25:07.745 26595 10221 I CarrierServices: [337] jsn.connect: Binding to JibeService in CarrierServices.
01-15 18:25:07.746 26595 26595 D RcsClientLib: Service com.google.android.rcs.client.ims.ImsConnectionTrackerService connected. Will notify listeners: true
01-15 18:25:07.746 26595 26595 V BugleRcs: com.google.android.rcs.client.ims.ImsConnectionTrackerService RCS service connected
01-15 18:25:07.746 26595 26595 V BugleRcs: kicking off RCS sending/receiving
01-15 18:25:07.747 26595 26595 V BugleAction: no RCS because we're not registered
01-15 18:25:07.748 26595 10221 I CarrierServices: [337] inq.e: Network Operator: 310260
01-15 18:25:07.752 26595 10221 I CarrierServices: [337] inq.e: carrierWithOldEcApis: false
01-15 18:25:07.752 26595 10221 I CarrierServices: [337] inq.e: hasDialerThatSupportsNewEc: false
01-15 18:25:07.752 26595 10221 I CarrierServices: [337] jsn.connect: shouldUseCarrierServicesJibeService: true, CarrierServices rcs service found: true
01-15 18:25:07.752 26595 10221 I CarrierServices: [337] jsn.connect: Binding to JibeService in CarrierServices.
01-15 18:25:07.753 26595 26595 D RcsClientLib: Service com.google.android.rcs.client.profile.RcsProfileService connected. Will notify listeners: true
01-15 18:25:07.753 26595 26595 V BugleRcs: com.google.android.rcs.client.profile.RcsProfileService RCS service connected
01-15 18:25:07.753 26595 26595 V BugleRcs: kicking off RCS sending/receiving
01-15 18:25:07.753 26595 26595 V BugleAction: no RCS because we're not registered
01-15 18:25:07.753  4929  4945 W CarrierServices: [184] bmc.a: No config URL. RCS will be disabled!
01-15 18:25:07.753 26595 26595 I BugleRcs: RcsAvailability ACS url: null
01-15 18:25:07.754 26595 10221 I CarrierServices: [337] inq.e: Network Operator: 310260
01-15 18:25:07.754 26595 10221 I CarrierServices: [337] inq.e: carrierWithOldEcApis: false
01-15 18:25:07.754 26595 10221 I CarrierServices: [337] inq.e: hasDialerThatSupportsNewEc: false
01-15 18:25:07.754 26595 10221 I CarrierServices: [337] jsn.connect: shouldUseCarrierServicesJibeService: true, CarrierServices rcs service found: true
01-15 18:25:07.754 26595 10221 I CarrierServices: [337] jsn.connect: Binding to JibeService in CarrierServices.
01-15 18:25:07.755 26595 26595 D RcsClientLib: Service com.google.android.rcs.client.businessinfo.BusinessInfoService connected. Will notify listeners: true
01-15 18:25:07.755 26595 26595 V BugleRcs: com.google.android.rcs.client.businessinfo.BusinessInfoService RCS service connected
01-15 18:25:07.755 26595 26595 V BugleRcs: kicking off RCS sending/receiving
01-15 18:25:07.755 26595 26595 V BugleAction: no RCS because we're not registered
01-15 18:25:07.755  4929  4945 W CarrierServices: [184] bmc.a: No config URL. RCS will be disabled!
01-15 18:25:07.755 26595 26595 I BugleRcs: RcsAvailability ACS url: null
01-15 18:25:07.758 26595 10221 W RcsProvisioning: Failed to read configuration: /data/user/0/com.google.android.apps.messaging/files/rcsconfig (No such file or directory)
01-15 18:25:07.758 26595 10221 W RcsProvisioning: java.io.FileNotFoundException: /data/user/0/com.google.android.apps.messaging/files/rcsconfig (No such file or directory)
01-15 18:25:07.758 26595 10221 W RcsProvisioning: 	at java.io.FileInputStream.open0(Native Method)
01-15 18:25:07.758 26595 10221 W RcsProvisioning: 	at java.io.FileInputStream.open(FileInputStream.java:231)
01-15 18:25:07.758 26595 10221 W RcsProvisioning: 	at java.io.FileInputStream.<init>(FileInputStream.java:165)
01-15 18:25:07.758 26595 10221 W RcsProvisioning: 	at android.app.ContextImpl.openFileInput(ContextImpl.java:560)
01-15 18:25:07.758 26595 10221 W RcsProvisioning: 	at android.content.ContextWrapper.openFileInput(ContextWrapper.java:202)
01-15 18:25:07.758 26595 10221 W RcsProvisioning: 	at ion.a(SourceFile:2)
01-15 18:25:07.758 26595 10221 W RcsProvisioning: 	at idl.a(SourceFile:4)
01-15 18:25:07.758 26595 10221 W RcsProvisioning: 	at idm.a(SourceFile:7)
01-15 18:25:07.758 26595 10221 W RcsProvisioning: 	at com.google.android.apps.messaging.rcsmigration.RcsStateProvider.onMigrationComplete(SourceFile:27)
01-15 18:25:07.758 26595 10221 W RcsProvisioning: 	at com.google.android.ims.rcsmigration.IRcsStateProvider$Stub.dispatchTransaction(SourceFile:14)
01-15 18:25:07.758 26595 10221 W RcsProvisioning: 	at com.google.android.aidl.BaseStub.onTransact(SourceFile:18)
01-15 18:25:07.758 26595 10221 W RcsProvisioning: 	at android.os.Binder.execTransact(Binder.java:731)
01-15 18:25:07.758 26595 10221 D RcsProvisioning: Retrieving backup token
01-15 18:25:07.758 26595 10221 D RcsProvisioning: Exception while getting subscriber Id. Using default
01-15 18:25:07.761 28506 28506 D NavDrawerFragment: Using position from preferences = 0
01-15 18:25:07.761 28506 28506 D GpsTestActivity: Creating new GpsStatusFragment
01-15 18:25:07.781  3248  5830 I ActivityManager: START u0 {act=android.content.pm.action.REQUEST_PERMISSIONS pkg=com.google.android.packageinstaller cmp=com.google.android.packageinstaller/com.android.packageinstaller.permission.ui.GrantPermissionsActivity (has extras)} from uid 10106
01-15 18:25:07.793 28506 28506 D OpenGLRenderer: Skia GL Pipeline
01-15 18:25:07.796  3103  3152 E SurfaceFlinger: ro.sf.lcd_density must be defined as a build property
01-15 18:25:07.805 29076 29076 W ActivityThread: handleWindowVisibility: no activity for token android.os.BinderProxy@c78b380
01-15 18:25:07.830  3010  5624 D gralloc_ranchu: gralloc_alloc: Creating ashmem region of size 8298496
01-15 18:25:07.830  3010  5624 I chatty  : uid=1000(system) HwBinder:3010_3 identical 1 line
01-15 18:25:07.831  3010  5624 D gralloc_ranchu: gralloc_alloc: Creating ashmem region of size 8298496
01-15 18:25:07.835 28506 28530 D HostConnection: HostConnection::get() New Host Connection established 0x79316366e0, tid 28530
01-15 18:25:07.837 28506 28530 D HostConnection: HostComposition ext ANDROID_EMU_CHECKSUM_HELPER_v1 ANDROID_EMU_sync_buffer_data GL_OES_EGL_image_external_essl3 GL_OES_vertex_array_object GL_KHR_texture_compression_astc_ldr ANDROID_EMU_host_side_tracing ANDROID_EMU_gles_max_version_3_0 
01-15 18:25:07.841  3010  5624 D gralloc_ranchu: gralloc_alloc: Creating ashmem region of size 7659520
01-15 18:25:07.842  3010  3052 D gralloc_ranchu: gralloc_alloc: Creating ashmem region of size 7659520
01-15 18:25:07.843  3010  3051 D gralloc_ranchu: gralloc_alloc: Creating ashmem region of size 7659520
01-15 18:25:07.846  3392  3392 I GoogleInputMethod: onFinishInput() : Dummy InputConnection bound
01-15 18:25:07.846  3392  3392 I GoogleInputMethod: onStartInput() : Dummy InputConnection bound
01-15 18:25:07.848 28506 28530 I ConfigStore: android::hardware::configstore::V1_0::ISurfaceFlingerConfigs::hasWideColorDisplay retrieved: 0
01-15 18:25:07.848 28506 28530 I ConfigStore: android::hardware::configstore::V1_0::ISurfaceFlingerConfigs::hasHDRDisplay retrieved: 0
01-15 18:25:07.848 28506 28530 I OpenGLRenderer: Initialized EGL, version 1.4
01-15 18:25:07.848 28506 28530 D OpenGLRenderer: Swap behavior 1
01-15 18:25:07.848 28506 28530 W OpenGLRenderer: Failed to choose config with EGL_SWAP_BEHAVIOR_PRESERVED, retrying without...
01-15 18:25:07.848 28506 28530 D OpenGLRenderer: Swap behavior 0
01-15 18:25:07.850 28506 28530 D eglCodecCommon: setVertexArrayObject: set vao to 0 (0) 0 0
01-15 18:25:07.850 28506 28530 D EGL_emulation: eglCreateContext: 0x79316368c0: maj 3 min 0 rcv 3
01-15 18:25:07.851 28506 28530 D EGL_emulation: eglMakeCurrent: 0x79316368c0: ver 3 0 (tinfo 0x793160d4a0)
01-15 18:25:07.851 29076 29092 D EGL_emulation: eglMakeCurrent: 0x79316368c0: ver 3 0 (tinfo 0x793160d460)
01-15 18:25:07.857  3103  3152 E SurfaceFlinger: ro.sf.lcd_density must be defined as a build property
01-15 18:25:07.862 26595 10221 D RcsProvisioning: No backup token found
01-15 18:25:07.862 26595 10221 D RcsProvisioning: Clearing backup token
01-15 18:25:07.862 26595 10221 D RcsProvisioning: Exception while getting subscriber Id. Using default
