01-15 18:19:41.578 26595 26595 D RcsClientLib: Service com.google.android.rcs.client.ims.ImsConnectionTrackerService connected. Will notify listeners: true
01-15 18:19:41.578 26595 26595 V BugleRcs: com.google.android.rcs.client.ims.ImsConnectionTrackerService RCS service connected
01-15 18:19:41.578 26595 26595 V BugleRcs: kicking off RCS sending/receiving
01-15 18:19:41.578 26595 26595 V BugleAction: no RCS because we're not registered
01-15 18:19:41.579 26595  6730 I CarrierServices: [364] inq.e: Network Operator: 310260
01-15 18:19:41.579 26595  6730 I CarrierServices: [364] inq.e: carrierWithOldEcApis: false
01-15 18:19:41.579 26595  6730 I CarrierServices: [364] inq.e: hasDialerThatSupportsNewEc: false
01-15 18:19:41.579 26595  6730 I CarrierServices: [364] jsn.connect: shouldUseCarrierServicesJibeService: true, CarrierServices rcs service found: true
01-15 18:19:41.579 26595  6730 I CarrierServices: [364] jsn.connect: Binding to JibeService in CarrierServices.
01-15 18:19:41.580 26595 26595 D RcsClientLib: Service com.google.android.rcs.client.profile.RcsProfileService connected. Will notify listeners: true
01-15 18:19:41.580 26595 26595 V BugleRcs: com.google.android.rcs.client.profile.RcsProfileService RCS service connected
01-15 18:19:41.580 26595 26595 V BugleRcs: kicking off RCS sending/receiving
01-15 18:19:41.580 26595 26595 V BugleAction: no RCS because we're not registered
01-15 18:19:41.581  4929  5633 W CarrierServices: [221] bmc.a: No config URL. RCS will be disabled!
01-15 18:19:41.581 26595 26595 I BugleRcs: RcsAvailability ACS url: null
01-15 18:19:41.581 26595  6730 I CarrierServices: [364] inq.e: Network Operator: 310260
01-15 18:19:41.582 26595  6730 I CarrierServices: [364] inq.e: carrierWithOldEcApis: false
01-15 18:19:41.582 26595  6730 I CarrierServices: [364] inq.e: hasDialerThatSupportsNewEc: false
01-15 18:19:41.582 26595  6730 I CarrierServices: [364] jsn.connect: shouldUseCarrierServicesJibeService: true, CarrierServices rcs service found: true
01-15 18:19:41.582 26595  6730 I CarrierServices: [364] jsn.connect: Binding to JibeService in CarrierServices.
01-15 18:19:41.583 26595 26595 D RcsClientLib: Service com.google.android.rcs.client.businessinfo.BusinessInfoService connected. Will notify listeners: true
01-15 18:19:41.583 26595 26595 V BugleRcs: com.google.android.rcs.client.businessinfo.BusinessInfoService RCS service connected
01-15 18:19:41.583 26595 26595 V BugleRcs: kicking off RCS sending/receiving
01-15 18:19:41.583 26595 26595 V BugleAction: no RCS because we're not registered
01-15 18:19:41.583  4929  5633 W CarrierServices: [221] bmc.a: No config URL. RCS will be disabled!
01-15 18:19:41.583 26595 26595 I BugleRcs: RcsAvailability ACS url: null
01-15 18:19:41.585 26595  6730 W RcsProvisioning: Failed to read configuration: /data/user/0/com.google.android.apps.messaging/files/rcsconfig (No such file or directory)
01-15 18:19:41.585 26595  6730 W RcsProvisioning: java.io.FileNotFoundException: /data/user/0/com.google.android.apps.messaging/files/rcsconfig (No such file or directory)
01-15 18:19:41.585 26595  6730 W RcsProvisioning: 	at java.io.FileInputStream.open0(Native Method)
01-15 18:19:41.585 26595  6730 W RcsProvisioning: 	at java.io.FileInputStream.open(FileInputStream.java:231)
01-15 18:19:41.585 26595  6730 W RcsProvisioning: 	at java.io.FileInputStream.<init>(FileInputStream.java:165)
01-15 18:19:41.585 26595  6730 W RcsProvisioning: 	at android.app.ContextImpl.openFileInput(ContextImpl.java:560)
01-15 18:19:41.585 26595  6730 W RcsProvisioning: 	at android.content.ContextWrapper.openFileInput(ContextWrapper.java:202)
01-15 18:19:41.585 26595  6730 W RcsProvisioning: 	at ion.a(SourceFile:2)
01-15 18:19:41.585 26595  6730 W RcsProvisioning: 	at idl.a(SourceFile:4)
01-15 18:19:41.585 26595  6730 W RcsProvisioning: 	at idm.a(SourceFile:7)
01-15 18:19:41.585 26595  6730 W RcsProvisioning: 	at com.google.android.apps.messaging.rcsmigration.RcsStateProvider.onMigrationComplete(SourceFile:27)
01-15 18:19:41.585 26595  6730 W RcsProvisioning: 	at com.google.android.ims.rcsmigration.IRcsStateProvider$Stub.dispatchTransaction(SourceFile:14)
01-15 18:19:41.585 26595  6730 W RcsProvisioning: 	at com.google.android.aidl.BaseStub.onTransact(SourceFile:18)
01-15 18:19:41.585 26595  6730 W RcsProvisioning: 	at android.os.Binder.execTransact(Binder.java:731)
01-15 18:19:41.585 26595  6730 D RcsProvisioning: Retrieving backup token
01-15 18:19:41.585 26595  6730 D RcsProvisioning: Exception while getting subscriber Id. Using default
01-15 18:19:41.603 23714 23714 D NavDrawerFragment: Using position from preferences = 0
01-15 18:19:41.604 23714 23714 D GpsTestActivity: Creating new GpsStatusFragment
01-15 18:19:41.635  3248  3259 I ActivityManager: START u0 {act=android.content.pm.action.REQUEST_PERMISSIONS pkg=com.google.android.packageinstaller cmp=com.google.android.packageinstaller/com.android.packageinstaller.permission.ui.GrantPermissionsActivity (has extras)} from uid 10105
01-15 18:19:41.648 23714 23714 D OpenGLRenderer: Skia GL Pipeline
01-15 18:19:41.652  3103  3152 E SurfaceFlinger: ro.sf.lcd_density must be defined as a build property
01-15 18:19:41.658 29076 29076 W ActivityThread: handleWindowVisibility: no activity for token android.os.BinderProxy@82f1618
01-15 18:19:41.681  3010  5624 D gralloc_ranchu: gralloc_alloc: Creating ashmem region of size 8298496
01-15 18:19:41.681  3010  5624 I chatty  : uid=1000(system) HwBinder:3010_3 identical 1 line
01-15 18:19:41.682  3010  5624 D gralloc_ranchu: gralloc_alloc: Creating ashmem region of size 8298496
01-15 18:19:41.685 26595  6730 D RcsProvisioning: No backup token found
01-15 18:19:41.685 26595  6730 D RcsProvisioning: Clearing backup token
01-15 18:19:41.685 26595  6730 D RcsProvisioning: Exception while getting subscriber Id. Using default
01-15 18:19:41.702  3010  5624 D gralloc_ranchu: gralloc_alloc: Creating ashmem region of size 7659520
01-15 18:19:41.703 26595  6730 I CarrierServices: [364] RcsStateProvider.onMigrationComplete: Deleted transfers file: false
01-15 18:19:41.704  3010  5624 D gralloc_ranchu: gralloc_alloc: Creating ashmem region of size 7659520
01-15 18:19:41.704 26595  6730 W RcsProvisioning: Failed to read configuration: /data/user/0/com.google.android.apps.messaging/files/rcsconfig (No such file or directory)
01-15 18:19:41.704  3010  5624 D gralloc_ranchu: gralloc_alloc: Creating ashmem region of size 7659520
01-15 18:19:41.704 26595  6730 W RcsProvisioning: java.io.FileNotFoundException: /data/user/0/com.google.android.apps.messaging/files/rcsconfig (No such file or directory)
01-15 18:19:41.704 26595  6730 W RcsProvisioning: 	at java.io.FileInputStream.open0(Native Method)
01-15 18:19:41.704 26595  6730 W RcsProvisioning: 	at java.io.FileInputStream.open(FileInputStream.java:231)
01-15 18:19:41.704 26595  6730 W RcsProvisioning: 	at java.io.FileInputStream.<init>(FileInputStream.java:165)
01-15 18:19:41.704 26595  6730 W RcsProvisioning: 	at android.app.ContextImpl.openFileInput(ContextImpl.java:560)
01-15 18:19:41.704 26595  6730 W RcsProvisioning: 	at android.content.ContextWrapper.openFileInput(ContextWrapper.java:202)
01-15 18:19:41.704 26595  6730 W RcsProvisioning: 	at ion.a(SourceFile:2)
01-15 18:19:41.704 26595  6730 W RcsProvisioning: 	at idl.a(SourceFile:4)
01-15 18:19:41.704 26595  6730 W RcsProvisioning: 	at idm.a(SourceFile:7)
01-15 18:19:41.704 26595  6730 W RcsProvisioning: 	at iez.buildConferencesFileName(SourceFile:30)
01-15 18:19:41.704 26595  6730 W RcsProvisioning: 	at com.google.android.apps.messaging.rcsmigration.RcsStateProvider.onMigrationComplete(SourceFile:48)
01-15 18:19:41.704 26595  6730 W RcsProvisioning: 	at com.google.android.ims.rcsmigration.IRcsStateProvider$Stub.dispatchTransaction(SourceFile:14)
01-15 18:19:41.704 26595  6730 W RcsProvisioning: 	at com.google.android.aidl.BaseStub.onTransact(SourceFile:18)
01-15 18:19:41.704 26595  6730 W RcsProvisioning: 	at android.os.Binder.execTransact(Binder.java:731)
01-15 18:19:41.704 26595  6730 D RcsProvisioning: Retrieving backup token
01-15 18:19:41.704 26595  6730 D RcsProvisioning: Exception while getting subscriber Id. Using default
01-15 18:19:41.707  3392  3392 I GoogleInputMethod: onFinishInput() : Dummy InputConnection bound
01-15 18:19:41.707  3392  3392 I GoogleInputMethod: onStartInput() : Dummy InputConnection bound
01-15 18:19:41.708 23714 23739 D HostConnection: HostConnection::get() New Host Connection established 0x7920c69ea0, tid 23739
01-15 18:19:41.710 29076 29092 D EGL_emulation: eglMakeCurrent: 0x79316368c0: ver 3 0 (tinfo 0x793160d460)
01-15 18:19:41.722 23714 23739 D HostConnection: HostComposition ext ANDROID_EMU_CHECKSUM_HELPER_v1 ANDROID_EMU_sync_buffer_data GL_OES_EGL_image_external_essl3 GL_OES_vertex_array_object GL_KHR_texture_compression_astc_ldr ANDROID_EMU_host_side_tracing ANDROID_EMU_gles_max_version_3_0 
01-15 18:19:41.722  3248  3270 I ActivityManager: Displayed com.google.android.packageinstaller/com.android.packageinstaller.permission.ui.GrantPermissionsActivity: +63ms (total +257ms)
01-15 18:19:41.737 23714 23739 I ConfigStore: android::hardware::configstore::V1_0::ISurfaceFlingerConfigs::hasWideColorDisplay retrieved: 0
01-15 18:19:41.737 23714 23739 I ConfigStore: android::hardware::configstore::V1_0::ISurfaceFlingerConfigs::hasHDRDisplay retrieved: 0
01-15 18:19:41.737 23714 23739 I OpenGLRenderer: Initialized EGL, version 1.4
01-15 18:19:41.737 23714 23739 D OpenGLRenderer: Swap behavior 1
01-15 18:19:41.737 23714 23739 W OpenGLRenderer: Failed to choose config with EGL_SWAP_BEHAVIOR_PRESERVED, retrying without...
01-15 18:19:41.737 23714 23739 D OpenGLRenderer: Swap behavior 0
01-15 18:19:41.739 23714 23739 D eglCodecCommon: setVertexArrayObject: set vao to 0 (0) 0 0
01-15 18:19:41.739 23714 23739 D EGL_emulation: eglCreateContext: 0x7920cb4b00: maj 3 min 0 rcv 3
01-15 18:19:41.740 23714 23739 D EGL_emulation: eglMakeCurrent: 0x7920cb4b00: ver 3 0 (tinfo 0x792e1a15a0)
01-15 18:19:41.743  3103  3657 E SurfaceFlinger: ro.sf.lcd_density must be defined as a build property
01-15 18:19:41.758 23714 23739 D HostConnection: createUnique: call
01-15 18:19:41.758 23714 23739 D HostConnection: HostConnection::get() New Host Connection established 0x7920cb4d80, tid 23739
01-15 18:19:41.764 29076 29092 D EGL_emulation: eglMakeCurrent: 0x79316368c0: ver 3 0 (tinfo 0x793160d460)
01-15 18:19:41.764 23714 23739 D HostConnection: HostComposition ext ANDROID_EMU_CHECKSUM_HELPER_v1 ANDROID_EMU_sync_buffer_data GL_OES_EGL_image_external_essl3 GL_OES_vertex_array_object GL_KHR_texture_compression_astc_ldr ANDROID_EMU_host_side_tracing ANDROID_EMU_gles_max_version_3_0 
01-15 18:19:41.765  3010  5624 D gralloc_ranchu: gralloc_alloc: Creating ashmem region of size 7655424
01-15 18:19:41.766 29076 29092 D EGL_emulation: eglMakeCurrent: 0x79316368c0: ver 3 0 (tinfo 0x793160d460)
01-15 18:19:41.769  3010  5624 D gralloc_ranchu: gralloc_alloc: Creating ashmem region of size 7655424
01-15 18:19:41.771 23714 23739 D EGL_emulation: eglMakeCurrent: 0x7920cb4b00: ver 3 0 (tinfo 0x792e1a15a0)
01-15 18:19:41.778 23714 23739 D eglCodecCommon: setVertexArrayObject: set vao to 0 (0) 1 2
01-15 18:19:41.804 26595  6730 D RcsProvisioning: No backup token found
01-15 18:19:41.823  4929  4929 I CarrierServices: [2] aww.a: Unbinding RcsMigrationService
01-15 18:19:41.832  3918  4082 D EGL_emulation: eglMakeCurrent: 0x7931636960: ver 3 0 (tinfo 0x793160d800)
01-15 18:19:41.838  3404  3574 D EGL_emulation: eglMakeCurrent: 0x7931639200: ver 3 0 (tinfo 0x7931681c60)
01-15 18:19:41.847  3404  3574 D EGL_emulation: eglMakeCurrent: 0x7931639200: ver 3 0 (tinfo 0x7931681c60)
01-15 18:19:41.984  3103  3284 W SurfaceFlinger: Attempting to set client state on removed layer: Splash Screen com.android.gpstest#0
01-15 18:19:41.984  3103  3284 W SurfaceFlinger: Attempting to destroy on removed layer: Splash Screen com.android.gpstest#0
01-15 18:19:42.457  3248  3320 I GnssLocationProvider: WakeLock acquired by sendMessage(REPORT_SV_STATUS, 0, com.android.server.location.GnssLocationProvider$SvStatusInfo@bad6e03)
01-15 18:19:42.458  3248  3261 I GnssLocationProvider: WakeLock released by handleMessage(REPORT_SV_STATUS, 0, com.android.server.location.GnssLocationProvider$SvStatusInfo@bad6e03)
01-15 18:19:43.313  3010  5624 D gralloc_ranchu: gralloc_alloc: Creating ashmem region of size 7655424
01-15 18:19:43.459  3248  3320 I GnssLocationProvider: WakeLock acquired by sendMessage(REPORT_SV_STATUS, 0, com.android.server.location.GnssLocationProvider$SvStatusInfo@61203b9)
01-15 18:19:43.460  3248  3261 I GnssLocationProvider: WakeLock released by handleMessage(REPORT_SV_STATUS, 0, com.android.server.location.GnssLocationProvider$SvStatusInfo@61203b9)
01-15 18:19:43.740  3248  3819 V BackupManagerConstants: getFullBackupRequiredNetworkType(...) returns 2
01-15 18:19:43.740  3248  3819 V BackupManagerConstants: getFullBackupRequireCharging(...) returns true
01-15 18:19:44.464  3248  3320 I GnssLocationProvider: WakeLock acquired by sendMessage(REPORT_SV_STATUS, 0, com.android.server.location.GnssLocationProvider$SvStatusInfo@48ee75f)
01-15 18:19:44.465  3248  3261 I GnssLocationProvider: WakeLock released by handleMessage(REPORT_SV_STATUS, 0, com.android.server.location.GnssLocationProvider$SvStatusInfo@48ee75f)
01-15 18:19:45.465  3248  3320 I GnssLocationProvider: WakeLock acquired by sendMessage(REPORT_SV_STATUS, 0, com.android.server.location.GnssLocationProvider$SvStatusInfo@dd1a5ac)
01-15 18:19:45.466  3248  3261 I GnssLocationProvider: WakeLock released by handleMessage(REPORT_SV_STATUS, 0, com.android.server.location.GnssLocationProvider$SvStatusInfo@dd1a5ac)
01-15 18:19:46.471  3248  3320 I GnssLocationProvider: WakeLock acquired by sendMessage(REPORT_SV_STATUS, 0, com.android.server.location.GnssLocationProvider$SvStatusInfo@1c62275)
01-15 18:19:46.472  3248  3261 I GnssLocationProvider: WakeLock released by handleMessage(REPORT_SV_STATUS, 0, com.android.server.location.GnssLocationProvider$SvStatusInfo@1c62275)
01-15 18:19:46.656  3248  3266 E BluetoothAdapter: Bluetooth binder is null
01-15 18:19:46.657  3248  3266 E BatteryExternalStatsWorker: no controller energy info supplied for wifi
01-15 18:19:46.665  3248  3266 E KernelCpuSpeedReader: Failed to read cpu-freq: /sys/devices/system/cpu/cpu0/cpufreq/stats/time_in_state (No such file or directory)
01-15 18:19:47.476  3248  3320 I GnssLocationProvider: WakeLock acquired by sendMessage(REPORT_SV_STATUS, 0, com.android.server.location.GnssLocationProvider$SvStatusInfo@b5a820a)
01-15 18:19:47.477  3248  3261 I GnssLocationProvider: WakeLock released by handleMessage(REPORT_SV_STATUS, 0, com.android.server.location.GnssLocationProvider$SvStatusInfo@b5a820a)
01-15 18:19:48.479  3248  3320 I GnssLocationProvider: WakeLock acquired by sendMessage(REPORT_SV_STATUS, 0, com.android.server.location.GnssLocationProvider$SvStatusInfo@6e49a7b)
01-15 18:19:48.480  3248  3261 I GnssLocationProvider: WakeLock released by handleMessage(REPORT_SV_STATUS, 0, com.android.server.location.GnssLocationProvider$SvStatusInfo@6e49a7b)
01-15 18:19:49.482  3248  3320 I GnssLocationProvider: WakeLock acquired by sendMessage(REPORT_SV_STATUS, 0, com.android.server.location.GnssLocationProvider$SvStatusInfo@c897098)
01-15 18:19:49.482  3248  3261 I GnssLocationProvider: WakeLock released by handleMessage(REPORT_SV_STATUS, 0, com.android.server.location.GnssLocationProvider$SvStatusInfo@c897098)
01-15 18:19:50.488  3248  3320 I GnssLocationProvider: WakeLock acquired by sendMessage(REPORT_SV_STATUS, 0, com.android.server.location.GnssLocationProvider$SvStatusInfo@626b4d6)
01-15 18:19:50.488  3248  3261 I GnssLocationProvider: WakeLock released by handleMessage(REPORT_SV_STATUS, 0, com.android.server.location.GnssLocationProvider$SvStatusInfo@626b4d6)
01-15 18:19:51.212  3248  3248 W WindowManager: removeWindowToken: Attempted to remove non-existing token: android.os.Binder@7fab716
01-15 18:19:51.489  3248  3320 I GnssLocationProvider: WakeLock acquired by sendMessage(REPORT_SV_STATUS, 0, com.android.server.location.GnssLocationProvider$SvStatusInfo@d186357)
01-15 18:19:51.490  3248  3261 I GnssLocationProvider: WakeLock released by handleMessage(REPORT_SV_STATUS, 0, com.android.server.location.GnssLocationProvider$SvStatusInfo@d186357)
01-15 18:19:52.490  3248  3320 I GnssLocationProvider: WakeLock acquired by sendMessage(REPORT_SV_STATUS, 0, com.android.server.location.GnssLocationProvider$SvStatusInfo@df0fe44)
01-15 18:19:52.490  3248  3261 I GnssLocationProvider: WakeLock released by handleMessage(REPORT_SV_STATUS, 0, com.android.server.location.GnssLocationProvider$SvStatusInfo@df0fe44)
01-15 18:19:53.493  3248  3320 I GnssLocationProvider: WakeLock acquired by sendMessage(REPORT_SV_STATUS, 0, com.android.server.location.GnssLocationProvider$SvStatusInfo@9ad2b2d)
01-15 18:19:53.493  3248  3261 I GnssLocationProvider: WakeLock released by handleMessage(REPORT_SV_STATUS, 0, com.android.server.location.GnssLocationProvider$SvStatusInfo@9ad2b2d)
01-15 18:19:54.122  3248  3261 E memtrack: Couldn't load memtrack module
01-15 18:19:54.122  3248  3261 W android.os.Debug: failed to get memory consumption info: -1
01-15 18:19:54.133  3793  3793 D BoundBrokerSvc: onUnbind: Intent { act=com.google.android.mdd.service.START dat=chimera-action: cmp=com.google.android.gms/.chimera.GmsBoundBrokerService }
01-15 18:19:54.495  3248  3320 I GnssLocationProvider: WakeLock acquired by sendMessage(REPORT_SV_STATUS, 0, com.android.server.location.GnssLocationProvider$SvStatusInfo@3b14862)
01-15 18:19:54.498  3248  3261 I GnssLocationProvider: WakeLock released by handleMessage(REPORT_SV_STATUS, 0, com.android.server.location.GnssLocationProvider$SvStatusInfo@3b14862)
01-15 18:19:54.962  3116  3145 E storaged: getDiskStats failed with result NOT_SUPPORTED and size 0
01-15 18:19:55.088  4001  4001 I Finsky  : [2] vpo.onStartJob(4): SCH: job service start with id 9318.
01-15 18:19:55.118  4001 23635 I Finsky  : [390] vos.a(101): SCH: Satisfied jobs for 9318 are: 12-1
01-15 18:19:55.127  4001 23747 I Finsky  : [398] vcd.accept(27): SCH: Job 12-1 starting
01-15 18:19:55.130  4001  4001 I Finsky  : [2] ContentSyncJob.v(3): [ContentSync] job started
01-15 18:19:55.146  4001 23749 I Finsky  : [400] gwb.h(1): Completed 0 account content syncs with 0 successful.
01-15 18:19:55.146  4001  4001 I Finsky  : [2] ContentSyncJob.a(1): [ContentSync] Installation state replication succeeded.
01-15 18:19:55.146  4001  4001 I Finsky  : [2] vnw.r(4): SCH: jobFinished: 12-1. TimeElapsed: 19ms.
01-15 18:19:55.160  3793  3793 D BoundBrokerSvc: onUnbind: Intent { act=com.google.android.gms.feedback.internal.IFeedbackService dat=chimera-action: cmp=com.google.android.gms/.chimera.GmsBoundBrokerService }
01-15 18:19:55.163  4001  4224 I Finsky  : [125] vem.accept(56): SCH: Scheduling phonesky job Id: 1-1337, CT: 1673812203491, Constraints: [{ L: 34288453, D: 77488453, C: 1, I: 1, N: 1 }]
01-15 18:19:55.167  4001  4224 I Finsky  : [125] ved.apply(9): SCH: Scheduling 1 system job(s)
01-15 18:19:55.167  4001  4224 I Finsky  : [125] vnt.d(4): SCH: Scheduling system job Id: 9320, L: 21696777, D: 64896777, C: false, I: false, N: 1
01-15 18:19:55.171  4001 23747 I Finsky  : [398] vpo.a(16): SCH: job service finished with id 9318.
01-15 18:19:55.496  3248  3320 I GnssLocationProvider: WakeLock acquired by sendMessage(REPORT_SV_STATUS, 0, com.android.server.location.GnssLocationProvider$SvStatusInfo@de592e5)
01-15 18:19:55.496  3248  3261 I GnssLocationProvider: WakeLock released by handleMessage(REPORT_SV_STATUS, 0, com.android.server.location.GnssLocationProvider$SvStatusInfo@de592e5)
01-15 18:19:56.502  3248  3320 I GnssLocationProvider: WakeLock acquired by sendMessage(REPORT_SV_STATUS, 0, com.android.server.location.GnssLocationProvider$SvStatusInfo@de17861)
01-15 18:19:56.503  3248  3261 I GnssLocationProvider: WakeLock released by handleMessage(REPORT_SV_STATUS, 0, com.android.server.location.GnssLocationProvider$SvStatusInfo@de17861)
01-15 18:19:56.729 23750 23750 D AndroidRuntime: >>>>>> START com.android.internal.os.RuntimeInit uid 2000 <<<<<<
01-15 18:19:56.734 23750 23750 E cutils-trace: Error opening trace file: No such file or directory (2)
01-15 18:19:56.785 23750 23750 I app_process: The ClassLoaderContext is a special shared library.
01-15 18:19:56.799 23750 23750 D AndroidRuntime: Calling main entry com.android.commands.content.Content
01-15 18:19:56.802  3248  3248 V SettingsProvider: Notifying for 0: content://settings/system/accelerometer_rotation
01-15 18:19:56.809 23750 23750 D AndroidRuntime: Shutting down VM
01-15 18:19:56.857  3203  3203 E netmgr  : Failed to open QEMU pipe 'qemud:network': Invalid argument
01-15 18:19:56.857  3203  3203 E netmgr  : WifiForwarder unable to open QEMU pipe: Invalid argument
01-15 18:19:56.970 23760 23760 D AndroidRuntime: >>>>>> START com.android.internal.os.RuntimeInit uid 2000 <<<<<<
01-15 18:19:56.971 23760 23760 E cutils-trace: Error opening trace file: No such file or directory (2)
01-15 18:19:57.001 23760 23760 I app_process: The ClassLoaderContext is a special shared library.
01-15 18:19:57.011 23760 23760 D AndroidRuntime: Calling main entry com.android.commands.content.Content
01-15 18:19:57.013  3248  3248 V SettingsProvider: Notifying for 0: content://settings/system/user_rotation
01-15 18:19:57.013 23760 23760 D AndroidRuntime: Shutting down VM
01-15 18:19:57.135  3392  3392 I EmojiSuperpacksFeature: Emoji superpacks enabled
01-15 18:19:57.136  3392  3392 I Conv2QueryExtension: isEnabled() : true
01-15 18:19:57.136  3392  3392 I FeatureCardGenerator: Make a GIF card not added
01-15 18:19:57.136  3392  3392 I FeatureCardGenerator: Autospace card not added
01-15 18:19:57.505  3248  3320 I GnssLocationProvider: WakeLock acquired by sendMessage(REPORT_SV_STATUS, 0, com.android.server.location.GnssLocationProvider$SvStatusInfo@4a96a0c)
01-15 18:19:57.506  3248  3261 I GnssLocationProvider: WakeLock released by handleMessage(REPORT_SV_STATUS, 0, com.android.server.location.GnssLocationProvider$SvStatusInfo@4a96a0c)
01-15 18:19:58.054  3632 23789 E memtrack: Couldn't load memtrack module
01-15 18:19:58.054  3632 23789 W android.os.Debug: failed to get memory consumption info: -1
01-15 18:19:58.173 23792 23792 D AndroidRuntime: >>>>>> START com.android.internal.os.RuntimeInit uid 2000 <<<<<<
01-15 18:19:58.175 23792 23792 E cutils-trace: Error opening trace file: No such file or directory (2)
01-15 18:19:58.211 23792 23792 I app_process: The ClassLoaderContext is a special shared library.
01-15 18:19:58.211 23792 23792 I app_process: The ClassLoaderContext is a special shared library.
01-15 18:19:58.229 23792 23792 D AndroidRuntime: Calling main entry com.android.commands.uiautomator.Launcher
01-15 18:19:58.233  3248  3248 V SettingsProvider: Notifying for 0: content://settings/secure/accessibility_enabled
01-15 18:19:58.241  4324  4422 I A       : NGA disabled due to not being eligible.
01-15 18:19:58.511  3248  3320 I GnssLocationProvider: WakeLock acquired by sendMessage(REPORT_SV_STATUS, 0, com.android.server.location.GnssLocationProvider$SvStatusInfo@488f25b)
01-15 18:19:58.511  3248  3261 I GnssLocationProvider: WakeLock released by handleMessage(REPORT_SV_STATUS, 0, com.android.server.location.GnssLocationProvider$SvStatusInfo@488f25b)
01-15 18:19:58.682  3248  3259 D WificondControl: Scan result ready event
01-15 18:19:58.703  3632  3656 I ChimeraSrvcProxy: NullBinder for android.net.action.RECOMMEND_NETWORKS triggering remote TransactionTooLargeException due to Service without Chimera impl
01-15 18:19:59.264 23792 23792 I AccessibilityNodeInfoDumper: Skipping invisible child: android.view.accessibility.AccessibilityNodeInfo@38b89; boundsInParent: Rect(0, 0 - 0, 126); boundsInScreen: Rect(231, 986 - 231, 1112); packageName: com.google.android.packageinstaller; className: android.widget.LinearLayout; text: null; error: null; maxTextLength: -1; contentDescription: null; tooltipText: null; viewIdResName: null; checkable: false; checked: false; focusable: false; focused: false; selected: false; clickable: false; longClickable: false; contextClickable: false; enabled: true; password: false; scrollable: false; importantForAccessibility: false; visible: false; actions: [AccessibilityAction: ACTION_SELECT - null, AccessibilityAction: ACTION_CLEAR_SELECTION - null, AccessibilityAction: ACTION_ACCESSIBILITY_FOCUS - null, AccessibilityAction: ACTION_SHOW_ON_SCREEN - null]
01-15 18:19:59.265 23792 23792 W AccessibilityNodeInfoDumper: Fetch time: 10ms
01-15 18:19:59.267  3248  3259 W WindowManager: removeWindowToken: Attempted to remove non-existing token: android.os.Binder@bb9ff55
01-15 18:19:59.268  3248  3248 V SettingsProvider: Notifying for 0: content://settings/secure/accessibility_enabled
01-15 18:19:59.271  4324  4423 I A       : NGA disabled due to not being eligible.
01-15 18:19:59.272  3248  3248 V SettingsProvider: Notifying for 0: content://settings/system/user_rotation
01-15 18:19:59.273  3248  3248 V SettingsProvider: Notifying for 0: content://settings/system/accelerometer_rotation
01-15 18:19:59.275 23792 23792 D AndroidRuntime: Shutting down VM
01-15 18:19:59.512  3248  3320 I GnssLocationProvider: WakeLock acquired by sendMessage(REPORT_SV_STATUS, 0, com.android.server.location.GnssLocationProvider$SvStatusInfo@5683bd1)
01-15 18:19:59.512  3248  3261 I GnssLocationProvider: WakeLock released by handleMessage(REPORT_SV_STATUS, 0, com.android.server.location.GnssLocationProvider$SvStatusInfo@5683bd1)
01-15 18:19:59.671 23810 23810 D AndroidRuntime: >>>>>> START com.android.internal.os.RuntimeInit uid 2000 <<<<<<
01-15 18:19:59.673 23810 23810 E cutils-trace: Error opening trace file: No such file or directory (2)
01-15 18:19:59.702 23810 23810 I app_process: The ClassLoaderContext is a special shared library.
01-15 18:19:59.702 23810 23810 I app_process: The ClassLoaderContext is a special shared library.
01-15 18:19:59.712 23810 23810 D AndroidRuntime: Calling main entry com.android.commands.uiautomator.Launcher
01-15 18:19:59.717  3248  3248 V SettingsProvider: Notifying for 0: content://settings/secure/accessibility_enabled
01-15 18:19:59.718  4324  4422 I A       : NGA disabled due to not being eligible.
01-15 18:20:00.028  3404  3574 D EGL_emulation: eglMakeCurrent: 0x7931639200: ver 3 0 (tinfo 0x7931681c60)
01-15 18:20:00.517  3248  3320 I GnssLocationProvider: WakeLock acquired by sendMessage(REPORT_SV_STATUS, 0, com.android.server.location.GnssLocationProvider$SvStatusInfo@ce3c40d)
01-15 18:20:00.518  3248  3261 I GnssLocationProvider: WakeLock released by handleMessage(REPORT_SV_STATUS, 0, com.android.server.location.GnssLocationProvider$SvStatusInfo@ce3c40d)
01-15 18:20:00.728 23810 23810 I AccessibilityNodeInfoDumper: Skipping invisible child: android.view.accessibility.AccessibilityNodeInfo@38b90; boundsInParent: Rect(0, 0 - 0, 126); boundsInScreen: Rect(231, 986 - 231, 1112); packageName: com.google.android.packageinstaller; className: android.widget.LinearLayout; text: null; error: null; maxTextLength: -1; contentDescription: null; tooltipText: null; viewIdResName: null; checkable: false; checked: false; focusable: false; focused: false; selected: false; clickable: false; longClickable: false; contextClickable: false; enabled: true; password: false; scrollable: false; importantForAccessibility: false; visible: false; actions: [AccessibilityAction: ACTION_SELECT - null, AccessibilityAction: ACTION_CLEAR_SELECTION - null, AccessibilityAction: ACTION_ACCESSIBILITY_FOCUS - null, AccessibilityAction: ACTION_SHOW_ON_SCREEN - null]
01-15 18:20:00.728 23810 23810 W AccessibilityNodeInfoDumper: Fetch time: 3ms
01-15 18:20:00.729  3248  5301 W WindowManager: removeWindowToken: Attempted to remove non-existing token: android.os.Binder@4415636
01-15 18:20:00.731  3248  3248 V SettingsProvider: Notifying for 0: content://settings/secure/accessibility_enabled
01-15 18:20:00.734  4324  4423 I A       : NGA disabled due to not being eligible.
01-15 18:20:00.734 23810 23810 D AndroidRuntime: Shutting down VM
01-15 18:20:01.519  3248  3320 I GnssLocationProvider: WakeLock acquired by sendMessage(REPORT_SV_STATUS, 0, com.android.server.location.GnssLocationProvider$SvStatusInfo@b7151d3)
01-15 18:20:01.520  3248  3261 I GnssLocationProvider: WakeLock released by handleMessage(REPORT_SV_STATUS, 0, com.android.server.location.GnssLocationProvider$SvStatusInfo@b7151d3)
01-15 18:20:01.965 23842 23842 D AndroidRuntime: >>>>>> START com.android.internal.os.RuntimeInit uid 2000 <<<<<<
01-15 18:20:01.967 23842 23842 E cutils-trace: Error opening trace file: No such file or directory (2)
01-15 18:20:02.005 23842 23842 I app_process: The ClassLoaderContext is a special shared library.
01-15 18:20:02.006 23842 23842 I app_process: The ClassLoaderContext is a special shared library.
01-15 18:20:02.020 23842 23842 D AndroidRuntime: Calling main entry com.android.commands.uiautomator.Launcher
01-15 18:20:02.035  4324  4422 I A       : NGA disabled due to not being eligible.
01-15 18:20:02.526  3248  3320 I GnssLocationProvider: WakeLock acquired by sendMessage(REPORT_SV_STATUS, 0, com.android.server.location.GnssLocationProvider$SvStatusInfo@a40f60e)
01-15 18:20:02.527  3248  3261 I GnssLocationProvider: WakeLock released by handleMessage(REPORT_SV_STATUS, 0, com.android.server.location.GnssLocationProvider$SvStatusInfo@a40f60e)
01-15 18:20:02.681  3793 23854 E memtrack: Couldn't load memtrack module
01-15 18:20:02.681  3793 23854 W android.os.Debug: failed to get memory consumption info: -1
01-15 18:20:03.053 23842 23842 I AccessibilityNodeInfoDumper: Skipping invisible child: android.view.accessibility.AccessibilityNodeInfo@38b9b; boundsInParent: Rect(0, 0 - 0, 126); boundsInScreen: Rect(231, 986 - 231, 1112); packageName: com.google.android.packageinstaller; className: android.widget.LinearLayout; text: null; error: null; maxTextLength: -1; contentDescription: null; tooltipText: null; viewIdResName: null; checkable: false; checked: false; focusable: false; focused: false; selected: false; clickable: false; longClickable: false; contextClickable: false; enabled: true; password: false; scrollable: false; importantForAccessibility: false; visible: false; actions: [AccessibilityAction: ACTION_SELECT - null, AccessibilityAction: ACTION_CLEAR_SELECTION - null, AccessibilityAction: ACTION_ACCESSIBILITY_FOCUS - null, AccessibilityAction: ACTION_SHOW_ON_SCREEN - null]
01-15 18:20:03.054 23842 23842 W AccessibilityNodeInfoDumper: Fetch time: 7ms
01-15 18:20:02.032  3248  3248 V SettingsProvider: Notifying for 0: content://settings/secure/accessibility_enabled
01-15 18:20:03.055  3248 13824 W WindowManager: removeWindowToken: Attempted to remove non-existing token: android.os.Binder@2605110
01-15 18:20:03.056  3248  3248 V SettingsProvider: Notifying for 0: content://settings/secure/accessibility_enabled
01-15 18:20:03.058  4324  4423 I A       : NGA disabled due to not being eligible.
01-15 18:20:03.063 23842 23842 D AndroidRuntime: Shutting down VM
01-15 18:20:03.528  3248  3320 I GnssLocationProvider: WakeLock acquired by sendMessage(REPORT_SV_STATUS, 0, com.android.server.location.GnssLocationProvider$SvStatusInfo@d616e3c)
01-15 18:20:03.528  3248  3261 I GnssLocationProvider: WakeLock released by handleMessage(REPORT_SV_STATUS, 0, com.android.server.location.GnssLocationProvider$SvStatusInfo@d616e3c)
01-15 18:20:04.392 23879 23879 D AndroidRuntime: >>>>>> START com.android.internal.os.RuntimeInit uid 2000 <<<<<<
01-15 18:20:04.394 23879 23879 E cutils-trace: Error opening trace file: No such file or directory (2)
01-15 18:20:04.424 23879 23879 I app_process: The ClassLoaderContext is a special shared library.
01-15 18:20:04.424 23879 23879 I app_process: The ClassLoaderContext is a special shared library.
01-15 18:20:04.434 23879 23879 D AndroidRuntime: Calling main entry com.android.commands.uiautomator.Launcher
01-15 18:20:04.444  4324  4426 I A       : NGA disabled due to not being eligible.
01-15 18:20:04.528  3248  3320 I GnssLocationProvider: WakeLock acquired by sendMessage(REPORT_SV_STATUS, 0, com.android.server.location.GnssLocationProvider$SvStatusInfo@d27284b)
01-15 18:20:04.528  3248  3261 I GnssLocationProvider: WakeLock released by handleMessage(REPORT_SV_STATUS, 0, com.android.server.location.GnssLocationProvider$SvStatusInfo@d27284b)
01-15 18:20:05.456 23879 23879 I AccessibilityNodeInfoDumper: Skipping invisible child: android.view.accessibility.AccessibilityNodeInfo@38bab; boundsInParent: Rect(0, 0 - 0, 126); boundsInScreen: Rect(231, 986 - 231, 1112); packageName: com.google.android.packageinstaller; className: android.widget.LinearLayout; text: null; error: null; maxTextLength: -1; contentDescription: null; tooltipText: null; viewIdResName: null; checkable: false; checked: false; focusable: false; focused: false; selected: false; clickable: false; longClickable: false; contextClickable: false; enabled: true; password: false; scrollable: false; importantForAccessibility: false; visible: false; actions: [AccessibilityAction: ACTION_SELECT - null, AccessibilityAction: ACTION_CLEAR_SELECTION - null, AccessibilityAction: ACTION_ACCESSIBILITY_FOCUS - null, AccessibilityAction: ACTION_SHOW_ON_SCREEN - null]
01-15 18:20:05.457 23879 23879 W AccessibilityNodeInfoDumper: Fetch time: 7ms
01-15 18:20:04.443  3248  3248 V SettingsProvider: Notifying for 0: content://settings/secure/accessibility_enabled
01-15 18:20:05.458  3248  5830 W WindowManager: removeWindowToken: Attempted to remove non-existing token: android.os.Binder@7a67c5
01-15 18:20:05.459  3248  3248 V SettingsProvider: Notifying for 0: content://settings/secure/accessibility_enabled
01-15 18:20:05.461  4324  4423 I A       : NGA disabled due to not being eligible.
01-15 18:20:05.465 23879 23879 D AndroidRuntime: Shutting down VM
01-15 18:20:05.532  3248  3320 I GnssLocationProvider: WakeLock acquired by sendMessage(REPORT_SV_STATUS, 0, com.android.server.location.GnssLocationProvider$SvStatusInfo@c9ebb41)
01-15 18:20:05.532  3248  3261 I GnssLocationProvider: WakeLock released by handleMessage(REPORT_SV_STATUS, 0, com.android.server.location.GnssLocationProvider$SvStatusInfo@c9ebb41)
01-15 18:20:05.925 23900 23900 D AndroidRuntime: >>>>>> START com.android.internal.os.RuntimeInit uid 2000 <<<<<<
01-15 18:20:05.927 23900 23900 E cutils-trace: Error opening trace file: No such file or directory (2)
01-15 18:20:05.956 23900 23900 I app_process: The ClassLoaderContext is a special shared library.
01-15 18:20:05.957 23900 23900 I app_process: The ClassLoaderContext is a special shared library.
01-15 18:20:05.966 23900 23900 D AndroidRuntime: Calling main entry com.android.commands.uiautomator.Launcher
01-15 18:20:05.972  4324  4426 I A       : NGA disabled due to not being eligible.
01-15 18:20:06.538  3248  3320 I GnssLocationProvider: WakeLock acquired by sendMessage(REPORT_SV_STATUS, 0, com.android.server.location.GnssLocationProvider$SvStatusInfo@37f48d4)
01-15 18:20:06.541  3248  3261 I GnssLocationProvider: WakeLock released by handleMessage(REPORT_SV_STATUS, 0, com.android.server.location.GnssLocationProvider$SvStatusInfo@37f48d4)
01-15 18:20:06.987 23900 23900 I AccessibilityNodeInfoDumper: Skipping invisible child: android.view.accessibility.AccessibilityNodeInfo@38bb0; boundsInParent: Rect(0, 0 - 0, 126); boundsInScreen: Rect(231, 986 - 231, 1112); packageName: com.google.android.packageinstaller; className: android.widget.LinearLayout; text: null; error: null; maxTextLength: -1; contentDescription: null; tooltipText: null; viewIdResName: null; checkable: false; checked: false; focusable: false; focused: false; selected: false; clickable: false; longClickable: false; contextClickable: false; enabled: true; password: false; scrollable: false; importantForAccessibility: false; visible: false; actions: [AccessibilityAction: ACTION_SELECT - null, AccessibilityAction: ACTION_CLEAR_SELECTION - null, AccessibilityAction: ACTION_ACCESSIBILITY_FOCUS - null, AccessibilityAction: ACTION_SHOW_ON_SCREEN - null]
01-15 18:20:06.987 23900 23900 W AccessibilityNodeInfoDumper: Fetch time: 5ms
01-15 18:20:05.970  3248  3248 V SettingsProvider: Notifying for 0: content://settings/secure/accessibility_enabled
01-15 18:20:06.988  3248  5830 W WindowManager: removeWindowToken: Attempted to remove non-existing token: android.os.Binder@1e9b8e6
01-15 18:20:06.990  3248  3248 V SettingsProvider: Notifying for 0: content://settings/secure/accessibility_enabled
01-15 18:20:06.991  4324  4423 I A       : NGA disabled due to not being eligible.
01-15 18:20:06.996 23900 23900 D AndroidRuntime: Shutting down VM
01-15 18:20:07.250  3103  3783 E SurfaceFlinger: ro.sf.lcd_density must be defined as a build property
01-15 18:20:07.252  3010  5624 D gralloc_ranchu: gralloc_alloc: Creating ashmem region of size 8298496
01-15 18:20:07.256 23913 23913 E cutils-trace: Error opening trace file: No such file or directory (2)
01-15 18:20:07.264 23913 23913 D HostConnection: createUnique: call
01-15 18:20:07.265 23913 23913 D HostConnection: HostConnection::get() New Host Connection established 0x7c21c41640, tid 23913
01-15 18:20:07.267 23913 23913 D HostConnection: HostComposition ext ANDROID_EMU_CHECKSUM_HELPER_v1 ANDROID_EMU_sync_buffer_data GL_OES_EGL_image_external_essl3 GL_OES_vertex_array_object GL_KHR_texture_compression_astc_ldr ANDROID_EMU_host_side_tracing ANDROID_EMU_gles_max_version_3_0 
01-15 18:20:07.421  3248  3261 E memtrack: Couldn't load memtrack module
01-15 18:20:07.421  3248  3261 W android.os.Debug: failed to get memory consumption info: -1
01-15 18:20:07.423  3891  3891 D MediaScannerReceiver: action: android.intent.action.MEDIA_SCANNER_SCAN_FILE path: /storage/emulated/0/screen.png
01-15 18:20:07.540  3248  3320 I GnssLocationProvider: WakeLock acquired by sendMessage(REPORT_SV_STATUS, 0, com.android.server.location.GnssLocationProvider$SvStatusInfo@3f21e40)
01-15 18:20:07.541  3248  3261 I GnssLocationProvider: WakeLock released by handleMessage(REPORT_SV_STATUS, 0, com.android.server.location.GnssLocationProvider$SvStatusInfo@3f21e40)
01-15 18:20:08.546  3248  3320 I GnssLocationProvider: WakeLock acquired by sendMessage(REPORT_SV_STATUS, 0, com.android.server.location.GnssLocationProvider$SvStatusInfo@8ce9179)
01-15 18:20:08.546  3248  3261 I GnssLocationProvider: WakeLock released by handleMessage(REPORT_SV_STATUS, 0, com.android.server.location.GnssLocationProvider$SvStatusInfo@8ce9179)
01-15 18:20:09.548  3248  3320 I GnssLocationProvider: WakeLock acquired by sendMessage(REPORT_SV_STATUS, 0, com.android.server.location.GnssLocationProvider$SvStatusInfo@cdcfebe)
01-15 18:20:09.548  3248  3261 I GnssLocationProvider: WakeLock released by handleMessage(REPORT_SV_STATUS, 0, com.android.server.location.GnssLocationProvider$SvStatusInfo@cdcfebe)
01-15 18:20:09.710 23924 23924 D AndroidRuntime: >>>>>> START com.android.internal.os.RuntimeInit uid 2000 <<<<<<
01-15 18:20:09.711 23924 23924 E cutils-trace: Error opening trace file: No such file or directory (2)
01-15 18:20:09.741 23924 23924 I app_process: The ClassLoaderContext is a special shared library.
01-15 18:20:09.741 23924 23924 I app_process: The ClassLoaderContext is a special shared library.
01-15 18:20:09.751 23924 23924 D AndroidRuntime: Calling main entry com.android.commands.uiautomator.Launcher
01-15 18:20:09.756  4324  4426 I A       : NGA disabled due to not being eligible.
01-15 18:20:10.552  3248  3320 I GnssLocationProvider: WakeLock acquired by sendMessage(REPORT_SV_STATUS, 0, com.android.server.location.GnssLocationProvider$SvStatusInfo@d1dcc35)
01-15 18:20:10.552  3248  3261 I GnssLocationProvider: WakeLock released by handleMessage(REPORT_SV_STATUS, 0, com.android.server.location.GnssLocationProvider$SvStatusInfo@d1dcc35)
01-15 18:20:10.773 23924 23924 I AccessibilityNodeInfoDumper: Skipping invisible child: android.view.accessibility.AccessibilityNodeInfo@38bbb; boundsInParent: Rect(0, 0 - 0, 126); boundsInScreen: Rect(231, 986 - 231, 1112); packageName: com.google.android.packageinstaller; className: android.widget.LinearLayout; text: null; error: null; maxTextLength: -1; contentDescription: null; tooltipText: null; viewIdResName: null; checkable: false; checked: false; focusable: false; focused: false; selected: false; clickable: false; longClickable: false; contextClickable: false; enabled: true; password: false; scrollable: false; importantForAccessibility: false; visible: false; actions: [AccessibilityAction: ACTION_SELECT - null, AccessibilityAction: ACTION_CLEAR_SELECTION - null, AccessibilityAction: ACTION_ACCESSIBILITY_FOCUS - null, AccessibilityAction: ACTION_SHOW_ON_SCREEN - null]
01-15 18:20:10.775 23924 23924 W AccessibilityNodeInfoDumper: Fetch time: 7ms
01-15 18:20:09.755  3248  3248 V SettingsProvider: Notifying for 0: content://settings/secure/accessibility_enabled
01-15 18:20:10.778  3248  4199 W WindowManager: removeWindowToken: Attempted to remove non-existing token: android.os.Binder@4aa8b1f
01-15 18:20:10.779  3248  3248 V SettingsProvider: Notifying for 0: content://settings/secure/accessibility_enabled
01-15 18:20:10.782  4324  4423 I A       : NGA disabled due to not being eligible.
01-15 18:20:10.783 23924 23924 D AndroidRuntime: Shutting down VM
01-15 18:20:11.552  3248  3320 I GnssLocationProvider: WakeLock acquired by sendMessage(REPORT_SV_STATUS, 0, com.android.server.location.GnssLocationProvider$SvStatusInfo@576ba3b)
01-15 18:20:11.552  3248  3261 I GnssLocationProvider: WakeLock released by handleMessage(REPORT_SV_STATUS, 0, com.android.server.location.GnssLocationProvider$SvStatusInfo@576ba3b)
01-15 18:20:12.554  3248  3320 I GnssLocationProvider: WakeLock acquired by sendMessage(REPORT_SV_STATUS, 0, com.android.server.location.GnssLocationProvider$SvStatusInfo@4ed7558)
01-15 18:20:12.554  3248  3261 I GnssLocationProvider: WakeLock released by handleMessage(REPORT_SV_STATUS, 0, com.android.server.location.GnssLocationProvider$SvStatusInfo@4ed7558)
01-15 18:20:13.168 23945 23945 D AndroidRuntime: >>>>>> START com.android.internal.os.RuntimeInit uid 2000 <<<<<<
01-15 18:20:13.170 23945 23945 E cutils-trace: Error opening trace file: No such file or directory (2)
01-15 18:20:13.202 23945 23945 I app_process: The ClassLoaderContext is a special shared library.
01-15 18:20:13.203 23945 23945 I app_process: The ClassLoaderContext is a special shared library.
01-15 18:20:13.213 23945 23945 D AndroidRuntime: Calling main entry com.android.commands.uiautomator.Launcher
01-15 18:20:13.218  4324  4426 I A       : NGA disabled due to not being eligible.
01-15 18:20:13.559  3248  3320 I GnssLocationProvider: WakeLock acquired by sendMessage(REPORT_SV_STATUS, 0, com.android.server.location.GnssLocationProvider$SvStatusInfo@10cbf17)
01-15 18:20:13.560  3248  3261 I GnssLocationProvider: WakeLock released by handleMessage(REPORT_SV_STATUS, 0, com.android.server.location.GnssLocationProvider$SvStatusInfo@10cbf17)
01-15 18:20:14.236 23945 23945 I AccessibilityNodeInfoDumper: Skipping invisible child: android.view.accessibility.AccessibilityNodeInfo@38bc7; boundsInParent: Rect(0, 0 - 0, 126); boundsInScreen: Rect(231, 986 - 231, 1112); packageName: com.google.android.packageinstaller; className: android.widget.LinearLayout; text: null; error: null; maxTextLength: -1; contentDescription: null; tooltipText: null; viewIdResName: null; checkable: false; checked: false; focusable: false; focused: false; selected: false; clickable: false; longClickable: false; contextClickable: false; enabled: true; password: false; scrollable: false; importantForAccessibility: false; visible: false; actions: [AccessibilityAction: ACTION_SELECT - null, AccessibilityAction: ACTION_CLEAR_SELECTION - null, AccessibilityAction: ACTION_ACCESSIBILITY_FOCUS - null, AccessibilityAction: ACTION_SHOW_ON_SCREEN - null]
01-15 18:20:14.237 23945 23945 W AccessibilityNodeInfoDumper: Fetch time: 8ms
01-15 18:20:13.216  3248  3248 V SettingsProvider: Notifying for 0: content://settings/secure/accessibility_enabled
01-15 18:20:14.239  3248 13824 W WindowManager: removeWindowToken: Attempted to remove non-existing token: android.os.Binder@cebf6b1
01-15 18:20:14.241  3248  3248 V SettingsProvider: Notifying for 0: content://settings/secure/accessibility_enabled
01-15 18:20:14.244  4324  4423 I A       : NGA disabled due to not being eligible.
01-15 18:20:14.251 23945 23945 D AndroidRuntime: Shutting down VM
01-15 18:20:14.570  3248  3320 I GnssLocationProvider: WakeLock acquired by sendMessage(REPORT_SV_STATUS, 0, com.android.server.location.GnssLocationProvider$SvStatusInfo@7984ced)
01-15 18:20:14.570  3248  3261 I GnssLocationProvider: WakeLock released by handleMessage(REPORT_SV_STATUS, 0, com.android.server.location.GnssLocationProvider$SvStatusInfo@7984ced)
01-15 18:20:14.658 23965 23965 D AndroidRuntime: >>>>>> START com.android.internal.os.RuntimeInit uid 2000 <<<<<<
01-15 18:20:14.660 23965 23965 E cutils-trace: Error opening trace file: No such file or directory (2)
01-15 18:20:14.698 23965 23965 I app_process: The ClassLoaderContext is a special shared library.
01-15 18:20:14.698 23965 23965 I app_process: The ClassLoaderContext is a special shared library.
01-15 18:20:14.711 23965 23965 D AndroidRuntime: Calling main entry com.android.commands.uiautomator.Launcher
01-15 18:20:14.720  4324  4426 I A       : NGA disabled due to not being eligible.
01-15 18:20:15.566  3248  3320 I GnssLocationProvider: WakeLock acquired by sendMessage(REPORT_SV_STATUS, 0, com.android.server.location.GnssLocationProvider$SvStatusInfo@de99770)
01-15 18:20:15.566  3248  3261 I GnssLocationProvider: WakeLock released by handleMessage(REPORT_SV_STATUS, 0, com.android.server.location.GnssLocationProvider$SvStatusInfo@de99770)
01-15 18:20:15.736 23965 23965 I AccessibilityNodeInfoDumper: Skipping invisible child: android.view.accessibility.AccessibilityNodeInfo@38bd2; boundsInParent: Rect(0, 0 - 0, 126); boundsInScreen: Rect(231, 986 - 231, 1112); packageName: com.google.android.packageinstaller; className: android.widget.LinearLayout; text: null; error: null; maxTextLength: -1; contentDescription: null; tooltipText: null; viewIdResName: null; checkable: false; checked: false; focusable: false; focused: false; selected: false; clickable: false; longClickable: false; contextClickable: false; enabled: true; password: false; scrollable: false; importantForAccessibility: false; visible: false; actions: [AccessibilityAction: ACTION_SELECT - null, AccessibilityAction: ACTION_CLEAR_SELECTION - null, AccessibilityAction: ACTION_ACCESSIBILITY_FOCUS - null, AccessibilityAction: ACTION_SHOW_ON_SCREEN - null]
01-15 18:20:15.737 23965 23965 W AccessibilityNodeInfoDumper: Fetch time: 5ms
01-15 18:20:14.717  3248  3248 V SettingsProvider: Notifying for 0: content://settings/secure/accessibility_enabled
01-15 18:20:15.738  3248  5301 W WindowManager: removeWindowToken: Attempted to remove non-existing token: android.os.Binder@f972722
01-15 18:20:15.739  3248  3248 V SettingsProvider: Notifying for 0: content://settings/secure/accessibility_enabled
01-15 18:20:15.741  4324  4423 I A       : NGA disabled due to not being eligible.
01-15 18:20:15.748 23965 23965 D AndroidRuntime: Shutting down VM
01-15 18:20:16.154 23984 23984 D AndroidRuntime: >>>>>> START com.android.internal.os.RuntimeInit uid 2000 <<<<<<
01-15 18:20:16.156 23984 23984 E cutils-trace: Error opening trace file: No such file or directory (2)
01-15 18:20:16.185 23984 23984 I app_process: The ClassLoaderContext is a special shared library.
01-15 18:20:16.186 23984 23984 I app_process: The ClassLoaderContext is a special shared library.
01-15 18:20:16.195 23984 23984 D AndroidRuntime: Calling main entry com.android.commands.uiautomator.Launcher
01-15 18:20:16.200  4324  4426 I A       : NGA disabled due to not being eligible.
01-15 18:20:16.567  3248  3320 I GnssLocationProvider: WakeLock acquired by sendMessage(REPORT_SV_STATUS, 0, com.android.server.location.GnssLocationProvider$SvStatusInfo@1a8ba9c)
01-15 18:20:16.567  3248  3261 I GnssLocationProvider: WakeLock released by handleMessage(REPORT_SV_STATUS, 0, com.android.server.location.GnssLocationProvider$SvStatusInfo@1a8ba9c)
01-15 18:20:17.214 23984 23984 I AccessibilityNodeInfoDumper: Skipping invisible child: android.view.accessibility.AccessibilityNodeInfo@38bde; boundsInParent: Rect(0, 0 - 0, 126); boundsInScreen: Rect(231, 986 - 231, 1112); packageName: com.google.android.packageinstaller; className: android.widget.LinearLayout; text: null; error: null; maxTextLength: -1; contentDescription: null; tooltipText: null; viewIdResName: null; checkable: false; checked: false; focusable: false; focused: false; selected: false; clickable: false; longClickable: false; contextClickable: false; enabled: true; password: false; scrollable: false; importantForAccessibility: false; visible: false; actions: [AccessibilityAction: ACTION_SELECT - null, AccessibilityAction: ACTION_CLEAR_SELECTION - null, AccessibilityAction: ACTION_ACCESSIBILITY_FOCUS - null, AccessibilityAction: ACTION_SHOW_ON_SCREEN - null]
01-15 18:20:17.215 23984 23984 W AccessibilityNodeInfoDumper: Fetch time: 4ms
01-15 18:20:16.199  3248  3248 V SettingsProvider: Notifying for 0: content://settings/secure/accessibility_enabled
01-15 18:20:17.220  3248  5530 W WindowManager: removeWindowToken: Attempted to remove non-existing token: android.os.Binder@2a4936e
01-15 18:20:17.221  3248  3248 V SettingsProvider: Notifying for 0: content://settings/secure/accessibility_enabled
01-15 18:20:17.222  4324  4423 I A       : NGA disabled due to not being eligible.
01-15 18:20:17.224 23984 23984 D AndroidRuntime: Shutting down VM
