01-15 18:21:02.862  3103  3160 W SurfaceFlinger: Attempting to destroy on removed layer: AppWindowToken{ebeb445 token=Token{90d1cbc ActivityRecord{3e090af u0 com.android.gpstest/.GpsTestActivity t44}}}#0
01-15 18:21:02.862  3103  3160 W SurfaceFlinger: Attempting to destroy on removed layer: Task=44#0
01-15 18:21:02.887  3248  4900 D HostConnection: HostConnection::get() New Host Connection established 0x791050d1a0, tid 4900
01-15 18:21:02.887  3248  4900 D HostConnection: HostComposition ext ANDROID_EMU_CHECKSUM_HELPER_v1 ANDROID_EMU_sync_buffer_data GL_OES_EGL_image_external_essl3 GL_OES_vertex_array_object GL_KHR_texture_compression_astc_ldr ANDROID_EMU_host_side_tracing ANDROID_EMU_gles_max_version_3_0 
01-15 18:21:02.887  3248  4900 I ConfigStore: android::hardware::configstore::V1_0::ISurfaceFlingerConfigs::hasWideColorDisplay retrieved: 0
01-15 18:21:02.887  3248  4900 I ConfigStore: android::hardware::configstore::V1_0::ISurfaceFlingerConfigs::hasHDRDisplay retrieved: 0
01-15 18:21:02.887  3248  4900 I OpenGLRenderer: Initialized EGL, version 1.4
01-15 18:21:02.887  3248  4900 D OpenGLRenderer: Swap behavior 1
01-15 18:21:02.887  3248  4900 W OpenGLRenderer: Failed to choose config with EGL_SWAP_BEHAVIOR_PRESERVED, retrying without...
01-15 18:21:02.887  3248  4900 D OpenGLRenderer: Swap behavior 0
01-15 18:21:02.888  3248  4900 D eglCodecCommon: setVertexArrayObject: set vao to 0 (0) 0 0
01-15 18:21:02.888  3248  4900 D EGL_emulation: eglCreateContext: 0x791050d2e0: maj 3 min 0 rcv 3
01-15 18:21:02.889  3248  4900 D EGL_emulation: eglMakeCurrent: 0x791050d2e0: ver 3 0 (tinfo 0x790b687540)
01-15 18:21:02.897  3248  4900 D eglCodecCommon: setVertexArrayObject: set vao to 0 (0) 1 2
01-15 18:21:03.738  3248  3320 I GnssLocationProvider: WakeLock acquired by sendMessage(REPORT_SV_STATUS, 0, com.android.server.location.GnssLocationProvider$SvStatusInfo@1e34975)
01-15 18:21:03.738  3248  3261 I GnssLocationProvider: WakeLock released by handleMessage(REPORT_SV_STATUS, 0, com.android.server.location.GnssLocationProvider$SvStatusInfo@1e34975)
01-15 18:21:04.574  3632 13844 I NetworkScheduler.Stats: Task com.google.android.gms/com.google.android.gms.checkin.EventLogService started execution. cause:4 exec_start_elapsed_seconds: 12677 [CONTEXT service_id=218 ]
01-15 18:21:04.578  3793 23691 I Checkin : [EventLogChimeraService] Opted in for usage reporting: false
01-15 18:21:04.580  3793 23691 I Checkin : [EventLogChimeraService] Aggregate from 1673823064452 (log), 1673823064452 (data)
01-15 18:21:04.602  3248  3262 W BroadcastQueue: Background execution not allowed: receiving Intent { act=android.intent.action.DROPBOX_ENTRY_ADDED flg=0x10 (has extras) } to com.google.android.gms/.stats.service.DropBoxEntryAddedReceiver
01-15 18:21:04.603  3248  3262 W BroadcastQueue: Background execution not allowed: receiving Intent { act=android.intent.action.DROPBOX_ENTRY_ADDED flg=0x10 (has extras) } to com.google.android.gms/.chimera.GmsIntentOperationService$PersistentTrustedReceiver
01-15 18:21:04.618  3248  3264 I ActivityManager: Start proc 24771:com.google.process.gservices/u0a15 for content provider com.google.android.gsf/.gservices.GservicesProvider
01-15 18:21:04.619 24771 24771 E ocess.gservice: Not starting debugger since process cannot load the jdwp agent.
01-15 18:21:04.655 24771 24771 I ocess.gservice: The ClassLoaderContext is a special shared library.
01-15 18:21:04.657 24771 24771 I ocess.gservice: The ClassLoaderContext is a special shared library.
01-15 18:21:04.665 24771 24771 I GservicesProvider: Gservices pushing to system: true; secure/global: true
01-15 18:21:04.690  3632 21207 I NetworkScheduler.Stats: Task com.google.android.gms/com.google.android.gms.checkin.EventLogService finished executing. cause:4 result: 1 elapsed_millis: 149 uptime_millis: 149 exec_start_elapsed_seconds: 12677 [CONTEXT service_id=218 ]
01-15 18:21:04.738  3248  3320 I GnssLocationProvider: WakeLock acquired by sendMessage(REPORT_SV_STATUS, 0, com.android.server.location.GnssLocationProvider$SvStatusInfo@ff5d76b)
01-15 18:21:04.738  3248  3261 I GnssLocationProvider: WakeLock released by handleMessage(REPORT_SV_STATUS, 0, com.android.server.location.GnssLocationProvider$SvStatusInfo@ff5d76b)
01-15 18:21:05.744  3248  3320 I GnssLocationProvider: WakeLock acquired by sendMessage(REPORT_SV_STATUS, 0, com.android.server.location.GnssLocationProvider$SvStatusInfo@b1182c8)
01-15 18:21:05.745  3248  3261 I GnssLocationProvider: WakeLock released by handleMessage(REPORT_SV_STATUS, 0, com.android.server.location.GnssLocationProvider$SvStatusInfo@b1182c8)
01-15 18:21:05.747 24793 24793 W ls      : type=1400 audit(0.0:12373): avc: denied { getattr } for path="/proc/fb" dev="proc" ino=4026531899 scontext=u:r:shell:s0 tcontext=u:object_r:proc:s0 tclass=file permissive=0
01-15 18:21:06.746  3248  3320 I GnssLocationProvider: WakeLock acquired by sendMessage(REPORT_SV_STATUS, 0, com.android.server.location.GnssLocationProvider$SvStatusInfo@afdcf61)
01-15 18:21:06.746  3248  3261 I GnssLocationProvider: WakeLock released by handleMessage(REPORT_SV_STATUS, 0, com.android.server.location.GnssLocationProvider$SvStatusInfo@afdcf61)
01-15 18:21:07.746  3248  3320 I GnssLocationProvider: WakeLock acquired by sendMessage(REPORT_SV_STATUS, 0, com.android.server.location.GnssLocationProvider$SvStatusInfo@9470a86)
01-15 18:21:07.747  3248  3261 I GnssLocationProvider: WakeLock released by handleMessage(REPORT_SV_STATUS, 0, com.android.server.location.GnssLocationProvider$SvStatusInfo@9470a86)
01-15 18:21:07.765  3392  3392 I EmojiSuperpacksFeature: Emoji superpacks enabled
01-15 18:21:07.766  3392  3392 I Conv2QueryExtension: isEnabled() : true
01-15 18:21:07.766  3392  3392 I FeatureCardGenerator: Make a GIF card not added
01-15 18:21:07.766  3392  3392 I FeatureCardGenerator: Autospace card not added
01-15 18:21:08.015 25236 25236 D AndroidRuntime: >>>>>> START com.android.internal.os.RuntimeInit uid 2000 <<<<<<
01-15 18:21:08.017 25236 25236 E cutils-trace: Error opening trace file: No such file or directory (2)
01-15 18:21:08.057 25236 25236 I app_process: The ClassLoaderContext is a special shared library.
01-15 18:21:08.074 25236 25236 D AndroidRuntime: Calling main entry com.android.commands.monkey.Monkey
01-15 18:21:08.075 25236 25236 W Monkey  : args: [-p, com.android.gpstest, -c, android.intent.category.LAUNCHER, 1]
01-15 18:21:08.077 25236 25236 W Monkey  :  arg: "-p"
01-15 18:21:08.077 25236 25236 W Monkey  :  arg: "com.android.gpstest"
01-15 18:21:08.077 25236 25236 W Monkey  :  arg: "-c"
01-15 18:21:08.077 25236 25236 W Monkey  :  arg: "android.intent.category.LAUNCHER"
01-15 18:21:08.077 25236 25236 W Monkey  :  arg: "1"
01-15 18:21:08.077 25236 25236 W Monkey  : data="com.android.gpstest"
01-15 18:21:08.077 25236 25236 W Monkey  : data="android.intent.category.LAUNCHER"
01-15 18:21:08.085  3248  3262 W BroadcastQueue: Skipping deliver [background] BroadcastRecord{567009d u-1 android.net.conn.CONNECTIVITY_CHANGE} to ReceiverList{5794912 25236 (unknown name)/2000/u-1 remote:2187f47}: process gone or crashing
01-15 18:21:08.088  3248  3383 I ActivityManager: START u0 {act=android.intent.action.MAIN cat=[android.intent.category.LAUNCHER] flg=0x10200000 cmp=com.android.gpstest/.GpsTestActivity} from uid 2000
01-15 18:21:08.089  3248  3383 W Binder  : Outgoing transactions from this process must be FLAG_ONEWAY
01-15 18:21:08.089  3248  3383 W Binder  : java.lang.Throwable
01-15 18:21:08.089  3248  3383 W Binder  : 	at android.os.BinderProxy.transact(Binder.java:1114)
01-15 18:21:08.089  3248  3383 W Binder  : 	at android.app.IActivityController$Stub$Proxy.activityStarting(IActivityController.java:176)
01-15 18:21:08.089  3248  3383 W Binder  : 	at com.android.server.am.ActivityStarter.startActivity(ActivityStarter.java:737)
01-15 18:21:08.089  3248  3383 W Binder  : 	at com.android.server.am.ActivityStarter.startActivity(ActivityStarter.java:544)
01-15 18:21:08.089  3248  3383 W Binder  : 	at com.android.server.am.ActivityStarter.startActivityMayWait(ActivityStarter.java:1099)
01-15 18:21:08.089  3248  3383 W Binder  : 	at com.android.server.am.ActivityStarter.execute(ActivityStarter.java:486)
01-15 18:21:08.089  3248  3383 W Binder  : 	at com.android.server.am.ActivityManagerService.startActivityAsUser(ActivityManagerService.java:5120)
01-15 18:21:08.089  3248  3383 W Binder  : 	at com.android.server.am.ActivityManagerService.startActivityAsUser(ActivityManagerService.java:5094)
01-15 18:21:08.089  3248  3383 W Binder  : 	at com.android.server.am.ActivityManagerService.startActivity(ActivityManagerService.java:5085)
01-15 18:21:08.089  3248  3383 W Binder  : 	at android.app.IActivityManager$Stub.onTransact$startActivity$(IActivityManager.java:10084)
01-15 18:21:08.089  3248  3383 W Binder  : 	at android.app.IActivityManager$Stub.onTransact(IActivityManager.java:122)
01-15 18:21:08.089  3248  3383 W Binder  : 	at com.android.server.am.ActivityManagerService.onTransact(ActivityManagerService.java:3291)
01-15 18:21:08.089  3248  3383 W Binder  : 	at android.os.Binder.execTransact(Binder.java:731)
01-15 18:21:08.111 23714 23714 W ActivityThread: handleWindowVisibility: no activity for token android.os.BinderProxy@4319858
01-15 18:21:08.112 25236 25236 I Monkey  : Events injected: 1
01-15 18:21:08.117  3248  3248 V SettingsProvider: Notifying for 0: content://settings/system/accelerometer_rotation
01-15 18:21:08.122 25236 25236 I Monkey  : ## Network stats: elapsed time=31ms (0ms mobile, 0ms wifi, 31ms not connected)
01-15 18:21:08.123 25236 25236 I app_process: System.exit called, status: 0
01-15 18:21:08.123 25236 25236 I AndroidRuntime: VM exiting with result code 0.
01-15 18:21:08.126  3010  5624 D gralloc_ranchu: gralloc_alloc: Creating ashmem region of size 8298496
01-15 18:21:08.140 23714 23714 D NavDrawerFragment: Using position from preferences = 0
01-15 18:21:08.140 23714 23714 D GpsTestActivity: Creating new GpsStatusFragment
01-15 18:21:08.122  3248  3248 V SettingsProvider: Notifying for 0: content://settings/system/accelerometer_rotation
01-15 18:21:08.153  3248  5827 I ActivityManager: START u0 {act=android.content.pm.action.REQUEST_PERMISSIONS pkg=com.google.android.packageinstaller cmp=com.google.android.packageinstaller/com.android.packageinstaller.permission.ui.GrantPermissionsActivity (has extras)} from uid 10105
01-15 18:21:08.162  3010  5624 D gralloc_ranchu: gralloc_alloc: Creating ashmem region of size 8298496
01-15 18:21:08.169 29076 29076 W ActivityThread: handleWindowVisibility: no activity for token android.os.BinderProxy@36ffd9b
01-15 18:21:08.203  3010  5624 D gralloc_ranchu: gralloc_alloc: Creating ashmem region of size 8298496
01-15 18:21:08.206  3010  5624 I chatty  : uid=1000(system) HwBinder:3010_3 identical 1 line
01-15 18:21:08.207  3010  5624 D gralloc_ranchu: gralloc_alloc: Creating ashmem region of size 8298496
01-15 18:21:08.218  3010  5624 D gralloc_ranchu: gralloc_alloc: Creating ashmem region of size 7659520
01-15 18:21:08.219  3010  5624 D gralloc_ranchu: gralloc_alloc: Creating ashmem region of size 7659520
01-15 18:21:08.219  3010  3052 D gralloc_ranchu: gralloc_alloc: Creating ashmem region of size 7659520
01-15 18:21:08.221  3392  3392 I GoogleInputMethod: onFinishInput() : Dummy InputConnection bound
01-15 18:21:08.221  3392  3392 I GoogleInputMethod: onStartInput() : Dummy InputConnection bound
01-15 18:21:08.230 29076 29092 D EGL_emulation: eglMakeCurrent: 0x79316368c0: ver 3 0 (tinfo 0x793160d460)
01-15 18:21:08.231 23714 23739 D EGL_emulation: eglMakeCurrent: 0x7920cb4b00: ver 3 0 (tinfo 0x792e1a15a0)
01-15 18:21:08.281 29076 29092 D EGL_emulation: eglMakeCurrent: 0x79316368c0: ver 3 0 (tinfo 0x793160d460)
01-15 18:21:08.282  3010  5624 D gralloc_ranchu: gralloc_alloc: Creating ashmem region of size 7655424
01-15 18:21:08.284 29076 29092 D EGL_emulation: eglMakeCurrent: 0x79316368c0: ver 3 0 (tinfo 0x793160d460)
01-15 18:21:08.290  3248  3270 I ActivityManager: Displayed com.google.android.packageinstaller/com.android.packageinstaller.permission.ui.GrantPermissionsActivity: +76ms (total +133ms)
01-15 18:21:08.291  3010  5624 D gralloc_ranchu: gralloc_alloc: Creating ashmem region of size 7655424
01-15 18:21:08.416  3918  4082 D EGL_emulation: eglMakeCurrent: 0x7931636960: ver 3 0 (tinfo 0x793160d800)
01-15 18:21:08.450  3404  3574 D EGL_emulation: eglMakeCurrent: 0x7931639200: ver 3 0 (tinfo 0x7931681c60)
01-15 18:21:08.454  3103  3284 W SurfaceFlinger: Attempting to set client state on removed layer: Splash Screen com.android.gpstest#0
01-15 18:21:08.454  3103  3284 W SurfaceFlinger: Attempting to destroy on removed layer: Splash Screen com.android.gpstest#0
01-15 18:21:08.464  3404  3574 D EGL_emulation: eglMakeCurrent: 0x7931639200: ver 3 0 (tinfo 0x7931681c60)
01-15 18:21:08.754  3248  3320 I GnssLocationProvider: WakeLock acquired by sendMessage(REPORT_SV_STATUS, 0, com.android.server.location.GnssLocationProvider$SvStatusInfo@9cdad46)
01-15 18:21:08.754  3248  3261 I GnssLocationProvider: WakeLock released by handleMessage(REPORT_SV_STATUS, 0, com.android.server.location.GnssLocationProvider$SvStatusInfo@9cdad46)
01-15 18:21:09.690 24771 24790 I ocess.gservice: Waiting for a blocking GC ProfileSaver
01-15 18:21:09.695 24771 24790 I ocess.gservice: WaitForGcToComplete blocked ProfileSaver on HeapTrim for 5.390ms
01-15 18:21:09.756  3248  3320 I GnssLocationProvider: WakeLock acquired by sendMessage(REPORT_SV_STATUS, 0, com.android.server.location.GnssLocationProvider$SvStatusInfo@1824b07)
01-15 18:21:09.756  3248  3261 I GnssLocationProvider: WakeLock released by handleMessage(REPORT_SV_STATUS, 0, com.android.server.location.GnssLocationProvider$SvStatusInfo@1824b07)
01-15 18:21:09.821  3010  5624 D gralloc_ranchu: gralloc_alloc: Creating ashmem region of size 7655424
01-15 18:21:10.760  3248  3320 I GnssLocationProvider: WakeLock acquired by sendMessage(REPORT_SV_STATUS, 0, com.android.server.location.GnssLocationProvider$SvStatusInfo@5c04434)
01-15 18:21:10.760  3248  3261 I GnssLocationProvider: WakeLock released by handleMessage(REPORT_SV_STATUS, 0, com.android.server.location.GnssLocationProvider$SvStatusInfo@5c04434)
01-15 18:21:11.765  3248  3320 I GnssLocationProvider: WakeLock acquired by sendMessage(REPORT_SV_STATUS, 0, com.android.server.location.GnssLocationProvider$SvStatusInfo@bdd125d)
01-15 18:21:11.766  3248  3261 I GnssLocationProvider: WakeLock released by handleMessage(REPORT_SV_STATUS, 0, com.android.server.location.GnssLocationProvider$SvStatusInfo@bdd125d)
01-15 18:21:12.766  3248  3320 I GnssLocationProvider: WakeLock acquired by sendMessage(REPORT_SV_STATUS, 0, com.android.server.location.GnssLocationProvider$SvStatusInfo@9a757d2)
01-15 18:21:12.766  3248  3261 I GnssLocationProvider: WakeLock released by handleMessage(REPORT_SV_STATUS, 0, com.android.server.location.GnssLocationProvider$SvStatusInfo@9a757d2)
01-15 18:21:13.771  3248  3320 I GnssLocationProvider: WakeLock acquired by sendMessage(REPORT_SV_STATUS, 0, com.android.server.location.GnssLocationProvider$SvStatusInfo@76e90a3)
01-15 18:21:13.772  3248  3261 I GnssLocationProvider: WakeLock released by handleMessage(REPORT_SV_STATUS, 0, com.android.server.location.GnssLocationProvider$SvStatusInfo@76e90a3)
01-15 18:21:14.775  3248  3320 I GnssLocationProvider: WakeLock acquired by sendMessage(REPORT_SV_STATUS, 0, com.android.server.location.GnssLocationProvider$SvStatusInfo@b376fa0)
01-15 18:21:14.776  3248  3261 I GnssLocationProvider: WakeLock released by handleMessage(REPORT_SV_STATUS, 0, com.android.server.location.GnssLocationProvider$SvStatusInfo@b376fa0)
01-15 18:21:15.778  3248  3320 I GnssLocationProvider: WakeLock acquired by sendMessage(REPORT_SV_STATUS, 0, com.android.server.location.GnssLocationProvider$SvStatusInfo@5d7759)
01-15 18:21:15.779  3248  3261 I GnssLocationProvider: WakeLock released by handleMessage(REPORT_SV_STATUS, 0, com.android.server.location.GnssLocationProvider$SvStatusInfo@5d7759)
01-15 18:21:16.783  3248  3320 I GnssLocationProvider: WakeLock acquired by sendMessage(REPORT_SV_STATUS, 0, com.android.server.location.GnssLocationProvider$SvStatusInfo@9ff1f1e)
01-15 18:21:16.783  3248  3261 I GnssLocationProvider: WakeLock released by handleMessage(REPORT_SV_STATUS, 0, com.android.server.location.GnssLocationProvider$SvStatusInfo@9ff1f1e)
01-15 18:21:17.786  3248  3320 I GnssLocationProvider: WakeLock acquired by sendMessage(REPORT_SV_STATUS, 0, com.android.server.location.GnssLocationProvider$SvStatusInfo@c4f93ff)
01-15 18:21:17.787  3248  3261 I GnssLocationProvider: WakeLock released by handleMessage(REPORT_SV_STATUS, 0, com.android.server.location.GnssLocationProvider$SvStatusInfo@c4f93ff)
01-15 18:21:18.792  3248  3320 I GnssLocationProvider: WakeLock acquired by sendMessage(REPORT_SV_STATUS, 0, com.android.server.location.GnssLocationProvider$SvStatusInfo@333e5cc)
01-15 18:21:18.792  3248  3261 I GnssLocationProvider: WakeLock released by handleMessage(REPORT_SV_STATUS, 0, com.android.server.location.GnssLocationProvider$SvStatusInfo@333e5cc)
01-15 18:21:19.795  3248  3320 I GnssLocationProvider: WakeLock acquired by sendMessage(REPORT_SV_STATUS, 0, com.android.server.location.GnssLocationProvider$SvStatusInfo@4e53015)
01-15 18:21:19.796  3248  3261 I GnssLocationProvider: WakeLock released by handleMessage(REPORT_SV_STATUS, 0, com.android.server.location.GnssLocationProvider$SvStatusInfo@4e53015)
01-15 18:21:20.796  3248  3320 I GnssLocationProvider: WakeLock acquired by sendMessage(REPORT_SV_STATUS, 0, com.android.server.location.GnssLocationProvider$SvStatusInfo@f7a0f2a)
01-15 18:21:20.796  3248  3261 I GnssLocationProvider: WakeLock released by handleMessage(REPORT_SV_STATUS, 0, com.android.server.location.GnssLocationProvider$SvStatusInfo@f7a0f2a)
01-15 18:21:21.801  3248  3320 I GnssLocationProvider: WakeLock acquired by sendMessage(REPORT_SV_STATUS, 0, com.android.server.location.GnssLocationProvider$SvStatusInfo@c13711b)
01-15 18:21:21.801  3248  3261 I GnssLocationProvider: WakeLock released by handleMessage(REPORT_SV_STATUS, 0, com.android.server.location.GnssLocationProvider$SvStatusInfo@c13711b)
01-15 18:21:22.803  3248  3320 I GnssLocationProvider: WakeLock acquired by sendMessage(REPORT_SV_STATUS, 0, com.android.server.location.GnssLocationProvider$SvStatusInfo@69f92b8)
01-15 18:21:22.803  3248  3261 I GnssLocationProvider: WakeLock released by handleMessage(REPORT_SV_STATUS, 0, com.android.server.location.GnssLocationProvider$SvStatusInfo@69f92b8)
01-15 18:21:23.808  3248  3320 I GnssLocationProvider: WakeLock acquired by sendMessage(REPORT_SV_STATUS, 0, com.android.server.location.GnssLocationProvider$SvStatusInfo@2f5b891)
01-15 18:21:23.809  3248  3261 I GnssLocationProvider: WakeLock released by handleMessage(REPORT_SV_STATUS, 0, com.android.server.location.GnssLocationProvider$SvStatusInfo@2f5b891)
01-15 18:21:24.402 25251 25251 D AndroidRuntime: >>>>>> START com.android.internal.os.RuntimeInit uid 2000 <<<<<<
01-15 18:21:24.404 25251 25251 E cutils-trace: Error opening trace file: No such file or directory (2)
01-15 18:21:24.438 25251 25251 I app_process: The ClassLoaderContext is a special shared library.
01-15 18:21:24.438 25251 25251 I app_process: The ClassLoaderContext is a special shared library.
01-15 18:21:24.448 25251 25251 D AndroidRuntime: Calling main entry com.android.commands.uiautomator.Launcher
01-15 18:21:24.453  3248  3248 V SettingsProvider: Notifying for 0: content://settings/secure/accessibility_enabled
01-15 18:21:24.456  4324  4426 I A       : NGA disabled due to not being eligible.
01-15 18:21:24.809  3248  3320 I GnssLocationProvider: WakeLock acquired by sendMessage(REPORT_SV_STATUS, 0, com.android.server.location.GnssLocationProvider$SvStatusInfo@1172264)
01-15 18:21:24.810  3248  3261 I GnssLocationProvider: WakeLock released by handleMessage(REPORT_SV_STATUS, 0, com.android.server.location.GnssLocationProvider$SvStatusInfo@1172264)
01-15 18:21:25.478 25251 25251 I AccessibilityNodeInfoDumper: Skipping invisible child: android.view.accessibility.AccessibilityNodeInfo@3c0f1; boundsInParent: Rect(0, 0 - 0, 126); boundsInScreen: Rect(231, 1044 - 231, 1170); packageName: com.google.android.packageinstaller; className: android.widget.LinearLayout; text: null; error: null; maxTextLength: -1; contentDescription: null; tooltipText: null; viewIdResName: null; checkable: false; checked: false; focusable: false; focused: false; selected: false; clickable: false; longClickable: false; contextClickable: false; enabled: true; password: false; scrollable: false; importantForAccessibility: false; visible: false; actions: [AccessibilityAction: ACTION_SELECT - null, AccessibilityAction: ACTION_CLEAR_SELECTION - null, AccessibilityAction: ACTION_ACCESSIBILITY_FOCUS - null, AccessibilityAction: ACTION_SHOW_ON_SCREEN - null]
01-15 18:21:25.479 25251 25251 W AccessibilityNodeInfoDumper: Fetch time: 6ms
01-15 18:21:25.481  3248  3383 W WindowManager: removeWindowToken: Attempted to remove non-existing token: android.os.Binder@201f3f6
01-15 18:21:25.482  3248  3248 V SettingsProvider: Notifying for 0: content://settings/secure/accessibility_enabled
01-15 18:21:25.486  4324  4423 I A       : NGA disabled due to not being eligible.
01-15 18:21:25.487 25251 25251 D AndroidRuntime: Shutting down VM
01-15 18:21:25.812  3248  3320 I GnssLocationProvider: WakeLock acquired by sendMessage(REPORT_SV_STATUS, 0, com.android.server.location.GnssLocationProvider$SvStatusInfo@ebde8c9)
01-15 18:21:25.812  3248  3261 I GnssLocationProvider: WakeLock released by handleMessage(REPORT_SV_STATUS, 0, com.android.server.location.GnssLocationProvider$SvStatusInfo@ebde8c9)
01-15 18:21:26.698 25280 25280 D AndroidRuntime: >>>>>> START com.android.internal.os.RuntimeInit uid 2000 <<<<<<
01-15 18:21:26.700 25280 25280 E cutils-trace: Error opening trace file: No such file or directory (2)
01-15 18:21:26.730 25280 25280 I app_process: The ClassLoaderContext is a special shared library.
01-15 18:21:26.730 25280 25280 I app_process: The ClassLoaderContext is a special shared library.
01-15 18:21:26.742 25280 25280 D AndroidRuntime: Calling main entry com.android.commands.uiautomator.Launcher
01-15 18:21:26.748  4324  4426 I A       : NGA disabled due to not being eligible.
01-15 18:21:26.816  3248  3320 I GnssLocationProvider: WakeLock acquired by sendMessage(REPORT_SV_STATUS, 0, com.android.server.location.GnssLocationProvider$SvStatusInfo@46259fc)
01-15 18:21:26.816  3248  3261 I GnssLocationProvider: WakeLock released by handleMessage(REPORT_SV_STATUS, 0, com.android.server.location.GnssLocationProvider$SvStatusInfo@46259fc)
01-15 18:21:27.769 25280 25280 I AccessibilityNodeInfoDumper: Skipping invisible child: android.view.accessibility.AccessibilityNodeInfo@3c0fa; boundsInParent: Rect(0, 0 - 0, 126); boundsInScreen: Rect(231, 1044 - 231, 1170); packageName: com.google.android.packageinstaller; className: android.widget.LinearLayout; text: null; error: null; maxTextLength: -1; contentDescription: null; tooltipText: null; viewIdResName: null; checkable: false; checked: false; focusable: false; focused: false; selected: false; clickable: false; longClickable: false; contextClickable: false; enabled: true; password: false; scrollable: false; importantForAccessibility: false; visible: false; actions: [AccessibilityAction: ACTION_SELECT - null, AccessibilityAction: ACTION_CLEAR_SELECTION - null, AccessibilityAction: ACTION_ACCESSIBILITY_FOCUS - null, AccessibilityAction: ACTION_SHOW_ON_SCREEN - null]
01-15 18:21:27.770 25280 25280 W AccessibilityNodeInfoDumper: Fetch time: 6ms
01-15 18:21:26.746  3248  3248 V SettingsProvider: Notifying for 0: content://settings/secure/accessibility_enabled
01-15 18:21:27.773  3248 29505 W WindowManager: removeWindowToken: Attempted to remove non-existing token: android.os.Binder@83f8bce
01-15 18:21:27.774  3248  3248 V SettingsProvider: Notifying for 0: content://settings/secure/accessibility_enabled
01-15 18:21:27.777 25280 25280 D AndroidRuntime: Shutting down VM
01-15 18:21:27.777  4324  4423 I A       : NGA disabled due to not being eligible.
01-15 18:21:27.821  3248  3320 I GnssLocationProvider: WakeLock acquired by sendMessage(REPORT_SV_STATUS, 0, com.android.server.location.GnssLocationProvider$SvStatusInfo@3cc96da)
01-15 18:21:27.821  3248  3261 I GnssLocationProvider: WakeLock released by handleMessage(REPORT_SV_STATUS, 0, com.android.server.location.GnssLocationProvider$SvStatusInfo@3cc96da)
01-15 18:21:28.179 25299 25299 D AndroidRuntime: >>>>>> START com.android.internal.os.RuntimeInit uid 2000 <<<<<<
01-15 18:21:28.181 25299 25299 E cutils-trace: Error opening trace file: No such file or directory (2)
01-15 18:21:28.211 25299 25299 I app_process: The ClassLoaderContext is a special shared library.
01-15 18:21:28.212 25299 25299 I app_process: The ClassLoaderContext is a special shared library.
01-15 18:21:28.221 25299 25299 D AndroidRuntime: Calling main entry com.android.commands.uiautomator.Launcher
01-15 18:21:28.228  4324  4426 I A       : NGA disabled due to not being eligible.
01-15 18:21:28.828  3248  3320 I GnssLocationProvider: WakeLock acquired by sendMessage(REPORT_SV_STATUS, 0, com.android.server.location.GnssLocationProvider$SvStatusInfo@de4e801)
01-15 18:21:28.828  3248  3261 I GnssLocationProvider: WakeLock released by handleMessage(REPORT_SV_STATUS, 0, com.android.server.location.GnssLocationProvider$SvStatusInfo@de4e801)
01-15 18:21:29.246 25299 25299 I AccessibilityNodeInfoDumper: Skipping invisible child: android.view.accessibility.AccessibilityNodeInfo@3c104; boundsInParent: Rect(0, 0 - 0, 126); boundsInScreen: Rect(231, 1044 - 231, 1170); packageName: com.google.android.packageinstaller; className: android.widget.LinearLayout; text: null; error: null; maxTextLength: -1; contentDescription: null; tooltipText: null; viewIdResName: null; checkable: false; checked: false; focusable: false; focused: false; selected: false; clickable: false; longClickable: false; contextClickable: false; enabled: true; password: false; scrollable: false; importantForAccessibility: false; visible: false; actions: [AccessibilityAction: ACTION_SELECT - null, AccessibilityAction: ACTION_CLEAR_SELECTION - null, AccessibilityAction: ACTION_ACCESSIBILITY_FOCUS - null, AccessibilityAction: ACTION_SHOW_ON_SCREEN - null]
01-15 18:21:29.247 25299 25299 W AccessibilityNodeInfoDumper: Fetch time: 6ms
01-15 18:21:28.226  3248  3248 V SettingsProvider: Notifying for 0: content://settings/secure/accessibility_enabled
01-15 18:21:29.250  3248  3847 W WindowManager: removeWindowToken: Attempted to remove non-existing token: android.os.Binder@aaed70b
01-15 18:21:29.252  3248  3248 V SettingsProvider: Notifying for 0: content://settings/secure/accessibility_enabled
01-15 18:21:29.255  4324  4423 I A       : NGA disabled due to not being eligible.
01-15 18:21:29.260 25299 25299 D AndroidRuntime: Shutting down VM
01-15 18:21:29.832  3248  3320 I GnssLocationProvider: WakeLock acquired by sendMessage(REPORT_SV_STATUS, 0, com.android.server.location.GnssLocationProvider$SvStatusInfo@cf1d8e7)
01-15 18:21:29.833  3248  3261 I GnssLocationProvider: WakeLock released by handleMessage(REPORT_SV_STATUS, 0, com.android.server.location.GnssLocationProvider$SvStatusInfo@cf1d8e7)
01-15 18:21:30.500 25328 25328 D AndroidRuntime: >>>>>> START com.android.internal.os.RuntimeInit uid 2000 <<<<<<
01-15 18:21:30.501 25328 25328 E cutils-trace: Error opening trace file: No such file or directory (2)
01-15 18:21:30.531 25328 25328 I app_process: The ClassLoaderContext is a special shared library.
01-15 18:21:30.531 25328 25328 I app_process: The ClassLoaderContext is a special shared library.
01-15 18:21:30.542 25328 25328 D AndroidRuntime: Calling main entry com.android.commands.uiautomator.Launcher
01-15 18:21:30.547  4324  4426 I A       : NGA disabled due to not being eligible.
01-15 18:21:30.838  3248  3320 I GnssLocationProvider: WakeLock acquired by sendMessage(REPORT_SV_STATUS, 0, com.android.server.location.GnssLocationProvider$SvStatusInfo@2172732)
01-15 18:21:30.838  3248  3261 I GnssLocationProvider: WakeLock released by handleMessage(REPORT_SV_STATUS, 0, com.android.server.location.GnssLocationProvider$SvStatusInfo@2172732)
01-15 18:21:31.569 25328 25328 I AccessibilityNodeInfoDumper: Skipping invisible child: android.view.accessibility.AccessibilityNodeInfo@3c110; boundsInParent: Rect(0, 0 - 0, 126); boundsInScreen: Rect(231, 1044 - 231, 1170); packageName: com.google.android.packageinstaller; className: android.widget.LinearLayout; text: null; error: null; maxTextLength: -1; contentDescription: null; tooltipText: null; viewIdResName: null; checkable: false; checked: false; focusable: false; focused: false; selected: false; clickable: false; longClickable: false; contextClickable: false; enabled: true; password: false; scrollable: false; importantForAccessibility: false; visible: false; actions: [AccessibilityAction: ACTION_SELECT - null, AccessibilityAction: ACTION_CLEAR_SELECTION - null, AccessibilityAction: ACTION_ACCESSIBILITY_FOCUS - null, AccessibilityAction: ACTION_SHOW_ON_SCREEN - null]
01-15 18:21:31.570 25328 25328 W AccessibilityNodeInfoDumper: Fetch time: 7ms
01-15 18:21:30.546  3248  3248 V SettingsProvider: Notifying for 0: content://settings/secure/accessibility_enabled
01-15 18:21:31.572  3248  4199 W WindowManager: removeWindowToken: Attempted to remove non-existing token: android.os.Binder@cb9ec94
01-15 18:21:31.573  3248  3248 V SettingsProvider: Notifying for 0: content://settings/secure/accessibility_enabled
01-15 18:21:31.576  4324  4423 I A       : NGA disabled due to not being eligible.
01-15 18:21:31.579 25328 25328 D AndroidRuntime: Shutting down VM
01-15 18:21:31.837  3248  3320 I GnssLocationProvider: WakeLock acquired by sendMessage(REPORT_SV_STATUS, 0, com.android.server.location.GnssLocationProvider$SvStatusInfo@e933e00)
01-15 18:21:31.837  3248  3261 I GnssLocationProvider: WakeLock released by handleMessage(REPORT_SV_STATUS, 0, com.android.server.location.GnssLocationProvider$SvStatusInfo@e933e00)
01-15 18:21:32.842  3248  3320 I GnssLocationProvider: WakeLock acquired by sendMessage(REPORT_SV_STATUS, 0, com.android.server.location.GnssLocationProvider$SvStatusInfo@5959639)
01-15 18:21:32.842  3248  3261 I GnssLocationProvider: WakeLock released by handleMessage(REPORT_SV_STATUS, 0, com.android.server.location.GnssLocationProvider$SvStatusInfo@5959639)
01-15 18:21:32.922 25363 25363 D AndroidRuntime: >>>>>> START com.android.internal.os.RuntimeInit uid 2000 <<<<<<
01-15 18:21:32.924 25363 25363 E cutils-trace: Error opening trace file: No such file or directory (2)
01-15 18:21:32.959 25363 25363 I app_process: The ClassLoaderContext is a special shared library.
01-15 18:21:32.959 25363 25363 I app_process: The ClassLoaderContext is a special shared library.
01-15 18:21:32.969 25363 25363 D AndroidRuntime: Calling main entry com.android.commands.uiautomator.Launcher
01-15 18:21:32.979  4324  4426 I A       : NGA disabled due to not being eligible.
01-15 18:21:33.848  3248  3320 I GnssLocationProvider: WakeLock acquired by sendMessage(REPORT_SV_STATUS, 0, com.android.server.location.GnssLocationProvider$SvStatusInfo@dee3a2c)
01-15 18:21:33.848  3248  3261 I GnssLocationProvider: WakeLock released by handleMessage(REPORT_SV_STATUS, 0, com.android.server.location.GnssLocationProvider$SvStatusInfo@dee3a2c)
01-15 18:21:33.999 25363 25363 I AccessibilityNodeInfoDumper: Skipping invisible child: android.view.accessibility.AccessibilityNodeInfo@3c11a; boundsInParent: Rect(0, 0 - 0, 126); boundsInScreen: Rect(231, 1044 - 231, 1170); packageName: com.google.android.packageinstaller; className: android.widget.LinearLayout; text: null; error: null; maxTextLength: -1; contentDescription: null; tooltipText: null; viewIdResName: null; checkable: false; checked: false; focusable: false; focused: false; selected: false; clickable: false; longClickable: false; contextClickable: false; enabled: true; password: false; scrollable: false; importantForAccessibility: false; visible: false; actions: [AccessibilityAction: ACTION_SELECT - null, AccessibilityAction: ACTION_CLEAR_SELECTION - null, AccessibilityAction: ACTION_ACCESSIBILITY_FOCUS - null, AccessibilityAction: ACTION_SHOW_ON_SCREEN - null]
01-15 18:21:34.000 25363 25363 W AccessibilityNodeInfoDumper: Fetch time: 6ms
01-15 18:21:32.977  3248  3248 V SettingsProvider: Notifying for 0: content://settings/secure/accessibility_enabled
01-15 18:21:34.001  3248  4199 W WindowManager: removeWindowToken: Attempted to remove non-existing token: android.os.Binder@d8c847e
01-15 18:21:34.002  3248  3248 V SettingsProvider: Notifying for 0: content://settings/secure/accessibility_enabled
01-15 18:21:34.005  4324  4423 I A       : NGA disabled due to not being eligible.
01-15 18:21:34.010 25363 25363 D AndroidRuntime: Shutting down VM
01-15 18:21:34.017  3275  3278 D hwcomposer: hw_composer sent 162 syncs in 60s
01-15 18:21:34.387  3103  3160 E SurfaceFlinger: ro.sf.lcd_density must be defined as a build property
01-15 18:21:34.387  3010  5624 D gralloc_ranchu: gralloc_alloc: Creating ashmem region of size 8298496
01-15 18:21:34.390 25380 25380 E cutils-trace: Error opening trace file: No such file or directory (2)
01-15 18:21:34.398 25380 25380 D HostConnection: createUnique: call
01-15 18:21:34.398 25380 25380 D HostConnection: HostConnection::get() New Host Connection established 0x7710441640, tid 25380
01-15 18:21:34.400 25380 25380 D HostConnection: HostComposition ext ANDROID_EMU_CHECKSUM_HELPER_v1 ANDROID_EMU_sync_buffer_data GL_OES_EGL_image_external_essl3 GL_OES_vertex_array_object GL_KHR_texture_compression_astc_ldr ANDROID_EMU_host_side_tracing ANDROID_EMU_gles_max_version_3_0 
01-15 18:21:34.538  3891  3891 D MediaScannerReceiver: action: android.intent.action.MEDIA_SCANNER_SCAN_FILE path: /storage/emulated/0/screen.png
01-15 18:21:34.853  3248  3320 I GnssLocationProvider: WakeLock acquired by sendMessage(REPORT_SV_STATUS, 0, com.android.server.location.GnssLocationProvider$SvStatusInfo@71acd18)
01-15 18:21:34.856  3248  3261 I GnssLocationProvider: WakeLock released by handleMessage(REPORT_SV_STATUS, 0, com.android.server.location.GnssLocationProvider$SvStatusInfo@71acd18)
01-15 18:21:35.857  3248  3320 I GnssLocationProvider: WakeLock acquired by sendMessage(REPORT_SV_STATUS, 0, com.android.server.location.GnssLocationProvider$SvStatusInfo@976d371)
01-15 18:21:35.858  3248  3261 I GnssLocationProvider: WakeLock released by handleMessage(REPORT_SV_STATUS, 0, com.android.server.location.GnssLocationProvider$SvStatusInfo@976d371)
01-15 18:21:36.858  3248  3320 I GnssLocationProvider: WakeLock acquired by sendMessage(REPORT_SV_STATUS, 0, com.android.server.location.GnssLocationProvider$SvStatusInfo@66aa556)
01-15 18:21:36.858  3248  3261 I GnssLocationProvider: WakeLock released by handleMessage(REPORT_SV_STATUS, 0, com.android.server.location.GnssLocationProvider$SvStatusInfo@66aa556)
01-15 18:21:37.018 25391 25391 D AndroidRuntime: >>>>>> START com.android.internal.os.RuntimeInit uid 2000 <<<<<<
01-15 18:21:37.020 25391 25391 E cutils-trace: Error opening trace file: No such file or directory (2)
01-15 18:21:37.056 25391 25391 I app_process: The ClassLoaderContext is a special shared library.
01-15 18:21:37.056 25391 25391 I app_process: The ClassLoaderContext is a special shared library.
01-15 18:21:37.068 25391 25391 D AndroidRuntime: Calling main entry com.android.commands.uiautomator.Launcher
01-15 18:21:37.078  4324  4426 I A       : NGA disabled due to not being eligible.
01-15 18:21:37.861  3248  3320 I GnssLocationProvider: WakeLock acquired by sendMessage(REPORT_SV_STATUS, 0, com.android.server.location.GnssLocationProvider$SvStatusInfo@cd435ad)
01-15 18:21:37.861  3248  3261 I GnssLocationProvider: WakeLock released by handleMessage(REPORT_SV_STATUS, 0, com.android.server.location.GnssLocationProvider$SvStatusInfo@cd435ad)
01-15 18:21:38.095 25391 25391 I AccessibilityNodeInfoDumper: Skipping invisible child: android.view.accessibility.AccessibilityNodeInfo@3c126; boundsInParent: Rect(0, 0 - 0, 126); boundsInScreen: Rect(231, 1044 - 231, 1170); packageName: com.google.android.packageinstaller; className: android.widget.LinearLayout; text: null; error: null; maxTextLength: -1; contentDescription: null; tooltipText: null; viewIdResName: null; checkable: false; checked: false; focusable: false; focused: false; selected: false; clickable: false; longClickable: false; contextClickable: false; enabled: true; password: false; scrollable: false; importantForAccessibility: false; visible: false; actions: [AccessibilityAction: ACTION_SELECT - null, AccessibilityAction: ACTION_CLEAR_SELECTION - null, AccessibilityAction: ACTION_ACCESSIBILITY_FOCUS - null, AccessibilityAction: ACTION_SHOW_ON_SCREEN - null]
01-15 18:21:38.095 25391 25391 W AccessibilityNodeInfoDumper: Fetch time: 5ms
01-15 18:21:37.074  3248  3248 V SettingsProvider: Notifying for 0: content://settings/secure/accessibility_enabled
01-15 18:21:38.097  3248  3847 W WindowManager: removeWindowToken: Attempted to remove non-existing token: android.os.Binder@4cc9d7
01-15 18:21:38.098  3248  3248 V SettingsProvider: Notifying for 0: content://settings/secure/accessibility_enabled
01-15 18:21:38.105  4324  4423 I A       : NGA disabled due to not being eligible.
01-15 18:21:38.110 25391 25391 D AndroidRuntime: Shutting down VM
01-15 18:21:38.862  3248  3320 I GnssLocationProvider: WakeLock acquired by sendMessage(REPORT_SV_STATUS, 0, com.android.server.location.GnssLocationProvider$SvStatusInfo@aa2c73)
01-15 18:21:38.862  3248  3261 I GnssLocationProvider: WakeLock released by handleMessage(REPORT_SV_STATUS, 0, com.android.server.location.GnssLocationProvider$SvStatusInfo@aa2c73)
01-15 18:21:39.867  3248  3320 I GnssLocationProvider: WakeLock acquired by sendMessage(REPORT_SV_STATUS, 0, com.android.server.location.GnssLocationProvider$SvStatusInfo@5f22730)
01-15 18:21:39.867  3248  3261 I GnssLocationProvider: WakeLock released by handleMessage(REPORT_SV_STATUS, 0, com.android.server.location.GnssLocationProvider$SvStatusInfo@5f22730)
01-15 18:21:40.475 25410 25410 D AndroidRuntime: >>>>>> START com.android.internal.os.RuntimeInit uid 2000 <<<<<<
01-15 18:21:40.477 25410 25410 E cutils-trace: Error opening trace file: No such file or directory (2)
01-15 18:21:40.512 25410 25410 I app_process: The ClassLoaderContext is a special shared library.
01-15 18:21:40.512 25410 25410 I app_process: The ClassLoaderContext is a special shared library.
01-15 18:21:40.522 25410 25410 D AndroidRuntime: Calling main entry com.android.commands.uiautomator.Launcher
01-15 18:21:40.527  4324  4426 I A       : NGA disabled due to not being eligible.
01-15 18:21:40.868  3248  3320 I GnssLocationProvider: WakeLock acquired by sendMessage(REPORT_SV_STATUS, 0, com.android.server.location.GnssLocationProvider$SvStatusInfo@2711ccf)
01-15 18:21:40.868  3248  3261 I GnssLocationProvider: WakeLock released by handleMessage(REPORT_SV_STATUS, 0, com.android.server.location.GnssLocationProvider$SvStatusInfo@2711ccf)
01-15 18:21:41.542 25410 25410 I AccessibilityNodeInfoDumper: Skipping invisible child: android.view.accessibility.AccessibilityNodeInfo@3c130; boundsInParent: Rect(0, 0 - 0, 126); boundsInScreen: Rect(231, 1044 - 231, 1170); packageName: com.google.android.packageinstaller; className: android.widget.LinearLayout; text: null; error: null; maxTextLength: -1; contentDescription: null; tooltipText: null; viewIdResName: null; checkable: false; checked: false; focusable: false; focused: false; selected: false; clickable: false; longClickable: false; contextClickable: false; enabled: true; password: false; scrollable: false; importantForAccessibility: false; visible: false; actions: [AccessibilityAction: ACTION_SELECT - null, AccessibilityAction: ACTION_CLEAR_SELECTION - null, AccessibilityAction: ACTION_ACCESSIBILITY_FOCUS - null, AccessibilityAction: ACTION_SHOW_ON_SCREEN - null]
01-15 18:21:41.543 25410 25410 W AccessibilityNodeInfoDumper: Fetch time: 4ms
01-15 18:21:40.526  3248  3248 V SettingsProvider: Notifying for 0: content://settings/secure/accessibility_enabled
01-15 18:21:41.546  3248 29505 W WindowManager: removeWindowToken: Attempted to remove non-existing token: android.os.Binder@f2b7fa9
01-15 18:21:41.547  3248  3248 V SettingsProvider: Notifying for 0: content://settings/secure/accessibility_enabled
01-15 18:21:41.547  4324  4423 I A       : NGA disabled due to not being eligible.
01-15 18:21:41.553 25410 25410 D AndroidRuntime: Shutting down VM
01-15 18:21:41.868  3248  3320 I GnssLocationProvider: WakeLock acquired by sendMessage(REPORT_SV_STATUS, 0, com.android.server.location.GnssLocationProvider$SvStatusInfo@8936d65)
01-15 18:21:41.868  3248  3261 I GnssLocationProvider: WakeLock released by handleMessage(REPORT_SV_STATUS, 0, com.android.server.location.GnssLocationProvider$SvStatusInfo@8936d65)
01-15 18:21:41.954 25428 25428 D AndroidRuntime: >>>>>> START com.android.internal.os.RuntimeInit uid 2000 <<<<<<
01-15 18:21:41.956 25428 25428 E cutils-trace: Error opening trace file: No such file or directory (2)
01-15 18:21:41.987 25428 25428 I app_process: The ClassLoaderContext is a special shared library.
01-15 18:21:41.987 25428 25428 I app_process: The ClassLoaderContext is a special shared library.
01-15 18:21:41.997 25428 25428 D AndroidRuntime: Calling main entry com.android.commands.uiautomator.Launcher
01-15 18:21:42.007  4324  4426 I A       : NGA disabled due to not being eligible.
01-15 18:21:42.873  3248  3320 I GnssLocationProvider: WakeLock acquired by sendMessage(REPORT_SV_STATUS, 0, com.android.server.location.GnssLocationProvider$SvStatusInfo@5e7ac48)
01-15 18:21:42.873  3248  3261 I GnssLocationProvider: WakeLock released by handleMessage(REPORT_SV_STATUS, 0, com.android.server.location.GnssLocationProvider$SvStatusInfo@5e7ac48)
01-15 18:21:43.022 25428 25428 I AccessibilityNodeInfoDumper: Skipping invisible child: android.view.accessibility.AccessibilityNodeInfo@3c13f; boundsInParent: Rect(0, 0 - 0, 126); boundsInScreen: Rect(231, 1044 - 231, 1170); packageName: com.google.android.packageinstaller; className: android.widget.LinearLayout; text: null; error: null; maxTextLength: -1; contentDescription: null; tooltipText: null; viewIdResName: null; checkable: false; checked: false; focusable: false; focused: false; selected: false; clickable: false; longClickable: false; contextClickable: false; enabled: true; password: false; scrollable: false; importantForAccessibility: false; visible: false; actions: [AccessibilityAction: ACTION_SELECT - null, AccessibilityAction: ACTION_CLEAR_SELECTION - null, AccessibilityAction: ACTION_ACCESSIBILITY_FOCUS - null, AccessibilityAction: ACTION_SHOW_ON_SCREEN - null]
01-15 18:21:43.023 25428 25428 W AccessibilityNodeInfoDumper: Fetch time: 5ms
01-15 18:21:42.007  3248  3248 V SettingsProvider: Notifying for 0: content://settings/secure/accessibility_enabled
01-15 18:21:43.025  3248  5827 W WindowManager: removeWindowToken: Attempted to remove non-existing token: android.os.Binder@3388a3a
01-15 18:21:43.026  3248  3248 V SettingsProvider: Notifying for 0: content://settings/secure/accessibility_enabled
01-15 18:21:43.029 25428 25428 D AndroidRuntime: Shutting down VM
01-15 18:21:43.030  4324  4423 I A       : NGA disabled due to not being eligible.
01-15 18:21:43.430 25446 25446 D AndroidRuntime: >>>>>> START com.android.internal.os.RuntimeInit uid 2000 <<<<<<
01-15 18:21:43.432 25446 25446 E cutils-trace: Error opening trace file: No such file or directory (2)
01-15 18:21:43.462 25446 25446 I app_process: The ClassLoaderContext is a special shared library.
01-15 18:21:43.462 25446 25446 I app_process: The ClassLoaderContext is a special shared library.
01-15 18:21:43.471 25446 25446 D AndroidRuntime: Calling main entry com.android.commands.uiautomator.Launcher
01-15 18:21:43.482  4324  4426 I A       : NGA disabled due to not being eligible.
01-15 18:21:43.878  3248  3320 I GnssLocationProvider: WakeLock acquired by sendMessage(REPORT_SV_STATUS, 0, com.android.server.location.GnssLocationProvider$SvStatusInfo@2ef44f4)
01-15 18:21:43.879  3248  3261 I GnssLocationProvider: WakeLock released by handleMessage(REPORT_SV_STATUS, 0, com.android.server.location.GnssLocationProvider$SvStatusInfo@2ef44f4)
01-15 18:21:44.499 25446 25446 I AccessibilityNodeInfoDumper: Skipping invisible child: android.view.accessibility.AccessibilityNodeInfo@3c147; boundsInParent: Rect(0, 0 - 0, 126); boundsInScreen: Rect(231, 1044 - 231, 1170); packageName: com.google.android.packageinstaller; className: android.widget.LinearLayout; text: null; error: null; maxTextLength: -1; contentDescription: null; tooltipText: null; viewIdResName: null; checkable: false; checked: false; focusable: false; focused: false; selected: false; clickable: false; longClickable: false; contextClickable: false; enabled: true; password: false; scrollable: false; importantForAccessibility: false; visible: false; actions: [AccessibilityAction: ACTION_SELECT - null, AccessibilityAction: ACTION_CLEAR_SELECTION - null, AccessibilityAction: ACTION_ACCESSIBILITY_FOCUS - null, AccessibilityAction: ACTION_SHOW_ON_SCREEN - null]
01-15 18:21:44.500 25446 25446 W AccessibilityNodeInfoDumper: Fetch time: 6ms
01-15 18:21:43.480  3248  3248 V SettingsProvider: Notifying for 0: content://settings/secure/accessibility_enabled
01-15 18:21:44.503  3248 29505 W WindowManager: removeWindowToken: Attempted to remove non-existing token: android.os.Binder@3151006
01-15 18:21:44.504  3248  3248 V SettingsProvider: Notifying for 0: content://settings/secure/accessibility_enabled
01-15 18:21:44.506  4324  4423 I A       : NGA disabled due to not being eligible.
01-15 18:21:44.508 25446 25446 D AndroidRuntime: Shutting down VM
01-15 18:21:44.734  3248  5830 W ActivityManager: Unable to start service Intent { act=com.google.android.gms.photos.autobackup.service.START pkg=com.google.android.gms } U=0: not found
01-15 18:21:44.735  3248  5830 W ActivityManager: Unbind failed: could not find connection for android.os.BinderProxy@3620e8d
01-15 18:21:44.744  6274  7036 W native  : jpeg_io.cc:108 File's first two bytes does not match the sequence 216
01-15 18:21:44.769  3248  3383 W ActivityManager: Unable to start service Intent { act=com.google.android.gms.photos.autobackup.service.START pkg=com.google.android.gms } U=0: not found
01-15 18:21:44.770  3248  3383 W ActivityManager: Unbind failed: could not find connection for android.os.BinderProxy@f3d5842
01-15 18:21:44.882  3248  3320 I GnssLocationProvider: WakeLock acquired by sendMessage(REPORT_SV_STATUS, 0, com.android.server.location.GnssLocationProvider$SvStatusInfo@30ee053)
01-15 18:21:44.882  3248  3261 I GnssLocationProvider: WakeLock released by handleMessage(REPORT_SV_STATUS, 0, com.android.server.location.GnssLocationProvider$SvStatusInfo@30ee053)
01-15 18:21:44.891 25466 25466 D AndroidRuntime: >>>>>> START com.android.internal.os.RuntimeInit uid 2000 <<<<<<
01-15 18:21:44.892 25466 25466 E cutils-trace: Error opening trace file: No such file or directory (2)
01-15 18:21:44.922 25466 25466 I app_process: The ClassLoaderContext is a special shared library.
01-15 18:21:44.933 25466 25466 D AndroidRuntime: Calling main entry com.android.commands.monkey.Monkey
01-15 18:21:44.934 25466 25466 W Monkey  : args: [-p, com.android.gpstest, -c, android.intent.category.LAUNCHER, 1]
01-15 18:21:44.934 25466 25466 W Monkey  :  arg: "-p"
01-15 18:21:44.934 25466 25466 W Monkey  :  arg: "com.android.gpstest"
01-15 18:21:44.934 25466 25466 W Monkey  :  arg: "-c"
01-15 18:21:44.934 25466 25466 W Monkey  :  arg: "android.intent.category.LAUNCHER"
01-15 18:21:44.934 25466 25466 W Monkey  :  arg: "1"
01-15 18:21:44.934 25466 25466 W Monkey  : data="com.android.gpstest"
01-15 18:21:44.934 25466 25466 W Monkey  : data="android.intent.category.LAUNCHER"
01-15 18:21:44.941  3248  3262 W BroadcastQueue: Skipping deliver [background] BroadcastRecord{5ccb68e u-1 android.net.conn.CONNECTIVITY_CHANGE} to ReceiverList{79d2eaf 25466 (unknown name)/2000/u-1 remote:8e0fd90}: process gone or crashing
01-15 18:21:44.945  3248  3383 I ActivityManager: START u0 {act=android.intent.action.MAIN cat=[android.intent.category.LAUNCHER] flg=0x10200000 cmp=com.android.gpstest/.GpsTestActivity} from uid 2000
01-15 18:21:44.945  3248  3383 W Binder  : Outgoing transactions from this process must be FLAG_ONEWAY
01-15 18:21:44.945  3248  3383 W Binder  : java.lang.Throwable
01-15 18:21:44.945  3248  3383 W Binder  : 	at android.os.BinderProxy.transact(Binder.java:1114)
01-15 18:21:44.945  3248  3383 W Binder  : 	at android.app.IActivityController$Stub$Proxy.activityStarting(IActivityController.java:176)
01-15 18:21:44.945  3248  3383 W Binder  : 	at com.android.server.am.ActivityStarter.startActivity(ActivityStarter.java:737)
01-15 18:21:44.945  3248  3383 W Binder  : 	at com.android.server.am.ActivityStarter.startActivity(ActivityStarter.java:544)
01-15 18:21:44.945  3248  3383 W Binder  : 	at com.android.server.am.ActivityStarter.startActivityMayWait(ActivityStarter.java:1099)
01-15 18:21:44.945  3248  3383 W Binder  : 	at com.android.server.am.ActivityStarter.execute(ActivityStarter.java:486)
01-15 18:21:44.945  3248  3383 W Binder  : 	at com.android.server.am.ActivityManagerService.startActivityAsUser(ActivityManagerService.java:5120)
01-15 18:21:44.945  3248  3383 W Binder  : 	at com.android.server.am.ActivityManagerService.startActivityAsUser(ActivityManagerService.java:5094)
01-15 18:21:44.945  3248  3383 W Binder  : 	at com.android.server.am.ActivityManagerService.startActivity(ActivityManagerService.java:5085)
01-15 18:21:44.945  3248  3383 W Binder  : 	at android.app.IActivityManager$Stub.onTransact$startActivity$(IActivityManager.java:10084)
