03-20 18:49:48.997  1877  1886 I system_server: Background concurrent copying GC freed 184603(6MB) AllocSpace objects, 6(120KB) LOS objects, 23% free, 19MB/25MB, paused 860us total 104.790ms
03-20 18:49:49.086 16407 16662 D UIAutomatorStub: URI: /jsonrpc/0, Method: POST, Header: {content-length=117, remote-addr=127.0.0.1, http-client-ip=127.0.0.1, host=localhost:9008, content-type=application/json, connection=close, accept-encoding=identity, user-agent=Python-urllib/3.7}, params, {NanoHttpd.QUERY_STRING=null}, files: {postData={"jsonrpc": "2.0", "method": "dumpWindowHierarchy", "id": "2001335f7ec385f7a0a02897465894b6", "params": [true, null]}}
03-20 18:49:49.094 16407 16662 I UIAutomatorStub: Fetch time: 3ms
03-20 18:49:49.618  1877  2158 I GnssLocationProvider: WakeLock acquired by sendMessage(REPORT_SV_STATUS, 0, com.android.server.location.GnssLocationProvider$SvStatusInfo@d1c7656)
03-20 18:49:49.620  1877  1890 I GnssLocationProvider: WakeLock released by handleMessage(REPORT_SV_STATUS, 0, com.android.server.location.GnssLocationProvider$SvStatusInfo@d1c7656)
03-20 18:49:50.379 16407 16667 D UIAutomatorStub: URI: /jsonrpc/0, Method: POST, Header: {content-length=117, remote-addr=127.0.0.1, http-client-ip=127.0.0.1, host=localhost:9008, content-type=application/json, connection=close, accept-encoding=identity, user-agent=Python-urllib/3.7}, params, {NanoHttpd.QUERY_STRING=null}, files: {postData={"jsonrpc": "2.0", "method": "dumpWindowHierarchy", "id": "c20bad15b42de83422e857e743dbcddb", "params": [true, null]}}
03-20 18:49:50.385 16407 16667 I UIAutomatorStub: Fetch time: 1ms
03-20 18:49:50.618  1877  2158 I GnssLocationProvider: WakeLock acquired by sendMessage(REPORT_SV_STATUS, 0, com.android.server.location.GnssLocationProvider$SvStatusInfo@db0c6d7)
03-20 18:49:50.620  1877  1890 I GnssLocationProvider: WakeLock released by handleMessage(REPORT_SV_STATUS, 0, com.android.server.location.GnssLocationProvider$SvStatusInfo@db0c6d7)
03-20 18:49:51.618  1877  2158 I GnssLocationProvider: WakeLock acquired by sendMessage(REPORT_SV_STATUS, 0, com.android.server.location.GnssLocationProvider$SvStatusInfo@2245bc4)
03-20 18:49:51.619  1877  1890 I GnssLocationProvider: WakeLock released by handleMessage(REPORT_SV_STATUS, 0, com.android.server.location.GnssLocationProvider$SvStatusInfo@2245bc4)
03-20 18:49:52.419 16407 16686 D UIAutomatorStub: URI: /jsonrpc/0, Method: POST, Header: {content-length=117, remote-addr=127.0.0.1, http-client-ip=127.0.0.1, host=localhost:9008, content-type=application/json, connection=close, accept-encoding=identity, user-agent=Python-urllib/3.7}, params, {NanoHttpd.QUERY_STRING=null}, files: {postData={"jsonrpc": "2.0", "method": "dumpWindowHierarchy", "id": "ad551953f78132561dfc8423793f4117", "params": [true, null]}}
03-20 18:49:52.424 16407 16686 I UIAutomatorStub: Fetch time: 2ms
03-20 18:49:52.549  1877  4422 D WificondControl: Scan result ready event
03-20 18:49:52.571  5613  5625 I ChimeraSrvcProxy: NullBinder for android.net.action.RECOMMEND_NETWORKS triggering remote TransactionTooLargeException due to Service without Chimera impl
03-20 18:49:52.621  1877  2158 I GnssLocationProvider: WakeLock acquired by sendMessage(REPORT_SV_STATUS, 0, com.android.server.location.GnssLocationProvider$SvStatusInfo@b08faad)
03-20 18:49:52.624  1877  1890 I GnssLocationProvider: WakeLock released by handleMessage(REPORT_SV_STATUS, 0, com.android.server.location.GnssLocationProvider$SvStatusInfo@b08faad)
03-20 18:49:53.623  1877  2158 I GnssLocationProvider: WakeLock acquired by sendMessage(REPORT_SV_STATUS, 0, com.android.server.location.GnssLocationProvider$SvStatusInfo@e01a1e2)
03-20 18:49:53.624  1877  1890 I GnssLocationProvider: WakeLock released by handleMessage(REPORT_SV_STATUS, 0, com.android.server.location.GnssLocationProvider$SvStatusInfo@e01a1e2)
03-20 18:49:54.555 16407 16714 D UIAutomatorStub: URI: /jsonrpc/0, Method: POST, Header: {content-length=117, remote-addr=127.0.0.1, http-client-ip=127.0.0.1, host=localhost:9008, content-type=application/json, connection=close, accept-encoding=identity, user-agent=Python-urllib/3.7}, params, {NanoHttpd.QUERY_STRING=null}, files: {postData={"jsonrpc": "2.0", "method": "dumpWindowHierarchy", "id": "e75e1d53c5c7eef099e1752330424596", "params": [true, null]}}
03-20 18:49:54.561 16407 16714 I UIAutomatorStub: Fetch time: 2ms
03-20 18:49:54.625  1877  2158 I GnssLocationProvider: WakeLock acquired by sendMessage(REPORT_SV_STATUS, 0, com.android.server.location.GnssLocationProvider$SvStatusInfo@cd0f973)
03-20 18:49:54.626  1877  1890 I GnssLocationProvider: WakeLock released by handleMessage(REPORT_SV_STATUS, 0, com.android.server.location.GnssLocationProvider$SvStatusInfo@cd0f973)
03-20 18:49:55.627  1877  2158 I GnssLocationProvider: WakeLock acquired by sendMessage(REPORT_SV_STATUS, 0, com.android.server.location.GnssLocationProvider$SvStatusInfo@2ed7030)
03-20 18:49:55.630  1877  1890 I GnssLocationProvider: WakeLock released by handleMessage(REPORT_SV_STATUS, 0, com.android.server.location.GnssLocationProvider$SvStatusInfo@2ed7030)
03-20 18:49:56.246  1737  1762 E SurfaceFlinger: ro.sf.lcd_density must be defined as a build property
03-20 18:49:56.247  1635  2789 D gralloc_ranchu: gralloc_alloc: Creating ashmem region of size 8298496
03-20 18:49:56.259 16719 16719 D HostConnection: createUnique: call
03-20 18:49:56.260 16719 16719 D HostConnection: HostConnection::get() New Host Connection established 0xf28a0b90, tid 16719
03-20 18:49:56.267 16719 16719 D HostConnection: HostComposition ext ANDROID_EMU_CHECKSUM_HELPER_v1 ANDROID_EMU_native_sync_v2 ANDROID_EMU_native_sync_v3 ANDROID_EMU_native_sync_v4 ANDROID_EMU_dma_v1 ANDROID_EMU_YUV420_888_to_NV21 ANDROID_EMU_YUV_Cache ANDROID_EMU_sync_buffer_data GL_OES_EGL_image_external_essl3 GL_OES_vertex_array_object GL_KHR_texture_compression_astc_ldr ANDROID_EMU_host_side_tracing ANDROID_EMU_gles_max_version_3_0 
03-20 18:49:56.267 16719 16719 E eglCodecCommon: GoldfishAddressSpaceHostMemoryAllocator: ioctl_ping failed for device_type=5, ret=-1
03-20 18:49:56.428  1877  1890 E memtrack: Couldn't load memtrack module
03-20 18:49:56.428  1877  1890 W android.os.Debug: failed to get memory consumption info: -1
03-20 18:49:56.430 16525 16525 D MediaScannerReceiver: action: android.intent.action.MEDIA_SCANNER_SCAN_FILE path: /storage/emulated/0/screen.png
03-20 18:49:56.629  1877  2158 I GnssLocationProvider: WakeLock acquired by sendMessage(REPORT_SV_STATUS, 0, com.android.server.location.GnssLocationProvider$SvStatusInfo@eb7b9cf)
03-20 18:49:56.630  1877  1890 I GnssLocationProvider: WakeLock released by handleMessage(REPORT_SV_STATUS, 0, com.android.server.location.GnssLocationProvider$SvStatusInfo@eb7b9cf)
03-20 18:49:57.633  1877  2158 I GnssLocationProvider: WakeLock acquired by sendMessage(REPORT_SV_STATUS, 0, com.android.server.location.GnssLocationProvider$SvStatusInfo@3f15f5c)
03-20 18:49:57.635  1877  1890 I GnssLocationProvider: WakeLock released by handleMessage(REPORT_SV_STATUS, 0, com.android.server.location.GnssLocationProvider$SvStatusInfo@3f15f5c)
03-20 18:49:58.635  1877  2158 I GnssLocationProvider: WakeLock acquired by sendMessage(REPORT_SV_STATUS, 0, com.android.server.location.GnssLocationProvider$SvStatusInfo@5fbd265)
03-20 18:49:58.636  1877  1890 I GnssLocationProvider: WakeLock released by handleMessage(REPORT_SV_STATUS, 0, com.android.server.location.GnssLocationProvider$SvStatusInfo@5fbd265)
03-20 18:49:58.857 16407 16732 D UIAutomatorStub: URI: /jsonrpc/0, Method: POST, Header: {content-length=117, remote-addr=127.0.0.1, http-client-ip=127.0.0.1, host=localhost:9008, content-type=application/json, connection=close, accept-encoding=identity, user-agent=Python-urllib/3.7}, params, {NanoHttpd.QUERY_STRING=null}, files: {postData={"jsonrpc": "2.0", "method": "dumpWindowHierarchy", "id": "c5133c460841bfa57c053a8f8d883c1e", "params": [true, null]}}
03-20 18:49:58.862 16407 16732 I UIAutomatorStub: Fetch time: 2ms
03-20 18:49:59.638  1877  2158 I GnssLocationProvider: WakeLock acquired by sendMessage(REPORT_SV_STATUS, 0, com.android.server.location.GnssLocationProvider$SvStatusInfo@5718b3a)
03-20 18:49:59.640  1877  1890 I GnssLocationProvider: WakeLock released by handleMessage(REPORT_SV_STATUS, 0, com.android.server.location.GnssLocationProvider$SvStatusInfo@5718b3a)
03-20 18:50:00.115 16407 16736 D UIAutomatorStub: URI: /jsonrpc/0, Method: POST, Header: {content-length=117, remote-addr=127.0.0.1, http-client-ip=127.0.0.1, host=localhost:9008, content-type=application/json, connection=close, accept-encoding=identity, user-agent=Python-urllib/3.7}, params, {NanoHttpd.QUERY_STRING=null}, files: {postData={"jsonrpc": "2.0", "method": "dumpWindowHierarchy", "id": "5d4a97646d84d11eec1d87e38472ee8e", "params": [true, null]}}
03-20 18:50:00.618 16407 16736 I UIAutomatorStub: Fetch time: 2ms
03-20 18:50:00.639  1877  2158 I GnssLocationProvider: WakeLock acquired by sendMessage(REPORT_SV_STATUS, 0, com.android.server.location.GnssLocationProvider$SvStatusInfo@be31548)
03-20 18:50:00.640  1877  1890 I GnssLocationProvider: WakeLock released by handleMessage(REPORT_SV_STATUS, 0, com.android.server.location.GnssLocationProvider$SvStatusInfo@be31548)
03-20 18:50:01.644  1877  2158 I GnssLocationProvider: WakeLock acquired by sendMessage(REPORT_SV_STATUS, 0, com.android.server.location.GnssLocationProvider$SvStatusInfo@ddc2fe1)
03-20 18:50:01.645  1877  1890 I GnssLocationProvider: WakeLock released by handleMessage(REPORT_SV_STATUS, 0, com.android.server.location.GnssLocationProvider$SvStatusInfo@ddc2fe1)
03-20 18:50:01.885 16407 16742 D UIAutomatorStub: URI: /jsonrpc/0, Method: POST, Header: {content-length=117, remote-addr=127.0.0.1, http-client-ip=127.0.0.1, host=localhost:9008, content-type=application/json, connection=close, accept-encoding=identity, user-agent=Python-urllib/3.7}, params, {NanoHttpd.QUERY_STRING=null}, files: {postData={"jsonrpc": "2.0", "method": "dumpWindowHierarchy", "id": "d6ce13e6875349974a61e0b39acab9bc", "params": [true, null]}}
03-20 18:50:01.892 16407 16742 I UIAutomatorStub: Fetch time: 2ms
03-20 18:50:02.647  1877  2158 I GnssLocationProvider: WakeLock acquired by sendMessage(REPORT_SV_STATUS, 0, com.android.server.location.GnssLocationProvider$SvStatusInfo@65d2106)
03-20 18:50:02.647  1877  1890 I GnssLocationProvider: WakeLock released by handleMessage(REPORT_SV_STATUS, 0, com.android.server.location.GnssLocationProvider$SvStatusInfo@65d2106)
03-20 18:49:25.804  1877  1877 V SettingsProvider: Notifying for 0: content://settings/system/accelerometer_rotation
03-20 18:50:02.721  1750  1793 E storaged: getDiskStats failed with result NOT_SUPPORTED and size 0
03-20 18:50:03.166 16407 16748 D UIAutomatorStub: URI: /jsonrpc/0, Method: POST, Header: {content-length=117, remote-addr=127.0.0.1, http-client-ip=127.0.0.1, host=localhost:9008, content-type=application/json, connection=close, accept-encoding=identity, user-agent=Python-urllib/3.7}, params, {NanoHttpd.QUERY_STRING=null}, files: {postData={"jsonrpc": "2.0", "method": "dumpWindowHierarchy", "id": "1daea5566a3cfe1bfa70af39cc3e66a7", "params": [true, null]}}
03-20 18:50:03.172 16407 16748 I UIAutomatorStub: Fetch time: 3ms
03-20 18:50:03.651  1877  2158 I GnssLocationProvider: WakeLock acquired by sendMessage(REPORT_SV_STATUS, 0, com.android.server.location.GnssLocationProvider$SvStatusInfo@65b13c7)
03-20 18:50:03.653  1877  1890 I GnssLocationProvider: WakeLock released by handleMessage(REPORT_SV_STATUS, 0, com.android.server.location.GnssLocationProvider$SvStatusInfo@65b13c7)
03-20 18:50:04.498 16407 16755 D UIAutomatorStub: URI: /jsonrpc/0, Method: POST, Header: {content-length=117, remote-addr=127.0.0.1, http-client-ip=127.0.0.1, host=localhost:9008, content-type=application/json, connection=close, accept-encoding=identity, user-agent=Python-urllib/3.7}, params, {NanoHttpd.QUERY_STRING=null}, files: {postData={"jsonrpc": "2.0", "method": "dumpWindowHierarchy", "id": "352041b9ae86123d071f73faed92764e", "params": [true, null]}}
03-20 18:50:04.503 16407 16755 I UIAutomatorStub: Fetch time: 1ms
03-20 18:50:04.656  1877  2158 I GnssLocationProvider: WakeLock acquired by sendMessage(REPORT_SV_STATUS, 0, com.android.server.location.GnssLocationProvider$SvStatusInfo@7b83df4)
03-20 18:50:04.659  1877  1890 I GnssLocationProvider: WakeLock released by handleMessage(REPORT_SV_STATUS, 0, com.android.server.location.GnssLocationProvider$SvStatusInfo@7b83df4)
03-20 18:50:05.658  1877  2158 I GnssLocationProvider: WakeLock acquired by sendMessage(REPORT_SV_STATUS, 0, com.android.server.location.GnssLocationProvider$SvStatusInfo@b0ae91d)
03-20 18:50:05.659  1877  1890 I GnssLocationProvider: WakeLock released by handleMessage(REPORT_SV_STATUS, 0, com.android.server.location.GnssLocationProvider$SvStatusInfo@b0ae91d)
03-20 18:50:05.668 16758 16758 D AndroidRuntime: >>>>>> START com.android.internal.os.RuntimeInit uid 2000 <<<<<<
03-20 18:50:05.671 16758 16758 W app_process: Could not reserve sentinel fault page
03-20 18:50:05.710 16758 16758 W app_process: Unexpected CPU variant for X86 using defaults: x86
03-20 18:50:05.713 16758 16758 I app_process: The ClassLoaderContext is a special shared library.
03-20 18:50:05.730 16758 16758 D AndroidRuntime: Calling main entry com.android.commands.input.Input
03-20 18:50:05.734 16758 16758 I Input   : injectMotionEvent: MotionEvent { action=ACTION_DOWN, actionButton=0, id[0]=0, x[0]=726.0, y[0]=1100.0, toolType[0]=TOOL_TYPE_UNKNOWN, buttonState=0, metaState=0, flags=0x0, edgeFlags=0x0, pointerCount=1, historySize=0, eventTime=83922758, downTime=83922758, deviceId=0, source=0x1002 }
03-20 18:50:05.736 16758 16758 I Input   : injectMotionEvent: MotionEvent { action=ACTION_UP, actionButton=0, id[0]=0, x[0]=726.0, y[0]=1100.0, toolType[0]=TOOL_TYPE_UNKNOWN, buttonState=0, metaState=0, flags=0x0, edgeFlags=0x0, pointerCount=1, historySize=0, eventTime=83922758, downTime=83922758, deviceId=0, source=0x1002 }
03-20 18:50:05.739 16758 16758 D AndroidRuntime: Shutting down VM
03-20 18:50:05.755  1625  3599 W audio_hw_generic: Not supplying enough data to HAL, expected position 51825128 , only wrote 51824880
03-20 18:50:05.757 16168 16189 D EGL_emulation: eglMakeCurrent: 0xd5218a40: ver 3 0 (tinfo 0xe87b2290)
03-20 18:50:05.763 16168 16189 D OpenGLRenderer: endAllActiveAnimators on 0xd5088080 (MaterialButtonBackgroundDrawable) with handle 0xe881e040
03-20 18:50:05.775 16353 16381 I Finsky:background: [1046] kii.run(10): Stats for Executor: bgExecutor mur@bd7946a[Running, pool size = 4, active threads = 0, queued tasks = 0, completed tasks = 5]
03-20 18:50:05.789  1877  1890 E memtrack: Couldn't load memtrack module
03-20 18:50:05.789  1877  1890 W android.os.Debug: failed to get memory consumption info: -1
03-20 18:50:05.803  1635  2789 D gralloc_ranchu: gralloc_alloc: Creating ashmem region of size 8298496
03-20 18:50:05.804  1635  2789 I chatty  : uid=1000(system) HwBinder:1635_3 identical 1 line
03-20 18:50:05.805  1635  2789 D gralloc_ranchu: gralloc_alloc: Creating ashmem region of size 8298496
03-20 18:50:05.836  1737  1737 D SurfaceFlinger: duplicate layer name: changing com.google.android.apps.nexuslauncher/com.google.android.apps.nexuslauncher.NexusLauncherActivity to com.google.android.apps.nexuslauncher/com.google.android.apps.nexuslauncher.NexusLauncherActivity#1
03-20 18:50:05.842  1635  2789 D gralloc_ranchu: gralloc_alloc: Creating ashmem region of size 8298496
03-20 18:50:05.843  1635  1635 D gralloc_ranchu: gralloc_alloc: Creating ashmem region of size 8298496
03-20 18:50:05.843  1635  1635 D gralloc_ranchu: gralloc_alloc: Creating ashmem region of size 8298496
03-20 18:50:05.843 16353 16381 I Finsky:background: [1046] kii.run(10): Stats for Executor: LightweightExecutor mur@dfead5b[Running, pool size = 0, active threads = 0, queued tasks = 0, completed tasks = 0]
03-20 18:50:05.851 11611 11770 D EGL_emulation: eglMakeCurrent: 0xea207b80: ver 3 0 (tinfo 0xc9dfcd20)
03-20 18:50:05.858  2569  2690 D EGL_emulation: eglMakeCurrent: 0xea2058a0: ver 3 0 (tinfo 0xea203440)
03-20 18:50:05.912 11611 11611 W A       : (REDACTED) Empty Doodle image. DarkMode: %b
03-20 18:50:05.924  1635  1635 D gralloc_ranchu: gralloc_alloc: Creating ashmem region of size 8298496
03-20 18:50:05.936  2020  2251 D EGL_emulation: eglMakeCurrent: 0xd377d1e0: ver 3 0 (tinfo 0xe75d8b60)
03-20 18:50:05.949  2004  2004 I GoogleInputMethod: onFinishInput() : Dummy InputConnection bound
03-20 18:50:05.949  2004  2004 I GoogleInputMethod: onStartInput() : Dummy InputConnection bound
03-20 18:50:05.956  2020  2251 D EGL_emulation: eglMakeCurrent: 0xd377d1e0: ver 3 0 (tinfo 0xe75d8b60)
03-20 18:50:05.958  1737  1967 W SurfaceFlinger: Attempting to set client state on removed layer: com.android.gpstest/com.android.gpstest.GpsTestActivity#1
03-20 18:50:05.958  1737  1967 W SurfaceFlinger: Attempting to destroy on removed layer: com.android.gpstest/com.android.gpstest.GpsTestActivity#1
03-20 18:50:05.962  1737  1753 W SurfaceFlinger: Attempting to set client state on removed layer: Dim Layer for - Task=318#1
03-20 18:50:05.962  1737  1753 W SurfaceFlinger: Attempting to destroy on removed layer: Dim Layer for - Task=318#1
03-20 18:50:05.972  2020  2251 D EGL_emulation: eglMakeCurrent: 0xd377d1e0: ver 3 0 (tinfo 0xe75d8b60)
03-20 18:50:06.090  2020  2251 I chatty  : uid=10025(com.android.systemui) RenderThread identical 7 lines
03-20 18:50:06.097  2020  2251 D EGL_emulation: eglMakeCurrent: 0xd377d1e0: ver 3 0 (tinfo 0xe75d8b60)
03-20 18:50:06.131 11611 11759 I A       : getLocaleToModelSpecsMap
03-20 18:50:06.131 11611 11759 I A       : Using proto config with mendel
03-20 18:50:06.133 11611 11759 W A       : (REDACTED) Queue length for executor %s is now %d. Perhaps some tasks are too long, or the pool is too small.
03-20 18:50:06.139 11611 11759 I A       : getLocaleToModelSpecsMap
03-20 18:50:06.139 11611 11759 I A       : Using proto config with mendel
03-20 18:50:06.174 11611 11756 W CorpusConfigHelper: Invalid input from icing corpus JSON flag.
03-20 18:50:06.174 11611 11756 W CorpusConfigHelper: android.util.MalformedJsonException: Use JsonReader.setLenient(true) to accept malformed JSON at line 123 column 2
03-20 18:50:06.174 11611 11756 W CorpusConfigHelper: 	at android.util.JsonReader.syntaxError(JsonReader.java:1160)
03-20 18:50:06.174 11611 11756 W CorpusConfigHelper: 	at android.util.JsonReader.checkLenient(JsonReader.java:838)
03-20 18:50:06.174 11611 11756 W CorpusConfigHelper: 	at android.util.JsonReader.nextInArray(JsonReader.java:613)
03-20 18:50:06.174 11611 11756 W CorpusConfigHelper: 	at android.util.JsonReader.peek(JsonReader.java:343)
03-20 18:50:06.174 11611 11756 W CorpusConfigHelper: 	at android.util.JsonReader.hasNext(JsonReader.java:319)
03-20 18:50:06.174 11611 11756 W CorpusConfigHelper: 	at com.google.android.apps.gsa.searchbox.c.b.b.k.c(PG:7)
03-20 18:50:06.174 11611 11756 W CorpusConfigHelper: 	at com.google.android.apps.gsa.searchbox.c.b.b.k.<init>(PG:5)
03-20 18:50:06.174 11611 11756 W CorpusConfigHelper: 	at com.google.android.apps.gsa.staticplugins.searchboxroot.features.n.a.c.<init>(PG:16)
03-20 18:50:06.174 11611 11756 W CorpusConfigHelper: 	at com.google.android.apps.gsa.staticplugins.searchboxroot.b.a(PG:14)
03-20 18:50:06.174 11611 11756 W CorpusConfigHelper: 	at com.google.android.apps.gsa.staticplugins.searchboxroot.x.<init>(PG:7)
03-20 18:50:06.174 11611 11756 W CorpusConfigHelper: 	at com.google.android.apps.gsa.binaries.velvet.app.akq.b(PG:15)
03-20 18:50:06.174 11611 11756 W CorpusConfigHelper: 	at dagger.a.e.b(PG:1)
03-20 18:50:06.174 11611 11756 W CorpusConfigHelper: 	at com.google.android.apps.gsa.staticplugins.searchboxroot.a.a.a(PG:3)
03-20 18:50:06.174 11611 11756 W CorpusConfigHelper: 	at com.google.android.apps.gsa.binaries.velvet.app.os.f(Unknown Source:2444)
03-20 18:50:06.174 11611 11756 W CorpusConfigHelper: 	at com.google.android.apps.gsa.binaries.velvet.app.os.b(PG:2)
03-20 18:50:06.174 11611 11756 W CorpusConfigHelper: 	at com.google.android.apps.gsa.search.core.service.g.a.c.a(PG:2)
03-20 18:50:06.174 11611 11756 W CorpusConfigHelper: 	at com.google.android.libraries.gsa.k.a.f.a(PG:2)
03-20 18:50:06.174 11611 11756 W CorpusConfigHelper: 	at com.google.common.util.concurrent.dz.a(PG:1)
03-20 18:50:06.174 11611 11756 W CorpusConfigHelper: 	at com.google.common.util.concurrent.cw.run(PG:4)
03-20 18:50:06.174 11611 11756 W CorpusConfigHelper: 	at com.google.common.util.concurrent.eb.run(PG:1)
03-20 18:50:06.174 11611 11756 W CorpusConfigHelper: 	at com.google.android.libraries.i.af.run(PG:1)
03-20 18:50:06.174 11611 11756 W CorpusConfigHelper: 	at com.google.android.libraries.i.an.run(PG:23)
03-20 18:50:06.174 11611 11756 W CorpusConfigHelper: 	at com.google.android.libraries.i.l.run(PG:2)
03-20 18:50:06.174 11611 11756 W CorpusConfigHelper: 	at com.google.android.libraries.i.q.run(PG:4)
03-20 18:50:06.174 11611 11756 W CorpusConfigHelper: 	at java.lang.Thread.run(Thread.java:764)
03-20 18:50:06.187  2569  2581 I s.nexuslaunche: NativeAlloc concurrent copying GC freed 19940(920KB) AllocSpace objects, 4(280KB) LOS objects, 39% free, 9MB/15MB, paused 5.703ms total 218.486ms
03-20 18:50:06.205  2569  2579 W System  : A resource failed to call release. 
03-20 18:50:06.207  2569  2579 W System  : A resource failed to call release. 
03-20 18:50:06.216 11611 11759 I MicroDetectionState: (REDACTED) Should stop hotword detection immediately - %b
03-20 18:50:06.217 11611 11759 I A       : getLocaleToModelSpecsMap
03-20 18:50:06.217 11611 11759 I A       : Using proto config with mendel
03-20 18:50:06.218  6787  6965 I Icing   : IndexChimeraService.getServiceInterface callingPackage=com.google.android.googlequicksearchbox componentName=null serviceId=36
03-20 18:50:06.219 11611 11759 I A       : getLocaleToModelSpecsMap
03-20 18:50:06.219 11611 11759 I A       : Using proto config with mendel
03-20 18:50:06.235  6787 12371 W Icing   : No valid account for uploading user actions
03-20 18:50:06.244  6787  6787 D BoundBrokerSvc: onBind: Intent { act=com.google.android.gms.feedback.internal.IFeedbackService dat=chimera-action: cmp=com.google.android.gms/.chimera.GmsBoundBrokerService }
03-20 18:50:06.244  6787  6787 D BoundBrokerSvc: Loading bound service for intent: Intent { act=com.google.android.gms.feedback.internal.IFeedbackService dat=chimera-action: cmp=com.google.android.gms/.chimera.GmsBoundBrokerService }
03-20 18:50:06.248  2020  2036 I ndroid.systemu: NativeAlloc concurrent copying GC freed 27543(1050KB) AllocSpace objects, 0(0B) LOS objects, 50% free, 4MB/9MB, paused 5.899ms total 241.072ms
03-20 18:50:06.267  6787  6946 I Icing   : IndexChimeraService.getServiceInterface callingPackage=com.google.android.gms componentName=null serviceId=30
03-20 18:50:06.278 11611 11756 I A       : (REDACTED) group %s not present %s in %s
03-20 18:50:06.281 11611 11756 I A       : (REDACTED) incrementApaDataDownloadStoreStatus(latency = %s, appVersion = %s, status = %s, locale = %s, fileGroupnames = %s, accountScoped = %s, localGroupsAvailable = %s, timeSinceSearchBoot = %s (%s), timeSinceDataDownloadInit = %s (%s))
03-20 18:50:06.286 11611 11761 I A       : (REDACTED) incrementApaDataDownloadStoreStatusNotFound(appVersion = %s, locale = %s, groupName = %s, accountScoped = %s, foundGroups = %s, status = %s, localGroupsAvailable = %s)
03-20 18:50:06.287  6787 12371 I Icing   : Usage reports ok 1, Failed Usage reports 0, indexed 0, rejected 0
03-20 18:50:06.289  6787 12371 W Icing   : No valid account for uploading user actions
03-20 18:50:06.303  6787 12371 I Icing   : Usage reports ok 0, Failed Usage reports 0, indexed 0, rejected 0
03-20 18:50:06.449  1877  3601 D HostConnection: HostConnection::get() New Host Connection established 0xd4728330, tid 3601
03-20 18:50:06.451  1737  1762 W SurfaceFlinger: Attempting to destroy on removed layer: AppWindowToken{2d59945 token=Token{74c75bc ActivityRecord{a91adaf u0 com.android.gpstest/.GpsTestActivity t318}}}#0
03-20 18:50:06.479  1877  3601 D HostConnection: HostComposition ext ANDROID_EMU_CHECKSUM_HELPER_v1 ANDROID_EMU_native_sync_v2 ANDROID_EMU_native_sync_v3 ANDROID_EMU_native_sync_v4 ANDROID_EMU_dma_v1 ANDROID_EMU_YUV420_888_to_NV21 ANDROID_EMU_YUV_Cache ANDROID_EMU_sync_buffer_data GL_OES_EGL_image_external_essl3 GL_OES_vertex_array_object GL_KHR_texture_compression_astc_ldr ANDROID_EMU_host_side_tracing ANDROID_EMU_gles_max_version_3_0 
03-20 18:50:06.481  1877  3601 I ConfigStore: android::hardware::configstore::V1_0::ISurfaceFlingerConfigs::hasWideColorDisplay retrieved: 0
03-20 18:50:06.481  1877  3601 I ConfigStore: android::hardware::configstore::V1_0::ISurfaceFlingerConfigs::hasHDRDisplay retrieved: 0
03-20 18:50:06.481  1877  3601 I OpenGLRenderer: Initialized EGL, version 1.4
03-20 18:50:06.481  1877  3601 D OpenGLRenderer: Swap behavior 1
03-20 18:50:06.481  1877  3601 W OpenGLRenderer: Failed to choose config with EGL_SWAP_BEHAVIOR_PRESERVED, retrying without...
03-20 18:50:06.481  1877  3601 D OpenGLRenderer: Swap behavior 0
03-20 18:50:06.482  1877  3601 D eglCodecCommon: setVertexArrayObject: set vao to 0 (0) 0 0
03-20 18:50:06.482  1877  3601 D EGL_emulation: eglCreateContext: 0xd225dbe0: maj 3 min 0 rcv 3
03-20 18:50:06.482  1877  3601 D EGL_emulation: eglMakeCurrent: 0xd225dbe0: ver 3 0 (tinfo 0xd4af2620)
03-20 18:50:06.496  1877  3601 D eglCodecCommon: setVertexArrayObject: set vao to 0 (0) 1 2
03-20 18:50:06.663  1877  2158 I GnssLocationProvider: WakeLock acquired by sendMessage(REPORT_SV_STATUS, 0, com.android.server.location.GnssLocationProvider$SvStatusInfo@7766d23)
03-20 18:50:06.664  1877  1890 I GnssLocationProvider: WakeLock released by handleMessage(REPORT_SV_STATUS, 0, com.android.server.location.GnssLocationProvider$SvStatusInfo@7766d23)
03-20 18:50:06.721  1877  1886 I system_server: NativeAlloc concurrent copying GC freed 3730(444KB) AllocSpace objects, 1(20KB) LOS objects, 23% free, 19MB/25MB, paused 460us total 104.568ms
03-20 18:50:06.830  1877  1886 I system_server: NativeAlloc concurrent copying GC freed 32273(1200KB) AllocSpace objects, 1(20KB) LOS objects, 24% free, 18MB/24MB, paused 780us total 106.613ms
03-20 18:50:07.556  1834  1834 E netmgr  : Failed to open QEMU pipe 'qemud:network': Invalid argument
03-20 18:50:07.557  1834  1834 E netmgr  : WifiForwarder unable to open QEMU pipe: Invalid argument
03-20 18:50:07.666  1877  2158 I GnssLocationProvider: WakeLock acquired by sendMessage(REPORT_SV_STATUS, 0, com.android.server.location.GnssLocationProvider$SvStatusInfo@ebf5220)
03-20 18:50:07.667  1877  1890 I GnssLocationProvider: WakeLock released by handleMessage(REPORT_SV_STATUS, 0, com.android.server.location.GnssLocationProvider$SvStatusInfo@ebf5220)
03-20 18:50:08.671  1877  2158 I GnssLocationProvider: WakeLock acquired by sendMessage(REPORT_SV_STATUS, 0, com.android.server.location.GnssLocationProvider$SvStatusInfo@73be7d9)
03-20 18:50:08.672  1877  1890 I GnssLocationProvider: WakeLock released by handleMessage(REPORT_SV_STATUS, 0, com.android.server.location.GnssLocationProvider$SvStatusInfo@73be7d9)
03-20 18:50:09.013  1625  1680 W audio_hw_generic: Not supplying enough data to HAL, expected position 52135755 , only wrote 51981120
03-20 18:50:09.673  1877  2158 I GnssLocationProvider: WakeLock acquired by sendMessage(REPORT_SV_STATUS, 0, com.android.server.location.GnssLocationProvider$SvStatusInfo@ffc059e)
03-20 18:50:09.674  1877  1890 I GnssLocationProvider: WakeLock released by handleMessage(REPORT_SV_STATUS, 0, com.android.server.location.GnssLocationProvider$SvStatusInfo@ffc059e)
03-20 18:50:10.320  2004  2004 I FeatureCardGenerator: Make a GIF card not added
03-20 18:50:10.322  2004  2004 I FeatureCardGenerator: Autospace card not added
03-20 18:50:10.322  2004  2004 I Conv2QueryExtension: isEnabled() : true
03-20 18:50:10.322  2004  2004 I EmojiSuperpacksFeature: Emoji superpacks enabled
03-20 18:50:10.539 16795 16795 D AndroidRuntime: >>>>>> START com.android.internal.os.RuntimeInit uid 2000 <<<<<<
03-20 18:50:10.543 16795 16795 W app_process: Could not reserve sentinel fault page
03-20 18:50:10.609 16795 16795 W app_process: Unexpected CPU variant for X86 using defaults: x86
03-20 18:50:10.611 16795 16795 I app_process: The ClassLoaderContext is a special shared library.
03-20 18:50:10.630 16795 16795 D AndroidRuntime: Calling main entry com.android.commands.monkey.Monkey
03-20 18:50:10.634 16795 16795 W Monkey  : args: [-p, com.android.gpstest, -c, android.intent.category.LAUNCHER, 1]
03-20 18:50:10.635 16795 16795 W Monkey  :  arg: "-p"
03-20 18:50:10.635 16795 16795 W Monkey  :  arg: "com.android.gpstest"
03-20 18:50:10.635 16795 16795 W Monkey  :  arg: "-c"
03-20 18:50:10.635 16795 16795 W Monkey  :  arg: "android.intent.category.LAUNCHER"
03-20 18:50:10.635 16795 16795 W Monkey  :  arg: "1"
03-20 18:50:10.635 16795 16795 W Monkey  : data="com.android.gpstest"
03-20 18:50:10.635 16795 16795 W Monkey  : data="android.intent.category.LAUNCHER"
03-20 18:50:10.649  1877  1891 W BroadcastQueue: Skipping deliver [background] BroadcastRecord{67a2895 u-1 android.net.conn.CONNECTIVITY_CHANGE} to ReceiverList{29eddaa 16795 (unknown name)/2000/u-1 remote:e38b87f}: process gone or crashing
03-20 18:50:10.661  1877  4372 I ActivityManager: START u0 {act=android.intent.action.MAIN cat=[android.intent.category.LAUNCHER] flg=0x10200000 cmp=com.android.gpstest/.GpsTestActivity} from uid 2000
03-20 18:50:10.661  1877  4372 W Binder  : Outgoing transactions from this process must be FLAG_ONEWAY
03-20 18:50:10.661  1877  4372 W Binder  : java.lang.Throwable
03-20 18:50:10.661  1877  4372 W Binder  : 	at android.os.BinderProxy.transact(Binder.java:1114)
03-20 18:50:10.661  1877  4372 W Binder  : 	at android.app.IActivityController$Stub$Proxy.activityStarting(IActivityController.java:176)
03-20 18:50:10.661  1877  4372 W Binder  : 	at com.android.server.am.ActivityStarter.startActivity(ActivityStarter.java:737)
03-20 18:50:10.661  1877  4372 W Binder  : 	at com.android.server.am.ActivityStarter.startActivity(ActivityStarter.java:544)
03-20 18:50:10.661  1877  4372 W Binder  : 	at com.android.server.am.ActivityStarter.startActivityMayWait(ActivityStarter.java:1099)
03-20 18:50:10.661  1877  4372 W Binder  : 	at com.android.server.am.ActivityStarter.execute(ActivityStarter.java:486)
03-20 18:50:10.661  1877  4372 W Binder  : 	at com.android.server.am.ActivityManagerService.startActivityAsUser(ActivityManagerService.java:5120)
03-20 18:50:10.661  1877  4372 W Binder  : 	at com.android.server.am.ActivityManagerService.startActivityAsUser(ActivityManagerService.java:5094)
03-20 18:50:10.661  1877  4372 W Binder  : 	at com.android.server.am.ActivityManagerService.startActivity(ActivityManagerService.java:5085)
03-20 18:50:10.661  1877  4372 W Binder  : 	at android.app.IActivityManager$Stub.onTransact$startActivity$(IActivityManager.java:10084)
03-20 18:50:10.661  1877  4372 W Binder  : 	at android.app.IActivityManager$Stub.onTransact(IActivityManager.java:122)
03-20 18:50:10.661  1877  4372 W Binder  : 	at com.android.server.am.ActivityManagerService.onTransact(ActivityManagerService.java:3291)
03-20 18:50:10.661  1877  4372 W Binder  : 	at android.os.Binder.execTransact(Binder.java:731)
03-20 18:50:10.674  1877  2158 I GnssLocationProvider: WakeLock acquired by sendMessage(REPORT_SV_STATUS, 0, com.android.server.location.GnssLocationProvider$SvStatusInfo@c597949)
03-20 18:50:10.675  1877  1890 I GnssLocationProvider: WakeLock released by handleMessage(REPORT_SV_STATUS, 0, com.android.server.location.GnssLocationProvider$SvStatusInfo@c597949)
03-20 18:50:10.677 16168 16168 W ActivityThread: handleWindowVisibility: no activity for token android.os.BinderProxy@89beb12
03-20 18:50:10.679 16795 16795 I Monkey  : Events injected: 1
03-20 18:50:10.685  1877  1877 V SettingsProvider: Notifying for 0: content://settings/system/accelerometer_rotation
03-20 18:50:10.686 16795 16795 I Monkey  : ## Network stats: elapsed time=23ms (0ms mobile, 0ms wifi, 23ms not connected)
03-20 18:50:10.691 16795 16795 I app_process: System.exit called, status: 0
03-20 18:50:10.691 16795 16795 I AndroidRuntime: VM exiting with result code 0.
03-20 18:50:10.707  1635  1635 D gralloc_ranchu: gralloc_alloc: Creating ashmem region of size 8298496
03-20 18:50:10.760  1635  1635 D gralloc_ranchu: gralloc_alloc: Creating ashmem region of size 8298496
03-20 18:50:10.773 16168 16168 D NavDrawerFragment: Using position from preferences = 0
03-20 18:50:10.774 16168 16168 D GpsTestActivity: Creating new GpsStatusFragment
03-20 18:50:10.781  2020  2251 D EGL_emulation: eglMakeCurrent: 0xd377d1e0: ver 3 0 (tinfo 0xe75d8b60)
03-20 18:50:10.686  1877  1877 V SettingsProvider: Notifying for 0: content://settings/system/accelerometer_rotation
03-20 18:50:10.828  1877  4372 I ActivityManager: START u0 {act=android.content.pm.action.REQUEST_PERMISSIONS pkg=com.google.android.packageinstaller cmp=com.google.android.packageinstaller/com.android.packageinstaller.permission.ui.GrantPermissionsActivity (has extras)} from uid 10212
03-20 18:50:10.869  2020  2251 I chatty  : uid=10025(com.android.systemui) RenderThread identical 10 lines
03-20 18:50:10.872  2020  2251 D EGL_emulation: eglMakeCurrent: 0xd377d1e0: ver 3 0 (tinfo 0xe75d8b60)
03-20 18:50:10.873 16190 16190 W ActivityThread: handleWindowVisibility: no activity for token android.os.BinderProxy@3a28ff0
03-20 18:50:10.888  2020  2251 D EGL_emulation: eglMakeCurrent: 0xd377d1e0: ver 3 0 (tinfo 0xe75d8b60)
03-20 18:50:10.891  2020  2251 D EGL_emulation: eglMakeCurrent: 0xd377d1e0: ver 3 0 (tinfo 0xe75d8b60)
03-20 18:50:10.907  1635  1635 D gralloc_ranchu: gralloc_alloc: Creating ashmem region of size 8298496
03-20 18:50:10.907  1635  1635 I chatty  : uid=1000(system) allocator@2.0-s identical 1 line
03-20 18:50:10.908  1635  1635 D gralloc_ranchu: gralloc_alloc: Creating ashmem region of size 8298496
03-20 18:50:10.910  2020  2251 D EGL_emulation: eglMakeCurrent: 0xd377d1e0: ver 3 0 (tinfo 0xe75d8b60)
03-20 18:50:10.922  2020  2251 D EGL_emulation: eglMakeCurrent: 0xd377d1e0: ver 3 0 (tinfo 0xe75d8b60)
03-20 18:50:10.962  1635  1635 D gralloc_ranchu: gralloc_alloc: Creating ashmem region of size 7659520
03-20 18:50:10.963  1635  2789 D gralloc_ranchu: gralloc_alloc: Creating ashmem region of size 7659520
03-20 18:50:10.965  1635  1679 D gralloc_ranchu: gralloc_alloc: Creating ashmem region of size 7659520
03-20 18:50:10.970  2004  2004 I GoogleInputMethod: onFinishInput() : Dummy InputConnection bound
03-20 18:50:10.970  2004  2004 I GoogleInputMethod: onStartInput() : Dummy InputConnection bound
03-20 18:50:10.978 16190 16205 D EGL_emulation: eglMakeCurrent: 0xe88150a0: ver 3 0 (tinfo 0xe87b2690)
03-20 18:50:11.002  1877  1899 I ActivityManager: Displayed com.google.android.packageinstaller/com.android.packageinstaller.permission.ui.GrantPermissionsActivity: +120ms (total +315ms)
03-20 18:50:11.018 16168 16189 D EGL_emulation: eglMakeCurrent: 0xd5218a40: ver 3 0 (tinfo 0xe87b2290)
03-20 18:50:11.030 16190 16205 D EGL_emulation: eglMakeCurrent: 0xe88150a0: ver 3 0 (tinfo 0xe87b2690)
03-20 18:50:11.033  1635  1679 D gralloc_ranchu: gralloc_alloc: Creating ashmem region of size 7655424
03-20 18:50:11.034 16190 16205 D EGL_emulation: eglMakeCurrent: 0xe88150a0: ver 3 0 (tinfo 0xe87b2690)
03-20 18:50:11.036  1635  1679 D gralloc_ranchu: gralloc_alloc: Creating ashmem region of size 7655424
03-20 18:50:11.069  2020  2251 D EGL_emulation: eglMakeCurrent: 0xd377d1e0: ver 3 0 (tinfo 0xe75d8b60)
03-20 18:50:11.070  2569  2690 D EGL_emulation: eglMakeCurrent: 0xea2058a0: ver 3 0 (tinfo 0xea203440)
03-20 18:50:11.073 11611 11770 D EGL_emulation: eglMakeCurrent: 0xea207b80: ver 3 0 (tinfo 0xc9dfcd20)
03-20 18:50:11.078  2020  2251 D EGL_emulation: eglMakeCurrent: 0xd377d1e0: ver 3 0 (tinfo 0xe75d8b60)
03-20 18:50:11.169  1737  1967 W SurfaceFlinger: Attempting to set client state on removed layer: Surface(name=8d95029 com.google.android.packageinstaller/com.android.packageinstaller.permission.ui.GrantPermissionsActivity)/@0xa8dc5e5 - animation-leash#0
03-20 18:50:11.170  1737  1967 W SurfaceFlinger: Attempting to set client state on removed layer: Surface(name=Dim Layer for - Task=319)/@0x5f8036b - animation-leash#0
03-20 18:50:11.170  1737  1967 W SurfaceFlinger: Attempting to destroy on removed layer: Surface(name=8d95029 com.google.android.packageinstaller/com.android.packageinstaller.permission.ui.GrantPermissionsActivity)/@0xa8dc5e5 - animation-leash#0
03-20 18:50:11.170  1737  1967 W SurfaceFlinger: Attempting to destroy on removed layer: Surface(name=Dim Layer for - Task=319)/@0x5f8036b - animation-leash#0
03-20 18:50:11.200  1737  1737 W SurfaceFlinger: couldn't log to binary event log: overflow.
03-20 18:50:11.201  1737  1737 W SurfaceFlinger: couldn't log to binary event log: overflow.
03-20 18:50:11.210  1737  1967 W SurfaceFlinger: Attempting to set client state on removed layer: Splash Screen com.android.gpstest#0
03-20 18:50:11.210  1737  1967 W SurfaceFlinger: Attempting to destroy on removed layer: Splash Screen com.android.gpstest#0
03-20 18:50:11.222 11611 16208 I PBSessionCacheImpl: (REDACTED) Deleted sessionId[%d] from persistence.
03-20 18:50:11.239 11611 11759 I A       : getLocaleToModelSpecsMap
03-20 18:50:11.239 11611 11759 I A       : Using proto config with mendel
03-20 18:50:11.245 11611 11759 I A       : getLocaleToModelSpecsMap
03-20 18:50:11.245 11611 11759 I A       : Using proto config with mendel
03-20 18:50:11.245 11611 11759 W SearchServiceCore: Abort, client detached.
03-20 18:50:11.248 11611 11759 I MicroDetectionState: (REDACTED) Should stop hotword detection immediately - %b
03-20 18:50:11.249 11611 11759 I A       : getLocaleToModelSpecsMap
03-20 18:50:11.249 11611 11759 I A       : Using proto config with mendel
03-20 18:50:11.249 11611 11759 I A       : getLocaleToModelSpecsMap
03-20 18:50:11.249 11611 11759 I A       : Using proto config with mendel
03-20 18:50:11.322  1877  4422 W ActivityManager: Background start not allowed: service Intent { cmp=com.google.android.apps.messaging/.shared.datamodel.action.ActionExecutorImpl$EmptyService } to com.google.android.apps.messaging/.shared.datamodel.action.ActionExecutorImpl$EmptyService from pid=15939 uid=10085 pkg=com.google.android.apps.messaging startFg?=false
03-20 18:50:11.328 15939 15939 W BugleDataModel: service started without protection. DataModel.startActionUnsafe is deprecated. class com.google.android.apps.messaging.shared.datamodel.action.SelfParticipantsRefreshAction-SelfParticipantsRefreshAction:1679352491027006
03-20 18:50:11.334 15939 15939 W BugleDataModel: java.lang.IllegalStateException: Not allowed to start service Intent { cmp=com.google.android.apps.messaging/.shared.datamodel.action.ActionExecutorImpl$EmptyService }: app is in background uid UidRecord{ddcc49e u0a85 CEM  idle change:cached procs:1 seq(0,0,0)}
03-20 18:50:11.334 15939 15939 W BugleDataModel: 	at android.app.ContextImpl.startServiceCommon(ContextImpl.java:1577)
03-20 18:50:11.334 15939 15939 W BugleDataModel: 	at android.app.ContextImpl.startService(ContextImpl.java:1532)
03-20 18:50:11.334 15939 15939 W BugleDataModel: 	at android.content.ContextWrapper.startService(ContextWrapper.java:664)
03-20 18:50:11.334 15939 15939 W BugleDataModel: 	at com.google.android.apps.messaging.shared.datamodel.action.ActionExecutorImpl.a(SourceFile:25)
03-20 18:50:11.334 15939 15939 W BugleDataModel: 	at cau.a(SourceFile:92)
03-20 18:50:11.334 15939 15939 W BugleDataModel: 	at cav.run(Unknown Source:2)
03-20 18:50:11.334 15939 15939 W BugleDataModel: 	at android.os.Handler.handleCallback(Handler.java:873)
03-20 18:50:11.334 15939 15939 W BugleDataModel: 	at android.os.Handler.dispatchMessage(Handler.java:99)
03-20 18:50:11.334 15939 15939 W BugleDataModel: 	at android.os.Looper.loop(Looper.java:193)
03-20 18:50:11.334 15939 15939 W BugleDataModel: 	at android.app.ActivityThread.main(ActivityThread.java:6669)
03-20 18:50:11.334 15939 15939 W BugleDataModel: 	at java.lang.reflect.Method.invoke(Native Method)
03-20 18:50:11.334 15939 15939 W BugleDataModel: 	at com.android.internal.os.RuntimeInit$MethodAndArgsCaller.run(RuntimeInit.java:493)
03-20 18:50:11.334 15939 15939 W BugleDataModel: 	at com.android.internal.os.ZygoteInit.main(ZygoteInit.java:858)
03-20 18:50:11.365 15939 16811 I BugleDataModel: ParticipantRefresh: Start participant refresh. refreshMode: 1
03-20 18:50:11.486  1877  4422 D CountryDetector: The first listener is added
03-20 18:50:11.564 15939 16811 I BugleDataModel: ParticipantRefresh: Number of participants refreshed: 2
03-20 18:50:11.590  6787  6946 I Icing   : IndexChimeraService.getServiceInterface callingPackage=com.google.android.apps.messaging componentName=null serviceId=36
03-20 18:50:11.598  6787 12371 W Icing   : No valid account for uploading user actions
03-20 18:50:11.621  6787 12371 I Icing   : Usage reports ok 1, Failed Usage reports 0, indexed 0, rejected 0
03-20 18:50:11.624 15939 16812 E AppDataSearchHelper: Couldn't find corpus 'partsCorpus'
03-20 18:50:11.639  6787  6946 I Icing   : IndexChimeraService.getServiceInterface callingPackage=com.google.android.apps.messaging componentName=null serviceId=36
03-20 18:50:11.645 15939 16812 E AppDataSearchHelper: Couldn't find corpus 'participantsCorpus'
03-20 18:50:11.651  6787 12371 W Icing   : No valid account for uploading user actions
03-20 18:50:11.655  6787  6946 I Icing   : IndexChimeraService.getServiceInterface callingPackage=com.google.android.apps.messaging componentName=null serviceId=36
03-20 18:50:11.659  6787 12371 I Icing   : Usage reports ok 0, Failed Usage reports 0, indexed 0, rejected 0
03-20 18:50:11.663 15939 16812 E AppDataSearchHelper: Couldn't find corpus 'messagesCorpus'
03-20 18:50:11.664  6787 12371 W Icing   : No valid account for uploading user actions
03-20 18:50:11.669  6787 12371 I Icing   : Usage reports ok 0, Failed Usage reports 0, indexed 0, rejected 0
03-20 18:50:11.680  1877  2158 I GnssLocationProvider: WakeLock acquired by sendMessage(REPORT_SV_STATUS, 0, com.android.server.location.GnssLocationProvider$SvStatusInfo@c699c1a)
03-20 18:50:11.682  1877  1890 I GnssLocationProvider: WakeLock released by handleMessage(REPORT_SV_STATUS, 0, com.android.server.location.GnssLocationProvider$SvStatusInfo@c699c1a)
03-20 18:50:12.564  1635  1679 D gralloc_ranchu: gralloc_alloc: Creating ashmem region of size 7655424
03-20 18:50:12.680  1877  2158 I GnssLocationProvider: WakeLock acquired by sendMessage(REPORT_SV_STATUS, 0, com.android.server.location.GnssLocationProvider$SvStatusInfo@ca3934b)
03-20 18:50:12.681  1877  1890 I GnssLocationProvider: WakeLock released by handleMessage(REPORT_SV_STATUS, 0, com.android.server.location.GnssLocationProvider$SvStatusInfo@ca3934b)
03-20 18:50:13.686  1877  2158 I GnssLocationProvider: WakeLock acquired by sendMessage(REPORT_SV_STATUS, 0, com.android.server.location.GnssLocationProvider$SvStatusInfo@f88c128)
03-20 18:50:13.688  1877  1890 I GnssLocationProvider: WakeLock released by handleMessage(REPORT_SV_STATUS, 0, com.android.server.location.GnssLocationProvider$SvStatusInfo@f88c128)
03-20 18:50:14.691  1877  2158 I GnssLocationProvider: WakeLock acquired by sendMessage(REPORT_SV_STATUS, 0, com.android.server.location.GnssLocationProvider$SvStatusInfo@5049e41)
03-20 18:50:14.694  1877  1890 I GnssLocationProvider: WakeLock released by handleMessage(REPORT_SV_STATUS, 0, com.android.server.location.GnssLocationProvider$SvStatusInfo@5049e41)
03-20 18:50:15.692  1877  2158 I GnssLocationProvider: WakeLock acquired by sendMessage(REPORT_SV_STATUS, 0, com.android.server.location.GnssLocationProvider$SvStatusInfo@2755fe6)
03-20 18:50:15.694  1877  1890 I GnssLocationProvider: WakeLock released by handleMessage(REPORT_SV_STATUS, 0, com.android.server.location.GnssLocationProvider$SvStatusInfo@2755fe6)
03-20 18:50:16.695  1877  2158 I GnssLocationProvider: WakeLock acquired by sendMessage(REPORT_SV_STATUS, 0, com.android.server.location.GnssLocationProvider$SvStatusInfo@1161927)
03-20 18:50:16.697  1877  1890 I GnssLocationProvider: WakeLock released by handleMessage(REPORT_SV_STATUS, 0, com.android.server.location.GnssLocationProvider$SvStatusInfo@1161927)
03-20 18:50:17.698  1877  2158 I GnssLocationProvider: WakeLock acquired by sendMessage(REPORT_SV_STATUS, 0, com.android.server.location.GnssLocationProvider$SvStatusInfo@d3cc7d4)
03-20 18:50:17.700  1877  1890 I GnssLocationProvider: WakeLock released by handleMessage(REPORT_SV_STATUS, 0, com.android.server.location.GnssLocationProvider$SvStatusInfo@d3cc7d4)
03-20 18:50:18.698  1877  2158 I GnssLocationProvider: WakeLock acquired by sendMessage(REPORT_SV_STATUS, 0, com.android.server.location.GnssLocationProvider$SvStatusInfo@9bbdd7d)
03-20 18:50:18.699  1877  1890 I GnssLocationProvider: WakeLock released by handleMessage(REPORT_SV_STATUS, 0, com.android.server.location.GnssLocationProvider$SvStatusInfo@9bbdd7d)
03-20 18:50:19.702  1877  2158 I GnssLocationProvider: WakeLock acquired by sendMessage(REPORT_SV_STATUS, 0, com.android.server.location.GnssLocationProvider$SvStatusInfo@e279472)
03-20 18:50:19.704  1877  1890 I GnssLocationProvider: WakeLock released by handleMessage(REPORT_SV_STATUS, 0, com.android.server.location.GnssLocationProvider$SvStatusInfo@e279472)
03-20 18:50:20.708  1877  2158 I GnssLocationProvider: WakeLock acquired by sendMessage(REPORT_SV_STATUS, 0, com.android.server.location.GnssLocationProvider$SvStatusInfo@84120c3)
03-20 18:50:20.710  1877  1890 I GnssLocationProvider: WakeLock released by handleMessage(REPORT_SV_STATUS, 0, com.android.server.location.GnssLocationProvider$SvStatusInfo@84120c3)
03-20 18:50:21.291  6787  6787 D BoundBrokerSvc: onUnbind: Intent { act=com.google.android.gms.feedback.internal.IFeedbackService dat=chimera-action: cmp=com.google.android.gms/.chimera.GmsBoundBrokerService }
03-20 18:50:21.708  1877  2158 I GnssLocationProvider: WakeLock acquired by sendMessage(REPORT_SV_STATUS, 0, com.android.server.location.GnssLocationProvider$SvStatusInfo@5888d40)
03-20 18:50:21.710  1877  1890 I GnssLocationProvider: WakeLock released by handleMessage(REPORT_SV_STATUS, 0, com.android.server.location.GnssLocationProvider$SvStatusInfo@5888d40)
03-20 18:50:22.712  1877  2158 I GnssLocationProvider: WakeLock acquired by sendMessage(REPORT_SV_STATUS, 0, com.android.server.location.GnssLocationProvider$SvStatusInfo@5add479)
03-20 18:50:22.713  1877  1890 I GnssLocationProvider: WakeLock released by handleMessage(REPORT_SV_STATUS, 0, com.android.server.location.GnssLocationProvider$SvStatusInfo@5add479)
03-20 18:50:23.716  1877  2158 I GnssLocationProvider: WakeLock acquired by sendMessage(REPORT_SV_STATUS, 0, com.android.server.location.GnssLocationProvider$SvStatusInfo@5685be)
03-20 18:50:23.717  1877  1890 I GnssLocationProvider: WakeLock released by handleMessage(REPORT_SV_STATUS, 0, com.android.server.location.GnssLocationProvider$SvStatusInfo@5685be)
03-20 18:50:24.720  1877  2158 I GnssLocationProvider: WakeLock acquired by sendMessage(REPORT_SV_STATUS, 0, com.android.server.location.GnssLocationProvider$SvStatusInfo@8b061f)
03-20 18:50:24.722  1877  1890 I GnssLocationProvider: WakeLock released by handleMessage(REPORT_SV_STATUS, 0, com.android.server.location.GnssLocationProvider$SvStatusInfo@8b061f)
03-20 18:50:25.724  1877  2158 I GnssLocationProvider: WakeLock acquired by sendMessage(REPORT_SV_STATUS, 0, com.android.server.location.GnssLocationProvider$SvStatusInfo@2093d6c)
03-20 18:50:25.726  1877  1890 I GnssLocationProvider: WakeLock released by handleMessage(REPORT_SV_STATUS, 0, com.android.server.location.GnssLocationProvider$SvStatusInfo@2093d6c)
03-20 18:50:26.149 11611 11759 I WorkerManager: dispose()
03-20 18:50:26.151 11611 11759 W A       : (REDACTED) Queue length for executor %s is now %d. Perhaps some tasks are too long, or the pool is too small.
03-20 18:50:26.724  1877  2158 I GnssLocationProvider: WakeLock acquired by sendMessage(REPORT_SV_STATUS, 0, com.android.server.location.GnssLocationProvider$SvStatusInfo@c2e3f35)
03-20 18:50:26.725  1877  1890 I GnssLocationProvider: WakeLock released by handleMessage(REPORT_SV_STATUS, 0, com.android.server.location.GnssLocationProvider$SvStatusInfo@c2e3f35)
03-20 18:50:26.874 16407 16827 D UIAutomatorStub: URI: /jsonrpc/0, Method: POST, Header: {content-length=117, remote-addr=127.0.0.1, http-client-ip=127.0.0.1, host=localhost:9008, content-type=application/json, connection=close, accept-encoding=identity, user-agent=Python-urllib/3.7}, params, {NanoHttpd.QUERY_STRING=null}, files: {postData={"jsonrpc": "2.0", "method": "dumpWindowHierarchy", "id": "814fcd3550269e38431700111acc87bf", "params": [true, null]}}
03-20 18:50:26.885 16407 16827 I UIAutomatorStub: Skipping invisible child: android.view.accessibility.AccessibilityNodeInfo@fe64; boundsInParent: Rect(0, 0 - 0, 126); boundsInScreen: Rect(231, 1044 - 231, 1170); packageName: com.google.android.packageinstaller; className: android.widget.LinearLayout; text: null; error: null; maxTextLength: -1; contentDescription: null; tooltipText: null; viewIdResName: null; checkable: false; checked: false; focusable: false; focused: false; selected: false; clickable: false; longClickable: false; contextClickable: false; enabled: true; password: false; scrollable: false; importantForAccessibility: false; visible: false; actions: [AccessibilityAction: ACTION_SELECT - null, AccessibilityAction: ACTION_CLEAR_SELECTION - null, AccessibilityAction: ACTION_ACCESSIBILITY_FOCUS - null, AccessibilityAction: ACTION_SHOW_ON_SCREEN - null]
03-20 18:50:26.885 16407 16827 I UIAutomatorStub: Fetch time: 3ms
03-20 18:50:27.725  1877  2158 I GnssLocationProvider: WakeLock acquired by sendMessage(REPORT_SV_STATUS, 0, com.android.server.location.GnssLocationProvider$SvStatusInfo@ef13fca)
