11-25 16:00:49.273 17082 17340 I UIAutomatorStub: Skipping invisible child: android.view.accessibility.AccessibilityNodeInfo@161f5; boundsInParent: Rect(0, 0 - 1080, 1582); boundsInScreen: Rect(1080, 63 - 1080, 1645); packageName: org.shadowice.flocke.andotp; className: android.widget.ScrollView; text: null; error: null; maxTextLength: -1; contentDescription: null; tooltipText: null; viewIdResName: null; checkable: false; checked: false; focusable: true; focused: false; selected: false; clickable: false; longClickable: false; contextClickable: false; enabled: true; password: false; scrollable: false; importantForAccessibility: true; visible: false; actions: [AccessibilityAction: ACTION_FOCUS - null, AccessibilityAction: ACTION_SELECT - null, AccessibilityAction: ACTION_CLEAR_SELECTION - null, AccessibilityAction: ACTION_ACCESSIBILITY_FOCUS - null, AccessibilityAction: ACTION_SHOW_ON_SCREEN - null]
11-25 16:00:49.273 17082 17340 I UIAutomatorStub: Skipping invisible child: android.view.accessibility.AccessibilityNodeInfo@134e9; boundsInParent: Rect(0, 0 - 147, 147); boundsInScreen: Rect(42, 1983 - 189, 1794); packageName: org.shadowice.flocke.andotp; className: android.widget.ImageButton; text: null; error: null; maxTextLength: -1; contentDescription: Back; tooltipText: null; viewIdResName: org.shadowice.flocke.andotp:id/mi_button_back; checkable: false; checked: false; focusable: true; focused: false; selected: false; clickable: true; longClickable: true; contextClickable: false; enabled: true; password: false; scrollable: false; importantForAccessibility: true; visible: false; actions: [AccessibilityAction: ACTION_FOCUS - null, AccessibilityAction: ACTION_SELECT - null, AccessibilityAction: ACTION_CLEAR_SELECTION - null, AccessibilityAction: ACTION_CLICK - null, AccessibilityAction: ACTION_LONG_CLICK - null, AccessibilityAction: ACTION_ACCESSIBILITY_FOCUS - null, AccessibilityAction: ACTION_NEXT_AT_MOVEMENT_GRANULARITY - null, AccessibilityAction: ACTION_PREVIOUS_AT_MOVEMENT_GRANULARITY - null, AccessibilityAction: ACTION_SET_SELECTION - null, AccessibilityAction: ACTION_SHOW_ON_SCREEN - null]
11-25 16:00:49.274 17082 17340 I UIAutomatorStub: Skipping invisible child: android.view.accessibility.AccessibilityNodeInfo@14f30; boundsInParent: Rect(0, 0 - 1080, 63); boundsInScreen: Rect(0, 0 - 1080, 63); packageName: org.shadowice.flocke.andotp; className: android.view.View; text: null; error: null; maxTextLength: -1; contentDescription: null; tooltipText: null; viewIdResName: android:id/statusBarBackground; checkable: false; checked: false; focusable: false; focused: false; selected: false; clickable: false; longClickable: false; contextClickable: false; enabled: true; password: false; scrollable: false; importantForAccessibility: false; visible: false; actions: [AccessibilityAction: ACTION_SELECT - null, AccessibilityAction: ACTION_CLEAR_SELECTION - null, AccessibilityAction: ACTION_ACCESSIBILITY_FOCUS - null, AccessibilityAction: ACTION_SHOW_ON_SCREEN - null]
11-25 16:00:49.274 17082 17340 I UIAutomatorStub: Skipping invisible child: android.view.accessibility.AccessibilityNodeInfo@14b6f; boundsInParent: Rect(0, 0 - 1080, 126); boundsInScreen: Rect(0, 1794 - 1080, 1920); packageName: org.shadowice.flocke.andotp; className: android.view.View; text: null; error: null; maxTextLength: -1; contentDescription: null; tooltipText: null; viewIdResName: android:id/navigationBarBackground; checkable: false; checked: false; focusable: false; focused: false; selected: false; clickable: false; longClickable: false; contextClickable: false; enabled: true; password: false; scrollable: false; importantForAccessibility: false; visible: false; actions: [AccessibilityAction: ACTION_SELECT - null, AccessibilityAction: ACTION_CLEAR_SELECTION - null, AccessibilityAction: ACTION_ACCESSIBILITY_FOCUS - null, AccessibilityAction: ACTION_SHOW_ON_SCREEN - null]
11-25 16:00:49.274 17082 17340 I UIAutomatorStub: Fetch time: 2ms
11-25 16:00:49.361 10653 10653 D BoundBrokerSvc: onUnbind: Intent { act=com.google.android.gms.icing.LIGHTWEIGHT_INDEX_SERVICE dat=chimera-action: cmp=com.google.android.gms/.chimera.PersistentApiService }
11-25 16:00:49.791 16998 17131 E Finsky  : [2048] jhi.accept(88): GMS compliance query failed.
11-25 16:00:49.791 16998 17131 E Finsky  : com.google.common.util.concurrent.TimeoutFuture$TimeoutFutureException: Timed out (timeout delayed by 41 ms after scheduled time): apye@22e3f3e[status=PENDING, setFuture=[gde@cea019f[status=PENDING, info=[tag=[ajvg@c1b52ec]]]]]
11-25 16:00:49.839  2044  2070 E memtrack: Couldn't load memtrack module
11-25 16:00:49.839  2044  2070 W android.os.Debug: failed to get memory consumption info: -1
11-25 16:00:49.839 15958 15958 D BoundBrokerSvc: onUnbind: Intent { act=com.google.android.gms.checkin.START pkg=com.google.android.gms }
11-25 16:00:50.102  1779 17275 W DnsTlsSocket: SSL_connect error 5, errno=111
11-25 16:00:50.148  1800  2437 E GnssHAL_GnssInterface: gnssSvStatusCb: a: input svInfo.flags is 8
11-25 16:00:50.149  1800  2437 E GnssHAL_GnssInterface: gnssSvStatusCb: b: input svInfo.flags is 8
11-25 16:00:50.196  1779 17275 W DnsTlsSocket: SSL_connect error 5, errno=111
11-25 16:00:50.415 15958 15958 D BoundBrokerSvc: onUnbind: Intent { act=com.google.android.gms.safetynet.service.START pkg=com.google.android.gms }
11-25 16:00:50.762 17082 17344 D UIAutomatorStub: URI: /jsonrpc/0, Method: POST, Header: {content-length=117, remote-addr=127.0.0.1, http-client-ip=127.0.0.1, host=localhost:9008, content-type=application/json, connection=close, accept-encoding=identity, user-agent=Python-urllib/3.7}, params, {NanoHttpd.QUERY_STRING=null}, files: {postData={"jsonrpc": "2.0", "method": "dumpWindowHierarchy", "id": "27439be9d24d5a17ae646edf26546bc0", "params": [true, null]}}
11-25 16:00:50.767 17082 17344 I UIAutomatorStub: Skipping invisible child: android.view.accessibility.AccessibilityNodeInfo@161f5; boundsInParent: Rect(0, 0 - 1080, 1582); boundsInScreen: Rect(1080, 63 - 1080, 1645); packageName: org.shadowice.flocke.andotp; className: android.widget.ScrollView; text: null; error: null; maxTextLength: -1; contentDescription: null; tooltipText: null; viewIdResName: null; checkable: false; checked: false; focusable: true; focused: false; selected: false; clickable: false; longClickable: false; contextClickable: false; enabled: true; password: false; scrollable: false; importantForAccessibility: true; visible: false; actions: [AccessibilityAction: ACTION_FOCUS - null, AccessibilityAction: ACTION_SELECT - null, AccessibilityAction: ACTION_CLEAR_SELECTION - null, AccessibilityAction: ACTION_ACCESSIBILITY_FOCUS - null, AccessibilityAction: ACTION_SHOW_ON_SCREEN - null]
11-25 16:00:50.767 17082 17344 I UIAutomatorStub: Skipping invisible child: android.view.accessibility.AccessibilityNodeInfo@134e9; boundsInParent: Rect(0, 0 - 147, 147); boundsInScreen: Rect(42, 1983 - 189, 1794); packageName: org.shadowice.flocke.andotp; className: android.widget.ImageButton; text: null; error: null; maxTextLength: -1; contentDescription: Back; tooltipText: null; viewIdResName: org.shadowice.flocke.andotp:id/mi_button_back; checkable: false; checked: false; focusable: true; focused: false; selected: false; clickable: true; longClickable: true; contextClickable: false; enabled: true; password: false; scrollable: false; importantForAccessibility: true; visible: false; actions: [AccessibilityAction: ACTION_FOCUS - null, AccessibilityAction: ACTION_SELECT - null, AccessibilityAction: ACTION_CLEAR_SELECTION - null, AccessibilityAction: ACTION_CLICK - null, AccessibilityAction: ACTION_LONG_CLICK - null, AccessibilityAction: ACTION_ACCESSIBILITY_FOCUS - null, AccessibilityAction: ACTION_NEXT_AT_MOVEMENT_GRANULARITY - null, AccessibilityAction: ACTION_PREVIOUS_AT_MOVEMENT_GRANULARITY - null, AccessibilityAction: ACTION_SET_SELECTION - null, AccessibilityAction: ACTION_SHOW_ON_SCREEN - null]
11-25 16:00:50.768 17082 17344 I UIAutomatorStub: Skipping invisible child: android.view.accessibility.AccessibilityNodeInfo@14f30; boundsInParent: Rect(0, 0 - 1080, 63); boundsInScreen: Rect(0, 0 - 1080, 63); packageName: org.shadowice.flocke.andotp; className: android.view.View; text: null; error: null; maxTextLength: -1; contentDescription: null; tooltipText: null; viewIdResName: android:id/statusBarBackground; checkable: false; checked: false; focusable: false; focused: false; selected: false; clickable: false; longClickable: false; contextClickable: false; enabled: true; password: false; scrollable: false; importantForAccessibility: false; visible: false; actions: [AccessibilityAction: ACTION_SELECT - null, AccessibilityAction: ACTION_CLEAR_SELECTION - null, AccessibilityAction: ACTION_ACCESSIBILITY_FOCUS - null, AccessibilityAction: ACTION_SHOW_ON_SCREEN - null]
11-25 16:00:50.768 17082 17344 I UIAutomatorStub: Skipping invisible child: android.view.accessibility.AccessibilityNodeInfo@14b6f; boundsInParent: Rect(0, 0 - 1080, 126); boundsInScreen: Rect(0, 1794 - 1080, 1920); packageName: org.shadowice.flocke.andotp; className: android.view.View; text: null; error: null; maxTextLength: -1; contentDescription: null; tooltipText: null; viewIdResName: android:id/navigationBarBackground; checkable: false; checked: false; focusable: false; focused: false; selected: false; clickable: false; longClickable: false; contextClickable: false; enabled: true; password: false; scrollable: false; importantForAccessibility: false; visible: false; actions: [AccessibilityAction: ACTION_SELECT - null, AccessibilityAction: ACTION_CLEAR_SELECTION - null, AccessibilityAction: ACTION_ACCESSIBILITY_FOCUS - null, AccessibilityAction: ACTION_SHOW_ON_SCREEN - null]
11-25 16:00:50.768 17082 17344 I UIAutomatorStub: Fetch time: 1ms
11-25 16:00:51.148  1800  2437 E GnssHAL_GnssInterface: gnssSvStatusCb: a: input svInfo.flags is 8
11-25 16:00:51.148  1800  2437 E GnssHAL_GnssInterface: gnssSvStatusCb: b: input svInfo.flags is 8
11-25 16:00:51.522  9663 17345 E memtrack: Couldn't load memtrack module
11-25 16:00:51.522  9663 17345 W android.os.Debug: failed to get memory consumption info: -1
11-25 16:00:51.687  2044  3451 I ActivityManager: Killing 16167:com.google.android.apps.tachyon/u0a88 (adj 985): empty #17
11-25 16:00:51.718  1779 17328 W DnsTlsSocket: SSL_connect error 5, errno=111
11-25 16:00:51.756  1780  1780 I Zygote  : Process 16167 exited due to signal 9 (Killed)
11-25 16:00:51.775  2044  2073 I libprocessgroup: Successfully killed process cgroup uid 10088 pid 16167 in 82ms
11-25 16:00:51.785  1779 17328 W DnsTlsSocket: SSL_connect error 5, errno=111
11-25 16:00:51.805  9663  9684 W id.gms.unstabl: Couldn't lock the profile file /data/user/0/com.google.android.gms/app_dg_cache/77943409D1D037F8FB959F3246DCD08994A2EECB/oat/the.apk.cur.prof: Failed to open file '/data/user/0/com.google.android.gms/app_dg_cache/77943409D1D037F8FB959F3246DCD08994A2EECB/oat/the.apk.cur.prof': No such file or directory
11-25 16:00:51.805  9663  9684 W id.gms.unstabl: Could not forcefully load profile /data/user/0/com.google.android.gms/app_dg_cache/77943409D1D037F8FB959F3246DCD08994A2EECB/oat/the.apk.cur.prof
11-25 16:00:52.053 17082 17351 D UIAutomatorStub: URI: /jsonrpc/0, Method: POST, Header: {content-length=117, remote-addr=127.0.0.1, http-client-ip=127.0.0.1, host=localhost:9008, content-type=application/json, connection=close, accept-encoding=identity, user-agent=Python-urllib/3.7}, params, {NanoHttpd.QUERY_STRING=null}, files: {postData={"jsonrpc": "2.0", "method": "dumpWindowHierarchy", "id": "3f11de09ca305ae3cf56fa39201349c7", "params": [true, null]}}
11-25 16:00:52.058 17082 17351 I UIAutomatorStub: Skipping invisible child: android.view.accessibility.AccessibilityNodeInfo@161f5; boundsInParent: Rect(0, 0 - 1080, 1582); boundsInScreen: Rect(1080, 63 - 1080, 1645); packageName: org.shadowice.flocke.andotp; className: android.widget.ScrollView; text: null; error: null; maxTextLength: -1; contentDescription: null; tooltipText: null; viewIdResName: null; checkable: false; checked: false; focusable: true; focused: false; selected: false; clickable: false; longClickable: false; contextClickable: false; enabled: true; password: false; scrollable: false; importantForAccessibility: true; visible: false; actions: [AccessibilityAction: ACTION_FOCUS - null, AccessibilityAction: ACTION_SELECT - null, AccessibilityAction: ACTION_CLEAR_SELECTION - null, AccessibilityAction: ACTION_ACCESSIBILITY_FOCUS - null, AccessibilityAction: ACTION_SHOW_ON_SCREEN - null]
11-25 16:00:52.058 17082 17351 I UIAutomatorStub: Skipping invisible child: android.view.accessibility.AccessibilityNodeInfo@134e9; boundsInParent: Rect(0, 0 - 147, 147); boundsInScreen: Rect(42, 1983 - 189, 1794); packageName: org.shadowice.flocke.andotp; className: android.widget.ImageButton; text: null; error: null; maxTextLength: -1; contentDescription: Back; tooltipText: null; viewIdResName: org.shadowice.flocke.andotp:id/mi_button_back; checkable: false; checked: false; focusable: true; focused: false; selected: false; clickable: true; longClickable: true; contextClickable: false; enabled: true; password: false; scrollable: false; importantForAccessibility: true; visible: false; actions: [AccessibilityAction: ACTION_FOCUS - null, AccessibilityAction: ACTION_SELECT - null, AccessibilityAction: ACTION_CLEAR_SELECTION - null, AccessibilityAction: ACTION_CLICK - null, AccessibilityAction: ACTION_LONG_CLICK - null, AccessibilityAction: ACTION_ACCESSIBILITY_FOCUS - null, AccessibilityAction: ACTION_NEXT_AT_MOVEMENT_GRANULARITY - null, AccessibilityAction: ACTION_PREVIOUS_AT_MOVEMENT_GRANULARITY - null, AccessibilityAction: ACTION_SET_SELECTION - null, AccessibilityAction: ACTION_SHOW_ON_SCREEN - null]
11-25 16:00:52.058 17082 17351 I UIAutomatorStub: Skipping invisible child: android.view.accessibility.AccessibilityNodeInfo@14f30; boundsInParent: Rect(0, 0 - 1080, 63); boundsInScreen: Rect(0, 0 - 1080, 63); packageName: org.shadowice.flocke.andotp; className: android.view.View; text: null; error: null; maxTextLength: -1; contentDescription: null; tooltipText: null; viewIdResName: android:id/statusBarBackground; checkable: false; checked: false; focusable: false; focused: false; selected: false; clickable: false; longClickable: false; contextClickable: false; enabled: true; password: false; scrollable: false; importantForAccessibility: false; visible: false; actions: [AccessibilityAction: ACTION_SELECT - null, AccessibilityAction: ACTION_CLEAR_SELECTION - null, AccessibilityAction: ACTION_ACCESSIBILITY_FOCUS - null, AccessibilityAction: ACTION_SHOW_ON_SCREEN - null]
11-25 16:00:52.058 17082 17351 I UIAutomatorStub: Skipping invisible child: android.view.accessibility.AccessibilityNodeInfo@14b6f; boundsInParent: Rect(0, 0 - 1080, 126); boundsInScreen: Rect(0, 1794 - 1080, 1920); packageName: org.shadowice.flocke.andotp; className: android.view.View; text: null; error: null; maxTextLength: -1; contentDescription: null; tooltipText: null; viewIdResName: android:id/navigationBarBackground; checkable: false; checked: false; focusable: false; focused: false; selected: false; clickable: false; longClickable: false; contextClickable: false; enabled: true; password: false; scrollable: false; importantForAccessibility: false; visible: false; actions: [AccessibilityAction: ACTION_SELECT - null, AccessibilityAction: ACTION_CLEAR_SELECTION - null, AccessibilityAction: ACTION_ACCESSIBILITY_FOCUS - null, AccessibilityAction: ACTION_SHOW_ON_SCREEN - null]
11-25 16:00:52.058 17082 17351 I UIAutomatorStub: Fetch time: 1ms
11-25 16:00:52.149  1800  2437 E GnssHAL_GnssInterface: gnssSvStatusCb: a: input svInfo.flags is 8
11-25 16:00:52.149  1800  2437 E GnssHAL_GnssInterface: gnssSvStatusCb: b: input svInfo.flags is 8
11-25 16:00:53.151  1800  2437 E GnssHAL_GnssInterface: gnssSvStatusCb: a: input svInfo.flags is 8
11-25 16:00:53.152  1800  2437 E GnssHAL_GnssInterface: gnssSvStatusCb: b: input svInfo.flags is 8
11-25 16:00:53.297 17357 17357 D AndroidRuntime: >>>>>> START com.android.internal.os.RuntimeInit uid 2000 <<<<<<
11-25 16:00:53.299 17357 17357 E libc    : Access denied finding property "persist.device_config.runtime_native_boot.enable_apex_image"
11-25 16:00:53.299 17357 17357 I AndroidRuntime: Using default boot image
11-25 16:00:53.299 17357 17357 E libc    : Access denied finding property "persist.device_config.runtime_native_boot.disable_lock_profiling"
11-25 16:00:53.299 17357 17357 I AndroidRuntime: Leaving lock profiling enabled
11-25 16:00:53.299 17357 17357 E libc    : Access denied finding property "persist.device_config.runtime_native_boot.enable_generational_cc"
11-25 16:00:53.291 17357 17357 W app_process: type=1400 audit(0.0:4158): avc: denied { read } for name="u:object_r:device_config_runtime_native_boot_prop:s0" dev="tmpfs" ino=874 scontext=u:r:shell:s0 tcontext=u:object_r:device_config_runtime_native_boot_prop:s0 tclass=file permissive=0
11-25 16:00:53.291 17357 17357 W app_process: type=1400 audit(0.0:4159): avc: denied { read } for name="u:object_r:device_config_runtime_native_boot_prop:s0" dev="tmpfs" ino=874 scontext=u:r:shell:s0 tcontext=u:object_r:device_config_runtime_native_boot_prop:s0 tclass=file permissive=0
11-25 16:00:53.655  2718  3676 E ActivityThread: Failed to find provider info for com.google.android.apps.wellbeing.api
11-25 16:00:53.291 17357 17357 W app_process: type=1400 audit(0.0:4160): avc: denied { read } for name="u:object_r:device_config_runtime_native_boot_prop:s0" dev="tmpfs" ino=874 scontext=u:r:shell:s0 tcontext=u:object_r:device_config_runtime_native_boot_prop:s0 tclass=file permissive=0
11-25 16:00:53.682 17357 17357 D ICU     : Time zone APEX file found: /apex/com.android.tzdata/etc/icu/icu_tzdata.dat
11-25 16:00:53.686 17357 17357 W app_process: Unexpected CPU variant for X86 using defaults: x86
11-25 16:00:53.687 17357 17357 I app_process: The ClassLoaderContext is a special shared library.
11-25 16:00:53.702 17357 17357 W app_process: JNI RegisterNativeMethods: attempt to register 0 native methods for android.media.AudioAttributes
11-25 16:00:53.705 17357 17357 D AndroidRuntime: Calling main entry com.android.commands.monkey.Monkey
11-25 16:00:53.707 17357 17357 W Monkey  : args: [-p, org.shadowice.flocke.andotp, -c, android.intent.category.LAUNCHER, 1]
11-25 16:00:53.707 17357 17357 W Monkey  :  arg: "-p"
11-25 16:00:53.707 17357 17357 W Monkey  :  arg: "org.shadowice.flocke.andotp"
11-25 16:00:53.707 17357 17357 W Monkey  :  arg: "-c"
11-25 16:00:53.708 17357 17357 W Monkey  :  arg: "android.intent.category.LAUNCHER"
11-25 16:00:53.708 17357 17357 W Monkey  :  arg: "1"
11-25 16:00:53.708 17357 17357 W Monkey  : data="org.shadowice.flocke.andotp"
11-25 16:00:53.708 17357 17357 W Monkey  : data="android.intent.category.LAUNCHER"
11-25 16:00:53.720  2044  2071 W BroadcastQueue: Skipping deliver [background] BroadcastRecord{b7ac69a u-1 android.net.conn.CONNECTIVITY_CHANGE} to ReceiverList{e5abcb 17357 (unknown name)/2000/u-1 remote:dd393bc}: process gone or crashing
11-25 16:00:53.737  2044  2340 I ActivityTaskManager: START u0 {act=android.intent.action.MAIN cat=[android.intent.category.LAUNCHER] flg=0x10200000 cmp=org.shadowice.flocke.andotp/.Activities.MainActivity} from uid 2000
11-25 16:00:53.737  2044  2340 W Binder  : Outgoing transactions from this process must be FLAG_ONEWAY
11-25 16:00:53.737  2044  2340 W Binder  : java.lang.Throwable
11-25 16:00:53.737  2044  2340 W Binder  : 	at android.os.BinderProxy.transact(BinderProxy.java:480)
11-25 16:00:53.737  2044  2340 W Binder  : 	at android.app.IActivityController$Stub$Proxy.activityStarting(IActivityController.java:273)
11-25 16:00:53.737  2044  2340 W Binder  : 	at com.android.server.wm.ActivityStarter.startActivity(ActivityStarter.java:794)
11-25 16:00:53.737  2044  2340 W Binder  : 	at com.android.server.wm.ActivityStarter.startActivity(ActivityStarter.java:583)
11-25 16:00:53.737  2044  2340 W Binder  : 	at com.android.server.wm.ActivityStarter.startActivityMayWait(ActivityStarter.java:1288)
11-25 16:00:53.737  2044  2340 W Binder  : 	at com.android.server.wm.ActivityStarter.execute(ActivityStarter.java:514)
11-25 16:00:53.737  2044  2340 W Binder  : 	at com.android.server.wm.ActivityTaskManagerService.startActivityAsUser(ActivityTaskManagerService.java:1058)
11-25 16:00:53.737  2044  2340 W Binder  : 	at com.android.server.wm.ActivityTaskManagerService.startActivityAsUser(ActivityTaskManagerService.java:1032)
11-25 16:00:53.737  2044  2340 W Binder  : 	at com.android.server.am.ActivityManagerService.startActivityAsUser(ActivityManagerService.java:3504)
11-25 16:00:53.737  2044  2340 W Binder  : 	at android.app.IActivityManager$Stub.onTransact(IActivityManager.java:3537)
11-25 16:00:53.737  2044  2340 W Binder  : 	at com.android.server.am.ActivityManagerService.onTransact(ActivityManagerService.java:2741)
11-25 16:00:53.737  2044  2340 W Binder  : 	at android.os.Binder.execTransactInternal(Binder.java:1021)
11-25 16:00:53.737  2044  2340 W Binder  : 	at android.os.Binder.execTransact(Binder.java:994)
11-25 16:00:53.741 17357 17357 I Monkey  : Events injected: 1
11-25 16:00:53.743  2044  2044 V SettingsProvider: Notifying for 0: content://settings/system/accelerometer_rotation
11-25 16:00:53.743  2044  2044 V SettingsProvider: Notifying for 0: content://settings/system/user_rotation
11-25 16:00:53.745  2044  2044 V SettingsProvider: Notifying for 0: content://settings/system/accelerometer_rotation
11-25 16:00:53.748 17357 17357 I Monkey  : ## Network stats: elapsed time=11ms (0ms mobile, 0ms wifi, 11ms not connected)
11-25 16:00:53.748  2044  2065 W InputReader: Device has associated, but no associated display id.
11-25 16:00:53.748  2044  2065 I chatty  : uid=1000(system) android.display identical 8 lines
11-25 16:00:53.748  2044  2065 W InputReader: Device has associated, but no associated display id.
11-25 16:00:53.749 17357 17357 I app_process: System.exit called, status: 0
11-25 16:00:53.749 17357 17357 I AndroidRuntime: VM exiting with result code 0.
11-25 16:00:54.152  1800  2437 E GnssHAL_GnssInterface: gnssSvStatusCb: a: input svInfo.flags is 8
11-25 16:00:54.152  1800  2437 E GnssHAL_GnssInterface: gnssSvStatusCb: b: input svInfo.flags is 8
11-25 16:00:54.839 16998 17133 W GoogleApiManager: ajsa could not execute call because it requires feature (get_storage_info_api, 1).
11-25 16:00:55.152  1800  2437 E GnssHAL_GnssInterface: gnssSvStatusCb: a: input svInfo.flags is 8
11-25 16:00:55.152  1800  2437 E GnssHAL_GnssInterface: gnssSvStatusCb: b: input svInfo.flags is 8
11-25 16:00:55.215  1779 17275 W DnsTlsSocket: SSL_connect error 5, errno=111
11-25 16:00:55.281  1779 17374 W DnsTlsSocket: SSL_connect error 5, errno=111
11-25 16:00:55.607  2044  3452 I ActivityManager: Killing 16462:com.google.android.apps.wallpaper/u0a96 (adj 985): empty #17
11-25 16:00:55.609  2044  2070 E memtrack: Couldn't load memtrack module
11-25 16:00:55.609  2044  2070 W android.os.Debug: failed to get memory consumption info: -1
11-25 16:00:55.611  2044  2070 E memtrack: Couldn't load memtrack module
11-25 16:00:55.611  2044  2070 W android.os.Debug: failed to get memory consumption info: -1
11-25 16:00:55.612  2044  2070 E memtrack: Couldn't load memtrack module
11-25 16:00:55.612  2044  2070 W android.os.Debug: failed to get memory consumption info: -1
11-25 16:00:55.678  1780  1780 I Zygote  : Process 16462 exited due to signal 9 (Killed)
11-25 16:00:55.696  2044  2073 I libprocessgroup: Successfully killed process cgroup uid 10096 pid 16462 in 85ms
11-25 16:00:55.896  1780  1780 D Zygote  : Forked child process 17377
11-25 16:00:55.904 17377 17377 W oid.apps.photo: Unexpected CPU variant for X86 using defaults: x86
11-25 16:00:55.910  2044  2072 I ActivityManager: Start proc 17377:com.google.android.apps.photos/u0a117 for service {com.google.android.apps.photos/com.google.android.libraries.social.mediamonitor.MediaMonitorJobSchedulerService}
11-25 16:00:55.918 17377 17377 E oid.apps.photo: Not starting debugger since process cannot load the jdwp agent.
11-25 16:00:55.994 17377 17377 I oid.apps.photo: The ClassLoaderContext is a special shared library.
11-25 16:00:56.152  1800  2437 E GnssHAL_GnssInterface: gnssSvStatusCb: a: input svInfo.flags is 8
11-25 16:00:56.152  1800  2437 E GnssHAL_GnssInterface: gnssSvStatusCb: b: input svInfo.flags is 8
11-25 16:00:56.330 17165 17165 I Finsky:background: [2] sce.onDestroy(9): IPC-SERVER: Stopping gRPC host service...
11-25 16:00:56.457  2044  4030 I ActivityManager: Killing 16497:com.google.android.apps.maps/u0a114 (adj 985): empty #17
11-25 16:00:56.519  1780  1780 I Zygote  : Process 16497 exited due to signal 9 (Killed)
11-25 16:00:56.557  2044  2073 I libprocessgroup: Successfully killed process cgroup uid 10114 pid 16497 in 96ms
11-25 16:00:56.800  1779 17328 W DnsTlsSocket: SSL_connect error 5, errno=111
11-25 16:00:56.905 10653 17039 W Conscrypt: Could not set socket write timeout: java.net.SocketException: Socket closed
11-25 16:00:56.908 10653 17039 W Conscrypt: 	at com.google.android.gms.org.conscrypt.Platform.setSocketWriteTimeout(:com.google.android.gms@230914031@23.09.14 (100700-515650844):2)
11-25 16:00:56.908 10653 17039 W Conscrypt: 	at com.google.android.gms.org.conscrypt.ConscryptFileDescriptorSocket.setSoWriteTimeout(:com.google.android.gms@230914031@23.09.14 (100700-515650844):0)
11-25 16:00:57.152  1800  2437 E GnssHAL_GnssInterface: gnssSvStatusCb: a: input svInfo.flags is 8
11-25 16:00:57.152  1800  2437 E GnssHAL_GnssInterface: gnssSvStatusCb: b: input svInfo.flags is 8
11-25 16:00:57.410 10653 17039 W Conscrypt: Could not set socket write timeout: java.net.SocketException: Socket closed
11-25 16:00:57.410 10653 17039 W Conscrypt: 	at com.google.android.gms.org.conscrypt.Platform.setSocketWriteTimeout(:com.google.android.gms@230914031@23.09.14 (100700-515650844):2)
11-25 16:00:57.410 10653 17039 W Conscrypt: 	at com.google.android.gms.org.conscrypt.ConscryptFileDescriptorSocket.setSoWriteTimeout(:com.google.android.gms@230914031@23.09.14 (100700-515650844):0)
11-25 16:00:57.607 10653 10653 D BoundBrokerSvc: onBind: Intent { act=com.google.android.gms.scheduler.ACTION_PROXY_SCHEDULE dat=chimera-action: cmp=com.google.android.gms/.chimera.PersistentApiService }
11-25 16:00:57.607 10653 10653 D BoundBrokerSvc: Loading bound service for intent: Intent { act=com.google.android.gms.scheduler.ACTION_PROXY_SCHEDULE dat=chimera-action: cmp=com.google.android.gms/.chimera.PersistentApiService }
11-25 16:00:58.152  1800  2437 E GnssHAL_GnssInterface: gnssSvStatusCb: a: input svInfo.flags is 8
11-25 16:00:58.152  1800  2437 E GnssHAL_GnssInterface: gnssSvStatusCb: b: input svInfo.flags is 8
11-25 16:00:59.158  1800  2437 E GnssHAL_GnssInterface: gnssSvStatusCb: a: input svInfo.flags is 8
11-25 16:00:59.158  1800  2437 E GnssHAL_GnssInterface: gnssSvStatusCb: b: input svInfo.flags is 8
11-25 16:01:00.037  2213  2441 D EGL_emulation: eglMakeCurrent: 0xe0e1a4e0: ver 3 0 (tinfo 0xe0e0fa50)
11-25 16:01:00.158  1800  2437 E GnssHAL_GnssInterface: gnssSvStatusCb: a: input svInfo.flags is 8
11-25 16:01:00.158  1800  2437 E GnssHAL_GnssInterface: gnssSvStatusCb: b: input svInfo.flags is 8
11-25 16:01:00.300  1779 17374 W DnsTlsSocket: SSL_connect error 5, errno=111
11-25 16:01:00.370  1779 17374 W DnsTlsSocket: SSL_connect error 5, errno=111
11-25 16:01:01.010 17377 17397 I oid.apps.photo: Waiting for a blocking GC ProfileSaver
11-25 16:01:01.159  1800  2437 E GnssHAL_GnssInterface: gnssSvStatusCb: a: input svInfo.flags is 8
11-25 16:01:01.159  1800  2437 E GnssHAL_GnssInterface: gnssSvStatusCb: b: input svInfo.flags is 8
11-25 16:01:02.164  1800  2437 E GnssHAL_GnssInterface: gnssSvStatusCb: a: input svInfo.flags is 8
11-25 16:01:02.164  1800  2437 E GnssHAL_GnssInterface: gnssSvStatusCb: b: input svInfo.flags is 8
11-25 16:01:03.165  1800  2437 E GnssHAL_GnssInterface: gnssSvStatusCb: a: input svInfo.flags is 8
11-25 16:01:03.165  1800  2437 E GnssHAL_GnssInterface: gnssSvStatusCb: b: input svInfo.flags is 8
11-25 16:01:04.166  1800  2437 E GnssHAL_GnssInterface: gnssSvStatusCb: a: input svInfo.flags is 8
11-25 16:01:04.167  1800  2437 E GnssHAL_GnssInterface: gnssSvStatusCb: b: input svInfo.flags is 8
11-25 16:01:05.171  1800  2437 E GnssHAL_GnssInterface: gnssSvStatusCb: a: input svInfo.flags is 8
11-25 16:01:05.171  1800  2437 E GnssHAL_GnssInterface: gnssSvStatusCb: b: input svInfo.flags is 8
11-25 16:01:05.189  2044  2765 W ActivityManager: Background start not allowed: service Intent { cmp=com.google.android.apps.messaging/.shared.datamodel.action.execution.ActionExecutorImpl$EmptyService } to com.google.android.apps.messaging/.shared.datamodel.action.execution.ActionExecutorImpl$EmptyService from pid=16400 uid=10121 pkg=com.google.android.apps.messaging startFg?=false
11-25 16:01:05.203 16400 16400 W BugleDataModel: ActionExecutorImpl: Action started execution, but we can't guarantee it will complete, the app may be killed. Action: class com.google.android.apps.messaging.shared.datamodel.action.SelfParticipantsRefreshAction-SelfParticipantsRefreshAction:36607654007
11-25 16:01:05.203 16400 16400 W BugleDataModel: java.lang.IllegalStateException: Not allowed to start service Intent { cmp=com.google.android.apps.messaging/.shared.datamodel.action.execution.ActionExecutorImpl$EmptyService }: app is in background uid UidRecord{a657911 u0a121 CEM  idle change:cached procs:1 seq(0,0,0)}
11-25 16:01:05.203 16400 16400 W BugleDataModel: 	at android.app.ContextImpl.startServiceCommon(ContextImpl.java:1616)
11-25 16:01:05.203 16400 16400 W BugleDataModel: 	at android.app.ContextImpl.startService(ContextImpl.java:1571)
11-25 16:01:05.203 16400 16400 W BugleDataModel: 	at android.content.ContextWrapper.startService(ContextWrapper.java:669)
11-25 16:01:05.203 16400 16400 W BugleDataModel: 	at com.google.android.apps.messaging.shared.datamodel.action.execution.ActionExecutorImpl.e(SourceFile:107)
11-25 16:01:05.203 16400 16400 W BugleDataModel: 	at com.google.android.apps.messaging.shared.datamodel.action.execution.ActionExecutorImpl.a(SourceFile:19)
11-25 16:01:05.203 16400 16400 W BugleDataModel: 	at com.google.android.apps.messaging.shared.datamodel.action.execution.ActionExecutorImpl.a(SourceFile:16)
11-25 16:01:05.203 16400 16400 W BugleDataModel: 	at dya.c(SourceFile:12)
11-25 16:01:05.203 16400 16400 W BugleDataModel: 	at dyb.run(Unknown Source:2)
11-25 16:01:05.203 16400 16400 W BugleDataModel: 	at android.os.Handler.handleCallback(Handler.java:883)
11-25 16:01:05.203 16400 16400 W BugleDataModel: 	at android.os.Handler.dispatchMessage(Handler.java:100)
11-25 16:01:05.203 16400 16400 W BugleDataModel: 	at android.os.Looper.loop(Looper.java:214)
11-25 16:01:05.203 16400 16400 W BugleDataModel: 	at android.app.ActivityThread.main(ActivityThread.java:7356)
11-25 16:01:05.203 16400 16400 W BugleDataModel: 	at java.lang.reflect.Method.invoke(Native Method)
11-25 16:01:05.203 16400 16400 W BugleDataModel: 	at com.android.internal.os.RuntimeInit$MethodAndArgsCaller.run(RuntimeInit.java:492)
11-25 16:01:05.203 16400 16400 W BugleDataModel: 	at com.android.internal.os.ZygoteInit.main(ZygoteInit.java:930)
11-25 16:01:05.249 16400 16483 I BugleDataModel: ParticipantRefresh: Start participant refresh. refreshMode: 1
11-25 16:01:05.330 16400 16483 I BugleBackup: Registering preference change listener for "buglesub_1".
11-25 16:01:05.380  1779 17374 W DnsTlsSocket: SSL_connect error 5, errno=111
11-25 16:01:05.442  1779 17426 W DnsTlsSocket: SSL_connect error 5, errno=111
11-25 16:01:05.509 16400 16483 I BugleDataModel: ParticipantRefresh: Number of participants refreshed: 0
11-25 16:01:06.174  1800  2437 E GnssHAL_GnssInterface: gnssSvStatusCb: a: input svInfo.flags is 8
11-25 16:01:06.174  1800  2437 E GnssHAL_GnssInterface: gnssSvStatusCb: b: input svInfo.flags is 8
11-25 16:01:06.514  2044  2070 E memtrack: Couldn't load memtrack module
11-25 16:01:06.514  2044  2070 W android.os.Debug: failed to get memory consumption info: -1
11-25 16:01:06.519  2044  2070 E memtrack: Couldn't load memtrack module
11-25 16:01:06.519  2044  2070 W android.os.Debug: failed to get memory consumption info: -1
11-25 16:01:07.179  1800  2437 E GnssHAL_GnssInterface: gnssSvStatusCb: a: input svInfo.flags is 8
11-25 16:01:07.179  1800  2437 E GnssHAL_GnssInterface: gnssSvStatusCb: b: input svInfo.flags is 8
11-25 16:01:08.184  1800  2437 E GnssHAL_GnssInterface: gnssSvStatusCb: a: input svInfo.flags is 8
11-25 16:01:08.184  1800  2437 E GnssHAL_GnssInterface: gnssSvStatusCb: b: input svInfo.flags is 8
11-25 16:01:09.157 17082 17433 D UIAutomatorStub: URI: /jsonrpc/0, Method: POST, Header: {content-length=117, remote-addr=127.0.0.1, http-client-ip=127.0.0.1, host=localhost:9008, content-type=application/json, connection=close, accept-encoding=identity, user-agent=Python-urllib/3.7}, params, {NanoHttpd.QUERY_STRING=null}, files: {postData={"jsonrpc": "2.0", "method": "dumpWindowHierarchy", "id": "ca0039e9576302fd4d52fabc76a3c8e1", "params": [true, null]}}
11-25 16:01:09.172 17082 17433 I UIAutomatorStub: Skipping invisible child: android.view.accessibility.AccessibilityNodeInfo@161f5; boundsInParent: Rect(0, 0 - 1080, 1582); boundsInScreen: Rect(1080, 63 - 1080, 1645); packageName: org.shadowice.flocke.andotp; className: android.widget.ScrollView; text: null; error: null; maxTextLength: -1; contentDescription: null; tooltipText: null; viewIdResName: null; checkable: false; checked: false; focusable: true; focused: false; selected: false; clickable: false; longClickable: false; contextClickable: false; enabled: true; password: false; scrollable: false; importantForAccessibility: true; visible: false; actions: [AccessibilityAction: ACTION_FOCUS - null, AccessibilityAction: ACTION_SELECT - null, AccessibilityAction: ACTION_CLEAR_SELECTION - null, AccessibilityAction: ACTION_ACCESSIBILITY_FOCUS - null, AccessibilityAction: ACTION_SHOW_ON_SCREEN - null]
11-25 16:01:09.172 17082 17433 I UIAutomatorStub: Skipping invisible child: android.view.accessibility.AccessibilityNodeInfo@134e9; boundsInParent: Rect(0, 0 - 147, 147); boundsInScreen: Rect(42, 1983 - 189, 1794); packageName: org.shadowice.flocke.andotp; className: android.widget.ImageButton; text: null; error: null; maxTextLength: -1; contentDescription: Back; tooltipText: null; viewIdResName: org.shadowice.flocke.andotp:id/mi_button_back; checkable: false; checked: false; focusable: true; focused: false; selected: false; clickable: true; longClickable: true; contextClickable: false; enabled: true; password: false; scrollable: false; importantForAccessibility: true; visible: false; actions: [AccessibilityAction: ACTION_FOCUS - null, AccessibilityAction: ACTION_SELECT - null, AccessibilityAction: ACTION_CLEAR_SELECTION - null, AccessibilityAction: ACTION_CLICK - null, AccessibilityAction: ACTION_LONG_CLICK - null, AccessibilityAction: ACTION_ACCESSIBILITY_FOCUS - null, AccessibilityAction: ACTION_NEXT_AT_MOVEMENT_GRANULARITY - null, AccessibilityAction: ACTION_PREVIOUS_AT_MOVEMENT_GRANULARITY - null, AccessibilityAction: ACTION_SET_SELECTION - null, AccessibilityAction: ACTION_SHOW_ON_SCREEN - null]
11-25 16:01:09.173 17082 17433 I UIAutomatorStub: Skipping invisible child: android.view.accessibility.AccessibilityNodeInfo@14f30; boundsInParent: Rect(0, 0 - 1080, 63); boundsInScreen: Rect(0, 0 - 1080, 63); packageName: org.shadowice.flocke.andotp; className: android.view.View; text: null; error: null; maxTextLength: -1; contentDescription: null; tooltipText: null; viewIdResName: android:id/statusBarBackground; checkable: false; checked: false; focusable: false; focused: false; selected: false; clickable: false; longClickable: false; contextClickable: false; enabled: true; password: false; scrollable: false; importantForAccessibility: false; visible: false; actions: [AccessibilityAction: ACTION_SELECT - null, AccessibilityAction: ACTION_CLEAR_SELECTION - null, AccessibilityAction: ACTION_ACCESSIBILITY_FOCUS - null, AccessibilityAction: ACTION_SHOW_ON_SCREEN - null]
11-25 16:01:09.173 17082 17433 I UIAutomatorStub: Skipping invisible child: android.view.accessibility.AccessibilityNodeInfo@14b6f; boundsInParent: Rect(0, 0 - 1080, 126); boundsInScreen: Rect(0, 1794 - 1080, 1920); packageName: org.shadowice.flocke.andotp; className: android.view.View; text: null; error: null; maxTextLength: -1; contentDescription: null; tooltipText: null; viewIdResName: android:id/navigationBarBackground; checkable: false; checked: false; focusable: false; focused: false; selected: false; clickable: false; longClickable: false; contextClickable: false; enabled: true; password: false; scrollable: false; importantForAccessibility: false; visible: false; actions: [AccessibilityAction: ACTION_SELECT - null, AccessibilityAction: ACTION_CLEAR_SELECTION - null, AccessibilityAction: ACTION_ACCESSIBILITY_FOCUS - null, AccessibilityAction: ACTION_SHOW_ON_SCREEN - null]
11-25 16:01:09.173 17082 17433 I UIAutomatorStub: Fetch time: 4ms
11-25 16:01:09.187  1800  2437 E GnssHAL_GnssInterface: gnssSvStatusCb: a: input svInfo.flags is 8
11-25 16:01:09.187  1800  2437 E GnssHAL_GnssInterface: gnssSvStatusCb: b: input svInfo.flags is 8
11-25 16:01:09.929 10653 10653 D BoundBrokerSvc: onUnbind: Intent { act=com.google.android.gms.phenotype.service.START pkg=com.google.android.gms }
11-25 16:01:09.930  2044  2070 E memtrack: Couldn't load memtrack module
11-25 16:01:09.930  2044  2070 W android.os.Debug: failed to get memory consumption info: -1
11-25 16:01:10.192  1800  2437 E GnssHAL_GnssInterface: gnssSvStatusCb: a: input svInfo.flags is 8
11-25 16:01:10.192  1800  2437 E GnssHAL_GnssInterface: gnssSvStatusCb: b: input svInfo.flags is 8
11-25 16:01:10.339 17434 17434 D AndroidRuntime: >>>>>> START com.android.internal.os.RuntimeInit uid 2000 <<<<<<
11-25 16:01:10.342 17434 17434 E libc    : Access denied finding property "persist.device_config.runtime_native_boot.enable_apex_image"
11-25 16:01:10.342 17434 17434 I AndroidRuntime: Using default boot image
11-25 16:01:10.342 17434 17434 E libc    : Access denied finding property "persist.device_config.runtime_native_boot.disable_lock_profiling"
11-25 16:01:10.342 17434 17434 I AndroidRuntime: Leaving lock profiling enabled
11-25 16:01:10.342 17434 17434 E libc    : Access denied finding property "persist.device_config.runtime_native_boot.enable_generational_cc"
11-25 16:01:10.331 17434 17434 W app_process: type=1400 audit(0.0:4161): avc: denied { read } for name="u:object_r:device_config_runtime_native_boot_prop:s0" dev="tmpfs" ino=874 scontext=u:r:shell:s0 tcontext=u:object_r:device_config_runtime_native_boot_prop:s0 tclass=file permissive=0
11-25 16:01:10.451  1779 17426 W DnsTlsSocket: SSL_connect error 5, errno=111
11-25 16:01:10.526  1779 17426 W DnsTlsSocket: SSL_connect error 5, errno=111
11-25 16:01:10.585 17434 17434 D ICU     : Time zone APEX file found: /apex/com.android.tzdata/etc/icu/icu_tzdata.dat
11-25 16:01:10.591 17434 17434 W app_process: Unexpected CPU variant for X86 using defaults: x86
11-25 16:01:10.597 17434 17434 I app_process: The ClassLoaderContext is a special shared library.
11-25 16:01:10.618 17434 17434 W app_process: JNI RegisterNativeMethods: attempt to register 0 native methods for android.media.AudioAttributes
11-25 16:01:10.623 17434 17434 D AndroidRuntime: Calling main entry com.android.commands.input.Input
11-25 16:01:10.654 17434 17434 D AndroidRuntime: Shutting down VM
11-25 16:01:10.720  1787  7550 W audio_hw_generic: Not supplying enough data to HAL, expected position 44347878 , only wrote 44347812
11-25 16:01:10.802  1787  7550 W audio_hw_generic: Not supplying enough data to HAL, expected position 44351414 , only wrote 44350456
11-25 16:01:10.845  1825  1971 D AudioFlinger: mixer(0xee19fb40) throttle end: throttle time(10)
11-25 16:01:11.197  1800  2437 E GnssHAL_GnssInterface: gnssSvStatusCb: a: input svInfo.flags is 8
11-25 16:01:11.197  1800  2437 E GnssHAL_GnssInterface: gnssSvStatusCb: b: input svInfo.flags is 8
11-25 16:01:12.200  1800  2437 E GnssHAL_GnssInterface: gnssSvStatusCb: a: input svInfo.flags is 8
11-25 16:01:12.200  1800  2437 E GnssHAL_GnssInterface: gnssSvStatusCb: b: input svInfo.flags is 8
11-25 16:01:12.626 10653 10653 D BoundBrokerSvc: onUnbind: Intent { act=com.google.android.gms.scheduler.ACTION_PROXY_SCHEDULE dat=chimera-action: cmp=com.google.android.gms/.chimera.PersistentApiService }
11-25 16:01:13.203  1800  2437 E GnssHAL_GnssInterface: gnssSvStatusCb: a: input svInfo.flags is 8
11-25 16:01:13.203  1800  2437 E GnssHAL_GnssInterface: gnssSvStatusCb: b: input svInfo.flags is 8
11-25 16:01:13.907  1787  1978 W audio_hw_generic: Not supplying enough data to HAL, expected position 44622456 , only wrote 44487283
11-25 16:01:14.209  1800  2437 E GnssHAL_GnssInterface: gnssSvStatusCb: a: input svInfo.flags is 8
11-25 16:01:14.209  1800  2437 E GnssHAL_GnssInterface: gnssSvStatusCb: b: input svInfo.flags is 8
11-25 16:01:14.706 17469 17469 D AndroidRuntime: >>>>>> START com.android.internal.os.RuntimeInit uid 2000 <<<<<<
11-25 16:01:14.701 17469 17469 W app_process: type=1400 audit(0.0:4164): avc: denied { read } for name="u:object_r:device_config_runtime_native_boot_prop:s0" dev="tmpfs" ino=874 scontext=u:r:shell:s0 tcontext=u:object_r:device_config_runtime_native_boot_prop:s0 tclass=file permissive=0
11-25 16:01:14.709 17469 17469 E libc    : Access denied finding property "persist.device_config.runtime_native_boot.enable_apex_image"
11-25 16:01:14.709 17469 17469 I AndroidRuntime: Using default boot image
11-25 16:01:14.701 17469 17469 W app_process: type=1400 audit(0.0:4165): avc: denied { read } for name="u:object_r:device_config_runtime_native_boot_prop:s0" dev="tmpfs" ino=874 scontext=u:r:shell:s0 tcontext=u:object_r:device_config_runtime_native_boot_prop:s0 tclass=file permissive=0
11-25 16:01:14.709 17469 17469 E libc    : Access denied finding property "persist.device_config.runtime_native_boot.disable_lock_profiling"
11-25 16:01:14.709 17469 17469 I AndroidRuntime: Leaving lock profiling enabled
11-25 16:01:14.701 17469 17469 W app_process: type=1400 audit(0.0:4166): avc: denied { read } for name="u:object_r:device_config_runtime_native_boot_prop:s0" dev="tmpfs" ino=874 scontext=u:r:shell:s0 tcontext=u:object_r:device_config_runtime_native_boot_prop:s0 tclass=file permissive=0
11-25 16:01:14.710 17469 17469 E libc    : Access denied finding property "persist.device_config.runtime_native_boot.enable_generational_cc"
11-25 16:01:14.773 17469 17469 D ICU     : Time zone APEX file found: /apex/com.android.tzdata/etc/icu/icu_tzdata.dat
11-25 16:01:14.776 17469 17469 W app_process: Unexpected CPU variant for X86 using defaults: x86
11-25 16:01:14.782 17469 17469 I app_process: The ClassLoaderContext is a special shared library.
11-25 16:01:14.797 17469 17469 W app_process: JNI RegisterNativeMethods: attempt to register 0 native methods for android.media.AudioAttributes
11-25 16:01:14.800 17469 17469 D AndroidRuntime: Calling main entry com.android.commands.monkey.Monkey
11-25 16:01:14.802 17469 17469 W Monkey  : args: [-p, org.shadowice.flocke.andotp, -c, android.intent.category.LAUNCHER, 1]
11-25 16:01:14.803 17469 17469 W Monkey  :  arg: "-p"
11-25 16:01:14.803 17469 17469 W Monkey  :  arg: "org.shadowice.flocke.andotp"
11-25 16:01:14.803 17469 17469 W Monkey  :  arg: "-c"
11-25 16:01:14.803 17469 17469 W Monkey  :  arg: "android.intent.category.LAUNCHER"
11-25 16:01:14.803 17469 17469 W Monkey  :  arg: "1"
11-25 16:01:14.804 17469 17469 W Monkey  : data="org.shadowice.flocke.andotp"
11-25 16:01:14.804 17469 17469 W Monkey  : data="android.intent.category.LAUNCHER"
11-25 16:01:14.818  2044  2071 W BroadcastQueue: Skipping deliver [background] BroadcastRecord{750110a u-1 android.net.conn.CONNECTIVITY_CHANGE} to ReceiverList{a047d7b 17469 (unknown name)/2000/u-1 remote:132dcac}: process gone or crashing
11-25 16:01:14.848  2044  3016 I ActivityTaskManager: START u0 {act=android.intent.action.MAIN cat=[android.intent.category.LAUNCHER] flg=0x10200000 cmp=org.shadowice.flocke.andotp/.Activities.MainActivity} from uid 2000
11-25 16:01:14.850  2044  3016 W Binder  : Outgoing transactions from this process must be FLAG_ONEWAY
11-25 16:01:14.850  2044  3016 W Binder  : java.lang.Throwable
11-25 16:01:14.850  2044  3016 W Binder  : 	at android.os.BinderProxy.transact(BinderProxy.java:480)
11-25 16:01:14.850  2044  3016 W Binder  : 	at android.app.IActivityController$Stub$Proxy.activityStarting(IActivityController.java:273)
11-25 16:01:14.850  2044  3016 W Binder  : 	at com.android.server.wm.ActivityStarter.startActivity(ActivityStarter.java:794)
11-25 16:01:14.850  2044  3016 W Binder  : 	at com.android.server.wm.ActivityStarter.startActivity(ActivityStarter.java:583)
11-25 16:01:14.850  2044  3016 W Binder  : 	at com.android.server.wm.ActivityStarter.startActivityMayWait(ActivityStarter.java:1288)
11-25 16:01:14.850  2044  3016 W Binder  : 	at com.android.server.wm.ActivityStarter.execute(ActivityStarter.java:514)
11-25 16:01:14.850  2044  3016 W Binder  : 	at com.android.server.wm.ActivityTaskManagerService.startActivityAsUser(ActivityTaskManagerService.java:1058)
11-25 16:01:14.850  2044  3016 W Binder  : 	at com.android.server.wm.ActivityTaskManagerService.startActivityAsUser(ActivityTaskManagerService.java:1032)
11-25 16:01:14.850  2044  3016 W Binder  : 	at com.android.server.am.ActivityManagerService.startActivityAsUser(ActivityManagerService.java:3504)
11-25 16:01:14.850  2044  3016 W Binder  : 	at android.app.IActivityManager$Stub.onTransact(IActivityManager.java:3537)
11-25 16:01:14.850  2044  3016 W Binder  : 	at com.android.server.am.ActivityManagerService.onTransact(ActivityManagerService.java:2741)
11-25 16:01:14.850  2044  3016 W Binder  : 	at android.os.Binder.execTransactInternal(Binder.java:1021)
11-25 16:01:14.850  2044  3016 W Binder  : 	at android.os.Binder.execTransact(Binder.java:994)
11-25 16:01:14.881 17469 17469 I Monkey  : Events injected: 1
11-25 16:01:14.884  2044  2044 V SettingsProvider: Notifying for 0: content://settings/system/accelerometer_rotation
11-25 16:01:14.888  2044  2065 W InputReader: Device has associated, but no associated display id.
11-25 16:01:14.897  2044  2065 I chatty  : uid=1000(system) android.display identical 18 lines
11-25 16:01:14.897  2044  2065 W InputReader: Device has associated, but no associated display id.
11-25 16:01:14.898 17469 17469 I Monkey  : ## Network stats: elapsed time=53ms (0ms mobile, 0ms wifi, 53ms not connected)
11-25 16:01:14.899 17469 17469 I app_process: System.exit called, status: 0
11-25 16:01:14.899 17469 17469 I AndroidRuntime: VM exiting with result code 0.
11-25 16:01:15.208  1800  2437 E GnssHAL_GnssInterface: gnssSvStatusCb: a: input svInfo.flags is 8
11-25 16:01:15.208  1800  2437 E GnssHAL_GnssInterface: gnssSvStatusCb: b: input svInfo.flags is 8
11-25 16:01:15.544  1779 17426 W DnsTlsSocket: SSL_connect error 5, errno=111
11-25 16:01:16.212  1800  2437 E GnssHAL_GnssInterface: gnssSvStatusCb: a: input svInfo.flags is 8
11-25 16:01:16.213  1800  2437 E GnssHAL_GnssInterface: gnssSvStatusCb: b: input svInfo.flags is 8
11-25 16:01:14.894  2044  2044 V SettingsProvider: Notifying for 0: content://settings/system/accelerometer_rotation
11-25 16:01:16.390  2044  2765 W AppOps  : Noting op not finished: uid 10098 pkg com.google.android.gms code 79 time=1700946049969 duration=-1
11-25 16:01:16.391  2044  2765 W AppOps  : Noting op not finished: uid 10098 pkg com.google.android.gms code 79 time=1700946076390 duration=0
11-25 16:01:16.391  2044  2765 W AppOps  : Noting op not finished: uid 10098 pkg com.google.android.gms code 79 time=1700946076391 duration=0
11-25 16:01:16.392  2044  2765 W AppOps  : Noting op not finished: uid 10098 pkg com.google.android.gms code 79 time=1700946076391 duration=0
11-25 16:01:16.392  2044  2765 W AppOps  : Noting op not finished: uid 10098 pkg com.google.android.gms code 79 time=1700946076392 duration=0
11-25 16:01:17.212  1800  2437 E GnssHAL_GnssInterface: gnssSvStatusCb: a: input svInfo.flags is 8
11-25 16:01:17.212  1800  2437 E GnssHAL_GnssInterface: gnssSvStatusCb: b: input svInfo.flags is 8
11-25 16:01:18.214  1800  2437 E GnssHAL_GnssInterface: gnssSvStatusCb: a: input svInfo.flags is 8
11-25 16:01:18.214  1800  2437 E GnssHAL_GnssInterface: gnssSvStatusCb: b: input svInfo.flags is 8
11-25 16:01:19.218  1800  2437 E GnssHAL_GnssInterface: gnssSvStatusCb: a: input svInfo.flags is 8
11-25 16:01:19.219  1800  2437 E GnssHAL_GnssInterface: gnssSvStatusCb: b: input svInfo.flags is 8
11-25 16:01:20.223  1800  2437 E GnssHAL_GnssInterface: gnssSvStatusCb: a: input svInfo.flags is 8
11-25 16:01:20.223  1800  2437 E GnssHAL_GnssInterface: gnssSvStatusCb: b: input svInfo.flags is 8
11-25 16:01:20.449  2044  2070 E memtrack: Couldn't load memtrack module
11-25 16:01:20.449  2044  2070 W android.os.Debug: failed to get memory consumption info: -1
11-25 16:01:20.452  2044  2070 E memtrack: Couldn't load memtrack module
11-25 16:01:20.452  2044  2070 W android.os.Debug: failed to get memory consumption info: -1
11-25 16:01:21.226  1800  2437 E GnssHAL_GnssInterface: gnssSvStatusCb: a: input svInfo.flags is 8
11-25 16:01:21.226  1800  2437 E GnssHAL_GnssInterface: gnssSvStatusCb: b: input svInfo.flags is 8
11-25 16:01:22.230  1800  2437 E GnssHAL_GnssInterface: gnssSvStatusCb: a: input svInfo.flags is 8
11-25 16:01:22.230  1800  2437 E GnssHAL_GnssInterface: gnssSvStatusCb: b: input svInfo.flags is 8
11-25 16:01:23.231  1800  2437 E GnssHAL_GnssInterface: gnssSvStatusCb: a: input svInfo.flags is 8
11-25 16:01:23.231  1800  2437 E GnssHAL_GnssInterface: gnssSvStatusCb: b: input svInfo.flags is 8
11-25 16:01:23.684  2718  3676 E ActivityThread: Failed to find provider info for com.google.android.apps.wellbeing.api
