11-25 16:00:36.243 16998 17223 I Finsky  : [2088] rcz.apply(1401): IQ: Creating job 25, for (REQ_CHARGING, REQ_GEARHEAD_PROJECTION_OFF, NETWORK=UNMETERED, PROVISIONING_STATE=PROVISIONED, BACKUP_MANAGER_STATE=BACKUP_READY, PROCESS_IMPORTANCE_THRESHOLD=125)
11-25 16:00:36.243 16998 17223 I Finsky  : [2088] rdi.G(92): IQ: Bulk scheduling created jobs
11-25 16:00:36.246 16998 17123 I Finsky  : [2043] abje.c(17): SSM: Start staged session task with 0 tracked staged sessions
11-25 16:00:36.258  1779 17227 W DnsTlsSocket: SSL_connect error 5, errno=111
11-25 16:00:36.444  2044  2070 E memtrack: Couldn't load memtrack module
11-25 16:00:36.444  2044  2070 W android.os.Debug: failed to get memory consumption info: -1
11-25 16:00:37.108 16502 16625 I A       : (REDACTED) is_applicable:%d
11-25 16:00:37.122  1800  2437 E GnssHAL_GnssInterface: gnssSvStatusCb: a: input svInfo.flags is 8
11-25 16:00:37.122  1800  2437 E GnssHAL_GnssInterface: gnssSvStatusCb: b: input svInfo.flags is 8
11-25 16:00:37.600 17082 17229 D UIAutomatorStub: URI: /jsonrpc/0, Method: POST, Header: {content-length=78, remote-addr=127.0.0.1, http-client-ip=127.0.0.1, host=localhost:9008, content-type=application/json, connection=close, accept-encoding=identity, user-agent=Python-urllib/3.7}, params, {NanoHttpd.QUERY_STRING=null}, files: {postData={"jsonrpc": "2.0", "method": "ping", "id": "7b3a11d1d8d6f412587138444e54c734"}}
11-25 16:00:37.677 17082 17230 D UIAutomatorStub: URI: /jsonrpc/0, Method: POST, Header: {content-length=78, remote-addr=127.0.0.1, http-client-ip=127.0.0.1, host=localhost:9008, content-type=application/json, connection=close, accept-encoding=identity, user-agent=Python-urllib/3.7}, params, {NanoHttpd.QUERY_STRING=null}, files: {postData={"jsonrpc": "2.0", "method": "ping", "id": "d31312b645c6ac26c6bd6e1130187fc2"}}
11-25 16:00:37.684 17082 17231 D UIAutomatorStub: URI: /jsonrpc/0, Method: POST, Header: {content-length=117, remote-addr=127.0.0.1, http-client-ip=127.0.0.1, host=localhost:9008, content-type=application/json, connection=close, accept-encoding=identity, user-agent=Python-urllib/3.7}, params, {NanoHttpd.QUERY_STRING=null}, files: {postData={"jsonrpc": "2.0", "method": "dumpWindowHierarchy", "id": "e483cbfb33fd2a7822851b5644193c50", "params": [true, null]}}
11-25 16:00:37.729 17082 17231 I UIAutomatorStub: Skipping invisible child: android.view.accessibility.AccessibilityNodeInfo@161f5; boundsInParent: Rect(0, 0 - 1080, 1582); boundsInScreen: Rect(1080, 63 - 1080, 1645); packageName: org.shadowice.flocke.andotp; className: android.widget.ScrollView; text: null; error: null; maxTextLength: -1; contentDescription: null; tooltipText: null; viewIdResName: null; checkable: false; checked: false; focusable: true; focused: false; selected: false; clickable: false; longClickable: false; contextClickable: false; enabled: true; password: false; scrollable: false; importantForAccessibility: true; visible: false; actions: [AccessibilityAction: ACTION_FOCUS - null, AccessibilityAction: ACTION_SELECT - null, AccessibilityAction: ACTION_CLEAR_SELECTION - null, AccessibilityAction: ACTION_ACCESSIBILITY_FOCUS - null, AccessibilityAction: ACTION_SHOW_ON_SCREEN - null]
11-25 16:00:37.729 17082 17231 I UIAutomatorStub: Skipping invisible child: android.view.accessibility.AccessibilityNodeInfo@134e9; boundsInParent: Rect(0, 0 - 147, 147); boundsInScreen: Rect(42, 1983 - 189, 1794); packageName: org.shadowice.flocke.andotp; className: android.widget.ImageButton; text: null; error: null; maxTextLength: -1; contentDescription: Back; tooltipText: null; viewIdResName: org.shadowice.flocke.andotp:id/mi_button_back; checkable: false; checked: false; focusable: true; focused: false; selected: false; clickable: true; longClickable: true; contextClickable: false; enabled: true; password: false; scrollable: false; importantForAccessibility: true; visible: false; actions: [AccessibilityAction: ACTION_FOCUS - null, AccessibilityAction: ACTION_SELECT - null, AccessibilityAction: ACTION_CLEAR_SELECTION - null, AccessibilityAction: ACTION_CLICK - null, AccessibilityAction: ACTION_LONG_CLICK - null, AccessibilityAction: ACTION_ACCESSIBILITY_FOCUS - null, AccessibilityAction: ACTION_NEXT_AT_MOVEMENT_GRANULARITY - null, AccessibilityAction: ACTION_PREVIOUS_AT_MOVEMENT_GRANULARITY - null, AccessibilityAction: ACTION_SET_SELECTION - null, AccessibilityAction: ACTION_SHOW_ON_SCREEN - null]
11-25 16:00:37.730 17082 17231 I UIAutomatorStub: Skipping invisible child: android.view.accessibility.AccessibilityNodeInfo@14f30; boundsInParent: Rect(0, 0 - 1080, 63); boundsInScreen: Rect(0, 0 - 1080, 63); packageName: org.shadowice.flocke.andotp; className: android.view.View; text: null; error: null; maxTextLength: -1; contentDescription: null; tooltipText: null; viewIdResName: android:id/statusBarBackground; checkable: false; checked: false; focusable: false; focused: false; selected: false; clickable: false; longClickable: false; contextClickable: false; enabled: true; password: false; scrollable: false; importantForAccessibility: false; visible: false; actions: [AccessibilityAction: ACTION_SELECT - null, AccessibilityAction: ACTION_CLEAR_SELECTION - null, AccessibilityAction: ACTION_ACCESSIBILITY_FOCUS - null, AccessibilityAction: ACTION_SHOW_ON_SCREEN - null]
11-25 16:00:37.730 17082 17231 I UIAutomatorStub: Skipping invisible child: android.view.accessibility.AccessibilityNodeInfo@14b6f; boundsInParent: Rect(0, 0 - 1080, 126); boundsInScreen: Rect(0, 1794 - 1080, 1920); packageName: org.shadowice.flocke.andotp; className: android.view.View; text: null; error: null; maxTextLength: -1; contentDescription: null; tooltipText: null; viewIdResName: android:id/navigationBarBackground; checkable: false; checked: false; focusable: false; focused: false; selected: false; clickable: false; longClickable: false; contextClickable: false; enabled: true; password: false; scrollable: false; importantForAccessibility: false; visible: false; actions: [AccessibilityAction: ACTION_SELECT - null, AccessibilityAction: ACTION_CLEAR_SELECTION - null, AccessibilityAction: ACTION_ACCESSIBILITY_FOCUS - null, AccessibilityAction: ACTION_SHOW_ON_SCREEN - null]
11-25 16:00:37.730 17082 17231 I UIAutomatorStub: Fetch time: 3ms
11-25 16:00:38.128  1800  2437 E GnssHAL_GnssInterface: gnssSvStatusCb: a: input svInfo.flags is 8
11-25 16:00:38.128  1800  2437 E GnssHAL_GnssInterface: gnssSvStatusCb: b: input svInfo.flags is 8
11-25 16:00:38.637  2718  3676 E ActivityThread: Failed to find provider info for com.google.android.apps.wellbeing.api
11-25 16:00:39.071 17082 17232 D UIAutomatorStub: URI: /jsonrpc/0, Method: POST, Header: {content-length=117, remote-addr=127.0.0.1, http-client-ip=127.0.0.1, host=localhost:9008, content-type=application/json, connection=close, accept-encoding=identity, user-agent=Python-urllib/3.7}, params, {NanoHttpd.QUERY_STRING=null}, files: {postData={"jsonrpc": "2.0", "method": "dumpWindowHierarchy", "id": "f04bf29708a9bfbcf7228892a54d06ca", "params": [true, null]}}
11-25 16:00:39.079 17082 17232 I UIAutomatorStub: Skipping invisible child: android.view.accessibility.AccessibilityNodeInfo@161f5; boundsInParent: Rect(0, 0 - 1080, 1582); boundsInScreen: Rect(1080, 63 - 1080, 1645); packageName: org.shadowice.flocke.andotp; className: android.widget.ScrollView; text: null; error: null; maxTextLength: -1; contentDescription: null; tooltipText: null; viewIdResName: null; checkable: false; checked: false; focusable: true; focused: false; selected: false; clickable: false; longClickable: false; contextClickable: false; enabled: true; password: false; scrollable: false; importantForAccessibility: true; visible: false; actions: [AccessibilityAction: ACTION_FOCUS - null, AccessibilityAction: ACTION_SELECT - null, AccessibilityAction: ACTION_CLEAR_SELECTION - null, AccessibilityAction: ACTION_ACCESSIBILITY_FOCUS - null, AccessibilityAction: ACTION_SHOW_ON_SCREEN - null]
11-25 16:00:39.079 17082 17232 I UIAutomatorStub: Skipping invisible child: android.view.accessibility.AccessibilityNodeInfo@134e9; boundsInParent: Rect(0, 0 - 147, 147); boundsInScreen: Rect(42, 1983 - 189, 1794); packageName: org.shadowice.flocke.andotp; className: android.widget.ImageButton; text: null; error: null; maxTextLength: -1; contentDescription: Back; tooltipText: null; viewIdResName: org.shadowice.flocke.andotp:id/mi_button_back; checkable: false; checked: false; focusable: true; focused: false; selected: false; clickable: true; longClickable: true; contextClickable: false; enabled: true; password: false; scrollable: false; importantForAccessibility: true; visible: false; actions: [AccessibilityAction: ACTION_FOCUS - null, AccessibilityAction: ACTION_SELECT - null, AccessibilityAction: ACTION_CLEAR_SELECTION - null, AccessibilityAction: ACTION_CLICK - null, AccessibilityAction: ACTION_LONG_CLICK - null, AccessibilityAction: ACTION_ACCESSIBILITY_FOCUS - null, AccessibilityAction: ACTION_NEXT_AT_MOVEMENT_GRANULARITY - null, AccessibilityAction: ACTION_PREVIOUS_AT_MOVEMENT_GRANULARITY - null, AccessibilityAction: ACTION_SET_SELECTION - null, AccessibilityAction: ACTION_SHOW_ON_SCREEN - null]
11-25 16:00:39.079 17082 17232 I UIAutomatorStub: Skipping invisible child: android.view.accessibility.AccessibilityNodeInfo@14f30; boundsInParent: Rect(0, 0 - 1080, 63); boundsInScreen: Rect(0, 0 - 1080, 63); packageName: org.shadowice.flocke.andotp; className: android.view.View; text: null; error: null; maxTextLength: -1; contentDescription: null; tooltipText: null; viewIdResName: android:id/statusBarBackground; checkable: false; checked: false; focusable: false; focused: false; selected: false; clickable: false; longClickable: false; contextClickable: false; enabled: true; password: false; scrollable: false; importantForAccessibility: false; visible: false; actions: [AccessibilityAction: ACTION_SELECT - null, AccessibilityAction: ACTION_CLEAR_SELECTION - null, AccessibilityAction: ACTION_ACCESSIBILITY_FOCUS - null, AccessibilityAction: ACTION_SHOW_ON_SCREEN - null]
11-25 16:00:39.079 17082 17232 I UIAutomatorStub: Skipping invisible child: android.view.accessibility.AccessibilityNodeInfo@14b6f; boundsInParent: Rect(0, 0 - 1080, 126); boundsInScreen: Rect(0, 1794 - 1080, 1920); packageName: org.shadowice.flocke.andotp; className: android.view.View; text: null; error: null; maxTextLength: -1; contentDescription: null; tooltipText: null; viewIdResName: android:id/navigationBarBackground; checkable: false; checked: false; focusable: false; focused: false; selected: false; clickable: false; longClickable: false; contextClickable: false; enabled: true; password: false; scrollable: false; importantForAccessibility: false; visible: false; actions: [AccessibilityAction: ACTION_SELECT - null, AccessibilityAction: ACTION_CLEAR_SELECTION - null, AccessibilityAction: ACTION_ACCESSIBILITY_FOCUS - null, AccessibilityAction: ACTION_SHOW_ON_SCREEN - null]
11-25 16:00:39.079 17082 17232 I UIAutomatorStub: Fetch time: 1ms
11-25 16:00:39.128  1800  2437 E GnssHAL_GnssInterface: gnssSvStatusCb: a: input svInfo.flags is 8
11-25 16:00:39.128  1800  2437 E GnssHAL_GnssInterface: gnssSvStatusCb: b: input svInfo.flags is 8
11-25 16:00:39.540  1953  1953 E netmgr  : Failed to open QEMU pipe 'qemud:network': Invalid argument
11-25 16:00:39.923  1779 17129 W DnsTlsSocket: SSL_connect error 5, errno=111
11-25 16:00:39.952 15392 15453 W A       : (REDACTED) %s flow cancelled.
11-25 16:00:39.952 15392 15453 W A       : kotlinx.coroutines.b.a.s: Child of the scoped flow was cancelled
11-25 16:00:39.953 15392 15453 I TRG.ClientOracle: Preferred client mapping subscription completed.
11-25 16:00:39.990  1779 17129 W DnsTlsSocket: SSL_connect error 5, errno=111
11-25 16:00:40.040  1960  1960 E wifi_forwarder: RemoteConnection failed to initialize: RemoteConnection failed to open pipe
11-25 16:00:40.130  1800  2437 E GnssHAL_GnssInterface: gnssSvStatusCb: a: input svInfo.flags is 8
11-25 16:00:40.130  1800  2437 E GnssHAL_GnssInterface: gnssSvStatusCb: b: input svInfo.flags is 8
11-25 16:00:40.327  1779 17159 W DnsTlsSocket: SSL_connect error 5, errno=111
11-25 16:00:40.400  1779 17159 W DnsTlsSocket: SSL_connect error 5, errno=111
11-25 16:00:40.541  1779 17192 W DnsTlsSocket: SSL_connect error 5, errno=111
11-25 16:00:40.607  1779 17192 W DnsTlsSocket: SSL_connect error 5, errno=111
11-25 16:00:40.693  1779 17199 W DnsTlsSocket: SSL_connect error 5, errno=111
11-25 16:00:40.772  1779 17199 W DnsTlsSocket: SSL_connect error 5, errno=111
11-25 16:00:41.037 17082 17246 D UIAutomatorStub: URI: /jsonrpc/0, Method: POST, Header: {content-length=117, remote-addr=127.0.0.1, http-client-ip=127.0.0.1, host=localhost:9008, content-type=application/json, connection=close, accept-encoding=identity, user-agent=Python-urllib/3.7}, params, {NanoHttpd.QUERY_STRING=null}, files: {postData={"jsonrpc": "2.0", "method": "dumpWindowHierarchy", "id": "0a5452796b0c4bb4ffec32093da6a150", "params": [true, null]}}
11-25 16:00:41.047 17082 17246 I UIAutomatorStub: Skipping invisible child: android.view.accessibility.AccessibilityNodeInfo@161f5; boundsInParent: Rect(0, 0 - 1080, 1582); boundsInScreen: Rect(1080, 63 - 1080, 1645); packageName: org.shadowice.flocke.andotp; className: android.widget.ScrollView; text: null; error: null; maxTextLength: -1; contentDescription: null; tooltipText: null; viewIdResName: null; checkable: false; checked: false; focusable: true; focused: false; selected: false; clickable: false; longClickable: false; contextClickable: false; enabled: true; password: false; scrollable: false; importantForAccessibility: true; visible: false; actions: [AccessibilityAction: ACTION_FOCUS - null, AccessibilityAction: ACTION_SELECT - null, AccessibilityAction: ACTION_CLEAR_SELECTION - null, AccessibilityAction: ACTION_ACCESSIBILITY_FOCUS - null, AccessibilityAction: ACTION_SHOW_ON_SCREEN - null]
11-25 16:00:41.047 17082 17246 I UIAutomatorStub: Skipping invisible child: android.view.accessibility.AccessibilityNodeInfo@134e9; boundsInParent: Rect(0, 0 - 147, 147); boundsInScreen: Rect(42, 1983 - 189, 1794); packageName: org.shadowice.flocke.andotp; className: android.widget.ImageButton; text: null; error: null; maxTextLength: -1; contentDescription: Back; tooltipText: null; viewIdResName: org.shadowice.flocke.andotp:id/mi_button_back; checkable: false; checked: false; focusable: true; focused: false; selected: false; clickable: true; longClickable: true; contextClickable: false; enabled: true; password: false; scrollable: false; importantForAccessibility: true; visible: false; actions: [AccessibilityAction: ACTION_FOCUS - null, AccessibilityAction: ACTION_SELECT - null, AccessibilityAction: ACTION_CLEAR_SELECTION - null, AccessibilityAction: ACTION_CLICK - null, AccessibilityAction: ACTION_LONG_CLICK - null, AccessibilityAction: ACTION_ACCESSIBILITY_FOCUS - null, AccessibilityAction: ACTION_NEXT_AT_MOVEMENT_GRANULARITY - null, AccessibilityAction: ACTION_PREVIOUS_AT_MOVEMENT_GRANULARITY - null, AccessibilityAction: ACTION_SET_SELECTION - null, AccessibilityAction: ACTION_SHOW_ON_SCREEN - null]
11-25 16:00:41.048 17082 17246 I UIAutomatorStub: Skipping invisible child: android.view.accessibility.AccessibilityNodeInfo@14f30; boundsInParent: Rect(0, 0 - 1080, 63); boundsInScreen: Rect(0, 0 - 1080, 63); packageName: org.shadowice.flocke.andotp; className: android.view.View; text: null; error: null; maxTextLength: -1; contentDescription: null; tooltipText: null; viewIdResName: android:id/statusBarBackground; checkable: false; checked: false; focusable: false; focused: false; selected: false; clickable: false; longClickable: false; contextClickable: false; enabled: true; password: false; scrollable: false; importantForAccessibility: false; visible: false; actions: [AccessibilityAction: ACTION_SELECT - null, AccessibilityAction: ACTION_CLEAR_SELECTION - null, AccessibilityAction: ACTION_ACCESSIBILITY_FOCUS - null, AccessibilityAction: ACTION_SHOW_ON_SCREEN - null]
11-25 16:00:41.048 17082 17246 I UIAutomatorStub: Skipping invisible child: android.view.accessibility.AccessibilityNodeInfo@14b6f; boundsInParent: Rect(0, 0 - 1080, 126); boundsInScreen: Rect(0, 1794 - 1080, 1920); packageName: org.shadowice.flocke.andotp; className: android.view.View; text: null; error: null; maxTextLength: -1; contentDescription: null; tooltipText: null; viewIdResName: android:id/navigationBarBackground; checkable: false; checked: false; focusable: false; focused: false; selected: false; clickable: false; longClickable: false; contextClickable: false; enabled: true; password: false; scrollable: false; importantForAccessibility: false; visible: false; actions: [AccessibilityAction: ACTION_SELECT - null, AccessibilityAction: ACTION_CLEAR_SELECTION - null, AccessibilityAction: ACTION_ACCESSIBILITY_FOCUS - null, AccessibilityAction: ACTION_SHOW_ON_SCREEN - null]
11-25 16:00:41.048 17082 17246 I UIAutomatorStub: Fetch time: 6ms
11-25 16:00:41.134  1800  2437 E GnssHAL_GnssInterface: gnssSvStatusCb: a: input svInfo.flags is 8
11-25 16:00:41.134  1800  2437 E GnssHAL_GnssInterface: gnssSvStatusCb: b: input svInfo.flags is 8
11-25 16:00:41.279  1779 17227 W DnsTlsSocket: SSL_connect error 5, errno=111
11-25 16:00:41.333  1779 17247 W DnsTlsSocket: SSL_connect error 5, errno=111
11-25 16:00:41.366  1779 17227 W DnsTlsSocket: SSL_connect error 5, errno=111
11-25 16:00:41.707  1779 17250 W DnsTlsSocket: SSL_connect error 5, errno=111
11-25 16:00:42.133  1800  2437 E GnssHAL_GnssInterface: gnssSvStatusCb: a: input svInfo.flags is 8
11-25 16:00:42.133  1800  2437 E GnssHAL_GnssInterface: gnssSvStatusCb: b: input svInfo.flags is 8
11-25 16:00:43.019 17082 17265 D UIAutomatorStub: URI: /jsonrpc/0, Method: POST, Header: {content-length=117, remote-addr=127.0.0.1, http-client-ip=127.0.0.1, host=localhost:9008, content-type=application/json, connection=close, accept-encoding=identity, user-agent=Python-urllib/3.7}, params, {NanoHttpd.QUERY_STRING=null}, files: {postData={"jsonrpc": "2.0", "method": "dumpWindowHierarchy", "id": "30c36889f6d7e6e3bf72e101d62b462e", "params": [true, null]}}
11-25 16:00:43.024 17082 17265 I UIAutomatorStub: Skipping invisible child: android.view.accessibility.AccessibilityNodeInfo@161f5; boundsInParent: Rect(0, 0 - 1080, 1582); boundsInScreen: Rect(1080, 63 - 1080, 1645); packageName: org.shadowice.flocke.andotp; className: android.widget.ScrollView; text: null; error: null; maxTextLength: -1; contentDescription: null; tooltipText: null; viewIdResName: null; checkable: false; checked: false; focusable: true; focused: false; selected: false; clickable: false; longClickable: false; contextClickable: false; enabled: true; password: false; scrollable: false; importantForAccessibility: true; visible: false; actions: [AccessibilityAction: ACTION_FOCUS - null, AccessibilityAction: ACTION_SELECT - null, AccessibilityAction: ACTION_CLEAR_SELECTION - null, AccessibilityAction: ACTION_ACCESSIBILITY_FOCUS - null, AccessibilityAction: ACTION_SHOW_ON_SCREEN - null]
11-25 16:00:43.024 17082 17265 I UIAutomatorStub: Skipping invisible child: android.view.accessibility.AccessibilityNodeInfo@134e9; boundsInParent: Rect(0, 0 - 147, 147); boundsInScreen: Rect(42, 1983 - 189, 1794); packageName: org.shadowice.flocke.andotp; className: android.widget.ImageButton; text: null; error: null; maxTextLength: -1; contentDescription: Back; tooltipText: null; viewIdResName: org.shadowice.flocke.andotp:id/mi_button_back; checkable: false; checked: false; focusable: true; focused: false; selected: false; clickable: true; longClickable: true; contextClickable: false; enabled: true; password: false; scrollable: false; importantForAccessibility: true; visible: false; actions: [AccessibilityAction: ACTION_FOCUS - null, AccessibilityAction: ACTION_SELECT - null, AccessibilityAction: ACTION_CLEAR_SELECTION - null, AccessibilityAction: ACTION_CLICK - null, AccessibilityAction: ACTION_LONG_CLICK - null, AccessibilityAction: ACTION_ACCESSIBILITY_FOCUS - null, AccessibilityAction: ACTION_NEXT_AT_MOVEMENT_GRANULARITY - null, AccessibilityAction: ACTION_PREVIOUS_AT_MOVEMENT_GRANULARITY - null, AccessibilityAction: ACTION_SET_SELECTION - null, AccessibilityAction: ACTION_SHOW_ON_SCREEN - null]
11-25 16:00:43.024 17082 17265 I UIAutomatorStub: Skipping invisible child: android.view.accessibility.AccessibilityNodeInfo@14f30; boundsInParent: Rect(0, 0 - 1080, 63); boundsInScreen: Rect(0, 0 - 1080, 63); packageName: org.shadowice.flocke.andotp; className: android.view.View; text: null; error: null; maxTextLength: -1; contentDescription: null; tooltipText: null; viewIdResName: android:id/statusBarBackground; checkable: false; checked: false; focusable: false; focused: false; selected: false; clickable: false; longClickable: false; contextClickable: false; enabled: true; password: false; scrollable: false; importantForAccessibility: false; visible: false; actions: [AccessibilityAction: ACTION_SELECT - null, AccessibilityAction: ACTION_CLEAR_SELECTION - null, AccessibilityAction: ACTION_ACCESSIBILITY_FOCUS - null, AccessibilityAction: ACTION_SHOW_ON_SCREEN - null]
11-25 16:00:43.024 17082 17265 I UIAutomatorStub: Skipping invisible child: android.view.accessibility.AccessibilityNodeInfo@14b6f; boundsInParent: Rect(0, 0 - 1080, 126); boundsInScreen: Rect(0, 1794 - 1080, 1920); packageName: org.shadowice.flocke.andotp; className: android.view.View; text: null; error: null; maxTextLength: -1; contentDescription: null; tooltipText: null; viewIdResName: android:id/navigationBarBackground; checkable: false; checked: false; focusable: false; focused: false; selected: false; clickable: false; longClickable: false; contextClickable: false; enabled: true; password: false; scrollable: false; importantForAccessibility: false; visible: false; actions: [AccessibilityAction: ACTION_SELECT - null, AccessibilityAction: ACTION_CLEAR_SELECTION - null, AccessibilityAction: ACTION_ACCESSIBILITY_FOCUS - null, AccessibilityAction: ACTION_SHOW_ON_SCREEN - null]
11-25 16:00:43.025 17082 17265 I UIAutomatorStub: Fetch time: 3ms
11-25 16:00:43.136  1800  2437 E GnssHAL_GnssInterface: gnssSvStatusCb: a: input svInfo.flags is 8
11-25 16:00:43.136  1800  2437 E GnssHAL_GnssInterface: gnssSvStatusCb: b: input svInfo.flags is 8
11-25 16:00:44.140  1800  2437 E GnssHAL_GnssInterface: gnssSvStatusCb: a: input svInfo.flags is 8
11-25 16:00:44.141  1800  2437 E GnssHAL_GnssInterface: gnssSvStatusCb: b: input svInfo.flags is 8
11-25 16:00:44.288 17082 17271 D UIAutomatorStub: URI: /jsonrpc/0, Method: POST, Header: {content-length=117, remote-addr=127.0.0.1, http-client-ip=127.0.0.1, host=localhost:9008, content-type=application/json, connection=close, accept-encoding=identity, user-agent=Python-urllib/3.7}, params, {NanoHttpd.QUERY_STRING=null}, files: {postData={"jsonrpc": "2.0", "method": "dumpWindowHierarchy", "id": "f0214465152e79a567ed969d8b0d41fd", "params": [true, null]}}
11-25 16:00:44.292 17082 17271 I UIAutomatorStub: Skipping invisible child: android.view.accessibility.AccessibilityNodeInfo@161f5; boundsInParent: Rect(0, 0 - 1080, 1582); boundsInScreen: Rect(1080, 63 - 1080, 1645); packageName: org.shadowice.flocke.andotp; className: android.widget.ScrollView; text: null; error: null; maxTextLength: -1; contentDescription: null; tooltipText: null; viewIdResName: null; checkable: false; checked: false; focusable: true; focused: false; selected: false; clickable: false; longClickable: false; contextClickable: false; enabled: true; password: false; scrollable: false; importantForAccessibility: true; visible: false; actions: [AccessibilityAction: ACTION_FOCUS - null, AccessibilityAction: ACTION_SELECT - null, AccessibilityAction: ACTION_CLEAR_SELECTION - null, AccessibilityAction: ACTION_ACCESSIBILITY_FOCUS - null, AccessibilityAction: ACTION_SHOW_ON_SCREEN - null]
11-25 16:00:44.292 17082 17271 I UIAutomatorStub: Skipping invisible child: android.view.accessibility.AccessibilityNodeInfo@134e9; boundsInParent: Rect(0, 0 - 147, 147); boundsInScreen: Rect(42, 1983 - 189, 1794); packageName: org.shadowice.flocke.andotp; className: android.widget.ImageButton; text: null; error: null; maxTextLength: -1; contentDescription: Back; tooltipText: null; viewIdResName: org.shadowice.flocke.andotp:id/mi_button_back; checkable: false; checked: false; focusable: true; focused: false; selected: false; clickable: true; longClickable: true; contextClickable: false; enabled: true; password: false; scrollable: false; importantForAccessibility: true; visible: false; actions: [AccessibilityAction: ACTION_FOCUS - null, AccessibilityAction: ACTION_SELECT - null, AccessibilityAction: ACTION_CLEAR_SELECTION - null, AccessibilityAction: ACTION_CLICK - null, AccessibilityAction: ACTION_LONG_CLICK - null, AccessibilityAction: ACTION_ACCESSIBILITY_FOCUS - null, AccessibilityAction: ACTION_NEXT_AT_MOVEMENT_GRANULARITY - null, AccessibilityAction: ACTION_PREVIOUS_AT_MOVEMENT_GRANULARITY - null, AccessibilityAction: ACTION_SET_SELECTION - null, AccessibilityAction: ACTION_SHOW_ON_SCREEN - null]
11-25 16:00:44.292 17082 17271 I UIAutomatorStub: Skipping invisible child: android.view.accessibility.AccessibilityNodeInfo@14f30; boundsInParent: Rect(0, 0 - 1080, 63); boundsInScreen: Rect(0, 0 - 1080, 63); packageName: org.shadowice.flocke.andotp; className: android.view.View; text: null; error: null; maxTextLength: -1; contentDescription: null; tooltipText: null; viewIdResName: android:id/statusBarBackground; checkable: false; checked: false; focusable: false; focused: false; selected: false; clickable: false; longClickable: false; contextClickable: false; enabled: true; password: false; scrollable: false; importantForAccessibility: false; visible: false; actions: [AccessibilityAction: ACTION_SELECT - null, AccessibilityAction: ACTION_CLEAR_SELECTION - null, AccessibilityAction: ACTION_ACCESSIBILITY_FOCUS - null, AccessibilityAction: ACTION_SHOW_ON_SCREEN - null]
11-25 16:00:44.293 17082 17271 I UIAutomatorStub: Skipping invisible child: android.view.accessibility.AccessibilityNodeInfo@14b6f; boundsInParent: Rect(0, 0 - 1080, 126); boundsInScreen: Rect(0, 1794 - 1080, 1920); packageName: org.shadowice.flocke.andotp; className: android.view.View; text: null; error: null; maxTextLength: -1; contentDescription: null; tooltipText: null; viewIdResName: android:id/navigationBarBackground; checkable: false; checked: false; focusable: false; focused: false; selected: false; clickable: false; longClickable: false; contextClickable: false; enabled: true; password: false; scrollable: false; importantForAccessibility: false; visible: false; actions: [AccessibilityAction: ACTION_SELECT - null, AccessibilityAction: ACTION_CLEAR_SELECTION - null, AccessibilityAction: ACTION_ACCESSIBILITY_FOCUS - null, AccessibilityAction: ACTION_SHOW_ON_SCREEN - null]
11-25 16:00:44.293 17082 17271 I UIAutomatorStub: Fetch time: 2ms
11-25 16:00:44.546 15958 16658 W GAv4-SVC: Network compressed POST connection error: java.net.SocketTimeoutException: timeout
11-25 16:00:44.718 16998 17115 I Finsky  : [2038] nel.a(871): System was updated or GL extensions were already cached.
11-25 16:00:44.740  2453  2471 D TelephonyProvider: subIdString = 1 subId = 1
11-25 16:00:44.754 16998 17115 I Finsky  : [2038] mgj.a(222): Get APN successfully: [f-FK8ZIplrmCGwgLA5IYRKdVgTtrbZOEsUepVMGEZws]
11-25 16:00:44.765 16998 17075 I Finsky  : [2027] wry.h(14): Triggered update for experiment package com.google.android.finsky.stable.
11-25 16:00:44.785 16998 17132 I Finsky  : [2049] jnz.run(44): Initializing the instant apps module.
11-25 16:00:44.798 16998 17274 I PhClient: Unable to retrieve flag snapshot for com.google.android.gms.phenotype, using defaults.
11-25 16:00:44.839 16998 17273 D RegisterSyncOperation: Register sync called by com.android.vending, but not syncing since nothing changed
11-25 16:00:44.844 16998 17273 D GetConfigurationSnapsho: getFullConfigurationsOnly
11-25 16:00:44.938 16998 17273 D CommitToConfigurationOp: real commit done, callingPackage: com.android.vending snapshot:  com.google.android.finsky.stable 83811820 12 -723507996 com.google.android.finsky.stable -723507996 0
11-25 16:00:44.940 16998 17273 D ExperimentTokensCache: Clearing ExperimentTokensCache
11-25 16:00:44.943 16998 17004 I android.vendin: Compiler allocated 4180KB to compile ajpf ajqr.b(android.content.Context, ajqe)
11-25 16:00:44.946 16998 17075 I Finsky  : [2027] aifb.bw(80): Writing flags config, size 1.
11-25 16:00:44.947 16998 17075 I Finsky  : [2027] aifb.bw(93): Started writing experiment flags into file [8uKij9Tp4PZyjSvh8NyLyFvuCv94NONrKvkkdzEKIoQ].
11-25 16:00:44.951 16998 17075 I Finsky  : [2027] aifb.bw(422): Finished writing experiment flags into file [8uKij9Tp4PZyjSvh8NyLyFvuCv94NONrKvkkdzEKIoQ], numFlags=1277.
11-25 16:00:44.955 16998 17075 I Finsky  : [2027] wry.g(228): Successfully applied new configurations for package com.google.android.finsky.stable.
11-25 16:00:44.956 16998 17075 I Finsky  : [2027] wry.g(299): [EExp] Exporting experiments for package com.google.android.finsky.stable.
11-25 16:00:44.956 15392 15453 W A       : (REDACTED) %s flow cancelled.
11-25 16:00:44.956 15392 15453 W A       : kotlinx.coroutines.b.a.s: Child of the scoped flow was cancelled
11-25 16:00:44.957 16998 17075 I Finsky  : [2027] zif.A(27): [EExp] Exporting experiments for namespace com.google.android.finsky.stable.
11-25 16:00:44.959  2044  2070 E memtrack: Couldn't load memtrack module
11-25 16:00:44.959  2044  2070 W android.os.Debug: failed to get memory consumption info: -1
11-25 16:00:44.976 16998 17075 I Finsky  : [2027] wry.g(353): [EExp] Successfully exported experiments for package com.google.android.finsky.stable.
11-25 16:00:44.976 16998 17075 I Finsky  : [2027] wry.h(14): Triggered update for experiment package com.google.android.finsky.regular.
11-25 16:00:44.987 16998 17273 D RegisterSyncOperation: Register sync called by com.android.vending, but not syncing since nothing changed
11-25 16:00:44.992 16998 17273 D GetConfigurationSnapsho: getFullConfigurationsOnly
11-25 16:00:45.006  1779 17129 W DnsTlsSocket: SSL_connect error 5, errno=111
11-25 16:00:45.013 16998 17075 I Finsky  : [2027] wry.h(68): Already at the latest configurations for experiment package com.google.android.finsky.regular.
11-25 16:00:45.074  1779 17129 E ResolverController: No valid NAT64 prefix (101, <unspecified>/0)
11-25 16:00:45.084  1779 17275 W DnsTlsSocket: SSL_connect error 5, errno=111
11-25 16:00:45.095 16998 17132 I Finsky  : [2049] kex.run(762): Component class com.google.android.finsky.wearsupport.WearSupportService disabled via PackageManager.
11-25 16:00:45.095 16998 17132 I Finsky  : [2049] kex.run(762): Component class com.google.android.finsky.wearsupport.WearChangeListenerService disabled via PackageManager.
11-25 16:00:45.097 16998 17132 I Finsky  : [2049] aglv.a(507): Restoring notifications
11-25 16:00:45.105 16998 17155 I Finsky  : [2066] pbm.run(216): Wrote row to frosting DB: 411
11-25 16:00:45.141  1800  2437 E GnssHAL_GnssInterface: gnssSvStatusCb: a: input svInfo.flags is 8
11-25 16:00:45.141  1800  2437 E GnssHAL_GnssInterface: gnssSvStatusCb: b: input svInfo.flags is 8
11-25 16:00:45.162 16998 17132 I Finsky  : [2049] abgw.apply(237): Done restoring notifications
11-25 16:00:45.196 16998 17131 W android.vendin: Accessing hidden method Landroid/graphics/Canvas;->drawPatch(Landroid/graphics/NinePatch;Landroid/graphics/Rect;Landroid/graphics/Paint;)V (greylist-max-o, linking, denied)
11-25 16:00:45.196 16998 17131 W android.vendin: Accessing hidden method Landroid/graphics/Canvas;->drawPatch(Landroid/graphics/NinePatch;Landroid/graphics/RectF;Landroid/graphics/Paint;)V (greylist-max-o, linking, denied)
11-25 16:00:45.204 16998 17131 W Finsky  : [2048] ydp.a(61): PreloadClasses: Unable to load [androidx.compose.ui.platform.WindowRecomposerFactory$Companion$LifecycleAware$1, androidx.compose.runtime.snapshots.Snapshot$Companion$registerApplyObserver$2, androidx.compose.ui.platform.WrapperVerificationHelperMethods, androidx.compose.ui.platform.DisposableSaveableStateRegistry_androidKt$DisposableSaveableStateRegistry$registered$1, androidx.compose.animation.core.EasingKt$LinearEasing$1, androidx.compose.foundation.layout.BoxKt$boxMeasurePolicy$1$measure$2, androidx.compose.animation.core.Transition$updateTarget$2, androidx.compose.material.TextKt$Text$1, androidx.compose.ui.layout.SubcomposeLayoutKt$SubcomposeLayout$$inlined$ComposeNode$1, androidx.compose.foundation.layout.BoxKt$EmptyBoxMeasurePolicy$1$measure$1]
11-25 16:00:45.409  1779 17159 W DnsTlsSocket: SSL_connect error 5, errno=111
11-25 16:00:45.420  1801  1801 D gralloc_ranchu: gralloc_alloc: Creating ashmem region of size 8298496
11-25 16:00:45.428  1682  1682 I hwservicemanager: getTransport: Cannot find entry android.hardware.graphics.mapper@3.0::IMapper/default in either framework or device manifest.
11-25 16:00:45.428 17279 17279 W Gralloc3: mapper 3.x is not supported
11-25 16:00:45.463 17279 17279 D HostConnection: createUnique: call
11-25 16:00:45.463 17279 17279 D HostConnection: HostConnection::get() New Host Connection established 0xe7a12d70, tid 17279
11-25 16:00:45.476 17279 17279 D HostConnection: HostComposition ext ANDROID_EMU_CHECKSUM_HELPER_v1 ANDROID_EMU_native_sync_v2 ANDROID_EMU_native_sync_v3 ANDROID_EMU_native_sync_v4 ANDROID_EMU_dma_v1 ANDROID_EMU_direct_mem ANDROID_EMU_YUV420_888_to_NV21 ANDROID_EMU_YUV_Cache ANDROID_EMU_sync_buffer_data GL_OES_EGL_image_external_essl3 GL_OES_vertex_array_object GL_KHR_texture_compression_astc_ldr ANDROID_EMU_host_side_tracing ANDROID_EMU_gles_max_version_3_0 
11-25 16:00:45.477 17279 17279 D eglCodecCommon: allocate: Ask for block of size 0x1000
11-25 16:00:45.477 17279 17279 D eglCodecCommon: allocate: ioctl allocate returned offset 0x3ff801000 size 0x2000
11-25 16:00:45.528 17279 17279 D eglCodecCommon: allocate: Ask for block of size 0x7ea000
11-25 16:00:45.529 17279 17279 D eglCodecCommon: allocate: ioctl allocate returned offset 0x3fe825000 size 0x7eb000
11-25 16:00:45.617  1779 17192 W DnsTlsSocket: SSL_connect error 5, errno=111
11-25 16:00:45.647  1780  1780 D Zygote  : Forked child process 17287
11-25 16:00:45.656 17287 17287 W d.process.medi: Unexpected CPU variant for X86 using defaults: x86
11-25 16:00:45.657  2044  2072 I ActivityManager: Start proc 17287:android.process.media/u0a46 for broadcast {com.android.providers.media/com.android.providers.media.MediaReceiver}
11-25 16:00:45.663 17287 17287 E d.process.medi: Not starting debugger since process cannot load the jdwp agent.
11-25 16:00:45.699 17287 17287 I d.process.medi: The ClassLoaderContext is a special shared library.
11-25 16:00:45.780  1779 17199 W DnsTlsSocket: SSL_connect error 5, errno=111
11-25 16:00:45.791 17287 17287 I d.process.medi: The ClassLoaderContext is a special shared library.
11-25 16:00:45.820 17287 17310 I MediaProvider: Begin Intent { act=android.intent.action.MEDIA_SCANNER_SCAN_FILE dat=file:///sdcard/screen.png flg=0x1400010 cmp=com.android.providers.media/.MediaService }
11-25 16:00:45.854 17287 17310 W ExifInterface: Invalid image: ExifInterface got an unsupported image format file(ExifInterface supports JPEG and some RAW image formats only) or a corrupted JPEG file to ExifInterface.
11-25 16:00:45.854 17287 17310 W ExifInterface: java.io.IOException: Invalid byte order: ffff8950
11-25 16:00:45.854 17287 17310 W ExifInterface: 	at android.media.ExifInterface.readByteOrder(ExifInterface.java:3121)
11-25 16:00:45.854 17287 17310 W ExifInterface: 	at android.media.ExifInterface.isOrfFormat(ExifInterface.java:2437)
11-25 16:00:45.854 17287 17310 W ExifInterface: 	at android.media.ExifInterface.getMimeType(ExifInterface.java:2315)
11-25 16:00:45.854 17287 17310 W ExifInterface: 	at android.media.ExifInterface.loadAttributes(ExifInterface.java:1753)
11-25 16:00:45.854 17287 17310 W ExifInterface: 	at android.media.ExifInterface.<init>(ExifInterface.java:1447)
11-25 16:00:45.854 17287 17310 W ExifInterface: 	at com.android.providers.media.scan.ModernMediaScanner.scanItemImage(ModernMediaScanner.java:729)
11-25 16:00:45.854 17287 17310 W ExifInterface: 	at com.android.providers.media.scan.ModernMediaScanner.scanItem(ModernMediaScanner.java:502)
11-25 16:00:45.854 17287 17310 W ExifInterface: 	at com.android.providers.media.scan.ModernMediaScanner.access$500(ModernMediaScanner.java:118)
11-25 16:00:45.854 17287 17310 W ExifInterface: 	at com.android.providers.media.scan.ModernMediaScanner$Scan.visitFile(ModernMediaScanner.java:406)
11-25 16:00:45.854 17287 17310 W ExifInterface: 	at com.android.providers.media.scan.ModernMediaScanner$Scan.visitFile(ModernMediaScanner.java:207)
11-25 16:00:45.854 17287 17310 W ExifInterface: 	at java.nio.file.Files.walkFileTree(Files.java:2670)
11-25 16:00:45.854 17287 17310 W ExifInterface: 	at java.nio.file.Files.walkFileTree(Files.java:2742)
11-25 16:00:45.854 17287 17310 W ExifInterface: 	at com.android.providers.media.scan.ModernMediaScanner$Scan.walkFileTree(ModernMediaScanner.java:267)
11-25 16:00:45.854 17287 17310 W ExifInterface: 	at com.android.providers.media.scan.ModernMediaScanner$Scan.run(ModernMediaScanner.java:245)
11-25 16:00:45.854 17287 17310 W ExifInterface: 	at com.android.providers.media.scan.ModernMediaScanner.scanFile(ModernMediaScanner.java:174)
11-25 16:00:45.854 17287 17310 W ExifInterface: 	at com.android.providers.media.MediaService.onScanFile(MediaService.java:164)
11-25 16:00:45.854 17287 17310 W ExifInterface: 	at com.android.providers.media.MediaService.onHandleIntent(MediaService.java:90)
11-25 16:00:45.854 17287 17310 W ExifInterface: 	at android.app.IntentService$ServiceHandler.handleMessage(IntentService.java:78)
11-25 16:00:45.854 17287 17310 W ExifInterface: 	at android.os.Handler.dispatchMessage(Handler.java:107)
11-25 16:00:45.854 17287 17310 W ExifInterface: 	at android.os.Looper.loop(Looper.java:214)
11-25 16:00:45.854 17287 17310 W ExifInterface: 	at android.os.HandlerThread.run(HandlerThread.java:67)
11-25 16:00:45.861 17287 17310 I MediaProvider: End Intent { act=android.intent.action.MEDIA_SCANNER_SCAN_FILE dat=file:///sdcard/screen.png flg=0x1400010 cmp=com.android.providers.media/.MediaService }
11-25 16:00:45.864  2044  5220 I ActivityManager: Killing 15946:com.google.android.partnersetup/u0a101 (adj 985): empty #17
11-25 16:00:45.928  1780  1780 I Zygote  : Process 15946 exited due to signal 9 (Killed)
11-25 16:00:45.948  2044  2073 I libprocessgroup: Successfully killed process cgroup uid 10101 pid 15946 in 81ms
11-25 16:00:46.011 16998 17131 I Finsky  : [2048] yqw.accept(345): SCH: Scheduling phonesky job Id: 1-1337, CT: 1700946034991, Constraints: [{ L: 0, D: 880573, C: 1, I: 1, N: 0 }, { L: 0, D: 0, C: 1, I: 1, N: 0 }]
11-25 16:00:46.015 16998 17132 I Finsky  : [2049] zbq.apply(59): SCH: Scheduling 0 system job(s)
11-25 16:00:46.144  1800  2437 E GnssHAL_GnssInterface: gnssSvStatusCb: a: input svInfo.flags is 8
11-25 16:00:46.145  1800  2437 E GnssHAL_GnssInterface: gnssSvStatusCb: b: input svInfo.flags is 8
11-25 16:00:46.164 17165 17165 I Finsky:background: [2] sce.onDestroy(9): IPC-SERVER: Stopping gRPC host service...
11-25 16:00:46.225 16998 16998 I Finsky  : [2] zxt.run(383): Detected restoreservicev2://recovery not needed, will not run
11-25 16:00:46.237 16998 16998 I Finsky  : [2] sce.onDestroy(9): IPC-SERVER: Stopping gRPC host service...
11-25 16:00:46.248 16998 17160 I Finsky  : [2071] anfz.d(7): registerListener
11-25 16:00:46.248 16998 17160 I Finsky  : [2071] tne.F(6): getDownloads()
11-25 16:00:46.254 16998 17160 I Finsky  : [2071] rf.run(69): Initialized AssetModuleDownloader.
11-25 16:00:46.255 17165 17165 I Finsky:background: [2] sce.onCreate(9): IPC-SERVER: Starting gRPC host service...
11-25 16:00:46.261 17165 17211 I Finsky:background: [2043] nrk.i(6): getDownloads()
11-25 16:00:46.344  1779 17247 W DnsTlsSocket: SSL_connect error 5, errno=111
11-25 16:00:46.375  1779 17227 W DnsTlsSocket: SSL_connect error 5, errno=111
11-25 16:00:46.510  1861  1861 I keystore: del USRPKEY_unstable.c7202ece89390c490b1b94d5b71225e1.9077477257056025165 10098
11-25 16:00:46.510  1861  1861 I keystore: del USRSKEY_unstable.c7202ece89390c490b1b94d5b71225e1.9077477257056025165 10098
11-25 16:00:46.510  1861  1861 I keystore: del USRCERT_unstable.c7202ece89390c490b1b94d5b71225e1.9077477257056025165 10098
11-25 16:00:46.510  1861  1861 I keystore: del CACERT_unstable.c7202ece89390c490b1b94d5b71225e1.9077477257056025165 10098
11-25 16:00:46.522  1861 17322 D DropBoxManager: About to call service->add()
11-25 16:00:46.522  2044  2061 I DropBoxManagerService: add tag=keymaster isTagEnabled=true flags=0x0
11-25 16:00:46.525  1861 17322 D DropBoxManager: service->add returned No error
11-25 16:00:46.554  1861  1861 I keystore: del USRPKEY_unstable.c7202ece89390c490b1b94d5b71225e1.9077477257056025165 10098
11-25 16:00:46.554  1861  1861 I keystore: del USRCERT_unstable.c7202ece89390c490b1b94d5b71225e1.9077477257056025165 10098
11-25 16:00:46.555  1861  1861 I keystore: del CACERT_unstable.c7202ece89390c490b1b94d5b71225e1.9077477257056025165 10098
11-25 16:00:46.605  9663 10434 D HostConnection: HostConnection::get() New Host Connection established 0xdd9eb300, tid 10434
11-25 16:00:46.619  9663 10434 D HostConnection: HostComposition ext ANDROID_EMU_CHECKSUM_HELPER_v1 ANDROID_EMU_native_sync_v2 ANDROID_EMU_native_sync_v3 ANDROID_EMU_native_sync_v4 ANDROID_EMU_dma_v1 ANDROID_EMU_direct_mem ANDROID_EMU_YUV420_888_to_NV21 ANDROID_EMU_YUV_Cache ANDROID_EMU_sync_buffer_data GL_OES_EGL_image_external_essl3 GL_OES_vertex_array_object GL_KHR_texture_compression_astc_ldr ANDROID_EMU_host_side_tracing ANDROID_EMU_gles_max_version_3_0 
11-25 16:00:46.622  9663 10434 D eglCodecCommon: setVertexArrayObject: set vao to 0 (0) 0 0
11-25 16:00:46.622  9663 10434 D EGL_emulation: eglCreateContext: 0xf4153920: maj 3 min 0 rcv 3
11-25 16:00:46.623  9663 10434 D EGL_emulation: eglMakeCurrent: 0xf4153920: ver 3 0 (tinfo 0xc4d7e380)
11-25 16:00:46.673 10653 10689 W DroidguardProvider: droidguard took a lot of time : 11276 millis [CONTEXT service_id=257 ]
11-25 16:00:46.679 16998 17115 I Finsky  : [2038] yqw.accept(345): SCH: Scheduling phonesky job Id: 3-23, CT: 1700946036243, Constraints: [{ L: 0, D: 86400000, C: 2, I: 2, N: 2 }]
11-25 16:00:46.680 16998 17115 I Finsky  : [2038] yqw.accept(345): SCH: Scheduling phonesky job Id: 3-24, CT: 1700946036243, Constraints: [{ L: 0, D: 86400000, C: 1, I: 2, N: 2 }]
11-25 16:00:46.680 16998 17115 I Finsky  : [2038] yqw.accept(345): SCH: Scheduling phonesky job Id: 3-25, CT: 1700946036243, Constraints: [{ L: 0, D: 86400000, C: 2, I: 1, N: 2 }]
11-25 16:00:46.683 16998 17132 I Finsky  : [2049] zbq.apply(59): SCH: Scheduling 0 system job(s)
11-25 16:00:46.695  1779 17328 W DnsTlsSocket: SSL_connect error 5, errno=111
11-25 16:00:46.720  1779 17250 W DnsTlsSocket: SSL_connect error 5, errno=111
11-25 16:00:47.146  1800  2437 E GnssHAL_GnssInterface: gnssSvStatusCb: a: input svInfo.flags is 8
11-25 16:00:47.146  1800  2437 E GnssHAL_GnssInterface: gnssSvStatusCb: b: input svInfo.flags is 8
11-25 16:00:48.029 17082 17330 D UIAutomatorStub: URI: /jsonrpc/0, Method: POST, Header: {content-length=117, remote-addr=127.0.0.1, http-client-ip=127.0.0.1, host=localhost:9008, content-type=application/json, connection=close, accept-encoding=identity, user-agent=Python-urllib/3.7}, params, {NanoHttpd.QUERY_STRING=null}, files: {postData={"jsonrpc": "2.0", "method": "dumpWindowHierarchy", "id": "b13c8afcc6795a8ae583e9429d71b47f", "params": [true, null]}}
11-25 16:00:48.033 17082 17330 I UIAutomatorStub: Skipping invisible child: android.view.accessibility.AccessibilityNodeInfo@161f5; boundsInParent: Rect(0, 0 - 1080, 1582); boundsInScreen: Rect(1080, 63 - 1080, 1645); packageName: org.shadowice.flocke.andotp; className: android.widget.ScrollView; text: null; error: null; maxTextLength: -1; contentDescription: null; tooltipText: null; viewIdResName: null; checkable: false; checked: false; focusable: true; focused: false; selected: false; clickable: false; longClickable: false; contextClickable: false; enabled: true; password: false; scrollable: false; importantForAccessibility: true; visible: false; actions: [AccessibilityAction: ACTION_FOCUS - null, AccessibilityAction: ACTION_SELECT - null, AccessibilityAction: ACTION_CLEAR_SELECTION - null, AccessibilityAction: ACTION_ACCESSIBILITY_FOCUS - null, AccessibilityAction: ACTION_SHOW_ON_SCREEN - null]
11-25 16:00:48.034 17082 17330 I UIAutomatorStub: Skipping invisible child: android.view.accessibility.AccessibilityNodeInfo@134e9; boundsInParent: Rect(0, 0 - 147, 147); boundsInScreen: Rect(42, 1983 - 189, 1794); packageName: org.shadowice.flocke.andotp; className: android.widget.ImageButton; text: null; error: null; maxTextLength: -1; contentDescription: Back; tooltipText: null; viewIdResName: org.shadowice.flocke.andotp:id/mi_button_back; checkable: false; checked: false; focusable: true; focused: false; selected: false; clickable: true; longClickable: true; contextClickable: false; enabled: true; password: false; scrollable: false; importantForAccessibility: true; visible: false; actions: [AccessibilityAction: ACTION_FOCUS - null, AccessibilityAction: ACTION_SELECT - null, AccessibilityAction: ACTION_CLEAR_SELECTION - null, AccessibilityAction: ACTION_CLICK - null, AccessibilityAction: ACTION_LONG_CLICK - null, AccessibilityAction: ACTION_ACCESSIBILITY_FOCUS - null, AccessibilityAction: ACTION_NEXT_AT_MOVEMENT_GRANULARITY - null, AccessibilityAction: ACTION_PREVIOUS_AT_MOVEMENT_GRANULARITY - null, AccessibilityAction: ACTION_SET_SELECTION - null, AccessibilityAction: ACTION_SHOW_ON_SCREEN - null]
11-25 16:00:48.034 17082 17330 I UIAutomatorStub: Skipping invisible child: android.view.accessibility.AccessibilityNodeInfo@14f30; boundsInParent: Rect(0, 0 - 1080, 63); boundsInScreen: Rect(0, 0 - 1080, 63); packageName: org.shadowice.flocke.andotp; className: android.view.View; text: null; error: null; maxTextLength: -1; contentDescription: null; tooltipText: null; viewIdResName: android:id/statusBarBackground; checkable: false; checked: false; focusable: false; focused: false; selected: false; clickable: false; longClickable: false; contextClickable: false; enabled: true; password: false; scrollable: false; importantForAccessibility: false; visible: false; actions: [AccessibilityAction: ACTION_SELECT - null, AccessibilityAction: ACTION_CLEAR_SELECTION - null, AccessibilityAction: ACTION_ACCESSIBILITY_FOCUS - null, AccessibilityAction: ACTION_SHOW_ON_SCREEN - null]
11-25 16:00:48.034 17082 17330 I UIAutomatorStub: Skipping invisible child: android.view.accessibility.AccessibilityNodeInfo@14b6f; boundsInParent: Rect(0, 0 - 1080, 126); boundsInScreen: Rect(0, 1794 - 1080, 1920); packageName: org.shadowice.flocke.andotp; className: android.view.View; text: null; error: null; maxTextLength: -1; contentDescription: null; tooltipText: null; viewIdResName: android:id/navigationBarBackground; checkable: false; checked: false; focusable: false; focused: false; selected: false; clickable: false; longClickable: false; contextClickable: false; enabled: true; password: false; scrollable: false; importantForAccessibility: false; visible: false; actions: [AccessibilityAction: ACTION_SELECT - null, AccessibilityAction: ACTION_CLEAR_SELECTION - null, AccessibilityAction: ACTION_ACCESSIBILITY_FOCUS - null, AccessibilityAction: ACTION_SHOW_ON_SCREEN - null]
11-25 16:00:48.034 17082 17330 I UIAutomatorStub: Fetch time: 2ms
11-25 16:00:48.147  1800  2437 E GnssHAL_GnssInterface: gnssSvStatusCb: a: input svInfo.flags is 8
11-25 16:00:48.147  1800  2437 E GnssHAL_GnssInterface: gnssSvStatusCb: b: input svInfo.flags is 8
11-25 16:00:48.527  2044  2071 W BroadcastQueue: Background execution not allowed: receiving Intent { act=android.intent.action.DROPBOX_ENTRY_ADDED flg=0x10 (has extras) } to com.google.android.gms/.stats.service.DropBoxEntryAddedReceiver
11-25 16:00:48.527  2044  2071 W BroadcastQueue: Background execution not allowed: receiving Intent { act=android.intent.action.DROPBOX_ENTRY_ADDED flg=0x10 (has extras) } to com.google.android.gms/.chimera.GmsIntentOperationService$PersistentTrustedReceiver
11-25 16:00:48.967 10653 10653 D BoundBrokerSvc: onUnbind: Intent { act=com.google.android.gms.nearby.exposurenotification.START dat=chimera-action: cmp=com.google.android.gms/.chimera.PersistentApiServiceNoInstantApps }
11-25 16:00:49.147  1800  2437 E GnssHAL_GnssInterface: gnssSvStatusCb: a: input svInfo.flags is 8
11-25 16:00:49.147  1800  2437 E GnssHAL_GnssInterface: gnssSvStatusCb: b: input svInfo.flags is 8
11-25 16:00:49.238 15958 15958 D BoundBrokerSvc: onUnbind: Intent { act=com.google.android.gms.feedback.internal.IFeedbackService dat=chimera-action: cmp=com.google.android.gms/.chimera.GmsBoundBrokerService }
11-25 16:00:49.268 17082 17340 D UIAutomatorStub: URI: /jsonrpc/0, Method: POST, Header: {content-length=117, remote-addr=127.0.0.1, http-client-ip=127.0.0.1, host=localhost:9008, content-type=application/json, connection=close, accept-encoding=identity, user-agent=Python-urllib/3.7}, params, {NanoHttpd.QUERY_STRING=null}, files: {postData={"jsonrpc": "2.0", "method": "dumpWindowHierarchy", "id": "e69c4f52d37d78ee0af31f68f6fba1a9", "params": [true, null]}}
