11-25 16:03:29.625 17082 17885 I UIAutomatorStub: Skipping invisible child: android.view.accessibility.AccessibilityNodeInfo@152f1; boundsInParent: Rect(0, 0 - 1080, 1582); boundsInScreen: Rect(0, 63 - 0, 1645); packageName: org.shadowice.flocke.andotp; className: android.widget.LinearLayout; text: null; error: null; maxTextLength: -1; contentDescription: null; tooltipText: null; viewIdResName: null; checkable: false; checked: false; focusable: false; focused: false; selected: false; clickable: false; longClickable: false; contextClickable: false; enabled: true; password: false; scrollable: false; importantForAccessibility: false; visible: false; actions: [AccessibilityAction: ACTION_SELECT - null, AccessibilityAction: ACTION_CLEAR_SELECTION - null, AccessibilityAction: ACTION_ACCESSIBILITY_FOCUS - null, AccessibilityAction: ACTION_SHOW_ON_SCREEN - null]
11-25 16:03:29.626 17082 17885 I UIAutomatorStub: Skipping invisible child: android.view.accessibility.AccessibilityNodeInfo@17c3c; boundsInParent: Rect(0, 0 - 1080, 1582); boundsInScreen: Rect(1080, 63 - 1080, 1645); packageName: org.shadowice.flocke.andotp; className: android.widget.ScrollView; text: null; error: null; maxTextLength: -1; contentDescription: null; tooltipText: null; viewIdResName: null; checkable: false; checked: false; focusable: true; focused: false; selected: false; clickable: false; longClickable: false; contextClickable: false; enabled: true; password: false; scrollable: false; importantForAccessibility: true; visible: false; actions: [AccessibilityAction: ACTION_FOCUS - null, AccessibilityAction: ACTION_SELECT - null, AccessibilityAction: ACTION_CLEAR_SELECTION - null, AccessibilityAction: ACTION_ACCESSIBILITY_FOCUS - null, AccessibilityAction: ACTION_SHOW_ON_SCREEN - null]
11-25 16:03:29.626 17082 17885 I UIAutomatorStub: Skipping invisible child: android.view.accessibility.AccessibilityNodeInfo@14f30; boundsInParent: Rect(0, 0 - 1080, 63); boundsInScreen: Rect(0, 0 - 1080, 63); packageName: org.shadowice.flocke.andotp; className: android.view.View; text: null; error: null; maxTextLength: -1; contentDescription: null; tooltipText: null; viewIdResName: android:id/statusBarBackground; checkable: false; checked: false; focusable: false; focused: false; selected: false; clickable: false; longClickable: false; contextClickable: false; enabled: true; password: false; scrollable: false; importantForAccessibility: false; visible: false; actions: [AccessibilityAction: ACTION_SELECT - null, AccessibilityAction: ACTION_CLEAR_SELECTION - null, AccessibilityAction: ACTION_ACCESSIBILITY_FOCUS - null, AccessibilityAction: ACTION_SHOW_ON_SCREEN - null]
11-25 16:03:29.626 17082 17885 I UIAutomatorStub: Skipping invisible child: android.view.accessibility.AccessibilityNodeInfo@14b6f; boundsInParent: Rect(0, 0 - 1080, 126); boundsInScreen: Rect(0, 1794 - 1080, 1920); packageName: org.shadowice.flocke.andotp; className: android.view.View; text: null; error: null; maxTextLength: -1; contentDescription: null; tooltipText: null; viewIdResName: android:id/navigationBarBackground; checkable: false; checked: false; focusable: false; focused: false; selected: false; clickable: false; longClickable: false; contextClickable: false; enabled: true; password: false; scrollable: false; importantForAccessibility: false; visible: false; actions: [AccessibilityAction: ACTION_SELECT - null, AccessibilityAction: ACTION_CLEAR_SELECTION - null, AccessibilityAction: ACTION_ACCESSIBILITY_FOCUS - null, AccessibilityAction: ACTION_SHOW_ON_SCREEN - null]
11-25 16:03:29.626 17082 17885 I UIAutomatorStub: Fetch time: 1ms
11-25 16:03:30.557  1800  2437 E GnssHAL_GnssInterface: gnssSvStatusCb: a: input svInfo.flags is 8
11-25 16:03:30.557  1800  2437 E GnssHAL_GnssInterface: gnssSvStatusCb: b: input svInfo.flags is 8
11-25 16:03:30.871 17082 17891 D UIAutomatorStub: URI: /jsonrpc/0, Method: POST, Header: {content-length=117, remote-addr=127.0.0.1, http-client-ip=127.0.0.1, host=localhost:9008, content-type=application/json, connection=close, accept-encoding=identity, user-agent=Python-urllib/3.7}, params, {NanoHttpd.QUERY_STRING=null}, files: {postData={"jsonrpc": "2.0", "method": "dumpWindowHierarchy", "id": "a267d59f9e635ddc0d59482ad6671801", "params": [true, null]}}
11-25 16:03:30.875 17082 17891 I UIAutomatorStub: Skipping invisible child: android.view.accessibility.AccessibilityNodeInfo@152f1; boundsInParent: Rect(0, 0 - 1080, 1582); boundsInScreen: Rect(0, 63 - 0, 1645); packageName: org.shadowice.flocke.andotp; className: android.widget.LinearLayout; text: null; error: null; maxTextLength: -1; contentDescription: null; tooltipText: null; viewIdResName: null; checkable: false; checked: false; focusable: false; focused: false; selected: false; clickable: false; longClickable: false; contextClickable: false; enabled: true; password: false; scrollable: false; importantForAccessibility: false; visible: false; actions: [AccessibilityAction: ACTION_SELECT - null, AccessibilityAction: ACTION_CLEAR_SELECTION - null, AccessibilityAction: ACTION_ACCESSIBILITY_FOCUS - null, AccessibilityAction: ACTION_SHOW_ON_SCREEN - null]
11-25 16:03:30.876 17082 17891 I UIAutomatorStub: Skipping invisible child: android.view.accessibility.AccessibilityNodeInfo@17c3c; boundsInParent: Rect(0, 0 - 1080, 1582); boundsInScreen: Rect(1080, 63 - 1080, 1645); packageName: org.shadowice.flocke.andotp; className: android.widget.ScrollView; text: null; error: null; maxTextLength: -1; contentDescription: null; tooltipText: null; viewIdResName: null; checkable: false; checked: false; focusable: true; focused: false; selected: false; clickable: false; longClickable: false; contextClickable: false; enabled: true; password: false; scrollable: false; importantForAccessibility: true; visible: false; actions: [AccessibilityAction: ACTION_FOCUS - null, AccessibilityAction: ACTION_SELECT - null, AccessibilityAction: ACTION_CLEAR_SELECTION - null, AccessibilityAction: ACTION_ACCESSIBILITY_FOCUS - null, AccessibilityAction: ACTION_SHOW_ON_SCREEN - null]
11-25 16:03:30.876 17082 17891 I UIAutomatorStub: Skipping invisible child: android.view.accessibility.AccessibilityNodeInfo@14f30; boundsInParent: Rect(0, 0 - 1080, 63); boundsInScreen: Rect(0, 0 - 1080, 63); packageName: org.shadowice.flocke.andotp; className: android.view.View; text: null; error: null; maxTextLength: -1; contentDescription: null; tooltipText: null; viewIdResName: android:id/statusBarBackground; checkable: false; checked: false; focusable: false; focused: false; selected: false; clickable: false; longClickable: false; contextClickable: false; enabled: true; password: false; scrollable: false; importantForAccessibility: false; visible: false; actions: [AccessibilityAction: ACTION_SELECT - null, AccessibilityAction: ACTION_CLEAR_SELECTION - null, AccessibilityAction: ACTION_ACCESSIBILITY_FOCUS - null, AccessibilityAction: ACTION_SHOW_ON_SCREEN - null]
11-25 16:03:30.876 17082 17891 I UIAutomatorStub: Skipping invisible child: android.view.accessibility.AccessibilityNodeInfo@14b6f; boundsInParent: Rect(0, 0 - 1080, 126); boundsInScreen: Rect(0, 1794 - 1080, 1920); packageName: org.shadowice.flocke.andotp; className: android.view.View; text: null; error: null; maxTextLength: -1; contentDescription: null; tooltipText: null; viewIdResName: android:id/navigationBarBackground; checkable: false; checked: false; focusable: false; focused: false; selected: false; clickable: false; longClickable: false; contextClickable: false; enabled: true; password: false; scrollable: false; importantForAccessibility: false; visible: false; actions: [AccessibilityAction: ACTION_SELECT - null, AccessibilityAction: ACTION_CLEAR_SELECTION - null, AccessibilityAction: ACTION_ACCESSIBILITY_FOCUS - null, AccessibilityAction: ACTION_SHOW_ON_SCREEN - null]
11-25 16:03:30.876 17082 17891 I UIAutomatorStub: Fetch time: 1ms
11-25 16:03:01.268  2044  2044 V SettingsProvider: Notifying for 0: content://settings/system/accelerometer_rotation
11-25 16:03:30.951  2044  2061 W AppOps  : Noting op not finished: uid 10098 pkg com.google.android.gms code 79 time=1700946190728 duration=-1
11-25 16:03:30.952  2044  2061 W AppOps  : Noting op not finished: uid 10098 pkg com.google.android.gms code 79 time=1700946210951 duration=0
11-25 16:03:30.952  2044  2061 W AppOps  : Noting op not finished: uid 10098 pkg com.google.android.gms code 79 time=1700946210952 duration=0
11-25 16:03:30.954  2044  2061 W AppOps  : Noting op not finished: uid 10098 pkg com.google.android.gms code 79 time=1700946210953 duration=0
11-25 16:03:30.955  2044  2061 W AppOps  : Noting op not finished: uid 10098 pkg com.google.android.gms code 79 time=1700946210954 duration=0
11-25 16:03:31.468  2044  2061 D WificondControl: Scan result ready event
11-25 16:03:31.479  2044  2070 E memtrack: Couldn't load memtrack module
11-25 16:03:31.479  2044  2070 W android.os.Debug: failed to get memory consumption info: -1
11-25 16:03:31.485 10653 10807 I ChimeraSrvcProxy: NullBinder for android.net.action.RECOMMEND_NETWORKS triggering remote TransactionTooLargeException due to Service without Chimera impl
11-25 16:03:31.560  1800  2437 E GnssHAL_GnssInterface: gnssSvStatusCb: a: input svInfo.flags is 8
11-25 16:03:31.560  1800  2437 E GnssHAL_GnssInterface: gnssSvStatusCb: b: input svInfo.flags is 8
11-25 16:03:32.175 17082 17899 D UIAutomatorStub: URI: /jsonrpc/0, Method: POST, Header: {content-length=117, remote-addr=127.0.0.1, http-client-ip=127.0.0.1, host=localhost:9008, content-type=application/json, connection=close, accept-encoding=identity, user-agent=Python-urllib/3.7}, params, {NanoHttpd.QUERY_STRING=null}, files: {postData={"jsonrpc": "2.0", "method": "dumpWindowHierarchy", "id": "4e67f80e620bdac7b2b8b9ecb669c742", "params": [true, null]}}
11-25 16:03:32.180 17082 17899 I UIAutomatorStub: Skipping invisible child: android.view.accessibility.AccessibilityNodeInfo@152f1; boundsInParent: Rect(0, 0 - 1080, 1582); boundsInScreen: Rect(0, 63 - 0, 1645); packageName: org.shadowice.flocke.andotp; className: android.widget.LinearLayout; text: null; error: null; maxTextLength: -1; contentDescription: null; tooltipText: null; viewIdResName: null; checkable: false; checked: false; focusable: false; focused: false; selected: false; clickable: false; longClickable: false; contextClickable: false; enabled: true; password: false; scrollable: false; importantForAccessibility: false; visible: false; actions: [AccessibilityAction: ACTION_SELECT - null, AccessibilityAction: ACTION_CLEAR_SELECTION - null, AccessibilityAction: ACTION_ACCESSIBILITY_FOCUS - null, AccessibilityAction: ACTION_SHOW_ON_SCREEN - null]
11-25 16:03:32.180 17082 17899 I UIAutomatorStub: Skipping invisible child: android.view.accessibility.AccessibilityNodeInfo@17c3c; boundsInParent: Rect(0, 0 - 1080, 1582); boundsInScreen: Rect(1080, 63 - 1080, 1645); packageName: org.shadowice.flocke.andotp; className: android.widget.ScrollView; text: null; error: null; maxTextLength: -1; contentDescription: null; tooltipText: null; viewIdResName: null; checkable: false; checked: false; focusable: true; focused: false; selected: false; clickable: false; longClickable: false; contextClickable: false; enabled: true; password: false; scrollable: false; importantForAccessibility: true; visible: false; actions: [AccessibilityAction: ACTION_FOCUS - null, AccessibilityAction: ACTION_SELECT - null, AccessibilityAction: ACTION_CLEAR_SELECTION - null, AccessibilityAction: ACTION_ACCESSIBILITY_FOCUS - null, AccessibilityAction: ACTION_SHOW_ON_SCREEN - null]
11-25 16:03:32.181 17082 17899 I UIAutomatorStub: Skipping invisible child: android.view.accessibility.AccessibilityNodeInfo@14f30; boundsInParent: Rect(0, 0 - 1080, 63); boundsInScreen: Rect(0, 0 - 1080, 63); packageName: org.shadowice.flocke.andotp; className: android.view.View; text: null; error: null; maxTextLength: -1; contentDescription: null; tooltipText: null; viewIdResName: android:id/statusBarBackground; checkable: false; checked: false; focusable: false; focused: false; selected: false; clickable: false; longClickable: false; contextClickable: false; enabled: true; password: false; scrollable: false; importantForAccessibility: false; visible: false; actions: [AccessibilityAction: ACTION_SELECT - null, AccessibilityAction: ACTION_CLEAR_SELECTION - null, AccessibilityAction: ACTION_ACCESSIBILITY_FOCUS - null, AccessibilityAction: ACTION_SHOW_ON_SCREEN - null]
11-25 16:03:32.182 17082 17899 I UIAutomatorStub: Skipping invisible child: android.view.accessibility.AccessibilityNodeInfo@14b6f; boundsInParent: Rect(0, 0 - 1080, 126); boundsInScreen: Rect(0, 1794 - 1080, 1920); packageName: org.shadowice.flocke.andotp; className: android.view.View; text: null; error: null; maxTextLength: -1; contentDescription: null; tooltipText: null; viewIdResName: android:id/navigationBarBackground; checkable: false; checked: false; focusable: false; focused: false; selected: false; clickable: false; longClickable: false; contextClickable: false; enabled: true; password: false; scrollable: false; importantForAccessibility: false; visible: false; actions: [AccessibilityAction: ACTION_SELECT - null, AccessibilityAction: ACTION_CLEAR_SELECTION - null, AccessibilityAction: ACTION_ACCESSIBILITY_FOCUS - null, AccessibilityAction: ACTION_SHOW_ON_SCREEN - null]
11-25 16:03:32.182 17082 17899 I UIAutomatorStub: Fetch time: 3ms
11-25 16:03:32.561  1800  2437 E GnssHAL_GnssInterface: gnssSvStatusCb: a: input svInfo.flags is 8
11-25 16:03:32.561  1800  2437 E GnssHAL_GnssInterface: gnssSvStatusCb: b: input svInfo.flags is 8
11-25 16:03:33.441 17082 17903 D UIAutomatorStub: URI: /jsonrpc/0, Method: POST, Header: {content-length=117, remote-addr=127.0.0.1, http-client-ip=127.0.0.1, host=localhost:9008, content-type=application/json, connection=close, accept-encoding=identity, user-agent=Python-urllib/3.7}, params, {NanoHttpd.QUERY_STRING=null}, files: {postData={"jsonrpc": "2.0", "method": "dumpWindowHierarchy", "id": "0c846c6f367ec5ef05d3a9a88ab044f6", "params": [true, null]}}
11-25 16:03:33.446 17082 17903 I UIAutomatorStub: Skipping invisible child: android.view.accessibility.AccessibilityNodeInfo@152f1; boundsInParent: Rect(0, 0 - 1080, 1582); boundsInScreen: Rect(0, 63 - 0, 1645); packageName: org.shadowice.flocke.andotp; className: android.widget.LinearLayout; text: null; error: null; maxTextLength: -1; contentDescription: null; tooltipText: null; viewIdResName: null; checkable: false; checked: false; focusable: false; focused: false; selected: false; clickable: false; longClickable: false; contextClickable: false; enabled: true; password: false; scrollable: false; importantForAccessibility: false; visible: false; actions: [AccessibilityAction: ACTION_SELECT - null, AccessibilityAction: ACTION_CLEAR_SELECTION - null, AccessibilityAction: ACTION_ACCESSIBILITY_FOCUS - null, AccessibilityAction: ACTION_SHOW_ON_SCREEN - null]
11-25 16:03:33.447 17082 17903 I UIAutomatorStub: Skipping invisible child: android.view.accessibility.AccessibilityNodeInfo@17c3c; boundsInParent: Rect(0, 0 - 1080, 1582); boundsInScreen: Rect(1080, 63 - 1080, 1645); packageName: org.shadowice.flocke.andotp; className: android.widget.ScrollView; text: null; error: null; maxTextLength: -1; contentDescription: null; tooltipText: null; viewIdResName: null; checkable: false; checked: false; focusable: true; focused: false; selected: false; clickable: false; longClickable: false; contextClickable: false; enabled: true; password: false; scrollable: false; importantForAccessibility: true; visible: false; actions: [AccessibilityAction: ACTION_FOCUS - null, AccessibilityAction: ACTION_SELECT - null, AccessibilityAction: ACTION_CLEAR_SELECTION - null, AccessibilityAction: ACTION_ACCESSIBILITY_FOCUS - null, AccessibilityAction: ACTION_SHOW_ON_SCREEN - null]
11-25 16:03:33.447 17082 17903 I UIAutomatorStub: Skipping invisible child: android.view.accessibility.AccessibilityNodeInfo@14f30; boundsInParent: Rect(0, 0 - 1080, 63); boundsInScreen: Rect(0, 0 - 1080, 63); packageName: org.shadowice.flocke.andotp; className: android.view.View; text: null; error: null; maxTextLength: -1; contentDescription: null; tooltipText: null; viewIdResName: android:id/statusBarBackground; checkable: false; checked: false; focusable: false; focused: false; selected: false; clickable: false; longClickable: false; contextClickable: false; enabled: true; password: false; scrollable: false; importantForAccessibility: false; visible: false; actions: [AccessibilityAction: ACTION_SELECT - null, AccessibilityAction: ACTION_CLEAR_SELECTION - null, AccessibilityAction: ACTION_ACCESSIBILITY_FOCUS - null, AccessibilityAction: ACTION_SHOW_ON_SCREEN - null]
11-25 16:03:33.447 17082 17903 I UIAutomatorStub: Skipping invisible child: android.view.accessibility.AccessibilityNodeInfo@14b6f; boundsInParent: Rect(0, 0 - 1080, 126); boundsInScreen: Rect(0, 1794 - 1080, 1920); packageName: org.shadowice.flocke.andotp; className: android.view.View; text: null; error: null; maxTextLength: -1; contentDescription: null; tooltipText: null; viewIdResName: android:id/navigationBarBackground; checkable: false; checked: false; focusable: false; focused: false; selected: false; clickable: false; longClickable: false; contextClickable: false; enabled: true; password: false; scrollable: false; importantForAccessibility: false; visible: false; actions: [AccessibilityAction: ACTION_SELECT - null, AccessibilityAction: ACTION_CLEAR_SELECTION - null, AccessibilityAction: ACTION_ACCESSIBILITY_FOCUS - null, AccessibilityAction: ACTION_SHOW_ON_SCREEN - null]
11-25 16:03:33.447 17082 17903 I UIAutomatorStub: Fetch time: 3ms
11-25 16:03:33.565  1800  2437 E GnssHAL_GnssInterface: gnssSvStatusCb: a: input svInfo.flags is 8
11-25 16:03:33.565  1800  2437 E GnssHAL_GnssInterface: gnssSvStatusCb: b: input svInfo.flags is 8
11-25 16:03:34.568  1800  2437 E GnssHAL_GnssInterface: gnssSvStatusCb: a: input svInfo.flags is 8
11-25 16:03:34.568  1800  2437 E GnssHAL_GnssInterface: gnssSvStatusCb: b: input svInfo.flags is 8
11-25 16:03:34.671 17909 17909 W app_process: type=1400 audit(0.0:4185): avc: denied { read } for name="u:object_r:device_config_runtime_native_boot_prop:s0" dev="tmpfs" ino=874 scontext=u:r:shell:s0 tcontext=u:object_r:device_config_runtime_native_boot_prop:s0 tclass=file permissive=0
11-25 16:03:34.683 17909 17909 D AndroidRuntime: >>>>>> START com.android.internal.os.RuntimeInit uid 2000 <<<<<<
11-25 16:03:34.685 17909 17909 E libc    : Access denied finding property "persist.device_config.runtime_native_boot.enable_apex_image"
11-25 16:03:34.685 17909 17909 I AndroidRuntime: Using default boot image
11-25 16:03:34.685 17909 17909 E libc    : Access denied finding property "persist.device_config.runtime_native_boot.disable_lock_profiling"
11-25 16:03:34.685 17909 17909 I AndroidRuntime: Leaving lock profiling enabled
11-25 16:03:34.685 17909 17909 E libc    : Access denied finding property "persist.device_config.runtime_native_boot.enable_generational_cc"
11-25 16:03:34.689 17909 17909 W app_process: Could not reserve sentinel fault page
11-25 16:03:34.754 17909 17909 D ICU     : Time zone APEX file found: /apex/com.android.tzdata/etc/icu/icu_tzdata.dat
11-25 16:03:34.757 17909 17909 W app_process: Unexpected CPU variant for X86 using defaults: x86
11-25 16:03:34.763 17909 17909 I app_process: The ClassLoaderContext is a special shared library.
11-25 16:03:34.777 17909 17909 W app_process: JNI RegisterNativeMethods: attempt to register 0 native methods for android.media.AudioAttributes
11-25 16:03:34.779 17909 17909 D AndroidRuntime: Calling main entry com.android.commands.monkey.Monkey
11-25 16:03:34.781 17909 17909 W Monkey  : args: [-p, org.shadowice.flocke.andotp, -c, android.intent.category.LAUNCHER, 1]
11-25 16:03:34.782 17909 17909 W Monkey  :  arg: "-p"
11-25 16:03:34.782 17909 17909 W Monkey  :  arg: "org.shadowice.flocke.andotp"
11-25 16:03:34.782 17909 17909 W Monkey  :  arg: "-c"
11-25 16:03:34.783 17909 17909 W Monkey  :  arg: "android.intent.category.LAUNCHER"
11-25 16:03:34.783 17909 17909 W Monkey  :  arg: "1"
11-25 16:03:34.783 17909 17909 W Monkey  : data="org.shadowice.flocke.andotp"
11-25 16:03:34.783 17909 17909 W Monkey  : data="android.intent.category.LAUNCHER"
11-25 16:03:34.794  2044  2071 W BroadcastQueue: Skipping deliver [background] BroadcastRecord{9eebab6 u-1 android.net.conn.CONNECTIVITY_CHANGE} to ReceiverList{64d23b7 17909 (unknown name)/2000/u-1 remote:701cb78}: process gone or crashing
11-25 16:03:34.804  2044  2061 I ActivityTaskManager: START u0 {act=android.intent.action.MAIN cat=[android.intent.category.LAUNCHER] flg=0x10200000 cmp=org.shadowice.flocke.andotp/.Activities.MainActivity} from uid 2000
11-25 16:03:34.805  2044  2061 W Binder  : Outgoing transactions from this process must be FLAG_ONEWAY
11-25 16:03:34.805  2044  2061 W Binder  : java.lang.Throwable
11-25 16:03:34.805  2044  2061 W Binder  : 	at android.os.BinderProxy.transact(BinderProxy.java:480)
11-25 16:03:34.805  2044  2061 W Binder  : 	at android.app.IActivityController$Stub$Proxy.activityStarting(IActivityController.java:273)
11-25 16:03:34.805  2044  2061 W Binder  : 	at com.android.server.wm.ActivityStarter.startActivity(ActivityStarter.java:794)
11-25 16:03:34.805  2044  2061 W Binder  : 	at com.android.server.wm.ActivityStarter.startActivity(ActivityStarter.java:583)
11-25 16:03:34.805  2044  2061 W Binder  : 	at com.android.server.wm.ActivityStarter.startActivityMayWait(ActivityStarter.java:1288)
11-25 16:03:34.805  2044  2061 W Binder  : 	at com.android.server.wm.ActivityStarter.execute(ActivityStarter.java:514)
11-25 16:03:34.805  2044  2061 W Binder  : 	at com.android.server.wm.ActivityTaskManagerService.startActivityAsUser(ActivityTaskManagerService.java:1058)
11-25 16:03:34.805  2044  2061 W Binder  : 	at com.android.server.wm.ActivityTaskManagerService.startActivityAsUser(ActivityTaskManagerService.java:1032)
11-25 16:03:34.805  2044  2061 W Binder  : 	at com.android.server.am.ActivityManagerService.startActivityAsUser(ActivityManagerService.java:3504)
11-25 16:03:34.805  2044  2061 W Binder  : 	at android.app.IActivityManager$Stub.onTransact(IActivityManager.java:3537)
11-25 16:03:34.805  2044  2061 W Binder  : 	at com.android.server.am.ActivityManagerService.onTransact(ActivityManagerService.java:2741)
11-25 16:03:34.805  2044  2061 W Binder  : 	at android.os.Binder.execTransactInternal(Binder.java:1021)
11-25 16:03:34.805  2044  2061 W Binder  : 	at android.os.Binder.execTransact(Binder.java:994)
11-25 16:03:34.808 17909 17909 I Monkey  : Events injected: 1
11-25 16:03:34.810  2044  2044 V SettingsProvider: Notifying for 0: content://settings/system/accelerometer_rotation
11-25 16:03:34.813  2044  2065 W InputReader: Device has associated, but no associated display id.
11-25 16:03:34.814  2044  2065 I chatty  : uid=1000(system) android.display identical 8 lines
11-25 16:03:34.814  2044  2065 W InputReader: Device has associated, but no associated display id.
11-25 16:03:34.817 17909 17909 I Monkey  : ## Network stats: elapsed time=13ms (0ms mobile, 0ms wifi, 13ms not connected)
11-25 16:03:34.818 17909 17909 I app_process: System.exit called, status: 0
11-25 16:03:34.818 17909 17909 I AndroidRuntime: VM exiting with result code 0.
11-25 16:03:34.819  2044  2065 W InputReader: Device has associated, but no associated display id.
11-25 16:03:34.816  2044  2044 V SettingsProvider: Notifying for 0: content://settings/system/accelerometer_rotation
11-25 16:03:34.927  2044  3451 W AppOps  : Noting op not finished: uid 10098 pkg com.google.android.gms code 79 time=1700946210955 duration=0
11-25 16:03:34.928  2044  3451 W AppOps  : Noting op not finished: uid 10098 pkg com.google.android.gms code 79 time=1700946214927 duration=0
11-25 16:03:34.930  2044  3451 W AppOps  : Noting op not finished: uid 10098 pkg com.google.android.gms code 79 time=1700946214929 duration=0
11-25 16:03:34.932  2044  3451 W AppOps  : Noting op not finished: uid 10098 pkg com.google.android.gms code 79 time=1700946214930 duration=0
11-25 16:03:34.933  2044  3451 W AppOps  : Noting op not finished: uid 10098 pkg com.google.android.gms code 79 time=1700946214932 duration=0
11-25 16:03:34.940  2044  3451 W AppOps  : Noting op not finished: uid 10098 pkg com.google.android.gms code 79 time=1700946214933 duration=0
11-25 16:03:34.946  2044  3451 W AppOps  : Noting op not finished: uid 10098 pkg com.google.android.gms code 79 time=1700946214940 duration=0
11-25 16:03:34.950  2044  3451 W AppOps  : Noting op not finished: uid 10098 pkg com.google.android.gms code 79 time=1700946214946 duration=0
11-25 16:03:34.953  2044  3451 W AppOps  : Noting op not finished: uid 10098 pkg com.google.android.gms code 79 time=1700946214950 duration=0
11-25 16:03:34.961  2044  2061 W AppOps  : Noting op not finished: uid 10098 pkg com.google.android.gms code 79 time=1700946214953 duration=0
11-25 16:03:34.819  2044  2065 I chatty  : uid=1000(system) android.display identical 8 lines
11-25 16:03:34.819  2044  2065 W InputReader: Device has associated, but no associated display id.
11-25 16:03:35.573  1800  2437 E GnssHAL_GnssInterface: gnssSvStatusCb: a: input svInfo.flags is 8
11-25 16:03:35.573  1800  2437 E GnssHAL_GnssInterface: gnssSvStatusCb: b: input svInfo.flags is 8
11-25 16:03:36.577  1800  2437 E GnssHAL_GnssInterface: gnssSvStatusCb: a: input svInfo.flags is 8
11-25 16:03:36.577  1800  2437 E GnssHAL_GnssInterface: gnssSvStatusCb: b: input svInfo.flags is 8
11-25 16:03:37.580  1800  2437 E GnssHAL_GnssInterface: gnssSvStatusCb: a: input svInfo.flags is 8
11-25 16:03:37.580  1800  2437 E GnssHAL_GnssInterface: gnssSvStatusCb: b: input svInfo.flags is 8
11-25 16:03:38.583  1800  2437 E GnssHAL_GnssInterface: gnssSvStatusCb: a: input svInfo.flags is 8
11-25 16:03:38.583  1800  2437 E GnssHAL_GnssInterface: gnssSvStatusCb: b: input svInfo.flags is 8
11-25 16:03:39.583  1800  2437 E GnssHAL_GnssInterface: gnssSvStatusCb: a: input svInfo.flags is 8
11-25 16:03:39.583  1800  2437 E GnssHAL_GnssInterface: gnssSvStatusCb: b: input svInfo.flags is 8
11-25 16:03:39.686  1953  1953 E netmgr  : Failed to open QEMU pipe 'qemud:network': Invalid argument
11-25 16:03:40.114  1960  1960 E wifi_forwarder: RemoteConnection failed to initialize: RemoteConnection failed to open pipe
11-25 16:03:40.584  1800  2437 E GnssHAL_GnssInterface: gnssSvStatusCb: a: input svInfo.flags is 8
11-25 16:03:40.584  1800  2437 E GnssHAL_GnssInterface: gnssSvStatusCb: b: input svInfo.flags is 8
11-25 16:03:41.585  1800  2437 E GnssHAL_GnssInterface: gnssSvStatusCb: a: input svInfo.flags is 8
11-25 16:03:41.586  1800  2437 E GnssHAL_GnssInterface: gnssSvStatusCb: b: input svInfo.flags is 8
11-25 16:03:42.589  1800  2437 E GnssHAL_GnssInterface: gnssSvStatusCb: a: input svInfo.flags is 8
11-25 16:03:42.589  1800  2437 E GnssHAL_GnssInterface: gnssSvStatusCb: b: input svInfo.flags is 8
11-25 16:03:43.593  1800  2437 E GnssHAL_GnssInterface: gnssSvStatusCb: a: input svInfo.flags is 8
11-25 16:03:43.594  1800  2437 E GnssHAL_GnssInterface: gnssSvStatusCb: b: input svInfo.flags is 8
11-25 16:03:44.594  1800  2437 E GnssHAL_GnssInterface: gnssSvStatusCb: a: input svInfo.flags is 8
11-25 16:03:44.594  1800  2437 E GnssHAL_GnssInterface: gnssSvStatusCb: b: input svInfo.flags is 8
11-25 16:03:45.596  1800  2437 E GnssHAL_GnssInterface: gnssSvStatusCb: a: input svInfo.flags is 8
11-25 16:03:45.596  1800  2437 E GnssHAL_GnssInterface: gnssSvStatusCb: b: input svInfo.flags is 8
11-25 16:03:46.601  1800  2437 E GnssHAL_GnssInterface: gnssSvStatusCb: a: input svInfo.flags is 8
11-25 16:03:46.601  1800  2437 E GnssHAL_GnssInterface: gnssSvStatusCb: b: input svInfo.flags is 8
11-25 16:03:47.606  1800  2437 E GnssHAL_GnssInterface: gnssSvStatusCb: a: input svInfo.flags is 8
11-25 16:03:47.606  1800  2437 E GnssHAL_GnssInterface: gnssSvStatusCb: b: input svInfo.flags is 8
11-25 16:03:48.610  1800  2437 E GnssHAL_GnssInterface: gnssSvStatusCb: a: input svInfo.flags is 8
11-25 16:03:48.610  1800  2437 E GnssHAL_GnssInterface: gnssSvStatusCb: b: input svInfo.flags is 8
11-25 16:03:49.614  1800  2437 E GnssHAL_GnssInterface: gnssSvStatusCb: a: input svInfo.flags is 8
11-25 16:03:49.614  1800  2437 E GnssHAL_GnssInterface: gnssSvStatusCb: b: input svInfo.flags is 8
11-25 16:03:50.111 17082 17935 D UIAutomatorStub: URI: /jsonrpc/0, Method: POST, Header: {content-length=117, remote-addr=127.0.0.1, http-client-ip=127.0.0.1, host=localhost:9008, content-type=application/json, connection=close, accept-encoding=identity, user-agent=Python-urllib/3.7}, params, {NanoHttpd.QUERY_STRING=null}, files: {postData={"jsonrpc": "2.0", "method": "dumpWindowHierarchy", "id": "8b30b61115762913de8e8889b78a6c87", "params": [true, null]}}
11-25 16:03:50.114 17082 17102 I hub.uiautomato: Waiting for a blocking GC ProfileSaver
11-25 16:03:50.115 17082 17935 I UIAutomatorStub: Skipping invisible child: android.view.accessibility.AccessibilityNodeInfo@152f1; boundsInParent: Rect(0, 0 - 1080, 1582); boundsInScreen: Rect(0, 63 - 0, 1645); packageName: org.shadowice.flocke.andotp; className: android.widget.LinearLayout; text: null; error: null; maxTextLength: -1; contentDescription: null; tooltipText: null; viewIdResName: null; checkable: false; checked: false; focusable: false; focused: false; selected: false; clickable: false; longClickable: false; contextClickable: false; enabled: true; password: false; scrollable: false; importantForAccessibility: false; visible: false; actions: [AccessibilityAction: ACTION_SELECT - null, AccessibilityAction: ACTION_CLEAR_SELECTION - null, AccessibilityAction: ACTION_ACCESSIBILITY_FOCUS - null, AccessibilityAction: ACTION_SHOW_ON_SCREEN - null]
11-25 16:03:50.115 17082 17935 I UIAutomatorStub: Skipping invisible child: android.view.accessibility.AccessibilityNodeInfo@17c3c; boundsInParent: Rect(0, 0 - 1080, 1582); boundsInScreen: Rect(1080, 63 - 1080, 1645); packageName: org.shadowice.flocke.andotp; className: android.widget.ScrollView; text: null; error: null; maxTextLength: -1; contentDescription: null; tooltipText: null; viewIdResName: null; checkable: false; checked: false; focusable: true; focused: false; selected: false; clickable: false; longClickable: false; contextClickable: false; enabled: true; password: false; scrollable: false; importantForAccessibility: true; visible: false; actions: [AccessibilityAction: ACTION_FOCUS - null, AccessibilityAction: ACTION_SELECT - null, AccessibilityAction: ACTION_CLEAR_SELECTION - null, AccessibilityAction: ACTION_ACCESSIBILITY_FOCUS - null, AccessibilityAction: ACTION_SHOW_ON_SCREEN - null]
11-25 16:03:50.115 17082 17935 I UIAutomatorStub: Skipping invisible child: android.view.accessibility.AccessibilityNodeInfo@14f30; boundsInParent: Rect(0, 0 - 1080, 63); boundsInScreen: Rect(0, 0 - 1080, 63); packageName: org.shadowice.flocke.andotp; className: android.view.View; text: null; error: null; maxTextLength: -1; contentDescription: null; tooltipText: null; viewIdResName: android:id/statusBarBackground; checkable: false; checked: false; focusable: false; focused: false; selected: false; clickable: false; longClickable: false; contextClickable: false; enabled: true; password: false; scrollable: false; importantForAccessibility: false; visible: false; actions: [AccessibilityAction: ACTION_SELECT - null, AccessibilityAction: ACTION_CLEAR_SELECTION - null, AccessibilityAction: ACTION_ACCESSIBILITY_FOCUS - null, AccessibilityAction: ACTION_SHOW_ON_SCREEN - null]
11-25 16:03:50.115 17082 17935 I UIAutomatorStub: Skipping invisible child: android.view.accessibility.AccessibilityNodeInfo@14b6f; boundsInParent: Rect(0, 0 - 1080, 126); boundsInScreen: Rect(0, 1794 - 1080, 1920); packageName: org.shadowice.flocke.andotp; className: android.view.View; text: null; error: null; maxTextLength: -1; contentDescription: null; tooltipText: null; viewIdResName: android:id/navigationBarBackground; checkable: false; checked: false; focusable: false; focused: false; selected: false; clickable: false; longClickable: false; contextClickable: false; enabled: true; password: false; scrollable: false; importantForAccessibility: false; visible: false; actions: [AccessibilityAction: ACTION_SELECT - null, AccessibilityAction: ACTION_CLEAR_SELECTION - null, AccessibilityAction: ACTION_ACCESSIBILITY_FOCUS - null, AccessibilityAction: ACTION_SHOW_ON_SCREEN - null]
11-25 16:03:50.116 17082 17935 I UIAutomatorStub: Fetch time: 2ms
11-25 16:03:50.615  1800  2437 E GnssHAL_GnssInterface: gnssSvStatusCb: a: input svInfo.flags is 8
11-25 16:03:50.615  1800  2437 E GnssHAL_GnssInterface: gnssSvStatusCb: b: input svInfo.flags is 8
11-25 16:03:51.256 17938 17938 D AndroidRuntime: >>>>>> START com.android.internal.os.RuntimeInit uid 2000 <<<<<<
11-25 16:03:51.251 17938 17938 W app_process: type=1400 audit(0.0:4188): avc: denied { read } for name="u:object_r:device_config_runtime_native_boot_prop:s0" dev="tmpfs" ino=874 scontext=u:r:shell:s0 tcontext=u:object_r:device_config_runtime_native_boot_prop:s0 tclass=file permissive=0
11-25 16:03:51.251 17938 17938 I chatty  : uid=2000(shell) app_process identical 1 line
11-25 16:03:51.251 17938 17938 W app_process: type=1400 audit(0.0:4190): avc: denied { read } for name="u:object_r:device_config_runtime_native_boot_prop:s0" dev="tmpfs" ino=874 scontext=u:r:shell:s0 tcontext=u:object_r:device_config_runtime_native_boot_prop:s0 tclass=file permissive=0
11-25 16:03:51.258 17938 17938 E libc    : Access denied finding property "persist.device_config.runtime_native_boot.enable_apex_image"
11-25 16:03:51.258 17938 17938 I AndroidRuntime: Using default boot image
11-25 16:03:51.258 17938 17938 E libc    : Access denied finding property "persist.device_config.runtime_native_boot.disable_lock_profiling"
11-25 16:03:51.258 17938 17938 I AndroidRuntime: Leaving lock profiling enabled
11-25 16:03:51.258 17938 17938 E libc    : Access denied finding property "persist.device_config.runtime_native_boot.enable_generational_cc"
11-25 16:03:51.300 17938 17938 D ICU     : Time zone APEX file found: /apex/com.android.tzdata/etc/icu/icu_tzdata.dat
11-25 16:03:51.303 17938 17938 W app_process: Unexpected CPU variant for X86 using defaults: x86
11-25 16:03:51.305 17938 17938 I app_process: The ClassLoaderContext is a special shared library.
11-25 16:03:51.318 17938 17938 W app_process: JNI RegisterNativeMethods: attempt to register 0 native methods for android.media.AudioAttributes
11-25 16:03:51.321 17938 17938 D AndroidRuntime: Calling main entry com.android.commands.input.Input
11-25 16:03:51.359 16829 16858 D EGL_emulation: eglMakeCurrent: 0xebb19380: ver 3 0 (tinfo 0xdda4d870)
11-25 16:03:51.618  1800  2437 E GnssHAL_GnssInterface: gnssSvStatusCb: a: input svInfo.flags is 8
11-25 16:03:51.618  1800  2437 E GnssHAL_GnssInterface: gnssSvStatusCb: b: input svInfo.flags is 8
11-25 16:03:52.623  1800  2437 E GnssHAL_GnssInterface: gnssSvStatusCb: a: input svInfo.flags is 8
11-25 16:03:52.623  1800  2437 E GnssHAL_GnssInterface: gnssSvStatusCb: b: input svInfo.flags is 8
11-25 16:03:53.331 17938 17938 D AndroidRuntime: Shutting down VM
11-25 16:03:53.352  1801  1801 D gralloc_ranchu: gralloc_alloc: Creating ashmem region of size 1462272
11-25 16:03:53.353  1801  1801 I chatty  : uid=1000(system) allocator@2.0-s identical 1 line
11-25 16:03:53.354  1801  1801 D gralloc_ranchu: gralloc_alloc: Creating ashmem region of size 1462272
11-25 16:03:53.359 16829 16858 D EGL_emulation: eglMakeCurrent: 0xebb19380: ver 3 0 (tinfo 0xdda4d870)
11-25 16:03:53.498 16829 16858 I chatty  : uid=10168(org.shadowice.flocke.andotp) RenderThread identical 15 lines
11-25 16:03:53.514 16829 16858 D EGL_emulation: eglMakeCurrent: 0xebb19380: ver 3 0 (tinfo 0xdda4d870)
11-25 16:03:53.625  1800  2437 E GnssHAL_GnssInterface: gnssSvStatusCb: a: input svInfo.flags is 8
11-25 16:03:53.625  1800  2437 E GnssHAL_GnssInterface: gnssSvStatusCb: b: input svInfo.flags is 8
11-25 16:03:54.630  1800  2437 E GnssHAL_GnssInterface: gnssSvStatusCb: a: input svInfo.flags is 8
11-25 16:03:54.630  1800  2437 E GnssHAL_GnssInterface: gnssSvStatusCb: b: input svInfo.flags is 8
11-25 16:03:55.630  1800  2437 E GnssHAL_GnssInterface: gnssSvStatusCb: a: input svInfo.flags is 8
11-25 16:03:55.631  1800  2437 E GnssHAL_GnssInterface: gnssSvStatusCb: b: input svInfo.flags is 8
11-25 16:03:56.635  1800  2437 E GnssHAL_GnssInterface: gnssSvStatusCb: a: input svInfo.flags is 8
11-25 16:03:56.635  1800  2437 E GnssHAL_GnssInterface: gnssSvStatusCb: b: input svInfo.flags is 8
11-25 16:03:57.323 17971 17971 D AndroidRuntime: >>>>>> START com.android.internal.os.RuntimeInit uid 2000 <<<<<<
11-25 16:03:57.326 17971 17971 E libc    : Access denied finding property "persist.device_config.runtime_native_boot.enable_apex_image"
11-25 16:03:57.326 17971 17971 I AndroidRuntime: Using default boot image
11-25 16:03:57.326 17971 17971 E libc    : Access denied finding property "persist.device_config.runtime_native_boot.disable_lock_profiling"
11-25 16:03:57.326 17971 17971 I AndroidRuntime: Leaving lock profiling enabled
11-25 16:03:57.327 17971 17971 E libc    : Access denied finding property "persist.device_config.runtime_native_boot.enable_generational_cc"
11-25 16:03:57.321 17971 17971 W app_process: type=1400 audit(0.0:4191): avc: denied { read } for name="u:object_r:device_config_runtime_native_boot_prop:s0" dev="tmpfs" ino=874 scontext=u:r:shell:s0 tcontext=u:object_r:device_config_runtime_native_boot_prop:s0 tclass=file permissive=0
11-25 16:03:57.408 17971 17971 D ICU     : Time zone APEX file found: /apex/com.android.tzdata/etc/icu/icu_tzdata.dat
11-25 16:03:57.412 17971 17971 W app_process: Unexpected CPU variant for X86 using defaults: x86
11-25 16:03:57.415 17971 17971 I app_process: The ClassLoaderContext is a special shared library.
11-25 16:03:57.431 17971 17971 W app_process: JNI RegisterNativeMethods: attempt to register 0 native methods for android.media.AudioAttributes
11-25 16:03:57.433 17971 17971 D AndroidRuntime: Calling main entry com.android.commands.monkey.Monkey
11-25 16:03:57.435 17971 17971 W Monkey  : args: [-p, org.shadowice.flocke.andotp, -c, android.intent.category.LAUNCHER, 1]
11-25 16:03:57.436 17971 17971 W Monkey  :  arg: "-p"
11-25 16:03:57.436 17971 17971 W Monkey  :  arg: "org.shadowice.flocke.andotp"
11-25 16:03:57.436 17971 17971 W Monkey  :  arg: "-c"
11-25 16:03:57.436 17971 17971 W Monkey  :  arg: "android.intent.category.LAUNCHER"
11-25 16:03:57.436 17971 17971 W Monkey  :  arg: "1"
11-25 16:03:57.436 17971 17971 W Monkey  : data="org.shadowice.flocke.andotp"
11-25 16:03:57.436 17971 17971 W Monkey  : data="android.intent.category.LAUNCHER"
11-25 16:03:57.450  2044  2071 W BroadcastQueue: Skipping deliver [background] BroadcastRecord{cefc6ec u-1 android.net.conn.CONNECTIVITY_CHANGE} to ReceiverList{73bcab5 17971 (unknown name)/2000/u-1 remote:dc8933e}: process gone or crashing
11-25 16:03:57.462  2044  3451 I ActivityTaskManager: START u0 {act=android.intent.action.MAIN cat=[android.intent.category.LAUNCHER] flg=0x10200000 cmp=org.shadowice.flocke.andotp/.Activities.MainActivity} from uid 2000
11-25 16:03:57.462  2044  3451 W Binder  : Outgoing transactions from this process must be FLAG_ONEWAY
11-25 16:03:57.462  2044  3451 W Binder  : java.lang.Throwable
11-25 16:03:57.462  2044  3451 W Binder  : 	at android.os.BinderProxy.transact(BinderProxy.java:480)
11-25 16:03:57.462  2044  3451 W Binder  : 	at android.app.IActivityController$Stub$Proxy.activityStarting(IActivityController.java:273)
11-25 16:03:57.462  2044  3451 W Binder  : 	at com.android.server.wm.ActivityStarter.startActivity(ActivityStarter.java:794)
11-25 16:03:57.462  2044  3451 W Binder  : 	at com.android.server.wm.ActivityStarter.startActivity(ActivityStarter.java:583)
11-25 16:03:57.462  2044  3451 W Binder  : 	at com.android.server.wm.ActivityStarter.startActivityMayWait(ActivityStarter.java:1288)
11-25 16:03:57.462  2044  3451 W Binder  : 	at com.android.server.wm.ActivityStarter.execute(ActivityStarter.java:514)
11-25 16:03:57.462  2044  3451 W Binder  : 	at com.android.server.wm.ActivityTaskManagerService.startActivityAsUser(ActivityTaskManagerService.java:1058)
11-25 16:03:57.462  2044  3451 W Binder  : 	at com.android.server.wm.ActivityTaskManagerService.startActivityAsUser(ActivityTaskManagerService.java:1032)
11-25 16:03:57.462  2044  3451 W Binder  : 	at com.android.server.am.ActivityManagerService.startActivityAsUser(ActivityManagerService.java:3504)
11-25 16:03:57.462  2044  3451 W Binder  : 	at android.app.IActivityManager$Stub.onTransact(IActivityManager.java:3537)
11-25 16:03:57.462  2044  3451 W Binder  : 	at com.android.server.am.ActivityManagerService.onTransact(ActivityManagerService.java:2741)
11-25 16:03:57.462  2044  3451 W Binder  : 	at android.os.Binder.execTransactInternal(Binder.java:1021)
11-25 16:03:57.462  2044  3451 W Binder  : 	at android.os.Binder.execTransact(Binder.java:994)
11-25 16:03:57.466 17971 17971 I Monkey  : Events injected: 1
11-25 16:03:57.467  2044  2044 V SettingsProvider: Notifying for 0: content://settings/system/accelerometer_rotation
11-25 16:03:57.470 17971 17971 I Monkey  : ## Network stats: elapsed time=7ms (0ms mobile, 0ms wifi, 7ms not connected)
11-25 16:03:57.471 17971 17971 I app_process: System.exit called, status: 0
11-25 16:03:57.471 17971 17971 I AndroidRuntime: VM exiting with result code 0.
11-25 16:03:57.635  1800  2437 E GnssHAL_GnssInterface: gnssSvStatusCb: a: input svInfo.flags is 8
11-25 16:03:57.636  1800  2437 E GnssHAL_GnssInterface: gnssSvStatusCb: b: input svInfo.flags is 8
11-25 16:03:58.640  1800  2437 E GnssHAL_GnssInterface: gnssSvStatusCb: a: input svInfo.flags is 8
11-25 16:03:58.640  1800  2437 E GnssHAL_GnssInterface: gnssSvStatusCb: b: input svInfo.flags is 8
11-25 16:03:59.643  1800  2437 E GnssHAL_GnssInterface: gnssSvStatusCb: a: input svInfo.flags is 8
11-25 16:03:59.643  1800  2437 E GnssHAL_GnssInterface: gnssSvStatusCb: b: input svInfo.flags is 8
11-25 16:04:00.647  1800  2437 E GnssHAL_GnssInterface: gnssSvStatusCb: a: input svInfo.flags is 8
11-25 16:04:00.647  1800  2437 E GnssHAL_GnssInterface: gnssSvStatusCb: b: input svInfo.flags is 8
11-25 16:04:01.650  1800  2437 E GnssHAL_GnssInterface: gnssSvStatusCb: a: input svInfo.flags is 8
11-25 16:04:01.650  1800  2437 E GnssHAL_GnssInterface: gnssSvStatusCb: b: input svInfo.flags is 8
11-25 16:04:02.653  1800  2437 E GnssHAL_GnssInterface: gnssSvStatusCb: a: input svInfo.flags is 8
11-25 16:04:02.653  1800  2437 E GnssHAL_GnssInterface: gnssSvStatusCb: b: input svInfo.flags is 8
11-25 16:04:03.657  1800  2437 E GnssHAL_GnssInterface: gnssSvStatusCb: a: input svInfo.flags is 8
11-25 16:04:03.657  1800  2437 E GnssHAL_GnssInterface: gnssSvStatusCb: b: input svInfo.flags is 8
11-25 16:04:04.661  1800  2437 E GnssHAL_GnssInterface: gnssSvStatusCb: a: input svInfo.flags is 8
11-25 16:04:04.661  1800  2437 E GnssHAL_GnssInterface: gnssSvStatusCb: b: input svInfo.flags is 8
11-25 16:04:05.663  1800  2437 E GnssHAL_GnssInterface: gnssSvStatusCb: a: input svInfo.flags is 8
11-25 16:04:05.663  1800  2437 E GnssHAL_GnssInterface: gnssSvStatusCb: b: input svInfo.flags is 8
11-25 16:04:06.668  1800  2437 E GnssHAL_GnssInterface: gnssSvStatusCb: a: input svInfo.flags is 8
11-25 16:04:06.668  1800  2437 E GnssHAL_GnssInterface: gnssSvStatusCb: b: input svInfo.flags is 8
11-25 16:04:07.671  1800  2437 E GnssHAL_GnssInterface: gnssSvStatusCb: a: input svInfo.flags is 8
11-25 16:04:07.671  1800  2437 E GnssHAL_GnssInterface: gnssSvStatusCb: b: input svInfo.flags is 8
11-25 16:04:08.673  1800  2437 E GnssHAL_GnssInterface: gnssSvStatusCb: a: input svInfo.flags is 8
11-25 16:04:08.673  1800  2437 E GnssHAL_GnssInterface: gnssSvStatusCb: b: input svInfo.flags is 8
11-25 16:04:09.674  1800  2437 E GnssHAL_GnssInterface: gnssSvStatusCb: a: input svInfo.flags is 8
11-25 16:04:09.674  1800  2437 E GnssHAL_GnssInterface: gnssSvStatusCb: b: input svInfo.flags is 8
11-25 16:04:10.677  1800  2437 E GnssHAL_GnssInterface: gnssSvStatusCb: a: input svInfo.flags is 8
11-25 16:04:10.677  1800  2437 E GnssHAL_GnssInterface: gnssSvStatusCb: b: input svInfo.flags is 8
11-25 16:04:11.682  1800  2437 E GnssHAL_GnssInterface: gnssSvStatusCb: a: input svInfo.flags is 8
11-25 16:04:11.682  1800  2437 E GnssHAL_GnssInterface: gnssSvStatusCb: b: input svInfo.flags is 8
11-25 16:04:12.686  1800  2437 E GnssHAL_GnssInterface: gnssSvStatusCb: a: input svInfo.flags is 8
11-25 16:04:12.686  1800  2437 E GnssHAL_GnssInterface: gnssSvStatusCb: b: input svInfo.flags is 8
11-25 16:04:13.686  1800  2437 E GnssHAL_GnssInterface: gnssSvStatusCb: a: input svInfo.flags is 8
11-25 16:04:13.686  1800  2437 E GnssHAL_GnssInterface: gnssSvStatusCb: b: input svInfo.flags is 8
11-25 16:04:13.733 17082 17995 D UIAutomatorStub: URI: /jsonrpc/0, Method: POST, Header: {content-length=117, remote-addr=127.0.0.1, http-client-ip=127.0.0.1, host=localhost:9008, content-type=application/json, connection=close, accept-encoding=identity, user-agent=Python-urllib/3.7}, params, {NanoHttpd.QUERY_STRING=null}, files: {postData={"jsonrpc": "2.0", "method": "dumpWindowHierarchy", "id": "60ffd5ab95e94904113c08eb159489b0", "params": [true, null]}}
11-25 16:04:13.737 17082 17995 I UIAutomatorStub: Fetch time: 0ms
11-25 16:04:14.689  1800  2437 E GnssHAL_GnssInterface: gnssSvStatusCb: a: input svInfo.flags is 8
11-25 16:04:14.689  1800  2437 E GnssHAL_GnssInterface: gnssSvStatusCb: b: input svInfo.flags is 8
11-25 16:04:15.598 17082 18007 D UIAutomatorStub: URI: /jsonrpc/0, Method: POST, Header: {content-length=117, remote-addr=127.0.0.1, http-client-ip=127.0.0.1, host=localhost:9008, content-type=application/json, connection=close, accept-encoding=identity, user-agent=Python-urllib/3.7}, params, {NanoHttpd.QUERY_STRING=null}, files: {postData={"jsonrpc": "2.0", "method": "dumpWindowHierarchy", "id": "823e5029dc07be4a06dc140deead380b", "params": [true, null]}}
11-25 16:04:15.601 17082 18007 I UIAutomatorStub: Fetch time: 1ms
11-25 16:04:15.694  1800  2437 E GnssHAL_GnssInterface: gnssSvStatusCb: a: input svInfo.flags is 8
11-25 16:04:15.694  1800  2437 E GnssHAL_GnssInterface: gnssSvStatusCb: b: input svInfo.flags is 8
11-25 16:04:16.694  1800  2437 E GnssHAL_GnssInterface: gnssSvStatusCb: a: input svInfo.flags is 8
11-25 16:04:16.694  1800  2437 E GnssHAL_GnssInterface: gnssSvStatusCb: b: input svInfo.flags is 8
11-25 16:04:16.796 17082 18008 D UIAutomatorStub: URI: /jsonrpc/0, Method: POST, Header: {content-length=117, remote-addr=127.0.0.1, http-client-ip=127.0.0.1, host=localhost:9008, content-type=application/json, connection=close, accept-encoding=identity, user-agent=Python-urllib/3.7}, params, {NanoHttpd.QUERY_STRING=null}, files: {postData={"jsonrpc": "2.0", "method": "dumpWindowHierarchy", "id": "0e9ab11f3fb2c4ad3d4168f7dac2b76b", "params": [true, null]}}
11-25 16:04:16.798 17082 18008 I UIAutomatorStub: Fetch time: 0ms
11-25 16:04:17.700  1800  2437 E GnssHAL_GnssInterface: gnssSvStatusCb: a: input svInfo.flags is 8
11-25 16:04:17.700  1800  2437 E GnssHAL_GnssInterface: gnssSvStatusCb: b: input svInfo.flags is 8
11-25 16:04:18.688 17082 18020 D UIAutomatorStub: URI: /jsonrpc/0, Method: POST, Header: {content-length=117, remote-addr=127.0.0.1, http-client-ip=127.0.0.1, host=localhost:9008, content-type=application/json, connection=close, accept-encoding=identity, user-agent=Python-urllib/3.7}, params, {NanoHttpd.QUERY_STRING=null}, files: {postData={"jsonrpc": "2.0", "method": "dumpWindowHierarchy", "id": "fb37472104a789e5e13f51d51bbcc4f7", "params": [true, null]}}
11-25 16:04:18.691 17082 18020 I UIAutomatorStub: Fetch time: 1ms
11-25 16:04:18.704  1800  2437 E GnssHAL_GnssInterface: gnssSvStatusCb: a: input svInfo.flags is 8
11-25 16:04:18.704  1800  2437 E GnssHAL_GnssInterface: gnssSvStatusCb: b: input svInfo.flags is 8
11-25 16:04:19.705  1800  2437 E GnssHAL_GnssInterface: gnssSvStatusCb: a: input svInfo.flags is 8
11-25 16:04:19.705  1800  2437 E GnssHAL_GnssInterface: gnssSvStatusCb: b: input svInfo.flags is 8
11-25 16:04:20.665 17082 18036 D UIAutomatorStub: URI: /jsonrpc/0, Method: POST, Header: {content-length=117, remote-addr=127.0.0.1, http-client-ip=127.0.0.1, host=localhost:9008, content-type=application/json, connection=close, accept-encoding=identity, user-agent=Python-urllib/3.7}, params, {NanoHttpd.QUERY_STRING=null}, files: {postData={"jsonrpc": "2.0", "method": "dumpWindowHierarchy", "id": "b7f9ddcfd93dadd9fb1744e5dcb624b5", "params": [true, null]}}
11-25 16:04:20.669 17082 18036 I UIAutomatorStub: Fetch time: 1ms
11-25 16:04:20.708  1800  2437 E GnssHAL_GnssInterface: gnssSvStatusCb: a: input svInfo.flags is 8
11-25 16:04:20.708  1800  2437 E GnssHAL_GnssInterface: gnssSvStatusCb: b: input svInfo.flags is 8
11-25 16:04:21.710  1800  2437 E GnssHAL_GnssInterface: gnssSvStatusCb: a: input svInfo.flags is 8
11-25 16:04:21.710  1800  2437 E GnssHAL_GnssInterface: gnssSvStatusCb: b: input svInfo.flags is 8
11-25 16:04:21.819  1801  1801 D gralloc_ranchu: gralloc_alloc: Creating ashmem region of size 8298496
11-25 16:04:21.825  1682  1682 I hwservicemanager: getTransport: Cannot find entry android.hardware.graphics.mapper@3.0::IMapper/default in either framework or device manifest.
11-25 16:04:21.825 18040 18040 W Gralloc3: mapper 3.x is not supported
11-25 16:04:21.832 18040 18040 D HostConnection: createUnique: call
11-25 16:04:21.833 18040 18040 D HostConnection: HostConnection::get() New Host Connection established 0xf5f18d70, tid 18040
