11-25 16:04:21.840 18040 18040 D HostConnection: HostComposition ext ANDROID_EMU_CHECKSUM_HELPER_v1 ANDROID_EMU_native_sync_v2 ANDROID_EMU_native_sync_v3 ANDROID_EMU_native_sync_v4 ANDROID_EMU_dma_v1 ANDROID_EMU_direct_mem ANDROID_EMU_YUV420_888_to_NV21 ANDROID_EMU_YUV_Cache ANDROID_EMU_sync_buffer_data GL_OES_EGL_image_external_essl3 GL_OES_vertex_array_object GL_KHR_texture_compression_astc_ldr ANDROID_EMU_host_side_tracing ANDROID_EMU_gles_max_version_3_0 
11-25 16:04:21.840 18040 18040 D eglCodecCommon: allocate: Ask for block of size 0x1000
11-25 16:04:21.840 18040 18040 D eglCodecCommon: allocate: ioctl allocate returned offset 0x3ff801000 size 0x2000
11-25 16:04:21.853 18040 18040 D eglCodecCommon: allocate: Ask for block of size 0x7ea000
11-25 16:04:21.853 18040 18040 D eglCodecCommon: allocate: ioctl allocate returned offset 0x3fe825000 size 0x7eb000
11-25 16:04:21.976 17287 18048 I MediaProvider: Begin Intent { act=android.intent.action.MEDIA_SCANNER_SCAN_FILE dat=file:///sdcard/screen.png flg=0x1400010 cmp=com.android.providers.media/.MediaService }
11-25 16:04:21.983 17287 18048 W ExifInterface: Invalid image: ExifInterface got an unsupported image format file(ExifInterface supports JPEG and some RAW image formats only) or a corrupted JPEG file to ExifInterface.
11-25 16:04:21.983 17287 18048 W ExifInterface: java.io.IOException: Invalid byte order: ffff8950
11-25 16:04:21.983 17287 18048 W ExifInterface: 	at android.media.ExifInterface.readByteOrder(ExifInterface.java:3121)
11-25 16:04:21.983 17287 18048 W ExifInterface: 	at android.media.ExifInterface.isOrfFormat(ExifInterface.java:2437)
11-25 16:04:21.983 17287 18048 W ExifInterface: 	at android.media.ExifInterface.getMimeType(ExifInterface.java:2315)
11-25 16:04:21.983 17287 18048 W ExifInterface: 	at android.media.ExifInterface.loadAttributes(ExifInterface.java:1753)
11-25 16:04:21.983 17287 18048 W ExifInterface: 	at android.media.ExifInterface.<init>(ExifInterface.java:1447)
11-25 16:04:21.983 17287 18048 W ExifInterface: 	at com.android.providers.media.scan.ModernMediaScanner.scanItemImage(ModernMediaScanner.java:729)
11-25 16:04:21.983 17287 18048 W ExifInterface: 	at com.android.providers.media.scan.ModernMediaScanner.scanItem(ModernMediaScanner.java:502)
11-25 16:04:21.983 17287 18048 W ExifInterface: 	at com.android.providers.media.scan.ModernMediaScanner.access$500(ModernMediaScanner.java:118)
11-25 16:04:21.983 17287 18048 W ExifInterface: 	at com.android.providers.media.scan.ModernMediaScanner$Scan.visitFile(ModernMediaScanner.java:406)
11-25 16:04:21.983 17287 18048 W ExifInterface: 	at com.android.providers.media.scan.ModernMediaScanner$Scan.visitFile(ModernMediaScanner.java:207)
11-25 16:04:21.983 17287 18048 W ExifInterface: 	at java.nio.file.Files.walkFileTree(Files.java:2670)
11-25 16:04:21.983 17287 18048 W ExifInterface: 	at java.nio.file.Files.walkFileTree(Files.java:2742)
11-25 16:04:21.983 17287 18048 W ExifInterface: 	at com.android.providers.media.scan.ModernMediaScanner$Scan.walkFileTree(ModernMediaScanner.java:267)
11-25 16:04:21.983 17287 18048 W ExifInterface: 	at com.android.providers.media.scan.ModernMediaScanner$Scan.run(ModernMediaScanner.java:245)
11-25 16:04:21.983 17287 18048 W ExifInterface: 	at com.android.providers.media.scan.ModernMediaScanner.scanFile(ModernMediaScanner.java:174)
11-25 16:04:21.983 17287 18048 W ExifInterface: 	at com.android.providers.media.MediaService.onScanFile(MediaService.java:164)
11-25 16:04:21.983 17287 18048 W ExifInterface: 	at com.android.providers.media.MediaService.onHandleIntent(MediaService.java:90)
11-25 16:04:21.983 17287 18048 W ExifInterface: 	at android.app.IntentService$ServiceHandler.handleMessage(IntentService.java:78)
11-25 16:04:21.983 17287 18048 W ExifInterface: 	at android.os.Handler.dispatchMessage(Handler.java:107)
11-25 16:04:21.983 17287 18048 W ExifInterface: 	at android.os.Looper.loop(Looper.java:214)
11-25 16:04:21.983 17287 18048 W ExifInterface: 	at android.os.HandlerThread.run(HandlerThread.java:67)
11-25 16:04:21.997 17287 18048 I MediaProvider: End Intent { act=android.intent.action.MEDIA_SCANNER_SCAN_FILE dat=file:///sdcard/screen.png flg=0x1400010 cmp=com.android.providers.media/.MediaService }
11-25 16:04:22.716  1800  2437 E GnssHAL_GnssInterface: gnssSvStatusCb: a: input svInfo.flags is 8
11-25 16:04:22.716  1800  2437 E GnssHAL_GnssInterface: gnssSvStatusCb: b: input svInfo.flags is 8
11-25 16:04:23.721  1800  2437 E GnssHAL_GnssInterface: gnssSvStatusCb: a: input svInfo.flags is 8
11-25 16:04:23.721  1800  2437 E GnssHAL_GnssInterface: gnssSvStatusCb: b: input svInfo.flags is 8
11-25 16:04:24.503 17082 18052 D UIAutomatorStub: URI: /jsonrpc/0, Method: POST, Header: {content-length=117, remote-addr=127.0.0.1, http-client-ip=127.0.0.1, host=localhost:9008, content-type=application/json, connection=close, accept-encoding=identity, user-agent=Python-urllib/3.7}, params, {NanoHttpd.QUERY_STRING=null}, files: {postData={"jsonrpc": "2.0", "method": "dumpWindowHierarchy", "id": "2f748961f1643d5a1cc55eafde48940b", "params": [true, null]}}
11-25 16:04:24.506 17082 18052 I UIAutomatorStub: Fetch time: 1ms
11-25 16:04:24.724  1800  2437 E GnssHAL_GnssInterface: gnssSvStatusCb: a: input svInfo.flags is 8
11-25 16:04:24.724  1800  2437 E GnssHAL_GnssInterface: gnssSvStatusCb: b: input svInfo.flags is 8
11-25 16:04:25.723  1800  2437 E GnssHAL_GnssInterface: gnssSvStatusCb: a: input svInfo.flags is 8
11-25 16:04:25.723  1800  2437 E GnssHAL_GnssInterface: gnssSvStatusCb: b: input svInfo.flags is 8
11-25 16:04:25.775 17082 18056 D UIAutomatorStub: URI: /jsonrpc/0, Method: POST, Header: {content-length=117, remote-addr=127.0.0.1, http-client-ip=127.0.0.1, host=localhost:9008, content-type=application/json, connection=close, accept-encoding=identity, user-agent=Python-urllib/3.7}, params, {NanoHttpd.QUERY_STRING=null}, files: {postData={"jsonrpc": "2.0", "method": "dumpWindowHierarchy", "id": "1cde40f133dea480a33032c90e2cfa39", "params": [true, null]}}
11-25 16:04:25.783 17082 18056 I UIAutomatorStub: Fetch time: 2ms
11-25 16:04:26.725  1800  2437 E GnssHAL_GnssInterface: gnssSvStatusCb: a: input svInfo.flags is 8
11-25 16:04:26.725  1800  2437 E GnssHAL_GnssInterface: gnssSvStatusCb: b: input svInfo.flags is 8
11-25 16:04:27.054 17082 18060 D UIAutomatorStub: URI: /jsonrpc/0, Method: POST, Header: {content-length=117, remote-addr=127.0.0.1, http-client-ip=127.0.0.1, host=localhost:9008, content-type=application/json, connection=close, accept-encoding=identity, user-agent=Python-urllib/3.7}, params, {NanoHttpd.QUERY_STRING=null}, files: {postData={"jsonrpc": "2.0", "method": "dumpWindowHierarchy", "id": "1657936cdff2152a8812ff0bb8f6e42e", "params": [true, null]}}
11-25 16:04:27.057 17082 18060 I UIAutomatorStub: Fetch time: 1ms
11-25 16:04:27.729  1800  2437 E GnssHAL_GnssInterface: gnssSvStatusCb: a: input svInfo.flags is 8
11-25 16:04:27.729  1800  2437 E GnssHAL_GnssInterface: gnssSvStatusCb: b: input svInfo.flags is 8
11-25 16:04:28.305 17082 18064 D UIAutomatorStub: URI: /jsonrpc/0, Method: POST, Header: {content-length=117, remote-addr=127.0.0.1, http-client-ip=127.0.0.1, host=localhost:9008, content-type=application/json, connection=close, accept-encoding=identity, user-agent=Python-urllib/3.7}, params, {NanoHttpd.QUERY_STRING=null}, files: {postData={"jsonrpc": "2.0", "method": "dumpWindowHierarchy", "id": "bc78a24efab9def5104b31d9593594c6", "params": [true, null]}}
11-25 16:04:28.308 17082 18064 I UIAutomatorStub: Fetch time: 1ms
11-25 16:04:28.732  1800  2437 E GnssHAL_GnssInterface: gnssSvStatusCb: a: input svInfo.flags is 8
11-25 16:04:28.732  1800  2437 E GnssHAL_GnssInterface: gnssSvStatusCb: b: input svInfo.flags is 8
11-25 16:04:29.554 18070 18070 D AndroidRuntime: >>>>>> START com.android.internal.os.RuntimeInit uid 2000 <<<<<<
11-25 16:04:29.557 18070 18070 E libc    : Access denied finding property "persist.device_config.runtime_native_boot.enable_apex_image"
11-25 16:04:29.557 18070 18070 I AndroidRuntime: Using default boot image
11-25 16:04:29.551 18070 18070 W app_process: type=1400 audit(0.0:4194): avc: denied { read } for name="u:object_r:device_config_runtime_native_boot_prop:s0" dev="tmpfs" ino=874 scontext=u:r:shell:s0 tcontext=u:object_r:device_config_runtime_native_boot_prop:s0 tclass=file permissive=0
11-25 16:04:29.557 18070 18070 E libc    : Access denied finding property "persist.device_config.runtime_native_boot.disable_lock_profiling"
11-25 16:04:29.558 18070 18070 I AndroidRuntime: Leaving lock profiling enabled
11-25 16:04:29.558 18070 18070 E libc    : Access denied finding property "persist.device_config.runtime_native_boot.enable_generational_cc"
11-25 16:04:29.643 18070 18070 D ICU     : Time zone APEX file found: /apex/com.android.tzdata/etc/icu/icu_tzdata.dat
11-25 16:04:29.647 18070 18070 W app_process: Unexpected CPU variant for X86 using defaults: x86
11-25 16:04:29.652 18070 18070 I app_process: The ClassLoaderContext is a special shared library.
11-25 16:04:29.664 18070 18070 W app_process: JNI RegisterNativeMethods: attempt to register 0 native methods for android.media.AudioAttributes
11-25 16:04:29.667 18070 18070 D AndroidRuntime: Calling main entry com.android.commands.monkey.Monkey
11-25 16:04:29.669 18070 18070 W Monkey  : args: [-p, org.shadowice.flocke.andotp, -c, android.intent.category.LAUNCHER, 1]
11-25 16:04:29.669 18070 18070 W Monkey  :  arg: "-p"
11-25 16:04:29.669 18070 18070 W Monkey  :  arg: "org.shadowice.flocke.andotp"
11-25 16:04:29.669 18070 18070 W Monkey  :  arg: "-c"
11-25 16:04:29.670 18070 18070 W Monkey  :  arg: "android.intent.category.LAUNCHER"
11-25 16:04:29.670 18070 18070 W Monkey  :  arg: "1"
11-25 16:04:29.670 18070 18070 W Monkey  : data="org.shadowice.flocke.andotp"
11-25 16:04:29.670 18070 18070 W Monkey  : data="android.intent.category.LAUNCHER"
11-25 16:03:57.469  2044  2044 V SettingsProvider: Notifying for 0: content://settings/system/accelerometer_rotation
11-25 16:04:29.683  2044  2071 W BroadcastQueue: Skipping deliver [background] BroadcastRecord{b8797e4 u-1 android.net.conn.CONNECTIVITY_CHANGE} to ReceiverList{75b544d 18070 (unknown name)/2000/u-1 remote:1b90d76}: process gone or crashing
11-25 16:04:29.694  2044  3451 I ActivityTaskManager: START u0 {act=android.intent.action.MAIN cat=[android.intent.category.LAUNCHER] flg=0x10200000 cmp=org.shadowice.flocke.andotp/.Activities.MainActivity} from uid 2000
11-25 16:04:29.695  2044  3451 W Binder  : Outgoing transactions from this process must be FLAG_ONEWAY
11-25 16:04:29.695  2044  3451 W Binder  : java.lang.Throwable
11-25 16:04:29.695  2044  3451 W Binder  : 	at android.os.BinderProxy.transact(BinderProxy.java:480)
11-25 16:04:29.695  2044  3451 W Binder  : 	at android.app.IActivityController$Stub$Proxy.activityStarting(IActivityController.java:273)
11-25 16:04:29.695  2044  3451 W Binder  : 	at com.android.server.wm.ActivityStarter.startActivity(ActivityStarter.java:794)
11-25 16:04:29.695  2044  3451 W Binder  : 	at com.android.server.wm.ActivityStarter.startActivity(ActivityStarter.java:583)
11-25 16:04:29.695  2044  3451 W Binder  : 	at com.android.server.wm.ActivityStarter.startActivityMayWait(ActivityStarter.java:1288)
11-25 16:04:29.695  2044  3451 W Binder  : 	at com.android.server.wm.ActivityStarter.execute(ActivityStarter.java:514)
11-25 16:04:29.695  2044  3451 W Binder  : 	at com.android.server.wm.ActivityTaskManagerService.startActivityAsUser(ActivityTaskManagerService.java:1058)
11-25 16:04:29.695  2044  3451 W Binder  : 	at com.android.server.wm.ActivityTaskManagerService.startActivityAsUser(ActivityTaskManagerService.java:1032)
11-25 16:04:29.695  2044  3451 W Binder  : 	at com.android.server.am.ActivityManagerService.startActivityAsUser(ActivityManagerService.java:3504)
11-25 16:04:29.695  2044  3451 W Binder  : 	at android.app.IActivityManager$Stub.onTransact(IActivityManager.java:3537)
11-25 16:04:29.695  2044  3451 W Binder  : 	at com.android.server.am.ActivityManagerService.onTransact(ActivityManagerService.java:2741)
11-25 16:04:29.695  2044  3451 W Binder  : 	at android.os.Binder.execTransactInternal(Binder.java:1021)
11-25 16:04:29.695  2044  3451 W Binder  : 	at android.os.Binder.execTransact(Binder.java:994)
11-25 16:04:29.699 18070 18070 I Monkey  : Events injected: 1
11-25 16:04:29.701  2044  2044 V SettingsProvider: Notifying for 0: content://settings/system/accelerometer_rotation
11-25 16:04:29.703  2044  2065 W InputReader: Device has associated, but no associated display id.
11-25 16:04:29.704  2044  2065 I chatty  : uid=1000(system) android.display identical 8 lines
11-25 16:04:29.704  2044  2065 W InputReader: Device has associated, but no associated display id.
11-25 16:04:29.706 18070 18070 I Monkey  : ## Network stats: elapsed time=9ms (0ms mobile, 0ms wifi, 9ms not connected)
11-25 16:04:29.706  2044  2065 W InputReader: Device has associated, but no associated display id.
11-25 16:04:29.707  2044  2065 I chatty  : uid=1000(system) android.display identical 8 lines
11-25 16:04:29.707  2044  2065 W InputReader: Device has associated, but no associated display id.
11-25 16:04:29.707 18070 18070 I app_process: System.exit called, status: 0
11-25 16:04:29.707 18070 18070 I AndroidRuntime: VM exiting with result code 0.
11-25 16:04:29.732  1800  2437 E GnssHAL_GnssInterface: gnssSvStatusCb: a: input svInfo.flags is 8
11-25 16:04:29.732  1800  2437 E GnssHAL_GnssInterface: gnssSvStatusCb: b: input svInfo.flags is 8
11-25 16:04:30.735  1800  2437 E GnssHAL_GnssInterface: gnssSvStatusCb: a: input svInfo.flags is 8
11-25 16:04:30.736  1800  2437 E GnssHAL_GnssInterface: gnssSvStatusCb: b: input svInfo.flags is 8
11-25 16:04:31.735  1800  2437 E GnssHAL_GnssInterface: gnssSvStatusCb: a: input svInfo.flags is 8
11-25 16:04:31.735  1800  2437 E GnssHAL_GnssInterface: gnssSvStatusCb: b: input svInfo.flags is 8
11-25 16:04:32.737  1800  2437 E GnssHAL_GnssInterface: gnssSvStatusCb: a: input svInfo.flags is 8
11-25 16:04:32.737  1800  2437 E GnssHAL_GnssInterface: gnssSvStatusCb: b: input svInfo.flags is 8
11-25 16:04:29.703  2044  2044 V SettingsProvider: Notifying for 0: content://settings/system/accelerometer_rotation
11-25 16:04:33.741  2044  3451 W AppOps  : Noting op not finished: uid 10098 pkg com.google.android.gms code 79 time=1700946214961 duration=0
11-25 16:04:33.742  1800  2437 E GnssHAL_GnssInterface: gnssSvStatusCb: a: input svInfo.flags is 8
11-25 16:04:33.742  1800  2437 E GnssHAL_GnssInterface: gnssSvStatusCb: b: input svInfo.flags is 8
11-25 16:04:33.743  2044  3451 W AppOps  : Noting op not finished: uid 10098 pkg com.google.android.gms code 79 time=1700946273741 duration=0
11-25 16:04:33.746  2044  3448 W AppOps  : Noting op not finished: uid 10098 pkg com.google.android.gms code 79 time=1700946273743 duration=0
11-25 16:04:33.747  2044  3448 W AppOps  : Noting op not finished: uid 10098 pkg com.google.android.gms code 79 time=1700946273746 duration=0
11-25 16:04:33.748  2044  3448 W AppOps  : Noting op not finished: uid 10098 pkg com.google.android.gms code 79 time=1700946273747 duration=0
11-25 16:04:34.746  1800  2437 E GnssHAL_GnssInterface: gnssSvStatusCb: a: input svInfo.flags is 8
11-25 16:04:34.746  1800  2437 E GnssHAL_GnssInterface: gnssSvStatusCb: b: input svInfo.flags is 8
11-25 16:04:35.746  1800  2437 E GnssHAL_GnssInterface: gnssSvStatusCb: a: input svInfo.flags is 8
11-25 16:04:35.746  1800  2437 E GnssHAL_GnssInterface: gnssSvStatusCb: b: input svInfo.flags is 8
11-25 16:04:36.746  1800  2437 E GnssHAL_GnssInterface: gnssSvStatusCb: a: input svInfo.flags is 8
11-25 16:04:36.746  1800  2437 E GnssHAL_GnssInterface: gnssSvStatusCb: b: input svInfo.flags is 8
11-25 16:04:37.748  1800  2437 E GnssHAL_GnssInterface: gnssSvStatusCb: a: input svInfo.flags is 8
11-25 16:04:37.748  1800  2437 E GnssHAL_GnssInterface: gnssSvStatusCb: b: input svInfo.flags is 8
11-25 16:04:38.754  1800  2437 E GnssHAL_GnssInterface: gnssSvStatusCb: a: input svInfo.flags is 8
11-25 16:04:38.754  1800  2437 E GnssHAL_GnssInterface: gnssSvStatusCb: b: input svInfo.flags is 8
11-25 16:04:39.750  1953  1953 E netmgr  : Failed to open QEMU pipe 'qemud:network': Invalid argument
11-25 16:04:39.754  1800  2437 E GnssHAL_GnssInterface: gnssSvStatusCb: a: input svInfo.flags is 8
11-25 16:04:39.754  1800  2437 E GnssHAL_GnssInterface: gnssSvStatusCb: b: input svInfo.flags is 8
11-25 16:04:40.175  1960  1960 E wifi_forwarder: RemoteConnection failed to initialize: RemoteConnection failed to open pipe
11-25 16:04:40.755  1800  2437 E GnssHAL_GnssInterface: gnssSvStatusCb: a: input svInfo.flags is 8
11-25 16:04:40.755  1800  2437 E GnssHAL_GnssInterface: gnssSvStatusCb: b: input svInfo.flags is 8
11-25 16:04:41.758  1800  2437 E GnssHAL_GnssInterface: gnssSvStatusCb: a: input svInfo.flags is 8
11-25 16:04:41.758  1800  2437 E GnssHAL_GnssInterface: gnssSvStatusCb: b: input svInfo.flags is 8
11-25 16:04:42.209  2044  3448 W AppOps  : Noting op not finished: uid 10098 pkg com.google.android.gms code 79 time=1700946273748 duration=0
11-25 16:04:42.210  2044  3448 W AppOps  : Noting op not finished: uid 10098 pkg com.google.android.gms code 79 time=1700946282210 duration=0
11-25 16:04:42.211  2044  3448 W AppOps  : Noting op not finished: uid 10098 pkg com.google.android.gms code 79 time=1700946282210 duration=0
11-25 16:04:42.212  2044  3448 W AppOps  : Noting op not finished: uid 10098 pkg com.google.android.gms code 79 time=1700946282212 duration=0
11-25 16:04:42.213  2044  3448 W AppOps  : Noting op not finished: uid 10098 pkg com.google.android.gms code 79 time=1700946282212 duration=0
11-25 16:04:42.222  2044  3448 W AppOps  : Noting op not finished: uid 10098 pkg com.google.android.gms code 79 time=1700946282213 duration=0
11-25 16:04:42.226  2044  3448 W AppOps  : Noting op not finished: uid 10098 pkg com.google.android.gms code 79 time=1700946282222 duration=0
11-25 16:04:42.228  2044  3448 W AppOps  : Noting op not finished: uid 10098 pkg com.google.android.gms code 79 time=1700946282226 duration=0
11-25 16:04:42.233  2044  3448 W AppOps  : Noting op not finished: uid 10098 pkg com.google.android.gms code 79 time=1700946282228 duration=0
11-25 16:04:42.237  2044  3448 W AppOps  : Noting op not finished: uid 10098 pkg com.google.android.gms code 79 time=1700946282233 duration=0
11-25 16:04:42.761  1800  2437 E GnssHAL_GnssInterface: gnssSvStatusCb: a: input svInfo.flags is 8
11-25 16:04:42.762  1800  2437 E GnssHAL_GnssInterface: gnssSvStatusCb: b: input svInfo.flags is 8
11-25 16:04:43.762  1800  2437 E GnssHAL_GnssInterface: gnssSvStatusCb: a: input svInfo.flags is 8
11-25 16:04:43.762  1800  2437 E GnssHAL_GnssInterface: gnssSvStatusCb: b: input svInfo.flags is 8
11-25 16:04:44.765  1800  2437 E GnssHAL_GnssInterface: gnssSvStatusCb: a: input svInfo.flags is 8
11-25 16:04:44.765  1800  2437 E GnssHAL_GnssInterface: gnssSvStatusCb: b: input svInfo.flags is 8
11-25 16:04:45.043 17082 18101 D UIAutomatorStub: URI: /jsonrpc/0, Method: POST, Header: {content-length=117, remote-addr=127.0.0.1, http-client-ip=127.0.0.1, host=localhost:9008, content-type=application/json, connection=close, accept-encoding=identity, user-agent=Python-urllib/3.7}, params, {NanoHttpd.QUERY_STRING=null}, files: {postData={"jsonrpc": "2.0", "method": "dumpWindowHierarchy", "id": "d6363a4a5119fe5b341d7fda7bfc279f", "params": [true, null]}}
11-25 16:04:45.046 17082 18101 I UIAutomatorStub: Fetch time: 1ms
11-25 16:04:45.770  1800  2437 E GnssHAL_GnssInterface: gnssSvStatusCb: a: input svInfo.flags is 8
11-25 16:04:45.771  1800  2437 E GnssHAL_GnssInterface: gnssSvStatusCb: b: input svInfo.flags is 8
11-25 16:04:46.195 18103 18103 D AndroidRuntime: >>>>>> START com.android.internal.os.RuntimeInit uid 2000 <<<<<<
11-25 16:04:46.197 18103 18103 E libc    : Access denied finding property "persist.device_config.runtime_native_boot.enable_apex_image"
11-25 16:04:46.197 18103 18103 I AndroidRuntime: Using default boot image
11-25 16:04:46.197 18103 18103 E libc    : Access denied finding property "persist.device_config.runtime_native_boot.disable_lock_profiling"
11-25 16:04:46.197 18103 18103 I AndroidRuntime: Leaving lock profiling enabled
11-25 16:04:46.191 18103 18103 W app_process: type=1400 audit(0.0:4197): avc: denied { read } for name="u:object_r:device_config_runtime_native_boot_prop:s0" dev="tmpfs" ino=874 scontext=u:r:shell:s0 tcontext=u:object_r:device_config_runtime_native_boot_prop:s0 tclass=file permissive=0
11-25 16:04:46.236 18103 18103 D ICU     : Time zone APEX file found: /apex/com.android.tzdata/etc/icu/icu_tzdata.dat
11-25 16:04:46.239 18103 18103 W app_process: Unexpected CPU variant for X86 using defaults: x86
11-25 16:04:46.242 18103 18103 I app_process: The ClassLoaderContext is a special shared library.
11-25 16:04:46.255 18103 18103 W app_process: JNI RegisterNativeMethods: attempt to register 0 native methods for android.media.AudioAttributes
11-25 16:04:46.257 18103 18103 D AndroidRuntime: Calling main entry com.android.commands.input.Input
11-25 16:04:46.265 18103 18103 D AndroidRuntime: Shutting down VM
11-25 16:04:46.343  1787  7550 W audio_hw_generic: Not supplying enough data to HAL, expected position 44626116 , only wrote 44626093
11-25 16:04:46.421  1787  7550 W audio_hw_generic: Not supplying enough data to HAL, expected position 44629528 , only wrote 44628076
11-25 16:04:46.432 16829 16858 D EGL_emulation: eglMakeCurrent: 0xebb19380: ver 3 0 (tinfo 0xdda4d870)
11-25 16:04:46.461 16829 16858 I chatty  : uid=10168(org.shadowice.flocke.andotp) RenderThread identical 4 lines
11-25 16:04:46.465 16829 16858 D EGL_emulation: eglMakeCurrent: 0xebb19380: ver 3 0 (tinfo 0xdda4d870)
11-25 16:04:46.466  1825  1971 D AudioFlinger: mixer(0xee19fb40) throttle end: throttle time(11)
11-25 16:04:46.732 16829 16858 D EGL_emulation: eglMakeCurrent: 0xebb19380: ver 3 0 (tinfo 0xdda4d870)
11-25 16:04:46.773  1800  2437 E GnssHAL_GnssInterface: gnssSvStatusCb: a: input svInfo.flags is 8
11-25 16:04:46.773  1800  2437 E GnssHAL_GnssInterface: gnssSvStatusCb: b: input svInfo.flags is 8
11-25 16:04:47.775  1800  2437 E GnssHAL_GnssInterface: gnssSvStatusCb: a: input svInfo.flags is 8
11-25 16:04:47.775  1800  2437 E GnssHAL_GnssInterface: gnssSvStatusCb: b: input svInfo.flags is 8
11-25 16:04:48.779  1800  2437 E GnssHAL_GnssInterface: gnssSvStatusCb: a: input svInfo.flags is 8
11-25 16:04:48.779  1800  2437 E GnssHAL_GnssInterface: gnssSvStatusCb: b: input svInfo.flags is 8
11-25 16:04:49.525  1787  1978 W audio_hw_generic: Not supplying enough data to HAL, expected position 44900179 , only wrote 44764903
11-25 16:04:49.783  1800  2437 E GnssHAL_GnssInterface: gnssSvStatusCb: a: input svInfo.flags is 8
11-25 16:04:49.783  1800  2437 E GnssHAL_GnssInterface: gnssSvStatusCb: b: input svInfo.flags is 8
11-25 16:04:50.321 18135 18135 W app_process: type=1400 audit(0.0:4200): avc: denied { read } for name="u:object_r:device_config_runtime_native_boot_prop:s0" dev="tmpfs" ino=874 scontext=u:r:shell:s0 tcontext=u:object_r:device_config_runtime_native_boot_prop:s0 tclass=file permissive=0
11-25 16:04:50.321 18135 18135 W app_process: type=1400 audit(0.0:4201): avc: denied { read } for name="u:object_r:device_config_runtime_native_boot_prop:s0" dev="tmpfs" ino=874 scontext=u:r:shell:s0 tcontext=u:object_r:device_config_runtime_native_boot_prop:s0 tclass=file permissive=0
11-25 16:04:50.331 18135 18135 D AndroidRuntime: >>>>>> START com.android.internal.os.RuntimeInit uid 2000 <<<<<<
11-25 16:04:50.332 18135 18135 E libc    : Access denied finding property "persist.device_config.runtime_native_boot.enable_apex_image"
11-25 16:04:50.332 18135 18135 I AndroidRuntime: Using default boot image
11-25 16:04:50.332 18135 18135 E libc    : Access denied finding property "persist.device_config.runtime_native_boot.disable_lock_profiling"
11-25 16:04:50.333 18135 18135 I AndroidRuntime: Leaving lock profiling enabled
11-25 16:04:50.333 18135 18135 E libc    : Access denied finding property "persist.device_config.runtime_native_boot.enable_generational_cc"
11-25 16:04:50.321 18135 18135 W app_process: type=1400 audit(0.0:4202): avc: denied { read } for name="u:object_r:device_config_runtime_native_boot_prop:s0" dev="tmpfs" ino=874 scontext=u:r:shell:s0 tcontext=u:object_r:device_config_runtime_native_boot_prop:s0 tclass=file permissive=0
11-25 16:04:50.334 18135 18135 W app_process: Could not reserve sentinel fault page
11-25 16:04:50.371 18135 18135 D ICU     : Time zone APEX file found: /apex/com.android.tzdata/etc/icu/icu_tzdata.dat
11-25 16:04:50.374 18135 18135 W app_process: Unexpected CPU variant for X86 using defaults: x86
11-25 16:04:50.376 18135 18135 I app_process: The ClassLoaderContext is a special shared library.
11-25 16:04:50.389 18135 18135 W app_process: JNI RegisterNativeMethods: attempt to register 0 native methods for android.media.AudioAttributes
11-25 16:04:50.391 18135 18135 D AndroidRuntime: Calling main entry com.android.commands.monkey.Monkey
11-25 16:04:50.394 18135 18135 W Monkey  : args: [-p, org.shadowice.flocke.andotp, -c, android.intent.category.LAUNCHER, 1]
11-25 16:04:50.397 18135 18135 W Monkey  :  arg: "-p"
11-25 16:04:50.397 18135 18135 W Monkey  :  arg: "org.shadowice.flocke.andotp"
11-25 16:04:50.397 18135 18135 W Monkey  :  arg: "-c"
11-25 16:04:50.398 18135 18135 W Monkey  :  arg: "android.intent.category.LAUNCHER"
11-25 16:04:50.398 18135 18135 W Monkey  :  arg: "1"
11-25 16:04:50.398 18135 18135 W Monkey  : data="org.shadowice.flocke.andotp"
11-25 16:04:50.399 18135 18135 W Monkey  : data="android.intent.category.LAUNCHER"
11-25 16:04:50.409  2044  2071 W BroadcastQueue: Skipping deliver [background] BroadcastRecord{9cfd2d u-1 android.net.conn.CONNECTIVITY_CHANGE} to ReceiverList{5c9b262 18135 (unknown name)/2000/u-1 remote:b9b6557}: process gone or crashing
11-25 16:04:50.419  2044  3451 I ActivityTaskManager: START u0 {act=android.intent.action.MAIN cat=[android.intent.category.LAUNCHER] flg=0x10200000 cmp=org.shadowice.flocke.andotp/.Activities.MainActivity} from uid 2000
11-25 16:04:50.419  2044  3451 W Binder  : Outgoing transactions from this process must be FLAG_ONEWAY
11-25 16:04:50.419  2044  3451 W Binder  : java.lang.Throwable
11-25 16:04:50.419  2044  3451 W Binder  : 	at android.os.BinderProxy.transact(BinderProxy.java:480)
11-25 16:04:50.419  2044  3451 W Binder  : 	at android.app.IActivityController$Stub$Proxy.activityStarting(IActivityController.java:273)
11-25 16:04:50.419  2044  3451 W Binder  : 	at com.android.server.wm.ActivityStarter.startActivity(ActivityStarter.java:794)
11-25 16:04:50.419  2044  3451 W Binder  : 	at com.android.server.wm.ActivityStarter.startActivity(ActivityStarter.java:583)
11-25 16:04:50.419  2044  3451 W Binder  : 	at com.android.server.wm.ActivityStarter.startActivityMayWait(ActivityStarter.java:1288)
11-25 16:04:50.419  2044  3451 W Binder  : 	at com.android.server.wm.ActivityStarter.execute(ActivityStarter.java:514)
11-25 16:04:50.419  2044  3451 W Binder  : 	at com.android.server.wm.ActivityTaskManagerService.startActivityAsUser(ActivityTaskManagerService.java:1058)
11-25 16:04:50.419  2044  3451 W Binder  : 	at com.android.server.wm.ActivityTaskManagerService.startActivityAsUser(ActivityTaskManagerService.java:1032)
11-25 16:04:50.419  2044  3451 W Binder  : 	at com.android.server.am.ActivityManagerService.startActivityAsUser(ActivityManagerService.java:3504)
11-25 16:04:50.419  2044  3451 W Binder  : 	at android.app.IActivityManager$Stub.onTransact(IActivityManager.java:3537)
11-25 16:04:50.419  2044  3451 W Binder  : 	at com.android.server.am.ActivityManagerService.onTransact(ActivityManagerService.java:2741)
11-25 16:04:50.419  2044  3451 W Binder  : 	at android.os.Binder.execTransactInternal(Binder.java:1021)
11-25 16:04:50.419  2044  3451 W Binder  : 	at android.os.Binder.execTransact(Binder.java:994)
11-25 16:04:50.422 18135 18135 I Monkey  : Events injected: 1
11-25 16:04:50.423  2044  2044 V SettingsProvider: Notifying for 0: content://settings/system/accelerometer_rotation
11-25 16:04:50.428 18135 18135 I Monkey  : ## Network stats: elapsed time=9ms (0ms mobile, 0ms wifi, 9ms not connected)
11-25 16:04:50.429 18135 18135 I app_process: System.exit called, status: 0
11-25 16:04:50.429 18135 18135 I AndroidRuntime: VM exiting with result code 0.
11-25 16:04:50.430  2044  2065 W InputReader: Device has associated, but no associated display id.
11-25 16:04:50.430  2044  2065 I chatty  : uid=1000(system) android.display identical 8 lines
11-25 16:04:50.430  2044  2065 W InputReader: Device has associated, but no associated display id.
11-25 16:04:50.784  1800  2437 E GnssHAL_GnssInterface: gnssSvStatusCb: a: input svInfo.flags is 8
11-25 16:04:50.784  1800  2437 E GnssHAL_GnssInterface: gnssSvStatusCb: b: input svInfo.flags is 8
11-25 16:04:51.237  2387  2399 W id.networkstac: Reducing the number of considered missed Gc histogram windows from 150 to 100
11-25 16:04:51.787  1800  2437 E GnssHAL_GnssInterface: gnssSvStatusCb: a: input svInfo.flags is 8
11-25 16:04:51.787  1800  2437 E GnssHAL_GnssInterface: gnssSvStatusCb: b: input svInfo.flags is 8
11-25 16:04:52.793  1800  2437 E GnssHAL_GnssInterface: gnssSvStatusCb: a: input svInfo.flags is 8
11-25 16:04:52.794  1800  2437 E GnssHAL_GnssInterface: gnssSvStatusCb: b: input svInfo.flags is 8
11-25 16:04:53.797  1800  2437 E GnssHAL_GnssInterface: gnssSvStatusCb: a: input svInfo.flags is 8
11-25 16:04:53.797  1800  2437 E GnssHAL_GnssInterface: gnssSvStatusCb: b: input svInfo.flags is 8
11-25 16:04:54.803  1800  2437 E GnssHAL_GnssInterface: gnssSvStatusCb: a: input svInfo.flags is 8
11-25 16:04:54.803  1800  2437 E GnssHAL_GnssInterface: gnssSvStatusCb: b: input svInfo.flags is 8
11-25 16:04:55.802  1800  2437 E GnssHAL_GnssInterface: gnssSvStatusCb: a: input svInfo.flags is 8
11-25 16:04:55.802  1800  2437 E GnssHAL_GnssInterface: gnssSvStatusCb: b: input svInfo.flags is 8
11-25 16:04:56.804  1800  2437 E GnssHAL_GnssInterface: gnssSvStatusCb: a: input svInfo.flags is 8
11-25 16:04:56.804  1800  2437 E GnssHAL_GnssInterface: gnssSvStatusCb: b: input svInfo.flags is 8
11-25 16:04:57.634  1779 18155 W DnsTlsSocket: SSL_connect error 5, errno=111
11-25 16:04:57.806  1800  2437 E GnssHAL_GnssInterface: gnssSvStatusCb: a: input svInfo.flags is 8
11-25 16:04:57.806  1800  2437 E GnssHAL_GnssInterface: gnssSvStatusCb: b: input svInfo.flags is 8
11-25 16:04:57.811 10653 17762 I AlarmManager: setExactAndAllowWhileIdle [name: GCM_HB_ALARM type: 2 triggerAtMillis: 37021075]
11-25 16:04:57.820 10653 10653 D BoundBrokerSvc: onBind: Intent { act=com.google.android.gms.scheduler.ACTION_PROXY_SCHEDULE dat=chimera-action: cmp=com.google.android.gms/.chimera.PersistentApiService }
11-25 16:04:57.820 10653 10653 D BoundBrokerSvc: Loading bound service for intent: Intent { act=com.google.android.gms.scheduler.ACTION_PROXY_SCHEDULE dat=chimera-action: cmp=com.google.android.gms/.chimera.PersistentApiService }
11-25 16:04:58.812  1800  2437 E GnssHAL_GnssInterface: gnssSvStatusCb: a: input svInfo.flags is 8
11-25 16:04:58.812  1800  2437 E GnssHAL_GnssInterface: gnssSvStatusCb: b: input svInfo.flags is 8
11-25 16:04:59.816  1800  2437 E GnssHAL_GnssInterface: gnssSvStatusCb: a: input svInfo.flags is 8
11-25 16:04:59.816  1800  2437 E GnssHAL_GnssInterface: gnssSvStatusCb: b: input svInfo.flags is 8
11-25 16:05:00.817  1800  2437 E GnssHAL_GnssInterface: gnssSvStatusCb: a: input svInfo.flags is 8
11-25 16:05:00.817  1800  2437 E GnssHAL_GnssInterface: gnssSvStatusCb: b: input svInfo.flags is 8
11-25 16:05:01.820  1800  2437 E GnssHAL_GnssInterface: gnssSvStatusCb: a: input svInfo.flags is 8
11-25 16:05:01.821  1800  2437 E GnssHAL_GnssInterface: gnssSvStatusCb: b: input svInfo.flags is 8
11-25 16:05:02.648  1779 18155 W DnsTlsSocket: SSL_connect error 5, errno=111
11-25 16:05:02.734  1779 18155 W DnsTlsSocket: SSL_connect error 5, errno=111
11-25 16:05:02.821  1800  2437 E GnssHAL_GnssInterface: gnssSvStatusCb: a: input svInfo.flags is 8
11-25 16:05:02.822  1800  2437 E GnssHAL_GnssInterface: gnssSvStatusCb: b: input svInfo.flags is 8
11-25 16:05:03.825  1800  2437 E GnssHAL_GnssInterface: gnssSvStatusCb: a: input svInfo.flags is 8
11-25 16:05:03.825  1800  2437 E GnssHAL_GnssInterface: gnssSvStatusCb: b: input svInfo.flags is 8
11-25 16:05:04.827  1800  2437 E GnssHAL_GnssInterface: gnssSvStatusCb: a: input svInfo.flags is 8
11-25 16:05:04.828  1800  2437 E GnssHAL_GnssInterface: gnssSvStatusCb: b: input svInfo.flags is 8
11-25 16:05:05.832  1800  2437 E GnssHAL_GnssInterface: gnssSvStatusCb: a: input svInfo.flags is 8
11-25 16:05:05.832  1800  2437 E GnssHAL_GnssInterface: gnssSvStatusCb: b: input svInfo.flags is 8
11-25 16:05:06.728 17082 18160 D UIAutomatorStub: URI: /jsonrpc/0, Method: POST, Header: {content-length=117, remote-addr=127.0.0.1, http-client-ip=127.0.0.1, host=localhost:9008, content-type=application/json, connection=close, accept-encoding=identity, user-agent=Python-urllib/3.7}, params, {NanoHttpd.QUERY_STRING=null}, files: {postData={"jsonrpc": "2.0", "method": "dumpWindowHierarchy", "id": "d804cd25a328f8e5bd77850a75c7c538", "params": [true, null]}}
11-25 16:05:06.735 17082 18160 I UIAutomatorStub: Skipping invisible child: android.view.accessibility.AccessibilityNodeInfo@152f1; boundsInParent: Rect(0, 0 - 1080, 1582); boundsInScreen: Rect(0, 63 - 0, 1645); packageName: org.shadowice.flocke.andotp; className: android.widget.LinearLayout; text: null; error: null; maxTextLength: -1; contentDescription: null; tooltipText: null; viewIdResName: null; checkable: false; checked: false; focusable: false; focused: false; selected: false; clickable: false; longClickable: false; contextClickable: false; enabled: true; password: false; scrollable: false; importantForAccessibility: false; visible: false; actions: [AccessibilityAction: ACTION_SELECT - null, AccessibilityAction: ACTION_CLEAR_SELECTION - null, AccessibilityAction: ACTION_ACCESSIBILITY_FOCUS - null, AccessibilityAction: ACTION_SHOW_ON_SCREEN - null]
11-25 16:05:06.736 17082 18160 I UIAutomatorStub: Skipping invisible child: android.view.accessibility.AccessibilityNodeInfo@17c3c; boundsInParent: Rect(0, 0 - 1080, 1582); boundsInScreen: Rect(1080, 63 - 1080, 1645); packageName: org.shadowice.flocke.andotp; className: android.widget.ScrollView; text: null; error: null; maxTextLength: -1; contentDescription: null; tooltipText: null; viewIdResName: null; checkable: false; checked: false; focusable: true; focused: false; selected: false; clickable: false; longClickable: false; contextClickable: false; enabled: true; password: false; scrollable: false; importantForAccessibility: true; visible: false; actions: [AccessibilityAction: ACTION_FOCUS - null, AccessibilityAction: ACTION_SELECT - null, AccessibilityAction: ACTION_CLEAR_SELECTION - null, AccessibilityAction: ACTION_ACCESSIBILITY_FOCUS - null, AccessibilityAction: ACTION_SHOW_ON_SCREEN - null]
11-25 16:05:06.736 17082 18160 I UIAutomatorStub: Skipping invisible child: android.view.accessibility.AccessibilityNodeInfo@14f30; boundsInParent: Rect(0, 0 - 1080, 63); boundsInScreen: Rect(0, 0 - 1080, 63); packageName: org.shadowice.flocke.andotp; className: android.view.View; text: null; error: null; maxTextLength: -1; contentDescription: null; tooltipText: null; viewIdResName: android:id/statusBarBackground; checkable: false; checked: false; focusable: false; focused: false; selected: false; clickable: false; longClickable: false; contextClickable: false; enabled: true; password: false; scrollable: false; importantForAccessibility: false; visible: false; actions: [AccessibilityAction: ACTION_SELECT - null, AccessibilityAction: ACTION_CLEAR_SELECTION - null, AccessibilityAction: ACTION_ACCESSIBILITY_FOCUS - null, AccessibilityAction: ACTION_SHOW_ON_SCREEN - null]
11-25 16:05:06.737 17082 18160 I UIAutomatorStub: Skipping invisible child: android.view.accessibility.AccessibilityNodeInfo@14b6f; boundsInParent: Rect(0, 0 - 1080, 126); boundsInScreen: Rect(0, 1794 - 1080, 1920); packageName: org.shadowice.flocke.andotp; className: android.view.View; text: null; error: null; maxTextLength: -1; contentDescription: null; tooltipText: null; viewIdResName: android:id/navigationBarBackground; checkable: false; checked: false; focusable: false; focused: false; selected: false; clickable: false; longClickable: false; contextClickable: false; enabled: true; password: false; scrollable: false; importantForAccessibility: false; visible: false; actions: [AccessibilityAction: ACTION_SELECT - null, AccessibilityAction: ACTION_CLEAR_SELECTION - null, AccessibilityAction: ACTION_ACCESSIBILITY_FOCUS - null, AccessibilityAction: ACTION_SHOW_ON_SCREEN - null]
11-25 16:05:06.737 17082 18160 I UIAutomatorStub: Fetch time: 3ms
11-25 16:05:06.836  1800  2437 E GnssHAL_GnssInterface: gnssSvStatusCb: a: input svInfo.flags is 8
11-25 16:05:06.836  1800  2437 E GnssHAL_GnssInterface: gnssSvStatusCb: b: input svInfo.flags is 8
11-25 16:05:07.752  1779 18155 W DnsTlsSocket: SSL_connect error 5, errno=111
11-25 16:05:07.837  1800  2437 E GnssHAL_GnssInterface: gnssSvStatusCb: a: input svInfo.flags is 8
11-25 16:05:07.837  1800  2437 E GnssHAL_GnssInterface: gnssSvStatusCb: b: input svInfo.flags is 8
11-25 16:05:08.654 17082 18172 D UIAutomatorStub: URI: /jsonrpc/0, Method: POST, Header: {content-length=117, remote-addr=127.0.0.1, http-client-ip=127.0.0.1, host=localhost:9008, content-type=application/json, connection=close, accept-encoding=identity, user-agent=Python-urllib/3.7}, params, {NanoHttpd.QUERY_STRING=null}, files: {postData={"jsonrpc": "2.0", "method": "dumpWindowHierarchy", "id": "41bc974ac09b4e44b7e9b6b11cb004d5", "params": [true, null]}}
11-25 16:05:08.658 17082 18172 I UIAutomatorStub: Skipping invisible child: android.view.accessibility.AccessibilityNodeInfo@152f1; boundsInParent: Rect(0, 0 - 1080, 1582); boundsInScreen: Rect(0, 63 - 0, 1645); packageName: org.shadowice.flocke.andotp; className: android.widget.LinearLayout; text: null; error: null; maxTextLength: -1; contentDescription: null; tooltipText: null; viewIdResName: null; checkable: false; checked: false; focusable: false; focused: false; selected: false; clickable: false; longClickable: false; contextClickable: false; enabled: true; password: false; scrollable: false; importantForAccessibility: false; visible: false; actions: [AccessibilityAction: ACTION_SELECT - null, AccessibilityAction: ACTION_CLEAR_SELECTION - null, AccessibilityAction: ACTION_ACCESSIBILITY_FOCUS - null, AccessibilityAction: ACTION_SHOW_ON_SCREEN - null]
11-25 16:05:08.658 17082 18172 I UIAutomatorStub: Skipping invisible child: android.view.accessibility.AccessibilityNodeInfo@17c3c; boundsInParent: Rect(0, 0 - 1080, 1582); boundsInScreen: Rect(1080, 63 - 1080, 1645); packageName: org.shadowice.flocke.andotp; className: android.widget.ScrollView; text: null; error: null; maxTextLength: -1; contentDescription: null; tooltipText: null; viewIdResName: null; checkable: false; checked: false; focusable: true; focused: false; selected: false; clickable: false; longClickable: false; contextClickable: false; enabled: true; password: false; scrollable: false; importantForAccessibility: true; visible: false; actions: [AccessibilityAction: ACTION_FOCUS - null, AccessibilityAction: ACTION_SELECT - null, AccessibilityAction: ACTION_CLEAR_SELECTION - null, AccessibilityAction: ACTION_ACCESSIBILITY_FOCUS - null, AccessibilityAction: ACTION_SHOW_ON_SCREEN - null]
11-25 16:05:08.658 17082 18172 I UIAutomatorStub: Skipping invisible child: android.view.accessibility.AccessibilityNodeInfo@14f30; boundsInParent: Rect(0, 0 - 1080, 63); boundsInScreen: Rect(0, 0 - 1080, 63); packageName: org.shadowice.flocke.andotp; className: android.view.View; text: null; error: null; maxTextLength: -1; contentDescription: null; tooltipText: null; viewIdResName: android:id/statusBarBackground; checkable: false; checked: false; focusable: false; focused: false; selected: false; clickable: false; longClickable: false; contextClickable: false; enabled: true; password: false; scrollable: false; importantForAccessibility: false; visible: false; actions: [AccessibilityAction: ACTION_SELECT - null, AccessibilityAction: ACTION_CLEAR_SELECTION - null, AccessibilityAction: ACTION_ACCESSIBILITY_FOCUS - null, AccessibilityAction: ACTION_SHOW_ON_SCREEN - null]
11-25 16:05:08.658 17082 18172 I UIAutomatorStub: Skipping invisible child: android.view.accessibility.AccessibilityNodeInfo@14b6f; boundsInParent: Rect(0, 0 - 1080, 126); boundsInScreen: Rect(0, 1794 - 1080, 1920); packageName: org.shadowice.flocke.andotp; className: android.view.View; text: null; error: null; maxTextLength: -1; contentDescription: null; tooltipText: null; viewIdResName: android:id/navigationBarBackground; checkable: false; checked: false; focusable: false; focused: false; selected: false; clickable: false; longClickable: false; contextClickable: false; enabled: true; password: false; scrollable: false; importantForAccessibility: false; visible: false; actions: [AccessibilityAction: ACTION_SELECT - null, AccessibilityAction: ACTION_CLEAR_SELECTION - null, AccessibilityAction: ACTION_ACCESSIBILITY_FOCUS - null, AccessibilityAction: ACTION_SHOW_ON_SCREEN - null]
11-25 16:05:08.658 17082 18172 I UIAutomatorStub: Fetch time: 1ms
11-25 16:05:08.839  1800  2437 E GnssHAL_GnssInterface: gnssSvStatusCb: a: input svInfo.flags is 8
11-25 16:05:08.839  1800  2437 E GnssHAL_GnssInterface: gnssSvStatusCb: b: input svInfo.flags is 8
11-25 16:05:09.842  1800  2437 E GnssHAL_GnssInterface: gnssSvStatusCb: a: input svInfo.flags is 8
11-25 16:05:09.842  1800  2437 E GnssHAL_GnssInterface: gnssSvStatusCb: b: input svInfo.flags is 8
11-25 16:05:09.852 17082 18173 D UIAutomatorStub: URI: /jsonrpc/0, Method: POST, Header: {content-length=117, remote-addr=127.0.0.1, http-client-ip=127.0.0.1, host=localhost:9008, content-type=application/json, connection=close, accept-encoding=identity, user-agent=Python-urllib/3.7}, params, {NanoHttpd.QUERY_STRING=null}, files: {postData={"jsonrpc": "2.0", "method": "dumpWindowHierarchy", "id": "8ff0de56f84e482dd53acc2119fef32b", "params": [true, null]}}
11-25 16:05:09.856 17082 18173 I UIAutomatorStub: Skipping invisible child: android.view.accessibility.AccessibilityNodeInfo@152f1; boundsInParent: Rect(0, 0 - 1080, 1582); boundsInScreen: Rect(0, 63 - 0, 1645); packageName: org.shadowice.flocke.andotp; className: android.widget.LinearLayout; text: null; error: null; maxTextLength: -1; contentDescription: null; tooltipText: null; viewIdResName: null; checkable: false; checked: false; focusable: false; focused: false; selected: false; clickable: false; longClickable: false; contextClickable: false; enabled: true; password: false; scrollable: false; importantForAccessibility: false; visible: false; actions: [AccessibilityAction: ACTION_SELECT - null, AccessibilityAction: ACTION_CLEAR_SELECTION - null, AccessibilityAction: ACTION_ACCESSIBILITY_FOCUS - null, AccessibilityAction: ACTION_SHOW_ON_SCREEN - null]
11-25 16:05:09.857 17082 18173 I UIAutomatorStub: Skipping invisible child: android.view.accessibility.AccessibilityNodeInfo@17c3c; boundsInParent: Rect(0, 0 - 1080, 1582); boundsInScreen: Rect(1080, 63 - 1080, 1645); packageName: org.shadowice.flocke.andotp; className: android.widget.ScrollView; text: null; error: null; maxTextLength: -1; contentDescription: null; tooltipText: null; viewIdResName: null; checkable: false; checked: false; focusable: true; focused: false; selected: false; clickable: false; longClickable: false; contextClickable: false; enabled: true; password: false; scrollable: false; importantForAccessibility: true; visible: false; actions: [AccessibilityAction: ACTION_FOCUS - null, AccessibilityAction: ACTION_SELECT - null, AccessibilityAction: ACTION_CLEAR_SELECTION - null, AccessibilityAction: ACTION_ACCESSIBILITY_FOCUS - null, AccessibilityAction: ACTION_SHOW_ON_SCREEN - null]
11-25 16:05:09.857 17082 18173 I UIAutomatorStub: Skipping invisible child: android.view.accessibility.AccessibilityNodeInfo@14f30; boundsInParent: Rect(0, 0 - 1080, 63); boundsInScreen: Rect(0, 0 - 1080, 63); packageName: org.shadowice.flocke.andotp; className: android.view.View; text: null; error: null; maxTextLength: -1; contentDescription: null; tooltipText: null; viewIdResName: android:id/statusBarBackground; checkable: false; checked: false; focusable: false; focused: false; selected: false; clickable: false; longClickable: false; contextClickable: false; enabled: true; password: false; scrollable: false; importantForAccessibility: false; visible: false; actions: [AccessibilityAction: ACTION_SELECT - null, AccessibilityAction: ACTION_CLEAR_SELECTION - null, AccessibilityAction: ACTION_ACCESSIBILITY_FOCUS - null, AccessibilityAction: ACTION_SHOW_ON_SCREEN - null]
11-25 16:05:09.857 17082 18173 I UIAutomatorStub: Skipping invisible child: android.view.accessibility.AccessibilityNodeInfo@14b6f; boundsInParent: Rect(0, 0 - 1080, 126); boundsInScreen: Rect(0, 1794 - 1080, 1920); packageName: org.shadowice.flocke.andotp; className: android.view.View; text: null; error: null; maxTextLength: -1; contentDescription: null; tooltipText: null; viewIdResName: android:id/navigationBarBackground; checkable: false; checked: false; focusable: false; focused: false; selected: false; clickable: false; longClickable: false; contextClickable: false; enabled: true; password: false; scrollable: false; importantForAccessibility: false; visible: false; actions: [AccessibilityAction: ACTION_SELECT - null, AccessibilityAction: ACTION_CLEAR_SELECTION - null, AccessibilityAction: ACTION_ACCESSIBILITY_FOCUS - null, AccessibilityAction: ACTION_SHOW_ON_SCREEN - null]
11-25 16:05:09.857 17082 18173 I UIAutomatorStub: Fetch time: 1ms
11-25 16:05:10.845  1800  2437 E GnssHAL_GnssInterface: gnssSvStatusCb: a: input svInfo.flags is 8
11-25 16:05:10.845  1800  2437 E GnssHAL_GnssInterface: gnssSvStatusCb: b: input svInfo.flags is 8
11-25 16:05:11.729 17082 18185 D UIAutomatorStub: URI: /jsonrpc/0, Method: POST, Header: {content-length=117, remote-addr=127.0.0.1, http-client-ip=127.0.0.1, host=localhost:9008, content-type=application/json, connection=close, accept-encoding=identity, user-agent=Python-urllib/3.7}, params, {NanoHttpd.QUERY_STRING=null}, files: {postData={"jsonrpc": "2.0", "method": "dumpWindowHierarchy", "id": "339fd6a69e0ec4fee507a687b9e013ab", "params": [true, null]}}
11-25 16:05:11.734 17082 18185 I UIAutomatorStub: Skipping invisible child: android.view.accessibility.AccessibilityNodeInfo@152f1; boundsInParent: Rect(0, 0 - 1080, 1582); boundsInScreen: Rect(0, 63 - 0, 1645); packageName: org.shadowice.flocke.andotp; className: android.widget.LinearLayout; text: null; error: null; maxTextLength: -1; contentDescription: null; tooltipText: null; viewIdResName: null; checkable: false; checked: false; focusable: false; focused: false; selected: false; clickable: false; longClickable: false; contextClickable: false; enabled: true; password: false; scrollable: false; importantForAccessibility: false; visible: false; actions: [AccessibilityAction: ACTION_SELECT - null, AccessibilityAction: ACTION_CLEAR_SELECTION - null, AccessibilityAction: ACTION_ACCESSIBILITY_FOCUS - null, AccessibilityAction: ACTION_SHOW_ON_SCREEN - null]
11-25 16:05:11.734 17082 18185 I UIAutomatorStub: Skipping invisible child: android.view.accessibility.AccessibilityNodeInfo@17c3c; boundsInParent: Rect(0, 0 - 1080, 1582); boundsInScreen: Rect(1080, 63 - 1080, 1645); packageName: org.shadowice.flocke.andotp; className: android.widget.ScrollView; text: null; error: null; maxTextLength: -1; contentDescription: null; tooltipText: null; viewIdResName: null; checkable: false; checked: false; focusable: true; focused: false; selected: false; clickable: false; longClickable: false; contextClickable: false; enabled: true; password: false; scrollable: false; importantForAccessibility: true; visible: false; actions: [AccessibilityAction: ACTION_FOCUS - null, AccessibilityAction: ACTION_SELECT - null, AccessibilityAction: ACTION_CLEAR_SELECTION - null, AccessibilityAction: ACTION_ACCESSIBILITY_FOCUS - null, AccessibilityAction: ACTION_SHOW_ON_SCREEN - null]
11-25 16:05:11.734 17082 18185 I UIAutomatorStub: Skipping invisible child: android.view.accessibility.AccessibilityNodeInfo@14f30; boundsInParent: Rect(0, 0 - 1080, 63); boundsInScreen: Rect(0, 0 - 1080, 63); packageName: org.shadowice.flocke.andotp; className: android.view.View; text: null; error: null; maxTextLength: -1; contentDescription: null; tooltipText: null; viewIdResName: android:id/statusBarBackground; checkable: false; checked: false; focusable: false; focused: false; selected: false; clickable: false; longClickable: false; contextClickable: false; enabled: true; password: false; scrollable: false; importantForAccessibility: false; visible: false; actions: [AccessibilityAction: ACTION_SELECT - null, AccessibilityAction: ACTION_CLEAR_SELECTION - null, AccessibilityAction: ACTION_ACCESSIBILITY_FOCUS - null, AccessibilityAction: ACTION_SHOW_ON_SCREEN - null]
