06-27 02:25:38.089  9850  9850 D AndroidRuntime: Calling main entry com.android.commands.uiautomator.Launcher
06-27 02:25:39.120  9850  9850 I AccessibilityNodeInfoDumper: Skipping invisible child: android.view.accessibility.AccessibilityNodeInfo@8000feee; boundsInParent: Rect(0, 0 - 1080, 11); boundsInScreen: Rect(0, 210 - 1080, 221); packageName: de.westnordost.streetcomplete; className: android.widget.ProgressBar; text: null; error: null; maxTextLength: -1; contentDescription: null; viewIdResName: de.westnordost.streetcomplete:id/download_progress; checkable: false; checked: false; focusable: false; focused: false; selected: false; clickable: false; longClickable: false; contextClickable: false; enabled: true; password: false; scrollable: false; actions: [AccessibilityAction: ACTION_SELECT - null, AccessibilityAction: ACTION_CLEAR_SELECTION - null, AccessibilityAction: ACTION_ACCESSIBILITY_FOCUS - null, AccessibilityAction: ACTION_UNKNOWN - null]
06-27 02:25:39.121  9850  9850 W AccessibilityNodeInfoDumper: Fetch time: 8ms
06-27 02:25:39.122  1916  1928 W WindowManager: Attempted to remove non-existing token: android.os.Binder@21085df
06-27 02:25:39.137  9850  9850 D AndroidRuntime: Shutting down VM
06-27 02:25:39.594  9866  9866 D AndroidRuntime: >>>>>> START com.android.internal.os.RuntimeInit uid 0 <<<<<<
06-27 02:25:39.595  9866  9866 D AndroidRuntime: CheckJNI is ON
06-27 02:25:39.604  9866  9866 D ICU     : No timezone override file found: /data/misc/zoneinfo/current/icu/icu_tzdata.dat
06-27 02:25:39.617  9866  9866 E memtrack: Couldn't load memtrack module (No such file or directory)
06-27 02:25:39.617  9866  9866 E android.os.Debug: failed to load memtrack module: -2
06-27 02:25:39.618  9866  9866 I Radio-JNI: register_android_hardware_Radio DONE
06-27 02:25:39.623  9866  9866 D AndroidRuntime: Calling main entry com.android.commands.uiautomator.Launcher
06-27 02:25:40.658  9866  9866 I AccessibilityNodeInfoDumper: Skipping invisible child: android.view.accessibility.AccessibilityNodeInfo@8000fef8; boundsInParent: Rect(0, 0 - 1080, 11); boundsInScreen: Rect(0, 210 - 1080, 221); packageName: de.westnordost.streetcomplete; className: android.widget.ProgressBar; text: null; error: null; maxTextLength: -1; contentDescription: null; viewIdResName: de.westnordost.streetcomplete:id/download_progress; checkable: false; checked: false; focusable: false; focused: false; selected: false; clickable: false; longClickable: false; contextClickable: false; enabled: true; password: false; scrollable: false; actions: [AccessibilityAction: ACTION_SELECT - null, AccessibilityAction: ACTION_CLEAR_SELECTION - null, AccessibilityAction: ACTION_ACCESSIBILITY_FOCUS - null, AccessibilityAction: ACTION_UNKNOWN - null]
06-27 02:25:40.659  9866  9866 W AccessibilityNodeInfoDumper: Fetch time: 7ms
06-27 02:25:40.660  1916  2152 W WindowManager: Attempted to remove non-existing token: android.os.Binder@34d222c
06-27 02:25:40.674  9866  9866 D AndroidRuntime: Shutting down VM
06-27 02:25:41.736  9887  9887 D AndroidRuntime: >>>>>> START com.android.internal.os.RuntimeInit uid 0 <<<<<<
06-27 02:25:41.737  9887  9887 D AndroidRuntime: CheckJNI is ON
06-27 02:25:41.744  9887  9887 D ICU     : No timezone override file found: /data/misc/zoneinfo/current/icu/icu_tzdata.dat
06-27 02:25:41.757  9887  9887 E memtrack: Couldn't load memtrack module (No such file or directory)
06-27 02:25:41.757  9887  9887 E android.os.Debug: failed to load memtrack module: -2
06-27 02:25:41.758  9887  9887 I Radio-JNI: register_android_hardware_Radio DONE
06-27 02:25:41.763  9887  9887 D AndroidRuntime: Calling main entry com.android.commands.uiautomator.Launcher
06-27 02:25:42.794  9887  9887 I AccessibilityNodeInfoDumper: Skipping invisible child: android.view.accessibility.AccessibilityNodeInfo@8000ff02; boundsInParent: Rect(0, 0 - 1080, 11); boundsInScreen: Rect(0, 210 - 1080, 221); packageName: de.westnordost.streetcomplete; className: android.widget.ProgressBar; text: null; error: null; maxTextLength: -1; contentDescription: null; viewIdResName: de.westnordost.streetcomplete:id/download_progress; checkable: false; checked: false; focusable: false; focused: false; selected: false; clickable: false; longClickable: false; contextClickable: false; enabled: true; password: false; scrollable: false; actions: [AccessibilityAction: ACTION_SELECT - null, AccessibilityAction: ACTION_CLEAR_SELECTION - null, AccessibilityAction: ACTION_ACCESSIBILITY_FOCUS - null, AccessibilityAction: ACTION_UNKNOWN - null]
06-27 02:25:42.796  9887  9887 W AccessibilityNodeInfoDumper: Fetch time: 8ms
06-27 02:25:42.797  1916  1928 W WindowManager: Attempted to remove non-existing token: android.os.Binder@24924f5
06-27 02:25:42.811  9887  9887 D AndroidRuntime: Shutting down VM
06-27 02:25:43.951  9913  9913 D AndroidRuntime: >>>>>> START com.android.internal.os.RuntimeInit uid 0 <<<<<<
06-27 02:25:43.952  9913  9913 D AndroidRuntime: CheckJNI is ON
06-27 02:25:43.959  9913  9913 D ICU     : No timezone override file found: /data/misc/zoneinfo/current/icu/icu_tzdata.dat
06-27 02:25:43.971  9913  9913 E memtrack: Couldn't load memtrack module (No such file or directory)
06-27 02:25:43.971  9913  9913 E android.os.Debug: failed to load memtrack module: -2
06-27 02:25:43.971  9913  9913 I Radio-JNI: register_android_hardware_Radio DONE
06-27 02:25:43.977  9913  9913 D AndroidRuntime: Calling main entry com.android.commands.uiautomator.Launcher
06-27 02:25:45.014  9913  9913 I AccessibilityNodeInfoDumper: Skipping invisible child: android.view.accessibility.AccessibilityNodeInfo@8000ff0c; boundsInParent: Rect(0, 0 - 1080, 11); boundsInScreen: Rect(0, 210 - 1080, 221); packageName: de.westnordost.streetcomplete; className: android.widget.ProgressBar; text: null; error: null; maxTextLength: -1; contentDescription: null; viewIdResName: de.westnordost.streetcomplete:id/download_progress; checkable: false; checked: false; focusable: false; focused: false; selected: false; clickable: false; longClickable: false; contextClickable: false; enabled: true; password: false; scrollable: false; actions: [AccessibilityAction: ACTION_SELECT - null, AccessibilityAction: ACTION_CLEAR_SELECTION - null, AccessibilityAction: ACTION_ACCESSIBILITY_FOCUS - null, AccessibilityAction: ACTION_UNKNOWN - null]
06-27 02:25:45.017  9913  9913 W AccessibilityNodeInfoDumper: Fetch time: 18ms
06-27 02:25:45.018  1916  3051 W WindowManager: Attempted to remove non-existing token: android.os.Binder@ce5928a
06-27 02:25:45.042  9913  9913 D AndroidRuntime: Shutting down VM
06-27 02:25:45.433  1293  1341 E SurfaceFlinger: ro.sf.lcd_density must be defined as a build property
06-27 02:25:45.436  1293  1966 D gralloc_ranchu: gralloc_alloc: Creating ashmem region of size 8294400
06-27 02:25:45.444  9927  9927 D         : HostConnection::get() New Host Connection established 0xb65cd300, tid 9927
06-27 02:25:45.698  9932  9932 D AndroidRuntime: >>>>>> START com.android.internal.os.RuntimeInit uid 0 <<<<<<
06-27 02:25:45.700  9932  9932 D AndroidRuntime: CheckJNI is ON
06-27 02:25:45.709  9932  9932 D ICU     : No timezone override file found: /data/misc/zoneinfo/current/icu/icu_tzdata.dat
06-27 02:25:45.723  9932  9932 E memtrack: Couldn't load memtrack module (No such file or directory)
06-27 02:25:45.723  9932  9932 E android.os.Debug: failed to load memtrack module: -2
06-27 02:25:45.724  9932  9932 I Radio-JNI: register_android_hardware_Radio DONE
06-27 02:25:45.730  9932  9932 D AndroidRuntime: Calling main entry com.android.commands.am.Am
06-27 02:25:45.737  2599  2599 D MediaScannerReceiver: action: android.intent.action.MEDIA_SCANNER_SCAN_FILE path: /storage/emulated/0/screen.png
06-27 02:25:45.739  9932  9932 D AndroidRuntime: Shutting down VM
06-27 02:25:45.922  2716  5743 I NetworkScheduler.Stats: Task com.google.android.gms/com.google.android.gms.ipa.base.IpaGcmTaskService started execution. cause:9 exec_start_elapsed_seconds: 5511 [CONTEXT service_id=218 ]
06-27 02:25:45.926  2716  2967 I NetworkScheduler.Stats: Task com.google.android.gms/com.google.android.gms.ipa.base.IpaGcmTaskService finished executing. cause:9 result: 1 elapsed_millis: 15 uptime_millis: 15 exec_start_elapsed_seconds: 5511 [CONTEXT service_id=218 ]
06-27 02:25:48.271  9944  9944 D AndroidRuntime: >>>>>> START com.android.internal.os.RuntimeInit uid 0 <<<<<<
06-27 02:25:48.272  9944  9944 D AndroidRuntime: CheckJNI is ON
06-27 02:25:48.280  9944  9944 D ICU     : No timezone override file found: /data/misc/zoneinfo/current/icu/icu_tzdata.dat
06-27 02:25:48.293  9944  9944 E memtrack: Couldn't load memtrack module (No such file or directory)
06-27 02:25:48.293  9944  9944 E android.os.Debug: failed to load memtrack module: -2
06-27 02:25:48.293  9944  9944 I Radio-JNI: register_android_hardware_Radio DONE
06-27 02:25:48.299  9944  9944 D AndroidRuntime: Calling main entry com.android.commands.uiautomator.Launcher
06-27 02:25:48.344  2735  9955 I GmscoreIpa: how are you::
06-27 02:25:49.329  9944  9944 I AccessibilityNodeInfoDumper: Skipping invisible child: android.view.accessibility.AccessibilityNodeInfo@8000ff16; boundsInParent: Rect(0, 0 - 1080, 11); boundsInScreen: Rect(0, 210 - 1080, 221); packageName: de.westnordost.streetcomplete; className: android.widget.ProgressBar; text: null; error: null; maxTextLength: -1; contentDescription: null; viewIdResName: de.westnordost.streetcomplete:id/download_progress; checkable: false; checked: false; focusable: false; focused: false; selected: false; clickable: false; longClickable: false; contextClickable: false; enabled: true; password: false; scrollable: false; actions: [AccessibilityAction: ACTION_SELECT - null, AccessibilityAction: ACTION_CLEAR_SELECTION - null, AccessibilityAction: ACTION_ACCESSIBILITY_FOCUS - null, AccessibilityAction: ACTION_UNKNOWN - null]
06-27 02:25:49.331  9944  9944 W AccessibilityNodeInfoDumper: Fetch time: 8ms
06-27 02:25:49.332  1916  1928 W WindowManager: Attempted to remove non-existing token: android.os.Binder@85f51d7
06-27 02:25:49.346  9944  9944 D AndroidRuntime: Shutting down VM
06-27 02:25:51.782  9961  9961 D AndroidRuntime: >>>>>> START com.android.internal.os.RuntimeInit uid 0 <<<<<<
06-27 02:25:51.783  9961  9961 D AndroidRuntime: CheckJNI is ON
06-27 02:25:51.792  9961  9961 D ICU     : No timezone override file found: /data/misc/zoneinfo/current/icu/icu_tzdata.dat
06-27 02:25:51.804  9961  9961 E memtrack: Couldn't load memtrack module (No such file or directory)
06-27 02:25:51.804  9961  9961 E android.os.Debug: failed to load memtrack module: -2
06-27 02:25:51.805  9961  9961 I Radio-JNI: register_android_hardware_Radio DONE
06-27 02:25:51.810  9961  9961 D AndroidRuntime: Calling main entry com.android.commands.uiautomator.Launcher
06-27 02:25:52.841  9961  9961 I AccessibilityNodeInfoDumper: Skipping invisible child: android.view.accessibility.AccessibilityNodeInfo@8000ff20; boundsInParent: Rect(0, 0 - 1080, 11); boundsInScreen: Rect(0, 210 - 1080, 221); packageName: de.westnordost.streetcomplete; className: android.widget.ProgressBar; text: null; error: null; maxTextLength: -1; contentDescription: null; viewIdResName: de.westnordost.streetcomplete:id/download_progress; checkable: false; checked: false; focusable: false; focused: false; selected: false; clickable: false; longClickable: false; contextClickable: false; enabled: true; password: false; scrollable: false; actions: [AccessibilityAction: ACTION_SELECT - null, AccessibilityAction: ACTION_CLEAR_SELECTION - null, AccessibilityAction: ACTION_ACCESSIBILITY_FOCUS - null, AccessibilityAction: ACTION_UNKNOWN - null]
06-27 02:25:52.843  9961  9961 W AccessibilityNodeInfoDumper: Fetch time: 8ms
06-27 02:25:52.844  1916  2149 W WindowManager: Attempted to remove non-existing token: android.os.Binder@87de8e2
06-27 02:25:52.860  9961  9961 D AndroidRuntime: Shutting down VM
06-27 02:25:53.318  9976  9976 D AndroidRuntime: >>>>>> START com.android.internal.os.RuntimeInit uid 0 <<<<<<
06-27 02:25:53.319  9976  9976 D AndroidRuntime: CheckJNI is ON
06-27 02:25:53.327  9976  9976 D ICU     : No timezone override file found: /data/misc/zoneinfo/current/icu/icu_tzdata.dat
06-27 02:25:53.338  9976  9976 E memtrack: Couldn't load memtrack module (No such file or directory)
06-27 02:25:53.338  9976  9976 E android.os.Debug: failed to load memtrack module: -2
06-27 02:25:53.339  9976  9976 I Radio-JNI: register_android_hardware_Radio DONE
06-27 02:25:53.344  9976  9976 D AndroidRuntime: Calling main entry com.android.commands.uiautomator.Launcher
06-27 02:25:54.373  9976  9976 I AccessibilityNodeInfoDumper: Skipping invisible child: android.view.accessibility.AccessibilityNodeInfo@8000ff2a; boundsInParent: Rect(0, 0 - 1080, 11); boundsInScreen: Rect(0, 210 - 1080, 221); packageName: de.westnordost.streetcomplete; className: android.widget.ProgressBar; text: null; error: null; maxTextLength: -1; contentDescription: null; viewIdResName: de.westnordost.streetcomplete:id/download_progress; checkable: false; checked: false; focusable: false; focused: false; selected: false; clickable: false; longClickable: false; contextClickable: false; enabled: true; password: false; scrollable: false; actions: [AccessibilityAction: ACTION_SELECT - null, AccessibilityAction: ACTION_CLEAR_SELECTION - null, AccessibilityAction: ACTION_ACCESSIBILITY_FOCUS - null, AccessibilityAction: ACTION_UNKNOWN - null]
06-27 02:25:54.374  9976  9976 W AccessibilityNodeInfoDumper: Fetch time: 8ms
06-27 02:25:54.375  1916  3051 W WindowManager: Attempted to remove non-existing token: android.os.Binder@b5d3473
06-27 02:25:54.388  9976  9976 D AndroidRuntime: Shutting down VM
06-27 02:25:54.845  9991  9991 D AndroidRuntime: >>>>>> START com.android.internal.os.RuntimeInit uid 0 <<<<<<
06-27 02:25:54.847  9991  9991 D AndroidRuntime: CheckJNI is ON
06-27 02:25:54.854  9991  9991 D ICU     : No timezone override file found: /data/misc/zoneinfo/current/icu/icu_tzdata.dat
06-27 02:25:54.866  9991  9991 E memtrack: Couldn't load memtrack module (No such file or directory)
06-27 02:25:54.866  9991  9991 E android.os.Debug: failed to load memtrack module: -2
06-27 02:25:54.867  9991  9991 I Radio-JNI: register_android_hardware_Radio DONE
06-27 02:25:54.871  9991  9991 D AndroidRuntime: Calling main entry com.android.commands.uiautomator.Launcher
06-27 02:25:55.906  9991  9991 I AccessibilityNodeInfoDumper: Skipping invisible child: android.view.accessibility.AccessibilityNodeInfo@8000ff34; boundsInParent: Rect(0, 0 - 1080, 11); boundsInScreen: Rect(0, 210 - 1080, 221); packageName: de.westnordost.streetcomplete; className: android.widget.ProgressBar; text: null; error: null; maxTextLength: -1; contentDescription: null; viewIdResName: de.westnordost.streetcomplete:id/download_progress; checkable: false; checked: false; focusable: false; focused: false; selected: false; clickable: false; longClickable: false; contextClickable: false; enabled: true; password: false; scrollable: false; actions: [AccessibilityAction: ACTION_SELECT - null, AccessibilityAction: ACTION_CLEAR_SELECTION - null, AccessibilityAction: ACTION_ACCESSIBILITY_FOCUS - null, AccessibilityAction: ACTION_UNKNOWN - null]
06-27 02:25:55.907  9991  9991 W AccessibilityNodeInfoDumper: Fetch time: 8ms
06-27 02:25:55.908  1916  2148 W WindowManager: Attempted to remove non-existing token: android.os.Binder@9c8f30
06-27 02:25:55.921  9991  9991 D AndroidRuntime: Shutting down VM
06-27 02:25:56.425 10008 10008 D AndroidRuntime: >>>>>> START com.android.internal.os.RuntimeInit uid 0 <<<<<<
06-27 02:25:56.426 10008 10008 D AndroidRuntime: CheckJNI is ON
06-27 02:25:56.434 10008 10008 D ICU     : No timezone override file found: /data/misc/zoneinfo/current/icu/icu_tzdata.dat
06-27 02:25:56.446 10008 10008 E memtrack: Couldn't load memtrack module (No such file or directory)
06-27 02:25:56.446 10008 10008 E android.os.Debug: failed to load memtrack module: -2
06-27 02:25:56.447 10008 10008 I Radio-JNI: register_android_hardware_Radio DONE
06-27 02:25:56.452 10008 10008 D AndroidRuntime: Calling main entry com.android.commands.uiautomator.Launcher
06-27 02:25:57.488 10008 10008 I AccessibilityNodeInfoDumper: Skipping invisible child: android.view.accessibility.AccessibilityNodeInfo@8000ff3d; boundsInParent: Rect(0, 0 - 1080, 11); boundsInScreen: Rect(0, 210 - 1080, 221); packageName: de.westnordost.streetcomplete; className: android.widget.ProgressBar; text: null; error: null; maxTextLength: -1; contentDescription: null; viewIdResName: de.westnordost.streetcomplete:id/download_progress; checkable: false; checked: false; focusable: false; focused: false; selected: false; clickable: false; longClickable: false; contextClickable: false; enabled: true; password: false; scrollable: false; actions: [AccessibilityAction: ACTION_SELECT - null, AccessibilityAction: ACTION_CLEAR_SELECTION - null, AccessibilityAction: ACTION_ACCESSIBILITY_FOCUS - null, AccessibilityAction: ACTION_UNKNOWN - null]
06-27 02:25:57.490 10008 10008 W AccessibilityNodeInfoDumper: Fetch time: 8ms
06-27 02:25:57.491  1916  1927 W WindowManager: Attempted to remove non-existing token: android.os.Binder@569c7a9
06-27 02:25:57.505 10008 10008 D AndroidRuntime: Shutting down VM
06-27 02:25:57.894 10019 10019 D AndroidRuntime: >>>>>> START com.android.internal.os.RuntimeInit uid 0 <<<<<<
06-27 02:25:57.896 10019 10019 D AndroidRuntime: CheckJNI is ON
06-27 02:25:57.904 10019 10019 D ICU     : No timezone override file found: /data/misc/zoneinfo/current/icu/icu_tzdata.dat
06-27 02:25:57.914 10019 10019 E memtrack: Couldn't load memtrack module (No such file or directory)
06-27 02:25:57.914 10019 10019 E android.os.Debug: failed to load memtrack module: -2
06-27 02:25:57.916 10019 10019 I Radio-JNI: register_android_hardware_Radio DONE
06-27 02:25:57.920 10019 10019 D AndroidRuntime: Calling main entry com.android.commands.input.Input
06-27 02:25:57.922 10019 10019 I Input   : injectMotionEvent: MotionEvent { action=ACTION_DOWN, actionButton=0, id[0]=0, x[0]=911.0, y[0]=136.0, toolType[0]=TOOL_TYPE_UNKNOWN, buttonState=0, metaState=0, flags=0x0, edgeFlags=0x0, pointerCount=1, historySize=0, eventTime=5523116, downTime=5523116, deviceId=0, source=0x1002 }
06-27 02:25:57.926 10019 10019 I Input   : injectMotionEvent: MotionEvent { action=ACTION_MOVE, actionButton=0, id[0]=0, x[0]=911.0, y[0]=136.0, toolType[0]=TOOL_TYPE_UNKNOWN, buttonState=0, metaState=0, flags=0x0, edgeFlags=0x0, pointerCount=1, historySize=0, eventTime=5523116, downTime=5523116, deviceId=0, source=0x1002 }
06-27 02:25:57.933 10019 10019 I Input   : injectMotionEvent: MotionEvent { action=ACTION_MOVE, actionButton=0, id[0]=0, x[0]=911.0, y[0]=136.0, toolType[0]=TOOL_TYPE_UNKNOWN, buttonState=0, metaState=0, flags=0x0, edgeFlags=0x0, pointerCount=1, historySize=0, eventTime=5523128, downTime=5523128, deviceId=0, source=0x1002 }
06-27 02:25:57.952 10019 10019 I Input   : injectMotionEvent: MotionEvent { action=ACTION_MOVE, actionButton=0, id[0]=0, x[0]=911.0, y[0]=136.0, toolType[0]=TOOL_TYPE_UNKNOWN, buttonState=0, metaState=0, flags=0x0, edgeFlags=0x0, pointerCount=1, historySize=0, eventTime=5523147, downTime=5523147, deviceId=0, source=0x1002 }
06-27 02:25:57.970 10019 10019 I Input   : injectMotionEvent: MotionEvent { action=ACTION_MOVE, actionButton=0, id[0]=0, x[0]=911.0, y[0]=136.0, toolType[0]=TOOL_TYPE_UNKNOWN, buttonState=0, metaState=0, flags=0x0, edgeFlags=0x0, pointerCount=1, historySize=0, eventTime=5523165, downTime=5523165, deviceId=0, source=0x1002 }
06-27 02:25:57.990 10019 10019 I Input   : injectMotionEvent: MotionEvent { action=ACTION_MOVE, actionButton=0, id[0]=0, x[0]=911.0, y[0]=136.0, toolType[0]=TOOL_TYPE_UNKNOWN, buttonState=0, metaState=0, flags=0x0, edgeFlags=0x0, pointerCount=1, historySize=0, eventTime=5523186, downTime=5523186, deviceId=0, source=0x1002 }
06-27 02:25:58.008 10019 10019 I Input   : injectMotionEvent: MotionEvent { action=ACTION_MOVE, actionButton=0, id[0]=0, x[0]=911.0, y[0]=136.0, toolType[0]=TOOL_TYPE_UNKNOWN, buttonState=0, metaState=0, flags=0x0, edgeFlags=0x0, pointerCount=1, historySize=0, eventTime=5523204, downTime=5523204, deviceId=0, source=0x1002 }
06-27 02:25:58.025 10019 10019 I Input   : injectMotionEvent: MotionEvent { action=ACTION_MOVE, actionButton=0, id[0]=0, x[0]=911.0, y[0]=136.0, toolType[0]=TOOL_TYPE_UNKNOWN, buttonState=0, metaState=0, flags=0x0, edgeFlags=0x0, pointerCount=1, historySize=0, eventTime=5523221, downTime=5523221, deviceId=0, source=0x1002 }
06-27 02:25:58.043 10019 10019 I Input   : injectMotionEvent: MotionEvent { action=ACTION_MOVE, actionButton=0, id[0]=0, x[0]=911.0, y[0]=136.0, toolType[0]=TOOL_TYPE_UNKNOWN, buttonState=0, metaState=0, flags=0x0, edgeFlags=0x0, pointerCount=1, historySize=0, eventTime=5523238, downTime=5523238, deviceId=0, source=0x1002 }
06-27 02:25:58.062 10019 10019 I Input   : injectMotionEvent: MotionEvent { action=ACTION_MOVE, actionButton=0, id[0]=0, x[0]=911.0, y[0]=136.0, toolType[0]=TOOL_TYPE_UNKNOWN, buttonState=0, metaState=0, flags=0x0, edgeFlags=0x0, pointerCount=1, historySize=0, eventTime=5523257, downTime=5523257, deviceId=0, source=0x1002 }
06-27 02:25:58.080 10019 10019 I Input   : injectMotionEvent: MotionEvent { action=ACTION_MOVE, actionButton=0, id[0]=0, x[0]=911.0, y[0]=136.0, toolType[0]=TOOL_TYPE_UNKNOWN, buttonState=0, metaState=0, flags=0x0, edgeFlags=0x0, pointerCount=1, historySize=0, eventTime=5523275, downTime=5523275, deviceId=0, source=0x1002 }
06-27 02:25:58.097 10019 10019 I Input   : injectMotionEvent: MotionEvent { action=ACTION_MOVE, actionButton=0, id[0]=0, x[0]=911.0, y[0]=136.0, toolType[0]=TOOL_TYPE_UNKNOWN, buttonState=0, metaState=0, flags=0x0, edgeFlags=0x0, pointerCount=1, historySize=0, eventTime=5523293, downTime=5523293, deviceId=0, source=0x1002 }
06-27 02:25:58.117 10019 10019 I Input   : injectMotionEvent: MotionEvent { action=ACTION_MOVE, actionButton=0, id[0]=0, x[0]=911.0, y[0]=136.0, toolType[0]=TOOL_TYPE_UNKNOWN, buttonState=0, metaState=0, flags=0x0, edgeFlags=0x0, pointerCount=1, historySize=0, eventTime=5523312, downTime=5523312, deviceId=0, source=0x1002 }
06-27 02:25:58.136 10019 10019 I Input   : injectMotionEvent: MotionEvent { action=ACTION_MOVE, actionButton=0, id[0]=0, x[0]=911.0, y[0]=136.0, toolType[0]=TOOL_TYPE_UNKNOWN, buttonState=0, metaState=0, flags=0x0, edgeFlags=0x0, pointerCount=1, historySize=0, eventTime=5523331, downTime=5523331, deviceId=0, source=0x1002 }
06-27 02:25:58.155 10019 10019 I Input   : injectMotionEvent: MotionEvent { action=ACTION_MOVE, actionButton=0, id[0]=0, x[0]=911.0, y[0]=136.0, toolType[0]=TOOL_TYPE_UNKNOWN, buttonState=0, metaState=0, flags=0x0, edgeFlags=0x0, pointerCount=1, historySize=0, eventTime=5523350, downTime=5523350, deviceId=0, source=0x1002 }
06-27 02:25:58.172 10019 10019 I Input   : injectMotionEvent: MotionEvent { action=ACTION_MOVE, actionButton=0, id[0]=0, x[0]=911.0, y[0]=136.0, toolType[0]=TOOL_TYPE_UNKNOWN, buttonState=0, metaState=0, flags=0x0, edgeFlags=0x0, pointerCount=1, historySize=0, eventTime=5523368, downTime=5523368, deviceId=0, source=0x1002 }
06-27 02:25:58.190 10019 10019 I Input   : injectMotionEvent: MotionEvent { action=ACTION_MOVE, actionButton=0, id[0]=0, x[0]=911.0, y[0]=136.0, toolType[0]=TOOL_TYPE_UNKNOWN, buttonState=0, metaState=0, flags=0x0, edgeFlags=0x0, pointerCount=1, historySize=0, eventTime=5523385, downTime=5523385, deviceId=0, source=0x1002 }
06-27 02:25:58.209 10019 10019 I Input   : injectMotionEvent: MotionEvent { action=ACTION_MOVE, actionButton=0, id[0]=0, x[0]=911.0, y[0]=136.0, toolType[0]=TOOL_TYPE_UNKNOWN, buttonState=0, metaState=0, flags=0x0, edgeFlags=0x0, pointerCount=1, historySize=0, eventTime=5523405, downTime=5523405, deviceId=0, source=0x1002 }
06-27 02:25:58.225 10019 10019 I Input   : injectMotionEvent: MotionEvent { action=ACTION_MOVE, actionButton=0, id[0]=0, x[0]=911.0, y[0]=136.0, toolType[0]=TOOL_TYPE_UNKNOWN, buttonState=0, metaState=0, flags=0x0, edgeFlags=0x0, pointerCount=1, historySize=0, eventTime=5523421, downTime=5523421, deviceId=0, source=0x1002 }
06-27 02:25:58.244 10019 10019 I Input   : injectMotionEvent: MotionEvent { action=ACTION_MOVE, actionButton=0, id[0]=0, x[0]=911.0, y[0]=136.0, toolType[0]=TOOL_TYPE_UNKNOWN, buttonState=0, metaState=0, flags=0x0, edgeFlags=0x0, pointerCount=1, historySize=0, eventTime=5523439, downTime=5523439, deviceId=0, source=0x1002 }
06-27 02:25:58.262 10019 10019 I Input   : injectMotionEvent: MotionEvent { action=ACTION_MOVE, actionButton=0, id[0]=0, x[0]=911.0, y[0]=136.0, toolType[0]=TOOL_TYPE_UNKNOWN, buttonState=0, metaState=0, flags=0x0, edgeFlags=0x0, pointerCount=1, historySize=0, eventTime=5523458, downTime=5523458, deviceId=0, source=0x1002 }
06-27 02:25:58.280 10019 10019 I Input   : injectMotionEvent: MotionEvent { action=ACTION_MOVE, actionButton=0, id[0]=0, x[0]=911.0, y[0]=136.0, toolType[0]=TOOL_TYPE_UNKNOWN, buttonState=0, metaState=0, flags=0x0, edgeFlags=0x0, pointerCount=1, historySize=0, eventTime=5523475, downTime=5523475, deviceId=0, source=0x1002 }
06-27 02:25:58.299 10019 10019 I Input   : injectMotionEvent: MotionEvent { action=ACTION_MOVE, actionButton=0, id[0]=0, x[0]=911.0, y[0]=136.0, toolType[0]=TOOL_TYPE_UNKNOWN, buttonState=0, metaState=0, flags=0x0, edgeFlags=0x0, pointerCount=1, historySize=0, eventTime=5523494, downTime=5523494, deviceId=0, source=0x1002 }
06-27 02:25:58.317 10019 10019 I Input   : injectMotionEvent: MotionEvent { action=ACTION_MOVE, actionButton=0, id[0]=0, x[0]=911.0, y[0]=136.0, toolType[0]=TOOL_TYPE_UNKNOWN, buttonState=0, metaState=0, flags=0x0, edgeFlags=0x0, pointerCount=1, historySize=0, eventTime=5523512, downTime=5523512, deviceId=0, source=0x1002 }
06-27 02:25:58.335 10019 10019 I Input   : injectMotionEvent: MotionEvent { action=ACTION_MOVE, actionButton=0, id[0]=0, x[0]=911.0, y[0]=136.0, toolType[0]=TOOL_TYPE_UNKNOWN, buttonState=0, metaState=0, flags=0x0, edgeFlags=0x0, pointerCount=1, historySize=0, eventTime=5523531, downTime=5523531, deviceId=0, source=0x1002 }
06-27 02:25:58.353 10019 10019 I Input   : injectMotionEvent: MotionEvent { action=ACTION_MOVE, actionButton=0, id[0]=0, x[0]=911.0, y[0]=136.0, toolType[0]=TOOL_TYPE_UNKNOWN, buttonState=0, metaState=0, flags=0x0, edgeFlags=0x0, pointerCount=1, historySize=0, eventTime=5523549, downTime=5523549, deviceId=0, source=0x1002 }
06-27 02:25:58.370 10019 10019 I Input   : injectMotionEvent: MotionEvent { action=ACTION_MOVE, actionButton=0, id[0]=0, x[0]=911.0, y[0]=136.0, toolType[0]=TOOL_TYPE_UNKNOWN, buttonState=0, metaState=0, flags=0x0, edgeFlags=0x0, pointerCount=1, historySize=0, eventTime=5523566, downTime=5523566, deviceId=0, source=0x1002 }
06-27 02:25:58.389 10019 10019 I Input   : injectMotionEvent: MotionEvent { action=ACTION_MOVE, actionButton=0, id[0]=0, x[0]=911.0, y[0]=136.0, toolType[0]=TOOL_TYPE_UNKNOWN, buttonState=0, metaState=0, flags=0x0, edgeFlags=0x0, pointerCount=1, historySize=0, eventTime=5523585, downTime=5523585, deviceId=0, source=0x1002 }
06-27 02:25:58.406 10019 10019 I Input   : injectMotionEvent: MotionEvent { action=ACTION_MOVE, actionButton=0, id[0]=0, x[0]=911.0, y[0]=136.0, toolType[0]=TOOL_TYPE_UNKNOWN, buttonState=0, metaState=0, flags=0x0, edgeFlags=0x0, pointerCount=1, historySize=0, eventTime=5523601, downTime=5523601, deviceId=0, source=0x1002 }
06-27 02:25:58.426 10019 10019 I Input   : injectMotionEvent: MotionEvent { action=ACTION_MOVE, actionButton=0, id[0]=0, x[0]=911.0, y[0]=136.0, toolType[0]=TOOL_TYPE_UNKNOWN, buttonState=0, metaState=0, flags=0x0, edgeFlags=0x0, pointerCount=1, historySize=0, eventTime=5523621, downTime=5523621, deviceId=0, source=0x1002 }
06-27 02:25:58.444 10019 10019 I Input   : injectMotionEvent: MotionEvent { action=ACTION_MOVE, actionButton=0, id[0]=0, x[0]=911.0, y[0]=136.0, toolType[0]=TOOL_TYPE_UNKNOWN, buttonState=0, metaState=0, flags=0x0, edgeFlags=0x0, pointerCount=1, historySize=0, eventTime=5523639, downTime=5523639, deviceId=0, source=0x1002 }
06-27 02:25:58.471  8450  8481 D EGL_emulation: eglMakeCurrent: 0xae394a20: ver 3 0 (tinfo 0xae392e40)
06-27 02:25:58.473  8450  8481 D EGL_emulation: eglMakeCurrent: 0xae394a20: ver 3 0 (tinfo 0xae392e40)
06-27 02:25:58.473 10019 10019 I Input   : injectMotionEvent: MotionEvent { action=ACTION_MOVE, actionButton=0, id[0]=0, x[0]=911.0, y[0]=136.0, toolType[0]=TOOL_TYPE_UNKNOWN, buttonState=0, metaState=0, flags=0x0, edgeFlags=0x0, pointerCount=1, historySize=0, eventTime=5523669, downTime=5523669, deviceId=0, source=0x1002 }
06-27 02:25:58.479  8450  8481 D EGL_emulation: eglMakeCurrent: 0xae394a20: ver 3 0 (tinfo 0xae392e40)
06-27 02:25:58.487  8450  8481 D EGL_emulation: eglMakeCurrent: 0xae394a20: ver 3 0 (tinfo 0xae392e40)
06-27 02:25:58.498 10019 10019 I Input   : injectMotionEvent: MotionEvent { action=ACTION_MOVE, actionButton=0, id[0]=0, x[0]=911.0, y[0]=136.0, toolType[0]=TOOL_TYPE_UNKNOWN, buttonState=0, metaState=0, flags=0x0, edgeFlags=0x0, pointerCount=1, historySize=0, eventTime=5523693, downTime=5523693, deviceId=0, source=0x1002 }
06-27 02:25:58.514 10019 10019 I Input   : injectMotionEvent: MotionEvent { action=ACTION_MOVE, actionButton=0, id[0]=0, x[0]=911.0, y[0]=136.0, toolType[0]=TOOL_TYPE_UNKNOWN, buttonState=0, metaState=0, flags=0x0, edgeFlags=0x0, pointerCount=1, historySize=0, eventTime=5523710, downTime=5523710, deviceId=0, source=0x1002 }
06-27 02:25:58.533 10019 10019 I Input   : injectMotionEvent: MotionEvent { action=ACTION_MOVE, actionButton=0, id[0]=0, x[0]=911.0, y[0]=136.0, toolType[0]=TOOL_TYPE_UNKNOWN, buttonState=0, metaState=0, flags=0x0, edgeFlags=0x0, pointerCount=1, historySize=0, eventTime=5523729, downTime=5523729, deviceId=0, source=0x1002 }
06-27 02:25:58.552 10019 10019 I Input   : injectMotionEvent: MotionEvent { action=ACTION_MOVE, actionButton=0, id[0]=0, x[0]=911.0, y[0]=136.0, toolType[0]=TOOL_TYPE_UNKNOWN, buttonState=0, metaState=0, flags=0x0, edgeFlags=0x0, pointerCount=1, historySize=0, eventTime=5523747, downTime=5523747, deviceId=0, source=0x1002 }
06-27 02:25:58.571 10019 10019 I Input   : injectMotionEvent: MotionEvent { action=ACTION_MOVE, actionButton=0, id[0]=0, x[0]=911.0, y[0]=136.0, toolType[0]=TOOL_TYPE_UNKNOWN, buttonState=0, metaState=0, flags=0x0, edgeFlags=0x0, pointerCount=1, historySize=0, eventTime=5523766, downTime=5523766, deviceId=0, source=0x1002 }
06-27 02:25:58.588 10019 10019 I Input   : injectMotionEvent: MotionEvent { action=ACTION_MOVE, actionButton=0, id[0]=0, x[0]=911.0, y[0]=136.0, toolType[0]=TOOL_TYPE_UNKNOWN, buttonState=0, metaState=0, flags=0x0, edgeFlags=0x0, pointerCount=1, historySize=0, eventTime=5523784, downTime=5523784, deviceId=0, source=0x1002 }
06-27 02:25:58.608 10019 10019 I Input   : injectMotionEvent: MotionEvent { action=ACTION_MOVE, actionButton=0, id[0]=0, x[0]=911.0, y[0]=136.0, toolType[0]=TOOL_TYPE_UNKNOWN, buttonState=0, metaState=0, flags=0x0, edgeFlags=0x0, pointerCount=1, historySize=0, eventTime=5523804, downTime=5523804, deviceId=0, source=0x1002 }
06-27 02:25:58.628 10019 10019 I Input   : injectMotionEvent: MotionEvent { action=ACTION_MOVE, actionButton=0, id[0]=0, x[0]=911.0, y[0]=136.0, toolType[0]=TOOL_TYPE_UNKNOWN, buttonState=0, metaState=0, flags=0x0, edgeFlags=0x0, pointerCount=1, historySize=0, eventTime=5523824, downTime=5523824, deviceId=0, source=0x1002 }
06-27 02:25:58.646 10019 10019 I Input   : injectMotionEvent: MotionEvent { action=ACTION_MOVE, actionButton=0, id[0]=0, x[0]=911.0, y[0]=136.0, toolType[0]=TOOL_TYPE_UNKNOWN, buttonState=0, metaState=0, flags=0x0, edgeFlags=0x0, pointerCount=1, historySize=0, eventTime=5523842, downTime=5523842, deviceId=0, source=0x1002 }
06-27 02:25:58.661 10019 10019 I Input   : injectMotionEvent: MotionEvent { action=ACTION_MOVE, actionButton=0, id[0]=0, x[0]=911.0, y[0]=136.0, toolType[0]=TOOL_TYPE_UNKNOWN, buttonState=0, metaState=0, flags=0x0, edgeFlags=0x0, pointerCount=1, historySize=0, eventTime=5523857, downTime=5523857, deviceId=0, source=0x1002 }
06-27 02:25:58.682 10019 10019 I Input   : injectMotionEvent: MotionEvent { action=ACTION_MOVE, actionButton=0, id[0]=0, x[0]=911.0, y[0]=136.0, toolType[0]=TOOL_TYPE_UNKNOWN, buttonState=0, metaState=0, flags=0x0, edgeFlags=0x0, pointerCount=1, historySize=0, eventTime=5523877, downTime=5523877, deviceId=0, source=0x1002 }
06-27 02:25:58.698 10019 10019 I Input   : injectMotionEvent: MotionEvent { action=ACTION_MOVE, actionButton=0, id[0]=0, x[0]=911.0, y[0]=136.0, toolType[0]=TOOL_TYPE_UNKNOWN, buttonState=0, metaState=0, flags=0x0, edgeFlags=0x0, pointerCount=1, historySize=0, eventTime=5523893, downTime=5523893, deviceId=0, source=0x1002 }
06-27 02:25:58.717 10019 10019 I Input   : injectMotionEvent: MotionEvent { action=ACTION_MOVE, actionButton=0, id[0]=0, x[0]=911.0, y[0]=136.0, toolType[0]=TOOL_TYPE_UNKNOWN, buttonState=0, metaState=0, flags=0x0, edgeFlags=0x0, pointerCount=1, historySize=0, eventTime=5523912, downTime=5523912, deviceId=0, source=0x1002 }
06-27 02:25:58.736 10019 10019 I Input   : injectMotionEvent: MotionEvent { action=ACTION_MOVE, actionButton=0, id[0]=0, x[0]=911.0, y[0]=136.0, toolType[0]=TOOL_TYPE_UNKNOWN, buttonState=0, metaState=0, flags=0x0, edgeFlags=0x0, pointerCount=1, historySize=0, eventTime=5523931, downTime=5523931, deviceId=0, source=0x1002 }
06-27 02:25:58.752 10019 10019 I Input   : injectMotionEvent: MotionEvent { action=ACTION_MOVE, actionButton=0, id[0]=0, x[0]=911.0, y[0]=136.0, toolType[0]=TOOL_TYPE_UNKNOWN, buttonState=0, metaState=0, flags=0x0, edgeFlags=0x0, pointerCount=1, historySize=0, eventTime=5523948, downTime=5523948, deviceId=0, source=0x1002 }
06-27 02:25:58.771 10019 10019 I Input   : injectMotionEvent: MotionEvent { action=ACTION_MOVE, actionButton=0, id[0]=0, x[0]=911.0, y[0]=136.0, toolType[0]=TOOL_TYPE_UNKNOWN, buttonState=0, metaState=0, flags=0x0, edgeFlags=0x0, pointerCount=1, historySize=0, eventTime=5523966, downTime=5523966, deviceId=0, source=0x1002 }
06-27 02:25:58.788 10019 10019 I Input   : injectMotionEvent: MotionEvent { action=ACTION_MOVE, actionButton=0, id[0]=0, x[0]=911.0, y[0]=136.0, toolType[0]=TOOL_TYPE_UNKNOWN, buttonState=0, metaState=0, flags=0x0, edgeFlags=0x0, pointerCount=1, historySize=0, eventTime=5523983, downTime=5523983, deviceId=0, source=0x1002 }
06-27 02:25:58.807 10019 10019 I Input   : injectMotionEvent: MotionEvent { action=ACTION_MOVE, actionButton=0, id[0]=0, x[0]=911.0, y[0]=136.0, toolType[0]=TOOL_TYPE_UNKNOWN, buttonState=0, metaState=0, flags=0x0, edgeFlags=0x0, pointerCount=1, historySize=0, eventTime=5524003, downTime=5524003, deviceId=0, source=0x1002 }
06-27 02:25:58.826 10019 10019 I Input   : injectMotionEvent: MotionEvent { action=ACTION_MOVE, actionButton=0, id[0]=0, x[0]=911.0, y[0]=136.0, toolType[0]=TOOL_TYPE_UNKNOWN, buttonState=0, metaState=0, flags=0x0, edgeFlags=0x0, pointerCount=1, historySize=0, eventTime=5524022, downTime=5524022, deviceId=0, source=0x1002 }
06-27 02:25:58.845 10019 10019 I Input   : injectMotionEvent: MotionEvent { action=ACTION_MOVE, actionButton=0, id[0]=0, x[0]=911.0, y[0]=136.0, toolType[0]=TOOL_TYPE_UNKNOWN, buttonState=0, metaState=0, flags=0x0, edgeFlags=0x0, pointerCount=1, historySize=0, eventTime=5524040, downTime=5524040, deviceId=0, source=0x1002 }
06-27 02:25:58.863 10019 10019 I Input   : injectMotionEvent: MotionEvent { action=ACTION_MOVE, actionButton=0, id[0]=0, x[0]=911.0, y[0]=136.0, toolType[0]=TOOL_TYPE_UNKNOWN, buttonState=0, metaState=0, flags=0x0, edgeFlags=0x0, pointerCount=1, historySize=0, eventTime=5524059, downTime=5524059, deviceId=0, source=0x1002 }
06-27 02:25:58.882 10019 10019 I Input   : injectMotionEvent: MotionEvent { action=ACTION_MOVE, actionButton=0, id[0]=0, x[0]=911.0, y[0]=136.0, toolType[0]=TOOL_TYPE_UNKNOWN, buttonState=0, metaState=0, flags=0x0, edgeFlags=0x0, pointerCount=1, historySize=0, eventTime=5524077, downTime=5524077, deviceId=0, source=0x1002 }
06-27 02:25:58.898 10019 10019 I Input   : injectMotionEvent: MotionEvent { action=ACTION_MOVE, actionButton=0, id[0]=0, x[0]=911.0, y[0]=136.0, toolType[0]=TOOL_TYPE_UNKNOWN, buttonState=0, metaState=0, flags=0x0, edgeFlags=0x0, pointerCount=1, historySize=0, eventTime=5524093, downTime=5524093, deviceId=0, source=0x1002 }
06-27 02:25:58.918 10019 10019 I Input   : injectMotionEvent: MotionEvent { action=ACTION_MOVE, actionButton=0, id[0]=0, x[0]=911.0, y[0]=136.0, toolType[0]=TOOL_TYPE_UNKNOWN, buttonState=0, metaState=0, flags=0x0, edgeFlags=0x0, pointerCount=1, historySize=0, eventTime=5524113, downTime=5524113, deviceId=0, source=0x1002 }
06-27 02:25:58.936 10019 10019 I Input   : injectMotionEvent: MotionEvent { action=ACTION_MOVE, actionButton=0, id[0]=0, x[0]=911.0, y[0]=136.0, toolType[0]=TOOL_TYPE_UNKNOWN, buttonState=0, metaState=0, flags=0x0, edgeFlags=0x0, pointerCount=1, historySize=0, eventTime=5524132, downTime=5524132, deviceId=0, source=0x1002 }
06-27 02:25:58.955 10019 10019 I Input   : injectMotionEvent: MotionEvent { action=ACTION_MOVE, actionButton=0, id[0]=0, x[0]=911.0, y[0]=136.0, toolType[0]=TOOL_TYPE_UNKNOWN, buttonState=0, metaState=0, flags=0x0, edgeFlags=0x0, pointerCount=1, historySize=0, eventTime=5524150, downTime=5524150, deviceId=0, source=0x1002 }
06-27 02:25:58.973 10019 10019 I Input   : injectMotionEvent: MotionEvent { action=ACTION_MOVE, actionButton=0, id[0]=0, x[0]=911.0, y[0]=136.0, toolType[0]=TOOL_TYPE_UNKNOWN, buttonState=0, metaState=0, flags=0x0, edgeFlags=0x0, pointerCount=1, historySize=0, eventTime=5524168, downTime=5524168, deviceId=0, source=0x1002 }
06-27 02:25:58.991 10019 10019 I Input   : injectMotionEvent: MotionEvent { action=ACTION_MOVE, actionButton=0, id[0]=0, x[0]=911.0, y[0]=136.0, toolType[0]=TOOL_TYPE_UNKNOWN, buttonState=0, metaState=0, flags=0x0, edgeFlags=0x0, pointerCount=1, historySize=0, eventTime=5524186, downTime=5524186, deviceId=0, source=0x1002 }
06-27 02:25:59.009 10019 10019 I Input   : injectMotionEvent: MotionEvent { action=ACTION_MOVE, actionButton=0, id[0]=0, x[0]=911.0, y[0]=136.0, toolType[0]=TOOL_TYPE_UNKNOWN, buttonState=0, metaState=0, flags=0x0, edgeFlags=0x0, pointerCount=1, historySize=0, eventTime=5524205, downTime=5524205, deviceId=0, source=0x1002 }
06-27 02:25:59.028 10019 10019 I Input   : injectMotionEvent: MotionEvent { action=ACTION_MOVE, actionButton=0, id[0]=0, x[0]=911.0, y[0]=136.0, toolType[0]=TOOL_TYPE_UNKNOWN, buttonState=0, metaState=0, flags=0x0, edgeFlags=0x0, pointerCount=1, historySize=0, eventTime=5524224, downTime=5524224, deviceId=0, source=0x1002 }
06-27 02:25:59.048 10019 10019 I Input   : injectMotionEvent: MotionEvent { action=ACTION_MOVE, actionButton=0, id[0]=0, x[0]=911.0, y[0]=136.0, toolType[0]=TOOL_TYPE_UNKNOWN, buttonState=0, metaState=0, flags=0x0, edgeFlags=0x0, pointerCount=1, historySize=0, eventTime=5524243, downTime=5524243, deviceId=0, source=0x1002 }
06-27 02:25:59.066 10019 10019 I Input   : injectMotionEvent: MotionEvent { action=ACTION_MOVE, actionButton=0, id[0]=0, x[0]=911.0, y[0]=136.0, toolType[0]=TOOL_TYPE_UNKNOWN, buttonState=0, metaState=0, flags=0x0, edgeFlags=0x0, pointerCount=1, historySize=0, eventTime=5524261, downTime=5524261, deviceId=0, source=0x1002 }
06-27 02:25:59.086 10019 10019 I Input   : injectMotionEvent: MotionEvent { action=ACTION_MOVE, actionButton=0, id[0]=0, x[0]=911.0, y[0]=136.0, toolType[0]=TOOL_TYPE_UNKNOWN, buttonState=0, metaState=0, flags=0x0, edgeFlags=0x0, pointerCount=1, historySize=0, eventTime=5524281, downTime=5524281, deviceId=0, source=0x1002 }
06-27 02:25:59.104 10019 10019 I Input   : injectMotionEvent: MotionEvent { action=ACTION_MOVE, actionButton=0, id[0]=0, x[0]=911.0, y[0]=136.0, toolType[0]=TOOL_TYPE_UNKNOWN, buttonState=0, metaState=0, flags=0x0, edgeFlags=0x0, pointerCount=1, historySize=0, eventTime=5524299, downTime=5524299, deviceId=0, source=0x1002 }
06-27 02:25:59.121 10019 10019 I Input   : injectMotionEvent: MotionEvent { action=ACTION_MOVE, actionButton=0, id[0]=0, x[0]=911.0, y[0]=136.0, toolType[0]=TOOL_TYPE_UNKNOWN, buttonState=0, metaState=0, flags=0x0, edgeFlags=0x0, pointerCount=1, historySize=0, eventTime=5524316, downTime=5524316, deviceId=0, source=0x1002 }
06-27 02:25:59.141 10019 10019 I Input   : injectMotionEvent: MotionEvent { action=ACTION_MOVE, actionButton=0, id[0]=0, x[0]=911.0, y[0]=136.0, toolType[0]=TOOL_TYPE_UNKNOWN, buttonState=0, metaState=0, flags=0x0, edgeFlags=0x0, pointerCount=1, historySize=0, eventTime=5524336, downTime=5524336, deviceId=0, source=0x1002 }
06-27 02:25:59.158 10019 10019 I Input   : injectMotionEvent: MotionEvent { action=ACTION_MOVE, actionButton=0, id[0]=0, x[0]=911.0, y[0]=136.0, toolType[0]=TOOL_TYPE_UNKNOWN, buttonState=0, metaState=0, flags=0x0, edgeFlags=0x0, pointerCount=1, historySize=0, eventTime=5524353, downTime=5524353, deviceId=0, source=0x1002 }
06-27 02:25:59.177 10019 10019 I Input   : injectMotionEvent: MotionEvent { action=ACTION_MOVE, actionButton=0, id[0]=0, x[0]=911.0, y[0]=136.0, toolType[0]=TOOL_TYPE_UNKNOWN, buttonState=0, metaState=0, flags=0x0, edgeFlags=0x0, pointerCount=1, historySize=0, eventTime=5524373, downTime=5524373, deviceId=0, source=0x1002 }
06-27 02:25:59.197 10019 10019 I Input   : injectMotionEvent: MotionEvent { action=ACTION_MOVE, actionButton=0, id[0]=0, x[0]=911.0, y[0]=136.0, toolType[0]=TOOL_TYPE_UNKNOWN, buttonState=0, metaState=0, flags=0x0, edgeFlags=0x0, pointerCount=1, historySize=0, eventTime=5524392, downTime=5524392, deviceId=0, source=0x1002 }
06-27 02:25:59.215 10019 10019 I Input   : injectMotionEvent: MotionEvent { action=ACTION_MOVE, actionButton=0, id[0]=0, x[0]=911.0, y[0]=136.0, toolType[0]=TOOL_TYPE_UNKNOWN, buttonState=0, metaState=0, flags=0x0, edgeFlags=0x0, pointerCount=1, historySize=0, eventTime=5524411, downTime=5524411, deviceId=0, source=0x1002 }
06-27 02:25:59.235 10019 10019 I Input   : injectMotionEvent: MotionEvent { action=ACTION_MOVE, actionButton=0, id[0]=0, x[0]=911.0, y[0]=136.0, toolType[0]=TOOL_TYPE_UNKNOWN, buttonState=0, metaState=0, flags=0x0, edgeFlags=0x0, pointerCount=1, historySize=0, eventTime=5524430, downTime=5524430, deviceId=0, source=0x1002 }
06-27 02:25:59.252 10019 10019 I Input   : injectMotionEvent: MotionEvent { action=ACTION_MOVE, actionButton=0, id[0]=0, x[0]=911.0, y[0]=136.0, toolType[0]=TOOL_TYPE_UNKNOWN, buttonState=0, metaState=0, flags=0x0, edgeFlags=0x0, pointerCount=1, historySize=0, eventTime=5524448, downTime=5524448, deviceId=0, source=0x1002 }
06-27 02:25:59.271 10019 10019 I Input   : injectMotionEvent: MotionEvent { action=ACTION_MOVE, actionButton=0, id[0]=0, x[0]=911.0, y[0]=136.0, toolType[0]=TOOL_TYPE_UNKNOWN, buttonState=0, metaState=0, flags=0x0, edgeFlags=0x0, pointerCount=1, historySize=0, eventTime=5524466, downTime=5524466, deviceId=0, source=0x1002 }
06-27 02:25:59.289 10019 10019 I Input   : injectMotionEvent: MotionEvent { action=ACTION_MOVE, actionButton=0, id[0]=0, x[0]=911.0, y[0]=136.0, toolType[0]=TOOL_TYPE_UNKNOWN, buttonState=0, metaState=0, flags=0x0, edgeFlags=0x0, pointerCount=1, historySize=0, eventTime=5524484, downTime=5524484, deviceId=0, source=0x1002 }
06-27 02:25:59.309 10019 10019 I Input   : injectMotionEvent: MotionEvent { action=ACTION_MOVE, actionButton=0, id[0]=0, x[0]=911.0, y[0]=136.0, toolType[0]=TOOL_TYPE_UNKNOWN, buttonState=0, metaState=0, flags=0x0, edgeFlags=0x0, pointerCount=1, historySize=0, eventTime=5524504, downTime=5524504, deviceId=0, source=0x1002 }
06-27 02:25:59.326 10019 10019 I Input   : injectMotionEvent: MotionEvent { action=ACTION_MOVE, actionButton=0, id[0]=0, x[0]=911.0, y[0]=136.0, toolType[0]=TOOL_TYPE_UNKNOWN, buttonState=0, metaState=0, flags=0x0, edgeFlags=0x0, pointerCount=1, historySize=0, eventTime=5524521, downTime=5524521, deviceId=0, source=0x1002 }
06-27 02:25:59.344 10019 10019 I Input   : injectMotionEvent: MotionEvent { action=ACTION_MOVE, actionButton=0, id[0]=0, x[0]=911.0, y[0]=136.0, toolType[0]=TOOL_TYPE_UNKNOWN, buttonState=0, metaState=0, flags=0x0, edgeFlags=0x0, pointerCount=1, historySize=0, eventTime=5524539, downTime=5524539, deviceId=0, source=0x1002 }
06-27 02:25:59.363 10019 10019 I Input   : injectMotionEvent: MotionEvent { action=ACTION_MOVE, actionButton=0, id[0]=0, x[0]=911.0, y[0]=136.0, toolType[0]=TOOL_TYPE_UNKNOWN, buttonState=0, metaState=0, flags=0x0, edgeFlags=0x0, pointerCount=1, historySize=0, eventTime=5524558, downTime=5524558, deviceId=0, source=0x1002 }
06-27 02:25:59.380 10019 10019 I Input   : injectMotionEvent: MotionEvent { action=ACTION_MOVE, actionButton=0, id[0]=0, x[0]=911.0, y[0]=136.0, toolType[0]=TOOL_TYPE_UNKNOWN, buttonState=0, metaState=0, flags=0x0, edgeFlags=0x0, pointerCount=1, historySize=0, eventTime=5524575, downTime=5524575, deviceId=0, source=0x1002 }
06-27 02:25:59.399 10019 10019 I Input   : injectMotionEvent: MotionEvent { action=ACTION_MOVE, actionButton=0, id[0]=0, x[0]=911.0, y[0]=136.0, toolType[0]=TOOL_TYPE_UNKNOWN, buttonState=0, metaState=0, flags=0x0, edgeFlags=0x0, pointerCount=1, historySize=0, eventTime=5524594, downTime=5524594, deviceId=0, source=0x1002 }
06-27 02:25:59.417 10019 10019 I Input   : injectMotionEvent: MotionEvent { action=ACTION_MOVE, actionButton=0, id[0]=0, x[0]=911.0, y[0]=136.0, toolType[0]=TOOL_TYPE_UNKNOWN, buttonState=0, metaState=0, flags=0x0, edgeFlags=0x0, pointerCount=1, historySize=0, eventTime=5524612, downTime=5524612, deviceId=0, source=0x1002 }
06-27 02:25:59.436 10019 10019 I Input   : injectMotionEvent: MotionEvent { action=ACTION_MOVE, actionButton=0, id[0]=0, x[0]=911.0, y[0]=136.0, toolType[0]=TOOL_TYPE_UNKNOWN, buttonState=0, metaState=0, flags=0x0, edgeFlags=0x0, pointerCount=1, historySize=0, eventTime=5524632, downTime=5524632, deviceId=0, source=0x1002 }
06-27 02:25:59.455 10019 10019 I Input   : injectMotionEvent: MotionEvent { action=ACTION_MOVE, actionButton=0, id[0]=0, x[0]=911.0, y[0]=136.0, toolType[0]=TOOL_TYPE_UNKNOWN, buttonState=0, metaState=0, flags=0x0, edgeFlags=0x0, pointerCount=1, historySize=0, eventTime=5524650, downTime=5524650, deviceId=0, source=0x1002 }
06-27 02:25:59.477 10019 10019 I Input   : injectMotionEvent: MotionEvent { action=ACTION_MOVE, actionButton=0, id[0]=0, x[0]=911.0, y[0]=136.0, toolType[0]=TOOL_TYPE_UNKNOWN, buttonState=0, metaState=0, flags=0x0, edgeFlags=0x0, pointerCount=1, historySize=0, eventTime=5524673, downTime=5524673, deviceId=0, source=0x1002 }
06-27 02:25:59.492 10019 10019 I Input   : injectMotionEvent: MotionEvent { action=ACTION_MOVE, actionButton=0, id[0]=0, x[0]=911.0, y[0]=136.0, toolType[0]=TOOL_TYPE_UNKNOWN, buttonState=0, metaState=0, flags=0x0, edgeFlags=0x0, pointerCount=1, historySize=0, eventTime=5524687, downTime=5524687, deviceId=0, source=0x1002 }
06-27 02:25:59.509 10019 10019 I Input   : injectMotionEvent: MotionEvent { action=ACTION_MOVE, actionButton=0, id[0]=0, x[0]=911.0, y[0]=136.0, toolType[0]=TOOL_TYPE_UNKNOWN, buttonState=0, metaState=0, flags=0x0, edgeFlags=0x0, pointerCount=1, historySize=0, eventTime=5524704, downTime=5524704, deviceId=0, source=0x1002 }
06-27 02:25:59.528 10019 10019 I Input   : injectMotionEvent: MotionEvent { action=ACTION_MOVE, actionButton=0, id[0]=0, x[0]=911.0, y[0]=136.0, toolType[0]=TOOL_TYPE_UNKNOWN, buttonState=0, metaState=0, flags=0x0, edgeFlags=0x0, pointerCount=1, historySize=0, eventTime=5524724, downTime=5524724, deviceId=0, source=0x1002 }
06-27 02:25:59.547 10019 10019 I Input   : injectMotionEvent: MotionEvent { action=ACTION_MOVE, actionButton=0, id[0]=0, x[0]=911.0, y[0]=136.0, toolType[0]=TOOL_TYPE_UNKNOWN, buttonState=0, metaState=0, flags=0x0, edgeFlags=0x0, pointerCount=1, historySize=0, eventTime=5524742, downTime=5524742, deviceId=0, source=0x1002 }
06-27 02:25:59.565 10019 10019 I Input   : injectMotionEvent: MotionEvent { action=ACTION_MOVE, actionButton=0, id[0]=0, x[0]=911.0, y[0]=136.0, toolType[0]=TOOL_TYPE_UNKNOWN, buttonState=0, metaState=0, flags=0x0, edgeFlags=0x0, pointerCount=1, historySize=0, eventTime=5524760, downTime=5524760, deviceId=0, source=0x1002 }
06-27 02:25:59.583 10019 10019 I Input   : injectMotionEvent: MotionEvent { action=ACTION_MOVE, actionButton=0, id[0]=0, x[0]=911.0, y[0]=136.0, toolType[0]=TOOL_TYPE_UNKNOWN, buttonState=0, metaState=0, flags=0x0, edgeFlags=0x0, pointerCount=1, historySize=0, eventTime=5524779, downTime=5524779, deviceId=0, source=0x1002 }
06-27 02:25:59.602 10019 10019 I Input   : injectMotionEvent: MotionEvent { action=ACTION_MOVE, actionButton=0, id[0]=0, x[0]=911.0, y[0]=136.0, toolType[0]=TOOL_TYPE_UNKNOWN, buttonState=0, metaState=0, flags=0x0, edgeFlags=0x0, pointerCount=1, historySize=0, eventTime=5524797, downTime=5524797, deviceId=0, source=0x1002 }
06-27 02:25:59.622 10019 10019 I Input   : injectMotionEvent: MotionEvent { action=ACTION_MOVE, actionButton=0, id[0]=0, x[0]=911.0, y[0]=136.0, toolType[0]=TOOL_TYPE_UNKNOWN, buttonState=0, metaState=0, flags=0x0, edgeFlags=0x0, pointerCount=1, historySize=0, eventTime=5524817, downTime=5524817, deviceId=0, source=0x1002 }
06-27 02:25:59.639 10019 10019 I Input   : injectMotionEvent: MotionEvent { action=ACTION_MOVE, actionButton=0, id[0]=0, x[0]=911.0, y[0]=136.0, toolType[0]=TOOL_TYPE_UNKNOWN, buttonState=0, metaState=0, flags=0x0, edgeFlags=0x0, pointerCount=1, historySize=0, eventTime=5524834, downTime=5524834, deviceId=0, source=0x1002 }
06-27 02:25:59.658 10019 10019 I Input   : injectMotionEvent: MotionEvent { action=ACTION_MOVE, actionButton=0, id[0]=0, x[0]=911.0, y[0]=136.0, toolType[0]=TOOL_TYPE_UNKNOWN, buttonState=0, metaState=0, flags=0x0, edgeFlags=0x0, pointerCount=1, historySize=0, eventTime=5524853, downTime=5524853, deviceId=0, source=0x1002 }
06-27 02:25:59.675 10019 10019 I Input   : injectMotionEvent: MotionEvent { action=ACTION_MOVE, actionButton=0, id[0]=0, x[0]=911.0, y[0]=136.0, toolType[0]=TOOL_TYPE_UNKNOWN, buttonState=0, metaState=0, flags=0x0, edgeFlags=0x0, pointerCount=1, historySize=0, eventTime=5524871, downTime=5524871, deviceId=0, source=0x1002 }
