11-01 01:39:16.612 10653 12580 W TapAndPay: 	at java.util.concurrent.ThreadPoolExecutor.runWorker(ThreadPoolExecutor.java:1167)
11-01 01:39:16.612 10653 12580 W TapAndPay: 	at java.util.concurrent.ThreadPoolExecutor$Worker.run(ThreadPoolExecutor.java:641)
11-01 01:39:16.612 10653 12580 W TapAndPay: 	at acnz.run(:com.google.android.gms@230914031@23.09.14 (100700-515650844):0)
11-01 01:39:16.612 10653 12580 W TapAndPay: 	at java.lang.Thread.run(Thread.java:919)
11-01 01:39:16.618 10653 11835 I NetworkScheduler.Stats: (REDACTED) Task %s/%s finished executing. cause:%s result: %s elapsed_millis: %s uptime_millis: %s exec_start_elapsed_seconds: %s
11-01 01:39:17.065  1800  2437 E GnssHAL_GnssInterface: gnssSvStatusCb: a: input svInfo.flags is 8
11-01 01:39:17.066  1800  2437 E GnssHAL_GnssInterface: gnssSvStatusCb: b: input svInfo.flags is 8
11-01 01:39:18.072  1800  2437 E GnssHAL_GnssInterface: gnssSvStatusCb: a: input svInfo.flags is 8
11-01 01:39:18.072  1800  2437 E GnssHAL_GnssInterface: gnssSvStatusCb: b: input svInfo.flags is 8
11-01 01:39:18.288  9977 14680 D UIAutomatorStub: URI: /jsonrpc/0, Method: POST, Header: {content-length=117, remote-addr=127.0.0.1, http-client-ip=127.0.0.1, host=localhost:9008, content-type=application/json, connection=close, accept-encoding=identity, user-agent=Python-urllib/3.7}, params, {NanoHttpd.QUERY_STRING=null}, files: {postData={"jsonrpc": "2.0", "method": "dumpWindowHierarchy", "id": "0acf06d99f6925e1fdd4913d1a90dc75", "params": [true, null]}}
11-01 01:39:18.293  9977 14680 I UIAutomatorStub: Skipping invisible child: android.view.accessibility.AccessibilityNodeInfo@2071c; boundsInParent: Rect(0, 0 - 0, 147); boundsInScreen: Rect(1080, 63 - 1080, 210); packageName: com.german_software_engineers.trainerapp; className: android.support.v7.widget.LinearLayoutCompat; text: null; error: null; maxTextLength: -1; contentDescription: null; tooltipText: null; viewIdResName: null; checkable: false; checked: false; focusable: false; focused: false; selected: false; clickable: false; longClickable: false; contextClickable: false; enabled: true; password: false; scrollable: false; importantForAccessibility: false; visible: false; actions: [AccessibilityAction: ACTION_SELECT - null, AccessibilityAction: ACTION_CLEAR_SELECTION - null, AccessibilityAction: ACTION_ACCESSIBILITY_FOCUS - null, AccessibilityAction: ACTION_SHOW_ON_SCREEN - null]
11-01 01:39:18.294  9977 14680 I UIAutomatorStub: Skipping invisible child: android.view.accessibility.AccessibilityNodeInfo@1ff9a; boundsInParent: Rect(0, 0 - 1080, 63); boundsInScreen: Rect(0, 0 - 1080, 63); packageName: com.german_software_engineers.trainerapp; className: android.view.View; text: null; error: null; maxTextLength: -1; contentDescription: null; tooltipText: null; viewIdResName: android:id/statusBarBackground; checkable: false; checked: false; focusable: false; focused: false; selected: false; clickable: false; longClickable: false; contextClickable: false; enabled: true; password: false; scrollable: false; importantForAccessibility: false; visible: false; actions: [AccessibilityAction: ACTION_SELECT - null, AccessibilityAction: ACTION_CLEAR_SELECTION - null, AccessibilityAction: ACTION_ACCESSIBILITY_FOCUS - null, AccessibilityAction: ACTION_SHOW_ON_SCREEN - null]
11-01 01:39:18.294  9977 14680 I UIAutomatorStub: Skipping invisible child: android.view.accessibility.AccessibilityNodeInfo@1fbd9; boundsInParent: Rect(0, 0 - 1080, 126); boundsInScreen: Rect(0, 1794 - 1080, 1920); packageName: com.german_software_engineers.trainerapp; className: android.view.View; text: null; error: null; maxTextLength: -1; contentDescription: null; tooltipText: null; viewIdResName: android:id/navigationBarBackground; checkable: false; checked: false; focusable: false; focused: false; selected: false; clickable: false; longClickable: false; contextClickable: false; enabled: true; password: false; scrollable: false; importantForAccessibility: false; visible: false; actions: [AccessibilityAction: ACTION_SELECT - null, AccessibilityAction: ACTION_CLEAR_SELECTION - null, AccessibilityAction: ACTION_ACCESSIBILITY_FOCUS - null, AccessibilityAction: ACTION_SHOW_ON_SCREEN - null]
11-01 01:39:18.294  9977 14680 I UIAutomatorStub: Fetch time: 1ms
11-01 01:39:19.077  1800  2437 E GnssHAL_GnssInterface: gnssSvStatusCb: a: input svInfo.flags is 8
11-01 01:39:19.077  1800  2437 E GnssHAL_GnssInterface: gnssSvStatusCb: b: input svInfo.flags is 8
11-01 01:39:19.457  1801  1801 D gralloc_ranchu: gralloc_alloc: Creating ashmem region of size 8298496
11-01 01:39:19.462  1682  1682 I hwservicemanager: getTransport: Cannot find entry android.hardware.graphics.mapper@3.0::IMapper/default in either framework or device manifest.
11-01 01:39:19.462 14681 14681 W Gralloc3: mapper 3.x is not supported
11-01 01:39:19.470 14681 14681 D HostConnection: createUnique: call
11-01 01:39:19.474 14681 14681 D HostConnection: HostConnection::get() New Host Connection established 0xf0f5ad70, tid 14681
11-01 01:39:19.479 14681 14681 D HostConnection: HostComposition ext ANDROID_EMU_CHECKSUM_HELPER_v1 ANDROID_EMU_native_sync_v2 ANDROID_EMU_native_sync_v3 ANDROID_EMU_native_sync_v4 ANDROID_EMU_dma_v1 ANDROID_EMU_direct_mem ANDROID_EMU_YUV420_888_to_NV21 ANDROID_EMU_YUV_Cache ANDROID_EMU_sync_buffer_data GL_OES_EGL_image_external_essl3 GL_OES_vertex_array_object GL_KHR_texture_compression_astc_ldr ANDROID_EMU_host_side_tracing ANDROID_EMU_gles_max_version_3_0 
11-01 01:39:19.479 14681 14681 D eglCodecCommon: allocate: Ask for block of size 0x1000
11-01 01:39:19.479 14681 14681 D eglCodecCommon: allocate: ioctl allocate returned offset 0x3ff803000 size 0x2000
11-01 01:39:19.506 14681 14681 D eglCodecCommon: allocate: Ask for block of size 0x7ea000
11-01 01:39:19.506 14681 14681 D eglCodecCommon: allocate: ioctl allocate returned offset 0x3fe825000 size 0x7eb000
11-01 01:39:19.622  9457 14689 I MediaProvider: Begin Intent { act=android.intent.action.MEDIA_SCANNER_SCAN_FILE dat=file:///sdcard/screen.png flg=0x1400010 cmp=com.android.providers.media/.MediaService }
11-01 01:39:19.633  9457 14689 W ExifInterface: Invalid image: ExifInterface got an unsupported image format file(ExifInterface supports JPEG and some RAW image formats only) or a corrupted JPEG file to ExifInterface.
11-01 01:39:19.633  9457 14689 W ExifInterface: java.io.IOException: Invalid byte order: ffff8950
11-01 01:39:19.633  9457 14689 W ExifInterface: 	at android.media.ExifInterface.readByteOrder(ExifInterface.java:3121)
11-01 01:39:19.633  9457 14689 W ExifInterface: 	at android.media.ExifInterface.isOrfFormat(ExifInterface.java:2437)
11-01 01:39:19.633  9457 14689 W ExifInterface: 	at android.media.ExifInterface.getMimeType(ExifInterface.java:2315)
11-01 01:39:19.633  9457 14689 W ExifInterface: 	at android.media.ExifInterface.loadAttributes(ExifInterface.java:1753)
11-01 01:39:19.633  9457 14689 W ExifInterface: 	at android.media.ExifInterface.<init>(ExifInterface.java:1447)
11-01 01:39:19.633  9457 14689 W ExifInterface: 	at com.android.providers.media.scan.ModernMediaScanner.scanItemImage(ModernMediaScanner.java:729)
11-01 01:39:19.633  9457 14689 W ExifInterface: 	at com.android.providers.media.scan.ModernMediaScanner.scanItem(ModernMediaScanner.java:502)
11-01 01:39:19.633  9457 14689 W ExifInterface: 	at com.android.providers.media.scan.ModernMediaScanner.access$500(ModernMediaScanner.java:118)
11-01 01:39:19.633  9457 14689 W ExifInterface: 	at com.android.providers.media.scan.ModernMediaScanner$Scan.visitFile(ModernMediaScanner.java:406)
11-01 01:39:19.633  9457 14689 W ExifInterface: 	at com.android.providers.media.scan.ModernMediaScanner$Scan.visitFile(ModernMediaScanner.java:207)
11-01 01:39:19.633  9457 14689 W ExifInterface: 	at java.nio.file.Files.walkFileTree(Files.java:2670)
11-01 01:39:19.633  9457 14689 W ExifInterface: 	at java.nio.file.Files.walkFileTree(Files.java:2742)
11-01 01:39:19.633  9457 14689 W ExifInterface: 	at com.android.providers.media.scan.ModernMediaScanner$Scan.walkFileTree(ModernMediaScanner.java:267)
11-01 01:39:19.633  9457 14689 W ExifInterface: 	at com.android.providers.media.scan.ModernMediaScanner$Scan.run(ModernMediaScanner.java:245)
11-01 01:39:19.633  9457 14689 W ExifInterface: 	at com.android.providers.media.scan.ModernMediaScanner.scanFile(ModernMediaScanner.java:174)
11-01 01:39:19.633  9457 14689 W ExifInterface: 	at com.android.providers.media.MediaService.onScanFile(MediaService.java:164)
11-01 01:39:19.633  9457 14689 W ExifInterface: 	at com.android.providers.media.MediaService.onHandleIntent(MediaService.java:90)
11-01 01:39:19.633  9457 14689 W ExifInterface: 	at android.app.IntentService$ServiceHandler.handleMessage(IntentService.java:78)
11-01 01:39:19.633  9457 14689 W ExifInterface: 	at android.os.Handler.dispatchMessage(Handler.java:107)
11-01 01:39:19.633  9457 14689 W ExifInterface: 	at android.os.Looper.loop(Looper.java:214)
11-01 01:39:19.633  9457 14689 W ExifInterface: 	at android.os.HandlerThread.run(HandlerThread.java:67)
11-01 01:39:19.642  9457 14689 I MediaProvider: End Intent { act=android.intent.action.MEDIA_SCANNER_SCAN_FILE dat=file:///sdcard/screen.png flg=0x1400010 cmp=com.android.providers.media/.MediaService }
11-01 01:38:54.949  2044  2044 V SettingsProvider: Notifying for 0: content://settings/system/accelerometer_rotation
11-01 01:39:19.896  2044  3451 W AppOps  : Noting op not finished: uid 10098 pkg com.google.android.gms code 79 time=1698817101127 duration=0
11-01 01:39:19.899  2044  3451 W AppOps  : Noting op not finished: uid 10098 pkg com.google.android.gms code 79 time=1698817159896 duration=0
11-01 01:39:19.901  2044  3451 W AppOps  : Noting op not finished: uid 10098 pkg com.google.android.gms code 79 time=1698817159899 duration=0
11-01 01:39:19.903  2044  3451 W AppOps  : Noting op not finished: uid 10098 pkg com.google.android.gms code 79 time=1698817159901 duration=0
11-01 01:39:19.905  2044  3451 W AppOps  : Noting op not finished: uid 10098 pkg com.google.android.gms code 79 time=1698817159903 duration=0
11-01 01:39:20.078  1800  2437 E GnssHAL_GnssInterface: gnssSvStatusCb: a: input svInfo.flags is 8
11-01 01:39:20.078  1800  2437 E GnssHAL_GnssInterface: gnssSvStatusCb: b: input svInfo.flags is 8
11-01 01:39:20.441  2044  3451 D WificondControl: Scan result ready event
11-01 01:39:20.454 10653 10748 I ChimeraSrvcProxy: NullBinder for android.net.action.RECOMMEND_NETWORKS triggering remote TransactionTooLargeException due to Service without Chimera impl
11-01 01:39:21.086  1800  2437 E GnssHAL_GnssInterface: gnssSvStatusCb: a: input svInfo.flags is 8
11-01 01:39:21.086  1800  2437 E GnssHAL_GnssInterface: gnssSvStatusCb: b: input svInfo.flags is 8
11-01 01:39:21.954  9977 14693 D UIAutomatorStub: URI: /jsonrpc/0, Method: POST, Header: {content-length=117, remote-addr=127.0.0.1, http-client-ip=127.0.0.1, host=localhost:9008, content-type=application/json, connection=close, accept-encoding=identity, user-agent=Python-urllib/3.7}, params, {NanoHttpd.QUERY_STRING=null}, files: {postData={"jsonrpc": "2.0", "method": "dumpWindowHierarchy", "id": "d89ed8aa828d2699e9737546c80e6392", "params": [true, null]}}
11-01 01:39:21.958  9977 14693 I UIAutomatorStub: Skipping invisible child: android.view.accessibility.AccessibilityNodeInfo@2071c; boundsInParent: Rect(0, 0 - 0, 147); boundsInScreen: Rect(1080, 63 - 1080, 210); packageName: com.german_software_engineers.trainerapp; className: android.support.v7.widget.LinearLayoutCompat; text: null; error: null; maxTextLength: -1; contentDescription: null; tooltipText: null; viewIdResName: null; checkable: false; checked: false; focusable: false; focused: false; selected: false; clickable: false; longClickable: false; contextClickable: false; enabled: true; password: false; scrollable: false; importantForAccessibility: false; visible: false; actions: [AccessibilityAction: ACTION_SELECT - null, AccessibilityAction: ACTION_CLEAR_SELECTION - null, AccessibilityAction: ACTION_ACCESSIBILITY_FOCUS - null, AccessibilityAction: ACTION_SHOW_ON_SCREEN - null]
11-01 01:39:21.958  9977 14693 I UIAutomatorStub: Skipping invisible child: android.view.accessibility.AccessibilityNodeInfo@1ff9a; boundsInParent: Rect(0, 0 - 1080, 63); boundsInScreen: Rect(0, 0 - 1080, 63); packageName: com.german_software_engineers.trainerapp; className: android.view.View; text: null; error: null; maxTextLength: -1; contentDescription: null; tooltipText: null; viewIdResName: android:id/statusBarBackground; checkable: false; checked: false; focusable: false; focused: false; selected: false; clickable: false; longClickable: false; contextClickable: false; enabled: true; password: false; scrollable: false; importantForAccessibility: false; visible: false; actions: [AccessibilityAction: ACTION_SELECT - null, AccessibilityAction: ACTION_CLEAR_SELECTION - null, AccessibilityAction: ACTION_ACCESSIBILITY_FOCUS - null, AccessibilityAction: ACTION_SHOW_ON_SCREEN - null]
11-01 01:39:21.958  9977 14693 I UIAutomatorStub: Skipping invisible child: android.view.accessibility.AccessibilityNodeInfo@1fbd9; boundsInParent: Rect(0, 0 - 1080, 126); boundsInScreen: Rect(0, 1794 - 1080, 1920); packageName: com.german_software_engineers.trainerapp; className: android.view.View; text: null; error: null; maxTextLength: -1; contentDescription: null; tooltipText: null; viewIdResName: android:id/navigationBarBackground; checkable: false; checked: false; focusable: false; focused: false; selected: false; clickable: false; longClickable: false; contextClickable: false; enabled: true; password: false; scrollable: false; importantForAccessibility: false; visible: false; actions: [AccessibilityAction: ACTION_SELECT - null, AccessibilityAction: ACTION_CLEAR_SELECTION - null, AccessibilityAction: ACTION_ACCESSIBILITY_FOCUS - null, AccessibilityAction: ACTION_SHOW_ON_SCREEN - null]
11-01 01:39:21.958  9977 14693 I UIAutomatorStub: Fetch time: 1ms
11-01 01:39:22.095  1800  2437 E GnssHAL_GnssInterface: gnssSvStatusCb: a: input svInfo.flags is 8
11-01 01:39:22.096  1800  2437 E GnssHAL_GnssInterface: gnssSvStatusCb: b: input svInfo.flags is 8
11-01 01:39:23.105  1800  2437 E GnssHAL_GnssInterface: gnssSvStatusCb: a: input svInfo.flags is 8
11-01 01:39:23.105  1800  2437 E GnssHAL_GnssInterface: gnssSvStatusCb: b: input svInfo.flags is 8
11-01 01:39:23.197  9977 14697 D UIAutomatorStub: URI: /jsonrpc/0, Method: POST, Header: {content-length=117, remote-addr=127.0.0.1, http-client-ip=127.0.0.1, host=localhost:9008, content-type=application/json, connection=close, accept-encoding=identity, user-agent=Python-urllib/3.7}, params, {NanoHttpd.QUERY_STRING=null}, files: {postData={"jsonrpc": "2.0", "method": "dumpWindowHierarchy", "id": "9c297a39a09a19cca67f95740e62e4b5", "params": [true, null]}}
11-01 01:39:23.201  9977 14697 I UIAutomatorStub: Skipping invisible child: android.view.accessibility.AccessibilityNodeInfo@2071c; boundsInParent: Rect(0, 0 - 0, 147); boundsInScreen: Rect(1080, 63 - 1080, 210); packageName: com.german_software_engineers.trainerapp; className: android.support.v7.widget.LinearLayoutCompat; text: null; error: null; maxTextLength: -1; contentDescription: null; tooltipText: null; viewIdResName: null; checkable: false; checked: false; focusable: false; focused: false; selected: false; clickable: false; longClickable: false; contextClickable: false; enabled: true; password: false; scrollable: false; importantForAccessibility: false; visible: false; actions: [AccessibilityAction: ACTION_SELECT - null, AccessibilityAction: ACTION_CLEAR_SELECTION - null, AccessibilityAction: ACTION_ACCESSIBILITY_FOCUS - null, AccessibilityAction: ACTION_SHOW_ON_SCREEN - null]
11-01 01:39:23.201  9977 14697 I UIAutomatorStub: Skipping invisible child: android.view.accessibility.AccessibilityNodeInfo@1ff9a; boundsInParent: Rect(0, 0 - 1080, 63); boundsInScreen: Rect(0, 0 - 1080, 63); packageName: com.german_software_engineers.trainerapp; className: android.view.View; text: null; error: null; maxTextLength: -1; contentDescription: null; tooltipText: null; viewIdResName: android:id/statusBarBackground; checkable: false; checked: false; focusable: false; focused: false; selected: false; clickable: false; longClickable: false; contextClickable: false; enabled: true; password: false; scrollable: false; importantForAccessibility: false; visible: false; actions: [AccessibilityAction: ACTION_SELECT - null, AccessibilityAction: ACTION_CLEAR_SELECTION - null, AccessibilityAction: ACTION_ACCESSIBILITY_FOCUS - null, AccessibilityAction: ACTION_SHOW_ON_SCREEN - null]
11-01 01:39:23.202  9977 14697 I UIAutomatorStub: Skipping invisible child: android.view.accessibility.AccessibilityNodeInfo@1fbd9; boundsInParent: Rect(0, 0 - 1080, 126); boundsInScreen: Rect(0, 1794 - 1080, 1920); packageName: com.german_software_engineers.trainerapp; className: android.view.View; text: null; error: null; maxTextLength: -1; contentDescription: null; tooltipText: null; viewIdResName: android:id/navigationBarBackground; checkable: false; checked: false; focusable: false; focused: false; selected: false; clickable: false; longClickable: false; contextClickable: false; enabled: true; password: false; scrollable: false; importantForAccessibility: false; visible: false; actions: [AccessibilityAction: ACTION_SELECT - null, AccessibilityAction: ACTION_CLEAR_SELECTION - null, AccessibilityAction: ACTION_ACCESSIBILITY_FOCUS - null, AccessibilityAction: ACTION_SHOW_ON_SCREEN - null]
11-01 01:39:23.202  9977 14697 I UIAutomatorStub: Fetch time: 1ms
11-01 01:39:23.915  2044  3452 W AppOps  : Noting op not finished: uid 10098 pkg com.google.android.gms code 79 time=1698817159905 duration=0
11-01 01:39:23.918  2044  3452 W AppOps  : Noting op not finished: uid 10098 pkg com.google.android.gms code 79 time=1698817163915 duration=0
11-01 01:39:23.920  2044  3452 W AppOps  : Noting op not finished: uid 10098 pkg com.google.android.gms code 79 time=1698817163918 duration=0
11-01 01:39:23.922  2044  3452 W AppOps  : Noting op not finished: uid 10098 pkg com.google.android.gms code 79 time=1698817163920 duration=0
11-01 01:39:23.924  2044  3452 W AppOps  : Noting op not finished: uid 10098 pkg com.google.android.gms code 79 time=1698817163922 duration=0
11-01 01:39:23.934  2044  3452 W AppOps  : Noting op not finished: uid 10098 pkg com.google.android.gms code 79 time=1698817163924 duration=0
11-01 01:39:23.951  2044  3452 W AppOps  : Noting op not finished: uid 10098 pkg com.google.android.gms code 79 time=1698817163934 duration=0
11-01 01:39:23.954  2044  3452 W AppOps  : Noting op not finished: uid 10098 pkg com.google.android.gms code 79 time=1698817163951 duration=0
11-01 01:39:23.956  2044  3452 W AppOps  : Noting op not finished: uid 10098 pkg com.google.android.gms code 79 time=1698817163954 duration=0
11-01 01:39:23.961  2044  3451 W AppOps  : Noting op not finished: uid 10098 pkg com.google.android.gms code 79 time=1698817163956 duration=0
11-01 01:39:24.106  1800  2437 E GnssHAL_GnssInterface: gnssSvStatusCb: a: input svInfo.flags is 8
11-01 01:39:24.107  1800  2437 E GnssHAL_GnssInterface: gnssSvStatusCb: b: input svInfo.flags is 8
11-01 01:39:24.445  9977 14703 D UIAutomatorStub: URI: /jsonrpc/0, Method: POST, Header: {content-length=117, remote-addr=127.0.0.1, http-client-ip=127.0.0.1, host=localhost:9008, content-type=application/json, connection=close, accept-encoding=identity, user-agent=Python-urllib/3.7}, params, {NanoHttpd.QUERY_STRING=null}, files: {postData={"jsonrpc": "2.0", "method": "dumpWindowHierarchy", "id": "74424ff548b620c4e147641546f8bb4b", "params": [true, null]}}
11-01 01:39:24.449  1953  1953 E netmgr  : Failed to open QEMU pipe 'qemud:network': Invalid argument
11-01 01:39:24.450  9977 14703 I UIAutomatorStub: Skipping invisible child: android.view.accessibility.AccessibilityNodeInfo@2071c; boundsInParent: Rect(0, 0 - 0, 147); boundsInScreen: Rect(1080, 63 - 1080, 210); packageName: com.german_software_engineers.trainerapp; className: android.support.v7.widget.LinearLayoutCompat; text: null; error: null; maxTextLength: -1; contentDescription: null; tooltipText: null; viewIdResName: null; checkable: false; checked: false; focusable: false; focused: false; selected: false; clickable: false; longClickable: false; contextClickable: false; enabled: true; password: false; scrollable: false; importantForAccessibility: false; visible: false; actions: [AccessibilityAction: ACTION_SELECT - null, AccessibilityAction: ACTION_CLEAR_SELECTION - null, AccessibilityAction: ACTION_ACCESSIBILITY_FOCUS - null, AccessibilityAction: ACTION_SHOW_ON_SCREEN - null]
11-01 01:39:24.451  9977 14703 I UIAutomatorStub: Skipping invisible child: android.view.accessibility.AccessibilityNodeInfo@1ff9a; boundsInParent: Rect(0, 0 - 1080, 63); boundsInScreen: Rect(0, 0 - 1080, 63); packageName: com.german_software_engineers.trainerapp; className: android.view.View; text: null; error: null; maxTextLength: -1; contentDescription: null; tooltipText: null; viewIdResName: android:id/statusBarBackground; checkable: false; checked: false; focusable: false; focused: false; selected: false; clickable: false; longClickable: false; contextClickable: false; enabled: true; password: false; scrollable: false; importantForAccessibility: false; visible: false; actions: [AccessibilityAction: ACTION_SELECT - null, AccessibilityAction: ACTION_CLEAR_SELECTION - null, AccessibilityAction: ACTION_ACCESSIBILITY_FOCUS - null, AccessibilityAction: ACTION_SHOW_ON_SCREEN - null]
11-01 01:39:24.451  9977 14703 I UIAutomatorStub: Skipping invisible child: android.view.accessibility.AccessibilityNodeInfo@1fbd9; boundsInParent: Rect(0, 0 - 1080, 126); boundsInScreen: Rect(0, 1794 - 1080, 1920); packageName: com.german_software_engineers.trainerapp; className: android.view.View; text: null; error: null; maxTextLength: -1; contentDescription: null; tooltipText: null; viewIdResName: android:id/navigationBarBackground; checkable: false; checked: false; focusable: false; focused: false; selected: false; clickable: false; longClickable: false; contextClickable: false; enabled: true; password: false; scrollable: false; importantForAccessibility: false; visible: false; actions: [AccessibilityAction: ACTION_SELECT - null, AccessibilityAction: ACTION_CLEAR_SELECTION - null, AccessibilityAction: ACTION_ACCESSIBILITY_FOCUS - null, AccessibilityAction: ACTION_SHOW_ON_SCREEN - null]
11-01 01:39:24.451  9977 14703 I UIAutomatorStub: Fetch time: 1ms
11-01 01:39:24.989  1960  1960 E wifi_forwarder: RemoteConnection failed to initialize: RemoteConnection failed to open pipe
11-01 01:39:25.106  1800  2437 E GnssHAL_GnssInterface: gnssSvStatusCb: a: input svInfo.flags is 8
11-01 01:39:25.106  1800  2437 E GnssHAL_GnssInterface: gnssSvStatusCb: b: input svInfo.flags is 8
11-01 01:39:25.694  9977 14707 D UIAutomatorStub: URI: /jsonrpc/0, Method: POST, Header: {content-length=117, remote-addr=127.0.0.1, http-client-ip=127.0.0.1, host=localhost:9008, content-type=application/json, connection=close, accept-encoding=identity, user-agent=Python-urllib/3.7}, params, {NanoHttpd.QUERY_STRING=null}, files: {postData={"jsonrpc": "2.0", "method": "dumpWindowHierarchy", "id": "9ff201221581af1bf27c3b08692d6913", "params": [true, null]}}
11-01 01:39:25.698  9977 14707 I UIAutomatorStub: Skipping invisible child: android.view.accessibility.AccessibilityNodeInfo@2071c; boundsInParent: Rect(0, 0 - 0, 147); boundsInScreen: Rect(1080, 63 - 1080, 210); packageName: com.german_software_engineers.trainerapp; className: android.support.v7.widget.LinearLayoutCompat; text: null; error: null; maxTextLength: -1; contentDescription: null; tooltipText: null; viewIdResName: null; checkable: false; checked: false; focusable: false; focused: false; selected: false; clickable: false; longClickable: false; contextClickable: false; enabled: true; password: false; scrollable: false; importantForAccessibility: false; visible: false; actions: [AccessibilityAction: ACTION_SELECT - null, AccessibilityAction: ACTION_CLEAR_SELECTION - null, AccessibilityAction: ACTION_ACCESSIBILITY_FOCUS - null, AccessibilityAction: ACTION_SHOW_ON_SCREEN - null]
11-01 01:39:25.698  9977 14707 I UIAutomatorStub: Skipping invisible child: android.view.accessibility.AccessibilityNodeInfo@1ff9a; boundsInParent: Rect(0, 0 - 1080, 63); boundsInScreen: Rect(0, 0 - 1080, 63); packageName: com.german_software_engineers.trainerapp; className: android.view.View; text: null; error: null; maxTextLength: -1; contentDescription: null; tooltipText: null; viewIdResName: android:id/statusBarBackground; checkable: false; checked: false; focusable: false; focused: false; selected: false; clickable: false; longClickable: false; contextClickable: false; enabled: true; password: false; scrollable: false; importantForAccessibility: false; visible: false; actions: [AccessibilityAction: ACTION_SELECT - null, AccessibilityAction: ACTION_CLEAR_SELECTION - null, AccessibilityAction: ACTION_ACCESSIBILITY_FOCUS - null, AccessibilityAction: ACTION_SHOW_ON_SCREEN - null]
11-01 01:39:25.698  9977 14707 I UIAutomatorStub: Skipping invisible child: android.view.accessibility.AccessibilityNodeInfo@1fbd9; boundsInParent: Rect(0, 0 - 1080, 126); boundsInScreen: Rect(0, 1794 - 1080, 1920); packageName: com.german_software_engineers.trainerapp; className: android.view.View; text: null; error: null; maxTextLength: -1; contentDescription: null; tooltipText: null; viewIdResName: android:id/navigationBarBackground; checkable: false; checked: false; focusable: false; focused: false; selected: false; clickable: false; longClickable: false; contextClickable: false; enabled: true; password: false; scrollable: false; importantForAccessibility: false; visible: false; actions: [AccessibilityAction: ACTION_SELECT - null, AccessibilityAction: ACTION_CLEAR_SELECTION - null, AccessibilityAction: ACTION_ACCESSIBILITY_FOCUS - null, AccessibilityAction: ACTION_SHOW_ON_SCREEN - null]
11-01 01:39:25.698  9977 14707 I UIAutomatorStub: Fetch time: 1ms
11-01 01:39:26.111  1800  2437 E GnssHAL_GnssInterface: gnssSvStatusCb: a: input svInfo.flags is 8
11-01 01:39:26.111  1800  2437 E GnssHAL_GnssInterface: gnssSvStatusCb: b: input svInfo.flags is 8
11-01 01:39:26.843 14708 14708 D AndroidRuntime: >>>>>> START com.android.internal.os.RuntimeInit uid 2000 <<<<<<
11-01 01:39:26.831 14708 14708 W app_process: type=1400 audit(0.0:4078): avc: denied { read } for name="u:object_r:device_config_runtime_native_boot_prop:s0" dev="tmpfs" ino=874 scontext=u:r:shell:s0 tcontext=u:object_r:device_config_runtime_native_boot_prop:s0 tclass=file permissive=0
11-01 01:39:26.846 14708 14708 E libc    : Access denied finding property "persist.device_config.runtime_native_boot.enable_apex_image"
11-01 01:39:26.846 14708 14708 I AndroidRuntime: Using default boot image
11-01 01:39:26.846 14708 14708 E libc    : Access denied finding property "persist.device_config.runtime_native_boot.disable_lock_profiling"
11-01 01:39:26.846 14708 14708 I AndroidRuntime: Leaving lock profiling enabled
11-01 01:39:26.846 14708 14708 E libc    : Access denied finding property "persist.device_config.runtime_native_boot.enable_generational_cc"
11-01 01:39:26.831 14708 14708 W app_process: type=1400 audit(0.0:4080): avc: denied { read } for name="u:object_r:device_config_runtime_native_boot_prop:s0" dev="tmpfs" ino=874 scontext=u:r:shell:s0 tcontext=u:object_r:device_config_runtime_native_boot_prop:s0 tclass=file permissive=0
11-01 01:39:26.912 14708 14708 D ICU     : Time zone APEX file found: /apex/com.android.tzdata/etc/icu/icu_tzdata.dat
11-01 01:39:26.915 14708 14708 W app_process: Unexpected CPU variant for X86 using defaults: x86
11-01 01:39:26.918 14708 14708 I app_process: The ClassLoaderContext is a special shared library.
11-01 01:39:26.932 14708 14708 W app_process: JNI RegisterNativeMethods: attempt to register 0 native methods for android.media.AudioAttributes
11-01 01:39:26.935 14708 14708 D AndroidRuntime: Calling main entry com.android.commands.input.Input
11-01 01:39:26.957 14708 14708 D AndroidRuntime: Shutting down VM
11-01 01:39:26.958 13450 13482 D EGL_emulation: eglMakeCurrent: 0xe0e1a2a0: ver 3 0 (tinfo 0xe0e0f030)
11-01 01:39:26.968 13450 13450 I AssistStructure: Flattened final assist data: 3512 bytes, containing 1 windows, 17 views
11-01 01:39:26.971 16801 16801 I KeyboardViewUtil: systemKeyboardHeightRatio:1.000000; userKeyboardHeightRatio:1.000000.
11-01 01:39:26.972 16801 16801 I AndroidIME: LatinIme.onActivate() : EditorInfo = Package = com.german_software_engineers.trainerapp : Type = Text : Learning = Disable : Suggestion = Show : AutoCorrection = Disable : Microphone = Show : NoPersonalizedLearning = Disable
11-01 01:39:26.979 10653 10653 W AutofillChimeraService: Pending fill request while another request in the same session was triggered. [CONTEXT service_id=177 ]
11-01 01:39:26.983  2044  3452 W ProcessStats: Tracking association SourceState{69cf1c5 com.google.android.gms.persistent/10098 ImpFg #82913} whose proc state 2 is better than process ProcessState{8f7cdfd com.google.android.gms/10098 pkg=com.google.android.gms} proc state 3 (0 skipped)
11-01 01:39:26.985 16801 16801 I Conv2QueryExtension: Current locale: en_US, config allows these locales: de,en,es,fr,it,ms,pt,ta
11-01 01:39:26.985 16801 16801 I Conv2QueryExtension: Conv2Query not enabled due to current app [com.german_software_engineers.trainerapp] not in whitelist
11-01 01:39:26.986 16801 16801 I Conv2QueryExtension: onActivate() : Disabled by unsupported host app
11-01 01:39:26.989 11079 11079 D BoundBrokerSvc: onBind: Intent { act=com.google.android.mdd.service.START dat=chimera-action: cmp=com.google.android.gms/.chimera.GmsBoundBrokerService }
11-01 01:39:26.989 11079 11079 D BoundBrokerSvc: Loading bound service for intent: Intent { act=com.google.android.mdd.service.START dat=chimera-action: cmp=com.google.android.gms/.chimera.GmsBoundBrokerService }
11-01 01:39:26.995  1801  1801 D gralloc_ranchu: gralloc_alloc: Creating ashmem region of size 8024064
11-01 01:39:26.999  1801  1801 I chatty  : uid=1000(system) allocator@2.0-s identical 1 line
11-01 01:39:26.999  1801  1801 D gralloc_ranchu: gralloc_alloc: Creating ashmem region of size 8024064
11-01 01:39:27.006  2213  2441 D EGL_emulation: eglMakeCurrent: 0xe0e1a4e0: ver 3 0 (tinfo 0xe0e0fa50)
11-01 01:39:27.010 16801 17248 D EGL_emulation: eglMakeCurrent: 0xf417f8e0: ver 3 0 (tinfo 0xc63b8f00)
11-01 01:39:27.120  1800  2437 E GnssHAL_GnssInterface: gnssSvStatusCb: a: input svInfo.flags is 8
11-01 01:39:27.120  1800  2437 E GnssHAL_GnssInterface: gnssSvStatusCb: b: input svInfo.flags is 8
11-01 01:39:27.236 14729 14729 D AndroidRuntime: >>>>>> START com.android.internal.os.RuntimeInit uid 2000 <<<<<<
11-01 01:39:27.221 14729 14729 W app_process: type=1400 audit(0.0:4081): avc: denied { read } for name="u:object_r:device_config_runtime_native_boot_prop:s0" dev="tmpfs" ino=874 scontext=u:r:shell:s0 tcontext=u:object_r:device_config_runtime_native_boot_prop:s0 tclass=file permissive=0
11-01 01:39:27.238 14729 14729 E libc    : Access denied finding property "persist.device_config.runtime_native_boot.enable_apex_image"
11-01 01:39:27.238 14729 14729 I AndroidRuntime: Using default boot image
11-01 01:39:27.238 14729 14729 E libc    : Access denied finding property "persist.device_config.runtime_native_boot.disable_lock_profiling"
11-01 01:39:27.238 14729 14729 I AndroidRuntime: Leaving lock profiling enabled
11-01 01:39:27.238 14729 14729 E libc    : Access denied finding property "persist.device_config.runtime_native_boot.enable_generational_cc"
11-01 01:39:27.289 14729 14729 D ICU     : Time zone APEX file found: /apex/com.android.tzdata/etc/icu/icu_tzdata.dat
11-01 01:39:27.292 14729 14729 W app_process: Unexpected CPU variant for X86 using defaults: x86
11-01 01:39:27.296 14729 14729 I app_process: The ClassLoaderContext is a special shared library.
11-01 01:39:27.311 14729 14729 W app_process: JNI RegisterNativeMethods: attempt to register 0 native methods for android.media.AudioAttributes
11-01 01:39:27.313 14729 14729 D AndroidRuntime: Calling main entry com.android.commands.input.Input
11-01 01:39:27.320 16801 16801 I PhenotypeExpConfig: refreshConfiguration() : Force = false : UpdateAvailable = false : Age = 13 minutes : MaxAge = 720 minutes
11-01 01:39:27.322 16801 16801 I AndroidIME: LatinIme.onDeactivate()
11-01 01:39:27.326 14729 14729 D AndroidRuntime: Shutting down VM
11-01 01:39:27.334 16801 17248 D EGL_emulation: eglMakeCurrent: 0xf417f8e0: ver 3 0 (tinfo 0xc63b8f00)
11-01 01:39:28.127  1800  2437 E GnssHAL_GnssInterface: gnssSvStatusCb: a: input svInfo.flags is 8
11-01 01:39:28.127  1800  2437 E GnssHAL_GnssInterface: gnssSvStatusCb: b: input svInfo.flags is 8
11-01 01:39:29.131  1800  2437 E GnssHAL_GnssInterface: gnssSvStatusCb: a: input svInfo.flags is 8
11-01 01:39:29.131  1800  2437 E GnssHAL_GnssInterface: gnssSvStatusCb: b: input svInfo.flags is 8
11-01 01:39:29.158  1801  1801 D gralloc_ranchu: gralloc_alloc: Creating ashmem region of size 8298496
11-01 01:39:29.162  1682  1682 I hwservicemanager: getTransport: Cannot find entry android.hardware.graphics.mapper@3.0::IMapper/default in either framework or device manifest.
11-01 01:39:29.162 14754 14754 W Gralloc3: mapper 3.x is not supported
11-01 01:39:29.167 14754 14754 D HostConnection: createUnique: call
11-01 01:39:29.167 14754 14754 D HostConnection: HostConnection::get() New Host Connection established 0xf6312d70, tid 14754
11-01 01:39:29.168 14754 14754 D HostConnection: HostComposition ext ANDROID_EMU_CHECKSUM_HELPER_v1 ANDROID_EMU_native_sync_v2 ANDROID_EMU_native_sync_v3 ANDROID_EMU_native_sync_v4 ANDROID_EMU_dma_v1 ANDROID_EMU_direct_mem ANDROID_EMU_YUV420_888_to_NV21 ANDROID_EMU_YUV_Cache ANDROID_EMU_sync_buffer_data GL_OES_EGL_image_external_essl3 GL_OES_vertex_array_object GL_KHR_texture_compression_astc_ldr ANDROID_EMU_host_side_tracing ANDROID_EMU_gles_max_version_3_0 
11-01 01:39:29.169 14754 14754 D eglCodecCommon: allocate: Ask for block of size 0x1000
11-01 01:39:29.169 14754 14754 D eglCodecCommon: allocate: ioctl allocate returned offset 0x3ff803000 size 0x2000
11-01 01:39:29.181 14754 14754 D eglCodecCommon: allocate: Ask for block of size 0x7ea000
11-01 01:39:29.181 14754 14754 D eglCodecCommon: allocate: ioctl allocate returned offset 0x3fe825000 size 0x7eb000
11-01 01:39:29.315  9457 14764 I MediaProvider: Begin Intent { act=android.intent.action.MEDIA_SCANNER_SCAN_FILE dat=file:///sdcard/screen.png flg=0x1400010 cmp=com.android.providers.media/.MediaService }
11-01 01:39:29.321  9457 14764 W ExifInterface: Invalid image: ExifInterface got an unsupported image format file(ExifInterface supports JPEG and some RAW image formats only) or a corrupted JPEG file to ExifInterface.
11-01 01:39:29.321  9457 14764 W ExifInterface: java.io.IOException: Invalid byte order: ffff8950
11-01 01:39:29.321  9457 14764 W ExifInterface: 	at android.media.ExifInterface.readByteOrder(ExifInterface.java:3121)
11-01 01:39:29.321  9457 14764 W ExifInterface: 	at android.media.ExifInterface.isOrfFormat(ExifInterface.java:2437)
11-01 01:39:29.321  9457 14764 W ExifInterface: 	at android.media.ExifInterface.getMimeType(ExifInterface.java:2315)
11-01 01:39:29.321  9457 14764 W ExifInterface: 	at android.media.ExifInterface.loadAttributes(ExifInterface.java:1753)
11-01 01:39:29.321  9457 14764 W ExifInterface: 	at android.media.ExifInterface.<init>(ExifInterface.java:1447)
11-01 01:39:29.321  9457 14764 W ExifInterface: 	at com.android.providers.media.scan.ModernMediaScanner.scanItemImage(ModernMediaScanner.java:729)
11-01 01:39:29.321  9457 14764 W ExifInterface: 	at com.android.providers.media.scan.ModernMediaScanner.scanItem(ModernMediaScanner.java:502)
11-01 01:39:29.321  9457 14764 W ExifInterface: 	at com.android.providers.media.scan.ModernMediaScanner.access$500(ModernMediaScanner.java:118)
11-01 01:39:29.321  9457 14764 W ExifInterface: 	at com.android.providers.media.scan.ModernMediaScanner$Scan.visitFile(ModernMediaScanner.java:406)
11-01 01:39:29.321  9457 14764 W ExifInterface: 	at com.android.providers.media.scan.ModernMediaScanner$Scan.visitFile(ModernMediaScanner.java:207)
11-01 01:39:29.321  9457 14764 W ExifInterface: 	at java.nio.file.Files.walkFileTree(Files.java:2670)
11-01 01:39:29.321  9457 14764 W ExifInterface: 	at java.nio.file.Files.walkFileTree(Files.java:2742)
11-01 01:39:29.321  9457 14764 W ExifInterface: 	at com.android.providers.media.scan.ModernMediaScanner$Scan.walkFileTree(ModernMediaScanner.java:267)
11-01 01:39:29.321  9457 14764 W ExifInterface: 	at com.android.providers.media.scan.ModernMediaScanner$Scan.run(ModernMediaScanner.java:245)
11-01 01:39:29.321  9457 14764 W ExifInterface: 	at com.android.providers.media.scan.ModernMediaScanner.scanFile(ModernMediaScanner.java:174)
11-01 01:39:29.321  9457 14764 W ExifInterface: 	at com.android.providers.media.MediaService.onScanFile(MediaService.java:164)
11-01 01:39:29.321  9457 14764 W ExifInterface: 	at com.android.providers.media.MediaService.onHandleIntent(MediaService.java:90)
11-01 01:39:29.321  9457 14764 W ExifInterface: 	at android.app.IntentService$ServiceHandler.handleMessage(IntentService.java:78)
11-01 01:39:29.321  9457 14764 W ExifInterface: 	at android.os.Handler.dispatchMessage(Handler.java:107)
11-01 01:39:29.321  9457 14764 W ExifInterface: 	at android.os.Looper.loop(Looper.java:214)
11-01 01:39:29.321  9457 14764 W ExifInterface: 	at android.os.HandlerThread.run(HandlerThread.java:67)
11-01 01:39:29.323  9457 14764 I MediaProvider: End Intent { act=android.intent.action.MEDIA_SCANNER_SCAN_FILE dat=file:///sdcard/screen.png flg=0x1400010 cmp=com.android.providers.media/.MediaService }
11-01 01:39:30.142  1800  2437 E GnssHAL_GnssInterface: gnssSvStatusCb: a: input svInfo.flags is 8
11-01 01:39:30.142  1800  2437 E GnssHAL_GnssInterface: gnssSvStatusCb: b: input svInfo.flags is 8
11-01 01:39:31.143  1800  2437 E GnssHAL_GnssInterface: gnssSvStatusCb: a: input svInfo.flags is 8
11-01 01:39:31.144  1800  2437 E GnssHAL_GnssInterface: gnssSvStatusCb: b: input svInfo.flags is 8
11-01 01:39:31.684  9977 14768 D UIAutomatorStub: URI: /jsonrpc/0, Method: POST, Header: {content-length=117, remote-addr=127.0.0.1, http-client-ip=127.0.0.1, host=localhost:9008, content-type=application/json, connection=close, accept-encoding=identity, user-agent=Python-urllib/3.7}, params, {NanoHttpd.QUERY_STRING=null}, files: {postData={"jsonrpc": "2.0", "method": "dumpWindowHierarchy", "id": "1c19a9c8d4ef7cac351ce28ad4d1e400", "params": [true, null]}}
11-01 01:39:31.691  9977 14768 I UIAutomatorStub: Skipping invisible child: android.view.accessibility.AccessibilityNodeInfo@2071c; boundsInParent: Rect(0, 0 - 0, 147); boundsInScreen: Rect(1080, 63 - 1080, 210); packageName: com.german_software_engineers.trainerapp; className: android.support.v7.widget.LinearLayoutCompat; text: null; error: null; maxTextLength: -1; contentDescription: null; tooltipText: null; viewIdResName: null; checkable: false; checked: false; focusable: false; focused: false; selected: false; clickable: false; longClickable: false; contextClickable: false; enabled: true; password: false; scrollable: false; importantForAccessibility: false; visible: false; actions: [AccessibilityAction: ACTION_SELECT - null, AccessibilityAction: ACTION_CLEAR_SELECTION - null, AccessibilityAction: ACTION_ACCESSIBILITY_FOCUS - null, AccessibilityAction: ACTION_SHOW_ON_SCREEN - null]
11-01 01:39:31.691  9977 14768 I UIAutomatorStub: Skipping invisible child: android.view.accessibility.AccessibilityNodeInfo@1ff9a; boundsInParent: Rect(0, 0 - 1080, 63); boundsInScreen: Rect(0, 0 - 1080, 63); packageName: com.german_software_engineers.trainerapp; className: android.view.View; text: null; error: null; maxTextLength: -1; contentDescription: null; tooltipText: null; viewIdResName: android:id/statusBarBackground; checkable: false; checked: false; focusable: false; focused: false; selected: false; clickable: false; longClickable: false; contextClickable: false; enabled: true; password: false; scrollable: false; importantForAccessibility: false; visible: false; actions: [AccessibilityAction: ACTION_SELECT - null, AccessibilityAction: ACTION_CLEAR_SELECTION - null, AccessibilityAction: ACTION_ACCESSIBILITY_FOCUS - null, AccessibilityAction: ACTION_SHOW_ON_SCREEN - null]
11-01 01:39:31.691  9977 14768 I UIAutomatorStub: Skipping invisible child: android.view.accessibility.AccessibilityNodeInfo@1fbd9; boundsInParent: Rect(0, 0 - 1080, 126); boundsInScreen: Rect(0, 1794 - 1080, 1920); packageName: com.german_software_engineers.trainerapp; className: android.view.View; text: null; error: null; maxTextLength: -1; contentDescription: null; tooltipText: null; viewIdResName: android:id/navigationBarBackground; checkable: false; checked: false; focusable: false; focused: false; selected: false; clickable: false; longClickable: false; contextClickable: false; enabled: true; password: false; scrollable: false; importantForAccessibility: false; visible: false; actions: [AccessibilityAction: ACTION_SELECT - null, AccessibilityAction: ACTION_CLEAR_SELECTION - null, AccessibilityAction: ACTION_ACCESSIBILITY_FOCUS - null, AccessibilityAction: ACTION_SHOW_ON_SCREEN - null]
11-01 01:39:31.691  9977 14768 I UIAutomatorStub: Fetch time: 1ms
11-01 01:39:32.145  1800  2437 E GnssHAL_GnssInterface: gnssSvStatusCb: a: input svInfo.flags is 8
11-01 01:39:32.145  1800  2437 E GnssHAL_GnssInterface: gnssSvStatusCb: b: input svInfo.flags is 8
11-01 01:39:32.930  9977 14769 D UIAutomatorStub: URI: /jsonrpc/0, Method: POST, Header: {content-length=117, remote-addr=127.0.0.1, http-client-ip=127.0.0.1, host=localhost:9008, content-type=application/json, connection=close, accept-encoding=identity, user-agent=Python-urllib/3.7}, params, {NanoHttpd.QUERY_STRING=null}, files: {postData={"jsonrpc": "2.0", "method": "dumpWindowHierarchy", "id": "7d8e63f6a2bb9c213c67ad521154ecb5", "params": [true, null]}}
11-01 01:39:32.935  9977 14769 I UIAutomatorStub: Skipping invisible child: android.view.accessibility.AccessibilityNodeInfo@2071c; boundsInParent: Rect(0, 0 - 0, 147); boundsInScreen: Rect(1080, 63 - 1080, 210); packageName: com.german_software_engineers.trainerapp; className: android.support.v7.widget.LinearLayoutCompat; text: null; error: null; maxTextLength: -1; contentDescription: null; tooltipText: null; viewIdResName: null; checkable: false; checked: false; focusable: false; focused: false; selected: false; clickable: false; longClickable: false; contextClickable: false; enabled: true; password: false; scrollable: false; importantForAccessibility: false; visible: false; actions: [AccessibilityAction: ACTION_SELECT - null, AccessibilityAction: ACTION_CLEAR_SELECTION - null, AccessibilityAction: ACTION_ACCESSIBILITY_FOCUS - null, AccessibilityAction: ACTION_SHOW_ON_SCREEN - null]
11-01 01:39:32.935  9977 14769 I UIAutomatorStub: Skipping invisible child: android.view.accessibility.AccessibilityNodeInfo@1ff9a; boundsInParent: Rect(0, 0 - 1080, 63); boundsInScreen: Rect(0, 0 - 1080, 63); packageName: com.german_software_engineers.trainerapp; className: android.view.View; text: null; error: null; maxTextLength: -1; contentDescription: null; tooltipText: null; viewIdResName: android:id/statusBarBackground; checkable: false; checked: false; focusable: false; focused: false; selected: false; clickable: false; longClickable: false; contextClickable: false; enabled: true; password: false; scrollable: false; importantForAccessibility: false; visible: false; actions: [AccessibilityAction: ACTION_SELECT - null, AccessibilityAction: ACTION_CLEAR_SELECTION - null, AccessibilityAction: ACTION_ACCESSIBILITY_FOCUS - null, AccessibilityAction: ACTION_SHOW_ON_SCREEN - null]
11-01 01:39:32.935  9977 14769 I UIAutomatorStub: Skipping invisible child: android.view.accessibility.AccessibilityNodeInfo@1fbd9; boundsInParent: Rect(0, 0 - 1080, 126); boundsInScreen: Rect(0, 1794 - 1080, 1920); packageName: com.german_software_engineers.trainerapp; className: android.view.View; text: null; error: null; maxTextLength: -1; contentDescription: null; tooltipText: null; viewIdResName: android:id/navigationBarBackground; checkable: false; checked: false; focusable: false; focused: false; selected: false; clickable: false; longClickable: false; contextClickable: false; enabled: true; password: false; scrollable: false; importantForAccessibility: false; visible: false; actions: [AccessibilityAction: ACTION_SELECT - null, AccessibilityAction: ACTION_CLEAR_SELECTION - null, AccessibilityAction: ACTION_ACCESSIBILITY_FOCUS - null, AccessibilityAction: ACTION_SHOW_ON_SCREEN - null]
11-01 01:39:32.935  9977 14769 I UIAutomatorStub: Fetch time: 1ms
11-01 01:39:33.151  1800  2437 E GnssHAL_GnssInterface: gnssSvStatusCb: a: input svInfo.flags is 8
11-01 01:39:33.152  1800  2437 E GnssHAL_GnssInterface: gnssSvStatusCb: b: input svInfo.flags is 8
11-01 01:39:34.157  1800  2437 E GnssHAL_GnssInterface: gnssSvStatusCb: a: input svInfo.flags is 8
11-01 01:39:34.157  1800  2437 E GnssHAL_GnssInterface: gnssSvStatusCb: b: input svInfo.flags is 8
11-01 01:39:34.190  9977 14773 D UIAutomatorStub: URI: /jsonrpc/0, Method: POST, Header: {content-length=117, remote-addr=127.0.0.1, http-client-ip=127.0.0.1, host=localhost:9008, content-type=application/json, connection=close, accept-encoding=identity, user-agent=Python-urllib/3.7}, params, {NanoHttpd.QUERY_STRING=null}, files: {postData={"jsonrpc": "2.0", "method": "dumpWindowHierarchy", "id": "77b387e49483e8f37874779ac16cd4a3", "params": [true, null]}}
11-01 01:39:34.194  9977 14773 I UIAutomatorStub: Skipping invisible child: android.view.accessibility.AccessibilityNodeInfo@2071c; boundsInParent: Rect(0, 0 - 0, 147); boundsInScreen: Rect(1080, 63 - 1080, 210); packageName: com.german_software_engineers.trainerapp; className: android.support.v7.widget.LinearLayoutCompat; text: null; error: null; maxTextLength: -1; contentDescription: null; tooltipText: null; viewIdResName: null; checkable: false; checked: false; focusable: false; focused: false; selected: false; clickable: false; longClickable: false; contextClickable: false; enabled: true; password: false; scrollable: false; importantForAccessibility: false; visible: false; actions: [AccessibilityAction: ACTION_SELECT - null, AccessibilityAction: ACTION_CLEAR_SELECTION - null, AccessibilityAction: ACTION_ACCESSIBILITY_FOCUS - null, AccessibilityAction: ACTION_SHOW_ON_SCREEN - null]
11-01 01:39:34.194  9977 14773 I UIAutomatorStub: Skipping invisible child: android.view.accessibility.AccessibilityNodeInfo@1ff9a; boundsInParent: Rect(0, 0 - 1080, 63); boundsInScreen: Rect(0, 0 - 1080, 63); packageName: com.german_software_engineers.trainerapp; className: android.view.View; text: null; error: null; maxTextLength: -1; contentDescription: null; tooltipText: null; viewIdResName: android:id/statusBarBackground; checkable: false; checked: false; focusable: false; focused: false; selected: false; clickable: false; longClickable: false; contextClickable: false; enabled: true; password: false; scrollable: false; importantForAccessibility: false; visible: false; actions: [AccessibilityAction: ACTION_SELECT - null, AccessibilityAction: ACTION_CLEAR_SELECTION - null, AccessibilityAction: ACTION_ACCESSIBILITY_FOCUS - null, AccessibilityAction: ACTION_SHOW_ON_SCREEN - null]
11-01 01:39:34.194  9977 14773 I UIAutomatorStub: Skipping invisible child: android.view.accessibility.AccessibilityNodeInfo@1fbd9; boundsInParent: Rect(0, 0 - 1080, 126); boundsInScreen: Rect(0, 1794 - 1080, 1920); packageName: com.german_software_engineers.trainerapp; className: android.view.View; text: null; error: null; maxTextLength: -1; contentDescription: null; tooltipText: null; viewIdResName: android:id/navigationBarBackground; checkable: false; checked: false; focusable: false; focused: false; selected: false; clickable: false; longClickable: false; contextClickable: false; enabled: true; password: false; scrollable: false; importantForAccessibility: false; visible: false; actions: [AccessibilityAction: ACTION_SELECT - null, AccessibilityAction: ACTION_CLEAR_SELECTION - null, AccessibilityAction: ACTION_ACCESSIBILITY_FOCUS - null, AccessibilityAction: ACTION_SHOW_ON_SCREEN - null]
11-01 01:39:34.195  9977 14773 I UIAutomatorStub: Fetch time: 1ms
11-01 01:39:35.159  1800  2437 E GnssHAL_GnssInterface: gnssSvStatusCb: a: input svInfo.flags is 8
11-01 01:39:35.159  1800  2437 E GnssHAL_GnssInterface: gnssSvStatusCb: b: input svInfo.flags is 8
11-01 01:39:35.311 14774 14774 W app_process: type=1400 audit(0.0:4084): avc: denied { read } for name="u:object_r:device_config_runtime_native_boot_prop:s0" dev="tmpfs" ino=874 scontext=u:r:shell:s0 tcontext=u:object_r:device_config_runtime_native_boot_prop:s0 tclass=file permissive=0
11-01 01:39:35.321 14774 14774 I chatty  : uid=2000(shell) app_process identical 1 line
11-01 01:39:35.321 14774 14774 W app_process: type=1400 audit(0.0:4086): avc: denied { read } for name="u:object_r:device_config_runtime_native_boot_prop:s0" dev="tmpfs" ino=874 scontext=u:r:shell:s0 tcontext=u:object_r:device_config_runtime_native_boot_prop:s0 tclass=file permissive=0
11-01 01:39:35.327 14774 14774 D AndroidRuntime: >>>>>> START com.android.internal.os.RuntimeInit uid 2000 <<<<<<
11-01 01:39:35.329 14774 14774 E libc    : Access denied finding property "persist.device_config.runtime_native_boot.enable_apex_image"
11-01 01:39:35.329 14774 14774 I AndroidRuntime: Using default boot image
11-01 01:39:35.329 14774 14774 E libc    : Access denied finding property "persist.device_config.runtime_native_boot.disable_lock_profiling"
11-01 01:39:35.329 14774 14774 I AndroidRuntime: Leaving lock profiling enabled
