11-01 01:33:44.795 13413 13530 D CommitToConfigurationOp: real commit done, callingPackage: com.android.vending snapshot:  com.google.android.finsky.regular 83811820 14 -371192717 com.google.android.finsky.regular -371192717 0
11-01 01:33:44.795 13413 13530 D ExperimentTokensCache: Clearing ExperimentTokensCache
11-01 01:33:44.798 13413 13477 I Finsky  : [1922] wsf.c(12): Regular flags synced
11-01 01:33:44.799 13413 13477 I Finsky  : [1922] aifb.bw(80): Writing flags config, size 1.
11-01 01:33:44.799 13413 13477 I Finsky  : [1922] aifb.bw(93): Started writing experiment flags into file [4dEVOh7DlClE42ly_19Hs7FqnnFOj9O0dm-zzWqGxeo].
11-01 01:33:44.803 13413 13477 I Finsky  : [1922] aifb.bw(422): Finished writing experiment flags into file [4dEVOh7DlClE42ly_19Hs7FqnnFOj9O0dm-zzWqGxeo], numFlags=1819.
11-01 01:33:44.804 13413 13477 I Finsky  : [1922] wry.g(228): Successfully applied new configurations for package com.google.android.finsky.regular.
11-01 01:33:44.805 13413 13477 I Finsky  : [1922] wry.g(299): [EExp] Exporting experiments for package com.google.android.finsky.regular.
11-01 01:33:44.805 13413 13477 I Finsky  : [1922] zif.A(27): [EExp] Exporting experiments for namespace com.google.android.finsky.regular.
11-01 01:33:44.813 13413 13477 I Finsky  : [1922] wry.g(353): [EExp] Successfully exported experiments for package com.google.android.finsky.regular.
11-01 01:33:45.128  1800  2437 E GnssHAL_GnssInterface: gnssSvStatusCb: a: input svInfo.flags is 8
11-01 01:33:45.128  1800  2437 E GnssHAL_GnssInterface: gnssSvStatusCb: b: input svInfo.flags is 8
11-01 01:33:45.600 13568 13568 I Finsky:background: [2] sce.onDestroy(9): IPC-SERVER: Stopping gRPC host service...
11-01 01:33:45.623 13413 13413 I Finsky  : [2] zxt.run(383): Detected restoreservicev2://recovery not needed, will not run
11-01 01:33:45.658 13413 13413 I Finsky  : [2] sce.onDestroy(9): IPC-SERVER: Stopping gRPC host service...
11-01 01:33:45.705 13413 13565 I Finsky  : [1969] anfz.d(7): registerListener
11-01 01:33:45.706 13413 13565 I Finsky  : [1969] tne.F(6): getDownloads()
11-01 01:33:45.718 13413 13565 I Finsky  : [1969] rf.run(69): Initialized AssetModuleDownloader.
11-01 01:33:45.723 13568 13568 I Finsky:background: [2] sce.onCreate(9): IPC-SERVER: Starting gRPC host service...
11-01 01:33:45.733 13568 13611 I Finsky:background: [1945] nrk.i(6): getDownloads()
11-01 01:33:46.128  1800  2437 E GnssHAL_GnssInterface: gnssSvStatusCb: a: input svInfo.flags is 8
11-01 01:33:46.128  1800  2437 E GnssHAL_GnssInterface: gnssSvStatusCb: b: input svInfo.flags is 8
11-01 01:33:47.130  1800  2437 E GnssHAL_GnssInterface: gnssSvStatusCb: a: input svInfo.flags is 8
11-01 01:33:47.130  1800  2437 E GnssHAL_GnssInterface: gnssSvStatusCb: b: input svInfo.flags is 8
11-01 01:33:47.896  2044  6224 W AppOps  : Noting op not finished: uid 10098 pkg com.google.android.gms code 79 time=1698816769116 duration=-1698781555502
11-01 01:33:47.899  2044  6224 W AppOps  : Noting op not finished: uid 10098 pkg com.google.android.gms code 79 time=1698816827896 duration=0
11-01 01:33:47.901  2044  6224 W AppOps  : Noting op not finished: uid 10098 pkg com.google.android.gms code 79 time=1698816827899 duration=0
11-01 01:33:47.904  2044  6224 W AppOps  : Noting op not finished: uid 10098 pkg com.google.android.gms code 79 time=1698816827901 duration=0
11-01 01:33:47.906  2044  6224 W AppOps  : Noting op not finished: uid 10098 pkg com.google.android.gms code 79 time=1698816827904 duration=0
11-01 01:33:48.030 10653 10653 D BoundBrokerSvc: onUnbind: Intent { act=com.google.android.gms.phenotype.service.START dat=chimera-action: cmp=com.google.android.gms/.chimera.PersistentApiService }
11-01 01:33:48.132  1800  2437 E GnssHAL_GnssInterface: gnssSvStatusCb: a: input svInfo.flags is 8
11-01 01:33:48.134  1800  2437 E GnssHAL_GnssInterface: gnssSvStatusCb: b: input svInfo.flags is 8
11-01 01:33:48.155 11079 11079 D BoundBrokerSvc: onUnbind: Intent { act=com.google.android.gms.feedback.internal.IFeedbackService dat=chimera-action: cmp=com.google.android.gms/.chimera.GmsBoundBrokerService }
11-01 01:33:48.537 10653 10653 D BoundBrokerSvc: onUnbind: Intent { act=com.google.android.gms.icing.LIGHTWEIGHT_INDEX_SERVICE dat=chimera-action: cmp=com.google.android.gms/.chimera.PersistentApiService }
11-01 01:33:48.853 10653 10653 D BoundBrokerSvc: onUnbind: Intent { act=com.google.android.gms.nearby.exposurenotification.START dat=chimera-action: cmp=com.google.android.gms/.chimera.PersistentApiServiceNoInstantApps }
11-01 01:33:48.959 10653 10653 D BoundBrokerSvc: onUnbind: Intent { act=com.google.android.gms.scheduler.ACTION_PROXY_SCHEDULE dat=chimera-action: cmp=com.google.android.gms/.chimera.PersistentApiService }
11-01 01:33:49.130  1800  2437 E GnssHAL_GnssInterface: gnssSvStatusCb: a: input svInfo.flags is 8
11-01 01:33:49.130  1800  2437 E GnssHAL_GnssInterface: gnssSvStatusCb: b: input svInfo.flags is 8
11-01 01:33:49.224 13668 13668 D AndroidRuntime: >>>>>> START com.android.internal.os.RuntimeInit uid 2000 <<<<<<
11-01 01:33:49.228 13668 13668 E libc    : Access denied finding property "persist.device_config.runtime_native_boot.enable_apex_image"
11-01 01:33:49.228 13668 13668 I AndroidRuntime: Using default boot image
11-01 01:33:49.228 13668 13668 E libc    : Access denied finding property "persist.device_config.runtime_native_boot.disable_lock_profiling"
11-01 01:33:49.228 13668 13668 I AndroidRuntime: Leaving lock profiling enabled
11-01 01:33:49.229 13668 13668 E libc    : Access denied finding property "persist.device_config.runtime_native_boot.enable_generational_cc"
11-01 01:33:49.211 13668 13668 W app_process: type=1400 audit(0.0:4018): avc: denied { read } for name="u:object_r:device_config_runtime_native_boot_prop:s0" dev="tmpfs" ino=874 scontext=u:r:shell:s0 tcontext=u:object_r:device_config_runtime_native_boot_prop:s0 tclass=file permissive=0
11-01 01:33:49.221 13668 13668 W app_process: type=1400 audit(0.0:4020): avc: denied { read } for name="u:object_r:device_config_runtime_native_boot_prop:s0" dev="tmpfs" ino=874 scontext=u:r:shell:s0 tcontext=u:object_r:device_config_runtime_native_boot_prop:s0 tclass=file permissive=0
11-01 01:33:49.312 13668 13668 D ICU     : Time zone APEX file found: /apex/com.android.tzdata/etc/icu/icu_tzdata.dat
11-01 01:33:49.317 13668 13668 W app_process: Unexpected CPU variant for X86 using defaults: x86
11-01 01:33:49.323 13668 13668 I app_process: The ClassLoaderContext is a special shared library.
11-01 01:33:49.337 13668 13668 W app_process: JNI RegisterNativeMethods: attempt to register 0 native methods for android.media.AudioAttributes
11-01 01:33:49.339 13668 13668 D AndroidRuntime: Calling main entry com.android.commands.content.Content
11-01 01:33:49.350  2044  2044 V SettingsProvider: Notifying for 0: content://settings/system/accelerometer_rotation
11-01 01:33:49.350 13668 13668 D AndroidRuntime: Shutting down VM
11-01 01:33:49.352  2044  2065 W InputReader: Device has associated, but no associated display id.
11-01 01:33:49.352  2044  2065 I chatty  : uid=1000(system) android.display identical 8 lines
11-01 01:33:49.352  2044  2065 W InputReader: Device has associated, but no associated display id.
11-01 01:33:49.463 13682 13682 D AndroidRuntime: >>>>>> START com.android.internal.os.RuntimeInit uid 2000 <<<<<<
11-01 01:33:49.465 13682 13682 E libc    : Access denied finding property "persist.device_config.runtime_native_boot.enable_apex_image"
11-01 01:33:49.465 13682 13682 I AndroidRuntime: Using default boot image
11-01 01:33:49.451 13682 13682 W app_process: type=1400 audit(0.0:4021): avc: denied { read } for name="u:object_r:device_config_runtime_native_boot_prop:s0" dev="tmpfs" ino=874 scontext=u:r:shell:s0 tcontext=u:object_r:device_config_runtime_native_boot_prop:s0 tclass=file permissive=0
11-01 01:33:49.465 13682 13682 E libc    : Access denied finding property "persist.device_config.runtime_native_boot.disable_lock_profiling"
11-01 01:33:49.465 13682 13682 I AndroidRuntime: Leaving lock profiling enabled
11-01 01:33:49.466 13682 13682 E libc    : Access denied finding property "persist.device_config.runtime_native_boot.enable_generational_cc"
11-01 01:33:49.451 13682 13682 W app_process: type=1400 audit(0.0:4022): avc: denied { read } for name="u:object_r:device_config_runtime_native_boot_prop:s0" dev="tmpfs" ino=874 scontext=u:r:shell:s0 tcontext=u:object_r:device_config_runtime_native_boot_prop:s0 tclass=file permissive=0
11-01 01:33:49.505 13682 13682 D ICU     : Time zone APEX file found: /apex/com.android.tzdata/etc/icu/icu_tzdata.dat
11-01 01:33:49.508 13682 13682 W app_process: Unexpected CPU variant for X86 using defaults: x86
11-01 01:33:49.511 13682 13682 I app_process: The ClassLoaderContext is a special shared library.
11-01 01:33:49.524 13682 13682 W app_process: JNI RegisterNativeMethods: attempt to register 0 native methods for android.media.AudioAttributes
11-01 01:33:49.527 13682 13682 D AndroidRuntime: Calling main entry com.android.commands.content.Content
11-01 01:33:49.532  2044  2044 V SettingsProvider: Notifying for 0: content://settings/system/user_rotation
11-01 01:33:49.533 13682 13682 D AndroidRuntime: Shutting down VM
11-01 01:33:49.941 11079 11079 D BoundBrokerSvc: onUnbind: Intent { act=com.google.android.gms.checkin.START pkg=com.google.android.gms }
11-01 01:33:49.944  2044  6224 I ActivityManager: Killing 11616:com.google.android.projection.gearhead:shared/u0a100 (adj 985): empty #17
11-01 01:33:50.004 11079 11079 D BoundBrokerSvc: onUnbind: Intent { act=com.google.android.gms.inappreach.service.START dat=chimera-action: cmp=com.google.android.gms/.chimera.GmsApiService }
11-01 01:33:50.010  1780  1780 I Zygote  : Process 11616 exited due to signal 9 (Killed)
11-01 01:33:50.032  2044  2073 I libprocessgroup: Successfully killed process cgroup uid 10100 pid 11616 in 85ms
11-01 01:33:50.076 11079 11079 D BoundBrokerSvc: onUnbind: Intent { act=com.google.android.gms.safetynet.service.START pkg=com.google.android.gms }
11-01 01:33:50.139  1800  2437 E GnssHAL_GnssInterface: gnssSvStatusCb: a: input svInfo.flags is 8
11-01 01:33:50.139  1800  2437 E GnssHAL_GnssInterface: gnssSvStatusCb: b: input svInfo.flags is 8
11-01 01:33:51.006  2044  3448 I ActivityManager: Killing 11655:com.google.android.gms:car/u0a98 (adj 985): empty #17
11-01 01:33:51.063  1780  1780 I Zygote  : Process 11655 exited due to signal 9 (Killed)
11-01 01:33:51.090  2044  2073 I libprocessgroup: Successfully killed process cgroup uid 10098 pid 11655 in 83ms
11-01 01:33:51.147  1800  2437 E GnssHAL_GnssInterface: gnssSvStatusCb: a: input svInfo.flags is 8
11-01 01:33:51.147  1800  2437 E GnssHAL_GnssInterface: gnssSvStatusCb: b: input svInfo.flags is 8
11-01 01:33:51.415  9977 13712 D UIAutomatorStub: URI: /jsonrpc/0, Method: POST, Header: {content-length=117, remote-addr=127.0.0.1, http-client-ip=127.0.0.1, host=localhost:9008, content-type=application/json, connection=close, accept-encoding=identity, user-agent=Python-urllib/3.7}, params, {NanoHttpd.QUERY_STRING=null}, files: {postData={"jsonrpc": "2.0", "method": "dumpWindowHierarchy", "id": "f26759ced47021053d1721e9084126f6", "params": [true, null]}}
11-01 01:33:51.432  9977 13712 I UIAutomatorStub: Skipping invisible child: android.view.accessibility.AccessibilityNodeInfo@bcc0; boundsInParent: Rect(0, 0 - 1080, 63); boundsInScreen: Rect(0, 0 - 1080, 63); packageName: com.german_software_engineers.trainerapp; className: android.view.View; text: null; error: null; maxTextLength: -1; contentDescription: null; tooltipText: null; viewIdResName: android:id/statusBarBackground; checkable: false; checked: false; focusable: false; focused: false; selected: false; clickable: false; longClickable: false; contextClickable: false; enabled: true; password: false; scrollable: false; importantForAccessibility: false; visible: false; actions: [AccessibilityAction: ACTION_SELECT - null, AccessibilityAction: ACTION_CLEAR_SELECTION - null, AccessibilityAction: ACTION_ACCESSIBILITY_FOCUS - null, AccessibilityAction: ACTION_SHOW_ON_SCREEN - null]
11-01 01:33:51.432  9977 13712 I UIAutomatorStub: Skipping invisible child: android.view.accessibility.AccessibilityNodeInfo@b8ff; boundsInParent: Rect(0, 0 - 1080, 126); boundsInScreen: Rect(0, 1794 - 1080, 1920); packageName: com.german_software_engineers.trainerapp; className: android.view.View; text: null; error: null; maxTextLength: -1; contentDescription: null; tooltipText: null; viewIdResName: android:id/navigationBarBackground; checkable: false; checked: false; focusable: false; focused: false; selected: false; clickable: false; longClickable: false; contextClickable: false; enabled: true; password: false; scrollable: false; importantForAccessibility: false; visible: false; actions: [AccessibilityAction: ACTION_SELECT - null, AccessibilityAction: ACTION_CLEAR_SELECTION - null, AccessibilityAction: ACTION_ACCESSIBILITY_FOCUS - null, AccessibilityAction: ACTION_SHOW_ON_SCREEN - null]
11-01 01:33:51.433  9977 13712 I UIAutomatorStub: Fetch time: 1ms
11-01 01:33:52.157  1800  2437 E GnssHAL_GnssInterface: gnssSvStatusCb: a: input svInfo.flags is 8
11-01 01:33:52.157  1800  2437 E GnssHAL_GnssInterface: gnssSvStatusCb: b: input svInfo.flags is 8
11-01 01:33:52.715  9977 13715 D UIAutomatorStub: URI: /jsonrpc/0, Method: POST, Header: {content-length=117, remote-addr=127.0.0.1, http-client-ip=127.0.0.1, host=localhost:9008, content-type=application/json, connection=close, accept-encoding=identity, user-agent=Python-urllib/3.7}, params, {NanoHttpd.QUERY_STRING=null}, files: {postData={"jsonrpc": "2.0", "method": "dumpWindowHierarchy", "id": "9c8904a86825b2fe5dacf0b3bbeb3723", "params": [true, null]}}
11-01 01:33:52.725  9977 13715 I UIAutomatorStub: Skipping invisible child: android.view.accessibility.AccessibilityNodeInfo@bcc0; boundsInParent: Rect(0, 0 - 1080, 63); boundsInScreen: Rect(0, 0 - 1080, 63); packageName: com.german_software_engineers.trainerapp; className: android.view.View; text: null; error: null; maxTextLength: -1; contentDescription: null; tooltipText: null; viewIdResName: android:id/statusBarBackground; checkable: false; checked: false; focusable: false; focused: false; selected: false; clickable: false; longClickable: false; contextClickable: false; enabled: true; password: false; scrollable: false; importantForAccessibility: false; visible: false; actions: [AccessibilityAction: ACTION_SELECT - null, AccessibilityAction: ACTION_CLEAR_SELECTION - null, AccessibilityAction: ACTION_ACCESSIBILITY_FOCUS - null, AccessibilityAction: ACTION_SHOW_ON_SCREEN - null]
11-01 01:33:52.725  9977 13715 I UIAutomatorStub: Skipping invisible child: android.view.accessibility.AccessibilityNodeInfo@b8ff; boundsInParent: Rect(0, 0 - 1080, 126); boundsInScreen: Rect(0, 1794 - 1080, 1920); packageName: com.german_software_engineers.trainerapp; className: android.view.View; text: null; error: null; maxTextLength: -1; contentDescription: null; tooltipText: null; viewIdResName: android:id/navigationBarBackground; checkable: false; checked: false; focusable: false; focused: false; selected: false; clickable: false; longClickable: false; contextClickable: false; enabled: true; password: false; scrollable: false; importantForAccessibility: false; visible: false; actions: [AccessibilityAction: ACTION_SELECT - null, AccessibilityAction: ACTION_CLEAR_SELECTION - null, AccessibilityAction: ACTION_ACCESSIBILITY_FOCUS - null, AccessibilityAction: ACTION_SHOW_ON_SCREEN - null]
11-01 01:33:52.726  9977 13715 I UIAutomatorStub: Fetch time: 1ms
11-01 01:33:53.025 16502 16616 I WorkerManager: dispose()
11-01 01:33:53.026 16502 16616 W A       : (REDACTED) Queue length for executor %s is now %d. Perhaps some tasks are too long, or the pool is too small.
11-01 01:33:53.162  1800  2437 E GnssHAL_GnssInterface: gnssSvStatusCb: a: input svInfo.flags is 8
11-01 01:33:53.162  1800  2437 E GnssHAL_GnssInterface: gnssSvStatusCb: b: input svInfo.flags is 8
11-01 01:33:53.610  2718  3676 E ActivityThread: Failed to find provider info for com.google.android.apps.wellbeing.api
11-01 01:33:54.165  1800  2437 E GnssHAL_GnssInterface: gnssSvStatusCb: a: input svInfo.flags is 8
11-01 01:33:54.165  1800  2437 E GnssHAL_GnssInterface: gnssSvStatusCb: b: input svInfo.flags is 8
11-01 01:33:54.611 13413 13508 W GoogleApiManager: ajsa could not execute call because it requires feature (get_storage_info_api, 1).
11-01 01:33:54.617  9977 13730 D UIAutomatorStub: URI: /jsonrpc/0, Method: POST, Header: {content-length=117, remote-addr=127.0.0.1, http-client-ip=127.0.0.1, host=localhost:9008, content-type=application/json, connection=close, accept-encoding=identity, user-agent=Python-urllib/3.7}, params, {NanoHttpd.QUERY_STRING=null}, files: {postData={"jsonrpc": "2.0", "method": "dumpWindowHierarchy", "id": "ccc8c2be47d757f4dd00d20dcd14b2d7", "params": [true, null]}}
11-01 01:33:54.627  9977 13730 I UIAutomatorStub: Skipping invisible child: android.view.accessibility.AccessibilityNodeInfo@bcc0; boundsInParent: Rect(0, 0 - 1080, 63); boundsInScreen: Rect(0, 0 - 1080, 63); packageName: com.german_software_engineers.trainerapp; className: android.view.View; text: null; error: null; maxTextLength: -1; contentDescription: null; tooltipText: null; viewIdResName: android:id/statusBarBackground; checkable: false; checked: false; focusable: false; focused: false; selected: false; clickable: false; longClickable: false; contextClickable: false; enabled: true; password: false; scrollable: false; importantForAccessibility: false; visible: false; actions: [AccessibilityAction: ACTION_SELECT - null, AccessibilityAction: ACTION_CLEAR_SELECTION - null, AccessibilityAction: ACTION_ACCESSIBILITY_FOCUS - null, AccessibilityAction: ACTION_SHOW_ON_SCREEN - null]
11-01 01:33:54.627  9977 13730 I UIAutomatorStub: Skipping invisible child: android.view.accessibility.AccessibilityNodeInfo@b8ff; boundsInParent: Rect(0, 0 - 1080, 126); boundsInScreen: Rect(0, 1794 - 1080, 1920); packageName: com.german_software_engineers.trainerapp; className: android.view.View; text: null; error: null; maxTextLength: -1; contentDescription: null; tooltipText: null; viewIdResName: android:id/navigationBarBackground; checkable: false; checked: false; focusable: false; focused: false; selected: false; clickable: false; longClickable: false; contextClickable: false; enabled: true; password: false; scrollable: false; importantForAccessibility: false; visible: false; actions: [AccessibilityAction: ACTION_SELECT - null, AccessibilityAction: ACTION_CLEAR_SELECTION - null, AccessibilityAction: ACTION_ACCESSIBILITY_FOCUS - null, AccessibilityAction: ACTION_SHOW_ON_SCREEN - null]
11-01 01:33:54.627  9977 13730 I UIAutomatorStub: Fetch time: 0ms
11-01 01:33:55.174  1800  2437 E GnssHAL_GnssInterface: gnssSvStatusCb: a: input svInfo.flags is 8
11-01 01:33:55.175  1800  2437 E GnssHAL_GnssInterface: gnssSvStatusCb: b: input svInfo.flags is 8
11-01 01:33:55.823 13568 13568 I Finsky:background: [2] sce.onDestroy(9): IPC-SERVER: Stopping gRPC host service...
11-01 01:33:55.826  2044  2070 E memtrack: Couldn't load memtrack module
11-01 01:33:55.826  2044  2070 W android.os.Debug: failed to get memory consumption info: -1
11-01 01:33:55.828  2044  2070 E memtrack: Couldn't load memtrack module
11-01 01:33:55.828  2044  2070 W android.os.Debug: failed to get memory consumption info: -1
11-01 01:33:55.831  2044  2070 E memtrack: Couldn't load memtrack module
11-01 01:33:55.831  2044  2070 W android.os.Debug: failed to get memory consumption info: -1
11-01 01:33:55.833  2044  2070 E memtrack: Couldn't load memtrack module
11-01 01:33:55.833  2044  2070 W android.os.Debug: failed to get memory consumption info: -1
11-01 01:33:55.836  2044  2070 E memtrack: Couldn't load memtrack module
11-01 01:33:55.836  2044  2070 W android.os.Debug: failed to get memory consumption info: -1
11-01 01:33:55.839  2044  2070 E memtrack: Couldn't load memtrack module
11-01 01:33:55.839  2044  2070 W android.os.Debug: failed to get memory consumption info: -1
11-01 01:33:56.179  1800  2437 E GnssHAL_GnssInterface: gnssSvStatusCb: a: input svInfo.flags is 8
11-01 01:33:56.179  1800  2437 E GnssHAL_GnssInterface: gnssSvStatusCb: b: input svInfo.flags is 8
11-01 01:33:56.378  2044  3448 W AppOps  : Noting op not finished: uid 10098 pkg com.google.android.gms code 79 time=1698816827906 duration=0
11-01 01:33:56.380  2044  3448 W AppOps  : Noting op not finished: uid 10098 pkg com.google.android.gms code 79 time=1698816836378 duration=0
11-01 01:33:56.382  2044  3448 W AppOps  : Noting op not finished: uid 10098 pkg com.google.android.gms code 79 time=1698816836380 duration=0
11-01 01:33:56.384  2044  3448 W AppOps  : Noting op not finished: uid 10098 pkg com.google.android.gms code 79 time=1698816836382 duration=0
11-01 01:33:56.386  2044  3448 W AppOps  : Noting op not finished: uid 10098 pkg com.google.android.gms code 79 time=1698816836384 duration=0
11-01 01:33:56.392  2044  3448 W AppOps  : Noting op not finished: uid 10098 pkg com.google.android.gms code 79 time=1698816836386 duration=0
11-01 01:33:56.410  2044  5645 W AppOps  : Noting op not finished: uid 10098 pkg com.google.android.gms code 79 time=1698816836392 duration=0
11-01 01:33:56.413  2044  3448 W AppOps  : Noting op not finished: uid 10098 pkg com.google.android.gms code 79 time=1698816836410 duration=0
11-01 01:33:56.416  2044  5645 W AppOps  : Noting op not finished: uid 10098 pkg com.google.android.gms code 79 time=1698816836413 duration=0
11-01 01:33:56.422  2044  2340 W AppOps  : Noting op not finished: uid 10098 pkg com.google.android.gms code 79 time=1698816836416 duration=0
11-01 01:33:56.562  9977 13748 D UIAutomatorStub: URI: /jsonrpc/0, Method: POST, Header: {content-length=117, remote-addr=127.0.0.1, http-client-ip=127.0.0.1, host=localhost:9008, content-type=application/json, connection=close, accept-encoding=identity, user-agent=Python-urllib/3.7}, params, {NanoHttpd.QUERY_STRING=null}, files: {postData={"jsonrpc": "2.0", "method": "dumpWindowHierarchy", "id": "afa94218f74e2a9b884be0338bc5b890", "params": [true, null]}}
11-01 01:33:56.570  9977 13748 I UIAutomatorStub: Skipping invisible child: android.view.accessibility.AccessibilityNodeInfo@bcc0; boundsInParent: Rect(0, 0 - 1080, 63); boundsInScreen: Rect(0, 0 - 1080, 63); packageName: com.german_software_engineers.trainerapp; className: android.view.View; text: null; error: null; maxTextLength: -1; contentDescription: null; tooltipText: null; viewIdResName: android:id/statusBarBackground; checkable: false; checked: false; focusable: false; focused: false; selected: false; clickable: false; longClickable: false; contextClickable: false; enabled: true; password: false; scrollable: false; importantForAccessibility: false; visible: false; actions: [AccessibilityAction: ACTION_SELECT - null, AccessibilityAction: ACTION_CLEAR_SELECTION - null, AccessibilityAction: ACTION_ACCESSIBILITY_FOCUS - null, AccessibilityAction: ACTION_SHOW_ON_SCREEN - null]
11-01 01:33:56.571  9977 13748 I UIAutomatorStub: Skipping invisible child: android.view.accessibility.AccessibilityNodeInfo@b8ff; boundsInParent: Rect(0, 0 - 1080, 126); boundsInScreen: Rect(0, 1794 - 1080, 1920); packageName: com.german_software_engineers.trainerapp; className: android.view.View; text: null; error: null; maxTextLength: -1; contentDescription: null; tooltipText: null; viewIdResName: android:id/navigationBarBackground; checkable: false; checked: false; focusable: false; focused: false; selected: false; clickable: false; longClickable: false; contextClickable: false; enabled: true; password: false; scrollable: false; importantForAccessibility: false; visible: false; actions: [AccessibilityAction: ACTION_SELECT - null, AccessibilityAction: ACTION_CLEAR_SELECTION - null, AccessibilityAction: ACTION_ACCESSIBILITY_FOCUS - null, AccessibilityAction: ACTION_SHOW_ON_SCREEN - null]
11-01 01:33:56.571  9977 13748 I UIAutomatorStub: Fetch time: 1ms
11-01 01:33:57.179  1800  2437 E GnssHAL_GnssInterface: gnssSvStatusCb: a: input svInfo.flags is 8
11-01 01:33:57.179  1800  2437 E GnssHAL_GnssInterface: gnssSvStatusCb: b: input svInfo.flags is 8
11-01 01:33:57.837  9977 13754 D UIAutomatorStub: URI: /jsonrpc/0, Method: POST, Header: {content-length=117, remote-addr=127.0.0.1, http-client-ip=127.0.0.1, host=localhost:9008, content-type=application/json, connection=close, accept-encoding=identity, user-agent=Python-urllib/3.7}, params, {NanoHttpd.QUERY_STRING=null}, files: {postData={"jsonrpc": "2.0", "method": "dumpWindowHierarchy", "id": "88941ecbe14c0fee295b19dd2d6b312d", "params": [true, null]}}
11-01 01:33:57.844  9977 13754 I UIAutomatorStub: Skipping invisible child: android.view.accessibility.AccessibilityNodeInfo@bcc0; boundsInParent: Rect(0, 0 - 1080, 63); boundsInScreen: Rect(0, 0 - 1080, 63); packageName: com.german_software_engineers.trainerapp; className: android.view.View; text: null; error: null; maxTextLength: -1; contentDescription: null; tooltipText: null; viewIdResName: android:id/statusBarBackground; checkable: false; checked: false; focusable: false; focused: false; selected: false; clickable: false; longClickable: false; contextClickable: false; enabled: true; password: false; scrollable: false; importantForAccessibility: false; visible: false; actions: [AccessibilityAction: ACTION_SELECT - null, AccessibilityAction: ACTION_CLEAR_SELECTION - null, AccessibilityAction: ACTION_ACCESSIBILITY_FOCUS - null, AccessibilityAction: ACTION_SHOW_ON_SCREEN - null]
11-01 01:33:57.844  9977 13754 I UIAutomatorStub: Skipping invisible child: android.view.accessibility.AccessibilityNodeInfo@b8ff; boundsInParent: Rect(0, 0 - 1080, 126); boundsInScreen: Rect(0, 1794 - 1080, 1920); packageName: com.german_software_engineers.trainerapp; className: android.view.View; text: null; error: null; maxTextLength: -1; contentDescription: null; tooltipText: null; viewIdResName: android:id/navigationBarBackground; checkable: false; checked: false; focusable: false; focused: false; selected: false; clickable: false; longClickable: false; contextClickable: false; enabled: true; password: false; scrollable: false; importantForAccessibility: false; visible: false; actions: [AccessibilityAction: ACTION_SELECT - null, AccessibilityAction: ACTION_CLEAR_SELECTION - null, AccessibilityAction: ACTION_ACCESSIBILITY_FOCUS - null, AccessibilityAction: ACTION_SHOW_ON_SCREEN - null]
11-01 01:33:57.844  9977 13754 I UIAutomatorStub: Fetch time: 1ms
11-01 01:33:58.186  1800  2437 E GnssHAL_GnssInterface: gnssSvStatusCb: a: input svInfo.flags is 8
11-01 01:33:58.186  1800  2437 E GnssHAL_GnssInterface: gnssSvStatusCb: b: input svInfo.flags is 8
11-01 01:33:58.942  1801  1801 D gralloc_ranchu: gralloc_alloc: Creating ashmem region of size 8298496
11-01 01:33:58.945  1682  1682 I hwservicemanager: getTransport: Cannot find entry android.hardware.graphics.mapper@3.0::IMapper/default in either framework or device manifest.
11-01 01:33:58.945 13755 13755 W Gralloc3: mapper 3.x is not supported
11-01 01:33:58.951 13755 13755 D HostConnection: createUnique: call
11-01 01:33:58.951 13755 13755 D HostConnection: HostConnection::get() New Host Connection established 0xf2f6fd70, tid 13755
11-01 01:33:58.955 13755 13755 D HostConnection: HostComposition ext ANDROID_EMU_CHECKSUM_HELPER_v1 ANDROID_EMU_native_sync_v2 ANDROID_EMU_native_sync_v3 ANDROID_EMU_native_sync_v4 ANDROID_EMU_dma_v1 ANDROID_EMU_direct_mem ANDROID_EMU_YUV420_888_to_NV21 ANDROID_EMU_YUV_Cache ANDROID_EMU_sync_buffer_data GL_OES_EGL_image_external_essl3 GL_OES_vertex_array_object GL_KHR_texture_compression_astc_ldr ANDROID_EMU_host_side_tracing ANDROID_EMU_gles_max_version_3_0 
11-01 01:33:58.955 13755 13755 D eglCodecCommon: allocate: Ask for block of size 0x1000
11-01 01:33:58.955 13755 13755 D eglCodecCommon: allocate: ioctl allocate returned offset 0x3ff803000 size 0x2000
11-01 01:33:58.972 13755 13755 D eglCodecCommon: allocate: Ask for block of size 0x7ea000
11-01 01:33:58.972 13755 13755 D eglCodecCommon: allocate: ioctl allocate returned offset 0x3fe825000 size 0x7eb000
11-01 01:33:59.085  9457 13763 I MediaProvider: Begin Intent { act=android.intent.action.MEDIA_SCANNER_SCAN_FILE dat=file:///sdcard/screen.png flg=0x1400010 cmp=com.android.providers.media/.MediaService }
11-01 01:33:59.093  9457 13763 W ExifInterface: Invalid image: ExifInterface got an unsupported image format file(ExifInterface supports JPEG and some RAW image formats only) or a corrupted JPEG file to ExifInterface.
11-01 01:33:59.093  9457 13763 W ExifInterface: java.io.IOException: Invalid byte order: ffff8950
11-01 01:33:59.093  9457 13763 W ExifInterface: 	at android.media.ExifInterface.readByteOrder(ExifInterface.java:3121)
11-01 01:33:59.093  9457 13763 W ExifInterface: 	at android.media.ExifInterface.isOrfFormat(ExifInterface.java:2437)
11-01 01:33:59.093  9457 13763 W ExifInterface: 	at android.media.ExifInterface.getMimeType(ExifInterface.java:2315)
11-01 01:33:59.093  9457 13763 W ExifInterface: 	at android.media.ExifInterface.loadAttributes(ExifInterface.java:1753)
11-01 01:33:59.093  9457 13763 W ExifInterface: 	at android.media.ExifInterface.<init>(ExifInterface.java:1447)
11-01 01:33:59.093  9457 13763 W ExifInterface: 	at com.android.providers.media.scan.ModernMediaScanner.scanItemImage(ModernMediaScanner.java:729)
11-01 01:33:59.093  9457 13763 W ExifInterface: 	at com.android.providers.media.scan.ModernMediaScanner.scanItem(ModernMediaScanner.java:502)
11-01 01:33:59.093  9457 13763 W ExifInterface: 	at com.android.providers.media.scan.ModernMediaScanner.access$500(ModernMediaScanner.java:118)
11-01 01:33:59.093  9457 13763 W ExifInterface: 	at com.android.providers.media.scan.ModernMediaScanner$Scan.visitFile(ModernMediaScanner.java:406)
11-01 01:33:59.093  9457 13763 W ExifInterface: 	at com.android.providers.media.scan.ModernMediaScanner$Scan.visitFile(ModernMediaScanner.java:207)
11-01 01:33:59.093  9457 13763 W ExifInterface: 	at java.nio.file.Files.walkFileTree(Files.java:2670)
11-01 01:33:59.093  9457 13763 W ExifInterface: 	at java.nio.file.Files.walkFileTree(Files.java:2742)
11-01 01:33:59.093  9457 13763 W ExifInterface: 	at com.android.providers.media.scan.ModernMediaScanner$Scan.walkFileTree(ModernMediaScanner.java:267)
11-01 01:33:59.093  9457 13763 W ExifInterface: 	at com.android.providers.media.scan.ModernMediaScanner$Scan.run(ModernMediaScanner.java:245)
11-01 01:33:59.093  9457 13763 W ExifInterface: 	at com.android.providers.media.scan.ModernMediaScanner.scanFile(ModernMediaScanner.java:174)
11-01 01:33:59.093  9457 13763 W ExifInterface: 	at com.android.providers.media.MediaService.onScanFile(MediaService.java:164)
11-01 01:33:59.093  9457 13763 W ExifInterface: 	at com.android.providers.media.MediaService.onHandleIntent(MediaService.java:90)
11-01 01:33:59.093  9457 13763 W ExifInterface: 	at android.app.IntentService$ServiceHandler.handleMessage(IntentService.java:78)
11-01 01:33:59.093  9457 13763 W ExifInterface: 	at android.os.Handler.dispatchMessage(Handler.java:107)
11-01 01:33:59.093  9457 13763 W ExifInterface: 	at android.os.Looper.loop(Looper.java:214)
11-01 01:33:59.093  9457 13763 W ExifInterface: 	at android.os.HandlerThread.run(HandlerThread.java:67)
11-01 01:33:59.098  9457 13763 I MediaProvider: End Intent { act=android.intent.action.MEDIA_SCANNER_SCAN_FILE dat=file:///sdcard/screen.png flg=0x1400010 cmp=com.android.providers.media/.MediaService }
11-01 01:33:59.103  2044  3448 I ActivityManager: Killing 10898:com.google.android.calendar/u0a116 (adj 985): empty #17
11-01 01:33:59.169  1780  1780 I Zygote  : Process 10898 exited due to signal 9 (Killed)
11-01 01:33:59.191  2044  2073 I libprocessgroup: Successfully killed process cgroup uid 10116 pid 10898 in 87ms
11-01 01:33:59.194  1800  2437 E GnssHAL_GnssInterface: gnssSvStatusCb: a: input svInfo.flags is 8
11-01 01:33:59.194  1800  2437 E GnssHAL_GnssInterface: gnssSvStatusCb: b: input svInfo.flags is 8
11-01 01:34:00.027  2213  2441 D EGL_emulation: eglMakeCurrent: 0xe0e1a4e0: ver 3 0 (tinfo 0xe0e0fa50)
11-01 01:34:00.195  1800  2437 E GnssHAL_GnssInterface: gnssSvStatusCb: a: input svInfo.flags is 8
11-01 01:34:00.195  1800  2437 E GnssHAL_GnssInterface: gnssSvStatusCb: b: input svInfo.flags is 8
11-01 01:34:01.202  1800  2437 E GnssHAL_GnssInterface: gnssSvStatusCb: a: input svInfo.flags is 8
11-01 01:34:01.202  1800  2437 E GnssHAL_GnssInterface: gnssSvStatusCb: b: input svInfo.flags is 8
11-01 01:34:01.305  9977 13767 D UIAutomatorStub: URI: /jsonrpc/0, Method: POST, Header: {content-length=117, remote-addr=127.0.0.1, http-client-ip=127.0.0.1, host=localhost:9008, content-type=application/json, connection=close, accept-encoding=identity, user-agent=Python-urllib/3.7}, params, {NanoHttpd.QUERY_STRING=null}, files: {postData={"jsonrpc": "2.0", "method": "dumpWindowHierarchy", "id": "5b1708b8da3ce0d853dc5d412e04d80d", "params": [true, null]}}
11-01 01:34:01.312  9977 13767 I UIAutomatorStub: Skipping invisible child: android.view.accessibility.AccessibilityNodeInfo@bcc0; boundsInParent: Rect(0, 0 - 1080, 63); boundsInScreen: Rect(0, 0 - 1080, 63); packageName: com.german_software_engineers.trainerapp; className: android.view.View; text: null; error: null; maxTextLength: -1; contentDescription: null; tooltipText: null; viewIdResName: android:id/statusBarBackground; checkable: false; checked: false; focusable: false; focused: false; selected: false; clickable: false; longClickable: false; contextClickable: false; enabled: true; password: false; scrollable: false; importantForAccessibility: false; visible: false; actions: [AccessibilityAction: ACTION_SELECT - null, AccessibilityAction: ACTION_CLEAR_SELECTION - null, AccessibilityAction: ACTION_ACCESSIBILITY_FOCUS - null, AccessibilityAction: ACTION_SHOW_ON_SCREEN - null]
11-01 01:34:01.312  9977 13767 I UIAutomatorStub: Skipping invisible child: android.view.accessibility.AccessibilityNodeInfo@b8ff; boundsInParent: Rect(0, 0 - 1080, 126); boundsInScreen: Rect(0, 1794 - 1080, 1920); packageName: com.german_software_engineers.trainerapp; className: android.view.View; text: null; error: null; maxTextLength: -1; contentDescription: null; tooltipText: null; viewIdResName: android:id/navigationBarBackground; checkable: false; checked: false; focusable: false; focused: false; selected: false; clickable: false; longClickable: false; contextClickable: false; enabled: true; password: false; scrollable: false; importantForAccessibility: false; visible: false; actions: [AccessibilityAction: ACTION_SELECT - null, AccessibilityAction: ACTION_CLEAR_SELECTION - null, AccessibilityAction: ACTION_ACCESSIBILITY_FOCUS - null, AccessibilityAction: ACTION_SHOW_ON_SCREEN - null]
11-01 01:34:01.312  9977 13767 I UIAutomatorStub: Fetch time: 1ms
11-01 01:34:02.209  1800  2437 E GnssHAL_GnssInterface: gnssSvStatusCb: a: input svInfo.flags is 8
11-01 01:34:02.209  1800  2437 E GnssHAL_GnssInterface: gnssSvStatusCb: b: input svInfo.flags is 8
11-01 01:34:02.554  9977 13771 D UIAutomatorStub: URI: /jsonrpc/0, Method: POST, Header: {content-length=117, remote-addr=127.0.0.1, http-client-ip=127.0.0.1, host=localhost:9008, content-type=application/json, connection=close, accept-encoding=identity, user-agent=Python-urllib/3.7}, params, {NanoHttpd.QUERY_STRING=null}, files: {postData={"jsonrpc": "2.0", "method": "dumpWindowHierarchy", "id": "904c285b56d366bfbcf31da9dbab9b15", "params": [true, null]}}
11-01 01:34:02.560  9977 13771 I UIAutomatorStub: Skipping invisible child: android.view.accessibility.AccessibilityNodeInfo@bcc0; boundsInParent: Rect(0, 0 - 1080, 63); boundsInScreen: Rect(0, 0 - 1080, 63); packageName: com.german_software_engineers.trainerapp; className: android.view.View; text: null; error: null; maxTextLength: -1; contentDescription: null; tooltipText: null; viewIdResName: android:id/statusBarBackground; checkable: false; checked: false; focusable: false; focused: false; selected: false; clickable: false; longClickable: false; contextClickable: false; enabled: true; password: false; scrollable: false; importantForAccessibility: false; visible: false; actions: [AccessibilityAction: ACTION_SELECT - null, AccessibilityAction: ACTION_CLEAR_SELECTION - null, AccessibilityAction: ACTION_ACCESSIBILITY_FOCUS - null, AccessibilityAction: ACTION_SHOW_ON_SCREEN - null]
11-01 01:34:02.560  9977 13771 I UIAutomatorStub: Skipping invisible child: android.view.accessibility.AccessibilityNodeInfo@b8ff; boundsInParent: Rect(0, 0 - 1080, 126); boundsInScreen: Rect(0, 1794 - 1080, 1920); packageName: com.german_software_engineers.trainerapp; className: android.view.View; text: null; error: null; maxTextLength: -1; contentDescription: null; tooltipText: null; viewIdResName: android:id/navigationBarBackground; checkable: false; checked: false; focusable: false; focused: false; selected: false; clickable: false; longClickable: false; contextClickable: false; enabled: true; password: false; scrollable: false; importantForAccessibility: false; visible: false; actions: [AccessibilityAction: ACTION_SELECT - null, AccessibilityAction: ACTION_CLEAR_SELECTION - null, AccessibilityAction: ACTION_ACCESSIBILITY_FOCUS - null, AccessibilityAction: ACTION_SHOW_ON_SCREEN - null]
11-01 01:34:02.560  9977 13771 I UIAutomatorStub: Fetch time: 1ms
11-01 01:34:03.212  1800  2437 E GnssHAL_GnssInterface: gnssSvStatusCb: a: input svInfo.flags is 8
11-01 01:34:03.212  1800  2437 E GnssHAL_GnssInterface: gnssSvStatusCb: b: input svInfo.flags is 8
11-01 01:34:03.814  9977 13775 D UIAutomatorStub: URI: /jsonrpc/0, Method: POST, Header: {content-length=117, remote-addr=127.0.0.1, http-client-ip=127.0.0.1, host=localhost:9008, content-type=application/json, connection=close, accept-encoding=identity, user-agent=Python-urllib/3.7}, params, {NanoHttpd.QUERY_STRING=null}, files: {postData={"jsonrpc": "2.0", "method": "dumpWindowHierarchy", "id": "7317a39764f54abcca0dcd569017da48", "params": [true, null]}}
11-01 01:34:03.821  9977 13775 I UIAutomatorStub: Skipping invisible child: android.view.accessibility.AccessibilityNodeInfo@bcc0; boundsInParent: Rect(0, 0 - 1080, 63); boundsInScreen: Rect(0, 0 - 1080, 63); packageName: com.german_software_engineers.trainerapp; className: android.view.View; text: null; error: null; maxTextLength: -1; contentDescription: null; tooltipText: null; viewIdResName: android:id/statusBarBackground; checkable: false; checked: false; focusable: false; focused: false; selected: false; clickable: false; longClickable: false; contextClickable: false; enabled: true; password: false; scrollable: false; importantForAccessibility: false; visible: false; actions: [AccessibilityAction: ACTION_SELECT - null, AccessibilityAction: ACTION_CLEAR_SELECTION - null, AccessibilityAction: ACTION_ACCESSIBILITY_FOCUS - null, AccessibilityAction: ACTION_SHOW_ON_SCREEN - null]
11-01 01:34:03.821  9977 13775 I UIAutomatorStub: Skipping invisible child: android.view.accessibility.AccessibilityNodeInfo@b8ff; boundsInParent: Rect(0, 0 - 1080, 126); boundsInScreen: Rect(0, 1794 - 1080, 1920); packageName: com.german_software_engineers.trainerapp; className: android.view.View; text: null; error: null; maxTextLength: -1; contentDescription: null; tooltipText: null; viewIdResName: android:id/navigationBarBackground; checkable: false; checked: false; focusable: false; focused: false; selected: false; clickable: false; longClickable: false; contextClickable: false; enabled: true; password: false; scrollable: false; importantForAccessibility: false; visible: false; actions: [AccessibilityAction: ACTION_SELECT - null, AccessibilityAction: ACTION_CLEAR_SELECTION - null, AccessibilityAction: ACTION_ACCESSIBILITY_FOCUS - null, AccessibilityAction: ACTION_SHOW_ON_SCREEN - null]
11-01 01:34:03.821  9977 13775 I UIAutomatorStub: Fetch time: 1ms
11-01 01:34:04.214  1800  2437 E GnssHAL_GnssInterface: gnssSvStatusCb: a: input svInfo.flags is 8
11-01 01:34:04.214  1800  2437 E GnssHAL_GnssInterface: gnssSvStatusCb: b: input svInfo.flags is 8
11-01 01:34:04.700 11079 13394 I ContentMaintenance: Internal cache bytes used: 0; limit: 100000000; download size: 0
11-01 01:34:04.711 11079 13394 I RealtimeCacheCleanup: Beginning Realtime garbage collection.
11-01 01:34:04.712 11079 13394 I RealtimeCacheCleanup: Finished Realtime garbage collection.
11-01 01:34:05.066  9977 13779 D UIAutomatorStub: URI: /jsonrpc/0, Method: POST, Header: {content-length=117, remote-addr=127.0.0.1, http-client-ip=127.0.0.1, host=localhost:9008, content-type=application/json, connection=close, accept-encoding=identity, user-agent=Python-urllib/3.7}, params, {NanoHttpd.QUERY_STRING=null}, files: {postData={"jsonrpc": "2.0", "method": "dumpWindowHierarchy", "id": "a98c0093af71b59912d164a7d4c176b5", "params": [true, null]}}
11-01 01:34:05.072  9977 13779 I UIAutomatorStub: Skipping invisible child: android.view.accessibility.AccessibilityNodeInfo@bcc0; boundsInParent: Rect(0, 0 - 1080, 63); boundsInScreen: Rect(0, 0 - 1080, 63); packageName: com.german_software_engineers.trainerapp; className: android.view.View; text: null; error: null; maxTextLength: -1; contentDescription: null; tooltipText: null; viewIdResName: android:id/statusBarBackground; checkable: false; checked: false; focusable: false; focused: false; selected: false; clickable: false; longClickable: false; contextClickable: false; enabled: true; password: false; scrollable: false; importantForAccessibility: false; visible: false; actions: [AccessibilityAction: ACTION_SELECT - null, AccessibilityAction: ACTION_CLEAR_SELECTION - null, AccessibilityAction: ACTION_ACCESSIBILITY_FOCUS - null, AccessibilityAction: ACTION_SHOW_ON_SCREEN - null]
11-01 01:34:05.072  9977 13779 I UIAutomatorStub: Skipping invisible child: android.view.accessibility.AccessibilityNodeInfo@b8ff; boundsInParent: Rect(0, 0 - 1080, 126); boundsInScreen: Rect(0, 1794 - 1080, 1920); packageName: com.german_software_engineers.trainerapp; className: android.view.View; text: null; error: null; maxTextLength: -1; contentDescription: null; tooltipText: null; viewIdResName: android:id/navigationBarBackground; checkable: false; checked: false; focusable: false; focused: false; selected: false; clickable: false; longClickable: false; contextClickable: false; enabled: true; password: false; scrollable: false; importantForAccessibility: false; visible: false; actions: [AccessibilityAction: ACTION_SELECT - null, AccessibilityAction: ACTION_CLEAR_SELECTION - null, AccessibilityAction: ACTION_ACCESSIBILITY_FOCUS - null, AccessibilityAction: ACTION_SHOW_ON_SCREEN - null]
11-01 01:34:05.072  9977 13779 I UIAutomatorStub: Fetch time: 1ms
11-01 01:34:05.219  1800  2437 E GnssHAL_GnssInterface: gnssSvStatusCb: a: input svInfo.flags is 8
11-01 01:34:05.219  1800  2437 E GnssHAL_GnssInterface: gnssSvStatusCb: b: input svInfo.flags is 8
11-01 01:34:06.227  1800  2437 E GnssHAL_GnssInterface: gnssSvStatusCb: a: input svInfo.flags is 8
11-01 01:34:06.227  1800  2437 E GnssHAL_GnssInterface: gnssSvStatusCb: b: input svInfo.flags is 8
11-01 01:34:06.335 13785 13785 D AndroidRuntime: >>>>>> START com.android.internal.os.RuntimeInit uid 2000 <<<<<<
11-01 01:34:06.321 13785 13785 W app_process: type=1400 audit(0.0:4024): avc: denied { read } for name="u:object_r:device_config_runtime_native_boot_prop:s0" dev="tmpfs" ino=874 scontext=u:r:shell:s0 tcontext=u:object_r:device_config_runtime_native_boot_prop:s0 tclass=file permissive=0
11-01 01:34:06.337 13785 13785 E libc    : Access denied finding property "persist.device_config.runtime_native_boot.enable_apex_image"
11-01 01:34:06.337 13785 13785 I AndroidRuntime: Using default boot image
11-01 01:34:06.337 13785 13785 E libc    : Access denied finding property "persist.device_config.runtime_native_boot.disable_lock_profiling"
11-01 01:34:06.337 13785 13785 I AndroidRuntime: Leaving lock profiling enabled
11-01 01:34:06.337 13785 13785 E libc    : Access denied finding property "persist.device_config.runtime_native_boot.enable_generational_cc"
11-01 01:34:06.385 13785 13785 D ICU     : Time zone APEX file found: /apex/com.android.tzdata/etc/icu/icu_tzdata.dat
11-01 01:34:06.388 13785 13785 W app_process: Unexpected CPU variant for X86 using defaults: x86
11-01 01:34:06.391 13785 13785 I app_process: The ClassLoaderContext is a special shared library.
11-01 01:34:06.403 13785 13785 W app_process: JNI RegisterNativeMethods: attempt to register 0 native methods for android.media.AudioAttributes
11-01 01:34:06.405 13785 13785 D AndroidRuntime: Calling main entry com.android.commands.monkey.Monkey
11-01 01:34:06.406 13785 13785 W Monkey  : args: [-p, com.german_software_engineers.trainerapp, -c, android.intent.category.LAUNCHER, 1]
11-01 01:34:06.407 13785 13785 W Monkey  :  arg: "-p"
11-01 01:34:06.408 13785 13785 W Monkey  :  arg: "com.german_software_engineers.trainerapp"
11-01 01:34:06.408 13785 13785 W Monkey  :  arg: "-c"
11-01 01:34:06.408 13785 13785 W Monkey  :  arg: "android.intent.category.LAUNCHER"
11-01 01:34:06.408 13785 13785 W Monkey  :  arg: "1"
11-01 01:34:06.408 13785 13785 W Monkey  : data="com.german_software_engineers.trainerapp"
11-01 01:34:06.408 13785 13785 W Monkey  : data="android.intent.category.LAUNCHER"
11-01 01:34:06.419  2044  2071 W BroadcastQueue: Skipping deliver [background] BroadcastRecord{7af4cc4 u-1 android.net.conn.CONNECTIVITY_CHANGE} to ReceiverList{29f97ad 13785 (unknown name)/2000/u-1 remote:a27bf56}: process gone or crashing
11-01 01:34:06.432  2044  3448 I ActivityTaskManager: START u0 {act=android.intent.action.MAIN cat=[android.intent.category.LAUNCHER] flg=0x10200000 cmp=com.german_software_engineers.trainerapp/.TrainingsSchedule} from uid 2000
11-01 01:34:06.432  2044  3448 W Binder  : Outgoing transactions from this process must be FLAG_ONEWAY
11-01 01:34:06.432  2044  3448 W Binder  : java.lang.Throwable
11-01 01:34:06.432  2044  3448 W Binder  : 	at android.os.BinderProxy.transact(BinderProxy.java:480)
11-01 01:34:06.432  2044  3448 W Binder  : 	at android.app.IActivityController$Stub$Proxy.activityStarting(IActivityController.java:273)
11-01 01:34:06.432  2044  3448 W Binder  : 	at com.android.server.wm.ActivityStarter.startActivity(ActivityStarter.java:794)
11-01 01:34:06.432  2044  3448 W Binder  : 	at com.android.server.wm.ActivityStarter.startActivity(ActivityStarter.java:583)
11-01 01:34:06.432  2044  3448 W Binder  : 	at com.android.server.wm.ActivityStarter.startActivityMayWait(ActivityStarter.java:1288)
11-01 01:34:06.432  2044  3448 W Binder  : 	at com.android.server.wm.ActivityStarter.execute(ActivityStarter.java:514)
11-01 01:34:06.432  2044  3448 W Binder  : 	at com.android.server.wm.ActivityTaskManagerService.startActivityAsUser(ActivityTaskManagerService.java:1058)
11-01 01:34:06.432  2044  3448 W Binder  : 	at com.android.server.wm.ActivityTaskManagerService.startActivityAsUser(ActivityTaskManagerService.java:1032)
11-01 01:34:06.432  2044  3448 W Binder  : 	at com.android.server.am.ActivityManagerService.startActivityAsUser(ActivityManagerService.java:3504)
11-01 01:34:06.432  2044  3448 W Binder  : 	at android.app.IActivityManager$Stub.onTransact(IActivityManager.java:3537)
11-01 01:34:06.432  2044  3448 W Binder  : 	at com.android.server.am.ActivityManagerService.onTransact(ActivityManagerService.java:2741)
11-01 01:34:06.432  2044  3448 W Binder  : 	at android.os.Binder.execTransactInternal(Binder.java:1021)
11-01 01:34:06.432  2044  3448 W Binder  : 	at android.os.Binder.execTransact(Binder.java:994)
11-01 01:34:06.437 13785 13785 I Monkey  : Events injected: 1
11-01 01:34:06.438  2044  2044 V SettingsProvider: Notifying for 0: content://settings/system/accelerometer_rotation
11-01 01:34:06.440  2044  2044 V SettingsProvider: Notifying for 0: content://settings/system/user_rotation
11-01 01:34:06.442  2044  2044 V SettingsProvider: Notifying for 0: content://settings/system/accelerometer_rotation
11-01 01:34:06.444  2044  2065 W InputReader: Device has associated, but no associated display id.
11-01 01:34:06.444  2044  2065 I chatty  : uid=1000(system) android.display identical 8 lines
11-01 01:34:06.444  2044  2065 W InputReader: Device has associated, but no associated display id.
11-01 01:34:06.444 13785 13785 I Monkey  : ## Network stats: elapsed time=12ms (0ms mobile, 0ms wifi, 12ms not connected)
11-01 01:34:06.445 13785 13785 I app_process: System.exit called, status: 0
11-01 01:34:06.445 13785 13785 I AndroidRuntime: VM exiting with result code 0.
11-01 01:34:07.230  1800  2437 E GnssHAL_GnssInterface: gnssSvStatusCb: a: input svInfo.flags is 8
11-01 01:34:07.230  1800  2437 E GnssHAL_GnssInterface: gnssSvStatusCb: b: input svInfo.flags is 8
11-01 01:34:08.240  1800  2437 E GnssHAL_GnssInterface: gnssSvStatusCb: a: input svInfo.flags is 8
11-01 01:34:08.240  1800  2437 E GnssHAL_GnssInterface: gnssSvStatusCb: b: input svInfo.flags is 8
11-01 01:34:09.120  2044  2070 E memtrack: Couldn't load memtrack module
11-01 01:34:09.120  2044  2070 W android.os.Debug: failed to get memory consumption info: -1
11-01 01:34:09.248  1800  2437 E GnssHAL_GnssInterface: gnssSvStatusCb: a: input svInfo.flags is 8
11-01 01:34:09.248  1800  2437 E GnssHAL_GnssInterface: gnssSvStatusCb: b: input svInfo.flags is 8
11-01 01:34:09.708 10653 10653 D BoundBrokerSvc: onUnbind: Intent { act=com.google.android.gms.phenotype.service.START pkg=com.google.android.gms }
11-01 01:34:10.257  1800  2437 E GnssHAL_GnssInterface: gnssSvStatusCb: a: input svInfo.flags is 8
11-01 01:34:10.257  1800  2437 E GnssHAL_GnssInterface: gnssSvStatusCb: b: input svInfo.flags is 8
11-01 01:34:11.262  1800  2437 E GnssHAL_GnssInterface: gnssSvStatusCb: a: input svInfo.flags is 8
11-01 01:34:11.262  1800  2437 E GnssHAL_GnssInterface: gnssSvStatusCb: b: input svInfo.flags is 8
11-01 01:34:12.263  1800  2437 E GnssHAL_GnssInterface: gnssSvStatusCb: a: input svInfo.flags is 8
