--------- beginning of main
11-01 01:33:30.010  1800  2437 E GnssHAL_GnssInterface: gnssSvStatusCb: a: input svInfo.flags is 8
11-01 01:33:30.010  1800  2437 E GnssHAL_GnssInterface: gnssSvStatusCb: b: input svInfo.flags is 8
11-01 01:33:31.021  1800  2437 E GnssHAL_GnssInterface: gnssSvStatusCb: a: input svInfo.flags is 8
11-01 01:33:31.021  1800  2437 E GnssHAL_GnssInterface: gnssSvStatusCb: b: input svInfo.flags is 8
11-01 01:33:32.030  1800  2437 E GnssHAL_GnssInterface: gnssSvStatusCb: a: input svInfo.flags is 8
11-01 01:33:32.030  1800  2437 E GnssHAL_GnssInterface: gnssSvStatusCb: b: input svInfo.flags is 8
--------- beginning of system
11-01 01:33:32.566  2044  2071 I ActivityManager: Force stopping com.german_software_engineers.trainerapp appid=10166 user=-1: deletePackageX
11-01 01:33:32.567  2044  2071 I ActivityManager: Killing 9521:com.german_software_engineers.trainerapp/u0a166 (adj 0): stop com.german_software_engineers.trainerapp
11-01 01:33:32.572  2044  2071 W ActivityTaskManager: Force removing ActivityRecord{2d17d64 u0 com.german_software_engineers.trainerapp/.ScheduleView.GeneralTrainingScheduleEditor t67 f}: app died, no saved state
11-01 01:33:32.577  2044  2071 W InputReader: Device has associated, but no associated display id.
11-01 01:33:32.582  2044  2071 W ActivityTaskManager: Force removing ActivityRecord{7e93057 u0 com.german_software_engineers.trainerapp/.TrainingsSchedule t67 f}: app died, no saved state
11-01 01:33:32.584  2044  2071 W ActivityTaskManager: Force removing ActivityRecord{9a5c7ca u0 com.german_software_engineers.trainerapp/.TrainingsSchedule t67 f}: app died, no saved state
11-01 01:33:32.578  2044  2071 I chatty  : uid=1000(system) ActivityManager identical 8 lines
11-01 01:33:32.578  2044  2071 W InputReader: Device has associated, but no associated display id.
11-01 01:33:32.674  1780  1780 I Zygote  : Process 9521 exited due to signal 9 (Killed)
11-01 01:33:32.688  1861  1861 I keystore: clear_uid 10166
11-01 01:33:32.688  2044  2071 W InputReader: Device has associated, but no associated display id.
11-01 01:33:32.698  2044  2063 W Looper  : Slow dispatch took 131ms android.ui h=com.android.server.am.ActivityManagerService$UiHandler c=null m=53
11-01 01:33:32.688  2044  2071 I chatty  : uid=1000(system) ActivityManager identical 8 lines
11-01 01:33:32.688  2044  2071 W InputReader: Device has associated, but no associated display id.
11-01 01:33:32.704  2044  2085 E PermissionMonitor: unknown permission type: -1for uid: 10166
11-01 01:33:32.705  2044  2065 W ActivityManager: setHasOverlayUi called on unknown pid: 9521
11-01 01:33:32.706  2044  2073 I libprocessgroup: Successfully killed process cgroup uid 10166 pid 9521 in 135ms
11-01 01:33:32.709  1779  1779 I netd    : trafficSetNetPermForUids(-1, [10166]) <0.90ms>
11-01 01:33:32.710  2044  2085 I system_server: Waiting for a blocking GC Explicit
11-01 01:33:32.729  2044  2937 W LaunchParamsPersister: Failed to delete /data/system_ce/0/launch_params/com.german_software_engineers.trainerapp_.TrainingsSchedule.xml
11-01 01:33:32.765  1801  1801 D gralloc_ranchu: gralloc_alloc: Creating ashmem region of size 8298496
11-01 01:33:32.773  1801  1801 I chatty  : uid=1000(system) allocator@2.0-s identical 1 line
11-01 01:33:32.773  1801  1801 D gralloc_ranchu: gralloc_alloc: Creating ashmem region of size 8298496
11-01 01:33:32.785  2718  3443 D EGL_emulation: eglMakeCurrent: 0xe0e1aa80: ver 3 0 (tinfo 0xe0e0f620)
11-01 01:33:32.786  2044  2085 I system_server: WaitForGcToComplete blocked Explicit on HeapTrim for 76.123ms
11-01 01:33:32.856  2044  2044 W ActivityManager: Unable to start service Intent { act=android.service.appprediction.AppPredictionService cmp=com.google.android.as/com.google.android.apps.miphone.aiai.app.AiAiPredictionService } U=0: not found
11-01 01:33:32.856  2044  2044 W RemoteAppPredictionService: could not bind to Intent { act=android.service.appprediction.AppPredictionService cmp=com.google.android.as/com.google.android.apps.miphone.aiai.app.AiAiPredictionService } using flags 67108865
11-01 01:33:32.863  2213  2441 D EGL_emulation: eglMakeCurrent: 0xe0e1a4e0: ver 3 0 (tinfo 0xe0e0fa50)
11-01 01:33:32.871 16801 16801 I PhenotypeExpConfig: refreshConfiguration() : Force = false : UpdateAvailable = false : Age = 7 minutes : MaxAge = 720 minutes
11-01 01:33:32.871 16801 16801 I AndroidIME: DummyIme.onDeactivate()
11-01 01:33:32.873  1801  1801 D gralloc_ranchu: gralloc_alloc: Creating ashmem region of size 8298496
11-01 01:33:32.878  1801  1801 I chatty  : uid=1000(system) allocator@2.0-s identical 1 line
11-01 01:33:32.880  1801  1801 D gralloc_ranchu: gralloc_alloc: Creating ashmem region of size 8298496
11-01 01:33:32.886 16502 20879 D EGL_emulation: eglMakeCurrent: 0xf4154580: ver 3 0 (tinfo 0xbcfa41e0)
11-01 01:33:32.891 16801 17248 D EGL_emulation: eglMakeCurrent: 0xf417f8e0: ver 3 0 (tinfo 0xc63b8f00)
11-01 01:33:32.915 11079 11079 D BoundBrokerSvc: onBind: Intent { act=com.google.android.gms.inappreach.service.START dat=chimera-action: cmp=com.google.android.gms/.chimera.GmsApiService }
11-01 01:33:32.915 11079 11079 D BoundBrokerSvc: Loading bound service for intent: Intent { act=com.google.android.gms.inappreach.service.START dat=chimera-action: cmp=com.google.android.gms/.chimera.GmsApiService }
11-01 01:33:32.963 16502 16616 I A       : getLocaleToModelSpecsMap
11-01 01:33:32.964 16502 16638 W CorpusConfigHelper: Invalid input from icing corpus JSON flag.
11-01 01:33:32.964 16502 16638 W CorpusConfigHelper: android.util.MalformedJsonException: Use JsonReader.setLenient(true) to accept malformed JSON at line 123 column 2
11-01 01:33:32.964 16502 16638 W CorpusConfigHelper: 	at android.util.JsonReader.syntaxError(JsonReader.java:1162)
11-01 01:33:32.964 16502 16638 W CorpusConfigHelper: 	at android.util.JsonReader.checkLenient(JsonReader.java:840)
11-01 01:33:32.964 16502 16638 W CorpusConfigHelper: 	at android.util.JsonReader.nextInArray(JsonReader.java:615)
11-01 01:33:32.964 16502 16638 W CorpusConfigHelper: 	at android.util.JsonReader.peek(JsonReader.java:345)
11-01 01:33:32.964 16502 16638 W CorpusConfigHelper: 	at android.util.JsonReader.hasNext(JsonReader.java:321)
11-01 01:33:32.964 16502 16638 W CorpusConfigHelper: 	at com.google.android.apps.gsa.searchbox.c.b.b.k.c(PG:7)
11-01 01:33:32.964 16502 16638 W CorpusConfigHelper: 	at com.google.android.apps.gsa.searchbox.c.b.b.k.<init>(PG:5)
11-01 01:33:32.964 16502 16638 W CorpusConfigHelper: 	at com.google.android.apps.gsa.staticplugins.searchboxroot.features.n.a.c.<init>(PG:16)
11-01 01:33:32.964 16502 16638 W CorpusConfigHelper: 	at com.google.android.apps.gsa.staticplugins.searchboxroot.b.a(PG:14)
11-01 01:33:32.964 16502 16638 W CorpusConfigHelper: 	at com.google.android.apps.gsa.staticplugins.searchboxroot.x.<init>(PG:7)
11-01 01:33:32.964 16502 16638 W CorpusConfigHelper: 	at com.google.android.apps.gsa.binaries.velvet.app.ajr.b(PG:17)
11-01 01:33:32.964 16502 16638 W CorpusConfigHelper: 	at dagger.a.e.b(PG:1)
11-01 01:33:32.964 16502 16638 W CorpusConfigHelper: 	at com.google.android.apps.gsa.staticplugins.searchboxroot.a.a.a(PG:3)
11-01 01:33:32.964 16502 16638 W CorpusConfigHelper: 	at com.google.android.apps.gsa.binaries.velvet.app.pa.a(Unknown Source:1831)
11-01 01:33:32.964 16502 16638 W CorpusConfigHelper: 	at com.google.android.apps.gsa.binaries.velvet.app.pa.b(PG:42)
11-01 01:33:32.964 16502 16638 W CorpusConfigHelper: 	at com.google.android.apps.gsa.search.core.service.g.a.c.a(PG:2)
11-01 01:33:32.964 16502 16638 W CorpusConfigHelper: 	at com.google.android.libraries.gsa.k.a.f.a(PG:2)
11-01 01:33:32.964 16502 16638 W CorpusConfigHelper: 	at com.google.common.util.concurrent.dz.a(PG:1)
11-01 01:33:32.964 16502 16638 W CorpusConfigHelper: 	at com.google.common.util.concurrent.cw.run(PG:4)
11-01 01:33:32.964 16502 16638 W CorpusConfigHelper: 	at com.google.common.util.concurrent.eb.run(PG:1)
11-01 01:33:32.964 16502 16638 W CorpusConfigHelper: 	at com.google.android.libraries.i.x.run(PG:1)
11-01 01:33:32.964 16502 16638 W CorpusConfigHelper: 	at java.util.concurrent.ThreadPoolExecutor.runWorker(ThreadPoolExecutor.java:1167)
11-01 01:33:32.964 16502 16638 W CorpusConfigHelper: 	at java.util.concurrent.ThreadPoolExecutor$Worker.run(ThreadPoolExecutor.java:641)
11-01 01:33:32.964 16502 16638 W CorpusConfigHelper: 	at com.google.android.libraries.i.g.run(PG:2)
11-01 01:33:32.964 16502 16638 W CorpusConfigHelper: 	at java.lang.Thread.run(Thread.java:919)
11-01 01:33:32.964 16502 16638 W CorpusConfigHelper: 	at com.google.android.libraries.i.ag.run(PG:5)
11-01 01:33:32.965 16502 16616 W A       : (REDACTED) Queue length for executor %s is now %d. Perhaps some tasks are too long, or the pool is too small.
11-01 01:33:32.974 16502 16616 I A       : getLocaleToModelSpecsMap
11-01 01:33:32.996 16502 16616 I A       : (REDACTED) R.bool.is_tablet is %b
11-01 01:33:32.998 10653 10653 D BoundBrokerSvc: onBind: Intent { act=com.google.android.gms.phenotype.service.START dat=chimera-action: cmp=com.google.android.gms/.chimera.PersistentApiService }
11-01 01:33:32.998 10653 10653 D BoundBrokerSvc: Loading bound service for intent: Intent { act=com.google.android.gms.phenotype.service.START dat=chimera-action: cmp=com.google.android.gms/.chimera.PersistentApiService }
11-01 01:33:33.014 10653 10689 E bkaa    : Phenotype API error. Event # dkqx@b2d02512, EventCode: 5 [CONTEXT service_id=51 ]
11-01 01:33:33.014 10653 10689 E bkaa    : bjzc: 29501: Stale snapshot for com.google.android.gms.inappreach#com.google.android.gms(change count changed - expected 3  but was 2)
11-01 01:33:33.014 10653 10689 E bkaa    : 	at bkaf.b(:com.google.android.gms@230914031@23.09.14 (100700-515650844):14)
11-01 01:33:33.014 10653 10689 E bkaa    : 	at bkad.g(:com.google.android.gms@230914031@23.09.14 (100700-515650844):0)
11-01 01:33:33.014 10653 10689 E bkaa    : 	at bkaa.e(:com.google.android.gms@230914031@23.09.14 (100700-515650844):4)
11-01 01:33:33.014 10653 10689 E bkaa    : 	at bkaa.f(:com.google.android.gms@230914031@23.09.14 (100700-515650844):2)
11-01 01:33:33.014 10653 10689 E bkaa    : 	at auod.eu(:com.google.android.gms@230914031@23.09.14 (100700-515650844):1)
11-01 01:33:33.014 10653 10689 E bkaa    : 	at auoj.run(:com.google.android.gms@230914031@23.09.14 (100700-515650844):12)
11-01 01:33:33.014 10653 10689 E bkaa    : 	at cpmz.run(:com.google.android.gms@230914031@23.09.14 (100700-515650844):2)
11-01 01:33:33.014 10653 10689 E bkaa    : 	at acit.c(:com.google.android.gms@230914031@23.09.14 (100700-515650844):6)
11-01 01:33:33.014 10653 10689 E bkaa    : 	at acit.run(:com.google.android.gms@230914031@23.09.14 (100700-515650844):7)
11-01 01:33:33.014 10653 10689 E bkaa    : 	at java.util.concurrent.ThreadPoolExecutor.runWorker(ThreadPoolExecutor.java:1167)
11-01 01:33:33.014 10653 10689 E bkaa    : 	at java.util.concurrent.ThreadPoolExecutor$Worker.run(ThreadPoolExecutor.java:641)
11-01 01:33:33.014 10653 10689 E bkaa    : 	at acnz.run(:com.google.android.gms@230914031@23.09.14 (100700-515650844):0)
11-01 01:33:33.014 10653 10689 E bkaa    : 	at java.lang.Thread.run(Thread.java:919)
11-01 01:33:33.015 10653 10689 W AsyncOperation: operation=CommitToConfigurationOperationCall, opStatusCode=29501 [CONTEXT service_id=51 ]
11-01 01:33:33.015 10653 10689 W AsyncOperation: OperationException[Status{statusCode=Stale snapshot for com.google.android.gms.inappreach#com.google.android.gms(change count changed - expected 3  but was 2), resolution=null}]
11-01 01:33:33.015 10653 10689 W AsyncOperation: 	at bkaa.e(:com.google.android.gms@230914031@23.09.14 (100700-515650844):6)
11-01 01:33:33.015 10653 10689 W AsyncOperation: 	at bkaa.f(:com.google.android.gms@230914031@23.09.14 (100700-515650844):2)
11-01 01:33:33.015 10653 10689 W AsyncOperation: 	at auod.eu(:com.google.android.gms@230914031@23.09.14 (100700-515650844):1)
11-01 01:33:33.015 10653 10689 W AsyncOperation: 	at auoj.run(:com.google.android.gms@230914031@23.09.14 (100700-515650844):12)
11-01 01:33:33.015 10653 10689 W AsyncOperation: 	at cpmz.run(:com.google.android.gms@230914031@23.09.14 (100700-515650844):2)
11-01 01:33:33.015 10653 10689 W AsyncOperation: 	at acit.c(:com.google.android.gms@230914031@23.09.14 (100700-515650844):6)
11-01 01:33:33.015 10653 10689 W AsyncOperation: 	at acit.run(:com.google.android.gms@230914031@23.09.14 (100700-515650844):7)
11-01 01:33:33.015 10653 10689 W AsyncOperation: 	at java.util.concurrent.ThreadPoolExecutor.runWorker(ThreadPoolExecutor.java:1167)
11-01 01:33:33.015 10653 10689 W AsyncOperation: 	at java.util.concurrent.ThreadPoolExecutor$Worker.run(ThreadPoolExecutor.java:641)
11-01 01:33:33.015 10653 10689 W AsyncOperation: 	at acnz.run(:com.google.android.gms@230914031@23.09.14 (100700-515650844):0)
11-01 01:33:33.015 10653 10689 W AsyncOperation: 	at java.lang.Thread.run(Thread.java:919)
11-01 01:33:33.017 11079 11233 W MobStoreFlagStore: Failed to commit due to stale snapshot for com.google.android.gms.inappreach#com.google.android.gms, triggering flag update. Experiments may be delayed til next app start.
11-01 01:33:33.034 11079 11233 I Icing   : IndexChimeraService.getServiceInterface callingPackage=com.google.android.googlequicksearchbox componentName=null serviceId=36
11-01 01:33:33.035  1800  2437 E GnssHAL_GnssInterface: gnssSvStatusCb: a: input svInfo.flags is 8
11-01 01:33:33.035  1800  2437 E GnssHAL_GnssInterface: gnssSvStatusCb: b: input svInfo.flags is 8
11-01 01:33:33.045 16502 16616 I MicroDetectionState: (REDACTED) #takeChangeMicroDetectorMode [mIsBargeInEnabled: %b, mCurrentDetectionMode: %s]
11-01 01:33:33.045 16502 16616 I MicroDetectionState: (REDACTED) Should stop hotword detection immediately - %b
11-01 01:33:33.045 16502 16616 I A       : getLocaleToModelSpecsMap
11-01 01:33:33.045 16502 16616 I A       : getLocaleToModelSpecsMap
11-01 01:33:33.062 11079 11110 W Icing   : Package com.google.android.googlequicksearchbox targets Android P and isn't allowed to use AppDataSearch indexing API
11-01 01:33:33.069 16502 16638 W A       : (REDACTED) ClientFileGroup for Locale %s is empty.
11-01 01:33:33.070 16502 16638 I A       : (REDACTED) group %s not present %s in %s
11-01 01:33:33.074 16502 16638 I A       : (REDACTED) incrementApaDataDownloadStoreStatus(latency = %s, appVersion = %s, status = %s, locale = %s, fileGroupnames = %s, accountScoped = %s, localGroupsAvailable = %s, timeSinceSearchBoot = %s (%s), timeSinceDataDownloadInit = %s (%s))
11-01 01:33:33.079 16502 16625 I A       : (REDACTED) incrementApaDataDownloadStoreStatusNotFound(appVersion = %s, locale = %s, groupName = %s, accountScoped = %s, foundGroups = %s, status = %s, localGroupsAvailable = %s, freeBytes = %s)
11-01 01:33:33.082 16502 16625 I A       : (REDACTED) incrementApaDataDownloadStoreExtendedStatusNotFound(appVersion = %s, locale = %s, groupName = %s, accountScoped = %s, foundGroups = %s, pendingFilegroup = %s, localGroupsAvailable = %s, freeBytes = %s, totalBytes = %s, availableSpace = %s, fractionSpace = %s, workProfile = %s)
11-01 01:33:33.084 10653 10653 D BoundBrokerSvc: onBind: Intent { act=com.google.android.gms.icing.LIGHTWEIGHT_INDEX_SERVICE dat=chimera-action: cmp=com.google.android.gms/.chimera.PersistentApiService }
11-01 01:33:33.084 10653 10653 D BoundBrokerSvc: Loading bound service for intent: Intent { act=com.google.android.gms.icing.LIGHTWEIGHT_INDEX_SERVICE dat=chimera-action: cmp=com.google.android.gms/.chimera.PersistentApiService }
11-01 01:33:33.101 11079 11079 D BoundBrokerSvc: onBind: Intent { act=com.google.android.gms.feedback.internal.IFeedbackService dat=chimera-action: cmp=com.google.android.gms/.chimera.GmsBoundBrokerService }
11-01 01:33:33.101 11079 11079 D BoundBrokerSvc: Loading bound service for intent: Intent { act=com.google.android.gms.feedback.internal.IFeedbackService dat=chimera-action: cmp=com.google.android.gms/.chimera.GmsBoundBrokerService }
11-01 01:33:33.112 11079 11110 I Icing   : Usage reports ok 0, Failed Usage reports 0, indexed 0, rejected 0
11-01 01:33:33.128 11079 11129 I Icing   : IndexChimeraService.getServiceInterface callingPackage=com.google.android.gms componentName=null serviceId=30
11-01 01:33:33.140 11079 11110 I Icing   : Usage reports ok 0, Failed Usage reports 0, indexed 0, rejected 0
11-01 01:33:33.167  2044  2085 I system_server: Explicit concurrent copying GC freed 36306(1702KB) AllocSpace objects, 9(180KB) LOS objects, 25% free, 17MB/23MB, paused 1.839ms total 380.576ms
11-01 01:33:33.172  2044  2085 I ActivityManager: Force stopping com.german_software_engineers.trainerapp appid=10166 user=0: pkg removed
11-01 01:33:33.188  2044  2085 E HistoricalRegistry: Interaction before persistence initialized
11-01 01:33:33.195  2044  2044 I RoleManagerService: Granting default permissions...
11-01 01:33:33.200 15392 15392 I GsaVoiceInteractionSrv: (REDACTED) O received %s
11-01 01:33:33.201  2044  2071 W BroadcastQueue: Background execution not allowed: receiving Intent { act=android.intent.action.PACKAGE_REMOVED dat=package:com.german_software_engineers.trainerapp flg=0x4000010 (has extras) } to com.android.musicfx/.Compatibility$Receiver
11-01 01:33:33.201  2044  2071 W BroadcastQueue: Background execution not allowed: receiving Intent { act=android.intent.action.PACKAGE_REMOVED dat=package:com.german_software_engineers.trainerapp flg=0x4000010 (has extras) } to com.android.vending/com.google.android.finsky.packagemonitor.impl.PackageMonitorReceiverImpl$RegisteredReceiver
11-01 01:33:33.201  2044  2071 W BroadcastQueue: Background execution not allowed: receiving Intent { act=android.intent.action.PACKAGE_REMOVED dat=package:com.german_software_engineers.trainerapp flg=0x4000010 (has extras) } to com.android.vending/com.google.android.finsky.packagemonitor.backgroundimpl.BackgroundPackageMonitorReceiverImpl$RegisteredReceiver
11-01 01:33:33.201  2044  2071 W BroadcastQueue: Background execution not allowed: receiving Intent { act=android.intent.action.PACKAGE_REMOVED dat=package:com.german_software_engineers.trainerapp flg=0x4000010 (has extras) } to com.android.vending/com.google.android.finsky.instantapps.appmanagement.InstantAppRemoveMonitor
11-01 01:33:33.203  2044  2071 W BroadcastQueue: Background execution not allowed: receiving Intent { act=android.intent.action.PACKAGE_REMOVED dat=package:com.german_software_engineers.trainerapp flg=0x4000010 (has extras) } to com.google.android.gms/.games.chimera.GamesSystemBroadcastReceiverProxy
11-01 01:33:33.203  2044  2071 W BroadcastQueue: Background execution not allowed: receiving Intent { act=android.intent.action.PACKAGE_REMOVED dat=package:com.german_software_engineers.trainerapp flg=0x4000010 (has extras) } to com.google.android.gms/.chimera.GmsIntentOperationService$PersistentTrustedReceiver
11-01 01:33:33.203  2044  2071 W BroadcastQueue: Background execution not allowed: receiving Intent { act=android.intent.action.PACKAGE_REMOVED dat=package:com.german_software_engineers.trainerapp flg=0x4000010 (has extras) } to com.google.android.googlequicksearchbox/com.google.android.apps.gsa.googlequicksearchbox.GelStubAppWatcher
11-01 01:33:33.206  6112  6112 I abb     : StartCommandInProcess(73657474696e67730067657400656e61 settings.get.ena [truncated])
11-01 01:33:33.222  6112  6112 I abb     : StartCommandInProcess(7061636b61676500696e7374616c6c00 package.install. [truncated])
11-01 01:33:33.223  4263  4263 E CarrierServices: [2] cqf.a: Invalid signature found for com.android.contacts: 18B66F4996F3D01CEAD29D3A3AA81801E7950B82
11-01 01:33:33.237  4263  4263 E CarrierServices: [2] cqf.a: Invalid signature found for com.android.contacts: 18B66F4996F3D01CEAD29D3A3AA81801E7950B82
11-01 01:33:33.201  2044  2044 W Binder:2044_12: type=1400 audit(0.0:4005): avc: denied { getopt } for scontext=u:r:system_server:s0 tcontext=u:r:shell:s0 tclass=unix_stream_socket permissive=0
11-01 01:33:33.243  2044  2139 I InputReader: Reconfiguring input devices.  changes=0x00000010
11-01 01:33:33.247  2044  2062 E PackageManager: failed to find package com.german_software_engineers.trainerapp
11-01 01:33:33.247  2044  2062 E OverlayManager: Failed to change enabled overlays for com.german_software_engineers.trainerapp user 0
11-01 01:33:33.269  1779  1779 I netd    : trafficSwapActiveStatsMap() <44.76ms>
11-01 01:33:33.279  1780  1780 D Zygote  : Forked child process 13302
11-01 01:33:33.280  2044  2072 W ActivityManager: Slow operation: 68ms so far, now at startProcess: returned from zygote!
11-01 01:33:33.280  2044  2072 W ActivityManager: Slow operation: 69ms so far, now at startProcess: done updating battery stats
11-01 01:33:33.280  2044  2072 W ActivityManager: Slow operation: 69ms so far, now at startProcess: building log message
11-01 01:33:33.280  2044  2072 I ActivityManager: Start proc 13302:com.android.chrome/u0a113 for broadcast {com.android.chrome/org.chromium.chrome.browser.browserservices.ClientAppBroadcastReceiver}
11-01 01:33:33.280  2044  2072 W ActivityManager: Slow operation: 69ms so far, now at startProcess: starting to update pids map
11-01 01:33:33.280  2044  2072 W ActivityManager: Slow operation: 69ms so far, now at startProcess: done updating pids map
11-01 01:33:33.281  2044  2072 W ActivityManager: Slow operation: 57ms so far, now at startProcess: asking zygote to start proc
11-01 01:33:33.286  2044  2152 D WifiConfigManager: Remove all networks for app ApplicationInfo{4289468 com.german_software_engineers.trainerapp}
11-01 01:33:33.299 11079 11098 I gle.android.gm: Waiting for a blocking GC ProfileSaver
11-01 01:33:33.303  1779  1779 I netd    : tetherGetStats() <31.05ms>
11-01 01:33:33.304 10653 13298 I Fitness : (REDACTED) FitCleanupIntentOperation received Intent %s
11-01 01:33:33.308  2453  2453 D CarrierSvcBindHelper: No carrier app for: 0
11-01 01:33:33.317  2044  2044 I ConditionProviders: Disallowing condition provider com.german_software_engineers.trainerapp
11-01 01:33:33.330  1825 32366 D AF::TrackHandle: OpPlayAudio: track:56 usage:13 not muted
11-01 01:33:33.333  2718  2738 I s.nexuslaunche: Background concurrent copying GC freed 6229(426KB) AllocSpace objects, 4(352KB) LOS objects, 49% free, 3385KB/6771KB, paused 482us total 146.576ms
11-01 01:33:33.335 13302 13302 W .android.chrom: Unexpected CPU variant for X86 using defaults: x86
11-01 01:33:33.337  1780  1780 D Zygote  : Forked child process 13322
11-01 01:33:33.340  2044  2072 W ActivityManager: Slow operation: 116ms so far, now at startProcess: returned from zygote!
11-01 01:33:33.340  2044  2072 W ActivityManager: Slow operation: 116ms so far, now at startProcess: done updating battery stats
11-01 01:33:33.340  2044  2072 W ActivityManager: Slow operation: 116ms so far, now at startProcess: building log message
11-01 01:33:33.340  2044  2072 I ActivityManager: Start proc 13322:com.android.keychain/1000 for service {com.android.keychain/com.android.keychain.KeyChainService}
11-01 01:33:33.340  2044  2072 W ActivityManager: Slow operation: 116ms so far, now at startProcess: starting to update pids map
11-01 01:33:33.341  2044  2072 W ActivityManager: Slow operation: 117ms so far, now at startProcess: done updating pids map
11-01 01:33:33.341 13302 13302 E .android.chrom: Not starting debugger since process cannot load the jdwp agent.
11-01 01:33:33.342  1825 32366 D AF::TrackHandle: OpPlayAudio: track:56 usage:13 not muted
11-01 01:33:33.201  3244  3244 W adbd    : type=1400 audit(0.0:4008): avc: denied { shutdown } for scontext=u:r:adbd:s0 tcontext=u:r:shell:s0 tclass=unix_stream_socket permissive=0
11-01 01:33:33.346  1825 32366 D AF::TrackHandle: OpPlayAudio: track:56 usage:13 not muted
11-01 01:33:33.354  1825 32366 I chatty  : uid=1041(audioserver) Binder:1825_6 identical 4 lines
11-01 01:33:33.360  1825 32366 D AF::TrackHandle: OpPlayAudio: track:56 usage:13 not muted
11-01 01:33:33.363 13322 13322 W ndroid.keychai: Unexpected CPU variant for X86 using defaults: x86
11-01 01:33:33.368 11079 13294 I BlockstoreStorage: (REDACTED) Clearing all the Blockstore Data for package %s
11-01 01:33:33.368 11079 13294 I BlockstoreStorage: (REDACTED) Clearing all the Blockstore Data for %s packages
11-01 01:33:33.370  1825 32366 D AF::TrackHandle: OpPlayAudio: track:56 usage:13 not muted
11-01 01:33:33.372 13322 13322 E ndroid.keychai: Not starting debugger since process cannot load the jdwp agent.
11-01 01:33:33.311  2044  2044 W Binder:2044_1A: type=1400 audit(0.0:4009): avc: denied { getopt } for scontext=u:r:system_server:s0 tcontext=u:r:shell:s0 tclass=unix_stream_socket permissive=0
11-01 01:33:33.379  1825 32366 D AF::TrackHandle: OpPlayAudio: track:56 usage:13 not muted
11-01 01:33:33.380  1825 32366 D AF::TrackHandle: OpPlayAudio: track:56 usage:13 not muted
11-01 01:33:33.381 13302 13302 I .android.chrom: The ClassLoaderContext is a special shared library.
11-01 01:33:33.383  1825 32366 D AF::TrackHandle: OpPlayAudio: track:56 usage:13 not muted
11-01 01:33:33.385 13302 13302 I .android.chrom: The ClassLoaderContext is a special shared library.
11-01 01:33:33.387  1825 32366 D AF::TrackHandle: OpPlayAudio: track:56 usage:13 not muted
11-01 01:33:33.389  2044  2152 D WifiConfigStore: Writing to stores completed in 93 ms.
11-01 01:33:33.391  2044  2152 E PasspointManager: No app ops listener found for com.german_software_engineers.trainerapp
11-01 01:33:33.391  1825 32366 D AF::TrackHandle: OpPlayAudio: track:56 usage:13 not muted
11-01 01:33:33.392 11079 11091 I gle.android.gm: Background concurrent copying GC freed 8128(571KB) AllocSpace objects, 10(520KB) LOS objects, 45% free, 7448KB/13MB, paused 581us total 216.092ms
11-01 01:33:33.393 11079 11098 I gle.android.gm: WaitForGcToComplete blocked ProfileSaver on HeapTrim for 93.707ms
11-01 01:33:33.394  1825 32366 D AF::TrackHandle: OpPlayAudio: track:56 usage:13 not muted
11-01 01:33:33.405  2044  2152 I DropBoxManagerService: add tag=system_server_wtf isTagEnabled=true flags=0x2
11-01 01:33:33.395  1825 32366 D AF::TrackHandle: OpPlayAudio: track:56 usage:13 not muted
11-01 01:33:33.424 11079 11129 E WorkSourceUtil: Could not find package: com.german_software_engineers.trainerapp
11-01 01:33:33.436 11079 11132 I Icing   : doRemovePackageData com.german_software_engineers.trainerapp
11-01 01:33:33.437 13322 13322 I ndroid.keychai: The ClassLoaderContext is a special shared library.
11-01 01:33:33.444 13302 13302 I LoadedApk: No resource references to update in package com.google.android.trichromelibrary
11-01 01:33:33.449  2044  2085 I PackageManager: Un-granting permission android.permission.MANAGE_DOCUMENTS from package com.google.android.youtube (protectionLevel=262146 flags=0x30dbbe45)
11-01 01:33:33.449  2044  2085 I PackageManager: Un-granting permission android.permission.INTERACT_ACROSS_PROFILES from package com.google.android.googlequicksearchbox (protectionLevel=18 flags=0x28dbbec5)
11-01 01:33:33.450  2044  2085 I PackageManager: Un-granting permission android.permission.MANAGE_SOUND_TRIGGER from package com.google.android.googlequicksearchbox (protectionLevel=18 flags=0x28dbbec5)
11-01 01:33:33.450  2044  2085 I PackageManager: Un-granting permission android.permission.MANAGE_USB from package com.google.android.googlequicksearchbox (protectionLevel=18 flags=0x28dbbec5)
11-01 01:33:33.450  2044  2085 I PackageManager: Un-granting permission android.permission.CONTROL_INCALL_EXPERIENCE from package com.google.android.googlequicksearchbox (protectionLevel=18 flags=0x28dbbec5)
11-01 01:33:33.450  2044  2085 I PackageManager: Un-granting permission android.permission.WRITE_APN_SETTINGS from package com.google.android.googlequicksearchbox (protectionLevel=18 flags=0x28dbbec5)
11-01 01:33:33.450  2044  2085 I PackageManager: Un-granting permission android.permission.SUBSTITUTE_SHARE_TARGET_APP_NAME_AND_ICON from package com.google.android.googlequicksearchbox (protectionLevel=18 flags=0x28dbbec5)
11-01 01:33:33.450  2044  2085 I PackageManager: Un-granting permission com.google.android.googleapps.permission.GOOGLE_AUTH from package com.android.providers.calendar (protectionLevel=2 flags=0x30883e45)
11-01 01:33:33.450  2044  2085 I PackageManager: Un-granting permission com.google.android.googleapps.permission.GOOGLE_AUTH.cl from package com.android.providers.calendar (protectionLevel=2 flags=0x30883e45)
11-01 01:33:33.453  2044  2085 I PackageManager: Un-granting permission android.permission.WRITE_SECURE_SETTINGS from package com.google.android.apps.enterprise.dmagent (protectionLevel=50 flags=0x30883e05)
11-01 01:33:33.453  2044  2085 I PackageManager: Un-granting permission android.permission.CONNECTIVITY_INTERNAL from package com.google.android.apps.enterprise.dmagent (protectionLevel=18 flags=0x30883e05)
11-01 01:33:33.453  2044  2085 I PackageManager: Un-granting permission android.permission.MANAGE_USB from package com.google.android.apps.enterprise.dmagent (protectionLevel=18 flags=0x30883e05)
11-01 01:33:33.453  2044  2085 I PackageManager: Un-granting permission android.permission.CHANGE_COMPONENT_ENABLED_STATE from package com.google.android.apps.enterprise.dmagent (protectionLevel=18 flags=0x30883e05)
11-01 01:33:33.453  2044  2085 I PackageManager: Un-granting permission android.permission.MANAGE_CA_CERTIFICATES from package com.google.android.apps.enterprise.dmagent (protectionLevel=18 flags=0x30883e05)
11-01 01:33:33.453  2044  2085 I PackageManager: Un-granting permission android.permission.MANAGE_USERS from package com.google.android.apps.enterprise.dmagent (protectionLevel=18 flags=0x30883e05)
11-01 01:33:33.453  2044  2085 I PackageManager: Un-granting permission com.google.android.setupwizard.READ_DEVICE_ORIGIN from package com.google.android.apps.messaging (protectionLevel=18 flags=0x38cbbe45)
11-01 01:33:33.454  2044  2085 I PackageManager: Un-granting permission android.permission.HIDE_NON_SYSTEM_OVERLAY_WINDOWS from package com.android.vending (protectionLevel=258 flags=0x28cabec5)
11-01 01:33:33.454  2044  2085 I PackageManager: Un-granting permission android.permission.SEND_DOWNLOAD_COMPLETED_INTENTS from package com.android.vending (protectionLevel=2 flags=0x28cabec5)
11-01 01:33:33.454  2044  2085 I PackageManager: Un-granting permission android.permission.BIND_WALLPAPER from package com.android.camera2 (protectionLevel=18 flags=0x20d8bc45)
11-01 01:33:33.454  2044  2085 I PackageManager: Un-granting permission android.permission.REQUEST_INSTALL_PACKAGES from package com.google.android.gm (protectionLevel=66 flags=0x38cbbe45)
11-01 01:33:33.455  2044  2085 I PackageManager: Un-granting permission android.permission.BIND_JOB_SERVICE from package com.google.android.music (protectionLevel=2 flags=0x38cbbe65)
11-01 01:33:33.455  2044  2085 I PackageManager: Un-granting permission android.permission.CONNECTIVITY_USE_RESTRICTED_NETWORKS from package com.google.android.captiveportallogin (protectionLevel=18 flags=0x38c8be45)
11-01 01:33:33.455  2044  2085 I PackageManager: Un-granting permission android.permission.NETWORK_BYPASS_PRIVATE_DNS from package com.google.android.captiveportallogin (protectionLevel=2 flags=0x38c8be45)
11-01 01:33:33.455  2044  2085 I PackageManager: Un-granting permission android.permission.REQUEST_INSTALL_PACKAGES from package com.google.android.apps.docs (protectionLevel=66 flags=0x38cbbe45)
11-01 01:33:33.456  2044  2085 I PackageManager: Un-granting permission android.permission.INTERACT_ACROSS_USERS from package com.google.android.syncadapters.contacts (protectionLevel=50 flags=0x20883e45)
11-01 01:33:33.456  2044  2085 I PackageManager: Un-granting permission android.permission.REQUEST_INSTALL_PACKAGES from package com.android.chrome (protectionLevel=66 flags=0xa0cbbe45)
11-01 01:33:33.456  2044  2085 I PackageManager: Un-granting permission android.permission.CAPTURE_VIDEO_OUTPUT from package com.google.android.gms (protectionLevel=2 flags=0xa0cabec5)
11-01 01:33:33.456  2044  2085 I PackageManager: Un-granting permission android.permission.MODIFY_DEFAULT_AUDIO_EFFECTS from package com.google.android.gms (protectionLevel=18 flags=0xa0cabec5)
11-01 01:33:33.457  2044  2085 I PackageManager: Un-granting permission android.permission.MANAGE_DEVICE_ADMINS from package com.google.android.gms (protectionLevel=2 flags=0xa0cabec5)
11-01 01:33:33.457  2044  2085 I PackageManager: Un-granting permission android.permission.MANAGE_ACTIVITY_STACKS from package com.google.android.gms (protectionLevel=2 flags=0xa0cabec5)
11-01 01:33:33.457  2044  2085 I PackageManager: Un-granting permission android.permission.CAPTURE_SECURE_VIDEO_OUTPUT from package com.google.android.gms (protectionLevel=2 flags=0xa0cabec5)
11-01 01:33:33.457  2044  2085 I PackageManager: Un-granting permission android.permission.MANAGE_ROLLBACKS from package com.google.android.gms (protectionLevel=514 flags=0xa0cabec5)
11-01 01:33:33.457  2044  2085 I PackageManager: Un-granting permission android.permission.MEDIA_CONTENT_CONTROL from package com.google.android.gms (protectionLevel=18 flags=0xa0cabec5)
11-01 01:33:33.457  2044  2085 I PackageManager: Un-granting permission android.permission.HIDE_NON_SYSTEM_OVERLAY_WINDOWS from package com.google.android.gms (protectionLevel=258 flags=0xa0cabec5)
11-01 01:33:33.458  2044  2085 I PackageManager: Un-granting permission com.google.android.googleapps.permission.GOOGLE_AUTH from package com.google.android.videos (protectionLevel=2 flags=0x30dbbe45)
11-01 01:33:33.458  2044  2085 I PackageManager: Un-granting permission android.permission.WRITE_MEDIA_STORAGE from package com.google.android.apps.photos (protectionLevel=18 flags=0x38d9be45)
11-01 01:33:33.490 11079 11129 I Icing   : IndexChimeraService.getServiceInterface callingPackage=com.google.android.gms componentName=AppsCorpus serviceId=36
11-01 01:33:33.500  2044  2085 V BackupManagerService: restoreAtInstall pkg=com.german_software_engineers.trainerapp token=37 restoreSet=0
11-01 01:33:33.502  2044  2085 V BackupManagerService: Finishing install immediately
11-01 01:33:33.507 11079 13358 I FA-SVC  : App measurement initialized, version: 230914
11-01 01:33:33.511  1685  1698 D vold    : Remounting 10167 as mode default
11-01 01:33:33.521  1779  1779 I netd    : trafficSetNetPermForUids(0, [10167]) <0.03ms>
11-01 01:33:33.523  1859  5111 E         : Couldn't opendir /data/app/vmdl1667976874.tmp: No such file or directory
11-01 01:33:33.523  1859  5111 E installd: Failed to delete /data/app/vmdl1667976874.tmp: No such file or directory
11-01 01:33:33.511  2044  2044 W Binder:2044_1A: type=1400 audit(0.0:4010): avc: denied { getopt } for scontext=u:r:system_server:s0 tcontext=u:r:shell:s0 tclass=unix_stream_socket permissive=0
11-01 01:33:33.536 11079 11132 I Icing   : Usage reports ok 0, Failed Usage reports 0, indexed 0, rejected 0
11-01 01:33:33.540 11079 11132 I Icing   : Indexing com.google.android.gms-apps from com.google.android.gms
11-01 01:33:33.559 15392 15392 I GsaVoiceInteractionSrv: (REDACTED) O received %s
11-01 01:33:33.566  2044  2139 I InputReader: Reconfiguring input devices.  changes=0x00000010
11-01 01:33:33.515  1685  1698 I chatty  : uid=0(root) Binder:1685_3 identical 1 line
11-01 01:33:33.517  1685  1698 D vold    : Remounting 10167 as mode default
11-01 01:33:33.580  2718  3676 E ActivityThread: Failed to find provider info for com.google.android.apps.wellbeing.api
11-01 01:33:33.594  1780  1780 D Zygote  : Forked child process 13368
11-01 01:33:33.597  2044  2072 I ActivityManager: Start proc 13368:com.android.documentsui/u0a50 for broadcast {com.android.documentsui/com.android.documentsui.PackageReceiver}
11-01 01:33:33.598 10653 13295 W GCM     : Unexpected forwarded intent: Intent { act=android.intent.action.PACKAGE_ADDED dat=package:com.german_software_engineers.trainerapp flg=0x4000010 pkg=com.google.android.gms cmp=com.google.android.gms/.chimera.PersistentIntentOperationService (has extras) }
11-01 01:33:33.599 10653 13298 W GCM     : Unexpected forwarded intent: Intent { act=android.intent.action.PACKAGE_ADDED dat=package:com.german_software_engineers.trainerapp flg=0x4000010 pkg=com.google.android.gms cmp=com.google.android.gms/.chimera.PersistentIntentOperationService (has extras) }
11-01 01:33:33.610 13368 13368 W oid.documentsu: Unexpected CPU variant for X86 using defaults: x86
11-01 01:33:33.616 13368 13368 E oid.documentsu: Not starting debugger since process cannot load the jdwp agent.
11-01 01:33:33.624 11079 11132 I Icing   : Indexing done com.google.android.gms-apps
11-01 01:33:33.630  2453  2453 D CarrierSvcBindHelper: No carrier app for: 0
11-01 01:33:33.643  2453  2453 D CarrierConfigLoader: mHandler: 9 phoneId: 0
11-01 01:33:33.656 11079 13301 I Auth    : [SupervisedAccountIntentOperation] onHandleIntent(): android.intent.action.PACKAGE_ADDED
11-01 01:33:33.658 11079 13316 I BlockstoreStorage: (REDACTED) Clearing Blockstore Data for package %s
11-01 01:33:33.659 11079 13316 I BlockstoreStorage: Keyless data not found or its IsLastInstallationData = false. [CONTEXT service_id=258 ]
11-01 01:33:33.662 11079 11079 D BoundBrokerSvc: onBind: Intent { act=com.google.android.gms.common.BIND_SHARED_PREFS pkg=com.google.android.gms }
11-01 01:33:33.662 11079 11079 D BoundBrokerSvc: Loading bound service for intent: Intent { act=com.google.android.gms.common.BIND_SHARED_PREFS pkg=com.google.android.gms }
11-01 01:33:33.662 13368 13368 D ApplicationLoaders: Returning zygote-cached class loader: /system/framework/android.hidl.base-V1.0-java.jar
11-01 01:33:33.663 13368 13368 D ApplicationLoaders: Returning zygote-cached class loader: /system/framework/android.hidl.manager-V1.0-java.jar
11-01 01:33:33.663 13368 13368 D ApplicationLoaders: Returning zygote-cached class loader: /system/framework/android.hidl.base-V1.0-java.jar
11-01 01:33:33.667 11079 13315 W DriveInitializer: Awaiting to be initialized
11-01 01:33:33.671 11079 11079 D BoundBrokerSvc: onUnbind: Intent { act=com.google.android.gms.common.BIND_SHARED_PREFS pkg=com.google.android.gms }
11-01 01:33:33.671 13368 13368 I oid.documentsu: The ClassLoaderContext is a special shared library.
11-01 01:33:33.692 10653 10653 D BoundBrokerSvc: onBind: Intent { act=com.google.android.gms.scheduler.ACTION_PROXY_SCHEDULE dat=chimera-action: cmp=com.google.android.gms/.chimera.PersistentApiService }
11-01 01:33:33.692 10653 10653 D BoundBrokerSvc: Loading bound service for intent: Intent { act=com.google.android.gms.scheduler.ACTION_PROXY_SCHEDULE dat=chimera-action: cmp=com.google.android.gms/.chimera.PersistentApiService }
11-01 01:33:33.729  2044  2044 W Looper  : Slow dispatch took 176ms main h=android.app.ActivityThread$H c=android.app.-$$Lambda$LoadedApk$ReceiverDispatcher$Args$_BumDX2UKsnxLVrE6UJsJZkotuA@148aa74 m=0
11-01 01:33:33.730 13374 13374 D AndroidRuntime: >>>>>> START com.android.internal.os.RuntimeInit uid 2000 <<<<<<
11-01 01:33:33.733 13374 13374 E libc    : Access denied finding property "persist.device_config.runtime_native_boot.enable_apex_image"
11-01 01:33:33.733 13374 13374 I AndroidRuntime: Using default boot image
11-01 01:33:33.733 13374 13374 E libc    : Access denied finding property "persist.device_config.runtime_native_boot.disable_lock_profiling"
11-01 01:33:33.733 13374 13374 I AndroidRuntime: Leaving lock profiling enabled
11-01 01:33:33.733 13374 13374 E libc    : Access denied finding property "persist.device_config.runtime_native_boot.enable_generational_cc"
11-01 01:33:33.749  2044  2044 I Telecom : DefaultDialerCache: Refreshing default dialer for user 0: now com.android.dialer: DDC.oR@AeE
11-01 01:33:33.757  2044  2044 V BackupManagerConstants: getFullBackupIntervalMilliseconds(...) returns 86400000
11-01 01:33:33.757  2044  2044 V BackupManagerConstants: getFullBackupRequiredNetworkType(...) returns 2
11-01 01:33:33.758  2044  2044 V BackupManagerConstants: getFullBackupRequireCharging(...) returns true
11-01 01:33:33.788 10653 10653 D BoundBrokerSvc: onBind: Intent { act=com.google.android.gms.nearby.exposurenotification.START dat=chimera-action: cmp=com.google.android.gms/.chimera.PersistentApiServiceNoInstantApps }
11-01 01:33:33.788 10653 10653 D BoundBrokerSvc: Loading bound service for intent: Intent { act=com.google.android.gms.nearby.exposurenotification.START dat=chimera-action: cmp=com.google.android.gms/.chimera.PersistentApiServiceNoInstantApps }
11-01 01:33:33.813 10653 10714 W ChimeraUtils: Module com.google.android.gms.nearby_en has empty metadata display_name_string_id
11-01 01:33:33.816 10653 10714 W ChimeraUtils: Module com.google.android.gms.nearby_en has empty metadata display_name_string_id
11-01 01:33:33.833 11079 11109 I PinnedContentDownloader: Finished downloading pinned content.
11-01 01:33:33.836 11079 11132 I ContentMaintenance: Internal cache bytes used: 0; limit: 100000000; download size: 0
11-01 01:33:33.887 13374 13374 D ICU     : Time zone APEX file found: /apex/com.android.tzdata/etc/icu/icu_tzdata.dat
11-01 01:33:33.890 13368 13368 D DocumentsApplication: OverlayManager.setEnabled() result: true
11-01 01:33:33.891 11079 11132 I RealtimeCacheCleanup: Beginning Realtime garbage collection.
11-01 01:33:33.891 13374 13374 W app_process: Unexpected CPU variant for X86 using defaults: x86
11-01 01:33:33.892 13374 13374 I app_process: The ClassLoaderContext is a special shared library.
11-01 01:33:33.904  9457 13408 I MediaProvider: Begin Intent { act=android.intent.action.PACKAGE_FULLY_REMOVED dat=package:com.german_software_engineers.trainerapp flg=0x5000010 cmp=com.android.providers.media/.MediaService (has extras) }
11-01 01:33:33.909  9457 13408 I MediaProvider: End Intent { act=android.intent.action.PACKAGE_FULLY_REMOVED dat=package:com.german_software_engineers.trainerapp flg=0x5000010 cmp=com.android.providers.media/.MediaService (has extras) }
11-01 01:33:33.910 11079 11132 I RealtimeCacheCleanup: Finished Realtime garbage collection.
11-01 01:33:33.921 13374 13374 W app_process: JNI RegisterNativeMethods: attempt to register 0 native methods for android.media.AudioAttributes
11-01 01:33:33.924 13374 13374 D AndroidRuntime: Calling main entry com.android.commands.monkey.Monkey
11-01 01:33:33.926 13374 13374 W Monkey  : args: [-p, com.german_software_engineers.trainerapp, -c, android.intent.category.LAUNCHER, 1]
11-01 01:33:33.926 13374 13374 W Monkey  :  arg: "-p"
11-01 01:33:33.927 13374 13374 W Monkey  :  arg: "com.german_software_engineers.trainerapp"
11-01 01:33:33.927 13374 13374 W Monkey  :  arg: "-c"
11-01 01:33:33.927 13374 13374 W Monkey  :  arg: "android.intent.category.LAUNCHER"
11-01 01:33:33.927 13374 13374 W Monkey  :  arg: "1"
11-01 01:33:33.927 13374 13374 W Monkey  : data="com.german_software_engineers.trainerapp"
11-01 01:33:33.927 13374 13374 W Monkey  : data="android.intent.category.LAUNCHER"
11-01 01:33:33.945  2044  2071 W BroadcastQueue: Skipping deliver [background] BroadcastRecord{f99e122 u-1 android.net.conn.CONNECTIVITY_CHANGE} to ReceiverList{96967b3 13374 (unknown name)/2000/u-1 remote:b92d117}: process gone or crashing
11-01 01:33:33.958  2044  2056 I system_server: Background concurrent copying GC freed 76656(4778KB) AllocSpace objects, 46(2696KB) LOS objects, 24% free, 18MB/24MB, paused 1.237ms total 437.151ms
11-01 01:33:33.966  1780  1780 D Zygote  : Forked child process 13413
11-01 01:33:33.968 11079 11132 I Icing   : Indexing com.google.android.gms-apps from com.google.android.gms
11-01 01:33:33.975  2044  2072 I ActivityManager: Start proc 13413:com.android.vending/u0a93 for broadcast {com.android.vending/com.google.android.finsky.packagemonitor.impl.PackageMonitorReceiverImpl$RegisteredReceiver}
11-01 01:33:33.975 13413 13413 W android.vendin: Unexpected CPU variant for X86 using defaults: x86
11-01 01:33:33.988 13413 13413 E android.vendin: Not starting debugger since process cannot load the jdwp agent.
11-01 01:33:33.995  2044  3452 I ActivityTaskManager: START u0 {act=android.intent.action.MAIN cat=[android.intent.category.LAUNCHER] flg=0x10200000 cmp=com.german_software_engineers.trainerapp/.TrainingsSchedule} from uid 2000
11-01 01:33:33.995  2044  3452 W Binder  : Outgoing transactions from this process must be FLAG_ONEWAY
11-01 01:33:33.995  2044  3452 W Binder  : java.lang.Throwable
11-01 01:33:33.995  2044  3452 W Binder  : 	at android.os.BinderProxy.transact(BinderProxy.java:480)
11-01 01:33:33.995  2044  3452 W Binder  : 	at android.app.IActivityController$Stub$Proxy.activityStarting(IActivityController.java:273)
11-01 01:33:33.995  2044  3452 W Binder  : 	at com.android.server.wm.ActivityStarter.startActivity(ActivityStarter.java:794)
11-01 01:33:33.995  2044  3452 W Binder  : 	at com.android.server.wm.ActivityStarter.startActivity(ActivityStarter.java:583)
11-01 01:33:33.995  2044  3452 W Binder  : 	at com.android.server.wm.ActivityStarter.startActivityMayWait(ActivityStarter.java:1288)
11-01 01:33:33.995  2044  3452 W Binder  : 	at com.android.server.wm.ActivityStarter.execute(ActivityStarter.java:514)
11-01 01:33:33.995  2044  3452 W Binder  : 	at com.android.server.wm.ActivityTaskManagerService.startActivityAsUser(ActivityTaskManagerService.java:1058)
11-01 01:33:33.995  2044  3452 W Binder  : 	at com.android.server.wm.ActivityTaskManagerService.startActivityAsUser(ActivityTaskManagerService.java:1032)
11-01 01:33:33.995  2044  3452 W Binder  : 	at com.android.server.am.ActivityManagerService.startActivityAsUser(ActivityManagerService.java:3504)
11-01 01:33:33.995  2044  3452 W Binder  : 	at android.app.IActivityManager$Stub.onTransact(IActivityManager.java:3537)
11-01 01:33:33.995  2044  3452 W Binder  : 	at com.android.server.am.ActivityManagerService.onTransact(ActivityManagerService.java:2741)
11-01 01:33:33.995  2044  3452 W Binder  : 	at android.os.Binder.execTransactInternal(Binder.java:1021)
11-01 01:33:33.995  2044  3452 W Binder  : 	at android.os.Binder.execTransact(Binder.java:994)
11-01 01:33:33.999  1780  1780 D Zygote  : Forked child process 13431
11-01 01:33:34.007 13431 13431 W droid.apps.doc: Unexpected CPU variant for X86 using defaults: x86
11-01 01:33:34.008 13374 13374 I Monkey  : Events injected: 1
11-01 01:33:34.010  2044  2066 E system_server: Invalid ID 0x00000000.
11-01 01:33:34.011  2044  2757 W InputReader: Device has associated, but no associated display id.
11-01 01:33:34.011  2044  2757 I chatty  : uid=1000(system) Binder:2044_9 identical 8 lines
11-01 01:33:34.011  2044  2757 W InputReader: Device has associated, but no associated display id.
11-01 01:33:34.019 13431 13431 E droid.apps.doc: Not starting debugger since process cannot load the jdwp agent.
11-01 01:33:34.039  2044  2072 W ActivityManager: Slow operation: 69ms so far, now at startProcess: done updating battery stats
11-01 01:33:34.039  2044  2072 W ActivityManager: Slow operation: 69ms so far, now at startProcess: building log message
11-01 01:33:34.039  2044  2072 I ActivityManager: Start proc 13431:com.google.android.apps.docs/u0a133 for content provider {com.google.android.apps.docs/com.google.android.apps.docs.storagebackend.StorageBackendContentProvider}
11-01 01:33:34.039  2044  2072 W ActivityManager: Slow operation: 70ms so far, now at startProcess: starting to update pids map
11-01 01:33:34.040  1800  2437 E GnssHAL_GnssInterface: gnssSvStatusCb: a: input svInfo.flags is 8
11-01 01:33:34.040  1800  2437 E GnssHAL_GnssInterface: gnssSvStatusCb: b: input svInfo.flags is 8
11-01 01:33:34.040  2044  2072 W ActivityManager: Slow operation: 70ms so far, now at startProcess: done updating pids map
11-01 01:33:34.041 13374 13374 I Monkey  : ## Network stats: elapsed time=28ms (0ms mobile, 0ms wifi, 28ms not connected)
11-01 01:33:34.041  1801  1801 D gralloc_ranchu: gralloc_alloc: Creating ashmem region of size 8298496
11-01 01:33:34.050 13374 13374 I app_process: System.exit called, status: 0
11-01 01:33:34.050 13374 13374 I AndroidRuntime: VM exiting with result code 0.
11-01 01:33:34.063 13413 13413 I android.vendin: The ClassLoaderContext is a special shared library.
11-01 01:33:34.076  2044  5890 I ActivityManager: Killing 10566:android.process.acore/u0a42 (adj 985): empty #17
11-01 01:33:34.077  2044  2044 V SettingsProvider: Notifying for 0: content://settings/system/accelerometer_rotation
11-01 01:33:34.087 11079 11132 I Icing   : Indexing done com.google.android.gms-apps
11-01 01:33:34.100 13431 13431 I droid.apps.doc: The ClassLoaderContext is a special shared library.
11-01 01:33:34.101  1780  1780 D Zygote  : Forked child process 13450
11-01 01:33:34.078  2044  2044 V SettingsProvider: Notifying for 0: content://settings/system/accelerometer_rotation
11-01 01:33:34.102  2044  2072 W ActivityManager: Slow operation: 61ms so far, now at startProcess: returned from zygote!
11-01 01:33:34.102  2044  2072 W ActivityManager: Slow operation: 62ms so far, now at startProcess: done updating battery stats
11-01 01:33:34.102  2044  2072 W ActivityManager: Slow operation: 62ms so far, now at startProcess: building log message
11-01 01:33:34.102  2044  2072 I ActivityManager: Start proc 13450:com.german_software_engineers.trainerapp/u0a167 for activity {com.german_software_engineers.trainerapp/com.german_software_engineers.trainerapp.TrainingsSchedule}
11-01 01:33:34.102  2044  2072 W ActivityManager: Slow operation: 62ms so far, now at startProcess: starting to update pids map
11-01 01:33:34.102  2044  2072 W ActivityManager: Slow operation: 62ms so far, now at startProcess: done updating pids map
11-01 01:33:34.106 13450 13450 I eers.trainerap: Late-enabling -Xcheck:jni
11-01 01:33:34.118 13431 13431 I droid.apps.doc: The ClassLoaderContext is a special shared library.
11-01 01:33:34.133  1801  1801 D gralloc_ranchu: gralloc_alloc: Creating ashmem region of size 1331200
11-01 01:33:34.133 13413 13413 W android.vendin: JIT profile information will not be recorded: profile file does not exits.
