11-01 01:33:34.133 13413 13413 W android.vendin: JIT profile information will not be recorded: profile file does not exits.
11-01 01:33:34.134 13450 13450 E eers.trainerap: Unknown bits set in runtime_flags: 0x8000
11-01 01:33:34.135 13450 13450 W eers.trainerap: Unexpected CPU variant for X86 using defaults: x86
11-01 01:33:34.144  2044 15837 D HostConnection: HostConnection::get() New Host Connection established 0xdd9e9500, tid 15837
11-01 01:33:34.145  2044 15837 D HostConnection: HostComposition ext ANDROID_EMU_CHECKSUM_HELPER_v1 ANDROID_EMU_native_sync_v2 ANDROID_EMU_native_sync_v3 ANDROID_EMU_native_sync_v4 ANDROID_EMU_dma_v1 ANDROID_EMU_direct_mem ANDROID_EMU_YUV420_888_to_NV21 ANDROID_EMU_YUV_Cache ANDROID_EMU_sync_buffer_data GL_OES_EGL_image_external_essl3 GL_OES_vertex_array_object GL_KHR_texture_compression_astc_ldr ANDROID_EMU_host_side_tracing ANDROID_EMU_gles_max_version_3_0 
11-01 01:33:34.146  2044 15837 W OpenGLRenderer: Failed to choose config with EGL_SWAP_BEHAVIOR_PRESERVED, retrying without...
11-01 01:33:34.147  2044 15837 D eglCodecCommon: setVertexArrayObject: set vao to 0 (0) 0 0
11-01 01:33:34.147  2044 15837 D EGL_emulation: eglCreateContext: 0xebbbaf20: maj 3 min 0 rcv 3
11-01 01:33:34.148  2044 15837 D EGL_emulation: eglMakeCurrent: 0xebbbaf20: ver 3 0 (tinfo 0xc5175ab0)
11-01 01:33:34.151  2044  3451 D HostConnection: HostConnection::get() New Host Connection established 0xb8ae0a30, tid 3451
11-01 01:33:34.152  2044  3451 D HostConnection: HostComposition ext ANDROID_EMU_CHECKSUM_HELPER_v1 ANDROID_EMU_native_sync_v2 ANDROID_EMU_native_sync_v3 ANDROID_EMU_native_sync_v4 ANDROID_EMU_dma_v1 ANDROID_EMU_direct_mem ANDROID_EMU_YUV420_888_to_NV21 ANDROID_EMU_YUV_Cache ANDROID_EMU_sync_buffer_data GL_OES_EGL_image_external_essl3 GL_OES_vertex_array_object GL_KHR_texture_compression_astc_ldr ANDROID_EMU_host_side_tracing ANDROID_EMU_gles_max_version_3_0 
11-01 01:33:34.157  2044  3452 W InputReader: Device has associated, but no associated display id.
11-01 01:33:34.163  2044  3452 I chatty  : uid=1000(system) Binder:2044_10 identical 28 lines
11-01 01:33:34.163  2044  3452 W InputReader: Device has associated, but no associated display id.
11-01 01:33:34.166  2044  2066 W InputReader: Device has associated, but no associated display id.
11-01 01:33:34.169  2044  5890 D CountryDetector: No listener is left
11-01 01:33:34.166  2044  2066 I chatty  : uid=1000(system) android.anim identical 8 lines
11-01 01:33:34.166  2044  2066 W InputReader: Device has associated, but no associated display id.
11-01 01:33:34.170  1780  1780 I Zygote  : Process 10566 exited due to signal 9 (Killed)
11-01 01:33:34.178 13413 13413 I Finsky  : [2] khh.i(84): Process created at version: 38.1.18-29 [0] [PR] 575289603
11-01 01:33:34.199  2044  2073 I libprocessgroup: Successfully killed process cgroup uid 10042 pid 10566 in 121ms
11-01 01:33:34.292 13413 13478 I Finsky  : [1923] aifb.bp(289): Finished reading experiment flags from file [0tGUNCGIkbk4o6-fQ335kUYSKwVj4lusnHT-A5Dsy08] numFlags=865.
11-01 01:33:34.295 13413 13474 I Finsky  : [1919] aifb.bp(289): Finished reading experiment flags from file [0tGUNCGIkbk4o6-fQ335kUYSKwVj4lusnHT-A5Dsy08] numFlags=865.
11-01 01:33:34.297 13450 13450 W System.err: java.io.FileNotFoundException: /data/user/0/com.german_software_engineers.trainerapp/files/DataFile.xml: open failed: ENOENT (No such file or directory)
11-01 01:33:34.297 13450 13450 W System.err: 	at libcore.io.IoBridge.open(IoBridge.java:496)
11-01 01:33:34.297 13450 13450 W System.err: 	at java.io.FileInputStream.<init>(FileInputStream.java:159)
11-01 01:33:34.297 13450 13450 W System.err: 	at java.io.FileInputStream.<init>(FileInputStream.java:115)
11-01 01:33:34.297 13450 13450 W System.err: 	at sun.net.www.protocol.file.FileURLConnection.connect(FileURLConnection.java:90)
11-01 01:33:34.297 13450 13450 W System.err: 	at org.apache.harmony.xml.parsers.DocumentBuilderImpl.parse(DocumentBuilderImpl.java:117)
11-01 01:33:34.297 13450 13450 W System.err: 	at javax.xml.parsers.DocumentBuilder.parse(DocumentBuilder.java:183)
11-01 01:33:34.297 13450 13450 W System.err: 	at com.german_software_engineers.trainerappmodel.Model.XMLParser.parseFile(XMLParser.java:100)
11-01 01:33:34.297 13450 13450 W System.err: 	at com.german_software_engineers.trainerapp.Controller.ApplicationManager.createModelAndLoadFiles(ApplicationManager.java:41)
11-01 01:33:34.297 13450 13450 W System.err: 	at com.german_software_engineers.trainerapp.Controller.ApplicationManager.onCreate(ApplicationManager.java:34)
11-01 01:33:34.297 13450 13450 W System.err: 	at android.app.Instrumentation.callApplicationOnCreate(Instrumentation.java:1182)
11-01 01:33:34.297 13450 13450 W System.err: 	at android.app.ActivityThread.handleBindApplication(ActivityThread.java:6460)
11-01 01:33:34.297 13450 13450 W System.err: 	at android.app.ActivityThread.access$1300(ActivityThread.java:219)
11-01 01:33:34.298 13450 13450 W System.err: 	at android.app.ActivityThread$H.handleMessage(ActivityThread.java:1859)
11-01 01:33:34.298 13450 13450 W System.err: 	at android.os.Handler.dispatchMessage(Handler.java:107)
11-01 01:33:34.298 13450 13450 W System.err: 	at android.os.Looper.loop(Looper.java:214)
11-01 01:33:34.298 13450 13450 W System.err: 	at android.app.ActivityThread.main(ActivityThread.java:7356)
11-01 01:33:34.298 13450 13450 W System.err: 	at java.lang.reflect.Method.invoke(Native Method)
11-01 01:33:34.298 13450 13450 W System.err: 	at com.android.internal.os.RuntimeInit$MethodAndArgsCaller.run(RuntimeInit.java:492)
11-01 01:33:34.298 13450 13450 W System.err: 	at com.android.internal.os.ZygoteInit.main(ZygoteInit.java:930)
11-01 01:33:34.298 13450 13450 W System.err: Caused by: android.system.ErrnoException: open failed: ENOENT (No such file or directory)
11-01 01:33:34.298 13450 13450 W System.err: 	at libcore.io.Linux.open(Native Method)
11-01 01:33:34.298 13450 13450 W System.err: 	at libcore.io.ForwardingOs.open(ForwardingOs.java:167)
11-01 01:33:34.298 13450 13450 W System.err: 	at libcore.io.BlockGuardOs.open(BlockGuardOs.java:252)
11-01 01:33:34.298 13450 13450 W System.err: 	at libcore.io.ForwardingOs.open(ForwardingOs.java:167)
11-01 01:33:34.298 13450 13450 W System.err: 	at android.app.ActivityThread$AndroidOs.open(ActivityThread.java:7255)
11-01 01:33:34.298 13450 13450 W System.err: 	at libcore.io.IoBridge.open(IoBridge.java:482)
11-01 01:33:34.298 13450 13450 W System.err: 	... 18 more
11-01 01:33:34.305 13413 13474 I Finsky  : [1919] aifb.bp(289): Finished reading experiment flags from file [Se-xCc4LzNyh3UrKMIU2sUf-PUKz4oQEbpKZDMuaFno] numFlags=1819.
11-01 01:33:34.315  1828  2082 E SurfaceFlinger: ro.sf.lcd_density must be defined as a build property
11-01 01:33:34.319  1828  2082 E SurfaceFlinger: ro.sf.lcd_density must be defined as a build property
11-01 01:33:34.325 13450 13484 D libEGL  : Emulator has host GPU support, qemu.gles is set to 1.
11-01 01:33:34.326 13450 13484 W libc    : Unable to set property "qemu.gles" to "1": connection failed; errno=13 (Permission denied)
11-01 01:33:34.339 13450 13484 D libEGL  : loaded /vendor/lib/egl/libEGL_emulation.so
11-01 01:33:34.341 13450 13484 D libEGL  : loaded /vendor/lib/egl/libGLESv1_CM_emulation.so
11-01 01:33:34.343 13450 13484 D libEGL  : loaded /vendor/lib/egl/libGLESv2_emulation.so
11-01 01:33:34.352 10653 10653 D BoundBrokerSvc: onBind: Intent { act=com.google.android.gms.phenotype.service.START pkg=com.google.android.gms }
11-01 01:33:34.352 10653 10653 D BoundBrokerSvc: Loading bound service for intent: Intent { act=com.google.android.gms.phenotype.service.START pkg=com.google.android.gms }
11-01 01:33:34.311 13450 13450 W RenderThread: type=1400 audit(0.0:4017): avc: denied { write } for name="property_service" dev="tmpfs" ino=968 scontext=u:r:untrusted_app_27:s0:c167,c256,c512,c768 tcontext=u:object_r:property_socket:s0 tclass=sock_file permissive=0
11-01 01:33:34.403 13450 13450 W eers.trainerap: Accessing hidden method Landroid/view/View;->computeFitSystemWindows(Landroid/graphics/Rect;Landroid/graphics/Rect;)Z (greylist, reflection, allowed)
11-01 01:33:34.403 13450 13450 W eers.trainerap: Accessing hidden method Landroid/view/ViewGroup;->makeOptionalFitsSystemWindows()V (greylist, reflection, allowed)
11-01 01:33:34.412 13413 13476 I Finsky  : [1921] key.P(10): pcsi: PROCESS_START
11-01 01:33:34.431 13413 13476 I Finsky  : [1921] wib.<init>(69): wid - Registering in memory receiver for android.intent.action.PACKAGE_ADDED and android.intent.action.PACKAGE_REMOVED
11-01 01:33:34.444 13431 13498 I GAv4    : Google Analytics 17.7.78 is starting up. To enable debug logging on a device run:
11-01 01:33:34.444 13431 13498 I GAv4    :   adb shell setprop log.tag.GAv4 DEBUG
11-01 01:33:34.444 13431 13498 I GAv4    :   adb logcat -s GAv4
11-01 01:33:34.460 13413 13413 I Finsky  : [2] key.ao(748): Profiling: Starting up (0)
11-01 01:33:34.464  2718  3443 D EGL_emulation: eglMakeCurrent: 0xe0e1aa80: ver 3 0 (tinfo 0xe0e0f620)
11-01 01:33:34.466 16502 20879 D EGL_emulation: eglMakeCurrent: 0xf4154580: ver 3 0 (tinfo 0xbcfa41e0)
11-01 01:33:34.479 13413 13413 I Finsky  : [2] khh.i(524): AsyncInit: Mandatory tasks are executed!
11-01 01:33:34.483 13413 13475 W android.vendin: Accessing hidden method Landroid/view/View;->getWindowInsetsController()Landroid/view/WindowInsetsController; (blacklist, linking, denied)
11-01 01:33:34.487 13413 13477 W Finsky  : [1922] jnh.d(17): For unauth, use getDfeApiNonAuthenticated() instead!
11-01 01:33:34.491 13431 13500 W GAv4    : CampaignTrackingReceiver is not registered, not exported or is disabled. Installation campaign tracking is not possible. See http://goo.gl/8Rd3yj for instructions.
11-01 01:33:34.501 13413 13474 I Finsky  : [1919] mgj.g(38): Subscription detail: DataSubscriptionInfo{groupIdLevel1=null, serviceProviderName=[Zr1R7g28S8p7iucp_gnNJJtsRl-pgO3Y6eIkCh24Iy0], simCarrierId=1}
11-01 01:33:34.511 13413 13413 W Settings: Setting download_manager_max_bytes_over_mobile has moved from android.provider.Settings.Secure to android.provider.Settings.Global.
11-01 01:33:34.524  2044  2070 I RoleUserState: Wrote roles.xml successfully
11-01 01:33:34.533 13413 13413 I Finsky  : [2] vob.j(33): SettingNotFoundException, fall through to G.downloadBytesOverMobileMaximum
11-01 01:33:34.533 13413 13413 W Settings: Setting download_manager_recommended_max_bytes_over_mobile has moved from android.provider.Settings.Secure to android.provider.Settings.Global.
11-01 01:33:34.534 13413 13413 I Finsky  : [2] vob.i(31): SettingNotFoundException, fall through to G.downloadBytesOverMobileRecommended
11-01 01:33:34.535 13413 13474 I Finsky  : [1919] anff.g(50): SysUA: Disable SystemUpdateActivity, because no login account
11-01 01:33:34.537 13413 13496 I Finsky  : [1933] wgv.run(374): SysCUA: Set {com.android.vending/com.google.android.finsky.systemcomponentupdateui.common.SystemComponentUpdateActivity} enabled state to 0
11-01 01:33:34.539  1779 13509 W DnsTlsSocket: SSL_connect error 5, errno=111
11-01 01:33:34.542 13413 13496 I Finsky  : [1933] wgv.run(333): SysUA: Set SystemUpdateActivity enabled state to 2
11-01 01:33:34.545 13413 13501 I Finsky  : [1935] oe.run(122): Set UnhibernateActivity enabled state to 1
11-01 01:33:34.554 13413 13508 W android.vendin: Accessing hidden field Ljava/util/Collections$SynchronizedCollection;->mutex:Ljava/lang/Object; (greylist-max-o, reflection, denied)
11-01 01:33:34.554 13413 13508 W android.vendin: Accessing hidden method Ljava/util/Collections$SynchronizedSet;-><init>(Ljava/util/Set;Ljava/lang/Object;)V (greylist-max-o, reflection, denied)
11-01 01:33:34.554 13413 13508 W android.vendin: Accessing hidden method Ljava/util/Collections$SynchronizedCollection;-><init>(Ljava/util/Collection;Ljava/lang/Object;)V (greylist-max-o, reflection, denied)
11-01 01:33:34.575 13413 13474 I Finsky  : [1919] anfz.d(7): registerListener
11-01 01:33:34.575 13431 13431 W PrimesInit: Primes instant initialization
11-01 01:33:34.585 13413 13474 I Finsky  : [1919] anfz.d(7): registerListener
11-01 01:33:34.586 13413 13474 I Finsky  : [1919] tfw.s(77): Enqueuing libraries load for 0
11-01 01:33:34.587 13413 13507 I Finsky  : [1940] tfw.t(14): Starting libraries load for 0
11-01 01:33:34.595 13431 13522 W Primes  : background initialization
11-01 01:33:34.615 13413 13413 I Finsky  : [2] jqi.g(188): Scheduling 8 in onApplicationCreate
11-01 01:33:34.615 13413 13507 I Finsky  : [1940] tfw.t(354): Finished loading 0 libraries.
11-01 01:33:34.617  1779 13509 W DnsTlsSocket: SSL_connect error 5, errno=111
11-01 01:33:34.624 13431 13431 W FieldDefinition: [main] Ignoring isIndexed constraint as field also has uniqueness constraint (on just this field, and therefore SQLite will have to create an index on that. For field: czz$a@3bb1ebb
11-01 01:33:34.630 13413 13475 I Finsky  : [1920] ahhq.<init>(105): VerifyApps: Setup app restrictions monitor
11-01 01:33:34.632 13413 13475 I Finsky  : [1920] ahnq.a(32): VerifyApps: Device wide unknown source restriction updated
11-01 01:33:34.677  1779 13509 E ResolverController: No valid NAT64 prefix (101, <unspecified>/0)
11-01 01:33:34.680 13413 13413 I Finsky  : [2] zyo.<init>(55): Resetting scheduler db
11-01 01:33:34.682  1779 13533 W DnsTlsSocket: SSL_connect error 5, errno=111
11-01 01:33:34.704 13450 13482 D HostConnection: HostConnection::get() New Host Connection established 0xe0e6e050, tid 13482
11-01 01:33:34.708 13450 13450 W eers.trainerap: Accessing hidden field Landroid/view/View;->mAccessibilityDelegate:Landroid/view/View$AccessibilityDelegate; (greylist, reflection, allowed)
11-01 01:33:34.713 13413 13413 I Finsky  : [2] jqk.h(312): This process start was not selected for Play memory metrics collection.
11-01 01:33:34.721 11079 11079 D BoundBrokerSvc: onBind: Intent { act=com.google.android.gms.safetynet.service.START pkg=com.google.android.gms }
11-01 01:33:34.721 11079 11079 D BoundBrokerSvc: Loading bound service for intent: Intent { act=com.google.android.gms.safetynet.service.START pkg=com.google.android.gms }
11-01 01:33:34.722 13450 13482 D HostConnection: HostComposition ext ANDROID_EMU_CHECKSUM_HELPER_v1 ANDROID_EMU_native_sync_v2 ANDROID_EMU_native_sync_v3 ANDROID_EMU_native_sync_v4 ANDROID_EMU_dma_v1 ANDROID_EMU_direct_mem ANDROID_EMU_YUV420_888_to_NV21 ANDROID_EMU_YUV_Cache ANDROID_EMU_sync_buffer_data GL_OES_EGL_image_external_essl3 GL_OES_vertex_array_object GL_KHR_texture_compression_astc_ldr ANDROID_EMU_host_side_tracing ANDROID_EMU_gles_max_version_3_0 
11-01 01:33:34.729 13413 13477 I Finsky  : [1922] sgc.<init>(46): Item store provider started.
11-01 01:33:34.737 13450 13482 W OpenGLRenderer: Failed to choose config with EGL_SWAP_BEHAVIOR_PRESERVED, retrying without...
11-01 01:33:34.738 13450 13482 D eglCodecCommon: setVertexArrayObject: set vao to 0 (0) 0 0
11-01 01:33:34.738 13450 13482 D EGL_emulation: eglCreateContext: 0xe0e1a2a0: maj 3 min 0 rcv 3
11-01 01:33:34.739 13450 13482 D EGL_emulation: eglMakeCurrent: 0xe0e1a2a0: ver 3 0 (tinfo 0xe0e0f030)
11-01 01:33:34.744  1779 13533 W DnsTlsSocket: SSL_connect error 5, errno=111
11-01 01:33:34.750 13413 13413 I Finsky  : [2] wid.g(1): wid - Received: android.intent.action.PACKAGE_FULLY_REMOVED, [REGQgA75f0FibKWN3F61tKW1NZdKlZyhwGeaKqZsCuU]
11-01 01:33:34.753  1801  1801 D gralloc_ranchu: gralloc_alloc: Creating ashmem region of size 8298496
11-01 01:33:34.754  1682  1682 I hwservicemanager: getTransport: Cannot find entry android.hardware.graphics.mapper@3.0::IMapper/default in either framework or device manifest.
11-01 01:33:34.754 13450 13482 W Gralloc3: mapper 3.x is not supported
11-01 01:33:34.756 13450 13482 D HostConnection: createUnique: call
11-01 01:33:34.757 13450 13482 D HostConnection: HostConnection::get() New Host Connection established 0xe0e6e2d0, tid 13482
11-01 01:33:34.762 13450 13482 D HostConnection: HostComposition ext ANDROID_EMU_CHECKSUM_HELPER_v1 ANDROID_EMU_native_sync_v2 ANDROID_EMU_native_sync_v3 ANDROID_EMU_native_sync_v4 ANDROID_EMU_dma_v1 ANDROID_EMU_direct_mem ANDROID_EMU_YUV420_888_to_NV21 ANDROID_EMU_YUV_Cache ANDROID_EMU_sync_buffer_data GL_OES_EGL_image_external_essl3 GL_OES_vertex_array_object GL_KHR_texture_compression_astc_ldr ANDROID_EMU_host_side_tracing ANDROID_EMU_gles_max_version_3_0 
11-01 01:33:34.764 13450 13482 D eglCodecCommon: allocate: Ask for block of size 0x1000
11-01 01:33:34.764 13450 13482 D eglCodecCommon: allocate: ioctl allocate returned offset 0x3ff805000 size 0x2000
11-01 01:33:34.765  1801  1801 D gralloc_ranchu: gralloc_alloc: Creating ashmem region of size 8298496
11-01 01:33:34.765  1801  1801 D gralloc_ranchu: gralloc_alloc: Creating ashmem region of size 8298496
11-01 01:33:34.767 13450 13482 D EGL_emulation: eglMakeCurrent: 0xe0e1a2a0: ver 3 0 (tinfo 0xe0e0f030)
11-01 01:33:34.770 13450 13482 D eglCodecCommon: setVertexArrayObject: set vao to 0 (0) 1 0
11-01 01:33:34.783 13413 13501 I Finsky  : [1935] yqw.accept(345): SCH: Scheduling phonesky job Id: 1-1337, CT: 1698816027290, Constraints: [{ L: 0, D: 14088136, C: 1, I: 1, N: 1 }, { L: 0, D: 0, C: 1, I: 1, N: 0 }]
11-01 01:33:34.795 13413 13501 I Finsky  : [1935] yqw.accept(345): SCH: Scheduling phonesky job Id: 3-14, CT: 1698816028059, Constraints: [{ L: 0, D: 86400000, C: 2, I: 2, N: 2 }]
11-01 01:33:34.800 13413 13501 I Finsky  : [1935] yqw.accept(345): SCH: Scheduling phonesky job Id: 3-15, CT: 1698816028059, Constraints: [{ L: 0, D: 86400000, C: 1, I: 2, N: 2 }]
11-01 01:33:34.803 13413 13501 I Finsky  : [1935] yqw.accept(345): SCH: Scheduling phonesky job Id: 3-16, CT: 1698816028059, Constraints: [{ L: 0, D: 86400000, C: 2, I: 1, N: 2 }]
11-01 01:33:34.805 13431 13431 E DocsApplication: [main] No default account found during application creation.
11-01 01:33:34.806 13413 13501 I Finsky  : [1935] yqw.accept(345): SCH: Scheduling phonesky job Id: 3-17, CT: 1698816028106, Constraints: [{ L: 0, D: 86400000, C: 2, I: 2, N: 2 }]
11-01 01:33:34.810 13413 13501 I Finsky  : [1935] yqw.accept(345): SCH: Scheduling phonesky job Id: 3-18, CT: 1698816028107, Constraints: [{ L: 0, D: 86400000, C: 1, I: 2, N: 2 }]
11-01 01:33:34.814 13413 13501 I Finsky  : [1935] yqw.accept(345): SCH: Scheduling phonesky job Id: 3-19, CT: 1698816028107, Constraints: [{ L: 0, D: 86400000, C: 2, I: 1, N: 2 }]
11-01 01:33:34.814 13413 13501 I Finsky  : [1935] yqw.accept(345): SCH: Scheduling phonesky job Id: 12-1, CT: 1698816027394, Constraints: [{ L: 15000, D: 86400000, C: 1, I: 1, N: 1 }]
11-01 01:33:34.815 13413 13501 I Finsky  : [1935] yqw.accept(345): SCH: Scheduling phonesky job Id: 37-0, CT: 1698816027806, Constraints: [{ L: 0, D: 0, C: 1, I: 1, N: 0 }, { L: 0, D: 0, C: 1, I: 1, N: 0 }]
11-01 01:33:34.821 13431 13431 W ComponentDiscovery: Application info not found.
11-01 01:33:34.821 13431 13431 W ComponentDiscovery: Could not retrieve metadata, returning empty list of registrars.
11-01 01:33:34.874 13413 13413 I Finsky  : [2] ahxh.c(44): Do not start WearSupportService due to Wear service optimization
11-01 01:33:34.874 13413 13413 I Finsky  : [2] abgi.f(9): Clearing split related stale data.
11-01 01:33:34.876  1779 13554 W DnsTlsSocket: SSL_connect error 5, errno=111
11-01 01:33:34.888  2044  2070 I ActivityTaskManager: Displayed com.german_software_engineers.trainerapp/.TrainingsSchedule: +865ms
11-01 01:33:34.894 10653 10714 E bkaa    : Phenotype API error. Event # dkqx@ab567c33, EventCode: 32 [CONTEXT service_id=51 ]
11-01 01:33:34.894 10653 10714 E bkaa    : bjzc: 29503
11-01 01:33:34.894 10653 10714 E bkaa    : 	at bkbq.g(:com.google.android.gms@230914031@23.09.14 (100700-515650844):7)
11-01 01:33:34.894 10653 10714 E bkaa    : 	at bkaa.e(:com.google.android.gms@230914031@23.09.14 (100700-515650844):4)
11-01 01:33:34.894 10653 10714 E bkaa    : 	at bkaa.f(:com.google.android.gms@230914031@23.09.14 (100700-515650844):2)
11-01 01:33:34.894 10653 10714 E bkaa    : 	at auod.eu(:com.google.android.gms@230914031@23.09.14 (100700-515650844):1)
11-01 01:33:34.894 10653 10714 E bkaa    : 	at auoj.run(:com.google.android.gms@230914031@23.09.14 (100700-515650844):12)
11-01 01:33:34.894 10653 10714 E bkaa    : 	at cpmz.run(:com.google.android.gms@230914031@23.09.14 (100700-515650844):2)
11-01 01:33:34.894 10653 10714 E bkaa    : 	at acit.c(:com.google.android.gms@230914031@23.09.14 (100700-515650844):6)
11-01 01:33:34.894 10653 10714 E bkaa    : 	at acit.run(:com.google.android.gms@230914031@23.09.14 (100700-515650844):7)
11-01 01:33:34.894 10653 10714 E bkaa    : 	at java.util.concurrent.ThreadPoolExecutor.runWorker(ThreadPoolExecutor.java:1167)
11-01 01:33:34.894 10653 10714 E bkaa    : 	at java.util.concurrent.ThreadPoolExecutor$Worker.run(ThreadPoolExecutor.java:641)
11-01 01:33:34.894 10653 10714 E bkaa    : 	at acnz.run(:com.google.android.gms@230914031@23.09.14 (100700-515650844):0)
11-01 01:33:34.894 10653 10714 E bkaa    : 	at java.lang.Thread.run(Thread.java:919)
11-01 01:33:34.895 10653 10714 W AsyncOperation: operation=SetAppSpecificPropertiesOperationCall, opStatusCode=29503 [CONTEXT service_id=51 ]
11-01 01:33:34.895 10653 10714 W AsyncOperation: OperationException[Status{statusCode=unknown status code: 29503, resolution=null}]
11-01 01:33:34.895 10653 10714 W AsyncOperation: 	at bkaa.e(:com.google.android.gms@230914031@23.09.14 (100700-515650844):6)
11-01 01:33:34.895 10653 10714 W AsyncOperation: 	at bkaa.f(:com.google.android.gms@230914031@23.09.14 (100700-515650844):2)
11-01 01:33:34.895 10653 10714 W AsyncOperation: 	at auod.eu(:com.google.android.gms@230914031@23.09.14 (100700-515650844):1)
11-01 01:33:34.895 10653 10714 W AsyncOperation: 	at auoj.run(:com.google.android.gms@230914031@23.09.14 (100700-515650844):12)
11-01 01:33:34.895 10653 10714 W AsyncOperation: 	at cpmz.run(:com.google.android.gms@230914031@23.09.14 (100700-515650844):2)
11-01 01:33:34.895 10653 10714 W AsyncOperation: 	at acit.c(:com.google.android.gms@230914031@23.09.14 (100700-515650844):6)
11-01 01:33:34.895 10653 10714 W AsyncOperation: 	at acit.run(:com.google.android.gms@230914031@23.09.14 (100700-515650844):7)
11-01 01:33:34.895 10653 10714 W AsyncOperation: 	at java.util.concurrent.ThreadPoolExecutor.runWorker(ThreadPoolExecutor.java:1167)
11-01 01:33:34.895 10653 10714 W AsyncOperation: 	at java.util.concurrent.ThreadPoolExecutor$Worker.run(ThreadPoolExecutor.java:641)
11-01 01:33:34.895 10653 10714 W AsyncOperation: 	at acnz.run(:com.google.android.gms@230914031@23.09.14 (100700-515650844):0)
11-01 01:33:34.895 10653 10714 W AsyncOperation: 	at java.lang.Thread.run(Thread.java:919)
11-01 01:33:34.908 13368 13391 I ProvidersCache: Provider returned no roots. Possibly naughty: com.google.android.apps.docs.storage
11-01 01:33:34.909 10653 10653 W SystemServiceRegistry: No service published for: persistent_data_block
11-01 01:33:34.914 13368 13392 I ProvidersCache: Provider returned no roots. Possibly naughty: com.google.android.apps.docs.storage
11-01 01:33:34.915 11079 11079 D BoundBrokerSvc: onBind: Intent { act=com.google.android.gms.checkin.START pkg=com.google.android.gms }
11-01 01:33:34.915 11079 11079 D BoundBrokerSvc: Loading bound service for intent: Intent { act=com.google.android.gms.checkin.START pkg=com.google.android.gms }
11-01 01:33:34.931 13413 13507 I Finsky  : [1940] zbq.apply(59): SCH: Scheduling 0 system job(s)
11-01 01:33:34.938  1779 13554 W DnsTlsSocket: SSL_connect error 5, errno=111
11-01 01:33:34.959 16502 13286 I PBSessionCacheImpl: (REDACTED) Deleted sessionId[%d] from persistence.
11-01 01:33:34.966 16502 16616 I A       : getLocaleToModelSpecsMap
11-01 01:33:34.966 13413 13544 I Finsky  : [1961] pbm.run(216): Wrote row to frosting DB: 404
11-01 01:33:34.967 16502 16616 I A       : getLocaleToModelSpecsMap
11-01 01:33:34.967 16502 16616 W SearchServiceCore: Abort, client detached.
11-01 01:33:34.970 16502 16616 I MicroDetectionState: (REDACTED) #takeChangeMicroDetectorMode [mIsBargeInEnabled: %b, mCurrentDetectionMode: %s]
11-01 01:33:34.970 16502 16616 I MicroDetectionState: (REDACTED) Should stop hotword detection immediately - %b
11-01 01:33:34.970 16502 16616 I A       : getLocaleToModelSpecsMap
11-01 01:33:34.971 16502 16616 I A       : getLocaleToModelSpecsMap
11-01 01:33:34.976 13413 13534 I Finsky  : [1958] kxr.aeJ(109): [ContentSync] finished, scheduled=false
11-01 01:33:34.980 13413 13544 I Finsky  : [1961] pbm.run(216): Wrote row to frosting DB: 405
11-01 01:33:34.982  2044  7233 I ActivityManager: Killing 11410:com.google.android.partnersetup/u0a101 (adj 985): empty #17
11-01 01:33:34.991 13413 13413 I Finsky  : [2] qtu.y(24): Installer: Attempting to start installer
11-01 01:33:34.995  1780  1780 D Zygote  : Forked child process 13568
11-01 01:33:34.998 13413 13565 I Finsky  : [1969] bb.a(21): Asset module storage cleared for package com.german_software_engineers.trainerapp.
11-01 01:33:35.000  2044  2072 I ActivityManager: Start proc 13568:com.android.vending:background/u0a93 for broadcast {com.android.vending/com.google.android.finsky.packagemonitor.backgroundimpl.BackgroundPackageMonitorReceiverImpl$RegisteredReceiver}
11-01 01:33:35.000 13568 13568 W ding:backgroun: Unexpected CPU variant for X86 using defaults: x86
11-01 01:33:35.006  1779 13578 W DnsTlsSocket: SSL_connect error 5, errno=111
11-01 01:33:35.009 13568 13568 E ding:backgroun: Not starting debugger since process cannot load the jdwp agent.
11-01 01:33:35.009 13413 13413 I Finsky  : [2] anfz.d(7): registerListener
11-01 01:33:35.014 13413 13413 I Finsky  : [2] abai.<init>(263): Initializing pausers from value store.
11-01 01:33:35.015 13413 13413 I Finsky  : [2] abai.<init>(320): setup::RES: Callers (Pausers) in PauseUpdatesCallersValueStore: []
11-01 01:33:35.029  1780  1780 I Zygote  : Process 11410 exited due to signal 9 (Killed)
11-01 01:33:35.046 13568 13568 I ding:backgroun: The ClassLoaderContext is a special shared library.
11-01 01:33:35.052  1800  2437 E GnssHAL_GnssInterface: gnssSvStatusCb: a: input svInfo.flags is 8
11-01 01:33:35.052  1800  2437 E GnssHAL_GnssInterface: gnssSvStatusCb: b: input svInfo.flags is 8
11-01 01:33:35.059  2044  2073 I libprocessgroup: Successfully killed process cgroup uid 10101 pid 11410 in 76ms
11-01 01:33:35.060 13413 13413 I Finsky  : [2] mgi.onSubscriptionsChanged(6): onSubscriptionsChanged
11-01 01:33:35.066 13413 13413 I Finsky  : [2] qtu.R(15): Installer: Installer kick - no action, not running yet
11-01 01:33:35.067  1779 13578 W DnsTlsSocket: SSL_connect error 5, errno=111
11-01 01:33:35.082 13413 13477 D NetworkSecurityConfig: No Network Security Config specified, using platform default
11-01 01:33:35.086 13413 13586 I Finsky  : [1973] qro.apply(735): Installer: Registering atomic install listeners with package installer
11-01 01:33:35.087 13413 13585 I Finsky  : [1972] qrx.a(936): Installer: Checking for orphaned groups
11-01 01:33:35.087  1779 13592 W DnsTlsSocket: SSL_connect error 5, errno=111
11-01 01:33:35.092 13413 13586 I Finsky  : [1973] tne.F(6): getDownloads()
11-01 01:33:35.098 13568 13568 W ding:backgroun: JIT profile information will not be recorded: profile file does not exits.
11-01 01:33:35.098 13568 13568 W ding:backgroun: JIT profile information will not be recorded: profile file does not exits.
11-01 01:33:35.119 13568 13568 I Finsky:background: [2] khh.i(84): Process created at version: 38.1.18-29 [0] [PR] 575289603
11-01 01:33:35.168  1779 13592 W DnsTlsSocket: SSL_connect error 5, errno=111
11-01 01:33:35.218 13568 13568 I Finsky:background: [2] aifb.bp(289): Finished reading experiment flags from file [0tGUNCGIkbk4o6-fQ335kUYSKwVj4lusnHT-A5Dsy08] numFlags=865.
11-01 01:33:35.259 13568 13568 I Finsky:background: [2] aifb.bp(289): Finished reading experiment flags from file [Se-xCc4LzNyh3UrKMIU2sUf-PUKz4oQEbpKZDMuaFno] numFlags=1819.
11-01 01:33:35.267 13568 13568 I Finsky:background: [2] wib.<init>(69): whu - Registering in memory receiver for android.intent.action.PACKAGE_ADDED and android.intent.action.PACKAGE_REMOVED
11-01 01:33:35.273 13568 13568 I Finsky:background: [2] jqk.h(312): This process start was not selected for Play memory metrics collection.
11-01 01:33:35.276 13568 13568 I Finsky:background: [2] sce.onCreate(9): IPC-SERVER: Starting gRPC host service...
11-01 01:33:35.317 13568 13610 W ding:backgroun: Accessing hidden field Ljava/util/Collections$SynchronizedCollection;->mutex:Ljava/lang/Object; (greylist-max-o, reflection, denied)
11-01 01:33:35.318 13568 13610 W ding:backgroun: Accessing hidden method Ljava/util/Collections$SynchronizedSet;-><init>(Ljava/util/Set;Ljava/lang/Object;)V (greylist-max-o, reflection, denied)
11-01 01:33:35.318 13568 13610 W ding:backgroun: Accessing hidden method Ljava/util/Collections$SynchronizedCollection;-><init>(Ljava/util/Collection;Ljava/lang/Object;)V (greylist-max-o, reflection, denied)
11-01 01:33:35.320 13568 13611 I Finsky:background: [1945] nrk.i(6): getDownloads()
11-01 01:33:35.365 13568 13612 W ding:backgroun: Accessing hidden method Landroid/view/View;->getWindowInsetsController()Landroid/view/WindowInsetsController; (blacklist, linking, denied)
11-01 01:33:35.375  2044  2325 D ConnectivityService: requestNetwork for uid/pid:10093/13568 NetworkRequest [ TRACK_DEFAULT id=109, [ Capabilities: INTERNET&NOT_RESTRICTED&TRUSTED Uid: 10093] ]
11-01 01:33:35.375  2044  2152 D WifiNetworkFactory: got request NetworkRequest [ TRACK_DEFAULT id=109, [ Capabilities: INTERNET&NOT_RESTRICTED&TRUSTED Uid: 10093] ] with score 60 and serial -1
11-01 01:33:35.375  2044  2152 D UntrustedWifiNetworkFactory: got request NetworkRequest [ TRACK_DEFAULT id=109, [ Capabilities: INTERNET&NOT_RESTRICTED&TRUSTED Uid: 10093] ] with score 60 and serial -1
11-01 01:33:35.377  2453  2453 D PhoneSwitcherNetworkRequstListener: got request NetworkRequest [ TRACK_DEFAULT id=109, [ Capabilities: INTERNET&NOT_RESTRICTED&TRUSTED Uid: 10093] ] with score 60 and serial -1
11-01 01:33:35.383  2044  3016 I ActivityManager: Killing 11515:com.google.android.apps.tachyon/u0a88 (adj 985): empty #17
11-01 01:33:35.386 13568 13614 I Finsky:background: [1948] ovr.i(184): All invisible downloads are finished.
11-01 01:33:35.386 13568 13614 I Finsky:background: [1948] nvh.c(6): Stopping invisible download job
11-01 01:33:35.402 11079 11079 D BoundBrokerSvc: onBind: Intent { act=com.google.android.gms.common.BIND_SHARED_PREFS pkg=com.google.android.gms }
11-01 01:33:35.402 11079 11079 D BoundBrokerSvc: Loading bound service for intent: Intent { act=com.google.android.gms.common.BIND_SHARED_PREFS pkg=com.google.android.gms }
11-01 01:33:35.411 11079 11079 D BoundBrokerSvc: onUnbind: Intent { act=com.google.android.gms.common.BIND_SHARED_PREFS pkg=com.google.android.gms }
11-01 01:33:35.445  2044  2757 W BroadcastQueue: Background execution not allowed: receiving Intent { act=android.intent.action.PACKAGE_ADDED dat=package:com.german_software_engineers.trainerapp flg=0x4000010 (has extras) } to com.google.android.packageinstaller/com.android.packageinstaller.PackageInstalledReceiver
11-01 01:33:35.446  2044  2071 W BroadcastQueue: Background execution not allowed: receiving Intent { act=android.intent.action.PACKAGE_ADDED dat=package:com.german_software_engineers.trainerapp flg=0x4000010 (has extras) } to com.android.musicfx/.Compatibility$Receiver
11-01 01:33:35.446  2044  2071 W BroadcastQueue: Background execution not allowed: receiving Intent { act=android.intent.action.PACKAGE_ADDED dat=package:com.german_software_engineers.trainerapp flg=0x4000010 (has extras) } to com.android.vending/com.google.android.finsky.packagemonitor.impl.PackageMonitorReceiverImpl$RegisteredReceiver
11-01 01:33:35.446  2044  2071 W BroadcastQueue: Background execution not allowed: receiving Intent { act=android.intent.action.PACKAGE_ADDED dat=package:com.german_software_engineers.trainerapp flg=0x4000010 (has extras) } to com.android.vending/com.google.android.finsky.packagemonitor.backgroundimpl.BackgroundPackageMonitorReceiverImpl$RegisteredReceiver
11-01 01:33:35.447  2044  2071 W BroadcastQueue: Background execution not allowed: receiving Intent { act=android.intent.action.PACKAGE_ADDED dat=package:com.german_software_engineers.trainerapp flg=0x4000010 (has extras) } to com.google.android.gms/.games.chimera.GamesSystemBroadcastReceiverProxy
11-01 01:33:35.447  2044  2071 W BroadcastQueue: Background execution not allowed: receiving Intent { act=android.intent.action.PACKAGE_ADDED dat=package:com.german_software_engineers.trainerapp flg=0x4000010 (has extras) } to com.google.android.gms/.gass.chimera.PackageChangeBroadcastReceiver
11-01 01:33:35.447  2044  2071 W BroadcastQueue: Background execution not allowed: receiving Intent { act=android.intent.action.PACKAGE_ADDED dat=package:com.german_software_engineers.trainerapp flg=0x4000010 (has extras) } to com.google.android.gms/.chimera.GmsIntentOperationService$PersistentTrustedReceiver
11-01 01:33:35.447  2044  2071 W BroadcastQueue: Background execution not allowed: receiving Intent { act=android.intent.action.PACKAGE_ADDED dat=package:com.german_software_engineers.trainerapp flg=0x4000010 (has extras) } to com.google.android.googlequicksearchbox/com.google.android.apps.gsa.googlequicksearchbox.GelStubAppWatcher
11-01 01:33:35.447  2044  2071 W BroadcastQueue: Background execution not allowed: receiving Intent { act=android.intent.action.PACKAGE_ADDED dat=package:com.german_software_engineers.trainerapp flg=0x4000010 (has extras) } to com.google.android.ims/.receivers.RcsAutoStartReceiver
11-01 01:33:35.453  1780  1780 D Zygote  : Forked child process 13621
11-01 01:33:35.459  2044  2072 I ActivityManager: Start proc 13621:com.google.android.packageinstaller/u0a59 for broadcast {com.google.android.packageinstaller/com.android.packageinstaller.PackageInstalledReceiver}
11-01 01:33:35.465 13621 13621 W ackageinstalle: Unexpected CPU variant for X86 using defaults: x86
11-01 01:33:35.470 13621 13621 E ackageinstalle: Not starting debugger since process cannot load the jdwp agent.
11-01 01:33:35.474  1780  1780 I Zygote  : Process 11515 exited due to signal 9 (Killed)
11-01 01:33:35.477 13568 13614 I Finsky:background: [1948] zyo.<init>(55): Resetting scheduler db
11-01 01:33:35.484 13568 13614 I Finsky:background: [1948] ovr.i(184): All invisible downloads are finished.
11-01 01:33:35.484 13568 13614 I Finsky:background: [1948] nvh.c(6): Stopping invisible download job
11-01 01:33:35.486 13568 13614 I Finsky:background: [1948] ovr.i(184): All invisible downloads are finished.
11-01 01:33:35.486 13568 13614 I Finsky:background: [1948] nvh.c(6): Stopping invisible download job
11-01 01:33:35.486 13568 13614 I Finsky:background: [1948] ovr.i(184): All invisible downloads are finished.
11-01 01:33:35.487 13568 13614 I Finsky:background: [1948] nvh.c(6): Stopping invisible download job
11-01 01:33:35.487 13568 13614 I Finsky:background: [1948] ovr.i(184): All invisible downloads are finished.
11-01 01:33:35.488 13568 13614 I Finsky:background: [1948] nvh.c(6): Stopping invisible download job
11-01 01:33:35.492 13568 13641 I Finsky:background: [1953] zyb.a(15): SCH: no pending jobs to schedule.
11-01 01:33:35.496 13413 13496 I Finsky  : [1933] tne.F(6): getDownloads()
11-01 01:33:35.499 13568 13611 I Finsky:background: [1945] nrk.i(6): getDownloads()
11-01 01:33:35.504 13413 13586 I Finsky  : [1973] qlm.run(21): Installer: Installer starting
11-01 01:33:35.505 13413 13586 I Finsky  : [1973] qlm.run(44): Installer: Installer started
11-01 01:33:35.509  2044  2073 I libprocessgroup: Successfully killed process cgroup uid 10088 pid 11515 in 124ms
11-01 01:33:35.511 13413 13413 I Finsky  : [2] qtu.R(85): Installer: found apps to install. apps=[]
11-01 01:33:35.513 13621 13621 I ackageinstalle: The ClassLoaderContext is a special shared library.
11-01 01:33:35.520 13413 13643 I Finsky  : [1983] qxr.a(793): IV2: found recoverable installs: []
11-01 01:33:35.527 13413 13413 I Finsky  : [2] sce.onCreate(9): IPC-SERVER: Starting gRPC host service...
11-01 01:33:35.542  2044  5179 W BroadcastQueue: Background execution not allowed: receiving Intent { act=android.intent.action.DROPBOX_ENTRY_ADDED flg=0x10 (has extras) } to com.google.android.gms/.stats.service.DropBoxEntryAddedReceiver
11-01 01:33:35.543 13413 13496 I Finsky  : [1933] yqw.accept(345): SCH: Scheduling phonesky job Id: 1-1337, CT: 1698816814694, Constraints: [{ L: 0, D: 13300799, C: 1, I: 1, N: 1 }, { L: 0, D: 0, C: 1, I: 1, N: 0 }]
11-01 01:33:35.543  2044  5179 I ActivityManager: Killing 11577:com.google.android.apps.pixelmigrate/u0a91 (adj 975): empty #17
11-01 01:33:35.546  2044  2071 W BroadcastQueue: Background execution not allowed: receiving Intent { act=android.intent.action.DROPBOX_ENTRY_ADDED flg=0x10 (has extras) } to com.google.android.gms/.chimera.GmsIntentOperationService$PersistentTrustedReceiver
11-01 01:33:35.552 13413 13502 I Finsky  : [1936] zbq.apply(59): SCH: Scheduling 0 system job(s)
11-01 01:33:35.558  2044  2044 I RoleManagerService: Granting default permissions...
11-01 01:33:35.558  2044  2139 I InputReader: Reconfiguring input devices.  changes=0x00000010
11-01 01:33:35.565  2044  2070 E system_server: No package ID 7f found for ID 0x7f0803b6.
11-01 01:33:35.565  2044  2070 E system_server: No package ID 7f found for ID 0x7f1407fb.
11-01 01:33:35.578  2044  2044 I Telecom : DefaultDialerCache: Refreshing default dialer for user 0: now com.android.dialer: DDC.oR@AeM
11-01 01:33:35.590  1780  1780 I Zygote  : Process 11577 exited due to signal 9 (Killed)
11-01 01:33:35.606 13413 13648 I Finsky  : [1987] rdi.D(6): IQ: Pruning inactive install requests
11-01 01:33:35.607 10653 13295 I Fitness : (REDACTED) OnPackageChangedOperation got intent: %s
11-01 01:33:35.629  2044  2073 I libprocessgroup: Successfully killed process cgroup uid 10091 pid 11577 in 81ms
11-01 01:33:35.633 10653 10689 W ChimeraUtils: Module com.google.android.gms.nearby_en has empty metadata display_name_string_id
11-01 01:33:35.639 13413 13534 I Finsky  : [1958] zyg.apply(33): SCH: Canceling job 3-14
11-01 01:33:35.642 10653 13311 I Fitness : (REDACTED) FitCleanupIntentOperation received Intent %s
11-01 01:33:35.661 13413 13413 I Finsky  : [2] abge.a(9): Connecting InstallListener to SplitInstallService broadcaster...
11-01 01:33:35.664 13413 13507 I Finsky  : [1940] yqw.accept(345): SCH: Scheduling phonesky job Id: 3-17, CT: 1698816028106, Constraints: [{ L: 0, D: 86400000, C: 2, I: 2, N: 2 }]
11-01 01:33:35.673  2453  2453 D CarrierSvcBindHelper: No carrier app for: 0
11-01 01:33:35.678 13413 13501 I Finsky  : [1935] zbq.apply(59): SCH: Scheduling 1 system job(s)
11-01 01:33:35.679 13413 13501 I Finsky  : [1935] zyd.d(263): SCH: Scheduling system job Id: 9886, L: 0, D: 85612428, C: true, I: true, N: 2
11-01 01:33:35.686 13368 13392 I ProvidersCache: Provider returned no roots. Possibly naughty: com.google.android.apps.docs.storage
11-01 01:33:35.692 10653 10689 W ChimeraUtils: Module com.google.android.gms.nearby_en has empty metadata display_name_string_id
11-01 01:33:35.698 11079 13395 I Icing   : Indexing com.google.android.gms-apps from com.google.android.gms
11-01 01:33:35.699 13413 13534 I Finsky  : [1958] zyg.apply(33): SCH: Canceling job 3-15
11-01 01:33:35.704 13413 13507 I Finsky  : [1940] yqw.accept(345): SCH: Scheduling phonesky job Id: 3-18, CT: 1698816028107, Constraints: [{ L: 0, D: 86400000, C: 1, I: 2, N: 2 }]
11-01 01:33:35.712 13413 13507 I Finsky  : [1940] zbq.apply(59): SCH: Scheduling 1 system job(s)
11-01 01:33:35.712 13413 13507 I Finsky  : [1940] zyd.d(263): SCH: Scheduling system job Id: 9887, L: 0, D: 85612395, C: false, I: true, N: 2
11-01 01:33:35.717 11079 13395 I Icing   : Indexing done com.google.android.gms-apps
11-01 01:33:35.730 13413 13534 I Finsky  : [1958] zyg.apply(33): SCH: Canceling job 3-16
11-01 01:33:35.733 13413 13496 I Finsky  : [1933] yqw.accept(345): SCH: Scheduling phonesky job Id: 3-19, CT: 1698816028107, Constraints: [{ L: 0, D: 86400000, C: 2, I: 1, N: 2 }]
11-01 01:33:35.736 13413 13507 I Finsky  : [1940] zbq.apply(59): SCH: Scheduling 1 system job(s)
11-01 01:33:35.737 13413 13507 I Finsky  : [1940] zyd.d(263): SCH: Scheduling system job Id: 9888, L: 0, D: 85612371, C: true, I: false, N: 2
11-01 01:33:35.749 13413 13534 I Finsky  : [1958] zyg.apply(33): SCH: Canceling job 3-17
11-01 01:33:35.751 13413 13502 I Finsky  : [1936] zyb.a(15): SCH: no pending jobs to schedule.
11-01 01:33:35.756 13413 13534 I Finsky  : [1958] zyg.apply(33): SCH: Canceling job 3-18
11-01 01:33:35.758 13413 13496 I Finsky  : [1933] zyb.a(15): SCH: no pending jobs to schedule.
11-01 01:33:35.766 13413 13534 I Finsky  : [1958] zyg.apply(33): SCH: Canceling job 3-19
11-01 01:33:35.768 13413 13507 I Finsky  : [1940] zyb.a(15): SCH: no pending jobs to schedule.
11-01 01:33:35.775 13413 13648 I Finsky  : [1987] rcz.apply(1401): IQ: Creating job 20, for (REQ_CHARGING, REQ_DEVICE_IDLE, REQ_GEARHEAD_PROJECTION_OFF, NETWORK=UNMETERED, PROVISIONING_STATE=PROVISIONED, BACKUP_MANAGER_STATE=BACKUP_READY)
11-01 01:33:35.775 13413 13648 I Finsky  : [1987] rcz.apply(1401): IQ: Creating job 21, for (REQ_DEVICE_IDLE, REQ_GEARHEAD_PROJECTION_OFF, NETWORK=UNMETERED, PROVISIONING_STATE=PROVISIONED, BACKUP_MANAGER_STATE=BACKUP_READY)
11-01 01:33:35.776 13413 13648 I Finsky  : [1987] rcz.apply(1401): IQ: Creating job 22, for (REQ_CHARGING, REQ_GEARHEAD_PROJECTION_OFF, NETWORK=UNMETERED, PROVISIONING_STATE=PROVISIONED, BACKUP_MANAGER_STATE=BACKUP_READY, PROCESS_IMPORTANCE_THRESHOLD=125)
11-01 01:33:35.776 13413 13648 I Finsky  : [1987] rdi.G(92): IQ: Bulk scheduling created jobs
11-01 01:33:35.783 13413 13501 I Finsky  : [1935] abje.c(17): SSM: Start staged session task with 0 tracked staged sessions
11-01 01:33:35.807 13413 13507 I Finsky  : [1940] yqw.accept(345): SCH: Scheduling phonesky job Id: 3-20, CT: 1698816815776, Constraints: [{ L: 0, D: 86400000, C: 2, I: 2, N: 2 }]
11-01 01:33:35.808 13413 13507 I Finsky  : [1940] yqw.accept(345): SCH: Scheduling phonesky job Id: 3-21, CT: 1698816815776, Constraints: [{ L: 0, D: 86400000, C: 1, I: 2, N: 2 }]
11-01 01:33:35.808 13413 13507 I Finsky  : [1940] yqw.accept(345): SCH: Scheduling phonesky job Id: 3-22, CT: 1698816815776, Constraints: [{ L: 0, D: 86400000, C: 2, I: 1, N: 2 }]
11-01 01:33:35.814 13413 13502 I Finsky  : [1936] zbq.apply(59): SCH: Scheduling 0 system job(s)
11-01 01:33:36.060  1800  2437 E GnssHAL_GnssInterface: gnssSvStatusCb: a: input svInfo.flags is 8
11-01 01:33:36.060  1800  2437 E GnssHAL_GnssInterface: gnssSvStatusCb: b: input svInfo.flags is 8
11-01 01:33:36.205  2044  2070 I RoleUserState: Wrote roles.xml successfully
11-01 01:33:37.063 13568 13583 W System  : A resource failed to call close. 
11-01 01:33:37.068  1800  2437 E GnssHAL_GnssInterface: gnssSvStatusCb: a: input svInfo.flags is 8
11-01 01:33:37.068  1800  2437 E GnssHAL_GnssInterface: gnssSvStatusCb: b: input svInfo.flags is 8
11-01 01:33:37.521 13431 13523 W DynamiteModule: Local module descriptor class for providerinstaller not found.
11-01 01:33:37.523 10653 11077 W ProviderHelper: Unknown dynamite feature providerinstaller
11-01 01:33:37.525 13431 13523 W ProviderInstaller: Failed to load providerinstaller module: No acceptable module found. Local version is 0 and remote version is 0.
11-01 01:33:37.527 13431 13523 I droid.apps.doc: The ClassLoaderContext is a special shared library.
11-01 01:33:37.528 13431 13523 I droid.apps.doc: The ClassLoaderContext is a special shared library.
11-01 01:33:37.536 13431 13523 V NativeCrypto: Registering com/google/android/gms/org/conscrypt/NativeCrypto's 295 native methods...
11-01 01:33:37.545 13431 13523 D NetworkSecurityConfig: Using Network Security Config from resource network_security_config debugBuild: false
11-01 01:33:37.546 13431 13523 I ProviderInstaller: Installed default security provider GmsCore_OpenSSL
11-01 01:33:38.078  1800  2437 E GnssHAL_GnssInterface: gnssSvStatusCb: a: input svInfo.flags is 8
11-01 01:33:38.079  1800  2437 E GnssHAL_GnssInterface: gnssSvStatusCb: b: input svInfo.flags is 8
11-01 01:33:38.586  2718  3676 E ActivityThread: Failed to find provider info for com.google.android.apps.wellbeing.api
11-01 01:33:39.084  1800  2437 E GnssHAL_GnssInterface: gnssSvStatusCb: a: input svInfo.flags is 8
11-01 01:33:39.084  1800  2437 E GnssHAL_GnssInterface: gnssSvStatusCb: b: input svInfo.flags is 8
11-01 01:33:40.094  1800  2437 E GnssHAL_GnssInterface: gnssSvStatusCb: a: input svInfo.flags is 8
11-01 01:33:40.094  1800  2437 E GnssHAL_GnssInterface: gnssSvStatusCb: b: input svInfo.flags is 8
11-01 01:33:41.104  1800  2437 E GnssHAL_GnssInterface: gnssSvStatusCb: a: input svInfo.flags is 8
11-01 01:33:41.105  1800  2437 E GnssHAL_GnssInterface: gnssSvStatusCb: b: input svInfo.flags is 8
11-01 01:33:42.111  1800  2437 E GnssHAL_GnssInterface: gnssSvStatusCb: a: input svInfo.flags is 8
11-01 01:33:42.111  1800  2437 E GnssHAL_GnssInterface: gnssSvStatusCb: b: input svInfo.flags is 8
11-01 01:33:43.116  1800  2437 E GnssHAL_GnssInterface: gnssSvStatusCb: a: input svInfo.flags is 8
11-01 01:33:43.116  1800  2437 E GnssHAL_GnssInterface: gnssSvStatusCb: b: input svInfo.flags is 8
11-01 01:33:44.121  1800  2437 E GnssHAL_GnssInterface: gnssSvStatusCb: a: input svInfo.flags is 8
11-01 01:33:44.121  1800  2437 E GnssHAL_GnssInterface: gnssSvStatusCb: b: input svInfo.flags is 8
11-01 01:33:44.430  2044  2070 E memtrack: Couldn't load memtrack module
11-01 01:33:44.430  2044  2070 W android.os.Debug: failed to get memory consumption info: -1
11-01 01:33:44.546 13413 13507 I Finsky  : [1940] jnz.run(44): Initializing the instant apps module.
11-01 01:33:44.558 13413 13502 I Finsky  : [1936] nel.a(871): System was updated or GL extensions were already cached.
11-01 01:33:44.575  2453  2845 D TelephonyProvider: subIdString = 1 subId = 1
11-01 01:33:44.582 13413 13502 I Finsky  : [1936] mgj.a(222): Get APN successfully: [f-FK8ZIplrmCGwgLA5IYRKdVgTtrbZOEsUepVMGEZws]
11-01 01:33:44.587 13413 13477 I Finsky  : [1922] wry.h(14): Triggered update for experiment package com.google.android.finsky.stable.
11-01 01:33:44.601 13413 13662 I PhClient: Unable to retrieve flag snapshot for com.google.android.gms.phenotype, using defaults.
11-01 01:33:44.614 13413 13530 D RegisterSyncOperation: Register sync called by com.android.vending, but not syncing since nothing changed
11-01 01:33:44.620 13413 13530 D GetConfigurationSnapsho: getFullConfigurationsOnly
11-01 01:33:44.661 13413 13478 D CommitToConfigurationOp: real commit done, callingPackage: com.android.vending snapshot:  com.google.android.finsky.stable 83811820 12 -723507996 com.google.android.finsky.stable 812534817 0
11-01 01:33:44.662 13413 13478 D ExperimentTokensCache: Clearing ExperimentTokensCache
11-01 01:33:44.670 13413 13477 I Finsky  : [1922] aifb.bw(80): Writing flags config, size 1.
11-01 01:33:44.670 13413 13477 I Finsky  : [1922] aifb.bw(93): Started writing experiment flags into file [8uKij9Tp4PZyjSvh8NyLyFvuCv94NONrKvkkdzEKIoQ].
11-01 01:33:44.673 13413 13477 I Finsky  : [1922] aifb.bw(422): Finished writing experiment flags into file [8uKij9Tp4PZyjSvh8NyLyFvuCv94NONrKvkkdzEKIoQ], numFlags=1277.
11-01 01:33:44.678 13413 13477 I Finsky  : [1922] wry.g(228): Successfully applied new configurations for package com.google.android.finsky.stable.
11-01 01:33:44.681 13413 13477 I Finsky  : [1922] wry.g(299): [EExp] Exporting experiments for package com.google.android.finsky.stable.
11-01 01:33:44.682 13413 13477 I Finsky  : [1922] zif.A(27): [EExp] Exporting experiments for namespace com.google.android.finsky.stable.
11-01 01:33:44.696 13413 13544 I Finsky  : [1961] pbm.run(216): Wrote row to frosting DB: 406
11-01 01:33:44.712 13413 13419 I android.vendin: Compiler allocated 4180KB to compile ajpf ajqr.b(android.content.Context, ajqe)
11-01 01:33:44.712 13413 13477 I Finsky  : [1922] wry.g(353): [EExp] Successfully exported experiments for package com.google.android.finsky.stable.
11-01 01:33:44.714 13413 13477 I Finsky  : [1922] wry.h(14): Triggered update for experiment package com.google.android.finsky.regular.
11-01 01:33:44.732 13413 13530 D RegisterSyncOperation: Register sync called by com.android.vending, but not syncing since nothing changed
11-01 01:33:44.746 13413 13530 D GetConfigurationSnapsho: getFullConfigurationsOnly
11-01 01:33:44.748 13413 13502 W android.vendin: Accessing hidden method Landroid/graphics/Canvas;->drawPatch(Landroid/graphics/NinePatch;Landroid/graphics/Rect;Landroid/graphics/Paint;)V (greylist-max-o, linking, denied)
11-01 01:33:44.748 13413 13502 W android.vendin: Accessing hidden method Landroid/graphics/Canvas;->drawPatch(Landroid/graphics/NinePatch;Landroid/graphics/RectF;Landroid/graphics/Paint;)V (greylist-max-o, linking, denied)
11-01 01:33:44.754 13413 13502 W Finsky  : [1936] ydp.a(61): PreloadClasses: Unable to load [androidx.compose.ui.platform.WindowRecomposerFactory$Companion$LifecycleAware$1, androidx.compose.runtime.snapshots.Snapshot$Companion$registerApplyObserver$2, androidx.compose.ui.platform.WrapperVerificationHelperMethods, androidx.compose.ui.platform.DisposableSaveableStateRegistry_androidKt$DisposableSaveableStateRegistry$registered$1, androidx.compose.animation.core.EasingKt$LinearEasing$1, androidx.compose.foundation.layout.BoxKt$boxMeasurePolicy$1$measure$2, androidx.compose.animation.core.Transition$updateTarget$2, androidx.compose.material.TextKt$Text$1, androidx.compose.ui.layout.SubcomposeLayoutKt$SubcomposeLayout$$inlined$ComposeNode$1, androidx.compose.foundation.layout.BoxKt$EmptyBoxMeasurePolicy$1$measure$1]
11-01 01:33:44.762 13413 13501 I Finsky  : [1935] kex.run(762): Component class com.google.android.finsky.wearsupport.WearSupportService disabled via PackageManager.
11-01 01:33:44.763 13413 13501 I Finsky  : [1935] kex.run(762): Component class com.google.android.finsky.wearsupport.WearChangeListenerService disabled via PackageManager.
