01-15 02:03:09.857 20950 20950 E android.os.Debug: failed to load memtrack module: -2
01-15 02:03:09.858 20950 20950 I Radio-JNI: register_android_hardware_Radio DONE
01-15 02:03:09.866 20950 20950 D AndroidRuntime: Calling main entry com.android.commands.uiautomator.Launcher
01-15 02:03:10.898 20950 20950 I AccessibilityNodeInfoDumper: Skipping invisible child: android.view.accessibility.AccessibilityNodeInfo@800167ba; boundsInParent: Rect(0, 0 - 0, 71); boundsInScreen: Rect(42, 101 - 42, 172); packageName: io.lerk.lrkFM; className: android.widget.TextView; text: Welcome; error: null; maxTextLength: -1; contentDescription: null; viewIdResName: null; checkable: false; checked: false; focusable: false; focused: false; selected: false; clickable: false; longClickable: false; contextClickable: false; enabled: true; password: false; scrollable: false; actions: [AccessibilityAction: ACTION_SELECT - null, AccessibilityAction: ACTION_CLEAR_SELECTION - null, AccessibilityAction: ACTION_ACCESSIBILITY_FOCUS - null, AccessibilityAction: ACTION_NEXT_AT_MOVEMENT_GRANULARITY - null, AccessibilityAction: ACTION_PREVIOUS_AT_MOVEMENT_GRANULARITY - null, AccessibilityAction: ACTION_SET_SELECTION - null, AccessibilityAction: ACTION_SHOW_ON_SCREEN - null]
01-15 02:03:10.898 20950 20950 I AccessibilityNodeInfoDumper: Skipping invisible child: android.view.accessibility.AccessibilityNodeInfo@80016b7b; boundsInParent: Rect(0, 0 - 0, 147); boundsInScreen: Rect(1080, 63 - 1080, 210); packageName: io.lerk.lrkFM; className: android.support.v7.widget.LinearLayoutCompat; text: null; error: null; maxTextLength: -1; contentDescription: null; viewIdResName: null; checkable: false; checked: false; focusable: false; focused: false; selected: false; clickable: false; longClickable: false; contextClickable: false; enabled: true; password: false; scrollable: false; actions: [AccessibilityAction: ACTION_SELECT - null, AccessibilityAction: ACTION_CLEAR_SELECTION - null, AccessibilityAction: ACTION_ACCESSIBILITY_FOCUS - null, AccessibilityAction: ACTION_SHOW_ON_SCREEN - null]
01-15 02:03:10.900 20950 20950 W AccessibilityNodeInfoDumper: Fetch time: 4ms
01-15 02:03:10.900  1697  2648 W WindowManager: Attempted to remove non-existing token: android.os.Binder@8b5ded2
01-15 02:03:10.908 20950 20950 D AndroidRuntime: Shutting down VM
01-15 02:03:11.266 20967 20967 D AndroidRuntime: >>>>>> START com.android.internal.os.RuntimeInit uid 2000 <<<<<<
01-15 02:03:11.268 20967 20967 D AndroidRuntime: CheckJNI is OFF
01-15 02:03:11.287 20967 20967 W art     : Unexpected CPU variant for X86 using defaults: x86_64
01-15 02:03:11.291 20967 20967 D ICU     : No timezone override file found: /data/local/tmp/misc/zoneinfo/current/icu/icu_tzdata.dat
01-15 02:03:11.317 20967 20967 E memtrack: Couldn't load memtrack module (No such file or directory)
01-15 02:03:11.317 20967 20967 E android.os.Debug: failed to load memtrack module: -2
01-15 02:03:11.318 20967 20967 I Radio-JNI: register_android_hardware_Radio DONE
01-15 02:03:11.324 20967 20967 D AndroidRuntime: Calling main entry com.android.commands.uiautomator.Launcher
01-15 02:03:12.357 20967 20967 I AccessibilityNodeInfoDumper: Skipping invisible child: android.view.accessibility.AccessibilityNodeInfo@800167ca; boundsInParent: Rect(0, 0 - 0, 71); boundsInScreen: Rect(42, 101 - 42, 172); packageName: io.lerk.lrkFM; className: android.widget.TextView; text: Welcome; error: null; maxTextLength: -1; contentDescription: null; viewIdResName: null; checkable: false; checked: false; focusable: false; focused: false; selected: false; clickable: false; longClickable: false; contextClickable: false; enabled: true; password: false; scrollable: false; actions: [AccessibilityAction: ACTION_SELECT - null, AccessibilityAction: ACTION_CLEAR_SELECTION - null, AccessibilityAction: ACTION_ACCESSIBILITY_FOCUS - null, AccessibilityAction: ACTION_NEXT_AT_MOVEMENT_GRANULARITY - null, AccessibilityAction: ACTION_PREVIOUS_AT_MOVEMENT_GRANULARITY - null, AccessibilityAction: ACTION_SET_SELECTION - null, AccessibilityAction: ACTION_SHOW_ON_SCREEN - null]
01-15 02:03:12.357 20967 20967 I AccessibilityNodeInfoDumper: Skipping invisible child: android.view.accessibility.AccessibilityNodeInfo@80016b8b; boundsInParent: Rect(0, 0 - 0, 147); boundsInScreen: Rect(1080, 63 - 1080, 210); packageName: io.lerk.lrkFM; className: android.support.v7.widget.LinearLayoutCompat; text: null; error: null; maxTextLength: -1; contentDescription: null; viewIdResName: null; checkable: false; checked: false; focusable: false; focused: false; selected: false; clickable: false; longClickable: false; contextClickable: false; enabled: true; password: false; scrollable: false; actions: [AccessibilityAction: ACTION_SELECT - null, AccessibilityAction: ACTION_CLEAR_SELECTION - null, AccessibilityAction: ACTION_ACCESSIBILITY_FOCUS - null, AccessibilityAction: ACTION_SHOW_ON_SCREEN - null]
01-15 02:03:12.359 20967 20967 W AccessibilityNodeInfoDumper: Fetch time: 4ms
01-15 02:03:12.360  1697  1709 W WindowManager: Attempted to remove non-existing token: android.os.Binder@362cea0
01-15 02:03:12.368 20967 20967 D AndroidRuntime: Shutting down VM
01-15 02:03:12.810 20987 20987 D AndroidRuntime: >>>>>> START com.android.internal.os.RuntimeInit uid 2000 <<<<<<
01-15 02:03:12.812 20987 20987 D AndroidRuntime: CheckJNI is OFF
01-15 02:03:12.848 20987 20987 W art     : Unexpected CPU variant for X86 using defaults: x86_64
01-15 02:03:12.853 20987 20987 D ICU     : No timezone override file found: /data/local/tmp/misc/zoneinfo/current/icu/icu_tzdata.dat
01-15 02:03:12.890 20987 20987 E memtrack: Couldn't load memtrack module (No such file or directory)
01-15 02:03:12.890 20987 20987 E android.os.Debug: failed to load memtrack module: -2
01-15 02:03:12.891 20987 20987 I Radio-JNI: register_android_hardware_Radio DONE
01-15 02:03:12.900 20987 20987 D AndroidRuntime: Calling main entry com.android.commands.uiautomator.Launcher
01-15 02:03:13.938 20987 20987 I AccessibilityNodeInfoDumper: Skipping invisible child: android.view.accessibility.AccessibilityNodeInfo@800167d3; boundsInParent: Rect(0, 0 - 0, 71); boundsInScreen: Rect(42, 101 - 42, 172); packageName: io.lerk.lrkFM; className: android.widget.TextView; text: Welcome; error: null; maxTextLength: -1; contentDescription: null; viewIdResName: null; checkable: false; checked: false; focusable: false; focused: false; selected: false; clickable: false; longClickable: false; contextClickable: false; enabled: true; password: false; scrollable: false; actions: [AccessibilityAction: ACTION_SELECT - null, AccessibilityAction: ACTION_CLEAR_SELECTION - null, AccessibilityAction: ACTION_ACCESSIBILITY_FOCUS - null, AccessibilityAction: ACTION_NEXT_AT_MOVEMENT_GRANULARITY - null, AccessibilityAction: ACTION_PREVIOUS_AT_MOVEMENT_GRANULARITY - null, AccessibilityAction: ACTION_SET_SELECTION - null, AccessibilityAction: ACTION_SHOW_ON_SCREEN - null]
01-15 02:03:13.938 20987 20987 I AccessibilityNodeInfoDumper: Skipping invisible child: android.view.accessibility.AccessibilityNodeInfo@80016b94; boundsInParent: Rect(0, 0 - 0, 147); boundsInScreen: Rect(1080, 63 - 1080, 210); packageName: io.lerk.lrkFM; className: android.support.v7.widget.LinearLayoutCompat; text: null; error: null; maxTextLength: -1; contentDescription: null; viewIdResName: null; checkable: false; checked: false; focusable: false; focused: false; selected: false; clickable: false; longClickable: false; contextClickable: false; enabled: true; password: false; scrollable: false; actions: [AccessibilityAction: ACTION_SELECT - null, AccessibilityAction: ACTION_CLEAR_SELECTION - null, AccessibilityAction: ACTION_ACCESSIBILITY_FOCUS - null, AccessibilityAction: ACTION_SHOW_ON_SCREEN - null]
01-15 02:03:13.941 20987 20987 W AccessibilityNodeInfoDumper: Fetch time: 4ms
01-15 02:03:13.942  1697  2164 W WindowManager: Attempted to remove non-existing token: android.os.Binder@ef7d1b8
01-15 02:03:13.949 20987 20987 D AndroidRuntime: Shutting down VM
01-15 02:03:14.242 21001 21001 D AndroidRuntime: >>>>>> START com.android.internal.os.RuntimeInit uid 2000 <<<<<<
01-15 02:03:14.244 21001 21001 D AndroidRuntime: CheckJNI is OFF
01-15 02:03:14.264 21001 21001 W art     : Unexpected CPU variant for X86 using defaults: x86_64
01-15 02:03:14.268 21001 21001 D ICU     : No timezone override file found: /data/misc/zoneinfo/current/icu/icu_tzdata.dat
01-15 02:03:14.285 21001 21001 E memtrack: Couldn't load memtrack module (No such file or directory)
01-15 02:03:14.285 21001 21001 E android.os.Debug: failed to load memtrack module: -2
01-15 02:03:14.285 21001 21001 I Radio-JNI: register_android_hardware_Radio DONE
01-15 02:03:14.291 21001 21001 D AndroidRuntime: Calling main entry com.android.commands.input.Input
01-15 02:03:14.299 21001 21001 I Input   : injectMotionEvent: MotionEvent { action=ACTION_DOWN, actionButton=0, id[0]=0, x[0]=964.0, y[0]=473.0, toolType[0]=TOOL_TYPE_UNKNOWN, buttonState=0, metaState=0, flags=0x0, edgeFlags=0x0, pointerCount=1, historySize=0, eventTime=81314604, downTime=81314604, deviceId=0, source=0x1002 }
01-15 02:03:14.305 21001 21001 I Input   : injectMotionEvent: MotionEvent { action=ACTION_UP, actionButton=0, id[0]=0, x[0]=964.0, y[0]=473.0, toolType[0]=TOOL_TYPE_UNKNOWN, buttonState=0, metaState=0, flags=0x0, edgeFlags=0x0, pointerCount=1, historySize=0, eventTime=81314604, downTime=81314604, deviceId=0, source=0x1002 }
01-15 02:03:14.310 21001 21001 D AndroidRuntime: Shutting down VM
01-15 02:03:14.332  1697  2648 I ActivityManager: START u0 {act=android.content.pm.action.REQUEST_PERMISSIONS pkg=com.google.android.packageinstaller cmp=com.google.android.packageinstaller/com.android.packageinstaller.permission.ui.GrantPermissionsActivity (has extras)} from uid 10098 on display 0
01-15 02:03:14.343  1446  1469 W audio_hw_generic: Not supplying enough data to HAL, expected position 37523812 , only wrote 37523520
01-15 02:03:14.540  1446  1469 W audio_hw_generic: Not supplying enough data to HAL, expected position 37532981 , only wrote 37526400
01-15 02:03:14.540  1446  1469 W audio_hw_generic: Not supplying enough data to HAL, expected position 37526410 , only wrote 37526400
01-15 02:03:14.541  1446  1469 W audio_hw_generic: Hardware backing HAL too slow, could only write 0 of 720 frames
01-15 02:03:14.557  1446  1469 W audio_hw_generic: Hardware backing HAL too slow, could only write 0 of 720 frames
01-15 02:03:14.584  1446  1470 D AudioFlinger: mixer(0xf0983ec0) throttle end: throttle time(12)
01-15 02:03:14.643 13320 13666 D EGL_emulation: eglMakeCurrent: 0x7de1da0a23a0: ver 3 0 (tinfo 0x7de1dbf97440)
01-15 02:03:14.659  1697  1718 I ActivityManager: Displayed com.google.android.packageinstaller/com.android.packageinstaller.permission.ui.GrantPermissionsActivity: +109ms
01-15 02:03:17.734 21021 21021 W ls      : type=1400 audit(0.0:863): avc: denied { getattr } for path="/proc/sysrq-trigger" dev="proc" ino=4026532069 scontext=u:r:shell:s0 tcontext=u:object_r:proc_sysrq:s0 tclass=file permissive=0
01-15 02:03:17.734 21021 21021 W ls      : type=1400 audit(0.0:864): avc: denied { getattr } for path="/proc/iomem" dev="proc" ino=4026532007 scontext=u:r:shell:s0 tcontext=u:object_r:proc_iomem:s0 tclass=file permissive=0
01-15 02:03:17.781  1446  1470 W audio_hw_generic: Not supplying enough data to HAL, expected position 37835425 , only wrote 37681920
01-15 02:03:19.616 21312 21312 D AndroidRuntime: >>>>>> START com.android.internal.os.RuntimeInit uid 2000 <<<<<<
01-15 02:03:19.618 21312 21312 D AndroidRuntime: CheckJNI is OFF
01-15 02:03:19.639 21312 21312 W art     : Unexpected CPU variant for X86 using defaults: x86_64
01-15 02:03:19.643 21312 21312 D ICU     : No timezone override file found: /data/misc/zoneinfo/current/icu/icu_tzdata.dat
01-15 02:03:19.661 21312 21312 E memtrack: Couldn't load memtrack module (No such file or directory)
01-15 02:03:19.661 21312 21312 E android.os.Debug: failed to load memtrack module: -2
01-15 02:03:19.662 21312 21312 I Radio-JNI: register_android_hardware_Radio DONE
01-15 02:03:19.669 21312 21312 D AndroidRuntime: Calling main entry com.android.commands.monkey.Monkey
01-15 02:03:19.696  1697  1711 W BroadcastQueue: Skipping deliver [background] BroadcastRecord{a6fab85 u-1 android.net.conn.CONNECTIVITY_CHANGE} to ReceiverList{5acbdda 21312 (unknown name)/2000/u-1 remote:bca65ef}: process crashing
01-15 02:03:19.706  1697  1708 I ActivityManager: START u0 {act=android.intent.action.MAIN cat=[android.intent.category.LAUNCHER] flg=0x10200000 cmp=io.lerk.lrkFM/.activities.file.FileActivity} from uid 2000 on display 0
01-15 02:03:19.743  1352  2209 D gralloc_ranchu: gralloc_alloc: Creating ashmem region of size 2093056
01-15 02:03:19.847 21312 21312 I art     : System.exit called, status: 0
01-15 02:03:19.847 21312 21312 I AndroidRuntime: VM exiting with result code 0.
01-15 02:03:19.848  1697  2648 I ActivityManager: START u0 {cmp=io.lerk.lrkFM/.activities.IntroActivity} from uid 10098 on display 0
01-15 02:03:19.855 13320 13666 D EGL_emulation: eglMakeCurrent: 0x7de1da0a23a0: ver 3 0 (tinfo 0x7de1dbf97440)
01-15 02:03:19.890  1352  3608 D gralloc_ranchu: gralloc_alloc: Creating ashmem region of size 8294400
01-15 02:03:19.937  1697  1842 I ActivityManager: START u0 {act=android.content.pm.action.REQUEST_PERMISSIONS pkg=com.google.android.packageinstaller cmp=com.google.android.packageinstaller/com.android.packageinstaller.permission.ui.GrantPermissionsActivity (has extras)} from uid 10098 on display 0
01-15 02:03:19.958 20711 20711 D io.lerk.lrkFM.activities.file.FileActivity: User has no bookmarks
01-15 02:03:19.961 20711 20711 D io.lerk.lrkFM.DiskUtil: Free disk space: 5729
01-15 02:03:19.969 20711 20734 D EGL_emulation: eglMakeCurrent: 0x7de1da0e8b40: ver 3 0 (tinfo 0x7de1dbf97060)
01-15 02:03:19.997  1352  2209 D gralloc_ranchu: gralloc_alloc: Creating ashmem region of size 2691072
01-15 02:03:19.998  1697  2648 D         : HostConnection::get() New Host Connection established 0x7de1c9aca300, tid 2648
01-15 02:03:20.014  1697  2650 D WindowManager: relayoutVisibleWindow: Window{59b2393 u0 com.google.android.packageinstaller/com.android.packageinstaller.permission.ui.GrantPermissionsActivity EXITING} mAnimatingExit=true, mRemoveOnExit=false, mDestroying=false
01-15 02:03:20.014  1697  2650 I WindowManager: Destroying surface Surface(name=com.google.android.packageinstaller/com.android.packageinstaller.permission.ui.GrantPermissionsActivity) called by com.android.server.wm.WindowStateAnimator.destroySurface:2016 com.android.server.wm.WindowStateAnimator.destroySurfaceLocked:882 com.android.server.wm.WindowState.destroyOrSaveSurface:2100 com.android.server.wm.WindowStateAnimator.cancelExitAnimationForNextAnimationLocked:351 com.android.server.wm.WindowManagerService.relayoutVisibleWindow:3058 com.android.server.wm.WindowManagerService.relayoutWindow:2857 com.android.server.wm.Session.relayout:224 android.view.IWindowSession$Stub.onTransact:286 
01-15 02:03:20.021  1352  1352 W SurfaceFlinger: couldn't log to binary event log: overflow.
01-15 02:03:20.042 13320 13666 D EGL_emulation: eglMakeCurrent: 0x7de1da0a23a0: ver 3 0 (tinfo 0x7de1dbf97440)
01-15 02:03:20.052 13320 13320 I GrantPermissionsActivity: No package: null
01-15 02:03:20.052 13320 13320 I GrantPermissionsActivity: android.content.pm.PackageManager$NameNotFoundException
01-15 02:03:20.052 13320 13320 I GrantPermissionsActivity: 	at android.app.ApplicationPackageManager.getPackageInfoAsUser(ApplicationPackageManager.java:147)
01-15 02:03:20.052 13320 13320 I GrantPermissionsActivity: 	at android.app.ApplicationPackageManager.getPackageInfo(ApplicationPackageManager.java:132)
01-15 02:03:20.052 13320 13320 I GrantPermissionsActivity: 	at com.android.packageinstaller.permission.ui.GrantPermissionsActivity.getCallingPackageInfo(GrantPermissionsActivity.java:350)
01-15 02:03:20.052 13320 13320 I GrantPermissionsActivity: 	at com.android.packageinstaller.permission.ui.GrantPermissionsActivity.onCreate(GrantPermissionsActivity.java:101)
01-15 02:03:20.052 13320 13320 I GrantPermissionsActivity: 	at android.app.Activity.performCreate(Activity.java:6662)
01-15 02:03:20.052 13320 13320 I GrantPermissionsActivity: 	at android.app.Instrumentation.callActivityOnCreate(Instrumentation.java:1118)
01-15 02:03:20.052 13320 13320 I GrantPermissionsActivity: 	at android.app.ActivityThread.performLaunchActivity(ActivityThread.java:2599)
01-15 02:03:20.052 13320 13320 I GrantPermissionsActivity: 	at android.app.ActivityThread.handleLaunchActivity(ActivityThread.java:2707)
01-15 02:03:20.052 13320 13320 I GrantPermissionsActivity: 	at android.app.ActivityThread.-wrap12(ActivityThread.java)
01-15 02:03:20.052 13320 13320 I GrantPermissionsActivity: 	at android.app.ActivityThread$H.handleMessage(ActivityThread.java:1460)
01-15 02:03:20.052 13320 13320 I GrantPermissionsActivity: 	at android.os.Handler.dispatchMessage(Handler.java:102)
01-15 02:03:20.052 13320 13320 I GrantPermissionsActivity: 	at android.os.Looper.loop(Looper.java:154)
01-15 02:03:20.052 13320 13320 I GrantPermissionsActivity: 	at android.app.ActivityThread.main(ActivityThread.java:6077)
01-15 02:03:20.052 13320 13320 I GrantPermissionsActivity: 	at java.lang.reflect.Method.invoke(Native Method)
01-15 02:03:20.052 13320 13320 I GrantPermissionsActivity: 	at com.android.internal.os.ZygoteInit$MethodAndArgsCaller.run(ZygoteInit.java:866)
01-15 02:03:20.052 13320 13320 I GrantPermissionsActivity: 	at com.android.internal.os.ZygoteInit.main(ZygoteInit.java:756)
01-15 02:03:20.068 20711 21325 W io.lerk.lrkFM.tasks.DirectoryLoaderTask: Can't read '/storage/emulated/0': Permission denied!
01-15 02:03:20.071  1697  1708 W InputMethodManagerService: Window already focused, ignoring focus gain of: com.android.internal.view.IInputMethodClient$Stub$Proxy@759b3f4 attribute=null, token = android.os.BinderProxy@b8fa082
01-15 02:03:20.084 20711 20711 D io.lerk.lrkFM.DiskUtil: Free disk space: 5729
01-15 02:03:20.090 20711 20734 D EGL_emulation: eglMakeCurrent: 0x7de1da0e8b40: ver 3 0 (tinfo 0x7de1dbf97060)
01-15 02:03:20.790  1697  1718 I WindowManager: Destroying surface Surface(name=Starting io.lerk.lrkFM) called by com.android.server.wm.WindowStateAnimator.destroySurface:2016 com.android.server.wm.WindowStateAnimator.destroySurfaceLocked:882 com.android.server.wm.WindowState.removeLocked:1456 com.android.server.wm.WindowManagerService.removeWindowInnerLocked:2484 com.android.server.wm.AppWindowToken.destroySurfaces:365 com.android.server.wm.WindowStateAnimator.finishExit:565 com.android.server.wm.AppWindowAnimator.stepAnimationLocked:427 com.android.server.wm.WindowAnimator.updateAppWindowsLocked:176 
01-15 02:03:20.842 20711 20711 I art     : Starting a blocking GC Explicit
01-15 02:03:20.859 20711 20711 I art     : Explicit concurrent mark sweep GC freed 8036(564KB) AllocSpace objects, 5(100KB) LOS objects, 24% free, 12MB/16MB, paused 1.678ms total 16.093ms
01-15 02:03:20.863 20711 20711 I art     : Starting a blocking GC Explicit
01-15 02:03:20.875 20711 20711 I art     : Explicit concurrent mark sweep GC freed 3356(200KB) AllocSpace objects, 0(0B) LOS objects, 25% free, 11MB/15MB, paused 808us total 11.107ms
01-15 02:03:36.052 21328 21328 D AndroidRuntime: >>>>>> START com.android.internal.os.RuntimeInit uid 2000 <<<<<<
01-15 02:03:36.053 21328 21328 D AndroidRuntime: CheckJNI is OFF
01-15 02:03:36.070 21328 21328 W art     : Unexpected CPU variant for X86 using defaults: x86_64
01-15 02:03:36.074 21328 21328 D ICU     : No timezone override file found: /data/local/tmp/misc/zoneinfo/current/icu/icu_tzdata.dat
01-15 02:03:36.091 21328 21328 E memtrack: Couldn't load memtrack module (No such file or directory)
01-15 02:03:36.091 21328 21328 E android.os.Debug: failed to load memtrack module: -2
01-15 02:03:36.092 21328 21328 I Radio-JNI: register_android_hardware_Radio DONE
01-15 02:03:36.097 21328 21328 D AndroidRuntime: Calling main entry com.android.commands.uiautomator.Launcher
01-15 02:03:37.124 21328 21328 W AccessibilityNodeInfoDumper: Fetch time: 3ms
01-15 02:03:37.125  1697  2164 W WindowManager: Attempted to remove non-existing token: android.os.Binder@7bb9363
01-15 02:03:37.141 21328 21328 D AndroidRuntime: Shutting down VM
01-15 02:03:38.080 21357 21357 D AndroidRuntime: >>>>>> START com.android.internal.os.RuntimeInit uid 2000 <<<<<<
01-15 02:03:38.081 21357 21357 D AndroidRuntime: CheckJNI is OFF
01-15 02:03:38.098 21357 21357 W art     : Unexpected CPU variant for X86 using defaults: x86_64
01-15 02:03:38.102 21357 21357 D ICU     : No timezone override file found: /data/local/tmp/misc/zoneinfo/current/icu/icu_tzdata.dat
01-15 02:03:38.119 21357 21357 E memtrack: Couldn't load memtrack module (No such file or directory)
01-15 02:03:38.119 21357 21357 E android.os.Debug: failed to load memtrack module: -2
01-15 02:03:38.119 21357 21357 I Radio-JNI: register_android_hardware_Radio DONE
01-15 02:03:38.124 21357 21357 D AndroidRuntime: Calling main entry com.android.commands.uiautomator.Launcher
01-15 02:03:39.149 21357 21357 W AccessibilityNodeInfoDumper: Fetch time: 2ms
01-15 02:03:39.150  1697  1708 W WindowManager: Attempted to remove non-existing token: android.os.Binder@64a02bf
01-15 02:03:39.174 21357 21357 D AndroidRuntime: Shutting down VM
01-15 02:03:39.494 21374 21374 D AndroidRuntime: >>>>>> START com.android.internal.os.RuntimeInit uid 2000 <<<<<<
01-15 02:03:39.496 21374 21374 D AndroidRuntime: CheckJNI is OFF
01-15 02:03:39.515 21374 21374 W art     : Unexpected CPU variant for X86 using defaults: x86_64
01-15 02:03:39.519 21374 21374 D ICU     : No timezone override file found: /data/local/tmp/misc/zoneinfo/current/icu/icu_tzdata.dat
01-15 02:03:39.541 21374 21374 E memtrack: Couldn't load memtrack module (No such file or directory)
01-15 02:03:39.541 21374 21374 E android.os.Debug: failed to load memtrack module: -2
01-15 02:03:39.542 21374 21374 I Radio-JNI: register_android_hardware_Radio DONE
01-15 02:03:39.547 21374 21374 D AndroidRuntime: Calling main entry com.android.commands.uiautomator.Launcher
01-15 02:03:40.576 21374 21374 W AccessibilityNodeInfoDumper: Fetch time: 3ms
01-15 02:03:40.577  1697  1842 W WindowManager: Attempted to remove non-existing token: android.os.Binder@8bc1cd5
01-15 02:03:40.590 21374 21374 D AndroidRuntime: Shutting down VM
01-15 02:03:41.594 21402 21402 D AndroidRuntime: >>>>>> START com.android.internal.os.RuntimeInit uid 2000 <<<<<<
01-15 02:03:41.595 21402 21402 D AndroidRuntime: CheckJNI is OFF
01-15 02:03:41.614 21402 21402 W art     : Unexpected CPU variant for X86 using defaults: x86_64
01-15 02:03:41.617 21402 21402 D ICU     : No timezone override file found: /data/local/tmp/misc/zoneinfo/current/icu/icu_tzdata.dat
01-15 02:03:41.636 21402 21402 E memtrack: Couldn't load memtrack module (No such file or directory)
01-15 02:03:41.636 21402 21402 E android.os.Debug: failed to load memtrack module: -2
01-15 02:03:41.637 21402 21402 I Radio-JNI: register_android_hardware_Radio DONE
01-15 02:03:41.642 21402 21402 D AndroidRuntime: Calling main entry com.android.commands.uiautomator.Launcher
01-15 02:03:42.668 21402 21402 W AccessibilityNodeInfoDumper: Fetch time: 3ms
01-15 02:03:42.668  1697  2648 W WindowManager: Attempted to remove non-existing token: android.os.Binder@d31f678
01-15 02:03:42.691 21402 21402 D AndroidRuntime: Shutting down VM
01-15 02:03:43.816 21436 21436 D AndroidRuntime: >>>>>> START com.android.internal.os.RuntimeInit uid 2000 <<<<<<
01-15 02:03:43.818 21436 21436 D AndroidRuntime: CheckJNI is OFF
01-15 02:03:43.836 21436 21436 W art     : Unexpected CPU variant for X86 using defaults: x86_64
01-15 02:03:43.839 21436 21436 D ICU     : No timezone override file found: /data/local/tmp/misc/zoneinfo/current/icu/icu_tzdata.dat
01-15 02:03:43.857 21436 21436 E memtrack: Couldn't load memtrack module (No such file or directory)
01-15 02:03:43.857 21436 21436 E android.os.Debug: failed to load memtrack module: -2
01-15 02:03:43.857 21436 21436 I Radio-JNI: register_android_hardware_Radio DONE
01-15 02:03:43.862 21436 21436 D AndroidRuntime: Calling main entry com.android.commands.uiautomator.Launcher
01-15 02:03:44.890 21436 21436 W AccessibilityNodeInfoDumper: Fetch time: 3ms
01-15 02:03:44.890  1697  2164 W WindowManager: Attempted to remove non-existing token: android.os.Binder@38e5db6
01-15 02:03:44.907 21436 21436 D AndroidRuntime: Shutting down VM
01-15 02:03:45.658  1352  1384 E SurfaceFlinger: ro.sf.lcd_density must be defined as a build property
01-15 02:03:45.663  1352  1370 D gralloc_ranchu: gralloc_alloc: Creating ashmem region of size 8294400
01-15 02:03:45.666 21451 21451 D         : HostConnection::get() New Host Connection established 0x741d3542d4e0, tid 21451
01-15 02:03:46.234 21456 21456 D AndroidRuntime: >>>>>> START com.android.internal.os.RuntimeInit uid 2000 <<<<<<
01-15 02:03:46.237 21456 21456 D AndroidRuntime: CheckJNI is OFF
01-15 02:03:46.257 21456 21456 W art     : Unexpected CPU variant for X86 using defaults: x86_64
01-15 02:03:46.262 21456 21456 D ICU     : No timezone override file found: /data/misc/zoneinfo/current/icu/icu_tzdata.dat
01-15 02:03:46.280 21456 21456 E memtrack: Couldn't load memtrack module (No such file or directory)
01-15 02:03:46.280 21456 21456 E android.os.Debug: failed to load memtrack module: -2
01-15 02:03:46.282 21456 21456 I Radio-JNI: register_android_hardware_Radio DONE
01-15 02:03:46.289 21456 21456 D AndroidRuntime: Calling main entry com.android.commands.am.Am
01-15 02:03:46.297  1697  1711 I ActivityManager: Killing 7748:com.google.android.configupdater/u0a5 (adj 906): empty for 1802s
01-15 02:03:46.303 24860 24860 D MediaScannerReceiver: action: android.intent.action.MEDIA_SCANNER_SCAN_FILE path: /storage/emulated/0/screen.png
01-15 02:03:46.306 21456 21456 D AndroidRuntime: Shutting down VM
01-15 02:03:46.309  1697  2650 D ActivityManager: cleanUpApplicationRecord -- 7748
01-15 02:03:48.966 21469 21469 D AndroidRuntime: >>>>>> START com.android.internal.os.RuntimeInit uid 2000 <<<<<<
01-15 02:03:48.969 21469 21469 D AndroidRuntime: CheckJNI is OFF
01-15 02:03:48.991 21469 21469 W art     : Unexpected CPU variant for X86 using defaults: x86_64
01-15 02:03:48.996 21469 21469 D ICU     : No timezone override file found: /data/local/tmp/misc/zoneinfo/current/icu/icu_tzdata.dat
01-15 02:03:49.021 21469 21469 E memtrack: Couldn't load memtrack module (No such file or directory)
01-15 02:03:49.021 21469 21469 E android.os.Debug: failed to load memtrack module: -2
01-15 02:03:49.022 21469 21469 I Radio-JNI: register_android_hardware_Radio DONE
01-15 02:03:49.029 21469 21469 D AndroidRuntime: Calling main entry com.android.commands.uiautomator.Launcher
01-15 02:03:50.059 21469 21469 W AccessibilityNodeInfoDumper: Fetch time: 2ms
01-15 02:03:50.060  1697  2650 W WindowManager: Attempted to remove non-existing token: android.os.Binder@2681b53
01-15 02:03:50.072 21469 21469 D AndroidRuntime: Shutting down VM
01-15 02:03:52.390 21486 21486 D AndroidRuntime: >>>>>> START com.android.internal.os.RuntimeInit uid 2000 <<<<<<
01-15 02:03:52.392 21486 21486 D AndroidRuntime: CheckJNI is OFF
01-15 02:03:52.411 21486 21486 W art     : Unexpected CPU variant for X86 using defaults: x86_64
01-15 02:03:52.415 21486 21486 D ICU     : No timezone override file found: /data/local/tmp/misc/zoneinfo/current/icu/icu_tzdata.dat
01-15 02:03:52.444 21486 21486 E memtrack: Couldn't load memtrack module (No such file or directory)
01-15 02:03:52.444 21486 21486 E android.os.Debug: failed to load memtrack module: -2
01-15 02:03:52.444 21486 21486 I Radio-JNI: register_android_hardware_Radio DONE
01-15 02:03:52.450 21486 21486 D AndroidRuntime: Calling main entry com.android.commands.uiautomator.Launcher
01-15 02:03:53.485 21486 21486 W AccessibilityNodeInfoDumper: Fetch time: 4ms
01-15 02:03:53.485  1697  1708 W WindowManager: Attempted to remove non-existing token: android.os.Binder@1853989
01-15 02:03:53.510 21486 21486 D AndroidRuntime: Shutting down VM
01-15 02:03:53.851 21503 21503 D AndroidRuntime: >>>>>> START com.android.internal.os.RuntimeInit uid 2000 <<<<<<
01-15 02:03:53.853 21503 21503 D AndroidRuntime: CheckJNI is OFF
01-15 02:03:53.871 21503 21503 W art     : Unexpected CPU variant for X86 using defaults: x86_64
01-15 02:03:53.875 21503 21503 D ICU     : No timezone override file found: /data/local/tmp/misc/zoneinfo/current/icu/icu_tzdata.dat
01-15 02:03:53.897 21503 21503 E memtrack: Couldn't load memtrack module (No such file or directory)
01-15 02:03:53.897 21503 21503 E android.os.Debug: failed to load memtrack module: -2
01-15 02:03:53.897 21503 21503 I Radio-JNI: register_android_hardware_Radio DONE
01-15 02:03:53.903 21503 21503 D AndroidRuntime: Calling main entry com.android.commands.uiautomator.Launcher
01-15 02:03:54.935 21503 21503 W AccessibilityNodeInfoDumper: Fetch time: 2ms
01-15 02:03:54.935  1697  2164 W WindowManager: Attempted to remove non-existing token: android.os.Binder@efee545
01-15 02:03:54.959 21503 21503 D AndroidRuntime: Shutting down VM
01-15 02:03:55.287 21520 21520 D AndroidRuntime: >>>>>> START com.android.internal.os.RuntimeInit uid 2000 <<<<<<
01-15 02:03:55.289 21520 21520 D AndroidRuntime: CheckJNI is OFF
01-15 02:03:55.308 21520 21520 W art     : Unexpected CPU variant for X86 using defaults: x86_64
01-15 02:03:55.312 21520 21520 D ICU     : No timezone override file found: /data/local/tmp/misc/zoneinfo/current/icu/icu_tzdata.dat
01-15 02:03:55.333 21520 21520 E memtrack: Couldn't load memtrack module (No such file or directory)
01-15 02:03:55.333 21520 21520 E android.os.Debug: failed to load memtrack module: -2
01-15 02:03:55.333 21520 21520 I Radio-JNI: register_android_hardware_Radio DONE
01-15 02:03:55.338 21520 21520 D AndroidRuntime: Calling main entry com.android.commands.uiautomator.Launcher
01-15 02:03:56.366 21520 21520 W AccessibilityNodeInfoDumper: Fetch time: 3ms
01-15 02:03:56.367  1697  1709 W WindowManager: Attempted to remove non-existing token: android.os.Binder@ffda1cb
01-15 02:03:56.394 21520 21520 D AndroidRuntime: Shutting down VM
01-15 02:03:56.730 21538 21538 D AndroidRuntime: >>>>>> START com.android.internal.os.RuntimeInit uid 2000 <<<<<<
01-15 02:03:56.732 21538 21538 D AndroidRuntime: CheckJNI is OFF
01-15 02:03:56.751 21538 21538 W art     : Unexpected CPU variant for X86 using defaults: x86_64
01-15 02:03:56.755 21538 21538 D ICU     : No timezone override file found: /data/misc/zoneinfo/current/icu/icu_tzdata.dat
01-15 02:03:56.774 21538 21538 E memtrack: Couldn't load memtrack module (No such file or directory)
01-15 02:03:56.774 21538 21538 E android.os.Debug: failed to load memtrack module: -2
01-15 02:03:56.775 21538 21538 I Radio-JNI: register_android_hardware_Radio DONE
01-15 02:03:56.780 21538 21538 D AndroidRuntime: Calling main entry com.android.commands.monkey.Monkey
01-15 02:03:56.807  1697  1711 W BroadcastQueue: Skipping deliver [background] BroadcastRecord{83296f9 u-1 android.net.conn.CONNECTIVITY_CHANGE} to ReceiverList{520563e 21538 (unknown name)/2000/u-1 remote:dfe7f43}: process crashing
01-15 02:03:56.817  1697  1708 I ActivityManager: START u0 {act=android.intent.action.MAIN cat=[android.intent.category.LAUNCHER] flg=0x10200000 cmp=io.lerk.lrkFM/.activities.file.FileActivity} from uid 2000 on display 0
01-15 02:03:56.875  1352  2209 D gralloc_ranchu: gralloc_alloc: Creating ashmem region of size 2093056
01-15 02:03:56.899 20711 20734 D EGL_emulation: eglMakeCurrent: 0x7de1da0e8b40: ver 3 0 (tinfo 0x7de1dbf97060)
01-15 02:03:56.925  1352  1368 D gralloc_ranchu: gralloc_alloc: Creating ashmem region of size 8294400
01-15 02:03:56.941 20711 20716 I art     : Do partial code cache collection, code=30KB, data=27KB
01-15 02:03:56.943 20711 20716 I art     : After code cache collection, code=29KB, data=27KB
01-15 02:03:56.943 20711 20716 I art     : Increasing code cache capacity to 128KB
01-15 02:03:56.954  1697  2650 W art     : Long monitor contention with owner Binder:1697_9 (2339) at void com.android.server.am.ActivityManagerService.activityPaused(android.os.IBinder)(ActivityManagerService.java:6879) waiters=0 in android.content.pm.UserInfo com.android.server.am.UserController.getCurrentUser() for 112ms
01-15 02:03:56.975 21538 21538 I art     : System.exit called, status: 0
01-15 02:03:56.975 21538 21538 I AndroidRuntime: VM exiting with result code 0.
01-15 02:03:56.979  1697  2627 I ActivityManager: START u0 {cmp=io.lerk.lrkFM/.activities.IntroActivity} from uid 10098 on display 0
01-15 02:03:57.017  1697  1709 I ActivityManager: START u0 {act=android.content.pm.action.REQUEST_PERMISSIONS pkg=com.google.android.packageinstaller cmp=com.google.android.packageinstaller/com.android.packageinstaller.permission.ui.GrantPermissionsActivity (has extras)} from uid 10098 on display 0
01-15 02:03:57.026  1352  1384 D gralloc_ranchu: gralloc_alloc: Creating ashmem region of size 8294400
01-15 02:03:57.045 20711 20711 D io.lerk.lrkFM.activities.file.FileActivity: User has no bookmarks
01-15 02:03:57.045 20711 20711 D io.lerk.lrkFM.DiskUtil: Free disk space: 5729
01-15 02:03:57.088  1697  1708 I WindowManager: Failed to capture screenshot of Token{13cc1ec ActivityRecord{affcc9f u0 io.lerk.lrkFM/.activities.file.FileActivity t27 f}} appWin=Window{3455a6d u0 Starting io.lerk.lrkFM} drawState=3
01-15 02:03:57.129 13320 13320 I GrantPermissionsActivity: No package: null
01-15 02:03:57.129 13320 13320 I GrantPermissionsActivity: android.content.pm.PackageManager$NameNotFoundException
01-15 02:03:57.129 13320 13320 I GrantPermissionsActivity: 	at android.app.ApplicationPackageManager.getPackageInfoAsUser(ApplicationPackageManager.java:147)
01-15 02:03:57.129 13320 13320 I GrantPermissionsActivity: 	at android.app.ApplicationPackageManager.getPackageInfo(ApplicationPackageManager.java:132)
01-15 02:03:57.129 13320 13320 I GrantPermissionsActivity: 	at com.android.packageinstaller.permission.ui.GrantPermissionsActivity.getCallingPackageInfo(GrantPermissionsActivity.java:350)
01-15 02:03:57.129 13320 13320 I GrantPermissionsActivity: 	at com.android.packageinstaller.permission.ui.GrantPermissionsActivity.onCreate(GrantPermissionsActivity.java:101)
01-15 02:03:57.129 13320 13320 I GrantPermissionsActivity: 	at android.app.Activity.performCreate(Activity.java:6662)
01-15 02:03:57.129 13320 13320 I GrantPermissionsActivity: 	at android.app.Instrumentation.callActivityOnCreate(Instrumentation.java:1118)
01-15 02:03:57.129 13320 13320 I GrantPermissionsActivity: 	at android.app.ActivityThread.performLaunchActivity(ActivityThread.java:2599)
01-15 02:03:57.129 13320 13320 I GrantPermissionsActivity: 	at android.app.ActivityThread.handleLaunchActivity(ActivityThread.java:2707)
01-15 02:03:57.129 13320 13320 I GrantPermissionsActivity: 	at android.app.ActivityThread.-wrap12(ActivityThread.java)
01-15 02:03:57.129 13320 13320 I GrantPermissionsActivity: 	at android.app.ActivityThread$H.handleMessage(ActivityThread.java:1460)
01-15 02:03:57.129 13320 13320 I GrantPermissionsActivity: 	at android.os.Handler.dispatchMessage(Handler.java:102)
01-15 02:03:57.129 13320 13320 I GrantPermissionsActivity: 	at android.os.Looper.loop(Looper.java:154)
01-15 02:03:57.129 13320 13320 I GrantPermissionsActivity: 	at android.app.ActivityThread.main(ActivityThread.java:6077)
01-15 02:03:57.129 13320 13320 I GrantPermissionsActivity: 	at java.lang.reflect.Method.invoke(Native Method)
01-15 02:03:57.129 13320 13320 I GrantPermissionsActivity: 	at com.android.internal.os.ZygoteInit$MethodAndArgsCaller.run(ZygoteInit.java:866)
01-15 02:03:57.129 13320 13320 I GrantPermissionsActivity: 	at com.android.internal.os.ZygoteInit.main(ZygoteInit.java:756)
01-15 02:03:57.143 20711 21550 W io.lerk.lrkFM.tasks.DirectoryLoaderTask: Can't read '/storage/emulated/0': Permission denied!
01-15 02:03:57.145  1697  2205 W InputMethodManagerService: Window already focused, ignoring focus gain of: com.android.internal.view.IInputMethodClient$Stub$Proxy@5ec6a25 attribute=null, token = android.os.BinderProxy@b8fa082
01-15 02:03:57.210  1697  1842 D WindowManager: relayoutVisibleWindow: Window{45b60a4 u0 io.lerk.lrkFM/io.lerk.lrkFM.activities.IntroActivity EXITING} mAnimatingExit=true, mRemoveOnExit=false, mDestroying=false
01-15 02:03:57.218  1697  1718 I WindowManager: Destroying surface Surface(name=Starting io.lerk.lrkFM) called by com.android.server.wm.WindowStateAnimator.destroySurface:2016 com.android.server.wm.WindowStateAnimator.destroySurfaceLocked:882 com.android.server.wm.WindowState.removeLocked:1456 com.android.server.wm.WindowManagerService.removeWindowInnerLocked:2484 com.android.server.wm.WindowManagerService.removeWindowLocked:2442 com.android.server.wm.WindowManagerService.removeWindowLocked:2311 com.android.server.wm.WindowManagerService.removeWindow:2306 com.android.server.wm.Session.remove:202 
01-15 02:03:57.218 20711 20711 D io.lerk.lrkFM.DiskUtil: Free disk space: 5729
01-15 02:03:57.223  1697  1708 I WindowManager: Destroying surface Surface(name=io.lerk.lrkFM/io.lerk.lrkFM.activities.file.FileActivity) called by com.android.server.wm.WindowStateAnimator.destroySurface:2016 com.android.server.wm.WindowStateAnimator.destroySurfaceLocked:882 com.android.server.wm.WindowState.removeLocked:1456 com.android.server.wm.WindowManagerService.removeWindowInnerLocked:2484 com.android.server.wm.WindowManagerService.removeWindowLocked:2442 com.android.server.wm.WindowManagerService.removeWindowLocked:2311 com.android.server.wm.WindowManagerService.removeWindow:2306 com.android.server.wm.Session.remove:202 
01-15 02:03:57.227 13320 13320 I art     : Starting a blocking GC Explicit
01-15 02:03:57.228 20711 20734 D EGL_emulation: eglMakeCurrent: 0x7de1da0e8b40: ver 3 0 (tinfo 0x7de1dbf97060)
01-15 02:03:57.240 20711 20711 I art     : Starting a blocking GC Explicit
01-15 02:03:57.244 13320 13320 I art     : Explicit concurrent mark sweep GC freed 3692(309KB) AllocSpace objects, 3(60KB) LOS objects, 39% free, 4MB/7MB, paused 2.295ms total 16.553ms
01-15 02:03:57.246 13320 13320 I art     : Starting a blocking GC Explicit
01-15 02:03:57.254 20711 20711 I art     : Explicit concurrent mark sweep GC freed 2656(133KB) AllocSpace objects, 0(0B) LOS objects, 24% free, 12MB/16MB, paused 729us total 13.534ms
01-15 02:03:57.257 20711 20711 I art     : Starting a blocking GC Explicit
01-15 02:03:57.258 13320 13320 I art     : Explicit concurrent mark sweep GC freed 1106(65KB) AllocSpace objects, 0(0B) LOS objects, 39% free, 4MB/7MB, paused 2.338ms total 11.714ms
01-15 02:03:57.268 20711 20711 I art     : Explicit concurrent mark sweep GC freed 3094(189KB) AllocSpace objects, 0(0B) LOS objects, 25% free, 11MB/15MB, paused 686us total 10.256ms
01-15 02:04:12.218 21556 21556 D AndroidRuntime: >>>>>> START com.android.internal.os.RuntimeInit uid 2000 <<<<<<
01-15 02:04:12.220 21556 21556 D AndroidRuntime: CheckJNI is OFF
01-15 02:04:12.238 21556 21556 W art     : Unexpected CPU variant for X86 using defaults: x86_64
01-15 02:04:12.242 21556 21556 D ICU     : No timezone override file found: /data/local/tmp/misc/zoneinfo/current/icu/icu_tzdata.dat
01-15 02:04:12.262 21556 21556 E memtrack: Couldn't load memtrack module (No such file or directory)
01-15 02:04:12.263 21556 21556 E android.os.Debug: failed to load memtrack module: -2
01-15 02:04:12.263 21556 21556 I Radio-JNI: register_android_hardware_Radio DONE
01-15 02:04:12.268 21556 21556 D AndroidRuntime: Calling main entry com.android.commands.uiautomator.Launcher
01-15 02:04:13.297 21556 21556 W AccessibilityNodeInfoDumper: Fetch time: 3ms
01-15 02:04:13.297  1697  2648 W WindowManager: Attempted to remove non-existing token: android.os.Binder@92f6008
01-15 02:04:13.306 21556 21556 D AndroidRuntime: Shutting down VM
01-15 02:04:13.313 21556 21562 W art     : No such thread id for suspend: 1
01-15 02:04:13.536 21568 21568 D AndroidRuntime: >>>>>> START com.android.internal.os.RuntimeInit uid 2000 <<<<<<
01-15 02:04:13.538 21568 21568 D AndroidRuntime: CheckJNI is OFF
01-15 02:04:13.557 21568 21568 W art     : Unexpected CPU variant for X86 using defaults: x86_64
01-15 02:04:13.560 21568 21568 D ICU     : No timezone override file found: /data/misc/zoneinfo/current/icu/icu_tzdata.dat
01-15 02:04:13.574 21568 21568 E memtrack: Couldn't load memtrack module (No such file or directory)
01-15 02:04:13.574 21568 21568 E android.os.Debug: failed to load memtrack module: -2
01-15 02:04:13.574 21568 21568 I Radio-JNI: register_android_hardware_Radio DONE
01-15 02:04:13.580 21568 21568 D AndroidRuntime: Calling main entry com.android.commands.input.Input
01-15 02:04:13.585 21568 21568 I Input   : injectMotionEvent: MotionEvent { action=ACTION_DOWN, actionButton=0, id[0]=0, x[0]=607.0, y[0]=1049.0, toolType[0]=TOOL_TYPE_UNKNOWN, buttonState=0, metaState=0, flags=0x0, edgeFlags=0x0, pointerCount=1, historySize=0, eventTime=81373891, downTime=81373891, deviceId=0, source=0x1002 }
01-15 02:04:13.588 21568 21568 I Input   : injectMotionEvent: MotionEvent { action=ACTION_UP, actionButton=0, id[0]=0, x[0]=607.0, y[0]=1049.0, toolType[0]=TOOL_TYPE_UNKNOWN, buttonState=0, metaState=0, flags=0x0, edgeFlags=0x0, pointerCount=1, historySize=0, eventTime=81373891, downTime=81373891, deviceId=0, source=0x1002 }
01-15 02:04:13.590 21568 21568 D AndroidRuntime: Shutting down VM
01-15 02:04:13.619  1446  1469 W audio_hw_generic: Not supplying enough data to HAL, expected position 37682130 , only wrote 37681920
01-15 02:04:13.807  1446  1469 W audio_hw_generic: Not supplying enough data to HAL, expected position 37690973 , only wrote 37684800
01-15 02:04:13.807  1446  1469 W audio_hw_generic: Not supplying enough data to HAL, expected position 37684807 , only wrote 37684800
01-15 02:04:13.823  1446  1469 W audio_hw_generic: Hardware backing HAL too slow, could only write 0 of 720 frames
01-15 02:04:13.850  1446  1470 D AudioFlinger: mixer(0xf0983ec0) throttle end: throttle time(12)
01-15 02:04:13.864  1697  2650 W InputMethodManagerService: Starting input on non-focused client com.android.internal.view.IInputMethodClient$Stub$Proxy@96ee0e4 (uid=10018 pid=13320)
01-15 02:04:13.875 13320 13666 D EGL_emulation: eglMakeCurrent: 0x7de1da0a23a0: ver 3 0 (tinfo 0x7de1dbf97440)
01-15 02:04:13.877 13320 13666 D OpenGLRenderer: endAllActiveAnimators on 0x7de1dbfb4800 (RippleDrawable) with handle 0x7de1da00fba0
01-15 02:04:13.894 13320 13320 I art     : Starting a blocking GC Explicit
01-15 02:04:13.905 13320 13320 I art     : Explicit concurrent mark sweep GC freed 183(7KB) AllocSpace objects, 0(0B) LOS objects, 24% free, 4MB/5MB, paused 1.906ms total 10.427ms
01-15 02:04:13.906 13320 13320 I art     : Starting a blocking GC Explicit
01-15 02:04:13.915 13320 13320 I art     : Explicit concurrent mark sweep GC freed 509(28KB) AllocSpace objects, 0(0B) LOS objects, 25% free, 4MB/5MB, paused 863us total 8.959ms
01-15 02:04:14.054  1697  1718 I WindowManager: Destroying surface Surface(name=com.google.android.packageinstaller/com.android.packageinstaller.permission.ui.GrantPermissionsActivity) called by com.android.server.wm.WindowStateAnimator.destroySurface:2016 com.android.server.wm.WindowStateAnimator.destroySurfaceLocked:882 com.android.server.wm.WindowState.destroyOrSaveSurface:2100 com.android.server.wm.AppWindowToken.destroySurfaces:363 com.android.server.wm.WindowStateAnimator.finishExit:565 com.android.server.wm.WindowStateAnimator.stepAnimationLocked:491 com.android.server.wm.WindowAnimator.updateWindowsLocked:303 com.android.server.wm.WindowAnimator.animateLocked:704 
01-15 02:04:14.072  1352  1352 W SurfaceFlinger: couldn't log to binary event log: overflow.
01-15 02:04:16.934 21588 21588 W ls      : type=1400 audit(0.0:865): avc: denied { getattr } for path="/proc/sysrq-trigger" dev="proc" ino=4026532069 scontext=u:r:shell:s0 tcontext=u:object_r:proc_sysrq:s0 tclass=file permissive=0
01-15 02:04:16.934 21588 21588 W ls      : type=1400 audit(0.0:866): avc: denied { getattr } for path="/proc/iomem" dev="proc" ino=4026532007 scontext=u:r:shell:s0 tcontext=u:object_r:proc_iomem:s0 tclass=file permissive=0
01-15 02:04:17.019  1446  1470 W audio_hw_generic: Not supplying enough data to HAL, expected position 37991048 , only wrote 37838880
01-15 02:04:18.755 21875 21875 D AndroidRuntime: >>>>>> START com.android.internal.os.RuntimeInit uid 2000 <<<<<<
01-15 02:04:18.757 21875 21875 D AndroidRuntime: CheckJNI is OFF
01-15 02:04:18.777 21875 21875 W art     : Unexpected CPU variant for X86 using defaults: x86_64
01-15 02:04:18.782 21875 21875 D ICU     : No timezone override file found: /data/local/tmp/misc/zoneinfo/current/icu/icu_tzdata.dat
01-15 02:04:18.803 21875 21875 E memtrack: Couldn't load memtrack module (No such file or directory)
01-15 02:04:18.804 21875 21875 E android.os.Debug: failed to load memtrack module: -2
01-15 02:04:18.804 21875 21875 I Radio-JNI: register_android_hardware_Radio DONE
01-15 02:04:18.811 21875 21875 D AndroidRuntime: Calling main entry com.android.commands.uiautomator.Launcher
01-15 02:04:19.846 21875 21875 I AccessibilityNodeInfoDumper: Skipping invisible child: android.view.accessibility.AccessibilityNodeInfo@80016865; boundsInParent: Rect(0, 0 - 0, 71); boundsInScreen: Rect(42, 101 - 42, 172); packageName: io.lerk.lrkFM; className: android.widget.TextView; text: Welcome; error: null; maxTextLength: -1; contentDescription: null; viewIdResName: null; checkable: false; checked: false; focusable: false; focused: false; selected: false; clickable: false; longClickable: false; contextClickable: false; enabled: true; password: false; scrollable: false; actions: [AccessibilityAction: ACTION_SELECT - null, AccessibilityAction: ACTION_CLEAR_SELECTION - null, AccessibilityAction: ACTION_ACCESSIBILITY_FOCUS - null, AccessibilityAction: ACTION_NEXT_AT_MOVEMENT_GRANULARITY - null, AccessibilityAction: ACTION_PREVIOUS_AT_MOVEMENT_GRANULARITY - null, AccessibilityAction: ACTION_SET_SELECTION - null, AccessibilityAction: ACTION_SHOW_ON_SCREEN - null]
01-15 02:04:19.846 21875 21875 I AccessibilityNodeInfoDumper: Skipping invisible child: android.view.accessibility.AccessibilityNodeInfo@80016c26; boundsInParent: Rect(0, 0 - 0, 147); boundsInScreen: Rect(1080, 63 - 1080, 210); packageName: io.lerk.lrkFM; className: android.support.v7.widget.LinearLayoutCompat; text: null; error: null; maxTextLength: -1; contentDescription: null; viewIdResName: null; checkable: false; checked: false; focusable: false; focused: false; selected: false; clickable: false; longClickable: false; contextClickable: false; enabled: true; password: false; scrollable: false; actions: [AccessibilityAction: ACTION_SELECT - null, AccessibilityAction: ACTION_CLEAR_SELECTION - null, AccessibilityAction: ACTION_ACCESSIBILITY_FOCUS - null, AccessibilityAction: ACTION_SHOW_ON_SCREEN - null]
01-15 02:04:19.849 21875 21875 W AccessibilityNodeInfoDumper: Fetch time: 7ms
01-15 02:04:19.849  1697  2651 W WindowManager: Attempted to remove non-existing token: android.os.Binder@d3305d9
01-15 02:04:19.857 21875 21875 D AndroidRuntime: Shutting down VM
01-15 02:04:20.834 21903 21903 D AndroidRuntime: >>>>>> START com.android.internal.os.RuntimeInit uid 2000 <<<<<<
01-15 02:04:20.836 21903 21903 D AndroidRuntime: CheckJNI is OFF
01-15 02:04:20.854 21903 21903 W art     : Unexpected CPU variant for X86 using defaults: x86_64
01-15 02:04:20.857 21903 21903 D ICU     : No timezone override file found: /data/local/tmp/misc/zoneinfo/current/icu/icu_tzdata.dat
01-15 02:04:20.876 21903 21903 E memtrack: Couldn't load memtrack module (No such file or directory)
01-15 02:04:20.876 21903 21903 E android.os.Debug: failed to load memtrack module: -2
01-15 02:04:20.877 21903 21903 I Radio-JNI: register_android_hardware_Radio DONE
01-15 02:04:20.881 21903 21903 D AndroidRuntime: Calling main entry com.android.commands.uiautomator.Launcher
01-15 02:04:21.908 21903 21903 I AccessibilityNodeInfoDumper: Skipping invisible child: android.view.accessibility.AccessibilityNodeInfo@80016873; boundsInParent: Rect(0, 0 - 0, 71); boundsInScreen: Rect(42, 101 - 42, 172); packageName: io.lerk.lrkFM; className: android.widget.TextView; text: Welcome; error: null; maxTextLength: -1; contentDescription: null; viewIdResName: null; checkable: false; checked: false; focusable: false; focused: false; selected: false; clickable: false; longClickable: false; contextClickable: false; enabled: true; password: false; scrollable: false; actions: [AccessibilityAction: ACTION_SELECT - null, AccessibilityAction: ACTION_CLEAR_SELECTION - null, AccessibilityAction: ACTION_ACCESSIBILITY_FOCUS - null, AccessibilityAction: ACTION_NEXT_AT_MOVEMENT_GRANULARITY - null, AccessibilityAction: ACTION_PREVIOUS_AT_MOVEMENT_GRANULARITY - null, AccessibilityAction: ACTION_SET_SELECTION - null, AccessibilityAction: ACTION_SHOW_ON_SCREEN - null]
01-15 02:04:21.908 21903 21903 I AccessibilityNodeInfoDumper: Skipping invisible child: android.view.accessibility.AccessibilityNodeInfo@80016c34; boundsInParent: Rect(0, 0 - 0, 147); boundsInScreen: Rect(1080, 63 - 1080, 210); packageName: io.lerk.lrkFM; className: android.support.v7.widget.LinearLayoutCompat; text: null; error: null; maxTextLength: -1; contentDescription: null; viewIdResName: null; checkable: false; checked: false; focusable: false; focused: false; selected: false; clickable: false; longClickable: false; contextClickable: false; enabled: true; password: false; scrollable: false; actions: [AccessibilityAction: ACTION_SELECT - null, AccessibilityAction: ACTION_CLEAR_SELECTION - null, AccessibilityAction: ACTION_ACCESSIBILITY_FOCUS - null, AccessibilityAction: ACTION_SHOW_ON_SCREEN - null]
01-15 02:04:21.911 21903 21903 W AccessibilityNodeInfoDumper: Fetch time: 5ms
01-15 02:04:21.912  1697  1870 W WindowManager: Attempted to remove non-existing token: android.os.Binder@4a0067f
