--------- beginning of main
01-15 02:02:34.238 20641 20641 D AndroidRuntime: >>>>>> START com.android.internal.os.RuntimeInit uid 2000 <<<<<<
01-15 02:02:34.242 20641 20641 D AndroidRuntime: CheckJNI is OFF
01-15 02:02:34.263 20641 20641 W art     : Unexpected CPU variant for X86 using defaults: x86_64
01-15 02:02:34.267 20641 20641 D ICU     : No timezone override file found: /data/misc/zoneinfo/current/icu/icu_tzdata.dat
01-15 02:02:34.286 20641 20641 E memtrack: Couldn't load memtrack module (No such file or directory)
01-15 02:02:34.286 20641 20641 E android.os.Debug: failed to load memtrack module: -2
01-15 02:02:34.288 20641 20641 I Radio-JNI: register_android_hardware_Radio DONE
01-15 02:02:34.295 20641 20641 D AndroidRuntime: Calling main entry com.android.commands.pm.Pm
01-15 02:02:34.303  1697  1724 I PackageManager: Package doesn't exist in get block uninstall io.lerk.lrkFM
--------- beginning of system
01-15 02:02:34.303  1697  1724 W PackageManager: Not removing non-existent package io.lerk.lrkFM
01-15 02:02:34.310 20641 20641 I art     : System.exit called, status: 0
01-15 02:02:34.310 20641 20641 I AndroidRuntime: VM exiting with result code 0.
01-15 02:02:34.329 20641 20649 W MessageQueue: Handler (android.os.Handler) {9bf7484} sending message to a Handler on a dead thread
01-15 02:02:34.329 20641 20649 W MessageQueue: java.lang.IllegalStateException: Handler (android.os.Handler) {9bf7484} sending message to a Handler on a dead thread
01-15 02:02:34.329 20641 20649 W MessageQueue: 	at android.os.MessageQueue.enqueueMessage(MessageQueue.java:543)
01-15 02:02:34.329 20641 20649 W MessageQueue: 	at android.os.Handler.enqueueMessage(Handler.java:643)
01-15 02:02:34.329 20641 20649 W MessageQueue: 	at android.os.Handler.sendMessageAtTime(Handler.java:612)
01-15 02:02:34.329 20641 20649 W MessageQueue: 	at android.os.Handler.sendMessageDelayed(Handler.java:582)
01-15 02:02:34.329 20641 20649 W MessageQueue: 	at android.os.Handler.post(Handler.java:338)
01-15 02:02:34.329 20641 20649 W MessageQueue: 	at android.os.ResultReceiver$MyResultReceiver.send(ResultReceiver.java:57)
01-15 02:02:34.329 20641 20649 W MessageQueue: 	at com.android.internal.os.IResultReceiver$Stub.onTransact(IResultReceiver.java:58)
01-15 02:02:34.329 20641 20649 W MessageQueue: 	at android.os.Binder.execTransact(Binder.java:565)
01-15 02:02:34.374  1449  1449 I         : free_cache(3673303) avail 6016741376
01-15 02:02:34.513  1697  1724 I PackageManager.DexOptimizer: Running dexopt (dex2oat) on: /data/app/vmdl1792509499.tmp/base.apk pkg=io.lerk.lrkFM isa=x86_64 vmSafeMode=false debuggable=false target-filter=interpret-only oatDir = /data/app/vmdl1792509499.tmp/oat sharedLibraries=null
01-15 02:02:34.525 20665 20665 W dex2oat : Unexpected CPU variant for X86 using defaults: x86_64
01-15 02:02:34.525 20665 20665 I dex2oat : /system/bin/dex2oat --compiler-filter=interpret-only
01-15 02:02:34.743 20665 20669 W dex2oat : Before Android 4.1, method int android.support.v7.widget.DropDownListView.lookForSelectablePosition(int, boolean) would have incorrectly overridden the package-private method in android.widget.ListView
01-15 02:02:34.853 20665 20668 W dex2oat : Before Android 4.1, method int android.support.v7.widget.MenuPopupWindow$MenuDropDownListView.lookForSelectablePosition(int, boolean) would have incorrectly overridden the package-private method in android.widget.ListView
01-15 02:02:34.884 20665 20667 W dex2oat : Before Android 4.1, method android.graphics.PorterDuffColorFilter android.support.graphics.drawable.VectorDrawableCompat.updateTintFilter(android.graphics.PorterDuffColorFilter, android.content.res.ColorStateList, android.graphics.PorterDuff$Mode) would have incorrectly overridden the package-private method in android.graphics.drawable.Drawable
01-15 02:02:36.800 20665 20665 I dex2oat : dex2oat took 2.275s (threads: 4) arena alloc=8KB (8760B) java alloc=7MB (7610064B) native alloc=6MB (7198160B) free=2MB (2894384B)
01-15 02:02:36.862  1697  1724 I art     : Starting a blocking GC Explicit
01-15 02:02:36.882  1697  1724 I art     : Explicit concurrent mark sweep GC freed 7079(536KB) AllocSpace objects, 4(80KB) LOS objects, 20% free, 15MB/19MB, paused 924us total 20.006ms
01-15 02:02:36.883  1449  1449 E         : Couldn't opendir /data/app/vmdl1792509499.tmp: No such file or directory
01-15 02:02:36.902  1697  1710 W InputMethodInfo: Duplicated subtype definition found: , voice
01-15 02:02:36.905  1697  1747 I InputReader: Reconfiguring input devices.  changes=0x00000010
01-15 02:02:36.916  1991  1991 D CarrierSvcBindHelper: No carrier app for: 0
01-15 02:02:36.917  1991  1991 D CarrierConfigLoader: mHandler: 9 phoneId: 0
01-15 02:02:36.970  1854 20685 W GCM     : Unexpected forwarded intent: Intent { act=android.intent.action.PACKAGE_ADDED dat=package:io.lerk.lrkFM flg=0x4000010 cmp=com.google.android.gms/.chimera.PersistentIntentOperationService (has extras) }
01-15 02:02:36.975  1854 20687 W GCM     : Unexpected forwarded intent: Intent { act=android.intent.action.PACKAGE_ADDED dat=package:io.lerk.lrkFM flg=0x4000010 cmp=com.google.android.gms/.chimera.PersistentIntentOperationService (has extras) }
01-15 02:02:36.984  1697  2651 W ActivityManager: Unable to start service Intent { act=com.google.android.gms.auth.key.retrieval.service.START pkg=com.google.android.gms } U=0: not found
01-15 02:02:36.992  1697  2205 W ActivityManager: Unbind failed: could not find connection for android.os.BinderProxy@2c14cfa
01-15 02:02:36.993  2396  2649 E GmsClient: unable to connect to service: com.google.android.gms.auth.key.retrieval.service.START on com.google.android.gms
01-15 02:02:36.996  2396 20694 I Auth    : [SupervisedAccountIntentOperation] onHandleIntent(): android.intent.action.PACKAGE_ADDED
01-15 02:02:36.996  8883 20691 I UpdateIcingCorporaServi: Updating corpora: APPS=io.lerk.lrkFM, CONTACTS=MAYBE
01-15 02:02:36.998  2396 20694 I ChromeSync: [Sync,SyncIntentOperation] Handling the intent: Intent { act=android.intent.action.PACKAGE_ADDED dat=package:io.lerk.lrkFM flg=0x4000010 cmp=com.google.android.gms/.chimera.GmsIntentOperationService (has extras) }.
01-15 02:02:37.088  2396 20694 I ChromeSync: [Persistence,AffiliationManager] One of affiliation or grouping data for android://ceetJUFh_18OFgkFZKTdpobCwKagu3h2fBvN4NfyEcEehH06194sEu_P_z1bDLV4DjS7zyeWrCrtY8UzR-YFaA==@io.lerk.lrkFM/ was not found. Marking affiliation data as stale...
01-15 02:02:37.118  2396 20682 I ChimeraConfigurator: Starting update, reason: 4 urgentFeatures: pay:-1
01-15 02:02:37.120  2396 20682 E ConfigFileUtils: Failed to read config file: /data/user_de/0/com.google.android.gms/app_chimera/next_container.pb (No such file or directory)
01-15 02:02:37.123  2396  2662 I Icing   : IndexChimeraService.getServiceInterface callingPackage=com.google.android.googlequicksearchbox componentName=null serviceId=36
01-15 02:02:37.152  2396  2700 I Icing   : IndexChimeraService.getServiceInterface callingPackage=com.google.android.gms componentName=AppsCorpus serviceId=36
01-15 02:02:37.168 20678 20678 D AndroidRuntime: >>>>>> START com.android.internal.os.RuntimeInit uid 2000 <<<<<<
01-15 02:02:37.169 20678 20678 D AndroidRuntime: CheckJNI is OFF
01-15 02:02:37.183  2396 20682 I ChmraDebugLogger: [73] 1801
01-15 02:02:37.185  2396 20682 I ChmraDebugLogger: [30] [Pay.optional:202414020000] permitMetered=true,
01-15 02:02:37.188  2396 20682 W ChimeraConfigService: Retry attempt was throttled.
01-15 02:02:37.198 20678 20678 W art     : Unexpected CPU variant for X86 using defaults: x86_64
01-15 02:02:37.200  2396  8466 W Icing   : No valid account for uploading user actions
01-15 02:02:37.201 20678 20678 D ICU     : No timezone override file found: /data/misc/zoneinfo/current/icu/icu_tzdata.dat
01-15 02:02:37.222 20678 20678 E memtrack: Couldn't load memtrack module (No such file or directory)
01-15 02:02:37.222 20678 20678 E android.os.Debug: failed to load memtrack module: -2
01-15 02:02:37.222 20678 20678 I Radio-JNI: register_android_hardware_Radio DONE
01-15 02:02:37.228 20678 20678 D AndroidRuntime: Calling main entry com.android.commands.monkey.Monkey
01-15 02:02:37.229  2396  8466 I Icing   : Usage reports ok 0, Failed Usage reports 0, indexed 0, rejected 0
01-15 02:02:37.231  2396  8466 W Icing   : No valid account for uploading user actions
01-15 02:02:37.234  2396  2662 I Icing   : IndexChimeraService.getServiceInterface callingPackage=com.google.android.gms componentName=null serviceId=30
01-15 02:02:37.238  2396  8466 I Icing   : Usage reports ok 0, Failed Usage reports 0, indexed 0, rejected 0
01-15 02:02:37.241  8883 20691 I UpdateIcingCorporaServi: UpdateCorporaTask done [took 245 ms] updated apps [took 245 ms] 
01-15 02:02:37.243  2396  2662 I Icing   : IndexChimeraService.getServiceInterface callingPackage=com.google.android.gms componentName=null serviceId=36
01-15 02:02:37.246  2396  8466 W Icing   : No valid account for uploading user actions
01-15 02:02:37.251  2396  8466 I Icing   : Usage reports ok 0, Failed Usage reports 0, indexed 0, rejected 0
01-15 02:02:37.255  2396  8466 W Icing   : No valid account for uploading user actions
01-15 02:02:37.261  2396  8466 I Icing   : Usage reports ok 0, Failed Usage reports 0, indexed 0, rejected 0
01-15 02:02:37.263  2396  8466 I Icing   : Indexing com.google.android.googlequicksearchbox-applications_uri from com.google.android.googlequicksearchbox
01-15 02:02:37.263  1697  1711 W BroadcastQueue: Skipping deliver [background] BroadcastRecord{2188803 u-1 android.net.conn.CONNECTIVITY_CHANGE} to ReceiverList{3350380 20678 (unknown name)/2000/u-1 remote:f6aa2bd}: process crashing
01-15 02:02:37.272  1697  2164 I ActivityManager: START u0 {act=android.intent.action.MAIN cat=[android.intent.category.LAUNCHER] flg=0x10200000 cmp=io.lerk.lrkFM/.activities.file.FileActivity} from uid 2000 on display 0
01-15 02:02:37.297  2396  8466 I Icing   : Indexing com.google.android.gms-apps from com.google.android.gms
01-15 02:02:37.305  1697  2650 I ActivityManager: Start proc 20711:io.lerk.lrkFM/u0a98 for activity io.lerk.lrkFM/.activities.file.FileActivity
01-15 02:02:37.311 20711 20711 W art     : Unexpected CPU variant for X86 using defaults: x86_64
01-15 02:02:37.319 20678 20678 I art     : System.exit called, status: 0
01-15 02:02:37.319 20678 20678 I AndroidRuntime: VM exiting with result code 0.
01-15 02:02:37.327  1352  3608 D gralloc_ranchu: gralloc_alloc: Creating ashmem region of size 8294400
01-15 02:02:37.357  2396  8466 I Icing   : Indexing com.google.android.gms-internal.3p:MobileApplication from com.google.android.gms
01-15 02:02:37.380 20711 20711 W System  : ClassLoader referenced unknown path: /data/app/io.lerk.lrkFM-1/lib/x86_64
01-15 02:02:37.387  2396  8466 I Icing   : Indexing done com.google.android.googlequicksearchbox-applications_uri
01-15 02:02:37.391  2396  8466 I Icing   : Indexing done com.google.android.gms-apps
01-15 02:02:37.397  2396  8466 I Icing   : Indexing done com.google.android.gms-internal.3p:MobileApplication
01-15 02:02:37.434 20711 20711 W art     : Before Android 4.1, method android.graphics.PorterDuffColorFilter android.support.graphics.drawable.VectorDrawableCompat.updateTintFilter(android.graphics.PorterDuffColorFilter, android.content.res.ColorStateList, android.graphics.PorterDuff$Mode) would have incorrectly overridden the package-private method in android.graphics.drawable.Drawable
01-15 02:02:37.441  2483  2623 D EGL_emulation: eglMakeCurrent: 0x7de1dea58320: ver 3 0 (tinfo 0x7de1dea0c740)
01-15 02:02:37.444  1697  2205 I ActivityManager: START u0 {cmp=io.lerk.lrkFM/.activities.IntroActivity} from uid 10098 on display 0
01-15 02:02:37.467 20711 20711 I art     : Rejecting re-init on previously-failed class java.lang.Class<android.support.v4.view.ViewCompat$OnUnhandledKeyEventListenerWrapper>: java.lang.NoClassDefFoundError: Failed resolution of: Landroid/view/View$OnUnhandledKeyEventListener;
01-15 02:02:37.467 20711 20711 I art     :   at void android.support.v4.view.ViewCompat.setOnApplyWindowInsetsListener(android.view.View, android.support.v4.view.OnApplyWindowInsetsListener) (ViewCompat.java:2203)
01-15 02:02:37.467 20711 20711 I art     :   at android.view.ViewGroup android.support.v7.app.AppCompatDelegateImpl.createSubDecor() (AppCompatDelegateImpl.java:637)
01-15 02:02:37.467 20711 20711 I art     :   at void android.support.v7.app.AppCompatDelegateImpl.ensureSubDecor() (AppCompatDelegateImpl.java:518)
01-15 02:02:37.467 20711 20711 I art     :   at void android.support.v7.app.AppCompatDelegateImpl.setContentView(int) (AppCompatDelegateImpl.java:466)
01-15 02:02:37.467 20711 20711 I art     :   at void android.support.v7.app.AppCompatActivity.setContentView(int) (AppCompatActivity.java:140)
01-15 02:02:37.467 20711 20711 I art     :   at void io.lerk.lrkFM.activities.file.FileActivity.onCreate(android.os.Bundle) (FileActivity.java:341)
01-15 02:02:37.467 20711 20711 I art     :   at void android.app.Activity.performCreate(android.os.Bundle) (Activity.java:6662)
01-15 02:02:37.467 20711 20711 I art     :   at void android.app.Instrumentation.callActivityOnCreate(android.app.Activity, android.os.Bundle) (Instrumentation.java:1118)
01-15 02:02:37.467 20711 20711 I art     :   at android.app.Activity android.app.ActivityThread.performLaunchActivity(android.app.ActivityThread$ActivityClientRecord, android.content.Intent) (ActivityThread.java:2599)
01-15 02:02:37.467 20711 20711 I art     :   at void android.app.ActivityThread.handleLaunchActivity(android.app.ActivityThread$ActivityClientRecord, android.content.Intent, java.lang.String) (ActivityThread.java:2707)
01-15 02:02:37.467 20711 20711 I art     :   at void android.app.ActivityThread.-wrap12(android.app.ActivityThread, android.app.ActivityThread$ActivityClientRecord, android.content.Intent, java.lang.String) (ActivityThread.java:-1)
01-15 02:02:37.467 20711 20711 I art     :   at void android.app.ActivityThread$H.handleMessage(android.os.Message) (ActivityThread.java:1460)
01-15 02:02:37.467 20711 20711 I art     :   at void android.os.Handler.dispatchMessage(android.os.Message) (Handler.java:102)
01-15 02:02:37.467 20711 20711 I art     :   at void android.os.Looper.loop() (Looper.java:154)
01-15 02:02:37.467 20711 20711 I art     :   at void android.app.ActivityThread.main(java.lang.String[]) (ActivityThread.java:6077)
01-15 02:02:37.467 20711 20711 I art     :   at java.lang.Object java.lang.reflect.Method.invoke!(java.lang.Object, java.lang.Object[]) (Method.java:-2)
01-15 02:02:37.467 20711 20711 I art     :   at void com.android.internal.os.ZygoteInit$MethodAndArgsCaller.run() (ZygoteInit.java:866)
01-15 02:02:37.467 20711 20711 I art     :   at void com.android.internal.os.ZygoteInit.main(java.lang.String[]) (ZygoteInit.java:756)
01-15 02:02:37.467 20711 20711 I art     : Caused by: java.lang.ClassNotFoundException: Didn't find class "android.view.View$OnUnhandledKeyEventListener" on path: DexPathList[[zip file "/data/app/io.lerk.lrkFM-1/base.apk"],nativeLibraryDirectories=[/data/app/io.lerk.lrkFM-1/lib/x86_64, /system/lib64, /vendor/lib64]]
01-15 02:02:37.468 20711 20711 I art     :   at java.lang.Class dalvik.system.BaseDexClassLoader.findClass(java.lang.String) (BaseDexClassLoader.java:56)
01-15 02:02:37.468 20711 20711 I art     :   at java.lang.Class java.lang.ClassLoader.loadClass(java.lang.String, boolean) (ClassLoader.java:380)
01-15 02:02:37.468 20711 20711 I art     :   at java.lang.Class java.lang.ClassLoader.loadClass(java.lang.String) (ClassLoader.java:312)
01-15 02:02:37.468 20711 20711 I art     :   at void android.support.v4.view.ViewCompat.setOnApplyWindowInsetsListener(android.view.View, android.support.v4.view.OnApplyWindowInsetsListener) (ViewCompat.java:2203)
01-15 02:02:37.468 20711 20711 I art     :   at android.view.ViewGroup android.support.v7.app.AppCompatDelegateImpl.createSubDecor() (AppCompatDelegateImpl.java:637)
01-15 02:02:37.468 20711 20711 I art     :   at void android.support.v7.app.AppCompatDelegateImpl.ensureSubDecor() (AppCompatDelegateImpl.java:518)
01-15 02:02:37.468 20711 20711 I art     :   at void android.support.v7.app.AppCompatDelegateImpl.setContentView(int) (AppCompatDelegateImpl.java:466)
01-15 02:02:37.468 20711 20711 I art     :   at void android.support.v7.app.AppCompatActivity.setContentView(int) (AppCompatActivity.java:140)
01-15 02:02:37.468 20711 20711 I art     :   at void io.lerk.lrkFM.activities.file.FileActivity.onCreate(android.os.Bundle) (FileActivity.java:341)
01-15 02:02:37.468 20711 20711 I art     :   at void android.app.Activity.performCreate(android.os.Bundle) (Activity.java:6662)
01-15 02:02:37.468 20711 20711 I art     :   at void android.app.Instrumentation.callActivityOnCreate(android.app.Activity, android.os.Bundle) (Instrumentation.java:1118)
01-15 02:02:37.468 20711 20711 I art     :   at android.app.Activity android.app.ActivityThread.performLaunchActivity(android.app.ActivityThread$ActivityClientRecord, android.content.Intent) (ActivityThread.java:2599)
01-15 02:02:37.468 20711 20711 I art     :   at void android.app.ActivityThread.handleLaunchActivity(android.app.ActivityThread$ActivityClientRecord, android.content.Intent, java.lang.String) (ActivityThread.java:2707)
01-15 02:02:37.468 20711 20711 I art     :   at void android.app.ActivityThread.-wrap12(android.app.ActivityThread, android.app.ActivityThread$ActivityClientRecord, android.content.Intent, java.lang.String) (ActivityThread.java:-1)
01-15 02:02:37.468 20711 20711 I art     :   at void android.app.ActivityThread$H.handleMessage(android.os.Message) (ActivityThread.java:1460)
01-15 02:02:37.468 20711 20711 I art     :   at void android.os.Handler.dispatchMessage(android.os.Message) (Handler.java:102)
01-15 02:02:37.468 20711 20711 I art     :   at void android.os.Looper.loop() (Looper.java:154)
01-15 02:02:37.468 20711 20711 I art     :   at void android.app.ActivityThread.main(java.lang.String[]) (ActivityThread.java:6077)
01-15 02:02:37.469 20711 20711 I art     :   at java.lang.Object java.lang.reflect.Method.invoke!(java.lang.Object, java.lang.Object[]) (Method.java:-2)
01-15 02:02:37.469 20711 20711 I art     :   at void com.android.internal.os.ZygoteInit$MethodAndArgsCaller.run() (ZygoteInit.java:866)
01-15 02:02:37.469 20711 20711 I art     :   at void com.android.internal.os.ZygoteInit.main(java.lang.String[]) (ZygoteInit.java:756)
01-15 02:02:37.469 20711 20711 I art     : 
01-15 02:02:37.478  1352  1368 D gralloc_ranchu: gralloc_alloc: Creating ashmem region of size 8294400
01-15 02:02:37.566 20711 20723 I art     : Background sticky concurrent mark sweep GC freed 30652(1535KB) AllocSpace objects, 0(0B) LOS objects, 46% free, 4MB/8MB, paused 1.017ms total 102.028ms
01-15 02:02:37.612  1697  2207 I ActivityManager: START u0 {act=android.content.pm.action.REQUEST_PERMISSIONS pkg=com.google.android.packageinstaller cmp=com.google.android.packageinstaller/com.android.packageinstaller.permission.ui.GrantPermissionsActivity (has extras)} from uid 10098 on display 0
01-15 02:02:37.624 20711 20711 D io.lerk.lrkFM.activities.file.FileActivity: User has no bookmarks
01-15 02:02:37.628 20711 20711 D io.lerk.lrkFM.DiskUtil: Free disk space: 5729
01-15 02:02:37.660  1352  1370 D gralloc_ranchu: gralloc_alloc: Creating ashmem region of size 2691072
01-15 02:02:37.698 13320 13320 I GrantPermissionsActivity: No package: null
01-15 02:02:37.698 13320 13320 I GrantPermissionsActivity: android.content.pm.PackageManager$NameNotFoundException
01-15 02:02:37.698 13320 13320 I GrantPermissionsActivity: 	at android.app.ApplicationPackageManager.getPackageInfoAsUser(ApplicationPackageManager.java:147)
01-15 02:02:37.698 13320 13320 I GrantPermissionsActivity: 	at android.app.ApplicationPackageManager.getPackageInfo(ApplicationPackageManager.java:132)
01-15 02:02:37.698 13320 13320 I GrantPermissionsActivity: 	at com.android.packageinstaller.permission.ui.GrantPermissionsActivity.getCallingPackageInfo(GrantPermissionsActivity.java:350)
01-15 02:02:37.698 13320 13320 I GrantPermissionsActivity: 	at com.android.packageinstaller.permission.ui.GrantPermissionsActivity.onCreate(GrantPermissionsActivity.java:101)
01-15 02:02:37.698 13320 13320 I GrantPermissionsActivity: 	at android.app.Activity.performCreate(Activity.java:6662)
01-15 02:02:37.698 13320 13320 I GrantPermissionsActivity: 	at android.app.Instrumentation.callActivityOnCreate(Instrumentation.java:1118)
01-15 02:02:37.698 13320 13320 I GrantPermissionsActivity: 	at android.app.ActivityThread.performLaunchActivity(ActivityThread.java:2599)
01-15 02:02:37.698 13320 13320 I GrantPermissionsActivity: 	at android.app.ActivityThread.handleLaunchActivity(ActivityThread.java:2707)
01-15 02:02:37.698 13320 13320 I GrantPermissionsActivity: 	at android.app.ActivityThread.-wrap12(ActivityThread.java)
01-15 02:02:37.698 13320 13320 I GrantPermissionsActivity: 	at android.app.ActivityThread$H.handleMessage(ActivityThread.java:1460)
01-15 02:02:37.698 13320 13320 I GrantPermissionsActivity: 	at android.os.Handler.dispatchMessage(Handler.java:102)
01-15 02:02:37.698 13320 13320 I GrantPermissionsActivity: 	at android.os.Looper.loop(Looper.java:154)
01-15 02:02:37.698 13320 13320 I GrantPermissionsActivity: 	at android.app.ActivityThread.main(ActivityThread.java:6077)
01-15 02:02:37.698 13320 13320 I GrantPermissionsActivity: 	at java.lang.reflect.Method.invoke(Native Method)
01-15 02:02:37.698 13320 13320 I GrantPermissionsActivity: 	at com.android.internal.os.ZygoteInit$MethodAndArgsCaller.run(ZygoteInit.java:866)
01-15 02:02:37.698 13320 13320 I GrantPermissionsActivity: 	at com.android.internal.os.ZygoteInit.main(ZygoteInit.java:756)
01-15 02:02:37.720  1352  1384 E SurfaceFlinger: ro.sf.lcd_density must be defined as a build property
01-15 02:02:37.725 20711 20711 D         : HostConnection::get() New Host Connection established 0x7de1da0f7180, tid 20711
01-15 02:02:37.744 20711 20735 W io.lerk.lrkFM.tasks.DirectoryLoaderTask: Can't read '/storage/emulated/0': Permission denied!
01-15 02:02:37.825 20711 20734 D         : HostConnection::get() New Host Connection established 0x7de1da0f7060, tid 20734
01-15 02:02:37.827 20711 20734 I OpenGLRenderer: Initialized EGL, version 1.4
01-15 02:02:37.827 20711 20734 D OpenGLRenderer: Swap behavior 1
01-15 02:02:37.827 20711 20734 W OpenGLRenderer: Failed to choose config with EGL_SWAP_BEHAVIOR_PRESERVED, retrying without...
01-15 02:02:37.827 20711 20734 D OpenGLRenderer: Swap behavior 0
01-15 02:02:37.837 20711 20734 D EGL_emulation: eglCreateContext: 0x7de1da0e8b40: maj 3 min 0 rcv 3
01-15 02:02:37.837 20711 20734 D EGL_emulation: eglMakeCurrent: 0x7de1da0e8b40: ver 3 0 (tinfo 0x7de1dbf97060)
01-15 02:02:37.838 20711 20734 E eglCodecCommon: glUtilsParamSize: unknow param 0x00008cdf
01-15 02:02:37.838 20711 20734 E eglCodecCommon: glUtilsParamSize: unknow param 0x00008824
01-15 02:02:37.843 20711 20711 D io.lerk.lrkFM.DiskUtil: Free disk space: 5729
01-15 02:02:37.850 20711 20734 D EGL_emulation: eglMakeCurrent: 0x7de1da0e8b40: ver 3 0 (tinfo 0x7de1dbf97060)
01-15 02:02:37.952  1697  1718 I ActivityManager: Displayed io.lerk.lrkFM/.activities.IntroActivity: +315ms (total +668ms)
01-15 02:02:38.139  1697  1718 I WindowManager: Destroying surface Surface(name=Starting io.lerk.lrkFM) called by com.android.server.wm.WindowStateAnimator.destroySurface:2016 com.android.server.wm.WindowStateAnimator.destroySurfaceLocked:882 com.android.server.wm.WindowState.destroyOrSaveSurface:2100 com.android.server.wm.AppWindowToken.destroySurfaces:363 com.android.server.wm.WindowStateAnimator.finishExit:565 com.android.server.wm.WindowStateAnimator.stepAnimationLocked:491 com.android.server.wm.WindowAnimator.updateWindowsLocked:303 com.android.server.wm.WindowAnimator.animateLocked:704 
01-15 02:02:38.440  1697  1718 I WindowManager: Destroying surface Surface(name=Starting io.lerk.lrkFM) called by com.android.server.wm.WindowStateAnimator.destroySurface:2016 com.android.server.wm.WindowStateAnimator.destroySurfaceLocked:882 com.android.server.wm.WindowState.destroyOrSaveSurface:2100 com.android.server.wm.AppWindowToken.destroySurfaces:363 com.android.server.wm.WindowStateAnimator.finishExit:565 com.android.server.wm.AppWindowAnimator.stepAnimationLocked:427 com.android.server.wm.WindowAnimator.updateAppWindowsLocked:176 com.android.server.wm.WindowAnimator.animateLocked:678 
01-15 02:02:38.477  1697  2339 I WindowManager: Destroying surface Surface(name=com.android.launcher3/com.android.launcher3.Launcher) called by com.android.server.wm.WindowStateAnimator.destroySurface:2016 com.android.server.wm.WindowStateAnimator.destroySurfaceLocked:882 com.android.server.wm.WindowState.destroyOrSaveSurface:2100 com.android.server.wm.AppWindowToken.destroySurfaces:363 com.android.server.wm.AppWindowToken.notifyAppStopped:389 com.android.server.wm.WindowManagerService.notifyAppStopped:4463 com.android.server.am.ActivityStack.activityStoppedLocked:1252 com.android.server.am.ActivityManagerService.activityStopped:6903 
01-15 02:02:52.522 20741 20741 D AndroidRuntime: >>>>>> START com.android.internal.os.RuntimeInit uid 2000 <<<<<<
01-15 02:02:52.524 20741 20741 D AndroidRuntime: CheckJNI is OFF
01-15 02:02:52.545 20741 20741 W art     : Unexpected CPU variant for X86 using defaults: x86_64
01-15 02:02:52.549 20741 20741 D ICU     : No timezone override file found: /data/misc/zoneinfo/current/icu/icu_tzdata.dat
01-15 02:02:52.567 20741 20741 E memtrack: Couldn't load memtrack module (No such file or directory)
01-15 02:02:52.567 20741 20741 E android.os.Debug: failed to load memtrack module: -2
01-15 02:02:52.568 20741 20741 I Radio-JNI: register_android_hardware_Radio DONE
01-15 02:02:52.575 20741 20741 D AndroidRuntime: Calling main entry com.android.commands.content.Content
01-15 02:02:52.583 20741 20741 D AndroidRuntime: Shutting down VM
01-15 02:02:52.760 20751 20751 D AndroidRuntime: >>>>>> START com.android.internal.os.RuntimeInit uid 2000 <<<<<<
01-15 02:02:52.762 20751 20751 D AndroidRuntime: CheckJNI is OFF
01-15 02:02:52.779 20751 20751 W art     : Unexpected CPU variant for X86 using defaults: x86_64
01-15 02:02:52.782 20751 20751 D ICU     : No timezone override file found: /data/misc/zoneinfo/current/icu/icu_tzdata.dat
01-15 02:02:52.797 20751 20751 E memtrack: Couldn't load memtrack module (No such file or directory)
01-15 02:02:52.797 20751 20751 E android.os.Debug: failed to load memtrack module: -2
01-15 02:02:52.797 20751 20751 I Radio-JNI: register_android_hardware_Radio DONE
01-15 02:02:52.802 20751 20751 D AndroidRuntime: Calling main entry com.android.commands.content.Content
01-15 02:02:52.808 20751 20751 D AndroidRuntime: Shutting down VM
01-15 02:02:53.735 20780 20780 D AndroidRuntime: >>>>>> START com.android.internal.os.RuntimeInit uid 2000 <<<<<<
01-15 02:02:53.737 20780 20780 D AndroidRuntime: CheckJNI is OFF
01-15 02:02:53.756 20780 20780 W art     : Unexpected CPU variant for X86 using defaults: x86_64
01-15 02:02:53.760 20780 20780 D ICU     : No timezone override file found: /data/local/tmp/misc/zoneinfo/current/icu/icu_tzdata.dat
01-15 02:02:53.780 20780 20780 E memtrack: Couldn't load memtrack module (No such file or directory)
01-15 02:02:53.780 20780 20780 E android.os.Debug: failed to load memtrack module: -2
01-15 02:02:53.780 20780 20780 I Radio-JNI: register_android_hardware_Radio DONE
01-15 02:02:53.788 20780 20780 D AndroidRuntime: Calling main entry com.android.commands.uiautomator.Launcher
01-15 02:02:54.832 20780 20780 I AccessibilityNodeInfoDumper: Skipping invisible child: android.view.accessibility.AccessibilityNodeInfo@8001676a; boundsInParent: Rect(0, 0 - 0, 71); boundsInScreen: Rect(42, 101 - 42, 172); packageName: io.lerk.lrkFM; className: android.widget.TextView; text: Welcome; error: null; maxTextLength: -1; contentDescription: null; viewIdResName: null; checkable: false; checked: false; focusable: false; focused: false; selected: false; clickable: false; longClickable: false; contextClickable: false; enabled: true; password: false; scrollable: false; actions: [AccessibilityAction: ACTION_SELECT - null, AccessibilityAction: ACTION_CLEAR_SELECTION - null, AccessibilityAction: ACTION_ACCESSIBILITY_FOCUS - null, AccessibilityAction: ACTION_NEXT_AT_MOVEMENT_GRANULARITY - null, AccessibilityAction: ACTION_PREVIOUS_AT_MOVEMENT_GRANULARITY - null, AccessibilityAction: ACTION_SET_SELECTION - null, AccessibilityAction: ACTION_SHOW_ON_SCREEN - null]
01-15 02:02:54.833 20780 20780 I AccessibilityNodeInfoDumper: Skipping invisible child: android.view.accessibility.AccessibilityNodeInfo@80016b2b; boundsInParent: Rect(0, 0 - 0, 147); boundsInScreen: Rect(1080, 63 - 1080, 210); packageName: io.lerk.lrkFM; className: android.support.v7.widget.LinearLayoutCompat; text: null; error: null; maxTextLength: -1; contentDescription: null; viewIdResName: null; checkable: false; checked: false; focusable: false; focused: false; selected: false; clickable: false; longClickable: false; contextClickable: false; enabled: true; password: false; scrollable: false; actions: [AccessibilityAction: ACTION_SELECT - null, AccessibilityAction: ACTION_CLEAR_SELECTION - null, AccessibilityAction: ACTION_ACCESSIBILITY_FOCUS - null, AccessibilityAction: ACTION_SHOW_ON_SCREEN - null]
01-15 02:02:54.836 20780 20780 W AccessibilityNodeInfoDumper: Fetch time: 8ms
01-15 02:02:54.836  1697  2648 W WindowManager: Attempted to remove non-existing token: android.os.Binder@72adae6
01-15 02:02:54.842 20780 20780 D AndroidRuntime: Shutting down VM
01-15 02:02:55.187 20798 20798 D AndroidRuntime: >>>>>> START com.android.internal.os.RuntimeInit uid 2000 <<<<<<
01-15 02:02:55.188 20798 20798 D AndroidRuntime: CheckJNI is OFF
01-15 02:02:55.206 20798 20798 W art     : Unexpected CPU variant for X86 using defaults: x86_64
01-15 02:02:55.209 20798 20798 D ICU     : No timezone override file found: /data/local/tmp/misc/zoneinfo/current/icu/icu_tzdata.dat
01-15 02:02:55.228 20798 20798 E memtrack: Couldn't load memtrack module (No such file or directory)
01-15 02:02:55.228 20798 20798 E android.os.Debug: failed to load memtrack module: -2
01-15 02:02:55.228 20798 20798 I Radio-JNI: register_android_hardware_Radio DONE
01-15 02:02:55.233 20798 20798 D AndroidRuntime: Calling main entry com.android.commands.uiautomator.Launcher
01-15 02:02:56.256 20798 20798 I AccessibilityNodeInfoDumper: Skipping invisible child: android.view.accessibility.AccessibilityNodeInfo@80016775; boundsInParent: Rect(0, 0 - 0, 71); boundsInScreen: Rect(42, 101 - 42, 172); packageName: io.lerk.lrkFM; className: android.widget.TextView; text: Welcome; error: null; maxTextLength: -1; contentDescription: null; viewIdResName: null; checkable: false; checked: false; focusable: false; focused: false; selected: false; clickable: false; longClickable: false; contextClickable: false; enabled: true; password: false; scrollable: false; actions: [AccessibilityAction: ACTION_SELECT - null, AccessibilityAction: ACTION_CLEAR_SELECTION - null, AccessibilityAction: ACTION_ACCESSIBILITY_FOCUS - null, AccessibilityAction: ACTION_NEXT_AT_MOVEMENT_GRANULARITY - null, AccessibilityAction: ACTION_PREVIOUS_AT_MOVEMENT_GRANULARITY - null, AccessibilityAction: ACTION_SET_SELECTION - null, AccessibilityAction: ACTION_SHOW_ON_SCREEN - null]
01-15 02:02:56.256 20798 20798 I AccessibilityNodeInfoDumper: Skipping invisible child: android.view.accessibility.AccessibilityNodeInfo@80016b36; boundsInParent: Rect(0, 0 - 0, 147); boundsInScreen: Rect(1080, 63 - 1080, 210); packageName: io.lerk.lrkFM; className: android.support.v7.widget.LinearLayoutCompat; text: null; error: null; maxTextLength: -1; contentDescription: null; viewIdResName: null; checkable: false; checked: false; focusable: false; focused: false; selected: false; clickable: false; longClickable: false; contextClickable: false; enabled: true; password: false; scrollable: false; actions: [AccessibilityAction: ACTION_SELECT - null, AccessibilityAction: ACTION_CLEAR_SELECTION - null, AccessibilityAction: ACTION_ACCESSIBILITY_FOCUS - null, AccessibilityAction: ACTION_SHOW_ON_SCREEN - null]
01-15 02:02:56.258 20798 20798 W AccessibilityNodeInfoDumper: Fetch time: 3ms
01-15 02:02:56.259  1697  2164 W WindowManager: Attempted to remove non-existing token: android.os.Binder@839bf72
01-15 02:02:56.267 20798 20798 D AndroidRuntime: Shutting down VM
01-15 02:02:57.244 20826 20826 D AndroidRuntime: >>>>>> START com.android.internal.os.RuntimeInit uid 2000 <<<<<<
01-15 02:02:57.246 20826 20826 D AndroidRuntime: CheckJNI is OFF
01-15 02:02:57.264 20826 20826 W art     : Unexpected CPU variant for X86 using defaults: x86_64
01-15 02:02:57.267 20826 20826 D ICU     : No timezone override file found: /data/local/tmp/misc/zoneinfo/current/icu/icu_tzdata.dat
01-15 02:02:57.287 20826 20826 E memtrack: Couldn't load memtrack module (No such file or directory)
01-15 02:02:57.287 20826 20826 E android.os.Debug: failed to load memtrack module: -2
01-15 02:02:57.287 20826 20826 I Radio-JNI: register_android_hardware_Radio DONE
01-15 02:02:57.293 20826 20826 D AndroidRuntime: Calling main entry com.android.commands.uiautomator.Launcher
01-15 02:02:58.326 20826 20826 I AccessibilityNodeInfoDumper: Skipping invisible child: android.view.accessibility.AccessibilityNodeInfo@80016783; boundsInParent: Rect(0, 0 - 0, 71); boundsInScreen: Rect(42, 101 - 42, 172); packageName: io.lerk.lrkFM; className: android.widget.TextView; text: Welcome; error: null; maxTextLength: -1; contentDescription: null; viewIdResName: null; checkable: false; checked: false; focusable: false; focused: false; selected: false; clickable: false; longClickable: false; contextClickable: false; enabled: true; password: false; scrollable: false; actions: [AccessibilityAction: ACTION_SELECT - null, AccessibilityAction: ACTION_CLEAR_SELECTION - null, AccessibilityAction: ACTION_ACCESSIBILITY_FOCUS - null, AccessibilityAction: ACTION_NEXT_AT_MOVEMENT_GRANULARITY - null, AccessibilityAction: ACTION_PREVIOUS_AT_MOVEMENT_GRANULARITY - null, AccessibilityAction: ACTION_SET_SELECTION - null, AccessibilityAction: ACTION_SHOW_ON_SCREEN - null]
01-15 02:02:58.327 20826 20826 I AccessibilityNodeInfoDumper: Skipping invisible child: android.view.accessibility.AccessibilityNodeInfo@80016b44; boundsInParent: Rect(0, 0 - 0, 147); boundsInScreen: Rect(1080, 63 - 1080, 210); packageName: io.lerk.lrkFM; className: android.support.v7.widget.LinearLayoutCompat; text: null; error: null; maxTextLength: -1; contentDescription: null; viewIdResName: null; checkable: false; checked: false; focusable: false; focused: false; selected: false; clickable: false; longClickable: false; contextClickable: false; enabled: true; password: false; scrollable: false; actions: [AccessibilityAction: ACTION_SELECT - null, AccessibilityAction: ACTION_CLEAR_SELECTION - null, AccessibilityAction: ACTION_ACCESSIBILITY_FOCUS - null, AccessibilityAction: ACTION_SHOW_ON_SCREEN - null]
01-15 02:02:58.328 20826 20826 W AccessibilityNodeInfoDumper: Fetch time: 3ms
01-15 02:02:58.329  1697  1708 W WindowManager: Attempted to remove non-existing token: android.os.Binder@ada3040
01-15 02:02:58.333 20826 20826 D AndroidRuntime: Shutting down VM
01-15 02:02:59.378 20861 20861 D AndroidRuntime: >>>>>> START com.android.internal.os.RuntimeInit uid 2000 <<<<<<
01-15 02:02:59.379 20861 20861 D AndroidRuntime: CheckJNI is OFF
01-15 02:02:59.398 20861 20861 W art     : Unexpected CPU variant for X86 using defaults: x86_64
01-15 02:02:59.401 20861 20861 D ICU     : No timezone override file found: /data/local/tmp/misc/zoneinfo/current/icu/icu_tzdata.dat
01-15 02:02:59.418 20861 20861 E memtrack: Couldn't load memtrack module (No such file or directory)
01-15 02:02:59.418 20861 20861 E android.os.Debug: failed to load memtrack module: -2
01-15 02:02:59.418 20861 20861 I Radio-JNI: register_android_hardware_Radio DONE
01-15 02:02:59.423 20861 20861 D AndroidRuntime: Calling main entry com.android.commands.uiautomator.Launcher
01-15 02:03:00.080  1697  1711 I ProcessStatsService: Prepared write state in 1ms
01-15 02:03:00.082  1697  1711 I ProcessStatsService: Prepared write state in 1ms
01-15 02:03:00.452 20861 20861 I AccessibilityNodeInfoDumper: Skipping invisible child: android.view.accessibility.AccessibilityNodeInfo@8001678f; boundsInParent: Rect(0, 0 - 0, 71); boundsInScreen: Rect(42, 101 - 42, 172); packageName: io.lerk.lrkFM; className: android.widget.TextView; text: Welcome; error: null; maxTextLength: -1; contentDescription: null; viewIdResName: null; checkable: false; checked: false; focusable: false; focused: false; selected: false; clickable: false; longClickable: false; contextClickable: false; enabled: true; password: false; scrollable: false; actions: [AccessibilityAction: ACTION_SELECT - null, AccessibilityAction: ACTION_CLEAR_SELECTION - null, AccessibilityAction: ACTION_ACCESSIBILITY_FOCUS - null, AccessibilityAction: ACTION_NEXT_AT_MOVEMENT_GRANULARITY - null, AccessibilityAction: ACTION_PREVIOUS_AT_MOVEMENT_GRANULARITY - null, AccessibilityAction: ACTION_SET_SELECTION - null, AccessibilityAction: ACTION_SHOW_ON_SCREEN - null]
01-15 02:03:00.452 20861 20861 I AccessibilityNodeInfoDumper: Skipping invisible child: android.view.accessibility.AccessibilityNodeInfo@80016b50; boundsInParent: Rect(0, 0 - 0, 147); boundsInScreen: Rect(1080, 63 - 1080, 210); packageName: io.lerk.lrkFM; className: android.support.v7.widget.LinearLayoutCompat; text: null; error: null; maxTextLength: -1; contentDescription: null; viewIdResName: null; checkable: false; checked: false; focusable: false; focused: false; selected: false; clickable: false; longClickable: false; contextClickable: false; enabled: true; password: false; scrollable: false; actions: [AccessibilityAction: ACTION_SELECT - null, AccessibilityAction: ACTION_CLEAR_SELECTION - null, AccessibilityAction: ACTION_ACCESSIBILITY_FOCUS - null, AccessibilityAction: ACTION_SHOW_ON_SCREEN - null]
01-15 02:03:00.454 20861 20861 W AccessibilityNodeInfoDumper: Fetch time: 4ms
01-15 02:03:00.454  1697  2648 W WindowManager: Attempted to remove non-existing token: android.os.Binder@e060be
01-15 02:03:00.459 20861 20861 D AndroidRuntime: Shutting down VM
01-15 02:03:00.818 20882 20882 D AndroidRuntime: >>>>>> START com.android.internal.os.RuntimeInit uid 2000 <<<<<<
01-15 02:03:00.820 20882 20882 D AndroidRuntime: CheckJNI is OFF
01-15 02:03:00.838 20882 20882 W art     : Unexpected CPU variant for X86 using defaults: x86_64
01-15 02:03:00.842 20882 20882 D ICU     : No timezone override file found: /data/local/tmp/misc/zoneinfo/current/icu/icu_tzdata.dat
01-15 02:03:00.862 20882 20882 E memtrack: Couldn't load memtrack module (No such file or directory)
01-15 02:03:00.862 20882 20882 E android.os.Debug: failed to load memtrack module: -2
01-15 02:03:00.862 20882 20882 I Radio-JNI: register_android_hardware_Radio DONE
01-15 02:03:00.868 20882 20882 D AndroidRuntime: Calling main entry com.android.commands.uiautomator.Launcher
01-15 02:03:01.901 20882 20882 I AccessibilityNodeInfoDumper: Skipping invisible child: android.view.accessibility.AccessibilityNodeInfo@80016796; boundsInParent: Rect(0, 0 - 0, 71); boundsInScreen: Rect(42, 101 - 42, 172); packageName: io.lerk.lrkFM; className: android.widget.TextView; text: Welcome; error: null; maxTextLength: -1; contentDescription: null; viewIdResName: null; checkable: false; checked: false; focusable: false; focused: false; selected: false; clickable: false; longClickable: false; contextClickable: false; enabled: true; password: false; scrollable: false; actions: [AccessibilityAction: ACTION_SELECT - null, AccessibilityAction: ACTION_CLEAR_SELECTION - null, AccessibilityAction: ACTION_ACCESSIBILITY_FOCUS - null, AccessibilityAction: ACTION_NEXT_AT_MOVEMENT_GRANULARITY - null, AccessibilityAction: ACTION_PREVIOUS_AT_MOVEMENT_GRANULARITY - null, AccessibilityAction: ACTION_SET_SELECTION - null, AccessibilityAction: ACTION_SHOW_ON_SCREEN - null]
01-15 02:03:01.901 20882 20882 I AccessibilityNodeInfoDumper: Skipping invisible child: android.view.accessibility.AccessibilityNodeInfo@80016b57; boundsInParent: Rect(0, 0 - 0, 147); boundsInScreen: Rect(1080, 63 - 1080, 210); packageName: io.lerk.lrkFM; className: android.support.v7.widget.LinearLayoutCompat; text: null; error: null; maxTextLength: -1; contentDescription: null; viewIdResName: null; checkable: false; checked: false; focusable: false; focused: false; selected: false; clickable: false; longClickable: false; contextClickable: false; enabled: true; password: false; scrollable: false; actions: [AccessibilityAction: ACTION_SELECT - null, AccessibilityAction: ACTION_CLEAR_SELECTION - null, AccessibilityAction: ACTION_ACCESSIBILITY_FOCUS - null, AccessibilityAction: ACTION_SHOW_ON_SCREEN - null]
01-15 02:03:01.903 20882 20882 W AccessibilityNodeInfoDumper: Fetch time: 4ms
01-15 02:03:01.904  1697  2164 W WindowManager: Attempted to remove non-existing token: android.os.Binder@e52106c
01-15 02:03:01.909 20882 20882 D AndroidRuntime: Shutting down VM
01-15 02:03:02.042  1352  3608 E SurfaceFlinger: ro.sf.lcd_density must be defined as a build property
01-15 02:03:02.046  1352  1384 D gralloc_ranchu: gralloc_alloc: Creating ashmem region of size 8294400
01-15 02:03:02.049 20894 20894 D         : HostConnection::get() New Host Connection established 0x71f2a702d4e0, tid 20894
01-15 02:03:02.587 20899 20899 D AndroidRuntime: >>>>>> START com.android.internal.os.RuntimeInit uid 2000 <<<<<<
01-15 02:03:02.589 20899 20899 D AndroidRuntime: CheckJNI is OFF
01-15 02:03:02.608 20899 20899 W art     : Unexpected CPU variant for X86 using defaults: x86_64
01-15 02:03:02.612 20899 20899 D ICU     : No timezone override file found: /data/misc/zoneinfo/current/icu/icu_tzdata.dat
01-15 02:03:02.626 20899 20899 E memtrack: Couldn't load memtrack module (No such file or directory)
01-15 02:03:02.626 20899 20899 E android.os.Debug: failed to load memtrack module: -2
01-15 02:03:02.627 20899 20899 I Radio-JNI: register_android_hardware_Radio DONE
01-15 02:03:02.632 20899 20899 D AndroidRuntime: Calling main entry com.android.commands.am.Am
01-15 02:03:02.644 24860 24860 D MediaScannerReceiver: action: android.intent.action.MEDIA_SCANNER_SCAN_FILE path: /storage/emulated/0/screen.png
01-15 02:03:02.647 20899 20899 D AndroidRuntime: Shutting down VM
01-15 02:03:03.664  2396 20910 W System  : ClassLoader referenced unknown path: /system/priv-app/PrebuiltGmsCore/lib/x86_64
01-15 02:03:03.696  1854 26608 I NetworkScheduler.Stats: Task com.google.android.gms/com.google.android.gms.checkin.EventLogService started execution. cause:4 exec_start_elapsed_seconds: 81303 [CONTEXT service_id=218 ]
01-15 02:03:03.700  2396  8469 I Checkin : [EventLogChimeraService] Opted in for usage reporting: false
01-15 02:03:03.700  2396  8469 I Checkin : [EventLogChimeraService] Aggregate from 1673764005816 (log), 1673764005816 (data)
01-15 02:03:03.918  1854 26608 I NetworkScheduler.Stats: Task com.google.android.gms/com.google.android.gms.checkin.EventLogService finished executing. cause:4 result: 1 elapsed_millis: 243 uptime_millis: 243 exec_start_elapsed_seconds: 81303 [CONTEXT service_id=218 ]
01-15 02:03:03.956  1854  2681 I NetworkScheduler.Stats: Task com.google.android.gms/com.google.android.gms.security.snet.SnetNormalTaskService started execution. cause:5 exec_start_elapsed_seconds: 81304 [CONTEXT service_id=218 ]
01-15 02:03:03.961  1854 26608 I NetworkScheduler.Stats: Task com.google.android.gms/com.google.android.gms.security.snet.SnetNormalTaskService finished executing. cause:5 result: 1 elapsed_millis: 18 uptime_millis: 18 exec_start_elapsed_seconds: 81304 [CONTEXT service_id=218 ]
01-15 02:03:04.918 20916 20916 D AndroidRuntime: >>>>>> START com.android.internal.os.RuntimeInit uid 2000 <<<<<<
01-15 02:03:04.920 20916 20916 D AndroidRuntime: CheckJNI is OFF
01-15 02:03:04.940 20916 20916 W art     : Unexpected CPU variant for X86 using defaults: x86_64
01-15 02:03:04.944 20916 20916 D ICU     : No timezone override file found: /data/local/tmp/misc/zoneinfo/current/icu/icu_tzdata.dat
01-15 02:03:04.968 20916 20916 E memtrack: Couldn't load memtrack module (No such file or directory)
01-15 02:03:04.968 20916 20916 E android.os.Debug: failed to load memtrack module: -2
01-15 02:03:04.969 20916 20916 I Radio-JNI: register_android_hardware_Radio DONE
01-15 02:03:04.976 20916 20916 D AndroidRuntime: Calling main entry com.android.commands.uiautomator.Launcher
01-15 02:03:06.006 20916 20916 I AccessibilityNodeInfoDumper: Skipping invisible child: android.view.accessibility.AccessibilityNodeInfo@800167a6; boundsInParent: Rect(0, 0 - 0, 71); boundsInScreen: Rect(42, 101 - 42, 172); packageName: io.lerk.lrkFM; className: android.widget.TextView; text: Welcome; error: null; maxTextLength: -1; contentDescription: null; viewIdResName: null; checkable: false; checked: false; focusable: false; focused: false; selected: false; clickable: false; longClickable: false; contextClickable: false; enabled: true; password: false; scrollable: false; actions: [AccessibilityAction: ACTION_SELECT - null, AccessibilityAction: ACTION_CLEAR_SELECTION - null, AccessibilityAction: ACTION_ACCESSIBILITY_FOCUS - null, AccessibilityAction: ACTION_NEXT_AT_MOVEMENT_GRANULARITY - null, AccessibilityAction: ACTION_PREVIOUS_AT_MOVEMENT_GRANULARITY - null, AccessibilityAction: ACTION_SET_SELECTION - null, AccessibilityAction: ACTION_SHOW_ON_SCREEN - null]
01-15 02:03:06.006 20916 20916 I AccessibilityNodeInfoDumper: Skipping invisible child: android.view.accessibility.AccessibilityNodeInfo@80016b67; boundsInParent: Rect(0, 0 - 0, 147); boundsInScreen: Rect(1080, 63 - 1080, 210); packageName: io.lerk.lrkFM; className: android.support.v7.widget.LinearLayoutCompat; text: null; error: null; maxTextLength: -1; contentDescription: null; viewIdResName: null; checkable: false; checked: false; focusable: false; focused: false; selected: false; clickable: false; longClickable: false; contextClickable: false; enabled: true; password: false; scrollable: false; actions: [AccessibilityAction: ACTION_SELECT - null, AccessibilityAction: ACTION_CLEAR_SELECTION - null, AccessibilityAction: ACTION_ACCESSIBILITY_FOCUS - null, AccessibilityAction: ACTION_SHOW_ON_SCREEN - null]
01-15 02:03:06.007 20916 20916 W AccessibilityNodeInfoDumper: Fetch time: 3ms
01-15 02:03:06.008  1697  2339 W WindowManager: Attempted to remove non-existing token: android.os.Binder@c25b688
01-15 02:03:06.016 20916 20916 D AndroidRuntime: Shutting down VM
01-15 02:03:08.336 20933 20933 D AndroidRuntime: >>>>>> START com.android.internal.os.RuntimeInit uid 2000 <<<<<<
01-15 02:03:08.338 20933 20933 D AndroidRuntime: CheckJNI is OFF
01-15 02:03:08.357 20933 20933 W art     : Unexpected CPU variant for X86 using defaults: x86_64
01-15 02:03:08.361 20933 20933 D ICU     : No timezone override file found: /data/local/tmp/misc/zoneinfo/current/icu/icu_tzdata.dat
01-15 02:03:08.383 20933 20933 E memtrack: Couldn't load memtrack module (No such file or directory)
01-15 02:03:08.383 20933 20933 E android.os.Debug: failed to load memtrack module: -2
01-15 02:03:08.384 20933 20933 I Radio-JNI: register_android_hardware_Radio DONE
01-15 02:03:08.389 20933 20933 D AndroidRuntime: Calling main entry com.android.commands.uiautomator.Launcher
01-15 02:03:09.423 20933 20933 I AccessibilityNodeInfoDumper: Skipping invisible child: android.view.accessibility.AccessibilityNodeInfo@800167b3; boundsInParent: Rect(0, 0 - 0, 71); boundsInScreen: Rect(42, 101 - 42, 172); packageName: io.lerk.lrkFM; className: android.widget.TextView; text: Welcome; error: null; maxTextLength: -1; contentDescription: null; viewIdResName: null; checkable: false; checked: false; focusable: false; focused: false; selected: false; clickable: false; longClickable: false; contextClickable: false; enabled: true; password: false; scrollable: false; actions: [AccessibilityAction: ACTION_SELECT - null, AccessibilityAction: ACTION_CLEAR_SELECTION - null, AccessibilityAction: ACTION_ACCESSIBILITY_FOCUS - null, AccessibilityAction: ACTION_NEXT_AT_MOVEMENT_GRANULARITY - null, AccessibilityAction: ACTION_PREVIOUS_AT_MOVEMENT_GRANULARITY - null, AccessibilityAction: ACTION_SET_SELECTION - null, AccessibilityAction: ACTION_SHOW_ON_SCREEN - null]
01-15 02:03:09.424 20933 20933 I AccessibilityNodeInfoDumper: Skipping invisible child: android.view.accessibility.AccessibilityNodeInfo@80016b74; boundsInParent: Rect(0, 0 - 0, 147); boundsInScreen: Rect(1080, 63 - 1080, 210); packageName: io.lerk.lrkFM; className: android.support.v7.widget.LinearLayoutCompat; text: null; error: null; maxTextLength: -1; contentDescription: null; viewIdResName: null; checkable: false; checked: false; focusable: false; focused: false; selected: false; clickable: false; longClickable: false; contextClickable: false; enabled: true; password: false; scrollable: false; actions: [AccessibilityAction: ACTION_SELECT - null, AccessibilityAction: ACTION_CLEAR_SELECTION - null, AccessibilityAction: ACTION_ACCESSIBILITY_FOCUS - null, AccessibilityAction: ACTION_SHOW_ON_SCREEN - null]
01-15 02:03:09.426 20933 20933 W AccessibilityNodeInfoDumper: Fetch time: 4ms
01-15 02:03:09.427  1697  2647 W WindowManager: Attempted to remove non-existing token: android.os.Binder@1a3b334
01-15 02:03:09.433 20933 20933 D AndroidRuntime: Shutting down VM
01-15 02:03:09.801 20950 20950 D AndroidRuntime: >>>>>> START com.android.internal.os.RuntimeInit uid 2000 <<<<<<
01-15 02:03:09.804 20950 20950 D AndroidRuntime: CheckJNI is OFF
01-15 02:03:09.826 20950 20950 W art     : Unexpected CPU variant for X86 using defaults: x86_64
01-15 02:03:09.831 20950 20950 D ICU     : No timezone override file found: /data/local/tmp/misc/zoneinfo/current/icu/icu_tzdata.dat
01-15 02:03:09.857 20950 20950 E memtrack: Couldn't load memtrack module (No such file or directory)
