11-09 11:22:31.934  5647  5647 I app_process: The ClassLoaderContext is a special shared library.
11-09 11:22:31.935  5647  5647 I app_process: The ClassLoaderContext is a special shared library.
11-09 11:22:31.948  5647  5647 D AndroidRuntime: Calling main entry com.android.commands.uiautomator.Launcher
11-09 11:22:32.971  5647  5647 I AccessibilityNodeInfoDumper: Skipping invisible child: android.view.accessibility.AccessibilityNodeInfo@15f33; boundsInParent: Rect(0, 0 - 1080, 1584); boundsInScreen: Rect(0, 126 - 0, 1710); packageName: org.mozilla.focus; className: android.widget.FrameLayout; text: null; error: null; maxTextLength: -1; contentDescription: null; viewIdResName: null; checkable: false; checked: false; focusable: false; focused: false; selected: false; clickable: false; longClickable: false; contextClickable: false; enabled: true; password: false; scrollable: false; importantForAccessibility: false; actions: [AccessibilityAction: ACTION_SELECT - null, AccessibilityAction: ACTION_CLEAR_SELECTION - null, AccessibilityAction: ACTION_ACCESSIBILITY_FOCUS - null, AccessibilityAction: ACTION_SHOW_ON_SCREEN - null]
11-09 11:22:32.975  5647  5647 W AccessibilityNodeInfoDumper: Fetch time: 5ms
11-09 11:22:32.976  1649 27081 W WindowManager: removeWindowToken: Attempted to remove non-existing token: android.os.Binder@6844db2
11-09 11:22:32.982  5647  5647 D AndroidRuntime: Shutting down VM
11-09 11:22:33.179  1450  1726 E SurfaceFlinger: ro.sf.lcd_density must be defined as a build property
11-09 11:22:33.187  1439  5111 D gralloc_ranchu: gralloc_alloc: Creating ashmem region of size 8298496
11-09 11:22:33.191  5663  5663 D         : HostConnection::get() New Host Connection established 0xeb8c8240, tid 5663
11-09 11:22:33.203  1450  1726 D         : HostConnection::get() New Host Connection established 0xe80a1580, tid 1726
11-09 11:22:33.206  1450  1726 D gralloc_ranchu: gralloc_unregister_buffer: exiting HostConnection (is buffer-handling thread)
11-09 11:22:33.206  1450  1726 D         : HostConnection::get() New Host Connection established 0xe80a1580, tid 1726
11-09 11:22:33.206  1450  1726 D gralloc_ranchu: gralloc_unregister_buffer: exiting HostConnection (is buffer-handling thread)
11-09 11:22:33.745  4290  4290 D MediaScannerReceiver: action: android.intent.action.MEDIA_SCANNER_SCAN_FILE path: /storage/emulated/0/screen.png
11-09 11:22:37.311  5675  5675 D AndroidRuntime: >>>>>> START com.android.internal.os.RuntimeInit uid 2000 <<<<<<
11-09 11:22:37.347  5675  5675 W app_process: Unexpected CPU variant for X86 using defaults: x86
11-09 11:22:37.349  5675  5675 I app_process: The ClassLoaderContext is a special shared library.
11-09 11:22:37.350  5675  5675 I app_process: The ClassLoaderContext is a special shared library.
11-09 11:22:37.366  5675  5675 D AndroidRuntime: Calling main entry com.android.commands.uiautomator.Launcher
11-09 11:22:38.386  5675  5675 I AccessibilityNodeInfoDumper: Skipping invisible child: android.view.accessibility.AccessibilityNodeInfo@15f3b; boundsInParent: Rect(0, 0 - 1080, 1584); boundsInScreen: Rect(0, 126 - 0, 1710); packageName: org.mozilla.focus; className: android.widget.FrameLayout; text: null; error: null; maxTextLength: -1; contentDescription: null; viewIdResName: null; checkable: false; checked: false; focusable: false; focused: false; selected: false; clickable: false; longClickable: false; contextClickable: false; enabled: true; password: false; scrollable: false; importantForAccessibility: false; actions: [AccessibilityAction: ACTION_SELECT - null, AccessibilityAction: ACTION_CLEAR_SELECTION - null, AccessibilityAction: ACTION_ACCESSIBILITY_FOCUS - null, AccessibilityAction: ACTION_SHOW_ON_SCREEN - null]
11-09 11:22:38.387  5675  5675 W AccessibilityNodeInfoDumper: Fetch time: 5ms
11-09 11:22:38.388  1649  2251 W WindowManager: removeWindowToken: Attempted to remove non-existing token: android.os.Binder@5e592fe
11-09 11:22:38.397  5675  5675 D AndroidRuntime: Shutting down VM
11-09 11:22:40.682  5693  5693 D AndroidRuntime: >>>>>> START com.android.internal.os.RuntimeInit uid 2000 <<<<<<
11-09 11:22:40.685  5693  5693 W app_process: Could not reserve sentinel fault page
11-09 11:22:40.733  5693  5693 W app_process: Unexpected CPU variant for X86 using defaults: x86
11-09 11:22:40.736  5693  5693 I app_process: The ClassLoaderContext is a special shared library.
11-09 11:22:40.737  5693  5693 I app_process: The ClassLoaderContext is a special shared library.
11-09 11:22:40.751  5693  5693 D AndroidRuntime: Calling main entry com.android.commands.uiautomator.Launcher
11-09 11:22:41.776  5693  5693 I AccessibilityNodeInfoDumper: Skipping invisible child: android.view.accessibility.AccessibilityNodeInfo@15f4e; boundsInParent: Rect(0, 0 - 1080, 1584); boundsInScreen: Rect(0, 126 - 0, 1710); packageName: org.mozilla.focus; className: android.widget.FrameLayout; text: null; error: null; maxTextLength: -1; contentDescription: null; viewIdResName: null; checkable: false; checked: false; focusable: false; focused: false; selected: false; clickable: false; longClickable: false; contextClickable: false; enabled: true; password: false; scrollable: false; importantForAccessibility: false; actions: [AccessibilityAction: ACTION_SELECT - null, AccessibilityAction: ACTION_CLEAR_SELECTION - null, AccessibilityAction: ACTION_ACCESSIBILITY_FOCUS - null, AccessibilityAction: ACTION_SHOW_ON_SCREEN - null]
11-09 11:22:41.778  5693  5693 W AccessibilityNodeInfoDumper: Fetch time: 4ms
11-09 11:22:41.779  1649  1901 W WindowManager: removeWindowToken: Attempted to remove non-existing token: android.os.Binder@a2e2cac
11-09 11:22:41.784  5693  5693 D AndroidRuntime: Shutting down VM
11-09 11:22:42.022  5710  5710 D AndroidRuntime: >>>>>> START com.android.internal.os.RuntimeInit uid 2000 <<<<<<
11-09 11:22:42.059  5710  5710 W app_process: Unexpected CPU variant for X86 using defaults: x86
11-09 11:22:42.061  5710  5710 I app_process: The ClassLoaderContext is a special shared library.
11-09 11:22:42.062  5710  5710 I app_process: The ClassLoaderContext is a special shared library.
11-09 11:22:42.075  5710  5710 D AndroidRuntime: Calling main entry com.android.commands.uiautomator.Launcher
11-09 11:22:43.098  5710  5710 I AccessibilityNodeInfoDumper: Skipping invisible child: android.view.accessibility.AccessibilityNodeInfo@15f55; boundsInParent: Rect(0, 0 - 1080, 1584); boundsInScreen: Rect(0, 126 - 0, 1710); packageName: org.mozilla.focus; className: android.widget.FrameLayout; text: null; error: null; maxTextLength: -1; contentDescription: null; viewIdResName: null; checkable: false; checked: false; focusable: false; focused: false; selected: false; clickable: false; longClickable: false; contextClickable: false; enabled: true; password: false; scrollable: false; importantForAccessibility: false; actions: [AccessibilityAction: ACTION_SELECT - null, AccessibilityAction: ACTION_CLEAR_SELECTION - null, AccessibilityAction: ACTION_ACCESSIBILITY_FOCUS - null, AccessibilityAction: ACTION_SHOW_ON_SCREEN - null]
11-09 11:22:43.101  5710  5710 W AccessibilityNodeInfoDumper: Fetch time: 5ms
11-09 11:22:43.102  1649  7068 W WindowManager: removeWindowToken: Attempted to remove non-existing token: android.os.Binder@483e10a
11-09 11:22:43.108  5710  5710 D AndroidRuntime: Shutting down VM
11-09 11:22:43.343  5727  5727 D AndroidRuntime: >>>>>> START com.android.internal.os.RuntimeInit uid 2000 <<<<<<
11-09 11:22:43.384  5727  5727 W app_process: Unexpected CPU variant for X86 using defaults: x86
11-09 11:22:43.386  5727  5727 I app_process: The ClassLoaderContext is a special shared library.
11-09 11:22:43.386  5727  5727 I app_process: The ClassLoaderContext is a special shared library.
11-09 11:22:43.399  5727  5727 D AndroidRuntime: Calling main entry com.android.commands.uiautomator.Launcher
11-09 11:22:43.964  4956  5227 W native  : jpeg_io.cc:108 File's first two bytes does not match the sequence 216
11-09 11:22:44.201  1447  1447 I boot-pipe: done populating /dev/random
11-09 11:22:44.418  5727  5727 I AccessibilityNodeInfoDumper: Skipping invisible child: android.view.accessibility.AccessibilityNodeInfo@15f61; boundsInParent: Rect(0, 0 - 1080, 1584); boundsInScreen: Rect(0, 126 - 0, 1710); packageName: org.mozilla.focus; className: android.widget.FrameLayout; text: null; error: null; maxTextLength: -1; contentDescription: null; viewIdResName: null; checkable: false; checked: false; focusable: false; focused: false; selected: false; clickable: false; longClickable: false; contextClickable: false; enabled: true; password: false; scrollable: false; importantForAccessibility: false; actions: [AccessibilityAction: ACTION_SELECT - null, AccessibilityAction: ACTION_CLEAR_SELECTION - null, AccessibilityAction: ACTION_ACCESSIBILITY_FOCUS - null, AccessibilityAction: ACTION_SHOW_ON_SCREEN - null]
11-09 11:22:44.420  5727  5727 W AccessibilityNodeInfoDumper: Fetch time: 4ms
11-09 11:22:44.422  1649  2251 W WindowManager: removeWindowToken: Attempted to remove non-existing token: android.os.Binder@fa76798
11-09 11:22:44.426  5727  5727 D AndroidRuntime: Shutting down VM
11-09 11:22:44.694  5749  5749 D AndroidRuntime: >>>>>> START com.android.internal.os.RuntimeInit uid 2000 <<<<<<
11-09 11:22:44.726  5749  5749 W app_process: Unexpected CPU variant for X86 using defaults: x86
11-09 11:22:44.728  5749  5749 I app_process: The ClassLoaderContext is a special shared library.
11-09 11:22:44.728  5749  5749 I app_process: The ClassLoaderContext is a special shared library.
11-09 11:22:44.741  5749  5749 D AndroidRuntime: Calling main entry com.android.commands.uiautomator.Launcher
11-09 11:22:45.763  5749  5749 I AccessibilityNodeInfoDumper: Skipping invisible child: android.view.accessibility.AccessibilityNodeInfo@15f74; boundsInParent: Rect(0, 0 - 1080, 1584); boundsInScreen: Rect(0, 126 - 0, 1710); packageName: org.mozilla.focus; className: android.widget.FrameLayout; text: null; error: null; maxTextLength: -1; contentDescription: null; viewIdResName: null; checkable: false; checked: false; focusable: false; focused: false; selected: false; clickable: false; longClickable: false; contextClickable: false; enabled: true; password: false; scrollable: false; importantForAccessibility: false; actions: [AccessibilityAction: ACTION_SELECT - null, AccessibilityAction: ACTION_CLEAR_SELECTION - null, AccessibilityAction: ACTION_ACCESSIBILITY_FOCUS - null, AccessibilityAction: ACTION_SHOW_ON_SCREEN - null]
11-09 11:22:45.766  5749  5749 W AccessibilityNodeInfoDumper: Fetch time: 4ms
11-09 11:22:45.766  1649  1660 W WindowManager: removeWindowToken: Attempted to remove non-existing token: android.os.Binder@600ac6a
11-09 11:22:45.771  5749  5749 D AndroidRuntime: Shutting down VM
11-09 11:22:45.954  5761  5761 D AndroidRuntime: >>>>>> START com.android.internal.os.RuntimeInit uid 2000 <<<<<<
11-09 11:22:45.956  5761  5761 W app_process: Could not reserve sentinel fault page
11-09 11:22:45.986  5761  5761 W app_process: Unexpected CPU variant for X86 using defaults: x86
11-09 11:22:45.987  5761  5761 I app_process: The ClassLoaderContext is a special shared library.
11-09 11:22:46.003  5761  5761 D AndroidRuntime: Calling main entry com.android.commands.input.Input
11-09 11:22:46.008  5761  5761 I Input   : injectMotionEvent: MotionEvent { action=ACTION_DOWN, actionButton=0, id[0]=0, x[0]=540.0, y[0]=1459.0, toolType[0]=TOOL_TYPE_UNKNOWN, buttonState=0, metaState=0, flags=0x0, edgeFlags=0x0, pointerCount=1, historySize=0, eventTime=25190681, downTime=25190681, deviceId=0, source=0x1002 }
11-09 11:22:46.010  5761  5761 I Input   : injectMotionEvent: MotionEvent { action=ACTION_UP, actionButton=0, id[0]=0, x[0]=540.0, y[0]=1459.0, toolType[0]=TOOL_TYPE_UNKNOWN, buttonState=0, metaState=0, flags=0x0, edgeFlags=0x0, pointerCount=1, historySize=0, eventTime=25190681, downTime=25190681, deviceId=0, source=0x1002 }
11-09 11:22:46.011  5761  5761 D AndroidRuntime: Shutting down VM
11-09 11:22:46.040  1431  8375 W audio_hw_generic: Not supplying enough data to HAL, expected position 8911680 , only wrote 8911440
11-09 11:22:46.097  1431  8375 W audio_hw_generic: Not supplying enough data to HAL, expected position 8914198 , only wrote 8913600
11-09 11:22:46.118  4636  4636 D GeckoLocales: No selected locale. No correction needed.
11-09 11:22:46.141  1521  1579 D AudioFlinger: mixer(0xe56839c0) throttle end: throttle time(12)
11-09 11:22:46.345  1751  1751 W GInputConnectionWrapper: Fixing selection indices to 0, 0
11-09 11:22:46.375  1765  2009 D EGL_emulation: eglMakeCurrent: 0xd729fb60: ver 3 0 (tinfo 0xd7dd29c0)
11-09 11:22:46.383  1439  5111 D gralloc_ranchu: gralloc_alloc: Creating ashmem region of size 8024064
11-09 11:22:46.388  1450  1726 D         : HostConnection::get() New Host Connection established 0xe7167600, tid 1726
11-09 11:22:46.389  1439  5111 D gralloc_ranchu: gralloc_alloc: Creating ashmem region of size 8024064
11-09 11:22:46.396  1439  1480 D gralloc_ranchu: gralloc_alloc: Creating ashmem region of size 8024064
11-09 11:22:46.484  1751  9832 D EGL_emulation: eglMakeCurrent: 0xd80d37c0: ver 3 0 (tinfo 0xd6830cf0)
11-09 11:22:49.308  1431  1431 W audio_hw_generic: Not supplying enough data to HAL, expected position 9219904 , only wrote 9067680
11-09 11:22:49.725  1751  1751 W LstmExtension: no lmDescriptor could be found for en_US/20170411
11-09 11:22:49.725  1751  1751 W LstmExtension: no lmDescriptor could be found for en_US/20170411
11-09 11:22:49.856  5788  5788 D AndroidRuntime: >>>>>> START com.android.internal.os.RuntimeInit uid 2000 <<<<<<
11-09 11:22:49.889  5788  5788 W app_process: Unexpected CPU variant for X86 using defaults: x86
11-09 11:22:49.891  5788  5788 I app_process: The ClassLoaderContext is a special shared library.
11-09 11:22:49.902  5788  5788 D AndroidRuntime: Calling main entry com.android.commands.input.Input
11-09 11:22:49.904  5788  5788 I Input   : injectKeyEvent: KeyEvent { action=ACTION_DOWN, keyCode=KEYCODE_ESCAPE, scanCode=0, metaState=0, flags=0x0, repeatCount=0, eventTime=25194580, downTime=25194580, deviceId=-1, source=0x101 }
11-09 11:22:49.910  5788  5788 I Input   : injectKeyEvent: KeyEvent { action=ACTION_UP, keyCode=KEYCODE_ESCAPE, scanCode=0, metaState=0, flags=0x0, repeatCount=0, eventTime=25194580, downTime=25194580, deviceId=-1, source=0x101 }
11-09 11:22:49.923  5788  5788 D AndroidRuntime: Shutting down VM
11-09 11:22:49.927  1751  9832 D EGL_emulation: eglMakeCurrent: 0xd80d37c0: ver 3 0 (tinfo 0xd6830cf0)
11-09 11:22:49.929  1450  1472 D         : HostConnection::get() New Host Connection established 0xe80a1100, tid 1472
11-09 11:22:49.930  1450  1472 D gralloc_ranchu: gralloc_unregister_buffer: exiting HostConnection (is buffer-handling thread)
11-09 11:22:49.930  1450  1472 D         : HostConnection::get() New Host Connection established 0xe80a1100, tid 1472
11-09 11:22:49.930  1450  1472 D gralloc_ranchu: gralloc_unregister_buffer: exiting HostConnection (is buffer-handling thread)
11-09 11:22:49.931  1450  1472 D         : HostConnection::get() New Host Connection established 0xe80a1100, tid 1472
11-09 11:22:49.931  1450  1472 D gralloc_ranchu: gralloc_unregister_buffer: exiting HostConnection (is buffer-handling thread)
11-09 11:22:49.931  1450  1472 D         : HostConnection::get() New Host Connection established 0xe80a1100, tid 1472
11-09 11:22:49.931  1450  1472 D gralloc_ranchu: gralloc_unregister_buffer: exiting HostConnection (is buffer-handling thread)
11-09 11:22:50.123  1440  1484 D gralloc_ranchu: gralloc_unregister_buffer: exiting HostConnection (is buffer-handling thread)
11-09 11:22:50.123  1440  1484 D         : HostConnection::get() New Host Connection established 0xf1a23a40, tid 1484
11-09 11:22:50.125  1440  1484 D gralloc_ranchu: gralloc_unregister_buffer: exiting HostConnection (is buffer-handling thread)
11-09 11:22:50.134  1440  1484 D         : HostConnection::get() New Host Connection established 0xf1a23a40, tid 1484
11-09 11:22:52.670  5807  5807 D AndroidRuntime: >>>>>> START com.android.internal.os.RuntimeInit uid 2000 <<<<<<
11-09 11:22:52.672  5807  5807 W app_process: Could not reserve sentinel fault page
11-09 11:22:52.702  5807  5807 W app_process: Unexpected CPU variant for X86 using defaults: x86
11-09 11:22:52.704  5807  5807 I app_process: The ClassLoaderContext is a special shared library.
11-09 11:22:52.705  5807  5807 I app_process: The ClassLoaderContext is a special shared library.
11-09 11:22:52.718  5807  5807 D AndroidRuntime: Calling main entry com.android.commands.uiautomator.Launcher
11-09 11:22:53.742  5807  5807 W AccessibilityNodeInfoDumper: Fetch time: 3ms
11-09 11:22:53.743  1649  4762 W WindowManager: removeWindowToken: Attempted to remove non-existing token: android.os.Binder@edb4b
11-09 11:22:53.750  5807  5807 D AndroidRuntime: Shutting down VM
11-09 11:22:54.598  5839  5839 D AndroidRuntime: >>>>>> START com.android.internal.os.RuntimeInit uid 2000 <<<<<<
11-09 11:22:54.630  5839  5839 W app_process: Unexpected CPU variant for X86 using defaults: x86
11-09 11:22:54.632  5839  5839 I app_process: The ClassLoaderContext is a special shared library.
11-09 11:22:54.632  5839  5839 I app_process: The ClassLoaderContext is a special shared library.
11-09 11:22:54.647  5839  5839 D AndroidRuntime: Calling main entry com.android.commands.uiautomator.Launcher
11-09 11:22:55.430  1649  1667 I WifiService: requestActivityInfo uid=1000
11-09 11:22:55.430  1649  1667 I WifiService: reportActivityInfo uid=1000
11-09 11:22:55.430  1649  1667 I WifiService: getSupportedFeatures uid=1000
11-09 11:22:55.434  1649  1667 E BluetoothAdapter: Bluetooth binder is null
11-09 11:22:55.442  1649  1667 E KernelCpuSpeedReader: Failed to read cpu-freq: /sys/devices/system/cpu/cpu0/cpufreq/stats/time_in_state (No such file or directory)
11-09 11:22:55.447  1649  1667 E BatteryExternalStatsWorker: modem info is invalid: ModemActivityInfo{ mTimestamp=0 mSleepTimeMs=0 mIdleTimeMs=0 mTxTimeMs[]=[0, 0, 0, 0, 0] mRxTimeMs=0 mEnergyUsed=0}
11-09 11:22:55.676  5839  5839 W AccessibilityNodeInfoDumper: Fetch time: 6ms
11-09 11:22:55.677  1649  1901 W WindowManager: removeWindowToken: Attempted to remove non-existing token: android.os.Binder@5552641
11-09 11:22:55.682  5839  5839 D AndroidRuntime: Shutting down VM
11-09 11:22:55.907  5858  5858 D AndroidRuntime: >>>>>> START com.android.internal.os.RuntimeInit uid 2000 <<<<<<
11-09 11:22:55.941  5858  5858 W app_process: Unexpected CPU variant for X86 using defaults: x86
11-09 11:22:55.942  5858  5858 I app_process: The ClassLoaderContext is a special shared library.
11-09 11:22:55.942  5858  5858 I app_process: The ClassLoaderContext is a special shared library.
11-09 11:22:55.955  5858  5858 D AndroidRuntime: Calling main entry com.android.commands.uiautomator.Launcher
11-09 11:22:56.976  5858  5858 W AccessibilityNodeInfoDumper: Fetch time: 5ms
11-09 11:22:56.977  1649  1660 W WindowManager: removeWindowToken: Attempted to remove non-existing token: android.os.Binder@4cd68c3
11-09 11:22:56.985  5858  5858 D AndroidRuntime: Shutting down VM
11-09 11:22:57.838  5886  5886 D AndroidRuntime: >>>>>> START com.android.internal.os.RuntimeInit uid 2000 <<<<<<
11-09 11:22:57.840  5886  5886 W app_process: Could not reserve sentinel fault page
11-09 11:22:57.870  5886  5886 W app_process: Unexpected CPU variant for X86 using defaults: x86
11-09 11:22:57.873  5886  5886 I app_process: The ClassLoaderContext is a special shared library.
11-09 11:22:57.873  5886  5886 I app_process: The ClassLoaderContext is a special shared library.
11-09 11:22:57.887  5886  5886 D AndroidRuntime: Calling main entry com.android.commands.uiautomator.Launcher
11-09 11:22:58.912  5886  5886 W AccessibilityNodeInfoDumper: Fetch time: 3ms
11-09 11:22:58.913  1649  4762 W WindowManager: removeWindowToken: Attempted to remove non-existing token: android.os.Binder@e875c79
11-09 11:22:58.920  5886  5886 D AndroidRuntime: Shutting down VM
11-09 11:22:59.822  5921  5921 D AndroidRuntime: >>>>>> START com.android.internal.os.RuntimeInit uid 2000 <<<<<<
11-09 11:22:59.856  5921  5921 W app_process: Unexpected CPU variant for X86 using defaults: x86
11-09 11:22:59.858  5921  5921 I app_process: The ClassLoaderContext is a special shared library.
11-09 11:22:59.859  5921  5921 I app_process: The ClassLoaderContext is a special shared library.
11-09 11:22:59.870  5921  5921 D AndroidRuntime: Calling main entry com.android.commands.uiautomator.Launcher
11-09 11:23:00.027  1765  2009 D EGL_emulation: eglMakeCurrent: 0xd729fb60: ver 3 0 (tinfo 0xd7dd29c0)
11-09 11:23:00.892  5921  5921 W AccessibilityNodeInfoDumper: Fetch time: 4ms
11-09 11:23:00.893  1649  7068 W WindowManager: removeWindowToken: Attempted to remove non-existing token: android.os.Binder@d93ce1f
11-09 11:23:00.899  5921  5921 D AndroidRuntime: Shutting down VM
11-09 11:23:01.087  1450  1472 E SurfaceFlinger: ro.sf.lcd_density must be defined as a build property
11-09 11:23:01.093  1439  1480 D gralloc_ranchu: gralloc_alloc: Creating ashmem region of size 8298496
11-09 11:23:01.098  5937  5937 D         : HostConnection::get() New Host Connection established 0xebcc8240, tid 5937
11-09 11:23:01.101  1450  1472 D         : HostConnection::get() New Host Connection established 0xe80a1100, tid 1472
11-09 11:23:01.105  1450  1472 D gralloc_ranchu: gralloc_unregister_buffer: exiting HostConnection (is buffer-handling thread)
11-09 11:23:01.106  1450  1472 D         : HostConnection::get() New Host Connection established 0xe80a1100, tid 1472
11-09 11:23:01.106  1450  1472 D gralloc_ranchu: gralloc_unregister_buffer: exiting HostConnection (is buffer-handling thread)
11-09 11:23:02.004  4290  4290 D MediaScannerReceiver: action: android.intent.action.MEDIA_SCANNER_SCAN_FILE path: /storage/emulated/0/screen.png
11-09 11:23:04.434  1649  1663 E memtrack: Couldn't load memtrack module
11-09 11:23:04.434  1649  1663 W android.os.Debug: failed to get memory consumption info: -1
11-09 11:23:04.642  1649  1722 D RecurrenceRule: Resolving using anchor 2022-11-09T11:23:04.642-05:00[America/New_York]
11-09 11:23:04.643  1649  1722 D RecurrenceRule: Resolving using anchor 2022-11-09T11:23:04.643-05:00[America/New_York]
11-09 11:23:04.644  1649  1722 D RecurrenceRule: Cycle 21 from 2022-10-17T00:00-04:00[America/New_York] to 2022-11-17T00:00-05:00[America/New_York]
11-09 11:23:04.644  1649  1722 D NetworkStats: Resolving plan for NetworkTemplate: matchRule=MOBILE_ALL, subscriberId=310260..., matchSubscriberIds=[310260...]
11-09 11:23:04.645  1649  1722 D NetworkStats: Found active matching subId 1
11-09 11:23:04.650  1649  1722 D NetworkStats: Resolved to plan null
11-09 11:23:04.651  1649  1901 I WifiService: getConnectionInfo uid=10032
11-09 11:23:04.653  1649  2575 I WifiService: getWifiEnabledState uid=10032
11-09 11:23:04.653  2275  4490 W Settings: Setting mobile_data has moved from android.provider.Settings.Secure to android.provider.Settings.Global.
11-09 11:23:04.667  1649 27081 I WifiService: getConnectionInfo uid=10032
11-09 11:23:04.667  1649 27081 I WifiService: getWifiEnabledState uid=10032
11-09 11:23:04.668  2275  4489 W Settings: Setting mobile_data has moved from android.provider.Settings.Secure to android.provider.Settings.Global.
11-09 11:23:04.731  1649  1667 I WifiService: requestActivityInfo uid=1000
11-09 11:23:04.731  1649  1667 I WifiService: reportActivityInfo uid=1000
11-09 11:23:04.731  1649  1667 I WifiService: getSupportedFeatures uid=1000
11-09 11:23:05.031  5952  5952 D AndroidRuntime: >>>>>> START com.android.internal.os.RuntimeInit uid 2000 <<<<<<
11-09 11:23:05.066  5952  5952 W app_process: Unexpected CPU variant for X86 using defaults: x86
11-09 11:23:05.068  5952  5952 I app_process: The ClassLoaderContext is a special shared library.
11-09 11:23:05.069  5952  5952 I app_process: The ClassLoaderContext is a special shared library.
11-09 11:23:05.084  5952  5952 D AndroidRuntime: Calling main entry com.android.commands.uiautomator.Launcher
11-09 11:23:06.112  5952  5952 W AccessibilityNodeInfoDumper: Fetch time: 4ms
11-09 11:23:06.113  1649 27081 W WindowManager: removeWindowToken: Attempted to remove non-existing token: android.os.Binder@3b55e9
11-09 11:23:06.118  5952  5952 D AndroidRuntime: Shutting down VM
11-09 11:23:07.634  1649  1660 D WificondControl: Scan result ready event
11-09 11:23:08.347  5969  5969 D AndroidRuntime: >>>>>> START com.android.internal.os.RuntimeInit uid 2000 <<<<<<
11-09 11:23:08.387  5969  5969 W app_process: Unexpected CPU variant for X86 using defaults: x86
11-09 11:23:08.390  5969  5969 I app_process: The ClassLoaderContext is a special shared library.
11-09 11:23:08.390  5969  5969 I app_process: The ClassLoaderContext is a special shared library.
11-09 11:23:08.406  5969  5969 D AndroidRuntime: Calling main entry com.android.commands.uiautomator.Launcher
11-09 11:23:09.429  5969  5969 W AccessibilityNodeInfoDumper: Fetch time: 3ms
11-09 11:23:09.429  1649  1660 W WindowManager: removeWindowToken: Attempted to remove non-existing token: android.os.Binder@d527d0f
11-09 11:23:09.435  5969  5969 D AndroidRuntime: Shutting down VM
11-09 11:23:09.661  5986  5986 D AndroidRuntime: >>>>>> START com.android.internal.os.RuntimeInit uid 2000 <<<<<<
11-09 11:23:09.662  5986  5986 W app_process: Could not reserve sentinel fault page
11-09 11:23:09.694  5986  5986 W app_process: Unexpected CPU variant for X86 using defaults: x86
11-09 11:23:09.696  5986  5986 I app_process: The ClassLoaderContext is a special shared library.
11-09 11:23:09.697  5986  5986 I app_process: The ClassLoaderContext is a special shared library.
11-09 11:23:09.712  5986  5986 D AndroidRuntime: Calling main entry com.android.commands.uiautomator.Launcher
11-09 11:23:10.742  5986  5986 W AccessibilityNodeInfoDumper: Fetch time: 6ms
11-09 11:23:10.744  1649  1901 W WindowManager: removeWindowToken: Attempted to remove non-existing token: android.os.Binder@b6a67a5
11-09 11:23:10.756  5986  5986 D AndroidRuntime: Shutting down VM
11-09 11:23:11.012  6003  6003 D AndroidRuntime: >>>>>> START com.android.internal.os.RuntimeInit uid 2000 <<<<<<
11-09 11:23:11.056  6003  6003 W app_process: Unexpected CPU variant for X86 using defaults: x86
11-09 11:23:11.058  6003  6003 I app_process: The ClassLoaderContext is a special shared library.
11-09 11:23:11.059  6003  6003 I app_process: The ClassLoaderContext is a special shared library.
11-09 11:23:11.072  6003  6003 D AndroidRuntime: Calling main entry com.android.commands.uiautomator.Launcher
11-09 11:23:12.096  6003  6003 W AccessibilityNodeInfoDumper: Fetch time: 6ms
11-09 11:23:12.096  1649  1660 W WindowManager: removeWindowToken: Attempted to remove non-existing token: android.os.Binder@543db2b
11-09 11:23:12.101  6003  6003 D AndroidRuntime: Shutting down VM
11-09 11:23:12.223  4956  4991 W native  : jpeg_io.cc:108 File's first two bytes does not match the sequence 216
11-09 11:23:12.270  4956  4959 I zygote  : Do partial code cache collection, code=18KB, data=62KB
11-09 11:23:12.272  4956  4959 I zygote  : After code cache collection, code=18KB, data=62KB
11-09 11:23:12.272  4956  4959 I zygote  : Increasing code cache capacity to 256KB
11-09 11:23:12.292  6016  6016 D AndroidRuntime: >>>>>> START com.android.internal.os.RuntimeInit uid 2000 <<<<<<
11-09 11:23:12.325  6016  6016 W app_process: Unexpected CPU variant for X86 using defaults: x86
11-09 11:23:12.327  6016  6016 I app_process: The ClassLoaderContext is a special shared library.
11-09 11:23:12.342  6016  6016 D AndroidRuntime: Calling main entry com.android.commands.input.Input
11-09 11:23:12.345  6016  6016 I Input   : injectMotionEvent: MotionEvent { action=ACTION_DOWN, actionButton=0, id[0]=0, x[0]=487.0, y[0]=138.0, toolType[0]=TOOL_TYPE_UNKNOWN, buttonState=0, metaState=0, flags=0x0, edgeFlags=0x0, pointerCount=1, historySize=0, eventTime=25217020, downTime=25217020, deviceId=0, source=0x1002 }
11-09 11:23:12.347  6016  6016 I Input   : injectMotionEvent: MotionEvent { action=ACTION_UP, actionButton=0, id[0]=0, x[0]=487.0, y[0]=138.0, toolType[0]=TOOL_TYPE_UNKNOWN, buttonState=0, metaState=0, flags=0x0, edgeFlags=0x0, pointerCount=1, historySize=0, eventTime=25217020, downTime=25217020, deviceId=0, source=0x1002 }
11-09 11:23:12.350  6016  6016 D AndroidRuntime: Shutting down VM
11-09 11:23:12.370  1751  1751 W GInputConnectionWrapper: Fixing selection indices to 0, 0
11-09 11:23:12.390  1765  2009 D EGL_emulation: eglMakeCurrent: 0xd729fb60: ver 3 0 (tinfo 0xd7dd29c0)
11-09 11:23:12.400  1439  1480 D gralloc_ranchu: gralloc_alloc: Creating ashmem region of size 8024064
11-09 11:23:12.405  1450  1750 D         : HostConnection::get() New Host Connection established 0xe80a1200, tid 1750
11-09 11:23:12.405  1439  1480 D gralloc_ranchu: gralloc_alloc: Creating ashmem region of size 8024064
11-09 11:23:12.410  1439  1480 D gralloc_ranchu: gralloc_alloc: Creating ashmem region of size 8024064
11-09 11:23:12.439  1751  1751 W LstmExtension: no lmDescriptor could be found for en_US/20170411
11-09 11:23:12.440  1751  1751 W LstmExtension: no lmDescriptor could be found for en_US/20170411
11-09 11:23:12.450  1751  9832 D EGL_emulation: eglMakeCurrent: 0xd80d37c0: ver 3 0 (tinfo 0xd6830cf0)
11-09 11:23:12.584  6031  6031 D AndroidRuntime: >>>>>> START com.android.internal.os.RuntimeInit uid 2000 <<<<<<
11-09 11:23:12.626  6031  6031 W app_process: Unexpected CPU variant for X86 using defaults: x86
11-09 11:23:12.629  6031  6031 I app_process: The ClassLoaderContext is a special shared library.
11-09 11:23:12.646  6031  6031 D AndroidRuntime: Calling main entry com.android.commands.input.Input
11-09 11:23:12.647  6031  6031 I Input   : injectKeyEvent: KeyEvent { action=ACTION_DOWN, keyCode=KEYCODE_ESCAPE, scanCode=0, metaState=0, flags=0x0, repeatCount=0, eventTime=25217324, downTime=25217324, deviceId=-1, source=0x101 }
11-09 11:23:12.652  6031  6031 I Input   : injectKeyEvent: KeyEvent { action=ACTION_UP, keyCode=KEYCODE_ESCAPE, scanCode=0, metaState=0, flags=0x0, repeatCount=0, eventTime=25217324, downTime=25217324, deviceId=-1, source=0x101 }
11-09 11:23:12.655  6031  6031 D AndroidRuntime: Shutting down VM
11-09 11:23:12.662  1751  9832 D EGL_emulation: eglMakeCurrent: 0xd80d37c0: ver 3 0 (tinfo 0xd6830cf0)
11-09 11:23:12.666  1450  1472 D         : HostConnection::get() New Host Connection established 0xe80a1100, tid 1472
11-09 11:23:12.666  1450  1472 D gralloc_ranchu: gralloc_unregister_buffer: exiting HostConnection (is buffer-handling thread)
11-09 11:23:12.666  1450  1472 D         : HostConnection::get() New Host Connection established 0xe80a1100, tid 1472
11-09 11:23:12.666  1450  1472 D gralloc_ranchu: gralloc_unregister_buffer: exiting HostConnection (is buffer-handling thread)
11-09 11:23:12.667  1450  1472 D         : HostConnection::get() New Host Connection established 0xe80a1100, tid 1472
11-09 11:23:12.667  1450  1472 D gralloc_ranchu: gralloc_unregister_buffer: exiting HostConnection (is buffer-handling thread)
11-09 11:23:12.667  1450  1472 D         : HostConnection::get() New Host Connection established 0xe80a1100, tid 1472
11-09 11:23:12.667  1450  1472 D gralloc_ranchu: gralloc_unregister_buffer: exiting HostConnection (is buffer-handling thread)
11-09 11:23:12.860  1440  1440 D gralloc_ranchu: gralloc_unregister_buffer: exiting HostConnection (is buffer-handling thread)
11-09 11:23:12.861  1440  1440 D         : HostConnection::get() New Host Connection established 0xf1a23900, tid 1440
11-09 11:23:12.862  1440  1440 D gralloc_ranchu: gralloc_unregister_buffer: exiting HostConnection (is buffer-handling thread)
11-09 11:23:12.866  1440  1440 D         : HostConnection::get() New Host Connection established 0xf1a23900, tid 1440
11-09 11:23:12.916  2051  6044 E memtrack: Couldn't load memtrack module
11-09 11:23:12.916  2051  6044 W android.os.Debug: failed to get memory consumption info: -1
11-09 11:23:12.940  1649  1649 I ActivityManager: Start proc 6045:com.google.android.dialer/u0a19 for service com.google.android.dialer/com.google.android.apps.dialer.spam.impl.SpamJobService
11-09 11:23:12.943  6045  6045 W zygote  : Unexpected CPU variant for X86 using defaults: x86
11-09 11:23:12.960  6045  6045 W System  : ClassLoader referenced unknown path: /system/framework/com.google.android.dialer.support.jar
11-09 11:23:12.980  6045  6045 I zygote  : The ClassLoaderContext is a special shared library.
11-09 11:23:13.093  6045  6045 I Dialer  : GoogleDialerApplication.onCreate - enter
11-09 11:23:13.100  6045  6045 I Dialer  : DialerExecutors.newThread - creating low priority thread
11-09 11:23:13.100  6045  6045 I Dialer  : CallLogFramework.registerContentObservers - enter
11-09 11:23:13.102  6045  6045 I Dialer  : CallLogFramework.registerContentObservers - new call log not enabled
11-09 11:23:13.125  6045  6045 I Dialer  : NonUiTaskBuilder.newThread - creating serial thread
11-09 11:23:13.126  6045  6045 I Dialer  : DialerExecutors.newThread - creating low priority thread
11-09 11:23:13.126  6045  6045 I Dialer  : ShortcutsJobScheduler.scheduleAllJobs - enter
11-09 11:23:13.128  6045  6045 I Dialer  : ShortcutsJobScheduler.scheduleAllJobs - enabling shortcuts
11-09 11:23:13.129  6045  6045 I Dialer  : PeriodicJobService.schedulePeriodicJob - enter
11-09 11:23:13.130  6045  6045 I Dialer  : PeriodicJobService.schedulePeriodicJob - job already scheduled.
11-09 11:23:13.131  6045  6045 I Dialer  : GoogleDialerApplication.onCreate - register new client
11-09 11:23:13.142  6045  6045 I Dialer  : GoogleDialerApplication.onCreate - registered new client
11-09 11:23:13.176  6045  6045 I Dialer  : Flags.register - phenotype register status: true
11-09 11:23:13.180  6045  6071 D NetworkSecurityConfig: No Network Security Config specified, using platform default
11-09 11:23:13.190  6045  6045 I Dialer  : SpamAsyncTaskUtil.getAndUpdateServerSpamList - request:a: "us"
11-09 11:23:13.190  6045  6045 I Dialer  : b: 235460
11-09 11:23:13.190  6045  6045 I Dialer  : c: 235460
11-09 11:23:13.190  6045  6045 I Dialer  : d: 1667983000
11-09 11:23:13.190  6045  6045 I Dialer  : e: "us"
11-09 11:23:13.190  6045  6045 I Dialer  : f: ""
11-09 11:23:13.190  6045  6045 I Dialer  : p: -1
11-09 11:23:13.217  6045  6045 I Dialer  : Flags.register - commit succeeded: true
11-09 11:23:13.233  6045  6074 I Dialer  : DialerExecutors.newThread - creating low priority thread
11-09 11:23:13.241  1751  1751 W LstmExtension: no lmDescriptor could be found for en_US/20170411
11-09 11:23:13.242  1751  1751 W LstmExtension: no lmDescriptor could be found for en_US/20170411
11-09 11:23:13.292  6045  6079 I Dialer  : DialerExecutors.newThread - creating low priority thread
11-09 11:23:13.302  6045  6084 I Dialer  : DialerExecutors.newThread - creating low priority thread
11-09 11:23:13.336  6045  6086 I Dialer  : SpamAsyncTaskUtil.onNext - gRPC data received from server
11-09 11:23:13.336  6045  6086 I Dialer  : SpamAsyncTaskUtil.onNext - updated spam list for countryIso: us  blacklist version: 1667999102
11-09 11:23:13.379  6045  6086 I Dialer  : SpamDatabaseHelper.bulkInsertNumbersToServerTable - inserted 56 numbers into the server spam list.
11-09 11:23:13.390  6082  6082 D AndroidRuntime: >>>>>> START com.android.internal.os.RuntimeInit uid 2000 <<<<<<
11-09 11:23:13.444  6045  6086 I Dialer  : SpamDatabaseHelper.bulkDeleteNumbersFromServerTable - removed 56 numbers from the server spam list.
11-09 11:23:13.481  6045  6086 I Dialer  : SpamAsyncTaskUtil.onNext - updated spam list with difference list to blacklist version: 1667999102
11-09 11:23:13.482  6082  6082 W app_process: Unexpected CPU variant for X86 using defaults: x86
11-09 11:23:13.483  6045  6086 I Dialer  : SpamAsyncTaskUtil.onCompleted - gRPC blocked list fetching completed.
11-09 11:23:13.484  6082  6082 I app_process: The ClassLoaderContext is a special shared library.
11-09 11:23:13.497  6082  6082 D AndroidRuntime: Calling main entry com.android.commands.input.Input
11-09 11:23:13.497  6082  6082 I Input   : injectKeyEvent: KeyEvent { action=ACTION_DOWN, keyCode=KEYCODE_MOVE_END, scanCode=0, metaState=0, flags=0x0, repeatCount=0, eventTime=25218175, downTime=25218175, deviceId=-1, source=0x101 }
11-09 11:23:13.504  6082  6082 I Input   : injectKeyEvent: KeyEvent { action=ACTION_UP, keyCode=KEYCODE_MOVE_END, scanCode=0, metaState=0, flags=0x0, repeatCount=0, eventTime=25218175, downTime=25218175, deviceId=-1, source=0x101 }
11-09 11:23:13.506  6082  6082 D AndroidRuntime: Shutting down VM
11-09 11:23:13.649  6096  6096 D AndroidRuntime: >>>>>> START com.android.internal.os.RuntimeInit uid 2000 <<<<<<
11-09 11:23:13.679  6096  6096 W app_process: Unexpected CPU variant for X86 using defaults: x86
11-09 11:23:13.681  6096  6096 I app_process: The ClassLoaderContext is a special shared library.
11-09 11:23:13.695  6096  6096 D AndroidRuntime: Calling main entry com.android.commands.input.Input
11-09 11:23:13.697  6096  6096 I Input   : injectKeyEvent: KeyEvent { action=ACTION_DOWN, keyCode=KEYCODE_DEL, scanCode=0, metaState=0, flags=0x0, repeatCount=0, eventTime=25218373, downTime=25218373, deviceId=-1, source=0x101 }
11-09 11:23:13.700  6096  6096 I Input   : injectKeyEvent: KeyEvent { action=ACTION_UP, keyCode=KEYCODE_DEL, scanCode=0, metaState=0, flags=0x0, repeatCount=0, eventTime=25218373, downTime=25218373, deviceId=-1, source=0x101 }
11-09 11:23:13.702  6096  6096 I Input   : injectKeyEvent: KeyEvent { action=ACTION_DOWN, keyCode=KEYCODE_DEL, scanCode=0, metaState=0, flags=0x0, repeatCount=0, eventTime=25218379, downTime=25218379, deviceId=-1, source=0x101 }
11-09 11:23:13.703  6096  6096 I Input   : injectKeyEvent: KeyEvent { action=ACTION_UP, keyCode=KEYCODE_DEL, scanCode=0, metaState=0, flags=0x0, repeatCount=0, eventTime=25218379, downTime=25218379, deviceId=-1, source=0x101 }
11-09 11:23:13.705  6096  6096 I Input   : injectKeyEvent: KeyEvent { action=ACTION_DOWN, keyCode=KEYCODE_DEL, scanCode=0, metaState=0, flags=0x0, repeatCount=0, eventTime=25218383, downTime=25218383, deviceId=-1, source=0x101 }
11-09 11:23:13.706  6096  6096 I Input   : injectKeyEvent: KeyEvent { action=ACTION_UP, keyCode=KEYCODE_DEL, scanCode=0, metaState=0, flags=0x0, repeatCount=0, eventTime=25218383, downTime=25218383, deviceId=-1, source=0x101 }
11-09 11:23:13.708  6096  6096 I Input   : injectKeyEvent: KeyEvent { action=ACTION_DOWN, keyCode=KEYCODE_DEL, scanCode=0, metaState=0, flags=0x0, repeatCount=0, eventTime=25218385, downTime=25218385, deviceId=-1, source=0x101 }
11-09 11:23:13.709  6096  6096 I Input   : injectKeyEvent: KeyEvent { action=ACTION_UP, keyCode=KEYCODE_DEL, scanCode=0, metaState=0, flags=0x0, repeatCount=0, eventTime=25218385, downTime=25218385, deviceId=-1, source=0x101 }
11-09 11:23:13.710  6096  6096 I Input   : injectKeyEvent: KeyEvent { action=ACTION_DOWN, keyCode=KEYCODE_DEL, scanCode=0, metaState=0, flags=0x0, repeatCount=0, eventTime=25218388, downTime=25218388, deviceId=-1, source=0x101 }
11-09 11:23:13.711  6096  6096 I Input   : injectKeyEvent: KeyEvent { action=ACTION_UP, keyCode=KEYCODE_DEL, scanCode=0, metaState=0, flags=0x0, repeatCount=0, eventTime=25218388, downTime=25218388, deviceId=-1, source=0x101 }
11-09 11:23:13.713  6096  6096 I Input   : injectKeyEvent: KeyEvent { action=ACTION_DOWN, keyCode=KEYCODE_DEL, scanCode=0, metaState=0, flags=0x0, repeatCount=0, eventTime=25218390, downTime=25218390, deviceId=-1, source=0x101 }
11-09 11:23:13.714  6096  6096 I Input   : injectKeyEvent: KeyEvent { action=ACTION_UP, keyCode=KEYCODE_DEL, scanCode=0, metaState=0, flags=0x0, repeatCount=0, eventTime=25218390, downTime=25218390, deviceId=-1, source=0x101 }
11-09 11:23:13.715  6096  6096 I Input   : injectKeyEvent: KeyEvent { action=ACTION_DOWN, keyCode=KEYCODE_DEL, scanCode=0, metaState=0, flags=0x0, repeatCount=0, eventTime=25218393, downTime=25218393, deviceId=-1, source=0x101 }
11-09 11:23:13.717  6096  6096 I Input   : injectKeyEvent: KeyEvent { action=ACTION_UP, keyCode=KEYCODE_DEL, scanCode=0, metaState=0, flags=0x0, repeatCount=0, eventTime=25218393, downTime=25218393, deviceId=-1, source=0x101 }
11-09 11:23:13.718  6096  6096 I Input   : injectKeyEvent: KeyEvent { action=ACTION_DOWN, keyCode=KEYCODE_DEL, scanCode=0, metaState=0, flags=0x0, repeatCount=0, eventTime=25218395, downTime=25218395, deviceId=-1, source=0x101 }
11-09 11:23:13.719  6096  6096 I Input   : injectKeyEvent: KeyEvent { action=ACTION_UP, keyCode=KEYCODE_DEL, scanCode=0, metaState=0, flags=0x0, repeatCount=0, eventTime=25218395, downTime=25218395, deviceId=-1, source=0x101 }
11-09 11:23:13.720  6096  6096 I Input   : injectKeyEvent: KeyEvent { action=ACTION_DOWN, keyCode=KEYCODE_DEL, scanCode=0, metaState=0, flags=0x0, repeatCount=0, eventTime=25218398, downTime=25218398, deviceId=-1, source=0x101 }
11-09 11:23:13.721  6096  6096 I Input   : injectKeyEvent: KeyEvent { action=ACTION_UP, keyCode=KEYCODE_DEL, scanCode=0, metaState=0, flags=0x0, repeatCount=0, eventTime=25218398, downTime=25218398, deviceId=-1, source=0x101 }
11-09 11:23:13.723  6096  6096 I Input   : injectKeyEvent: KeyEvent { action=ACTION_DOWN, keyCode=KEYCODE_DEL, scanCode=0, metaState=0, flags=0x0, repeatCount=0, eventTime=25218401, downTime=25218401, deviceId=-1, source=0x101 }
11-09 11:23:13.724  6096  6096 I Input   : injectKeyEvent: KeyEvent { action=ACTION_UP, keyCode=KEYCODE_DEL, scanCode=0, metaState=0, flags=0x0, repeatCount=0, eventTime=25218401, downTime=25218401, deviceId=-1, source=0x101 }
11-09 11:23:13.725  6096  6096 I Input   : injectKeyEvent: KeyEvent { action=ACTION_DOWN, keyCode=KEYCODE_DEL, scanCode=0, metaState=0, flags=0x0, repeatCount=0, eventTime=25218403, downTime=25218403, deviceId=-1, source=0x101 }
11-09 11:23:13.728  6096  6096 I Input   : injectKeyEvent: KeyEvent { action=ACTION_UP, keyCode=KEYCODE_DEL, scanCode=0, metaState=0, flags=0x0, repeatCount=0, eventTime=25218403, downTime=25218403, deviceId=-1, source=0x101 }
11-09 11:23:13.729  6096  6096 I Input   : injectKeyEvent: KeyEvent { action=ACTION_DOWN, keyCode=KEYCODE_DEL, scanCode=0, metaState=0, flags=0x0, repeatCount=0, eventTime=25218407, downTime=25218407, deviceId=-1, source=0x101 }
11-09 11:23:13.730  6096  6096 I Input   : injectKeyEvent: KeyEvent { action=ACTION_UP, keyCode=KEYCODE_DEL, scanCode=0, metaState=0, flags=0x0, repeatCount=0, eventTime=25218407, downTime=25218407, deviceId=-1, source=0x101 }
11-09 11:23:13.732  6096  6096 I Input   : injectKeyEvent: KeyEvent { action=ACTION_DOWN, keyCode=KEYCODE_DEL, scanCode=0, metaState=0, flags=0x0, repeatCount=0, eventTime=25218409, downTime=25218409, deviceId=-1, source=0x101 }
11-09 11:23:13.733  6096  6096 I Input   : injectKeyEvent: KeyEvent { action=ACTION_UP, keyCode=KEYCODE_DEL, scanCode=0, metaState=0, flags=0x0, repeatCount=0, eventTime=25218409, downTime=25218409, deviceId=-1, source=0x101 }
11-09 11:23:13.734  6096  6096 I Input   : injectKeyEvent: KeyEvent { action=ACTION_DOWN, keyCode=KEYCODE_DEL, scanCode=0, metaState=0, flags=0x0, repeatCount=0, eventTime=25218412, downTime=25218412, deviceId=-1, source=0x101 }
11-09 11:23:13.736  6096  6096 I Input   : injectKeyEvent: KeyEvent { action=ACTION_UP, keyCode=KEYCODE_DEL, scanCode=0, metaState=0, flags=0x0, repeatCount=0, eventTime=25218412, downTime=25218412, deviceId=-1, source=0x101 }
11-09 11:23:13.737  6096  6096 I Input   : injectKeyEvent: KeyEvent { action=ACTION_DOWN, keyCode=KEYCODE_DEL, scanCode=0, metaState=0, flags=0x0, repeatCount=0, eventTime=25218415, downTime=25218415, deviceId=-1, source=0x101 }
11-09 11:23:13.739  6096  6096 I Input   : injectKeyEvent: KeyEvent { action=ACTION_UP, keyCode=KEYCODE_DEL, scanCode=0, metaState=0, flags=0x0, repeatCount=0, eventTime=25218415, downTime=25218415, deviceId=-1, source=0x101 }
11-09 11:23:13.741  6096  6096 I Input   : injectKeyEvent: KeyEvent { action=ACTION_DOWN, keyCode=KEYCODE_DEL, scanCode=0, metaState=0, flags=0x0, repeatCount=0, eventTime=25218418, downTime=25218418, deviceId=-1, source=0x101 }
11-09 11:23:13.742  6096  6096 I Input   : injectKeyEvent: KeyEvent { action=ACTION_UP, keyCode=KEYCODE_DEL, scanCode=0, metaState=0, flags=0x0, repeatCount=0, eventTime=25218418, downTime=25218418, deviceId=-1, source=0x101 }
11-09 11:23:13.743  6096  6096 I Input   : injectKeyEvent: KeyEvent { action=ACTION_DOWN, keyCode=KEYCODE_DEL, scanCode=0, metaState=0, flags=0x0, repeatCount=0, eventTime=25218421, downTime=25218421, deviceId=-1, source=0x101 }
11-09 11:23:13.745  6096  6096 I Input   : injectKeyEvent: KeyEvent { action=ACTION_UP, keyCode=KEYCODE_DEL, scanCode=0, metaState=0, flags=0x0, repeatCount=0, eventTime=25218421, downTime=25218421, deviceId=-1, source=0x101 }
11-09 11:23:13.746  6096  6096 I Input   : injectKeyEvent: KeyEvent { action=ACTION_DOWN, keyCode=KEYCODE_DEL, scanCode=0, metaState=0, flags=0x0, repeatCount=0, eventTime=25218423, downTime=25218423, deviceId=-1, source=0x101 }
11-09 11:23:13.747  6096  6096 I Input   : injectKeyEvent: KeyEvent { action=ACTION_UP, keyCode=KEYCODE_DEL, scanCode=0, metaState=0, flags=0x0, repeatCount=0, eventTime=25218423, downTime=25218423, deviceId=-1, source=0x101 }
11-09 11:23:13.748  6096  6096 I Input   : injectKeyEvent: KeyEvent { action=ACTION_DOWN, keyCode=KEYCODE_DEL, scanCode=0, metaState=0, flags=0x0, repeatCount=0, eventTime=25218426, downTime=25218426, deviceId=-1, source=0x101 }
11-09 11:23:13.749  6096  6096 I Input   : injectKeyEvent: KeyEvent { action=ACTION_UP, keyCode=KEYCODE_DEL, scanCode=0, metaState=0, flags=0x0, repeatCount=0, eventTime=25218426, downTime=25218426, deviceId=-1, source=0x101 }
11-09 11:23:13.750  6096  6096 I Input   : injectKeyEvent: KeyEvent { action=ACTION_DOWN, keyCode=KEYCODE_DEL, scanCode=0, metaState=0, flags=0x0, repeatCount=0, eventTime=25218428, downTime=25218428, deviceId=-1, source=0x101 }
11-09 11:23:13.751  6096  6096 I Input   : injectKeyEvent: KeyEvent { action=ACTION_UP, keyCode=KEYCODE_DEL, scanCode=0, metaState=0, flags=0x0, repeatCount=0, eventTime=25218428, downTime=25218428, deviceId=-1, source=0x101 }
11-09 11:23:13.753  6096  6096 I Input   : injectKeyEvent: KeyEvent { action=ACTION_DOWN, keyCode=KEYCODE_DEL, scanCode=0, metaState=0, flags=0x0, repeatCount=0, eventTime=25218430, downTime=25218430, deviceId=-1, source=0x101 }
11-09 11:23:13.754  6096  6096 I Input   : injectKeyEvent: KeyEvent { action=ACTION_UP, keyCode=KEYCODE_DEL, scanCode=0, metaState=0, flags=0x0, repeatCount=0, eventTime=25218430, downTime=25218430, deviceId=-1, source=0x101 }
11-09 11:23:13.756  6096  6096 I Input   : injectKeyEvent: KeyEvent { action=ACTION_DOWN, keyCode=KEYCODE_DEL, scanCode=0, metaState=0, flags=0x0, repeatCount=0, eventTime=25218433, downTime=25218433, deviceId=-1, source=0x101 }
11-09 11:23:13.757  6096  6096 I Input   : injectKeyEvent: KeyEvent { action=ACTION_UP, keyCode=KEYCODE_DEL, scanCode=0, metaState=0, flags=0x0, repeatCount=0, eventTime=25218433, downTime=25218433, deviceId=-1, source=0x101 }
11-09 11:23:13.759  6096  6096 I Input   : injectKeyEvent: KeyEvent { action=ACTION_DOWN, keyCode=KEYCODE_DEL, scanCode=0, metaState=0, flags=0x0, repeatCount=0, eventTime=25218437, downTime=25218437, deviceId=-1, source=0x101 }
11-09 11:23:13.760  6096  6096 I Input   : injectKeyEvent: KeyEvent { action=ACTION_UP, keyCode=KEYCODE_DEL, scanCode=0, metaState=0, flags=0x0, repeatCount=0, eventTime=25218437, downTime=25218437, deviceId=-1, source=0x101 }
11-09 11:23:13.762  6096  6096 I Input   : injectKeyEvent: KeyEvent { action=ACTION_DOWN, keyCode=KEYCODE_DEL, scanCode=0, metaState=0, flags=0x0, repeatCount=0, eventTime=25218440, downTime=25218440, deviceId=-1, source=0x101 }
11-09 11:23:13.764  6096  6096 I Input   : injectKeyEvent: KeyEvent { action=ACTION_UP, keyCode=KEYCODE_DEL, scanCode=0, metaState=0, flags=0x0, repeatCount=0, eventTime=25218440, downTime=25218440, deviceId=-1, source=0x101 }
11-09 11:23:13.765  6096  6096 I Input   : injectKeyEvent: KeyEvent { action=ACTION_DOWN, keyCode=KEYCODE_DEL, scanCode=0, metaState=0, flags=0x0, repeatCount=0, eventTime=25218443, downTime=25218443, deviceId=-1, source=0x101 }
11-09 11:23:13.766  6096  6096 I Input   : injectKeyEvent: KeyEvent { action=ACTION_UP, keyCode=KEYCODE_DEL, scanCode=0, metaState=0, flags=0x0, repeatCount=0, eventTime=25218443, downTime=25218443, deviceId=-1, source=0x101 }
11-09 11:23:13.767  6096  6096 I Input   : injectKeyEvent: KeyEvent { action=ACTION_DOWN, keyCode=KEYCODE_DEL, scanCode=0, metaState=0, flags=0x0, repeatCount=0, eventTime=25218445, downTime=25218445, deviceId=-1, source=0x101 }
11-09 11:23:13.768  6096  6096 I Input   : injectKeyEvent: KeyEvent { action=ACTION_UP, keyCode=KEYCODE_DEL, scanCode=0, metaState=0, flags=0x0, repeatCount=0, eventTime=25218445, downTime=25218445, deviceId=-1, source=0x101 }
11-09 11:23:13.769  6096  6096 I Input   : injectKeyEvent: KeyEvent { action=ACTION_DOWN, keyCode=KEYCODE_DEL, scanCode=0, metaState=0, flags=0x0, repeatCount=0, eventTime=25218447, downTime=25218447, deviceId=-1, source=0x101 }
11-09 11:23:13.770  6096  6096 I Input   : injectKeyEvent: KeyEvent { action=ACTION_UP, keyCode=KEYCODE_DEL, scanCode=0, metaState=0, flags=0x0, repeatCount=0, eventTime=25218447, downTime=25218447, deviceId=-1, source=0x101 }
11-09 11:23:13.771  6096  6096 I Input   : injectKeyEvent: KeyEvent { action=ACTION_DOWN, keyCode=KEYCODE_DEL, scanCode=0, metaState=0, flags=0x0, repeatCount=0, eventTime=25218449, downTime=25218449, deviceId=-1, source=0x101 }
11-09 11:23:13.773  6096  6096 I Input   : injectKeyEvent: KeyEvent { action=ACTION_UP, keyCode=KEYCODE_DEL, scanCode=0, metaState=0, flags=0x0, repeatCount=0, eventTime=25218449, downTime=25218449, deviceId=-1, source=0x101 }
