06-30 19:26:21.976  2168 19626 I Icing   : Usage reports ok 0, Failed Usage reports 0, indexed 0, rejected 0
06-30 19:26:21.980  2168 19626 W Icing   : No valid account for uploading user actions
06-30 19:26:21.988  2168 19626 I Icing   : Usage reports ok 0, Failed Usage reports 0, indexed 0, rejected 0
06-30 19:26:21.991  2168 19626 W Icing   : No valid account for uploading user actions
06-30 19:26:21.999  2168 19626 I Icing   : Usage reports ok 0, Failed Usage reports 0, indexed 0, rejected 0
06-30 19:26:22.000  2168 19626 W Icing   : No valid account for uploading user actions
06-30 19:26:22.003  1799 28134 I PTCommittedOperation: Receive new configuration for com.google.android.gms.growth
06-30 19:26:22.004  2168 28130 I ChromeSync: [Sync,SyncIntentOperation] Handling the intent: Intent { act=com.google.android.gms.phenotype.COMMITTED flg=0x10 pkg=com.google.android.gms cmp=com.google.android.gms/.chimera.GmsIntentOperationService (has extras) }.
06-30 19:26:22.007  2168 28124 I MdiSyncModule: flag handling is skipping irrelevant intent.
06-30 19:26:22.009  2168 28128 W ModuleInitIntentOp: Dropping unexpected action com.google.android.gms.phenotype.COMMITTED
06-30 19:26:22.018  2168 19626 I Icing   : Usage reports ok 0, Failed Usage reports 0, indexed 0, rejected 0
06-30 19:26:22.060  1799 28134 I Auth    : [AuthManaged,PasswordComplexityHelperImpl] Updating password complexity components state.
06-30 19:26:22.060  1799 28134 I Auth    : [AuthManaged,PasswordComplexityHelperImpl] Enabling com.google.android.gms.auth.managed.ui.SetNewPasswordActivity
06-30 19:26:22.065  1799 28077 I PTCommittedOperation: Receive new configuration for com.google.android.gms.notifications
06-30 19:26:22.078  2168  2961 I Icing   : IndexChimeraService.getServiceInterface callingPackage=com.google.android.gms componentName=null serviceId=30
06-30 19:26:22.089  2168 19626 W Icing   : No valid account for uploading user actions
06-30 19:26:22.100  2168 19626 I Icing   : Usage reports ok 0, Failed Usage reports 0, indexed 0, rejected 0
06-30 19:26:22.105  2168 28129 I ExposureNotification: Phenotype config updated, isEnabled: true [CONTEXT service_id=236 ]
06-30 19:26:22.111  1675  5705 D PackageManager: Ephemeral installer not found with new action; try old one
06-30 19:26:22.111  1675  5705 D PackageManager: Clear ephemeral installer activity
06-30 19:26:22.112  1675  2447 D PackageManager: Ephemeral installer not found with new action; try old one
06-30 19:26:22.112  1675  2447 D PackageManager: Clear ephemeral installer activity
06-30 19:26:22.115  2168 28127 I NearbySharing: Runtime state initialization complete. Sharing is disabled. [CONTEXT service_id=194 ]
06-30 19:26:22.123  1453  1479 E SurfaceFlinger: ro.sf.lcd_density must be defined as a build property
06-30 19:26:22.133  1443  2092 D gralloc_ranchu: gralloc_alloc: Creating ashmem region of size 8298496
06-30 19:26:22.141 28137 28137 D         : HostConnection::get() New Host Connection established 0xec148240, tid 28137
06-30 19:26:22.150  1799 28077 I Auth    : [AuthManaged,PasswordComplexityHelperImpl] Updating password complexity components state.
06-30 19:26:22.150  1799 28077 I Auth    : [AuthManaged,PasswordComplexityHelperImpl] Enabling com.google.android.gms.auth.managed.ui.SetNewPasswordActivity
06-30 19:26:22.152  1453  1479 D         : HostConnection::get() New Host Connection established 0xf5ba12c0, tid 1479
06-30 19:26:22.155  2168 28129 I ChromeSync: [Sync,SyncIntentOperation] Handling the intent: Intent { act=com.google.android.gms.phenotype.COMMITTED flg=0x10 pkg=com.google.android.gms cmp=com.google.android.gms/.chimera.GmsIntentOperationService (has extras) }.
06-30 19:26:22.157  2168 28076 I MdiSyncModule: flag handling is skipping irrelevant intent.
06-30 19:26:22.159  2168 28128 W ModuleInitIntentOp: Dropping unexpected action com.google.android.gms.phenotype.COMMITTED
06-30 19:26:22.163  1453  1479 D gralloc_ranchu: gralloc_unregister_buffer: exiting HostConnection (is buffer-handling thread)
06-30 19:26:22.163  1453  1479 D         : HostConnection::get() New Host Connection established 0xf5ba12c0, tid 1479
06-30 19:26:22.165  1453  1479 D gralloc_ranchu: gralloc_unregister_buffer: exiting HostConnection (is buffer-handling thread)
06-30 19:26:22.193  1799  1799 I ExposureNotification: ExposureNotificationInternalService.onCreate, com.google.android.gms.nearby.exposurenotification.service.ExposureNotificationInternalChimeraService@aa17756 [CONTEXT service_id=236 ]
06-30 19:26:22.196  1799  1799 I ExposureNotification: ExposureServiceInternalService.onStartCommand, Intent { act=com.google.android.gms.nearby.exposurenotification.service.ACTION_CLIENT_CHANGE cmp=com.google.android.gms/.nearby.exposurenotification.service.ExposureNotificationInternalService } [CONTEXT service_id=236 ]
06-30 19:26:22.209  1799 28134 I Auth    : [AuthManaged,PasswordComplexityHelperImpl] Updating password complexity components state.
06-30 19:26:22.209  1799 28134 I Auth    : [AuthManaged,PasswordComplexityHelperImpl] Enabling com.google.android.gms.auth.managed.ui.SetNewPasswordActivity
06-30 19:26:22.225  1799  1799 I ExposureNotification: Utils#isSupported enabled=true, isDeviceSupported=true, isBluetoothSupported=false, BluetoothAdapter.isMultipleAdvertisementSupported=false [CONTEXT service_id=236 ]
06-30 19:26:22.226  1799  1799 I ExposureNotification: Exposure notifications disabled. [CONTEXT service_id=236 ]
06-30 19:26:22.226  1799  1799 I ExposureNotification: ExposureServiceInternalService.stopTracing [CONTEXT service_id=236 ]
06-30 19:26:22.229  1799  1799 I ExposureNotification: AlarmManagerImpl.opportunisticSchedule called, delay=1800000ms [CONTEXT service_id=236 ]
06-30 19:26:22.230  1799  2716 E BluetoothAdapter: Bluetooth binder is null
06-30 19:26:22.274  1799  1799 W ChimeraUtils: Module com.google.android.gms.nearby_en has empty metadata display_name_string_id
06-30 19:26:22.275  1799  1799 W ChimeraUtils: Module com.google.android.gms.nearby_en has empty metadata display_name_string_id
06-30 19:26:22.277  1799  1799 I ExposureNotification: User turn off scanning. [CONTEXT service_id=236 ]
06-30 19:26:22.277  1799  1799 I ExposureNotification: Not scanning! [CONTEXT service_id=236 ]
06-30 19:26:22.277  1799  1799 W ExposureNotification: stopTracing called but Scanner failed to stop! [CONTEXT service_id=236 ]
06-30 19:26:22.292  1799 28073 I Auth    : [AuthManaged,PasswordComplexityHelperImpl] Updating password complexity components state.
06-30 19:26:22.292  1799 28073 I Auth    : [AuthManaged,PasswordComplexityHelperImpl] Enabling com.google.android.gms.auth.managed.ui.SetNewPasswordActivity
06-30 19:26:22.293  1799  1799 I ExposureNotification: ThreadSafeLevelDbWrapper: do open LevelDb contact-tracing-self-tracing-key-db [CONTEXT service_id=236 ]
06-30 19:26:22.293  1799  1799 I ExposureNotification: ThreadSafeLevelDbWrapper:contact-tracing-self-tracing-key-db instance ajdk@44e01bf created [CONTEXT service_id=236 ]
06-30 19:26:22.294  1799  1799 I ExposureNotification: ThreadSafeLevelDbWrapper:contact-tracing-self-tracing-key-db instance ajdk@44e01bf closed [CONTEXT service_id=236 ]
06-30 19:26:22.294  1799  1799 I ExposureNotification: ThreadSafeLevelDbWrapper: do close LevelDb contact-tracing-self-tracing-key-db [CONTEXT service_id=236 ]
06-30 19:26:22.343  1799  1811 I zygote  : Background concurrent copying GC freed 95916(5MB) AllocSpace objects, 24(1208KB) LOS objects, 33% free, 11MB/17MB, paused 987us total 177.801ms
06-30 19:26:22.347  1799  1799 I NearbySharing: ReceiveSurfaceService created [CONTEXT service_id=194 ]
06-30 19:26:22.349  1799  1799 I NearbySharing: ReceiveSurfaceService started [CONTEXT service_id=194 ]
06-30 19:26:22.430  1799 28078 I PTCommittedOperation: Receive new configuration for com.google.android.gms.netrec
06-30 19:26:22.430  1799  1799 I ExposureNotification: ExposureServiceInternalService.onDestroy, com.google.android.gms.nearby.exposurenotification.service.ExposureNotificationInternalChimeraService@aa17756 [CONTEXT service_id=236 ]
06-30 19:26:22.432  1799  1799 I NearbySharing: ReceiveSurfaceService destroyed [CONTEXT service_id=194 ]
06-30 19:26:22.433  1799 28075 I Auth    : [AuthManaged,PasswordComplexityHelperImpl] Updating password complexity components state.
06-30 19:26:22.433  1799 28075 I Auth    : [AuthManaged,PasswordComplexityHelperImpl] Enabling com.google.android.gms.auth.managed.ui.SetNewPasswordActivity
06-30 19:26:22.438  2168 28080 I ChromeSync: [Sync,SyncIntentOperation] Handling the intent: Intent { act=com.google.android.gms.phenotype.COMMITTED flg=0x10 pkg=com.google.android.gms cmp=com.google.android.gms/.chimera.GmsIntentOperationService (has extras) }.
06-30 19:26:22.439  2168 28080 I MdiSyncModule: flag handling is skipping irrelevant intent.
06-30 19:26:22.441  2168 28076 W ModuleInitIntentOp: Dropping unexpected action com.google.android.gms.phenotype.COMMITTED
06-30 19:26:22.523  1799 28078 I PTCommittedOperation: Receive new configuration for com.google.android.gms.tapandpay
06-30 19:26:22.523  2168 28080 I ChromeSync: [Sync,SyncIntentOperation] Handling the intent: Intent { act=com.google.android.gms.phenotype.COMMITTED flg=0x10 pkg=com.google.android.gms cmp=com.google.android.gms/.chimera.GmsIntentOperationService (has extras) }.
06-30 19:26:22.532  2168 28128 I MdiSyncModule: flag handling is skipping irrelevant intent.
06-30 19:26:22.534  2168 28084 W ModuleInitIntentOp: Dropping unexpected action com.google.android.gms.phenotype.COMMITTED
06-30 19:26:22.564  2168 28146 I ChromeSync: [Sync,SyncIntentOperation] Handling the intent: Intent { act=com.google.android.gms.phenotype.COMMITTED flg=0x10 pkg=com.google.android.gms cmp=com.google.android.gms/.chimera.GmsIntentOperationService (has extras) }.
06-30 19:26:22.563  1799 28145 I PTCommittedOperation: Receive new configuration for com.google.android.gms.photos
06-30 19:26:22.566  1675  3753 W ActivityManager: Unable to start service Intent { act=com.google.android.gms.auth.key.retrieval.service.START pkg=com.google.android.gms } U=0: not found
06-30 19:26:22.569  2168 28146 I MdiSyncModule: flag handling is skipping irrelevant intent.
06-30 19:26:22.569  2168 28084 W ModuleInitIntentOp: Dropping unexpected action com.google.android.gms.phenotype.COMMITTED
06-30 19:26:22.575  1675  2447 W ActivityManager: Unbind failed: could not find connection for android.os.BinderProxy@62aae4c
06-30 19:26:22.578  2168  2722 E GmsClient: unable to connect to service: com.google.android.gms.auth.key.retrieval.service.START on com.google.android.gms
06-30 19:26:22.580  2168 28129 I ChromeSync: [Sync,SyncIntentOperation] Handling the intent: Intent { act=com.google.android.gms.phenotype.COMMITTED flg=0x10 pkg=com.google.android.gms cmp=com.google.android.gms/.chimera.GmsIntentOperationService (has extras) }.
06-30 19:26:22.583  2168 28084 W ModuleInitIntentOp: Dropping unexpected action com.google.android.gms.phenotype.COMMITTED
06-30 19:26:22.581  2168 28127 I MdiSyncModule: flag handling is skipping irrelevant intent.
06-30 19:26:22.630  1799 28145 I PTCommittedOperation: Receive new configuration for com.google.android.gms.places
06-30 19:26:22.637  1799 28142 I Auth    : [AuthManaged,PasswordComplexityHelperImpl] Updating password complexity components state.
06-30 19:26:22.637  1799 28142 I Auth    : [AuthManaged,PasswordComplexityHelperImpl] Enabling com.google.android.gms.auth.managed.ui.SetNewPasswordActivity
06-30 19:26:22.642  1799 28142 I PTCommittedOperation: Receive new configuration for com.google.android.gms.signin
06-30 19:26:22.710  1799 28071 I Auth    : [AuthManaged,PasswordComplexityHelperImpl] Updating password complexity components state.
06-30 19:26:22.711  1799 28071 I Auth    : [AuthManaged,PasswordComplexityHelperImpl] Enabling com.google.android.gms.auth.managed.ui.SetNewPasswordActivity
06-30 19:26:22.714  2168 28128 I SystemUpdate: [Installation,ReceiverIntentOperation] Received intent: Intent { act=com.google.android.gms.phenotype.com.google.android.gms.update.COMMITTED flg=0x10 cmp=com.google.android.gms/.chimera.GmsIntentOperationService (has extras) }.
06-30 19:26:22.737  2168 28129 I ChromeSync: [Sync,SyncIntentOperation] Handling the intent: Intent { act=com.google.android.gms.phenotype.COMMITTED flg=0x10 pkg=com.google.android.gms cmp=com.google.android.gms/.chimera.GmsIntentOperationService (has extras) }.
06-30 19:26:22.740  2168 28080 I MdiSyncModule: flag handling is skipping irrelevant intent.
06-30 19:26:22.743  2168 28127 W ModuleInitIntentOp: Dropping unexpected action com.google.android.gms.phenotype.COMMITTED
06-30 19:26:22.748  1799 28142 I PTCommittedOperation: Receive new configuration for com.google.android.gms.auth_authzen
06-30 19:26:22.774  2168 28124 I SystemUpdate: [Execution,InstallationEventIntentOperation] Handling event of type 2.
06-30 19:26:22.779  2168 28129 I SystemUpdate: [Execution,InstallationIntentOperation] Received intent: Intent { act=com.google.android.gms.update.INSTALL_UPDATE cat=[targeted_intent_op_prefix:.update.execution.InstallationIntentOperation] cmp=com.google.android.gms/.chimera.GmsIntentOperationService }.
06-30 19:26:22.785  2168 28129 I SystemUpdate: [Execution,ExecutionManager] Action finished-execution executed for 0.00 seconds.
06-30 19:26:22.807  2168 28147 I ChromeSync: [Sync,SyncIntentOperation] Handling the intent: Intent { act=com.google.android.gms.phenotype.COMMITTED flg=0x10 pkg=com.google.android.gms cmp=com.google.android.gms/.chimera.GmsIntentOperationService (has extras) }.
06-30 19:26:22.816  2168 28147 I MdiSyncModule: flag handling is skipping irrelevant intent.
06-30 19:26:22.818  2168 28123 W ModuleInitIntentOp: Dropping unexpected action com.google.android.gms.phenotype.COMMITTED
06-30 19:26:22.845  1799 28149 I Auth    : [AuthManaged,PasswordComplexityHelperImpl] Updating password complexity components state.
06-30 19:26:22.845  1799 28149 I Auth    : [AuthManaged,PasswordComplexityHelperImpl] Enabling com.google.android.gms.auth.managed.ui.SetNewPasswordActivity
06-30 19:26:22.852  2168 28147 I ChromeSync: [Sync,SyncIntentOperation] Handling the intent: Intent { act=com.google.android.gms.phenotype.COMMITTED flg=0x10 pkg=com.google.android.gms cmp=com.google.android.gms/.chimera.GmsIntentOperationService (has extras) }.
06-30 19:26:22.858  1799 28074 I PTCommittedOperation: Receive new configuration for com.google.android.gms.tron.metrics
06-30 19:26:22.861  2168 28084 I MdiSyncModule: flag handling is skipping irrelevant intent.
06-30 19:26:22.862  2168 28125 W ModuleInitIntentOp: Dropping unexpected action com.google.android.gms.phenotype.COMMITTED
06-30 19:26:22.918  1799 28074 I PTCommittedOperation: Receive new configuration for com.google.android.gms.wearable
06-30 19:26:22.924  1799 28142 I Auth    : [AuthManaged,PasswordComplexityHelperImpl] Updating password complexity components state.
06-30 19:26:22.924  1799 28142 I Auth    : [AuthManaged,PasswordComplexityHelperImpl] Enabling com.google.android.gms.auth.managed.ui.SetNewPasswordActivity
06-30 19:26:22.958  2168 28084 I ChromeSync: [Sync,SyncIntentOperation] Handling the intent: Intent { act=com.google.android.gms.phenotype.COMMITTED flg=0x10 pkg=com.google.android.gms cmp=com.google.android.gms/.chimera.GmsIntentOperationService (has extras) }.
06-30 19:26:22.960  2168 28125 I MdiSyncModule: flag handling is skipping irrelevant intent.
06-30 19:26:22.963  2168 28123 W ModuleInitIntentOp: Dropping unexpected action com.google.android.gms.phenotype.COMMITTED
06-30 19:26:22.981  1799  1811 I zygote  : Background concurrent copying GC freed 113342(6MB) AllocSpace objects, 25(1276KB) LOS objects, 34% free, 11MB/17MB, paused 962us total 170.027ms
06-30 19:26:23.006  1799 28148 I PTCommittedOperation: Receive new configuration for com.google.android.gms.car
06-30 19:26:23.019  1799 28142 I Auth    : [AuthManaged,PasswordComplexityHelperImpl] Updating password complexity components state.
06-30 19:26:23.019  1799 28142 I Auth    : [AuthManaged,PasswordComplexityHelperImpl] Enabling com.google.android.gms.auth.managed.ui.SetNewPasswordActivity
06-30 19:26:23.020  2636  2636 D MediaScannerReceiver: action: android.intent.action.MEDIA_SCANNER_SCAN_FILE path: /storage/emulated/0/screen.png
06-30 19:26:23.074  2168 28128 I OcrModelUpStIntentOp: Updating ocr activity enabled=true (phenotypeFlag=true, lowRamDevice=false, prereqCheck=true)
06-30 19:26:23.078  2168 28128 W DynamiteModule: Local module descriptor class for com.google.android.gms.vision.dynamite.ocr not found.
06-30 19:26:23.079  2168 28128 W ProviderHelper: Unknown dynamite feature vision.dynamite.ocr
06-30 19:26:23.079  2168 28128 I DynamiteModule: Considering local module com.google.android.gms.vision.dynamite.ocr:0 and remote module com.google.android.gms.vision.dynamite.ocr:0
06-30 19:26:23.080  2168 28128 W ProviderHelper: Ignoring optional dynamite feature vision.ocr
06-30 19:26:23.081  2168 28128 W DynamiteModule: Local module descriptor class for com.google.android.gms.vision.ocr not found.
06-30 19:26:23.081  2168 28128 I DynamiteModule: Considering local module com.google.android.gms.vision.ocr:0 and remote module com.google.android.gms.vision.ocr:0
06-30 19:26:23.081  2168 28128 E Vision  : Error loading module com.google.android.gms.vision.ocr optional module true: waz: No acceptable module found. Local version is 0 and remote version is 0.
06-30 19:26:23.083  2168 28128 W TextNativeHandle: Native handle not yet available. Reverting to no-op handle.
06-30 19:26:23.084  2168 28128 W DynamiteModule: Local module descriptor class for com.google.android.gms.vision.dynamite.ocr not found.
06-30 19:26:23.084  2168 28128 W ProviderHelper: Unknown dynamite feature vision.dynamite.ocr
06-30 19:26:23.084  2168 28128 I DynamiteModule: Considering local module com.google.android.gms.vision.dynamite.ocr:0 and remote module com.google.android.gms.vision.dynamite.ocr:0
06-30 19:26:23.085  2168 28128 W ProviderHelper: Ignoring optional dynamite feature vision.ocr
06-30 19:26:23.085  2168 28128 W DynamiteModule: Local module descriptor class for com.google.android.gms.vision.ocr not found.
06-30 19:26:23.085  2168 28128 I DynamiteModule: Considering local module com.google.android.gms.vision.ocr:0 and remote module com.google.android.gms.vision.ocr:0
06-30 19:26:23.085  2168 28128 E Vision  : Error loading module com.google.android.gms.vision.ocr optional module true: waz: No acceptable module found. Local version is 0 and remote version is 0.
06-30 19:26:23.087  2168 28128 I OcrModelUpStIntentOp: Downloading text recognizer
06-30 19:26:23.096  2168 28146 I ChromeSync: [Sync,SyncIntentOperation] Handling the intent: Intent { act=com.google.android.gms.phenotype.COMMITTED flg=0x10 pkg=com.google.android.gms cmp=com.google.android.gms/.chimera.GmsIntentOperationService (has extras) }.
06-30 19:26:23.100  2168 28128 I MdiSyncModule: flag handling is skipping irrelevant intent.
06-30 19:26:23.101  2168 28123 W ModuleInitIntentOp: Dropping unexpected action com.google.android.gms.phenotype.COMMITTED
06-30 19:26:23.106  1799 28074 I PTCommittedOperation: Receive new configuration for com.google.android.gms.gcm
06-30 19:26:23.116  1799 28142 I Auth    : [AuthManaged,PasswordComplexityHelperImpl] Updating password complexity components state.
06-30 19:26:23.116  1799 28142 I Auth    : [AuthManaged,PasswordComplexityHelperImpl] Enabling com.google.android.gms.auth.managed.ui.SetNewPasswordActivity
06-30 19:26:23.161  1799 28143 I Auth    : [AuthManaged,PasswordComplexityHelperImpl] Updating password complexity components state.
06-30 19:26:23.161  1799 28143 I Auth    : [AuthManaged,PasswordComplexityHelperImpl] Enabling com.google.android.gms.auth.managed.ui.SetNewPasswordActivity
06-30 19:26:23.180  2168 28129 I ChromeSync: [Sync,SyncIntentOperation] Handling the intent: Intent { act=com.google.android.gms.phenotype.COMMITTED flg=0x10 pkg=com.google.android.gms cmp=com.google.android.gms/.chimera.GmsIntentOperationService (has extras) }.
06-30 19:26:23.181  2168 28123 I MdiSyncModule: flag handling is skipping irrelevant intent.
06-30 19:26:23.182  2168 28124 W ModuleInitIntentOp: Dropping unexpected action com.google.android.gms.phenotype.COMMITTED
06-30 19:26:23.186  1799 28142 I PTCommittedOperation: Receive new configuration for com.google.android.gms.ulr
06-30 19:26:23.220  2168 28130 I Vision  : Requesting optional module download of ocr.
06-30 19:26:23.221  2168 28130 I Vision  : Checking for download completion for 15269484 -- ocr
06-30 19:26:23.252  1799 28075 I Auth    : [AuthManaged,PasswordComplexityHelperImpl] Updating password complexity components state.
06-30 19:26:23.252  1799 28075 I Auth    : [AuthManaged,PasswordComplexityHelperImpl] Enabling com.google.android.gms.auth.managed.ui.SetNewPasswordActivity
06-30 19:26:23.261  2168 28130 I Vision  : Requesting optional module download of ocr.
06-30 19:26:23.261  2168 28130 I Vision  : Checking for download completion for 15269524 -- ocr
06-30 19:26:23.274  2168 28130 I ChromeSync: [Sync,SyncIntentOperation] Handling the intent: Intent { act=com.google.android.gms.phenotype.COMMITTED flg=0x10 pkg=com.google.android.gms cmp=com.google.android.gms/.chimera.GmsIntentOperationService (has extras) }.
06-30 19:26:23.275  2168 28123 I MdiSyncModule: flag handling is skipping irrelevant intent.
06-30 19:26:23.278  2168 28129 W ModuleInitIntentOp: Dropping unexpected action com.google.android.gms.phenotype.COMMITTED
06-30 19:26:23.283  1799 28149 I PTCommittedOperation: Receive new configuration for com.google.android.gms.usagereporting
06-30 19:26:23.291  2168 28130 I zygote  : Deoptimizing bsgi bsfl.a(bsei, java.util.concurrent.Executor) due to JIT inline cache
06-30 19:26:23.319  1799 26167 I GCoreUlr: WorldUpdater received intent Intent { act=com.google.android.location.reporting.ACTION_UPDATE_WORLD cmp=com.google.android.gms/com.google.android.location.reporting.service.DispatchingService (has extras) } with receiverAction com.google.gservices.intent.action.GSERVICES_CHANGED
06-30 19:26:23.330  1799 26167 I GCoreUlr: WorldUpdater:com.google.gservices.intent.action.GSERVICES_CHANGED: Ensuring that reporting is stopped because of reasons: (no Google accounts)
06-30 19:26:23.339  1799 26167 I GCoreUlr: Unbound from all signal providers.
06-30 19:26:23.350  1799 26167 I GCoreUlr: DispatchingService ignoring Intent { act=android.net.wifi.WIFI_STATE_CHANGED flg=0x4000010 (has extras) } because ULR inactive
06-30 19:26:23.355  1799 28143 I Auth    : [AuthManaged,PasswordComplexityHelperImpl] Updating password complexity components state.
06-30 19:26:23.355  1799 28143 I Auth    : [AuthManaged,PasswordComplexityHelperImpl] Enabling com.google.android.gms.auth.managed.ui.SetNewPasswordActivity
06-30 19:26:23.376  1799  1799 I GCoreUlr: Unbound from all signal providers.
06-30 19:26:23.376  1799  1799 I GCoreUlr: Stopping handler for UlrDispSvcFast
06-30 19:26:23.407  2168 28070 I MS_RegisterService: Tachyon host: instantmessaging-pa.googleapis.com, Tachyon port: 443
06-30 19:26:23.416  2168 28123 I MS_RegisterService: RegisterService intent:Intent { act=com.google.android.gms.matchstick.register_intent_action cat=[targeted_intent_op_prefix:com.google.android.libraries.matchstick.net.SilentRegisterIntentOperation] cmp=com.google.android.gms/.chimera.GmsIntentOperationService } isPeriodic:false
06-30 19:26:23.431  1799 28075 I Auth    : [AuthManaged,PasswordComplexityHelperImpl] Updating password complexity components state.
06-30 19:26:23.431  1799 28075 I Auth    : [AuthManaged,PasswordComplexityHelperImpl] Enabling com.google.android.gms.auth.managed.ui.SetNewPasswordActivity
06-30 19:26:23.439  2168 28123 W DynamiteModule: Local module descriptor class for providerinstaller not found.
06-30 19:26:23.440  2168 28123 W ProviderHelper: Unknown dynamite feature providerinstaller
06-30 19:26:23.440  2168 28123 I DynamiteModule: Considering local module providerinstaller:0 and remote module providerinstaller:0
06-30 19:26:23.440  2168 28123 W ProviderInstaller: Failed to load providerinstaller module: No acceptable module found. Local version is 0 and remote version is 0.
06-30 19:26:23.444  2168 28125 I ChromeSync: [Sync,SyncIntentOperation] Handling the intent: Intent { act=com.google.android.gms.phenotype.COMMITTED flg=0x10 pkg=com.google.android.gms cmp=com.google.android.gms/.chimera.GmsIntentOperationService (has extras) }.
06-30 19:26:23.446  2168 28084 I MdiSyncModule: flag handling is skipping irrelevant intent.
06-30 19:26:23.449  1799 28143 I PTCommittedOperation: Receive new configuration for com.google.android.gms.instantapps
06-30 19:26:23.454  2168 28124 W ModuleInitIntentOp: Dropping unexpected action com.google.android.gms.phenotype.COMMITTED
06-30 19:26:23.521  1799 28075 I Auth    : [AuthManaged,PasswordComplexityHelperImpl] Updating password complexity components state.
06-30 19:26:23.521  1799 28075 I Auth    : [AuthManaged,PasswordComplexityHelperImpl] Enabling com.google.android.gms.auth.managed.ui.SetNewPasswordActivity
06-30 19:26:23.535  2168 28084 I ChromeSync: [Sync,SyncIntentOperation] Handling the intent: Intent { act=com.google.android.gms.phenotype.COMMITTED flg=0x10 pkg=com.google.android.gms cmp=com.google.android.gms/.chimera.GmsIntentOperationService (has extras) }.
06-30 19:26:23.536  2168 28084 I MdiSyncModule: flag handling is skipping irrelevant intent.
06-30 19:26:23.538  2168 28124 W ModuleInitIntentOp: Dropping unexpected action com.google.android.gms.phenotype.COMMITTED
06-30 19:26:23.543  1799 28075 I PTCommittedOperation: Receive new configuration for com.google.android.gms.clearcut.public
06-30 19:26:23.576  1799 28143 I Auth    : [AuthManaged,PasswordComplexityHelperImpl] Updating password complexity components state.
06-30 19:26:23.576  1799 28143 I Auth    : [AuthManaged,PasswordComplexityHelperImpl] Enabling com.google.android.gms.auth.managed.ui.SetNewPasswordActivity
06-30 19:26:23.583  2168 28125 I ChromeSync: [Sync,SyncIntentOperation] Handling the intent: Intent { act=com.google.android.gms.phenotype.COMMITTED flg=0x10 pkg=com.google.android.gms cmp=com.google.android.gms/.chimera.GmsIntentOperationService (has extras) }.
06-30 19:26:23.584  2168 28125 I MdiSyncModule: flag handling is skipping irrelevant intent.
06-30 19:26:23.587  2168 28129 W ModuleInitIntentOp: Dropping unexpected action com.google.android.gms.phenotype.COMMITTED
06-30 19:26:23.599  1799 28074 I PTCommittedOperation: Receive new configuration for com.google.android.gms.fitness
06-30 19:26:23.614  1799 28141 W Conscrypt: Could not set socket write timeout: java.net.SocketException: Socket closed
06-30 19:26:23.616  1799 28141 W Conscrypt: 	at com.google.android.gms.org.conscrypt.Platform.setSocketWriteTimeout(:com.google.android.gms@202414022@20.24.14 (040700-319035315):2)
06-30 19:26:23.616  1799 28141 W Conscrypt: 	at com.google.android.gms.org.conscrypt.ConscryptFileDescriptorSocket.setSoWriteTimeout(:com.google.android.gms@202414022@20.24.14 (040700-319035315):0)
06-30 19:26:23.626  1799 28149 I Auth    : [AuthManaged,PasswordComplexityHelperImpl] Updating password complexity components state.
06-30 19:26:23.626  1799 28149 I Auth    : [AuthManaged,PasswordComplexityHelperImpl] Enabling com.google.android.gms.auth.managed.ui.SetNewPasswordActivity
06-30 19:26:23.646  1799 28141 W Conscrypt: Could not set socket write timeout: java.net.SocketException: Socket closed
06-30 19:26:23.647  1799 28141 W Conscrypt: 	at com.google.android.gms.org.conscrypt.Platform.setSocketWriteTimeout(:com.google.android.gms@202414022@20.24.14 (040700-319035315):2)
06-30 19:26:23.649  1799 28141 W Conscrypt: 	at com.google.android.gms.org.conscrypt.ConscryptFileDescriptorSocket.setSoWriteTimeout(:com.google.android.gms@202414022@20.24.14 (040700-319035315):0)
06-30 19:26:23.662  1799 28149 I Auth    : [AuthManaged,PasswordComplexityHelperImpl] Updating password complexity components state.
06-30 19:26:23.662  1799 28149 I Auth    : [AuthManaged,PasswordComplexityHelperImpl] Enabling com.google.android.gms.auth.managed.ui.SetNewPasswordActivity
06-30 19:26:23.667  2168 28125 I ChromeSync: [Sync,SyncIntentOperation] Handling the intent: Intent { act=com.google.android.gms.phenotype.COMMITTED flg=0x10 pkg=com.google.android.gms cmp=com.google.android.gms/.chimera.GmsIntentOperationService (has extras) }.
06-30 19:26:23.670  2168 28128 I MdiSyncModule: flag handling is skipping irrelevant intent.
06-30 19:26:23.673  2168 28076 W ModuleInitIntentOp: Dropping unexpected action com.google.android.gms.phenotype.COMMITTED
06-30 19:26:23.675  1799 28148 I PTCommittedOperation: Receive new configuration for com.google.android.gms.vision.sdk
06-30 19:26:23.706  1799 28149 I Auth    : [AuthManaged,PasswordComplexityHelperImpl] Updating password complexity components state.
06-30 19:26:23.706  1799 28149 I Auth    : [AuthManaged,PasswordComplexityHelperImpl] Enabling com.google.android.gms.auth.managed.ui.SetNewPasswordActivity
06-30 19:26:23.724  1799 28148 I Auth    : [AuthManaged,PasswordComplexityHelperImpl] Updating password complexity components state.
06-30 19:26:23.724  1799 28148 I Auth    : [AuthManaged,PasswordComplexityHelperImpl] Enabling com.google.android.gms.auth.managed.ui.SetNewPasswordActivity
06-30 19:26:23.730  1799 28149 I PTCommittedOperation: Receive new configuration for com.google.android.gms.locationsharing
06-30 19:26:23.731  2168 28124 I ChromeSync: [Sync,SyncIntentOperation] Handling the intent: Intent { act=com.google.android.gms.phenotype.COMMITTED flg=0x10 pkg=com.google.android.gms cmp=com.google.android.gms/.chimera.GmsIntentOperationService (has extras) }.
06-30 19:26:23.732  2168 28127 I MdiSyncModule: flag handling is skipping irrelevant intent.
06-30 19:26:23.734  2168 28124 W ModuleInitIntentOp: Dropping unexpected action com.google.android.gms.phenotype.COMMITTED
06-30 19:26:23.786  2168 28127 I ChromeSync: [Sync,SyncIntentOperation] Handling the intent: Intent { act=com.google.android.gms.phenotype.COMMITTED flg=0x10 pkg=com.google.android.gms cmp=com.google.android.gms/.chimera.GmsIntentOperationService (has extras) }.
06-30 19:26:23.787  1799 28134 I Auth    : [AuthManaged,PasswordComplexityHelperImpl] Updating password complexity components state.
06-30 19:26:23.787  1799 28134 I Auth    : [AuthManaged,PasswordComplexityHelperImpl] Enabling com.google.android.gms.auth.managed.ui.SetNewPasswordActivity
06-30 19:26:23.788  2168 28124 I MdiSyncModule: flag handling is skipping irrelevant intent.
06-30 19:26:23.790  2168 28146 W ModuleInitIntentOp: Dropping unexpected action com.google.android.gms.phenotype.COMMITTED
06-30 19:26:23.793  1799 28075 I PTCommittedOperation: Receive new configuration for com.google.android.gms.appstate
06-30 19:26:23.842  1799 28134 I Auth    : [AuthManaged,PasswordComplexityHelperImpl] Updating password complexity components state.
06-30 19:26:23.842  1799 28134 I Auth    : [AuthManaged,PasswordComplexityHelperImpl] Enabling com.google.android.gms.auth.managed.ui.SetNewPasswordActivity
06-30 19:26:23.848  2168 28127 I ChromeSync: [Sync,SyncIntentOperation] Handling the intent: Intent { act=com.google.android.gms.phenotype.COMMITTED flg=0x10 pkg=com.google.android.gms cmp=com.google.android.gms/.chimera.GmsIntentOperationService (has extras) }.
06-30 19:26:23.850  2168 28146 I MdiSyncModule: flag handling is skipping irrelevant intent.
06-30 19:26:23.851  2168 28124 W ModuleInitIntentOp: Dropping unexpected action com.google.android.gms.phenotype.COMMITTED
06-30 19:26:23.858  1799 28143 I PTCommittedOperation: Receive new configuration for com.google.android.gms.octarine
06-30 19:26:23.891  1799 28134 I Auth    : [AuthManaged,PasswordComplexityHelperImpl] Updating password complexity components state.
06-30 19:26:23.891  1799 28134 I Auth    : [AuthManaged,PasswordComplexityHelperImpl] Enabling com.google.android.gms.auth.managed.ui.SetNewPasswordActivity
06-30 19:26:23.941 28161 28161 W zygote  : Unexpected CPU variant for X86 using defaults: x86
06-30 19:26:23.948  1675  1987 I ActivityManager: Start proc 28161:com.google.android.gms.unstable/u0a14 for service com.google.android.gms/.droidguard.DroidGuardService
06-30 19:26:23.956  1799 28142 I Auth    : [AuthManaged,PasswordComplexityHelperImpl] Updating password complexity components state.
06-30 19:26:23.956  1799 28142 I Auth    : [AuthManaged,PasswordComplexityHelperImpl] Enabling com.google.android.gms.auth.managed.ui.SetNewPasswordActivity
06-30 19:26:23.962 28161 28161 I zygote  : The ClassLoaderContext is a special shared library.
06-30 19:26:23.963 28161 28161 I zygote  : The ClassLoaderContext is a special shared library.
06-30 19:26:23.964  2168 28124 I ChromeSync: [Sync,SyncIntentOperation] Handling the intent: Intent { act=com.google.android.gms.phenotype.COMMITTED flg=0x10 pkg=com.google.android.gms cmp=com.google.android.gms/.chimera.GmsIntentOperationService (has extras) }.
06-30 19:26:23.965  1799 28142 I PTCommittedOperation: Receive new configuration for com.google.android.gms.learning#com.google.android.gms
06-30 19:26:23.965  2168 28124 I MdiSyncModule: flag handling is skipping irrelevant intent.
06-30 19:26:23.966  1675  3753 W ActivityManager: Unable to start service Intent { act=com.google.android.gms.auth.key.retrieval.service.START pkg=com.google.android.gms } U=0: not found
06-30 19:26:23.969 28161 28161 I zygote  : The ClassLoaderContext is a special shared library.
06-30 19:26:23.970  1675 22554 W ActivityManager: Unbind failed: could not find connection for android.os.BinderProxy@78c25f7
06-30 19:26:23.973  2168  2722 E GmsClient: unable to connect to service: com.google.android.gms.auth.key.retrieval.service.START on com.google.android.gms
06-30 19:26:23.974  2168 28084 W ModuleInitIntentOp: Dropping unexpected action com.google.android.gms.phenotype.COMMITTED
06-30 19:26:24.006  1799 28071 I Auth    : [AuthManaged,PasswordComplexityHelperImpl] Updating password complexity components state.
06-30 19:26:24.006  1799 28071 I Auth    : [AuthManaged,PasswordComplexityHelperImpl] Enabling com.google.android.gms.auth.managed.ui.SetNewPasswordActivity
06-30 19:26:24.015  2168 28160 I ChromeSync: [Sync,SyncIntentOperation] Handling the intent: Intent { act=com.google.android.gms.phenotype.COMMITTED flg=0x10 pkg=com.google.android.gms cmp=com.google.android.gms/.chimera.GmsIntentOperationService (has extras) }.
06-30 19:26:24.018  2168 28084 I MdiSyncModule: flag handling is skipping irrelevant intent.
06-30 19:26:24.021  2168 28177 W ModuleInitIntentOp: Dropping unexpected action com.google.android.gms.phenotype.COMMITTED
06-30 19:26:24.024  1799 28071 I PTCommittedOperation: Receive new configuration for com.google.android.gms.chromesync
06-30 19:26:24.066 28161 28161 W DynamiteModule: Local module descriptor class for providerinstaller not found.
06-30 19:26:24.069  1799 28134 I Auth    : [AuthManaged,PasswordComplexityHelperImpl] Updating password complexity components state.
06-30 19:26:24.069  1799 28134 I Auth    : [AuthManaged,PasswordComplexityHelperImpl] Enabling com.google.android.gms.auth.managed.ui.SetNewPasswordActivity
06-30 19:26:24.076  2168 28158 I ChromeSync: [Sync,SyncIntentOperation] Handling the intent: Intent { act=com.google.android.gms.phenotype.COMMITTED flg=0x10 pkg=com.google.android.gms cmp=com.google.android.gms/.chimera.GmsIntentOperationService (has extras) }.
06-30 19:26:24.077  2168 28177 I MdiSyncModule: flag handling is skipping irrelevant intent.
06-30 19:26:24.078 28161 28161 W ProviderHelper: Unknown dynamite feature providerinstaller
06-30 19:26:24.082  2168 28176 W ModuleInitIntentOp: Dropping unexpected action com.google.android.gms.phenotype.COMMITTED
06-30 19:26:24.084  1799 28148 I PTCommittedOperation: Receive new configuration for com.google.android.gms.credential_manager
06-30 19:26:24.088 28161 28161 I DynamiteModule: Considering local module providerinstaller:0 and remote module providerinstaller:0
06-30 19:26:24.088 28161 28161 W ProviderInstaller: Failed to load providerinstaller module: No acceptable module found. Local version is 0 and remote version is 0.
06-30 19:26:24.093 28161 28161 V NativeCrypto: Registering com/google/android/gms/org/conscrypt/NativeCrypto's 286 native methods...
06-30 19:26:24.101 28161 28161 D NetworkSecurityConfig: Using Network Security Config from resource network_security_config debugBuild: false
06-30 19:26:24.103 28161 28161 I ProviderInstaller: Installed default security provider GmsCore_OpenSSL
06-30 19:26:24.103 28161 28161 I Safeboot: Checking safeboot...
06-30 19:26:24.103 28161 28161 I Safeboot: Not entering safeboot; wrong process.
06-30 19:26:24.113  1799 28071 I Auth    : [AuthManaged,PasswordComplexityHelperImpl] Updating password complexity components state.
06-30 19:26:24.113  1799 28071 I Auth    : [AuthManaged,PasswordComplexityHelperImpl] Enabling com.google.android.gms.auth.managed.ui.SetNewPasswordActivity
06-30 19:26:24.118  2168 28176 I ChromeSync: [Sync,SyncIntentOperation] Handling the intent: Intent { act=com.google.android.gms.phenotype.COMMITTED flg=0x10 pkg=com.google.android.gms cmp=com.google.android.gms/.chimera.GmsIntentOperationService (has extras) }.
06-30 19:26:24.119  2168 24583 I zygote  : Deoptimizing bpqa bpfu.i() due to JIT inline cache
06-30 19:26:24.119  2168 24583 I zygote  : Deoptimizing java.lang.Object bpqa.next() due to JIT inline cache
06-30 19:26:24.119  2168 28176 I MdiSyncModule: flag handling is skipping irrelevant intent.
06-30 19:26:24.122  2168 28159 W ModuleInitIntentOp: Dropping unexpected action com.google.android.gms.phenotype.COMMITTED
06-30 19:26:24.129  1799 28075 I PTCommittedOperation: Receive new configuration for com.google.android.gms.autofill
06-30 19:26:24.179  1799 28071 I Auth    : [AuthManaged,PasswordComplexityHelperImpl] Updating password complexity components state.
06-30 19:26:24.179  1799 28071 I Auth    : [AuthManaged,PasswordComplexityHelperImpl] Enabling com.google.android.gms.auth.managed.ui.SetNewPasswordActivity
06-30 19:26:24.183  2168 28158 I ChromeSync: [Sync,SyncIntentOperation] Handling the intent: Intent { act=com.google.android.gms.phenotype.COMMITTED flg=0x10 pkg=com.google.android.gms cmp=com.google.android.gms/.chimera.GmsIntentOperationService (has extras) }.
06-30 19:26:24.188  2168 28124 I MdiSyncModule: flag handling is skipping irrelevant intent.
06-30 19:26:24.195  2168 28176 W ModuleInitIntentOp: Dropping unexpected action com.google.android.gms.phenotype.COMMITTED
06-30 19:26:24.196  1799 28071 I PTCommittedOperation: Receive new configuration for com.google.android.gms.cast
06-30 19:26:24.204 28161 28161 I Watchcat: Started
06-30 19:26:24.206 28161 28161 I bezb    : Primes not initialized, returning default (no-op) Primes instance which will ignore all calls. Please call Primes.initialize(...) before using any Primes API.
06-30 19:26:24.232  1799 28148 I Auth    : [AuthManaged,PasswordComplexityHelperImpl] Updating password complexity components state.
06-30 19:26:24.232  1799 28148 I Auth    : [AuthManaged,PasswordComplexityHelperImpl] Enabling com.google.android.gms.auth.managed.ui.SetNewPasswordActivity
06-30 19:26:24.234  2168 28177 I ChromeSync: [Sync,SyncIntentOperation] Handling the intent: Intent { act=com.google.android.gms.phenotype.COMMITTED flg=0x10 pkg=com.google.android.gms cmp=com.google.android.gms/.chimera.GmsIntentOperationService (has extras) }.
06-30 19:26:24.239  2168 28084 I MdiSyncModule: flag handling is skipping irrelevant intent.
06-30 19:26:24.240  2168 28159 W ModuleInitIntentOp: Dropping unexpected action com.google.android.gms.phenotype.COMMITTED
06-30 19:26:24.243  1799 28078 I PTCommittedOperation: Receive new configuration for com.google.android.gms.fido
06-30 19:26:24.269  1799  1799 I Fido    : [CableAuthenticatorChimeraService] Unregistering receiver.
06-30 19:26:24.270  1799  1799 I Fido    : [CableAuthenticatorChimeraService] Registering broadcast receiver.
06-30 19:26:24.294  1799 28075 I Auth    : [AuthManaged,PasswordComplexityHelperImpl] Updating password complexity components state.
06-30 19:26:24.294  1799 28075 I Auth    : [AuthManaged,PasswordComplexityHelperImpl] Enabling com.google.android.gms.auth.managed.ui.SetNewPasswordActivity
06-30 19:26:24.321  1799 28075 I Auth    : [AuthManaged,PasswordComplexityHelperImpl] Updating password complexity components state.
06-30 19:26:24.321  1799 28075 I Auth    : [AuthManaged,PasswordComplexityHelperImpl] Enabling com.google.android.gms.auth.managed.ui.SetNewPasswordActivity
06-30 19:26:24.322  2168 28179 I ChromeSync: [Sync,SyncIntentOperation] Handling the intent: Intent { act=com.google.android.gms.phenotype.COMMITTED flg=0x10 pkg=com.google.android.gms cmp=com.google.android.gms/.chimera.GmsIntentOperationService (has extras) }.
06-30 19:26:24.324  1799 28143 I PTCommittedOperation: Receive new configuration for com.google.android.gms.languageprofile
06-30 19:26:24.327  2168 28125 I MdiSyncModule: flag handling is skipping irrelevant intent.
06-30 19:26:24.328  2168 28176 W ModuleInitIntentOp: Dropping unexpected action com.google.android.gms.phenotype.COMMITTED
06-30 19:26:24.363  1799 28148 I Auth    : [AuthManaged,PasswordComplexityHelperImpl] Updating password complexity components state.
06-30 19:26:24.363  1799 28148 I Auth    : [AuthManaged,PasswordComplexityHelperImpl] Enabling com.google.android.gms.auth.managed.ui.SetNewPasswordActivity
06-30 19:26:24.367  2168 28179 I TelephonySpam: SettingsChangedIntentOp - telephonyspam phenotype flag changed
06-30 19:26:24.368  2168 28179 I TelephonySpam: SpamListSync - schedulePeriodicTask
06-30 19:26:24.394 28161 28190 I zygote  : Deoptimizing java.lang.Object bfra.a() due to JIT inline cache
06-30 19:26:24.395 28161 28166 I zygote  : Do partial code cache collection, code=30KB, data=27KB
06-30 19:26:24.400  1799 28075 I Auth    : [AuthManaged,PasswordComplexityHelperImpl] Updating password complexity components state.
06-30 19:26:24.400  1799 28075 I Auth    : [AuthManaged,PasswordComplexityHelperImpl] Enabling com.google.android.gms.auth.managed.ui.SetNewPasswordActivity
06-30 19:26:24.402 28161 28166 I zygote  : After code cache collection, code=29KB, data=27KB
06-30 19:26:24.402 28161 28166 I zygote  : Increasing code cache capacity to 128KB
06-30 19:26:24.428  1799 28075 I Auth    : [AuthManaged,PasswordComplexityHelperImpl] Updating password complexity components state.
06-30 19:26:24.428  1799 28075 I Auth    : [AuthManaged,PasswordComplexityHelperImpl] Enabling com.google.android.gms.auth.managed.ui.SetNewPasswordActivity
06-30 19:26:24.430  2168 28084 I ChromeSync: [Sync,SyncIntentOperation] Handling the intent: Intent { act=com.google.android.gms.phenotype.COMMITTED flg=0x10 pkg=com.google.android.gms cmp=com.google.android.gms/.chimera.GmsIntentOperationService (has extras) }.
06-30 19:26:24.431  2168 28084 I MdiSyncModule: flag handling is skipping irrelevant intent.
06-30 19:26:24.434  2168 28176 W ModuleInitIntentOp: Dropping unexpected action com.google.android.gms.phenotype.COMMITTED
06-30 19:26:24.436  1799 28078 I PTCommittedOperation: Receive new configuration for com.google.android.gms.drive
06-30 19:26:24.463  1799 28142 I Auth    : [AuthManaged,PasswordComplexityHelperImpl] Updating password complexity components state.
06-30 19:26:24.463  1799 28142 I Auth    : [AuthManaged,PasswordComplexityHelperImpl] Enabling com.google.android.gms.auth.managed.ui.SetNewPasswordActivity
06-30 19:26:24.482  1799 28134 I Auth    : [AuthManaged,PasswordComplexityHelperImpl] Updating password complexity components state.
06-30 19:26:24.483  1799 28134 I Auth    : [AuthManaged,PasswordComplexityHelperImpl] Enabling com.google.android.gms.auth.managed.ui.SetNewPasswordActivity
06-30 19:26:24.489  2168 28160 I ChromeSync: [Sync,SyncIntentOperation] Handling the intent: Intent { act=com.google.android.gms.phenotype.COMMITTED flg=0x10 pkg=com.google.android.gms cmp=com.google.android.gms/.chimera.GmsIntentOperationService (has extras) }.
06-30 19:26:24.492  2168 28176 I MdiSyncModule: flag handling is skipping irrelevant intent.
06-30 19:26:24.493  2168 28125 W ModuleInitIntentOp: Dropping unexpected action com.google.android.gms.phenotype.COMMITTED
06-30 19:26:24.494  1799 28143 I PTCommittedOperation: Receive new configuration for com.google.android.gms.games
06-30 19:26:24.525  1799 28148 I Auth    : [AuthManaged,PasswordComplexityHelperImpl] Updating password complexity components state.
06-30 19:26:24.525  1799 28148 I Auth    : [AuthManaged,PasswordComplexityHelperImpl] Enabling com.google.android.gms.auth.managed.ui.SetNewPasswordActivity
06-30 19:26:24.539  2168 28160 I MobileDataHub: Scheduling periodic tasks
06-30 19:26:24.542  2168 24583 W MobileDataHub: [Service] appsupload-periodic periodic task disabled
06-30 19:26:24.550  1799 28148 I Auth    : [AuthManaged,PasswordComplexityHelperImpl] Updating password complexity components state.
06-30 19:26:24.551  1799 28148 I Auth    : [AuthManaged,PasswordComplexityHelperImpl] Enabling com.google.android.gms.auth.managed.ui.SetNewPasswordActivity
06-30 19:26:24.558  2168 28176 I ChromeSync: [Sync,SyncIntentOperation] Handling the intent: Intent { act=com.google.android.gms.phenotype.COMMITTED flg=0x10 pkg=com.google.android.gms cmp=com.google.android.gms/.chimera.GmsIntentOperationService (has extras) }.
06-30 19:26:24.561  2168 28160 I MdiSyncModule: flag handling is skipping irrelevant intent.
06-30 19:26:24.562  1799 28134 I PTCommittedOperation: Receive new configuration for com.google.android.gms.droidguard
06-30 19:26:24.565  2168 28179 W ModuleInitIntentOp: Dropping unexpected action com.google.android.gms.phenotype.COMMITTED
06-30 19:26:24.592  1799 28142 I Auth    : [AuthManaged,PasswordComplexityHelperImpl] Updating password complexity components state.
06-30 19:26:24.592  1799 28142 I Auth    : [AuthManaged,PasswordComplexityHelperImpl] Enabling com.google.android.gms.auth.managed.ui.SetNewPasswordActivity
06-30 19:26:24.596  1799 28142 I Auth    : [AuthManaged,PasswordComplexityHelperImpl] Updating password complexity components state.
06-30 19:26:24.596  1799 28142 I Auth    : [AuthManaged,PasswordComplexityHelperImpl] Enabling com.google.android.gms.auth.managed.ui.SetNewPasswordActivity
06-30 19:26:24.623  1799 28143 I Auth    : [AuthManaged,PasswordComplexityHelperImpl] Updating password complexity components state.
06-30 19:26:24.623  1799 28143 I Auth    : [AuthManaged,PasswordComplexityHelperImpl] Enabling com.google.android.gms.auth.managed.ui.SetNewPasswordActivity
06-30 19:26:24.627  1799 28143 I Auth    : [AuthManaged,PasswordComplexityHelperImpl] Updating password complexity components state.
06-30 19:26:24.627  1799 28143 I Auth    : [AuthManaged,PasswordComplexityHelperImpl] Enabling com.google.android.gms.auth.managed.ui.SetNewPasswordActivity
06-30 19:26:24.628  2168 28179 I ChromeSync: [Sync,SyncIntentOperation] Handling the intent: Intent { act=com.google.android.gms.phenotype.COMMITTED flg=0x10 pkg=com.google.android.gms cmp=com.google.android.gms/.chimera.GmsIntentOperationService (has extras) }.
06-30 19:26:24.631  1799 28143 I Auth    : [AuthManaged,PasswordComplexityHelperImpl] Updating password complexity components state.
06-30 19:26:24.631  1799 28143 I Auth    : [AuthManaged,PasswordComplexityHelperImpl] Enabling com.google.android.gms.auth.managed.ui.SetNewPasswordActivity
06-30 19:26:24.634  2168 28179 I MdiSyncModule: flag handling is skipping irrelevant intent.
06-30 19:26:24.634  1799 28078 I Auth    : [AuthManaged,PasswordComplexityHelperImpl] Updating password complexity components state.
06-30 19:26:24.634  1799 28078 I Auth    : [AuthManaged,PasswordComplexityHelperImpl] Enabling com.google.android.gms.auth.managed.ui.SetNewPasswordActivity
06-30 19:26:24.635  2168 28084 W ModuleInitIntentOp: Dropping unexpected action com.google.android.gms.phenotype.COMMITTED
06-30 19:26:24.640  1799 28078 I Auth    : [AuthManaged,PasswordComplexityHelperImpl] Updating password complexity components state.
06-30 19:26:24.640  1799 28078 I Auth    : [AuthManaged,PasswordComplexityHelperImpl] Enabling com.google.android.gms.auth.managed.ui.SetNewPasswordActivity
06-30 19:26:24.646  1799 28148 I PTCommittedOperation: Receive new configuration for com.google.android.gms.smartdevice
06-30 19:26:24.715  1799 28078 I Auth    : [AuthManaged,PasswordComplexityHelperImpl] Updating password complexity components state.
06-30 19:26:24.715  1799 28078 I Auth    : [AuthManaged,PasswordComplexityHelperImpl] Enabling com.google.android.gms.auth.managed.ui.SetNewPasswordActivity
06-30 19:26:24.724  1799 28143 I PTCommittedOperation: Receive new configuration for com.google.android.gms
06-30 19:26:24.724  1799 28143 I PTCommittedOperation: Running Fixer Framework for com.google.android.gms
06-30 19:26:24.770 28196 28196 W dex2oat : Unexpected CPU variant for X86 using defaults: x86
06-30 19:26:24.770 28196 28196 I dex2oat : The ClassLoaderContext is a special shared library.
06-30 19:26:24.770 28196 28196 W dex2oat : Mismatch between dex2oat instruction set features (ISA: X86 Feature string: -ssse3,-sse4.1,-sse4.2,-avx,-avx2,-popcnt) and those of dex2oat executable (ISA: X86 Feature string: ssse3,-sse4.1,-sse4.2,-avx,-avx2,-popcnt) for the command line:
