06-30 19:26:24.770 28196 28196 W dex2oat : /system/bin/dex2oat --instruction-set=x86 --instruction-set-features=ssse3,-sse4.1,-sse4.2,-avx,-avx2,-popcnt --runtime-arg -Xrelocate --boot-image=/system/framework/boot.art --runtime-arg -Xms64m --runtime-arg -Xmx512m --instruction-set-variant=x86 --instruction-set-features=default --dex-file=/data/data/com.google.android.gms/app_dg_cache/75479BB58F4E93754F00A7747C48A2DF1D84E0A9/the.apk --output-vdex-fd=48 --oat-fd=49 --oat-location=/data/data/com.google.android.gms/app_dg_cache/75479BB58F4E93754F00A7747C48A2DF1D84E0A9/oat/x86/the.odex --compiler-filter=quicken --class-loader-context=&
06-30 19:26:24.771 28196 28196 I dex2oat : /system/bin/dex2oat --dex-file=/data/data/com.google.android.gms/app_dg_cache/75479BB58F4E93754F00A7747C48A2DF1D84E0A9/the.apk --output-vdex-fd=48 --oat-fd=49 --oat-location=/data/data/com.google.android.gms/app_dg_cache/75479BB58F4E93754F00A7747C48A2DF1D84E0A9/oat/x86/the.odex --compiler-filter=quicken --class-loader-context=&
06-30 19:26:24.870 28196 28196 I dex2oat : dex2oat took 99.649ms (236.014ms cpu) (threads: 4) arena alloc=4KB (4784B) java alloc=82KB (84320B) native alloc=1370KB (1403032B) free=2MB (2266984B)
06-30 19:26:24.872 28161 28173 I zygote  : The ClassLoaderContext is a special shared library.
06-30 19:26:25.003 28161 28173 D         : HostConnection::get() New Host Connection established 0xda01e680, tid 28173
06-30 19:26:25.007 28161 28173 I zygote  : android::hardware::configstore::V1_0::ISurfaceFlingerConfigs::hasWideColorDisplay retrieved: 0
06-30 19:26:25.008 28161 28173 D EGL_emulation: eglCreateContext: 0xdba8dfe0: maj 3 min 0 rcv 3
06-30 19:26:25.009 28161 28173 D EGL_emulation: eglMakeCurrent: 0xdba8dfe0: ver 3 0 (tinfo 0xc819d750)
06-30 19:26:25.045 28161 28173 I zygote  : android::hardware::configstore::V1_0::ISurfaceFlingerConfigs::hasWideColorDisplay retrieved: 0
06-30 19:26:25.046 28161 28173 D EGL_emulation: eglCreateContext: 0xdba8e1c0: maj 3 min 0 rcv 3
06-30 19:26:25.048 28161 28173 D EGL_emulation: eglMakeCurrent: 0xdba8e1c0: ver 3 0 (tinfo 0xc819d750)
06-30 19:26:25.075 28161 28173 W SystemServiceRegistry: No service published for: persistent_data_block
06-30 19:26:25.144  1390  1390 D TrustyKeymaster: Device received get_key_characteristics
06-30 19:26:25.147  1390  1390 E TrustyKeymaster: calling trusty_keymaster_call insize 299 msg size 303
06-30 19:26:25.147  1390  1390 E TrustyKeymaster: Received 4 byte response
06-30 19:26:25.147  1390  1390 E TrustyKeymaster: Error: Response of size 4 contained error code -33
06-30 19:26:25.166  1551  1551 I keystore: del USRPKEY_unstable.c7202ece89390c490b1b94d5b71225e1.-8708539333222756865 10014
06-30 19:26:25.169  1551  1551 I keystore: del USRSKEY_unstable.c7202ece89390c490b1b94d5b71225e1.-8708539333222756865 10014
06-30 19:26:25.170  1551  1551 I keystore: del USRCERT_unstable.c7202ece89390c490b1b94d5b71225e1.-8708539333222756865 10014
06-30 19:26:25.171  1551  1551 I keystore: del CACERT_unstable.c7202ece89390c490b1b94d5b71225e1.-8708539333222756865 10014
06-30 19:26:25.173  1551  1551 I keystore: del USRPKEY_unstable.c7202ece89390c490b1b94d5b71225e1.265503310718329943 10014
06-30 19:26:25.175  1551  1551 I keystore: del USRSKEY_unstable.c7202ece89390c490b1b94d5b71225e1.265503310718329943 10014
06-30 19:26:25.176  1551  1551 I keystore: del USRCERT_unstable.c7202ece89390c490b1b94d5b71225e1.265503310718329943 10014
06-30 19:26:25.178  1551  1551 I keystore: del CACERT_unstable.c7202ece89390c490b1b94d5b71225e1.265503310718329943 10014
06-30 19:26:25.179  1551  1551 I keystore: del USRPKEY_unstable.c7202ece89390c490b1b94d5b71225e1.1703775184336923446 10014
06-30 19:26:25.182  1551  1551 I keystore: del USRSKEY_unstable.c7202ece89390c490b1b94d5b71225e1.1703775184336923446 10014
06-30 19:26:25.182  1551  1551 I keystore: del USRCERT_unstable.c7202ece89390c490b1b94d5b71225e1.1703775184336923446 10014
06-30 19:26:25.184  1551  1551 I keystore: del CACERT_unstable.c7202ece89390c490b1b94d5b71225e1.1703775184336923446 10014
06-30 19:26:25.186  2168 28123 E cklt    : *~*~*~ Channel {0} was not shutdown properly!!! ~*~*~*
06-30 19:26:25.186  2168 28123 E cklt    :     Make sure to call shutdown()/shutdownNow() and wait until awaitTermination() returns true.
06-30 19:26:25.186  2168 28123 E cklt    : java.lang.RuntimeException: ManagedChannel allocation site
06-30 19:26:25.186  2168 28123 E cklt    : 	at ckls.<init>(:com.google.android.gms@202414022@20.24.14 (040700-319035315):3)
06-30 19:26:25.186  2168 28123 E cklt    : 	at cklt.<init>(:com.google.android.gms@202414022@20.24.14 (040700-319035315):2)
06-30 19:26:25.186  2168 28123 E cklt    : 	at ckfk.b(:com.google.android.gms@202414022@20.24.14 (040700-319035315):21)
06-30 19:26:25.186  2168 28123 E cklt    : 	at sjo.a(:com.google.android.gms@202414022@20.24.14 (040700-319035315):29)
06-30 19:26:25.186  2168 28123 E cklt    : 	at sjo.a(:com.google.android.gms@202414022@20.24.14 (040700-319035315):31)
06-30 19:26:25.186  2168 28123 E cklt    : 	at afty.a(:com.google.android.gms@202414022@20.24.14 (040700-319035315):12)
06-30 19:26:25.186  2168 28123 E cklt    : 	at com.google.android.libraries.matchstick.net.SilentRegisterIntentOperation.a(:com.google.android.gms@202414022@20.24.14 (040700-319035315):186)
06-30 19:26:25.186  2168 28123 E cklt    : 	at com.google.android.libraries.matchstick.net.SilentRegisterIntentOperation.f(:com.google.android.gms@202414022@20.24.14 (040700-319035315):35)
06-30 19:26:25.186  2168 28123 E cklt    : 	at com.google.android.libraries.matchstick.net.SilentRegisterIntentOperation.onHandleIntent(:com.google.android.gms@202414022@20.24.14 (040700-319035315):205)
06-30 19:26:25.186  2168 28123 E cklt    : 	at com.google.android.chimera.IntentOperation.onHandleIntent(:com.google.android.gms@202414022@20.24.14 (040700-319035315):2)
06-30 19:26:25.186  2168 28123 E cklt    : 	at qlx.onHandleIntent(:com.google.android.gms@202414022@20.24.14 (040700-319035315):4)
06-30 19:26:25.186  2168 28123 E cklt    : 	at cuo.run(:com.google.android.gms@202414022@20.24.14 (040700-319035315):5)
06-30 19:26:25.186  2168 28123 E cklt    : 	at cun.run(:com.google.android.gms@202414022@20.24.14 (040700-319035315):10)
06-30 19:26:25.186  2168 28123 E cklt    : 	at java.util.concurrent.ThreadPoolExecutor.runWorker(ThreadPoolExecutor.java:1162)
06-30 19:26:25.186  2168 28123 E cklt    : 	at java.util.concurrent.ThreadPoolExecutor$Worker.run(ThreadPoolExecutor.java:636)
06-30 19:26:25.186  2168 28123 E cklt    : 	at java.lang.Thread.run(Thread.java:764)
06-30 19:26:25.193  1551  1551 I keystore: del USRPKEY_unstable.c7202ece89390c490b1b94d5b71225e1.8066382722536841494 10014
06-30 19:26:25.195  1551  1551 I keystore: del USRSKEY_unstable.c7202ece89390c490b1b94d5b71225e1.8066382722536841494 10014
06-30 19:26:25.195  1551  1551 I keystore: del USRCERT_unstable.c7202ece89390c490b1b94d5b71225e1.8066382722536841494 10014
06-30 19:26:25.195  1551  1551 I keystore: del CACERT_unstable.c7202ece89390c490b1b94d5b71225e1.8066382722536841494 10014
06-30 19:26:25.196  1390  1390 D TrustyKeymaster: Device received add_rng_entropy
06-30 19:26:25.197  1390  1390 E TrustyKeymaster: calling trusty_keymaster_call insize 36 msg size 40
06-30 19:26:25.197  1390  1390 E TrustyKeymaster: Received 4 byte response
06-30 19:26:25.197  1390  1390 D TrustyKeymaster: Device received generate_key
06-30 19:26:25.198  1390  1390 E TrustyKeymaster: calling trusty_keymaster_call insize 54 msg size 58
06-30 19:26:25.199  1390  1390 E TrustyKeymaster: Received 418 byte response
06-30 19:26:25.201  1799  2739 W GLSUser : [DeviceKeyStore] Cannot load key: Device key file not found.
06-30 19:26:25.211  1390  1390 D TrustyKeymaster: Device received get_key_characteristics
06-30 19:26:25.211  1390  1390 E TrustyKeymaster: calling trusty_keymaster_call insize 288 msg size 292
06-30 19:26:25.211  1390  1390 E TrustyKeymaster: Received 142 byte response
06-30 19:26:25.212  1390  1390 D TrustyKeymaster: Device received export_key
06-30 19:26:25.212  1390  1390 E TrustyKeymaster: calling trusty_keymaster_call insize 292 msg size 296
06-30 19:26:25.212  1390  1390 E TrustyKeymaster: Received 99 byte response
06-30 19:26:25.217  1390  1390 D TrustyKeymaster: Device received attest_key
06-30 19:26:25.217  1390  1390 E TrustyKeymaster: calling trusty_keymaster_call insize 471 msg size 475
06-30 19:26:25.220  1390  1390 E TrustyKeymaster: Received 2137 byte response
06-30 19:26:25.280 28161 28191 W SystemServiceRegistry: No service published for: persistent_data_block
06-30 19:26:25.399 28161 28173 I zygote  : android::hardware::configstore::V1_0::ISurfaceFlingerConfigs::hasWideColorDisplay retrieved: 0
06-30 19:26:25.400 28161 28173 D EGL_emulation: eglCreateContext: 0xdba8dfe0: maj 3 min 0 rcv 3
06-30 19:26:25.401 28161 28173 D EGL_emulation: eglMakeCurrent: 0xdba8dfe0: ver 3 0 (tinfo 0xc819d750)
06-30 19:26:25.415  1551  1551 I keystore: del USRPKEY_c5635988b7157a3a 10014
06-30 19:26:25.415  1551  1551 I keystore: del USRSKEY_c5635988b7157a3a 10014
06-30 19:26:25.416  1551  1551 I keystore: del USRCERT_c5635988b7157a3a 10014
06-30 19:26:25.416  1551  1551 I keystore: del CACERT_c5635988b7157a3a 10014
06-30 19:26:25.417  1390  1390 D TrustyKeymaster: Device received add_rng_entropy
06-30 19:26:25.417  1390  1390 E TrustyKeymaster: calling trusty_keymaster_call insize 36 msg size 40
06-30 19:26:25.417  1390  1390 E TrustyKeymaster: Received 4 byte response
06-30 19:26:25.417  1390  1390 D TrustyKeymaster: Device received generate_key
06-30 19:26:25.418  1390  1390 E TrustyKeymaster: calling trusty_keymaster_call insize 49 msg size 53
06-30 19:26:25.418  1390  1390 E TrustyKeymaster: Received 408 byte response
06-30 19:26:25.423  1390  1390 D TrustyKeymaster: Device received get_key_characteristics
06-30 19:26:25.423  1390  1390 E TrustyKeymaster: calling trusty_keymaster_call insize 283 msg size 287
06-30 19:26:25.423  1390  1390 E TrustyKeymaster: Received 137 byte response
06-30 19:26:25.423  1390  1390 D TrustyKeymaster: Device received export_key
06-30 19:26:25.423  1390  1390 E TrustyKeymaster: calling trusty_keymaster_call insize 287 msg size 291
06-30 19:26:25.423  1390  1390 E TrustyKeymaster: Received 99 byte response
06-30 19:26:25.434 28161 28173 I zygote  : android::hardware::configstore::V1_0::ISurfaceFlingerConfigs::hasWideColorDisplay retrieved: 0
06-30 19:26:25.435 28161 28173 D EGL_emulation: eglCreateContext: 0xdba8e340: maj 3 min 0 rcv 3
06-30 19:26:25.437 28161 28173 D EGL_emulation: eglMakeCurrent: 0xdba8e340: ver 3 0 (tinfo 0xc819d750)
06-30 19:26:25.479  1390  1390 D TrustyKeymaster: Device received get_key_characteristics
06-30 19:26:25.479  1390  1390 E TrustyKeymaster: calling trusty_keymaster_call insize 283 msg size 287
06-30 19:26:25.479  1390  1390 E TrustyKeymaster: Received 137 byte response
06-30 19:26:25.480  1390  1390 D TrustyKeymaster: Device received get_key_characteristics
06-30 19:26:25.480  1390  1390 E TrustyKeymaster: calling trusty_keymaster_call insize 283 msg size 287
06-30 19:26:25.480  1390  1390 E TrustyKeymaster: Received 137 byte response
06-30 19:26:25.481  1390  1390 D TrustyKeymaster: Device received begin
06-30 19:26:25.481  1390  1390 E TrustyKeymaster: calling trusty_keymaster_call insize 303 msg size 307
06-30 19:26:25.481  1390  1390 E TrustyKeymaster: Received 24 byte response
06-30 19:26:25.483  1390  1390 D TrustyKeymaster: Device received update
06-30 19:26:25.483  1390  1390 E TrustyKeymaster: calling trusty_keymaster_call insize 204 msg size 208
06-30 19:26:25.483  1390  1390 E TrustyKeymaster: Received 24 byte response
06-30 19:26:25.488  1390  1390 D TrustyKeymaster: Device received add_rng_entropy
06-30 19:26:25.488  1390  1390 E TrustyKeymaster: calling trusty_keymaster_call insize 36 msg size 40
06-30 19:26:25.488  1390  1390 E TrustyKeymaster: Received 4 byte response
06-30 19:26:25.488  1390  1390 E TrustyKeymaster: Device received finish
06-30 19:26:25.488  1390  1390 E TrustyKeymaster: calling trusty_keymaster_call insize 28 msg size 32
06-30 19:26:25.489  1390  1390 E TrustyKeymaster: Received 90 byte response
06-30 19:26:25.489  1390  1390 E TrustyKeymaster: here finish at 619 output data length 70
06-30 19:26:25.489  1390  1390 E TrustyKeymaster: OK here finish at 627
06-30 19:26:25.494  1390  1390 D TrustyKeymaster: Device received get_key_characteristics
06-30 19:26:25.494  1390  1390 E TrustyKeymaster: calling trusty_keymaster_call insize 283 msg size 287
06-30 19:26:25.494  1390  1390 E TrustyKeymaster: Received 137 byte response
06-30 19:26:25.495  1390  1390 D TrustyKeymaster: Device received export_key
06-30 19:26:25.495  1390  1390 E TrustyKeymaster: calling trusty_keymaster_call insize 287 msg size 291
06-30 19:26:25.495  1390  1390 E TrustyKeymaster: Received 99 byte response
06-30 19:26:25.498  1390  1390 D TrustyKeymaster: Device received get_key_characteristics
06-30 19:26:25.498  1390  1390 E TrustyKeymaster: calling trusty_keymaster_call insize 283 msg size 287
06-30 19:26:25.498  1390  1390 E TrustyKeymaster: Received 137 byte response
06-30 19:26:25.499  1390  1390 D TrustyKeymaster: Device received get_key_characteristics
06-30 19:26:25.499  1390  1390 E TrustyKeymaster: calling trusty_keymaster_call insize 283 msg size 287
06-30 19:26:25.499  1390  1390 E TrustyKeymaster: Received 137 byte response
06-30 19:26:25.500  1390  1390 D TrustyKeymaster: Device received begin
06-30 19:26:25.500  1390  1390 E TrustyKeymaster: calling trusty_keymaster_call insize 303 msg size 307
06-30 19:26:25.500  1390  1390 E TrustyKeymaster: Received 24 byte response
06-30 19:26:25.501  1390  1390 D TrustyKeymaster: Device received update
06-30 19:26:25.501  1390  1390 E TrustyKeymaster: calling trusty_keymaster_call insize 40 msg size 44
06-30 19:26:25.502  1390  1390 E TrustyKeymaster: Received 24 byte response
06-30 19:26:25.502  1390  1390 D TrustyKeymaster: Device received update
06-30 19:26:25.502  1390  1390 E TrustyKeymaster: calling trusty_keymaster_call insize 43 msg size 47
06-30 19:26:25.502  1390  1390 E TrustyKeymaster: Received 24 byte response
06-30 19:26:25.503  1390  1390 D TrustyKeymaster: Device received update
06-30 19:26:25.503  1390  1390 E TrustyKeymaster: calling trusty_keymaster_call insize 115 msg size 119
06-30 19:26:25.503  1390  1390 E TrustyKeymaster: Received 24 byte response
06-30 19:26:25.504  1390  1390 D TrustyKeymaster: Device received add_rng_entropy
06-30 19:26:25.504  1390  1390 E TrustyKeymaster: calling trusty_keymaster_call insize 36 msg size 40
06-30 19:26:25.504  1390  1390 E TrustyKeymaster: Received 4 byte response
06-30 19:26:25.504  1390  1390 E TrustyKeymaster: Device received finish
06-30 19:26:25.504  1390  1390 E TrustyKeymaster: calling trusty_keymaster_call insize 28 msg size 32
06-30 19:26:25.504  1390  1390 E TrustyKeymaster: Received 91 byte response
06-30 19:26:25.504  1390  1390 E TrustyKeymaster: here finish at 619 output data length 71
06-30 19:26:25.504  1390  1390 E TrustyKeymaster: OK here finish at 627
06-30 19:26:25.519 28161 28191 D         : HostConnection::get() New Host Connection established 0xdbd88a00, tid 28191
06-30 19:26:25.520 28161 28191 I zygote  : android::hardware::configstore::V1_0::ISurfaceFlingerConfigs::hasWideColorDisplay retrieved: 0
06-30 19:26:25.521 28161 28191 D EGL_emulation: eglCreateContext: 0xdbd859c0: maj 3 min 0 rcv 3
06-30 19:26:25.522 28161 28191 D EGL_emulation: eglMakeCurrent: 0xdbd859c0: ver 3 0 (tinfo 0xdbd83e80)
06-30 19:26:25.563 28161 28191 I zygote  : android::hardware::configstore::V1_0::ISurfaceFlingerConfigs::hasWideColorDisplay retrieved: 0
06-30 19:26:25.564 28161 28191 D EGL_emulation: eglCreateContext: 0xdbd85ae0: maj 3 min 0 rcv 3
06-30 19:26:25.565 28161 28191 D EGL_emulation: eglMakeCurrent: 0xdbd85ae0: ver 3 0 (tinfo 0xdbd83e80)
06-30 19:26:25.596 28161 28173 W SystemServiceRegistry: No service published for: persistent_data_block
06-30 19:26:25.827  1799  2739 W Conscrypt: Could not set socket write timeout: java.net.SocketException: Socket closed
06-30 19:26:25.828  1799  2739 W Conscrypt: 	at com.google.android.gms.org.conscrypt.Platform.setSocketWriteTimeout(:com.google.android.gms@202414022@20.24.14 (040700-319035315):2)
06-30 19:26:25.828  1799  2739 W Conscrypt: 	at com.google.android.gms.org.conscrypt.ConscryptFileDescriptorSocket.setSoWriteTimeout(:com.google.android.gms@202414022@20.24.14 (040700-319035315):0)
06-30 19:26:25.862  1799  2739 W Conscrypt: Could not set socket write timeout: java.net.SocketException: Socket closed
06-30 19:26:25.863  1799  2739 W Conscrypt: 	at com.google.android.gms.org.conscrypt.Platform.setSocketWriteTimeout(:com.google.android.gms@202414022@20.24.14 (040700-319035315):2)
06-30 19:26:25.863  1799  2739 W Conscrypt: 	at com.google.android.gms.org.conscrypt.ConscryptFileDescriptorSocket.setSoWriteTimeout(:com.google.android.gms@202414022@20.24.14 (040700-319035315):0)
06-30 19:26:25.870  1390  1390 D TrustyKeymaster: Device received get_key_characteristics
06-30 19:26:25.870  1390  1390 E TrustyKeymaster: calling trusty_keymaster_call insize 299 msg size 303
06-30 19:26:25.870  1390  1390 E TrustyKeymaster: Received 4 byte response
06-30 19:26:25.870  1390  1390 E TrustyKeymaster: Error: Response of size 4 contained error code -33
06-30 19:26:25.872  1551  1551 I keystore: del USRPKEY_unstable.c7202ece89390c490b1b94d5b71225e1.1156710179465952413 10014
06-30 19:26:25.872  1551  1551 I keystore: del USRSKEY_unstable.c7202ece89390c490b1b94d5b71225e1.1156710179465952413 10014
06-30 19:26:25.872  1551  1551 I keystore: del USRCERT_unstable.c7202ece89390c490b1b94d5b71225e1.1156710179465952413 10014
06-30 19:26:25.872  1551  1551 I keystore: del CACERT_unstable.c7202ece89390c490b1b94d5b71225e1.1156710179465952413 10014
06-30 19:26:25.873  1390  1390 D TrustyKeymaster: Device received add_rng_entropy
06-30 19:26:25.873  1390  1390 E TrustyKeymaster: calling trusty_keymaster_call insize 36 msg size 40
06-30 19:26:25.873  1390  1390 E TrustyKeymaster: Received 4 byte response
06-30 19:26:25.873  1390  1390 D TrustyKeymaster: Device received generate_key
06-30 19:26:25.873  1390  1390 E TrustyKeymaster: calling trusty_keymaster_call insize 54 msg size 58
06-30 19:26:25.874  1390  1390 E TrustyKeymaster: Received 418 byte response
06-30 19:26:25.879  1390  1390 D TrustyKeymaster: Device received get_key_characteristics
06-30 19:26:25.879  1390  1390 E TrustyKeymaster: calling trusty_keymaster_call insize 288 msg size 292
06-30 19:26:25.880  1390  1390 E TrustyKeymaster: Received 142 byte response
06-30 19:26:25.880  1390  1390 D TrustyKeymaster: Device received export_key
06-30 19:26:25.880  1390  1390 E TrustyKeymaster: calling trusty_keymaster_call insize 292 msg size 296
06-30 19:26:25.880  1390  1390 E TrustyKeymaster: Received 99 byte response
06-30 19:26:25.882  1390  1390 D TrustyKeymaster: Device received attest_key
06-30 19:26:25.882  1390  1390 E TrustyKeymaster: calling trusty_keymaster_call insize 471 msg size 475
06-30 19:26:25.882  1390  1390 E TrustyKeymaster: Received 2137 byte response
06-30 19:26:25.892 28161 28191 W SystemServiceRegistry: No service published for: persistent_data_block
06-30 19:26:25.921  1799  2739 W GLSUser : [AppCertManager] IOException while requesting key: 
06-30 19:26:25.921  1799  2739 W GLSUser : java.io.IOException: Invalid device key response.
06-30 19:26:25.921  1799  2739 W GLSUser : 	at hwy.a(:com.google.android.gms@202414022@20.24.14 (040700-319035315):49)
06-30 19:26:25.921  1799  2739 W GLSUser : 	at hww.a(:com.google.android.gms@202414022@20.24.14 (040700-319035315):5)
06-30 19:26:25.921  1799  2739 W GLSUser : 	at hww.a(:com.google.android.gms@202414022@20.24.14 (040700-319035315):46)
06-30 19:26:25.921  1799  2739 W GLSUser : 	at cpc.onTransact(:com.google.android.gms@202414022@20.24.14 (040700-319035315):5)
06-30 19:26:25.921  1799  2739 W GLSUser : 	at android.os.Binder.transact(Binder.java:627)
06-30 19:26:25.921  1799  2739 W GLSUser : 	at cta.onTransact(:com.google.android.gms@202414022@20.24.14 (040700-319035315):2)
06-30 19:26:25.921  1799  2739 W GLSUser : 	at android.os.Binder.transact(Binder.java:627)
06-30 19:26:25.921  1799  2739 W GLSUser : 	at aaeo.onTransact(:com.google.android.gms@202414022@20.24.14 (040700-319035315):17)
06-30 19:26:25.921  1799  2739 W GLSUser : 	at android.os.Binder.execTransact(Binder.java:697)
06-30 19:26:25.921  1799  2739 W GLSUser : [DeviceKeyStore] Cannot load key: Device key file not found.
06-30 19:26:25.955 28161 28191 I zygote  : android::hardware::configstore::V1_0::ISurfaceFlingerConfigs::hasWideColorDisplay retrieved: 0
06-30 19:26:25.956 28161 28191 D EGL_emulation: eglCreateContext: 0xdbd857e0: maj 3 min 0 rcv 3
06-30 19:26:25.958 28161 28191 D EGL_emulation: eglMakeCurrent: 0xdbd857e0: ver 3 0 (tinfo 0xdbd83e80)
06-30 19:26:25.980 28161 28191 I zygote  : android::hardware::configstore::V1_0::ISurfaceFlingerConfigs::hasWideColorDisplay retrieved: 0
06-30 19:26:25.980 28161 28191 D EGL_emulation: eglCreateContext: 0xdbd85f00: maj 3 min 0 rcv 3
06-30 19:26:25.981 28161 28191 D EGL_emulation: eglMakeCurrent: 0xdbd85f00: ver 3 0 (tinfo 0xdbd83e80)
06-30 19:26:25.982  2168 19626 W Conscrypt: Could not set socket write timeout: java.net.SocketException: Socket closed
06-30 19:26:25.982  2168 19626 W Conscrypt: 	at com.google.android.gms.org.conscrypt.Platform.setSocketWriteTimeout(:com.google.android.gms@202414022@20.24.14 (040700-319035315):2)
06-30 19:26:25.982  2168 19626 W Conscrypt: 	at com.google.android.gms.org.conscrypt.ConscryptFileDescriptorSocket.setSoWriteTimeout(:com.google.android.gms@202414022@20.24.14 (040700-319035315):0)
06-30 19:26:26.002  1390  1390 D TrustyKeymaster: Device received get_key_characteristics
06-30 19:26:26.002  1390  1390 E TrustyKeymaster: calling trusty_keymaster_call insize 283 msg size 287
06-30 19:26:26.002  1390  1390 E TrustyKeymaster: Received 137 byte response
06-30 19:26:26.002  1390  1390 D TrustyKeymaster: Device received export_key
06-30 19:26:26.003  1390  1390 E TrustyKeymaster: calling trusty_keymaster_call insize 287 msg size 291
06-30 19:26:26.003  1390  1390 E TrustyKeymaster: Received 99 byte response
06-30 19:26:26.004  1390  1390 D TrustyKeymaster: Device received get_key_characteristics
06-30 19:26:26.004  1390  1390 E TrustyKeymaster: calling trusty_keymaster_call insize 283 msg size 287
06-30 19:26:26.004  1390  1390 E TrustyKeymaster: Received 137 byte response
06-30 19:26:26.005  1390  1390 D TrustyKeymaster: Device received get_key_characteristics
06-30 19:26:26.005  1390  1390 E TrustyKeymaster: calling trusty_keymaster_call insize 283 msg size 287
06-30 19:26:26.005  1390  1390 E TrustyKeymaster: Received 137 byte response
06-30 19:26:26.006  1390  1390 D TrustyKeymaster: Device received begin
06-30 19:26:26.006  1390  1390 E TrustyKeymaster: calling trusty_keymaster_call insize 303 msg size 307
06-30 19:26:26.006  1390  1390 E TrustyKeymaster: Received 24 byte response
06-30 19:26:26.008  1390  1390 D TrustyKeymaster: Device received update
06-30 19:26:26.008  1390  1390 E TrustyKeymaster: calling trusty_keymaster_call insize 40 msg size 44
06-30 19:26:26.008  1390  1390 E TrustyKeymaster: Received 24 byte response
06-30 19:26:26.008  1390  1390 D TrustyKeymaster: Device received update
06-30 19:26:26.008  1390  1390 E TrustyKeymaster: calling trusty_keymaster_call insize 43 msg size 47
06-30 19:26:26.008  1390  1390 E TrustyKeymaster: Received 24 byte response
06-30 19:26:26.009  1390  1390 D TrustyKeymaster: Device received update
06-30 19:26:26.009  1390  1390 E TrustyKeymaster: calling trusty_keymaster_call insize 115 msg size 119
06-30 19:26:26.009  1390  1390 E TrustyKeymaster: Received 24 byte response
06-30 19:26:26.009  1390  1390 D TrustyKeymaster: Device received add_rng_entropy
06-30 19:26:26.009  1390  1390 E TrustyKeymaster: calling trusty_keymaster_call insize 36 msg size 40
06-30 19:26:26.010  1390  1390 E TrustyKeymaster: Received 4 byte response
06-30 19:26:26.010  1390  1390 E TrustyKeymaster: Device received finish
06-30 19:26:26.010  1390  1390 E TrustyKeymaster: calling trusty_keymaster_call insize 28 msg size 32
06-30 19:26:26.011  1390  1390 E TrustyKeymaster: Received 92 byte response
06-30 19:26:26.012  1390  1390 E TrustyKeymaster: here finish at 619 output data length 72
06-30 19:26:26.012  1390  1390 E TrustyKeymaster: OK here finish at 627
06-30 19:26:26.036  2168 19626 W Conscrypt: Could not set socket write timeout: java.net.SocketException: Socket closed
06-30 19:26:26.036  2168 19626 W Conscrypt: 	at com.google.android.gms.org.conscrypt.Platform.setSocketWriteTimeout(:com.google.android.gms@202414022@20.24.14 (040700-319035315):2)
06-30 19:26:26.036  2168 19626 W Conscrypt: 	at com.google.android.gms.org.conscrypt.ConscryptFileDescriptorSocket.setSoWriteTimeout(:com.google.android.gms@202414022@20.24.14 (040700-319035315):0)
06-30 19:26:26.102  2168 28123 E MS_RegisterService: Exception during register request.
06-30 19:26:26.102  2168 28123 E MS_RegisterService: ckdr: UNAUTHENTICATED: Request is missing required authentication credential. Expected OAuth 2 access token, login cookie or other valid authentication credential. See https://developers.google.com/identity/sign-in/web/devconsole-project.
06-30 19:26:26.102  2168 28123 E MS_RegisterService: 	at ckdq.c(:com.google.android.gms@202414022@20.24.14 (040700-319035315):3)
06-30 19:26:26.102  2168 28123 E MS_RegisterService: 	at sjo.a(:com.google.android.gms@202414022@20.24.14 (040700-319035315):48)
06-30 19:26:26.102  2168 28123 E MS_RegisterService: 	at afty.b(:com.google.android.gms@202414022@20.24.14 (040700-319035315):6)
06-30 19:26:26.102  2168 28123 E MS_RegisterService: 	at com.google.android.libraries.matchstick.net.SilentRegisterIntentOperation.a(:com.google.android.gms@202414022@20.24.14 (040700-319035315):185)
06-30 19:26:26.102  2168 28123 E MS_RegisterService: 	at com.google.android.libraries.matchstick.net.SilentRegisterIntentOperation.f(:com.google.android.gms@202414022@20.24.14 (040700-319035315):35)
06-30 19:26:26.102  2168 28123 E MS_RegisterService: 	at com.google.android.libraries.matchstick.net.SilentRegisterIntentOperation.onHandleIntent(:com.google.android.gms@202414022@20.24.14 (040700-319035315):205)
06-30 19:26:26.102  2168 28123 E MS_RegisterService: 	at com.google.android.chimera.IntentOperation.onHandleIntent(:com.google.android.gms@202414022@20.24.14 (040700-319035315):2)
06-30 19:26:26.102  2168 28123 E MS_RegisterService: 	at qlx.onHandleIntent(:com.google.android.gms@202414022@20.24.14 (040700-319035315):4)
06-30 19:26:26.102  2168 28123 E MS_RegisterService: 	at cuo.run(:com.google.android.gms@202414022@20.24.14 (040700-319035315):5)
06-30 19:26:26.102  2168 28123 E MS_RegisterService: 	at cun.run(:com.google.android.gms@202414022@20.24.14 (040700-319035315):10)
06-30 19:26:26.102  2168 28123 E MS_RegisterService: 	at java.util.concurrent.ThreadPoolExecutor.runWorker(ThreadPoolExecutor.java:1162)
06-30 19:26:26.102  2168 28123 E MS_RegisterService: 	at java.util.concurrent.ThreadPoolExecutor$Worker.run(ThreadPoolExecutor.java:636)
06-30 19:26:26.102  2168 28123 E MS_RegisterService: 	at java.lang.Thread.run(Thread.java:764)
06-30 19:26:26.149  2168 28130 W zygote  : Long monitor contention with owner [com.google.android.gms.chimera.GmsIntentOperationService$ChimeraService-Executor] processing qlx for action com.google.android.gms.matchstick.register_intent_action (28123) at void java.lang.Object.wait(long, int)(Object.java:-2) waiters=0 in void cuo.run() for 2.720s
06-30 19:26:26.149 28161 28166 I zygote  : Do partial code cache collection, code=43KB, data=40KB
06-30 19:26:26.149 28161 28166 I zygote  : After code cache collection, code=43KB, data=40KB
06-30 19:26:26.149 28161 28166 I zygote  : Increasing code cache capacity to 256KB
06-30 19:26:26.159  2168 28130 I MS_RegisterService: checking registration with Lighter
06-30 19:26:26.552  1675  1690 W BroadcastQueue: Background execution not allowed: receiving Intent { act=android.intent.action.DROPBOX_ENTRY_ADDED flg=0x10 (has extras) } to com.google.android.gms/.stats.service.DropBoxEntryAddedReceiver
06-30 19:26:26.553  1675  1690 W BroadcastQueue: Background execution not allowed: receiving Intent { act=android.intent.action.DROPBOX_ENTRY_ADDED flg=0x10 (has extras) } to com.google.android.gms/.chimera.GmsIntentOperationService$PersistentTrustedReceiver
06-30 19:26:26.811 28217 28217 D AndroidRuntime: >>>>>> START com.android.internal.os.RuntimeInit uid 2000 <<<<<<
06-30 19:26:26.975  1451  1451 I boot-pipe: done populating /dev/random
06-30 19:26:26.987 28217 28217 W app_process: Unexpected CPU variant for X86 using defaults: x86
06-30 19:26:26.989 28217 28217 I app_process: The ClassLoaderContext is a special shared library.
06-30 19:26:26.990 28217 28217 I app_process: The ClassLoaderContext is a special shared library.
06-30 19:26:27.004 28217 28217 D AndroidRuntime: Calling main entry com.android.commands.uiautomator.Launcher
06-30 19:26:28.035 28217 28217 W AccessibilityNodeInfoDumper: Fetch time: 11ms
06-30 19:26:28.036  1675  3753 W WindowManager: removeWindowToken: Attempted to remove non-existing token: android.os.Binder@1cc24d9
06-30 19:26:28.041 28217 28217 D AndroidRuntime: Shutting down VM
06-30 19:26:30.331 28232 28232 D AndroidRuntime: >>>>>> START com.android.internal.os.RuntimeInit uid 2000 <<<<<<
06-30 19:26:30.504 28232 28232 W app_process: Unexpected CPU variant for X86 using defaults: x86
06-30 19:26:30.508 28232 28232 I app_process: The ClassLoaderContext is a special shared library.
06-30 19:26:30.508 28232 28232 I app_process: The ClassLoaderContext is a special shared library.
06-30 19:26:30.523 28232 28232 D AndroidRuntime: Calling main entry com.android.commands.uiautomator.Launcher
06-30 19:26:31.546 28232 28232 I app_process: Deoptimizing java.lang.String com.android.uiautomator.core.AccessibilityNodeInfoDumper.stripInvalidXMLChars(java.lang.CharSequence) due to JIT inline cache
06-30 19:26:31.550 28232 28232 W AccessibilityNodeInfoDumper: Fetch time: 6ms
06-30 19:26:31.550  1675  1987 W WindowManager: removeWindowToken: Attempted to remove non-existing token: android.os.Binder@7b0b29b
06-30 19:26:31.554 28232 28232 D AndroidRuntime: Shutting down VM
06-30 19:26:31.775 28250 28250 D AndroidRuntime: >>>>>> START com.android.internal.os.RuntimeInit uid 2000 <<<<<<
06-30 19:26:31.805 28250 28250 W app_process: Unexpected CPU variant for X86 using defaults: x86
06-30 19:26:31.806 28250 28250 I app_process: The ClassLoaderContext is a special shared library.
06-30 19:26:31.806 28250 28250 I app_process: The ClassLoaderContext is a special shared library.
06-30 19:26:31.818 28250 28250 D AndroidRuntime: Calling main entry com.android.commands.uiautomator.Launcher
06-30 19:26:32.186  1675  1744 I InputReader: Reconfiguring input devices.  changes=0x00000010
06-30 19:26:32.225  2168  2961 I Icing   : IndexChimeraService.getServiceInterface callingPackage=com.google.android.gms componentName=AppsCorpus serviceId=36
06-30 19:26:32.245  2168 24499 I Icing   : updateResources: need to parse acek{com.google.android.gms}
06-30 19:26:32.249  1675  1675 I Telecom : DefaultDialerCache: Refreshing default dialer for user 0: now com.google.android.dialer: DDC.oR@AWk
06-30 19:26:32.251  1799 28271 I Fitness : FitCleanupIntentOperation received Intent android.intent.action.PACKAGE_CHANGED [CONTEXT service_id=17 ]
06-30 19:26:32.255  1799 28143 I Fitness : OnPackageChangedOperation got intent: Intent { act=android.intent.action.PACKAGE_CHANGED dat=package:com.google.android.gms flg=0x45000010 cmp=com.google.android.gms/.chimera.PersistentIntentOperationService (has extras) } [CONTEXT service_id=17 ]
06-30 19:26:32.266 24452 28263 I ProvidersCache: Provider returned no roots. Possibly naughty: com.google.android.apps.docs.storage
06-30 19:26:32.268  1948  1948 D CarrierSvcBindHelper: No carrier app for: 0
06-30 19:26:32.268  1948  1948 D ImsResolver: maybeAddedImsService, packageName: com.google.android.gms
06-30 19:26:32.308  1799  1799 I zygote  : Deoptimizing boolean aejf.b(android.content.Context) due to JIT inline cache
06-30 19:26:32.326  2168 24499 W Icing   : No valid account for uploading user actions
06-30 19:26:32.329  1675  1689 W Binder  : Outgoing transactions from this process must be FLAG_ONEWAY
06-30 19:26:32.329  1675  1689 W Binder  : java.lang.Throwable
06-30 19:26:32.329  1675  1689 W Binder  : 	at android.os.BinderProxy.transact(Binder.java:752)
06-30 19:26:32.329  1675  1689 W Binder  : 	at com.android.internal.location.ILocationProvider$Stub$Proxy.getProperties(ILocationProvider.java:232)
06-30 19:26:32.329  1675  1689 W Binder  : 	at com.android.server.location.LocationProviderProxy$1.run(LocationProviderProxy.java:119)
06-30 19:26:32.329  1675  1689 W Binder  : 	at android.os.Handler.handleCallback(Handler.java:790)
06-30 19:26:32.329  1675  1689 W Binder  : 	at android.os.Handler.dispatchMessage(Handler.java:99)
06-30 19:26:32.329  1675  1689 W Binder  : 	at android.os.Looper.loop(Looper.java:164)
06-30 19:26:32.329  1675  1689 W Binder  : 	at android.os.HandlerThread.run(HandlerThread.java:65)
06-30 19:26:32.329  1675  1689 W Binder  : Outgoing transactions from this process must be FLAG_ONEWAY
06-30 19:26:32.329  1675  1689 W Binder  : java.lang.Throwable
06-30 19:26:32.329  1675  1689 W Binder  : 	at android.os.BinderProxy.transact(Binder.java:752)
06-30 19:26:32.329  1675  1689 W Binder  : 	at com.android.internal.location.ILocationProvider$Stub$Proxy.getProperties(ILocationProvider.java:232)
06-30 19:26:32.329  1675  1689 W Binder  : 	at com.android.server.location.LocationProviderProxy$1.run(LocationProviderProxy.java:119)
06-30 19:26:32.329  1675  1689 W Binder  : 	at android.os.Handler.handleCallback(Handler.java:790)
06-30 19:26:32.329  1675  1689 W Binder  : 	at android.os.Handler.dispatchMessage(Handler.java:99)
06-30 19:26:32.329  1675  1689 W Binder  : 	at android.os.Looper.loop(Looper.java:164)
06-30 19:26:32.329  1675  1689 W Binder  : 	at android.os.HandlerThread.run(HandlerThread.java:65)
06-30 19:26:32.336  2168  2961 I Icing   : IndexChimeraService.getServiceInterface callingPackage=com.google.android.gms componentName=null serviceId=30
06-30 19:26:32.341  2168 24499 I Icing   : Usage reports ok 0, Failed Usage reports 0, indexed 0, rejected 0
06-30 19:26:32.342  2168 24499 W Icing   : No valid account for uploading user actions
06-30 19:26:32.346  2168 24499 I Icing   : Usage reports ok 0, Failed Usage reports 0, indexed 0, rejected 0
06-30 19:26:32.347  2168 24499 I Icing   : Indexing com.google.android.gms-apps from com.google.android.gms
06-30 19:26:32.350  2168 24499 I Icing   : Indexing done com.google.android.gms-apps
06-30 19:26:32.845 28250 28250 I app_process: Deoptimizing java.lang.String com.android.uiautomator.core.AccessibilityNodeInfoDumper.stripInvalidXMLChars(java.lang.CharSequence) due to JIT inline cache
06-30 19:26:32.853 28250 28250 W AccessibilityNodeInfoDumper: Fetch time: 15ms
06-30 19:26:32.854  1675  3753 W WindowManager: removeWindowToken: Attempted to remove non-existing token: android.os.Binder@2dc9611
06-30 19:26:32.871 28250 28250 D AndroidRuntime: Shutting down VM
06-30 19:26:33.284  2168 28267 I Vision  : Requesting optional module download of ocr.
06-30 19:26:33.284  2168 28267 I Vision  : Checking for download completion for 15279547 -- ocr
06-30 19:26:33.295 25033 25067 W native  : jpeg_io.cc:108 File's first two bytes does not match the sequence 216
06-30 19:26:33.421 28278 28278 D AndroidRuntime: >>>>>> START com.android.internal.os.RuntimeInit uid 2000 <<<<<<
06-30 19:26:33.528 28278 28278 W app_process: Unexpected CPU variant for X86 using defaults: x86
06-30 19:26:33.530 28278 28278 I app_process: The ClassLoaderContext is a special shared library.
06-30 19:26:33.531 28278 28278 I app_process: The ClassLoaderContext is a special shared library.
06-30 19:26:33.564 28278 28278 D AndroidRuntime: Calling main entry com.android.commands.uiautomator.Launcher
06-30 19:26:34.597 28278 28278 I app_process: Deoptimizing java.lang.String com.android.uiautomator.core.AccessibilityNodeInfoDumper.stripInvalidXMLChars(java.lang.CharSequence) due to JIT inline cache
06-30 19:26:34.600 28278 28278 W AccessibilityNodeInfoDumper: Fetch time: 8ms
06-30 19:26:34.601  1675  2447 W WindowManager: removeWindowToken: Attempted to remove non-existing token: android.os.Binder@7c7e488
06-30 19:26:34.608 28278 28278 D AndroidRuntime: Shutting down VM
06-30 19:26:34.871 28296 28296 D AndroidRuntime: >>>>>> START com.android.internal.os.RuntimeInit uid 2000 <<<<<<
06-30 19:26:34.921 28296 28296 W app_process: Unexpected CPU variant for X86 using defaults: x86
06-30 19:26:34.923 28296 28296 I app_process: The ClassLoaderContext is a special shared library.
06-30 19:26:34.924 28296 28296 I app_process: The ClassLoaderContext is a special shared library.
06-30 19:26:34.937 28296 28296 D AndroidRuntime: Calling main entry com.android.commands.uiautomator.Launcher
06-30 19:26:35.961 28296 28296 I app_process: Deoptimizing java.lang.String com.android.uiautomator.core.AccessibilityNodeInfoDumper.stripInvalidXMLChars(java.lang.CharSequence) due to JIT inline cache
06-30 19:26:35.964 28296 28296 W AccessibilityNodeInfoDumper: Fetch time: 7ms
06-30 19:26:35.964  1675  2447 W WindowManager: removeWindowToken: Attempted to remove non-existing token: android.os.Binder@f169cd2
06-30 19:26:35.971 28296 28296 D AndroidRuntime: Shutting down VM
06-30 19:26:36.206 28313 28313 D AndroidRuntime: >>>>>> START com.android.internal.os.RuntimeInit uid 2000 <<<<<<
06-30 19:26:36.256 28313 28313 W app_process: Unexpected CPU variant for X86 using defaults: x86
06-30 19:26:36.258 28313 28313 I app_process: The ClassLoaderContext is a special shared library.
06-30 19:26:36.258 28313 28313 I app_process: The ClassLoaderContext is a special shared library.
06-30 19:26:36.273 28313 28313 D AndroidRuntime: Calling main entry com.android.commands.uiautomator.Launcher
06-30 19:26:37.296 28313 28313 I app_process: Deoptimizing java.lang.String com.android.uiautomator.core.AccessibilityNodeInfoDumper.stripInvalidXMLChars(java.lang.CharSequence) due to JIT inline cache
06-30 19:26:37.299 28313 28313 W AccessibilityNodeInfoDumper: Fetch time: 7ms
06-30 19:26:37.299  1675  1987 W WindowManager: removeWindowToken: Attempted to remove non-existing token: android.os.Binder@f5cbca0
06-30 19:26:37.317 28313 28313 D AndroidRuntime: Shutting down VM
06-30 19:26:37.541 28330 28330 D AndroidRuntime: >>>>>> START com.android.internal.os.RuntimeInit uid 2000 <<<<<<
06-30 19:26:37.543 28330 28330 W app_process: Could not reserve sentinel fault page
06-30 19:26:37.576 28330 28330 W app_process: Unexpected CPU variant for X86 using defaults: x86
06-30 19:26:37.580 28330 28330 I app_process: The ClassLoaderContext is a special shared library.
06-30 19:26:37.580 28330 28330 I app_process: The ClassLoaderContext is a special shared library.
06-30 19:26:37.593 28330 28330 D AndroidRuntime: Calling main entry com.android.commands.uiautomator.Launcher
06-30 19:26:38.620 28330 28330 I app_process: Deoptimizing java.lang.String com.android.uiautomator.core.AccessibilityNodeInfoDumper.stripInvalidXMLChars(java.lang.CharSequence) due to JIT inline cache
06-30 19:26:38.622 28330 28330 W AccessibilityNodeInfoDumper: Fetch time: 4ms
06-30 19:26:38.622  1675  1987 W WindowManager: removeWindowToken: Attempted to remove non-existing token: android.os.Binder@79db41e
06-30 19:26:38.632 28330 28330 D AndroidRuntime: Shutting down VM
06-30 19:26:38.855 28348 28348 D AndroidRuntime: >>>>>> START com.android.internal.os.RuntimeInit uid 2000 <<<<<<
06-30 19:26:38.857 28348 28348 W app_process: Could not reserve sentinel fault page
06-30 19:26:38.887 28348 28348 W app_process: Unexpected CPU variant for X86 using defaults: x86
06-30 19:26:38.889 28348 28348 I app_process: The ClassLoaderContext is a special shared library.
06-30 19:26:38.890 28348 28348 I app_process: The ClassLoaderContext is a special shared library.
06-30 19:26:38.901 28348 28348 D AndroidRuntime: Calling main entry com.android.commands.uiautomator.Launcher
06-30 19:26:39.927 28348 28348 I app_process: Deoptimizing java.lang.String com.android.uiautomator.core.AccessibilityNodeInfoDumper.stripInvalidXMLChars(java.lang.CharSequence) due to JIT inline cache
06-30 19:26:39.930 28348 28348 W AccessibilityNodeInfoDumper: Fetch time: 5ms
06-30 19:26:39.931  1675  2520 W WindowManager: removeWindowToken: Attempted to remove non-existing token: android.os.Binder@8e102cc
06-30 19:26:39.938 28348 28348 D AndroidRuntime: Shutting down VM
06-30 19:26:40.165 28366 28366 D AndroidRuntime: >>>>>> START com.android.internal.os.RuntimeInit uid 2000 <<<<<<
06-30 19:26:40.198 28366 28366 W app_process: Unexpected CPU variant for X86 using defaults: x86
06-30 19:26:40.200 28366 28366 I app_process: The ClassLoaderContext is a special shared library.
06-30 19:26:40.201 28366 28366 I app_process: The ClassLoaderContext is a special shared library.
06-30 19:26:40.212 28366 28366 D AndroidRuntime: Calling main entry com.android.commands.uiautomator.Launcher
06-30 19:26:41.233 28366 28366 I app_process: Deoptimizing java.lang.String com.android.uiautomator.core.AccessibilityNodeInfoDumper.stripInvalidXMLChars(java.lang.CharSequence) due to JIT inline cache
06-30 19:26:41.236 28366 28366 W AccessibilityNodeInfoDumper: Fetch time: 5ms
06-30 19:26:41.238  1675  2520 W WindowManager: removeWindowToken: Attempted to remove non-existing token: android.os.Binder@ecf42a
06-30 19:26:41.248 28366 28366 D AndroidRuntime: Shutting down VM
06-30 19:26:41.250  1675  1693 I WifiService: requestActivityInfo uid=1000
06-30 19:26:41.250  1675  1693 I WifiService: reportActivityInfo uid=1000
06-30 19:26:41.250  1675  1693 I WifiService: getSupportedFeatures uid=1000
06-30 19:26:41.471 28385 28385 D AndroidRuntime: >>>>>> START com.android.internal.os.RuntimeInit uid 2000 <<<<<<
06-30 19:26:41.502 28385 28385 W app_process: Unexpected CPU variant for X86 using defaults: x86
06-30 19:26:41.504 28385 28385 I app_process: The ClassLoaderContext is a special shared library.
06-30 19:26:41.504 28385 28385 I app_process: The ClassLoaderContext is a special shared library.
06-30 19:26:41.517 28385 28385 D AndroidRuntime: Calling main entry com.android.commands.uiautomator.Launcher
06-30 19:26:42.238  1799  2716 W Nearby  : Failed attempt #3 out of 3 for RestoreDeviceName [CONTEXT service_id=49 ]
06-30 19:26:42.238  1799  2716 W Nearby  : java.lang.IllegalStateException: BluetoothAdapter not ready yet!
06-30 19:26:42.238  1799  2716 W Nearby  : 	at ajpy.d(:com.google.android.gms@202414022@20.24.14 (040700-319035315):2)
06-30 19:26:42.238  1799  2716 W Nearby  : 	at ajpx.run(Unknown Source:0)
06-30 19:26:42.238  1799  2716 W Nearby  : 	at bwuj.call(Unknown Source:0)
06-30 19:26:42.238  1799  2716 W Nearby  : 	at bwuo.a(:com.google.android.gms@202414022@20.24.14 (040700-319035315):2)
06-30 19:26:42.238  1799  2716 W Nearby  : 	at bwuo.a(:com.google.android.gms@202414022@20.24.14 (040700-319035315):9)
06-30 19:26:42.238  1799  2716 W Nearby  : 	at ajpw.run(Unknown Source:0)
06-30 19:26:42.238  1799  2716 W Nearby  : 	at java.lang.Thread.run(Thread.java:764)
06-30 19:26:42.238  1799  2716 W Nearby  : 	at sow.run(Unknown Source:0)
06-30 19:26:42.238  1799  2716 W Nearby  : 	at java.util.concurrent.ThreadPoolExecutor.runWorker(ThreadPoolExecutor.java:1162)
06-30 19:26:42.238  1799  2716 W Nearby  : 	at java.util.concurrent.ThreadPoolExecutor$Worker.run(ThreadPoolExecutor.java:636)
06-30 19:26:42.238  1799  2716 W Nearby  : 	at sux.run(:com.google.android.gms@202414022@20.24.14 (040700-319035315):0)
06-30 19:26:42.238  1799  2716 W Nearby  : 	at java.lang.Thread.run(Thread.java:764)
06-30 19:26:42.540 28385 28385 I app_process: Deoptimizing java.lang.String com.android.uiautomator.core.AccessibilityNodeInfoDumper.stripInvalidXMLChars(java.lang.CharSequence) due to JIT inline cache
06-30 19:26:42.542 28385 28385 W AccessibilityNodeInfoDumper: Fetch time: 7ms
06-30 19:26:42.543  1675  2520 W WindowManager: removeWindowToken: Attempted to remove non-existing token: android.os.Binder@6817fb8
06-30 19:26:42.549 28385 28385 D AndroidRuntime: Shutting down VM
06-30 19:26:42.777 28402 28402 D AndroidRuntime: >>>>>> START com.android.internal.os.RuntimeInit uid 2000 <<<<<<
06-30 19:26:42.808 28402 28402 W app_process: Unexpected CPU variant for X86 using defaults: x86
06-30 19:26:42.811 28402 28402 I app_process: The ClassLoaderContext is a special shared library.
06-30 19:26:42.811 28402 28402 I app_process: The ClassLoaderContext is a special shared library.
06-30 19:26:42.825 28402 28402 D AndroidRuntime: Calling main entry com.android.commands.uiautomator.Launcher
06-30 19:26:43.293  1675  1689 E memtrack: Couldn't load memtrack module
06-30 19:26:43.294  1675  1689 W android.os.Debug: failed to get memory consumption info: -1
06-30 19:26:43.304  2168 28415 I Vision  : Requesting optional module download of ocr.
06-30 19:26:43.305  2168 28415 I Vision  : Checking for download completion for 15289568 -- ocr
06-30 19:26:43.850 28402 28402 I app_process: Deoptimizing java.lang.String com.android.uiautomator.core.AccessibilityNodeInfoDumper.stripInvalidXMLChars(java.lang.CharSequence) due to JIT inline cache
06-30 19:26:43.852 28402 28402 W AccessibilityNodeInfoDumper: Fetch time: 5ms
06-30 19:26:43.853  1675 24388 W WindowManager: removeWindowToken: Attempted to remove non-existing token: android.os.Binder@83e28f6
06-30 19:26:43.860 28402 28402 D AndroidRuntime: Shutting down VM
06-30 19:26:44.081 28422 28422 D AndroidRuntime: >>>>>> START com.android.internal.os.RuntimeInit uid 2000 <<<<<<
06-30 19:26:44.117 28422 28422 W app_process: Unexpected CPU variant for X86 using defaults: x86
06-30 19:26:44.119 28422 28422 I app_process: The ClassLoaderContext is a special shared library.
06-30 19:26:44.120 28422 28422 I app_process: The ClassLoaderContext is a special shared library.
06-30 19:26:44.133 28422 28422 D AndroidRuntime: Calling main entry com.android.commands.uiautomator.Launcher
06-30 19:26:45.156 28422 28422 I app_process: Deoptimizing java.lang.String com.android.uiautomator.core.AccessibilityNodeInfoDumper.stripInvalidXMLChars(java.lang.CharSequence) due to JIT inline cache
06-30 19:26:45.160 28422 28422 W AccessibilityNodeInfoDumper: Fetch time: 6ms
06-30 19:26:45.161  1675 24388 W WindowManager: removeWindowToken: Attempted to remove non-existing token: android.os.Binder@29bde82
06-30 19:26:45.167 28422 28422 D AndroidRuntime: Shutting down VM
06-30 19:26:45.389 28440 28440 D AndroidRuntime: >>>>>> START com.android.internal.os.RuntimeInit uid 2000 <<<<<<
06-30 19:26:45.391 28440 28440 W app_process: Could not reserve sentinel fault page
06-30 19:26:45.421 28440 28440 W app_process: Unexpected CPU variant for X86 using defaults: x86
06-30 19:26:45.422 28440 28440 I app_process: The ClassLoaderContext is a special shared library.
06-30 19:26:45.423 28440 28440 I app_process: The ClassLoaderContext is a special shared library.
06-30 19:26:45.435 28440 28440 D AndroidRuntime: Calling main entry com.android.commands.uiautomator.Launcher
06-30 19:26:46.455 28440 28440 I app_process: Deoptimizing java.lang.String com.android.uiautomator.core.AccessibilityNodeInfoDumper.stripInvalidXMLChars(java.lang.CharSequence) due to JIT inline cache
06-30 19:26:46.458 28440 28440 W AccessibilityNodeInfoDumper: Fetch time: 7ms
06-30 19:26:46.459  1675 24388 W WindowManager: removeWindowToken: Attempted to remove non-existing token: android.os.Binder@210b6fc
06-30 19:26:46.469 28440 28440 D AndroidRuntime: Shutting down VM
06-30 19:26:46.697 28458 28458 D AndroidRuntime: >>>>>> START com.android.internal.os.RuntimeInit uid 2000 <<<<<<
06-30 19:26:46.699 28458 28458 W app_process: Could not reserve sentinel fault page
06-30 19:26:46.728 28458 28458 W app_process: Unexpected CPU variant for X86 using defaults: x86
06-30 19:26:46.731 28458 28458 I app_process: The ClassLoaderContext is a special shared library.
06-30 19:26:46.731 28458 28458 I app_process: The ClassLoaderContext is a special shared library.
06-30 19:26:46.743 28458 28458 D AndroidRuntime: Calling main entry com.android.commands.uiautomator.Launcher
06-30 19:26:47.765 28458 28458 I app_process: Deoptimizing java.lang.String com.android.uiautomator.core.AccessibilityNodeInfoDumper.stripInvalidXMLChars(java.lang.CharSequence) due to JIT inline cache
06-30 19:26:47.768 28458 28458 W AccessibilityNodeInfoDumper: Fetch time: 6ms
06-30 19:26:47.768  1675 24388 W WindowManager: removeWindowToken: Attempted to remove non-existing token: android.os.Binder@e42bbda
06-30 19:26:47.774 28458 28458 D AndroidRuntime: Shutting down VM
06-30 19:26:48.002 28475 28475 D AndroidRuntime: >>>>>> START com.android.internal.os.RuntimeInit uid 2000 <<<<<<
06-30 19:26:48.033 28475 28475 W app_process: Unexpected CPU variant for X86 using defaults: x86
06-30 19:26:48.033 28475 28475 I app_process: The ClassLoaderContext is a special shared library.
06-30 19:26:48.034 28475 28475 I app_process: The ClassLoaderContext is a special shared library.
06-30 19:26:48.047 28475 28475 D AndroidRuntime: Calling main entry com.android.commands.uiautomator.Launcher
06-30 19:26:49.073 28475 28475 I app_process: Deoptimizing java.lang.String com.android.uiautomator.core.AccessibilityNodeInfoDumper.stripInvalidXMLChars(java.lang.CharSequence) due to JIT inline cache
06-30 19:26:49.077 28475 28475 W AccessibilityNodeInfoDumper: Fetch time: 8ms
06-30 19:26:49.077  1675  1687 W WindowManager: removeWindowToken: Attempted to remove non-existing token: android.os.Binder@63046e8
06-30 19:26:49.082 28475 28475 D AndroidRuntime: Shutting down VM
