06-30 19:26:19.766 28030 28030 I Input   : injectKeyEvent: KeyEvent { action=ACTION_DOWN, keyCode=KEYCODE_DEL, scanCode=0, metaState=0, flags=0x0, repeatCount=0, eventTime=15256029, downTime=15256029, deviceId=-1, source=0x101 }
06-30 19:26:19.768 28030 28030 I Input   : injectKeyEvent: KeyEvent { action=ACTION_UP, keyCode=KEYCODE_DEL, scanCode=0, metaState=0, flags=0x0, repeatCount=0, eventTime=15256029, downTime=15256029, deviceId=-1, source=0x101 }
06-30 19:26:19.770 28030 28030 I Input   : injectKeyEvent: KeyEvent { action=ACTION_DOWN, keyCode=KEYCODE_DEL, scanCode=0, metaState=0, flags=0x0, repeatCount=0, eventTime=15256033, downTime=15256033, deviceId=-1, source=0x101 }
06-30 19:26:19.772 28030 28030 I Input   : injectKeyEvent: KeyEvent { action=ACTION_UP, keyCode=KEYCODE_DEL, scanCode=0, metaState=0, flags=0x0, repeatCount=0, eventTime=15256033, downTime=15256033, deviceId=-1, source=0x101 }
06-30 19:26:19.774 28030 28030 I Input   : injectKeyEvent: KeyEvent { action=ACTION_DOWN, keyCode=KEYCODE_DEL, scanCode=0, metaState=0, flags=0x0, repeatCount=0, eventTime=15256036, downTime=15256036, deviceId=-1, source=0x101 }
06-30 19:26:19.775 28030 28030 I Input   : injectKeyEvent: KeyEvent { action=ACTION_UP, keyCode=KEYCODE_DEL, scanCode=0, metaState=0, flags=0x0, repeatCount=0, eventTime=15256036, downTime=15256036, deviceId=-1, source=0x101 }
06-30 19:26:19.776 28030 28030 I Input   : injectKeyEvent: KeyEvent { action=ACTION_DOWN, keyCode=KEYCODE_DEL, scanCode=0, metaState=0, flags=0x0, repeatCount=0, eventTime=15256039, downTime=15256039, deviceId=-1, source=0x101 }
06-30 19:26:19.779 28030 28030 I Input   : injectKeyEvent: KeyEvent { action=ACTION_UP, keyCode=KEYCODE_DEL, scanCode=0, metaState=0, flags=0x0, repeatCount=0, eventTime=15256039, downTime=15256039, deviceId=-1, source=0x101 }
06-30 19:26:19.781 28030 28030 I Input   : injectKeyEvent: KeyEvent { action=ACTION_DOWN, keyCode=KEYCODE_DEL, scanCode=0, metaState=0, flags=0x0, repeatCount=0, eventTime=15256044, downTime=15256044, deviceId=-1, source=0x101 }
06-30 19:26:19.783 28030 28030 I Input   : injectKeyEvent: KeyEvent { action=ACTION_UP, keyCode=KEYCODE_DEL, scanCode=0, metaState=0, flags=0x0, repeatCount=0, eventTime=15256044, downTime=15256044, deviceId=-1, source=0x101 }
06-30 19:26:19.784 28030 28030 I Input   : injectKeyEvent: KeyEvent { action=ACTION_DOWN, keyCode=KEYCODE_DEL, scanCode=0, metaState=0, flags=0x0, repeatCount=0, eventTime=15256047, downTime=15256047, deviceId=-1, source=0x101 }
06-30 19:26:19.786 28030 28030 I Input   : injectKeyEvent: KeyEvent { action=ACTION_UP, keyCode=KEYCODE_DEL, scanCode=0, metaState=0, flags=0x0, repeatCount=0, eventTime=15256047, downTime=15256047, deviceId=-1, source=0x101 }
06-30 19:26:19.789 28030 28030 I Input   : injectKeyEvent: KeyEvent { action=ACTION_DOWN, keyCode=KEYCODE_DEL, scanCode=0, metaState=0, flags=0x0, repeatCount=0, eventTime=15256051, downTime=15256051, deviceId=-1, source=0x101 }
06-30 19:26:19.790 28030 28030 I Input   : injectKeyEvent: KeyEvent { action=ACTION_UP, keyCode=KEYCODE_DEL, scanCode=0, metaState=0, flags=0x0, repeatCount=0, eventTime=15256051, downTime=15256051, deviceId=-1, source=0x101 }
06-30 19:26:19.792 28030 28030 I Input   : injectKeyEvent: KeyEvent { action=ACTION_DOWN, keyCode=KEYCODE_DEL, scanCode=0, metaState=0, flags=0x0, repeatCount=0, eventTime=15256055, downTime=15256055, deviceId=-1, source=0x101 }
06-30 19:26:19.794 28030 28030 I Input   : injectKeyEvent: KeyEvent { action=ACTION_UP, keyCode=KEYCODE_DEL, scanCode=0, metaState=0, flags=0x0, repeatCount=0, eventTime=15256055, downTime=15256055, deviceId=-1, source=0x101 }
06-30 19:26:19.796 28030 28030 I Input   : injectKeyEvent: KeyEvent { action=ACTION_DOWN, keyCode=KEYCODE_DEL, scanCode=0, metaState=0, flags=0x0, repeatCount=0, eventTime=15256059, downTime=15256059, deviceId=-1, source=0x101 }
06-30 19:26:19.798 28030 28030 I Input   : injectKeyEvent: KeyEvent { action=ACTION_UP, keyCode=KEYCODE_DEL, scanCode=0, metaState=0, flags=0x0, repeatCount=0, eventTime=15256059, downTime=15256059, deviceId=-1, source=0x101 }
06-30 19:26:19.800 28030 28030 I Input   : injectKeyEvent: KeyEvent { action=ACTION_DOWN, keyCode=KEYCODE_DEL, scanCode=0, metaState=0, flags=0x0, repeatCount=0, eventTime=15256063, downTime=15256063, deviceId=-1, source=0x101 }
06-30 19:26:19.802 28030 28030 I Input   : injectKeyEvent: KeyEvent { action=ACTION_UP, keyCode=KEYCODE_DEL, scanCode=0, metaState=0, flags=0x0, repeatCount=0, eventTime=15256063, downTime=15256063, deviceId=-1, source=0x101 }
06-30 19:26:19.804 28030 28030 I Input   : injectKeyEvent: KeyEvent { action=ACTION_DOWN, keyCode=KEYCODE_DEL, scanCode=0, metaState=0, flags=0x0, repeatCount=0, eventTime=15256067, downTime=15256067, deviceId=-1, source=0x101 }
06-30 19:26:19.805 28030 28030 I Input   : injectKeyEvent: KeyEvent { action=ACTION_UP, keyCode=KEYCODE_DEL, scanCode=0, metaState=0, flags=0x0, repeatCount=0, eventTime=15256067, downTime=15256067, deviceId=-1, source=0x101 }
06-30 19:26:19.807 28030 28030 I Input   : injectKeyEvent: KeyEvent { action=ACTION_DOWN, keyCode=KEYCODE_DEL, scanCode=0, metaState=0, flags=0x0, repeatCount=0, eventTime=15256070, downTime=15256070, deviceId=-1, source=0x101 }
06-30 19:26:19.809 28030 28030 I Input   : injectKeyEvent: KeyEvent { action=ACTION_UP, keyCode=KEYCODE_DEL, scanCode=0, metaState=0, flags=0x0, repeatCount=0, eventTime=15256070, downTime=15256070, deviceId=-1, source=0x101 }
06-30 19:26:19.811 28030 28030 I Input   : injectKeyEvent: KeyEvent { action=ACTION_DOWN, keyCode=KEYCODE_DEL, scanCode=0, metaState=0, flags=0x0, repeatCount=0, eventTime=15256074, downTime=15256074, deviceId=-1, source=0x101 }
06-30 19:26:19.813 28030 28030 I Input   : injectKeyEvent: KeyEvent { action=ACTION_UP, keyCode=KEYCODE_DEL, scanCode=0, metaState=0, flags=0x0, repeatCount=0, eventTime=15256074, downTime=15256074, deviceId=-1, source=0x101 }
06-30 19:26:19.815 28030 28030 I Input   : injectKeyEvent: KeyEvent { action=ACTION_DOWN, keyCode=KEYCODE_DEL, scanCode=0, metaState=0, flags=0x0, repeatCount=0, eventTime=15256078, downTime=15256078, deviceId=-1, source=0x101 }
06-30 19:26:19.817 28030 28030 I Input   : injectKeyEvent: KeyEvent { action=ACTION_UP, keyCode=KEYCODE_DEL, scanCode=0, metaState=0, flags=0x0, repeatCount=0, eventTime=15256078, downTime=15256078, deviceId=-1, source=0x101 }
06-30 19:26:19.819 28030 28030 I Input   : injectKeyEvent: KeyEvent { action=ACTION_DOWN, keyCode=KEYCODE_DEL, scanCode=0, metaState=0, flags=0x0, repeatCount=0, eventTime=15256082, downTime=15256082, deviceId=-1, source=0x101 }
06-30 19:26:19.821 28030 28030 I Input   : injectKeyEvent: KeyEvent { action=ACTION_UP, keyCode=KEYCODE_DEL, scanCode=0, metaState=0, flags=0x0, repeatCount=0, eventTime=15256082, downTime=15256082, deviceId=-1, source=0x101 }
06-30 19:26:19.823 28030 28030 I Input   : injectKeyEvent: KeyEvent { action=ACTION_DOWN, keyCode=KEYCODE_DEL, scanCode=0, metaState=0, flags=0x0, repeatCount=0, eventTime=15256086, downTime=15256086, deviceId=-1, source=0x101 }
06-30 19:26:19.825 28030 28030 I Input   : injectKeyEvent: KeyEvent { action=ACTION_UP, keyCode=KEYCODE_DEL, scanCode=0, metaState=0, flags=0x0, repeatCount=0, eventTime=15256086, downTime=15256086, deviceId=-1, source=0x101 }
06-30 19:26:19.827 28030 28030 I Input   : injectKeyEvent: KeyEvent { action=ACTION_DOWN, keyCode=KEYCODE_DEL, scanCode=0, metaState=0, flags=0x0, repeatCount=0, eventTime=15256089, downTime=15256089, deviceId=-1, source=0x101 }
06-30 19:26:19.828 28030 28030 I Input   : injectKeyEvent: KeyEvent { action=ACTION_UP, keyCode=KEYCODE_DEL, scanCode=0, metaState=0, flags=0x0, repeatCount=0, eventTime=15256089, downTime=15256089, deviceId=-1, source=0x101 }
06-30 19:26:19.830 28030 28030 I Input   : injectKeyEvent: KeyEvent { action=ACTION_DOWN, keyCode=KEYCODE_DEL, scanCode=0, metaState=0, flags=0x0, repeatCount=0, eventTime=15256093, downTime=15256093, deviceId=-1, source=0x101 }
06-30 19:26:19.832 28030 28030 I Input   : injectKeyEvent: KeyEvent { action=ACTION_UP, keyCode=KEYCODE_DEL, scanCode=0, metaState=0, flags=0x0, repeatCount=0, eventTime=15256093, downTime=15256093, deviceId=-1, source=0x101 }
06-30 19:26:19.834 28030 28030 I Input   : injectKeyEvent: KeyEvent { action=ACTION_DOWN, keyCode=KEYCODE_DEL, scanCode=0, metaState=0, flags=0x0, repeatCount=0, eventTime=15256097, downTime=15256097, deviceId=-1, source=0x101 }
06-30 19:26:19.836 28030 28030 I Input   : injectKeyEvent: KeyEvent { action=ACTION_UP, keyCode=KEYCODE_DEL, scanCode=0, metaState=0, flags=0x0, repeatCount=0, eventTime=15256097, downTime=15256097, deviceId=-1, source=0x101 }
06-30 19:26:19.838 28030 28030 I Input   : injectKeyEvent: KeyEvent { action=ACTION_DOWN, keyCode=KEYCODE_DEL, scanCode=0, metaState=0, flags=0x0, repeatCount=0, eventTime=15256101, downTime=15256101, deviceId=-1, source=0x101 }
06-30 19:26:19.840 28030 28030 I Input   : injectKeyEvent: KeyEvent { action=ACTION_UP, keyCode=KEYCODE_DEL, scanCode=0, metaState=0, flags=0x0, repeatCount=0, eventTime=15256101, downTime=15256101, deviceId=-1, source=0x101 }
06-30 19:26:19.842 28030 28030 I Input   : injectKeyEvent: KeyEvent { action=ACTION_DOWN, keyCode=KEYCODE_DEL, scanCode=0, metaState=0, flags=0x0, repeatCount=0, eventTime=15256105, downTime=15256105, deviceId=-1, source=0x101 }
06-30 19:26:19.844 28030 28030 I Input   : injectKeyEvent: KeyEvent { action=ACTION_UP, keyCode=KEYCODE_DEL, scanCode=0, metaState=0, flags=0x0, repeatCount=0, eventTime=15256105, downTime=15256105, deviceId=-1, source=0x101 }
06-30 19:26:19.846 28030 28030 I Input   : injectKeyEvent: KeyEvent { action=ACTION_DOWN, keyCode=KEYCODE_DEL, scanCode=0, metaState=0, flags=0x0, repeatCount=0, eventTime=15256109, downTime=15256109, deviceId=-1, source=0x101 }
06-30 19:26:19.848 28030 28030 I Input   : injectKeyEvent: KeyEvent { action=ACTION_UP, keyCode=KEYCODE_DEL, scanCode=0, metaState=0, flags=0x0, repeatCount=0, eventTime=15256109, downTime=15256109, deviceId=-1, source=0x101 }
06-30 19:26:19.850 28030 28030 I Input   : injectKeyEvent: KeyEvent { action=ACTION_DOWN, keyCode=KEYCODE_DEL, scanCode=0, metaState=0, flags=0x0, repeatCount=0, eventTime=15256113, downTime=15256113, deviceId=-1, source=0x101 }
06-30 19:26:19.852 28030 28030 I Input   : injectKeyEvent: KeyEvent { action=ACTION_UP, keyCode=KEYCODE_DEL, scanCode=0, metaState=0, flags=0x0, repeatCount=0, eventTime=15256113, downTime=15256113, deviceId=-1, source=0x101 }
06-30 19:26:19.854 28030 28030 D AndroidRuntime: Shutting down VM
06-30 19:26:19.989 28040 28040 D AndroidRuntime: >>>>>> START com.android.internal.os.RuntimeInit uid 2000 <<<<<<
06-30 19:26:20.027 28040 28040 W app_process: Unexpected CPU variant for X86 using defaults: x86
06-30 19:26:20.030 28040 28040 I app_process: The ClassLoaderContext is a special shared library.
06-30 19:26:20.047 28040 28040 D AndroidRuntime: Calling main entry com.android.commands.input.Input
06-30 19:26:20.051 28040 28040 I Input   : injectKeyEvent: KeyEvent { action=ACTION_DOWN, keyCode=KEYCODE_N, scanCode=0, metaState=0, flags=0x0, repeatCount=0, eventTime=15256314, downTime=15256314, deviceId=-1, source=0x101 }
06-30 19:26:20.054 28040 28040 I Input   : injectKeyEvent: KeyEvent { action=ACTION_UP, keyCode=KEYCODE_N, scanCode=0, metaState=0, flags=0x0, repeatCount=0, eventTime=15256314, downTime=15256314, deviceId=-1, source=0x101 }
06-30 19:26:20.066  1784  1784 W GInputConnectionWrapper: Fixing selection indices to 0, 0
06-30 19:26:20.075  1784  1784 I native  : input-context-store.cc:113 Using roll back input context operation: [DecodeTouch] reason: client [89] vs decoder [90]
06-30 19:26:20.079 28040 28040 I Input   : injectKeyEvent: KeyEvent { action=ACTION_DOWN, keyCode=KEYCODE_U, scanCode=0, metaState=0, flags=0x0, repeatCount=0, eventTime=15256314, downTime=15256314, deviceId=-1, source=0x101 }
06-30 19:26:20.083  1443  2092 D gralloc_ranchu: gralloc_alloc: Creating ashmem region of size 8024064
06-30 19:26:20.090  1453  2091 D         : HostConnection::get() New Host Connection established 0xf5eff840, tid 2091
06-30 19:26:20.091  1443  2092 D gralloc_ranchu: gralloc_alloc: Creating ashmem region of size 8024064
06-30 19:26:20.096  1443  2092 D gralloc_ranchu: gralloc_alloc: Creating ashmem region of size 8024064
06-30 19:26:20.110  1784  1784 I native  : input-context-store.cc:113 Using roll back input context operation: [DecodeTouch] reason: client [91] vs decoder [92]
06-30 19:26:20.112 28040 28040 I Input   : injectKeyEvent: KeyEvent { action=ACTION_UP, keyCode=KEYCODE_U, scanCode=0, metaState=0, flags=0x0, repeatCount=0, eventTime=15256314, downTime=15256314, deviceId=-1, source=0x101 }
06-30 19:26:20.119  1784  4682 D EGL_emulation: eglMakeCurrent: 0xc737cba0: ver 3 0 (tinfo 0xcb2a4740)
06-30 19:26:20.147 28040 28040 I Input   : injectKeyEvent: KeyEvent { action=ACTION_DOWN, keyCode=KEYCODE_L, scanCode=0, metaState=0, flags=0x0, repeatCount=0, eventTime=15256314, downTime=15256314, deviceId=-1, source=0x101 }
06-30 19:26:20.157 28040 28040 I Input   : injectKeyEvent: KeyEvent { action=ACTION_UP, keyCode=KEYCODE_L, scanCode=0, metaState=0, flags=0x0, repeatCount=0, eventTime=15256314, downTime=15256314, deviceId=-1, source=0x101 }
06-30 19:26:20.160 28040 28040 I Input   : injectKeyEvent: KeyEvent { action=ACTION_DOWN, keyCode=KEYCODE_L, scanCode=0, metaState=0, flags=0x0, repeatCount=0, eventTime=15256314, downTime=15256314, deviceId=-1, source=0x101 }
06-30 19:26:20.163  1784  4659 I native  : input-context-store.cc:138 Ignoring stale client request for FetchSuggestions
06-30 19:26:20.168 28040 28040 I Input   : injectKeyEvent: KeyEvent { action=ACTION_UP, keyCode=KEYCODE_L, scanCode=0, metaState=0, flags=0x0, repeatCount=0, eventTime=15256314, downTime=15256314, deviceId=-1, source=0x101 }
06-30 19:26:20.170 28040 28040 D AndroidRuntime: Shutting down VM
06-30 19:26:20.241  1784  1784 W LstmExtension: no lmDescriptor could be found for en_US/20170411
06-30 19:26:20.242  1784  1784 W LstmExtension: no lmDescriptor could be found for en_US/20170411
06-30 19:26:20.383 28056 28056 D AndroidRuntime: >>>>>> START com.android.internal.os.RuntimeInit uid 2000 <<<<<<
06-30 19:26:20.439 28056 28056 W app_process: Unexpected CPU variant for X86 using defaults: x86
06-30 19:26:20.440 28056 28056 I app_process: The ClassLoaderContext is a special shared library.
06-30 19:26:20.453 28056 28056 D AndroidRuntime: Calling main entry com.android.commands.input.Input
06-30 19:26:20.453 28056 28056 I Input   : injectKeyEvent: KeyEvent { action=ACTION_DOWN, keyCode=KEYCODE_ESCAPE, scanCode=0, metaState=0, flags=0x0, repeatCount=0, eventTime=15256716, downTime=15256716, deviceId=-1, source=0x101 }
06-30 19:26:20.455  3403  3403 I zygote  : Deoptimizing java.lang.Object com.google.android.apps.gsa.search.shared.service.ab.call() due to JIT inline cache
06-30 19:26:20.458 28056 28056 I Input   : injectKeyEvent: KeyEvent { action=ACTION_UP, keyCode=KEYCODE_ESCAPE, scanCode=0, metaState=0, flags=0x0, repeatCount=0, eventTime=15256716, downTime=15256716, deviceId=-1, source=0x101 }
06-30 19:26:20.461 28056 28056 D AndroidRuntime: Shutting down VM
06-30 19:26:20.474  1784  4682 D EGL_emulation: eglMakeCurrent: 0xc737cba0: ver 3 0 (tinfo 0xcb2a4740)
06-30 19:26:20.477  1453  1479 D gralloc_ranchu: gralloc_unregister_buffer: exiting HostConnection (is buffer-handling thread)
06-30 19:26:20.478  1453  1479 D         : HostConnection::get() New Host Connection established 0xf5ba12c0, tid 1479
06-30 19:26:20.478  1453  1479 D gralloc_ranchu: gralloc_unregister_buffer: exiting HostConnection (is buffer-handling thread)
06-30 19:26:20.487  2350  2350 D PhenotypeFlagCommitter: Committed to new configuration from Phenotype
06-30 19:26:20.560  1799 28071 I Auth    : [AuthManaged,PasswordComplexityHelperImpl] Updating password complexity components state.
06-30 19:26:20.561  1799 28071 I Auth    : [AuthManaged,PasswordComplexityHelperImpl] Enabling com.google.android.gms.auth.managed.ui.SetNewPasswordActivity
06-30 19:26:20.585  2350  2350 D PhenotypeFlagCommitter: Commit finished, result:true
06-30 19:26:20.596  1799 21833 I PackageUpdateTaskChimer: Scheduling Phenotype config package catchup updates to be 86400 seconds from now (1656631580596) [CONTEXT service_id=51 ]
06-30 19:26:20.624  1799 21833 I aopq    : Scheduling adaptive one off task with window [14400, 604800] in seconds [CONTEXT service_id=51 ]
06-30 19:26:20.674  1444  1444 D gralloc_ranchu: gralloc_unregister_buffer: exiting HostConnection (is buffer-handling thread)
06-30 19:26:20.675  1444  1444 D         : HostConnection::get() New Host Connection established 0xe99a3900, tid 1444
06-30 19:26:20.675  1444  1444 D gralloc_ranchu: gralloc_unregister_buffer: exiting HostConnection (is buffer-handling thread)
06-30 19:26:20.676  1444  1444 D         : HostConnection::get() New Host Connection established 0xe99a3900, tid 1444
06-30 19:26:20.676  1444  1444 D gralloc_ranchu: gralloc_unregister_buffer: exiting HostConnection (is buffer-handling thread)
06-30 19:26:20.676  1444  1444 D         : HostConnection::get() New Host Connection established 0xe99a3900, tid 1444
06-30 19:26:20.676  1444  1444 D gralloc_ranchu: gralloc_unregister_buffer: exiting HostConnection (is buffer-handling thread)
06-30 19:26:20.681  1444  1444 D         : HostConnection::get() New Host Connection established 0xe99a3900, tid 1444
06-30 19:26:20.730 24467 24473 I zygote  : Do partial code cache collection, code=27KB, data=23KB
06-30 19:26:20.730 24467 24473 I zygote  : After code cache collection, code=26KB, data=22KB
06-30 19:26:20.730 24467 24473 I zygote  : Increasing code cache capacity to 128KB
06-30 19:26:20.736  1799 28073 I aorp    : updateFromConfigurations using legacy put method [CONTEXT service_id=204 ]
06-30 19:26:20.783  1675  2445 I WifiService: getConnectionInfo uid=10032
06-30 19:26:20.787  1675  5705 I WifiService: getWifiEnabledState uid=10032
06-30 19:26:20.787  3403 24392 W Settings: Setting mobile_data has moved from android.provider.Settings.Secure to android.provider.Settings.Global.
06-30 19:26:20.790  3403 24399 I ModelDownloadController: Handle the downloaded hotword model
06-30 19:26:20.790  3403 24399 I ModelDownloadController: the model is already used
06-30 19:26:20.795 24467 28079 I zygote  : IncrementDisableThreadFlip blocked for 6.265ms
06-30 19:26:20.823  1799 28071 I Auth    : [AuthManaged,PasswordComplexityHelperImpl] Updating password complexity components state.
06-30 19:26:20.823  1799 28071 I Auth    : [AuthManaged,PasswordComplexityHelperImpl] Enabling com.google.android.gms.auth.managed.ui.SetNewPasswordActivity
06-30 19:26:20.856  1799 25943 I NetworkScheduler.Stats: Task com.google.android.gms/com.google.android.gms.phenotype.service.sync.PhenotypeConfigurator finished executing. cause:3 result: 1 elapsed_millis: 2534 uptime_millis: 2534 exec_start_elapsed_seconds: 15254 [CONTEXT service_id=218 ]
06-30 19:26:20.876  1799  2645 E aoob    : Phenotype API error. Event # ccoz@14111c8d, EventCode: 7 [CONTEXT service_id=51 ]
06-30 19:26:20.876  1799  2645 E aoob    : aonf: 29505: No config packages for log source, or config package not registered
06-30 19:26:20.876  1799  2645 E aoob    : 	at aooq.b(:com.google.android.gms@202414022@20.24.14 (040700-319035315):7)
06-30 19:26:20.876  1799  2645 E aoob    : 	at aoon.b(:com.google.android.gms@202414022@20.24.14 (040700-319035315):2)
06-30 19:26:20.876  1799  2645 E aoob    : 	at aoob.a(:com.google.android.gms@202414022@20.24.14 (040700-319035315):91)
06-30 19:26:20.876  1799  2645 E aoob    : 	at aoob.a(:com.google.android.gms@202414022@20.24.14 (040700-319035315):86)
06-30 19:26:20.876  1799  2645 E aoob    : 	at aabt.run(:com.google.android.gms@202414022@20.24.14 (040700-319035315):9)
06-30 19:26:20.876  1799  2645 E aoob    : 	at bnin.run(:com.google.android.gms@202414022@20.24.14 (040700-319035315):2)
06-30 19:26:20.876  1799  2645 E aoob    : 	at soy.b(:com.google.android.gms@202414022@20.24.14 (040700-319035315):12)
06-30 19:26:20.876  1799  2645 E aoob    : 	at soy.run(:com.google.android.gms@202414022@20.24.14 (040700-319035315):7)
06-30 19:26:20.876  1799  2645 E aoob    : 	at java.util.concurrent.ThreadPoolExecutor.runWorker(ThreadPoolExecutor.java:1162)
06-30 19:26:20.876  1799  2645 E aoob    : 	at java.util.concurrent.ThreadPoolExecutor$Worker.run(ThreadPoolExecutor.java:636)
06-30 19:26:20.876  1799  2645 E aoob    : 	at sux.run(:com.google.android.gms@202414022@20.24.14 (040700-319035315):0)
06-30 19:26:20.876  1799  2645 E aoob    : 	at java.lang.Thread.run(Thread.java:764)
06-30 19:26:20.878  1799  2645 E AsyncOperation: serviceID=51, operation=GetExperimentTokensOperationCall
06-30 19:26:20.878  1799  2645 E AsyncOperation: OperationException[Status{statusCode=No config packages for log source, or config package not registered, resolution=null}]
06-30 19:26:20.878  1799  2645 E AsyncOperation: 	at aoob.a(:com.google.android.gms@202414022@20.24.14 (040700-319035315):93)
06-30 19:26:20.878  1799  2645 E AsyncOperation: 	at aoob.a(:com.google.android.gms@202414022@20.24.14 (040700-319035315):86)
06-30 19:26:20.878  1799  2645 E AsyncOperation: 	at aabt.run(:com.google.android.gms@202414022@20.24.14 (040700-319035315):9)
06-30 19:26:20.878  1799  2645 E AsyncOperation: 	at bnin.run(:com.google.android.gms@202414022@20.24.14 (040700-319035315):2)
06-30 19:26:20.878  1799  2645 E AsyncOperation: 	at soy.b(:com.google.android.gms@202414022@20.24.14 (040700-319035315):12)
06-30 19:26:20.878  1799  2645 E AsyncOperation: 	at soy.run(:com.google.android.gms@202414022@20.24.14 (040700-319035315):7)
06-30 19:26:20.878  1799  2645 E AsyncOperation: 	at java.util.concurrent.ThreadPoolExecutor.runWorker(ThreadPoolExecutor.java:1162)
06-30 19:26:20.878  1799  2645 E AsyncOperation: 	at java.util.concurrent.ThreadPoolExecutor$Worker.run(ThreadPoolExecutor.java:636)
06-30 19:26:20.878  1799  2645 E AsyncOperation: 	at sux.run(:com.google.android.gms@202414022@20.24.14 (040700-319035315):0)
06-30 19:26:20.878  1799  2645 E AsyncOperation: 	at java.lang.Thread.run(Thread.java:764)
06-30 19:26:20.905  1799 28071 I Auth    : [AuthManaged,PasswordComplexityHelperImpl] Updating password complexity components state.
06-30 19:26:20.905  1799 28071 I Auth    : [AuthManaged,PasswordComplexityHelperImpl] Enabling com.google.android.gms.auth.managed.ui.SetNewPasswordActivity
06-30 19:26:20.955  1799 28071 I Auth    : [AuthManaged,PasswordComplexityHelperImpl] Updating password complexity components state.
06-30 19:26:20.955  1799 28071 I Auth    : [AuthManaged,PasswordComplexityHelperImpl] Enabling com.google.android.gms.auth.managed.ui.SetNewPasswordActivity
06-30 19:26:21.007  1799 28071 I Auth    : [AuthManaged,PasswordComplexityHelperImpl] Updating password complexity components state.
06-30 19:26:21.007  1799 28071 I Auth    : [AuthManaged,PasswordComplexityHelperImpl] Enabling com.google.android.gms.auth.managed.ui.SetNewPasswordActivity
06-30 19:26:21.057  1799 28071 I Auth    : [AuthManaged,PasswordComplexityHelperImpl] Updating password complexity components state.
06-30 19:26:21.057  1799 28071 I Auth    : [AuthManaged,PasswordComplexityHelperImpl] Enabling com.google.android.gms.auth.managed.ui.SetNewPasswordActivity
06-30 19:26:21.093  1799 28077 I Auth    : [AuthManaged,PasswordComplexityHelperImpl] Updating password complexity components state.
06-30 19:26:21.093  1799 28077 I Auth    : [AuthManaged,PasswordComplexityHelperImpl] Enabling com.google.android.gms.auth.managed.ui.SetNewPasswordActivity
06-30 19:26:21.122 24467 24473 I zygote  : Do partial code cache collection, code=59KB, data=40KB
06-30 19:26:21.122 24467 24473 I zygote  : After code cache collection, code=59KB, data=40KB
06-30 19:26:21.122 24467 24473 I zygote  : Increasing code cache capacity to 256KB
06-30 19:26:21.138  1799 28077 I Auth    : [AuthManaged,PasswordComplexityHelperImpl] Updating password complexity components state.
06-30 19:26:21.138  1799 28077 I Auth    : [AuthManaged,PasswordComplexityHelperImpl] Enabling com.google.android.gms.auth.managed.ui.SetNewPasswordActivity
06-30 19:26:21.172  1799 28077 I Auth    : [AuthManaged,PasswordComplexityHelperImpl] Updating password complexity components state.
06-30 19:26:21.172  1799 28077 I Auth    : [AuthManaged,PasswordComplexityHelperImpl] Enabling com.google.android.gms.auth.managed.ui.SetNewPasswordActivity
06-30 19:26:21.193  1675  3753 I ActivityManager: Start proc 28085:com.google.android.apps.messaging/u0a68 for broadcast com.google.android.apps.messaging/.shared.experiments.BuglePhenotypeBroadcastReceiver
06-30 19:26:21.195 28085 28085 W zygote  : Unexpected CPU variant for X86 using defaults: x86
06-30 19:26:21.204  1799 28075 I Auth    : [AuthManaged,PasswordComplexityHelperImpl] Updating password complexity components state.
06-30 19:26:21.204  1799 28075 I Auth    : [AuthManaged,PasswordComplexityHelperImpl] Enabling com.google.android.gms.auth.managed.ui.SetNewPasswordActivity
06-30 19:26:21.215 28085 28085 I zygote  : The ClassLoaderContext is a special shared library.
06-30 19:26:21.226  1799 28075 I Auth    : [AuthManaged,PasswordComplexityHelperImpl] Updating password complexity components state.
06-30 19:26:21.226 28085 28085 I MultiDex: VM with version 2.1.0 has multidex support
06-30 19:26:21.226  1799 28075 I Auth    : [AuthManaged,PasswordComplexityHelperImpl] Enabling com.google.android.gms.auth.managed.ui.SetNewPasswordActivity
06-30 19:26:21.227 28085 28085 I MultiDex: install
06-30 19:26:21.227 28085 28085 I MultiDex: VM has multidex support, MultiDex support library is disabled.
06-30 19:26:21.230 28085 28085 D FirebaseApp: com.google.firebase.auth.FirebaseAuth is not linked. Skipping initialization.
06-30 19:26:21.230 28085 28085 D FirebaseApp: com.google.firebase.iid.FirebaseInstanceId is not linked. Skipping initialization.
06-30 19:26:21.230 28085 28085 D FirebaseApp: com.google.firebase.crash.FirebaseCrash is not linked. Skipping initialization.
06-30 19:26:21.230 28085 28085 D FirebaseApp: com.google.android.gms.measurement.AppMeasurement is not linked. Skipping initialization.
06-30 19:26:21.230 28085 28085 I FirebaseInitProvider: FirebaseApp initialization successful
06-30 19:26:21.237 28085 28085 I CarrierServices: [2] a.a: Initializing Carrier Services Library.
06-30 19:26:21.240 28085 28085 W CarrierServices: Trying to log through cs.apk when it has not been initialized yet
06-30 19:26:21.251  1799 28071 I Auth    : [AuthManaged,PasswordComplexityHelperImpl] Updating password complexity components state.
06-30 19:26:21.251  1799 28071 I Auth    : [AuthManaged,PasswordComplexityHelperImpl] Enabling com.google.android.gms.auth.managed.ui.SetNewPasswordActivity
06-30 19:26:21.275 28085 28085 I BugleBackup: Registering preference change listener for "bugle".
06-30 19:26:21.282 28085 28101 I Bugle   : GServicesValues:
06-30 19:26:21.282 28085 28101 I Bugle   : bugle_enable_primes_crash_metrics: true
06-30 19:26:21.282 28085 28101 I Bugle   : bugle_max_telemetry_upload_retries: 10
06-30 19:26:21.282 28085 28101 I Bugle   : bugle_sticker_set_list_version: 3
06-30 19:26:21.290  1799 28078 I Auth    : [AuthManaged,PasswordComplexityHelperImpl] Updating password complexity components state.
06-30 19:26:21.290  1799 28078 I Auth    : [AuthManaged,PasswordComplexityHelperImpl] Enabling com.google.android.gms.auth.managed.ui.SetNewPasswordActivity
06-30 19:26:21.316  1799 28078 I Auth    : [AuthManaged,PasswordComplexityHelperImpl] Updating password complexity components state.
06-30 19:26:21.316  1799 28078 I Auth    : [AuthManaged,PasswordComplexityHelperImpl] Enabling com.google.android.gms.auth.managed.ui.SetNewPasswordActivity
06-30 19:26:21.320  1799 28075 I NetRec  : [714] alod.a: onConfigChanged()
06-30 19:26:21.329  1799 28075 I NetRec  : [714] alod.a: Cancelling all NetRec GCM tasks
06-30 19:26:21.330  1799 28077 I NetRec  : [715] ClearDatabaseService.onHandleIntent: Clearing score cache
06-30 19:26:21.363 28085 28085 I Bugle   : ApnsOta: OTA version -1
06-30 19:26:21.368 28085 28103 I BugleDataModel: Fixup: Send failed - 0 Download failed - 0
06-30 19:26:21.383 28085 28103 W BugleDataModel: tried to cancel job 100 that can't be found. already finished?
06-30 19:26:21.384 28085 28103 I BugleDataModel: ProcessPendingMessagesAction: process from ProcessPendingMessagesAction due to scheduled processing with 0 earliest sms sending messages, with 0 earliest mms sending messages, with 0 earliest rcs sending messages, with 0 earliest rcsFT sending messages, and 0 earliest downloading messages
06-30 19:26:21.385 28085 28103 V Bugle   : Executing sticker action: com.google.android.apps.messaging.shared.datamodel.sticker.ProcessPendingStickerSyncAction
06-30 19:26:21.386 28085 28108 W Bugle   : canonicalizeMccMnc: invalid mccmnc:null ,null
06-30 19:26:21.388  1675  2445 D MmsServiceBroker: getCarrierConfigValues() by com.google.android.apps.messaging
06-30 19:26:21.388  1948  2189 D MmsService: getCarrierConfigValues
06-30 19:26:21.389 28085 28103 V Bugle   : Executing sticker action: com.google.android.apps.messaging.shared.datamodel.sticker.SyncStickerSetListAction
06-30 19:26:21.389  1948  2189 I MmsService: mms config for sub 1: Bundle[{httpSocketTimeout=60000, aliasMinChars=2, smsToMmsTextThreshold=-1, enableSMSDeliveryReports=true, maxMessageTextSize=-1, supportMmsContentDisposition=true, enabledTransID=false, aliasEnabled=false, supportHttpCharsetHeader=false, allowAttachAudio=true, smsToMmsTextLengthThreshold=-1, recipientLimit=2147483647, uaProfTagName=x-wap-profile, aliasMaxChars=48, maxImageHeight=1944, enableMMSDeliveryReports=false, userAgent=, mmsCloseConnection=false, config_cellBroadcastAppLinks=true, maxSubjectLength=40, httpParams=, enableGroupMms=true, emailGatewayNumber=, maxMessageSize=1048576, naiSuffix=, enableMMSReadReports=false, maxImageWidth=2592, uaProfUrl=, enabledMMS=false, enabledNotifyWapMMSC=false, sendMultipartSmsAsSeparateMessages=false, enableMultipartSMS=true}]
06-30 19:26:21.391 28085 28108 I Bugle   : Carrier configs loaded: Bundle[{httpSocketTimeout=60000, aliasMinChars=2, smsToMmsTextThreshold=-1, enableSMSDeliveryReports=true, maxMessageTextSize=-1, supportMmsContentDisposition=true, enabledTransID=false, aliasEnabled=false, supportHttpCharsetHeader=false, allowAttachAudio=true, spamForwardingNumber=7726, smsToMmsTextLengthThreshold=-1, recipientLimit=2147483647, uaProfTagName=x-wap-profile, aliasMaxChars=48, maxImageHeight=1944, enableMMSDeliveryReports=false, userAgent=, mmsCloseConnection=false, config_cellBroadcastAppLinks=true, maxSubjectLength=40, httpParams=, enableGroupMms=true, allowEnablingWapPushSI=false, emailGatewayNumber=, maxMessageSize=1048576, naiSuffix=, enableMMSReadReports=false, maxImageWidth=2592, uaProfUrl=, enabledMMS=false, enabledNotifyWapMMSC=false, enableWapPushSI=true, sendMultipartSmsAsSeparateMessages=false, enableMultipartSMS=true}] from resources+system for subId=1
06-30 19:26:21.395 28085 28085 D Bugle   : onServiceStateChanged: 3 to 0
06-30 19:26:21.407 28085 28085 I Bugle   : Carrier config changed. Reloading MMS config.
06-30 19:26:21.407 28085 28104 I ShortcutBadger: Checking if platform supports badge counters, attempt 1/3.
06-30 19:26:21.414 28085 28104 I ShortcutBadger: Checking if platform supports badge counters, attempt 2/3.
06-30 19:26:21.415 28085 28085 I BugleRcs: updating RCS availability
06-30 19:26:21.419 28085 28104 I ShortcutBadger: Checking if platform supports badge counters, attempt 3/3.
06-30 19:26:21.419 28085 28085 I CarrierServices: [2] a.connect: Binding to local JibeService
06-30 19:26:21.425 28085 28104 W ShortcutBadger: Badge counter seems not supported in this platform: unable to resolve intent: Intent { act=android.intent.action.BADGE_COUNT_UPDATE (has extras) }
06-30 19:26:21.428 28085 28085 I CarrierServices: [2] a.connect: Binding to local JibeService
06-30 19:26:21.428 28085 28111 W Bugle   : canonicalizeMccMnc: invalid mccmnc:null ,null
06-30 19:26:21.431  1675  2520 D MmsServiceBroker: getCarrierConfigValues() by com.google.android.apps.messaging
06-30 19:26:21.431  1948  2189 D MmsService: getCarrierConfigValues
06-30 19:26:21.431 24314 24314 I CarrierServices: [2] a.a: Initializing Carrier Services Library.
06-30 19:26:21.431  1948  2189 I MmsService: mms config for sub 1: Bundle[{httpSocketTimeout=60000, aliasMinChars=2, smsToMmsTextThreshold=-1, enableSMSDeliveryReports=true, maxMessageTextSize=-1, supportMmsContentDisposition=true, enabledTransID=false, aliasEnabled=false, supportHttpCharsetHeader=false, allowAttachAudio=true, smsToMmsTextLengthThreshold=-1, recipientLimit=2147483647, uaProfTagName=x-wap-profile, aliasMaxChars=48, maxImageHeight=1944, enableMMSDeliveryReports=false, userAgent=, mmsCloseConnection=false, config_cellBroadcastAppLinks=true, maxSubjectLength=40, httpParams=, enableGroupMms=true, emailGatewayNumber=, maxMessageSize=1048576, naiSuffix=, enableMMSReadReports=false, maxImageWidth=2592, uaProfUrl=, enabledMMS=false, enabledNotifyWapMMSC=false, sendMultipartSmsAsSeparateMessages=false, enableMultipartSMS=true}]
06-30 19:26:21.432  1799 28077 I Auth    : [AuthManaged,PasswordComplexityHelperImpl] Updating password complexity components state.
06-30 19:26:21.432  1799 28077 I Auth    : [AuthManaged,PasswordComplexityHelperImpl] Enabling com.google.android.gms.auth.managed.ui.SetNewPasswordActivity
06-30 19:26:21.434 28085 28111 I Bugle   : Carrier configs loaded: Bundle[{httpSocketTimeout=60000, aliasMinChars=2, smsToMmsTextThreshold=-1, enableSMSDeliveryReports=true, maxMessageTextSize=-1, supportMmsContentDisposition=true, enabledTransID=false, aliasEnabled=false, supportHttpCharsetHeader=false, allowAttachAudio=true, spamForwardingNumber=7726, smsToMmsTextLengthThreshold=-1, recipientLimit=2147483647, uaProfTagName=x-wap-profile, aliasMaxChars=48, maxImageHeight=1944, enableMMSDeliveryReports=false, userAgent=, mmsCloseConnection=false, config_cellBroadcastAppLinks=true, maxSubjectLength=40, httpParams=, enableGroupMms=true, allowEnablingWapPushSI=false, emailGatewayNumber=, maxMessageSize=1048576, naiSuffix=, enableMMSReadReports=false, maxImageWidth=2592, uaProfUrl=, enabledMMS=false, enabledNotifyWapMMSC=false, enableWapPushSI=true, sendMultipartSmsAsSeparateMessages=false, enableMultipartSMS=true}] from resources+system for subId=1
06-30 19:26:21.438 24314 24314 I CarrierServices: [2] a.c: Initializing Carrier Services Logging.
06-30 19:26:21.438 24314 24314 D CarrierServices: log_saver already enabled
06-30 19:26:21.441 28085 28085 I BuglePhenotypeBroadcastReceiver: onReceive
06-30 19:26:21.442 24314 28113 I Bugle   : GServicesValues:
06-30 19:26:21.442 24314 28113 I Bugle   : bugle_enable_primes_crash_metrics: true
06-30 19:26:21.442 24314 28113 I Bugle   : bugle_max_telemetry_upload_retries: 10
06-30 19:26:21.442 24314 28113 I Bugle   : bugle_sticker_set_list_version: 3
06-30 19:26:21.451 28085 28109 D CrashMetricService: onPrimesInitialize
06-30 19:26:21.455 28085 28104 V Bugle   : Committing bugle phenotype.
06-30 19:26:21.456 24314 24314 V RcsProvisioning: No legacy config file found, migration not necessary
06-30 19:26:21.457 28085 28101 I BugleBackup: Registering preference change listener for "buglesub_1".
06-30 19:26:21.459 24314 24314 W RcsProvisioning: Failed to read configuration: /data/user/0/com.google.android.apps.messaging/files/rcsconfig (No such file or directory)
06-30 19:26:21.459 24314 24314 D RcsProvisioning: Retrieving backup token
06-30 19:26:21.462 28085 28112 W Bugle   : canonicalizeMccMnc: invalid mccmnc:null ,null
06-30 19:26:21.466  1675  5705 D MmsServiceBroker: getCarrierConfigValues() by com.google.android.apps.messaging
06-30 19:26:21.466  1948  2571 D MmsService: getCarrierConfigValues
06-30 19:26:21.467  1948  2571 I MmsService: mms config for sub 1: Bundle[{httpSocketTimeout=60000, aliasMinChars=2, smsToMmsTextThreshold=-1, enableSMSDeliveryReports=true, maxMessageTextSize=-1, supportMmsContentDisposition=true, enabledTransID=false, aliasEnabled=false, supportHttpCharsetHeader=false, allowAttachAudio=true, smsToMmsTextLengthThreshold=-1, recipientLimit=2147483647, uaProfTagName=x-wap-profile, aliasMaxChars=48, maxImageHeight=1944, enableMMSDeliveryReports=false, userAgent=, mmsCloseConnection=false, config_cellBroadcastAppLinks=true, maxSubjectLength=40, httpParams=, enableGroupMms=true, emailGatewayNumber=, maxMessageSize=1048576, naiSuffix=, enableMMSReadReports=false, maxImageWidth=2592, uaProfUrl=, enabledMMS=false, enabledNotifyWapMMSC=false, sendMultipartSmsAsSeparateMessages=false, enableMultipartSMS=true}]
06-30 19:26:21.469 28085 28112 I Bugle   : Carrier configs loaded: Bundle[{httpSocketTimeout=60000, aliasMinChars=2, smsToMmsTextThreshold=-1, enableSMSDeliveryReports=true, maxMessageTextSize=-1, supportMmsContentDisposition=true, enabledTransID=false, aliasEnabled=false, supportHttpCharsetHeader=false, allowAttachAudio=true, spamForwardingNumber=7726, smsToMmsTextLengthThreshold=-1, recipientLimit=2147483647, uaProfTagName=x-wap-profile, aliasMaxChars=48, maxImageHeight=1944, enableMMSDeliveryReports=false, userAgent=, mmsCloseConnection=false, config_cellBroadcastAppLinks=true, maxSubjectLength=40, httpParams=, enableGroupMms=true, allowEnablingWapPushSI=false, emailGatewayNumber=, maxMessageSize=1048576, naiSuffix=, enableMMSReadReports=false, maxImageWidth=2592, uaProfUrl=, enabledMMS=false, enabledNotifyWapMMSC=false, enableWapPushSI=true, sendMultipartSmsAsSeparateMessages=false, enableMultipartSMS=true}] from resources+system for subId=1
06-30 19:26:21.498  1799 28075 I Auth    : [AuthManaged,PasswordComplexityHelperImpl] Updating password complexity components state.
06-30 19:26:21.498  1799 28075 I Auth    : [AuthManaged,PasswordComplexityHelperImpl] Enabling com.google.android.gms.auth.managed.ui.SetNewPasswordActivity
06-30 19:26:21.500 28085 28101 I BugleRcs: RcsAvailability updated: RCS is disabled for this carrier by Google
06-30 19:26:21.500 28085 28085 I BugleRcs: Broadcast disable RCS for availability (2)
06-30 19:26:21.553  1799 28074 I Auth    : [AuthManaged,PasswordComplexityHelperImpl] Updating password complexity components state.
06-30 19:26:21.553  1799 28074 I Auth    : [AuthManaged,PasswordComplexityHelperImpl] Enabling com.google.android.gms.auth.managed.ui.SetNewPasswordActivity
06-30 19:26:21.562 24314 24314 D RcsProvisioning: No backup token found
06-30 19:26:21.565 24314 24314 W CarrierServices: [2] zzbgb$zza.av: No config URL. RCS will be disabled!
06-30 19:26:21.590 24314 24314 D CarrierServices: log_saver already enabled
06-30 19:26:21.593  1799 28078 I Auth    : [AuthManaged,PasswordComplexityHelperImpl] Updating password complexity components state.
06-30 19:26:21.593  1799 28078 I Auth    : [AuthManaged,PasswordComplexityHelperImpl] Enabling com.google.android.gms.auth.managed.ui.SetNewPasswordActivity
06-30 19:26:21.600 24314 24314 I CarrierServices: [2] e.onReceive: intent=Intent { act=android.net.conn.CONNECTIVITY_CHANGE flg=0x4000010 (has extras) }, isDeviceIdleMode=false
06-30 19:26:21.600 24314 24314 W CarrierServices: [2] zzbgb$zza.C: Carrier Services Apk was not found.
06-30 19:26:21.600 24314 24314 W CarrierServices: [2] zzbgb$zza.a: CarrierServices.apk was not found, not pre-loaded or is disabled.
06-30 19:26:21.613  1799  2645 E aoob    : Phenotype API error. Event # ccoz@10f53b03, EventCode: 5 [CONTEXT service_id=51 ]
06-30 19:26:21.613  1799  2645 E aoob    : aonf: 29501: Stale snapshot (committed configuration changed)
06-30 19:26:21.613  1799  2645 E aoob    : 	at aooe.a(:com.google.android.gms@202414022@20.24.14 (040700-319035315):22)
06-30 19:26:21.613  1799  2645 E aoob    : 	at aood.b(:com.google.android.gms@202414022@20.24.14 (040700-319035315):2)
06-30 19:26:21.613  1799  2645 E aoob    : 	at aoob.a(:com.google.android.gms@202414022@20.24.14 (040700-319035315):91)
06-30 19:26:21.613  1799  2645 E aoob    : 	at aoob.a(:com.google.android.gms@202414022@20.24.14 (040700-319035315):86)
06-30 19:26:21.613  1799  2645 E aoob    : 	at aabt.run(:com.google.android.gms@202414022@20.24.14 (040700-319035315):9)
06-30 19:26:21.613  1799  2645 E aoob    : 	at bnin.run(:com.google.android.gms@202414022@20.24.14 (040700-319035315):2)
06-30 19:26:21.613  1799  2645 E aoob    : 	at soy.b(:com.google.android.gms@202414022@20.24.14 (040700-319035315):12)
06-30 19:26:21.613  1799  2645 E aoob    : 	at soy.run(:com.google.android.gms@202414022@20.24.14 (040700-319035315):7)
06-30 19:26:21.613  1799  2645 E aoob    : 	at java.util.concurrent.ThreadPoolExecutor.runWorker(ThreadPoolExecutor.java:1162)
06-30 19:26:21.613  1799  2645 E aoob    : 	at java.util.concurrent.ThreadPoolExecutor$Worker.run(ThreadPoolExecutor.java:636)
06-30 19:26:21.613  1799  2645 E aoob    : 	at sux.run(:com.google.android.gms@202414022@20.24.14 (040700-319035315):0)
06-30 19:26:21.613  1799  2645 E aoob    : 	at java.lang.Thread.run(Thread.java:764)
06-30 19:26:21.620  1799 28071 I PTCommittedOperation: Receive new configuration for com.google.android.gms.people
06-30 19:26:21.622  2168 28076 I ChromeSync: [Sync,SyncIntentOperation] Handling the intent: Intent { act=com.google.android.gms.phenotype.COMMITTED flg=0x10 pkg=com.google.android.gms cmp=com.google.android.gms/.chimera.GmsIntentOperationService (has extras) }.
06-30 19:26:21.625  1675  5705 W ActivityManager: Unable to start service Intent { act=com.google.android.gms.auth.key.retrieval.service.START pkg=com.google.android.gms } U=0: not found
06-30 19:26:21.629  1799  2645 E AsyncOperation: serviceID=51, operation=CommitToConfigurationOperationCall
06-30 19:26:21.629  1799  2645 E AsyncOperation: OperationException[Status{statusCode=Stale snapshot (committed configuration changed), resolution=null}]
06-30 19:26:21.629  1799  2645 E AsyncOperation: 	at aoob.a(:com.google.android.gms@202414022@20.24.14 (040700-319035315):93)
06-30 19:26:21.629  1799  2645 E AsyncOperation: 	at aoob.a(:com.google.android.gms@202414022@20.24.14 (040700-319035315):86)
06-30 19:26:21.629  1799  2645 E AsyncOperation: 	at aabt.run(:com.google.android.gms@202414022@20.24.14 (040700-319035315):9)
06-30 19:26:21.629  1799  2645 E AsyncOperation: 	at bnin.run(:com.google.android.gms@202414022@20.24.14 (040700-319035315):2)
06-30 19:26:21.629  1799  2645 E AsyncOperation: 	at soy.b(:com.google.android.gms@202414022@20.24.14 (040700-319035315):12)
06-30 19:26:21.629  1799  2645 E AsyncOperation: 	at soy.run(:com.google.android.gms@202414022@20.24.14 (040700-319035315):7)
06-30 19:26:21.629  1799  2645 E AsyncOperation: 	at java.util.concurrent.ThreadPoolExecutor.runWorker(ThreadPoolExecutor.java:1162)
06-30 19:26:21.629  1799  2645 E AsyncOperation: 	at java.util.concurrent.ThreadPoolExecutor$Worker.run(ThreadPoolExecutor.java:636)
06-30 19:26:21.629  1799  2645 E AsyncOperation: 	at sux.run(:com.google.android.gms@202414022@20.24.14 (040700-319035315):0)
06-30 19:26:21.629  1799  2645 E AsyncOperation: 	at java.lang.Thread.run(Thread.java:764)
06-30 19:26:21.629 24314 24314 W PhenotypeFlagCommitter: Committing snapshot for com.google.android.ims.library#com.google.android.apps.messaging failed, retrying
06-30 19:26:21.640  1675  2447 W ActivityManager: Unbind failed: could not find connection for android.os.BinderProxy@80b4d45
06-30 19:26:21.643  2168 28125 I MdiSyncModule: flag handling is skipping irrelevant intent.
06-30 19:26:21.643  2168  2722 E GmsClient: unable to connect to service: com.google.android.gms.auth.key.retrieval.service.START on com.google.android.gms
06-30 19:26:21.645  2168 28084 W ModuleInitIntentOp: Dropping unexpected action com.google.android.gms.phenotype.COMMITTED
06-30 19:26:21.659  2168 28080 I FsaEntryPointSwitcher: setting component enabled=1 for com.google.android.gms.people.sync.focus.ContactsSyncAdapterService
06-30 19:26:21.663  2168 28080 I FsaEntryPointSwitcher: Setting component enabled succeeds.
06-30 19:26:21.663  2168 28080 I FsaEntryPointSwitcher: setting component enabled=2 for com.google.android.syncadapters.contacts.ContactsSyncAdapterService
06-30 19:26:21.666  2168 28080 I FsaEntryPointSwitcher: Setting component enabled succeeds.
06-30 19:26:21.686  2168 28124 I ChromeSync: [Sync,SyncIntentOperation] Handling the intent: Intent { act=com.google.android.gms.phenotype.COMMITTED flg=0x10 pkg=com.google.android.gms cmp=com.google.android.gms/.chimera.GmsIntentOperationService (has extras) }.
06-30 19:26:21.689  2168 28076 I MdiSyncModule: flag handling is skipping irrelevant intent.
06-30 19:26:21.689  2168 28123 W ModuleInitIntentOp: Dropping unexpected action com.google.android.gms.phenotype.COMMITTED
06-30 19:26:21.699  2168 28084 I ChromeSync: [Sync,SyncIntentOperation] Handling the intent: Intent { act=com.google.android.gms.phenotype.COMMITTED flg=0x10 pkg=com.google.android.gms cmp=com.google.android.gms/.chimera.GmsIntentOperationService (has extras) }.
06-30 19:26:21.704  2168 28076 I MdiSyncModule: flag handling is skipping irrelevant intent.
06-30 19:26:21.705  2168 28125 W ModuleInitIntentOp: Dropping unexpected action com.google.android.gms.phenotype.COMMITTED
06-30 19:26:21.710  2168 28080 I ChromeSync: [Sync,SyncIntentOperation] Handling the intent: Intent { act=com.google.android.gms.phenotype.COMMITTED flg=0x10 pkg=com.google.android.gms cmp=com.google.android.gms/.chimera.GmsIntentOperationService (has extras) }.
06-30 19:26:21.711  2168 28084 I MdiSyncModule: flag handling is skipping irrelevant intent.
06-30 19:26:21.715  2168 28084 W ModuleInitIntentOp: Dropping unexpected action com.google.android.gms.phenotype.COMMITTED
06-30 19:26:21.743  1799 28126 I PTCommittedOperation: Receive new configuration for com.google.android.gms.romanesco
06-30 19:26:21.750  1799 28077 I Auth    : [AuthManaged,PasswordComplexityHelperImpl] Updating password complexity components state.
06-30 19:26:21.750  1799 28077 I Auth    : [AuthManaged,PasswordComplexityHelperImpl] Enabling com.google.android.gms.auth.managed.ui.SetNewPasswordActivity
06-30 19:26:21.750  2168 28123 I ChromeSync: [Sync,SyncIntentOperation] Handling the intent: Intent { act=com.google.android.gms.phenotype.COMMITTED flg=0x10 pkg=com.google.android.gms cmp=com.google.android.gms/.chimera.GmsIntentOperationService (has extras) }.
06-30 19:26:21.751  1799 28075 I PTCommittedOperation: Receive new configuration for com.google.android.gms.backup
06-30 19:26:21.751  2168 28127 I MdiSyncModule: flag handling is skipping irrelevant intent.
06-30 19:26:21.752  2168 28129 W ModuleInitIntentOp: Dropping unexpected action com.google.android.gms.phenotype.COMMITTED
06-30 19:26:21.763  1799 28077 I PTCommittedOperation: Receive new configuration for com.google.android.gms.auth_account
06-30 19:26:21.791  2168  3175 I Icing   : IndexChimeraService.getServiceInterface callingPackage=com.google.android.apps.messaging componentName=null serviceId=36
06-30 19:26:21.802  2168  3175 I Icing   : IndexChimeraService.getServiceInterface callingPackage=com.google.android.gms componentName=null serviceId=36
06-30 19:26:21.804  1799 28126 I PTCommittedOperation: Receive new configuration for com.google.android.gms.family
06-30 19:26:21.808  2168 28130 I ChromeSync: [Sync,SyncIntentOperation] Handling the intent: Intent { act=com.google.android.gms.phenotype.COMMITTED flg=0x10 pkg=com.google.android.gms cmp=com.google.android.gms/.chimera.GmsIntentOperationService (has extras) }.
06-30 19:26:21.809  2168 28076 I MdiSyncModule: flag handling is skipping irrelevant intent.
06-30 19:26:21.812  2168 28125 W ModuleInitIntentOp: Dropping unexpected action com.google.android.gms.phenotype.COMMITTED
06-30 19:26:21.826  2168  3175 I Icing   : IndexChimeraService.getServiceInterface callingPackage=com.google.android.apps.messaging componentName=null serviceId=36
06-30 19:26:21.841  2168  2961 I Icing   : IndexChimeraService.getServiceInterface callingPackage=com.google.android.apps.messaging componentName=null serviceId=36
06-30 19:26:21.866  1799 28073 I Auth    : [AuthManaged,PasswordComplexityHelperImpl] Updating password complexity components state.
06-30 19:26:21.866  1799 28073 I Auth    : [AuthManaged,PasswordComplexityHelperImpl] Enabling com.google.android.gms.auth.managed.ui.SetNewPasswordActivity
06-30 19:26:21.871  1799 28073 I PTCommittedOperation: Receive new configuration for com.google.android.gms.smart_profile
06-30 19:26:21.873  2168 28125 I ChromeSync: [Sync,SyncIntentOperation] Handling the intent: Intent { act=com.google.android.gms.phenotype.COMMITTED flg=0x10 pkg=com.google.android.gms cmp=com.google.android.gms/.chimera.GmsIntentOperationService (has extras) }.
06-30 19:26:21.878  2168 28076 I MdiSyncModule: flag handling is skipping irrelevant intent.
06-30 19:26:21.879  2168 28076 W ModuleInitIntentOp: Dropping unexpected action com.google.android.gms.phenotype.COMMITTED
06-30 19:26:21.883  2168 19626 W Icing   : No valid account for uploading user actions
06-30 19:26:21.948  1799 28073 I Auth    : [AuthManaged,PasswordComplexityHelperImpl] Updating password complexity components state.
06-30 19:26:21.948  1799 28074 I PTCommittedOperation: Receive new configuration for com.google.android.location
06-30 19:26:21.949  1799 28073 I Auth    : [AuthManaged,PasswordComplexityHelperImpl] Enabling com.google.android.gms.auth.managed.ui.SetNewPasswordActivity
06-30 19:26:21.953  2168 28124 I ChromeSync: [Sync,SyncIntentOperation] Handling the intent: Intent { act=com.google.android.gms.phenotype.COMMITTED flg=0x10 pkg=com.google.android.gms cmp=com.google.android.gms/.chimera.GmsIntentOperationService (has extras) }.
06-30 19:26:21.954  2168 28080 I MdiSyncModule: flag handling is skipping irrelevant intent.
06-30 19:26:21.955  2168 28125 W ModuleInitIntentOp: Dropping unexpected action com.google.android.gms.phenotype.COMMITTED
