11-09 11:24:10.864  6691  6691 I Input   : injectKeyEvent: KeyEvent { action=ACTION_DOWN, keyCode=KEYCODE_DEL, scanCode=0, metaState=0, flags=0x0, repeatCount=0, eventTime=25275542, downTime=25275542, deviceId=-1, source=0x101 }
11-09 11:24:10.865  6691  6691 I Input   : injectKeyEvent: KeyEvent { action=ACTION_UP, keyCode=KEYCODE_DEL, scanCode=0, metaState=0, flags=0x0, repeatCount=0, eventTime=25275542, downTime=25275542, deviceId=-1, source=0x101 }
11-09 11:24:10.866  6691  6691 I Input   : injectKeyEvent: KeyEvent { action=ACTION_DOWN, keyCode=KEYCODE_DEL, scanCode=0, metaState=0, flags=0x0, repeatCount=0, eventTime=25275543, downTime=25275543, deviceId=-1, source=0x101 }
11-09 11:24:10.867  6691  6691 I Input   : injectKeyEvent: KeyEvent { action=ACTION_UP, keyCode=KEYCODE_DEL, scanCode=0, metaState=0, flags=0x0, repeatCount=0, eventTime=25275543, downTime=25275543, deviceId=-1, source=0x101 }
11-09 11:24:10.869  6691  6691 I Input   : injectKeyEvent: KeyEvent { action=ACTION_DOWN, keyCode=KEYCODE_DEL, scanCode=0, metaState=0, flags=0x0, repeatCount=0, eventTime=25275546, downTime=25275546, deviceId=-1, source=0x101 }
11-09 11:24:10.870  6691  6691 I Input   : injectKeyEvent: KeyEvent { action=ACTION_UP, keyCode=KEYCODE_DEL, scanCode=0, metaState=0, flags=0x0, repeatCount=0, eventTime=25275546, downTime=25275546, deviceId=-1, source=0x101 }
11-09 11:24:10.872  6691  6691 I Input   : injectKeyEvent: KeyEvent { action=ACTION_DOWN, keyCode=KEYCODE_DEL, scanCode=0, metaState=0, flags=0x0, repeatCount=0, eventTime=25275549, downTime=25275549, deviceId=-1, source=0x101 }
11-09 11:24:10.874  6691  6691 I Input   : injectKeyEvent: KeyEvent { action=ACTION_UP, keyCode=KEYCODE_DEL, scanCode=0, metaState=0, flags=0x0, repeatCount=0, eventTime=25275549, downTime=25275549, deviceId=-1, source=0x101 }
11-09 11:24:10.876  6691  6691 I Input   : injectKeyEvent: KeyEvent { action=ACTION_DOWN, keyCode=KEYCODE_DEL, scanCode=0, metaState=0, flags=0x0, repeatCount=0, eventTime=25275553, downTime=25275553, deviceId=-1, source=0x101 }
11-09 11:24:10.877  6691  6691 I Input   : injectKeyEvent: KeyEvent { action=ACTION_UP, keyCode=KEYCODE_DEL, scanCode=0, metaState=0, flags=0x0, repeatCount=0, eventTime=25275553, downTime=25275553, deviceId=-1, source=0x101 }
11-09 11:24:10.879  6691  6691 I Input   : injectKeyEvent: KeyEvent { action=ACTION_DOWN, keyCode=KEYCODE_DEL, scanCode=0, metaState=0, flags=0x0, repeatCount=0, eventTime=25275556, downTime=25275556, deviceId=-1, source=0x101 }
11-09 11:24:10.880  6691  6691 I Input   : injectKeyEvent: KeyEvent { action=ACTION_UP, keyCode=KEYCODE_DEL, scanCode=0, metaState=0, flags=0x0, repeatCount=0, eventTime=25275556, downTime=25275556, deviceId=-1, source=0x101 }
11-09 11:24:10.881  6691  6691 I Input   : injectKeyEvent: KeyEvent { action=ACTION_DOWN, keyCode=KEYCODE_DEL, scanCode=0, metaState=0, flags=0x0, repeatCount=0, eventTime=25275559, downTime=25275559, deviceId=-1, source=0x101 }
11-09 11:24:10.883  6691  6691 I Input   : injectKeyEvent: KeyEvent { action=ACTION_UP, keyCode=KEYCODE_DEL, scanCode=0, metaState=0, flags=0x0, repeatCount=0, eventTime=25275559, downTime=25275559, deviceId=-1, source=0x101 }
11-09 11:24:10.885  6691  6691 I Input   : injectKeyEvent: KeyEvent { action=ACTION_DOWN, keyCode=KEYCODE_DEL, scanCode=0, metaState=0, flags=0x0, repeatCount=0, eventTime=25275562, downTime=25275562, deviceId=-1, source=0x101 }
11-09 11:24:10.886  6691  6691 I Input   : injectKeyEvent: KeyEvent { action=ACTION_UP, keyCode=KEYCODE_DEL, scanCode=0, metaState=0, flags=0x0, repeatCount=0, eventTime=25275562, downTime=25275562, deviceId=-1, source=0x101 }
11-09 11:24:10.888  6691  6691 I Input   : injectKeyEvent: KeyEvent { action=ACTION_DOWN, keyCode=KEYCODE_DEL, scanCode=0, metaState=0, flags=0x0, repeatCount=0, eventTime=25275565, downTime=25275565, deviceId=-1, source=0x101 }
11-09 11:24:10.889  6691  6691 I Input   : injectKeyEvent: KeyEvent { action=ACTION_UP, keyCode=KEYCODE_DEL, scanCode=0, metaState=0, flags=0x0, repeatCount=0, eventTime=25275565, downTime=25275565, deviceId=-1, source=0x101 }
11-09 11:24:10.891  6691  6691 I Input   : injectKeyEvent: KeyEvent { action=ACTION_DOWN, keyCode=KEYCODE_DEL, scanCode=0, metaState=0, flags=0x0, repeatCount=0, eventTime=25275568, downTime=25275568, deviceId=-1, source=0x101 }
11-09 11:24:10.893  6691  6691 I Input   : injectKeyEvent: KeyEvent { action=ACTION_UP, keyCode=KEYCODE_DEL, scanCode=0, metaState=0, flags=0x0, repeatCount=0, eventTime=25275568, downTime=25275568, deviceId=-1, source=0x101 }
11-09 11:24:10.895  6691  6691 I Input   : injectKeyEvent: KeyEvent { action=ACTION_DOWN, keyCode=KEYCODE_DEL, scanCode=0, metaState=0, flags=0x0, repeatCount=0, eventTime=25275572, downTime=25275572, deviceId=-1, source=0x101 }
11-09 11:24:10.896  6691  6691 I Input   : injectKeyEvent: KeyEvent { action=ACTION_UP, keyCode=KEYCODE_DEL, scanCode=0, metaState=0, flags=0x0, repeatCount=0, eventTime=25275572, downTime=25275572, deviceId=-1, source=0x101 }
11-09 11:24:10.898  6691  6691 I Input   : injectKeyEvent: KeyEvent { action=ACTION_DOWN, keyCode=KEYCODE_DEL, scanCode=0, metaState=0, flags=0x0, repeatCount=0, eventTime=25275576, downTime=25275576, deviceId=-1, source=0x101 }
11-09 11:24:10.900  6691  6691 I Input   : injectKeyEvent: KeyEvent { action=ACTION_UP, keyCode=KEYCODE_DEL, scanCode=0, metaState=0, flags=0x0, repeatCount=0, eventTime=25275576, downTime=25275576, deviceId=-1, source=0x101 }
11-09 11:24:10.902  6691  6691 I Input   : injectKeyEvent: KeyEvent { action=ACTION_DOWN, keyCode=KEYCODE_DEL, scanCode=0, metaState=0, flags=0x0, repeatCount=0, eventTime=25275579, downTime=25275579, deviceId=-1, source=0x101 }
11-09 11:24:10.904  6691  6691 I Input   : injectKeyEvent: KeyEvent { action=ACTION_UP, keyCode=KEYCODE_DEL, scanCode=0, metaState=0, flags=0x0, repeatCount=0, eventTime=25275579, downTime=25275579, deviceId=-1, source=0x101 }
11-09 11:24:10.905  6691  6691 I Input   : injectKeyEvent: KeyEvent { action=ACTION_DOWN, keyCode=KEYCODE_DEL, scanCode=0, metaState=0, flags=0x0, repeatCount=0, eventTime=25275583, downTime=25275583, deviceId=-1, source=0x101 }
11-09 11:24:10.907  6691  6691 I Input   : injectKeyEvent: KeyEvent { action=ACTION_UP, keyCode=KEYCODE_DEL, scanCode=0, metaState=0, flags=0x0, repeatCount=0, eventTime=25275583, downTime=25275583, deviceId=-1, source=0x101 }
11-09 11:24:10.908  6691  6691 I Input   : injectKeyEvent: KeyEvent { action=ACTION_DOWN, keyCode=KEYCODE_DEL, scanCode=0, metaState=0, flags=0x0, repeatCount=0, eventTime=25275586, downTime=25275586, deviceId=-1, source=0x101 }
11-09 11:24:10.910  6691  6691 I Input   : injectKeyEvent: KeyEvent { action=ACTION_UP, keyCode=KEYCODE_DEL, scanCode=0, metaState=0, flags=0x0, repeatCount=0, eventTime=25275586, downTime=25275586, deviceId=-1, source=0x101 }
11-09 11:24:10.911  6691  6691 I Input   : injectKeyEvent: KeyEvent { action=ACTION_DOWN, keyCode=KEYCODE_DEL, scanCode=0, metaState=0, flags=0x0, repeatCount=0, eventTime=25275589, downTime=25275589, deviceId=-1, source=0x101 }
11-09 11:24:10.913  6691  6691 I Input   : injectKeyEvent: KeyEvent { action=ACTION_UP, keyCode=KEYCODE_DEL, scanCode=0, metaState=0, flags=0x0, repeatCount=0, eventTime=25275589, downTime=25275589, deviceId=-1, source=0x101 }
11-09 11:24:10.914  6691  6691 I Input   : injectKeyEvent: KeyEvent { action=ACTION_DOWN, keyCode=KEYCODE_DEL, scanCode=0, metaState=0, flags=0x0, repeatCount=0, eventTime=25275592, downTime=25275592, deviceId=-1, source=0x101 }
11-09 11:24:10.916  6691  6691 I Input   : injectKeyEvent: KeyEvent { action=ACTION_UP, keyCode=KEYCODE_DEL, scanCode=0, metaState=0, flags=0x0, repeatCount=0, eventTime=25275592, downTime=25275592, deviceId=-1, source=0x101 }
11-09 11:24:10.918  6691  6691 I Input   : injectKeyEvent: KeyEvent { action=ACTION_DOWN, keyCode=KEYCODE_DEL, scanCode=0, metaState=0, flags=0x0, repeatCount=0, eventTime=25275596, downTime=25275596, deviceId=-1, source=0x101 }
11-09 11:24:10.920  6691  6691 I Input   : injectKeyEvent: KeyEvent { action=ACTION_UP, keyCode=KEYCODE_DEL, scanCode=0, metaState=0, flags=0x0, repeatCount=0, eventTime=25275596, downTime=25275596, deviceId=-1, source=0x101 }
11-09 11:24:10.921  6691  6691 I Input   : injectKeyEvent: KeyEvent { action=ACTION_DOWN, keyCode=KEYCODE_DEL, scanCode=0, metaState=0, flags=0x0, repeatCount=0, eventTime=25275599, downTime=25275599, deviceId=-1, source=0x101 }
11-09 11:24:10.924  6691  6691 I Input   : injectKeyEvent: KeyEvent { action=ACTION_UP, keyCode=KEYCODE_DEL, scanCode=0, metaState=0, flags=0x0, repeatCount=0, eventTime=25275599, downTime=25275599, deviceId=-1, source=0x101 }
11-09 11:24:10.926  6691  6691 I Input   : injectKeyEvent: KeyEvent { action=ACTION_DOWN, keyCode=KEYCODE_DEL, scanCode=0, metaState=0, flags=0x0, repeatCount=0, eventTime=25275604, downTime=25275604, deviceId=-1, source=0x101 }
11-09 11:24:10.928  6691  6691 I Input   : injectKeyEvent: KeyEvent { action=ACTION_UP, keyCode=KEYCODE_DEL, scanCode=0, metaState=0, flags=0x0, repeatCount=0, eventTime=25275604, downTime=25275604, deviceId=-1, source=0x101 }
11-09 11:24:10.930  6691  6691 I Input   : injectKeyEvent: KeyEvent { action=ACTION_DOWN, keyCode=KEYCODE_DEL, scanCode=0, metaState=0, flags=0x0, repeatCount=0, eventTime=25275607, downTime=25275607, deviceId=-1, source=0x101 }
11-09 11:24:10.932  6691  6691 I Input   : injectKeyEvent: KeyEvent { action=ACTION_UP, keyCode=KEYCODE_DEL, scanCode=0, metaState=0, flags=0x0, repeatCount=0, eventTime=25275607, downTime=25275607, deviceId=-1, source=0x101 }
11-09 11:24:10.933  6691  6691 I Input   : injectKeyEvent: KeyEvent { action=ACTION_DOWN, keyCode=KEYCODE_DEL, scanCode=0, metaState=0, flags=0x0, repeatCount=0, eventTime=25275611, downTime=25275611, deviceId=-1, source=0x101 }
11-09 11:24:10.935  6691  6691 I Input   : injectKeyEvent: KeyEvent { action=ACTION_UP, keyCode=KEYCODE_DEL, scanCode=0, metaState=0, flags=0x0, repeatCount=0, eventTime=25275611, downTime=25275611, deviceId=-1, source=0x101 }
11-09 11:24:10.937  6691  6691 I Input   : injectKeyEvent: KeyEvent { action=ACTION_DOWN, keyCode=KEYCODE_DEL, scanCode=0, metaState=0, flags=0x0, repeatCount=0, eventTime=25275614, downTime=25275614, deviceId=-1, source=0x101 }
11-09 11:24:10.938  6691  6691 I Input   : injectKeyEvent: KeyEvent { action=ACTION_UP, keyCode=KEYCODE_DEL, scanCode=0, metaState=0, flags=0x0, repeatCount=0, eventTime=25275614, downTime=25275614, deviceId=-1, source=0x101 }
11-09 11:24:10.940  6691  6691 I Input   : injectKeyEvent: KeyEvent { action=ACTION_DOWN, keyCode=KEYCODE_DEL, scanCode=0, metaState=0, flags=0x0, repeatCount=0, eventTime=25275618, downTime=25275618, deviceId=-1, source=0x101 }
11-09 11:24:10.944  6691  6691 I Input   : injectKeyEvent: KeyEvent { action=ACTION_UP, keyCode=KEYCODE_DEL, scanCode=0, metaState=0, flags=0x0, repeatCount=0, eventTime=25275618, downTime=25275618, deviceId=-1, source=0x101 }
11-09 11:24:10.946  6691  6691 I Input   : injectKeyEvent: KeyEvent { action=ACTION_DOWN, keyCode=KEYCODE_DEL, scanCode=0, metaState=0, flags=0x0, repeatCount=0, eventTime=25275623, downTime=25275623, deviceId=-1, source=0x101 }
11-09 11:24:10.947  6691  6691 I Input   : injectKeyEvent: KeyEvent { action=ACTION_UP, keyCode=KEYCODE_DEL, scanCode=0, metaState=0, flags=0x0, repeatCount=0, eventTime=25275623, downTime=25275623, deviceId=-1, source=0x101 }
11-09 11:24:10.950  6691  6691 I Input   : injectKeyEvent: KeyEvent { action=ACTION_DOWN, keyCode=KEYCODE_DEL, scanCode=0, metaState=0, flags=0x0, repeatCount=0, eventTime=25275628, downTime=25275628, deviceId=-1, source=0x101 }
11-09 11:24:10.952  6691  6691 I Input   : injectKeyEvent: KeyEvent { action=ACTION_UP, keyCode=KEYCODE_DEL, scanCode=0, metaState=0, flags=0x0, repeatCount=0, eventTime=25275628, downTime=25275628, deviceId=-1, source=0x101 }
11-09 11:24:10.953  6691  6691 I Input   : injectKeyEvent: KeyEvent { action=ACTION_DOWN, keyCode=KEYCODE_DEL, scanCode=0, metaState=0, flags=0x0, repeatCount=0, eventTime=25275631, downTime=25275631, deviceId=-1, source=0x101 }
11-09 11:24:10.955  6691  6691 I Input   : injectKeyEvent: KeyEvent { action=ACTION_UP, keyCode=KEYCODE_DEL, scanCode=0, metaState=0, flags=0x0, repeatCount=0, eventTime=25275631, downTime=25275631, deviceId=-1, source=0x101 }
11-09 11:24:10.956  6691  6691 I Input   : injectKeyEvent: KeyEvent { action=ACTION_DOWN, keyCode=KEYCODE_DEL, scanCode=0, metaState=0, flags=0x0, repeatCount=0, eventTime=25275634, downTime=25275634, deviceId=-1, source=0x101 }
11-09 11:24:10.958  6691  6691 I Input   : injectKeyEvent: KeyEvent { action=ACTION_UP, keyCode=KEYCODE_DEL, scanCode=0, metaState=0, flags=0x0, repeatCount=0, eventTime=25275634, downTime=25275634, deviceId=-1, source=0x101 }
11-09 11:24:10.960  6691  6691 I Input   : injectKeyEvent: KeyEvent { action=ACTION_DOWN, keyCode=KEYCODE_DEL, scanCode=0, metaState=0, flags=0x0, repeatCount=0, eventTime=25275637, downTime=25275637, deviceId=-1, source=0x101 }
11-09 11:24:10.961  6691  6691 I Input   : injectKeyEvent: KeyEvent { action=ACTION_UP, keyCode=KEYCODE_DEL, scanCode=0, metaState=0, flags=0x0, repeatCount=0, eventTime=25275637, downTime=25275637, deviceId=-1, source=0x101 }
11-09 11:24:10.963  6691  6691 I Input   : injectKeyEvent: KeyEvent { action=ACTION_DOWN, keyCode=KEYCODE_DEL, scanCode=0, metaState=0, flags=0x0, repeatCount=0, eventTime=25275641, downTime=25275641, deviceId=-1, source=0x101 }
11-09 11:24:10.965  6691  6691 I Input   : injectKeyEvent: KeyEvent { action=ACTION_UP, keyCode=KEYCODE_DEL, scanCode=0, metaState=0, flags=0x0, repeatCount=0, eventTime=25275641, downTime=25275641, deviceId=-1, source=0x101 }
11-09 11:24:10.967  6691  6691 I Input   : injectKeyEvent: KeyEvent { action=ACTION_DOWN, keyCode=KEYCODE_DEL, scanCode=0, metaState=0, flags=0x0, repeatCount=0, eventTime=25275644, downTime=25275644, deviceId=-1, source=0x101 }
11-09 11:24:10.968  6691  6691 I Input   : injectKeyEvent: KeyEvent { action=ACTION_UP, keyCode=KEYCODE_DEL, scanCode=0, metaState=0, flags=0x0, repeatCount=0, eventTime=25275644, downTime=25275644, deviceId=-1, source=0x101 }
11-09 11:24:10.969  6691  6691 I Input   : injectKeyEvent: KeyEvent { action=ACTION_DOWN, keyCode=KEYCODE_DEL, scanCode=0, metaState=0, flags=0x0, repeatCount=0, eventTime=25275647, downTime=25275647, deviceId=-1, source=0x101 }
11-09 11:24:10.971  6691  6691 I Input   : injectKeyEvent: KeyEvent { action=ACTION_UP, keyCode=KEYCODE_DEL, scanCode=0, metaState=0, flags=0x0, repeatCount=0, eventTime=25275647, downTime=25275647, deviceId=-1, source=0x101 }
11-09 11:24:10.973  6691  6691 I Input   : injectKeyEvent: KeyEvent { action=ACTION_DOWN, keyCode=KEYCODE_DEL, scanCode=0, metaState=0, flags=0x0, repeatCount=0, eventTime=25275650, downTime=25275650, deviceId=-1, source=0x101 }
11-09 11:24:10.974  6691  6691 I Input   : injectKeyEvent: KeyEvent { action=ACTION_UP, keyCode=KEYCODE_DEL, scanCode=0, metaState=0, flags=0x0, repeatCount=0, eventTime=25275650, downTime=25275650, deviceId=-1, source=0x101 }
11-09 11:24:10.976  6691  6691 I Input   : injectKeyEvent: KeyEvent { action=ACTION_DOWN, keyCode=KEYCODE_DEL, scanCode=0, metaState=0, flags=0x0, repeatCount=0, eventTime=25275653, downTime=25275653, deviceId=-1, source=0x101 }
11-09 11:24:10.977  6691  6691 I Input   : injectKeyEvent: KeyEvent { action=ACTION_UP, keyCode=KEYCODE_DEL, scanCode=0, metaState=0, flags=0x0, repeatCount=0, eventTime=25275653, downTime=25275653, deviceId=-1, source=0x101 }
11-09 11:24:10.979  6691  6691 I Input   : injectKeyEvent: KeyEvent { action=ACTION_DOWN, keyCode=KEYCODE_DEL, scanCode=0, metaState=0, flags=0x0, repeatCount=0, eventTime=25275656, downTime=25275656, deviceId=-1, source=0x101 }
11-09 11:24:10.980  6691  6691 I Input   : injectKeyEvent: KeyEvent { action=ACTION_UP, keyCode=KEYCODE_DEL, scanCode=0, metaState=0, flags=0x0, repeatCount=0, eventTime=25275656, downTime=25275656, deviceId=-1, source=0x101 }
11-09 11:24:10.981  6691  6691 I Input   : injectKeyEvent: KeyEvent { action=ACTION_DOWN, keyCode=KEYCODE_DEL, scanCode=0, metaState=0, flags=0x0, repeatCount=0, eventTime=25275659, downTime=25275659, deviceId=-1, source=0x101 }
11-09 11:24:10.983  6691  6691 I Input   : injectKeyEvent: KeyEvent { action=ACTION_UP, keyCode=KEYCODE_DEL, scanCode=0, metaState=0, flags=0x0, repeatCount=0, eventTime=25275659, downTime=25275659, deviceId=-1, source=0x101 }
11-09 11:24:10.985  6691  6691 I Input   : injectKeyEvent: KeyEvent { action=ACTION_DOWN, keyCode=KEYCODE_DEL, scanCode=0, metaState=0, flags=0x0, repeatCount=0, eventTime=25275663, downTime=25275663, deviceId=-1, source=0x101 }
11-09 11:24:10.987  6691  6691 I Input   : injectKeyEvent: KeyEvent { action=ACTION_UP, keyCode=KEYCODE_DEL, scanCode=0, metaState=0, flags=0x0, repeatCount=0, eventTime=25275663, downTime=25275663, deviceId=-1, source=0x101 }
11-09 11:24:10.988  6691  6691 I Input   : injectKeyEvent: KeyEvent { action=ACTION_DOWN, keyCode=KEYCODE_DEL, scanCode=0, metaState=0, flags=0x0, repeatCount=0, eventTime=25275666, downTime=25275666, deviceId=-1, source=0x101 }
11-09 11:24:10.990  6691  6691 I Input   : injectKeyEvent: KeyEvent { action=ACTION_UP, keyCode=KEYCODE_DEL, scanCode=0, metaState=0, flags=0x0, repeatCount=0, eventTime=25275666, downTime=25275666, deviceId=-1, source=0x101 }
11-09 11:24:10.992  6691  6691 I Input   : injectKeyEvent: KeyEvent { action=ACTION_DOWN, keyCode=KEYCODE_DEL, scanCode=0, metaState=0, flags=0x0, repeatCount=0, eventTime=25275669, downTime=25275669, deviceId=-1, source=0x101 }
11-09 11:24:10.993  6691  6691 I Input   : injectKeyEvent: KeyEvent { action=ACTION_UP, keyCode=KEYCODE_DEL, scanCode=0, metaState=0, flags=0x0, repeatCount=0, eventTime=25275669, downTime=25275669, deviceId=-1, source=0x101 }
11-09 11:24:10.995  6691  6691 I Input   : injectKeyEvent: KeyEvent { action=ACTION_DOWN, keyCode=KEYCODE_DEL, scanCode=0, metaState=0, flags=0x0, repeatCount=0, eventTime=25275673, downTime=25275673, deviceId=-1, source=0x101 }
11-09 11:24:10.997  6691  6691 I Input   : injectKeyEvent: KeyEvent { action=ACTION_UP, keyCode=KEYCODE_DEL, scanCode=0, metaState=0, flags=0x0, repeatCount=0, eventTime=25275673, downTime=25275673, deviceId=-1, source=0x101 }
11-09 11:24:10.999  6691  6691 I Input   : injectKeyEvent: KeyEvent { action=ACTION_DOWN, keyCode=KEYCODE_DEL, scanCode=0, metaState=0, flags=0x0, repeatCount=0, eventTime=25275676, downTime=25275676, deviceId=-1, source=0x101 }
11-09 11:24:11.000  6691  6691 I Input   : injectKeyEvent: KeyEvent { action=ACTION_UP, keyCode=KEYCODE_DEL, scanCode=0, metaState=0, flags=0x0, repeatCount=0, eventTime=25275676, downTime=25275676, deviceId=-1, source=0x101 }
11-09 11:24:11.002  6691  6691 I Input   : injectKeyEvent: KeyEvent { action=ACTION_DOWN, keyCode=KEYCODE_DEL, scanCode=0, metaState=0, flags=0x0, repeatCount=0, eventTime=25275680, downTime=25275680, deviceId=-1, source=0x101 }
11-09 11:24:11.004  6691  6691 I Input   : injectKeyEvent: KeyEvent { action=ACTION_UP, keyCode=KEYCODE_DEL, scanCode=0, metaState=0, flags=0x0, repeatCount=0, eventTime=25275680, downTime=25275680, deviceId=-1, source=0x101 }
11-09 11:24:11.005  6691  6691 I Input   : injectKeyEvent: KeyEvent { action=ACTION_DOWN, keyCode=KEYCODE_DEL, scanCode=0, metaState=0, flags=0x0, repeatCount=0, eventTime=25275683, downTime=25275683, deviceId=-1, source=0x101 }
11-09 11:24:11.007  6691  6691 I Input   : injectKeyEvent: KeyEvent { action=ACTION_UP, keyCode=KEYCODE_DEL, scanCode=0, metaState=0, flags=0x0, repeatCount=0, eventTime=25275683, downTime=25275683, deviceId=-1, source=0x101 }
11-09 11:24:11.009  6691  6691 D AndroidRuntime: Shutting down VM
11-09 11:24:11.135  6701  6701 D AndroidRuntime: >>>>>> START com.android.internal.os.RuntimeInit uid 2000 <<<<<<
11-09 11:24:11.165  6701  6701 W app_process: Unexpected CPU variant for X86 using defaults: x86
11-09 11:24:11.167  6701  6701 I app_process: The ClassLoaderContext is a special shared library.
11-09 11:24:11.180  6701  6701 D AndroidRuntime: Calling main entry com.android.commands.input.Input
11-09 11:24:11.181  6701  6701 I Input   : injectKeyEvent: KeyEvent { action=ACTION_DOWN, keyCode=KEYCODE_SHIFT_LEFT, scanCode=0, metaState=META_SHIFT_ON|META_SHIFT_LEFT_ON, flags=0x0, repeatCount=0, eventTime=25275859, downTime=25275859, deviceId=-1, source=0x101 }
11-09 11:24:11.186  6701  6701 I Input   : injectKeyEvent: KeyEvent { action=ACTION_DOWN, keyCode=KEYCODE_T, scanCode=0, metaState=META_SHIFT_ON|META_SHIFT_LEFT_ON, flags=0x0, repeatCount=0, eventTime=25275859, downTime=25275859, deviceId=-1, source=0x101 }
11-09 11:24:11.195  1751  1751 W GInputConnectionWrapper: Fixing selection indices to 0, 0
11-09 11:24:11.205  1751  1751 I native  : input-context-store.cc:113 Using roll back input context operation: [DecodeTouch] reason: client [2010] vs decoder [2012]
11-09 11:24:11.209  6701  6701 I Input   : injectKeyEvent: KeyEvent { action=ACTION_UP, keyCode=KEYCODE_T, scanCode=0, metaState=META_SHIFT_ON|META_SHIFT_LEFT_ON, flags=0x0, repeatCount=0, eventTime=25275859, downTime=25275859, deviceId=-1, source=0x101 }
11-09 11:24:11.214  1439  1480 D gralloc_ranchu: gralloc_alloc: Creating ashmem region of size 8024064
11-09 11:24:11.218  1450  1750 D         : HostConnection::get() New Host Connection established 0xe80a1200, tid 1750
11-09 11:24:11.219  1439  1480 D gralloc_ranchu: gralloc_alloc: Creating ashmem region of size 8024064
11-09 11:24:11.225  1439  1480 D gralloc_ranchu: gralloc_alloc: Creating ashmem region of size 8024064
11-09 11:24:11.238  6701  6701 I Input   : injectKeyEvent: KeyEvent { action=ACTION_UP, keyCode=KEYCODE_SHIFT_LEFT, scanCode=0, metaState=0, flags=0x0, repeatCount=0, eventTime=25275859, downTime=25275859, deviceId=-1, source=0x101 }
11-09 11:24:11.256  6701  6701 I Input   : injectKeyEvent: KeyEvent { action=ACTION_DOWN, keyCode=KEYCODE_E, scanCode=0, metaState=0, flags=0x0, repeatCount=0, eventTime=25275859, downTime=25275859, deviceId=-1, source=0x101 }
11-09 11:24:11.267  1751  9832 D EGL_emulation: eglMakeCurrent: 0xd80d37c0: ver 3 0 (tinfo 0xd6830cf0)
11-09 11:24:11.286  6701  6701 I Input   : injectKeyEvent: KeyEvent { action=ACTION_UP, keyCode=KEYCODE_E, scanCode=0, metaState=0, flags=0x0, repeatCount=0, eventTime=25275859, downTime=25275859, deviceId=-1, source=0x101 }
11-09 11:24:11.289  6701  6701 I Input   : injectKeyEvent: KeyEvent { action=ACTION_DOWN, keyCode=KEYCODE_S, scanCode=0, metaState=0, flags=0x0, repeatCount=0, eventTime=25275859, downTime=25275859, deviceId=-1, source=0x101 }
11-09 11:24:11.292  6701  6701 I Input   : injectKeyEvent: KeyEvent { action=ACTION_UP, keyCode=KEYCODE_S, scanCode=0, metaState=0, flags=0x0, repeatCount=0, eventTime=25275859, downTime=25275859, deviceId=-1, source=0x101 }
11-09 11:24:11.294  6701  6701 I Input   : injectKeyEvent: KeyEvent { action=ACTION_DOWN, keyCode=KEYCODE_T, scanCode=0, metaState=0, flags=0x0, repeatCount=0, eventTime=25275859, downTime=25275859, deviceId=-1, source=0x101 }
11-09 11:24:11.301  1751  1751 I native  : input-context-store.cc:113 Using roll back input context operation: [DecodeTouch] reason: client [2017] vs decoder [2018]
11-09 11:24:11.303  6701  6701 I Input   : injectKeyEvent: KeyEvent { action=ACTION_UP, keyCode=KEYCODE_T, scanCode=0, metaState=0, flags=0x0, repeatCount=0, eventTime=25275859, downTime=25275859, deviceId=-1, source=0x101 }
11-09 11:24:11.310  6701  6701 I Input   : injectKeyEvent: KeyEvent { action=ACTION_DOWN, keyCode=KEYCODE_SHIFT_LEFT, scanCode=0, metaState=META_SHIFT_ON|META_SHIFT_LEFT_ON, flags=0x0, repeatCount=0, eventTime=25275859, downTime=25275859, deviceId=-1, source=0x101 }
11-09 11:24:11.314  6701  6701 I Input   : injectKeyEvent: KeyEvent { action=ACTION_DOWN, keyCode=KEYCODE_T, scanCode=0, metaState=META_SHIFT_ON|META_SHIFT_LEFT_ON, flags=0x0, repeatCount=0, eventTime=25275859, downTime=25275859, deviceId=-1, source=0x101 }
11-09 11:24:11.320  1751  1751 I native  : input-context-store.cc:113 Using roll back input context operation: [DecodeTouch] reason: client [2020] vs decoder [2021]
11-09 11:24:11.323  6701  6701 I Input   : injectKeyEvent: KeyEvent { action=ACTION_UP, keyCode=KEYCODE_T, scanCode=0, metaState=META_SHIFT_ON|META_SHIFT_LEFT_ON, flags=0x0, repeatCount=0, eventTime=25275859, downTime=25275859, deviceId=-1, source=0x101 }
11-09 11:24:11.325  6701  6701 I Input   : injectKeyEvent: KeyEvent { action=ACTION_UP, keyCode=KEYCODE_SHIFT_LEFT, scanCode=0, metaState=0, flags=0x0, repeatCount=0, eventTime=25275859, downTime=25275859, deviceId=-1, source=0x101 }
11-09 11:24:11.327  6701  6701 I Input   : injectKeyEvent: KeyEvent { action=ACTION_DOWN, keyCode=KEYCODE_E, scanCode=0, metaState=0, flags=0x0, repeatCount=0, eventTime=25275859, downTime=25275859, deviceId=-1, source=0x101 }
11-09 11:24:11.328  1751  1751 I native  : input-context-store.cc:113 Using roll back input context operation: [DecodeTouch] reason: client [2022] vs decoder [2023]
11-09 11:24:11.329  6701  6701 I Input   : injectKeyEvent: KeyEvent { action=ACTION_UP, keyCode=KEYCODE_E, scanCode=0, metaState=0, flags=0x0, repeatCount=0, eventTime=25275859, downTime=25275859, deviceId=-1, source=0x101 }
11-09 11:24:11.331  6701  6701 I Input   : injectKeyEvent: KeyEvent { action=ACTION_DOWN, keyCode=KEYCODE_S, scanCode=0, metaState=0, flags=0x0, repeatCount=0, eventTime=25275859, downTime=25275859, deviceId=-1, source=0x101 }
11-09 11:24:11.333  1751  1751 I native  : input-context-store.cc:113 Using roll back input context operation: [DecodeTouch] reason: client [2024] vs decoder [2025]
11-09 11:24:11.337  6701  6701 I Input   : injectKeyEvent: KeyEvent { action=ACTION_UP, keyCode=KEYCODE_S, scanCode=0, metaState=0, flags=0x0, repeatCount=0, eventTime=25275859, downTime=25275859, deviceId=-1, source=0x101 }
11-09 11:24:11.342  6701  6701 I Input   : injectKeyEvent: KeyEvent { action=ACTION_DOWN, keyCode=KEYCODE_T, scanCode=0, metaState=0, flags=0x0, repeatCount=0, eventTime=25275859, downTime=25275859, deviceId=-1, source=0x101 }
11-09 11:24:11.345  6701  6701 I Input   : injectKeyEvent: KeyEvent { action=ACTION_UP, keyCode=KEYCODE_T, scanCode=0, metaState=0, flags=0x0, repeatCount=0, eventTime=25275859, downTime=25275859, deviceId=-1, source=0x101 }
11-09 11:24:11.346  6701  6701 I Input   : injectKeyEvent: KeyEvent { action=ACTION_DOWN, keyCode=KEYCODE_SPACE, scanCode=0, metaState=0, flags=0x0, repeatCount=0, eventTime=25275859, downTime=25275859, deviceId=-1, source=0x101 }
11-09 11:24:11.351  6701  6701 I Input   : injectKeyEvent: KeyEvent { action=ACTION_UP, keyCode=KEYCODE_SPACE, scanCode=0, metaState=0, flags=0x0, repeatCount=0, eventTime=25275859, downTime=25275859, deviceId=-1, source=0x101 }
11-09 11:24:11.359  6701  6701 I Input   : injectKeyEvent: KeyEvent { action=ACTION_DOWN, keyCode=KEYCODE_SHIFT_LEFT, scanCode=0, metaState=META_SHIFT_ON|META_SHIFT_LEFT_ON, flags=0x0, repeatCount=0, eventTime=25275859, downTime=25275859, deviceId=-1, source=0x101 }
11-09 11:24:11.362  6701  6701 I Input   : injectKeyEvent: KeyEvent { action=ACTION_DOWN, keyCode=KEYCODE_T, scanCode=0, metaState=META_SHIFT_ON|META_SHIFT_LEFT_ON, flags=0x0, repeatCount=0, eventTime=25275859, downTime=25275859, deviceId=-1, source=0x101 }
11-09 11:24:11.363  1751  1751 I native  : input-context-store.cc:113 Using roll back input context operation: [DecodeTouch] reason: client [2031] vs decoder [2032]
11-09 11:24:11.365  6701  6701 I Input   : injectKeyEvent: KeyEvent { action=ACTION_UP, keyCode=KEYCODE_T, scanCode=0, metaState=META_SHIFT_ON|META_SHIFT_LEFT_ON, flags=0x0, repeatCount=0, eventTime=25275859, downTime=25275859, deviceId=-1, source=0x101 }
11-09 11:24:11.366  6701  6701 I Input   : injectKeyEvent: KeyEvent { action=ACTION_UP, keyCode=KEYCODE_SHIFT_LEFT, scanCode=0, metaState=0, flags=0x0, repeatCount=0, eventTime=25275859, downTime=25275859, deviceId=-1, source=0x101 }
11-09 11:24:11.367  6701  6701 I Input   : injectKeyEvent: KeyEvent { action=ACTION_DOWN, keyCode=KEYCODE_E, scanCode=0, metaState=0, flags=0x0, repeatCount=0, eventTime=25275859, downTime=25275859, deviceId=-1, source=0x101 }
11-09 11:24:11.368  1751  1751 I native  : input-context-store.cc:113 Using roll back input context operation: [DecodeTouch] reason: client [2033] vs decoder [2034]
11-09 11:24:11.369  6701  6701 I Input   : injectKeyEvent: KeyEvent { action=ACTION_UP, keyCode=KEYCODE_E, scanCode=0, metaState=0, flags=0x0, repeatCount=0, eventTime=25275859, downTime=25275859, deviceId=-1, source=0x101 }
11-09 11:24:11.378  6701  6701 I Input   : injectKeyEvent: KeyEvent { action=ACTION_DOWN, keyCode=KEYCODE_S, scanCode=0, metaState=0, flags=0x0, repeatCount=0, eventTime=25275859, downTime=25275859, deviceId=-1, source=0x101 }
11-09 11:24:11.379  6701  6701 I Input   : injectKeyEvent: KeyEvent { action=ACTION_UP, keyCode=KEYCODE_S, scanCode=0, metaState=0, flags=0x0, repeatCount=0, eventTime=25275859, downTime=25275859, deviceId=-1, source=0x101 }
11-09 11:24:11.380  6701  6701 I Input   : injectKeyEvent: KeyEvent { action=ACTION_DOWN, keyCode=KEYCODE_T, scanCode=0, metaState=0, flags=0x0, repeatCount=0, eventTime=25275859, downTime=25275859, deviceId=-1, source=0x101 }
11-09 11:24:11.381  6701  6701 I Input   : injectKeyEvent: KeyEvent { action=ACTION_UP, keyCode=KEYCODE_T, scanCode=0, metaState=0, flags=0x0, repeatCount=0, eventTime=25275859, downTime=25275859, deviceId=-1, source=0x101 }
11-09 11:24:11.382  1751  9826 I native  : input-context-store.cc:138 Ignoring stale client request for FetchSuggestions
11-09 11:24:11.382  6701  6701 D AndroidRuntime: Shutting down VM
11-09 11:24:11.434  1751  1751 W LstmExtension: no lmDescriptor could be found for en_US/20170411
11-09 11:24:11.434  1751  1751 W LstmExtension: no lmDescriptor could be found for en_US/20170411
11-09 11:24:11.567  6716  6716 D AndroidRuntime: >>>>>> START com.android.internal.os.RuntimeInit uid 2000 <<<<<<
11-09 11:24:11.569  6716  6716 W app_process: Could not reserve sentinel fault page
11-09 11:24:11.601  6716  6716 W app_process: Unexpected CPU variant for X86 using defaults: x86
11-09 11:24:11.603  6716  6716 I app_process: The ClassLoaderContext is a special shared library.
11-09 11:24:11.616  6716  6716 D AndroidRuntime: Calling main entry com.android.commands.input.Input
11-09 11:24:11.617  6716  6716 I Input   : injectKeyEvent: KeyEvent { action=ACTION_DOWN, keyCode=KEYCODE_ESCAPE, scanCode=0, metaState=0, flags=0x0, repeatCount=0, eventTime=25276294, downTime=25276294, deviceId=-1, source=0x101 }
11-09 11:24:11.621  6716  6716 I Input   : injectKeyEvent: KeyEvent { action=ACTION_UP, keyCode=KEYCODE_ESCAPE, scanCode=0, metaState=0, flags=0x0, repeatCount=0, eventTime=25276294, downTime=25276294, deviceId=-1, source=0x101 }
11-09 11:24:11.626  6716  6716 D AndroidRuntime: Shutting down VM
11-09 11:24:11.644  1751  9832 D EGL_emulation: eglMakeCurrent: 0xd80d37c0: ver 3 0 (tinfo 0xd6830cf0)
11-09 11:24:11.861  1440  1484 D gralloc_ranchu: gralloc_unregister_buffer: exiting HostConnection (is buffer-handling thread)
11-09 11:24:11.862  1440  1484 D         : HostConnection::get() New Host Connection established 0xf1a23a40, tid 1484
11-09 11:24:11.862  1440  1484 D gralloc_ranchu: gralloc_unregister_buffer: exiting HostConnection (is buffer-handling thread)
11-09 11:24:11.863  1440  1484 D         : HostConnection::get() New Host Connection established 0xf1a23a40, tid 1484
11-09 11:24:11.864  1440  1484 D gralloc_ranchu: gralloc_unregister_buffer: exiting HostConnection (is buffer-handling thread)
11-09 11:24:11.864  1440  1484 D         : HostConnection::get() New Host Connection established 0xf1a23a40, tid 1484
11-09 11:24:11.864  1440  1484 D gralloc_ranchu: gralloc_unregister_buffer: exiting HostConnection (is buffer-handling thread)
11-09 11:24:11.865  1440  1484 D         : HostConnection::get() New Host Connection established 0xf1a23a40, tid 1484
11-09 11:24:11.865  1440  1484 D gralloc_ranchu: gralloc_unregister_buffer: exiting HostConnection (is buffer-handling thread)
11-09 11:24:11.866  1440  1484 D         : HostConnection::get() New Host Connection established 0xf1a23a40, tid 1484
11-09 11:24:11.866  1440  1484 D gralloc_ranchu: gralloc_unregister_buffer: exiting HostConnection (is buffer-handling thread)
11-09 11:24:11.870  1440  1484 D         : HostConnection::get() New Host Connection established 0xf1a23a40, tid 1484
11-09 11:24:13.281  1450  1726 E SurfaceFlinger: ro.sf.lcd_density must be defined as a build property
11-09 11:24:13.288  1439  1480 D gralloc_ranchu: gralloc_alloc: Creating ashmem region of size 8298496
11-09 11:24:13.293  6731  6731 D         : HostConnection::get() New Host Connection established 0xeb148240, tid 6731
11-09 11:24:13.298  1450  1726 D gralloc_ranchu: gralloc_unregister_buffer: exiting HostConnection (is buffer-handling thread)
11-09 11:24:13.299  1450  1726 D         : HostConnection::get() New Host Connection established 0xe80a1580, tid 1726
11-09 11:24:13.299  1450  1726 D gralloc_ranchu: gralloc_unregister_buffer: exiting HostConnection (is buffer-handling thread)
11-09 11:24:13.692  4290  4290 D MediaScannerReceiver: action: android.intent.action.MEDIA_SCANNER_SCAN_FILE path: /storage/emulated/0/screen.png
11-09 11:24:17.280  6743  6743 D AndroidRuntime: >>>>>> START com.android.internal.os.RuntimeInit uid 2000 <<<<<<
11-09 11:24:17.312  6743  6743 W app_process: Unexpected CPU variant for X86 using defaults: x86
11-09 11:24:17.314  6743  6743 I app_process: The ClassLoaderContext is a special shared library.
11-09 11:24:17.315  6743  6743 I app_process: The ClassLoaderContext is a special shared library.
11-09 11:24:17.328  6743  6743 D AndroidRuntime: Calling main entry com.android.commands.uiautomator.Launcher
11-09 11:24:18.354  6743  6743 I app_process: Deoptimizing java.lang.String com.android.uiautomator.core.AccessibilityNodeInfoDumper.stripInvalidXMLChars(java.lang.CharSequence) due to JIT inline cache
11-09 11:24:18.357  6743  6743 W AccessibilityNodeInfoDumper: Fetch time: 6ms
11-09 11:24:18.357  1649  4108 W WindowManager: removeWindowToken: Attempted to remove non-existing token: android.os.Binder@3df2c3b
11-09 11:24:18.365  6743  6743 D AndroidRuntime: Shutting down VM
11-09 11:24:20.661  6758  6758 D AndroidRuntime: >>>>>> START com.android.internal.os.RuntimeInit uid 2000 <<<<<<
11-09 11:24:20.697  6758  6758 W app_process: Unexpected CPU variant for X86 using defaults: x86
11-09 11:24:20.699  6758  6758 I app_process: The ClassLoaderContext is a special shared library.
11-09 11:24:20.699  6758  6758 I app_process: The ClassLoaderContext is a special shared library.
11-09 11:24:20.715  6758  6758 D AndroidRuntime: Calling main entry com.android.commands.uiautomator.Launcher
11-09 11:24:21.735  6758  6758 I app_process: Deoptimizing java.lang.String com.android.uiautomator.core.AccessibilityNodeInfoDumper.stripInvalidXMLChars(java.lang.CharSequence) due to JIT inline cache
11-09 11:24:21.738  6758  6758 W AccessibilityNodeInfoDumper: Fetch time: 5ms
11-09 11:24:21.738  1649  2251 W WindowManager: removeWindowToken: Attempted to remove non-existing token: android.os.Binder@e56b8b1
11-09 11:24:21.743  6758  6758 D AndroidRuntime: Shutting down VM
11-09 11:24:21.980  6775  6775 D AndroidRuntime: >>>>>> START com.android.internal.os.RuntimeInit uid 2000 <<<<<<
11-09 11:24:22.019  6775  6775 W app_process: Unexpected CPU variant for X86 using defaults: x86
11-09 11:24:22.021  6775  6775 I app_process: The ClassLoaderContext is a special shared library.
11-09 11:24:22.022  6775  6775 I app_process: The ClassLoaderContext is a special shared library.
11-09 11:24:22.037  6775  6775 D AndroidRuntime: Calling main entry com.android.commands.uiautomator.Launcher
11-09 11:24:23.062  6775  6775 I app_process: Deoptimizing java.lang.String com.android.uiautomator.core.AccessibilityNodeInfoDumper.stripInvalidXMLChars(java.lang.CharSequence) due to JIT inline cache
11-09 11:24:23.065  6775  6775 W AccessibilityNodeInfoDumper: Fetch time: 5ms
11-09 11:24:23.065  1649  4108 W WindowManager: removeWindowToken: Attempted to remove non-existing token: android.os.Binder@28a5117
11-09 11:24:23.073  6775  6775 D AndroidRuntime: Shutting down VM
11-09 11:24:23.301  6792  6792 D AndroidRuntime: >>>>>> START com.android.internal.os.RuntimeInit uid 2000 <<<<<<
11-09 11:24:23.333  6792  6792 W app_process: Unexpected CPU variant for X86 using defaults: x86
11-09 11:24:23.336  6792  6792 I app_process: The ClassLoaderContext is a special shared library.
11-09 11:24:23.336  6792  6792 I app_process: The ClassLoaderContext is a special shared library.
11-09 11:24:23.349  6792  6792 D AndroidRuntime: Calling main entry com.android.commands.uiautomator.Launcher
11-09 11:24:23.903  4956  4991 W native  : jpeg_io.cc:108 File's first two bytes does not match the sequence 216
11-09 11:24:24.370  6792  6792 I app_process: Deoptimizing java.lang.String com.android.uiautomator.core.AccessibilityNodeInfoDumper.stripInvalidXMLChars(java.lang.CharSequence) due to JIT inline cache
11-09 11:24:24.372  6792  6792 W AccessibilityNodeInfoDumper: Fetch time: 4ms
11-09 11:24:24.373  1649  2251 W WindowManager: removeWindowToken: Attempted to remove non-existing token: android.os.Binder@1ed2eed
11-09 11:24:24.381  6792  6792 D AndroidRuntime: Shutting down VM
11-09 11:24:24.607  6810  6810 D AndroidRuntime: >>>>>> START com.android.internal.os.RuntimeInit uid 2000 <<<<<<
11-09 11:24:24.639  6810  6810 W app_process: Unexpected CPU variant for X86 using defaults: x86
11-09 11:24:24.640  6810  6810 I app_process: The ClassLoaderContext is a special shared library.
11-09 11:24:24.641  6810  6810 I app_process: The ClassLoaderContext is a special shared library.
11-09 11:24:24.655  6810  6810 D AndroidRuntime: Calling main entry com.android.commands.uiautomator.Launcher
11-09 11:24:25.678  6810  6810 I app_process: Deoptimizing java.lang.String com.android.uiautomator.core.AccessibilityNodeInfoDumper.stripInvalidXMLChars(java.lang.CharSequence) due to JIT inline cache
11-09 11:24:25.682  6810  6810 W AccessibilityNodeInfoDumper: Fetch time: 8ms
11-09 11:24:25.683  1649  4531 W WindowManager: removeWindowToken: Attempted to remove non-existing token: android.os.Binder@95626f7
11-09 11:24:25.693  6810  6810 D AndroidRuntime: Shutting down VM
11-09 11:24:25.917  6827  6827 D AndroidRuntime: >>>>>> START com.android.internal.os.RuntimeInit uid 2000 <<<<<<
11-09 11:24:25.919  6827  6827 W app_process: Could not reserve sentinel fault page
11-09 11:24:25.949  6827  6827 W app_process: Unexpected CPU variant for X86 using defaults: x86
11-09 11:24:25.952  6827  6827 I app_process: The ClassLoaderContext is a special shared library.
11-09 11:24:25.952  6827  6827 I app_process: The ClassLoaderContext is a special shared library.
11-09 11:24:25.965  6827  6827 D AndroidRuntime: Calling main entry com.android.commands.uiautomator.Launcher
11-09 11:24:26.985  6827  6827 I app_process: Deoptimizing java.lang.String com.android.uiautomator.core.AccessibilityNodeInfoDumper.stripInvalidXMLChars(java.lang.CharSequence) due to JIT inline cache
11-09 11:24:26.988  6827  6827 W AccessibilityNodeInfoDumper: Fetch time: 5ms
11-09 11:24:26.988  1649  4108 W WindowManager: removeWindowToken: Attempted to remove non-existing token: android.os.Binder@f6cf3c9
11-09 11:24:26.997  6827  6827 D AndroidRuntime: Shutting down VM
11-09 11:24:27.221  6845  6845 D AndroidRuntime: >>>>>> START com.android.internal.os.RuntimeInit uid 2000 <<<<<<
11-09 11:24:27.256  6845  6845 W app_process: Unexpected CPU variant for X86 using defaults: x86
11-09 11:24:27.257  6845  6845 I app_process: The ClassLoaderContext is a special shared library.
11-09 11:24:27.258  6845  6845 I app_process: The ClassLoaderContext is a special shared library.
11-09 11:24:27.271  6845  6845 D AndroidRuntime: Calling main entry com.android.commands.uiautomator.Launcher
11-09 11:24:28.295  6845  6845 I app_process: Deoptimizing java.lang.String com.android.uiautomator.core.AccessibilityNodeInfoDumper.stripInvalidXMLChars(java.lang.CharSequence) due to JIT inline cache
11-09 11:24:28.297  6845  6845 W AccessibilityNodeInfoDumper: Fetch time: 5ms
11-09 11:24:28.298  1649  2251 W WindowManager: removeWindowToken: Attempted to remove non-existing token: android.os.Binder@964fdef
11-09 11:24:28.304  6845  6845 D AndroidRuntime: Shutting down VM
11-09 11:24:28.521  6862  6862 D AndroidRuntime: >>>>>> START com.android.internal.os.RuntimeInit uid 2000 <<<<<<
11-09 11:24:28.552  6862  6862 W app_process: Unexpected CPU variant for X86 using defaults: x86
11-09 11:24:28.555  6862  6862 I app_process: The ClassLoaderContext is a special shared library.
11-09 11:24:28.555  6862  6862 I app_process: The ClassLoaderContext is a special shared library.
11-09 11:24:28.569  6862  6862 D AndroidRuntime: Calling main entry com.android.commands.uiautomator.Launcher
11-09 11:24:29.328  1649  1649 I ActivityManager: Start proc 6873:com.google.android.partnersetup/u0a20 for service com.google.android.partnersetup/.InstalledAppJobService
11-09 11:24:29.332  6873  6873 W zygote  : Unexpected CPU variant for X86 using defaults: x86
11-09 11:24:29.355  6873  6873 I zygote  : The ClassLoaderContext is a special shared library.
11-09 11:24:29.595  6862  6862 I app_process: Deoptimizing java.lang.String com.android.uiautomator.core.AccessibilityNodeInfoDumper.stripInvalidXMLChars(java.lang.CharSequence) due to JIT inline cache
11-09 11:24:29.597  6862  6862 W AccessibilityNodeInfoDumper: Fetch time: 5ms
11-09 11:24:29.598  1649  4531 W WindowManager: removeWindowToken: Attempted to remove non-existing token: android.os.Binder@e480385
11-09 11:24:29.606  6862  6862 D AndroidRuntime: Shutting down VM
11-09 11:24:29.827  6899  6899 D AndroidRuntime: >>>>>> START com.android.internal.os.RuntimeInit uid 2000 <<<<<<
11-09 11:24:29.858  6899  6899 W app_process: Unexpected CPU variant for X86 using defaults: x86
11-09 11:24:29.859  6899  6899 I app_process: The ClassLoaderContext is a special shared library.
11-09 11:24:29.859  6899  6899 I app_process: The ClassLoaderContext is a special shared library.
11-09 11:24:29.872  6899  6899 D AndroidRuntime: Calling main entry com.android.commands.uiautomator.Launcher
11-09 11:24:30.899  6899  6899 I app_process: Deoptimizing java.lang.String com.android.uiautomator.core.AccessibilityNodeInfoDumper.stripInvalidXMLChars(java.lang.CharSequence) due to JIT inline cache
11-09 11:24:30.904  6899  6899 W AccessibilityNodeInfoDumper: Fetch time: 10ms
11-09 11:24:30.904  1649  2251 W WindowManager: removeWindowToken: Attempted to remove non-existing token: android.os.Binder@c29394
11-09 11:24:30.908  6899  6899 D AndroidRuntime: Shutting down VM
11-09 11:24:31.131  6916  6916 D AndroidRuntime: >>>>>> START com.android.internal.os.RuntimeInit uid 2000 <<<<<<
11-09 11:24:31.162  6916  6916 W app_process: Unexpected CPU variant for X86 using defaults: x86
11-09 11:24:31.164  6916  6916 I app_process: The ClassLoaderContext is a special shared library.
11-09 11:24:31.165  6916  6916 I app_process: The ClassLoaderContext is a special shared library.
11-09 11:24:31.178  6916  6916 D AndroidRuntime: Calling main entry com.android.commands.uiautomator.Launcher
11-09 11:24:32.198  6916  6916 I app_process: Deoptimizing java.lang.String com.android.uiautomator.core.AccessibilityNodeInfoDumper.stripInvalidXMLChars(java.lang.CharSequence) due to JIT inline cache
11-09 11:24:32.200  6916  6916 W AccessibilityNodeInfoDumper: Fetch time: 5ms
11-09 11:24:32.201  1649  1901 W WindowManager: removeWindowToken: Attempted to remove non-existing token: android.os.Binder@c19a632
11-09 11:24:32.206  6916  6916 D AndroidRuntime: Shutting down VM
11-09 11:24:32.433  6933  6933 D AndroidRuntime: >>>>>> START com.android.internal.os.RuntimeInit uid 2000 <<<<<<
11-09 11:24:32.466  6933  6933 W app_process: Unexpected CPU variant for X86 using defaults: x86
11-09 11:24:32.468  6933  6933 I app_process: The ClassLoaderContext is a special shared library.
11-09 11:24:32.468  6933  6933 I app_process: The ClassLoaderContext is a special shared library.
11-09 11:24:32.480  6933  6933 D AndroidRuntime: Calling main entry com.android.commands.uiautomator.Launcher
11-09 11:24:33.504  6933  6933 I app_process: Deoptimizing java.lang.String com.android.uiautomator.core.AccessibilityNodeInfoDumper.stripInvalidXMLChars(java.lang.CharSequence) due to JIT inline cache
11-09 11:24:33.508  6933  6933 W AccessibilityNodeInfoDumper: Fetch time: 8ms
11-09 11:24:33.509  1649  4762 W WindowManager: removeWindowToken: Attempted to remove non-existing token: android.os.Binder@7ff5500
11-09 11:24:33.513  6933  6933 D AndroidRuntime: Shutting down VM
11-09 11:24:33.745  6951  6951 D AndroidRuntime: >>>>>> START com.android.internal.os.RuntimeInit uid 2000 <<<<<<
11-09 11:24:33.781  6951  6951 W app_process: Unexpected CPU variant for X86 using defaults: x86
11-09 11:24:33.783  6951  6951 I app_process: The ClassLoaderContext is a special shared library.
11-09 11:24:33.784  6951  6951 I app_process: The ClassLoaderContext is a special shared library.
11-09 11:24:33.796  6951  6951 D AndroidRuntime: Calling main entry com.android.commands.uiautomator.Launcher
11-09 11:24:34.237  1440  1456 D hwcomposer: hw_composer sent 18 syncs in 66s
11-09 11:24:34.817  6951  6951 I app_process: Deoptimizing java.lang.String com.android.uiautomator.core.AccessibilityNodeInfoDumper.stripInvalidXMLChars(java.lang.CharSequence) due to JIT inline cache
11-09 11:24:34.820  6951  6951 W AccessibilityNodeInfoDumper: Fetch time: 4ms
11-09 11:24:34.820  1649  2251 W WindowManager: removeWindowToken: Attempted to remove non-existing token: android.os.Binder@eb7f37e
11-09 11:24:34.825  6951  6951 D AndroidRuntime: Shutting down VM
11-09 11:24:35.047  6969  6969 D AndroidRuntime: >>>>>> START com.android.internal.os.RuntimeInit uid 2000 <<<<<<
11-09 11:24:35.078  6969  6969 W app_process: Unexpected CPU variant for X86 using defaults: x86
11-09 11:24:35.079  6969  6969 I app_process: The ClassLoaderContext is a special shared library.
11-09 11:24:35.080  6969  6969 I app_process: The ClassLoaderContext is a special shared library.
11-09 11:24:35.092  6969  6969 D AndroidRuntime: Calling main entry com.android.commands.uiautomator.Launcher
11-09 11:24:36.117  6969  6969 I app_process: Deoptimizing java.lang.String com.android.uiautomator.core.AccessibilityNodeInfoDumper.stripInvalidXMLChars(java.lang.CharSequence) due to JIT inline cache
11-09 11:24:36.119  6969  6969 W AccessibilityNodeInfoDumper: Fetch time: 7ms
11-09 11:24:36.120  1649  1660 W WindowManager: removeWindowToken: Attempted to remove non-existing token: android.os.Binder@112c418
11-09 11:24:36.127  6969  6969 D AndroidRuntime: Shutting down VM
11-09 11:24:36.353  6987  6987 D AndroidRuntime: >>>>>> START com.android.internal.os.RuntimeInit uid 2000 <<<<<<
11-09 11:24:36.384  6987  6987 W app_process: Unexpected CPU variant for X86 using defaults: x86
11-09 11:24:36.385  6987  6987 I app_process: The ClassLoaderContext is a special shared library.
11-09 11:24:36.386  6987  6987 I app_process: The ClassLoaderContext is a special shared library.
11-09 11:24:36.398  6987  6987 D AndroidRuntime: Calling main entry com.android.commands.uiautomator.Launcher
11-09 11:24:37.420  6987  6987 I app_process: Deoptimizing java.lang.String com.android.uiautomator.core.AccessibilityNodeInfoDumper.stripInvalidXMLChars(java.lang.CharSequence) due to JIT inline cache
11-09 11:24:37.424  6987  6987 W AccessibilityNodeInfoDumper: Fetch time: 8ms
11-09 11:24:37.424  1649  4762 W WindowManager: removeWindowToken: Attempted to remove non-existing token: android.os.Binder@5b4f456
11-09 11:24:37.434  6987  6987 D AndroidRuntime: Shutting down VM
11-09 11:24:37.657  7004  7004 D AndroidRuntime: >>>>>> START com.android.internal.os.RuntimeInit uid 2000 <<<<<<
11-09 11:24:37.658  7004  7004 W app_process: Could not reserve sentinel fault page
11-09 11:24:37.688  7004  7004 W app_process: Unexpected CPU variant for X86 using defaults: x86
11-09 11:24:37.688  7004  7004 I app_process: The ClassLoaderContext is a special shared library.
11-09 11:24:37.689  7004  7004 I app_process: The ClassLoaderContext is a special shared library.
11-09 11:24:37.702  7004  7004 D AndroidRuntime: Calling main entry com.android.commands.uiautomator.Launcher
11-09 11:24:38.727  7004  7004 W AccessibilityNodeInfoDumper: Fetch time: 7ms
11-09 11:24:38.727  1649  1901 W WindowManager: removeWindowToken: Attempted to remove non-existing token: android.os.Binder@7c09c4
11-09 11:24:38.733  7004  7004 D AndroidRuntime: Shutting down VM
11-09 11:24:38.959  7021  7021 D AndroidRuntime: >>>>>> START com.android.internal.os.RuntimeInit uid 2000 <<<<<<
11-09 11:24:38.991  7021  7021 W app_process: Unexpected CPU variant for X86 using defaults: x86
11-09 11:24:38.992  7021  7021 I app_process: The ClassLoaderContext is a special shared library.
11-09 11:24:38.993  7021  7021 I app_process: The ClassLoaderContext is a special shared library.
11-09 11:24:39.003  7021  7021 D AndroidRuntime: Calling main entry com.android.commands.uiautomator.Launcher
11-09 11:24:39.746  1649  1663 E memtrack: Couldn't load memtrack module
11-09 11:24:39.746  1649  1663 W android.os.Debug: failed to get memory consumption info: -1
11-09 11:24:40.033  7021  7021 I app_process: Deoptimizing java.lang.String com.android.uiautomator.core.AccessibilityNodeInfoDumper.stripInvalidXMLChars(java.lang.CharSequence) due to JIT inline cache
11-09 11:24:40.039  7021  7021 W AccessibilityNodeInfoDumper: Fetch time: 11ms
11-09 11:24:40.041  1649  1660 W WindowManager: removeWindowToken: Attempted to remove non-existing token: android.os.Binder@aa3ffe2
11-09 11:24:40.058  7021  7021 D AndroidRuntime: Shutting down VM
11-09 11:24:40.414  7039  7039 D AndroidRuntime: >>>>>> START com.android.internal.os.RuntimeInit uid 2000 <<<<<<
