11-10 14:15:20.468  6684  6744 I Bugle   : Carrier configs loaded: Bundle[{carrier_volte_provisioned_bool=false, disable_charge_indication_bool=false, httpSocketTimeout=60000, carrier_wfc_supports_wifi_only_bool=false, carrier_default_actions_on_default_network_available_string_array=[Ljava.lang.String;@8ea3ef1, operator_selection_expand_bool=true, disable_cdma_activation_code_bool=false, simplified_network_settings_bool=false, call_barring_visibility_bool=false, enable_apps_string_array=null, carrier_default_wfc_ims_roaming_enabled_bool=false, cdma_nonroaming_networks_string_array=null, aliasMinChars=2, wfc_data_spn_format_idx_int=0, hide_sim_lock_settings_bool=false, drop_video_call_when_answering_audio_call_bool=false, ci_action_on_sys_update_bool=false, convert_cdma_caller_id_mmi_codes_while_roaming_on_3gpp_bool=false, support_enhanced_call_blocking_bool=false, vvm_port_number_int=1808, carrier_default_wfc_ims_enabled_bool=false, dial_string_replace_string_array=null, gsm_nonroaming_networks_string_array=null, hide_ims_apn_bool=false, vvm_destination_number_string=122, dtmf_type_enabled_bool=false, allow_video_calling_fallback_bool=true, config_ims_package_override_string=com.google.android.ims, smsToMmsTextThreshold=-1, disable_severe_when_extreme_disabled_bool=true, force_home_network_bool=false, enableSMSDeliveryReports=true, auto_retry_enabled_bool=false, play_call_recording_tone_bool=false, carrier_force_disable_etws_cmas_test_bool=false, allow_emergency_video_calls_bool=false, csp_enabled_bool=false, default_sim_call_manager_string=, call_forwarding_blocks_while_roaming_string_array=null, emergency_notification_delay_int=-1, support_video_conference_call_bool=false, ims_dtmf_tone_delay_int=0, show_signal_strength_in_sim_status_bool=true, data_rapid_notification_bool=true, carrier_instant_lettering_escaped_chars_string=, carrier_default_wfc_ims_roaming_mode_int=2, editable_wfc_mode_bool=true, support_direct_fdn_dialing_bool=false, carrier_wifi_string_array=null, treat_downgraded_video_calls_as_video_calls_bool=false, wifi_calls_can_be_hd_audio=true, support_downgrade_vt_to_audio_bool=true, notify_handover_video_from_lte_to_wifi_bool=false, use_otasp_for_provisioning_bool=false, always_play_remote_hold_tone_bool=false, maxMessageTextSize=-1, duration_blocking_disabled_after_emergency_int=7200, carrier_metered_roaming_apn_types_strings=[Ljava.lang.String;@a506ad6, additional_settings_call_waiting_visibility_bool=true, show_video_call_charges_alert_dialog_bool=false, carrier_network_service_wlan_package_override_string=, show_apn_setting_cdma_bool=false, carrier_instant_lettering_length_limit_int=64, carrier_instant_lettering_invalid_chars_string=, carrier_setup_app_string=, editable_wfc_roaming_mode_bool=false, supportMmsContentDisposition=true, support_manage_ims_conference_call_bool=true, allow_non_emergency_calls_in_ecm_bool=true, carrier_data_service_wlan_package_override_string=, use_rcs_presence_bool=false, config_telephony_use_own_number_for_voicemail_bool=false, cdma_dtmf_tone_delay_int=100, editable_voicemail_number_bool=false, carrier_data_call_apn_retry_after_disconnect_long=10000, filtered_cnap_names_string_array=null, enabledTransID=false, aliasEnabled=false, vvm_disabled_capabilities_string_array=null, show_4g_for_lte_data_icon_bool=false, check_pricing_with_carrier_data_roaming_bool=false, ims_conference_size_limit_int=5, identify_high_definition_calls_in_call_log_bool=false, supportHttpCharsetHeader=false, vvm_prefetch_bool=true, hide_enhanced_4g_lte_bool=false, display_hd_audio_property_bool=true, has_in_call_noise_suppression_bool=false, enhanced_4g_lte_on_by_default_bool=true, data_limit_notification_bool=true, voicemail_notification_persistent_bool=false, carrier_default_actions_on_reset_string_array=[Ljava.lang.String;@c4ee157, world_phone_bool=false, ims_reasoninfo_mapping_string_array=null, default_vm_number_string=, data_limit_threshold_bytes_long=-1, allowAttachAudio=true, ci_action_on_sys_update_extra_string=, ignore_sim_network_locked_events_bool=false, spamForwardingNumber=7726, cdma_home_regi
11-10 14:15:20.483  6684  6684 I CarrierServices: [2] ika.handleSimState: Updated SIM info: currentSimId: [4vfUjdK1ylI-cxPPS6D26oMLYoE]; imsi: [zSrOMA1mh9Q6-7rLJrQ5Pkv1PBs]; rawMsisdn: [S91Pkp86EGIlPk5Ja6-6C9-123U]; formattedMsisdn: ; mccmnc: [GMS5WK9CKM8_bx5id3TvJ4VbDjI] isFiDevice: false;
11-10 14:15:20.484  6684  6684 I CarrierServices: [2] ika.a: Broadcasting Intent { act=com.google.android.ims.SIM_LOADED (has extras) } (extras: Bundle[{SIM_CHANGED=false}])
11-10 14:15:20.485  6684  6754 I BugleRcs: Prod Fi device disabled - Not a Fi device
11-10 14:15:20.485  6684  6754 I BugleRcs: config server url unavailable - Carrier is not RCS enabled
11-10 14:15:20.485  6684  6754 I BugleRcs: RcsAvailability updated: RCS is disabled for this carrier by Google
11-10 14:15:20.501  6684  6684 D Bugle   : EmojiCompat initialized
11-10 14:15:20.501  6684  6684 I Bugle   : SimChangeReceiver: SIM LOADED
11-10 14:15:20.503  6684  6684 I Bugle   : SimChangeReceiver: SIM LOADED
11-10 14:15:20.503  6684  6744 I Bugle   : ApnsOta: OTA version -1
11-10 14:15:20.503  6684  6684 I BugleRcs: Broadcast disable RCS for availability (2)
11-10 14:15:20.503  6684  6744 D Bugle   : Register Phenotype flag override receiver
11-10 14:15:20.513  6684  6684 I CarrierServices: [2] inq.e: Network Operator: 310260
11-10 14:15:20.516  6684  6738 D RcsProvisioning: No backup token found
11-10 14:15:20.517  6684  6738 E CarrierServices: [1880] iez.getFile: File not found.: /data/user/0/com.google.android.apps.messaging/files/httpft_pending (No such file or directory)
11-10 14:15:20.517  6684  6738 E CarrierServices: 	java.io.FileInputStream.open0(Native Method)
11-10 14:15:20.517  6684  6738 E CarrierServices: 	java.io.FileInputStream.open(FileInputStream.java:231)
11-10 14:15:20.517  6684  6738 E CarrierServices: 	java.io.FileInputStream.<init>(FileInputStream.java:165)
11-10 14:15:20.517  6684  6738 E CarrierServices: 	android.app.ContextImpl.openFileInput(ContextImpl.java:560)
11-10 14:15:20.517  6684  6738 E CarrierServices: 	android.content.ContextWrapper.openFileInput(ContextWrapper.java:202)
11-10 14:15:20.517  6684  6738 E CarrierServices: 	iez.getFile(SourceFile:20)
11-10 14:15:20.517  6684  6738 E CarrierServices: 	com.google.android.apps.messaging.rcsmigration.RcsStateProvider.buildRcsState(SourceFile:136)
11-10 14:15:20.517  6684  6738 E CarrierServices: 	com.google.android.apps.messaging.rcsmigration.RcsStateProvider.getRcsState(SourceFile:6)
11-10 14:15:20.517  6684  6738 E CarrierServices: 	com.google.android.ims.rcsmigration.IRcsStateProvider$Stub.dispatchTransaction(SourceFile:10)
11-10 14:15:20.517  6684  6738 E CarrierServices: 	com.google.android.aidl.BaseStub.onTransact(SourceFile:18)
11-10 14:15:20.517  6684  6738 E CarrierServices: 	android.os.Binder.execTransact(Binder.java:731)
11-10 14:15:20.519  6684  6684 I CarrierServices: [2] inq.e: carrierWithOldEcApis: false
11-10 14:15:20.520  6684  6684 I CarrierServices: [2] inq.e: hasDialerThatSupportsNewEc: false
11-10 14:15:20.524  6684  6684 I BugleRcs: updating RCS availability
11-10 14:15:20.524  6684  6684 I BugleRcs: RCS availability is already updating
11-10 14:15:20.525  6684  6757 I BugleRcs: No minimum Cs.apk version is set, not checking Cs.apk version
11-10 14:15:20.551  4376  6799 I CarrierServices: [363] awt.doInBackground: Saving RCS State
11-10 14:15:20.551  4376  6799 I CarrierServices: [363] awt.doInBackground: Old operation mode: 2
11-10 14:15:20.553  4376  6799 I CarrierServices: [363] awt.doInBackground: New operation mode: 2
11-10 14:15:20.562  6684  6757 I BugleRcs: MCCMNC is NOT RCS enabled
11-10 14:15:20.562  6684  6757 I BugleRcs: Prod Fi device disabled - Not a Fi device
11-10 14:15:20.562  6684  6757 I BugleRcs: config server url unavailable - Carrier is not RCS enabled
11-10 14:15:20.562  6684  6757 V BugleRcs: RcsAvailability updated but unchanged: RCS is disabled for this carrier by Google
11-10 14:15:20.567  1928  1942 W BroadcastQueue: Skipping deliver [background] BroadcastRecord{488e700 u-1 android.net.conn.CONNECTIVITY_CHANGE} to ReceiverList{eac8b39 6680 (unknown name)/2000/u-1 remote:6b06832}: process gone or crashing
11-10 14:15:20.567  4376  4376 I CarrierServices: [2] bmq.a: RCS provisioning stopped!!
11-10 14:15:20.594  6684  6738 I CarrierServices: [1880] RcsStateProvider.onMigrationComplete: Migration complete.
11-10 14:15:20.596  6684  6684 I BugleAction: IncomingRcsEventReceiver: Provisioning status: (I) RCS provisioning stopped!!
11-10 14:15:20.607  6684  6738 I CarrierServices: [1880] inq.shouldUseCarrierServicesApkForV1Apis: Checking if using CarrierServices.apk is possible. Enabled: true, isAtLeastM: true, runningInsideBugle: true
11-10 14:15:20.614  6684  6738 I CarrierServices: [1880] inq.e: Network Operator: 310260
11-10 14:15:20.616  6684  6738 I CarrierServices: [1880] inq.e: carrierWithOldEcApis: false
11-10 14:15:20.617  6684  6738 I CarrierServices: [1880] inq.e: hasDialerThatSupportsNewEc: false
11-10 14:15:20.617  6684  6738 I CarrierServices: [1880] RcsStateProvider.onMigrationComplete: Rcs Engine should be running in cs.apk. Stopping JibeService.
11-10 14:15:20.618  6684  6738 I CarrierServices: [1880] RcsStateProvider.onMigrationComplete: JibeService stopped: true
11-10 14:15:20.625  1928  2857 I ActivityManager: START u0 {act=android.intent.action.MAIN cat=[android.intent.category.LAUNCHER] flg=0x10200000 cmp=it.feio.android.omninotes/.MainActivity} from uid 2000
11-10 14:15:20.627  6684  6738 I CarrierServices: [1880] inq.e: Network Operator: 310260
11-10 14:15:20.630  6684  6738 I CarrierServices: [1880] inq.e: carrierWithOldEcApis: false
11-10 14:15:20.632  6684  6738 I CarrierServices: [1880] inq.e: hasDialerThatSupportsNewEc: false
11-10 14:15:20.636  6684  6738 I CarrierServices: [1880] jsn.connect: shouldUseCarrierServicesJibeService: true, CarrierServices rcs service found: true
11-10 14:15:20.636  6684  6738 I CarrierServices: [1880] jsn.connect: Binding to JibeService in CarrierServices.
11-10 14:15:20.641  1928  2857 W Binder  : Outgoing transactions from this process must be FLAG_ONEWAY
11-10 14:15:20.641  1928  2857 W Binder  : java.lang.Throwable
11-10 14:15:20.641  1928  2857 W Binder  : 	at android.os.BinderProxy.transact(Binder.java:1114)
11-10 14:15:20.641  1928  2857 W Binder  : 	at android.app.IActivityController$Stub$Proxy.activityStarting(IActivityController.java:176)
11-10 14:15:20.641  1928  2857 W Binder  : 	at com.android.server.am.ActivityStarter.startActivity(ActivityStarter.java:737)
11-10 14:15:20.641  1928  2857 W Binder  : 	at com.android.server.am.ActivityStarter.startActivity(ActivityStarter.java:544)
11-10 14:15:20.641  1928  2857 W Binder  : 	at com.android.server.am.ActivityStarter.startActivityMayWait(ActivityStarter.java:1099)
11-10 14:15:20.641  1928  2857 W Binder  : 	at com.android.server.am.ActivityStarter.execute(ActivityStarter.java:486)
11-10 14:15:20.641  1928  2857 W Binder  : 	at com.android.server.am.ActivityManagerService.startActivityAsUser(ActivityManagerService.java:5120)
11-10 14:15:20.641  1928  2857 W Binder  : 	at com.android.server.am.ActivityManagerService.startActivityAsUser(ActivityManagerService.java:5094)
11-10 14:15:20.641  1928  2857 W Binder  : 	at com.android.server.am.ActivityManagerService.startActivity(ActivityManagerService.java:5085)
11-10 14:15:20.641  1928  2857 W Binder  : 	at android.app.IActivityManager$Stub.onTransact$startActivity$(IActivityManager.java:10084)
11-10 14:15:20.641  1928  2857 W Binder  : 	at android.app.IActivityManager$Stub.onTransact(IActivityManager.java:122)
11-10 14:15:20.641  1928  2857 W Binder  : 	at com.android.server.am.ActivityManagerService.onTransact(ActivityManagerService.java:3291)
11-10 14:15:20.641  1928  2857 W Binder  : 	at android.os.Binder.execTransact(Binder.java:731)
11-10 14:15:20.653  1928  2290 I GnssLocationProvider: WakeLock acquired by sendMessage(REPORT_SV_STATUS, 0, com.android.server.location.GnssLocationProvider$SvStatusInfo@815732c)
11-10 14:15:20.654  1928  1941 I GnssLocationProvider: WakeLock released by handleMessage(REPORT_SV_STATUS, 0, com.android.server.location.GnssLocationProvider$SvStatusInfo@815732c)
11-10 14:15:20.729  6680  6680 I Monkey  : Events injected: 1
11-10 14:15:20.732  6684  6684 D RcsClientLib: Service com.google.android.rcs.client.chatsession.ChatSessionService connected. Will notify listeners: true
11-10 14:15:20.732  6684  6684 V BugleRcs: com.google.android.rcs.client.chatsession.ChatSessionService RCS service connected
11-10 14:15:20.736  6684  6738 I CarrierServices: [1880] inq.e: Network Operator: 310260
11-10 14:15:20.738  6684  6738 I CarrierServices: [1880] inq.e: carrierWithOldEcApis: false
11-10 14:15:20.738  6684  6738 I CarrierServices: [1880] inq.e: hasDialerThatSupportsNewEc: false
11-10 14:15:20.743  6684  6738 I CarrierServices: [1880] jsn.connect: shouldUseCarrierServicesJibeService: true, CarrierServices rcs service found: true
11-10 14:15:20.743  6684  6738 I CarrierServices: [1880] jsn.connect: Binding to JibeService in CarrierServices.
11-10 14:15:20.750  1928  1928 V SettingsProvider: Notifying for 0: content://settings/system/accelerometer_rotation
11-10 14:15:20.764  6680  6680 I Monkey  : ## Network stats: elapsed time=132ms (0ms mobile, 0ms wifi, 132ms not connected)
11-10 14:15:20.766  6680  6680 I app_process: System.exit called, status: 0
11-10 14:15:20.766  6680  6680 I AndroidRuntime: VM exiting with result code 0.
11-10 14:15:20.791  6684  6684 D RcsClientLib: Service com.google.android.rcs.client.events.EventService connected. Will notify listeners: true
11-10 14:15:20.791  6684  6684 V BugleRcs: com.google.android.rcs.client.events.EventService RCS service connected
11-10 14:15:20.798  6684  6738 I CarrierServices: [1880] inq.e: Network Operator: 310260
11-10 14:15:20.803  6684  6738 I CarrierServices: [1880] inq.e: carrierWithOldEcApis: false
11-10 14:15:20.803  6684  6738 I CarrierServices: [1880] inq.e: hasDialerThatSupportsNewEc: false
11-10 14:15:20.807  6684  6738 I CarrierServices: [1880] jsn.connect: shouldUseCarrierServicesJibeService: true, CarrierServices rcs service found: true
11-10 14:15:20.807  6684  6738 I CarrierServices: [1880] jsn.connect: Binding to JibeService in CarrierServices.
11-10 14:15:20.823  6684  6738 I CarrierServices: [1880] inq.e: Network Operator: 310260
11-10 14:15:20.824  6684  6738 I CarrierServices: [1880] inq.e: carrierWithOldEcApis: false
11-10 14:15:20.824  6684  6738 I CarrierServices: [1880] inq.e: hasDialerThatSupportsNewEc: false
11-10 14:15:20.824  6684  6684 D RcsClientLib: Service com.google.android.rcs.client.contacts.ContactsService connected. Will notify listeners: true
11-10 14:15:20.824  6684  6684 V BugleRcs: com.google.android.rcs.client.contacts.ContactsService RCS service connected
11-10 14:15:20.826  6684  6738 I CarrierServices: [1880] jsn.connect: shouldUseCarrierServicesJibeService: true, CarrierServices rcs service found: true
11-10 14:15:20.827  6684  6738 I CarrierServices: [1880] jsn.connect: Binding to JibeService in CarrierServices.
11-10 14:15:20.828  1928  1944 W ActivityManager: Slow operation: 69ms so far, now at startProcess: returned from zygote!
11-10 14:15:20.828  1928  1944 W ActivityManager: Slow operation: 70ms so far, now at startProcess: done updating battery stats
11-10 14:15:20.829  1928  1944 W ActivityManager: Slow operation: 70ms so far, now at startProcess: building log message
11-10 14:15:20.829  1928  1944 I ActivityManager: Start proc 6802:it.feio.android.omninotes/u0a115 for activity it.feio.android.omninotes/.MainActivity
11-10 14:15:20.829  1928  1944 W ActivityManager: Slow operation: 70ms so far, now at startProcess: starting to update pids map
11-10 14:15:20.829  1928  1944 W ActivityManager: Slow operation: 70ms so far, now at startProcess: done updating pids map
11-10 14:15:20.842  6684  6684 D RcsClientLib: Service com.google.android.rcs.client.filetransfer.FileTransferService connected. Will notify listeners: true
11-10 14:15:20.842  6684  6684 V BugleRcs: com.google.android.rcs.client.filetransfer.FileTransferService RCS service connected
11-10 14:15:20.843  6684  6738 I CarrierServices: [1880] inq.e: Network Operator: 310260
11-10 14:15:20.843  6802  6802 W droid.omninote: Unexpected CPU variant for X86 using defaults: x86
11-10 14:15:20.844  6684  6738 I CarrierServices: [1880] inq.e: carrierWithOldEcApis: false
11-10 14:15:20.845  6684  6738 I CarrierServices: [1880] inq.e: hasDialerThatSupportsNewEc: false
11-10 14:15:20.852  6802  6802 E droid.omninote: Not starting debugger since process cannot load the jdwp agent.
11-10 14:15:20.851  6684  6738 I CarrierServices: [1880] jsn.connect: shouldUseCarrierServicesJibeService: true, CarrierServices rcs service found: true
11-10 14:15:20.852  6684  6738 I CarrierServices: [1880] jsn.connect: Binding to JibeService in CarrierServices.
11-10 14:15:20.863  6684  6684 D RcsClientLib: Service com.google.android.rcs.client.locationsharing.LocationSharingService connected. Will notify listeners: true
11-10 14:15:20.863  6684  6684 V BugleRcs: com.google.android.rcs.client.locationsharing.LocationSharingService RCS service connected
11-10 14:15:20.865  1647  1841 D gralloc_ranchu: gralloc_alloc: Creating ashmem region of size 8298496
11-10 14:15:20.873  6684  6738 I CarrierServices: [1880] inq.e: Network Operator: 310260
11-10 14:15:20.875  6684  6738 I CarrierServices: [1880] inq.e: carrierWithOldEcApis: false
11-10 14:15:20.875  6684  6738 I CarrierServices: [1880] inq.e: hasDialerThatSupportsNewEc: false
11-10 14:15:20.879  6684  6738 I CarrierServices: [1880] jsn.connect: shouldUseCarrierServicesJibeService: true, CarrierServices rcs service found: true
11-10 14:15:20.879  6684  6738 I CarrierServices: [1880] jsn.connect: Binding to JibeService in CarrierServices.
11-10 14:15:20.891  6684  6684 D RcsClientLib: Service com.google.android.rcs.client.ims.ImsConnectionTrackerService connected. Will notify listeners: true
11-10 14:15:20.891  6684  6684 V BugleRcs: com.google.android.rcs.client.ims.ImsConnectionTrackerService RCS service connected
11-10 14:15:20.895  6684  6738 I CarrierServices: [1880] inq.e: Network Operator: 310260
11-10 14:15:20.899  6684  6738 I CarrierServices: [1880] inq.e: carrierWithOldEcApis: false
11-10 14:15:20.900  6684  6738 I CarrierServices: [1880] inq.e: hasDialerThatSupportsNewEc: false
11-10 14:15:20.901  6684  6684 V BugleRcs: kicking off RCS sending/receiving
11-10 14:15:20.907  6684  6684 V BugleAction: no RCS because we're not registered
11-10 14:15:20.912  6684  6738 I CarrierServices: [1880] jsn.connect: shouldUseCarrierServicesJibeService: true, CarrierServices rcs service found: true
11-10 14:15:20.912  6684  6738 I CarrierServices: [1880] jsn.connect: Binding to JibeService in CarrierServices.
11-10 14:15:20.918  1928  5855 W ActivityManager: Request to remove task ignored for non-existent task 104
11-10 14:15:20.929  6684  6684 D RcsClientLib: Service com.google.android.rcs.client.profile.RcsProfileService connected. Will notify listeners: true
11-10 14:15:20.929  6684  6684 V BugleRcs: com.google.android.rcs.client.profile.RcsProfileService RCS service connected
11-10 14:15:20.932  6684  6738 I CarrierServices: [1880] inq.e: Network Operator: 310260
11-10 14:15:20.933  6684  6738 I CarrierServices: [1880] inq.e: carrierWithOldEcApis: false
11-10 14:15:20.933  6684  6738 I CarrierServices: [1880] inq.e: hasDialerThatSupportsNewEc: false
11-10 14:15:20.934  6802  6802 I droid.omninote: The ClassLoaderContext is a special shared library.
11-10 14:15:20.935  6684  6738 I CarrierServices: [1880] jsn.connect: shouldUseCarrierServicesJibeService: true, CarrierServices rcs service found: true
11-10 14:15:20.936  6684  6738 I CarrierServices: [1880] jsn.connect: Binding to JibeService in CarrierServices.
11-10 14:15:20.942  6684  6684 V BugleRcs: kicking off RCS sending/receiving
11-10 14:15:20.942  6684  6684 V BugleAction: no RCS because we're not registered
11-10 14:15:20.946  4376 19159 W CarrierServices: [348] bmc.a: No config URL. RCS will be disabled!
11-10 14:15:20.947  6684  6684 I BugleRcs: RcsAvailability ACS url: null
11-10 14:15:20.947  6684  6684 D RcsClientLib: Service com.google.android.rcs.client.businessinfo.BusinessInfoService connected. Will notify listeners: true
11-10 14:15:20.947  6684  6684 V BugleRcs: com.google.android.rcs.client.businessinfo.BusinessInfoService RCS service connected
11-10 14:15:20.947  6684  6684 V BugleRcs: kicking off RCS sending/receiving
11-10 14:15:20.949  6684  6684 V BugleAction: no RCS because we're not registered
11-10 14:15:20.949  4376 19159 W CarrierServices: [348] bmc.a: No config URL. RCS will be disabled!
11-10 14:15:20.952  6684  6684 I BugleRcs: RcsAvailability ACS url: null
11-10 14:15:20.955  6802  6802 I MultiDex: VM with version 2.1.0 has multidex support
11-10 14:15:20.956  6802  6802 I MultiDex: install
11-10 14:15:20.956  6802  6802 I MultiDex: VM has multidex support, MultiDex support library is disabled.
11-10 14:15:20.956  6684  6738 W RcsProvisioning: Failed to read configuration: /data/user/0/com.google.android.apps.messaging/files/rcsconfig (No such file or directory)
11-10 14:15:20.956  6684  6738 W RcsProvisioning: java.io.FileNotFoundException: /data/user/0/com.google.android.apps.messaging/files/rcsconfig (No such file or directory)
11-10 14:15:20.956  6684  6738 W RcsProvisioning: 	at java.io.FileInputStream.open0(Native Method)
11-10 14:15:20.956  6684  6738 W RcsProvisioning: 	at java.io.FileInputStream.open(FileInputStream.java:231)
11-10 14:15:20.956  6684  6738 W RcsProvisioning: 	at java.io.FileInputStream.<init>(FileInputStream.java:165)
11-10 14:15:20.956  6684  6738 W RcsProvisioning: 	at android.app.ContextImpl.openFileInput(ContextImpl.java:560)
11-10 14:15:20.956  6684  6738 W RcsProvisioning: 	at android.content.ContextWrapper.openFileInput(ContextWrapper.java:202)
11-10 14:15:20.956  6684  6738 W RcsProvisioning: 	at ion.a(SourceFile:2)
11-10 14:15:20.956  6684  6738 W RcsProvisioning: 	at idl.a(SourceFile:4)
11-10 14:15:20.956  6684  6738 W RcsProvisioning: 	at idm.a(SourceFile:7)
11-10 14:15:20.956  6684  6738 W RcsProvisioning: 	at com.google.android.apps.messaging.rcsmigration.RcsStateProvider.onMigrationComplete(SourceFile:27)
11-10 14:15:20.956  6684  6738 W RcsProvisioning: 	at com.google.android.ims.rcsmigration.IRcsStateProvider$Stub.dispatchTransaction(SourceFile:14)
11-10 14:15:20.956  6684  6738 W RcsProvisioning: 	at com.google.android.aidl.BaseStub.onTransact(SourceFile:18)
11-10 14:15:20.956  6684  6738 W RcsProvisioning: 	at android.os.Binder.execTransact(Binder.java:731)
11-10 14:15:20.956  6684  6738 D RcsProvisioning: Retrieving backup token
11-10 14:15:20.956  6684  6738 D RcsProvisioning: Exception while getting subscriber Id. Using default
11-10 14:15:20.958  6802  6802 I FirebaseInitProvider: FirebaseApp initialization unsuccessful
11-10 14:15:20.978  6802  6842 I ACRA    : Migrating unsent ACRA reports to new file locations
11-10 14:15:20.979  6802  6842 I ACRA    : Migrated 0 unsent reports
11-10 14:15:20.990  6802  6842 I ACRA    : ACRA is enabled for it.feio.android.omninotes, initializing...
11-10 14:15:21.057  6684  6738 D RcsProvisioning: No backup token found
11-10 14:15:21.058  6684  6738 D RcsProvisioning: Clearing backup token
11-10 14:15:21.058  6684  6738 D RcsProvisioning: Exception while getting subscriber Id. Using default
11-10 14:15:21.063  1928  1944 I ActivityManager: Start proc 6846:it.feio.android.omninotes:acra/u0a115 for service it.feio.android.omninotes/org.acra.sender.SenderService
11-10 14:15:21.072  6802  6802 I AppCompatViewInflater: app:theme is now deprecated. Please move to using android:theme instead.
11-10 14:15:21.073  6846  6846 W .omninotes:acr: Unexpected CPU variant for X86 using defaults: x86
11-10 14:15:21.081  6846  6846 E .omninotes:acr: Not starting debugger since process cannot load the jdwp agent.
11-10 14:15:21.097  1647  1841 D gralloc_ranchu: gralloc_alloc: Creating ashmem region of size 8298496
11-10 14:15:21.131  6846  6846 I .omninotes:acr: The ClassLoaderContext is a special shared library.
11-10 14:15:21.161  6846  6846 I MultiDex: VM with version 2.1.0 has multidex support
11-10 14:15:21.162  6846  6846 I MultiDex: install
11-10 14:15:21.162  6684  6738 I CarrierServices: [1880] RcsStateProvider.onMigrationComplete: Deleted transfers file: false
11-10 14:15:21.162  6846  6846 I MultiDex: VM has multidex support, MultiDex support library is disabled.
11-10 14:15:21.171  6684  6738 W RcsProvisioning: Failed to read configuration: /data/user/0/com.google.android.apps.messaging/files/rcsconfig (No such file or directory)
11-10 14:15:21.171  6684  6738 W RcsProvisioning: java.io.FileNotFoundException: /data/user/0/com.google.android.apps.messaging/files/rcsconfig (No such file or directory)
11-10 14:15:21.171  6684  6738 W RcsProvisioning: 	at java.io.FileInputStream.open0(Native Method)
11-10 14:15:21.171  6684  6738 W RcsProvisioning: 	at java.io.FileInputStream.open(FileInputStream.java:231)
11-10 14:15:21.171  6684  6738 W RcsProvisioning: 	at java.io.FileInputStream.<init>(FileInputStream.java:165)
11-10 14:15:21.171  6684  6738 W RcsProvisioning: 	at android.app.ContextImpl.openFileInput(ContextImpl.java:560)
11-10 14:15:21.171  6684  6738 W RcsProvisioning: 	at android.content.ContextWrapper.openFileInput(ContextWrapper.java:202)
11-10 14:15:21.171  6684  6738 W RcsProvisioning: 	at ion.a(SourceFile:2)
11-10 14:15:21.171  6684  6738 W RcsProvisioning: 	at idl.a(SourceFile:4)
11-10 14:15:21.171  6684  6738 W RcsProvisioning: 	at idm.a(SourceFile:7)
11-10 14:15:21.171  6684  6738 W RcsProvisioning: 	at iez.buildConferencesFileName(SourceFile:30)
11-10 14:15:21.171  6684  6738 W RcsProvisioning: 	at com.google.android.apps.messaging.rcsmigration.RcsStateProvider.onMigrationComplete(SourceFile:48)
11-10 14:15:21.171  6684  6738 W RcsProvisioning: 	at com.google.android.ims.rcsmigration.IRcsStateProvider$Stub.dispatchTransaction(SourceFile:14)
11-10 14:15:21.171  6684  6738 W RcsProvisioning: 	at com.google.android.aidl.BaseStub.onTransact(SourceFile:18)
11-10 14:15:21.171  6684  6738 W RcsProvisioning: 	at android.os.Binder.execTransact(Binder.java:731)
11-10 14:15:21.171  6684  6738 D RcsProvisioning: Retrieving backup token
11-10 14:15:21.172  6684  6738 D RcsProvisioning: Exception while getting subscriber Id. Using default
11-10 14:15:21.185  1928  5855 I ActivityManager: START u0 {cmp=it.feio.android.omninotes/.intro.IntroActivity} from uid 10115
11-10 14:15:21.204  1928  2700 I ActivityManager: Killing 1925:com.google.android.dialer/u0a29 (adj 906): empty #17
11-10 14:15:21.215  1928  1945 W libprocessgroup: kill(-1925, 9) failed: No such process
11-10 14:15:21.219  6802  6802 D Omni Notes: Started navigation drawer initialization
11-10 14:15:21.223  6802  6866 D NetworkSecurityConfig: No Network Security Config specified, using platform default
11-10 14:15:21.224  6802  6802 D Omni Notes: Finished navigation drawer initialization
11-10 14:15:21.227  6802  6802 D Omni Notes: {acra.legacyAlreadyConvertedTo4.8.0=true, settings_language=en_US, acra.lastVersionNr=247}
11-10 14:15:21.257  1928  1946 E BatteryExternalStatsWorker: no controller energy info supplied for wifi
11-10 14:15:21.262  1928  1945 W libprocessgroup: kill(-1925, 9) failed: No such process
11-10 14:15:21.273  6684  6738 D RcsProvisioning: No backup token found
11-10 14:15:21.289  4376  4376 I CarrierServices: [2] aww.a: Unbinding RcsMigrationService
11-10 14:15:21.303  1928  1945 W libprocessgroup: kill(-1925, 9) failed: No such process
11-10 14:15:21.303  1770  1770 I Zygote  : Process 1925 exited due to signal (9)
11-10 14:15:21.304  6353  6353 D BoundBrokerSvc: onUnbind: Intent { act=com.google.android.gms.feedback.internal.IFeedbackService pkg=com.google.android.gms }
11-10 14:15:21.303  1928  1945 I libprocessgroup: Successfully killed process cgroup uid 10029 pid 1925 in 88ms
11-10 14:15:21.334  6802  6802 D Omni Notes: initNotesList intent: android.intent.action.MAIN
11-10 14:15:21.337  6802  6870 V Omni Notes: Query: SELECT creation,last_modification,title,content,archived,trashed,alarm,reminder_fired,recurrence_rule,latitude,longitude,address,locked,checklist,category_id,name,description,color FROM notes LEFT JOIN categories USING( category_id)  WHERE archived IS NOT 1 AND trashed IS NOT 1  ORDER BY title||content ASC 
11-10 14:15:21.343  6802  6802 I GAv4    : Google Analytics 9.0.80 is starting up. To enable debug logging on a device run:
11-10 14:15:21.343  6802  6802 I GAv4    :   adb shell setprop log.tag.GAv4 DEBUG
11-10 14:15:21.343  6802  6802 I GAv4    :   adb logcat -s GAv4
11-10 14:15:21.365  6802  6872 W GAv4    : AnalyticsReceiver is not registered or is disabled. Register the receiver for reliable dispatching on non-Google Play devices. See http://goo.gl/8Rd3yj for instructions.
11-10 14:15:21.378  6802  6802 D OpenGLRenderer: Skia GL Pipeline
11-10 14:15:21.387  6802  6872 W GAv4    : CampaignTrackingReceiver is not registered, not exported or is disabled. Installation campaign tracking is not possible. See http://goo.gl/8Rd3yj for instructions.
11-10 14:15:21.390  6802  6870 I Omni Notes: Database creation
11-10 14:15:21.390  6802  6870 I Omni Notes:   exec sql file: {}create.sql
11-10 14:15:21.392  6802  6870 V Omni Notes:     sql: {}CREATE TABLE notes ( creation INTEGER PRIMARY KEY, last_modification INTEGER, title TEXT, content TEXT, archived INTEGER, trashed INTEGER, alarm INTEGER DEFAULT null, reminder_fired INTEGER, recurrence_rule TEXT, latitude REAL, longitude REAL, address TEXT, category_id INTEGER DEFAULT null, locked INTEGER, checklist  INTEGER )
11-10 14:15:21.397  6288  6403 D EGL_emulation: eglMakeCurrent: 0xbe169080: ver 3 0 (tinfo 0xbe167770)
11-10 14:15:21.399  6802  6870 V Omni Notes:     sql: {}CREATE TABLE attachments ( attachment_id INTEGER PRIMARY KEY AUTOINCREMENT, uri TEXT, name TEXT, size INTEGER, length INTEGER, mime_type TEXT, note_id INTEGER )
11-10 14:15:21.403  6802  6870 V Omni Notes:     sql: {}CREATE TABLE categories ( category_id INTEGER PRIMARY KEY, name TEXT, description TEXT, color TEXT )
11-10 14:15:21.407  6802  6872 W GAv4    : AnalyticsService not registered in the app manifest. Hits might not be delivered reliably. See http://goo.gl/8Rd3yj for instructions.
11-10 14:15:21.413  6802  6870 V Omni Notes: Query: Retrieval finished!
11-10 14:15:21.417  1769  2048 E SurfaceFlinger: ro.sf.lcd_density must be defined as a build property
11-10 14:15:21.431  3205  3304 D EGL_emulation: eglMakeCurrent: 0xdd085780: ver 3 0 (tinfo 0xdd083510)
11-10 14:15:21.433  2156  2365 D EGL_emulation: eglMakeCurrent: 0xdaf4bd80: ver 3 0 (tinfo 0xdaf4f4a0)
11-10 14:15:21.540  1647  1841 D gralloc_ranchu: gralloc_alloc: Creating ashmem region of size 8298496
11-10 14:15:21.545  6802  6873 D HostConnection: HostConnection::get() New Host Connection established 0xdd0b9a00, tid 6873
11-10 14:15:21.554  1647  1693 D gralloc_ranchu: gralloc_alloc: Creating ashmem region of size 8298496
11-10 14:15:21.562  1647  1647 D gralloc_ranchu: gralloc_alloc: Creating ashmem region of size 8298496
11-10 14:15:21.599  6802  6873 D HostConnection: HostComposition ext ANDROID_EMU_CHECKSUM_HELPER_v1 ANDROID_EMU_native_sync_v2 ANDROID_EMU_native_sync_v3 ANDROID_EMU_native_sync_v4 ANDROID_EMU_dma_v1 ANDROID_EMU_YUV420_888_to_NV21 ANDROID_EMU_YUV_Cache ANDROID_EMU_async_unmap_buffer GL_OES_EGL_image_external_essl3 GL_OES_vertex_array_object GL_KHR_texture_compression_astc_ldr ANDROID_EMU_host_side_tracing ANDROID_EMU_gles_max_version_3_0 
11-10 14:15:21.631  6802  6873 I ConfigStore: android::hardware::configstore::V1_0::ISurfaceFlingerConfigs::hasWideColorDisplay retrieved: 0
11-10 14:15:21.631  6802  6873 I ConfigStore: android::hardware::configstore::V1_0::ISurfaceFlingerConfigs::hasHDRDisplay retrieved: 0
11-10 14:15:21.631  6802  6873 I OpenGLRenderer: Initialized EGL, version 1.4
11-10 14:15:21.631  6802  6873 D OpenGLRenderer: Swap behavior 1
11-10 14:15:21.632  6802  6873 W OpenGLRenderer: Failed to choose config with EGL_SWAP_BEHAVIOR_PRESERVED, retrying without...
11-10 14:15:21.632  6802  6873 D OpenGLRenderer: Swap behavior 0
11-10 14:15:21.632  6802  6873 D eglCodecCommon: setVertexArrayObject: set vao to 0 (0) 0 0
11-10 14:15:21.633  6802  6873 D EGL_emulation: eglCreateContext: 0xdd085480: maj 3 min 0 rcv 3
11-10 14:15:21.634  6802  6873 D EGL_emulation: eglMakeCurrent: 0xdd085480: ver 3 0 (tinfo 0xdd0837b0)
11-10 14:15:21.649  1769  1809 E SurfaceFlinger: ro.sf.lcd_density must be defined as a build property
11-10 14:15:21.663  1928  2290 I GnssLocationProvider: WakeLock acquired by sendMessage(REPORT_SV_STATUS, 0, com.android.server.location.GnssLocationProvider$SvStatusInfo@2fc98f9)
11-10 14:15:21.664  1928  1941 I GnssLocationProvider: WakeLock released by handleMessage(REPORT_SV_STATUS, 0, com.android.server.location.GnssLocationProvider$SvStatusInfo@2fc98f9)
11-10 14:15:21.704  6802  6873 D HostConnection: createUnique: call
11-10 14:15:21.704  6802  6873 D HostConnection: HostConnection::get() New Host Connection established 0xdd0b9d20, tid 6873
11-10 14:15:21.706  6353  6353 I GAv4-SVC: Google Analytics 224.3.12 is starting up.
11-10 14:15:21.720  6802  6873 D HostConnection: HostComposition ext ANDROID_EMU_CHECKSUM_HELPER_v1 ANDROID_EMU_native_sync_v2 ANDROID_EMU_native_sync_v3 ANDROID_EMU_native_sync_v4 ANDROID_EMU_dma_v1 ANDROID_EMU_YUV420_888_to_NV21 ANDROID_EMU_YUV_Cache ANDROID_EMU_async_unmap_buffer GL_OES_EGL_image_external_essl3 GL_OES_vertex_array_object GL_KHR_texture_compression_astc_ldr ANDROID_EMU_host_side_tracing ANDROID_EMU_gles_max_version_3_0 
11-10 14:15:21.721  6802  6873 E eglCodecCommon: GoldfishAddressSpaceHostMemoryAllocator: ioctl_ping failed for device_type=5, ret=-1
11-10 14:15:21.724  6802  6802 D Omni Notes: it.feio.android.omninotes.async.bus.NotesLoadedEvent
11-10 14:15:21.740  6802  6802 D Omni Notes: Started navigation drawer initialization
11-10 14:15:21.742  6802  6802 D Omni Notes: Finished navigation drawer initialization
11-10 14:15:21.743  6802  6802 D Omni Notes: Finished main menu initialization
11-10 14:15:21.743  6802  6870 V Omni Notes: Query: SELECT creation,last_modification,title,content,archived,trashed,alarm,reminder_fired,recurrence_rule,latitude,longitude,address,locked,checklist,category_id,name,description,color FROM notes LEFT JOIN categories USING( category_id)  ORDER BY title||content ASC 
11-10 14:15:21.744  6802  6802 D Omni Notes: Finished categories menu initialization
11-10 14:15:21.745  6802  6802 W ActivityThread: handleWindowVisibility: no activity for token android.os.BinderProxy@a506ad6
11-10 14:15:21.746  6802  6870 V Omni Notes: Query: Retrieval finished!
11-10 14:15:21.747  6802  6870 D Omni Notes: Dynamic menu finished counting items
11-10 14:15:21.747  6802  6870 E Omni Notes: Wrong element choosen: 0
11-10 14:15:21.759 15588 15588 D BoundBrokerSvc: onBind: Intent { act=com.google.android.gms.scheduler.ACTION_PROXY_SCHEDULE dat=chimera-action: cmp=com.google.android.gms/.chimera.PersistentApiService }
11-10 14:15:21.759 15588 15588 D BoundBrokerSvc: Loading bound service for intent: Intent { act=com.google.android.gms.scheduler.ACTION_PROXY_SCHEDULE dat=chimera-action: cmp=com.google.android.gms/.chimera.PersistentApiService }
11-10 14:15:21.835  6802  6873 D EGL_emulation: eglMakeCurrent: 0xdd085480: ver 3 0 (tinfo 0xdd0837b0)
11-10 14:15:21.859  6802  6873 D eglCodecCommon: setVertexArrayObject: set vao to 0 (0) 1 2
11-10 14:15:21.896  1928  2597 V BackupManagerConstants: getFullBackupRequiredNetworkType(...) returns 2
11-10 14:15:21.896  1928  2597 V BackupManagerConstants: getFullBackupRequireCharging(...) returns true
11-10 14:15:21.959  6802  6802 W FragmentManager: moveToState: Fragment state for IntroSlide2{fa73f3f #0 id=0x7f0901a1 android:switcher:2131296673:1} not updated inline; expected state 3 found 2
11-10 14:15:21.987  1647  1841 D gralloc_ranchu: gralloc_alloc: Creating ashmem region of size 8298496
11-10 14:15:21.994  1647  1693 D gralloc_ranchu: gralloc_alloc: Creating ashmem region of size 8298496
11-10 14:15:22.001  1647  1693 D gralloc_ranchu: gralloc_alloc: Creating ashmem region of size 8298496
11-10 14:15:22.164  6802  6873 D EGL_emulation: eglMakeCurrent: 0xdd085480: ver 3 0 (tinfo 0xdd0837b0)
11-10 14:15:22.202  1928  1950 I ActivityManager: Displayed it.feio.android.omninotes/.intro.IntroActivity: +748ms (total +1s430ms)
11-10 14:15:22.244 14769 14769 I GoogleInputMethod: onFinishInput() : Dummy InputConnection bound
11-10 14:15:22.296 14769 14769 I GoogleInputMethod: onStartInput() : Dummy InputConnection bound
11-10 14:15:22.335  1769  1769 W SurfaceFlinger: couldn't log to binary event log: overflow.
11-10 14:15:22.336  1769  1769 W SurfaceFlinger: couldn't log to binary event log: overflow.
11-10 14:15:22.387  1769  2048 W SurfaceFlinger: Attempting to set client state on removed layer: Splash Screen it.feio.android.omninotes#0
11-10 14:15:22.387  1769  2048 W SurfaceFlinger: Attempting to destroy on removed layer: Splash Screen it.feio.android.omninotes#0
11-10 14:15:22.579  6288  6481 I PBSessionCacheImpl: (REDACTED) Deleted sessionId[%d] from persistence.
11-10 14:15:22.661  1928  2290 I GnssLocationProvider: WakeLock acquired by sendMessage(REPORT_SV_STATUS, 0, com.android.server.location.GnssLocationProvider$SvStatusInfo@5659add)
11-10 14:15:22.664  1928  1941 I GnssLocationProvider: WakeLock released by handleMessage(REPORT_SV_STATUS, 0, com.android.server.location.GnssLocationProvider$SvStatusInfo@5659add)
11-10 14:15:22.670  6720  6750 I droid.apps.doc: The ClassLoaderContext is a special shared library.
11-10 14:15:22.676  6720  6750 I chatty  : uid=10076(com.google.android.apps.docs) TaskSchedulerLo identical 1 line
11-10 14:15:22.685  6720  6750 I droid.apps.doc: The ClassLoaderContext is a special shared library.
11-10 14:15:22.748  1769  1896 W SurfaceFlinger: Attempting to set client state on removed layer: Surface(name=83c13dd StatusBar)/@0x60f8b59 - animation-leash#0
11-10 14:15:22.748  1769  1896 W SurfaceFlinger: Attempting to destroy on removed layer: Surface(name=83c13dd StatusBar)/@0x60f8b59 - animation-leash#0
11-10 14:15:22.760  6288  6371 I A       : getLocaleToModelSpecsMap
11-10 14:15:22.760  6288  6371 I A       : Using proto config with mendel
11-10 14:15:22.770  6288  6371 I A       : getLocaleToModelSpecsMap
11-10 14:15:22.771  6288  6371 I A       : Using proto config with mendel
11-10 14:15:22.795  6288  6371 W SearchServiceCore: Abort, client detached.
11-10 14:15:22.796  6288  6371 I chatty  : uid=10041(com.google.android.googlequicksearchbox) EventBus0 identical 1 line
11-10 14:15:22.807  6288  6371 W SearchServiceCore: Abort, client detached.
11-10 14:15:22.865  6720  6750 V NativeCrypto: Registering com/google/android/gms/org/conscrypt/NativeCrypto's 295 native methods...
11-10 14:15:22.944  6720  6750 D NetworkSecurityConfig: No Network Security Config specified, using platform default
11-10 14:15:22.966  6720  6750 I ProviderInstaller: Installed default security provider GmsCore_OpenSSL
11-10 14:15:23.410  1782  1836 E storaged: getDiskStats failed with result NOT_SUPPORTED and size 0
11-10 14:15:23.665  1928  2290 I GnssLocationProvider: WakeLock acquired by sendMessage(REPORT_SV_STATUS, 0, com.android.server.location.GnssLocationProvider$SvStatusInfo@38b8d23)
11-10 14:15:23.666  1928  1941 I GnssLocationProvider: WakeLock released by handleMessage(REPORT_SV_STATUS, 0, com.android.server.location.GnssLocationProvider$SvStatusInfo@38b8d23)
11-10 14:15:24.309  6802  6866 W Omni Notes: Error fetching app metadata
11-10 14:15:24.309  6802  6866 W Omni Notes: javax.net.ssl.SSLPeerUnverifiedException: Hostname psmetadatafetcher.vps.iosue.it not verified:
11-10 14:15:24.309  6802  6866 W Omni Notes:     certificate: sha1/0Z6CCwDM7bp4B7rtlJwf0e9vWCE=
11-10 14:15:24.309  6802  6866 W Omni Notes:     DN: CN=gestorvacacional.es
11-10 14:15:24.309  6802  6866 W Omni Notes:     subjectAltNames: [gestorvacacional.es, www.gestorvacacional.es]
11-10 14:15:24.309  6802  6866 W Omni Notes: 	at com.android.okhttp.internal.io.RealConnection.connectTls(RealConnection.java:201)
11-10 14:15:24.309  6802  6866 W Omni Notes: 	at com.android.okhttp.internal.io.RealConnection.connectSocket(RealConnection.java:149)
11-10 14:15:24.309  6802  6866 W Omni Notes: 	at com.android.okhttp.internal.io.RealConnection.connect(RealConnection.java:112)
11-10 14:15:24.309  6802  6866 W Omni Notes: 	at com.android.okhttp.internal.http.StreamAllocation.findConnection(StreamAllocation.java:184)
11-10 14:15:24.309  6802  6866 W Omni Notes: 	at com.android.okhttp.internal.http.StreamAllocation.findHealthyConnection(StreamAllocation.java:126)
11-10 14:15:24.309  6802  6866 W Omni Notes: 	at com.android.okhttp.internal.http.StreamAllocation.newStream(StreamAllocation.java:95)
11-10 14:15:24.309  6802  6866 W Omni Notes: 	at com.android.okhttp.internal.http.HttpEngine.connect(HttpEngine.java:281)
11-10 14:15:24.309  6802  6866 W Omni Notes: 	at com.android.okhttp.internal.http.HttpEngine.sendRequest(HttpEngine.java:224)
11-10 14:15:24.309  6802  6866 W Omni Notes: 	at com.android.okhttp.internal.huc.HttpURLConnectionImpl.execute(HttpURLConnectionImpl.java:461)
11-10 14:15:24.309  6802  6866 W Omni Notes: 	at com.android.okhttp.internal.huc.HttpURLConnectionImpl.getResponse(HttpURLConnectionImpl.java:407)
11-10 14:15:24.309  6802  6866 W Omni Notes: 	at com.android.okhttp.internal.huc.HttpURLConnectionImpl.getInputStream(HttpURLConnectionImpl.java:244)
11-10 14:15:24.309  6802  6866 W Omni Notes: 	at com.android.okhttp.internal.huc.DelegatingHttpsURLConnection.getInputStream(DelegatingHttpsURLConnection.java:210)
11-10 14:15:24.309  6802  6866 W Omni Notes: 	at com.android.okhttp.internal.huc.HttpsURLConnectionImpl.getInputStream(HttpsURLConnectionImpl.java:26)
11-10 14:15:24.309  6802  6866 W Omni Notes: 	at it.feio.android.omninotes.async.UpdaterTask.getAppData(UpdaterTask.java:166)
11-10 14:15:24.309  6802  6866 W Omni Notes: 	at it.feio.android.omninotes.async.UpdaterTask.doInBackground(UpdaterTask.java:83)
11-10 14:15:24.309  6802  6866 W Omni Notes: 	at it.feio.android.omninotes.async.UpdaterTask.doInBackground(UpdaterTask.java:51)
11-10 14:15:24.309  6802  6866 W Omni Notes: 	at android.os.AsyncTask$2.call(AsyncTask.java:333)
11-10 14:15:24.309  6802  6866 W Omni Notes: 	at java.util.concurrent.FutureTask.run(FutureTask.java:266)
11-10 14:15:24.309  6802  6866 W Omni Notes: 	at android.os.AsyncTask$SerialExecutor$1.run(AsyncTask.java:245)
11-10 14:15:24.309  6802  6866 W Omni Notes: 	at java.util.concurrent.ThreadPoolExecutor.runWorker(ThreadPoolExecutor.java:1167)
11-10 14:15:24.309  6802  6866 W Omni Notes: 	at java.util.concurrent.ThreadPoolExecutor$Worker.run(ThreadPoolExecutor.java:641)
11-10 14:15:24.309  6802  6866 W Omni Notes: 	at java.lang.Thread.run(Thread.java:764)
11-10 14:15:24.384  6802  6884 I Omni Notes: System rebooted: service refreshing reminders
11-10 14:15:24.390  6802  6884 D Omni Notes: Notifies AppWidget data changed for widgets []
11-10 14:15:24.395  6802  6884 V Omni Notes: Query: SELECT creation,last_modification,title,content,archived,trashed,alarm,reminder_fired,recurrence_rule,latitude,longitude,address,locked,checklist,category_id,name,description,color FROM notes LEFT JOIN categories USING( category_id)  WHERE alarm IS NOT NULL AND reminder_fired IS NOT 1 AND archived IS NOT 1 AND trashed IS NOT 1 ORDER BY title||content ASC 
11-10 14:15:24.396  6802  6884 V Omni Notes: Query: Retrieval finished!
11-10 14:15:24.397  6802  6884 D Omni Notes: Found 0 reminders
11-10 14:15:24.579  1928  5855 I ActivityManager: Killing 2315:android.process.acore/u0a13 (adj 906): empty #17
11-10 14:15:24.583  1928  1945 W libprocessgroup: kill(-2315, 9) failed: No such process
11-10 14:15:24.621  1928  5855 D CountryDetector: No listener is left
11-10 14:15:24.622  1770  1770 I Zygote  : Process 2315 exited due to signal (9)
11-10 14:15:24.629  1928  1945 W libprocessgroup: kill(-2315, 9) failed: No such process
11-10 14:15:24.629  1928  1945 I libprocessgroup: Successfully killed process cgroup uid 10013 pid 2315 in 46ms
11-10 14:15:24.668  1928  2290 I GnssLocationProvider: WakeLock acquired by sendMessage(REPORT_SV_STATUS, 0, com.android.server.location.GnssLocationProvider$SvStatusInfo@67fd87f)
11-10 14:15:24.670  1928  1941 I GnssLocationProvider: WakeLock released by handleMessage(REPORT_SV_STATUS, 0, com.android.server.location.GnssLocationProvider$SvStatusInfo@67fd87f)
11-10 14:15:25.673  1928  2290 I GnssLocationProvider: WakeLock acquired by sendMessage(REPORT_SV_STATUS, 0, com.android.server.location.GnssLocationProvider$SvStatusInfo@9a0104c)
11-10 14:15:25.674  1928  1941 I GnssLocationProvider: WakeLock released by handleMessage(REPORT_SV_STATUS, 0, com.android.server.location.GnssLocationProvider$SvStatusInfo@9a0104c)
11-10 14:15:25.809  1928  5855 W ActivityManager: Background start not allowed: service Intent { cmp=com.google.android.apps.messaging/.shared.datamodel.action.ActionExecutorImpl$EmptyService } to com.google.android.apps.messaging/.shared.datamodel.action.ActionExecutorImpl$EmptyService from pid=6684 uid=10085 pkg=com.google.android.apps.messaging startFg?=false
11-10 14:15:25.811  6684  6684 W BugleDataModel: service started without protection. DataModel.startActionUnsafe is deprecated. class com.google.android.apps.messaging.shared.datamodel.action.FixupMessageStatusOnStartupAction-FixupMessageStatusOnStartupAction:1668107719764001
11-10 14:15:25.811  6684  6684 W BugleDataModel: java.lang.IllegalStateException: Not allowed to start service Intent { cmp=com.google.android.apps.messaging/.shared.datamodel.action.ActionExecutorImpl$EmptyService }: app is in background uid UidRecord{d597fdc u0a85 SVC  bg:+2d0h4m8s467ms idle procs:2 seq(0,0,0)}
11-10 14:15:25.811  6684  6684 W BugleDataModel: 	at android.app.ContextImpl.startServiceCommon(ContextImpl.java:1577)
11-10 14:15:25.811  6684  6684 W BugleDataModel: 	at android.app.ContextImpl.startService(ContextImpl.java:1532)
11-10 14:15:25.811  6684  6684 W BugleDataModel: 	at android.content.ContextWrapper.startService(ContextWrapper.java:664)
11-10 14:15:25.811  6684  6684 W BugleDataModel: 	at com.google.android.apps.messaging.shared.datamodel.action.ActionExecutorImpl.a(SourceFile:25)
11-10 14:15:25.811  6684  6684 W BugleDataModel: 	at cau.a(SourceFile:92)
11-10 14:15:25.811  6684  6684 W BugleDataModel: 	at cav.run(Unknown Source:2)
11-10 14:15:25.811  6684  6684 W BugleDataModel: 	at android.os.Handler.handleCallback(Handler.java:873)
11-10 14:15:25.811  6684  6684 W BugleDataModel: 	at android.os.Handler.dispatchMessage(Handler.java:99)
11-10 14:15:25.811  6684  6684 W BugleDataModel: 	at android.os.Looper.loop(Looper.java:193)
11-10 14:15:25.811  6684  6684 W BugleDataModel: 	at android.app.ActivityThread.main(ActivityThread.java:6669)
11-10 14:15:25.811  6684  6684 W BugleDataModel: 	at java.lang.reflect.Method.invoke(Native Method)
11-10 14:15:25.811  6684  6684 W BugleDataModel: 	at com.android.internal.os.RuntimeInit$MethodAndArgsCaller.run(RuntimeInit.java:493)
11-10 14:15:25.811  6684  6684 W BugleDataModel: 	at com.android.internal.os.ZygoteInit.main(ZygoteInit.java:858)
11-10 14:15:25.815  6684  6684 W BugleDataModel: service started without protection. DataModel.startActionUnsafe is deprecated. class com.google.android.apps.messaging.shared.datamodel.action.ProcessPendingMessagesAction-ProcessPendingMessagesAction:1668107719764002
11-10 14:15:25.815  6684  6684 W BugleDataModel: java.lang.IllegalStateException: Not allowed to start service Intent { cmp=com.google.android.apps.messaging/.shared.datamodel.action.ActionExecutorImpl$EmptyService }: app is in background uid UidRecord{d597fdc u0a85 SVC  bg:+2d0h4m8s472ms idle procs:2 seq(0,0,0)}
11-10 14:15:25.815  6684  6684 W BugleDataModel: 	at android.app.ContextImpl.startServiceCommon(ContextImpl.java:1577)
11-10 14:15:25.815  6684  6684 W BugleDataModel: 	at android.app.ContextImpl.startService(ContextImpl.java:1532)
11-10 14:15:25.815  6684  6684 W BugleDataModel: 	at android.content.ContextWrapper.startService(ContextWrapper.java:664)
11-10 14:15:25.815  6684  6684 W BugleDataModel: 	at com.google.android.apps.messaging.shared.datamodel.action.ActionExecutorImpl.a(SourceFile:25)
11-10 14:15:25.815  6684  6684 W BugleDataModel: 	at cau.a(SourceFile:92)
11-10 14:15:25.815  6684  6684 W BugleDataModel: 	at cav.run(Unknown Source:2)
11-10 14:15:25.815  6684  6684 W BugleDataModel: 	at android.os.Handler.handleCallback(Handler.java:873)
11-10 14:15:25.815  6684  6684 W BugleDataModel: 	at android.os.Handler.dispatchMessage(Handler.java:99)
11-10 14:15:25.815  6684  6684 W BugleDataModel: 	at android.os.Looper.loop(Looper.java:193)
11-10 14:15:25.815  6684  6684 W BugleDataModel: 	at android.app.ActivityThread.main(ActivityThread.java:6669)
11-10 14:15:25.815  6684  6684 W BugleDataModel: 	at java.lang.reflect.Method.invoke(Native Method)
11-10 14:15:25.815  6684  6684 W BugleDataModel: 	at com.android.internal.os.RuntimeInit$MethodAndArgsCaller.run(RuntimeInit.java:493)
11-10 14:15:25.815  6684  6684 W BugleDataModel: 	at com.android.internal.os.ZygoteInit.main(ZygoteInit.java:858)
11-10 14:15:25.857  6684  6758 I BugleDataModel: Fixup: Send failed - 0 Download failed - 0
11-10 14:15:25.870  6684  6758 I BugleDataModel: ProcessPendingMessagesAction: process from FixupMessageStatusOnStartupAction due to connectivity changed with queues:
11-10 14:15:25.871  6684  6758 I BugleDataModel: ProcessPendingMessagesAction: cleared next retry time for channel sms_send 
