11-10 14:18:31.087  8741  8741 D AndroidRuntime: Calling main entry com.android.commands.uiautomator.Launcher
11-10 14:18:31.098  6288  6362 I A       : NGA disabled due to not being eligible.
11-10 14:18:31.352  1928  2290 I GnssLocationProvider: WakeLock acquired by sendMessage(REPORT_SV_STATUS, 0, com.android.server.location.GnssLocationProvider$SvStatusInfo@d8c9014)
11-10 14:18:31.353  1928  1941 I GnssLocationProvider: WakeLock released by handleMessage(REPORT_SV_STATUS, 0, com.android.server.location.GnssLocationProvider$SvStatusInfo@d8c9014)
11-10 14:18:32.111  8741  8741 I AccessibilityNodeInfoDumper: Skipping invisible child: android.view.accessibility.AccessibilityNodeInfo@168d6; boundsInParent: Rect(0, 0 - 1080, 1794); boundsInScreen: Rect(0, 0 - 0, 1794); packageName: it.feio.android.omninotes; className: android.widget.LinearLayout; text: null; error: null; maxTextLength: -1; contentDescription: null; tooltipText: null; viewIdResName: it.feio.android.omninotes:id/intro_background; checkable: false; checked: false; focusable: false; focused: false; selected: false; clickable: false; longClickable: false; contextClickable: false; enabled: true; password: false; scrollable: false; importantForAccessibility: false; visible: false; actions: [AccessibilityAction: ACTION_SELECT - null, AccessibilityAction: ACTION_CLEAR_SELECTION - null, AccessibilityAction: ACTION_ACCESSIBILITY_FOCUS - null, AccessibilityAction: ACTION_SHOW_ON_SCREEN - null]
11-10 14:18:32.114  8741  8741 W AccessibilityNodeInfoDumper: Fetch time: 5ms
11-10 14:18:31.096  1928  1928 V SettingsProvider: Notifying for 0: content://settings/secure/accessibility_enabled
11-10 14:18:32.115  1928  5855 W WindowManager: removeWindowToken: Attempted to remove non-existing token: android.os.Binder@a35e26
11-10 14:18:32.116  1928  1928 V SettingsProvider: Notifying for 0: content://settings/secure/accessibility_enabled
11-10 14:18:32.120  6288  6362 I A       : NGA disabled due to not being eligible.
11-10 14:18:32.124  8741  8741 D AndroidRuntime: Shutting down VM
11-10 14:18:32.355  1928  2290 I GnssLocationProvider: WakeLock acquired by sendMessage(REPORT_SV_STATUS, 0, com.android.server.location.GnssLocationProvider$SvStatusInfo@5d736b2)
11-10 14:18:32.356  1928  1941 I GnssLocationProvider: WakeLock released by handleMessage(REPORT_SV_STATUS, 0, com.android.server.location.GnssLocationProvider$SvStatusInfo@5d736b2)
11-10 14:18:33.155  8777  8777 D AndroidRuntime: >>>>>> START com.android.internal.os.RuntimeInit uid 2000 <<<<<<
11-10 14:18:33.196  8777  8777 W app_process: Unexpected CPU variant for X86 using defaults: x86
11-10 14:18:33.197  8777  8777 I app_process: The ClassLoaderContext is a special shared library.
11-10 14:18:33.198  8777  8777 I app_process: The ClassLoaderContext is a special shared library.
11-10 14:18:33.203  8777  8777 W app_process: CheckJNI: method to register "write" not in the given class. This is slow, consider changing your RegisterNatives calls.
11-10 14:18:33.206  8777  8777 I chatty  : uid=2000(shell) main identical 42 lines
11-10 14:18:33.206  8777  8777 W app_process: CheckJNI: method to register "write" not in the given class. This is slow, consider changing your RegisterNatives calls.
11-10 14:18:33.206  8777  8777 W app_process: CheckJNI: method to register "write_non_chained" not in the given class. This is slow, consider changing your RegisterNatives calls.
11-10 14:18:33.206  8777  8777 I chatty  : uid=2000(shell) main identical 7 lines
11-10 14:18:33.206  8777  8777 W app_process: CheckJNI: method to register "write_non_chained" not in the given class. This is slow, consider changing your RegisterNatives calls.
11-10 14:18:33.221  8777  8777 D AndroidRuntime: Calling main entry com.android.commands.uiautomator.Launcher
11-10 14:18:33.233  6288  6362 I A       : NGA disabled due to not being eligible.
11-10 14:18:33.359  1928  2290 I GnssLocationProvider: WakeLock acquired by sendMessage(REPORT_SV_STATUS, 0, com.android.server.location.GnssLocationProvider$SvStatusInfo@9428bb9)
11-10 14:18:33.360  1928  1941 I GnssLocationProvider: WakeLock released by handleMessage(REPORT_SV_STATUS, 0, com.android.server.location.GnssLocationProvider$SvStatusInfo@9428bb9)
11-10 14:18:34.250  8777  8777 I AccessibilityNodeInfoDumper: Skipping invisible child: android.view.accessibility.AccessibilityNodeInfo@168e6; boundsInParent: Rect(0, 0 - 1080, 1794); boundsInScreen: Rect(0, 0 - 0, 1794); packageName: it.feio.android.omninotes; className: android.widget.LinearLayout; text: null; error: null; maxTextLength: -1; contentDescription: null; tooltipText: null; viewIdResName: it.feio.android.omninotes:id/intro_background; checkable: false; checked: false; focusable: false; focused: false; selected: false; clickable: false; longClickable: false; contextClickable: false; enabled: true; password: false; scrollable: false; importantForAccessibility: false; visible: false; actions: [AccessibilityAction: ACTION_SELECT - null, AccessibilityAction: ACTION_CLEAR_SELECTION - null, AccessibilityAction: ACTION_ACCESSIBILITY_FOCUS - null, AccessibilityAction: ACTION_SHOW_ON_SCREEN - null]
11-10 14:18:34.253  8777  8777 W AccessibilityNodeInfoDumper: Fetch time: 4ms
11-10 14:18:33.231  1928  1928 V SettingsProvider: Notifying for 0: content://settings/secure/accessibility_enabled
11-10 14:18:34.254  1928  6015 W WindowManager: removeWindowToken: Attempted to remove non-existing token: android.os.Binder@ef8b603
11-10 14:18:34.254  1928  1928 V SettingsProvider: Notifying for 0: content://settings/secure/accessibility_enabled
11-10 14:18:34.258  6288  6362 I A       : NGA disabled due to not being eligible.
11-10 14:18:34.262  8777  8777 D AndroidRuntime: Shutting down VM
11-10 14:18:34.362  1928  2290 I GnssLocationProvider: WakeLock acquired by sendMessage(REPORT_SV_STATUS, 0, com.android.server.location.GnssLocationProvider$SvStatusInfo@546af5f)
11-10 14:18:34.362  1928  1941 I GnssLocationProvider: WakeLock released by handleMessage(REPORT_SV_STATUS, 0, com.android.server.location.GnssLocationProvider$SvStatusInfo@546af5f)
11-10 14:18:34.492  1769  2196 E SurfaceFlinger: ro.sf.lcd_density must be defined as a build property
11-10 14:18:34.493  1647  1693 D gralloc_ranchu: gralloc_alloc: Creating ashmem region of size 8298496
11-10 14:18:34.527  8794  8794 D HostConnection: createUnique: call
11-10 14:18:34.527  8794  8794 D HostConnection: HostConnection::get() New Host Connection established 0xecd20b90, tid 8794
11-10 14:18:34.529  8794  8794 D HostConnection: HostComposition ext ANDROID_EMU_CHECKSUM_HELPER_v1 ANDROID_EMU_native_sync_v2 ANDROID_EMU_native_sync_v3 ANDROID_EMU_native_sync_v4 ANDROID_EMU_dma_v1 ANDROID_EMU_YUV420_888_to_NV21 ANDROID_EMU_YUV_Cache ANDROID_EMU_async_unmap_buffer GL_OES_EGL_image_external_essl3 GL_OES_vertex_array_object GL_KHR_texture_compression_astc_ldr ANDROID_EMU_host_side_tracing ANDROID_EMU_gles_max_version_3_0 
11-10 14:18:34.529  8794  8794 E eglCodecCommon: GoldfishAddressSpaceHostMemoryAllocator: ioctl_ping failed for device_type=5, ret=-1
11-10 14:18:34.685  1928  1941 E memtrack: Couldn't load memtrack module
11-10 14:18:34.685  1928  1941 W android.os.Debug: failed to get memory consumption info: -1
11-10 14:18:34.687  6689  6689 D MediaScannerReceiver: action: android.intent.action.MEDIA_SCANNER_SCAN_FILE path: /storage/emulated/0/screen.png
11-10 14:18:34.696  1928  1941 E memtrack: Couldn't load memtrack module
11-10 14:18:34.696  1928  1941 W android.os.Debug: failed to get memory consumption info: -1
11-10 14:18:34.706  1928  1941 E memtrack: Couldn't load memtrack module
11-10 14:18:34.706  1928  1941 W android.os.Debug: failed to get memory consumption info: -1
11-10 14:18:34.718  1928  1941 E memtrack: Couldn't load memtrack module
11-10 14:18:34.718  1928  1941 W android.os.Debug: failed to get memory consumption info: -1
11-10 14:18:34.727  1928  1941 E memtrack: Couldn't load memtrack module
11-10 14:18:34.727  1928  1941 W android.os.Debug: failed to get memory consumption info: -1
11-10 14:18:34.828  1928  2856 I ActivityManager: Killing 314:com.android.documentsui/u0a21 (adj 906): empty #17
11-10 14:18:34.831  1928  1945 W libprocessgroup: kill(-314, 9) failed: No such process
11-10 14:18:34.872  1928  1945 W libprocessgroup: kill(-314, 9) failed: No such process
11-10 14:18:34.894  1770  1770 I Zygote  : Process 314 exited due to signal (9)
11-10 14:18:34.912  1928  1945 W libprocessgroup: kill(-314, 9) failed: No such process
11-10 14:18:34.912  1928  1945 I libprocessgroup: Successfully killed process cgroup uid 10021 pid 314 in 81ms
11-10 14:18:35.364  1928  2290 I GnssLocationProvider: WakeLock acquired by sendMessage(REPORT_SV_STATUS, 0, com.android.server.location.GnssLocationProvider$SvStatusInfo@c2aea0a)
11-10 14:18:35.365  1928  1941 I GnssLocationProvider: WakeLock released by handleMessage(REPORT_SV_STATUS, 0, com.android.server.location.GnssLocationProvider$SvStatusInfo@c2aea0a)
11-10 14:18:36.369  1928  2290 I GnssLocationProvider: WakeLock acquired by sendMessage(REPORT_SV_STATUS, 0, com.android.server.location.GnssLocationProvider$SvStatusInfo@f50e27b)
11-10 14:18:36.370  1928  1941 I GnssLocationProvider: WakeLock released by handleMessage(REPORT_SV_STATUS, 0, com.android.server.location.GnssLocationProvider$SvStatusInfo@f50e27b)
11-10 14:18:36.909  1928  1946 E BatteryExternalStatsWorker: no controller energy info supplied for wifi
11-10 14:18:37.056  8807  8807 D AndroidRuntime: >>>>>> START com.android.internal.os.RuntimeInit uid 2000 <<<<<<
11-10 14:18:37.099  8807  8807 W app_process: Unexpected CPU variant for X86 using defaults: x86
11-10 14:18:37.101  8807  8807 I app_process: The ClassLoaderContext is a special shared library.
11-10 14:18:37.102  8807  8807 I app_process: The ClassLoaderContext is a special shared library.
11-10 14:18:37.107  8807  8807 W app_process: CheckJNI: method to register "write" not in the given class. This is slow, consider changing your RegisterNatives calls.
11-10 14:18:37.110  8807  8807 I chatty  : uid=2000(shell) main identical 42 lines
11-10 14:18:37.110  8807  8807 W app_process: CheckJNI: method to register "write" not in the given class. This is slow, consider changing your RegisterNatives calls.
11-10 14:18:37.110  8807  8807 W app_process: CheckJNI: method to register "write_non_chained" not in the given class. This is slow, consider changing your RegisterNatives calls.
11-10 14:18:37.110  8807  8807 I chatty  : uid=2000(shell) main identical 7 lines
11-10 14:18:37.110  8807  8807 W app_process: CheckJNI: method to register "write_non_chained" not in the given class. This is slow, consider changing your RegisterNatives calls.
11-10 14:18:37.124  8807  8807 D AndroidRuntime: Calling main entry com.android.commands.uiautomator.Launcher
11-10 14:18:37.133  1928  1928 V SettingsProvider: Notifying for 0: content://settings/secure/accessibility_enabled
11-10 14:18:37.138  6288  6362 I A       : NGA disabled due to not being eligible.
11-10 14:18:37.373  1928  2290 I GnssLocationProvider: WakeLock acquired by sendMessage(REPORT_SV_STATUS, 0, com.android.server.location.GnssLocationProvider$SvStatusInfo@7959cd6)
11-10 14:18:37.374  1928  1941 I GnssLocationProvider: WakeLock released by handleMessage(REPORT_SV_STATUS, 0, com.android.server.location.GnssLocationProvider$SvStatusInfo@7959cd6)
11-10 14:18:38.150  8807  8807 I AccessibilityNodeInfoDumper: Skipping invisible child: android.view.accessibility.AccessibilityNodeInfo@168f0; boundsInParent: Rect(0, 0 - 1080, 1794); boundsInScreen: Rect(0, 0 - 0, 1794); packageName: it.feio.android.omninotes; className: android.widget.LinearLayout; text: null; error: null; maxTextLength: -1; contentDescription: null; tooltipText: null; viewIdResName: it.feio.android.omninotes:id/intro_background; checkable: false; checked: false; focusable: false; focused: false; selected: false; clickable: false; longClickable: false; contextClickable: false; enabled: true; password: false; scrollable: false; importantForAccessibility: false; visible: false; actions: [AccessibilityAction: ACTION_SELECT - null, AccessibilityAction: ACTION_CLEAR_SELECTION - null, AccessibilityAction: ACTION_ACCESSIBILITY_FOCUS - null, AccessibilityAction: ACTION_SHOW_ON_SCREEN - null]
11-10 14:18:38.152  8807  8807 W AccessibilityNodeInfoDumper: Fetch time: 4ms
11-10 14:18:38.153  1928  6015 W WindowManager: removeWindowToken: Attempted to remove non-existing token: android.os.Binder@941898
11-10 14:18:38.154  1928  1928 V SettingsProvider: Notifying for 0: content://settings/secure/accessibility_enabled
11-10 14:18:38.158  6288  6351 I A       : NGA disabled due to not being eligible.
11-10 14:18:38.159  8807  8807 D AndroidRuntime: Shutting down VM
11-10 14:18:38.377  1928  2290 I GnssLocationProvider: WakeLock acquired by sendMessage(REPORT_SV_STATUS, 0, com.android.server.location.GnssLocationProvider$SvStatusInfo@bfe2644)
11-10 14:18:38.378  1928  1941 I GnssLocationProvider: WakeLock released by handleMessage(REPORT_SV_STATUS, 0, com.android.server.location.GnssLocationProvider$SvStatusInfo@bfe2644)
11-10 14:18:39.381  1928  2290 I GnssLocationProvider: WakeLock acquired by sendMessage(REPORT_SV_STATUS, 0, com.android.server.location.GnssLocationProvider$SvStatusInfo@777332d)
11-10 14:18:39.382  1928  1941 I GnssLocationProvider: WakeLock released by handleMessage(REPORT_SV_STATUS, 0, com.android.server.location.GnssLocationProvider$SvStatusInfo@777332d)
11-10 14:18:40.384  1928  2290 I GnssLocationProvider: WakeLock acquired by sendMessage(REPORT_SV_STATUS, 0, com.android.server.location.GnssLocationProvider$SvStatusInfo@126b062)
11-10 14:18:40.385  1928  1941 I GnssLocationProvider: WakeLock released by handleMessage(REPORT_SV_STATUS, 0, com.android.server.location.GnssLocationProvider$SvStatusInfo@126b062)
11-10 14:18:40.397  8825  8825 D AndroidRuntime: >>>>>> START com.android.internal.os.RuntimeInit uid 2000 <<<<<<
11-10 14:18:40.442  8825  8825 W app_process: Unexpected CPU variant for X86 using defaults: x86
11-10 14:18:40.444  8825  8825 I app_process: The ClassLoaderContext is a special shared library.
11-10 14:18:40.444  8825  8825 I app_process: The ClassLoaderContext is a special shared library.
11-10 14:18:40.448  8825  8825 W app_process: CheckJNI: method to register "write" not in the given class. This is slow, consider changing your RegisterNatives calls.
11-10 14:18:40.450  8825  8825 I chatty  : uid=2000(shell) main identical 42 lines
11-10 14:18:40.450  8825  8825 W app_process: CheckJNI: method to register "write" not in the given class. This is slow, consider changing your RegisterNatives calls.
11-10 14:18:40.450  8825  8825 W app_process: CheckJNI: method to register "write_non_chained" not in the given class. This is slow, consider changing your RegisterNatives calls.
11-10 14:18:40.450  8825  8825 I chatty  : uid=2000(shell) main identical 7 lines
11-10 14:18:40.450  8825  8825 W app_process: CheckJNI: method to register "write_non_chained" not in the given class. This is slow, consider changing your RegisterNatives calls.
11-10 14:18:40.465  8825  8825 D AndroidRuntime: Calling main entry com.android.commands.uiautomator.Launcher
11-10 14:18:40.478  6288  6351 I A       : NGA disabled due to not being eligible.
11-10 14:18:41.388  1928  2290 I GnssLocationProvider: WakeLock acquired by sendMessage(REPORT_SV_STATUS, 0, com.android.server.location.GnssLocationProvider$SvStatusInfo@c0d529)
11-10 14:18:41.389  1928  1941 I GnssLocationProvider: WakeLock released by handleMessage(REPORT_SV_STATUS, 0, com.android.server.location.GnssLocationProvider$SvStatusInfo@c0d529)
11-10 14:18:41.490  8825  8825 I AccessibilityNodeInfoDumper: Skipping invisible child: android.view.accessibility.AccessibilityNodeInfo@16903; boundsInParent: Rect(0, 0 - 1080, 1794); boundsInScreen: Rect(0, 0 - 0, 1794); packageName: it.feio.android.omninotes; className: android.widget.LinearLayout; text: null; error: null; maxTextLength: -1; contentDescription: null; tooltipText: null; viewIdResName: it.feio.android.omninotes:id/intro_background; checkable: false; checked: false; focusable: false; focused: false; selected: false; clickable: false; longClickable: false; contextClickable: false; enabled: true; password: false; scrollable: false; importantForAccessibility: false; visible: false; actions: [AccessibilityAction: ACTION_SELECT - null, AccessibilityAction: ACTION_CLEAR_SELECTION - null, AccessibilityAction: ACTION_ACCESSIBILITY_FOCUS - null, AccessibilityAction: ACTION_SHOW_ON_SCREEN - null]
11-10 14:18:41.492  8825  8825 W AccessibilityNodeInfoDumper: Fetch time: 4ms
11-10 14:18:40.476  1928  1928 V SettingsProvider: Notifying for 0: content://settings/secure/accessibility_enabled
11-10 14:18:41.494  1928  6015 W WindowManager: removeWindowToken: Attempted to remove non-existing token: android.os.Binder@50325f3
11-10 14:18:41.495  1928  1928 V SettingsProvider: Notifying for 0: content://settings/secure/accessibility_enabled
11-10 14:18:41.498  6288  6362 I A       : NGA disabled due to not being eligible.
11-10 14:18:41.506  8825  8825 D AndroidRuntime: Shutting down VM
11-10 14:18:41.760  8843  8843 D AndroidRuntime: >>>>>> START com.android.internal.os.RuntimeInit uid 2000 <<<<<<
11-10 14:18:41.803  8843  8843 W app_process: Unexpected CPU variant for X86 using defaults: x86
11-10 14:18:41.804  8843  8843 I app_process: The ClassLoaderContext is a special shared library.
11-10 14:18:41.805  8843  8843 I app_process: The ClassLoaderContext is a special shared library.
11-10 14:18:41.809  8843  8843 W app_process: CheckJNI: method to register "write" not in the given class. This is slow, consider changing your RegisterNatives calls.
11-10 14:18:41.811  8843  8843 I chatty  : uid=2000(shell) main identical 42 lines
11-10 14:18:41.811  8843  8843 W app_process: CheckJNI: method to register "write" not in the given class. This is slow, consider changing your RegisterNatives calls.
11-10 14:18:41.811  8843  8843 W app_process: CheckJNI: method to register "write_non_chained" not in the given class. This is slow, consider changing your RegisterNatives calls.
11-10 14:18:41.812  8843  8843 I chatty  : uid=2000(shell) main identical 7 lines
11-10 14:18:41.812  8843  8843 W app_process: CheckJNI: method to register "write_non_chained" not in the given class. This is slow, consider changing your RegisterNatives calls.
11-10 14:18:41.825  8843  8843 D AndroidRuntime: Calling main entry com.android.commands.uiautomator.Launcher
11-10 14:18:41.840  6288  6351 I A       : NGA disabled due to not being eligible.
11-10 14:18:42.392  1928  2290 I GnssLocationProvider: WakeLock acquired by sendMessage(REPORT_SV_STATUS, 0, com.android.server.location.GnssLocationProvider$SvStatusInfo@9e89ae5)
11-10 14:18:42.393  1928  1941 I GnssLocationProvider: WakeLock released by handleMessage(REPORT_SV_STATUS, 0, com.android.server.location.GnssLocationProvider$SvStatusInfo@9e89ae5)
11-10 14:18:42.851  8843  8843 I AccessibilityNodeInfoDumper: Skipping invisible child: android.view.accessibility.AccessibilityNodeInfo@16909; boundsInParent: Rect(0, 0 - 1080, 1794); boundsInScreen: Rect(0, 0 - 0, 1794); packageName: it.feio.android.omninotes; className: android.widget.LinearLayout; text: null; error: null; maxTextLength: -1; contentDescription: null; tooltipText: null; viewIdResName: it.feio.android.omninotes:id/intro_background; checkable: false; checked: false; focusable: false; focused: false; selected: false; clickable: false; longClickable: false; contextClickable: false; enabled: true; password: false; scrollable: false; importantForAccessibility: false; visible: false; actions: [AccessibilityAction: ACTION_SELECT - null, AccessibilityAction: ACTION_CLEAR_SELECTION - null, AccessibilityAction: ACTION_ACCESSIBILITY_FOCUS - null, AccessibilityAction: ACTION_SHOW_ON_SCREEN - null]
11-10 14:18:42.854  8843  8843 W AccessibilityNodeInfoDumper: Fetch time: 3ms
11-10 14:18:41.834  1928  1928 V SettingsProvider: Notifying for 0: content://settings/secure/accessibility_enabled
11-10 14:18:42.855  1928  6015 W WindowManager: removeWindowToken: Attempted to remove non-existing token: android.os.Binder@9202e4f
11-10 14:18:42.856  1928  1928 V SettingsProvider: Notifying for 0: content://settings/secure/accessibility_enabled
11-10 14:18:42.858  6288  6351 I A       : NGA disabled due to not being eligible.
11-10 14:18:42.866  8843  8843 D AndroidRuntime: Shutting down VM
11-10 14:18:43.111  8861  8861 D AndroidRuntime: >>>>>> START com.android.internal.os.RuntimeInit uid 2000 <<<<<<
11-10 14:18:43.154  8861  8861 W app_process: Unexpected CPU variant for X86 using defaults: x86
11-10 14:18:43.155  8861  8861 I app_process: The ClassLoaderContext is a special shared library.
11-10 14:18:43.156  8861  8861 I app_process: The ClassLoaderContext is a special shared library.
11-10 14:18:43.161  8861  8861 W app_process: CheckJNI: method to register "write" not in the given class. This is slow, consider changing your RegisterNatives calls.
11-10 14:18:43.164  8861  8861 I chatty  : uid=2000(shell) main identical 42 lines
11-10 14:18:43.164  8861  8861 W app_process: CheckJNI: method to register "write" not in the given class. This is slow, consider changing your RegisterNatives calls.
11-10 14:18:43.164  8861  8861 W app_process: CheckJNI: method to register "write_non_chained" not in the given class. This is slow, consider changing your RegisterNatives calls.
11-10 14:18:43.164  8861  8861 I chatty  : uid=2000(shell) main identical 7 lines
11-10 14:18:43.164  8861  8861 W app_process: CheckJNI: method to register "write_non_chained" not in the given class. This is slow, consider changing your RegisterNatives calls.
11-10 14:18:43.178  8861  8861 D AndroidRuntime: Calling main entry com.android.commands.uiautomator.Launcher
11-10 14:18:43.193  6288  6362 I A       : NGA disabled due to not being eligible.
11-10 14:18:43.392  1928  2290 I GnssLocationProvider: WakeLock acquired by sendMessage(REPORT_SV_STATUS, 0, com.android.server.location.GnssLocationProvider$SvStatusInfo@b0d0061)
11-10 14:18:43.393  1928  1941 I GnssLocationProvider: WakeLock released by handleMessage(REPORT_SV_STATUS, 0, com.android.server.location.GnssLocationProvider$SvStatusInfo@b0d0061)
11-10 14:18:44.206  8861  8861 I AccessibilityNodeInfoDumper: Skipping invisible child: android.view.accessibility.AccessibilityNodeInfo@1691f; boundsInParent: Rect(0, 0 - 1080, 1794); boundsInScreen: Rect(0, 0 - 0, 1794); packageName: it.feio.android.omninotes; className: android.widget.LinearLayout; text: null; error: null; maxTextLength: -1; contentDescription: null; tooltipText: null; viewIdResName: it.feio.android.omninotes:id/intro_background; checkable: false; checked: false; focusable: false; focused: false; selected: false; clickable: false; longClickable: false; contextClickable: false; enabled: true; password: false; scrollable: false; importantForAccessibility: false; visible: false; actions: [AccessibilityAction: ACTION_SELECT - null, AccessibilityAction: ACTION_CLEAR_SELECTION - null, AccessibilityAction: ACTION_ACCESSIBILITY_FOCUS - null, AccessibilityAction: ACTION_SHOW_ON_SCREEN - null]
11-10 14:18:44.208  8861  8861 W AccessibilityNodeInfoDumper: Fetch time: 3ms
11-10 14:18:43.189  1928  1928 V SettingsProvider: Notifying for 0: content://settings/secure/accessibility_enabled
11-10 14:18:44.209  1928  1939 W WindowManager: removeWindowToken: Attempted to remove non-existing token: android.os.Binder@5b606b
11-10 14:18:44.210  1928  1928 V SettingsProvider: Notifying for 0: content://settings/secure/accessibility_enabled
11-10 14:18:44.212  6288  6351 I A       : NGA disabled due to not being eligible.
11-10 14:18:44.218  8861  8861 D AndroidRuntime: Shutting down VM
11-10 14:18:44.395  1928  2290 I GnssLocationProvider: WakeLock acquired by sendMessage(REPORT_SV_STATUS, 0, com.android.server.location.GnssLocationProvider$SvStatusInfo@dcd9847)
11-10 14:18:44.397  1928  1941 I GnssLocationProvider: WakeLock released by handleMessage(REPORT_SV_STATUS, 0, com.android.server.location.GnssLocationProvider$SvStatusInfo@dcd9847)
11-10 14:18:44.518  8882  8882 D AndroidRuntime: >>>>>> START com.android.internal.os.RuntimeInit uid 2000 <<<<<<
11-10 14:18:44.559  8882  8882 W app_process: Unexpected CPU variant for X86 using defaults: x86
11-10 14:18:44.561  8882  8882 I app_process: The ClassLoaderContext is a special shared library.
11-10 14:18:44.562  8882  8882 I app_process: The ClassLoaderContext is a special shared library.
11-10 14:18:44.567  8882  8882 W app_process: CheckJNI: method to register "write" not in the given class. This is slow, consider changing your RegisterNatives calls.
11-10 14:18:44.570  8882  8882 I chatty  : uid=2000(shell) main identical 42 lines
11-10 14:18:44.570  8882  8882 W app_process: CheckJNI: method to register "write" not in the given class. This is slow, consider changing your RegisterNatives calls.
11-10 14:18:44.570  8882  8882 W app_process: CheckJNI: method to register "write_non_chained" not in the given class. This is slow, consider changing your RegisterNatives calls.
11-10 14:18:44.570  8882  8882 I chatty  : uid=2000(shell) main identical 7 lines
11-10 14:18:44.570  8882  8882 W app_process: CheckJNI: method to register "write_non_chained" not in the given class. This is slow, consider changing your RegisterNatives calls.
11-10 14:18:44.584  8882  8882 D AndroidRuntime: Calling main entry com.android.commands.uiautomator.Launcher
11-10 14:18:44.596  6288  6351 I A       : NGA disabled due to not being eligible.
11-10 14:18:44.955  7156  7189 W native  : jpeg_io.cc:108 File's first two bytes does not match the sequence 216
11-10 14:18:45.399  1928  2290 I GnssLocationProvider: WakeLock acquired by sendMessage(REPORT_SV_STATUS, 0, com.android.server.location.GnssLocationProvider$SvStatusInfo@851cc0d)
11-10 14:18:45.400  1928  1941 I GnssLocationProvider: WakeLock released by handleMessage(REPORT_SV_STATUS, 0, com.android.server.location.GnssLocationProvider$SvStatusInfo@851cc0d)
11-10 14:18:45.609  8882  8882 I AccessibilityNodeInfoDumper: Skipping invisible child: android.view.accessibility.AccessibilityNodeInfo@1692a; boundsInParent: Rect(0, 0 - 1080, 1794); boundsInScreen: Rect(0, 0 - 0, 1794); packageName: it.feio.android.omninotes; className: android.widget.LinearLayout; text: null; error: null; maxTextLength: -1; contentDescription: null; tooltipText: null; viewIdResName: it.feio.android.omninotes:id/intro_background; checkable: false; checked: false; focusable: false; focused: false; selected: false; clickable: false; longClickable: false; contextClickable: false; enabled: true; password: false; scrollable: false; importantForAccessibility: false; visible: false; actions: [AccessibilityAction: ACTION_SELECT - null, AccessibilityAction: ACTION_CLEAR_SELECTION - null, AccessibilityAction: ACTION_ACCESSIBILITY_FOCUS - null, AccessibilityAction: ACTION_SHOW_ON_SCREEN - null]
11-10 14:18:45.612  8882  8882 W AccessibilityNodeInfoDumper: Fetch time: 4ms
11-10 14:18:44.593  1928  1928 V SettingsProvider: Notifying for 0: content://settings/secure/accessibility_enabled
11-10 14:18:45.613  1928  2856 W WindowManager: removeWindowToken: Attempted to remove non-existing token: android.os.Binder@2d9a874
11-10 14:18:45.614  1928  1928 V SettingsProvider: Notifying for 0: content://settings/secure/accessibility_enabled
11-10 14:18:45.617  6288  6362 I A       : NGA disabled due to not being eligible.
11-10 14:18:45.621  8882  8882 D AndroidRuntime: Shutting down VM
11-10 14:18:45.792  8896  8896 D AndroidRuntime: >>>>>> START com.android.internal.os.RuntimeInit uid 2000 <<<<<<
11-10 14:18:45.840  8896  8896 W app_process: Unexpected CPU variant for X86 using defaults: x86
11-10 14:18:45.845  8896  8896 I app_process: The ClassLoaderContext is a special shared library.
11-10 14:18:45.853  8896  8896 W app_process: CheckJNI: method to register "write" not in the given class. This is slow, consider changing your RegisterNatives calls.
11-10 14:18:45.856  8896  8896 I chatty  : uid=2000(shell) main identical 42 lines
11-10 14:18:45.856  8896  8896 W app_process: CheckJNI: method to register "write" not in the given class. This is slow, consider changing your RegisterNatives calls.
11-10 14:18:45.856  8896  8896 W app_process: CheckJNI: method to register "write_non_chained" not in the given class. This is slow, consider changing your RegisterNatives calls.
11-10 14:18:45.856  8896  8896 I chatty  : uid=2000(shell) main identical 7 lines
11-10 14:18:45.856  8896  8896 W app_process: CheckJNI: method to register "write_non_chained" not in the given class. This is slow, consider changing your RegisterNatives calls.
11-10 14:18:45.875  8896  8896 D AndroidRuntime: Calling main entry com.android.commands.input.Input
11-10 14:18:45.880  8896  8896 I Input   : injectMotionEvent: MotionEvent { action=ACTION_DOWN, actionButton=0, id[0]=0, x[0]=539.0, y[0]=1034.0, toolType[0]=TOOL_TYPE_UNKNOWN, buttonState=0, metaState=0, flags=0x0, edgeFlags=0x0, pointerCount=1, historySize=0, eventTime=173565486, downTime=173565486, deviceId=0, source=0x1002 }
11-10 14:18:45.887  8896  8896 I Input   : injectMotionEvent: MotionEvent { action=ACTION_UP, actionButton=0, id[0]=0, x[0]=539.0, y[0]=1034.0, toolType[0]=TOOL_TYPE_UNKNOWN, buttonState=0, metaState=0, flags=0x0, edgeFlags=0x0, pointerCount=1, historySize=0, eventTime=173565486, downTime=173565486, deviceId=0, source=0x1002 }
11-10 14:18:45.889  8896  8896 D AndroidRuntime: Shutting down VM
11-10 14:18:45.901  1637  4834 W audio_hw_generic: Not supplying enough data to HAL, expected position 101685072 , only wrote 101684880
11-10 14:18:45.972  1637  4834 W audio_hw_generic: Not supplying enough data to HAL, expected position 101688263 , only wrote 101687760
11-10 14:18:45.972  1637  4834 W audio_hw_generic: Not supplying enough data to HAL, expected position 101687794 , only wrote 101687760
11-10 14:18:46.006  1928  5855 I ActivityManager: START u0 {act=android.intent.action.VIEW dat=https://www.facebook.com/... cmp=com.android.chrome/com.google.android.apps.chrome.IntentDispatcher} from uid 10115
11-10 14:18:46.015  1659  1709 D AudioFlinger: mixer(0xf07836c0) throttle end: throttle time(12)
11-10 14:18:46.016  6416  6416 W ActivityThread: handleWindowVisibility: no activity for token android.os.BinderProxy@b1a4f85
11-10 14:18:46.048  6416  6416 I cr_InstantAppsHandler: Package manager handles intents on O+, not handling in Chrome
11-10 14:18:46.051  1928  5909 I ActivityManager: START u0 {act=android.intent.action.VIEW dat=https://www.facebook.com/... flg=0x10800000 cmp=com.android.chrome/com.google.android.apps.chrome.IntentDispatcher (has extras)} from uid 10084
11-10 14:18:46.099  6416  6416 W ActivityThread: handleWindowVisibility: no activity for token android.os.BinderProxy@2f1f1a6
11-10 14:18:46.101  6416  6416 I cr_InstantAppsHandler: Package manager handles intents on O+, not handling in Chrome
11-10 14:18:46.104  1928  5855 I ActivityManager: START u0 {cmp=com.android.chrome/org.chromium.chrome.browser.firstrun.FirstRunActivity (has extras)} from uid 10084
11-10 14:18:46.135  1647  1693 D gralloc_ranchu: gralloc_alloc: Creating ashmem region of size 8298496
11-10 14:18:46.142  1647  1841 D gralloc_ranchu: gralloc_alloc: Creating ashmem region of size 8298496
11-10 14:18:46.149  1647  1693 D gralloc_ranchu: gralloc_alloc: Creating ashmem region of size 8298496
11-10 14:18:46.168  6416  8569 D EGL_emulation: eglMakeCurrent: 0xdd086440: ver 3 0 (tinfo 0xdd083650)
11-10 14:18:46.199 14769 14769 I GoogleInputMethod: onFinishInput() : Dummy InputConnection bound
11-10 14:18:46.200 14769 14769 I GoogleInputMethod: onStartInput() : Dummy InputConnection bound
11-10 14:18:46.210  2156  2365 D EGL_emulation: eglMakeCurrent: 0xdaf4bd80: ver 3 0 (tinfo 0xdaf4f4a0)
11-10 14:18:46.219  2156  2365 D EGL_emulation: eglMakeCurrent: 0xdaf4bd80: ver 3 0 (tinfo 0xdaf4f4a0)
11-10 14:18:46.244  1928  1937 I system_server: Background concurrent copying GC freed 183739(6MB) AllocSpace objects, 12(240KB) LOS objects, 18% free, 25MB/31MB, paused 1.959ms total 108.340ms
11-10 14:18:46.404  1928  2290 I GnssLocationProvider: WakeLock acquired by sendMessage(REPORT_SV_STATUS, 0, com.android.server.location.GnssLocationProvider$SvStatusInfo@7893f70)
11-10 14:18:46.405  1928  1941 I GnssLocationProvider: WakeLock released by handleMessage(REPORT_SV_STATUS, 0, com.android.server.location.GnssLocationProvider$SvStatusInfo@7893f70)
11-10 14:18:46.792  1769  2048 W SurfaceFlinger: Attempting to set client state on removed layer: Surface(name=AppWindowToken{c3b1f21 token=Token{2373988 ActivityRecord{159312b u0 com.android.chrome/org.chromium.chrome.browser.firstrun.FirstRunActivity t107}}})/@0x57282c9 - animation-leash#0
11-10 14:18:46.792  1769  2048 W SurfaceFlinger: Attempting to destroy on removed layer: Surface(name=AppWindowToken{c3b1f21 token=Token{2373988 ActivityRecord{159312b u0 com.android.chrome/org.chromium.chrome.browser.firstrun.FirstRunActivity t107}}})/@0x57282c9 - animation-leash#0
11-10 14:18:46.797  6802  6873 D EGL_emulation: eglMakeCurrent: 0xdd085480: ver 3 0 (tinfo 0xdd0837b0)
11-10 14:18:46.798  1769  2048 W SurfaceFlinger: Attempting to destroy on removed layer: AppWindowToken{26cc627 token=Token{f76a0e6 ActivityRecord{62e4341 u0 com.android.chrome/com.google.android.apps.chrome.IntentDispatcher t108}}}#0
11-10 14:18:46.808  2156  2365 D EGL_emulation: eglMakeCurrent: 0xdaf4bd80: ver 3 0 (tinfo 0xdaf4f4a0)
11-10 14:18:46.813  2156  2365 D EGL_emulation: eglMakeCurrent: 0xdaf4bd80: ver 3 0 (tinfo 0xdaf4f4a0)
11-10 14:18:47.405  1928  2290 I GnssLocationProvider: WakeLock acquired by sendMessage(REPORT_SV_STATUS, 0, com.android.server.location.GnssLocationProvider$SvStatusInfo@61cf02b)
11-10 14:18:47.406  1928  1941 I GnssLocationProvider: WakeLock released by handleMessage(REPORT_SV_STATUS, 0, com.android.server.location.GnssLocationProvider$SvStatusInfo@61cf02b)
11-10 14:18:48.408  1928  2290 I GnssLocationProvider: WakeLock acquired by sendMessage(REPORT_SV_STATUS, 0, com.android.server.location.GnssLocationProvider$SvStatusInfo@7c18c88)
11-10 14:18:48.409  1928  1941 I GnssLocationProvider: WakeLock released by handleMessage(REPORT_SV_STATUS, 0, com.android.server.location.GnssLocationProvider$SvStatusInfo@7c18c88)
11-10 14:18:49.184  1637  1698 W audio_hw_generic: Not supplying enough data to HAL, expected position 101994000 , only wrote 101841840
11-10 14:18:49.413  1928  2290 I GnssLocationProvider: WakeLock acquired by sendMessage(REPORT_SV_STATUS, 0, com.android.server.location.GnssLocationProvider$SvStatusInfo@f6a7621)
11-10 14:18:49.414  1928  1941 I GnssLocationProvider: WakeLock released by handleMessage(REPORT_SV_STATUS, 0, com.android.server.location.GnssLocationProvider$SvStatusInfo@f6a7621)
11-10 14:18:50.415  1928  2290 I GnssLocationProvider: WakeLock acquired by sendMessage(REPORT_SV_STATUS, 0, com.android.server.location.GnssLocationProvider$SvStatusInfo@ed88a46)
11-10 14:18:50.416  1928  1941 I GnssLocationProvider: WakeLock released by handleMessage(REPORT_SV_STATUS, 0, com.android.server.location.GnssLocationProvider$SvStatusInfo@ed88a46)
11-10 14:18:50.812 14769 14769 I EmojiSuperpacksFeature: Emoji superpacks enabled
11-10 14:18:50.814 14769 14769 I Conv2QueryExtension: isEnabled() : true
11-10 14:18:50.816 14769 14769 I FeatureCardGenerator: Make a GIF card not added
11-10 14:18:50.822 14769 14769 I FeatureCardGenerator: Autospace card not added
11-10 14:18:51.035  8934  8934 D AndroidRuntime: >>>>>> START com.android.internal.os.RuntimeInit uid 2000 <<<<<<
11-10 14:18:51.079  8934  8934 W app_process: Unexpected CPU variant for X86 using defaults: x86
11-10 14:18:51.083  8934  8934 I app_process: The ClassLoaderContext is a special shared library.
11-10 14:18:51.087  8934  8934 W app_process: CheckJNI: method to register "write" not in the given class. This is slow, consider changing your RegisterNatives calls.
11-10 14:18:51.090  8934  8934 I chatty  : uid=2000(shell) main identical 42 lines
11-10 14:18:51.090  8934  8934 W app_process: CheckJNI: method to register "write" not in the given class. This is slow, consider changing your RegisterNatives calls.
11-10 14:18:51.090  8934  8934 W app_process: CheckJNI: method to register "write_non_chained" not in the given class. This is slow, consider changing your RegisterNatives calls.
11-10 14:18:51.090  8934  8934 I chatty  : uid=2000(shell) main identical 7 lines
11-10 14:18:51.090  8934  8934 W app_process: CheckJNI: method to register "write_non_chained" not in the given class. This is slow, consider changing your RegisterNatives calls.
11-10 14:18:51.105  8934  8934 D AndroidRuntime: Calling main entry com.android.commands.monkey.Monkey
11-10 14:18:51.109  8934  8934 W Monkey  : args: [-p, it.feio.android.omninotes, -c, android.intent.category.LAUNCHER, 1]
11-10 14:18:51.110  8934  8934 W Monkey  :  arg: "-p"
11-10 14:18:51.110  8934  8934 W Monkey  :  arg: "it.feio.android.omninotes"
11-10 14:18:51.110  8934  8934 W Monkey  :  arg: "-c"
11-10 14:18:51.110  8934  8934 W Monkey  :  arg: "android.intent.category.LAUNCHER"
11-10 14:18:51.110  8934  8934 W Monkey  :  arg: "1"
11-10 14:18:51.110  8934  8934 W Monkey  : data="it.feio.android.omninotes"
11-10 14:18:51.111  8934  8934 W Monkey  : data="android.intent.category.LAUNCHER"
11-10 14:18:51.158  1928  1942 W BroadcastQueue: Skipping deliver [background] BroadcastRecord{fd7535d u-1 android.net.conn.CONNECTIVITY_CHANGE} to ReceiverList{10304d2 8934 (unknown name)/2000/u-1 remote:4786407}: process gone or crashing
11-10 14:18:51.174  1928  5855 I ActivityManager: START u0 {act=android.intent.action.MAIN cat=[android.intent.category.LAUNCHER] flg=0x10200000 cmp=it.feio.android.omninotes/.MainActivity} from uid 2000
11-10 14:18:51.175  1928  5855 W Binder  : Outgoing transactions from this process must be FLAG_ONEWAY
11-10 14:18:51.175  1928  5855 W Binder  : java.lang.Throwable
11-10 14:18:51.175  1928  5855 W Binder  : 	at android.os.BinderProxy.transact(Binder.java:1114)
11-10 14:18:51.175  1928  5855 W Binder  : 	at android.app.IActivityController$Stub$Proxy.activityStarting(IActivityController.java:176)
11-10 14:18:51.175  1928  5855 W Binder  : 	at com.android.server.am.ActivityStarter.startActivity(ActivityStarter.java:737)
11-10 14:18:51.175  1928  5855 W Binder  : 	at com.android.server.am.ActivityStarter.startActivity(ActivityStarter.java:544)
11-10 14:18:51.175  1928  5855 W Binder  : 	at com.android.server.am.ActivityStarter.startActivityMayWait(ActivityStarter.java:1099)
11-10 14:18:51.175  1928  5855 W Binder  : 	at com.android.server.am.ActivityStarter.execute(ActivityStarter.java:486)
11-10 14:18:51.175  1928  5855 W Binder  : 	at com.android.server.am.ActivityManagerService.startActivityAsUser(ActivityManagerService.java:5120)
11-10 14:18:51.175  1928  5855 W Binder  : 	at com.android.server.am.ActivityManagerService.startActivityAsUser(ActivityManagerService.java:5094)
11-10 14:18:51.175  1928  5855 W Binder  : 	at com.android.server.am.ActivityManagerService.startActivity(ActivityManagerService.java:5085)
11-10 14:18:51.175  1928  5855 W Binder  : 	at android.app.IActivityManager$Stub.onTransact$startActivity$(IActivityManager.java:10084)
11-10 14:18:51.175  1928  5855 W Binder  : 	at android.app.IActivityManager$Stub.onTransact(IActivityManager.java:122)
11-10 14:18:51.175  1928  5855 W Binder  : 	at com.android.server.am.ActivityManagerService.onTransact(ActivityManagerService.java:3291)
11-10 14:18:51.175  1928  5855 W Binder  : 	at android.os.Binder.execTransact(Binder.java:731)
11-10 14:18:51.183  8934  8934 I Monkey  : Events injected: 1
11-10 14:18:51.194  1928  1928 V SettingsProvider: Notifying for 0: content://settings/system/accelerometer_rotation
11-10 14:18:51.200  8934  8934 I Monkey  : ## Network stats: elapsed time=20ms (0ms mobile, 0ms wifi, 20ms not connected)
11-10 14:18:51.204  8934  8934 I app_process: System.exit called, status: 0
11-10 14:18:51.204  8934  8934 I AndroidRuntime: VM exiting with result code 0.
11-10 14:18:51.226  1647  1693 D gralloc_ranchu: gralloc_alloc: Creating ashmem region of size 8298496
11-10 14:18:51.233  1647  1841 D gralloc_ranchu: gralloc_alloc: Creating ashmem region of size 8298496
11-10 14:18:51.243  1647  1693 D gralloc_ranchu: gralloc_alloc: Creating ashmem region of size 8298496
11-10 14:18:51.264 14769 14769 I GoogleInputMethod: onFinishInput() : Dummy InputConnection bound
11-10 14:18:51.265 14769 14769 I GoogleInputMethod: onStartInput() : Dummy InputConnection bound
11-10 14:18:51.268  6802  6873 D EGL_emulation: eglMakeCurrent: 0xdd085480: ver 3 0 (tinfo 0xdd0837b0)
11-10 14:18:51.286  1647  1693 D gralloc_ranchu: gralloc_alloc: Creating ashmem region of size 8298496
11-10 14:18:51.329  2156  2365 D EGL_emulation: eglMakeCurrent: 0xdaf4bd80: ver 3 0 (tinfo 0xdaf4f4a0)
11-10 14:18:51.346  2156  2365 D EGL_emulation: eglMakeCurrent: 0xdaf4bd80: ver 3 0 (tinfo 0xdaf4f4a0)
11-10 14:18:51.419  1928  2290 I GnssLocationProvider: WakeLock acquired by sendMessage(REPORT_SV_STATUS, 0, com.android.server.location.GnssLocationProvider$SvStatusInfo@e0248ce)
11-10 14:18:51.421  1928  1941 I GnssLocationProvider: WakeLock released by handleMessage(REPORT_SV_STATUS, 0, com.android.server.location.GnssLocationProvider$SvStatusInfo@e0248ce)
11-10 14:18:51.898  6416  8569 D EGL_emulation: eglMakeCurrent: 0xdd086440: ver 3 0 (tinfo 0xdd083650)
11-10 14:18:51.899  2156  2365 D EGL_emulation: eglMakeCurrent: 0xdaf4bd80: ver 3 0 (tinfo 0xdaf4f4a0)
11-10 14:18:51.904  2156  2365 D EGL_emulation: eglMakeCurrent: 0xdaf4bd80: ver 3 0 (tinfo 0xdaf4f4a0)
11-10 14:18:51.906  1928  7037 D eglCodecCommon: setVertexArrayObject: set vao to 0 (0) 4 3
11-10 14:18:52.423  1928  2290 I GnssLocationProvider: WakeLock acquired by sendMessage(REPORT_SV_STATUS, 0, com.android.server.location.GnssLocationProvider$SvStatusInfo@f7e23da)
11-10 14:18:52.424  1928  1941 I GnssLocationProvider: WakeLock released by handleMessage(REPORT_SV_STATUS, 0, com.android.server.location.GnssLocationProvider$SvStatusInfo@f7e23da)
11-10 14:18:53.427  1928  2290 I GnssLocationProvider: WakeLock acquired by sendMessage(REPORT_SV_STATUS, 0, com.android.server.location.GnssLocationProvider$SvStatusInfo@c3de00b)
11-10 14:18:53.428  1928  1941 I GnssLocationProvider: WakeLock released by handleMessage(REPORT_SV_STATUS, 0, com.android.server.location.GnssLocationProvider$SvStatusInfo@c3de00b)
11-10 14:18:54.431  1928  2290 I GnssLocationProvider: WakeLock acquired by sendMessage(REPORT_SV_STATUS, 0, com.android.server.location.GnssLocationProvider$SvStatusInfo@41deee8)
11-10 14:18:54.432  1928  1941 I GnssLocationProvider: WakeLock released by handleMessage(REPORT_SV_STATUS, 0, com.android.server.location.GnssLocationProvider$SvStatusInfo@41deee8)
11-10 14:18:54.833  1928  1939 D WificondControl: Scan result ready event
11-10 14:18:54.850 15588 15820 I ChimeraSrvcProxy: NullBinder for android.net.action.RECOMMEND_NETWORKS triggering remote TransactionTooLargeException due to Service without Chimera impl
11-10 14:18:55.435  1928  2290 I GnssLocationProvider: WakeLock acquired by sendMessage(REPORT_SV_STATUS, 0, com.android.server.location.GnssLocationProvider$SvStatusInfo@ef99901)
11-10 14:18:55.436  1928  1941 I GnssLocationProvider: WakeLock released by handleMessage(REPORT_SV_STATUS, 0, com.android.server.location.GnssLocationProvider$SvStatusInfo@ef99901)
11-10 14:18:56.437  1928  2290 I GnssLocationProvider: WakeLock acquired by sendMessage(REPORT_SV_STATUS, 0, com.android.server.location.GnssLocationProvider$SvStatusInfo@4aaa3a6)
11-10 14:18:56.437  1928  1941 I GnssLocationProvider: WakeLock released by handleMessage(REPORT_SV_STATUS, 0, com.android.server.location.GnssLocationProvider$SvStatusInfo@4aaa3a6)
11-10 14:18:57.441  1928  2290 I GnssLocationProvider: WakeLock acquired by sendMessage(REPORT_SV_STATUS, 0, com.android.server.location.GnssLocationProvider$SvStatusInfo@2e871e7)
11-10 14:18:57.442  1928  1941 I GnssLocationProvider: WakeLock released by handleMessage(REPORT_SV_STATUS, 0, com.android.server.location.GnssLocationProvider$SvStatusInfo@2e871e7)
11-10 14:18:58.444  1928  2290 I GnssLocationProvider: WakeLock acquired by sendMessage(REPORT_SV_STATUS, 0, com.android.server.location.GnssLocationProvider$SvStatusInfo@f571194)
11-10 14:18:58.445  1928  1941 I GnssLocationProvider: WakeLock released by handleMessage(REPORT_SV_STATUS, 0, com.android.server.location.GnssLocationProvider$SvStatusInfo@f571194)
11-10 14:18:59.447  1928  2290 I GnssLocationProvider: WakeLock acquired by sendMessage(REPORT_SV_STATUS, 0, com.android.server.location.GnssLocationProvider$SvStatusInfo@be5c43d)
11-10 14:18:59.448  1928  1941 I GnssLocationProvider: WakeLock released by handleMessage(REPORT_SV_STATUS, 0, com.android.server.location.GnssLocationProvider$SvStatusInfo@be5c43d)
11-10 14:19:00.017  2156  2365 D EGL_emulation: eglMakeCurrent: 0xdaf4bd80: ver 3 0 (tinfo 0xdaf4f4a0)
11-10 14:19:00.451  1928  2290 I GnssLocationProvider: WakeLock acquired by sendMessage(REPORT_SV_STATUS, 0, com.android.server.location.GnssLocationProvider$SvStatusInfo@5c04583)
11-10 14:19:00.452  1928  1941 I GnssLocationProvider: WakeLock released by handleMessage(REPORT_SV_STATUS, 0, com.android.server.location.GnssLocationProvider$SvStatusInfo@5c04583)
11-10 14:19:01.454  1928  2290 I GnssLocationProvider: WakeLock acquired by sendMessage(REPORT_SV_STATUS, 0, com.android.server.location.GnssLocationProvider$SvStatusInfo@e5db300)
11-10 14:19:01.455  1928  1941 I GnssLocationProvider: WakeLock released by handleMessage(REPORT_SV_STATUS, 0, com.android.server.location.GnssLocationProvider$SvStatusInfo@e5db300)
11-10 14:19:02.459  1928  2290 I GnssLocationProvider: WakeLock acquired by sendMessage(REPORT_SV_STATUS, 0, com.android.server.location.GnssLocationProvider$SvStatusInfo@c6f6739)
11-10 14:19:02.460  1928  1941 I GnssLocationProvider: WakeLock released by handleMessage(REPORT_SV_STATUS, 0, com.android.server.location.GnssLocationProvider$SvStatusInfo@c6f6739)
11-10 14:19:03.463  1928  2290 I GnssLocationProvider: WakeLock acquired by sendMessage(REPORT_SV_STATUS, 0, com.android.server.location.GnssLocationProvider$SvStatusInfo@bf8817e)
11-10 14:19:03.463  1928  1941 I GnssLocationProvider: WakeLock released by handleMessage(REPORT_SV_STATUS, 0, com.android.server.location.GnssLocationProvider$SvStatusInfo@bf8817e)
11-10 14:19:04.466  1928  2290 I GnssLocationProvider: WakeLock acquired by sendMessage(REPORT_SV_STATUS, 0, com.android.server.location.GnssLocationProvider$SvStatusInfo@5b7b6df)
11-10 14:19:04.467  1928  1941 I GnssLocationProvider: WakeLock released by handleMessage(REPORT_SV_STATUS, 0, com.android.server.location.GnssLocationProvider$SvStatusInfo@5b7b6df)
11-10 14:19:05.469  1928  2290 I GnssLocationProvider: WakeLock acquired by sendMessage(REPORT_SV_STATUS, 0, com.android.server.location.GnssLocationProvider$SvStatusInfo@86aff2c)
11-10 14:19:05.470  1928  1941 I GnssLocationProvider: WakeLock released by handleMessage(REPORT_SV_STATUS, 0, com.android.server.location.GnssLocationProvider$SvStatusInfo@86aff2c)
11-10 14:19:06.472  1928  2290 I GnssLocationProvider: WakeLock acquired by sendMessage(REPORT_SV_STATUS, 0, com.android.server.location.GnssLocationProvider$SvStatusInfo@7563df5)
11-10 14:19:06.473  1928  1941 I GnssLocationProvider: WakeLock released by handleMessage(REPORT_SV_STATUS, 0, com.android.server.location.GnssLocationProvider$SvStatusInfo@7563df5)
11-10 14:19:07.360  8947  8947 D AndroidRuntime: >>>>>> START com.android.internal.os.RuntimeInit uid 2000 <<<<<<
11-10 14:19:07.419  8947  8947 W app_process: Unexpected CPU variant for X86 using defaults: x86
11-10 14:19:07.421  8947  8947 I app_process: The ClassLoaderContext is a special shared library.
11-10 14:19:07.422  8947  8947 I app_process: The ClassLoaderContext is a special shared library.
11-10 14:19:07.428  8947  8947 W app_process: CheckJNI: method to register "write" not in the given class. This is slow, consider changing your RegisterNatives calls.
11-10 14:19:07.430  8947  8947 I chatty  : uid=2000(shell) main identical 42 lines
11-10 14:19:07.430  8947  8947 W app_process: CheckJNI: method to register "write" not in the given class. This is slow, consider changing your RegisterNatives calls.
11-10 14:19:07.431  8947  8947 W app_process: CheckJNI: method to register "write_non_chained" not in the given class. This is slow, consider changing your RegisterNatives calls.
11-10 14:19:07.431  8947  8947 I chatty  : uid=2000(shell) main identical 7 lines
11-10 14:19:07.431  8947  8947 W app_process: CheckJNI: method to register "write_non_chained" not in the given class. This is slow, consider changing your RegisterNatives calls.
11-10 14:19:07.446  8947  8947 D AndroidRuntime: Calling main entry com.android.commands.uiautomator.Launcher
11-10 14:18:51.194  1928  1928 V SettingsProvider: Notifying for 0: content://settings/system/accelerometer_rotation
11-10 14:19:07.455  1928  1928 V SettingsProvider: Notifying for 0: content://settings/secure/accessibility_enabled
11-10 14:19:07.461  6288  6362 I A       : NGA disabled due to not being eligible.
11-10 14:19:07.474  1928  2290 I GnssLocationProvider: WakeLock acquired by sendMessage(REPORT_SV_STATUS, 0, com.android.server.location.GnssLocationProvider$SvStatusInfo@d1ee218)
11-10 14:19:07.475  1928  1941 I GnssLocationProvider: WakeLock released by handleMessage(REPORT_SV_STATUS, 0, com.android.server.location.GnssLocationProvider$SvStatusInfo@d1ee218)
