11-10 14:18:00.196  1928  1928 V SettingsProvider: Notifying for 0: content://settings/secure/accessibility_enabled
11-10 14:18:00.200  6288  6362 I A       : NGA disabled due to not being eligible.
11-10 14:18:00.205  8488  8488 D AndroidRuntime: Shutting down VM
11-10 14:18:00.256  1928  2290 I GnssLocationProvider: WakeLock acquired by sendMessage(REPORT_SV_STATUS, 0, com.android.server.location.GnssLocationProvider$SvStatusInfo@5ae6055)
11-10 14:18:00.257  1928  1941 I GnssLocationProvider: WakeLock released by handleMessage(REPORT_SV_STATUS, 0, com.android.server.location.GnssLocationProvider$SvStatusInfo@5ae6055)
11-10 14:18:00.461  8506  8506 D AndroidRuntime: >>>>>> START com.android.internal.os.RuntimeInit uid 2000 <<<<<<
11-10 14:18:00.504  8506  8506 W app_process: Unexpected CPU variant for X86 using defaults: x86
11-10 14:18:00.505  8506  8506 I app_process: The ClassLoaderContext is a special shared library.
11-10 14:18:00.506  8506  8506 I app_process: The ClassLoaderContext is a special shared library.
11-10 14:18:00.510  8506  8506 W app_process: CheckJNI: method to register "write" not in the given class. This is slow, consider changing your RegisterNatives calls.
11-10 14:18:00.513  8506  8506 I chatty  : uid=2000(shell) main identical 42 lines
11-10 14:18:00.513  8506  8506 W app_process: CheckJNI: method to register "write" not in the given class. This is slow, consider changing your RegisterNatives calls.
11-10 14:18:00.513  8506  8506 W app_process: CheckJNI: method to register "write_non_chained" not in the given class. This is slow, consider changing your RegisterNatives calls.
11-10 14:18:00.513  8506  8506 I chatty  : uid=2000(shell) main identical 7 lines
11-10 14:18:00.513  8506  8506 W app_process: CheckJNI: method to register "write_non_chained" not in the given class. This is slow, consider changing your RegisterNatives calls.
11-10 14:18:00.527  8506  8506 D AndroidRuntime: Calling main entry com.android.commands.uiautomator.Launcher
11-10 14:18:00.541  6288  6351 I A       : NGA disabled due to not being eligible.
11-10 14:18:01.259  1928  2290 I GnssLocationProvider: WakeLock acquired by sendMessage(REPORT_SV_STATUS, 0, com.android.server.location.GnssLocationProvider$SvStatusInfo@38daff8)
11-10 14:18:01.260  1928  1941 I GnssLocationProvider: WakeLock released by handleMessage(REPORT_SV_STATUS, 0, com.android.server.location.GnssLocationProvider$SvStatusInfo@38daff8)
11-10 14:18:01.555  8506  8506 I AccessibilityNodeInfoDumper: Skipping invisible child: android.view.accessibility.AccessibilityNodeInfo@16894; boundsInParent: Rect(0, 0 - 1080, 1794); boundsInScreen: Rect(0, 0 - 0, 1794); packageName: it.feio.android.omninotes; className: android.widget.LinearLayout; text: null; error: null; maxTextLength: -1; contentDescription: null; tooltipText: null; viewIdResName: it.feio.android.omninotes:id/intro_background; checkable: false; checked: false; focusable: false; focused: false; selected: false; clickable: false; longClickable: false; contextClickable: false; enabled: true; password: false; scrollable: false; importantForAccessibility: false; visible: false; actions: [AccessibilityAction: ACTION_SELECT - null, AccessibilityAction: ACTION_CLEAR_SELECTION - null, AccessibilityAction: ACTION_ACCESSIBILITY_FOCUS - null, AccessibilityAction: ACTION_SHOW_ON_SCREEN - null]
11-10 14:18:01.559  8506  8506 W AccessibilityNodeInfoDumper: Fetch time: 5ms
11-10 14:18:00.537  1928  1928 V SettingsProvider: Notifying for 0: content://settings/secure/accessibility_enabled
11-10 14:18:01.560  1928  6015 W WindowManager: removeWindowToken: Attempted to remove non-existing token: android.os.Binder@3571a6a
11-10 14:18:01.560  1928  1928 V SettingsProvider: Notifying for 0: content://settings/secure/accessibility_enabled
11-10 14:18:01.564  6288  6351 I A       : NGA disabled due to not being eligible.
11-10 14:18:01.567  8506  8506 D AndroidRuntime: Shutting down VM
11-10 14:18:01.857  8527  8527 D AndroidRuntime: >>>>>> START com.android.internal.os.RuntimeInit uid 2000 <<<<<<
11-10 14:18:01.860  8527  8527 W app_process: Could not reserve sentinel fault page
11-10 14:18:01.899  8527  8527 W app_process: Unexpected CPU variant for X86 using defaults: x86
11-10 14:18:01.900  8527  8527 I app_process: The ClassLoaderContext is a special shared library.
11-10 14:18:01.901  8527  8527 I app_process: The ClassLoaderContext is a special shared library.
11-10 14:18:01.907  8527  8527 W app_process: CheckJNI: method to register "write" not in the given class. This is slow, consider changing your RegisterNatives calls.
11-10 14:18:01.909  8527  8527 I chatty  : uid=2000(shell) main identical 42 lines
11-10 14:18:01.909  8527  8527 W app_process: CheckJNI: method to register "write" not in the given class. This is slow, consider changing your RegisterNatives calls.
11-10 14:18:01.909  8527  8527 W app_process: CheckJNI: method to register "write_non_chained" not in the given class. This is slow, consider changing your RegisterNatives calls.
11-10 14:18:01.909  8527  8527 I chatty  : uid=2000(shell) main identical 7 lines
11-10 14:18:01.909  8527  8527 W app_process: CheckJNI: method to register "write_non_chained" not in the given class. This is slow, consider changing your RegisterNatives calls.
11-10 14:18:01.924  8527  8527 D AndroidRuntime: Calling main entry com.android.commands.uiautomator.Launcher
11-10 14:18:01.937  6288  6362 I A       : NGA disabled due to not being eligible.
11-10 14:18:02.202  7156  7454 W native  : jpeg_io.cc:108 File's first two bytes does not match the sequence 216
11-10 14:18:02.262  1928  2290 I GnssLocationProvider: WakeLock acquired by sendMessage(REPORT_SV_STATUS, 0, com.android.server.location.GnssLocationProvider$SvStatusInfo@ccb9340)
11-10 14:18:02.269  1928  1941 I GnssLocationProvider: WakeLock released by handleMessage(REPORT_SV_STATUS, 0, com.android.server.location.GnssLocationProvider$SvStatusInfo@ccb9340)
11-10 14:18:02.953  8527  8527 I AccessibilityNodeInfoDumper: Skipping invisible child: android.view.accessibility.AccessibilityNodeInfo@1689c; boundsInParent: Rect(0, 0 - 1080, 1794); boundsInScreen: Rect(0, 0 - 0, 1794); packageName: it.feio.android.omninotes; className: android.widget.LinearLayout; text: null; error: null; maxTextLength: -1; contentDescription: null; tooltipText: null; viewIdResName: it.feio.android.omninotes:id/intro_background; checkable: false; checked: false; focusable: false; focused: false; selected: false; clickable: false; longClickable: false; contextClickable: false; enabled: true; password: false; scrollable: false; importantForAccessibility: false; visible: false; actions: [AccessibilityAction: ACTION_SELECT - null, AccessibilityAction: ACTION_CLEAR_SELECTION - null, AccessibilityAction: ACTION_ACCESSIBILITY_FOCUS - null, AccessibilityAction: ACTION_SHOW_ON_SCREEN - null]
11-10 14:18:02.955  8527  8527 W AccessibilityNodeInfoDumper: Fetch time: 3ms
11-10 14:18:01.933  1928  1928 V SettingsProvider: Notifying for 0: content://settings/secure/accessibility_enabled
11-10 14:18:02.956  1928  4145 W WindowManager: removeWindowToken: Attempted to remove non-existing token: android.os.Binder@fc47336
11-10 14:18:02.957  1928  1928 V SettingsProvider: Notifying for 0: content://settings/secure/accessibility_enabled
11-10 14:18:02.961  6288  6362 I A       : NGA disabled due to not being eligible.
11-10 14:18:02.963  8527  8527 D AndroidRuntime: Shutting down VM
11-10 14:18:03.134  8541  8541 D AndroidRuntime: >>>>>> START com.android.internal.os.RuntimeInit uid 2000 <<<<<<
11-10 14:18:03.175  8541  8541 W app_process: Unexpected CPU variant for X86 using defaults: x86
11-10 14:18:03.176  8541  8541 I app_process: The ClassLoaderContext is a special shared library.
11-10 14:18:03.181  8541  8541 W app_process: CheckJNI: method to register "write" not in the given class. This is slow, consider changing your RegisterNatives calls.
11-10 14:18:03.184  8541  8541 I chatty  : uid=2000(shell) main identical 42 lines
11-10 14:18:03.184  8541  8541 W app_process: CheckJNI: method to register "write" not in the given class. This is slow, consider changing your RegisterNatives calls.
11-10 14:18:03.184  8541  8541 W app_process: CheckJNI: method to register "write_non_chained" not in the given class. This is slow, consider changing your RegisterNatives calls.
11-10 14:18:03.184  8541  8541 I chatty  : uid=2000(shell) main identical 7 lines
11-10 14:18:03.184  8541  8541 W app_process: CheckJNI: method to register "write_non_chained" not in the given class. This is slow, consider changing your RegisterNatives calls.
11-10 14:18:03.198  8541  8541 D AndroidRuntime: Calling main entry com.android.commands.input.Input
11-10 14:18:03.203  8541  8541 I Input   : injectMotionEvent: MotionEvent { action=ACTION_DOWN, actionButton=0, id[0]=0, x[0]=539.0, y[0]=509.0, toolType[0]=TOOL_TYPE_UNKNOWN, buttonState=0, metaState=0, flags=0x0, edgeFlags=0x0, pointerCount=1, historySize=0, eventTime=173522809, downTime=173522809, deviceId=0, source=0x1002 }
11-10 14:18:03.209  8541  8541 I Input   : injectMotionEvent: MotionEvent { action=ACTION_UP, actionButton=0, id[0]=0, x[0]=539.0, y[0]=509.0, toolType[0]=TOOL_TYPE_UNKNOWN, buttonState=0, metaState=0, flags=0x0, edgeFlags=0x0, pointerCount=1, historySize=0, eventTime=173522809, downTime=173522809, deviceId=0, source=0x1002 }
11-10 14:18:03.212  8541  8541 D AndroidRuntime: Shutting down VM
11-10 14:18:03.221  1637  4834 W audio_hw_generic: Not supplying enough data to HAL, expected position 101530347 , only wrote 101530080
11-10 14:18:03.273  1637  4834 W audio_hw_generic: Not supplying enough data to HAL, expected position 101532544 , only wrote 101530800
11-10 14:18:03.273  1637  4834 W audio_hw_generic: Not supplying enough data to HAL, expected position 101530831 , only wrote 101530800
11-10 14:18:03.274  1928  2290 I GnssLocationProvider: WakeLock acquired by sendMessage(REPORT_SV_STATUS, 0, com.android.server.location.GnssLocationProvider$SvStatusInfo@6d6ad35)
11-10 14:18:03.276  1928  1941 I GnssLocationProvider: WakeLock released by handleMessage(REPORT_SV_STATUS, 0, com.android.server.location.GnssLocationProvider$SvStatusInfo@6d6ad35)
11-10 14:18:03.283  1928  2856 I ActivityManager: START u0 {act=android.intent.action.VIEW dat=https://plus.google.com/... cmp=com.android.chrome/com.google.android.apps.chrome.IntentDispatcher} from uid 10115
11-10 14:18:03.319  1659  1709 D AudioFlinger: mixer(0xf07836c0) throttle end: throttle time(8)
11-10 14:18:03.340  6416  6416 W ActivityThread: handleWindowVisibility: no activity for token android.os.BinderProxy@e0d313c
11-10 14:18:03.419  6416  6416 I cr_InstantAppsHandler: Package manager handles intents on O+, not handling in Chrome
11-10 14:18:03.423  1928  2856 I ActivityManager: START u0 {act=android.intent.action.VIEW dat=https://plus.google.com/... flg=0x10800000 cmp=com.android.chrome/com.google.android.apps.chrome.IntentDispatcher (has extras)} from uid 10084
11-10 14:18:03.484  6416  6416 W ActivityThread: handleWindowVisibility: no activity for token android.os.BinderProxy@dd09be
11-10 14:18:03.486  6416  6416 I cr_InstantAppsHandler: Package manager handles intents on O+, not handling in Chrome
11-10 14:18:03.493  1928  5855 I ActivityManager: START u0 {cmp=com.android.chrome/org.chromium.chrome.browser.firstrun.FirstRunActivity (has extras)} from uid 10084
11-10 14:18:03.524  6416  6416 W ActivityThread: handleWindowVisibility: no activity for token android.os.BinderProxy@b5c03ca
11-10 14:18:03.556  1647  1693 D gralloc_ranchu: gralloc_alloc: Creating ashmem region of size 8298496
11-10 14:18:03.586  6416  6416 D OpenGLRenderer: Skia GL Pipeline
11-10 14:18:03.592  6416  8560 I cr_ui   : Using UI locale en, system locale: en (Android name: en)
11-10 14:18:03.593  1769  2048 E SurfaceFlinger: ro.sf.lcd_density must be defined as a build property
11-10 14:18:03.593  6416  8560 I cr_ui   : Missing asset file: locales#lang_en/en-US.pak
11-10 14:18:03.593  6416  8560 I cr_ui   : Found asset file: locales/en-GB.pak
11-10 14:18:03.593  6416  8560 I cr_ui   : Using app bundle locale directory: locales
11-10 14:18:03.593  6416  8560 I cr_ui   : UI Language: en requires .pak files: [en-GB, en-US]
11-10 14:18:03.619  6416  8560 I cr_FileUtils: Writing to /data/user/0/com.android.chrome/app_chrome/paks/en-GB.pak@14d826c1
11-10 14:18:03.635  6416  8560 I cr_FileUtils: Writing to /data/user/0/com.android.chrome/app_chrome/paks/en-US.pak@14d826c1
11-10 14:18:03.697  1647  1693 D gralloc_ranchu: gralloc_alloc: Creating ashmem region of size 8298496
11-10 14:18:03.709  2156  2365 D EGL_emulation: eglMakeCurrent: 0xdaf4bd80: ver 3 0 (tinfo 0xdaf4f4a0)
11-10 14:18:03.766  1647  1693 D gralloc_ranchu: gralloc_alloc: Creating ashmem region of size 8298496
11-10 14:18:03.784  1647  1693 I chatty  : uid=1000(system) HwBinder:1647_1 identical 2 lines
11-10 14:18:03.791  1647  1693 D gralloc_ranchu: gralloc_alloc: Creating ashmem region of size 8298496
11-10 14:18:03.800  6416  8565 I cr_LibraryLoader: Time to load native libraries: 232 ms (timestamps 3177-3409)
11-10 14:18:03.801  6416  8569 D HostConnection: HostConnection::get() New Host Connection established 0xdd0b1870, tid 8569
11-10 14:18:03.822  6416  8569 D HostConnection: HostComposition ext ANDROID_EMU_CHECKSUM_HELPER_v1 ANDROID_EMU_native_sync_v2 ANDROID_EMU_native_sync_v3 ANDROID_EMU_native_sync_v4 ANDROID_EMU_dma_v1 ANDROID_EMU_YUV420_888_to_NV21 ANDROID_EMU_YUV_Cache ANDROID_EMU_async_unmap_buffer GL_OES_EGL_image_external_essl3 GL_OES_vertex_array_object GL_KHR_texture_compression_astc_ldr ANDROID_EMU_host_side_tracing ANDROID_EMU_gles_max_version_3_0 
11-10 14:18:03.830  6416  8569 I ConfigStore: android::hardware::configstore::V1_0::ISurfaceFlingerConfigs::hasWideColorDisplay retrieved: 0
11-10 14:18:03.830  6416  8569 I ConfigStore: android::hardware::configstore::V1_0::ISurfaceFlingerConfigs::hasHDRDisplay retrieved: 0
11-10 14:18:03.831  6416  8569 I OpenGLRenderer: Initialized EGL, version 1.4
11-10 14:18:03.831  6416  8569 D OpenGLRenderer: Swap behavior 1
11-10 14:18:03.831  6416  8569 W OpenGLRenderer: Failed to choose config with EGL_SWAP_BEHAVIOR_PRESERVED, retrying without...
11-10 14:18:03.831  6416  8569 D OpenGLRenderer: Swap behavior 0
11-10 14:18:03.831  6416  8569 D eglCodecCommon: setVertexArrayObject: set vao to 0 (0) 0 0
11-10 14:18:03.832  6416  8569 D EGL_emulation: eglCreateContext: 0xdd086440: maj 3 min 0 rcv 3
11-10 14:18:03.832  6416  8569 D EGL_emulation: eglMakeCurrent: 0xdd086440: ver 3 0 (tinfo 0xdd083650)
11-10 14:18:03.845  1769  2196 E SurfaceFlinger: ro.sf.lcd_density must be defined as a build property
11-10 14:18:03.874  6416  8569 D HostConnection: createUnique: call
11-10 14:18:03.874  6416  8569 D HostConnection: HostConnection::get() New Host Connection established 0xdd0b1b90, tid 8569
11-10 14:18:03.897  6416  8569 D HostConnection: HostComposition ext ANDROID_EMU_CHECKSUM_HELPER_v1 ANDROID_EMU_native_sync_v2 ANDROID_EMU_native_sync_v3 ANDROID_EMU_native_sync_v4 ANDROID_EMU_dma_v1 ANDROID_EMU_YUV420_888_to_NV21 ANDROID_EMU_YUV_Cache ANDROID_EMU_async_unmap_buffer GL_OES_EGL_image_external_essl3 GL_OES_vertex_array_object GL_KHR_texture_compression_astc_ldr ANDROID_EMU_host_side_tracing ANDROID_EMU_gles_max_version_3_0 
11-10 14:18:03.897  6416  8569 E eglCodecCommon: GoldfishAddressSpaceHostMemoryAllocator: ioctl_ping failed for device_type=5, ret=-1
11-10 14:18:03.903  6416  8569 D EGL_emulation: eglMakeCurrent: 0xdd086440: ver 3 0 (tinfo 0xdd083650)
11-10 14:18:03.938  6416  8569 D eglCodecCommon: setVertexArrayObject: set vao to 0 (0) 3 2
11-10 14:18:03.949  6416  8565 I chromium: [INFO:library_loader_hooks.cc(36)] Chromium logging enabled: level = 0, default verbosity = 0
11-10 14:18:03.957  6416  8565 I cr_LibraryLoader: Expected native library version number "69.0.3497.100", actual native library version number "69.0.3497.100"
11-10 14:18:04.074  6416  8574 W cr_ChildProcLH: Create a new ChildConnectionAllocator with package name = com.android.chrome, sandboxed = true
11-10 14:18:04.075  6416  6416 I cr_BrowserStartup: Initializing chromium process, singleProcess=false
11-10 14:18:04.086  1928  1950 I ActivityManager: Displayed com.android.chrome/org.chromium.chrome.browser.firstrun.FirstRunActivity: +559ms (total +741ms)
11-10 14:18:04.107 14769 14769 I GoogleInputMethod: onFinishInput() : Dummy InputConnection bound
11-10 14:18:04.143 14769 14769 I GoogleInputMethod: onStartInput() : Dummy InputConnection bound
11-10 14:18:04.196  1928  1944 W ActivityManager: Slow operation: 100ms so far, now at startProcess: returned from zygote!
11-10 14:18:04.196  1928  1944 W ActivityManager: Slow operation: 100ms so far, now at startProcess: done updating battery stats
11-10 14:18:04.196  1928  1944 W ActivityManager: Slow operation: 101ms so far, now at startProcess: building log message
11-10 14:18:04.196  1928  1944 I ActivityManager: Start proc 8575:com.android.chrome:sandboxed_process0/u0i5 for webview_service com.android.chrome/org.chromium.content.app.SandboxedProcessService0
11-10 14:18:04.196  1928  1944 W ActivityManager: Slow operation: 101ms so far, now at startProcess: starting to update pids map
11-10 14:18:04.196  1928  1944 W ActivityManager: Slow operation: 101ms so far, now at startProcess: done updating pids map
11-10 14:18:04.202  8575  8575 W dboxed_process: Unexpected CPU variant for X86 using defaults: x86
11-10 14:18:04.211  8575  8575 E dboxed_process: Not starting debugger since process cannot load the jdwp agent.
11-10 14:18:04.268  1928  2290 I GnssLocationProvider: WakeLock acquired by sendMessage(REPORT_SV_STATUS, 0, com.android.server.location.GnssLocationProvider$SvStatusInfo@20546cf)
11-10 14:18:04.269  1928  1941 I GnssLocationProvider: WakeLock released by handleMessage(REPORT_SV_STATUS, 0, com.android.server.location.GnssLocationProvider$SvStatusInfo@20546cf)
11-10 14:18:04.296  6802  6873 D EGL_emulation: eglMakeCurrent: 0xdd085480: ver 3 0 (tinfo 0xdd0837b0)
11-10 14:18:04.298  2156  2365 D EGL_emulation: eglMakeCurrent: 0xdaf4bd80: ver 3 0 (tinfo 0xdaf4f4a0)
11-10 14:18:04.305  2156  2365 D EGL_emulation: eglMakeCurrent: 0xdaf4bd80: ver 3 0 (tinfo 0xdaf4f4a0)
11-10 14:18:04.324  1769  2196 W SurfaceFlinger: Attempting to set client state on removed layer: Splash Screen com.android.chrome#0
11-10 14:18:04.325  1769  2196 W SurfaceFlinger: Attempting to destroy on removed layer: Splash Screen com.android.chrome#0
11-10 14:18:04.394  8575  8575 I cr_ChildProcessService: Creating new ChildProcessService pid=8575
11-10 14:18:04.494  6416  8591 W chromium: [WARNING:dns_config_service_posix.cc(333)] Failed to read DnsConfig.
11-10 14:18:04.577  8600  8600 W ileged_process: Unexpected CPU variant for X86 using defaults: x86
11-10 14:18:04.580  1928  1944 I ActivityManager: Start proc 8600:com.android.chrome:privileged_process0/u0a84 for service com.android.chrome/org.chromium.content.app.PrivilegedProcessService0
11-10 14:18:04.581  8600  8600 E ileged_process: Not starting debugger since process cannot load the jdwp agent.
11-10 14:18:04.673  8600  8600 I ileged_process: The ClassLoaderContext is a special shared library.
11-10 14:18:04.766  8600  8600 I cr_ChildProcessService: Creating new ChildProcessService pid=8600
11-10 14:18:04.815  6416  6416 I Choreographer: Skipped 44 frames!  The application may be doing too much work on its main thread.
11-10 14:18:04.818  6416  8569 I OpenGLRenderer: Davey! duration=739ms; Flags=0, IntendedVsync=173523688649047, Vsync=173524421982351, OldestInputEvent=9223372036854775807, NewestInputEvent=0, HandleInputStart=173524425389331, AnimationStart=173524425470331, PerformTraversalsStart=173524425501331, DrawStart=173524425623331, SyncQueued=173524425777331, SyncStart=173524425842331, IssueDrawCommandsStart=173524425937331, SwapBuffers=173524426622331, FrameCompleted=173524427836331, DequeueBufferDuration=92000, QueueBufferDuration=408000, 
11-10 14:18:04.848  8600  8621 I cr_LibraryLoader: Time to load native libraries: 2 ms (timestamps 4455-4457)
11-10 14:18:04.849  8600  8621 I chromium: [INFO:library_loader_hooks.cc(36)] Chromium logging enabled: level = 0, default verbosity = 0
11-10 14:18:04.849  8600  8621 I cr_LibraryLoader: Expected native library version number "69.0.3497.100", actual native library version number "69.0.3497.100"
11-10 14:18:04.875  8600  8621 D HostConnection: HostConnection::get() New Host Connection established 0xdd09fa90, tid 8621
11-10 14:18:04.886  8600  8621 D HostConnection: HostComposition ext ANDROID_EMU_CHECKSUM_HELPER_v1 ANDROID_EMU_native_sync_v2 ANDROID_EMU_native_sync_v3 ANDROID_EMU_native_sync_v4 ANDROID_EMU_dma_v1 ANDROID_EMU_YUV420_888_to_NV21 ANDROID_EMU_YUV_Cache ANDROID_EMU_async_unmap_buffer GL_OES_EGL_image_external_essl3 GL_OES_vertex_array_object GL_KHR_texture_compression_astc_ldr ANDROID_EMU_host_side_tracing ANDROID_EMU_gles_max_version_3_0 
11-10 14:18:04.889  8600  8621 I ConfigStore: android::hardware::configstore::V1_0::ISurfaceFlingerConfigs::hasWideColorDisplay retrieved: 0
11-10 14:18:04.891  6416  6416 W cr_KnoxSettingsProvider: Permission to read device policy denied.
11-10 14:18:04.898  8600  8621 I ConfigStore: android::hardware::configstore::V1_0::ISurfaceFlingerConfigs::hasHDRDisplay retrieved: 0
11-10 14:18:04.902  8600  8621 D eglCodecCommon: setVertexArrayObject: set vao to 0 (0) 0 0
11-10 14:18:04.903  8600  8621 D EGL_emulation: eglCreateContext: 0xdd085600: maj 3 min 0 rcv 3
11-10 14:18:04.903  8600  8621 D EGL_emulation: eglMakeCurrent: 0xdd085600: ver 3 0 (tinfo 0xdd083770)
11-10 14:18:04.925  1928  1937 I system_server: Background concurrent copying GC freed 155983(5MB) AllocSpace objects, 10(200KB) LOS objects, 18% free, 26MB/32MB, paused 793us total 255.146ms
11-10 14:18:04.942  6416  8591 W chromium: [WARNING:dns_config_service_posix.cc(333)] Failed to read DnsConfig.
11-10 14:18:05.007  6416  6427 I .android.chrom: Background concurrent copying GC freed 9019(898KB) AllocSpace objects, 4(144KB) LOS objects, 49% free, 1692KB/3MB, paused 10.789ms total 27.455ms
11-10 14:18:05.048  8600  8621 W VideoCapabilities: Unrecognized profile 4 for video/hevc
11-10 14:18:05.062  8600  8621 I VideoCapabilities: Unsupported profile 4 for video/mp4v-es
11-10 14:18:05.065  8600  8621 W cr_MediaCodecUtil: HW encoder for video/avc is not available on this device.
11-10 14:18:05.271  1928  2290 I GnssLocationProvider: WakeLock acquired by sendMessage(REPORT_SV_STATUS, 0, com.android.server.location.GnssLocationProvider$SvStatusInfo@880488e)
11-10 14:18:05.272  1928  1941 I GnssLocationProvider: WakeLock released by handleMessage(REPORT_SV_STATUS, 0, com.android.server.location.GnssLocationProvider$SvStatusInfo@880488e)
11-10 14:18:06.271  1928  2290 I GnssLocationProvider: WakeLock acquired by sendMessage(REPORT_SV_STATUS, 0, com.android.server.location.GnssLocationProvider$SvStatusInfo@8e58af)
11-10 14:18:06.272  1928  1941 I GnssLocationProvider: WakeLock released by handleMessage(REPORT_SV_STATUS, 0, com.android.server.location.GnssLocationProvider$SvStatusInfo@8e58af)
11-10 14:18:06.485  1637  1698 W audio_hw_generic: Not supplying enough data to HAL, expected position 101837136 , only wrote 101684880
11-10 14:18:07.275  1928  2290 I GnssLocationProvider: WakeLock acquired by sendMessage(REPORT_SV_STATUS, 0, com.android.server.location.GnssLocationProvider$SvStatusInfo@1fb44bc)
11-10 14:18:07.276  1928  1941 I GnssLocationProvider: WakeLock released by handleMessage(REPORT_SV_STATUS, 0, com.android.server.location.GnssLocationProvider$SvStatusInfo@1fb44bc)
11-10 14:18:08.278  1928  2290 I GnssLocationProvider: WakeLock acquired by sendMessage(REPORT_SV_STATUS, 0, com.android.server.location.GnssLocationProvider$SvStatusInfo@c55bc45)
11-10 14:18:08.278  1928  1941 I GnssLocationProvider: WakeLock released by handleMessage(REPORT_SV_STATUS, 0, com.android.server.location.GnssLocationProvider$SvStatusInfo@c55bc45)
11-10 14:18:08.355 14769 14769 I EmojiSuperpacksFeature: Emoji superpacks enabled
11-10 14:18:08.356 14769 14769 I Conv2QueryExtension: isEnabled() : true
11-10 14:18:08.357 14769 14769 I FeatureCardGenerator: Make a GIF card not added
11-10 14:18:08.364 14769 14769 I FeatureCardGenerator: Autospace card not added
11-10 14:18:08.703  8640  8640 D AndroidRuntime: >>>>>> START com.android.internal.os.RuntimeInit uid 2000 <<<<<<
11-10 14:18:08.880  8640  8640 W app_process: Unexpected CPU variant for X86 using defaults: x86
11-10 14:18:08.887  8640  8640 I app_process: The ClassLoaderContext is a special shared library.
11-10 14:18:08.896  8640  8640 W app_process: CheckJNI: method to register "write" not in the given class. This is slow, consider changing your RegisterNatives calls.
11-10 14:18:08.898  8640  8640 I chatty  : uid=2000(shell) main identical 42 lines
11-10 14:18:08.898  8640  8640 W app_process: CheckJNI: method to register "write" not in the given class. This is slow, consider changing your RegisterNatives calls.
11-10 14:18:08.898  8640  8640 W app_process: CheckJNI: method to register "write_non_chained" not in the given class. This is slow, consider changing your RegisterNatives calls.
11-10 14:18:08.898  8640  8640 I chatty  : uid=2000(shell) main identical 7 lines
11-10 14:18:08.898  8640  8640 W app_process: CheckJNI: method to register "write_non_chained" not in the given class. This is slow, consider changing your RegisterNatives calls.
11-10 14:18:08.954  8640  8640 D AndroidRuntime: Calling main entry com.android.commands.monkey.Monkey
11-10 14:18:08.956  8640  8640 W Monkey  : args: [-p, it.feio.android.omninotes, -c, android.intent.category.LAUNCHER, 1]
11-10 14:18:08.958  8640  8640 W Monkey  :  arg: "-p"
11-10 14:18:08.958  8640  8640 W Monkey  :  arg: "it.feio.android.omninotes"
11-10 14:18:08.958  8640  8640 W Monkey  :  arg: "-c"
11-10 14:18:08.959  8640  8640 W Monkey  :  arg: "android.intent.category.LAUNCHER"
11-10 14:18:08.959  8640  8640 W Monkey  :  arg: "1"
11-10 14:18:08.959  8640  8640 W Monkey  : data="it.feio.android.omninotes"
11-10 14:18:08.959  8640  8640 W Monkey  : data="android.intent.category.LAUNCHER"
11-10 14:18:09.052  1928  1942 W BroadcastQueue: Skipping deliver [background] BroadcastRecord{ecaaea7 u-1 android.net.conn.CONNECTIVITY_CHANGE} to ReceiverList{9ad6f54 8640 (unknown name)/2000/u-1 remote:1ad7c1}: process gone or crashing
11-10 14:18:09.072  1928  5855 I ActivityManager: START u0 {act=android.intent.action.MAIN cat=[android.intent.category.LAUNCHER] flg=0x10200000 cmp=it.feio.android.omninotes/.MainActivity} from uid 2000
11-10 14:18:09.084  1928  5855 W Binder  : Outgoing transactions from this process must be FLAG_ONEWAY
11-10 14:18:09.084  1928  5855 W Binder  : java.lang.Throwable
11-10 14:18:09.084  1928  5855 W Binder  : 	at android.os.BinderProxy.transact(Binder.java:1114)
11-10 14:18:09.084  1928  5855 W Binder  : 	at android.app.IActivityController$Stub$Proxy.activityStarting(IActivityController.java:176)
11-10 14:18:09.084  1928  5855 W Binder  : 	at com.android.server.am.ActivityStarter.startActivity(ActivityStarter.java:737)
11-10 14:18:09.084  1928  5855 W Binder  : 	at com.android.server.am.ActivityStarter.startActivity(ActivityStarter.java:544)
11-10 14:18:09.084  1928  5855 W Binder  : 	at com.android.server.am.ActivityStarter.startActivityMayWait(ActivityStarter.java:1099)
11-10 14:18:09.084  1928  5855 W Binder  : 	at com.android.server.am.ActivityStarter.execute(ActivityStarter.java:486)
11-10 14:18:09.084  1928  5855 W Binder  : 	at com.android.server.am.ActivityManagerService.startActivityAsUser(ActivityManagerService.java:5120)
11-10 14:18:09.084  1928  5855 W Binder  : 	at com.android.server.am.ActivityManagerService.startActivityAsUser(ActivityManagerService.java:5094)
11-10 14:18:09.084  1928  5855 W Binder  : 	at com.android.server.am.ActivityManagerService.startActivity(ActivityManagerService.java:5085)
11-10 14:18:09.084  1928  5855 W Binder  : 	at android.app.IActivityManager$Stub.onTransact$startActivity$(IActivityManager.java:10084)
11-10 14:18:09.084  1928  5855 W Binder  : 	at android.app.IActivityManager$Stub.onTransact(IActivityManager.java:122)
11-10 14:18:09.084  1928  5855 W Binder  : 	at com.android.server.am.ActivityManagerService.onTransact(ActivityManagerService.java:3291)
11-10 14:18:09.084  1928  5855 W Binder  : 	at android.os.Binder.execTransact(Binder.java:731)
11-10 14:18:09.092  8640  8640 I Monkey  : Events injected: 1
11-10 14:18:09.092  1792  1814 D hwcomposer: hw_composer sent 234 syncs in 64s
11-10 14:18:09.097  8640  8640 I Monkey  : ## Network stats: elapsed time=25ms (0ms mobile, 0ms wifi, 25ms not connected)
11-10 14:18:09.102  8640  8640 I app_process: System.exit called, status: 0
11-10 14:18:09.102  8640  8640 I AndroidRuntime: VM exiting with result code 0.
11-10 14:18:09.115  1928  1928 V SettingsProvider: Notifying for 0: content://settings/system/accelerometer_rotation
11-10 14:18:09.124  1928  1941 E memtrack: Couldn't load memtrack module
11-10 14:18:09.124  1928  1941 W android.os.Debug: failed to get memory consumption info: -1
11-10 14:18:09.137  1647  1693 D gralloc_ranchu: gralloc_alloc: Creating ashmem region of size 8298496
11-10 14:18:09.145  1647  1841 D gralloc_ranchu: gralloc_alloc: Creating ashmem region of size 8298496
11-10 14:18:09.152  1647  1693 D gralloc_ranchu: gralloc_alloc: Creating ashmem region of size 8298496
11-10 14:18:09.165 14769 14769 I GoogleInputMethod: onFinishInput() : Dummy InputConnection bound
11-10 14:18:09.165 14769 14769 I GoogleInputMethod: onStartInput() : Dummy InputConnection bound
11-10 14:18:09.195  6802  6873 D EGL_emulation: eglMakeCurrent: 0xdd085480: ver 3 0 (tinfo 0xdd0837b0)
11-10 14:18:09.212  1647  1693 D gralloc_ranchu: gralloc_alloc: Creating ashmem region of size 8298496
11-10 14:18:09.283  1928  2290 I GnssLocationProvider: WakeLock acquired by sendMessage(REPORT_SV_STATUS, 0, com.android.server.location.GnssLocationProvider$SvStatusInfo@57a8e33)
11-10 14:18:09.283  1928  1941 I GnssLocationProvider: WakeLock released by handleMessage(REPORT_SV_STATUS, 0, com.android.server.location.GnssLocationProvider$SvStatusInfo@57a8e33)
11-10 14:18:09.287  2156  2365 D EGL_emulation: eglMakeCurrent: 0xdaf4bd80: ver 3 0 (tinfo 0xdaf4f4a0)
11-10 14:18:09.297  2156  2365 I chatty  : uid=10025(com.android.systemui) RenderThread identical 1 line
11-10 14:18:09.840  2156  2365 D EGL_emulation: eglMakeCurrent: 0xdaf4bd80: ver 3 0 (tinfo 0xdaf4f4a0)
11-10 14:18:09.840  6416  8569 D EGL_emulation: eglMakeCurrent: 0xdd086440: ver 3 0 (tinfo 0xdd083650)
11-10 14:18:09.849  2156  2365 D EGL_emulation: eglMakeCurrent: 0xdaf4bd80: ver 3 0 (tinfo 0xdaf4f4a0)
11-10 14:18:09.858  1928  7037 D HostConnection: HostConnection::get() New Host Connection established 0xc557c6c0, tid 7037
11-10 14:18:09.858  1928  7037 D HostConnection: HostComposition ext ANDROID_EMU_CHECKSUM_HELPER_v1 ANDROID_EMU_native_sync_v2 ANDROID_EMU_native_sync_v3 ANDROID_EMU_native_sync_v4 ANDROID_EMU_dma_v1 ANDROID_EMU_YUV420_888_to_NV21 ANDROID_EMU_YUV_Cache ANDROID_EMU_async_unmap_buffer GL_OES_EGL_image_external_essl3 GL_OES_vertex_array_object GL_KHR_texture_compression_astc_ldr ANDROID_EMU_host_side_tracing ANDROID_EMU_gles_max_version_3_0 
11-10 14:18:09.860  1928  7037 I ConfigStore: android::hardware::configstore::V1_0::ISurfaceFlingerConfigs::hasWideColorDisplay retrieved: 0
11-10 14:18:09.860  1928  7037 I ConfigStore: android::hardware::configstore::V1_0::ISurfaceFlingerConfigs::hasHDRDisplay retrieved: 0
11-10 14:18:09.860  1928  7037 I OpenGLRenderer: Initialized EGL, version 1.4
11-10 14:18:09.860  1928  7037 D OpenGLRenderer: Swap behavior 1
11-10 14:18:09.860  1928  7037 W OpenGLRenderer: Failed to choose config with EGL_SWAP_BEHAVIOR_PRESERVED, retrying without...
11-10 14:18:09.860  1928  7037 D OpenGLRenderer: Swap behavior 0
11-10 14:18:09.860  1928  7037 D eglCodecCommon: setVertexArrayObject: set vao to 0 (0) 0 0
11-10 14:18:09.861  1928  7037 D EGL_emulation: eglCreateContext: 0xdd086bc0: maj 3 min 0 rcv 3
11-10 14:18:09.870  1928  7037 D EGL_emulation: eglMakeCurrent: 0xdd086bc0: ver 3 0 (tinfo 0xc8a52690)
11-10 14:18:09.879  1928  7037 D eglCodecCommon: setVertexArrayObject: set vao to 0 (0) 1 2
11-10 14:18:10.287  1928  2290 I GnssLocationProvider: WakeLock acquired by sendMessage(REPORT_SV_STATUS, 0, com.android.server.location.GnssLocationProvider$SvStatusInfo@7bbb2fa)
11-10 14:18:10.288  1928  1941 I GnssLocationProvider: WakeLock released by handleMessage(REPORT_SV_STATUS, 0, com.android.server.location.GnssLocationProvider$SvStatusInfo@7bbb2fa)
11-10 14:18:11.289  1928  2290 I GnssLocationProvider: WakeLock acquired by sendMessage(REPORT_SV_STATUS, 0, com.android.server.location.GnssLocationProvider$SvStatusInfo@2cf90ab)
11-10 14:18:11.290  1928  1941 I GnssLocationProvider: WakeLock released by handleMessage(REPORT_SV_STATUS, 0, com.android.server.location.GnssLocationProvider$SvStatusInfo@2cf90ab)
11-10 14:18:11.688  1928  1946 E BatteryExternalStatsWorker: no controller energy info supplied for wifi
11-10 14:18:11.690  1928  1946 D KernelUidCpuTimeReader: Removing uids 10114-10114
11-10 14:18:12.108  1879  1879 E netmgr  : Failed to open QEMU pipe 'qemud:network': Invalid argument
11-10 14:18:12.108  1879  1879 E netmgr  : WifiForwarder unable to open QEMU pipe: Invalid argument
11-10 14:18:12.291  1928  2290 I GnssLocationProvider: WakeLock acquired by sendMessage(REPORT_SV_STATUS, 0, com.android.server.location.GnssLocationProvider$SvStatusInfo@fb6e308)
11-10 14:18:12.293  1928  1941 I GnssLocationProvider: WakeLock released by handleMessage(REPORT_SV_STATUS, 0, com.android.server.location.GnssLocationProvider$SvStatusInfo@fb6e308)
11-10 14:18:13.295  1928  2290 I GnssLocationProvider: WakeLock acquired by sendMessage(REPORT_SV_STATUS, 0, com.android.server.location.GnssLocationProvider$SvStatusInfo@a3b4aa1)
11-10 14:18:13.296  1928  1941 I GnssLocationProvider: WakeLock released by handleMessage(REPORT_SV_STATUS, 0, com.android.server.location.GnssLocationProvider$SvStatusInfo@a3b4aa1)
11-10 14:18:13.395  1928  1941 E memtrack: Couldn't load memtrack module
11-10 14:18:13.395  1928  1941 W android.os.Debug: failed to get memory consumption info: -1
11-10 14:18:14.299  1928  2290 I GnssLocationProvider: WakeLock acquired by sendMessage(REPORT_SV_STATUS, 0, com.android.server.location.GnssLocationProvider$SvStatusInfo@509a752)
11-10 14:18:14.300  1928  1941 I GnssLocationProvider: WakeLock released by handleMessage(REPORT_SV_STATUS, 0, com.android.server.location.GnssLocationProvider$SvStatusInfo@509a752)
11-10 14:18:15.301  1928  2290 I GnssLocationProvider: WakeLock acquired by sendMessage(REPORT_SV_STATUS, 0, com.android.server.location.GnssLocationProvider$SvStatusInfo@1836a23)
11-10 14:18:15.303  1928  1941 I GnssLocationProvider: WakeLock released by handleMessage(REPORT_SV_STATUS, 0, com.android.server.location.GnssLocationProvider$SvStatusInfo@1836a23)
11-10 14:18:16.304  1928  2290 I GnssLocationProvider: WakeLock acquired by sendMessage(REPORT_SV_STATUS, 0, com.android.server.location.GnssLocationProvider$SvStatusInfo@95d0b20)
11-10 14:18:16.305  1928  1941 I GnssLocationProvider: WakeLock released by handleMessage(REPORT_SV_STATUS, 0, com.android.server.location.GnssLocationProvider$SvStatusInfo@95d0b20)
11-10 14:18:17.307  1928  2290 I GnssLocationProvider: WakeLock acquired by sendMessage(REPORT_SV_STATUS, 0, com.android.server.location.GnssLocationProvider$SvStatusInfo@c1acd9)
11-10 14:18:17.308  1928  1941 I GnssLocationProvider: WakeLock released by handleMessage(REPORT_SV_STATUS, 0, com.android.server.location.GnssLocationProvider$SvStatusInfo@c1acd9)
11-10 14:18:18.311  1928  2290 I GnssLocationProvider: WakeLock acquired by sendMessage(REPORT_SV_STATUS, 0, com.android.server.location.GnssLocationProvider$SvStatusInfo@df6e69e)
11-10 14:18:18.312  1928  1941 I GnssLocationProvider: WakeLock released by handleMessage(REPORT_SV_STATUS, 0, com.android.server.location.GnssLocationProvider$SvStatusInfo@df6e69e)
11-10 14:18:19.312  1928  2290 I GnssLocationProvider: WakeLock acquired by sendMessage(REPORT_SV_STATUS, 0, com.android.server.location.GnssLocationProvider$SvStatusInfo@898857f)
11-10 14:18:19.313  1928  1941 I GnssLocationProvider: WakeLock released by handleMessage(REPORT_SV_STATUS, 0, com.android.server.location.GnssLocationProvider$SvStatusInfo@898857f)
11-10 14:18:20.317  1928  2290 I GnssLocationProvider: WakeLock acquired by sendMessage(REPORT_SV_STATUS, 0, com.android.server.location.GnssLocationProvider$SvStatusInfo@d7b94c)
11-10 14:18:20.318  1928  1941 I GnssLocationProvider: WakeLock released by handleMessage(REPORT_SV_STATUS, 0, com.android.server.location.GnssLocationProvider$SvStatusInfo@d7b94c)
11-10 14:18:21.319  1928  2290 I GnssLocationProvider: WakeLock acquired by sendMessage(REPORT_SV_STATUS, 0, com.android.server.location.GnssLocationProvider$SvStatusInfo@3173d95)
11-10 14:18:21.320  1928  1941 I GnssLocationProvider: WakeLock released by handleMessage(REPORT_SV_STATUS, 0, com.android.server.location.GnssLocationProvider$SvStatusInfo@3173d95)
11-10 14:18:22.321  1928  2290 I GnssLocationProvider: WakeLock acquired by sendMessage(REPORT_SV_STATUS, 0, com.android.server.location.GnssLocationProvider$SvStatusInfo@be6ceaa)
11-10 14:18:22.322  1928  1941 I GnssLocationProvider: WakeLock released by handleMessage(REPORT_SV_STATUS, 0, com.android.server.location.GnssLocationProvider$SvStatusInfo@be6ceaa)
11-10 14:18:23.324  1928  2290 I GnssLocationProvider: WakeLock acquired by sendMessage(REPORT_SV_STATUS, 0, com.android.server.location.GnssLocationProvider$SvStatusInfo@5b9fa9b)
11-10 14:18:23.325  1928  1941 I GnssLocationProvider: WakeLock released by handleMessage(REPORT_SV_STATUS, 0, com.android.server.location.GnssLocationProvider$SvStatusInfo@5b9fa9b)
11-10 14:18:23.415  1782  1836 E storaged: getDiskStats failed with result NOT_SUPPORTED and size 0
11-10 14:18:24.324  1928  2290 I GnssLocationProvider: WakeLock acquired by sendMessage(REPORT_SV_STATUS, 0, com.android.server.location.GnssLocationProvider$SvStatusInfo@96d1e38)
11-10 14:18:24.325  1928  1941 I GnssLocationProvider: WakeLock released by handleMessage(REPORT_SV_STATUS, 0, com.android.server.location.GnssLocationProvider$SvStatusInfo@96d1e38)
11-10 14:18:25.278  8663  8663 D AndroidRuntime: >>>>>> START com.android.internal.os.RuntimeInit uid 2000 <<<<<<
11-10 14:18:25.282  8663  8663 W app_process: Could not reserve sentinel fault page
11-10 14:18:25.327  1928  2290 I GnssLocationProvider: WakeLock acquired by sendMessage(REPORT_SV_STATUS, 0, com.android.server.location.GnssLocationProvider$SvStatusInfo@9fb1e11)
11-10 14:18:25.328  1928  1941 I GnssLocationProvider: WakeLock released by handleMessage(REPORT_SV_STATUS, 0, com.android.server.location.GnssLocationProvider$SvStatusInfo@9fb1e11)
11-10 14:18:25.452  8663  8663 W app_process: Unexpected CPU variant for X86 using defaults: x86
11-10 14:18:25.459  8663  8663 I app_process: The ClassLoaderContext is a special shared library.
11-10 14:18:25.463  8663  8663 I app_process: The ClassLoaderContext is a special shared library.
11-10 14:18:25.477  8663  8663 W app_process: CheckJNI: method to register "write" not in the given class. This is slow, consider changing your RegisterNatives calls.
11-10 14:18:25.478  8663  8663 I chatty  : uid=2000(shell) main identical 42 lines
11-10 14:18:25.478  8663  8663 W app_process: CheckJNI: method to register "write" not in the given class. This is slow, consider changing your RegisterNatives calls.
11-10 14:18:25.478  8663  8663 W app_process: CheckJNI: method to register "write_non_chained" not in the given class. This is slow, consider changing your RegisterNatives calls.
11-10 14:18:25.479  8663  8663 I chatty  : uid=2000(shell) main identical 7 lines
11-10 14:18:25.479  8663  8663 W app_process: CheckJNI: method to register "write_non_chained" not in the given class. This is slow, consider changing your RegisterNatives calls.
11-10 14:18:25.541  8663  8663 D AndroidRuntime: Calling main entry com.android.commands.uiautomator.Launcher
11-10 14:18:25.560  1928  1928 V SettingsProvider: Notifying for 0: content://settings/secure/accessibility_enabled
11-10 14:18:25.603  6288  6362 I A       : NGA disabled due to not being eligible.
11-10 14:18:26.332  1928  2290 I GnssLocationProvider: WakeLock acquired by sendMessage(REPORT_SV_STATUS, 0, com.android.server.location.GnssLocationProvider$SvStatusInfo@df1e5e4)
11-10 14:18:26.333  1928  1941 I GnssLocationProvider: WakeLock released by handleMessage(REPORT_SV_STATUS, 0, com.android.server.location.GnssLocationProvider$SvStatusInfo@df1e5e4)
11-10 14:18:26.582  1928  3211 W WindowManager: removeWindowToken: Attempted to remove non-existing token: android.os.Binder@53b2b76
11-10 14:18:26.583  1928  1928 V SettingsProvider: Notifying for 0: content://settings/secure/accessibility_enabled
11-10 14:18:26.585  6288  6351 I A       : NGA disabled due to not being eligible.
11-10 14:18:26.588  8663  8663 D AndroidRuntime: Shutting down VM
11-10 14:18:27.334  1928  2290 I GnssLocationProvider: WakeLock acquired by sendMessage(REPORT_SV_STATUS, 0, com.android.server.location.GnssLocationProvider$SvStatusInfo@fd97c50)
11-10 14:18:27.335  1928  1941 I GnssLocationProvider: WakeLock released by handleMessage(REPORT_SV_STATUS, 0, com.android.server.location.GnssLocationProvider$SvStatusInfo@fd97c50)
11-10 14:18:27.544  8693  8693 D AndroidRuntime: >>>>>> START com.android.internal.os.RuntimeInit uid 2000 <<<<<<
11-10 14:18:27.620  8693  8693 W app_process: Unexpected CPU variant for X86 using defaults: x86
11-10 14:18:27.622  8693  8693 I app_process: The ClassLoaderContext is a special shared library.
11-10 14:18:27.622  8693  8693 I app_process: The ClassLoaderContext is a special shared library.
11-10 14:18:27.627  8693  8693 W app_process: CheckJNI: method to register "write" not in the given class. This is slow, consider changing your RegisterNatives calls.
11-10 14:18:27.630  8693  8693 I chatty  : uid=2000(shell) main identical 42 lines
11-10 14:18:27.630  8693  8693 W app_process: CheckJNI: method to register "write" not in the given class. This is slow, consider changing your RegisterNatives calls.
11-10 14:18:27.630  8693  8693 W app_process: CheckJNI: method to register "write_non_chained" not in the given class. This is slow, consider changing your RegisterNatives calls.
11-10 14:18:27.631  8693  8693 I chatty  : uid=2000(shell) main identical 7 lines
11-10 14:18:27.631  8693  8693 W app_process: CheckJNI: method to register "write_non_chained" not in the given class. This is slow, consider changing your RegisterNatives calls.
11-10 14:18:27.651  8693  8693 D AndroidRuntime: Calling main entry com.android.commands.uiautomator.Launcher
11-10 14:18:27.665  6288  6351 I A       : NGA disabled due to not being eligible.
11-10 14:18:28.339  1928  2290 I GnssLocationProvider: WakeLock acquired by sendMessage(REPORT_SV_STATUS, 0, com.android.server.location.GnssLocationProvider$SvStatusInfo@623cc6f)
11-10 14:18:28.340  1928  1941 I GnssLocationProvider: WakeLock released by handleMessage(REPORT_SV_STATUS, 0, com.android.server.location.GnssLocationProvider$SvStatusInfo@623cc6f)
11-10 14:18:28.701  8693  8693 I AccessibilityNodeInfoDumper: Skipping invisible child: android.view.accessibility.AccessibilityNodeInfo@168b8; boundsInParent: Rect(0, 0 - 1080, 1794); boundsInScreen: Rect(0, 0 - 0, 1794); packageName: it.feio.android.omninotes; className: android.widget.LinearLayout; text: null; error: null; maxTextLength: -1; contentDescription: null; tooltipText: null; viewIdResName: it.feio.android.omninotes:id/intro_background; checkable: false; checked: false; focusable: false; focused: false; selected: false; clickable: false; longClickable: false; contextClickable: false; enabled: true; password: false; scrollable: false; importantForAccessibility: false; visible: false; actions: [AccessibilityAction: ACTION_SELECT - null, AccessibilityAction: ACTION_CLEAR_SELECTION - null, AccessibilityAction: ACTION_ACCESSIBILITY_FOCUS - null, AccessibilityAction: ACTION_SHOW_ON_SCREEN - null]
11-10 14:18:28.704  8693  8693 W AccessibilityNodeInfoDumper: Fetch time: 8ms
11-10 14:18:27.660  1928  1928 V SettingsProvider: Notifying for 0: content://settings/secure/accessibility_enabled
11-10 14:18:28.707  1928  5855 W WindowManager: removeWindowToken: Attempted to remove non-existing token: android.os.Binder@95a7e49
11-10 14:18:28.709  1928  1928 V SettingsProvider: Notifying for 0: content://settings/secure/accessibility_enabled
11-10 14:18:28.712  6288  6362 I A       : NGA disabled due to not being eligible.
11-10 14:18:28.716  8693  8693 D AndroidRuntime: Shutting down VM
11-10 14:18:28.979  8712  8712 D AndroidRuntime: >>>>>> START com.android.internal.os.RuntimeInit uid 2000 <<<<<<
11-10 14:18:29.019  8712  8712 W app_process: Unexpected CPU variant for X86 using defaults: x86
11-10 14:18:29.020  8712  8712 I app_process: The ClassLoaderContext is a special shared library.
11-10 14:18:29.022  8712  8712 I app_process: The ClassLoaderContext is a special shared library.
11-10 14:18:29.027  8712  8712 W app_process: CheckJNI: method to register "write" not in the given class. This is slow, consider changing your RegisterNatives calls.
11-10 14:18:29.030  8712  8712 I chatty  : uid=2000(shell) main identical 42 lines
11-10 14:18:29.030  8712  8712 W app_process: CheckJNI: method to register "write" not in the given class. This is slow, consider changing your RegisterNatives calls.
11-10 14:18:29.030  8712  8712 W app_process: CheckJNI: method to register "write_non_chained" not in the given class. This is slow, consider changing your RegisterNatives calls.
11-10 14:18:29.030  8712  8712 I chatty  : uid=2000(shell) main identical 7 lines
11-10 14:18:29.030  8712  8712 W app_process: CheckJNI: method to register "write_non_chained" not in the given class. This is slow, consider changing your RegisterNatives calls.
11-10 14:18:29.044  8712  8712 D AndroidRuntime: Calling main entry com.android.commands.uiautomator.Launcher
11-10 14:18:29.055  6288  6362 I A       : NGA disabled due to not being eligible.
11-10 14:18:29.344  1928  2290 I GnssLocationProvider: WakeLock acquired by sendMessage(REPORT_SV_STATUS, 0, com.android.server.location.GnssLocationProvider$SvStatusInfo@dcac08b)
11-10 14:18:29.345  1928  1941 I GnssLocationProvider: WakeLock released by handleMessage(REPORT_SV_STATUS, 0, com.android.server.location.GnssLocationProvider$SvStatusInfo@dcac08b)
11-10 14:18:30.068  8712  8712 I AccessibilityNodeInfoDumper: Skipping invisible child: android.view.accessibility.AccessibilityNodeInfo@168ca; boundsInParent: Rect(0, 0 - 1080, 1794); boundsInScreen: Rect(0, 0 - 0, 1794); packageName: it.feio.android.omninotes; className: android.widget.LinearLayout; text: null; error: null; maxTextLength: -1; contentDescription: null; tooltipText: null; viewIdResName: it.feio.android.omninotes:id/intro_background; checkable: false; checked: false; focusable: false; focused: false; selected: false; clickable: false; longClickable: false; contextClickable: false; enabled: true; password: false; scrollable: false; importantForAccessibility: false; visible: false; actions: [AccessibilityAction: ACTION_SELECT - null, AccessibilityAction: ACTION_CLEAR_SELECTION - null, AccessibilityAction: ACTION_ACCESSIBILITY_FOCUS - null, AccessibilityAction: ACTION_SHOW_ON_SCREEN - null]
11-10 14:18:30.071  8712  8712 W AccessibilityNodeInfoDumper: Fetch time: 5ms
11-10 14:18:29.053  1928  1928 V SettingsProvider: Notifying for 0: content://settings/secure/accessibility_enabled
11-10 14:18:30.072  1928  5855 W WindowManager: removeWindowToken: Attempted to remove non-existing token: android.os.Binder@dc3b605
11-10 14:18:30.073  1928  1928 V SettingsProvider: Notifying for 0: content://settings/secure/accessibility_enabled
11-10 14:18:30.075  6288  6362 I A       : NGA disabled due to not being eligible.
11-10 14:18:30.080  8712  8712 D AndroidRuntime: Shutting down VM
11-10 14:18:30.348  1928  2290 I GnssLocationProvider: WakeLock acquired by sendMessage(REPORT_SV_STATUS, 0, com.android.server.location.GnssLocationProvider$SvStatusInfo@1cead81)
11-10 14:18:30.349  1928  1941 I GnssLocationProvider: WakeLock released by handleMessage(REPORT_SV_STATUS, 0, com.android.server.location.GnssLocationProvider$SvStatusInfo@1cead81)
11-10 14:18:31.017  8741  8741 D AndroidRuntime: >>>>>> START com.android.internal.os.RuntimeInit uid 2000 <<<<<<
11-10 14:18:31.019  8741  8741 W app_process: Could not reserve sentinel fault page
11-10 14:18:31.061  8741  8741 W app_process: Unexpected CPU variant for X86 using defaults: x86
11-10 14:18:31.063  8741  8741 I app_process: The ClassLoaderContext is a special shared library.
11-10 14:18:31.064  8741  8741 I app_process: The ClassLoaderContext is a special shared library.
11-10 14:18:31.070  8741  8741 W app_process: CheckJNI: method to register "write" not in the given class. This is slow, consider changing your RegisterNatives calls.
11-10 14:18:31.073  8741  8741 I chatty  : uid=2000(shell) main identical 42 lines
11-10 14:18:31.073  8741  8741 W app_process: CheckJNI: method to register "write" not in the given class. This is slow, consider changing your RegisterNatives calls.
11-10 14:18:31.073  8741  8741 W app_process: CheckJNI: method to register "write_non_chained" not in the given class. This is slow, consider changing your RegisterNatives calls.
11-10 14:18:31.073  8741  8741 I chatty  : uid=2000(shell) main identical 7 lines
11-10 14:18:31.073  8741  8741 W app_process: CheckJNI: method to register "write_non_chained" not in the given class. This is slow, consider changing your RegisterNatives calls.
