08-08 18:18:40.351 11031 11031 D AndroidRuntime: Calling main entry com.android.commands.uiautomator.Launcher
08-08 18:18:41.366 11031 11031 I AccessibilityNodeInfoDumper: Skipping invisible child: android.view.accessibility.AccessibilityNodeInfo@8000db40; boundsInParent: Rect(0, 0 - 1080, 0); boundsInScreen: Rect(0, 1794 - 1080, 1794); packageName: de.danoeh.antennapod.debug; className: android.widget.FrameLayout; text: null; error: null; maxTextLength: -1; contentDescription: null; viewIdResName: de.danoeh.antennapod.debug:id/playerFragment; checkable: false; checked: false; focusable: false; focused: false; selected: false; clickable: false; longClickable: false; contextClickable: false; enabled: true; password: false; scrollable: false; actions: [AccessibilityAction: ACTION_SELECT - null, AccessibilityAction: ACTION_CLEAR_SELECTION - null, AccessibilityAction: ACTION_ACCESSIBILITY_FOCUS - null, AccessibilityAction: ACTION_SHOW_ON_SCREEN - null]
08-08 18:18:41.367 11031 11031 W AccessibilityNodeInfoDumper: Fetch time: 3ms
08-08 18:18:41.367  1628  1734 W WindowManager: Attempted to remove non-existing token: android.os.Binder@85f19b4
08-08 18:18:41.371 11031 11031 D AndroidRuntime: Shutting down VM
08-08 18:18:42.127 11057 11057 D AndroidRuntime: >>>>>> START com.android.internal.os.RuntimeInit uid 2000 <<<<<<
08-08 18:18:42.129 11057 11057 D AndroidRuntime: CheckJNI is ON
08-08 18:18:42.140 11057 11057 W art     : Unexpected CPU variant for X86 using defaults: x86
08-08 18:18:42.143 11057 11057 D ICU     : No timezone override file found: /data/local/tmp/misc/zoneinfo/current/icu/icu_tzdata.dat
08-08 18:18:42.155 11057 11057 E memtrack: Couldn't load memtrack module (No such file or directory)
08-08 18:18:42.155 11057 11057 E android.os.Debug: failed to load memtrack module: -2
08-08 18:18:42.155 11057 11057 I Radio-JNI: register_android_hardware_Radio DONE
08-08 18:18:42.160 11057 11057 D AndroidRuntime: Calling main entry com.android.commands.uiautomator.Launcher
08-08 18:18:43.175 11057 11057 I AccessibilityNodeInfoDumper: Skipping invisible child: android.view.accessibility.AccessibilityNodeInfo@8000db47; boundsInParent: Rect(0, 0 - 1080, 0); boundsInScreen: Rect(0, 1794 - 1080, 1794); packageName: de.danoeh.antennapod.debug; className: android.widget.FrameLayout; text: null; error: null; maxTextLength: -1; contentDescription: null; viewIdResName: de.danoeh.antennapod.debug:id/playerFragment; checkable: false; checked: false; focusable: false; focused: false; selected: false; clickable: false; longClickable: false; contextClickable: false; enabled: true; password: false; scrollable: false; actions: [AccessibilityAction: ACTION_SELECT - null, AccessibilityAction: ACTION_CLEAR_SELECTION - null, AccessibilityAction: ACTION_ACCESSIBILITY_FOCUS - null, AccessibilityAction: ACTION_SHOW_ON_SCREEN - null]
08-08 18:18:43.176 11057 11057 W AccessibilityNodeInfoDumper: Fetch time: 2ms
08-08 18:18:43.177  1628  2111 W WindowManager: Attempted to remove non-existing token: android.os.Binder@43be952
08-08 18:18:43.180 11057 11057 D AndroidRuntime: Shutting down VM
08-08 18:18:43.375 11074 11074 D AndroidRuntime: >>>>>> START com.android.internal.os.RuntimeInit uid 2000 <<<<<<
08-08 18:18:43.377 11074 11074 D AndroidRuntime: CheckJNI is ON
08-08 18:18:43.388 11074 11074 W art     : Unexpected CPU variant for X86 using defaults: x86
08-08 18:18:43.390 11074 11074 D ICU     : No timezone override file found: /data/local/tmp/misc/zoneinfo/current/icu/icu_tzdata.dat
08-08 18:18:43.404 11074 11074 E memtrack: Couldn't load memtrack module (No such file or directory)
08-08 18:18:43.404 11074 11074 E android.os.Debug: failed to load memtrack module: -2
08-08 18:18:43.404 11074 11074 I Radio-JNI: register_android_hardware_Radio DONE
08-08 18:18:43.409 11074 11074 D AndroidRuntime: Calling main entry com.android.commands.uiautomator.Launcher
08-08 18:18:44.428 11074 11074 I AccessibilityNodeInfoDumper: Skipping invisible child: android.view.accessibility.AccessibilityNodeInfo@8000db51; boundsInParent: Rect(0, 0 - 1080, 0); boundsInScreen: Rect(0, 1794 - 1080, 1794); packageName: de.danoeh.antennapod.debug; className: android.widget.FrameLayout; text: null; error: null; maxTextLength: -1; contentDescription: null; viewIdResName: de.danoeh.antennapod.debug:id/playerFragment; checkable: false; checked: false; focusable: false; focused: false; selected: false; clickable: false; longClickable: false; contextClickable: false; enabled: true; password: false; scrollable: false; actions: [AccessibilityAction: ACTION_SELECT - null, AccessibilityAction: ACTION_CLEAR_SELECTION - null, AccessibilityAction: ACTION_ACCESSIBILITY_FOCUS - null, AccessibilityAction: ACTION_SHOW_ON_SCREEN - null]
08-08 18:18:44.430 11074 11074 W AccessibilityNodeInfoDumper: Fetch time: 4ms
08-08 18:18:44.431  1628  2076 W WindowManager: Attempted to remove non-existing token: android.os.Binder@4ae1d20
08-08 18:18:44.438 11074 11074 D AndroidRuntime: Shutting down VM
08-08 18:18:45.222 11100 11100 D AndroidRuntime: >>>>>> START com.android.internal.os.RuntimeInit uid 2000 <<<<<<
08-08 18:18:45.224 11100 11100 D AndroidRuntime: CheckJNI is ON
08-08 18:18:45.236 11100 11100 W art     : Unexpected CPU variant for X86 using defaults: x86
08-08 18:18:45.239 11100 11100 D ICU     : No timezone override file found: /data/local/tmp/misc/zoneinfo/current/icu/icu_tzdata.dat
08-08 18:18:45.253 11100 11100 E memtrack: Couldn't load memtrack module (No such file or directory)
08-08 18:18:45.253 11100 11100 E android.os.Debug: failed to load memtrack module: -2
08-08 18:18:45.254 11100 11100 I Radio-JNI: register_android_hardware_Radio DONE
08-08 18:18:45.259 11100 11100 D AndroidRuntime: Calling main entry com.android.commands.uiautomator.Launcher
08-08 18:18:46.277 11100 11100 I AccessibilityNodeInfoDumper: Skipping invisible child: android.view.accessibility.AccessibilityNodeInfo@8000db56; boundsInParent: Rect(0, 0 - 1080, 0); boundsInScreen: Rect(0, 1794 - 1080, 1794); packageName: de.danoeh.antennapod.debug; className: android.widget.FrameLayout; text: null; error: null; maxTextLength: -1; contentDescription: null; viewIdResName: de.danoeh.antennapod.debug:id/playerFragment; checkable: false; checked: false; focusable: false; focused: false; selected: false; clickable: false; longClickable: false; contextClickable: false; enabled: true; password: false; scrollable: false; actions: [AccessibilityAction: ACTION_SELECT - null, AccessibilityAction: ACTION_CLEAR_SELECTION - null, AccessibilityAction: ACTION_ACCESSIBILITY_FOCUS - null, AccessibilityAction: ACTION_SHOW_ON_SCREEN - null]
08-08 18:18:46.278 11100 11100 W AccessibilityNodeInfoDumper: Fetch time: 2ms
08-08 18:18:46.279  1628  2076 W WindowManager: Attempted to remove non-existing token: android.os.Binder@b0b489e
08-08 18:18:46.282 11100 11100 D AndroidRuntime: Shutting down VM
08-08 18:18:47.087 11132 11132 D AndroidRuntime: >>>>>> START com.android.internal.os.RuntimeInit uid 2000 <<<<<<
08-08 18:18:47.088 11132 11132 D AndroidRuntime: CheckJNI is ON
08-08 18:18:47.100 11132 11132 W art     : Unexpected CPU variant for X86 using defaults: x86
08-08 18:18:47.103 11132 11132 D ICU     : No timezone override file found: /data/local/tmp/misc/zoneinfo/current/icu/icu_tzdata.dat
08-08 18:18:47.116 11132 11132 E memtrack: Couldn't load memtrack module (No such file or directory)
08-08 18:18:47.116 11132 11132 E android.os.Debug: failed to load memtrack module: -2
08-08 18:18:47.117 11132 11132 I Radio-JNI: register_android_hardware_Radio DONE
08-08 18:18:47.121 11132 11132 D AndroidRuntime: Calling main entry com.android.commands.uiautomator.Launcher
08-08 18:18:48.136 11132 11132 I AccessibilityNodeInfoDumper: Skipping invisible child: android.view.accessibility.AccessibilityNodeInfo@8000db61; boundsInParent: Rect(0, 0 - 1080, 0); boundsInScreen: Rect(0, 1794 - 1080, 1794); packageName: de.danoeh.antennapod.debug; className: android.widget.FrameLayout; text: null; error: null; maxTextLength: -1; contentDescription: null; viewIdResName: de.danoeh.antennapod.debug:id/playerFragment; checkable: false; checked: false; focusable: false; focused: false; selected: false; clickable: false; longClickable: false; contextClickable: false; enabled: true; password: false; scrollable: false; actions: [AccessibilityAction: ACTION_SELECT - null, AccessibilityAction: ACTION_CLEAR_SELECTION - null, AccessibilityAction: ACTION_ACCESSIBILITY_FOCUS - null, AccessibilityAction: ACTION_SHOW_ON_SCREEN - null]
08-08 18:18:48.137 11132 11132 W AccessibilityNodeInfoDumper: Fetch time: 2ms
08-08 18:18:48.137  1628  2105 W WindowManager: Attempted to remove non-existing token: android.os.Binder@527eb4c
08-08 18:18:48.142 11132 11132 D AndroidRuntime: Shutting down VM
08-08 18:18:48.245  1341  3721 E SurfaceFlinger: ro.sf.lcd_density must be defined as a build property
08-08 18:18:48.247  1341  1349 D gralloc_ranchu: gralloc_alloc: Creating ashmem region of size 8294400
08-08 18:18:48.253 11147 11147 D         : HostConnection::get() New Host Connection established 0xada1b2c0, tid 11147
08-08 18:18:48.256  1341  1341 E EGL_emulation: tid 1341: eglCreateSyncKHR(1901): error 0x3004 (EGL_BAD_ATTRIBUTE)
08-08 18:18:48.507 11153 11153 D AndroidRuntime: >>>>>> START com.android.internal.os.RuntimeInit uid 2000 <<<<<<
08-08 18:18:48.509 11153 11153 D AndroidRuntime: CheckJNI is ON
08-08 18:18:48.521 11153 11153 W art     : Unexpected CPU variant for X86 using defaults: x86
08-08 18:18:48.524 11153 11153 D ICU     : No timezone override file found: /data/misc/zoneinfo/current/icu/icu_tzdata.dat
08-08 18:18:48.536 11153 11153 E memtrack: Couldn't load memtrack module (No such file or directory)
08-08 18:18:48.537 11153 11153 E android.os.Debug: failed to load memtrack module: -2
08-08 18:18:48.538 11153 11153 I Radio-JNI: register_android_hardware_Radio DONE
08-08 18:18:48.543 11153 11153 D AndroidRuntime: Calling main entry com.android.commands.am.Am
08-08 18:18:48.551  3938  3938 D MediaScannerReceiver: action: android.intent.action.MEDIA_SCANNER_SCAN_FILE path: /storage/emulated/0/screen.png
08-08 18:18:48.553 11153 11153 D AndroidRuntime: Shutting down VM
08-08 18:18:50.857 11166 11166 D AndroidRuntime: >>>>>> START com.android.internal.os.RuntimeInit uid 2000 <<<<<<
08-08 18:18:50.859 11166 11166 D AndroidRuntime: CheckJNI is ON
08-08 18:18:50.870 11166 11166 W art     : Unexpected CPU variant for X86 using defaults: x86
08-08 18:18:50.873 11166 11166 D ICU     : No timezone override file found: /data/local/tmp/misc/zoneinfo/current/icu/icu_tzdata.dat
08-08 18:18:50.885 11166 11166 E memtrack: Couldn't load memtrack module (No such file or directory)
08-08 18:18:50.885 11166 11166 E android.os.Debug: failed to load memtrack module: -2
08-08 18:18:50.886 11166 11166 I Radio-JNI: register_android_hardware_Radio DONE
08-08 18:18:50.890 11166 11166 D AndroidRuntime: Calling main entry com.android.commands.uiautomator.Launcher
08-08 18:18:51.907 11166 11166 I AccessibilityNodeInfoDumper: Skipping invisible child: android.view.accessibility.AccessibilityNodeInfo@8000db68; boundsInParent: Rect(0, 0 - 1080, 0); boundsInScreen: Rect(0, 1794 - 1080, 1794); packageName: de.danoeh.antennapod.debug; className: android.widget.FrameLayout; text: null; error: null; maxTextLength: -1; contentDescription: null; viewIdResName: de.danoeh.antennapod.debug:id/playerFragment; checkable: false; checked: false; focusable: false; focused: false; selected: false; clickable: false; longClickable: false; contextClickable: false; enabled: true; password: false; scrollable: false; actions: [AccessibilityAction: ACTION_SELECT - null, AccessibilityAction: ACTION_CLEAR_SELECTION - null, AccessibilityAction: ACTION_ACCESSIBILITY_FOCUS - null, AccessibilityAction: ACTION_SHOW_ON_SCREEN - null]
08-08 18:18:51.908 11166 11166 W AccessibilityNodeInfoDumper: Fetch time: 2ms
08-08 18:18:51.908  1628  1638 W WindowManager: Attempted to remove non-existing token: android.os.Binder@1270811
08-08 18:18:51.912 11166 11166 D AndroidRuntime: Shutting down VM
08-08 18:18:54.670 11192 11192 D AndroidRuntime: >>>>>> START com.android.internal.os.RuntimeInit uid 2000 <<<<<<
08-08 18:18:54.672 11192 11192 D AndroidRuntime: CheckJNI is ON
08-08 18:18:54.684 11192 11192 W art     : Unexpected CPU variant for X86 using defaults: x86
08-08 18:18:54.686 11192 11192 D ICU     : No timezone override file found: /data/local/tmp/misc/zoneinfo/current/icu/icu_tzdata.dat
08-08 18:18:54.698 11192 11192 E memtrack: Couldn't load memtrack module (No such file or directory)
08-08 18:18:54.698 11192 11192 E android.os.Debug: failed to load memtrack module: -2
08-08 18:18:54.699 11192 11192 I Radio-JNI: register_android_hardware_Radio DONE
08-08 18:18:54.703 11192 11192 D AndroidRuntime: Calling main entry com.android.commands.uiautomator.Launcher
08-08 18:18:55.719 11192 11192 I AccessibilityNodeInfoDumper: Skipping invisible child: android.view.accessibility.AccessibilityNodeInfo@8000db71; boundsInParent: Rect(0, 0 - 1080, 0); boundsInScreen: Rect(0, 1794 - 1080, 1794); packageName: de.danoeh.antennapod.debug; className: android.widget.FrameLayout; text: null; error: null; maxTextLength: -1; contentDescription: null; viewIdResName: de.danoeh.antennapod.debug:id/playerFragment; checkable: false; checked: false; focusable: false; focused: false; selected: false; clickable: false; longClickable: false; contextClickable: false; enabled: true; password: false; scrollable: false; actions: [AccessibilityAction: ACTION_SELECT - null, AccessibilityAction: ACTION_CLEAR_SELECTION - null, AccessibilityAction: ACTION_ACCESSIBILITY_FOCUS - null, AccessibilityAction: ACTION_SHOW_ON_SCREEN - null]
08-08 18:18:55.720 11192 11192 W AccessibilityNodeInfoDumper: Fetch time: 3ms
08-08 18:18:55.720  1628  2111 W WindowManager: Attempted to remove non-existing token: android.os.Binder@47a9f77
08-08 18:18:55.724 11192 11192 D AndroidRuntime: Shutting down VM
08-08 18:18:55.922 11209 11209 D AndroidRuntime: >>>>>> START com.android.internal.os.RuntimeInit uid 2000 <<<<<<
08-08 18:18:55.923 11209 11209 D AndroidRuntime: CheckJNI is ON
08-08 18:18:55.935 11209 11209 W art     : Unexpected CPU variant for X86 using defaults: x86
08-08 18:18:55.938 11209 11209 D ICU     : No timezone override file found: /data/local/tmp/misc/zoneinfo/current/icu/icu_tzdata.dat
08-08 18:18:55.950 11209 11209 E memtrack: Couldn't load memtrack module (No such file or directory)
08-08 18:18:55.950 11209 11209 E android.os.Debug: failed to load memtrack module: -2
08-08 18:18:55.950 11209 11209 I Radio-JNI: register_android_hardware_Radio DONE
08-08 18:18:55.955 11209 11209 D AndroidRuntime: Calling main entry com.android.commands.uiautomator.Launcher
08-08 18:18:56.969 11209 11209 I AccessibilityNodeInfoDumper: Skipping invisible child: android.view.accessibility.AccessibilityNodeInfo@8000db7a; boundsInParent: Rect(0, 0 - 1080, 0); boundsInScreen: Rect(0, 1794 - 1080, 1794); packageName: de.danoeh.antennapod.debug; className: android.widget.FrameLayout; text: null; error: null; maxTextLength: -1; contentDescription: null; viewIdResName: de.danoeh.antennapod.debug:id/playerFragment; checkable: false; checked: false; focusable: false; focused: false; selected: false; clickable: false; longClickable: false; contextClickable: false; enabled: true; password: false; scrollable: false; actions: [AccessibilityAction: ACTION_SELECT - null, AccessibilityAction: ACTION_CLEAR_SELECTION - null, AccessibilityAction: ACTION_ACCESSIBILITY_FOCUS - null, AccessibilityAction: ACTION_SHOW_ON_SCREEN - null]
08-08 18:18:56.970 11209 11209 W AccessibilityNodeInfoDumper: Fetch time: 2ms
08-08 18:18:56.971  1628  2111 W WindowManager: Attempted to remove non-existing token: android.os.Binder@563144d
08-08 18:18:56.975 11209 11209 D AndroidRuntime: Shutting down VM
08-08 18:18:57.742 11235 11235 D AndroidRuntime: >>>>>> START com.android.internal.os.RuntimeInit uid 2000 <<<<<<
08-08 18:18:57.743 11235 11235 D AndroidRuntime: CheckJNI is ON
08-08 18:18:57.755 11235 11235 W art     : Unexpected CPU variant for X86 using defaults: x86
08-08 18:18:57.757 11235 11235 D ICU     : No timezone override file found: /data/local/tmp/misc/zoneinfo/current/icu/icu_tzdata.dat
08-08 18:18:57.769 11235 11235 E memtrack: Couldn't load memtrack module (No such file or directory)
08-08 18:18:57.769 11235 11235 E android.os.Debug: failed to load memtrack module: -2
08-08 18:18:57.770 11235 11235 I Radio-JNI: register_android_hardware_Radio DONE
08-08 18:18:57.774 11235 11235 D AndroidRuntime: Calling main entry com.android.commands.uiautomator.Launcher
08-08 18:18:58.791 11235 11235 I AccessibilityNodeInfoDumper: Skipping invisible child: android.view.accessibility.AccessibilityNodeInfo@8000db80; boundsInParent: Rect(0, 0 - 1080, 0); boundsInScreen: Rect(0, 1794 - 1080, 1794); packageName: de.danoeh.antennapod.debug; className: android.widget.FrameLayout; text: null; error: null; maxTextLength: -1; contentDescription: null; viewIdResName: de.danoeh.antennapod.debug:id/playerFragment; checkable: false; checked: false; focusable: false; focused: false; selected: false; clickable: false; longClickable: false; contextClickable: false; enabled: true; password: false; scrollable: false; actions: [AccessibilityAction: ACTION_SELECT - null, AccessibilityAction: ACTION_CLEAR_SELECTION - null, AccessibilityAction: ACTION_ACCESSIBILITY_FOCUS - null, AccessibilityAction: ACTION_SHOW_ON_SCREEN - null]
08-08 18:18:58.792 11235 11235 W AccessibilityNodeInfoDumper: Fetch time: 2ms
08-08 18:18:58.792  1628  2107 W WindowManager: Attempted to remove non-existing token: android.os.Binder@66fbc13
08-08 18:18:58.796 11235 11235 D AndroidRuntime: Shutting down VM
08-08 18:18:59.006 11253 11253 D AndroidRuntime: >>>>>> START com.android.internal.os.RuntimeInit uid 2000 <<<<<<
08-08 18:18:59.008 11253 11253 D AndroidRuntime: CheckJNI is ON
08-08 18:18:59.021 11253 11253 W art     : Unexpected CPU variant for X86 using defaults: x86
08-08 18:18:59.024 11253 11253 D ICU     : No timezone override file found: /data/local/tmp/misc/zoneinfo/current/icu/icu_tzdata.dat
08-08 18:18:59.035 11253 11253 E memtrack: Couldn't load memtrack module (No such file or directory)
08-08 18:18:59.035 11253 11253 E android.os.Debug: failed to load memtrack module: -2
08-08 18:18:59.036 11253 11253 I Radio-JNI: register_android_hardware_Radio DONE
08-08 18:18:59.041 11253 11253 D AndroidRuntime: Calling main entry com.android.commands.uiautomator.Launcher
08-08 18:19:00.057 11253 11253 I AccessibilityNodeInfoDumper: Skipping invisible child: android.view.accessibility.AccessibilityNodeInfo@8000db87; boundsInParent: Rect(0, 0 - 1080, 0); boundsInScreen: Rect(0, 1794 - 1080, 1794); packageName: de.danoeh.antennapod.debug; className: android.widget.FrameLayout; text: null; error: null; maxTextLength: -1; contentDescription: null; viewIdResName: de.danoeh.antennapod.debug:id/playerFragment; checkable: false; checked: false; focusable: false; focused: false; selected: false; clickable: false; longClickable: false; contextClickable: false; enabled: true; password: false; scrollable: false; actions: [AccessibilityAction: ACTION_SELECT - null, AccessibilityAction: ACTION_CLEAR_SELECTION - null, AccessibilityAction: ACTION_ACCESSIBILITY_FOCUS - null, AccessibilityAction: ACTION_SHOW_ON_SCREEN - null]
08-08 18:19:00.057 11253 11253 W AccessibilityNodeInfoDumper: Fetch time: 2ms
08-08 18:19:00.058  1628  1734 W WindowManager: Attempted to remove non-existing token: android.os.Binder@fc09a8b
08-08 18:19:00.061 11253 11253 D AndroidRuntime: Shutting down VM
08-08 18:19:00.821 11279 11279 D AndroidRuntime: >>>>>> START com.android.internal.os.RuntimeInit uid 2000 <<<<<<
08-08 18:19:00.822 11279 11279 D AndroidRuntime: CheckJNI is ON
08-08 18:19:00.834 11279 11279 W art     : Unexpected CPU variant for X86 using defaults: x86
08-08 18:19:00.836 11279 11279 D ICU     : No timezone override file found: /data/local/tmp/misc/zoneinfo/current/icu/icu_tzdata.dat
08-08 18:19:00.849 11279 11279 E memtrack: Couldn't load memtrack module (No such file or directory)
08-08 18:19:00.849 11279 11279 E android.os.Debug: failed to load memtrack module: -2
08-08 18:19:00.849 11279 11279 I Radio-JNI: register_android_hardware_Radio DONE
08-08 18:19:00.854 11279 11279 D AndroidRuntime: Calling main entry com.android.commands.uiautomator.Launcher
08-08 18:19:01.872 11279 11279 I AccessibilityNodeInfoDumper: Skipping invisible child: android.view.accessibility.AccessibilityNodeInfo@8000db8f; boundsInParent: Rect(0, 0 - 1080, 0); boundsInScreen: Rect(0, 1794 - 1080, 1794); packageName: de.danoeh.antennapod.debug; className: android.widget.FrameLayout; text: null; error: null; maxTextLength: -1; contentDescription: null; viewIdResName: de.danoeh.antennapod.debug:id/playerFragment; checkable: false; checked: false; focusable: false; focused: false; selected: false; clickable: false; longClickable: false; contextClickable: false; enabled: true; password: false; scrollable: false; actions: [AccessibilityAction: ACTION_SELECT - null, AccessibilityAction: ACTION_CLEAR_SELECTION - null, AccessibilityAction: ACTION_ACCESSIBILITY_FOCUS - null, AccessibilityAction: ACTION_SHOW_ON_SCREEN - null]
08-08 18:19:01.872 11279 11279 W AccessibilityNodeInfoDumper: Fetch time: 3ms
08-08 18:19:01.873  1628  2111 W WindowManager: Attempted to remove non-existing token: android.os.Binder@8c91781
08-08 18:19:01.876 11279 11279 D AndroidRuntime: Shutting down VM
08-08 18:19:02.075 11296 11296 D AndroidRuntime: >>>>>> START com.android.internal.os.RuntimeInit uid 2000 <<<<<<
08-08 18:19:02.077 11296 11296 D AndroidRuntime: CheckJNI is ON
08-08 18:19:02.088 11296 11296 W art     : Unexpected CPU variant for X86 using defaults: x86
08-08 18:19:02.090 11296 11296 D ICU     : No timezone override file found: /data/local/tmp/misc/zoneinfo/current/icu/icu_tzdata.dat
08-08 18:19:02.103 11296 11296 E memtrack: Couldn't load memtrack module (No such file or directory)
08-08 18:19:02.103 11296 11296 E android.os.Debug: failed to load memtrack module: -2
08-08 18:19:02.103 11296 11296 I Radio-JNI: register_android_hardware_Radio DONE
08-08 18:19:02.108 11296 11296 D AndroidRuntime: Calling main entry com.android.commands.uiautomator.Launcher
08-08 18:19:03.123 11296 11296 I AccessibilityNodeInfoDumper: Skipping invisible child: android.view.accessibility.AccessibilityNodeInfo@8000db98; boundsInParent: Rect(0, 0 - 1080, 0); boundsInScreen: Rect(0, 1794 - 1080, 1794); packageName: de.danoeh.antennapod.debug; className: android.widget.FrameLayout; text: null; error: null; maxTextLength: -1; contentDescription: null; viewIdResName: de.danoeh.antennapod.debug:id/playerFragment; checkable: false; checked: false; focusable: false; focused: false; selected: false; clickable: false; longClickable: false; contextClickable: false; enabled: true; password: false; scrollable: false; actions: [AccessibilityAction: ACTION_SELECT - null, AccessibilityAction: ACTION_CLEAR_SELECTION - null, AccessibilityAction: ACTION_ACCESSIBILITY_FOCUS - null, AccessibilityAction: ACTION_SHOW_ON_SCREEN - null]
08-08 18:19:03.124 11296 11296 W AccessibilityNodeInfoDumper: Fetch time: 2ms
08-08 18:19:03.124  1628  2093 W WindowManager: Attempted to remove non-existing token: android.os.Binder@81c5467
08-08 18:19:03.129 11296 11296 D AndroidRuntime: Shutting down VM
08-08 18:19:03.918 11325 11325 D AndroidRuntime: >>>>>> START com.android.internal.os.RuntimeInit uid 2000 <<<<<<
08-08 18:19:03.919 11325 11325 D AndroidRuntime: CheckJNI is ON
08-08 18:19:03.931 11325 11325 W art     : Unexpected CPU variant for X86 using defaults: x86
08-08 18:19:03.933 11325 11325 D ICU     : No timezone override file found: /data/local/tmp/misc/zoneinfo/current/icu/icu_tzdata.dat
08-08 18:19:03.946 11325 11325 E memtrack: Couldn't load memtrack module (No such file or directory)
08-08 18:19:03.946 11325 11325 E android.os.Debug: failed to load memtrack module: -2
08-08 18:19:03.947 11325 11325 I Radio-JNI: register_android_hardware_Radio DONE
08-08 18:19:03.951 11325 11325 D AndroidRuntime: Calling main entry com.android.commands.uiautomator.Launcher
08-08 18:19:04.967 11325 11325 I AccessibilityNodeInfoDumper: Skipping invisible child: android.view.accessibility.AccessibilityNodeInfo@8000db9f; boundsInParent: Rect(0, 0 - 1080, 0); boundsInScreen: Rect(0, 1794 - 1080, 1794); packageName: de.danoeh.antennapod.debug; className: android.widget.FrameLayout; text: null; error: null; maxTextLength: -1; contentDescription: null; viewIdResName: de.danoeh.antennapod.debug:id/playerFragment; checkable: false; checked: false; focusable: false; focused: false; selected: false; clickable: false; longClickable: false; contextClickable: false; enabled: true; password: false; scrollable: false; actions: [AccessibilityAction: ACTION_SELECT - null, AccessibilityAction: ACTION_CLEAR_SELECTION - null, AccessibilityAction: ACTION_ACCESSIBILITY_FOCUS - null, AccessibilityAction: ACTION_SHOW_ON_SCREEN - null]
08-08 18:19:04.968 11325 11325 W AccessibilityNodeInfoDumper: Fetch time: 2ms
08-08 18:19:04.969  1628  1639 W WindowManager: Attempted to remove non-existing token: android.os.Binder@96eaabd
08-08 18:19:04.973 11325 11325 D AndroidRuntime: Shutting down VM
08-08 18:19:05.174 11342 11342 D AndroidRuntime: >>>>>> START com.android.internal.os.RuntimeInit uid 2000 <<<<<<
08-08 18:19:05.175 11342 11342 D AndroidRuntime: CheckJNI is ON
08-08 18:19:05.187 11342 11342 W art     : Unexpected CPU variant for X86 using defaults: x86
08-08 18:19:05.190 11342 11342 D ICU     : No timezone override file found: /data/local/tmp/misc/zoneinfo/current/icu/icu_tzdata.dat
08-08 18:19:05.202 11342 11342 E memtrack: Couldn't load memtrack module (No such file or directory)
08-08 18:19:05.202 11342 11342 E android.os.Debug: failed to load memtrack module: -2
08-08 18:19:05.203 11342 11342 I Radio-JNI: register_android_hardware_Radio DONE
08-08 18:19:05.207 11342 11342 D AndroidRuntime: Calling main entry com.android.commands.uiautomator.Launcher
08-08 18:19:06.224 11342 11342 I AccessibilityNodeInfoDumper: Skipping invisible child: android.view.accessibility.AccessibilityNodeInfo@8000dba9; boundsInParent: Rect(0, 0 - 1080, 0); boundsInScreen: Rect(0, 1794 - 1080, 1794); packageName: de.danoeh.antennapod.debug; className: android.widget.FrameLayout; text: null; error: null; maxTextLength: -1; contentDescription: null; viewIdResName: de.danoeh.antennapod.debug:id/playerFragment; checkable: false; checked: false; focusable: false; focused: false; selected: false; clickable: false; longClickable: false; contextClickable: false; enabled: true; password: false; scrollable: false; actions: [AccessibilityAction: ACTION_SELECT - null, AccessibilityAction: ACTION_CLEAR_SELECTION - null, AccessibilityAction: ACTION_ACCESSIBILITY_FOCUS - null, AccessibilityAction: ACTION_SHOW_ON_SCREEN - null]
08-08 18:19:06.224 11342 11342 W AccessibilityNodeInfoDumper: Fetch time: 2ms
08-08 18:19:06.225  1628  2107 W WindowManager: Attempted to remove non-existing token: android.os.Binder@3e035b9
08-08 18:19:06.229 11342 11342 D AndroidRuntime: Shutting down VM
08-08 18:19:06.398 11354 11354 D AndroidRuntime: >>>>>> START com.android.internal.os.RuntimeInit uid 2000 <<<<<<
08-08 18:19:06.400 11354 11354 D AndroidRuntime: CheckJNI is ON
08-08 18:19:06.411 11354 11354 W art     : Unexpected CPU variant for X86 using defaults: x86
08-08 18:19:06.414 11354 11354 D ICU     : No timezone override file found: /data/misc/zoneinfo/current/icu/icu_tzdata.dat
08-08 18:19:06.429 11354 11354 E memtrack: Couldn't load memtrack module (No such file or directory)
08-08 18:19:06.429 11354 11354 E android.os.Debug: failed to load memtrack module: -2
08-08 18:19:06.429 11354 11354 I Radio-JNI: register_android_hardware_Radio DONE
08-08 18:19:06.434 11354 11354 D AndroidRuntime: Calling main entry com.android.commands.input.Input
08-08 18:19:06.437 11354 11354 I Input   : injectMotionEvent: MotionEvent { action=ACTION_DOWN, actionButton=0, id[0]=0, x[0]=911.0, y[0]=136.0, toolType[0]=TOOL_TYPE_UNKNOWN, buttonState=0, metaState=0, flags=0x0, edgeFlags=0x0, pointerCount=1, historySize=0, eventTime=4041058, downTime=4041058, deviceId=0, source=0x1002 }
08-08 18:19:06.439 11354 11354 I Input   : injectMotionEvent: MotionEvent { action=ACTION_MOVE, actionButton=0, id[0]=0, x[0]=911.0, y[0]=136.0, toolType[0]=TOOL_TYPE_UNKNOWN, buttonState=0, metaState=0, flags=0x0, edgeFlags=0x0, pointerCount=1, historySize=0, eventTime=4041058, downTime=4041058, deviceId=0, source=0x1002 }
08-08 18:19:06.443 11354 11354 I Input   : injectMotionEvent: MotionEvent { action=ACTION_MOVE, actionButton=0, id[0]=0, x[0]=911.0, y[0]=136.0, toolType[0]=TOOL_TYPE_UNKNOWN, buttonState=0, metaState=0, flags=0x0, edgeFlags=0x0, pointerCount=1, historySize=0, eventTime=4041066, downTime=4041066, deviceId=0, source=0x1002 }
08-08 18:19:06.459 11354 11354 I Input   : injectMotionEvent: MotionEvent { action=ACTION_MOVE, actionButton=0, id[0]=0, x[0]=911.0, y[0]=136.0, toolType[0]=TOOL_TYPE_UNKNOWN, buttonState=0, metaState=0, flags=0x0, edgeFlags=0x0, pointerCount=1, historySize=0, eventTime=4041082, downTime=4041082, deviceId=0, source=0x1002 }
08-08 18:19:06.477 11354 11354 I Input   : injectMotionEvent: MotionEvent { action=ACTION_MOVE, actionButton=0, id[0]=0, x[0]=911.0, y[0]=136.0, toolType[0]=TOOL_TYPE_UNKNOWN, buttonState=0, metaState=0, flags=0x0, edgeFlags=0x0, pointerCount=1, historySize=0, eventTime=4041100, downTime=4041100, deviceId=0, source=0x1002 }
08-08 18:19:06.493 11354 11354 I Input   : injectMotionEvent: MotionEvent { action=ACTION_MOVE, actionButton=0, id[0]=0, x[0]=911.0, y[0]=136.0, toolType[0]=TOOL_TYPE_UNKNOWN, buttonState=0, metaState=0, flags=0x0, edgeFlags=0x0, pointerCount=1, historySize=0, eventTime=4041116, downTime=4041116, deviceId=0, source=0x1002 }
08-08 18:19:06.509 11354 11354 I Input   : injectMotionEvent: MotionEvent { action=ACTION_MOVE, actionButton=0, id[0]=0, x[0]=911.0, y[0]=136.0, toolType[0]=TOOL_TYPE_UNKNOWN, buttonState=0, metaState=0, flags=0x0, edgeFlags=0x0, pointerCount=1, historySize=0, eventTime=4041133, downTime=4041133, deviceId=0, source=0x1002 }
08-08 18:19:06.527 11354 11354 I Input   : injectMotionEvent: MotionEvent { action=ACTION_MOVE, actionButton=0, id[0]=0, x[0]=911.0, y[0]=136.0, toolType[0]=TOOL_TYPE_UNKNOWN, buttonState=0, metaState=0, flags=0x0, edgeFlags=0x0, pointerCount=1, historySize=0, eventTime=4041150, downTime=4041150, deviceId=0, source=0x1002 }
08-08 18:19:06.543 11354 11354 I Input   : injectMotionEvent: MotionEvent { action=ACTION_MOVE, actionButton=0, id[0]=0, x[0]=911.0, y[0]=136.0, toolType[0]=TOOL_TYPE_UNKNOWN, buttonState=0, metaState=0, flags=0x0, edgeFlags=0x0, pointerCount=1, historySize=0, eventTime=4041167, downTime=4041167, deviceId=0, source=0x1002 }
08-08 18:19:06.560 11354 11354 I Input   : injectMotionEvent: MotionEvent { action=ACTION_MOVE, actionButton=0, id[0]=0, x[0]=911.0, y[0]=136.0, toolType[0]=TOOL_TYPE_UNKNOWN, buttonState=0, metaState=0, flags=0x0, edgeFlags=0x0, pointerCount=1, historySize=0, eventTime=4041183, downTime=4041183, deviceId=0, source=0x1002 }
08-08 18:19:06.576 11354 11354 I Input   : injectMotionEvent: MotionEvent { action=ACTION_MOVE, actionButton=0, id[0]=0, x[0]=911.0, y[0]=136.0, toolType[0]=TOOL_TYPE_UNKNOWN, buttonState=0, metaState=0, flags=0x0, edgeFlags=0x0, pointerCount=1, historySize=0, eventTime=4041200, downTime=4041200, deviceId=0, source=0x1002 }
08-08 18:19:06.593 11354 11354 I Input   : injectMotionEvent: MotionEvent { action=ACTION_MOVE, actionButton=0, id[0]=0, x[0]=911.0, y[0]=136.0, toolType[0]=TOOL_TYPE_UNKNOWN, buttonState=0, metaState=0, flags=0x0, edgeFlags=0x0, pointerCount=1, historySize=0, eventTime=4041217, downTime=4041217, deviceId=0, source=0x1002 }
08-08 18:19:06.610 11354 11354 I Input   : injectMotionEvent: MotionEvent { action=ACTION_MOVE, actionButton=0, id[0]=0, x[0]=911.0, y[0]=136.0, toolType[0]=TOOL_TYPE_UNKNOWN, buttonState=0, metaState=0, flags=0x0, edgeFlags=0x0, pointerCount=1, historySize=0, eventTime=4041233, downTime=4041233, deviceId=0, source=0x1002 }
08-08 18:19:06.627 11354 11354 I Input   : injectMotionEvent: MotionEvent { action=ACTION_MOVE, actionButton=0, id[0]=0, x[0]=911.0, y[0]=136.0, toolType[0]=TOOL_TYPE_UNKNOWN, buttonState=0, metaState=0, flags=0x0, edgeFlags=0x0, pointerCount=1, historySize=0, eventTime=4041251, downTime=4041251, deviceId=0, source=0x1002 }
08-08 18:19:06.644 11354 11354 I Input   : injectMotionEvent: MotionEvent { action=ACTION_MOVE, actionButton=0, id[0]=0, x[0]=911.0, y[0]=136.0, toolType[0]=TOOL_TYPE_UNKNOWN, buttonState=0, metaState=0, flags=0x0, edgeFlags=0x0, pointerCount=1, historySize=0, eventTime=4041267, downTime=4041267, deviceId=0, source=0x1002 }
08-08 18:19:06.659 11354 11354 I Input   : injectMotionEvent: MotionEvent { action=ACTION_MOVE, actionButton=0, id[0]=0, x[0]=911.0, y[0]=136.0, toolType[0]=TOOL_TYPE_UNKNOWN, buttonState=0, metaState=0, flags=0x0, edgeFlags=0x0, pointerCount=1, historySize=0, eventTime=4041283, downTime=4041283, deviceId=0, source=0x1002 }
08-08 18:19:06.679 11354 11354 I Input   : injectMotionEvent: MotionEvent { action=ACTION_MOVE, actionButton=0, id[0]=0, x[0]=911.0, y[0]=136.0, toolType[0]=TOOL_TYPE_UNKNOWN, buttonState=0, metaState=0, flags=0x0, edgeFlags=0x0, pointerCount=1, historySize=0, eventTime=4041302, downTime=4041302, deviceId=0, source=0x1002 }
08-08 18:19:06.693 11354 11354 I Input   : injectMotionEvent: MotionEvent { action=ACTION_MOVE, actionButton=0, id[0]=0, x[0]=911.0, y[0]=136.0, toolType[0]=TOOL_TYPE_UNKNOWN, buttonState=0, metaState=0, flags=0x0, edgeFlags=0x0, pointerCount=1, historySize=0, eventTime=4041316, downTime=4041316, deviceId=0, source=0x1002 }
08-08 18:19:06.710 11354 11354 I Input   : injectMotionEvent: MotionEvent { action=ACTION_MOVE, actionButton=0, id[0]=0, x[0]=911.0, y[0]=136.0, toolType[0]=TOOL_TYPE_UNKNOWN, buttonState=0, metaState=0, flags=0x0, edgeFlags=0x0, pointerCount=1, historySize=0, eventTime=4041334, downTime=4041334, deviceId=0, source=0x1002 }
08-08 18:19:06.729 11354 11354 I Input   : injectMotionEvent: MotionEvent { action=ACTION_MOVE, actionButton=0, id[0]=0, x[0]=911.0, y[0]=136.0, toolType[0]=TOOL_TYPE_UNKNOWN, buttonState=0, metaState=0, flags=0x0, edgeFlags=0x0, pointerCount=1, historySize=0, eventTime=4041353, downTime=4041353, deviceId=0, source=0x1002 }
08-08 18:19:06.744 11354 11354 I Input   : injectMotionEvent: MotionEvent { action=ACTION_MOVE, actionButton=0, id[0]=0, x[0]=911.0, y[0]=136.0, toolType[0]=TOOL_TYPE_UNKNOWN, buttonState=0, metaState=0, flags=0x0, edgeFlags=0x0, pointerCount=1, historySize=0, eventTime=4041368, downTime=4041368, deviceId=0, source=0x1002 }
08-08 18:19:06.760 11354 11354 I Input   : injectMotionEvent: MotionEvent { action=ACTION_MOVE, actionButton=0, id[0]=0, x[0]=911.0, y[0]=136.0, toolType[0]=TOOL_TYPE_UNKNOWN, buttonState=0, metaState=0, flags=0x0, edgeFlags=0x0, pointerCount=1, historySize=0, eventTime=4041383, downTime=4041383, deviceId=0, source=0x1002 }
08-08 18:19:06.779 11354 11354 I Input   : injectMotionEvent: MotionEvent { action=ACTION_MOVE, actionButton=0, id[0]=0, x[0]=911.0, y[0]=136.0, toolType[0]=TOOL_TYPE_UNKNOWN, buttonState=0, metaState=0, flags=0x0, edgeFlags=0x0, pointerCount=1, historySize=0, eventTime=4041402, downTime=4041402, deviceId=0, source=0x1002 }
08-08 18:19:06.793 11354 11354 I Input   : injectMotionEvent: MotionEvent { action=ACTION_MOVE, actionButton=0, id[0]=0, x[0]=911.0, y[0]=136.0, toolType[0]=TOOL_TYPE_UNKNOWN, buttonState=0, metaState=0, flags=0x0, edgeFlags=0x0, pointerCount=1, historySize=0, eventTime=4041416, downTime=4041416, deviceId=0, source=0x1002 }
08-08 18:19:06.809 11354 11354 I Input   : injectMotionEvent: MotionEvent { action=ACTION_MOVE, actionButton=0, id[0]=0, x[0]=911.0, y[0]=136.0, toolType[0]=TOOL_TYPE_UNKNOWN, buttonState=0, metaState=0, flags=0x0, edgeFlags=0x0, pointerCount=1, historySize=0, eventTime=4041433, downTime=4041433, deviceId=0, source=0x1002 }
08-08 18:19:06.827 11354 11354 I Input   : injectMotionEvent: MotionEvent { action=ACTION_MOVE, actionButton=0, id[0]=0, x[0]=911.0, y[0]=136.0, toolType[0]=TOOL_TYPE_UNKNOWN, buttonState=0, metaState=0, flags=0x0, edgeFlags=0x0, pointerCount=1, historySize=0, eventTime=4041451, downTime=4041451, deviceId=0, source=0x1002 }
08-08 18:19:06.843 11354 11354 I Input   : injectMotionEvent: MotionEvent { action=ACTION_MOVE, actionButton=0, id[0]=0, x[0]=911.0, y[0]=136.0, toolType[0]=TOOL_TYPE_UNKNOWN, buttonState=0, metaState=0, flags=0x0, edgeFlags=0x0, pointerCount=1, historySize=0, eventTime=4041466, downTime=4041466, deviceId=0, source=0x1002 }
08-08 18:19:06.859 11354 11354 I Input   : injectMotionEvent: MotionEvent { action=ACTION_MOVE, actionButton=0, id[0]=0, x[0]=911.0, y[0]=136.0, toolType[0]=TOOL_TYPE_UNKNOWN, buttonState=0, metaState=0, flags=0x0, edgeFlags=0x0, pointerCount=1, historySize=0, eventTime=4041483, downTime=4041483, deviceId=0, source=0x1002 }
08-08 18:19:06.878 11354 11354 I Input   : injectMotionEvent: MotionEvent { action=ACTION_MOVE, actionButton=0, id[0]=0, x[0]=911.0, y[0]=136.0, toolType[0]=TOOL_TYPE_UNKNOWN, buttonState=0, metaState=0, flags=0x0, edgeFlags=0x0, pointerCount=1, historySize=0, eventTime=4041501, downTime=4041501, deviceId=0, source=0x1002 }
08-08 18:19:06.893 11354 11354 I Input   : injectMotionEvent: MotionEvent { action=ACTION_MOVE, actionButton=0, id[0]=0, x[0]=911.0, y[0]=136.0, toolType[0]=TOOL_TYPE_UNKNOWN, buttonState=0, metaState=0, flags=0x0, edgeFlags=0x0, pointerCount=1, historySize=0, eventTime=4041516, downTime=4041516, deviceId=0, source=0x1002 }
08-08 18:19:06.909 11354 11354 I Input   : injectMotionEvent: MotionEvent { action=ACTION_MOVE, actionButton=0, id[0]=0, x[0]=911.0, y[0]=136.0, toolType[0]=TOOL_TYPE_UNKNOWN, buttonState=0, metaState=0, flags=0x0, edgeFlags=0x0, pointerCount=1, historySize=0, eventTime=4041533, downTime=4041533, deviceId=0, source=0x1002 }
08-08 18:19:06.926 11354 11354 I Input   : injectMotionEvent: MotionEvent { action=ACTION_MOVE, actionButton=0, id[0]=0, x[0]=911.0, y[0]=136.0, toolType[0]=TOOL_TYPE_UNKNOWN, buttonState=0, metaState=0, flags=0x0, edgeFlags=0x0, pointerCount=1, historySize=0, eventTime=4041550, downTime=4041550, deviceId=0, source=0x1002 }
08-08 18:19:06.945 11354 11354 I Input   : injectMotionEvent: MotionEvent { action=ACTION_MOVE, actionButton=0, id[0]=0, x[0]=911.0, y[0]=136.0, toolType[0]=TOOL_TYPE_UNKNOWN, buttonState=0, metaState=0, flags=0x0, edgeFlags=0x0, pointerCount=1, historySize=0, eventTime=4041568, downTime=4041568, deviceId=0, source=0x1002 }
08-08 18:19:06.959 11354 11354 I Input   : injectMotionEvent: MotionEvent { action=ACTION_MOVE, actionButton=0, id[0]=0, x[0]=911.0, y[0]=136.0, toolType[0]=TOOL_TYPE_UNKNOWN, buttonState=0, metaState=0, flags=0x0, edgeFlags=0x0, pointerCount=1, historySize=0, eventTime=4041583, downTime=4041583, deviceId=0, source=0x1002 }
08-08 18:19:06.982 11354 11354 I Input   : injectMotionEvent: MotionEvent { action=ACTION_MOVE, actionButton=0, id[0]=0, x[0]=911.0, y[0]=136.0, toolType[0]=TOOL_TYPE_UNKNOWN, buttonState=0, metaState=0, flags=0x0, edgeFlags=0x0, pointerCount=1, historySize=0, eventTime=4041605, downTime=4041605, deviceId=0, source=0x1002 }
08-08 18:19:06.983  8303  8336 D EGL_emulation: eglMakeCurrent: 0xa8485360: ver 2 0 (tinfo 0xa8483ea0)
08-08 18:19:06.988  8303  8336 D EGL_emulation: eglMakeCurrent: 0xa8485360: ver 2 0 (tinfo 0xa8483ea0)
08-08 18:19:06.993 11354 11354 I Input   : injectMotionEvent: MotionEvent { action=ACTION_MOVE, actionButton=0, id[0]=0, x[0]=911.0, y[0]=136.0, toolType[0]=TOOL_TYPE_UNKNOWN, buttonState=0, metaState=0, flags=0x0, edgeFlags=0x0, pointerCount=1, historySize=0, eventTime=4041616, downTime=4041616, deviceId=0, source=0x1002 }
08-08 18:19:07.010 11354 11354 I Input   : injectMotionEvent: MotionEvent { action=ACTION_MOVE, actionButton=0, id[0]=0, x[0]=911.0, y[0]=136.0, toolType[0]=TOOL_TYPE_UNKNOWN, buttonState=0, metaState=0, flags=0x0, edgeFlags=0x0, pointerCount=1, historySize=0, eventTime=4041633, downTime=4041633, deviceId=0, source=0x1002 }
08-08 18:19:07.028 11354 11354 I Input   : injectMotionEvent: MotionEvent { action=ACTION_MOVE, actionButton=0, id[0]=0, x[0]=911.0, y[0]=136.0, toolType[0]=TOOL_TYPE_UNKNOWN, buttonState=0, metaState=0, flags=0x0, edgeFlags=0x0, pointerCount=1, historySize=0, eventTime=4041651, downTime=4041651, deviceId=0, source=0x1002 }
08-08 18:19:07.044 11354 11354 I Input   : injectMotionEvent: MotionEvent { action=ACTION_MOVE, actionButton=0, id[0]=0, x[0]=911.0, y[0]=136.0, toolType[0]=TOOL_TYPE_UNKNOWN, buttonState=0, metaState=0, flags=0x0, edgeFlags=0x0, pointerCount=1, historySize=0, eventTime=4041667, downTime=4041667, deviceId=0, source=0x1002 }
08-08 18:19:07.059 11354 11354 I Input   : injectMotionEvent: MotionEvent { action=ACTION_MOVE, actionButton=0, id[0]=0, x[0]=911.0, y[0]=136.0, toolType[0]=TOOL_TYPE_UNKNOWN, buttonState=0, metaState=0, flags=0x0, edgeFlags=0x0, pointerCount=1, historySize=0, eventTime=4041682, downTime=4041682, deviceId=0, source=0x1002 }
08-08 18:19:07.077 11354 11354 I Input   : injectMotionEvent: MotionEvent { action=ACTION_MOVE, actionButton=0, id[0]=0, x[0]=911.0, y[0]=136.0, toolType[0]=TOOL_TYPE_UNKNOWN, buttonState=0, metaState=0, flags=0x0, edgeFlags=0x0, pointerCount=1, historySize=0, eventTime=4041700, downTime=4041700, deviceId=0, source=0x1002 }
08-08 18:19:07.093 11354 11354 I Input   : injectMotionEvent: MotionEvent { action=ACTION_MOVE, actionButton=0, id[0]=0, x[0]=911.0, y[0]=136.0, toolType[0]=TOOL_TYPE_UNKNOWN, buttonState=0, metaState=0, flags=0x0, edgeFlags=0x0, pointerCount=1, historySize=0, eventTime=4041717, downTime=4041717, deviceId=0, source=0x1002 }
08-08 18:19:07.109 11354 11354 I Input   : injectMotionEvent: MotionEvent { action=ACTION_MOVE, actionButton=0, id[0]=0, x[0]=911.0, y[0]=136.0, toolType[0]=TOOL_TYPE_UNKNOWN, buttonState=0, metaState=0, flags=0x0, edgeFlags=0x0, pointerCount=1, historySize=0, eventTime=4041733, downTime=4041733, deviceId=0, source=0x1002 }
08-08 18:19:07.127 11354 11354 I Input   : injectMotionEvent: MotionEvent { action=ACTION_MOVE, actionButton=0, id[0]=0, x[0]=911.0, y[0]=136.0, toolType[0]=TOOL_TYPE_UNKNOWN, buttonState=0, metaState=0, flags=0x0, edgeFlags=0x0, pointerCount=1, historySize=0, eventTime=4041750, downTime=4041750, deviceId=0, source=0x1002 }
08-08 18:19:07.143 11354 11354 I Input   : injectMotionEvent: MotionEvent { action=ACTION_MOVE, actionButton=0, id[0]=0, x[0]=911.0, y[0]=136.0, toolType[0]=TOOL_TYPE_UNKNOWN, buttonState=0, metaState=0, flags=0x0, edgeFlags=0x0, pointerCount=1, historySize=0, eventTime=4041766, downTime=4041766, deviceId=0, source=0x1002 }
08-08 18:19:07.160 11354 11354 I Input   : injectMotionEvent: MotionEvent { action=ACTION_MOVE, actionButton=0, id[0]=0, x[0]=911.0, y[0]=136.0, toolType[0]=TOOL_TYPE_UNKNOWN, buttonState=0, metaState=0, flags=0x0, edgeFlags=0x0, pointerCount=1, historySize=0, eventTime=4041784, downTime=4041784, deviceId=0, source=0x1002 }
08-08 18:19:07.177 11354 11354 I Input   : injectMotionEvent: MotionEvent { action=ACTION_MOVE, actionButton=0, id[0]=0, x[0]=911.0, y[0]=136.0, toolType[0]=TOOL_TYPE_UNKNOWN, buttonState=0, metaState=0, flags=0x0, edgeFlags=0x0, pointerCount=1, historySize=0, eventTime=4041800, downTime=4041800, deviceId=0, source=0x1002 }
08-08 18:19:07.193 11354 11354 I Input   : injectMotionEvent: MotionEvent { action=ACTION_MOVE, actionButton=0, id[0]=0, x[0]=911.0, y[0]=136.0, toolType[0]=TOOL_TYPE_UNKNOWN, buttonState=0, metaState=0, flags=0x0, edgeFlags=0x0, pointerCount=1, historySize=0, eventTime=4041816, downTime=4041816, deviceId=0, source=0x1002 }
08-08 18:19:07.209 11354 11354 I Input   : injectMotionEvent: MotionEvent { action=ACTION_MOVE, actionButton=0, id[0]=0, x[0]=911.0, y[0]=136.0, toolType[0]=TOOL_TYPE_UNKNOWN, buttonState=0, metaState=0, flags=0x0, edgeFlags=0x0, pointerCount=1, historySize=0, eventTime=4041832, downTime=4041832, deviceId=0, source=0x1002 }
08-08 18:19:07.227 11354 11354 I Input   : injectMotionEvent: MotionEvent { action=ACTION_MOVE, actionButton=0, id[0]=0, x[0]=911.0, y[0]=136.0, toolType[0]=TOOL_TYPE_UNKNOWN, buttonState=0, metaState=0, flags=0x0, edgeFlags=0x0, pointerCount=1, historySize=0, eventTime=4041850, downTime=4041850, deviceId=0, source=0x1002 }
08-08 18:19:07.243 11354 11354 I Input   : injectMotionEvent: MotionEvent { action=ACTION_MOVE, actionButton=0, id[0]=0, x[0]=911.0, y[0]=136.0, toolType[0]=TOOL_TYPE_UNKNOWN, buttonState=0, metaState=0, flags=0x0, edgeFlags=0x0, pointerCount=1, historySize=0, eventTime=4041866, downTime=4041866, deviceId=0, source=0x1002 }
08-08 18:19:07.260 11354 11354 I Input   : injectMotionEvent: MotionEvent { action=ACTION_MOVE, actionButton=0, id[0]=0, x[0]=911.0, y[0]=136.0, toolType[0]=TOOL_TYPE_UNKNOWN, buttonState=0, metaState=0, flags=0x0, edgeFlags=0x0, pointerCount=1, historySize=0, eventTime=4041883, downTime=4041883, deviceId=0, source=0x1002 }
08-08 18:19:07.277 11354 11354 I Input   : injectMotionEvent: MotionEvent { action=ACTION_MOVE, actionButton=0, id[0]=0, x[0]=911.0, y[0]=136.0, toolType[0]=TOOL_TYPE_UNKNOWN, buttonState=0, metaState=0, flags=0x0, edgeFlags=0x0, pointerCount=1, historySize=0, eventTime=4041900, downTime=4041900, deviceId=0, source=0x1002 }
08-08 18:19:07.293 11354 11354 I Input   : injectMotionEvent: MotionEvent { action=ACTION_MOVE, actionButton=0, id[0]=0, x[0]=911.0, y[0]=136.0, toolType[0]=TOOL_TYPE_UNKNOWN, buttonState=0, metaState=0, flags=0x0, edgeFlags=0x0, pointerCount=1, historySize=0, eventTime=4041917, downTime=4041917, deviceId=0, source=0x1002 }
08-08 18:19:07.309 11354 11354 I Input   : injectMotionEvent: MotionEvent { action=ACTION_MOVE, actionButton=0, id[0]=0, x[0]=911.0, y[0]=136.0, toolType[0]=TOOL_TYPE_UNKNOWN, buttonState=0, metaState=0, flags=0x0, edgeFlags=0x0, pointerCount=1, historySize=0, eventTime=4041932, downTime=4041932, deviceId=0, source=0x1002 }
08-08 18:19:07.328 11354 11354 I Input   : injectMotionEvent: MotionEvent { action=ACTION_MOVE, actionButton=0, id[0]=0, x[0]=911.0, y[0]=136.0, toolType[0]=TOOL_TYPE_UNKNOWN, buttonState=0, metaState=0, flags=0x0, edgeFlags=0x0, pointerCount=1, historySize=0, eventTime=4041951, downTime=4041951, deviceId=0, source=0x1002 }
08-08 18:19:07.344 11354 11354 I Input   : injectMotionEvent: MotionEvent { action=ACTION_MOVE, actionButton=0, id[0]=0, x[0]=911.0, y[0]=136.0, toolType[0]=TOOL_TYPE_UNKNOWN, buttonState=0, metaState=0, flags=0x0, edgeFlags=0x0, pointerCount=1, historySize=0, eventTime=4041967, downTime=4041967, deviceId=0, source=0x1002 }
08-08 18:19:07.359 11354 11354 I Input   : injectMotionEvent: MotionEvent { action=ACTION_MOVE, actionButton=0, id[0]=0, x[0]=911.0, y[0]=136.0, toolType[0]=TOOL_TYPE_UNKNOWN, buttonState=0, metaState=0, flags=0x0, edgeFlags=0x0, pointerCount=1, historySize=0, eventTime=4041982, downTime=4041982, deviceId=0, source=0x1002 }
08-08 18:19:07.378 11354 11354 I Input   : injectMotionEvent: MotionEvent { action=ACTION_MOVE, actionButton=0, id[0]=0, x[0]=911.0, y[0]=136.0, toolType[0]=TOOL_TYPE_UNKNOWN, buttonState=0, metaState=0, flags=0x0, edgeFlags=0x0, pointerCount=1, historySize=0, eventTime=4042002, downTime=4042002, deviceId=0, source=0x1002 }
08-08 18:19:07.392 11354 11354 I Input   : injectMotionEvent: MotionEvent { action=ACTION_MOVE, actionButton=0, id[0]=0, x[0]=911.0, y[0]=136.0, toolType[0]=TOOL_TYPE_UNKNOWN, buttonState=0, metaState=0, flags=0x0, edgeFlags=0x0, pointerCount=1, historySize=0, eventTime=4042016, downTime=4042016, deviceId=0, source=0x1002 }
08-08 18:19:07.409 11354 11354 I Input   : injectMotionEvent: MotionEvent { action=ACTION_MOVE, actionButton=0, id[0]=0, x[0]=911.0, y[0]=136.0, toolType[0]=TOOL_TYPE_UNKNOWN, buttonState=0, metaState=0, flags=0x0, edgeFlags=0x0, pointerCount=1, historySize=0, eventTime=4042033, downTime=4042033, deviceId=0, source=0x1002 }
08-08 18:19:07.429 11354 11354 I Input   : injectMotionEvent: MotionEvent { action=ACTION_MOVE, actionButton=0, id[0]=0, x[0]=911.0, y[0]=136.0, toolType[0]=TOOL_TYPE_UNKNOWN, buttonState=0, metaState=0, flags=0x0, edgeFlags=0x0, pointerCount=1, historySize=0, eventTime=4042052, downTime=4042052, deviceId=0, source=0x1002 }
08-08 18:19:07.444 11354 11354 I Input   : injectMotionEvent: MotionEvent { action=ACTION_MOVE, actionButton=0, id[0]=0, x[0]=911.0, y[0]=136.0, toolType[0]=TOOL_TYPE_UNKNOWN, buttonState=0, metaState=0, flags=0x0, edgeFlags=0x0, pointerCount=1, historySize=0, eventTime=4042067, downTime=4042067, deviceId=0, source=0x1002 }
08-08 18:19:07.459 11354 11354 I Input   : injectMotionEvent: MotionEvent { action=ACTION_MOVE, actionButton=0, id[0]=0, x[0]=911.0, y[0]=136.0, toolType[0]=TOOL_TYPE_UNKNOWN, buttonState=0, metaState=0, flags=0x0, edgeFlags=0x0, pointerCount=1, historySize=0, eventTime=4042082, downTime=4042082, deviceId=0, source=0x1002 }
08-08 18:19:07.478 11354 11354 I Input   : injectMotionEvent: MotionEvent { action=ACTION_MOVE, actionButton=0, id[0]=0, x[0]=911.0, y[0]=136.0, toolType[0]=TOOL_TYPE_UNKNOWN, buttonState=0, metaState=0, flags=0x0, edgeFlags=0x0, pointerCount=1, historySize=0, eventTime=4042101, downTime=4042101, deviceId=0, source=0x1002 }
08-08 18:19:07.494 11354 11354 I Input   : injectMotionEvent: MotionEvent { action=ACTION_MOVE, actionButton=0, id[0]=0, x[0]=911.0, y[0]=136.0, toolType[0]=TOOL_TYPE_UNKNOWN, buttonState=0, metaState=0, flags=0x0, edgeFlags=0x0, pointerCount=1, historySize=0, eventTime=4042117, downTime=4042117, deviceId=0, source=0x1002 }
