--------- beginning of main
08-08 18:16:08.340  1809  1809 D CarrierSvcBindHelper: No carrier app for: 0
--------- beginning of system
08-08 18:16:08.342 32147 32147 W ContextImpl: Calling a method in the system process without a qualified user: android.app.ContextImpl.startService:1385 android.content.ContextWrapper.startService:613 android.content.ContextWrapper.startService:613 com.android.keychain.KeyChainBroadcastReceiver.onReceive:12 android.app.ActivityThread.handleReceiver:3011 
08-08 18:16:08.350  1998  8217 D VoicemailCleanupService: Cleaning up data for package: com.markuspage.android.atimetracker
08-08 18:16:08.354  2497  2497 W Finsky  : [1] com.google.android.finsky.FinskyApp.i(1468): No account configured on this device.
08-08 18:16:08.361  1703  1762 I LatinIME:LogUtils: Dictionary info: dictionary = main:en ; version = 54 ; date = 1414726273
08-08 18:16:08.363  2019  2019 I WearableService: Wearable Services not starting - Wear is not available on this device.
08-08 18:16:08.366  2019  2033 D WearableService: onGetService - Wear is not available on this device.
08-08 18:16:08.367  2497  2497 E Finsky  : [1] com.google.android.finsky.wear.bk.a(752): onConnectionFailed: ConnectionResult{statusCode=API_UNAVAILABLE, resolution=null, message=null}
08-08 18:16:08.367  2497  2497 I Finsky  : [1] com.google.android.finsky.wear.WearSupportService.a(6355): Dropping command=auto_uninstall due to Gms not connected
08-08 18:16:08.397  3516  8237 I UpdateIcingCorporaServi: Updating corpora: APPS=com.markuspage.android.atimetracker, CONTACTS=MAYBE
08-08 18:16:08.404  2170  4912 I ContentMaintenance: Pruning caches...
08-08 18:16:08.404  2170  4912 I ContentMaintenance: Internal cache bytes used: 0; limit: 100000000; download size: 0
08-08 18:16:08.409  2170  8231 D Wear_Controller: Received broadcast action=android.intent.action.PACKAGE_REMOVED and uri=com.markuspage.android.atimetracker
08-08 18:16:08.410  2170  8243 I LocationSettingsChecker: Removing dialog suppression flag for package com.markuspage.android.atimetracker
08-08 18:16:08.441  2170  2416 I Icing   : doRemovePackageData com.markuspage.android.atimetracker
08-08 18:16:08.441  2170  2681 I Icing   : IndexChimeraService.getServiceInterface callingPackage=com.google.android.googlequicksearchbox componentName=null serviceId=36
08-08 18:16:08.450  2170  2449 I Icing   : IndexChimeraService.getServiceInterface callingPackage=com.google.android.gms componentName=AppsCorpus serviceId=36
08-08 18:16:08.451  2170  2774 I Icing   : IndexChimeraService.getServiceInterface callingPackage=com.google.android.gms componentName=AppsCorpus serviceId=32
08-08 18:16:08.455  2170  4912 I ContentMaintenance: Cache pruning complete.
08-08 18:16:08.459  2170  4912 I ContentMaintenance: Beginning garbage collection.
08-08 18:16:08.461  2170  4912 I RealtimeCacheCleanup: Beginning Realtime garbage collection.
08-08 18:16:08.461  2170 13897 I Icing   : Usage reports ok 0, Failed Usage reports 0, indexed 0, rejected 0, imm upload true
08-08 18:16:08.462  2170  4912 I RealtimeCacheCleanup: Finished Realtime garbage collection.
08-08 18:16:08.462  2170  4912 I ContentMaintenance: Finished garbage collection.
08-08 18:16:08.463  2170 13897 I Icing   : Usage reports ok 0, Failed Usage reports 0, indexed 0, rejected 0, imm upload false
08-08 18:16:08.466  2170 13897 I Icing   : Usage reports ok 0, Failed Usage reports 0, indexed 0, rejected 0, imm upload false
08-08 18:16:08.466  3516  8237 I UpdateIcingCorporaServi: UpdateCorporaTask done [took 70 ms] updated apps [took 70 ms] 
08-08 18:16:08.468  2170 13897 I Icing   : Indexing 1BFABF4F466713C7072D080EE8B2C142DEE04271 from com.google.android.googlequicksearchbox
08-08 18:16:08.480  2170 13897 I Icing   : Indexing 6A591F6882A0ACAA64A5550D58756309351020E2 from com.google.android.gms
08-08 18:16:08.485  2170 13897 I Icing   : Indexing done 1BFABF4F466713C7072D080EE8B2C142DEE04271
08-08 18:16:08.486  2170 13897 I Icing   : Indexing done 6A591F6882A0ACAA64A5550D58756309351020E2
08-08 18:16:08.574  8253  8253 D AndroidRuntime: >>>>>> START com.android.internal.os.RuntimeInit uid 2000 <<<<<<
08-08 18:16:08.575  8253  8253 D AndroidRuntime: CheckJNI is ON
08-08 18:16:08.588  8253  8253 W art     : Unexpected CPU variant for X86 using defaults: x86
08-08 18:16:08.591  8253  8253 D ICU     : No timezone override file found: /data/misc/zoneinfo/current/icu/icu_tzdata.dat
08-08 18:16:08.602  8253  8253 E memtrack: Couldn't load memtrack module (No such file or directory)
08-08 18:16:08.602  8253  8253 E android.os.Debug: failed to load memtrack module: -2
08-08 18:16:08.603  8253  8253 I Radio-JNI: register_android_hardware_Radio DONE
08-08 18:16:08.607  8253  8253 D AndroidRuntime: Calling main entry com.android.commands.pm.Pm
08-08 18:16:08.611  1628  1653 I PackageManager: Package doesn't exist in get block uninstall de.danoeh.antennapod.debug
08-08 18:16:08.611  1628  1653 W PackageManager: Not removing non-existent package de.danoeh.antennapod.debug
08-08 18:16:08.614  8253  8253 I art     : System.exit called, status: 0
08-08 18:16:08.614  8253  8262 W MessageQueue: Handler (android.os.Handler) {6a0742a} sending message to a Handler on a dead thread
08-08 18:16:08.614  8253  8262 W MessageQueue: java.lang.IllegalStateException: Handler (android.os.Handler) {6a0742a} sending message to a Handler on a dead thread
08-08 18:16:08.614  8253  8262 W MessageQueue: 	at android.os.MessageQueue.enqueueMessage(MessageQueue.java:543)
08-08 18:16:08.614  8253  8262 W MessageQueue: 	at android.os.Handler.enqueueMessage(Handler.java:643)
08-08 18:16:08.614  8253  8262 W MessageQueue: 	at android.os.Handler.sendMessageAtTime(Handler.java:612)
08-08 18:16:08.614  8253  8262 W MessageQueue: 	at android.os.Handler.sendMessageDelayed(Handler.java:582)
08-08 18:16:08.614  8253  8262 W MessageQueue: 	at android.os.Handler.post(Handler.java:338)
08-08 18:16:08.614  8253  8262 W MessageQueue: 	at android.os.ResultReceiver$MyResultReceiver.send(ResultReceiver.java:57)
08-08 18:16:08.614  8253  8262 W MessageQueue: 	at com.android.internal.os.IResultReceiver$Stub.onTransact(IResultReceiver.java:58)
08-08 18:16:08.614  8253  8262 W MessageQueue: 	at android.os.Binder.execTransact(Binder.java:565)
08-08 18:16:08.614  8253  8253 I AndroidRuntime: VM exiting with result code 0.
08-08 18:16:08.635  1392  1392 I         : free_cache(6323674) avail 6093430784
08-08 18:16:08.799  1628  1653 I PackageManager.DexOptimizer: Running dexopt (dex2oat) on: /data/app/vmdl1033938001.tmp/base.apk pkg=de.danoeh.antennapod.debug isa=x86 vmSafeMode=false debuggable=true target-filter=interpret-only oatDir = /data/app/vmdl1033938001.tmp/oat sharedLibraries=null
08-08 18:16:08.806  8277  8277 W dex2oat : Unexpected CPU variant for X86 using defaults: x86
08-08 18:16:08.806  8277  8277 W dex2oat : Mismatch between dex2oat instruction set features (ISA: X86 Feature string: smp,-ssse3,-sse4.1,-sse4.2,-avx,-avx2,-lock_add,-popcnt) and those of dex2oat executable (ISA: X86 Feature string: smp,ssse3,-sse4.1,-sse4.2,-avx,-avx2,-lock_add,-popcnt) for the command line:
08-08 18:16:08.806  8277  8277 W dex2oat : /system/bin/dex2oat --zip-fd=6 --zip-location=base.apk --oat-fd=7 --oat-location=/data/app/vmdl1033938001.tmp/oat/x86/base.odex --instruction-set=x86 --instruction-set-variant=x86 --instruction-set-features=default --runtime-arg -Xms64m --runtime-arg -Xmx512m --compiler-filter=interpret-only --swap-fd=9 --debuggable
08-08 18:16:08.807  8277  8277 I dex2oat : /system/bin/dex2oat --compiler-filter=interpret-only --debuggable
08-08 18:16:08.981  8277  8280 W dex2oat : Before Android 4.1, method android.graphics.PorterDuffColorFilter android.support.graphics.drawable.VectorDrawableCompat.updateTintFilter(android.graphics.PorterDuffColorFilter, android.content.res.ColorStateList, android.graphics.PorterDuff$Mode) would have incorrectly overridden the package-private method in android.graphics.drawable.Drawable
08-08 18:16:09.013  8277  8280 W dex2oat : Before Android 4.1, method int android.support.v7.widget.ListViewCompat.lookForSelectablePosition(int, boolean) would have incorrectly overridden the package-private method in android.widget.ListView
08-08 18:16:09.605  8277  8277 I dex2oat : dex2oat took 799.290ms (threads: 4) arena alloc=245KB (251464B) java alloc=7MB (7615168B) native alloc=11MB (12316264B) free=3MB (3674520B)
08-08 18:16:09.647  1628  1653 V BackupManagerService: restoreAtInstall pkg=de.danoeh.antennapod.debug token=6 restoreSet=0
08-08 18:16:09.647  1628  1653 V BackupManagerService: Finishing install immediately
08-08 18:16:09.648  1628  1653 I art     : Starting a blocking GC Explicit
08-08 18:16:09.662  1628  1653 I art     : Explicit concurrent mark sweep GC freed 17765(1053KB) AllocSpace objects, 6(120KB) LOS objects, 24% free, 12MB/16MB, paused 195us total 13.602ms
08-08 18:16:09.662  1392  1392 E         : Couldn't opendir /data/app/vmdl1033938001.tmp: No such file or directory
08-08 18:16:09.668  1628  1662 I InputReader: Reconfiguring input devices.  changes=0x00000010
08-08 18:16:09.677  1809  1809 D CarrierSvcBindHelper: No carrier app for: 0
08-08 18:16:09.677  1809  1809 D CarrierConfigLoader: mHandler: 9 phoneId: 0
08-08 18:16:09.686  2497  2497 I Finsky  : [1] com.google.android.finsky.utils.PermissionPolicies$PermissionPolicyService.onStartCommand(117): post-install permissions check for de.danoeh.antennapod.debug
08-08 18:16:09.687  2497  2497 W Finsky  : [1] com.google.android.finsky.FinskyApp.i(1468): No account configured on this device.
08-08 18:16:09.689  2497  2497 I Finsky  : [1] com.google.android.finsky.utils.bh.run(2302): Package state data is missing for de.danoeh.antennapod.debug
08-08 18:16:09.690  2497  2497 W Finsky  : [1] com.google.android.finsky.FinskyApp.i(1468): No account configured on this device.
08-08 18:16:09.702  3516  8287 I UpdateIcingCorporaServi: Updating corpora: APPS=de.danoeh.antennapod.debug, CONTACTS=MAYBE
08-08 18:16:09.705  2170  8231 D Wear_Controller: Received broadcast action=android.intent.action.PACKAGE_ADDED and uri=de.danoeh.antennapod.debug
08-08 18:16:09.727  2170  2774 I Icing   : IndexChimeraService.getServiceInterface callingPackage=com.google.android.gms componentName=AppsCorpus serviceId=36
08-08 18:16:09.727  2170  2680 I Icing   : IndexChimeraService.getServiceInterface callingPackage=com.google.android.gms componentName=AppsCorpus serviceId=32
08-08 18:16:09.732  2170  2774 I Icing   : IndexChimeraService.getServiceInterface callingPackage=com.google.android.googlequicksearchbox componentName=null serviceId=36
08-08 18:16:09.733  2170  2410 I Icing   : Usage reports ok 0, Failed Usage reports 0, indexed 0, rejected 0, imm upload false
08-08 18:16:09.736  2170  2410 I Icing   : Usage reports ok 0, Failed Usage reports 0, indexed 0, rejected 0, imm upload false
08-08 18:16:09.743  2170  2410 I Icing   : Usage reports ok 0, Failed Usage reports 0, indexed 0, rejected 0, imm upload true
08-08 18:16:09.745  3516  8287 I UpdateIcingCorporaServi: UpdateCorporaTask done [took 42 ms] updated apps [took 42 ms] 
08-08 18:16:09.745  2170  2410 I Icing   : Indexing 6A591F6882A0ACAA64A5550D58756309351020E2 from com.google.android.gms
08-08 18:16:09.758  2170  2410 I Icing   : Indexing done 6A591F6882A0ACAA64A5550D58756309351020E2
08-08 18:16:09.759  2170  2410 I Icing   : Indexing 1BFABF4F466713C7072D080EE8B2C142DEE04271 from com.google.android.googlequicksearchbox
08-08 18:16:09.776  2170  2410 I Icing   : Indexing done 1BFABF4F466713C7072D080EE8B2C142DEE04271
08-08 18:16:10.860  8293  8293 D AndroidRuntime: >>>>>> START com.android.internal.os.RuntimeInit uid 2000 <<<<<<
08-08 18:16:10.861  8293  8293 D AndroidRuntime: CheckJNI is ON
08-08 18:16:10.873  8293  8293 W art     : Unexpected CPU variant for X86 using defaults: x86
08-08 18:16:10.875  8293  8293 D ICU     : No timezone override file found: /data/misc/zoneinfo/current/icu/icu_tzdata.dat
08-08 18:16:10.885  8293  8293 E memtrack: Couldn't load memtrack module (No such file or directory)
08-08 18:16:10.885  8293  8293 E android.os.Debug: failed to load memtrack module: -2
08-08 18:16:10.886  8293  8293 I Radio-JNI: register_android_hardware_Radio DONE
08-08 18:16:10.890  8293  8293 D AndroidRuntime: Calling main entry com.android.commands.monkey.Monkey
08-08 18:16:10.905  1628  1641 W BroadcastQueue: Skipping deliver [background] BroadcastRecord{7057f14 u-1 android.net.conn.CONNECTIVITY_CHANGE} to ReceiverList{78763bd 8293 (unknown name)/2000/u-1 remote:f40f526}: process crashing
08-08 18:16:10.912  1628  1857 I ActivityManager: START u0 {act=android.intent.action.MAIN cat=[android.intent.category.LAUNCHER] flg=0x10200000 cmp=de.danoeh.antennapod.debug/de.danoeh.antennapod.activity.MainActivity} from uid 2000 on display 0
08-08 18:16:10.921  8303  8303 I art     : Not late-enabling -Xcheck:jni (already on)
08-08 18:16:10.921  8303  8303 W art     : Unexpected CPU variant for X86 using defaults: x86
08-08 18:16:10.927  1628  2111 I ActivityManager: Start proc 8303:de.danoeh.antennapod.debug/u0a83 for activity de.danoeh.antennapod.debug/de.danoeh.antennapod.activity.MainActivity
08-08 18:16:10.928  8293  8293 I art     : System.exit called, status: 0
08-08 18:16:10.928  8293  8293 I AndroidRuntime: VM exiting with result code 0.
08-08 18:16:10.950  8303  8303 W System  : ClassLoader referenced unknown path: /data/app/de.danoeh.antennapod.debug-1/lib/x86
08-08 18:16:10.955  8303  8303 D UserPreferences: Creating new instance of UserPreferences
08-08 18:16:10.956  8303  8303 D UserPreferences: Using default data folder
08-08 18:16:10.959  1341  1348 D gralloc_ranchu: gralloc_alloc: Creating ashmem region of size 8294400
08-08 18:16:10.963  1628  2108 D VoldConnector: SND -> {11 volume mkdirs /storage/emulated/0/Android/data/de.danoeh.antennapod.debug/files/import/}
08-08 18:16:10.967  1628  1664 D VoldConnector: RCV <- {200 11 Command succeeded}
08-08 18:16:10.976  1628  2105 D VoldConnector: SND -> {12 volume mkdirs /storage/1BEF-080C/Android/data/de.danoeh.antennapod.debug/files/import/}
08-08 18:16:10.984  1628  1664 D VoldConnector: RCV <- {200 12 Command succeeded}
08-08 18:16:10.985  8303  8303 D UserPreferences: Import directory already exists
08-08 18:16:10.986  8303  8303 D UserPreferences: .nomedia file created
08-08 18:16:10.988  8303  8303 D UpdateManager: old: -1, current: 1060203
08-08 18:16:10.988  8303  8321 D DBReader: Extracting Feedlist
08-08 18:16:10.989  8303  8321 V PodDBAdapter: Opening DB #1
08-08 18:16:10.990  8303  8303 D SleepTimerPreferences: Creating new instance of SleepTimerPreferences
08-08 18:16:11.003  8303  8303 D SPAUtil : Sending SP_APPS_QUERY_FEEDS intent
08-08 18:16:11.015  8303  8303 D UserPreferences: Using default data folder
08-08 18:16:11.023  8303  8321 V PodDBAdapter: Closing DB #0
08-08 18:16:11.023  8303  8321 V PodDBAdapter: Closing DB, really
08-08 18:16:11.026  2077  2182 D EGL_emulation: eglMakeCurrent: 0xa8485300: ver 2 0 (tinfo 0xa8483370)
08-08 18:16:11.038  8303  8303 D MainActivity: getLastNavFragment() -> QueueFragment
08-08 18:16:11.039  8303  8303 D MainActivity: loadFragment(tag: QueueFragment, args: null)
08-08 18:16:11.039  8303  8303 D MainActivity: saveLastNavFragment(tag: QueueFragment)
08-08 18:16:11.039  8303  8303 D MainActivity: getLastNavFragment() -> QueueFragment
08-08 18:16:11.041  8303  8303 D UserPreferences: timeOfDay: []
08-08 18:16:11.041  8303  8303 D UserPreferences: Restarting update alarm.
08-08 18:16:11.042  8303  8303 D UserPreferences: Changed alarm to new interval 12 h
08-08 18:16:11.056  8303  8303 D UserPreferences: Using default data folder
08-08 18:16:11.060  8303  8303 D DBTasks : last refresh: 452350 hours 16 minutes ago
08-08 18:16:11.062  8303  8327 D DBReader: Extracting Feedlist
08-08 18:16:11.062  8303  8327 V PodDBAdapter: Opening DB #1
08-08 18:16:11.071  8303  8303 D QueueFragment: loadItems()
08-08 18:16:11.071  8303  8331 D DBReader: getNavDrawerData() called with: 
08-08 18:16:11.071  8303  8331 V PodDBAdapter: Opening DB #2
08-08 18:16:11.073  8303  8327 V PodDBAdapter: Closing DB #1
08-08 18:16:11.074  8303  8332 D DBReader: getQueue() called with: 
08-08 18:16:11.074  8303  8327 D FlattrUtils: Retrieving access token
08-08 18:16:11.074  8303  8332 V PodDBAdapter: Opening DB #2
08-08 18:16:11.074  8303  8332 D DBReader: getQueue()
08-08 18:16:11.075  8303  8327 D FlattrUtils: No access token found
08-08 18:16:11.076  8303  8303 D PlaybackController: Trying to connect to service
08-08 18:16:11.077  8303  8332 D DBReader: getFavoriteIDList() called
08-08 18:16:11.077  8303  8332 V PodDBAdapter: Opening DB #3
08-08 18:16:11.079  8303  8303 D ExternalPlayerFragment: Loading media info
08-08 18:16:11.079  8303  8303 W ExternalPlayerFragment: loadMediaInfo was called while playbackService was null!
08-08 18:16:11.080  8303  8327 D DBTasks : refreshAllFeeds autodownload
08-08 18:16:11.080  8303  8327 D DBTasks : autodownloadUndownloadedItems
08-08 18:16:11.083  8303  8332 V PodDBAdapter: Closing DB #2
08-08 18:16:11.083  8303  8332 D DBReader: getQueueIDList() called
08-08 18:16:11.083  8303  8332 V PodDBAdapter: Opening DB #3
08-08 18:16:11.084  8303  8334 D PlaybackController: Trying to restore last played media
08-08 18:16:11.084  8303  8334 D PlaybackController: No last played media found
08-08 18:16:11.086  8303  8332 V PodDBAdapter: Closing DB #2
08-08 18:16:11.086  8303  8332 D DBReader: Extracting Feedlist
08-08 18:16:11.086  8303  8332 V PodDBAdapter: Opening DB #3
08-08 18:16:11.088  8303  8331 D DBReader: getDownloadedItems() called with: 
08-08 18:16:11.088  8303  8331 V PodDBAdapter: Opening DB #4
08-08 18:16:11.088  8303  8332 V PodDBAdapter: Closing DB #3
08-08 18:16:11.088  8303  8332 V PodDBAdapter: Closing DB #2
08-08 18:16:11.090  8303  8331 D DBReader: getFavoriteIDList() called
08-08 18:16:11.090  8303  8331 V PodDBAdapter: Opening DB #3
08-08 18:16:11.091  8303  8331 V PodDBAdapter: Closing DB #2
08-08 18:16:11.091  8303  8331 D DBReader: getQueueIDList() called
08-08 18:16:11.091  8303  8331 V PodDBAdapter: Opening DB #3
08-08 18:16:11.092  8303  8335 D NetworkUtils: Network for auto-dl is not available
08-08 18:16:11.093  8303  8331 V PodDBAdapter: Closing DB #2
08-08 18:16:11.093  8303  8331 D DBReader: Extracting Feedlist
08-08 18:16:11.093  8303  8331 V PodDBAdapter: Opening DB #3
08-08 18:16:11.094  8303  8331 V PodDBAdapter: Closing DB #2
08-08 18:16:11.094  8303  8331 V PodDBAdapter: Closing DB #1
08-08 18:16:11.095  8303  8331 V PodDBAdapter: Closing DB #0
08-08 18:16:11.095  8303  8331 V PodDBAdapter: Closing DB, really
08-08 18:16:11.097  1341  3721 E SurfaceFlinger: ro.sf.lcd_density must be defined as a build property
08-08 18:16:11.100  8303  8303 D         : HostConnection::get() New Host Connection established 0x8ba26180, tid 8303
08-08 18:16:11.103  8303  8303 D MainActivity: getLastNavFragment() -> QueueFragment
08-08 18:16:11.103  8303  8303 D MainActivity: handleNavIntent()
08-08 18:16:11.105  8303  8303 D PlaybackController: status: STOPPED
08-08 18:16:11.105  8303  8303 D PlaybackController: Result for service binding: false
08-08 18:16:11.129  8303  8336 D         : HostConnection::get() New Host Connection established 0x8ba26e00, tid 8336
08-08 18:16:11.135  8303  8336 I OpenGLRenderer: Initialized EGL, version 1.4
08-08 18:16:11.135  8303  8336 D OpenGLRenderer: Swap behavior 1
08-08 18:16:11.135  8303  8336 W OpenGLRenderer: Failed to choose config with EGL_SWAP_BEHAVIOR_PRESERVED, retrying without...
08-08 18:16:11.135  8303  8336 D OpenGLRenderer: Swap behavior 0
08-08 18:16:11.140  8303  8336 D EGL_emulation: eglCreateContext: 0xa8485360: maj 2 min 0 rcv 2
08-08 18:16:11.146  8303  8336 D EGL_emulation: eglMakeCurrent: 0xa8485360: ver 2 0 (tinfo 0xa8483ea0)
08-08 18:16:11.167  8303  8336 D EGL_emulation: eglMakeCurrent: 0xa8485360: ver 2 0 (tinfo 0xa8483ea0)
08-08 18:16:11.222  1628  1648 I ActivityManager: Displayed de.danoeh.antennapod.debug/de.danoeh.antennapod.activity.MainActivity: +307ms
08-08 18:16:11.409  1628  1648 I WindowManager: Destroying surface Surface(name=Starting de.danoeh.antennapod.debug) called by com.android.server.wm.WindowStateAnimator.destroySurface:2016 com.android.server.wm.WindowStateAnimator.destroySurfaceLocked:882 com.android.server.wm.WindowState.destroyOrSaveSurface:2100 com.android.server.wm.AppWindowToken.destroySurfaces:363 com.android.server.wm.WindowStateAnimator.finishExit:565 com.android.server.wm.WindowStateAnimator.stepAnimationLocked:491 com.android.server.wm.WindowAnimator.updateWindowsLocked:303 com.android.server.wm.WindowAnimator.animateLocked:704 
08-08 18:16:11.778  1628  2108 I WindowManager: Destroying surface Surface(name=com.android.launcher3/com.android.launcher3.Launcher) called by com.android.server.wm.WindowStateAnimator.destroySurface:2016 com.android.server.wm.WindowStateAnimator.destroySurfaceLocked:882 com.android.server.wm.WindowState.destroyOrSaveSurface:2100 com.android.server.wm.AppWindowToken.destroySurfaces:363 com.android.server.wm.AppWindowToken.notifyAppStopped:389 com.android.server.wm.WindowManagerService.notifyAppStopped:4463 com.android.server.am.ActivityStack.activityStoppedLocked:1252 com.android.server.am.ActivityManagerService.activityStopped:6903 
08-08 18:16:13.408  2019  2019 I WearableService: Wearable Services stopping
08-08 18:16:24.687  8303  8303 D FeedUpdateReceiver: Received intent
08-08 18:16:24.690  8303  8303 D FeedUpdateReceiver: Blocking automatic update: no wifi available / no mobile updates allowed
08-08 18:16:24.690  8303  8303 D UserPreferences: timeOfDay: []
08-08 18:16:24.690  8303  8303 D UserPreferences: Restarting update alarm.
08-08 18:16:24.691  2497  2536 W Finsky  : [142] com.google.android.finsky.FinskyApp.i(1468): No account configured on this device.
08-08 18:16:24.691  8303  8303 D UserPreferences: Changed alarm to new interval 12 h
08-08 18:16:24.691  2497  2536 I Finsky  : [142] com.google.android.finsky.c.e.run(1151): Replicating app states via AMAS.
08-08 18:16:24.736  2497  2536 I Finsky  : [142] com.google.android.finsky.c.c.a(311): Completed 0 account content syncs with 0 successful.
08-08 18:16:24.737  2497  2497 I Finsky  : [1] com.google.android.finsky.services.j.a(149): Installation state replication succeeded.
08-08 18:16:26.075  8342  8342 D AndroidRuntime: >>>>>> START com.android.internal.os.RuntimeInit uid 2000 <<<<<<
08-08 18:16:26.076  8342  8342 D AndroidRuntime: CheckJNI is ON
08-08 18:16:26.090  8342  8342 W art     : Unexpected CPU variant for X86 using defaults: x86
08-08 18:16:26.093  8342  8342 D ICU     : No timezone override file found: /data/misc/zoneinfo/current/icu/icu_tzdata.dat
08-08 18:16:26.105  8342  8342 E memtrack: Couldn't load memtrack module (No such file or directory)
08-08 18:16:26.105  8342  8342 E android.os.Debug: failed to load memtrack module: -2
08-08 18:16:26.106  8342  8342 I Radio-JNI: register_android_hardware_Radio DONE
08-08 18:16:26.112  8342  8342 D AndroidRuntime: Calling main entry com.android.commands.content.Content
08-08 18:16:26.116  8342  8342 D AndroidRuntime: Shutting down VM
08-08 18:16:26.262  8353  8353 D AndroidRuntime: >>>>>> START com.android.internal.os.RuntimeInit uid 2000 <<<<<<
08-08 18:16:26.263  8353  8353 D AndroidRuntime: CheckJNI is ON
08-08 18:16:26.275  8353  8353 W art     : Unexpected CPU variant for X86 using defaults: x86
08-08 18:16:26.277  8353  8353 D ICU     : No timezone override file found: /data/misc/zoneinfo/current/icu/icu_tzdata.dat
08-08 18:16:26.287  8353  8353 E memtrack: Couldn't load memtrack module (No such file or directory)
08-08 18:16:26.287  8353  8353 E android.os.Debug: failed to load memtrack module: -2
08-08 18:16:26.287  8353  8353 I Radio-JNI: register_android_hardware_Radio DONE
08-08 18:16:26.292  8353  8353 D AndroidRuntime: Calling main entry com.android.commands.content.Content
08-08 18:16:26.295  8353  8353 D AndroidRuntime: Shutting down VM
08-08 18:16:27.061  8380  8380 D AndroidRuntime: >>>>>> START com.android.internal.os.RuntimeInit uid 2000 <<<<<<
08-08 18:16:27.062  8380  8380 D AndroidRuntime: CheckJNI is ON
08-08 18:16:27.075  8380  8380 W art     : Unexpected CPU variant for X86 using defaults: x86
08-08 18:16:27.078  8380  8380 D ICU     : No timezone override file found: /data/local/tmp/misc/zoneinfo/current/icu/icu_tzdata.dat
08-08 18:16:27.091  8380  8380 E memtrack: Couldn't load memtrack module (No such file or directory)
08-08 18:16:27.091  8380  8380 E android.os.Debug: failed to load memtrack module: -2
08-08 18:16:27.091  8380  8380 I Radio-JNI: register_android_hardware_Radio DONE
08-08 18:16:27.097  8380  8380 D AndroidRuntime: Calling main entry com.android.commands.uiautomator.Launcher
08-08 18:16:28.123  8380  8380 I AccessibilityNodeInfoDumper: Skipping invisible child: android.view.accessibility.AccessibilityNodeInfo@8000d951; boundsInParent: Rect(0, 0 - 1080, 0); boundsInScreen: Rect(0, 1794 - 1080, 1794); packageName: de.danoeh.antennapod.debug; className: android.widget.FrameLayout; text: null; error: null; maxTextLength: -1; contentDescription: null; viewIdResName: de.danoeh.antennapod.debug:id/playerFragment; checkable: false; checked: false; focusable: false; focused: false; selected: false; clickable: false; longClickable: false; contextClickable: false; enabled: true; password: false; scrollable: false; actions: [AccessibilityAction: ACTION_SELECT - null, AccessibilityAction: ACTION_CLEAR_SELECTION - null, AccessibilityAction: ACTION_ACCESSIBILITY_FOCUS - null, AccessibilityAction: ACTION_SHOW_ON_SCREEN - null]
08-08 18:16:28.125  8380  8380 W AccessibilityNodeInfoDumper: Fetch time: 4ms
08-08 18:16:28.125  1628  1909 W WindowManager: Attempted to remove non-existing token: android.os.Binder@48845a4
08-08 18:16:28.129  8380  8380 D AndroidRuntime: Shutting down VM
08-08 18:16:28.896  8407  8407 D AndroidRuntime: >>>>>> START com.android.internal.os.RuntimeInit uid 2000 <<<<<<
08-08 18:16:28.898  8407  8407 D AndroidRuntime: CheckJNI is ON
08-08 18:16:28.910  8407  8407 W art     : Unexpected CPU variant for X86 using defaults: x86
08-08 18:16:28.912  8407  8407 D ICU     : No timezone override file found: /data/local/tmp/misc/zoneinfo/current/icu/icu_tzdata.dat
08-08 18:16:28.924  8407  8407 E memtrack: Couldn't load memtrack module (No such file or directory)
08-08 18:16:28.924  8407  8407 E android.os.Debug: failed to load memtrack module: -2
08-08 18:16:28.925  8407  8407 I Radio-JNI: register_android_hardware_Radio DONE
08-08 18:16:28.929  8407  8407 D AndroidRuntime: Calling main entry com.android.commands.uiautomator.Launcher
08-08 18:16:29.948  8407  8407 I AccessibilityNodeInfoDumper: Skipping invisible child: android.view.accessibility.AccessibilityNodeInfo@8000d959; boundsInParent: Rect(0, 0 - 1080, 0); boundsInScreen: Rect(0, 1794 - 1080, 1794); packageName: de.danoeh.antennapod.debug; className: android.widget.FrameLayout; text: null; error: null; maxTextLength: -1; contentDescription: null; viewIdResName: de.danoeh.antennapod.debug:id/playerFragment; checkable: false; checked: false; focusable: false; focused: false; selected: false; clickable: false; longClickable: false; contextClickable: false; enabled: true; password: false; scrollable: false; actions: [AccessibilityAction: ACTION_SELECT - null, AccessibilityAction: ACTION_CLEAR_SELECTION - null, AccessibilityAction: ACTION_ACCESSIBILITY_FOCUS - null, AccessibilityAction: ACTION_SHOW_ON_SCREEN - null]
08-08 18:16:29.950  8407  8407 W AccessibilityNodeInfoDumper: Fetch time: 3ms
08-08 18:16:29.951  1628  1639 W WindowManager: Attempted to remove non-existing token: android.os.Binder@36d4ec2
08-08 18:16:29.954  8407  8407 D AndroidRuntime: Shutting down VM
08-08 18:16:30.153  8424  8424 D AndroidRuntime: >>>>>> START com.android.internal.os.RuntimeInit uid 2000 <<<<<<
08-08 18:16:30.154  8424  8424 D AndroidRuntime: CheckJNI is ON
08-08 18:16:30.165  8424  8424 W art     : Unexpected CPU variant for X86 using defaults: x86
08-08 18:16:30.168  8424  8424 D ICU     : No timezone override file found: /data/local/tmp/misc/zoneinfo/current/icu/icu_tzdata.dat
08-08 18:16:30.180  8424  8424 E memtrack: Couldn't load memtrack module (No such file or directory)
08-08 18:16:30.180  8424  8424 E android.os.Debug: failed to load memtrack module: -2
08-08 18:16:30.181  8424  8424 I Radio-JNI: register_android_hardware_Radio DONE
08-08 18:16:30.185  8424  8424 D AndroidRuntime: Calling main entry com.android.commands.uiautomator.Launcher
08-08 18:16:31.204  8424  8424 I AccessibilityNodeInfoDumper: Skipping invisible child: android.view.accessibility.AccessibilityNodeInfo@8000d961; boundsInParent: Rect(0, 0 - 1080, 0); boundsInScreen: Rect(0, 1794 - 1080, 1794); packageName: de.danoeh.antennapod.debug; className: android.widget.FrameLayout; text: null; error: null; maxTextLength: -1; contentDescription: null; viewIdResName: de.danoeh.antennapod.debug:id/playerFragment; checkable: false; checked: false; focusable: false; focused: false; selected: false; clickable: false; longClickable: false; contextClickable: false; enabled: true; password: false; scrollable: false; actions: [AccessibilityAction: ACTION_SELECT - null, AccessibilityAction: ACTION_CLEAR_SELECTION - null, AccessibilityAction: ACTION_ACCESSIBILITY_FOCUS - null, AccessibilityAction: ACTION_SHOW_ON_SCREEN - null]
08-08 18:16:31.205  8424  8424 W AccessibilityNodeInfoDumper: Fetch time: 3ms
08-08 18:16:31.206  1628  1909 W WindowManager: Attempted to remove non-existing token: android.os.Binder@f45950e
08-08 18:16:31.210  8424  8424 D AndroidRuntime: Shutting down VM
08-08 18:16:31.969  8450  8450 D AndroidRuntime: >>>>>> START com.android.internal.os.RuntimeInit uid 2000 <<<<<<
08-08 18:16:31.970  8450  8450 D AndroidRuntime: CheckJNI is ON
08-08 18:16:31.982  8450  8450 W art     : Unexpected CPU variant for X86 using defaults: x86
08-08 18:16:31.984  8450  8450 D ICU     : No timezone override file found: /data/local/tmp/misc/zoneinfo/current/icu/icu_tzdata.dat
08-08 18:16:31.996  8450  8450 E memtrack: Couldn't load memtrack module (No such file or directory)
08-08 18:16:31.996  8450  8450 E android.os.Debug: failed to load memtrack module: -2
08-08 18:16:31.997  8450  8450 I Radio-JNI: register_android_hardware_Radio DONE
08-08 18:16:32.001  8450  8450 D AndroidRuntime: Calling main entry com.android.commands.uiautomator.Launcher
08-08 18:16:33.021  8450  8450 I AccessibilityNodeInfoDumper: Skipping invisible child: android.view.accessibility.AccessibilityNodeInfo@8000d967; boundsInParent: Rect(0, 0 - 1080, 0); boundsInScreen: Rect(0, 1794 - 1080, 1794); packageName: de.danoeh.antennapod.debug; className: android.widget.FrameLayout; text: null; error: null; maxTextLength: -1; contentDescription: null; viewIdResName: de.danoeh.antennapod.debug:id/playerFragment; checkable: false; checked: false; focusable: false; focused: false; selected: false; clickable: false; longClickable: false; contextClickable: false; enabled: true; password: false; scrollable: false; actions: [AccessibilityAction: ACTION_SELECT - null, AccessibilityAction: ACTION_CLEAR_SELECTION - null, AccessibilityAction: ACTION_ACCESSIBILITY_FOCUS - null, AccessibilityAction: ACTION_SHOW_ON_SCREEN - null]
08-08 18:16:33.022  8450  8450 W AccessibilityNodeInfoDumper: Fetch time: 3ms
08-08 18:16:33.023  1628  2106 W WindowManager: Attempted to remove non-existing token: android.os.Binder@1eca53c
08-08 18:16:33.026  8450  8450 D AndroidRuntime: Shutting down VM
08-08 18:16:33.815  8482  8482 D AndroidRuntime: >>>>>> START com.android.internal.os.RuntimeInit uid 2000 <<<<<<
08-08 18:16:33.816  8482  8482 D AndroidRuntime: CheckJNI is ON
08-08 18:16:33.828  8482  8482 W art     : Unexpected CPU variant for X86 using defaults: x86
08-08 18:16:33.830  8482  8482 D ICU     : No timezone override file found: /data/local/tmp/misc/zoneinfo/current/icu/icu_tzdata.dat
08-08 18:16:33.842  8482  8482 E memtrack: Couldn't load memtrack module (No such file or directory)
08-08 18:16:33.843  8482  8482 E android.os.Debug: failed to load memtrack module: -2
08-08 18:16:33.843  8482  8482 I Radio-JNI: register_android_hardware_Radio DONE
08-08 18:16:33.847  8482  8482 D AndroidRuntime: Calling main entry com.android.commands.uiautomator.Launcher
08-08 18:16:34.866  8482  8482 I AccessibilityNodeInfoDumper: Skipping invisible child: android.view.accessibility.AccessibilityNodeInfo@8000d970; boundsInParent: Rect(0, 0 - 1080, 0); boundsInScreen: Rect(0, 1794 - 1080, 1794); packageName: de.danoeh.antennapod.debug; className: android.widget.FrameLayout; text: null; error: null; maxTextLength: -1; contentDescription: null; viewIdResName: de.danoeh.antennapod.debug:id/playerFragment; checkable: false; checked: false; focusable: false; focused: false; selected: false; clickable: false; longClickable: false; contextClickable: false; enabled: true; password: false; scrollable: false; actions: [AccessibilityAction: ACTION_SELECT - null, AccessibilityAction: ACTION_CLEAR_SELECTION - null, AccessibilityAction: ACTION_ACCESSIBILITY_FOCUS - null, AccessibilityAction: ACTION_SHOW_ON_SCREEN - null]
08-08 18:16:34.867  8482  8482 W AccessibilityNodeInfoDumper: Fetch time: 3ms
08-08 18:16:34.868  1628  1936 W WindowManager: Attempted to remove non-existing token: android.os.Binder@149f41a
08-08 18:16:34.872  8482  8482 D AndroidRuntime: Shutting down VM
08-08 18:16:35.647  8511  8511 D AndroidRuntime: >>>>>> START com.android.internal.os.RuntimeInit uid 2000 <<<<<<
08-08 18:16:35.648  8511  8511 D AndroidRuntime: CheckJNI is ON
08-08 18:16:35.660  8511  8511 W art     : Unexpected CPU variant for X86 using defaults: x86
08-08 18:16:35.662  8511  8511 D ICU     : No timezone override file found: /data/local/tmp/misc/zoneinfo/current/icu/icu_tzdata.dat
08-08 18:16:35.675  8511  8511 E memtrack: Couldn't load memtrack module (No such file or directory)
08-08 18:16:35.675  8511  8511 E android.os.Debug: failed to load memtrack module: -2
08-08 18:16:35.675  8511  8511 I Radio-JNI: register_android_hardware_Radio DONE
08-08 18:16:35.679  8511  8511 D AndroidRuntime: Calling main entry com.android.commands.uiautomator.Launcher
08-08 18:16:36.696  8511  8511 I AccessibilityNodeInfoDumper: Skipping invisible child: android.view.accessibility.AccessibilityNodeInfo@8000d977; boundsInParent: Rect(0, 0 - 1080, 0); boundsInScreen: Rect(0, 1794 - 1080, 1794); packageName: de.danoeh.antennapod.debug; className: android.widget.FrameLayout; text: null; error: null; maxTextLength: -1; contentDescription: null; viewIdResName: de.danoeh.antennapod.debug:id/playerFragment; checkable: false; checked: false; focusable: false; focused: false; selected: false; clickable: false; longClickable: false; contextClickable: false; enabled: true; password: false; scrollable: false; actions: [AccessibilityAction: ACTION_SELECT - null, AccessibilityAction: ACTION_CLEAR_SELECTION - null, AccessibilityAction: ACTION_ACCESSIBILITY_FOCUS - null, AccessibilityAction: ACTION_SHOW_ON_SCREEN - null]
08-08 18:16:36.698  8511  8511 W AccessibilityNodeInfoDumper: Fetch time: 3ms
08-08 18:16:36.698  1628  2105 W WindowManager: Attempted to remove non-existing token: android.os.Binder@47cd928
08-08 18:16:36.702  8511  8511 D AndroidRuntime: Shutting down VM
08-08 18:16:36.900  8528  8528 D AndroidRuntime: >>>>>> START com.android.internal.os.RuntimeInit uid 2000 <<<<<<
08-08 18:16:36.901  8528  8528 D AndroidRuntime: CheckJNI is ON
08-08 18:16:36.912  8528  8528 W art     : Unexpected CPU variant for X86 using defaults: x86
08-08 18:16:36.915  8528  8528 D ICU     : No timezone override file found: /data/local/tmp/misc/zoneinfo/current/icu/icu_tzdata.dat
08-08 18:16:36.927  8528  8528 E memtrack: Couldn't load memtrack module (No such file or directory)
08-08 18:16:36.927  8528  8528 E android.os.Debug: failed to load memtrack module: -2
08-08 18:16:36.928  8528  8528 I Radio-JNI: register_android_hardware_Radio DONE
08-08 18:16:36.932  8528  8528 D AndroidRuntime: Calling main entry com.android.commands.uiautomator.Launcher
08-08 18:16:37.950  8528  8528 I AccessibilityNodeInfoDumper: Skipping invisible child: android.view.accessibility.AccessibilityNodeInfo@8000d981; boundsInParent: Rect(0, 0 - 1080, 0); boundsInScreen: Rect(0, 1794 - 1080, 1794); packageName: de.danoeh.antennapod.debug; className: android.widget.FrameLayout; text: null; error: null; maxTextLength: -1; contentDescription: null; viewIdResName: de.danoeh.antennapod.debug:id/playerFragment; checkable: false; checked: false; focusable: false; focused: false; selected: false; clickable: false; longClickable: false; contextClickable: false; enabled: true; password: false; scrollable: false; actions: [AccessibilityAction: ACTION_SELECT - null, AccessibilityAction: ACTION_CLEAR_SELECTION - null, AccessibilityAction: ACTION_ACCESSIBILITY_FOCUS - null, AccessibilityAction: ACTION_SHOW_ON_SCREEN - null]
08-08 18:16:37.952  8528  8528 W AccessibilityNodeInfoDumper: Fetch time: 3ms
08-08 18:16:37.952  1628  2108 W WindowManager: Attempted to remove non-existing token: android.os.Binder@10337e6
08-08 18:16:37.955  8528  8528 D AndroidRuntime: Shutting down VM
08-08 18:16:38.018  1341  1349 E SurfaceFlinger: ro.sf.lcd_density must be defined as a build property
08-08 18:16:38.019  1341  1678 D gralloc_ranchu: gralloc_alloc: Creating ashmem region of size 8294400
08-08 18:16:38.026  8540  8540 D         : HostConnection::get() New Host Connection established 0xabf1b2c0, tid 8540
08-08 18:16:38.032  1341  1341 E EGL_emulation: tid 1341: eglCreateSyncKHR(1901): error 0x3004 (EGL_BAD_ATTRIBUTE)
08-08 18:16:38.282  8545  8545 D AndroidRuntime: >>>>>> START com.android.internal.os.RuntimeInit uid 2000 <<<<<<
08-08 18:16:38.284  8545  8545 D AndroidRuntime: CheckJNI is ON
08-08 18:16:38.296  8545  8545 W art     : Unexpected CPU variant for X86 using defaults: x86
08-08 18:16:38.299  8545  8545 D ICU     : No timezone override file found: /data/misc/zoneinfo/current/icu/icu_tzdata.dat
08-08 18:16:38.310  8545  8545 E memtrack: Couldn't load memtrack module (No such file or directory)
08-08 18:16:38.310  8545  8545 E android.os.Debug: failed to load memtrack module: -2
08-08 18:16:38.311  8545  8545 I Radio-JNI: register_android_hardware_Radio DONE
08-08 18:16:38.316  8545  8545 D AndroidRuntime: Calling main entry com.android.commands.am.Am
08-08 18:16:38.322  3938  3938 D MediaScannerReceiver: action: android.intent.action.MEDIA_SCANNER_SCAN_FILE path: /storage/emulated/0/screen.png
08-08 18:16:38.324  8545  8545 D AndroidRuntime: Shutting down VM
08-08 18:16:38.483  2170  8555 I iu.UploadsManager: End new media; added: 0, uploading: 0, time: 14 ms
08-08 18:16:40.509  8559  8559 D AndroidRuntime: >>>>>> START com.android.internal.os.RuntimeInit uid 2000 <<<<<<
08-08 18:16:40.511  8559  8559 D AndroidRuntime: CheckJNI is ON
08-08 18:16:40.522  8559  8559 W art     : Unexpected CPU variant for X86 using defaults: x86
08-08 18:16:40.525  8559  8559 D ICU     : No timezone override file found: /data/local/tmp/misc/zoneinfo/current/icu/icu_tzdata.dat
08-08 18:16:40.539  8559  8559 E memtrack: Couldn't load memtrack module (No such file or directory)
08-08 18:16:40.539  8559  8559 E android.os.Debug: failed to load memtrack module: -2
08-08 18:16:40.539  8559  8559 I Radio-JNI: register_android_hardware_Radio DONE
08-08 18:16:40.544  8559  8559 D AndroidRuntime: Calling main entry com.android.commands.uiautomator.Launcher
08-08 18:16:41.565  8559  8559 I AccessibilityNodeInfoDumper: Skipping invisible child: android.view.accessibility.AccessibilityNodeInfo@8000d987; boundsInParent: Rect(0, 0 - 1080, 0); boundsInScreen: Rect(0, 1794 - 1080, 1794); packageName: de.danoeh.antennapod.debug; className: android.widget.FrameLayout; text: null; error: null; maxTextLength: -1; contentDescription: null; viewIdResName: de.danoeh.antennapod.debug:id/playerFragment; checkable: false; checked: false; focusable: false; focused: false; selected: false; clickable: false; longClickable: false; contextClickable: false; enabled: true; password: false; scrollable: false; actions: [AccessibilityAction: ACTION_SELECT - null, AccessibilityAction: ACTION_CLEAR_SELECTION - null, AccessibilityAction: ACTION_ACCESSIBILITY_FOCUS - null, AccessibilityAction: ACTION_SHOW_ON_SCREEN - null]
08-08 18:16:41.567  8559  8559 W AccessibilityNodeInfoDumper: Fetch time: 3ms
08-08 18:16:41.567  1628  1639 W WindowManager: Attempted to remove non-existing token: android.os.Binder@3baec72
08-08 18:16:41.570  8559  8559 D AndroidRuntime: Shutting down VM
08-08 18:16:44.399  8585  8585 D AndroidRuntime: >>>>>> START com.android.internal.os.RuntimeInit uid 2000 <<<<<<
08-08 18:16:44.401  8585  8585 D AndroidRuntime: CheckJNI is ON
08-08 18:16:44.415  8585  8585 W art     : Unexpected CPU variant for X86 using defaults: x86
08-08 18:16:44.419  8585  8585 D ICU     : No timezone override file found: /data/local/tmp/misc/zoneinfo/current/icu/icu_tzdata.dat
08-08 18:16:44.435  8585  8585 E memtrack: Couldn't load memtrack module (No such file or directory)
08-08 18:16:44.435  8585  8585 E android.os.Debug: failed to load memtrack module: -2
08-08 18:16:44.436  8585  8585 I Radio-JNI: register_android_hardware_Radio DONE
08-08 18:16:44.442  8585  8585 D AndroidRuntime: Calling main entry com.android.commands.uiautomator.Launcher
08-08 18:16:45.469  8585  8585 I AccessibilityNodeInfoDumper: Skipping invisible child: android.view.accessibility.AccessibilityNodeInfo@8000d990; boundsInParent: Rect(0, 0 - 1080, 0); boundsInScreen: Rect(0, 1794 - 1080, 1794); packageName: de.danoeh.antennapod.debug; className: android.widget.FrameLayout; text: null; error: null; maxTextLength: -1; contentDescription: null; viewIdResName: de.danoeh.antennapod.debug:id/playerFragment; checkable: false; checked: false; focusable: false; focused: false; selected: false; clickable: false; longClickable: false; contextClickable: false; enabled: true; password: false; scrollable: false; actions: [AccessibilityAction: ACTION_SELECT - null, AccessibilityAction: ACTION_CLEAR_SELECTION - null, AccessibilityAction: ACTION_ACCESSIBILITY_FOCUS - null, AccessibilityAction: ACTION_SHOW_ON_SCREEN - null]
08-08 18:16:45.471  8585  8585 W AccessibilityNodeInfoDumper: Fetch time: 3ms
08-08 18:16:45.471  1628  1639 W WindowManager: Attempted to remove non-existing token: android.os.Binder@1e7a540
08-08 18:16:45.476  8585  8585 D AndroidRuntime: Shutting down VM
08-08 18:16:45.679  8602  8602 D AndroidRuntime: >>>>>> START com.android.internal.os.RuntimeInit uid 2000 <<<<<<
08-08 18:16:45.680  8602  8602 D AndroidRuntime: CheckJNI is ON
08-08 18:16:45.692  8602  8602 W art     : Unexpected CPU variant for X86 using defaults: x86
08-08 18:16:45.695  8602  8602 D ICU     : No timezone override file found: /data/local/tmp/misc/zoneinfo/current/icu/icu_tzdata.dat
08-08 18:16:45.708  8602  8602 E memtrack: Couldn't load memtrack module (No such file or directory)
08-08 18:16:45.708  8602  8602 E android.os.Debug: failed to load memtrack module: -2
08-08 18:16:45.708  8602  8602 I Radio-JNI: register_android_hardware_Radio DONE
08-08 18:16:45.712  8602  8602 D AndroidRuntime: Calling main entry com.android.commands.uiautomator.Launcher
08-08 18:16:46.733  8602  8602 I AccessibilityNodeInfoDumper: Skipping invisible child: android.view.accessibility.AccessibilityNodeInfo@8000d996; boundsInParent: Rect(0, 0 - 1080, 0); boundsInScreen: Rect(0, 1794 - 1080, 1794); packageName: de.danoeh.antennapod.debug; className: android.widget.FrameLayout; text: null; error: null; maxTextLength: -1; contentDescription: null; viewIdResName: de.danoeh.antennapod.debug:id/playerFragment; checkable: false; checked: false; focusable: false; focused: false; selected: false; clickable: false; longClickable: false; contextClickable: false; enabled: true; password: false; scrollable: false; actions: [AccessibilityAction: ACTION_SELECT - null, AccessibilityAction: ACTION_CLEAR_SELECTION - null, AccessibilityAction: ACTION_ACCESSIBILITY_FOCUS - null, AccessibilityAction: ACTION_SHOW_ON_SCREEN - null]
08-08 18:16:46.735  8602  8602 W AccessibilityNodeInfoDumper: Fetch time: 3ms
08-08 18:16:46.735  1628  2076 W WindowManager: Attempted to remove non-existing token: android.os.Binder@141d56c
08-08 18:16:46.738  8602  8602 D AndroidRuntime: Shutting down VM
08-08 18:16:47.500  8628  8628 D AndroidRuntime: >>>>>> START com.android.internal.os.RuntimeInit uid 2000 <<<<<<
08-08 18:16:47.501  8628  8628 D AndroidRuntime: CheckJNI is ON
08-08 18:16:47.513  8628  8628 W art     : Unexpected CPU variant for X86 using defaults: x86
08-08 18:16:47.516  8628  8628 D ICU     : No timezone override file found: /data/local/tmp/misc/zoneinfo/current/icu/icu_tzdata.dat
08-08 18:16:47.530  8628  8628 E memtrack: Couldn't load memtrack module (No such file or directory)
08-08 18:16:47.530  8628  8628 E android.os.Debug: failed to load memtrack module: -2
08-08 18:16:47.531  8628  8628 I Radio-JNI: register_android_hardware_Radio DONE
08-08 18:16:47.535  8628  8628 D AndroidRuntime: Calling main entry com.android.commands.uiautomator.Launcher
08-08 18:16:48.495  2170  8639 I iu.UploadsManager: End new media; added: 0, uploading: 0, time: 20 ms
08-08 18:16:48.553  8628  8628 I AccessibilityNodeInfoDumper: Skipping invisible child: android.view.accessibility.AccessibilityNodeInfo@8000d9a1; boundsInParent: Rect(0, 0 - 1080, 0); boundsInScreen: Rect(0, 1794 - 1080, 1794); packageName: de.danoeh.antennapod.debug; className: android.widget.FrameLayout; text: null; error: null; maxTextLength: -1; contentDescription: null; viewIdResName: de.danoeh.antennapod.debug:id/playerFragment; checkable: false; checked: false; focusable: false; focused: false; selected: false; clickable: false; longClickable: false; contextClickable: false; enabled: true; password: false; scrollable: false; actions: [AccessibilityAction: ACTION_SELECT - null, AccessibilityAction: ACTION_CLEAR_SELECTION - null, AccessibilityAction: ACTION_ACCESSIBILITY_FOCUS - null, AccessibilityAction: ACTION_SHOW_ON_SCREEN - null]
08-08 18:16:48.555  8628  8628 W AccessibilityNodeInfoDumper: Fetch time: 3ms
08-08 18:16:48.555  1628  2093 W WindowManager: Attempted to remove non-existing token: android.os.Binder@89797ca
08-08 18:16:48.559  8628  8628 D AndroidRuntime: Shutting down VM
08-08 18:16:48.761  8647  8647 D AndroidRuntime: >>>>>> START com.android.internal.os.RuntimeInit uid 2000 <<<<<<
08-08 18:16:48.762  8647  8647 D AndroidRuntime: CheckJNI is ON
08-08 18:16:48.774  8647  8647 W art     : Unexpected CPU variant for X86 using defaults: x86
08-08 18:16:48.776  8647  8647 D ICU     : No timezone override file found: /data/local/tmp/misc/zoneinfo/current/icu/icu_tzdata.dat
08-08 18:16:48.789  8647  8647 E memtrack: Couldn't load memtrack module (No such file or directory)
08-08 18:16:48.789  8647  8647 E android.os.Debug: failed to load memtrack module: -2
08-08 18:16:48.789  8647  8647 I Radio-JNI: register_android_hardware_Radio DONE
08-08 18:16:48.794  8647  8647 D AndroidRuntime: Calling main entry com.android.commands.uiautomator.Launcher
08-08 18:16:49.812  8647  8647 I AccessibilityNodeInfoDumper: Skipping invisible child: android.view.accessibility.AccessibilityNodeInfo@8000d9a9; boundsInParent: Rect(0, 0 - 1080, 0); boundsInScreen: Rect(0, 1794 - 1080, 1794); packageName: de.danoeh.antennapod.debug; className: android.widget.FrameLayout; text: null; error: null; maxTextLength: -1; contentDescription: null; viewIdResName: de.danoeh.antennapod.debug:id/playerFragment; checkable: false; checked: false; focusable: false; focused: false; selected: false; clickable: false; longClickable: false; contextClickable: false; enabled: true; password: false; scrollable: false; actions: [AccessibilityAction: ACTION_SELECT - null, AccessibilityAction: ACTION_CLEAR_SELECTION - null, AccessibilityAction: ACTION_ACCESSIBILITY_FOCUS - null, AccessibilityAction: ACTION_SHOW_ON_SCREEN - null]
08-08 18:16:49.814  8647  8647 W AccessibilityNodeInfoDumper: Fetch time: 3ms
08-08 18:16:49.814  1628  1639 W WindowManager: Attempted to remove non-existing token: android.os.Binder@23638b3
08-08 18:16:49.818  8647  8647 D AndroidRuntime: Shutting down VM
08-08 18:16:50.594  8673  8673 D AndroidRuntime: >>>>>> START com.android.internal.os.RuntimeInit uid 2000 <<<<<<
08-08 18:16:50.595  8673  8673 D AndroidRuntime: CheckJNI is ON
08-08 18:16:50.607  8673  8673 W art     : Unexpected CPU variant for X86 using defaults: x86
08-08 18:16:50.610  8673  8673 D ICU     : No timezone override file found: /data/local/tmp/misc/zoneinfo/current/icu/icu_tzdata.dat
08-08 18:16:50.622  8673  8673 E memtrack: Couldn't load memtrack module (No such file or directory)
08-08 18:16:50.622  8673  8673 E android.os.Debug: failed to load memtrack module: -2
08-08 18:16:50.623  8673  8673 I Radio-JNI: register_android_hardware_Radio DONE
08-08 18:16:50.627  8673  8673 D AndroidRuntime: Calling main entry com.android.commands.uiautomator.Launcher
