08-03 16:15:48.545  1342  2013 E SurfaceFlinger: ro.sf.lcd_density must be defined as a build property
08-03 16:15:48.546  1342  1349 D gralloc_ranchu: gralloc_alloc: Creating ashmem region of size 8294400
08-03 16:15:48.556  7563  7563 D         : HostConnection::get() New Host Connection established 0xaa29b2c0, tid 7563
08-03 16:15:48.562  1342  1342 E EGL_emulation: tid 1342: eglCreateSyncKHR(1901): error 0x3004 (EGL_BAD_ATTRIBUTE)
08-03 16:15:48.809  7568  7568 D AndroidRuntime: >>>>>> START com.android.internal.os.RuntimeInit uid 2000 <<<<<<
08-03 16:15:48.810  7568  7568 D AndroidRuntime: CheckJNI is ON
08-03 16:15:48.822  7568  7568 W art     : Unexpected CPU variant for X86 using defaults: x86
08-03 16:15:48.825  7568  7568 D ICU     : No timezone override file found: /data/misc/zoneinfo/current/icu/icu_tzdata.dat
08-03 16:15:48.834  7568  7568 E memtrack: Couldn't load memtrack module (No such file or directory)
08-03 16:15:48.834  7568  7568 E android.os.Debug: failed to load memtrack module: -2
08-03 16:15:48.834  7568  7568 I Radio-JNI: register_android_hardware_Radio DONE
08-03 16:15:48.839  7568  7568 D AndroidRuntime: Calling main entry com.android.commands.am.Am
08-03 16:15:48.844  3604  3604 D MediaScannerReceiver: action: android.intent.action.MEDIA_SCANNER_SCAN_FILE path: /storage/emulated/0/screen.png
08-03 16:15:48.845  7568  7568 D AndroidRuntime: Shutting down VM
08-03 16:15:51.201  7581  7581 D AndroidRuntime: >>>>>> START com.android.internal.os.RuntimeInit uid 2000 <<<<<<
08-03 16:15:51.204  7581  7581 D AndroidRuntime: CheckJNI is ON
08-03 16:15:51.219  7581  7581 W art     : Unexpected CPU variant for X86 using defaults: x86
08-03 16:15:51.240  7581  7581 D ICU     : No timezone override file found: /data/local/tmp/misc/zoneinfo/current/icu/icu_tzdata.dat
08-03 16:15:51.258  7581  7581 E memtrack: Couldn't load memtrack module (No such file or directory)
08-03 16:15:51.258  7581  7581 E android.os.Debug: failed to load memtrack module: -2
08-03 16:15:51.259  7581  7581 I Radio-JNI: register_android_hardware_Radio DONE
08-03 16:15:51.266  7581  7581 D AndroidRuntime: Calling main entry com.android.commands.uiautomator.Launcher
08-03 16:15:52.285  7581  7581 W AccessibilityNodeInfoDumper: Fetch time: 2ms
08-03 16:15:52.286  1628  1764 W WindowManager: Attempted to remove non-existing token: android.os.Binder@fbf59c0
08-03 16:15:52.289  1709  1709 V PhoneStatusBar: setLightsOn(true)
08-03 16:15:52.307  7581  7581 D AndroidRuntime: Shutting down VM
08-03 16:15:54.528  7595  7595 D AndroidRuntime: >>>>>> START com.android.internal.os.RuntimeInit uid 2000 <<<<<<
08-03 16:15:54.529  7595  7595 D AndroidRuntime: CheckJNI is ON
08-03 16:15:54.541  7595  7595 W art     : Unexpected CPU variant for X86 using defaults: x86
08-03 16:15:54.544  7595  7595 D ICU     : No timezone override file found: /data/local/tmp/misc/zoneinfo/current/icu/icu_tzdata.dat
08-03 16:15:54.559  7595  7595 E memtrack: Couldn't load memtrack module (No such file or directory)
08-03 16:15:54.559  7595  7595 E android.os.Debug: failed to load memtrack module: -2
08-03 16:15:54.560  7595  7595 I Radio-JNI: register_android_hardware_Radio DONE
08-03 16:15:54.565  7595  7595 D AndroidRuntime: Calling main entry com.android.commands.uiautomator.Launcher
08-03 16:15:55.581  7595  7595 W AccessibilityNodeInfoDumper: Fetch time: 1ms
08-03 16:15:55.581  1628  2010 W WindowManager: Attempted to remove non-existing token: android.os.Binder@d5663e
08-03 16:15:55.585  1709  1709 V PhoneStatusBar: setLightsOn(true)
08-03 16:15:55.587  7595  7595 D AndroidRuntime: Shutting down VM
08-03 16:15:56.364  7621  7621 D AndroidRuntime: >>>>>> START com.android.internal.os.RuntimeInit uid 2000 <<<<<<
08-03 16:15:56.366  7621  7621 D AndroidRuntime: CheckJNI is ON
08-03 16:15:56.378  7621  7621 W art     : Unexpected CPU variant for X86 using defaults: x86
08-03 16:15:56.381  7621  7621 D ICU     : No timezone override file found: /data/local/tmp/misc/zoneinfo/current/icu/icu_tzdata.dat
08-03 16:15:56.396  7621  7621 E memtrack: Couldn't load memtrack module (No such file or directory)
08-03 16:15:56.396  7621  7621 E android.os.Debug: failed to load memtrack module: -2
08-03 16:15:56.396  7621  7621 I Radio-JNI: register_android_hardware_Radio DONE
08-03 16:15:56.400  7621  7621 D AndroidRuntime: Calling main entry com.android.commands.uiautomator.Launcher
08-03 16:15:57.417  7621  7621 W AccessibilityNodeInfoDumper: Fetch time: 1ms
08-03 16:15:57.417  1628  1724 W WindowManager: Attempted to remove non-existing token: android.os.Binder@a2051ec
08-03 16:15:57.421  1709  1709 V PhoneStatusBar: setLightsOn(true)
08-03 16:15:57.438  7621  7621 D AndroidRuntime: Shutting down VM
08-03 16:15:57.642  7639  7639 D AndroidRuntime: >>>>>> START com.android.internal.os.RuntimeInit uid 2000 <<<<<<
08-03 16:15:57.644  7639  7639 D AndroidRuntime: CheckJNI is ON
08-03 16:15:57.656  7639  7639 W art     : Unexpected CPU variant for X86 using defaults: x86
08-03 16:15:57.659  7639  7639 D ICU     : No timezone override file found: /data/local/tmp/misc/zoneinfo/current/icu/icu_tzdata.dat
08-03 16:15:57.673  7639  7639 E memtrack: Couldn't load memtrack module (No such file or directory)
08-03 16:15:57.673  7639  7639 E android.os.Debug: failed to load memtrack module: -2
08-03 16:15:57.674  7639  7639 I Radio-JNI: register_android_hardware_Radio DONE
08-03 16:15:57.678  7639  7639 D AndroidRuntime: Calling main entry com.android.commands.uiautomator.Launcher
08-03 16:15:58.696  7639  7639 W AccessibilityNodeInfoDumper: Fetch time: 1ms
08-03 16:15:58.697  1628  2002 W WindowManager: Attempted to remove non-existing token: android.os.Binder@bbda84a
08-03 16:15:58.701  1709  1709 V PhoneStatusBar: setLightsOn(true)
08-03 16:15:58.704  7639  7639 D AndroidRuntime: Shutting down VM
08-03 16:15:58.873  7651  7651 D AndroidRuntime: >>>>>> START com.android.internal.os.RuntimeInit uid 2000 <<<<<<
08-03 16:15:58.875  7651  7651 D AndroidRuntime: CheckJNI is ON
08-03 16:15:58.887  7651  7651 W art     : Unexpected CPU variant for X86 using defaults: x86
08-03 16:15:58.890  7651  7651 D ICU     : No timezone override file found: /data/misc/zoneinfo/current/icu/icu_tzdata.dat
08-03 16:15:58.900  7651  7651 E memtrack: Couldn't load memtrack module (No such file or directory)
08-03 16:15:58.900  7651  7651 E android.os.Debug: failed to load memtrack module: -2
08-03 16:15:58.900  7651  7651 I Radio-JNI: register_android_hardware_Radio DONE
08-03 16:15:58.905  7651  7651 D AndroidRuntime: Calling main entry com.android.commands.input.Input
08-03 16:15:58.908  7651  7651 I Input   : injectMotionEvent: MotionEvent { action=ACTION_DOWN, actionButton=0, id[0]=0, x[0]=540.0, y[0]=968.0, toolType[0]=TOOL_TYPE_UNKNOWN, buttonState=0, metaState=0, flags=0x0, edgeFlags=0x0, pointerCount=1, historySize=0, eventTime=230502, downTime=230502, deviceId=0, source=0x1002 }
08-03 16:15:58.909  7651  7651 I Input   : injectMotionEvent: MotionEvent { action=ACTION_UP, actionButton=0, id[0]=0, x[0]=540.0, y[0]=968.0, toolType[0]=TOOL_TYPE_UNKNOWN, buttonState=0, metaState=0, flags=0x0, edgeFlags=0x0, pointerCount=1, historySize=0, eventTime=230502, downTime=230502, deviceId=0, source=0x1002 }
08-03 16:15:58.911  1694  1694 W InputMethodService: Window size has been changed. This may cause jankiness of resizing window: -1 -> -2
08-03 16:15:58.912  7651  7651 D AndroidRuntime: Shutting down VM
08-03 16:15:58.919  1694  1694 I LatinIME: Starting input. Cursor position = 0,0
08-03 16:15:58.941  3292  3292 W IInputConnectionWrapper: finishComposingText on inactive InputConnection
08-03 16:15:58.971  1709  1709 V PhoneStatusBar: setLightsOn(true)
08-03 16:15:59.000  1709  1709 V PhoneStatusBar: setLightsOn(true)
08-03 16:15:59.021  1694  5774 D EGL_emulation: eglMakeCurrent: 0x8daa59c0: ver 2 0 (tinfo 0x9b0b9930)
08-03 16:15:59.028  1709  1709 V PhoneStatusBar: setLightsOn(true)
08-03 16:15:59.037  1709  1709 V PhoneStatusBar: setLightsOn(true)
08-03 16:15:59.057  1709  1709 V PhoneStatusBar: setLightsOn(true)
08-03 16:15:59.143  7666  7666 D AndroidRuntime: >>>>>> START com.android.internal.os.RuntimeInit uid 2000 <<<<<<
08-03 16:15:59.145  7666  7666 D AndroidRuntime: CheckJNI is ON
08-03 16:15:59.158  7666  7666 W art     : Unexpected CPU variant for X86 using defaults: x86
08-03 16:15:59.161  7666  7666 D ICU     : No timezone override file found: /data/misc/zoneinfo/current/icu/icu_tzdata.dat
08-03 16:15:59.170  7666  7666 E memtrack: Couldn't load memtrack module (No such file or directory)
08-03 16:15:59.170  7666  7666 E android.os.Debug: failed to load memtrack module: -2
08-03 16:15:59.171  7666  7666 I Radio-JNI: register_android_hardware_Radio DONE
08-03 16:15:59.175  7666  7666 D AndroidRuntime: Calling main entry com.android.commands.input.Input
08-03 16:15:59.177  7666  7666 I Input   : injectKeyEvent: KeyEvent { action=ACTION_DOWN, keyCode=KEYCODE_ESCAPE, scanCode=0, metaState=0, flags=0x0, repeatCount=0, eventTime=230773, downTime=230773, deviceId=-1, source=0x101 }
08-03 16:15:59.179  7666  7666 I Input   : injectKeyEvent: KeyEvent { action=ACTION_UP, keyCode=KEYCODE_ESCAPE, scanCode=0, metaState=0, flags=0x0, repeatCount=0, eventTime=230773, downTime=230773, deviceId=-1, source=0x101 }
08-03 16:15:59.180  7666  7666 D AndroidRuntime: Shutting down VM
08-03 16:15:59.181  1694  1694 W InputMethodService: Window size has been changed. This may cause jankiness of resizing window: -1 -> -2
08-03 16:15:59.187  1694  5774 D EGL_emulation: eglMakeCurrent: 0x8daa59c0: ver 2 0 (tinfo 0x9b0b9930)
08-03 16:15:59.190  1709  1709 V PhoneStatusBar: setLightsOn(true)
08-03 16:15:59.205  1709  1709 V PhoneStatusBar: setLightsOn(true)
08-03 16:15:59.371  1709  1709 V PhoneStatusBar: setLightsOn(true)
08-03 16:15:59.386  1628  1648 I WindowManager: Destroying surface Surface(name=InputMethod) called by com.android.server.wm.WindowStateAnimator.destroySurface:2016 com.android.server.wm.WindowStateAnimator.destroySurfaceLocked:882 com.android.server.wm.WindowState.destroyOrSaveSurface:2100 com.android.server.wm.WindowSurfacePlacer.performSurfacePlacementInner:429 com.android.server.wm.WindowSurfacePlacer.performSurfacePlacementLoop:232 com.android.server.wm.WindowSurfacePlacer.performSurfacePlacement:180 com.android.server.wm.WindowManagerService$H.handleMessage:8086 android.os.Handler.dispatchMessage:102 
08-03 16:15:59.621  1709  1709 V PhoneStatusBar: setLightsOn(true)
08-03 16:15:59.890  7682  7682 D AndroidRuntime: >>>>>> START com.android.internal.os.RuntimeInit uid 2000 <<<<<<
08-03 16:15:59.891  7682  7682 D AndroidRuntime: CheckJNI is ON
08-03 16:15:59.905  7682  7682 W art     : Unexpected CPU variant for X86 using defaults: x86
08-03 16:15:59.907  7682  7682 D ICU     : No timezone override file found: /data/misc/zoneinfo/current/icu/icu_tzdata.dat
08-03 16:15:59.917  7682  7682 E memtrack: Couldn't load memtrack module (No such file or directory)
08-03 16:15:59.917  7682  7682 E android.os.Debug: failed to load memtrack module: -2
08-03 16:15:59.918  7682  7682 I Radio-JNI: register_android_hardware_Radio DONE
08-03 16:15:59.922  7682  7682 D AndroidRuntime: Calling main entry com.android.commands.input.Input
08-03 16:15:59.928  7682  7682 I Input   : injectKeyEvent: KeyEvent { action=ACTION_DOWN, keyCode=KEYCODE_MOVE_END, scanCode=0, metaState=0, flags=0x0, repeatCount=0, eventTime=231523, downTime=231523, deviceId=-1, source=0x101 }
08-03 16:15:59.930  7682  7682 I Input   : injectKeyEvent: KeyEvent { action=ACTION_UP, keyCode=KEYCODE_MOVE_END, scanCode=0, metaState=0, flags=0x0, repeatCount=0, eventTime=231523, downTime=231523, deviceId=-1, source=0x101 }
08-03 16:15:59.931  7682  7682 D AndroidRuntime: Shutting down VM
08-03 16:16:00.021  1709  1891 D EGL_emulation: eglMakeCurrent: 0x9f7056c0: ver 2 0 (tinfo 0x9f7036f0)
08-03 16:16:00.084  7692  7692 D AndroidRuntime: >>>>>> START com.android.internal.os.RuntimeInit uid 2000 <<<<<<
08-03 16:16:00.085  7692  7692 D AndroidRuntime: CheckJNI is ON
08-03 16:16:00.098  7692  7692 W art     : Unexpected CPU variant for X86 using defaults: x86
08-03 16:16:00.100  7692  7692 D ICU     : No timezone override file found: /data/misc/zoneinfo/current/icu/icu_tzdata.dat
08-03 16:16:00.110  7692  7692 E memtrack: Couldn't load memtrack module (No such file or directory)
08-03 16:16:00.110  7692  7692 E android.os.Debug: failed to load memtrack module: -2
08-03 16:16:00.111  7692  7692 I Radio-JNI: register_android_hardware_Radio DONE
08-03 16:16:00.116  7692  7692 D AndroidRuntime: Calling main entry com.android.commands.input.Input
08-03 16:16:00.117  7692  7692 I Input   : injectKeyEvent: KeyEvent { action=ACTION_DOWN, keyCode=KEYCODE_DEL, scanCode=0, metaState=0, flags=0x0, repeatCount=0, eventTime=231713, downTime=231713, deviceId=-1, source=0x101 }
08-03 16:16:00.119  7692  7692 I Input   : injectKeyEvent: KeyEvent { action=ACTION_UP, keyCode=KEYCODE_DEL, scanCode=0, metaState=0, flags=0x0, repeatCount=0, eventTime=231713, downTime=231713, deviceId=-1, source=0x101 }
08-03 16:16:00.120  7692  7692 I Input   : injectKeyEvent: KeyEvent { action=ACTION_DOWN, keyCode=KEYCODE_DEL, scanCode=0, metaState=0, flags=0x0, repeatCount=0, eventTime=231717, downTime=231717, deviceId=-1, source=0x101 }
08-03 16:16:00.122  7692  7692 I Input   : injectKeyEvent: KeyEvent { action=ACTION_UP, keyCode=KEYCODE_DEL, scanCode=0, metaState=0, flags=0x0, repeatCount=0, eventTime=231717, downTime=231717, deviceId=-1, source=0x101 }
08-03 16:16:00.123  7692  7692 I Input   : injectKeyEvent: KeyEvent { action=ACTION_DOWN, keyCode=KEYCODE_DEL, scanCode=0, metaState=0, flags=0x0, repeatCount=0, eventTime=231719, downTime=231719, deviceId=-1, source=0x101 }
08-03 16:16:00.124  7692  7692 I Input   : injectKeyEvent: KeyEvent { action=ACTION_UP, keyCode=KEYCODE_DEL, scanCode=0, metaState=0, flags=0x0, repeatCount=0, eventTime=231719, downTime=231719, deviceId=-1, source=0x101 }
08-03 16:16:00.125  7692  7692 I Input   : injectKeyEvent: KeyEvent { action=ACTION_DOWN, keyCode=KEYCODE_DEL, scanCode=0, metaState=0, flags=0x0, repeatCount=0, eventTime=231721, downTime=231721, deviceId=-1, source=0x101 }
08-03 16:16:00.127  7692  7692 I Input   : injectKeyEvent: KeyEvent { action=ACTION_UP, keyCode=KEYCODE_DEL, scanCode=0, metaState=0, flags=0x0, repeatCount=0, eventTime=231721, downTime=231721, deviceId=-1, source=0x101 }
08-03 16:16:00.128  7692  7692 I Input   : injectKeyEvent: KeyEvent { action=ACTION_DOWN, keyCode=KEYCODE_DEL, scanCode=0, metaState=0, flags=0x0, repeatCount=0, eventTime=231724, downTime=231724, deviceId=-1, source=0x101 }
08-03 16:16:00.129  7692  7692 I Input   : injectKeyEvent: KeyEvent { action=ACTION_UP, keyCode=KEYCODE_DEL, scanCode=0, metaState=0, flags=0x0, repeatCount=0, eventTime=231724, downTime=231724, deviceId=-1, source=0x101 }
08-03 16:16:00.130  7692  7692 I Input   : injectKeyEvent: KeyEvent { action=ACTION_DOWN, keyCode=KEYCODE_DEL, scanCode=0, metaState=0, flags=0x0, repeatCount=0, eventTime=231726, downTime=231726, deviceId=-1, source=0x101 }
08-03 16:16:00.131  7692  7692 I Input   : injectKeyEvent: KeyEvent { action=ACTION_UP, keyCode=KEYCODE_DEL, scanCode=0, metaState=0, flags=0x0, repeatCount=0, eventTime=231726, downTime=231726, deviceId=-1, source=0x101 }
08-03 16:16:00.132  7692  7692 I Input   : injectKeyEvent: KeyEvent { action=ACTION_DOWN, keyCode=KEYCODE_DEL, scanCode=0, metaState=0, flags=0x0, repeatCount=0, eventTime=231728, downTime=231728, deviceId=-1, source=0x101 }
08-03 16:16:00.133  7692  7692 I Input   : injectKeyEvent: KeyEvent { action=ACTION_UP, keyCode=KEYCODE_DEL, scanCode=0, metaState=0, flags=0x0, repeatCount=0, eventTime=231728, downTime=231728, deviceId=-1, source=0x101 }
08-03 16:16:00.134  7692  7692 I Input   : injectKeyEvent: KeyEvent { action=ACTION_DOWN, keyCode=KEYCODE_DEL, scanCode=0, metaState=0, flags=0x0, repeatCount=0, eventTime=231731, downTime=231731, deviceId=-1, source=0x101 }
08-03 16:16:00.135  7692  7692 I Input   : injectKeyEvent: KeyEvent { action=ACTION_UP, keyCode=KEYCODE_DEL, scanCode=0, metaState=0, flags=0x0, repeatCount=0, eventTime=231731, downTime=231731, deviceId=-1, source=0x101 }
08-03 16:16:00.136  7692  7692 I Input   : injectKeyEvent: KeyEvent { action=ACTION_DOWN, keyCode=KEYCODE_DEL, scanCode=0, metaState=0, flags=0x0, repeatCount=0, eventTime=231733, downTime=231733, deviceId=-1, source=0x101 }
08-03 16:16:00.138  7692  7692 I Input   : injectKeyEvent: KeyEvent { action=ACTION_UP, keyCode=KEYCODE_DEL, scanCode=0, metaState=0, flags=0x0, repeatCount=0, eventTime=231733, downTime=231733, deviceId=-1, source=0x101 }
08-03 16:16:00.138  7692  7692 I Input   : injectKeyEvent: KeyEvent { action=ACTION_DOWN, keyCode=KEYCODE_DEL, scanCode=0, metaState=0, flags=0x0, repeatCount=0, eventTime=231735, downTime=231735, deviceId=-1, source=0x101 }
08-03 16:16:00.140  7692  7692 I Input   : injectKeyEvent: KeyEvent { action=ACTION_UP, keyCode=KEYCODE_DEL, scanCode=0, metaState=0, flags=0x0, repeatCount=0, eventTime=231735, downTime=231735, deviceId=-1, source=0x101 }
08-03 16:16:00.141  7692  7692 I Input   : injectKeyEvent: KeyEvent { action=ACTION_DOWN, keyCode=KEYCODE_DEL, scanCode=0, metaState=0, flags=0x0, repeatCount=0, eventTime=231737, downTime=231737, deviceId=-1, source=0x101 }
08-03 16:16:00.142  7692  7692 I Input   : injectKeyEvent: KeyEvent { action=ACTION_UP, keyCode=KEYCODE_DEL, scanCode=0, metaState=0, flags=0x0, repeatCount=0, eventTime=231737, downTime=231737, deviceId=-1, source=0x101 }
08-03 16:16:00.144  7692  7692 I Input   : injectKeyEvent: KeyEvent { action=ACTION_DOWN, keyCode=KEYCODE_DEL, scanCode=0, metaState=0, flags=0x0, repeatCount=0, eventTime=231740, downTime=231740, deviceId=-1, source=0x101 }
08-03 16:16:00.145  7692  7692 I Input   : injectKeyEvent: KeyEvent { action=ACTION_UP, keyCode=KEYCODE_DEL, scanCode=0, metaState=0, flags=0x0, repeatCount=0, eventTime=231740, downTime=231740, deviceId=-1, source=0x101 }
08-03 16:16:00.146  7692  7692 I Input   : injectKeyEvent: KeyEvent { action=ACTION_DOWN, keyCode=KEYCODE_DEL, scanCode=0, metaState=0, flags=0x0, repeatCount=0, eventTime=231742, downTime=231742, deviceId=-1, source=0x101 }
08-03 16:16:00.147  7692  7692 I Input   : injectKeyEvent: KeyEvent { action=ACTION_UP, keyCode=KEYCODE_DEL, scanCode=0, metaState=0, flags=0x0, repeatCount=0, eventTime=231742, downTime=231742, deviceId=-1, source=0x101 }
08-03 16:16:00.148  7692  7692 I Input   : injectKeyEvent: KeyEvent { action=ACTION_DOWN, keyCode=KEYCODE_DEL, scanCode=0, metaState=0, flags=0x0, repeatCount=0, eventTime=231745, downTime=231745, deviceId=-1, source=0x101 }
08-03 16:16:00.149  7692  7692 I Input   : injectKeyEvent: KeyEvent { action=ACTION_UP, keyCode=KEYCODE_DEL, scanCode=0, metaState=0, flags=0x0, repeatCount=0, eventTime=231745, downTime=231745, deviceId=-1, source=0x101 }
08-03 16:16:00.150  7692  7692 I Input   : injectKeyEvent: KeyEvent { action=ACTION_DOWN, keyCode=KEYCODE_DEL, scanCode=0, metaState=0, flags=0x0, repeatCount=0, eventTime=231747, downTime=231747, deviceId=-1, source=0x101 }
08-03 16:16:00.151  7692  7692 I Input   : injectKeyEvent: KeyEvent { action=ACTION_UP, keyCode=KEYCODE_DEL, scanCode=0, metaState=0, flags=0x0, repeatCount=0, eventTime=231747, downTime=231747, deviceId=-1, source=0x101 }
08-03 16:16:00.152  7692  7692 I Input   : injectKeyEvent: KeyEvent { action=ACTION_DOWN, keyCode=KEYCODE_DEL, scanCode=0, metaState=0, flags=0x0, repeatCount=0, eventTime=231749, downTime=231749, deviceId=-1, source=0x101 }
08-03 16:16:00.153  7692  7692 I Input   : injectKeyEvent: KeyEvent { action=ACTION_UP, keyCode=KEYCODE_DEL, scanCode=0, metaState=0, flags=0x0, repeatCount=0, eventTime=231749, downTime=231749, deviceId=-1, source=0x101 }
08-03 16:16:00.155  7692  7692 I Input   : injectKeyEvent: KeyEvent { action=ACTION_DOWN, keyCode=KEYCODE_DEL, scanCode=0, metaState=0, flags=0x0, repeatCount=0, eventTime=231751, downTime=231751, deviceId=-1, source=0x101 }
08-03 16:16:00.155  7692  7692 I Input   : injectKeyEvent: KeyEvent { action=ACTION_UP, keyCode=KEYCODE_DEL, scanCode=0, metaState=0, flags=0x0, repeatCount=0, eventTime=231751, downTime=231751, deviceId=-1, source=0x101 }
08-03 16:16:00.156  7692  7692 I Input   : injectKeyEvent: KeyEvent { action=ACTION_DOWN, keyCode=KEYCODE_DEL, scanCode=0, metaState=0, flags=0x0, repeatCount=0, eventTime=231753, downTime=231753, deviceId=-1, source=0x101 }
08-03 16:16:00.157  7692  7692 I Input   : injectKeyEvent: KeyEvent { action=ACTION_UP, keyCode=KEYCODE_DEL, scanCode=0, metaState=0, flags=0x0, repeatCount=0, eventTime=231753, downTime=231753, deviceId=-1, source=0x101 }
08-03 16:16:00.158  7692  7692 I Input   : injectKeyEvent: KeyEvent { action=ACTION_DOWN, keyCode=KEYCODE_DEL, scanCode=0, metaState=0, flags=0x0, repeatCount=0, eventTime=231755, downTime=231755, deviceId=-1, source=0x101 }
08-03 16:16:00.160  7692  7692 I Input   : injectKeyEvent: KeyEvent { action=ACTION_UP, keyCode=KEYCODE_DEL, scanCode=0, metaState=0, flags=0x0, repeatCount=0, eventTime=231755, downTime=231755, deviceId=-1, source=0x101 }
08-03 16:16:00.161  7692  7692 I Input   : injectKeyEvent: KeyEvent { action=ACTION_DOWN, keyCode=KEYCODE_DEL, scanCode=0, metaState=0, flags=0x0, repeatCount=0, eventTime=231757, downTime=231757, deviceId=-1, source=0x101 }
08-03 16:16:00.162  7692  7692 I Input   : injectKeyEvent: KeyEvent { action=ACTION_UP, keyCode=KEYCODE_DEL, scanCode=0, metaState=0, flags=0x0, repeatCount=0, eventTime=231757, downTime=231757, deviceId=-1, source=0x101 }
08-03 16:16:00.163  7692  7692 I Input   : injectKeyEvent: KeyEvent { action=ACTION_DOWN, keyCode=KEYCODE_DEL, scanCode=0, metaState=0, flags=0x0, repeatCount=0, eventTime=231759, downTime=231759, deviceId=-1, source=0x101 }
08-03 16:16:00.164  7692  7692 I Input   : injectKeyEvent: KeyEvent { action=ACTION_UP, keyCode=KEYCODE_DEL, scanCode=0, metaState=0, flags=0x0, repeatCount=0, eventTime=231759, downTime=231759, deviceId=-1, source=0x101 }
08-03 16:16:00.165  7692  7692 I Input   : injectKeyEvent: KeyEvent { action=ACTION_DOWN, keyCode=KEYCODE_DEL, scanCode=0, metaState=0, flags=0x0, repeatCount=0, eventTime=231761, downTime=231761, deviceId=-1, source=0x101 }
08-03 16:16:00.166  7692  7692 I Input   : injectKeyEvent: KeyEvent { action=ACTION_UP, keyCode=KEYCODE_DEL, scanCode=0, metaState=0, flags=0x0, repeatCount=0, eventTime=231761, downTime=231761, deviceId=-1, source=0x101 }
08-03 16:16:00.167  7692  7692 I Input   : injectKeyEvent: KeyEvent { action=ACTION_DOWN, keyCode=KEYCODE_DEL, scanCode=0, metaState=0, flags=0x0, repeatCount=0, eventTime=231764, downTime=231764, deviceId=-1, source=0x101 }
08-03 16:16:00.168  7692  7692 I Input   : injectKeyEvent: KeyEvent { action=ACTION_UP, keyCode=KEYCODE_DEL, scanCode=0, metaState=0, flags=0x0, repeatCount=0, eventTime=231764, downTime=231764, deviceId=-1, source=0x101 }
08-03 16:16:00.169  7692  7692 I Input   : injectKeyEvent: KeyEvent { action=ACTION_DOWN, keyCode=KEYCODE_DEL, scanCode=0, metaState=0, flags=0x0, repeatCount=0, eventTime=231766, downTime=231766, deviceId=-1, source=0x101 }
08-03 16:16:00.170  7692  7692 I Input   : injectKeyEvent: KeyEvent { action=ACTION_UP, keyCode=KEYCODE_DEL, scanCode=0, metaState=0, flags=0x0, repeatCount=0, eventTime=231766, downTime=231766, deviceId=-1, source=0x101 }
08-03 16:16:00.171  7692  7692 I Input   : injectKeyEvent: KeyEvent { action=ACTION_DOWN, keyCode=KEYCODE_DEL, scanCode=0, metaState=0, flags=0x0, repeatCount=0, eventTime=231768, downTime=231768, deviceId=-1, source=0x101 }
08-03 16:16:00.172  7692  7692 I Input   : injectKeyEvent: KeyEvent { action=ACTION_UP, keyCode=KEYCODE_DEL, scanCode=0, metaState=0, flags=0x0, repeatCount=0, eventTime=231768, downTime=231768, deviceId=-1, source=0x101 }
08-03 16:16:00.173  7692  7692 I Input   : injectKeyEvent: KeyEvent { action=ACTION_DOWN, keyCode=KEYCODE_DEL, scanCode=0, metaState=0, flags=0x0, repeatCount=0, eventTime=231770, downTime=231770, deviceId=-1, source=0x101 }
08-03 16:16:00.175  7692  7692 I Input   : injectKeyEvent: KeyEvent { action=ACTION_UP, keyCode=KEYCODE_DEL, scanCode=0, metaState=0, flags=0x0, repeatCount=0, eventTime=231770, downTime=231770, deviceId=-1, source=0x101 }
08-03 16:16:00.175  7692  7692 I Input   : injectKeyEvent: KeyEvent { action=ACTION_DOWN, keyCode=KEYCODE_DEL, scanCode=0, metaState=0, flags=0x0, repeatCount=0, eventTime=231772, downTime=231772, deviceId=-1, source=0x101 }
08-03 16:16:00.177  7692  7692 I Input   : injectKeyEvent: KeyEvent { action=ACTION_UP, keyCode=KEYCODE_DEL, scanCode=0, metaState=0, flags=0x0, repeatCount=0, eventTime=231772, downTime=231772, deviceId=-1, source=0x101 }
08-03 16:16:00.178  7692  7692 I Input   : injectKeyEvent: KeyEvent { action=ACTION_DOWN, keyCode=KEYCODE_DEL, scanCode=0, metaState=0, flags=0x0, repeatCount=0, eventTime=231774, downTime=231774, deviceId=-1, source=0x101 }
08-03 16:16:00.179  7692  7692 I Input   : injectKeyEvent: KeyEvent { action=ACTION_UP, keyCode=KEYCODE_DEL, scanCode=0, metaState=0, flags=0x0, repeatCount=0, eventTime=231774, downTime=231774, deviceId=-1, source=0x101 }
08-03 16:16:00.180  7692  7692 I Input   : injectKeyEvent: KeyEvent { action=ACTION_DOWN, keyCode=KEYCODE_DEL, scanCode=0, metaState=0, flags=0x0, repeatCount=0, eventTime=231776, downTime=231776, deviceId=-1, source=0x101 }
08-03 16:16:00.181  7692  7692 I Input   : injectKeyEvent: KeyEvent { action=ACTION_UP, keyCode=KEYCODE_DEL, scanCode=0, metaState=0, flags=0x0, repeatCount=0, eventTime=231776, downTime=231776, deviceId=-1, source=0x101 }
08-03 16:16:00.182  7692  7692 I Input   : injectKeyEvent: KeyEvent { action=ACTION_DOWN, keyCode=KEYCODE_DEL, scanCode=0, metaState=0, flags=0x0, repeatCount=0, eventTime=231778, downTime=231778, deviceId=-1, source=0x101 }
08-03 16:16:00.183  7692  7692 I Input   : injectKeyEvent: KeyEvent { action=ACTION_UP, keyCode=KEYCODE_DEL, scanCode=0, metaState=0, flags=0x0, repeatCount=0, eventTime=231778, downTime=231778, deviceId=-1, source=0x101 }
08-03 16:16:00.183  7692  7692 I Input   : injectKeyEvent: KeyEvent { action=ACTION_DOWN, keyCode=KEYCODE_DEL, scanCode=0, metaState=0, flags=0x0, repeatCount=0, eventTime=231780, downTime=231780, deviceId=-1, source=0x101 }
08-03 16:16:00.185  7692  7692 I Input   : injectKeyEvent: KeyEvent { action=ACTION_UP, keyCode=KEYCODE_DEL, scanCode=0, metaState=0, flags=0x0, repeatCount=0, eventTime=231780, downTime=231780, deviceId=-1, source=0x101 }
08-03 16:16:00.186  7692  7692 I Input   : injectKeyEvent: KeyEvent { action=ACTION_DOWN, keyCode=KEYCODE_DEL, scanCode=0, metaState=0, flags=0x0, repeatCount=0, eventTime=231783, downTime=231783, deviceId=-1, source=0x101 }
08-03 16:16:00.187  7692  7692 I Input   : injectKeyEvent: KeyEvent { action=ACTION_UP, keyCode=KEYCODE_DEL, scanCode=0, metaState=0, flags=0x0, repeatCount=0, eventTime=231783, downTime=231783, deviceId=-1, source=0x101 }
08-03 16:16:00.188  7692  7692 I Input   : injectKeyEvent: KeyEvent { action=ACTION_DOWN, keyCode=KEYCODE_DEL, scanCode=0, metaState=0, flags=0x0, repeatCount=0, eventTime=231784, downTime=231784, deviceId=-1, source=0x101 }
08-03 16:16:00.189  7692  7692 I Input   : injectKeyEvent: KeyEvent { action=ACTION_UP, keyCode=KEYCODE_DEL, scanCode=0, metaState=0, flags=0x0, repeatCount=0, eventTime=231784, downTime=231784, deviceId=-1, source=0x101 }
08-03 16:16:00.190  7692  7692 I Input   : injectKeyEvent: KeyEvent { action=ACTION_DOWN, keyCode=KEYCODE_DEL, scanCode=0, metaState=0, flags=0x0, repeatCount=0, eventTime=231786, downTime=231786, deviceId=-1, source=0x101 }
08-03 16:16:00.191  7692  7692 I Input   : injectKeyEvent: KeyEvent { action=ACTION_UP, keyCode=KEYCODE_DEL, scanCode=0, metaState=0, flags=0x0, repeatCount=0, eventTime=231786, downTime=231786, deviceId=-1, source=0x101 }
08-03 16:16:00.192  7692  7692 I Input   : injectKeyEvent: KeyEvent { action=ACTION_DOWN, keyCode=KEYCODE_DEL, scanCode=0, metaState=0, flags=0x0, repeatCount=0, eventTime=231788, downTime=231788, deviceId=-1, source=0x101 }
08-03 16:16:00.193  7692  7692 I Input   : injectKeyEvent: KeyEvent { action=ACTION_UP, keyCode=KEYCODE_DEL, scanCode=0, metaState=0, flags=0x0, repeatCount=0, eventTime=231788, downTime=231788, deviceId=-1, source=0x101 }
08-03 16:16:00.194  7692  7692 I Input   : injectKeyEvent: KeyEvent { action=ACTION_DOWN, keyCode=KEYCODE_DEL, scanCode=0, metaState=0, flags=0x0, repeatCount=0, eventTime=231791, downTime=231791, deviceId=-1, source=0x101 }
08-03 16:16:00.195  7692  7692 I Input   : injectKeyEvent: KeyEvent { action=ACTION_UP, keyCode=KEYCODE_DEL, scanCode=0, metaState=0, flags=0x0, repeatCount=0, eventTime=231791, downTime=231791, deviceId=-1, source=0x101 }
08-03 16:16:00.196  7692  7692 I Input   : injectKeyEvent: KeyEvent { action=ACTION_DOWN, keyCode=KEYCODE_DEL, scanCode=0, metaState=0, flags=0x0, repeatCount=0, eventTime=231793, downTime=231793, deviceId=-1, source=0x101 }
08-03 16:16:00.197  7692  7692 I Input   : injectKeyEvent: KeyEvent { action=ACTION_UP, keyCode=KEYCODE_DEL, scanCode=0, metaState=0, flags=0x0, repeatCount=0, eventTime=231793, downTime=231793, deviceId=-1, source=0x101 }
08-03 16:16:00.198  7692  7692 I Input   : injectKeyEvent: KeyEvent { action=ACTION_DOWN, keyCode=KEYCODE_DEL, scanCode=0, metaState=0, flags=0x0, repeatCount=0, eventTime=231794, downTime=231794, deviceId=-1, source=0x101 }
08-03 16:16:00.199  7692  7692 I Input   : injectKeyEvent: KeyEvent { action=ACTION_UP, keyCode=KEYCODE_DEL, scanCode=0, metaState=0, flags=0x0, repeatCount=0, eventTime=231794, downTime=231794, deviceId=-1, source=0x101 }
08-03 16:16:00.200  7692  7692 I Input   : injectKeyEvent: KeyEvent { action=ACTION_DOWN, keyCode=KEYCODE_DEL, scanCode=0, metaState=0, flags=0x0, repeatCount=0, eventTime=231797, downTime=231797, deviceId=-1, source=0x101 }
08-03 16:16:00.201  7692  7692 I Input   : injectKeyEvent: KeyEvent { action=ACTION_UP, keyCode=KEYCODE_DEL, scanCode=0, metaState=0, flags=0x0, repeatCount=0, eventTime=231797, downTime=231797, deviceId=-1, source=0x101 }
08-03 16:16:00.202  7692  7692 I Input   : injectKeyEvent: KeyEvent { action=ACTION_DOWN, keyCode=KEYCODE_DEL, scanCode=0, metaState=0, flags=0x0, repeatCount=0, eventTime=231798, downTime=231798, deviceId=-1, source=0x101 }
08-03 16:16:00.203  7692  7692 I Input   : injectKeyEvent: KeyEvent { action=ACTION_UP, keyCode=KEYCODE_DEL, scanCode=0, metaState=0, flags=0x0, repeatCount=0, eventTime=231798, downTime=231798, deviceId=-1, source=0x101 }
08-03 16:16:00.204  7692  7692 I Input   : injectKeyEvent: KeyEvent { action=ACTION_DOWN, keyCode=KEYCODE_DEL, scanCode=0, metaState=0, flags=0x0, repeatCount=0, eventTime=231801, downTime=231801, deviceId=-1, source=0x101 }
08-03 16:16:00.205  7692  7692 I Input   : injectKeyEvent: KeyEvent { action=ACTION_UP, keyCode=KEYCODE_DEL, scanCode=0, metaState=0, flags=0x0, repeatCount=0, eventTime=231801, downTime=231801, deviceId=-1, source=0x101 }
08-03 16:16:00.206  7692  7692 I Input   : injectKeyEvent: KeyEvent { action=ACTION_DOWN, keyCode=KEYCODE_DEL, scanCode=0, metaState=0, flags=0x0, repeatCount=0, eventTime=231803, downTime=231803, deviceId=-1, source=0x101 }
08-03 16:16:00.207  7692  7692 I Input   : injectKeyEvent: KeyEvent { action=ACTION_UP, keyCode=KEYCODE_DEL, scanCode=0, metaState=0, flags=0x0, repeatCount=0, eventTime=231803, downTime=231803, deviceId=-1, source=0x101 }
08-03 16:16:00.208  7692  7692 I Input   : injectKeyEvent: KeyEvent { action=ACTION_DOWN, keyCode=KEYCODE_DEL, scanCode=0, metaState=0, flags=0x0, repeatCount=0, eventTime=231804, downTime=231804, deviceId=-1, source=0x101 }
08-03 16:16:00.209  7692  7692 I Input   : injectKeyEvent: KeyEvent { action=ACTION_UP, keyCode=KEYCODE_DEL, scanCode=0, metaState=0, flags=0x0, repeatCount=0, eventTime=231804, downTime=231804, deviceId=-1, source=0x101 }
08-03 16:16:00.210  7692  7692 I Input   : injectKeyEvent: KeyEvent { action=ACTION_DOWN, keyCode=KEYCODE_DEL, scanCode=0, metaState=0, flags=0x0, repeatCount=0, eventTime=231806, downTime=231806, deviceId=-1, source=0x101 }
08-03 16:16:00.211  7692  7692 I Input   : injectKeyEvent: KeyEvent { action=ACTION_UP, keyCode=KEYCODE_DEL, scanCode=0, metaState=0, flags=0x0, repeatCount=0, eventTime=231806, downTime=231806, deviceId=-1, source=0x101 }
08-03 16:16:00.212  7692  7692 I Input   : injectKeyEvent: KeyEvent { action=ACTION_DOWN, keyCode=KEYCODE_DEL, scanCode=0, metaState=0, flags=0x0, repeatCount=0, eventTime=231808, downTime=231808, deviceId=-1, source=0x101 }
08-03 16:16:00.213  7692  7692 I Input   : injectKeyEvent: KeyEvent { action=ACTION_UP, keyCode=KEYCODE_DEL, scanCode=0, metaState=0, flags=0x0, repeatCount=0, eventTime=231808, downTime=231808, deviceId=-1, source=0x101 }
08-03 16:16:00.214  7692  7692 I Input   : injectKeyEvent: KeyEvent { action=ACTION_DOWN, keyCode=KEYCODE_DEL, scanCode=0, metaState=0, flags=0x0, repeatCount=0, eventTime=231810, downTime=231810, deviceId=-1, source=0x101 }
08-03 16:16:00.215  7692  7692 I Input   : injectKeyEvent: KeyEvent { action=ACTION_UP, keyCode=KEYCODE_DEL, scanCode=0, metaState=0, flags=0x0, repeatCount=0, eventTime=231810, downTime=231810, deviceId=-1, source=0x101 }
08-03 16:16:00.216  7692  7692 I Input   : injectKeyEvent: KeyEvent { action=ACTION_DOWN, keyCode=KEYCODE_DEL, scanCode=0, metaState=0, flags=0x0, repeatCount=0, eventTime=231812, downTime=231812, deviceId=-1, source=0x101 }
08-03 16:16:00.217  7692  7692 I Input   : injectKeyEvent: KeyEvent { action=ACTION_UP, keyCode=KEYCODE_DEL, scanCode=0, metaState=0, flags=0x0, repeatCount=0, eventTime=231812, downTime=231812, deviceId=-1, source=0x101 }
08-03 16:16:00.218  7692  7692 I Input   : injectKeyEvent: KeyEvent { action=ACTION_DOWN, keyCode=KEYCODE_DEL, scanCode=0, metaState=0, flags=0x0, repeatCount=0, eventTime=231814, downTime=231814, deviceId=-1, source=0x101 }
08-03 16:16:00.218  7692  7692 I Input   : injectKeyEvent: KeyEvent { action=ACTION_UP, keyCode=KEYCODE_DEL, scanCode=0, metaState=0, flags=0x0, repeatCount=0, eventTime=231814, downTime=231814, deviceId=-1, source=0x101 }
08-03 16:16:00.219  7692  7692 I Input   : injectKeyEvent: KeyEvent { action=ACTION_DOWN, keyCode=KEYCODE_DEL, scanCode=0, metaState=0, flags=0x0, repeatCount=0, eventTime=231816, downTime=231816, deviceId=-1, source=0x101 }
08-03 16:16:00.220  7692  7692 I Input   : injectKeyEvent: KeyEvent { action=ACTION_UP, keyCode=KEYCODE_DEL, scanCode=0, metaState=0, flags=0x0, repeatCount=0, eventTime=231816, downTime=231816, deviceId=-1, source=0x101 }
08-03 16:16:00.221  7692  7692 I Input   : injectKeyEvent: KeyEvent { action=ACTION_DOWN, keyCode=KEYCODE_DEL, scanCode=0, metaState=0, flags=0x0, repeatCount=0, eventTime=231818, downTime=231818, deviceId=-1, source=0x101 }
08-03 16:16:00.222  7692  7692 I Input   : injectKeyEvent: KeyEvent { action=ACTION_UP, keyCode=KEYCODE_DEL, scanCode=0, metaState=0, flags=0x0, repeatCount=0, eventTime=231818, downTime=231818, deviceId=-1, source=0x101 }
08-03 16:16:00.224  7692  7692 D AndroidRuntime: Shutting down VM
08-03 16:16:00.374  7702  7702 D AndroidRuntime: >>>>>> START com.android.internal.os.RuntimeInit uid 2000 <<<<<<
08-03 16:16:00.375  7702  7702 D AndroidRuntime: CheckJNI is ON
08-03 16:16:00.387  7702  7702 W art     : Unexpected CPU variant for X86 using defaults: x86
08-03 16:16:00.390  7702  7702 D ICU     : No timezone override file found: /data/misc/zoneinfo/current/icu/icu_tzdata.dat
08-03 16:16:00.400  7702  7702 E memtrack: Couldn't load memtrack module (No such file or directory)
08-03 16:16:00.400  7702  7702 E android.os.Debug: failed to load memtrack module: -2
08-03 16:16:00.401  7702  7702 I Radio-JNI: register_android_hardware_Radio DONE
08-03 16:16:00.405  7702  7702 D AndroidRuntime: Calling main entry com.android.commands.input.Input
08-03 16:16:00.408  7702  7702 I Input   : injectKeyEvent: KeyEvent { action=ACTION_DOWN, keyCode=KEYCODE_N, scanCode=0, metaState=0, flags=0x0, repeatCount=0, eventTime=232004, downTime=232004, deviceId=-1, source=0x101 }
08-03 16:16:00.409  7702  7702 I Input   : injectKeyEvent: KeyEvent { action=ACTION_UP, keyCode=KEYCODE_N, scanCode=0, metaState=0, flags=0x0, repeatCount=0, eventTime=232004, downTime=232004, deviceId=-1, source=0x101 }
08-03 16:16:00.410  7702  7702 I Input   : injectKeyEvent: KeyEvent { action=ACTION_DOWN, keyCode=KEYCODE_U, scanCode=0, metaState=0, flags=0x0, repeatCount=0, eventTime=232004, downTime=232004, deviceId=-1, source=0x101 }
08-03 16:16:00.411  7702  7702 I Input   : injectKeyEvent: KeyEvent { action=ACTION_UP, keyCode=KEYCODE_U, scanCode=0, metaState=0, flags=0x0, repeatCount=0, eventTime=232004, downTime=232004, deviceId=-1, source=0x101 }
08-03 16:16:00.412  7702  7702 I Input   : injectKeyEvent: KeyEvent { action=ACTION_DOWN, keyCode=KEYCODE_L, scanCode=0, metaState=0, flags=0x0, repeatCount=0, eventTime=232004, downTime=232004, deviceId=-1, source=0x101 }
08-03 16:16:00.413  7702  7702 I Input   : injectKeyEvent: KeyEvent { action=ACTION_UP, keyCode=KEYCODE_L, scanCode=0, metaState=0, flags=0x0, repeatCount=0, eventTime=232004, downTime=232004, deviceId=-1, source=0x101 }
08-03 16:16:00.414  7702  7702 I Input   : injectKeyEvent: KeyEvent { action=ACTION_DOWN, keyCode=KEYCODE_L, scanCode=0, metaState=0, flags=0x0, repeatCount=0, eventTime=232004, downTime=232004, deviceId=-1, source=0x101 }
08-03 16:16:00.415  7702  7702 I Input   : injectKeyEvent: KeyEvent { action=ACTION_UP, keyCode=KEYCODE_L, scanCode=0, metaState=0, flags=0x0, repeatCount=0, eventTime=232004, downTime=232004, deviceId=-1, source=0x101 }
08-03 16:16:00.416  7702  7702 D AndroidRuntime: Shutting down VM
08-03 16:16:00.455  7717  7717 W ls      : type=1400 audit(0.0:25): avc: denied { getattr } for path="/proc/sysrq-trigger" dev="proc" ino=4026532069 scontext=u:r:shell:s0 tcontext=u:object_r:proc_sysrq:s0 tclass=file permissive=0
08-03 16:16:00.455  7717  7717 W ls      : type=1400 audit(0.0:26): avc: denied { getattr } for path="/proc/iomem" dev="proc" ino=4026532007 scontext=u:r:shell:s0 tcontext=u:object_r:proc_iomem:s0 tclass=file permissive=0
08-03 16:16:01.805  1342  1654 E SurfaceFlinger: ro.sf.lcd_density must be defined as a build property
08-03 16:16:01.806  1342  7664 D gralloc_ranchu: gralloc_alloc: Creating ashmem region of size 8294400
08-03 16:16:01.809  1342  7664 D         : HostConnection::get() New Host Connection established 0xb54bf040, tid 7664
08-03 16:16:01.818  7990  7990 D         : HostConnection::get() New Host Connection established 0xaff9b2c0, tid 7990
08-03 16:16:01.823  1342  1342 E EGL_emulation: tid 1342: eglCreateSyncKHR(1901): error 0x3004 (EGL_BAD_ATTRIBUTE)
08-03 16:16:02.080  7996  7996 D AndroidRuntime: >>>>>> START com.android.internal.os.RuntimeInit uid 2000 <<<<<<
08-03 16:16:02.081  7996  7996 D AndroidRuntime: CheckJNI is ON
08-03 16:16:02.094  7996  7996 W art     : Unexpected CPU variant for X86 using defaults: x86
08-03 16:16:02.097  7996  7996 D ICU     : No timezone override file found: /data/misc/zoneinfo/current/icu/icu_tzdata.dat
08-03 16:16:02.109  7996  7996 E memtrack: Couldn't load memtrack module (No such file or directory)
08-03 16:16:02.109  7996  7996 E android.os.Debug: failed to load memtrack module: -2
08-03 16:16:02.110  7996  7996 I Radio-JNI: register_android_hardware_Radio DONE
08-03 16:16:02.115  7996  7996 D AndroidRuntime: Calling main entry com.android.commands.am.Am
08-03 16:16:02.121  3604  3604 D MediaScannerReceiver: action: android.intent.action.MEDIA_SCANNER_SCAN_FILE path: /storage/emulated/0/screen.png
08-03 16:16:02.122  7996  7996 D AndroidRuntime: Shutting down VM
08-03 16:16:04.474  8009  8009 D AndroidRuntime: >>>>>> START com.android.internal.os.RuntimeInit uid 2000 <<<<<<
08-03 16:16:04.475  8009  8009 D AndroidRuntime: CheckJNI is ON
08-03 16:16:04.488  8009  8009 W art     : Unexpected CPU variant for X86 using defaults: x86
08-03 16:16:04.491  8009  8009 D ICU     : No timezone override file found: /data/local/tmp/misc/zoneinfo/current/icu/icu_tzdata.dat
08-03 16:16:04.503  8009  8009 E memtrack: Couldn't load memtrack module (No such file or directory)
08-03 16:16:04.503  8009  8009 E android.os.Debug: failed to load memtrack module: -2
08-03 16:16:04.503  8009  8009 I Radio-JNI: register_android_hardware_Radio DONE
08-03 16:16:04.507  8009  8009 D AndroidRuntime: Calling main entry com.android.commands.uiautomator.Launcher
08-03 16:16:05.522  8009  8009 W AccessibilityNodeInfoDumper: Fetch time: 2ms
08-03 16:16:05.522  1628  1724 W WindowManager: Attempted to remove non-existing token: android.os.Binder@c26bd87
08-03 16:16:05.526  1709  1709 V PhoneStatusBar: setLightsOn(true)
08-03 16:16:05.538  8009  8009 D AndroidRuntime: Shutting down VM
08-03 16:16:07.757  8023  8023 D AndroidRuntime: >>>>>> START com.android.internal.os.RuntimeInit uid 2000 <<<<<<
08-03 16:16:07.758  8023  8023 D AndroidRuntime: CheckJNI is ON
08-03 16:16:07.770  8023  8023 W art     : Unexpected CPU variant for X86 using defaults: x86
08-03 16:16:07.772  8023  8023 D ICU     : No timezone override file found: /data/local/tmp/misc/zoneinfo/current/icu/icu_tzdata.dat
08-03 16:16:07.786  8023  8023 E memtrack: Couldn't load memtrack module (No such file or directory)
08-03 16:16:07.786  8023  8023 E android.os.Debug: failed to load memtrack module: -2
08-03 16:16:07.786  8023  8023 I Radio-JNI: register_android_hardware_Radio DONE
08-03 16:16:07.790  8023  8023 D AndroidRuntime: Calling main entry com.android.commands.uiautomator.Launcher
08-03 16:16:08.805  8023  8023 W AccessibilityNodeInfoDumper: Fetch time: 2ms
08-03 16:16:08.806  1628  2002 W WindowManager: Attempted to remove non-existing token: android.os.Binder@b3108dd
08-03 16:16:08.808  1709  1709 V PhoneStatusBar: setLightsOn(true)
08-03 16:16:08.822  8023  8023 D AndroidRuntime: Shutting down VM
08-03 16:16:09.604  8052  8052 D AndroidRuntime: >>>>>> START com.android.internal.os.RuntimeInit uid 2000 <<<<<<
08-03 16:16:09.606  8052  8052 D AndroidRuntime: CheckJNI is ON
08-03 16:16:09.618  8052  8052 W art     : Unexpected CPU variant for X86 using defaults: x86
08-03 16:16:09.621  8052  8052 D ICU     : No timezone override file found: /data/local/tmp/misc/zoneinfo/current/icu/icu_tzdata.dat
08-03 16:16:09.633  8052  8052 E memtrack: Couldn't load memtrack module (No such file or directory)
08-03 16:16:09.633  8052  8052 E android.os.Debug: failed to load memtrack module: -2
08-03 16:16:09.633  8052  8052 I Radio-JNI: register_android_hardware_Radio DONE
08-03 16:16:09.637  8052  8052 D AndroidRuntime: Calling main entry com.android.commands.uiautomator.Launcher
08-03 16:16:10.652  8052  8052 W AccessibilityNodeInfoDumper: Fetch time: 2ms
08-03 16:16:10.653  1628  2147 W WindowManager: Attempted to remove non-existing token: android.os.Binder@27ab23
08-03 16:16:10.656  1709  1709 V PhoneStatusBar: setLightsOn(true)
08-03 16:16:10.671  8052  8052 D AndroidRuntime: Shutting down VM
08-03 16:16:10.873  8070  8070 D AndroidRuntime: >>>>>> START com.android.internal.os.RuntimeInit uid 2000 <<<<<<
08-03 16:16:10.874  8070  8070 D AndroidRuntime: CheckJNI is ON
08-03 16:16:10.886  8070  8070 W art     : Unexpected CPU variant for X86 using defaults: x86
08-03 16:16:10.889  8070  8070 D ICU     : No timezone override file found: /data/local/tmp/misc/zoneinfo/current/icu/icu_tzdata.dat
08-03 16:16:10.905  8070  8070 E memtrack: Couldn't load memtrack module (No such file or directory)
08-03 16:16:10.905  8070  8070 E android.os.Debug: failed to load memtrack module: -2
08-03 16:16:10.906  8070  8070 I Radio-JNI: register_android_hardware_Radio DONE
08-03 16:16:10.910  8070  8070 D AndroidRuntime: Calling main entry com.android.commands.uiautomator.Launcher
08-03 16:16:11.930  8070  8070 W AccessibilityNodeInfoDumper: Fetch time: 1ms
08-03 16:16:11.930  1628  2002 W WindowManager: Attempted to remove non-existing token: android.os.Binder@33a55d9
08-03 16:16:11.933  1709  1709 V PhoneStatusBar: setLightsOn(true)
08-03 16:16:11.939  8070  8070 D AndroidRuntime: Shutting down VM
08-03 16:16:12.106  8082  8082 D AndroidRuntime: >>>>>> START com.android.internal.os.RuntimeInit uid 2000 <<<<<<
08-03 16:16:12.108  8082  8082 D AndroidRuntime: CheckJNI is ON
08-03 16:16:12.120  8082  8082 W art     : Unexpected CPU variant for X86 using defaults: x86
08-03 16:16:12.122  8082  8082 D ICU     : No timezone override file found: /data/misc/zoneinfo/current/icu/icu_tzdata.dat
08-03 16:16:12.131  8082  8082 E memtrack: Couldn't load memtrack module (No such file or directory)
08-03 16:16:12.132  8082  8082 E android.os.Debug: failed to load memtrack module: -2
08-03 16:16:12.132  8082  8082 I Radio-JNI: register_android_hardware_Radio DONE
08-03 16:16:12.136  8082  8082 D AndroidRuntime: Calling main entry com.android.commands.input.Input
08-03 16:16:12.138  8082  8082 I Input   : injectKeyEvent: KeyEvent { action=ACTION_DOWN, keyCode=KEYCODE_MENU, scanCode=0, metaState=0, flags=0x0, repeatCount=0, eventTime=243734, downTime=243734, deviceId=-1, source=0x101 }
08-03 16:16:12.140  8082  8082 I Input   : injectKeyEvent: KeyEvent { action=ACTION_UP, keyCode=KEYCODE_MENU, scanCode=0, metaState=0, flags=0x0, repeatCount=0, eventTime=243734, downTime=243734, deviceId=-1, source=0x101 }
08-03 16:16:12.146  8082  8082 D AndroidRuntime: Shutting down VM
08-03 16:16:12.153  1389  1409 W audio_hw_generic: Not supplying enough data to HAL, expected position 618742 , only wrote 618480
08-03 16:16:14.695  8098  8098 W ls      : type=1400 audit(0.0:27): avc: denied { getattr } for path="/proc/sysrq-trigger" dev="proc" ino=4026532069 scontext=u:r:shell:s0 tcontext=u:object_r:proc_sysrq:s0 tclass=file permissive=0
08-03 16:16:14.695  8098  8098 W ls      : type=1400 audit(0.0:28): avc: denied { getattr } for path="/proc/iomem" dev="proc" ino=4026532007 scontext=u:r:shell:s0 tcontext=u:object_r:proc_iomem:s0 tclass=file permissive=0
08-03 16:16:15.365  1389  1410 W audio_hw_generic: Not supplying enough data to HAL, expected position 924747 , only wrote 772560
08-03 16:16:16.208  8380  8380 D AndroidRuntime: >>>>>> START com.android.internal.os.RuntimeInit uid 2000 <<<<<<
08-03 16:16:16.209  8380  8380 D AndroidRuntime: CheckJNI is ON
08-03 16:16:16.221  8380  8380 W art     : Unexpected CPU variant for X86 using defaults: x86
08-03 16:16:16.224  8380  8380 D ICU     : No timezone override file found: /data/local/tmp/misc/zoneinfo/current/icu/icu_tzdata.dat
08-03 16:16:16.238  8380  8380 E memtrack: Couldn't load memtrack module (No such file or directory)
08-03 16:16:16.238  8380  8380 E android.os.Debug: failed to load memtrack module: -2
08-03 16:16:16.239  8380  8380 I Radio-JNI: register_android_hardware_Radio DONE
08-03 16:16:16.243  8380  8380 D AndroidRuntime: Calling main entry com.android.commands.uiautomator.Launcher
08-03 16:16:17.260  8380  8380 W AccessibilityNodeInfoDumper: Fetch time: 1ms
08-03 16:16:17.260  1628  1764 W WindowManager: Attempted to remove non-existing token: android.os.Binder@bbfe711
08-03 16:16:17.263  1709  1709 V PhoneStatusBar: setLightsOn(true)
08-03 16:16:17.271  8380  8380 D AndroidRuntime: Shutting down VM
08-03 16:16:18.030  8406  8406 D AndroidRuntime: >>>>>> START com.android.internal.os.RuntimeInit uid 2000 <<<<<<
08-03 16:16:18.031  8406  8406 D AndroidRuntime: CheckJNI is ON
08-03 16:16:18.060  8406  8406 W art     : Unexpected CPU variant for X86 using defaults: x86
08-03 16:16:18.062  8406  8406 D ICU     : No timezone override file found: /data/local/tmp/misc/zoneinfo/current/icu/icu_tzdata.dat
08-03 16:16:18.077  8406  8406 E memtrack: Couldn't load memtrack module (No such file or directory)
08-03 16:16:18.077  8406  8406 E android.os.Debug: failed to load memtrack module: -2
08-03 16:16:18.078  8406  8406 I Radio-JNI: register_android_hardware_Radio DONE
08-03 16:16:18.082  8406  8406 D AndroidRuntime: Calling main entry com.android.commands.uiautomator.Launcher
08-03 16:16:19.104  8406  8406 W AccessibilityNodeInfoDumper: Fetch time: 3ms
08-03 16:16:19.106  1628  2769 W WindowManager: Attempted to remove non-existing token: android.os.Binder@1541677
08-03 16:16:19.115  1709  1709 V PhoneStatusBar: setLightsOn(true)
08-03 16:16:19.123  8406  8406 D AndroidRuntime: Shutting down VM
08-03 16:16:19.930  8433  8433 D AndroidRuntime: >>>>>> START com.android.internal.os.RuntimeInit uid 2000 <<<<<<
08-03 16:16:19.932  8433  8433 D AndroidRuntime: CheckJNI is ON
08-03 16:16:19.947  8433  8433 W art     : Unexpected CPU variant for X86 using defaults: x86
08-03 16:16:19.950  8433  8433 D ICU     : No timezone override file found: /data/local/tmp/misc/zoneinfo/current/icu/icu_tzdata.dat
08-03 16:16:19.965  8433  8433 E memtrack: Couldn't load memtrack module (No such file or directory)
08-03 16:16:19.965  8433  8433 E android.os.Debug: failed to load memtrack module: -2
08-03 16:16:19.966  8433  8433 I Radio-JNI: register_android_hardware_Radio DONE
08-03 16:16:19.971  8433  8433 D AndroidRuntime: Calling main entry com.android.commands.uiautomator.Launcher
08-03 16:16:20.989  8433  8433 W AccessibilityNodeInfoDumper: Fetch time: 2ms
08-03 16:16:20.990  1628  1724 W WindowManager: Attempted to remove non-existing token: android.os.Binder@ce9a313
08-03 16:16:20.994  1709  1709 V PhoneStatusBar: setLightsOn(true)
08-03 16:16:21.005  8433  8433 D AndroidRuntime: Shutting down VM
08-03 16:16:21.209  8451  8451 D AndroidRuntime: >>>>>> START com.android.internal.os.RuntimeInit uid 2000 <<<<<<
08-03 16:16:21.210  8451  8451 D AndroidRuntime: CheckJNI is ON
08-03 16:16:21.223  8451  8451 W art     : Unexpected CPU variant for X86 using defaults: x86
08-03 16:16:21.226  8451  8451 D ICU     : No timezone override file found: /data/local/tmp/misc/zoneinfo/current/icu/icu_tzdata.dat
08-03 16:16:21.241  8451  8451 E memtrack: Couldn't load memtrack module (No such file or directory)
