08-03 16:14:29.700  5502  5502 E memtrack: Couldn't load memtrack module (No such file or directory)
08-03 16:14:29.700  5502  5502 E android.os.Debug: failed to load memtrack module: -2
08-03 16:14:29.700  5502  5502 I Radio-JNI: register_android_hardware_Radio DONE
08-03 16:14:29.704  5502  5502 D AndroidRuntime: Calling main entry com.android.commands.uiautomator.Launcher
08-03 16:14:30.725  5502  5502 W AccessibilityNodeInfoDumper: Fetch time: 1ms
08-03 16:14:30.725  1628  2010 W WindowManager: Attempted to remove non-existing token: android.os.Binder@3aa2d57
08-03 16:14:30.728  1709  1709 V PhoneStatusBar: setLightsOn(true)
08-03 16:14:30.738  5502  5502 D AndroidRuntime: Shutting down VM
08-03 16:14:31.508  5528  5528 D AndroidRuntime: >>>>>> START com.android.internal.os.RuntimeInit uid 2000 <<<<<<
08-03 16:14:31.510  5528  5528 D AndroidRuntime: CheckJNI is ON
08-03 16:14:31.522  5528  5528 W art     : Unexpected CPU variant for X86 using defaults: x86
08-03 16:14:31.525  5528  5528 D ICU     : No timezone override file found: /data/local/tmp/misc/zoneinfo/current/icu/icu_tzdata.dat
08-03 16:14:31.537  5528  5528 E memtrack: Couldn't load memtrack module (No such file or directory)
08-03 16:14:31.537  5528  5528 E android.os.Debug: failed to load memtrack module: -2
08-03 16:14:31.538  5528  5528 I Radio-JNI: register_android_hardware_Radio DONE
08-03 16:14:31.542  5528  5528 D AndroidRuntime: Calling main entry com.android.commands.uiautomator.Launcher
08-03 16:14:32.558  5528  5528 W AccessibilityNodeInfoDumper: Fetch time: 1ms
08-03 16:14:32.558  1628  2003 W WindowManager: Attempted to remove non-existing token: android.os.Binder@2fd052d
08-03 16:14:32.562  1709  1709 V PhoneStatusBar: setLightsOn(true)
08-03 16:14:32.571  5528  5528 D AndroidRuntime: Shutting down VM
08-03 16:14:33.378  5561  5561 D AndroidRuntime: >>>>>> START com.android.internal.os.RuntimeInit uid 2000 <<<<<<
08-03 16:14:33.380  5561  5561 D AndroidRuntime: CheckJNI is ON
08-03 16:14:33.393  5561  5561 W art     : Unexpected CPU variant for X86 using defaults: x86
08-03 16:14:33.395  5561  5561 D ICU     : No timezone override file found: /data/local/tmp/misc/zoneinfo/current/icu/icu_tzdata.dat
08-03 16:14:33.416  5561  5561 E memtrack: Couldn't load memtrack module (No such file or directory)
08-03 16:14:33.416  5561  5561 E android.os.Debug: failed to load memtrack module: -2
08-03 16:14:33.417  5561  5561 I Radio-JNI: register_android_hardware_Radio DONE
08-03 16:14:33.421  5561  5561 D AndroidRuntime: Calling main entry com.android.commands.uiautomator.Launcher
08-03 16:14:34.438  5561  5561 W AccessibilityNodeInfoDumper: Fetch time: 1ms
08-03 16:14:34.438  1628  2768 W WindowManager: Attempted to remove non-existing token: android.os.Binder@33a47f3
08-03 16:14:34.441  1709  1709 V PhoneStatusBar: setLightsOn(true)
08-03 16:14:34.456  5561  5561 D AndroidRuntime: Shutting down VM
08-03 16:14:34.572  1342  1350 E SurfaceFlinger: ro.sf.lcd_density must be defined as a build property
08-03 16:14:34.574  1342  1654 D gralloc_ranchu: gralloc_alloc: Creating ashmem region of size 8294400
08-03 16:14:34.584  5577  5577 D         : HostConnection::get() New Host Connection established 0xac21b2c0, tid 5577
08-03 16:14:34.590  1342  1342 E EGL_emulation: tid 1342: eglCreateSyncKHR(1901): error 0x3004 (EGL_BAD_ATTRIBUTE)
08-03 16:14:34.840  5583  5583 D AndroidRuntime: >>>>>> START com.android.internal.os.RuntimeInit uid 2000 <<<<<<
08-03 16:14:34.841  5583  5583 D AndroidRuntime: CheckJNI is ON
08-03 16:14:34.854  5583  5583 W art     : Unexpected CPU variant for X86 using defaults: x86
08-03 16:14:34.856  5583  5583 D ICU     : No timezone override file found: /data/misc/zoneinfo/current/icu/icu_tzdata.dat
08-03 16:14:34.867  5583  5583 E memtrack: Couldn't load memtrack module (No such file or directory)
08-03 16:14:34.867  5583  5583 E android.os.Debug: failed to load memtrack module: -2
08-03 16:14:34.867  5583  5583 I Radio-JNI: register_android_hardware_Radio DONE
08-03 16:14:34.872  5583  5583 D AndroidRuntime: Calling main entry com.android.commands.am.Am
08-03 16:14:34.879  3604  3604 D MediaScannerReceiver: action: android.intent.action.MEDIA_SCANNER_SCAN_FILE path: /storage/emulated/0/screen.png
08-03 16:14:34.881  5583  5583 D AndroidRuntime: Shutting down VM
08-03 16:14:37.220  5596  5596 D AndroidRuntime: >>>>>> START com.android.internal.os.RuntimeInit uid 2000 <<<<<<
08-03 16:14:37.221  5596  5596 D AndroidRuntime: CheckJNI is ON
08-03 16:14:37.233  5596  5596 W art     : Unexpected CPU variant for X86 using defaults: x86
08-03 16:14:37.236  5596  5596 D ICU     : No timezone override file found: /data/local/tmp/misc/zoneinfo/current/icu/icu_tzdata.dat
08-03 16:14:37.251  5596  5596 E memtrack: Couldn't load memtrack module (No such file or directory)
08-03 16:14:37.251  5596  5596 E android.os.Debug: failed to load memtrack module: -2
08-03 16:14:37.251  5596  5596 I Radio-JNI: register_android_hardware_Radio DONE
08-03 16:14:37.255  5596  5596 D AndroidRuntime: Calling main entry com.android.commands.uiautomator.Launcher
08-03 16:14:38.275  5596  5596 W AccessibilityNodeInfoDumper: Fetch time: 2ms
08-03 16:14:38.275  1628  2768 W WindowManager: Attempted to remove non-existing token: android.os.Binder@db67aae
08-03 16:14:38.278  1709  1709 V PhoneStatusBar: setLightsOn(true)
08-03 16:14:38.288  5596  5596 D AndroidRuntime: Shutting down VM
08-03 16:14:41.047  5622  5622 D AndroidRuntime: >>>>>> START com.android.internal.os.RuntimeInit uid 2000 <<<<<<
08-03 16:14:41.048  5622  5622 D AndroidRuntime: CheckJNI is ON
08-03 16:14:41.059  5622  5622 W art     : Unexpected CPU variant for X86 using defaults: x86
08-03 16:14:41.062  5622  5622 D ICU     : No timezone override file found: /data/local/tmp/misc/zoneinfo/current/icu/icu_tzdata.dat
08-03 16:14:41.075  5622  5622 E memtrack: Couldn't load memtrack module (No such file or directory)
08-03 16:14:41.075  5622  5622 E android.os.Debug: failed to load memtrack module: -2
08-03 16:14:41.076  5622  5622 I Radio-JNI: register_android_hardware_Radio DONE
08-03 16:14:41.079  5622  5622 D AndroidRuntime: Calling main entry com.android.commands.uiautomator.Launcher
08-03 16:14:42.094  5622  5622 W AccessibilityNodeInfoDumper: Fetch time: 2ms
08-03 16:14:42.094  1628  2010 W WindowManager: Attempted to remove non-existing token: android.os.Binder@a7393ba
08-03 16:14:42.097  1709  1709 V PhoneStatusBar: setLightsOn(true)
08-03 16:14:42.104  5622  5622 D AndroidRuntime: Shutting down VM
08-03 16:14:42.301  5640  5640 D AndroidRuntime: >>>>>> START com.android.internal.os.RuntimeInit uid 2000 <<<<<<
08-03 16:14:42.302  5640  5640 D AndroidRuntime: CheckJNI is ON
08-03 16:14:42.314  5640  5640 W art     : Unexpected CPU variant for X86 using defaults: x86
08-03 16:14:42.316  5640  5640 D ICU     : No timezone override file found: /data/local/tmp/misc/zoneinfo/current/icu/icu_tzdata.dat
08-03 16:14:42.328  5640  5640 E memtrack: Couldn't load memtrack module (No such file or directory)
08-03 16:14:42.328  5640  5640 E android.os.Debug: failed to load memtrack module: -2
08-03 16:14:42.329  5640  5640 I Radio-JNI: register_android_hardware_Radio DONE
08-03 16:14:42.333  5640  5640 D AndroidRuntime: Calling main entry com.android.commands.uiautomator.Launcher
08-03 16:14:43.352  5640  5640 W AccessibilityNodeInfoDumper: Fetch time: 1ms
08-03 16:14:43.352  1628  1724 W WindowManager: Attempted to remove non-existing token: android.os.Binder@3d591c8
08-03 16:14:43.355  1709  1709 V PhoneStatusBar: setLightsOn(true)
08-03 16:14:43.371  5640  5640 D AndroidRuntime: Shutting down VM
08-03 16:14:44.134  5666  5666 D AndroidRuntime: >>>>>> START com.android.internal.os.RuntimeInit uid 2000 <<<<<<
08-03 16:14:44.135  5666  5666 D AndroidRuntime: CheckJNI is ON
08-03 16:14:44.147  5666  5666 W art     : Unexpected CPU variant for X86 using defaults: x86
08-03 16:14:44.150  5666  5666 D ICU     : No timezone override file found: /data/local/tmp/misc/zoneinfo/current/icu/icu_tzdata.dat
08-03 16:14:44.165  5666  5666 E memtrack: Couldn't load memtrack module (No such file or directory)
08-03 16:14:44.165  5666  5666 E android.os.Debug: failed to load memtrack module: -2
08-03 16:14:44.165  5666  5666 I Radio-JNI: register_android_hardware_Radio DONE
08-03 16:14:44.170  5666  5666 D AndroidRuntime: Calling main entry com.android.commands.uiautomator.Launcher
08-03 16:14:44.760  1628  1660 W ActivityManager: Unable to start service Intent { act=com.google.android.gms.drive.ApiService.RESET_AFTER_BOOT flg=0x4 cmp=com.google.android.gms/.drive.api.ApiService (has extras) } U=0: not found
08-03 16:14:44.931  2041  5683 I GoogleURLConnFactory: Using platform SSLCertificateSocketFactory
08-03 16:14:44.946  2041  5683 I GoogleURLConnFactory: Using platform SSLCertificateSocketFactory
08-03 16:14:45.025  2470  2470 W Binder:2470_2: type=1400 audit(0.0:16): avc: denied { read } for name="/" dev="tmpfs" ino=87 scontext=u:r:priv_app:s0:c512,c768 tcontext=u:object_r:device:s0 tclass=dir permissive=0
08-03 16:14:45.044  2470  2482 D EGL_emulation: eglCreateContext: 0x9b0ad9e0: maj 2 min 0 rcv 2
08-03 16:14:45.045  2470  2482 D EGL_emulation: eglMakeCurrent: 0x9b0ad9e0: ver 2 0 (tinfo 0x850c3940)
08-03 16:14:45.069  2470  2482 D EGL_emulation: eglCreateContext: 0x9b0ace40: maj 2 min 0 rcv 2
08-03 16:14:45.070  2470  2482 D EGL_emulation: eglMakeCurrent: 0x9b0ace40: ver 2 0 (tinfo 0x850c3940)
08-03 16:14:45.133  2041  2888 W ConfigurationChimeraPro: Got null configs for com.google.android.gms.auth.account.base
08-03 16:14:45.182  2041  2518 W Conscrypt: Could not set socket write timeout:
08-03 16:14:45.182  2041  2518 W Conscrypt:    java.lang.reflect.Method.invoke(Native Method)
08-03 16:14:45.182  2041  2518 W Conscrypt:    com.google.android.gms.org.conscrypt.Platform.setSocketWriteTimeout(:com.google.android.gms@11743470:13)
08-03 16:14:45.185  5666  5666 W AccessibilityNodeInfoDumper: Fetch time: 1ms
08-03 16:14:45.186  1628  1639 W WindowManager: Attempted to remove non-existing token: android.os.Binder@b73186
08-03 16:14:45.188  1709  1709 V PhoneStatusBar: setLightsOn(true)
08-03 16:14:45.204  5666  5666 D AndroidRuntime: Shutting down VM
08-03 16:14:45.207  2041  2518 W Conscrypt: Could not set socket write timeout:
08-03 16:14:45.207  2041  2518 W Conscrypt:    java.lang.reflect.Method.invoke(Native Method)
08-03 16:14:45.207  2041  2518 W Conscrypt:    com.google.android.gms.org.conscrypt.Platform.setSocketWriteTimeout(:com.google.android.gms@11743470:13)
08-03 16:14:45.232  2041  2888 W GLSUser : [AppCertManager] Failed to get security token.
08-03 16:14:45.232  2041  2888 W GLSUser : java.io.IOException: INVALID_SENDER
08-03 16:14:45.232  2041  2888 W GLSUser : 	at vfm.b(:com.google.android.gms@11743470:39)
08-03 16:14:45.232  2041  2888 W GLSUser : 	at vfm.a(:com.google.android.gms@11743470:47)
08-03 16:14:45.232  2041  2888 W GLSUser : 	at vfj.b(:com.google.android.gms@11743470:11)
08-03 16:14:45.232  2041  2888 W GLSUser : 	at vfj.a(:com.google.android.gms@11743470:29)
08-03 16:14:45.232  2041  2888 W GLSUser : 	at eyw.b(:com.google.android.gms@11743470:4)
08-03 16:14:45.232  2041  2888 W GLSUser : 	at eyw.a(:com.google.android.gms@11743470:56)
08-03 16:14:45.232  2041  2888 W GLSUser : 	at eyu.a(:com.google.android.gms@11743470:8)
08-03 16:14:45.232  2041  2888 W GLSUser : 	at eyq.a(:com.google.android.gms@11743470:1)
08-03 16:14:45.232  2041  2888 W GLSUser : 	at eyp.a(:com.google.android.gms@11743470:10)
08-03 16:14:45.232  2041  2888 W GLSUser : 	at com.google.android.gms.auth.account.be.legacy.AuthCronChimeraService.b(:com.google.android.gms@11743470:7)
08-03 16:14:45.232  2041  2888 W GLSUser : 	at edr.call(:com.google.android.gms@11743470:3)
08-03 16:14:45.232  2041  2888 W GLSUser : 	at java.util.concurrent.FutureTask.run(FutureTask.java:237)
08-03 16:14:45.232  2041  2888 W GLSUser : 	at mmu.run(:com.google.android.gms@11743470:26)
08-03 16:14:45.232  2041  2888 W GLSUser : 	at java.util.concurrent.ThreadPoolExecutor.runWorker(ThreadPoolExecutor.java:1133)
08-03 16:14:45.232  2041  2888 W GLSUser : 	at java.util.concurrent.ThreadPoolExecutor$Worker.run(ThreadPoolExecutor.java:607)
08-03 16:14:45.232  2041  2888 W GLSUser : 	at mse.run(:com.google.android.gms@11743470)
08-03 16:14:45.232  2041  2888 W GLSUser : 	at java.lang.Thread.run(Thread.java:761)
08-03 16:14:45.250  2041  2888 W Conscrypt: Could not set socket write timeout:
08-03 16:14:45.251  2041  2888 W Conscrypt:    java.lang.reflect.Method.invoke(Native Method)
08-03 16:14:45.251  2041  2888 W Conscrypt:    com.google.android.gms.org.conscrypt.Platform.setSocketWriteTimeout(:com.google.android.gms@11743470:13)
08-03 16:14:45.274  2041  2888 W Conscrypt: Could not set socket write timeout:
08-03 16:14:45.274  2041  2888 W Conscrypt:    java.lang.reflect.Method.invoke(Native Method)
08-03 16:14:45.274  2041  2888 W Conscrypt:    com.google.android.gms.org.conscrypt.Platform.setSocketWriteTimeout(:com.google.android.gms@11743470:13)
08-03 16:14:45.305  2041  2888 W GLSUser : [AppCertManager] IOException while requesting key: 
08-03 16:14:45.305  2041  2888 W GLSUser : java.io.IOException: Invalid device key response.
08-03 16:14:45.305  2041  2888 W GLSUser : 	at eyw.a(:com.google.android.gms@11743470:14)
08-03 16:14:45.305  2041  2888 W GLSUser : 	at eyw.a(:com.google.android.gms@11743470:65)
08-03 16:14:45.305  2041  2888 W GLSUser : 	at eyu.a(:com.google.android.gms@11743470:8)
08-03 16:14:45.305  2041  2888 W GLSUser : 	at eyq.a(:com.google.android.gms@11743470:1)
08-03 16:14:45.305  2041  2888 W GLSUser : 	at eyp.a(:com.google.android.gms@11743470:10)
08-03 16:14:45.305  2041  2888 W GLSUser : 	at com.google.android.gms.auth.account.be.legacy.AuthCronChimeraService.b(:com.google.android.gms@11743470:7)
08-03 16:14:45.305  2041  2888 W GLSUser : 	at edr.call(:com.google.android.gms@11743470:3)
08-03 16:14:45.305  2041  2888 W GLSUser : 	at java.util.concurrent.FutureTask.run(FutureTask.java:237)
08-03 16:14:45.305  2041  2888 W GLSUser : 	at mmu.run(:com.google.android.gms@11743470:26)
08-03 16:14:45.305  2041  2888 W GLSUser : 	at java.util.concurrent.ThreadPoolExecutor.runWorker(ThreadPoolExecutor.java:1133)
08-03 16:14:45.305  2041  2888 W GLSUser : 	at java.util.concurrent.ThreadPoolExecutor$Worker.run(ThreadPoolExecutor.java:607)
08-03 16:14:45.305  2041  2888 W GLSUser : 	at mse.run(:com.google.android.gms@11743470)
08-03 16:14:45.305  2041  2888 W GLSUser : 	at java.lang.Thread.run(Thread.java:761)
08-03 16:14:45.409  5701  5701 D AndroidRuntime: >>>>>> START com.android.internal.os.RuntimeInit uid 2000 <<<<<<
08-03 16:14:45.411  5701  5701 D AndroidRuntime: CheckJNI is ON
08-03 16:14:45.423  5701  5701 W art     : Unexpected CPU variant for X86 using defaults: x86
08-03 16:14:45.425  5701  5701 D ICU     : No timezone override file found: /data/local/tmp/misc/zoneinfo/current/icu/icu_tzdata.dat
08-03 16:14:45.438  5701  5701 E memtrack: Couldn't load memtrack module (No such file or directory)
08-03 16:14:45.438  5701  5701 E android.os.Debug: failed to load memtrack module: -2
08-03 16:14:45.439  5701  5701 I Radio-JNI: register_android_hardware_Radio DONE
08-03 16:14:45.442  5701  5701 D AndroidRuntime: Calling main entry com.android.commands.uiautomator.Launcher
08-03 16:14:46.457  5701  5701 W AccessibilityNodeInfoDumper: Fetch time: 1ms
08-03 16:14:46.458  1628  2768 W WindowManager: Attempted to remove non-existing token: android.os.Binder@c1d9428
08-03 16:14:46.461  1709  1709 V PhoneStatusBar: setLightsOn(true)
08-03 16:14:46.472  5701  5701 D AndroidRuntime: Shutting down VM
08-03 16:14:47.232  5727  5727 D AndroidRuntime: >>>>>> START com.android.internal.os.RuntimeInit uid 2000 <<<<<<
08-03 16:14:47.233  5727  5727 D AndroidRuntime: CheckJNI is ON
08-03 16:14:47.245  5727  5727 W art     : Unexpected CPU variant for X86 using defaults: x86
08-03 16:14:47.248  5727  5727 D ICU     : No timezone override file found: /data/local/tmp/misc/zoneinfo/current/icu/icu_tzdata.dat
08-03 16:14:47.260  5727  5727 E memtrack: Couldn't load memtrack module (No such file or directory)
08-03 16:14:47.260  5727  5727 E android.os.Debug: failed to load memtrack module: -2
08-03 16:14:47.261  5727  5727 I Radio-JNI: register_android_hardware_Radio DONE
08-03 16:14:47.265  5727  5727 D AndroidRuntime: Calling main entry com.android.commands.uiautomator.Launcher
08-03 16:14:48.281  5727  5727 W AccessibilityNodeInfoDumper: Fetch time: 2ms
08-03 16:14:48.282  1628  2769 W WindowManager: Attempted to remove non-existing token: android.os.Binder@86deae6
08-03 16:14:48.285  1709  1709 V PhoneStatusBar: setLightsOn(true)
08-03 16:14:48.287  5727  5727 D AndroidRuntime: Shutting down VM
08-03 16:14:48.486  5745  5745 D AndroidRuntime: >>>>>> START com.android.internal.os.RuntimeInit uid 2000 <<<<<<
08-03 16:14:48.488  5745  5745 D AndroidRuntime: CheckJNI is ON
08-03 16:14:48.500  5745  5745 W art     : Unexpected CPU variant for X86 using defaults: x86
08-03 16:14:48.502  5745  5745 D ICU     : No timezone override file found: /data/local/tmp/misc/zoneinfo/current/icu/icu_tzdata.dat
08-03 16:14:48.518  5745  5745 E memtrack: Couldn't load memtrack module (No such file or directory)
08-03 16:14:48.518  5745  5745 E android.os.Debug: failed to load memtrack module: -2
08-03 16:14:48.518  5745  5745 I Radio-JNI: register_android_hardware_Radio DONE
08-03 16:14:48.522  5745  5745 D AndroidRuntime: Calling main entry com.android.commands.uiautomator.Launcher
08-03 16:14:49.548  5745  5745 W AccessibilityNodeInfoDumper: Fetch time: 3ms
08-03 16:14:49.549  1628  1639 W WindowManager: Attempted to remove non-existing token: android.os.Binder@9cbcad4
08-03 16:14:49.558  1709  1709 V PhoneStatusBar: setLightsOn(true)
08-03 16:14:49.574  5745  5745 D AndroidRuntime: Shutting down VM
08-03 16:14:49.796  5757  5757 D AndroidRuntime: >>>>>> START com.android.internal.os.RuntimeInit uid 2000 <<<<<<
08-03 16:14:49.799  5757  5757 D AndroidRuntime: CheckJNI is ON
08-03 16:14:49.817  5757  5757 W art     : Unexpected CPU variant for X86 using defaults: x86
08-03 16:14:49.821  5757  5757 D ICU     : No timezone override file found: /data/misc/zoneinfo/current/icu/icu_tzdata.dat
08-03 16:14:49.836  5757  5757 E memtrack: Couldn't load memtrack module (No such file or directory)
08-03 16:14:49.836  5757  5757 E android.os.Debug: failed to load memtrack module: -2
08-03 16:14:49.837  5757  5757 I Radio-JNI: register_android_hardware_Radio DONE
08-03 16:14:49.844  5757  5757 D AndroidRuntime: Calling main entry com.android.commands.input.Input
08-03 16:14:49.850  5757  5757 I Input   : injectMotionEvent: MotionEvent { action=ACTION_DOWN, actionButton=0, id[0]=0, x[0]=540.0, y[0]=873.0, toolType[0]=TOOL_TYPE_UNKNOWN, buttonState=0, metaState=0, flags=0x0, edgeFlags=0x0, pointerCount=1, historySize=0, eventTime=161442, downTime=161442, deviceId=0, source=0x1002 }
08-03 16:14:49.853  5757  5757 I Input   : injectMotionEvent: MotionEvent { action=ACTION_UP, actionButton=0, id[0]=0, x[0]=540.0, y[0]=873.0, toolType[0]=TOOL_TYPE_UNKNOWN, buttonState=0, metaState=0, flags=0x0, edgeFlags=0x0, pointerCount=1, historySize=0, eventTime=161442, downTime=161442, deviceId=0, source=0x1002 }
08-03 16:14:49.855  5757  5757 D AndroidRuntime: Shutting down VM
08-03 16:14:49.880  1694  1694 W RichInputMethodSubtype: Can't find emoji subtype
08-03 16:14:49.880  1694  1694 W RichInputMethodSubtype: No input method subtype found; returning dummy subtype: Multi-lingual subtype: android.view.inputmethod.InputMethodSubtype@d78b2ed0, zz
08-03 16:14:49.908  1694  1694 I EmojiCategory: Last Emoji category id is 8
08-03 16:14:49.919  1694  1694 W ViewPager: Requested offscreen page limit 0 too small; defaulting to 1
08-03 16:14:49.931  1694  1694 I LatinIME: Starting input. Cursor position = 0,0
08-03 16:14:49.952  1342  1350 E SurfaceFlinger: ro.sf.lcd_density must be defined as a build property
08-03 16:14:49.954  1709  1891 D EGL_emulation: eglMakeCurrent: 0x9f7056c0: ver 2 0 (tinfo 0x9f7036f0)
08-03 16:14:49.957  1694  1694 D         : HostConnection::get() New Host Connection established 0x9b0bb400, tid 1694
08-03 16:14:49.974  1709  1709 V PhoneStatusBar: setLightsOn(true)
08-03 16:14:49.988  1709  1709 V PhoneStatusBar: setLightsOn(true)
08-03 16:14:50.006  1694  5774 D         : HostConnection::get() New Host Connection established 0x9b0bb5c0, tid 5774
08-03 16:14:50.011  1694  5774 I OpenGLRenderer: Initialized EGL, version 1.4
08-03 16:14:50.011  1694  5774 D OpenGLRenderer: Swap behavior 1
08-03 16:14:50.011  1694  5774 W OpenGLRenderer: Failed to choose config with EGL_SWAP_BEHAVIOR_PRESERVED, retrying without...
08-03 16:14:50.011  1694  5774 D OpenGLRenderer: Swap behavior 0
08-03 16:14:50.016  1694  5774 D EGL_emulation: eglCreateContext: 0x8daa59c0: maj 2 min 0 rcv 2
08-03 16:14:50.023  1694  5774 D EGL_emulation: eglMakeCurrent: 0x8daa59c0: ver 2 0 (tinfo 0x9b0b9930)
08-03 16:14:50.023  1709  1709 V PhoneStatusBar: setLightsOn(true)
08-03 16:14:50.056  1694  5774 D EGL_emulation: eglMakeCurrent: 0x8daa59c0: ver 2 0 (tinfo 0x9b0b9930)
08-03 16:14:50.099  1709  1709 V PhoneStatusBar: setLightsOn(true)
08-03 16:14:50.104  1709  1709 V PhoneStatusBar: setLightsOn(true)
08-03 16:14:50.122  1709  1709 V PhoneStatusBar: setLightsOn(true)
08-03 16:14:50.132  5775  5775 D AndroidRuntime: >>>>>> START com.android.internal.os.RuntimeInit uid 2000 <<<<<<
08-03 16:14:50.134  5775  5775 D AndroidRuntime: CheckJNI is ON
08-03 16:14:50.149  5775  5775 W art     : Unexpected CPU variant for X86 using defaults: x86
08-03 16:14:50.152  5775  5775 D ICU     : No timezone override file found: /data/misc/zoneinfo/current/icu/icu_tzdata.dat
08-03 16:14:50.165  5775  5775 E memtrack: Couldn't load memtrack module (No such file or directory)
08-03 16:14:50.165  5775  5775 E android.os.Debug: failed to load memtrack module: -2
08-03 16:14:50.167  5775  5775 I Radio-JNI: register_android_hardware_Radio DONE
08-03 16:14:50.173  5775  5775 D AndroidRuntime: Calling main entry com.android.commands.input.Input
08-03 16:14:50.175  5775  5775 I Input   : injectKeyEvent: KeyEvent { action=ACTION_DOWN, keyCode=KEYCODE_ESCAPE, scanCode=0, metaState=0, flags=0x0, repeatCount=0, eventTime=161771, downTime=161771, deviceId=-1, source=0x101 }
08-03 16:14:50.179  5775  5775 I Input   : injectKeyEvent: KeyEvent { action=ACTION_UP, keyCode=KEYCODE_ESCAPE, scanCode=0, metaState=0, flags=0x0, repeatCount=0, eventTime=161771, downTime=161771, deviceId=-1, source=0x101 }
08-03 16:14:50.181  5775  5775 D AndroidRuntime: Shutting down VM
08-03 16:14:50.182  1694  1694 W InputMethodService: Window size has been changed. This may cause jankiness of resizing window: -1 -> -2
08-03 16:14:50.189  1694  5774 D EGL_emulation: eglMakeCurrent: 0x8daa59c0: ver 2 0 (tinfo 0x9b0b9930)
08-03 16:14:50.193  1709  1709 V PhoneStatusBar: setLightsOn(true)
08-03 16:14:50.205  1709  1709 V PhoneStatusBar: setLightsOn(true)
08-03 16:14:50.370  1709  1709 V PhoneStatusBar: setLightsOn(true)
08-03 16:14:50.387  1628  1648 I WindowManager: Destroying surface Surface(name=InputMethod) called by com.android.server.wm.WindowStateAnimator.destroySurface:2016 com.android.server.wm.WindowStateAnimator.destroySurfaceLocked:882 com.android.server.wm.WindowState.destroyOrSaveSurface:2100 com.android.server.wm.WindowSurfacePlacer.performSurfacePlacementInner:429 com.android.server.wm.WindowSurfacePlacer.performSurfacePlacementLoop:232 com.android.server.wm.WindowSurfacePlacer.performSurfacePlacement:180 com.android.server.wm.WindowManagerService$H.handleMessage:8086 android.os.Handler.dispatchMessage:102 
08-03 16:14:50.621  1709  1709 V PhoneStatusBar: setLightsOn(true)
08-03 16:14:50.892  5792  5792 D AndroidRuntime: >>>>>> START com.android.internal.os.RuntimeInit uid 2000 <<<<<<
08-03 16:14:50.893  5792  5792 D AndroidRuntime: CheckJNI is ON
08-03 16:14:50.906  5792  5792 W art     : Unexpected CPU variant for X86 using defaults: x86
08-03 16:14:50.909  5792  5792 D ICU     : No timezone override file found: /data/misc/zoneinfo/current/icu/icu_tzdata.dat
08-03 16:14:50.918  5792  5792 E memtrack: Couldn't load memtrack module (No such file or directory)
08-03 16:14:50.918  5792  5792 E android.os.Debug: failed to load memtrack module: -2
08-03 16:14:50.919  5792  5792 I Radio-JNI: register_android_hardware_Radio DONE
08-03 16:14:50.923  5792  5792 D AndroidRuntime: Calling main entry com.android.commands.input.Input
08-03 16:14:50.924  5792  5792 I Input   : injectKeyEvent: KeyEvent { action=ACTION_DOWN, keyCode=KEYCODE_MOVE_END, scanCode=0, metaState=0, flags=0x0, repeatCount=0, eventTime=162520, downTime=162520, deviceId=-1, source=0x101 }
08-03 16:14:50.927  5792  5792 I Input   : injectKeyEvent: KeyEvent { action=ACTION_UP, keyCode=KEYCODE_MOVE_END, scanCode=0, metaState=0, flags=0x0, repeatCount=0, eventTime=162520, downTime=162520, deviceId=-1, source=0x101 }
08-03 16:14:50.928  5792  5792 D AndroidRuntime: Shutting down VM
08-03 16:14:51.076  5802  5802 D AndroidRuntime: >>>>>> START com.android.internal.os.RuntimeInit uid 2000 <<<<<<
08-03 16:14:51.078  5802  5802 D AndroidRuntime: CheckJNI is ON
08-03 16:14:51.091  5802  5802 W art     : Unexpected CPU variant for X86 using defaults: x86
08-03 16:14:51.093  5802  5802 D ICU     : No timezone override file found: /data/misc/zoneinfo/current/icu/icu_tzdata.dat
08-03 16:14:51.103  5802  5802 E memtrack: Couldn't load memtrack module (No such file or directory)
08-03 16:14:51.103  5802  5802 E android.os.Debug: failed to load memtrack module: -2
08-03 16:14:51.103  5802  5802 I Radio-JNI: register_android_hardware_Radio DONE
08-03 16:14:51.108  5802  5802 D AndroidRuntime: Calling main entry com.android.commands.input.Input
08-03 16:14:51.109  5802  5802 I Input   : injectKeyEvent: KeyEvent { action=ACTION_DOWN, keyCode=KEYCODE_DEL, scanCode=0, metaState=0, flags=0x0, repeatCount=0, eventTime=162705, downTime=162705, deviceId=-1, source=0x101 }
08-03 16:14:51.111  5802  5802 I Input   : injectKeyEvent: KeyEvent { action=ACTION_UP, keyCode=KEYCODE_DEL, scanCode=0, metaState=0, flags=0x0, repeatCount=0, eventTime=162705, downTime=162705, deviceId=-1, source=0x101 }
08-03 16:14:51.112  5802  5802 I Input   : injectKeyEvent: KeyEvent { action=ACTION_DOWN, keyCode=KEYCODE_DEL, scanCode=0, metaState=0, flags=0x0, repeatCount=0, eventTime=162708, downTime=162708, deviceId=-1, source=0x101 }
08-03 16:14:51.113  5802  5802 I Input   : injectKeyEvent: KeyEvent { action=ACTION_UP, keyCode=KEYCODE_DEL, scanCode=0, metaState=0, flags=0x0, repeatCount=0, eventTime=162708, downTime=162708, deviceId=-1, source=0x101 }
08-03 16:14:51.114  5802  5802 I Input   : injectKeyEvent: KeyEvent { action=ACTION_DOWN, keyCode=KEYCODE_DEL, scanCode=0, metaState=0, flags=0x0, repeatCount=0, eventTime=162710, downTime=162710, deviceId=-1, source=0x101 }
08-03 16:14:51.115  5802  5802 I Input   : injectKeyEvent: KeyEvent { action=ACTION_UP, keyCode=KEYCODE_DEL, scanCode=0, metaState=0, flags=0x0, repeatCount=0, eventTime=162710, downTime=162710, deviceId=-1, source=0x101 }
08-03 16:14:51.116  5802  5802 I Input   : injectKeyEvent: KeyEvent { action=ACTION_DOWN, keyCode=KEYCODE_DEL, scanCode=0, metaState=0, flags=0x0, repeatCount=0, eventTime=162712, downTime=162712, deviceId=-1, source=0x101 }
08-03 16:14:51.117  5802  5802 I Input   : injectKeyEvent: KeyEvent { action=ACTION_UP, keyCode=KEYCODE_DEL, scanCode=0, metaState=0, flags=0x0, repeatCount=0, eventTime=162712, downTime=162712, deviceId=-1, source=0x101 }
08-03 16:14:51.118  5802  5802 I Input   : injectKeyEvent: KeyEvent { action=ACTION_DOWN, keyCode=KEYCODE_DEL, scanCode=0, metaState=0, flags=0x0, repeatCount=0, eventTime=162714, downTime=162714, deviceId=-1, source=0x101 }
08-03 16:14:51.119  5802  5802 I Input   : injectKeyEvent: KeyEvent { action=ACTION_UP, keyCode=KEYCODE_DEL, scanCode=0, metaState=0, flags=0x0, repeatCount=0, eventTime=162714, downTime=162714, deviceId=-1, source=0x101 }
08-03 16:14:51.120  5802  5802 I Input   : injectKeyEvent: KeyEvent { action=ACTION_DOWN, keyCode=KEYCODE_DEL, scanCode=0, metaState=0, flags=0x0, repeatCount=0, eventTime=162716, downTime=162716, deviceId=-1, source=0x101 }
08-03 16:14:51.121  5802  5802 I Input   : injectKeyEvent: KeyEvent { action=ACTION_UP, keyCode=KEYCODE_DEL, scanCode=0, metaState=0, flags=0x0, repeatCount=0, eventTime=162716, downTime=162716, deviceId=-1, source=0x101 }
08-03 16:14:51.122  5802  5802 I Input   : injectKeyEvent: KeyEvent { action=ACTION_DOWN, keyCode=KEYCODE_DEL, scanCode=0, metaState=0, flags=0x0, repeatCount=0, eventTime=162719, downTime=162719, deviceId=-1, source=0x101 }
08-03 16:14:51.123  5802  5802 I Input   : injectKeyEvent: KeyEvent { action=ACTION_UP, keyCode=KEYCODE_DEL, scanCode=0, metaState=0, flags=0x0, repeatCount=0, eventTime=162719, downTime=162719, deviceId=-1, source=0x101 }
08-03 16:14:51.124  5802  5802 I Input   : injectKeyEvent: KeyEvent { action=ACTION_DOWN, keyCode=KEYCODE_DEL, scanCode=0, metaState=0, flags=0x0, repeatCount=0, eventTime=162721, downTime=162721, deviceId=-1, source=0x101 }
08-03 16:14:51.125  5802  5802 I Input   : injectKeyEvent: KeyEvent { action=ACTION_UP, keyCode=KEYCODE_DEL, scanCode=0, metaState=0, flags=0x0, repeatCount=0, eventTime=162721, downTime=162721, deviceId=-1, source=0x101 }
08-03 16:14:51.126  5802  5802 I Input   : injectKeyEvent: KeyEvent { action=ACTION_DOWN, keyCode=KEYCODE_DEL, scanCode=0, metaState=0, flags=0x0, repeatCount=0, eventTime=162723, downTime=162723, deviceId=-1, source=0x101 }
08-03 16:14:51.128  5802  5802 I Input   : injectKeyEvent: KeyEvent { action=ACTION_UP, keyCode=KEYCODE_DEL, scanCode=0, metaState=0, flags=0x0, repeatCount=0, eventTime=162723, downTime=162723, deviceId=-1, source=0x101 }
08-03 16:14:51.129  5802  5802 I Input   : injectKeyEvent: KeyEvent { action=ACTION_DOWN, keyCode=KEYCODE_DEL, scanCode=0, metaState=0, flags=0x0, repeatCount=0, eventTime=162725, downTime=162725, deviceId=-1, source=0x101 }
08-03 16:14:51.129  5802  5802 I Input   : injectKeyEvent: KeyEvent { action=ACTION_UP, keyCode=KEYCODE_DEL, scanCode=0, metaState=0, flags=0x0, repeatCount=0, eventTime=162725, downTime=162725, deviceId=-1, source=0x101 }
08-03 16:14:51.130  5802  5802 I Input   : injectKeyEvent: KeyEvent { action=ACTION_DOWN, keyCode=KEYCODE_DEL, scanCode=0, metaState=0, flags=0x0, repeatCount=0, eventTime=162727, downTime=162727, deviceId=-1, source=0x101 }
08-03 16:14:51.131  5802  5802 I Input   : injectKeyEvent: KeyEvent { action=ACTION_UP, keyCode=KEYCODE_DEL, scanCode=0, metaState=0, flags=0x0, repeatCount=0, eventTime=162727, downTime=162727, deviceId=-1, source=0x101 }
08-03 16:14:51.133  5802  5802 I Input   : injectKeyEvent: KeyEvent { action=ACTION_DOWN, keyCode=KEYCODE_DEL, scanCode=0, metaState=0, flags=0x0, repeatCount=0, eventTime=162729, downTime=162729, deviceId=-1, source=0x101 }
08-03 16:14:51.134  5802  5802 I Input   : injectKeyEvent: KeyEvent { action=ACTION_UP, keyCode=KEYCODE_DEL, scanCode=0, metaState=0, flags=0x0, repeatCount=0, eventTime=162729, downTime=162729, deviceId=-1, source=0x101 }
08-03 16:14:51.135  5802  5802 I Input   : injectKeyEvent: KeyEvent { action=ACTION_DOWN, keyCode=KEYCODE_DEL, scanCode=0, metaState=0, flags=0x0, repeatCount=0, eventTime=162731, downTime=162731, deviceId=-1, source=0x101 }
08-03 16:14:51.136  5802  5802 I Input   : injectKeyEvent: KeyEvent { action=ACTION_UP, keyCode=KEYCODE_DEL, scanCode=0, metaState=0, flags=0x0, repeatCount=0, eventTime=162731, downTime=162731, deviceId=-1, source=0x101 }
08-03 16:14:51.137  5802  5802 I Input   : injectKeyEvent: KeyEvent { action=ACTION_DOWN, keyCode=KEYCODE_DEL, scanCode=0, metaState=0, flags=0x0, repeatCount=0, eventTime=162733, downTime=162733, deviceId=-1, source=0x101 }
08-03 16:14:51.138  5802  5802 I Input   : injectKeyEvent: KeyEvent { action=ACTION_UP, keyCode=KEYCODE_DEL, scanCode=0, metaState=0, flags=0x0, repeatCount=0, eventTime=162733, downTime=162733, deviceId=-1, source=0x101 }
08-03 16:14:51.139  5802  5802 I Input   : injectKeyEvent: KeyEvent { action=ACTION_DOWN, keyCode=KEYCODE_DEL, scanCode=0, metaState=0, flags=0x0, repeatCount=0, eventTime=162735, downTime=162735, deviceId=-1, source=0x101 }
08-03 16:14:51.139  5802  5802 I Input   : injectKeyEvent: KeyEvent { action=ACTION_UP, keyCode=KEYCODE_DEL, scanCode=0, metaState=0, flags=0x0, repeatCount=0, eventTime=162735, downTime=162735, deviceId=-1, source=0x101 }
08-03 16:14:51.140  5802  5802 I Input   : injectKeyEvent: KeyEvent { action=ACTION_DOWN, keyCode=KEYCODE_DEL, scanCode=0, metaState=0, flags=0x0, repeatCount=0, eventTime=162737, downTime=162737, deviceId=-1, source=0x101 }
08-03 16:14:51.141  5802  5802 I Input   : injectKeyEvent: KeyEvent { action=ACTION_UP, keyCode=KEYCODE_DEL, scanCode=0, metaState=0, flags=0x0, repeatCount=0, eventTime=162737, downTime=162737, deviceId=-1, source=0x101 }
08-03 16:14:51.142  5802  5802 I Input   : injectKeyEvent: KeyEvent { action=ACTION_DOWN, keyCode=KEYCODE_DEL, scanCode=0, metaState=0, flags=0x0, repeatCount=0, eventTime=162739, downTime=162739, deviceId=-1, source=0x101 }
08-03 16:14:51.143  5802  5802 I Input   : injectKeyEvent: KeyEvent { action=ACTION_UP, keyCode=KEYCODE_DEL, scanCode=0, metaState=0, flags=0x0, repeatCount=0, eventTime=162739, downTime=162739, deviceId=-1, source=0x101 }
08-03 16:14:51.145  5802  5802 I Input   : injectKeyEvent: KeyEvent { action=ACTION_DOWN, keyCode=KEYCODE_DEL, scanCode=0, metaState=0, flags=0x0, repeatCount=0, eventTime=162741, downTime=162741, deviceId=-1, source=0x101 }
08-03 16:14:51.146  5802  5802 I Input   : injectKeyEvent: KeyEvent { action=ACTION_UP, keyCode=KEYCODE_DEL, scanCode=0, metaState=0, flags=0x0, repeatCount=0, eventTime=162741, downTime=162741, deviceId=-1, source=0x101 }
08-03 16:14:51.147  5802  5802 I Input   : injectKeyEvent: KeyEvent { action=ACTION_DOWN, keyCode=KEYCODE_DEL, scanCode=0, metaState=0, flags=0x0, repeatCount=0, eventTime=162743, downTime=162743, deviceId=-1, source=0x101 }
08-03 16:14:51.148  5802  5802 I Input   : injectKeyEvent: KeyEvent { action=ACTION_UP, keyCode=KEYCODE_DEL, scanCode=0, metaState=0, flags=0x0, repeatCount=0, eventTime=162743, downTime=162743, deviceId=-1, source=0x101 }
08-03 16:14:51.149  5802  5802 I Input   : injectKeyEvent: KeyEvent { action=ACTION_DOWN, keyCode=KEYCODE_DEL, scanCode=0, metaState=0, flags=0x0, repeatCount=0, eventTime=162745, downTime=162745, deviceId=-1, source=0x101 }
08-03 16:14:51.150  5802  5802 I Input   : injectKeyEvent: KeyEvent { action=ACTION_UP, keyCode=KEYCODE_DEL, scanCode=0, metaState=0, flags=0x0, repeatCount=0, eventTime=162745, downTime=162745, deviceId=-1, source=0x101 }
08-03 16:14:51.151  5802  5802 I Input   : injectKeyEvent: KeyEvent { action=ACTION_DOWN, keyCode=KEYCODE_DEL, scanCode=0, metaState=0, flags=0x0, repeatCount=0, eventTime=162748, downTime=162748, deviceId=-1, source=0x101 }
08-03 16:14:51.152  5802  5802 I Input   : injectKeyEvent: KeyEvent { action=ACTION_UP, keyCode=KEYCODE_DEL, scanCode=0, metaState=0, flags=0x0, repeatCount=0, eventTime=162748, downTime=162748, deviceId=-1, source=0x101 }
08-03 16:14:51.153  5802  5802 I Input   : injectKeyEvent: KeyEvent { action=ACTION_DOWN, keyCode=KEYCODE_DEL, scanCode=0, metaState=0, flags=0x0, repeatCount=0, eventTime=162750, downTime=162750, deviceId=-1, source=0x101 }
08-03 16:14:51.154  5802  5802 I Input   : injectKeyEvent: KeyEvent { action=ACTION_UP, keyCode=KEYCODE_DEL, scanCode=0, metaState=0, flags=0x0, repeatCount=0, eventTime=162750, downTime=162750, deviceId=-1, source=0x101 }
08-03 16:14:51.155  5802  5802 I Input   : injectKeyEvent: KeyEvent { action=ACTION_DOWN, keyCode=KEYCODE_DEL, scanCode=0, metaState=0, flags=0x0, repeatCount=0, eventTime=162752, downTime=162752, deviceId=-1, source=0x101 }
08-03 16:14:51.156  5802  5802 I Input   : injectKeyEvent: KeyEvent { action=ACTION_UP, keyCode=KEYCODE_DEL, scanCode=0, metaState=0, flags=0x0, repeatCount=0, eventTime=162752, downTime=162752, deviceId=-1, source=0x101 }
08-03 16:14:51.158  5802  5802 I Input   : injectKeyEvent: KeyEvent { action=ACTION_DOWN, keyCode=KEYCODE_DEL, scanCode=0, metaState=0, flags=0x0, repeatCount=0, eventTime=162754, downTime=162754, deviceId=-1, source=0x101 }
08-03 16:14:51.159  5802  5802 I Input   : injectKeyEvent: KeyEvent { action=ACTION_UP, keyCode=KEYCODE_DEL, scanCode=0, metaState=0, flags=0x0, repeatCount=0, eventTime=162754, downTime=162754, deviceId=-1, source=0x101 }
08-03 16:14:51.160  5802  5802 I Input   : injectKeyEvent: KeyEvent { action=ACTION_DOWN, keyCode=KEYCODE_DEL, scanCode=0, metaState=0, flags=0x0, repeatCount=0, eventTime=162756, downTime=162756, deviceId=-1, source=0x101 }
08-03 16:14:51.161  5802  5802 I Input   : injectKeyEvent: KeyEvent { action=ACTION_UP, keyCode=KEYCODE_DEL, scanCode=0, metaState=0, flags=0x0, repeatCount=0, eventTime=162756, downTime=162756, deviceId=-1, source=0x101 }
08-03 16:14:51.162  5802  5802 I Input   : injectKeyEvent: KeyEvent { action=ACTION_DOWN, keyCode=KEYCODE_DEL, scanCode=0, metaState=0, flags=0x0, repeatCount=0, eventTime=162758, downTime=162758, deviceId=-1, source=0x101 }
08-03 16:14:51.163  5802  5802 I Input   : injectKeyEvent: KeyEvent { action=ACTION_UP, keyCode=KEYCODE_DEL, scanCode=0, metaState=0, flags=0x0, repeatCount=0, eventTime=162758, downTime=162758, deviceId=-1, source=0x101 }
08-03 16:14:51.164  5802  5802 I Input   : injectKeyEvent: KeyEvent { action=ACTION_DOWN, keyCode=KEYCODE_DEL, scanCode=0, metaState=0, flags=0x0, repeatCount=0, eventTime=162761, downTime=162761, deviceId=-1, source=0x101 }
08-03 16:14:51.165  5802  5802 I Input   : injectKeyEvent: KeyEvent { action=ACTION_UP, keyCode=KEYCODE_DEL, scanCode=0, metaState=0, flags=0x0, repeatCount=0, eventTime=162761, downTime=162761, deviceId=-1, source=0x101 }
08-03 16:14:51.166  5802  5802 I Input   : injectKeyEvent: KeyEvent { action=ACTION_DOWN, keyCode=KEYCODE_DEL, scanCode=0, metaState=0, flags=0x0, repeatCount=0, eventTime=162763, downTime=162763, deviceId=-1, source=0x101 }
08-03 16:14:51.167  5802  5802 I Input   : injectKeyEvent: KeyEvent { action=ACTION_UP, keyCode=KEYCODE_DEL, scanCode=0, metaState=0, flags=0x0, repeatCount=0, eventTime=162763, downTime=162763, deviceId=-1, source=0x101 }
08-03 16:14:51.168  5802  5802 I Input   : injectKeyEvent: KeyEvent { action=ACTION_DOWN, keyCode=KEYCODE_DEL, scanCode=0, metaState=0, flags=0x0, repeatCount=0, eventTime=162765, downTime=162765, deviceId=-1, source=0x101 }
08-03 16:14:51.169  5802  5802 I Input   : injectKeyEvent: KeyEvent { action=ACTION_UP, keyCode=KEYCODE_DEL, scanCode=0, metaState=0, flags=0x0, repeatCount=0, eventTime=162765, downTime=162765, deviceId=-1, source=0x101 }
08-03 16:14:51.170  5802  5802 I Input   : injectKeyEvent: KeyEvent { action=ACTION_DOWN, keyCode=KEYCODE_DEL, scanCode=0, metaState=0, flags=0x0, repeatCount=0, eventTime=162767, downTime=162767, deviceId=-1, source=0x101 }
08-03 16:14:51.171  5802  5802 I Input   : injectKeyEvent: KeyEvent { action=ACTION_UP, keyCode=KEYCODE_DEL, scanCode=0, metaState=0, flags=0x0, repeatCount=0, eventTime=162767, downTime=162767, deviceId=-1, source=0x101 }
08-03 16:14:51.172  5802  5802 I Input   : injectKeyEvent: KeyEvent { action=ACTION_DOWN, keyCode=KEYCODE_DEL, scanCode=0, metaState=0, flags=0x0, repeatCount=0, eventTime=162768, downTime=162768, deviceId=-1, source=0x101 }
08-03 16:14:51.173  5802  5802 I Input   : injectKeyEvent: KeyEvent { action=ACTION_UP, keyCode=KEYCODE_DEL, scanCode=0, metaState=0, flags=0x0, repeatCount=0, eventTime=162768, downTime=162768, deviceId=-1, source=0x101 }
08-03 16:14:51.174  5802  5802 I Input   : injectKeyEvent: KeyEvent { action=ACTION_DOWN, keyCode=KEYCODE_DEL, scanCode=0, metaState=0, flags=0x0, repeatCount=0, eventTime=162771, downTime=162771, deviceId=-1, source=0x101 }
08-03 16:14:51.175  5802  5802 I Input   : injectKeyEvent: KeyEvent { action=ACTION_UP, keyCode=KEYCODE_DEL, scanCode=0, metaState=0, flags=0x0, repeatCount=0, eventTime=162771, downTime=162771, deviceId=-1, source=0x101 }
08-03 16:14:51.176  5802  5802 I Input   : injectKeyEvent: KeyEvent { action=ACTION_DOWN, keyCode=KEYCODE_DEL, scanCode=0, metaState=0, flags=0x0, repeatCount=0, eventTime=162773, downTime=162773, deviceId=-1, source=0x101 }
08-03 16:14:51.177  5802  5802 I Input   : injectKeyEvent: KeyEvent { action=ACTION_UP, keyCode=KEYCODE_DEL, scanCode=0, metaState=0, flags=0x0, repeatCount=0, eventTime=162773, downTime=162773, deviceId=-1, source=0x101 }
08-03 16:14:51.179  5802  5802 I Input   : injectKeyEvent: KeyEvent { action=ACTION_DOWN, keyCode=KEYCODE_DEL, scanCode=0, metaState=0, flags=0x0, repeatCount=0, eventTime=162775, downTime=162775, deviceId=-1, source=0x101 }
08-03 16:14:51.180  5802  5802 I Input   : injectKeyEvent: KeyEvent { action=ACTION_UP, keyCode=KEYCODE_DEL, scanCode=0, metaState=0, flags=0x0, repeatCount=0, eventTime=162775, downTime=162775, deviceId=-1, source=0x101 }
08-03 16:14:51.181  5802  5802 I Input   : injectKeyEvent: KeyEvent { action=ACTION_DOWN, keyCode=KEYCODE_DEL, scanCode=0, metaState=0, flags=0x0, repeatCount=0, eventTime=162777, downTime=162777, deviceId=-1, source=0x101 }
08-03 16:14:51.182  5802  5802 I Input   : injectKeyEvent: KeyEvent { action=ACTION_UP, keyCode=KEYCODE_DEL, scanCode=0, metaState=0, flags=0x0, repeatCount=0, eventTime=162777, downTime=162777, deviceId=-1, source=0x101 }
08-03 16:14:51.183  5802  5802 I Input   : injectKeyEvent: KeyEvent { action=ACTION_DOWN, keyCode=KEYCODE_DEL, scanCode=0, metaState=0, flags=0x0, repeatCount=0, eventTime=162779, downTime=162779, deviceId=-1, source=0x101 }
08-03 16:14:51.184  5802  5802 I Input   : injectKeyEvent: KeyEvent { action=ACTION_UP, keyCode=KEYCODE_DEL, scanCode=0, metaState=0, flags=0x0, repeatCount=0, eventTime=162779, downTime=162779, deviceId=-1, source=0x101 }
08-03 16:14:51.185  5802  5802 I Input   : injectKeyEvent: KeyEvent { action=ACTION_DOWN, keyCode=KEYCODE_DEL, scanCode=0, metaState=0, flags=0x0, repeatCount=0, eventTime=162782, downTime=162782, deviceId=-1, source=0x101 }
08-03 16:14:51.186  5802  5802 I Input   : injectKeyEvent: KeyEvent { action=ACTION_UP, keyCode=KEYCODE_DEL, scanCode=0, metaState=0, flags=0x0, repeatCount=0, eventTime=162782, downTime=162782, deviceId=-1, source=0x101 }
08-03 16:14:51.187  5802  5802 I Input   : injectKeyEvent: KeyEvent { action=ACTION_DOWN, keyCode=KEYCODE_DEL, scanCode=0, metaState=0, flags=0x0, repeatCount=0, eventTime=162784, downTime=162784, deviceId=-1, source=0x101 }
08-03 16:14:51.189  5802  5802 I Input   : injectKeyEvent: KeyEvent { action=ACTION_UP, keyCode=KEYCODE_DEL, scanCode=0, metaState=0, flags=0x0, repeatCount=0, eventTime=162784, downTime=162784, deviceId=-1, source=0x101 }
08-03 16:14:51.190  5802  5802 I Input   : injectKeyEvent: KeyEvent { action=ACTION_DOWN, keyCode=KEYCODE_DEL, scanCode=0, metaState=0, flags=0x0, repeatCount=0, eventTime=162786, downTime=162786, deviceId=-1, source=0x101 }
08-03 16:14:51.190  5802  5802 I Input   : injectKeyEvent: KeyEvent { action=ACTION_UP, keyCode=KEYCODE_DEL, scanCode=0, metaState=0, flags=0x0, repeatCount=0, eventTime=162786, downTime=162786, deviceId=-1, source=0x101 }
08-03 16:14:51.191  5802  5802 I Input   : injectKeyEvent: KeyEvent { action=ACTION_DOWN, keyCode=KEYCODE_DEL, scanCode=0, metaState=0, flags=0x0, repeatCount=0, eventTime=162788, downTime=162788, deviceId=-1, source=0x101 }
08-03 16:14:51.192  5802  5802 I Input   : injectKeyEvent: KeyEvent { action=ACTION_UP, keyCode=KEYCODE_DEL, scanCode=0, metaState=0, flags=0x0, repeatCount=0, eventTime=162788, downTime=162788, deviceId=-1, source=0x101 }
08-03 16:14:51.194  5802  5802 I Input   : injectKeyEvent: KeyEvent { action=ACTION_DOWN, keyCode=KEYCODE_DEL, scanCode=0, metaState=0, flags=0x0, repeatCount=0, eventTime=162790, downTime=162790, deviceId=-1, source=0x101 }
08-03 16:14:51.195  5802  5802 I Input   : injectKeyEvent: KeyEvent { action=ACTION_UP, keyCode=KEYCODE_DEL, scanCode=0, metaState=0, flags=0x0, repeatCount=0, eventTime=162790, downTime=162790, deviceId=-1, source=0x101 }
08-03 16:14:51.195  5802  5802 I Input   : injectKeyEvent: KeyEvent { action=ACTION_DOWN, keyCode=KEYCODE_DEL, scanCode=0, metaState=0, flags=0x0, repeatCount=0, eventTime=162792, downTime=162792, deviceId=-1, source=0x101 }
08-03 16:14:51.196  5802  5802 I Input   : injectKeyEvent: KeyEvent { action=ACTION_UP, keyCode=KEYCODE_DEL, scanCode=0, metaState=0, flags=0x0, repeatCount=0, eventTime=162792, downTime=162792, deviceId=-1, source=0x101 }
08-03 16:14:51.197  5802  5802 I Input   : injectKeyEvent: KeyEvent { action=ACTION_DOWN, keyCode=KEYCODE_DEL, scanCode=0, metaState=0, flags=0x0, repeatCount=0, eventTime=162793, downTime=162793, deviceId=-1, source=0x101 }
08-03 16:14:51.198  5802  5802 I Input   : injectKeyEvent: KeyEvent { action=ACTION_UP, keyCode=KEYCODE_DEL, scanCode=0, metaState=0, flags=0x0, repeatCount=0, eventTime=162793, downTime=162793, deviceId=-1, source=0x101 }
08-03 16:14:51.199  5802  5802 I Input   : injectKeyEvent: KeyEvent { action=ACTION_DOWN, keyCode=KEYCODE_DEL, scanCode=0, metaState=0, flags=0x0, repeatCount=0, eventTime=162795, downTime=162795, deviceId=-1, source=0x101 }
08-03 16:14:51.200  5802  5802 I Input   : injectKeyEvent: KeyEvent { action=ACTION_UP, keyCode=KEYCODE_DEL, scanCode=0, metaState=0, flags=0x0, repeatCount=0, eventTime=162795, downTime=162795, deviceId=-1, source=0x101 }
08-03 16:14:51.201  5802  5802 I Input   : injectKeyEvent: KeyEvent { action=ACTION_DOWN, keyCode=KEYCODE_DEL, scanCode=0, metaState=0, flags=0x0, repeatCount=0, eventTime=162797, downTime=162797, deviceId=-1, source=0x101 }
08-03 16:14:51.201  5802  5802 I Input   : injectKeyEvent: KeyEvent { action=ACTION_UP, keyCode=KEYCODE_DEL, scanCode=0, metaState=0, flags=0x0, repeatCount=0, eventTime=162797, downTime=162797, deviceId=-1, source=0x101 }
08-03 16:14:51.203  5802  5802 I Input   : injectKeyEvent: KeyEvent { action=ACTION_DOWN, keyCode=KEYCODE_DEL, scanCode=0, metaState=0, flags=0x0, repeatCount=0, eventTime=162799, downTime=162799, deviceId=-1, source=0x101 }
08-03 16:14:51.204  5802  5802 I Input   : injectKeyEvent: KeyEvent { action=ACTION_UP, keyCode=KEYCODE_DEL, scanCode=0, metaState=0, flags=0x0, repeatCount=0, eventTime=162799, downTime=162799, deviceId=-1, source=0x101 }
08-03 16:14:51.204  5802  5802 I Input   : injectKeyEvent: KeyEvent { action=ACTION_DOWN, keyCode=KEYCODE_DEL, scanCode=0, metaState=0, flags=0x0, repeatCount=0, eventTime=162801, downTime=162801, deviceId=-1, source=0x101 }
08-03 16:14:51.206  5802  5802 I Input   : injectKeyEvent: KeyEvent { action=ACTION_UP, keyCode=KEYCODE_DEL, scanCode=0, metaState=0, flags=0x0, repeatCount=0, eventTime=162801, downTime=162801, deviceId=-1, source=0x101 }
08-03 16:14:51.207  5802  5802 I Input   : injectKeyEvent: KeyEvent { action=ACTION_DOWN, keyCode=KEYCODE_DEL, scanCode=0, metaState=0, flags=0x0, repeatCount=0, eventTime=162803, downTime=162803, deviceId=-1, source=0x101 }
08-03 16:14:51.208  5802  5802 I Input   : injectKeyEvent: KeyEvent { action=ACTION_UP, keyCode=KEYCODE_DEL, scanCode=0, metaState=0, flags=0x0, repeatCount=0, eventTime=162803, downTime=162803, deviceId=-1, source=0x101 }
08-03 16:14:51.209  5802  5802 I Input   : injectKeyEvent: KeyEvent { action=ACTION_DOWN, keyCode=KEYCODE_DEL, scanCode=0, metaState=0, flags=0x0, repeatCount=0, eventTime=162805, downTime=162805, deviceId=-1, source=0x101 }
08-03 16:14:51.209  5802  5802 I Input   : injectKeyEvent: KeyEvent { action=ACTION_UP, keyCode=KEYCODE_DEL, scanCode=0, metaState=0, flags=0x0, repeatCount=0, eventTime=162805, downTime=162805, deviceId=-1, source=0x101 }
08-03 16:14:51.210  5802  5802 I Input   : injectKeyEvent: KeyEvent { action=ACTION_DOWN, keyCode=KEYCODE_DEL, scanCode=0, metaState=0, flags=0x0, repeatCount=0, eventTime=162807, downTime=162807, deviceId=-1, source=0x101 }
08-03 16:14:51.211  5802  5802 I Input   : injectKeyEvent: KeyEvent { action=ACTION_UP, keyCode=KEYCODE_DEL, scanCode=0, metaState=0, flags=0x0, repeatCount=0, eventTime=162807, downTime=162807, deviceId=-1, source=0x101 }
08-03 16:14:51.212  5802  5802 D AndroidRuntime: Shutting down VM
08-03 16:14:51.358  5812  5812 D AndroidRuntime: >>>>>> START com.android.internal.os.RuntimeInit uid 2000 <<<<<<
08-03 16:14:51.360  5812  5812 D AndroidRuntime: CheckJNI is ON
08-03 16:14:51.373  5812  5812 W art     : Unexpected CPU variant for X86 using defaults: x86
08-03 16:14:51.375  5812  5812 D ICU     : No timezone override file found: /data/misc/zoneinfo/current/icu/icu_tzdata.dat
08-03 16:14:51.385  5812  5812 E memtrack: Couldn't load memtrack module (No such file or directory)
08-03 16:14:51.385  5812  5812 E android.os.Debug: failed to load memtrack module: -2
08-03 16:14:51.386  5812  5812 I Radio-JNI: register_android_hardware_Radio DONE
08-03 16:14:51.390  5812  5812 D AndroidRuntime: Calling main entry com.android.commands.input.Input
08-03 16:14:51.392  5812  5812 I Input   : injectKeyEvent: KeyEvent { action=ACTION_DOWN, keyCode=KEYCODE_N, scanCode=0, metaState=0, flags=0x0, repeatCount=0, eventTime=162988, downTime=162988, deviceId=-1, source=0x101 }
08-03 16:14:51.393  5812  5812 I Input   : injectKeyEvent: KeyEvent { action=ACTION_UP, keyCode=KEYCODE_N, scanCode=0, metaState=0, flags=0x0, repeatCount=0, eventTime=162988, downTime=162988, deviceId=-1, source=0x101 }
08-03 16:14:51.395  5812  5812 I Input   : injectKeyEvent: KeyEvent { action=ACTION_DOWN, keyCode=KEYCODE_U, scanCode=0, metaState=0, flags=0x0, repeatCount=0, eventTime=162988, downTime=162988, deviceId=-1, source=0x101 }
08-03 16:14:51.395  5812  5812 I Input   : injectKeyEvent: KeyEvent { action=ACTION_UP, keyCode=KEYCODE_U, scanCode=0, metaState=0, flags=0x0, repeatCount=0, eventTime=162988, downTime=162988, deviceId=-1, source=0x101 }
