--------- beginning of main
03-20 01:35:30.112 14476 15589 W Icing   : No valid account for uploading user actions
03-20 01:35:30.120 14476 15589 I Icing   : Usage reports ok 0, Failed Usage reports 0, indexed 0, rejected 0
03-20 01:35:30.207  1800  2437 E GnssHAL_GnssInterface: gnssSvStatusCb: a: input svInfo.flags is 8
03-20 01:35:30.207  1800  2437 E GnssHAL_GnssInterface: gnssSvStatusCb: b: input svInfo.flags is 8
--------- beginning of system
03-20 01:35:30.265  2044  5153 W AppOps  : Noting op not finished: uid 10098 pkg com.google.android.gms code 79 time=1679290349610 duration=0
03-20 01:35:30.269  2044  3006 W AppOps  : Noting op not finished: uid 10098 pkg com.google.android.gms code 79 time=1679290530265 duration=0
03-20 01:35:30.274  2044  3006 W AppOps  : Noting op not finished: uid 10098 pkg com.google.android.gms code 79 time=1679290530269 duration=0
03-20 01:35:30.283  2044  3452 W AppOps  : Noting op not finished: uid 10098 pkg com.google.android.gms code 79 time=1679290530275 duration=0
03-20 01:35:30.289  2044  2060 W AppOps  : Noting op not finished: uid 10098 pkg com.google.android.gms code 79 time=1679290530283 duration=0
03-20 01:35:31.206  1800  2437 E GnssHAL_GnssInterface: gnssSvStatusCb: a: input svInfo.flags is 8
03-20 01:35:31.206  1800  2437 E GnssHAL_GnssInterface: gnssSvStatusCb: b: input svInfo.flags is 8
03-20 01:35:32.206  1800  2437 E GnssHAL_GnssInterface: gnssSvStatusCb: a: input svInfo.flags is 8
03-20 01:35:32.206  1800  2437 E GnssHAL_GnssInterface: gnssSvStatusCb: b: input svInfo.flags is 8
03-20 01:35:32.663  2044  2071 I ActivityManager: Force stopping cgeo.geocaching appid=10154 user=-1: deletePackageX
03-20 01:35:32.753  1861  1861 I keystore: clear_uid 10154
03-20 01:35:32.754  2044  2085 E PermissionMonitor: unknown permission type: -1for uid: 10154
03-20 01:35:32.754  1779  1779 E TrafficController: Failed to clean up the permission for 10154: No such file or directory
03-20 01:35:32.755  1779  1779 I netd    : trafficSetNetPermForUids(-1, [10154]) <0.17ms>
03-20 01:35:32.867  2044  2085 I system_server: Explicit concurrent copying GC freed 65484(3349KB) AllocSpace objects, 35(908KB) LOS objects, 29% free, 14MB/20MB, paused 433us total 111.926ms
03-20 01:35:32.877  2044  2085 I ActivityManager: Force stopping cgeo.geocaching appid=10154 user=0: pkg removed
03-20 01:35:32.893  2044  2085 E HistoricalRegistry: Interaction before persistence initialized
03-20 01:35:32.913  2044  2044 I RoleManagerService: Granting default permissions...
03-20 01:35:32.915 15392 15392 I GsaVoiceInteractionSrv: (REDACTED) O received %s
03-20 01:35:32.921   920   920 I Finsky  : [2] usk.f(0): usk - Received: android.intent.action.PACKAGE_REMOVED, [l1Jmsn2gzcsWBUFhqoKb4r0z86UdXfntBqtL5663AGw]
03-20 01:35:32.921  1036  1036 I Finsky:background: [2] usb.f(5): usb - Received: android.intent.action.PACKAGE_REMOVED, [l1Jmsn2gzcsWBUFhqoKb4r0z86UdXfntBqtL5663AGw]
03-20 01:35:32.928  2044  2071 W BroadcastQueue: Background execution not allowed: receiving Intent { act=android.intent.action.PACKAGE_REMOVED dat=package:cgeo.geocaching flg=0x4000010 (has extras) } to com.android.musicfx/.Compatibility$Receiver
03-20 01:35:32.929  2044  2071 W BroadcastQueue: Background execution not allowed: receiving Intent { act=android.intent.action.PACKAGE_REMOVED dat=package:cgeo.geocaching flg=0x4000010 (has extras) } to com.android.vending/com.google.android.finsky.packagemonitor.impl.PackageMonitorReceiverImpl$RegisteredReceiver
03-20 01:35:32.929  1036  1036 I Finsky:background: [2] uta.s(5): Package no longer installed: cgeo.geocaching
03-20 01:35:32.932   920   920 I Finsky  : [2] uta.s(5): Package no longer installed: cgeo.geocaching
03-20 01:35:32.933  2044  2071 W BroadcastQueue: Background execution not allowed: receiving Intent { act=android.intent.action.PACKAGE_REMOVED dat=package:cgeo.geocaching flg=0x4000010 (has extras) } to com.android.vending/com.google.android.finsky.packagemonitor.backgroundimpl.BackgroundPackageMonitorReceiverImpl$RegisteredReceiver
03-20 01:35:32.934  2044  2071 W BroadcastQueue: Background execution not allowed: receiving Intent { act=android.intent.action.PACKAGE_REMOVED dat=package:cgeo.geocaching flg=0x4000010 (has extras) } to com.android.vending/com.google.android.finsky.instantapps.appmanagement.InstantAppRemoveMonitor
03-20 01:35:32.937  2044  2139 I InputReader: Reconfiguring input devices.  changes=0x00000010
03-20 01:35:32.938  1036  1036 I Finsky:background: [2] uta.s(5): Package no longer installed: cgeo.geocaching
03-20 01:35:32.940  2044  2071 W BroadcastQueue: Background execution not allowed: receiving Intent { act=android.intent.action.PACKAGE_REMOVED dat=package:cgeo.geocaching flg=0x4000010 (has extras) } to com.google.android.gms/.games.chimera.GamesSystemBroadcastReceiverProxy
03-20 01:35:32.941   920   920 I Finsky  : [2] uta.s(5): Package no longer installed: cgeo.geocaching
03-20 01:35:32.950   920 24740 I Finsky  : [1366] as.a(9): Asset module storage cleared for package cgeo.geocaching.
03-20 01:35:32.951   920   920 I Finsky  : [2] yyx.a(8): Clearing split related stale data.
03-20 01:35:32.953   920  1003 I Finsky  : [962] ivy.a(5): AIM: AppInfoManager-Perf > OnDeviceAppInfo > cacheHitCount=0, cacheMissCount=1. Missed  in cache (limit 10) : [cgeo.geocaching]
03-20 01:35:32.960  2044  2062 E PackageManager: failed to find package cgeo.geocaching
03-20 01:35:32.960  2044  2062 E OverlayManager: Failed to change enabled overlays for cgeo.geocaching user 0
03-20 01:35:32.962  2044  2071 W BroadcastQueue: Background execution not allowed: receiving Intent { act=android.intent.action.PACKAGE_REMOVED dat=package:cgeo.geocaching flg=0x4000010 (has extras) } to com.google.android.gms/.chimera.GmsIntentOperationService$PersistentTrustedReceiver
03-20 01:35:32.964   920  1003 I Finsky  : [962] itm.apply(81): AIM: Got app ownership map. App counts: . Unique apps: 0
03-20 01:35:32.987  2044  2071 W BroadcastQueue: Background execution not allowed: receiving Intent { act=android.intent.action.PACKAGE_REMOVED dat=package:cgeo.geocaching flg=0x4000010 (has extras) } to com.google.android.googlequicksearchbox/com.google.android.apps.gsa.googlequicksearchbox.GelStubAppWatcher
03-20 01:35:32.989  4263  4263 E CarrierServices: [2] cqf.a: Invalid signature found for com.android.contacts: 18B66F4996F3D01CEAD29D3A3AA81801E7950B82
03-20 01:35:33.000 14476 14495 I gle.android.gm: Waiting for a blocking GC ProfileSaver
03-20 01:35:33.004  2453  2453 D CarrierSvcBindHelper: No carrier app for: 0
03-20 01:35:33.010   920   920 I Finsky  : [2] afgy.c(5): Do not start WearSupportService due to Wear service optimization
03-20 01:35:33.014  1036 24738 I Finsky:background: [1003] mxn.run(33): Frosting DB delete succeeded: true
03-20 01:35:33.023 14476 14488 I gle.android.gm: Background concurrent copying GC freed 8823(553KB) AllocSpace objects, 4(208KB) LOS objects, 49% free, 5257KB/10MB, paused 2.176ms total 142.029ms
03-20 01:35:33.023 14476 14495 I gle.android.gm: WaitForGcToComplete blocked ProfileSaver on HeapTrim for 23.268ms
03-20 01:35:33.026  2718  2738 I s.nexuslaunche: Background concurrent copying GC freed 11401(580KB) AllocSpace objects, 5(228KB) LOS objects, 49% free, 3385KB/6770KB, paused 5.254ms total 134.219ms
03-20 01:35:33.026  4263  4263 E CarrierServices: [2] cqf.a: Invalid signature found for com.android.contacts: 18B66F4996F3D01CEAD29D3A3AA81801E7950B82
03-20 01:35:33.032  1779  1779 I netd    : trafficSwapActiveStatsMap() <53.33ms>
03-20 01:35:33.041  1779  1779 I netd    : tetherGetStats() <6.00ms>
03-20 01:35:33.046   920 24746 I Finsky  : [1372] jql.abD(20): [ContentSync] finished, scheduled=false
03-20 01:35:33.054   920 24739 I Finsky  : [1365] mxn.run(33): Frosting DB delete succeeded: false
03-20 01:35:33.060  1780  1780 D Zygote  : Forked child process 24756
03-20 01:35:33.061  3394 24760 I MediaProvider: Begin Intent { act=android.intent.action.PACKAGE_FULLY_REMOVED dat=package:cgeo.geocaching flg=0x5000010 cmp=com.android.providers.media/.MediaService (has extras) }
03-20 01:35:33.063 14476 24752 I BlockstoreStorage: Clearing all the Blockstore Data for package cgeo.geocaching [CONTEXT service_id=258 ]
03-20 01:35:33.063 14476 24752 I BlockstoreStorage: Clearing all the Blockstore Data for 1 packages [CONTEXT service_id=258 ]
03-20 01:35:33.066  3394 24760 I MediaProvider: End Intent { act=android.intent.action.PACKAGE_FULLY_REMOVED dat=package:cgeo.geocaching flg=0x5000010 cmp=com.android.providers.media/.MediaService (has extras) }
03-20 01:35:33.067 16441 24758 I Fitness : FitCleanupIntentOperation received Intent android.intent.action.PACKAGE_REMOVED [CONTEXT service_id=17 ]
03-20 01:35:33.083 24756 24756 W droid.apps.doc: Unexpected CPU variant for X86 using defaults: x86
03-20 01:35:33.087  2044  2072 W ActivityManager: Slow operation: 63ms so far, now at startProcess: returned from zygote!
03-20 01:35:33.088  2044  2072 W ActivityManager: Slow operation: 63ms so far, now at startProcess: done updating battery stats
03-20 01:35:33.088  2044  2072 W ActivityManager: Slow operation: 63ms so far, now at startProcess: building log message
03-20 01:35:33.088  2044  2072 I ActivityManager: Start proc 24756:com.google.android.apps.docs/u0a133 for content provider {com.google.android.apps.docs/com.google.android.apps.docs.storagebackend.StorageBackendContentProvider}
03-20 01:35:33.088  2044  2072 W ActivityManager: Slow operation: 63ms so far, now at startProcess: starting to update pids map
03-20 01:35:33.088  2044  2072 W ActivityManager: Slow operation: 63ms so far, now at startProcess: done updating pids map
03-20 01:35:33.094 24756 24756 E droid.apps.doc: Not starting debugger since process cannot load the jdwp agent.
03-20 01:35:33.106   920 24739 I Finsky  : [1365] mxn.run(33): Frosting DB delete succeeded: false
03-20 01:35:33.107  2044  2152 D WifiConfigManager: Remove all networks for app ApplicationInfo{a7df222 cgeo.geocaching}
03-20 01:35:33.112   920 24765 I Finsky  : [1376] pmc.accept(13): IQ: handled package removed
03-20 01:35:33.118  2044  2044 I ConditionProviders: Disallowing condition provider cgeo.geocaching
03-20 01:35:33.107 14476 15589 I ContentMaintenance: Internal cache bytes used: 0; limit: 100000000; download size: 0
03-20 01:35:33.127   920   998 I Finsky  : [958] ivt.a(11): AIM: AppInfoManager-Perf > ItemModel > CacheSize=0, cacheHitCount=0, cacheMissCount=1, total appsWithNoServerDataCount=0. Missed  in cache (limit 10) : [cgeo.geocaching]
03-20 01:35:33.128   920   998 I Finsky  : [958] ivw.p(3): AIM: AppInfoManager-Perf > ItemModel > ItemStore Called 1 apps cacheOptions = USE_CACHE
03-20 01:35:33.129   920   998 I Finsky  : [958] ivt.a(80): AIM: ItemModel fetch - unauth(1), auth()
03-20 01:35:33.139  1036 24738 I Finsky:background: [1003] mxn.run(33): Frosting DB delete succeeded: false
03-20 01:35:33.147 14476 23574 I Icing   : doRemovePackageData cgeo.geocaching
03-20 01:35:33.199 14476 15589 I RealtimeCacheCleanup: Beginning Realtime garbage collection.
03-20 01:35:33.206  2044  5036 W ActivityManager: Slow operation: 69ms so far, now at attachApplicationLocked: immediately after bindApplication
03-20 01:35:33.206  2044  5036 W ActivityManager: Slow operation: 69ms so far, now at attachApplicationLocked: after updateLruProcessLocked
03-20 01:35:33.207  1800  2437 E GnssHAL_GnssInterface: gnssSvStatusCb: a: input svInfo.flags is 8
03-20 01:35:33.207  1800  2437 E GnssHAL_GnssInterface: gnssSvStatusCb: b: input svInfo.flags is 8
03-20 01:35:33.208  2044  5036 W ActivityManager: Slow operation: 71ms so far, now at attachApplicationLocked: after mServices.attachApplicationLocked
03-20 01:35:33.210  2044  5036 W ActivityManager: Slow operation: 73ms so far, now at attachApplicationLocked: after updateOomAdjLocked
03-20 01:35:33.226 14476 15589 I RealtimeCacheCleanup: Finished Realtime garbage collection.
03-20 01:35:33.231   920   920 I Finsky  : [2] usk.f(0): usk - Received: android.intent.action.PACKAGE_FULLY_REMOVED, [l1Jmsn2gzcsWBUFhqoKb4r0z86UdXfntBqtL5663AGw]
03-20 01:35:33.235  2044  2152 D WifiConfigStore: Writing to stores completed in 121 ms.
03-20 01:35:33.235  2044  2152 E PasspointManager: No app ops listener found for cgeo.geocaching
03-20 01:35:33.239   920   920 I Finsky  : [2] uta.s(5): Package no longer installed: cgeo.geocaching
03-20 01:35:33.239  1825  1963 D AF::TrackHandle: OpPlayAudio: track:56 usage:13 not muted
03-20 01:35:33.241  2044  2152 I DropBoxManagerService: add tag=system_server_wtf isTagEnabled=true flags=0x2
03-20 01:35:33.242   920   920 I Finsky  : [2] usk.f(0): usk - Deduping intent android.intent.action.PACKAGE_FULLY_REMOVED
03-20 01:35:33.246 24756 24756 I droid.apps.doc: The ClassLoaderContext is a special shared library.
03-20 01:35:33.253  1036  1036 I Finsky:background: [2] usb.f(5): usb - Received: android.intent.action.PACKAGE_FULLY_REMOVED, [l1Jmsn2gzcsWBUFhqoKb4r0z86UdXfntBqtL5663AGw]
03-20 01:35:33.253   920 24739 I Finsky  : [1365] mxn.run(33): Frosting DB delete succeeded: false
03-20 01:35:33.255  1825  1963 D AF::TrackHandle: OpPlayAudio: track:56 usage:13 not muted
03-20 01:35:33.259  1825  1963 D AF::TrackHandle: OpPlayAudio: track:56 usage:13 not muted
03-20 01:35:33.260  1036  1036 I Finsky:background: [2] uta.s(5): Package no longer installed: cgeo.geocaching
03-20 01:35:33.264  1036  1036 I Finsky:background: [2] usb.f(5): usb - Deduping intent android.intent.action.PACKAGE_FULLY_REMOVED
03-20 01:35:33.270 24756 24756 I droid.apps.doc: The ClassLoaderContext is a special shared library.
03-20 01:35:33.274  1825  2234 D AF::TrackHandle: OpPlayAudio: track:56 usage:13 not muted
03-20 01:35:33.275  1036 24738 I Finsky:background: [1003] mxn.run(33): Frosting DB delete succeeded: false
03-20 01:35:33.278  1825  2234 D AF::TrackHandle: OpPlayAudio: track:56 usage:13 not muted
03-20 01:35:33.291  1825  2234 I chatty  : uid=1041(audioserver) Binder:1825_4 identical 3 lines
03-20 01:35:33.293  1825  2234 D AF::TrackHandle: OpPlayAudio: track:56 usage:13 not muted
03-20 01:35:33.295 14476 14698 I Icing   : IndexChimeraService.getServiceInterface callingPackage=com.google.android.gms componentName=AppsCorpus serviceId=36
03-20 01:35:33.300  1825  1963 D AF::TrackHandle: OpPlayAudio: track:56 usage:13 not muted
03-20 01:35:33.309  1825  1963 I chatty  : uid=1041(audioserver) Binder:1825_2 identical 4 lines
03-20 01:35:33.311  1825  1963 D AF::TrackHandle: OpPlayAudio: track:56 usage:13 not muted
03-20 01:35:33.328 14476 14476 D BoundBrokerSvc: onBind: Intent { act=com.google.android.gms.common.BIND_SHARED_PREFS pkg=com.google.android.gms }
03-20 01:35:33.328 14476 14476 D BoundBrokerSvc: Loading bound service for intent: Intent { act=com.google.android.gms.common.BIND_SHARED_PREFS pkg=com.google.android.gms }
03-20 01:35:33.329  1825  1963 D AF::TrackHandle: OpPlayAudio: track:56 usage:13 not muted
03-20 01:35:33.360 14476 14476 D BoundBrokerSvc: onUnbind: Intent { act=com.google.android.gms.common.BIND_SHARED_PREFS pkg=com.google.android.gms }
03-20 01:35:33.384 14476 23574 W Icing   : No valid account for uploading user actions
03-20 01:35:33.393 14476 23574 I Icing   : Usage reports ok 0, Failed Usage reports 0, indexed 0, rejected 0
03-20 01:35:33.397 14476 23574 I Icing   : Indexing com.google.android.gms-apps from com.google.android.gms
03-20 01:35:33.403 14476 23574 I Icing   : Indexing done com.google.android.gms-apps
03-20 01:35:33.566  2044  2085 W PackageManager: Not removing non-existent package com.beemdevelopment.aegis
03-20 01:35:33.604  6112  6112 I abb     : StartCommandInProcess(73657474696e67730067657400656e61 settings.get.ena [truncated])
03-20 01:35:33.606  2044  5153 D WificondControl: Scan result ready event
03-20 01:35:33.611 16441 16441 D BoundBrokerSvc: onBind: Intent { act=com.google.android.gms.phenotype.service.START pkg=com.google.android.gms }
03-20 01:35:33.611 16441 16441 D BoundBrokerSvc: Loading bound service for intent: Intent { act=com.google.android.gms.phenotype.service.START pkg=com.google.android.gms }
03-20 01:35:33.625  6112  6112 I abb     : StartCommandInProcess(7061636b61676500696e7374616c6c00 package.install. [truncated])
03-20 01:35:33.628 16441 16465 I ChimeraSrvcProxy: NullBinder for android.net.action.RECOMMEND_NETWORKS triggering remote TransactionTooLargeException due to Service without Chimera impl
03-20 01:35:33.596  2044  2044 W Binder:2044_16: type=1400 audit(0.0:1640): avc: denied { getopt } for scontext=u:r:system_server:s0 tcontext=u:r:shell:s0 tclass=unix_stream_socket permissive=0
03-20 01:35:33.666  2044  2044 W Binder:2044_1B: type=1400 audit(0.0:1644): avc: denied { getopt } for scontext=u:r:system_server:s0 tcontext=u:r:shell:s0 tclass=unix_stream_socket permissive=0
03-20 01:35:33.717  2044  2085 I PackageManager: Un-granting permission android.permission.MANAGE_DOCUMENTS from package com.google.android.youtube (protectionLevel=262146 flags=0x30dbbe45)
03-20 01:35:33.717  2044  2085 I PackageManager: Un-granting permission android.permission.INTERACT_ACROSS_PROFILES from package com.google.android.googlequicksearchbox (protectionLevel=18 flags=0x28dbbec5)
03-20 01:35:33.717  2044  2085 I PackageManager: Un-granting permission android.permission.MANAGE_SOUND_TRIGGER from package com.google.android.googlequicksearchbox (protectionLevel=18 flags=0x28dbbec5)
03-20 01:35:33.717  2044  2085 I PackageManager: Un-granting permission android.permission.MANAGE_USB from package com.google.android.googlequicksearchbox (protectionLevel=18 flags=0x28dbbec5)
03-20 01:35:33.718  2044  2085 I PackageManager: Un-granting permission android.permission.CONTROL_INCALL_EXPERIENCE from package com.google.android.googlequicksearchbox (protectionLevel=18 flags=0x28dbbec5)
03-20 01:35:33.718  2044  2085 I PackageManager: Un-granting permission android.permission.WRITE_APN_SETTINGS from package com.google.android.googlequicksearchbox (protectionLevel=18 flags=0x28dbbec5)
03-20 01:35:33.718  2044  2085 I PackageManager: Un-granting permission android.permission.SUBSTITUTE_SHARE_TARGET_APP_NAME_AND_ICON from package com.google.android.googlequicksearchbox (protectionLevel=18 flags=0x28dbbec5)
03-20 01:35:33.718  2044  2085 I PackageManager: Un-granting permission com.google.android.googleapps.permission.GOOGLE_AUTH from package com.android.providers.calendar (protectionLevel=2 flags=0x30883e45)
03-20 01:35:33.718  2044  2085 I PackageManager: Un-granting permission com.google.android.googleapps.permission.GOOGLE_AUTH.cl from package com.android.providers.calendar (protectionLevel=2 flags=0x30883e45)
03-20 01:35:33.718  2044  2085 I PackageManager: Un-granting permission android.permission.WRITE_SECURE_SETTINGS from package com.google.android.apps.enterprise.dmagent (protectionLevel=50 flags=0x30883e05)
03-20 01:35:33.718  2044  2085 I PackageManager: Un-granting permission android.permission.CONNECTIVITY_INTERNAL from package com.google.android.apps.enterprise.dmagent (protectionLevel=18 flags=0x30883e05)
03-20 01:35:33.718  2044  2085 I PackageManager: Un-granting permission android.permission.MANAGE_USB from package com.google.android.apps.enterprise.dmagent (protectionLevel=18 flags=0x30883e05)
03-20 01:35:33.718  2044  2085 I PackageManager: Un-granting permission android.permission.CHANGE_COMPONENT_ENABLED_STATE from package com.google.android.apps.enterprise.dmagent (protectionLevel=18 flags=0x30883e05)
03-20 01:35:33.718  2044  2085 I PackageManager: Un-granting permission android.permission.MANAGE_CA_CERTIFICATES from package com.google.android.apps.enterprise.dmagent (protectionLevel=18 flags=0x30883e05)
03-20 01:35:33.718  2044  2085 I PackageManager: Un-granting permission android.permission.MANAGE_USERS from package com.google.android.apps.enterprise.dmagent (protectionLevel=18 flags=0x30883e05)
03-20 01:35:33.718  2044  2085 I PackageManager: Un-granting permission com.google.android.setupwizard.READ_DEVICE_ORIGIN from package com.google.android.apps.messaging (protectionLevel=18 flags=0x38cbbe45)
03-20 01:35:33.718  2044  2085 I PackageManager: Un-granting permission android.permission.HIDE_NON_SYSTEM_OVERLAY_WINDOWS from package com.android.vending (protectionLevel=258 flags=0x28cabec5)
03-20 01:35:33.718  2044  2085 I PackageManager: Un-granting permission android.permission.SEND_DOWNLOAD_COMPLETED_INTENTS from package com.android.vending (protectionLevel=2 flags=0x28cabec5)
03-20 01:35:33.719  2044  2085 I PackageManager: Un-granting permission android.permission.BIND_WALLPAPER from package com.android.camera2 (protectionLevel=18 flags=0x20d8bc45)
03-20 01:35:33.719  2044  2085 I PackageManager: Un-granting permission android.permission.REQUEST_INSTALL_PACKAGES from package com.google.android.gm (protectionLevel=66 flags=0x38cbbe45)
03-20 01:35:33.720  2044  2085 I PackageManager: Un-granting permission android.permission.BIND_JOB_SERVICE from package com.google.android.music (protectionLevel=2 flags=0x38cbbe65)
03-20 01:35:33.720  2044  2085 I PackageManager: Un-granting permission android.permission.CONNECTIVITY_USE_RESTRICTED_NETWORKS from package com.google.android.captiveportallogin (protectionLevel=18 flags=0x38c8be45)
03-20 01:35:33.720  2044  2085 I PackageManager: Un-granting permission android.permission.NETWORK_BYPASS_PRIVATE_DNS from package com.google.android.captiveportallogin (protectionLevel=2 flags=0x38c8be45)
03-20 01:35:33.720  2044  2085 I PackageManager: Un-granting permission android.permission.REQUEST_INSTALL_PACKAGES from package com.google.android.apps.docs (protectionLevel=66 flags=0x38cbbe45)
03-20 01:35:33.720  2044  2085 I PackageManager: Un-granting permission android.permission.INTERACT_ACROSS_USERS from package com.google.android.syncadapters.contacts (protectionLevel=50 flags=0x20883e45)
03-20 01:35:33.720  2044  2085 I PackageManager: Un-granting permission android.permission.REQUEST_INSTALL_PACKAGES from package com.android.chrome (protectionLevel=66 flags=0xa0cbbe45)
03-20 01:35:33.721  2044  2085 I PackageManager: Un-granting permission android.permission.CAPTURE_VIDEO_OUTPUT from package com.google.android.gms (protectionLevel=2 flags=0xa0cabec5)
03-20 01:35:33.721  2044  2085 I PackageManager: Un-granting permission android.permission.MODIFY_DEFAULT_AUDIO_EFFECTS from package com.google.android.gms (protectionLevel=18 flags=0xa0cabec5)
03-20 01:35:33.721  2044  2085 I PackageManager: Un-granting permission android.permission.MANAGE_DEVICE_ADMINS from package com.google.android.gms (protectionLevel=2 flags=0xa0cabec5)
03-20 01:35:33.721  2044  2085 I PackageManager: Un-granting permission android.permission.MANAGE_ACTIVITY_STACKS from package com.google.android.gms (protectionLevel=2 flags=0xa0cabec5)
03-20 01:35:33.721  2044  2085 I PackageManager: Un-granting permission android.permission.CAPTURE_SECURE_VIDEO_OUTPUT from package com.google.android.gms (protectionLevel=2 flags=0xa0cabec5)
03-20 01:35:33.721  2044  2085 I PackageManager: Un-granting permission android.permission.MANAGE_ROLLBACKS from package com.google.android.gms (protectionLevel=514 flags=0xa0cabec5)
03-20 01:35:33.721  2044  2085 I PackageManager: Un-granting permission android.permission.MEDIA_CONTENT_CONTROL from package com.google.android.gms (protectionLevel=18 flags=0xa0cabec5)
03-20 01:35:33.721  2044  2085 I PackageManager: Un-granting permission android.permission.HIDE_NON_SYSTEM_OVERLAY_WINDOWS from package com.google.android.gms (protectionLevel=258 flags=0xa0cabec5)
03-20 01:35:33.721  2044  2085 I PackageManager: Un-granting permission com.google.android.googleapps.permission.GOOGLE_AUTH from package com.google.android.videos (protectionLevel=2 flags=0x30dbbe45)
03-20 01:35:33.722  2044  2085 I PackageManager: Un-granting permission android.permission.WRITE_MEDIA_STORAGE from package com.google.android.apps.photos (protectionLevel=18 flags=0x38d9be45)
03-20 01:35:33.762  2044  2085 I PackageManager.DexOptimizer: Running dexopt (dexoptNeeded=1) on: /data/app/com.beemdevelopment.aegis-MSQzKLvSvXjKAGcIdRfufA==/base.apk pkg=com.beemdevelopment.aegis isa=x86 dexoptFlags=boot_complete,profile_guided,public,enable_hidden_api_checks targetFilter=speed-profile oatDir=/data/app/com.beemdevelopment.aegis-MSQzKLvSvXjKAGcIdRfufA==/oat classLoaderContext=PCL[]
03-20 01:35:33.763  1859  2897 V installd: DexInv: --- BEGIN '/data/app/com.beemdevelopment.aegis-MSQzKLvSvXjKAGcIdRfufA==/base.apk' ---
03-20 01:35:33.780 24837 24837 W dex2oat : Unexpected CPU variant for X86 using defaults: x86
03-20 01:35:33.780 24837 24837 W dex2oat : Mismatch between dex2oat instruction set features to use (ISA: X86 Feature string: -ssse3,-sse4.1,-sse4.2,-avx,-avx2,-popcnt) and those from CPP defines (ISA: X86 Feature string: ssse3,-sse4.1,-sse4.2,-avx,-avx2,-popcnt) for the command line:
03-20 01:35:33.780 24837 24837 W dex2oat : /apex/com.android.runtime/bin/dex2oat --zip-fd=8 --zip-location=base.apk --input-vdex-fd=-1 --output-vdex-fd=10 --oat-fd=9 --oat-location=/data/app/com.beemdevelopment.aegis-MSQzKLvSvXjKAGcIdRfufA==/oat/x86/base.odex --instruction-set=x86 --instruction-set-variant=x86 --instruction-set-features=default --runtime-arg -Xbootclasspath:/apex/com.android.runtime/javalib/core-oj.jar:/apex/com.android.runtime/javalib/core-libart.jar:/apex/com.android.runtime/javalib/okhttp.jar:/apex/com.android.runtime/javalib/bouncycastle.jar:/apex/com.android.runtime/javalib/apache-xml.jar:/system/framework/framework.jar:/system/framework/ext.jar:/system/framework/telephony-common.jar:/system/framework/voip-common.jar:/system/framework/ims-common.jar:/system/framework/android.test.base.jar --runtime-arg -Xms64m --runtime-arg -Xmx512m --resolve-startup-const-strings=true --max-image-block-size=524288 --compiler-filter=speed-profile --swap-fd=11 --app-image-fd=12 --image-format=lz4 --classpath-dir=/data/app/com.beemdevelopment.aegi
03-20 01:35:33.780 24837 24837 I dex2oat : /apex/com.android.runtime/bin/dex2oat --input-vdex-fd=-1 --output-vdex-fd=10 --resolve-startup-const-strings=true --max-image-block-size=524288 --compiler-filter=speed-profile --classpath-dir=/data/app/com.beemdevelopment.aegis-MSQzKLvSvXjKAGcIdRfufA== --class-loader-context=PCL[] --generate-mini-debug-info --compact-dex-level=none --compilation-reason=install
03-20 01:35:33.783 24837 24837 I dex2oat : setting boot class path to /apex/com.android.runtime/javalib/core-oj.jar:/apex/com.android.runtime/javalib/core-libart.jar:/apex/com.android.runtime/javalib/okhttp.jar:/apex/com.android.runtime/javalib/bouncycastle.jar:/apex/com.android.runtime/javalib/apache-xml.jar:/system/framework/framework.jar:/system/framework/ext.jar:/system/framework/telephony-common.jar:/system/framework/voip-common.jar:/system/framework/ims-common.jar:/system/framework/android.test.base.jar
03-20 01:35:33.907  2044  2070 I RoleUserState: Wrote roles.xml successfully
03-20 01:35:33.914 24756 24844 I GAv4    : Google Analytics 17.7.78 is starting up. To enable debug logging on a device run:
03-20 01:35:33.914 24756 24844 I GAv4    :   adb shell setprop log.tag.GAv4 DEBUG
03-20 01:35:33.914 24756 24844 I GAv4    :   adb logcat -s GAv4
03-20 01:35:33.932 24756 24847 W GAv4    : CampaignTrackingReceiver is not registered, not exported or is disabled. Installation campaign tracking is not possible. See http://goo.gl/8Rd3yj for instructions.
03-20 01:35:34.033 24756 24756 W PrimesInit: Primes instant initialization
03-20 01:35:34.035 24756 24850 W Primes  : background initialization
03-20 01:35:34.079 24756 24756 W FieldDefinition: [main] Ignoring isIndexed constraint as field also has uniqueness constraint (on just this field, and therefore SQLite will have to create an index on that. For field: czz$a@9ab3fd8
03-20 01:35:34.210  1800  2437 E GnssHAL_GnssInterface: gnssSvStatusCb: a: input svInfo.flags is 8
03-20 01:35:34.210  1800  2437 E GnssHAL_GnssInterface: gnssSvStatusCb: b: input svInfo.flags is 8
03-20 01:35:34.251 24756 24756 E DocsApplication: [main] No default account found during application creation.
03-20 01:35:34.287 24756 24756 W ComponentDiscovery: Application info not found.
03-20 01:35:34.287 24756 24756 W ComponentDiscovery: Could not retrieve metadata, returning empty list of registrars.
03-20 01:35:34.321 16441 16441 W SystemServiceRegistry: No service published for: persistent_data_block
03-20 01:35:34.327 14476 14476 D BoundBrokerSvc: onBind: Intent { act=com.google.android.gms.checkin.START pkg=com.google.android.gms }
03-20 01:35:34.327 14476 14476 D BoundBrokerSvc: Loading bound service for intent: Intent { act=com.google.android.gms.checkin.START pkg=com.google.android.gms }
03-20 01:35:34.373  3354 13916 I ProvidersCache: Provider returned no roots. Possibly naughty: com.google.android.apps.docs.storage
03-20 01:35:34.378  3354 24862 I ProvidersCache: Provider returned no roots. Possibly naughty: com.google.android.apps.docs.storage
03-20 01:35:34.379 16441  3859 E bkaa    : Phenotype API error. Event # dkqx@f59d5818, EventCode: 32 [CONTEXT service_id=51 ]
03-20 01:35:34.379 16441  3859 E bkaa    : bjzc: 29503
03-20 01:35:34.379 16441  3859 E bkaa    : 	at bkbq.g(:com.google.android.gms@230914031@23.09.14 (100700-515650844):7)
03-20 01:35:34.379 16441  3859 E bkaa    : 	at bkaa.e(:com.google.android.gms@230914031@23.09.14 (100700-515650844):4)
03-20 01:35:34.379 16441  3859 E bkaa    : 	at bkaa.f(:com.google.android.gms@230914031@23.09.14 (100700-515650844):2)
03-20 01:35:34.379 16441  3859 E bkaa    : 	at auod.eu(:com.google.android.gms@230914031@23.09.14 (100700-515650844):1)
03-20 01:35:34.379 16441  3859 E bkaa    : 	at auoj.run(:com.google.android.gms@230914031@23.09.14 (100700-515650844):12)
03-20 01:35:34.379 16441  3859 E bkaa    : 	at cpmz.run(:com.google.android.gms@230914031@23.09.14 (100700-515650844):2)
03-20 01:35:34.379 16441  3859 E bkaa    : 	at acit.c(:com.google.android.gms@230914031@23.09.14 (100700-515650844):6)
03-20 01:35:34.379 16441  3859 E bkaa    : 	at acit.run(:com.google.android.gms@230914031@23.09.14 (100700-515650844):7)
03-20 01:35:34.379 16441  3859 E bkaa    : 	at java.util.concurrent.ThreadPoolExecutor.runWorker(ThreadPoolExecutor.java:1167)
03-20 01:35:34.379 16441  3859 E bkaa    : 	at java.util.concurrent.ThreadPoolExecutor$Worker.run(ThreadPoolExecutor.java:641)
03-20 01:35:34.379 16441  3859 E bkaa    : 	at acnz.run(:com.google.android.gms@230914031@23.09.14 (100700-515650844):0)
03-20 01:35:34.379 16441  3859 E bkaa    : 	at java.lang.Thread.run(Thread.java:919)
03-20 01:35:34.380 16441  3859 W AsyncOperation: operation=SetAppSpecificPropertiesOperationCall, opStatusCode=29503 [CONTEXT service_id=51 ]
03-20 01:35:34.380 16441  3859 W AsyncOperation: OperationException[Status{statusCode=unknown status code: 29503, resolution=null}]
03-20 01:35:34.380 16441  3859 W AsyncOperation: 	at bkaa.e(:com.google.android.gms@230914031@23.09.14 (100700-515650844):6)
03-20 01:35:34.380 16441  3859 W AsyncOperation: 	at bkaa.f(:com.google.android.gms@230914031@23.09.14 (100700-515650844):2)
03-20 01:35:34.380 16441  3859 W AsyncOperation: 	at auod.eu(:com.google.android.gms@230914031@23.09.14 (100700-515650844):1)
03-20 01:35:34.380 16441  3859 W AsyncOperation: 	at auoj.run(:com.google.android.gms@230914031@23.09.14 (100700-515650844):12)
03-20 01:35:34.380 16441  3859 W AsyncOperation: 	at cpmz.run(:com.google.android.gms@230914031@23.09.14 (100700-515650844):2)
03-20 01:35:34.380 16441  3859 W AsyncOperation: 	at acit.c(:com.google.android.gms@230914031@23.09.14 (100700-515650844):6)
03-20 01:35:34.380 16441  3859 W AsyncOperation: 	at acit.run(:com.google.android.gms@230914031@23.09.14 (100700-515650844):7)
03-20 01:35:34.380 16441  3859 W AsyncOperation: 	at java.util.concurrent.ThreadPoolExecutor.runWorker(ThreadPoolExecutor.java:1167)
03-20 01:35:34.380 16441  3859 W AsyncOperation: 	at java.util.concurrent.ThreadPoolExecutor$Worker.run(ThreadPoolExecutor.java:641)
03-20 01:35:34.380 16441  3859 W AsyncOperation: 	at acnz.run(:com.google.android.gms@230914031@23.09.14 (100700-515650844):0)
03-20 01:35:34.380 16441  3859 W AsyncOperation: 	at java.lang.Thread.run(Thread.java:919)
03-20 01:35:34.854 24837 24837 I dex2oat : Explicit concurrent copying GC freed 13787(2966KB) AllocSpace objects, 0(0B) LOS objects, 99% free, 424B/1536KB, paused 372us total 3.974ms
03-20 01:35:34.958 24837 24837 I dex2oat : dex2oat took 1.178s (2.684s cpu) (threads: 4) arena alloc=175KB (179568B) java alloc=16KB (16808B) native alloc=4389KB (4494416B) free=746KB (764848B)
03-20 01:35:34.963  1859  2897 V installd: DexInv: --- END '/data/app/com.beemdevelopment.aegis-MSQzKLvSvXjKAGcIdRfufA==/base.apk' (success) ---
03-20 01:35:34.966  1779  1779 I netd    : trafficSetNetPermForUids(0, [10155]) <0.34ms>
03-20 01:35:34.956  2044  2044 W Binder:2044_1B: type=1400 audit(0.0:1645): avc: denied { getopt } for scontext=u:r:system_server:s0 tcontext=u:r:shell:s0 tclass=unix_stream_socket permissive=0
03-20 01:35:34.956  2044  2044 I chatty  : uid=1000 system_server identical 1 line
03-20 01:35:34.956  2044  2044 W Binder:2044_1B: type=1400 audit(0.0:1647): avc: denied { getopt } for scontext=u:r:system_server:s0 tcontext=u:r:shell:s0 tclass=unix_stream_socket permissive=0
03-20 01:35:34.967  1859  2897 E         : Couldn't opendir /data/app/vmdl2013413025.tmp: No such file or directory
03-20 01:35:34.967  1859  2897 E installd: Failed to delete /data/app/vmdl2013413025.tmp: No such file or directory
03-20 01:35:34.956  3244  3244 W adbd    : type=1400 audit(0.0:1648): avc: denied { shutdown } for scontext=u:r:adbd:s0 tcontext=u:r:shell:s0 tclass=unix_stream_socket permissive=0
03-20 01:35:34.985  2044  2044 I RoleManagerService: Granting default permissions...
03-20 01:35:35.006 15392 15392 I GsaVoiceInteractionSrv: (REDACTED) O received %s
03-20 01:35:35.007  1036  1036 I Finsky:background: [2] usb.f(5): usb - Received: android.intent.action.PACKAGE_ADDED, [blV-C6U1l-iHZqvWlBrz9CdCEMRvi65u55ZXC-A2f1E]
03-20 01:35:35.008   920   920 I Finsky  : [2] usk.f(0): usk - Received: android.intent.action.PACKAGE_ADDED, [blV-C6U1l-iHZqvWlBrz9CdCEMRvi65u55ZXC-A2f1E]
03-20 01:35:35.027  2718  3676 E ActivityThread: Failed to find provider info for com.google.android.apps.wellbeing.api
03-20 01:35:35.028  2044  2139 I InputReader: Reconfiguring input devices.  changes=0x00000010
03-20 01:35:35.042  2044  3006 W BroadcastQueue: Background execution not allowed: receiving Intent { act=android.intent.action.PACKAGE_ADDED dat=package:com.beemdevelopment.aegis flg=0x4000010 (has extras) } to com.google.android.packageinstaller/com.android.packageinstaller.PackageInstalledReceiver
03-20 01:35:35.042  2044  2071 W BroadcastQueue: Background execution not allowed: receiving Intent { act=android.intent.action.PACKAGE_ADDED dat=package:com.beemdevelopment.aegis flg=0x4000010 (has extras) } to com.android.musicfx/.Compatibility$Receiver
03-20 01:35:35.047  2044  2071 W BroadcastQueue: Background execution not allowed: receiving Intent { act=android.intent.action.PACKAGE_ADDED dat=package:com.beemdevelopment.aegis flg=0x4000010 (has extras) } to com.android.vending/com.google.android.finsky.packagemonitor.impl.PackageMonitorReceiverImpl$RegisteredReceiver
03-20 01:35:35.047  2044  2071 W BroadcastQueue: Background execution not allowed: receiving Intent { act=android.intent.action.PACKAGE_ADDED dat=package:com.beemdevelopment.aegis flg=0x4000010 (has extras) } to com.android.vending/com.google.android.finsky.packagemonitor.backgroundimpl.BackgroundPackageMonitorReceiverImpl$RegisteredReceiver
03-20 01:35:35.048  2044  2071 W BroadcastQueue: Background execution not allowed: receiving Intent { act=android.intent.action.PACKAGE_ADDED dat=package:com.beemdevelopment.aegis flg=0x4000010 (has extras) } to com.google.android.gms/.games.chimera.GamesSystemBroadcastReceiverProxy
03-20 01:35:35.048  2044  2071 W BroadcastQueue: Background execution not allowed: receiving Intent { act=android.intent.action.PACKAGE_ADDED dat=package:com.beemdevelopment.aegis flg=0x4000010 (has extras) } to com.google.android.gms/.gass.chimera.PackageChangeBroadcastReceiver
03-20 01:35:35.048  2044  2071 W BroadcastQueue: Background execution not allowed: receiving Intent { act=android.intent.action.PACKAGE_ADDED dat=package:com.beemdevelopment.aegis flg=0x4000010 (has extras) } to com.google.android.gms/.chimera.GmsIntentOperationService$PersistentTrustedReceiver
03-20 01:35:35.049  2044  2071 W BroadcastQueue: Background execution not allowed: receiving Intent { act=android.intent.action.PACKAGE_ADDED dat=package:com.beemdevelopment.aegis flg=0x4000010 (has extras) } to com.google.android.googlequicksearchbox/com.google.android.apps.gsa.googlequicksearchbox.GelStubAppWatcher
03-20 01:35:35.049  2044  2071 W BroadcastQueue: Background execution not allowed: receiving Intent { act=android.intent.action.PACKAGE_ADDED dat=package:com.beemdevelopment.aegis flg=0x4000010 (has extras) } to com.google.android.ims/.receivers.RcsAutoStartReceiver
03-20 01:35:35.054   920 24740 I Finsky  : [1366] as.a(9): Asset module storage cleared for package com.beemdevelopment.aegis.
03-20 01:35:35.081   920   920 I Finsky  : [2] pzg.ahZ(1): DTU: Received onPackageAdded, replacing: false
03-20 01:35:35.081   920   920 I Finsky  : [2] yyx.a(8): Clearing split related stale data.
03-20 01:35:35.082 16441 24759 W GCM     : Unexpected forwarded intent: Intent { act=android.intent.action.PACKAGE_ADDED dat=package:com.beemdevelopment.aegis flg=0x4000010 pkg=com.google.android.gms cmp=com.google.android.gms/.chimera.PersistentIntentOperationService (has extras) }
03-20 01:35:35.082   920   998 I Finsky  : [958] ivy.a(5): AIM: AppInfoManager-Perf > OnDeviceAppInfo > cacheHitCount=0, cacheMissCount=1. Missed  in cache (limit 10) : [com.beemdevelopment.aegis]
03-20 01:35:35.083   920   998 I Finsky  : [958] itm.apply(81): AIM: Got app ownership map. App counts: . Unique apps: 0
03-20 01:35:35.084 16441 24762 W GCM     : Unexpected forwarded intent: Intent { act=android.intent.action.PACKAGE_ADDED dat=package:com.beemdevelopment.aegis flg=0x4000010 pkg=com.google.android.gms cmp=com.google.android.gms/.chimera.PersistentIntentOperationService (has extras) }
03-20 01:35:35.084   920 24746 I Finsky  : [1372] jql.abD(20): [ContentSync] finished, scheduled=false
03-20 01:35:35.087 14476 24776 I Auth    : [SupervisedAccountIntentOperation] onHandleIntent(): android.intent.action.PACKAGE_ADDED
03-20 01:35:35.088 16441 24761 I FontLog : Package com.beemdevelopment.aegis has no metadata [CONTEXT service_id=132 ]
03-20 01:35:35.094 14476 24776 I BlockstoreStorage: Clearing Blockstore Data for package com.beemdevelopment.aegis [CONTEXT service_id=258 ]
03-20 01:35:35.095 14476 14476 D BoundBrokerSvc: onBind: Intent { act=com.google.android.gms.common.BIND_SHARED_PREFS pkg=com.google.android.gms }
03-20 01:35:35.095 14476 14476 D BoundBrokerSvc: Loading bound service for intent: Intent { act=com.google.android.gms.common.BIND_SHARED_PREFS pkg=com.google.android.gms }
03-20 01:35:35.095 14476 24776 I BlockstoreStorage: Keyless data not found or its IsLastInstallationData = false. [CONTEXT service_id=258 ]
03-20 01:35:35.117   920 24739 I Finsky  : [1365] mxn.run(2): Wrote row to frosting DB: 294
03-20 01:35:35.125   920   920 I Finsky  : [2] afgy.c(5): Do not start WearSupportService due to Wear service optimization
03-20 01:35:35.132  2044  2044 W Looper  : Slow dispatch took 147ms main h=android.app.ActivityThread$H c=android.app.-$$Lambda$LoadedApk$ReceiverDispatcher$Args$_BumDX2UKsnxLVrE6UJsJZkotuA@9664cad m=0
03-20 01:35:35.133 16441 16441 D BoundBrokerSvc: onBind: Intent { act=com.google.android.gms.nearby.exposurenotification.START dat=chimera-action: cmp=com.google.android.gms/.chimera.PersistentApiServiceNoInstantApps }
03-20 01:35:35.133 16441 16441 D BoundBrokerSvc: Loading bound service for intent: Intent { act=com.google.android.gms.nearby.exposurenotification.START dat=chimera-action: cmp=com.google.android.gms/.chimera.PersistentApiServiceNoInstantApps }
03-20 01:35:35.154   920 24739 I Finsky  : [1365] mxn.run(2): Wrote row to frosting DB: 295
03-20 01:35:35.174  2453  2453 D CarrierSvcBindHelper: No carrier app for: 0
03-20 01:35:35.197  2453  2453 D CarrierConfigLoader: mHandler: 9 phoneId: 0
03-20 01:35:35.214  1800  2437 E GnssHAL_GnssInterface: gnssSvStatusCb: a: input svInfo.flags is 8
03-20 01:35:35.214  1800  2437 E GnssHAL_GnssInterface: gnssSvStatusCb: b: input svInfo.flags is 8
03-20 01:35:35.214  3354 24862 I ProvidersCache: Provider returned no roots. Possibly naughty: com.google.android.apps.docs.storage
03-20 01:35:35.217 16441  1176 W ChimeraUtils: Module com.google.android.gms.nearby_en has empty metadata display_name_string_id
03-20 01:35:35.232  2044  2044 W Looper  : Slow delivery took 236ms main h=android.app.ActivityThread$H c=android.app.-$$Lambda$LoadedApk$ReceiverDispatcher$Args$_BumDX2UKsnxLVrE6UJsJZkotuA@56db18e m=0
03-20 01:35:35.232  2044  2044 I Telecom : DefaultDialerCache: Refreshing default dialer for user 0: now com.android.dialer: DDC.oR@AXE
03-20 01:35:35.235  1036 24738 I Finsky:background: [1003] mxn.run(2): Wrote row to frosting DB: 296
03-20 01:35:35.238  2044  2044 W Looper  : Drained
03-20 01:35:35.246   920  1004 I Finsky  : [963] ivt.a(11): AIM: AppInfoManager-Perf > ItemModel > CacheSize=0, cacheHitCount=0, cacheMissCount=1, total appsWithNoServerDataCount=0. Missed  in cache (limit 10) : [com.beemdevelopment.aegis]
03-20 01:35:35.246   920  1004 I Finsky  : [963] ivw.p(3): AIM: AppInfoManager-Perf > ItemModel > ItemStore Called 1 apps cacheOptions = USE_CACHE
03-20 01:35:35.246   920  1004 I Finsky  : [963] ivt.a(80): AIM: ItemModel fetch - unauth(1), auth()
03-20 01:35:35.250  2044  2071 W BroadcastQueue: Background execution not allowed: receiving Intent { act=android.intent.action.DROPBOX_ENTRY_ADDED flg=0x10 (has extras) } to com.google.android.gms/.stats.service.DropBoxEntryAddedReceiver
03-20 01:35:35.251  2044  2071 W BroadcastQueue: Background execution not allowed: receiving Intent { act=android.intent.action.DROPBOX_ENTRY_ADDED flg=0x10 (has extras) } to com.google.android.gms/.chimera.GmsIntentOperationService$PersistentTrustedReceiver
03-20 01:35:35.251 16441  1176 W ChimeraUtils: Module com.google.android.gms.nearby_en has empty metadata display_name_string_id
03-20 01:35:35.274 14476 14476 D BoundBrokerSvc: onUnbind: Intent { act=com.google.android.gms.common.BIND_SHARED_PREFS pkg=com.google.android.gms }
03-20 01:35:35.282  1036 24738 I Finsky:background: [1003] mxn.run(2): Wrote row to frosting DB: 297
03-20 01:35:35.343  2044  2056 I system_server: Background concurrent copying GC freed 22749(1596KB) AllocSpace objects, 19(944KB) LOS objects, 27% free, 15MB/21MB, paused 920us total 376.376ms
03-20 01:35:35.355 14476 24801 I Icing   : Indexing com.google.android.gms-apps from com.google.android.gms
03-20 01:35:35.367 24876 24876 D AndroidRuntime: >>>>>> START com.android.internal.os.RuntimeInit uid 2000 <<<<<<
03-20 01:35:35.373 24876 24876 E libc    : Access denied finding property "persist.device_config.runtime_native_boot.enable_apex_image"
03-20 01:35:35.373 24876 24876 I AndroidRuntime: Using default boot image
03-20 01:35:35.373 24876 24876 E libc    : Access denied finding property "persist.device_config.runtime_native_boot.disable_lock_profiling"
03-20 01:35:35.373 24876 24876 I AndroidRuntime: Leaving lock profiling enabled
03-20 01:35:35.373 24876 24876 E libc    : Access denied finding property "persist.device_config.runtime_native_boot.enable_generational_cc"
03-20 01:35:35.397 14476 24801 I Icing   : Indexing done com.google.android.gms-apps
03-20 01:35:35.366 24876 24876 W app_process: type=1400 audit(0.0:1649): avc: denied { read } for name="u:object_r:device_config_runtime_native_boot_prop:s0" dev="tmpfs" ino=874 scontext=u:r:shell:s0 tcontext=u:object_r:device_config_runtime_native_boot_prop:s0 tclass=file permissive=0
03-20 01:35:35.366 24876 24876 W app_process: type=1400 audit(0.0:1650): avc: denied { read } for name="u:object_r:device_config_runtime_native_boot_prop:s0" dev="tmpfs" ino=874 scontext=u:r:shell:s0 tcontext=u:object_r:device_config_runtime_native_boot_prop:s0 tclass=file permissive=0
03-20 01:35:35.505 24876 24876 D ICU     : Time zone APEX file found: /apex/com.android.tzdata/etc/icu/icu_tzdata.dat
03-20 01:35:35.510 24876 24876 W app_process: Unexpected CPU variant for X86 using defaults: x86
03-20 01:35:35.513 24876 24876 I app_process: The ClassLoaderContext is a special shared library.
03-20 01:35:35.537 24876 24876 W app_process: JNI RegisterNativeMethods: attempt to register 0 native methods for android.media.AudioAttributes
03-20 01:35:35.541 24876 24876 D AndroidRuntime: Calling main entry com.android.commands.monkey.Monkey
03-20 01:35:35.544 24876 24876 W Monkey  : args: [-p, com.beemdevelopment.aegis, -c, android.intent.category.LAUNCHER, 1]
03-20 01:35:35.544 24876 24876 W Monkey  :  arg: "-p"
03-20 01:35:35.545 24876 24876 W Monkey  :  arg: "com.beemdevelopment.aegis"
03-20 01:35:35.545 24876 24876 W Monkey  :  arg: "-c"
03-20 01:35:35.545 24876 24876 W Monkey  :  arg: "android.intent.category.LAUNCHER"
03-20 01:35:35.545 24876 24876 W Monkey  :  arg: "1"
03-20 01:35:35.546 24876 24876 W Monkey  : data="com.beemdevelopment.aegis"
03-20 01:35:35.546 24876 24876 W Monkey  : data="android.intent.category.LAUNCHER"
03-20 01:35:35.563  2044  2071 W BroadcastQueue: Skipping deliver [background] BroadcastRecord{cc71c4a u-1 android.net.conn.CONNECTIVITY_CHANGE} to ReceiverList{6a1c7bb 24876 (unknown name)/2000/u-1 remote:ba7a5ec}: process gone or crashing
03-20 01:35:35.593  2044  3016 I ActivityTaskManager: START u0 {act=android.intent.action.MAIN cat=[android.intent.category.LAUNCHER] flg=0x10200000 cmp=com.beemdevelopment.aegis/.ui.MainActivity} from uid 2000
03-20 01:35:35.595  2044  3016 W Binder  : Outgoing transactions from this process must be FLAG_ONEWAY
03-20 01:35:35.595  2044  3016 W Binder  : java.lang.Throwable
03-20 01:35:35.595  2044  3016 W Binder  : 	at android.os.BinderProxy.transact(BinderProxy.java:480)
03-20 01:35:35.595  2044  3016 W Binder  : 	at android.app.IActivityController$Stub$Proxy.activityStarting(IActivityController.java:273)
03-20 01:35:35.595  2044  3016 W Binder  : 	at com.android.server.wm.ActivityStarter.startActivity(ActivityStarter.java:794)
03-20 01:35:35.595  2044  3016 W Binder  : 	at com.android.server.wm.ActivityStarter.startActivity(ActivityStarter.java:583)
03-20 01:35:35.595  2044  3016 W Binder  : 	at com.android.server.wm.ActivityStarter.startActivityMayWait(ActivityStarter.java:1288)
03-20 01:35:35.595  2044  3016 W Binder  : 	at com.android.server.wm.ActivityStarter.execute(ActivityStarter.java:514)
03-20 01:35:35.595  2044  3016 W Binder  : 	at com.android.server.wm.ActivityTaskManagerService.startActivityAsUser(ActivityTaskManagerService.java:1058)
03-20 01:35:35.595  2044  3016 W Binder  : 	at com.android.server.wm.ActivityTaskManagerService.startActivityAsUser(ActivityTaskManagerService.java:1032)
03-20 01:35:35.595  2044  3016 W Binder  : 	at com.android.server.am.ActivityManagerService.startActivityAsUser(ActivityManagerService.java:3504)
03-20 01:35:35.595  2044  3016 W Binder  : 	at android.app.IActivityManager$Stub.onTransact(IActivityManager.java:3537)
03-20 01:35:35.595  2044  3016 W Binder  : 	at com.android.server.am.ActivityManagerService.onTransact(ActivityManagerService.java:2741)
03-20 01:35:35.595  2044  3016 W Binder  : 	at android.os.Binder.execTransactInternal(Binder.java:1021)
03-20 01:35:35.595  2044  3016 W Binder  : 	at android.os.Binder.execTransact(Binder.java:994)
03-20 01:35:35.613 24876 24876 I Monkey  : Events injected: 1
03-20 01:35:35.620  2044  2066 E system_server: Invalid ID 0x00000000.
03-20 01:35:35.621  2044  3016 W InputReader: Device has associated, but no associated display id.
03-20 01:35:35.629  2044  2044 V SettingsProvider: Notifying for 0: content://settings/system/accelerometer_rotation
03-20 01:35:35.621  2044  3016 I chatty  : uid=1000(system) Binder:2044_D identical 8 lines
03-20 01:35:35.621  2044  3016 W InputReader: Device has associated, but no associated display id.
03-20 01:35:35.631 24876 24876 I Monkey  : ## Network stats: elapsed time=35ms (0ms mobile, 0ms wifi, 35ms not connected)
03-20 01:35:35.635 24876 24876 I app_process: System.exit called, status: 0
03-20 01:35:35.635 24876 24876 I AndroidRuntime: VM exiting with result code 0.
03-20 01:35:35.643  1801 17384 D gralloc_ranchu: gralloc_alloc: Creating ashmem region of size 8298496
03-20 01:35:35.647  1780  1780 D Zygote  : Forked child process 24893
03-20 01:35:35.656 24893 24893 W velopment.aegi: Unexpected CPU variant for X86 using defaults: x86
03-20 01:35:35.629  2044  2044 V SettingsProvider: Notifying for 0: content://settings/system/accelerometer_rotation
03-20 01:35:35.659  2044  2072 I ActivityManager: Start proc 24893:com.beemdevelopment.aegis/u0a155 for activity {com.beemdevelopment.aegis/com.beemdevelopment.aegis.ui.MainActivity}
03-20 01:35:35.661 24893 24893 E velopment.aegi: Not starting debugger since process cannot load the jdwp agent.
03-20 01:35:35.678  2044  4653 W InputReader: Device has associated, but no associated display id.
03-20 01:35:35.682  2044  4653 I chatty  : uid=1000(system) Binder:2044_14 identical 28 lines
03-20 01:35:35.682  2044  4653 W InputReader: Device has associated, but no associated display id.
03-20 01:35:35.693  2044  2066 W InputReader: Device has associated, but no associated display id.
03-20 01:35:35.693  2044  2066 I chatty  : uid=1000(system) android.anim identical 8 lines
03-20 01:35:35.693  2044  2066 W InputReader: Device has associated, but no associated display id.
03-20 01:35:35.711  2213  2441 D EGL_emulation: eglMakeCurrent: 0xe0e1a4e0: ver 3 0 (tinfo 0xe0e0fa50)
