03-20 01:38:02.519  1800  2437 E GnssHAL_GnssInterface: gnssSvStatusCb: b: input svInfo.flags is 8
03-20 01:38:02.939  1801 17384 D gralloc_ranchu: gralloc_alloc: Creating ashmem region of size 8298496
03-20 01:38:02.941  1828  1828 W SurfaceFlinger: FB is protected: PERMISSION_DENIED
03-20 01:38:02.942 25405 25405 E SurfaceFlinger: captureScreen failed to readInt32: -1
03-20 01:38:03.521  1800  2437 E GnssHAL_GnssInterface: gnssSvStatusCb: a: input svInfo.flags is 8
03-20 01:38:03.521  1800  2437 E GnssHAL_GnssInterface: gnssSvStatusCb: b: input svInfo.flags is 8
03-20 01:38:04.525  1800  2437 E GnssHAL_GnssInterface: gnssSvStatusCb: a: input svInfo.flags is 8
03-20 01:38:04.525  1800  2437 E GnssHAL_GnssInterface: gnssSvStatusCb: b: input svInfo.flags is 8
03-20 01:38:05.076  1801 17384 D gralloc_ranchu: gralloc_alloc: Creating ashmem region of size 8298496
03-20 01:38:05.077  1828  1828 W SurfaceFlinger: FB is protected: PERMISSION_DENIED
03-20 01:38:05.078 25411 25411 E SurfaceFlinger: captureScreen failed to readInt32: -1
03-20 01:38:05.529  1800  2437 E GnssHAL_GnssInterface: gnssSvStatusCb: a: input svInfo.flags is 8
03-20 01:38:05.529  1800  2437 E GnssHAL_GnssInterface: gnssSvStatusCb: b: input svInfo.flags is 8
03-20 01:38:06.534  1800  2437 E GnssHAL_GnssInterface: gnssSvStatusCb: a: input svInfo.flags is 8
03-20 01:38:06.534  1800  2437 E GnssHAL_GnssInterface: gnssSvStatusCb: b: input svInfo.flags is 8
03-20 01:38:07.205  1801 17384 D gralloc_ranchu: gralloc_alloc: Creating ashmem region of size 8298496
03-20 01:38:07.207  1828  1828 W SurfaceFlinger: FB is protected: PERMISSION_DENIED
03-20 01:38:07.208 25417 25417 E SurfaceFlinger: captureScreen failed to readInt32: -1
03-20 01:38:07.537  1800  2437 E GnssHAL_GnssInterface: gnssSvStatusCb: a: input svInfo.flags is 8
03-20 01:38:07.537  1800  2437 E GnssHAL_GnssInterface: gnssSvStatusCb: b: input svInfo.flags is 8
03-20 01:38:08.541  1800  2437 E GnssHAL_GnssInterface: gnssSvStatusCb: a: input svInfo.flags is 8
03-20 01:38:08.541  1800  2437 E GnssHAL_GnssInterface: gnssSvStatusCb: b: input svInfo.flags is 8
03-20 01:38:09.353  1801 17384 D gralloc_ranchu: gralloc_alloc: Creating ashmem region of size 8298496
03-20 01:38:09.355  1828  1828 W SurfaceFlinger: FB is protected: PERMISSION_DENIED
03-20 01:38:09.356 25423 25423 E SurfaceFlinger: captureScreen failed to readInt32: -1
03-20 01:38:09.545  1800  2437 E GnssHAL_GnssInterface: gnssSvStatusCb: a: input svInfo.flags is 8
03-20 01:38:09.546  1800  2437 E GnssHAL_GnssInterface: gnssSvStatusCb: b: input svInfo.flags is 8
03-20 01:38:10.550  1800  2437 E GnssHAL_GnssInterface: gnssSvStatusCb: a: input svInfo.flags is 8
03-20 01:38:10.550  1800  2437 E GnssHAL_GnssInterface: gnssSvStatusCb: b: input svInfo.flags is 8
03-20 01:38:11.482  1801 17384 D gralloc_ranchu: gralloc_alloc: Creating ashmem region of size 8298496
03-20 01:38:11.483  1828  1828 W SurfaceFlinger: FB is protected: PERMISSION_DENIED
03-20 01:38:11.484 25429 25429 E SurfaceFlinger: captureScreen failed to readInt32: -1
03-20 01:38:11.553  1800  2437 E GnssHAL_GnssInterface: gnssSvStatusCb: a: input svInfo.flags is 8
03-20 01:38:11.553  1800  2437 E GnssHAL_GnssInterface: gnssSvStatusCb: b: input svInfo.flags is 8
03-20 01:38:12.553  1800  2437 E GnssHAL_GnssInterface: gnssSvStatusCb: a: input svInfo.flags is 8
03-20 01:38:12.553  1800  2437 E GnssHAL_GnssInterface: gnssSvStatusCb: b: input svInfo.flags is 8
03-20 01:38:13.557  1800  2437 E GnssHAL_GnssInterface: gnssSvStatusCb: a: input svInfo.flags is 8
03-20 01:38:13.557  1800  2437 E GnssHAL_GnssInterface: gnssSvStatusCb: b: input svInfo.flags is 8
03-20 01:38:13.603  1801 17384 D gralloc_ranchu: gralloc_alloc: Creating ashmem region of size 8298496
03-20 01:38:13.604  1828  1828 W SurfaceFlinger: FB is protected: PERMISSION_DENIED
03-20 01:38:13.605 25435 25435 E SurfaceFlinger: captureScreen failed to readInt32: -1
03-20 01:38:14.558  1800  2437 E GnssHAL_GnssInterface: gnssSvStatusCb: a: input svInfo.flags is 8
03-20 01:38:14.558  1800  2437 E GnssHAL_GnssInterface: gnssSvStatusCb: b: input svInfo.flags is 8
03-20 01:38:15.559  1800  2437 E GnssHAL_GnssInterface: gnssSvStatusCb: a: input svInfo.flags is 8
03-20 01:38:15.559  1800  2437 E GnssHAL_GnssInterface: gnssSvStatusCb: b: input svInfo.flags is 8
03-20 01:38:15.727  1801 17384 D gralloc_ranchu: gralloc_alloc: Creating ashmem region of size 8298496
03-20 01:38:15.728  1828  1828 W SurfaceFlinger: FB is protected: PERMISSION_DENIED
03-20 01:38:15.729 25441 25441 E SurfaceFlinger: captureScreen failed to readInt32: -1
03-20 01:38:16.559  1800  2437 E GnssHAL_GnssInterface: gnssSvStatusCb: a: input svInfo.flags is 8
03-20 01:38:16.559  1800  2437 E GnssHAL_GnssInterface: gnssSvStatusCb: b: input svInfo.flags is 8
03-20 01:38:17.560  1800  2437 E GnssHAL_GnssInterface: gnssSvStatusCb: a: input svInfo.flags is 8
03-20 01:38:17.560  1800  2437 E GnssHAL_GnssInterface: gnssSvStatusCb: b: input svInfo.flags is 8
03-20 01:38:17.853  1801 17384 D gralloc_ranchu: gralloc_alloc: Creating ashmem region of size 8298496
03-20 01:38:17.854  1828  1828 W SurfaceFlinger: FB is protected: PERMISSION_DENIED
03-20 01:38:17.854 25447 25447 E SurfaceFlinger: captureScreen failed to readInt32: -1
03-20 01:38:18.564  1800  2437 E GnssHAL_GnssInterface: gnssSvStatusCb: a: input svInfo.flags is 8
03-20 01:38:18.564  1800  2437 E GnssHAL_GnssInterface: gnssSvStatusCb: b: input svInfo.flags is 8
03-20 01:38:19.569  1800  2437 E GnssHAL_GnssInterface: gnssSvStatusCb: a: input svInfo.flags is 8
03-20 01:38:19.569  1800  2437 E GnssHAL_GnssInterface: gnssSvStatusCb: b: input svInfo.flags is 8
03-20 01:38:19.980  1801 17384 D gralloc_ranchu: gralloc_alloc: Creating ashmem region of size 8298496
03-20 01:38:19.982  1828  1828 W SurfaceFlinger: FB is protected: PERMISSION_DENIED
03-20 01:38:19.983 25453 25453 E SurfaceFlinger: captureScreen failed to readInt32: -1
03-20 01:38:20.574  1800  2437 E GnssHAL_GnssInterface: gnssSvStatusCb: a: input svInfo.flags is 8
03-20 01:38:20.574  1800  2437 E GnssHAL_GnssInterface: gnssSvStatusCb: b: input svInfo.flags is 8
03-20 01:38:21.579  1800  2437 E GnssHAL_GnssInterface: gnssSvStatusCb: a: input svInfo.flags is 8
03-20 01:38:21.579  1800  2437 E GnssHAL_GnssInterface: gnssSvStatusCb: b: input svInfo.flags is 8
03-20 01:38:22.580  1800  2437 E GnssHAL_GnssInterface: gnssSvStatusCb: a: input svInfo.flags is 8
03-20 01:38:22.580  1800  2437 E GnssHAL_GnssInterface: gnssSvStatusCb: b: input svInfo.flags is 8
03-20 01:38:22.612 13973 25461 D UIAutomatorStub: URI: /jsonrpc/0, Method: POST, Header: {content-length=117, remote-addr=127.0.0.1, http-client-ip=127.0.0.1, host=localhost:9008, content-type=application/json, connection=close, accept-encoding=identity, user-agent=Python-urllib/3.7}, params, {NanoHttpd.QUERY_STRING=null}, files: {postData={"jsonrpc": "2.0", "method": "dumpWindowHierarchy", "id": "cf422c5dc84a015a45abc24be960f451", "params": [true, null]}}
03-20 01:38:22.623 13973 25461 I UIAutomatorStub: Skipping invisible child: android.view.accessibility.AccessibilityNodeInfo@2f311; boundsInParent: Rect(0, 0 - 1080, 1731); boundsInScreen: Rect(1080, 63 - 1080, 1794); packageName: com.beemdevelopment.aegis; className: android.widget.LinearLayout; text: null; error: null; maxTextLength: -1; contentDescription: null; tooltipText: null; viewIdResName: com.beemdevelopment.aegis:id/main; checkable: false; checked: false; focusable: false; focused: false; selected: false; clickable: false; longClickable: false; contextClickable: false; enabled: true; password: false; scrollable: false; importantForAccessibility: false; visible: false; actions: [AccessibilityAction: ACTION_SELECT - null, AccessibilityAction: ACTION_CLEAR_SELECTION - null, AccessibilityAction: ACTION_ACCESSIBILITY_FOCUS - null, AccessibilityAction: ACTION_SHOW_ON_SCREEN - null]
03-20 01:38:22.623 13973 25461 I UIAutomatorStub: Skipping invisible child: android.view.accessibility.AccessibilityNodeInfo@31c5c; boundsInParent: Rect(0, 0 - 1080, 1731); boundsInScreen: Rect(2160, 63 - 1080, 1794); packageName: com.beemdevelopment.aegis; className: android.widget.LinearLayout; text: null; error: null; maxTextLength: -1; contentDescription: null; tooltipText: null; viewIdResName: com.beemdevelopment.aegis:id/main; checkable: false; checked: false; focusable: false; focused: false; selected: false; clickable: false; longClickable: false; contextClickable: false; enabled: true; password: false; scrollable: false; importantForAccessibility: false; visible: false; actions: [AccessibilityAction: ACTION_SELECT - null, AccessibilityAction: ACTION_CLEAR_SELECTION - null, AccessibilityAction: ACTION_ACCESSIBILITY_FOCUS - null, AccessibilityAction: ACTION_SHOW_ON_SCREEN - null]
03-20 01:38:22.623 13973 25461 I UIAutomatorStub: Skipping invisible child: android.view.accessibility.AccessibilityNodeInfo@33e25; boundsInParent: Rect(0, 0 - 1080, 1731); boundsInScreen: Rect(3240, 63 - 1080, 1794); packageName: com.beemdevelopment.aegis; className: android.view.ViewGroup; text: null; error: null; maxTextLength: -1; contentDescription: null; tooltipText: null; viewIdResName: com.beemdevelopment.aegis:id/main; checkable: false; checked: false; focusable: false; focused: false; selected: false; clickable: false; longClickable: false; contextClickable: false; enabled: true; password: false; scrollable: false; importantForAccessibility: false; visible: false; actions: [AccessibilityAction: ACTION_SELECT - null, AccessibilityAction: ACTION_CLEAR_SELECTION - null, AccessibilityAction: ACTION_ACCESSIBILITY_FOCUS - null, AccessibilityAction: ACTION_SHOW_ON_SCREEN - null]
03-20 01:38:22.624 13973 25461 I UIAutomatorStub: Skipping invisible child: android.view.accessibility.AccessibilityNodeInfo@2e04c; boundsInParent: Rect(0, 0 - 1080, 63); boundsInScreen: Rect(0, 0 - 1080, 63); packageName: com.beemdevelopment.aegis; className: android.view.View; text: null; error: null; maxTextLength: -1; contentDescription: null; tooltipText: null; viewIdResName: android:id/statusBarBackground; checkable: false; checked: false; focusable: false; focused: false; selected: false; clickable: false; longClickable: false; contextClickable: false; enabled: true; password: false; scrollable: false; importantForAccessibility: false; visible: false; actions: [AccessibilityAction: ACTION_SELECT - null, AccessibilityAction: ACTION_CLEAR_SELECTION - null, AccessibilityAction: ACTION_ACCESSIBILITY_FOCUS - null, AccessibilityAction: ACTION_SHOW_ON_SCREEN - null]
03-20 01:38:22.624 13973 25461 I UIAutomatorStub: Skipping invisible child: android.view.accessibility.AccessibilityNodeInfo@2dc8b; boundsInParent: Rect(0, 0 - 1080, 126); boundsInScreen: Rect(0, 1794 - 1080, 1920); packageName: com.beemdevelopment.aegis; className: android.view.View; text: null; error: null; maxTextLength: -1; contentDescription: null; tooltipText: null; viewIdResName: android:id/navigationBarBackground; checkable: false; checked: false; focusable: false; focused: false; selected: false; clickable: false; longClickable: false; contextClickable: false; enabled: true; password: false; scrollable: false; importantForAccessibility: false; visible: false; actions: [AccessibilityAction: ACTION_SELECT - null, AccessibilityAction: ACTION_CLEAR_SELECTION - null, AccessibilityAction: ACTION_ACCESSIBILITY_FOCUS - null, AccessibilityAction: ACTION_SHOW_ON_SCREEN - null]
03-20 01:38:22.624 13973 25461 I UIAutomatorStub: Fetch time: 2ms
03-20 01:38:23.255  1953  1953 E netmgr  : Failed to open QEMU pipe 'qemud:network': Invalid argument
03-20 01:38:23.583  1800  2437 E GnssHAL_GnssInterface: gnssSvStatusCb: a: input svInfo.flags is 8
03-20 01:38:23.583  1800  2437 E GnssHAL_GnssInterface: gnssSvStatusCb: b: input svInfo.flags is 8
03-20 01:38:23.901 13973 25465 D UIAutomatorStub: URI: /jsonrpc/0, Method: POST, Header: {content-length=117, remote-addr=127.0.0.1, http-client-ip=127.0.0.1, host=localhost:9008, content-type=application/json, connection=close, accept-encoding=identity, user-agent=Python-urllib/3.7}, params, {NanoHttpd.QUERY_STRING=null}, files: {postData={"jsonrpc": "2.0", "method": "dumpWindowHierarchy", "id": "59fdf2e40ddf628b72ff6314eeb1049f", "params": [true, null]}}
03-20 01:38:23.907 13973 25465 I UIAutomatorStub: Skipping invisible child: android.view.accessibility.AccessibilityNodeInfo@2f311; boundsInParent: Rect(0, 0 - 1080, 1731); boundsInScreen: Rect(1080, 63 - 1080, 1794); packageName: com.beemdevelopment.aegis; className: android.widget.LinearLayout; text: null; error: null; maxTextLength: -1; contentDescription: null; tooltipText: null; viewIdResName: com.beemdevelopment.aegis:id/main; checkable: false; checked: false; focusable: false; focused: false; selected: false; clickable: false; longClickable: false; contextClickable: false; enabled: true; password: false; scrollable: false; importantForAccessibility: false; visible: false; actions: [AccessibilityAction: ACTION_SELECT - null, AccessibilityAction: ACTION_CLEAR_SELECTION - null, AccessibilityAction: ACTION_ACCESSIBILITY_FOCUS - null, AccessibilityAction: ACTION_SHOW_ON_SCREEN - null]
03-20 01:38:23.907 13973 25465 I UIAutomatorStub: Skipping invisible child: android.view.accessibility.AccessibilityNodeInfo@31c5c; boundsInParent: Rect(0, 0 - 1080, 1731); boundsInScreen: Rect(2160, 63 - 1080, 1794); packageName: com.beemdevelopment.aegis; className: android.widget.LinearLayout; text: null; error: null; maxTextLength: -1; contentDescription: null; tooltipText: null; viewIdResName: com.beemdevelopment.aegis:id/main; checkable: false; checked: false; focusable: false; focused: false; selected: false; clickable: false; longClickable: false; contextClickable: false; enabled: true; password: false; scrollable: false; importantForAccessibility: false; visible: false; actions: [AccessibilityAction: ACTION_SELECT - null, AccessibilityAction: ACTION_CLEAR_SELECTION - null, AccessibilityAction: ACTION_ACCESSIBILITY_FOCUS - null, AccessibilityAction: ACTION_SHOW_ON_SCREEN - null]
03-20 01:38:23.907 13973 25465 I UIAutomatorStub: Skipping invisible child: android.view.accessibility.AccessibilityNodeInfo@33e25; boundsInParent: Rect(0, 0 - 1080, 1731); boundsInScreen: Rect(3240, 63 - 1080, 1794); packageName: com.beemdevelopment.aegis; className: android.view.ViewGroup; text: null; error: null; maxTextLength: -1; contentDescription: null; tooltipText: null; viewIdResName: com.beemdevelopment.aegis:id/main; checkable: false; checked: false; focusable: false; focused: false; selected: false; clickable: false; longClickable: false; contextClickable: false; enabled: true; password: false; scrollable: false; importantForAccessibility: false; visible: false; actions: [AccessibilityAction: ACTION_SELECT - null, AccessibilityAction: ACTION_CLEAR_SELECTION - null, AccessibilityAction: ACTION_ACCESSIBILITY_FOCUS - null, AccessibilityAction: ACTION_SHOW_ON_SCREEN - null]
03-20 01:38:23.908 13973 25465 I UIAutomatorStub: Skipping invisible child: android.view.accessibility.AccessibilityNodeInfo@2e04c; boundsInParent: Rect(0, 0 - 1080, 63); boundsInScreen: Rect(0, 0 - 1080, 63); packageName: com.beemdevelopment.aegis; className: android.view.View; text: null; error: null; maxTextLength: -1; contentDescription: null; tooltipText: null; viewIdResName: android:id/statusBarBackground; checkable: false; checked: false; focusable: false; focused: false; selected: false; clickable: false; longClickable: false; contextClickable: false; enabled: true; password: false; scrollable: false; importantForAccessibility: false; visible: false; actions: [AccessibilityAction: ACTION_SELECT - null, AccessibilityAction: ACTION_CLEAR_SELECTION - null, AccessibilityAction: ACTION_ACCESSIBILITY_FOCUS - null, AccessibilityAction: ACTION_SHOW_ON_SCREEN - null]
03-20 01:38:23.908 13973 25465 I UIAutomatorStub: Skipping invisible child: android.view.accessibility.AccessibilityNodeInfo@2dc8b; boundsInParent: Rect(0, 0 - 1080, 126); boundsInScreen: Rect(0, 1794 - 1080, 1920); packageName: com.beemdevelopment.aegis; className: android.view.View; text: null; error: null; maxTextLength: -1; contentDescription: null; tooltipText: null; viewIdResName: android:id/navigationBarBackground; checkable: false; checked: false; focusable: false; focused: false; selected: false; clickable: false; longClickable: false; contextClickable: false; enabled: true; password: false; scrollable: false; importantForAccessibility: false; visible: false; actions: [AccessibilityAction: ACTION_SELECT - null, AccessibilityAction: ACTION_CLEAR_SELECTION - null, AccessibilityAction: ACTION_ACCESSIBILITY_FOCUS - null, AccessibilityAction: ACTION_SHOW_ON_SCREEN - null]
03-20 01:38:23.908 13973 25465 I UIAutomatorStub: Fetch time: 2ms
03-20 01:38:24.093  1960  1960 E wifi_forwarder: RemoteConnection failed to initialize: RemoteConnection failed to open pipe
03-20 01:38:24.583  1800  2437 E GnssHAL_GnssInterface: gnssSvStatusCb: a: input svInfo.flags is 8
03-20 01:38:24.583  1800  2437 E GnssHAL_GnssInterface: gnssSvStatusCb: b: input svInfo.flags is 8
03-20 01:38:25.223 13973 25471 D UIAutomatorStub: URI: /jsonrpc/0, Method: POST, Header: {content-length=117, remote-addr=127.0.0.1, http-client-ip=127.0.0.1, host=localhost:9008, content-type=application/json, connection=close, accept-encoding=identity, user-agent=Python-urllib/3.7}, params, {NanoHttpd.QUERY_STRING=null}, files: {postData={"jsonrpc": "2.0", "method": "dumpWindowHierarchy", "id": "6c3c416b952769c36070fe18c8d43d95", "params": [true, null]}}
03-20 01:38:25.229 13973 25471 I UIAutomatorStub: Skipping invisible child: android.view.accessibility.AccessibilityNodeInfo@2f311; boundsInParent: Rect(0, 0 - 1080, 1731); boundsInScreen: Rect(1080, 63 - 1080, 1794); packageName: com.beemdevelopment.aegis; className: android.widget.LinearLayout; text: null; error: null; maxTextLength: -1; contentDescription: null; tooltipText: null; viewIdResName: com.beemdevelopment.aegis:id/main; checkable: false; checked: false; focusable: false; focused: false; selected: false; clickable: false; longClickable: false; contextClickable: false; enabled: true; password: false; scrollable: false; importantForAccessibility: false; visible: false; actions: [AccessibilityAction: ACTION_SELECT - null, AccessibilityAction: ACTION_CLEAR_SELECTION - null, AccessibilityAction: ACTION_ACCESSIBILITY_FOCUS - null, AccessibilityAction: ACTION_SHOW_ON_SCREEN - null]
03-20 01:38:25.229 13973 25471 I UIAutomatorStub: Skipping invisible child: android.view.accessibility.AccessibilityNodeInfo@31c5c; boundsInParent: Rect(0, 0 - 1080, 1731); boundsInScreen: Rect(2160, 63 - 1080, 1794); packageName: com.beemdevelopment.aegis; className: android.widget.LinearLayout; text: null; error: null; maxTextLength: -1; contentDescription: null; tooltipText: null; viewIdResName: com.beemdevelopment.aegis:id/main; checkable: false; checked: false; focusable: false; focused: false; selected: false; clickable: false; longClickable: false; contextClickable: false; enabled: true; password: false; scrollable: false; importantForAccessibility: false; visible: false; actions: [AccessibilityAction: ACTION_SELECT - null, AccessibilityAction: ACTION_CLEAR_SELECTION - null, AccessibilityAction: ACTION_ACCESSIBILITY_FOCUS - null, AccessibilityAction: ACTION_SHOW_ON_SCREEN - null]
03-20 01:38:25.229 13973 25471 I UIAutomatorStub: Skipping invisible child: android.view.accessibility.AccessibilityNodeInfo@33e25; boundsInParent: Rect(0, 0 - 1080, 1731); boundsInScreen: Rect(3240, 63 - 1080, 1794); packageName: com.beemdevelopment.aegis; className: android.view.ViewGroup; text: null; error: null; maxTextLength: -1; contentDescription: null; tooltipText: null; viewIdResName: com.beemdevelopment.aegis:id/main; checkable: false; checked: false; focusable: false; focused: false; selected: false; clickable: false; longClickable: false; contextClickable: false; enabled: true; password: false; scrollable: false; importantForAccessibility: false; visible: false; actions: [AccessibilityAction: ACTION_SELECT - null, AccessibilityAction: ACTION_CLEAR_SELECTION - null, AccessibilityAction: ACTION_ACCESSIBILITY_FOCUS - null, AccessibilityAction: ACTION_SHOW_ON_SCREEN - null]
03-20 01:38:25.229 13973 25471 I UIAutomatorStub: Skipping invisible child: android.view.accessibility.AccessibilityNodeInfo@2e04c; boundsInParent: Rect(0, 0 - 1080, 63); boundsInScreen: Rect(0, 0 - 1080, 63); packageName: com.beemdevelopment.aegis; className: android.view.View; text: null; error: null; maxTextLength: -1; contentDescription: null; tooltipText: null; viewIdResName: android:id/statusBarBackground; checkable: false; checked: false; focusable: false; focused: false; selected: false; clickable: false; longClickable: false; contextClickable: false; enabled: true; password: false; scrollable: false; importantForAccessibility: false; visible: false; actions: [AccessibilityAction: ACTION_SELECT - null, AccessibilityAction: ACTION_CLEAR_SELECTION - null, AccessibilityAction: ACTION_ACCESSIBILITY_FOCUS - null, AccessibilityAction: ACTION_SHOW_ON_SCREEN - null]
03-20 01:38:25.230 13973 25471 I UIAutomatorStub: Skipping invisible child: android.view.accessibility.AccessibilityNodeInfo@2dc8b; boundsInParent: Rect(0, 0 - 1080, 126); boundsInScreen: Rect(0, 1794 - 1080, 1920); packageName: com.beemdevelopment.aegis; className: android.view.View; text: null; error: null; maxTextLength: -1; contentDescription: null; tooltipText: null; viewIdResName: android:id/navigationBarBackground; checkable: false; checked: false; focusable: false; focused: false; selected: false; clickable: false; longClickable: false; contextClickable: false; enabled: true; password: false; scrollable: false; importantForAccessibility: false; visible: false; actions: [AccessibilityAction: ACTION_SELECT - null, AccessibilityAction: ACTION_CLEAR_SELECTION - null, AccessibilityAction: ACTION_ACCESSIBILITY_FOCUS - null, AccessibilityAction: ACTION_SHOW_ON_SCREEN - null]
03-20 01:38:25.230 13973 25471 I UIAutomatorStub: Fetch time: 2ms
03-20 01:38:25.583  1800  2437 E GnssHAL_GnssInterface: gnssSvStatusCb: a: input svInfo.flags is 8
03-20 01:38:25.583  1800  2437 E GnssHAL_GnssInterface: gnssSvStatusCb: b: input svInfo.flags is 8
03-20 01:38:26.533 13973 25477 D UIAutomatorStub: URI: /jsonrpc/0, Method: POST, Header: {content-length=117, remote-addr=127.0.0.1, http-client-ip=127.0.0.1, host=localhost:9008, content-type=application/json, connection=close, accept-encoding=identity, user-agent=Python-urllib/3.7}, params, {NanoHttpd.QUERY_STRING=null}, files: {postData={"jsonrpc": "2.0", "method": "dumpWindowHierarchy", "id": "00d29560115dc8f46b051e0d49249d00", "params": [true, null]}}
03-20 01:38:26.539 13973 25477 I UIAutomatorStub: Skipping invisible child: android.view.accessibility.AccessibilityNodeInfo@2f311; boundsInParent: Rect(0, 0 - 1080, 1731); boundsInScreen: Rect(1080, 63 - 1080, 1794); packageName: com.beemdevelopment.aegis; className: android.widget.LinearLayout; text: null; error: null; maxTextLength: -1; contentDescription: null; tooltipText: null; viewIdResName: com.beemdevelopment.aegis:id/main; checkable: false; checked: false; focusable: false; focused: false; selected: false; clickable: false; longClickable: false; contextClickable: false; enabled: true; password: false; scrollable: false; importantForAccessibility: false; visible: false; actions: [AccessibilityAction: ACTION_SELECT - null, AccessibilityAction: ACTION_CLEAR_SELECTION - null, AccessibilityAction: ACTION_ACCESSIBILITY_FOCUS - null, AccessibilityAction: ACTION_SHOW_ON_SCREEN - null]
03-20 01:38:26.539 13973 25477 I UIAutomatorStub: Skipping invisible child: android.view.accessibility.AccessibilityNodeInfo@31c5c; boundsInParent: Rect(0, 0 - 1080, 1731); boundsInScreen: Rect(2160, 63 - 1080, 1794); packageName: com.beemdevelopment.aegis; className: android.widget.LinearLayout; text: null; error: null; maxTextLength: -1; contentDescription: null; tooltipText: null; viewIdResName: com.beemdevelopment.aegis:id/main; checkable: false; checked: false; focusable: false; focused: false; selected: false; clickable: false; longClickable: false; contextClickable: false; enabled: true; password: false; scrollable: false; importantForAccessibility: false; visible: false; actions: [AccessibilityAction: ACTION_SELECT - null, AccessibilityAction: ACTION_CLEAR_SELECTION - null, AccessibilityAction: ACTION_ACCESSIBILITY_FOCUS - null, AccessibilityAction: ACTION_SHOW_ON_SCREEN - null]
03-20 01:38:26.539 13973 25477 I UIAutomatorStub: Skipping invisible child: android.view.accessibility.AccessibilityNodeInfo@33e25; boundsInParent: Rect(0, 0 - 1080, 1731); boundsInScreen: Rect(3240, 63 - 1080, 1794); packageName: com.beemdevelopment.aegis; className: android.view.ViewGroup; text: null; error: null; maxTextLength: -1; contentDescription: null; tooltipText: null; viewIdResName: com.beemdevelopment.aegis:id/main; checkable: false; checked: false; focusable: false; focused: false; selected: false; clickable: false; longClickable: false; contextClickable: false; enabled: true; password: false; scrollable: false; importantForAccessibility: false; visible: false; actions: [AccessibilityAction: ACTION_SELECT - null, AccessibilityAction: ACTION_CLEAR_SELECTION - null, AccessibilityAction: ACTION_ACCESSIBILITY_FOCUS - null, AccessibilityAction: ACTION_SHOW_ON_SCREEN - null]
03-20 01:38:26.539 13973 25477 I UIAutomatorStub: Skipping invisible child: android.view.accessibility.AccessibilityNodeInfo@2e04c; boundsInParent: Rect(0, 0 - 1080, 63); boundsInScreen: Rect(0, 0 - 1080, 63); packageName: com.beemdevelopment.aegis; className: android.view.View; text: null; error: null; maxTextLength: -1; contentDescription: null; tooltipText: null; viewIdResName: android:id/statusBarBackground; checkable: false; checked: false; focusable: false; focused: false; selected: false; clickable: false; longClickable: false; contextClickable: false; enabled: true; password: false; scrollable: false; importantForAccessibility: false; visible: false; actions: [AccessibilityAction: ACTION_SELECT - null, AccessibilityAction: ACTION_CLEAR_SELECTION - null, AccessibilityAction: ACTION_ACCESSIBILITY_FOCUS - null, AccessibilityAction: ACTION_SHOW_ON_SCREEN - null]
03-20 01:38:26.539 13973 25477 I UIAutomatorStub: Skipping invisible child: android.view.accessibility.AccessibilityNodeInfo@2dc8b; boundsInParent: Rect(0, 0 - 1080, 126); boundsInScreen: Rect(0, 1794 - 1080, 1920); packageName: com.beemdevelopment.aegis; className: android.view.View; text: null; error: null; maxTextLength: -1; contentDescription: null; tooltipText: null; viewIdResName: android:id/navigationBarBackground; checkable: false; checked: false; focusable: false; focused: false; selected: false; clickable: false; longClickable: false; contextClickable: false; enabled: true; password: false; scrollable: false; importantForAccessibility: false; visible: false; actions: [AccessibilityAction: ACTION_SELECT - null, AccessibilityAction: ACTION_CLEAR_SELECTION - null, AccessibilityAction: ACTION_ACCESSIBILITY_FOCUS - null, AccessibilityAction: ACTION_SHOW_ON_SCREEN - null]
03-20 01:38:26.539 13973 25477 I UIAutomatorStub: Fetch time: 1ms
03-20 01:38:26.587  1800  2437 E GnssHAL_GnssInterface: gnssSvStatusCb: a: input svInfo.flags is 8
03-20 01:38:26.587  1800  2437 E GnssHAL_GnssInterface: gnssSvStatusCb: b: input svInfo.flags is 8
03-20 01:38:27.587  1800  2437 E GnssHAL_GnssInterface: gnssSvStatusCb: a: input svInfo.flags is 8
03-20 01:38:27.587  1800  2437 E GnssHAL_GnssInterface: gnssSvStatusCb: b: input svInfo.flags is 8
03-20 01:38:27.835 25483 25483 D AndroidRuntime: >>>>>> START com.android.internal.os.RuntimeInit uid 2000 <<<<<<
03-20 01:38:27.838 25483 25483 E libc    : Access denied finding property "persist.device_config.runtime_native_boot.enable_apex_image"
03-20 01:38:27.838 25483 25483 I AndroidRuntime: Using default boot image
03-20 01:38:27.838 25483 25483 E libc    : Access denied finding property "persist.device_config.runtime_native_boot.disable_lock_profiling"
03-20 01:38:27.838 25483 25483 I AndroidRuntime: Leaving lock profiling enabled
03-20 01:38:27.838 25483 25483 E libc    : Access denied finding property "persist.device_config.runtime_native_boot.enable_generational_cc"
03-20 01:38:27.826 25483 25483 W app_process: type=1400 audit(0.0:1668): avc: denied { read } for name="u:object_r:device_config_runtime_native_boot_prop:s0" dev="tmpfs" ino=874 scontext=u:r:shell:s0 tcontext=u:object_r:device_config_runtime_native_boot_prop:s0 tclass=file permissive=0
03-20 01:38:27.935 25483 25483 D ICU     : Time zone APEX file found: /apex/com.android.tzdata/etc/icu/icu_tzdata.dat
03-20 01:38:27.939 25483 25483 W app_process: Unexpected CPU variant for X86 using defaults: x86
03-20 01:38:27.943 25483 25483 I app_process: The ClassLoaderContext is a special shared library.
03-20 01:38:27.958 25483 25483 W app_process: JNI RegisterNativeMethods: attempt to register 0 native methods for android.media.AudioAttributes
03-20 01:38:27.961 25483 25483 D AndroidRuntime: Calling main entry com.android.commands.monkey.Monkey
03-20 01:38:27.964 25483 25483 W Monkey  : args: [-p, com.beemdevelopment.aegis, -c, android.intent.category.LAUNCHER, 1]
03-20 01:38:27.964 25483 25483 W Monkey  :  arg: "-p"
03-20 01:38:27.965 25483 25483 W Monkey  :  arg: "com.beemdevelopment.aegis"
03-20 01:38:27.965 25483 25483 W Monkey  :  arg: "-c"
03-20 01:38:27.965 25483 25483 W Monkey  :  arg: "android.intent.category.LAUNCHER"
03-20 01:38:27.965 25483 25483 W Monkey  :  arg: "1"
03-20 01:38:27.966 25483 25483 W Monkey  : data="com.beemdevelopment.aegis"
03-20 01:38:27.966 25483 25483 W Monkey  : data="android.intent.category.LAUNCHER"
03-20 01:38:27.981  2044  2071 W BroadcastQueue: Skipping deliver [background] BroadcastRecord{c65caf u-1 android.net.conn.CONNECTIVITY_CHANGE} to ReceiverList{30cf8bc 25483 (unknown name)/2000/u-1 remote:61c0489}: process gone or crashing
03-20 01:38:27.996  2044  5890 I ActivityTaskManager: START u0 {act=android.intent.action.MAIN cat=[android.intent.category.LAUNCHER] flg=0x10200000 cmp=com.beemdevelopment.aegis/.ui.MainActivity} from uid 2000
03-20 01:38:27.997  2044  5890 W Binder  : Outgoing transactions from this process must be FLAG_ONEWAY
03-20 01:38:27.997  2044  5890 W Binder  : java.lang.Throwable
03-20 01:38:27.997  2044  5890 W Binder  : 	at android.os.BinderProxy.transact(BinderProxy.java:480)
03-20 01:38:27.997  2044  5890 W Binder  : 	at android.app.IActivityController$Stub$Proxy.activityStarting(IActivityController.java:273)
03-20 01:38:27.997  2044  5890 W Binder  : 	at com.android.server.wm.ActivityStarter.startActivity(ActivityStarter.java:794)
03-20 01:38:27.997  2044  5890 W Binder  : 	at com.android.server.wm.ActivityStarter.startActivity(ActivityStarter.java:583)
03-20 01:38:27.997  2044  5890 W Binder  : 	at com.android.server.wm.ActivityStarter.startActivityMayWait(ActivityStarter.java:1288)
03-20 01:38:27.997  2044  5890 W Binder  : 	at com.android.server.wm.ActivityStarter.execute(ActivityStarter.java:514)
03-20 01:38:27.997  2044  5890 W Binder  : 	at com.android.server.wm.ActivityTaskManagerService.startActivityAsUser(ActivityTaskManagerService.java:1058)
03-20 01:38:27.997  2044  5890 W Binder  : 	at com.android.server.wm.ActivityTaskManagerService.startActivityAsUser(ActivityTaskManagerService.java:1032)
03-20 01:38:27.997  2044  5890 W Binder  : 	at com.android.server.am.ActivityManagerService.startActivityAsUser(ActivityManagerService.java:3504)
03-20 01:38:27.997  2044  5890 W Binder  : 	at android.app.IActivityManager$Stub.onTransact(IActivityManager.java:3537)
03-20 01:38:27.997  2044  5890 W Binder  : 	at com.android.server.am.ActivityManagerService.onTransact(ActivityManagerService.java:2741)
03-20 01:38:27.997  2044  5890 W Binder  : 	at android.os.Binder.execTransactInternal(Binder.java:1021)
03-20 01:38:27.997  2044  5890 W Binder  : 	at android.os.Binder.execTransact(Binder.java:994)
03-20 01:38:27.998  2044  5890 W InputReader: Device has associated, but no associated display id.
03-20 01:38:27.999  2044  5890 I chatty  : uid=1000(system) Binder:2044_1B identical 8 lines
03-20 01:38:27.999  2044  5890 W InputReader: Device has associated, but no associated display id.
03-20 01:38:28.004 25483 25483 I Monkey  : Events injected: 1
03-20 01:38:28.007  2044  2044 V SettingsProvider: Notifying for 0: content://settings/system/accelerometer_rotation
03-20 01:38:28.013  2044  3006 W InputReader: Device has associated, but no associated display id.
03-20 01:38:28.016  2044  3006 I chatty  : uid=1000(system) Binder:2044_B identical 28 lines
03-20 01:38:28.016  2044  3006 W InputReader: Device has associated, but no associated display id.
03-20 01:38:28.019  2044  2065 W InputReader: Device has associated, but no associated display id.
03-20 01:38:28.019  2044  2065 I chatty  : uid=1000(system) android.display identical 8 lines
03-20 01:38:28.019  2044  2065 W InputReader: Device has associated, but no associated display id.
03-20 01:38:28.026 25483 25483 I Monkey  : ## Network stats: elapsed time=16ms (0ms mobile, 0ms wifi, 16ms not connected)
03-20 01:38:28.027 25483 25483 I app_process: System.exit called, status: 0
03-20 01:38:28.028 25483 25483 I AndroidRuntime: VM exiting with result code 0.
03-20 01:38:28.011  2044  2044 V SettingsProvider: Notifying for 0: content://settings/system/accelerometer_rotation
03-20 01:38:28.028  2044  7565 I ActivityTaskManager: START u0 {cmp=com.beemdevelopment.aegis/.ui.IntroActivity} from uid 10155
03-20 01:38:28.042 24893 24915 D EGL_emulation: eglMakeCurrent: 0xebbb97e0: ver 3 0 (tinfo 0xc96123c0)
03-20 01:38:28.045  2044  2065 W InputReader: Device has associated, but no associated display id.
03-20 01:38:28.046  2044  2065 I chatty  : uid=1000(system) android.display identical 8 lines
03-20 01:38:28.046  2044  2065 W InputReader: Device has associated, but no associated display id.
03-20 01:38:28.053  2044  5887 W InputReader: Device has associated, but no associated display id.
03-20 01:38:28.056  2044  5887 I chatty  : uid=1000(system) Binder:2044_1A identical 38 lines
03-20 01:38:28.056  2044  5887 W InputReader: Device has associated, but no associated display id.
03-20 01:38:28.057  2213  2441 D EGL_emulation: eglMakeCurrent: 0xe0e1a4e0: ver 3 0 (tinfo 0xe0e0fa50)
03-20 01:38:28.059 24893 24915 D EGL_emulation: eglMakeCurrent: 0xebbb97e0: ver 3 0 (tinfo 0xc96123c0)
03-20 01:38:28.061 24893 24893 W ActivityThread: handleWindowVisibility: no activity for token android.os.BinderProxy@c7d70a3
03-20 01:38:28.080 24893 24893 D Log: AppIntroBaseFragm: Slide null has been selected.
03-20 01:38:28.129  1801 17384 D gralloc_ranchu: gralloc_alloc: Creating ashmem region of size 8298496
03-20 01:38:28.135  1801 17384 D gralloc_ranchu: gralloc_alloc: Creating ashmem region of size 8298496
03-20 01:38:28.135  1801  3056 D gralloc_ranchu: gralloc_alloc: Creating ashmem region of size 8298496
03-20 01:38:28.145 24893 24915 D EGL_emulation: eglMakeCurrent: 0xebbb97e0: ver 3 0 (tinfo 0xc96123c0)
03-20 01:38:28.149 24893 24893 D Log: AppIntroBaseFragm: Slide Welcome has been selected.
03-20 01:38:28.151  2044  2066 W InputReader: Device has associated, but no associated display id.
03-20 01:38:28.151  2044  2066 I chatty  : uid=1000(system) android.anim identical 8 lines
03-20 01:38:28.151  2044  2066 W InputReader: Device has associated, but no associated display id.
03-20 01:38:28.153 24893 24915 D EGL_emulation: eglMakeCurrent: 0xebbb97e0: ver 3 0 (tinfo 0xc96123c0)
03-20 01:38:28.176 24893 24915 D EGL_emulation: eglMakeCurrent: 0xebbb97e0: ver 3 0 (tinfo 0xc96123c0)
03-20 01:38:28.404 16441  1176 I PhenotypeProcessReaper: Memory state is: 125
03-20 01:38:28.587  1800  2437 E GnssHAL_GnssInterface: gnssSvStatusCb: a: input svInfo.flags is 8
03-20 01:38:28.587  1800  2437 E GnssHAL_GnssInterface: gnssSvStatusCb: b: input svInfo.flags is 8
03-20 01:38:29.470 16441 25502 E memtrack: Couldn't load memtrack module
03-20 01:38:29.470 16441 25502 W android.os.Debug: failed to get memory consumption info: -1
03-20 01:38:29.592  1800  2437 E GnssHAL_GnssInterface: gnssSvStatusCb: a: input svInfo.flags is 8
03-20 01:38:29.592  1800  2437 E GnssHAL_GnssInterface: gnssSvStatusCb: b: input svInfo.flags is 8
03-20 01:38:30.595  1800  2437 E GnssHAL_GnssInterface: gnssSvStatusCb: a: input svInfo.flags is 8
03-20 01:38:30.595  1800  2437 E GnssHAL_GnssInterface: gnssSvStatusCb: b: input svInfo.flags is 8
03-20 01:38:31.599  1800  2437 E GnssHAL_GnssInterface: gnssSvStatusCb: a: input svInfo.flags is 8
03-20 01:38:31.599  1800  2437 E GnssHAL_GnssInterface: gnssSvStatusCb: b: input svInfo.flags is 8
03-20 01:38:32.604  1800  2437 E GnssHAL_GnssInterface: gnssSvStatusCb: a: input svInfo.flags is 8
03-20 01:38:32.604  1800  2437 E GnssHAL_GnssInterface: gnssSvStatusCb: b: input svInfo.flags is 8
03-20 01:38:33.608  1800  2437 E GnssHAL_GnssInterface: gnssSvStatusCb: a: input svInfo.flags is 8
03-20 01:38:33.608  1800  2437 E GnssHAL_GnssInterface: gnssSvStatusCb: b: input svInfo.flags is 8
03-20 01:38:34.609  1800  2437 E GnssHAL_GnssInterface: gnssSvStatusCb: a: input svInfo.flags is 8
03-20 01:38:34.609  1800  2437 E GnssHAL_GnssInterface: gnssSvStatusCb: b: input svInfo.flags is 8
03-20 01:38:35.613  1800  2437 E GnssHAL_GnssInterface: gnssSvStatusCb: a: input svInfo.flags is 8
03-20 01:38:35.614  1800  2437 E GnssHAL_GnssInterface: gnssSvStatusCb: b: input svInfo.flags is 8
03-20 01:38:36.619  1800  2437 E GnssHAL_GnssInterface: gnssSvStatusCb: a: input svInfo.flags is 8
03-20 01:38:36.619  1800  2437 E GnssHAL_GnssInterface: gnssSvStatusCb: b: input svInfo.flags is 8
03-20 01:38:37.622  1800  2437 E GnssHAL_GnssInterface: gnssSvStatusCb: a: input svInfo.flags is 8
03-20 01:38:37.622  1800  2437 E GnssHAL_GnssInterface: gnssSvStatusCb: b: input svInfo.flags is 8
03-20 01:38:38.624  1800  2437 E GnssHAL_GnssInterface: gnssSvStatusCb: a: input svInfo.flags is 8
03-20 01:38:38.625  1800  2437 E GnssHAL_GnssInterface: gnssSvStatusCb: b: input svInfo.flags is 8
03-20 01:38:38.791 14476 25514 E LoadManifestTask: Unable to find action: .chimera.GmsIntentOperationService:.matchstick.register_intent_action
03-20 01:38:39.328  2044  7565 W AppOps  : Noting op not finished: uid 10098 pkg com.google.android.gms code 79 time=1679290530289 duration=-1679280646343
03-20 01:38:39.330  2044  7565 W AppOps  : Noting op not finished: uid 10098 pkg com.google.android.gms code 79 time=1679290719328 duration=0
03-20 01:38:39.334  2044  5887 W AppOps  : Noting op not finished: uid 10098 pkg com.google.android.gms code 79 time=1679290719330 duration=0
03-20 01:38:39.339  2044  3006 W AppOps  : Noting op not finished: uid 10098 pkg com.google.android.gms code 79 time=1679290719335 duration=0
03-20 01:38:39.344  2044  5887 W AppOps  : Noting op not finished: uid 10098 pkg com.google.android.gms code 79 time=1679290719339 duration=0
03-20 01:38:39.627  1800  2437 E GnssHAL_GnssInterface: gnssSvStatusCb: a: input svInfo.flags is 8
03-20 01:38:39.627  1800  2437 E GnssHAL_GnssInterface: gnssSvStatusCb: b: input svInfo.flags is 8
03-20 01:38:40.630  1800  2437 E GnssHAL_GnssInterface: gnssSvStatusCb: a: input svInfo.flags is 8
03-20 01:38:40.630  1800  2437 E GnssHAL_GnssInterface: gnssSvStatusCb: b: input svInfo.flags is 8
03-20 01:38:41.630  1800  2437 E GnssHAL_GnssInterface: gnssSvStatusCb: a: input svInfo.flags is 8
03-20 01:38:41.630  1800  2437 E GnssHAL_GnssInterface: gnssSvStatusCb: b: input svInfo.flags is 8
03-20 01:38:42.633  1800  2437 E GnssHAL_GnssInterface: gnssSvStatusCb: a: input svInfo.flags is 8
03-20 01:38:42.633  1800  2437 E GnssHAL_GnssInterface: gnssSvStatusCb: b: input svInfo.flags is 8
03-20 01:38:42.724  2044  5887 D WificondControl: Scan result ready event
03-20 01:38:42.732 16441 16474 I ChimeraSrvcProxy: NullBinder for android.net.action.RECOMMEND_NETWORKS triggering remote TransactionTooLargeException due to Service without Chimera impl
03-20 01:38:43.554 13973 25524 D UIAutomatorStub: URI: /jsonrpc/0, Method: POST, Header: {content-length=117, remote-addr=127.0.0.1, http-client-ip=127.0.0.1, host=localhost:9008, content-type=application/json, connection=close, accept-encoding=identity, user-agent=Python-urllib/3.7}, params, {NanoHttpd.QUERY_STRING=null}, files: {postData={"jsonrpc": "2.0", "method": "dumpWindowHierarchy", "id": "69cf80c0f260d68a91d49451f32074e9", "params": [true, null]}}
03-20 01:38:43.560 13973 25524 I UIAutomatorStub: Skipping invisible child: android.view.accessibility.AccessibilityNodeInfo@3ab03; boundsInParent: Rect(0, 0 - 1080, 1731); boundsInScreen: Rect(1080, 63 - 1080, 1794); packageName: com.beemdevelopment.aegis; className: android.widget.LinearLayout; text: null; error: null; maxTextLength: -1; contentDescription: null; tooltipText: null; viewIdResName: com.beemdevelopment.aegis:id/main; checkable: false; checked: false; focusable: false; focused: false; selected: false; clickable: false; longClickable: false; contextClickable: false; enabled: true; password: false; scrollable: false; importantForAccessibility: false; visible: false; actions: [AccessibilityAction: ACTION_SELECT - null, AccessibilityAction: ACTION_CLEAR_SELECTION - null, AccessibilityAction: ACTION_ACCESSIBILITY_FOCUS - null, AccessibilityAction: ACTION_SHOW_ON_SCREEN - null]
03-20 01:38:43.560 13973 25524 I UIAutomatorStub: Skipping invisible child: android.view.accessibility.AccessibilityNodeInfo@3d44e; boundsInParent: Rect(0, 0 - 1080, 1731); boundsInScreen: Rect(2160, 63 - 1080, 1794); packageName: com.beemdevelopment.aegis; className: android.widget.LinearLayout; text: null; error: null; maxTextLength: -1; contentDescription: null; tooltipText: null; viewIdResName: com.beemdevelopment.aegis:id/main; checkable: false; checked: false; focusable: false; focused: false; selected: false; clickable: false; longClickable: false; contextClickable: false; enabled: true; password: false; scrollable: false; importantForAccessibility: false; visible: false; actions: [AccessibilityAction: ACTION_SELECT - null, AccessibilityAction: ACTION_CLEAR_SELECTION - null, AccessibilityAction: ACTION_ACCESSIBILITY_FOCUS - null, AccessibilityAction: ACTION_SHOW_ON_SCREEN - null]
03-20 01:38:43.560 13973 25524 I UIAutomatorStub: Skipping invisible child: android.view.accessibility.AccessibilityNodeInfo@3f617; boundsInParent: Rect(0, 0 - 1080, 1731); boundsInScreen: Rect(3240, 63 - 1080, 1794); packageName: com.beemdevelopment.aegis; className: android.view.ViewGroup; text: null; error: null; maxTextLength: -1; contentDescription: null; tooltipText: null; viewIdResName: com.beemdevelopment.aegis:id/main; checkable: false; checked: false; focusable: false; focused: false; selected: false; clickable: false; longClickable: false; contextClickable: false; enabled: true; password: false; scrollable: false; importantForAccessibility: false; visible: false; actions: [AccessibilityAction: ACTION_SELECT - null, AccessibilityAction: ACTION_CLEAR_SELECTION - null, AccessibilityAction: ACTION_ACCESSIBILITY_FOCUS - null, AccessibilityAction: ACTION_SHOW_ON_SCREEN - null]
03-20 01:38:43.561 13973 25524 I UIAutomatorStub: Skipping invisible child: android.view.accessibility.AccessibilityNodeInfo@3983e; boundsInParent: Rect(0, 0 - 1080, 63); boundsInScreen: Rect(0, 0 - 1080, 63); packageName: com.beemdevelopment.aegis; className: android.view.View; text: null; error: null; maxTextLength: -1; contentDescription: null; tooltipText: null; viewIdResName: android:id/statusBarBackground; checkable: false; checked: false; focusable: false; focused: false; selected: false; clickable: false; longClickable: false; contextClickable: false; enabled: true; password: false; scrollable: false; importantForAccessibility: false; visible: false; actions: [AccessibilityAction: ACTION_SELECT - null, AccessibilityAction: ACTION_CLEAR_SELECTION - null, AccessibilityAction: ACTION_ACCESSIBILITY_FOCUS - null, AccessibilityAction: ACTION_SHOW_ON_SCREEN - null]
03-20 01:38:43.561 13973 25524 I UIAutomatorStub: Skipping invisible child: android.view.accessibility.AccessibilityNodeInfo@3947d; boundsInParent: Rect(0, 0 - 1080, 126); boundsInScreen: Rect(0, 1794 - 1080, 1920); packageName: com.beemdevelopment.aegis; className: android.view.View; text: null; error: null; maxTextLength: -1; contentDescription: null; tooltipText: null; viewIdResName: android:id/navigationBarBackground; checkable: false; checked: false; focusable: false; focused: false; selected: false; clickable: false; longClickable: false; contextClickable: false; enabled: true; password: false; scrollable: false; importantForAccessibility: false; visible: false; actions: [AccessibilityAction: ACTION_SELECT - null, AccessibilityAction: ACTION_CLEAR_SELECTION - null, AccessibilityAction: ACTION_ACCESSIBILITY_FOCUS - null, AccessibilityAction: ACTION_SHOW_ON_SCREEN - null]
03-20 01:38:43.561 13973 25524 I UIAutomatorStub: Fetch time: 1ms
03-20 01:38:43.633  1800  2437 E GnssHAL_GnssInterface: gnssSvStatusCb: a: input svInfo.flags is 8
03-20 01:38:43.633  1800  2437 E GnssHAL_GnssInterface: gnssSvStatusCb: b: input svInfo.flags is 8
03-20 01:38:44.633  1800  2437 E GnssHAL_GnssInterface: gnssSvStatusCb: a: input svInfo.flags is 8
03-20 01:38:44.633  1800  2437 E GnssHAL_GnssInterface: gnssSvStatusCb: b: input svInfo.flags is 8
03-20 01:38:44.727 25525 25525 D AndroidRuntime: >>>>>> START com.android.internal.os.RuntimeInit uid 2000 <<<<<<
03-20 01:38:44.716 25525 25525 W app_process: type=1400 audit(0.0:1671): avc: denied { read } for name="u:object_r:device_config_runtime_native_boot_prop:s0" dev="tmpfs" ino=874 scontext=u:r:shell:s0 tcontext=u:object_r:device_config_runtime_native_boot_prop:s0 tclass=file permissive=0
03-20 01:38:44.729 25525 25525 E libc    : Access denied finding property "persist.device_config.runtime_native_boot.enable_apex_image"
03-20 01:38:44.730 25525 25525 I AndroidRuntime: Using default boot image
03-20 01:38:44.730 25525 25525 E libc    : Access denied finding property "persist.device_config.runtime_native_boot.disable_lock_profiling"
03-20 01:38:44.730 25525 25525 I AndroidRuntime: Leaving lock profiling enabled
03-20 01:38:44.716 25525 25525 W app_process: type=1400 audit(0.0:1672): avc: denied { read } for name="u:object_r:device_config_runtime_native_boot_prop:s0" dev="tmpfs" ino=874 scontext=u:r:shell:s0 tcontext=u:object_r:device_config_runtime_native_boot_prop:s0 tclass=file permissive=0
03-20 01:38:44.730 25525 25525 E libc    : Access denied finding property "persist.device_config.runtime_native_boot.enable_generational_cc"
03-20 01:38:44.791 25525 25525 D ICU     : Time zone APEX file found: /apex/com.android.tzdata/etc/icu/icu_tzdata.dat
03-20 01:38:44.794 25525 25525 W app_process: Unexpected CPU variant for X86 using defaults: x86
03-20 01:38:44.796 25525 25525 I app_process: The ClassLoaderContext is a special shared library.
03-20 01:38:44.811 25525 25525 W app_process: JNI RegisterNativeMethods: attempt to register 0 native methods for android.media.AudioAttributes
03-20 01:38:44.814 25525 25525 D AndroidRuntime: Calling main entry com.android.commands.input.Input
03-20 01:38:44.820 25525 25525 D AndroidRuntime: Shutting down VM
03-20 01:38:44.842 24893 24893 D Log: AppIntroBase: Change request will be allowed.
03-20 01:38:44.843 24893 24893 D Log: AppIntroBaseFragm: Slide Welcome has been deselected.
03-20 01:38:44.851  1787  7550 W audio_hw_generic: Not supplying enough data to HAL, expected position 35481174 , only wrote 35481158
03-20 01:38:44.917  1825  1971 D AF::Track: interceptBuffer: took 438us to intercept 0 tracks
03-20 01:38:44.918  1787  7550 W audio_hw_generic: Not supplying enough data to HAL, expected position 35484101 , only wrote 35483802
03-20 01:38:44.961  1825  1971 D AudioFlinger: mixer(0xee19fb40) throttle end: throttle time(10)
03-20 01:38:45.634  1800  2437 E GnssHAL_GnssInterface: gnssSvStatusCb: a: input svInfo.flags is 8
03-20 01:38:45.634  1800  2437 E GnssHAL_GnssInterface: gnssSvStatusCb: b: input svInfo.flags is 8
03-20 01:38:45.837  2044  5887 I ActivityManager: Killing 18496:com.google.process.gapps/u0a98 (adj 965): empty for 1802s
03-20 01:38:45.844  2044  2070 E memtrack: Couldn't load memtrack module
03-20 01:38:45.844  2044  2070 W android.os.Debug: failed to get memory consumption info: -1
03-20 01:38:45.906  1780  1780 I Zygote  : Process 18496 exited due to signal 9 (Killed)
03-20 01:38:45.922  2044  2073 I libprocessgroup: Successfully killed process cgroup uid 10098 pid 18496 in 82ms
03-20 01:38:46.638  1800  2437 E GnssHAL_GnssInterface: gnssSvStatusCb: a: input svInfo.flags is 8
03-20 01:38:46.638  1800  2437 E GnssHAL_GnssInterface: gnssSvStatusCb: b: input svInfo.flags is 8
03-20 01:38:47.643  1800  2437 E GnssHAL_GnssInterface: gnssSvStatusCb: a: input svInfo.flags is 8
03-20 01:38:47.643  1800  2437 E GnssHAL_GnssInterface: gnssSvStatusCb: b: input svInfo.flags is 8
03-20 01:38:48.007  1787  1978 W audio_hw_generic: Not supplying enough data to HAL, expected position 35754554 , only wrote 35619968
03-20 01:38:48.647  1800  2437 E GnssHAL_GnssInterface: gnssSvStatusCb: a: input svInfo.flags is 8
03-20 01:38:48.647  1800  2437 E GnssHAL_GnssInterface: gnssSvStatusCb: b: input svInfo.flags is 8
03-20 01:38:49.059 25560 25560 D AndroidRuntime: >>>>>> START com.android.internal.os.RuntimeInit uid 2000 <<<<<<
03-20 01:38:49.064 25560 25560 E libc    : Access denied finding property "persist.device_config.runtime_native_boot.enable_apex_image"
03-20 01:38:49.064 25560 25560 I AndroidRuntime: Using default boot image
03-20 01:38:49.064 25560 25560 E libc    : Access denied finding property "persist.device_config.runtime_native_boot.disable_lock_profiling"
03-20 01:38:49.064 25560 25560 I AndroidRuntime: Leaving lock profiling enabled
