03-20 01:39:21.487  2044  2071 W BroadcastQueue: Background execution not allowed: receiving Intent { act=android.intent.action.DROPBOX_ENTRY_ADDED flg=0x10 (has extras) } to com.google.android.gms/.stats.service.DropBoxEntryAddedReceiver
03-20 01:39:21.487  2044  2071 W BroadcastQueue: Background execution not allowed: receiving Intent { act=android.intent.action.DROPBOX_ENTRY_ADDED flg=0x10 (has extras) } to com.google.android.gms/.chimera.GmsIntentOperationService$PersistentTrustedReceiver
03-20 01:39:21.545  2044  2060 I ActivityTaskManager: START u0 {cmp=com.beemdevelopment.aegis/.ui.IntroActivity} from uid 10156
03-20 01:39:21.526  2213  2441 I chatty  : uid=10104(com.android.systemui) RenderThread identical 8 lines
03-20 01:39:21.530  2213  2441 D EGL_emulation: eglMakeCurrent: 0xe0e1a4e0: ver 3 0 (tinfo 0xe0e0fa50)
03-20 01:39:21.560  2044  3452 W InputReader: Device has associated, but no associated display id.
03-20 01:39:21.563  2044  3452 I chatty  : uid=1000(system) Binder:2044_10 identical 38 lines
03-20 01:39:21.563  2044  3452 W InputReader: Device has associated, but no associated display id.
03-20 01:39:21.582 25761 25783 D HostConnection: HostConnection::get() New Host Connection established 0xdd9ea4f0, tid 25783
03-20 01:39:21.588 25761 25783 D HostConnection: HostComposition ext ANDROID_EMU_CHECKSUM_HELPER_v1 ANDROID_EMU_native_sync_v2 ANDROID_EMU_native_sync_v3 ANDROID_EMU_native_sync_v4 ANDROID_EMU_dma_v1 ANDROID_EMU_direct_mem ANDROID_EMU_YUV420_888_to_NV21 ANDROID_EMU_YUV_Cache ANDROID_EMU_sync_buffer_data GL_OES_EGL_image_external_essl3 GL_OES_vertex_array_object GL_KHR_texture_compression_astc_ldr ANDROID_EMU_host_side_tracing ANDROID_EMU_gles_max_version_3_0 
03-20 01:39:21.594 25761 25783 W OpenGLRenderer: Failed to choose config with EGL_SWAP_BEHAVIOR_PRESERVED, retrying without...
03-20 01:39:21.595 25761 25783 D eglCodecCommon: setVertexArrayObject: set vao to 0 (0) 0 0
03-20 01:39:21.595 25761 25783 D EGL_emulation: eglCreateContext: 0xebbb9d80: maj 3 min 0 rcv 3
03-20 01:39:21.595 25761 25783 D EGL_emulation: eglMakeCurrent: 0xebbb9d80: ver 3 0 (tinfo 0xc95f7470)
03-20 01:39:21.602  1801  3056 D gralloc_ranchu: gralloc_alloc: Creating ashmem region of size 8298496
03-20 01:39:21.603  1682  1682 I hwservicemanager: getTransport: Cannot find entry android.hardware.graphics.mapper@3.0::IMapper/default in either framework or device manifest.
03-20 01:39:21.603 25761 25783 W Gralloc3: mapper 3.x is not supported
03-20 01:39:21.605 25761 25783 D HostConnection: createUnique: call
03-20 01:39:21.605 25761 25783 D HostConnection: HostConnection::get() New Host Connection established 0xdd9ec700, tid 25783
03-20 01:39:21.610 25761 25783 D HostConnection: HostComposition ext ANDROID_EMU_CHECKSUM_HELPER_v1 ANDROID_EMU_native_sync_v2 ANDROID_EMU_native_sync_v3 ANDROID_EMU_native_sync_v4 ANDROID_EMU_dma_v1 ANDROID_EMU_direct_mem ANDROID_EMU_YUV420_888_to_NV21 ANDROID_EMU_YUV_Cache ANDROID_EMU_sync_buffer_data GL_OES_EGL_image_external_essl3 GL_OES_vertex_array_object GL_KHR_texture_compression_astc_ldr ANDROID_EMU_host_side_tracing ANDROID_EMU_gles_max_version_3_0 
03-20 01:39:21.611 25761 25783 D eglCodecCommon: allocate: Ask for block of size 0x1000
03-20 01:39:21.611 25761 25783 D eglCodecCommon: allocate: ioctl allocate returned offset 0x3ff7fb000 size 0x2000
03-20 01:39:21.613  1801  3056 D gralloc_ranchu: gralloc_alloc: Creating ashmem region of size 8298496
03-20 01:39:21.614  1801  3056 D gralloc_ranchu: gralloc_alloc: Creating ashmem region of size 8298496
03-20 01:39:21.617 25761 25783 D EGL_emulation: eglMakeCurrent: 0xebbb9d80: ver 3 0 (tinfo 0xc95f7470)
03-20 01:39:21.621 25761 25783 D eglCodecCommon: setVertexArrayObject: set vao to 0 (0) 1 0
03-20 01:39:21.635  2044  2070 I RoleUserState: Wrote roles.xml successfully
03-20 01:39:21.685  2718  3443 D EGL_emulation: eglMakeCurrent: 0xe0e1aa80: ver 3 0 (tinfo 0xe0e0f620)
03-20 01:39:21.689 16502 20879 D EGL_emulation: eglMakeCurrent: 0xf4154580: ver 3 0 (tinfo 0xbcfa41e0)
03-20 01:39:21.707 25761 25761 W ActivityThread: handleWindowVisibility: no activity for token android.os.BinderProxy@9a36f4a
03-20 01:39:21.724  2044  2070 I ActivityTaskManager: Displayed com.beemdevelopment.aegis/.ui.IntroActivity: +445ms
03-20 01:39:21.736  1800  2437 E GnssHAL_GnssInterface: gnssSvStatusCb: a: input svInfo.flags is 8
03-20 01:39:21.736  1800  2437 E GnssHAL_GnssInterface: gnssSvStatusCb: b: input svInfo.flags is 8
03-20 01:39:21.740 25761 25761 D Log: AppIntroBaseFragm: Slide null has been selected.
03-20 01:39:21.748 25761 25761 W velopment.aegi: Accessing hidden method Landroid/widget/AutoCompleteTextView;->doBeforeTextChanged()V (greylist-max-p, reflection, denied)
03-20 01:39:21.748 25761 25761 W velopment.aegi: Accessing hidden method Landroid/widget/AutoCompleteTextView;->doAfterTextChanged()V (greylist-max-p, reflection, denied)
03-20 01:39:21.748 25761 25761 W velopment.aegi: Accessing hidden method Landroid/widget/AutoCompleteTextView;->ensureImeVisible(Z)V (greylist-max-p, reflection, denied)
03-20 01:39:21.834  1801  3056 D gralloc_ranchu: gralloc_alloc: Creating ashmem region of size 8298496
03-20 01:39:21.874  1801  3056 I chatty  : uid=1000(system) HwBinder:1801_2 identical 1 line
03-20 01:39:21.874  1801  3056 D gralloc_ranchu: gralloc_alloc: Creating ashmem region of size 8298496
03-20 01:39:21.875 25761 25783 D EGL_emulation: eglMakeCurrent: 0xebbb9d80: ver 3 0 (tinfo 0xc95f7470)
03-20 01:39:21.896 25761 25783 D EGL_emulation: eglMakeCurrent: 0xebbb9d80: ver 3 0 (tinfo 0xc95f7470)
03-20 01:39:21.897  2044  2066 W InputReader: Device has associated, but no associated display id.
03-20 01:39:21.897  2044  2066 I chatty  : uid=1000(system) android.anim identical 8 lines
03-20 01:39:21.897  2044  2066 W InputReader: Device has associated, but no associated display id.
03-20 01:39:21.907 25761 25783 D EGL_emulation: eglMakeCurrent: 0xebbb9d80: ver 3 0 (tinfo 0xc95f7470)
03-20 01:39:21.910 25761 25761 D Log: AppIntroBaseFragm: Slide Welcome has been selected.
03-20 01:39:21.933 16502 23496 I PBSessionCacheImpl: (REDACTED) Deleted sessionId[%d] from persistence.
03-20 01:39:21.941 16502 16616 I A       : getLocaleToModelSpecsMap
03-20 01:39:21.941 16502 16616 I A       : getLocaleToModelSpecsMap
03-20 01:39:21.942 16502 16616 W SearchServiceCore: Abort, client detached.
03-20 01:39:21.943 16502 16616 I MicroDetectionState: (REDACTED) #takeChangeMicroDetectorMode [mIsBargeInEnabled: %b, mCurrentDetectionMode: %s]
03-20 01:39:21.944 16502 16616 I MicroDetectionState: (REDACTED) Should stop hotword detection immediately - %b
03-20 01:39:21.944 16502 16616 I A       : getLocaleToModelSpecsMap
03-20 01:39:21.944 16502 16616 I A       : getLocaleToModelSpecsMap
03-20 01:39:22.738  1800  2437 E GnssHAL_GnssInterface: gnssSvStatusCb: a: input svInfo.flags is 8
03-20 01:39:22.738  1800  2437 E GnssHAL_GnssInterface: gnssSvStatusCb: b: input svInfo.flags is 8
03-20 01:39:23.273  1953  1953 E netmgr  : Failed to open QEMU pipe 'qemud:network': Invalid argument
03-20 01:39:23.743  1800  2437 E GnssHAL_GnssInterface: gnssSvStatusCb: a: input svInfo.flags is 8
03-20 01:39:23.743  1800  2437 E GnssHAL_GnssInterface: gnssSvStatusCb: b: input svInfo.flags is 8
03-20 01:39:24.153  1960  1960 E wifi_forwarder: RemoteConnection failed to initialize: RemoteConnection failed to open pipe
03-20 01:39:24.747  1800  2437 E GnssHAL_GnssInterface: gnssSvStatusCb: a: input svInfo.flags is 8
03-20 01:39:24.747  1800  2437 E GnssHAL_GnssInterface: gnssSvStatusCb: b: input svInfo.flags is 8
03-20 01:39:25.749  1800  2437 E GnssHAL_GnssInterface: gnssSvStatusCb: a: input svInfo.flags is 8
03-20 01:39:25.749  1800  2437 E GnssHAL_GnssInterface: gnssSvStatusCb: b: input svInfo.flags is 8
03-20 01:39:25.796  2718  3676 E ActivityThread: Failed to find provider info for com.google.android.apps.wellbeing.api
03-20 01:39:26.749  1800  2437 E GnssHAL_GnssInterface: gnssSvStatusCb: a: input svInfo.flags is 8
03-20 01:39:26.749  1800  2437 E GnssHAL_GnssInterface: gnssSvStatusCb: b: input svInfo.flags is 8
03-20 01:39:27.753  1800  2437 E GnssHAL_GnssInterface: gnssSvStatusCb: a: input svInfo.flags is 8
03-20 01:39:27.753  1800  2437 E GnssHAL_GnssInterface: gnssSvStatusCb: b: input svInfo.flags is 8
03-20 01:39:28.755  1800  2437 E GnssHAL_GnssInterface: gnssSvStatusCb: a: input svInfo.flags is 8
03-20 01:39:28.755  1800  2437 E GnssHAL_GnssInterface: gnssSvStatusCb: b: input svInfo.flags is 8
03-20 01:39:29.755  1800  2437 E GnssHAL_GnssInterface: gnssSvStatusCb: a: input svInfo.flags is 8
03-20 01:39:29.755  1800  2437 E GnssHAL_GnssInterface: gnssSvStatusCb: b: input svInfo.flags is 8
03-20 01:39:30.760  1800  2437 E GnssHAL_GnssInterface: gnssSvStatusCb: a: input svInfo.flags is 8
03-20 01:39:30.760  1800  2437 E GnssHAL_GnssInterface: gnssSvStatusCb: b: input svInfo.flags is 8
03-20 01:39:30.861 14476 14476 D BoundBrokerSvc: onUnbind: Intent { act=com.google.android.gms.feedback.internal.IFeedbackService dat=chimera-action: cmp=com.google.android.gms/.chimera.GmsBoundBrokerService }
03-20 01:39:31.761  1800  2437 E GnssHAL_GnssInterface: gnssSvStatusCb: a: input svInfo.flags is 8
03-20 01:39:31.761  1800  2437 E GnssHAL_GnssInterface: gnssSvStatusCb: b: input svInfo.flags is 8
03-20 01:39:32.763  1800  2437 E GnssHAL_GnssInterface: gnssSvStatusCb: a: input svInfo.flags is 8
03-20 01:39:32.763  1800  2437 E GnssHAL_GnssInterface: gnssSvStatusCb: b: input svInfo.flags is 8
03-20 01:39:33.768  1800  2437 E GnssHAL_GnssInterface: gnssSvStatusCb: a: input svInfo.flags is 8
03-20 01:39:33.768  1800  2437 E GnssHAL_GnssInterface: gnssSvStatusCb: b: input svInfo.flags is 8
03-20 01:39:34.311  2044  2070 E memtrack: Couldn't load memtrack module
03-20 01:39:34.311  2044  2070 W android.os.Debug: failed to get memory consumption info: -1
03-20 01:39:34.537 16441 16441 D BoundBrokerSvc: onUnbind: Intent { act=com.google.android.gms.icing.LIGHTWEIGHT_INDEX_SERVICE dat=chimera-action: cmp=com.google.android.gms/.chimera.PersistentApiService }
03-20 01:39:34.772  1800  2437 E GnssHAL_GnssInterface: gnssSvStatusCb: a: input svInfo.flags is 8
03-20 01:39:34.772  1800  2437 E GnssHAL_GnssInterface: gnssSvStatusCb: b: input svInfo.flags is 8
03-20 01:39:35.776  1800  2437 E GnssHAL_GnssInterface: gnssSvStatusCb: a: input svInfo.flags is 8
03-20 01:39:35.776  1800  2437 E GnssHAL_GnssInterface: gnssSvStatusCb: b: input svInfo.flags is 8
03-20 01:39:35.885 16502 16616 I WorkerManager: dispose()
03-20 01:39:35.886 16502 16616 W A       : (REDACTED) Queue length for executor %s is now %d. Perhaps some tasks are too long, or the pool is too small.
03-20 01:39:35.963 16441 16441 D BoundBrokerSvc: onUnbind: Intent { act=com.google.android.gms.nearby.exposurenotification.START dat=chimera-action: cmp=com.google.android.gms/.chimera.PersistentApiServiceNoInstantApps }
03-20 01:39:36.463 25806 25806 D AndroidRuntime: >>>>>> START com.android.internal.os.RuntimeInit uid 2000 <<<<<<
03-20 01:39:36.456 25806 25806 W app_process: type=1400 audit(0.0:1690): avc: denied { read } for name="u:object_r:device_config_runtime_native_boot_prop:s0" dev="tmpfs" ino=874 scontext=u:r:shell:s0 tcontext=u:object_r:device_config_runtime_native_boot_prop:s0 tclass=file permissive=0
03-20 01:39:36.465 25806 25806 E libc    : Access denied finding property "persist.device_config.runtime_native_boot.enable_apex_image"
03-20 01:39:36.466 25806 25806 I AndroidRuntime: Using default boot image
03-20 01:39:36.466 25806 25806 E libc    : Access denied finding property "persist.device_config.runtime_native_boot.disable_lock_profiling"
03-20 01:39:36.466 25806 25806 I AndroidRuntime: Leaving lock profiling enabled
03-20 01:39:36.466 25806 25806 E libc    : Access denied finding property "persist.device_config.runtime_native_boot.enable_generational_cc"
03-20 01:39:36.525 25806 25806 D ICU     : Time zone APEX file found: /apex/com.android.tzdata/etc/icu/icu_tzdata.dat
03-20 01:39:36.528 25806 25806 W app_process: Unexpected CPU variant for X86 using defaults: x86
03-20 01:39:36.532 25806 25806 I app_process: The ClassLoaderContext is a special shared library.
03-20 01:39:36.547 25806 25806 W app_process: JNI RegisterNativeMethods: attempt to register 0 native methods for android.media.AudioAttributes
03-20 01:39:36.549 25806 25806 D AndroidRuntime: Calling main entry com.android.commands.content.Content
03-20 01:39:36.554  2044  2065 W InputReader: Device has associated, but no associated display id.
03-20 01:39:36.556  2044  2044 V SettingsProvider: Notifying for 0: content://settings/system/accelerometer_rotation
03-20 01:39:36.554  2044  2065 I chatty  : uid=1000(system) android.display identical 8 lines
03-20 01:39:36.554  2044  2065 W InputReader: Device has associated, but no associated display id.
03-20 01:39:36.556 25806 25806 D AndroidRuntime: Shutting down VM
03-20 01:39:36.690 25820 25820 D AndroidRuntime: >>>>>> START com.android.internal.os.RuntimeInit uid 2000 <<<<<<
03-20 01:39:36.686 25820 25820 W app_process: type=1400 audit(0.0:1693): avc: denied { read } for name="u:object_r:device_config_runtime_native_boot_prop:s0" dev="tmpfs" ino=874 scontext=u:r:shell:s0 tcontext=u:object_r:device_config_runtime_native_boot_prop:s0 tclass=file permissive=0
03-20 01:39:36.694 25820 25820 E libc    : Access denied finding property "persist.device_config.runtime_native_boot.disable_lock_profiling"
03-20 01:39:36.694 25820 25820 I AndroidRuntime: Leaving lock profiling enabled
03-20 01:39:36.696 25820 25820 E libc    : Access denied finding property "persist.device_config.runtime_native_boot.enable_generational_cc"
03-20 01:39:36.744 25820 25820 D ICU     : Time zone APEX file found: /apex/com.android.tzdata/etc/icu/icu_tzdata.dat
03-20 01:39:36.748 25820 25820 W app_process: Unexpected CPU variant for X86 using defaults: x86
03-20 01:39:36.750 25820 25820 I app_process: The ClassLoaderContext is a special shared library.
03-20 01:39:36.763 25820 25820 W app_process: JNI RegisterNativeMethods: attempt to register 0 native methods for android.media.AudioAttributes
03-20 01:39:36.766 25820 25820 D AndroidRuntime: Calling main entry com.android.commands.content.Content
03-20 01:39:36.770  2044  2044 V SettingsProvider: Notifying for 0: content://settings/system/user_rotation
03-20 01:39:36.771 25820 25820 D AndroidRuntime: Shutting down VM
03-20 01:39:36.780  1800  2437 E GnssHAL_GnssInterface: gnssSvStatusCb: a: input svInfo.flags is 8
03-20 01:39:36.780  1800  2437 E GnssHAL_GnssInterface: gnssSvStatusCb: b: input svInfo.flags is 8
03-20 01:39:37.014 14476 14476 D BoundBrokerSvc: onUnbind: Intent { act=com.google.android.gms.inappreach.service.START dat=chimera-action: cmp=com.google.android.gms/.chimera.GmsApiService }
03-20 01:39:37.780  1800  2437 E GnssHAL_GnssInterface: gnssSvStatusCb: a: input svInfo.flags is 8
03-20 01:39:37.781  1800  2437 E GnssHAL_GnssInterface: gnssSvStatusCb: b: input svInfo.flags is 8
03-20 01:39:38.159 13973 25852 D UIAutomatorStub: URI: /jsonrpc/0, Method: POST, Header: {content-length=117, remote-addr=127.0.0.1, http-client-ip=127.0.0.1, host=localhost:9008, content-type=application/json, connection=close, accept-encoding=identity, user-agent=Python-urllib/3.7}, params, {NanoHttpd.QUERY_STRING=null}, files: {postData={"jsonrpc": "2.0", "method": "dumpWindowHierarchy", "id": "658f709bba8f4ab9f3100f676807984b", "params": [true, null]}}
03-20 01:39:38.176 13973 25852 I UIAutomatorStub: Skipping invisible child: android.view.accessibility.AccessibilityNodeInfo@18334; boundsInParent: Rect(0, 0 - 1080, 1731); boundsInScreen: Rect(1080, 63 - 1080, 1794); packageName: com.beemdevelopment.aegis; className: android.widget.LinearLayout; text: null; error: null; maxTextLength: -1; contentDescription: null; tooltipText: null; viewIdResName: com.beemdevelopment.aegis:id/main; checkable: false; checked: false; focusable: false; focused: false; selected: false; clickable: false; longClickable: false; contextClickable: false; enabled: true; password: false; scrollable: false; importantForAccessibility: false; visible: false; actions: [AccessibilityAction: ACTION_SELECT - null, AccessibilityAction: ACTION_CLEAR_SELECTION - null, AccessibilityAction: ACTION_ACCESSIBILITY_FOCUS - null, AccessibilityAction: ACTION_SHOW_ON_SCREEN - null]
03-20 01:39:38.176 13973 25852 I UIAutomatorStub: Skipping invisible child: android.view.accessibility.AccessibilityNodeInfo@1ac7f; boundsInParent: Rect(0, 0 - 1080, 1731); boundsInScreen: Rect(2160, 63 - 1080, 1794); packageName: com.beemdevelopment.aegis; className: android.widget.LinearLayout; text: null; error: null; maxTextLength: -1; contentDescription: null; tooltipText: null; viewIdResName: com.beemdevelopment.aegis:id/main; checkable: false; checked: false; focusable: false; focused: false; selected: false; clickable: false; longClickable: false; contextClickable: false; enabled: true; password: false; scrollable: false; importantForAccessibility: false; visible: false; actions: [AccessibilityAction: ACTION_SELECT - null, AccessibilityAction: ACTION_CLEAR_SELECTION - null, AccessibilityAction: ACTION_ACCESSIBILITY_FOCUS - null, AccessibilityAction: ACTION_SHOW_ON_SCREEN - null]
03-20 01:39:38.176 13973 25852 I UIAutomatorStub: Skipping invisible child: android.view.accessibility.AccessibilityNodeInfo@1ce48; boundsInParent: Rect(0, 0 - 1080, 1731); boundsInScreen: Rect(3240, 63 - 1080, 1794); packageName: com.beemdevelopment.aegis; className: android.view.ViewGroup; text: null; error: null; maxTextLength: -1; contentDescription: null; tooltipText: null; viewIdResName: com.beemdevelopment.aegis:id/main; checkable: false; checked: false; focusable: false; focused: false; selected: false; clickable: false; longClickable: false; contextClickable: false; enabled: true; password: false; scrollable: false; importantForAccessibility: false; visible: false; actions: [AccessibilityAction: ACTION_SELECT - null, AccessibilityAction: ACTION_CLEAR_SELECTION - null, AccessibilityAction: ACTION_ACCESSIBILITY_FOCUS - null, AccessibilityAction: ACTION_SHOW_ON_SCREEN - null]
03-20 01:39:38.176 13973 25852 I UIAutomatorStub: Skipping invisible child: android.view.accessibility.AccessibilityNodeInfo@1706f; boundsInParent: Rect(0, 0 - 1080, 63); boundsInScreen: Rect(0, 0 - 1080, 63); packageName: com.beemdevelopment.aegis; className: android.view.View; text: null; error: null; maxTextLength: -1; contentDescription: null; tooltipText: null; viewIdResName: android:id/statusBarBackground; checkable: false; checked: false; focusable: false; focused: false; selected: false; clickable: false; longClickable: false; contextClickable: false; enabled: true; password: false; scrollable: false; importantForAccessibility: false; visible: false; actions: [AccessibilityAction: ACTION_SELECT - null, AccessibilityAction: ACTION_CLEAR_SELECTION - null, AccessibilityAction: ACTION_ACCESSIBILITY_FOCUS - null, AccessibilityAction: ACTION_SHOW_ON_SCREEN - null]
03-20 01:39:38.176 13973 25852 I UIAutomatorStub: Skipping invisible child: android.view.accessibility.AccessibilityNodeInfo@16cae; boundsInParent: Rect(0, 0 - 1080, 126); boundsInScreen: Rect(0, 1794 - 1080, 1920); packageName: com.beemdevelopment.aegis; className: android.view.View; text: null; error: null; maxTextLength: -1; contentDescription: null; tooltipText: null; viewIdResName: android:id/navigationBarBackground; checkable: false; checked: false; focusable: false; focused: false; selected: false; clickable: false; longClickable: false; contextClickable: false; enabled: true; password: false; scrollable: false; importantForAccessibility: false; visible: false; actions: [AccessibilityAction: ACTION_SELECT - null, AccessibilityAction: ACTION_CLEAR_SELECTION - null, AccessibilityAction: ACTION_ACCESSIBILITY_FOCUS - null, AccessibilityAction: ACTION_SHOW_ON_SCREEN - null]
03-20 01:39:38.176 13973 25852 I UIAutomatorStub: Fetch time: 1ms
03-20 01:39:38.784  1800  2437 E GnssHAL_GnssInterface: gnssSvStatusCb: a: input svInfo.flags is 8
03-20 01:39:38.784  1800  2437 E GnssHAL_GnssInterface: gnssSvStatusCb: b: input svInfo.flags is 8
03-20 01:39:39.431 13973 25855 D UIAutomatorStub: URI: /jsonrpc/0, Method: POST, Header: {content-length=117, remote-addr=127.0.0.1, http-client-ip=127.0.0.1, host=localhost:9008, content-type=application/json, connection=close, accept-encoding=identity, user-agent=Python-urllib/3.7}, params, {NanoHttpd.QUERY_STRING=null}, files: {postData={"jsonrpc": "2.0", "method": "dumpWindowHierarchy", "id": "627330ad15b2a8d5d9a0e7c3765154c0", "params": [true, null]}}
03-20 01:39:39.442 13973 25855 I UIAutomatorStub: Skipping invisible child: android.view.accessibility.AccessibilityNodeInfo@18334; boundsInParent: Rect(0, 0 - 1080, 1731); boundsInScreen: Rect(1080, 63 - 1080, 1794); packageName: com.beemdevelopment.aegis; className: android.widget.LinearLayout; text: null; error: null; maxTextLength: -1; contentDescription: null; tooltipText: null; viewIdResName: com.beemdevelopment.aegis:id/main; checkable: false; checked: false; focusable: false; focused: false; selected: false; clickable: false; longClickable: false; contextClickable: false; enabled: true; password: false; scrollable: false; importantForAccessibility: false; visible: false; actions: [AccessibilityAction: ACTION_SELECT - null, AccessibilityAction: ACTION_CLEAR_SELECTION - null, AccessibilityAction: ACTION_ACCESSIBILITY_FOCUS - null, AccessibilityAction: ACTION_SHOW_ON_SCREEN - null]
03-20 01:39:39.442 13973 25855 I UIAutomatorStub: Skipping invisible child: android.view.accessibility.AccessibilityNodeInfo@1ac7f; boundsInParent: Rect(0, 0 - 1080, 1731); boundsInScreen: Rect(2160, 63 - 1080, 1794); packageName: com.beemdevelopment.aegis; className: android.widget.LinearLayout; text: null; error: null; maxTextLength: -1; contentDescription: null; tooltipText: null; viewIdResName: com.beemdevelopment.aegis:id/main; checkable: false; checked: false; focusable: false; focused: false; selected: false; clickable: false; longClickable: false; contextClickable: false; enabled: true; password: false; scrollable: false; importantForAccessibility: false; visible: false; actions: [AccessibilityAction: ACTION_SELECT - null, AccessibilityAction: ACTION_CLEAR_SELECTION - null, AccessibilityAction: ACTION_ACCESSIBILITY_FOCUS - null, AccessibilityAction: ACTION_SHOW_ON_SCREEN - null]
03-20 01:39:39.442 13973 25855 I UIAutomatorStub: Skipping invisible child: android.view.accessibility.AccessibilityNodeInfo@1ce48; boundsInParent: Rect(0, 0 - 1080, 1731); boundsInScreen: Rect(3240, 63 - 1080, 1794); packageName: com.beemdevelopment.aegis; className: android.view.ViewGroup; text: null; error: null; maxTextLength: -1; contentDescription: null; tooltipText: null; viewIdResName: com.beemdevelopment.aegis:id/main; checkable: false; checked: false; focusable: false; focused: false; selected: false; clickable: false; longClickable: false; contextClickable: false; enabled: true; password: false; scrollable: false; importantForAccessibility: false; visible: false; actions: [AccessibilityAction: ACTION_SELECT - null, AccessibilityAction: ACTION_CLEAR_SELECTION - null, AccessibilityAction: ACTION_ACCESSIBILITY_FOCUS - null, AccessibilityAction: ACTION_SHOW_ON_SCREEN - null]
03-20 01:39:39.442 13973 25855 I UIAutomatorStub: Skipping invisible child: android.view.accessibility.AccessibilityNodeInfo@1706f; boundsInParent: Rect(0, 0 - 1080, 63); boundsInScreen: Rect(0, 0 - 1080, 63); packageName: com.beemdevelopment.aegis; className: android.view.View; text: null; error: null; maxTextLength: -1; contentDescription: null; tooltipText: null; viewIdResName: android:id/statusBarBackground; checkable: false; checked: false; focusable: false; focused: false; selected: false; clickable: false; longClickable: false; contextClickable: false; enabled: true; password: false; scrollable: false; importantForAccessibility: false; visible: false; actions: [AccessibilityAction: ACTION_SELECT - null, AccessibilityAction: ACTION_CLEAR_SELECTION - null, AccessibilityAction: ACTION_ACCESSIBILITY_FOCUS - null, AccessibilityAction: ACTION_SHOW_ON_SCREEN - null]
03-20 01:39:39.442 13973 25855 I UIAutomatorStub: Skipping invisible child: android.view.accessibility.AccessibilityNodeInfo@16cae; boundsInParent: Rect(0, 0 - 1080, 126); boundsInScreen: Rect(0, 1794 - 1080, 1920); packageName: com.beemdevelopment.aegis; className: android.view.View; text: null; error: null; maxTextLength: -1; contentDescription: null; tooltipText: null; viewIdResName: android:id/navigationBarBackground; checkable: false; checked: false; focusable: false; focused: false; selected: false; clickable: false; longClickable: false; contextClickable: false; enabled: true; password: false; scrollable: false; importantForAccessibility: false; visible: false; actions: [AccessibilityAction: ACTION_SELECT - null, AccessibilityAction: ACTION_CLEAR_SELECTION - null, AccessibilityAction: ACTION_ACCESSIBILITY_FOCUS - null, AccessibilityAction: ACTION_SHOW_ON_SCREEN - null]
03-20 01:39:39.442 13973 25855 I UIAutomatorStub: Fetch time: 1ms
03-20 01:39:39.787  1800  2437 E GnssHAL_GnssInterface: gnssSvStatusCb: a: input svInfo.flags is 8
03-20 01:39:39.787  1800  2437 E GnssHAL_GnssInterface: gnssSvStatusCb: b: input svInfo.flags is 8
03-20 01:39:40.793  1800  2437 E GnssHAL_GnssInterface: gnssSvStatusCb: a: input svInfo.flags is 8
03-20 01:39:40.793  1800  2437 E GnssHAL_GnssInterface: gnssSvStatusCb: b: input svInfo.flags is 8
03-20 01:39:40.815  2718  3676 E ActivityThread: Failed to find provider info for com.google.android.apps.wellbeing.api
03-20 01:39:41.378 13973 25869 D UIAutomatorStub: URI: /jsonrpc/0, Method: POST, Header: {content-length=117, remote-addr=127.0.0.1, http-client-ip=127.0.0.1, host=localhost:9008, content-type=application/json, connection=close, accept-encoding=identity, user-agent=Python-urllib/3.7}, params, {NanoHttpd.QUERY_STRING=null}, files: {postData={"jsonrpc": "2.0", "method": "dumpWindowHierarchy", "id": "0e6da24ce7e9c4d0ff9349c6b3263495", "params": [true, null]}}
03-20 01:39:41.385 13973 25869 I UIAutomatorStub: Skipping invisible child: android.view.accessibility.AccessibilityNodeInfo@18334; boundsInParent: Rect(0, 0 - 1080, 1731); boundsInScreen: Rect(1080, 63 - 1080, 1794); packageName: com.beemdevelopment.aegis; className: android.widget.LinearLayout; text: null; error: null; maxTextLength: -1; contentDescription: null; tooltipText: null; viewIdResName: com.beemdevelopment.aegis:id/main; checkable: false; checked: false; focusable: false; focused: false; selected: false; clickable: false; longClickable: false; contextClickable: false; enabled: true; password: false; scrollable: false; importantForAccessibility: false; visible: false; actions: [AccessibilityAction: ACTION_SELECT - null, AccessibilityAction: ACTION_CLEAR_SELECTION - null, AccessibilityAction: ACTION_ACCESSIBILITY_FOCUS - null, AccessibilityAction: ACTION_SHOW_ON_SCREEN - null]
03-20 01:39:41.386 13973 25869 I UIAutomatorStub: Skipping invisible child: android.view.accessibility.AccessibilityNodeInfo@1ac7f; boundsInParent: Rect(0, 0 - 1080, 1731); boundsInScreen: Rect(2160, 63 - 1080, 1794); packageName: com.beemdevelopment.aegis; className: android.widget.LinearLayout; text: null; error: null; maxTextLength: -1; contentDescription: null; tooltipText: null; viewIdResName: com.beemdevelopment.aegis:id/main; checkable: false; checked: false; focusable: false; focused: false; selected: false; clickable: false; longClickable: false; contextClickable: false; enabled: true; password: false; scrollable: false; importantForAccessibility: false; visible: false; actions: [AccessibilityAction: ACTION_SELECT - null, AccessibilityAction: ACTION_CLEAR_SELECTION - null, AccessibilityAction: ACTION_ACCESSIBILITY_FOCUS - null, AccessibilityAction: ACTION_SHOW_ON_SCREEN - null]
03-20 01:39:41.386 13973 25869 I UIAutomatorStub: Skipping invisible child: android.view.accessibility.AccessibilityNodeInfo@1ce48; boundsInParent: Rect(0, 0 - 1080, 1731); boundsInScreen: Rect(3240, 63 - 1080, 1794); packageName: com.beemdevelopment.aegis; className: android.view.ViewGroup; text: null; error: null; maxTextLength: -1; contentDescription: null; tooltipText: null; viewIdResName: com.beemdevelopment.aegis:id/main; checkable: false; checked: false; focusable: false; focused: false; selected: false; clickable: false; longClickable: false; contextClickable: false; enabled: true; password: false; scrollable: false; importantForAccessibility: false; visible: false; actions: [AccessibilityAction: ACTION_SELECT - null, AccessibilityAction: ACTION_CLEAR_SELECTION - null, AccessibilityAction: ACTION_ACCESSIBILITY_FOCUS - null, AccessibilityAction: ACTION_SHOW_ON_SCREEN - null]
03-20 01:39:41.386 13973 25869 I UIAutomatorStub: Skipping invisible child: android.view.accessibility.AccessibilityNodeInfo@1706f; boundsInParent: Rect(0, 0 - 1080, 63); boundsInScreen: Rect(0, 0 - 1080, 63); packageName: com.beemdevelopment.aegis; className: android.view.View; text: null; error: null; maxTextLength: -1; contentDescription: null; tooltipText: null; viewIdResName: android:id/statusBarBackground; checkable: false; checked: false; focusable: false; focused: false; selected: false; clickable: false; longClickable: false; contextClickable: false; enabled: true; password: false; scrollable: false; importantForAccessibility: false; visible: false; actions: [AccessibilityAction: ACTION_SELECT - null, AccessibilityAction: ACTION_CLEAR_SELECTION - null, AccessibilityAction: ACTION_ACCESSIBILITY_FOCUS - null, AccessibilityAction: ACTION_SHOW_ON_SCREEN - null]
03-20 01:39:41.386 13973 25869 I UIAutomatorStub: Skipping invisible child: android.view.accessibility.AccessibilityNodeInfo@16cae; boundsInParent: Rect(0, 0 - 1080, 126); boundsInScreen: Rect(0, 1794 - 1080, 1920); packageName: com.beemdevelopment.aegis; className: android.view.View; text: null; error: null; maxTextLength: -1; contentDescription: null; tooltipText: null; viewIdResName: android:id/navigationBarBackground; checkable: false; checked: false; focusable: false; focused: false; selected: false; clickable: false; longClickable: false; contextClickable: false; enabled: true; password: false; scrollable: false; importantForAccessibility: false; visible: false; actions: [AccessibilityAction: ACTION_SELECT - null, AccessibilityAction: ACTION_CLEAR_SELECTION - null, AccessibilityAction: ACTION_ACCESSIBILITY_FOCUS - null, AccessibilityAction: ACTION_SHOW_ON_SCREEN - null]
03-20 01:39:41.386 13973 25869 I UIAutomatorStub: Fetch time: 1ms
03-20 01:39:41.794  1800  2437 E GnssHAL_GnssInterface: gnssSvStatusCb: a: input svInfo.flags is 8
03-20 01:39:41.794  1800  2437 E GnssHAL_GnssInterface: gnssSvStatusCb: b: input svInfo.flags is 8
03-20 01:39:42.799  1800  2437 E GnssHAL_GnssInterface: gnssSvStatusCb: a: input svInfo.flags is 8
03-20 01:39:42.799  1800  2437 E GnssHAL_GnssInterface: gnssSvStatusCb: b: input svInfo.flags is 8
03-20 01:39:43.364 13973 25886 D UIAutomatorStub: URI: /jsonrpc/0, Method: POST, Header: {content-length=117, remote-addr=127.0.0.1, http-client-ip=127.0.0.1, host=localhost:9008, content-type=application/json, connection=close, accept-encoding=identity, user-agent=Python-urllib/3.7}, params, {NanoHttpd.QUERY_STRING=null}, files: {postData={"jsonrpc": "2.0", "method": "dumpWindowHierarchy", "id": "b8080e2d69fae98eb1c0a620fb566ae9", "params": [true, null]}}
03-20 01:39:43.371 13973 25886 I UIAutomatorStub: Skipping invisible child: android.view.accessibility.AccessibilityNodeInfo@18334; boundsInParent: Rect(0, 0 - 1080, 1731); boundsInScreen: Rect(1080, 63 - 1080, 1794); packageName: com.beemdevelopment.aegis; className: android.widget.LinearLayout; text: null; error: null; maxTextLength: -1; contentDescription: null; tooltipText: null; viewIdResName: com.beemdevelopment.aegis:id/main; checkable: false; checked: false; focusable: false; focused: false; selected: false; clickable: false; longClickable: false; contextClickable: false; enabled: true; password: false; scrollable: false; importantForAccessibility: false; visible: false; actions: [AccessibilityAction: ACTION_SELECT - null, AccessibilityAction: ACTION_CLEAR_SELECTION - null, AccessibilityAction: ACTION_ACCESSIBILITY_FOCUS - null, AccessibilityAction: ACTION_SHOW_ON_SCREEN - null]
03-20 01:39:43.371 13973 25886 I UIAutomatorStub: Skipping invisible child: android.view.accessibility.AccessibilityNodeInfo@1ac7f; boundsInParent: Rect(0, 0 - 1080, 1731); boundsInScreen: Rect(2160, 63 - 1080, 1794); packageName: com.beemdevelopment.aegis; className: android.widget.LinearLayout; text: null; error: null; maxTextLength: -1; contentDescription: null; tooltipText: null; viewIdResName: com.beemdevelopment.aegis:id/main; checkable: false; checked: false; focusable: false; focused: false; selected: false; clickable: false; longClickable: false; contextClickable: false; enabled: true; password: false; scrollable: false; importantForAccessibility: false; visible: false; actions: [AccessibilityAction: ACTION_SELECT - null, AccessibilityAction: ACTION_CLEAR_SELECTION - null, AccessibilityAction: ACTION_ACCESSIBILITY_FOCUS - null, AccessibilityAction: ACTION_SHOW_ON_SCREEN - null]
03-20 01:39:43.371 13973 25886 I UIAutomatorStub: Skipping invisible child: android.view.accessibility.AccessibilityNodeInfo@1ce48; boundsInParent: Rect(0, 0 - 1080, 1731); boundsInScreen: Rect(3240, 63 - 1080, 1794); packageName: com.beemdevelopment.aegis; className: android.view.ViewGroup; text: null; error: null; maxTextLength: -1; contentDescription: null; tooltipText: null; viewIdResName: com.beemdevelopment.aegis:id/main; checkable: false; checked: false; focusable: false; focused: false; selected: false; clickable: false; longClickable: false; contextClickable: false; enabled: true; password: false; scrollable: false; importantForAccessibility: false; visible: false; actions: [AccessibilityAction: ACTION_SELECT - null, AccessibilityAction: ACTION_CLEAR_SELECTION - null, AccessibilityAction: ACTION_ACCESSIBILITY_FOCUS - null, AccessibilityAction: ACTION_SHOW_ON_SCREEN - null]
03-20 01:39:43.371 13973 25886 I UIAutomatorStub: Skipping invisible child: android.view.accessibility.AccessibilityNodeInfo@1706f; boundsInParent: Rect(0, 0 - 1080, 63); boundsInScreen: Rect(0, 0 - 1080, 63); packageName: com.beemdevelopment.aegis; className: android.view.View; text: null; error: null; maxTextLength: -1; contentDescription: null; tooltipText: null; viewIdResName: android:id/statusBarBackground; checkable: false; checked: false; focusable: false; focused: false; selected: false; clickable: false; longClickable: false; contextClickable: false; enabled: true; password: false; scrollable: false; importantForAccessibility: false; visible: false; actions: [AccessibilityAction: ACTION_SELECT - null, AccessibilityAction: ACTION_CLEAR_SELECTION - null, AccessibilityAction: ACTION_ACCESSIBILITY_FOCUS - null, AccessibilityAction: ACTION_SHOW_ON_SCREEN - null]
03-20 01:39:43.371 13973 25886 I UIAutomatorStub: Skipping invisible child: android.view.accessibility.AccessibilityNodeInfo@16cae; boundsInParent: Rect(0, 0 - 1080, 126); boundsInScreen: Rect(0, 1794 - 1080, 1920); packageName: com.beemdevelopment.aegis; className: android.view.View; text: null; error: null; maxTextLength: -1; contentDescription: null; tooltipText: null; viewIdResName: android:id/navigationBarBackground; checkable: false; checked: false; focusable: false; focused: false; selected: false; clickable: false; longClickable: false; contextClickable: false; enabled: true; password: false; scrollable: false; importantForAccessibility: false; visible: false; actions: [AccessibilityAction: ACTION_SELECT - null, AccessibilityAction: ACTION_CLEAR_SELECTION - null, AccessibilityAction: ACTION_ACCESSIBILITY_FOCUS - null, AccessibilityAction: ACTION_SHOW_ON_SCREEN - null]
03-20 01:39:43.372 13973 25886 I UIAutomatorStub: Fetch time: 3ms
03-20 01:39:43.803  1800  2437 E GnssHAL_GnssInterface: gnssSvStatusCb: a: input svInfo.flags is 8
03-20 01:39:43.803  1800  2437 E GnssHAL_GnssInterface: gnssSvStatusCb: b: input svInfo.flags is 8
03-20 01:39:44.644 13973 25890 D UIAutomatorStub: URI: /jsonrpc/0, Method: POST, Header: {content-length=117, remote-addr=127.0.0.1, http-client-ip=127.0.0.1, host=localhost:9008, content-type=application/json, connection=close, accept-encoding=identity, user-agent=Python-urllib/3.7}, params, {NanoHttpd.QUERY_STRING=null}, files: {postData={"jsonrpc": "2.0", "method": "dumpWindowHierarchy", "id": "acfc70f746a118b0add42a71ef2cc8e9", "params": [true, null]}}
03-20 01:39:44.652 13973 25890 I UIAutomatorStub: Skipping invisible child: android.view.accessibility.AccessibilityNodeInfo@18334; boundsInParent: Rect(0, 0 - 1080, 1731); boundsInScreen: Rect(1080, 63 - 1080, 1794); packageName: com.beemdevelopment.aegis; className: android.widget.LinearLayout; text: null; error: null; maxTextLength: -1; contentDescription: null; tooltipText: null; viewIdResName: com.beemdevelopment.aegis:id/main; checkable: false; checked: false; focusable: false; focused: false; selected: false; clickable: false; longClickable: false; contextClickable: false; enabled: true; password: false; scrollable: false; importantForAccessibility: false; visible: false; actions: [AccessibilityAction: ACTION_SELECT - null, AccessibilityAction: ACTION_CLEAR_SELECTION - null, AccessibilityAction: ACTION_ACCESSIBILITY_FOCUS - null, AccessibilityAction: ACTION_SHOW_ON_SCREEN - null]
03-20 01:39:44.652 13973 25890 I UIAutomatorStub: Skipping invisible child: android.view.accessibility.AccessibilityNodeInfo@1ac7f; boundsInParent: Rect(0, 0 - 1080, 1731); boundsInScreen: Rect(2160, 63 - 1080, 1794); packageName: com.beemdevelopment.aegis; className: android.widget.LinearLayout; text: null; error: null; maxTextLength: -1; contentDescription: null; tooltipText: null; viewIdResName: com.beemdevelopment.aegis:id/main; checkable: false; checked: false; focusable: false; focused: false; selected: false; clickable: false; longClickable: false; contextClickable: false; enabled: true; password: false; scrollable: false; importantForAccessibility: false; visible: false; actions: [AccessibilityAction: ACTION_SELECT - null, AccessibilityAction: ACTION_CLEAR_SELECTION - null, AccessibilityAction: ACTION_ACCESSIBILITY_FOCUS - null, AccessibilityAction: ACTION_SHOW_ON_SCREEN - null]
03-20 01:39:44.652 13973 25890 I UIAutomatorStub: Skipping invisible child: android.view.accessibility.AccessibilityNodeInfo@1ce48; boundsInParent: Rect(0, 0 - 1080, 1731); boundsInScreen: Rect(3240, 63 - 1080, 1794); packageName: com.beemdevelopment.aegis; className: android.view.ViewGroup; text: null; error: null; maxTextLength: -1; contentDescription: null; tooltipText: null; viewIdResName: com.beemdevelopment.aegis:id/main; checkable: false; checked: false; focusable: false; focused: false; selected: false; clickable: false; longClickable: false; contextClickable: false; enabled: true; password: false; scrollable: false; importantForAccessibility: false; visible: false; actions: [AccessibilityAction: ACTION_SELECT - null, AccessibilityAction: ACTION_CLEAR_SELECTION - null, AccessibilityAction: ACTION_ACCESSIBILITY_FOCUS - null, AccessibilityAction: ACTION_SHOW_ON_SCREEN - null]
03-20 01:39:44.652 13973 25890 I UIAutomatorStub: Skipping invisible child: android.view.accessibility.AccessibilityNodeInfo@1706f; boundsInParent: Rect(0, 0 - 1080, 63); boundsInScreen: Rect(0, 0 - 1080, 63); packageName: com.beemdevelopment.aegis; className: android.view.View; text: null; error: null; maxTextLength: -1; contentDescription: null; tooltipText: null; viewIdResName: android:id/statusBarBackground; checkable: false; checked: false; focusable: false; focused: false; selected: false; clickable: false; longClickable: false; contextClickable: false; enabled: true; password: false; scrollable: false; importantForAccessibility: false; visible: false; actions: [AccessibilityAction: ACTION_SELECT - null, AccessibilityAction: ACTION_CLEAR_SELECTION - null, AccessibilityAction: ACTION_ACCESSIBILITY_FOCUS - null, AccessibilityAction: ACTION_SHOW_ON_SCREEN - null]
03-20 01:39:44.652 13973 25890 I UIAutomatorStub: Skipping invisible child: android.view.accessibility.AccessibilityNodeInfo@16cae; boundsInParent: Rect(0, 0 - 1080, 126); boundsInScreen: Rect(0, 1794 - 1080, 1920); packageName: com.beemdevelopment.aegis; className: android.view.View; text: null; error: null; maxTextLength: -1; contentDescription: null; tooltipText: null; viewIdResName: android:id/navigationBarBackground; checkable: false; checked: false; focusable: false; focused: false; selected: false; clickable: false; longClickable: false; contextClickable: false; enabled: true; password: false; scrollable: false; importantForAccessibility: false; visible: false; actions: [AccessibilityAction: ACTION_SELECT - null, AccessibilityAction: ACTION_CLEAR_SELECTION - null, AccessibilityAction: ACTION_ACCESSIBILITY_FOCUS - null, AccessibilityAction: ACTION_SHOW_ON_SCREEN - null]
03-20 01:39:44.652 13973 25890 I UIAutomatorStub: Fetch time: 2ms
03-20 01:39:44.807  1800  2437 E GnssHAL_GnssInterface: gnssSvStatusCb: a: input svInfo.flags is 8
03-20 01:39:44.807  1800  2437 E GnssHAL_GnssInterface: gnssSvStatusCb: b: input svInfo.flags is 8
03-20 01:39:45.808  1800  2437 E GnssHAL_GnssInterface: gnssSvStatusCb: a: input svInfo.flags is 8
03-20 01:39:45.808  1800  2437 E GnssHAL_GnssInterface: gnssSvStatusCb: b: input svInfo.flags is 8
03-20 01:39:45.827  1801  3056 D gralloc_ranchu: gralloc_alloc: Creating ashmem region of size 8298496
03-20 01:39:45.828  1828  1828 W SurfaceFlinger: FB is protected: PERMISSION_DENIED
03-20 01:39:45.829 25893 25893 E SurfaceFlinger: captureScreen failed to readInt32: -1
03-20 01:39:46.811  1800  2437 E GnssHAL_GnssInterface: gnssSvStatusCb: a: input svInfo.flags is 8
03-20 01:39:46.811  1800  2437 E GnssHAL_GnssInterface: gnssSvStatusCb: b: input svInfo.flags is 8
03-20 01:39:47.813  1800  2437 E GnssHAL_GnssInterface: gnssSvStatusCb: a: input svInfo.flags is 8
03-20 01:39:47.813  1800  2437 E GnssHAL_GnssInterface: gnssSvStatusCb: b: input svInfo.flags is 8
03-20 01:39:47.957  1801  3056 D gralloc_ranchu: gralloc_alloc: Creating ashmem region of size 8298496
03-20 01:39:47.958  1828  1828 W SurfaceFlinger: FB is protected: PERMISSION_DENIED
03-20 01:39:47.959 25899 25899 E SurfaceFlinger: captureScreen failed to readInt32: -1
03-20 01:39:48.813  1800  2437 E GnssHAL_GnssInterface: gnssSvStatusCb: a: input svInfo.flags is 8
03-20 01:39:48.813  1800  2437 E GnssHAL_GnssInterface: gnssSvStatusCb: b: input svInfo.flags is 8
03-20 01:39:49.191  2044  2070 E memtrack: Couldn't load memtrack module
03-20 01:39:49.191  2044  2070 W android.os.Debug: failed to get memory consumption info: -1
03-20 01:39:49.817  1800  2437 E GnssHAL_GnssInterface: gnssSvStatusCb: a: input svInfo.flags is 8
03-20 01:39:49.817  1800  2437 E GnssHAL_GnssInterface: gnssSvStatusCb: b: input svInfo.flags is 8
03-20 01:39:50.092  1801  3056 D gralloc_ranchu: gralloc_alloc: Creating ashmem region of size 8298496
03-20 01:39:50.093  1828  1828 W SurfaceFlinger: FB is protected: PERMISSION_DENIED
03-20 01:39:50.094 25906 25906 E SurfaceFlinger: captureScreen failed to readInt32: -1
03-20 01:39:50.822  1800  2437 E GnssHAL_GnssInterface: gnssSvStatusCb: a: input svInfo.flags is 8
03-20 01:39:50.822  1800  2437 E GnssHAL_GnssInterface: gnssSvStatusCb: b: input svInfo.flags is 8
03-20 01:39:51.826  1800  2437 E GnssHAL_GnssInterface: gnssSvStatusCb: a: input svInfo.flags is 8
03-20 01:39:51.826  1800  2437 E GnssHAL_GnssInterface: gnssSvStatusCb: b: input svInfo.flags is 8
03-20 01:39:52.233  1801  3056 D gralloc_ranchu: gralloc_alloc: Creating ashmem region of size 8298496
03-20 01:39:52.234  1828  1828 W SurfaceFlinger: FB is protected: PERMISSION_DENIED
03-20 01:39:52.235 25912 25912 E SurfaceFlinger: captureScreen failed to readInt32: -1
03-20 01:39:52.830  1800  2437 E GnssHAL_GnssInterface: gnssSvStatusCb: a: input svInfo.flags is 8
03-20 01:39:52.830  1800  2437 E GnssHAL_GnssInterface: gnssSvStatusCb: b: input svInfo.flags is 8
03-20 01:39:53.834  1800  2437 E GnssHAL_GnssInterface: gnssSvStatusCb: a: input svInfo.flags is 8
03-20 01:39:53.834  1800  2437 E GnssHAL_GnssInterface: gnssSvStatusCb: b: input svInfo.flags is 8
03-20 01:39:54.366  1801  3056 D gralloc_ranchu: gralloc_alloc: Creating ashmem region of size 8298496
03-20 01:39:54.367  1828  1828 W SurfaceFlinger: FB is protected: PERMISSION_DENIED
03-20 01:39:54.368 25918 25918 E SurfaceFlinger: captureScreen failed to readInt32: -1
03-20 01:39:54.838  1800  2437 E GnssHAL_GnssInterface: gnssSvStatusCb: a: input svInfo.flags is 8
03-20 01:39:54.838  1800  2437 E GnssHAL_GnssInterface: gnssSvStatusCb: b: input svInfo.flags is 8
03-20 01:39:55.838  1800  2437 E GnssHAL_GnssInterface: gnssSvStatusCb: a: input svInfo.flags is 8
03-20 01:39:55.838  1800  2437 E GnssHAL_GnssInterface: gnssSvStatusCb: b: input svInfo.flags is 8
03-20 01:39:56.491  1801  3056 D gralloc_ranchu: gralloc_alloc: Creating ashmem region of size 8298496
03-20 01:39:56.493  1828  1828 W SurfaceFlinger: FB is protected: PERMISSION_DENIED
03-20 01:39:56.494 25924 25924 E SurfaceFlinger: captureScreen failed to readInt32: -1
03-20 01:39:56.841  1800  2437 E GnssHAL_GnssInterface: gnssSvStatusCb: a: input svInfo.flags is 8
03-20 01:39:56.841  1800  2437 E GnssHAL_GnssInterface: gnssSvStatusCb: b: input svInfo.flags is 8
03-20 01:39:57.845  1800  2437 E GnssHAL_GnssInterface: gnssSvStatusCb: a: input svInfo.flags is 8
03-20 01:39:57.845  1800  2437 E GnssHAL_GnssInterface: gnssSvStatusCb: b: input svInfo.flags is 8
03-20 01:39:58.621  1801  3056 D gralloc_ranchu: gralloc_alloc: Creating ashmem region of size 8298496
03-20 01:39:58.622  1828  1828 W SurfaceFlinger: FB is protected: PERMISSION_DENIED
03-20 01:39:58.623 25930 25930 E SurfaceFlinger: captureScreen failed to readInt32: -1
03-20 01:39:58.847  1800  2437 E GnssHAL_GnssInterface: gnssSvStatusCb: a: input svInfo.flags is 8
03-20 01:39:58.847  1800  2437 E GnssHAL_GnssInterface: gnssSvStatusCb: b: input svInfo.flags is 8
03-20 01:39:59.852  1800  2437 E GnssHAL_GnssInterface: gnssSvStatusCb: a: input svInfo.flags is 8
03-20 01:39:59.852  1800  2437 E GnssHAL_GnssInterface: gnssSvStatusCb: b: input svInfo.flags is 8
03-20 01:40:00.026  2213  2441 D EGL_emulation: eglMakeCurrent: 0xe0e1a4e0: ver 3 0 (tinfo 0xe0e0fa50)
03-20 01:40:00.749  1801  3056 D gralloc_ranchu: gralloc_alloc: Creating ashmem region of size 8298496
03-20 01:40:00.750  1828  1828 W SurfaceFlinger: FB is protected: PERMISSION_DENIED
03-20 01:40:00.751 25936 25936 E SurfaceFlinger: captureScreen failed to readInt32: -1
03-20 01:40:00.856  1800  2437 E GnssHAL_GnssInterface: gnssSvStatusCb: a: input svInfo.flags is 8
03-20 01:40:00.856  1800  2437 E GnssHAL_GnssInterface: gnssSvStatusCb: b: input svInfo.flags is 8
03-20 01:40:01.861  1800  2437 E GnssHAL_GnssInterface: gnssSvStatusCb: a: input svInfo.flags is 8
03-20 01:40:01.861  1800  2437 E GnssHAL_GnssInterface: gnssSvStatusCb: b: input svInfo.flags is 8
03-20 01:40:02.864  1800  2437 E GnssHAL_GnssInterface: gnssSvStatusCb: a: input svInfo.flags is 8
03-20 01:40:02.864  1800  2437 E GnssHAL_GnssInterface: gnssSvStatusCb: b: input svInfo.flags is 8
03-20 01:40:02.875  1801  3056 D gralloc_ranchu: gralloc_alloc: Creating ashmem region of size 8298496
03-20 01:40:02.876  1828  1828 W SurfaceFlinger: FB is protected: PERMISSION_DENIED
03-20 01:40:02.876 25942 25942 E SurfaceFlinger: captureScreen failed to readInt32: -1
03-20 01:40:03.868  1800  2437 E GnssHAL_GnssInterface: gnssSvStatusCb: a: input svInfo.flags is 8
03-20 01:40:03.868  1800  2437 E GnssHAL_GnssInterface: gnssSvStatusCb: b: input svInfo.flags is 8
03-20 01:40:04.869  1800  2437 E GnssHAL_GnssInterface: gnssSvStatusCb: a: input svInfo.flags is 8
03-20 01:40:04.869  1800  2437 E GnssHAL_GnssInterface: gnssSvStatusCb: b: input svInfo.flags is 8
03-20 01:40:04.999  1801  3056 D gralloc_ranchu: gralloc_alloc: Creating ashmem region of size 8298496
03-20 01:40:05.000  1828  1828 W SurfaceFlinger: FB is protected: PERMISSION_DENIED
03-20 01:40:05.001 25948 25948 E SurfaceFlinger: captureScreen failed to readInt32: -1
03-20 01:40:05.871  1800  2437 E GnssHAL_GnssInterface: gnssSvStatusCb: a: input svInfo.flags is 8
03-20 01:40:05.871  1800  2437 E GnssHAL_GnssInterface: gnssSvStatusCb: b: input svInfo.flags is 8
03-20 01:40:06.561  2044  2070 E memtrack: Couldn't load memtrack module
03-20 01:40:06.562  2044  2070 W android.os.Debug: failed to get memory consumption info: -1
03-20 01:40:06.874  1800  2437 E GnssHAL_GnssInterface: gnssSvStatusCb: a: input svInfo.flags is 8
03-20 01:40:06.874  1800  2437 E GnssHAL_GnssInterface: gnssSvStatusCb: b: input svInfo.flags is 8
03-20 01:40:07.121  1801  3056 D gralloc_ranchu: gralloc_alloc: Creating ashmem region of size 8298496
03-20 01:40:07.122  1828  1828 W SurfaceFlinger: FB is protected: PERMISSION_DENIED
03-20 01:40:07.123 25954 25954 E SurfaceFlinger: captureScreen failed to readInt32: -1
03-20 01:40:07.875  1800  2437 E GnssHAL_GnssInterface: gnssSvStatusCb: a: input svInfo.flags is 8
03-20 01:40:07.875  1800  2437 E GnssHAL_GnssInterface: gnssSvStatusCb: b: input svInfo.flags is 8
03-20 01:40:08.877  1800  2437 E GnssHAL_GnssInterface: gnssSvStatusCb: a: input svInfo.flags is 8
03-20 01:40:08.877  1800  2437 E GnssHAL_GnssInterface: gnssSvStatusCb: b: input svInfo.flags is 8
03-20 01:40:09.248  1801  3056 D gralloc_ranchu: gralloc_alloc: Creating ashmem region of size 8298496
03-20 01:40:09.249  1828  1828 W SurfaceFlinger: FB is protected: PERMISSION_DENIED
03-20 01:40:09.249 25960 25960 E SurfaceFlinger: captureScreen failed to readInt32: -1
