07-01 12:52:45.961 18611 18611 W app_process: CheckJNI: method to register "write" not in the given class. This is slow, consider changing your RegisterNatives calls.
07-01 12:52:45.961 18611 18611 W app_process: CheckJNI: method to register "write_non_chained" not in the given class. This is slow, consider changing your RegisterNatives calls.
07-01 12:52:45.961 18611 18611 I chatty  : uid=2000(shell) main identical 7 lines
07-01 12:52:45.961 18611 18611 W app_process: CheckJNI: method to register "write_non_chained" not in the given class. This is slow, consider changing your RegisterNatives calls.
07-01 12:52:45.974 18611 18611 D AndroidRuntime: Calling main entry com.android.commands.uiautomator.Launcher
07-01 12:52:46.947  1930  3617 I GnssLocationProvider: WakeLock acquired by sendMessage(REPORT_SV_STATUS, 0, com.android.server.location.GnssLocationProvider$SvStatusInfo@21a678d)
07-01 12:52:46.949  1930  1943 I GnssLocationProvider: WakeLock released by handleMessage(REPORT_SV_STATUS, 0, com.android.server.location.GnssLocationProvider$SvStatusInfo@21a678d)
07-01 12:52:45.982  1930  1930 V SettingsProvider: Notifying for 0: content://settings/secure/accessibility_enabled
07-01 12:52:46.998  1930  2016 W WindowManager: removeWindowToken: Attempted to remove non-existing token: android.os.Binder@e5470b7
07-01 12:52:47.000  1930  1930 V SettingsProvider: Notifying for 0: content://settings/secure/accessibility_enabled
07-01 12:52:47.006 18611 18611 D AndroidRuntime: Shutting down VM
07-01 12:52:47.930 18644 18644 D AndroidRuntime: >>>>>> START com.android.internal.os.RuntimeInit uid 2000 <<<<<<
07-01 12:52:47.953  1930  3617 I GnssLocationProvider: WakeLock acquired by sendMessage(REPORT_SV_STATUS, 0, com.android.server.location.GnssLocationProvider$SvStatusInfo@4356153)
07-01 12:52:47.954  1930  1943 I GnssLocationProvider: WakeLock released by handleMessage(REPORT_SV_STATUS, 0, com.android.server.location.GnssLocationProvider$SvStatusInfo@4356153)
07-01 12:52:47.965 18644 18644 W app_process: Unexpected CPU variant for X86 using defaults: x86
07-01 12:52:47.967 18644 18644 I app_process: The ClassLoaderContext is a special shared library.
07-01 12:52:47.967 18644 18644 I app_process: The ClassLoaderContext is a special shared library.
07-01 12:52:47.971 18644 18644 W app_process: CheckJNI: method to register "write" not in the given class. This is slow, consider changing your RegisterNatives calls.
07-01 12:52:47.974 18644 18644 I chatty  : uid=2000(shell) main identical 42 lines
07-01 12:52:47.974 18644 18644 W app_process: CheckJNI: method to register "write" not in the given class. This is slow, consider changing your RegisterNatives calls.
07-01 12:52:47.974 18644 18644 W app_process: CheckJNI: method to register "write_non_chained" not in the given class. This is slow, consider changing your RegisterNatives calls.
07-01 12:52:47.974 18644 18644 I chatty  : uid=2000(shell) main identical 7 lines
07-01 12:52:47.974 18644 18644 W app_process: CheckJNI: method to register "write_non_chained" not in the given class. This is slow, consider changing your RegisterNatives calls.
07-01 12:52:47.986 18644 18644 D AndroidRuntime: Calling main entry com.android.commands.uiautomator.Launcher
07-01 12:52:48.954  1930  3617 I GnssLocationProvider: WakeLock acquired by sendMessage(REPORT_SV_STATUS, 0, com.android.server.location.GnssLocationProvider$SvStatusInfo@9c1eb8e)
07-01 12:52:48.955  1930  1943 I GnssLocationProvider: WakeLock released by handleMessage(REPORT_SV_STATUS, 0, com.android.server.location.GnssLocationProvider$SvStatusInfo@9c1eb8e)
07-01 12:52:49.010 18644 18644 W AccessibilityNodeInfoDumper: Fetch time: 3ms
07-01 12:52:47.994  1930  1930 V SettingsProvider: Notifying for 0: content://settings/secure/accessibility_enabled
07-01 12:52:49.011  1930  2016 W WindowManager: removeWindowToken: Attempted to remove non-existing token: android.os.Binder@793ea90
07-01 12:52:49.012  1930  1930 V SettingsProvider: Notifying for 0: content://settings/secure/accessibility_enabled
07-01 12:52:49.019 18644 18644 D AndroidRuntime: Shutting down VM
07-01 12:52:49.306 18665 18665 D AndroidRuntime: >>>>>> START com.android.internal.os.RuntimeInit uid 2000 <<<<<<
07-01 12:52:49.337 18665 18665 W app_process: Unexpected CPU variant for X86 using defaults: x86
07-01 12:52:49.339 18665 18665 I app_process: The ClassLoaderContext is a special shared library.
07-01 12:52:49.341 18665 18665 I app_process: The ClassLoaderContext is a special shared library.
07-01 12:52:49.345 18665 18665 W app_process: CheckJNI: method to register "write" not in the given class. This is slow, consider changing your RegisterNatives calls.
07-01 12:52:49.348 18665 18665 I chatty  : uid=2000(shell) main identical 42 lines
07-01 12:52:49.348 18665 18665 W app_process: CheckJNI: method to register "write" not in the given class. This is slow, consider changing your RegisterNatives calls.
07-01 12:52:49.348 18665 18665 W app_process: CheckJNI: method to register "write_non_chained" not in the given class. This is slow, consider changing your RegisterNatives calls.
07-01 12:52:49.348 18665 18665 I chatty  : uid=2000(shell) main identical 7 lines
07-01 12:52:49.348 18665 18665 W app_process: CheckJNI: method to register "write_non_chained" not in the given class. This is slow, consider changing your RegisterNatives calls.
07-01 12:52:49.359 18665 18665 D AndroidRuntime: Calling main entry com.android.commands.uiautomator.Launcher
07-01 12:52:49.959  1930  3617 I GnssLocationProvider: WakeLock acquired by sendMessage(REPORT_SV_STATUS, 0, com.android.server.location.GnssLocationProvider$SvStatusInfo@975329a)
07-01 12:52:49.961  1930  1943 I GnssLocationProvider: WakeLock released by handleMessage(REPORT_SV_STATUS, 0, com.android.server.location.GnssLocationProvider$SvStatusInfo@975329a)
07-01 12:52:50.382 18665 18665 W AccessibilityNodeInfoDumper: Fetch time: 3ms
07-01 12:52:49.366  1930  1930 V SettingsProvider: Notifying for 0: content://settings/secure/accessibility_enabled
07-01 12:52:50.383  1930  8175 W WindowManager: removeWindowToken: Attempted to remove non-existing token: android.os.Binder@7f51fbc
07-01 12:52:50.384  1930  1930 V SettingsProvider: Notifying for 0: content://settings/secure/accessibility_enabled
07-01 12:52:50.389 18665 18665 D AndroidRuntime: Shutting down VM
07-01 12:52:50.476  1930  5451 I ActivityManager: Force stopping com.fieldbook.tracker appid=10094 user=0: from pid 18680
07-01 12:52:50.477  1930  5451 I ActivityManager: Killing 17885:com.fieldbook.tracker/u0a94 (adj 100): stop com.fieldbook.tracker
07-01 12:52:50.478  1930  5451 W ActivityManager: Force removing ActivityRecord{fad6e95 u0 com.fieldbook.tracker/.activities.ConfigActivity t24}: app died, no saved state
07-01 12:52:50.478  1930  1947 W libprocessgroup: kill(-17885, 9) failed: No such process
07-01 12:52:50.500  2167  2167 D CarrierSvcBindHelper: No carrier app for: 0
07-01 12:52:50.511  1646  1694 D gralloc_ranchu: gralloc_alloc: Creating ashmem region of size 8298496
07-01 12:52:50.515  1930  1947 W libprocessgroup: kill(-17885, 9) failed: No such process
07-01 12:52:50.517  1646  2364 D gralloc_ranchu: gralloc_alloc: Creating ashmem region of size 8298496
07-01 12:52:50.523  1646  2364 D gralloc_ranchu: gralloc_alloc: Creating ashmem region of size 8298496
07-01 12:52:50.535  1773  1773 D SurfaceFlinger: duplicate layer name: changing com.google.android.apps.nexuslauncher/com.google.android.apps.nexuslauncher.NexusLauncherActivity to com.google.android.apps.nexuslauncher/com.google.android.apps.nexuslauncher.NexusLauncherActivity#1
07-01 12:52:50.541  1930  1998 W InputDispatcher: channel 'be0dce0 com.fieldbook.tracker/com.fieldbook.tracker.activities.ConfigActivity (server)' ~ Consumer closed input channel or an error occurred.  events=0x9
07-01 12:52:50.541  1930  1998 E InputDispatcher: channel 'be0dce0 com.fieldbook.tracker/com.fieldbook.tracker.activities.ConfigActivity (server)' ~ Channel is unrecoverably broken and will be disposed!
07-01 12:52:50.541  1930  1998 W InputDispatcher: channel '7dc27b0 com.fieldbook.tracker/com.fieldbook.tracker.activities.ConfigActivity (server)' ~ Consumer closed input channel or an error occurred.  events=0x9
07-01 12:52:50.541  1930  1998 E InputDispatcher: channel '7dc27b0 com.fieldbook.tracker/com.fieldbook.tracker.activities.ConfigActivity (server)' ~ Channel is unrecoverably broken and will be disposed!
07-01 12:52:50.541  1930  1998 W InputDispatcher: channel '1d40edc com.fieldbook.tracker/com.fieldbook.tracker.activities.ConfigActivity (server)' ~ Consumer closed input channel or an error occurred.  events=0x9
07-01 12:52:50.541  1930  1998 E InputDispatcher: channel '1d40edc com.fieldbook.tracker/com.fieldbook.tracker.activities.ConfigActivity (server)' ~ Channel is unrecoverably broken and will be disposed!
07-01 12:52:50.543  1774  1774 I Zygote  : Process 17885 exited due to signal (9)
07-01 12:52:50.544  1930  1948 E BatteryExternalStatsWorker: no controller energy info supplied for wifi
07-01 12:52:50.545  1646  2364 D gralloc_ranchu: gralloc_alloc: Creating ashmem region of size 8298496
07-01 12:52:50.550  1930  2321 I WindowManager: WIN DEATH: Window{7dc27b0 u0 com.fieldbook.tracker/com.fieldbook.tracker.activities.ConfigActivity}
07-01 12:52:50.550  1930  2321 W InputDispatcher: Attempted to unregister already unregistered input channel '7dc27b0 com.fieldbook.tracker/com.fieldbook.tracker.activities.ConfigActivity (server)'
07-01 12:52:50.553  1930  3359 I WindowManager: WIN DEATH: Window{1d40edc u0 com.fieldbook.tracker/com.fieldbook.tracker.activities.ConfigActivity}
07-01 12:52:50.553  1930  3359 W InputDispatcher: Attempted to unregister already unregistered input channel '1d40edc com.fieldbook.tracker/com.fieldbook.tracker.activities.ConfigActivity (server)'
07-01 12:52:50.553  3739  3770 D EGL_emulation: eglMakeCurrent: 0xe2205120: ver 3 0 (tinfo 0xe2203240)
07-01 12:52:50.553  1646  1694 D gralloc_ranchu: gralloc_alloc: Creating ashmem region of size 8298496
07-01 12:52:50.555  1930  1947 W libprocessgroup: kill(-17885, 9) failed: No such process
07-01 12:52:50.555  1930  1947 I libprocessgroup: Successfully killed process cgroup uid 10094 pid 17885 in 76ms
07-01 12:52:50.559  1930  3359 W InputDispatcher: Attempted to unregister already unregistered input channel 'be0dce0 com.fieldbook.tracker/com.fieldbook.tracker.activities.ConfigActivity (server)'
07-01 12:52:50.561  1646  1694 D gralloc_ranchu: gralloc_alloc: Creating ashmem region of size 8298496
07-01 12:52:50.577  1930  2299 W WindowManager: Failed looking up window callers=com.android.server.wm.WindowManagerService.windowForClientLocked:5513 com.android.server.wm.WindowState$DeathRecipient.binderDied:2443 android.os.BinderProxy.sendDeathNotice:1193 
07-01 12:52:50.577  1930  2299 I WindowManager: WIN DEATH: null
07-01 12:52:50.578  1773  2280 W SurfaceFlinger: Attempting to destroy on removed layer: be0dce0 com.fieldbook.tracker/com.fieldbook.tracker.activities.ConfigActivity#0
07-01 12:52:50.586  1930  1952 W ActivityManager: setHasOverlayUi called on unknown pid: 17885
07-01 12:52:50.595  2723  2909 D EGL_emulation: eglMakeCurrent: 0xe2206980: ver 3 0 (tinfo 0xe2203910)
07-01 12:52:50.615  3739  3739 W SessionLifecycleManager: Handover failed. Creating new session controller.
07-01 12:52:50.634  2082  2320 D EGL_emulation: eglMakeCurrent: 0xe2205480: ver 3 0 (tinfo 0xe22035a0)
07-01 12:52:50.642  3739  3739 I StreamController: registerScope: nowcards-4853377112420256961
07-01 12:52:50.657  3739  7997 W LocationOracle: No location history returned by ContextManager
07-01 12:52:50.658  3739 16522 E EntrySyncManager: Cannot determine account name: drop request
07-01 12:52:50.660  3739 16522 E NowController: Failed to access data from EntryProvider. ExecutionException.
07-01 12:52:50.660  3739 16522 E NowController: java.util.concurrent.ExecutionException: com.google.android.apps.gsa.sidekick.main.h.n: Could not complete scheduled request to refresh entries. ClientErrorCode: 3
07-01 12:52:50.660  3739 16522 E NowController: 	at com.google.common.util.concurrent.d.eA(SourceFile:85)
07-01 12:52:50.660  3739 16522 E NowController: 	at com.google.common.util.concurrent.d.get(SourceFile:23)
07-01 12:52:50.660  3739 16522 E NowController: 	at com.google.common.util.concurrent.l.get(SourceFile:2)
07-01 12:52:50.660  3739 16522 E NowController: 	at com.google.android.apps.gsa.staticplugins.nowstream.b.a.be.cbB(SourceFile:49)
07-01 12:52:50.660  3739 16522 E NowController: 	at com.google.android.apps.gsa.staticplugins.nowstream.b.a.be.cbA(SourceFile:181)
07-01 12:52:50.660  3739 16522 E NowController: 	at com.google.android.apps.gsa.staticplugins.nowstream.b.a.bh.run(Unknown Source:2)
07-01 12:52:50.660  3739 16522 E NowController: 	at com.google.android.apps.gsa.shared.util.concurrent.at.run(SourceFile:4)
07-01 12:52:50.660  3739 16522 E NowController: 	at java.util.concurrent.Executors$RunnableAdapter.call(Executors.java:458)
07-01 12:52:50.660  3739 16522 E NowController: 	at java.util.concurrent.FutureTask.run(FutureTask.java:266)
07-01 12:52:50.660  3739 16522 E NowController: 	at java.util.concurrent.Executors$RunnableAdapter.call(Executors.java:458)
07-01 12:52:50.660  3739 16522 E NowController: 	at java.util.concurrent.FutureTask.run(FutureTask.java:266)
07-01 12:52:50.660  3739 16522 E NowController: 	at com.google.android.apps.gsa.shared.util.concurrent.b.g.run(Unknown Source:4)
07-01 12:52:50.660  3739 16522 E NowController: 	at com.google.android.apps.gsa.shared.util.concurrent.b.aw.run(SourceFile:4)
07-01 12:52:50.660  3739 16522 E NowController: 	at com.google.android.apps.gsa.shared.util.concurrent.b.aw.run(SourceFile:4)
07-01 12:52:50.660  3739 16522 E NowController: 	at java.util.concurrent.ThreadPoolExecutor.runWorker(ThreadPoolExecutor.java:1167)
07-01 12:52:50.660  3739 16522 E NowController: 	at java.util.concurrent.ThreadPoolExecutor$Worker.run(ThreadPoolExecutor.java:641)
07-01 12:52:50.660  3739 16522 E NowController: 	at java.lang.Thread.run(Thread.java:764)
07-01 12:52:50.660  3739 16522 E NowController: 	at com.google.android.apps.gsa.shared.util.concurrent.b.i.run(SourceFile:6)
07-01 12:52:50.660  3739 16522 E NowController: Caused by: com.google.android.apps.gsa.sidekick.main.h.n: Could not complete scheduled request to refresh entries. ClientErrorCode: 3
07-01 12:52:50.660  3739 16522 E NowController: 	at com.google.android.apps.gsa.staticplugins.nowstream.b.a.ar.az(Unknown Source:4)
07-01 12:52:50.660  3739 16522 E NowController: 	at com.google.common.util.concurrent.q.ap(SourceFile:7)
07-01 12:52:50.660  3739 16522 E NowController: 	at com.google.common.util.concurrent.p.run(SourceFile:32)
07-01 12:52:50.660  3739 16522 E NowController: 	at com.google.common.util.concurrent.bt.execute(SourceFile:3)
07-01 12:52:50.660  3739 16522 E NowController: 	at com.google.common.util.concurrent.d.b(SourceFile:275)
07-01 12:52:50.660  3739 16522 E NowController: 	at com.google.common.util.concurrent.d.addListener(SourceFile:135)
07-01 12:52:50.660  3739 16522 E NowController: 	at com.google.common.util.concurrent.p.b(SourceFile:3)
07-01 12:52:50.660  3739 16522 E NowController: 	at com.google.android.apps.gsa.shared.util.concurrent.h.a(SourceFile:16)
07-01 12:52:50.660  3739 16522 E NowController: 	at com.google.android.apps.gsa.shared.util.concurrent.h.a(SourceFile:13)
07-01 12:52:50.660  3739 16522 E NowController: 	at com.google.android.apps.gsa.staticplugins.nowstream.b.a.be.cbB(SourceFile:47)
07-01 12:52:50.660  3739 16522 E NowController: 	... 14 more
07-01 12:52:50.692  3739  3739 I StreamRenderer: maybeRegisterNowCardsScope(nowcards-4853377112420256961, com.google.android.sidekick.shared.remoteapi.CardRenderingContext@5851695)
07-01 12:52:50.739  2067 17642 W ctxmgr  : [AclManager]No 3 for (accnt=account#-517948760#, com.google.android.gms(10012):UserVelocityProducer, vrsn=16089022, 0, 3pPkg = null ,  3pMdlId = null ,  pid = 2067). Was: 3 for 1, account#-517948760# [CONTEXT service_id=47 ]
07-01 12:52:50.744  1930  3359 I GnssLocationProvider: WakeLock acquired by sendMessage(SET_REQUEST, 0, com.android.server.location.GnssLocationProvider$GpsRequest@2f1119b)
07-01 12:52:50.746  1930  1943 I GnssLocationProvider: WakeLock released by handleMessage(SET_REQUEST, 0, com.android.server.location.GnssLocationProvider$GpsRequest@2f1119b)
07-01 12:52:50.747  1930  3617 I GnssLocationProvider: WakeLock acquired by sendMessage(REPORT_SV_STATUS, 0, com.android.server.location.GnssLocationProvider$SvStatusInfo@ce3e938)
07-01 12:52:50.747  1930  3617 I GnssLocationProvider: WakeLock acquired by sendMessage(REPORT_LOCATION, 1, Location[gps 37.421998,-122.084000 hAcc=20 et=?!? alt=5.0 vel=0.0 bear=0.0 vAcc=??? sAcc=??? bAcc=???])
07-01 12:52:50.747  1930  1943 I GnssLocationProvider: WakeLock released by handleMessage(REPORT_SV_STATUS, 0, com.android.server.location.GnssLocationProvider$SvStatusInfo@ce3e938)
07-01 12:52:50.751  3739  3739 I StreamController: cleanUpControllerScope(nowcards-4853377112420256961)
07-01 12:52:50.752  3739  3739 I StreamController: registerScope: nowcards-7595013244411968431
07-01 12:52:50.753  2082  2320 D EGL_emulation: eglMakeCurrent: 0xe2205480: ver 3 0 (tinfo 0xe22035a0)
07-01 12:52:50.756  1930  1943 I GnssLocationProvider: WakeLock released by handleMessage(REPORT_LOCATION, 1, Location[gps 37.421998,-122.084000 hAcc=20 et=+1h53m55s944ms alt=5.0 vel=0.0 bear=0.0 vAcc=??? sAcc=??? bAcc=??? {Bundle[{satellites=0, maxCn0=0, meanCn0=0}]}])
07-01 12:52:50.761  2082  2320 D EGL_emulation: eglMakeCurrent: 0xe2205480: ver 3 0 (tinfo 0xe22035a0)
07-01 12:52:50.761  2067  3420 I Places  : Converted 0 out of 1 WiFi scans
07-01 12:52:50.770  3739  3739 I StreamRenderer: cleanUpRendererScope(nowcards-4853377112420256961)
07-01 12:52:50.770  3739  3739 I StreamRenderer: maybeRegisterNowCardsScope(nowcards-7595013244411968431, com.google.android.sidekick.shared.remoteapi.CardRenderingContext@48ef278)
07-01 12:52:50.772  2067 15385 I Places  : ?: Couldn't find platform key file.
07-01 12:52:50.775  2067 16525 I Places  : ?: Couldn't find platform key file.
07-01 12:52:50.776  2082  2320 D EGL_emulation: eglMakeCurrent: 0xe2205480: ver 3 0 (tinfo 0xe22035a0)
07-01 12:52:50.776  2067 16525 I Places  : ?: Couldn't find platform key file.
07-01 12:52:50.778  2067 15385 I Places  : ?: Couldn't find platform key file.
07-01 12:52:50.779  2082  2320 D EGL_emulation: eglMakeCurrent: 0xe2205480: ver 3 0 (tinfo 0xe22035a0)
07-01 12:52:50.792  2067  3420 I PlaceInferenceEngine: Too few candidate results: percentageOfMissingArea 100
07-01 12:52:50.793  3739  3739 I MicroDetectionWorker: #startMicroDetector [speakerMode: 0]
07-01 12:52:50.793  3739  3739 I AudioController: Using mInputStreamFactoryBuilder
07-01 12:52:50.793  3739  3739 I AudioController: Created new AudioSource
07-01 12:52:50.802  2067 18685 I Places  : ?: Couldn't find platform key file.
07-01 12:52:50.807  2067 15385 I Places  : ?: Couldn't find platform key file.
07-01 12:52:50.809  3739  3739 I MicroDetectionWorker: onReady
07-01 12:52:50.812  2067 18687 I Places  : ?: Couldn't find platform key file.
07-01 12:52:50.825  3739 15161 E PlaceStateUpdater: Received no places
07-01 12:52:50.827  3739  7997 I MicroRecognitionRunner: Starting detection.
07-01 12:52:50.828  3739 16522 I MicrophoneInputStream: mic_starting  SR : 16000 CC : 16 SO : 6
07-01 12:52:50.829  1654  1704 E         : Request requires android.permission.RECORD_AUDIO
07-01 12:52:50.830  1654  1704 E AudioPolicyIntefaceImpl: getInputForAttr permission denied: recording not allowed for uid 10041 pid 3739
07-01 12:52:50.830  1654  1704 E AudioFlinger: createRecord() checkRecordThread_l failed
07-01 12:52:50.831  3739 16522 E IAudioFlinger: createRecord returned error -22
07-01 12:52:50.831  3739 16522 E AudioRecord: AudioFlinger could not create record track, status: -22
07-01 12:52:50.831  3739 16522 E AudioRecord-JNI: Error creating AudioRecord instance: initialization check failed with status -22.
07-01 12:52:50.832  3739 16522 E android.media.AudioRecord: Error code -20 when initializing native AudioRecord object.
07-01 12:52:50.832  3739 16522 I MicrophoneInputStream: mic_started  SR : 16000 CC : 16 SO : 6
07-01 12:52:50.833  3739 16522 E ActivityThread: Failed to find provider info for com.google.android.apps.gsa.testing.ui.audio.recorded
07-01 12:52:50.834  3739 16522 I MicrophoneInputStream: mic_close  SR : 16000 CC : 16 SO : 6
07-01 12:52:50.835  3739  7997 I MicroRecognitionRunner: Detection finished
07-01 12:52:50.837  3739  7997 W ErrorReporter: reportError [type: 211, code: 524300]: Error reading from input stream
07-01 12:52:50.838  3739  3963 I MicroRecognitionRunner: Stopping hotword detection.
07-01 12:52:50.838  3739  7997 W ErrorProcessor: onFatalError, processing error from engine(4)
07-01 12:52:50.838  3739  7997 W ErrorProcessor: com.google.android.apps.gsa.shared.speech.b.g: Error reading from input stream
07-01 12:52:50.838  3739  7997 W ErrorProcessor: 	at com.google.android.apps.gsa.staticplugins.microdetection.d.k.a(SourceFile:91)
07-01 12:52:50.838  3739  7997 W ErrorProcessor: 	at com.google.android.apps.gsa.staticplugins.microdetection.d.l.run(Unknown Source:14)
07-01 12:52:50.838  3739  7997 W ErrorProcessor: 	at com.google.android.libraries.gsa.runner.a.a.b(SourceFile:32)
07-01 12:52:50.838  3739  7997 W ErrorProcessor: 	at com.google.android.libraries.gsa.runner.a.c.call(Unknown Source:4)
07-01 12:52:50.838  3739  7997 W ErrorProcessor: 	at java.util.concurrent.FutureTask.run(FutureTask.java:266)
07-01 12:52:50.838  3739  7997 W ErrorProcessor: 	at java.util.concurrent.Executors$RunnableAdapter.call(Executors.java:458)
07-01 12:52:50.838  3739  7997 W ErrorProcessor: 	at java.util.concurrent.FutureTask.run(FutureTask.java:266)
07-01 12:52:50.838  3739  7997 W ErrorProcessor: 	at com.google.android.apps.gsa.shared.util.concurrent.b.g.run(Unknown Source:4)
07-01 12:52:50.838  3739  7997 W ErrorProcessor: 	at com.google.android.apps.gsa.shared.util.concurrent.b.aw.run(SourceFile:4)
07-01 12:52:50.838  3739  7997 W ErrorProcessor: 	at com.google.android.apps.gsa.shared.util.concurrent.b.aw.run(SourceFile:4)
07-01 12:52:50.838  3739  7997 W ErrorProcessor: 	at java.util.concurrent.ThreadPoolExecutor.runWorker(ThreadPoolExecutor.java:1167)
07-01 12:52:50.838  3739  7997 W ErrorProcessor: 	at java.util.concurrent.ThreadPoolExecutor$Worker.run(ThreadPoolExecutor.java:641)
07-01 12:52:50.838  3739  7997 W ErrorProcessor: 	at java.lang.Thread.run(Thread.java:764)
07-01 12:52:50.838  3739  7997 W ErrorProcessor: 	at com.google.android.apps.gsa.shared.util.concurrent.b.i.run(SourceFile:6)
07-01 12:52:50.838  3739  7997 W ErrorProcessor: Caused by: com.google.android.apps.gsa.shared.exception.GsaIOException: Error code: 393238 | Buffer overflow, no available space.
07-01 12:52:50.838  3739  7997 W ErrorProcessor: 	at com.google.android.apps.gsa.speech.audio.Tee.j(SourceFile:103)
07-01 12:52:50.838  3739  7997 W ErrorProcessor: 	at com.google.android.apps.gsa.speech.audio.au.read(SourceFile:2)
07-01 12:52:50.838  3739  7997 W ErrorProcessor: 	at java.io.InputStream.read(InputStream.java:101)
07-01 12:52:50.838  3739  7997 W ErrorProcessor: 	at com.google.android.apps.gsa.speech.audio.ao.run(SourceFile:17)
07-01 12:52:50.838  3739  7997 W ErrorProcessor: 	at com.google.android.apps.gsa.speech.audio.an.run(SourceFile:2)
07-01 12:52:50.838  3739  7997 W ErrorProcessor: 	at java.util.concurrent.Executors$RunnableAdapter.call(Executors.java:458)
07-01 12:52:50.838  3739  7997 W ErrorProcessor: 	... 10 more
07-01 12:52:50.839  3739  7997 I AudioController: internalShutdown
07-01 12:52:50.841  2067  3180 W Conscrypt: Could not set socket write timeout: java.net.SocketException: Socket closed
07-01 12:52:50.841  2067  3180 W Conscrypt: 	at com.google.android.gms.org.conscrypt.Platform.setSocketWriteTimeout(:com.google.android.gms@16089022@16.0.89 (040700-239467275):2)
07-01 12:52:50.841  2067  3180 W Conscrypt: 	at com.google.android.gms.org.conscrypt.ConscryptFileDescriptorSocket.setSoWriteTimeout(:com.google.android.gms@16089022@16.0.89 (040700-239467275):2)
07-01 12:52:50.843  3739  3739 I MicroDetectionWorker: onReady
07-01 12:52:50.845  2067  3182 W Conscrypt: Could not set socket write timeout: java.net.SocketException: Socket closed
07-01 12:52:50.845  2067  3182 W Conscrypt: 	at com.google.android.gms.org.conscrypt.Platform.setSocketWriteTimeout(:com.google.android.gms@16089022@16.0.89 (040700-239467275):2)
07-01 12:52:50.845  2067  3182 W Conscrypt: 	at com.google.android.gms.org.conscrypt.ConscryptFileDescriptorSocket.setSoWriteTimeout(:com.google.android.gms@16089022@16.0.89 (040700-239467275):2)
07-01 12:52:50.859  3739  3739 I MicroDetector: Keeping mic open: false
07-01 12:52:50.860  3739  3739 I MicroDetectionWorker: #onError(false)
07-01 12:52:50.860  3739 17637 I DeviceStateChecker: DeviceStateChecker cancelled
07-01 12:52:50.861  2067  3182 W Conscrypt: Could not set socket write timeout: java.net.SocketException: Socket closed
07-01 12:52:50.861  2067  3182 W Conscrypt: 	at com.google.android.gms.org.conscrypt.Platform.setSocketWriteTimeout(:com.google.android.gms@16089022@16.0.89 (040700-239467275):2)
07-01 12:52:50.862  2067  3182 W Conscrypt: 	at com.google.android.gms.org.conscrypt.ConscryptFileDescriptorSocket.setSoWriteTimeout(:com.google.android.gms@16089022@16.0.89 (040700-239467275):2)
07-01 12:52:50.863  2067  3180 W Conscrypt: Could not set socket write timeout: java.net.SocketException: Socket closed
07-01 12:52:50.863  2067  3180 W Conscrypt: 	at com.google.android.gms.org.conscrypt.Platform.setSocketWriteTimeout(:com.google.android.gms@16089022@16.0.89 (040700-239467275):2)
07-01 12:52:50.864  2067  3180 W Conscrypt: 	at com.google.android.gms.org.conscrypt.ConscryptFileDescriptorSocket.setSoWriteTimeout(:com.google.android.gms@16089022@16.0.89 (040700-239467275):2)
07-01 12:52:50.865  3739 12006 E PlaceStateUpdater: Received no places
07-01 12:52:50.884  2067  3180 E Volley  : [78] BasicNetwork.performRequest: Unexpected response code 429 for https://www.googleapis.com/placesandroid/v1/getPlaceInferenceModelWeights?key=AIzaSyAP-gfH3qvi6vgHZbSYwQ_XHqV_mXHhzIk
07-01 12:52:50.886  2067  3182 E Volley  : [80] BasicNetwork.performRequest: Unexpected response code 429 for https://www.googleapis.com/placesandroid/v1/getPlaceInferenceModels?key=AIzaSyAP-gfH3qvi6vgHZbSYwQ_XHqV_mXHhzIk
07-01 12:52:50.889  2067  3420 W Places  : ?: Failed to download inference model weights PlacesServer
07-01 12:52:50.889  2067  3420 W Places  : com.android.volley.ClientError
07-01 12:52:50.889  2067  3420 W Places  : 	at com.android.volley.toolbox.BasicNetwork.performRequest(:com.google.android.gms@16089022@16.0.89 (040700-239467275):50)
07-01 12:52:50.889  2067  3420 W Places  : 	at rkj.performRequest(:com.google.android.gms@16089022@16.0.89 (040700-239467275):13)
07-01 12:52:50.889  2067  3420 W Places  : 	at com.android.volley.NetworkDispatcher.a(:com.google.android.gms@16089022@16.0.89 (040700-239467275):7)
07-01 12:52:50.889  2067  3420 W Places  : 	at com.android.volley.NetworkDispatcher.run(:com.google.android.gms@16089022@16.0.89 (040700-239467275):2)
07-01 12:52:50.890  2067  3420 W PlaceInferenceEngine: Failed to download model weights. Status code: 7
07-01 12:52:50.892  2067 18687 I Places  : ?: Couldn't find platform key file.
07-01 12:52:50.897  2067  3420 W Places  : ?: Failed to download placeinfos
07-01 12:52:50.897  2067  3420 W Places  : com.android.volley.ClientError
07-01 12:52:50.897  2067  3420 W Places  : 	at com.android.volley.toolbox.BasicNetwork.performRequest(:com.google.android.gms@16089022@16.0.89 (040700-239467275):50)
07-01 12:52:50.897  2067  3420 W Places  : 	at rkj.performRequest(:com.google.android.gms@16089022@16.0.89 (040700-239467275):13)
07-01 12:52:50.897  2067  3420 W Places  : 	at com.android.volley.NetworkDispatcher.a(:com.google.android.gms@16089022@16.0.89 (040700-239467275):7)
07-01 12:52:50.897  2067  3420 W Places  : 	at com.android.volley.NetworkDispatcher.run(:com.google.android.gms@16089022@16.0.89 (040700-239467275):2)
07-01 12:52:50.898  2067 18687 I Places  : ?: Couldn't find platform key file.
07-01 12:52:50.899  2067 16525 I Places  : ?: Couldn't find platform key file.
07-01 12:52:50.904  3739  8924 E PlaceStateUpdater: Received no places
07-01 12:52:50.962  1930  3617 I GnssLocationProvider: WakeLock acquired by sendMessage(REPORT_SV_STATUS, 0, com.android.server.location.GnssLocationProvider$SvStatusInfo@bfea750)
07-01 12:52:50.963  1930  1943 I GnssLocationProvider: WakeLock released by handleMessage(REPORT_SV_STATUS, 0, com.android.server.location.GnssLocationProvider$SvStatusInfo@bfea750)
07-01 12:52:50.965  1930  3617 I GnssLocationProvider: WakeLock acquired by sendMessage(REPORT_LOCATION, 1, Location[gps 37.421998,-122.084000 hAcc=20 et=?!? alt=5.0 vel=0.0 bear=0.0 vAcc=??? sAcc=??? bAcc=???])
07-01 12:52:50.967  1930  1943 I GnssLocationProvider: WakeLock released by handleMessage(REPORT_LOCATION, 1, Location[gps 37.421998,-122.084000 hAcc=20 et=+1h53m56s162ms alt=5.0 vel=0.0 bear=0.0 vAcc=??? sAcc=??? bAcc=??? {Bundle[{satellites=0, maxCn0=0, meanCn0=0}]}])
07-01 12:52:50.972  2067 17642 I Places  : ?: Couldn't find platform key file.
07-01 12:52:50.974  2067 17641 I Places  : ?: Couldn't find platform key file.
07-01 12:52:51.026  2067  3420 I Places  : ?: PlacesBleScanner start() with priority 2
07-01 12:52:51.027  2067  3420 I PlaceInferenceEngine: [anon] Changed inference mode: 1
07-01 12:52:51.037  2067  3420 I Places  : Converted 0 out of 1 WiFi scans
07-01 12:52:51.049  2067 17641 I Places  : ?: Couldn't find platform key file.
07-01 12:52:51.049  2067 17641 I Places  : ?: Couldn't find platform key file.
07-01 12:52:51.051  2067 18693 I Places  : ?: Couldn't find platform key file.
07-01 12:52:51.051  2067 18687 I Places  : ?: Couldn't find platform key file.
07-01 12:52:51.059  2067  3181 I GCM.HTTP: Last HTTP status code for blocked entry: 429
07-01 12:52:51.059  2067  3181 W GCM.HTTP: HTTP request blocked due to automatic backoff: https://www.googleapis.com/placesandroid/v1/getPlaceInferenceModelWeights?key=AIzaSyAP-gfH3qvi6vgHZbSYwQ_XHqV_mXHhzIk
07-01 12:52:51.060  2067  3181 W GoogleURLConnFactory: Blocked by temporary_blocked2: https://www.googleapis.com/placesandroid/v1/getPlaceInferenceModelWeights?key=AIzaSyAP-gfH3qvi6vgHZbSYwQ_XHqV_mXHhzIk
07-01 12:52:51.068  2067  3420 I PlaceInferenceEngine: [anon] Changed inference mode: 1
07-01 12:52:51.068  2067  3420 I PlaceInferenceEngine: Too few candidate results: percentageOfMissingArea 100
07-01 12:52:51.073  2067  3420 W Places  : ?: Failed to download inference model weights PlacesServer
07-01 12:52:51.073  2067  3420 W Places  : com.android.volley.NoConnectionError: abbl: Blocked by rule: temporary_blocked2
07-01 12:52:51.073  2067  3420 W Places  : 	at com.android.volley.toolbox.BasicNetwork.performRequest(:com.google.android.gms@16089022@16.0.89 (040700-239467275):46)
07-01 12:52:51.073  2067  3420 W Places  : 	at rkj.performRequest(:com.google.android.gms@16089022@16.0.89 (040700-239467275):13)
07-01 12:52:51.073  2067  3420 W Places  : 	at com.android.volley.NetworkDispatcher.a(:com.google.android.gms@16089022@16.0.89 (040700-239467275):7)
07-01 12:52:51.073  2067  3420 W Places  : 	at com.android.volley.NetworkDispatcher.run(:com.google.android.gms@16089022@16.0.89 (040700-239467275):2)
07-01 12:52:51.073  2067  3420 W Places  : Caused by: abbl: Blocked by rule: temporary_blocked2
07-01 12:52:51.073  2067  3420 W Places  : 	at abbr.a(:com.google.android.gms@16089022@16.0.89 (040700-239467275):4)
07-01 12:52:51.073  2067  3420 W Places  : 	at abbg.a(:com.google.android.gms@16089022@16.0.89 (040700-239467275):6)
07-01 12:52:51.073  2067  3420 W Places  : 	at abbn.a(Unknown Source:3)
07-01 12:52:51.073  2067  3420 W Places  : 	at abbg.a(:com.google.android.gms@16089022@16.0.89 (040700-239467275):16)
07-01 12:52:51.073  2067  3420 W Places  : 	at abbg.execute(:com.google.android.gms@16089022@16.0.89 (040700-239467275):8)
07-01 12:52:51.073  2067  3420 W Places  : 	at abbg.execute(:com.google.android.gms@16089022@16.0.89 (040700-239467275):7)
07-01 12:52:51.073  2067  3420 W Places  : 	at com.android.volley.toolbox.HttpClientStack.performRequest(:com.google.android.gms@16089022@16.0.89 (040700-239467275):10)
07-01 12:52:51.073  2067  3420 W Places  : 	at rki.performRequest(:com.google.android.gms@16089022@16.0.89 (040700-239467275):1)
07-01 12:52:51.073  2067  3420 W Places  : 	at bry.executeRequest(:com.google.android.gms@16089022@16.0.89 (040700-239467275):1)
07-01 12:52:51.073  2067  3420 W Places  : 	at com.android.volley.toolbox.BasicNetwork.performRequest(:com.google.android.gms@16089022@16.0.89 (040700-239467275):10)
07-01 12:52:51.073  2067  3420 W Places  : 	... 3 more
07-01 12:52:51.073  2067  3420 W PlaceInferenceEngine: Failed to download model weights. Status code: 7
07-01 12:52:51.074  2067 16525 I Places  : ?: Couldn't find platform key file.
07-01 12:52:51.078  2067 18693 I Places  : ?: Couldn't find platform key file.
07-01 12:52:51.078  2067 18692 I Places  : ?: Couldn't find platform key file.
07-01 12:52:51.081  2067 17642 I Places  : ?: Couldn't find platform key file.
07-01 12:52:51.083  2067  3178 I GCM.HTTP: Last HTTP status code for blocked entry: 429
07-01 12:52:51.083  2067  3178 W GCM.HTTP: HTTP request blocked due to automatic backoff: https://www.googleapis.com/placesandroid/v1/getPlaceInferenceModels?key=AIzaSyAP-gfH3qvi6vgHZbSYwQ_XHqV_mXHhzIk
07-01 12:52:51.083  2067  3178 W GoogleURLConnFactory: Blocked by temporary_blocked2: https://www.googleapis.com/placesandroid/v1/getPlaceInferenceModels?key=AIzaSyAP-gfH3qvi6vgHZbSYwQ_XHqV_mXHhzIk
07-01 12:52:51.086  2067 18687 I Places  : ?: Couldn't find platform key file.
07-01 12:52:51.092  2067  3420 W Places  : ?: Failed to download placeinfos
07-01 12:52:51.092  2067  3420 W Places  : com.android.volley.NoConnectionError: abbl: Blocked by rule: temporary_blocked2
07-01 12:52:51.092  2067  3420 W Places  : 	at com.android.volley.toolbox.BasicNetwork.performRequest(:com.google.android.gms@16089022@16.0.89 (040700-239467275):46)
07-01 12:52:51.092  2067  3420 W Places  : 	at rkj.performRequest(:com.google.android.gms@16089022@16.0.89 (040700-239467275):13)
07-01 12:52:51.092  2067  3420 W Places  : 	at com.android.volley.NetworkDispatcher.a(:com.google.android.gms@16089022@16.0.89 (040700-239467275):7)
07-01 12:52:51.092  2067  3420 W Places  : 	at com.android.volley.NetworkDispatcher.run(:com.google.android.gms@16089022@16.0.89 (040700-239467275):2)
07-01 12:52:51.092  2067  3420 W Places  : Caused by: abbl: Blocked by rule: temporary_blocked2
07-01 12:52:51.092  2067  3420 W Places  : 	at abbr.a(:com.google.android.gms@16089022@16.0.89 (040700-239467275):4)
07-01 12:52:51.092  2067  3420 W Places  : 	at abbg.a(:com.google.android.gms@16089022@16.0.89 (040700-239467275):6)
07-01 12:52:51.092  2067  3420 W Places  : 	at abbn.a(Unknown Source:3)
07-01 12:52:51.092  2067  3420 W Places  : 	at abbg.a(:com.google.android.gms@16089022@16.0.89 (040700-239467275):16)
07-01 12:52:51.092  2067  3420 W Places  : 	at abbg.execute(:com.google.android.gms@16089022@16.0.89 (040700-239467275):8)
07-01 12:52:51.092  2067  3420 W Places  : 	at abbg.execute(:com.google.android.gms@16089022@16.0.89 (040700-239467275):7)
07-01 12:52:51.092  2067  3420 W Places  : 	at com.android.volley.toolbox.HttpClientStack.performRequest(:com.google.android.gms@16089022@16.0.89 (040700-239467275):10)
07-01 12:52:51.092  2067  3420 W Places  : 	at rki.performRequest(:com.google.android.gms@16089022@16.0.89 (040700-239467275):1)
07-01 12:52:51.092  2067  3420 W Places  : 	at bry.executeRequest(:com.google.android.gms@16089022@16.0.89 (040700-239467275):1)
07-01 12:52:51.092  2067  3420 W Places  : 	at com.android.volley.toolbox.BasicNetwork.performRequest(:com.google.android.gms@16089022@16.0.89 (040700-239467275):10)
07-01 12:52:51.092  2067  3420 W Places  : 	... 3 more
07-01 12:52:51.095  2067 17642 I Places  : ?: Couldn't find platform key file.
07-01 12:52:51.095  2458 16592 I EventLogChimeraService: Aggregate from 1656692732018 (log), 1656692732018 (data)
07-01 12:52:51.106  3739  8924 E PlaceStateUpdater: Received no places
07-01 12:52:51.236  1930  1944 W BroadcastQueue: Background execution not allowed: receiving Intent { act=android.intent.action.DROPBOX_ENTRY_ADDED flg=0x10 (has extras) } to com.google.android.gms/.stats.service.DropBoxEntryAddedReceiver
07-01 12:52:51.237  1930  1944 W BroadcastQueue: Background execution not allowed: receiving Intent { act=android.intent.action.DROPBOX_ENTRY_ADDED flg=0x10 (has extras) } to com.google.android.gms/.chimera.GmsIntentOperationService$PersistentTrustedReceiver
07-01 12:52:51.969  1930  3617 I GnssLocationProvider: WakeLock acquired by sendMessage(REPORT_SV_STATUS, 0, com.android.server.location.GnssLocationProvider$SvStatusInfo@36ee7f1)
07-01 12:52:51.970  1930  1983 I GnssLocationProvider: WakeLock acquired by sendMessage(REPORT_LOCATION, 1, Location[gps 37.421998,-122.084000 hAcc=20 et=?!? alt=5.0 vel=0.0 bear=0.0 vAcc=??? sAcc=??? bAcc=???])
07-01 12:52:51.970  1930  1943 I GnssLocationProvider: WakeLock released by handleMessage(REPORT_SV_STATUS, 0, com.android.server.location.GnssLocationProvider$SvStatusInfo@36ee7f1)
07-01 12:52:51.974  1930  1943 I GnssLocationProvider: WakeLock released by handleMessage(REPORT_LOCATION, 1, Location[gps 37.421998,-122.084000 hAcc=20 et=+1h53m57s168ms alt=5.0 vel=0.0 bear=0.0 vAcc=??? sAcc=??? bAcc=??? {Bundle[{satellites=0, maxCn0=0, meanCn0=0}]}])
07-01 12:52:51.980  2067  3420 I Places  : Converted 0 out of 1 WiFi scans
07-01 12:52:51.990  2067 18687 I Places  : ?: Couldn't find platform key file.
07-01 12:52:51.990  2067 18687 I Places  : ?: Couldn't find platform key file.
07-01 12:52:51.991  2067 16525 I Places  : ?: Couldn't find platform key file.
07-01 12:52:51.992  2067 16525 I Places  : ?: Couldn't find platform key file.
07-01 12:52:51.994  2067  3180 I GCM.HTTP: Last HTTP status code for blocked entry: 429
07-01 12:52:51.994  2067  3180 W GCM.HTTP: HTTP request blocked due to automatic backoff: https://www.googleapis.com/placesandroid/v1/getPlaceInferenceModelWeights?key=AIzaSyAP-gfH3qvi6vgHZbSYwQ_XHqV_mXHhzIk
07-01 12:52:51.994  2067  3180 W GoogleURLConnFactory: Blocked by temporary_blocked2: https://www.googleapis.com/placesandroid/v1/getPlaceInferenceModelWeights?key=AIzaSyAP-gfH3qvi6vgHZbSYwQ_XHqV_mXHhzIk
07-01 12:52:51.996  2067  3420 W Places  : ?: Failed to download inference model weights PlacesServer
07-01 12:52:51.996  2067  3420 W Places  : com.android.volley.NoConnectionError: abbl: Blocked by rule: temporary_blocked2
07-01 12:52:51.996  2067  3420 W Places  : 	at com.android.volley.toolbox.BasicNetwork.performRequest(:com.google.android.gms@16089022@16.0.89 (040700-239467275):46)
07-01 12:52:51.996  2067  3420 W Places  : 	at rkj.performRequest(:com.google.android.gms@16089022@16.0.89 (040700-239467275):13)
07-01 12:52:51.996  2067  3420 W Places  : 	at com.android.volley.NetworkDispatcher.a(:com.google.android.gms@16089022@16.0.89 (040700-239467275):7)
07-01 12:52:51.996  2067  3420 W Places  : 	at com.android.volley.NetworkDispatcher.run(:com.google.android.gms@16089022@16.0.89 (040700-239467275):2)
07-01 12:52:51.996  2067  3420 W Places  : Caused by: abbl: Blocked by rule: temporary_blocked2
07-01 12:52:51.996  2067  3420 W Places  : 	at abbr.a(:com.google.android.gms@16089022@16.0.89 (040700-239467275):4)
07-01 12:52:51.996  2067  3420 W Places  : 	at abbg.a(:com.google.android.gms@16089022@16.0.89 (040700-239467275):6)
07-01 12:52:51.996  2067  3420 W Places  : 	at abbn.a(Unknown Source:3)
07-01 12:52:51.996  2067  3420 W Places  : 	at abbg.a(:com.google.android.gms@16089022@16.0.89 (040700-239467275):16)
07-01 12:52:51.996  2067  3420 W Places  : 	at abbg.execute(:com.google.android.gms@16089022@16.0.89 (040700-239467275):8)
07-01 12:52:51.996  2067  3420 W Places  : 	at abbg.execute(:com.google.android.gms@16089022@16.0.89 (040700-239467275):7)
07-01 12:52:51.996  2067  3420 W Places  : 	at com.android.volley.toolbox.HttpClientStack.performRequest(:com.google.android.gms@16089022@16.0.89 (040700-239467275):10)
07-01 12:52:51.996  2067  3420 W Places  : 	at rki.performRequest(:com.google.android.gms@16089022@16.0.89 (040700-239467275):1)
07-01 12:52:51.996  2067  3420 W Places  : 	at bry.executeRequest(:com.google.android.gms@16089022@16.0.89 (040700-239467275):1)
07-01 12:52:51.996  2067  3420 W Places  : 	at com.android.volley.toolbox.BasicNetwork.performRequest(:com.google.android.gms@16089022@16.0.89 (040700-239467275):10)
07-01 12:52:51.996  2067  3420 W Places  : 	... 3 more
07-01 12:52:51.996  2067  3420 W PlaceInferenceEngine: Failed to download model weights. Status code: 7
07-01 12:52:51.997  2067 17642 I Places  : ?: Couldn't find platform key file.
07-01 12:52:52.000  2067  3420 I PlaceInferenceEngine: Too few candidate results: percentageOfMissingArea 100
07-01 12:52:52.001  2067 16525 I Places  : ?: Couldn't find platform key file.
07-01 12:52:52.002  2067 18692 I Places  : ?: Couldn't find platform key file.
07-01 12:52:52.012  2067 17642 I Places  : ?: Couldn't find platform key file.
07-01 12:52:52.971  1930  3617 I GnssLocationProvider: WakeLock acquired by sendMessage(REPORT_SV_STATUS, 0, com.android.server.location.GnssLocationProvider$SvStatusInfo@64a5fd6)
07-01 12:52:52.973  1930  3617 I GnssLocationProvider: WakeLock acquired by sendMessage(REPORT_LOCATION, 1, Location[gps 37.421998,-122.084000 hAcc=20 et=?!? alt=5.0 vel=0.0 bear=0.0 vAcc=??? sAcc=??? bAcc=???])
07-01 12:52:52.973  1930  1943 I GnssLocationProvider: WakeLock released by handleMessage(REPORT_SV_STATUS, 0, com.android.server.location.GnssLocationProvider$SvStatusInfo@64a5fd6)
07-01 12:52:52.975  1930  1943 I GnssLocationProvider: WakeLock released by handleMessage(REPORT_LOCATION, 1, Location[gps 37.421998,-122.084000 hAcc=20 et=+1h53m58s170ms alt=5.0 vel=0.0 bear=0.0 vAcc=??? sAcc=??? bAcc=??? {Bundle[{satellites=0, maxCn0=0, meanCn0=0}]}])
07-01 12:52:52.985  1930  3677 I GnssLocationProvider: WakeLock acquired by sendMessage(SET_REQUEST, 0, com.android.server.location.GnssLocationProvider$GpsRequest@c623257)
07-01 12:52:52.986  1930  3617 I GnssLocationProvider: WakeLock acquired by sendMessage(REPORT_SV_STATUS, 0, com.android.server.location.GnssLocationProvider$SvStatusInfo@7702144)
07-01 12:52:52.986  1930  1943 I GnssLocationProvider: WakeLock released by handleMessage(SET_REQUEST, 0, com.android.server.location.GnssLocationProvider$GpsRequest@c623257)
07-01 12:52:52.987  1930  1943 I GnssLocationProvider: WakeLock released by handleMessage(REPORT_SV_STATUS, 0, com.android.server.location.GnssLocationProvider$SvStatusInfo@7702144)
07-01 12:52:53.510  1930  2050 E TaskPersister: File error accessing recents directory (directory doesn't exist?).
07-01 12:52:53.725  1930  1944 I ActivityManager: Force stopping com.fieldbook.tracker appid=10094 user=-1: deletePackageX
07-01 12:52:53.801  1779  1779 I keystore: clear_uid 10094
07-01 12:52:53.838  1930  1957 I system_server: Explicit concurrent copying GC freed 22509(1022KB) AllocSpace objects, 9(308KB) LOS objects, 38% free, 9MB/15MB, paused 1.251ms total 36.077ms
07-01 12:52:53.846  1930  1957 I ActivityManager: Force stopping com.fieldbook.tracker appid=10094 user=0: pkg removed
07-01 12:52:53.866  5363  5363 I Finsky  : [2] ycb.d(13): PackageMonitorReceiverImpl - Received: android.intent.action.PACKAGE_REMOVED, [_BsfYayFcfExtAkLqusgXrE82dJ5cFyNKuTPLaTdJgs]
07-01 12:52:53.866  5363  5363 I Finsky  : [2] ydc.g(1): Invalidating cached PackageState for com.fieldbook.tracker
07-01 12:52:53.872  3014  3014 I GoogleInputMethod: onFinishInput() : Dummy InputConnection bound
07-01 12:52:53.872  3014  3014 I GoogleInputMethod: onStartInput() : Dummy InputConnection bound
07-01 12:52:53.874  1930  1944 W BroadcastQueue: Background execution not allowed: receiving Intent { act=android.intent.action.PACKAGE_REMOVED dat=package:com.fieldbook.tracker flg=0x4000010 (has extras) } to com.android.musicfx/.Compatibility$Receiver
07-01 12:52:53.874  5363  5363 I Finsky  : [2] ydc.p(3): Package no longer installed: com.fieldbook.tracker
07-01 12:52:53.876  5363  5363 I Finsky  : [2] qlq.s(2): Installer: package com.fieldbook.tracker was removed. replacing: false
07-01 12:52:53.880  1930  1944 W BroadcastQueue: Background execution not allowed: receiving Intent { act=android.intent.action.PACKAGE_REMOVED dat=package:com.fieldbook.tracker flg=0x4000010 (has extras) } to com.android.vending/com.google.android.finsky.packagemanager.impl.PackageMonitorReceiverImpl$RegisteredReceiver
07-01 12:52:53.882  5363  5363 I Finsky  : [2] qmo.L(12): Installer: Notifying status update. package=com.fieldbook.tracker, status=UNINSTALLED
07-01 12:52:53.884  5363  5363 I Finsky  : [2] alxk.a(3): Do not start WearSupportService due to Wear service optimization
07-01 12:52:53.885  5363  5363 I Finsky  : [2] alxk.a(3): Do not start WearSupportService due to Wear service optimization
07-01 12:52:53.885  1930  1999 I InputReader: Reconfiguring input devices.  changes=0x00000010
07-01 12:52:53.887  5363  5363 I Finsky  : [2] adxl.a(8): Clearing split related stale data.
07-01 12:52:53.887  5363  5363 I Finsky  : [2] ydc.p(3): Package no longer installed: com.fieldbook.tracker
07-01 12:52:53.889  1646  1694 D gralloc_ranchu: gralloc_alloc: Creating ashmem region of size 8298496
07-01 12:52:53.888  5363 18722 I Finsky  : [646] gvx.a(12): Asset module storage cleared for package com.fieldbook.tracker.
07-01 12:52:53.895  4291  4291 E CarrierServices: [2] btx.a: Invalid signature found for com.android.contacts: 18B66F4996F3D01CEAD29D3A3AA81801E7950B82
07-01 12:52:53.904  7513  7513 W GrantPermissionsActivity: com.fieldbook.tracker was uninstalled
07-01 12:52:53.907  4291  4291 E CarrierServices: [2] btx.a: Invalid signature found for com.android.contacts: 18B66F4996F3D01CEAD29D3A3AA81801E7950B82
07-01 12:52:53.911  1930  1944 W BroadcastQueue: Background execution not allowed: receiving Intent { act=android.intent.action.PACKAGE_REMOVED dat=package:com.fieldbook.tracker flg=0x4000010 (has extras) } to com.android.vending/com.google.android.finsky.instantapps.appmanagement.InstantAppRemoveMonitor
07-01 12:52:53.919  3739  3739 I MicroDetectionWorker: #startMicroDetector [speakerMode: 0]
07-01 12:52:53.919  3739  3739 I AudioController: Using mInputStreamFactoryBuilder
07-01 12:52:53.920  3739  3739 I AudioController: Created new AudioSource
07-01 12:52:53.920  1930  1944 W BroadcastQueue: Background execution not allowed: receiving Intent { act=android.intent.action.PACKAGE_REMOVED dat=package:com.fieldbook.tracker flg=0x4000010 (has extras) } to com.google.android.gms/.games.chimera.GamesSystemBroadcastReceiverProxy
07-01 12:52:53.921  1930  2050 E TaskPersister: File error accessing recents directory (directory doesn't exist?).
07-01 12:52:53.923  2067  2067 I GeofencerStateMachine: removeGeofences: removeRequest=RemoveGeofencingRequest[REMOVE_ALL packageName=com.fieldbook.tracker]
07-01 12:52:53.924  1930  1944 W BroadcastQueue: Background execution not allowed: receiving Intent { act=android.intent.action.PACKAGE_REMOVED dat=package:com.fieldbook.tracker flg=0x4000010 (has extras) } to com.google.android.gms/.photos.autobackup.PhotosAppUninstalledReceiver
07-01 12:52:53.924  1930  1944 W BroadcastQueue: Background execution not allowed: receiving Intent { act=android.intent.action.PACKAGE_REMOVED dat=package:com.fieldbook.tracker flg=0x4000010 (has extras) } to com.google.android.gms/.chimera.GmsIntentOperationService$PersistentTrustedReceiver
07-01 12:52:53.924  1930  1944 W BroadcastQueue: Background execution not allowed: receiving Intent { act=android.intent.action.PACKAGE_REMOVED dat=package:com.fieldbook.tracker flg=0x4000010 (has extras) } to com.google.android.googlequicksearchbox/com.google.android.apps.gsa.googlequicksearchbox.GelStubAppWatcher
07-01 12:52:53.926  5363  5363 I Finsky  : [2] qmo.O(7): Installer: found apps to install. isMultiUserMode=false, apps=[]
07-01 12:52:53.932  3739  3739 I MicroDetectionWorker: onReady
07-01 12:52:53.933  1930  3359 W ActivityManager: Finishing task with all activities already finished
07-01 12:52:53.933  1930  3359 W ActivityManager: Duplicate finish request for ActivityRecord{dbc0161 u0 com.google.android.packageinstaller/com.android.packageinstaller.permission.ui.GrantPermissionsActivity t24 f}
07-01 12:52:53.933  7513  7530 D EGL_emulation: eglMakeCurrent: 0xdf5d0b00: ver 3 0 (tinfo 0xe01fb380)
07-01 12:52:53.948  1930  1930 I ConditionProviders: Disallowing condition provider com.fieldbook.tracker
07-01 12:52:53.963  2167  2167 D CarrierSvcBindHelper: No carrier app for: 0
07-01 12:52:53.963  2458 17873 I ContentMaintenance: Internal cache bytes used: 0; limit: 100000000; download size: 0
07-01 12:52:53.976  1930  3617 I GnssLocationProvider: WakeLock acquired by sendMessage(REPORT_SV_STATUS, 0, com.android.server.location.GnssLocationProvider$SvStatusInfo@15fa16c)
07-01 12:52:53.980  5363 18727 W Finsky  : [651] qxt.call(45): Cannot find installStatus. Using status from installer: status=# qqo@fec814cc
07-01 12:52:53.980  5363 18727 I Finsky  : [651] rab.C(2): IQ: Notifying installation update. package=com.fieldbook.tracker, status=UNINSTALLED
07-01 12:52:53.989  1930  2024 D WifiConfigManager: Remove all networks for app ApplicationInfo{57bf3a5 com.fieldbook.tracker}
07-01 12:52:53.996  2723  2749 I s.nexuslaunche: Waiting for a blocking GC ProfileSaver
07-01 12:52:54.000  2458 18734 W PeopleContactsSync: CP2 sync disabled by gservices.
07-01 12:52:54.000  5363 18719 I Finsky  : [644] otz.run(16): Frosting DB delete succeeded: true
