--------- beginning of main
07-01 12:50:24.535  1930  3617 I GnssLocationProvider: WakeLock acquired by sendMessage(REPORT_SV_STATUS, 0, com.android.server.location.GnssLocationProvider$SvStatusInfo@bbc4394)
07-01 12:50:24.536  1930  1943 I GnssLocationProvider: WakeLock released by handleMessage(REPORT_SV_STATUS, 0, com.android.server.location.GnssLocationProvider$SvStatusInfo@bbc4394)
07-01 12:50:25.536  1930  3617 I GnssLocationProvider: WakeLock acquired by sendMessage(REPORT_SV_STATUS, 0, com.android.server.location.GnssLocationProvider$SvStatusInfo@4380e3d)
07-01 12:50:25.538  1930  1943 I GnssLocationProvider: WakeLock released by handleMessage(REPORT_SV_STATUS, 0, com.android.server.location.GnssLocationProvider$SvStatusInfo@4380e3d)
07-01 12:50:25.596  3739  3739 I MicroDetectionWorker: #startMicroDetector [speakerMode: 0]
07-01 12:50:25.597  3739  3739 I AudioController: Using mInputStreamFactoryBuilder
07-01 12:50:25.597  3739  3739 I AudioController: Created new AudioSource
07-01 12:50:25.598  3739  3739 I MicroDetectionWorker: onReady
07-01 12:50:25.608  3739 15161 I MicroRecognitionRunner: Starting detection.
07-01 12:50:25.608  3739 16521 I MicrophoneInputStream: mic_starting  SR : 16000 CC : 16 SO : 6
07-01 12:50:25.610  1654  1704 E         : Request requires android.permission.RECORD_AUDIO
07-01 12:50:25.610  1654  1704 E AudioPolicyIntefaceImpl: getInputForAttr permission denied: recording not allowed for uid 10041 pid 3739
07-01 12:50:25.610  1654  1704 E AudioFlinger: createRecord() checkRecordThread_l failed
07-01 12:50:25.610  3739 16521 E IAudioFlinger: createRecord returned error -22
07-01 12:50:25.610  3739 16521 E AudioRecord: AudioFlinger could not create record track, status: -22
07-01 12:50:25.610  3739 16521 E AudioRecord-JNI: Error creating AudioRecord instance: initialization check failed with status -22.
07-01 12:50:25.611  3739 16521 E android.media.AudioRecord: Error code -20 when initializing native AudioRecord object.
07-01 12:50:25.611  3739 16521 I MicrophoneInputStream: mic_started  SR : 16000 CC : 16 SO : 6
07-01 12:50:25.612  3739  3739 I MicroDetectionWorker: onReady
07-01 12:50:25.616  3739 16521 I MicrophoneInputStream: mic_close  SR : 16000 CC : 16 SO : 6
07-01 12:50:25.616  3739 15161 I MicroRecognitionRunner: Detection finished
07-01 12:50:25.616  3739 15161 W ErrorReporter: reportError [type: 211, code: 524300]: Error reading from input stream
07-01 12:50:25.617  3739  3963 I MicroRecognitionRunner: Stopping hotword detection.
07-01 12:50:25.617  3739 15161 W ErrorProcessor: onFatalError, processing error from engine(4)
07-01 12:50:25.617  3739 15161 W ErrorProcessor: com.google.android.apps.gsa.shared.speech.b.g: Error reading from input stream
07-01 12:50:25.617  3739 15161 W ErrorProcessor: 	at com.google.android.apps.gsa.staticplugins.microdetection.d.k.a(SourceFile:91)
07-01 12:50:25.617  3739 15161 W ErrorProcessor: 	at com.google.android.apps.gsa.staticplugins.microdetection.d.l.run(Unknown Source:14)
07-01 12:50:25.617  3739 15161 W ErrorProcessor: 	at com.google.android.libraries.gsa.runner.a.a.b(SourceFile:32)
07-01 12:50:25.617  3739 15161 W ErrorProcessor: 	at com.google.android.libraries.gsa.runner.a.c.call(Unknown Source:4)
07-01 12:50:25.617  3739 15161 W ErrorProcessor: 	at java.util.concurrent.FutureTask.run(FutureTask.java:266)
07-01 12:50:25.617  3739 15161 W ErrorProcessor: 	at java.util.concurrent.Executors$RunnableAdapter.call(Executors.java:458)
07-01 12:50:25.617  3739 15161 W ErrorProcessor: 	at java.util.concurrent.FutureTask.run(FutureTask.java:266)
07-01 12:50:25.617  3739 15161 W ErrorProcessor: 	at com.google.android.apps.gsa.shared.util.concurrent.b.g.run(Unknown Source:4)
07-01 12:50:25.617  3739 15161 W ErrorProcessor: 	at com.google.android.apps.gsa.shared.util.concurrent.b.aw.run(SourceFile:4)
07-01 12:50:25.617  3739 15161 W ErrorProcessor: 	at com.google.android.apps.gsa.shared.util.concurrent.b.aw.run(SourceFile:4)
07-01 12:50:25.617  3739 15161 W ErrorProcessor: 	at java.util.concurrent.ThreadPoolExecutor.runWorker(ThreadPoolExecutor.java:1167)
07-01 12:50:25.617  3739 15161 W ErrorProcessor: 	at java.util.concurrent.ThreadPoolExecutor$Worker.run(ThreadPoolExecutor.java:641)
07-01 12:50:25.617  3739 15161 W ErrorProcessor: 	at java.lang.Thread.run(Thread.java:764)
07-01 12:50:25.617  3739 15161 W ErrorProcessor: 	at com.google.android.apps.gsa.shared.util.concurrent.b.i.run(SourceFile:6)
07-01 12:50:25.617  3739 15161 W ErrorProcessor: Caused by: com.google.android.apps.gsa.shared.exception.GsaIOException: Error code: 393238 | Buffer overflow, no available space.
07-01 12:50:25.617  3739 15161 W ErrorProcessor: 	at com.google.android.apps.gsa.speech.audio.Tee.j(SourceFile:103)
07-01 12:50:25.617  3739 15161 W ErrorProcessor: 	at com.google.android.apps.gsa.speech.audio.au.read(SourceFile:2)
07-01 12:50:25.617  3739 15161 W ErrorProcessor: 	at java.io.InputStream.read(InputStream.java:101)
07-01 12:50:25.617  3739 15161 W ErrorProcessor: 	at com.google.android.apps.gsa.speech.audio.ao.run(SourceFile:17)
07-01 12:50:25.617  3739 15161 W ErrorProcessor: 	at com.google.android.apps.gsa.speech.audio.an.run(SourceFile:2)
07-01 12:50:25.617  3739 15161 W ErrorProcessor: 	at java.util.concurrent.Executors$RunnableAdapter.call(Executors.java:458)
07-01 12:50:25.617  3739 15161 W ErrorProcessor: 	... 10 more
07-01 12:50:25.617  3739 15161 I AudioController: internalShutdown
07-01 12:50:25.618  3739  3739 I MicroDetector: Keeping mic open: false
07-01 12:50:25.618  3739 12006 I DeviceStateChecker: DeviceStateChecker cancelled
07-01 12:50:25.618  3739  3739 I MicroDetectionWorker: #onError(false)
07-01 12:50:25.893  1930  2607 D AlarmManagerService: Kernel timezone updated to 240 minutes west of GMT
07-01 12:50:26.539  1930  3617 I GnssLocationProvider: WakeLock acquired by sendMessage(REPORT_SV_STATUS, 0, com.android.server.location.GnssLocationProvider$SvStatusInfo@62d632)
07-01 12:50:26.540  1930  1943 I GnssLocationProvider: WakeLock released by handleMessage(REPORT_SV_STATUS, 0, com.android.server.location.GnssLocationProvider$SvStatusInfo@62d632)
07-01 12:50:27.542  1930  3617 I GnssLocationProvider: WakeLock acquired by sendMessage(REPORT_SV_STATUS, 0, com.android.server.location.GnssLocationProvider$SvStatusInfo@e40500)
07-01 12:50:27.543  1930  1943 I GnssLocationProvider: WakeLock released by handleMessage(REPORT_SV_STATUS, 0, com.android.server.location.GnssLocationProvider$SvStatusInfo@e40500)
07-01 12:50:28.400  1930  1957 I PackageManager.DexOptimizer: Running dexopt (dexoptNeeded=1) on: /data/app/com.fieldbook.tracker-Avfj6GK8EUuubKIgmDr5pw==/base.apk pkg=com.fieldbook.tracker isa=x86 dexoptFlags=boot_complete,profile_guided,public,enable_hidden_api_checks targetFilter=speed-profile oatDir=/data/app/com.fieldbook.tracker-Avfj6GK8EUuubKIgmDr5pw==/oat classLoaderContext=PCL[]
07-01 12:50:28.401  1778  5350 V installed: DexInv: --- BEGIN '/data/app/com.fieldbook.tracker-Avfj6GK8EUuubKIgmDr5pw==/base.apk' ---
07-01 12:50:28.415 17821 17821 W dex2oat : Unexpected CPU variant for X86 using defaults: x86
07-01 12:50:28.416 17821 17821 W dex2oat : Mismatch between dex2oat instruction set features (ISA: X86 Feature string: -ssse3,-sse4.1,-sse4.2,-avx,-avx2,-popcnt) and those of dex2oat executable (ISA: X86 Feature string: ssse3,-sse4.1,-sse4.2,-avx,-avx2,-popcnt) for the command line:
07-01 12:50:28.416 17821 17821 W dex2oat : /system/bin/dex2oat --zip-fd=8 --zip-location=base.apk --input-vdex-fd=-1 --output-vdex-fd=10 --oat-fd=9 --oat-location=/data/app/com.fieldbook.tracker-Avfj6GK8EUuubKIgmDr5pw==/oat/x86/base.odex --instruction-set=x86 --instruction-set-variant=x86 --instruction-set-features=default --runtime-arg -Xms64m --runtime-arg -Xmx512m --compiler-filter=speed-profile --swap-fd=11 --app-image-fd=12 --image-format=lz4 --classpath-dir=/data/app/com.fieldbook.tracker-Avfj6GK8EUuubKIgmDr5pw== --class-loader-context=PCL[] --generate-mini-debug-info --compact-dex-level=none --runtime-arg -Xtarget-sdk-version:29 --runtime-arg -Xhidden-api-checks --compilation-reason=install
07-01 12:50:28.417 17821 17821 I dex2oat : /system/bin/dex2oat --input-vdex-fd=-1 --output-vdex-fd=10 --compiler-filter=speed-profile --classpath-dir=/data/app/com.fieldbook.tracker-Avfj6GK8EUuubKIgmDr5pw== --class-loader-context=PCL[] --generate-mini-debug-info --compact-dex-level=none --compilation-reason=install
07-01 12:50:28.547  1930  3617 I GnssLocationProvider: WakeLock acquired by sendMessage(REPORT_SV_STATUS, 0, com.android.server.location.GnssLocationProvider$SvStatusInfo@541b9c4)
07-01 12:50:28.547  1930  1943 I GnssLocationProvider: WakeLock released by handleMessage(REPORT_SV_STATUS, 0, com.android.server.location.GnssLocationProvider$SvStatusInfo@541b9c4)
07-01 12:50:29.023 17821 17825 W dex2oat : Accessing hidden method Landroid/content/res/Resources$Theme;->rebase()V (dark greylist, linking)
07-01 12:50:29.552  1930  3617 I GnssLocationProvider: WakeLock acquired by sendMessage(REPORT_SV_STATUS, 0, com.android.server.location.GnssLocationProvider$SvStatusInfo@52e00ad)
07-01 12:50:29.553  1930  1943 I GnssLocationProvider: WakeLock released by handleMessage(REPORT_SV_STATUS, 0, com.android.server.location.GnssLocationProvider$SvStatusInfo@52e00ad)
--------- beginning of system
07-01 12:50:25.612  3739 16521 E ActivityThread: Failed to find provider info for com.google.android.apps.gsa.testing.ui.audio.recorded
07-01 12:50:29.999  1930  1948 E BatteryExternalStatsWorker: no controller energy info supplied for wifi
07-01 12:50:30.161 17821 17821 W dex2oat : Accessing hidden method Landroid/view/View;->setTransitionVisibility(I)V (dark greylist, linking)
07-01 12:50:30.193 17821 17825 W dex2oat : Accessing hidden method Landroid/view/View;->setTransitionVisibility(I)V (dark greylist, linking)
07-01 12:50:30.554  1930  3617 I GnssLocationProvider: WakeLock acquired by sendMessage(REPORT_SV_STATUS, 0, com.android.server.location.GnssLocationProvider$SvStatusInfo@b992fe2)
07-01 12:50:30.555  1930  1943 I GnssLocationProvider: WakeLock released by handleMessage(REPORT_SV_STATUS, 0, com.android.server.location.GnssLocationProvider$SvStatusInfo@b992fe2)
07-01 12:50:30.622  3739  3739 I MicroDetectionWorker: #startMicroDetector [speakerMode: 0]
07-01 12:50:30.622  3739  3739 I AudioController: Using mInputStreamFactoryBuilder
07-01 12:50:30.622  3739  3739 I AudioController: Created new AudioSource
07-01 12:50:30.627  3739  3739 I MicroDetectionWorker: onReady
07-01 12:50:30.655  3739 12006 I MicroRecognitionRunner: Starting detection.
07-01 12:50:30.655  3739 16521 I MicrophoneInputStream: mic_starting  SR : 16000 CC : 16 SO : 6
07-01 12:50:30.657  1654  1704 E         : Request requires android.permission.RECORD_AUDIO
07-01 12:50:30.657  1654  1704 E AudioPolicyIntefaceImpl: getInputForAttr permission denied: recording not allowed for uid 10041 pid 3739
07-01 12:50:30.657  1654  1704 E AudioFlinger: createRecord() checkRecordThread_l failed
07-01 12:50:30.658  3739 16521 E IAudioFlinger: createRecord returned error -22
07-01 12:50:30.658  3739 16521 E AudioRecord: AudioFlinger could not create record track, status: -22
07-01 12:50:30.675  3739 16521 E AudioRecord-JNI: Error creating AudioRecord instance: initialization check failed with status -22.
07-01 12:50:30.676  3739 16521 E android.media.AudioRecord: Error code -20 when initializing native AudioRecord object.
07-01 12:50:30.676  3739 16521 I MicrophoneInputStream: mic_started  SR : 16000 CC : 16 SO : 6
07-01 12:50:30.677  3739 16521 E ActivityThread: Failed to find provider info for com.google.android.apps.gsa.testing.ui.audio.recorded
07-01 12:50:30.678  3739  3739 I MicroDetectionWorker: onReady
07-01 12:50:30.680  3739 16521 I MicrophoneInputStream: mic_close  SR : 16000 CC : 16 SO : 6
07-01 12:50:30.682  3739 12006 I MicroRecognitionRunner: Detection finished
07-01 12:50:30.683  3739 12006 W ErrorReporter: reportError [type: 211, code: 524300]: Error reading from input stream
07-01 12:50:30.683  3739  3963 I MicroRecognitionRunner: Stopping hotword detection.
07-01 12:50:30.683  3739 12006 W ErrorProcessor: onFatalError, processing error from engine(4)
07-01 12:50:30.683  3739 12006 W ErrorProcessor: com.google.android.apps.gsa.shared.speech.b.g: Error reading from input stream
07-01 12:50:30.683  3739 12006 W ErrorProcessor: 	at com.google.android.apps.gsa.staticplugins.microdetection.d.k.a(SourceFile:91)
07-01 12:50:30.683  3739 12006 W ErrorProcessor: 	at com.google.android.apps.gsa.staticplugins.microdetection.d.l.run(Unknown Source:14)
07-01 12:50:30.683  3739 12006 W ErrorProcessor: 	at com.google.android.libraries.gsa.runner.a.a.b(SourceFile:32)
07-01 12:50:30.683  3739 12006 W ErrorProcessor: 	at com.google.android.libraries.gsa.runner.a.c.call(Unknown Source:4)
07-01 12:50:30.683  3739 12006 W ErrorProcessor: 	at java.util.concurrent.FutureTask.run(FutureTask.java:266)
07-01 12:50:30.683  3739 12006 W ErrorProcessor: 	at java.util.concurrent.Executors$RunnableAdapter.call(Executors.java:458)
07-01 12:50:30.683  3739 12006 W ErrorProcessor: 	at java.util.concurrent.FutureTask.run(FutureTask.java:266)
07-01 12:50:30.683  3739 12006 W ErrorProcessor: 	at com.google.android.apps.gsa.shared.util.concurrent.b.g.run(Unknown Source:4)
07-01 12:50:30.683  3739 12006 W ErrorProcessor: 	at com.google.android.apps.gsa.shared.util.concurrent.b.aw.run(SourceFile:4)
07-01 12:50:30.683  3739 12006 W ErrorProcessor: 	at com.google.android.apps.gsa.shared.util.concurrent.b.aw.run(SourceFile:4)
07-01 12:50:30.683  3739 12006 W ErrorProcessor: 	at java.util.concurrent.ThreadPoolExecutor.runWorker(ThreadPoolExecutor.java:1167)
07-01 12:50:30.683  3739 12006 W ErrorProcessor: 	at java.util.concurrent.ThreadPoolExecutor$Worker.run(ThreadPoolExecutor.java:641)
07-01 12:50:30.683  3739 12006 W ErrorProcessor: 	at java.lang.Thread.run(Thread.java:764)
07-01 12:50:30.683  3739 12006 W ErrorProcessor: 	at com.google.android.apps.gsa.shared.util.concurrent.b.i.run(SourceFile:6)
07-01 12:50:30.683  3739 12006 W ErrorProcessor: Caused by: com.google.android.apps.gsa.shared.exception.GsaIOException: Error code: 393238 | Buffer overflow, no available space.
07-01 12:50:30.683  3739 12006 W ErrorProcessor: 	at com.google.android.apps.gsa.speech.audio.Tee.j(SourceFile:103)
07-01 12:50:30.683  3739 12006 W ErrorProcessor: 	at com.google.android.apps.gsa.speech.audio.au.read(SourceFile:2)
07-01 12:50:30.683  3739 12006 W ErrorProcessor: 	at java.io.InputStream.read(InputStream.java:101)
07-01 12:50:30.683  3739 12006 W ErrorProcessor: 	at com.google.android.apps.gsa.speech.audio.ao.run(SourceFile:17)
07-01 12:50:30.683  3739 12006 W ErrorProcessor: 	at com.google.android.apps.gsa.speech.audio.an.run(SourceFile:2)
07-01 12:50:30.683  3739 12006 W ErrorProcessor: 	at java.util.concurrent.Executors$RunnableAdapter.call(Executors.java:458)
07-01 12:50:30.683  3739 12006 W ErrorProcessor: 	... 10 more
07-01 12:50:30.683  3739 12006 I AudioController: internalShutdown
07-01 12:50:30.695  3739  3739 I MicroDetector: Keeping mic open: false
07-01 12:50:30.696  3739  3739 I MicroDetectionWorker: #onError(false)
07-01 12:50:30.699  3739 15161 I DeviceStateChecker: DeviceStateChecker cancelled
07-01 12:50:31.556  1930  3617 I GnssLocationProvider: WakeLock acquired by sendMessage(REPORT_SV_STATUS, 0, com.android.server.location.GnssLocationProvider$SvStatusInfo@79c6f73)
07-01 12:50:31.556  1930  1943 I GnssLocationProvider: WakeLock released by handleMessage(REPORT_SV_STATUS, 0, com.android.server.location.GnssLocationProvider$SvStatusInfo@79c6f73)
07-01 12:50:32.560  1930  3617 I GnssLocationProvider: WakeLock acquired by sendMessage(REPORT_SV_STATUS, 0, com.android.server.location.GnssLocationProvider$SvStatusInfo@d82ae30)
07-01 12:50:32.561  1930  1943 I GnssLocationProvider: WakeLock released by handleMessage(REPORT_SV_STATUS, 0, com.android.server.location.GnssLocationProvider$SvStatusInfo@d82ae30)
07-01 12:50:33.563  1930  3617 I GnssLocationProvider: WakeLock acquired by sendMessage(REPORT_SV_STATUS, 0, com.android.server.location.GnssLocationProvider$SvStatusInfo@ad6faa9)
07-01 12:50:33.563  1930  1943 I GnssLocationProvider: WakeLock released by handleMessage(REPORT_SV_STATUS, 0, com.android.server.location.GnssLocationProvider$SvStatusInfo@ad6faa9)
07-01 12:50:34.566  1930  3617 I GnssLocationProvider: WakeLock acquired by sendMessage(REPORT_SV_STATUS, 0, com.android.server.location.GnssLocationProvider$SvStatusInfo@59e682e)
07-01 12:50:34.567  1930  1943 I GnssLocationProvider: WakeLock released by handleMessage(REPORT_SV_STATUS, 0, com.android.server.location.GnssLocationProvider$SvStatusInfo@59e682e)
07-01 12:50:34.659 17821 17821 W dex2oat : Accessing hidden method Landroid/content/res/Resources$Theme;->rebase()V (dark greylist, linking)
07-01 12:50:34.684 17821 17821 I dex2oat : Explicit concurrent copying GC freed 47434(7MB) AllocSpace objects, 0(0B) LOS objects, 99% free, 1000B/1536KB, paused 351us total 3.465ms
07-01 12:50:34.840 17821 17821 I dex2oat : dex2oat took 6.425s (22.799s cpu) (threads: 4) arena alloc=3KB (3728B) java alloc=16KB (17384B) native alloc=14MB (14757992B) free=3MB (3592088B)
07-01 12:50:34.845  1778  5350 V installed: DexInv: --- END '/data/app/com.fieldbook.tracker-Avfj6GK8EUuubKIgmDr5pw==/base.apk' (success) ---
07-01 12:50:34.846  1930  1957 V BackupManagerService: restoreAtInstall pkg=com.fieldbook.tracker token=a restoreSet=0
07-01 12:50:34.847  1930  1957 V BackupManagerService: Finishing install immediately
07-01 12:50:34.855  1778  5350 E         : Couldn't opendir /data/app/vmdl1391612623.tmp: No such file or directory
07-01 12:50:34.855  1778  5350 E installd: Failed to delete /data/app/vmdl1391612623.tmp: No such file or directory
07-01 12:50:34.883  5363  5363 I Finsky  : [2] ycb.d(13): PackageMonitorReceiverImpl - Received: android.intent.action.PACKAGE_ADDED, [_BsfYayFcfExtAkLqusgXrE82dJ5cFyNKuTPLaTdJgs]
07-01 12:50:34.884  5363  5363 I Finsky  : [2] ydc.g(1): Invalidating cached PackageState for com.fieldbook.tracker
07-01 12:50:34.891  5363  5363 I Finsky  : [2] ouk.d(2): Frosting ID looked up on UI thread. Caller should move to a background thread.
07-01 12:50:34.893  1930  2607 W BroadcastQueue: Background execution not allowed: receiving Intent { act=android.intent.action.PACKAGE_ADDED dat=package:com.fieldbook.tracker flg=0x4000010 (has extras) } to com.android.musicfx/.Compatibility$Receiver
07-01 12:50:34.901  4291  4291 I CarrierServices: [2] RcsAutoStartReceiver.b: carrierServicesJibeServiceEnabled changed from true to true
07-01 12:50:34.902  1930  1944 W BroadcastQueue: Background execution not allowed: receiving Intent { act=android.intent.action.PACKAGE_ADDED dat=package:com.fieldbook.tracker flg=0x4000010 (has extras) } to com.android.vending/com.google.android.finsky.packagemanager.impl.PackageMonitorReceiverImpl$RegisteredReceiver
07-01 12:50:34.903  1930  1944 W BroadcastQueue: Background execution not allowed: receiving Intent { act=android.intent.action.PACKAGE_ADDED dat=package:com.fieldbook.tracker flg=0x4000010 (has extras) } to com.google.android.gms/.games.chimera.GamesSystemBroadcastReceiverProxy
07-01 12:50:34.904  4291  4291 I CarrierServices: [2] RcsAutoStartReceiver.b: enableRcs changed from true to true
07-01 12:50:34.905  4291  4291 I CarrierServices: [2] RcsAutoStartReceiver.b: RcsAutoStartReceiver triggered. Fetching RCS State. Action: android.intent.action.PACKAGE_ADDED
07-01 12:50:34.905  1930  1944 W BroadcastQueue: Background execution not allowed: receiving Intent { act=android.intent.action.PACKAGE_ADDED dat=package:com.fieldbook.tracker flg=0x4000010 (has extras) } to com.google.android.gms/.gass.chimera.PackageChangeBroadcastReceiver
07-01 12:50:34.906  1930  1944 W BroadcastQueue: Background execution not allowed: receiving Intent { act=android.intent.action.PACKAGE_ADDED dat=package:com.fieldbook.tracker flg=0x4000010 (has extras) } to com.google.android.gms/.chimera.GmsIntentOperationService$PersistentTrustedReceiver
07-01 12:50:34.906  1930  1944 W BroadcastQueue: Background execution not allowed: receiving Intent { act=android.intent.action.PACKAGE_ADDED dat=package:com.fieldbook.tracker flg=0x4000010 (has extras) } to com.google.android.googlequicksearchbox/com.google.android.apps.gsa.googlequicksearchbox.GelStubAppWatcher
07-01 12:50:34.907  5363  5363 I Finsky  : [2] alxk.a(3): Do not start WearSupportService due to Wear service optimization
07-01 12:50:34.909  1930  1944 W BroadcastQueue: Background execution not allowed: receiving Intent { act=android.intent.action.PACKAGE_ADDED dat=package:com.fieldbook.tracker flg=0x4000010 (has extras) } to com.google.android.ims/.receivers.RcsAutoStartReceiver
07-01 12:50:34.909  5363  5363 I Finsky  : [2] alxk.a(3): Do not start WearSupportService due to Wear service optimization
07-01 12:50:34.911  5363  5363 I Finsky  : [2] adxl.a(8): Clearing split related stale data.
07-01 12:50:34.914  5363 17835 I Finsky  : [635] gvx.a(12): Asset module storage cleared for package com.fieldbook.tracker.
07-01 12:50:34.915  4291  4291 I CarrierServices: [2] aws.a: Migration binding to RcsMigrationService
07-01 12:50:34.916  5363 17832 I Finsky  : [633] otx.run(16): Wrote row to frosting DB: 111
07-01 12:50:34.925  8234  8234 I Bugle   : returning RCS state provider.
07-01 12:50:34.931  5363 17832 I Finsky  : [633] otx.run(16): Wrote row to frosting DB: 112
07-01 12:50:34.932  5363  5363 I Finsky  : [2] ouk.d(2): Frosting ID looked up on UI thread. Caller should move to a background thread.
07-01 12:50:34.943  8234 16718 I CarrierServices: [492] inq.shouldUseCarrierServicesApkForV1Apis: Checking if using CarrierServices.apk is possible. Enabled: true, isAtLeastM: true, runningInsideBugle: true
07-01 12:50:34.952  2167  2167 D CarrierSvcBindHelper: No carrier app for: 0
07-01 12:50:34.954  2167  2167 D ImsResolver: maybeAddedImsService, packageName: com.fieldbook.tracker
07-01 12:50:34.957  2458 17846 I Auth    : [SupervisedAccountIntentOperation] onHandleIntent(): android.intent.action.PACKAGE_ADDED
07-01 12:50:34.957  2458 17846 I Auth    : [SupervisedAccountIntentOperation] This operation is disabled
07-01 12:50:34.963  8234 16718 I CarrierServices: [492] inq.e: Network Operator: 310260
07-01 12:50:34.966  2458 17847 I ChromeSync: [Sync,SyncIntentOperation] Handling the intent: Intent { act=android.intent.action.PACKAGE_ADDED dat=package:com.fieldbook.tracker flg=0x4000010 cmp=com.google.android.gms/.chimera.GmsIntentOperationService (has extras) }.
07-01 12:50:34.967  2167  2167 D CarrierConfigLoader: mHandler: 9 phoneId: 0
07-01 12:50:34.968  8234 16718 I CarrierServices: [492] inq.e: carrierWithOldEcApis: false
07-01 12:50:34.968  8234 16718 I CarrierServices: [492] inq.e: hasDialerThatSupportsNewEc: false
07-01 12:50:34.995  1930  1930 W Looper  : Slow dispatch took 125ms main h=android.app.ActivityThread$H c=android.app.-$$Lambda$LoadedApk$ReceiverDispatcher$Args$_BumDX2UKsnxLVrE6UJsJZkotuA@24de78 m=0
07-01 12:50:35.000  8234 16718 W RcsProvisioning: Failed to read configuration: /data/user/0/com.google.android.apps.messaging/files/rcsconfig (No such file or directory)
07-01 12:50:35.000  8234 16718 W RcsProvisioning: java.io.FileNotFoundException: /data/user/0/com.google.android.apps.messaging/files/rcsconfig (No such file or directory)
07-01 12:50:35.000  8234 16718 W RcsProvisioning: 	at java.io.FileInputStream.open0(Native Method)
07-01 12:50:35.000  8234 16718 W RcsProvisioning: 	at java.io.FileInputStream.open(FileInputStream.java:231)
07-01 12:50:35.000  8234 16718 W RcsProvisioning: 	at java.io.FileInputStream.<init>(FileInputStream.java:165)
07-01 12:50:35.000  8234 16718 W RcsProvisioning: 	at android.app.ContextImpl.openFileInput(ContextImpl.java:560)
07-01 12:50:35.000  8234 16718 W RcsProvisioning: 	at android.content.ContextWrapper.openFileInput(ContextWrapper.java:202)
07-01 12:50:35.000  8234 16718 W RcsProvisioning: 	at ion.a(SourceFile:2)
07-01 12:50:35.000  8234 16718 W RcsProvisioning: 	at idl.a(SourceFile:4)
07-01 12:50:35.000  8234 16718 W RcsProvisioning: 	at idm.a(SourceFile:7)
07-01 12:50:35.000  8234 16718 W RcsProvisioning: 	at com.google.android.apps.messaging.rcsmigration.RcsStateProvider.buildRcsState(SourceFile:81)
07-01 12:50:35.000  8234 16718 W RcsProvisioning: 	at com.google.android.apps.messaging.rcsmigration.RcsStateProvider.getRcsState(SourceFile:6)
07-01 12:50:35.000  8234 16718 W RcsProvisioning: 	at com.google.android.ims.rcsmigration.IRcsStateProvider$Stub.dispatchTransaction(SourceFile:10)
07-01 12:50:35.000  8234 16718 W RcsProvisioning: 	at com.google.android.aidl.BaseStub.onTransact(SourceFile:18)
07-01 12:50:35.000  8234 16718 W RcsProvisioning: 	at android.os.Binder.execTransact(Binder.java:731)
07-01 12:50:35.000  8234 16718 D RcsProvisioning: Retrieving backup token
07-01 12:50:35.001  8234 16718 D RcsProvisioning: Exception while getting subscriber Id. Using default
07-01 12:50:35.013  2458 17861 W PeopleContactsSync: CP2 sync disabled by gservices.
07-01 12:50:35.020  1930  1999 I InputReader: Reconfiguring input devices.  changes=0x00000010
07-01 12:50:35.027  1930  1939 I system_server: Background concurrent copying GC freed 104458(5MB) AllocSpace objects, 27(1836KB) LOS objects, 32% free, 12MB/18MB, paused 375us total 165.264ms
07-01 12:50:35.030  2458 17847 I ChromeSync: [Persistence,AffiliationManager] One of affiliation or grouping data for android://qTsnmgmfR2n9YZS4Vv8xmSLwDZQqqkxO9JDiYzasGKdzXGZfIh6yLR0K9SdatvqTCVU-NFKWAlPAx814dkxllQ==@com.fieldbook.tracker/ was not found. Marking affiliation data as stale...
07-01 12:50:35.039  1930  1948 E BatteryExternalStatsWorker: no controller energy info supplied for wifi
07-01 12:50:35.065  1930  1930 I Telecom : DefaultDialerCache: Refreshing default dialer for user 0: now com.google.android.dialer: DDC.oR@APE
07-01 12:50:35.066  1930  1930 V BackupManagerConstants: getFullBackupIntervalMilliseconds(...) returns 86400000
07-01 12:50:35.102  8047 17831 I ProvidersCache: Provider returned no roots. Possibly naughty: com.google.android.apps.docs.storage
07-01 12:50:35.110  8234 16718 D RcsProvisioning: No backup token found
07-01 12:50:35.110  8234 16718 D RcsProvisioning: Retrieving backup token
07-01 12:50:35.110  8234 16718 D RcsProvisioning: Exception while getting subscriber Id. Using default
07-01 12:50:35.128 17842 17842 D AndroidRuntime: >>>>>> START com.android.internal.os.RuntimeInit uid 2000 <<<<<<
07-01 12:50:35.153  2458  3579 I Icing   : IndexChimeraService.getServiceInterface callingPackage=com.google.android.gms componentName=AppsCorpus serviceId=SEARCH_CORPORA
07-01 12:50:35.164  2458  3558 I Icing   : IndexChimeraService.getServiceInterface callingPackage=com.google.android.gms componentName=AppsCorpus serviceId=SEARCH_QUERIES
07-01 12:50:35.187  2458 17873 I Icing   : Usage reports ok 1, Failed Usage reports 0, indexed 1, rejected 0, imm upload false
07-01 12:50:35.193 17842 17842 W app_process: Unexpected CPU variant for X86 using defaults: x86
07-01 12:50:35.195 17842 17842 I app_process: The ClassLoaderContext is a special shared library.
07-01 12:50:35.199 17842 17842 W app_process: CheckJNI: method to register "write" not in the given class. This is slow, consider changing your RegisterNatives calls.
07-01 12:50:35.201 17842 17842 I chatty  : uid=2000(shell) main identical 42 lines
07-01 12:50:35.201 17842 17842 W app_process: CheckJNI: method to register "write" not in the given class. This is slow, consider changing your RegisterNatives calls.
07-01 12:50:35.201 17842 17842 W app_process: CheckJNI: method to register "write_non_chained" not in the given class. This is slow, consider changing your RegisterNatives calls.
07-01 12:50:35.202 17842 17842 I chatty  : uid=2000(shell) main identical 7 lines
07-01 12:50:35.202 17842 17842 W app_process: CheckJNI: method to register "write_non_chained" not in the given class. This is slow, consider changing your RegisterNatives calls.
07-01 12:50:35.212  8234 16718 D RcsProvisioning: No backup token found
07-01 12:50:35.222 17842 17842 D AndroidRuntime: Calling main entry com.android.commands.monkey.Monkey
07-01 12:50:35.223 17842 17842 W Monkey  : args: [-p, com.fieldbook.tracker, -c, android.intent.category.LAUNCHER, 1]
07-01 12:50:35.223 17842 17842 W Monkey  :  arg: "-p"
07-01 12:50:35.223 17842 17842 W Monkey  :  arg: "com.fieldbook.tracker"
07-01 12:50:35.223 17842 17842 W Monkey  :  arg: "-c"
07-01 12:50:35.223 17842 17842 W Monkey  :  arg: "android.intent.category.LAUNCHER"
07-01 12:50:35.224 17842 17842 W Monkey  :  arg: "1"
07-01 12:50:35.224  8234 16718 W RcsProvisioning: Failed to read configuration: /data/user/0/com.google.android.apps.messaging/files/rcsconfig (No such file or directory)
07-01 12:50:35.224 17842 17842 W Monkey  : data="com.fieldbook.tracker"
07-01 12:50:35.224 17842 17842 W Monkey  : data="android.intent.category.LAUNCHER"
07-01 12:50:35.224  8234 16718 W RcsProvisioning: java.io.FileNotFoundException: /data/user/0/com.google.android.apps.messaging/files/rcsconfig (No such file or directory)
07-01 12:50:35.224  8234 16718 W RcsProvisioning: 	at java.io.FileInputStream.open0(Native Method)
07-01 12:50:35.224  8234 16718 W RcsProvisioning: 	at java.io.FileInputStream.open(FileInputStream.java:231)
07-01 12:50:35.224  8234 16718 W RcsProvisioning: 	at java.io.FileInputStream.<init>(FileInputStream.java:165)
07-01 12:50:35.224  8234 16718 W RcsProvisioning: 	at android.app.ContextImpl.openFileInput(ContextImpl.java:560)
07-01 12:50:35.224  8234 16718 W RcsProvisioning: 	at android.content.ContextWrapper.openFileInput(ContextWrapper.java:202)
07-01 12:50:35.224  8234 16718 W RcsProvisioning: 	at ion.a(SourceFile:2)
07-01 12:50:35.224  8234 16718 W RcsProvisioning: 	at idl.a(SourceFile:4)
07-01 12:50:35.224  8234 16718 W RcsProvisioning: 	at idm.a(SourceFile:7)
07-01 12:50:35.224  8234 16718 W RcsProvisioning: 	at iez.buildConferencesFileName(SourceFile:30)
07-01 12:50:35.224  8234 16718 W RcsProvisioning: 	at com.google.android.apps.messaging.rcsmigration.RcsStateProvider.buildRcsState(SourceFile:129)
07-01 12:50:35.224  8234 16718 W RcsProvisioning: 	at com.google.android.apps.messaging.rcsmigration.RcsStateProvider.getRcsState(SourceFile:6)
07-01 12:50:35.224  8234 16718 W RcsProvisioning: 	at com.google.android.ims.rcsmigration.IRcsStateProvider$Stub.dispatchTransaction(SourceFile:10)
07-01 12:50:35.224  8234 16718 W RcsProvisioning: 	at com.google.android.aidl.BaseStub.onTransact(SourceFile:18)
07-01 12:50:35.224  8234 16718 W RcsProvisioning: 	at android.os.Binder.execTransact(Binder.java:731)
07-01 12:50:35.224  8234 16718 D RcsProvisioning: Retrieving backup token
07-01 12:50:35.224  8234 16718 D RcsProvisioning: Exception while getting subscriber Id. Using default
07-01 12:50:35.231  2458 17873 I Icing   : Usage reports ok 0, Failed Usage reports 0, indexed 0, rejected 0, imm upload false
07-01 12:50:35.232  2458 17847 I ChromeSync: [Persistence,AffiliationManager] Fetching affiliations from the server.
07-01 12:50:35.244  1930  1944 W BroadcastQueue: Skipping deliver [background] BroadcastRecord{da6cdd9 u-1 android.net.conn.CONNECTIVITY_CHANGE} to ReceiverList{193f39e 17842 (unknown name)/2000/u-1 remote:7f16323}: process gone or crashing
07-01 12:50:35.259  1930  2623 I ActivityManager: START u0 {act=android.intent.action.MAIN cat=[android.intent.category.LAUNCHER] flg=0x10200000 cmp=com.fieldbook.tracker/.activities.ConfigActivity} from uid 2000
07-01 12:50:35.259  1930  2623 W Binder  : Outgoing transactions from this process must be FLAG_ONEWAY
07-01 12:50:35.259  1930  2623 W Binder  : java.lang.Throwable
07-01 12:50:35.259  1930  2623 W Binder  : 	at android.os.BinderProxy.transact(Binder.java:1114)
07-01 12:50:35.259  1930  2623 W Binder  : 	at android.app.IActivityController$Stub$Proxy.activityStarting(IActivityController.java:176)
07-01 12:50:35.259  1930  2623 W Binder  : 	at com.android.server.am.ActivityStarter.startActivity(ActivityStarter.java:737)
07-01 12:50:35.259  1930  2623 W Binder  : 	at com.android.server.am.ActivityStarter.startActivity(ActivityStarter.java:544)
07-01 12:50:35.259  1930  2623 W Binder  : 	at com.android.server.am.ActivityStarter.startActivityMayWait(ActivityStarter.java:1099)
07-01 12:50:35.259  1930  2623 W Binder  : 	at com.android.server.am.ActivityStarter.execute(ActivityStarter.java:486)
07-01 12:50:35.259  1930  2623 W Binder  : 	at com.android.server.am.ActivityManagerService.startActivityAsUser(ActivityManagerService.java:5120)
07-01 12:50:35.259  1930  2623 W Binder  : 	at com.android.server.am.ActivityManagerService.startActivityAsUser(ActivityManagerService.java:5094)
07-01 12:50:35.259  1930  2623 W Binder  : 	at com.android.server.am.ActivityManagerService.startActivity(ActivityManagerService.java:5085)
07-01 12:50:35.259  1930  2623 W Binder  : 	at android.app.IActivityManager$Stub.onTransact$startActivity$(IActivityManager.java:10084)
07-01 12:50:35.259  1930  2623 W Binder  : 	at android.app.IActivityManager$Stub.onTransact(IActivityManager.java:122)
07-01 12:50:35.259  1930  2623 W Binder  : 	at com.android.server.am.ActivityManagerService.onTransact(ActivityManagerService.java:3291)
07-01 12:50:35.259  1930  2623 W Binder  : 	at android.os.Binder.execTransact(Binder.java:731)
07-01 12:50:35.281 17842 17842 I Monkey  : Events injected: 1
07-01 12:50:35.296  1930  1930 V SettingsProvider: Notifying for 0: content://settings/system/accelerometer_rotation
07-01 12:50:35.304 17885 17885 W eldbook.tracke: Unexpected CPU variant for X86 using defaults: x86
07-01 12:50:35.305 17842 17842 I Monkey  : ## Network stats: elapsed time=36ms (0ms mobile, 0ms wifi, 36ms not connected)
07-01 12:50:35.305 17842 17842 I app_process: System.exit called, status: 0
07-01 12:50:35.305 17842 17842 I AndroidRuntime: VM exiting with result code 0.
07-01 12:50:35.307  1930  1946 I ActivityManager: Start proc 17885:com.fieldbook.tracker/u0a94 for activity com.fieldbook.tracker/.activities.ConfigActivity
07-01 12:50:35.308 17885 17885 E eldbook.tracke: Not starting debugger since process cannot load the jdwp agent.
07-01 12:50:35.310  1646  1694 D gralloc_ranchu: gralloc_alloc: Creating ashmem region of size 8298496
07-01 12:50:35.323  2458  3756 W Conscrypt: Could not set socket write timeout: java.net.SocketException: Socket closed
07-01 12:50:35.323  2458  3756 W Conscrypt: 	at com.google.android.gms.org.conscrypt.Platform.setSocketWriteTimeout(:com.google.android.gms@16089022@16.0.89 (040700-239467275):2)
07-01 12:50:35.323  2458  3756 W Conscrypt: 	at com.google.android.gms.org.conscrypt.ConscryptFileDescriptorSocket.setSoWriteTimeout(:com.google.android.gms@16089022@16.0.89 (040700-239467275):2)
07-01 12:50:35.325  8234 16718 D RcsProvisioning: No backup token found
07-01 12:50:35.326  8234 16718 E CarrierServices: [492] iez.getFile: File not found.: /data/user/0/com.google.android.apps.messaging/files/httpft_pending (No such file or directory)
07-01 12:50:35.326  8234 16718 E CarrierServices: 	java.io.FileInputStream.open0(Native Method)
07-01 12:50:35.326  8234 16718 E CarrierServices: 	java.io.FileInputStream.open(FileInputStream.java:231)
07-01 12:50:35.326  8234 16718 E CarrierServices: 	java.io.FileInputStream.<init>(FileInputStream.java:165)
07-01 12:50:35.326  8234 16718 E CarrierServices: 	android.app.ContextImpl.openFileInput(ContextImpl.java:560)
07-01 12:50:35.326  8234 16718 E CarrierServices: 	android.content.ContextWrapper.openFileInput(ContextWrapper.java:202)
07-01 12:50:35.326  8234 16718 E CarrierServices: 	iez.getFile(SourceFile:20)
07-01 12:50:35.326  8234 16718 E CarrierServices: 	com.google.android.apps.messaging.rcsmigration.RcsStateProvider.buildRcsState(SourceFile:136)
07-01 12:50:35.326  8234 16718 E CarrierServices: 	com.google.android.apps.messaging.rcsmigration.RcsStateProvider.getRcsState(SourceFile:6)
07-01 12:50:35.326  8234 16718 E CarrierServices: 	com.google.android.ims.rcsmigration.IRcsStateProvider$Stub.dispatchTransaction(SourceFile:10)
07-01 12:50:35.326  8234 16718 E CarrierServices: 	com.google.android.aidl.BaseStub.onTransact(SourceFile:18)
07-01 12:50:35.326  8234 16718 E CarrierServices: 	android.os.Binder.execTransact(Binder.java:731)
07-01 12:50:35.329  4291 17899 I CarrierServices: [298] awt.doInBackground: Saving RCS State
07-01 12:50:35.329  4291 17899 I CarrierServices: [298] awt.doInBackground: Old operation mode: 2
07-01 12:50:35.329  4291 17899 I CarrierServices: [298] awt.doInBackground: New operation mode: 2
07-01 12:50:35.338  8234 16718 I CarrierServices: [492] RcsStateProvider.onMigrationComplete: Migration complete.
07-01 12:50:35.342  8234 16718 I CarrierServices: [492] inq.shouldUseCarrierServicesApkForV1Apis: Checking if using CarrierServices.apk is possible. Enabled: true, isAtLeastM: true, runningInsideBugle: true
07-01 12:50:35.366  2458  3756 W Conscrypt: Could not set socket write timeout: java.net.SocketException: Socket closed
07-01 12:50:35.366  8234 16718 I CarrierServices: [492] inq.e: Network Operator: 310260
07-01 12:50:35.367  2458  3756 W Conscrypt: 	at com.google.android.gms.org.conscrypt.Platform.setSocketWriteTimeout(:com.google.android.gms@16089022@16.0.89 (040700-239467275):2)
07-01 12:50:35.367  2458  3756 W Conscrypt: 	at com.google.android.gms.org.conscrypt.ConscryptFileDescriptorSocket.setSoWriteTimeout(:com.google.android.gms@16089022@16.0.89 (040700-239467275):2)
07-01 12:50:35.368  8234 16718 I CarrierServices: [492] inq.e: carrierWithOldEcApis: false
07-01 12:50:35.369  8234 16718 I CarrierServices: [492] inq.e: hasDialerThatSupportsNewEc: false
07-01 12:50:35.369  8234 16718 I CarrierServices: [492] RcsStateProvider.onMigrationComplete: Rcs Engine should be running in cs.apk. Stopping JibeService.
07-01 12:50:35.379 17885 17885 I MultiDex: VM with version 2.1.0 has multidex support
07-01 12:50:35.379 17885 17885 I MultiDex: Installing application
07-01 12:50:35.379 17885 17885 I MultiDex: VM has multidex support, MultiDex support library is disabled.
07-01 12:50:35.383  8234 16718 I CarrierServices: [492] RcsStateProvider.onMigrationComplete: JibeService stopped: true
07-01 12:50:35.384  1646  1694 D gralloc_ranchu: gralloc_alloc: Creating ashmem region of size 8298496
07-01 12:50:35.392  8234 16718 I CarrierServices: [492] inq.e: Network Operator: 310260
07-01 12:50:35.394  8234 16718 I CarrierServices: [492] inq.e: carrierWithOldEcApis: false
07-01 12:50:35.394  8234 16718 I CarrierServices: [492] inq.e: hasDialerThatSupportsNewEc: false
07-01 12:50:35.400  8234 16718 I CarrierServices: [492] jsn.connect: shouldUseCarrierServicesJibeService: true, CarrierServices rcs service found: true
07-01 12:50:35.406  8234 16718 I CarrierServices: [492] jsn.connect: Binding to JibeService in CarrierServices.
07-01 12:50:35.411  8234  8234 D RcsClientLib: Service com.google.android.rcs.client.chatsession.ChatSessionService connected. Will notify listeners: true
07-01 12:50:35.411  8234  8234 V BugleRcs: com.google.android.rcs.client.chatsession.ChatSessionService RCS service connected
07-01 12:50:35.424  8234 16718 I CarrierServices: [492] inq.e: Network Operator: 310260
07-01 12:50:35.426 17885 17908 I DynamiteModule: Considering local module com.google.android.gms.measurement.dynamite:13 and remote module com.google.android.gms.measurement.dynamite:0
07-01 12:50:35.426  8234 16718 I CarrierServices: [492] inq.e: carrierWithOldEcApis: false
07-01 12:50:35.426 17885 17908 I DynamiteModule: Selected local version of com.google.android.gms.measurement.dynamite
07-01 12:50:35.426  8234 16718 I CarrierServices: [492] inq.e: hasDialerThatSupportsNewEc: false
07-01 12:50:35.428  8234 16718 I CarrierServices: [492] jsn.connect: shouldUseCarrierServicesJibeService: true, CarrierServices rcs service found: true
07-01 12:50:35.428  8234 16718 I CarrierServices: [492] jsn.connect: Binding to JibeService in CarrierServices.
07-01 12:50:35.435  8234  8234 D RcsClientLib: Service com.google.android.rcs.client.events.EventService connected. Will notify listeners: true
07-01 12:50:35.435  8234  8234 V BugleRcs: com.google.android.rcs.client.events.EventService RCS service connected
07-01 12:50:35.441 17885 17885 I FirebaseCrashlytics: Initializing Crashlytics 17.0.0
07-01 12:50:35.446 17885 17908 W eldbook.tracke: Unsupported class loader
07-01 12:50:35.453  8234 16718 I CarrierServices: [492] inq.e: Network Operator: 310260
07-01 12:50:35.455  8234 16718 I CarrierServices: [492] inq.e: carrierWithOldEcApis: false
07-01 12:50:35.455  8234 16718 I CarrierServices: [492] inq.e: hasDialerThatSupportsNewEc: false
07-01 12:50:35.464  8234 16718 I CarrierServices: [492] jsn.connect: shouldUseCarrierServicesJibeService: true, CarrierServices rcs service found: true
07-01 12:50:35.464  8234 16718 I CarrierServices: [492] jsn.connect: Binding to JibeService in CarrierServices.
07-01 12:50:35.472  8234  8234 D RcsClientLib: Service com.google.android.rcs.client.contacts.ContactsService connected. Will notify listeners: true
07-01 12:50:35.472  8234  8234 V BugleRcs: com.google.android.rcs.client.contacts.ContactsService RCS service connected
07-01 12:50:35.478  8234 16718 I CarrierServices: [492] inq.e: Network Operator: 310260
07-01 12:50:35.480  8234 16718 I CarrierServices: [492] inq.e: carrierWithOldEcApis: false
07-01 12:50:35.480  8234 16718 I CarrierServices: [492] inq.e: hasDialerThatSupportsNewEc: false
07-01 12:50:35.483  8234 16718 I CarrierServices: [492] jsn.connect: shouldUseCarrierServicesJibeService: true, CarrierServices rcs service found: true
07-01 12:50:35.483  8234 16718 I CarrierServices: [492] jsn.connect: Binding to JibeService in CarrierServices.
07-01 12:50:35.485 17885 17885 I FirebaseInitProvider: FirebaseApp initialization successful
07-01 12:50:35.506  8234  8234 D RcsClientLib: Service com.google.android.rcs.client.filetransfer.FileTransferService connected. Will notify listeners: true
07-01 12:50:35.506  8234  8234 V BugleRcs: com.google.android.rcs.client.filetransfer.FileTransferService RCS service connected
07-01 12:50:35.513  8234 16718 I CarrierServices: [492] inq.e: Network Operator: 310260
07-01 12:50:35.515  8234 16718 I CarrierServices: [492] inq.e: carrierWithOldEcApis: false
07-01 12:50:35.515  8234 16718 I CarrierServices: [492] inq.e: hasDialerThatSupportsNewEc: false
07-01 12:50:35.518  8234 16718 I CarrierServices: [492] jsn.connect: shouldUseCarrierServicesJibeService: true, CarrierServices rcs service found: true
07-01 12:50:35.518  8234 16718 I CarrierServices: [492] jsn.connect: Binding to JibeService in CarrierServices.
07-01 12:50:35.522  8234  8234 D RcsClientLib: Service com.google.android.rcs.client.locationsharing.LocationSharingService connected. Will notify listeners: true
07-01 12:50:35.522  8234  8234 V BugleRcs: com.google.android.rcs.client.locationsharing.LocationSharingService RCS service connected
07-01 12:50:35.526  8234 16718 I CarrierServices: [492] inq.e: Network Operator: 310260
07-01 12:50:35.528  8234 16718 I CarrierServices: [492] inq.e: carrierWithOldEcApis: false
07-01 12:50:35.528  8234 16718 I CarrierServices: [492] inq.e: hasDialerThatSupportsNewEc: false
07-01 12:50:35.531  8234 16718 I CarrierServices: [492] jsn.connect: shouldUseCarrierServicesJibeService: true, CarrierServices rcs service found: true
07-01 12:50:35.531  8234 16718 I CarrierServices: [492] jsn.connect: Binding to JibeService in CarrierServices.
07-01 12:50:35.535  8234  8234 D RcsClientLib: Service com.google.android.rcs.client.ims.ImsConnectionTrackerService connected. Will notify listeners: true
07-01 12:50:35.535  8234  8234 V BugleRcs: com.google.android.rcs.client.ims.ImsConnectionTrackerService RCS service connected
07-01 12:50:35.536  8234  8234 V BugleRcs: kicking off RCS sending/receiving
07-01 12:50:35.537  8234  8234 V BugleAction: no RCS because we're not registered
07-01 12:50:35.542  8234 16718 I CarrierServices: [492] inq.e: Network Operator: 310260
07-01 12:50:35.546  8234 16718 I CarrierServices: [492] inq.e: carrierWithOldEcApis: false
07-01 12:50:35.547  8234 16718 I CarrierServices: [492] inq.e: hasDialerThatSupportsNewEc: false
07-01 12:50:35.549  8234 16718 I CarrierServices: [492] jsn.connect: shouldUseCarrierServicesJibeService: true, CarrierServices rcs service found: true
07-01 12:50:35.550  8234 16718 I CarrierServices: [492] jsn.connect: Binding to JibeService in CarrierServices.
07-01 12:50:35.553  8234  8234 D RcsClientLib: Service com.google.android.rcs.client.profile.RcsProfileService connected. Will notify listeners: true
07-01 12:50:35.553  8234  8234 V BugleRcs: com.google.android.rcs.client.profile.RcsProfileService RCS service connected
07-01 12:50:35.553  8234  8234 V BugleRcs: kicking off RCS sending/receiving
07-01 12:50:35.555  8234  8234 V BugleAction: no RCS because we're not registered
07-01 12:50:35.556  4291  4306 W CarrierServices: [242] bmc.a: No config URL. RCS will be disabled!
07-01 12:50:35.557  8234  8234 I BugleRcs: RcsAvailability ACS url: null
07-01 12:50:35.558  8234 16718 I CarrierServices: [492] inq.e: Network Operator: 310260
07-01 12:50:35.563  8234 16718 I CarrierServices: [492] inq.e: carrierWithOldEcApis: false
07-01 12:50:35.563  8234 16718 I CarrierServices: [492] inq.e: hasDialerThatSupportsNewEc: false
07-01 12:50:35.567  1930  3617 I GnssLocationProvider: WakeLock acquired by sendMessage(REPORT_SV_STATUS, 0, com.android.server.location.GnssLocationProvider$SvStatusInfo@199b9f1)
07-01 12:50:35.568  1930  1943 I GnssLocationProvider: WakeLock released by handleMessage(REPORT_SV_STATUS, 0, com.android.server.location.GnssLocationProvider$SvStatusInfo@199b9f1)
07-01 12:50:35.569 17885 17922 D NetworkSecurityConfig: No Network Security Config specified, using platform default
07-01 12:50:35.573  8234 16718 I CarrierServices: [492] jsn.connect: shouldUseCarrierServicesJibeService: true, CarrierServices rcs service found: true
07-01 12:50:35.573  8234 16718 I CarrierServices: [492] jsn.connect: Binding to JibeService in CarrierServices.
07-01 12:50:35.575 17885 17885 E SQLiteLog: (1) table android_metadata already exists
07-01 12:50:35.576 17885 17885 E Field Book: table android_metadata already exists (code 1 SQLITE_ERROR): , while compiling: CREATE TABLE android_metadata (locale TEXT)
07-01 12:50:35.580  8234  8234 D RcsClientLib: Service com.google.android.rcs.client.businessinfo.BusinessInfoService connected. Will notify listeners: true
07-01 12:50:35.580  8234  8234 V BugleRcs: com.google.android.rcs.client.businessinfo.BusinessInfoService RCS service connected
07-01 12:50:35.581  8234  8234 V BugleRcs: kicking off RCS sending/receiving
07-01 12:50:35.581  8234  8234 V BugleAction: no RCS because we're not registered
07-01 12:50:35.582  4291  4306 W CarrierServices: [242] bmc.a: No config URL. RCS will be disabled!
07-01 12:50:35.582  8234  8234 I BugleRcs: RcsAvailability ACS url: null
07-01 12:50:35.587  8234 16718 W RcsProvisioning: Failed to read configuration: /data/user/0/com.google.android.apps.messaging/files/rcsconfig (No such file or directory)
07-01 12:50:35.587  8234 16718 W RcsProvisioning: java.io.FileNotFoundException: /data/user/0/com.google.android.apps.messaging/files/rcsconfig (No such file or directory)
07-01 12:50:35.587  8234 16718 W RcsProvisioning: 	at java.io.FileInputStream.open0(Native Method)
07-01 12:50:35.587  8234 16718 W RcsProvisioning: 	at java.io.FileInputStream.open(FileInputStream.java:231)
07-01 12:50:35.587  8234 16718 W RcsProvisioning: 	at java.io.FileInputStream.<init>(FileInputStream.java:165)
07-01 12:50:35.587  8234 16718 W RcsProvisioning: 	at android.app.ContextImpl.openFileInput(ContextImpl.java:560)
07-01 12:50:35.587  8234 16718 W RcsProvisioning: 	at android.content.ContextWrapper.openFileInput(ContextWrapper.java:202)
07-01 12:50:35.587  8234 16718 W RcsProvisioning: 	at ion.a(SourceFile:2)
07-01 12:50:35.587  8234 16718 W RcsProvisioning: 	at idl.a(SourceFile:4)
07-01 12:50:35.587  8234 16718 W RcsProvisioning: 	at idm.a(SourceFile:7)
07-01 12:50:35.587  8234 16718 W RcsProvisioning: 	at com.google.android.apps.messaging.rcsmigration.RcsStateProvider.onMigrationComplete(SourceFile:27)
07-01 12:50:35.587  8234 16718 W RcsProvisioning: 	at com.google.android.ims.rcsmigration.IRcsStateProvider$Stub.dispatchTransaction(SourceFile:14)
07-01 12:50:35.587  8234 16718 W RcsProvisioning: 	at com.google.android.aidl.BaseStub.onTransact(SourceFile:18)
07-01 12:50:35.587  8234 16718 W RcsProvisioning: 	at android.os.Binder.execTransact(Binder.java:731)
07-01 12:50:35.587  8234 16718 D RcsProvisioning: Retrieving backup token
07-01 12:50:35.587  8234 16718 D RcsProvisioning: Exception while getting subscriber Id. Using default
07-01 12:50:35.616 17885 17914 I FA      : App measurement initialized, version: 27000
07-01 12:50:35.617 17885 17914 I FA      : To enable debug logging run: adb shell setprop log.tag.FA VERBOSE
07-01 12:50:35.618 17885 17914 I FA      : To enable faster debug mode event logging run:
07-01 12:50:35.618 17885 17914 I FA      :   adb shell setprop debug.firebase.analytics.app com.fieldbook.tracker
07-01 12:50:35.618 17885 17885 I AppCompatViewInflater: app:theme is now deprecated. Please move to using android:theme instead.
07-01 12:50:35.662 17885 17885 D OpenGLRenderer: Skia GL Pipeline
07-01 12:50:35.672  1773  1817 E SurfaceFlinger: ro.sf.lcd_density must be defined as a build property
07-01 12:50:35.690  8234 16718 D RcsProvisioning: No backup token found
07-01 12:50:35.691  8234 16718 D RcsProvisioning: Clearing backup token
07-01 12:50:35.691  8234 16718 D RcsProvisioning: Exception while getting subscriber Id. Using default
07-01 12:50:35.732  2082  2320 D EGL_emulation: eglMakeCurrent: 0xe2205480: ver 3 0 (tinfo 0xe22035a0)
07-01 12:50:35.732  2723  2909 D EGL_emulation: eglMakeCurrent: 0xe2206980: ver 3 0 (tinfo 0xe2203910)
