07-01 12:53:01.445  8234 17987 I CarrierServices: [501] jsn.connect: Binding to JibeService in CarrierServices.
07-01 12:53:01.454  8234  8234 D RcsClientLib: Service com.google.android.rcs.client.profile.RcsProfileService connected. Will notify listeners: true
07-01 12:53:01.454  8234  8234 V BugleRcs: com.google.android.rcs.client.profile.RcsProfileService RCS service connected
07-01 12:53:01.455  8234  8234 V BugleRcs: kicking off RCS sending/receiving
07-01 12:53:01.457  8234  8234 V BugleAction: no RCS because we're not registered
07-01 12:53:01.457  4291  4306 W CarrierServices: [242] bmc.a: No config URL. RCS will be disabled!
07-01 12:53:01.457  8234  8234 I BugleRcs: RcsAvailability ACS url: null
07-01 12:53:01.465  8234 17987 I CarrierServices: [501] inq.e: Network Operator: 310260
07-01 12:53:01.466  8234 17987 I CarrierServices: [501] inq.e: carrierWithOldEcApis: false
07-01 12:53:01.466  8234 17987 I CarrierServices: [501] inq.e: hasDialerThatSupportsNewEc: false
07-01 12:53:01.469  8234 17987 I CarrierServices: [501] jsn.connect: shouldUseCarrierServicesJibeService: true, CarrierServices rcs service found: true
07-01 12:53:01.470  8234 17987 I CarrierServices: [501] jsn.connect: Binding to JibeService in CarrierServices.
07-01 12:53:01.477  3739  3770 D EGL_emulation: eglMakeCurrent: 0xe2205120: ver 3 0 (tinfo 0xe2203240)
07-01 12:53:01.479  2082  2320 D EGL_emulation: eglMakeCurrent: 0xe2205480: ver 3 0 (tinfo 0xe22035a0)
07-01 12:53:01.484  2723  2909 D EGL_emulation: eglMakeCurrent: 0xe2206980: ver 3 0 (tinfo 0xe2203910)
07-01 12:53:01.485  8234  8234 D RcsClientLib: Service com.google.android.rcs.client.businessinfo.BusinessInfoService connected. Will notify listeners: true
07-01 12:53:01.485  8234  8234 V BugleRcs: com.google.android.rcs.client.businessinfo.BusinessInfoService RCS service connected
07-01 12:53:01.485  8234  8234 V BugleRcs: kicking off RCS sending/receiving
07-01 12:53:01.486  8234  8234 V BugleAction: no RCS because we're not registered
07-01 12:53:01.486  4291  4306 W CarrierServices: [242] bmc.a: No config URL. RCS will be disabled!
07-01 12:53:01.486  8234  8234 I BugleRcs: RcsAvailability ACS url: null
07-01 12:53:01.492  8234 17987 W RcsProvisioning: Failed to read configuration: /data/user/0/com.google.android.apps.messaging/files/rcsconfig (No such file or directory)
07-01 12:53:01.492  8234 17987 W RcsProvisioning: java.io.FileNotFoundException: /data/user/0/com.google.android.apps.messaging/files/rcsconfig (No such file or directory)
07-01 12:53:01.492  8234 17987 W RcsProvisioning: 	at java.io.FileInputStream.open0(Native Method)
07-01 12:53:01.492  8234 17987 W RcsProvisioning: 	at java.io.FileInputStream.open(FileInputStream.java:231)
07-01 12:53:01.492  8234 17987 W RcsProvisioning: 	at java.io.FileInputStream.<init>(FileInputStream.java:165)
07-01 12:53:01.492  8234 17987 W RcsProvisioning: 	at android.app.ContextImpl.openFileInput(ContextImpl.java:560)
07-01 12:53:01.492  8234 17987 W RcsProvisioning: 	at android.content.ContextWrapper.openFileInput(ContextWrapper.java:202)
07-01 12:53:01.492  8234 17987 W RcsProvisioning: 	at ion.a(SourceFile:2)
07-01 12:53:01.492  8234 17987 W RcsProvisioning: 	at idl.a(SourceFile:4)
07-01 12:53:01.492  8234 17987 W RcsProvisioning: 	at idm.a(SourceFile:7)
07-01 12:53:01.492  8234 17987 W RcsProvisioning: 	at com.google.android.apps.messaging.rcsmigration.RcsStateProvider.onMigrationComplete(SourceFile:27)
07-01 12:53:01.492  8234 17987 W RcsProvisioning: 	at com.google.android.ims.rcsmigration.IRcsStateProvider$Stub.dispatchTransaction(SourceFile:14)
07-01 12:53:01.492  8234 17987 W RcsProvisioning: 	at com.google.android.aidl.BaseStub.onTransact(SourceFile:18)
07-01 12:53:01.492  8234 17987 W RcsProvisioning: 	at android.os.Binder.execTransact(Binder.java:731)
07-01 12:53:01.492  8234 17987 D RcsProvisioning: Retrieving backup token
07-01 12:53:01.493  8234 17987 D RcsProvisioning: Exception while getting subscriber Id. Using default
07-01 12:53:01.498  2082  2320 D EGL_emulation: eglMakeCurrent: 0xe2205480: ver 3 0 (tinfo 0xe22035a0)
07-01 12:53:01.500 18803 18803 D OpenGLRenderer: Skia GL Pipeline
07-01 12:53:01.500  2082  2320 D EGL_emulation: eglMakeCurrent: 0xe2205480: ver 3 0 (tinfo 0xe22035a0)
07-01 12:53:01.505  1773  1812 E SurfaceFlinger: ro.sf.lcd_density must be defined as a build property
07-01 12:53:01.513 18803 18813 I eldbook.tracke: Background concurrent copying GC freed 3840(581KB) AllocSpace objects, 10(456KB) LOS objects, 49% free, 2MB/4MB, paused 6.969ms total 40.018ms
07-01 12:53:01.532 18803 18829 I FA      : Tag Manager is not found and thus will not be used
07-01 12:53:01.554  1930  2713 I ActivityManager: START u0 {act=android.content.pm.action.REQUEST_PERMISSIONS pkg=com.google.android.packageinstaller cmp=com.google.android.packageinstaller/com.android.packageinstaller.permission.ui.GrantPermissionsActivity (has extras)} from uid 10095
07-01 12:53:01.560 18803 18803 D CreateDir: java.io.IOException: No such file or directory
07-01 12:53:01.562 18803 18803 I chatty  : uid=10095(com.fieldbook.tracker) identical 7 lines
07-01 12:53:01.562 18803 18803 D CreateDir: java.io.IOException: No such file or directory
07-01 12:53:01.565 18803 18803 E Sample Data: /storage/emulated/0/fieldBook/field_import/field_sample.csv (No such file or directory)
07-01 12:53:01.566 18803 18803 E Sample Data: /storage/emulated/0/fieldBook/field_import/field_sample2.csv (No such file or directory)
07-01 12:53:01.567 18803 18803 E Sample Data: /storage/emulated/0/fieldBook/field_import/field_sample3.csv (No such file or directory)
07-01 12:53:01.569 18803 18803 E Sample Data: /storage/emulated/0/fieldBook/resources/feekes_sample.jpg (No such file or directory)
07-01 12:53:01.569 18803 18803 E Sample Data: /storage/emulated/0/fieldBook/resources/stem_rust_sample.jpg (No such file or directory)
07-01 12:53:01.571 18803 18803 E Sample Data: /storage/emulated/0/fieldBook/trait/severity.txt (No such file or directory)
07-01 12:53:01.572 18803 18803 E Sample Data: /storage/emulated/0/fieldBook/trait/trait_sample.trt (No such file or directory)
07-01 12:53:01.575 18803 18803 E Sample Data: /storage/emulated/0/fieldBook/database/sample.db (No such file or directory)
07-01 12:53:01.576 18803 18803 E Sample Data: /storage/emulated/0/fieldBook/database/sample.db_sharedpref.xml (No such file or directory)
07-01 12:53:01.580 18803 18803 I Changelog Library: Showing changelog dialog skipped
07-01 12:53:01.586 18803 18803 I AppCompatViewInflater: app:theme is now deprecated. Please move to using android:theme instead.
07-01 12:53:01.594  8234 17987 D RcsProvisioning: No backup token found
07-01 12:53:01.594  8234 17987 D RcsProvisioning: Clearing backup token
07-01 12:53:01.594  8234 17987 D RcsProvisioning: Exception while getting subscriber Id. Using default
07-01 12:53:01.622  1646  1694 D gralloc_ranchu: gralloc_alloc: Creating ashmem region of size 3174400
07-01 12:53:01.628  1646  1694 D gralloc_ranchu: gralloc_alloc: Creating ashmem region of size 3174400
07-01 12:53:01.630  1646  2364 D gralloc_ranchu: gralloc_alloc: Creating ashmem region of size 3174400
07-01 12:53:01.640  8234 17987 I CarrierServices: [501] RcsStateProvider.onMigrationComplete: Deleted transfers file: false
07-01 12:53:01.642  8234 17987 W RcsProvisioning: Failed to read configuration: /data/user/0/com.google.android.apps.messaging/files/rcsconfig (No such file or directory)
07-01 12:53:01.642  8234 17987 W RcsProvisioning: java.io.FileNotFoundException: /data/user/0/com.google.android.apps.messaging/files/rcsconfig (No such file or directory)
07-01 12:53:01.642  8234 17987 W RcsProvisioning: 	at java.io.FileInputStream.open0(Native Method)
07-01 12:53:01.642  8234 17987 W RcsProvisioning: 	at java.io.FileInputStream.open(FileInputStream.java:231)
07-01 12:53:01.642  8234 17987 W RcsProvisioning: 	at java.io.FileInputStream.<init>(FileInputStream.java:165)
07-01 12:53:01.642  8234 17987 W RcsProvisioning: 	at android.app.ContextImpl.openFileInput(ContextImpl.java:560)
07-01 12:53:01.642  8234 17987 W RcsProvisioning: 	at android.content.ContextWrapper.openFileInput(ContextWrapper.java:202)
07-01 12:53:01.642  8234 17987 W RcsProvisioning: 	at ion.a(SourceFile:2)
07-01 12:53:01.642  8234 17987 W RcsProvisioning: 	at idl.a(SourceFile:4)
07-01 12:53:01.642  8234 17987 W RcsProvisioning: 	at idm.a(SourceFile:7)
07-01 12:53:01.642  8234 17987 W RcsProvisioning: 	at iez.buildConferencesFileName(SourceFile:30)
07-01 12:53:01.642  8234 17987 W RcsProvisioning: 	at com.google.android.apps.messaging.rcsmigration.RcsStateProvider.onMigrationComplete(SourceFile:48)
07-01 12:53:01.642  8234 17987 W RcsProvisioning: 	at com.google.android.ims.rcsmigration.IRcsStateProvider$Stub.dispatchTransaction(SourceFile:14)
07-01 12:53:01.642  8234 17987 W RcsProvisioning: 	at com.google.android.aidl.BaseStub.onTransact(SourceFile:18)
07-01 12:53:01.642  8234 17987 W RcsProvisioning: 	at android.os.Binder.execTransact(Binder.java:731)
07-01 12:53:01.642  8234 17987 D RcsProvisioning: Retrieving backup token
07-01 12:53:01.642  8234 17987 D RcsProvisioning: Exception while getting subscriber Id. Using default
07-01 12:53:01.704 18803 18846 D HostConnection: HostConnection::get() New Host Connection established 0xe07a3060, tid 18846
07-01 12:53:01.718 18803 18846 D HostConnection: HostComposition ext ANDROID_EMU_CHECKSUM_HELPER_v1 ANDROID_EMU_native_sync_v2 ANDROID_EMU_native_sync_v3 ANDROID_EMU_native_sync_v4 ANDROID_EMU_dma_v1 ANDROID_EMU_YUV420_888_to_NV21 ANDROID_EMU_YUV_Cache ANDROID_EMU_async_unmap_buffer GL_OES_EGL_image_external_essl3 GL_OES_vertex_array_object GL_KHR_texture_compression_astc_ldr ANDROID_EMU_host_side_tracing ANDROID_EMU_gles_max_version_3_0 
07-01 12:53:01.723 18803 18846 I ConfigStore: android::hardware::configstore::V1_0::ISurfaceFlingerConfigs::hasWideColorDisplay retrieved: 0
07-01 12:53:01.726 18803 18846 I ConfigStore: android::hardware::configstore::V1_0::ISurfaceFlingerConfigs::hasHDRDisplay retrieved: 0
07-01 12:53:01.726 18803 18846 I OpenGLRenderer: Initialized EGL, version 1.4
07-01 12:53:01.727 18803 18846 D OpenGLRenderer: Swap behavior 1
07-01 12:53:01.727 18803 18846 W OpenGLRenderer: Failed to choose config with EGL_SWAP_BEHAVIOR_PRESERVED, retrying without...
07-01 12:53:01.727 18803 18846 D OpenGLRenderer: Swap behavior 0
07-01 12:53:01.728 18803 18846 D eglCodecCommon: setVertexArrayObject: set vao to 0 (0) 0 0
07-01 12:53:01.728 18803 18846 D EGL_emulation: eglCreateContext: 0xdf5a9060: maj 3 min 0 rcv 3
07-01 12:53:01.729 18803 18846 D EGL_emulation: eglMakeCurrent: 0xdf5a9060: ver 3 0 (tinfo 0xdf5b1340)
07-01 12:53:01.733  1773  1904 E SurfaceFlinger: ro.sf.lcd_density must be defined as a build property
07-01 12:53:01.743  8234 17987 D RcsProvisioning: No backup token found
07-01 12:53:01.750  4291  4291 I CarrierServices: [2] aww.a: Unbinding RcsMigrationService
07-01 12:53:01.786 18803 18846 D HostConnection: createUnique: call
07-01 12:53:01.786 18803 18846 D HostConnection: HostConnection::get() New Host Connection established 0xcd65a0d0, tid 18846
07-01 12:53:01.789 18803 18846 D HostConnection: HostComposition ext ANDROID_EMU_CHECKSUM_HELPER_v1 ANDROID_EMU_native_sync_v2 ANDROID_EMU_native_sync_v3 ANDROID_EMU_native_sync_v4 ANDROID_EMU_dma_v1 ANDROID_EMU_YUV420_888_to_NV21 ANDROID_EMU_YUV_Cache ANDROID_EMU_async_unmap_buffer GL_OES_EGL_image_external_essl3 GL_OES_vertex_array_object GL_KHR_texture_compression_astc_ldr ANDROID_EMU_host_side_tracing ANDROID_EMU_gles_max_version_3_0 
07-01 12:53:01.789 18803 18846 E eglCodecCommon: GoldfishAddressSpaceHostMemoryAllocator: ioctl_ping failed for device_type=5, ret=-1
07-01 12:53:01.793  1773  1773 D SurfaceFlinger: duplicate layer name: changing com.fieldbook.tracker/com.fieldbook.tracker.activities.ConfigActivity to com.fieldbook.tracker/com.fieldbook.tracker.activities.ConfigActivity#1
07-01 12:53:01.800  1646  2364 D gralloc_ranchu: gralloc_alloc: Creating ashmem region of size 3174400
07-01 12:53:01.803  1646  2364 I chatty  : uid=1000(system) HwBinder:1646_3 identical 1 line
07-01 12:53:01.805  1646  2364 D gralloc_ranchu: gralloc_alloc: Creating ashmem region of size 3174400
07-01 12:53:01.822  1773  1773 D SurfaceFlinger: duplicate layer name: changing com.fieldbook.tracker/com.fieldbook.tracker.activities.ConfigActivity to com.fieldbook.tracker/com.fieldbook.tracker.activities.ConfigActivity#2
07-01 12:53:01.826  1646  2364 D gralloc_ranchu: gralloc_alloc: Creating ashmem region of size 8298496
07-01 12:53:01.832  1646  1694 D gralloc_ranchu: gralloc_alloc: Creating ashmem region of size 8298496
07-01 12:53:01.837  1646  1694 D gralloc_ranchu: gralloc_alloc: Creating ashmem region of size 8298496
07-01 12:53:01.860  7513  7513 W ActivityThread: handleWindowVisibility: no activity for token android.os.BinderProxy@be3ee17
07-01 12:53:01.877 18803 18846 D EGL_emulation: eglMakeCurrent: 0xdf5a9060: ver 3 0 (tinfo 0xdf5b1340)
07-01 12:53:01.882 18803 18846 D eglCodecCommon: setVertexArrayObject: set vao to 0 (0) 3 2
07-01 12:53:01.926 18803 18846 D EGL_emulation: eglMakeCurrent: 0xdf5a9060: ver 3 0 (tinfo 0xdf5b1340)
07-01 12:53:01.932 18803 18846 D EGL_emulation: eglMakeCurrent: 0xdf5a9060: ver 3 0 (tinfo 0xdf5b1340)
07-01 12:53:01.946  1646  1694 D gralloc_ranchu: gralloc_alloc: Creating ashmem region of size 7659520
07-01 12:53:01.956  1646  2364 D gralloc_ranchu: gralloc_alloc: Creating ashmem region of size 7659520
07-01 12:53:01.962  1646  1694 D gralloc_ranchu: gralloc_alloc: Creating ashmem region of size 7659520
07-01 12:53:01.980 18803 18803 I AppCompatViewInflater: app:theme is now deprecated. Please move to using android:theme instead.
07-01 12:53:01.982 18803 18803 I AppCompatViewInflater: app:theme is now deprecated. Please move to using android:theme instead.
07-01 12:53:01.986  7513  7530 D EGL_emulation: eglMakeCurrent: 0xdf5d0b00: ver 3 0 (tinfo 0xe01fb380)
07-01 12:53:01.989 18803 18846 D EGL_emulation: eglMakeCurrent: 0xdf5a9060: ver 3 0 (tinfo 0xdf5b1340)
07-01 12:53:01.989  1930  3617 I GnssLocationProvider: WakeLock acquired by sendMessage(REPORT_SV_STATUS, 0, com.android.server.location.GnssLocationProvider$SvStatusInfo@d1749d1)
07-01 12:53:01.989  1930  1943 I GnssLocationProvider: WakeLock released by handleMessage(REPORT_SV_STATUS, 0, com.android.server.location.GnssLocationProvider$SvStatusInfo@d1749d1)
07-01 12:53:02.002  3014  3014 I GoogleInputMethod: onFinishInput() : Dummy InputConnection bound
07-01 12:53:02.002  3014  3014 I GoogleInputMethod: onStartInput() : Dummy InputConnection bound
07-01 12:53:02.003 18803 18846 D EGL_emulation: eglMakeCurrent: 0xdf5a9060: ver 3 0 (tinfo 0xdf5b1340)
07-01 12:53:02.008 18803 18846 D EGL_emulation: eglMakeCurrent: 0xdf5a9060: ver 3 0 (tinfo 0xdf5b1340)
07-01 12:53:02.009  1773  1773 E SurfaceFlinger: [com.google.android.packageinstaller/com.android.packageinstaller.permission.ui.GrantPermissionsActivity#0] rejecting buffer: bufWidth=1008, bufHeight=1899, front.active.{w=1008, h=1898}
07-01 12:53:02.023  7513  7530 D EGL_emulation: eglMakeCurrent: 0xdf5d0b00: ver 3 0 (tinfo 0xe01fb380)
07-01 12:53:02.025  1646  1694 D gralloc_ranchu: gralloc_alloc: Creating ashmem region of size 7655424
07-01 12:53:02.028  1930  1952 I ActivityManager: Displayed com.google.android.packageinstaller/com.android.packageinstaller.permission.ui.GrantPermissionsActivity: +152ms (total +892ms)
07-01 12:53:02.033  7513  7530 D EGL_emulation: eglMakeCurrent: 0xdf5d0b00: ver 3 0 (tinfo 0xe01fb380)
07-01 12:53:02.037  1646  1694 D gralloc_ranchu: gralloc_alloc: Creating ashmem region of size 7655424
07-01 12:53:02.048 18803 18846 D EGL_emulation: eglMakeCurrent: 0xdf5a9060: ver 3 0 (tinfo 0xdf5b1340)
07-01 12:53:02.089  2458 18750 I Icing   : Indexing com.google.android.gms-apps from com.google.android.gms
07-01 12:53:02.184  1773  1969 W SurfaceFlinger: Attempting to set client state on removed layer: Splash Screen com.fieldbook.tracker#0
07-01 12:53:02.184  1773  1969 W SurfaceFlinger: Attempting to destroy on removed layer: Splash Screen com.fieldbook.tracker#0
07-01 12:53:02.196  2458 18750 I Icing   : Indexing done com.google.android.gms-apps
07-01 12:53:02.203  3014  3014 I IcingNotification: Received intent: Intent { act=com.google.android.gms.icing.IME_NOTIFICATION flg=0x10 pkg=com.google.android.inputmethod.latin (has extras) }
07-01 12:53:02.223  1773  1773 W SurfaceFlinger: couldn't log to binary event log: overflow.
07-01 12:53:02.281  1930  2713 W ActivityManager: Unable to start service Intent { act=com.google.firebase.MESSAGING_EVENT pkg=com.fieldbook.tracker } U=0: not found
07-01 12:53:02.224  1773  1773 W SurfaceFlinger: couldn't log to binary event log: overflow.
07-01 12:53:02.282 18803 18803 E FirebaseInstanceId: binding to the service failed
07-01 12:53:02.339  3739  3739 I StreamRenderer: cleanUpRendererScope(nowcards-7595013244411968431)
07-01 12:53:02.346  3739 11996 I PBSessionCacheImpl: Deleted sessionId[154005897179] from persistence.
07-01 12:53:02.360  3739  3739 W SearchService: Abort, client detached.
07-01 12:53:02.360  3739  3739 I StreamController: cleanUpControllerScope(nowcards-7595013244411968431)
07-01 12:53:02.384  3739 15161 I WorkController: WorkProxy is not enqueued because WorkController is disposed: WorkProxy{Name=context::j, WorkerId=context, id=bf42d2a}
07-01 12:53:02.386  3739 15161 I WorkController: WorkProxy is not enqueued because WorkController is disposed: WorkProxy{Name=context::m, WorkerId=context, id=536371b}
07-01 12:53:02.386  3739 15161 I WorkController: WorkProxy is not enqueued because WorkController is disposed: WorkProxy{Name=context::n, WorkerId=context, id=6c1e0b8}
07-01 12:53:02.386  3739 15161 I WorkController: WorkProxy is not enqueued because WorkController is disposed: WorkProxy{Name=context::p, WorkerId=context, id=954ee91}
07-01 12:53:02.403  2082  2320 D EGL_emulation: eglMakeCurrent: 0xe2205480: ver 3 0 (tinfo 0xe22035a0)
07-01 12:53:02.421  2082  2320 I chatty  : uid=10026(com.android.systemui) RenderThread identical 2 lines
07-01 12:53:02.425  2082  2320 D EGL_emulation: eglMakeCurrent: 0xe2205480: ver 3 0 (tinfo 0xe22035a0)
07-01 12:53:02.995  1930  3617 I GnssLocationProvider: WakeLock acquired by sendMessage(REPORT_SV_STATUS, 0, com.android.server.location.GnssLocationProvider$SvStatusInfo@892fb58)
07-01 12:53:02.996  1930  1943 I GnssLocationProvider: WakeLock released by handleMessage(REPORT_SV_STATUS, 0, com.android.server.location.GnssLocationProvider$SvStatusInfo@892fb58)
07-01 12:53:03.208 18803 18846 D EGL_emulation: eglMakeCurrent: 0xdf5a9060: ver 3 0 (tinfo 0xdf5b1340)
07-01 12:53:03.505  1930  2586 V BackupManagerConstants: getFullBackupRequiredNetworkType(...) returns 2
07-01 12:53:03.505  1930  2586 V BackupManagerConstants: getFullBackupRequireCharging(...) returns true
07-01 12:53:03.473 18803 18846 I chatty  : uid=10095(com.fieldbook.tracker) RenderThread identical 29 lines
07-01 12:53:03.478 18803 18846 D EGL_emulation: eglMakeCurrent: 0xdf5a9060: ver 3 0 (tinfo 0xdf5b1340)
07-01 12:53:03.562  1646  1694 D gralloc_ranchu: gralloc_alloc: Creating ashmem region of size 7655424
07-01 12:53:03.602 18803 18846 D EGL_emulation: eglMakeCurrent: 0xdf5a9060: ver 3 0 (tinfo 0xdf5b1340)
07-01 12:53:04.001  1930  3617 I GnssLocationProvider: WakeLock acquired by sendMessage(REPORT_SV_STATUS, 0, com.android.server.location.GnssLocationProvider$SvStatusInfo@9b93aed)
07-01 12:53:04.003  1930  1943 I GnssLocationProvider: WakeLock released by handleMessage(REPORT_SV_STATUS, 0, com.android.server.location.GnssLocationProvider$SvStatusInfo@9b93aed)
07-01 12:53:04.669  1930  2050 E TaskPersister: File error accessing recents directory (directory doesn't exist?).
07-01 12:53:05.003  1930  3617 I GnssLocationProvider: WakeLock acquired by sendMessage(REPORT_SV_STATUS, 0, com.android.server.location.GnssLocationProvider$SvStatusInfo@77b98e9)
07-01 12:53:05.003  1930  1943 I GnssLocationProvider: WakeLock released by handleMessage(REPORT_SV_STATUS, 0, com.android.server.location.GnssLocationProvider$SvStatusInfo@77b98e9)
07-01 12:53:06.010  1930  3617 I GnssLocationProvider: WakeLock acquired by sendMessage(REPORT_SV_STATUS, 0, com.android.server.location.GnssLocationProvider$SvStatusInfo@9ebdaa5)
07-01 12:53:06.012  1930  1943 I GnssLocationProvider: WakeLock released by handleMessage(REPORT_SV_STATUS, 0, com.android.server.location.GnssLocationProvider$SvStatusInfo@9ebdaa5)
07-01 12:53:07.013  1930  3617 I GnssLocationProvider: WakeLock acquired by sendMessage(REPORT_SV_STATUS, 0, com.android.server.location.GnssLocationProvider$SvStatusInfo@6a88e7a)
07-01 12:53:07.014  1930  1943 I GnssLocationProvider: WakeLock released by handleMessage(REPORT_SV_STATUS, 0, com.android.server.location.GnssLocationProvider$SvStatusInfo@6a88e7a)
07-01 12:53:08.017  1930  3617 I GnssLocationProvider: WakeLock acquired by sendMessage(REPORT_SV_STATUS, 0, com.android.server.location.GnssLocationProvider$SvStatusInfo@d8a062b)
07-01 12:53:08.019  1930  1943 I GnssLocationProvider: WakeLock released by handleMessage(REPORT_SV_STATUS, 0, com.android.server.location.GnssLocationProvider$SvStatusInfo@d8a062b)
07-01 12:53:08.127  1880  1880 E netmgr  : Failed to open QEMU pipe 'qemud:network': Invalid argument
07-01 12:53:08.128  1880  1880 E netmgr  : WifiForwarder unable to open QEMU pipe: Invalid argument
07-01 12:53:08.960  5363  5363 I Finsky  : [2] abyu.onStartJob(3): SCH: onJobSchedulerWakeup with jobId 9004
07-01 12:53:08.963  5363  5363 I Finsky  : [2] abtz.a(9): SCH: Scheduling fallback job with id: 9034, and delay: 43200000 ms
07-01 12:53:08.966  5363  5363 I Finsky  : [2] abtz.b(9): SCH: Scheduling fallback in 64799998 (absolute: 71654160)
07-01 12:53:08.987  5363  5363 I Finsky  : [2] abui.handleMessage(8): SCH: DeviceState: DeviceState{currentTime=1656694388983, isCharging=false, isIdle=false, netAny=true, netNotRoaming=true, netUnmetered=true, batteryPercent=100.0}
07-01 12:53:08.990  5363 18720 I Finsky  : [645] abwt.b(5): SCH: Jobs in database: 1-1337 2-48879 12-1 24-77777777 26-1414141414 31-305419896 
07-01 12:53:08.996  5363  5363 I Finsky  : [2] abuj.b(10): SCH: Running job: 12-1
07-01 12:53:08.997  5363  5363 I Finsky  : [2] ContentSyncJob.r(1): [ContentSync] job started
07-01 12:53:09.001  5363  5363 I Finsky  : [2] abui.handleMessage(68): SCH: RunningQueue size: 1, PendingQueue size: 0
07-01 12:53:09.002  5363  5363 I Finsky  : [2] abuj.p(3): SCH: Running queue: 12-1 
07-01 12:53:09.021  1930  3617 I GnssLocationProvider: WakeLock acquired by sendMessage(REPORT_SV_STATUS, 0, com.android.server.location.GnssLocationProvider$SvStatusInfo@f670fa3)
07-01 12:53:09.021  1930  1943 I GnssLocationProvider: WakeLock released by handleMessage(REPORT_SV_STATUS, 0, com.android.server.location.GnssLocationProvider$SvStatusInfo@f670fa3)
07-01 12:53:09.036  5363 18758 I Finsky  : [657] glv.b(1): Completed 0 account content syncs with 0 successful.
07-01 12:53:09.037  5363  5363 I Finsky  : [2] ContentSyncJob.a(1): [ContentSync] Installation state replication succeeded.
07-01 12:53:09.037  5363  5363 I Finsky  : [2] abvs.n(4): SCH: jobFinished: 12-1. TimeElapsed: 40ms.
07-01 12:53:09.037  5363  5363 I Finsky  : [2] abuj.e(4): SCH: Job 12-1 finished. Not rescheduling.
07-01 12:53:09.038  5363  5363 I Finsky  : [2] abui.handleMessage(68): SCH: RunningQueue size: 0, PendingQueue size: 0
07-01 12:53:09.038  5363  5363 I Finsky  : [2] abui.handleMessage(26): SCH: Executor finished
07-01 12:53:09.051  5363  5363 I Finsky  : [2] abwt.b(5): SCH: Jobs in database: 1-1337 2-48879 24-77777777 26-1414141414 31-305419896 
07-01 12:53:09.052  5363  5363 I Finsky  : [2] abvf.d(37): SCH: ConstraintMapping: 24-77777777,  -> L: 0ms, D: 74887597ms, C: false, I: true, N: 0
07-01 12:53:09.052  5363  5363 I Finsky  : [2] abvf.d(37): SCH: ConstraintMapping: 1-1337, 31-305419896,  -> L: 1287562ms, D: 72027094ms, C: false, I: false, N: 1
07-01 12:53:09.052  5363  5363 I Finsky  : [2] abvf.d(37): SCH: ConstraintMapping: 2-48879,  -> L: 0ms, D: 78481223ms, C: true, I: true, N: 2
07-01 12:53:09.052  5363  5363 I Finsky  : [2] abvf.d(37): SCH: ConstraintMapping: 26-1414141414,  -> L: 36224755ms, D: 37124755ms, C: false, I: false, N: 0
07-01 12:53:09.057  5363  5363 I Finsky  : [2] abvf.f(7): SCH: Cancelling existing jobscheduler jobs: 9005 9007 9003 
07-01 12:53:09.057  5363  5363 I Finsky  : [2] abvf.e(8): SCH: Throttling wakeup for job 9000 (expected to run in 0 ms) due to recent wakeup
07-01 12:53:09.058  5363  5363 I Finsky  : [2] abvf.e(23): SCH: Scheduling job Id: 9000, L: 30000, D: 74887597, C: false, I: true, N: 0
07-01 12:53:09.058  5363  5363 I Finsky  : [2] abvf.e(23): SCH: Scheduling job Id: 9001, L: 1287562, D: 72027094, C: false, I: false, N: 1
07-01 12:53:09.059  5363  5363 I Finsky  : [2] abvf.e(8): SCH: Throttling wakeup for job 9002 (expected to run in 0 ms) due to recent wakeup
07-01 12:53:09.059  5363  5363 I Finsky  : [2] abvf.e(23): SCH: Scheduling job Id: 9002, L: 30000, D: 78481223, C: true, I: true, N: 2
07-01 12:53:09.060  5363  5363 I Finsky  : [2] abvf.e(23): SCH: Scheduling job Id: 9006, L: 36224755, D: 37124755, C: false, I: false, N: 0
07-01 12:53:09.839  1786  1861 E storaged: getDiskStats failed with result NOT_SUPPORTED and size 0
07-01 12:53:10.026  1930  3617 I GnssLocationProvider: WakeLock acquired by sendMessage(REPORT_SV_STATUS, 0, com.android.server.location.GnssLocationProvider$SvStatusInfo@c2228cc)
07-01 12:53:10.027  1930  1943 I GnssLocationProvider: WakeLock released by handleMessage(REPORT_SV_STATUS, 0, com.android.server.location.GnssLocationProvider$SvStatusInfo@c2228cc)
07-01 12:53:11.030  1930  3617 I GnssLocationProvider: WakeLock acquired by sendMessage(REPORT_SV_STATUS, 0, com.android.server.location.GnssLocationProvider$SvStatusInfo@cc1b715)
07-01 12:53:11.033  1930  1943 I GnssLocationProvider: WakeLock released by handleMessage(REPORT_SV_STATUS, 0, com.android.server.location.GnssLocationProvider$SvStatusInfo@cc1b715)
07-01 12:53:11.772  1930  1943 E memtrack: Couldn't load memtrack module
07-01 12:53:11.772  1930  1943 W android.os.Debug: failed to get memory consumption info: -1
07-01 12:53:11.776  2067  9497 E WakeLock: GCM_HB_ALARM release without a matched acquire!
07-01 12:53:12.036  1930  3617 I GnssLocationProvider: WakeLock acquired by sendMessage(REPORT_SV_STATUS, 0, com.android.server.location.GnssLocationProvider$SvStatusInfo@cbcd01b)
07-01 12:53:12.037  1930  1943 I GnssLocationProvider: WakeLock released by handleMessage(REPORT_SV_STATUS, 0, com.android.server.location.GnssLocationProvider$SvStatusInfo@cbcd01b)
07-01 12:53:13.040  1930  3617 I GnssLocationProvider: WakeLock acquired by sendMessage(REPORT_SV_STATUS, 0, com.android.server.location.GnssLocationProvider$SvStatusInfo@3af05b8)
07-01 12:53:13.041  1930  1943 I GnssLocationProvider: WakeLock released by handleMessage(REPORT_SV_STATUS, 0, com.android.server.location.GnssLocationProvider$SvStatusInfo@3af05b8)
07-01 12:53:14.044  1930  3617 I GnssLocationProvider: WakeLock acquired by sendMessage(REPORT_SV_STATUS, 0, com.android.server.location.GnssLocationProvider$SvStatusInfo@993af91)
07-01 12:53:14.046  1930  1943 I GnssLocationProvider: WakeLock released by handleMessage(REPORT_SV_STATUS, 0, com.android.server.location.GnssLocationProvider$SvStatusInfo@993af91)
07-01 12:53:15.047  1930  3617 I GnssLocationProvider: WakeLock acquired by sendMessage(REPORT_SV_STATUS, 0, com.android.server.location.GnssLocationProvider$SvStatusInfo@e861ef6)
07-01 12:53:15.049  1930  1943 I GnssLocationProvider: WakeLock released by handleMessage(REPORT_SV_STATUS, 0, com.android.server.location.GnssLocationProvider$SvStatusInfo@e861ef6)
07-01 12:53:16.052  1930  3617 I GnssLocationProvider: WakeLock acquired by sendMessage(REPORT_SV_STATUS, 0, com.android.server.location.GnssLocationProvider$SvStatusInfo@4ce52f7)
07-01 12:53:16.054  1930  1943 I GnssLocationProvider: WakeLock released by handleMessage(REPORT_SV_STATUS, 0, com.android.server.location.GnssLocationProvider$SvStatusInfo@4ce52f7)
07-01 12:53:16.279 18865 18865 D AndroidRuntime: >>>>>> START com.android.internal.os.RuntimeInit uid 2000 <<<<<<
07-01 12:53:16.322 18865 18865 W app_process: Unexpected CPU variant for X86 using defaults: x86
07-01 12:53:16.324 18865 18865 I app_process: The ClassLoaderContext is a special shared library.
07-01 12:53:16.329 18865 18865 W app_process: CheckJNI: method to register "write" not in the given class. This is slow, consider changing your RegisterNatives calls.
07-01 12:53:16.330 18865 18865 I chatty  : uid=2000(shell) main identical 42 lines
07-01 12:53:16.330 18865 18865 W app_process: CheckJNI: method to register "write" not in the given class. This is slow, consider changing your RegisterNatives calls.
07-01 12:53:16.330 18865 18865 W app_process: CheckJNI: method to register "write_non_chained" not in the given class. This is slow, consider changing your RegisterNatives calls.
07-01 12:53:16.331 18865 18865 I chatty  : uid=2000(shell) main identical 7 lines
07-01 12:53:16.331 18865 18865 W app_process: CheckJNI: method to register "write_non_chained" not in the given class. This is slow, consider changing your RegisterNatives calls.
07-01 12:53:16.342 18865 18865 D AndroidRuntime: Calling main entry com.android.commands.content.Content
07-01 12:53:16.349  1930  1930 V SettingsProvider: Notifying for 0: content://settings/system/accelerometer_rotation
07-01 12:53:16.352 18865 18865 D AndroidRuntime: Shutting down VM
07-01 12:53:16.471 18876 18876 D AndroidRuntime: >>>>>> START com.android.internal.os.RuntimeInit uid 2000 <<<<<<
07-01 12:53:16.474 18876 18876 W app_process: Could not reserve sentinel fault page
07-01 12:53:16.504 18876 18876 W app_process: Unexpected CPU variant for X86 using defaults: x86
07-01 12:53:16.506 18876 18876 I app_process: The ClassLoaderContext is a special shared library.
07-01 12:53:16.510 18876 18876 W app_process: CheckJNI: method to register "write" not in the given class. This is slow, consider changing your RegisterNatives calls.
07-01 12:53:16.512 18876 18876 I chatty  : uid=2000(shell) main identical 42 lines
07-01 12:53:16.512 18876 18876 W app_process: CheckJNI: method to register "write" not in the given class. This is slow, consider changing your RegisterNatives calls.
07-01 12:53:16.512 18876 18876 W app_process: CheckJNI: method to register "write_non_chained" not in the given class. This is slow, consider changing your RegisterNatives calls.
07-01 12:53:16.513 18876 18876 I chatty  : uid=2000(shell) main identical 7 lines
07-01 12:53:16.513 18876 18876 W app_process: CheckJNI: method to register "write_non_chained" not in the given class. This is slow, consider changing your RegisterNatives calls.
07-01 12:53:16.523 18876 18876 D AndroidRuntime: Calling main entry com.android.commands.content.Content
07-01 12:53:16.529  1930  1930 V SettingsProvider: Notifying for 0: content://settings/system/user_rotation
07-01 12:53:16.530 18876 18876 D AndroidRuntime: Shutting down VM
07-01 12:53:16.608  3014  3014 I Conv2QueryExtension: isEnabled() : true
07-01 12:53:16.608  3014  3014 E AndroidIME: evo: Failed to dump cda
07-01 12:53:16.608  3014  3014 E AndroidIME: java.lang.NullPointerException: Attempt to invoke virtual method 'boolean cxn.a(android.content.Context, java.util.Locale)' on a null object reference
07-01 12:53:16.608  3014  3014 E AndroidIME: 	at com.google.android.apps.inputmethod.libs.search.nativecard.FeatureCardNoticeExtension.a(PG:132)
07-01 12:53:16.608  3014  3014 E AndroidIME: 	at cda.a(PG:352)
07-01 12:53:16.608  3014  3014 E AndroidIME: 	at evo.a(PG:20)
07-01 12:53:16.608  3014  3014 E AndroidIME: 	at bgm.a(PG:2502)
07-01 12:53:16.608  3014  3014 E AndroidIME: 	at com.android.inputmethod.latin.LatinIME.a(PG:573)
07-01 12:53:16.608  3014  3014 E AndroidIME: 	at bgm.dump(PG:2496)
07-01 12:53:16.608  3014  3014 E AndroidIME: 	at android.inputmethodservice.IInputMethodWrapper.executeMessage(IInputMethodWrapper.java:151)
07-01 12:53:16.608  3014  3014 E AndroidIME: 	at com.android.internal.os.HandlerCaller$MyHandler.handleMessage(HandlerCaller.java:37)
07-01 12:53:16.608  3014  3014 E AndroidIME: 	at android.os.Handler.dispatchMessage(Handler.java:106)
07-01 12:53:16.608  3014  3014 E AndroidIME: 	at android.os.Looper.loop(Looper.java:193)
07-01 12:53:16.608  3014  3014 E AndroidIME: 	at android.app.ActivityThread.main(ActivityThread.java:6669)
07-01 12:53:16.608  3014  3014 E AndroidIME: 	at java.lang.reflect.Method.invoke(Native Method)
07-01 12:53:16.608  3014  3014 E AndroidIME: 	at com.android.internal.os.RuntimeInit$MethodAndArgsCaller.run(RuntimeInit.java:493)
07-01 12:53:16.608  3014  3014 E AndroidIME: 	at com.android.internal.os.ZygoteInit.main(ZygoteInit.java:858)
07-01 12:53:17.058  1930  3617 I GnssLocationProvider: WakeLock acquired by sendMessage(REPORT_SV_STATUS, 0, com.android.server.location.GnssLocationProvider$SvStatusInfo@f6e9f01)
07-01 12:53:17.060  1930  1943 I GnssLocationProvider: WakeLock released by handleMessage(REPORT_SV_STATUS, 0, com.android.server.location.GnssLocationProvider$SvStatusInfo@f6e9f01)
07-01 12:53:17.411 18905 18905 D AndroidRuntime: >>>>>> START com.android.internal.os.RuntimeInit uid 2000 <<<<<<
07-01 12:53:17.443 18905 18905 W app_process: Unexpected CPU variant for X86 using defaults: x86
07-01 12:53:17.444 18905 18905 I app_process: The ClassLoaderContext is a special shared library.
07-01 12:53:17.444 18905 18905 I app_process: The ClassLoaderContext is a special shared library.
07-01 12:53:17.450 18905 18905 W app_process: CheckJNI: method to register "write" not in the given class. This is slow, consider changing your RegisterNatives calls.
07-01 12:53:17.452 18905 18905 I chatty  : uid=2000(shell) main identical 42 lines
07-01 12:53:17.452 18905 18905 W app_process: CheckJNI: method to register "write" not in the given class. This is slow, consider changing your RegisterNatives calls.
07-01 12:53:17.452 18905 18905 W app_process: CheckJNI: method to register "write_non_chained" not in the given class. This is slow, consider changing your RegisterNatives calls.
07-01 12:53:17.452 18905 18905 I chatty  : uid=2000(shell) main identical 7 lines
07-01 12:53:17.452 18905 18905 W app_process: CheckJNI: method to register "write_non_chained" not in the given class. This is slow, consider changing your RegisterNatives calls.
07-01 12:53:17.468 18905 18905 D AndroidRuntime: Calling main entry com.android.commands.uiautomator.Launcher
07-01 12:53:17.476  1930  1930 V SettingsProvider: Notifying for 0: content://settings/secure/accessibility_enabled
07-01 12:53:18.063  1930  3617 I GnssLocationProvider: WakeLock acquired by sendMessage(REPORT_SV_STATUS, 0, com.android.server.location.GnssLocationProvider$SvStatusInfo@7c4f94)
07-01 12:53:18.066  1930  1943 I GnssLocationProvider: WakeLock released by handleMessage(REPORT_SV_STATUS, 0, com.android.server.location.GnssLocationProvider$SvStatusInfo@7c4f94)
07-01 12:53:18.484  1930  2713 W WindowManager: removeWindowToken: Attempted to remove non-existing token: android.os.Binder@25231a6
07-01 12:53:18.485  1930  1930 V SettingsProvider: Notifying for 0: content://settings/secure/accessibility_enabled
07-01 12:53:18.491  1930  1930 V SettingsProvider: Notifying for 0: content://settings/system/user_rotation
07-01 12:53:18.491  1930  1930 V SettingsProvider: Notifying for 0: content://settings/system/accelerometer_rotation
07-01 12:53:18.491 18905 18905 D AndroidRuntime: Shutting down VM
07-01 12:53:18.711 18923 18923 D AndroidRuntime: >>>>>> START com.android.internal.os.RuntimeInit uid 2000 <<<<<<
07-01 12:53:18.747 18923 18923 W app_process: Unexpected CPU variant for X86 using defaults: x86
07-01 12:53:18.748 18923 18923 I app_process: The ClassLoaderContext is a special shared library.
07-01 12:53:18.749 18923 18923 I app_process: The ClassLoaderContext is a special shared library.
07-01 12:53:18.752 18923 18923 W app_process: CheckJNI: method to register "write" not in the given class. This is slow, consider changing your RegisterNatives calls.
07-01 12:53:18.754 18923 18923 I chatty  : uid=2000(shell) main identical 42 lines
07-01 12:53:18.754 18923 18923 W app_process: CheckJNI: method to register "write" not in the given class. This is slow, consider changing your RegisterNatives calls.
07-01 12:53:18.754 18923 18923 W app_process: CheckJNI: method to register "write_non_chained" not in the given class. This is slow, consider changing your RegisterNatives calls.
07-01 12:53:18.754 18923 18923 I chatty  : uid=2000(shell) main identical 7 lines
07-01 12:53:18.754 18923 18923 W app_process: CheckJNI: method to register "write_non_chained" not in the given class. This is slow, consider changing your RegisterNatives calls.
07-01 12:53:18.764 18923 18923 D AndroidRuntime: Calling main entry com.android.commands.uiautomator.Launcher
07-01 12:53:18.773  1930  1930 V SettingsProvider: Notifying for 0: content://settings/secure/accessibility_enabled
07-01 12:53:19.064  1930  3617 I GnssLocationProvider: WakeLock acquired by sendMessage(REPORT_SV_STATUS, 0, com.android.server.location.GnssLocationProvider$SvStatusInfo@f98d100)
07-01 12:53:19.066  1930  1943 I GnssLocationProvider: WakeLock released by handleMessage(REPORT_SV_STATUS, 0, com.android.server.location.GnssLocationProvider$SvStatusInfo@f98d100)
07-01 12:53:19.793 18923 18923 W AccessibilityNodeInfoDumper: Fetch time: 3ms
07-01 12:53:19.796  1930  2622 W WindowManager: removeWindowToken: Attempted to remove non-existing token: android.os.Binder@25fc232
07-01 12:53:19.797  1930  1930 V SettingsProvider: Notifying for 0: content://settings/secure/accessibility_enabled
07-01 12:53:19.801 18923 18923 D AndroidRuntime: Shutting down VM
07-01 12:53:19.806  1797  1800 D hwcomposer: hw_composer sent 114 syncs in 61s
07-01 12:53:20.064  1930  3617 I GnssLocationProvider: WakeLock acquired by sendMessage(REPORT_SV_STATUS, 0, com.android.server.location.GnssLocationProvider$SvStatusInfo@943cf7e)
07-01 12:53:20.067  1930  1943 I GnssLocationProvider: WakeLock released by handleMessage(REPORT_SV_STATUS, 0, com.android.server.location.GnssLocationProvider$SvStatusInfo@943cf7e)
07-01 12:53:20.650 18950 18950 D AndroidRuntime: >>>>>> START com.android.internal.os.RuntimeInit uid 2000 <<<<<<
07-01 12:53:20.684 18950 18950 W app_process: Unexpected CPU variant for X86 using defaults: x86
07-01 12:53:20.686 18950 18950 I app_process: The ClassLoaderContext is a special shared library.
07-01 12:53:20.687 18950 18950 I app_process: The ClassLoaderContext is a special shared library.
07-01 12:53:20.692 18950 18950 W app_process: CheckJNI: method to register "write" not in the given class. This is slow, consider changing your RegisterNatives calls.
07-01 12:53:20.694 18950 18950 I chatty  : uid=2000(shell) main identical 42 lines
07-01 12:53:20.694 18950 18950 W app_process: CheckJNI: method to register "write" not in the given class. This is slow, consider changing your RegisterNatives calls.
07-01 12:53:20.694 18950 18950 W app_process: CheckJNI: method to register "write_non_chained" not in the given class. This is slow, consider changing your RegisterNatives calls.
07-01 12:53:20.695 18950 18950 I chatty  : uid=2000(shell) main identical 7 lines
07-01 12:53:20.695 18950 18950 W app_process: CheckJNI: method to register "write_non_chained" not in the given class. This is slow, consider changing your RegisterNatives calls.
07-01 12:53:20.707 18950 18950 D AndroidRuntime: Calling main entry com.android.commands.uiautomator.Launcher
07-01 12:53:21.068  1930  3617 I GnssLocationProvider: WakeLock acquired by sendMessage(REPORT_SV_STATUS, 0, com.android.server.location.GnssLocationProvider$SvStatusInfo@dc63f5)
07-01 12:53:21.070  1930  1943 I GnssLocationProvider: WakeLock released by handleMessage(REPORT_SV_STATUS, 0, com.android.server.location.GnssLocationProvider$SvStatusInfo@dc63f5)
07-01 12:53:21.734 18950 18950 W AccessibilityNodeInfoDumper: Fetch time: 4ms
07-01 12:53:20.714  1930  1930 V SettingsProvider: Notifying for 0: content://settings/secure/accessibility_enabled
07-01 12:53:21.736  1930  2299 W WindowManager: removeWindowToken: Attempted to remove non-existing token: android.os.Binder@48becdf
07-01 12:53:21.737  1930  1930 V SettingsProvider: Notifying for 0: content://settings/secure/accessibility_enabled
07-01 12:53:21.745 18950 18950 D AndroidRuntime: Shutting down VM
07-01 12:53:21.813  1930  1943 E memtrack: Couldn't load memtrack module
07-01 12:53:21.813  1930  1943 W android.os.Debug: failed to get memory consumption info: -1
07-01 12:53:22.073  1930  3617 I GnssLocationProvider: WakeLock acquired by sendMessage(REPORT_SV_STATUS, 0, com.android.server.location.GnssLocationProvider$SvStatusInfo@d6c77fb)
07-01 12:53:22.075  1930  1943 I GnssLocationProvider: WakeLock released by handleMessage(REPORT_SV_STATUS, 0, com.android.server.location.GnssLocationProvider$SvStatusInfo@d6c77fb)
07-01 12:53:22.667 18983 18983 D AndroidRuntime: >>>>>> START com.android.internal.os.RuntimeInit uid 2000 <<<<<<
07-01 12:53:22.670 18983 18983 W app_process: Could not reserve sentinel fault page
07-01 12:53:22.702 18983 18983 W app_process: Unexpected CPU variant for X86 using defaults: x86
07-01 12:53:22.703 18983 18983 I app_process: The ClassLoaderContext is a special shared library.
07-01 12:53:22.704 18983 18983 I app_process: The ClassLoaderContext is a special shared library.
07-01 12:53:22.708 18983 18983 W app_process: CheckJNI: method to register "write" not in the given class. This is slow, consider changing your RegisterNatives calls.
07-01 12:53:22.710 18983 18983 I chatty  : uid=2000(shell) main identical 42 lines
07-01 12:53:22.710 18983 18983 W app_process: CheckJNI: method to register "write" not in the given class. This is slow, consider changing your RegisterNatives calls.
07-01 12:53:22.710 18983 18983 W app_process: CheckJNI: method to register "write_non_chained" not in the given class. This is slow, consider changing your RegisterNatives calls.
07-01 12:53:22.710 18983 18983 I chatty  : uid=2000(shell) main identical 7 lines
07-01 12:53:22.710 18983 18983 W app_process: CheckJNI: method to register "write_non_chained" not in the given class. This is slow, consider changing your RegisterNatives calls.
07-01 12:53:22.721 18983 18983 D AndroidRuntime: Calling main entry com.android.commands.uiautomator.Launcher
07-01 12:53:23.075  1930  3617 I GnssLocationProvider: WakeLock acquired by sendMessage(REPORT_SV_STATUS, 0, com.android.server.location.GnssLocationProvider$SvStatusInfo@2605056)
07-01 12:53:23.076  1930  1943 I GnssLocationProvider: WakeLock released by handleMessage(REPORT_SV_STATUS, 0, com.android.server.location.GnssLocationProvider$SvStatusInfo@2605056)
07-01 12:53:23.747 18983 18983 W AccessibilityNodeInfoDumper: Fetch time: 3ms
07-01 12:53:22.732  1930  1930 V SettingsProvider: Notifying for 0: content://settings/secure/accessibility_enabled
07-01 12:53:23.749  1930  2713 W WindowManager: removeWindowToken: Attempted to remove non-existing token: android.os.Binder@adfc018
07-01 12:53:23.750  1930  1930 V SettingsProvider: Notifying for 0: content://settings/secure/accessibility_enabled
07-01 12:53:23.758 18983 18983 D AndroidRuntime: Shutting down VM
07-01 12:53:24.007 19004 19004 D AndroidRuntime: >>>>>> START com.android.internal.os.RuntimeInit uid 2000 <<<<<<
07-01 12:53:24.009 19004 19004 W app_process: Could not reserve sentinel fault page
07-01 12:53:24.043 19004 19004 W app_process: Unexpected CPU variant for X86 using defaults: x86
07-01 12:53:24.044 19004 19004 I app_process: The ClassLoaderContext is a special shared library.
07-01 12:53:24.044 19004 19004 I app_process: The ClassLoaderContext is a special shared library.
07-01 12:53:24.048 19004 19004 W app_process: CheckJNI: method to register "write" not in the given class. This is slow, consider changing your RegisterNatives calls.
07-01 12:53:24.050 19004 19004 I chatty  : uid=2000(shell) main identical 42 lines
07-01 12:53:24.050 19004 19004 W app_process: CheckJNI: method to register "write" not in the given class. This is slow, consider changing your RegisterNatives calls.
07-01 12:53:24.050 19004 19004 W app_process: CheckJNI: method to register "write_non_chained" not in the given class. This is slow, consider changing your RegisterNatives calls.
07-01 12:53:24.050 19004 19004 I chatty  : uid=2000(shell) main identical 7 lines
07-01 12:53:24.050 19004 19004 W app_process: CheckJNI: method to register "write_non_chained" not in the given class. This is slow, consider changing your RegisterNatives calls.
07-01 12:53:24.063 19004 19004 D AndroidRuntime: Calling main entry com.android.commands.uiautomator.Launcher
07-01 12:53:24.076  1930  3617 I GnssLocationProvider: WakeLock acquired by sendMessage(REPORT_SV_STATUS, 0, com.android.server.location.GnssLocationProvider$SvStatusInfo@ca91be2)
07-01 12:53:24.077  1930  1943 I GnssLocationProvider: WakeLock released by handleMessage(REPORT_SV_STATUS, 0, com.android.server.location.GnssLocationProvider$SvStatusInfo@ca91be2)
07-01 12:53:24.070  1930  1930 V SettingsProvider: Notifying for 0: content://settings/secure/accessibility_enabled
07-01 12:53:25.078  1930  2321 W WindowManager: removeWindowToken: Attempted to remove non-existing token: android.os.Binder@1cc5c4
07-01 12:53:25.078  1930  3617 I GnssLocationProvider: WakeLock acquired by sendMessage(REPORT_SV_STATUS, 0, com.android.server.location.GnssLocationProvider$SvStatusInfo@868d6a9)
07-01 12:53:25.080  1930  1930 V SettingsProvider: Notifying for 0: content://settings/secure/accessibility_enabled
07-01 12:53:25.080  1930  1943 I GnssLocationProvider: WakeLock released by handleMessage(REPORT_SV_STATUS, 0, com.android.server.location.GnssLocationProvider$SvStatusInfo@868d6a9)
07-01 12:53:25.084 19004 19004 D AndroidRuntime: Shutting down VM
07-01 12:53:25.207  1773  1812 E SurfaceFlinger: ro.sf.lcd_density must be defined as a build property
07-01 12:53:25.208  1646  1694 D gralloc_ranchu: gralloc_alloc: Creating ashmem region of size 8298496
07-01 12:53:25.226 19017 19017 D HostConnection: createUnique: call
07-01 12:53:25.226 19017 19017 D HostConnection: HostConnection::get() New Host Connection established 0xf3420b90, tid 19017
07-01 12:53:25.228 19017 19017 D HostConnection: HostComposition ext ANDROID_EMU_CHECKSUM_HELPER_v1 ANDROID_EMU_native_sync_v2 ANDROID_EMU_native_sync_v3 ANDROID_EMU_native_sync_v4 ANDROID_EMU_dma_v1 ANDROID_EMU_YUV420_888_to_NV21 ANDROID_EMU_YUV_Cache ANDROID_EMU_async_unmap_buffer GL_OES_EGL_image_external_essl3 GL_OES_vertex_array_object GL_KHR_texture_compression_astc_ldr ANDROID_EMU_host_side_tracing ANDROID_EMU_gles_max_version_3_0 
07-01 12:53:25.228 19017 19017 E eglCodecCommon: GoldfishAddressSpaceHostMemoryAllocator: ioctl_ping failed for device_type=5, ret=-1
07-01 12:53:25.359  7740  7740 D MediaScannerReceiver: action: android.intent.action.MEDIA_SCANNER_SCAN_FILE path: /storage/emulated/0/screen.png
07-01 12:53:26.082  1930  3617 I GnssLocationProvider: WakeLock acquired by sendMessage(REPORT_SV_STATUS, 0, com.android.server.location.GnssLocationProvider$SvStatusInfo@dcf3465)
07-01 12:53:26.084  1930  1943 I GnssLocationProvider: WakeLock released by handleMessage(REPORT_SV_STATUS, 0, com.android.server.location.GnssLocationProvider$SvStatusInfo@dcf3465)
07-01 12:53:27.083  1930  1948 E BatteryExternalStatsWorker: no controller energy info supplied for wifi
07-01 12:53:27.086  1930  3617 I GnssLocationProvider: WakeLock acquired by sendMessage(REPORT_SV_STATUS, 0, com.android.server.location.GnssLocationProvider$SvStatusInfo@e4e453a)
07-01 12:53:27.087  1930  1943 I GnssLocationProvider: WakeLock released by handleMessage(REPORT_SV_STATUS, 0, com.android.server.location.GnssLocationProvider$SvStatusInfo@e4e453a)
07-01 12:53:27.519 19030 19030 D AndroidRuntime: >>>>>> START com.android.internal.os.RuntimeInit uid 2000 <<<<<<
07-01 12:53:27.550 19030 19030 W app_process: Unexpected CPU variant for X86 using defaults: x86
07-01 12:53:27.552 19030 19030 I app_process: The ClassLoaderContext is a special shared library.
07-01 12:53:27.552 19030 19030 I app_process: The ClassLoaderContext is a special shared library.
07-01 12:53:27.557 19030 19030 W app_process: CheckJNI: method to register "write" not in the given class. This is slow, consider changing your RegisterNatives calls.
07-01 12:53:27.558 19030 19030 I chatty  : uid=2000(shell) main identical 42 lines
07-01 12:53:27.559 19030 19030 W app_process: CheckJNI: method to register "write" not in the given class. This is slow, consider changing your RegisterNatives calls.
07-01 12:53:27.559 19030 19030 W app_process: CheckJNI: method to register "write_non_chained" not in the given class. This is slow, consider changing your RegisterNatives calls.
07-01 12:53:27.559 19030 19030 I chatty  : uid=2000(shell) main identical 7 lines
07-01 12:53:27.559 19030 19030 W app_process: CheckJNI: method to register "write_non_chained" not in the given class. This is slow, consider changing your RegisterNatives calls.
07-01 12:53:27.569 19030 19030 D AndroidRuntime: Calling main entry com.android.commands.uiautomator.Launcher
07-01 12:53:27.576  1930  1930 V SettingsProvider: Notifying for 0: content://settings/secure/accessibility_enabled
07-01 12:53:28.091  1930  3617 I GnssLocationProvider: WakeLock acquired by sendMessage(REPORT_SV_STATUS, 0, com.android.server.location.GnssLocationProvider$SvStatusInfo@c83b1e1)
07-01 12:53:28.093  1930  1943 I GnssLocationProvider: WakeLock released by handleMessage(REPORT_SV_STATUS, 0, com.android.server.location.GnssLocationProvider$SvStatusInfo@c83b1e1)
07-01 12:53:28.594 19030 19030 W AccessibilityNodeInfoDumper: Fetch time: 4ms
