03-02 01:18:06.194  1397  3945 D MemoryDealer:     0: 0xb269cf30 | 0x00000000 | 0x000200E0 | A 
03-02 01:18:06.194  1397  3945 D MemoryDealer:     1: 0xb269cfb0 | 0x000200E0 | 0x000200E0 | A 
03-02 01:18:06.194  1397  3945 D MemoryDealer:     2: 0xb1db04e0 | 0x000401C0 | 0x000200E0 | A 
03-02 01:18:06.194  1397  3945 D MemoryDealer:     3: 0xb26ffe80 | 0x000602A0 | 0x000200E0 | A 
03-02 01:18:06.194  1397  3945 D MemoryDealer:     4: 0xb26ffd00 | 0x00080380 | 0x000200E0 | A 
03-02 01:18:06.194  1397  3945 D MemoryDealer:     5: 0xafaf0080 | 0x000A0460 | 0x000200E0 | A 
03-02 01:18:06.194  1397  3945 D MemoryDealer:     6: 0xb1db0100 | 0x000C0540 | 0x000200E0 | A 
03-02 01:18:06.194  1397  3945 D MemoryDealer:     7: 0xafaf0740 | 0x000E0620 | 0x000200E0 | A 
03-02 01:18:06.194  1397  3945 D MemoryDealer:     8: 0xb26ff850 | 0x00100700 | 0x000200E0 | A 
03-02 01:18:06.194  1397  3945 D MemoryDealer:     9: 0xb1db04a0 | 0x001207E0 | 0x000200E0 | A 
03-02 01:18:06.194  1397  3945 D MemoryDealer:    10: 0xafaf09a0 | 0x001408C0 | 0x000200E0 | A 
03-02 01:18:06.194  1397  3945 D MemoryDealer:    11: 0xafaf0710 | 0x001609A0 | 0x000200E0 | A 
03-02 01:18:06.194  1397  3945 D MemoryDealer:    12: 0xb1db0480 | 0x00180A80 | 0x000200E0 | A 
03-02 01:18:06.194  1397  3945 D MemoryDealer:    13: 0xafaf0a80 | 0x001A0B60 | 0x000200E0 | A 
03-02 01:18:06.194  1397  3945 D MemoryDealer:    14: 0xafaf09b0 | 0x001C0C40 | 0x000200E0 | A 
03-02 01:18:06.194  1397  3945 D MemoryDealer:    15: 0xafaf0f60 | 0x001E0D20 | 0x000200E0 | A 
03-02 01:18:06.194  1397  3945 D MemoryDealer:    16: 0xafaf0fb0 | 0x00200E00 | 0x000200E0 | A 
03-02 01:18:06.194  1397  3945 D MemoryDealer:    17: 0xb1db0760 | 0x00220EE0 | 0x000200E0 | A 
03-02 01:18:06.194  1397  3945 D MemoryDealer:    18: 0xb1db0900 | 0x00240FC0 | 0x000200E0 | A 
03-02 01:18:06.194  1397  3945 D MemoryDealer:    19: 0xb269ce00 | 0x002610A0 | 0x000200E0 | A 
03-02 01:18:06.194  1397  3945 D MemoryDealer:    
03-02 01:18:06.194  1397  3945 E AudioFlinger: createRecordTrack_l() initCheck failed -12; no control block?
03-02 01:18:06.231  3946 12325 E ActivityThread: Failed to find provider info for com.google.android.apps.gsa.testing.ui.audio.recorded
03-02 01:18:06.279  3946  3978 I chatty  : uid=10029(com.google.android.googlequicksearchbox) HotwordDetector expire 4 lines
03-02 01:18:06.288  3946 12855 I chatty  : uid=10029 com.google.android.googlequicksearchbox:search expire 1 line
03-02 01:18:08.881  1696  1706 I art     : Background sticky concurrent mark sweep GC freed 89976(3MB) AllocSpace objects, 0(0B) LOS objects, 20% free, 14MB/18MB, paused 4.939ms total 125.712ms
03-02 01:18:08.968  1696  2239 I ActivityManager: Start proc 12864:com.google.android.gms.ui/u0a13 for service com.google.android.gms/.chimera.UiIntentOperationService
03-02 01:18:08.975 12864 12864 W art     : Unexpected CPU variant for X86 using defaults: x86
03-02 01:18:08.990  1861 12871 I Auth    : [AuthManaged,PasswordComplexityHelperImpl] Updating password complexity components state.
03-02 01:18:08.990  1861 12871 I Auth    : [AuthManaged,PasswordComplexityHelperImpl] Enabling com.google.android.gms.auth.managed.ui.SetNewPasswordActivity
03-02 01:18:09.124  1861 12881 I Auth    : [AuthManaged,PasswordComplexityHelperImpl] Updating password complexity components state.
03-02 01:18:09.124  1861 12881 I Auth    : [AuthManaged,PasswordComplexityHelperImpl] Enabling com.google.android.gms.auth.managed.ui.SetNewPasswordActivity
03-02 01:18:09.131 12864 12878 W art     : Suspending all threads took: 15.945ms
03-02 01:18:09.206 12864 12864 W System  : ClassLoader referenced unknown path: /system/priv-app/PrebuiltGmsCore/lib/x86
03-02 01:18:09.261  1861  1877 I art     : Background sticky concurrent mark sweep GC freed 54872(2MB) AllocSpace objects, 1(16KB) LOS objects, 19% free, 12MB/15MB, paused 5.213ms total 86.354ms
03-02 01:18:09.373  1861 12881 I Auth    : [AuthManaged,PasswordComplexityHelperImpl] Updating password complexity components state.
03-02 01:18:09.373  1861 12881 I Auth    : [AuthManaged,PasswordComplexityHelperImpl] Enabling com.google.android.gms.auth.managed.ui.SetNewPasswordActivity
03-02 01:18:09.514  1861 12885 I Auth    : [AuthManaged,PasswordComplexityHelperImpl] Updating password complexity components state.
03-02 01:18:09.514  1861 12885 I Auth    : [AuthManaged,PasswordComplexityHelperImpl] Enabling com.google.android.gms.auth.managed.ui.SetNewPasswordActivity
03-02 01:18:09.537  1861 12883 I PTCommittedOperation: Receive new configuration for com.google.android.gms.auth_api_phone
03-02 01:18:09.604  1861 12882 I PTCommittedOperation: Receive new configuration for com.google.android.gms.people
03-02 01:18:09.660  1861 12884 I PTCommittedOperation: Receive new configuration for com.google.android.gms.romanesco
03-02 01:18:09.696  1696  3573 W ActivityManager: Unable to start service Intent { act=com.google.android.gms.auth.key.retrieval.service.START pkg=com.google.android.gms } U=0: not found
03-02 01:18:09.728  2350 12866 I ChromeSync: [Sync,SyncIntentOperation] Handling the intent: Intent { act=com.google.android.gms.phenotype.COMMITTED flg=0x10 pkg=com.google.android.gms cmp=com.google.android.gms/.chimera.GmsIntentOperationService (has extras) }.
03-02 01:18:09.757  1861 12885 I Auth    : [AuthManaged,PasswordComplexityHelperImpl] Updating password complexity components state.
03-02 01:18:09.757  1861 12885 I Auth    : [AuthManaged,PasswordComplexityHelperImpl] Enabling com.google.android.gms.auth.managed.ui.SetNewPasswordActivity
03-02 01:18:09.760  1861  1877 I art     : Background sticky concurrent mark sweep GC freed 45500(2MB) AllocSpace objects, 13(452KB) LOS objects, 16% free, 13MB/15MB, paused 9.179ms total 111.743ms
03-02 01:18:09.783  1696  4549 W ActivityManager: Unbind failed: could not find connection for android.os.BinderProxy@b3de98b
03-02 01:18:09.797  2350  2525 E GmsClient: unable to connect to service: com.google.android.gms.auth.key.retrieval.service.START on com.google.android.gms
03-02 01:18:09.811 12864 12864 W DynamiteModule: Local module descriptor class for providerinstaller not found.
03-02 01:18:09.859 12864 12864 W ProviderHelper: Unknown dynamite feature providerinstaller
03-02 01:18:09.871 12864 12864 I DynamiteModule: Considering local module providerinstaller:0 and remote module providerinstaller:0
03-02 01:18:09.874 12864 12864 W ProviderInstaller: Failed to load providerinstaller module: No acceptable module found. Local version is 0 and remote version is 0.
03-02 01:18:09.924 12864 12864 V NativeCrypto: Registering com/google/android/gms/org/conscrypt/NativeCrypto's 286 native methods...
03-02 01:18:09.936  2350 12888 I MdiSyncModule: flag handling is skipping irrelevant intent.
03-02 01:18:10.000  1861 12889 I Auth    : [AuthManaged,PasswordComplexityHelperImpl] Updating password complexity components state.
03-02 01:18:10.000  1861 12889 I Auth    : [AuthManaged,PasswordComplexityHelperImpl] Enabling com.google.android.gms.auth.managed.ui.SetNewPasswordActivity
03-02 01:18:10.009  1861 12881 I PTCommittedOperation: Receive new configuration for com.google.android.gms.backup
03-02 01:18:10.024  2350  2367 W art     : Suspending all threads took: 35.348ms
03-02 01:18:10.051  2350 12890 W ModuleInitIntentOp: Dropping unexpected action com.google.android.gms.phenotype.COMMITTED
03-02 01:18:10.074 12864 12864 D NetworkSecurityConfig: Using Network Security Config from resource network_security_config debugBuild: false
03-02 01:18:10.103 12864 12864 I ProviderInstaller: Installed default security provider GmsCore_OpenSSL
03-02 01:18:10.105 12864 12864 I Safeboot: Checking safeboot...
03-02 01:18:10.110 12864 12864 I Safeboot: Not entering safeboot; wrong process.
03-02 01:18:10.138  1861 12884 I Auth    : [AuthManaged,PasswordComplexityHelperImpl] Updating password complexity components state.
03-02 01:18:10.138  1861 12884 I Auth    : [AuthManaged,PasswordComplexityHelperImpl] Enabling com.google.android.gms.auth.managed.ui.SetNewPasswordActivity
03-02 01:18:10.143  1861 12883 I PTCommittedOperation: Receive new configuration for com.google.android.gms.auth_account
03-02 01:18:10.164  2350 12893 I ChromeSync: [Sync,SyncIntentOperation] Handling the intent: Intent { act=com.google.android.gms.phenotype.COMMITTED flg=0x10 pkg=com.google.android.gms cmp=com.google.android.gms/.chimera.GmsIntentOperationService (has extras) }.
03-02 01:18:10.181  1696  2245 W ActivityManager: Unable to start service Intent { act=com.google.android.gms.auth.key.retrieval.service.START pkg=com.google.android.gms } U=0: not found
03-02 01:18:10.188  1696  3573 W ActivityManager: Unbind failed: could not find connection for android.os.BinderProxy@f9f9367
03-02 01:18:10.256  2350 12894 I MdiSyncModule: flag handling is skipping irrelevant intent.
03-02 01:18:10.267  2350  2525 E GmsClient: unable to connect to service: com.google.android.gms.auth.key.retrieval.service.START on com.google.android.gms
03-02 01:18:10.298  2350 12866 I FsaEntryPointSwitcher: setting component enabled=1 for com.google.android.gms.people.sync.focus.ContactsSyncAdapterService
03-02 01:18:10.300  2350 12866 I FsaEntryPointSwitcher: Setting component enabled succeeds.
03-02 01:18:10.300  2350 12866 I FsaEntryPointSwitcher: setting component enabled=2 for com.google.android.syncadapters.contacts.ContactsSyncAdapterService
03-02 01:18:10.301  2350 12866 I FsaEntryPointSwitcher: Setting component enabled succeeds.
03-02 01:18:10.307  2350 12887 W ModuleInitIntentOp: Dropping unexpected action com.google.android.gms.phenotype.COMMITTED
03-02 01:18:10.352  1861  9438 I PackageUpdateTaskChimer: Scheduling Phenotype config package catchup updates to be 86400 seconds from now (1677737890305) [CONTEXT service_id=51 ]
03-02 01:18:10.360  2350 12890 I ChromeSync: [Sync,SyncIntentOperation] Handling the intent: Intent { act=com.google.android.gms.phenotype.COMMITTED flg=0x10 pkg=com.google.android.gms cmp=com.google.android.gms/.chimera.GmsIntentOperationService (has extras) }.
03-02 01:18:10.367  2350 12887 I MdiSyncModule: flag handling is skipping irrelevant intent.
03-02 01:18:10.383  2350 12888 W ModuleInitIntentOp: Dropping unexpected action com.google.android.gms.phenotype.COMMITTED
03-02 01:18:10.393  1861 12889 I Auth    : [AuthManaged,PasswordComplexityHelperImpl] Updating password complexity components state.
03-02 01:18:10.393  1861 12889 I Auth    : [AuthManaged,PasswordComplexityHelperImpl] Enabling com.google.android.gms.auth.managed.ui.SetNewPasswordActivity
03-02 01:18:10.431  2350 12891 I ChromeSync: [Sync,SyncIntentOperation] Handling the intent: Intent { act=com.google.android.gms.phenotype.COMMITTED flg=0x10 pkg=com.google.android.gms cmp=com.google.android.gms/.chimera.GmsIntentOperationService (has extras) }.
03-02 01:18:10.494 12864 12864 I bezb    : Primes not initialized, returning default (no-op) Primes instance which will ignore all calls. Please call Primes.initialize(...) before using any Primes API.
03-02 01:18:10.553  1861 12895 I PTCommittedOperation: Receive new configuration for com.google.android.location
03-02 01:18:10.561  2350 12894 I MdiSyncModule: flag handling is skipping irrelevant intent.
03-02 01:18:10.563  2350 12888 W ModuleInitIntentOp: Dropping unexpected action com.google.android.gms.phenotype.COMMITTED
03-02 01:18:10.883  2350 12902 W art     : Long monitor contention with owner [com.google.android.gms.chimera.GmsIntentOperationService$ChimeraService-Executor] processing qlx for action com.google.android.gms.phenotype.com.google.android.gms.accountsettings.COMMITTED (12893) at void android.database.DataSetObservable.<init>()(DataSetObservable.java:24) waiters=0 in void cuo.run() for 438ms
03-02 01:18:10.986  1861  9438 I aopq    : Scheduling adaptive one off task with window [14400, 604800] in seconds [CONTEXT service_id=51 ]
03-02 01:18:11.007  2350 12890 I ChromeSync: [Sync,SyncIntentOperation] Handling the intent: Intent { act=com.google.android.gms.phenotype.COMMITTED flg=0x10 pkg=com.google.android.gms cmp=com.google.android.gms/.chimera.GmsIntentOperationService (has extras) }.
03-02 01:18:11.019  1861  1877 I art     : Background sticky concurrent mark sweep GC freed 45959(2MB) AllocSpace objects, 22(724KB) LOS objects, 5% free, 15MB/15MB, paused 9.063ms total 301.065ms
03-02 01:18:11.045  2350 12888 I MdiSyncModule: flag handling is skipping irrelevant intent.
03-02 01:18:11.050  2350 12887 W ModuleInitIntentOp: Dropping unexpected action com.google.android.gms.phenotype.COMMITTED
03-02 01:18:11.124  2350 12906 I ChromeSync: [Sync,SyncIntentOperation] Handling the intent: Intent { act=com.google.android.gms.phenotype.COMMITTED flg=0x10 pkg=com.google.android.gms cmp=com.google.android.gms/.chimera.GmsIntentOperationService (has extras) }.
03-02 01:18:11.142  2350 12888 I MdiSyncModule: flag handling is skipping irrelevant intent.
03-02 01:18:11.149  2350 12902 W ModuleInitIntentOp: Dropping unexpected action com.google.android.gms.phenotype.COMMITTED
03-02 01:18:11.253  1861 12884 I Auth    : [AuthManaged,PasswordComplexityHelperImpl] Updating password complexity components state.
03-02 01:18:11.253  1861 12884 I Auth    : [AuthManaged,PasswordComplexityHelperImpl] Enabling com.google.android.gms.auth.managed.ui.SetNewPasswordActivity
03-02 01:18:11.337  3946 12918 I chatty  : uid=10029 com.google.android.googlequicksearchbox:search expire 5 lines
03-02 01:18:11.344  1397 12921 I AudioFlinger: AudioFlinger's thread 0xab103180 ready to run
03-02 01:18:11.353  1397  1758 E AudioFlinger: not enough memory for AudioTrack size=131296
03-02 01:18:11.353  1397  1758 D MemoryDealer:   AudioTrack (0xb269cf20, size=4194304)
03-02 01:18:11.353  1397  1758 D MemoryDealer:     0: 0xb269cf30 | 0x00000000 | 0x000200E0 | A 
03-02 01:18:11.353  1397  1758 D MemoryDealer:     1: 0xb269cfb0 | 0x000200E0 | 0x000200E0 | A 
03-02 01:18:11.353  1397  1758 D MemoryDealer:     2: 0xb1db04e0 | 0x000401C0 | 0x000200E0 | A 
03-02 01:18:11.353  1397  1758 D MemoryDealer:     3: 0xb26ffe80 | 0x000602A0 | 0x000200E0 | A 
03-02 01:18:11.353  1397  1758 D MemoryDealer:     4: 0xb26ffd00 | 0x00080380 | 0x000200E0 | A 
03-02 01:18:11.353  1397  1758 D MemoryDealer:     5: 0xafaf0080 | 0x000A0460 | 0x000200E0 | A 
03-02 01:18:11.353  1397  1758 D MemoryDealer:     6: 0xb1db0100 | 0x000C0540 | 0x000200E0 | A 
03-02 01:18:11.353  1397  1758 D MemoryDealer:     7: 0xafaf0740 | 0x000E0620 | 0x000200E0 | A 
03-02 01:18:11.353  1397  1758 D MemoryDealer:     8: 0xb26ff850 | 0x00100700 | 0x000200E0 | A 
03-02 01:18:11.353  1397  1758 D MemoryDealer:     9: 0xb1db04a0 | 0x001207E0 | 0x000200E0 | A 
03-02 01:18:11.353  1397  1758 D MemoryDealer:    10: 0xafaf09a0 | 0x001408C0 | 0x000200E0 | A 
03-02 01:18:11.353  1397  1758 D MemoryDealer:    11: 0xafaf0710 | 0x001609A0 | 0x000200E0 | A 
03-02 01:18:11.353  1397  1758 D MemoryDealer:    12: 0xb1db0480 | 0x00180A80 | 0x000200E0 | A 
03-02 01:18:11.353  1397  1758 D MemoryDealer:    13: 0xafaf0a80 | 0x001A0B60 | 0x000200E0 | A 
03-02 01:18:11.353  1397  1758 D MemoryDealer:    14: 0xafaf09b0 | 0x001C0C40 | 0x000200E0 | A 
03-02 01:18:11.353  1397  1758 D MemoryDealer:    15: 0xafaf0f60 | 0x001E0D20 | 0x000200E0 | A 
03-02 01:18:11.353  1397  1758 D MemoryDealer:    16: 0xafaf0fb0 | 0x00200E00 | 0x000200E0 | A 
03-02 01:18:11.353  1397  1758 D MemoryDealer:    17: 0xb1db0760 | 0x00220EE0 | 0x000200E0 | A 
03-02 01:18:11.353  1397  1758 D MemoryDealer:    18: 0xb1db0900 | 0x00240FC0 | 0x000200E0 | A 
03-02 01:18:11.353  1397  1758 D MemoryDealer:    19: 0xb269ce00 | 0x002610A0 | 0x000200E0 | A 
03-02 01:18:11.353  1397  1758 D MemoryDealer:    
03-02 01:18:11.353  1397  1758 E AudioFlinger: createRecordTrack_l() initCheck failed -12; no control block?
03-02 01:18:11.374  3946 12325 E ActivityThread: Failed to find provider info for com.google.android.apps.gsa.testing.ui.audio.recorded
03-02 01:18:11.437  3946 12917 I chatty  : uid=10029 com.google.android.googlequicksearchbox:search expire 1 line
03-02 01:18:11.543  1861  2423 E BluetoothAdapter: Bluetooth binder is null
03-02 01:18:11.629  2350 12905 W art     : Long monitor contention with owner [com.google.android.gms.chimera.GmsIntentOperationService$ChimeraService-Executor] processing qlx for action com.google.android.gms.phenotype.com.google.android.gms.nearby.COMMITTED (12891) at boolean android.os.BinderProxy.transactNative(int, android.os.Parcel, android.os.Parcel, int)(Binder.java:-2) waiters=0 in java.util.Map bfrc.a() for 346ms
03-02 01:18:11.632  2350 12905 I ExposureNotification: Phenotype config updated, isEnabled: true [CONTEXT service_id=236 ]
03-02 01:18:11.644  1861  1861 I ExposureNotification: ExposureNotificationInternalService.onCreate, com.google.android.gms.nearby.exposurenotification.service.ExposureNotificationInternalChimeraService@8abadf3 [CONTEXT service_id=236 ]
03-02 01:18:11.651  1861  1861 I ExposureNotification: ExposureServiceInternalService.onStartCommand, Intent { act=com.google.android.gms.nearby.exposurenotification.service.ACTION_CLIENT_CHANGE cmp=com.google.android.gms/.nearby.exposurenotification.service.ExposureNotificationInternalService } [CONTEXT service_id=236 ]
03-02 01:18:11.652  2350 12891 I NearbySharing: Runtime state initialization complete. Sharing is disabled. [CONTEXT service_id=194 ]
03-02 01:18:11.653  1861  1877 I art     : Background partial concurrent mark sweep GC freed 94013(5MB) AllocSpace objects, 51(2MB) LOS objects, 24% free, 12MB/16MB, paused 6.353ms total 453.859ms
03-02 01:18:11.654  1861  1861 I ExposureNotification: Utils#isSupported enabled=true, isDeviceSupported=true, isBluetoothSupported=false, BluetoothAdapter.isMultipleAdvertisementSupported=false [CONTEXT service_id=236 ]
03-02 01:18:11.655  1861  1861 I ExposureNotification: Exposure notifications disabled. [CONTEXT service_id=236 ]
03-02 01:18:11.656  1861  1861 I ExposureNotification: ExposureServiceInternalService.stopTracing [CONTEXT service_id=236 ]
03-02 01:18:11.667  1861  1861 I ExposureNotification: AlarmManagerImpl.opportunisticSchedule called, delay=1800000ms [CONTEXT service_id=236 ]
03-02 01:18:11.692  1861  1861 I ExposureNotification: User turn off scanning. [CONTEXT service_id=236 ]
03-02 01:18:11.692  1861  1861 I ExposureNotification: Not scanning! [CONTEXT service_id=236 ]
03-02 01:18:11.692  1861  1861 W ExposureNotification: stopTracing called but Scanner failed to stop! [CONTEXT service_id=236 ]
03-02 01:18:11.758  1861 12882 I Auth    : [AuthManaged,PasswordComplexityHelperImpl] Updating password complexity components state.
03-02 01:18:11.758  1861 12882 I Auth    : [AuthManaged,PasswordComplexityHelperImpl] Enabling com.google.android.gms.auth.managed.ui.SetNewPasswordActivity
03-02 01:18:11.769  1861 12871 I NetRec  : [2097] alod.a: onConfigChanged()
03-02 01:18:11.774  1861  1861 I ExposureNotification: ThreadSafeLevelDbWrapper: do open LevelDb contact-tracing-self-tracing-key-db [CONTEXT service_id=236 ]
03-02 01:18:11.774  1861  1861 I ExposureNotification: ThreadSafeLevelDbWrapper:contact-tracing-self-tracing-key-db instance ajdk@61bf9e3 created [CONTEXT service_id=236 ]
03-02 01:18:11.777  1861  1861 I ExposureNotification: ThreadSafeLevelDbWrapper:contact-tracing-self-tracing-key-db instance ajdk@61bf9e3 closed [CONTEXT service_id=236 ]
03-02 01:18:11.778  1861  1861 I ExposureNotification: ThreadSafeLevelDbWrapper: do close LevelDb contact-tracing-self-tracing-key-db [CONTEXT service_id=236 ]
03-02 01:18:11.787  1861  1861 I NearbySharing: ReceiveSurfaceService created [CONTEXT service_id=194 ]
03-02 01:18:11.791  1861  1861 I NearbySharing: ReceiveSurfaceService started [CONTEXT service_id=194 ]
03-02 01:18:11.806  2350 12887 I ChromeSync: [Sync,SyncIntentOperation] Handling the intent: Intent { act=com.google.android.gms.phenotype.COMMITTED flg=0x10 pkg=com.google.android.gms cmp=com.google.android.gms/.chimera.GmsIntentOperationService (has extras) }.
03-02 01:18:11.808  1861  1861 I ExposureNotification: ExposureServiceInternalService.onDestroy, com.google.android.gms.nearby.exposurenotification.service.ExposureNotificationInternalChimeraService@8abadf3 [CONTEXT service_id=236 ]
03-02 01:18:11.808  1861  1861 I NearbySharing: ReceiveSurfaceService destroyed [CONTEXT service_id=194 ]
03-02 01:18:11.811  1861 12882 I PTCommittedOperation: Receive new configuration for com.google.android.gms.netrec
03-02 01:18:11.814  1696  1906 W ActivityManager: Unable to start service Intent { act=com.google.android.gms.auth.key.retrieval.service.START pkg=com.google.android.gms } U=0: not found
03-02 01:18:11.822  1861 12871 I NetRec  : [2097] alod.a: Cancelling all NetRec GCM tasks
03-02 01:18:11.840  2350 12893 I MdiSyncModule: flag handling is skipping irrelevant intent.
03-02 01:18:11.868  2350 12893 W ModuleInitIntentOp: Dropping unexpected action com.google.android.gms.phenotype.COMMITTED
03-02 01:18:11.887  1696  4551 W ActivityManager: Unbind failed: could not find connection for android.os.BinderProxy@50f4dae
03-02 01:18:11.891  2350  2525 E GmsClient: unable to connect to service: com.google.android.gms.auth.key.retrieval.service.START on com.google.android.gms
03-02 01:18:11.939  1861 12871 I NetRec  : [2097] ClearDatabaseService.onHandleIntent: Clearing score cache
03-02 01:18:12.162  1861 12922 I NetworkScheduler.Stats: Task com.google.android.gms/com.google.android.gms.phenotype.service.sync.PhenotypeConfigurator finished executing. cause:1 result: 1 elapsed_millis: 8658 uptime_millis: 8658 exec_start_elapsed_seconds: 92923 [CONTEXT service_id=218 ]
03-02 01:18:12.182  1861 12895 I Auth    : [AuthManaged,PasswordComplexityHelperImpl] Updating password complexity components state.
03-02 01:18:12.182  1861 12895 I Auth    : [AuthManaged,PasswordComplexityHelperImpl] Enabling com.google.android.gms.auth.managed.ui.SetNewPasswordActivity
03-02 01:18:12.188  2350 12894 I ChromeSync: [Sync,SyncIntentOperation] Handling the intent: Intent { act=com.google.android.gms.phenotype.COMMITTED flg=0x10 pkg=com.google.android.gms cmp=com.google.android.gms/.chimera.GmsIntentOperationService (has extras) }.
03-02 01:18:12.192  2350 12902 I MdiSyncModule: flag handling is skipping irrelevant intent.
03-02 01:18:12.200  1861 12882 I PTCommittedOperation: Receive new configuration for com.google.android.gms.tapandpay
03-02 01:18:12.218  2350 12891 W ModuleInitIntentOp: Dropping unexpected action com.google.android.gms.phenotype.COMMITTED
03-02 01:18:12.307  1861 12881 I Auth    : [AuthManaged,PasswordComplexityHelperImpl] Updating password complexity components state.
03-02 01:18:12.307  1861 12881 I Auth    : [AuthManaged,PasswordComplexityHelperImpl] Enabling com.google.android.gms.auth.managed.ui.SetNewPasswordActivity
03-02 01:18:12.326  2350 12926 I SystemUpdate: [Installation,ReceiverIntentOperation] Received intent: Intent { act=com.google.android.gms.phenotype.com.google.android.gms.update.COMMITTED flg=0x10 cmp=com.google.android.gms/.chimera.GmsIntentOperationService (has extras) }.
03-02 01:18:12.374  2350 12900 I SystemUpdate: [Execution,InstallationEventIntentOperation] Handling event of type 2.
03-02 01:18:12.375  1861 12881 I Auth    : [AuthManaged,PasswordComplexityHelperImpl] Updating password complexity components state.
03-02 01:18:12.375  1861 12881 I Auth    : [AuthManaged,PasswordComplexityHelperImpl] Enabling com.google.android.gms.auth.managed.ui.SetNewPasswordActivity
03-02 01:18:12.382  2350 12891 I ChromeSync: [Sync,SyncIntentOperation] Handling the intent: Intent { act=com.google.android.gms.phenotype.COMMITTED flg=0x10 pkg=com.google.android.gms cmp=com.google.android.gms/.chimera.GmsIntentOperationService (has extras) }.
03-02 01:18:12.382  1861 12895 I PTCommittedOperation: Receive new configuration for com.google.android.gms.vision
03-02 01:18:12.390  2350 12888 I MdiSyncModule: flag handling is skipping irrelevant intent.
03-02 01:18:12.404  2350 12893 W ModuleInitIntentOp: Dropping unexpected action com.google.android.gms.phenotype.COMMITTED
03-02 01:18:12.410  2350 12891 I SystemUpdate: [Execution,InstallationIntentOperation] Received intent: Intent { act=com.google.android.gms.update.INSTALL_UPDATE cat=[targeted_intent_op_prefix:.update.execution.InstallationIntentOperation] cmp=com.google.android.gms/.chimera.GmsIntentOperationService }.
03-02 01:18:12.411  2350 12891 I SystemUpdate: [Execution,ExecutionManager] Action finished-execution executed for 0.00 seconds.
03-02 01:18:12.497  1861 12881 I Auth    : [AuthManaged,PasswordComplexityHelperImpl] Updating password complexity components state.
03-02 01:18:12.498  1861 12881 I Auth    : [AuthManaged,PasswordComplexityHelperImpl] Enabling com.google.android.gms.auth.managed.ui.SetNewPasswordActivity
03-02 01:18:12.589  1861 12882 I Auth    : [AuthManaged,PasswordComplexityHelperImpl] Updating password complexity components state.
03-02 01:18:12.590  1861 12882 I Auth    : [AuthManaged,PasswordComplexityHelperImpl] Enabling com.google.android.gms.auth.managed.ui.SetNewPasswordActivity
03-02 01:18:12.605  1861 12871 I PTCommittedOperation: Receive new configuration for com.google.android.gms.wearable
03-02 01:18:12.624  2350 12893 I ChromeSync: [Sync,SyncIntentOperation] Handling the intent: Intent { act=com.google.android.gms.phenotype.COMMITTED flg=0x10 pkg=com.google.android.gms cmp=com.google.android.gms/.chimera.GmsIntentOperationService (has extras) }.
03-02 01:18:12.659  2350 12888 I MdiSyncModule: flag handling is skipping irrelevant intent.
03-02 01:18:12.697  2350 12866 W ModuleInitIntentOp: Dropping unexpected action com.google.android.gms.phenotype.COMMITTED
03-02 01:18:12.803  1861 12929 I Auth    : [AuthManaged,PasswordComplexityHelperImpl] Updating password complexity components state.
03-02 01:18:12.803  1861 12929 I Auth    : [AuthManaged,PasswordComplexityHelperImpl] Enabling com.google.android.gms.auth.managed.ui.SetNewPasswordActivity
03-02 01:18:12.941  1861  9662 W art     : Long monitor contention with owner netscheduler-queue-handler (2584) at int aqtk.a(aqte, aauy)(:com.google.android.gms@202414022@20.24.14 (040700-319035315):88) waiters=0 in int aqtk.c(aqqo) for 310ms
03-02 01:18:12.948  1861  1877 I art     : Background sticky concurrent mark sweep GC freed 48553(3MB) AllocSpace objects, 8(176KB) LOS objects, 22% free, 12MB/15MB, paused 4.919ms total 126.006ms
03-02 01:18:12.955  1861  9438 I NetworkScheduler.Stats: Task com.google.android.gms/com.google.android.gms.stats.PlatformStatsCollectorService started execution. cause:5 exec_start_elapsed_seconds: 92932 [CONTEXT service_id=218 ]
03-02 01:18:13.011  1861  9662 I NetworkScheduler.Stats: Task com.google.android.gms/com.google.android.gms.stats.PlatformStatsCollectorService finished executing. cause:5 result: 1 elapsed_millis: 227 uptime_millis: 227 exec_start_elapsed_seconds: 92932 [CONTEXT service_id=218 ]
03-02 01:18:13.047  1861 12929 I Auth    : [AuthManaged,PasswordComplexityHelperImpl] Updating password complexity components state.
03-02 01:18:13.047  1861 12929 I Auth    : [AuthManaged,PasswordComplexityHelperImpl] Enabling com.google.android.gms.auth.managed.ui.SetNewPasswordActivity
03-02 01:18:13.059  1861 12895 I PTCommittedOperation: Receive new configuration for com.google.android.gms.car
03-02 01:18:13.066  2350 12888 I ChromeSync: [Sync,SyncIntentOperation] Handling the intent: Intent { act=com.google.android.gms.phenotype.COMMITTED flg=0x10 pkg=com.google.android.gms cmp=com.google.android.gms/.chimera.GmsIntentOperationService (has extras) }.
03-02 01:18:13.100  2350 12900 I MdiSyncModule: flag handling is skipping irrelevant intent.
03-02 01:18:13.146  2350 12891 W ModuleInitIntentOp: Dropping unexpected action com.google.android.gms.phenotype.COMMITTED
03-02 01:18:13.183  1861 12928 I Auth    : [AuthManaged,PasswordComplexityHelperImpl] Updating password complexity components state.
03-02 01:18:13.183  1861 12928 I Auth    : [AuthManaged,PasswordComplexityHelperImpl] Enabling com.google.android.gms.auth.managed.ui.SetNewPasswordActivity
03-02 01:18:13.358  1861 12928 I Auth    : [AuthManaged,PasswordComplexityHelperImpl] Updating password complexity components state.
03-02 01:18:13.358  1861 12928 I Auth    : [AuthManaged,PasswordComplexityHelperImpl] Enabling com.google.android.gms.auth.managed.ui.SetNewPasswordActivity
03-02 01:18:13.617  1398  2140 V EmulatedCamera_Camera: getCameraInfo
03-02 01:18:13.622  1398  2140 V EmulatedCamera_BaseCamera: getCameraInfo
03-02 01:18:13.629  2350 12888 I OcrModelUpStIntentOp: Updating ocr activity enabled=true (phenotypeFlag=true, lowRamDevice=false, prereqCheck=true)
03-02 01:18:13.637  2350 12888 W DynamiteModule: Local module descriptor class for com.google.android.gms.vision.dynamite.ocr not found.
03-02 01:18:13.638  2350 12888 W ProviderHelper: Unknown dynamite feature vision.dynamite.ocr
03-02 01:18:13.638  2350 12888 I DynamiteModule: Considering local module com.google.android.gms.vision.dynamite.ocr:0 and remote module com.google.android.gms.vision.dynamite.ocr:0
03-02 01:18:13.639  2350 12888 W ProviderHelper: Ignoring optional dynamite feature vision.ocr
03-02 01:18:13.641  2350 12888 W DynamiteModule: Local module descriptor class for com.google.android.gms.vision.ocr not found.
03-02 01:18:13.641  2350 12888 I DynamiteModule: Considering local module com.google.android.gms.vision.ocr:0 and remote module com.google.android.gms.vision.ocr:0
03-02 01:18:13.642  2350 12888 E Vision  : Error loading module com.google.android.gms.vision.ocr optional module true: waz: No acceptable module found. Local version is 0 and remote version is 0.
03-02 01:18:13.643  1861 12885 I Auth    : [AuthManaged,PasswordComplexityHelperImpl] Updating password complexity components state.
03-02 01:18:13.643  1861 12885 I Auth    : [AuthManaged,PasswordComplexityHelperImpl] Enabling com.google.android.gms.auth.managed.ui.SetNewPasswordActivity
03-02 01:18:13.649  2350 12888 W TextNativeHandle: Native handle not yet available. Reverting to no-op handle.
03-02 01:18:13.658  2350 12888 W DynamiteModule: Local module descriptor class for com.google.android.gms.vision.dynamite.ocr not found.
03-02 01:18:13.658  2350 12888 W ProviderHelper: Unknown dynamite feature vision.dynamite.ocr
03-02 01:18:13.671  2350 12888 I DynamiteModule: Considering local module com.google.android.gms.vision.dynamite.ocr:0 and remote module com.google.android.gms.vision.dynamite.ocr:0
03-02 01:18:13.676  2350 12888 W ProviderHelper: Ignoring optional dynamite feature vision.ocr
03-02 01:18:13.677  2350 12888 W DynamiteModule: Local module descriptor class for com.google.android.gms.vision.ocr not found.
03-02 01:18:13.677  2350 12888 I DynamiteModule: Considering local module com.google.android.gms.vision.ocr:0 and remote module com.google.android.gms.vision.ocr:0
03-02 01:18:13.677  2350 12888 E Vision  : Error loading module com.google.android.gms.vision.ocr optional module true: waz: No acceptable module found. Local version is 0 and remote version is 0.
03-02 01:18:13.680  2350 12888 I OcrModelUpStIntentOp: Downloading text recognizer
03-02 01:18:13.750  1861  1877 I art     : Background sticky concurrent mark sweep GC freed 45037(2MB) AllocSpace objects, 8(232KB) LOS objects, 21% free, 12MB/15MB, paused 11.072ms total 87.896ms
03-02 01:18:13.753  2350 12887 I Vision  : Requesting optional module download of ocr.
03-02 01:18:13.754  2350 12887 I Vision  : Exceeded maximum feature download tries for ocr
03-02 01:18:13.754  2350 12887 W Vision  : Request of optional module download of ocr failed.
03-02 01:18:13.758  2350 12887 I Vision  : Checking for download completion for 92943392 -- ocr
03-02 01:18:13.776  2350 12887 I Vision  : Requesting optional module download of ocr.
03-02 01:18:13.815  2350 12887 I Vision  : Checking for download completion for 92943450 -- ocr
03-02 01:18:13.842  2350 12887 I ChimeraConfigurator: Starting update, reason: 4 urgentFeatures: vision.ocr:-1
03-02 01:18:13.846  2350 12887 E ConfigFileUtils: Failed to read config file: /data/user_de/0/com.google.android.gms/app_chimera/next_container.pb (No such file or directory)
03-02 01:18:13.930  1861 12885 I Auth    : [AuthManaged,PasswordComplexityHelperImpl] Updating password complexity components state.
03-02 01:18:13.930  1861 12885 I Auth    : [AuthManaged,PasswordComplexityHelperImpl] Enabling com.google.android.gms.auth.managed.ui.SetNewPasswordActivity
03-02 01:18:13.959  1861 12884 I PTCommittedOperation: Receive new configuration for com.google.android.gms.usagereporting
03-02 01:18:13.978  1696  3573 W ActivityManager: Unable to start service Intent { act=com.google.android.gms.auth.key.retrieval.service.START pkg=com.google.android.gms } U=0: not found
03-02 01:18:13.970  2350 12927 I ChromeSync: [Sync,SyncIntentOperation] Handling the intent: Intent { act=com.google.android.gms.phenotype.COMMITTED flg=0x10 pkg=com.google.android.gms cmp=com.google.android.gms/.chimera.GmsIntentOperationService (has extras) }.
03-02 01:18:14.000  1696  1795 W ActivityManager: Unbind failed: could not find connection for android.os.BinderProxy@9f76486
03-02 01:18:14.000  2350  2525 E GmsClient: unable to connect to service: com.google.android.gms.auth.key.retrieval.service.START on com.google.android.gms
03-02 01:18:14.026  2350 12888 I MdiSyncModule: flag handling is skipping irrelevant intent.
03-02 01:18:14.074  2350 12931 W ModuleInitIntentOp: Dropping unexpected action com.google.android.gms.phenotype.COMMITTED
03-02 01:18:14.077  1861 12871 I Auth    : [AuthManaged,PasswordComplexityHelperImpl] Updating password complexity components state.
03-02 01:18:14.078  1861 12871 I Auth    : [AuthManaged,PasswordComplexityHelperImpl] Enabling com.google.android.gms.auth.managed.ui.SetNewPasswordActivity
03-02 01:18:14.158  2350 12887 I ChmraDebugLogger: [73] 1801
03-02 01:18:14.169  2350 12887 I ChmraDebugLogger: [30] [VisionOcrDynamite.integ:223610901000700] permitMetered=true,
03-02 01:18:14.177  1861 12928 I Auth    : [AuthManaged,PasswordComplexityHelperImpl] Updating password complexity components state.
03-02 01:18:14.177  1861 12928 I Auth    : [AuthManaged,PasswordComplexityHelperImpl] Enabling com.google.android.gms.auth.managed.ui.SetNewPasswordActivity
03-02 01:18:14.192  2350 12887 W ChimeraConfigService: Retry attempt was throttled.
03-02 01:18:14.306  1861  1877 I art     : Background sticky concurrent mark sweep GC freed 42156(2MB) AllocSpace objects, 11(384KB) LOS objects, 14% free, 13MB/15MB, paused 6.784ms total 69.743ms
03-02 01:18:14.373  1861 12885 I Auth    : [AuthManaged,PasswordComplexityHelperImpl] Updating password complexity components state.
03-02 01:18:14.373  1861 12885 I Auth    : [AuthManaged,PasswordComplexityHelperImpl] Enabling com.google.android.gms.auth.managed.ui.SetNewPasswordActivity
03-02 01:18:14.482  2350 12863 I MS_RegisterService: Tachyon host: www.google.com, Tachyon port: 443
03-02 01:18:14.545  2350 12887 I MS_RegisterService: RegisterService intent:Intent { act=com.google.android.gms.matchstick.register_intent_action cat=[targeted_intent_op_prefix:com.google.android.libraries.matchstick.net.SilentRegisterIntentOperation] cmp=com.google.android.gms/.chimera.GmsIntentOperationService } isPeriodic:false
03-02 01:18:14.600  2350 12887 W DynamiteModule: Local module descriptor class for providerinstaller not found.
03-02 01:18:14.600  2350 12887 W ProviderHelper: Unknown dynamite feature providerinstaller
03-02 01:18:14.600  2350 12887 I DynamiteModule: Considering local module providerinstaller:0 and remote module providerinstaller:0
03-02 01:18:14.600  2350 12887 W ProviderInstaller: Failed to load providerinstaller module: No acceptable module found. Local version is 0 and remote version is 0.
03-02 01:18:14.605  1861 12871 I Auth    : [AuthManaged,PasswordComplexityHelperImpl] Updating password complexity components state.
03-02 01:18:14.605  1861 12871 I Auth    : [AuthManaged,PasswordComplexityHelperImpl] Enabling com.google.android.gms.auth.managed.ui.SetNewPasswordActivity
03-02 01:18:14.618  2350 12890 I ChromeSync: [Sync,SyncIntentOperation] Handling the intent: Intent { act=com.google.android.gms.phenotype.COMMITTED flg=0x10 pkg=com.google.android.gms cmp=com.google.android.gms/.chimera.GmsIntentOperationService (has extras) }.
03-02 01:18:14.620  1696  2239 W ActivityManager: Unable to start service Intent { act=com.google.android.gms.auth.key.retrieval.service.START pkg=com.google.android.gms } U=0: not found
03-02 01:18:14.623  1861 12884 I PTCommittedOperation: Receive new configuration for com.google.android.gms.clearcut.public
03-02 01:18:14.644  2350 12866 I MdiSyncModule: flag handling is skipping irrelevant intent.
03-02 01:18:14.649  2350 12905 W ModuleInitIntentOp: Dropping unexpected action com.google.android.gms.phenotype.COMMITTED
03-02 01:18:14.659  1696  1795 W ActivityManager: Unbind failed: could not find connection for android.os.BinderProxy@95cd09
03-02 01:18:14.660  2350  2525 E GmsClient: unable to connect to service: com.google.android.gms.auth.key.retrieval.service.START on com.google.android.gms
03-02 01:18:14.768  1861  1877 I art     : Background sticky concurrent mark sweep GC freed 32589(2MB) AllocSpace objects, 15(428KB) LOS objects, 16% free, 13MB/15MB, paused 6.282ms total 60.682ms
03-02 01:18:14.783  1861 12928 I Auth    : [AuthManaged,PasswordComplexityHelperImpl] Updating password complexity components state.
03-02 01:18:14.783  1861 12928 I Auth    : [AuthManaged,PasswordComplexityHelperImpl] Enabling com.google.android.gms.auth.managed.ui.SetNewPasswordActivity
03-02 01:18:14.999  1861 12885 I Auth    : [AuthManaged,PasswordComplexityHelperImpl] Updating password complexity components state.
03-02 01:18:14.999  1861 12885 I Auth    : [AuthManaged,PasswordComplexityHelperImpl] Enabling com.google.android.gms.auth.managed.ui.SetNewPasswordActivity
03-02 01:18:15.113  1861  1877 I art     : Background sticky concurrent mark sweep GC freed 26631(1814KB) AllocSpace objects, 11(292KB) LOS objects, 12% free, 13MB/15MB, paused 6.820ms total 70.971ms
03-02 01:18:15.153  1861 12871 I Auth    : [AuthManaged,PasswordComplexityHelperImpl] Updating password complexity components state.
03-02 01:18:15.153  1861 12871 I Auth    : [AuthManaged,PasswordComplexityHelperImpl] Enabling com.google.android.gms.auth.managed.ui.SetNewPasswordActivity
03-02 01:18:15.168  1861 12885 I PTCommittedOperation: Receive new configuration for com.google.android.gms.octarine
03-02 01:18:15.197  2350  2367 W art     : Suspending all threads took: 10.932ms
03-02 01:18:15.201  2350 12890 I ChromeSync: [Sync,SyncIntentOperation] Handling the intent: Intent { act=com.google.android.gms.phenotype.COMMITTED flg=0x10 pkg=com.google.android.gms cmp=com.google.android.gms/.chimera.GmsIntentOperationService (has extras) }.
03-02 01:18:15.219  1861 12932 I FA-SVC  : App measurement initialized, version: 202414
03-02 01:18:15.250  2350 12888 I MdiSyncModule: flag handling is skipping irrelevant intent.
03-02 01:18:15.328  1696  1706 I art     : Background partial concurrent mark sweep GC freed 37518(1827KB) AllocSpace objects, 0(0B) LOS objects, 21% free, 14MB/18MB, paused 6.956ms total 155.917ms
03-02 01:18:15.333  1861  1877 I art     : Background sticky concurrent mark sweep GC freed 28842(1845KB) AllocSpace objects, 14(424KB) LOS objects, 12% free, 13MB/15MB, paused 10.336ms total 58.514ms
03-02 01:18:15.338  2350 12927 W ModuleInitIntentOp: Dropping unexpected action com.google.android.gms.phenotype.COMMITTED
03-02 01:18:15.388  1861 12881 I Auth    : [AuthManaged,PasswordComplexityHelperImpl] Updating password complexity components state.
03-02 01:18:15.389  1861 12881 I Auth    : [AuthManaged,PasswordComplexityHelperImpl] Enabling com.google.android.gms.auth.managed.ui.SetNewPasswordActivity
03-02 01:18:15.504  1861 12881 I Auth    : [AuthManaged,PasswordComplexityHelperImpl] Updating password complexity components state.
03-02 01:18:15.505  1861 12881 I Auth    : [AuthManaged,PasswordComplexityHelperImpl] Enabling com.google.android.gms.auth.managed.ui.SetNewPasswordActivity
03-02 01:18:15.514  2350 12866 I ChromeSync: [Sync,SyncIntentOperation] Handling the intent: Intent { act=com.google.android.gms.phenotype.COMMITTED flg=0x10 pkg=com.google.android.gms cmp=com.google.android.gms/.chimera.GmsIntentOperationService (has extras) }.
03-02 01:18:15.517  1861 12871 I PTCommittedOperation: Receive new configuration for com.google.android.gms.learning#com.google.android.gms
03-02 01:18:15.582  2350 12900 I MdiSyncModule: flag handling is skipping irrelevant intent.
03-02 01:18:15.587  2350 12926 W ModuleInitIntentOp: Dropping unexpected action com.google.android.gms.phenotype.COMMITTED
03-02 01:18:15.620  1861  1877 I art     : Background sticky concurrent mark sweep GC freed 21147(1260KB) AllocSpace objects, 6(248KB) LOS objects, 9% free, 14MB/15MB, paused 6.404ms total 96.465ms
03-02 01:18:15.651  1861 12883 I Auth    : [AuthManaged,PasswordComplexityHelperImpl] Updating password complexity components state.
03-02 01:18:15.651  1861 12883 I Auth    : [AuthManaged,PasswordComplexityHelperImpl] Enabling com.google.android.gms.auth.managed.ui.SetNewPasswordActivity
03-02 01:18:15.662  2350 12905 I ChromeSync: [Sync,SyncIntentOperation] Handling the intent: Intent { act=com.google.android.gms.phenotype.COMMITTED flg=0x10 pkg=com.google.android.gms cmp=com.google.android.gms/.chimera.GmsIntentOperationService (has extras) }.
03-02 01:18:15.664  1861 12883 I PTCommittedOperation: Receive new configuration for com.google.android.gms.chromesync
03-02 01:18:15.699  2350 12900 I MdiSyncModule: flag handling is skipping irrelevant intent.
03-02 01:18:15.741  2350 12866 W ModuleInitIntentOp: Dropping unexpected action com.google.android.gms.phenotype.COMMITTED
03-02 01:18:15.762  1861 12881 I Auth    : [AuthManaged,PasswordComplexityHelperImpl] Updating password complexity components state.
03-02 01:18:15.762  1861 12881 I Auth    : [AuthManaged,PasswordComplexityHelperImpl] Enabling com.google.android.gms.auth.managed.ui.SetNewPasswordActivity
03-02 01:18:15.776  2350 12866 I ChromeSync: [Sync,SyncIntentOperation] Handling the intent: Intent { act=com.google.android.gms.phenotype.COMMITTED flg=0x10 pkg=com.google.android.gms cmp=com.google.android.gms/.chimera.GmsIntentOperationService (has extras) }.
03-02 01:18:15.782  1861 12871 I PTCommittedOperation: Receive new configuration for com.google.android.gms.credential_manager
03-02 01:18:15.803  2350 12925 I MdiSyncModule: flag handling is skipping irrelevant intent.
03-02 01:18:15.822  2350 12926 W ModuleInitIntentOp: Dropping unexpected action com.google.android.gms.phenotype.COMMITTED
03-02 01:18:15.892  1861 12881 I Auth    : [AuthManaged,PasswordComplexityHelperImpl] Updating password complexity components state.
03-02 01:18:15.894  1861 12881 I Auth    : [AuthManaged,PasswordComplexityHelperImpl] Enabling com.google.android.gms.auth.managed.ui.SetNewPasswordActivity
03-02 01:18:15.922  1861 12883 I PTCommittedOperation: Receive new configuration for com.google.android.gms.autofill
03-02 01:18:15.947  2350 12938 I ChromeSync: [Sync,SyncIntentOperation] Handling the intent: Intent { act=com.google.android.gms.phenotype.COMMITTED flg=0x10 pkg=com.google.android.gms cmp=com.google.android.gms/.chimera.GmsIntentOperationService (has extras) }.
03-02 01:18:15.961  2350 12940 I MdiSyncModule: flag handling is skipping irrelevant intent.
03-02 01:18:15.968  2350 12941 W ModuleInitIntentOp: Dropping unexpected action com.google.android.gms.phenotype.COMMITTED
03-02 01:18:16.012  1861  1877 I art     : Background partial concurrent mark sweep GC freed 89560(4MB) AllocSpace objects, 8(184KB) LOS objects, 26% free, 10MB/14MB, paused 8.445ms total 175.194ms
03-02 01:18:16.103  1861 12929 I Auth    : [AuthManaged,PasswordComplexityHelperImpl] Updating password complexity components state.
03-02 01:18:16.103  1861 12929 I Auth    : [AuthManaged,PasswordComplexityHelperImpl] Enabling com.google.android.gms.auth.managed.ui.SetNewPasswordActivity
03-02 01:18:16.115  1861 12889 I PTCommittedOperation: Receive new configuration for com.google.android.gms.cast
03-02 01:18:16.116  2350 12940 I ChromeSync: [Sync,SyncIntentOperation] Handling the intent: Intent { act=com.google.android.gms.phenotype.COMMITTED flg=0x10 pkg=com.google.android.gms cmp=com.google.android.gms/.chimera.GmsIntentOperationService (has extras) }.
03-02 01:18:16.119  2350 12941 I MdiSyncModule: flag handling is skipping irrelevant intent.
03-02 01:18:16.204  2350 12935 W ModuleInitIntentOp: Dropping unexpected action com.google.android.gms.phenotype.COMMITTED
03-02 01:18:16.227  1861 12881 I Auth    : [AuthManaged,PasswordComplexityHelperImpl] Updating password complexity components state.
03-02 01:18:16.227  1861 12881 I Auth    : [AuthManaged,PasswordComplexityHelperImpl] Enabling com.google.android.gms.auth.managed.ui.SetNewPasswordActivity
03-02 01:18:16.248  2350 12894 I ChromeSync: [Sync,SyncIntentOperation] Handling the intent: Intent { act=com.google.android.gms.phenotype.COMMITTED flg=0x10 pkg=com.google.android.gms cmp=com.google.android.gms/.chimera.GmsIntentOperationService (has extras) }.
03-02 01:18:16.255  1861 12881 I PTCommittedOperation: Receive new configuration for com.google.android.gms.fido
03-02 01:18:16.297  2350 12941 I MdiSyncModule: flag handling is skipping irrelevant intent.
03-02 01:18:16.301  2350 12925 W ModuleInitIntentOp: Dropping unexpected action com.google.android.gms.phenotype.COMMITTED
03-02 01:18:16.332  1861  1861 I Fido    : [CableAuthenticatorChimeraService] Unregistering receiver.
03-02 01:18:16.333  1861  1861 I Fido    : [CableAuthenticatorChimeraService] Registering broadcast receiver.
03-02 01:18:16.405 12942 12942 W art     : Unexpected CPU variant for X86 using defaults: x86
03-02 01:18:16.412  1696  1795 I ActivityManager: Start proc 12942:com.google.android.gms.unstable/u0a13 for service com.google.android.gms/.droidguard.DroidGuardService
03-02 01:18:16.430  1861 12885 I Auth    : [AuthManaged,PasswordComplexityHelperImpl] Updating password complexity components state.
03-02 01:18:16.431  1861 12885 I Auth    : [AuthManaged,PasswordComplexityHelperImpl] Enabling com.google.android.gms.auth.managed.ui.SetNewPasswordActivity
03-02 01:18:16.445  3946  3946 I chatty  : uid=10029 com.google.android.googlequicksearchbox:search expire 8 lines
03-02 01:18:16.467  2350  2367 I art     : Background partial concurrent mark sweep GC freed 24019(1247KB) AllocSpace objects, 1(20KB) LOS objects, 23% free, 13MB/17MB, paused 7.867ms total 175.470ms
03-02 01:18:16.468  3946 12956 I chatty  : uid=10029 com.google.android.googlequicksearchbox:search expire 5 lines
03-02 01:18:16.483  3946 12325 I chatty  : uid=10029(com.google.android.googlequicksearchbox) User-Facing Sha expire 12 lines
03-02 01:18:16.520  1397 12960 I AudioFlinger: AudioFlinger's thread 0xab203e00 ready to run
03-02 01:18:16.533  1397  3945 E AudioFlinger: not enough memory for AudioTrack size=131296
03-02 01:18:16.533  1397  3945 D MemoryDealer:   AudioTrack (0xb269cf20, size=4194304)
03-02 01:18:16.533  1397  3945 D MemoryDealer:     0: 0xb269cf30 | 0x00000000 | 0x000200E0 | A 
03-02 01:18:16.533  1397  3945 D MemoryDealer:     1: 0xb269cfb0 | 0x000200E0 | 0x000200E0 | A 
03-02 01:18:16.533  1397  3945 D MemoryDealer:     2: 0xb1db04e0 | 0x000401C0 | 0x000200E0 | A 
03-02 01:18:16.533  1397  3945 D MemoryDealer:     3: 0xb26ffe80 | 0x000602A0 | 0x000200E0 | A 
03-02 01:18:16.533  1397  3945 D MemoryDealer:     4: 0xb26ffd00 | 0x00080380 | 0x000200E0 | A 
03-02 01:18:16.533  1397  3945 D MemoryDealer:     5: 0xafaf0080 | 0x000A0460 | 0x000200E0 | A 
03-02 01:18:16.533  1397  3945 D MemoryDealer:     6: 0xb1db0100 | 0x000C0540 | 0x000200E0 | A 
03-02 01:18:16.533  1397  3945 D MemoryDealer:     7: 0xafaf0740 | 0x000E0620 | 0x000200E0 | A 
03-02 01:18:16.533  1397  3945 D MemoryDealer:     8: 0xb26ff850 | 0x00100700 | 0x000200E0 | A 
03-02 01:18:16.533  1397  3945 D MemoryDealer:     9: 0xb1db04a0 | 0x001207E0 | 0x000200E0 | A 
03-02 01:18:16.533  1397  3945 D MemoryDealer:    10: 0xafaf09a0 | 0x001408C0 | 0x000200E0 | A 
03-02 01:18:16.533  1397  3945 D MemoryDealer:    11: 0xafaf0710 | 0x001609A0 | 0x000200E0 | A 
03-02 01:18:16.533  1397  3945 D MemoryDealer:    12: 0xb1db0480 | 0x00180A80 | 0x000200E0 | A 
03-02 01:18:16.533  1397  3945 D MemoryDealer:    13: 0xafaf0a80 | 0x001A0B60 | 0x000200E0 | A 
03-02 01:18:16.533  1397  3945 D MemoryDealer:    14: 0xafaf09b0 | 0x001C0C40 | 0x000200E0 | A 
03-02 01:18:16.533  1397  3945 D MemoryDealer:    15: 0xafaf0f60 | 0x001E0D20 | 0x000200E0 | A 
03-02 01:18:16.533  1397  3945 D MemoryDealer:    16: 0xafaf0fb0 | 0x00200E00 | 0x000200E0 | A 
03-02 01:18:16.533  1397  3945 D MemoryDealer:    17: 0xb1db0760 | 0x00220EE0 | 0x000200E0 | A 
03-02 01:18:16.533  1397  3945 D MemoryDealer:    18: 0xb1db0900 | 0x00240FC0 | 0x000200E0 | A 
03-02 01:18:16.533  1397  3945 D MemoryDealer:    19: 0xb269ce00 | 0x002610A0 | 0x000200E0 | A 
03-02 01:18:16.533  1397  3945 D MemoryDealer:    
03-02 01:18:16.533  1397  3945 E AudioFlinger: createRecordTrack_l() initCheck failed -12; no control block?
03-02 01:18:16.574  3946 12325 E ActivityThread: Failed to find provider info for com.google.android.apps.gsa.testing.ui.audio.recorded
03-02 01:18:16.605  3946 12955 I chatty  : uid=10029 com.google.android.googlequicksearchbox:search expire 1 line
03-02 01:18:16.610  3946  3957 I chatty  : uid=10029(com.google.android.googlequicksearchbox) HeapTaskDaemon expire 1 line
03-02 01:18:16.647  1861 12885 I Auth    : [AuthManaged,PasswordComplexityHelperImpl] Updating password complexity components state.
03-02 01:18:16.647  1861 12885 I Auth    : [AuthManaged,PasswordComplexityHelperImpl] Enabling com.google.android.gms.auth.managed.ui.SetNewPasswordActivity
