01-17 10:28:33.943  1696 27843 W WindowManager: Attempted to remove non-existing token: android.os.Binder@de1b67
01-17 10:28:35.366  1696  4549 W WindowManager: Attempted to remove non-existing token: android.os.Binder@3131680
01-17 10:28:36.655  1696  2245 W WindowManager: Attempted to remove non-existing token: android.os.Binder@f3950fe
01-17 10:28:53.168  1696  1906 W WindowManager: Attempted to remove non-existing token: android.os.Binder@180a3e5
01-17 10:28:54.592  1696  1708 W WindowManager: Attempted to remove non-existing token: android.os.Binder@521116b
01-17 10:28:55.916  1696 27843 W WindowManager: Attempted to remove non-existing token: android.os.Binder@e9c9961
01-17 10:29:12.396  1696  5358 W WindowManager: Attempted to remove non-existing token: android.os.Binder@c9e350d
01-17 10:29:13.829  1696  4549 W WindowManager: Attempted to remove non-existing token: android.os.Binder@92e3610
01-17 10:29:15.133  1696  4549 W WindowManager: Attempted to remove non-existing token: android.os.Binder@a75e30e
01-17 10:29:31.617  1696 27843 W WindowManager: Attempted to remove non-existing token: android.os.Binder@f9536c
01-17 10:29:33.055  1696  4549 W WindowManager: Attempted to remove non-existing token: android.os.Binder@375d7b1
01-17 10:29:34.354  1696  1708 W WindowManager: Attempted to remove non-existing token: android.os.Binder@2f40817
01-17 10:29:50.787  1696  1708 W WindowManager: Attempted to remove non-existing token: android.os.Binder@d3f79d2
01-17 10:29:52.206  1696  4549 W WindowManager: Attempted to remove non-existing token: android.os.Binder@d1161a0
01-17 10:29:53.559  1696  2245 W WindowManager: Attempted to remove non-existing token: android.os.Binder@bf7611e
01-17 10:30:10.026  1696  1708 W WindowManager: Attempted to remove non-existing token: android.os.Binder@66378da
01-17 10:30:11.544  1696  3573 W WindowManager: Attempted to remove non-existing token: android.os.Binder@a8ab201
01-17 10:30:12.893  1696  5358 W WindowManager: Attempted to remove non-existing token: android.os.Binder@c75b2e7
01-17 10:30:29.577  1696  1798 W WindowManager: Attempted to remove non-existing token: android.os.Binder@afb1fad
01-17 10:30:30.990  1696  1707 W WindowManager: Attempted to remove non-existing token: android.os.Binder@736cb2e
01-17 10:30:32.278  1696  1926 W WindowManager: Attempted to remove non-existing token: android.os.Binder@eab185c
01-17 10:30:48.770  1696  4550 W WindowManager: Attempted to remove non-existing token: android.os.Binder@8aeeadb
01-17 10:30:50.176  1696  1795 W WindowManager: Attempted to remove non-existing token: android.os.Binder@1782851
01-17 10:30:51.459  1696  1708 W WindowManager: Attempted to remove non-existing token: android.os.Binder@ba759b7
01-17 10:31:07.962  1696  1906 W WindowManager: Attempted to remove non-existing token: android.os.Binder@a51fe43
01-17 10:31:09.388  1696  2071 W WindowManager: Attempted to remove non-existing token: android.os.Binder@6d213e
01-17 10:31:10.693  1696  2071 W WindowManager: Attempted to remove non-existing token: android.os.Binder@bda04ec
01-17 10:31:27.298  1696  2245 W WindowManager: Attempted to remove non-existing token: android.os.Binder@81e2fa
01-17 10:31:28.715  1696 27843 W WindowManager: Attempted to remove non-existing token: android.os.Binder@1adfc87
01-17 10:31:30.016  1696  4551 W WindowManager: Attempted to remove non-existing token: android.os.Binder@98fdfdd
01-17 10:31:46.516  1696  2239 W WindowManager: Attempted to remove non-existing token: android.os.Binder@80f9213
01-17 10:31:47.956  1696  4550 W WindowManager: Attempted to remove non-existing token: android.os.Binder@c93634e
01-17 10:31:49.264  1696  1906 W WindowManager: Attempted to remove non-existing token: android.os.Binder@968bd7c
01-17 10:32:05.723  1696 27843 W WindowManager: Attempted to remove non-existing token: android.os.Binder@521c898
01-17 10:32:07.154  1696  1707 W WindowManager: Attempted to remove non-existing token: android.os.Binder@96e9b57
01-17 10:32:08.461  1696  2071 W WindowManager: Attempted to remove non-existing token: android.os.Binder@6ba232d
01-17 10:32:24.927  1696 27843 W WindowManager: Attempted to remove non-existing token: android.os.Binder@11e1e3
01-17 10:32:26.533  1696  2245 W WindowManager: Attempted to remove non-existing token: android.os.Binder@a38420c
01-17 10:32:27.849  1696  4551 W WindowManager: Attempted to remove non-existing token: android.os.Binder@42656a
01-17 10:32:44.237  1696  5358 W WindowManager: Attempted to remove non-existing token: android.os.Binder@65f8a28
01-17 10:32:45.649  1696  2245 W WindowManager: Attempted to remove non-existing token: android.os.Binder@777d0e6
01-17 10:32:46.937  1696 27843 W WindowManager: Attempted to remove non-existing token: android.os.Binder@53720d4
01-17 10:33:03.382  1696  4549 W WindowManager: Attempted to remove non-existing token: android.os.Binder@b5642e9
01-17 10:33:04.802  1696  4550 W WindowManager: Attempted to remove non-existing token: android.os.Binder@fe9929c
01-17 10:33:06.096  1696  4549 W WindowManager: Attempted to remove non-existing token: android.os.Binder@b93107a
01-17 10:33:22.471  1696  1707 W WindowManager: Attempted to remove non-existing token: android.os.Binder@e8ad7b8
01-17 10:33:23.894  1696  3573 W WindowManager: Attempted to remove non-existing token: android.os.Binder@423bdcd
01-17 10:33:25.203  1696  4550 W WindowManager: Attempted to remove non-existing token: android.os.Binder@c6c4193
01-17 10:33:41.755  1696  1906 W WindowManager: Attempted to remove non-existing token: android.os.Binder@6755739
01-17 10:33:43.166  1696  1708 W WindowManager: Attempted to remove non-existing token: android.os.Binder@48726df
01-17 10:33:44.456  1696  1708 W WindowManager: Attempted to remove non-existing token: android.os.Binder@3cb2df5
01-17 10:34:00.924  1696  1707 W WindowManager: Attempted to remove non-existing token: android.os.Binder@1ce1d06
01-17 10:34:02.356  1696  2071 W WindowManager: Attempted to remove non-existing token: android.os.Binder@6fd151d
01-17 10:34:03.647  1696  1798 W WindowManager: Attempted to remove non-existing token: android.os.Binder@6b73163
01-17 10:34:20.029  1696  4550 W WindowManager: Attempted to remove non-existing token: android.os.Binder@e548789
01-17 10:34:21.446  1696  5358 W WindowManager: Attempted to remove non-existing token: android.os.Binder@e166a9a
01-17 10:34:22.740  1696  4549 W WindowManager: Attempted to remove non-existing token: android.os.Binder@a273a8
01-17 10:34:39.267  1696 27843 W WindowManager: Attempted to remove non-existing token: android.os.Binder@a316516
01-17 10:34:40.701  1696  1798 W WindowManager: Attempted to remove non-existing token: android.os.Binder@cd9c884
01-17 10:34:42.009  1696  1708 W WindowManager: Attempted to remove non-existing token: android.os.Binder@66ce8f0
01-17 10:34:58.470  1696  4549 W WindowManager: Attempted to remove non-existing token: android.os.Binder@d65847f
01-17 10:34:59.892  1696  4551 W WindowManager: Attempted to remove non-existing token: android.os.Binder@f1b19aa
01-17 10:35:01.207  1696  2245 W WindowManager: Attempted to remove non-existing token: android.os.Binder@4fde138
01-17 10:35:17.617  1696 27843 W WindowManager: Attempted to remove non-existing token: android.os.Binder@b461926
01-17 10:35:19.052  1696  2245 W WindowManager: Attempted to remove non-existing token: android.os.Binder@7574503
01-17 10:35:20.346  1696  4551 W WindowManager: Attempted to remove non-existing token: android.os.Binder@81132b9
01-17 10:35:36.834  1696  1926 W WindowManager: Attempted to remove non-existing token: android.os.Binder@4f66d4f
01-17 10:35:38.256  1696  4551 W WindowManager: Attempted to remove non-existing token: android.os.Binder@4ae71e5
01-17 10:35:39.561  1696 27843 W WindowManager: Attempted to remove non-existing token: android.os.Binder@1d94761
01-17 10:35:56.041  1696  1926 W WindowManager: Attempted to remove non-existing token: android.os.Binder@27709a4
01-17 10:35:57.493  1696  1798 W WindowManager: Attempted to remove non-existing token: android.os.Binder@55668d3
01-17 10:35:58.787  1696  1707 W WindowManager: Attempted to remove non-existing token: android.os.Binder@ae20309
01-17 10:36:15.310  1696 27843 W WindowManager: Attempted to remove non-existing token: android.os.Binder@3b9d21f
01-17 10:36:16.729  1696  2071 W WindowManager: Attempted to remove non-existing token: android.os.Binder@e896058
01-17 10:36:18.032  1696  2071 W WindowManager: Attempted to remove non-existing token: android.os.Binder@5d98a96
01-17 10:36:34.574  1696  1708 W WindowManager: Attempted to remove non-existing token: android.os.Binder@ea41c34
01-17 10:36:36.006  1696  2245 W WindowManager: Attempted to remove non-existing token: android.os.Binder@b67ef59
01-17 10:36:37.316  1696  5358 W WindowManager: Attempted to remove non-existing token: android.os.Binder@fcacbff
01-17 10:36:53.745  1696  1708 W WindowManager: Attempted to remove non-existing token: android.os.Binder@7e12eda
01-17 10:36:55.166  1696  2245 W WindowManager: Attempted to remove non-existing token: android.os.Binder@f5b71e8
01-17 10:36:56.615  1696  2239 W WindowManager: Attempted to remove non-existing token: android.os.Binder@7b35ea6
01-17 10:37:13.016  1696  4551 W WindowManager: Attempted to remove non-existing token: android.os.Binder@c312dad
01-17 10:37:14.425  1696  4551 W WindowManager: Attempted to remove non-existing token: android.os.Binder@cd7f30
01-17 10:37:15.716  1696  5358 W WindowManager: Attempted to remove non-existing token: android.os.Binder@308212e
01-17 10:37:32.166  1696 27843 W WindowManager: Attempted to remove non-existing token: android.os.Binder@ac0fbf
01-17 10:37:33.595  1696  4550 W WindowManager: Attempted to remove non-existing token: android.os.Binder@7370f78
01-17 10:37:34.890  1696  1798 W WindowManager: Attempted to remove non-existing token: android.os.Binder@2af9eb6
01-17 10:37:51.415  1696  1906 W WindowManager: Attempted to remove non-existing token: android.os.Binder@4a7acfd
01-17 10:37:52.827  1696  1795 W WindowManager: Attempted to remove non-existing token: android.os.Binder@ccc3c43
01-17 10:37:54.193  1696  5358 W WindowManager: Attempted to remove non-existing token: android.os.Binder@8471bf9
01-17 10:37:56.472  1696  1709 I UsageStatsService: User[0] Flushing usage stats to disk
01-17 10:38:10.787  1696  2239 W WindowManager: Attempted to remove non-existing token: android.os.Binder@7637f25
01-17 10:38:12.240  1696  1795 W WindowManager: Attempted to remove non-existing token: android.os.Binder@6cd3908
01-17 10:38:13.584  1696  2071 W WindowManager: Attempted to remove non-existing token: android.os.Binder@9674ac6
01-17 10:38:30.133  1696  1708 W WindowManager: Attempted to remove non-existing token: android.os.Binder@6f11be4
01-17 10:38:31.560  1696  1708 W WindowManager: Attempted to remove non-existing token: android.os.Binder@b5a5c49
01-17 10:38:32.846  1696  3573 W WindowManager: Attempted to remove non-existing token: android.os.Binder@fa1da6f
01-17 10:38:49.370  1696  3573 W WindowManager: Attempted to remove non-existing token: android.os.Binder@f58500a
01-17 10:38:50.795  1696  3573 W WindowManager: Attempted to remove non-existing token: android.os.Binder@98eee98
01-17 10:38:52.130  1696  3573 W WindowManager: Attempted to remove non-existing token: android.os.Binder@8d05c44
01-17 10:39:08.649  1696  4550 W WindowManager: Attempted to remove non-existing token: android.os.Binder@2e99c12
01-17 10:39:10.066  1696  4551 W WindowManager: Attempted to remove non-existing token: android.os.Binder@996b899
01-17 10:39:11.372  1696  4551 W WindowManager: Attempted to remove non-existing token: android.os.Binder@8bd73f
01-17 10:39:27.911  1696  1795 W WindowManager: Attempted to remove non-existing token: android.os.Binder@4af2dc5
01-17 10:39:29.340  1696  1906 W WindowManager: Attempted to remove non-existing token: android.os.Binder@2ce6e6
01-17 10:39:30.631  1696  1707 W WindowManager: Attempted to remove non-existing token: android.os.Binder@2b926d4
01-17 10:39:47.033  1696  1906 W WindowManager: Attempted to remove non-existing token: android.os.Binder@afeb522
01-17 10:39:48.436  1696  3573 W WindowManager: Attempted to remove non-existing token: android.os.Binder@7f7016e
01-17 10:39:49.727  1696  2239 W WindowManager: Attempted to remove non-existing token: android.os.Binder@415c67a
01-17 10:40:06.154  1696  2071 W WindowManager: Attempted to remove non-existing token: android.os.Binder@c18fdb8
01-17 10:40:07.557  1696 27843 W WindowManager: Attempted to remove non-existing token: android.os.Binder@12cd6f6
01-17 10:40:08.853  1696  2239 W WindowManager: Attempted to remove non-existing token: android.os.Binder@c3c3d64
01-17 10:40:25.272  1696  4549 W WindowManager: Attempted to remove non-existing token: android.os.Binder@bb7fa32
01-17 10:40:26.833  1696  1798 W WindowManager: Attempted to remove non-existing token: android.os.Binder@65144df
01-17 10:40:28.130  1696  2245 W WindowManager: Attempted to remove non-existing token: android.os.Binder@1bd7bf5
01-17 10:40:44.616  1696  1926 W WindowManager: Attempted to remove non-existing token: android.os.Binder@c702deb
01-17 10:40:46.052  1696  1906 W WindowManager: Attempted to remove non-existing token: android.os.Binder@fcc3306
01-17 10:40:47.381  1696  5358 W WindowManager: Attempted to remove non-existing token: android.os.Binder@6687992
01-17 10:41:03.878  1696  1798 W WindowManager: Attempted to remove non-existing token: android.os.Binder@9647589
01-17 10:41:05.308  1696  1798 W WindowManager: Attempted to remove non-existing token: android.os.Binder@f76b5af
01-17 10:41:06.608  1696  2239 W WindowManager: Attempted to remove non-existing token: android.os.Binder@b95e145
01-17 10:41:07.050  1696  1713 E BatteryStatsService: no controller energy info supplied
01-17 10:41:07.054  1696  1713 E KernelCpuSpeedReader: Failed to read cpu-freq: /sys/devices/system/cpu/cpu0/cpufreq/stats/time_in_state (No such file or directory)
01-17 10:41:07.054  1696  1713 E KernelUidCpuTimeReader: Failed to read uid_cputime: /proc/uid_cputime/show_uid_stat (No such file or directory)
01-17 10:41:07.055  1696  1713 E BatteryStatsService: modem info is invalid: ModemActivityInfo{ mTimestamp=0 mSleepTimeMs=0 mIdleTimeMs=0 mTxTimeMs[]=[0, 0, 0, 0, 0] mRxTimeMs=0 mEnergyUsed=0}
01-17 10:41:23.030  1696  2245 W WindowManager: Attempted to remove non-existing token: android.os.Binder@532efbb
01-17 10:41:24.438  1696  4549 W WindowManager: Attempted to remove non-existing token: android.os.Binder@bd54e84
01-17 10:41:25.742  1696  2239 W WindowManager: Attempted to remove non-existing token: android.os.Binder@71cb2a2
01-17 10:41:26.705  1696  1734 I ActivityManager: START u0 {act=android.intent.action.MAIN cat=[android.intent.category.HOME] flg=0x10200000 cmp=com.google.android.apps.nexuslauncher/.NexusLauncherActivity (has extras)} from uid 1000 on display 0
01-17 10:41:26.992  3946  9039 E ActivityThread: Failed to find provider info for com.google.android.apps.gsa.testing.ui.audio.recorded
01-17 10:41:32.050  3946  9039 E ActivityThread: Failed to find provider info for com.google.android.apps.gsa.testing.ui.audio.recorded
01-17 10:41:37.094  3946  9039 E ActivityThread: Failed to find provider info for com.google.android.apps.gsa.testing.ui.audio.recorded
01-17 10:41:42.145  3946  9039 E ActivityThread: Failed to find provider info for com.google.android.apps.gsa.testing.ui.audio.recorded
01-17 10:41:42.446  1696  3573 W WindowManager: Attempted to remove non-existing token: android.os.Binder@a3f1f44
01-17 10:41:43.864  1696  1707 W WindowManager: Attempted to remove non-existing token: android.os.Binder@5442a29
01-17 10:41:45.153  1696  4551 W WindowManager: Attempted to remove non-existing token: android.os.Binder@e200b4f
01-17 10:41:47.178  3946  9039 E ActivityThread: Failed to find provider info for com.google.android.apps.gsa.testing.ui.audio.recorded
01-17 10:41:52.212  3946  9039 E ActivityThread: Failed to find provider info for com.google.android.apps.gsa.testing.ui.audio.recorded
01-17 10:41:57.277  3946  9039 E ActivityThread: Failed to find provider info for com.google.android.apps.gsa.testing.ui.audio.recorded
01-17 10:42:02.085  1696  2245 W WindowManager: Attempted to remove non-existing token: android.os.Binder@425f8d1
01-17 10:42:02.324  3946  9039 E ActivityThread: Failed to find provider info for com.google.android.apps.gsa.testing.ui.audio.recorded
01-17 10:42:03.535  1696  1795 W WindowManager: Attempted to remove non-existing token: android.os.Binder@f22a8c2
01-17 10:42:04.846  1696 27843 W WindowManager: Attempted to remove non-existing token: android.os.Binder@15c0210
01-17 10:42:05.770  1696  1708 I ActivityManager: START u0 {act=android.intent.action.MAIN cat=[android.intent.category.LAUNCHER] flg=0x10200000 cmp=org.inaturalist.android/.ObservationListActivity bnds=[24,239][230,517] (has extras)} from uid 10022 on display 0
01-17 10:42:05.869  1696  2245 I ActivityManager: Start proc 9347:org.inaturalist.android/u0a151 for activity org.inaturalist.android/.ObservationListActivity
01-17 10:42:06.050  1696  4551 I ActivityManager: START u0 {flg=0x24000000 cmp=org.inaturalist.android/.OnboardingActivity (has extras)} from uid 10151 on display 0
01-17 10:42:09.907  1696  1696 W WindowManager: Attempted to remove non-existing token: android.os.Binder@c404ec9
01-17 10:42:21.723  1696  1906 W WindowManager: Attempted to remove non-existing token: android.os.Binder@6fd6530
01-17 10:42:23.136  1696  1926 W WindowManager: Attempted to remove non-existing token: android.os.Binder@95caa48
01-17 10:42:25.400  1696  1708 W WindowManager: Attempted to remove non-existing token: android.os.Binder@add3e06
01-17 10:42:43.398  1696  1795 W WindowManager: Attempted to remove non-existing token: android.os.Binder@688cd3e
01-17 10:42:44.903  1696 27843 W WindowManager: Attempted to remove non-existing token: android.os.Binder@3bcccb5
01-17 10:42:46.215  1696  4551 W WindowManager: Attempted to remove non-existing token: android.os.Binder@3faeebb
01-17 10:43:03.458  1696  2071 W WindowManager: Attempted to remove non-existing token: android.os.Binder@c90b887
01-17 10:43:04.882  1696  2071 W WindowManager: Attempted to remove non-existing token: android.os.Binder@ac4c352
01-17 10:43:06.184  1696  1798 W WindowManager: Attempted to remove non-existing token: android.os.Binder@9f38720
01-17 10:43:23.395  1696  1798 W WindowManager: Attempted to remove non-existing token: android.os.Binder@d804a49
01-17 10:43:25.589  1696  2245 W WindowManager: Attempted to remove non-existing token: android.os.Binder@509d25a
01-17 10:43:26.988  1696  5358 W WindowManager: Attempted to remove non-existing token: android.os.Binder@e618168
01-17 10:43:44.252  1696  1798 W WindowManager: Attempted to remove non-existing token: android.os.Binder@f1b44f1
01-17 10:43:45.683  1696  2245 W WindowManager: Attempted to remove non-existing token: android.os.Binder@65757
01-17 10:43:47.007  1696  4549 W WindowManager: Attempted to remove non-existing token: android.os.Binder@a0e3f2d
01-17 10:44:04.184  1696  1795 W WindowManager: Attempted to remove non-existing token: android.os.Binder@f632699
01-17 10:44:05.610  1696  3573 W WindowManager: Attempted to remove non-existing token: android.os.Binder@12bce0c
01-17 10:44:07.601  1696  1798 W WindowManager: Attempted to remove non-existing token: android.os.Binder@45ed16a
01-17 10:44:25.639  1696  2071 W WindowManager: Attempted to remove non-existing token: android.os.Binder@e5cdc4b
01-17 10:44:27.176  1696  4549 W WindowManager: Attempted to remove non-existing token: android.os.Binder@beb2cd4
01-17 10:44:28.477  1696 27843 W WindowManager: Attempted to remove non-existing token: android.os.Binder@6710172
01-17 10:44:45.506  1696  4550 W WindowManager: Attempted to remove non-existing token: android.os.Binder@3c169b3
01-17 10:44:46.995  1696  4549 W WindowManager: Attempted to remove non-existing token: android.os.Binder@30e1e9c
01-17 10:44:48.288  1696  1926 W WindowManager: Attempted to remove non-existing token: android.os.Binder@a65c2b
01-17 10:45:05.597  1696  4551 W WindowManager: Attempted to remove non-existing token: android.os.Binder@e5723b8
01-17 10:45:07.549  1696  2245 W WindowManager: Attempted to remove non-existing token: android.os.Binder@b866cf6
01-17 10:45:08.940  1696  5358 W WindowManager: Attempted to remove non-existing token: android.os.Binder@b36c364
01-17 10:45:26.300  1696  1795 W WindowManager: Attempted to remove non-existing token: android.os.Binder@a713183
01-17 10:45:27.670  1696  3573 W WindowManager: Attempted to remove non-existing token: android.os.Binder@ef83339
01-17 10:45:29.080  1696  2245 W WindowManager: Attempted to remove non-existing token: android.os.Binder@28b62df
01-17 10:45:46.702  1696  4550 W WindowManager: Attempted to remove non-existing token: android.os.Binder@ed1c75c
01-17 10:45:48.137  1696  1708 W WindowManager: Attempted to remove non-existing token: android.os.Binder@dfa4906
01-17 10:45:49.696  1696  2245 W WindowManager: Attempted to remove non-existing token: android.os.Binder@13da5f4
01-17 10:46:07.732  1696  4550 W WindowManager: Attempted to remove non-existing token: android.os.Binder@2bc9b8d
01-17 10:46:09.221  1696  1926 W WindowManager: Attempted to remove non-existing token: android.os.Binder@3084f8e
01-17 10:46:10.515  1696  1926 W WindowManager: Attempted to remove non-existing token: android.os.Binder@5fc23bc
01-17 10:46:28.014  1696  1795 W WindowManager: Attempted to remove non-existing token: android.os.Binder@8aaf3b5
01-17 10:46:29.440  1696  1798 W WindowManager: Attempted to remove non-existing token: android.os.Binder@b1eedbb
01-17 10:46:31.764  1696  1795 W WindowManager: Attempted to remove non-existing token: android.os.Binder@7c4aa97
01-17 10:46:49.779  1696  2239 W WindowManager: Attempted to remove non-existing token: android.os.Binder@1e2c2dd
01-17 10:46:51.167  1696  2245 W WindowManager: Attempted to remove non-existing token: android.os.Binder@cf0f523
01-17 10:46:52.466  1696  2071 W WindowManager: Attempted to remove non-existing token: android.os.Binder@c4dafd9
01-17 10:47:00.025  1696  1710 I ProcessStatsService: Prepared write state in 1ms
01-17 10:47:05.515  1696  1696 I ActivityManager: Start proc 11004:com.google.android.dialer/u0a14 for service com.google.android.dialer/com.google.android.apps.dialer.spam.impl.SpamJobService
01-17 10:47:09.961  1696  4550 W WindowManager: Attempted to remove non-existing token: android.os.Binder@9bb6a5f
01-17 10:47:11.392  1696  2239 W WindowManager: Attempted to remove non-existing token: android.os.Binder@ffca798
01-17 10:47:13.680  1696  4551 W WindowManager: Attempted to remove non-existing token: android.os.Binder@d7e43d6
01-17 10:47:26.683  1696  4551 I ActivityManager: Killing 7940:com.android.defcontainer/u0a8 (adj 906): empty for 3225s
01-17 10:47:26.739  1696  1906 D ActivityManager: cleanUpApplicationRecord -- 7940
01-17 10:47:31.718  1696  1795 W WindowManager: Attempted to remove non-existing token: android.os.Binder@ad9e774
01-17 10:47:33.194  1696  1708 W WindowManager: Attempted to remove non-existing token: android.os.Binder@8a35d99
01-17 10:47:34.479  1696  4551 W WindowManager: Attempted to remove non-existing token: android.os.Binder@1fd843f
01-17 10:47:51.753  1696  4551 W WindowManager: Attempted to remove non-existing token: android.os.Binder@74862c5
01-17 10:47:53.168  1696  2245 W WindowManager: Attempted to remove non-existing token: android.os.Binder@a9687e6
01-17 10:47:54.454  1696  4551 W WindowManager: Attempted to remove non-existing token: android.os.Binder@4e62fd4
01-17 10:48:11.850  1696  4550 W WindowManager: Attempted to remove non-existing token: android.os.Binder@f9767ed
01-17 10:48:13.865  1696  4549 W WindowManager: Attempted to remove non-existing token: android.os.Binder@506026e
01-17 10:48:15.222  1696  1795 W WindowManager: Attempted to remove non-existing token: android.os.Binder@665419c
01-17 10:48:32.234  1696  1795 W WindowManager: Attempted to remove non-existing token: android.os.Binder@e65c415
01-17 10:48:33.775  1696  5358 W WindowManager: Attempted to remove non-existing token: android.os.Binder@34537f6
01-17 10:48:35.067  1696  2245 W WindowManager: Attempted to remove non-existing token: android.os.Binder@4960664
01-17 10:48:52.163  1696  2071 W WindowManager: Attempted to remove non-existing token: android.os.Binder@433ab32
01-17 10:48:53.575  1696  3573 W WindowManager: Attempted to remove non-existing token: android.os.Binder@8aeea39
01-17 10:48:55.920  1696  1906 W WindowManager: Attempted to remove non-existing token: android.os.Binder@b8af0f5
01-17 10:49:12.918  1696  1708 W WindowManager: Attempted to remove non-existing token: android.os.Binder@a48cac7
01-17 10:49:14.497  1696 27843 W WindowManager: Attempted to remove non-existing token: android.os.Binder@e31e060
01-17 10:49:15.859  1696  2071 W WindowManager: Attempted to remove non-existing token: android.os.Binder@40addde
01-17 10:49:32.697  1696  1708 W WindowManager: Attempted to remove non-existing token: android.os.Binder@697a2af
01-17 10:49:34.134  1696  1906 W WindowManager: Attempted to remove non-existing token: android.os.Binder@a9c92a8
01-17 10:49:35.490  1696  1926 W WindowManager: Attempted to remove non-existing token: android.os.Binder@c9d4d66
01-17 10:49:52.215  1696  1795 W WindowManager: Attempted to remove non-existing token: android.os.Binder@2b89784
01-17 10:49:53.646  1696  4551 W WindowManager: Attempted to remove non-existing token: android.os.Binder@447d169
01-17 10:49:54.956  1696  1795 W WindowManager: Attempted to remove non-existing token: android.os.Binder@fbc248f
01-17 10:50:11.911  1696  2071 W WindowManager: Attempted to remove non-existing token: android.os.Binder@25bb4c
01-17 10:50:13.363  1696  2245 W WindowManager: Attempted to remove non-existing token: android.os.Binder@2219811
01-17 10:50:14.731  1696  4550 W WindowManager: Attempted to remove non-existing token: android.os.Binder@5dfaf77
01-17 10:50:30.837  1696  3573 W WindowManager: Attempted to remove non-existing token: android.os.Binder@8ed5214
01-17 10:50:34.295  1696  1708 I ActivityManager: Force stopping org.y20k.transistor appid=10153 user=0: from pid 12206
01-17 10:50:34.296  1696  1708 I ActivityManager: Killing 21134:org.y20k.transistor/u0a153 (adj 700): stop org.y20k.transistor
01-17 10:50:34.296  1696  1708 D ActivityManager: cleanUpApplicationRecord -- 21134
01-17 10:50:34.297  1696  1708 I ActivityManager:   Force finishing activity ActivityRecord{47c16a8 u0 org.y20k.transistor/.MainActivity t126}
03-02 01:11:41.579  1696  1696 D ConditionProviders.SCP: onReceive android.intent.action.TIME_SET
03-02 01:11:41.785  1696  1710 W ActivityManager: Slow operation: 60ms so far, now at startProcess: done creating new process record
03-02 01:11:41.787  1696  1710 W ActivityManager: Slow operation: 65ms so far, now at startProcess: stepping in to startProcess
03-02 01:11:43.107  1696  1710 W ActivityManager: Slow operation: 1319ms so far, now at startProcess: returned from zygote!
03-02 01:11:43.117  1696  1710 W ActivityManager: Slow operation: 1329ms so far, now at startProcess: done updating battery stats
03-02 01:11:43.126  1696  1710 W ActivityManager: Slow operation: 1339ms so far, now at startProcess: building log message
03-02 01:11:43.127  1696  1710 I ActivityManager: Start proc 12232:com.google.android.calendar/u0a34 for broadcast com.google.android.calendar/com.android.calendar.widget.CalendarAppWidgetProvider
03-02 01:11:43.128  1696  1710 W ActivityManager: Slow operation: 1340ms so far, now at startProcess: starting to update pids map
03-02 01:11:43.128  1696  1710 W ActivityManager: Slow operation: 1340ms so far, now at startProcess: done updating pids map
03-02 01:11:43.129  1696  1710 W ActivityManager: Slow operation: 1408ms so far, now at startProcess: done starting proc!
--------- beginning of main
03-02 01:11:43.155  1696  1728 W art     : Long monitor contention with owner ActivityManager (1710) at void com.android.server.am.BroadcastQueue.processNextBroadcast(boolean)(BroadcastQueue.java:760) waiters=3 in java.lang.String com.android.server.am.ActivityManagerService.getTagForIntentSender(android.content.IIntentSender, java.lang.String) for 1.336s
03-02 01:11:43.158 12232 12232 W art     : Unexpected CPU variant for X86 using defaults: x86
03-02 01:11:43.159  1696  1715 W art     : Long monitor contention with owner ActivityManager (1710) at void com.android.server.am.BroadcastQueue.processNextBroadcast(boolean)(BroadcastQueue.java:760) waiters=4 in void com.android.server.am.ActivityManagerService.monitor() for 798ms
03-02 01:11:43.617  1696  1706 I art     : Background sticky concurrent mark sweep GC freed 51852(1833KB) AllocSpace objects, 3(60KB) LOS objects, 13% free, 15MB/18MB, paused 19.731ms total 1.754s
03-02 01:11:43.666  1696  1728 W ActivityManager: Slow operation: 213ms so far, now at startProcess: returned from zygote!
03-02 01:11:43.666  1696  1728 W ActivityManager: Slow operation: 214ms so far, now at startProcess: done updating battery stats
03-02 01:11:43.667  1696  1728 W ActivityManager: Slow operation: 214ms so far, now at startProcess: building log message
03-02 01:11:43.667  1696  1728 I ActivityManager: Start proc 12246:com.google.android.partnersetup/u0a19 for service com.google.android.partnersetup/.RlzPingService
03-02 01:11:43.668  1696  1728 W ActivityManager: Slow operation: 215ms so far, now at startProcess: starting to update pids map
03-02 01:11:43.668  1696  1728 W ActivityManager: Slow operation: 215ms so far, now at startProcess: done updating pids map
03-02 01:11:43.668  1696  1728 W ActivityManager: Slow operation: 230ms so far, now at startProcess: done starting proc!
03-02 01:11:43.689  1696  1710 W art     : Long monitor contention with owner AlarmManager (1728) at int com.android.server.am.PendingIntentRecord.sendInner(int, android.content.Intent, java.lang.String, android.content.IIntentReceiver, java.lang.String, android.os.IBinder, java.lang.String, int, int, int, android.os.Bundle, android.app.IActivityContainer)(PendingIntentRecord.java:223) waiters=0 in void com.android.server.am.BroadcastQueue.processNextBroadcast(boolean) for 234ms
03-02 01:11:43.696 12246 12246 W art     : Unexpected CPU variant for X86 using defaults: x86
03-02 01:11:43.776  1696  1711 W art     : Long monitor contention with owner AlarmManager (1728) at int com.android.server.am.PendingIntentRecord.sendInner(int, android.content.Intent, java.lang.String, android.content.IIntentReceiver, java.lang.String, android.os.IBinder, java.lang.String, int, int, int, android.os.Bundle, android.app.IActivityContainer)(PendingIntentRecord.java:223) waiters=1 in void com.android.server.am.ActivityManagerService.dispatchUidsChanged() for 326ms
03-02 01:11:43.799  1696  1696 W art     : Long monitor contention with owner AlarmManager (1728) at void com.android.server.AlarmManagerService$AlarmThread.run()(AlarmManagerService.java:2498) waiters=0 in android.app.AlarmManager$AlarmClockInfo com.android.server.AlarmManagerService.getNextAlarmClockImpl(int) for 630ms
03-02 01:11:43.810  1696  1696 D ConditionProviders.SCP: notifyCondition condition://android/schedule?days=6.7&start=23.30&end=10.0&exitAtAlarm=false STATE_FALSE reason=!meetsSchedule
03-02 01:11:43.843  1696  1696 D ConditionProviders.SCP: notifyCondition condition://android/schedule?days=1.2.3.4.5&start=22.0&end=7.0&exitAtAlarm=false STATE_TRUE reason=meetsSchedule
03-02 01:11:43.870  1696  1696 D ConditionProviders.SCP: Scheduling evaluate for Thu Mar 02 07:00:00 EST 2023 (1677758400000), in +5h48m18s419ms, now=Thu Mar 02 01:11:41 EST 2023 (1677737501581)
03-02 01:11:43.876  1696  1696 D ConditionProviders.SCP: onReceive ScheduleConditionProvider.EVALUATE
03-02 01:11:43.877  1696  1696 D ConditionProviders.SCP: notifyCondition condition://android/schedule?days=6.7&start=23.30&end=10.0&exitAtAlarm=false STATE_FALSE reason=!meetsSchedule
03-02 01:11:43.878  1696  1696 D ConditionProviders.SCP: notifyCondition condition://android/schedule?days=1.2.3.4.5&start=22.0&end=7.0&exitAtAlarm=false STATE_TRUE reason=meetsSchedule
03-02 01:11:43.882  1696  1696 D ConditionProviders.SCP: Scheduling evaluate for Thu Mar 02 07:00:00 EST 2023 (1677758400000), in +5h48m16s123ms, now=Thu Mar 02 01:11:43 EST 2023 (1677737503877)
03-02 01:11:43.946  1696  1696 D ZenLog  : config: conditionChanged,ZenModeConfig[user=0,allowCalls=true,allowRepeatCallers=false,allowMessages=false,allowCallsFrom=contacts,allowMessagesFrom=contacts,allowReminders=true,allowEvents=true,allowWhenScreenOff=true,allowWhenScreenOn=true,automaticRules={2a933f85036147759fa9bbcf058f451e=ZenRule[enabled=false,snoozing=false,name=Event,zenMode=ZEN_MODE_ALARMS,conditionId=condition://android/event?userId=-10000&calendar=&reply=1,condition=Condition[id=condition://android/event?userId=-10000&calendar=&reply=1,summary=...,line1=...,line2=...,icon=0,state=STATE_FALSE,flags=2],component=ComponentInfo{android/com.android.server.notification.EventConditionProvider},id=2a933f85036147759fa9bbcf058f451e,creationTime=1657295413505,enabler=null], b42eec4b4f384e55bad09820ee141b51=ZenRule[enabled=false,snoozing=false,name=Weekend,zenMode=ZEN_MODE_ALARMS,conditionId=condition://android/schedule?days=6.7&start=23.30&end=10.0&exitAtAlarm=false,condition=Condition[id=condition://android/schedule?days=6.7&start=23.30&end=10.0&exitAtAlarm=false,summary=...,line1=...,line2=...,icon=0,state=STATE_FALSE,flags=2],component=ComponentInfo{android/com.android.server.notification.ScheduleConditionProvider},id=b42eec4b4f384e55bad09820ee141b51,creationTime=1657295413505,enabler=null], 66468f7035194b4fb58024586868fcd7=ZenRule[enabled=false,snoozing=false,name=Weeknight,zenMode=ZEN_MODE_ALARMS,conditionId=condition://android/schedule?days=1.2.3.4.5&start=22.0&end=7.0&exitAtAlarm=false,condition=Condition[id=condition://android/schedule?days=1.2.3.4.5&start=22.0&end=7.0&exitAtAlarm=false,summary=...,line1=...,line2=...,icon=0,state=STATE_TRUE,flags=2],component=ComponentInfo{android/com.android.server.notification.ScheduleConditionProvider},id=66468f7035194b4fb58024586868fcd7,creationTime=1657295413505,enabler=null]},manualRule=null],Diff[automaticRule[66468f7035194b4fb58024586868fcd7].condition:Condition[id=condition://android/schedule?days=1.2.3.4.5&start=22.0&end=7.0&exitAtAlarm=false,summary=...,line1=...,line2=...,icon=0,state=STATE_FALSE,flags=2]->Condition[id=condition://android/schedule?days=1.2.3.4.5&start=22.0&end=7.0&exitAtAlarm=false,summary=...,line1=...,line2=...,icon=0,state=STATE_TRUE,flags=2]]
03-02 01:11:44.296  1696  1696 D ZenLog  : set_zen_mode: off,conditionChanged
03-02 01:11:44.391  3946 12261 I chatty  : uid=10029 com.google.android.googlequicksearchbox:search expire 3 lines
03-02 01:11:44.408 12246 12246 W System  : ClassLoader referenced unknown path: /system/priv-app/GooglePartnerSetup/lib/x86
03-02 01:11:44.439 12263 12263 W art     : Unexpected CPU variant for X86 using defaults: x86
03-02 01:11:44.490  1696  1755 W ActivityManager: Slow operation: 241ms so far, now at startProcess: returned from zygote!
03-02 01:11:44.491  1696  1755 W ActivityManager: Slow operation: 242ms so far, now at startProcess: done updating battery stats
03-02 01:11:44.492  1696  1755 W ActivityManager: Slow operation: 243ms so far, now at startProcess: building log message
03-02 01:11:44.492  1696  1755 I ActivityManager: Start proc 12263:com.android.providers.calendar/u0a2 for content provider com.android.providers.calendar/.CalendarProvider2
03-02 01:11:44.497  1696  1755 W ActivityManager: Slow operation: 248ms so far, now at startProcess: starting to update pids map
03-02 01:11:44.499  1696  1755 W ActivityManager: Slow operation: 249ms so far, now at startProcess: done updating pids map
03-02 01:11:44.500  1696  1755 W ActivityManager: Slow operation: 255ms so far, now at startProcess: done starting proc!
03-02 01:11:44.502  1696  1755 W ActivityManager: Slow operation: 265ms so far, now at getContentProviderImpl: after start process
03-02 01:11:44.502  1696  1755 W ActivityManager: Slow operation: 265ms so far, now at getContentProviderImpl: updating data structures
03-02 01:11:44.517  1696  1755 W ActivityManager: Slow operation: 281ms so far, now at getContentProviderImpl: done!
03-02 01:11:44.521  1696  4551 W art     : Long monitor contention with owner ConditionProviders.ECP (1755) at android.app.IActivityManager$ContentProviderHolder com.android.server.am.ActivityManagerService.getContentProviderImpl(android.app.IApplicationThread, java.lang.String, android.os.IBinder, boolean, int)(ActivityManagerService.java:10666) waiters=0 in android.content.pm.UserInfo com.android.server.am.UserController.getCurrentUser() for 281ms
03-02 01:11:44.522  1696  1711 W art     : Long monitor contention with owner ConditionProviders.ECP (1755) at android.app.IActivityManager$ContentProviderHolder com.android.server.am.ActivityManagerService.getContentProviderImpl(android.app.IApplicationThread, java.lang.String, android.os.IBinder, boolean, int)(ActivityManagerService.java:10666) waiters=1 in void com.android.server.am.ActivityManagerService.dispatchUidsChanged() for 275ms
03-02 01:11:44.527  1696  1926 W art     : Long monitor contention with owner ConditionProviders.ECP (1755) at android.app.IActivityManager$ContentProviderHolder com.android.server.am.ActivityManagerService.getContentProviderImpl(android.app.IApplicationThread, java.lang.String, android.os.IBinder, boolean, int)(ActivityManagerService.java:10666) waiters=3 in android.content.IIntentSender com.android.server.am.ActivityManagerService.getIntentSender(int, java.lang.String, android.os.IBinder, java.lang.String, int, android.content.Intent[], java.lang.String[], int, android.os.Bundle, int) for 110ms
03-02 01:11:44.529  1696  1696 W art     : Long monitor contention with owner ConditionProviders.ECP (1755) at android.app.IActivityManager$ContentProviderHolder com.android.server.am.ActivityManagerService.getContentProviderImpl(android.app.IApplicationThread, java.lang.String, android.os.IBinder, boolean, int)(ActivityManagerService.java:10666) waiters=2 in java.lang.String com.android.server.am.ActivityManagerService.checkContentProviderAccess(java.lang.String, int) for 172ms
03-02 01:11:44.621  9347  9385 D EGL_emulation: eglMakeCurrent: 0x9f52d280: ver 3 0 (tinfo 0x9f558a00)
03-02 01:11:44.711 16643 16643 I Choreographer: Skipped 77 frames!  The application may be doing too much work on its main thread.
03-02 01:11:44.826  3946 12260 I chatty  : uid=10029 com.google.android.googlequicksearchbox:search expire 10 lines
03-02 01:11:45.151  9347  9385 D EGL_emulation: eglMakeCurrent: 0x9f52d280: ver 3 0 (tinfo 0x9f558a00)
03-02 01:11:45.178  9347  9385 D EGL_emulation: eglMakeCurrent: 0x9f52d280: ver 3 0 (tinfo 0x9f558a00)
03-02 01:11:45.216 12232 12232 W System  : ClassLoader referenced unknown path: /system/app/CalendarGooglePrebuilt/lib/x86
03-02 01:11:45.262 12263 12263 W System  : ClassLoader referenced unknown path: /system/priv-app/CalendarProvider/lib/x86
03-02 01:11:45.841  9347  9385 D EGL_emulation: eglMakeCurrent: 0x9f52d280: ver 3 0 (tinfo 0x9f558a00)
03-02 01:11:45.855  1696  1707 W ActivityManager: Slow operation: 75ms so far, now at getContentProviderImpl: after updateOomAdj
03-02 01:11:45.856  1696  1707 W ActivityManager: Slow operation: 76ms so far, now at getContentProviderImpl: done!
03-02 01:11:45.878  9347  9385 D EGL_emulation: eglMakeCurrent: 0x9f52d280: ver 3 0 (tinfo 0x9f558a00)
03-02 01:11:46.123 12263 12263 I CalendarProvider2: Created com.android.providers.calendar.CalendarAlarmManager@948b868(com.android.providers.calendar.CalendarProvider2@4966481)
03-02 01:11:46.357  9347  9385 D EGL_emulation: eglMakeCurrent: 0x9f52d280: ver 3 0 (tinfo 0x9f558a00)
03-02 01:11:46.382  9347  9385 D EGL_emulation: eglMakeCurrent: 0x9f52d280: ver 3 0 (tinfo 0x9f558a00)
03-02 01:11:46.386 12246 12246 I RlzPingService: Setting next ping for 1678342306321
03-02 01:11:46.767 12263 12274 I art     : Background partial concurrent mark sweep GC freed 17701(791KB) AllocSpace objects, 0(0B) LOS objects, 39% free, 4MB/6MB, paused 23.713ms total 795.902ms
03-02 01:11:46.865  9347  9385 D EGL_emulation: eglMakeCurrent: 0x9f52d280: ver 3 0 (tinfo 0x9f558a00)
03-02 01:11:46.872  1696  1709 I UsageStatsService: Time changed in UsageStats by 3766693 seconds
03-02 01:11:47.018  1696  1709 I UsageStatsService: User[0] Flushing usage stats to disk
03-02 01:11:47.040  3946 12282 I chatty  : uid=10029(com.google.android.googlequicksearchbox) Non-User-Facing expire 2 lines
03-02 01:11:47.068  3946 12285 I chatty  : uid=10029 com.google.android.googlequicksearchbox:search expire 1 line
03-02 01:11:47.708  3946 12286 I chatty  : uid=10029 com.google.android.googlequicksearchbox:search expire 1 line
03-02 01:11:47.711  3946 12283 I chatty  : uid=10029 com.google.android.googlequicksearchbox:search expire 1 line
03-02 01:11:47.713  3946 12290 I chatty  : uid=10029 com.google.android.googlequicksearchbox:search expire 1 line
03-02 01:11:47.717  3946 12300 I chatty  : uid=10029 com.google.android.googlequicksearchbox:search expire 1 line
03-02 01:11:47.718  3946 12284 I chatty  : uid=10029 com.google.android.googlequicksearchbox:search expire 1 line
03-02 01:11:47.746  1696  1709 I UsageStatsDatabase: Time changed by +43d14h18m13s490ms. files deleted: 0 files moved: 5
03-02 01:11:47.991 12263 12263 I CalendarProvider2: Sending notification intent: Intent { act=android.intent.action.PROVIDER_CHANGED dat=content://com.android.calendar flg=0x20000000 }
03-02 01:11:47.998 12263 12263 W ContentResolver: Failed to get type for: content://com.android.calendar (Unknown URL content://com.android.calendar)
03-02 01:11:48.246  1696  1709 I UsageStatsService: User[0] Rollover scheduled @ 2023-03-02 22:28:35(1677814115958)
03-02 01:11:48.309  3946 12307 I chatty  : uid=10029 com.google.android.googlequicksearchbox:search expire 2 lines
03-02 01:11:48.632  3946 12295 I chatty  : uid=10029 com.google.android.googlequicksearchbox:search expire 1 line
03-02 01:11:48.658 12310 12310 W art     : Unexpected CPU variant for X86 using defaults: x86
03-02 01:11:48.661  1696  1798 W ActivityManager: Slow operation: 210ms so far, now at startProcess: returned from zygote!
03-02 01:11:48.662  1696  1798 W ActivityManager: Slow operation: 212ms so far, now at startProcess: done updating battery stats
03-02 01:11:48.664  1696  1798 W ActivityManager: Slow operation: 214ms so far, now at startProcess: building log message
03-02 01:11:48.665  1696  1798 I ActivityManager: Start proc 12310:com.android.chrome/u0a37 for service com.android.chrome/org.chromium.chrome.browser.customtabs.CustomTabsConnectionService
03-02 01:11:48.665  1696  1798 W ActivityManager: Slow operation: 215ms so far, now at startProcess: starting to update pids map
03-02 01:11:48.665  1696  1798 W ActivityManager: Slow operation: 216ms so far, now at startProcess: done updating pids map
03-02 01:11:48.665  1696  1798 W ActivityManager: Slow operation: 225ms so far, now at startProcess: done starting proc!
03-02 01:11:48.667  1696  1711 W art     : Long monitor contention with owner Binder:1696_4 (1798) at int com.android.server.am.ActivityManagerService.bindService(android.app.IApplicationThread, android.os.IBinder, android.content.Intent, java.lang.String, android.app.IServiceConnection, int, java.lang.String, int)(ActivityManagerService.java:17301) waiters=0 in void com.android.server.am.ActivityManagerService.dispatchUidsChanged() for 216ms
03-02 01:11:48.673  1696 27843 W art     : Long monitor contention with owner Binder:1696_4 (1798) at int com.android.server.am.ActivityManagerService.bindService(android.app.IApplicationThread, android.os.IBinder, android.content.Intent, java.lang.String, android.app.IServiceConnection, int, java.lang.String, int)(ActivityManagerService.java:17301) waiters=1 in void com.android.server.am.ActivityManagerService.serviceDoneExecuting(android.os.IBinder, int, int, int) for 211ms
03-02 01:11:48.721  3946 12309 I chatty  : uid=10029 com.google.android.googlequicksearchbox:search expire 2 lines
03-02 01:11:49.139 12310 12310 W System  : ClassLoader referenced unknown path: /system/app/Chrome/lib/x86
03-02 01:11:49.221  1696  4549 W ActivityManager: Unable to start service Intent { act=com.google.android.gms.playlog.service.START pkg=com.google.android.gms } U=0: not found
03-02 01:11:49.225  1696  4550 W ActivityManager: Unbind failed: could not find connection for android.os.BinderProxy@80d2b37
03-02 01:11:49.227 12232 12232 E GmsClient: unable to connect to service: com.google.android.gms.playlog.service.START
03-02 01:11:49.288 12232 12232 E TimelyPrefService: Primary account is null
03-02 01:11:49.454  3946  3957 I chatty  : uid=10029(com.google.android.googlequicksearchbox) HeapTaskDaemon expire 3 lines
03-02 01:11:49.864 12333 12333 W art     : Unexpected CPU variant for X86 using defaults: x86
03-02 01:11:49.932  1696 27843 W ActivityManager: Slow operation: 160ms so far, now at startProcess: returned from zygote!
03-02 01:11:49.934  1696 27843 W ActivityManager: Slow operation: 163ms so far, now at startProcess: done updating battery stats
03-02 01:11:49.934  1696 27843 W ActivityManager: Slow operation: 164ms so far, now at startProcess: building log message
03-02 01:11:49.934  1696 27843 I ActivityManager: Start proc 12333:com.google.android.deskclock/u0a67 for broadcast com.google.android.deskclock/com.android.deskclock.AlarmInitReceiver
03-02 01:11:49.935  1696 27843 W ActivityManager: Slow operation: 164ms so far, now at startProcess: starting to update pids map
03-02 01:11:49.936  1696 27843 W ActivityManager: Slow operation: 165ms so far, now at startProcess: done updating pids map
03-02 01:11:49.936  1696 27843 W ActivityManager: Slow operation: 167ms so far, now at startProcess: done starting proc!
03-02 01:11:49.937  1696  2071 W art     : Long monitor contention with owner Binder:1696_F (27843) at void com.android.server.am.BroadcastQueue.processNextBroadcast(boolean)(BroadcastQueue.java:760) waiters=0 in boolean com.android.server.am.ActivityManagerService.refContentProvider(android.os.IBinder, int, int) for 161ms
03-02 01:11:50.066  1696  4550 D AlarmManagerService: Kernel timezone updated to 300 minutes west of GMT
03-02 01:11:50.102  1696  1926 D AlarmManagerService: Setting time of day to sec=1677737510
03-02 01:11:50.088  1696  1926 W AlarmManagerService: Unable to set rtc to 1677737510: No such device
03-02 01:11:50.140 16643 16671 D EGL_emulation: eglMakeCurrent: 0xacc856c0: ver 3 0 (tinfo 0x8e50c440)
03-02 01:11:50.185  1696  1734 I ActivityManager: START u0 {act=android.intent.action.MAIN cat=[android.intent.category.HOME] flg=0x10200000 cmp=com.google.android.apps.nexuslauncher/.NexusLauncherActivity (has extras)} from uid 1000 on display 0
03-02 01:11:50.209  1397  1420 I chatty  : uid=1041(audioserver) FastMixer expire 33 lines
03-02 01:11:50.504  1343  1387 D gralloc_ranchu: gralloc_alloc: Creating ashmem region of size 2691072
03-02 01:11:50.581  9347  9385 D EGL_emulation: eglMakeCurrent: 0x9f52d280: ver 3 0 (tinfo 0x9f558a00)
03-02 01:11:50.703 12333 12333 W System  : ClassLoader referenced unknown path: /system/app/PrebuiltDeskClockGoogle/lib/x86
03-02 01:11:51.740  1696  3573 W art     : Long monitor contention with owner InputDispatcher (1734) at int com.android.server.am.ActivityStarter.startActivityMayWait(android.app.IApplicationThread, int, java.lang.String, android.content.Intent, java.lang.String, android.service.voice.IVoiceInteractionSession, com.android.internal.app.IVoiceInteractor, android.os.IBinder, java.lang.String, int, int, android.app.ProfilerInfo, android.app.IActivityManager$WaitResult, android.content.res.Configuration, android.os.Bundle, boolean, int, android.app.IActivityContainer, com.android.server.am.TaskRecord)(ActivityStarter.java:757) waiters=0 in int com.android.server.am.ActivityManagerService.broadcastIntent(android.app.IApplicationThread, android.content.Intent, java.lang.String, android.content.IIntentReceiver, int, java.lang.String, android.os.Bundle, java.lang.String[], int, android.os.Bundle, boolean, boolean, int) for 1.454s
03-02 01:11:51.754  1696  4549 W art     : Long monitor contention with owner InputDispatcher (1734) at int com.android.server.am.ActivityStarter.startActivityMayWait(android.app.IApplicationThread, int, java.lang.String, android.content.Intent, java.lang.String, android.service.voice.IVoiceInteractionSession, com.android.internal.app.IVoiceInteractor, android.os.IBinder, java.lang.String, int, int, android.app.ProfilerInfo, android.app.IActivityManager$WaitResult, android.content.res.Configuration, android.os.Bundle, boolean, int, android.app.IActivityContainer, com.android.server.am.TaskRecord)(ActivityStarter.java:757) waiters=1 in android.content.pm.UserInfo com.android.server.am.UserController.getCurrentUser() for 1.416s
03-02 01:11:51.762  1696  1710 W art     : Long monitor contention with owner InputDispatcher (1734) at int com.android.server.am.ActivityStarter.startActivityMayWait(android.app.IApplicationThread, int, java.lang.String, android.content.Intent, java.lang.String, android.service.voice.IVoiceInteractionSession, com.android.internal.app.IVoiceInteractor, android.os.IBinder, java.lang.String, int, int, android.app.ProfilerInfo, android.app.IActivityManager$WaitResult, android.content.res.Configuration, android.os.Bundle, boolean, int, android.app.IActivityContainer, com.android.server.am.TaskRecord)(ActivityStarter.java:757) waiters=2 in void com.android.server.am.ActivityManagerService$MainHandler.handleMessage(android.os.Message) for 1.406s
