--------- beginning of system
01-17 09:53:33.366  1696  3573 I ActivityManager: START u0 {flg=0x10000000 cmp=org.y20k.transistor/.MainActivity} from uid 2000 on display 0
01-17 09:53:33.386  1696  2071 I ActivityManager: Start proc 21134:org.y20k.transistor/u0a153 for activity org.y20k.transistor/.MainActivity
01-17 09:53:33.441  1696  1798 D VoldConnector: SND -> {74 volume mkdirs /storage/emulated/0/Android/data/org.y20k.transistor/files/Collection/}
01-17 09:53:33.445  1696  1737 D VoldConnector: RCV <- {200 74 Command succeeded}
01-17 09:53:33.450  1696  1795 D VoldConnector: SND -> {75 volume mkdirs /storage/0908-1A06/Android/data/org.y20k.transistor/files/Collection/}
01-17 09:53:33.458  1696  1737 D VoldConnector: RCV <- {200 75 Command succeeded}
01-17 09:53:40.712  1696  2245 W WindowManager: Attempted to remove non-existing token: android.os.Binder@942e8fa
01-17 09:53:42.160  1696  2071 W WindowManager: Attempted to remove non-existing token: android.os.Binder@638adb4
01-17 09:53:43.462  1696  3573 W WindowManager: Attempted to remove non-existing token: android.os.Binder@88cf120
01-17 09:54:00.351  1696 27843 W WindowManager: Attempted to remove non-existing token: android.os.Binder@46af426
01-17 09:54:01.787  1696  4551 W WindowManager: Attempted to remove non-existing token: android.os.Binder@87caebd
01-17 09:54:03.104  1696  4549 W WindowManager: Attempted to remove non-existing token: android.os.Binder@4334d5f
01-17 09:54:19.587  1696  1926 W WindowManager: Attempted to remove non-existing token: android.os.Binder@2437647
01-17 09:54:21.013  1696  1795 W WindowManager: Attempted to remove non-existing token: android.os.Binder@c3dec12
01-17 09:54:22.322  1696  1795 W WindowManager: Attempted to remove non-existing token: android.os.Binder@a8bde0
01-17 09:54:30.647  1696  1798 W WindowManager: Attempted to remove non-existing token: android.os.Binder@60a8a09
01-17 09:54:32.113  1696  4549 W WindowManager: Attempted to remove non-existing token: android.os.Binder@2046e4b
01-17 09:54:33.412  1696  1708 W WindowManager: Attempted to remove non-existing token: android.os.Binder@fc436e6
01-17 09:54:41.697  1696  4549 W WindowManager: Attempted to remove non-existing token: android.os.Binder@aade517
01-17 09:54:43.111  1696  3573 W WindowManager: Attempted to remove non-existing token: android.os.Binder@46f0522
01-17 09:54:44.422  1696  1926 W WindowManager: Attempted to remove non-existing token: android.os.Binder@1c516e
01-17 09:54:52.761  1696  1926 W WindowManager: Attempted to remove non-existing token: android.os.Binder@7de70cc
01-17 09:54:54.177  1696  2245 W WindowManager: Attempted to remove non-existing token: android.os.Binder@70b122a
01-17 09:54:55.490  1696  2245 W WindowManager: Attempted to remove non-existing token: android.os.Binder@2e7cdb8
01-17 09:55:03.822  1696  3573 W WindowManager: Attempted to remove non-existing token: android.os.Binder@d25c701
01-17 09:55:05.272  1696  2071 W WindowManager: Attempted to remove non-existing token: android.os.Binder@2444a32
01-17 09:55:06.592  1696  3573 W WindowManager: Attempted to remove non-existing token: android.os.Binder@e249900
01-17 09:55:14.879  1696  4551 W WindowManager: Attempted to remove non-existing token: android.os.Binder@a36fea9
01-17 09:55:16.374  1696  2239 W WindowManager: Attempted to remove non-existing token: android.os.Binder@fadcd3a
01-17 09:55:17.677  1696  1906 W WindowManager: Attempted to remove non-existing token: android.os.Binder@24e2748
01-17 09:55:25.972  1696  3573 W WindowManager: Attempted to remove non-existing token: android.os.Binder@950fd51
01-17 09:55:27.428  1696  1795 W WindowManager: Attempted to remove non-existing token: android.os.Binder@db8b6b7
01-17 09:55:28.725  1696  1707 W WindowManager: Attempted to remove non-existing token: android.os.Binder@571d8d
01-17 09:55:36.953  1696  4550 W WindowManager: Attempted to remove non-existing token: android.os.Binder@9e878f2
01-17 09:55:38.398  1696  4551 W WindowManager: Attempted to remove non-existing token: android.os.Binder@245789f
01-17 09:55:39.726  1696 27843 W WindowManager: Attempted to remove non-existing token: android.os.Binder@f8835b5
01-17 09:55:47.923  1696 27843 W WindowManager: Attempted to remove non-existing token: android.os.Binder@eff4dab
01-17 09:55:49.345  1696  1906 W WindowManager: Attempted to remove non-existing token: android.os.Binder@fe330b4
01-17 09:55:50.636  1696  2245 W WindowManager: Attempted to remove non-existing token: android.os.Binder@d3f5852
01-17 09:55:59.081  1696 27843 W WindowManager: Attempted to remove non-existing token: android.os.Binder@2cebf13
01-17 09:56:00.511  1696  1708 W WindowManager: Attempted to remove non-existing token: android.os.Binder@99fe349
01-17 09:56:01.805  1696  1926 W WindowManager: Attempted to remove non-existing token: android.os.Binder@d7a6b05
01-17 09:56:10.078  1696  4551 W WindowManager: Attempted to remove non-existing token: android.os.Binder@1023b0a
01-17 09:56:11.571  1696  4551 W WindowManager: Attempted to remove non-existing token: android.os.Binder@4d53df1
01-17 09:56:12.887  1696  4550 W WindowManager: Attempted to remove non-existing token: android.os.Binder@b177857
01-17 09:56:21.155  1696  4550 W WindowManager: Attempted to remove non-existing token: android.os.Binder@12b174
01-17 09:56:22.583  1696 27843 W WindowManager: Attempted to remove non-existing token: android.os.Binder@9fb7f99
01-17 09:56:23.889  1696  1795 W WindowManager: Attempted to remove non-existing token: android.os.Binder@797763f
01-17 09:56:32.208  1696  2245 W WindowManager: Attempted to remove non-existing token: android.os.Binder@a6cff3c
01-17 09:56:33.627  1696  4550 W WindowManager: Attempted to remove non-existing token: android.os.Binder@a284841
01-17 09:56:34.931  1696  2071 W WindowManager: Attempted to remove non-existing token: android.os.Binder@4fad327
01-17 09:56:43.155  1696  4551 W WindowManager: Attempted to remove non-existing token: android.os.Binder@f4b8004
01-17 09:56:44.582  1696  4549 W WindowManager: Attempted to remove non-existing token: android.os.Binder@b5c9ab3
01-17 09:56:45.895  1696  1708 W WindowManager: Attempted to remove non-existing token: android.os.Binder@27c2f0f
01-17 09:56:54.133  1696  1707 W WindowManager: Attempted to remove non-existing token: android.os.Binder@d300615
01-17 09:56:55.589  1696  1926 W WindowManager: Attempted to remove non-existing token: android.os.Binder@381371b
01-17 09:56:56.965  1696  1708 W WindowManager: Attempted to remove non-existing token: android.os.Binder@417ee91
01-17 09:57:05.337  1696  4549 W WindowManager: Attempted to remove non-existing token: android.os.Binder@92dc4a6
01-17 09:57:06.773  1696  2245 W WindowManager: Attempted to remove non-existing token: android.os.Binder@b472283
01-17 09:57:08.082  1696  4551 W WindowManager: Attempted to remove non-existing token: android.os.Binder@bb20c39
01-17 09:57:16.308  1696  1926 W WindowManager: Attempted to remove non-existing token: android.os.Binder@63ec72e
01-17 09:57:17.738  1696  1926 W WindowManager: Attempted to remove non-existing token: android.os.Binder@92fceb
01-17 09:57:19.052  1696  2245 W WindowManager: Attempted to remove non-existing token: android.os.Binder@f0130e1
01-17 09:57:27.351  1696  1708 W WindowManager: Attempted to remove non-existing token: android.os.Binder@47a84b6
01-17 09:57:28.780  1696  1926 W WindowManager: Attempted to remove non-existing token: android.os.Binder@ca56653
01-17 09:57:30.084  1696  1708 W WindowManager: Attempted to remove non-existing token: android.os.Binder@9c6fc89
01-17 09:57:38.366  1696  2239 W WindowManager: Attempted to remove non-existing token: android.os.Binder@29a1d3e
01-17 09:57:39.809  1696  1906 W WindowManager: Attempted to remove non-existing token: android.os.Binder@29afebb
01-17 09:57:41.173  1696  1708 W WindowManager: Attempted to remove non-existing token: android.os.Binder@b010f31
01-17 09:57:49.425  1696  1798 W WindowManager: Attempted to remove non-existing token: android.os.Binder@b85c887
01-17 09:57:50.843  1696  1926 W WindowManager: Attempted to remove non-existing token: android.os.Binder@6d85720
01-17 09:57:52.140  1696 27843 W WindowManager: Attempted to remove non-existing token: android.os.Binder@941129e
01-17 09:58:00.445  1696  3573 W WindowManager: Attempted to remove non-existing token: android.os.Binder@cc7886f
01-17 09:58:01.859  1696  5358 W WindowManager: Attempted to remove non-existing token: android.os.Binder@a645168
01-17 09:58:03.163  1696 27843 W WindowManager: Attempted to remove non-existing token: android.os.Binder@3ca0a26
01-17 09:58:11.406  1696  1708 W WindowManager: Attempted to remove non-existing token: android.os.Binder@276757
01-17 09:58:12.832  1696  3573 W WindowManager: Attempted to remove non-existing token: android.os.Binder@83f1c62
01-17 09:58:14.160  1696  2239 W WindowManager: Attempted to remove non-existing token: android.os.Binder@7f69cae
01-17 09:58:22.404  1696  1798 W WindowManager: Attempted to remove non-existing token: android.os.Binder@3a8053f
01-17 09:58:23.837  1696  1926 W WindowManager: Attempted to remove non-existing token: android.os.Binder@6d216a
01-17 09:58:25.172  1696  1926 W WindowManager: Attempted to remove non-existing token: android.os.Binder@5b3ea36
01-17 09:58:33.493  1696  2071 W WindowManager: Attempted to remove non-existing token: android.os.Binder@9e80227
01-17 09:58:34.907  1696 27843 W WindowManager: Attempted to remove non-existing token: android.os.Binder@6ad5172
01-17 09:58:36.203  1696  2239 W WindowManager: Attempted to remove non-existing token: android.os.Binder@7fb12be
01-17 09:58:44.470  1696  1707 W WindowManager: Attempted to remove non-existing token: android.os.Binder@a1fe0f
01-17 09:58:45.903  1696 27843 W WindowManager: Attempted to remove non-existing token: android.os.Binder@d72cc7a
01-17 09:58:47.218  1696  2239 W WindowManager: Attempted to remove non-existing token: android.os.Binder@5513646
01-17 09:58:55.525  1696 27843 W WindowManager: Attempted to remove non-existing token: android.os.Binder@aa29364
01-17 09:58:57.026  1696  2245 W WindowManager: Attempted to remove non-existing token: android.os.Binder@dbfd5c9
01-17 09:58:58.319  1696  5358 W WindowManager: Attempted to remove non-existing token: android.os.Binder@957afef
01-17 09:59:06.556  1696  4549 W WindowManager: Attempted to remove non-existing token: android.os.Binder@51d0b2c
01-17 09:59:07.972  1696  1707 W WindowManager: Attempted to remove non-existing token: android.os.Binder@b66a071
01-17 09:59:09.297  1696 27843 W WindowManager: Attempted to remove non-existing token: android.os.Binder@6f9ded7
01-17 09:59:12.814  1696  1696 I ActivityManager: Killing 8653:com.google.android.packageinstaller/u0a18 (adj 904): empty for 1803s
01-17 09:59:12.875  1696  1798 D ActivityManager: cleanUpApplicationRecord -- 8653
01-17 09:59:17.554  1696  4550 W WindowManager: Attempted to remove non-existing token: android.os.Binder@76575f4
01-17 09:59:18.966  1696  2245 W WindowManager: Attempted to remove non-existing token: android.os.Binder@4785219
01-17 09:59:20.283  1696  5358 W WindowManager: Attempted to remove non-existing token: android.os.Binder@6accbf
01-17 09:59:28.564  1696  3573 W WindowManager: Attempted to remove non-existing token: android.os.Binder@f61f3bc
01-17 09:59:30.003  1696  1795 W WindowManager: Attempted to remove non-existing token: android.os.Binder@1ca8ac1
01-17 09:59:31.300  1696  1795 W WindowManager: Attempted to remove non-existing token: android.os.Binder@78919a7
01-17 09:59:39.557  1696  2071 W WindowManager: Attempted to remove non-existing token: android.os.Binder@464a484
01-17 09:59:40.988  1696  5358 W WindowManager: Attempted to remove non-existing token: android.os.Binder@aeeea69
01-17 09:59:42.295  1696  2071 W WindowManager: Attempted to remove non-existing token: android.os.Binder@14f658f
01-17 09:59:50.610  1696  5358 W WindowManager: Attempted to remove non-existing token: android.os.Binder@c260095
01-17 09:59:52.048  1696  4551 W WindowManager: Attempted to remove non-existing token: android.os.Binder@797a276
01-17 09:59:53.375  1696  4551 W WindowManager: Attempted to remove non-existing token: android.os.Binder@3d37002
01-17 10:00:00.003  1696  1696 D ConditionProviders.SCP: onReceive ScheduleConditionProvider.EVALUATE
01-17 10:00:00.003  1696  1696 D ConditionProviders.SCP: notifyCondition condition://android/schedule?days=6.7&start=23.30&end=10.0&exitAtAlarm=false STATE_FALSE reason=!meetsSchedule
01-17 10:00:00.004  1696  1696 D ConditionProviders.SCP: notifyCondition condition://android/schedule?days=1.2.3.4.5&start=22.0&end=7.0&exitAtAlarm=false STATE_FALSE reason=!meetsSchedule
01-17 10:00:00.004  1696  1696 D ConditionProviders.SCP: Scheduling evaluate for Tue Jan 17 22:00:00 EST 2023 (1674010800000), in +11h59m59s997ms, now=Tue Jan 17 10:00:00 EST 2023 (1673967600003)
01-17 10:00:01.713  1696  2071 W WindowManager: Attempted to remove non-existing token: android.os.Binder@1c5d103
01-17 10:00:03.138  1696  4550 W WindowManager: Attempted to remove non-existing token: android.os.Binder@793cac
01-17 10:00:04.458  1696  4549 W WindowManager: Attempted to remove non-existing token: android.os.Binder@ed710a
01-17 10:00:12.687  1696  4551 W WindowManager: Attempted to remove non-existing token: android.os.Binder@8259b6b
01-17 10:00:14.118  1696  3573 W WindowManager: Attempted to remove non-existing token: android.os.Binder@9a1b774
01-17 10:00:15.441  1696  4549 W WindowManager: Attempted to remove non-existing token: android.os.Binder@ef41d12
01-17 10:00:23.682  1696  5358 W WindowManager: Attempted to remove non-existing token: android.os.Binder@a35f4d3
01-17 10:00:25.139  1696  4551 W WindowManager: Attempted to remove non-existing token: android.os.Binder@314453c
01-17 10:00:26.575  1696  2239 W WindowManager: Attempted to remove non-existing token: android.os.Binder@ca941a
01-17 10:00:34.886  1696  1926 W WindowManager: Attempted to remove non-existing token: android.os.Binder@cd37d3b
01-17 10:00:36.347  1696 27843 W WindowManager: Attempted to remove non-existing token: android.os.Binder@2630604
01-17 10:00:37.637  1696  2071 W WindowManager: Attempted to remove non-existing token: android.os.Binder@b0c7e70
01-17 10:00:38.691  1696  1795 I ActivityManager: Start proc 25360:com.google.android.talk/u0a52 for service com.google.android.talk/com.google.android.apps.hangouts.concurrent.impl.GcmTriggeredNotifier
01-17 10:00:45.885  1696  4551 W WindowManager: Attempted to remove non-existing token: android.os.Binder@47ffb32
01-17 10:00:47.313  1696  4550 W WindowManager: Attempted to remove non-existing token: android.os.Binder@5f06e2c
01-17 10:00:48.612  1696  1707 W WindowManager: Attempted to remove non-existing token: android.os.Binder@f0c4118
01-17 10:00:52.118  1696  1696 I ActivityManager: Killing 15850:com.android.camera/u0a54 (adj 906): empty for 1801s
01-17 10:00:52.164  1696  2071 D ActivityManager: cleanUpApplicationRecord -- 15850
01-17 10:00:53.882  1696  1710 I ActivityManager: Start proc 25536:com.google.android.talk:matchstick/u0a52 for broadcast com.google.android.talk/com.google.android.libraries.matchstick.net.MatchstickInProcessReceiver
01-17 10:00:53.889  1696  1795 I Telecom : PhoneAccountRegistrar: SimCallManager queried, returning: null: TSI.gSCM@AvU
01-17 10:00:53.898  1696  3573 I Telecom : PhoneAccountRegistrar: SimCallManager queried, returning: null: TSI.gSCM@Avc
01-17 10:00:56.948  1696  4549 W WindowManager: Attempted to remove non-existing token: android.os.Binder@da35c63
01-17 10:00:58.380  1696  4550 W WindowManager: Attempted to remove non-existing token: android.os.Binder@ad6728c
01-17 10:00:59.671  1696  4550 W WindowManager: Attempted to remove non-existing token: android.os.Binder@8be2b78
01-17 10:01:07.911  1696  1906 W WindowManager: Attempted to remove non-existing token: android.os.Binder@34c61c1
01-17 10:01:09.325  1696  1906 W WindowManager: Attempted to remove non-existing token: android.os.Binder@7bd29f2
01-17 10:01:10.614  1696  4549 W WindowManager: Attempted to remove non-existing token: android.os.Binder@45626ec
01-17 10:01:18.824  1696  1795 W WindowManager: Attempted to remove non-existing token: android.os.Binder@884ab25
01-17 10:01:20.247  1696  1795 W WindowManager: Attempted to remove non-existing token: android.os.Binder@eaec6c6
01-17 10:01:21.540  1696  1708 W WindowManager: Attempted to remove non-existing token: android.os.Binder@26ab9b4
01-17 10:01:29.879  1696  1906 W WindowManager: Attempted to remove non-existing token: android.os.Binder@a1e344d
01-17 10:01:31.304  1696  5358 W WindowManager: Attempted to remove non-existing token: android.os.Binder@8ffb54e
01-17 10:01:32.645  1696  5358 W WindowManager: Attempted to remove non-existing token: android.os.Binder@e25d85a
01-17 10:01:40.853  1696  2239 W WindowManager: Attempted to remove non-existing token: android.os.Binder@e9d5c7b
01-17 10:01:42.290  1696  1707 W WindowManager: Attempted to remove non-existing token: android.os.Binder@d873844
01-17 10:01:43.615  1696 27843 W WindowManager: Attempted to remove non-existing token: android.os.Binder@ae194b0
01-17 10:01:51.864  1696  4549 W WindowManager: Attempted to remove non-existing token: android.os.Binder@158635e
01-17 10:01:53.298  1696  1926 W WindowManager: Attempted to remove non-existing token: android.os.Binder@3cab45b
01-17 10:01:54.603  1696  2239 W WindowManager: Attempted to remove non-existing token: android.os.Binder@a763b37
01-17 10:02:02.928  1696  2239 W WindowManager: Attempted to remove non-existing token: android.os.Binder@fd02d4
01-17 10:02:04.340  1696 27843 W WindowManager: Attempted to remove non-existing token: android.os.Binder@613e379
01-17 10:02:05.659  1696  1926 W WindowManager: Attempted to remove non-existing token: android.os.Binder@d6d2d1f
01-17 10:02:13.886  1696  1906 W WindowManager: Attempted to remove non-existing token: android.os.Binder@6d5827a
01-17 10:02:15.300  1696  2245 W WindowManager: Attempted to remove non-existing token: android.os.Binder@7f6fe07
01-17 10:02:16.615  1696  1906 W WindowManager: Attempted to remove non-existing token: android.os.Binder@bfb73a3
01-17 10:02:24.878  1696  2245 W WindowManager: Attempted to remove non-existing token: android.os.Binder@ef467d0
01-17 10:02:26.529  1696  1795 W WindowManager: Attempted to remove non-existing token: android.os.Binder@4e9d385
01-17 10:02:27.836  1696  2245 W WindowManager: Attempted to remove non-existing token: android.os.Binder@4f92301
01-17 10:02:36.113  1696  4550 W WindowManager: Attempted to remove non-existing token: android.os.Binder@5878456
01-17 10:02:37.530  1696  1795 W WindowManager: Attempted to remove non-existing token: android.os.Binder@301e0ad
01-17 10:02:38.833  1696  4550 W WindowManager: Attempted to remove non-existing token: android.os.Binder@8434f73
01-17 10:02:47.055  1696 27843 W WindowManager: Attempted to remove non-existing token: android.os.Binder@adb6360
01-17 10:02:48.482  1696  2239 W WindowManager: Attempted to remove non-existing token: android.os.Binder@6c864ea
01-17 10:02:49.792  1696  1798 W WindowManager: Attempted to remove non-existing token: android.os.Binder@8d63e78
01-17 10:02:58.180  1696  1798 W WindowManager: Attempted to remove non-existing token: android.os.Binder@38a38c1
01-17 10:02:59.619  1696  1926 W WindowManager: Attempted to remove non-existing token: android.os.Binder@9d377a7
01-17 10:03:00.935  1696  4549 W WindowManager: Attempted to remove non-existing token: android.os.Binder@7409ffd
01-17 10:03:09.164  1696  5358 W WindowManager: Attempted to remove non-existing token: android.os.Binder@bd76af0
01-17 10:03:10.576  1696  4551 W WindowManager: Attempted to remove non-existing token: android.os.Binder@b038f
01-17 10:03:11.874  1696  4550 W WindowManager: Attempted to remove non-existing token: android.os.Binder@7029225
01-17 10:03:20.153  1696  4551 W WindowManager: Attempted to remove non-existing token: android.os.Binder@d620baa
01-17 10:03:21.569  1696  1926 W WindowManager: Attempted to remove non-existing token: android.os.Binder@5392e77
01-17 10:03:22.876  1696  2245 W WindowManager: Attempted to remove non-existing token: android.os.Binder@391bb4d
01-17 10:03:31.144  1696  2239 W WindowManager: Attempted to remove non-existing token: android.os.Binder@98e53b2
01-17 10:03:32.558  1696  1795 W WindowManager: Attempted to remove non-existing token: android.os.Binder@8397e80
01-17 10:03:33.855  1696  5358 W WindowManager: Attempted to remove non-existing token: android.os.Binder@689f8fe
01-17 10:03:42.075  1696  1798 W WindowManager: Attempted to remove non-existing token: android.os.Binder@c296be5
01-17 10:03:43.496  1696 27843 W WindowManager: Attempted to remove non-existing token: android.os.Binder@a5a9cc8
01-17 10:03:44.788  1696  1926 W WindowManager: Attempted to remove non-existing token: android.os.Binder@be6b486
01-17 10:03:49.232  1696  1696 W WindowManager: Attempted to remove non-existing token: android.os.Binder@6e0bd74
01-17 10:03:49.959  1696  1707 W WindowManager: Attempted to remove non-existing token: android.os.Binder@5b48b0e
01-17 10:04:10.913  1696  4549 W WindowManager: Attempted to remove non-existing token: android.os.Binder@82fa441
01-17 10:04:12.323  1696  1926 W WindowManager: Attempted to remove non-existing token: android.os.Binder@f180272
01-17 10:04:13.621  1696 27843 W WindowManager: Attempted to remove non-existing token: android.os.Binder@651ab40
01-17 10:04:30.079  1696 27843 W WindowManager: Attempted to remove non-existing token: android.os.Binder@2b313e9
01-17 10:04:31.495  1696  4551 W WindowManager: Attempted to remove non-existing token: android.os.Binder@4bb6b0f
01-17 10:04:32.783  1696  4549 W WindowManager: Attempted to remove non-existing token: android.os.Binder@54da92b
01-17 10:04:49.253  1696  1707 W WindowManager: Attempted to remove non-existing token: android.os.Binder@4d4bac9
01-17 10:04:50.672  1696  4550 W WindowManager: Attempted to remove non-existing token: android.os.Binder@44ca0da
01-17 10:04:51.972  1696  4551 W WindowManager: Attempted to remove non-existing token: android.os.Binder@e0133e8
01-17 10:05:08.405  1696  1926 W WindowManager: Attempted to remove non-existing token: android.os.Binder@7dfcf56
01-17 10:05:09.818  1696  2239 W WindowManager: Attempted to remove non-existing token: android.os.Binder@7652e73
01-17 10:05:11.113  1696  1926 W WindowManager: Attempted to remove non-existing token: android.os.Binder@51351a9
01-17 10:05:27.608  1696  2245 W WindowManager: Attempted to remove non-existing token: android.os.Binder@15af2db
01-17 10:05:29.049  1696  2071 W WindowManager: Attempted to remove non-existing token: android.os.Binder@95f0d24
01-17 10:05:30.392  1696  2239 W WindowManager: Attempted to remove non-existing token: android.os.Binder@2882242
01-17 10:05:46.830  1696  1707 W WindowManager: Attempted to remove non-existing token: android.os.Binder@2c90643
01-17 10:05:48.243  1696  5358 W WindowManager: Attempted to remove non-existing token: android.os.Binder@35af8b5
01-17 10:05:49.561  1696 27843 W WindowManager: Attempted to remove non-existing token: android.os.Binder@a52fabb
01-17 10:06:06.009  1696  4549 W WindowManager: Attempted to remove non-existing token: android.os.Binder@8a1a7dd
01-17 10:06:07.460  1696  1708 W WindowManager: Attempted to remove non-existing token: android.os.Binder@462be9e
01-17 10:06:08.762  1696  1708 W WindowManager: Attempted to remove non-existing token: android.os.Binder@303514c
01-17 10:06:25.207  1696  5358 W WindowManager: Attempted to remove non-existing token: android.os.Binder@6016e05
01-17 10:06:26.720  1696  1906 W WindowManager: Attempted to remove non-existing token: android.os.Binder@b183626
01-17 10:06:28.017  1696  4549 W WindowManager: Attempted to remove non-existing token: android.os.Binder@1692814
01-17 10:06:44.599  1696  1795 W WindowManager: Attempted to remove non-existing token: android.os.Binder@ca148ae
01-17 10:06:46.106  1696  1708 W WindowManager: Attempted to remove non-existing token: android.os.Binder@bf7d86b
01-17 10:06:47.444  1696  2245 W WindowManager: Attempted to remove non-existing token: android.os.Binder@c6dbf86
01-17 10:07:04.029  1696  4550 W WindowManager: Attempted to remove non-existing token: android.os.Binder@aa11937
01-17 10:07:05.462  1696  2245 W WindowManager: Attempted to remove non-existing token: android.os.Binder@dbc1110
01-17 10:07:06.772  1696  2245 W WindowManager: Attempted to remove non-existing token: android.os.Binder@462b60e
01-17 10:07:23.290  1696  4549 W WindowManager: Attempted to remove non-existing token: android.os.Binder@4713558
01-17 10:07:24.767  1696  5358 W WindowManager: Attempted to remove non-existing token: android.os.Binder@7fd0ced
01-17 10:07:26.476  1696  1795 W WindowManager: Attempted to remove non-existing token: android.os.Binder@c66f5b3
01-17 10:07:42.949  1696  5358 W WindowManager: Attempted to remove non-existing token: android.os.Binder@5b57ca0
01-17 10:07:44.352  1696  5358 W WindowManager: Attempted to remove non-existing token: android.os.Binder@5964915
01-17 10:07:45.640  1696  1798 W WindowManager: Attempted to remove non-existing token: android.os.Binder@fc0b21b
01-17 10:08:02.257  1696  1707 W WindowManager: Attempted to remove non-existing token: android.os.Binder@3e7ac32
01-17 10:08:03.706  1696 27843 W WindowManager: Attempted to remove non-existing token: android.os.Binder@5beaedf
01-17 10:08:05.030  1696  4550 W WindowManager: Attempted to remove non-existing token: android.os.Binder@b61f5f5
01-17 10:08:21.466  1696  1798 W WindowManager: Attempted to remove non-existing token: android.os.Binder@1c7ef3a
01-17 10:08:22.868  1696  1795 W WindowManager: Attempted to remove non-existing token: android.os.Binder@710e7c7
01-17 10:08:24.164  1696  3573 W WindowManager: Attempted to remove non-existing token: android.os.Binder@f26dd1d
01-17 10:08:40.874  1696  1906 W WindowManager: Attempted to remove non-existing token: android.os.Binder@a4f9faf
01-17 10:08:42.347  1696  2071 W WindowManager: Attempted to remove non-existing token: android.os.Binder@99bdba8
01-17 10:08:43.684  1696  4549 W WindowManager: Attempted to remove non-existing token: android.os.Binder@73c3e66
01-17 10:09:00.166  1696  2245 W WindowManager: Attempted to remove non-existing token: android.os.Binder@dcbb084
01-17 10:09:01.570  1696  1906 W WindowManager: Attempted to remove non-existing token: android.os.Binder@fdcc669
01-17 10:09:02.864  1696  1795 W WindowManager: Attempted to remove non-existing token: android.os.Binder@536a18f
01-17 10:09:19.383  1696  3573 W WindowManager: Attempted to remove non-existing token: android.os.Binder@60f6d11
01-17 10:09:20.849  1696  1926 W WindowManager: Attempted to remove non-existing token: android.os.Binder@8b55c02
01-17 10:09:22.213  1696  4551 W WindowManager: Attempted to remove non-existing token: android.os.Binder@cdc0750
01-17 10:09:38.728  1696  5358 W WindowManager: Attempted to remove non-existing token: android.os.Binder@95b7ab9
01-17 10:09:40.159  1696  1708 W WindowManager: Attempted to remove non-existing token: android.os.Binder@453dd0a
01-17 10:09:41.459  1696  2071 W WindowManager: Attempted to remove non-existing token: android.os.Binder@18dc398
01-17 10:09:58.052  1696  1798 W WindowManager: Attempted to remove non-existing token: android.os.Binder@bbc09d
01-17 10:09:59.500  1696 27843 W WindowManager: Attempted to remove non-existing token: android.os.Binder@a50a45e
01-17 10:10:00.805  1696  2071 W WindowManager: Attempted to remove non-existing token: android.os.Binder@14c0d0c
01-17 10:10:17.254  1696  4550 W WindowManager: Attempted to remove non-existing token: android.os.Binder@1ca001a
01-17 10:10:18.716  1696  5358 W WindowManager: Attempted to remove non-existing token: android.os.Binder@92ded27
01-17 10:10:19.998  1696  4549 W WindowManager: Attempted to remove non-existing token: android.os.Binder@909d17d
01-17 10:10:36.605  1696  4551 W WindowManager: Attempted to remove non-existing token: android.os.Binder@cde01e9
01-17 10:10:38.033  1696  1798 W WindowManager: Attempted to remove non-existing token: android.os.Binder@5a3937a
01-17 10:10:39.344  1696 27843 W WindowManager: Attempted to remove non-existing token: android.os.Binder@1def788
01-17 10:10:55.936  1696  3573 W WindowManager: Attempted to remove non-existing token: android.os.Binder@76bb3f6
01-17 10:10:57.392  1696  2245 W WindowManager: Attempted to remove non-existing token: android.os.Binder@ca7a893
01-17 10:10:59.446  1696  3573 W WindowManager: Attempted to remove non-existing token: android.os.Binder@30ea8c9
01-17 10:11:07.054  1696  1713 E BatteryStatsService: no controller energy info supplied
01-17 10:11:07.059  1696  1713 E KernelCpuSpeedReader: Failed to read cpu-freq: /sys/devices/system/cpu/cpu0/cpufreq/stats/time_in_state (No such file or directory)
01-17 10:11:07.059  1696  1713 E KernelUidCpuTimeReader: Failed to read uid_cputime: /proc/uid_cputime/show_uid_stat (No such file or directory)
01-17 10:11:07.060  1696  1713 E BatteryStatsService: modem info is invalid: ModemActivityInfo{ mTimestamp=0 mSleepTimeMs=0 mIdleTimeMs=0 mTxTimeMs[]=[0, 0, 0, 0, 0] mRxTimeMs=0 mEnergyUsed=0}
01-17 10:11:15.899  1696 27843 W WindowManager: Attempted to remove non-existing token: android.os.Binder@77d1cf5
01-17 10:11:17.337  1696  2071 W WindowManager: Attempted to remove non-existing token: android.os.Binder@75e8d18
01-17 10:11:18.693  1696  2071 W WindowManager: Attempted to remove non-existing token: android.os.Binder@3b46556
01-17 10:11:35.174  1696  1798 W WindowManager: Attempted to remove non-existing token: android.os.Binder@31f04f4
01-17 10:11:36.594  1696  5358 W WindowManager: Attempted to remove non-existing token: android.os.Binder@ee76519
01-17 10:11:37.904  1696  1707 W WindowManager: Attempted to remove non-existing token: android.os.Binder@f6797bf
01-17 10:11:54.344  1696  1795 W WindowManager: Attempted to remove non-existing token: android.os.Binder@3df6d9a
01-17 10:11:55.773  1696 27843 W WindowManager: Attempted to remove non-existing token: android.os.Binder@1e2aea8
01-17 10:11:57.103  1696  2239 W WindowManager: Attempted to remove non-existing token: android.os.Binder@d36c966
01-17 10:12:13.494  1696  2245 W WindowManager: Attempted to remove non-existing token: android.os.Binder@2bbdfa2
01-17 10:12:14.898  1696  1795 W WindowManager: Attempted to remove non-existing token: android.os.Binder@2e3d69
01-17 10:12:16.195  1696  3573 W WindowManager: Attempted to remove non-existing token: android.os.Binder@636708f
01-17 10:12:26.388  1696 27843 I ActivityManager: Start proc 30461:com.google.android.gms.unstable/u0a13 for service com.google.android.gms/.droidguard.DroidGuardService
01-17 10:12:31.863  1696  1709 I UsageStatsService: User[0] Flushing usage stats to disk
01-17 10:12:32.598  1696  3573 W WindowManager: Attempted to remove non-existing token: android.os.Binder@e3e9eae
01-17 10:12:34.015  1696  5358 W WindowManager: Attempted to remove non-existing token: android.os.Binder@4a5566b
01-17 10:12:35.378  1696  2071 W WindowManager: Attempted to remove non-existing token: android.os.Binder@75ee661
01-17 10:12:47.807  1696  1708 I ActivityManager: Killing 20297:org.inaturalist.android/u0a151 (adj 906): empty #17
01-17 10:12:47.812  1696  4550 D ActivityManager: cleanUpApplicationRecord -- 20297
01-17 10:12:51.772  1696  4551 W WindowManager: Attempted to remove non-existing token: android.os.Binder@96534a4
01-17 10:12:53.186  1696  1798 W WindowManager: Attempted to remove non-existing token: android.os.Binder@24ecfd3
01-17 10:12:54.522  1696  1926 W WindowManager: Attempted to remove non-existing token: android.os.Binder@fac962f
01-17 10:13:11.112  1696  1906 W WindowManager: Attempted to remove non-existing token: android.os.Binder@adeda35
01-17 10:13:12.559  1696  5358 W WindowManager: Attempted to remove non-existing token: android.os.Binder@811783b
01-17 10:13:13.842  1696  1708 W WindowManager: Attempted to remove non-existing token: android.os.Binder@afe4b1
01-17 10:13:30.290  1696  2239 W WindowManager: Attempted to remove non-existing token: android.os.Binder@b1ba07
01-17 10:13:31.713  1696  2239 W WindowManager: Attempted to remove non-existing token: android.os.Binder@fbce2a0
01-17 10:13:33.013  1696  4551 W WindowManager: Attempted to remove non-existing token: android.os.Binder@1e94a1e
01-17 10:13:49.498  1696  2071 W WindowManager: Attempted to remove non-existing token: android.os.Binder@abf6f85
01-17 10:13:50.910  1696  1708 W WindowManager: Attempted to remove non-existing token: android.os.Binder@a34ace8
01-17 10:13:52.207  1696  2239 W WindowManager: Attempted to remove non-existing token: android.os.Binder@31baf94
01-17 10:14:08.665  1696  5358 W WindowManager: Attempted to remove non-existing token: android.os.Binder@41f7be2
01-17 10:14:10.099  1696  5358 W WindowManager: Attempted to remove non-existing token: android.os.Binder@e4fda30
01-17 10:14:11.404  1696  2245 W WindowManager: Attempted to remove non-existing token: android.os.Binder@e3d742e
01-17 10:14:27.904  1696  4551 W WindowManager: Attempted to remove non-existing token: android.os.Binder@a36e0d5
01-17 10:14:29.345  1696  4551 W WindowManager: Attempted to remove non-existing token: android.os.Binder@8ef11b6
01-17 10:14:30.637  1696  5358 W WindowManager: Attempted to remove non-existing token: android.os.Binder@fbdd624
01-17 10:14:43.006  1696  1710 I ActivityManager: Killing 20391:com.google.android.dialer/u0a14 (adj 904): empty for 1801s
01-17 10:14:43.047  1696  2239 D ActivityManager: cleanUpApplicationRecord -- 20391
01-17 10:14:47.130  1696 27843 W WindowManager: Attempted to remove non-existing token: android.os.Binder@6ba50f2
01-17 10:14:48.554  1696  5358 W WindowManager: Attempted to remove non-existing token: android.os.Binder@8988a3e
01-17 10:14:49.837  1696  2239 W WindowManager: Attempted to remove non-existing token: android.os.Binder@68f0c4a
01-17 10:15:06.302  1696  4550 W WindowManager: Attempted to remove non-existing token: android.os.Binder@f92f408
01-17 10:15:07.731  1696  2245 W WindowManager: Attempted to remove non-existing token: android.os.Binder@afefdc6
01-17 10:15:09.030  1696  2071 W WindowManager: Attempted to remove non-existing token: android.os.Binder@e6748b4
01-17 10:15:25.463  1696  1798 W WindowManager: Attempted to remove non-existing token: android.os.Binder@9ee5202
01-17 10:15:26.952  1696  4550 W WindowManager: Attempted to remove non-existing token: android.os.Binder@bc6b16f
01-17 10:15:28.245  1696  4551 W WindowManager: Attempted to remove non-existing token: android.os.Binder@555a305
01-17 10:15:44.737  1696 27843 W WindowManager: Attempted to remove non-existing token: android.os.Binder@eb4577b
01-17 10:15:46.158  1696  1926 W WindowManager: Attempted to remove non-existing token: android.os.Binder@4990744
01-17 10:15:47.458  1696  4550 W WindowManager: Attempted to remove non-existing token: android.os.Binder@4c03af3
01-17 10:16:03.924  1696  1708 W WindowManager: Attempted to remove non-existing token: android.os.Binder@aad3799
01-17 10:16:05.437  1696  1708 W WindowManager: Attempted to remove non-existing token: android.os.Binder@e05d30c
01-17 10:16:06.727  1696  4551 W WindowManager: Attempted to remove non-existing token: android.os.Binder@2c313f8
01-17 10:16:23.198  1696  4551 W WindowManager: Attempted to remove non-existing token: android.os.Binder@b8519e6
01-17 10:16:24.598  1696 27843 W WindowManager: Attempted to remove non-existing token: android.os.Binder@e9411d4
01-17 10:16:26.032  1696  2245 W WindowManager: Attempted to remove non-existing token: android.os.Binder@178ee72
01-17 10:16:42.519  1696  1906 W WindowManager: Attempted to remove non-existing token: android.os.Binder@74a3070
01-17 10:16:43.944  1696  1707 W WindowManager: Attempted to remove non-existing token: android.os.Binder@e67a1a5
01-17 10:16:45.246  1696  1926 W WindowManager: Attempted to remove non-existing token: android.os.Binder@804a52b
01-17 10:17:00.022  1696  1710 I ProcessStatsService: Prepared write state in 2ms
01-17 10:17:01.740  1696  2245 W WindowManager: Attempted to remove non-existing token: android.os.Binder@2ed49f6
01-17 10:17:03.159  1696  4550 W WindowManager: Attempted to remove non-existing token: android.os.Binder@2b86693
01-17 10:17:04.450  1696  1795 W WindowManager: Attempted to remove non-existing token: android.os.Binder@e3896c9
01-17 10:17:20.873  1696  1707 W WindowManager: Attempted to remove non-existing token: android.os.Binder@fb7dbdf
01-17 10:17:22.285  1696  1795 W WindowManager: Attempted to remove non-existing token: android.os.Binder@e8fb318
01-17 10:17:23.589  1696  1707 W WindowManager: Attempted to remove non-existing token: android.os.Binder@3b8fb56
01-17 10:17:40.060  1696  5358 W WindowManager: Attempted to remove non-existing token: android.os.Binder@aa0af4
01-17 10:17:41.502  1696  1926 W WindowManager: Attempted to remove non-existing token: android.os.Binder@86d1663
01-17 10:17:42.795  1696  4550 W WindowManager: Attempted to remove non-existing token: android.os.Binder@410b5bf
01-17 10:17:59.482  1696  1707 W WindowManager: Attempted to remove non-existing token: android.os.Binder@3c878ec
01-17 10:18:00.906  1696  5358 W WindowManager: Attempted to remove non-existing token: android.os.Binder@6ddc731
01-17 10:18:02.199  1696  2239 W WindowManager: Attempted to remove non-existing token: android.os.Binder@da84397
01-17 10:18:18.580  1696  2071 W WindowManager: Attempted to remove non-existing token: android.os.Binder@d38c3dd
01-17 10:18:19.996  1696  2071 W WindowManager: Attempted to remove non-existing token: android.os.Binder@2e5ef20
01-17 10:18:21.299  1696  4549 W WindowManager: Attempted to remove non-existing token: android.os.Binder@40add4c
01-17 10:18:37.765  1696  1708 W WindowManager: Attempted to remove non-existing token: android.os.Binder@442fa5a
01-17 10:18:39.197  1696  5358 W WindowManager: Attempted to remove non-existing token: android.os.Binder@82b4181
01-17 10:18:40.503  1696  2071 W WindowManager: Attempted to remove non-existing token: android.os.Binder@dc974bd
01-17 10:18:57.102  1696  3573 W WindowManager: Attempted to remove non-existing token: android.os.Binder@72546b0
01-17 10:18:58.539  1696  1795 W WindowManager: Attempted to remove non-existing token: android.os.Binder@a0bf4ae
01-17 10:18:59.846  1696  4549 W WindowManager: Attempted to remove non-existing token: android.os.Binder@fa6adba
01-17 10:19:16.282  1696  2245 W WindowManager: Attempted to remove non-existing token: android.os.Binder@34d26f8
01-17 10:19:17.715  1696  2245 W WindowManager: Attempted to remove non-existing token: android.os.Binder@c46d537
01-17 10:19:19.009  1696  2071 W WindowManager: Attempted to remove non-existing token: android.os.Binder@c298dd3
01-17 10:19:35.530  1696  2071 W WindowManager: Attempted to remove non-existing token: android.os.Binder@9d62d79
01-17 10:19:36.951  1696  1795 W WindowManager: Attempted to remove non-existing token: android.os.Binder@8ec2a6c
01-17 10:19:38.245  1696  5358 W WindowManager: Attempted to remove non-existing token: android.os.Binder@da78158
01-17 10:19:54.658  1696  4549 W WindowManager: Attempted to remove non-existing token: android.os.Binder@3b71807
01-17 10:19:56.310  1696  2071 W WindowManager: Attempted to remove non-existing token: android.os.Binder@88848d2
01-17 10:19:57.618  1696  4550 W WindowManager: Attempted to remove non-existing token: android.os.Binder@47e201e
01-17 10:20:14.067  1696  4549 W WindowManager: Attempted to remove non-existing token: android.os.Binder@51227ef
01-17 10:20:15.473  1696  1708 W WindowManager: Attempted to remove non-existing token: android.os.Binder@7923d85
01-17 10:20:16.778  1696  5358 W WindowManager: Attempted to remove non-existing token: android.os.Binder@abe2d01
01-17 10:20:33.203  1696  1798 W WindowManager: Attempted to remove non-existing token: android.os.Binder@74d4656
01-17 10:20:34.627  1696  2245 W WindowManager: Attempted to remove non-existing token: android.os.Binder@26f71e2
01-17 10:20:35.926  1696  1795 W WindowManager: Attempted to remove non-existing token: android.os.Binder@317c030
01-17 10:20:52.422  1696  1926 W WindowManager: Attempted to remove non-existing token: android.os.Binder@94f44bf
01-17 10:20:53.833  1696  4550 W WindowManager: Attempted to remove non-existing token: android.os.Binder@63d6ddb
01-17 10:20:55.137  1696  1708 W WindowManager: Attempted to remove non-existing token: android.os.Binder@1b9e351
01-17 10:20:58.238  1696  1696 W WindowManager: Attempted to remove non-existing token: android.os.Binder@71b0cb7
01-17 10:21:11.777  1696  4550 W WindowManager: Attempted to remove non-existing token: android.os.Binder@e0649fd
01-17 10:21:13.209  1696  4551 W WindowManager: Attempted to remove non-existing token: android.os.Binder@57288f9
01-17 10:21:14.501  1696  4549 W WindowManager: Attempted to remove non-existing token: android.os.Binder@5ce0e9f
01-17 10:21:30.971  1696  4549 W WindowManager: Attempted to remove non-existing token: android.os.Binder@aa1fc25
01-17 10:21:32.410  1696  1906 W WindowManager: Attempted to remove non-existing token: android.os.Binder@61b35a1
01-17 10:21:33.710  1696  1798 W WindowManager: Attempted to remove non-existing token: android.os.Binder@529ef87
01-17 10:21:50.112  1696  4549 W WindowManager: Attempted to remove non-existing token: android.os.Binder@a574802
01-17 10:21:51.553  1696  2239 W WindowManager: Attempted to remove non-existing token: android.os.Binder@ef5e24e
01-17 10:21:52.965  1696  1906 W WindowManager: Attempted to remove non-existing token: android.os.Binder@1d1d55a
01-17 10:22:09.479  1696  1707 W WindowManager: Attempted to remove non-existing token: android.os.Binder@e480f98
01-17 10:22:10.899  1696 27843 W WindowManager: Attempted to remove non-existing token: android.os.Binder@67a8d44
01-17 10:22:12.195  1696  2239 W WindowManager: Attempted to remove non-existing token: android.os.Binder@222ef62
01-17 10:22:28.742  1696  5358 W WindowManager: Attempted to remove non-existing token: android.os.Binder@5a26ee0
01-17 10:22:30.164  1696  1795 W WindowManager: Attempted to remove non-existing token: android.os.Binder@46f990c
01-17 10:22:31.468  1696  2245 W WindowManager: Attempted to remove non-existing token: android.os.Binder@94b146a
01-17 10:22:47.930  1696  4551 W WindowManager: Attempted to remove non-existing token: android.os.Binder@f42ae41
01-17 10:22:49.340  1696  1926 W WindowManager: Attempted to remove non-existing token: android.os.Binder@1caed7d
01-17 10:22:50.643  1696  2239 W WindowManager: Attempted to remove non-existing token: android.os.Binder@79de479
01-17 10:23:07.131  1696  1707 W WindowManager: Attempted to remove non-existing token: android.os.Binder@862450f
01-17 10:23:08.545  1696  1795 W WindowManager: Attempted to remove non-existing token: android.os.Binder@588232b
01-17 10:23:09.833  1696  5358 W WindowManager: Attempted to remove non-existing token: android.os.Binder@5106121
01-17 10:23:26.453  1696  2239 W WindowManager: Attempted to remove non-existing token: android.os.Binder@c267ff7
01-17 10:23:27.899  1696  2245 W WindowManager: Attempted to remove non-existing token: android.os.Binder@392493
01-17 10:23:29.199  1696  1906 W WindowManager: Attempted to remove non-existing token: android.os.Binder@8c776ef
01-17 10:23:32.312  1696  1696 I ActivityManager: Killing 9079:com.google.android.partnersetup/u0a19 (adj 902): empty for 1800s
01-17 10:23:32.313  1696  1696 I ActivityManager: Killing 7288:android.process.acore/u0a1 (adj 904): empty for 1800s
01-17 10:23:32.314  1696  1696 I ActivityManager: Killing 7971:com.android.gallery3d/u0a46 (adj 904): empty for 1800s
01-17 10:23:32.315  1696  1696 I ActivityManager: Killing 8724:com.android.documentsui/u0a9 (adj 904): empty for 1801s
01-17 10:23:32.318  1696  1696 I ActivityManager: Killing 9482:com.android.keychain/1000 (adj 904): empty for 1801s
01-17 10:23:32.367  1696  3573 D ActivityManager: cleanUpApplicationRecord -- 9482
01-17 10:23:32.368  1696  2071 D ActivityManager: cleanUpApplicationRecord -- 9079
01-17 10:23:32.371  1696  4549 D ActivityManager: cleanUpApplicationRecord -- 7971
01-17 10:23:32.372  1696  1798 D CountryDetector: No listener is left
01-17 10:23:32.372  1696  1707 D ActivityManager: cleanUpApplicationRecord -- 7288
01-17 10:23:32.377  1696  2239 D ActivityManager: cleanUpApplicationRecord -- 8724
01-17 10:23:41.890  1696  4551 I ActivityManager: Killing 8700:com.android.printspooler/u0a69 (adj 906): empty for 1806s
01-17 10:23:42.003  1696  4549 D ActivityManager: cleanUpApplicationRecord -- 8700
01-17 10:23:45.906  1696  1926 W WindowManager: Attempted to remove non-existing token: android.os.Binder@254968a
01-17 10:23:47.322  1696  2245 W WindowManager: Attempted to remove non-existing token: android.os.Binder@7ed9156
01-17 10:23:48.612  1696  4550 W WindowManager: Attempted to remove non-existing token: android.os.Binder@fb511ad
01-17 10:24:05.095  1696  1906 W WindowManager: Attempted to remove non-existing token: android.os.Binder@d905463
01-17 10:24:06.522  1696  1926 W WindowManager: Attempted to remove non-existing token: android.os.Binder@b29d3bf
01-17 10:24:07.815  1696  2245 W WindowManager: Attempted to remove non-existing token: android.os.Binder@e42d5d5
01-17 10:24:24.219  1696  4551 W WindowManager: Attempted to remove non-existing token: android.os.Binder@c3c2cb
01-17 10:24:25.644  1696  1707 W WindowManager: Attempted to remove non-existing token: android.os.Binder@bc9c0a7
01-17 10:24:26.984  1696  1708 W WindowManager: Attempted to remove non-existing token: android.os.Binder@b47c043
01-17 10:24:43.404  1696  1708 W WindowManager: Attempted to remove non-existing token: android.os.Binder@dcc1969
01-17 10:24:44.836  1696  5358 W WindowManager: Attempted to remove non-existing token: android.os.Binder@803e325
01-17 10:24:46.138  1696  4550 W WindowManager: Attempted to remove non-existing token: android.os.Binder@b8282ab
01-17 10:25:02.628  1696  4549 W WindowManager: Attempted to remove non-existing token: android.os.Binder@df2c576
01-17 10:25:04.060  1696  5358 W WindowManager: Attempted to remove non-existing token: android.os.Binder@83dc302
01-17 10:25:05.363  1696  4551 W WindowManager: Attempted to remove non-existing token: android.os.Binder@7c44650
01-17 10:25:21.780  1696  2245 W WindowManager: Attempted to remove non-existing token: android.os.Binder@db965fe
01-17 10:25:23.203  1696  1926 W WindowManager: Attempted to remove non-existing token: android.os.Binder@141e40a
01-17 10:25:24.536  1696  1707 W WindowManager: Attempted to remove non-existing token: android.os.Binder@d64a298
01-17 10:25:41.093  1696  1906 W WindowManager: Attempted to remove non-existing token: android.os.Binder@c475274
01-17 10:25:42.517  1696  1926 W WindowManager: Attempted to remove non-existing token: android.os.Binder@fc121e0
01-17 10:25:43.890  1696  2239 W WindowManager: Attempted to remove non-existing token: android.os.Binder@d467c0c
01-17 10:26:00.329  1696  1798 W WindowManager: Attempted to remove non-existing token: android.os.Binder@94f624b
01-17 10:26:01.746  1696  2239 W WindowManager: Attempted to remove non-existing token: android.os.Binder@e2fd827
01-17 10:26:03.043  1696  4550 W WindowManager: Attempted to remove non-existing token: android.os.Binder@431347d
01-17 10:26:19.582  1696  1795 W WindowManager: Attempted to remove non-existing token: android.os.Binder@fe354e9
01-17 10:26:21.013  1696  4551 W WindowManager: Attempted to remove non-existing token: android.os.Binder@71356a5
01-17 10:26:22.305  1696  2245 W WindowManager: Attempted to remove non-existing token: android.os.Binder@b53e22b
01-17 10:26:38.832  1696  1795 W WindowManager: Attempted to remove non-existing token: android.os.Binder@4fdeb91
01-17 10:26:40.253  1696  1708 W WindowManager: Attempted to remove non-existing token: android.os.Binder@99d8082
01-17 10:26:41.552  1696  1795 W WindowManager: Attempted to remove non-existing token: android.os.Binder@b07ffd0
01-17 10:26:58.020  1696  4550 W WindowManager: Attempted to remove non-existing token: android.os.Binder@d2d08df
01-17 10:26:59.460  1696  1708 W WindowManager: Attempted to remove non-existing token: android.os.Binder@dc8dff5
01-17 10:27:00.765  1696  5358 W WindowManager: Attempted to remove non-existing token: android.os.Binder@50353fb
01-17 10:27:17.185  1696  1707 W WindowManager: Attempted to remove non-existing token: android.os.Binder@e42ede1
01-17 10:27:18.595  1696  2239 W WindowManager: Attempted to remove non-existing token: android.os.Binder@c058d92
01-17 10:27:19.888  1696  4549 W WindowManager: Attempted to remove non-existing token: android.os.Binder@3b0fb60
01-17 10:27:36.334  1696  1926 W WindowManager: Attempted to remove non-existing token: android.os.Binder@6234d8e
01-17 10:27:37.767  1696  4549 W WindowManager: Attempted to remove non-existing token: android.os.Binder@9444545
01-17 10:27:39.089  1696  3573 W WindowManager: Attempted to remove non-existing token: android.os.Binder@7e8f0c1
01-17 10:27:55.513  1696  2239 W WindowManager: Attempted to remove non-existing token: android.os.Binder@58e4284
01-17 10:27:56.992  1696  1707 W WindowManager: Attempted to remove non-existing token: android.os.Binder@ec0c6a2
01-17 10:27:58.292  1696  2245 W WindowManager: Attempted to remove non-existing token: android.os.Binder@eef02f0
01-17 10:28:14.724  1696  1926 W WindowManager: Attempted to remove non-existing token: android.os.Binder@b6bab9e
01-17 10:28:16.148  1696  4549 W WindowManager: Attempted to remove non-existing token: android.os.Binder@6f4eb9b
01-17 10:28:17.442  1696  4550 W WindowManager: Attempted to remove non-existing token: android.os.Binder@221f711
