11-09 19:41:32.067  7205  7205 I Input   : injectKeyEvent: KeyEvent { action=ACTION_DOWN, keyCode=KEYCODE_DEL, scanCode=0, metaState=0, flags=0x0, repeatCount=0, eventTime=46353744, downTime=46353744, deviceId=-1, source=0x101 }
11-09 19:41:32.069  7205  7205 I Input   : injectKeyEvent: KeyEvent { action=ACTION_UP, keyCode=KEYCODE_DEL, scanCode=0, metaState=0, flags=0x0, repeatCount=0, eventTime=46353744, downTime=46353744, deviceId=-1, source=0x101 }
11-09 19:41:32.070  7205  7205 I Input   : injectKeyEvent: KeyEvent { action=ACTION_DOWN, keyCode=KEYCODE_DEL, scanCode=0, metaState=0, flags=0x0, repeatCount=0, eventTime=46353747, downTime=46353747, deviceId=-1, source=0x101 }
11-09 19:41:32.072  7205  7205 I Input   : injectKeyEvent: KeyEvent { action=ACTION_UP, keyCode=KEYCODE_DEL, scanCode=0, metaState=0, flags=0x0, repeatCount=0, eventTime=46353747, downTime=46353747, deviceId=-1, source=0x101 }
11-09 19:41:32.073  7205  7205 I Input   : injectKeyEvent: KeyEvent { action=ACTION_DOWN, keyCode=KEYCODE_DEL, scanCode=0, metaState=0, flags=0x0, repeatCount=0, eventTime=46353750, downTime=46353750, deviceId=-1, source=0x101 }
11-09 19:41:32.075  7205  7205 I Input   : injectKeyEvent: KeyEvent { action=ACTION_UP, keyCode=KEYCODE_DEL, scanCode=0, metaState=0, flags=0x0, repeatCount=0, eventTime=46353750, downTime=46353750, deviceId=-1, source=0x101 }
11-09 19:41:32.076  7205  7205 I Input   : injectKeyEvent: KeyEvent { action=ACTION_DOWN, keyCode=KEYCODE_DEL, scanCode=0, metaState=0, flags=0x0, repeatCount=0, eventTime=46353753, downTime=46353753, deviceId=-1, source=0x101 }
11-09 19:41:32.077  7205  7205 I Input   : injectKeyEvent: KeyEvent { action=ACTION_UP, keyCode=KEYCODE_DEL, scanCode=0, metaState=0, flags=0x0, repeatCount=0, eventTime=46353753, downTime=46353753, deviceId=-1, source=0x101 }
11-09 19:41:32.079  7205  7205 I Input   : injectKeyEvent: KeyEvent { action=ACTION_DOWN, keyCode=KEYCODE_DEL, scanCode=0, metaState=0, flags=0x0, repeatCount=0, eventTime=46353756, downTime=46353756, deviceId=-1, source=0x101 }
11-09 19:41:32.080  7205  7205 I Input   : injectKeyEvent: KeyEvent { action=ACTION_UP, keyCode=KEYCODE_DEL, scanCode=0, metaState=0, flags=0x0, repeatCount=0, eventTime=46353756, downTime=46353756, deviceId=-1, source=0x101 }
11-09 19:41:32.082  7205  7205 I Input   : injectKeyEvent: KeyEvent { action=ACTION_DOWN, keyCode=KEYCODE_DEL, scanCode=0, metaState=0, flags=0x0, repeatCount=0, eventTime=46353759, downTime=46353759, deviceId=-1, source=0x101 }
11-09 19:41:32.084  7205  7205 I Input   : injectKeyEvent: KeyEvent { action=ACTION_UP, keyCode=KEYCODE_DEL, scanCode=0, metaState=0, flags=0x0, repeatCount=0, eventTime=46353759, downTime=46353759, deviceId=-1, source=0x101 }
11-09 19:41:32.086  7205  7205 I Input   : injectKeyEvent: KeyEvent { action=ACTION_DOWN, keyCode=KEYCODE_DEL, scanCode=0, metaState=0, flags=0x0, repeatCount=0, eventTime=46353762, downTime=46353762, deviceId=-1, source=0x101 }
11-09 19:41:32.087  7205  7205 I Input   : injectKeyEvent: KeyEvent { action=ACTION_UP, keyCode=KEYCODE_DEL, scanCode=0, metaState=0, flags=0x0, repeatCount=0, eventTime=46353762, downTime=46353762, deviceId=-1, source=0x101 }
11-09 19:41:32.089  7205  7205 I Input   : injectKeyEvent: KeyEvent { action=ACTION_DOWN, keyCode=KEYCODE_DEL, scanCode=0, metaState=0, flags=0x0, repeatCount=0, eventTime=46353766, downTime=46353766, deviceId=-1, source=0x101 }
11-09 19:41:32.090  7205  7205 I Input   : injectKeyEvent: KeyEvent { action=ACTION_UP, keyCode=KEYCODE_DEL, scanCode=0, metaState=0, flags=0x0, repeatCount=0, eventTime=46353766, downTime=46353766, deviceId=-1, source=0x101 }
11-09 19:41:32.092  7205  7205 I Input   : injectKeyEvent: KeyEvent { action=ACTION_DOWN, keyCode=KEYCODE_DEL, scanCode=0, metaState=0, flags=0x0, repeatCount=0, eventTime=46353769, downTime=46353769, deviceId=-1, source=0x101 }
11-09 19:41:32.094  7205  7205 I Input   : injectKeyEvent: KeyEvent { action=ACTION_UP, keyCode=KEYCODE_DEL, scanCode=0, metaState=0, flags=0x0, repeatCount=0, eventTime=46353769, downTime=46353769, deviceId=-1, source=0x101 }
11-09 19:41:32.095  7205  7205 I Input   : injectKeyEvent: KeyEvent { action=ACTION_DOWN, keyCode=KEYCODE_DEL, scanCode=0, metaState=0, flags=0x0, repeatCount=0, eventTime=46353772, downTime=46353772, deviceId=-1, source=0x101 }
11-09 19:41:32.097  7205  7205 I Input   : injectKeyEvent: KeyEvent { action=ACTION_UP, keyCode=KEYCODE_DEL, scanCode=0, metaState=0, flags=0x0, repeatCount=0, eventTime=46353772, downTime=46353772, deviceId=-1, source=0x101 }
11-09 19:41:32.098  7205  7205 I Input   : injectKeyEvent: KeyEvent { action=ACTION_DOWN, keyCode=KEYCODE_DEL, scanCode=0, metaState=0, flags=0x0, repeatCount=0, eventTime=46353775, downTime=46353775, deviceId=-1, source=0x101 }
11-09 19:41:32.099  7205  7205 I Input   : injectKeyEvent: KeyEvent { action=ACTION_UP, keyCode=KEYCODE_DEL, scanCode=0, metaState=0, flags=0x0, repeatCount=0, eventTime=46353775, downTime=46353775, deviceId=-1, source=0x101 }
11-09 19:41:32.101  7205  7205 I Input   : injectKeyEvent: KeyEvent { action=ACTION_DOWN, keyCode=KEYCODE_DEL, scanCode=0, metaState=0, flags=0x0, repeatCount=0, eventTime=46353777, downTime=46353777, deviceId=-1, source=0x101 }
11-09 19:41:32.102  7205  7205 I Input   : injectKeyEvent: KeyEvent { action=ACTION_UP, keyCode=KEYCODE_DEL, scanCode=0, metaState=0, flags=0x0, repeatCount=0, eventTime=46353777, downTime=46353777, deviceId=-1, source=0x101 }
11-09 19:41:32.104  7205  7205 D AndroidRuntime: Shutting down VM
11-09 19:41:32.239  7215  7215 D AndroidRuntime: >>>>>> START com.android.internal.os.RuntimeInit uid 2000 <<<<<<
11-09 19:41:32.274  7215  7215 W app_process: Unexpected CPU variant for X86 using defaults: x86
11-09 19:41:32.275  7215  7215 I app_process: The ClassLoaderContext is a special shared library.
11-09 19:41:32.287  7215  7215 D AndroidRuntime: Calling main entry com.android.commands.input.Input
11-09 19:41:32.288  7215  7215 I Input   : injectKeyEvent: KeyEvent { action=ACTION_DOWN, keyCode=KEYCODE_SHIFT_LEFT, scanCode=0, metaState=META_SHIFT_ON|META_SHIFT_LEFT_ON, flags=0x0, repeatCount=0, eventTime=46353965, downTime=46353965, deviceId=-1, source=0x101 }
11-09 19:41:32.291  7215  7215 I Input   : injectKeyEvent: KeyEvent { action=ACTION_DOWN, keyCode=KEYCODE_T, scanCode=0, metaState=META_SHIFT_ON|META_SHIFT_LEFT_ON, flags=0x0, repeatCount=0, eventTime=46353965, downTime=46353965, deviceId=-1, source=0x101 }
11-09 19:41:32.298  1751  1751 W GInputConnectionWrapper: Fixing selection indices to 0, 0
11-09 19:41:32.299  1751  9826 W native  : neural_spatial_model.cc:371 Output symbol table doesn't contain symbol: &
11-09 19:41:32.309  1751  1751 I native  : input-context-store.cc:113 Using roll back input context operation: [DecodeTouch] reason: client [7310] vs decoder [7311]
11-09 19:41:32.309  1751  9826 W native  : neural_spatial_model.cc:371 Output symbol table doesn't contain symbol: &
11-09 19:41:32.313  7215  7215 I Input   : injectKeyEvent: KeyEvent { action=ACTION_UP, keyCode=KEYCODE_T, scanCode=0, metaState=META_SHIFT_ON|META_SHIFT_LEFT_ON, flags=0x0, repeatCount=0, eventTime=46353965, downTime=46353965, deviceId=-1, source=0x101 }
11-09 19:41:32.318  1439  1481 D gralloc_ranchu: gralloc_alloc: Creating ashmem region of size 8024064
11-09 19:41:32.322  1450  1470 D         : HostConnection::get() New Host Connection established 0xe80a1900, tid 1470
11-09 19:41:32.322  1439  1481 D gralloc_ranchu: gralloc_alloc: Creating ashmem region of size 8024064
11-09 19:41:32.327  1439  1481 D gralloc_ranchu: gralloc_alloc: Creating ashmem region of size 8024064
11-09 19:41:32.337  7215  7215 I Input   : injectKeyEvent: KeyEvent { action=ACTION_UP, keyCode=KEYCODE_SHIFT_LEFT, scanCode=0, metaState=0, flags=0x0, repeatCount=0, eventTime=46353965, downTime=46353965, deviceId=-1, source=0x101 }
11-09 19:41:32.339  7215  7215 I Input   : injectKeyEvent: KeyEvent { action=ACTION_DOWN, keyCode=KEYCODE_E, scanCode=0, metaState=0, flags=0x0, repeatCount=0, eventTime=46353965, downTime=46353965, deviceId=-1, source=0x101 }
11-09 19:41:32.341  7215  7215 I Input   : injectKeyEvent: KeyEvent { action=ACTION_UP, keyCode=KEYCODE_E, scanCode=0, metaState=0, flags=0x0, repeatCount=0, eventTime=46353965, downTime=46353965, deviceId=-1, source=0x101 }
11-09 19:41:32.342  7215  7215 I Input   : injectKeyEvent: KeyEvent { action=ACTION_DOWN, keyCode=KEYCODE_S, scanCode=0, metaState=0, flags=0x0, repeatCount=0, eventTime=46353965, downTime=46353965, deviceId=-1, source=0x101 }
11-09 19:41:32.344  1751  9826 I native  : input-context-store.cc:138 Ignoring stale client request for FetchSuggestions
11-09 19:41:32.347  1751  9832 D EGL_emulation: eglMakeCurrent: 0xd80d37c0: ver 3 0 (tinfo 0xd6830cf0)
11-09 19:41:32.349  7215  7215 I Input   : injectKeyEvent: KeyEvent { action=ACTION_UP, keyCode=KEYCODE_S, scanCode=0, metaState=0, flags=0x0, repeatCount=0, eventTime=46353965, downTime=46353965, deviceId=-1, source=0x101 }
11-09 19:41:32.357  7215  7215 I Input   : injectKeyEvent: KeyEvent { action=ACTION_DOWN, keyCode=KEYCODE_T, scanCode=0, metaState=0, flags=0x0, repeatCount=0, eventTime=46353965, downTime=46353965, deviceId=-1, source=0x101 }
11-09 19:41:32.359  7215  7215 I Input   : injectKeyEvent: KeyEvent { action=ACTION_UP, keyCode=KEYCODE_T, scanCode=0, metaState=0, flags=0x0, repeatCount=0, eventTime=46353965, downTime=46353965, deviceId=-1, source=0x101 }
11-09 19:41:32.362  7215  7215 I Input   : injectKeyEvent: KeyEvent { action=ACTION_DOWN, keyCode=KEYCODE_SHIFT_LEFT, scanCode=0, metaState=META_SHIFT_ON|META_SHIFT_LEFT_ON, flags=0x0, repeatCount=0, eventTime=46353965, downTime=46353965, deviceId=-1, source=0x101 }
11-09 19:41:32.377  7215  7215 I Input   : injectKeyEvent: KeyEvent { action=ACTION_DOWN, keyCode=KEYCODE_T, scanCode=0, metaState=META_SHIFT_ON|META_SHIFT_LEFT_ON, flags=0x0, repeatCount=0, eventTime=46353965, downTime=46353965, deviceId=-1, source=0x101 }
11-09 19:41:32.378  1751  1751 I native  : input-context-store.cc:113 Using roll back input context operation: [DecodeTouch] reason: client [7318] vs decoder [7319]
11-09 19:41:32.379  7215  7215 I Input   : injectKeyEvent: KeyEvent { action=ACTION_UP, keyCode=KEYCODE_T, scanCode=0, metaState=META_SHIFT_ON|META_SHIFT_LEFT_ON, flags=0x0, repeatCount=0, eventTime=46353965, downTime=46353965, deviceId=-1, source=0x101 }
11-09 19:41:32.380  7215  7215 I Input   : injectKeyEvent: KeyEvent { action=ACTION_UP, keyCode=KEYCODE_SHIFT_LEFT, scanCode=0, metaState=0, flags=0x0, repeatCount=0, eventTime=46353965, downTime=46353965, deviceId=-1, source=0x101 }
11-09 19:41:32.382  7215  7215 I Input   : injectKeyEvent: KeyEvent { action=ACTION_DOWN, keyCode=KEYCODE_E, scanCode=0, metaState=0, flags=0x0, repeatCount=0, eventTime=46353965, downTime=46353965, deviceId=-1, source=0x101 }
11-09 19:41:32.390  7215  7215 I Input   : injectKeyEvent: KeyEvent { action=ACTION_UP, keyCode=KEYCODE_E, scanCode=0, metaState=0, flags=0x0, repeatCount=0, eventTime=46353965, downTime=46353965, deviceId=-1, source=0x101 }
11-09 19:41:32.392  7215  7215 I Input   : injectKeyEvent: KeyEvent { action=ACTION_DOWN, keyCode=KEYCODE_S, scanCode=0, metaState=0, flags=0x0, repeatCount=0, eventTime=46353965, downTime=46353965, deviceId=-1, source=0x101 }
11-09 19:41:32.393  1751  1751 I native  : input-context-store.cc:113 Using roll back input context operation: [DecodeTouch] reason: client [7322] vs decoder [7323]
11-09 19:41:32.394  7215  7215 I Input   : injectKeyEvent: KeyEvent { action=ACTION_UP, keyCode=KEYCODE_S, scanCode=0, metaState=0, flags=0x0, repeatCount=0, eventTime=46353965, downTime=46353965, deviceId=-1, source=0x101 }
11-09 19:41:32.395  7215  7215 I Input   : injectKeyEvent: KeyEvent { action=ACTION_DOWN, keyCode=KEYCODE_T, scanCode=0, metaState=0, flags=0x0, repeatCount=0, eventTime=46353965, downTime=46353965, deviceId=-1, source=0x101 }
11-09 19:41:32.396  1751  1751 I native  : input-context-store.cc:113 Using roll back input context operation: [DecodeTouch] reason: client [7324] vs decoder [7325]
11-09 19:41:32.397  7215  7215 I Input   : injectKeyEvent: KeyEvent { action=ACTION_UP, keyCode=KEYCODE_T, scanCode=0, metaState=0, flags=0x0, repeatCount=0, eventTime=46353965, downTime=46353965, deviceId=-1, source=0x101 }
11-09 19:41:32.401  7215  7215 I Input   : injectKeyEvent: KeyEvent { action=ACTION_DOWN, keyCode=KEYCODE_SPACE, scanCode=0, metaState=0, flags=0x0, repeatCount=0, eventTime=46353965, downTime=46353965, deviceId=-1, source=0x101 }
11-09 19:41:32.410  7215  7215 I Input   : injectKeyEvent: KeyEvent { action=ACTION_UP, keyCode=KEYCODE_SPACE, scanCode=0, metaState=0, flags=0x0, repeatCount=0, eventTime=46353965, downTime=46353965, deviceId=-1, source=0x101 }
11-09 19:41:32.412  7215  7215 I Input   : injectKeyEvent: KeyEvent { action=ACTION_DOWN, keyCode=KEYCODE_SHIFT_LEFT, scanCode=0, metaState=META_SHIFT_ON|META_SHIFT_LEFT_ON, flags=0x0, repeatCount=0, eventTime=46353965, downTime=46353965, deviceId=-1, source=0x101 }
11-09 19:41:32.413  7215  7215 I Input   : injectKeyEvent: KeyEvent { action=ACTION_DOWN, keyCode=KEYCODE_T, scanCode=0, metaState=META_SHIFT_ON|META_SHIFT_LEFT_ON, flags=0x0, repeatCount=0, eventTime=46353965, downTime=46353965, deviceId=-1, source=0x101 }
11-09 19:41:32.414  1751  1751 I native  : input-context-store.cc:113 Using roll back input context operation: [DecodeTouch] reason: client [7328] vs decoder [7330]
11-09 19:41:32.415  7215  7215 I Input   : injectKeyEvent: KeyEvent { action=ACTION_UP, keyCode=KEYCODE_T, scanCode=0, metaState=META_SHIFT_ON|META_SHIFT_LEFT_ON, flags=0x0, repeatCount=0, eventTime=46353965, downTime=46353965, deviceId=-1, source=0x101 }
11-09 19:41:32.416  7215  7215 I Input   : injectKeyEvent: KeyEvent { action=ACTION_UP, keyCode=KEYCODE_SHIFT_LEFT, scanCode=0, metaState=0, flags=0x0, repeatCount=0, eventTime=46353965, downTime=46353965, deviceId=-1, source=0x101 }
11-09 19:41:32.418  7215  7215 I Input   : injectKeyEvent: KeyEvent { action=ACTION_DOWN, keyCode=KEYCODE_E, scanCode=0, metaState=0, flags=0x0, repeatCount=0, eventTime=46353965, downTime=46353965, deviceId=-1, source=0x101 }
11-09 19:41:32.425  1751  1751 I native  : input-context-store.cc:113 Using roll back input context operation: [DecodeTouch] reason: client [7331] vs decoder [7332]
11-09 19:41:32.426  7215  7215 I Input   : injectKeyEvent: KeyEvent { action=ACTION_UP, keyCode=KEYCODE_E, scanCode=0, metaState=0, flags=0x0, repeatCount=0, eventTime=46353965, downTime=46353965, deviceId=-1, source=0x101 }
11-09 19:41:32.428  7215  7215 I Input   : injectKeyEvent: KeyEvent { action=ACTION_DOWN, keyCode=KEYCODE_S, scanCode=0, metaState=0, flags=0x0, repeatCount=0, eventTime=46353965, downTime=46353965, deviceId=-1, source=0x101 }
11-09 19:41:32.429  7215  7215 I Input   : injectKeyEvent: KeyEvent { action=ACTION_UP, keyCode=KEYCODE_S, scanCode=0, metaState=0, flags=0x0, repeatCount=0, eventTime=46353965, downTime=46353965, deviceId=-1, source=0x101 }
11-09 19:41:32.430  7215  7215 I Input   : injectKeyEvent: KeyEvent { action=ACTION_DOWN, keyCode=KEYCODE_T, scanCode=0, metaState=0, flags=0x0, repeatCount=0, eventTime=46353965, downTime=46353965, deviceId=-1, source=0x101 }
11-09 19:41:32.431  1751  1751 I native  : input-context-store.cc:113 Using roll back input context operation: [DecodeTouch] reason: client [7335] vs decoder [7336]
11-09 19:41:32.432  7215  7215 I Input   : injectKeyEvent: KeyEvent { action=ACTION_UP, keyCode=KEYCODE_T, scanCode=0, metaState=0, flags=0x0, repeatCount=0, eventTime=46353965, downTime=46353965, deviceId=-1, source=0x101 }
11-09 19:41:32.433  7215  7215 D AndroidRuntime: Shutting down VM
11-09 19:41:32.484  1751  1751 W LstmExtension: no lmDescriptor could be found for en_US/20170411
11-09 19:41:32.494  1751  1751 W LstmExtension: no lmDescriptor could be found for en_US/20170411
11-09 19:41:32.637  7230  7230 D AndroidRuntime: >>>>>> START com.android.internal.os.RuntimeInit uid 2000 <<<<<<
11-09 19:41:32.639  7230  7230 W app_process: Could not reserve sentinel fault page
11-09 19:41:32.670  7230  7230 W app_process: Unexpected CPU variant for X86 using defaults: x86
11-09 19:41:32.671  7230  7230 I app_process: The ClassLoaderContext is a special shared library.
11-09 19:41:32.683  7230  7230 D AndroidRuntime: Calling main entry com.android.commands.input.Input
11-09 19:41:32.685  7230  7230 I Input   : injectKeyEvent: KeyEvent { action=ACTION_DOWN, keyCode=KEYCODE_ESCAPE, scanCode=0, metaState=0, flags=0x0, repeatCount=0, eventTime=46354361, downTime=46354361, deviceId=-1, source=0x101 }
11-09 19:41:32.688  7230  7230 I Input   : injectKeyEvent: KeyEvent { action=ACTION_UP, keyCode=KEYCODE_ESCAPE, scanCode=0, metaState=0, flags=0x0, repeatCount=0, eventTime=46354361, downTime=46354361, deviceId=-1, source=0x101 }
11-09 19:41:32.692  7230  7230 D AndroidRuntime: Shutting down VM
11-09 19:41:32.696  1751  9832 D EGL_emulation: eglMakeCurrent: 0xd80d37c0: ver 3 0 (tinfo 0xd6830cf0)
11-09 19:41:32.899  1440 24859 D gralloc_ranchu: gralloc_unregister_buffer: exiting HostConnection (is buffer-handling thread)
11-09 19:41:32.900  1440 24859 D         : HostConnection::get() New Host Connection established 0xf1a23600, tid 24859
11-09 19:41:32.900  1440 24859 D gralloc_ranchu: gralloc_unregister_buffer: exiting HostConnection (is buffer-handling thread)
11-09 19:41:32.900  1440 24859 D         : HostConnection::get() New Host Connection established 0xf1a23600, tid 24859
11-09 19:41:32.900  1440 24859 D gralloc_ranchu: gralloc_unregister_buffer: exiting HostConnection (is buffer-handling thread)
11-09 19:41:32.901  1440 24859 D         : HostConnection::get() New Host Connection established 0xf1a23600, tid 24859
11-09 19:41:32.901  1440 24859 D gralloc_ranchu: gralloc_unregister_buffer: exiting HostConnection (is buffer-handling thread)
11-09 19:41:32.902  1440 24859 D         : HostConnection::get() New Host Connection established 0xf1a23600, tid 24859
11-09 19:41:32.902  1440 24859 D gralloc_ranchu: gralloc_unregister_buffer: exiting HostConnection (is buffer-handling thread)
11-09 19:41:32.903  1440 24859 D         : HostConnection::get() New Host Connection established 0xf1a23600, tid 24859
11-09 19:41:32.904  1440 24859 D gralloc_ranchu: gralloc_unregister_buffer: exiting HostConnection (is buffer-handling thread)
11-09 19:41:32.909  1440 24859 D         : HostConnection::get() New Host Connection established 0xf1a23600, tid 24859
11-09 19:41:34.346  1450  1502 E SurfaceFlinger: ro.sf.lcd_density must be defined as a build property
11-09 19:41:34.353  1439  1481 D gralloc_ranchu: gralloc_alloc: Creating ashmem region of size 8298496
11-09 19:41:34.358  7245  7245 D         : HostConnection::get() New Host Connection established 0xf16c8240, tid 7245
11-09 19:41:34.364  1450  1502 D gralloc_ranchu: gralloc_unregister_buffer: exiting HostConnection (is buffer-handling thread)
11-09 19:41:34.364  1450  1502 D         : HostConnection::get() New Host Connection established 0xe85d4c00, tid 1502
11-09 19:41:34.364  1450  1502 D gralloc_ranchu: gralloc_unregister_buffer: exiting HostConnection (is buffer-handling thread)
11-09 19:41:34.494  4290  4290 D MediaScannerReceiver: action: android.intent.action.MEDIA_SCANNER_SCAN_FILE path: /storage/emulated/0/screen.png
11-09 19:41:35.834  1447  1447 I boot-pipe: done populating /dev/random
11-09 19:44:13.113 18399 18437 I chatty  : uid=10275(u0_a275) org.gnucash.android expire 19 lines
11-09 19:44:14.458 18399 18437 D EGL_emulation: eglMakeCurrent: 0xebe85dc0: ver 3 0 (tinfo 0xd7c46cf0)
11-09 19:44:16.477  1751  1751 W LstmExtension: no lmDescriptor could be found for en_US/20170411
11-09 19:44:16.478  1751  1751 W LstmExtension: no lmDescriptor could be found for en_US/20170411
11-09 19:44:16.666  8980  8980 D AndroidRuntime: >>>>>> START com.android.internal.os.RuntimeInit uid 2000 <<<<<<
11-09 19:44:16.669  8980  8980 W app_process: Could not reserve sentinel fault page
11-09 19:44:16.713  8980  8980 W app_process: Unexpected CPU variant for X86 using defaults: x86
11-09 19:44:16.715  8980  8980 I app_process: The ClassLoaderContext is a special shared library.
11-09 19:44:16.716  8980  8980 I app_process: The ClassLoaderContext is a special shared library.
11-09 19:44:16.731  8980  8980 D AndroidRuntime: Calling main entry com.android.commands.uiautomator.Launcher
11-09 19:44:17.759  8980  8980 W AccessibilityNodeInfoDumper: Fetch time: 4ms
11-09 19:44:17.759  1649  7927 W WindowManager: removeWindowToken: Attempted to remove non-existing token: android.os.Binder@d3aa708
11-09 19:44:17.769  8980  8980 D AndroidRuntime: Shutting down VM
11-09 19:44:18.618  9009  9009 D AndroidRuntime: >>>>>> START com.android.internal.os.RuntimeInit uid 2000 <<<<<<
11-09 19:44:18.652  9009  9009 W app_process: Unexpected CPU variant for X86 using defaults: x86
11-09 19:44:18.652  9009  9009 I app_process: The ClassLoaderContext is a special shared library.
11-09 19:44:18.652  9009  9009 I app_process: The ClassLoaderContext is a special shared library.
11-09 19:44:18.668  9009  9009 D AndroidRuntime: Calling main entry com.android.commands.uiautomator.Launcher
11-09 19:44:19.686  9009  9009 W AccessibilityNodeInfoDumper: Fetch time: 3ms
11-09 19:44:19.686  1649  7927 W WindowManager: removeWindowToken: Attempted to remove non-existing token: android.os.Binder@c7568c6
11-09 19:44:19.694  9009  9009 D AndroidRuntime: Shutting down VM
11-09 19:44:19.909  9027  9027 D AndroidRuntime: >>>>>> START com.android.internal.os.RuntimeInit uid 2000 <<<<<<
11-09 19:44:19.940  9027  9027 W app_process: Unexpected CPU variant for X86 using defaults: x86
11-09 19:44:19.941  9027  9027 I app_process: The ClassLoaderContext is a special shared library.
11-09 19:44:19.941  9027  9027 I app_process: The ClassLoaderContext is a special shared library.
11-09 19:44:19.952  9027  9027 D AndroidRuntime: Calling main entry com.android.commands.uiautomator.Launcher
11-09 19:44:20.970  9027  9027 W AccessibilityNodeInfoDumper: Fetch time: 2ms
11-09 19:44:20.972  1649  2582 W WindowManager: removeWindowToken: Attempted to remove non-existing token: android.os.Binder@a572bb4
11-09 19:44:20.979  9027  9027 D AndroidRuntime: Shutting down VM
11-09 19:44:21.080  2051  9042 E memtrack: Couldn't load memtrack module
11-09 19:44:21.080  2051  9042 W android.os.Debug: failed to get memory consumption info: -1
11-09 19:44:21.824  9056  9056 D AndroidRuntime: >>>>>> START com.android.internal.os.RuntimeInit uid 2000 <<<<<<
11-09 19:44:21.853  9056  9056 W app_process: Unexpected CPU variant for X86 using defaults: x86
11-09 19:44:21.854  9056  9056 I app_process: The ClassLoaderContext is a special shared library.
11-09 19:44:21.854  9056  9056 I app_process: The ClassLoaderContext is a special shared library.
11-09 19:44:21.868  9056  9056 D AndroidRuntime: Calling main entry com.android.commands.uiautomator.Launcher
11-09 19:44:22.886  9056  9056 W AccessibilityNodeInfoDumper: Fetch time: 4ms
11-09 19:44:22.886  1649  4108 W WindowManager: removeWindowToken: Attempted to remove non-existing token: android.os.Binder@1cf4b52
11-09 19:44:22.894  9056  9056 D AndroidRuntime: Shutting down VM
11-09 19:44:23.812  9092  9092 D AndroidRuntime: >>>>>> START com.android.internal.os.RuntimeInit uid 2000 <<<<<<
11-09 19:44:23.847  9092  9092 W app_process: Unexpected CPU variant for X86 using defaults: x86
11-09 19:44:23.848  9092  9092 I app_process: The ClassLoaderContext is a special shared library.
11-09 19:44:23.849  9092  9092 I app_process: The ClassLoaderContext is a special shared library.
11-09 19:44:23.865  9092  9092 D AndroidRuntime: Calling main entry com.android.commands.uiautomator.Launcher
11-09 19:44:24.886  9092  9092 W AccessibilityNodeInfoDumper: Fetch time: 4ms
11-09 19:44:24.886  1649  2289 W WindowManager: removeWindowToken: Attempted to remove non-existing token: android.os.Binder@3154f20
11-09 19:44:24.894  9092  9092 D AndroidRuntime: Shutting down VM
11-09 19:44:25.071  1450  1750 E SurfaceFlinger: ro.sf.lcd_density must be defined as a build property
11-09 19:44:25.078  1439  1480 D gralloc_ranchu: gralloc_alloc: Creating ashmem region of size 8298496
11-09 19:44:25.082  9109  9109 D         : HostConnection::get() New Host Connection established 0xebb48240, tid 9109
11-09 19:44:25.097  1450  1750 D gralloc_ranchu: gralloc_unregister_buffer: exiting HostConnection (is buffer-handling thread)
11-09 19:44:25.098  1450  1750 D         : HostConnection::get() New Host Connection established 0xe80a1b80, tid 1750
11-09 19:44:25.098  1450  1750 D gralloc_ranchu: gralloc_unregister_buffer: exiting HostConnection (is buffer-handling thread)
11-09 19:44:25.243  4290  4290 D MediaScannerReceiver: action: android.intent.action.MEDIA_SCANNER_SCAN_FILE path: /storage/emulated/0/screen.png
11-09 19:44:25.809  2181  9118 E memtrack: Couldn't load memtrack module
11-09 19:44:25.809  2181  9118 W android.os.Debug: failed to get memory consumption info: -1
11-09 19:44:27.641  9122  9122 D AndroidRuntime: >>>>>> START com.android.internal.os.RuntimeInit uid 2000 <<<<<<
11-09 19:44:27.643  9122  9122 W app_process: Could not reserve sentinel fault page
11-09 19:44:27.672  9122  9122 W app_process: Unexpected CPU variant for X86 using defaults: x86
11-09 19:44:27.673  9122  9122 I app_process: The ClassLoaderContext is a special shared library.
11-09 19:44:27.673  9122  9122 I app_process: The ClassLoaderContext is a special shared library.
11-09 19:44:27.686  9122  9122 D AndroidRuntime: Calling main entry com.android.commands.uiautomator.Launcher
11-09 19:44:28.709  9122  9122 W AccessibilityNodeInfoDumper: Fetch time: 3ms
11-09 19:44:28.709  1649  2289 W WindowManager: removeWindowToken: Attempted to remove non-existing token: android.os.Binder@7d03d4c
11-09 19:44:28.718  9122  9122 D AndroidRuntime: Shutting down VM
11-09 19:44:30.941  9139  9139 D AndroidRuntime: >>>>>> START com.android.internal.os.RuntimeInit uid 2000 <<<<<<
11-09 19:44:30.972  9139  9139 W app_process: Unexpected CPU variant for X86 using defaults: x86
11-09 19:44:30.973  9139  9139 I app_process: The ClassLoaderContext is a special shared library.
11-09 19:44:30.973  9139  9139 I app_process: The ClassLoaderContext is a special shared library.
11-09 19:44:30.988  9139  9139 D AndroidRuntime: Calling main entry com.android.commands.uiautomator.Launcher
11-09 19:44:32.008  9139  9139 W AccessibilityNodeInfoDumper: Fetch time: 3ms
11-09 19:44:32.008  1649  2289 W WindowManager: removeWindowToken: Attempted to remove non-existing token: android.os.Binder@85f4e9b
11-09 19:44:32.018  9139  9139 D AndroidRuntime: Shutting down VM
11-09 19:44:32.258  9156  9156 D AndroidRuntime: >>>>>> START com.android.internal.os.RuntimeInit uid 2000 <<<<<<
11-09 19:44:32.290  9156  9156 W app_process: Unexpected CPU variant for X86 using defaults: x86
11-09 19:44:32.291  9156  9156 I app_process: The ClassLoaderContext is a special shared library.
11-09 19:44:32.291  9156  9156 I app_process: The ClassLoaderContext is a special shared library.
11-09 19:44:32.304  9156  9156 D AndroidRuntime: Calling main entry com.android.commands.uiautomator.Launcher
11-09 19:44:33.317  9156  9156 W AccessibilityNodeInfoDumper: Fetch time: 2ms
11-09 19:44:33.318  1649 27082 W WindowManager: removeWindowToken: Attempted to remove non-existing token: android.os.Binder@c529211
11-09 19:44:33.325  9156  9156 D AndroidRuntime: Shutting down VM
11-09 19:44:33.445  1649  4108 D WificondControl: Scan result ready event
11-09 19:44:33.537  9173  9173 D AndroidRuntime: >>>>>> START com.android.internal.os.RuntimeInit uid 2000 <<<<<<
11-09 19:44:33.539  9173  9173 W app_process: Could not reserve sentinel fault page
11-09 19:44:33.569  9173  9173 W app_process: Unexpected CPU variant for X86 using defaults: x86
11-09 19:44:33.570  9173  9173 I app_process: The ClassLoaderContext is a special shared library.
11-09 19:44:33.570  9173  9173 I app_process: The ClassLoaderContext is a special shared library.
11-09 19:44:33.582  9173  9173 D AndroidRuntime: Calling main entry com.android.commands.uiautomator.Launcher
11-09 19:44:34.603  9173  9173 W AccessibilityNodeInfoDumper: Fetch time: 3ms
11-09 19:44:34.604  1649  4905 W WindowManager: removeWindowToken: Attempted to remove non-existing token: android.os.Binder@e5a3977
11-09 19:44:34.613  9173  9173 D AndroidRuntime: Shutting down VM
11-09 19:44:34.865  9195  9195 D AndroidRuntime: >>>>>> START com.android.internal.os.RuntimeInit uid 2000 <<<<<<
11-09 19:44:34.896  9195  9195 W app_process: Unexpected CPU variant for X86 using defaults: x86
11-09 19:44:34.897  9195  9195 I app_process: The ClassLoaderContext is a special shared library.
11-09 19:44:34.897  9195  9195 I app_process: The ClassLoaderContext is a special shared library.
11-09 19:44:34.912  9195  9195 D AndroidRuntime: Calling main entry com.android.commands.uiautomator.Launcher
11-09 19:44:35.841  1447  1447 I boot-pipe: done populating /dev/random
11-09 19:44:35.930  9195  9195 W AccessibilityNodeInfoDumper: Fetch time: 3ms
11-09 19:44:35.931  1649  2289 W WindowManager: removeWindowToken: Attempted to remove non-existing token: android.os.Binder@8bd3e4d
11-09 19:46:21.514  1751  1751 W LstmExtension: no lmDescriptor could be found for en_US/20170411
11-09 19:46:21.515  1751  1751 W LstmExtension: no lmDescriptor could be found for en_US/20170411
11-09 19:46:21.690 10326 10326 D AndroidRuntime: >>>>>> START com.android.internal.os.RuntimeInit uid 2000 <<<<<<
11-09 19:46:21.721 10326 10326 W app_process: Unexpected CPU variant for X86 using defaults: x86
11-09 19:46:21.722 10326 10326 I app_process: The ClassLoaderContext is a special shared library.
11-09 19:46:21.722 10326 10326 I app_process: The ClassLoaderContext is a special shared library.
11-09 19:46:21.736 10326 10326 D AndroidRuntime: Calling main entry com.android.commands.uiautomator.Launcher
11-09 19:46:22.760 10326 10326 I app_process: Deoptimizing java.lang.String com.android.uiautomator.core.AccessibilityNodeInfoDumper.stripInvalidXMLChars(java.lang.CharSequence) due to JIT inline cache
11-09 19:46:22.763 10326 10326 W AccessibilityNodeInfoDumper: Fetch time: 7ms
11-09 19:46:22.764  1649  4905 W WindowManager: removeWindowToken: Attempted to remove non-existing token: android.os.Binder@b3287a8
11-09 19:46:22.770 10326 10326 D AndroidRuntime: Shutting down VM
11-09 19:46:23.607 10354 10354 D AndroidRuntime: >>>>>> START com.android.internal.os.RuntimeInit uid 2000 <<<<<<
11-09 19:46:23.609 10354 10354 W app_process: Could not reserve sentinel fault page
11-09 19:46:23.639 10354 10354 W app_process: Unexpected CPU variant for X86 using defaults: x86
11-09 19:46:23.640 10354 10354 I app_process: The ClassLoaderContext is a special shared library.
11-09 19:46:23.640 10354 10354 I app_process: The ClassLoaderContext is a special shared library.
11-09 19:46:23.652 10354 10354 D AndroidRuntime: Calling main entry com.android.commands.uiautomator.Launcher
11-09 19:46:24.676 10354 10354 I app_process: Deoptimizing java.lang.String com.android.uiautomator.core.AccessibilityNodeInfoDumper.stripInvalidXMLChars(java.lang.CharSequence) due to JIT inline cache
11-09 19:46:24.680 10354 10354 W AccessibilityNodeInfoDumper: Fetch time: 6ms
11-09 19:46:24.680  1649 27082 W WindowManager: removeWindowToken: Attempted to remove non-existing token: android.os.Binder@980ca66
11-09 19:46:24.686 10354 10354 D AndroidRuntime: Shutting down VM
11-09 19:46:24.904 10372 10372 D AndroidRuntime: >>>>>> START com.android.internal.os.RuntimeInit uid 2000 <<<<<<
11-09 19:46:24.938 10372 10372 W app_process: Unexpected CPU variant for X86 using defaults: x86
11-09 19:46:24.939 10372 10372 I app_process: The ClassLoaderContext is a special shared library.
11-09 19:46:24.939 10372 10372 I app_process: The ClassLoaderContext is a special shared library.
11-09 19:46:24.951 10372 10372 D AndroidRuntime: Calling main entry com.android.commands.uiautomator.Launcher
11-09 19:46:25.599  1649  1663 E memtrack: Couldn't load memtrack module
11-09 19:46:25.599  1649  1663 W android.os.Debug: failed to get memory consumption info: -1
11-09 19:46:25.977 10372 10372 I app_process: Deoptimizing java.lang.String com.android.uiautomator.core.AccessibilityNodeInfoDumper.stripInvalidXMLChars(java.lang.CharSequence) due to JIT inline cache
11-09 19:46:25.981 10372 10372 W AccessibilityNodeInfoDumper: Fetch time: 8ms
11-09 19:46:25.981  1649  2582 W WindowManager: removeWindowToken: Attempted to remove non-existing token: android.os.Binder@3fc7654
11-09 19:46:25.989 10372 10372 D AndroidRuntime: Shutting down VM
11-09 19:46:26.829 10400 10400 D AndroidRuntime: >>>>>> START com.android.internal.os.RuntimeInit uid 2000 <<<<<<
11-09 19:46:26.860 10400 10400 W app_process: Unexpected CPU variant for X86 using defaults: x86
11-09 19:46:26.861 10400 10400 I app_process: The ClassLoaderContext is a special shared library.
11-09 19:46:26.861 10400 10400 I app_process: The ClassLoaderContext is a special shared library.
11-09 19:46:26.875 10400 10400 D AndroidRuntime: Calling main entry com.android.commands.uiautomator.Launcher
11-09 19:46:27.899 10400 10400 I app_process: Deoptimizing java.lang.String com.android.uiautomator.core.AccessibilityNodeInfoDumper.stripInvalidXMLChars(java.lang.CharSequence) due to JIT inline cache
11-09 19:46:27.902 10400 10400 W AccessibilityNodeInfoDumper: Fetch time: 5ms
11-09 19:46:27.904  1649  2582 W WindowManager: removeWindowToken: Attempted to remove non-existing token: android.os.Binder@ebf26f2
11-09 19:46:27.909 10400 10400 D AndroidRuntime: Shutting down VM
11-09 19:46:28.821 10435 10435 D AndroidRuntime: >>>>>> START com.android.internal.os.RuntimeInit uid 2000 <<<<<<
11-09 19:46:28.823 10435 10435 W app_process: Could not reserve sentinel fault page
11-09 19:46:28.858 10435 10435 W app_process: Unexpected CPU variant for X86 using defaults: x86
11-09 19:46:28.860 10435 10435 I app_process: The ClassLoaderContext is a special shared library.
11-09 19:46:28.860 10435 10435 I app_process: The ClassLoaderContext is a special shared library.
11-09 19:46:28.875 10435 10435 D AndroidRuntime: Calling main entry com.android.commands.uiautomator.Launcher
11-09 19:46:29.902 10435 10435 I app_process: Deoptimizing java.lang.String com.android.uiautomator.core.AccessibilityNodeInfoDumper.stripInvalidXMLChars(java.lang.CharSequence) due to JIT inline cache
11-09 19:46:29.906 10435 10435 W AccessibilityNodeInfoDumper: Fetch time: 7ms
11-09 19:46:29.906  1649 27082 W WindowManager: removeWindowToken: Attempted to remove non-existing token: android.os.Binder@6d4a3c0
11-09 19:46:29.913 10435 10435 D AndroidRuntime: Shutting down VM
11-09 19:46:30.093  1450  1472 E SurfaceFlinger: ro.sf.lcd_density must be defined as a build property
11-09 19:46:30.101  1439  1480 D gralloc_ranchu: gralloc_alloc: Creating ashmem region of size 8298496
11-09 19:46:30.108 10452 10452 D         : HostConnection::get() New Host Connection established 0xed1c8240, tid 10452
11-09 19:46:30.119  1450  1472 D         : HostConnection::get() New Host Connection established 0xe80a1e40, tid 1472
11-09 19:46:30.125  1450  1472 D gralloc_ranchu: gralloc_unregister_buffer: exiting HostConnection (is buffer-handling thread)
11-09 19:46:30.125  1450  1472 D         : HostConnection::get() New Host Connection established 0xe80a1e40, tid 1472
11-09 19:46:30.125  1450  1472 D gralloc_ranchu: gralloc_unregister_buffer: exiting HostConnection (is buffer-handling thread)
11-09 19:46:30.260  4290  4290 D MediaScannerReceiver: action: android.intent.action.MEDIA_SCANNER_SCAN_FILE path: /storage/emulated/0/screen.png
11-09 19:46:32.661 10464 10464 D AndroidRuntime: >>>>>> START com.android.internal.os.RuntimeInit uid 2000 <<<<<<
11-09 19:46:32.662 10464 10464 W app_process: Could not reserve sentinel fault page
11-09 19:46:32.690 10464 10464 W app_process: Unexpected CPU variant for X86 using defaults: x86
11-09 19:46:32.691 10464 10464 I app_process: The ClassLoaderContext is a special shared library.
11-09 19:46:32.692 10464 10464 I app_process: The ClassLoaderContext is a special shared library.
11-09 19:46:32.704 10464 10464 D AndroidRuntime: Calling main entry com.android.commands.uiautomator.Launcher
11-09 19:46:33.729 10464 10464 W AccessibilityNodeInfoDumper: Fetch time: 8ms
11-09 19:46:33.730  1649  2582 W WindowManager: removeWindowToken: Attempted to remove non-existing token: android.os.Binder@e403bec
11-09 19:46:33.738 10464 10464 D AndroidRuntime: Shutting down VM
11-09 19:46:35.844  1447  1447 I boot-pipe: done populating /dev/random
11-09 19:59:10.364 17953 17981 I chatty  : uid=10277(u0_a277) /system/bin/screencap expire 2 lines
11-09 19:59:10.364 17953 17981 E eglCodecCommon: glUtilsParamSize: unknow param 0x000085b5
11-09 19:59:13.950  1751  1751 W LstmExtension: no lmDescriptor could be found for en_US/20170411
11-09 19:59:13.951  1751  1751 W LstmExtension: no lmDescriptor could be found for en_US/20170411
11-09 19:59:14.122 19396 19396 D AndroidRuntime: >>>>>> START com.android.internal.os.RuntimeInit uid 2000 <<<<<<
11-09 19:59:14.153 19396 19396 W app_process: Unexpected CPU variant for X86 using defaults: x86
11-09 19:59:14.154 19396 19396 I app_process: The ClassLoaderContext is a special shared library.
11-09 19:59:14.154 19396 19396 I app_process: The ClassLoaderContext is a special shared library.
11-09 19:59:14.169 19396 19396 D AndroidRuntime: Calling main entry com.android.commands.uiautomator.Launcher
11-09 19:59:15.202 19396 19396 I app_process: Deoptimizing java.lang.String com.android.uiautomator.core.AccessibilityNodeInfoDumper.stripInvalidXMLChars(java.lang.CharSequence) due to JIT inline cache
11-09 19:59:15.359 19396 19396 I AccessibilityNodeInfoDumper: Skipping invisible child: android.view.accessibility.AccessibilityNodeInfo@4c6c5; boundsInParent: Rect(0, 0 - 1080, 1458); boundsInScreen: Rect(1080, 336 - 1080, 1794); packageName: com.hexforhn.hex; className: android.view.ViewGroup; text: null; error: null; maxTextLength: -1; contentDescription: null; viewIdResName: com.hexforhn.hex:id/comment_layout; checkable: false; checked: false; focusable: false; focused: false; selected: false; clickable: false; longClickable: false; contextClickable: false; enabled: true; password: false; scrollable: false; importantForAccessibility: false; actions: [AccessibilityAction: ACTION_SELECT - null, AccessibilityAction: ACTION_CLEAR_SELECTION - null, AccessibilityAction: ACTION_ACCESSIBILITY_FOCUS - null, AccessibilityAction: ACTION_SHOW_ON_SCREEN - null]
11-09 19:59:15.362 19396 19396 W AccessibilityNodeInfoDumper: Fetch time: 164ms
11-09 19:59:15.364  1649 27081 W WindowManager: removeWindowToken: Attempted to remove non-existing token: android.os.Binder@2977498
11-09 19:59:15.385 19396 19396 D AndroidRuntime: Shutting down VM
11-09 19:59:16.320 19424 19424 D AndroidRuntime: >>>>>> START com.android.internal.os.RuntimeInit uid 2000 <<<<<<
11-09 19:59:16.365 19424 19424 W app_process: Unexpected CPU variant for X86 using defaults: x86
11-09 19:59:16.367 19424 19424 I app_process: The ClassLoaderContext is a special shared library.
11-09 19:59:16.367 19424 19424 I app_process: The ClassLoaderContext is a special shared library.
11-09 19:59:16.382 19424 19424 D AndroidRuntime: Calling main entry com.android.commands.uiautomator.Launcher
11-09 19:59:17.420 19424 19424 I app_process: Deoptimizing java.lang.String com.android.uiautomator.core.AccessibilityNodeInfoDumper.stripInvalidXMLChars(java.lang.CharSequence) due to JIT inline cache
11-09 19:59:17.494 19424 19424 I AccessibilityNodeInfoDumper: Skipping invisible child: android.view.accessibility.AccessibilityNodeInfo@4c6d1; boundsInParent: Rect(0, 0 - 1080, 1458); boundsInScreen: Rect(1080, 336 - 1080, 1794); packageName: com.hexforhn.hex; className: android.view.ViewGroup; text: null; error: null; maxTextLength: -1; contentDescription: null; viewIdResName: com.hexforhn.hex:id/comment_layout; checkable: false; checked: false; focusable: false; focused: false; selected: false; clickable: false; longClickable: false; contextClickable: false; enabled: true; password: false; scrollable: false; importantForAccessibility: false; actions: [AccessibilityAction: ACTION_SELECT - null, AccessibilityAction: ACTION_CLEAR_SELECTION - null, AccessibilityAction: ACTION_ACCESSIBILITY_FOCUS - null, AccessibilityAction: ACTION_SHOW_ON_SCREEN - null]
11-09 19:59:17.494 19424 19424 W AccessibilityNodeInfoDumper: Fetch time: 77ms
11-09 19:59:17.495  1649  7927 W WindowManager: removeWindowToken: Attempted to remove non-existing token: android.os.Binder@84e58d6
11-09 19:59:17.502 19424 19424 D AndroidRuntime: Shutting down VM
11-09 19:59:17.717 19442 19442 D AndroidRuntime: >>>>>> START com.android.internal.os.RuntimeInit uid 2000 <<<<<<
11-09 19:59:17.719 19442 19442 W app_process: Could not reserve sentinel fault page
11-09 19:59:17.751 19442 19442 W app_process: Unexpected CPU variant for X86 using defaults: x86
11-09 19:59:17.752 19442 19442 I app_process: The ClassLoaderContext is a special shared library.
11-09 19:59:17.752 19442 19442 I app_process: The ClassLoaderContext is a special shared library.
11-09 19:59:17.766 19442 19442 D AndroidRuntime: Calling main entry com.android.commands.uiautomator.Launcher
11-09 19:59:18.452  1649  1667 I WifiService: requestActivityInfo uid=1000
11-09 19:59:18.452  1649  1667 I WifiService: reportActivityInfo uid=1000
11-09 19:59:18.452  1649  1667 I WifiService: getSupportedFeatures uid=1000
11-09 19:59:18.800 19442 19442 I app_process: Deoptimizing java.lang.String com.android.uiautomator.core.AccessibilityNodeInfoDumper.stripInvalidXMLChars(java.lang.CharSequence) due to JIT inline cache
11-09 19:59:18.871 19442 19442 I AccessibilityNodeInfoDumper: Skipping invisible child: android.view.accessibility.AccessibilityNodeInfo@4c6e4; boundsInParent: Rect(0, 0 - 1080, 1458); boundsInScreen: Rect(1080, 336 - 1080, 1794); packageName: com.hexforhn.hex; className: android.view.ViewGroup; text: null; error: null; maxTextLength: -1; contentDescription: null; viewIdResName: com.hexforhn.hex:id/comment_layout; checkable: false; checked: false; focusable: false; focused: false; selected: false; clickable: false; longClickable: false; contextClickable: false; enabled: true; password: false; scrollable: false; importantForAccessibility: false; actions: [AccessibilityAction: ACTION_SELECT - null, AccessibilityAction: ACTION_CLEAR_SELECTION - null, AccessibilityAction: ACTION_ACCESSIBILITY_FOCUS - null, AccessibilityAction: ACTION_SHOW_ON_SCREEN - null]
11-09 19:59:18.872 19442 19442 W AccessibilityNodeInfoDumper: Fetch time: 76ms
11-09 19:59:18.872  1649  3343 W WindowManager: removeWindowToken: Attempted to remove non-existing token: android.os.Binder@db4244
11-09 19:59:18.877 19442 19442 D AndroidRuntime: Shutting down VM
11-09 19:59:19.718 19471 19471 D AndroidRuntime: >>>>>> START com.android.internal.os.RuntimeInit uid 2000 <<<<<<
11-09 19:59:19.750 19471 19471 W app_process: Unexpected CPU variant for X86 using defaults: x86
11-09 19:59:19.751 19471 19471 I app_process: The ClassLoaderContext is a special shared library.
11-09 19:59:19.751 19471 19471 I app_process: The ClassLoaderContext is a special shared library.
11-09 19:59:19.765 19471 19471 D AndroidRuntime: Calling main entry com.android.commands.uiautomator.Launcher
11-09 19:59:20.792 19471 19471 I app_process: Deoptimizing java.lang.String com.android.uiautomator.core.AccessibilityNodeInfoDumper.stripInvalidXMLChars(java.lang.CharSequence) due to JIT inline cache
11-09 19:59:20.860 19471 19471 I AccessibilityNodeInfoDumper: Skipping invisible child: android.view.accessibility.AccessibilityNodeInfo@4c6ee; boundsInParent: Rect(0, 0 - 1080, 1458); boundsInScreen: Rect(1080, 336 - 1080, 1794); packageName: com.hexforhn.hex; className: android.view.ViewGroup; text: null; error: null; maxTextLength: -1; contentDescription: null; viewIdResName: com.hexforhn.hex:id/comment_layout; checkable: false; checked: false; focusable: false; focused: false; selected: false; clickable: false; longClickable: false; contextClickable: false; enabled: true; password: false; scrollable: false; importantForAccessibility: false; actions: [AccessibilityAction: ACTION_SELECT - null, AccessibilityAction: ACTION_CLEAR_SELECTION - null, AccessibilityAction: ACTION_ACCESSIBILITY_FOCUS - null, AccessibilityAction: ACTION_SHOW_ON_SCREEN - null]
11-09 19:59:20.860 19471 19471 W AccessibilityNodeInfoDumper: Fetch time: 72ms
11-09 19:59:20.860  1649  3343 W WindowManager: removeWindowToken: Attempted to remove non-existing token: android.os.Binder@aaf2c62
11-09 19:59:20.865 19471 19471 D AndroidRuntime: Shutting down VM
11-09 19:59:21.225  2051 19498 E memtrack: Couldn't load memtrack module
11-09 19:59:21.226  2051 19498 W android.os.Debug: failed to get memory consumption info: -1
11-09 19:59:21.763 19507 19507 D AndroidRuntime: >>>>>> START com.android.internal.os.RuntimeInit uid 2000 <<<<<<
11-09 19:59:21.793 19507 19507 W app_process: Unexpected CPU variant for X86 using defaults: x86
11-09 19:59:21.794 19507 19507 I app_process: The ClassLoaderContext is a special shared library.
11-09 19:59:21.794 19507 19507 I app_process: The ClassLoaderContext is a special shared library.
11-09 19:59:21.807 19507 19507 D AndroidRuntime: Calling main entry com.android.commands.uiautomator.Launcher
11-09 19:59:22.830 19507 19507 I app_process: Deoptimizing java.lang.String com.android.uiautomator.core.AccessibilityNodeInfoDumper.stripInvalidXMLChars(java.lang.CharSequence) due to JIT inline cache
11-09 19:59:22.901 19507 19507 I AccessibilityNodeInfoDumper: Skipping invisible child: android.view.accessibility.AccessibilityNodeInfo@4c6fd; boundsInParent: Rect(0, 0 - 1080, 1458); boundsInScreen: Rect(1080, 336 - 1080, 1794); packageName: com.hexforhn.hex; className: android.view.ViewGroup; text: null; error: null; maxTextLength: -1; contentDescription: null; viewIdResName: com.hexforhn.hex:id/comment_layout; checkable: false; checked: false; focusable: false; focused: false; selected: false; clickable: false; longClickable: false; contextClickable: false; enabled: true; password: false; scrollable: false; importantForAccessibility: false; actions: [AccessibilityAction: ACTION_SELECT - null, AccessibilityAction: ACTION_CLEAR_SELECTION - null, AccessibilityAction: ACTION_ACCESSIBILITY_FOCUS - null, AccessibilityAction: ACTION_SHOW_ON_SCREEN - null]
11-09 19:59:22.902 19507 19507 W AccessibilityNodeInfoDumper: Fetch time: 75ms
11-09 19:59:22.902  1649  1800 W WindowManager: removeWindowToken: Attempted to remove non-existing token: android.os.Binder@6c3eb0
11-09 19:59:22.909 19507 19507 D AndroidRuntime: Shutting down VM
11-09 19:59:23.089  1450  1502 E SurfaceFlinger: ro.sf.lcd_density must be defined as a build property
11-09 19:59:23.096  1439  1480 D gralloc_ranchu: gralloc_alloc: Creating ashmem region of size 8298496
11-09 19:59:23.101 19523 19523 D         : HostConnection::get() New Host Connection established 0xe6fc8240, tid 19523
11-09 19:59:23.111  1450  1502 D         : HostConnection::get() New Host Connection established 0xe85d4c40, tid 1502
11-09 19:59:23.115  1450  1502 D gralloc_ranchu: gralloc_unregister_buffer: exiting HostConnection (is buffer-handling thread)
11-09 19:59:23.116  1450  1502 D         : HostConnection::get() New Host Connection established 0xe85d4c40, tid 1502
11-09 19:59:23.116  1450  1502 D gralloc_ranchu: gralloc_unregister_buffer: exiting HostConnection (is buffer-handling thread)
11-09 19:59:23.290  1649  1663 E memtrack: Couldn't load memtrack module
11-09 19:59:23.290  1649  1663 W android.os.Debug: failed to get memory consumption info: -1
11-09 19:59:23.292  4290  4290 D MediaScannerReceiver: action: android.intent.action.MEDIA_SCANNER_SCAN_FILE path: /storage/emulated/0/screen.png
11-09 19:59:25.815 19535 19535 D AndroidRuntime: >>>>>> START com.android.internal.os.RuntimeInit uid 2000 <<<<<<
11-09 19:59:25.847 19535 19535 W app_process: Unexpected CPU variant for X86 using defaults: x86
11-09 19:59:25.848 19535 19535 I app_process: The ClassLoaderContext is a special shared library.
11-09 19:59:25.848 19535 19535 I app_process: The ClassLoaderContext is a special shared library.
11-09 19:59:25.862 19535 19535 D AndroidRuntime: Calling main entry com.android.commands.uiautomator.Launcher
11-09 19:59:25.993  2181 19546 E memtrack: Couldn't load memtrack module
11-09 19:59:25.993  2181 19546 W android.os.Debug: failed to get memory consumption info: -1
11-09 19:59:26.894 19535 19535 I app_process: Deoptimizing java.lang.String com.android.uiautomator.core.AccessibilityNodeInfoDumper.stripInvalidXMLChars(java.lang.CharSequence) due to JIT inline cache
11-09 19:59:26.958 19535 19535 I AccessibilityNodeInfoDumper: Skipping invisible child: android.view.accessibility.AccessibilityNodeInfo@4c70c; boundsInParent: Rect(0, 0 - 1080, 1458); boundsInScreen: Rect(1080, 336 - 1080, 1794); packageName: com.hexforhn.hex; className: android.view.ViewGroup; text: null; error: null; maxTextLength: -1; contentDescription: null; viewIdResName: com.hexforhn.hex:id/comment_layout; checkable: false; checked: false; focusable: false; focused: false; selected: false; clickable: false; longClickable: false; contextClickable: false; enabled: true; password: false; scrollable: false; importantForAccessibility: false; actions: [AccessibilityAction: ACTION_SELECT - null, AccessibilityAction: ACTION_CLEAR_SELECTION - null, AccessibilityAction: ACTION_ACCESSIBILITY_FOCUS - null, AccessibilityAction: ACTION_SHOW_ON_SCREEN - null]
11-09 19:59:26.959 19535 19535 W AccessibilityNodeInfoDumper: Fetch time: 68ms
11-09 19:59:26.959  1649  3343 W WindowManager: removeWindowToken: Attempted to remove non-existing token: android.os.Binder@8ce95dc
