11-09 19:41:19.804  7059  7059 I Input   : injectKeyEvent: KeyEvent { action=ACTION_DOWN, keyCode=KEYCODE_DEL, scanCode=0, metaState=0, flags=0x0, repeatCount=0, eventTime=46341481, downTime=46341481, deviceId=-1, source=0x101 }
11-09 19:41:19.805  7059  7059 I Input   : injectKeyEvent: KeyEvent { action=ACTION_UP, keyCode=KEYCODE_DEL, scanCode=0, metaState=0, flags=0x0, repeatCount=0, eventTime=46341481, downTime=46341481, deviceId=-1, source=0x101 }
11-09 19:41:19.807  7059  7059 I Input   : injectKeyEvent: KeyEvent { action=ACTION_DOWN, keyCode=KEYCODE_DEL, scanCode=0, metaState=0, flags=0x0, repeatCount=0, eventTime=46341484, downTime=46341484, deviceId=-1, source=0x101 }
11-09 19:41:19.808  7059  7059 I Input   : injectKeyEvent: KeyEvent { action=ACTION_UP, keyCode=KEYCODE_DEL, scanCode=0, metaState=0, flags=0x0, repeatCount=0, eventTime=46341484, downTime=46341484, deviceId=-1, source=0x101 }
11-09 19:41:19.810  7059  7059 I Input   : injectKeyEvent: KeyEvent { action=ACTION_DOWN, keyCode=KEYCODE_DEL, scanCode=0, metaState=0, flags=0x0, repeatCount=0, eventTime=46341487, downTime=46341487, deviceId=-1, source=0x101 }
11-09 19:41:19.811  7059  7059 I Input   : injectKeyEvent: KeyEvent { action=ACTION_UP, keyCode=KEYCODE_DEL, scanCode=0, metaState=0, flags=0x0, repeatCount=0, eventTime=46341487, downTime=46341487, deviceId=-1, source=0x101 }
11-09 19:41:19.812  7059  7059 I Input   : injectKeyEvent: KeyEvent { action=ACTION_DOWN, keyCode=KEYCODE_DEL, scanCode=0, metaState=0, flags=0x0, repeatCount=0, eventTime=46341489, downTime=46341489, deviceId=-1, source=0x101 }
11-09 19:41:19.813  7059  7059 I Input   : injectKeyEvent: KeyEvent { action=ACTION_UP, keyCode=KEYCODE_DEL, scanCode=0, metaState=0, flags=0x0, repeatCount=0, eventTime=46341489, downTime=46341489, deviceId=-1, source=0x101 }
11-09 19:41:19.814  7059  7059 I Input   : injectKeyEvent: KeyEvent { action=ACTION_DOWN, keyCode=KEYCODE_DEL, scanCode=0, metaState=0, flags=0x0, repeatCount=0, eventTime=46341491, downTime=46341491, deviceId=-1, source=0x101 }
11-09 19:41:19.815  7059  7059 I Input   : injectKeyEvent: KeyEvent { action=ACTION_UP, keyCode=KEYCODE_DEL, scanCode=0, metaState=0, flags=0x0, repeatCount=0, eventTime=46341491, downTime=46341491, deviceId=-1, source=0x101 }
11-09 19:41:19.816  7059  7059 I Input   : injectKeyEvent: KeyEvent { action=ACTION_DOWN, keyCode=KEYCODE_DEL, scanCode=0, metaState=0, flags=0x0, repeatCount=0, eventTime=46341493, downTime=46341493, deviceId=-1, source=0x101 }
11-09 19:41:19.817  7059  7059 I Input   : injectKeyEvent: KeyEvent { action=ACTION_UP, keyCode=KEYCODE_DEL, scanCode=0, metaState=0, flags=0x0, repeatCount=0, eventTime=46341493, downTime=46341493, deviceId=-1, source=0x101 }
11-09 19:41:19.818  7059  7059 I Input   : injectKeyEvent: KeyEvent { action=ACTION_DOWN, keyCode=KEYCODE_DEL, scanCode=0, metaState=0, flags=0x0, repeatCount=0, eventTime=46341495, downTime=46341495, deviceId=-1, source=0x101 }
11-09 19:41:19.819  7059  7059 I Input   : injectKeyEvent: KeyEvent { action=ACTION_UP, keyCode=KEYCODE_DEL, scanCode=0, metaState=0, flags=0x0, repeatCount=0, eventTime=46341495, downTime=46341495, deviceId=-1, source=0x101 }
11-09 19:41:19.821  7059  7059 I Input   : injectKeyEvent: KeyEvent { action=ACTION_DOWN, keyCode=KEYCODE_DEL, scanCode=0, metaState=0, flags=0x0, repeatCount=0, eventTime=46341498, downTime=46341498, deviceId=-1, source=0x101 }
11-09 19:41:19.822  7059  7059 I Input   : injectKeyEvent: KeyEvent { action=ACTION_UP, keyCode=KEYCODE_DEL, scanCode=0, metaState=0, flags=0x0, repeatCount=0, eventTime=46341498, downTime=46341498, deviceId=-1, source=0x101 }
11-09 19:41:19.823  7059  7059 I Input   : injectKeyEvent: KeyEvent { action=ACTION_DOWN, keyCode=KEYCODE_DEL, scanCode=0, metaState=0, flags=0x0, repeatCount=0, eventTime=46341500, downTime=46341500, deviceId=-1, source=0x101 }
11-09 19:41:19.824  7059  7059 I Input   : injectKeyEvent: KeyEvent { action=ACTION_UP, keyCode=KEYCODE_DEL, scanCode=0, metaState=0, flags=0x0, repeatCount=0, eventTime=46341500, downTime=46341500, deviceId=-1, source=0x101 }
11-09 19:41:19.826  7059  7059 I Input   : injectKeyEvent: KeyEvent { action=ACTION_DOWN, keyCode=KEYCODE_DEL, scanCode=0, metaState=0, flags=0x0, repeatCount=0, eventTime=46341502, downTime=46341502, deviceId=-1, source=0x101 }
11-09 19:41:19.827  7059  7059 I Input   : injectKeyEvent: KeyEvent { action=ACTION_UP, keyCode=KEYCODE_DEL, scanCode=0, metaState=0, flags=0x0, repeatCount=0, eventTime=46341502, downTime=46341502, deviceId=-1, source=0x101 }
11-09 19:41:19.828  7059  7059 I Input   : injectKeyEvent: KeyEvent { action=ACTION_DOWN, keyCode=KEYCODE_DEL, scanCode=0, metaState=0, flags=0x0, repeatCount=0, eventTime=46341505, downTime=46341505, deviceId=-1, source=0x101 }
11-09 19:41:19.829  7059  7059 I Input   : injectKeyEvent: KeyEvent { action=ACTION_UP, keyCode=KEYCODE_DEL, scanCode=0, metaState=0, flags=0x0, repeatCount=0, eventTime=46341505, downTime=46341505, deviceId=-1, source=0x101 }
11-09 19:41:19.830  7059  7059 I Input   : injectKeyEvent: KeyEvent { action=ACTION_DOWN, keyCode=KEYCODE_DEL, scanCode=0, metaState=0, flags=0x0, repeatCount=0, eventTime=46341507, downTime=46341507, deviceId=-1, source=0x101 }
11-09 19:41:19.832  7059  7059 I Input   : injectKeyEvent: KeyEvent { action=ACTION_UP, keyCode=KEYCODE_DEL, scanCode=0, metaState=0, flags=0x0, repeatCount=0, eventTime=46341507, downTime=46341507, deviceId=-1, source=0x101 }
11-09 19:41:19.833  7059  7059 I Input   : injectKeyEvent: KeyEvent { action=ACTION_DOWN, keyCode=KEYCODE_DEL, scanCode=0, metaState=0, flags=0x0, repeatCount=0, eventTime=46341510, downTime=46341510, deviceId=-1, source=0x101 }
11-09 19:41:19.834  7059  7059 I Input   : injectKeyEvent: KeyEvent { action=ACTION_UP, keyCode=KEYCODE_DEL, scanCode=0, metaState=0, flags=0x0, repeatCount=0, eventTime=46341510, downTime=46341510, deviceId=-1, source=0x101 }
11-09 19:41:19.835  7059  7059 I Input   : injectKeyEvent: KeyEvent { action=ACTION_DOWN, keyCode=KEYCODE_DEL, scanCode=0, metaState=0, flags=0x0, repeatCount=0, eventTime=46341512, downTime=46341512, deviceId=-1, source=0x101 }
11-09 19:41:19.836  7059  7059 I Input   : injectKeyEvent: KeyEvent { action=ACTION_UP, keyCode=KEYCODE_DEL, scanCode=0, metaState=0, flags=0x0, repeatCount=0, eventTime=46341512, downTime=46341512, deviceId=-1, source=0x101 }
11-09 19:41:19.837  7059  7059 I Input   : injectKeyEvent: KeyEvent { action=ACTION_DOWN, keyCode=KEYCODE_DEL, scanCode=0, metaState=0, flags=0x0, repeatCount=0, eventTime=46341514, downTime=46341514, deviceId=-1, source=0x101 }
11-09 19:41:19.838  7059  7059 I Input   : injectKeyEvent: KeyEvent { action=ACTION_UP, keyCode=KEYCODE_DEL, scanCode=0, metaState=0, flags=0x0, repeatCount=0, eventTime=46341514, downTime=46341514, deviceId=-1, source=0x101 }
11-09 19:41:19.840  7059  7059 I Input   : injectKeyEvent: KeyEvent { action=ACTION_DOWN, keyCode=KEYCODE_DEL, scanCode=0, metaState=0, flags=0x0, repeatCount=0, eventTime=46341517, downTime=46341517, deviceId=-1, source=0x101 }
11-09 19:41:19.841  7059  7059 I Input   : injectKeyEvent: KeyEvent { action=ACTION_UP, keyCode=KEYCODE_DEL, scanCode=0, metaState=0, flags=0x0, repeatCount=0, eventTime=46341517, downTime=46341517, deviceId=-1, source=0x101 }
11-09 19:41:19.842  7059  7059 I Input   : injectKeyEvent: KeyEvent { action=ACTION_DOWN, keyCode=KEYCODE_DEL, scanCode=0, metaState=0, flags=0x0, repeatCount=0, eventTime=46341519, downTime=46341519, deviceId=-1, source=0x101 }
11-09 19:41:19.844  7059  7059 I Input   : injectKeyEvent: KeyEvent { action=ACTION_UP, keyCode=KEYCODE_DEL, scanCode=0, metaState=0, flags=0x0, repeatCount=0, eventTime=46341519, downTime=46341519, deviceId=-1, source=0x101 }
11-09 19:41:19.845  7059  7059 I Input   : injectKeyEvent: KeyEvent { action=ACTION_DOWN, keyCode=KEYCODE_DEL, scanCode=0, metaState=0, flags=0x0, repeatCount=0, eventTime=46341522, downTime=46341522, deviceId=-1, source=0x101 }
11-09 19:41:19.846  7059  7059 I Input   : injectKeyEvent: KeyEvent { action=ACTION_UP, keyCode=KEYCODE_DEL, scanCode=0, metaState=0, flags=0x0, repeatCount=0, eventTime=46341522, downTime=46341522, deviceId=-1, source=0x101 }
11-09 19:41:19.847  7059  7059 D AndroidRuntime: Shutting down VM
11-09 19:41:19.976  7073  7073 D AndroidRuntime: >>>>>> START com.android.internal.os.RuntimeInit uid 2000 <<<<<<
11-09 19:41:19.978  7073  7073 W app_process: Could not reserve sentinel fault page
11-09 19:41:20.007  7073  7073 W app_process: Unexpected CPU variant for X86 using defaults: x86
11-09 19:41:20.008  7073  7073 I app_process: The ClassLoaderContext is a special shared library.
11-09 19:41:20.021  7073  7073 D AndroidRuntime: Calling main entry com.android.commands.input.Input
11-09 19:41:20.024  7073  7073 I Input   : injectKeyEvent: KeyEvent { action=ACTION_DOWN, keyCode=KEYCODE_SHIFT_LEFT, scanCode=0, metaState=META_SHIFT_ON|META_SHIFT_LEFT_ON, flags=0x0, repeatCount=0, eventTime=46341701, downTime=46341701, deviceId=-1, source=0x101 }
11-09 19:41:20.027  7073  7073 I Input   : injectKeyEvent: KeyEvent { action=ACTION_DOWN, keyCode=KEYCODE_T, scanCode=0, metaState=META_SHIFT_ON|META_SHIFT_LEFT_ON, flags=0x0, repeatCount=0, eventTime=46341701, downTime=46341701, deviceId=-1, source=0x101 }
11-09 19:41:20.036  1751  1751 W GInputConnectionWrapper: Fixing selection indices to 0, 0
11-09 19:41:20.038  1751  9826 W native  : neural_spatial_model.cc:371 Output symbol table doesn't contain symbol: &
11-09 19:41:20.047  1751  1751 I native  : input-context-store.cc:113 Using roll back input context operation: [DecodeTouch] reason: client [7279] vs decoder [7280]
11-09 19:41:20.048  1751  9826 W native  : neural_spatial_model.cc:371 Output symbol table doesn't contain symbol: &
11-09 19:41:20.048  7073  7073 I Input   : injectKeyEvent: KeyEvent { action=ACTION_UP, keyCode=KEYCODE_T, scanCode=0, metaState=META_SHIFT_ON|META_SHIFT_LEFT_ON, flags=0x0, repeatCount=0, eventTime=46341701, downTime=46341701, deviceId=-1, source=0x101 }
11-09 19:41:20.059  1439  1480 D gralloc_ranchu: gralloc_alloc: Creating ashmem region of size 8024064
11-09 19:41:20.064  1450  1502 D         : HostConnection::get() New Host Connection established 0xe85d4c00, tid 1502
11-09 19:41:20.064  1439  1480 D gralloc_ranchu: gralloc_alloc: Creating ashmem region of size 8024064
11-09 19:41:20.069  1439  1481 D gralloc_ranchu: gralloc_alloc: Creating ashmem region of size 8024064
11-09 19:41:20.079  7073  7073 I Input   : injectKeyEvent: KeyEvent { action=ACTION_UP, keyCode=KEYCODE_SHIFT_LEFT, scanCode=0, metaState=0, flags=0x0, repeatCount=0, eventTime=46341701, downTime=46341701, deviceId=-1, source=0x101 }
11-09 19:41:20.080  7073  7073 I Input   : injectKeyEvent: KeyEvent { action=ACTION_DOWN, keyCode=KEYCODE_E, scanCode=0, metaState=0, flags=0x0, repeatCount=0, eventTime=46341701, downTime=46341701, deviceId=-1, source=0x101 }
11-09 19:41:20.082  7073  7073 I Input   : injectKeyEvent: KeyEvent { action=ACTION_UP, keyCode=KEYCODE_E, scanCode=0, metaState=0, flags=0x0, repeatCount=0, eventTime=46341701, downTime=46341701, deviceId=-1, source=0x101 }
11-09 19:41:20.083  7073  7073 I Input   : injectKeyEvent: KeyEvent { action=ACTION_DOWN, keyCode=KEYCODE_S, scanCode=0, metaState=0, flags=0x0, repeatCount=0, eventTime=46341701, downTime=46341701, deviceId=-1, source=0x101 }
11-09 19:41:20.084  1751  9826 I native  : input-context-store.cc:138 Ignoring stale client request for FetchSuggestions
11-09 19:41:20.085  7073  7073 I Input   : injectKeyEvent: KeyEvent { action=ACTION_UP, keyCode=KEYCODE_S, scanCode=0, metaState=0, flags=0x0, repeatCount=0, eventTime=46341701, downTime=46341701, deviceId=-1, source=0x101 }
11-09 19:41:20.086  7073  7073 I Input   : injectKeyEvent: KeyEvent { action=ACTION_DOWN, keyCode=KEYCODE_T, scanCode=0, metaState=0, flags=0x0, repeatCount=0, eventTime=46341701, downTime=46341701, deviceId=-1, source=0x101 }
11-09 19:41:20.087  1751  1751 I native  : input-context-store.cc:113 Using roll back input context operation: [DecodeTouch] reason: client [7284] vs decoder [7285]
11-09 19:41:20.091  1751  9832 D EGL_emulation: eglMakeCurrent: 0xd80d37c0: ver 3 0 (tinfo 0xd6830cf0)
11-09 19:41:20.093  7073  7073 I Input   : injectKeyEvent: KeyEvent { action=ACTION_UP, keyCode=KEYCODE_T, scanCode=0, metaState=0, flags=0x0, repeatCount=0, eventTime=46341701, downTime=46341701, deviceId=-1, source=0x101 }
11-09 19:41:20.112  7073  7073 I Input   : injectKeyEvent: KeyEvent { action=ACTION_DOWN, keyCode=KEYCODE_SHIFT_LEFT, scanCode=0, metaState=META_SHIFT_ON|META_SHIFT_LEFT_ON, flags=0x0, repeatCount=0, eventTime=46341701, downTime=46341701, deviceId=-1, source=0x101 }
11-09 19:41:20.117  7073  7073 I Input   : injectKeyEvent: KeyEvent { action=ACTION_DOWN, keyCode=KEYCODE_T, scanCode=0, metaState=META_SHIFT_ON|META_SHIFT_LEFT_ON, flags=0x0, repeatCount=0, eventTime=46341701, downTime=46341701, deviceId=-1, source=0x101 }
11-09 19:41:20.118  1751  1751 I native  : input-context-store.cc:113 Using roll back input context operation: [DecodeTouch] reason: client [7287] vs decoder [7288]
11-09 19:41:20.118  1751  9826 I native  : input-context-store.cc:103 Ignoring stale client request for FetchSuggestions
11-09 19:41:20.119  7073  7073 I Input   : injectKeyEvent: KeyEvent { action=ACTION_UP, keyCode=KEYCODE_T, scanCode=0, metaState=META_SHIFT_ON|META_SHIFT_LEFT_ON, flags=0x0, repeatCount=0, eventTime=46341701, downTime=46341701, deviceId=-1, source=0x101 }
11-09 19:41:20.120  7073  7073 I Input   : injectKeyEvent: KeyEvent { action=ACTION_UP, keyCode=KEYCODE_SHIFT_LEFT, scanCode=0, metaState=0, flags=0x0, repeatCount=0, eventTime=46341701, downTime=46341701, deviceId=-1, source=0x101 }
11-09 19:41:20.121  7073  7073 I Input   : injectKeyEvent: KeyEvent { action=ACTION_DOWN, keyCode=KEYCODE_E, scanCode=0, metaState=0, flags=0x0, repeatCount=0, eventTime=46341701, downTime=46341701, deviceId=-1, source=0x101 }
11-09 19:41:20.121  1751  1751 I native  : input-context-store.cc:113 Using roll back input context operation: [DecodeTouch] reason: client [7289] vs decoder [7290]
11-09 19:41:20.122  7073  7073 I Input   : injectKeyEvent: KeyEvent { action=ACTION_UP, keyCode=KEYCODE_E, scanCode=0, metaState=0, flags=0x0, repeatCount=0, eventTime=46341701, downTime=46341701, deviceId=-1, source=0x101 }
11-09 19:41:20.123  7073  7073 I Input   : injectKeyEvent: KeyEvent { action=ACTION_DOWN, keyCode=KEYCODE_S, scanCode=0, metaState=0, flags=0x0, repeatCount=0, eventTime=46341701, downTime=46341701, deviceId=-1, source=0x101 }
11-09 19:41:20.125  1751  1751 I native  : input-context-store.cc:113 Using roll back input context operation: [DecodeTouch] reason: client [7291] vs decoder [7292]
11-09 19:41:20.137  7073  7073 I Input   : injectKeyEvent: KeyEvent { action=ACTION_UP, keyCode=KEYCODE_S, scanCode=0, metaState=0, flags=0x0, repeatCount=0, eventTime=46341701, downTime=46341701, deviceId=-1, source=0x101 }
11-09 19:41:20.139  7073  7073 I Input   : injectKeyEvent: KeyEvent { action=ACTION_DOWN, keyCode=KEYCODE_T, scanCode=0, metaState=0, flags=0x0, repeatCount=0, eventTime=46341701, downTime=46341701, deviceId=-1, source=0x101 }
11-09 19:41:20.140  7073  7073 I Input   : injectKeyEvent: KeyEvent { action=ACTION_UP, keyCode=KEYCODE_T, scanCode=0, metaState=0, flags=0x0, repeatCount=0, eventTime=46341701, downTime=46341701, deviceId=-1, source=0x101 }
11-09 19:41:20.141  7073  7073 I Input   : injectKeyEvent: KeyEvent { action=ACTION_DOWN, keyCode=KEYCODE_SPACE, scanCode=0, metaState=0, flags=0x0, repeatCount=0, eventTime=46341701, downTime=46341701, deviceId=-1, source=0x101 }
11-09 19:41:20.147  7073  7073 I Input   : injectKeyEvent: KeyEvent { action=ACTION_UP, keyCode=KEYCODE_SPACE, scanCode=0, metaState=0, flags=0x0, repeatCount=0, eventTime=46341701, downTime=46341701, deviceId=-1, source=0x101 }
11-09 19:41:20.155  7073  7073 I Input   : injectKeyEvent: KeyEvent { action=ACTION_DOWN, keyCode=KEYCODE_SHIFT_LEFT, scanCode=0, metaState=META_SHIFT_ON|META_SHIFT_LEFT_ON, flags=0x0, repeatCount=0, eventTime=46341701, downTime=46341701, deviceId=-1, source=0x101 }
11-09 19:41:20.156  7073  7073 I Input   : injectKeyEvent: KeyEvent { action=ACTION_DOWN, keyCode=KEYCODE_T, scanCode=0, metaState=META_SHIFT_ON|META_SHIFT_LEFT_ON, flags=0x0, repeatCount=0, eventTime=46341701, downTime=46341701, deviceId=-1, source=0x101 }
11-09 19:41:20.159  7073  7073 I Input   : injectKeyEvent: KeyEvent { action=ACTION_UP, keyCode=KEYCODE_T, scanCode=0, metaState=META_SHIFT_ON|META_SHIFT_LEFT_ON, flags=0x0, repeatCount=0, eventTime=46341701, downTime=46341701, deviceId=-1, source=0x101 }
11-09 19:41:20.160  7073  7073 I Input   : injectKeyEvent: KeyEvent { action=ACTION_UP, keyCode=KEYCODE_SHIFT_LEFT, scanCode=0, metaState=0, flags=0x0, repeatCount=0, eventTime=46341701, downTime=46341701, deviceId=-1, source=0x101 }
11-09 19:41:20.161  7073  7073 I Input   : injectKeyEvent: KeyEvent { action=ACTION_DOWN, keyCode=KEYCODE_E, scanCode=0, metaState=0, flags=0x0, repeatCount=0, eventTime=46341701, downTime=46341701, deviceId=-1, source=0x101 }
11-09 19:41:20.162  1751  9826 I native  : input-context-store.cc:138 Ignoring stale client request for FetchSuggestions
11-09 19:41:20.172  7073  7073 I Input   : injectKeyEvent: KeyEvent { action=ACTION_UP, keyCode=KEYCODE_E, scanCode=0, metaState=0, flags=0x0, repeatCount=0, eventTime=46341701, downTime=46341701, deviceId=-1, source=0x101 }
11-09 19:41:20.174  7073  7073 I Input   : injectKeyEvent: KeyEvent { action=ACTION_DOWN, keyCode=KEYCODE_S, scanCode=0, metaState=0, flags=0x0, repeatCount=0, eventTime=46341701, downTime=46341701, deviceId=-1, source=0x101 }
11-09 19:41:20.176  7073  7073 I Input   : injectKeyEvent: KeyEvent { action=ACTION_UP, keyCode=KEYCODE_S, scanCode=0, metaState=0, flags=0x0, repeatCount=0, eventTime=46341701, downTime=46341701, deviceId=-1, source=0x101 }
11-09 19:41:20.178  7073  7073 I Input   : injectKeyEvent: KeyEvent { action=ACTION_DOWN, keyCode=KEYCODE_T, scanCode=0, metaState=0, flags=0x0, repeatCount=0, eventTime=46341701, downTime=46341701, deviceId=-1, source=0x101 }
11-09 19:41:20.179  1751  1751 I native  : input-context-store.cc:113 Using roll back input context operation: [DecodeTouch] reason: client [7302] vs decoder [7303]
11-09 19:41:20.180  7073  7073 I Input   : injectKeyEvent: KeyEvent { action=ACTION_UP, keyCode=KEYCODE_T, scanCode=0, metaState=0, flags=0x0, repeatCount=0, eventTime=46341701, downTime=46341701, deviceId=-1, source=0x101 }
11-09 19:41:20.195  7073  7073 D AndroidRuntime: Shutting down VM
11-09 19:41:20.242  1751  1751 W LstmExtension: no lmDescriptor could be found for en_US/20170411
11-09 19:41:20.242  1751  1751 W LstmExtension: no lmDescriptor could be found for en_US/20170411
11-09 19:41:20.377  7088  7088 D AndroidRuntime: >>>>>> START com.android.internal.os.RuntimeInit uid 2000 <<<<<<
11-09 19:41:20.378  7088  7088 W app_process: Could not reserve sentinel fault page
11-09 19:41:20.412  7088  7088 W app_process: Unexpected CPU variant for X86 using defaults: x86
11-09 19:41:20.412  7088  7088 I app_process: The ClassLoaderContext is a special shared library.
11-09 19:41:20.426  7088  7088 D AndroidRuntime: Calling main entry com.android.commands.input.Input
11-09 19:41:20.427  7088  7088 I Input   : injectKeyEvent: KeyEvent { action=ACTION_DOWN, keyCode=KEYCODE_ESCAPE, scanCode=0, metaState=0, flags=0x0, repeatCount=0, eventTime=46342103, downTime=46342103, deviceId=-1, source=0x101 }
11-09 19:41:20.432  7088  7088 I Input   : injectKeyEvent: KeyEvent { action=ACTION_UP, keyCode=KEYCODE_ESCAPE, scanCode=0, metaState=0, flags=0x0, repeatCount=0, eventTime=46342103, downTime=46342103, deviceId=-1, source=0x101 }
11-09 19:41:20.435  7088  7088 D AndroidRuntime: Shutting down VM
11-09 19:41:20.440  1751  9832 D EGL_emulation: eglMakeCurrent: 0xd80d37c0: ver 3 0 (tinfo 0xd6830cf0)
11-09 19:41:20.644  1440 24859 D gralloc_ranchu: gralloc_unregister_buffer: exiting HostConnection (is buffer-handling thread)
11-09 19:41:20.644  1440 24859 D         : HostConnection::get() New Host Connection established 0xf1a23600, tid 24859
11-09 19:41:20.645  1440 24859 D gralloc_ranchu: gralloc_unregister_buffer: exiting HostConnection (is buffer-handling thread)
11-09 19:41:20.645  1440 24859 D         : HostConnection::get() New Host Connection established 0xf1a23600, tid 24859
11-09 19:41:20.645  1440 24859 D gralloc_ranchu: gralloc_unregister_buffer: exiting HostConnection (is buffer-handling thread)
11-09 19:41:20.646  1440 24859 D         : HostConnection::get() New Host Connection established 0xf1a23600, tid 24859
11-09 19:41:20.646  1440 24859 D gralloc_ranchu: gralloc_unregister_buffer: exiting HostConnection (is buffer-handling thread)
11-09 19:41:20.646  1440 24859 D         : HostConnection::get() New Host Connection established 0xf1a23600, tid 24859
11-09 19:41:20.647  1440 24859 D gralloc_ranchu: gralloc_unregister_buffer: exiting HostConnection (is buffer-handling thread)
11-09 19:41:20.647  1440 24859 D         : HostConnection::get() New Host Connection established 0xf1a23600, tid 24859
11-09 19:41:20.647  1440 24859 D gralloc_ranchu: gralloc_unregister_buffer: exiting HostConnection (is buffer-handling thread)
11-09 19:41:20.654  1440 24859 D         : HostConnection::get() New Host Connection established 0xf1a23600, tid 24859
11-09 19:41:22.094  1450  1470 E SurfaceFlinger: ro.sf.lcd_density must be defined as a build property
11-09 19:41:22.102  1439  1481 D gralloc_ranchu: gralloc_alloc: Creating ashmem region of size 8298496
11-09 19:41:22.107  7103  7103 D         : HostConnection::get() New Host Connection established 0xf11c8240, tid 7103
11-09 19:41:22.113  1450  1470 D gralloc_ranchu: gralloc_unregister_buffer: exiting HostConnection (is buffer-handling thread)
11-09 19:41:22.114  1450  1470 D         : HostConnection::get() New Host Connection established 0xe80a1b80, tid 1470
11-09 19:41:22.114  1450  1470 D gralloc_ranchu: gralloc_unregister_buffer: exiting HostConnection (is buffer-handling thread)
11-09 19:41:22.240  4290  4290 D MediaScannerReceiver: action: android.intent.action.MEDIA_SCANNER_SCAN_FILE path: /storage/emulated/0/screen.png
11-09 19:41:24.642  7115  7115 D AndroidRuntime: >>>>>> START com.android.internal.os.RuntimeInit uid 2000 <<<<<<
11-09 19:41:24.675  7115  7115 W app_process: Unexpected CPU variant for X86 using defaults: x86
11-09 19:41:24.676  7115  7115 I app_process: The ClassLoaderContext is a special shared library.
11-09 19:41:24.676  7115  7115 I app_process: The ClassLoaderContext is a special shared library.
11-09 19:41:24.690  7115  7115 D AndroidRuntime: Calling main entry com.android.commands.uiautomator.Launcher
11-09 19:41:25.715  7115  7115 W AccessibilityNodeInfoDumper: Fetch time: 6ms
11-09 19:41:25.722  7115  7115 D AndroidRuntime: Shutting down VM
11-09 19:41:27.953  7131  7131 D AndroidRuntime: >>>>>> START com.android.internal.os.RuntimeInit uid 2000 <<<<<<
11-09 19:41:27.986  7131  7131 W app_process: Unexpected CPU variant for X86 using defaults: x86
11-09 19:41:27.988  7131  7131 I app_process: The ClassLoaderContext is a special shared library.
11-09 19:41:27.988  7131  7131 I app_process: The ClassLoaderContext is a special shared library.
11-09 19:41:28.006  7131  7131 D AndroidRuntime: Calling main entry com.android.commands.uiautomator.Launcher
11-09 19:41:29.028  7131  7131 W AccessibilityNodeInfoDumper: Fetch time: 5ms
11-09 19:41:29.040  7131  7131 D AndroidRuntime: Shutting down VM
11-09 19:41:29.272  7149  7149 D AndroidRuntime: >>>>>> START com.android.internal.os.RuntimeInit uid 2000 <<<<<<
11-09 19:41:29.306  7149  7149 W app_process: Unexpected CPU variant for X86 using defaults: x86
11-09 19:41:29.307  7149  7149 I app_process: The ClassLoaderContext is a special shared library.
11-09 19:41:29.307  7149  7149 I app_process: The ClassLoaderContext is a special shared library.
11-09 19:41:29.320  7149  7149 D AndroidRuntime: Calling main entry com.android.commands.uiautomator.Launcher
11-09 19:41:30.346  7149  7149 I app_process: Deoptimizing java.lang.String com.android.uiautomator.core.AccessibilityNodeInfoDumper.stripInvalidXMLChars(java.lang.CharSequence) due to JIT inline cache
11-09 19:41:30.350  7149  7149 W AccessibilityNodeInfoDumper: Fetch time: 8ms
11-09 19:41:30.356  7149  7149 D AndroidRuntime: Shutting down VM
11-09 19:41:30.529  7161  7161 D AndroidRuntime: >>>>>> START com.android.internal.os.RuntimeInit uid 2000 <<<<<<
11-09 19:41:30.578  7161  7161 W app_process: Unexpected CPU variant for X86 using defaults: x86
11-09 19:41:30.580  7161  7161 I app_process: The ClassLoaderContext is a special shared library.
11-09 19:41:30.598  7161  7161 D AndroidRuntime: Calling main entry com.android.commands.input.Input
11-09 19:41:30.600  7161  7161 I Input   : injectMotionEvent: MotionEvent { action=ACTION_DOWN, actionButton=0, id[0]=0, x[0]=552.0, y[0]=935.0, toolType[0]=TOOL_TYPE_UNKNOWN, buttonState=0, metaState=0, flags=0x0, edgeFlags=0x0, pointerCount=1, historySize=0, eventTime=46352275, downTime=46352275, deviceId=0, source=0x1002 }
11-09 19:41:30.602  7161  7161 I Input   : injectMotionEvent: MotionEvent { action=ACTION_UP, actionButton=0, id[0]=0, x[0]=552.0, y[0]=935.0, toolType[0]=TOOL_TYPE_UNKNOWN, buttonState=0, metaState=0, flags=0x0, edgeFlags=0x0, pointerCount=1, historySize=0, eventTime=46352275, downTime=46352275, deviceId=0, source=0x1002 }
11-09 19:41:30.607  7161  7161 D AndroidRuntime: Shutting down VM
11-09 19:41:30.635  1439  1481 D gralloc_ranchu: gralloc_alloc: Creating ashmem region of size 45056
11-09 19:41:30.638  1439  1480 D gralloc_ranchu: gralloc_alloc: Creating ashmem region of size 45056
11-09 19:41:30.639  1439  1481 D gralloc_ranchu: gralloc_alloc: Creating ashmem region of size 45056
11-09 19:41:30.640  1751  1751 W GInputConnectionWrapper: Fixing selection indices to 4, 4
11-09 19:41:30.644 18399 18437 D EGL_emulation: eglMakeCurrent: 0xebe85dc0: ver 3 0 (tinfo 0xd7c46cf0)
11-09 19:41:30.667 18399 18437 D EGL_emulation: eglMakeCurrent: 0xebe85dc0: ver 3 0 (tinfo 0xd7c46cf0)
11-09 19:41:30.696  1439  1481 D gralloc_ranchu: gralloc_alloc: Creating ashmem region of size 8024064
11-09 19:41:30.702  1450  1472 D         : HostConnection::get() New Host Connection established 0xe80a1e40, tid 1472
11-09 19:41:30.703  1439  1481 D gralloc_ranchu: gralloc_alloc: Creating ashmem region of size 8024064
11-09 19:41:30.709  1439  1481 D gralloc_ranchu: gralloc_alloc: Creating ashmem region of size 8024064
11-09 19:41:30.727  1751  1751 W LstmExtension: no lmDescriptor could be found for en_US/20170411
11-09 19:41:30.727  1751  1751 W LstmExtension: no lmDescriptor could be found for en_US/20170411
11-09 19:41:30.730  1751  9832 D EGL_emulation: eglMakeCurrent: 0xd80d37c0: ver 3 0 (tinfo 0xd6830cf0)
11-09 19:41:30.882  7176  7176 D AndroidRuntime: >>>>>> START com.android.internal.os.RuntimeInit uid 2000 <<<<<<
11-09 19:41:30.931  7176  7176 W app_process: Unexpected CPU variant for X86 using defaults: x86
11-09 19:41:30.932  7176  7176 I app_process: The ClassLoaderContext is a special shared library.
11-09 19:41:30.951  7176  7176 D AndroidRuntime: Calling main entry com.android.commands.input.Input
11-09 19:41:30.951  7176  7176 I Input   : injectKeyEvent: KeyEvent { action=ACTION_DOWN, keyCode=KEYCODE_ESCAPE, scanCode=0, metaState=0, flags=0x0, repeatCount=0, eventTime=46352628, downTime=46352628, deviceId=-1, source=0x101 }
11-09 19:41:30.956  7176  7176 I Input   : injectKeyEvent: KeyEvent { action=ACTION_UP, keyCode=KEYCODE_ESCAPE, scanCode=0, metaState=0, flags=0x0, repeatCount=0, eventTime=46352628, downTime=46352628, deviceId=-1, source=0x101 }
11-09 19:41:30.962  7176  7176 D AndroidRuntime: Shutting down VM
11-09 19:41:30.977 18399 18437 D EGL_emulation: eglMakeCurrent: 0xebe85dc0: ver 3 0 (tinfo 0xd7c46cf0)
11-09 19:41:30.982  1751  9832 D EGL_emulation: eglMakeCurrent: 0xd80d37c0: ver 3 0 (tinfo 0xd6830cf0)
11-09 19:41:30.984  1450  1750 D         : HostConnection::get() New Host Connection established 0xe85d4900, tid 1750
11-09 19:41:30.985  1450  1750 D gralloc_ranchu: gralloc_unregister_buffer: exiting HostConnection (is buffer-handling thread)
11-09 19:41:30.985  1450  1750 D         : HostConnection::get() New Host Connection established 0xe85d4900, tid 1750
11-09 19:41:30.985  1450  1750 D gralloc_ranchu: gralloc_unregister_buffer: exiting HostConnection (is buffer-handling thread)
11-09 19:41:30.986  1450  1750 D         : HostConnection::get() New Host Connection established 0xe85d4900, tid 1750
11-09 19:41:30.986  1450  1750 D gralloc_ranchu: gralloc_unregister_buffer: exiting HostConnection (is buffer-handling thread)
11-09 19:41:30.987  1450  1750 D         : HostConnection::get() New Host Connection established 0xe85d4900, tid 1750
11-09 19:41:30.987  1450  1750 D gralloc_ranchu: gralloc_unregister_buffer: exiting HostConnection (is buffer-handling thread)
11-09 19:41:30.988 18399 18437 D EGL_emulation: eglMakeCurrent: 0xebe85dc0: ver 3 0 (tinfo 0xd7c46cf0)
11-09 19:41:31.179  1440 24859 D gralloc_ranchu: gralloc_unregister_buffer: exiting HostConnection (is buffer-handling thread)
11-09 19:41:31.180  1440 24859 D         : HostConnection::get() New Host Connection established 0xf1a23600, tid 24859
11-09 19:41:31.180  1440 24859 D gralloc_ranchu: gralloc_unregister_buffer: exiting HostConnection (is buffer-handling thread)
11-09 19:41:31.184  1440 24859 D         : HostConnection::get() New Host Connection established 0xf1a23600, tid 24859
11-09 19:41:31.555  1751  1751 W LstmExtension: no lmDescriptor could be found for en_US/20170411
11-09 19:41:31.555  1751  1751 W LstmExtension: no lmDescriptor could be found for en_US/20170411
11-09 19:41:31.690  7194  7194 D AndroidRuntime: >>>>>> START com.android.internal.os.RuntimeInit uid 2000 <<<<<<
11-09 19:41:31.723  7194  7194 W app_process: Unexpected CPU variant for X86 using defaults: x86
11-09 19:41:31.723  7194  7194 I app_process: The ClassLoaderContext is a special shared library.
11-09 19:41:31.737  7194  7194 D AndroidRuntime: Calling main entry com.android.commands.input.Input
11-09 19:41:31.738  7194  7194 I Input   : injectKeyEvent: KeyEvent { action=ACTION_DOWN, keyCode=KEYCODE_MOVE_END, scanCode=0, metaState=0, flags=0x0, repeatCount=0, eventTime=46353414, downTime=46353414, deviceId=-1, source=0x101 }
11-09 19:41:31.741  1450  1470 D         : HostConnection::get() New Host Connection established 0xe80a1ec0, tid 1470
11-09 19:41:31.741  1450  1470 D gralloc_ranchu: gralloc_unregister_buffer: exiting HostConnection (is buffer-handling thread)
11-09 19:41:31.741  1450  1470 D         : HostConnection::get() New Host Connection established 0xe80a1ec0, tid 1470
11-09 19:41:31.741  1450  1470 D gralloc_ranchu: gralloc_unregister_buffer: exiting HostConnection (is buffer-handling thread)
11-09 19:41:31.746  7194  7194 I Input   : injectKeyEvent: KeyEvent { action=ACTION_UP, keyCode=KEYCODE_MOVE_END, scanCode=0, metaState=0, flags=0x0, repeatCount=0, eventTime=46353414, downTime=46353414, deviceId=-1, source=0x101 }
11-09 19:41:31.748  7194  7194 D AndroidRuntime: Shutting down VM
11-09 19:41:31.911  7205  7205 D AndroidRuntime: >>>>>> START com.android.internal.os.RuntimeInit uid 2000 <<<<<<
11-09 19:41:31.919  1440 24859 D gralloc_ranchu: gralloc_unregister_buffer: exiting HostConnection (is buffer-handling thread)
11-09 19:41:31.920  1440 24859 D         : HostConnection::get() New Host Connection established 0xf1a23600, tid 24859
11-09 19:41:31.921  1440 24859 D gralloc_ranchu: gralloc_unregister_buffer: exiting HostConnection (is buffer-handling thread)
11-09 19:41:31.921  1440 24859 D         : HostConnection::get() New Host Connection established 0xf1a23600, tid 24859
11-09 19:41:31.921  1440 24859 D gralloc_ranchu: gralloc_unregister_buffer: exiting HostConnection (is buffer-handling thread)
11-09 19:41:31.922  1440 24859 D         : HostConnection::get() New Host Connection established 0xf1a23600, tid 24859
11-09 19:41:31.922  1440 24859 D gralloc_ranchu: gralloc_unregister_buffer: exiting HostConnection (is buffer-handling thread)
11-09 19:41:31.929  1440 24859 D         : HostConnection::get() New Host Connection established 0xf1a23600, tid 24859
11-09 19:41:31.950  7205  7205 W app_process: Unexpected CPU variant for X86 using defaults: x86
11-09 19:41:31.951  7205  7205 I app_process: The ClassLoaderContext is a special shared library.
11-09 19:41:31.968  7205  7205 D AndroidRuntime: Calling main entry com.android.commands.input.Input
11-09 19:41:31.969  7205  7205 I Input   : injectKeyEvent: KeyEvent { action=ACTION_DOWN, keyCode=KEYCODE_DEL, scanCode=0, metaState=0, flags=0x0, repeatCount=0, eventTime=46353645, downTime=46353645, deviceId=-1, source=0x101 }
11-09 19:41:31.972  7205  7205 I Input   : injectKeyEvent: KeyEvent { action=ACTION_UP, keyCode=KEYCODE_DEL, scanCode=0, metaState=0, flags=0x0, repeatCount=0, eventTime=46353645, downTime=46353645, deviceId=-1, source=0x101 }
11-09 19:41:31.973  7205  7205 I Input   : injectKeyEvent: KeyEvent { action=ACTION_DOWN, keyCode=KEYCODE_DEL, scanCode=0, metaState=0, flags=0x0, repeatCount=0, eventTime=46353650, downTime=46353650, deviceId=-1, source=0x101 }
11-09 19:41:31.976  7205  7205 I Input   : injectKeyEvent: KeyEvent { action=ACTION_UP, keyCode=KEYCODE_DEL, scanCode=0, metaState=0, flags=0x0, repeatCount=0, eventTime=46353650, downTime=46353650, deviceId=-1, source=0x101 }
11-09 19:41:31.978  7205  7205 I Input   : injectKeyEvent: KeyEvent { action=ACTION_DOWN, keyCode=KEYCODE_DEL, scanCode=0, metaState=0, flags=0x0, repeatCount=0, eventTime=46353654, downTime=46353654, deviceId=-1, source=0x101 }
11-09 19:41:31.980  7205  7205 I Input   : injectKeyEvent: KeyEvent { action=ACTION_UP, keyCode=KEYCODE_DEL, scanCode=0, metaState=0, flags=0x0, repeatCount=0, eventTime=46353654, downTime=46353654, deviceId=-1, source=0x101 }
11-09 19:41:31.981  7205  7205 I Input   : injectKeyEvent: KeyEvent { action=ACTION_DOWN, keyCode=KEYCODE_DEL, scanCode=0, metaState=0, flags=0x0, repeatCount=0, eventTime=46353658, downTime=46353658, deviceId=-1, source=0x101 }
11-09 19:41:31.983  7205  7205 I Input   : injectKeyEvent: KeyEvent { action=ACTION_UP, keyCode=KEYCODE_DEL, scanCode=0, metaState=0, flags=0x0, repeatCount=0, eventTime=46353658, downTime=46353658, deviceId=-1, source=0x101 }
11-09 19:41:31.984  7205  7205 I Input   : injectKeyEvent: KeyEvent { action=ACTION_DOWN, keyCode=KEYCODE_DEL, scanCode=0, metaState=0, flags=0x0, repeatCount=0, eventTime=46353661, downTime=46353661, deviceId=-1, source=0x101 }
11-09 19:41:31.986  7205  7205 I Input   : injectKeyEvent: KeyEvent { action=ACTION_UP, keyCode=KEYCODE_DEL, scanCode=0, metaState=0, flags=0x0, repeatCount=0, eventTime=46353661, downTime=46353661, deviceId=-1, source=0x101 }
11-09 19:41:31.986  7205  7205 I Input   : injectKeyEvent: KeyEvent { action=ACTION_DOWN, keyCode=KEYCODE_DEL, scanCode=0, metaState=0, flags=0x0, repeatCount=0, eventTime=46353663, downTime=46353663, deviceId=-1, source=0x101 }
11-09 19:41:31.987  7205  7205 I Input   : injectKeyEvent: KeyEvent { action=ACTION_UP, keyCode=KEYCODE_DEL, scanCode=0, metaState=0, flags=0x0, repeatCount=0, eventTime=46353663, downTime=46353663, deviceId=-1, source=0x101 }
11-09 19:41:31.988  7205  7205 I Input   : injectKeyEvent: KeyEvent { action=ACTION_DOWN, keyCode=KEYCODE_DEL, scanCode=0, metaState=0, flags=0x0, repeatCount=0, eventTime=46353665, downTime=46353665, deviceId=-1, source=0x101 }
11-09 19:41:31.988  7205  7205 I Input   : injectKeyEvent: KeyEvent { action=ACTION_UP, keyCode=KEYCODE_DEL, scanCode=0, metaState=0, flags=0x0, repeatCount=0, eventTime=46353665, downTime=46353665, deviceId=-1, source=0x101 }
11-09 19:41:31.989  7205  7205 I Input   : injectKeyEvent: KeyEvent { action=ACTION_DOWN, keyCode=KEYCODE_DEL, scanCode=0, metaState=0, flags=0x0, repeatCount=0, eventTime=46353666, downTime=46353666, deviceId=-1, source=0x101 }
11-09 19:41:31.989  7205  7205 I Input   : injectKeyEvent: KeyEvent { action=ACTION_UP, keyCode=KEYCODE_DEL, scanCode=0, metaState=0, flags=0x0, repeatCount=0, eventTime=46353666, downTime=46353666, deviceId=-1, source=0x101 }
11-09 19:41:31.990  7205  7205 I Input   : injectKeyEvent: KeyEvent { action=ACTION_DOWN, keyCode=KEYCODE_DEL, scanCode=0, metaState=0, flags=0x0, repeatCount=0, eventTime=46353667, downTime=46353667, deviceId=-1, source=0x101 }
11-09 19:41:31.991  7205  7205 I Input   : injectKeyEvent: KeyEvent { action=ACTION_UP, keyCode=KEYCODE_DEL, scanCode=0, metaState=0, flags=0x0, repeatCount=0, eventTime=46353667, downTime=46353667, deviceId=-1, source=0x101 }
11-09 19:41:31.991  7205  7205 I Input   : injectKeyEvent: KeyEvent { action=ACTION_DOWN, keyCode=KEYCODE_DEL, scanCode=0, metaState=0, flags=0x0, repeatCount=0, eventTime=46353668, downTime=46353668, deviceId=-1, source=0x101 }
11-09 19:41:31.994  7205  7205 I Input   : injectKeyEvent: KeyEvent { action=ACTION_UP, keyCode=KEYCODE_DEL, scanCode=0, metaState=0, flags=0x0, repeatCount=0, eventTime=46353668, downTime=46353668, deviceId=-1, source=0x101 }
11-09 19:41:31.996  7205  7205 I Input   : injectKeyEvent: KeyEvent { action=ACTION_DOWN, keyCode=KEYCODE_DEL, scanCode=0, metaState=0, flags=0x0, repeatCount=0, eventTime=46353673, downTime=46353673, deviceId=-1, source=0x101 }
11-09 19:41:31.997  7205  7205 I Input   : injectKeyEvent: KeyEvent { action=ACTION_UP, keyCode=KEYCODE_DEL, scanCode=0, metaState=0, flags=0x0, repeatCount=0, eventTime=46353673, downTime=46353673, deviceId=-1, source=0x101 }
11-09 19:41:31.998  7205  7205 I Input   : injectKeyEvent: KeyEvent { action=ACTION_DOWN, keyCode=KEYCODE_DEL, scanCode=0, metaState=0, flags=0x0, repeatCount=0, eventTime=46353674, downTime=46353674, deviceId=-1, source=0x101 }
11-09 19:41:31.998  7205  7205 I Input   : injectKeyEvent: KeyEvent { action=ACTION_UP, keyCode=KEYCODE_DEL, scanCode=0, metaState=0, flags=0x0, repeatCount=0, eventTime=46353674, downTime=46353674, deviceId=-1, source=0x101 }
11-09 19:41:32.000  7205  7205 I Input   : injectKeyEvent: KeyEvent { action=ACTION_DOWN, keyCode=KEYCODE_DEL, scanCode=0, metaState=0, flags=0x0, repeatCount=0, eventTime=46353677, downTime=46353677, deviceId=-1, source=0x101 }
11-09 19:41:32.001  7205  7205 I Input   : injectKeyEvent: KeyEvent { action=ACTION_UP, keyCode=KEYCODE_DEL, scanCode=0, metaState=0, flags=0x0, repeatCount=0, eventTime=46353677, downTime=46353677, deviceId=-1, source=0x101 }
11-09 19:41:32.003  7205  7205 I Input   : injectKeyEvent: KeyEvent { action=ACTION_DOWN, keyCode=KEYCODE_DEL, scanCode=0, metaState=0, flags=0x0, repeatCount=0, eventTime=46353680, downTime=46353680, deviceId=-1, source=0x101 }
11-09 19:41:32.004  7205  7205 I Input   : injectKeyEvent: KeyEvent { action=ACTION_UP, keyCode=KEYCODE_DEL, scanCode=0, metaState=0, flags=0x0, repeatCount=0, eventTime=46353680, downTime=46353680, deviceId=-1, source=0x101 }
11-09 19:41:32.006  7205  7205 I Input   : injectKeyEvent: KeyEvent { action=ACTION_DOWN, keyCode=KEYCODE_DEL, scanCode=0, metaState=0, flags=0x0, repeatCount=0, eventTime=46353682, downTime=46353682, deviceId=-1, source=0x101 }
11-09 19:41:32.007  7205  7205 I Input   : injectKeyEvent: KeyEvent { action=ACTION_UP, keyCode=KEYCODE_DEL, scanCode=0, metaState=0, flags=0x0, repeatCount=0, eventTime=46353682, downTime=46353682, deviceId=-1, source=0x101 }
11-09 19:41:32.008  7205  7205 I Input   : injectKeyEvent: KeyEvent { action=ACTION_DOWN, keyCode=KEYCODE_DEL, scanCode=0, metaState=0, flags=0x0, repeatCount=0, eventTime=46353685, downTime=46353685, deviceId=-1, source=0x101 }
11-09 19:41:32.009  7205  7205 I Input   : injectKeyEvent: KeyEvent { action=ACTION_UP, keyCode=KEYCODE_DEL, scanCode=0, metaState=0, flags=0x0, repeatCount=0, eventTime=46353685, downTime=46353685, deviceId=-1, source=0x101 }
11-09 19:41:32.011  7205  7205 I Input   : injectKeyEvent: KeyEvent { action=ACTION_DOWN, keyCode=KEYCODE_DEL, scanCode=0, metaState=0, flags=0x0, repeatCount=0, eventTime=46353687, downTime=46353687, deviceId=-1, source=0x101 }
11-09 19:41:32.012  7205  7205 I Input   : injectKeyEvent: KeyEvent { action=ACTION_UP, keyCode=KEYCODE_DEL, scanCode=0, metaState=0, flags=0x0, repeatCount=0, eventTime=46353687, downTime=46353687, deviceId=-1, source=0x101 }
11-09 19:41:32.014  7205  7205 I Input   : injectKeyEvent: KeyEvent { action=ACTION_DOWN, keyCode=KEYCODE_DEL, scanCode=0, metaState=0, flags=0x0, repeatCount=0, eventTime=46353690, downTime=46353690, deviceId=-1, source=0x101 }
11-09 19:41:32.015  7205  7205 I Input   : injectKeyEvent: KeyEvent { action=ACTION_UP, keyCode=KEYCODE_DEL, scanCode=0, metaState=0, flags=0x0, repeatCount=0, eventTime=46353690, downTime=46353690, deviceId=-1, source=0x101 }
11-09 19:41:32.016  7205  7205 I Input   : injectKeyEvent: KeyEvent { action=ACTION_DOWN, keyCode=KEYCODE_DEL, scanCode=0, metaState=0, flags=0x0, repeatCount=0, eventTime=46353693, downTime=46353693, deviceId=-1, source=0x101 }
11-09 19:41:32.018  7205  7205 I Input   : injectKeyEvent: KeyEvent { action=ACTION_UP, keyCode=KEYCODE_DEL, scanCode=0, metaState=0, flags=0x0, repeatCount=0, eventTime=46353693, downTime=46353693, deviceId=-1, source=0x101 }
11-09 19:41:32.019  7205  7205 I Input   : injectKeyEvent: KeyEvent { action=ACTION_DOWN, keyCode=KEYCODE_DEL, scanCode=0, metaState=0, flags=0x0, repeatCount=0, eventTime=46353696, downTime=46353696, deviceId=-1, source=0x101 }
11-09 19:41:32.021  7205  7205 I Input   : injectKeyEvent: KeyEvent { action=ACTION_UP, keyCode=KEYCODE_DEL, scanCode=0, metaState=0, flags=0x0, repeatCount=0, eventTime=46353696, downTime=46353696, deviceId=-1, source=0x101 }
11-09 19:41:32.022  7205  7205 I Input   : injectKeyEvent: KeyEvent { action=ACTION_DOWN, keyCode=KEYCODE_DEL, scanCode=0, metaState=0, flags=0x0, repeatCount=0, eventTime=46353699, downTime=46353699, deviceId=-1, source=0x101 }
11-09 19:41:32.023  7205  7205 I Input   : injectKeyEvent: KeyEvent { action=ACTION_UP, keyCode=KEYCODE_DEL, scanCode=0, metaState=0, flags=0x0, repeatCount=0, eventTime=46353699, downTime=46353699, deviceId=-1, source=0x101 }
11-09 19:41:32.025  7205  7205 I Input   : injectKeyEvent: KeyEvent { action=ACTION_DOWN, keyCode=KEYCODE_DEL, scanCode=0, metaState=0, flags=0x0, repeatCount=0, eventTime=46353702, downTime=46353702, deviceId=-1, source=0x101 }
11-09 19:41:32.026  7205  7205 I Input   : injectKeyEvent: KeyEvent { action=ACTION_UP, keyCode=KEYCODE_DEL, scanCode=0, metaState=0, flags=0x0, repeatCount=0, eventTime=46353702, downTime=46353702, deviceId=-1, source=0x101 }
11-09 19:41:32.027  7205  7205 I Input   : injectKeyEvent: KeyEvent { action=ACTION_DOWN, keyCode=KEYCODE_DEL, scanCode=0, metaState=0, flags=0x0, repeatCount=0, eventTime=46353704, downTime=46353704, deviceId=-1, source=0x101 }
11-09 19:41:32.028  7205  7205 I Input   : injectKeyEvent: KeyEvent { action=ACTION_UP, keyCode=KEYCODE_DEL, scanCode=0, metaState=0, flags=0x0, repeatCount=0, eventTime=46353704, downTime=46353704, deviceId=-1, source=0x101 }
11-09 19:41:32.029  7205  7205 I Input   : injectKeyEvent: KeyEvent { action=ACTION_DOWN, keyCode=KEYCODE_DEL, scanCode=0, metaState=0, flags=0x0, repeatCount=0, eventTime=46353706, downTime=46353706, deviceId=-1, source=0x101 }
11-09 19:41:32.031  7205  7205 I Input   : injectKeyEvent: KeyEvent { action=ACTION_UP, keyCode=KEYCODE_DEL, scanCode=0, metaState=0, flags=0x0, repeatCount=0, eventTime=46353706, downTime=46353706, deviceId=-1, source=0x101 }
11-09 19:41:32.032  7205  7205 I Input   : injectKeyEvent: KeyEvent { action=ACTION_DOWN, keyCode=KEYCODE_DEL, scanCode=0, metaState=0, flags=0x0, repeatCount=0, eventTime=46353709, downTime=46353709, deviceId=-1, source=0x101 }
11-09 19:41:32.033  7205  7205 I Input   : injectKeyEvent: KeyEvent { action=ACTION_UP, keyCode=KEYCODE_DEL, scanCode=0, metaState=0, flags=0x0, repeatCount=0, eventTime=46353709, downTime=46353709, deviceId=-1, source=0x101 }
11-09 19:41:32.034  7205  7205 I Input   : injectKeyEvent: KeyEvent { action=ACTION_DOWN, keyCode=KEYCODE_DEL, scanCode=0, metaState=0, flags=0x0, repeatCount=0, eventTime=46353711, downTime=46353711, deviceId=-1, source=0x101 }
11-09 19:41:32.035  7205  7205 I Input   : injectKeyEvent: KeyEvent { action=ACTION_UP, keyCode=KEYCODE_DEL, scanCode=0, metaState=0, flags=0x0, repeatCount=0, eventTime=46353711, downTime=46353711, deviceId=-1, source=0x101 }
11-09 19:41:32.037  7205  7205 I Input   : injectKeyEvent: KeyEvent { action=ACTION_DOWN, keyCode=KEYCODE_DEL, scanCode=0, metaState=0, flags=0x0, repeatCount=0, eventTime=46353713, downTime=46353713, deviceId=-1, source=0x101 }
11-09 19:41:32.038  7205  7205 I Input   : injectKeyEvent: KeyEvent { action=ACTION_UP, keyCode=KEYCODE_DEL, scanCode=0, metaState=0, flags=0x0, repeatCount=0, eventTime=46353713, downTime=46353713, deviceId=-1, source=0x101 }
11-09 19:41:32.040  7205  7205 I Input   : injectKeyEvent: KeyEvent { action=ACTION_DOWN, keyCode=KEYCODE_DEL, scanCode=0, metaState=0, flags=0x0, repeatCount=0, eventTime=46353717, downTime=46353717, deviceId=-1, source=0x101 }
11-09 19:41:32.041  7205  7205 I Input   : injectKeyEvent: KeyEvent { action=ACTION_UP, keyCode=KEYCODE_DEL, scanCode=0, metaState=0, flags=0x0, repeatCount=0, eventTime=46353717, downTime=46353717, deviceId=-1, source=0x101 }
11-09 19:41:32.042  7205  7205 I Input   : injectKeyEvent: KeyEvent { action=ACTION_DOWN, keyCode=KEYCODE_DEL, scanCode=0, metaState=0, flags=0x0, repeatCount=0, eventTime=46353719, downTime=46353719, deviceId=-1, source=0x101 }
11-09 19:41:32.044  7205  7205 I Input   : injectKeyEvent: KeyEvent { action=ACTION_UP, keyCode=KEYCODE_DEL, scanCode=0, metaState=0, flags=0x0, repeatCount=0, eventTime=46353719, downTime=46353719, deviceId=-1, source=0x101 }
11-09 19:41:32.046  7205  7205 I Input   : injectKeyEvent: KeyEvent { action=ACTION_DOWN, keyCode=KEYCODE_DEL, scanCode=0, metaState=0, flags=0x0, repeatCount=0, eventTime=46353723, downTime=46353723, deviceId=-1, source=0x101 }
11-09 19:41:32.047  7205  7205 I Input   : injectKeyEvent: KeyEvent { action=ACTION_UP, keyCode=KEYCODE_DEL, scanCode=0, metaState=0, flags=0x0, repeatCount=0, eventTime=46353723, downTime=46353723, deviceId=-1, source=0x101 }
11-09 19:41:32.048  7205  7205 I Input   : injectKeyEvent: KeyEvent { action=ACTION_DOWN, keyCode=KEYCODE_DEL, scanCode=0, metaState=0, flags=0x0, repeatCount=0, eventTime=46353725, downTime=46353725, deviceId=-1, source=0x101 }
11-09 19:41:32.049  7205  7205 I Input   : injectKeyEvent: KeyEvent { action=ACTION_UP, keyCode=KEYCODE_DEL, scanCode=0, metaState=0, flags=0x0, repeatCount=0, eventTime=46353725, downTime=46353725, deviceId=-1, source=0x101 }
11-09 19:41:32.051  7205  7205 I Input   : injectKeyEvent: KeyEvent { action=ACTION_DOWN, keyCode=KEYCODE_DEL, scanCode=0, metaState=0, flags=0x0, repeatCount=0, eventTime=46353727, downTime=46353727, deviceId=-1, source=0x101 }
11-09 19:41:32.052  7205  7205 I Input   : injectKeyEvent: KeyEvent { action=ACTION_UP, keyCode=KEYCODE_DEL, scanCode=0, metaState=0, flags=0x0, repeatCount=0, eventTime=46353727, downTime=46353727, deviceId=-1, source=0x101 }
11-09 19:41:32.053  7205  7205 I Input   : injectKeyEvent: KeyEvent { action=ACTION_DOWN, keyCode=KEYCODE_DEL, scanCode=0, metaState=0, flags=0x0, repeatCount=0, eventTime=46353730, downTime=46353730, deviceId=-1, source=0x101 }
11-09 19:41:32.055  7205  7205 I Input   : injectKeyEvent: KeyEvent { action=ACTION_UP, keyCode=KEYCODE_DEL, scanCode=0, metaState=0, flags=0x0, repeatCount=0, eventTime=46353730, downTime=46353730, deviceId=-1, source=0x101 }
11-09 19:41:32.056  7205  7205 I Input   : injectKeyEvent: KeyEvent { action=ACTION_DOWN, keyCode=KEYCODE_DEL, scanCode=0, metaState=0, flags=0x0, repeatCount=0, eventTime=46353733, downTime=46353733, deviceId=-1, source=0x101 }
11-09 19:41:32.057  7205  7205 I Input   : injectKeyEvent: KeyEvent { action=ACTION_UP, keyCode=KEYCODE_DEL, scanCode=0, metaState=0, flags=0x0, repeatCount=0, eventTime=46353733, downTime=46353733, deviceId=-1, source=0x101 }
11-09 19:41:32.058  7205  7205 I Input   : injectKeyEvent: KeyEvent { action=ACTION_DOWN, keyCode=KEYCODE_DEL, scanCode=0, metaState=0, flags=0x0, repeatCount=0, eventTime=46353735, downTime=46353735, deviceId=-1, source=0x101 }
11-09 19:41:32.059  7205  7205 I Input   : injectKeyEvent: KeyEvent { action=ACTION_UP, keyCode=KEYCODE_DEL, scanCode=0, metaState=0, flags=0x0, repeatCount=0, eventTime=46353735, downTime=46353735, deviceId=-1, source=0x101 }
11-09 19:41:32.061  7205  7205 I Input   : injectKeyEvent: KeyEvent { action=ACTION_DOWN, keyCode=KEYCODE_DEL, scanCode=0, metaState=0, flags=0x0, repeatCount=0, eventTime=46353737, downTime=46353737, deviceId=-1, source=0x101 }
11-09 19:41:32.062  7205  7205 I Input   : injectKeyEvent: KeyEvent { action=ACTION_UP, keyCode=KEYCODE_DEL, scanCode=0, metaState=0, flags=0x0, repeatCount=0, eventTime=46353737, downTime=46353737, deviceId=-1, source=0x101 }
11-09 19:41:32.063  7205  7205 I Input   : injectKeyEvent: KeyEvent { action=ACTION_DOWN, keyCode=KEYCODE_DEL, scanCode=0, metaState=0, flags=0x0, repeatCount=0, eventTime=46353740, downTime=46353740, deviceId=-1, source=0x101 }
11-09 19:41:32.064  7205  7205 I Input   : injectKeyEvent: KeyEvent { action=ACTION_UP, keyCode=KEYCODE_DEL, scanCode=0, metaState=0, flags=0x0, repeatCount=0, eventTime=46353740, downTime=46353740, deviceId=-1, source=0x101 }
11-09 19:41:32.065  7205  7205 I Input   : injectKeyEvent: KeyEvent { action=ACTION_DOWN, keyCode=KEYCODE_DEL, scanCode=0, metaState=0, flags=0x0, repeatCount=0, eventTime=46353742, downTime=46353742, deviceId=-1, source=0x101 }
11-09 19:41:32.066  7205  7205 I Input   : injectKeyEvent: KeyEvent { action=ACTION_UP, keyCode=KEYCODE_DEL, scanCode=0, metaState=0, flags=0x0, repeatCount=0, eventTime=46353742, downTime=46353742, deviceId=-1, source=0x101 }
