--------- beginning of main
11-09 19:29:19.212  1751  1751 W LstmExtension: no lmDescriptor could be found for en_US/20170411
11-09 19:29:19.213  1751  1751 W LstmExtension: no lmDescriptor could be found for en_US/20170411
11-09 19:29:19.419 30733 30733 D AndroidRuntime: >>>>>> START com.android.internal.os.RuntimeInit uid 2000 <<<<<<
11-09 19:29:19.473 30733 30733 W app_process: Unexpected CPU variant for X86 using defaults: x86
11-09 19:29:19.474 30733 30733 I app_process: The ClassLoaderContext is a special shared library.
11-09 19:29:19.475 30733 30733 I app_process: The ClassLoaderContext is a special shared library.
11-09 19:29:19.490 30733 30733 D AndroidRuntime: Calling main entry com.android.commands.uiautomator.Launcher
11-09 19:29:20.518 30733 30733 I AccessibilityNodeInfoDumper: Skipping invisible child: android.view.accessibility.AccessibilityNodeInfo@509c2; boundsInParent: Rect(0, 0 - 1080, 1458); boundsInScreen: Rect(0, 336 - 0, 1794); packageName: org.gnucash.android; className: android.widget.RelativeLayout; text: null; error: null; maxTextLength: -1; contentDescription: null; viewIdResName: org.gnucash.android:id/fragment_account_list; checkable: false; checked: false; focusable: false; focused: false; selected: false; clickable: false; longClickable: false; contextClickable: false; enabled: true; password: false; scrollable: false; importantForAccessibility: false; actions: [AccessibilityAction: ACTION_SELECT - null, AccessibilityAction: ACTION_CLEAR_SELECTION - null, AccessibilityAction: ACTION_ACCESSIBILITY_FOCUS - null, AccessibilityAction: ACTION_SHOW_ON_SCREEN - null]
11-09 19:29:20.519 30733 30733 W AccessibilityNodeInfoDumper: Fetch time: 5ms
11-09 19:29:20.530 30733 30733 D AndroidRuntime: Shutting down VM
11-09 19:29:20.890  2051 30753 E memtrack: Couldn't load memtrack module
11-09 19:29:20.890  2051 30753 W android.os.Debug: failed to get memory consumption info: -1
11-09 19:29:21.392 30762 30762 D AndroidRuntime: >>>>>> START com.android.internal.os.RuntimeInit uid 2000 <<<<<<
11-09 19:29:21.430 30762 30762 W app_process: Unexpected CPU variant for X86 using defaults: x86
11-09 19:29:21.432 30762 30762 I app_process: The ClassLoaderContext is a special shared library.
11-09 19:29:21.432 30762 30762 I app_process: The ClassLoaderContext is a special shared library.
11-09 19:29:21.446 30762 30762 D AndroidRuntime: Calling main entry com.android.commands.uiautomator.Launcher
11-09 19:29:22.297  1649 11374 D WificondControl: Scan result ready event
11-09 19:29:22.471 30762 30762 I AccessibilityNodeInfoDumper: Skipping invisible child: android.view.accessibility.AccessibilityNodeInfo@509cf; boundsInParent: Rect(0, 0 - 1080, 1458); boundsInScreen: Rect(0, 336 - 0, 1794); packageName: org.gnucash.android; className: android.widget.RelativeLayout; text: null; error: null; maxTextLength: -1; contentDescription: null; viewIdResName: org.gnucash.android:id/fragment_account_list; checkable: false; checked: false; focusable: false; focused: false; selected: false; clickable: false; longClickable: false; contextClickable: false; enabled: true; password: false; scrollable: false; importantForAccessibility: false; actions: [AccessibilityAction: ACTION_SELECT - null, AccessibilityAction: ACTION_CLEAR_SELECTION - null, AccessibilityAction: ACTION_ACCESSIBILITY_FOCUS - null, AccessibilityAction: ACTION_SHOW_ON_SCREEN - null]
11-09 19:29:22.472 30762 30762 W AccessibilityNodeInfoDumper: Fetch time: 6ms
11-09 19:29:22.478 30762 30762 D AndroidRuntime: Shutting down VM
11-09 19:29:22.711 30781 30781 D AndroidRuntime: >>>>>> START com.android.internal.os.RuntimeInit uid 2000 <<<<<<
11-09 19:29:22.747 30781 30781 W app_process: Unexpected CPU variant for X86 using defaults: x86
11-09 19:29:22.748 30781 30781 I app_process: The ClassLoaderContext is a special shared library.
11-09 19:29:22.748 30781 30781 I app_process: The ClassLoaderContext is a special shared library.
11-09 19:29:22.761 30781 30781 D AndroidRuntime: Calling main entry com.android.commands.uiautomator.Launcher
11-09 19:29:23.781 30781 30781 I AccessibilityNodeInfoDumper: Skipping invisible child: android.view.accessibility.AccessibilityNodeInfo@509de; boundsInParent: Rect(0, 0 - 1080, 1458); boundsInScreen: Rect(0, 336 - 0, 1794); packageName: org.gnucash.android; className: android.widget.RelativeLayout; text: null; error: null; maxTextLength: -1; contentDescription: null; viewIdResName: org.gnucash.android:id/fragment_account_list; checkable: false; checked: false; focusable: false; focused: false; selected: false; clickable: false; longClickable: false; contextClickable: false; enabled: true; password: false; scrollable: false; importantForAccessibility: false; actions: [AccessibilityAction: ACTION_SELECT - null, AccessibilityAction: ACTION_CLEAR_SELECTION - null, AccessibilityAction: ACTION_ACCESSIBILITY_FOCUS - null, AccessibilityAction: ACTION_SHOW_ON_SCREEN - null]
11-09 19:29:23.783 30781 30781 W AccessibilityNodeInfoDumper: Fetch time: 5ms
11-09 19:29:23.788 30781 30781 D AndroidRuntime: Shutting down VM
11-09 19:29:24.648 30810 30810 D AndroidRuntime: >>>>>> START com.android.internal.os.RuntimeInit uid 2000 <<<<<<
11-09 19:29:24.684 30810 30810 W app_process: Unexpected CPU variant for X86 using defaults: x86
11-09 19:29:24.685 30810 30810 I app_process: The ClassLoaderContext is a special shared library.
11-09 19:29:24.686 30810 30810 I app_process: The ClassLoaderContext is a special shared library.
11-09 19:29:24.700 30810 30810 D AndroidRuntime: Calling main entry com.android.commands.uiautomator.Launcher
11-09 19:29:25.556  2181 30822 E memtrack: Couldn't load memtrack module
11-09 19:29:25.557  2181 30822 W android.os.Debug: failed to get memory consumption info: -1
11-09 19:29:25.726 30810 30810 I AccessibilityNodeInfoDumper: Skipping invisible child: android.view.accessibility.AccessibilityNodeInfo@509e5; boundsInParent: Rect(0, 0 - 1080, 1458); boundsInScreen: Rect(0, 336 - 0, 1794); packageName: org.gnucash.android; className: android.widget.RelativeLayout; text: null; error: null; maxTextLength: -1; contentDescription: null; viewIdResName: org.gnucash.android:id/fragment_account_list; checkable: false; checked: false; focusable: false; focused: false; selected: false; clickable: false; longClickable: false; contextClickable: false; enabled: true; password: false; scrollable: false; importantForAccessibility: false; actions: [AccessibilityAction: ACTION_SELECT - null, AccessibilityAction: ACTION_CLEAR_SELECTION - null, AccessibilityAction: ACTION_ACCESSIBILITY_FOCUS - null, AccessibilityAction: ACTION_SHOW_ON_SCREEN - null]
11-09 19:29:25.727 30810 30810 W AccessibilityNodeInfoDumper: Fetch time: 4ms
11-09 19:29:25.734 30810 30810 D AndroidRuntime: Shutting down VM
11-09 19:29:26.647 30847 30847 D AndroidRuntime: >>>>>> START com.android.internal.os.RuntimeInit uid 2000 <<<<<<
11-09 19:29:26.650 30847 30847 W app_process: Could not reserve sentinel fault page
11-09 19:29:26.682 30847 30847 W app_process: Unexpected CPU variant for X86 using defaults: x86
11-09 19:29:26.683 30847 30847 I app_process: The ClassLoaderContext is a special shared library.
11-09 19:29:26.684 30847 30847 I app_process: The ClassLoaderContext is a special shared library.
11-09 19:29:26.700 30847 30847 D AndroidRuntime: Calling main entry com.android.commands.uiautomator.Launcher
11-09 19:29:27.729 30847 30847 I AccessibilityNodeInfoDumper: Skipping invisible child: android.view.accessibility.AccessibilityNodeInfo@509f0; boundsInParent: Rect(0, 0 - 1080, 1458); boundsInScreen: Rect(0, 336 - 0, 1794); packageName: org.gnucash.android; className: android.widget.RelativeLayout; text: null; error: null; maxTextLength: -1; contentDescription: null; viewIdResName: org.gnucash.android:id/fragment_account_list; checkable: false; checked: false; focusable: false; focused: false; selected: false; clickable: false; longClickable: false; contextClickable: false; enabled: true; password: false; scrollable: false; importantForAccessibility: false; actions: [AccessibilityAction: ACTION_SELECT - null, AccessibilityAction: ACTION_CLEAR_SELECTION - null, AccessibilityAction: ACTION_ACCESSIBILITY_FOCUS - null, AccessibilityAction: ACTION_SHOW_ON_SCREEN - null]
11-09 19:29:27.729 30847 30847 W AccessibilityNodeInfoDumper: Fetch time: 4ms
11-09 19:29:27.738 30847 30847 D AndroidRuntime: Shutting down VM
11-09 19:29:27.919  1450  1502 E SurfaceFlinger: ro.sf.lcd_density must be defined as a build property
11-09 19:29:27.927  1439  1480 D gralloc_ranchu: gralloc_alloc: Creating ashmem region of size 8298496
11-09 19:29:27.934 30863 30863 D         : HostConnection::get() New Host Connection established 0xe85c8240, tid 30863
11-09 19:29:27.950  1450  1502 D gralloc_ranchu: gralloc_unregister_buffer: exiting HostConnection (is buffer-handling thread)
11-09 19:29:27.950  1450  1502 D         : HostConnection::get() New Host Connection established 0xe80a1e40, tid 1502
11-09 19:29:27.950  1450  1502 D gralloc_ranchu: gralloc_unregister_buffer: exiting HostConnection (is buffer-handling thread)
11-09 19:29:28.078  4290  4290 D MediaScannerReceiver: action: android.intent.action.MEDIA_SCANNER_SCAN_FILE path: /storage/emulated/0/screen.png
11-09 19:29:30.464 30875 30875 D AndroidRuntime: >>>>>> START com.android.internal.os.RuntimeInit uid 2000 <<<<<<
11-09 19:29:30.496 30875 30875 W app_process: Unexpected CPU variant for X86 using defaults: x86
11-09 19:29:30.498 30875 30875 I app_process: The ClassLoaderContext is a special shared library.
11-09 19:29:30.498 30875 30875 I app_process: The ClassLoaderContext is a special shared library.
11-09 19:29:30.513 30875 30875 D AndroidRuntime: Calling main entry com.android.commands.uiautomator.Launcher
11-09 19:29:31.537 30875 30875 I AccessibilityNodeInfoDumper: Skipping invisible child: android.view.accessibility.AccessibilityNodeInfo@509fd; boundsInParent: Rect(0, 0 - 1080, 1458); boundsInScreen: Rect(0, 336 - 0, 1794); packageName: org.gnucash.android; className: android.widget.RelativeLayout; text: null; error: null; maxTextLength: -1; contentDescription: null; viewIdResName: org.gnucash.android:id/fragment_account_list; checkable: false; checked: false; focusable: false; focused: false; selected: false; clickable: false; longClickable: false; contextClickable: false; enabled: true; password: false; scrollable: false; importantForAccessibility: false; actions: [AccessibilityAction: ACTION_SELECT - null, AccessibilityAction: ACTION_CLEAR_SELECTION - null, AccessibilityAction: ACTION_ACCESSIBILITY_FOCUS - null, AccessibilityAction: ACTION_SHOW_ON_SCREEN - null]
11-09 19:29:31.537 30875 30875 W AccessibilityNodeInfoDumper: Fetch time: 4ms
11-09 19:29:31.545 30875 30875 D AndroidRuntime: Shutting down VM
11-09 19:29:33.781 30893 30893 D AndroidRuntime: >>>>>> START com.android.internal.os.RuntimeInit uid 2000 <<<<<<
11-09 19:29:33.783 30893 30893 W app_process: Could not reserve sentinel fault page
11-09 19:29:33.817 30893 30893 W app_process: Unexpected CPU variant for X86 using defaults: x86
11-09 19:29:33.818 30893 30893 I app_process: The ClassLoaderContext is a special shared library.
11-09 19:29:33.818 30893 30893 I app_process: The ClassLoaderContext is a special shared library.
11-09 19:29:33.833 30893 30893 D AndroidRuntime: Calling main entry com.android.commands.uiautomator.Launcher
11-09 19:29:34.860 30893 30893 I AccessibilityNodeInfoDumper: Skipping invisible child: android.view.accessibility.AccessibilityNodeInfo@50a0c; boundsInParent: Rect(0, 0 - 1080, 1458); boundsInScreen: Rect(0, 336 - 0, 1794); packageName: org.gnucash.android; className: android.widget.RelativeLayout; text: null; error: null; maxTextLength: -1; contentDescription: null; viewIdResName: org.gnucash.android:id/fragment_account_list; checkable: false; checked: false; focusable: false; focused: false; selected: false; clickable: false; longClickable: false; contextClickable: false; enabled: true; password: false; scrollable: false; importantForAccessibility: false; actions: [AccessibilityAction: ACTION_SELECT - null, AccessibilityAction: ACTION_CLEAR_SELECTION - null, AccessibilityAction: ACTION_ACCESSIBILITY_FOCUS - null, AccessibilityAction: ACTION_SHOW_ON_SCREEN - null]
11-09 19:29:34.861 30893 30893 W AccessibilityNodeInfoDumper: Fetch time: 4ms
11-09 19:29:34.870 30893 30893 D AndroidRuntime: Shutting down VM
11-09 19:29:35.105 30911 30911 D AndroidRuntime: >>>>>> START com.android.internal.os.RuntimeInit uid 2000 <<<<<<
11-09 19:29:35.140 30911 30911 W app_process: Unexpected CPU variant for X86 using defaults: x86
11-09 19:29:35.141 30911 30911 I app_process: The ClassLoaderContext is a special shared library.
11-09 19:29:35.141 30911 30911 I app_process: The ClassLoaderContext is a special shared library.
11-09 19:29:35.157 30911 30911 D AndroidRuntime: Calling main entry com.android.commands.uiautomator.Launcher
11-09 19:29:35.807  1447  1447 I boot-pipe: done populating /dev/random
11-09 19:35:24.233  1751  1751 W LstmExtension: no lmDescriptor could be found for en_US/20170411
11-09 19:35:24.233  1751  1751 W LstmExtension: no lmDescriptor could be found for en_US/20170411
11-09 19:35:24.413  3061  3061 D AndroidRuntime: >>>>>> START com.android.internal.os.RuntimeInit uid 2000 <<<<<<
11-09 19:35:24.415  3061  3061 W app_process: Could not reserve sentinel fault page
11-09 19:35:24.446  3061  3061 W app_process: Unexpected CPU variant for X86 using defaults: x86
11-09 19:35:24.447  3061  3061 I app_process: The ClassLoaderContext is a special shared library.
11-09 19:35:24.447  3061  3061 I app_process: The ClassLoaderContext is a special shared library.
11-09 19:35:24.461  3061  3061 D AndroidRuntime: Calling main entry com.android.commands.uiautomator.Launcher
11-09 19:35:25.477  3061  3061 W AccessibilityNodeInfoDumper: Fetch time: 2ms
--------- beginning of system
11-09 19:35:25.478  1649  4531 W WindowManager: removeWindowToken: Attempted to remove non-existing token: android.os.Binder@6d8edf
11-09 19:35:25.485  3061  3061 D AndroidRuntime: Shutting down VM
11-09 19:35:26.328  3090  3090 D AndroidRuntime: >>>>>> START com.android.internal.os.RuntimeInit uid 2000 <<<<<<
11-09 19:35:26.359  3090  3090 W app_process: Unexpected CPU variant for X86 using defaults: x86
11-09 19:35:26.360  3090  3090 I app_process: The ClassLoaderContext is a special shared library.
11-09 19:35:26.360  3090  3090 I app_process: The ClassLoaderContext is a special shared library.
11-09 19:35:26.372  3090  3090 D AndroidRuntime: Calling main entry com.android.commands.uiautomator.Launcher
11-09 19:35:27.390  3090  3090 W AccessibilityNodeInfoDumper: Fetch time: 2ms
11-09 19:35:27.390  1649  4108 W WindowManager: removeWindowToken: Attempted to remove non-existing token: android.os.Binder@fdbd5f5
11-09 19:35:27.397  3090  3090 D AndroidRuntime: Shutting down VM
11-09 19:35:27.619  3109  3109 D AndroidRuntime: >>>>>> START com.android.internal.os.RuntimeInit uid 2000 <<<<<<
11-09 19:35:27.650  3109  3109 W app_process: Unexpected CPU variant for X86 using defaults: x86
11-09 19:35:27.651  3109  3109 I app_process: The ClassLoaderContext is a special shared library.
11-09 19:35:27.651  3109  3109 I app_process: The ClassLoaderContext is a special shared library.
11-09 19:35:27.664  3109  3109 D AndroidRuntime: Calling main entry com.android.commands.uiautomator.Launcher
11-09 19:35:28.679  3109  3109 W AccessibilityNodeInfoDumper: Fetch time: 1ms
11-09 19:35:28.681  1649  7927 W WindowManager: removeWindowToken: Attempted to remove non-existing token: android.os.Binder@2c639fb
11-09 19:35:28.689  3109  3109 D AndroidRuntime: Shutting down VM
11-09 19:35:29.530  3138  3138 D AndroidRuntime: >>>>>> START com.android.internal.os.RuntimeInit uid 2000 <<<<<<
11-09 19:35:29.560  3138  3138 W app_process: Unexpected CPU variant for X86 using defaults: x86
11-09 19:35:29.561  3138  3138 I app_process: The ClassLoaderContext is a special shared library.
11-09 19:35:29.561  3138  3138 I app_process: The ClassLoaderContext is a special shared library.
11-09 19:35:29.574  3138  3138 D AndroidRuntime: Calling main entry com.android.commands.uiautomator.Launcher
11-09 19:35:30.587  3138  3138 W AccessibilityNodeInfoDumper: Fetch time: 2ms
11-09 19:35:30.588  1649 11374 W WindowManager: removeWindowToken: Attempted to remove non-existing token: android.os.Binder@ce0dc71
11-09 19:35:30.595  3138  3138 D AndroidRuntime: Shutting down VM
11-09 19:35:31.498  3177  3177 D AndroidRuntime: >>>>>> START com.android.internal.os.RuntimeInit uid 2000 <<<<<<
11-09 19:35:31.529  3177  3177 W app_process: Unexpected CPU variant for X86 using defaults: x86
11-09 19:35:31.530  3177  3177 I app_process: The ClassLoaderContext is a special shared library.
11-09 19:35:31.531  3177  3177 I app_process: The ClassLoaderContext is a special shared library.
11-09 19:35:31.546  3177  3177 D AndroidRuntime: Calling main entry com.android.commands.uiautomator.Launcher
11-09 19:35:32.562  3177  3177 W AccessibilityNodeInfoDumper: Fetch time: 2ms
11-09 19:35:32.563  1649  2582 W WindowManager: removeWindowToken: Attempted to remove non-existing token: android.os.Binder@2347ad7
11-09 19:35:32.569  3177  3177 D AndroidRuntime: Shutting down VM
11-09 19:35:32.743  1450  1472 E SurfaceFlinger: ro.sf.lcd_density must be defined as a build property
11-09 19:35:32.749  1439  1481 D gralloc_ranchu: gralloc_alloc: Creating ashmem region of size 8298496
11-09 19:35:32.754  3195  3195 D         : HostConnection::get() New Host Connection established 0xf4548240, tid 3195
11-09 19:35:32.765  1450  1472 D         : HostConnection::get() New Host Connection established 0xe80a1d00, tid 1472
11-09 19:35:32.770  1450  1472 D gralloc_ranchu: gralloc_unregister_buffer: exiting HostConnection (is buffer-handling thread)
11-09 19:35:32.770  1450  1472 D         : HostConnection::get() New Host Connection established 0xe80a1d00, tid 1472
11-09 19:35:32.770  1450  1472 D gralloc_ranchu: gralloc_unregister_buffer: exiting HostConnection (is buffer-handling thread)
11-09 19:35:32.900  4290  4290 D MediaScannerReceiver: action: android.intent.action.MEDIA_SCANNER_SCAN_FILE path: /storage/emulated/0/screen.png
11-09 19:35:35.265  3207  3207 D AndroidRuntime: >>>>>> START com.android.internal.os.RuntimeInit uid 2000 <<<<<<
11-09 19:35:35.295  3207  3207 W app_process: Unexpected CPU variant for X86 using defaults: x86
11-09 19:35:35.297  3207  3207 I app_process: The ClassLoaderContext is a special shared library.
11-09 19:35:35.297  3207  3207 I app_process: The ClassLoaderContext is a special shared library.
11-09 19:35:35.310  3207  3207 D AndroidRuntime: Calling main entry com.android.commands.uiautomator.Launcher
11-09 19:35:35.820  1447  1447 I boot-pipe: done populating /dev/random
11-09 19:40:59.714  1751  1751 W LstmExtension: no lmDescriptor could be found for en_US/20170411
11-09 19:40:59.715  1751  1751 W LstmExtension: no lmDescriptor could be found for en_US/20170411
11-09 19:40:59.898  6813  6813 D AndroidRuntime: >>>>>> START com.android.internal.os.RuntimeInit uid 2000 <<<<<<
11-09 19:40:59.900  6813  6813 W app_process: Could not reserve sentinel fault page
11-09 19:40:59.929  6813  6813 W app_process: Unexpected CPU variant for X86 using defaults: x86
11-09 19:40:59.929  6813  6813 I app_process: The ClassLoaderContext is a special shared library.
11-09 19:40:59.930  6813  6813 I app_process: The ClassLoaderContext is a special shared library.
11-09 19:40:59.943  6813  6813 D AndroidRuntime: Calling main entry com.android.commands.uiautomator.Launcher
11-09 19:41:00.026  1765  2009 D EGL_emulation: eglMakeCurrent: 0xd729fb60: ver 3 0 (tinfo 0xd7dd29c0)
11-09 19:41:00.972  6813  6813 W AccessibilityNodeInfoDumper: Fetch time: 5ms
11-09 19:41:00.979  6813  6813 D AndroidRuntime: Shutting down VM
11-09 19:41:01.829  6842  6842 D AndroidRuntime: >>>>>> START com.android.internal.os.RuntimeInit uid 2000 <<<<<<
11-09 19:41:01.860  6842  6842 W app_process: Unexpected CPU variant for X86 using defaults: x86
11-09 19:41:01.861  6842  6842 I app_process: The ClassLoaderContext is a special shared library.
11-09 19:41:01.861  6842  6842 I app_process: The ClassLoaderContext is a special shared library.
11-09 19:41:01.873  6842  6842 D AndroidRuntime: Calling main entry com.android.commands.uiautomator.Launcher
11-09 19:41:02.898  6842  6842 W AccessibilityNodeInfoDumper: Fetch time: 6ms
11-09 19:41:02.907  6842  6842 D AndroidRuntime: Shutting down VM
11-09 19:41:03.127  6860  6860 D AndroidRuntime: >>>>>> START com.android.internal.os.RuntimeInit uid 2000 <<<<<<
11-09 19:41:03.157  6860  6860 W app_process: Unexpected CPU variant for X86 using defaults: x86
11-09 19:41:03.158  6860  6860 I app_process: The ClassLoaderContext is a special shared library.
11-09 19:41:03.158  6860  6860 I app_process: The ClassLoaderContext is a special shared library.
11-09 19:41:03.170  6860  6860 D AndroidRuntime: Calling main entry com.android.commands.uiautomator.Launcher
11-09 19:41:04.192  6860  6860 I app_process: Deoptimizing java.lang.String com.android.uiautomator.core.AccessibilityNodeInfoDumper.stripInvalidXMLChars(java.lang.CharSequence) due to JIT inline cache
11-09 19:41:04.196  6860  6860 W AccessibilityNodeInfoDumper: Fetch time: 7ms
11-09 19:41:04.202  6860  6860 D AndroidRuntime: Shutting down VM
11-09 19:41:05.036  6888  6888 D AndroidRuntime: >>>>>> START com.android.internal.os.RuntimeInit uid 2000 <<<<<<
11-09 19:41:05.068  6888  6888 W app_process: Unexpected CPU variant for X86 using defaults: x86
11-09 19:41:05.068  6888  6888 I app_process: The ClassLoaderContext is a special shared library.
11-09 19:41:05.069  6888  6888 I app_process: The ClassLoaderContext is a special shared library.
11-09 19:41:05.081  6888  6888 D AndroidRuntime: Calling main entry com.android.commands.uiautomator.Launcher
11-09 19:41:06.109  6888  6888 W AccessibilityNodeInfoDumper: Fetch time: 5ms
11-09 19:41:06.119  6888  6888 D AndroidRuntime: Shutting down VM
11-09 19:41:07.009  6923  6923 D AndroidRuntime: >>>>>> START com.android.internal.os.RuntimeInit uid 2000 <<<<<<
11-09 19:41:07.039  6923  6923 W app_process: Unexpected CPU variant for X86 using defaults: x86
11-09 19:41:07.040  6923  6923 I app_process: The ClassLoaderContext is a special shared library.
11-09 19:41:07.040  6923  6923 I app_process: The ClassLoaderContext is a special shared library.
11-09 19:41:07.051  6923  6923 D AndroidRuntime: Calling main entry com.android.commands.uiautomator.Launcher
11-09 19:41:08.076  6923  6923 I app_process: Deoptimizing java.lang.String com.android.uiautomator.core.AccessibilityNodeInfoDumper.stripInvalidXMLChars(java.lang.CharSequence) due to JIT inline cache
11-09 19:41:08.079  6923  6923 W AccessibilityNodeInfoDumper: Fetch time: 7ms
11-09 19:41:08.087  6923  6923 D AndroidRuntime: Shutting down VM
11-09 19:41:08.260  1450  1472 E SurfaceFlinger: ro.sf.lcd_density must be defined as a build property
11-09 19:41:08.267  1439  1481 D gralloc_ranchu: gralloc_alloc: Creating ashmem region of size 8298496
11-09 19:41:08.271  6939  6939 D         : HostConnection::get() New Host Connection established 0xf33c8240, tid 6939
11-09 19:41:08.287  1450  1472 D gralloc_ranchu: gralloc_unregister_buffer: exiting HostConnection (is buffer-handling thread)
11-09 19:41:08.287  1450  1472 D         : HostConnection::get() New Host Connection established 0xe80a1540, tid 1472
11-09 19:41:08.287  1450  1472 D gralloc_ranchu: gralloc_unregister_buffer: exiting HostConnection (is buffer-handling thread)
11-09 19:41:08.414  4290  4290 D MediaScannerReceiver: action: android.intent.action.MEDIA_SCANNER_SCAN_FILE path: /storage/emulated/0/screen.png
11-09 19:41:10.833  6951  6951 D AndroidRuntime: >>>>>> START com.android.internal.os.RuntimeInit uid 2000 <<<<<<
11-09 19:41:10.835  6951  6951 W app_process: Could not reserve sentinel fault page
11-09 19:41:10.866  6951  6951 W app_process: Unexpected CPU variant for X86 using defaults: x86
11-09 19:41:10.867  6951  6951 I app_process: The ClassLoaderContext is a special shared library.
11-09 19:41:10.867  6951  6951 I app_process: The ClassLoaderContext is a special shared library.
11-09 19:41:10.880  6951  6951 D AndroidRuntime: Calling main entry com.android.commands.uiautomator.Launcher
11-09 19:41:11.903  6951  6951 I app_process: Deoptimizing java.lang.String com.android.uiautomator.core.AccessibilityNodeInfoDumper.stripInvalidXMLChars(java.lang.CharSequence) due to JIT inline cache
11-09 19:41:11.907  6951  6951 W AccessibilityNodeInfoDumper: Fetch time: 7ms
11-09 19:41:11.915  6951  6951 D AndroidRuntime: Shutting down VM
11-09 19:41:14.138  6969  6969 D AndroidRuntime: >>>>>> START com.android.internal.os.RuntimeInit uid 2000 <<<<<<
11-09 19:41:14.140  6969  6969 W app_process: Could not reserve sentinel fault page
11-09 19:41:14.171  6969  6969 W app_process: Unexpected CPU variant for X86 using defaults: x86
11-09 19:41:14.172  6969  6969 I app_process: The ClassLoaderContext is a special shared library.
11-09 19:41:14.172  6969  6969 I app_process: The ClassLoaderContext is a special shared library.
11-09 19:41:14.185  6969  6969 D AndroidRuntime: Calling main entry com.android.commands.uiautomator.Launcher
11-09 19:41:15.210  6969  6969 I app_process: Deoptimizing java.lang.String com.android.uiautomator.core.AccessibilityNodeInfoDumper.stripInvalidXMLChars(java.lang.CharSequence) due to JIT inline cache
11-09 19:41:15.215  6969  6969 W AccessibilityNodeInfoDumper: Fetch time: 8ms
11-09 19:41:15.225  6969  6969 D AndroidRuntime: Shutting down VM
11-09 19:41:15.620  6987  6987 D AndroidRuntime: >>>>>> START com.android.internal.os.RuntimeInit uid 2000 <<<<<<
11-09 19:41:15.699  6987  6987 W app_process: Unexpected CPU variant for X86 using defaults: x86
11-09 19:41:15.701  6987  6987 I app_process: The ClassLoaderContext is a special shared library.
11-09 19:41:15.701  6987  6987 I app_process: The ClassLoaderContext is a special shared library.
11-09 19:41:15.728  6987  6987 D AndroidRuntime: Calling main entry com.android.commands.uiautomator.Launcher
11-09 19:41:16.779  6987  6987 W AccessibilityNodeInfoDumper: Fetch time: 7ms
11-09 19:41:16.802  6987  6987 D AndroidRuntime: Shutting down VM
11-09 19:41:17.051  7004  7004 D AndroidRuntime: >>>>>> START com.android.internal.os.RuntimeInit uid 2000 <<<<<<
11-09 19:41:17.086  7004  7004 W app_process: Unexpected CPU variant for X86 using defaults: x86
11-09 19:41:17.087  7004  7004 I app_process: The ClassLoaderContext is a special shared library.
11-09 19:41:17.088  7004  7004 I app_process: The ClassLoaderContext is a special shared library.
11-09 19:41:17.102  7004  7004 D AndroidRuntime: Calling main entry com.android.commands.uiautomator.Launcher
11-09 19:41:18.126  7004  7004 I app_process: Deoptimizing java.lang.String com.android.uiautomator.core.AccessibilityNodeInfoDumper.stripInvalidXMLChars(java.lang.CharSequence) due to JIT inline cache
11-09 19:41:18.130  7004  7004 W AccessibilityNodeInfoDumper: Fetch time: 7ms
11-09 19:41:18.137  7004  7004 D AndroidRuntime: Shutting down VM
11-09 19:41:18.311  7016  7016 D AndroidRuntime: >>>>>> START com.android.internal.os.RuntimeInit uid 2000 <<<<<<
11-09 19:41:18.346  7016  7016 W app_process: Unexpected CPU variant for X86 using defaults: x86
11-09 19:41:18.347  7016  7016 I app_process: The ClassLoaderContext is a special shared library.
11-09 19:41:18.361  7016  7016 D AndroidRuntime: Calling main entry com.android.commands.input.Input
11-09 19:41:18.363  7016  7016 I Input   : injectMotionEvent: MotionEvent { action=ACTION_DOWN, actionButton=0, id[0]=0, x[0]=540.0, y[0]=328.0, toolType[0]=TOOL_TYPE_UNKNOWN, buttonState=0, metaState=0, flags=0x0, edgeFlags=0x0, pointerCount=1, historySize=0, eventTime=46340038, downTime=46340038, deviceId=0, source=0x1002 }
11-09 19:41:18.365  7016  7016 I Input   : injectMotionEvent: MotionEvent { action=ACTION_UP, actionButton=0, id[0]=0, x[0]=540.0, y[0]=328.0, toolType[0]=TOOL_TYPE_UNKNOWN, buttonState=0, metaState=0, flags=0x0, edgeFlags=0x0, pointerCount=1, historySize=0, eventTime=46340038, downTime=46340038, deviceId=0, source=0x1002 }
11-09 19:41:18.371  7016  7016 D AndroidRuntime: Shutting down VM
11-09 19:41:18.400  1439  1481 D gralloc_ranchu: gralloc_alloc: Creating ashmem region of size 45056
11-09 19:41:18.401  1450  1750 D         : HostConnection::get() New Host Connection established 0xe85d4840, tid 1750
11-09 19:41:18.401  1439  1481 D gralloc_ranchu: gralloc_alloc: Creating ashmem region of size 45056
11-09 19:41:18.402  1439  1481 D gralloc_ranchu: gralloc_alloc: Creating ashmem region of size 45056
11-09 19:41:18.404  1751  1751 W GInputConnectionWrapper: Fixing selection indices to 13, 13
11-09 19:41:18.408 18399 18437 D EGL_emulation: eglMakeCurrent: 0xebe85dc0: ver 3 0 (tinfo 0xd7c46cf0)
11-09 19:41:18.430 18399 18437 D EGL_emulation: eglMakeCurrent: 0xebe85dc0: ver 3 0 (tinfo 0xd7c46cf0)
11-09 19:41:18.462  1439  1481 D gralloc_ranchu: gralloc_alloc: Creating ashmem region of size 8024064
11-09 19:41:18.467  1765  2009 D EGL_emulation: eglMakeCurrent: 0xd729fb60: ver 3 0 (tinfo 0xd7dd29c0)
11-09 19:41:18.467  1439  1480 D gralloc_ranchu: gralloc_alloc: Creating ashmem region of size 8024064
11-09 19:41:18.474  1439  1480 D gralloc_ranchu: gralloc_alloc: Creating ashmem region of size 8024064
11-09 19:41:18.506  1751  1751 W LstmExtension: no lmDescriptor could be found for en_US/20170411
11-09 19:41:18.507  1751  1751 W LstmExtension: no lmDescriptor could be found for en_US/20170411
11-09 19:41:18.514  1751  9832 D EGL_emulation: eglMakeCurrent: 0xd80d37c0: ver 3 0 (tinfo 0xd6830cf0)
11-09 19:41:18.644  7031  7031 D AndroidRuntime: >>>>>> START com.android.internal.os.RuntimeInit uid 2000 <<<<<<
11-09 19:41:18.683  7031  7031 W app_process: Unexpected CPU variant for X86 using defaults: x86
11-09 19:41:18.686  7031  7031 I app_process: The ClassLoaderContext is a special shared library.
11-09 19:41:18.701  7031  7031 D AndroidRuntime: Calling main entry com.android.commands.input.Input
11-09 19:41:18.702  7031  7031 I Input   : injectKeyEvent: KeyEvent { action=ACTION_DOWN, keyCode=KEYCODE_ESCAPE, scanCode=0, metaState=0, flags=0x0, repeatCount=0, eventTime=46340378, downTime=46340378, deviceId=-1, source=0x101 }
11-09 19:41:18.709  7031  7031 I Input   : injectKeyEvent: KeyEvent { action=ACTION_UP, keyCode=KEYCODE_ESCAPE, scanCode=0, metaState=0, flags=0x0, repeatCount=0, eventTime=46340378, downTime=46340378, deviceId=-1, source=0x101 }
11-09 19:41:18.713  7031  7031 D AndroidRuntime: Shutting down VM
11-09 19:41:18.721 18399 18437 D EGL_emulation: eglMakeCurrent: 0xebe85dc0: ver 3 0 (tinfo 0xd7c46cf0)
11-09 19:41:18.724 18399 18437 D EGL_emulation: eglMakeCurrent: 0xebe85dc0: ver 3 0 (tinfo 0xd7c46cf0)
11-09 19:41:18.730  1751  9832 D EGL_emulation: eglMakeCurrent: 0xd80d37c0: ver 3 0 (tinfo 0xd6830cf0)
11-09 19:41:18.731  1450  1750 D gralloc_ranchu: gralloc_unregister_buffer: exiting HostConnection (is buffer-handling thread)
11-09 19:41:18.731  1450  1750 D         : HostConnection::get() New Host Connection established 0xe85d4840, tid 1750
11-09 19:41:18.731  1450  1750 D gralloc_ranchu: gralloc_unregister_buffer: exiting HostConnection (is buffer-handling thread)
11-09 19:41:18.731  1450  1750 D         : HostConnection::get() New Host Connection established 0xe85d4840, tid 1750
11-09 19:41:18.732  1450  1750 D gralloc_ranchu: gralloc_unregister_buffer: exiting HostConnection (is buffer-handling thread)
11-09 19:41:18.732  1450  1750 D         : HostConnection::get() New Host Connection established 0xe85d4840, tid 1750
11-09 19:41:18.732  1450  1750 D gralloc_ranchu: gralloc_unregister_buffer: exiting HostConnection (is buffer-handling thread)
11-09 19:41:18.924  1440 24859 D gralloc_ranchu: gralloc_unregister_buffer: exiting HostConnection (is buffer-handling thread)
11-09 19:41:18.925  1440 24859 D         : HostConnection::get() New Host Connection established 0xf1a23600, tid 24859
11-09 19:41:18.925  1440 24859 D gralloc_ranchu: gralloc_unregister_buffer: exiting HostConnection (is buffer-handling thread)
11-09 19:41:18.932  1440 24859 D         : HostConnection::get() New Host Connection established 0xf1a23600, tid 24859
11-09 19:41:19.308  1751  1751 W LstmExtension: no lmDescriptor could be found for en_US/20170411
11-09 19:41:19.308  1751  1751 W LstmExtension: no lmDescriptor could be found for en_US/20170411
11-09 19:41:19.440  7049  7049 D AndroidRuntime: >>>>>> START com.android.internal.os.RuntimeInit uid 2000 <<<<<<
11-09 19:41:19.473  7049  7049 W app_process: Unexpected CPU variant for X86 using defaults: x86
11-09 19:41:19.474  7049  7049 I app_process: The ClassLoaderContext is a special shared library.
11-09 19:41:19.487  7049  7049 D AndroidRuntime: Calling main entry com.android.commands.input.Input
11-09 19:41:19.487  7049  7049 I Input   : injectKeyEvent: KeyEvent { action=ACTION_DOWN, keyCode=KEYCODE_MOVE_END, scanCode=0, metaState=0, flags=0x0, repeatCount=0, eventTime=46341164, downTime=46341164, deviceId=-1, source=0x101 }
11-09 19:41:19.490  1450  1750 D         : HostConnection::get() New Host Connection established 0xe85d4840, tid 1750
11-09 19:41:19.490  1450  1750 D gralloc_ranchu: gralloc_unregister_buffer: exiting HostConnection (is buffer-handling thread)
11-09 19:41:19.491  1450  1750 D         : HostConnection::get() New Host Connection established 0xe85d4840, tid 1750
11-09 19:41:19.491  1450  1750 D gralloc_ranchu: gralloc_unregister_buffer: exiting HostConnection (is buffer-handling thread)
11-09 19:41:19.497  7049  7049 I Input   : injectKeyEvent: KeyEvent { action=ACTION_UP, keyCode=KEYCODE_MOVE_END, scanCode=0, metaState=0, flags=0x0, repeatCount=0, eventTime=46341164, downTime=46341164, deviceId=-1, source=0x101 }
11-09 19:41:19.498  7049  7049 D AndroidRuntime: Shutting down VM
11-09 19:41:19.648  7059  7059 D AndroidRuntime: >>>>>> START com.android.internal.os.RuntimeInit uid 2000 <<<<<<
11-09 19:41:19.683  1440 24859 D gralloc_ranchu: gralloc_unregister_buffer: exiting HostConnection (is buffer-handling thread)
11-09 19:41:19.683  1440 24859 D         : HostConnection::get() New Host Connection established 0xf1a23600, tid 24859
11-09 19:41:19.684  1440 24859 D gralloc_ranchu: gralloc_unregister_buffer: exiting HostConnection (is buffer-handling thread)
11-09 19:41:19.684  1440 24859 D         : HostConnection::get() New Host Connection established 0xf1a23600, tid 24859
11-09 19:41:19.685  1440 24859 D gralloc_ranchu: gralloc_unregister_buffer: exiting HostConnection (is buffer-handling thread)
11-09 19:41:19.685  1440 24859 D         : HostConnection::get() New Host Connection established 0xf1a23600, tid 24859
11-09 19:41:19.685  1440 24859 D gralloc_ranchu: gralloc_unregister_buffer: exiting HostConnection (is buffer-handling thread)
11-09 19:41:19.686  7059  7059 W app_process: Unexpected CPU variant for X86 using defaults: x86
11-09 19:41:19.688  7059  7059 I app_process: The ClassLoaderContext is a special shared library.
11-09 19:41:19.692  1440 24859 D         : HostConnection::get() New Host Connection established 0xf1a23600, tid 24859
11-09 19:41:19.705  7059  7059 D AndroidRuntime: Calling main entry com.android.commands.input.Input
11-09 19:41:19.705  7059  7059 I Input   : injectKeyEvent: KeyEvent { action=ACTION_DOWN, keyCode=KEYCODE_DEL, scanCode=0, metaState=0, flags=0x0, repeatCount=0, eventTime=46341382, downTime=46341382, deviceId=-1, source=0x101 }
11-09 19:41:19.710  7059  7059 I Input   : injectKeyEvent: KeyEvent { action=ACTION_UP, keyCode=KEYCODE_DEL, scanCode=0, metaState=0, flags=0x0, repeatCount=0, eventTime=46341382, downTime=46341382, deviceId=-1, source=0x101 }
11-09 19:41:19.711  7059  7059 I Input   : injectKeyEvent: KeyEvent { action=ACTION_DOWN, keyCode=KEYCODE_DEL, scanCode=0, metaState=0, flags=0x0, repeatCount=0, eventTime=46341387, downTime=46341387, deviceId=-1, source=0x101 }
11-09 19:41:19.713  7059  7059 I Input   : injectKeyEvent: KeyEvent { action=ACTION_UP, keyCode=KEYCODE_DEL, scanCode=0, metaState=0, flags=0x0, repeatCount=0, eventTime=46341387, downTime=46341387, deviceId=-1, source=0x101 }
11-09 19:41:19.714  7059  7059 I Input   : injectKeyEvent: KeyEvent { action=ACTION_DOWN, keyCode=KEYCODE_DEL, scanCode=0, metaState=0, flags=0x0, repeatCount=0, eventTime=46341391, downTime=46341391, deviceId=-1, source=0x101 }
11-09 19:41:19.717  7059  7059 I Input   : injectKeyEvent: KeyEvent { action=ACTION_UP, keyCode=KEYCODE_DEL, scanCode=0, metaState=0, flags=0x0, repeatCount=0, eventTime=46341391, downTime=46341391, deviceId=-1, source=0x101 }
11-09 19:41:19.721  7059  7059 I Input   : injectKeyEvent: KeyEvent { action=ACTION_DOWN, keyCode=KEYCODE_DEL, scanCode=0, metaState=0, flags=0x0, repeatCount=0, eventTime=46341398, downTime=46341398, deviceId=-1, source=0x101 }
11-09 19:41:19.723  7059  7059 I Input   : injectKeyEvent: KeyEvent { action=ACTION_UP, keyCode=KEYCODE_DEL, scanCode=0, metaState=0, flags=0x0, repeatCount=0, eventTime=46341398, downTime=46341398, deviceId=-1, source=0x101 }
11-09 19:41:19.725  7059  7059 I Input   : injectKeyEvent: KeyEvent { action=ACTION_DOWN, keyCode=KEYCODE_DEL, scanCode=0, metaState=0, flags=0x0, repeatCount=0, eventTime=46341402, downTime=46341402, deviceId=-1, source=0x101 }
11-09 19:41:19.726  7059  7059 I Input   : injectKeyEvent: KeyEvent { action=ACTION_UP, keyCode=KEYCODE_DEL, scanCode=0, metaState=0, flags=0x0, repeatCount=0, eventTime=46341402, downTime=46341402, deviceId=-1, source=0x101 }
11-09 19:41:19.727  7059  7059 I Input   : injectKeyEvent: KeyEvent { action=ACTION_DOWN, keyCode=KEYCODE_DEL, scanCode=0, metaState=0, flags=0x0, repeatCount=0, eventTime=46341404, downTime=46341404, deviceId=-1, source=0x101 }
11-09 19:41:19.729  7059  7059 I Input   : injectKeyEvent: KeyEvent { action=ACTION_UP, keyCode=KEYCODE_DEL, scanCode=0, metaState=0, flags=0x0, repeatCount=0, eventTime=46341404, downTime=46341404, deviceId=-1, source=0x101 }
11-09 19:41:19.730  7059  7059 I Input   : injectKeyEvent: KeyEvent { action=ACTION_DOWN, keyCode=KEYCODE_DEL, scanCode=0, metaState=0, flags=0x0, repeatCount=0, eventTime=46341406, downTime=46341406, deviceId=-1, source=0x101 }
11-09 19:41:19.731  7059  7059 I Input   : injectKeyEvent: KeyEvent { action=ACTION_UP, keyCode=KEYCODE_DEL, scanCode=0, metaState=0, flags=0x0, repeatCount=0, eventTime=46341406, downTime=46341406, deviceId=-1, source=0x101 }
11-09 19:41:19.732  7059  7059 I Input   : injectKeyEvent: KeyEvent { action=ACTION_DOWN, keyCode=KEYCODE_DEL, scanCode=0, metaState=0, flags=0x0, repeatCount=0, eventTime=46341409, downTime=46341409, deviceId=-1, source=0x101 }
11-09 19:41:19.734  7059  7059 I Input   : injectKeyEvent: KeyEvent { action=ACTION_UP, keyCode=KEYCODE_DEL, scanCode=0, metaState=0, flags=0x0, repeatCount=0, eventTime=46341409, downTime=46341409, deviceId=-1, source=0x101 }
11-09 19:41:19.735  7059  7059 I Input   : injectKeyEvent: KeyEvent { action=ACTION_DOWN, keyCode=KEYCODE_DEL, scanCode=0, metaState=0, flags=0x0, repeatCount=0, eventTime=46341412, downTime=46341412, deviceId=-1, source=0x101 }
11-09 19:41:19.736  7059  7059 I Input   : injectKeyEvent: KeyEvent { action=ACTION_UP, keyCode=KEYCODE_DEL, scanCode=0, metaState=0, flags=0x0, repeatCount=0, eventTime=46341412, downTime=46341412, deviceId=-1, source=0x101 }
11-09 19:41:19.740  7059  7059 I Input   : injectKeyEvent: KeyEvent { action=ACTION_DOWN, keyCode=KEYCODE_DEL, scanCode=0, metaState=0, flags=0x0, repeatCount=0, eventTime=46341416, downTime=46341416, deviceId=-1, source=0x101 }
11-09 19:41:19.742  7059  7059 I Input   : injectKeyEvent: KeyEvent { action=ACTION_UP, keyCode=KEYCODE_DEL, scanCode=0, metaState=0, flags=0x0, repeatCount=0, eventTime=46341416, downTime=46341416, deviceId=-1, source=0x101 }
11-09 19:41:19.743  7059  7059 I Input   : injectKeyEvent: KeyEvent { action=ACTION_DOWN, keyCode=KEYCODE_DEL, scanCode=0, metaState=0, flags=0x0, repeatCount=0, eventTime=46341420, downTime=46341420, deviceId=-1, source=0x101 }
11-09 19:41:19.745  7059  7059 I Input   : injectKeyEvent: KeyEvent { action=ACTION_UP, keyCode=KEYCODE_DEL, scanCode=0, metaState=0, flags=0x0, repeatCount=0, eventTime=46341420, downTime=46341420, deviceId=-1, source=0x101 }
11-09 19:41:19.746  7059  7059 I Input   : injectKeyEvent: KeyEvent { action=ACTION_DOWN, keyCode=KEYCODE_DEL, scanCode=0, metaState=0, flags=0x0, repeatCount=0, eventTime=46341423, downTime=46341423, deviceId=-1, source=0x101 }
11-09 19:41:19.748  7059  7059 I Input   : injectKeyEvent: KeyEvent { action=ACTION_UP, keyCode=KEYCODE_DEL, scanCode=0, metaState=0, flags=0x0, repeatCount=0, eventTime=46341423, downTime=46341423, deviceId=-1, source=0x101 }
11-09 19:41:19.749  7059  7059 I Input   : injectKeyEvent: KeyEvent { action=ACTION_DOWN, keyCode=KEYCODE_DEL, scanCode=0, metaState=0, flags=0x0, repeatCount=0, eventTime=46341426, downTime=46341426, deviceId=-1, source=0x101 }
11-09 19:41:19.751  7059  7059 I Input   : injectKeyEvent: KeyEvent { action=ACTION_UP, keyCode=KEYCODE_DEL, scanCode=0, metaState=0, flags=0x0, repeatCount=0, eventTime=46341426, downTime=46341426, deviceId=-1, source=0x101 }
11-09 19:41:19.752  7059  7059 I Input   : injectKeyEvent: KeyEvent { action=ACTION_DOWN, keyCode=KEYCODE_DEL, scanCode=0, metaState=0, flags=0x0, repeatCount=0, eventTime=46341429, downTime=46341429, deviceId=-1, source=0x101 }
11-09 19:41:19.753  7059  7059 I Input   : injectKeyEvent: KeyEvent { action=ACTION_UP, keyCode=KEYCODE_DEL, scanCode=0, metaState=0, flags=0x0, repeatCount=0, eventTime=46341429, downTime=46341429, deviceId=-1, source=0x101 }
11-09 19:41:19.755  7059  7059 I Input   : injectKeyEvent: KeyEvent { action=ACTION_DOWN, keyCode=KEYCODE_DEL, scanCode=0, metaState=0, flags=0x0, repeatCount=0, eventTime=46341432, downTime=46341432, deviceId=-1, source=0x101 }
11-09 19:41:19.758  7059  7059 I Input   : injectKeyEvent: KeyEvent { action=ACTION_UP, keyCode=KEYCODE_DEL, scanCode=0, metaState=0, flags=0x0, repeatCount=0, eventTime=46341432, downTime=46341432, deviceId=-1, source=0x101 }
11-09 19:41:19.759  7059  7059 I Input   : injectKeyEvent: KeyEvent { action=ACTION_DOWN, keyCode=KEYCODE_DEL, scanCode=0, metaState=0, flags=0x0, repeatCount=0, eventTime=46341436, downTime=46341436, deviceId=-1, source=0x101 }
11-09 19:41:19.760  7059  7059 I Input   : injectKeyEvent: KeyEvent { action=ACTION_UP, keyCode=KEYCODE_DEL, scanCode=0, metaState=0, flags=0x0, repeatCount=0, eventTime=46341436, downTime=46341436, deviceId=-1, source=0x101 }
11-09 19:41:19.762  7059  7059 I Input   : injectKeyEvent: KeyEvent { action=ACTION_DOWN, keyCode=KEYCODE_DEL, scanCode=0, metaState=0, flags=0x0, repeatCount=0, eventTime=46341439, downTime=46341439, deviceId=-1, source=0x101 }
11-09 19:41:19.763  7059  7059 I Input   : injectKeyEvent: KeyEvent { action=ACTION_UP, keyCode=KEYCODE_DEL, scanCode=0, metaState=0, flags=0x0, repeatCount=0, eventTime=46341439, downTime=46341439, deviceId=-1, source=0x101 }
11-09 19:41:19.766  7059  7059 I Input   : injectKeyEvent: KeyEvent { action=ACTION_DOWN, keyCode=KEYCODE_DEL, scanCode=0, metaState=0, flags=0x0, repeatCount=0, eventTime=46341442, downTime=46341442, deviceId=-1, source=0x101 }
11-09 19:41:19.767  7059  7059 I Input   : injectKeyEvent: KeyEvent { action=ACTION_UP, keyCode=KEYCODE_DEL, scanCode=0, metaState=0, flags=0x0, repeatCount=0, eventTime=46341442, downTime=46341442, deviceId=-1, source=0x101 }
11-09 19:41:19.768  7059  7059 I Input   : injectKeyEvent: KeyEvent { action=ACTION_DOWN, keyCode=KEYCODE_DEL, scanCode=0, metaState=0, flags=0x0, repeatCount=0, eventTime=46341445, downTime=46341445, deviceId=-1, source=0x101 }
11-09 19:41:19.770  7059  7059 I Input   : injectKeyEvent: KeyEvent { action=ACTION_UP, keyCode=KEYCODE_DEL, scanCode=0, metaState=0, flags=0x0, repeatCount=0, eventTime=46341445, downTime=46341445, deviceId=-1, source=0x101 }
11-09 19:41:19.771  7059  7059 I Input   : injectKeyEvent: KeyEvent { action=ACTION_DOWN, keyCode=KEYCODE_DEL, scanCode=0, metaState=0, flags=0x0, repeatCount=0, eventTime=46341448, downTime=46341448, deviceId=-1, source=0x101 }
11-09 19:41:19.772  7059  7059 I Input   : injectKeyEvent: KeyEvent { action=ACTION_UP, keyCode=KEYCODE_DEL, scanCode=0, metaState=0, flags=0x0, repeatCount=0, eventTime=46341448, downTime=46341448, deviceId=-1, source=0x101 }
11-09 19:41:19.775  7059  7059 I Input   : injectKeyEvent: KeyEvent { action=ACTION_DOWN, keyCode=KEYCODE_DEL, scanCode=0, metaState=0, flags=0x0, repeatCount=0, eventTime=46341451, downTime=46341451, deviceId=-1, source=0x101 }
11-09 19:41:19.776  7059  7059 I Input   : injectKeyEvent: KeyEvent { action=ACTION_UP, keyCode=KEYCODE_DEL, scanCode=0, metaState=0, flags=0x0, repeatCount=0, eventTime=46341451, downTime=46341451, deviceId=-1, source=0x101 }
11-09 19:41:19.778  7059  7059 I Input   : injectKeyEvent: KeyEvent { action=ACTION_DOWN, keyCode=KEYCODE_DEL, scanCode=0, metaState=0, flags=0x0, repeatCount=0, eventTime=46341455, downTime=46341455, deviceId=-1, source=0x101 }
11-09 19:41:19.779  7059  7059 I Input   : injectKeyEvent: KeyEvent { action=ACTION_UP, keyCode=KEYCODE_DEL, scanCode=0, metaState=0, flags=0x0, repeatCount=0, eventTime=46341455, downTime=46341455, deviceId=-1, source=0x101 }
11-09 19:41:19.781  7059  7059 I Input   : injectKeyEvent: KeyEvent { action=ACTION_DOWN, keyCode=KEYCODE_DEL, scanCode=0, metaState=0, flags=0x0, repeatCount=0, eventTime=46341458, downTime=46341458, deviceId=-1, source=0x101 }
11-09 19:41:19.782  7059  7059 I Input   : injectKeyEvent: KeyEvent { action=ACTION_UP, keyCode=KEYCODE_DEL, scanCode=0, metaState=0, flags=0x0, repeatCount=0, eventTime=46341458, downTime=46341458, deviceId=-1, source=0x101 }
11-09 19:41:19.784  7059  7059 I Input   : injectKeyEvent: KeyEvent { action=ACTION_DOWN, keyCode=KEYCODE_DEL, scanCode=0, metaState=0, flags=0x0, repeatCount=0, eventTime=46341460, downTime=46341460, deviceId=-1, source=0x101 }
11-09 19:41:19.785  7059  7059 I Input   : injectKeyEvent: KeyEvent { action=ACTION_UP, keyCode=KEYCODE_DEL, scanCode=0, metaState=0, flags=0x0, repeatCount=0, eventTime=46341460, downTime=46341460, deviceId=-1, source=0x101 }
11-09 19:41:19.786  7059  7059 I Input   : injectKeyEvent: KeyEvent { action=ACTION_DOWN, keyCode=KEYCODE_DEL, scanCode=0, metaState=0, flags=0x0, repeatCount=0, eventTime=46341463, downTime=46341463, deviceId=-1, source=0x101 }
11-09 19:41:19.787  7059  7059 I Input   : injectKeyEvent: KeyEvent { action=ACTION_UP, keyCode=KEYCODE_DEL, scanCode=0, metaState=0, flags=0x0, repeatCount=0, eventTime=46341463, downTime=46341463, deviceId=-1, source=0x101 }
11-09 19:41:19.788  7059  7059 I Input   : injectKeyEvent: KeyEvent { action=ACTION_DOWN, keyCode=KEYCODE_DEL, scanCode=0, metaState=0, flags=0x0, repeatCount=0, eventTime=46341465, downTime=46341465, deviceId=-1, source=0x101 }
11-09 19:41:19.789  7059  7059 I Input   : injectKeyEvent: KeyEvent { action=ACTION_UP, keyCode=KEYCODE_DEL, scanCode=0, metaState=0, flags=0x0, repeatCount=0, eventTime=46341465, downTime=46341465, deviceId=-1, source=0x101 }
11-09 19:41:19.790  7059  7059 I Input   : injectKeyEvent: KeyEvent { action=ACTION_DOWN, keyCode=KEYCODE_DEL, scanCode=0, metaState=0, flags=0x0, repeatCount=0, eventTime=46341467, downTime=46341467, deviceId=-1, source=0x101 }
11-09 19:41:19.791  7059  7059 I Input   : injectKeyEvent: KeyEvent { action=ACTION_UP, keyCode=KEYCODE_DEL, scanCode=0, metaState=0, flags=0x0, repeatCount=0, eventTime=46341467, downTime=46341467, deviceId=-1, source=0x101 }
11-09 19:41:19.792  7059  7059 I Input   : injectKeyEvent: KeyEvent { action=ACTION_DOWN, keyCode=KEYCODE_DEL, scanCode=0, metaState=0, flags=0x0, repeatCount=0, eventTime=46341469, downTime=46341469, deviceId=-1, source=0x101 }
11-09 19:41:19.793  7059  7059 I Input   : injectKeyEvent: KeyEvent { action=ACTION_UP, keyCode=KEYCODE_DEL, scanCode=0, metaState=0, flags=0x0, repeatCount=0, eventTime=46341469, downTime=46341469, deviceId=-1, source=0x101 }
11-09 19:41:19.794  7059  7059 I Input   : injectKeyEvent: KeyEvent { action=ACTION_DOWN, keyCode=KEYCODE_DEL, scanCode=0, metaState=0, flags=0x0, repeatCount=0, eventTime=46341470, downTime=46341470, deviceId=-1, source=0x101 }
11-09 19:41:19.795  7059  7059 I Input   : injectKeyEvent: KeyEvent { action=ACTION_UP, keyCode=KEYCODE_DEL, scanCode=0, metaState=0, flags=0x0, repeatCount=0, eventTime=46341470, downTime=46341470, deviceId=-1, source=0x101 }
11-09 19:41:19.796  7059  7059 I Input   : injectKeyEvent: KeyEvent { action=ACTION_DOWN, keyCode=KEYCODE_DEL, scanCode=0, metaState=0, flags=0x0, repeatCount=0, eventTime=46341473, downTime=46341473, deviceId=-1, source=0x101 }
11-09 19:41:19.797  7059  7059 I Input   : injectKeyEvent: KeyEvent { action=ACTION_UP, keyCode=KEYCODE_DEL, scanCode=0, metaState=0, flags=0x0, repeatCount=0, eventTime=46341473, downTime=46341473, deviceId=-1, source=0x101 }
11-09 19:41:19.799  7059  7059 I Input   : injectKeyEvent: KeyEvent { action=ACTION_DOWN, keyCode=KEYCODE_DEL, scanCode=0, metaState=0, flags=0x0, repeatCount=0, eventTime=46341476, downTime=46341476, deviceId=-1, source=0x101 }
11-09 19:41:19.800  7059  7059 I Input   : injectKeyEvent: KeyEvent { action=ACTION_UP, keyCode=KEYCODE_DEL, scanCode=0, metaState=0, flags=0x0, repeatCount=0, eventTime=46341476, downTime=46341476, deviceId=-1, source=0x101 }
11-09 19:41:19.802  7059  7059 I Input   : injectKeyEvent: KeyEvent { action=ACTION_DOWN, keyCode=KEYCODE_DEL, scanCode=0, metaState=0, flags=0x0, repeatCount=0, eventTime=46341479, downTime=46341479, deviceId=-1, source=0x101 }
11-09 19:41:19.803  7059  7059 I Input   : injectKeyEvent: KeyEvent { action=ACTION_UP, keyCode=KEYCODE_DEL, scanCode=0, metaState=0, flags=0x0, repeatCount=0, eventTime=46341479, downTime=46341479, deviceId=-1, source=0x101 }
