--------- beginning of main
03-19 20:04:40.669  2354  2365 I zygote64: Background concurrent copying GC freed 5924(274KB) AllocSpace objects, 0(0B) LOS objects, 67% free, 755KB/2MB, paused 6.452ms total 23.832ms
03-19 20:04:43.030  7032  7032 D AndroidRuntime: >>>>>> START com.android.internal.os.RuntimeInit uid 2000 <<<<<<
03-19 20:04:43.178  7032  7032 W app_process: Unexpected CPU variant for X86 using defaults: x86_64
--------- beginning of system
03-19 20:04:43.189  1696 13212 I ActivityManager: Process android.process.media (pid 6094) has died: cch+6CEM 
03-19 20:04:43.204  1696  5201 I ActivityManager: Process com.android.documentsui (pid 6242) has died: cch+6CEM 
03-19 20:04:43.255  7032  7032 D AndroidRuntime: Calling main entry com.android.commands.pm.Pm
03-19 20:04:43.302  1696  1711 I ActivityManager: Force stopping com.android.gpstest appid=10114 user=-1: deletePackageX
03-19 20:04:43.303  1696  1711 I ActivityManager: Killing 6410:com.android.gpstest/u0a114 (adj 0): stop com.android.gpstest
03-19 20:04:43.318  1696  1711 W ActivityManager: Force removing ActivityRecord{c4db703 u0 com.android.gpstest/.GpsTestActivity t125}: app died, no saved state
03-19 20:04:43.419  6457  6457 I cr_ChildProcessService: Destroying ChildProcessService pid=6457
03-19 20:04:43.472  1432  1432 D gralloc_ranchu: gralloc_alloc: Creating ashmem region of size 8298496
03-19 20:04:43.473  6457  6457 I /system/bin/webview_zygote32: System.exit called, status: 0
03-19 20:04:43.473  6457  6457 I AndroidRuntime: VM exiting with result code 0, cleanup skipped.
03-19 20:04:43.483  1696  1711 D         : HostConnection::get() New Host Connection established 0x7285aec63740, tid 1711
03-19 20:04:43.520  1696  1760 W InputDispatcher: channel 'db6921a com.android.gpstest/com.android.gpstest.GpsTestActivity (server)' ~ Consumer closed input channel or an error occurred.  events=0x9
03-19 20:04:43.520  1696  1760 E InputDispatcher: channel 'db6921a com.android.gpstest/com.android.gpstest.GpsTestActivity (server)' ~ Channel is unrecoverably broken and will be disposed!
03-19 20:04:43.520  1696  1760 W InputDispatcher: channel 'b9cb727 com.android.gpstest/com.android.gpstest.GpsTestActivity (server)' ~ Consumer closed input channel or an error occurred.  events=0x9
03-19 20:04:43.520  1696  1760 E InputDispatcher: channel 'b9cb727 com.android.gpstest/com.android.gpstest.GpsTestActivity (server)' ~ Channel is unrecoverably broken and will be disposed!
03-19 20:04:43.529  1696  3032 D GnssStatusListenerHelper: Remote Listener died: android.location.IGnssStatusListener$Stub$Proxy@ce1532d
03-19 20:04:43.533  1696  3095 D GnssStatusListenerHelper: Remote Listener died: android.location.IGnssStatusListener$Stub$Proxy@5165062
03-19 20:04:43.534  1696  3834 D ConnectivityService: ConnectivityService NetworkRequestInfo binderDied(NetworkRequest [ LISTEN id=30, [ Capabilities: INTERNET&NOT_RESTRICTED&TRUSTED&FOREGROUND] ], android.os.BinderProxy@4ca45f3)
03-19 20:04:43.579  1696  1778 E ConnectivityService: RemoteException caught trying to send a callback msg for NetworkRequest [ LISTEN id=30, [ Capabilities: INTERNET&NOT_RESTRICTED&TRUSTED&FOREGROUND] ]
03-19 20:04:43.586  1696  1718 W zygote64: Long monitor contention with owner ActivityManager (1711) at void com.android.server.wm.AppWindowContainerController.removeContainer(int)(AppWindowContainerController.java:238) waiters=0 in void com.android.server.wm.WindowManagerService$H.handleMessage(android.os.Message) for 169ms
03-19 20:04:43.588  1696 26700 I WindowManager: WIN DEATH: Window{db6921a u0 com.android.gpstest/com.android.gpstest.GpsTestActivity}
03-19 20:04:43.588  1696 26700 W InputDispatcher: Attempted to unregister already unregistered input channel 'db6921a com.android.gpstest/com.android.gpstest.GpsTestActivity (server)'
03-19 20:04:43.629  1696 26700 W InputDispatcher: Attempted to unregister already unregistered input channel 'b9cb727 com.android.gpstest/com.android.gpstest.GpsTestActivity (server)'
03-19 20:04:43.660  1696  4383 I OpenGLRenderer: Initialized EGL, version 1.4
03-19 20:04:43.661  1696  4383 D OpenGLRenderer: Swap behavior 1
03-19 20:04:43.663  1696  4383 W OpenGLRenderer: Failed to choose config with EGL_SWAP_BEHAVIOR_PRESERVED, retrying without...
03-19 20:04:43.663  1696  4383 D OpenGLRenderer: Swap behavior 0
03-19 20:04:43.670  1696  4383 D EGL_emulation: eglCreateContext: 0x7285af35ade0: maj 3 min 0 rcv 3
03-19 20:04:43.672  1696  4383 D EGL_emulation: eglMakeCurrent: 0x7285af35ade0: ver 3 0 (tinfo 0x7285af31edc0)
03-19 20:04:43.678  1696 20015 W WindowManager: Failed looking up window callers=com.android.server.wm.WindowManagerService.windowForClientLocked:5704 com.android.server.wm.WindowState$DeathRecipient.binderDied:2284 android.os.BinderProxy.sendDeathNotice:828 
03-19 20:04:43.678  1696 20015 I WindowManager: WIN DEATH: null
03-19 20:04:43.722  1696  1711 I ActivityManager: Killing 6457:com.android.chrome:sandboxed_process0/u0a114i20 (adj 0): isolated not needed
03-19 20:04:43.735  1696  1713 W zygote64: failed to open /acct/uid_99020/pid_6457/cgroup.procs: No such file or directory
03-19 20:04:43.781  1696 13212 W zygote64: Long monitor contention with owner ActivityManager (1711) at void com.android.server.am.ActivityManagerService$MainHandler.handleMessage(android.os.Message)(ActivityManagerService.java:2073) waiters=1 in void com.android.server.am.ActivityManagerService.serviceDoneExecuting(android.os.IBinder, int, int, int) for 418ms
03-19 20:04:43.785  1696  1714 E KernelCpuSpeedReader: Failed to read cpu-freq: /sys/devices/system/cpu/cpu0/cpufreq/stats/time_in_state (No such file or directory)
03-19 20:04:43.787  1696  1712 W zygote64: Long monitor contention with owner ActivityManager (1711) at void com.android.server.am.ActivityManagerService$MainHandler.handleMessage(android.os.Message)(ActivityManagerService.java:2073) waiters=0 in void com.android.server.am.ActivityManagerService.dispatchUidsChanged() for 473ms
03-19 20:04:43.794  1696  2649 W zygote64: Long monitor contention with owner ActivityManager (1711) at void com.android.server.am.ActivityManagerService$MainHandler.handleMessage(android.os.Message)(ActivityManagerService.java:2073) waiters=2 in int com.android.server.am.ActivityManagerService.broadcastIntent(android.app.IApplicationThread, android.content.Intent, java.lang.String, android.content.IIntentReceiver, int, java.lang.String, android.os.Bundle, java.lang.String[], int, android.os.Bundle, boolean, boolean, int) for 227ms
03-19 20:04:43.804  1696  1718 W ActivityManager: setHasOverlayUi called on unknown pid: 6410
03-19 20:04:43.822  1696  2649 I GnssLocationProvider: WakeLock acquired by sendMessage(SET_REQUEST, 0, com.android.server.location.GnssLocationProvider$GpsRequest@a5d2061)
03-19 20:04:43.824  1541  1541 I keystore: clear_uid 10114
03-19 20:04:43.855  1696  1706 I zygote64: NativeAllocBackground concurrent copying GC freed 14849(1038KB) AllocSpace objects, 4(100KB) LOS objects, 35% free, 10MB/16MB, paused 11.911ms total 244.523ms
03-19 20:04:43.856  1696  1723 D PackageManager: Ephemeral installer not found with new action; try old one
03-19 20:04:43.866  1696  1723 D PackageManager: Clear ephemeral installer activity
03-19 20:04:43.876  1696  1712 W Looper  : Dispatch took 572ms on android.ui, h=Handler (com.android.server.am.ActivityManagerService$UiHandler) {ffbfe9f} cb=null msg=53
03-19 20:04:43.905  1432  1432 D gralloc_ranchu: gralloc_alloc: Creating ashmem region of size 8298496
03-19 20:04:43.911  1432  1432 I chatty  : uid=1000(system) allocator@2.0-s identical 1 line
03-19 20:04:43.915  1432  1432 D gralloc_ranchu: gralloc_alloc: Creating ashmem region of size 8298496
03-19 20:04:43.955  1442  1442 D SurfaceFlinger: duplicate layer name: changing com.google.android.apps.nexuslauncher/com.google.android.apps.nexuslauncher.NexusLauncherActivity to com.google.android.apps.nexuslauncher/com.google.android.apps.nexuslauncher.NexusLauncherActivity#1
03-19 20:04:43.968  1696  1710 I GnssLocationProvider: WakeLock released by handleMessage(SET_REQUEST, 0, com.android.server.location.GnssLocationProvider$GpsRequest@a5d2061)
03-19 20:04:43.970  1432  1432 D gralloc_ranchu: gralloc_alloc: Creating ashmem region of size 8298496
03-19 20:04:43.976  1432  1432 D gralloc_ranchu: gralloc_alloc: Creating ashmem region of size 8298496
03-19 20:04:43.987  1696 26700 I zygote64: IncrementDisableThreadFlip blocked for 37.822ms
03-19 20:04:43.990  1432  1432 D gralloc_ranchu: gralloc_alloc: Creating ashmem region of size 8298496
03-19 20:04:43.998  1696 13212 I zygote64: IncrementDisableThreadFlip blocked for 39.532ms
03-19 20:04:44.035  2487  2751 D EGL_emulation: eglMakeCurrent: 0xd727f880: ver 3 0 (tinfo 0xd8dec800)
03-19 20:04:44.042  1819  2250 E RecentsTaskLoader: Unexpected null component name or activity info: ComponentInfo{com.android.gpstest/com.android.gpstest.GpsTestActivity}, null
03-19 20:04:44.045  1819  2250 I chatty  : uid=10029(u0_a29) Binder:1819_7 identical 2 lines
03-19 20:04:44.081  1819  2250 E RecentsTaskLoader: Unexpected null component name or activity info: ComponentInfo{com.android.gpstest/com.android.gpstest.GpsTestActivity}, null
03-19 20:04:44.117  2384  2531 D EGL_emulation: eglMakeCurrent: 0x7285c6040ea0: ver 3 0 (tinfo 0x7285c600dbe0)
03-19 20:04:44.157  2487  2487 W SessionLifecycleManager: Handover failed. Creating new session controller.
03-19 20:04:44.276  1819  1832 I zygote64: NativeAllocBackground concurrent copying GC freed 7049(387KB) AllocSpace objects, 0(0B) LOS objects, 49% free, 5MB/10MB, paused 5.932ms total 186.750ms
03-19 20:04:44.357  2487  5982 W LocationOracle: No location history returned by ContextManager
03-19 20:04:44.453  2487  2487 I MicroDetectionWorker: #updateMicroDetector [detectionMode: [mDetectionMode: [1]]]
03-19 20:04:44.453  2487  2487 I MicroDetectionWorker: #startMicroDetector [speakerMode: 0]
03-19 20:04:44.465  2487  2487 I AudioController: Using mInputStreamFactoryBuilder
03-19 20:04:44.506  2487  2487 I MicroDetectionWorker: onReady
03-19 20:04:44.531  2384  2531 W OpenGLRenderer: Incorrectly called buildLayer on View: ShortcutAndWidgetContainer, destroying layer...
03-19 20:04:44.560  2487  6533 I MicroRecognitionRunner: Starting detection.
03-19 20:04:44.580  2487  5981 I MicrophoneInputStream: mic_starting com.google.android.apps.gsa.staticplugins.aa.c@2f4abbf
03-19 20:04:44.654  1696  1723 I zygote64: Explicit concurrent copying GC freed 11357(900KB) AllocSpace objects, 5(116KB) LOS objects, 36% free, 10MB/16MB, paused 36.949ms total 766.646ms
03-19 20:04:44.654  1696  1706 I zygote64: WaitForGcToComplete blocked for 523.111ms for cause NativeAllocBackground
03-19 20:04:44.671  1537  7055 I AudioFlinger: AudioFlinger's thread 0xefd83e40 tid=7055 ready to run
03-19 20:04:44.671  1537  2975 W ServiceManager: Permission failure: android.permission.RECORD_AUDIO from uid=10030 pid=-1
03-19 20:04:44.671  1537  2975 E         : Request requires android.permission.RECORD_AUDIO
03-19 20:04:44.671  1537  2975 E AudioFlinger: openRecord() permission denied: recording not allowed
03-19 20:04:44.671  2487  5981 E AudioRecord: AudioFlinger could not create record track, status: -1
03-19 20:04:44.686  2487  5981 E AudioRecord-JNI: Error creating AudioRecord instance: initialization check failed with status -1.
03-19 20:04:44.686  2487  5981 E android.media.AudioRecord: Error code -20 when initializing native AudioRecord object.
03-19 20:04:44.686  2487  5981 I MicrophoneInputStream: mic_started com.google.android.apps.gsa.staticplugins.aa.c@2f4abbf
03-19 20:04:44.689  2111  2123 I zygote64: Background concurrent copying GC freed 7165(408KB) AllocSpace objects, 0(0B) LOS objects, 43% free, 7MB/13MB, paused 6.461ms total 193.883ms
03-19 20:04:44.700  2487  5981 E ActivityThread: Failed to find provider info for com.google.android.apps.gsa.testing.ui.audio.recorded
03-19 20:04:44.701  2487  2487 I MicroDetectionWorker: onReady
03-19 20:04:44.709  2487  5981 I MicrophoneInputStream: mic_close com.google.android.apps.gsa.staticplugins.aa.c@2f4abbf
03-19 20:04:44.713  2487  6533 I MicroRecognitionRunner: Detection finished
03-19 20:04:44.714  2487  6533 W ErrorReporter: reportError [type: 211, code: 524300]: Error reading from input stream
03-19 20:04:44.716  2487  2804 I MicroRecognitionRunner: Stopping hotword detection.
03-19 20:04:44.729  2487  6533 W ErrorProcessor: onFatalError, processing error from engine(4)
03-19 20:04:44.729  2487  6533 W ErrorProcessor: com.google.android.apps.gsa.shared.speech.b.g: Error reading from input stream
03-19 20:04:44.729  2487  6533 W ErrorProcessor: 	at com.google.android.apps.gsa.staticplugins.recognizer.j.a.a(SourceFile:28)
03-19 20:04:44.729  2487  6533 W ErrorProcessor: 	at com.google.android.apps.gsa.staticplugins.recognizer.j.b.run(SourceFile:15)
03-19 20:04:44.729  2487  6533 W ErrorProcessor: 	at java.util.concurrent.Executors$RunnableAdapter.call(Executors.java:457)
03-19 20:04:44.729  2487  6533 W ErrorProcessor: 	at java.util.concurrent.FutureTask.run(FutureTask.java:266)
03-19 20:04:44.729  2487  6533 W ErrorProcessor: 	at com.google.android.apps.gsa.shared.util.concurrent.a.ax.run(SourceFile:14)
03-19 20:04:44.729  2487  6533 W ErrorProcessor: 	at com.google.android.apps.gsa.shared.util.concurrent.a.bl.run(SourceFile:4)
03-19 20:04:44.729  2487  6533 W ErrorProcessor: 	at com.google.android.apps.gsa.shared.util.concurrent.a.bl.run(SourceFile:4)
03-19 20:04:44.729  2487  6533 W ErrorProcessor: 	at java.util.concurrent.ThreadPoolExecutor.runWorker(ThreadPoolExecutor.java:1162)
03-19 20:04:44.729  2487  6533 W ErrorProcessor: 	at java.util.concurrent.ThreadPoolExecutor$Worker.run(ThreadPoolExecutor.java:636)
03-19 20:04:44.729  2487  6533 W ErrorProcessor: 	at java.lang.Thread.run(Thread.java:764)
03-19 20:04:44.729  2487  6533 W ErrorProcessor: 	at com.google.android.apps.gsa.shared.util.concurrent.a.ai.run(SourceFile:6)
03-19 20:04:44.729  2487  6533 W ErrorProcessor: Caused by: com.google.android.apps.gsa.shared.exception.GsaIOException: Error code: 393238 | Buffer overflow, no available space.
03-19 20:04:44.729  2487  6533 W ErrorProcessor: 	at com.google.android.apps.gsa.speech.audio.Tee.f(SourceFile:103)
03-19 20:04:44.729  2487  6533 W ErrorProcessor: 	at com.google.android.apps.gsa.speech.audio.au.read(SourceFile:2)
03-19 20:04:44.729  2487  6533 W ErrorProcessor: 	at java.io.InputStream.read(InputStream.java:101)
03-19 20:04:44.729  2487  6533 W ErrorProcessor: 	at com.google.android.apps.gsa.speech.audio.ao.run(SourceFile:18)
03-19 20:04:44.729  2487  6533 W ErrorProcessor: 	at com.google.android.apps.gsa.speech.audio.an.run(SourceFile:2)
03-19 20:04:44.729  2487  6533 W ErrorProcessor: 	... 9 more
03-19 20:04:44.729  2487  6533 I AudioController: internalShutdown
03-19 20:04:44.731  7032  7032 I app_process: System.exit called, status: 0
03-19 20:04:44.731  7032  7032 I AndroidRuntime: VM exiting with result code 0.
03-19 20:04:44.743  7032  7043 W MessageQueue: Handler (android.os.Handler) {8f7a52a} sending message to a Handler on a dead thread
03-19 20:04:44.743  7032  7043 W MessageQueue: java.lang.IllegalStateException: Handler (android.os.Handler) {8f7a52a} sending message to a Handler on a dead thread
03-19 20:04:44.743  7032  7043 W MessageQueue: 	at android.os.MessageQueue.enqueueMessage(MessageQueue.java:545)
03-19 20:04:44.743  7032  7043 W MessageQueue: 	at android.os.Handler.enqueueMessage(Handler.java:661)
03-19 20:04:44.743  7032  7043 W MessageQueue: 	at android.os.Handler.sendMessageAtTime(Handler.java:630)
03-19 20:04:44.743  7032  7043 W MessageQueue: 	at android.os.Handler.sendMessageDelayed(Handler.java:600)
03-19 20:04:44.743  7032  7043 W MessageQueue: 	at android.os.Handler.post(Handler.java:356)
03-19 20:04:44.743  7032  7043 W MessageQueue: 	at android.os.ResultReceiver$MyResultReceiver.send(ResultReceiver.java:57)
03-19 20:04:44.743  7032  7043 W MessageQueue: 	at com.android.internal.os.IResultReceiver$Stub.onTransact(IResultReceiver.java:58)
03-19 20:04:44.743  7032  7043 W MessageQueue: 	at android.os.Binder.execTransact(Binder.java:674)
03-19 20:04:44.748  1696 26700 I GnssLocationProvider: WakeLock acquired by sendMessage(SET_REQUEST, 0, com.android.server.location.GnssLocationProvider$GpsRequest@4b1df70)
03-19 20:04:44.762  2487  2487 I MicroDetector: Keeping mic open: false
03-19 20:04:44.762  2487  2487 I MicroDetectionWorker: #onError(false)
03-19 20:04:44.764  1696  1710 I GnssLocationProvider: WakeLock released by handleMessage(SET_REQUEST, 0, com.android.server.location.GnssLocationProvider$GpsRequest@4b1df70)
03-19 20:04:44.765  2487  5231 I DeviceStateChecker: DeviceStateChecker cancelled
03-19 20:04:44.784  1696  1706 I zygote64: NativeAllocBackground concurrent copying GC freed 5059(604KB) AllocSpace objects, 1(20KB) LOS objects, 36% free, 10MB/16MB, paused 7.480ms total 97.761ms
03-19 20:04:44.799  1696  1723 I ActivityManager: Force stopping com.android.gpstest appid=10114 user=0: pkg removed
03-19 20:04:44.847  1696  1761 I InputReader: Reconfiguring input devices.  changes=0x00000010
03-19 20:04:44.858  1696  1711 W BroadcastQueue: Background execution not allowed: receiving Intent { act=android.intent.action.PACKAGE_REMOVED dat=package:com.android.gpstest flg=0x4000010 (has extras) } to com.google.android.gms/.games.chimera.GamesSystemBroadcastReceiverProxy
03-19 20:04:44.940  1696  1696 I ActivityManager: Start proc 7062:com.android.keychain/1000 for service com.android.keychain/.KeyChainService
03-19 20:04:44.941  1696  1711 W BroadcastQueue: Background execution not allowed: receiving Intent { act=android.intent.action.PACKAGE_REMOVED dat=package:com.android.gpstest flg=0x4000010 (has extras) } to com.google.android.gms/.chimera.GmsIntentOperationService$PersistentTrustedReceiver
03-19 20:04:44.942  1696  1711 W BroadcastQueue: Background execution not allowed: receiving Intent { act=android.intent.action.PACKAGE_REMOVED dat=package:com.android.gpstest flg=0x4000010 (has extras) } to com.google.android.googlequicksearchbox/com.google.android.apps.gsa.googlequicksearchbox.GelStubAppWatcher
03-19 20:04:44.953  2384  2410 I zygote64: Background concurrent copying GC freed 5503(412KB) AllocSpace objects, 5(172KB) LOS objects, 49% free, 4MB/8MB, paused 23.562ms total 146.923ms
03-19 20:04:44.964  2111  6537 I LogUtils: [Places]: ?: Couldn't find platform key file. [CONTEXT service_id=253 ]
03-19 20:04:44.967  2111  2111 I GeofencerStateMachine: removeGeofences: removeRequest=RemoveGeofencingRequest[REMOVE_ALL packageName=com.android.gpstest]
03-19 20:04:44.983  7062  7062 W zygote64: Unexpected CPU variant for X86 using defaults: x86_64
03-19 20:04:44.985  1696  1711 I ActivityManager: Start proc 7068:com.android.documentsui/u0a12 for broadcast com.android.documentsui/.PackageReceiver
03-19 20:04:44.986  1696  1835 W ActivityManager: Permission Denial: Accessing service ComponentInfo{com.google.android.music/com.google.android.music.dial.DialMediaRouteProviderService} from pid=5674, uid=10046 that is not exported from uid 10059
03-19 20:04:44.998  1937  1937 D CarrierSvcBindHelper: No carrier app for: 0
03-19 20:04:45.010  7068  7068 W zygote64: Unexpected CPU variant for X86 using defaults: x86_64
03-19 20:04:45.132  1696  3834 I ActivityManager: Start proc 7099:com.google.android.gms.ui/u0a13 for service com.google.android.gms/.chimera.UiIntentOperationService
03-19 20:04:45.172  7099  7099 W zygote64: Unexpected CPU variant for X86 using defaults: x86_64
03-19 20:04:45.218  2111  7080 I Fitness : FitCleanupIntentOperation received Intent android.intent.action.PACKAGE_REMOVED [CONTEXT service_id=17 ]
03-19 20:04:45.288  2318  6389 I ContentMaintenance: Internal cache bytes used: 0; limit: 100000000; download size: 0
03-19 20:04:45.290  1696  1696 D ZenLog  : config: removeAutomaticZenRules,ZenModeConfig[user=0,allowCalls=true,allowRepeatCallers=false,allowMessages=false,allowCallsFrom=contacts,allowMessagesFrom=contacts,allowReminders=true,allowEvents=true,allowWhenScreenOff=true,allowWhenScreenOn=true,automaticRules={18617f0dce2c4cc69c07d77a6b7587e0=ZenRule[enabled=false,snoozing=false,name=Event,zenMode=ZEN_MODE_ALARMS,conditionId=condition://android/event?userId=-10000&calendar=&reply=1,condition=Condition[id=condition://android/event?userId=-10000&calendar=&reply=1,summary=...,line1=...,line2=...,icon=0,state=STATE_FALSE,flags=2],component=ComponentInfo{android/com.android.server.notification.EventConditionProvider},id=18617f0dce2c4cc69c07d77a6b7587e0,creationTime=1678747469941,enabler=null], 962c3b00c93043f0a76b204c54f4dc83=ZenRule[enabled=false,snoozing=false,name=Weeknight,zenMode=ZEN_MODE_ALARMS,conditionId=condition://android/schedule?days=1.2.3.4.5&start=22.0&end=7.0&exitAtAlarm=false,condition=Condition[id=condition://android/schedule?days=1.2.3.4.5&start=22.0&end=7.0&exitAtAlarm=false,summary=...,line1=...,line2=...,icon=0,state=STATE_FALSE,flags=2],component=ComponentInfo{android/com.android.server.notification.ScheduleConditionProvider},id=962c3b00c93043f0a76b204c54f4dc83,creationTime=1678747469941,enabler=null], b7e77a87e0204e52bf7eea0d56fef88a=ZenRule[enabled=false,snoozing=false,name=Weekend,zenMode=ZEN_MODE_ALARMS,conditionId=condition://android/schedule?days=6.7&start=23.30&end=10.0&exitAtAlarm=false,condition=Condition[id=condition://android/schedule?days=6.7&start=23.30&end=10.0&exitAtAlarm=false,summary=...,line1=...,line2=...,icon=0,state=STATE_FALSE,flags=2],component=ComponentInfo{android/com.android.server.notification.ScheduleConditionProvider},id=b7e77a87e0204e52bf7eea0d56fef88a,creationTime=1678747469941,enabler=null]},manualRule=null],Diff[]
03-19 20:04:45.447  2318  6389 I RealtimeCacheCleanup: Beginning Realtime garbage collection.
03-19 20:04:45.478  2318  4496 I Icing   : doRemovePackageData com.android.gpstest
03-19 20:04:45.499  2318  6389 I RealtimeCacheCleanup: Finished Realtime garbage collection.
03-19 20:04:45.542  2318  2798 I Icing   : IndexChimeraService.getServiceInterface callingPackage=com.google.android.gms componentName=AppsCorpus serviceId=36
03-19 20:04:45.620  2111  5227 I ctxmgr  : [ProducerStatusImpl] updateStateForNewContextData: inactive, contextName=7 [CONTEXT service_id=47 ]
03-19 20:04:45.660  2111  2111 I GeofencerStateMachine: removeGeofences: removeRequest=RemoveGeofencingRequest[REMOVE_BY_PENDING_INTENT pendingIntent=PendingIntent[creatorPackage=com.google.android.gms], packageName=com.google.android.gms]
03-19 20:04:45.670  2111  2111 I GeofencerStateMachine: removeGeofences: removeRequest=RemoveGeofencingRequest[REMOVE_BY_PENDING_INTENT pendingIntent=PendingIntent[creatorPackage=com.google.android.gms], packageName=com.google.android.gms]
03-19 20:04:45.784  2111  6537 I LogUtils: [Places]: ?: Couldn't find platform key file. [CONTEXT service_id=253 ]
03-19 20:04:45.871  2487  5982 W zygote  : Long monitor contention with owner NonUserFacing16 (17627) at boolean com.google.android.apps.gsa.staticplugins.r.o.aNT()(SourceFile:79) waiters=0 in void com.google.android.apps.gsa.staticplugins.r.o.b(com.google.android.libraries.f.c.f) for 216ms
03-19 20:04:45.876  2487  5231 W zygote  : Long monitor contention with owner NonUserFacing16 (17627) at boolean com.google.android.apps.gsa.staticplugins.r.o.aNT()(SourceFile:79) waiters=1 in void com.google.android.apps.gsa.staticplugins.r.o.b(com.google.android.libraries.f.c.f) for 227ms
03-19 20:04:45.897  2111  7133 I PlacesLogger: [PlaceInferenceEngine]: [anon] Changed inference mode: 0 [CONTEXT service_id=253 ]
03-19 20:04:45.905  2111  7141 I LogUtils: [Places]: ?: Couldn't find platform key file. [CONTEXT service_id=253 ]
03-19 20:04:45.934  2111  7143 I LogUtils: [Places]: ?: Couldn't find platform key file. [CONTEXT service_id=253 ]
03-19 20:04:45.994  2318  5127 W Icing   : No valid account for uploading user actions
03-19 20:04:46.011  2111  7133 I LogUtils: [Places]: ?: PlacesBleScanner start() with priority 2 [CONTEXT service_id=253 ]
03-19 20:04:46.012  2111  7133 I PlacesLogger: [PlaceInferenceEngine]: [anon] Changed inference mode: 1 [CONTEXT service_id=253 ]
03-19 20:04:46.049  1696  1696 D ZenLog  : set_zen_mode: off,removeAutomaticZenRules
03-19 20:04:46.079  2354  2365 I zygote64: Background concurrent copying GC freed 5706(271KB) AllocSpace objects, 0(0B) LOS objects, 66% free, 756KB/2MB, paused 11.055ms total 36.830ms
03-19 20:04:46.107  2111  2111 E BeaconBle: Missing BluetoothAdapter [CONTEXT service_id=111 ]
03-19 20:04:46.107  2111  2111 I BeaconBle: BLE 'KK+' software access layer enabled [CONTEXT service_id=111 ]
03-19 20:04:46.108  7099  7099 W DynamiteModule: Local module descriptor class for providerinstaller not found.
03-19 20:04:46.159  2111  5227 I LogUtils: [Places]: ?: Couldn't find platform key file. [CONTEXT service_id=253 ]
03-19 20:04:46.174  7099  7099 W ProviderHelper: Unknown dynamite feature providerinstaller
03-19 20:04:46.208  7099  7099 I DynamiteModule: Considering local module providerinstaller:0 and remote module providerinstaller:0
03-19 20:04:46.209  2111  2111 I BeaconBle: Client requested scan, settings=BleSettings [scanMode=ZERO_POWER, callbackType=ALL_MATCHES, reportDelayMillis=0, 1 filters, 0 clients, callingClientName=Places] [CONTEXT service_id=111 ]
03-19 20:04:46.209  7099  7099 W ProviderInstaller: Failed to load providerinstaller module: No acceptable module found. Local version is 0 and remote version is 0.
03-19 20:04:46.210  2111  2111 I BeaconBle: Scan : No clients left, canceling alarm. [CONTEXT service_id=111 ]
03-19 20:04:46.214  2111  2111 E BeaconBle: Scan couldn't start for Places [CONTEXT service_id=111 ]
03-19 20:04:46.215  2111  2111 W Places  : BLE failure while scanning - code 5
03-19 20:04:46.199  2318  5127 I Icing   : Usage reports ok 0, Failed Usage reports 0, indexed 0, rejected 0
03-19 20:04:46.208  7099  7099 I DynamiteModule: Considering local module providerinstaller:0 and remote module providerinstaller:0
03-19 20:04:46.209  2111  2111 I BeaconBle: Client requested scan, settings=BleSettings [scanMode=ZERO_POWER, callbackType=ALL_MATCHES, reportDelayMillis=0, 1 filters, 0 clients, callingClientName=Places] [CONTEXT service_id=111 ]
03-19 20:04:46.209  7099  7099 W ProviderInstaller: Failed to load providerinstaller module: No acceptable module found. Local version is 0 and remote version is 0.
03-19 20:04:46.210  2111  2111 I BeaconBle: Scan : No clients left, canceling alarm. [CONTEXT service_id=111 ]
03-19 20:04:46.214  2111  2111 E BeaconBle: Scan couldn't start for Places [CONTEXT service_id=111 ]
03-19 20:04:46.215  2111  2111 W Places  : BLE failure while scanning - code 5
03-19 20:04:46.221  2318  2798 I Icing   : IndexChimeraService.getServiceInterface callingPackage=com.google.android.gms componentName=null serviceId=30
03-19 20:04:46.230  7099  7099 V NativeCrypto: Registering com/google/android/gms/org/conscrypt/NativeCrypto's 286 native methods...
03-19 20:04:46.248  1696  1723 I PackageManager.DexOptimizer: Running dexopt (dexoptNeeded=1) on: /data/app/vmdl1265188875.tmp/base.apk pkg=com.android.gpstest isa=x86_64 dexoptFlags=boot_complete,public target-filter=quicken oatDir=/data/app/vmdl1265188875.tmp/oat sharedLibraries=null
03-19 20:04:46.257  1696  2649 I ActivityManager: Start proc 7148:android.process.media/u0a8 for broadcast com.android.providers.downloads/.DownloadReceiver
03-19 20:04:46.272  7148  7148 W zygote64: Unexpected CPU variant for X86 using defaults: x86_64
03-19 20:04:46.286  2318  5127 I Icing   : Indexing com.google.android.gms-apps from com.google.android.gms
03-19 20:04:46.300  7099  7099 D NetworkSecurityConfig: Using Network Security Config from resource network_security_config debugBuild: false
03-19 20:04:46.305  2111  7133 I Places  : Converted 0 out of 1 WiFi scans
03-19 20:04:46.310  7099  7099 I ProviderInstaller: Installed default security provider GmsCore_OpenSSL
03-19 20:04:46.310  7099  7099 I Safeboot: Checking safeboot...
03-19 20:04:46.312  7099  7099 I Safeboot: Not entering safeboot; wrong process.
03-19 20:04:46.350  2318  5127 W Icing   : No valid account for uploading user actions
03-19 20:04:46.385  2318  5127 I Icing   : Usage reports ok 0, Failed Usage reports 0, indexed 0, rejected 0
03-19 20:04:46.389  2318  5127 I Icing   : Indexing done com.google.android.gms-apps
03-19 20:04:46.392  2111  7140 I LogUtils: [Places]: ?: Couldn't find platform key file. [CONTEXT service_id=253 ]
03-19 20:04:46.397  2111  7133 I PlacesLogger: [PlaceInferenceEngine]: [anon] Changed inference mode: 1 [CONTEXT service_id=253 ]
03-19 20:04:46.399  2111  5227 I LogUtils: [Places]: ?: Couldn't find platform key file. [CONTEXT service_id=253 ]
03-19 20:04:46.403  2111  7140 I LogUtils: [Places]: ?: Couldn't find platform key file. [CONTEXT service_id=253 ]
03-19 20:04:46.467  2111  7140 I chatty  : uid=10013(u0_a13) lowpool[112] identical 1 line
03-19 20:04:46.502  2111  7140 I LogUtils: [Places]: ?: Couldn't find platform key file. [CONTEXT service_id=253 ]
03-19 20:04:46.508  2111  5989 I PlacesLogger: [PlaceInferenceEngine]: No beacon scan available - ignoring candidates. [CONTEXT service_id=253 ]
03-19 20:04:46.577  7068  7130 I ProvidersCache: Provider returned no roots. Possibly naughty: com.google.android.apps.docs.storage
03-19 20:04:46.662  7149  7149 W dex2oat : Unexpected CPU variant for X86 using defaults: x86_64
03-19 20:04:46.666  7149  7149 I dex2oat : /system/bin/dex2oat --input-vdex-fd=-1 --output-vdex-fd=10 --compiler-filter=quicken --classpath-dir=/data/app/vmdl1265188875.tmp
03-19 20:04:46.674  2111  5989 I LogUtils: [Places]: ?: Couldn't find platform key file. [CONTEXT service_id=253 ]
03-19 20:04:46.703  7099  7099 I bezb    : Primes not initialized, returning default (no-op) Primes instance which will ignore all calls. Please call Primes.initialize(...) before using any Primes API.
03-19 20:04:46.803  1696  1706 I zygote64: Background concurrent copying GC freed 21534(1748KB) AllocSpace objects, 7(188KB) LOS objects, 35% free, 10MB/16MB, paused 3.419ms total 156.670ms
03-19 20:04:46.865  1696  3032 I ActivityManager: Process com.google.android.apps.docs (pid 6299) has died: cch+6CEM 
03-19 20:04:46.894  1433  1462 D hwcomposer: hw_composer sent 291 syncs in 61s
03-19 20:04:48.496  1440  1440 I boot-pipe: done populating /dev/random
03-19 20:04:49.780  2487  2487 I MicroDetectionWorker: #updateMicroDetector [detectionMode: [mDetectionMode: [1]]]
03-19 20:04:49.781  2487  2487 I MicroDetectionWorker: #startMicroDetector [speakerMode: 0]
03-19 20:04:49.801  2487  2487 I AudioController: Using mInputStreamFactoryBuilder
03-19 20:04:49.809  2487  2487 I MicroDetectionWorker: onReady
03-19 20:04:49.848  2487  5231 I MicroRecognitionRunner: Starting detection.
03-19 20:04:49.850  2487  5981 I MicrophoneInputStream: mic_starting com.google.android.apps.gsa.staticplugins.aa.c@74deec0
03-19 20:04:49.861  1537  7195 I AudioFlinger: AudioFlinger's thread 0xefd83780 tid=7195 ready to run
03-19 20:04:49.863  1537  2975 W ServiceManager: Permission failure: android.permission.RECORD_AUDIO from uid=10030 pid=-1
03-19 20:04:49.863  1537  2975 E         : Request requires android.permission.RECORD_AUDIO
03-19 20:04:49.863  1537  2975 E AudioFlinger: openRecord() permission denied: recording not allowed
03-19 20:04:49.864  2487  5981 E AudioRecord: AudioFlinger could not create record track, status: -1
03-19 20:04:49.902  2487  5981 E AudioRecord-JNI: Error creating AudioRecord instance: initialization check failed with status -1.
03-19 20:04:49.912  2487  5981 E android.media.AudioRecord: Error code -20 when initializing native AudioRecord object.
03-19 20:04:49.913  2487  5981 I MicrophoneInputStream: mic_started com.google.android.apps.gsa.staticplugins.aa.c@74deec0
03-19 20:04:49.916  2487  5981 E ActivityThread: Failed to find provider info for com.google.android.apps.gsa.testing.ui.audio.recorded
03-19 20:04:49.920  2487  2487 I MicroDetectionWorker: onReady
03-19 20:04:49.941  2487  5981 I MicrophoneInputStream: mic_close com.google.android.apps.gsa.staticplugins.aa.c@74deec0
03-19 20:04:49.958  2487  5231 I MicroRecognitionRunner: Detection finished
03-19 20:04:49.958  2487  5231 W ErrorReporter: reportError [type: 211, code: 524300]: Error reading from input stream
03-19 20:04:49.959  2487  2804 I MicroRecognitionRunner: Stopping hotword detection.
03-19 20:04:49.961  2487  5231 W ErrorProcessor: onFatalError, processing error from engine(4)
03-19 20:04:49.961  2487  5231 W ErrorProcessor: com.google.android.apps.gsa.shared.speech.b.g: Error reading from input stream
03-19 20:04:49.961  2487  5231 W ErrorProcessor: 	at com.google.android.apps.gsa.staticplugins.recognizer.j.a.a(SourceFile:28)
03-19 20:04:49.961  2487  5231 W ErrorProcessor: 	at com.google.android.apps.gsa.staticplugins.recognizer.j.b.run(SourceFile:15)
03-19 20:04:49.961  2487  5231 W ErrorProcessor: 	at java.util.concurrent.Executors$RunnableAdapter.call(Executors.java:457)
03-19 20:04:49.961  2487  5231 W ErrorProcessor: 	at java.util.concurrent.FutureTask.run(FutureTask.java:266)
03-19 20:04:49.961  2487  5231 W ErrorProcessor: 	at com.google.android.apps.gsa.shared.util.concurrent.a.ax.run(SourceFile:14)
03-19 20:04:49.961  2487  5231 W ErrorProcessor: 	at com.google.android.apps.gsa.shared.util.concurrent.a.bl.run(SourceFile:4)
03-19 20:04:49.961  2487  5231 W ErrorProcessor: 	at com.google.android.apps.gsa.shared.util.concurrent.a.bl.run(SourceFile:4)
03-19 20:04:49.961  2487  5231 W ErrorProcessor: 	at java.util.concurrent.ThreadPoolExecutor.runWorker(ThreadPoolExecutor.java:1162)
03-19 20:04:49.961  2487  5231 W ErrorProcessor: 	at java.util.concurrent.ThreadPoolExecutor$Worker.run(ThreadPoolExecutor.java:636)
03-19 20:04:49.961  2487  5231 W ErrorProcessor: 	at java.lang.Thread.run(Thread.java:764)
03-19 20:04:49.961  2487  5231 W ErrorProcessor: 	at com.google.android.apps.gsa.shared.util.concurrent.a.ai.run(SourceFile:6)
03-19 20:04:49.961  2487  5231 W ErrorProcessor: Caused by: com.google.android.apps.gsa.shared.exception.GsaIOException: Error code: 393238 | Buffer overflow, no available space.
03-19 20:04:49.961  2487  5231 W ErrorProcessor: 	at com.google.android.apps.gsa.speech.audio.Tee.f(SourceFile:103)
03-19 20:04:49.961  2487  5231 W ErrorProcessor: 	at com.google.android.apps.gsa.speech.audio.au.read(SourceFile:2)
03-19 20:04:49.961  2487  5231 W ErrorProcessor: 	at java.io.InputStream.read(InputStream.java:101)
03-19 20:04:49.961  2487  5231 W ErrorProcessor: 	at com.google.android.apps.gsa.speech.audio.ao.run(SourceFile:18)
03-19 20:04:49.961  2487  5231 W ErrorProcessor: 	at com.google.android.apps.gsa.speech.audio.an.run(SourceFile:2)
03-19 20:04:49.961  2487  5231 W ErrorProcessor: 	... 9 more
03-19 20:04:49.961  2487  5231 I AudioController: internalShutdown
03-19 20:04:49.983  2487  2487 I MicroDetector: Keeping mic open: false
03-19 20:04:49.984  2487  2487 I MicroDetectionWorker: #onError(false)
03-19 20:04:49.984  2487  5982 I DeviceStateChecker: DeviceStateChecker cancelled
03-19 20:04:50.153  2487  2509 I zygote  : Background concurrent copying GC freed 16796(983KB) AllocSpace objects, 3(764KB) LOS objects, 44% free, 7MB/13MB, paused 40.065ms total 294.375ms
03-19 20:04:50.244  7149  7149 I dex2oat : dex2oat took 3.603s (8.940s cpu) (threads: 4) arena alloc=7KB (7640B) java alloc=2MB (2739536B) native alloc=3MB (3449384B) free=2MB (2317784B)
03-19 20:04:50.386  1540 13449 D installd: Applied hard quotas for 10115
03-19 20:04:50.392  1696  1723 D PackageManager: Ephemeral installer not found with new action; try old one
03-19 20:04:50.392  1696  1723 D PackageManager: Clear ephemeral installer activity
03-19 20:04:50.396  1696  1723 V BackupManagerService: restoreAtInstall pkg=com.android.gpstest token=12 restoreSet=0
03-19 20:04:50.396  1696  1723 V BackupManagerService: Finishing install immediately
03-19 20:04:50.408  1540 13449 E         : Couldn't opendir /data/app/vmdl1265188875.tmp: No such file or directory
03-19 20:04:50.408  1540 13449 E installd: Failed to delete /data/app/vmdl1265188875.tmp: No such file or directory
03-19 20:04:50.495  1937  1937 D ImsResolver: maybeAddedImsService, packageName: com.android.gpstest
03-19 20:04:50.509  1696  1708 W BroadcastQueue: Background execution not allowed: receiving Intent { act=android.intent.action.PACKAGE_ADDED dat=package:com.android.gpstest flg=0x4000010 (has extras) } to com.google.android.gms/.games.chimera.GamesSystemBroadcastReceiverProxy
03-19 20:04:50.509  1696  1761 I InputReader: Reconfiguring input devices.  changes=0x00000010
03-19 20:04:50.520  1696  1711 W BroadcastQueue: Background execution not allowed: receiving Intent { act=android.intent.action.PACKAGE_ADDED dat=package:com.android.gpstest flg=0x4000010 (has extras) } to com.google.android.gms/.gass.chimera.PackageChangeBroadcastReceiver
03-19 20:04:50.520  1696  1711 W BroadcastQueue: Background execution not allowed: receiving Intent { act=android.intent.action.PACKAGE_ADDED dat=package:com.android.gpstest flg=0x4000010 (has extras) } to com.google.android.gms/.chimera.GmsIntentOperationService$PersistentTrustedReceiver
03-19 20:04:50.540  1696  1711 W BroadcastQueue: Background execution not allowed: receiving Intent { act=android.intent.action.PACKAGE_ADDED dat=package:com.android.gpstest flg=0x4000010 (has extras) } to com.google.android.googlequicksearchbox/com.google.android.apps.gsa.googlequicksearchbox.GelStubAppWatcher
03-19 20:04:50.570  1696  1961 W ActivityManager: Permission Denial: Accessing service ComponentInfo{com.google.android.music/com.google.android.music.dial.DialMediaRouteProviderService} from pid=5674, uid=10046 that is not exported from uid 10059
03-19 20:04:50.681  1696  1835 W ActivityManager: Slow operation: 59ms so far, now at startProcess: returned from zygote!
03-19 20:04:50.682  1696  1835 W ActivityManager: Slow operation: 60ms so far, now at startProcess: done updating battery stats
03-19 20:04:50.682  1696  1835 W ActivityManager: Slow operation: 60ms so far, now at startProcess: building log message
03-19 20:04:50.683  1696  1835 I ActivityManager: Start proc 7199:com.google.android.apps.docs/u0a49 for content provider com.google.android.apps.docs/.storagebackend.StorageBackendContentProvider
03-19 20:04:50.683  1696  1835 W ActivityManager: Slow operation: 60ms so far, now at startProcess: starting to update pids map
03-19 20:04:50.683  1696  1835 W ActivityManager: Slow operation: 61ms so far, now at startProcess: done updating pids map
03-19 20:04:50.683  1696  1835 W ActivityManager: Slow operation: 62ms so far, now at startProcess: done starting proc!
03-19 20:04:50.683  1696  1835 W ActivityManager: Slow operation: 66ms so far, now at getContentProviderImpl: after start process
03-19 20:04:50.683  1696  1835 W ActivityManager: Slow operation: 66ms so far, now at getContentProviderImpl: updating data structures
03-19 20:04:50.683  1937  1937 D CarrierSvcBindHelper: No carrier app for: 0
03-19 20:04:50.683  1696  1835 W ActivityManager: Slow operation: 66ms so far, now at getContentProviderImpl: done!
03-19 20:04:50.694  7199  7199 W zygote64: Unexpected CPU variant for X86 using defaults: x86_64
03-19 20:04:50.698  2111  7084 W GCM     : Unexpected forwarded intent: Intent { act=android.intent.action.PACKAGE_ADDED dat=package:com.android.gpstest flg=0x4000010 cmp=com.google.android.gms/.chimera.PersistentIntentOperationService (has extras) }
03-19 20:04:50.710  2111  7208 W GCM     : Unexpected forwarded intent: Intent { act=android.intent.action.PACKAGE_ADDED dat=package:com.android.gpstest flg=0x4000010 cmp=com.google.android.gms/.chimera.PersistentIntentOperationService (has extras) }
03-19 20:04:50.724  2318  7115 I Auth    : [SupervisedAccountIntentOperation] onHandleIntent(): android.intent.action.PACKAGE_ADDED
03-19 20:04:50.736  2318  7215 I ChromeSync: [Sync,SyncIntentOperation] Handling the intent: Intent { act=android.intent.action.PACKAGE_ADDED dat=package:com.android.gpstest flg=0x4000010 cmp=com.google.android.gms/.chimera.GmsIntentOperationService (has extras) }.
03-19 20:04:50.741  1696  1706 I zygote64: Background concurrent copying GC freed 33943(2MB) AllocSpace objects, 12(256KB) LOS objects, 35% free, 10MB/16MB, paused 4.101ms total 339.719ms
03-19 20:04:50.770  1696  3032 W ActivityManager: Slow operation: 60ms so far, now at attachApplicationLocked: immediately after bindApplication
03-19 20:04:50.771  1696  3032 W ActivityManager: Slow operation: 61ms so far, now at attachApplicationLocked: after updateLruProcessLocked
03-19 20:04:50.771  1696  3032 W ActivityManager: Slow operation: 62ms so far, now at attachApplicationLocked: after mServices.attachApplicationLocked
03-19 20:04:50.772  1696  3032 W ActivityManager: Slow operation: 63ms so far, now at attachApplicationLocked: after updateOomAdjLocked
03-19 20:04:50.784  1937  1937 D CarrierConfigLoader: mHandler: 9 phoneId: 0
03-19 20:04:50.830  1696  1696 I Telecom : DefaultDialerCache: Refreshing default dialer for user 0: now com.google.android.dialer: DDC.oR@AOk
03-19 20:04:50.835  1696 20015 W ActivityManager: Unable to start service Intent { act=com.google.android.gms.auth.key.retrieval.service.START pkg=com.google.android.gms } U=0: not found
03-19 20:04:50.836  1696 20015 W ActivityManager: Unbind failed: could not find connection for android.os.BinderProxy@cb7397d
03-19 20:04:50.837  2318  2632 E GmsClient: unable to connect to service: com.google.android.gms.auth.key.retrieval.service.START on com.google.android.gms
03-19 20:04:51.044  2318  7115 I ChimeraConfigurator: Starting update, reason: 4 urgentFeatures: pay:-1
03-19 20:04:51.063  2318  7115 E ConfigFileUtils: Failed to read config file: /data/user_de/0/com.google.android.gms/app_chimera/next_container.pb (No such file or directory)
03-19 20:04:51.220  2318  7115 I ChmraDebugLogger: [73] 1801
03-19 20:04:51.248  2318  7115 I ChmraDebugLogger: [30] [Pay.optional:202414020000] permitMetered=true,
03-19 20:04:51.265  7199  7199 E zygote64: The String#value field is not present on Android versions >= 6.0
03-19 20:04:51.300  2318  7115 W ChimeraConfigService: Retry attempt was throttled.
03-19 20:04:51.369  2318  2330 I zygote64: Background concurrent copying GC freed 33333(1932KB) AllocSpace objects, 12(240KB) LOS objects, 42% free, 8MB/14MB, paused 12.719ms total 219.836ms
03-19 20:04:51.546  2318  7215 I ChromeSync: [Persistence,AffiliationManager] One of affiliation or grouping data for android://pUg1zxOnh8Uknvn18cGZSYHOoE2f3-XYmdSkhkYozfUgz-4Lep9rSEH65Dp6SzQrx4cnCu3FrsnBpEIi5igH-g==@com.android.gpstest/ was not found. Marking affiliation data as stale...
03-19 20:04:51.552  2318  5127 I Icing   : Indexing com.google.android.gms-internal.3p:MobileApplication from com.google.android.gms using seqno 69
03-19 20:04:51.628  2318  5127 I Icing   : Indexing com.google.android.gms-apps from com.google.android.gms
03-19 20:04:51.747  7199  7229 I GAv4    : Google Analytics 11.9.10 is starting up. To enable debug logging on a device run:
03-19 20:04:51.747  7199  7229 I GAv4    :   adb shell setprop log.tag.GAv4 DEBUG
03-19 20:04:51.747  7199  7229 I GAv4    :   adb logcat -s GAv4
03-19 20:04:51.815  7199  7199 W main-FieldDefinition: Ignoring isIndexed constraint as field also has uniqueness constraint (on just this field, and therefore SQLite will have to create an index on that. For field: com.google.android.apps.docs.database.common.FieldDefinition$a@700cdd7
03-19 20:04:51.873  7199  7229 W TaskScheduler0-CoreComponentFactoryImpl: RetainedComponent will not be retained if  eec does not inherit FragmentActivity and fulfill lfi contract.
03-19 20:04:51.878  7199  7233 W GAv4    : CampaignTrackingReceiver is not registered, not exported or is disabled. Installation campaign tracking is not possible. See http://goo.gl/8Rd3yj for instructions.
03-19 20:04:52.019  2318  5127 I Icing   : Indexing done com.google.android.gms-apps
03-19 20:04:52.266  7068  7196 I ProvidersCache: Provider returned no roots. Possibly naughty: com.google.android.apps.docs.storage
03-19 20:04:52.267  7068  7244 I ProvidersCache: Provider returned no roots. Possibly naughty: com.google.android.apps.docs.storage
03-19 20:04:52.286  2111  2111 W SystemServiceRegistry: No service published for: persistent_data_block
Elapsed Time: 2732945
