--------- beginning of main
11-10 14:28:42.643  1928  2290 I GnssLocationProvider: WakeLock acquired by sendMessage(REPORT_SV_STATUS, 0, com.android.server.location.GnssLocationProvider$SvStatusInfo@1cc6606)
11-10 14:28:42.644  1928  1941 I GnssLocationProvider: WakeLock released by handleMessage(REPORT_SV_STATUS, 0, com.android.server.location.GnssLocationProvider$SvStatusInfo@1cc6606)
11-10 14:28:43.650  1928  2290 I GnssLocationProvider: WakeLock acquired by sendMessage(REPORT_SV_STATUS, 0, com.android.server.location.GnssLocationProvider$SvStatusInfo@9c174c7)
11-10 14:28:43.651  1928  1941 I GnssLocationProvider: WakeLock released by handleMessage(REPORT_SV_STATUS, 0, com.android.server.location.GnssLocationProvider$SvStatusInfo@9c174c7)
11-10 14:28:44.658  1928  2290 I GnssLocationProvider: WakeLock acquired by sendMessage(REPORT_SV_STATUS, 0, com.android.server.location.GnssLocationProvider$SvStatusInfo@1dd8af4)
11-10 14:28:44.659  1928  1941 I GnssLocationProvider: WakeLock released by handleMessage(REPORT_SV_STATUS, 0, com.android.server.location.GnssLocationProvider$SvStatusInfo@1dd8af4)
--------- beginning of system
11-10 14:28:45.229  1928  1942 I ActivityManager: Force stopping com.fieldbook.tracker appid=10118 user=-1: deletePackageX
11-10 14:28:45.352  1775  1775 I keystore: clear_uid 10118
11-10 14:28:45.505  1928  1955 I system_server: Explicit concurrent copying GC freed 27691(1553KB) AllocSpace objects, 16(592KB) LOS objects, 19% free, 25MB/31MB, paused 452us total 150.444ms
11-10 14:28:45.524  1928  1955 I ActivityManager: Force stopping com.fieldbook.tracker appid=10118 user=0: pkg removed
11-10 14:28:45.560 14769 14769 I GoogleInputMethod: onFinishInput() : Dummy InputConnection bound
11-10 14:28:45.560 14769 14769 I GoogleInputMethod: onStartInput() : Dummy InputConnection bound
11-10 14:28:45.575  1647  1693 D gralloc_ranchu: gralloc_alloc: Creating ashmem region of size 8298496
11-10 14:28:45.582  2156  2365 D EGL_emulation: eglMakeCurrent: 0xdaf4bd80: ver 3 0 (tinfo 0xdaf4f4a0)
11-10 14:28:45.597 11649 11667 D EGL_emulation: eglMakeCurrent: 0xda42a1a0: ver 3 0 (tinfo 0xe32e5930)
11-10 14:28:45.631 21517 21517 I GsaVoiceInteractionSrv: (REDACTED) O received %s
11-10 14:28:45.662  1928  1942 W BroadcastQueue: Background execution not allowed: receiving Intent { act=android.intent.action.PACKAGE_REMOVED dat=package:com.fieldbook.tracker flg=0x4000010 (has extras) } to com.android.musicfx/.Compatibility$Receiver
11-10 14:28:45.664  1928  1943 W Looper  : Slow dispatch took 102ms android.ui h=com.android.server.am.ActivityManagerService$UiHandler c=null m=31
11-10 14:28:45.667  1928  2290 I GnssLocationProvider: WakeLock acquired by sendMessage(REPORT_SV_STATUS, 0, com.android.server.location.GnssLocationProvider$SvStatusInfo@1739924)
11-10 14:28:45.684   387   387 I Finsky  : [2] rmi.i(0): PackageMonitorReceiverImpl - Received: android.intent.action.PACKAGE_REMOVED, [_BsfYayFcfExtAkLqusgXrE82dJ5cFyNKuTPLaTdJgs]
11-10 14:28:45.703  1928  1942 W BroadcastQueue: Background execution not allowed: receiving Intent { act=android.intent.action.PACKAGE_REMOVED dat=package:com.fieldbook.tracker flg=0x4000010 (has extras) } to com.android.vending/com.google.android.finsky.packagemonitor.impl.PackageMonitorReceiverImpl$RegisteredReceiver
11-10 14:28:45.726  1928  1942 W BroadcastQueue: Background execution not allowed: receiving Intent { act=android.intent.action.PACKAGE_REMOVED dat=package:com.fieldbook.tracker flg=0x4000010 (has extras) } to com.android.vending/com.google.android.finsky.instantapps.appmanagement.InstantAppRemoveMonitor
11-10 14:28:45.727   387   387 I Finsky  : [2] rmy.n(8): Invalidating cached PackageState for com.fieldbook.tracker
11-10 14:28:45.733  1928  1942 W BroadcastQueue: Background execution not allowed: receiving Intent { act=android.intent.action.PACKAGE_REMOVED dat=package:com.fieldbook.tracker flg=0x4000010 (has extras) } to com.google.android.gms/.games.chimera.GamesSystemBroadcastReceiverProxy
11-10 14:28:45.752  1928  1942 W BroadcastQueue: Background execution not allowed: receiving Intent { act=android.intent.action.PACKAGE_REMOVED dat=package:com.fieldbook.tracker flg=0x4000010 (has extras) } to com.google.android.gms/.chimera.GmsIntentOperationService$PersistentTrustedReceiver
11-10 14:28:45.753  2140  2140 D CarrierSvcBindHelper: No carrier app for: 0
11-10 14:28:45.758  1928  1942 W BroadcastQueue: Background execution not allowed: receiving Intent { act=android.intent.action.PACKAGE_REMOVED dat=package:com.fieldbook.tracker flg=0x4000010 (has extras) } to com.google.android.googlequicksearchbox/com.google.android.apps.gsa.googlequicksearchbox.GelStubAppWatcher
11-10 14:28:45.761  4376  4376 E CarrierServices: [2] btx.a: Invalid signature found for com.android.contacts: 18B66F4996F3D01CEAD29D3A3AA81801E7950B82
11-10 14:28:45.773   387   387 I Finsky  : [2] rmy.s(5): Package no longer installed: com.fieldbook.tracker
11-10 14:28:45.788  4376  4376 E CarrierServices: [2] btx.a: Invalid signature found for com.android.contacts: 18B66F4996F3D01CEAD29D3A3AA81801E7950B82
11-10 14:28:45.823  1769  1896 W SurfaceFlinger: Attempting to set client state on removed layer: Surface(name=AppWindowToken{c7815c8 token=Token{15ed66b ActivityRecord{30977ba u0 com.google.android.packageinstaller/com.android.packageinstaller.permission.ui.GrantPermissionsActivity t113}}})/@0xdfd5319 - animation-leash#0
11-10 14:28:45.823  1769  1896 W SurfaceFlinger: Attempting to destroy on removed layer: Surface(name=AppWindowToken{c7815c8 token=Token{15ed66b ActivityRecord{30977ba u0 com.google.android.packageinstaller/com.android.packageinstaller.permission.ui.GrantPermissionsActivity t113}}})/@0xdfd5319 - animation-leash#0
11-10 14:28:45.840   387   387 I Finsky  : [2] rmy.s(5): Package no longer installed: com.fieldbook.tracker
11-10 14:28:45.849   387   387 I Finsky  : [2] vmc.a(8): Clearing split related stale data.
11-10 14:28:45.893  1769  1896 W SurfaceFlinger: Attempting to set client state on removed layer: com.google.android.packageinstaller/com.android.packageinstaller.permission.ui.GrantPermissionsActivity#0
11-10 14:28:45.893  1769  1896 W SurfaceFlinger: Attempting to destroy on removed layer: com.google.android.packageinstaller/com.android.packageinstaller.permission.ui.GrantPermissionsActivity#0
11-10 14:28:45.905   387 13394 I Finsky  : [1975] kye.run(17): Frosting DB delete succeeded: true
11-10 14:28:45.907  1769  1769 W SurfaceFlinger: couldn't log to binary event log: overflow.
11-10 14:28:45.908   387   387 I Finsky  : [2] accj.c(3): Do not start WearSupportService due to Wear service optimization
11-10 14:28:45.922   387 13394 I Finsky  : [1975] kye.run(17): Frosting DB delete succeeded: false
11-10 14:28:45.937  6288  6371 W SearchServiceCore: Abort, client detached.
11-10 14:28:45.954   387 13406 I Finsky  : [1982] at.a(48): Asset module storage cleared for package com.fieldbook.tracker.
11-10 14:28:45.964   387 13409 I Finsky  : [1984] mvt.accept(29): IQ: handled package removed
11-10 14:28:45.967  1928  7037 D HostConnection: HostConnection::get() New Host Connection established 0xc557c6c0, tid 7037
11-10 14:28:45.967  1928  7037 D HostConnection: HostComposition ext ANDROID_EMU_CHECKSUM_HELPER_v1 ANDROID_EMU_native_sync_v2 ANDROID_EMU_native_sync_v3 ANDROID_EMU_native_sync_v4 ANDROID_EMU_dma_v1 ANDROID_EMU_YUV420_888_to_NV21 ANDROID_EMU_YUV_Cache ANDROID_EMU_async_unmap_buffer GL_OES_EGL_image_external_essl3 GL_OES_vertex_array_object GL_KHR_texture_compression_astc_ldr ANDROID_EMU_host_side_tracing ANDROID_EMU_gles_max_version_3_0 
11-10 14:28:45.968  1928  7037 I ConfigStore: android::hardware::configstore::V1_0::ISurfaceFlingerConfigs::hasWideColorDisplay retrieved: 0
11-10 14:28:45.968  1928  7037 I ConfigStore: android::hardware::configstore::V1_0::ISurfaceFlingerConfigs::hasHDRDisplay retrieved: 0
11-10 14:28:45.968  1928  7037 I OpenGLRenderer: Initialized EGL, version 1.4
11-10 14:28:45.968  1928  7037 D OpenGLRenderer: Swap behavior 1
11-10 14:28:45.968  1928  7037 W OpenGLRenderer: Failed to choose config with EGL_SWAP_BEHAVIOR_PRESERVED, retrying without...
11-10 14:28:45.968  1928  7037 D OpenGLRenderer: Swap behavior 0
11-10 14:28:45.969  1928  7037 D eglCodecCommon: setVertexArrayObject: set vao to 0 (0) 0 0
11-10 14:28:45.969  1928  7037 D EGL_emulation: eglCreateContext: 0xdd086b00: maj 3 min 0 rcv 3
11-10 14:28:45.970  1928  7037 D EGL_emulation: eglMakeCurrent: 0xdd086b00: ver 3 0 (tinfo 0xc8a52690)
11-10 14:28:45.976  2156  2175 I ndroid.systemu: NativeAlloc concurrent copying GC freed 7065(326KB) AllocSpace objects, 0(0B) LOS objects, 49% free, 5MB/10MB, paused 1.525ms total 110.455ms
11-10 14:28:45.992   387   421 I Finsky  : [1841] mmv.f(1): Installer: package com.fieldbook.tracker was removed. replacing: false
11-10 14:28:46.005   387 13413 I Finsky  : [1987] aqq.YI(24): [ContentSync] finished, scheduled=false
11-10 14:28:46.032   387   421 I Finsky  : [1841] mmv.U(18): Installer: Notifying status update. package=com.fieldbook.tracker, status=UNINSTALLED, isid=NA
11-10 14:28:46.034   387   387 I Finsky  : [2] mmv.T(5): Installer: found apps to install. apps=[]
11-10 14:28:46.057  6353 13393 I BlockstoreStorage: Clearing all the Blockstore Data for package com.fieldbook.tracker [CONTEXT service_id=258 ]
11-10 14:28:46.057  6353 13393 I BlockstoreStorage: Clearing all the Blockstore Data for 1 packages [CONTEXT service_id=258 ]
11-10 14:28:46.059   387 13409 I Finsky  : [1984] mww.M(2): IQ: Notifying installation update. [Package:com.fieldbook.tracker, isid:dummysessionid], status=UNINSTALLED
11-10 14:28:46.068  1928  7037 D eglCodecCommon: setVertexArrayObject: set vao to 0 (0) 1 2
11-10 14:28:46.157  6353 13426 I ContentMaintenance: Internal cache bytes used: 0; limit: 100000000; download size: 0
11-10 14:28:46.176  6353 11578 I Icing   : doRemovePackageData com.fieldbook.tracker
11-10 14:28:46.183 15588 13429 I Fitness : FitCleanupIntentOperation received Intent android.intent.action.PACKAGE_REMOVED [CONTEXT service_id=17 ]
11-10 14:28:46.206  6353 13426 I RealtimeCacheCleanup: Beginning Realtime garbage collection.
11-10 14:28:46.211  6353 13426 I RealtimeCacheCleanup: Finished Realtime garbage collection.
11-10 14:28:46.227  1928  1928 W Looper  : Slow dispatch took 554ms main h=android.app.ActivityThread$H c=android.app.-$$Lambda$LoadedApk$ReceiverDispatcher$Args$_BumDX2UKsnxLVrE6UJsJZkotuA@ed5b7d8 m=0
11-10 14:28:46.233  1928  1996 I InputReader: Reconfiguring input devices.  changes=0x00000010
11-10 14:28:46.236  1928  1928 W Looper  : Slow delivery took 628ms main h=android.app.ActivityThread$H c=android.app.-$$Lambda$LoadedApk$ReceiverDispatcher$Args$_BumDX2UKsnxLVrE6UJsJZkotuA@8134731 m=0
11-10 14:28:46.255  1928  1928 I ConditionProviders: Disallowing condition provider com.fieldbook.tracker
11-10 14:28:46.341   387   387 I Finsky  : [2] nqz.onCreate(2): IPC-SERVER: Starting gRPC host service...
11-10 14:28:46.347   387   421 I Finsky  : [1841] mqz.a(70): IQ: start evaluating install requests.
11-10 14:28:46.352   387   421 I Finsky  : [1841] mqz.a(77): IQ: no jobs active. Skipping
11-10 14:28:46.353   387   421 I Finsky  : [1841] mqz.a(91): IQ: no installs to evaluate. Skipping.
11-10 14:28:46.361  9158 13399 I ProvidersCache: Provider returned no roots. Possibly naughty: com.google.android.apps.docs.storage
11-10 14:28:46.369  1928  1937 I system_server: NativeAlloc concurrent copying GC freed 10239(1045KB) AllocSpace objects, 9(244KB) LOS objects, 18% free, 25MB/31MB, paused 6.953ms total 403.814ms
11-10 14:28:46.422  6353  6353 D BoundBrokerSvc: onBind: Intent { act=com.google.android.gms.feedback.internal.IFeedbackService dat=chimera-action: cmp=com.google.android.gms/.chimera.GmsBoundBrokerService }
11-10 14:28:46.422  6353  6353 D BoundBrokerSvc: Loading bound service for intent: Intent { act=com.google.android.gms.feedback.internal.IFeedbackService dat=chimera-action: cmp=com.google.android.gms/.chimera.GmsBoundBrokerService }
11-10 14:28:46.444  6353  6468 I Icing   : IndexChimeraService.getServiceInterface callingPackage=com.google.android.gms componentName=AppsCorpus serviceId=36
11-10 14:28:46.482   387   387 I Finsky  : [2] mvx.apply(47): IQ::HLD: Ongoing hold off applicable installs: []
11-10 14:28:46.557 15588 15588 D BoundBrokerSvc: onBind: Intent { act=com.google.android.gms.scheduler.ACTION_PROXY_SCHEDULE dat=chimera-action: cmp=com.google.android.gms/.chimera.PersistentApiService }
11-10 14:28:46.557 15588 15588 D BoundBrokerSvc: Loading bound service for intent: Intent { act=com.google.android.gms.scheduler.ACTION_PROXY_SCHEDULE dat=chimera-action: cmp=com.google.android.gms/.chimera.PersistentApiService }
11-10 14:28:46.648  1928  1937 I system_server: NativeAlloc concurrent copying GC freed 7689(522KB) AllocSpace objects, 3(60KB) LOS objects, 18% free, 25MB/31MB, paused 1.931ms total 197.013ms
11-10 14:28:46.663  6353 11578 W Icing   : No valid account for uploading user actions
11-10 14:28:46.667 15588 15588 D BoundBrokerSvc: onBind: Intent { act=com.google.android.gms.icing.LIGHTWEIGHT_INDEX_SERVICE dat=chimera-action: cmp=com.google.android.gms/.chimera.PersistentApiService }
11-10 14:28:46.668 15588 15588 D BoundBrokerSvc: Loading bound service for intent: Intent { act=com.google.android.gms.icing.LIGHTWEIGHT_INDEX_SERVICE dat=chimera-action: cmp=com.google.android.gms/.chimera.PersistentApiService }
11-10 14:28:46.672  1928  2290 I GnssLocationProvider: WakeLock acquired by sendMessage(REPORT_SV_STATUS, 0, com.android.server.location.GnssLocationProvider$SvStatusInfo@dbc8a05)
11-10 14:28:46.730  6353  6468 I Icing   : IndexChimeraService.getServiceInterface callingPackage=com.google.android.gms componentName=null serviceId=30
11-10 14:28:46.750  1928  1928 W Looper  : Slow dispatch took 481ms main h=android.app.ActivityThread$H c=android.app.-$$Lambda$LoadedApk$ReceiverDispatcher$Args$_BumDX2UKsnxLVrE6UJsJZkotuA@85f57 m=0
11-10 14:28:46.765  1928  2020 D WifiConfigManager: Remove all networks for app ApplicationInfo{6e7462 com.fieldbook.tracker}
11-10 14:28:46.776  6353 11578 I Icing   : Usage reports ok 1, Failed Usage reports 0, indexed 0, rejected 0
11-10 14:28:46.789  6353 11578 W Icing   : No valid account for uploading user actions
11-10 14:28:46.801  6353 11578 I Icing   : Usage reports ok 0, Failed Usage reports 0, indexed 0, rejected 0
11-10 14:28:46.805  6353 11578 I Icing   : Indexing com.google.android.gms-apps from com.google.android.gms
11-10 14:28:46.832  6353 12544 I Icing   : Indexing done com.google.android.gms-apps
11-10 14:28:47.247  1928  1928 W Looper  : Slow dispatch took 480ms main h=android.app.ActivityThread$H c=null m=113
11-10 14:28:47.254   387   387 I Finsky  : [2] rmi.i(0): PackageMonitorReceiverImpl - Received: android.intent.action.PACKAGE_FULLY_REMOVED, [_BsfYayFcfExtAkLqusgXrE82dJ5cFyNKuTPLaTdJgs]
11-10 14:28:47.257   387   387 I Finsky  : [2] rmy.n(8): Invalidating cached PackageState for com.fieldbook.tracker
11-10 14:28:47.263   387   387 I Finsky  : [2] rmy.s(5): Package no longer installed: com.fieldbook.tracker
11-10 14:28:47.267   387   387 I Finsky  : [2] rmi.i(0): PackageMonitorReceiverImpl - Deduping intent android.intent.action.PACKAGE_FULLY_REMOVED
11-10 14:28:47.266   387 13394 I Finsky  : [1975] kye.run(17): Frosting DB delete succeeded: false
11-10 14:28:47.277  1928  1928 W Looper  : Drained
11-10 14:28:47.279  1928  1941 I GnssLocationProvider: WakeLock released by handleMessage(REPORT_SV_STATUS, 0, com.android.server.location.GnssLocationProvider$SvStatusInfo@1739924)
11-10 14:28:47.283  1928  1941 I GnssLocationProvider: WakeLock released by handleMessage(REPORT_SV_STATUS, 0, com.android.server.location.GnssLocationProvider$SvStatusInfo@dbc8a05)
11-10 14:28:47.323  6353  6353 D BoundBrokerSvc: onBind: Intent { act=com.google.android.gms.common.BIND_SHARED_PREFS pkg=com.google.android.gms }
11-10 14:28:47.323  6353  6353 D BoundBrokerSvc: Loading bound service for intent: Intent { act=com.google.android.gms.common.BIND_SHARED_PREFS pkg=com.google.android.gms }
11-10 14:28:47.329  6353  6353 D BoundBrokerSvc: onUnbind: Intent { act=com.google.android.gms.common.BIND_SHARED_PREFS pkg=com.google.android.gms }
11-10 14:28:47.487  1928  1955 I PackageManager.DexOptimizer: Running dexopt (dexoptNeeded=1) on: /data/app/com.android.gpstest-oMcE_03Kw5fwhFl-8Ie8Ag==/base.apk pkg=com.android.gpstest isa=x86 dexoptFlags=boot_complete,profile_guided,public,enable_hidden_api_checks targetFilter=speed-profile oatDir=/data/app/com.android.gpstest-oMcE_03Kw5fwhFl-8Ie8Ag==/oat classLoaderContext=PCL[/system/framework/org.apache.http.legacy.boot.jar]
11-10 14:28:47.488  1774  5461 V installed: DexInv: --- BEGIN '/data/app/com.android.gpstest-oMcE_03Kw5fwhFl-8Ie8Ag==/base.apk' ---
11-10 14:28:47.546 13448 13448 W dex2oat : Unexpected CPU variant for X86 using defaults: x86
11-10 14:28:47.546 13448 13448 W dex2oat : Mismatch between dex2oat instruction set features (ISA: X86 Feature string: -ssse3,-sse4.1,-sse4.2,-avx,-avx2,-popcnt) and those of dex2oat executable (ISA: X86 Feature string: ssse3,-sse4.1,-sse4.2,-avx,-avx2,-popcnt) for the command line:
11-10 14:28:47.546 13448 13448 W dex2oat : /system/bin/dex2oat --zip-fd=8 --zip-location=base.apk --input-vdex-fd=-1 --output-vdex-fd=10 --oat-fd=9 --oat-location=/data/app/com.android.gpstest-oMcE_03Kw5fwhFl-8Ie8Ag==/oat/x86/base.odex --instruction-set=x86 --instruction-set-variant=x86 --instruction-set-features=default --runtime-arg -Xms64m --runtime-arg -Xmx512m --compiler-filter=speed-profile --swap-fd=11 --app-image-fd=12 --image-format=lz4 --classpath-dir=/data/app/com.android.gpstest-oMcE_03Kw5fwhFl-8Ie8Ag== --class-loader-context=PCL[/system/framework/org.apache.http.legacy.boot.jar] --generate-mini-debug-info --compact-dex-level=none --runtime-arg -Xtarget-sdk-version:29 --runtime-arg -Xhidden-api-checks --compilation-reason=install
11-10 14:28:47.548 13448 13448 I dex2oat : /system/bin/dex2oat --input-vdex-fd=-1 --output-vdex-fd=10 --compiler-filter=speed-profile --classpath-dir=/data/app/com.android.gpstest-oMcE_03Kw5fwhFl-8Ie8Ag== --class-loader-context=PCL[/system/framework/org.apache.http.legacy.boot.jar] --generate-mini-debug-info --compact-dex-level=none --compilation-reason=install
11-10 14:28:47.675  1928  2290 I GnssLocationProvider: WakeLock acquired by sendMessage(REPORT_SV_STATUS, 0, com.android.server.location.GnssLocationProvider$SvStatusInfo@d28360c)
11-10 14:28:47.677  1928  1941 I GnssLocationProvider: WakeLock released by handleMessage(REPORT_SV_STATUS, 0, com.android.server.location.GnssLocationProvider$SvStatusInfo@d28360c)
11-10 14:28:48.686  1928  2290 I GnssLocationProvider: WakeLock acquired by sendMessage(REPORT_SV_STATUS, 0, com.android.server.location.GnssLocationProvider$SvStatusInfo@575796a)
11-10 14:28:48.698  1928  1941 I GnssLocationProvider: WakeLock released by handleMessage(REPORT_SV_STATUS, 0, com.android.server.location.GnssLocationProvider$SvStatusInfo@575796a)
11-10 14:28:49.689  1928  2290 I GnssLocationProvider: WakeLock acquired by sendMessage(REPORT_SV_STATUS, 0, com.android.server.location.GnssLocationProvider$SvStatusInfo@fff2e5b)
11-10 14:28:49.693  1928  1941 I GnssLocationProvider: WakeLock released by handleMessage(REPORT_SV_STATUS, 0, com.android.server.location.GnssLocationProvider$SvStatusInfo@fff2e5b)
11-10 14:28:50.632 13448 13448 I dex2oat : Explicit concurrent copying GC freed 9624(2MB) AllocSpace objects, 0(0B) LOS objects, 99% free, 896B/1536KB, paused 570us total 5.779ms
11-10 14:28:50.696  1928  2290 I GnssLocationProvider: WakeLock acquired by sendMessage(REPORT_SV_STATUS, 0, com.android.server.location.GnssLocationProvider$SvStatusInfo@528a6f8)
11-10 14:28:50.697  1928  1941 I GnssLocationProvider: WakeLock released by handleMessage(REPORT_SV_STATUS, 0, com.android.server.location.GnssLocationProvider$SvStatusInfo@528a6f8)
11-10 14:28:50.753 13448 13448 I dex2oat : dex2oat took 3.212s (9.842s cpu) (threads: 4) arena alloc=3KB (3336B) java alloc=16KB (17280B) native alloc=3MB (4024968B) free=2MB (2790776B)
11-10 14:28:50.764  1774  5461 V installed: DexInv: --- END '/data/app/com.android.gpstest-oMcE_03Kw5fwhFl-8Ie8Ag==/base.apk' (success) ---
11-10 14:28:50.767  1928  1955 V BackupManagerService: restoreAtInstall pkg=com.android.gpstest token=28 restoreSet=0
11-10 14:28:50.776  1928  1955 V BackupManagerService: Finishing install immediately
11-10 14:28:50.779  1774  5461 E         : Couldn't opendir /data/app/vmdl29320426.tmp: No such file or directory
11-10 14:28:50.779  1774  5461 E installd: Failed to delete /data/app/vmdl29320426.tmp: No such file or directory
11-10 14:28:50.858   387   387 I Finsky  : [2] rmi.i(0): PackageMonitorReceiverImpl - Received: android.intent.action.PACKAGE_ADDED, [1Gs0hyxgBQbxymtIaNymu4YClFghhsGmEnKp-_4-M4A]
11-10 14:28:50.886  1928  1996 I InputReader: Reconfiguring input devices.  changes=0x00000010
11-10 14:28:50.906  4376  4376 I CarrierServices: [2] RcsAutoStartReceiver.b: carrierServicesJibeServiceEnabled changed from true to true
11-10 14:28:50.912  4376  4376 I CarrierServices: [2] RcsAutoStartReceiver.b: enableRcs changed from true to true
11-10 14:28:50.912  4376  4376 I CarrierServices: [2] RcsAutoStartReceiver.b: RcsAutoStartReceiver triggered. Fetching RCS State. Action: android.intent.action.PACKAGE_ADDED
11-10 14:28:50.912 21517 21517 I GsaVoiceInteractionSrv: (REDACTED) O received %s
11-10 14:28:50.916  1928  4544 W BroadcastQueue: Background execution not allowed: receiving Intent { act=android.intent.action.PACKAGE_ADDED dat=package:com.android.gpstest flg=0x4000010 (has extras) } to com.android.musicfx/.Compatibility$Receiver
11-10 14:28:50.926  1928  1942 W BroadcastQueue: Background execution not allowed: receiving Intent { act=android.intent.action.PACKAGE_ADDED dat=package:com.android.gpstest flg=0x4000010 (has extras) } to com.android.vending/com.google.android.finsky.packagemonitor.impl.PackageMonitorReceiverImpl$RegisteredReceiver
11-10 14:28:50.927  1928  1942 W BroadcastQueue: Background execution not allowed: receiving Intent { act=android.intent.action.PACKAGE_ADDED dat=package:com.android.gpstest flg=0x4000010 (has extras) } to com.google.android.gms/.games.chimera.GamesSystemBroadcastReceiverProxy
11-10 14:28:50.927  1928  1942 W BroadcastQueue: Background execution not allowed: receiving Intent { act=android.intent.action.PACKAGE_ADDED dat=package:com.android.gpstest flg=0x4000010 (has extras) } to com.google.android.gms/.gass.chimera.PackageChangeBroadcastReceiver
11-10 14:28:50.928  1928  1942 W BroadcastQueue: Background execution not allowed: receiving Intent { act=android.intent.action.PACKAGE_ADDED dat=package:com.android.gpstest flg=0x4000010 (has extras) } to com.google.android.gms/.chimera.GmsIntentOperationService$PersistentTrustedReceiver
11-10 14:28:50.928  1928  1942 W BroadcastQueue: Background execution not allowed: receiving Intent { act=android.intent.action.PACKAGE_ADDED dat=package:com.android.gpstest flg=0x4000010 (has extras) } to com.google.android.googlequicksearchbox/com.google.android.apps.gsa.googlequicksearchbox.GelStubAppWatcher
11-10 14:28:50.928  1928  1942 W BroadcastQueue: Background execution not allowed: receiving Intent { act=android.intent.action.PACKAGE_ADDED dat=package:com.android.gpstest flg=0x4000010 (has extras) } to com.google.android.ims/.receivers.RcsAutoStartReceiver
11-10 14:28:50.932  1928  1928 I Telecom : DefaultDialerCache: Refreshing default dialer for user 0: now com.google.android.dialer: DDC.oR@Afk
11-10 14:28:50.955  4376  4376 I CarrierServices: [2] aws.a: Migration binding to RcsMigrationService
11-10 14:28:50.959  1928  1928 V BackupManagerConstants: getFullBackupIntervalMilliseconds(...) returns 86400000
11-10 14:28:50.997   387   387 I Finsky  : [2] rmy.n(8): Invalidating cached PackageState for com.android.gpstest
11-10 14:28:51.005  6684  6684 I Bugle   : returning RCS state provider.
11-10 14:28:51.027 15588 13392 W GCM     : Unexpected forwarded intent: Intent { act=android.intent.action.PACKAGE_ADDED dat=package:com.android.gpstest flg=0x4000010 pkg=com.google.android.gms cmp=com.google.android.gms/.chimera.PersistentIntentOperationService (has extras) }
11-10 14:28:51.054  2140  2140 D CarrierSvcBindHelper: No carrier app for: 0
11-10 14:28:51.054 15588 13428 W GCM     : Unexpected forwarded intent: Intent { act=android.intent.action.PACKAGE_ADDED dat=package:com.android.gpstest flg=0x4000010 pkg=com.google.android.gms cmp=com.google.android.gms/.chimera.PersistentIntentOperationService (has extras) }
11-10 14:28:51.068  6353  6353 D BoundBrokerSvc: onBind: Intent { act=com.google.android.gms.common.BIND_SHARED_PREFS pkg=com.google.android.gms }
11-10 14:28:51.068  6353  6353 D BoundBrokerSvc: Loading bound service for intent: Intent { act=com.google.android.gms.common.BIND_SHARED_PREFS pkg=com.google.android.gms }
11-10 14:28:51.070  6353 13390 I Auth    : [SupervisedAccountIntentOperation] onHandleIntent(): android.intent.action.PACKAGE_ADDED
11-10 14:28:51.102  6353  6353 D BoundBrokerSvc: onUnbind: Intent { act=com.google.android.gms.common.BIND_SHARED_PREFS pkg=com.google.android.gms }
11-10 14:28:51.103  2140  2140 D ImsResolver: maybeAddedImsService, packageName: com.android.gpstest
11-10 14:28:51.109  2140  2140 D CarrierConfigLoader: mHandler: 9 phoneId: 0
11-10 14:28:51.125  6353 13390 I BlockstoreStorage: Clearing Blockstore Data for package com.android.gpstest [CONTEXT service_id=258 ]
11-10 14:28:51.148  6353 13390 I BlockstoreStorage: Keyless data not found or its IsLastInstallationData = false. [CONTEXT service_id=258 ]
11-10 14:28:51.158  9158 13457 I ProvidersCache: Provider returned no roots. Possibly naughty: com.google.android.apps.docs.storage
11-10 14:28:51.186   387   387 I Finsky  : [2] vmc.a(8): Clearing split related stale data.
11-10 14:28:51.223   387   387 I Finsky  : [2] accj.c(3): Do not start WearSupportService due to Wear service optimization
11-10 14:28:51.226  6684  8642 I CarrierServices: [1916] inq.shouldUseCarrierServicesApkForV1Apis: Checking if using CarrierServices.apk is possible. Enabled: true, isAtLeastM: true, runningInsideBugle: true
11-10 14:28:51.265  6288  6371 W SearchServiceCore: Abort, client detached.
11-10 14:28:51.275  6684  8642 I CarrierServices: [1916] inq.e: Network Operator: 310260
11-10 14:28:51.279  6684  8642 I CarrierServices: [1916] inq.e: carrierWithOldEcApis: false
11-10 14:28:51.279  6684  8642 I CarrierServices: [1916] inq.e: hasDialerThatSupportsNewEc: false
11-10 14:28:51.283   387 13394 I Finsky  : [1975] kye.run(18): Wrote row to frosting DB: 194
11-10 14:28:51.287 15588 15588 D BoundBrokerSvc: onBind: Intent { act=com.google.android.gms.nearby.exposurenotification.START dat=chimera-action: cmp=com.google.android.gms/.chimera.PersistentApiService }
11-10 14:28:51.287 15588 15588 D BoundBrokerSvc: Loading bound service for intent: Intent { act=com.google.android.gms.nearby.exposurenotification.START dat=chimera-action: cmp=com.google.android.gms/.chimera.PersistentApiService }
11-10 14:28:51.307  1928  1937 I system_server: Background concurrent copying GC freed 27576(1548KB) AllocSpace objects, 18(824KB) LOS objects, 18% free, 26MB/32MB, paused 4.237ms total 525.755ms
11-10 14:28:51.312   387 13406 I Finsky  : [1982] at.a(48): Asset module storage cleared for package com.android.gpstest.
11-10 14:28:51.317   387 13413 I Finsky  : [1987] aqq.YI(24): [ContentSync] finished, scheduled=false
11-10 14:28:51.347   387 13394 I Finsky  : [1975] kye.run(18): Wrote row to frosting DB: 195
11-10 14:28:51.355  6684  8642 W RcsProvisioning: Failed to read configuration: /data/user/0/com.google.android.apps.messaging/files/rcsconfig (No such file or directory)
11-10 14:28:51.364  6684  8642 W RcsProvisioning: java.io.FileNotFoundException: /data/user/0/com.google.android.apps.messaging/files/rcsconfig (No such file or directory)
11-10 14:28:51.364  6684  8642 W RcsProvisioning: 	at java.io.FileInputStream.open0(Native Method)
11-10 14:28:51.364  6684  8642 W RcsProvisioning: 	at java.io.FileInputStream.open(FileInputStream.java:231)
11-10 14:28:51.364  6684  8642 W RcsProvisioning: 	at java.io.FileInputStream.<init>(FileInputStream.java:165)
11-10 14:28:51.364  6684  8642 W RcsProvisioning: 	at android.app.ContextImpl.openFileInput(ContextImpl.java:560)
11-10 14:28:51.364  6684  8642 W RcsProvisioning: 	at android.content.ContextWrapper.openFileInput(ContextWrapper.java:202)
11-10 14:28:51.364  6684  8642 W RcsProvisioning: 	at ion.a(SourceFile:2)
11-10 14:28:51.364  6684  8642 W RcsProvisioning: 	at idl.a(SourceFile:4)
11-10 14:28:51.364  6684  8642 W RcsProvisioning: 	at idm.a(SourceFile:7)
11-10 14:28:51.364  6684  8642 W RcsProvisioning: 	at com.google.android.apps.messaging.rcsmigration.RcsStateProvider.buildRcsState(SourceFile:81)
11-10 14:28:51.364  6684  8642 W RcsProvisioning: 	at com.google.android.apps.messaging.rcsmigration.RcsStateProvider.getRcsState(SourceFile:6)
11-10 14:28:51.364  6684  8642 W RcsProvisioning: 	at com.google.android.ims.rcsmigration.IRcsStateProvider$Stub.dispatchTransaction(SourceFile:10)
11-10 14:28:51.364  6684  8642 W RcsProvisioning: 	at com.google.android.aidl.BaseStub.onTransact(SourceFile:18)
11-10 14:28:51.364  6684  8642 W RcsProvisioning: 	at android.os.Binder.execTransact(Binder.java:731)
11-10 14:28:51.364  6684  8642 D RcsProvisioning: Retrieving backup token
11-10 14:28:51.371  6353 11578 I Icing   : Indexing com.google.android.gms-apps from com.google.android.gms
11-10 14:28:51.388  6684  8642 D RcsProvisioning: Exception while getting subscriber Id. Using default
11-10 14:28:51.418 15588 15717 W ChimeraUtils: Module com.google.android.gms.nearby_en has empty metadata display_name_string_id
11-10 14:28:51.426 15588 15717 W ChimeraUtils: Module com.google.android.gms.nearby_en has empty metadata display_name_string_id
11-10 14:28:51.491  6684  8642 D RcsProvisioning: No backup token found
11-10 14:28:51.492  6684  8642 D RcsProvisioning: Retrieving backup token
11-10 14:28:51.492  6684  8642 D RcsProvisioning: Exception while getting subscriber Id. Using default
11-10 14:28:51.512  6353 11578 I Icing   : Indexing done com.google.android.gms-apps
11-10 14:28:51.593  6684  8642 D RcsProvisioning: No backup token found
11-10 14:28:51.610  6684  8642 W RcsProvisioning: Failed to read configuration: /data/user/0/com.google.android.apps.messaging/files/rcsconfig (No such file or directory)
11-10 14:28:51.610  6684  8642 W RcsProvisioning: java.io.FileNotFoundException: /data/user/0/com.google.android.apps.messaging/files/rcsconfig (No such file or directory)
11-10 14:28:51.610  6684  8642 W RcsProvisioning: 	at java.io.FileInputStream.open0(Native Method)
11-10 14:28:51.610  6684  8642 W RcsProvisioning: 	at java.io.FileInputStream.open(FileInputStream.java:231)
11-10 14:28:51.610  6684  8642 W RcsProvisioning: 	at java.io.FileInputStream.<init>(FileInputStream.java:165)
11-10 14:28:51.610  6684  8642 W RcsProvisioning: 	at android.app.ContextImpl.openFileInput(ContextImpl.java:560)
11-10 14:28:51.610  6684  8642 W RcsProvisioning: 	at android.content.ContextWrapper.openFileInput(ContextWrapper.java:202)
11-10 14:28:51.610  6684  8642 W RcsProvisioning: 	at ion.a(SourceFile:2)
11-10 14:28:51.610  6684  8642 W RcsProvisioning: 	at idl.a(SourceFile:4)
11-10 14:28:51.610  6684  8642 W RcsProvisioning: 	at idm.a(SourceFile:7)
11-10 14:28:51.610  6684  8642 W RcsProvisioning: 	at iez.buildConferencesFileName(SourceFile:30)
11-10 14:28:51.610  6684  8642 W RcsProvisioning: 	at com.google.android.apps.messaging.rcsmigration.RcsStateProvider.buildRcsState(SourceFile:129)
11-10 14:28:51.610  6684  8642 W RcsProvisioning: 	at com.google.android.apps.messaging.rcsmigration.RcsStateProvider.getRcsState(SourceFile:6)
11-10 14:28:51.610  6684  8642 W RcsProvisioning: 	at com.google.android.ims.rcsmigration.IRcsStateProvider$Stub.dispatchTransaction(SourceFile:10)
11-10 14:28:51.610  6684  8642 W RcsProvisioning: 	at com.google.android.aidl.BaseStub.onTransact(SourceFile:18)
11-10 14:28:51.610  6684  8642 W RcsProvisioning: 	at android.os.Binder.execTransact(Binder.java:731)
11-10 14:28:51.610  6684  8642 D RcsProvisioning: Retrieving backup token
11-10 14:28:51.610  6684  8642 D RcsProvisioning: Exception while getting subscriber Id. Using default
11-10 14:28:51.638 13458 13458 D AndroidRuntime: >>>>>> START com.android.internal.os.RuntimeInit uid 2000 <<<<<<
11-10 14:28:51.642 13458 13458 W app_process: Could not reserve sentinel fault page
11-10 14:28:51.703  1928  2290 I GnssLocationProvider: WakeLock acquired by sendMessage(REPORT_SV_STATUS, 0, com.android.server.location.GnssLocationProvider$SvStatusInfo@c089807)
11-10 14:28:51.705  1928  1941 I GnssLocationProvider: WakeLock released by handleMessage(REPORT_SV_STATUS, 0, com.android.server.location.GnssLocationProvider$SvStatusInfo@c089807)
11-10 14:28:51.711  6684  8642 D RcsProvisioning: No backup token found
11-10 14:28:51.714  6684  8642 E CarrierServices: [1916] iez.getFile: File not found.: /data/user/0/com.google.android.apps.messaging/files/httpft_pending (No such file or directory)
11-10 14:28:51.714  6684  8642 E CarrierServices: 	java.io.FileInputStream.open0(Native Method)
11-10 14:28:51.714  6684  8642 E CarrierServices: 	java.io.FileInputStream.open(FileInputStream.java:231)
11-10 14:28:51.714  6684  8642 E CarrierServices: 	java.io.FileInputStream.<init>(FileInputStream.java:165)
11-10 14:28:51.714  6684  8642 E CarrierServices: 	android.app.ContextImpl.openFileInput(ContextImpl.java:560)
11-10 14:28:51.714  6684  8642 E CarrierServices: 	android.content.ContextWrapper.openFileInput(ContextWrapper.java:202)
11-10 14:28:51.714  6684  8642 E CarrierServices: 	iez.getFile(SourceFile:20)
11-10 14:28:51.714  6684  8642 E CarrierServices: 	com.google.android.apps.messaging.rcsmigration.RcsStateProvider.buildRcsState(SourceFile:136)
11-10 14:28:51.714  6684  8642 E CarrierServices: 	com.google.android.apps.messaging.rcsmigration.RcsStateProvider.getRcsState(SourceFile:6)
11-10 14:28:51.714  6684  8642 E CarrierServices: 	com.google.android.ims.rcsmigration.IRcsStateProvider$Stub.dispatchTransaction(SourceFile:10)
11-10 14:28:51.714  6684  8642 E CarrierServices: 	com.google.android.aidl.BaseStub.onTransact(SourceFile:18)
11-10 14:28:51.714  6684  8642 E CarrierServices: 	android.os.Binder.execTransact(Binder.java:731)
11-10 14:28:51.723  4376 13472 I CarrierServices: [369] awt.doInBackground: Saving RCS State
11-10 14:28:51.723  4376 13472 I CarrierServices: [369] awt.doInBackground: Old operation mode: 2
11-10 14:28:51.724  4376 13472 I CarrierServices: [369] awt.doInBackground: New operation mode: 2
11-10 14:28:51.729  6684  8642 I CarrierServices: [1916] RcsStateProvider.onMigrationComplete: Migration complete.
11-10 14:28:51.738  6684  8642 I CarrierServices: [1916] inq.shouldUseCarrierServicesApkForV1Apis: Checking if using CarrierServices.apk is possible. Enabled: true, isAtLeastM: true, runningInsideBugle: true
11-10 14:28:51.744  6684  8642 I CarrierServices: [1916] inq.e: Network Operator: 310260
11-10 14:28:51.746  6684  8642 I CarrierServices: [1916] inq.e: carrierWithOldEcApis: false
11-10 14:28:51.747  6684  8642 I CarrierServices: [1916] inq.e: hasDialerThatSupportsNewEc: false
11-10 14:28:51.747  6684  8642 I CarrierServices: [1916] RcsStateProvider.onMigrationComplete: Rcs Engine should be running in cs.apk. Stopping JibeService.
11-10 14:28:51.765  6684  8642 I CarrierServices: [1916] RcsStateProvider.onMigrationComplete: JibeService stopped: true
11-10 14:28:51.772  6684  8642 I CarrierServices: [1916] inq.e: Network Operator: 310260
11-10 14:28:51.774  6684  8642 I CarrierServices: [1916] inq.e: carrierWithOldEcApis: false
11-10 14:28:51.774  6684  8642 I CarrierServices: [1916] inq.e: hasDialerThatSupportsNewEc: false
11-10 14:28:51.780  6684  8642 I CarrierServices: [1916] jsn.connect: shouldUseCarrierServicesJibeService: true, CarrierServices rcs service found: true
11-10 14:28:51.780  6684  8642 I CarrierServices: [1916] jsn.connect: Binding to JibeService in CarrierServices.
11-10 14:28:51.789  6684  6684 D RcsClientLib: Service com.google.android.rcs.client.chatsession.ChatSessionService connected. Will notify listeners: true
11-10 14:28:51.790  6684  6684 V BugleRcs: com.google.android.rcs.client.chatsession.ChatSessionService RCS service connected
11-10 14:28:51.793  6684  8642 I CarrierServices: [1916] inq.e: Network Operator: 310260
11-10 14:28:51.795  6684  8642 I CarrierServices: [1916] inq.e: carrierWithOldEcApis: false
11-10 14:28:51.795  6684  8642 I CarrierServices: [1916] inq.e: hasDialerThatSupportsNewEc: false
11-10 14:28:51.802  6684  8642 I CarrierServices: [1916] jsn.connect: shouldUseCarrierServicesJibeService: true, CarrierServices rcs service found: true
11-10 14:28:51.802  6684  8642 I CarrierServices: [1916] jsn.connect: Binding to JibeService in CarrierServices.
11-10 14:28:51.806  6684  6684 D RcsClientLib: Service com.google.android.rcs.client.events.EventService connected. Will notify listeners: true
11-10 14:28:51.807  6684  6684 V BugleRcs: com.google.android.rcs.client.events.EventService RCS service connected
11-10 14:28:51.814  6684  8642 I CarrierServices: [1916] inq.e: Network Operator: 310260
11-10 14:28:51.817  6684  8642 I CarrierServices: [1916] inq.e: carrierWithOldEcApis: false
11-10 14:28:51.817  6684  8642 I CarrierServices: [1916] inq.e: hasDialerThatSupportsNewEc: false
11-10 14:28:51.821  6684  8642 I CarrierServices: [1916] jsn.connect: shouldUseCarrierServicesJibeService: true, CarrierServices rcs service found: true
11-10 14:28:51.821  6684  8642 I CarrierServices: [1916] jsn.connect: Binding to JibeService in CarrierServices.
11-10 14:28:51.826  6684  6684 D RcsClientLib: Service com.google.android.rcs.client.contacts.ContactsService connected. Will notify listeners: true
11-10 14:28:51.827  6684  6684 V BugleRcs: com.google.android.rcs.client.contacts.ContactsService RCS service connected
11-10 14:28:51.832  6684  8642 I CarrierServices: [1916] inq.e: Network Operator: 310260
11-10 14:28:51.833  6684  8642 I CarrierServices: [1916] inq.e: carrierWithOldEcApis: false
11-10 14:28:51.834  6684  8642 I CarrierServices: [1916] inq.e: hasDialerThatSupportsNewEc: false
11-10 14:28:51.838  6684  8642 I CarrierServices: [1916] jsn.connect: shouldUseCarrierServicesJibeService: true, CarrierServices rcs service found: true
11-10 14:28:51.838  6684  8642 I CarrierServices: [1916] jsn.connect: Binding to JibeService in CarrierServices.
11-10 14:28:51.843  6684  6684 D RcsClientLib: Service com.google.android.rcs.client.filetransfer.FileTransferService connected. Will notify listeners: true
11-10 14:28:51.843  6684  6684 V BugleRcs: com.google.android.rcs.client.filetransfer.FileTransferService RCS service connected
11-10 14:28:51.851  6684  8642 I CarrierServices: [1916] inq.e: Network Operator: 310260
11-10 14:28:51.853  6684  8642 I CarrierServices: [1916] inq.e: carrierWithOldEcApis: false
11-10 14:28:51.853  6684  8642 I CarrierServices: [1916] inq.e: hasDialerThatSupportsNewEc: false
11-10 14:28:51.854 13458 13458 W app_process: Unexpected CPU variant for X86 using defaults: x86
11-10 14:28:51.857  6684  8642 I CarrierServices: [1916] jsn.connect: shouldUseCarrierServicesJibeService: true, CarrierServices rcs service found: true
11-10 14:28:51.857  6684  8642 I CarrierServices: [1916] jsn.connect: Binding to JibeService in CarrierServices.
11-10 14:28:51.864  6684  6684 D RcsClientLib: Service com.google.android.rcs.client.locationsharing.LocationSharingService connected. Will notify listeners: true
11-10 14:28:51.864  6684  6684 V BugleRcs: com.google.android.rcs.client.locationsharing.LocationSharingService RCS service connected
11-10 14:28:51.867 13458 13458 I app_process: The ClassLoaderContext is a special shared library.
11-10 14:28:51.869  6684  8642 I CarrierServices: [1916] inq.e: Network Operator: 310260
11-10 14:28:51.872  6684  8642 I CarrierServices: [1916] inq.e: carrierWithOldEcApis: false
11-10 14:28:51.872  6684  8642 I CarrierServices: [1916] inq.e: hasDialerThatSupportsNewEc: false
11-10 14:28:51.875  6684  8642 I CarrierServices: [1916] jsn.connect: shouldUseCarrierServicesJibeService: true, CarrierServices rcs service found: true
11-10 14:28:51.875  6684  8642 I CarrierServices: [1916] jsn.connect: Binding to JibeService in CarrierServices.
11-10 14:28:51.882 13458 13458 W app_process: CheckJNI: method to register "write" not in the given class. This is slow, consider changing your RegisterNatives calls.
11-10 14:28:51.882  6684  6684 D RcsClientLib: Service com.google.android.rcs.client.ims.ImsConnectionTrackerService connected. Will notify listeners: true
11-10 14:28:51.882  6684  6684 V BugleRcs: com.google.android.rcs.client.ims.ImsConnectionTrackerService RCS service connected
11-10 14:28:51.882 13458 13458 W app_process: CheckJNI: method to register "write" not in the given class. This is slow, consider changing your RegisterNatives calls.
11-10 14:28:51.884 13458 13458 I chatty  : uid=2000(shell) main identical 41 lines
11-10 14:28:51.884 13458 13458 W app_process: CheckJNI: method to register "write" not in the given class. This is slow, consider changing your RegisterNatives calls.
11-10 14:28:51.884 13458 13458 W app_process: CheckJNI: method to register "write_non_chained" not in the given class. This is slow, consider changing your RegisterNatives calls.
11-10 14:28:51.884 13458 13458 I chatty  : uid=2000(shell) main identical 7 lines
11-10 14:28:51.884 13458 13458 W app_process: CheckJNI: method to register "write_non_chained" not in the given class. This is slow, consider changing your RegisterNatives calls.
11-10 14:28:51.885  6684  6684 V BugleRcs: kicking off RCS sending/receiving
11-10 14:28:51.886  6684  6684 V BugleAction: no RCS because we're not registered
11-10 14:28:51.893  6684  8642 I CarrierServices: [1916] inq.e: Network Operator: 310260
11-10 14:28:51.896  6684  8642 I CarrierServices: [1916] inq.e: carrierWithOldEcApis: false
11-10 14:28:51.896  6684  8642 I CarrierServices: [1916] inq.e: hasDialerThatSupportsNewEc: false
11-10 14:28:51.899  6684  8642 I CarrierServices: [1916] jsn.connect: shouldUseCarrierServicesJibeService: true, CarrierServices rcs service found: true
11-10 14:28:51.900  6684  8642 I CarrierServices: [1916] jsn.connect: Binding to JibeService in CarrierServices.
11-10 14:28:51.906  6684  6684 D RcsClientLib: Service com.google.android.rcs.client.profile.RcsProfileService connected. Will notify listeners: true
11-10 14:28:51.906  6684  6684 V BugleRcs: com.google.android.rcs.client.profile.RcsProfileService RCS service connected
11-10 14:28:51.907  6684  6684 V BugleRcs: kicking off RCS sending/receiving
11-10 14:28:51.907  6684  6684 V BugleAction: no RCS because we're not registered
11-10 14:28:51.912  4376 20207 W CarrierServices: [315] bmc.a: No config URL. RCS will be disabled!
11-10 14:28:51.912  6684  6684 I BugleRcs: RcsAvailability ACS url: null
11-10 14:28:51.913  6684  8642 I CarrierServices: [1916] inq.e: Network Operator: 310260
11-10 14:28:51.916  6684  8642 I CarrierServices: [1916] inq.e: carrierWithOldEcApis: false
11-10 14:28:51.916  6684  8642 I CarrierServices: [1916] inq.e: hasDialerThatSupportsNewEc: false
11-10 14:28:51.919  6684  8642 I CarrierServices: [1916] jsn.connect: shouldUseCarrierServicesJibeService: true, CarrierServices rcs service found: true
11-10 14:28:51.919  6684  8642 I CarrierServices: [1916] jsn.connect: Binding to JibeService in CarrierServices.
11-10 14:28:51.924  6684  6684 D RcsClientLib: Service com.google.android.rcs.client.businessinfo.BusinessInfoService connected. Will notify listeners: true
11-10 14:28:51.924  6684  6684 V BugleRcs: com.google.android.rcs.client.businessinfo.BusinessInfoService RCS service connected
11-10 14:28:51.931  6684  6684 V BugleRcs: kicking off RCS sending/receiving
11-10 14:28:51.933  6684  6684 V BugleAction: no RCS because we're not registered
11-10 14:28:51.936  4376 19159 W CarrierServices: [348] bmc.a: No config URL. RCS will be disabled!
11-10 14:28:51.937  6684  6684 I BugleRcs: RcsAvailability ACS url: null
11-10 14:28:51.939  6684  8642 W RcsProvisioning: Failed to read configuration: /data/user/0/com.google.android.apps.messaging/files/rcsconfig (No such file or directory)
11-10 14:28:51.939  6684  8642 W RcsProvisioning: java.io.FileNotFoundException: /data/user/0/com.google.android.apps.messaging/files/rcsconfig (No such file or directory)
11-10 14:28:51.939  6684  8642 W RcsProvisioning: 	at java.io.FileInputStream.open0(Native Method)
11-10 14:28:51.939  6684  8642 W RcsProvisioning: 	at java.io.FileInputStream.open(FileInputStream.java:231)
11-10 14:28:51.939  6684  8642 W RcsProvisioning: 	at java.io.FileInputStream.<init>(FileInputStream.java:165)
11-10 14:28:51.939  6684  8642 W RcsProvisioning: 	at android.app.ContextImpl.openFileInput(ContextImpl.java:560)
11-10 14:28:51.939  6684  8642 W RcsProvisioning: 	at android.content.ContextWrapper.openFileInput(ContextWrapper.java:202)
11-10 14:28:51.939  6684  8642 W RcsProvisioning: 	at ion.a(SourceFile:2)
11-10 14:28:51.939  6684  8642 W RcsProvisioning: 	at idl.a(SourceFile:4)
11-10 14:28:51.939  6684  8642 W RcsProvisioning: 	at idm.a(SourceFile:7)
11-10 14:28:51.939  6684  8642 W RcsProvisioning: 	at com.google.android.apps.messaging.rcsmigration.RcsStateProvider.onMigrationComplete(SourceFile:27)
11-10 14:28:51.939  6684  8642 W RcsProvisioning: 	at com.google.android.ims.rcsmigration.IRcsStateProvider$Stub.dispatchTransaction(SourceFile:14)
11-10 14:28:51.939  6684  8642 W RcsProvisioning: 	at com.google.android.aidl.BaseStub.onTransact(SourceFile:18)
11-10 14:28:51.939  6684  8642 W RcsProvisioning: 	at android.os.Binder.execTransact(Binder.java:731)
11-10 14:28:51.939  6684  8642 D RcsProvisioning: Retrieving backup token
11-10 14:28:51.939  6684  8642 D RcsProvisioning: Exception while getting subscriber Id. Using default
11-10 14:28:52.002 13458 13458 D AndroidRuntime: Calling main entry com.android.commands.monkey.Monkey
11-10 14:28:52.005 13458 13458 W Monkey  : args: [-p, com.android.gpstest, -c, android.intent.category.LAUNCHER, 1]
11-10 14:28:52.008 13458 13458 W Monkey  :  arg: "-p"
11-10 14:28:52.008 13458 13458 W Monkey  :  arg: "com.android.gpstest"
11-10 14:28:52.008 13458 13458 W Monkey  :  arg: "-c"
11-10 14:28:52.008 13458 13458 W Monkey  :  arg: "android.intent.category.LAUNCHER"
11-10 14:28:52.009 13458 13458 W Monkey  :  arg: "1"
11-10 14:28:52.009 13458 13458 W Monkey  : data="com.android.gpstest"
11-10 14:28:52.009 13458 13458 W Monkey  : data="android.intent.category.LAUNCHER"
11-10 14:28:52.040  6684  8642 D RcsProvisioning: No backup token found
11-10 14:28:52.040  6684  8642 D RcsProvisioning: Clearing backup token
11-10 14:28:52.040  6684  8642 D RcsProvisioning: Exception while getting subscriber Id. Using default
11-10 14:28:52.081  6684  8642 I CarrierServices: [1916] RcsStateProvider.onMigrationComplete: Deleted transfers file: false
11-10 14:28:52.087  6684  8642 W RcsProvisioning: Failed to read configuration: /data/user/0/com.google.android.apps.messaging/files/rcsconfig (No such file or directory)
11-10 14:28:52.088  6684  8642 W RcsProvisioning: java.io.FileNotFoundException: /data/user/0/com.google.android.apps.messaging/files/rcsconfig (No such file or directory)
11-10 14:28:52.088  6684  8642 W RcsProvisioning: 	at java.io.FileInputStream.open0(Native Method)
11-10 14:28:52.088  6684  8642 W RcsProvisioning: 	at java.io.FileInputStream.open(FileInputStream.java:231)
11-10 14:28:52.088  6684  8642 W RcsProvisioning: 	at java.io.FileInputStream.<init>(FileInputStream.java:165)
11-10 14:28:52.088  6684  8642 W RcsProvisioning: 	at android.app.ContextImpl.openFileInput(ContextImpl.java:560)
11-10 14:28:52.088  6684  8642 W RcsProvisioning: 	at android.content.ContextWrapper.openFileInput(ContextWrapper.java:202)
11-10 14:28:52.088  6684  8642 W RcsProvisioning: 	at ion.a(SourceFile:2)
11-10 14:28:52.088  6684  8642 W RcsProvisioning: 	at idl.a(SourceFile:4)
11-10 14:28:52.088  6684  8642 W RcsProvisioning: 	at idm.a(SourceFile:7)
11-10 14:28:52.088  6684  8642 W RcsProvisioning: 	at iez.buildConferencesFileName(SourceFile:30)
11-10 14:28:52.088  6684  8642 W RcsProvisioning: 	at com.google.android.apps.messaging.rcsmigration.RcsStateProvider.onMigrationComplete(SourceFile:48)
11-10 14:28:52.088  6684  8642 W RcsProvisioning: 	at com.google.android.ims.rcsmigration.IRcsStateProvider$Stub.dispatchTransaction(SourceFile:14)
11-10 14:28:52.088  6684  8642 W RcsProvisioning: 	at com.google.android.aidl.BaseStub.onTransact(SourceFile:18)
11-10 14:28:52.088  6684  8642 W RcsProvisioning: 	at android.os.Binder.execTransact(Binder.java:731)
11-10 14:28:52.088  6684  8642 D RcsProvisioning: Retrieving backup token
11-10 14:28:52.088  6684  8642 D RcsProvisioning: Exception while getting subscriber Id. Using default
11-10 14:28:52.145  1928  1942 W BroadcastQueue: Skipping deliver [background] BroadcastRecord{4500a82 u-1 android.net.conn.CONNECTIVITY_CHANGE} to ReceiverList{bd44593 13458 (unknown name)/2000/u-1 remote:1002b64}: process gone or crashing
11-10 14:28:52.171  1928  2267 I ActivityManager: START u0 {act=android.intent.action.MAIN cat=[android.intent.category.LAUNCHER] flg=0x10200000 cmp=com.android.gpstest/.GpsTestActivity} from uid 2000
11-10 14:28:52.181  1928  2267 W Binder  : Outgoing transactions from this process must be FLAG_ONEWAY
11-10 14:28:52.181  1928  2267 W Binder  : java.lang.Throwable
11-10 14:28:52.181  1928  2267 W Binder  : 	at android.os.BinderProxy.transact(Binder.java:1114)
11-10 14:28:52.181  1928  2267 W Binder  : 	at android.app.IActivityController$Stub$Proxy.activityStarting(IActivityController.java:176)
