11-10 14:29:58.779  1928  1928 V SettingsProvider: Notifying for 0: content://settings/secure/accessibility_enabled
11-10 14:29:59.805  1928  4544 W WindowManager: removeWindowToken: Attempted to remove non-existing token: android.os.Binder@1b02a6e
11-10 14:29:59.807  1928  1928 V SettingsProvider: Notifying for 0: content://settings/secure/accessibility_enabled
11-10 14:29:59.812 13898 13898 D AndroidRuntime: Shutting down VM
11-10 14:29:59.812  6288  6351 I A       : NGA disabled due to not being eligible.
11-10 14:30:00.180  1928  2290 I GnssLocationProvider: WakeLock acquired by sendMessage(REPORT_SV_STATUS, 0, com.android.server.location.GnssLocationProvider$SvStatusInfo@9c1a32b)
11-10 14:30:00.181  1928  1941 I GnssLocationProvider: WakeLock released by handleMessage(REPORT_SV_STATUS, 0, com.android.server.location.GnssLocationProvider$SvStatusInfo@9c1a32b)
11-10 14:30:01.186  1928  2290 I GnssLocationProvider: WakeLock acquired by sendMessage(REPORT_SV_STATUS, 0, com.android.server.location.GnssLocationProvider$SvStatusInfo@56bc388)
11-10 14:30:01.190  1928  1941 I GnssLocationProvider: WakeLock released by handleMessage(REPORT_SV_STATUS, 0, com.android.server.location.GnssLocationProvider$SvStatusInfo@56bc388)
11-10 14:30:02.161 13916 13916 D AndroidRuntime: >>>>>> START com.android.internal.os.RuntimeInit uid 2000 <<<<<<
11-10 14:30:02.165 13916 13916 W app_process: Could not reserve sentinel fault page
11-10 14:30:02.190  1928  2290 I GnssLocationProvider: WakeLock acquired by sendMessage(REPORT_SV_STATUS, 0, com.android.server.location.GnssLocationProvider$SvStatusInfo@7a5e121)
11-10 14:30:02.191  1928  1941 I GnssLocationProvider: WakeLock released by handleMessage(REPORT_SV_STATUS, 0, com.android.server.location.GnssLocationProvider$SvStatusInfo@7a5e121)
11-10 14:30:02.223 13916 13916 W app_process: Unexpected CPU variant for X86 using defaults: x86
11-10 14:30:02.225 13916 13916 I app_process: The ClassLoaderContext is a special shared library.
11-10 14:30:02.226 13916 13916 I app_process: The ClassLoaderContext is a special shared library.
11-10 14:30:02.232 13916 13916 W app_process: CheckJNI: method to register "write" not in the given class. This is slow, consider changing your RegisterNatives calls.
11-10 14:30:02.238 13916 13916 I chatty  : uid=2000(shell) main identical 42 lines
11-10 14:30:02.238 13916 13916 W app_process: CheckJNI: method to register "write" not in the given class. This is slow, consider changing your RegisterNatives calls.
11-10 14:30:02.238 13916 13916 W app_process: CheckJNI: method to register "write_non_chained" not in the given class. This is slow, consider changing your RegisterNatives calls.
11-10 14:30:02.239 13916 13916 I chatty  : uid=2000(shell) main identical 7 lines
11-10 14:30:02.239 13916 13916 W app_process: CheckJNI: method to register "write_non_chained" not in the given class. This is slow, consider changing your RegisterNatives calls.
11-10 14:30:02.259 13916 13916 D AndroidRuntime: Calling main entry com.android.commands.uiautomator.Launcher
11-10 14:30:02.276  6288  6351 I A       : NGA disabled due to not being eligible.
11-10 14:30:03.196  1928  2290 I GnssLocationProvider: WakeLock acquired by sendMessage(REPORT_SV_STATUS, 0, com.android.server.location.GnssLocationProvider$SvStatusInfo@dbd9034)
11-10 14:30:03.198  1928  1941 I GnssLocationProvider: WakeLock released by handleMessage(REPORT_SV_STATUS, 0, com.android.server.location.GnssLocationProvider$SvStatusInfo@dbd9034)
11-10 14:30:03.294 13916 13916 W AccessibilityNodeInfoDumper: Fetch time: 5ms
11-10 14:30:02.274  1928  1928 V SettingsProvider: Notifying for 0: content://settings/secure/accessibility_enabled
11-10 14:30:03.296  1928  2700 W WindowManager: removeWindowToken: Attempted to remove non-existing token: android.os.Binder@cbf1946
11-10 14:30:03.299  1928  1928 V SettingsProvider: Notifying for 0: content://settings/secure/accessibility_enabled
11-10 14:30:03.301  6288  6351 I A       : NGA disabled due to not being eligible.
11-10 14:30:03.308 13916 13916 D AndroidRuntime: Shutting down VM
11-10 14:30:03.654 13934 13934 D AndroidRuntime: >>>>>> START com.android.internal.os.RuntimeInit uid 2000 <<<<<<
11-10 14:30:03.658 13934 13934 W app_process: Could not reserve sentinel fault page
11-10 14:30:03.714 13934 13934 W app_process: Unexpected CPU variant for X86 using defaults: x86
11-10 14:30:03.716 13934 13934 I app_process: The ClassLoaderContext is a special shared library.
11-10 14:30:03.717 13934 13934 I app_process: The ClassLoaderContext is a special shared library.
11-10 14:30:03.721 13934 13934 W app_process: CheckJNI: method to register "write" not in the given class. This is slow, consider changing your RegisterNatives calls.
11-10 14:30:03.725 13934 13934 I chatty  : uid=2000(shell) main identical 42 lines
11-10 14:30:03.725 13934 13934 W app_process: CheckJNI: method to register "write" not in the given class. This is slow, consider changing your RegisterNatives calls.
11-10 14:30:03.725 13934 13934 W app_process: CheckJNI: method to register "write_non_chained" not in the given class. This is slow, consider changing your RegisterNatives calls.
11-10 14:30:03.726 13934 13934 I chatty  : uid=2000(shell) uiautomator identical 7 lines
11-10 14:30:03.726 13934 13934 W app_process: CheckJNI: method to register "write_non_chained" not in the given class. This is slow, consider changing your RegisterNatives calls.
11-10 14:30:03.746 13934 13934 D AndroidRuntime: Calling main entry com.android.commands.uiautomator.Launcher
11-10 14:30:03.771  6288  6351 I A       : NGA disabled due to not being eligible.
11-10 14:30:04.206  1928  2290 I GnssLocationProvider: WakeLock acquired by sendMessage(REPORT_SV_STATUS, 0, com.android.server.location.GnssLocationProvider$SvStatusInfo@3bd7ba0)
11-10 14:30:04.207  1928  1941 I GnssLocationProvider: WakeLock released by handleMessage(REPORT_SV_STATUS, 0, com.android.server.location.GnssLocationProvider$SvStatusInfo@3bd7ba0)
11-10 14:30:04.779 13934 13934 W AccessibilityNodeInfoDumper: Fetch time: 5ms
11-10 14:30:03.759  1928  1928 V SettingsProvider: Notifying for 0: content://settings/secure/accessibility_enabled
11-10 14:30:04.780  1928  2638 W WindowManager: removeWindowToken: Attempted to remove non-existing token: android.os.Binder@84383d2
11-10 14:30:04.782  1928  1928 V SettingsProvider: Notifying for 0: content://settings/secure/accessibility_enabled
11-10 14:30:04.786  6288  6351 I A       : NGA disabled due to not being eligible.
11-10 14:30:04.788 13934 13934 D AndroidRuntime: Shutting down VM
11-10 14:30:05.132 13952 13952 D AndroidRuntime: >>>>>> START com.android.internal.os.RuntimeInit uid 2000 <<<<<<
11-10 14:30:05.193 13952 13952 W app_process: Unexpected CPU variant for X86 using defaults: x86
11-10 14:30:05.194 13952 13952 I app_process: The ClassLoaderContext is a special shared library.
11-10 14:30:05.195 13952 13952 I app_process: The ClassLoaderContext is a special shared library.
11-10 14:30:05.201 13952 13952 W app_process: CheckJNI: method to register "write" not in the given class. This is slow, consider changing your RegisterNatives calls.
11-10 14:30:05.206 13952 13952 I chatty  : uid=2000(shell) main identical 42 lines
11-10 14:30:05.206 13952 13952 W app_process: CheckJNI: method to register "write" not in the given class. This is slow, consider changing your RegisterNatives calls.
11-10 14:30:05.207 13952 13952 W app_process: CheckJNI: method to register "write_non_chained" not in the given class. This is slow, consider changing your RegisterNatives calls.
11-10 14:30:05.207 13952 13952 I chatty  : uid=2000(shell) main identical 7 lines
11-10 14:30:05.207 13952 13952 W app_process: CheckJNI: method to register "write_non_chained" not in the given class. This is slow, consider changing your RegisterNatives calls.
11-10 14:30:05.213  1928  2290 I GnssLocationProvider: WakeLock acquired by sendMessage(REPORT_SV_STATUS, 0, com.android.server.location.GnssLocationProvider$SvStatusInfo@4320b1e)
11-10 14:30:05.214  1928  1941 I GnssLocationProvider: WakeLock released by handleMessage(REPORT_SV_STATUS, 0, com.android.server.location.GnssLocationProvider$SvStatusInfo@4320b1e)
11-10 14:30:05.228 13952 13952 D AndroidRuntime: Calling main entry com.android.commands.uiautomator.Launcher
11-10 14:30:05.245  6288  6351 I A       : NGA disabled due to not being eligible.
11-10 14:30:06.220  1928  2290 I GnssLocationProvider: WakeLock acquired by sendMessage(REPORT_SV_STATUS, 0, com.android.server.location.GnssLocationProvider$SvStatusInfo@c360c15)
11-10 14:30:06.221  1928  1941 I GnssLocationProvider: WakeLock released by handleMessage(REPORT_SV_STATUS, 0, com.android.server.location.GnssLocationProvider$SvStatusInfo@c360c15)
11-10 14:30:05.241  1928  1928 V SettingsProvider: Notifying for 0: content://settings/secure/accessibility_enabled
11-10 14:30:06.254  1928  2859 W WindowManager: removeWindowToken: Attempted to remove non-existing token: android.os.Binder@fe60fff
11-10 14:30:06.255  1928  1928 V SettingsProvider: Notifying for 0: content://settings/secure/accessibility_enabled
11-10 14:30:06.258  6288  6351 I A       : NGA disabled due to not being eligible.
11-10 14:30:06.260 13952 13952 D AndroidRuntime: Shutting down VM
11-10 14:30:06.568  1928  1937 I system_server: Background concurrent copying GC freed 172479(5MB) AllocSpace objects, 16(320KB) LOS objects, 18% free, 26MB/32MB, paused 2.781ms total 102.154ms
11-10 14:30:06.706 13973 13973 D AndroidRuntime: >>>>>> START com.android.internal.os.RuntimeInit uid 2000 <<<<<<
11-10 14:30:06.762  7156  7454 W native  : jpeg_io.cc:108 File's first two bytes does not match the sequence 216
11-10 14:30:06.770 13973 13973 W app_process: Unexpected CPU variant for X86 using defaults: x86
11-10 14:30:06.772 13973 13973 I app_process: The ClassLoaderContext is a special shared library.
11-10 14:30:06.773 13973 13973 I app_process: The ClassLoaderContext is a special shared library.
11-10 14:30:06.780 13973 13973 W app_process: CheckJNI: method to register "write" not in the given class. This is slow, consider changing your RegisterNatives calls.
11-10 14:30:06.785 13973 13973 I chatty  : uid=2000(shell) main identical 42 lines
11-10 14:30:06.785 13973 13973 W app_process: CheckJNI: method to register "write" not in the given class. This is slow, consider changing your RegisterNatives calls.
11-10 14:30:06.785 13973 13973 W app_process: CheckJNI: method to register "write_non_chained" not in the given class. This is slow, consider changing your RegisterNatives calls.
11-10 14:30:06.786 13973 13973 I chatty  : uid=2000(shell) main identical 7 lines
11-10 14:30:06.786 13973 13973 W app_process: CheckJNI: method to register "write_non_chained" not in the given class. This is slow, consider changing your RegisterNatives calls.
11-10 14:30:06.806 13973 13973 D AndroidRuntime: Calling main entry com.android.commands.uiautomator.Launcher
11-10 14:30:06.823  6288  6351 I A       : NGA disabled due to not being eligible.
11-10 14:30:07.227  1928  2290 I GnssLocationProvider: WakeLock acquired by sendMessage(REPORT_SV_STATUS, 0, com.android.server.location.GnssLocationProvider$SvStatusInfo@b0577ce)
11-10 14:30:07.229  1928  1941 I GnssLocationProvider: WakeLock released by handleMessage(REPORT_SV_STATUS, 0, com.android.server.location.GnssLocationProvider$SvStatusInfo@b0577ce)
11-10 14:30:06.820  1928  1928 V SettingsProvider: Notifying for 0: content://settings/secure/accessibility_enabled
11-10 14:30:07.828  1928  2700 W WindowManager: removeWindowToken: Attempted to remove non-existing token: android.os.Binder@5770cd0
11-10 14:30:07.830  1928  1928 V SettingsProvider: Notifying for 0: content://settings/secure/accessibility_enabled
11-10 14:30:07.833  6288  6351 I A       : NGA disabled due to not being eligible.
11-10 14:30:07.836 13973 13973 D AndroidRuntime: Shutting down VM
11-10 14:30:08.068 13988 13988 D AndroidRuntime: >>>>>> START com.android.internal.os.RuntimeInit uid 2000 <<<<<<
11-10 14:30:08.127 13988 13988 W app_process: Unexpected CPU variant for X86 using defaults: x86
11-10 14:30:08.135 13988 13988 I app_process: The ClassLoaderContext is a special shared library.
11-10 14:30:08.143 13988 13988 W app_process: CheckJNI: method to register "write" not in the given class. This is slow, consider changing your RegisterNatives calls.
11-10 14:30:08.146 13988 13988 I chatty  : uid=2000(shell) main identical 42 lines
11-10 14:30:08.146 13988 13988 W app_process: CheckJNI: method to register "write" not in the given class. This is slow, consider changing your RegisterNatives calls.
11-10 14:30:08.146 13988 13988 W app_process: CheckJNI: method to register "write_non_chained" not in the given class. This is slow, consider changing your RegisterNatives calls.
11-10 14:30:08.147 13988 13988 I chatty  : uid=2000(shell) main identical 7 lines
11-10 14:30:08.147 13988 13988 W app_process: CheckJNI: method to register "write_non_chained" not in the given class. This is slow, consider changing your RegisterNatives calls.
11-10 14:30:08.166 13988 13988 D AndroidRuntime: Calling main entry com.android.commands.input.Input
11-10 14:30:08.172 13988 13988 I Input   : injectMotionEvent: MotionEvent { action=ACTION_DOWN, actionButton=0, id[0]=0, x[0]=726.0, y[0]=1100.0, toolType[0]=TOOL_TYPE_UNKNOWN, buttonState=0, metaState=0, flags=0x0, edgeFlags=0x0, pointerCount=1, historySize=0, eventTime=174247776, downTime=174247776, deviceId=0, source=0x1002 }
11-10 14:30:08.186 13988 13988 I Input   : injectMotionEvent: MotionEvent { action=ACTION_UP, actionButton=0, id[0]=0, x[0]=726.0, y[0]=1100.0, toolType[0]=TOOL_TYPE_UNKNOWN, buttonState=0, metaState=0, flags=0x0, edgeFlags=0x0, pointerCount=1, historySize=0, eventTime=174247776, downTime=174247776, deviceId=0, source=0x1002 }
11-10 14:30:08.190 13988 13988 D AndroidRuntime: Shutting down VM
11-10 14:30:08.201 13486 13505 D EGL_emulation: eglMakeCurrent: 0xca1ba280: ver 3 0 (tinfo 0xdb658a80)
11-10 14:30:08.221 13486 13505 D EGL_emulation: eglMakeCurrent: 0xca1ba280: ver 3 0 (tinfo 0xdb658a80)
11-10 14:30:08.240  1928  2290 I GnssLocationProvider: WakeLock acquired by sendMessage(REPORT_SV_STATUS, 0, com.android.server.location.GnssLocationProvider$SvStatusInfo@5732485)
11-10 14:30:08.240 13486 13505 D OpenGLRenderer: endAllActiveAnimators on 0xc94f0f00 (MaterialButtonBackgroundDrawable) with handle 0xc951cea0
11-10 14:30:08.242  1928  1941 I GnssLocationProvider: WakeLock released by handleMessage(REPORT_SV_STATUS, 0, com.android.server.location.GnssLocationProvider$SvStatusInfo@5732485)
11-10 14:30:08.324  1637  4834 W audio_hw_generic: Not supplying enough data to HAL, expected position 103559429 , only wrote 103559040
11-10 14:30:08.400  1637  4834 W audio_hw_generic: Not supplying enough data to HAL, expected position 103562683 , only wrote 103560480
11-10 14:30:08.401  1637  4834 W audio_hw_generic: Not supplying enough data to HAL, expected position 103560534 , only wrote 103560480
11-10 14:30:08.436  1769  2048 W SurfaceFlinger: Attempting to set client state on removed layer: Dim Layer for - Task=114#1
11-10 14:30:08.437  1769  2048 W SurfaceFlinger: Attempting to destroy on removed layer: Dim Layer for - Task=114#1
11-10 14:30:08.442  1659  1709 D AudioFlinger: mixer(0xf07836c0) throttle end: throttle time(12)
11-10 14:30:08.482  1647  1841 D gralloc_ranchu: gralloc_alloc: Creating ashmem region of size 8298496
11-10 14:30:08.491  1647  1841 D gralloc_ranchu: gralloc_alloc: Creating ashmem region of size 8298496
11-10 14:30:08.502  1647  1693 D gralloc_ranchu: gralloc_alloc: Creating ashmem region of size 8298496
11-10 14:30:08.526  6416  8569 D EGL_emulation: eglMakeCurrent: 0xdd086440: ver 3 0 (tinfo 0xdd083650)
11-10 14:30:08.550  1647  1693 D gralloc_ranchu: gralloc_alloc: Creating ashmem region of size 8298496
11-10 14:30:08.586  2156  2365 D EGL_emulation: eglMakeCurrent: 0xdaf4bd80: ver 3 0 (tinfo 0xdaf4f4a0)
11-10 14:30:08.587 14769 14769 I GoogleInputMethod: onFinishInput() : Dummy InputConnection bound
11-10 14:30:08.589 14769 14769 I GoogleInputMethod: onStartInput() : Dummy InputConnection bound
11-10 14:30:09.172  2156  2365 D EGL_emulation: eglMakeCurrent: 0xdaf4bd80: ver 3 0 (tinfo 0xdaf4f4a0)
11-10 14:30:09.175 13486 13505 D EGL_emulation: eglMakeCurrent: 0xca1ba280: ver 3 0 (tinfo 0xdb658a80)
11-10 14:30:09.188  2156  2365 D EGL_emulation: eglMakeCurrent: 0xdaf4bd80: ver 3 0 (tinfo 0xdaf4f4a0)
11-10 14:30:09.195  1928  7037 D HostConnection: HostConnection::get() New Host Connection established 0xc557c6c0, tid 7037
11-10 14:30:09.195  1928  7037 D HostConnection: HostComposition ext ANDROID_EMU_CHECKSUM_HELPER_v1 ANDROID_EMU_native_sync_v2 ANDROID_EMU_native_sync_v3 ANDROID_EMU_native_sync_v4 ANDROID_EMU_dma_v1 ANDROID_EMU_YUV420_888_to_NV21 ANDROID_EMU_YUV_Cache ANDROID_EMU_async_unmap_buffer GL_OES_EGL_image_external_essl3 GL_OES_vertex_array_object GL_KHR_texture_compression_astc_ldr ANDROID_EMU_host_side_tracing ANDROID_EMU_gles_max_version_3_0 
11-10 14:30:09.196  1928  7037 I ConfigStore: android::hardware::configstore::V1_0::ISurfaceFlingerConfigs::hasWideColorDisplay retrieved: 0
11-10 14:30:09.196  1928  7037 I ConfigStore: android::hardware::configstore::V1_0::ISurfaceFlingerConfigs::hasHDRDisplay retrieved: 0
11-10 14:30:09.196  1928  7037 I OpenGLRenderer: Initialized EGL, version 1.4
11-10 14:30:09.196  1928  7037 D OpenGLRenderer: Swap behavior 1
11-10 14:30:09.196  1928  7037 W OpenGLRenderer: Failed to choose config with EGL_SWAP_BEHAVIOR_PRESERVED, retrying without...
11-10 14:30:09.196  1928  7037 D OpenGLRenderer: Swap behavior 0
11-10 14:30:09.197  1928  7037 D eglCodecCommon: setVertexArrayObject: set vao to 0 (0) 0 0
11-10 14:30:09.197  1928  7037 D EGL_emulation: eglCreateContext: 0xdd086bc0: maj 3 min 0 rcv 3
11-10 14:30:09.199  1928  7037 D EGL_emulation: eglMakeCurrent: 0xdd086bc0: ver 3 0 (tinfo 0xc8a52690)
11-10 14:30:09.216  1928  7037 D eglCodecCommon: setVertexArrayObject: set vao to 0 (0) 1 2
11-10 14:30:09.244  1928  2290 I GnssLocationProvider: WakeLock acquired by sendMessage(REPORT_SV_STATUS, 0, com.android.server.location.GnssLocationProvider$SvStatusInfo@4cf52e)
11-10 14:30:09.246  1928  1941 I GnssLocationProvider: WakeLock released by handleMessage(REPORT_SV_STATUS, 0, com.android.server.location.GnssLocationProvider$SvStatusInfo@4cf52e)
11-10 14:30:09.346  1928  1937 I system_server: NativeAlloc concurrent copying GC freed 99309(3MB) AllocSpace objects, 6(120KB) LOS objects, 18% free, 25MB/31MB, paused 4.935ms total 163.947ms
11-10 14:30:09.733  1928  1937 I system_server: NativeAlloc concurrent copying GC freed 2068(223KB) AllocSpace objects, 0(0B) LOS objects, 18% free, 26MB/32MB, paused 2.063ms total 124.734ms
11-10 14:30:10.247  1928  2290 I GnssLocationProvider: WakeLock acquired by sendMessage(REPORT_SV_STATUS, 0, com.android.server.location.GnssLocationProvider$SvStatusInfo@30c98cf)
11-10 14:30:10.254  1928  1941 I GnssLocationProvider: WakeLock released by handleMessage(REPORT_SV_STATUS, 0, com.android.server.location.GnssLocationProvider$SvStatusInfo@30c98cf)
11-10 14:30:11.257  1928  2290 I GnssLocationProvider: WakeLock acquired by sendMessage(REPORT_SV_STATUS, 0, com.android.server.location.GnssLocationProvider$SvStatusInfo@206525c)
11-10 14:30:11.258  1928  1941 I GnssLocationProvider: WakeLock released by handleMessage(REPORT_SV_STATUS, 0, com.android.server.location.GnssLocationProvider$SvStatusInfo@206525c)
11-10 14:30:11.612  1637  1698 W audio_hw_generic: Not supplying enough data to HAL, expected position 103867159 , only wrote 103714560
11-10 14:30:12.263  1928  2290 I GnssLocationProvider: WakeLock acquired by sendMessage(REPORT_SV_STATUS, 0, com.android.server.location.GnssLocationProvider$SvStatusInfo@8f14965)
11-10 14:30:12.264  1928  1941 I GnssLocationProvider: WakeLock released by handleMessage(REPORT_SV_STATUS, 0, com.android.server.location.GnssLocationProvider$SvStatusInfo@8f14965)
11-10 14:30:12.432  1879  1879 E netmgr  : Failed to open QEMU pipe 'qemud:network': Invalid argument
11-10 14:30:12.432  1879  1879 E netmgr  : WifiForwarder unable to open QEMU pipe: Invalid argument
11-10 14:30:13.270  1928  2290 I GnssLocationProvider: WakeLock acquired by sendMessage(REPORT_SV_STATUS, 0, com.android.server.location.GnssLocationProvider$SvStatusInfo@e3f2eb)
11-10 14:30:13.271  1928  1941 I GnssLocationProvider: WakeLock released by handleMessage(REPORT_SV_STATUS, 0, com.android.server.location.GnssLocationProvider$SvStatusInfo@e3f2eb)
11-10 14:30:13.295 14769 14769 I EmojiSuperpacksFeature: Emoji superpacks enabled
11-10 14:30:13.295 14769 14769 I Conv2QueryExtension: isEnabled() : true
11-10 14:30:13.296 14769 14769 I FeatureCardGenerator: Make a GIF card not added
11-10 14:30:13.296 14769 14769 I FeatureCardGenerator: Autospace card not added
11-10 14:30:13.547 14021 14021 D AndroidRuntime: >>>>>> START com.android.internal.os.RuntimeInit uid 2000 <<<<<<
11-10 14:30:13.631 14021 14021 W app_process: Unexpected CPU variant for X86 using defaults: x86
11-10 14:30:13.634 14021 14021 I app_process: The ClassLoaderContext is a special shared library.
11-10 14:30:13.641 14021 14021 W app_process: CheckJNI: method to register "write" not in the given class. This is slow, consider changing your RegisterNatives calls.
11-10 14:30:13.644 14021 14021 I chatty  : uid=2000(shell) main identical 42 lines
11-10 14:30:13.645 14021 14021 W app_process: CheckJNI: method to register "write" not in the given class. This is slow, consider changing your RegisterNatives calls.
11-10 14:30:13.645 14021 14021 W app_process: CheckJNI: method to register "write_non_chained" not in the given class. This is slow, consider changing your RegisterNatives calls.
11-10 14:30:13.645 14021 14021 I chatty  : uid=2000(shell) main identical 7 lines
11-10 14:30:13.645 14021 14021 W app_process: CheckJNI: method to register "write_non_chained" not in the given class. This is slow, consider changing your RegisterNatives calls.
11-10 14:30:13.666 14021 14021 D AndroidRuntime: Calling main entry com.android.commands.monkey.Monkey
11-10 14:30:13.672 14021 14021 W Monkey  : args: [-p, com.android.gpstest, -c, android.intent.category.LAUNCHER, 1]
11-10 14:30:13.673 14021 14021 W Monkey  :  arg: "-p"
11-10 14:30:13.673 14021 14021 W Monkey  :  arg: "com.android.gpstest"
11-10 14:30:13.673 14021 14021 W Monkey  :  arg: "-c"
11-10 14:30:13.673 14021 14021 W Monkey  :  arg: "android.intent.category.LAUNCHER"
11-10 14:30:13.673 14021 14021 W Monkey  :  arg: "1"
11-10 14:30:13.674 14021 14021 W Monkey  : data="com.android.gpstest"
11-10 14:30:13.674 14021 14021 W Monkey  : data="android.intent.category.LAUNCHER"
11-10 14:30:13.691  1928  1942 W BroadcastQueue: Skipping deliver [background] BroadcastRecord{b527c06 u-1 android.net.conn.CONNECTIVITY_CHANGE} to ReceiverList{68cd2c7 14021 (unknown name)/2000/u-1 remote:1d43848}: process gone or crashing
11-10 14:30:13.710  1928  2700 I ActivityManager: START u0 {act=android.intent.action.MAIN cat=[android.intent.category.LAUNCHER] flg=0x10200000 cmp=com.android.gpstest/.GpsTestActivity} from uid 2000
11-10 14:30:13.710  1928  2700 W Binder  : Outgoing transactions from this process must be FLAG_ONEWAY
11-10 14:30:13.710  1928  2700 W Binder  : java.lang.Throwable
11-10 14:30:13.710  1928  2700 W Binder  : 	at android.os.BinderProxy.transact(Binder.java:1114)
11-10 14:30:13.710  1928  2700 W Binder  : 	at android.app.IActivityController$Stub$Proxy.activityStarting(IActivityController.java:176)
11-10 14:30:13.710  1928  2700 W Binder  : 	at com.android.server.am.ActivityStarter.startActivity(ActivityStarter.java:737)
11-10 14:30:13.710  1928  2700 W Binder  : 	at com.android.server.am.ActivityStarter.startActivity(ActivityStarter.java:544)
11-10 14:30:13.710  1928  2700 W Binder  : 	at com.android.server.am.ActivityStarter.startActivityMayWait(ActivityStarter.java:1099)
11-10 14:30:13.710  1928  2700 W Binder  : 	at com.android.server.am.ActivityStarter.execute(ActivityStarter.java:486)
11-10 14:30:13.710  1928  2700 W Binder  : 	at com.android.server.am.ActivityManagerService.startActivityAsUser(ActivityManagerService.java:5120)
11-10 14:30:13.710  1928  2700 W Binder  : 	at com.android.server.am.ActivityManagerService.startActivityAsUser(ActivityManagerService.java:5094)
11-10 14:30:13.710  1928  2700 W Binder  : 	at com.android.server.am.ActivityManagerService.startActivity(ActivityManagerService.java:5085)
11-10 14:30:13.710  1928  2700 W Binder  : 	at android.app.IActivityManager$Stub.onTransact$startActivity$(IActivityManager.java:10084)
11-10 14:30:13.710  1928  2700 W Binder  : 	at android.app.IActivityManager$Stub.onTransact(IActivityManager.java:122)
11-10 14:30:13.710  1928  2700 W Binder  : 	at com.android.server.am.ActivityManagerService.onTransact(ActivityManagerService.java:3291)
11-10 14:30:13.710  1928  2700 W Binder  : 	at android.os.Binder.execTransact(Binder.java:731)
11-10 14:30:13.729  1792  1814 D hwcomposer: hw_composer sent 54 syncs in 98s
11-10 14:30:13.733 14021 14021 I Monkey  : Events injected: 1
11-10 14:30:13.739 13486 13486 W ActivityThread: handleWindowVisibility: no activity for token android.os.BinderProxy@5244e16
11-10 14:30:13.755  1928  1928 V SettingsProvider: Notifying for 0: content://settings/system/accelerometer_rotation
11-10 14:30:13.759  1928  1941 E memtrack: Couldn't load memtrack module
11-10 14:30:13.759  1928  1941 W android.os.Debug: failed to get memory consumption info: -1
11-10 14:30:13.760 14021 14021 I Monkey  : ## Network stats: elapsed time=32ms (0ms mobile, 0ms wifi, 32ms not connected)
11-10 14:30:13.762 14021 14021 I app_process: System.exit called, status: 0
11-10 14:30:13.762 14021 14021 I AndroidRuntime: VM exiting with result code 0.
11-10 14:30:13.770  1647  1693 D gralloc_ranchu: gralloc_alloc: Creating ashmem region of size 8298496
11-10 14:30:13.849  1647  1693 D gralloc_ranchu: gralloc_alloc: Creating ashmem region of size 8298496
11-10 14:30:13.856 13486 13486 D NavDrawerFragment: Using position from preferences = 0
11-10 14:30:13.856 13486 13486 D GpsTestActivity: Creating new GpsStatusFragment
11-10 14:30:13.885  2156  2365 D EGL_emulation: eglMakeCurrent: 0xdaf4bd80: ver 3 0 (tinfo 0xdaf4f4a0)
11-10 14:30:13.902  2156  2365 D EGL_emulation: eglMakeCurrent: 0xdaf4bd80: ver 3 0 (tinfo 0xdaf4f4a0)
11-10 14:30:13.902  3205  3238 I s.nexuslaunche: NativeAlloc concurrent copying GC freed 629(56KB) AllocSpace objects, 0(0B) LOS objects, 39% free, 9MB/15MB, paused 5.228ms total 25.775ms
11-10 14:30:13.755  1928  1928 V SettingsProvider: Notifying for 0: content://settings/system/accelerometer_rotation
11-10 14:30:13.940  1928  1939 I ActivityManager: START u0 {act=android.content.pm.action.REQUEST_PERMISSIONS pkg=com.google.android.packageinstaller cmp=com.google.android.packageinstaller/com.android.packageinstaller.permission.ui.GrantPermissionsActivity (has extras)} from uid 10119
11-10 14:30:13.994 11649 11649 W ActivityThread: handleWindowVisibility: no activity for token android.os.BinderProxy@17504fe
11-10 14:30:14.049  1647  1693 D gralloc_ranchu: gralloc_alloc: Creating ashmem region of size 8298496
11-10 14:30:14.056  1647  1841 D gralloc_ranchu: gralloc_alloc: Creating ashmem region of size 8298496
11-10 14:30:14.062  1647  1693 D gralloc_ranchu: gralloc_alloc: Creating ashmem region of size 8298496
11-10 14:30:14.096  1647  1693 D gralloc_ranchu: gralloc_alloc: Creating ashmem region of size 7659520
11-10 14:30:14.108  1647  1693 I chatty  : uid=1000(system) HwBinder:1647_1 identical 1 line
11-10 14:30:14.115  1647  1693 D gralloc_ranchu: gralloc_alloc: Creating ashmem region of size 7659520
11-10 14:30:14.128 14769 14769 I GoogleInputMethod: onFinishInput() : Dummy InputConnection bound
11-10 14:30:14.129 14769 14769 I GoogleInputMethod: onStartInput() : Dummy InputConnection bound
11-10 14:30:14.133 11649 11667 D EGL_emulation: eglMakeCurrent: 0xda42a1a0: ver 3 0 (tinfo 0xe32e5930)
11-10 14:30:14.157 13486 13505 D EGL_emulation: eglMakeCurrent: 0xca1ba280: ver 3 0 (tinfo 0xdb658a80)
11-10 14:30:14.175  1928  1950 I ActivityManager: Displayed com.google.android.packageinstaller/com.android.packageinstaller.permission.ui.GrantPermissionsActivity: +157ms (total +413ms)
11-10 14:30:14.206 11649 11667 D EGL_emulation: eglMakeCurrent: 0xda42a1a0: ver 3 0 (tinfo 0xe32e5930)
11-10 14:30:14.210  1647  1693 D gralloc_ranchu: gralloc_alloc: Creating ashmem region of size 7655424
11-10 14:30:14.230 11649 11667 D EGL_emulation: eglMakeCurrent: 0xda42a1a0: ver 3 0 (tinfo 0xe32e5930)
11-10 14:30:14.236  1647  1693 D gralloc_ranchu: gralloc_alloc: Creating ashmem region of size 7655424
11-10 14:30:14.275  1928  2290 I GnssLocationProvider: WakeLock acquired by sendMessage(REPORT_SV_STATUS, 0, com.android.server.location.GnssLocationProvider$SvStatusInfo@e127fee)
11-10 14:30:14.276  1928  1941 I GnssLocationProvider: WakeLock released by handleMessage(REPORT_SV_STATUS, 0, com.android.server.location.GnssLocationProvider$SvStatusInfo@e127fee)
11-10 14:30:14.347  6416  8569 D EGL_emulation: eglMakeCurrent: 0xdd086440: ver 3 0 (tinfo 0xdd083650)
11-10 14:30:14.399  1769  1809 W SurfaceFlinger: Attempting to set client state on removed layer: Splash Screen com.android.gpstest#0
11-10 14:30:14.399  1769  1809 W SurfaceFlinger: Attempting to destroy on removed layer: Splash Screen com.android.gpstest#0
11-10 14:30:14.455  1769  2048 W SurfaceFlinger: Attempting to set client state on removed layer: com.android.chrome/org.chromium.chrome.browser.firstrun.FirstRunActivity#0
11-10 14:30:14.456  1769  2048 W SurfaceFlinger: Attempting to destroy on removed layer: com.android.chrome/org.chromium.chrome.browser.firstrun.FirstRunActivity#0
11-10 14:30:14.467  2156  2365 D EGL_emulation: eglMakeCurrent: 0xdaf4bd80: ver 3 0 (tinfo 0xdaf4f4a0)
11-10 14:30:14.474  2156  2365 D EGL_emulation: eglMakeCurrent: 0xdaf4bd80: ver 3 0 (tinfo 0xdaf4f4a0)
11-10 14:30:14.608  1928  7037 D HostConnection: HostConnection::get() New Host Connection established 0xc557c6c0, tid 7037
11-10 14:30:14.608  1928  7037 D HostConnection: HostComposition ext ANDROID_EMU_CHECKSUM_HELPER_v1 ANDROID_EMU_native_sync_v2 ANDROID_EMU_native_sync_v3 ANDROID_EMU_native_sync_v4 ANDROID_EMU_dma_v1 ANDROID_EMU_YUV420_888_to_NV21 ANDROID_EMU_YUV_Cache ANDROID_EMU_async_unmap_buffer GL_OES_EGL_image_external_essl3 GL_OES_vertex_array_object GL_KHR_texture_compression_astc_ldr ANDROID_EMU_host_side_tracing ANDROID_EMU_gles_max_version_3_0 
11-10 14:30:14.609  1928  7037 I ConfigStore: android::hardware::configstore::V1_0::ISurfaceFlingerConfigs::hasWideColorDisplay retrieved: 0
11-10 14:30:14.610  1928  7037 I ConfigStore: android::hardware::configstore::V1_0::ISurfaceFlingerConfigs::hasHDRDisplay retrieved: 0
11-10 14:30:14.610  1928  7037 I OpenGLRenderer: Initialized EGL, version 1.4
11-10 14:30:14.610  1928  7037 D OpenGLRenderer: Swap behavior 1
11-10 14:30:14.610  1928  7037 W OpenGLRenderer: Failed to choose config with EGL_SWAP_BEHAVIOR_PRESERVED, retrying without...
11-10 14:30:14.610  1928  7037 D OpenGLRenderer: Swap behavior 0
11-10 14:30:14.613  1928  7037 D eglCodecCommon: setVertexArrayObject: set vao to 0 (0) 0 0
11-10 14:30:14.615  1928  7037 D EGL_emulation: eglCreateContext: 0xdd086b00: maj 3 min 0 rcv 3
11-10 14:30:14.620  1928  7037 D EGL_emulation: eglMakeCurrent: 0xdd086b00: ver 3 0 (tinfo 0xc8a52690)
11-10 14:30:14.635  1928  7037 D eglCodecCommon: setVertexArrayObject: set vao to 0 (0) 1 2
11-10 14:30:14.798  1928  1937 I system_server: NativeAlloc concurrent copying GC freed 70532(2MB) AllocSpace objects, 7(204KB) LOS objects, 19% free, 25MB/31MB, paused 4.829ms total 109.794ms
11-10 14:30:15.285  1928  2290 I GnssLocationProvider: WakeLock acquired by sendMessage(REPORT_SV_STATUS, 0, com.android.server.location.GnssLocationProvider$SvStatusInfo@61f6d08)
11-10 14:30:15.286  1928  1941 I GnssLocationProvider: WakeLock released by handleMessage(REPORT_SV_STATUS, 0, com.android.server.location.GnssLocationProvider$SvStatusInfo@61f6d08)
11-10 14:30:15.472  1928  1946 E BatteryExternalStatsWorker: no controller energy info supplied for wifi
11-10 14:30:15.704  1647  1693 D gralloc_ranchu: gralloc_alloc: Creating ashmem region of size 7655424
11-10 14:30:16.296  1928  2290 I GnssLocationProvider: WakeLock acquired by sendMessage(REPORT_SV_STATUS, 0, com.android.server.location.GnssLocationProvider$SvStatusInfo@aca0ca1)
11-10 14:30:16.298  1928  1941 I GnssLocationProvider: WakeLock released by handleMessage(REPORT_SV_STATUS, 0, com.android.server.location.GnssLocationProvider$SvStatusInfo@aca0ca1)
11-10 14:30:17.303  1928  2290 I GnssLocationProvider: WakeLock acquired by sendMessage(REPORT_SV_STATUS, 0, com.android.server.location.GnssLocationProvider$SvStatusInfo@d669ec6)
11-10 14:30:17.305  1928  1941 I GnssLocationProvider: WakeLock released by handleMessage(REPORT_SV_STATUS, 0, com.android.server.location.GnssLocationProvider$SvStatusInfo@d669ec6)
11-10 14:30:18.309  1928  2290 I GnssLocationProvider: WakeLock acquired by sendMessage(REPORT_SV_STATUS, 0, com.android.server.location.GnssLocationProvider$SvStatusInfo@c361e87)
11-10 14:30:18.312  1928  1941 I GnssLocationProvider: WakeLock released by handleMessage(REPORT_SV_STATUS, 0, com.android.server.location.GnssLocationProvider$SvStatusInfo@c361e87)
11-10 14:30:19.316  1928  2290 I GnssLocationProvider: WakeLock acquired by sendMessage(REPORT_SV_STATUS, 0, com.android.server.location.GnssLocationProvider$SvStatusInfo@3c251b4)
11-10 14:30:19.319  1928  1941 I GnssLocationProvider: WakeLock released by handleMessage(REPORT_SV_STATUS, 0, com.android.server.location.GnssLocationProvider$SvStatusInfo@3c251b4)
11-10 14:30:20.320  1928  2290 I GnssLocationProvider: WakeLock acquired by sendMessage(REPORT_SV_STATUS, 0, com.android.server.location.GnssLocationProvider$SvStatusInfo@3d9d1dd)
11-10 14:30:20.322  1928  1941 I GnssLocationProvider: WakeLock released by handleMessage(REPORT_SV_STATUS, 0, com.android.server.location.GnssLocationProvider$SvStatusInfo@3d9d1dd)
11-10 14:30:21.326  1928  2290 I GnssLocationProvider: WakeLock acquired by sendMessage(REPORT_SV_STATUS, 0, com.android.server.location.GnssLocationProvider$SvStatusInfo@f9de152)
11-10 14:30:21.327  1928  1941 I GnssLocationProvider: WakeLock released by handleMessage(REPORT_SV_STATUS, 0, com.android.server.location.GnssLocationProvider$SvStatusInfo@f9de152)
11-10 14:30:22.335  1928  2290 I GnssLocationProvider: WakeLock acquired by sendMessage(REPORT_SV_STATUS, 0, com.android.server.location.GnssLocationProvider$SvStatusInfo@84c1c23)
11-10 14:30:22.336  1928  1941 I GnssLocationProvider: WakeLock released by handleMessage(REPORT_SV_STATUS, 0, com.android.server.location.GnssLocationProvider$SvStatusInfo@84c1c23)
11-10 14:30:23.340  1928  2290 I GnssLocationProvider: WakeLock acquired by sendMessage(REPORT_SV_STATUS, 0, com.android.server.location.GnssLocationProvider$SvStatusInfo@f0cd520)
11-10 14:30:23.342  1928  1941 I GnssLocationProvider: WakeLock released by handleMessage(REPORT_SV_STATUS, 0, com.android.server.location.GnssLocationProvider$SvStatusInfo@f0cd520)
11-10 14:30:23.503  1782  1836 E storaged: getDiskStats failed with result NOT_SUPPORTED and size 0
11-10 14:30:24.350  1928  2290 I GnssLocationProvider: WakeLock acquired by sendMessage(REPORT_SV_STATUS, 0, com.android.server.location.GnssLocationProvider$SvStatusInfo@826aed9)
11-10 14:30:24.352  1928  1941 I GnssLocationProvider: WakeLock released by handleMessage(REPORT_SV_STATUS, 0, com.android.server.location.GnssLocationProvider$SvStatusInfo@826aed9)
11-10 14:30:25.358  1928  2290 I GnssLocationProvider: WakeLock acquired by sendMessage(REPORT_SV_STATUS, 0, com.android.server.location.GnssLocationProvider$SvStatusInfo@694c09e)
11-10 14:30:25.362  1928  1941 I GnssLocationProvider: WakeLock released by handleMessage(REPORT_SV_STATUS, 0, com.android.server.location.GnssLocationProvider$SvStatusInfo@694c09e)
11-10 14:30:26.368  1928  2290 I GnssLocationProvider: WakeLock acquired by sendMessage(REPORT_SV_STATUS, 0, com.android.server.location.GnssLocationProvider$SvStatusInfo@83a577f)
11-10 14:30:26.369  1928  1941 I GnssLocationProvider: WakeLock released by handleMessage(REPORT_SV_STATUS, 0, com.android.server.location.GnssLocationProvider$SvStatusInfo@83a577f)
11-10 14:30:27.375  1928  2290 I GnssLocationProvider: WakeLock acquired by sendMessage(REPORT_SV_STATUS, 0, com.android.server.location.GnssLocationProvider$SvStatusInfo@2ba234c)
11-10 14:30:27.378  1928  1941 I GnssLocationProvider: WakeLock released by handleMessage(REPORT_SV_STATUS, 0, com.android.server.location.GnssLocationProvider$SvStatusInfo@2ba234c)
11-10 14:30:28.383  1928  2290 I GnssLocationProvider: WakeLock acquired by sendMessage(REPORT_SV_STATUS, 0, com.android.server.location.GnssLocationProvider$SvStatusInfo@8ca5f95)
11-10 14:30:28.385  1928  1941 I GnssLocationProvider: WakeLock released by handleMessage(REPORT_SV_STATUS, 0, com.android.server.location.GnssLocationProvider$SvStatusInfo@8ca5f95)
11-10 14:30:29.387  1928  2290 I GnssLocationProvider: WakeLock acquired by sendMessage(REPORT_SV_STATUS, 0, com.android.server.location.GnssLocationProvider$SvStatusInfo@98848aa)
11-10 14:30:29.388  1928  1941 I GnssLocationProvider: WakeLock released by handleMessage(REPORT_SV_STATUS, 0, com.android.server.location.GnssLocationProvider$SvStatusInfo@98848aa)
11-10 14:30:30.026 14037 14037 D AndroidRuntime: >>>>>> START com.android.internal.os.RuntimeInit uid 2000 <<<<<<
11-10 14:30:30.164 14037 14037 W app_process: Unexpected CPU variant for X86 using defaults: x86
11-10 14:30:30.168 14037 14037 I app_process: The ClassLoaderContext is a special shared library.
11-10 14:30:30.169 14037 14037 I app_process: The ClassLoaderContext is a special shared library.
11-10 14:30:30.185 14037 14037 W app_process: CheckJNI: method to register "write" not in the given class. This is slow, consider changing your RegisterNatives calls.
11-10 14:30:30.188 14037 14037 I chatty  : uid=2000(shell) main identical 42 lines
11-10 14:30:30.188 14037 14037 W app_process: CheckJNI: method to register "write" not in the given class. This is slow, consider changing your RegisterNatives calls.
11-10 14:30:30.188 14037 14037 W app_process: CheckJNI: method to register "write_non_chained" not in the given class. This is slow, consider changing your RegisterNatives calls.
11-10 14:30:30.188 14037 14037 I chatty  : uid=2000(shell) main identical 7 lines
11-10 14:30:30.188 14037 14037 W app_process: CheckJNI: method to register "write_non_chained" not in the given class. This is slow, consider changing your RegisterNatives calls.
11-10 14:30:30.220 14037 14037 D AndroidRuntime: Calling main entry com.android.commands.uiautomator.Launcher
11-10 14:30:30.248  1928  1928 V SettingsProvider: Notifying for 0: content://settings/secure/accessibility_enabled
11-10 14:30:30.255  6288  6351 I A       : NGA disabled due to not being eligible.
11-10 14:30:30.394  1928  2290 I GnssLocationProvider: WakeLock acquired by sendMessage(REPORT_SV_STATUS, 0, com.android.server.location.GnssLocationProvider$SvStatusInfo@4be6011)
11-10 14:30:30.395  1928  1941 I GnssLocationProvider: WakeLock released by handleMessage(REPORT_SV_STATUS, 0, com.android.server.location.GnssLocationProvider$SvStatusInfo@4be6011)
11-10 14:30:30.512  1928  1946 E BatteryExternalStatsWorker: no controller energy info supplied for wifi
11-10 14:30:31.257  1928  2700 W WindowManager: removeWindowToken: Attempted to remove non-existing token: android.os.Binder@2a6ec9b
11-10 14:30:31.259  1928  1928 V SettingsProvider: Notifying for 0: content://settings/secure/accessibility_enabled
11-10 14:30:31.262  6288  6351 I A       : NGA disabled due to not being eligible.
11-10 14:30:31.263 14037 14037 D AndroidRuntime: Shutting down VM
11-10 14:30:31.403  1928  2290 I GnssLocationProvider: WakeLock acquired by sendMessage(REPORT_SV_STATUS, 0, com.android.server.location.GnssLocationProvider$SvStatusInfo@fbd4302)
11-10 14:30:31.404  1928  1941 I GnssLocationProvider: WakeLock released by handleMessage(REPORT_SV_STATUS, 0, com.android.server.location.GnssLocationProvider$SvStatusInfo@fbd4302)
11-10 14:30:32.381 14067 14067 D AndroidRuntime: >>>>>> START com.android.internal.os.RuntimeInit uid 2000 <<<<<<
11-10 14:30:32.385 14067 14067 W app_process: Could not reserve sentinel fault page
11-10 14:30:32.410  1928  2290 I GnssLocationProvider: WakeLock acquired by sendMessage(REPORT_SV_STATUS, 0, com.android.server.location.GnssLocationProvider$SvStatusInfo@e0fc650)
11-10 14:30:32.415  1928  1941 I GnssLocationProvider: WakeLock released by handleMessage(REPORT_SV_STATUS, 0, com.android.server.location.GnssLocationProvider$SvStatusInfo@e0fc650)
11-10 14:30:32.454 14067 14067 W app_process: Unexpected CPU variant for X86 using defaults: x86
11-10 14:30:32.455 14067 14067 I app_process: The ClassLoaderContext is a special shared library.
11-10 14:30:32.456 14067 14067 I app_process: The ClassLoaderContext is a special shared library.
11-10 14:30:32.464 14067 14067 W app_process: CheckJNI: method to register "write" not in the given class. This is slow, consider changing your RegisterNatives calls.
11-10 14:30:32.467 14067 14067 I chatty  : uid=2000(shell) main identical 42 lines
11-10 14:30:32.467 14067 14067 W app_process: CheckJNI: method to register "write" not in the given class. This is slow, consider changing your RegisterNatives calls.
11-10 14:30:32.468 14067 14067 W app_process: CheckJNI: method to register "write_non_chained" not in the given class. This is slow, consider changing your RegisterNatives calls.
11-10 14:30:32.468 14067 14067 I chatty  : uid=2000(shell) main identical 7 lines
11-10 14:30:32.468 14067 14067 W app_process: CheckJNI: method to register "write_non_chained" not in the given class. This is slow, consider changing your RegisterNatives calls.
11-10 14:30:32.489 14067 14067 D AndroidRuntime: Calling main entry com.android.commands.uiautomator.Launcher
11-10 14:30:32.505  6288  6351 I A       : NGA disabled due to not being eligible.
11-10 14:30:32.908  1928  1937 I system_server: Background concurrent copying GC freed 160368(5MB) AllocSpace objects, 13(420KB) LOS objects, 19% free, 25MB/31MB, paused 1.621ms total 165.244ms
11-10 14:30:33.419  1928  2290 I GnssLocationProvider: WakeLock acquired by sendMessage(REPORT_SV_STATUS, 0, com.android.server.location.GnssLocationProvider$SvStatusInfo@2de1e6f)
11-10 14:30:33.421  1928  1941 I GnssLocationProvider: WakeLock released by handleMessage(REPORT_SV_STATUS, 0, com.android.server.location.GnssLocationProvider$SvStatusInfo@2de1e6f)
11-10 14:30:33.523 14067 14067 I AccessibilityNodeInfoDumper: Skipping invisible child: android.view.accessibility.AccessibilityNodeInfo@1f8d4; boundsInParent: Rect(0, 0 - 0, 126); boundsInScreen: Rect(231, 986 - 231, 1112); packageName: com.google.android.packageinstaller; className: android.widget.LinearLayout; text: null; error: null; maxTextLength: -1; contentDescription: null; tooltipText: null; viewIdResName: null; checkable: false; checked: false; focusable: false; focused: false; selected: false; clickable: false; longClickable: false; contextClickable: false; enabled: true; password: false; scrollable: false; importantForAccessibility: false; visible: false; actions: [AccessibilityAction: ACTION_SELECT - null, AccessibilityAction: ACTION_CLEAR_SELECTION - null, AccessibilityAction: ACTION_ACCESSIBILITY_FOCUS - null, AccessibilityAction: ACTION_SHOW_ON_SCREEN - null]
11-10 14:30:33.524 14067 14067 W AccessibilityNodeInfoDumper: Fetch time: 4ms
11-10 14:30:32.502  1928  1928 V SettingsProvider: Notifying for 0: content://settings/secure/accessibility_enabled
11-10 14:30:33.525  1928  5245 W WindowManager: removeWindowToken: Attempted to remove non-existing token: android.os.Binder@d040049
11-10 14:30:33.530  1928  1928 V SettingsProvider: Notifying for 0: content://settings/secure/accessibility_enabled
11-10 14:30:33.534  6288  6351 I A       : NGA disabled due to not being eligible.
11-10 14:30:33.538 14067 14067 D AndroidRuntime: Shutting down VM
11-10 14:30:33.836 14085 14085 D AndroidRuntime: >>>>>> START com.android.internal.os.RuntimeInit uid 2000 <<<<<<
11-10 14:30:33.896 14085 14085 W app_process: Unexpected CPU variant for X86 using defaults: x86
11-10 14:30:33.898 14085 14085 I app_process: The ClassLoaderContext is a special shared library.
11-10 14:30:33.898 14085 14085 I app_process: The ClassLoaderContext is a special shared library.
11-10 14:30:33.905 14085 14085 W app_process: CheckJNI: method to register "write" not in the given class. This is slow, consider changing your RegisterNatives calls.
11-10 14:30:33.908 14085 14085 I chatty  : uid=2000(shell) main identical 42 lines
11-10 14:30:33.908 14085 14085 W app_process: CheckJNI: method to register "write" not in the given class. This is slow, consider changing your RegisterNatives calls.
11-10 14:30:33.908 14085 14085 W app_process: CheckJNI: method to register "write_non_chained" not in the given class. This is slow, consider changing your RegisterNatives calls.
11-10 14:30:33.909 14085 14085 I chatty  : uid=2000(shell) main identical 7 lines
11-10 14:30:33.909 14085 14085 W app_process: CheckJNI: method to register "write_non_chained" not in the given class. This is slow, consider changing your RegisterNatives calls.
11-10 14:30:33.927 14085 14085 D AndroidRuntime: Calling main entry com.android.commands.uiautomator.Launcher
11-10 14:30:33.947  6288  6362 I A       : NGA disabled due to not being eligible.
11-10 14:30:34.419  1928  2290 I GnssLocationProvider: WakeLock acquired by sendMessage(REPORT_SV_STATUS, 0, com.android.server.location.GnssLocationProvider$SvStatusInfo@d8328b)
11-10 14:30:34.420  1928  1941 I GnssLocationProvider: WakeLock released by handleMessage(REPORT_SV_STATUS, 0, com.android.server.location.GnssLocationProvider$SvStatusInfo@d8328b)
11-10 14:30:34.959 14085 14085 I AccessibilityNodeInfoDumper: Skipping invisible child: android.view.accessibility.AccessibilityNodeInfo@1f8e0; boundsInParent: Rect(0, 0 - 0, 126); boundsInScreen: Rect(231, 986 - 231, 1112); packageName: com.google.android.packageinstaller; className: android.widget.LinearLayout; text: null; error: null; maxTextLength: -1; contentDescription: null; tooltipText: null; viewIdResName: null; checkable: false; checked: false; focusable: false; focused: false; selected: false; clickable: false; longClickable: false; contextClickable: false; enabled: true; password: false; scrollable: false; importantForAccessibility: false; visible: false; actions: [AccessibilityAction: ACTION_SELECT - null, AccessibilityAction: ACTION_CLEAR_SELECTION - null, AccessibilityAction: ACTION_ACCESSIBILITY_FOCUS - null, AccessibilityAction: ACTION_SHOW_ON_SCREEN - null]
11-10 14:30:34.959 14085 14085 W AccessibilityNodeInfoDumper: Fetch time: 4ms
11-10 14:30:33.943  1928  1928 V SettingsProvider: Notifying for 0: content://settings/secure/accessibility_enabled
11-10 14:30:34.961  1928  2638 W WindowManager: removeWindowToken: Attempted to remove non-existing token: android.os.Binder@f835805
11-10 14:30:34.964  1928  1928 V SettingsProvider: Notifying for 0: content://settings/secure/accessibility_enabled
11-10 14:30:34.966 14085 14085 D AndroidRuntime: Shutting down VM
11-10 14:30:34.969  6288  6362 I A       : NGA disabled due to not being eligible.
11-10 14:30:35.429  1928  2290 I GnssLocationProvider: WakeLock acquired by sendMessage(REPORT_SV_STATUS, 0, com.android.server.location.GnssLocationProvider$SvStatusInfo@ce66f81)
11-10 14:30:35.430  1928  1941 I GnssLocationProvider: WakeLock released by handleMessage(REPORT_SV_STATUS, 0, com.android.server.location.GnssLocationProvider$SvStatusInfo@ce66f81)
11-10 14:30:36.068 14115 14115 D AndroidRuntime: >>>>>> START com.android.internal.os.RuntimeInit uid 2000 <<<<<<
11-10 14:30:36.139 14115 14115 W app_process: Unexpected CPU variant for X86 using defaults: x86
11-10 14:30:36.142 14115 14115 I app_process: The ClassLoaderContext is a special shared library.
11-10 14:30:36.142 14115 14115 I app_process: The ClassLoaderContext is a special shared library.
11-10 14:30:36.149 14115 14115 W app_process: CheckJNI: method to register "write" not in the given class. This is slow, consider changing your RegisterNatives calls.
11-10 14:30:36.153 14115 14115 I chatty  : uid=2000(shell) main identical 42 lines
11-10 14:30:36.153 14115 14115 W app_process: CheckJNI: method to register "write" not in the given class. This is slow, consider changing your RegisterNatives calls.
11-10 14:30:36.153 14115 14115 W app_process: CheckJNI: method to register "write_non_chained" not in the given class. This is slow, consider changing your RegisterNatives calls.
11-10 14:30:36.154 14115 14115 I chatty  : uid=2000(shell) main identical 7 lines
11-10 14:30:36.154 14115 14115 W app_process: CheckJNI: method to register "write_non_chained" not in the given class. This is slow, consider changing your RegisterNatives calls.
11-10 14:30:36.172 14115 14115 D AndroidRuntime: Calling main entry com.android.commands.uiautomator.Launcher
11-10 14:30:36.196  6288  6351 I A       : NGA disabled due to not being eligible.
11-10 14:30:36.436  1928  2290 I GnssLocationProvider: WakeLock acquired by sendMessage(REPORT_SV_STATUS, 0, com.android.server.location.GnssLocationProvider$SvStatusInfo@1d0ba14)
11-10 14:30:36.437  1928  1941 I GnssLocationProvider: WakeLock released by handleMessage(REPORT_SV_STATUS, 0, com.android.server.location.GnssLocationProvider$SvStatusInfo@1d0ba14)
