--------- beginning of main
07-01 12:35:13.041  1930  1983 I GnssLocationProvider: WakeLock acquired by sendMessage(REPORT_SV_STATUS, 0, com.android.server.location.GnssLocationProvider$SvStatusInfo@a5ba2c5)
07-01 12:35:13.043  1930  1943 I GnssLocationProvider: WakeLock released by handleMessage(REPORT_SV_STATUS, 0, com.android.server.location.GnssLocationProvider$SvStatusInfo@a5ba2c5)
07-01 12:35:13.061  3739  3739 I MicroDetectionWorker: #startMicroDetector [speakerMode: 0]
07-01 12:35:13.061  3739  3739 I AudioController: Using mInputStreamFactoryBuilder
07-01 12:35:13.061  3739  3739 I AudioController: Created new AudioSource
07-01 12:35:13.062  3739  3739 I MicroDetectionWorker: onReady
07-01 12:35:13.072  3739 12008 I MicroRecognitionRunner: Starting detection.
07-01 12:35:13.073  3739 12004 I MicrophoneInputStream: mic_starting  SR : 16000 CC : 16 SO : 6
07-01 12:35:13.073  1654  3675 E         : Request requires android.permission.RECORD_AUDIO
07-01 12:35:13.073  1654  3675 E AudioPolicyIntefaceImpl: getInputForAttr permission denied: recording not allowed for uid 10041 pid 3739
07-01 12:35:13.074  1654  3675 E AudioFlinger: createRecord() checkRecordThread_l failed
07-01 12:35:13.074  3739 12004 E IAudioFlinger: createRecord returned error -22
07-01 12:35:13.074  3739 12004 E AudioRecord: AudioFlinger could not create record track, status: -22
07-01 12:35:13.074  3739 12004 E AudioRecord-JNI: Error creating AudioRecord instance: initialization check failed with status -22.
07-01 12:35:13.074  3739 12004 E android.media.AudioRecord: Error code -20 when initializing native AudioRecord object.
07-01 12:35:13.074  3739 12004 I MicrophoneInputStream: mic_started  SR : 16000 CC : 16 SO : 6
07-01 12:35:13.074  3739  3739 I MicroDetectionWorker: onReady
07-01 12:35:13.076  3739 12004 I MicrophoneInputStream: mic_close  SR : 16000 CC : 16 SO : 6
07-01 12:35:13.077  3739 12008 I MicroRecognitionRunner: Detection finished
07-01 12:35:13.077  3739 12008 W ErrorReporter: reportError [type: 211, code: 524300]: Error reading from input stream
07-01 12:35:13.078  3739  3963 I MicroRecognitionRunner: Stopping hotword detection.
07-01 12:35:13.079  3739 12008 W ErrorProcessor: onFatalError, processing error from engine(4)
07-01 12:35:13.079  3739 12008 W ErrorProcessor: com.google.android.apps.gsa.shared.speech.b.g: Error reading from input stream
07-01 12:35:13.079  3739 12008 W ErrorProcessor: 	at com.google.android.apps.gsa.staticplugins.microdetection.d.k.a(SourceFile:91)
07-01 12:35:13.079  3739 12008 W ErrorProcessor: 	at com.google.android.apps.gsa.staticplugins.microdetection.d.l.run(Unknown Source:14)
07-01 12:35:13.079  3739 12008 W ErrorProcessor: 	at com.google.android.libraries.gsa.runner.a.a.b(SourceFile:32)
07-01 12:35:13.079  3739 12008 W ErrorProcessor: 	at com.google.android.libraries.gsa.runner.a.c.call(Unknown Source:4)
07-01 12:35:13.079  3739 12008 W ErrorProcessor: 	at java.util.concurrent.FutureTask.run(FutureTask.java:266)
07-01 12:35:13.079  3739 12008 W ErrorProcessor: 	at java.util.concurrent.Executors$RunnableAdapter.call(Executors.java:458)
07-01 12:35:13.079  3739 12008 W ErrorProcessor: 	at java.util.concurrent.FutureTask.run(FutureTask.java:266)
07-01 12:35:13.079  3739 12008 W ErrorProcessor: 	at com.google.android.apps.gsa.shared.util.concurrent.b.g.run(Unknown Source:4)
07-01 12:35:13.079  3739 12008 W ErrorProcessor: 	at com.google.android.apps.gsa.shared.util.concurrent.b.aw.run(SourceFile:4)
07-01 12:35:13.079  3739 12008 W ErrorProcessor: 	at com.google.android.apps.gsa.shared.util.concurrent.b.aw.run(SourceFile:4)
07-01 12:35:13.079  3739 12008 W ErrorProcessor: 	at java.util.concurrent.ThreadPoolExecutor.runWorker(ThreadPoolExecutor.java:1167)
07-01 12:35:13.079  3739 12008 W ErrorProcessor: 	at java.util.concurrent.ThreadPoolExecutor$Worker.run(ThreadPoolExecutor.java:641)
07-01 12:35:13.079  3739 12008 W ErrorProcessor: 	at java.lang.Thread.run(Thread.java:764)
07-01 12:35:13.079  3739 12008 W ErrorProcessor: 	at com.google.android.apps.gsa.shared.util.concurrent.b.i.run(SourceFile:6)
07-01 12:35:13.079  3739 12008 W ErrorProcessor: Caused by: com.google.android.apps.gsa.shared.exception.GsaIOException: Error code: 393238 | Buffer overflow, no available space.
07-01 12:35:13.079  3739 12008 W ErrorProcessor: 	at com.google.android.apps.gsa.speech.audio.Tee.j(SourceFile:103)
07-01 12:35:13.079  3739 12008 W ErrorProcessor: 	at com.google.android.apps.gsa.speech.audio.au.read(SourceFile:2)
07-01 12:35:13.079  3739 12008 W ErrorProcessor: 	at java.io.InputStream.read(InputStream.java:101)
07-01 12:35:13.079  3739 12008 W ErrorProcessor: 	at com.google.android.apps.gsa.speech.audio.ao.run(SourceFile:17)
07-01 12:35:13.079  3739 12008 W ErrorProcessor: 	at com.google.android.apps.gsa.speech.audio.an.run(SourceFile:2)
07-01 12:35:13.079  3739 12008 W ErrorProcessor: 	at java.util.concurrent.Executors$RunnableAdapter.call(Executors.java:458)
07-01 12:35:13.079  3739 12008 W ErrorProcessor: 	... 10 more
07-01 12:35:13.079  3739 12008 I AudioController: internalShutdown
07-01 12:35:13.080  3739  3739 I MicroDetector: Keeping mic open: false
07-01 12:35:13.080  3739  3739 I MicroDetectionWorker: #onError(false)
07-01 12:35:13.091  3739  7997 I DeviceStateChecker: DeviceStateChecker cancelled
07-01 12:35:14.044  1930  1983 I GnssLocationProvider: WakeLock acquired by sendMessage(REPORT_SV_STATUS, 0, com.android.server.location.GnssLocationProvider$SvStatusInfo@e065b4b)
07-01 12:35:14.047  1930  1943 I GnssLocationProvider: WakeLock released by handleMessage(REPORT_SV_STATUS, 0, com.android.server.location.GnssLocationProvider$SvStatusInfo@e065b4b)
07-01 12:35:15.047  1930  1983 I GnssLocationProvider: WakeLock acquired by sendMessage(REPORT_SV_STATUS, 0, com.android.server.location.GnssLocationProvider$SvStatusInfo@f87e928)
07-01 12:35:15.048  1930  1943 I GnssLocationProvider: WakeLock released by handleMessage(REPORT_SV_STATUS, 0, com.android.server.location.GnssLocationProvider$SvStatusInfo@f87e928)
07-01 12:35:15.598  1930  1957 I PackageManager.DexOptimizer: Running dexopt (dexoptNeeded=1) on: /data/app/com.android.gpstest-0UfAuHUlpJuXWcyu_4jkyw==/base.apk pkg=com.android.gpstest isa=x86 dexoptFlags=boot_complete,profile_guided,public,enable_hidden_api_checks targetFilter=speed-profile oatDir=/data/app/com.android.gpstest-0UfAuHUlpJuXWcyu_4jkyw==/oat classLoaderContext=PCL[/system/framework/org.apache.http.legacy.boot.jar]
07-01 12:35:15.599  1778  5350 V installed: DexInv: --- BEGIN '/data/app/com.android.gpstest-0UfAuHUlpJuXWcyu_4jkyw==/base.apk' ---
07-01 12:35:15.611 12108 12108 W dex2oat : Unexpected CPU variant for X86 using defaults: x86
07-01 12:35:15.611 12108 12108 W dex2oat : Mismatch between dex2oat instruction set features (ISA: X86 Feature string: -ssse3,-sse4.1,-sse4.2,-avx,-avx2,-popcnt) and those of dex2oat executable (ISA: X86 Feature string: ssse3,-sse4.1,-sse4.2,-avx,-avx2,-popcnt) for the command line:
07-01 12:35:15.611 12108 12108 W dex2oat : /system/bin/dex2oat --zip-fd=8 --zip-location=base.apk --input-vdex-fd=-1 --output-vdex-fd=10 --oat-fd=9 --oat-location=/data/app/com.android.gpstest-0UfAuHUlpJuXWcyu_4jkyw==/oat/x86/base.odex --instruction-set=x86 --instruction-set-variant=x86 --instruction-set-features=default --runtime-arg -Xms64m --runtime-arg -Xmx512m --compiler-filter=speed-profile --swap-fd=11 --app-image-fd=12 --image-format=lz4 --classpath-dir=/data/app/com.android.gpstest-0UfAuHUlpJuXWcyu_4jkyw== --class-loader-context=PCL[/system/framework/org.apache.http.legacy.boot.jar] --generate-mini-debug-info --compact-dex-level=none --runtime-arg -Xtarget-sdk-version:29 --runtime-arg -Xhidden-api-checks --compilation-reason=install
07-01 12:35:15.611 12108 12108 I dex2oat : /system/bin/dex2oat --input-vdex-fd=-1 --output-vdex-fd=10 --compiler-filter=speed-profile --classpath-dir=/data/app/com.android.gpstest-0UfAuHUlpJuXWcyu_4jkyw== --class-loader-context=PCL[/system/framework/org.apache.http.legacy.boot.jar] --generate-mini-debug-info --compact-dex-level=none --compilation-reason=install
07-01 12:35:16.049  1930  1983 I GnssLocationProvider: WakeLock acquired by sendMessage(REPORT_SV_STATUS, 0, com.android.server.location.GnssLocationProvider$SvStatusInfo@1f34e1f)
07-01 12:35:16.050  1930  1943 I GnssLocationProvider: WakeLock released by handleMessage(REPORT_SV_STATUS, 0, com.android.server.location.GnssLocationProvider$SvStatusInfo@1f34e1f)
07-01 12:35:16.952 12108 12108 I dex2oat : Explicit concurrent copying GC freed 9623(2MB) AllocSpace objects, 0(0B) LOS objects, 99% free, 896B/1536KB, paused 289us total 3.199ms
07-01 12:35:17.024 12108 12108 I dex2oat : dex2oat took 1.414s (4.742s cpu) (threads: 4) arena alloc=3KB (3952B) java alloc=16KB (17280B) native alloc=3MB (4024600B) free=2MB (2791144B)
07-01 12:35:17.027  1778  5350 V installed: DexInv: --- END '/data/app/com.android.gpstest-0UfAuHUlpJuXWcyu_4jkyw==/base.apk' (success) ---
--------- beginning of system
07-01 12:35:13.074  3739 12004 E ActivityThread: Failed to find provider info for com.google.android.apps.gsa.testing.ui.audio.recorded
07-01 12:35:17.030  1930  1957 V BackupManagerService: restoreAtInstall pkg=com.android.gpstest token=6 restoreSet=0
07-01 12:35:17.030  1930  1957 V BackupManagerService: Finishing install immediately
07-01 12:35:17.041  1778  5350 E         : Couldn't opendir /data/app/vmdl131778037.tmp: No such file or directory
07-01 12:35:17.042  1778  5350 E installd: Failed to delete /data/app/vmdl131778037.tmp: No such file or directory
07-01 12:35:17.055  2167  2167 D ImsResolver: maybeAddedImsService, packageName: com.android.gpstest
07-01 12:35:17.059  5363  5363 I Finsky  : [2] ycb.d(13): PackageMonitorReceiverImpl - Received: android.intent.action.PACKAGE_ADDED, [1Gs0hyxgBQbxymtIaNymu4YClFghhsGmEnKp-_4-M4A]
07-01 12:35:17.059  5363  5363 I Finsky  : [2] ydc.g(1): Invalidating cached PackageState for com.android.gpstest
07-01 12:35:17.061  1930  1941 W BroadcastQueue: Background execution not allowed: receiving Intent { act=android.intent.action.PACKAGE_ADDED dat=package:com.android.gpstest flg=0x4000010 (has extras) } to com.android.musicfx/.Compatibility$Receiver
07-01 12:35:17.065  1930  1983 I GnssLocationProvider: WakeLock acquired by sendMessage(REPORT_SV_STATUS, 0, com.android.server.location.GnssLocationProvider$SvStatusInfo@208ad3b)
07-01 12:35:17.068  1930  1944 W BroadcastQueue: Background execution not allowed: receiving Intent { act=android.intent.action.PACKAGE_ADDED dat=package:com.android.gpstest flg=0x4000010 (has extras) } to com.android.vending/com.google.android.finsky.packagemanager.impl.PackageMonitorReceiverImpl$RegisteredReceiver
07-01 12:35:17.068  1930  1944 W BroadcastQueue: Background execution not allowed: receiving Intent { act=android.intent.action.PACKAGE_ADDED dat=package:com.android.gpstest flg=0x4000010 (has extras) } to com.google.android.gms/.games.chimera.GamesSystemBroadcastReceiverProxy
07-01 12:35:17.069  1930  1944 W BroadcastQueue: Background execution not allowed: receiving Intent { act=android.intent.action.PACKAGE_ADDED dat=package:com.android.gpstest flg=0x4000010 (has extras) } to com.google.android.gms/.gass.chimera.PackageChangeBroadcastReceiver
07-01 12:35:17.069  1930  1944 W BroadcastQueue: Background execution not allowed: receiving Intent { act=android.intent.action.PACKAGE_ADDED dat=package:com.android.gpstest flg=0x4000010 (has extras) } to com.google.android.gms/.chimera.GmsIntentOperationService$PersistentTrustedReceiver
07-01 12:35:17.070  1930  1944 W BroadcastQueue: Background execution not allowed: receiving Intent { act=android.intent.action.PACKAGE_ADDED dat=package:com.android.gpstest flg=0x4000010 (has extras) } to com.google.android.googlequicksearchbox/com.google.android.apps.gsa.googlequicksearchbox.GelStubAppWatcher
07-01 12:35:17.070  1930  1944 W BroadcastQueue: Background execution not allowed: receiving Intent { act=android.intent.action.PACKAGE_ADDED dat=package:com.android.gpstest flg=0x4000010 (has extras) } to com.google.android.ims/.receivers.RcsAutoStartReceiver
07-01 12:35:17.073  4291  4291 I CarrierServices: [2] RcsAutoStartReceiver.b: carrierServicesJibeServiceEnabled changed from true to true
07-01 12:35:17.073  4291  4291 I CarrierServices: [2] RcsAutoStartReceiver.b: enableRcs changed from true to true
07-01 12:35:17.074  4291  4291 I CarrierServices: [2] RcsAutoStartReceiver.b: RcsAutoStartReceiver triggered. Fetching RCS State. Action: android.intent.action.PACKAGE_ADDED
07-01 12:35:17.080  5363  5363 I Finsky  : [2] ouk.d(2): Frosting ID looked up on UI thread. Caller should move to a background thread.
07-01 12:35:17.085  4291  4291 I CarrierServices: [2] aws.a: Migration binding to RcsMigrationService
07-01 12:35:17.096  5363  5363 I Finsky  : [2] alxk.a(3): Do not start WearSupportService due to Wear service optimization
07-01 12:35:17.096  8234  8234 I Bugle   : returning RCS state provider.
07-01 12:35:17.097  5363  5363 I Finsky  : [2] alxk.a(3): Do not start WearSupportService due to Wear service optimization
07-01 12:35:17.098  5363 12040 I Finsky  : [551] gvx.a(12): Asset module storage cleared for package com.android.gpstest.
07-01 12:35:17.100  5363 11917 I Finsky  : [539] jmd.a(15): [ContentSync] finished, scheduled=false
07-01 12:35:17.104  5363 12038 I Finsky  : [550] otx.run(16): Wrote row to frosting DB: 111
07-01 12:35:17.109  8234 12022 I CarrierServices: [458] inq.shouldUseCarrierServicesApkForV1Apis: Checking if using CarrierServices.apk is possible. Enabled: true, isAtLeastM: true, runningInsideBugle: true
07-01 12:35:17.116  8234 12022 I CarrierServices: [458] inq.e: Network Operator: 310260
07-01 12:35:17.118  1930  1999 I InputReader: Reconfiguring input devices.  changes=0x00000010
07-01 12:35:17.128  8234 12022 I CarrierServices: [458] inq.e: carrierWithOldEcApis: false
07-01 12:35:17.128  8234 12022 I CarrierServices: [458] inq.e: hasDialerThatSupportsNewEc: false
07-01 12:35:17.131  2458 12126 I Auth    : [SupervisedAccountIntentOperation] onHandleIntent(): android.intent.action.PACKAGE_ADDED
07-01 12:35:17.131  2458 12126 I Auth    : [SupervisedAccountIntentOperation] This operation is disabled
07-01 12:35:17.131  2458 12126 I ChromeSync: [Sync,SyncIntentOperation] Handling the intent: Intent { act=android.intent.action.PACKAGE_ADDED dat=package:com.android.gpstest flg=0x4000010 cmp=com.google.android.gms/.chimera.GmsIntentOperationService (has extras) }.
07-01 12:35:17.139  5363  5363 I Finsky  : [2] adxl.a(8): Clearing split related stale data.
07-01 12:35:17.144  8234 12022 W RcsProvisioning: Failed to read configuration: /data/user/0/com.google.android.apps.messaging/files/rcsconfig (No such file or directory)
07-01 12:35:17.145  8234 12022 W RcsProvisioning: java.io.FileNotFoundException: /data/user/0/com.google.android.apps.messaging/files/rcsconfig (No such file or directory)
07-01 12:35:17.145  8234 12022 W RcsProvisioning: 	at java.io.FileInputStream.open0(Native Method)
07-01 12:35:17.145  8234 12022 W RcsProvisioning: 	at java.io.FileInputStream.open(FileInputStream.java:231)
07-01 12:35:17.145  8234 12022 W RcsProvisioning: 	at java.io.FileInputStream.<init>(FileInputStream.java:165)
07-01 12:35:17.145  8234 12022 W RcsProvisioning: 	at android.app.ContextImpl.openFileInput(ContextImpl.java:560)
07-01 12:35:17.145  8234 12022 W RcsProvisioning: 	at android.content.ContextWrapper.openFileInput(ContextWrapper.java:202)
07-01 12:35:17.145  8234 12022 W RcsProvisioning: 	at ion.a(SourceFile:2)
07-01 12:35:17.145  8234 12022 W RcsProvisioning: 	at idl.a(SourceFile:4)
07-01 12:35:17.145  8234 12022 W RcsProvisioning: 	at idm.a(SourceFile:7)
07-01 12:35:17.145  8234 12022 W RcsProvisioning: 	at com.google.android.apps.messaging.rcsmigration.RcsStateProvider.buildRcsState(SourceFile:81)
07-01 12:35:17.145  8234 12022 W RcsProvisioning: 	at com.google.android.apps.messaging.rcsmigration.RcsStateProvider.getRcsState(SourceFile:6)
07-01 12:35:17.145  8234 12022 W RcsProvisioning: 	at com.google.android.ims.rcsmigration.IRcsStateProvider$Stub.dispatchTransaction(SourceFile:10)
07-01 12:35:17.145  8234 12022 W RcsProvisioning: 	at com.google.android.aidl.BaseStub.onTransact(SourceFile:18)
07-01 12:35:17.145  8234 12022 W RcsProvisioning: 	at android.os.Binder.execTransact(Binder.java:731)
07-01 12:35:17.145  8234 12022 D RcsProvisioning: Retrieving backup token
07-01 12:35:17.145  8234 12022 D RcsProvisioning: Exception while getting subscriber Id. Using default
07-01 12:35:17.146  1930  1930 I Telecom : DefaultDialerCache: Refreshing default dialer for user 0: now com.google.android.dialer: DDC.oR@ANY
07-01 12:35:17.148  1930  1930 V BackupManagerConstants: getFullBackupIntervalMilliseconds(...) returns 86400000
07-01 12:35:17.152  5363  5363 I Finsky  : [2] ouk.d(2): Frosting ID looked up on UI thread. Caller should move to a background thread.
07-01 12:35:17.162  1930  1943 I GnssLocationProvider: WakeLock released by handleMessage(REPORT_SV_STATUS, 0, com.android.server.location.GnssLocationProvider$SvStatusInfo@208ad3b)
07-01 12:35:17.169  2458 12125 W PeopleContactsSync: CP2 sync disabled by gservices.
07-01 12:35:17.177  2167  2167 D CarrierSvcBindHelper: No carrier app for: 0
07-01 12:35:17.189  2167  2167 D CarrierConfigLoader: mHandler: 9 phoneId: 0
07-01 12:35:17.200  5363 12038 I Finsky  : [550] otx.run(16): Wrote row to frosting DB: 112
07-01 12:35:17.235  1930  1939 I system_server: Background concurrent copying GC freed 24716(1519KB) AllocSpace objects, 27(1144KB) LOS objects, 35% free, 10MB/16MB, paused 1.088ms total 202.072ms
07-01 12:35:17.246  8234 12022 D RcsProvisioning: No backup token found
07-01 12:35:17.246  8234 12022 D RcsProvisioning: Retrieving backup token
07-01 12:35:17.246  8234 12022 D RcsProvisioning: Exception while getting subscriber Id. Using default
07-01 12:35:17.263  8047 12114 I ProvidersCache: Provider returned no roots. Possibly naughty: com.google.android.apps.docs.storage
07-01 12:35:17.270  2458  3579 I Icing   : IndexChimeraService.getServiceInterface callingPackage=com.google.android.gms componentName=AppsCorpus serviceId=SEARCH_QUERIES
07-01 12:35:17.271  2458  4701 I Icing   : IndexChimeraService.getServiceInterface callingPackage=com.google.android.gms componentName=AppsCorpus serviceId=SEARCH_CORPORA
07-01 12:35:17.289  2458 12143 I Icing   : Usage reports ok 0, Failed Usage reports 0, indexed 0, rejected 0, imm upload false
07-01 12:35:17.294 12132 12132 D AndroidRuntime: >>>>>> START com.android.internal.os.RuntimeInit uid 2000 <<<<<<
07-01 12:35:17.298 12132 12132 W app_process: Could not reserve sentinel fault page
07-01 12:35:17.315  2458 12143 I Icing   : Usage reports ok 0, Failed Usage reports 0, indexed 0, rejected 0, imm upload false
07-01 12:35:17.336 12132 12132 W app_process: Unexpected CPU variant for X86 using defaults: x86
07-01 12:35:17.338 12132 12132 I app_process: The ClassLoaderContext is a special shared library.
07-01 12:35:17.346 12132 12132 W app_process: CheckJNI: method to register "write" not in the given class. This is slow, consider changing your RegisterNatives calls.
07-01 12:35:17.348 12132 12132 I chatty  : uid=2000(shell) main identical 42 lines
07-01 12:35:17.348 12132 12132 W app_process: CheckJNI: method to register "write" not in the given class. This is slow, consider changing your RegisterNatives calls.
07-01 12:35:17.348 12132 12132 W app_process: CheckJNI: method to register "write_non_chained" not in the given class. This is slow, consider changing your RegisterNatives calls.
07-01 12:35:17.348 12132 12132 I chatty  : uid=2000(shell) main identical 7 lines
07-01 12:35:17.348 12132 12132 W app_process: CheckJNI: method to register "write_non_chained" not in the given class. This is slow, consider changing your RegisterNatives calls.
07-01 12:35:17.348  8234 12022 D RcsProvisioning: No backup token found
07-01 12:35:17.356  8234 12022 W RcsProvisioning: Failed to read configuration: /data/user/0/com.google.android.apps.messaging/files/rcsconfig (No such file or directory)
07-01 12:35:17.356  8234 12022 W RcsProvisioning: java.io.FileNotFoundException: /data/user/0/com.google.android.apps.messaging/files/rcsconfig (No such file or directory)
07-01 12:35:17.356  8234 12022 W RcsProvisioning: 	at java.io.FileInputStream.open0(Native Method)
07-01 12:35:17.356  8234 12022 W RcsProvisioning: 	at java.io.FileInputStream.open(FileInputStream.java:231)
07-01 12:35:17.356  8234 12022 W RcsProvisioning: 	at java.io.FileInputStream.<init>(FileInputStream.java:165)
07-01 12:35:17.356  8234 12022 W RcsProvisioning: 	at android.app.ContextImpl.openFileInput(ContextImpl.java:560)
07-01 12:35:17.356  8234 12022 W RcsProvisioning: 	at android.content.ContextWrapper.openFileInput(ContextWrapper.java:202)
07-01 12:35:17.356  8234 12022 W RcsProvisioning: 	at ion.a(SourceFile:2)
07-01 12:35:17.356  8234 12022 W RcsProvisioning: 	at idl.a(SourceFile:4)
07-01 12:35:17.356  8234 12022 W RcsProvisioning: 	at idm.a(SourceFile:7)
07-01 12:35:17.356  8234 12022 W RcsProvisioning: 	at iez.buildConferencesFileName(SourceFile:30)
07-01 12:35:17.356  8234 12022 W RcsProvisioning: 	at com.google.android.apps.messaging.rcsmigration.RcsStateProvider.buildRcsState(SourceFile:129)
07-01 12:35:17.356  8234 12022 W RcsProvisioning: 	at com.google.android.apps.messaging.rcsmigration.RcsStateProvider.getRcsState(SourceFile:6)
07-01 12:35:17.356  8234 12022 W RcsProvisioning: 	at com.google.android.ims.rcsmigration.IRcsStateProvider$Stub.dispatchTransaction(SourceFile:10)
07-01 12:35:17.356  8234 12022 W RcsProvisioning: 	at com.google.android.aidl.BaseStub.onTransact(SourceFile:18)
07-01 12:35:17.356  8234 12022 W RcsProvisioning: 	at android.os.Binder.execTransact(Binder.java:731)
07-01 12:35:17.356  8234 12022 D RcsProvisioning: Retrieving backup token
07-01 12:35:17.356  8234 12022 D RcsProvisioning: Exception while getting subscriber Id. Using default
07-01 12:35:17.362 12132 12132 D AndroidRuntime: Calling main entry com.android.commands.monkey.Monkey
07-01 12:35:17.366 12132 12132 W Monkey  : args: [-p, com.android.gpstest, -c, android.intent.category.LAUNCHER, 1]
07-01 12:35:17.366 12132 12132 W Monkey  :  arg: "-p"
07-01 12:35:17.366 12132 12132 W Monkey  :  arg: "com.android.gpstest"
07-01 12:35:17.367 12132 12132 W Monkey  :  arg: "-c"
07-01 12:35:17.367 12132 12132 W Monkey  :  arg: "android.intent.category.LAUNCHER"
07-01 12:35:17.367 12132 12132 W Monkey  :  arg: "1"
07-01 12:35:17.367 12132 12132 W Monkey  : data="com.android.gpstest"
07-01 12:35:17.367 12132 12132 W Monkey  : data="android.intent.category.LAUNCHER"
07-01 12:35:17.379  1930  1944 W BroadcastQueue: Skipping deliver [background] BroadcastRecord{a862956 u-1 android.net.conn.CONNECTIVITY_CHANGE} to ReceiverList{a3bfdd7 12132 (unknown name)/2000/u-1 remote:641b118}: process gone or crashing
07-01 12:35:17.394  1930  5708 I ActivityManager: START u0 {act=android.intent.action.MAIN cat=[android.intent.category.LAUNCHER] flg=0x10200000 cmp=com.android.gpstest/.GpsTestActivity} from uid 2000
07-01 12:35:17.395  1930  5708 W Binder  : Outgoing transactions from this process must be FLAG_ONEWAY
07-01 12:35:17.395  1930  5708 W Binder  : java.lang.Throwable
07-01 12:35:17.395  1930  5708 W Binder  : 	at android.os.BinderProxy.transact(Binder.java:1114)
07-01 12:35:17.395  1930  5708 W Binder  : 	at android.app.IActivityController$Stub$Proxy.activityStarting(IActivityController.java:176)
07-01 12:35:17.395  1930  5708 W Binder  : 	at com.android.server.am.ActivityStarter.startActivity(ActivityStarter.java:737)
07-01 12:35:17.395  1930  5708 W Binder  : 	at com.android.server.am.ActivityStarter.startActivity(ActivityStarter.java:544)
07-01 12:35:17.395  1930  5708 W Binder  : 	at com.android.server.am.ActivityStarter.startActivityMayWait(ActivityStarter.java:1099)
07-01 12:35:17.395  1930  5708 W Binder  : 	at com.android.server.am.ActivityStarter.execute(ActivityStarter.java:486)
07-01 12:35:17.395  1930  5708 W Binder  : 	at com.android.server.am.ActivityManagerService.startActivityAsUser(ActivityManagerService.java:5120)
07-01 12:35:17.395  1930  5708 W Binder  : 	at com.android.server.am.ActivityManagerService.startActivityAsUser(ActivityManagerService.java:5094)
07-01 12:35:17.395  1930  5708 W Binder  : 	at com.android.server.am.ActivityManagerService.startActivity(ActivityManagerService.java:5085)
07-01 12:35:17.395  1930  5708 W Binder  : 	at android.app.IActivityManager$Stub.onTransact$startActivity$(IActivityManager.java:10084)
07-01 12:35:17.395  1930  5708 W Binder  : 	at android.app.IActivityManager$Stub.onTransact(IActivityManager.java:122)
07-01 12:35:17.395  1930  5708 W Binder  : 	at com.android.server.am.ActivityManagerService.onTransact(ActivityManagerService.java:3291)
07-01 12:35:17.395  1930  5708 W Binder  : 	at android.os.Binder.execTransact(Binder.java:731)
07-01 12:35:17.409 12132 12132 I Monkey  : Events injected: 1
07-01 12:35:17.420  1930  1930 V SettingsProvider: Notifying for 0: content://settings/system/accelerometer_rotation
07-01 12:35:17.431 12132 12132 I Monkey  : ## Network stats: elapsed time=17ms (0ms mobile, 0ms wifi, 17ms not connected)
07-01 12:35:17.421  1930  1930 V SettingsProvider: Notifying for 0: content://settings/system/accelerometer_rotation
07-01 12:35:17.436  1930  1946 I ActivityManager: Start proc 12154:com.android.gpstest/u0a90 for activity com.android.gpstest/.GpsTestActivity
07-01 12:35:17.437 12154 12154 W android.gpstes: Unexpected CPU variant for X86 using defaults: x86
07-01 12:35:17.439 12132 12132 I app_process: System.exit called, status: 0
07-01 12:35:17.439 12132 12132 I AndroidRuntime: VM exiting with result code 0.
07-01 12:35:17.439 12154 12154 E android.gpstes: Not starting debugger since process cannot load the jdwp agent.
07-01 12:35:17.447  1646  2364 D gralloc_ranchu: gralloc_alloc: Creating ashmem region of size 8298496
07-01 12:35:17.460  8234 12022 D RcsProvisioning: No backup token found
07-01 12:35:17.461  8234 12022 E CarrierServices: [458] iez.getFile: File not found.: /data/user/0/com.google.android.apps.messaging/files/httpft_pending (No such file or directory)
07-01 12:35:17.461  8234 12022 E CarrierServices: 	java.io.FileInputStream.open0(Native Method)
07-01 12:35:17.461  8234 12022 E CarrierServices: 	java.io.FileInputStream.open(FileInputStream.java:231)
07-01 12:35:17.461  8234 12022 E CarrierServices: 	java.io.FileInputStream.<init>(FileInputStream.java:165)
07-01 12:35:17.461  8234 12022 E CarrierServices: 	android.app.ContextImpl.openFileInput(ContextImpl.java:560)
07-01 12:35:17.461  8234 12022 E CarrierServices: 	android.content.ContextWrapper.openFileInput(ContextWrapper.java:202)
07-01 12:35:17.461  8234 12022 E CarrierServices: 	iez.getFile(SourceFile:20)
07-01 12:35:17.461  8234 12022 E CarrierServices: 	com.google.android.apps.messaging.rcsmigration.RcsStateProvider.buildRcsState(SourceFile:136)
07-01 12:35:17.461  8234 12022 E CarrierServices: 	com.google.android.apps.messaging.rcsmigration.RcsStateProvider.getRcsState(SourceFile:6)
07-01 12:35:17.461  8234 12022 E CarrierServices: 	com.google.android.ims.rcsmigration.IRcsStateProvider$Stub.dispatchTransaction(SourceFile:10)
07-01 12:35:17.461  8234 12022 E CarrierServices: 	com.google.android.aidl.BaseStub.onTransact(SourceFile:18)
07-01 12:35:17.461  8234 12022 E CarrierServices: 	android.os.Binder.execTransact(Binder.java:731)
07-01 12:35:17.461  1930  5035 W ActivityManager: Request to remove task ignored for non-existent task 15
07-01 12:35:17.463  4291 12167 I CarrierServices: [294] awt.doInBackground: Saving RCS State
07-01 12:35:17.463  4291 12167 I CarrierServices: [294] awt.doInBackground: Old operation mode: 2
07-01 12:35:17.463  4291 12167 I CarrierServices: [294] awt.doInBackground: New operation mode: 2
07-01 12:35:17.469 12154 12154 I android.gpstes: The ClassLoaderContext is a special shared library.
07-01 12:35:17.483  8234 12022 I CarrierServices: [458] RcsStateProvider.onMigrationComplete: Migration complete.
07-01 12:35:17.487  8234 12022 I CarrierServices: [458] inq.shouldUseCarrierServicesApkForV1Apis: Checking if using CarrierServices.apk is possible. Enabled: true, isAtLeastM: true, runningInsideBugle: true
07-01 12:35:17.492  8234 12022 I CarrierServices: [458] inq.e: Network Operator: 310260
07-01 12:35:17.494  8234 12022 I CarrierServices: [458] inq.e: carrierWithOldEcApis: false
07-01 12:35:17.495  8234 12022 I CarrierServices: [458] inq.e: hasDialerThatSupportsNewEc: false
07-01 12:35:17.500  1646  2364 D gralloc_ranchu: gralloc_alloc: Creating ashmem region of size 8298496
07-01 12:35:17.506  8234 12022 I CarrierServices: [458] RcsStateProvider.onMigrationComplete: Rcs Engine should be running in cs.apk. Stopping JibeService.
07-01 12:35:17.512  8234 12022 I CarrierServices: [458] RcsStateProvider.onMigrationComplete: JibeService stopped: true
07-01 12:35:17.523  8234 12022 I CarrierServices: [458] inq.e: Network Operator: 310260
07-01 12:35:17.524  8234 12022 I CarrierServices: [458] inq.e: carrierWithOldEcApis: false
07-01 12:35:17.524  8234 12022 I CarrierServices: [458] inq.e: hasDialerThatSupportsNewEc: false
07-01 12:35:17.527  8234 12022 I CarrierServices: [458] jsn.connect: shouldUseCarrierServicesJibeService: true, CarrierServices rcs service found: true
07-01 12:35:17.527  8234 12022 I CarrierServices: [458] jsn.connect: Binding to JibeService in CarrierServices.
07-01 12:35:17.538  8234  8234 D RcsClientLib: Service com.google.android.rcs.client.chatsession.ChatSessionService connected. Will notify listeners: true
07-01 12:35:17.538  8234  8234 V BugleRcs: com.google.android.rcs.client.chatsession.ChatSessionService RCS service connected
07-01 12:35:17.542  8234 12022 I CarrierServices: [458] inq.e: Network Operator: 310260
07-01 12:35:17.544  8234 12022 I CarrierServices: [458] inq.e: carrierWithOldEcApis: false
07-01 12:35:17.544  8234 12022 I CarrierServices: [458] inq.e: hasDialerThatSupportsNewEc: false
07-01 12:35:17.546  8234 12022 I CarrierServices: [458] jsn.connect: shouldUseCarrierServicesJibeService: true, CarrierServices rcs service found: true
07-01 12:35:17.546  8234 12022 I CarrierServices: [458] jsn.connect: Binding to JibeService in CarrierServices.
07-01 12:35:17.549  8234  8234 D RcsClientLib: Service com.google.android.rcs.client.events.EventService connected. Will notify listeners: true
07-01 12:35:17.549  8234  8234 V BugleRcs: com.google.android.rcs.client.events.EventService RCS service connected
07-01 12:35:17.557  8234 12022 I CarrierServices: [458] inq.e: Network Operator: 310260
07-01 12:35:17.558  8234 12022 I CarrierServices: [458] inq.e: carrierWithOldEcApis: false
07-01 12:35:17.558  8234 12022 I CarrierServices: [458] inq.e: hasDialerThatSupportsNewEc: false
07-01 12:35:17.560  8234 12022 I CarrierServices: [458] jsn.connect: shouldUseCarrierServicesJibeService: true, CarrierServices rcs service found: true
07-01 12:35:17.560  8234 12022 I CarrierServices: [458] jsn.connect: Binding to JibeService in CarrierServices.
07-01 12:35:17.563  8234  8234 D RcsClientLib: Service com.google.android.rcs.client.contacts.ContactsService connected. Will notify listeners: true
07-01 12:35:17.564  8234  8234 V BugleRcs: com.google.android.rcs.client.contacts.ContactsService RCS service connected
07-01 12:35:17.572  8234 12022 I CarrierServices: [458] inq.e: Network Operator: 310260
07-01 12:35:17.573  8234 12022 I CarrierServices: [458] inq.e: carrierWithOldEcApis: false
07-01 12:35:17.573  8234 12022 I CarrierServices: [458] inq.e: hasDialerThatSupportsNewEc: false
07-01 12:35:17.576  8234 12022 I CarrierServices: [458] jsn.connect: shouldUseCarrierServicesJibeService: true, CarrierServices rcs service found: true
07-01 12:35:17.576  8234 12022 I CarrierServices: [458] jsn.connect: Binding to JibeService in CarrierServices.
07-01 12:35:17.581  8234  8234 D RcsClientLib: Service com.google.android.rcs.client.filetransfer.FileTransferService connected. Will notify listeners: true
07-01 12:35:17.581  8234  8234 V BugleRcs: com.google.android.rcs.client.filetransfer.FileTransferService RCS service connected
07-01 12:35:17.584  8234 12022 I CarrierServices: [458] inq.e: Network Operator: 310260
07-01 12:35:17.587  8234 12022 I CarrierServices: [458] inq.e: carrierWithOldEcApis: false
07-01 12:35:17.587  8234 12022 I CarrierServices: [458] inq.e: hasDialerThatSupportsNewEc: false
07-01 12:35:17.589  8234 12022 I CarrierServices: [458] jsn.connect: shouldUseCarrierServicesJibeService: true, CarrierServices rcs service found: true
07-01 12:35:17.590  8234 12022 I CarrierServices: [458] jsn.connect: Binding to JibeService in CarrierServices.
07-01 12:35:17.599  8234 12022 I CarrierServices: [458] inq.e: Network Operator: 310260
07-01 12:35:17.601  8234 12022 I CarrierServices: [458] inq.e: carrierWithOldEcApis: false
07-01 12:35:17.601  8234 12022 I CarrierServices: [458] inq.e: hasDialerThatSupportsNewEc: false
07-01 12:35:17.605  8234 12022 I CarrierServices: [458] jsn.connect: shouldUseCarrierServicesJibeService: true, CarrierServices rcs service found: true
07-01 12:35:17.605  8234 12022 I CarrierServices: [458] jsn.connect: Binding to JibeService in CarrierServices.
07-01 12:35:17.613  8234  8234 D RcsClientLib: Service com.google.android.rcs.client.locationsharing.LocationSharingService connected. Will notify listeners: true
07-01 12:35:17.613  8234  8234 V BugleRcs: com.google.android.rcs.client.locationsharing.LocationSharingService RCS service connected
07-01 12:35:17.613  8234  8234 D RcsClientLib: Service com.google.android.rcs.client.ims.ImsConnectionTrackerService connected. Will notify listeners: true
07-01 12:35:17.613  8234  8234 V BugleRcs: com.google.android.rcs.client.ims.ImsConnectionTrackerService RCS service connected
07-01 12:35:17.613  8234 12022 I CarrierServices: [458] inq.e: Network Operator: 310260
07-01 12:35:17.615  8234 12022 I CarrierServices: [458] inq.e: carrierWithOldEcApis: false
07-01 12:35:17.615  8234 12022 I CarrierServices: [458] inq.e: hasDialerThatSupportsNewEc: false
07-01 12:35:17.618  8234  8234 V BugleRcs: kicking off RCS sending/receiving
07-01 12:35:17.618  8234 12022 I CarrierServices: [458] jsn.connect: shouldUseCarrierServicesJibeService: true, CarrierServices rcs service found: true
07-01 12:35:17.618  8234 12022 I CarrierServices: [458] jsn.connect: Binding to JibeService in CarrierServices.
07-01 12:35:17.622  8234  8234 V BugleAction: no RCS because we're not registered
07-01 12:35:17.625  8234  8234 D RcsClientLib: Service com.google.android.rcs.client.profile.RcsProfileService connected. Will notify listeners: true
07-01 12:35:17.625  8234  8234 V BugleRcs: com.google.android.rcs.client.profile.RcsProfileService RCS service connected
07-01 12:35:17.627  8234  8234 V BugleRcs: kicking off RCS sending/receiving
07-01 12:35:17.629  8234  8234 V BugleAction: no RCS because we're not registered
07-01 12:35:17.629  8234 12022 I CarrierServices: [458] inq.e: Network Operator: 310260
07-01 12:35:17.630  4291  4306 W CarrierServices: [242] bmc.a: No config URL. RCS will be disabled!
07-01 12:35:17.630  8234  8234 I BugleRcs: RcsAvailability ACS url: null
07-01 12:35:17.634  8234 12022 I CarrierServices: [458] inq.e: carrierWithOldEcApis: false
07-01 12:35:17.634  8234 12022 I CarrierServices: [458] inq.e: hasDialerThatSupportsNewEc: false
07-01 12:35:17.635  8234 12022 I CarrierServices: [458] jsn.connect: shouldUseCarrierServicesJibeService: true, CarrierServices rcs service found: true
07-01 12:35:17.636  8234 12022 I CarrierServices: [458] jsn.connect: Binding to JibeService in CarrierServices.
07-01 12:35:17.639  8234  8234 D RcsClientLib: Service com.google.android.rcs.client.businessinfo.BusinessInfoService connected. Will notify listeners: true
07-01 12:35:17.639  8234  8234 V BugleRcs: com.google.android.rcs.client.businessinfo.BusinessInfoService RCS service connected
07-01 12:35:17.641  8234  8234 V BugleRcs: kicking off RCS sending/receiving
07-01 12:35:17.643  8234  8234 V BugleAction: no RCS because we're not registered
07-01 12:35:17.644  4291  4306 W CarrierServices: [242] bmc.a: No config URL. RCS will be disabled!
07-01 12:35:17.644  8234  8234 I BugleRcs: RcsAvailability ACS url: null
07-01 12:35:17.646  1930  1930 W WindowManager: removeWindowToken: Attempted to remove non-existing token: android.os.Binder@7d42dbb
07-01 12:35:17.647  8234 12022 W RcsProvisioning: Failed to read configuration: /data/user/0/com.google.android.apps.messaging/files/rcsconfig (No such file or directory)
07-01 12:35:17.647  8234 12022 W RcsProvisioning: java.io.FileNotFoundException: /data/user/0/com.google.android.apps.messaging/files/rcsconfig (No such file or directory)
07-01 12:35:17.647  8234 12022 W RcsProvisioning: 	at java.io.FileInputStream.open0(Native Method)
07-01 12:35:17.647  8234 12022 W RcsProvisioning: 	at java.io.FileInputStream.open(FileInputStream.java:231)
07-01 12:35:17.647  8234 12022 W RcsProvisioning: 	at java.io.FileInputStream.<init>(FileInputStream.java:165)
07-01 12:35:17.647  8234 12022 W RcsProvisioning: 	at android.app.ContextImpl.openFileInput(ContextImpl.java:560)
07-01 12:35:17.647  8234 12022 W RcsProvisioning: 	at android.content.ContextWrapper.openFileInput(ContextWrapper.java:202)
07-01 12:35:17.647  8234 12022 W RcsProvisioning: 	at ion.a(SourceFile:2)
07-01 12:35:17.647  8234 12022 W RcsProvisioning: 	at idl.a(SourceFile:4)
07-01 12:35:17.647  8234 12022 W RcsProvisioning: 	at idm.a(SourceFile:7)
07-01 12:35:17.647  8234 12022 W RcsProvisioning: 	at com.google.android.apps.messaging.rcsmigration.RcsStateProvider.onMigrationComplete(SourceFile:27)
07-01 12:35:17.647  8234 12022 W RcsProvisioning: 	at com.google.android.ims.rcsmigration.IRcsStateProvider$Stub.dispatchTransaction(SourceFile:14)
07-01 12:35:17.647  8234 12022 W RcsProvisioning: 	at com.google.android.aidl.BaseStub.onTransact(SourceFile:18)
07-01 12:35:17.647  8234 12022 W RcsProvisioning: 	at android.os.Binder.execTransact(Binder.java:731)
07-01 12:35:17.647  8234 12022 D RcsProvisioning: Retrieving backup token
07-01 12:35:17.647  8234 12022 D RcsProvisioning: Exception while getting subscriber Id. Using default
07-01 12:35:17.671 12154 12154 D NavDrawerFragment: Using position from preferences = 0
07-01 12:35:17.674 12154 12154 D GpsTestActivity: Creating new GpsStatusFragment
07-01 12:35:17.749  8234 12022 D RcsProvisioning: No backup token found
07-01 12:35:17.749  8234 12022 D RcsProvisioning: Clearing backup token
07-01 12:35:17.749  8234 12022 D RcsProvisioning: Exception while getting subscriber Id. Using default
07-01 12:35:17.764  1930  5035 I ActivityManager: START u0 {act=android.content.pm.action.REQUEST_PERMISSIONS pkg=com.google.android.packageinstaller cmp=com.google.android.packageinstaller/com.android.packageinstaller.permission.ui.GrantPermissionsActivity (has extras)} from uid 10090
07-01 12:35:17.782  2723  2909 D EGL_emulation: eglMakeCurrent: 0xe2206980: ver 3 0 (tinfo 0xe2203910)
07-01 12:35:17.787  8234 12022 I CarrierServices: [458] RcsStateProvider.onMigrationComplete: Deleted transfers file: false
07-01 12:35:17.789  8234 12022 W RcsProvisioning: Failed to read configuration: /data/user/0/com.google.android.apps.messaging/files/rcsconfig (No such file or directory)
07-01 12:35:17.789  8234 12022 W RcsProvisioning: java.io.FileNotFoundException: /data/user/0/com.google.android.apps.messaging/files/rcsconfig (No such file or directory)
07-01 12:35:17.789  8234 12022 W RcsProvisioning: 	at java.io.FileInputStream.open0(Native Method)
07-01 12:35:17.789  8234 12022 W RcsProvisioning: 	at java.io.FileInputStream.open(FileInputStream.java:231)
07-01 12:35:17.789  8234 12022 W RcsProvisioning: 	at java.io.FileInputStream.<init>(FileInputStream.java:165)
07-01 12:35:17.789  8234 12022 W RcsProvisioning: 	at android.app.ContextImpl.openFileInput(ContextImpl.java:560)
07-01 12:35:17.789  8234 12022 W RcsProvisioning: 	at android.content.ContextWrapper.openFileInput(ContextWrapper.java:202)
07-01 12:35:17.789  8234 12022 W RcsProvisioning: 	at ion.a(SourceFile:2)
07-01 12:35:17.789  8234 12022 W RcsProvisioning: 	at idl.a(SourceFile:4)
07-01 12:35:17.789  8234 12022 W RcsProvisioning: 	at idm.a(SourceFile:7)
07-01 12:35:17.789  8234 12022 W RcsProvisioning: 	at iez.buildConferencesFileName(SourceFile:30)
07-01 12:35:17.789  8234 12022 W RcsProvisioning: 	at com.google.android.apps.messaging.rcsmigration.RcsStateProvider.onMigrationComplete(SourceFile:48)
07-01 12:35:17.789  8234 12022 W RcsProvisioning: 	at com.google.android.ims.rcsmigration.IRcsStateProvider$Stub.dispatchTransaction(SourceFile:14)
07-01 12:35:17.789  8234 12022 W RcsProvisioning: 	at com.google.android.aidl.BaseStub.onTransact(SourceFile:18)
07-01 12:35:17.789  8234 12022 W RcsProvisioning: 	at android.os.Binder.execTransact(Binder.java:731)
07-01 12:35:17.789  8234 12022 D RcsProvisioning: Retrieving backup token
07-01 12:35:17.789  8234 12022 D RcsProvisioning: Exception while getting subscriber Id. Using default
07-01 12:35:17.789 12154 12154 D OpenGLRenderer: Skia GL Pipeline
07-01 12:35:17.812  1773  2280 E SurfaceFlinger: ro.sf.lcd_density must be defined as a build property
07-01 12:35:17.829  2082  2320 D EGL_emulation: eglMakeCurrent: 0xe2205480: ver 3 0 (tinfo 0xe22035a0)
07-01 12:35:17.829  3739  3770 D EGL_emulation: eglMakeCurrent: 0xe2205120: ver 3 0 (tinfo 0xe2203240)
07-01 12:35:17.834  7513  7513 W ActivityThread: handleWindowVisibility: no activity for token android.os.BinderProxy@fb45812
07-01 12:35:17.864  2082  2320 D EGL_emulation: eglMakeCurrent: 0xe2205480: ver 3 0 (tinfo 0xe22035a0)
07-01 12:35:17.878  2082  2320 D EGL_emulation: eglMakeCurrent: 0xe2205480: ver 3 0 (tinfo 0xe22035a0)
07-01 12:35:17.891  8234 12022 D RcsProvisioning: No backup token found
07-01 12:35:17.910  4291  4291 I CarrierServices: [2] aww.a: Unbinding RcsMigrationService
07-01 12:35:17.944  1646  2364 D gralloc_ranchu: gralloc_alloc: Creating ashmem region of size 7659520
07-01 12:35:17.951  1646  1646 D gralloc_ranchu: gralloc_alloc: Creating ashmem region of size 7659520
07-01 12:35:17.958  1646  2364 D gralloc_ranchu: gralloc_alloc: Creating ashmem region of size 7659520
07-01 12:35:17.966  1646  2364 D gralloc_ranchu: gralloc_alloc: Creating ashmem region of size 8298496
07-01 12:35:17.968 12154 12180 D HostConnection: HostConnection::get() New Host Connection established 0xcf2a53f0, tid 12180
07-01 12:35:17.971  3014  3014 I GoogleInputMethod: onFinishInput() : Dummy InputConnection bound
07-01 12:35:17.971  3014  3014 I GoogleInputMethod: onStartInput() : Dummy InputConnection bound
07-01 12:35:17.972 12154 12180 D HostConnection: HostComposition ext ANDROID_EMU_CHECKSUM_HELPER_v1 ANDROID_EMU_native_sync_v2 ANDROID_EMU_native_sync_v3 ANDROID_EMU_native_sync_v4 ANDROID_EMU_dma_v1 ANDROID_EMU_YUV420_888_to_NV21 ANDROID_EMU_YUV_Cache ANDROID_EMU_async_unmap_buffer GL_OES_EGL_image_external_essl3 GL_OES_vertex_array_object GL_KHR_texture_compression_astc_ldr ANDROID_EMU_host_side_tracing ANDROID_EMU_gles_max_version_3_0 
07-01 12:35:17.974  1646  1646 D gralloc_ranchu: gralloc_alloc: Creating ashmem region of size 8298496
07-01 12:35:17.977 12154 12180 I ConfigStore: android::hardware::configstore::V1_0::ISurfaceFlingerConfigs::hasWideColorDisplay retrieved: 0
07-01 12:35:17.978 12154 12180 I ConfigStore: android::hardware::configstore::V1_0::ISurfaceFlingerConfigs::hasHDRDisplay retrieved: 0
07-01 12:35:17.978 12154 12180 I OpenGLRenderer: Initialized EGL, version 1.4
07-01 12:35:17.978 12154 12180 D OpenGLRenderer: Swap behavior 1
07-01 12:35:17.978 12154 12180 W OpenGLRenderer: Failed to choose config with EGL_SWAP_BEHAVIOR_PRESERVED, retrying without...
07-01 12:35:17.978 12154 12180 D OpenGLRenderer: Swap behavior 0
07-01 12:35:17.983  1646  2364 D gralloc_ranchu: gralloc_alloc: Creating ashmem region of size 8298496
07-01 12:35:17.987 12154 12180 D eglCodecCommon: setVertexArrayObject: set vao to 0 (0) 0 0
07-01 12:35:17.988 12154 12180 D EGL_emulation: eglCreateContext: 0xcf2bd400: maj 3 min 0 rcv 3
07-01 12:35:17.992 12154 12180 D EGL_emulation: eglMakeCurrent: 0xcf2bd400: ver 3 0 (tinfo 0xe83b19f0)
07-01 12:35:17.995  1773  1969 E SurfaceFlinger: ro.sf.lcd_density must be defined as a build property
07-01 12:35:18.005  1646  2364 D gralloc_ranchu: gralloc_alloc: Creating ashmem region of size 7655424
07-01 12:35:18.016  7513  7530 D EGL_emulation: eglMakeCurrent: 0xdf5d0b00: ver 3 0 (tinfo 0xe01fb380)
07-01 12:35:18.019  1646  2364 D gralloc_ranchu: gralloc_alloc: Creating ashmem region of size 7655424
07-01 12:35:18.031  1646  2364 D gralloc_ranchu: gralloc_alloc: Creating ashmem region of size 7655424
07-01 12:35:18.031 12154 12180 D HostConnection: createUnique: call
07-01 12:35:18.031 12154 12180 D HostConnection: HostConnection::get() New Host Connection established 0xcf2a5800, tid 12180
07-01 12:35:18.033 12154 12180 D HostConnection: HostComposition ext ANDROID_EMU_CHECKSUM_HELPER_v1 ANDROID_EMU_native_sync_v2 ANDROID_EMU_native_sync_v3 ANDROID_EMU_native_sync_v4 ANDROID_EMU_dma_v1 ANDROID_EMU_YUV420_888_to_NV21 ANDROID_EMU_YUV_Cache ANDROID_EMU_async_unmap_buffer GL_OES_EGL_image_external_essl3 GL_OES_vertex_array_object GL_KHR_texture_compression_astc_ldr ANDROID_EMU_host_side_tracing ANDROID_EMU_gles_max_version_3_0 
07-01 12:35:18.033 12154 12180 E eglCodecCommon: GoldfishAddressSpaceHostMemoryAllocator: ioctl_ping failed for device_type=5, ret=-1
07-01 12:35:18.048  1930  1952 I ActivityManager: Displayed com.google.android.packageinstaller/com.android.packageinstaller.permission.ui.GrantPermissionsActivity: +197ms (total +620ms)
07-01 12:35:18.056  1930  1983 I GnssLocationProvider: WakeLock acquired by sendMessage(REPORT_SV_STATUS, 0, com.android.server.location.GnssLocationProvider$SvStatusInfo@a89e3a2)
07-01 12:35:18.057  1930  1943 I GnssLocationProvider: WakeLock released by handleMessage(REPORT_SV_STATUS, 0, com.android.server.location.GnssLocationProvider$SvStatusInfo@a89e3a2)
07-01 12:35:18.144 12154 12180 D EGL_emulation: eglMakeCurrent: 0xcf2bd400: ver 3 0 (tinfo 0xe83b19f0)
07-01 12:35:18.173 12154 12180 D eglCodecCommon: setVertexArrayObject: set vao to 0 (0) 1 2
07-01 12:35:18.234  1773  1773 W SurfaceFlinger: couldn't log to binary event log: overflow.
07-01 12:35:18.234  1773  1773 W SurfaceFlinger: couldn't log to binary event log: overflow.
07-01 12:35:18.359  2458 11646 I Icing   : Indexing com.google.android.gms-apps from com.google.android.gms
07-01 12:35:18.363  3739  3739 I StreamRenderer: cleanUpRendererScope(nowcards-528436586229275679)
07-01 12:35:18.395  3739 11996 I PBSessionCacheImpl: Deleted sessionId[154005886409] from persistence.
07-01 12:35:18.414  3739  3739 W SearchService: Abort, client detached.
07-01 12:35:18.416  3739  3739 I StreamController: cleanUpControllerScope(nowcards-528436586229275679)
07-01 12:35:18.452  1773  1904 W SurfaceFlinger: Attempting to set client state on removed layer: Splash Screen com.android.gpstest#0
07-01 12:35:18.452  1773  1904 W SurfaceFlinger: Attempting to destroy on removed layer: Splash Screen com.android.gpstest#0
07-01 12:35:18.471  3739  8924 I WorkController: WorkProxy is not enqueued because WorkController is disposed: WorkProxy{Name=context::j, WorkerId=context, id=d07349e}
07-01 12:35:18.471  3739  8924 I WorkController: WorkProxy is not enqueued because WorkController is disposed: WorkProxy{Name=context::m, WorkerId=context, id=e4dbb7f}
07-01 12:35:18.471  3739  8924 I WorkController: WorkProxy is not enqueued because WorkController is disposed: WorkProxy{Name=context::n, WorkerId=context, id=973b74c}
07-01 12:35:18.471  3739  8924 I WorkController: WorkProxy is not enqueued because WorkController is disposed: WorkProxy{Name=context::p, WorkerId=context, id=8e66395}
07-01 12:35:18.474  2082  2320 D EGL_emulation: eglMakeCurrent: 0xe2205480: ver 3 0 (tinfo 0xe22035a0)
07-01 12:35:18.491  2082  2320 I chatty  : uid=10026(com.android.systemui) RenderThread identical 2 lines
07-01 12:35:18.493  2082  2320 D EGL_emulation: eglMakeCurrent: 0xe2205480: ver 3 0 (tinfo 0xe22035a0)
07-01 12:35:18.525  2458 11646 I Icing   : Indexing done com.google.android.gms-apps
07-01 12:35:18.536  3014  3014 I IcingNotification: Received intent: Intent { act=com.google.android.gms.icing.IME_NOTIFICATION flg=0x10 pkg=com.google.android.inputmethod.latin (has extras) }
07-01 12:35:19.061  1930  1983 I GnssLocationProvider: WakeLock acquired by sendMessage(REPORT_SV_STATUS, 0, com.android.server.location.GnssLocationProvider$SvStatusInfo@c0a26d9)
07-01 12:35:19.062  1930  1943 I GnssLocationProvider: WakeLock released by handleMessage(REPORT_SV_STATUS, 0, com.android.server.location.GnssLocationProvider$SvStatusInfo@c0a26d9)
07-01 12:35:19.226  1930  1948 E BatteryExternalStatsWorker: no controller energy info supplied for wifi
07-01 12:35:19.658  1930  2586 V BackupManagerConstants: getFullBackupRequiredNetworkType(...) returns 2
07-01 12:35:19.659  1930  2586 V BackupManagerConstants: getFullBackupRequireCharging(...) returns true
07-01 12:35:20.062  1930  1983 I GnssLocationProvider: WakeLock acquired by sendMessage(REPORT_SV_STATUS, 0, com.android.server.location.GnssLocationProvider$SvStatusInfo@6b68f7f)
07-01 12:35:20.063  1930  1943 I GnssLocationProvider: WakeLock released by handleMessage(REPORT_SV_STATUS, 0, com.android.server.location.GnssLocationProvider$SvStatusInfo@6b68f7f)
07-01 12:35:20.957  1930  2050 E TaskPersister: File error accessing recents directory (directory doesn't exist?).
07-01 12:35:21.062  1930  1983 I GnssLocationProvider: WakeLock acquired by sendMessage(REPORT_SV_STATUS, 0, com.android.server.location.GnssLocationProvider$SvStatusInfo@6adfb4c)
