11-10 14:33:08.321  6288  6362 I A       : NGA disabled due to not being eligible.
11-10 14:33:08.499  1928  2290 I GnssLocationProvider: WakeLock acquired by sendMessage(REPORT_SV_STATUS, 0, com.android.server.location.GnssLocationProvider$SvStatusInfo@4f94435)
11-10 14:33:08.499  1928  1941 I GnssLocationProvider: WakeLock released by handleMessage(REPORT_SV_STATUS, 0, com.android.server.location.GnssLocationProvider$SvStatusInfo@4f94435)
11-10 14:33:09.335 15273 15273 I AccessibilityNodeInfoDumper: Skipping invisible child: android.view.accessibility.AccessibilityNodeInfo@22be2; boundsInParent: Rect(0, 0 - 0, 126); boundsInScreen: Rect(231, 986 - 231, 1112); packageName: com.google.android.packageinstaller; className: android.widget.LinearLayout; text: null; error: null; maxTextLength: -1; contentDescription: null; tooltipText: null; viewIdResName: null; checkable: false; checked: false; focusable: false; focused: false; selected: false; clickable: false; longClickable: false; contextClickable: false; enabled: true; password: false; scrollable: false; importantForAccessibility: false; visible: false; actions: [AccessibilityAction: ACTION_SELECT - null, AccessibilityAction: ACTION_CLEAR_SELECTION - null, AccessibilityAction: ACTION_ACCESSIBILITY_FOCUS - null, AccessibilityAction: ACTION_SHOW_ON_SCREEN - null]
11-10 14:33:09.335 15273 15273 W AccessibilityNodeInfoDumper: Fetch time: 6ms
11-10 14:33:08.314  1928  1928 V SettingsProvider: Notifying for 0: content://settings/secure/accessibility_enabled
11-10 14:33:09.338  1928  4544 W WindowManager: removeWindowToken: Attempted to remove non-existing token: android.os.Binder@a8b431f
11-10 14:33:09.340  1928  1928 V SettingsProvider: Notifying for 0: content://settings/secure/accessibility_enabled
11-10 14:33:09.344 15273 15273 D AndroidRuntime: Shutting down VM
11-10 14:33:09.347  6288  6362 I A       : NGA disabled due to not being eligible.
11-10 14:33:09.507  1928  2290 I GnssLocationProvider: WakeLock acquired by sendMessage(REPORT_SV_STATUS, 0, com.android.server.location.GnssLocationProvider$SvStatusInfo@4aaf23b)
11-10 14:33:09.508  1928  1941 I GnssLocationProvider: WakeLock released by handleMessage(REPORT_SV_STATUS, 0, com.android.server.location.GnssLocationProvider$SvStatusInfo@4aaf23b)
11-10 14:33:09.679 15291 15291 D AndroidRuntime: >>>>>> START com.android.internal.os.RuntimeInit uid 2000 <<<<<<
11-10 14:33:09.761 15291 15291 W app_process: Unexpected CPU variant for X86 using defaults: x86
11-10 14:33:09.763 15291 15291 I app_process: The ClassLoaderContext is a special shared library.
11-10 14:33:09.764 15291 15291 I app_process: The ClassLoaderContext is a special shared library.
11-10 14:33:09.768 15291 15291 W app_process: CheckJNI: method to register "write" not in the given class. This is slow, consider changing your RegisterNatives calls.
11-10 14:33:09.775 15291 15291 I chatty  : uid=2000(shell) main identical 42 lines
11-10 14:33:09.775 15291 15291 W app_process: CheckJNI: method to register "write" not in the given class. This is slow, consider changing your RegisterNatives calls.
11-10 14:33:09.776 15291 15291 W app_process: CheckJNI: method to register "write_non_chained" not in the given class. This is slow, consider changing your RegisterNatives calls.
11-10 14:33:09.776 15291 15291 I chatty  : uid=2000(shell) main identical 7 lines
11-10 14:33:09.776 15291 15291 W app_process: CheckJNI: method to register "write_non_chained" not in the given class. This is slow, consider changing your RegisterNatives calls.
11-10 14:33:09.793 15291 15291 D AndroidRuntime: Calling main entry com.android.commands.uiautomator.Launcher
11-10 14:33:09.814  6288  6362 I A       : NGA disabled due to not being eligible.
11-10 14:33:10.515  1928  2290 I GnssLocationProvider: WakeLock acquired by sendMessage(REPORT_SV_STATUS, 0, com.android.server.location.GnssLocationProvider$SvStatusInfo@493bf96)
11-10 14:33:10.516  1928  1941 I GnssLocationProvider: WakeLock released by handleMessage(REPORT_SV_STATUS, 0, com.android.server.location.GnssLocationProvider$SvStatusInfo@493bf96)
11-10 14:33:10.828 15291 15291 I AccessibilityNodeInfoDumper: Skipping invisible child: android.view.accessibility.AccessibilityNodeInfo@22bf1; boundsInParent: Rect(0, 0 - 0, 126); boundsInScreen: Rect(231, 986 - 231, 1112); packageName: com.google.android.packageinstaller; className: android.widget.LinearLayout; text: null; error: null; maxTextLength: -1; contentDescription: null; tooltipText: null; viewIdResName: null; checkable: false; checked: false; focusable: false; focused: false; selected: false; clickable: false; longClickable: false; contextClickable: false; enabled: true; password: false; scrollable: false; importantForAccessibility: false; visible: false; actions: [AccessibilityAction: ACTION_SELECT - null, AccessibilityAction: ACTION_CLEAR_SELECTION - null, AccessibilityAction: ACTION_ACCESSIBILITY_FOCUS - null, AccessibilityAction: ACTION_SHOW_ON_SCREEN - null]
11-10 14:33:10.829 15291 15291 W AccessibilityNodeInfoDumper: Fetch time: 7ms
11-10 14:33:09.802  1928  1928 V SettingsProvider: Notifying for 0: content://settings/secure/accessibility_enabled
11-10 14:33:10.831  1928  2859 W WindowManager: removeWindowToken: Attempted to remove non-existing token: android.os.Binder@7394d58
11-10 14:33:10.834  1928  1928 V SettingsProvider: Notifying for 0: content://settings/secure/accessibility_enabled
11-10 14:33:10.838 15291 15291 D AndroidRuntime: Shutting down VM
11-10 14:33:10.840  6288  6362 I A       : NGA disabled due to not being eligible.
11-10 14:33:11.205 15309 15309 D AndroidRuntime: >>>>>> START com.android.internal.os.RuntimeInit uid 2000 <<<<<<
11-10 14:33:11.302 15309 15309 W app_process: Unexpected CPU variant for X86 using defaults: x86
11-10 14:33:11.304 15309 15309 I app_process: The ClassLoaderContext is a special shared library.
11-10 14:33:11.308  7156  7454 W native  : jpeg_io.cc:108 File's first two bytes does not match the sequence 216
11-10 14:33:11.312 15309 15309 W app_process: CheckJNI: method to register "write" not in the given class. This is slow, consider changing your RegisterNatives calls.
11-10 14:33:11.315 15309 15309 I chatty  : uid=2000(shell) main identical 42 lines
11-10 14:33:11.315 15309 15309 W app_process: CheckJNI: method to register "write" not in the given class. This is slow, consider changing your RegisterNatives calls.
11-10 14:33:11.315 15309 15309 W app_process: CheckJNI: method to register "write_non_chained" not in the given class. This is slow, consider changing your RegisterNatives calls.
11-10 14:33:11.315 15309 15309 I chatty  : uid=2000(shell) com.android.commands.monkey identical 7 lines
11-10 14:33:11.315 15309 15309 W app_process: CheckJNI: method to register "write_non_chained" not in the given class. This is slow, consider changing your RegisterNatives calls.
11-10 14:33:11.334 15309 15309 D AndroidRuntime: Calling main entry com.android.commands.monkey.Monkey
11-10 14:33:11.340 15309 15309 W Monkey  : args: [-p, com.android.gpstest, -c, android.intent.category.LAUNCHER, 1]
11-10 14:33:11.342 15309 15309 W Monkey  :  arg: "-p"
11-10 14:33:11.342 15309 15309 W Monkey  :  arg: "com.android.gpstest"
11-10 14:33:11.342 15309 15309 W Monkey  :  arg: "-c"
11-10 14:33:11.342 15309 15309 W Monkey  :  arg: "android.intent.category.LAUNCHER"
11-10 14:33:11.342 15309 15309 W Monkey  :  arg: "1"
11-10 14:33:11.342 15309 15309 W Monkey  : data="com.android.gpstest"
11-10 14:33:11.343 15309 15309 W Monkey  : data="android.intent.category.LAUNCHER"
11-10 14:33:11.365  1928  1942 W BroadcastQueue: Skipping deliver [background] BroadcastRecord{693c35d u-1 android.net.conn.CONNECTIVITY_CHANGE} to ReceiverList{95eb4d2 15309 (unknown name)/2000/u-1 remote:7635407}: process gone or crashing
11-10 14:33:11.393  1928  4544 I ActivityManager: START u0 {act=android.intent.action.MAIN cat=[android.intent.category.LAUNCHER] flg=0x10200000 cmp=com.android.gpstest/.GpsTestActivity} from uid 2000
11-10 14:33:11.394  1928  4544 W Binder  : Outgoing transactions from this process must be FLAG_ONEWAY
11-10 14:33:11.394  1928  4544 W Binder  : java.lang.Throwable
11-10 14:33:11.394  1928  4544 W Binder  : 	at android.os.BinderProxy.transact(Binder.java:1114)
11-10 14:33:11.394  1928  4544 W Binder  : 	at android.app.IActivityController$Stub$Proxy.activityStarting(IActivityController.java:176)
11-10 14:33:11.394  1928  4544 W Binder  : 	at com.android.server.am.ActivityStarter.startActivity(ActivityStarter.java:737)
11-10 14:33:11.394  1928  4544 W Binder  : 	at com.android.server.am.ActivityStarter.startActivity(ActivityStarter.java:544)
11-10 14:33:11.394  1928  4544 W Binder  : 	at com.android.server.am.ActivityStarter.startActivityMayWait(ActivityStarter.java:1099)
11-10 14:33:11.394  1928  4544 W Binder  : 	at com.android.server.am.ActivityStarter.execute(ActivityStarter.java:486)
11-10 14:33:11.394  1928  4544 W Binder  : 	at com.android.server.am.ActivityManagerService.startActivityAsUser(ActivityManagerService.java:5120)
11-10 14:33:11.394  1928  4544 W Binder  : 	at com.android.server.am.ActivityManagerService.startActivityAsUser(ActivityManagerService.java:5094)
11-10 14:33:11.394  1928  4544 W Binder  : 	at com.android.server.am.ActivityManagerService.startActivity(ActivityManagerService.java:5085)
11-10 14:33:11.394  1928  4544 W Binder  : 	at android.app.IActivityManager$Stub.onTransact$startActivity$(IActivityManager.java:10084)
11-10 14:33:11.394  1928  4544 W Binder  : 	at android.app.IActivityManager$Stub.onTransact(IActivityManager.java:122)
11-10 14:33:11.394  1928  4544 W Binder  : 	at com.android.server.am.ActivityManagerService.onTransact(ActivityManagerService.java:3291)
11-10 14:33:11.394  1928  4544 W Binder  : 	at android.os.Binder.execTransact(Binder.java:731)
11-10 14:33:11.401 15309 15309 I Monkey  : Events injected: 1
11-10 14:33:11.408 13486 13486 W Activity: Can request only one set of permissions at a time
11-10 14:33:11.422  1928  1928 V SettingsProvider: Notifying for 0: content://settings/system/accelerometer_rotation
11-10 14:33:11.445 15309 15309 I Monkey  : ## Network stats: elapsed time=39ms (0ms mobile, 0ms wifi, 39ms not connected)
11-10 14:33:11.450 15309 15309 I app_process: System.exit called, status: 0
11-10 14:33:11.450 15309 15309 I AndroidRuntime: VM exiting with result code 0.
11-10 14:33:11.504 14769 14769 I GoogleInputMethod: onFinishInput() : Dummy InputConnection bound
11-10 14:33:11.505 14769 14769 I GoogleInputMethod: onStartInput() : Dummy InputConnection bound
11-10 14:33:11.516  1928  2290 I GnssLocationProvider: WakeLock acquired by sendMessage(REPORT_SV_STATUS, 0, com.android.server.location.GnssLocationProvider$SvStatusInfo@ede0efc)
11-10 14:33:11.518  1928  1941 I GnssLocationProvider: WakeLock released by handleMessage(REPORT_SV_STATUS, 0, com.android.server.location.GnssLocationProvider$SvStatusInfo@ede0efc)
11-10 14:33:11.520  1769  1769 D SurfaceFlinger: duplicate layer name: changing com.android.gpstest/com.android.gpstest.GpsTestActivity to com.android.gpstest/com.android.gpstest.GpsTestActivity#1
11-10 14:33:11.524  1647  1693 D gralloc_ranchu: gralloc_alloc: Creating ashmem region of size 3543040
11-10 14:33:11.533  1647  1841 D gralloc_ranchu: gralloc_alloc: Creating ashmem region of size 3543040
11-10 14:33:11.536  1647  1693 D gralloc_ranchu: gralloc_alloc: Creating ashmem region of size 3543040
11-10 14:33:11.549 13486 13505 D EGL_emulation: eglMakeCurrent: 0xca1ba280: ver 3 0 (tinfo 0xdb658a80)
11-10 14:33:11.558  1769  1769 D SurfaceFlinger: duplicate layer name: changing Dim Layer for - Task=116 to Dim Layer for - Task=116#1
11-10 14:33:11.568 13486 13505 D EGL_emulation: eglMakeCurrent: 0xca1ba280: ver 3 0 (tinfo 0xdb658a80)
11-10 14:33:11.604 11649 11667 D EGL_emulation: eglMakeCurrent: 0xda42a1a0: ver 3 0 (tinfo 0xe32e5930)
11-10 14:33:11.653  1769  1896 W SurfaceFlinger: Attempting to set client state on removed layer: Dim Layer for - Task=116#0
11-10 14:33:11.653  1769  1896 W SurfaceFlinger: Attempting to destroy on removed layer: Dim Layer for - Task=116#0
11-10 14:33:11.787  1769  1896 W SurfaceFlinger: Attempting to set client state on removed layer: com.google.android.packageinstaller/com.android.packageinstaller.permission.ui.GrantPermissionsActivity#0
11-10 14:33:11.787  1769  1896 W SurfaceFlinger: Attempting to destroy on removed layer: com.google.android.packageinstaller/com.android.packageinstaller.permission.ui.GrantPermissionsActivity#0
11-10 14:33:11.797  1769  1769 W SurfaceFlinger: couldn't log to binary event log: overflow.
11-10 14:33:12.522  1928  2290 I GnssLocationProvider: WakeLock acquired by sendMessage(REPORT_SV_STATUS, 0, com.android.server.location.GnssLocationProvider$SvStatusInfo@d3ad1fb)
11-10 14:33:12.523  1928  1941 I GnssLocationProvider: WakeLock released by handleMessage(REPORT_SV_STATUS, 0, com.android.server.location.GnssLocationProvider$SvStatusInfo@d3ad1fb)
11-10 14:33:12.524  1879  1879 E netmgr  : Failed to open QEMU pipe 'qemud:network': Invalid argument
11-10 14:33:12.525  1879  1879 E netmgr  : WifiForwarder unable to open QEMU pipe: Invalid argument
11-10 14:33:13.107 13486 13505 D EGL_emulation: eglMakeCurrent: 0xca1ba280: ver 3 0 (tinfo 0xdb658a80)
11-10 14:33:13.377 13486 13505 I chatty  : uid=10119(com.android.gpstest) RenderThread identical 24 lines
11-10 14:33:13.382 13486 13505 D EGL_emulation: eglMakeCurrent: 0xca1ba280: ver 3 0 (tinfo 0xdb658a80)
11-10 14:33:13.528  1928  2290 I GnssLocationProvider: WakeLock acquired by sendMessage(REPORT_SV_STATUS, 0, com.android.server.location.GnssLocationProvider$SvStatusInfo@1281218)
11-10 14:33:13.529  1928  1941 I GnssLocationProvider: WakeLock released by handleMessage(REPORT_SV_STATUS, 0, com.android.server.location.GnssLocationProvider$SvStatusInfo@1281218)
11-10 14:33:14.537  1928  2290 I GnssLocationProvider: WakeLock acquired by sendMessage(REPORT_SV_STATUS, 0, com.android.server.location.GnssLocationProvider$SvStatusInfo@a233471)
11-10 14:33:14.538  1928  1941 I GnssLocationProvider: WakeLock released by handleMessage(REPORT_SV_STATUS, 0, com.android.server.location.GnssLocationProvider$SvStatusInfo@a233471)
11-10 14:33:15.543  1928  2290 I GnssLocationProvider: WakeLock acquired by sendMessage(REPORT_SV_STATUS, 0, com.android.server.location.GnssLocationProvider$SvStatusInfo@b5df256)
11-10 14:33:15.544  1928  1941 I GnssLocationProvider: WakeLock released by handleMessage(REPORT_SV_STATUS, 0, com.android.server.location.GnssLocationProvider$SvStatusInfo@b5df256)
11-10 14:33:16.553  1928  2290 I GnssLocationProvider: WakeLock acquired by sendMessage(REPORT_SV_STATUS, 0, com.android.server.location.GnssLocationProvider$SvStatusInfo@b5a92d7)
11-10 14:33:16.555  1928  1941 I GnssLocationProvider: WakeLock released by handleMessage(REPORT_SV_STATUS, 0, com.android.server.location.GnssLocationProvider$SvStatusInfo@b5a92d7)
11-10 14:33:17.555  1928  2290 I GnssLocationProvider: WakeLock acquired by sendMessage(REPORT_SV_STATUS, 0, com.android.server.location.GnssLocationProvider$SvStatusInfo@79837c4)
11-10 14:33:17.556  1928  1941 I GnssLocationProvider: WakeLock released by handleMessage(REPORT_SV_STATUS, 0, com.android.server.location.GnssLocationProvider$SvStatusInfo@79837c4)
11-10 14:33:18.193   387   387 I Finsky  : [2] ufj.onStartJob(4): SCH: job service start with id 9735.
11-10 14:33:18.343   387 15322 I Finsky  : [1993] udx.a(67): SCH: Satisfied jobs for 9735 are: 10-26, 10-96, 10-105, 12-1
11-10 14:33:18.428   387 15323 I Finsky  : [1994] ttj.accept(15): SCH: Job 10-26 starting
11-10 14:33:18.444   387 15323 I Finsky  : [1994] ttj.accept(15): SCH: Job 10-96 starting
11-10 14:33:18.449   387 15323 I Finsky  : [1994] ttj.accept(15): SCH: Job 10-105 starting
11-10 14:33:18.463   387 15323 I Finsky  : [1994] ttj.accept(15): SCH: Job 12-1 starting
11-10 14:33:18.475 15588  6598 I NetworkScheduler.Stats: Task com.google.android.gms/com.google.android.gms.auth.folsom.service.FolsomPublicKeyUpdateService started execution. cause:4 exec_start_elapsed_seconds: 174437 [CONTEXT service_id=218 ]
11-10 14:33:18.521 15324 15324 W e.process.gapp: Unexpected CPU variant for X86 using defaults: x86
11-10 14:33:18.525 15324 15324 E e.process.gapp: Not starting debugger since process cannot load the jdwp agent.
11-10 14:33:11.444  1928  1928 V SettingsProvider: Notifying for 0: content://settings/system/accelerometer_rotation
11-10 14:33:18.525  1928  1944 W ActivityManager: Slow operation: 68ms so far, now at startProcess: returned from zygote!
11-10 14:33:18.525  1928  1944 W ActivityManager: Slow operation: 69ms so far, now at startProcess: done updating battery stats
11-10 14:33:18.526  1928  1944 W ActivityManager: Slow operation: 69ms so far, now at startProcess: building log message
11-10 14:33:18.526  1928  1944 I ActivityManager: Start proc 15324:com.google.process.gapps/u0a14 for content provider com.google.android.gsf/.settings.GoogleSettingsProvider
11-10 14:33:18.526  1928  1944 W ActivityManager: Slow operation: 69ms so far, now at startProcess: starting to update pids map
11-10 14:33:18.526  1928  1944 W ActivityManager: Slow operation: 69ms so far, now at startProcess: done updating pids map
11-10 14:33:18.563  1928  2290 I GnssLocationProvider: WakeLock acquired by sendMessage(REPORT_SV_STATUS, 0, com.android.server.location.GnssLocationProvider$SvStatusInfo@a602feb)
11-10 14:33:18.564  1928  1941 I GnssLocationProvider: WakeLock released by handleMessage(REPORT_SV_STATUS, 0, com.android.server.location.GnssLocationProvider$SvStatusInfo@a602feb)
11-10 14:33:18.572 15324 15324 I e.process.gapp: The ClassLoaderContext is a special shared library.
11-10 14:33:18.583 15324 15324 I e.process.gapp: The ClassLoaderContext is a special shared library.
11-10 14:33:18.651 15324 15324 I GoogleHttpClient: GMS http client unavailable, use old client
11-10 14:33:18.706 15588 13446 I NetworkScheduler.Stats: Task com.google.android.gms/com.google.android.gms.auth.folsom.service.FolsomPublicKeyUpdateService finished executing. cause:4 result: 1 elapsed_millis: 455 uptime_millis: 455 exec_start_elapsed_seconds: 174437 [CONTEXT service_id=218 ]
11-10 14:33:18.825   387   387 I Finsky  : [2] udu.r(4): SCH: jobFinished: 10-26. TimeElapsed: 396ms.
11-10 14:33:18.833   387   387 I Finsky  : [2] InstallerV2HygieneJob.a(1): IV2HygieneJob: Performing hygiene cleanup for InstallerV2
11-10 14:33:18.881   387   416 I Finsky  : [1836] mak.s(2): AV::VS: 0 stale entries pruned with 0 active entries remaining
11-10 14:33:18.881   387   414 I Finsky  : [1834] mak.s(2): Submitter::VS: 0 stale entries pruned with 0 active entries remaining
11-10 14:33:18.901   387   387 I Finsky  : [2] udu.r(4): SCH: jobFinished: 10-105. TimeElapsed: 68ms.
11-10 14:33:18.913   387   387 I Finsky  : [2] ContentSyncJob.v(3): [ContentSync] job started
11-10 14:33:18.978   387   424 I Finsky  : [1844] udu.r(4): SCH: jobFinished: 10-96. TimeElapsed: 148ms.
11-10 14:33:19.133 15588  6598 I NetworkScheduler.Stats: Task com.google.android.gms/com.google.android.gms.checkin.EventLogService started execution. cause:5 exec_start_elapsed_seconds: 174438 [CONTEXT service_id=218 ]
11-10 14:33:19.152  6353 13426 I Checkin : [EventLogChimeraService] Opted in for usage reporting: false
11-10 14:33:19.152  6353 13426 I Checkin : [EventLogChimeraService] Aggregate from 1668099953887 (log), 1668099953887 (data)
11-10 14:33:19.416 15588 13446 I NetworkScheduler.Stats: Task com.google.android.gms/com.google.android.gms.gass.chimera.SchedulePeriodicTasksService started execution. cause:5 exec_start_elapsed_seconds: 174438 [CONTEXT service_id=218 ]
11-10 14:33:19.455   387   396 W System  : A resource failed to call close. 
11-10 14:33:19.464 15588  6598 I NetworkScheduler.Stats: Task com.google.android.gms/com.google.android.gms.gass.chimera.SchedulePeriodicTasksService finished executing. cause:5 result: 1 elapsed_millis: 198 uptime_millis: 198 exec_start_elapsed_seconds: 174438 [CONTEXT service_id=218 ]
11-10 14:33:19.565  1928  2290 I GnssLocationProvider: WakeLock acquired by sendMessage(REPORT_SV_STATUS, 0, com.android.server.location.GnssLocationProvider$SvStatusInfo@66af542)
11-10 14:33:19.574  1928  1941 I GnssLocationProvider: WakeLock released by handleMessage(REPORT_SV_STATUS, 0, com.android.server.location.GnssLocationProvider$SvStatusInfo@66af542)
11-10 14:33:19.592 15351 15351 W id.gms.unstabl: Unexpected CPU variant for X86 using defaults: x86
11-10 14:33:19.593  1928  1944 I ActivityManager: Start proc 15351:com.google.android.gms.unstable/u0a14 for service com.google.android.gms/.droidguard.DroidGuardService
11-10 14:33:19.597 15351 15351 E id.gms.unstabl: Not starting debugger since process cannot load the jdwp agent.
11-10 14:33:19.641 15351 15351 I id.gms.unstabl: The ClassLoaderContext is a special shared library.
11-10 14:33:19.649 15351 15351 I chatty  : uid=10014 com.google.android.gms.unstable identical 1 line
11-10 14:33:19.652 15351 15351 I id.gms.unstabl: The ClassLoaderContext is a special shared library.
11-10 14:33:19.677 15351 15351 W id.gms.unstabl: JIT profile information will not be recorded: profile file does not exits.
11-10 14:33:19.902  1928  1942 W BroadcastQueue: Background execution not allowed: receiving Intent { act=android.intent.action.DROPBOX_ENTRY_ADDED flg=0x10 (has extras) } to com.google.android.gms/.stats.service.DropBoxEntryAddedReceiver
11-10 14:33:19.902  1928  1942 W BroadcastQueue: Background execution not allowed: receiving Intent { act=android.intent.action.DROPBOX_ENTRY_ADDED flg=0x10 (has extras) } to com.google.android.gms/.chimera.GmsIntentOperationService$PersistentTrustedReceiver
11-10 14:33:19.677 15351 15351 W id.gms.unstabl: JIT profile information will not be recorded: profile file does not exits.
11-10 14:33:20.028 15588 13446 I NetworkScheduler.Stats: Task com.google.android.gms/com.google.android.gms.checkin.EventLogService finished executing. cause:5 result: 1 elapsed_millis: 1129 uptime_millis: 1129 exec_start_elapsed_seconds: 174438 [CONTEXT service_id=218 ]
11-10 14:33:20.062 15351 15351 W ProviderHelper: Unknown dynamite feature providerinstaller.dynamite
11-10 14:33:20.065 15351 15351 I DynamiteModule: Considering local module com.google.android.gms.providerinstaller.dynamite:1 and remote module com.google.android.gms.providerinstaller.dynamite:0
11-10 14:33:20.066 15351 15351 I DynamiteModule: Selected local version of com.google.android.gms.providerinstaller.dynamite
11-10 14:33:20.066   387   414 I Finsky  : [1834] gpu.i(1): Completed 0 account content syncs with 0 successful.
11-10 14:33:20.067   387   387 I Finsky  : [2] ContentSyncJob.a(1): [ContentSync] Installation state replication succeeded.
11-10 14:33:20.067   387   387 I Finsky  : [2] udu.r(4): SCH: jobFinished: 12-1. TimeElapsed: 1160ms.
11-10 14:33:20.120 15351 15351 V NativeCrypto: Registering com/google/android/gms/org/conscrypt/NativeCrypto's 295 native methods...
11-10 14:33:20.132   387   424 I Finsky  : [1844] txg.accept(62): SCH: Scheduling phonesky job Id: 1-1337, CT: 1668096579392, Constraints: [{ L: 30106865, D: 73306865, C: 1, I: 1, N: 1 }]
11-10 14:33:20.143   387   423 I Finsky  : [1843] udr.apply(97): SCH: Scheduling 1 system job(s)
11-10 14:33:20.144   387   423 I Finsky  : [1843] udp.d(4): SCH: Scheduling system job Id: 9936, L: 17886114, D: 61086114, C: false, I: false, N: 1
11-10 14:33:20.164   387 15323 I Finsky  : [1994] ufj.a(16): SCH: job service finished with id 9735.
11-10 14:33:20.207 15351 15351 D NetworkSecurityConfig: Using Network Security Config from resource network_security_config debugBuild: false
11-10 14:33:20.219 15351 15351 I ProviderInstaller: Installed default security provider GmsCore_OpenSSL
11-10 14:33:20.308 15351 15383 I Watchcat: Started
11-10 14:33:20.312 15351 15351 I cbgn    : Primes not initialized, returning default (no-op) Primes instance which will ignore all calls. Please call Primes.initialize(...) before using any Primes API.
11-10 14:33:20.312 15351 15382 I GMS_MM_Logger: Started.
11-10 14:33:20.539  1928  1946 E BatteryExternalStatsWorker: no controller energy info supplied for wifi
11-10 14:33:20.573  1928  2290 I GnssLocationProvider: WakeLock acquired by sendMessage(REPORT_SV_STATUS, 0, com.android.server.location.GnssLocationProvider$SvStatusInfo@af868f0)
11-10 14:33:20.577  1928  1941 I GnssLocationProvider: WakeLock released by handleMessage(REPORT_SV_STATUS, 0, com.android.server.location.GnssLocationProvider$SvStatusInfo@af868f0)
11-10 14:33:20.818 15351 15363 I id.gms.unstabl: The ClassLoaderContext is a special shared library.
11-10 14:33:20.963 15351 15363 W SystemServiceRegistry: No service published for: persistent_data_block
11-10 14:33:20.946 15351 15351 W Binder:15351_2: type=1400 audit(0.0:261): avc: denied { search } for name="run" dev="dm-1" ino=163846 scontext=u:r:priv_app:s0:c512,c768 tcontext=u:object_r:varrun_file:s0 tclass=dir permissive=0
11-10 14:33:21.150 15351 15363 D HostConnection: HostConnection::get() New Host Connection established 0xdb621bc0, tid 15363
11-10 14:33:21.160 15351 15363 D HostConnection: HostComposition ext ANDROID_EMU_CHECKSUM_HELPER_v1 ANDROID_EMU_native_sync_v2 ANDROID_EMU_native_sync_v3 ANDROID_EMU_native_sync_v4 ANDROID_EMU_dma_v1 ANDROID_EMU_YUV420_888_to_NV21 ANDROID_EMU_YUV_Cache ANDROID_EMU_async_unmap_buffer GL_OES_EGL_image_external_essl3 GL_OES_vertex_array_object GL_KHR_texture_compression_astc_ldr ANDROID_EMU_host_side_tracing ANDROID_EMU_gles_max_version_3_0 
11-10 14:33:21.165 15351 15363 I ConfigStore: android::hardware::configstore::V1_0::ISurfaceFlingerConfigs::hasWideColorDisplay retrieved: 0
11-10 14:33:21.165 15351 15363 I ConfigStore: android::hardware::configstore::V1_0::ISurfaceFlingerConfigs::hasHDRDisplay retrieved: 0
11-10 14:33:21.166 15351 15363 D eglCodecCommon: setVertexArrayObject: set vao to 0 (0) 0 0
11-10 14:33:21.166 15351 15363 D EGL_emulation: eglCreateContext: 0xc5262120: maj 3 min 0 rcv 3
11-10 14:33:21.172 15351 15363 D EGL_emulation: eglMakeCurrent: 0xc5262120: ver 3 0 (tinfo 0xe32e5cc0)
11-10 14:33:21.209 15351 15363 I ConfigStore: android::hardware::configstore::V1_0::ISurfaceFlingerConfigs::hasWideColorDisplay retrieved: 0
11-10 14:33:21.210 15351 15363 I ConfigStore: android::hardware::configstore::V1_0::ISurfaceFlingerConfigs::hasHDRDisplay retrieved: 0
11-10 14:33:21.210 15351 15363 D eglCodecCommon: setVertexArrayObject: set vao to 0 (0) 0 0
11-10 14:33:21.210 15351 15363 D EGL_emulation: eglCreateContext: 0xc52622a0: maj 3 min 0 rcv 3
11-10 14:33:21.211 15351 15363 D EGL_emulation: eglMakeCurrent: 0xc52622a0: ver 3 0 (tinfo 0xe32e5cc0)
11-10 14:33:21.306  6353 13426 W ProviderHelper: Unknown dynamite feature providerinstaller.dynamite
11-10 14:33:21.307  6353 13426 I DynamiteModule: Considering local module com.google.android.gms.providerinstaller.dynamite:1 and remote module com.google.android.gms.providerinstaller.dynamite:0
11-10 14:33:21.307  6353 13426 I DynamiteModule: Selected local version of com.google.android.gms.providerinstaller.dynamite
11-10 14:33:21.314  6353 13426 W Conscrypt: Could not set socket write timeout: java.net.SocketException: Socket closed
11-10 14:33:21.322  6353 13426 W Conscrypt: 	at com.google.android.gms.org.conscrypt.Platform.setSocketWriteTimeout(:com.google.android.gms@224312031@22.43.12 (100700-483592595):2)
11-10 14:33:21.322  6353 13426 W Conscrypt: 	at com.google.android.gms.org.conscrypt.ConscryptFileDescriptorSocket.setSoWriteTimeout(:com.google.android.gms@224312031@22.43.12 (100700-483592595):0)
11-10 14:33:21.344  6353 13426 W Conscrypt: Could not set socket write timeout: java.net.SocketException: Socket closed
11-10 14:33:21.345  6353 13426 W Conscrypt: 	at com.google.android.gms.org.conscrypt.Platform.setSocketWriteTimeout(:com.google.android.gms@224312031@22.43.12 (100700-483592595):2)
11-10 14:33:21.345  6353 13426 W Conscrypt: 	at com.google.android.gms.org.conscrypt.ConscryptFileDescriptorSocket.setSoWriteTimeout(:com.google.android.gms@224312031@22.43.12 (100700-483592595):0)
11-10 14:33:21.582  1928  2290 I GnssLocationProvider: WakeLock acquired by sendMessage(REPORT_SV_STATUS, 0, com.android.server.location.GnssLocationProvider$SvStatusInfo@293241c)
11-10 14:33:21.583  1928  1941 I GnssLocationProvider: WakeLock released by handleMessage(REPORT_SV_STATUS, 0, com.android.server.location.GnssLocationProvider$SvStatusInfo@293241c)
11-10 14:33:21.614  1928  5245 D WificondControl: Scan result ready event
11-10 14:33:21.636 15588 15821 I ChimeraSrvcProxy: NullBinder for android.net.action.RECOMMEND_NETWORKS triggering remote TransactionTooLargeException due to Service without Chimera impl
11-10 14:33:22.582  1928  2290 I GnssLocationProvider: WakeLock acquired by sendMessage(REPORT_SV_STATUS, 0, com.android.server.location.GnssLocationProvider$SvStatusInfo@67e11a1)
11-10 14:33:22.583  1928  1941 I GnssLocationProvider: WakeLock released by handleMessage(REPORT_SV_STATUS, 0, com.android.server.location.GnssLocationProvider$SvStatusInfo@67e11a1)
11-10 14:33:23.510  1782  1836 E storaged: getDiskStats failed with result NOT_SUPPORTED and size 0
11-10 14:33:23.586  1928  2290 I GnssLocationProvider: WakeLock acquired by sendMessage(REPORT_SV_STATUS, 0, com.android.server.location.GnssLocationProvider$SvStatusInfo@92bfc6)
11-10 14:33:23.587  1928  1941 I GnssLocationProvider: WakeLock released by handleMessage(REPORT_SV_STATUS, 0, com.android.server.location.GnssLocationProvider$SvStatusInfo@92bfc6)
11-10 14:33:24.587  1928  2290 I GnssLocationProvider: WakeLock acquired by sendMessage(REPORT_SV_STATUS, 0, com.android.server.location.GnssLocationProvider$SvStatusInfo@e0e2b87)
11-10 14:33:24.588  1928  1941 I GnssLocationProvider: WakeLock released by handleMessage(REPORT_SV_STATUS, 0, com.android.server.location.GnssLocationProvider$SvStatusInfo@e0e2b87)
11-10 14:33:25.589  1928  2290 I GnssLocationProvider: WakeLock acquired by sendMessage(REPORT_SV_STATUS, 0, com.android.server.location.GnssLocationProvider$SvStatusInfo@eb5dab4)
11-10 14:33:25.590  1928  1941 I GnssLocationProvider: WakeLock released by handleMessage(REPORT_SV_STATUS, 0, com.android.server.location.GnssLocationProvider$SvStatusInfo@eb5dab4)
11-10 14:33:26.629  1928  2290 I GnssLocationProvider: WakeLock acquired by sendMessage(REPORT_SV_STATUS, 0, com.android.server.location.GnssLocationProvider$SvStatusInfo@417f923)
11-10 14:33:26.630  1928  1941 I GnssLocationProvider: WakeLock released by handleMessage(REPORT_SV_STATUS, 0, com.android.server.location.GnssLocationProvider$SvStatusInfo@417f923)
11-10 14:33:26.722  1928  1937 I system_server: Background concurrent copying GC freed 164244(5MB) AllocSpace objects, 12(256KB) LOS objects, 18% free, 26MB/32MB, paused 1.507ms total 164.605ms
11-10 14:33:26.834 15405 15405 D AndroidRuntime: >>>>>> START com.android.internal.os.RuntimeInit uid 2000 <<<<<<
11-10 14:33:27.074 15405 15405 W app_process: Unexpected CPU variant for X86 using defaults: x86
11-10 14:33:27.083 15405 15405 I app_process: The ClassLoaderContext is a special shared library.
11-10 14:33:27.086 15405 15405 I app_process: The ClassLoaderContext is a special shared library.
11-10 14:33:27.097 15405 15405 W app_process: CheckJNI: method to register "write" not in the given class. This is slow, consider changing your RegisterNatives calls.
11-10 14:33:27.100 15405 15405 I chatty  : uid=2000(shell) main identical 42 lines
11-10 14:33:27.100 15405 15405 W app_process: CheckJNI: method to register "write" not in the given class. This is slow, consider changing your RegisterNatives calls.
11-10 14:33:27.100 15405 15405 W app_process: CheckJNI: method to register "write_non_chained" not in the given class. This is slow, consider changing your RegisterNatives calls.
11-10 14:33:27.100 15405 15405 I chatty  : uid=2000(shell) main identical 7 lines
11-10 14:33:27.101 15405 15405 W app_process: CheckJNI: method to register "write_non_chained" not in the given class. This is slow, consider changing your RegisterNatives calls.
11-10 14:33:27.184 15405 15405 D AndroidRuntime: Calling main entry com.android.commands.uiautomator.Launcher
11-10 14:33:27.209  1928  1928 V SettingsProvider: Notifying for 0: content://settings/secure/accessibility_enabled
11-10 14:33:27.315  6288  6362 I A       : NGA disabled due to not being eligible.
11-10 14:33:27.606  1928  2290 I GnssLocationProvider: WakeLock acquired by sendMessage(REPORT_SV_STATUS, 0, com.android.server.location.GnssLocationProvider$SvStatusInfo@d04019e)
11-10 14:33:27.607  1928  1941 I GnssLocationProvider: WakeLock released by handleMessage(REPORT_SV_STATUS, 0, com.android.server.location.GnssLocationProvider$SvStatusInfo@d04019e)
11-10 14:33:28.258 15405 15405 W AccessibilityNodeInfoDumper: Fetch time: 7ms
11-10 14:33:28.261  1928  5245 W WindowManager: removeWindowToken: Attempted to remove non-existing token: android.os.Binder@2fee20
11-10 14:33:28.262  1928  1928 V SettingsProvider: Notifying for 0: content://settings/secure/accessibility_enabled
11-10 14:33:28.267  6288  6351 I A       : NGA disabled due to not being eligible.
11-10 14:33:28.287 15405 15405 D AndroidRuntime: Shutting down VM
11-10 14:33:28.505 15418 15418 D AndroidRuntime: >>>>>> START com.android.internal.os.RuntimeInit uid 2000 <<<<<<
11-10 14:33:28.594 15418 15418 W app_process: Unexpected CPU variant for X86 using defaults: x86
11-10 14:33:28.599 15418 15418 I app_process: The ClassLoaderContext is a special shared library.
11-10 14:33:28.608 15418 15418 W app_process: CheckJNI: method to register "write" not in the given class. This is slow, consider changing your RegisterNatives calls.
11-10 14:33:28.610 15418 15418 I chatty  : uid=2000(shell) main identical 42 lines
11-10 14:33:28.610 15418 15418 W app_process: CheckJNI: method to register "write" not in the given class. This is slow, consider changing your RegisterNatives calls.
11-10 14:33:28.610 15418 15418 W app_process: CheckJNI: method to register "write_non_chained" not in the given class. This is slow, consider changing your RegisterNatives calls.
11-10 14:33:28.611 15418 15418 I chatty  : uid=2000(shell) main identical 7 lines
11-10 14:33:28.611 15418 15418 W app_process: CheckJNI: method to register "write_non_chained" not in the given class. This is slow, consider changing your RegisterNatives calls.
11-10 14:33:28.615  1928  2290 I GnssLocationProvider: WakeLock acquired by sendMessage(REPORT_SV_STATUS, 0, com.android.server.location.GnssLocationProvider$SvStatusInfo@575cc4c)
11-10 14:33:28.617  1928  1941 I GnssLocationProvider: WakeLock released by handleMessage(REPORT_SV_STATUS, 0, com.android.server.location.GnssLocationProvider$SvStatusInfo@575cc4c)
11-10 14:33:28.646 15418 15418 D AndroidRuntime: Calling main entry com.android.commands.input.Input
11-10 14:33:28.650 15418 15418 I Input   : injectMotionEvent: MotionEvent { action=ACTION_DOWN, actionButton=0, id[0]=0, x[0]=783.0, y[0]=1049.0, toolType[0]=TOOL_TYPE_UNKNOWN, buttonState=0, metaState=0, flags=0x0, edgeFlags=0x0, pointerCount=1, historySize=0, eventTime=174448256, downTime=174448256, deviceId=0, source=0x1002 }
11-10 14:33:28.655 15418 15418 I Input   : injectMotionEvent: MotionEvent { action=ACTION_UP, actionButton=0, id[0]=0, x[0]=783.0, y[0]=1049.0, toolType[0]=TOOL_TYPE_UNKNOWN, buttonState=0, metaState=0, flags=0x0, edgeFlags=0x0, pointerCount=1, historySize=0, eventTime=174448256, downTime=174448256, deviceId=0, source=0x1002 }
11-10 14:33:28.660 15418 15418 D AndroidRuntime: Shutting down VM
11-10 14:33:28.680 13486 13505 D EGL_emulation: eglMakeCurrent: 0xca1ba280: ver 3 0 (tinfo 0xdb658a80)
11-10 14:33:28.698 13486 13505 I chatty  : uid=10119(com.android.gpstest) RenderThread identical 2 lines
11-10 14:33:28.700 13486 13505 D EGL_emulation: eglMakeCurrent: 0xca1ba280: ver 3 0 (tinfo 0xdb658a80)
11-10 14:33:28.701  1637  4834 W audio_hw_generic: Not supplying enough data to HAL, expected position 104028705 , only wrote 104028480
11-10 14:33:28.702 13486 13505 D OpenGLRenderer: endAllActiveAnimators on 0xc93df200 (MaterialButtonBackgroundDrawable) with handle 0xca2fffb0
11-10 14:33:28.757  1637  4834 W audio_hw_generic: Not supplying enough data to HAL, expected position 104031182 , only wrote 104030640
11-10 14:33:28.761 13486 13505 D EGL_emulation: eglMakeCurrent: 0xca1ba280: ver 3 0 (tinfo 0xdb658a80)
11-10 14:33:28.802  1659  1709 D AudioFlinger: mixer(0xf07836c0) throttle end: throttle time(12)
11-10 14:33:28.896  1647  1693 D gralloc_ranchu: gralloc_alloc: Creating ashmem region of size 8298496
11-10 14:33:28.907  1647  1841 D gralloc_ranchu: gralloc_alloc: Creating ashmem region of size 8298496
11-10 14:33:28.917  1647  1841 D gralloc_ranchu: gralloc_alloc: Creating ashmem region of size 8298496
11-10 14:33:28.933  6416  8569 D EGL_emulation: eglMakeCurrent: 0xdd086440: ver 3 0 (tinfo 0xdd083650)
11-10 14:33:28.956  1647  1841 D gralloc_ranchu: gralloc_alloc: Creating ashmem region of size 8298496
11-10 14:33:28.987  1769  1801 W SurfaceFlinger: Attempting to set client state on removed layer: com.android.gpstest/com.android.gpstest.GpsTestActivity#1
11-10 14:33:28.987  1769  1801 W SurfaceFlinger: Attempting to destroy on removed layer: com.android.gpstest/com.android.gpstest.GpsTestActivity#1
11-10 14:33:28.990  1769  1809 W SurfaceFlinger: Attempting to set client state on removed layer: Dim Layer for - Task=116#1
11-10 14:33:28.990  1769  1809 W SurfaceFlinger: Attempting to destroy on removed layer: Dim Layer for - Task=116#1
11-10 14:33:29.006 14769 14769 I GoogleInputMethod: onFinishInput() : Dummy InputConnection bound
11-10 14:33:29.014  2156  2365 D EGL_emulation: eglMakeCurrent: 0xdaf4bd80: ver 3 0 (tinfo 0xdaf4f4a0)
11-10 14:33:29.026 14769 14769 I GoogleInputMethod: onStartInput() : Dummy InputConnection bound
11-10 14:33:29.046  2156  2175 I ndroid.systemu: NativeAlloc concurrent copying GC freed 3428(233KB) AllocSpace objects, 0(0B) LOS objects, 50% free, 5MB/10MB, paused 10.799ms total 56.277ms
11-10 14:33:29.575  2156  2365 D EGL_emulation: eglMakeCurrent: 0xdaf4bd80: ver 3 0 (tinfo 0xdaf4f4a0)
11-10 14:33:29.576 13486 13505 D EGL_emulation: eglMakeCurrent: 0xca1ba280: ver 3 0 (tinfo 0xdb658a80)
11-10 14:33:29.582  1928  7037 D eglCodecCommon: setVertexArrayObject: set vao to 0 (0) 4 3
11-10 14:33:29.587  2156  2365 D EGL_emulation: eglMakeCurrent: 0xdaf4bd80: ver 3 0 (tinfo 0xdaf4f4a0)
11-10 14:33:29.625  1769  2048 W SurfaceFlinger: Attempting to destroy on removed layer: AppWindowToken{de87e33 token=Token{1e541a2 ActivityRecord{93c416d u0 com.android.gpstest/.GpsTestActivity t116}}}#0
11-10 14:33:29.637  1928  2290 I GnssLocationProvider: WakeLock acquired by sendMessage(REPORT_SV_STATUS, 0, com.android.server.location.GnssLocationProvider$SvStatusInfo@7b4a6fe)
11-10 14:33:29.643  1928  1941 I GnssLocationProvider: WakeLock released by handleMessage(REPORT_SV_STATUS, 0, com.android.server.location.GnssLocationProvider$SvStatusInfo@7b4a6fe)
11-10 14:33:29.714  1928  1937 I system_server: NativeAlloc concurrent copying GC freed 89254(3MB) AllocSpace objects, 5(100KB) LOS objects, 18% free, 25MB/31MB, paused 7.420ms total 132.272ms
11-10 14:33:30.633  1928  2290 I GnssLocationProvider: WakeLock acquired by sendMessage(REPORT_SV_STATUS, 0, com.android.server.location.GnssLocationProvider$SvStatusInfo@940ae5f)
11-10 14:33:30.634  1928  1941 I GnssLocationProvider: WakeLock released by handleMessage(REPORT_SV_STATUS, 0, com.android.server.location.GnssLocationProvider$SvStatusInfo@940ae5f)
11-10 14:33:31.639  1928  2290 I GnssLocationProvider: WakeLock acquired by sendMessage(REPORT_SV_STATUS, 0, com.android.server.location.GnssLocationProvider$SvStatusInfo@22560ac)
11-10 14:33:31.640  1928  1941 I GnssLocationProvider: WakeLock released by handleMessage(REPORT_SV_STATUS, 0, com.android.server.location.GnssLocationProvider$SvStatusInfo@22560ac)
11-10 14:33:31.969  1637  1698 W audio_hw_generic: Not supplying enough data to HAL, expected position 104337194 , only wrote 104184720
11-10 14:33:32.647  1928  2290 I GnssLocationProvider: WakeLock acquired by sendMessage(REPORT_SV_STATUS, 0, com.android.server.location.GnssLocationProvider$SvStatusInfo@e66c175)
11-10 14:33:32.648  1928  1941 I GnssLocationProvider: WakeLock released by handleMessage(REPORT_SV_STATUS, 0, com.android.server.location.GnssLocationProvider$SvStatusInfo@e66c175)
11-10 14:33:33.656  1928  2290 I GnssLocationProvider: WakeLock acquired by sendMessage(REPORT_SV_STATUS, 0, com.android.server.location.GnssLocationProvider$SvStatusInfo@630350a)
11-10 14:33:33.657  1928  1941 I GnssLocationProvider: WakeLock released by handleMessage(REPORT_SV_STATUS, 0, com.android.server.location.GnssLocationProvider$SvStatusInfo@630350a)
11-10 14:33:33.684 14769 14769 I EmojiSuperpacksFeature: Emoji superpacks enabled
11-10 14:33:33.685 14769 14769 I Conv2QueryExtension: isEnabled() : true
11-10 14:33:33.687 14769 14769 I FeatureCardGenerator: Make a GIF card not added
11-10 14:33:33.697 14769 14769 I FeatureCardGenerator: Autospace card not added
11-10 14:33:33.920 15452 15452 D AndroidRuntime: >>>>>> START com.android.internal.os.RuntimeInit uid 2000 <<<<<<
11-10 14:33:33.989 15452 15452 W app_process: Unexpected CPU variant for X86 using defaults: x86
11-10 14:33:33.996 15452 15452 I app_process: The ClassLoaderContext is a special shared library.
11-10 14:33:34.004 15452 15452 W app_process: CheckJNI: method to register "write" not in the given class. This is slow, consider changing your RegisterNatives calls.
11-10 14:33:34.006 15452 15452 I chatty  : uid=2000(shell) main identical 42 lines
11-10 14:33:34.007 15452 15452 W app_process: CheckJNI: method to register "write" not in the given class. This is slow, consider changing your RegisterNatives calls.
11-10 14:33:34.007 15452 15452 W app_process: CheckJNI: method to register "write_non_chained" not in the given class. This is slow, consider changing your RegisterNatives calls.
11-10 14:33:34.007 15452 15452 I chatty  : uid=2000(shell) main identical 7 lines
11-10 14:33:34.007 15452 15452 W app_process: CheckJNI: method to register "write_non_chained" not in the given class. This is slow, consider changing your RegisterNatives calls.
11-10 14:33:34.026 15452 15452 D AndroidRuntime: Calling main entry com.android.commands.monkey.Monkey
11-10 14:33:34.030 15452 15452 W Monkey  : args: [-p, com.android.gpstest, -c, android.intent.category.LAUNCHER, 1]
11-10 14:33:34.032 15452 15452 W Monkey  :  arg: "-p"
11-10 14:33:34.032 15452 15452 W Monkey  :  arg: "com.android.gpstest"
11-10 14:33:34.032 15452 15452 W Monkey  :  arg: "-c"
11-10 14:33:34.033 15452 15452 W Monkey  :  arg: "android.intent.category.LAUNCHER"
11-10 14:33:34.033 15452 15452 W Monkey  :  arg: "1"
11-10 14:33:34.033 15452 15452 W Monkey  : data="com.android.gpstest"
11-10 14:33:34.033 15452 15452 W Monkey  : data="android.intent.category.LAUNCHER"
11-10 14:33:34.130  1928  1942 W BroadcastQueue: Skipping deliver [background] BroadcastRecord{3eefff1 u-1 android.net.conn.CONNECTIVITY_CHANGE} to ReceiverList{42497d6 15452 (unknown name)/2000/u-1 remote:26bd17b}: process gone or crashing
11-10 14:33:34.151  1928  1939 I ActivityManager: START u0 {act=android.intent.action.MAIN cat=[android.intent.category.LAUNCHER] flg=0x10200000 cmp=com.android.gpstest/.GpsTestActivity} from uid 2000
11-10 14:33:34.157  1928  1939 W Binder  : Outgoing transactions from this process must be FLAG_ONEWAY
11-10 14:33:34.157  1928  1939 W Binder  : java.lang.Throwable
11-10 14:33:34.157  1928  1939 W Binder  : 	at android.os.BinderProxy.transact(Binder.java:1114)
11-10 14:33:34.157  1928  1939 W Binder  : 	at android.app.IActivityController$Stub$Proxy.activityStarting(IActivityController.java:176)
11-10 14:33:34.157  1928  1939 W Binder  : 	at com.android.server.am.ActivityStarter.startActivity(ActivityStarter.java:737)
11-10 14:33:34.157  1928  1939 W Binder  : 	at com.android.server.am.ActivityStarter.startActivity(ActivityStarter.java:544)
11-10 14:33:34.157  1928  1939 W Binder  : 	at com.android.server.am.ActivityStarter.startActivityMayWait(ActivityStarter.java:1099)
11-10 14:33:34.157  1928  1939 W Binder  : 	at com.android.server.am.ActivityStarter.execute(ActivityStarter.java:486)
11-10 14:33:34.157  1928  1939 W Binder  : 	at com.android.server.am.ActivityManagerService.startActivityAsUser(ActivityManagerService.java:5120)
11-10 14:33:34.157  1928  1939 W Binder  : 	at com.android.server.am.ActivityManagerService.startActivityAsUser(ActivityManagerService.java:5094)
11-10 14:33:34.157  1928  1939 W Binder  : 	at com.android.server.am.ActivityManagerService.startActivity(ActivityManagerService.java:5085)
11-10 14:33:34.157  1928  1939 W Binder  : 	at android.app.IActivityManager$Stub.onTransact$startActivity$(IActivityManager.java:10084)
11-10 14:33:34.157  1928  1939 W Binder  : 	at android.app.IActivityManager$Stub.onTransact(IActivityManager.java:122)
11-10 14:33:34.157  1928  1939 W Binder  : 	at com.android.server.am.ActivityManagerService.onTransact(ActivityManagerService.java:3291)
11-10 14:33:34.157  1928  1939 W Binder  : 	at android.os.Binder.execTransact(Binder.java:731)
11-10 14:33:34.172  1792  1814 D hwcomposer: hw_composer sent 72 syncs in 73s
11-10 14:33:34.173 15452 15452 I Monkey  : Events injected: 1
11-10 14:33:34.178  1928  1928 V SettingsProvider: Notifying for 0: content://settings/system/accelerometer_rotation
11-10 14:33:34.183 15452 15452 I Monkey  : ## Network stats: elapsed time=31ms (0ms mobile, 0ms wifi, 31ms not connected)
11-10 14:33:34.184 15452 15452 I app_process: System.exit called, status: 0
11-10 14:33:34.184 15452 15452 I AndroidRuntime: VM exiting with result code 0.
11-10 14:33:34.203 13486 13486 W ActivityThread: handleWindowVisibility: no activity for token android.os.BinderProxy@79c8df9
11-10 14:33:34.227  1647  1841 D gralloc_ranchu: gralloc_alloc: Creating ashmem region of size 8298496
11-10 14:33:34.280  1647  1841 I chatty  : uid=1000(system) HwBinder:1647_2 identical 1 line
11-10 14:33:34.298  1647  1841 D gralloc_ranchu: gralloc_alloc: Creating ashmem region of size 8298496
11-10 14:33:34.304  2156  2365 D EGL_emulation: eglMakeCurrent: 0xdaf4bd80: ver 3 0 (tinfo 0xdaf4f4a0)
11-10 14:33:34.311  2156  2365 D EGL_emulation: eglMakeCurrent: 0xdaf4bd80: ver 3 0 (tinfo 0xdaf4f4a0)
11-10 14:33:34.336  3205  3238 I s.nexuslaunche: NativeAlloc concurrent copying GC freed 105(50KB) AllocSpace objects, 0(0B) LOS objects, 39% free, 9MB/15MB, paused 14.457ms total 36.854ms
11-10 14:33:34.353 13486 13486 D NavDrawerFragment: Using position from preferences = 0
11-10 14:33:34.353 13486 13486 D GpsTestActivity: Creating new GpsStatusFragment
11-10 14:33:34.179  1928  1928 V SettingsProvider: Notifying for 0: content://settings/system/accelerometer_rotation
11-10 14:33:34.407  1928  1939 I ActivityManager: START u0 {act=android.content.pm.action.REQUEST_PERMISSIONS pkg=com.google.android.packageinstaller cmp=com.google.android.packageinstaller/com.android.packageinstaller.permission.ui.GrantPermissionsActivity (has extras)} from uid 10119
11-10 14:33:34.443 11649 11649 W ActivityThread: handleWindowVisibility: no activity for token android.os.BinderProxy@6579414
11-10 14:33:34.494  1647  1841 D gralloc_ranchu: gralloc_alloc: Creating ashmem region of size 8298496
11-10 14:33:34.499  1647  1693 D gralloc_ranchu: gralloc_alloc: Creating ashmem region of size 8298496
11-10 14:33:34.506  1647  1841 D gralloc_ranchu: gralloc_alloc: Creating ashmem region of size 8298496
11-10 14:33:34.575  1647  1841 D gralloc_ranchu: gralloc_alloc: Creating ashmem region of size 7659520
11-10 14:33:34.581  1647  1693 D gralloc_ranchu: gralloc_alloc: Creating ashmem region of size 7659520
11-10 14:33:34.586  1647  1647 D gralloc_ranchu: gralloc_alloc: Creating ashmem region of size 7659520
11-10 14:33:34.607 11649 11667 D EGL_emulation: eglMakeCurrent: 0xda42a1a0: ver 3 0 (tinfo 0xe32e5930)
11-10 14:33:34.610 14769 14769 I GoogleInputMethod: onFinishInput() : Dummy InputConnection bound
11-10 14:33:34.610 14769 14769 I GoogleInputMethod: onStartInput() : Dummy InputConnection bound
11-10 14:33:34.637  1928  1950 I ActivityManager: Displayed com.google.android.packageinstaller/com.android.packageinstaller.permission.ui.GrantPermissionsActivity: +179ms (total +419ms)
11-10 14:33:34.644 13486 13505 D EGL_emulation: eglMakeCurrent: 0xca1ba280: ver 3 0 (tinfo 0xdb658a80)
11-10 14:33:34.657 11649 11667 D EGL_emulation: eglMakeCurrent: 0xda42a1a0: ver 3 0 (tinfo 0xe32e5930)
11-10 14:33:34.660  1647  1647 D gralloc_ranchu: gralloc_alloc: Creating ashmem region of size 7655424
11-10 14:33:34.667  1928  2290 I GnssLocationProvider: WakeLock acquired by sendMessage(REPORT_SV_STATUS, 0, com.android.server.location.GnssLocationProvider$SvStatusInfo@875a3d4)
11-10 14:33:34.672  1928  1941 I GnssLocationProvider: WakeLock released by handleMessage(REPORT_SV_STATUS, 0, com.android.server.location.GnssLocationProvider$SvStatusInfo@875a3d4)
11-10 14:33:34.673 11649 11667 D EGL_emulation: eglMakeCurrent: 0xda42a1a0: ver 3 0 (tinfo 0xe32e5930)
11-10 14:33:34.679  1647  1647 D gralloc_ranchu: gralloc_alloc: Creating ashmem region of size 7655424
11-10 14:33:34.805  6416  8569 D EGL_emulation: eglMakeCurrent: 0xdd086440: ver 3 0 (tinfo 0xdd083650)
11-10 14:33:34.864  1769  1896 W SurfaceFlinger: Attempting to set client state on removed layer: Splash Screen com.android.gpstest#0
11-10 14:33:34.864  1769  1896 W SurfaceFlinger: Attempting to destroy on removed layer: Splash Screen com.android.gpstest#0
11-10 14:33:34.876  1769  1809 W SurfaceFlinger: Attempting to set client state on removed layer: com.android.chrome/org.chromium.chrome.browser.firstrun.FirstRunActivity#0
