07-01 12:35:21.063  1930  1943 I GnssLocationProvider: WakeLock released by handleMessage(REPORT_SV_STATUS, 0, com.android.server.location.GnssLocationProvider$SvStatusInfo@6adfb4c)
07-01 12:35:22.065  1930  1983 I GnssLocationProvider: WakeLock acquired by sendMessage(REPORT_SV_STATUS, 0, com.android.server.location.GnssLocationProvider$SvStatusInfo@36d5795)
07-01 12:35:22.066  1930  1943 I GnssLocationProvider: WakeLock released by handleMessage(REPORT_SV_STATUS, 0, com.android.server.location.GnssLocationProvider$SvStatusInfo@36d5795)
07-01 12:35:22.369  5363  5363 I Finsky  : [2] abyu.onStartJob(3): SCH: onJobSchedulerWakeup with jobId 9004
07-01 12:35:22.373  5363  5363 I Finsky  : [2] abtz.a(9): SCH: Scheduling fallback job with id: 9034, and delay: 43200000 ms
07-01 12:35:22.376  5363  5363 I Finsky  : [2] abtz.b(9): SCH: Scheduling fallback in 64799998 (absolute: 70597274)
07-01 12:35:22.388  1930  1948 E BatteryExternalStatsWorker: no controller energy info supplied for wifi
07-01 12:35:22.396  5363  5363 I Finsky  : [2] abui.handleMessage(8): SCH: DeviceState: DeviceState{currentTime=1656693322393, isCharging=false, isIdle=false, netAny=true, netNotRoaming=true, netUnmetered=true, batteryPercent=100.0}
07-01 12:35:22.398  5363 11917 I Finsky  : [539] abwt.b(5): SCH: Jobs in database: 1-1337 2-48879 12-1 24-77777777 26-1414141414 31-305419896 
07-01 12:35:22.400  5363  5363 I Finsky  : [2] abuj.b(10): SCH: Running job: 12-1
07-01 12:35:22.401  5363  5363 I Finsky  : [2] ContentSyncJob.r(1): [ContentSync] job started
07-01 12:35:22.402  5363  5363 I Finsky  : [2] abui.handleMessage(68): SCH: RunningQueue size: 1, PendingQueue size: 0
07-01 12:35:22.402  5363  5363 I Finsky  : [2] abuj.p(3): SCH: Running queue: 12-1 
07-01 12:35:22.433  5363 12000 I Finsky  : [549] glv.b(1): Completed 0 account content syncs with 0 successful.
07-01 12:35:22.434  5363  5363 I Finsky  : [2] ContentSyncJob.a(1): [ContentSync] Installation state replication succeeded.
07-01 12:35:22.434  5363  5363 I Finsky  : [2] abvs.n(4): SCH: jobFinished: 12-1. TimeElapsed: 34ms.
07-01 12:35:22.434  5363  5363 I Finsky  : [2] abuj.e(4): SCH: Job 12-1 finished. Not rescheduling.
07-01 12:35:22.435  5363  5363 I Finsky  : [2] abui.handleMessage(68): SCH: RunningQueue size: 0, PendingQueue size: 0
07-01 12:35:22.435  5363  5363 I Finsky  : [2] abui.handleMessage(26): SCH: Executor finished
07-01 12:35:22.453  5363  5363 I Finsky  : [2] abwt.b(5): SCH: Jobs in database: 1-1337 2-48879 24-77777777 26-1414141414 31-305419896 
07-01 12:35:22.455  5363  5363 I Finsky  : [2] abvf.d(37): SCH: ConstraintMapping: 24-77777777,  -> L: 0ms, D: 75954194ms, C: false, I: true, N: 0
07-01 12:35:22.455  5363  5363 I Finsky  : [2] abvf.d(37): SCH: ConstraintMapping: 1-1337, 31-305419896,  -> L: 2354159ms, D: 73093692ms, C: false, I: false, N: 1
07-01 12:35:22.455  5363  5363 I Finsky  : [2] abvf.d(37): SCH: ConstraintMapping: 2-48879,  -> L: 0ms, D: 79547821ms, C: true, I: true, N: 2
07-01 12:35:22.456  5363  5363 I Finsky  : [2] abvf.d(37): SCH: ConstraintMapping: 26-1414141414,  -> L: 37291352ms, D: 38191352ms, C: false, I: false, N: 0
07-01 12:35:22.465  5363  5363 I Finsky  : [2] abvf.f(7): SCH: Cancelling existing jobscheduler jobs: 9003 9007 9005 
07-01 12:35:22.466  5363  5363 I Finsky  : [2] abvf.e(8): SCH: Throttling wakeup for job 9000 (expected to run in 0 ms) due to recent wakeup
07-01 12:35:22.466  5363  5363 I Finsky  : [2] abvf.e(23): SCH: Scheduling job Id: 9000, L: 30000, D: 75954194, C: false, I: true, N: 0
07-01 12:35:22.467  5363  5363 I Finsky  : [2] abvf.e(23): SCH: Scheduling job Id: 9001, L: 2354159, D: 73093692, C: false, I: false, N: 1
07-01 12:35:22.471  5363  5363 I Finsky  : [2] abvf.e(8): SCH: Throttling wakeup for job 9002 (expected to run in 0 ms) due to recent wakeup
07-01 12:35:22.471  5363  5363 I Finsky  : [2] abvf.e(23): SCH: Scheduling job Id: 9002, L: 30000, D: 79547821, C: true, I: true, N: 2
07-01 12:35:22.473  5363  5363 I Finsky  : [2] abvf.e(23): SCH: Scheduling job Id: 9006, L: 37291352, D: 38191352, C: false, I: false, N: 0
07-01 12:35:23.074  1930  1983 I GnssLocationProvider: WakeLock acquired by sendMessage(REPORT_SV_STATUS, 0, com.android.server.location.GnssLocationProvider$SvStatusInfo@560a54e)
07-01 12:35:23.075  1930  1943 I GnssLocationProvider: WakeLock released by handleMessage(REPORT_SV_STATUS, 0, com.android.server.location.GnssLocationProvider$SvStatusInfo@560a54e)
07-01 12:35:24.075  1930  1983 I GnssLocationProvider: WakeLock acquired by sendMessage(REPORT_SV_STATUS, 0, com.android.server.location.GnssLocationProvider$SvStatusInfo@4d8566f)
07-01 12:35:24.076  1930  1943 I GnssLocationProvider: WakeLock released by handleMessage(REPORT_SV_STATUS, 0, com.android.server.location.GnssLocationProvider$SvStatusInfo@4d8566f)
07-01 12:35:24.233  1930  1943 E memtrack: Couldn't load memtrack module
07-01 12:35:24.233  1930  1943 W android.os.Debug: failed to get memory consumption info: -1
07-01 12:35:25.081  1930  1983 I GnssLocationProvider: WakeLock acquired by sendMessage(REPORT_SV_STATUS, 0, com.android.server.location.GnssLocationProvider$SvStatusInfo@34ccf7c)
07-01 12:35:25.083  1930  1943 I GnssLocationProvider: WakeLock released by handleMessage(REPORT_SV_STATUS, 0, com.android.server.location.GnssLocationProvider$SvStatusInfo@34ccf7c)
07-01 12:35:26.083  1930  1983 I GnssLocationProvider: WakeLock acquired by sendMessage(REPORT_SV_STATUS, 0, com.android.server.location.GnssLocationProvider$SvStatusInfo@4d45005)
07-01 12:35:26.086  1930  1943 I GnssLocationProvider: WakeLock released by handleMessage(REPORT_SV_STATUS, 0, com.android.server.location.GnssLocationProvider$SvStatusInfo@4d45005)
07-01 12:35:27.083  1930  1983 I GnssLocationProvider: WakeLock acquired by sendMessage(REPORT_SV_STATUS, 0, com.android.server.location.GnssLocationProvider$SvStatusInfo@7a5c85a)
07-01 12:35:27.084  1930  1943 I GnssLocationProvider: WakeLock released by handleMessage(REPORT_SV_STATUS, 0, com.android.server.location.GnssLocationProvider$SvStatusInfo@7a5c85a)
07-01 12:35:28.083  1930  1983 I GnssLocationProvider: WakeLock acquired by sendMessage(REPORT_SV_STATUS, 0, com.android.server.location.GnssLocationProvider$SvStatusInfo@43dea8b)
07-01 12:35:28.084  1930  1943 I GnssLocationProvider: WakeLock released by handleMessage(REPORT_SV_STATUS, 0, com.android.server.location.GnssLocationProvider$SvStatusInfo@43dea8b)
07-01 12:35:29.083  1930  1983 I GnssLocationProvider: WakeLock acquired by sendMessage(REPORT_SV_STATUS, 0, com.android.server.location.GnssLocationProvider$SvStatusInfo@4e81026)
07-01 12:35:29.084  1930  1943 I GnssLocationProvider: WakeLock released by handleMessage(REPORT_SV_STATUS, 0, com.android.server.location.GnssLocationProvider$SvStatusInfo@4e81026)
07-01 12:35:30.088  1930  1983 I GnssLocationProvider: WakeLock acquired by sendMessage(REPORT_SV_STATUS, 0, com.android.server.location.GnssLocationProvider$SvStatusInfo@f1ea467)
07-01 12:35:30.089  1930  1943 I GnssLocationProvider: WakeLock released by handleMessage(REPORT_SV_STATUS, 0, com.android.server.location.GnssLocationProvider$SvStatusInfo@f1ea467)
07-01 12:35:31.090  1930  1983 I GnssLocationProvider: WakeLock acquired by sendMessage(REPORT_SV_STATUS, 0, com.android.server.location.GnssLocationProvider$SvStatusInfo@4cd9214)
07-01 12:35:31.092  1930  1943 I GnssLocationProvider: WakeLock released by handleMessage(REPORT_SV_STATUS, 0, com.android.server.location.GnssLocationProvider$SvStatusInfo@4cd9214)
07-01 12:35:32.093  1930  1983 I GnssLocationProvider: WakeLock acquired by sendMessage(REPORT_SV_STATUS, 0, com.android.server.location.GnssLocationProvider$SvStatusInfo@d817abd)
07-01 12:35:32.094  1930  1943 I GnssLocationProvider: WakeLock released by handleMessage(REPORT_SV_STATUS, 0, com.android.server.location.GnssLocationProvider$SvStatusInfo@d817abd)
07-01 12:35:32.380  1930  1943 E memtrack: Couldn't load memtrack module
07-01 12:35:32.380  1930  1943 W android.os.Debug: failed to get memory consumption info: -1
07-01 12:35:32.567 12187 12187 D AndroidRuntime: >>>>>> START com.android.internal.os.RuntimeInit uid 2000 <<<<<<
07-01 12:35:32.570 12187 12187 W app_process: Could not reserve sentinel fault page
07-01 12:35:32.610 12187 12187 W app_process: Unexpected CPU variant for X86 using defaults: x86
07-01 12:35:32.612 12187 12187 I app_process: The ClassLoaderContext is a special shared library.
07-01 12:35:32.617 12187 12187 W app_process: CheckJNI: method to register "write" not in the given class. This is slow, consider changing your RegisterNatives calls.
07-01 12:35:32.619 12187 12187 I chatty  : uid=2000(shell) main identical 42 lines
07-01 12:35:32.619 12187 12187 W app_process: CheckJNI: method to register "write" not in the given class. This is slow, consider changing your RegisterNatives calls.
07-01 12:35:32.619 12187 12187 W app_process: CheckJNI: method to register "write_non_chained" not in the given class. This is slow, consider changing your RegisterNatives calls.
07-01 12:35:32.619 12187 12187 I chatty  : uid=2000(shell) main identical 7 lines
07-01 12:35:32.619 12187 12187 W app_process: CheckJNI: method to register "write_non_chained" not in the given class. This is slow, consider changing your RegisterNatives calls.
07-01 12:35:32.633 12187 12187 D AndroidRuntime: Calling main entry com.android.commands.content.Content
07-01 12:35:32.638  1930  1930 V SettingsProvider: Notifying for 0: content://settings/system/accelerometer_rotation
07-01 12:35:32.642 12187 12187 D AndroidRuntime: Shutting down VM
07-01 12:35:32.762 12197 12197 D AndroidRuntime: >>>>>> START com.android.internal.os.RuntimeInit uid 2000 <<<<<<
07-01 12:35:32.801 12197 12197 W app_process: Unexpected CPU variant for X86 using defaults: x86
07-01 12:35:32.802 12197 12197 I app_process: The ClassLoaderContext is a special shared library.
07-01 12:35:32.808 12197 12197 W app_process: CheckJNI: method to register "write" not in the given class. This is slow, consider changing your RegisterNatives calls.
07-01 12:35:32.810 12197 12197 I chatty  : uid=2000(shell) main identical 42 lines
07-01 12:35:32.810 12197 12197 W app_process: CheckJNI: method to register "write" not in the given class. This is slow, consider changing your RegisterNatives calls.
07-01 12:35:32.810 12197 12197 W app_process: CheckJNI: method to register "write_non_chained" not in the given class. This is slow, consider changing your RegisterNatives calls.
07-01 12:35:32.811 12197 12197 I chatty  : uid=2000(shell) main identical 7 lines
07-01 12:35:32.811 12197 12197 W app_process: CheckJNI: method to register "write_non_chained" not in the given class. This is slow, consider changing your RegisterNatives calls.
07-01 12:35:32.824 12197 12197 D AndroidRuntime: Calling main entry com.android.commands.content.Content
07-01 12:35:32.830  1930  1930 V SettingsProvider: Notifying for 0: content://settings/system/user_rotation
07-01 12:35:32.833 12197 12197 D AndroidRuntime: Shutting down VM
07-01 12:35:32.905  3014  3014 I Conv2QueryExtension: isEnabled() : true
07-01 12:35:32.905  3014  3014 E AndroidIME: evo: Failed to dump cda
07-01 12:35:32.905  3014  3014 E AndroidIME: java.lang.NullPointerException: Attempt to invoke virtual method 'boolean cxn.a(android.content.Context, java.util.Locale)' on a null object reference
07-01 12:35:32.905  3014  3014 E AndroidIME: 	at com.google.android.apps.inputmethod.libs.search.nativecard.FeatureCardNoticeExtension.a(PG:132)
07-01 12:35:32.905  3014  3014 E AndroidIME: 	at cda.a(PG:352)
07-01 12:35:32.905  3014  3014 E AndroidIME: 	at evo.a(PG:20)
07-01 12:35:32.905  3014  3014 E AndroidIME: 	at bgm.a(PG:2502)
07-01 12:35:32.905  3014  3014 E AndroidIME: 	at com.android.inputmethod.latin.LatinIME.a(PG:573)
07-01 12:35:32.905  3014  3014 E AndroidIME: 	at bgm.dump(PG:2496)
07-01 12:35:32.905  3014  3014 E AndroidIME: 	at android.inputmethodservice.IInputMethodWrapper.executeMessage(IInputMethodWrapper.java:151)
07-01 12:35:32.905  3014  3014 E AndroidIME: 	at com.android.internal.os.HandlerCaller$MyHandler.handleMessage(HandlerCaller.java:37)
07-01 12:35:32.905  3014  3014 E AndroidIME: 	at android.os.Handler.dispatchMessage(Handler.java:106)
07-01 12:35:32.905  3014  3014 E AndroidIME: 	at android.os.Looper.loop(Looper.java:193)
07-01 12:35:32.905  3014  3014 E AndroidIME: 	at android.app.ActivityThread.main(ActivityThread.java:6669)
07-01 12:35:32.905  3014  3014 E AndroidIME: 	at java.lang.reflect.Method.invoke(Native Method)
07-01 12:35:32.905  3014  3014 E AndroidIME: 	at com.android.internal.os.RuntimeInit$MethodAndArgsCaller.run(RuntimeInit.java:493)
07-01 12:35:32.905  3014  3014 E AndroidIME: 	at com.android.internal.os.ZygoteInit.main(ZygoteInit.java:858)
07-01 12:35:33.097  1930  1983 I GnssLocationProvider: WakeLock acquired by sendMessage(REPORT_SV_STATUS, 0, com.android.server.location.GnssLocationProvider$SvStatusInfo@5e28c7b)
07-01 12:35:33.098  1930  1943 I GnssLocationProvider: WakeLock released by handleMessage(REPORT_SV_STATUS, 0, com.android.server.location.GnssLocationProvider$SvStatusInfo@5e28c7b)
07-01 12:35:33.736 12226 12226 D AndroidRuntime: >>>>>> START com.android.internal.os.RuntimeInit uid 2000 <<<<<<
07-01 12:35:33.781 12226 12226 W app_process: Unexpected CPU variant for X86 using defaults: x86
07-01 12:35:33.782 12226 12226 I app_process: The ClassLoaderContext is a special shared library.
07-01 12:35:33.783 12226 12226 I app_process: The ClassLoaderContext is a special shared library.
07-01 12:35:33.788 12226 12226 W app_process: CheckJNI: method to register "write" not in the given class. This is slow, consider changing your RegisterNatives calls.
07-01 12:35:33.790 12226 12226 I chatty  : uid=2000(shell) main identical 42 lines
07-01 12:35:33.790 12226 12226 W app_process: CheckJNI: method to register "write" not in the given class. This is slow, consider changing your RegisterNatives calls.
07-01 12:35:33.790 12226 12226 W app_process: CheckJNI: method to register "write_non_chained" not in the given class. This is slow, consider changing your RegisterNatives calls.
07-01 12:35:33.790 12226 12226 I chatty  : uid=2000(shell) main identical 7 lines
07-01 12:35:33.790 12226 12226 W app_process: CheckJNI: method to register "write_non_chained" not in the given class. This is slow, consider changing your RegisterNatives calls.
07-01 12:35:33.804 12226 12226 D AndroidRuntime: Calling main entry com.android.commands.uiautomator.Launcher
07-01 12:35:33.815  1930  1930 V SettingsProvider: Notifying for 0: content://settings/secure/accessibility_enabled
07-01 12:35:34.102  1930  1983 I GnssLocationProvider: WakeLock acquired by sendMessage(REPORT_SV_STATUS, 0, com.android.server.location.GnssLocationProvider$SvStatusInfo@3037557)
07-01 12:35:34.105  1930  1943 I GnssLocationProvider: WakeLock released by handleMessage(REPORT_SV_STATUS, 0, com.android.server.location.GnssLocationProvider$SvStatusInfo@3037557)
07-01 12:35:34.836 12226 12226 I AccessibilityNodeInfoDumper: Skipping invisible child: android.view.accessibility.AccessibilityNodeInfo@2279d; boundsInParent: Rect(0, 0 - 0, 126); boundsInScreen: Rect(231, 986 - 231, 1112); packageName: com.google.android.packageinstaller; className: android.widget.LinearLayout; text: null; error: null; maxTextLength: -1; contentDescription: null; tooltipText: null; viewIdResName: null; checkable: false; checked: false; focusable: false; focused: false; selected: false; clickable: false; longClickable: false; contextClickable: false; enabled: true; password: false; scrollable: false; importantForAccessibility: false; visible: false; actions: [AccessibilityAction: ACTION_SELECT - null, AccessibilityAction: ACTION_CLEAR_SELECTION - null, AccessibilityAction: ACTION_ACCESSIBILITY_FOCUS - null, AccessibilityAction: ACTION_SHOW_ON_SCREEN - null]
07-01 12:35:34.836 12226 12226 W AccessibilityNodeInfoDumper: Fetch time: 3ms
07-01 12:35:34.837  1930  2299 W WindowManager: removeWindowToken: Attempted to remove non-existing token: android.os.Binder@21fb2f1
07-01 12:35:34.838  1930  1930 V SettingsProvider: Notifying for 0: content://settings/secure/accessibility_enabled
07-01 12:35:34.839  1930  1930 V SettingsProvider: Notifying for 0: content://settings/system/user_rotation
07-01 12:35:34.839  1930  1930 V SettingsProvider: Notifying for 0: content://settings/system/accelerometer_rotation
07-01 12:35:34.848 12226 12226 D AndroidRuntime: Shutting down VM
07-01 12:35:35.085 12244 12244 D AndroidRuntime: >>>>>> START com.android.internal.os.RuntimeInit uid 2000 <<<<<<
07-01 12:35:35.105  1930  1983 I GnssLocationProvider: WakeLock acquired by sendMessage(REPORT_SV_STATUS, 0, com.android.server.location.GnssLocationProvider$SvStatusInfo@3eb8d2d)
07-01 12:35:35.106  1930  1943 I GnssLocationProvider: WakeLock released by handleMessage(REPORT_SV_STATUS, 0, com.android.server.location.GnssLocationProvider$SvStatusInfo@3eb8d2d)
07-01 12:35:35.129 12244 12244 W app_process: Unexpected CPU variant for X86 using defaults: x86
07-01 12:35:35.131 12244 12244 I app_process: The ClassLoaderContext is a special shared library.
07-01 12:35:35.131 12244 12244 I app_process: The ClassLoaderContext is a special shared library.
07-01 12:35:35.134 12244 12244 W app_process: CheckJNI: method to register "write" not in the given class. This is slow, consider changing your RegisterNatives calls.
07-01 12:35:35.136 12244 12244 I chatty  : uid=2000(shell) main identical 42 lines
07-01 12:35:35.136 12244 12244 W app_process: CheckJNI: method to register "write" not in the given class. This is slow, consider changing your RegisterNatives calls.
07-01 12:35:35.136 12244 12244 W app_process: CheckJNI: method to register "write_non_chained" not in the given class. This is slow, consider changing your RegisterNatives calls.
07-01 12:35:35.137 12244 12244 I chatty  : uid=2000(shell) main identical 7 lines
07-01 12:35:35.137 12244 12244 W app_process: CheckJNI: method to register "write_non_chained" not in the given class. This is slow, consider changing your RegisterNatives calls.
07-01 12:35:35.153 12244 12244 D AndroidRuntime: Calling main entry com.android.commands.uiautomator.Launcher
07-01 12:35:35.164  1930  1930 V SettingsProvider: Notifying for 0: content://settings/secure/accessibility_enabled
07-01 12:35:36.109  1930  1983 I GnssLocationProvider: WakeLock acquired by sendMessage(REPORT_SV_STATUS, 0, com.android.server.location.GnssLocationProvider$SvStatusInfo@73504b0)
07-01 12:35:36.109  1930  1943 I GnssLocationProvider: WakeLock released by handleMessage(REPORT_SV_STATUS, 0, com.android.server.location.GnssLocationProvider$SvStatusInfo@73504b0)
07-01 12:35:36.174  1930  2299 W WindowManager: removeWindowToken: Attempted to remove non-existing token: android.os.Binder@e1d0262
07-01 12:35:36.177  1930  1930 V SettingsProvider: Notifying for 0: content://settings/secure/accessibility_enabled
07-01 12:35:36.178 12244 12244 D AndroidRuntime: Shutting down VM
07-01 12:35:37.056 12271 12271 D AndroidRuntime: >>>>>> START com.android.internal.os.RuntimeInit uid 2000 <<<<<<
07-01 12:35:37.099 12271 12271 W app_process: Unexpected CPU variant for X86 using defaults: x86
07-01 12:35:37.101 12271 12271 I app_process: The ClassLoaderContext is a special shared library.
07-01 12:35:37.102 12271 12271 I app_process: The ClassLoaderContext is a special shared library.
07-01 12:35:37.105 12271 12271 W app_process: CheckJNI: method to register "write" not in the given class. This is slow, consider changing your RegisterNatives calls.
07-01 12:35:37.108 12271 12271 I chatty  : uid=2000(shell) main identical 42 lines
07-01 12:35:37.108 12271 12271 W app_process: CheckJNI: method to register "write" not in the given class. This is slow, consider changing your RegisterNatives calls.
07-01 12:35:37.108 12271 12271 W app_process: CheckJNI: method to register "write_non_chained" not in the given class. This is slow, consider changing your RegisterNatives calls.
07-01 12:35:37.108 12271 12271 I chatty  : uid=2000(shell) main identical 7 lines
07-01 12:35:37.108 12271 12271 W app_process: CheckJNI: method to register "write_non_chained" not in the given class. This is slow, consider changing your RegisterNatives calls.
07-01 12:35:37.113  1930  1983 I GnssLocationProvider: WakeLock acquired by sendMessage(REPORT_SV_STATUS, 0, com.android.server.location.GnssLocationProvider$SvStatusInfo@4cce2ae)
07-01 12:35:37.114  1930  1943 I GnssLocationProvider: WakeLock released by handleMessage(REPORT_SV_STATUS, 0, com.android.server.location.GnssLocationProvider$SvStatusInfo@4cce2ae)
07-01 12:35:37.123 12271 12271 D AndroidRuntime: Calling main entry com.android.commands.uiautomator.Launcher
07-01 12:35:38.117  1930  1983 I GnssLocationProvider: WakeLock acquired by sendMessage(REPORT_SV_STATUS, 0, com.android.server.location.GnssLocationProvider$SvStatusInfo@14e34e5)
07-01 12:35:38.118  1930  1943 I GnssLocationProvider: WakeLock released by handleMessage(REPORT_SV_STATUS, 0, com.android.server.location.GnssLocationProvider$SvStatusInfo@14e34e5)
07-01 12:35:38.144 12271 12271 I AccessibilityNodeInfoDumper: Skipping invisible child: android.view.accessibility.AccessibilityNodeInfo@227ac; boundsInParent: Rect(0, 0 - 0, 126); boundsInScreen: Rect(231, 986 - 231, 1112); packageName: com.google.android.packageinstaller; className: android.widget.LinearLayout; text: null; error: null; maxTextLength: -1; contentDescription: null; tooltipText: null; viewIdResName: null; checkable: false; checked: false; focusable: false; focused: false; selected: false; clickable: false; longClickable: false; contextClickable: false; enabled: true; password: false; scrollable: false; importantForAccessibility: false; visible: false; actions: [AccessibilityAction: ACTION_SELECT - null, AccessibilityAction: ACTION_CLEAR_SELECTION - null, AccessibilityAction: ACTION_ACCESSIBILITY_FOCUS - null, AccessibilityAction: ACTION_SHOW_ON_SCREEN - null]
07-01 12:35:38.144 12271 12271 W AccessibilityNodeInfoDumper: Fetch time: 3ms
07-01 12:35:37.132  1930  1930 V SettingsProvider: Notifying for 0: content://settings/secure/accessibility_enabled
07-01 12:35:38.145  1930  5253 W WindowManager: removeWindowToken: Attempted to remove non-existing token: android.os.Binder@8e1b84f
07-01 12:35:38.146  1930  1930 V SettingsProvider: Notifying for 0: content://settings/secure/accessibility_enabled
07-01 12:35:38.156 12271 12271 D AndroidRuntime: Shutting down VM
07-01 12:35:39.105 12304 12304 D AndroidRuntime: >>>>>> START com.android.internal.os.RuntimeInit uid 2000 <<<<<<
07-01 12:35:39.108 12304 12304 W app_process: Could not reserve sentinel fault page
07-01 12:35:39.121  1930  1983 I GnssLocationProvider: WakeLock acquired by sendMessage(REPORT_SV_STATUS, 0, com.android.server.location.GnssLocationProvider$SvStatusInfo@bab8a6b)
07-01 12:35:39.122  1930  1943 I GnssLocationProvider: WakeLock released by handleMessage(REPORT_SV_STATUS, 0, com.android.server.location.GnssLocationProvider$SvStatusInfo@bab8a6b)
07-01 12:35:39.149 12304 12304 W app_process: Unexpected CPU variant for X86 using defaults: x86
07-01 12:35:39.152 12304 12304 I app_process: The ClassLoaderContext is a special shared library.
07-01 12:35:39.152 12304 12304 I app_process: The ClassLoaderContext is a special shared library.
07-01 12:35:39.158 12304 12304 W app_process: CheckJNI: method to register "write" not in the given class. This is slow, consider changing your RegisterNatives calls.
07-01 12:35:39.161 12304 12304 I chatty  : uid=2000(shell) main identical 42 lines
07-01 12:35:39.161 12304 12304 W app_process: CheckJNI: method to register "write" not in the given class. This is slow, consider changing your RegisterNatives calls.
07-01 12:35:39.161 12304 12304 W app_process: CheckJNI: method to register "write_non_chained" not in the given class. This is slow, consider changing your RegisterNatives calls.
07-01 12:35:39.161 12304 12304 I chatty  : uid=2000(shell) main identical 7 lines
07-01 12:35:39.161 12304 12304 W app_process: CheckJNI: method to register "write_non_chained" not in the given class. This is slow, consider changing your RegisterNatives calls.
07-01 12:35:39.182 12304 12304 D AndroidRuntime: Calling main entry com.android.commands.uiautomator.Launcher
07-01 12:35:40.125  1930  1983 I GnssLocationProvider: WakeLock acquired by sendMessage(REPORT_SV_STATUS, 0, com.android.server.location.GnssLocationProvider$SvStatusInfo@7329986)
07-01 12:35:40.126  1930  1943 I GnssLocationProvider: WakeLock released by handleMessage(REPORT_SV_STATUS, 0, com.android.server.location.GnssLocationProvider$SvStatusInfo@7329986)
07-01 12:35:40.214 12304 12304 I AccessibilityNodeInfoDumper: Skipping invisible child: android.view.accessibility.AccessibilityNodeInfo@227b8; boundsInParent: Rect(0, 0 - 0, 126); boundsInScreen: Rect(231, 986 - 231, 1112); packageName: com.google.android.packageinstaller; className: android.widget.LinearLayout; text: null; error: null; maxTextLength: -1; contentDescription: null; tooltipText: null; viewIdResName: null; checkable: false; checked: false; focusable: false; focused: false; selected: false; clickable: false; longClickable: false; contextClickable: false; enabled: true; password: false; scrollable: false; importantForAccessibility: false; visible: false; actions: [AccessibilityAction: ACTION_SELECT - null, AccessibilityAction: ACTION_CLEAR_SELECTION - null, AccessibilityAction: ACTION_ACCESSIBILITY_FOCUS - null, AccessibilityAction: ACTION_SHOW_ON_SCREEN - null]
07-01 12:35:40.215 12304 12304 W AccessibilityNodeInfoDumper: Fetch time: 3ms
07-01 12:35:39.196  1930  1930 V SettingsProvider: Notifying for 0: content://settings/secure/accessibility_enabled
07-01 12:35:40.215  1930  5451 W WindowManager: removeWindowToken: Attempted to remove non-existing token: android.os.Binder@5f8b9c8
07-01 12:35:40.216  1930  1930 V SettingsProvider: Notifying for 0: content://settings/secure/accessibility_enabled
07-01 12:35:40.224 12304 12304 D AndroidRuntime: Shutting down VM
07-01 12:35:40.456  1930  1948 E BatteryExternalStatsWorker: no controller energy info supplied for wifi
07-01 12:35:40.478 12325 12325 D AndroidRuntime: >>>>>> START com.android.internal.os.RuntimeInit uid 2000 <<<<<<
07-01 12:35:40.522 12325 12325 W app_process: Unexpected CPU variant for X86 using defaults: x86
07-01 12:35:40.523 12325 12325 I app_process: The ClassLoaderContext is a special shared library.
07-01 12:35:40.524 12325 12325 I app_process: The ClassLoaderContext is a special shared library.
07-01 12:35:40.529 12325 12325 W app_process: CheckJNI: method to register "write" not in the given class. This is slow, consider changing your RegisterNatives calls.
07-01 12:35:40.531 12325 12325 I chatty  : uid=2000(shell) main identical 42 lines
07-01 12:35:40.531 12325 12325 W app_process: CheckJNI: method to register "write" not in the given class. This is slow, consider changing your RegisterNatives calls.
07-01 12:35:40.531 12325 12325 W app_process: CheckJNI: method to register "write_non_chained" not in the given class. This is slow, consider changing your RegisterNatives calls.
07-01 12:35:40.532 12325 12325 I chatty  : uid=2000(shell) main identical 7 lines
07-01 12:35:40.532 12325 12325 W app_process: CheckJNI: method to register "write_non_chained" not in the given class. This is slow, consider changing your RegisterNatives calls.
07-01 12:35:40.548 12325 12325 D AndroidRuntime: Calling main entry com.android.commands.uiautomator.Launcher
07-01 12:35:40.561  1930  1930 V SettingsProvider: Notifying for 0: content://settings/secure/accessibility_enabled
07-01 12:35:41.134  1930  1983 I GnssLocationProvider: WakeLock acquired by sendMessage(REPORT_SV_STATUS, 0, com.android.server.location.GnssLocationProvider$SvStatusInfo@80ec812)
07-01 12:35:41.135  1930  1943 I GnssLocationProvider: WakeLock released by handleMessage(REPORT_SV_STATUS, 0, com.android.server.location.GnssLocationProvider$SvStatusInfo@80ec812)
07-01 12:35:41.575 12325 12325 I AccessibilityNodeInfoDumper: Skipping invisible child: android.view.accessibility.AccessibilityNodeInfo@227c1; boundsInParent: Rect(0, 0 - 0, 126); boundsInScreen: Rect(231, 986 - 231, 1112); packageName: com.google.android.packageinstaller; className: android.widget.LinearLayout; text: null; error: null; maxTextLength: -1; contentDescription: null; tooltipText: null; viewIdResName: null; checkable: false; checked: false; focusable: false; focused: false; selected: false; clickable: false; longClickable: false; contextClickable: false; enabled: true; password: false; scrollable: false; importantForAccessibility: false; visible: false; actions: [AccessibilityAction: ACTION_SELECT - null, AccessibilityAction: ACTION_CLEAR_SELECTION - null, AccessibilityAction: ACTION_ACCESSIBILITY_FOCUS - null, AccessibilityAction: ACTION_SHOW_ON_SCREEN - null]
07-01 12:35:41.575 12325 12325 W AccessibilityNodeInfoDumper: Fetch time: 4ms
07-01 12:35:41.576  1930  5708 W WindowManager: removeWindowToken: Attempted to remove non-existing token: android.os.Binder@ac3aa74
07-01 12:35:41.576  1930  1930 V SettingsProvider: Notifying for 0: content://settings/secure/accessibility_enabled
07-01 12:35:41.581 12325 12325 D AndroidRuntime: Shutting down VM
07-01 12:35:41.706  1773  1969 E SurfaceFlinger: ro.sf.lcd_density must be defined as a build property
07-01 12:35:41.707  1646  2364 D gralloc_ranchu: gralloc_alloc: Creating ashmem region of size 8298496
07-01 12:35:41.729 12339 12339 D HostConnection: createUnique: call
07-01 12:35:41.729 12339 12339 D HostConnection: HostConnection::get() New Host Connection established 0xe8aa0b90, tid 12339
07-01 12:35:41.732 12339 12339 D HostConnection: HostComposition ext ANDROID_EMU_CHECKSUM_HELPER_v1 ANDROID_EMU_native_sync_v2 ANDROID_EMU_native_sync_v3 ANDROID_EMU_native_sync_v4 ANDROID_EMU_dma_v1 ANDROID_EMU_YUV420_888_to_NV21 ANDROID_EMU_YUV_Cache ANDROID_EMU_async_unmap_buffer GL_OES_EGL_image_external_essl3 GL_OES_vertex_array_object GL_KHR_texture_compression_astc_ldr ANDROID_EMU_host_side_tracing ANDROID_EMU_gles_max_version_3_0 
07-01 12:35:41.732 12339 12339 E eglCodecCommon: GoldfishAddressSpaceHostMemoryAllocator: ioctl_ping failed for device_type=5, ret=-1
07-01 12:35:41.873  7740  7740 D MediaScannerReceiver: action: android.intent.action.MEDIA_SCANNER_SCAN_FILE path: /storage/emulated/0/screen.png
07-01 12:35:42.135  1930  1983 I GnssLocationProvider: WakeLock acquired by sendMessage(REPORT_SV_STATUS, 0, com.android.server.location.GnssLocationProvider$SvStatusInfo@ac7533f)
07-01 12:35:42.136  1930  1943 I GnssLocationProvider: WakeLock released by handleMessage(REPORT_SV_STATUS, 0, com.android.server.location.GnssLocationProvider$SvStatusInfo@ac7533f)
07-01 12:35:43.139  1930  1983 I GnssLocationProvider: WakeLock acquired by sendMessage(REPORT_SV_STATUS, 0, com.android.server.location.GnssLocationProvider$SvStatusInfo@3f5d40c)
07-01 12:35:43.140  1930  1943 I GnssLocationProvider: WakeLock released by handleMessage(REPORT_SV_STATUS, 0, com.android.server.location.GnssLocationProvider$SvStatusInfo@3f5d40c)
07-01 12:35:43.383  1930  1943 E memtrack: Couldn't load memtrack module
07-01 12:35:43.383  1930  1943 W android.os.Debug: failed to get memory consumption info: -1
07-01 12:35:44.045 12351 12351 D AndroidRuntime: >>>>>> START com.android.internal.os.RuntimeInit uid 2000 <<<<<<
07-01 12:35:44.048 12351 12351 W app_process: Could not reserve sentinel fault page
07-01 12:35:44.086 12351 12351 W app_process: Unexpected CPU variant for X86 using defaults: x86
07-01 12:35:44.088 12351 12351 I app_process: The ClassLoaderContext is a special shared library.
07-01 12:35:44.088 12351 12351 I app_process: The ClassLoaderContext is a special shared library.
07-01 12:35:44.093 12351 12351 W app_process: CheckJNI: method to register "write" not in the given class. This is slow, consider changing your RegisterNatives calls.
07-01 12:35:44.095 12351 12351 I chatty  : uid=2000(shell) main identical 42 lines
07-01 12:35:44.095 12351 12351 W app_process: CheckJNI: method to register "write" not in the given class. This is slow, consider changing your RegisterNatives calls.
07-01 12:35:44.095 12351 12351 W app_process: CheckJNI: method to register "write_non_chained" not in the given class. This is slow, consider changing your RegisterNatives calls.
07-01 12:35:44.096 12351 12351 I chatty  : uid=2000(shell) main identical 7 lines
07-01 12:35:44.096 12351 12351 W app_process: CheckJNI: method to register "write_non_chained" not in the given class. This is slow, consider changing your RegisterNatives calls.
07-01 12:35:44.109 12351 12351 D AndroidRuntime: Calling main entry com.android.commands.uiautomator.Launcher
07-01 12:35:44.144  1930  1983 I GnssLocationProvider: WakeLock acquired by sendMessage(REPORT_SV_STATUS, 0, com.android.server.location.GnssLocationProvider$SvStatusInfo@567e45b)
07-01 12:35:44.145  1930  1943 I GnssLocationProvider: WakeLock released by handleMessage(REPORT_SV_STATUS, 0, com.android.server.location.GnssLocationProvider$SvStatusInfo@567e45b)
07-01 12:35:45.144 12351 12351 I AccessibilityNodeInfoDumper: Skipping invisible child: android.view.accessibility.AccessibilityNodeInfo@227c3; boundsInParent: Rect(0, 0 - 0, 126); boundsInScreen: Rect(231, 986 - 231, 1112); packageName: com.google.android.packageinstaller; className: android.widget.LinearLayout; text: null; error: null; maxTextLength: -1; contentDescription: null; tooltipText: null; viewIdResName: null; checkable: false; checked: false; focusable: false; focused: false; selected: false; clickable: false; longClickable: false; contextClickable: false; enabled: true; password: false; scrollable: false; importantForAccessibility: false; visible: false; actions: [AccessibilityAction: ACTION_SELECT - null, AccessibilityAction: ACTION_CLEAR_SELECTION - null, AccessibilityAction: ACTION_ACCESSIBILITY_FOCUS - null, AccessibilityAction: ACTION_SHOW_ON_SCREEN - null]
07-01 12:35:45.146 12351 12351 W AccessibilityNodeInfoDumper: Fetch time: 7ms
07-01 12:35:44.120  1930  1930 V SettingsProvider: Notifying for 0: content://settings/secure/accessibility_enabled
07-01 12:35:45.148  1930  5253 W WindowManager: removeWindowToken: Attempted to remove non-existing token: android.os.Binder@38f2155
07-01 12:35:45.149  1930  1930 V SettingsProvider: Notifying for 0: content://settings/secure/accessibility_enabled
07-01 12:35:45.149  1930  1983 I GnssLocationProvider: WakeLock acquired by sendMessage(REPORT_SV_STATUS, 0, com.android.server.location.GnssLocationProvider$SvStatusInfo@26d7dd1)
07-01 12:35:45.150  1930  1943 I GnssLocationProvider: WakeLock released by handleMessage(REPORT_SV_STATUS, 0, com.android.server.location.GnssLocationProvider$SvStatusInfo@26d7dd1)
07-01 12:35:45.156 12351 12351 D AndroidRuntime: Shutting down VM
07-01 12:35:46.151  1930  1983 I GnssLocationProvider: WakeLock acquired by sendMessage(REPORT_SV_STATUS, 0, com.android.server.location.GnssLocationProvider$SvStatusInfo@59a7036)
07-01 12:35:46.152  1930  1943 I GnssLocationProvider: WakeLock released by handleMessage(REPORT_SV_STATUS, 0, com.android.server.location.GnssLocationProvider$SvStatusInfo@59a7036)
07-01 12:35:47.157  1930  1983 I GnssLocationProvider: WakeLock acquired by sendMessage(REPORT_SV_STATUS, 0, com.android.server.location.GnssLocationProvider$SvStatusInfo@b66b37)
07-01 12:35:47.158  1930  1943 I GnssLocationProvider: WakeLock released by handleMessage(REPORT_SV_STATUS, 0, com.android.server.location.GnssLocationProvider$SvStatusInfo@b66b37)
07-01 12:35:47.397 12369 12369 D AndroidRuntime: >>>>>> START com.android.internal.os.RuntimeInit uid 2000 <<<<<<
07-01 12:35:47.451 12369 12369 W app_process: Unexpected CPU variant for X86 using defaults: x86
07-01 12:35:47.452 12369 12369 I app_process: The ClassLoaderContext is a special shared library.
07-01 12:35:47.453 12369 12369 I app_process: The ClassLoaderContext is a special shared library.
07-01 12:35:47.455 12369 12369 W app_process: CheckJNI: method to register "write" not in the given class. This is slow, consider changing your RegisterNatives calls.
07-01 12:35:47.457 12369 12369 I chatty  : uid=2000(shell) main identical 42 lines
07-01 12:35:47.457 12369 12369 W app_process: CheckJNI: method to register "write" not in the given class. This is slow, consider changing your RegisterNatives calls.
07-01 12:35:47.457 12369 12369 W app_process: CheckJNI: method to register "write_non_chained" not in the given class. This is slow, consider changing your RegisterNatives calls.
07-01 12:35:47.458 12369 12369 I chatty  : uid=2000(shell) main identical 7 lines
07-01 12:35:47.458 12369 12369 W app_process: CheckJNI: method to register "write_non_chained" not in the given class. This is slow, consider changing your RegisterNatives calls.
07-01 12:35:47.473 12369 12369 D AndroidRuntime: Calling main entry com.android.commands.uiautomator.Launcher
07-01 12:35:48.160  1930  1983 I GnssLocationProvider: WakeLock acquired by sendMessage(REPORT_SV_STATUS, 0, com.android.server.location.GnssLocationProvider$SvStatusInfo@89559c2)
07-01 12:35:48.161  1930  1943 I GnssLocationProvider: WakeLock released by handleMessage(REPORT_SV_STATUS, 0, com.android.server.location.GnssLocationProvider$SvStatusInfo@89559c2)
07-01 12:35:48.479  3739  7993 W GmsLocationProvider: Error removing location updates: 16
07-01 12:35:48.496 12369 12369 I AccessibilityNodeInfoDumper: Skipping invisible child: android.view.accessibility.AccessibilityNodeInfo@227cb; boundsInParent: Rect(0, 0 - 0, 126); boundsInScreen: Rect(231, 986 - 231, 1112); packageName: com.google.android.packageinstaller; className: android.widget.LinearLayout; text: null; error: null; maxTextLength: -1; contentDescription: null; tooltipText: null; viewIdResName: null; checkable: false; checked: false; focusable: false; focused: false; selected: false; clickable: false; longClickable: false; contextClickable: false; enabled: true; password: false; scrollable: false; importantForAccessibility: false; visible: false; actions: [AccessibilityAction: ACTION_SELECT - null, AccessibilityAction: ACTION_CLEAR_SELECTION - null, AccessibilityAction: ACTION_ACCESSIBILITY_FOCUS - null, AccessibilityAction: ACTION_SHOW_ON_SCREEN - null]
07-01 12:35:48.496 12369 12369 W AccessibilityNodeInfoDumper: Fetch time: 2ms
07-01 12:35:47.483  1930  1930 V SettingsProvider: Notifying for 0: content://settings/secure/accessibility_enabled
07-01 12:35:48.497  1930  5708 W WindowManager: removeWindowToken: Attempted to remove non-existing token: android.os.Binder@5e098a4
07-01 12:35:48.498  1930  1930 V SettingsProvider: Notifying for 0: content://settings/secure/accessibility_enabled
07-01 12:35:48.501 12369 12369 D AndroidRuntime: Shutting down VM
07-01 12:35:48.749 12387 12387 D AndroidRuntime: >>>>>> START com.android.internal.os.RuntimeInit uid 2000 <<<<<<
07-01 12:35:48.753 12387 12387 W app_process: Could not reserve sentinel fault page
07-01 12:35:48.804 12387 12387 W app_process: Unexpected CPU variant for X86 using defaults: x86
07-01 12:35:48.806 12387 12387 I app_process: The ClassLoaderContext is a special shared library.
07-01 12:35:48.806 12387 12387 I app_process: The ClassLoaderContext is a special shared library.
07-01 12:35:48.814 12387 12387 W app_process: CheckJNI: method to register "write" not in the given class. This is slow, consider changing your RegisterNatives calls.
07-01 12:35:48.815 12387 12387 I chatty  : uid=2000(shell) main identical 42 lines
07-01 12:35:48.815 12387 12387 W app_process: CheckJNI: method to register "write" not in the given class. This is slow, consider changing your RegisterNatives calls.
07-01 12:35:48.815 12387 12387 W app_process: CheckJNI: method to register "write_non_chained" not in the given class. This is slow, consider changing your RegisterNatives calls.
07-01 12:35:48.815 12387 12387 I chatty  : uid=2000(shell) main identical 7 lines
07-01 12:35:48.815 12387 12387 W app_process: CheckJNI: method to register "write_non_chained" not in the given class. This is slow, consider changing your RegisterNatives calls.
07-01 12:35:48.834 12387 12387 D AndroidRuntime: Calling main entry com.android.commands.uiautomator.Launcher
07-01 12:35:49.164  1930  1983 I GnssLocationProvider: WakeLock acquired by sendMessage(REPORT_SV_STATUS, 0, com.android.server.location.GnssLocationProvider$SvStatusInfo@663500e)
07-01 12:35:49.164  1930  1943 I GnssLocationProvider: WakeLock released by handleMessage(REPORT_SV_STATUS, 0, com.android.server.location.GnssLocationProvider$SvStatusInfo@663500e)
07-01 12:35:49.865 12387 12387 I AccessibilityNodeInfoDumper: Skipping invisible child: android.view.accessibility.AccessibilityNodeInfo@227d7; boundsInParent: Rect(0, 0 - 0, 126); boundsInScreen: Rect(231, 986 - 231, 1112); packageName: com.google.android.packageinstaller; className: android.widget.LinearLayout; text: null; error: null; maxTextLength: -1; contentDescription: null; tooltipText: null; viewIdResName: null; checkable: false; checked: false; focusable: false; focused: false; selected: false; clickable: false; longClickable: false; contextClickable: false; enabled: true; password: false; scrollable: false; importantForAccessibility: false; visible: false; actions: [AccessibilityAction: ACTION_SELECT - null, AccessibilityAction: ACTION_CLEAR_SELECTION - null, AccessibilityAction: ACTION_ACCESSIBILITY_FOCUS - null, AccessibilityAction: ACTION_SHOW_ON_SCREEN - null]
07-01 12:35:49.865 12387 12387 W AccessibilityNodeInfoDumper: Fetch time: 3ms
07-01 12:35:48.847  1930  1930 V SettingsProvider: Notifying for 0: content://settings/secure/accessibility_enabled
07-01 12:35:49.866  1930  5253 W WindowManager: removeWindowToken: Attempted to remove non-existing token: android.os.Binder@1e09b10
07-01 12:35:49.866  1930  1930 V SettingsProvider: Notifying for 0: content://settings/secure/accessibility_enabled
07-01 12:35:49.875 12387 12387 D AndroidRuntime: Shutting down VM
07-01 12:35:50.110 12405 12405 D AndroidRuntime: >>>>>> START com.android.internal.os.RuntimeInit uid 2000 <<<<<<
07-01 12:35:50.156 12405 12405 W app_process: Unexpected CPU variant for X86 using defaults: x86
07-01 12:35:50.157 12405 12405 I app_process: The ClassLoaderContext is a special shared library.
07-01 12:35:50.158 12405 12405 I app_process: The ClassLoaderContext is a special shared library.
07-01 12:35:50.163 12405 12405 W app_process: CheckJNI: method to register "write" not in the given class. This is slow, consider changing your RegisterNatives calls.
07-01 12:35:50.165 12405 12405 I chatty  : uid=2000(shell) main identical 42 lines
07-01 12:35:50.165 12405 12405 W app_process: CheckJNI: method to register "write" not in the given class. This is slow, consider changing your RegisterNatives calls.
07-01 12:35:50.165 12405 12405 W app_process: CheckJNI: method to register "write_non_chained" not in the given class. This is slow, consider changing your RegisterNatives calls.
07-01 12:35:50.165 12405 12405 I chatty  : uid=2000(shell) main identical 7 lines
07-01 12:35:50.165 12405 12405 W app_process: CheckJNI: method to register "write_non_chained" not in the given class. This is slow, consider changing your RegisterNatives calls.
07-01 12:35:50.168  1930  1983 I GnssLocationProvider: WakeLock acquired by sendMessage(REPORT_SV_STATUS, 0, com.android.server.location.GnssLocationProvider$SvStatusInfo@59c583c)
07-01 12:35:50.169  1930  1943 I GnssLocationProvider: WakeLock released by handleMessage(REPORT_SV_STATUS, 0, com.android.server.location.GnssLocationProvider$SvStatusInfo@59c583c)
07-01 12:35:50.181 12405 12405 D AndroidRuntime: Calling main entry com.android.commands.uiautomator.Launcher
07-01 12:35:51.172  1930  1983 I GnssLocationProvider: WakeLock acquired by sendMessage(REPORT_SV_STATUS, 0, com.android.server.location.GnssLocationProvider$SvStatusInfo@4a69a4b)
07-01 12:35:51.173  1930  1943 I GnssLocationProvider: WakeLock released by handleMessage(REPORT_SV_STATUS, 0, com.android.server.location.GnssLocationProvider$SvStatusInfo@4a69a4b)
07-01 12:35:51.206 12405 12405 I AccessibilityNodeInfoDumper: Skipping invisible child: android.view.accessibility.AccessibilityNodeInfo@227e0; boundsInParent: Rect(0, 0 - 0, 126); boundsInScreen: Rect(231, 986 - 231, 1112); packageName: com.google.android.packageinstaller; className: android.widget.LinearLayout; text: null; error: null; maxTextLength: -1; contentDescription: null; tooltipText: null; viewIdResName: null; checkable: false; checked: false; focusable: false; focused: false; selected: false; clickable: false; longClickable: false; contextClickable: false; enabled: true; password: false; scrollable: false; importantForAccessibility: false; visible: false; actions: [AccessibilityAction: ACTION_SELECT - null, AccessibilityAction: ACTION_CLEAR_SELECTION - null, AccessibilityAction: ACTION_ACCESSIBILITY_FOCUS - null, AccessibilityAction: ACTION_SHOW_ON_SCREEN - null]
07-01 12:35:51.207 12405 12405 W AccessibilityNodeInfoDumper: Fetch time: 5ms
07-01 12:35:50.192  1930  1930 V SettingsProvider: Notifying for 0: content://settings/secure/accessibility_enabled
07-01 12:35:51.208  1930  5035 W WindowManager: removeWindowToken: Attempted to remove non-existing token: android.os.Binder@dc09c5
07-01 12:35:51.209  1930  1930 V SettingsProvider: Notifying for 0: content://settings/secure/accessibility_enabled
07-01 12:35:51.220 12405 12405 D AndroidRuntime: Shutting down VM
07-01 12:35:51.468 12423 12423 D AndroidRuntime: >>>>>> START com.android.internal.os.RuntimeInit uid 2000 <<<<<<
07-01 12:35:51.509 12423 12423 W app_process: Unexpected CPU variant for X86 using defaults: x86
07-01 12:35:51.510 12423 12423 I app_process: The ClassLoaderContext is a special shared library.
07-01 12:35:51.516 12423 12423 W app_process: CheckJNI: method to register "write" not in the given class. This is slow, consider changing your RegisterNatives calls.
07-01 12:35:51.518 12423 12423 I chatty  : uid=2000(shell) main identical 42 lines
07-01 12:35:51.518 12423 12423 W app_process: CheckJNI: method to register "write" not in the given class. This is slow, consider changing your RegisterNatives calls.
07-01 12:35:51.518 12423 12423 W app_process: CheckJNI: method to register "write_non_chained" not in the given class. This is slow, consider changing your RegisterNatives calls.
07-01 12:35:51.519 12423 12423 I chatty  : uid=2000(shell) com.android.commands.monkey identical 7 lines
07-01 12:35:51.519 12423 12423 W app_process: CheckJNI: method to register "write_non_chained" not in the given class. This is slow, consider changing your RegisterNatives calls.
07-01 12:35:51.534 12423 12423 D AndroidRuntime: Calling main entry com.android.commands.monkey.Monkey
07-01 12:35:51.540 12423 12423 W Monkey  : args: [-p, com.android.gpstest, -c, android.intent.category.LAUNCHER, 1]
07-01 12:35:51.541 12423 12423 W Monkey  :  arg: "-p"
07-01 12:35:51.541 12423 12423 W Monkey  :  arg: "com.android.gpstest"
07-01 12:35:51.541 12423 12423 W Monkey  :  arg: "-c"
07-01 12:35:51.541 12423 12423 W Monkey  :  arg: "android.intent.category.LAUNCHER"
07-01 12:35:51.541 12423 12423 W Monkey  :  arg: "1"
07-01 12:35:51.541 12423 12423 W Monkey  : data="com.android.gpstest"
07-01 12:35:51.541 12423 12423 W Monkey  : data="android.intent.category.LAUNCHER"
07-01 12:35:51.557  1930  1944 W BroadcastQueue: Skipping deliver [background] BroadcastRecord{3c29027 u-1 android.net.conn.CONNECTIVITY_CHANGE} to ReceiverList{6ed72d4 12423 (unknown name)/2000/u-1 remote:e787d41}: process gone or crashing
07-01 12:35:51.573  1930  2299 I ActivityManager: START u0 {act=android.intent.action.MAIN cat=[android.intent.category.LAUNCHER] flg=0x10200000 cmp=com.android.gpstest/.GpsTestActivity} from uid 2000
07-01 12:35:51.573  1930  2299 W Binder  : Outgoing transactions from this process must be FLAG_ONEWAY
07-01 12:35:51.573  1930  2299 W Binder  : java.lang.Throwable
07-01 12:35:51.573  1930  2299 W Binder  : 	at android.os.BinderProxy.transact(Binder.java:1114)
07-01 12:35:51.573  1930  2299 W Binder  : 	at android.app.IActivityController$Stub$Proxy.activityStarting(IActivityController.java:176)
07-01 12:35:51.573  1930  2299 W Binder  : 	at com.android.server.am.ActivityStarter.startActivity(ActivityStarter.java:737)
07-01 12:35:51.573  1930  2299 W Binder  : 	at com.android.server.am.ActivityStarter.startActivity(ActivityStarter.java:544)
07-01 12:35:51.573  1930  2299 W Binder  : 	at com.android.server.am.ActivityStarter.startActivityMayWait(ActivityStarter.java:1099)
07-01 12:35:51.573  1930  2299 W Binder  : 	at com.android.server.am.ActivityStarter.execute(ActivityStarter.java:486)
07-01 12:35:51.573  1930  2299 W Binder  : 	at com.android.server.am.ActivityManagerService.startActivityAsUser(ActivityManagerService.java:5120)
07-01 12:35:51.573  1930  2299 W Binder  : 	at com.android.server.am.ActivityManagerService.startActivityAsUser(ActivityManagerService.java:5094)
07-01 12:35:51.573  1930  2299 W Binder  : 	at com.android.server.am.ActivityManagerService.startActivity(ActivityManagerService.java:5085)
07-01 12:35:51.573  1930  2299 W Binder  : 	at android.app.IActivityManager$Stub.onTransact$startActivity$(IActivityManager.java:10084)
07-01 12:35:51.573  1930  2299 W Binder  : 	at android.app.IActivityManager$Stub.onTransact(IActivityManager.java:122)
07-01 12:35:51.573  1930  2299 W Binder  : 	at com.android.server.am.ActivityManagerService.onTransact(ActivityManagerService.java:3291)
07-01 12:35:51.573  1930  2299 W Binder  : 	at android.os.Binder.execTransact(Binder.java:731)
07-01 12:35:51.582 12423 12423 I Monkey  : Events injected: 1
07-01 12:35:51.598 12154 12154 W Activity: Can request only one set of permissions at a time
