07-01 12:39:08.351 13817 13817 I app_process: The ClassLoaderContext is a special shared library.
07-01 12:39:08.352 13817 13817 I app_process: The ClassLoaderContext is a special shared library.
07-01 12:39:08.357 13817 13817 W app_process: CheckJNI: method to register "write" not in the given class. This is slow, consider changing your RegisterNatives calls.
07-01 12:39:08.359 13817 13817 I chatty  : uid=2000(shell) main identical 42 lines
07-01 12:39:08.359 13817 13817 W app_process: CheckJNI: method to register "write" not in the given class. This is slow, consider changing your RegisterNatives calls.
07-01 12:39:08.359 13817 13817 W app_process: CheckJNI: method to register "write_non_chained" not in the given class. This is slow, consider changing your RegisterNatives calls.
07-01 12:39:08.364 13817 13817 I chatty  : uid=2000(shell) main identical 7 lines
07-01 12:39:08.364 13817 13817 W app_process: CheckJNI: method to register "write_non_chained" not in the given class. This is slow, consider changing your RegisterNatives calls.
07-01 12:39:08.380 13817 13817 D AndroidRuntime: Calling main entry com.android.commands.uiautomator.Launcher
07-01 12:39:08.834  1930  1983 I GnssLocationProvider: WakeLock acquired by sendMessage(REPORT_SV_STATUS, 0, com.android.server.location.GnssLocationProvider$SvStatusInfo@47680a)
07-01 12:39:08.835  1930  1943 I GnssLocationProvider: WakeLock released by handleMessage(REPORT_SV_STATUS, 0, com.android.server.location.GnssLocationProvider$SvStatusInfo@47680a)
07-01 12:39:09.408 13817 13817 W AccessibilityNodeInfoDumper: Fetch time: 4ms
07-01 12:39:08.389  1930  1930 V SettingsProvider: Notifying for 0: content://settings/secure/accessibility_enabled
07-01 12:39:09.410  1930  5035 W WindowManager: removeWindowToken: Attempted to remove non-existing token: android.os.Binder@47e9bac
07-01 12:39:09.411  1930  1930 V SettingsProvider: Notifying for 0: content://settings/secure/accessibility_enabled
07-01 12:39:09.421 13817 13817 D AndroidRuntime: Shutting down VM
07-01 12:39:09.455  1930  1948 E BatteryExternalStatsWorker: no controller energy info supplied for wifi
07-01 12:39:09.647 13837 13837 D AndroidRuntime: >>>>>> START com.android.internal.os.RuntimeInit uid 2000 <<<<<<
07-01 12:39:09.692 13837 13837 W app_process: Unexpected CPU variant for X86 using defaults: x86
07-01 12:39:09.693 13837 13837 I app_process: The ClassLoaderContext is a special shared library.
07-01 12:39:09.695 13837 13837 I app_process: The ClassLoaderContext is a special shared library.
07-01 12:39:09.701 13837 13837 W app_process: CheckJNI: method to register "write" not in the given class. This is slow, consider changing your RegisterNatives calls.
07-01 12:39:09.703 13837 13837 I chatty  : uid=2000(shell) main identical 42 lines
07-01 12:39:09.703 13837 13837 W app_process: CheckJNI: method to register "write" not in the given class. This is slow, consider changing your RegisterNatives calls.
07-01 12:39:09.703 13837 13837 W app_process: CheckJNI: method to register "write_non_chained" not in the given class. This is slow, consider changing your RegisterNatives calls.
07-01 12:39:09.703 13837 13837 I chatty  : uid=2000(shell) main identical 7 lines
07-01 12:39:09.703 13837 13837 W app_process: CheckJNI: method to register "write_non_chained" not in the given class. This is slow, consider changing your RegisterNatives calls.
07-01 12:39:09.721 13837 13837 D AndroidRuntime: Calling main entry com.android.commands.uiautomator.Launcher
07-01 12:39:09.735  1930  1930 V SettingsProvider: Notifying for 0: content://settings/secure/accessibility_enabled
07-01 12:39:09.837  1930  1983 I GnssLocationProvider: WakeLock acquired by sendMessage(REPORT_SV_STATUS, 0, com.android.server.location.GnssLocationProvider$SvStatusInfo@3fbfad6)
07-01 12:39:09.838  1930  1943 I GnssLocationProvider: WakeLock released by handleMessage(REPORT_SV_STATUS, 0, com.android.server.location.GnssLocationProvider$SvStatusInfo@3fbfad6)
07-01 12:39:10.312  1930  1943 E memtrack: Couldn't load memtrack module
07-01 12:39:10.312  1930  1943 W android.os.Debug: failed to get memory consumption info: -1
07-01 12:39:10.752 13837 13837 W AccessibilityNodeInfoDumper: Fetch time: 3ms
07-01 12:39:10.753  1930  5035 W WindowManager: removeWindowToken: Attempted to remove non-existing token: android.os.Binder@fc698
07-01 12:39:10.755  1930  1930 V SettingsProvider: Notifying for 0: content://settings/secure/accessibility_enabled
07-01 12:39:10.764 13837 13837 D AndroidRuntime: Shutting down VM
07-01 12:39:10.838  1930  1983 I GnssLocationProvider: WakeLock acquired by sendMessage(REPORT_SV_STATUS, 0, com.android.server.location.GnssLocationProvider$SvStatusInfo@286b444)
07-01 12:39:10.838  1930  1943 I GnssLocationProvider: WakeLock released by handleMessage(REPORT_SV_STATUS, 0, com.android.server.location.GnssLocationProvider$SvStatusInfo@286b444)
07-01 12:39:11.632 13864 13864 D AndroidRuntime: >>>>>> START com.android.internal.os.RuntimeInit uid 2000 <<<<<<
07-01 12:39:11.675 13864 13864 W app_process: Unexpected CPU variant for X86 using defaults: x86
07-01 12:39:11.676 13864 13864 I app_process: The ClassLoaderContext is a special shared library.
07-01 12:39:11.676 13864 13864 I app_process: The ClassLoaderContext is a special shared library.
07-01 12:39:11.685 13864 13864 W app_process: CheckJNI: method to register "write" not in the given class. This is slow, consider changing your RegisterNatives calls.
07-01 12:39:11.687 13864 13864 I chatty  : uid=2000(shell) main identical 42 lines
07-01 12:39:11.687 13864 13864 W app_process: CheckJNI: method to register "write" not in the given class. This is slow, consider changing your RegisterNatives calls.
07-01 12:39:11.687 13864 13864 W app_process: CheckJNI: method to register "write_non_chained" not in the given class. This is slow, consider changing your RegisterNatives calls.
07-01 12:39:11.688 13864 13864 I chatty  : uid=2000(shell) main identical 7 lines
07-01 12:39:11.688 13864 13864 W app_process: CheckJNI: method to register "write_non_chained" not in the given class. This is slow, consider changing your RegisterNatives calls.
07-01 12:39:11.701 13864 13864 D AndroidRuntime: Calling main entry com.android.commands.uiautomator.Launcher
07-01 12:39:11.843  1930  1983 I GnssLocationProvider: WakeLock acquired by sendMessage(REPORT_SV_STATUS, 0, com.android.server.location.GnssLocationProvider$SvStatusInfo@1d78bf3)
07-01 12:39:11.844  1930  1943 I GnssLocationProvider: WakeLock released by handleMessage(REPORT_SV_STATUS, 0, com.android.server.location.GnssLocationProvider$SvStatusInfo@1d78bf3)
07-01 12:39:12.727 13864 13864 W AccessibilityNodeInfoDumper: Fetch time: 2ms
07-01 12:39:11.712  1930  1930 V SettingsProvider: Notifying for 0: content://settings/secure/accessibility_enabled
07-01 12:39:12.728  1930  2299 W WindowManager: removeWindowToken: Attempted to remove non-existing token: android.os.Binder@edfa92d
07-01 12:39:12.728  1930  1930 V SettingsProvider: Notifying for 0: content://settings/secure/accessibility_enabled
07-01 12:39:12.730 13864 13864 D AndroidRuntime: Shutting down VM
07-01 12:39:12.844  1930  1983 I GnssLocationProvider: WakeLock acquired by sendMessage(REPORT_SV_STATUS, 0, com.android.server.location.GnssLocationProvider$SvStatusInfo@53aab29)
07-01 12:39:12.845  1930  1943 I GnssLocationProvider: WakeLock released by handleMessage(REPORT_SV_STATUS, 0, com.android.server.location.GnssLocationProvider$SvStatusInfo@53aab29)
07-01 12:39:13.668 13898 13898 D AndroidRuntime: >>>>>> START com.android.internal.os.RuntimeInit uid 2000 <<<<<<
07-01 12:39:13.710 13898 13898 W app_process: Unexpected CPU variant for X86 using defaults: x86
07-01 12:39:13.712 13898 13898 I app_process: The ClassLoaderContext is a special shared library.
07-01 12:39:13.712 13898 13898 I app_process: The ClassLoaderContext is a special shared library.
07-01 12:39:13.719 13898 13898 W app_process: CheckJNI: method to register "write" not in the given class. This is slow, consider changing your RegisterNatives calls.
07-01 12:39:13.721 13898 13898 I chatty  : uid=2000(shell) main identical 42 lines
07-01 12:39:13.722 13898 13898 W app_process: CheckJNI: method to register "write" not in the given class. This is slow, consider changing your RegisterNatives calls.
07-01 12:39:13.722 13898 13898 W app_process: CheckJNI: method to register "write_non_chained" not in the given class. This is slow, consider changing your RegisterNatives calls.
07-01 12:39:13.722 13898 13898 I chatty  : uid=2000(shell) main identical 7 lines
07-01 12:39:13.722 13898 13898 W app_process: CheckJNI: method to register "write_non_chained" not in the given class. This is slow, consider changing your RegisterNatives calls.
07-01 12:39:13.739 13898 13898 D AndroidRuntime: Calling main entry com.android.commands.uiautomator.Launcher
07-01 12:39:13.850  1930  1983 I GnssLocationProvider: WakeLock acquired by sendMessage(REPORT_SV_STATUS, 0, com.android.server.location.GnssLocationProvider$SvStatusInfo@23647dc)
07-01 12:39:13.852  1930  1943 I GnssLocationProvider: WakeLock released by handleMessage(REPORT_SV_STATUS, 0, com.android.server.location.GnssLocationProvider$SvStatusInfo@23647dc)
07-01 12:39:14.773 13898 13898 W AccessibilityNodeInfoDumper: Fetch time: 4ms
07-01 12:39:13.753  1930  1930 V SettingsProvider: Notifying for 0: content://settings/secure/accessibility_enabled
07-01 12:39:14.774  1930  5035 W WindowManager: removeWindowToken: Attempted to remove non-existing token: android.os.Binder@4d78eae
07-01 12:39:14.776  1930  1930 V SettingsProvider: Notifying for 0: content://settings/secure/accessibility_enabled
07-01 12:39:14.785 13898 13898 D AndroidRuntime: Shutting down VM
07-01 12:39:14.853  1930  1983 I GnssLocationProvider: WakeLock acquired by sendMessage(REPORT_SV_STATUS, 0, com.android.server.location.GnssLocationProvider$SvStatusInfo@491e7ba)
07-01 12:39:14.854  1930  1943 I GnssLocationProvider: WakeLock released by handleMessage(REPORT_SV_STATUS, 0, com.android.server.location.GnssLocationProvider$SvStatusInfo@491e7ba)
07-01 12:39:15.111 13921 13921 D AndroidRuntime: >>>>>> START com.android.internal.os.RuntimeInit uid 2000 <<<<<<
07-01 12:39:15.173 13921 13921 W app_process: Unexpected CPU variant for X86 using defaults: x86
07-01 12:39:15.177 13921 13921 I app_process: The ClassLoaderContext is a special shared library.
07-01 12:39:15.177 13921 13921 I app_process: The ClassLoaderContext is a special shared library.
07-01 12:39:15.185 13921 13921 W app_process: CheckJNI: method to register "write" not in the given class. This is slow, consider changing your RegisterNatives calls.
07-01 12:39:15.188 13921 13921 I chatty  : uid=2000(shell) main identical 42 lines
07-01 12:39:15.188 13921 13921 W app_process: CheckJNI: method to register "write" not in the given class. This is slow, consider changing your RegisterNatives calls.
07-01 12:39:15.188 13921 13921 W app_process: CheckJNI: method to register "write_non_chained" not in the given class. This is slow, consider changing your RegisterNatives calls.
07-01 12:39:15.188 13921 13921 I chatty  : uid=2000(shell) main identical 7 lines
07-01 12:39:15.188 13921 13921 W app_process: CheckJNI: method to register "write_non_chained" not in the given class. This is slow, consider changing your RegisterNatives calls.
07-01 12:39:15.203 13921 13921 D AndroidRuntime: Calling main entry com.android.commands.uiautomator.Launcher
07-01 12:39:15.857  1930  1983 I GnssLocationProvider: WakeLock acquired by sendMessage(REPORT_SV_STATUS, 0, com.android.server.location.GnssLocationProvider$SvStatusInfo@e2b9661)
07-01 12:39:15.858  1930  1943 I GnssLocationProvider: WakeLock released by handleMessage(REPORT_SV_STATUS, 0, com.android.server.location.GnssLocationProvider$SvStatusInfo@e2b9661)
07-01 12:39:16.234 13921 13921 W AccessibilityNodeInfoDumper: Fetch time: 3ms
07-01 12:39:15.220  1930  1930 V SettingsProvider: Notifying for 0: content://settings/secure/accessibility_enabled
07-01 12:39:16.238  1930  2299 W WindowManager: removeWindowToken: Attempted to remove non-existing token: android.os.Binder@a96866b
07-01 12:39:16.239  1930  1930 V SettingsProvider: Notifying for 0: content://settings/secure/accessibility_enabled
07-01 12:39:16.242 13921 13921 D AndroidRuntime: Shutting down VM
07-01 12:39:16.324  1930  5708 I ActivityManager: Force stopping com.android.gpstest appid=10090 user=0: from pid 13936
07-01 12:39:16.325  1930  5708 I ActivityManager: Killing 12154:com.android.gpstest/u0a90 (adj 0): stop com.android.gpstest
07-01 12:39:16.325  1930  1947 W libprocessgroup: kill(-12154, 9) failed: No such process
07-01 12:39:16.326  1930  5708 W ActivityManager: Force removing ActivityRecord{2fe1a3 u0 com.android.gpstest/.GpsTestActivity t18}: app died, no saved state
07-01 12:39:16.347  1646  2364 D gralloc_ranchu: gralloc_alloc: Creating ashmem region of size 8298496
07-01 12:39:16.354  1646  1646 D gralloc_ranchu: gralloc_alloc: Creating ashmem region of size 8298496
07-01 12:39:16.360  2167  2167 D CarrierSvcBindHelper: No carrier app for: 0
07-01 12:39:16.364  1646  1646 D gralloc_ranchu: gralloc_alloc: Creating ashmem region of size 8298496
07-01 12:39:16.371  1930  1947 W libprocessgroup: kill(-12154, 9) failed: No such process
07-01 12:39:16.371  1930  1998 W InputDispatcher: channel 'ec543ee com.android.gpstest/com.android.gpstest.GpsTestActivity (server)' ~ Consumer closed input channel or an error occurred.  events=0x9
07-01 12:39:16.371  1930  1998 E InputDispatcher: channel 'ec543ee com.android.gpstest/com.android.gpstest.GpsTestActivity (server)' ~ Channel is unrecoverably broken and will be disposed!
07-01 12:39:16.372  1930  1998 W InputDispatcher: channel '935cfa2 com.android.gpstest/com.android.gpstest.GpsTestActivity (server)' ~ Consumer closed input channel or an error occurred.  events=0x9
07-01 12:39:16.372  1930  1998 E InputDispatcher: channel '935cfa2 com.android.gpstest/com.android.gpstest.GpsTestActivity (server)' ~ Channel is unrecoverably broken and will be disposed!
07-01 12:39:16.372  1930  1998 W InputDispatcher: channel 'e3e6ba6 com.android.gpstest/com.android.gpstest.GpsTestActivity (server)' ~ Consumer closed input channel or an error occurred.  events=0x9
07-01 12:39:16.372  1930  1998 E InputDispatcher: channel 'e3e6ba6 com.android.gpstest/com.android.gpstest.GpsTestActivity (server)' ~ Channel is unrecoverably broken and will be disposed!
07-01 12:39:16.379  1773  1773 D SurfaceFlinger: duplicate layer name: changing com.google.android.apps.nexuslauncher/com.google.android.apps.nexuslauncher.NexusLauncherActivity to com.google.android.apps.nexuslauncher/com.google.android.apps.nexuslauncher.NexusLauncherActivity#1
07-01 12:39:16.380  1774  1774 I Zygote  : Process 12154 exited due to signal (9)
07-01 12:39:16.385  1646  1646 D gralloc_ranchu: gralloc_alloc: Creating ashmem region of size 8298496
07-01 12:39:16.388  1930  5035 I WindowManager: WIN DEATH: Window{935cfa2 u0 com.android.gpstest/com.android.gpstest.GpsTestActivity}
07-01 12:39:16.388  1930  5035 W InputDispatcher: Attempted to unregister already unregistered input channel '935cfa2 com.android.gpstest/com.android.gpstest.GpsTestActivity (server)'
07-01 12:39:16.390  1646  2364 D gralloc_ranchu: gralloc_alloc: Creating ashmem region of size 8298496
07-01 12:39:16.394  1930  5035 I WindowManager: WIN DEATH: Window{ec543ee u0 com.android.gpstest/com.android.gpstest.GpsTestActivity}
07-01 12:39:16.394  1930  5035 W InputDispatcher: Attempted to unregister already unregistered input channel 'ec543ee com.android.gpstest/com.android.gpstest.GpsTestActivity (server)'
07-01 12:39:16.395  3739  3770 D EGL_emulation: eglMakeCurrent: 0xe2205120: ver 3 0 (tinfo 0xe2203240)
07-01 12:39:16.396  1930  5035 W InputDispatcher: Attempted to unregister already unregistered input channel 'e3e6ba6 com.android.gpstest/com.android.gpstest.GpsTestActivity (server)'
07-01 12:39:16.398  1773  2280 W SurfaceFlinger: Attempting to destroy on removed layer: e3e6ba6 com.android.gpstest/com.android.gpstest.GpsTestActivity#0
07-01 12:39:16.400  1646  1694 D gralloc_ranchu: gralloc_alloc: Creating ashmem region of size 8298496
07-01 12:39:16.403  1930  1952 W ActivityManager: setHasOverlayUi called on unknown pid: 12154
07-01 12:39:16.411  1930  1947 W libprocessgroup: kill(-12154, 9) failed: No such process
07-01 12:39:16.411  1930  1947 I libprocessgroup: Successfully killed process cgroup uid 10090 pid 12154 in 85ms
07-01 12:39:16.415  3014  3014 I GoogleInputMethod: onFinishInput() : Dummy InputConnection bound
07-01 12:39:16.415  3014  3014 I GoogleInputMethod: onStartInput() : Dummy InputConnection bound
07-01 12:39:16.432  2723  2909 D EGL_emulation: eglMakeCurrent: 0xe2206980: ver 3 0 (tinfo 0xe2203910)
07-01 12:39:16.432  3739  3739 W SessionLifecycleManager: Handover failed. Creating new session controller.
07-01 12:39:16.466  2082  2320 D EGL_emulation: eglMakeCurrent: 0xe2205480: ver 3 0 (tinfo 0xe22035a0)
07-01 12:39:16.484  3739  3739 I StreamController: registerScope: nowcards--1709152441540136617
07-01 12:39:16.493  3739 13940 E EntrySyncManager: Cannot determine account name: drop request
07-01 12:39:16.493  3739 13940 E NowController: Failed to access data from EntryProvider. ExecutionException.
07-01 12:39:16.493  3739 13940 E NowController: java.util.concurrent.ExecutionException: com.google.android.apps.gsa.sidekick.main.h.n: Could not complete scheduled request to refresh entries. ClientErrorCode: 3
07-01 12:39:16.493  3739 13940 E NowController: 	at com.google.common.util.concurrent.d.eA(SourceFile:85)
07-01 12:39:16.493  3739 13940 E NowController: 	at com.google.common.util.concurrent.d.get(SourceFile:23)
07-01 12:39:16.493  3739 13940 E NowController: 	at com.google.common.util.concurrent.l.get(SourceFile:2)
07-01 12:39:16.493  3739 13940 E NowController: 	at com.google.android.apps.gsa.staticplugins.nowstream.b.a.be.cbB(SourceFile:49)
07-01 12:39:16.493  3739 13940 E NowController: 	at com.google.android.apps.gsa.staticplugins.nowstream.b.a.be.cbA(SourceFile:181)
07-01 12:39:16.493  3739 13940 E NowController: 	at com.google.android.apps.gsa.staticplugins.nowstream.b.a.bh.run(Unknown Source:2)
07-01 12:39:16.493  3739 13940 E NowController: 	at com.google.android.apps.gsa.shared.util.concurrent.at.run(SourceFile:4)
07-01 12:39:16.493  3739 13940 E NowController: 	at java.util.concurrent.Executors$RunnableAdapter.call(Executors.java:458)
07-01 12:39:16.493  3739 13940 E NowController: 	at java.util.concurrent.FutureTask.run(FutureTask.java:266)
07-01 12:39:16.493  3739 13940 E NowController: 	at java.util.concurrent.Executors$RunnableAdapter.call(Executors.java:458)
07-01 12:39:16.493  3739 13940 E NowController: 	at java.util.concurrent.FutureTask.run(FutureTask.java:266)
07-01 12:39:16.493  3739 13940 E NowController: 	at com.google.android.apps.gsa.shared.util.concurrent.b.g.run(Unknown Source:4)
07-01 12:39:16.493  3739 13940 E NowController: 	at com.google.android.apps.gsa.shared.util.concurrent.b.aw.run(SourceFile:4)
07-01 12:39:16.493  3739 13940 E NowController: 	at com.google.android.apps.gsa.shared.util.concurrent.b.aw.run(SourceFile:4)
07-01 12:39:16.493  3739 13940 E NowController: 	at java.util.concurrent.ThreadPoolExecutor.runWorker(ThreadPoolExecutor.java:1167)
07-01 12:39:16.493  3739 13940 E NowController: 	at java.util.concurrent.ThreadPoolExecutor$Worker.run(ThreadPoolExecutor.java:641)
07-01 12:39:16.493  3739 13940 E NowController: 	at java.lang.Thread.run(Thread.java:764)
07-01 12:39:16.493  3739 13940 E NowController: 	at com.google.android.apps.gsa.shared.util.concurrent.b.i.run(SourceFile:6)
07-01 12:39:16.493  3739 13940 E NowController: Caused by: com.google.android.apps.gsa.sidekick.main.h.n: Could not complete scheduled request to refresh entries. ClientErrorCode: 3
07-01 12:39:16.493  3739 13940 E NowController: 	at com.google.android.apps.gsa.staticplugins.nowstream.b.a.ar.az(Unknown Source:4)
07-01 12:39:16.493  3739 13940 E NowController: 	at com.google.common.util.concurrent.q.ap(SourceFile:7)
07-01 12:39:16.493  3739 13940 E NowController: 	at com.google.common.util.concurrent.p.run(SourceFile:32)
07-01 12:39:16.493  3739 13940 E NowController: 	at com.google.common.util.concurrent.bt.execute(SourceFile:3)
07-01 12:39:16.493  3739 13940 E NowController: 	at com.google.common.util.concurrent.d.b(SourceFile:275)
07-01 12:39:16.493  3739 13940 E NowController: 	at com.google.common.util.concurrent.d.addListener(SourceFile:135)
07-01 12:39:16.493  3739 13940 E NowController: 	at com.google.common.util.concurrent.p.b(SourceFile:3)
07-01 12:39:16.493  3739 13940 E NowController: 	at com.google.android.apps.gsa.shared.util.concurrent.h.a(SourceFile:16)
07-01 12:39:16.493  3739 13940 E NowController: 	at com.google.android.apps.gsa.shared.util.concurrent.h.a(SourceFile:13)
07-01 12:39:16.493  3739 13940 E NowController: 	at com.google.android.apps.gsa.staticplugins.nowstream.b.a.be.cbB(SourceFile:47)
07-01 12:39:16.493  3739 13940 E NowController: 	... 14 more
07-01 12:39:16.504  3739 12008 W LocationOracle: No location history returned by ContextManager
07-01 12:39:16.525  3739  3739 I StreamRenderer: maybeRegisterNowCardsScope(nowcards--1709152441540136617, com.google.android.sidekick.shared.remoteapi.CardRenderingContext@dfb215f)
07-01 12:39:16.592  2067 13008 W ctxmgr  : [AclManager]No 3 for (accnt=account#-517948760#, com.google.android.gms(10012):UserVelocityProducer, vrsn=16089022, 0, 3pPkg = null ,  3pMdlId = null ,  pid = 2067). Was: 3 for 1, account#-517948760# [CONTEXT service_id=47 ]
07-01 12:39:16.599  3739  3739 I StreamController: cleanUpControllerScope(nowcards--1709152441540136617)
07-01 12:39:16.601  3739  3739 I StreamController: registerScope: nowcards--418335954815724715
07-01 12:39:16.612  3739  3739 I StreamRenderer: cleanUpRendererScope(nowcards--1709152441540136617)
07-01 12:39:16.612  3739  3739 I StreamRenderer: maybeRegisterNowCardsScope(nowcards--418335954815724715, com.google.android.sidekick.shared.remoteapi.CardRenderingContext@7aec9a3)
07-01 12:39:16.623  3739  3739 I MicroDetectionWorker: #startMicroDetector [speakerMode: 0]
07-01 12:39:16.624  3739  3739 I AudioController: Using mInputStreamFactoryBuilder
07-01 12:39:16.624  3739  3739 I AudioController: Created new AudioSource
07-01 12:39:16.628  2082  2320 D EGL_emulation: eglMakeCurrent: 0xe2205480: ver 3 0 (tinfo 0xe22035a0)
07-01 12:39:16.631  2082  2320 D EGL_emulation: eglMakeCurrent: 0xe2205480: ver 3 0 (tinfo 0xe22035a0)
07-01 12:39:16.635  3739  7993 E PlaceStateUpdater: Received no places
07-01 12:39:16.641  3739  3739 I MicroDetectionWorker: onReady
07-01 12:39:16.641  2082  2320 D EGL_emulation: eglMakeCurrent: 0xe2205480: ver 3 0 (tinfo 0xe22035a0)
07-01 12:39:16.646  2082  2320 D EGL_emulation: eglMakeCurrent: 0xe2205480: ver 3 0 (tinfo 0xe22035a0)
07-01 12:39:16.651  3739  8924 I MicroRecognitionRunner: Starting detection.
07-01 12:39:16.653  3739 12003 I MicrophoneInputStream: mic_starting  SR : 16000 CC : 16 SO : 6
07-01 12:39:16.658  1654  1704 E         : Request requires android.permission.RECORD_AUDIO
07-01 12:39:16.658  1654  1704 E AudioPolicyIntefaceImpl: getInputForAttr permission denied: recording not allowed for uid 10041 pid 3739
07-01 12:39:16.658  1654  1704 E AudioFlinger: createRecord() checkRecordThread_l failed
07-01 12:39:16.658  3739 12003 E IAudioFlinger: createRecord returned error -22
07-01 12:39:16.658  3739 12003 E AudioRecord: AudioFlinger could not create record track, status: -22
07-01 12:39:16.663  3739 12003 E AudioRecord-JNI: Error creating AudioRecord instance: initialization check failed with status -22.
07-01 12:39:16.664  3739 12003 E android.media.AudioRecord: Error code -20 when initializing native AudioRecord object.
07-01 12:39:16.664  3739 12003 I MicrophoneInputStream: mic_started  SR : 16000 CC : 16 SO : 6
07-01 12:39:16.664  3739 12009 E PlaceStateUpdater: Received no places
07-01 12:39:16.665  3739 12003 E ActivityThread: Failed to find provider info for com.google.android.apps.gsa.testing.ui.audio.recorded
07-01 12:39:16.667  3739 12003 I MicrophoneInputStream: mic_close  SR : 16000 CC : 16 SO : 6
07-01 12:39:16.668  3739  8924 I MicroRecognitionRunner: Detection finished
07-01 12:39:16.668  3739  8924 W ErrorReporter: reportError [type: 211, code: 524300]: Error reading from input stream
07-01 12:39:16.669  3739  3963 I MicroRecognitionRunner: Stopping hotword detection.
07-01 12:39:16.675  3739  3739 I MicroDetectionWorker: onReady
07-01 12:39:16.677  1773  1812 W SurfaceFlinger: Attempting to set client state on removed layer: Surface(name=AppWindowToken{d9bda84 token=Token{df00897 ActivityRecord{b2ca716 u0 com.google.android.apps.nexuslauncher/.NexusLauncherActivity t5}}})/@0xf495694 - animation-leash#0
07-01 12:39:16.677  1773  1812 W SurfaceFlinger: Attempting to destroy on removed layer: Surface(name=AppWindowToken{d9bda84 token=Token{df00897 ActivityRecord{b2ca716 u0 com.google.android.apps.nexuslauncher/.NexusLauncherActivity t5}}})/@0xf495694 - animation-leash#0
07-01 12:39:16.681  3739  8924 W ErrorProcessor: onFatalError, processing error from engine(4)
07-01 12:39:16.681  3739  8924 W ErrorProcessor: com.google.android.apps.gsa.shared.speech.b.g: Error reading from input stream
07-01 12:39:16.681  3739  8924 W ErrorProcessor: 	at com.google.android.apps.gsa.staticplugins.microdetection.d.k.a(SourceFile:91)
07-01 12:39:16.681  3739  8924 W ErrorProcessor: 	at com.google.android.apps.gsa.staticplugins.microdetection.d.l.run(Unknown Source:14)
07-01 12:39:16.681  3739  8924 W ErrorProcessor: 	at com.google.android.libraries.gsa.runner.a.a.b(SourceFile:32)
07-01 12:39:16.681  3739  8924 W ErrorProcessor: 	at com.google.android.libraries.gsa.runner.a.c.call(Unknown Source:4)
07-01 12:39:16.681  3739  8924 W ErrorProcessor: 	at java.util.concurrent.FutureTask.run(FutureTask.java:266)
07-01 12:39:16.681  3739  8924 W ErrorProcessor: 	at java.util.concurrent.Executors$RunnableAdapter.call(Executors.java:458)
07-01 12:39:16.681  3739  8924 W ErrorProcessor: 	at java.util.concurrent.FutureTask.run(FutureTask.java:266)
07-01 12:39:16.681  3739  8924 W ErrorProcessor: 	at com.google.android.apps.gsa.shared.util.concurrent.b.g.run(Unknown Source:4)
07-01 12:39:16.681  3739  8924 W ErrorProcessor: 	at com.google.android.apps.gsa.shared.util.concurrent.b.aw.run(SourceFile:4)
07-01 12:39:16.681  3739  8924 W ErrorProcessor: 	at com.google.android.apps.gsa.shared.util.concurrent.b.aw.run(SourceFile:4)
07-01 12:39:16.681  3739  8924 W ErrorProcessor: 	at java.util.concurrent.ThreadPoolExecutor.runWorker(ThreadPoolExecutor.java:1167)
07-01 12:39:16.681  3739  8924 W ErrorProcessor: 	at java.util.concurrent.ThreadPoolExecutor$Worker.run(ThreadPoolExecutor.java:641)
07-01 12:39:16.681  3739  8924 W ErrorProcessor: 	at java.lang.Thread.run(Thread.java:764)
07-01 12:39:16.681  3739  8924 W ErrorProcessor: 	at com.google.android.apps.gsa.shared.util.concurrent.b.i.run(SourceFile:6)
07-01 12:39:16.681  3739  8924 W ErrorProcessor: Caused by: com.google.android.apps.gsa.shared.exception.GsaIOException: Error code: 393238 | Buffer overflow, no available space.
07-01 12:39:16.681  3739  8924 W ErrorProcessor: 	at com.google.android.apps.gsa.speech.audio.Tee.j(SourceFile:103)
07-01 12:39:16.681  3739  8924 W ErrorProcessor: 	at com.google.android.apps.gsa.speech.audio.au.read(SourceFile:2)
07-01 12:39:16.681  3739  8924 W ErrorProcessor: 	at java.io.InputStream.read(InputStream.java:101)
07-01 12:39:16.681  3739  8924 W ErrorProcessor: 	at com.google.android.apps.gsa.speech.audio.ao.run(SourceFile:17)
07-01 12:39:16.681  3739  8924 W ErrorProcessor: 	at com.google.android.apps.gsa.speech.audio.an.run(SourceFile:2)
07-01 12:39:16.681  3739  8924 W ErrorProcessor: 	at java.util.concurrent.Executors$RunnableAdapter.call(Executors.java:458)
07-01 12:39:16.681  3739  8924 W ErrorProcessor: 	... 10 more
07-01 12:39:16.681  3739  8924 I AudioController: internalShutdown
07-01 12:39:16.693  3739  3739 I MicroDetector: Keeping mic open: false
07-01 12:39:16.693  3739  3739 I MicroDetectionWorker: #onError(false)
07-01 12:39:16.693  3739  7997 I DeviceStateChecker: DeviceStateChecker cancelled
07-01 12:39:16.730  2067 12019 I Places  : ?: Couldn't find platform key file.
07-01 12:39:16.737  2067 13010 I Places  : ?: Couldn't find platform key file.
07-01 12:39:16.768  2067  3420 I Places  : ?: PlacesBleScanner start() with priority 2
07-01 12:39:16.768  2067  3420 I PlaceInferenceEngine: [anon] Changed inference mode: 1
07-01 12:39:16.778  2067  3420 I Places  : Converted 0 out of 1 WiFi scans
07-01 12:39:16.785  2067 12019 I Places  : ?: Couldn't find platform key file.
07-01 12:39:16.787  2067 12019 I Places  : ?: Couldn't find platform key file.
07-01 12:39:16.788  2067 13943 I Places  : ?: Couldn't find platform key file.
07-01 12:39:16.788  2067 13008 I Places  : ?: Couldn't find platform key file.
07-01 12:39:16.805  2067  3420 I PlaceInferenceEngine: [anon] Changed inference mode: 1
07-01 12:39:16.808  2067  3420 I PlaceInferenceEngine: Too few candidate results: percentageOfMissingArea 100
07-01 12:39:16.823  2067 12019 I Places  : ?: Couldn't find platform key file.
07-01 12:39:16.825  2067 13943 I Places  : ?: Couldn't find platform key file.
07-01 12:39:16.827  2067 13010 I Places  : ?: Couldn't find platform key file.
07-01 12:39:16.844  3739  7997 E PlaceStateUpdater: Received no places
07-01 12:39:16.852  1930  1948 E BatteryExternalStatsWorker: no controller energy info supplied for wifi
07-01 12:39:16.861  1930  1983 I GnssLocationProvider: WakeLock acquired by sendMessage(REPORT_SV_STATUS, 0, com.android.server.location.GnssLocationProvider$SvStatusInfo@b3d1fa3)
07-01 12:39:16.861  1930  1943 I GnssLocationProvider: WakeLock released by handleMessage(REPORT_SV_STATUS, 0, com.android.server.location.GnssLocationProvider$SvStatusInfo@b3d1fa3)
07-01 12:39:16.865  2067  3178 E Volley  : [77] BasicNetwork.performRequest: Unexpected response code 429 for https://www.googleapis.com/placesandroid/v1/getPlaceInferenceModelWeights?key=AIzaSyAP-gfH3qvi6vgHZbSYwQ_XHqV_mXHhzIk
07-01 12:39:16.866  2067  3420 W Places  : ?: Failed to download inference model weights PlacesServer
07-01 12:39:16.866  2067  3420 W Places  : com.android.volley.ClientError
07-01 12:39:16.866  2067  3420 W Places  : 	at com.android.volley.toolbox.BasicNetwork.performRequest(:com.google.android.gms@16089022@16.0.89 (040700-239467275):50)
07-01 12:39:16.866  2067  3420 W Places  : 	at rkj.performRequest(:com.google.android.gms@16089022@16.0.89 (040700-239467275):13)
07-01 12:39:16.866  2067  3420 W Places  : 	at com.android.volley.NetworkDispatcher.a(:com.google.android.gms@16089022@16.0.89 (040700-239467275):7)
07-01 12:39:16.866  2067  3420 W Places  : 	at com.android.volley.NetworkDispatcher.run(:com.google.android.gms@16089022@16.0.89 (040700-239467275):2)
07-01 12:39:16.867  2067  3420 W PlaceInferenceEngine: Failed to download model weights. Status code: 7
07-01 12:39:16.867  2067 13008 I Places  : ?: Couldn't find platform key file.
07-01 12:39:16.868  2067 13943 I Places  : ?: Couldn't find platform key file.
07-01 12:39:16.889  2067  3180 E Volley  : [78] BasicNetwork.performRequest: Unexpected response code 429 for https://www.googleapis.com/placesandroid/v1/getPlaceInferenceModels?key=AIzaSyAP-gfH3qvi6vgHZbSYwQ_XHqV_mXHhzIk
07-01 12:39:16.891  2067  3420 W Places  : ?: Failed to download placeinfos
07-01 12:39:16.891  2067  3420 W Places  : com.android.volley.ClientError
07-01 12:39:16.891  2067  3420 W Places  : 	at com.android.volley.toolbox.BasicNetwork.performRequest(:com.google.android.gms@16089022@16.0.89 (040700-239467275):50)
07-01 12:39:16.891  2067  3420 W Places  : 	at rkj.performRequest(:com.google.android.gms@16089022@16.0.89 (040700-239467275):13)
07-01 12:39:16.891  2067  3420 W Places  : 	at com.android.volley.NetworkDispatcher.a(:com.google.android.gms@16089022@16.0.89 (040700-239467275):7)
07-01 12:39:16.891  2067  3420 W Places  : 	at com.android.volley.NetworkDispatcher.run(:com.google.android.gms@16089022@16.0.89 (040700-239467275):2)
07-01 12:39:16.894  2067 12019 I Places  : ?: Couldn't find platform key file.
07-01 12:39:17.862  1930  1983 I GnssLocationProvider: WakeLock acquired by sendMessage(REPORT_SV_STATUS, 0, com.android.server.location.GnssLocationProvider$SvStatusInfo@1c1e59)
07-01 12:39:17.864  1930  1943 I GnssLocationProvider: WakeLock released by handleMessage(REPORT_SV_STATUS, 0, com.android.server.location.GnssLocationProvider$SvStatusInfo@1c1e59)
07-01 12:39:18.870  1930  1983 I GnssLocationProvider: WakeLock acquired by sendMessage(REPORT_SV_STATUS, 0, com.android.server.location.GnssLocationProvider$SvStatusInfo@f0e3a1e)
07-01 12:39:18.872  1930  1943 I GnssLocationProvider: WakeLock released by handleMessage(REPORT_SV_STATUS, 0, com.android.server.location.GnssLocationProvider$SvStatusInfo@f0e3a1e)
07-01 12:39:19.382  1930  2050 E TaskPersister: File error accessing recents directory (directory doesn't exist?).
07-01 12:39:19.618  1930  1944 I ActivityManager: Force stopping com.android.gpstest appid=10090 user=-1: deletePackageX
07-01 12:39:19.694  1779  1779 I keystore: clear_uid 10090
07-01 12:39:19.746  1930  1957 I system_server: Explicit concurrent copying GC freed 56856(2MB) AllocSpace objects, 21(688KB) LOS objects, 38% free, 9MB/15MB, paused 1.809ms total 50.918ms
07-01 12:39:19.753  1930  1957 I ActivityManager: Force stopping com.android.gpstest appid=10090 user=0: pkg removed
07-01 12:39:19.776  1930  1944 W BroadcastQueue: Background execution not allowed: receiving Intent { act=android.intent.action.PACKAGE_REMOVED dat=package:com.android.gpstest flg=0x4000010 (has extras) } to com.android.musicfx/.Compatibility$Receiver
07-01 12:39:19.776  1930  1944 W BroadcastQueue: Background execution not allowed: receiving Intent { act=android.intent.action.PACKAGE_REMOVED dat=package:com.android.gpstest flg=0x4000010 (has extras) } to com.android.vending/com.google.android.finsky.packagemanager.impl.PackageMonitorReceiverImpl$RegisteredReceiver
07-01 12:39:19.777  1930  1944 W BroadcastQueue: Background execution not allowed: receiving Intent { act=android.intent.action.PACKAGE_REMOVED dat=package:com.android.gpstest flg=0x4000010 (has extras) } to com.android.vending/com.google.android.finsky.instantapps.appmanagement.InstantAppRemoveMonitor
07-01 12:39:19.777  5363  5363 I Finsky  : [2] ycb.d(13): PackageMonitorReceiverImpl - Received: android.intent.action.PACKAGE_REMOVED, [1Gs0hyxgBQbxymtIaNymu4YClFghhsGmEnKp-_4-M4A]
07-01 12:39:19.777  5363  5363 I Finsky  : [2] ydc.g(1): Invalidating cached PackageState for com.android.gpstest
07-01 12:39:19.778  1930  1944 W BroadcastQueue: Background execution not allowed: receiving Intent { act=android.intent.action.PACKAGE_REMOVED dat=package:com.android.gpstest flg=0x4000010 (has extras) } to com.google.android.gms/.games.chimera.GamesSystemBroadcastReceiverProxy
07-01 12:39:19.785  1930  1944 W BroadcastQueue: Background execution not allowed: receiving Intent { act=android.intent.action.PACKAGE_REMOVED dat=package:com.android.gpstest flg=0x4000010 (has extras) } to com.google.android.gms/.photos.autobackup.PhotosAppUninstalledReceiver
07-01 12:39:19.785  1930  1944 W BroadcastQueue: Background execution not allowed: receiving Intent { act=android.intent.action.PACKAGE_REMOVED dat=package:com.android.gpstest flg=0x4000010 (has extras) } to com.google.android.gms/.chimera.GmsIntentOperationService$PersistentTrustedReceiver
07-01 12:39:19.786  1930  1944 W BroadcastQueue: Background execution not allowed: receiving Intent { act=android.intent.action.PACKAGE_REMOVED dat=package:com.android.gpstest flg=0x4000010 (has extras) } to com.google.android.googlequicksearchbox/com.google.android.apps.gsa.googlequicksearchbox.GelStubAppWatcher
07-01 12:39:19.793  1930  2050 E TaskPersister: File error accessing recents directory (directory doesn't exist?).
07-01 12:39:19.798  5363  5363 I Finsky  : [2] ydc.p(3): Package no longer installed: com.android.gpstest
07-01 12:39:19.800  5363  5363 I Finsky  : [2] qlq.s(2): Installer: package com.android.gpstest was removed. replacing: false
07-01 12:39:19.801  5363  5363 I Finsky  : [2] qmo.L(12): Installer: Notifying status update. package=com.android.gpstest, status=UNINSTALLED
07-01 12:39:19.802  5363  5363 I Finsky  : [2] alxk.a(3): Do not start WearSupportService due to Wear service optimization
07-01 12:39:19.807  1930  1999 I InputReader: Reconfiguring input devices.  changes=0x00000010
07-01 12:39:19.812  5363  5363 I Finsky  : [2] alxk.a(3): Do not start WearSupportService due to Wear service optimization
07-01 12:39:19.813  5363  5363 I Finsky  : [2] adxl.a(8): Clearing split related stale data.
07-01 12:39:19.815  4291  4291 E CarrierServices: [2] btx.a: Invalid signature found for com.android.contacts: 18B66F4996F3D01CEAD29D3A3AA81801E7950B82
07-01 12:39:19.817  2067  2067 I GeofencerStateMachine: removeGeofences: removeRequest=RemoveGeofencingRequest[REMOVE_ALL packageName=com.android.gpstest]
07-01 12:39:19.820  5363  5363 I Finsky  : [2] ydc.p(3): Package no longer installed: com.android.gpstest
07-01 12:39:19.827  5363  5363 I Finsky  : [2] qmo.O(7): Installer: found apps to install. isMultiUserMode=false, apps=[]
07-01 12:39:19.832  4291  4291 E CarrierServices: [2] btx.a: Invalid signature found for com.android.contacts: 18B66F4996F3D01CEAD29D3A3AA81801E7950B82
07-01 12:39:19.834  1930  1930 I ConditionProviders: Disallowing condition provider com.android.gpstest
07-01 12:39:19.841  5363 13972 I Finsky  : [564] gvx.a(12): Asset module storage cleared for package com.android.gpstest.
07-01 12:39:19.841  5363 13970 I Finsky  : [562] otz.run(16): Frosting DB delete succeeded: true
07-01 12:39:19.842  5363 13970 I Finsky  : [562] otz.run(16): Frosting DB delete succeeded: false
07-01 12:39:19.866  1930  2024 D WifiConfigManager: Remove all networks for app ApplicationInfo{90ad95c com.android.gpstest}
07-01 12:39:19.868  1930  1983 I GnssLocationProvider: WakeLock acquired by sendMessage(REPORT_SV_STATUS, 0, com.android.server.location.GnssLocationProvider$SvStatusInfo@53b65eb)
07-01 12:39:19.872  2167  2167 D CarrierSvcBindHelper: No carrier app for: 0
07-01 12:39:19.892  5363  5363 I Finsky  : [2] ycb.d(13): PackageMonitorReceiverImpl - Received: android.intent.action.PACKAGE_FULLY_REMOVED, [1Gs0hyxgBQbxymtIaNymu4YClFghhsGmEnKp-_4-M4A]
07-01 12:39:19.893  5363  5363 I Finsky  : [2] ydc.g(1): Invalidating cached PackageState for com.android.gpstest
07-01 12:39:19.893  5363  5363 I Finsky  : [2] ydc.p(3): Package no longer installed: com.android.gpstest
07-01 12:39:19.894  5363  5363 I Finsky  : [2] ycb.d(16): PackageMonitorReceiverImpl - Deduping intent android.intent.action.PACKAGE_FULLY_REMOVED
07-01 12:39:19.897  2458 13990 W PeopleContactsSync: CP2 sync disabled by gservices.
07-01 12:39:19.899  5363 13981 I Finsky  : [571] rab.C(2): IQ: Notifying installation update. package=com.android.gpstest, status=UNINSTALLED
07-01 12:39:19.899  2458 13989 I LocationSettingsChecker: Removing dialog suppression flag for package com.android.gpstest
07-01 12:39:19.900  5363 13970 I Finsky  : [562] otz.run(16): Frosting DB delete succeeded: false
07-01 12:39:19.902  2458 12143 I ContentMaintenance: Internal cache bytes used: 0; limit: 100000000; download size: 0
07-01 12:39:19.917  1930  1943 I GnssLocationProvider: WakeLock released by handleMessage(REPORT_SV_STATUS, 0, com.android.server.location.GnssLocationProvider$SvStatusInfo@53b65eb)
07-01 12:39:19.942  1797  1800 D hwcomposer: hw_composer sent 12 syncs in 163s
07-01 12:39:19.943  5363 13971 I Finsky  : [563] jmd.a(15): [ContentSync] finished, scheduled=true
07-01 12:39:19.944  5363  5363 I Finsky  : [2] abwt.b(5): SCH: Jobs in database: 1-1337 2-48879 12-1 24-77777777 26-1414141414 31-305419896 
07-01 12:39:19.945  5363  5363 I Finsky  : [2] abvf.d(37): SCH: ConstraintMapping: 24-77777777,  -> L: 0ms, D: 75716704ms, C: false, I: true, N: 0
07-01 12:39:19.945  5363  5363 I Finsky  : [2] abvf.d(37): SCH: ConstraintMapping: 1-1337, 12-1, 31-305419896,  -> L: 14861ms, D: 72856201ms, C: false, I: false, N: 1
07-01 12:39:19.945  5363  5363 I Finsky  : [2] abvf.d(37): SCH: ConstraintMapping: 2-48879,  -> L: 0ms, D: 79310330ms, C: true, I: true, N: 2
07-01 12:39:19.945  5363  5363 I Finsky  : [2] abvf.d(37): SCH: ConstraintMapping: 26-1414141414,  -> L: 37053861ms, D: 37953861ms, C: false, I: false, N: 0
07-01 12:39:19.951  2458 12143 I RealtimeCacheCleanup: Beginning Realtime garbage collection.
07-01 12:39:19.952  2458 12143 I RealtimeCacheCleanup: Finished Realtime garbage collection.
07-01 12:39:19.955  2458 11646 I Icing   : doRemovePackageData com.android.gpstest
07-01 12:39:19.959  8047 13965 I ProvidersCache: Provider returned no roots. Possibly naughty: com.google.android.apps.docs.storage
07-01 12:39:19.969  5363 13981 I Finsky  : [571] rab.t(33): IQ: No matching installs to run for jobs: []
07-01 12:39:19.979  5363  5363 I Finsky  : [2] abvf.f(7): SCH: Cancelling existing jobscheduler jobs: 9006 9001 9000 9002 
07-01 12:39:19.979  5363  5363 I Finsky  : [2] abvf.e(23): SCH: Scheduling job Id: 9003, L: 0, D: 75716704, C: false, I: true, N: 0
07-01 12:39:19.984  5363  5363 I Finsky  : [2] abvf.e(23): SCH: Scheduling job Id: 9004, L: 14861, D: 72856201, C: false, I: false, N: 1
07-01 12:39:19.989  5363  5363 I Finsky  : [2] abvf.e(23): SCH: Scheduling job Id: 9005, L: 0, D: 79310330, C: true, I: true, N: 2
07-01 12:39:19.992  5363  5363 I Finsky  : [2] abvf.e(23): SCH: Scheduling job Id: 9007, L: 37053861, D: 37953861, C: false, I: false, N: 0
07-01 12:39:19.995  2458  4701 I Icing   : IndexChimeraService.getServiceInterface callingPackage=com.google.android.gms componentName=AppsCorpus serviceId=SEARCH_QUERIES
07-01 12:39:20.001  2458 13988 I PackageActionReceiver: Package com.android.gpstest uninstalled. Removing from storage. [CONTEXT service_id=156 ]
07-01 12:39:20.004  2458  3558 I Icing   : IndexChimeraService.getServiceInterface callingPackage=com.google.android.gms componentName=AppsCorpus serviceId=SEARCH_CORPORA
07-01 12:39:20.074  2458 11646 I Icing   : Usage reports ok 0, Failed Usage reports 0, indexed 0, rejected 0, imm upload false
07-01 12:39:20.122  2458 11646 I Icing   : Usage reports ok 0, Failed Usage reports 0, indexed 0, rejected 0, imm upload false
07-01 12:39:20.154  1930  1957 I PackageManager.DexOptimizer: Running dexopt (dexoptNeeded=1) on: /data/app/com.android.gpstest-Gw_BtQaQWx2nRO2B5PqpoA==/base.apk pkg=com.android.gpstest isa=x86 dexoptFlags=boot_complete,profile_guided,public,enable_hidden_api_checks targetFilter=speed-profile oatDir=/data/app/com.android.gpstest-Gw_BtQaQWx2nRO2B5PqpoA==/oat classLoaderContext=PCL[/system/framework/org.apache.http.legacy.boot.jar]
07-01 12:39:20.155  1778  5350 V installed: DexInv: --- BEGIN '/data/app/com.android.gpstest-Gw_BtQaQWx2nRO2B5PqpoA==/base.apk' ---
07-01 12:39:20.166 14005 14005 W dex2oat : Unexpected CPU variant for X86 using defaults: x86
07-01 12:39:20.167 14005 14005 W dex2oat : Mismatch between dex2oat instruction set features (ISA: X86 Feature string: -ssse3,-sse4.1,-sse4.2,-avx,-avx2,-popcnt) and those of dex2oat executable (ISA: X86 Feature string: ssse3,-sse4.1,-sse4.2,-avx,-avx2,-popcnt) for the command line:
07-01 12:39:20.167 14005 14005 W dex2oat : /system/bin/dex2oat --zip-fd=8 --zip-location=base.apk --input-vdex-fd=-1 --output-vdex-fd=10 --oat-fd=9 --oat-location=/data/app/com.android.gpstest-Gw_BtQaQWx2nRO2B5PqpoA==/oat/x86/base.odex --instruction-set=x86 --instruction-set-variant=x86 --instruction-set-features=default --runtime-arg -Xms64m --runtime-arg -Xmx512m --compiler-filter=speed-profile --swap-fd=11 --app-image-fd=12 --image-format=lz4 --classpath-dir=/data/app/com.android.gpstest-Gw_BtQaQWx2nRO2B5PqpoA== --class-loader-context=PCL[/system/framework/org.apache.http.legacy.boot.jar] --generate-mini-debug-info --compact-dex-level=none --runtime-arg -Xtarget-sdk-version:29 --runtime-arg -Xhidden-api-checks --compilation-reason=install
07-01 12:39:20.167 14005 14005 I dex2oat : /system/bin/dex2oat --input-vdex-fd=-1 --output-vdex-fd=10 --compiler-filter=speed-profile --classpath-dir=/data/app/com.android.gpstest-Gw_BtQaQWx2nRO2B5PqpoA== --class-loader-context=PCL[/system/framework/org.apache.http.legacy.boot.jar] --generate-mini-debug-info --compact-dex-level=none --compilation-reason=install
07-01 12:39:20.874  1930  1983 I GnssLocationProvider: WakeLock acquired by sendMessage(REPORT_SV_STATUS, 0, com.android.server.location.GnssLocationProvider$SvStatusInfo@258054)
07-01 12:39:20.875  1930  1943 I GnssLocationProvider: WakeLock released by handleMessage(REPORT_SV_STATUS, 0, com.android.server.location.GnssLocationProvider$SvStatusInfo@258054)
07-01 12:39:21.171  2458 13995 I Icing   : Indexing com.google.android.gms-apps from com.google.android.gms
07-01 12:39:21.187  2458 13995 I Icing   : Indexing done com.google.android.gms-apps
07-01 12:39:21.452 14005 14005 I dex2oat : Explicit concurrent copying GC freed 9621(2MB) AllocSpace objects, 0(0B) LOS objects, 99% free, 896B/1536KB, paused 286us total 2.510ms
07-01 12:39:21.523 14005 14005 I dex2oat : dex2oat took 1.357s (4.552s cpu) (threads: 4) arena alloc=3KB (3168B) java alloc=16KB (17280B) native alloc=3MB (4024184B) free=2MB (2791560B)
07-01 12:39:21.527  1778  5350 V installed: DexInv: --- END '/data/app/com.android.gpstest-Gw_BtQaQWx2nRO2B5PqpoA==/base.apk' (success) ---
07-01 12:39:21.529  1930  1957 V BackupManagerService: restoreAtInstall pkg=com.android.gpstest token=7 restoreSet=0
07-01 12:39:21.529  1930  1957 V BackupManagerService: Finishing install immediately
07-01 12:39:21.531  1778  5350 E         : Couldn't opendir /data/app/vmdl674829595.tmp: No such file or directory
07-01 12:39:21.531  1778  5350 E installd: Failed to delete /data/app/vmdl674829595.tmp: No such file or directory
07-01 12:39:21.542  1930  1999 I InputReader: Reconfiguring input devices.  changes=0x00000010
07-01 12:39:21.552  1930  1930 I Telecom : DefaultDialerCache: Refreshing default dialer for user 0: now com.google.android.dialer: DDC.oR@ANw
07-01 12:39:21.553  5363  5363 I Finsky  : [2] ycb.d(13): PackageMonitorReceiverImpl - Received: android.intent.action.PACKAGE_ADDED, [1Gs0hyxgBQbxymtIaNymu4YClFghhsGmEnKp-_4-M4A]
07-01 12:39:21.553  5363  5363 I Finsky  : [2] ydc.g(1): Invalidating cached PackageState for com.android.gpstest
07-01 12:39:21.557  1930  1930 V BackupManagerConstants: getFullBackupIntervalMilliseconds(...) returns 86400000
07-01 12:39:21.558  1930  5451 W BroadcastQueue: Background execution not allowed: receiving Intent { act=android.intent.action.PACKAGE_ADDED dat=package:com.android.gpstest flg=0x4000010 (has extras) } to com.android.musicfx/.Compatibility$Receiver
07-01 12:39:21.562  4291  4291 I CarrierServices: [2] RcsAutoStartReceiver.b: carrierServicesJibeServiceEnabled changed from true to true
07-01 12:39:21.563  4291  4291 I CarrierServices: [2] RcsAutoStartReceiver.b: enableRcs changed from true to true
07-01 12:39:21.564  4291  4291 I CarrierServices: [2] RcsAutoStartReceiver.b: RcsAutoStartReceiver triggered. Fetching RCS State. Action: android.intent.action.PACKAGE_ADDED
07-01 12:39:21.564  1930  1944 W BroadcastQueue: Background execution not allowed: receiving Intent { act=android.intent.action.PACKAGE_ADDED dat=package:com.android.gpstest flg=0x4000010 (has extras) } to com.android.vending/com.google.android.finsky.packagemanager.impl.PackageMonitorReceiverImpl$RegisteredReceiver
07-01 12:39:21.564  1930  1944 W BroadcastQueue: Background execution not allowed: receiving Intent { act=android.intent.action.PACKAGE_ADDED dat=package:com.android.gpstest flg=0x4000010 (has extras) } to com.google.android.gms/.games.chimera.GamesSystemBroadcastReceiverProxy
07-01 12:39:21.564  5363  5363 I Finsky  : [2] ouk.d(2): Frosting ID looked up on UI thread. Caller should move to a background thread.
07-01 12:39:21.564  1930  1944 W BroadcastQueue: Background execution not allowed: receiving Intent { act=android.intent.action.PACKAGE_ADDED dat=package:com.android.gpstest flg=0x4000010 (has extras) } to com.google.android.gms/.gass.chimera.PackageChangeBroadcastReceiver
07-01 12:39:21.564  1930  1944 W BroadcastQueue: Background execution not allowed: receiving Intent { act=android.intent.action.PACKAGE_ADDED dat=package:com.android.gpstest flg=0x4000010 (has extras) } to com.google.android.gms/.chimera.GmsIntentOperationService$PersistentTrustedReceiver
07-01 12:39:21.564  1930  1944 W BroadcastQueue: Background execution not allowed: receiving Intent { act=android.intent.action.PACKAGE_ADDED dat=package:com.android.gpstest flg=0x4000010 (has extras) } to com.google.android.googlequicksearchbox/com.google.android.apps.gsa.googlequicksearchbox.GelStubAppWatcher
07-01 12:39:21.565  1930  1944 W BroadcastQueue: Background execution not allowed: receiving Intent { act=android.intent.action.PACKAGE_ADDED dat=package:com.android.gpstest flg=0x4000010 (has extras) } to com.google.android.ims/.receivers.RcsAutoStartReceiver
07-01 12:39:21.566  5363 13971 I Finsky  : [563] jmd.a(15): [ContentSync] finished, scheduled=false
07-01 12:39:21.567  3739  7997 I EventLogSendingHelper: Sending log events.
07-01 12:39:21.567  5363  5363 I Finsky  : [2] alxk.a(3): Do not start WearSupportService due to Wear service optimization
07-01 12:39:21.569  5363  5363 I Finsky  : [2] alxk.a(3): Do not start WearSupportService due to Wear service optimization
07-01 12:39:21.569  5363  5363 I Finsky  : [2] adxl.a(8): Clearing split related stale data.
07-01 12:39:21.577  5363  5363 I Finsky  : [2] ouk.d(2): Frosting ID looked up on UI thread. Caller should move to a background thread.
