01-14 13:18:32.436 27317 27317 I AccessibilityNodeInfoDumper: Skipping invisible child: android.view.accessibility.AccessibilityNodeInfo@8000e987; boundsInParent: Rect(0, 0 - 1080, 1731); boundsInScreen: Rect(1080, 63 - 1080, 1794); packageName: com.genonbeta.TrebleShot; className: android.widget.RelativeLayout; text: null; error: null; maxTextLength: -1; contentDescription: null; viewIdResName: null; checkable: false; checked: false; focusable: false; focused: false; selected: false; clickable: false; longClickable: false; contextClickable: false; enabled: true; password: false; scrollable: false; actions: [AccessibilityAction: ACTION_SELECT - null, AccessibilityAction: ACTION_CLEAR_SELECTION - null, AccessibilityAction: ACTION_ACCESSIBILITY_FOCUS - null, AccessibilityAction: ACTION_SHOW_ON_SCREEN - null]
01-14 13:18:32.438 27317 27317 W AccessibilityNodeInfoDumper: Fetch time: 4ms
01-14 13:18:32.439  1697  2651 W WindowManager: Attempted to remove non-existing token: android.os.Binder@b741237
01-14 13:18:32.445 27317 27317 D AndroidRuntime: Shutting down VM
01-14 13:18:33.419 27346 27346 D AndroidRuntime: >>>>>> START com.android.internal.os.RuntimeInit uid 2000 <<<<<<
01-14 13:18:33.421 27346 27346 D AndroidRuntime: CheckJNI is OFF
01-14 13:18:33.439 27346 27346 W art     : Unexpected CPU variant for X86 using defaults: x86_64
01-14 13:18:33.444 27346 27346 D ICU     : No timezone override file found: /data/local/tmp/misc/zoneinfo/current/icu/icu_tzdata.dat
01-14 13:18:33.464 27346 27346 E memtrack: Couldn't load memtrack module (No such file or directory)
01-14 13:18:33.464 27346 27346 E android.os.Debug: failed to load memtrack module: -2
01-14 13:18:33.464 27346 27346 I Radio-JNI: register_android_hardware_Radio DONE
01-14 13:18:33.469 27346 27346 D AndroidRuntime: Calling main entry com.android.commands.uiautomator.Launcher
01-14 13:18:34.500 27346 27346 I AccessibilityNodeInfoDumper: Skipping invisible child: android.view.accessibility.AccessibilityNodeInfo@8000c7c6; boundsInParent: Rect(0, 0 - 1080, 1731); boundsInScreen: Rect(0, 63 - 0, 1794); packageName: com.genonbeta.TrebleShot; className: android.widget.LinearLayout; text: null; error: null; maxTextLength: -1; contentDescription: null; viewIdResName: null; checkable: false; checked: false; focusable: false; focused: false; selected: false; clickable: false; longClickable: false; contextClickable: false; enabled: true; password: false; scrollable: false; actions: [AccessibilityAction: ACTION_SELECT - null, AccessibilityAction: ACTION_CLEAR_SELECTION - null, AccessibilityAction: ACTION_ACCESSIBILITY_FOCUS - null, AccessibilityAction: ACTION_SHOW_ON_SCREEN - null]
01-14 13:18:34.500 27346 27346 I AccessibilityNodeInfoDumper: Skipping invisible child: android.view.accessibility.AccessibilityNodeInfo@8000e98f; boundsInParent: Rect(0, 0 - 1080, 1731); boundsInScreen: Rect(1080, 63 - 1080, 1794); packageName: com.genonbeta.TrebleShot; className: android.widget.RelativeLayout; text: null; error: null; maxTextLength: -1; contentDescription: null; viewIdResName: null; checkable: false; checked: false; focusable: false; focused: false; selected: false; clickable: false; longClickable: false; contextClickable: false; enabled: true; password: false; scrollable: false; actions: [AccessibilityAction: ACTION_SELECT - null, AccessibilityAction: ACTION_CLEAR_SELECTION - null, AccessibilityAction: ACTION_ACCESSIBILITY_FOCUS - null, AccessibilityAction: ACTION_SHOW_ON_SCREEN - null]
01-14 13:18:34.502 27346 27346 W AccessibilityNodeInfoDumper: Fetch time: 4ms
01-14 13:18:34.503  1697  1842 W WindowManager: Attempted to remove non-existing token: android.os.Binder@e3aa50d
01-14 13:18:34.510 27346 27346 D AndroidRuntime: Shutting down VM
01-14 13:18:34.838 27364 27364 D AndroidRuntime: >>>>>> START com.android.internal.os.RuntimeInit uid 2000 <<<<<<
01-14 13:18:34.839 27364 27364 D AndroidRuntime: CheckJNI is OFF
01-14 13:18:34.859 27364 27364 W art     : Unexpected CPU variant for X86 using defaults: x86_64
01-14 13:18:34.863 27364 27364 D ICU     : No timezone override file found: /data/local/tmp/misc/zoneinfo/current/icu/icu_tzdata.dat
01-14 13:18:34.885 27364 27364 E memtrack: Couldn't load memtrack module (No such file or directory)
01-14 13:18:34.885 27364 27364 E android.os.Debug: failed to load memtrack module: -2
01-14 13:18:34.886 27364 27364 I Radio-JNI: register_android_hardware_Radio DONE
01-14 13:18:34.891 27364 27364 D AndroidRuntime: Calling main entry com.android.commands.uiautomator.Launcher
01-14 13:18:35.925 27364 27364 I AccessibilityNodeInfoDumper: Skipping invisible child: android.view.accessibility.AccessibilityNodeInfo@8000c7d1; boundsInParent: Rect(0, 0 - 1080, 1731); boundsInScreen: Rect(0, 63 - 0, 1794); packageName: com.genonbeta.TrebleShot; className: android.widget.LinearLayout; text: null; error: null; maxTextLength: -1; contentDescription: null; viewIdResName: null; checkable: false; checked: false; focusable: false; focused: false; selected: false; clickable: false; longClickable: false; contextClickable: false; enabled: true; password: false; scrollable: false; actions: [AccessibilityAction: ACTION_SELECT - null, AccessibilityAction: ACTION_CLEAR_SELECTION - null, AccessibilityAction: ACTION_ACCESSIBILITY_FOCUS - null, AccessibilityAction: ACTION_SHOW_ON_SCREEN - null]
01-14 13:18:35.926 27364 27364 I AccessibilityNodeInfoDumper: Skipping invisible child: android.view.accessibility.AccessibilityNodeInfo@8000e99a; boundsInParent: Rect(0, 0 - 1080, 1731); boundsInScreen: Rect(1080, 63 - 1080, 1794); packageName: com.genonbeta.TrebleShot; className: android.widget.RelativeLayout; text: null; error: null; maxTextLength: -1; contentDescription: null; viewIdResName: null; checkable: false; checked: false; focusable: false; focused: false; selected: false; clickable: false; longClickable: false; contextClickable: false; enabled: true; password: false; scrollable: false; actions: [AccessibilityAction: ACTION_SELECT - null, AccessibilityAction: ACTION_CLEAR_SELECTION - null, AccessibilityAction: ACTION_ACCESSIBILITY_FOCUS - null, AccessibilityAction: ACTION_SHOW_ON_SCREEN - null]
01-14 13:18:35.928 27364 27364 W AccessibilityNodeInfoDumper: Fetch time: 3ms
01-14 13:18:35.929  1697  2651 W WindowManager: Attempted to remove non-existing token: android.os.Binder@d6d9ad3
01-14 13:18:35.936 27364 27364 D AndroidRuntime: Shutting down VM
01-14 13:18:36.915 27392 27392 D AndroidRuntime: >>>>>> START com.android.internal.os.RuntimeInit uid 2000 <<<<<<
01-14 13:18:36.917 27392 27392 D AndroidRuntime: CheckJNI is OFF
01-14 13:18:36.936 27392 27392 W art     : Unexpected CPU variant for X86 using defaults: x86_64
01-14 13:18:36.939 27392 27392 D ICU     : No timezone override file found: /data/local/tmp/misc/zoneinfo/current/icu/icu_tzdata.dat
01-14 13:18:36.958 27392 27392 E memtrack: Couldn't load memtrack module (No such file or directory)
01-14 13:18:36.958 27392 27392 E android.os.Debug: failed to load memtrack module: -2
01-14 13:18:36.959 27392 27392 I Radio-JNI: register_android_hardware_Radio DONE
01-14 13:18:36.964 27392 27392 D AndroidRuntime: Calling main entry com.android.commands.uiautomator.Launcher
01-14 13:18:37.995 27392 27392 I AccessibilityNodeInfoDumper: Skipping invisible child: android.view.accessibility.AccessibilityNodeInfo@8000c7da; boundsInParent: Rect(0, 0 - 1080, 1731); boundsInScreen: Rect(0, 63 - 0, 1794); packageName: com.genonbeta.TrebleShot; className: android.widget.LinearLayout; text: null; error: null; maxTextLength: -1; contentDescription: null; viewIdResName: null; checkable: false; checked: false; focusable: false; focused: false; selected: false; clickable: false; longClickable: false; contextClickable: false; enabled: true; password: false; scrollable: false; actions: [AccessibilityAction: ACTION_SELECT - null, AccessibilityAction: ACTION_CLEAR_SELECTION - null, AccessibilityAction: ACTION_ACCESSIBILITY_FOCUS - null, AccessibilityAction: ACTION_SHOW_ON_SCREEN - null]
01-14 13:18:37.995 27392 27392 I AccessibilityNodeInfoDumper: Skipping invisible child: android.view.accessibility.AccessibilityNodeInfo@8000e9a3; boundsInParent: Rect(0, 0 - 1080, 1731); boundsInScreen: Rect(1080, 63 - 1080, 1794); packageName: com.genonbeta.TrebleShot; className: android.widget.RelativeLayout; text: null; error: null; maxTextLength: -1; contentDescription: null; viewIdResName: null; checkable: false; checked: false; focusable: false; focused: false; selected: false; clickable: false; longClickable: false; contextClickable: false; enabled: true; password: false; scrollable: false; actions: [AccessibilityAction: ACTION_SELECT - null, AccessibilityAction: ACTION_CLEAR_SELECTION - null, AccessibilityAction: ACTION_ACCESSIBILITY_FOCUS - null, AccessibilityAction: ACTION_SHOW_ON_SCREEN - null]
01-14 13:18:37.997 27392 27392 W AccessibilityNodeInfoDumper: Fetch time: 4ms
01-14 13:18:37.997  1697  1870 W WindowManager: Attempted to remove non-existing token: android.os.Binder@4798509
01-14 13:18:38.004 27392 27392 D AndroidRuntime: Shutting down VM
01-14 13:18:39.061 27427 27427 D AndroidRuntime: >>>>>> START com.android.internal.os.RuntimeInit uid 2000 <<<<<<
01-14 13:18:39.062 27427 27427 D AndroidRuntime: CheckJNI is OFF
01-14 13:18:39.080 27427 27427 W art     : Unexpected CPU variant for X86 using defaults: x86_64
01-14 13:18:39.084 27427 27427 D ICU     : No timezone override file found: /data/local/tmp/misc/zoneinfo/current/icu/icu_tzdata.dat
01-14 13:18:39.101 27427 27427 E memtrack: Couldn't load memtrack module (No such file or directory)
01-14 13:18:39.101 27427 27427 E android.os.Debug: failed to load memtrack module: -2
01-14 13:18:39.102 27427 27427 I Radio-JNI: register_android_hardware_Radio DONE
01-14 13:18:39.106 27427 27427 D AndroidRuntime: Calling main entry com.android.commands.uiautomator.Launcher
01-14 13:18:40.138 27427 27427 I AccessibilityNodeInfoDumper: Skipping invisible child: android.view.accessibility.AccessibilityNodeInfo@8000c7e2; boundsInParent: Rect(0, 0 - 1080, 1731); boundsInScreen: Rect(0, 63 - 0, 1794); packageName: com.genonbeta.TrebleShot; className: android.widget.LinearLayout; text: null; error: null; maxTextLength: -1; contentDescription: null; viewIdResName: null; checkable: false; checked: false; focusable: false; focused: false; selected: false; clickable: false; longClickable: false; contextClickable: false; enabled: true; password: false; scrollable: false; actions: [AccessibilityAction: ACTION_SELECT - null, AccessibilityAction: ACTION_CLEAR_SELECTION - null, AccessibilityAction: ACTION_ACCESSIBILITY_FOCUS - null, AccessibilityAction: ACTION_SHOW_ON_SCREEN - null]
01-14 13:18:40.138 27427 27427 I AccessibilityNodeInfoDumper: Skipping invisible child: android.view.accessibility.AccessibilityNodeInfo@8000e9ab; boundsInParent: Rect(0, 0 - 1080, 1731); boundsInScreen: Rect(1080, 63 - 1080, 1794); packageName: com.genonbeta.TrebleShot; className: android.widget.RelativeLayout; text: null; error: null; maxTextLength: -1; contentDescription: null; viewIdResName: null; checkable: false; checked: false; focusable: false; focused: false; selected: false; clickable: false; longClickable: false; contextClickable: false; enabled: true; password: false; scrollable: false; actions: [AccessibilityAction: ACTION_SELECT - null, AccessibilityAction: ACTION_CLEAR_SELECTION - null, AccessibilityAction: ACTION_ACCESSIBILITY_FOCUS - null, AccessibilityAction: ACTION_SHOW_ON_SCREEN - null]
01-14 13:18:40.141 27427 27427 W AccessibilityNodeInfoDumper: Fetch time: 5ms
01-14 13:18:40.142  1697  2207 W WindowManager: Attempted to remove non-existing token: android.os.Binder@56d112f
01-14 13:18:40.147 27427 27427 D AndroidRuntime: Shutting down VM
01-14 13:18:40.807  1352  1384 E SurfaceFlinger: ro.sf.lcd_density must be defined as a build property
01-14 13:18:40.810  1352  1368 D gralloc_ranchu: gralloc_alloc: Creating ashmem region of size 8294400
01-14 13:18:40.815 27443 27443 D         : HostConnection::get() New Host Connection established 0x7a2019c2d4e0, tid 27443
01-14 13:18:41.139 27448 27448 D AndroidRuntime: >>>>>> START com.android.internal.os.RuntimeInit uid 2000 <<<<<<
01-14 13:18:41.143 27448 27448 D AndroidRuntime: CheckJNI is OFF
01-14 13:18:41.165 27448 27448 W art     : Unexpected CPU variant for X86 using defaults: x86_64
01-14 13:18:41.171 27448 27448 D ICU     : No timezone override file found: /data/misc/zoneinfo/current/icu/icu_tzdata.dat
01-14 13:18:41.200 27448 27448 E memtrack: Couldn't load memtrack module (No such file or directory)
01-14 13:18:41.200 27448 27448 E android.os.Debug: failed to load memtrack module: -2
01-14 13:18:41.200 27448 27448 I Radio-JNI: register_android_hardware_Radio DONE
01-14 13:18:41.208 27448 27448 D AndroidRuntime: Calling main entry com.android.commands.am.Am
01-14 13:18:41.223 20770 20770 D MediaScannerReceiver: action: android.intent.action.MEDIA_SCANNER_SCAN_FILE path: /storage/emulated/0/screen.png
01-14 13:18:41.229 27448 27448 D AndroidRuntime: Shutting down VM
01-14 13:18:43.766 27461 27461 D AndroidRuntime: >>>>>> START com.android.internal.os.RuntimeInit uid 2000 <<<<<<
01-14 13:18:43.769 27461 27461 D AndroidRuntime: CheckJNI is OFF
01-14 13:18:43.792 27461 27461 W art     : Unexpected CPU variant for X86 using defaults: x86_64
01-14 13:18:43.796 27461 27461 D ICU     : No timezone override file found: /data/local/tmp/misc/zoneinfo/current/icu/icu_tzdata.dat
01-14 13:18:43.830 27461 27461 E memtrack: Couldn't load memtrack module (No such file or directory)
01-14 13:18:43.830 27461 27461 E android.os.Debug: failed to load memtrack module: -2
01-14 13:18:43.832 27461 27461 I Radio-JNI: register_android_hardware_Radio DONE
01-14 13:18:43.838 27461 27461 D AndroidRuntime: Calling main entry com.android.commands.uiautomator.Launcher
01-14 13:18:44.137  1854  1854 W GCM     : Heartbeat timeout, GCM connection reset -4
01-14 13:18:44.144  1854 27472 E WakeLock: GCM_HB_ALARM release without a matched acquire!
01-14 13:18:44.144  1854 27472 W WakeLock: GCM_HB_ALARM counter does not exist
01-14 13:18:44.145  1697  2647 D ConnectivityService: reportNetworkConnectivity(100, false) by 10014
01-14 13:18:44.158 27477 27477 W art     : Unexpected CPU variant for X86 using defaults: x86
01-14 13:18:44.164  1697  1711 I ActivityManager: Start proc 27477:com.google.android.talk/u0a52 for broadcast com.google.android.talk/com.google.android.apps.hangouts.service.GcmStateReceiver
01-14 13:18:44.168  1697  1842 D DnsEventListenerService: Logging 100 results for netId 100
01-14 13:18:44.176  1854 27474 I qtaguid : Tagging socket -1 with tag 3000040700000000(805307399) for uid -1 failed errno=-9
01-14 13:18:44.176  1854 27474 I NetworkManagementSocketTagger: tagSocketFd(-1, 805307399, -1) failed with errno-9
01-14 13:18:44.187 27477 27477 W System  : ClassLoader referenced unknown path: /system/app/Hangouts/lib/x86
01-14 13:18:44.257  1697  1811 D ConnectivityService: NetworkAgentInfo [MOBILE (LTE) - 100] validation passed
01-14 13:18:44.318 27477 27477 I Babel_telephony: TeleModule.onApplicationCreate
01-14 13:18:44.327 27477 27505 I Babel_SMS: MmsConfig: mnc/mcc: 310/260
01-14 13:18:44.327 27477 27505 I Babel_SMS: MmsConfig.loadMmsSettings
01-14 13:18:44.329 27477 27505 I Babel_SMS: MmsConfig.loadDeviceMmsSettings from API: mUserAgent=GoldfishNexus, mUaProfUrl=http://gsm.lge.com/html/gsm/Nexus5-M3.xml
01-14 13:18:44.329 27477 27505 I Babel_SMS: MmsConfig.loadFromDatabase
01-14 13:18:44.341 27477 27505 E SQLiteLog: (1) no such table: mmsconfig
01-14 13:18:44.345 27477 27505 I Babel_SMS: MmsConfig: no mmsconfig table android.database.sqlite.SQLiteException: no such table: mmsconfig (code 1): , while compiling: SELECT key, value, type FROM mmsconfig WHERE numeric=?
01-14 13:18:44.345 27477 27505 I Babel_SMS: MmsConfig.loadFromResources
01-14 13:18:44.346 27477 27505 E Babel_SMS: canonicalizeMccMnc: invalid mccmnc nullnull
01-14 13:18:44.346 27477 27505 W Babel_SMS: MmsConfig: invalid key=userAgent or type=string
01-14 13:18:44.347 27477 27505 W Babel_SMS: MmsConfig: invalid key=uaProfUrl or type=string
01-14 13:18:44.347 27477 27505 I Babel_SMS: MmsConfig.loadMmsSettings: mUserAgent=GoldfishNexus, mUaProfUrl=http://gsm.lge.com/html/gsm/Nexus5-M3.xml
01-14 13:18:44.353 27477 27477 I Babel_Prime: wrapCrashReportingIntoUncaughtExceptionHandler
01-14 13:18:44.353 27477 27477 I Babel_Prime: isMemoryEnabled=false
01-14 13:18:44.354 27477 27477 I Babel_Prime: isTimerEnabled=true
01-14 13:18:44.354 27477 27477 I Babel_Prime: isCrashCounterEnabled=false
01-14 13:18:44.367 27477 27477 I Babel_Crash: Startup - clean
01-14 13:18:44.391 27477 27477 I Babel_Prime: startMemoryMonitor
01-14 13:18:44.404 27477 27477 D Babel   : onCreate: Shutdown runnable posted in onCreate with a delay of 5000 ms.
01-14 13:18:44.413 27477 27477 W System  : ClassLoader referenced unknown path: /system/priv-app/PrebuiltGmsCore/lib/x86_64
01-14 13:18:44.430 27477 27477 W System  : ClassLoader referenced unknown path: /system/priv-app/PrebuiltGmsCore/lib/x86_64
01-14 13:18:44.433 27477 27477 W System  : ClassLoader referenced unknown path: /system/priv-app/PrebuiltGmsCore/lib/x86_64
01-14 13:18:44.437 27477 27477 W GmsNativeLibraryLoader: Unable to load native code from existing library /system/priv-app/PrebuiltGmsCore/PrebuiltGmsCore.apk!/lib/x86_64/libconscrypt_gmscore_jni.so
01-14 13:18:44.437 27477 27477 W GmsNativeLibraryLoader: java.lang.UnsatisfiedLinkError: dlopen failed: "/system/priv-app/PrebuiltGmsCore/PrebuiltGmsCore.apk!/lib/x86_64/libconscrypt_gmscore_jni.so" is 64-bit instead of 32-bit
01-14 13:18:44.437 27477 27477 W GmsNativeLibraryLoader: 	at java.lang.Runtime.load0(Runtime.java:897)
01-14 13:18:44.437 27477 27477 W GmsNativeLibraryLoader: 	at java.lang.System.load(System.java:1505)
01-14 13:18:44.437 27477 27477 W GmsNativeLibraryLoader: 	at ssl.b(:com.google.android.gms@202414023@20.24.14 (040800-319035315):42)
01-14 13:18:44.437 27477 27477 W GmsNativeLibraryLoader: 	at com.google.android.gms.common.security.ProviderInstallerImpl.a(:com.google.android.gms@202414023@20.24.14 (040800-319035315):8)
01-14 13:18:44.437 27477 27477 W GmsNativeLibraryLoader: 	at com.google.android.gms.common.security.ProviderInstallerImpl.insertProvider(:com.google.android.gms@202414023@20.24.14 (040800-319035315):3)
01-14 13:18:44.437 27477 27477 W GmsNativeLibraryLoader: 	at java.lang.reflect.Method.invoke(Native Method)
01-14 13:18:44.437 27477 27477 W GmsNativeLibraryLoader: 	at hnk.a(Unknown Source)
01-14 13:18:44.437 27477 27477 W GmsNativeLibraryLoader: 	at com.google.android.apps.hangouts.requestwriter.RequestWriter.onCreate(SourceFile:220)
01-14 13:18:44.437 27477 27477 W GmsNativeLibraryLoader: 	at android.app.ActivityThread.handleCreateService(ActivityThread.java:3162)
01-14 13:18:44.437 27477 27477 W GmsNativeLibraryLoader: 	at android.app.ActivityThread.-wrap5(ActivityThread.java)
01-14 13:18:44.437 27477 27477 W GmsNativeLibraryLoader: 	at android.app.ActivityThread$H.handleMessage(ActivityThread.java:1550)
01-14 13:18:44.437 27477 27477 W GmsNativeLibraryLoader: 	at android.os.Handler.dispatchMessage(Handler.java:102)
01-14 13:18:44.437 27477 27477 W GmsNativeLibraryLoader: 	at android.os.Looper.loop(Looper.java:154)
01-14 13:18:44.437 27477 27477 W GmsNativeLibraryLoader: 	at android.app.ActivityThread.main(ActivityThread.java:6077)
01-14 13:18:44.437 27477 27477 W GmsNativeLibraryLoader: 	at java.lang.reflect.Method.invoke(Native Method)
01-14 13:18:44.437 27477 27477 W GmsNativeLibraryLoader: 	at com.android.internal.os.ZygoteInit$MethodAndArgsCaller.run(ZygoteInit.java:866)
01-14 13:18:44.437 27477 27477 W GmsNativeLibraryLoader: 	at com.android.internal.os.ZygoteInit.main(ZygoteInit.java:756)
01-14 13:18:44.439 27477 27477 E GmsNativeLibraryLoader: Unable to locate conscrypt_gmscore_jni in dalvik.system.PathClassLoader[DexPathList[[zip file "/system/framework/com.android.location.provider.jar", zip file "/system/framework/com.android.media.remotedisplay.jar", zip file "/system/priv-app/PrebuiltGmsCore/PrebuiltGmsCore.apk"],nativeLibraryDirectories=[/system/priv-app/PrebuiltGmsCore/lib/x86_64, /system/priv-app/PrebuiltGmsCore/PrebuiltGmsCore.apk!/lib/x86_64, /system/lib, /vendor/lib, /system/lib, /vendor/lib]]]
01-14 13:18:44.439 27477 27477 E GmsNativeLibraryLoader: java.lang.UnsatisfiedLinkError: dlopen failed: "/system/priv-app/PrebuiltGmsCore/PrebuiltGmsCore.apk!/lib/x86_64/libconscrypt_gmscore_jni.so" is 64-bit instead of 32-bit
01-14 13:18:44.439 27477 27477 E GmsNativeLibraryLoader: 	at java.lang.Runtime.loadLibrary0(Runtime.java:977)
01-14 13:18:44.439 27477 27477 E GmsNativeLibraryLoader: 	at java.lang.System.loadLibrary(System.java:1530)
01-14 13:18:44.439 27477 27477 E GmsNativeLibraryLoader: 	at ssl.b(:com.google.android.gms@202414023@20.24.14 (040800-319035315):63)
01-14 13:18:44.439 27477 27477 E GmsNativeLibraryLoader: 	at com.google.android.gms.common.security.ProviderInstallerImpl.a(:com.google.android.gms@202414023@20.24.14 (040800-319035315):8)
01-14 13:18:44.439 27477 27477 E GmsNativeLibraryLoader: 	at com.google.android.gms.common.security.ProviderInstallerImpl.insertProvider(:com.google.android.gms@202414023@20.24.14 (040800-319035315):3)
01-14 13:18:44.439 27477 27477 E GmsNativeLibraryLoader: 	at java.lang.reflect.Method.invoke(Native Method)
01-14 13:18:44.439 27477 27477 E GmsNativeLibraryLoader: 	at hnk.a(Unknown Source)
01-14 13:18:44.439 27477 27477 E GmsNativeLibraryLoader: 	at com.google.android.apps.hangouts.requestwriter.RequestWriter.onCreate(SourceFile:220)
01-14 13:18:44.439 27477 27477 E GmsNativeLibraryLoader: 	at android.app.ActivityThread.handleCreateService(ActivityThread.java:3162)
01-14 13:18:44.439 27477 27477 E GmsNativeLibraryLoader: 	at android.app.ActivityThread.-wrap5(ActivityThread.java)
01-14 13:18:44.439 27477 27477 E GmsNativeLibraryLoader: 	at android.app.ActivityThread$H.handleMessage(ActivityThread.java:1550)
01-14 13:18:44.439 27477 27477 E GmsNativeLibraryLoader: 	at android.os.Handler.dispatchMessage(Handler.java:102)
01-14 13:18:44.439 27477 27477 E GmsNativeLibraryLoader: 	at android.os.Looper.loop(Looper.java:154)
01-14 13:18:44.439 27477 27477 E GmsNativeLibraryLoader: 	at android.app.ActivityThread.main(ActivityThread.java:6077)
01-14 13:18:44.439 27477 27477 E GmsNativeLibraryLoader: 	at java.lang.reflect.Method.invoke(Native Method)
01-14 13:18:44.439 27477 27477 E GmsNativeLibraryLoader: 	at com.android.internal.os.ZygoteInit$MethodAndArgsCaller.run(ZygoteInit.java:866)
01-14 13:18:44.439 27477 27477 E GmsNativeLibraryLoader: 	at com.android.internal.os.ZygoteInit.main(ZygoteInit.java:756)
01-14 13:18:44.439 27477 27477 E ProviderInstaller: Failed to install provider: null
01-14 13:18:44.439 27477 27477 E Babel_RequestWriter: GPS not available when trying to installIfNeeded
01-14 13:18:44.439 27477 27477 E Babel_RequestWriter: fux
01-14 13:18:44.439 27477 27477 E Babel_RequestWriter: 	at hnk.a(Unknown Source)
01-14 13:18:44.439 27477 27477 E Babel_RequestWriter: 	at com.google.android.apps.hangouts.requestwriter.RequestWriter.onCreate(SourceFile:220)
01-14 13:18:44.439 27477 27477 E Babel_RequestWriter: 	at android.app.ActivityThread.handleCreateService(ActivityThread.java:3162)
01-14 13:18:44.439 27477 27477 E Babel_RequestWriter: 	at android.app.ActivityThread.-wrap5(ActivityThread.java)
01-14 13:18:44.439 27477 27477 E Babel_RequestWriter: 	at android.app.ActivityThread$H.handleMessage(ActivityThread.java:1550)
01-14 13:18:44.439 27477 27477 E Babel_RequestWriter: 	at android.os.Handler.dispatchMessage(Handler.java:102)
01-14 13:18:44.439 27477 27477 E Babel_RequestWriter: 	at android.os.Looper.loop(Looper.java:154)
01-14 13:18:44.439 27477 27477 E Babel_RequestWriter: 	at android.app.ActivityThread.main(ActivityThread.java:6077)
01-14 13:18:44.439 27477 27477 E Babel_RequestWriter: 	at java.lang.reflect.Method.invoke(Native Method)
01-14 13:18:44.439 27477 27477 E Babel_RequestWriter: 	at com.android.internal.os.ZygoteInit$MethodAndArgsCaller.run(ZygoteInit.java:866)
01-14 13:18:44.439 27477 27477 E Babel_RequestWriter: 	at com.android.internal.os.ZygoteInit.main(ZygoteInit.java:756)
01-14 13:18:44.448 27477 27512 D Babel   : Idle: Shutdown runnable posted in release with a delay of 5000 ms.
01-14 13:18:44.453 27477 27477 D Babel   : Idle: Shutdown runnable posted in release with a delay of 5000 ms.
01-14 13:18:44.882 27461 27461 I AccessibilityNodeInfoDumper: Skipping invisible child: android.view.accessibility.AccessibilityNodeInfo@8000c7ed; boundsInParent: Rect(0, 0 - 1080, 1731); boundsInScreen: Rect(0, 63 - 0, 1794); packageName: com.genonbeta.TrebleShot; className: android.widget.LinearLayout; text: null; error: null; maxTextLength: -1; contentDescription: null; viewIdResName: null; checkable: false; checked: false; focusable: false; focused: false; selected: false; clickable: false; longClickable: false; contextClickable: false; enabled: true; password: false; scrollable: false; actions: [AccessibilityAction: ACTION_SELECT - null, AccessibilityAction: ACTION_CLEAR_SELECTION - null, AccessibilityAction: ACTION_ACCESSIBILITY_FOCUS - null, AccessibilityAction: ACTION_SHOW_ON_SCREEN - null]
01-14 13:18:44.883 27461 27461 I AccessibilityNodeInfoDumper: Skipping invisible child: android.view.accessibility.AccessibilityNodeInfo@8000e9b6; boundsInParent: Rect(0, 0 - 1080, 1731); boundsInScreen: Rect(1080, 63 - 1080, 1794); packageName: com.genonbeta.TrebleShot; className: android.widget.RelativeLayout; text: null; error: null; maxTextLength: -1; contentDescription: null; viewIdResName: null; checkable: false; checked: false; focusable: false; focused: false; selected: false; clickable: false; longClickable: false; contextClickable: false; enabled: true; password: false; scrollable: false; actions: [AccessibilityAction: ACTION_SELECT - null, AccessibilityAction: ACTION_CLEAR_SELECTION - null, AccessibilityAction: ACTION_ACCESSIBILITY_FOCUS - null, AccessibilityAction: ACTION_SHOW_ON_SCREEN - null]
01-14 13:18:44.884 27461 27461 W AccessibilityNodeInfoDumper: Fetch time: 5ms
01-14 13:18:44.884  1697  1709 W WindowManager: Attempted to remove non-existing token: android.os.Binder@90be728
01-14 13:18:44.891 27461 27461 D AndroidRuntime: Shutting down VM
01-14 13:18:47.365 27519 27519 D AndroidRuntime: >>>>>> START com.android.internal.os.RuntimeInit uid 2000 <<<<<<
01-14 13:18:47.370 27519 27519 D AndroidRuntime: CheckJNI is OFF
01-14 13:18:47.398 27519 27519 W art     : Unexpected CPU variant for X86 using defaults: x86_64
01-14 13:18:47.406 27519 27519 D ICU     : No timezone override file found: /data/local/tmp/misc/zoneinfo/current/icu/icu_tzdata.dat
01-14 13:18:47.437 27519 27519 E memtrack: Couldn't load memtrack module (No such file or directory)
01-14 13:18:47.437 27519 27519 E android.os.Debug: failed to load memtrack module: -2
01-14 13:18:47.438 27519 27519 I Radio-JNI: register_android_hardware_Radio DONE
01-14 13:18:47.448 27519 27519 D AndroidRuntime: Calling main entry com.android.commands.uiautomator.Launcher
01-14 13:18:48.488 27519 27519 I AccessibilityNodeInfoDumper: Skipping invisible child: android.view.accessibility.AccessibilityNodeInfo@8000c7f5; boundsInParent: Rect(0, 0 - 1080, 1731); boundsInScreen: Rect(0, 63 - 0, 1794); packageName: com.genonbeta.TrebleShot; className: android.widget.LinearLayout; text: null; error: null; maxTextLength: -1; contentDescription: null; viewIdResName: null; checkable: false; checked: false; focusable: false; focused: false; selected: false; clickable: false; longClickable: false; contextClickable: false; enabled: true; password: false; scrollable: false; actions: [AccessibilityAction: ACTION_SELECT - null, AccessibilityAction: ACTION_CLEAR_SELECTION - null, AccessibilityAction: ACTION_ACCESSIBILITY_FOCUS - null, AccessibilityAction: ACTION_SHOW_ON_SCREEN - null]
01-14 13:18:48.489 27519 27519 I AccessibilityNodeInfoDumper: Skipping invisible child: android.view.accessibility.AccessibilityNodeInfo@8000e9be; boundsInParent: Rect(0, 0 - 1080, 1731); boundsInScreen: Rect(1080, 63 - 1080, 1794); packageName: com.genonbeta.TrebleShot; className: android.widget.RelativeLayout; text: null; error: null; maxTextLength: -1; contentDescription: null; viewIdResName: null; checkable: false; checked: false; focusable: false; focused: false; selected: false; clickable: false; longClickable: false; contextClickable: false; enabled: true; password: false; scrollable: false; actions: [AccessibilityAction: ACTION_SELECT - null, AccessibilityAction: ACTION_CLEAR_SELECTION - null, AccessibilityAction: ACTION_ACCESSIBILITY_FOCUS - null, AccessibilityAction: ACTION_SHOW_ON_SCREEN - null]
01-14 13:18:48.491 27519 27519 W AccessibilityNodeInfoDumper: Fetch time: 6ms
01-14 13:18:48.492  1697  2207 W WindowManager: Attempted to remove non-existing token: android.os.Binder@3e2111e
01-14 13:18:48.498 27519 27519 D AndroidRuntime: Shutting down VM
01-14 13:18:48.841 27536 27536 D AndroidRuntime: >>>>>> START com.android.internal.os.RuntimeInit uid 2000 <<<<<<
01-14 13:18:48.844 27536 27536 D AndroidRuntime: CheckJNI is OFF
01-14 13:18:48.862 27536 27536 W art     : Unexpected CPU variant for X86 using defaults: x86_64
01-14 13:18:48.866 27536 27536 D ICU     : No timezone override file found: /data/local/tmp/misc/zoneinfo/current/icu/icu_tzdata.dat
01-14 13:18:48.895 27536 27536 E memtrack: Couldn't load memtrack module (No such file or directory)
01-14 13:18:48.895 27536 27536 E android.os.Debug: failed to load memtrack module: -2
01-14 13:18:48.896 27536 27536 I Radio-JNI: register_android_hardware_Radio DONE
01-14 13:18:48.901 27536 27536 D AndroidRuntime: Calling main entry com.android.commands.uiautomator.Launcher
01-14 13:18:49.499 27477 27477 D Babel   : RefCountedService(com.google.android.apps.hangouts.requestwriter.RequestWriter) onDestroy (count=0, startId=1 stopped=true)
01-14 13:18:49.936 27536 27536 I AccessibilityNodeInfoDumper: Skipping invisible child: android.view.accessibility.AccessibilityNodeInfo@8000c7fe; boundsInParent: Rect(0, 0 - 1080, 1731); boundsInScreen: Rect(0, 63 - 0, 1794); packageName: com.genonbeta.TrebleShot; className: android.widget.LinearLayout; text: null; error: null; maxTextLength: -1; contentDescription: null; viewIdResName: null; checkable: false; checked: false; focusable: false; focused: false; selected: false; clickable: false; longClickable: false; contextClickable: false; enabled: true; password: false; scrollable: false; actions: [AccessibilityAction: ACTION_SELECT - null, AccessibilityAction: ACTION_CLEAR_SELECTION - null, AccessibilityAction: ACTION_ACCESSIBILITY_FOCUS - null, AccessibilityAction: ACTION_SHOW_ON_SCREEN - null]
01-14 13:18:49.936 27536 27536 I AccessibilityNodeInfoDumper: Skipping invisible child: android.view.accessibility.AccessibilityNodeInfo@8000e9c7; boundsInParent: Rect(0, 0 - 1080, 1731); boundsInScreen: Rect(1080, 63 - 1080, 1794); packageName: com.genonbeta.TrebleShot; className: android.widget.RelativeLayout; text: null; error: null; maxTextLength: -1; contentDescription: null; viewIdResName: null; checkable: false; checked: false; focusable: false; focused: false; selected: false; clickable: false; longClickable: false; contextClickable: false; enabled: true; password: false; scrollable: false; actions: [AccessibilityAction: ACTION_SELECT - null, AccessibilityAction: ACTION_CLEAR_SELECTION - null, AccessibilityAction: ACTION_ACCESSIBILITY_FOCUS - null, AccessibilityAction: ACTION_SHOW_ON_SCREEN - null]
01-14 13:18:49.938 27536 27536 W AccessibilityNodeInfoDumper: Fetch time: 4ms
01-14 13:18:49.939  1697  2205 W WindowManager: Attempted to remove non-existing token: android.os.Binder@add27cc
01-14 13:18:49.944 27536 27536 D AndroidRuntime: Shutting down VM
01-14 13:18:50.278 27553 27553 D AndroidRuntime: >>>>>> START com.android.internal.os.RuntimeInit uid 2000 <<<<<<
01-14 13:18:50.280 27553 27553 D AndroidRuntime: CheckJNI is OFF
01-14 13:18:50.298 27553 27553 W art     : Unexpected CPU variant for X86 using defaults: x86_64
01-14 13:18:50.302 27553 27553 D ICU     : No timezone override file found: /data/local/tmp/misc/zoneinfo/current/icu/icu_tzdata.dat
01-14 13:18:50.325 27553 27553 E memtrack: Couldn't load memtrack module (No such file or directory)
01-14 13:18:50.325 27553 27553 E android.os.Debug: failed to load memtrack module: -2
01-14 13:18:50.325 27553 27553 I Radio-JNI: register_android_hardware_Radio DONE
01-14 13:18:50.331 27553 27553 D AndroidRuntime: Calling main entry com.android.commands.uiautomator.Launcher
01-14 13:18:51.368 27553 27553 I AccessibilityNodeInfoDumper: Skipping invisible child: android.view.accessibility.AccessibilityNodeInfo@8000c808; boundsInParent: Rect(0, 0 - 1080, 1731); boundsInScreen: Rect(0, 63 - 0, 1794); packageName: com.genonbeta.TrebleShot; className: android.widget.LinearLayout; text: null; error: null; maxTextLength: -1; contentDescription: null; viewIdResName: null; checkable: false; checked: false; focusable: false; focused: false; selected: false; clickable: false; longClickable: false; contextClickable: false; enabled: true; password: false; scrollable: false; actions: [AccessibilityAction: ACTION_SELECT - null, AccessibilityAction: ACTION_CLEAR_SELECTION - null, AccessibilityAction: ACTION_ACCESSIBILITY_FOCUS - null, AccessibilityAction: ACTION_SHOW_ON_SCREEN - null]
01-14 13:18:51.368 27553 27553 I AccessibilityNodeInfoDumper: Skipping invisible child: android.view.accessibility.AccessibilityNodeInfo@8000e9d1; boundsInParent: Rect(0, 0 - 1080, 1731); boundsInScreen: Rect(1080, 63 - 1080, 1794); packageName: com.genonbeta.TrebleShot; className: android.widget.RelativeLayout; text: null; error: null; maxTextLength: -1; contentDescription: null; viewIdResName: null; checkable: false; checked: false; focusable: false; focused: false; selected: false; clickable: false; longClickable: false; contextClickable: false; enabled: true; password: false; scrollable: false; actions: [AccessibilityAction: ACTION_SELECT - null, AccessibilityAction: ACTION_CLEAR_SELECTION - null, AccessibilityAction: ACTION_ACCESSIBILITY_FOCUS - null, AccessibilityAction: ACTION_SHOW_ON_SCREEN - null]
01-14 13:18:51.370 27553 27553 W AccessibilityNodeInfoDumper: Fetch time: 4ms
01-14 13:18:51.372  1697  2205 W WindowManager: Attempted to remove non-existing token: android.os.Binder@99a212a
01-14 13:18:51.379 27553 27553 D AndroidRuntime: Shutting down VM
01-14 13:18:51.760 27574 27574 D AndroidRuntime: >>>>>> START com.android.internal.os.RuntimeInit uid 2000 <<<<<<
01-14 13:18:51.762 27574 27574 D AndroidRuntime: CheckJNI is OFF
01-14 13:18:51.780 27574 27574 W art     : Unexpected CPU variant for X86 using defaults: x86_64
01-14 13:18:51.785 27574 27574 D ICU     : No timezone override file found: /data/local/tmp/misc/zoneinfo/current/icu/icu_tzdata.dat
01-14 13:18:51.814 27574 27574 E memtrack: Couldn't load memtrack module (No such file or directory)
01-14 13:18:51.814 27574 27574 E android.os.Debug: failed to load memtrack module: -2
01-14 13:18:51.815 27574 27574 I Radio-JNI: register_android_hardware_Radio DONE
01-14 13:18:51.819 27574 27574 D AndroidRuntime: Calling main entry com.android.commands.uiautomator.Launcher
01-14 13:18:52.855 27574 27574 I AccessibilityNodeInfoDumper: Skipping invisible child: android.view.accessibility.AccessibilityNodeInfo@8000c80f; boundsInParent: Rect(0, 0 - 1080, 1731); boundsInScreen: Rect(0, 63 - 0, 1794); packageName: com.genonbeta.TrebleShot; className: android.widget.LinearLayout; text: null; error: null; maxTextLength: -1; contentDescription: null; viewIdResName: null; checkable: false; checked: false; focusable: false; focused: false; selected: false; clickable: false; longClickable: false; contextClickable: false; enabled: true; password: false; scrollable: false; actions: [AccessibilityAction: ACTION_SELECT - null, AccessibilityAction: ACTION_CLEAR_SELECTION - null, AccessibilityAction: ACTION_ACCESSIBILITY_FOCUS - null, AccessibilityAction: ACTION_SHOW_ON_SCREEN - null]
01-14 13:18:52.855 27574 27574 I AccessibilityNodeInfoDumper: Skipping invisible child: android.view.accessibility.AccessibilityNodeInfo@8000e9d8; boundsInParent: Rect(0, 0 - 1080, 1731); boundsInScreen: Rect(1080, 63 - 1080, 1794); packageName: com.genonbeta.TrebleShot; className: android.widget.RelativeLayout; text: null; error: null; maxTextLength: -1; contentDescription: null; viewIdResName: null; checkable: false; checked: false; focusable: false; focused: false; selected: false; clickable: false; longClickable: false; contextClickable: false; enabled: true; password: false; scrollable: false; actions: [AccessibilityAction: ACTION_SELECT - null, AccessibilityAction: ACTION_CLEAR_SELECTION - null, AccessibilityAction: ACTION_ACCESSIBILITY_FOCUS - null, AccessibilityAction: ACTION_SHOW_ON_SCREEN - null]
01-14 13:18:52.857 27574 27574 W AccessibilityNodeInfoDumper: Fetch time: 4ms
01-14 13:18:52.857  1697  2335 W WindowManager: Attempted to remove non-existing token: android.os.Binder@421ab82
01-14 13:18:52.863 27574 27574 D AndroidRuntime: Shutting down VM
01-14 13:18:53.121 27586 27586 D AndroidRuntime: >>>>>> START com.android.internal.os.RuntimeInit uid 2000 <<<<<<
01-14 13:18:53.123 27586 27586 D AndroidRuntime: CheckJNI is OFF
01-14 13:18:53.141 27586 27586 W art     : Unexpected CPU variant for X86 using defaults: x86_64
01-14 13:18:53.145 27586 27586 D ICU     : No timezone override file found: /data/misc/zoneinfo/current/icu/icu_tzdata.dat
01-14 13:18:53.160 27586 27586 E memtrack: Couldn't load memtrack module (No such file or directory)
01-14 13:18:53.160 27586 27586 E android.os.Debug: failed to load memtrack module: -2
01-14 13:18:53.160 27586 27586 I Radio-JNI: register_android_hardware_Radio DONE
01-14 13:18:53.167 27586 27586 D AndroidRuntime: Calling main entry com.android.commands.input.Input
01-14 13:18:53.173 27586 27586 I Input   : injectMotionEvent: MotionEvent { action=ACTION_DOWN, actionButton=0, id[0]=0, x[0]=539.0, y[0]=928.0, toolType[0]=TOOL_TYPE_UNKNOWN, buttonState=0, metaState=0, flags=0x0, edgeFlags=0x0, pointerCount=1, historySize=0, eventTime=35453478, downTime=35453478, deviceId=0, source=0x1002 }
01-14 13:18:53.177 27586 27586 I Input   : injectMotionEvent: MotionEvent { action=ACTION_UP, actionButton=0, id[0]=0, x[0]=539.0, y[0]=928.0, toolType[0]=TOOL_TYPE_UNKNOWN, buttonState=0, metaState=0, flags=0x0, edgeFlags=0x0, pointerCount=1, historySize=0, eventTime=35453478, downTime=35453478, deviceId=0, source=0x1002 }
01-14 13:18:53.181 27586 27586 D AndroidRuntime: Shutting down VM
01-14 13:18:53.204  1446  1469 W audio_hw_generic: Not supplying enough data to HAL, expected position 6215844 , only wrote 6215760
01-14 13:18:53.395  1446  1469 W audio_hw_generic: Not supplying enough data to HAL, expected position 6224916 , only wrote 6218640
01-14 13:18:53.395  1446  1469 W audio_hw_generic: Not supplying enough data to HAL, expected position 6218649 , only wrote 6218640
01-14 13:18:53.395  1446  1469 W audio_hw_generic: Hardware backing HAL too slow, could only write 0 of 720 frames
01-14 13:18:53.411  1446  1469 W audio_hw_generic: Hardware backing HAL too slow, could only write 0 of 720 frames
01-14 13:18:53.438  1446  1470 D AudioFlinger: mixer(0xf0983ec0) throttle end: throttle time(12)
01-14 13:18:53.470 26695 26733 D EGL_emulation: eglMakeCurrent: 0x7de1da1688a0: ver 3 0 (tinfo 0x7de1da134840)
01-14 13:18:53.523 26695 26733 D EGL_emulation: eglMakeCurrent: 0x7de1da1688a0: ver 3 0 (tinfo 0x7de1da134840)
01-14 13:18:53.534 26695 26733 D EGL_emulation: eglMakeCurrent: 0x7de1da1688a0: ver 3 0 (tinfo 0x7de1da134840)
01-14 13:18:53.539 26695 26733 D EGL_emulation: eglMakeCurrent: 0x7de1da1688a0: ver 3 0 (tinfo 0x7de1da134840)
01-14 13:18:55.061 26695 26733 D EGL_emulation: eglMakeCurrent: 0x7de1da1688a0: ver 3 0 (tinfo 0x7de1da134840)
01-14 13:18:55.974 27605 27605 W ls      : type=1400 audit(0.0:200): avc: denied { getattr } for path="/proc/sysrq-trigger" dev="proc" ino=4026532069 scontext=u:r:shell:s0 tcontext=u:object_r:proc_sysrq:s0 tclass=file permissive=0
01-14 13:18:55.984 27605 27605 W ls      : type=1400 audit(0.0:201): avc: denied { getattr } for path="/proc/iomem" dev="proc" ino=4026532007 scontext=u:r:shell:s0 tcontext=u:object_r:proc_iomem:s0 tclass=file permissive=0
01-14 13:18:56.609  1446  1470 W audio_hw_generic: Not supplying enough data to HAL, expected position 6525069 , only wrote 6372720
01-14 13:18:57.745 27902 27902 D AndroidRuntime: >>>>>> START com.android.internal.os.RuntimeInit uid 2000 <<<<<<
01-14 13:18:57.747 27902 27902 D AndroidRuntime: CheckJNI is OFF
01-14 13:18:57.765 27902 27902 W art     : Unexpected CPU variant for X86 using defaults: x86_64
01-14 13:18:57.769 27902 27902 D ICU     : No timezone override file found: /data/local/tmp/misc/zoneinfo/current/icu/icu_tzdata.dat
01-14 13:18:57.796 27902 27902 E memtrack: Couldn't load memtrack module (No such file or directory)
01-14 13:18:57.796 27902 27902 E android.os.Debug: failed to load memtrack module: -2
01-14 13:18:57.796 27902 27902 I Radio-JNI: register_android_hardware_Radio DONE
01-14 13:18:57.802 27902 27902 D AndroidRuntime: Calling main entry com.android.commands.uiautomator.Launcher
01-14 13:18:58.833 27902 27902 W AccessibilityNodeInfoDumper: Fetch time: 4ms
01-14 13:18:58.834  1697  2339 W WindowManager: Attempted to remove non-existing token: android.os.Binder@5dae285
01-14 13:18:58.859 27902 27902 D AndroidRuntime: Shutting down VM
01-14 13:18:58.866 27902 27908 W art     : No such thread id for suspend: 1
01-14 13:18:59.355 27477 27502 W Babel   : bcq TOOK TOO LONG! (15036ms > 10000ms)
01-14 13:18:59.355 27477 27499 W Babel   : bcq TOOK TOO LONG! (15042ms > 10000ms)
01-14 13:18:59.369  1697  2648 I Telecom : PhoneAccountRegistrar: SimCallManager queried, returning: null: TSI.gSCM@AII
01-14 13:18:59.376 27477 27477 I Babel_telephony: TeleModule.updateConnectionManagerRegistration, registration preference changed from false to false
01-14 13:18:59.376 27477 27477 W Babel   : BAM#gBA: invalid account id: -1
01-14 13:18:59.376 27477 27477 W Babel   : BAM#gBA: invalid account id: -1
01-14 13:18:59.376 27477 27477 I Babel_telephony: TeleModule.updateIncomingCallRegistration, preferred account for incoming calls changed from: null to null
01-14 13:18:59.381  1697  1709 I Telecom : PhoneAccountRegistrar: SimCallManager queried, returning: null: TSI.gSCM@AIQ
01-14 13:18:59.409 27923 27923 W art     : Unexpected CPU variant for X86 using defaults: x86
01-14 13:18:59.413  1697  1711 I ActivityManager: Start proc 27923:com.google.android.talk:matchstick/u0a52 for broadcast com.google.android.talk/com.google.android.libraries.matchstick.net.MatchstickInProcessReceiver
01-14 13:18:59.432 27477 27500 W Babel   : bcq TOOK TOO LONG! (15040ms > 10000ms)
01-14 13:18:59.439 27923 27923 W System  : ClassLoader referenced unknown path: /system/app/Hangouts/lib/x86
01-14 13:18:59.556 27923 27942 I MS_RegisterService: RegisterService intent:Intent { act=register_intent_action flg=0x10 cmp=com.google.android.talk/com.google.android.libraries.matchstick.net.SilentRegisterService } isPeriodic:false
01-14 13:18:59.565 27923 27942 W System  : ClassLoader referenced unknown path: /system/priv-app/PrebuiltGmsCore/lib/x86_64
01-14 13:18:59.575 27923 27942 W System  : ClassLoader referenced unknown path: /system/priv-app/PrebuiltGmsCore/lib/x86_64
01-14 13:18:59.575 27923 27942 W System  : ClassLoader referenced unknown path: /system/priv-app/PrebuiltGmsCore/lib/x86_64
01-14 13:18:59.579 27923 27942 W GmsNativeLibraryLoader: Unable to load native code from existing library /system/priv-app/PrebuiltGmsCore/PrebuiltGmsCore.apk!/lib/x86_64/libconscrypt_gmscore_jni.so
01-14 13:18:59.579 27923 27942 W GmsNativeLibraryLoader: java.lang.UnsatisfiedLinkError: dlopen failed: "/system/priv-app/PrebuiltGmsCore/PrebuiltGmsCore.apk!/lib/x86_64/libconscrypt_gmscore_jni.so" is 64-bit instead of 32-bit
01-14 13:18:59.579 27923 27942 W GmsNativeLibraryLoader: 	at java.lang.Runtime.load0(Runtime.java:897)
01-14 13:18:59.579 27923 27942 W GmsNativeLibraryLoader: 	at java.lang.System.load(System.java:1505)
01-14 13:18:59.579 27923 27942 W GmsNativeLibraryLoader: 	at ssl.b(:com.google.android.gms@202414023@20.24.14 (040800-319035315):42)
01-14 13:18:59.579 27923 27942 W GmsNativeLibraryLoader: 	at com.google.android.gms.common.security.ProviderInstallerImpl.a(:com.google.android.gms@202414023@20.24.14 (040800-319035315):8)
01-14 13:18:59.579 27923 27942 W GmsNativeLibraryLoader: 	at com.google.android.gms.common.security.ProviderInstallerImpl.insertProvider(:com.google.android.gms@202414023@20.24.14 (040800-319035315):3)
01-14 13:18:59.579 27923 27942 W GmsNativeLibraryLoader: 	at java.lang.reflect.Method.invoke(Native Method)
01-14 13:18:59.579 27923 27942 W GmsNativeLibraryLoader: 	at hnk.a(Unknown Source)
01-14 13:18:59.579 27923 27942 W GmsNativeLibraryLoader: 	at com.google.android.libraries.matchstick.net.SilentRegisterService.onHandleIntent(SourceFile:216)
01-14 13:18:59.579 27923 27942 W GmsNativeLibraryLoader: 	at android.app.IntentService$ServiceHandler.handleMessage(IntentService.java:68)
01-14 13:18:59.579 27923 27942 W GmsNativeLibraryLoader: 	at android.os.Handler.dispatchMessage(Handler.java:102)
01-14 13:18:59.579 27923 27942 W GmsNativeLibraryLoader: 	at android.os.Looper.loop(Looper.java:154)
01-14 13:18:59.579 27923 27942 W GmsNativeLibraryLoader: 	at android.os.HandlerThread.run(HandlerThread.java:61)
01-14 13:18:59.581 27923 27942 E GmsNativeLibraryLoader: Unable to locate conscrypt_gmscore_jni in dalvik.system.PathClassLoader[DexPathList[[zip file "/system/framework/com.android.location.provider.jar", zip file "/system/framework/com.android.media.remotedisplay.jar", zip file "/system/priv-app/PrebuiltGmsCore/PrebuiltGmsCore.apk"],nativeLibraryDirectories=[/system/priv-app/PrebuiltGmsCore/lib/x86_64, /system/priv-app/PrebuiltGmsCore/PrebuiltGmsCore.apk!/lib/x86_64, /system/lib, /vendor/lib, /system/lib, /vendor/lib]]]
01-14 13:18:59.581 27923 27942 E GmsNativeLibraryLoader: java.lang.UnsatisfiedLinkError: dlopen failed: "/system/priv-app/PrebuiltGmsCore/PrebuiltGmsCore.apk!/lib/x86_64/libconscrypt_gmscore_jni.so" is 64-bit instead of 32-bit
01-14 13:18:59.581 27923 27942 E GmsNativeLibraryLoader: 	at java.lang.Runtime.loadLibrary0(Runtime.java:977)
01-14 13:18:59.581 27923 27942 E GmsNativeLibraryLoader: 	at java.lang.System.loadLibrary(System.java:1530)
01-14 13:18:59.581 27923 27942 E GmsNativeLibraryLoader: 	at ssl.b(:com.google.android.gms@202414023@20.24.14 (040800-319035315):63)
01-14 13:18:59.581 27923 27942 E GmsNativeLibraryLoader: 	at com.google.android.gms.common.security.ProviderInstallerImpl.a(:com.google.android.gms@202414023@20.24.14 (040800-319035315):8)
01-14 13:18:59.581 27923 27942 E GmsNativeLibraryLoader: 	at com.google.android.gms.common.security.ProviderInstallerImpl.insertProvider(:com.google.android.gms@202414023@20.24.14 (040800-319035315):3)
01-14 13:18:59.581 27923 27942 E GmsNativeLibraryLoader: 	at java.lang.reflect.Method.invoke(Native Method)
01-14 13:18:59.581 27923 27942 E GmsNativeLibraryLoader: 	at hnk.a(Unknown Source)
01-14 13:18:59.581 27923 27942 E GmsNativeLibraryLoader: 	at com.google.android.libraries.matchstick.net.SilentRegisterService.onHandleIntent(SourceFile:216)
01-14 13:18:59.581 27923 27942 E GmsNativeLibraryLoader: 	at android.app.IntentService$ServiceHandler.handleMessage(IntentService.java:68)
01-14 13:18:59.581 27923 27942 E GmsNativeLibraryLoader: 	at android.os.Handler.dispatchMessage(Handler.java:102)
01-14 13:18:59.581 27923 27942 E GmsNativeLibraryLoader: 	at android.os.Looper.loop(Looper.java:154)
01-14 13:18:59.581 27923 27942 E GmsNativeLibraryLoader: 	at android.os.HandlerThread.run(HandlerThread.java:61)
01-14 13:18:59.581 27923 27942 E ProviderInstaller: Failed to install provider: null
01-14 13:18:59.582 27923 27942 E MS_RegisterService: Google play services not available
01-14 13:18:59.582 27923 27942 E MS_RegisterService: fux
01-14 13:18:59.582 27923 27942 E MS_RegisterService: 	at hnk.a(Unknown Source)
01-14 13:18:59.582 27923 27942 E MS_RegisterService: 	at com.google.android.libraries.matchstick.net.SilentRegisterService.onHandleIntent(SourceFile:216)
01-14 13:18:59.582 27923 27942 E MS_RegisterService: 	at android.app.IntentService$ServiceHandler.handleMessage(IntentService.java:68)
01-14 13:18:59.582 27923 27942 E MS_RegisterService: 	at android.os.Handler.dispatchMessage(Handler.java:102)
01-14 13:18:59.582 27923 27942 E MS_RegisterService: 	at android.os.Looper.loop(Looper.java:154)
01-14 13:18:59.582 27923 27942 E MS_RegisterService: 	at android.os.HandlerThread.run(HandlerThread.java:61)
01-14 13:18:59.600  1697  2627 I ActivityManager: Killing 22148:com.android.providers.calendar/u0a2 (adj 906): empty #17
01-14 13:18:59.613  1697  2164 D ActivityManager: cleanUpApplicationRecord -- 22148
01-14 13:18:59.862 27960 27960 D AndroidRuntime: >>>>>> START com.android.internal.os.RuntimeInit uid 2000 <<<<<<
01-14 13:18:59.865 27960 27960 D AndroidRuntime: CheckJNI is OFF
01-14 13:18:59.883 27960 27960 W art     : Unexpected CPU variant for X86 using defaults: x86_64
01-14 13:18:59.887 27960 27960 D ICU     : No timezone override file found: /data/local/tmp/misc/zoneinfo/current/icu/icu_tzdata.dat
01-14 13:18:59.909 27960 27960 E memtrack: Couldn't load memtrack module (No such file or directory)
01-14 13:18:59.909 27960 27960 E android.os.Debug: failed to load memtrack module: -2
01-14 13:18:59.910 27960 27960 I Radio-JNI: register_android_hardware_Radio DONE
01-14 13:18:59.917 27960 27960 D AndroidRuntime: Calling main entry com.android.commands.uiautomator.Launcher
01-14 13:19:00.950 27960 27960 W AccessibilityNodeInfoDumper: Fetch time: 5ms
