11-09 14:25:03.986 25026 25026 I AccessibilityNodeInfoDumper: Skipping invisible child: android.view.accessibility.AccessibilityNodeInfo@18e0e; boundsInParent: Rect(0, 0 - 1080, 1582); boundsInScreen: Rect(1080, 63 - 1080, 1645); packageName: org.shadowice.flocke.andotp.dev; className: android.widget.ScrollView; text: null; error: null; maxTextLength: -1; contentDescription: null; viewIdResName: null; checkable: false; checked: false; focusable: true; focused: false; selected: false; clickable: false; longClickable: false; contextClickable: false; enabled: true; password: false; scrollable: false; importantForAccessibility: true; actions: [AccessibilityAction: ACTION_FOCUS - null, AccessibilityAction: ACTION_SELECT - null, AccessibilityAction: ACTION_CLEAR_SELECTION - null, AccessibilityAction: ACTION_ACCESSIBILITY_FOCUS - null, AccessibilityAction: ACTION_SHOW_ON_SCREEN - null]
11-09 14:25:03.986 25026 25026 I AccessibilityNodeInfoDumper: Skipping invisible child: android.view.accessibility.AccessibilityNodeInfo@17f0a; boundsInParent: Rect(0, 0 - 147, 147); boundsInScreen: Rect(42, 1983 - 189, 1794); packageName: org.shadowice.flocke.andotp.dev; className: android.widget.ImageButton; text: null; error: null; maxTextLength: -1; contentDescription: Back; viewIdResName: org.shadowice.flocke.andotp.dev:id/mi_button_back; checkable: false; checked: false; focusable: true; focused: false; selected: false; clickable: true; longClickable: true; contextClickable: false; enabled: true; password: false; scrollable: false; importantForAccessibility: true; actions: [AccessibilityAction: ACTION_FOCUS - null, AccessibilityAction: ACTION_SELECT - null, AccessibilityAction: ACTION_CLEAR_SELECTION - null, AccessibilityAction: ACTION_CLICK - null, AccessibilityAction: ACTION_LONG_CLICK - null, AccessibilityAction: ACTION_ACCESSIBILITY_FOCUS - null, AccessibilityAction: ACTION_NEXT_AT_MOVEMENT_GRANULARITY - null, AccessibilityAction: ACTION_PREVIOUS_AT_MOVEMENT_GRANULARITY - null, AccessibilityAction: ACTION_SET_SELECTION - null, AccessibilityAction: ACTION_SHOW_ON_SCREEN - null]
11-09 14:25:03.987 25026 25026 W AccessibilityNodeInfoDumper: Fetch time: 4ms
11-09 14:25:03.988  1649  3617 W WindowManager: removeWindowToken: Attempted to remove non-existing token: android.os.Binder@7b50fab
11-09 14:25:03.994 25026 25026 D AndroidRuntime: Shutting down VM
11-09 14:25:04.121  1450  1470 E SurfaceFlinger: ro.sf.lcd_density must be defined as a build property
11-09 14:25:04.129  1439  1480 D gralloc_ranchu: gralloc_alloc: Creating ashmem region of size 8298496
11-09 14:25:04.136 25038 25038 D         : HostConnection::get() New Host Connection established 0xe7ec8240, tid 25038
11-09 14:25:04.153  1450  1470 D gralloc_ranchu: gralloc_unregister_buffer: exiting HostConnection (is buffer-handling thread)
11-09 14:25:04.154  1450  1470 D         : HostConnection::get() New Host Connection established 0xe80a1880, tid 1470
11-09 14:25:04.154  1450  1470 D gralloc_ranchu: gralloc_unregister_buffer: exiting HostConnection (is buffer-handling thread)
11-09 14:25:04.283  1649  1663 E memtrack: Couldn't load memtrack module
11-09 14:25:04.283  1649  1663 W android.os.Debug: failed to get memory consumption info: -1
11-09 14:25:04.285  4290  4290 D MediaScannerReceiver: action: android.intent.action.MEDIA_SCANNER_SCAN_FILE path: /storage/emulated/0/screen.png
11-09 14:25:06.602 25050 25050 D AndroidRuntime: >>>>>> START com.android.internal.os.RuntimeInit uid 2000 <<<<<<
11-09 14:25:06.735 25050 25050 W app_process: Unexpected CPU variant for X86 using defaults: x86
11-09 14:25:06.737 25050 25050 I app_process: The ClassLoaderContext is a special shared library.
11-09 14:25:06.738 25050 25050 I app_process: The ClassLoaderContext is a special shared library.
11-09 14:25:06.749  1649  1663 E memtrack: Couldn't load memtrack module
11-09 14:25:06.749  1649  1663 W android.os.Debug: failed to get memory consumption info: -1
11-09 14:25:06.758 25050 25050 D AndroidRuntime: Calling main entry com.android.commands.uiautomator.Launcher
11-09 14:25:07.224  1649  1663 E memtrack: Couldn't load memtrack module
11-09 14:25:07.224  1649  1663 W android.os.Debug: failed to get memory consumption info: -1
11-09 14:25:07.455  2051 23782 I NetworkScheduler.Stats: Task com.google.android.gms/com.google.android.gms.icing.service.IcingGcmTaskService started execution. cause:4 exec_start_elapsed_seconds: 36132 [CONTEXT service_id=218 ]
11-09 14:25:07.460  2051 24747 I NetworkScheduler.Stats: Task com.google.android.gms/com.google.android.gms.icing.service.IcingGcmTaskService finished executing. cause:4 result: 1 elapsed_millis: 36 uptime_millis: 36 exec_start_elapsed_seconds: 36132 [CONTEXT service_id=218 ]
11-09 14:25:07.464  2181 16755 I Icing   : Indexing com.google.android.gms-internal.3p:MobileApplication from com.google.android.gms using seqno 181
11-09 14:25:07.540  2051 23782 I NetworkScheduler.Stats: Task com.google.android.gms/com.google.android.gms.phenotype.service.sync.PhenotypeConfigurator started execution. cause:5 exec_start_elapsed_seconds: 36132 [CONTEXT service_id=218 ]
11-09 14:25:07.630  2051 24751 I NetworkScheduler.Stats: Task com.google.android.gms/com.google.android.gms.clearcut.uploader.QosUploaderService started execution. cause:5 exec_start_elapsed_seconds: 36132 [CONTEXT service_id=218 ]
11-09 14:25:07.740  2051 24747 I aoqb    : Removed 0 invalid users [CONTEXT service_id=51 ]
11-09 14:25:07.762  1649  1667 I WifiService: requestActivityInfo uid=1000
11-09 14:25:07.762  1649  1667 I WifiService: reportActivityInfo uid=1000
11-09 14:25:07.762  1649  1667 I WifiService: getSupportedFeatures uid=1000
11-09 14:25:07.792 25050 25050 I AccessibilityNodeInfoDumper: Skipping invisible child: android.view.accessibility.AccessibilityNodeInfo@18e18; boundsInParent: Rect(0, 0 - 1080, 1582); boundsInScreen: Rect(1080, 63 - 1080, 1645); packageName: org.shadowice.flocke.andotp.dev; className: android.widget.ScrollView; text: null; error: null; maxTextLength: -1; contentDescription: null; viewIdResName: null; checkable: false; checked: false; focusable: true; focused: false; selected: false; clickable: false; longClickable: false; contextClickable: false; enabled: true; password: false; scrollable: false; importantForAccessibility: true; actions: [AccessibilityAction: ACTION_FOCUS - null, AccessibilityAction: ACTION_SELECT - null, AccessibilityAction: ACTION_CLEAR_SELECTION - null, AccessibilityAction: ACTION_ACCESSIBILITY_FOCUS - null, AccessibilityAction: ACTION_SHOW_ON_SCREEN - null]
11-09 14:25:07.792 25050 25050 I AccessibilityNodeInfoDumper: Skipping invisible child: android.view.accessibility.AccessibilityNodeInfo@17f14; boundsInParent: Rect(0, 0 - 147, 147); boundsInScreen: Rect(42, 1983 - 189, 1794); packageName: org.shadowice.flocke.andotp.dev; className: android.widget.ImageButton; text: null; error: null; maxTextLength: -1; contentDescription: Back; viewIdResName: org.shadowice.flocke.andotp.dev:id/mi_button_back; checkable: false; checked: false; focusable: true; focused: false; selected: false; clickable: true; longClickable: true; contextClickable: false; enabled: true; password: false; scrollable: false; importantForAccessibility: true; actions: [AccessibilityAction: ACTION_FOCUS - null, AccessibilityAction: ACTION_SELECT - null, AccessibilityAction: ACTION_CLEAR_SELECTION - null, AccessibilityAction: ACTION_CLICK - null, AccessibilityAction: ACTION_LONG_CLICK - null, AccessibilityAction: ACTION_ACCESSIBILITY_FOCUS - null, AccessibilityAction: ACTION_NEXT_AT_MOVEMENT_GRANULARITY - null, AccessibilityAction: ACTION_PREVIOUS_AT_MOVEMENT_GRANULARITY - null, AccessibilityAction: ACTION_SET_SELECTION - null, AccessibilityAction: ACTION_SHOW_ON_SCREEN - null]
11-09 14:25:07.793 25050 25050 W AccessibilityNodeInfoDumper: Fetch time: 5ms
11-09 14:25:07.793  1649  2304 W WindowManager: removeWindowToken: Attempted to remove non-existing token: android.os.Binder@432fb87
11-09 14:25:07.800 25050 25050 D AndroidRuntime: Shutting down VM
11-09 14:25:07.804  2051 19139 W Conscrypt: Could not set socket write timeout: java.net.SocketException: Socket closed
11-09 14:25:07.804  2051 19139 W Conscrypt: 	at com.google.android.gms.org.conscrypt.Platform.setSocketWriteTimeout(:com.google.android.gms@202414022@20.24.14 (040700-319035315):2)
11-09 14:25:07.804  2051 19139 W Conscrypt: 	at com.google.android.gms.org.conscrypt.ConscryptFileDescriptorSocket.setSoWriteTimeout(:com.google.android.gms@202414022@20.24.14 (040700-319035315):0)
11-09 14:25:07.830  2051 19139 W Conscrypt: Could not set socket write timeout: java.net.SocketException: Socket closed
11-09 14:25:07.830  2051 19139 W Conscrypt: 	at com.google.android.gms.org.conscrypt.Platform.setSocketWriteTimeout(:com.google.android.gms@202414022@20.24.14 (040700-319035315):2)
11-09 14:25:07.830  2051 19139 W Conscrypt: 	at com.google.android.gms.org.conscrypt.ConscryptFileDescriptorSocket.setSoWriteTimeout(:com.google.android.gms@202414022@20.24.14 (040700-319035315):0)
11-09 14:25:08.307  2051 19139 E CCTApacheHttpTransport: Error in PseudonymousId compareAndSet() operation
11-09 14:25:08.332  2051 19139 W Conscrypt: Could not set socket write timeout: java.net.SocketException: Socket closed
11-09 14:25:08.332  2051 19139 W Conscrypt: 	at com.google.android.gms.org.conscrypt.Platform.setSocketWriteTimeout(:com.google.android.gms@202414022@20.24.14 (040700-319035315):2)
11-09 14:25:08.332  2051 19139 W Conscrypt: 	at com.google.android.gms.org.conscrypt.ConscryptFileDescriptorSocket.setSoWriteTimeout(:com.google.android.gms@202414022@20.24.14 (040700-319035315):0)
11-09 14:25:08.358  2051 19139 W Conscrypt: Could not set socket write timeout: java.net.SocketException: Socket closed
11-09 14:25:08.358  2051 19139 W Conscrypt: 	at com.google.android.gms.org.conscrypt.Platform.setSocketWriteTimeout(:com.google.android.gms@202414022@20.24.14 (040700-319035315):2)
11-09 14:25:08.358  2051 19139 W Conscrypt: 	at com.google.android.gms.org.conscrypt.ConscryptFileDescriptorSocket.setSoWriteTimeout(:com.google.android.gms@202414022@20.24.14 (040700-319035315):0)
11-09 14:25:08.481  2051 24747 I aopq    : Scheduling adaptive one off task with window [14400, 604800] in seconds [CONTEXT service_id=51 ]
11-09 14:25:08.517  2051 24751 I NetworkScheduler.Stats: Task com.google.android.gms/com.google.android.gms.clearcut.uploader.QosUploaderService finished executing. cause:5 result: 1 elapsed_millis: 957 uptime_millis: 957 exec_start_elapsed_seconds: 36132 [CONTEXT service_id=218 ]
11-09 14:25:08.537  2051 24751 I NetworkScheduler.Stats: Task com.google.android.gms/com.google.android.gms.phenotype.service.sync.PhenotypeConfigurator finished executing. cause:5 result: 1 elapsed_millis: 1032 uptime_millis: 1032 exec_start_elapsed_seconds: 36132 [CONTEXT service_id=218 ]
11-09 14:25:10.035 25071 25071 D AndroidRuntime: >>>>>> START com.android.internal.os.RuntimeInit uid 2000 <<<<<<
11-09 14:25:10.037 25071 25071 W app_process: Could not reserve sentinel fault page
11-09 14:25:10.072 25071 25071 W app_process: Unexpected CPU variant for X86 using defaults: x86
11-09 14:25:10.074 25071 25071 I app_process: The ClassLoaderContext is a special shared library.
11-09 14:25:10.075 25071 25071 I app_process: The ClassLoaderContext is a special shared library.
11-09 14:25:10.088 25071 25071 D AndroidRuntime: Calling main entry com.android.commands.uiautomator.Launcher
11-09 14:25:11.116 25071 25071 I AccessibilityNodeInfoDumper: Skipping invisible child: android.view.accessibility.AccessibilityNodeInfo@18e24; boundsInParent: Rect(0, 0 - 1080, 1582); boundsInScreen: Rect(1080, 63 - 1080, 1645); packageName: org.shadowice.flocke.andotp.dev; className: android.widget.ScrollView; text: null; error: null; maxTextLength: -1; contentDescription: null; viewIdResName: null; checkable: false; checked: false; focusable: true; focused: false; selected: false; clickable: false; longClickable: false; contextClickable: false; enabled: true; password: false; scrollable: false; importantForAccessibility: true; actions: [AccessibilityAction: ACTION_FOCUS - null, AccessibilityAction: ACTION_SELECT - null, AccessibilityAction: ACTION_CLEAR_SELECTION - null, AccessibilityAction: ACTION_ACCESSIBILITY_FOCUS - null, AccessibilityAction: ACTION_SHOW_ON_SCREEN - null]
11-09 14:25:11.116 25071 25071 I AccessibilityNodeInfoDumper: Skipping invisible child: android.view.accessibility.AccessibilityNodeInfo@17f20; boundsInParent: Rect(0, 0 - 147, 147); boundsInScreen: Rect(42, 1983 - 189, 1794); packageName: org.shadowice.flocke.andotp.dev; className: android.widget.ImageButton; text: null; error: null; maxTextLength: -1; contentDescription: Back; viewIdResName: org.shadowice.flocke.andotp.dev:id/mi_button_back; checkable: false; checked: false; focusable: true; focused: false; selected: false; clickable: true; longClickable: true; contextClickable: false; enabled: true; password: false; scrollable: false; importantForAccessibility: true; actions: [AccessibilityAction: ACTION_FOCUS - null, AccessibilityAction: ACTION_SELECT - null, AccessibilityAction: ACTION_CLEAR_SELECTION - null, AccessibilityAction: ACTION_CLICK - null, AccessibilityAction: ACTION_LONG_CLICK - null, AccessibilityAction: ACTION_ACCESSIBILITY_FOCUS - null, AccessibilityAction: ACTION_NEXT_AT_MOVEMENT_GRANULARITY - null, AccessibilityAction: ACTION_PREVIOUS_AT_MOVEMENT_GRANULARITY - null, AccessibilityAction: ACTION_SET_SELECTION - null, AccessibilityAction: ACTION_SHOW_ON_SCREEN - null]
11-09 14:25:11.116 25071 25071 W AccessibilityNodeInfoDumper: Fetch time: 5ms
11-09 14:25:11.117  1649 15274 W WindowManager: removeWindowToken: Attempted to remove non-existing token: android.os.Binder@af93549
11-09 14:25:11.124 25071 25071 D AndroidRuntime: Shutting down VM
11-09 14:25:11.357 25088 25088 D AndroidRuntime: >>>>>> START com.android.internal.os.RuntimeInit uid 2000 <<<<<<
11-09 14:25:11.393 25088 25088 W app_process: Unexpected CPU variant for X86 using defaults: x86
11-09 14:25:11.395 25088 25088 I app_process: The ClassLoaderContext is a special shared library.
11-09 14:25:11.396 25088 25088 I app_process: The ClassLoaderContext is a special shared library.
11-09 14:25:11.410 25088 25088 D AndroidRuntime: Calling main entry com.android.commands.uiautomator.Launcher
11-09 14:25:12.438 25088 25088 I AccessibilityNodeInfoDumper: Skipping invisible child: android.view.accessibility.AccessibilityNodeInfo@18e36; boundsInParent: Rect(0, 0 - 1080, 1582); boundsInScreen: Rect(1080, 63 - 1080, 1645); packageName: org.shadowice.flocke.andotp.dev; className: android.widget.ScrollView; text: null; error: null; maxTextLength: -1; contentDescription: null; viewIdResName: null; checkable: false; checked: false; focusable: true; focused: false; selected: false; clickable: false; longClickable: false; contextClickable: false; enabled: true; password: false; scrollable: false; importantForAccessibility: true; actions: [AccessibilityAction: ACTION_FOCUS - null, AccessibilityAction: ACTION_SELECT - null, AccessibilityAction: ACTION_CLEAR_SELECTION - null, AccessibilityAction: ACTION_ACCESSIBILITY_FOCUS - null, AccessibilityAction: ACTION_SHOW_ON_SCREEN - null]
11-09 14:25:12.438 25088 25088 I AccessibilityNodeInfoDumper: Skipping invisible child: android.view.accessibility.AccessibilityNodeInfo@17f32; boundsInParent: Rect(0, 0 - 147, 147); boundsInScreen: Rect(42, 1983 - 189, 1794); packageName: org.shadowice.flocke.andotp.dev; className: android.widget.ImageButton; text: null; error: null; maxTextLength: -1; contentDescription: Back; viewIdResName: org.shadowice.flocke.andotp.dev:id/mi_button_back; checkable: false; checked: false; focusable: true; focused: false; selected: false; clickable: true; longClickable: true; contextClickable: false; enabled: true; password: false; scrollable: false; importantForAccessibility: true; actions: [AccessibilityAction: ACTION_FOCUS - null, AccessibilityAction: ACTION_SELECT - null, AccessibilityAction: ACTION_CLEAR_SELECTION - null, AccessibilityAction: ACTION_CLICK - null, AccessibilityAction: ACTION_LONG_CLICK - null, AccessibilityAction: ACTION_ACCESSIBILITY_FOCUS - null, AccessibilityAction: ACTION_NEXT_AT_MOVEMENT_GRANULARITY - null, AccessibilityAction: ACTION_PREVIOUS_AT_MOVEMENT_GRANULARITY - null, AccessibilityAction: ACTION_SET_SELECTION - null, AccessibilityAction: ACTION_SHOW_ON_SCREEN - null]
11-09 14:25:12.439 25088 25088 W AccessibilityNodeInfoDumper: Fetch time: 3ms
11-09 14:25:12.440  1649 15274 W WindowManager: removeWindowToken: Attempted to remove non-existing token: android.os.Binder@852db6f
11-09 14:25:12.446 25088 25088 D AndroidRuntime: Shutting down VM
11-09 14:25:12.678 25105 25105 D AndroidRuntime: >>>>>> START com.android.internal.os.RuntimeInit uid 2000 <<<<<<
11-09 14:25:12.712 25105 25105 W app_process: Unexpected CPU variant for X86 using defaults: x86
11-09 14:25:12.714 25105 25105 I app_process: The ClassLoaderContext is a special shared library.
11-09 14:25:12.715 25105 25105 I app_process: The ClassLoaderContext is a special shared library.
11-09 14:25:12.729 25105 25105 D AndroidRuntime: Calling main entry com.android.commands.uiautomator.Launcher
11-09 14:25:13.757 25105 25105 I AccessibilityNodeInfoDumper: Skipping invisible child: android.view.accessibility.AccessibilityNodeInfo@18e42; boundsInParent: Rect(0, 0 - 1080, 1582); boundsInScreen: Rect(1080, 63 - 1080, 1645); packageName: org.shadowice.flocke.andotp.dev; className: android.widget.ScrollView; text: null; error: null; maxTextLength: -1; contentDescription: null; viewIdResName: null; checkable: false; checked: false; focusable: true; focused: false; selected: false; clickable: false; longClickable: false; contextClickable: false; enabled: true; password: false; scrollable: false; importantForAccessibility: true; actions: [AccessibilityAction: ACTION_FOCUS - null, AccessibilityAction: ACTION_SELECT - null, AccessibilityAction: ACTION_CLEAR_SELECTION - null, AccessibilityAction: ACTION_ACCESSIBILITY_FOCUS - null, AccessibilityAction: ACTION_SHOW_ON_SCREEN - null]
11-09 14:25:13.757 25105 25105 I AccessibilityNodeInfoDumper: Skipping invisible child: android.view.accessibility.AccessibilityNodeInfo@17f3e; boundsInParent: Rect(0, 0 - 147, 147); boundsInScreen: Rect(42, 1983 - 189, 1794); packageName: org.shadowice.flocke.andotp.dev; className: android.widget.ImageButton; text: null; error: null; maxTextLength: -1; contentDescription: Back; viewIdResName: org.shadowice.flocke.andotp.dev:id/mi_button_back; checkable: false; checked: false; focusable: true; focused: false; selected: false; clickable: true; longClickable: true; contextClickable: false; enabled: true; password: false; scrollable: false; importantForAccessibility: true; actions: [AccessibilityAction: ACTION_FOCUS - null, AccessibilityAction: ACTION_SELECT - null, AccessibilityAction: ACTION_CLEAR_SELECTION - null, AccessibilityAction: ACTION_CLICK - null, AccessibilityAction: ACTION_LONG_CLICK - null, AccessibilityAction: ACTION_ACCESSIBILITY_FOCUS - null, AccessibilityAction: ACTION_NEXT_AT_MOVEMENT_GRANULARITY - null, AccessibilityAction: ACTION_PREVIOUS_AT_MOVEMENT_GRANULARITY - null, AccessibilityAction: ACTION_SET_SELECTION - null, AccessibilityAction: ACTION_SHOW_ON_SCREEN - null]
11-09 14:25:13.758 25105 25105 W AccessibilityNodeInfoDumper: Fetch time: 3ms
11-09 14:25:13.758  1649 15274 W WindowManager: removeWindowToken: Attempted to remove non-existing token: android.os.Binder@16dd05
11-09 14:25:13.763 25105 25105 D AndroidRuntime: Shutting down VM
11-09 14:25:14.036 25125 25125 D AndroidRuntime: >>>>>> START com.android.internal.os.RuntimeInit uid 2000 <<<<<<
11-09 14:25:14.073 25125 25125 W app_process: Unexpected CPU variant for X86 using defaults: x86
11-09 14:25:14.075 25125 25125 I app_process: The ClassLoaderContext is a special shared library.
11-09 14:25:14.076 25125 25125 I app_process: The ClassLoaderContext is a special shared library.
11-09 14:25:14.091 25125 25125 D AndroidRuntime: Calling main entry com.android.commands.uiautomator.Launcher
11-09 14:25:14.418  1649  1663 E memtrack: Couldn't load memtrack module
11-09 14:25:14.418  1649  1663 W android.os.Debug: failed to get memory consumption info: -1
11-09 14:25:14.493  4956  4991 W native  : jpeg_io.cc:108 File's first two bytes does not match the sequence 216
11-09 14:25:15.115 25125 25125 I AccessibilityNodeInfoDumper: Skipping invisible child: android.view.accessibility.AccessibilityNodeInfo@18e4f; boundsInParent: Rect(0, 0 - 1080, 1582); boundsInScreen: Rect(1080, 63 - 1080, 1645); packageName: org.shadowice.flocke.andotp.dev; className: android.widget.ScrollView; text: null; error: null; maxTextLength: -1; contentDescription: null; viewIdResName: null; checkable: false; checked: false; focusable: true; focused: false; selected: false; clickable: false; longClickable: false; contextClickable: false; enabled: true; password: false; scrollable: false; importantForAccessibility: true; actions: [AccessibilityAction: ACTION_FOCUS - null, AccessibilityAction: ACTION_SELECT - null, AccessibilityAction: ACTION_CLEAR_SELECTION - null, AccessibilityAction: ACTION_ACCESSIBILITY_FOCUS - null, AccessibilityAction: ACTION_SHOW_ON_SCREEN - null]
11-09 14:25:15.116 25125 25125 I AccessibilityNodeInfoDumper: Skipping invisible child: android.view.accessibility.AccessibilityNodeInfo@17f4b; boundsInParent: Rect(0, 0 - 147, 147); boundsInScreen: Rect(42, 1983 - 189, 1794); packageName: org.shadowice.flocke.andotp.dev; className: android.widget.ImageButton; text: null; error: null; maxTextLength: -1; contentDescription: Back; viewIdResName: org.shadowice.flocke.andotp.dev:id/mi_button_back; checkable: false; checked: false; focusable: true; focused: false; selected: false; clickable: true; longClickable: true; contextClickable: false; enabled: true; password: false; scrollable: false; importantForAccessibility: true; actions: [AccessibilityAction: ACTION_FOCUS - null, AccessibilityAction: ACTION_SELECT - null, AccessibilityAction: ACTION_CLEAR_SELECTION - null, AccessibilityAction: ACTION_CLICK - null, AccessibilityAction: ACTION_LONG_CLICK - null, AccessibilityAction: ACTION_ACCESSIBILITY_FOCUS - null, AccessibilityAction: ACTION_NEXT_AT_MOVEMENT_GRANULARITY - null, AccessibilityAction: ACTION_PREVIOUS_AT_MOVEMENT_GRANULARITY - null, AccessibilityAction: ACTION_SET_SELECTION - null, AccessibilityAction: ACTION_SHOW_ON_SCREEN - null]
11-09 14:25:15.116 25125 25125 W AccessibilityNodeInfoDumper: Fetch time: 4ms
11-09 14:25:15.117  1649 15274 W WindowManager: removeWindowToken: Attempted to remove non-existing token: android.os.Binder@55bbf8b
11-09 14:25:15.124 25125 25125 D AndroidRuntime: Shutting down VM
11-09 14:25:15.300 25138 25138 D AndroidRuntime: >>>>>> START com.android.internal.os.RuntimeInit uid 2000 <<<<<<
11-09 14:25:15.304 25138 25138 W app_process: Could not reserve sentinel fault page
11-09 14:25:15.338 25138 25138 W app_process: Unexpected CPU variant for X86 using defaults: x86
11-09 14:25:15.340 25138 25138 I app_process: The ClassLoaderContext is a special shared library.
11-09 14:25:15.357 25138 25138 D AndroidRuntime: Calling main entry com.android.commands.input.Input
11-09 14:25:15.358 25138 25138 I Input   : injectMotionEvent: MotionEvent { action=ACTION_DOWN, actionButton=0, id[0]=0, x[0]=964.0, y[0]=1678.0, toolType[0]=TOOL_TYPE_UNKNOWN, buttonState=0, metaState=0, flags=0x0, edgeFlags=0x0, pointerCount=1, historySize=0, eventTime=36140035, downTime=36140035, deviceId=0, source=0x1002 }
11-09 14:25:15.362 25138 25138 I Input   : injectMotionEvent: MotionEvent { action=ACTION_UP, actionButton=0, id[0]=0, x[0]=964.0, y[0]=1678.0, toolType[0]=TOOL_TYPE_UNKNOWN, buttonState=0, metaState=0, flags=0x0, edgeFlags=0x0, pointerCount=1, historySize=0, eventTime=36140035, downTime=36140035, deviceId=0, source=0x1002 }
11-09 14:25:15.364 25138 25138 D AndroidRuntime: Shutting down VM
11-09 14:25:15.379  1431  8375 W audio_hw_generic: Not supplying enough data to HAL, expected position 24555685 , only wrote 24555600
11-09 14:25:15.440  1431  8375 W audio_hw_generic: Not supplying enough data to HAL, expected position 24558533 , only wrote 24558480
11-09 14:25:15.441  1431  8375 W audio_hw_generic: Not supplying enough data to HAL, expected position 24558510 , only wrote 24558480
11-09 14:25:15.484  1521  1579 D AudioFlinger: mixer(0xe56839c0) throttle end: throttle time(12)
11-09 14:25:15.716 24856 24862 I zygote  : Do partial code cache collection, code=121KB, data=112KB
11-09 14:25:15.718 24856 24862 I zygote  : After code cache collection, code=121KB, data=112KB
11-09 14:25:15.718 24856 24862 I zygote  : Increasing code cache capacity to 512KB
11-09 14:25:16.781  1649  1663 E memtrack: Couldn't load memtrack module
11-09 14:25:16.781  1649  1663 W android.os.Debug: failed to get memory consumption info: -1
11-09 14:25:17.248  1440  1456 D hwcomposer: hw_composer sent 168 syncs in 61s
11-09 14:25:17.781  1649  1663 E memtrack: Couldn't load memtrack module
11-09 14:25:17.781  1649  1663 W android.os.Debug: failed to get memory consumption info: -1
11-09 14:25:18.652  1431  1431 W audio_hw_generic: Not supplying enough data to HAL, expected position 24864875 , only wrote 24712560
11-09 14:25:19.073  1751  1751 W LstmExtension: no lmDescriptor could be found for en_US/20170411
11-09 14:25:19.074  1751  1751 W LstmExtension: no lmDescriptor could be found for en_US/20170411
11-09 14:25:19.256 25165 25165 D AndroidRuntime: >>>>>> START com.android.internal.os.RuntimeInit uid 2000 <<<<<<
11-09 14:25:19.292 25165 25165 W app_process: Unexpected CPU variant for X86 using defaults: x86
11-09 14:25:19.294 25165 25165 I app_process: The ClassLoaderContext is a special shared library.
11-09 14:25:19.294 25165 25165 I app_process: The ClassLoaderContext is a special shared library.
11-09 14:25:19.309 25165 25165 D AndroidRuntime: Calling main entry com.android.commands.uiautomator.Launcher
11-09 14:25:20.336 25165 25165 I AccessibilityNodeInfoDumper: Skipping invisible child: android.view.accessibility.AccessibilityNodeInfo@18a9a; boundsInParent: Rect(0, 0 - 1080, 1582); boundsInScreen: Rect(0, 63 - 0, 1645); packageName: org.shadowice.flocke.andotp.dev; className: android.widget.LinearLayout; text: null; error: null; maxTextLength: -1; contentDescription: null; viewIdResName: null; checkable: false; checked: false; focusable: false; focused: false; selected: false; clickable: false; longClickable: false; contextClickable: false; enabled: true; password: false; scrollable: false; importantForAccessibility: false; actions: [AccessibilityAction: ACTION_SELECT - null, AccessibilityAction: ACTION_CLEAR_SELECTION - null, AccessibilityAction: ACTION_ACCESSIBILITY_FOCUS - null, AccessibilityAction: ACTION_SHOW_ON_SCREEN - null]
11-09 14:25:20.337 25165 25165 I app_process: Deoptimizing java.lang.String com.android.uiautomator.core.AccessibilityNodeInfoDumper.stripInvalidXMLChars(java.lang.CharSequence) due to JIT inline cache
11-09 14:25:20.338 25165 25165 I AccessibilityNodeInfoDumper: Skipping invisible child: android.view.accessibility.AccessibilityNodeInfo@1b3e5; boundsInParent: Rect(0, 0 - 1080, 1582); boundsInScreen: Rect(1080, 63 - 1080, 1645); packageName: org.shadowice.flocke.andotp.dev; className: android.widget.ScrollView; text: null; error: null; maxTextLength: -1; contentDescription: null; viewIdResName: null; checkable: false; checked: false; focusable: true; focused: false; selected: false; clickable: false; longClickable: false; contextClickable: false; enabled: true; password: false; scrollable: false; importantForAccessibility: true; actions: [AccessibilityAction: ACTION_FOCUS - null, AccessibilityAction: ACTION_SELECT - null, AccessibilityAction: ACTION_CLEAR_SELECTION - null, AccessibilityAction: ACTION_ACCESSIBILITY_FOCUS - null, AccessibilityAction: ACTION_SHOW_ON_SCREEN - null]
11-09 14:25:20.340 25165 25165 W AccessibilityNodeInfoDumper: Fetch time: 6ms
11-09 14:25:20.340  1649  3840 W WindowManager: removeWindowToken: Attempted to remove non-existing token: android.os.Binder@b78c89d
11-09 14:25:20.347 25165 25165 D AndroidRuntime: Shutting down VM
11-09 14:25:21.196 25193 25193 D AndroidRuntime: >>>>>> START com.android.internal.os.RuntimeInit uid 2000 <<<<<<
11-09 14:25:21.229 25193 25193 W app_process: Unexpected CPU variant for X86 using defaults: x86
11-09 14:25:21.231 25193 25193 I app_process: The ClassLoaderContext is a special shared library.
11-09 14:25:21.232 25193 25193 I app_process: The ClassLoaderContext is a special shared library.
11-09 14:25:21.244 25193 25193 D AndroidRuntime: Calling main entry com.android.commands.uiautomator.Launcher
11-09 14:25:22.267 25193 25193 I AccessibilityNodeInfoDumper: Skipping invisible child: android.view.accessibility.AccessibilityNodeInfo@18aa4; boundsInParent: Rect(0, 0 - 1080, 1582); boundsInScreen: Rect(0, 63 - 0, 1645); packageName: org.shadowice.flocke.andotp.dev; className: android.widget.LinearLayout; text: null; error: null; maxTextLength: -1; contentDescription: null; viewIdResName: null; checkable: false; checked: false; focusable: false; focused: false; selected: false; clickable: false; longClickable: false; contextClickable: false; enabled: true; password: false; scrollable: false; importantForAccessibility: false; actions: [AccessibilityAction: ACTION_SELECT - null, AccessibilityAction: ACTION_CLEAR_SELECTION - null, AccessibilityAction: ACTION_ACCESSIBILITY_FOCUS - null, AccessibilityAction: ACTION_SHOW_ON_SCREEN - null]
11-09 14:25:22.269 25193 25193 I app_process: Deoptimizing java.lang.String com.android.uiautomator.core.AccessibilityNodeInfoDumper.stripInvalidXMLChars(java.lang.CharSequence) due to JIT inline cache
11-09 14:25:22.271 25193 25193 I AccessibilityNodeInfoDumper: Skipping invisible child: android.view.accessibility.AccessibilityNodeInfo@1b3ef; boundsInParent: Rect(0, 0 - 1080, 1582); boundsInScreen: Rect(1080, 63 - 1080, 1645); packageName: org.shadowice.flocke.andotp.dev; className: android.widget.ScrollView; text: null; error: null; maxTextLength: -1; contentDescription: null; viewIdResName: null; checkable: false; checked: false; focusable: true; focused: false; selected: false; clickable: false; longClickable: false; contextClickable: false; enabled: true; password: false; scrollable: false; importantForAccessibility: true; actions: [AccessibilityAction: ACTION_FOCUS - null, AccessibilityAction: ACTION_SELECT - null, AccessibilityAction: ACTION_CLEAR_SELECTION - null, AccessibilityAction: ACTION_ACCESSIBILITY_FOCUS - null, AccessibilityAction: ACTION_SHOW_ON_SCREEN - null]
11-09 14:25:22.273 25193 25193 W AccessibilityNodeInfoDumper: Fetch time: 7ms
11-09 14:25:22.274  1649  1660 W WindowManager: removeWindowToken: Attempted to remove non-existing token: android.os.Binder@e6ed0e3
11-09 14:25:22.280 25193 25193 D AndroidRuntime: Shutting down VM
11-09 14:25:22.505 25211 25211 D AndroidRuntime: >>>>>> START com.android.internal.os.RuntimeInit uid 2000 <<<<<<
11-09 14:25:22.540 25211 25211 W app_process: Unexpected CPU variant for X86 using defaults: x86
11-09 14:25:22.541 25211 25211 I app_process: The ClassLoaderContext is a special shared library.
11-09 14:25:22.542 25211 25211 I app_process: The ClassLoaderContext is a special shared library.
11-09 14:25:22.555 25211 25211 D AndroidRuntime: Calling main entry com.android.commands.uiautomator.Launcher
11-09 14:25:23.515  1649  1667 I WifiService: requestActivityInfo uid=1000
11-09 14:25:23.515  1649  1667 I WifiService: reportActivityInfo uid=1000
11-09 14:25:23.515  1649  1667 I WifiService: getSupportedFeatures uid=1000
11-09 14:25:23.581 25211 25211 I AccessibilityNodeInfoDumper: Skipping invisible child: android.view.accessibility.AccessibilityNodeInfo@18ab6; boundsInParent: Rect(0, 0 - 1080, 1582); boundsInScreen: Rect(0, 63 - 0, 1645); packageName: org.shadowice.flocke.andotp.dev; className: android.widget.LinearLayout; text: null; error: null; maxTextLength: -1; contentDescription: null; viewIdResName: null; checkable: false; checked: false; focusable: false; focused: false; selected: false; clickable: false; longClickable: false; contextClickable: false; enabled: true; password: false; scrollable: false; importantForAccessibility: false; actions: [AccessibilityAction: ACTION_SELECT - null, AccessibilityAction: ACTION_CLEAR_SELECTION - null, AccessibilityAction: ACTION_ACCESSIBILITY_FOCUS - null, AccessibilityAction: ACTION_SHOW_ON_SCREEN - null]
11-09 14:25:23.583 25211 25211 I app_process: Deoptimizing java.lang.String com.android.uiautomator.core.AccessibilityNodeInfoDumper.stripInvalidXMLChars(java.lang.CharSequence) due to JIT inline cache
11-09 14:25:23.585 25211 25211 I AccessibilityNodeInfoDumper: Skipping invisible child: android.view.accessibility.AccessibilityNodeInfo@1b401; boundsInParent: Rect(0, 0 - 1080, 1582); boundsInScreen: Rect(1080, 63 - 1080, 1645); packageName: org.shadowice.flocke.andotp.dev; className: android.widget.ScrollView; text: null; error: null; maxTextLength: -1; contentDescription: null; viewIdResName: null; checkable: false; checked: false; focusable: true; focused: false; selected: false; clickable: false; longClickable: false; contextClickable: false; enabled: true; password: false; scrollable: false; importantForAccessibility: true; actions: [AccessibilityAction: ACTION_FOCUS - null, AccessibilityAction: ACTION_SELECT - null, AccessibilityAction: ACTION_CLEAR_SELECTION - null, AccessibilityAction: ACTION_ACCESSIBILITY_FOCUS - null, AccessibilityAction: ACTION_SHOW_ON_SCREEN - null]
11-09 14:25:23.586 25211 25211 W AccessibilityNodeInfoDumper: Fetch time: 8ms
11-09 14:25:23.587  1649  1942 W WindowManager: removeWindowToken: Attempted to remove non-existing token: android.os.Binder@e9e5199
11-09 14:25:23.595 25211 25211 D AndroidRuntime: Shutting down VM
11-09 14:25:24.445 25240 25240 D AndroidRuntime: >>>>>> START com.android.internal.os.RuntimeInit uid 2000 <<<<<<
11-09 14:25:24.447 25240 25240 W app_process: Could not reserve sentinel fault page
11-09 14:25:24.477 25240 25240 W app_process: Unexpected CPU variant for X86 using defaults: x86
11-09 14:25:24.478 25240 25240 I app_process: The ClassLoaderContext is a special shared library.
11-09 14:25:24.479 25240 25240 I app_process: The ClassLoaderContext is a special shared library.
11-09 14:25:24.496 25240 25240 D AndroidRuntime: Calling main entry com.android.commands.uiautomator.Launcher
11-09 14:25:25.525 25240 25240 I AccessibilityNodeInfoDumper: Skipping invisible child: android.view.accessibility.AccessibilityNodeInfo@18ac2; boundsInParent: Rect(0, 0 - 1080, 1582); boundsInScreen: Rect(0, 63 - 0, 1645); packageName: org.shadowice.flocke.andotp.dev; className: android.widget.LinearLayout; text: null; error: null; maxTextLength: -1; contentDescription: null; viewIdResName: null; checkable: false; checked: false; focusable: false; focused: false; selected: false; clickable: false; longClickable: false; contextClickable: false; enabled: true; password: false; scrollable: false; importantForAccessibility: false; actions: [AccessibilityAction: ACTION_SELECT - null, AccessibilityAction: ACTION_CLEAR_SELECTION - null, AccessibilityAction: ACTION_ACCESSIBILITY_FOCUS - null, AccessibilityAction: ACTION_SHOW_ON_SCREEN - null]
11-09 14:25:25.525 25240 25240 I app_process: Deoptimizing java.lang.String com.android.uiautomator.core.AccessibilityNodeInfoDumper.stripInvalidXMLChars(java.lang.CharSequence) due to JIT inline cache
11-09 14:25:25.526 25240 25240 I AccessibilityNodeInfoDumper: Skipping invisible child: android.view.accessibility.AccessibilityNodeInfo@1b40d; boundsInParent: Rect(0, 0 - 1080, 1582); boundsInScreen: Rect(1080, 63 - 1080, 1645); packageName: org.shadowice.flocke.andotp.dev; className: android.widget.ScrollView; text: null; error: null; maxTextLength: -1; contentDescription: null; viewIdResName: null; checkable: false; checked: false; focusable: true; focused: false; selected: false; clickable: false; longClickable: false; contextClickable: false; enabled: true; password: false; scrollable: false; importantForAccessibility: true; actions: [AccessibilityAction: ACTION_FOCUS - null, AccessibilityAction: ACTION_SELECT - null, AccessibilityAction: ACTION_CLEAR_SELECTION - null, AccessibilityAction: ACTION_ACCESSIBILITY_FOCUS - null, AccessibilityAction: ACTION_SHOW_ON_SCREEN - null]
11-09 14:25:25.528 25240 25240 W AccessibilityNodeInfoDumper: Fetch time: 6ms
11-09 14:25:25.529  1649 15274 W WindowManager: removeWindowToken: Attempted to remove non-existing token: android.os.Binder@4b3983f
11-09 14:25:25.535 25240 25240 D AndroidRuntime: Shutting down VM
11-09 14:25:26.448 25274 25274 D AndroidRuntime: >>>>>> START com.android.internal.os.RuntimeInit uid 2000 <<<<<<
11-09 14:25:26.480 25274 25274 W app_process: Unexpected CPU variant for X86 using defaults: x86
11-09 14:25:26.482 25274 25274 I app_process: The ClassLoaderContext is a special shared library.
11-09 14:25:26.483 25274 25274 I app_process: The ClassLoaderContext is a special shared library.
11-09 14:25:26.497 25274 25274 D AndroidRuntime: Calling main entry com.android.commands.uiautomator.Launcher
11-09 14:25:27.522 25274 25274 I AccessibilityNodeInfoDumper: Skipping invisible child: android.view.accessibility.AccessibilityNodeInfo@18acc; boundsInParent: Rect(0, 0 - 1080, 1582); boundsInScreen: Rect(0, 63 - 0, 1645); packageName: org.shadowice.flocke.andotp.dev; className: android.widget.LinearLayout; text: null; error: null; maxTextLength: -1; contentDescription: null; viewIdResName: null; checkable: false; checked: false; focusable: false; focused: false; selected: false; clickable: false; longClickable: false; contextClickable: false; enabled: true; password: false; scrollable: false; importantForAccessibility: false; actions: [AccessibilityAction: ACTION_SELECT - null, AccessibilityAction: ACTION_CLEAR_SELECTION - null, AccessibilityAction: ACTION_ACCESSIBILITY_FOCUS - null, AccessibilityAction: ACTION_SHOW_ON_SCREEN - null]
11-09 14:25:27.524 25274 25274 I app_process: Deoptimizing java.lang.String com.android.uiautomator.core.AccessibilityNodeInfoDumper.stripInvalidXMLChars(java.lang.CharSequence) due to JIT inline cache
11-09 14:25:27.525 25274 25274 I AccessibilityNodeInfoDumper: Skipping invisible child: android.view.accessibility.AccessibilityNodeInfo@1b417; boundsInParent: Rect(0, 0 - 1080, 1582); boundsInScreen: Rect(1080, 63 - 1080, 1645); packageName: org.shadowice.flocke.andotp.dev; className: android.widget.ScrollView; text: null; error: null; maxTextLength: -1; contentDescription: null; viewIdResName: null; checkable: false; checked: false; focusable: true; focused: false; selected: false; clickable: false; longClickable: false; contextClickable: false; enabled: true; password: false; scrollable: false; importantForAccessibility: true; actions: [AccessibilityAction: ACTION_FOCUS - null, AccessibilityAction: ACTION_SELECT - null, AccessibilityAction: ACTION_CLEAR_SELECTION - null, AccessibilityAction: ACTION_ACCESSIBILITY_FOCUS - null, AccessibilityAction: ACTION_SHOW_ON_SCREEN - null]
11-09 14:25:27.527 25274 25274 W AccessibilityNodeInfoDumper: Fetch time: 7ms
11-09 14:25:27.528  1649  3840 W WindowManager: removeWindowToken: Attempted to remove non-existing token: android.os.Binder@af9ad1
11-09 14:25:27.533 25274 25274 D AndroidRuntime: Shutting down VM
11-09 14:25:27.709  1450  1470 E SurfaceFlinger: ro.sf.lcd_density must be defined as a build property
11-09 14:25:27.718  1439  1480 D gralloc_ranchu: gralloc_alloc: Creating ashmem region of size 8298496
11-09 14:25:27.725 25289 25289 D         : HostConnection::get() New Host Connection established 0xe69c8240, tid 25289
11-09 14:25:27.736  1450  1470 D         : HostConnection::get() New Host Connection established 0xe80a1880, tid 1470
11-09 14:25:27.741  1450  1470 D gralloc_ranchu: gralloc_unregister_buffer: exiting HostConnection (is buffer-handling thread)
11-09 14:25:27.741  1450  1470 D         : HostConnection::get() New Host Connection established 0xe80a1880, tid 1470
11-09 14:25:27.742  1450  1470 D gralloc_ranchu: gralloc_unregister_buffer: exiting HostConnection (is buffer-handling thread)
11-09 14:25:27.879  4290  4290 D MediaScannerReceiver: action: android.intent.action.MEDIA_SCANNER_SCAN_FILE path: /storage/emulated/0/screen.png
11-09 14:25:30.269 25301 25301 D AndroidRuntime: >>>>>> START com.android.internal.os.RuntimeInit uid 2000 <<<<<<
11-09 14:25:30.300 25301 25301 W app_process: Unexpected CPU variant for X86 using defaults: x86
11-09 14:25:30.302 25301 25301 I app_process: The ClassLoaderContext is a special shared library.
11-09 14:25:30.302 25301 25301 I app_process: The ClassLoaderContext is a special shared library.
11-09 14:25:30.314 25301 25301 D AndroidRuntime: Calling main entry com.android.commands.uiautomator.Launcher
11-09 14:25:31.338 25301 25301 I AccessibilityNodeInfoDumper: Skipping invisible child: android.view.accessibility.AccessibilityNodeInfo@18ad6; boundsInParent: Rect(0, 0 - 1080, 1582); boundsInScreen: Rect(0, 63 - 0, 1645); packageName: org.shadowice.flocke.andotp.dev; className: android.widget.LinearLayout; text: null; error: null; maxTextLength: -1; contentDescription: null; viewIdResName: null; checkable: false; checked: false; focusable: false; focused: false; selected: false; clickable: false; longClickable: false; contextClickable: false; enabled: true; password: false; scrollable: false; importantForAccessibility: false; actions: [AccessibilityAction: ACTION_SELECT - null, AccessibilityAction: ACTION_CLEAR_SELECTION - null, AccessibilityAction: ACTION_ACCESSIBILITY_FOCUS - null, AccessibilityAction: ACTION_SHOW_ON_SCREEN - null]
11-09 14:25:31.339 25301 25301 I app_process: Deoptimizing java.lang.String com.android.uiautomator.core.AccessibilityNodeInfoDumper.stripInvalidXMLChars(java.lang.CharSequence) due to JIT inline cache
11-09 14:25:31.340 25301 25301 I AccessibilityNodeInfoDumper: Skipping invisible child: android.view.accessibility.AccessibilityNodeInfo@1b421; boundsInParent: Rect(0, 0 - 1080, 1582); boundsInScreen: Rect(1080, 63 - 1080, 1645); packageName: org.shadowice.flocke.andotp.dev; className: android.widget.ScrollView; text: null; error: null; maxTextLength: -1; contentDescription: null; viewIdResName: null; checkable: false; checked: false; focusable: true; focused: false; selected: false; clickable: false; longClickable: false; contextClickable: false; enabled: true; password: false; scrollable: false; importantForAccessibility: true; actions: [AccessibilityAction: ACTION_FOCUS - null, AccessibilityAction: ACTION_SELECT - null, AccessibilityAction: ACTION_CLEAR_SELECTION - null, AccessibilityAction: ACTION_ACCESSIBILITY_FOCUS - null, AccessibilityAction: ACTION_SHOW_ON_SCREEN - null]
11-09 14:25:31.341 25301 25301 W AccessibilityNodeInfoDumper: Fetch time: 5ms
11-09 14:25:31.342  1649  1660 W WindowManager: removeWindowToken: Attempted to remove non-existing token: android.os.Binder@9922c10
11-09 14:25:31.350 25301 25301 D AndroidRuntime: Shutting down VM
11-09 14:25:33.572 25318 25318 D AndroidRuntime: >>>>>> START com.android.internal.os.RuntimeInit uid 2000 <<<<<<
11-09 14:25:33.603 25318 25318 W app_process: Unexpected CPU variant for X86 using defaults: x86
11-09 14:25:33.606 25318 25318 I app_process: The ClassLoaderContext is a special shared library.
11-09 14:25:33.606 25318 25318 I app_process: The ClassLoaderContext is a special shared library.
11-09 14:25:33.619 25318 25318 D AndroidRuntime: Calling main entry com.android.commands.uiautomator.Launcher
11-09 14:25:34.645 25318 25318 I AccessibilityNodeInfoDumper: Skipping invisible child: android.view.accessibility.AccessibilityNodeInfo@18ae9; boundsInParent: Rect(0, 0 - 1080, 1582); boundsInScreen: Rect(0, 63 - 0, 1645); packageName: org.shadowice.flocke.andotp.dev; className: android.widget.LinearLayout; text: null; error: null; maxTextLength: -1; contentDescription: null; viewIdResName: null; checkable: false; checked: false; focusable: false; focused: false; selected: false; clickable: false; longClickable: false; contextClickable: false; enabled: true; password: false; scrollable: false; importantForAccessibility: false; actions: [AccessibilityAction: ACTION_SELECT - null, AccessibilityAction: ACTION_CLEAR_SELECTION - null, AccessibilityAction: ACTION_ACCESSIBILITY_FOCUS - null, AccessibilityAction: ACTION_SHOW_ON_SCREEN - null]
11-09 14:25:34.646 25318 25318 I app_process: Deoptimizing java.lang.String com.android.uiautomator.core.AccessibilityNodeInfoDumper.stripInvalidXMLChars(java.lang.CharSequence) due to JIT inline cache
11-09 14:25:34.647 25318 25318 I AccessibilityNodeInfoDumper: Skipping invisible child: android.view.accessibility.AccessibilityNodeInfo@1b434; boundsInParent: Rect(0, 0 - 1080, 1582); boundsInScreen: Rect(1080, 63 - 1080, 1645); packageName: org.shadowice.flocke.andotp.dev; className: android.widget.ScrollView; text: null; error: null; maxTextLength: -1; contentDescription: null; viewIdResName: null; checkable: false; checked: false; focusable: true; focused: false; selected: false; clickable: false; longClickable: false; contextClickable: false; enabled: true; password: false; scrollable: false; importantForAccessibility: true; actions: [AccessibilityAction: ACTION_FOCUS - null, AccessibilityAction: ACTION_SELECT - null, AccessibilityAction: ACTION_CLEAR_SELECTION - null, AccessibilityAction: ACTION_ACCESSIBILITY_FOCUS - null, AccessibilityAction: ACTION_SHOW_ON_SCREEN - null]
11-09 14:25:34.649 25318 25318 W AccessibilityNodeInfoDumper: Fetch time: 5ms
11-09 14:25:34.650  1649  2304 W WindowManager: removeWindowToken: Attempted to remove non-existing token: android.os.Binder@171c90e
11-09 14:25:34.665 25318 25318 D AndroidRuntime: Shutting down VM
11-09 14:25:34.892 25335 25335 D AndroidRuntime: >>>>>> START com.android.internal.os.RuntimeInit uid 2000 <<<<<<
11-09 14:25:34.924 25335 25335 W app_process: Unexpected CPU variant for X86 using defaults: x86
11-09 14:25:34.927 25335 25335 I app_process: The ClassLoaderContext is a special shared library.
11-09 14:25:34.927 25335 25335 I app_process: The ClassLoaderContext is a special shared library.
11-09 14:25:34.939 25335 25335 D AndroidRuntime: Calling main entry com.android.commands.uiautomator.Launcher
11-09 14:25:35.980 25335 25335 I AccessibilityNodeInfoDumper: Skipping invisible child: android.view.accessibility.AccessibilityNodeInfo@18af8; boundsInParent: Rect(0, 0 - 1080, 1582); boundsInScreen: Rect(0, 63 - 0, 1645); packageName: org.shadowice.flocke.andotp.dev; className: android.widget.LinearLayout; text: null; error: null; maxTextLength: -1; contentDescription: null; viewIdResName: null; checkable: false; checked: false; focusable: false; focused: false; selected: false; clickable: false; longClickable: false; contextClickable: false; enabled: true; password: false; scrollable: false; importantForAccessibility: false; actions: [AccessibilityAction: ACTION_SELECT - null, AccessibilityAction: ACTION_CLEAR_SELECTION - null, AccessibilityAction: ACTION_ACCESSIBILITY_FOCUS - null, AccessibilityAction: ACTION_SHOW_ON_SCREEN - null]
11-09 14:25:35.980 25335 25335 I app_process: Deoptimizing java.lang.String com.android.uiautomator.core.AccessibilityNodeInfoDumper.stripInvalidXMLChars(java.lang.CharSequence) due to JIT inline cache
11-09 14:25:35.982 25335 25335 I AccessibilityNodeInfoDumper: Skipping invisible child: android.view.accessibility.AccessibilityNodeInfo@1b443; boundsInParent: Rect(0, 0 - 1080, 1582); boundsInScreen: Rect(1080, 63 - 1080, 1645); packageName: org.shadowice.flocke.andotp.dev; className: android.widget.ScrollView; text: null; error: null; maxTextLength: -1; contentDescription: null; viewIdResName: null; checkable: false; checked: false; focusable: true; focused: false; selected: false; clickable: false; longClickable: false; contextClickable: false; enabled: true; password: false; scrollable: false; importantForAccessibility: true; actions: [AccessibilityAction: ACTION_FOCUS - null, AccessibilityAction: ACTION_SELECT - null, AccessibilityAction: ACTION_CLEAR_SELECTION - null, AccessibilityAction: ACTION_ACCESSIBILITY_FOCUS - null, AccessibilityAction: ACTION_SHOW_ON_SCREEN - null]
11-09 14:25:35.986 25335 25335 W AccessibilityNodeInfoDumper: Fetch time: 13ms
11-09 14:25:35.988  1649  2304 W WindowManager: removeWindowToken: Attempted to remove non-existing token: android.os.Binder@555f93c
11-09 14:25:36.008 25335 25335 D AndroidRuntime: Shutting down VM
11-09 14:25:36.402 25352 25352 D AndroidRuntime: >>>>>> START com.android.internal.os.RuntimeInit uid 2000 <<<<<<
11-09 14:25:36.406 25352 25352 W app_process: Could not reserve sentinel fault page
11-09 14:25:36.459 25352 25352 W app_process: Unexpected CPU variant for X86 using defaults: x86
11-09 14:25:36.461 25352 25352 I app_process: The ClassLoaderContext is a special shared library.
11-09 14:25:36.461 25352 25352 I app_process: The ClassLoaderContext is a special shared library.
11-09 14:25:36.478 25352 25352 D AndroidRuntime: Calling main entry com.android.commands.uiautomator.Launcher
