06-27 02:15:58.487  7250  7250 I Input   : injectMotionEvent: MotionEvent { action=ACTION_MOVE, actionButton=0, id[0]=0, x[0]=964.0, y[0]=1678.0, toolType[0]=TOOL_TYPE_UNKNOWN, buttonState=0, metaState=0, flags=0x0, edgeFlags=0x0, pointerCount=1, historySize=0, eventTime=4923682, downTime=4923682, deviceId=0, source=0x1002 }
06-27 02:15:58.503  7250  7250 I Input   : injectMotionEvent: MotionEvent { action=ACTION_MOVE, actionButton=0, id[0]=0, x[0]=964.0, y[0]=1678.0, toolType[0]=TOOL_TYPE_UNKNOWN, buttonState=0, metaState=0, flags=0x0, edgeFlags=0x0, pointerCount=1, historySize=0, eventTime=4923698, downTime=4923698, deviceId=0, source=0x1002 }
06-27 02:15:58.521  7250  7250 I Input   : injectMotionEvent: MotionEvent { action=ACTION_MOVE, actionButton=0, id[0]=0, x[0]=964.0, y[0]=1678.0, toolType[0]=TOOL_TYPE_UNKNOWN, buttonState=0, metaState=0, flags=0x0, edgeFlags=0x0, pointerCount=1, historySize=0, eventTime=4923716, downTime=4923716, deviceId=0, source=0x1002 }
06-27 02:15:58.539  7250  7250 I Input   : injectMotionEvent: MotionEvent { action=ACTION_UP, actionButton=0, id[0]=0, x[0]=964.0, y[0]=1678.0, toolType[0]=TOOL_TYPE_UNKNOWN, buttonState=0, metaState=0, flags=0x0, edgeFlags=0x0, pointerCount=1, historySize=0, eventTime=4923734, downTime=4923734, deviceId=0, source=0x1002 }
06-27 02:15:58.541  7250  7250 D AndroidRuntime: Shutting down VM
06-27 02:15:59.037  5588  5605 E Surface : getSlotFromBufferLocked: unknown buffer: 0xa9ff5820
06-27 02:16:00.072  1293  1331 D hwcomposer: hw_composer sent 331 syncs in 60s
06-27 02:16:02.554  7270  7270 D AndroidRuntime: >>>>>> START com.android.internal.os.RuntimeInit uid 0 <<<<<<
06-27 02:16:02.555  7270  7270 D AndroidRuntime: CheckJNI is ON
06-27 02:16:02.562  7270  7270 D ICU     : No timezone override file found: /data/misc/zoneinfo/current/icu/icu_tzdata.dat
06-27 02:16:02.573  7270  7270 E memtrack: Couldn't load memtrack module (No such file or directory)
06-27 02:16:02.573  7270  7270 E android.os.Debug: failed to load memtrack module: -2
06-27 02:16:02.574  7270  7270 I Radio-JNI: register_android_hardware_Radio DONE
06-27 02:16:02.579  7270  7270 D AndroidRuntime: Calling main entry com.android.commands.uiautomator.Launcher
06-27 02:16:03.614  7270  7270 I AccessibilityNodeInfoDumper: Skipping invisible child: android.view.accessibility.AccessibilityNodeInfo@8000e02c; boundsInParent: Rect(0, 0 - 1080, 1582); boundsInScreen: Rect(1080, 63 - 1080, 1645); packageName: org.shadowice.flocke.andotp.dev; className: android.widget.ScrollView; text: null; error: null; maxTextLength: -1; contentDescription: null; viewIdResName: null; checkable: false; checked: false; focusable: true; focused: false; selected: false; clickable: false; longClickable: false; contextClickable: false; enabled: true; password: false; scrollable: false; actions: [AccessibilityAction: ACTION_FOCUS - null, AccessibilityAction: ACTION_SELECT - null, AccessibilityAction: ACTION_CLEAR_SELECTION - null, AccessibilityAction: ACTION_ACCESSIBILITY_FOCUS - null, AccessibilityAction: ACTION_UNKNOWN - null]
06-27 02:16:03.614  7270  7270 I AccessibilityNodeInfoDumper: Skipping invisible child: android.view.accessibility.AccessibilityNodeInfo@8000b6e1; boundsInParent: Rect(0, 0 - 147, 147); boundsInScreen: Rect(42, 1983 - 189, 1794); packageName: org.shadowice.flocke.andotp.dev; className: android.widget.ImageButton; text: null; error: null; maxTextLength: -1; contentDescription: Back; viewIdResName: org.shadowice.flocke.andotp.dev:id/mi_button_back; checkable: false; checked: false; focusable: true; focused: false; selected: false; clickable: true; longClickable: true; contextClickable: false; enabled: true; password: false; scrollable: false; actions: [AccessibilityAction: ACTION_FOCUS - null, AccessibilityAction: ACTION_SELECT - null, AccessibilityAction: ACTION_CLEAR_SELECTION - null, AccessibilityAction: ACTION_CLICK - null, AccessibilityAction: ACTION_LONG_CLICK - null, AccessibilityAction: ACTION_ACCESSIBILITY_FOCUS - null, AccessibilityAction: ACTION_NEXT_AT_MOVEMENT_GRANULARITY - null, AccessibilityAction: ACTION_PREVIOUS_AT_MOVEMENT_GRANULARITY - null, AccessibilityAction: ACTION_SET_SELECTION - null, AccessibilityAction: ACTION_UNKNOWN - null]
06-27 02:16:03.615  7270  7270 W AccessibilityNodeInfoDumper: Fetch time: 8ms
06-27 02:16:03.617  1916  2148 W WindowManager: Attempted to remove non-existing token: android.os.Binder@18fb1ec
06-27 02:16:03.633  7270  7270 D AndroidRuntime: Shutting down VM
06-27 02:16:04.696  7291  7291 D AndroidRuntime: >>>>>> START com.android.internal.os.RuntimeInit uid 0 <<<<<<
06-27 02:16:04.697  7291  7291 D AndroidRuntime: CheckJNI is ON
06-27 02:16:04.705  7291  7291 D ICU     : No timezone override file found: /data/misc/zoneinfo/current/icu/icu_tzdata.dat
06-27 02:16:04.716  7291  7291 E memtrack: Couldn't load memtrack module (No such file or directory)
06-27 02:16:04.716  7291  7291 E android.os.Debug: failed to load memtrack module: -2
06-27 02:16:04.717  7291  7291 I Radio-JNI: register_android_hardware_Radio DONE
06-27 02:16:04.722  7291  7291 D AndroidRuntime: Calling main entry com.android.commands.uiautomator.Launcher
06-27 02:16:05.757  7291  7291 I AccessibilityNodeInfoDumper: Skipping invisible child: android.view.accessibility.AccessibilityNodeInfo@8000e036; boundsInParent: Rect(0, 0 - 1080, 1582); boundsInScreen: Rect(1080, 63 - 1080, 1645); packageName: org.shadowice.flocke.andotp.dev; className: android.widget.ScrollView; text: null; error: null; maxTextLength: -1; contentDescription: null; viewIdResName: null; checkable: false; checked: false; focusable: true; focused: false; selected: false; clickable: false; longClickable: false; contextClickable: false; enabled: true; password: false; scrollable: false; actions: [AccessibilityAction: ACTION_FOCUS - null, AccessibilityAction: ACTION_SELECT - null, AccessibilityAction: ACTION_CLEAR_SELECTION - null, AccessibilityAction: ACTION_ACCESSIBILITY_FOCUS - null, AccessibilityAction: ACTION_UNKNOWN - null]
06-27 02:16:05.757  7291  7291 I AccessibilityNodeInfoDumper: Skipping invisible child: android.view.accessibility.AccessibilityNodeInfo@8000b6eb; boundsInParent: Rect(0, 0 - 147, 147); boundsInScreen: Rect(42, 1983 - 189, 1794); packageName: org.shadowice.flocke.andotp.dev; className: android.widget.ImageButton; text: null; error: null; maxTextLength: -1; contentDescription: Back; viewIdResName: org.shadowice.flocke.andotp.dev:id/mi_button_back; checkable: false; checked: false; focusable: true; focused: false; selected: false; clickable: true; longClickable: true; contextClickable: false; enabled: true; password: false; scrollable: false; actions: [AccessibilityAction: ACTION_FOCUS - null, AccessibilityAction: ACTION_SELECT - null, AccessibilityAction: ACTION_CLEAR_SELECTION - null, AccessibilityAction: ACTION_CLICK - null, AccessibilityAction: ACTION_LONG_CLICK - null, AccessibilityAction: ACTION_ACCESSIBILITY_FOCUS - null, AccessibilityAction: ACTION_NEXT_AT_MOVEMENT_GRANULARITY - null, AccessibilityAction: ACTION_PREVIOUS_AT_MOVEMENT_GRANULARITY - null, AccessibilityAction: ACTION_SET_SELECTION - null, AccessibilityAction: ACTION_UNKNOWN - null]
06-27 02:16:05.758  7291  7291 W AccessibilityNodeInfoDumper: Fetch time: 7ms
06-27 02:16:05.759  1916  2152 W WindowManager: Attempted to remove non-existing token: android.os.Binder@aecd9b5
06-27 02:16:05.775  7291  7291 D AndroidRuntime: Shutting down VM
06-27 02:16:06.225  7306  7306 D AndroidRuntime: >>>>>> START com.android.internal.os.RuntimeInit uid 0 <<<<<<
06-27 02:16:06.227  7306  7306 D AndroidRuntime: CheckJNI is ON
06-27 02:16:06.234  7306  7306 D ICU     : No timezone override file found: /data/misc/zoneinfo/current/icu/icu_tzdata.dat
06-27 02:16:06.246  7306  7306 E memtrack: Couldn't load memtrack module (No such file or directory)
06-27 02:16:06.246  7306  7306 E android.os.Debug: failed to load memtrack module: -2
06-27 02:16:06.247  7306  7306 I Radio-JNI: register_android_hardware_Radio DONE
06-27 02:16:06.252  7306  7306 D AndroidRuntime: Calling main entry com.android.commands.uiautomator.Launcher
06-27 02:16:07.284  7306  7306 I AccessibilityNodeInfoDumper: Skipping invisible child: android.view.accessibility.AccessibilityNodeInfo@8000e040; boundsInParent: Rect(0, 0 - 1080, 1582); boundsInScreen: Rect(1080, 63 - 1080, 1645); packageName: org.shadowice.flocke.andotp.dev; className: android.widget.ScrollView; text: null; error: null; maxTextLength: -1; contentDescription: null; viewIdResName: null; checkable: false; checked: false; focusable: true; focused: false; selected: false; clickable: false; longClickable: false; contextClickable: false; enabled: true; password: false; scrollable: false; actions: [AccessibilityAction: ACTION_FOCUS - null, AccessibilityAction: ACTION_SELECT - null, AccessibilityAction: ACTION_CLEAR_SELECTION - null, AccessibilityAction: ACTION_ACCESSIBILITY_FOCUS - null, AccessibilityAction: ACTION_UNKNOWN - null]
06-27 02:16:07.284  7306  7306 I AccessibilityNodeInfoDumper: Skipping invisible child: android.view.accessibility.AccessibilityNodeInfo@8000b6f5; boundsInParent: Rect(0, 0 - 147, 147); boundsInScreen: Rect(42, 1983 - 189, 1794); packageName: org.shadowice.flocke.andotp.dev; className: android.widget.ImageButton; text: null; error: null; maxTextLength: -1; contentDescription: Back; viewIdResName: org.shadowice.flocke.andotp.dev:id/mi_button_back; checkable: false; checked: false; focusable: true; focused: false; selected: false; clickable: true; longClickable: true; contextClickable: false; enabled: true; password: false; scrollable: false; actions: [AccessibilityAction: ACTION_FOCUS - null, AccessibilityAction: ACTION_SELECT - null, AccessibilityAction: ACTION_CLEAR_SELECTION - null, AccessibilityAction: ACTION_CLICK - null, AccessibilityAction: ACTION_LONG_CLICK - null, AccessibilityAction: ACTION_ACCESSIBILITY_FOCUS - null, AccessibilityAction: ACTION_NEXT_AT_MOVEMENT_GRANULARITY - null, AccessibilityAction: ACTION_PREVIOUS_AT_MOVEMENT_GRANULARITY - null, AccessibilityAction: ACTION_SET_SELECTION - null, AccessibilityAction: ACTION_UNKNOWN - null]
06-27 02:16:07.286  7306  7306 W AccessibilityNodeInfoDumper: Fetch time: 7ms
06-27 02:16:07.287  1916  2150 W WindowManager: Attempted to remove non-existing token: android.os.Binder@82c084a
06-27 02:16:07.301  7306  7306 D AndroidRuntime: Shutting down VM
06-27 02:16:08.371  7327  7327 D AndroidRuntime: >>>>>> START com.android.internal.os.RuntimeInit uid 0 <<<<<<
06-27 02:16:08.372  7327  7327 D AndroidRuntime: CheckJNI is ON
06-27 02:16:08.379  7327  7327 D ICU     : No timezone override file found: /data/misc/zoneinfo/current/icu/icu_tzdata.dat
06-27 02:16:08.390  7327  7327 E memtrack: Couldn't load memtrack module (No such file or directory)
06-27 02:16:08.390  7327  7327 E android.os.Debug: failed to load memtrack module: -2
06-27 02:16:08.391  7327  7327 I Radio-JNI: register_android_hardware_Radio DONE
06-27 02:16:08.396  7327  7327 D AndroidRuntime: Calling main entry com.android.commands.uiautomator.Launcher
06-27 02:16:09.430  7327  7327 I AccessibilityNodeInfoDumper: Skipping invisible child: android.view.accessibility.AccessibilityNodeInfo@8000e04a; boundsInParent: Rect(0, 0 - 1080, 1582); boundsInScreen: Rect(1080, 63 - 1080, 1645); packageName: org.shadowice.flocke.andotp.dev; className: android.widget.ScrollView; text: null; error: null; maxTextLength: -1; contentDescription: null; viewIdResName: null; checkable: false; checked: false; focusable: true; focused: false; selected: false; clickable: false; longClickable: false; contextClickable: false; enabled: true; password: false; scrollable: false; actions: [AccessibilityAction: ACTION_FOCUS - null, AccessibilityAction: ACTION_SELECT - null, AccessibilityAction: ACTION_CLEAR_SELECTION - null, AccessibilityAction: ACTION_ACCESSIBILITY_FOCUS - null, AccessibilityAction: ACTION_UNKNOWN - null]
06-27 02:16:09.431  7327  7327 I AccessibilityNodeInfoDumper: Skipping invisible child: android.view.accessibility.AccessibilityNodeInfo@8000b6ff; boundsInParent: Rect(0, 0 - 147, 147); boundsInScreen: Rect(42, 1983 - 189, 1794); packageName: org.shadowice.flocke.andotp.dev; className: android.widget.ImageButton; text: null; error: null; maxTextLength: -1; contentDescription: Back; viewIdResName: org.shadowice.flocke.andotp.dev:id/mi_button_back; checkable: false; checked: false; focusable: true; focused: false; selected: false; clickable: true; longClickable: true; contextClickable: false; enabled: true; password: false; scrollable: false; actions: [AccessibilityAction: ACTION_FOCUS - null, AccessibilityAction: ACTION_SELECT - null, AccessibilityAction: ACTION_CLEAR_SELECTION - null, AccessibilityAction: ACTION_CLICK - null, AccessibilityAction: ACTION_LONG_CLICK - null, AccessibilityAction: ACTION_ACCESSIBILITY_FOCUS - null, AccessibilityAction: ACTION_NEXT_AT_MOVEMENT_GRANULARITY - null, AccessibilityAction: ACTION_PREVIOUS_AT_MOVEMENT_GRANULARITY - null, AccessibilityAction: ACTION_SET_SELECTION - null, AccessibilityAction: ACTION_UNKNOWN - null]
06-27 02:16:09.431  7327  7327 W AccessibilityNodeInfoDumper: Fetch time: 7ms
06-27 02:16:09.432  1916  1928 W WindowManager: Attempted to remove non-existing token: android.os.Binder@88243bb
06-27 02:16:09.447  7327  7327 D AndroidRuntime: Shutting down VM
06-27 02:16:10.584  7352  7352 D AndroidRuntime: >>>>>> START com.android.internal.os.RuntimeInit uid 0 <<<<<<
06-27 02:16:10.586  7352  7352 D AndroidRuntime: CheckJNI is ON
06-27 02:16:10.593  7352  7352 D ICU     : No timezone override file found: /data/misc/zoneinfo/current/icu/icu_tzdata.dat
06-27 02:16:10.604  7352  7352 E memtrack: Couldn't load memtrack module (No such file or directory)
06-27 02:16:10.604  7352  7352 E android.os.Debug: failed to load memtrack module: -2
06-27 02:16:10.604  7352  7352 I Radio-JNI: register_android_hardware_Radio DONE
06-27 02:16:10.609  7352  7352 D AndroidRuntime: Calling main entry com.android.commands.uiautomator.Launcher
06-27 02:16:11.640  7352  7352 I AccessibilityNodeInfoDumper: Skipping invisible child: android.view.accessibility.AccessibilityNodeInfo@8000e054; boundsInParent: Rect(0, 0 - 1080, 1582); boundsInScreen: Rect(1080, 63 - 1080, 1645); packageName: org.shadowice.flocke.andotp.dev; className: android.widget.ScrollView; text: null; error: null; maxTextLength: -1; contentDescription: null; viewIdResName: null; checkable: false; checked: false; focusable: true; focused: false; selected: false; clickable: false; longClickable: false; contextClickable: false; enabled: true; password: false; scrollable: false; actions: [AccessibilityAction: ACTION_FOCUS - null, AccessibilityAction: ACTION_SELECT - null, AccessibilityAction: ACTION_CLEAR_SELECTION - null, AccessibilityAction: ACTION_ACCESSIBILITY_FOCUS - null, AccessibilityAction: ACTION_UNKNOWN - null]
06-27 02:16:11.640  7352  7352 I AccessibilityNodeInfoDumper: Skipping invisible child: android.view.accessibility.AccessibilityNodeInfo@8000b709; boundsInParent: Rect(0, 0 - 147, 147); boundsInScreen: Rect(42, 1983 - 189, 1794); packageName: org.shadowice.flocke.andotp.dev; className: android.widget.ImageButton; text: null; error: null; maxTextLength: -1; contentDescription: Back; viewIdResName: org.shadowice.flocke.andotp.dev:id/mi_button_back; checkable: false; checked: false; focusable: true; focused: false; selected: false; clickable: true; longClickable: true; contextClickable: false; enabled: true; password: false; scrollable: false; actions: [AccessibilityAction: ACTION_FOCUS - null, AccessibilityAction: ACTION_SELECT - null, AccessibilityAction: ACTION_CLEAR_SELECTION - null, AccessibilityAction: ACTION_CLICK - null, AccessibilityAction: ACTION_LONG_CLICK - null, AccessibilityAction: ACTION_ACCESSIBILITY_FOCUS - null, AccessibilityAction: ACTION_NEXT_AT_MOVEMENT_GRANULARITY - null, AccessibilityAction: ACTION_PREVIOUS_AT_MOVEMENT_GRANULARITY - null, AccessibilityAction: ACTION_SET_SELECTION - null, AccessibilityAction: ACTION_UNKNOWN - null]
06-27 02:16:11.642  7352  7352 W AccessibilityNodeInfoDumper: Fetch time: 8ms
06-27 02:16:11.642  1916  3051 W WindowManager: Attempted to remove non-existing token: android.os.Binder@dbc00d8
06-27 02:16:11.655  7352  7352 D AndroidRuntime: Shutting down VM
06-27 02:16:12.177  7369  7369 D AndroidRuntime: >>>>>> START com.android.internal.os.RuntimeInit uid 0 <<<<<<
06-27 02:16:12.179  7369  7369 D AndroidRuntime: CheckJNI is ON
06-27 02:16:12.186  7369  7369 D ICU     : No timezone override file found: /data/misc/zoneinfo/current/icu/icu_tzdata.dat
06-27 02:16:12.199  7369  7369 E memtrack: Couldn't load memtrack module (No such file or directory)
06-27 02:16:12.199  7369  7369 E android.os.Debug: failed to load memtrack module: -2
06-27 02:16:12.200  7369  7369 I Radio-JNI: register_android_hardware_Radio DONE
06-27 02:16:12.206  7369  7369 D AndroidRuntime: Calling main entry com.android.commands.uiautomator.Launcher
06-27 02:16:12.813  2735  7380 I GmscoreIpa: how are you::
06-27 02:16:13.238  7369  7369 I AccessibilityNodeInfoDumper: Skipping invisible child: android.view.accessibility.AccessibilityNodeInfo@8000e05e; boundsInParent: Rect(0, 0 - 1080, 1582); boundsInScreen: Rect(1080, 63 - 1080, 1645); packageName: org.shadowice.flocke.andotp.dev; className: android.widget.ScrollView; text: null; error: null; maxTextLength: -1; contentDescription: null; viewIdResName: null; checkable: false; checked: false; focusable: true; focused: false; selected: false; clickable: false; longClickable: false; contextClickable: false; enabled: true; password: false; scrollable: false; actions: [AccessibilityAction: ACTION_FOCUS - null, AccessibilityAction: ACTION_SELECT - null, AccessibilityAction: ACTION_CLEAR_SELECTION - null, AccessibilityAction: ACTION_ACCESSIBILITY_FOCUS - null, AccessibilityAction: ACTION_UNKNOWN - null]
06-27 02:16:13.239  7369  7369 I AccessibilityNodeInfoDumper: Skipping invisible child: android.view.accessibility.AccessibilityNodeInfo@8000b713; boundsInParent: Rect(0, 0 - 147, 147); boundsInScreen: Rect(42, 1983 - 189, 1794); packageName: org.shadowice.flocke.andotp.dev; className: android.widget.ImageButton; text: null; error: null; maxTextLength: -1; contentDescription: Back; viewIdResName: org.shadowice.flocke.andotp.dev:id/mi_button_back; checkable: false; checked: false; focusable: true; focused: false; selected: false; clickable: true; longClickable: true; contextClickable: false; enabled: true; password: false; scrollable: false; actions: [AccessibilityAction: ACTION_FOCUS - null, AccessibilityAction: ACTION_SELECT - null, AccessibilityAction: ACTION_CLEAR_SELECTION - null, AccessibilityAction: ACTION_CLICK - null, AccessibilityAction: ACTION_LONG_CLICK - null, AccessibilityAction: ACTION_ACCESSIBILITY_FOCUS - null, AccessibilityAction: ACTION_NEXT_AT_MOVEMENT_GRANULARITY - null, AccessibilityAction: ACTION_PREVIOUS_AT_MOVEMENT_GRANULARITY - null, AccessibilityAction: ACTION_SET_SELECTION - null, AccessibilityAction: ACTION_UNKNOWN - null]
06-27 02:16:13.241  7369  7369 W AccessibilityNodeInfoDumper: Fetch time: 9ms
06-27 02:16:13.241  1916  2152 W WindowManager: Attempted to remove non-existing token: android.os.Binder@5e5c31
06-27 02:16:13.256  7369  7369 D AndroidRuntime: Shutting down VM
06-27 02:16:13.643  7382  7382 D AndroidRuntime: >>>>>> START com.android.internal.os.RuntimeInit uid 0 <<<<<<
06-27 02:16:13.644  7382  7382 D AndroidRuntime: CheckJNI is ON
06-27 02:16:13.651  7382  7382 D ICU     : No timezone override file found: /data/misc/zoneinfo/current/icu/icu_tzdata.dat
06-27 02:16:13.664  7382  7382 E memtrack: Couldn't load memtrack module (No such file or directory)
06-27 02:16:13.664  7382  7382 E android.os.Debug: failed to load memtrack module: -2
06-27 02:16:13.666  7382  7382 I Radio-JNI: register_android_hardware_Radio DONE
06-27 02:16:13.672  7382  7382 D AndroidRuntime: Calling main entry com.android.commands.am.Am
06-27 02:16:13.675  1916  1928 I ActivityManager: Force stopping org.shadowice.flocke.andotp.dev appid=10064 user=0: from pid 7382
06-27 02:16:13.675  1916  1928 I ActivityManager: Killing 5588:org.shadowice.flocke.andotp.dev/u0a64 (adj 0): stop org.shadowice.flocke.andotp.dev
06-27 02:16:13.728  1916  1964 W InputDispatcher: channel '574012 org.shadowice.flocke.andotp.dev/org.shadowice.flocke.andotp.Activities.MainActivity (server)' ~ Consumer closed input channel or an error occurred.  events=0x9
06-27 02:16:13.728  1916  1964 E InputDispatcher: channel '574012 org.shadowice.flocke.andotp.dev/org.shadowice.flocke.andotp.Activities.MainActivity (server)' ~ Channel is unrecoverably broken and will be disposed!
06-27 02:16:13.728  1916  1964 W InputDispatcher: channel '1654b5e org.shadowice.flocke.andotp.dev/org.shadowice.flocke.andotp.Activities.IntroScreenActivity (server)' ~ Consumer closed input channel or an error occurred.  events=0x9
06-27 02:16:13.728  1916  1964 E InputDispatcher: channel '1654b5e org.shadowice.flocke.andotp.dev/org.shadowice.flocke.andotp.Activities.IntroScreenActivity (server)' ~ Channel is unrecoverably broken and will be disposed!
06-27 02:16:13.729  1916  3249 I WindowState: WIN DEATH: Window{1654b5e u0 org.shadowice.flocke.andotp.dev/org.shadowice.flocke.andotp.Activities.IntroScreenActivity}
06-27 02:16:13.729  1916  3249 W InputDispatcher: Attempted to unregister already unregistered input channel '1654b5e org.shadowice.flocke.andotp.dev/org.shadowice.flocke.andotp.Activities.IntroScreenActivity (server)'
06-27 02:16:13.731  1916  1928 W ActivityManager: Force removing ActivityRecord{9d2f1c8 u0 org.shadowice.flocke.andotp.dev/org.shadowice.flocke.andotp.Activities.IntroScreenActivity t14}: app died, no saved state
06-27 02:16:13.731  1916  2152 D GraphicsStats: Buffer count: 4
06-27 02:16:13.736  1916  3234 I WindowState: WIN DEATH: Window{574012 u0 org.shadowice.flocke.andotp.dev/org.shadowice.flocke.andotp.Activities.MainActivity}
06-27 02:16:13.736  1916  3234 W InputDispatcher: Attempted to unregister already unregistered input channel '574012 org.shadowice.flocke.andotp.dev/org.shadowice.flocke.andotp.Activities.MainActivity (server)'
06-27 02:16:13.738  1293  1293 W SurfaceFlinger: couldn't log to binary event log: overflow.
06-27 02:16:13.744  7391  7391 I art     : Not late-enabling -Xcheck:jni (already on)
06-27 02:16:13.750  1916  1928 I ActivityManager: Start proc 7391:org.shadowice.flocke.andotp.dev/u0a64 for activity org.shadowice.flocke.andotp.dev/org.shadowice.flocke.andotp.Activities.MainActivity
06-27 02:16:13.750  1916  1928 I ActivityManager:   Force finishing activity ActivityRecord{6d2028b u0 org.shadowice.flocke.andotp.dev/org.shadowice.flocke.andotp.Activities.MainActivity t14}
06-27 02:16:13.754  1916  2150 W ActivityManager: Spurious death for ProcessRecord{7076097 0:org.shadowice.flocke.andotp.dev/u0a64}, curProc for 5588: null
06-27 02:16:13.754  7382  7382 D AndroidRuntime: Shutting down VM
06-27 02:16:13.758  1916  1935 W WindowManager: Attempted to add application window with unknown token Token{6b39f68 ActivityRecord{6d2028b u0 org.shadowice.flocke.andotp.dev/org.shadowice.flocke.andotp.Activities.MainActivity t14 f}}.  Aborting.
06-27 02:16:13.758  1916  1935 W WindowManager: Token{6b39f68 ActivityRecord{6d2028b u0 org.shadowice.flocke.andotp.dev/org.shadowice.flocke.andotp.Activities.MainActivity t14 f}} already running, starting window not displayed. Unable to add window -- token Token{6b39f68 ActivityRecord{6d2028b u0 org.shadowice.flocke.andotp.dev/org.shadowice.flocke.andotp.Activities.MainActivity t14 f}} is not valid; is your activity running?
06-27 02:16:13.758  1916  1935 W WindowManager: view not successfully added to wm, removing view
06-27 02:16:13.759  1916  1935 W WindowManager: Exception when adding starting window
06-27 02:16:13.759  1916  1935 W WindowManager: java.lang.IllegalArgumentException: View=com.android.internal.policy.PhoneWindow$DecorView{2663aee V.E...... R.....ID 0,0-0,0} not attached to window manager
06-27 02:16:13.759  1916  1935 W WindowManager: 	at android.view.WindowManagerGlobal.findViewLocked(WindowManagerGlobal.java:424)
06-27 02:16:13.759  1916  1935 W WindowManager: 	at android.view.WindowManagerGlobal.removeView(WindowManagerGlobal.java:350)
06-27 02:16:13.759  1916  1935 W WindowManager: 	at android.view.WindowManagerImpl.removeViewImmediate(WindowManagerImpl.java:116)
06-27 02:16:13.759  1916  1935 W WindowManager: 	at com.android.server.policy.PhoneWindowManager.addStartingWindow(PhoneWindowManager.java:2359)
06-27 02:16:13.759  1916  1935 W WindowManager: 	at com.android.server.wm.WindowManagerService$H.handleMessage(WindowManagerService.java:7840)
06-27 02:16:13.759  1916  1935 W WindowManager: 	at android.os.Handler.dispatchMessage(Handler.java:102)
06-27 02:16:13.759  1916  1935 W WindowManager: 	at android.os.Looper.loop(Looper.java:148)
06-27 02:16:13.759  1916  1935 W WindowManager: 	at android.os.HandlerThread.run(HandlerThread.java:61)
06-27 02:16:13.759  1916  1935 W WindowManager: 	at com.android.server.ServiceThread.run(ServiceThread.java:46)
06-27 02:16:13.778  7391  7391 W System  : ClassLoader referenced unknown path: /data/app/org.shadowice.flocke.andotp.dev-1/lib/x86
06-27 02:16:13.787 19549 19606 D EGL_emulation: eglMakeCurrent: 0xaa3bcc60: ver 3 0 (tinfo 0x9eead310)
06-27 02:16:13.799 19549 19606 D EGL_emulation: eglMakeCurrent: 0xaa3bcc60: ver 3 0 (tinfo 0x9eead310)
06-27 02:16:13.799 19549 19606 E Surface : getSlotFromBufferLocked: unknown buffer: 0xb403df20
06-27 02:16:13.809  3252  3322 D EGL_emulation: eglMakeCurrent: 0xaa3bccc0: ver 3 0 (tinfo 0xaa9c2a20)
06-27 02:16:13.819  1916  3234 W InputMethodManagerService: Got RemoteException sending setActive(false) notification to pid 5588 uid 10064
06-27 02:16:17.281  7414  7414 D AndroidRuntime: >>>>>> START com.android.internal.os.RuntimeInit uid 0 <<<<<<
06-27 02:16:17.283  7414  7414 D AndroidRuntime: CheckJNI is ON
06-27 02:16:17.293  7414  7414 D ICU     : No timezone override file found: /data/misc/zoneinfo/current/icu/icu_tzdata.dat
06-27 02:16:17.307  7414  7414 E memtrack: Couldn't load memtrack module (No such file or directory)
06-27 02:16:17.307  7414  7414 E android.os.Debug: failed to load memtrack module: -2
06-27 02:16:17.309  7414  7414 I Radio-JNI: register_android_hardware_Radio DONE
06-27 02:16:17.315  7414  7414 D AndroidRuntime: Calling main entry com.android.commands.pm.Pm
06-27 02:16:17.320  1916  1930 I ActivityManager: Force stopping org.shadowice.flocke.andotp.dev appid=10064 user=-1: uninstall pkg
06-27 02:16:17.320  1916  1930 I ActivityManager: Killing 7391:org.shadowice.flocke.andotp.dev/u0a64 (adj 9): stop org.shadowice.flocke.andotp.dev
06-27 02:16:17.340  1916  1940 I art     : Starting a blocking GC Explicit
06-27 02:16:17.349  1916  1940 I art     : Explicit concurrent mark sweep GC freed 9932(596KB) AllocSpace objects, 3(60KB) LOS objects, 33% free, 7MB/11MB, paused 183us total 8.727ms
06-27 02:16:17.352  1916  1940 W PackageManager: Couldn't remove dex file for package:  at location /data/app/org.shadowice.flocke.andotp.dev-1/base.apk, retcode=-1
06-27 02:16:17.355  7414  7414 I art     : System.exit called, status: 0
06-27 02:16:17.355  7414  7414 I AndroidRuntime: VM exiting with result code 0.
06-27 02:16:17.391  1916  1927 W ActivityManager: Spurious death for ProcessRecord{a4791ab 0:org.shadowice.flocke.andotp.dev/u0a64}, curProc for 7391: null
06-27 02:16:17.391  1916  1940 I ActivityManager: Force stopping org.shadowice.flocke.andotp.dev appid=10064 user=0: pkg removed
06-27 02:16:17.411  1916  1965 I InputReader: Reconfiguring input devices.  changes=0x00000010
06-27 02:16:17.412  1916  1940 E KernelUidCpuTimeReader: failed to remove uid from uid_cputime module
06-27 02:16:17.412  1916  1940 E KernelUidCpuTimeReader: java.io.FileNotFoundException: /proc/uid_cputime/remove_uid_range: open failed: ENOENT (No such file or directory)
06-27 02:16:17.412  1916  1940 E KernelUidCpuTimeReader: 	at libcore.io.IoBridge.open(IoBridge.java:452)
06-27 02:16:17.412  1916  1940 E KernelUidCpuTimeReader: 	at java.io.FileOutputStream.<init>(FileOutputStream.java:87)
06-27 02:16:17.412  1916  1940 E KernelUidCpuTimeReader: 	at java.io.FileOutputStream.<init>(FileOutputStream.java:72)
06-27 02:16:17.412  1916  1940 E KernelUidCpuTimeReader: 	at java.io.FileWriter.<init>(FileWriter.java:80)
06-27 02:16:17.412  1916  1940 E KernelUidCpuTimeReader: 	at com.android.internal.os.KernelUidCpuTimeReader.removeUid(KernelUidCpuTimeReader.java:157)
06-27 02:16:17.412  1916  1940 E KernelUidCpuTimeReader: 	at com.android.internal.os.BatteryStatsImpl.removeUidStatsLocked(BatteryStatsImpl.java:8800)
06-27 02:16:17.412  1916  1940 E KernelUidCpuTimeReader: 	at com.android.server.am.BatteryStatsService.removeUid(BatteryStatsService.java:242)
06-27 02:16:17.412  1916  1940 E KernelUidCpuTimeReader: 	at com.android.server.am.ActivityManagerService.broadcastIntentLocked(ActivityManagerService.java:16562)
06-27 02:16:17.412  1916  1940 E KernelUidCpuTimeReader: 	at com.android.server.am.ActivityManagerService.broadcastIntent(ActivityManagerService.java:16938)
06-27 02:16:17.412  1916  1940 E KernelUidCpuTimeReader: 	at com.android.server.pm.PackageManagerService$8.run(PackageManagerService.java:9423)
06-27 02:16:17.412  1916  1940 E KernelUidCpuTimeReader: 	at android.os.Handler.handleCallback(Handler.java:739)
06-27 02:16:17.412  1916  1940 E KernelUidCpuTimeReader: 	at android.os.Handler.dispatchMessage(Handler.java:95)
06-27 02:16:17.412  1916  1940 E KernelUidCpuTimeReader: 	at android.os.Looper.loop(Looper.java:148)
06-27 02:16:17.412  1916  1940 E KernelUidCpuTimeReader: 	at android.os.HandlerThread.run(HandlerThread.java:61)
06-27 02:16:17.412  1916  1940 E KernelUidCpuTimeReader: 	at com.android.server.ServiceThread.run(ServiceThread.java:46)
06-27 02:16:17.412  1916  1940 E KernelUidCpuTimeReader: Caused by: android.system.ErrnoException: open failed: ENOENT (No such file or directory)
06-27 02:16:17.412  1916  1940 E KernelUidCpuTimeReader: 	at libcore.io.Posix.open(Native Method)
06-27 02:16:17.412  1916  1940 E KernelUidCpuTimeReader: 	at libcore.io.BlockGuardOs.open(BlockGuardOs.java:186)
06-27 02:16:17.412  1916  1940 E KernelUidCpuTimeReader: 	at libcore.io.IoBridge.open(IoBridge.java:438)
06-27 02:16:17.412  1916  1940 E KernelUidCpuTimeReader: 	... 14 more
06-27 02:16:17.413  2716  2716 I GeofencerStateMachine: removeGeofences: removeRequest=RemoveGeofencingRequest[REMOVE_ALL packageName=org.shadowice.flocke.andotp.dev]
06-27 02:16:17.424  1916  1916 D JobSchedulerService: Receieved: android.intent.action.PACKAGE_REMOVED
06-27 02:16:17.432  2158  7428 D VoicemailCleanupService: Cleaning up data for package: org.shadowice.flocke.andotp.dev
06-27 02:16:17.444  2396  2552 I LatinIME:LogUtils: Dictionary info: dictionary = main:en ; version = 54 ; date = 1414726273
06-27 02:16:17.462  5432  7426 D Documents: Update found 7 roots in 49ms
06-27 02:16:17.466  2420  2420 D CarrierServiceBindHelper: Receive action: android.intent.action.PACKAGE_REMOVED
06-27 02:16:17.502  1916  3234 I AccountManagerService: getTypesVisibleToCaller: isPermitted? true
06-27 02:16:17.514  2735 20710 I ContentMaintenance: Internal cache bytes used: 0; limit: 40626585; download size: 0
06-27 02:16:17.539  2716  7444 I Fitness : FitCleanupIntentOperation received Intent android.intent.action.PACKAGE_REMOVED [CONTEXT service_id=17 ]
06-27 02:16:17.542  5389  7449 I UpdateIcingCorporaServi: Updating corpora: APPS=org.shadowice.flocke.andotp.dev, CONTACTS=MAYBE
06-27 02:16:17.554  7432  7432 D AndroidRuntime: >>>>>> START com.android.internal.os.RuntimeInit uid 0 <<<<<<
06-27 02:16:17.556  7432  7432 D AndroidRuntime: CheckJNI is ON
06-27 02:16:17.560  5413  5413 W ContextImpl: Calling a method in the system process without a qualified user: android.app.ContextImpl.startService:1221 android.content.ContextWrapper.startService:581 android.content.ContextWrapper.startService:581 com.android.keychain.KeyChainBroadcastReceiver.onReceive:12 android.app.ActivityThread.handleReceiver:2725 
06-27 02:16:17.566  7432  7432 D ICU     : No timezone override file found: /data/misc/zoneinfo/current/icu/icu_tzdata.dat
06-27 02:16:17.580  7432  7432 E memtrack: Couldn't load memtrack module (No such file or directory)
06-27 02:16:17.580  7432  7432 E android.os.Debug: failed to load memtrack module: -2
06-27 02:16:17.581  7432  7432 I Radio-JNI: register_android_hardware_Radio DONE
06-27 02:16:17.588  7432  7432 D AndroidRuntime: Calling main entry com.android.commands.pm.Pm
06-27 02:16:17.616  2735  2918 I Icing   : IndexChimeraService.getServiceInterface callingPackage=com.google.android.googlequicksearchbox componentName=null serviceId=36
06-27 02:16:17.616  2735 20711 I Icing   : doRemovePackageData org.shadowice.flocke.andotp.dev
06-27 02:16:17.637  2735  2918 I Icing   : IndexChimeraService.getServiceInterface callingPackage=com.google.android.gms componentName=AppsCorpus serviceId=36
06-27 02:16:17.655  2735 20711 W Icing   : No valid account for uploading user actions
06-27 02:16:17.664  3846  3858 D DefContainer: Copying /data/local/tmp/128.apk to base.apk
06-27 02:16:17.674  2735  2918 I Icing   : IndexChimeraService.getServiceInterface callingPackage=com.google.android.gms componentName=null serviceId=30
06-27 02:16:17.688  2735 20710 I RealtimeCacheCleanup: Beginning Realtime garbage collection.
06-27 02:16:17.689  2735 20710 I RealtimeCacheCleanup: Finished Realtime garbage collection.
06-27 02:16:17.697  2735 20711 I Icing   : Usage reports ok 1, Failed Usage reports 0, indexed 0, rejected 0
06-27 02:16:17.698  2735 20711 W Icing   : No valid account for uploading user actions
06-27 02:16:17.702  2735 20711 I Icing   : Usage reports ok 0, Failed Usage reports 0, indexed 0, rejected 0
06-27 02:16:17.706  5389  7449 I UpdateIcingCorporaServi: UpdateCorporaTask done [took 163 ms] updated apps [took 163 ms] 
06-27 02:16:17.707  2735  2918 I Icing   : IndexChimeraService.getServiceInterface callingPackage=com.google.android.gms componentName=null serviceId=36
06-27 02:16:17.715  2735 20711 W Icing   : No valid account for uploading user actions
06-27 02:16:17.719  2735 20711 I Icing   : Usage reports ok 0, Failed Usage reports 0, indexed 0, rejected 0
06-27 02:16:17.721  2735 20711 W Icing   : No valid account for uploading user actions
06-27 02:16:17.724  2735 20711 I Icing   : Usage reports ok 0, Failed Usage reports 0, indexed 0, rejected 0
06-27 02:16:17.725  2735 20711 I Icing   : Indexing com.google.android.googlequicksearchbox-applications_uri from com.google.android.googlequicksearchbox
06-27 02:16:17.736  2735 20711 I Icing   : Indexing com.google.android.gms-apps from com.google.android.gms
06-27 02:16:17.737  2735 20711 I Icing   : Indexing com.google.android.gms-internal.3p:MobileApplication from com.google.android.gms
06-27 02:16:17.745  2735 20711 I Icing   : Indexing done com.google.android.googlequicksearchbox-applications_uri
06-27 02:16:17.746  2735 20711 I Icing   : Indexing done com.google.android.gms-apps
06-27 02:16:17.748  2735 20711 I Icing   : Indexing done com.google.android.gms-internal.3p:MobileApplication
06-27 02:16:17.901  1916  1940 I PackageManager.DexOptimizer: Running dexopt (dex2oat) on: /data/app/vmdl1937429409.tmp/base.apk pkg=org.shadowice.flocke.andotp.dev isa=x86 vmSafeMode=false debuggable=true oatDir = /data/app/vmdl1937429409.tmp/oat
06-27 02:16:17.907  7462  7462 W dex2oat : Unexpected CPU variant for X86 using defaults: x86
06-27 02:16:17.907  7462  7462 W dex2oat : Mismatch between dex2oat instruction set features (ISA: X86 Feature string: smp,-ssse3,-sse4.1,-sse4.2,-avx,-avx2) and those of dex2oat executable (ISA: X86 Feature string: smp,ssse3,-sse4.1,-sse4.2,-avx,-avx2) for the command line:
06-27 02:16:17.907  7462  7462 W dex2oat : /system/bin/dex2oat --zip-fd=6 --zip-location=base.apk --oat-fd=7 --oat-location=/data/app/vmdl1937429409.tmp/oat/x86/base.odex --instruction-set=x86 --instruction-set-variant=x86 --instruction-set-features=default --runtime-arg -Xms64m --runtime-arg -Xmx512m --swap-fd=8 --debuggable
06-27 02:16:17.907  7462  7462 I dex2oat : /system/bin/dex2oat --debuggable
06-27 02:16:18.028  7462  7464 W dex2oat : Before Android 4.1, method int androidx.appcompat.widget.DropDownListView.lookForSelectablePosition(int, boolean) would have incorrectly overridden the package-private method in android.widget.ListView
06-27 02:16:18.076  7462  7465 W dex2oat : Before Android 4.1, method android.graphics.drawable.Drawable me.zhanghai.android.materialprogressbar.MaterialProgressBar.getCurrentDrawable() would have incorrectly overridden the package-private method in android.widget.ProgressBar
06-27 02:16:18.111  7462  7464 W dex2oat : Before Android 4.1, method int androidx.appcompat.widget.MenuPopupWindow$MenuDropDownListView.lookForSelectablePosition(int, boolean) would have incorrectly overridden the package-private method in android.widget.ListView
06-27 02:16:18.123  7462  7466 W dex2oat : Before Android 4.1, method android.graphics.PorterDuffColorFilter androidx.vectordrawable.graphics.drawable.VectorDrawableCompat.updateTintFilter(android.graphics.PorterDuffColorFilter, android.content.res.ColorStateList, android.graphics.PorterDuff$Mode) would have incorrectly overridden the package-private method in android.graphics.drawable.Drawable
06-27 02:16:19.053  7462  7462 I dex2oat : dex2oat took 1.145s (threads: 4) arena alloc=1293KB java alloc=6MB native alloc=29MB free=3MB
06-27 02:16:19.116  1916  1940 V BackupManagerService: restoreAtInstall pkg=org.shadowice.flocke.andotp.dev token=5 restoreSet=0
06-27 02:16:19.116  1916  1940 V BackupManagerService: Finishing install immediately
06-27 02:16:19.116  1916  1940 W Settings: Setting install_non_market_apps has moved from android.provider.Settings.Global to android.provider.Settings.Secure, returning read-only value.
06-27 02:16:19.117  1916  1940 I art     : Starting a blocking GC Explicit
06-27 02:16:19.125  1916  1940 I art     : Explicit concurrent mark sweep GC freed 36843(2MB) AllocSpace objects, 8(408KB) LOS objects, 33% free, 7MB/11MB, paused 158us total 7.817ms
06-27 02:16:19.126  7432  7432 I art     : System.exit called, status: 0
06-27 02:16:19.126  7432  7432 I AndroidRuntime: VM exiting with result code 0.
06-27 02:16:19.137  1916  1965 I InputReader: Reconfiguring input devices.  changes=0x00000010
06-27 02:16:19.155  2735  7436 I Auth    : [SupervisedAccountIntentOperation] onHandleIntent(): android.intent.action.PACKAGE_ADDED
06-27 02:16:19.156  2735  7436 I ChromeSync: [Sync,SyncIntentOperation] Handling the intent: Intent { act=android.intent.action.PACKAGE_ADDED dat=package:org.shadowice.flocke.andotp.dev flg=0x4000010 cmp=com.google.android.gms/.chimera.GmsIntentOperationService (has extras) }.
06-27 02:16:19.160  2735  7446 I FontLog : Package org.shadowice.flocke.andotp.dev has no metadata [CONTEXT service_id=132 ]
06-27 02:16:19.160  2716  7444 W GCM     : Unexpected forwarded intent: Intent { act=android.intent.action.PACKAGE_ADDED dat=package:org.shadowice.flocke.andotp.dev flg=0x4000010 cmp=com.google.android.gms/.chimera.PersistentIntentOperationService (has extras) }
06-27 02:16:19.160  2716  7445 W GCM     : Unexpected forwarded intent: Intent { act=android.intent.action.PACKAGE_ADDED dat=package:org.shadowice.flocke.andotp.dev flg=0x4000010 cmp=com.google.android.gms/.chimera.PersistentIntentOperationService (has extras) }
06-27 02:16:19.187  1916  2151 I AccountManagerService: getTypesVisibleToCaller: isPermitted? true
06-27 02:16:19.189  2735  7436 I ChromeSync: [Persistence,AffiliationManager] One of affiliation or grouping data for android://sjaf-sMeDAg3eOHBpmFYh7W6X7_adwp93lzm4D-l-Q_WwZFPec-BNax100ej5lRI6ShX78VDocfVee9T6j0omA==@org.shadowice.flocke.andotp.dev/ was not found. Marking affiliation data as stale...
06-27 02:16:19.200  1916  3051 I AccountManagerService: getTypesVisibleToCaller: isPermitted? true
06-27 02:16:19.209  1916  2053 I AccountManagerService: getTypesVisibleToCaller: isPermitted? true
06-27 02:16:19.222  2420  2420 D CarrierServiceBindHelper: Receive action: android.intent.action.PACKAGE_ADDED
06-27 02:16:19.225  2420  2420 D CarrierServiceBindHelper: mHandler: 3
06-27 02:16:19.225  2420  2420 D CarrierConfigLoader: mHandler: 9 phoneId: 0
06-27 02:16:19.226  1916  3249 W ActivityManager: Unable to start service Intent { act=com.google.android.gms.auth.key.retrieval.service.START pkg=com.google.android.gms } U=0: not found
06-27 02:16:19.226  1916  2077 W ActivityManager: Unbind failed: could not find connection for android.os.BinderProxy@978f11e
06-27 02:16:19.226  2735  2865 E GmsClient: unable to connect to service: com.google.android.gms.auth.key.retrieval.service.START on com.google.android.gms
06-27 02:16:19.233  2735  7446 I ChimeraConfigurator: Starting update, reason: 4 urgentFeatures: pay:-1
06-27 02:16:19.233  2735  7446 E ConfigFileUtils: Failed to read config file: /data/data/com.google.android.gms/app_chimera/next_container.pb: open failed: ENOENT (No such file or directory)
06-27 02:16:19.233  5432  7468 D Documents: Update found 7 roots in 104ms
06-27 02:16:19.237  5389  7479 I UpdateIcingCorporaServi: Updating corpora: APPS=org.shadowice.flocke.andotp.dev, CONTACTS=MAYBE
06-27 02:16:19.251  2735  7446 I ChmraDebugLogger: [73] 1801
06-27 02:16:19.259  2735  7446 I ChmraDebugLogger: [30] [Pay.optional:202414020000] permitMetered=true,
06-27 02:16:19.267  2735  7446 W ChimeraConfigService: Retry attempt was throttled.
06-27 02:16:19.296  7476  7476 D AndroidRuntime: >>>>>> START com.android.internal.os.RuntimeInit uid 0 <<<<<<
06-27 02:16:19.298  7476  7476 D AndroidRuntime: CheckJNI is ON
06-27 02:16:19.299  2735  2918 I Icing   : IndexChimeraService.getServiceInterface callingPackage=com.google.android.googlequicksearchbox componentName=null serviceId=36
06-27 02:16:19.307  7476  7476 D ICU     : No timezone override file found: /data/misc/zoneinfo/current/icu/icu_tzdata.dat
06-27 02:16:19.323  7476  7476 E memtrack: Couldn't load memtrack module (No such file or directory)
06-27 02:16:19.323  7476  7476 E android.os.Debug: failed to load memtrack module: -2
06-27 02:16:19.324  2735 20710 W Icing   : No valid account for uploading user actions
06-27 02:16:19.324  7476  7476 I Radio-JNI: register_android_hardware_Radio DONE
06-27 02:16:19.333  7476  7476 D AndroidRuntime: Calling main entry com.android.commands.monkey.Monkey
06-27 02:16:19.342  2735 20710 I Icing   : Usage reports ok 0, Failed Usage reports 0, indexed 0, rejected 0
06-27 02:16:19.344  5389  7479 I UpdateIcingCorporaServi: UpdateCorporaTask done [took 107 ms] updated apps [took 107 ms] 
06-27 02:16:19.346  1916  1930 W BroadcastQueue: Skipping deliver [background] BroadcastRecord{ad1ddce u-1 android.net.conn.CONNECTIVITY_CHANGE} to ReceiverList{84464ef 7476 (unknown name)/0/u-1 remote:91782d0}: process crashing
06-27 02:16:19.346  2735 20710 I Icing   : Indexing com.google.android.googlequicksearchbox-applications_uri from com.google.android.googlequicksearchbox
06-27 02:16:19.355  1916  3234 I ActivityManager: START u0 {act=android.intent.action.MAIN cat=[android.intent.category.LAUNCHER] flg=0x10200000 cmp=org.shadowice.flocke.andotp.dev/org.shadowice.flocke.andotp.Activities.MainActivity} from uid 0 on display 0
06-27 02:16:19.368  2735 20710 I Icing   : Indexing com.google.android.gms-apps from com.google.android.gms
06-27 02:16:19.372  2735 20710 I Icing   : Indexing com.google.android.gms-internal.3p:MobileApplication from com.google.android.gms
06-27 02:16:19.387  7488  7488 I art     : Not late-enabling -Xcheck:jni (already on)
06-27 02:16:19.395  1916  3235 I ActivityManager: Start proc 7488:org.shadowice.flocke.andotp.dev/u0a65 for activity org.shadowice.flocke.andotp.dev/org.shadowice.flocke.andotp.Activities.MainActivity
06-27 02:16:19.398  1293  1328 D gralloc_ranchu: gralloc_alloc: Creating ashmem region of size 8294400
06-27 02:16:19.404  7476  7476 I art     : System.exit called, status: 0
06-27 02:16:19.404  7476  7476 I AndroidRuntime: VM exiting with result code 0.
06-27 02:16:19.425  7488  7488 W System  : ClassLoader referenced unknown path: /data/app/org.shadowice.flocke.andotp.dev-1/lib/x86
06-27 02:16:19.430  2735 20710 I Icing   : Indexing done com.google.android.googlequicksearchbox-applications_uri
06-27 02:16:19.433  2735 20710 I Icing   : Indexing done com.google.android.gms-apps
06-27 02:16:19.434  2735 20710 I Icing   : Indexing done com.google.android.gms-internal.3p:MobileApplication
06-27 02:16:19.437  7488  7488 W System.err: java.io.FileNotFoundException: /jacoco.exec: open failed: EROFS (Read-only file system)
06-27 02:16:19.437  7488  7488 W System.err: 	at libcore.io.IoBridge.open(IoBridge.java:452)
06-27 02:16:19.437  7488  7488 W System.err: 	at java.io.FileOutputStream.<init>(FileOutputStream.java:87)
06-27 02:16:19.437  7488  7488 W System.err: 	at org.jacoco.agent.rt.internal_8ff85ea.output.FileOutput.openFile(FileOutput.java:67)
06-27 02:16:19.438  7488  7488 W System.err: 	at org.jacoco.agent.rt.internal_8ff85ea.output.FileOutput.startup(FileOutput.java:49)
06-27 02:16:19.438  7488  7488 W System.err: 	at org.jacoco.agent.rt.internal_8ff85ea.Agent.startup(Agent.java:122)
06-27 02:16:19.438  7488  7488 W System.err: 	at org.jacoco.agent.rt.internal_8ff85ea.Agent.getInstance(Agent.java:50)
06-27 02:16:19.438  7488  7488 W System.err: 	at org.jacoco.agent.rt.internal_8ff85ea.Offline.<clinit>(Offline.java:31)
06-27 02:16:19.438  7488  7488 W System.err: 	at org.shadowice.flocke.andotp.Activities.MainActivity.$jacocoInit(MainActivity.java)
06-27 02:16:19.438  7488  7488 W System.err: 	at org.shadowice.flocke.andotp.Activities.MainActivity.<clinit>(MainActivity.java)
06-27 02:16:19.438  7488  7488 W System.err: 	at java.lang.Class.newInstance(Native Method)
06-27 02:16:19.438  7488  7488 W System.err: 	at android.app.Instrumentation.newActivity(Instrumentation.java:1067)
06-27 02:16:19.438  7488  7488 W System.err: 	at android.app.ActivityThread.performLaunchActivity(ActivityThread.java:2317)
06-27 02:16:19.438  7488  7488 W System.err: 	at android.app.ActivityThread.handleLaunchActivity(ActivityThread.java:2476)
06-27 02:16:19.438  7488  7488 W System.err: 	at android.app.ActivityThread.-wrap11(ActivityThread.java)
06-27 02:16:19.438  7488  7488 W System.err: 	at android.app.ActivityThread$H.handleMessage(ActivityThread.java:1344)
06-27 02:16:19.438  7488  7488 W System.err: 	at android.os.Handler.dispatchMessage(Handler.java:102)
06-27 02:16:19.438  7488  7488 W System.err: 	at android.os.Looper.loop(Looper.java:148)
06-27 02:16:19.438  7488  7488 W System.err: 	at android.app.ActivityThread.main(ActivityThread.java:5417)
06-27 02:16:19.438  7488  7488 W System.err: 	at java.lang.reflect.Method.invoke(Native Method)
06-27 02:16:19.438  7488  7488 W System.err: 	at com.android.internal.os.ZygoteInit$MethodAndArgsCaller.run(ZygoteInit.java:726)
06-27 02:16:19.438  7488  7488 W System.err: 	at com.android.internal.os.ZygoteInit.main(ZygoteInit.java:616)
06-27 02:16:19.438  7488  7488 W System.err: Caused by: android.system.ErrnoException: open failed: EROFS (Read-only file system)
06-27 02:16:19.438  7488  7488 W System.err: 	at libcore.io.Posix.open(Native Method)
06-27 02:16:19.438  7488  7488 W System.err: 	at libcore.io.BlockGuardOs.open(BlockGuardOs.java:186)
06-27 02:16:19.438  7488  7488 W System.err: 	at libcore.io.IoBridge.open(IoBridge.java:438)
06-27 02:16:19.438  7488  7488 W System.err: 	... 20 more
06-27 02:16:19.457  7488  7488 W art     : Before Android 4.1, method android.graphics.PorterDuffColorFilter androidx.vectordrawable.graphics.drawable.VectorDrawableCompat.updateTintFilter(android.graphics.PorterDuffColorFilter, android.content.res.ColorStateList, android.graphics.PorterDuff$Mode) would have incorrectly overridden the package-private method in android.graphics.drawable.Drawable
06-27 02:16:19.463  7488  7488 I art     : Rejecting re-init on previously-failed class java.lang.Class<androidx.core.view.ViewCompat$2>
06-27 02:16:19.463  7488  7488 I art     : Rejecting re-init on previously-failed class java.lang.Class<androidx.core.view.ViewCompat$2>
06-27 02:16:19.468  3252  3322 D EGL_emulation: eglMakeCurrent: 0xaa3bccc0: ver 3 0 (tinfo 0xaa9c2a20)
06-27 02:16:19.469  3252  3322 E Surface : getSlotFromBufferLocked: unknown buffer: 0xb403d7a0
06-27 02:16:19.475  7488  7488 W art     : Before Android 4.1, method android.graphics.drawable.Drawable me.zhanghai.android.materialprogressbar.MaterialProgressBar.getCurrentDrawable() would have incorrectly overridden the package-private method in android.widget.ProgressBar
06-27 02:16:19.791  1916  2077 I AccountManagerService: getTypesVisibleToCaller: isPermitted? true
06-27 02:16:19.889  1916  2053 I ActivityManager: START u0 {cmp=org.shadowice.flocke.andotp.dev/org.shadowice.flocke.andotp.Activities.IntroScreenActivity} from uid 10065 on display 0
06-27 02:16:19.900  1293  1330 E SurfaceFlinger: ro.sf.lcd_density must be defined as a build property
06-27 02:16:19.901  7488  7506 D OpenGLRenderer: Use EGL_SWAP_BEHAVIOR_PRESERVED: true
06-27 02:16:19.903  7488  7488 D         : HostConnection::get() New Host Connection established 0xaaa31240, tid 7488
06-27 02:16:19.936  7488  7506 D         : HostConnection::get() New Host Connection established 0xafec5b40, tid 7506
06-27 02:16:19.938  7488  7506 I OpenGLRenderer: Initialized EGL, version 1.4
06-27 02:16:19.939  7488  7506 W OpenGLRenderer: Failed to choose config with EGL_SWAP_BEHAVIOR_PRESERVED, retrying without...
06-27 02:16:19.940  7488  7506 D EGL_emulation: eglCreateContext: 0xaa3bedc0: maj 3 min 0 rcv 3
06-27 02:16:19.941  7488  7506 D EGL_emulation: eglMakeCurrent: 0xaa3bedc0: ver 3 0 (tinfo 0xaa9c2940)
