11-09 14:26:23.879 25818 25818 I AccessibilityNodeInfoDumper: Skipping invisible child: android.view.accessibility.AccessibilityNodeInfo@18fb9; boundsInParent: Rect(0, 0 - 1080, 1582); boundsInScreen: Rect(1080, 63 - 1080, 1645); packageName: org.shadowice.flocke.andotp.dev; className: android.widget.ScrollView; text: null; error: null; maxTextLength: -1; contentDescription: null; viewIdResName: null; checkable: false; checked: false; focusable: true; focused: false; selected: false; clickable: false; longClickable: false; contextClickable: false; enabled: true; password: false; scrollable: false; importantForAccessibility: true; actions: [AccessibilityAction: ACTION_FOCUS - null, AccessibilityAction: ACTION_SELECT - null, AccessibilityAction: ACTION_CLEAR_SELECTION - null, AccessibilityAction: ACTION_ACCESSIBILITY_FOCUS - null, AccessibilityAction: ACTION_SHOW_ON_SCREEN - null]
11-09 14:26:23.880 25818 25818 I AccessibilityNodeInfoDumper: Skipping invisible child: android.view.accessibility.AccessibilityNodeInfo@180b5; boundsInParent: Rect(0, 0 - 147, 147); boundsInScreen: Rect(42, 1983 - 189, 1794); packageName: org.shadowice.flocke.andotp.dev; className: android.widget.ImageButton; text: null; error: null; maxTextLength: -1; contentDescription: Back; viewIdResName: org.shadowice.flocke.andotp.dev:id/mi_button_back; checkable: false; checked: false; focusable: true; focused: false; selected: false; clickable: true; longClickable: true; contextClickable: false; enabled: true; password: false; scrollable: false; importantForAccessibility: true; actions: [AccessibilityAction: ACTION_FOCUS - null, AccessibilityAction: ACTION_SELECT - null, AccessibilityAction: ACTION_CLEAR_SELECTION - null, AccessibilityAction: ACTION_CLICK - null, AccessibilityAction: ACTION_LONG_CLICK - null, AccessibilityAction: ACTION_ACCESSIBILITY_FOCUS - null, AccessibilityAction: ACTION_NEXT_AT_MOVEMENT_GRANULARITY - null, AccessibilityAction: ACTION_PREVIOUS_AT_MOVEMENT_GRANULARITY - null, AccessibilityAction: ACTION_SET_SELECTION - null, AccessibilityAction: ACTION_SHOW_ON_SCREEN - null]
11-09 14:26:23.882 25818 25818 W AccessibilityNodeInfoDumper: Fetch time: 8ms
11-09 14:26:23.883  1649 15274 W WindowManager: removeWindowToken: Attempted to remove non-existing token: android.os.Binder@9064e89
11-09 14:26:23.890 25818 25818 D AndroidRuntime: Shutting down VM
11-09 14:26:24.175 25838 25838 D AndroidRuntime: >>>>>> START com.android.internal.os.RuntimeInit uid 2000 <<<<<<
11-09 14:26:24.207 25838 25838 W app_process: Unexpected CPU variant for X86 using defaults: x86
11-09 14:26:24.210 25838 25838 I app_process: The ClassLoaderContext is a special shared library.
11-09 14:26:24.210 25838 25838 I app_process: The ClassLoaderContext is a special shared library.
11-09 14:26:24.222 25838 25838 D AndroidRuntime: Calling main entry com.android.commands.uiautomator.Launcher
11-09 14:26:25.244 25838 25838 I AccessibilityNodeInfoDumper: Skipping invisible child: android.view.accessibility.AccessibilityNodeInfo@18fcc; boundsInParent: Rect(0, 0 - 1080, 1582); boundsInScreen: Rect(1080, 63 - 1080, 1645); packageName: org.shadowice.flocke.andotp.dev; className: android.widget.ScrollView; text: null; error: null; maxTextLength: -1; contentDescription: null; viewIdResName: null; checkable: false; checked: false; focusable: true; focused: false; selected: false; clickable: false; longClickable: false; contextClickable: false; enabled: true; password: false; scrollable: false; importantForAccessibility: true; actions: [AccessibilityAction: ACTION_FOCUS - null, AccessibilityAction: ACTION_SELECT - null, AccessibilityAction: ACTION_CLEAR_SELECTION - null, AccessibilityAction: ACTION_ACCESSIBILITY_FOCUS - null, AccessibilityAction: ACTION_SHOW_ON_SCREEN - null]
11-09 14:26:25.244 25838 25838 I AccessibilityNodeInfoDumper: Skipping invisible child: android.view.accessibility.AccessibilityNodeInfo@180c8; boundsInParent: Rect(0, 0 - 147, 147); boundsInScreen: Rect(42, 1983 - 189, 1794); packageName: org.shadowice.flocke.andotp.dev; className: android.widget.ImageButton; text: null; error: null; maxTextLength: -1; contentDescription: Back; viewIdResName: org.shadowice.flocke.andotp.dev:id/mi_button_back; checkable: false; checked: false; focusable: true; focused: false; selected: false; clickable: true; longClickable: true; contextClickable: false; enabled: true; password: false; scrollable: false; importantForAccessibility: true; actions: [AccessibilityAction: ACTION_FOCUS - null, AccessibilityAction: ACTION_SELECT - null, AccessibilityAction: ACTION_CLEAR_SELECTION - null, AccessibilityAction: ACTION_CLICK - null, AccessibilityAction: ACTION_LONG_CLICK - null, AccessibilityAction: ACTION_ACCESSIBILITY_FOCUS - null, AccessibilityAction: ACTION_NEXT_AT_MOVEMENT_GRANULARITY - null, AccessibilityAction: ACTION_PREVIOUS_AT_MOVEMENT_GRANULARITY - null, AccessibilityAction: ACTION_SET_SELECTION - null, AccessibilityAction: ACTION_SHOW_ON_SCREEN - null]
11-09 14:26:25.245 25838 25838 W AccessibilityNodeInfoDumper: Fetch time: 4ms
11-09 14:26:25.246  1649  2585 W WindowManager: removeWindowToken: Attempted to remove non-existing token: android.os.Binder@762b6af
11-09 14:26:25.251 25838 25838 D AndroidRuntime: Shutting down VM
11-09 14:26:25.328  1649 15274 I ActivityManager: Force stopping org.shadowice.flocke.andotp.dev appid=10268 user=0: from pid 25852
11-09 14:26:25.328  1649 15274 I ActivityManager: Killing 24856:org.shadowice.flocke.andotp.dev/u0a268 (adj 0): stop org.shadowice.flocke.andotp.dev
11-09 14:26:25.330  1649 15274 W ActivityManager: Force removing ActivityRecord{e5b62d7 u0 org.shadowice.flocke.andotp.dev/org.shadowice.flocke.andotp.Activities.IntroScreenActivity t144}: app died, no saved state
11-09 14:26:25.330  1649  1666 W zygote  : kill(-24856, 9) failed: No such process
11-09 14:26:25.334  1649 15274 I WindowManager: Failed to capture screenshot of Token{e50c7c4 ActivityRecord{e5b62d7 u0 org.shadowice.flocke.andotp.dev/org.shadowice.flocke.andotp.Activities.IntroScreenActivity t144 f}} appWin=Window{a8b9ad5 u0 org.shadowice.flocke.andotp.dev/org.shadowice.flocke.andotp.Activities.IntroScreenActivity} drawState=4
11-09 14:26:25.335  1440  1440 D gralloc_ranchu: gralloc_unregister_buffer: exiting HostConnection (is buffer-handling thread)
11-09 14:26:25.335  1440  1440 D         : HostConnection::get() New Host Connection established 0xf1a23900, tid 1440
11-09 14:26:25.336  1440  1440 D gralloc_ranchu: gralloc_unregister_buffer: exiting HostConnection (is buffer-handling thread)
11-09 14:26:25.336  1440  1440 D         : HostConnection::get() New Host Connection established 0xf1a23900, tid 1440
11-09 14:26:25.336  1440  1440 D gralloc_ranchu: gralloc_unregister_buffer: exiting HostConnection (is buffer-handling thread)
11-09 14:26:25.336  1440  1440 D         : HostConnection::get() New Host Connection established 0xf1a23900, tid 1440
11-09 14:26:25.337  1440  1440 D gralloc_ranchu: gralloc_unregister_buffer: exiting HostConnection (is buffer-handling thread)
11-09 14:26:25.337  1440  1440 D         : HostConnection::get() New Host Connection established 0xf1a23900, tid 1440
11-09 14:26:25.337  1440  1440 D gralloc_ranchu: gralloc_unregister_buffer: exiting HostConnection (is buffer-handling thread)
11-09 14:26:25.337  1440  1440 D         : HostConnection::get() New Host Connection established 0xf1a23900, tid 1440
11-09 14:26:25.337  1440  1440 D gralloc_ranchu: gralloc_unregister_buffer: exiting HostConnection (is buffer-handling thread)
11-09 14:26:25.338  1450  1450 W SurfaceFlinger: couldn't log to binary event log: overflow.
11-09 14:26:25.343  1440  1440 D         : HostConnection::get() New Host Connection established 0xf1a23900, tid 1440
11-09 14:26:25.354  1649 15274 I ActivityManager: Start proc 25854:org.shadowice.flocke.andotp.dev/u0a268 for activity org.shadowice.flocke.andotp.dev/org.shadowice.flocke.andotp.Activities.MainActivity
11-09 14:26:25.355 25854 25854 I zygote  : Not late-enabling -Xcheck:jni (already on)
11-09 14:26:25.366  1649 15274 I ActivityManager:   Force finishing activity ActivityRecord{f48e3da u0 org.shadowice.flocke.andotp.dev/org.shadowice.flocke.andotp.Activities.MainActivity t144}
11-09 14:26:25.371 25854 25854 W zygote  : Unexpected CPU variant for X86 using defaults: x86
11-09 14:26:25.372  1649 15274 I ActivityManager:   Force finishing activity ActivityRecord{f48e3da u0 org.shadowice.flocke.andotp.dev/org.shadowice.flocke.andotp.Activities.MainActivity t144 f}
11-09 14:26:25.372  1649 15274 W ActivityManager: Duplicate finish request for ActivityRecord{f48e3da u0 org.shadowice.flocke.andotp.dev/org.shadowice.flocke.andotp.Activities.MainActivity t144 f}
11-09 14:26:25.374  1649  1666 W zygote  : kill(-24856, 9) failed: No such process
11-09 14:26:25.384  1649  1712 W InputDispatcher: channel '3749c30 org.shadowice.flocke.andotp.dev/org.shadowice.flocke.andotp.Activities.MainActivity (server)' ~ Consumer closed input channel or an error occurred.  events=0x9
11-09 14:26:25.384  1649  1712 E InputDispatcher: channel '3749c30 org.shadowice.flocke.andotp.dev/org.shadowice.flocke.andotp.Activities.MainActivity (server)' ~ Channel is unrecoverably broken and will be disposed!
11-09 14:26:25.389  1856  1856 D CarrierSvcBindHelper: No carrier app for: 0
11-09 14:26:25.413  1649  1666 W zygote  : kill(-24856, 9) failed: No such process
11-09 14:26:25.414  1649  1666 I zygote  : Successfully killed process cgroup uid 10268 pid 24856 in 83ms
11-09 14:26:25.415  1439  1480 D gralloc_ranchu: gralloc_alloc: Creating ashmem region of size 8298496
11-09 14:26:25.416  1649  2582 I WindowManager: WIN DEATH: Window{3749c30 u0 org.shadowice.flocke.andotp.dev/org.shadowice.flocke.andotp.Activities.MainActivity}
11-09 14:26:25.416  1649  2582 W InputDispatcher: Attempted to unregister already unregistered input channel '3749c30 org.shadowice.flocke.andotp.dev/org.shadowice.flocke.andotp.Activities.MainActivity (server)'
11-09 14:26:25.421  1450  1750 D         : HostConnection::get() New Host Connection established 0xe85d4800, tid 1750
11-09 14:26:25.421  1439  1480 D gralloc_ranchu: gralloc_alloc: Creating ashmem region of size 8298496
11-09 14:26:25.424  1439  5111 D gralloc_ranchu: gralloc_alloc: Creating ashmem region of size 8298496
11-09 14:26:25.426  1649  1671 W ActivityManager: setHasOverlayUi called on unknown pid: 24856
11-09 14:26:25.430  1439  1480 D gralloc_ranchu: gralloc_alloc: Creating ashmem region of size 8298496
11-09 14:26:25.437  1649  1696 D         : HostConnection::get() New Host Connection established 0xd32f28c0, tid 1696
11-09 14:26:25.454  1450  1450 D SurfaceFlinger: duplicate layer name: changing com.google.android.apps.nexuslauncher/com.google.android.apps.nexuslauncher.NexusLauncherActivity to com.google.android.apps.nexuslauncher/com.google.android.apps.nexuslauncher.NexusLauncherActivity#1
11-09 14:26:25.459  2275  2663 D EGL_emulation: eglMakeCurrent: 0xd43afe80: ver 3 0 (tinfo 0xd57d6910)
11-09 14:26:25.463  1439  1480 D gralloc_ranchu: gralloc_alloc: Creating ashmem region of size 8298496
11-09 14:26:25.472  1439  5111 D gralloc_ranchu: gralloc_alloc: Creating ashmem region of size 8298496
11-09 14:26:25.478  1439  1480 D gralloc_ranchu: gralloc_alloc: Creating ashmem region of size 8298496
11-09 14:26:25.487  1649  1696 D gralloc_ranchu: gralloc_unregister_buffer: exiting HostConnection (is buffer-handling thread)
11-09 14:26:25.488  1649  1696 D         : HostConnection::get() New Host Connection established 0xd32f28c0, tid 1696
11-09 14:26:25.489  1649  1696 D gralloc_ranchu: gralloc_unregister_buffer: exiting HostConnection (is buffer-handling thread)
11-09 14:26:25.501  2275  2275 W SessionLifecycleManager: Handover failed. Creating new session controller.
11-09 14:26:25.504  2305  2434 D EGL_emulation: eglMakeCurrent: 0xec186380: ver 3 0 (tinfo 0xec183760)
11-09 14:26:25.506  2275  2275 I OptInState: There is a new client and it does not support opt-in. Dropping request.
11-09 14:26:25.514  1649  3617 I WifiService: getConnectionInfo uid=10032
11-09 14:26:25.519  1649  1660 I WifiService: getWifiEnabledState uid=10032
11-09 14:26:25.520  2275 23641 W Settings: Setting mobile_data has moved from android.provider.Settings.Secure to android.provider.Settings.Global.
11-09 14:26:25.525  2275 23646 W LocationOracle: No location history returned by ContextManager
11-09 14:26:25.533  1649  2585 I WifiService: getConnectionInfo uid=10032
11-09 14:26:25.534  1649  3617 I WifiService: getWifiEnabledState uid=10032
11-09 14:26:25.534  2275 23640 W Settings: Setting mobile_data has moved from android.provider.Settings.Secure to android.provider.Settings.Global.
11-09 14:26:25.539  2275  2275 I MicroDetectionWorker: #updateMicroDetector [detectionMode: [mDetectionMode: [1]]]
11-09 14:26:25.539  2275  2275 I MicroDetectionWorker: #startMicroDetector [speakerMode: 0]
11-09 14:26:25.540  2275  2275 I AudioController: Using mInputStreamFactoryBuilder
11-09 14:26:25.542  1765  2009 D EGL_emulation: eglMakeCurrent: 0xd729fb60: ver 3 0 (tinfo 0xd7dd29c0)
11-09 14:26:25.545  2275 23646 I MicroRecognitionRunner: Starting detection.
11-09 14:26:25.546  2275 23640 I MicrophoneInputStream: mic_starting com.google.android.apps.gsa.staticplugins.aa.c@59e5244
11-09 14:26:25.550  2275  2275 I MicroDetectionWorker: onReady
11-09 14:26:25.550  1521  1521 W ServiceManager: Permission failure: android.permission.RECORD_AUDIO from uid=10032 pid=2275
11-09 14:26:25.550  1521  1521 E         : Request requires android.permission.RECORD_AUDIO
11-09 14:26:25.550  1521  1521 E         : android.permission.CAPTURE_AUDIO_HOTWORD
11-09 14:26:25.550  2275 23640 E AudioRecord: Could not get audio input for session 16793, record source 1999, sample rate 16000, format 0x1, channel mask 0x10, flags 0
11-09 14:26:25.564  1765  2009 D EGL_emulation: eglMakeCurrent: 0xd729fb60: ver 3 0 (tinfo 0xd7dd29c0)
11-09 14:26:25.564  2275 23640 E AudioRecord-JNI: Error creating AudioRecord instance: initialization check failed with status -22.
11-09 14:26:25.564  2275 23640 E android.media.AudioRecord: Error code -20 when initializing native AudioRecord object.
11-09 14:26:25.564  2275 23640 I MicrophoneInputStream: mic_started com.google.android.apps.gsa.staticplugins.aa.c@59e5244
11-09 14:26:25.567  2275 23640 E ActivityThread: Failed to find provider info for com.google.android.apps.gsa.testing.ui.audio.recorded
11-09 14:26:25.567  2275 23646 W SpeechLevelGenerator: Really low audio levels detected. The audio input may have issues.
11-09 14:26:25.574  1765  2009 D EGL_emulation: eglMakeCurrent: 0xd729fb60: ver 3 0 (tinfo 0xd7dd29c0)
11-09 14:26:25.575  2275 23640 I MicrophoneInputStream: mic_close com.google.android.apps.gsa.staticplugins.aa.c@59e5244
11-09 14:26:25.576  2275  2275 I MicroDetectionWorker: onReady
11-09 14:26:25.581  2275 23646 I MicroRecognitionRunner: Detection finished
11-09 14:26:25.581  2275 23646 W ErrorReporter: reportError [type: 211, code: 524300]: Error reading from input stream
11-09 14:26:25.584  2275  2709 I MicroRecognitionRunner: Stopping hotword detection.
11-09 14:26:25.584  2275 23646 W ErrorProcessor: onFatalError, processing error from engine(4)
11-09 14:26:25.584  2275 23646 W ErrorProcessor: com.google.android.apps.gsa.shared.speech.b.g: Error reading from input stream
11-09 14:26:25.584  2275 23646 W ErrorProcessor: 	at com.google.android.apps.gsa.staticplugins.recognizer.j.a.a(SourceFile:28)
11-09 14:26:25.584  2275 23646 W ErrorProcessor: 	at com.google.android.apps.gsa.staticplugins.recognizer.j.b.run(SourceFile:15)
11-09 14:26:25.584  2275 23646 W ErrorProcessor: 	at java.util.concurrent.Executors$RunnableAdapter.call(Executors.java:457)
11-09 14:26:25.584  2275 23646 W ErrorProcessor: 	at java.util.concurrent.FutureTask.run(FutureTask.java:266)
11-09 14:26:25.584  2275 23646 W ErrorProcessor: 	at java.util.concurrent.Executors$RunnableAdapter.call(Executors.java:457)
11-09 14:26:25.584  2275 23646 W ErrorProcessor: 	at java.util.concurrent.FutureTask.run(FutureTask.java:266)
11-09 14:26:25.584  2275 23646 W ErrorProcessor: 	at com.google.android.apps.gsa.shared.util.concurrent.a.ag.run(Unknown Source:4)
11-09 14:26:25.584  2275 23646 W ErrorProcessor: 	at com.google.android.apps.gsa.shared.util.concurrent.a.bo.run(SourceFile:4)
11-09 14:26:25.584  2275 23646 W ErrorProcessor: 	at com.google.android.apps.gsa.shared.util.concurrent.a.bo.run(SourceFile:4)
11-09 14:26:25.584  2275 23646 W ErrorProcessor: 	at java.util.concurrent.ThreadPoolExecutor.runWorker(ThreadPoolExecutor.java:1162)
11-09 14:26:25.584  2275 23646 W ErrorProcessor: 	at java.util.concurrent.ThreadPoolExecutor$Worker.run(ThreadPoolExecutor.java:636)
11-09 14:26:25.584  2275 23646 W ErrorProcessor: 	at java.lang.Thread.run(Thread.java:764)
11-09 14:26:25.584  2275 23646 W ErrorProcessor: 	at com.google.android.apps.gsa.shared.util.concurrent.a.ak.run(SourceFile:6)
11-09 14:26:25.584  2275 23646 W ErrorProcessor: Caused by: com.google.android.apps.gsa.shared.exception.GsaIOException: Error code: 393238 | Buffer overflow, no available space.
11-09 14:26:25.584  2275 23646 W ErrorProcessor: 	at com.google.android.apps.gsa.speech.audio.Tee.f(SourceFile:103)
11-09 14:26:25.584  2275 23646 W ErrorProcessor: 	at com.google.android.apps.gsa.speech.audio.au.read(SourceFile:2)
11-09 14:26:25.584  2275 23646 W ErrorProcessor: 	at java.io.InputStream.read(InputStream.java:101)
11-09 14:26:25.584  2275 23646 W ErrorProcessor: 	at com.google.android.apps.gsa.speech.audio.ao.run(SourceFile:18)
11-09 14:26:25.584  2275 23646 W ErrorProcessor: 	at com.google.android.apps.gsa.speech.audio.an.run(SourceFile:2)
11-09 14:26:25.584  2275 23646 W ErrorProcessor: 	... 11 more
11-09 14:26:25.584  2275 23646 I AudioController: internalShutdown
11-09 14:26:25.599  2275  2275 I MicroDetector: Keeping mic open: false
11-09 14:26:25.599  2275 23649 I DeviceStateChecker: DeviceStateChecker cancelled
11-09 14:26:25.599  2275  2275 I MicroDetectionWorker: #onError(false)
11-09 14:26:25.614  2051 19139 W ctxmgr  : [AclManager] No 3 for (accnt=account#-517948760#, com.google.android.gms(10014):UserVelocityProducer, vrsn=202414022, 0, 3pPkg = null ,  3pMdlId = null ,  pid = 2051). Was: 3 for 1, account#-517948760# [CONTEXT service_id=47 ]
11-09 14:26:25.622  1649  3617 I GnssLocationProvider: WakeLock acquired by sendMessage(SET_REQUEST, 0, com.android.server.location.GnssLocationProvider$GpsRequest@f478329)
11-09 14:26:25.631  1649  1663 I GnssLocationProvider: WakeLock released by handleMessage(SET_REQUEST, 0, com.android.server.location.GnssLocationProvider$GpsRequest@f478329)
11-09 14:26:25.632  1765  2009 D EGL_emulation: eglMakeCurrent: 0xd729fb60: ver 3 0 (tinfo 0xd7dd29c0)
11-09 14:26:25.637  1765  2009 D EGL_emulation: eglMakeCurrent: 0xd729fb60: ver 3 0 (tinfo 0xd7dd29c0)
11-09 14:26:25.655  2051 24751 I LogUtils: [Places]: ?: Couldn't find platform key file. [CONTEXT service_id=253 ]
11-09 14:26:25.718  2051 19139 I ctxmgr  : [ProducerStatusImpl] updateStateForNewContextData: inactive, contextName=7 [CONTEXT service_id=47 ]
11-09 14:26:25.722  2051  2051 I GeofencerStateMachine: removeGeofences: removeRequest=RemoveGeofencingRequest[REMOVE_BY_PENDING_INTENT pendingIntent=PendingIntent[creatorPackage=com.google.android.gms], packageName=com.google.android.gms]
11-09 14:26:25.725  2051  2051 I GeofencerStateMachine: removeGeofences: removeRequest=RemoveGeofencingRequest[REMOVE_BY_PENDING_INTENT pendingIntent=PendingIntent[creatorPackage=com.google.android.gms], packageName=com.google.android.gms]
11-09 14:26:25.740  2051 25872 I LogUtils: [Places]: ?: Couldn't find platform key file. [CONTEXT service_id=253 ]
11-09 14:26:25.741  2051 25871 I PlacesLogger: [PlaceInferenceEngine]: [anon] Changed inference mode: 0 [CONTEXT service_id=253 ]
11-09 14:26:25.741  2051 25872 I LogUtils: [Places]: ?: Couldn't find platform key file. [CONTEXT service_id=253 ]
11-09 14:26:25.778  2051 25873 I LogUtils: [Places]: ?: Couldn't find platform key file. [CONTEXT service_id=253 ]
11-09 14:26:25.792  2051 25873 I chatty  : uid=10014(com.google.android.gms) lowpool[74] identical 1 line
11-09 14:26:25.797  2051 25873 I LogUtils: [Places]: ?: Couldn't find platform key file. [CONTEXT service_id=253 ]
11-09 14:26:25.826  2051 25871 I LogUtils: [Places]: ?: PlacesBleScanner start() with priority 2 [CONTEXT service_id=253 ]
11-09 14:26:25.827  2051 25871 I PlacesLogger: [PlaceInferenceEngine]: [anon] Changed inference mode: 1 [CONTEXT service_id=253 ]
11-09 14:26:25.837  2051  2051 E BeaconBle: Missing BluetoothAdapter [CONTEXT service_id=111 ]
11-09 14:26:25.837  2051  2051 I BeaconBle: BLE 'KK+' software access layer enabled [CONTEXT service_id=111 ]
11-09 14:26:25.860  2051  2051 I BeaconBle: Client requested scan, settings=BleSettings [scanMode=ZERO_POWER, callbackType=ALL_MATCHES, reportDelayMillis=0, 1 filters, 0 clients, callingClientName=Places] [CONTEXT service_id=111 ]
11-09 14:26:25.860  2051  2051 I BeaconBle: Scan : No clients left, canceling alarm. [CONTEXT service_id=111 ]
11-09 14:26:25.860  2051  2051 E BeaconBle: Scan couldn't start for Places [CONTEXT service_id=111 ]
11-09 14:26:25.861  2051  2051 W Places  : BLE failure while scanning - code 5
11-09 14:26:25.885  2051 25871 I Places  : Converted 0 out of 1 WiFi scans
11-09 14:26:25.885  1649  1660 I WifiService: getConnectionInfo uid=10014
11-09 14:26:25.890  2051 24747 I LogUtils: [Places]: ?: Couldn't find platform key file. [CONTEXT service_id=253 ]
11-09 14:26:25.894  2051 25873 I LogUtils: [Places]: ?: Couldn't find platform key file. [CONTEXT service_id=253 ]
11-09 14:26:25.897  2051 25871 I PlacesLogger: [PlaceInferenceEngine]: [anon] Changed inference mode: 1 [CONTEXT service_id=253 ]
11-09 14:26:25.897  2051 25873 I LogUtils: [Places]: ?: Couldn't find platform key file. [CONTEXT service_id=253 ]
11-09 14:26:25.916  2051 25872 I LogUtils: [Places]: ?: Couldn't find platform key file. [CONTEXT service_id=253 ]
11-09 14:26:25.916  2051 19139 I PlacesLogger: [PlaceInferenceEngine]: No beacon scan available - ignoring candidates. [CONTEXT service_id=253 ]
11-09 14:26:25.939  2051 19139 I LogUtils: [Places]: ?: Couldn't find platform key file. [CONTEXT service_id=253 ]
11-09 14:26:25.988  2275  2298 E ReloadingLock: Finalizing LOCKED Token[shortcuts 2022-11-09 14:26:25.561]
11-09 14:26:26.015  2305  2434 W OpenGLRenderer: Incorrectly called buildLayer on View: ShortcutAndWidgetContainer, destroying layer...
Elapsed Time: 211336
