--------- beginning of main
11-09 14:22:54.656  2051 19139 I LogUtils: [Places]: ?: Couldn't find platform key file. [CONTEXT service_id=253 ]
11-09 14:22:54.660  2051 16703 I LogUtils: [Places]: ?: Couldn't find platform key file. [CONTEXT service_id=253 ]
11-09 14:22:54.663  2051 16703 I LogUtils: [Places]: ?: Couldn't find platform key file. [CONTEXT service_id=253 ]
11-09 14:22:54.690  2051 23654 I LogUtils: [Places]: ?: PlacesBleScanner start() with priority 2 [CONTEXT service_id=253 ]
11-09 14:22:54.691  2051 23654 I PlacesLogger: [PlaceInferenceEngine]: [anon] Changed inference mode: 1 [CONTEXT service_id=253 ]
11-09 14:22:54.698  2051  2051 E BeaconBle: Missing BluetoothAdapter [CONTEXT service_id=111 ]
11-09 14:22:54.698  2051  2051 I BeaconBle: BLE 'KK+' software access layer enabled [CONTEXT service_id=111 ]
11-09 14:22:54.711  2051  2051 I BeaconBle: Client requested scan, settings=BleSettings [scanMode=ZERO_POWER, callbackType=ALL_MATCHES, reportDelayMillis=0, 1 filters, 0 clients, callingClientName=Places] [CONTEXT service_id=111 ]
11-09 14:22:54.711  2051  2051 I BeaconBle: Scan : No clients left, canceling alarm. [CONTEXT service_id=111 ]
11-09 14:22:54.712  2051  2051 E BeaconBle: Scan couldn't start for Places [CONTEXT service_id=111 ]
11-09 14:22:54.712  2051  2051 W Places  : BLE failure while scanning - code 5
11-09 14:22:54.739  2051 23654 I Places  : Converted 0 out of 1 WiFi scans
11-09 14:22:54.740  1649  2304 I WifiService: getConnectionInfo uid=10014
11-09 14:22:54.745  2051 16703 I LogUtils: [Places]: ?: Couldn't find platform key file. [CONTEXT service_id=253 ]
11-09 14:22:54.746  2051 23654 I PlacesLogger: [PlaceInferenceEngine]: [anon] Changed inference mode: 1 [CONTEXT service_id=253 ]
11-09 14:22:54.746  2051 16703 I LogUtils: [Places]: ?: Couldn't find platform key file. [CONTEXT service_id=253 ]
11-09 14:22:54.748  2051 16700 I LogUtils: [Places]: ?: Couldn't find platform key file. [CONTEXT service_id=253 ]
11-09 14:22:54.755  2051 16703 I PlacesLogger: [PlaceInferenceEngine]: No beacon scan available - ignoring candidates. [CONTEXT service_id=253 ]
11-09 14:22:54.755  2051 16700 I LogUtils: [Places]: ?: Couldn't find platform key file. [CONTEXT service_id=253 ]
11-09 14:22:54.780  2051 16703 I LogUtils: [Places]: ?: Couldn't find platform key file. [CONTEXT service_id=253 ]
11-09 14:22:54.839  2305  2434 W OpenGLRenderer: Incorrectly called buildLayer on View: ShortcutAndWidgetContainer, destroying layer...
11-09 14:22:55.395  1649  1667 I WifiService: requestActivityInfo uid=1000
11-09 14:22:55.396  1649  1667 I WifiService: reportActivityInfo uid=1000
11-09 14:22:55.396  1649  1667 I WifiService: getSupportedFeatures uid=1000
11-09 14:22:55.400  1649  1667 E BluetoothAdapter: Bluetooth binder is null
--------- beginning of system
11-09 14:22:55.405  1649  1667 E KernelCpuSpeedReader: Failed to read cpu-freq: /sys/devices/system/cpu/cpu0/cpufreq/stats/time_in_state (No such file or directory)
11-09 14:22:55.406  1649  1667 E BatteryExternalStatsWorker: modem info is invalid: ModemActivityInfo{ mTimestamp=0 mSleepTimeMs=0 mIdleTimeMs=0 mTxTimeMs[]=[0, 0, 0, 0, 0] mRxTimeMs=0 mEnergyUsed=0}
11-09 14:22:57.396 23660 23660 D AndroidRuntime: >>>>>> START com.android.internal.os.RuntimeInit uid 2000 <<<<<<
11-09 14:22:57.433 23660 23660 W app_process: Unexpected CPU variant for X86 using defaults: x86
11-09 14:22:57.434 23660 23660 I app_process: The ClassLoaderContext is a special shared library.
11-09 14:22:57.447 23660 23660 D AndroidRuntime: Calling main entry com.android.commands.pm.Pm
11-09 14:22:57.450  1649  1664 I ActivityManager: Force stopping de.westnordost.streetcomplete appid=10266 user=-1: deletePackageX
11-09 14:22:57.542  1525  1525 I keystore: clear_uid 10266
11-09 14:22:57.542  1649  1676 D PackageManager: Ephemeral installer not found with new action; try old one
11-09 14:22:57.542  1649  1676 D PackageManager: Clear ephemeral installer activity
11-09 14:22:57.599  1649  1676 I zygote  : Explicit concurrent copying GC freed 25738(1346KB) AllocSpace objects, 11(628KB) LOS objects, 29% free, 14MB/20MB, paused 869us total 56.785ms
11-09 14:22:57.601  1649  1657 D         : HostConnection::get() New Host Connection established 0xd863b8c0, tid 1657
11-09 14:22:57.601  1649  1657 D gralloc_ranchu: gralloc_unregister_buffer: exiting HostConnection (is buffer-handling thread)
11-09 14:22:57.602  1649  1657 D         : HostConnection::get() New Host Connection established 0xd863b8c0, tid 1657
11-09 14:22:57.602  1649  1657 D gralloc_ranchu: gralloc_unregister_buffer: exiting HostConnection (is buffer-handling thread)
11-09 14:22:57.608 23660 23660 I app_process: System.exit called, status: 0
11-09 14:22:57.608 23660 23660 I AndroidRuntime: VM exiting with result code 0.
11-09 14:22:57.609  1649  1676 I ActivityManager: Force stopping de.westnordost.streetcomplete appid=10266 user=0: pkg removed
11-09 14:22:57.612 23660 23669 W MessageQueue: Handler (android.os.Handler) {cf4f010} sending message to a Handler on a dead thread
11-09 14:22:57.612 23660 23669 W MessageQueue: java.lang.IllegalStateException: Handler (android.os.Handler) {cf4f010} sending message to a Handler on a dead thread
11-09 14:22:57.612 23660 23669 W MessageQueue: 	at android.os.MessageQueue.enqueueMessage(MessageQueue.java:545)
11-09 14:22:57.612 23660 23669 W MessageQueue: 	at android.os.Handler.enqueueMessage(Handler.java:662)
11-09 14:22:57.612 23660 23669 W MessageQueue: 	at android.os.Handler.sendMessageAtTime(Handler.java:631)
11-09 14:22:57.612 23660 23669 W MessageQueue: 	at android.os.Handler.sendMessageDelayed(Handler.java:601)
11-09 14:22:57.612 23660 23669 W MessageQueue: 	at android.os.Handler.post(Handler.java:357)
11-09 14:22:57.612 23660 23669 W MessageQueue: 	at android.os.ResultReceiver$MyResultReceiver.send(ResultReceiver.java:57)
11-09 14:22:57.612 23660 23669 W MessageQueue: 	at com.android.internal.os.IResultReceiver$Stub.onTransact(IResultReceiver.java:58)
11-09 14:22:57.612 23660 23669 W MessageQueue: 	at android.os.Binder.execTransact(Binder.java:697)
11-09 14:22:57.616  1649  1676 D KernelUidCpuTimeReader: Removing uids 10266-10266
11-09 14:22:57.619  1649  1713 I InputReader: Reconfiguring input devices.  changes=0x00000010
11-09 14:22:57.624  1649  1664 W BroadcastQueue: Background execution not allowed: receiving Intent { act=android.intent.action.PACKAGE_REMOVED dat=package:de.westnordost.streetcomplete flg=0x4000010 (has extras) } to com.google.android.gms/.games.chimera.GamesSystemBroadcastReceiverProxy
11-09 14:22:57.625  1649  1664 W BroadcastQueue: Background execution not allowed: receiving Intent { act=android.intent.action.PACKAGE_REMOVED dat=package:de.westnordost.streetcomplete flg=0x4000010 (has extras) } to com.google.android.gms/.chimera.GmsIntentOperationService$PersistentTrustedReceiver
11-09 14:22:57.625  1649  1664 W BroadcastQueue: Background execution not allowed: receiving Intent { act=android.intent.action.PACKAGE_REMOVED dat=package:de.westnordost.streetcomplete flg=0x4000010 (has extras) } to com.google.android.googlequicksearchbox/com.google.android.apps.gsa.googlequicksearchbox.GelStubAppWatcher
11-09 14:22:57.651  2051  2051 I GeofencerStateMachine: removeGeofences: removeRequest=RemoveGeofencingRequest[REMOVE_ALL packageName=de.westnordost.streetcomplete]
11-09 14:22:57.657  1649  1722 D RecurrenceRule: Resolving using anchor 2022-11-09T14:22:57.657-05:00[America/New_York]
11-09 14:22:57.659  1649  1722 D RecurrenceRule: Resolving using anchor 2022-11-09T14:22:57.659-05:00[America/New_York]
11-09 14:22:57.665  1649  1722 D RecurrenceRule: Cycle 21 from 2022-10-17T00:00-04:00[America/New_York] to 2022-11-17T00:00-05:00[America/New_York]
11-09 14:22:57.665  1649  1722 D NetworkStats: Resolving plan for NetworkTemplate: matchRule=MOBILE_ALL, subscriberId=310260..., matchSubscriberIds=[310260...]
11-09 14:22:57.669  1649  1722 D NetworkStats: Found active matching subId 1
11-09 14:22:57.674  1649  1722 D NetworkStats: Resolved to plan null
11-09 14:22:57.691  2051 23683 I Fitness : FitCleanupIntentOperation received Intent android.intent.action.PACKAGE_REMOVED [CONTEXT service_id=17 ]
11-09 14:22:57.695  1856  1856 D CarrierSvcBindHelper: No carrier app for: 0
11-09 14:22:57.701  1649  1649 D ZenLog  : config: removeAutomaticZenRules,ZenModeConfig[user=0,allowCalls=true,allowRepeatCallers=false,allowMessages=false,allowCallsFrom=contacts,allowMessagesFrom=contacts,allowReminders=true,allowEvents=true,allowWhenScreenOff=true,allowWhenScreenOn=true,automaticRules={EVENTS_DEFAULT_RULE=ZenRule[enabled=false,snoozing=false,name=Event,zenMode=ZEN_MODE_ALARMS,conditionId=condition://android/event?userId=-10000&calendar=&reply=1,condition=Condition[id=condition://android/event?userId=-10000&calendar=&reply=1,summary=...,line1=...,line2=...,icon=0,state=STATE_FALSE,flags=2],component=ComponentInfo{android/com.android.server.notification.EventConditionProvider},id=EVENTS_DEFAULT_RULE,creationTime=1629221005391,enabler=null], SCHEDULED_DEFAULT_RULE_1=ZenRule[enabled=false,snoozing=false,name=Weeknight,zenMode=ZEN_MODE_ALARMS,conditionId=condition://android/schedule?days=1.2.3.4.5&start=22.0&end=7.0&exitAtAlarm=false,condition=Condition[id=condition://android/schedule?days=1.2.3.4.5&start=22.0&end=7.0&exitAtAlarm=false,summary=...,line1=...,line2=...,icon=0,state=STATE_FALSE,flags=2],component=ComponentInfo{android/com.android.server.notification.ScheduleConditionProvider},id=SCHEDULED_DEFAULT_RULE_1,creationTime=1629221005391,enabler=null], SCHEDULED_DEFAULT_RULE_2=ZenRule[enabled=false,snoozing=false,name=Weekend,zenMode=ZEN_MODE_ALARMS,conditionId=condition://android/schedule?days=6.7&start=23.30&end=10.0&exitAtAlarm=false,condition=Condition[id=condition://android/schedule?days=6.7&start=23.30&end=10.0&exitAtAlarm=false,summary=...,line1=...,line2=...,icon=0,state=STATE_FALSE,flags=2],component=ComponentInfo{android/com.android.server.notification.ScheduleConditionProvider},id=SCHEDULED_DEFAULT_RULE_2,creationTime=1629221005391,enabler=null]},manualRule=null],Diff[]
11-09 14:22:57.701  1649  1649 I ConditionProviders: Disallowing condition provider de.westnordost.streetcomplete
11-09 14:22:57.717  1649  1649 D ZenLog  : set_zen_mode: off,removeAutomaticZenRules
11-09 14:22:57.733  4954 23673 I ProvidersCache: Provider returned no roots. Possibly naughty: com.google.android.apps.docs.storage
11-09 14:22:57.755  2181 13508 I ContentMaintenance: Internal cache bytes used: 0; limit: 40626585; download size: 0
11-09 14:22:57.788  2181 29522 I Icing   : doRemovePackageData de.westnordost.streetcomplete
11-09 14:22:57.808  2181 13508 I RealtimeCacheCleanup: Beginning Realtime garbage collection.
11-09 14:22:57.810  1649  1665 D AutofillUI: destroySaveUiUiThread(): already destroyed
11-09 14:22:57.810  1649  1663 D AutofillManagerServiceImpl: Set component for user 0 as ServiceInfo{353699a com.google.android.gms.autofill.service.AutofillService}
11-09 14:22:57.811  2181 13508 I RealtimeCacheCleanup: Finished Realtime garbage collection.
11-09 14:22:57.825  2181  2810 I Icing   : IndexChimeraService.getServiceInterface callingPackage=com.google.android.gms componentName=AppsCorpus serviceId=36
11-09 14:22:57.845  2181 23703 W Icing   : No valid account for uploading user actions
11-09 14:22:57.861  2181 23703 I Icing   : Usage reports ok 0, Failed Usage reports 0, indexed 0, rejected 0
11-09 14:22:57.864  2181  2810 I Icing   : IndexChimeraService.getServiceInterface callingPackage=com.google.android.gms componentName=null serviceId=30
11-09 14:22:57.871  2181 23703 I Icing   : Indexing com.google.android.gms-apps from com.google.android.gms
11-09 14:22:57.875  2181 23703 W Icing   : No valid account for uploading user actions
11-09 14:22:57.880  2181 23703 I Icing   : Usage reports ok 0, Failed Usage reports 0, indexed 0, rejected 0
11-09 14:22:57.881  2181 23703 I Icing   : Indexing done com.google.android.gms-apps
11-09 14:22:58.019 23712 23712 D AndroidRuntime: >>>>>> START com.android.internal.os.RuntimeInit uid 2000 <<<<<<
11-09 14:22:58.053 23712 23712 W app_process: Unexpected CPU variant for X86 using defaults: x86
11-09 14:22:58.055 23712 23712 I app_process: The ClassLoaderContext is a special shared library.
11-09 14:22:58.069 23712 23712 D AndroidRuntime: Calling main entry com.android.commands.pm.Pm
11-09 14:22:58.073 23712 23712 I app_process: System.exit called, status: 0
11-09 14:22:58.073 23712 23712 I AndroidRuntime: VM exiting with result code 0.
11-09 14:22:58.576  1649  1676 I PackageManager.DexOptimizer: Running dexopt (dexoptNeeded=1) on: /data/app/org.shadowice.flocke.andotp.dev-9lfq3EGS96tIvnDicQB1rA==/base.apk pkg=org.shadowice.flocke.andotp.dev isa=x86 dexoptFlags=boot_complete,debuggable,public target-filter=quicken oatDir=/data/app/org.shadowice.flocke.andotp.dev-9lfq3EGS96tIvnDicQB1rA==/oat sharedLibraries=PCL[]
11-09 14:22:58.583 23730 23730 W dex2oat : Unexpected CPU variant for X86 using defaults: x86
11-09 14:22:58.583 23730 23730 W dex2oat : Mismatch between dex2oat instruction set features (ISA: X86 Feature string: -ssse3,-sse4.1,-sse4.2,-avx,-avx2,-popcnt) and those of dex2oat executable (ISA: X86 Feature string: ssse3,-sse4.1,-sse4.2,-avx,-avx2,-popcnt) for the command line:
11-09 14:22:58.583 23730 23730 W dex2oat : /system/bin/dex2oat --zip-fd=8 --zip-location=base.apk --input-vdex-fd=-1 --output-vdex-fd=10 --oat-fd=9 --oat-location=/data/app/org.shadowice.flocke.andotp.dev-9lfq3EGS96tIvnDicQB1rA==/oat/x86/base.odex --instruction-set=x86 --instruction-set-variant=x86 --instruction-set-features=default --runtime-arg -Xms64m --runtime-arg -Xmx512m --compiler-filter=quicken --swap-fd=11 --debuggable --classpath-dir=/data/app/org.shadowice.flocke.andotp.dev-9lfq3EGS96tIvnDicQB1rA== --class-loader-context=PCL[]
11-09 14:22:58.583 23730 23730 I dex2oat : /system/bin/dex2oat --input-vdex-fd=-1 --output-vdex-fd=10 --compiler-filter=quicken --debuggable --classpath-dir=/data/app/org.shadowice.flocke.andotp.dev-9lfq3EGS96tIvnDicQB1rA== --class-loader-context=PCL[]
11-09 14:22:59.444  2275  2275 I MicroDetectionWorker: #updateMicroDetector [detectionMode: [mDetectionMode: [1]]]
11-09 14:22:59.445  2275  2275 I MicroDetectionWorker: #startMicroDetector [speakerMode: 0]
11-09 14:22:59.445  2275  2275 I AudioController: Using mInputStreamFactoryBuilder
11-09 14:22:59.447  2275  2275 I MicroDetectionWorker: onReady
11-09 14:22:59.453  2275 23646 I MicroRecognitionRunner: Starting detection.
11-09 14:22:59.454  2275 23645 I MicrophoneInputStream: mic_starting com.google.android.apps.gsa.staticplugins.aa.c@f10a13b
11-09 14:22:59.457  1521  1521 W ServiceManager: Permission failure: android.permission.RECORD_AUDIO from uid=10032 pid=2275
11-09 14:22:59.457  1521  1521 E         : Request requires android.permission.RECORD_AUDIO
11-09 14:22:59.457  1521  1521 E         : android.permission.CAPTURE_AUDIO_HOTWORD
11-09 14:22:59.457  2275 23645 E AudioRecord: Could not get audio input for session 16769, record source 1999, sample rate 16000, format 0x1, channel mask 0x10, flags 0
11-09 14:22:59.458  2275 23645 E AudioRecord-JNI: Error creating AudioRecord instance: initialization check failed with status -22.
11-09 14:22:59.458  2275 23645 E android.media.AudioRecord: Error code -20 when initializing native AudioRecord object.
11-09 14:22:59.458  2275 23645 I MicrophoneInputStream: mic_started com.google.android.apps.gsa.staticplugins.aa.c@f10a13b
11-09 14:22:59.458  2275 23645 E ActivityThread: Failed to find provider info for com.google.android.apps.gsa.testing.ui.audio.recorded
11-09 14:22:59.460  2275 23645 I MicrophoneInputStream: mic_close com.google.android.apps.gsa.staticplugins.aa.c@f10a13b
11-09 14:22:59.464  2275 23646 I MicroRecognitionRunner: Detection finished
11-09 14:22:59.464  2275 23646 W ErrorReporter: reportError [type: 211, code: 524300]: Error reading from input stream
11-09 14:22:59.465  2275  2709 I MicroRecognitionRunner: Stopping hotword detection.
11-09 14:22:59.465  2275 23646 W ErrorProcessor: onFatalError, processing error from engine(4)
11-09 14:22:59.465  2275 23646 W ErrorProcessor: com.google.android.apps.gsa.shared.speech.b.g: Error reading from input stream
11-09 14:22:59.465  2275 23646 W ErrorProcessor: 	at com.google.android.apps.gsa.staticplugins.recognizer.j.a.a(SourceFile:28)
11-09 14:22:59.465  2275 23646 W ErrorProcessor: 	at com.google.android.apps.gsa.staticplugins.recognizer.j.b.run(SourceFile:15)
11-09 14:22:59.465  2275 23646 W ErrorProcessor: 	at java.util.concurrent.Executors$RunnableAdapter.call(Executors.java:457)
11-09 14:22:59.465  2275 23646 W ErrorProcessor: 	at java.util.concurrent.FutureTask.run(FutureTask.java:266)
11-09 14:22:59.465  2275 23646 W ErrorProcessor: 	at java.util.concurrent.Executors$RunnableAdapter.call(Executors.java:457)
11-09 14:22:59.465  2275 23646 W ErrorProcessor: 	at java.util.concurrent.FutureTask.run(FutureTask.java:266)
11-09 14:22:59.465  2275 23646 W ErrorProcessor: 	at com.google.android.apps.gsa.shared.util.concurrent.a.ag.run(Unknown Source:4)
11-09 14:22:59.465  2275 23646 W ErrorProcessor: 	at com.google.android.apps.gsa.shared.util.concurrent.a.bo.run(SourceFile:4)
11-09 14:22:59.465  2275 23646 W ErrorProcessor: 	at com.google.android.apps.gsa.shared.util.concurrent.a.bo.run(SourceFile:4)
11-09 14:22:59.465  2275 23646 W ErrorProcessor: 	at java.util.concurrent.ThreadPoolExecutor.runWorker(ThreadPoolExecutor.java:1162)
11-09 14:22:59.465  2275 23646 W ErrorProcessor: 	at java.util.concurrent.ThreadPoolExecutor$Worker.run(ThreadPoolExecutor.java:636)
11-09 14:22:59.465  2275 23646 W ErrorProcessor: 	at java.lang.Thread.run(Thread.java:764)
11-09 14:22:59.465  2275 23646 W ErrorProcessor: 	at com.google.android.apps.gsa.shared.util.concurrent.a.ak.run(SourceFile:6)
11-09 14:22:59.465  2275 23646 W ErrorProcessor: Caused by: com.google.android.apps.gsa.shared.exception.GsaIOException: Error code: 393238 | Buffer overflow, no available space.
11-09 14:22:59.465  2275 23646 W ErrorProcessor: 	at com.google.android.apps.gsa.speech.audio.Tee.f(SourceFile:103)
11-09 14:22:59.465  2275 23646 W ErrorProcessor: 	at com.google.android.apps.gsa.speech.audio.au.read(SourceFile:2)
11-09 14:22:59.465  2275 23646 W ErrorProcessor: 	at java.io.InputStream.read(InputStream.java:101)
11-09 14:22:59.465  2275 23646 W ErrorProcessor: 	at com.google.android.apps.gsa.speech.audio.ao.run(SourceFile:18)
11-09 14:22:59.465  2275 23646 W ErrorProcessor: 	at com.google.android.apps.gsa.speech.audio.an.run(SourceFile:2)
11-09 14:22:59.465  2275 23646 W ErrorProcessor: 	... 11 more
11-09 14:22:59.465  2275 23646 I AudioController: internalShutdown
11-09 14:22:59.483  2275  2275 I MicroDetectionWorker: onReady
11-09 14:22:59.484  2275  2275 I MicroDetector: Keeping mic open: false
11-09 14:22:59.484  2275  2275 I MicroDetectionWorker: #onError(false)
11-09 14:22:59.484  2275 23648 I DeviceStateChecker: DeviceStateChecker cancelled
11-09 14:23:00.019  1765  2009 D EGL_emulation: eglMakeCurrent: 0xd729fb60: ver 3 0 (tinfo 0xd7dd29c0)
11-09 14:23:00.354 23730 23730 I dex2oat : dex2oat took 1.771s (6.184s cpu) (threads: 4) arena alloc=20KB (20968B) java alloc=4MB (4301496B) native alloc=4MB (5042024B) free=2MB (2822296B)
11-09 14:23:00.392  1524  1542 D installd: Applied hard quotas for 10267
11-09 14:23:00.393  1649  1676 D PackageManager: Ephemeral installer not found with new action; try old one
11-09 14:23:00.393  1649  1676 D PackageManager: Clear ephemeral installer activity
11-09 14:23:00.393  1649  1676 V BackupManagerService: restoreAtInstall pkg=org.shadowice.flocke.andotp.dev token=16 restoreSet=0
11-09 14:23:00.393  1649  1676 V BackupManagerService: Finishing install immediately
11-09 14:23:00.405  1524  1542 E         : Couldn't opendir /data/app/vmdl23350418.tmp: No such file or directory
11-09 14:23:00.405  1524  1542 E installd: Failed to delete /data/app/vmdl23350418.tmp: No such file or directory
11-09 14:23:00.421  1649  1713 I InputReader: Reconfiguring input devices.  changes=0x00000010
11-09 14:23:00.425  1649  2582 W BroadcastQueue: Background execution not allowed: receiving Intent { act=android.intent.action.PACKAGE_ADDED dat=package:org.shadowice.flocke.andotp.dev flg=0x4000010 (has extras) } to com.google.android.gms/.games.chimera.GamesSystemBroadcastReceiverProxy
11-09 14:23:00.426  1649  1664 W BroadcastQueue: Background execution not allowed: receiving Intent { act=android.intent.action.PACKAGE_ADDED dat=package:org.shadowice.flocke.andotp.dev flg=0x4000010 (has extras) } to com.google.android.gms/.gass.chimera.PackageChangeBroadcastReceiver
11-09 14:23:00.427  1649  1664 W BroadcastQueue: Background execution not allowed: receiving Intent { act=android.intent.action.PACKAGE_ADDED dat=package:org.shadowice.flocke.andotp.dev flg=0x4000010 (has extras) } to com.google.android.gms/.chimera.GmsIntentOperationService$PersistentTrustedReceiver
11-09 14:23:00.431  1649  1664 W BroadcastQueue: Background execution not allowed: receiving Intent { act=android.intent.action.PACKAGE_ADDED dat=package:org.shadowice.flocke.andotp.dev flg=0x4000010 (has extras) } to com.google.android.googlequicksearchbox/com.google.android.apps.gsa.googlequicksearchbox.GelStubAppWatcher
11-09 14:23:00.435  1649  1672 W ProcessCpuTracker: Skipping unknown process pid 23724
11-09 14:23:00.446  2051 23679 W GCM     : Unexpected forwarded intent: Intent { act=android.intent.action.PACKAGE_ADDED dat=package:org.shadowice.flocke.andotp.dev flg=0x4000010 cmp=com.google.android.gms/.chimera.PersistentIntentOperationService (has extras) }
11-09 14:23:00.449  2051 23683 W GCM     : Unexpected forwarded intent: Intent { act=android.intent.action.PACKAGE_ADDED dat=package:org.shadowice.flocke.andotp.dev flg=0x4000010 cmp=com.google.android.gms/.chimera.PersistentIntentOperationService (has extras) }
11-09 14:23:00.456  2181 23696 I Auth    : [SupervisedAccountIntentOperation] onHandleIntent(): android.intent.action.PACKAGE_ADDED
11-09 14:23:00.457  2181 23659 I ChromeSync: [Sync,SyncIntentOperation] Handling the intent: Intent { act=android.intent.action.PACKAGE_ADDED dat=package:org.shadowice.flocke.andotp.dev flg=0x4000010 cmp=com.google.android.gms/.chimera.GmsIntentOperationService (has extras) }.
11-09 14:23:00.458  1649  1663 W ResourceType: No known package when getting value for resource number 0x7f0800aa
11-09 14:23:00.458  1649  1663 W ResourceType: No known package when getting value for resource number 0x7f110ce2
11-09 14:23:00.458  1649  1663 W ResourceType: No known package when getting value for resource number 0x7f110ce2
11-09 14:23:00.458  1649  1663 W ResourceType: No known package when getting value for resource number 0x7f0800b6
11-09 14:23:00.458  1649  1663 W ResourceType: No known package when getting value for resource number 0x7f110ce1
11-09 14:23:00.458  1649  1663 W ResourceType: No known package when getting value for resource number 0x7f110ce1
11-09 14:23:00.458  2181 23693 I FontLog : Package org.shadowice.flocke.andotp.dev has no metadata [CONTEXT service_id=132 ]
11-09 14:23:00.458  1649  1663 W ResourceType: No known package when getting value for resource number 0x7f0800b1
11-09 14:23:00.458  1649  1663 W ResourceType: No known package when getting value for resource number 0x7f110ce0
11-09 14:23:00.461  1649  1649 I Telecom : DefaultDialerCache: Refreshing default dialer for user 0: now com.google.android.dialer: DDC.oR@AQM
11-09 14:23:00.463  1649  1787 W ActivityManager: Unable to start service Intent { act=com.google.android.gms.auth.key.retrieval.service.START pkg=com.google.android.gms } U=0: not found
11-09 14:23:00.479  1649  1787 W ActivityManager: Unbind failed: could not find connection for android.os.BinderProxy@f40f5fe
11-09 14:23:00.458  1649  1663 W ResourceType: No known package when getting value for resource number 0x7f110ce0
11-09 14:23:00.479  2181  2564 E GmsClient: unable to connect to service: com.google.android.gms.auth.key.retrieval.service.START on com.google.android.gms
11-09 14:23:00.521  1856  1856 D ImsResolver: maybeAddedImsService, packageName: org.shadowice.flocke.andotp.dev
11-09 14:23:00.525  1649  1659 I zygote  : Background concurrent copying GC freed 46531(2MB) AllocSpace objects, 29(1204KB) LOS objects, 27% free, 15MB/21MB, paused 1ms total 127.697ms
11-09 14:23:00.541  1649  1665 D AutofillUI: destroySaveUiUiThread(): already destroyed
11-09 14:23:00.541  1856  1856 D CarrierSvcBindHelper: No carrier app for: 0
11-09 14:23:00.543  1649  1663 D AutofillManagerServiceImpl: Set component for user 0 as ServiceInfo{2498af1 com.google.android.gms.autofill.service.AutofillService}
11-09 14:23:00.546  4954 23736 I ProvidersCache: Provider returned no roots. Possibly naughty: com.google.android.apps.docs.storage
11-09 14:23:00.564  1856  1856 D CarrierConfigLoader: mHandler: 9 phoneId: 0
11-09 14:23:00.571  2181 23696 I ChimeraConfigurator: Starting update, reason: 4 urgentFeatures: pay:-1
11-09 14:23:00.572  2181 23696 E ConfigFileUtils: Failed to read config file: /data/user_de/0/com.google.android.gms/app_chimera/next_container.pb (No such file or directory)
11-09 14:23:00.631  2181 23696 I ChmraDebugLogger: [73] 1801
11-09 14:23:00.639  1649  1667 I WifiService: requestActivityInfo uid=1000
11-09 14:23:00.639  1649  1667 I WifiService: reportActivityInfo uid=1000
11-09 14:23:00.639  1649  1667 I WifiService: getSupportedFeatures uid=1000
11-09 14:23:00.640 23741 23741 D AndroidRuntime: >>>>>> START com.android.internal.os.RuntimeInit uid 2000 <<<<<<
11-09 14:23:00.642 23741 23741 W app_process: Could not reserve sentinel fault page
11-09 14:23:00.655  2181 23696 I ChmraDebugLogger: [30] [Pay.optional:202414020000] permitMetered=true,
11-09 14:23:00.662  2181 23696 W ChimeraConfigService: Retry attempt was throttled.
11-09 14:23:00.684  2181 23659 I ChromeSync: [Persistence,AffiliationManager] One of affiliation or grouping data for android://sjaf-sMeDAg3eOHBpmFYh7W6X7_adwp93lzm4D-l-Q_WwZFPec-BNax100ej5lRI6ShX78VDocfVee9T6j0omA==@org.shadowice.flocke.andotp.dev/ was not found. Marking affiliation data as stale...
11-09 14:23:00.684 23741 23741 W app_process: Unexpected CPU variant for X86 using defaults: x86
11-09 14:23:00.692 23741 23741 I app_process: The ClassLoaderContext is a special shared library.
11-09 14:23:00.711 23741 23741 D AndroidRuntime: Calling main entry com.android.commands.monkey.Monkey
11-09 14:23:00.712 23741 23741 W Monkey  : args: [-p, org.shadowice.flocke.andotp.dev, -c, android.intent.category.LAUNCHER, 1]
11-09 14:23:00.713 23741 23741 W Monkey  :  arg: "-p"
11-09 14:23:00.713 23741 23741 W Monkey  :  arg: "org.shadowice.flocke.andotp.dev"
11-09 14:23:00.713 23741 23741 W Monkey  :  arg: "-c"
11-09 14:23:00.713 23741 23741 W Monkey  :  arg: "android.intent.category.LAUNCHER"
11-09 14:23:00.713 23741 23741 W Monkey  :  arg: "1"
11-09 14:23:00.714 23741 23741 W Monkey  : data="org.shadowice.flocke.andotp.dev"
11-09 14:23:00.714 23741 23741 W Monkey  : data="android.intent.category.LAUNCHER"
11-09 14:23:00.741  1649  1664 W BroadcastQueue: Skipping deliver [background] BroadcastRecord{3fb27f3 u-1 android.net.conn.CONNECTIVITY_CHANGE} to ReceiverList{10e3cb0 23741 (unknown name)/2000/u-1 remote:8dae52d}: process gone or crashing
11-09 14:23:00.746  2181 23703 I Icing   : Indexing com.google.android.gms-internal.3p:MobileApplication from com.google.android.gms using seqno 181
11-09 14:23:00.764  2181 23703 I Icing   : Indexing com.google.android.gms-apps from com.google.android.gms
11-09 14:23:00.793  1649  1661 I ActivityManager: START u0 {act=android.intent.action.MAIN cat=[android.intent.category.LAUNCHER] flg=0x10200000 cmp=org.shadowice.flocke.andotp.dev/org.shadowice.flocke.andotp.Activities.MainActivity} from uid 2000
11-09 14:23:00.796  1649  1661 W Binder  : Outgoing transactions from this process must be FLAG_ONEWAY
11-09 14:23:00.796  1649  1661 W Binder  : java.lang.Throwable
11-09 14:23:00.796  1649  1661 W Binder  : 	at android.os.BinderProxy.transact(Binder.java:752)
11-09 14:23:00.796  1649  1661 W Binder  : 	at android.app.IActivityController$Stub$Proxy.activityStarting(IActivityController.java:172)
11-09 14:23:00.796  1649  1661 W Binder  : 	at com.android.server.am.ActivityStarter.startActivity(ActivityStarter.java:449)
11-09 14:23:00.796  1649  1661 W Binder  : 	at com.android.server.am.ActivityStarter.startActivityLocked(ActivityStarter.java:278)
11-09 14:23:00.796  1649  1661 W Binder  : 	at com.android.server.am.ActivityStarter.startActivityMayWait(ActivityStarter.java:817)
11-09 14:23:00.796  1649  1661 W Binder  : 	at com.android.server.am.ActivityManagerService.startActivityAsUser(ActivityManagerService.java:4532)
11-09 14:23:00.796  1649  1661 W Binder  : 	at com.android.server.am.ActivityManagerService.startActivity(ActivityManagerService.java:4519)
11-09 14:23:00.796  1649  1661 W Binder  : 	at android.app.IActivityManager$Stub.onTransact(IActivityManager.java:121)
11-09 14:23:00.796  1649  1661 W Binder  : 	at com.android.server.am.ActivityManagerService.onTransact(ActivityManagerService.java:2919)
11-09 14:23:00.796  1649  1661 W Binder  : 	at android.os.Binder.execTransact(Binder.java:697)
11-09 14:23:00.816 23741 23741 I Monkey  : Events injected: 1
11-09 14:23:00.827  1439  5111 D gralloc_ranchu: gralloc_alloc: Creating ashmem region of size 8298496
11-09 14:23:00.835  1450  1726 D         : HostConnection::get() New Host Connection established 0xe80a1cc0, tid 1726
11-09 14:23:00.836  1649  1696 D         : HostConnection::get() New Host Connection established 0xd32f2640, tid 1696
11-09 14:23:00.840  1649  2582 I ActivityManager: Start proc 23755:org.shadowice.flocke.andotp.dev/u0a267 for activity org.shadowice.flocke.andotp.dev/org.shadowice.flocke.andotp.Activities.MainActivity
11-09 14:23:00.847 23755 23755 I zygote  : Not late-enabling -Xcheck:jni (already on)
11-09 14:23:00.848 23741 23741 I Monkey  : ## Network stats: elapsed time=31ms (0ms mobile, 0ms wifi, 31ms not connected)
11-09 14:23:00.853 23741 23741 I com.android.commands.monkey: System.exit called, status: 0
11-09 14:23:00.853 23741 23741 I AndroidRuntime: VM exiting with result code 0.
11-09 14:23:00.856  2181 23703 I Icing   : Indexing done com.google.android.gms-apps
11-09 14:23:00.865 23755 23755 W zygote  : Unexpected CPU variant for X86 using defaults: x86
11-09 14:23:00.890  2275  2663 D EGL_emulation: eglMakeCurrent: 0xd43afe80: ver 3 0 (tinfo 0xd57d6910)
11-09 14:23:00.890  2305  2434 D EGL_emulation: eglMakeCurrent: 0xec186380: ver 3 0 (tinfo 0xec183760)
11-09 14:23:00.891  1450  1470 D gralloc_ranchu: gralloc_unregister_buffer: exiting HostConnection (is buffer-handling thread)
11-09 14:23:00.892  1450  1470 D         : HostConnection::get() New Host Connection established 0xe80a1880, tid 1470
11-09 14:23:00.893  1450  1470 D gralloc_ranchu: gralloc_unregister_buffer: exiting HostConnection (is buffer-handling thread)
11-09 14:23:00.894  1450  1470 D         : HostConnection::get() New Host Connection established 0xe80a1880, tid 1470
11-09 14:23:00.895  1450  1470 D gralloc_ranchu: gralloc_unregister_buffer: exiting HostConnection (is buffer-handling thread)
11-09 14:23:00.896  1450  1470 D         : HostConnection::get() New Host Connection established 0xe80a1880, tid 1470
11-09 14:23:00.897  1450  1470 D gralloc_ranchu: gralloc_unregister_buffer: exiting HostConnection (is buffer-handling thread)
11-09 14:23:00.922 23755 23755 W System.err: java.io.FileNotFoundException: /jacoco.exec (Read-only file system)
11-09 14:23:00.922 23755 23755 W System.err: 	at java.io.FileOutputStream.open0(Native Method)
11-09 14:23:00.922 23755 23755 W System.err: 	at java.io.FileOutputStream.open(FileOutputStream.java:287)
11-09 14:23:00.922 23755 23755 W System.err: 	at java.io.FileOutputStream.<init>(FileOutputStream.java:223)
11-09 14:23:00.922 23755 23755 W System.err: 	at org.jacoco.agent.rt.internal_8ff85ea.output.FileOutput.openFile(FileOutput.java:67)
11-09 14:23:00.922 23755 23755 W System.err: 	at org.jacoco.agent.rt.internal_8ff85ea.output.FileOutput.startup(FileOutput.java:49)
11-09 14:23:00.923 23755 23755 W System.err: 	at org.jacoco.agent.rt.internal_8ff85ea.Agent.startup(Agent.java:122)
11-09 14:23:00.923 23755 23755 W System.err: 	at org.jacoco.agent.rt.internal_8ff85ea.Agent.getInstance(Agent.java:50)
11-09 14:23:00.923 23755 23755 W System.err: 	at org.jacoco.agent.rt.internal_8ff85ea.Offline.<clinit>(Offline.java:31)
11-09 14:23:00.923 23755 23755 W System.err: 	at org.jacoco.agent.rt.internal_8ff85ea.Offline.getProbes(Offline.java:51)
11-09 14:23:00.923 23755 23755 W System.err: 	at org.shadowice.flocke.andotp.Activities.MainActivity.$jacocoInit(Unknown Source:13)
11-09 14:23:00.923 23755 23755 W System.err: 	at org.shadowice.flocke.andotp.Activities.MainActivity.<clinit>(Unknown Source:0)
11-09 14:23:00.923 23755 23755 W System.err: 	at java.lang.Class.newInstance(Native Method)
11-09 14:23:00.923 23755 23755 W System.err: 	at android.app.Instrumentation.newActivity(Instrumentation.java:1174)
11-09 14:23:00.923 23755 23755 W System.err: 	at android.app.ActivityThread.performLaunchActivity(ActivityThread.java:2669)
11-09 14:23:00.923 23755 23755 W System.err: 	at android.app.ActivityThread.handleLaunchActivity(ActivityThread.java:2856)
11-09 14:23:00.923 23755 23755 W System.err: 	at android.app.ActivityThread.-wrap11(Unknown Source:0)
11-09 14:23:00.923 23755 23755 W System.err: 	at android.app.ActivityThread$H.handleMessage(ActivityThread.java:1589)
11-09 14:23:00.924 23755 23755 W System.err: 	at android.os.Handler.dispatchMessage(Handler.java:106)
11-09 14:23:00.924 23755 23755 W System.err: 	at android.os.Looper.loop(Looper.java:164)
11-09 14:23:00.924 23755 23755 W System.err: 	at android.app.ActivityThread.main(ActivityThread.java:6494)
11-09 14:23:00.924 23755 23755 W System.err: 	at java.lang.reflect.Method.invoke(Native Method)
11-09 14:23:00.924 23755 23755 W System.err: 	at com.android.internal.os.RuntimeInit$MethodAndArgsCaller.run(RuntimeInit.java:438)
11-09 14:23:00.924 23755 23755 W System.err: 	at com.android.internal.os.ZygoteInit.main(ZygoteInit.java:807)
11-09 14:23:00.962 23755 23755 I zygote  : Rejecting re-init on previously-failed class java.lang.Class<androidx.core.view.ViewCompat$2>: java.lang.NoClassDefFoundError: Failed resolution of: Landroid/view/View$OnUnhandledKeyEventListener;
11-09 14:23:00.962 23755 23755 I zygote  :   at void androidx.core.view.ViewCompat.setOnApplyWindowInsetsListener(android.view.View, androidx.core.view.OnApplyWindowInsetsListener) (ViewCompat.java:2421)
11-09 14:23:00.962 23755 23755 I zygote  :   at android.view.ViewGroup androidx.appcompat.app.AppCompatDelegateImpl.createSubDecor() (AppCompatDelegateImpl.java:779)
11-09 14:23:00.963 23755 23755 I zygote  :   at void androidx.appcompat.app.AppCompatDelegateImpl.ensureSubDecor() (AppCompatDelegateImpl.java:659)
11-09 14:23:00.963 23755 23755 I zygote  :   at void androidx.appcompat.app.AppCompatDelegateImpl.setContentView(int) (AppCompatDelegateImpl.java:552)
11-09 14:23:00.963 23755 23755 I zygote  :   at void androidx.appcompat.app.AppCompatActivity.setContentView(int) (AppCompatActivity.java:161)
11-09 14:23:00.963 23755 23755 I zygote  :   at void org.shadowice.flocke.andotp.Activities.MainActivity.onCreate(android.os.Bundle) (MainActivity.java:201)
11-09 14:23:00.963 23755 23755 I zygote  :   at void android.app.Activity.performCreate(android.os.Bundle, android.os.PersistableBundle) (Activity.java:7009)
11-09 14:23:00.963 23755 23755 I zygote  :   at void android.app.Activity.performCreate(android.os.Bundle) (Activity.java:7000)
11-09 14:23:00.963 23755 23755 I zygote  :   at void android.app.Instrumentation.callActivityOnCreate(android.app.Activity, android.os.Bundle) (Instrumentation.java:1214)
11-09 14:23:00.963 23755 23755 I zygote  :   at android.app.Activity android.app.ActivityThread.performLaunchActivity(android.app.ActivityThread$ActivityClientRecord, android.content.Intent) (ActivityThread.java:2731)
11-09 14:23:00.963 23755 23755 I zygote  :   at void android.app.ActivityThread.handleLaunchActivity(android.app.ActivityThread$ActivityClientRecord, android.content.Intent, java.lang.String) (ActivityThread.java:2856)
11-09 14:23:00.963 23755 23755 I zygote  :   at void android.app.ActivityThread.-wrap11(android.app.ActivityThread, android.app.ActivityThread$ActivityClientRecord, android.content.Intent, java.lang.String) (ActivityThread.java:-1)
11-09 14:23:00.963 23755 23755 I zygote  :   at void android.app.ActivityThread$H.handleMessage(android.os.Message) (ActivityThread.java:1589)
11-09 14:23:00.964 23755 23755 I zygote  :   at void android.os.Handler.dispatchMessage(android.os.Message) (Handler.java:106)
11-09 14:23:00.964 23755 23755 I zygote  :   at void android.os.Looper.loop() (Looper.java:164)
11-09 14:23:00.964 23755 23755 I zygote  :   at void android.app.ActivityThread.main(java.lang.String[]) (ActivityThread.java:6494)
11-09 14:23:00.964 23755 23755 I zygote  :   at java.lang.Object java.lang.reflect.Method.invoke(java.lang.Object, java.lang.Object[]) (Method.java:-2)
11-09 14:23:00.964 23755 23755 I zygote  :   at void com.android.internal.os.RuntimeInit$MethodAndArgsCaller.run() (RuntimeInit.java:438)
11-09 14:23:00.964 23755 23755 I zygote  :   at void com.android.internal.os.ZygoteInit.main(java.lang.String[]) (ZygoteInit.java:807)
11-09 14:23:00.964 23755 23755 I zygote  : Caused by: java.lang.ClassNotFoundException: Didn't find class "android.view.View$OnUnhandledKeyEventListener" on path: DexPathList[[zip file "/data/app/org.shadowice.flocke.andotp.dev-9lfq3EGS96tIvnDicQB1rA==/base.apk"],nativeLibraryDirectories=[/data/app/org.shadowice.flocke.andotp.dev-9lfq3EGS96tIvnDicQB1rA==/lib/x86, /system/lib, /vendor/lib]]
11-09 14:23:00.964 23755 23755 I zygote  :   at java.lang.Class dalvik.system.BaseDexClassLoader.findClass(java.lang.String) (BaseDexClassLoader.java:125)
11-09 14:23:00.964 23755 23755 I zygote  :   at java.lang.Class java.lang.ClassLoader.loadClass(java.lang.String, boolean) (ClassLoader.java:379)
11-09 14:23:00.964 23755 23755 I zygote  :   at java.lang.Class java.lang.ClassLoader.loadClass(java.lang.String) (ClassLoader.java:312)
11-09 14:23:00.964 23755 23755 I zygote  :   at void androidx.core.view.ViewCompat.setOnApplyWindowInsetsListener(android.view.View, androidx.core.view.OnApplyWindowInsetsListener) (ViewCompat.java:2421)
11-09 14:23:00.964 23755 23755 I zygote  :   at android.view.ViewGroup androidx.appcompat.app.AppCompatDelegateImpl.createSubDecor() (AppCompatDelegateImpl.java:779)
11-09 14:23:00.965 23755 23755 I zygote  :   at void androidx.appcompat.app.AppCompatDelegateImpl.ensureSubDecor() (AppCompatDelegateImpl.java:659)
11-09 14:23:00.965 23755 23755 I zygote  :   at void androidx.appcompat.app.AppCompatDelegateImpl.setContentView(int) (AppCompatDelegateImpl.java:552)
11-09 14:23:00.965 23755 23755 I zygote  :   at void androidx.appcompat.app.AppCompatActivity.setContentView(int) (AppCompatActivity.java:161)
11-09 14:23:00.965 23755 23755 I zygote  :   at void org.shadowice.flocke.andotp.Activities.MainActivity.onCreate(android.os.Bundle) (MainActivity.java:201)
11-09 14:23:00.965 23755 23755 I zygote  :   at void android.app.Activity.performCreate(android.os.Bundle, android.os.PersistableBundle) (Activity.java:7009)
11-09 14:23:00.965 23755 23755 I zygote  :   at void android.app.Activity.performCreate(android.os.Bundle) (Activity.java:7000)
11-09 14:23:00.965 23755 23755 I zygote  :   at void android.app.Instrumentation.callActivityOnCreate(android.app.Activity, android.os.Bundle) (Instrumentation.java:1214)
11-09 14:23:00.966 23755 23755 I zygote  :   at android.app.Activity android.app.ActivityThread.performLaunchActivity(android.app.ActivityThread$ActivityClientRecord, android.content.Intent) (ActivityThread.java:2731)
11-09 14:23:00.966 23755 23755 I zygote  :   at void android.app.ActivityThread.handleLaunchActivity(android.app.ActivityThread$ActivityClientRecord, android.content.Intent, java.lang.String) (ActivityThread.java:2856)
11-09 14:23:00.966 23755 23755 I zygote  :   at void android.app.ActivityThread.-wrap11(android.app.ActivityThread, android.app.ActivityThread$ActivityClientRecord, android.content.Intent, java.lang.String) (ActivityThread.java:-1)
11-09 14:23:00.966 23755 23755 I zygote  :   at void android.app.ActivityThread$H.handleMessage(android.os.Message) (ActivityThread.java:1589)
11-09 14:23:00.967 23755 23755 I zygote  :   at void android.os.Handler.dispatchMessage(android.os.Message) (Handler.java:106)
11-09 14:23:00.967 23755 23755 I zygote  :   at void android.os.Looper.loop() (Looper.java:164)
11-09 14:23:00.967 23755 23755 I zygote  :   at void android.app.ActivityThread.main(java.lang.String[]) (ActivityThread.java:6494)
11-09 14:23:00.967 23755 23755 I zygote  :   at java.lang.Object java.lang.reflect.Method.invoke(java.lang.Object, java.lang.Object[]) (Method.java:-2)
11-09 14:23:00.967 23755 23755 I zygote  :   at void com.android.internal.os.RuntimeInit$MethodAndArgsCaller.run() (RuntimeInit.java:438)
11-09 14:23:00.968 23755 23755 I zygote  :   at void com.android.internal.os.ZygoteInit.main(java.lang.String[]) (ZygoteInit.java:807)
11-09 14:23:00.968 23755 23755 I zygote  : 
11-09 14:23:00.968 23755 23755 I zygote  : Rejecting re-init on previously-failed class java.lang.Class<androidx.core.view.ViewCompat$2>: java.lang.NoClassDefFoundError: Failed resolution of: Landroid/view/View$OnUnhandledKeyEventListener;
11-09 14:23:00.968 23755 23755 I zygote  :   at void androidx.core.view.ViewCompat.setOnApplyWindowInsetsListener(android.view.View, androidx.core.view.OnApplyWindowInsetsListener) (ViewCompat.java:2421)
11-09 14:23:00.968 23755 23755 I zygote  :   at android.view.ViewGroup androidx.appcompat.app.AppCompatDelegateImpl.createSubDecor() (AppCompatDelegateImpl.java:779)
11-09 14:23:00.969 23755 23755 I zygote  :   at void androidx.appcompat.app.AppCompatDelegateImpl.ensureSubDecor() (AppCompatDelegateImpl.java:659)
11-09 14:23:00.969 23755 23755 I zygote  :   at void androidx.appcompat.app.AppCompatDelegateImpl.setContentView(int) (AppCompatDelegateImpl.java:552)
11-09 14:23:00.969 23755 23755 I zygote  :   at void androidx.appcompat.app.AppCompatActivity.setContentView(int) (AppCompatActivity.java:161)
11-09 14:23:00.969 23755 23755 I zygote  :   at void org.shadowice.flocke.andotp.Activities.MainActivity.onCreate(android.os.Bundle) (MainActivity.java:201)
11-09 14:23:00.969 23755 23755 I zygote  :   at void android.app.Activity.performCreate(android.os.Bundle, android.os.PersistableBundle) (Activity.java:7009)
11-09 14:23:00.969 23755 23755 I zygote  :   at void android.app.Activity.performCreate(android.os.Bundle) (Activity.java:7000)
11-09 14:23:00.969 23755 23755 I zygote  :   at void android.app.Instrumentation.callActivityOnCreate(android.app.Activity, android.os.Bundle) (Instrumentation.java:1214)
11-09 14:23:00.969 23755 23755 I zygote  :   at android.app.Activity android.app.ActivityThread.performLaunchActivity(android.app.ActivityThread$ActivityClientRecord, android.content.Intent) (ActivityThread.java:2731)
11-09 14:23:00.969 23755 23755 I zygote  :   at void android.app.ActivityThread.handleLaunchActivity(android.app.ActivityThread$ActivityClientRecord, android.content.Intent, java.lang.String) (ActivityThread.java:2856)
11-09 14:23:00.969 23755 23755 I zygote  :   at void android.app.ActivityThread.-wrap11(android.app.ActivityThread, android.app.ActivityThread$ActivityClientRecord, android.content.Intent, java.lang.String) (ActivityThread.java:-1)
11-09 14:23:00.969 23755 23755 I zygote  :   at void android.app.ActivityThread$H.handleMessage(android.os.Message) (ActivityThread.java:1589)
11-09 14:23:00.969 23755 23755 I zygote  :   at void android.os.Handler.dispatchMessage(android.os.Message) (Handler.java:106)
11-09 14:23:00.969 23755 23755 I zygote  :   at void android.os.Looper.loop() (Looper.java:164)
11-09 14:23:00.969 23755 23755 I zygote  :   at void android.app.ActivityThread.main(java.lang.String[]) (ActivityThread.java:6494)
11-09 14:23:00.969 23755 23755 I zygote  :   at java.lang.Object java.lang.reflect.Method.invoke(java.lang.Object, java.lang.Object[]) (Method.java:-2)
11-09 14:23:00.969 23755 23755 I zygote  :   at void com.android.internal.os.RuntimeInit$MethodAndArgsCaller.run() (RuntimeInit.java:438)
11-09 14:23:00.969 23755 23755 I zygote  :   at void com.android.internal.os.ZygoteInit.main(java.lang.String[]) (ZygoteInit.java:807)
11-09 14:23:00.969 23755 23755 I zygote  : Caused by: java.lang.ClassNotFoundException: Didn't find class "android.view.View$OnUnhandledKeyEventListener" on path: DexPathList[[zip file "/data/app/org.shadowice.flocke.andotp.dev-9lfq3EGS96tIvnDicQB1rA==/base.apk"],nativeLibraryDirectories=[/data/app/org.shadowice.flocke.andotp.dev-9lfq3EGS96tIvnDicQB1rA==/lib/x86, /system/lib, /vendor/lib]]
11-09 14:23:00.969 23755 23755 I zygote  :   at java.lang.Class dalvik.system.BaseDexClassLoader.findClass(java.lang.String) (BaseDexClassLoader.java:125)
11-09 14:23:00.969 23755 23755 I zygote  :   at java.lang.Class java.lang.ClassLoader.loadClass(java.lang.String, boolean) (ClassLoader.java:379)
11-09 14:23:00.969 23755 23755 I zygote  :   at java.lang.Class java.lang.ClassLoader.loadClass(java.lang.String) (ClassLoader.java:312)
11-09 14:23:00.969 23755 23755 I zygote  :   at void androidx.core.view.ViewCompat.setOnApplyWindowInsetsListener(android.view.View, androidx.core.view.OnApplyWindowInsetsListener) (ViewCompat.java:2421)
11-09 14:23:00.969 23755 23755 I zygote  :   at android.view.ViewGroup androidx.appcompat.app.AppCompatDelegateImpl.createSubDecor() (AppCompatDelegateImpl.java:779)
11-09 14:23:00.969 23755 23755 I zygote  :   at void androidx.appcompat.app.AppCompatDelegateImpl.ensureSubDecor() (AppCompatDelegateImpl.java:659)
11-09 14:23:00.969 23755 23755 I zygote  :   at void androidx.appcompat.app.AppCompatDelegateImpl.setContentView(int) (AppCompatDelegateImpl.java:552)
11-09 14:23:00.969 23755 23755 I zygote  :   at void androidx.appcompat.app.AppCompatActivity.setContentView(int) (AppCompatActivity.java:161)
11-09 14:23:00.969 23755 23755 I zygote  :   at void org.shadowice.flocke.andotp.Activities.MainActivity.onCreate(android.os.Bundle) (MainActivity.java:201)
11-09 14:23:00.969 23755 23755 I zygote  :   at void android.app.Activity.performCreate(android.os.Bundle, android.os.PersistableBundle) (Activity.java:7009)
11-09 14:23:00.969 23755 23755 I zygote  :   at void android.app.Activity.performCreate(android.os.Bundle) (Activity.java:7000)
11-09 14:23:00.969 23755 23755 I zygote  :   at void android.app.Instrumentation.callActivityOnCreate(android.app.Activity, android.os.Bundle) (Instrumentation.java:1214)
11-09 14:23:00.969 23755 23755 I zygote  :   at android.app.Activity android.app.ActivityThread.performLaunchActivity(android.app.ActivityThread$ActivityClientRecord, android.content.Intent) (ActivityThread.java:2731)
11-09 14:23:00.969 23755 23755 I zygote  :   at void android.app.ActivityThread.handleLaunchActivity(android.app.ActivityThread$ActivityClientRecord, android.content.Intent, java.lang.String) (ActivityThread.java:2856)
11-09 14:23:00.970 23755 23755 I zygote  :   at void android.app.ActivityThread.-wrap11(android.app.ActivityThread, android.app.ActivityThread$ActivityClientRecord, android.content.Intent, java.lang.String) (ActivityThread.java:-1)
11-09 14:23:00.970 23755 23755 I zygote  :   at void android.app.ActivityThread$H.handleMessage(android.os.Message) (ActivityThread.java:1589)
11-09 14:23:00.970 23755 23755 I zygote  :   at void android.os.Handler.dispatchMessage(android.os.Message) (Handler.java:106)
11-09 14:23:00.970 23755 23755 I zygote  :   at void android.os.Looper.loop() (Looper.java:164)
11-09 14:23:00.970 23755 23755 I zygote  :   at void android.app.ActivityThread.main(java.lang.String[]) (ActivityThread.java:6494)
11-09 14:23:00.970 23755 23755 I zygote  :   at java.lang.Object java.lang.reflect.Method.invoke(java.lang.Object, java.lang.Object[]) (Method.java:-2)
11-09 14:23:00.970 23755 23755 I zygote  :   at void com.android.internal.os.RuntimeInit$MethodAndArgsCaller.run() (RuntimeInit.java:438)
11-09 14:23:00.970 23755 23755 I zygote  :   at void com.android.internal.os.ZygoteInit.main(java.lang.String[]) (ZygoteInit.java:807)
11-09 14:23:00.970 23755 23755 I zygote  : 
11-09 14:23:00.970 23755 23755 I zygote  : Rejecting re-init on previously-failed class java.lang.Class<androidx.core.view.ViewCompat$2>: java.lang.NoClassDefFoundError: Failed resolution of: Landroid/view/View$OnUnhandledKeyEventListener;
11-09 14:23:00.970 23755 23755 I zygote  :   at void androidx.core.view.ViewCompat.setOnApplyWindowInsetsListener(android.view.View, androidx.core.view.OnApplyWindowInsetsListener) (ViewCompat.java:2421)
11-09 14:23:00.970 23755 23755 I zygote  :   at android.view.ViewGroup androidx.appcompat.app.AppCompatDelegateImpl.createSubDecor() (AppCompatDelegateImpl.java:779)
11-09 14:23:00.970 23755 23755 I zygote  :   at void androidx.appcompat.app.AppCompatDelegateImpl.ensureSubDecor() (AppCompatDelegateImpl.java:659)
11-09 14:23:00.970 23755 23755 I zygote  :   at void androidx.appcompat.app.AppCompatDelegateImpl.setContentView(int) (AppCompatDelegateImpl.java:552)
11-09 14:23:00.970 23755 23755 I zygote  :   at void androidx.appcompat.app.AppCompatActivity.setContentView(int) (AppCompatActivity.java:161)
11-09 14:23:00.970 23755 23755 I zygote  :   at void org.shadowice.flocke.andotp.Activities.MainActivity.onCreate(android.os.Bundle) (MainActivity.java:201)
11-09 14:23:00.970 23755 23755 I zygote  :   at void android.app.Activity.performCreate(android.os.Bundle, android.os.PersistableBundle) (Activity.java:7009)
