08-08 23:34:01.123 14213 14213 D AndroidRuntime: Calling main entry com.android.commands.input.Input
08-08 23:34:01.127 14213 14213 I Input   : injectKeyEvent: KeyEvent { action=ACTION_DOWN, keyCode=KEYCODE_DEL, scanCode=0, metaState=0, flags=0x0, repeatCount=0, eventTime=3162682, downTime=3162682, deviceId=-1, source=0x101 }
08-08 23:34:01.128  1628  1648 I WindowManager: Destroying surface Surface(name=PopupWindow:a10670e) called by com.android.server.wm.WindowStateAnimator.destroySurface:2016 com.android.server.wm.WindowStateAnimator.destroySurfaceLocked:882 com.android.server.wm.WindowState.destroyOrSaveSurface:2100 com.android.server.wm.AppWindowToken.destroySurfaces:363 com.android.server.wm.WindowStateAnimator.finishExit:565 com.android.server.wm.WindowStateAnimator.stepAnimationLocked:491 com.android.server.wm.WindowAnimator.updateWindowsLocked:303 com.android.server.wm.WindowAnimator.animateLocked:704 
08-08 23:34:01.131 14213 14213 I Input   : injectKeyEvent: KeyEvent { action=ACTION_UP, keyCode=KEYCODE_DEL, scanCode=0, metaState=0, flags=0x0, repeatCount=0, eventTime=3162682, downTime=3162682, deviceId=-1, source=0x101 }
08-08 23:34:01.132 14213 14213 I Input   : injectKeyEvent: KeyEvent { action=ACTION_DOWN, keyCode=KEYCODE_DEL, scanCode=0, metaState=0, flags=0x0, repeatCount=0, eventTime=3162687, downTime=3162687, deviceId=-1, source=0x101 }
08-08 23:34:01.133 14213 14213 I Input   : injectKeyEvent: KeyEvent { action=ACTION_UP, keyCode=KEYCODE_DEL, scanCode=0, metaState=0, flags=0x0, repeatCount=0, eventTime=3162687, downTime=3162687, deviceId=-1, source=0x101 }
08-08 23:34:01.134 14213 14213 I Input   : injectKeyEvent: KeyEvent { action=ACTION_DOWN, keyCode=KEYCODE_DEL, scanCode=0, metaState=0, flags=0x0, repeatCount=0, eventTime=3162689, downTime=3162689, deviceId=-1, source=0x101 }
08-08 23:34:01.135 14213 14213 I Input   : injectKeyEvent: KeyEvent { action=ACTION_UP, keyCode=KEYCODE_DEL, scanCode=0, metaState=0, flags=0x0, repeatCount=0, eventTime=3162689, downTime=3162689, deviceId=-1, source=0x101 }
08-08 23:34:01.136 14213 14213 I Input   : injectKeyEvent: KeyEvent { action=ACTION_DOWN, keyCode=KEYCODE_DEL, scanCode=0, metaState=0, flags=0x0, repeatCount=0, eventTime=3162691, downTime=3162691, deviceId=-1, source=0x101 }
08-08 23:34:01.138 14213 14213 I Input   : injectKeyEvent: KeyEvent { action=ACTION_UP, keyCode=KEYCODE_DEL, scanCode=0, metaState=0, flags=0x0, repeatCount=0, eventTime=3162691, downTime=3162691, deviceId=-1, source=0x101 }
08-08 23:34:01.139 14213 14213 I Input   : injectKeyEvent: KeyEvent { action=ACTION_DOWN, keyCode=KEYCODE_DEL, scanCode=0, metaState=0, flags=0x0, repeatCount=0, eventTime=3162694, downTime=3162694, deviceId=-1, source=0x101 }
08-08 23:34:01.142 14213 14213 I Input   : injectKeyEvent: KeyEvent { action=ACTION_UP, keyCode=KEYCODE_DEL, scanCode=0, metaState=0, flags=0x0, repeatCount=0, eventTime=3162694, downTime=3162694, deviceId=-1, source=0x101 }
08-08 23:34:01.143 14213 14213 I Input   : injectKeyEvent: KeyEvent { action=ACTION_DOWN, keyCode=KEYCODE_DEL, scanCode=0, metaState=0, flags=0x0, repeatCount=0, eventTime=3162698, downTime=3162698, deviceId=-1, source=0x101 }
08-08 23:34:01.146 14213 14213 I Input   : injectKeyEvent: KeyEvent { action=ACTION_UP, keyCode=KEYCODE_DEL, scanCode=0, metaState=0, flags=0x0, repeatCount=0, eventTime=3162698, downTime=3162698, deviceId=-1, source=0x101 }
08-08 23:34:01.147 14213 14213 I Input   : injectKeyEvent: KeyEvent { action=ACTION_DOWN, keyCode=KEYCODE_DEL, scanCode=0, metaState=0, flags=0x0, repeatCount=0, eventTime=3162703, downTime=3162703, deviceId=-1, source=0x101 }
08-08 23:34:01.149 14213 14213 I Input   : injectKeyEvent: KeyEvent { action=ACTION_UP, keyCode=KEYCODE_DEL, scanCode=0, metaState=0, flags=0x0, repeatCount=0, eventTime=3162703, downTime=3162703, deviceId=-1, source=0x101 }
08-08 23:34:01.152 14213 14213 I Input   : injectKeyEvent: KeyEvent { action=ACTION_DOWN, keyCode=KEYCODE_DEL, scanCode=0, metaState=0, flags=0x0, repeatCount=0, eventTime=3162707, downTime=3162707, deviceId=-1, source=0x101 }
08-08 23:34:01.154 14213 14213 I Input   : injectKeyEvent: KeyEvent { action=ACTION_UP, keyCode=KEYCODE_DEL, scanCode=0, metaState=0, flags=0x0, repeatCount=0, eventTime=3162707, downTime=3162707, deviceId=-1, source=0x101 }
08-08 23:34:01.154 14213 14213 I Input   : injectKeyEvent: KeyEvent { action=ACTION_DOWN, keyCode=KEYCODE_DEL, scanCode=0, metaState=0, flags=0x0, repeatCount=0, eventTime=3162709, downTime=3162709, deviceId=-1, source=0x101 }
08-08 23:34:01.156 14213 14213 I Input   : injectKeyEvent: KeyEvent { action=ACTION_UP, keyCode=KEYCODE_DEL, scanCode=0, metaState=0, flags=0x0, repeatCount=0, eventTime=3162709, downTime=3162709, deviceId=-1, source=0x101 }
08-08 23:34:01.157 14213 14213 I Input   : injectKeyEvent: KeyEvent { action=ACTION_DOWN, keyCode=KEYCODE_DEL, scanCode=0, metaState=0, flags=0x0, repeatCount=0, eventTime=3162712, downTime=3162712, deviceId=-1, source=0x101 }
08-08 23:34:01.160 14213 14213 I Input   : injectKeyEvent: KeyEvent { action=ACTION_UP, keyCode=KEYCODE_DEL, scanCode=0, metaState=0, flags=0x0, repeatCount=0, eventTime=3162712, downTime=3162712, deviceId=-1, source=0x101 }
08-08 23:34:01.161 14213 14213 I Input   : injectKeyEvent: KeyEvent { action=ACTION_DOWN, keyCode=KEYCODE_DEL, scanCode=0, metaState=0, flags=0x0, repeatCount=0, eventTime=3162717, downTime=3162717, deviceId=-1, source=0x101 }
08-08 23:34:01.164 14213 14213 I Input   : injectKeyEvent: KeyEvent { action=ACTION_UP, keyCode=KEYCODE_DEL, scanCode=0, metaState=0, flags=0x0, repeatCount=0, eventTime=3162717, downTime=3162717, deviceId=-1, source=0x101 }
08-08 23:34:01.165 14213 14213 I Input   : injectKeyEvent: KeyEvent { action=ACTION_DOWN, keyCode=KEYCODE_DEL, scanCode=0, metaState=0, flags=0x0, repeatCount=0, eventTime=3162721, downTime=3162721, deviceId=-1, source=0x101 }
08-08 23:34:01.168 14213 14213 I Input   : injectKeyEvent: KeyEvent { action=ACTION_UP, keyCode=KEYCODE_DEL, scanCode=0, metaState=0, flags=0x0, repeatCount=0, eventTime=3162721, downTime=3162721, deviceId=-1, source=0x101 }
08-08 23:34:01.169 14213 14213 I Input   : injectKeyEvent: KeyEvent { action=ACTION_DOWN, keyCode=KEYCODE_DEL, scanCode=0, metaState=0, flags=0x0, repeatCount=0, eventTime=3162724, downTime=3162724, deviceId=-1, source=0x101 }
08-08 23:34:01.171 14213 14213 I Input   : injectKeyEvent: KeyEvent { action=ACTION_UP, keyCode=KEYCODE_DEL, scanCode=0, metaState=0, flags=0x0, repeatCount=0, eventTime=3162724, downTime=3162724, deviceId=-1, source=0x101 }
08-08 23:34:01.172 14213 14213 I Input   : injectKeyEvent: KeyEvent { action=ACTION_DOWN, keyCode=KEYCODE_DEL, scanCode=0, metaState=0, flags=0x0, repeatCount=0, eventTime=3162727, downTime=3162727, deviceId=-1, source=0x101 }
08-08 23:34:01.172 14213 14213 I Input   : injectKeyEvent: KeyEvent { action=ACTION_UP, keyCode=KEYCODE_DEL, scanCode=0, metaState=0, flags=0x0, repeatCount=0, eventTime=3162727, downTime=3162727, deviceId=-1, source=0x101 }
08-08 23:34:01.173 14213 14213 I Input   : injectKeyEvent: KeyEvent { action=ACTION_DOWN, keyCode=KEYCODE_DEL, scanCode=0, metaState=0, flags=0x0, repeatCount=0, eventTime=3162728, downTime=3162728, deviceId=-1, source=0x101 }
08-08 23:34:01.174 14213 14213 I Input   : injectKeyEvent: KeyEvent { action=ACTION_UP, keyCode=KEYCODE_DEL, scanCode=0, metaState=0, flags=0x0, repeatCount=0, eventTime=3162728, downTime=3162728, deviceId=-1, source=0x101 }
08-08 23:34:01.174 14213 14213 I Input   : injectKeyEvent: KeyEvent { action=ACTION_DOWN, keyCode=KEYCODE_DEL, scanCode=0, metaState=0, flags=0x0, repeatCount=0, eventTime=3162730, downTime=3162730, deviceId=-1, source=0x101 }
08-08 23:34:01.176 14213 14213 I Input   : injectKeyEvent: KeyEvent { action=ACTION_UP, keyCode=KEYCODE_DEL, scanCode=0, metaState=0, flags=0x0, repeatCount=0, eventTime=3162730, downTime=3162730, deviceId=-1, source=0x101 }
08-08 23:34:01.177 14213 14213 I Input   : injectKeyEvent: KeyEvent { action=ACTION_DOWN, keyCode=KEYCODE_DEL, scanCode=0, metaState=0, flags=0x0, repeatCount=0, eventTime=3162732, downTime=3162732, deviceId=-1, source=0x101 }
08-08 23:34:01.180 14213 14213 I Input   : injectKeyEvent: KeyEvent { action=ACTION_UP, keyCode=KEYCODE_DEL, scanCode=0, metaState=0, flags=0x0, repeatCount=0, eventTime=3162732, downTime=3162732, deviceId=-1, source=0x101 }
08-08 23:34:01.181 14213 14213 I Input   : injectKeyEvent: KeyEvent { action=ACTION_DOWN, keyCode=KEYCODE_DEL, scanCode=0, metaState=0, flags=0x0, repeatCount=0, eventTime=3162736, downTime=3162736, deviceId=-1, source=0x101 }
08-08 23:34:01.182 14213 14213 I Input   : injectKeyEvent: KeyEvent { action=ACTION_UP, keyCode=KEYCODE_DEL, scanCode=0, metaState=0, flags=0x0, repeatCount=0, eventTime=3162736, downTime=3162736, deviceId=-1, source=0x101 }
08-08 23:34:01.183 14213 14213 I Input   : injectKeyEvent: KeyEvent { action=ACTION_DOWN, keyCode=KEYCODE_DEL, scanCode=0, metaState=0, flags=0x0, repeatCount=0, eventTime=3162738, downTime=3162738, deviceId=-1, source=0x101 }
08-08 23:34:01.183 14213 14213 I Input   : injectKeyEvent: KeyEvent { action=ACTION_UP, keyCode=KEYCODE_DEL, scanCode=0, metaState=0, flags=0x0, repeatCount=0, eventTime=3162738, downTime=3162738, deviceId=-1, source=0x101 }
08-08 23:34:01.184 14213 14213 I Input   : injectKeyEvent: KeyEvent { action=ACTION_DOWN, keyCode=KEYCODE_DEL, scanCode=0, metaState=0, flags=0x0, repeatCount=0, eventTime=3162739, downTime=3162739, deviceId=-1, source=0x101 }
08-08 23:34:01.185 14213 14213 I Input   : injectKeyEvent: KeyEvent { action=ACTION_UP, keyCode=KEYCODE_DEL, scanCode=0, metaState=0, flags=0x0, repeatCount=0, eventTime=3162739, downTime=3162739, deviceId=-1, source=0x101 }
08-08 23:34:01.186 14213 14213 I Input   : injectKeyEvent: KeyEvent { action=ACTION_DOWN, keyCode=KEYCODE_DEL, scanCode=0, metaState=0, flags=0x0, repeatCount=0, eventTime=3162741, downTime=3162741, deviceId=-1, source=0x101 }
08-08 23:34:01.187 14213 14213 I Input   : injectKeyEvent: KeyEvent { action=ACTION_UP, keyCode=KEYCODE_DEL, scanCode=0, metaState=0, flags=0x0, repeatCount=0, eventTime=3162741, downTime=3162741, deviceId=-1, source=0x101 }
08-08 23:34:01.188 14213 14213 I Input   : injectKeyEvent: KeyEvent { action=ACTION_DOWN, keyCode=KEYCODE_DEL, scanCode=0, metaState=0, flags=0x0, repeatCount=0, eventTime=3162743, downTime=3162743, deviceId=-1, source=0x101 }
08-08 23:34:01.188 14213 14213 I Input   : injectKeyEvent: KeyEvent { action=ACTION_UP, keyCode=KEYCODE_DEL, scanCode=0, metaState=0, flags=0x0, repeatCount=0, eventTime=3162743, downTime=3162743, deviceId=-1, source=0x101 }
08-08 23:34:01.189 14213 14213 I Input   : injectKeyEvent: KeyEvent { action=ACTION_DOWN, keyCode=KEYCODE_DEL, scanCode=0, metaState=0, flags=0x0, repeatCount=0, eventTime=3162744, downTime=3162744, deviceId=-1, source=0x101 }
08-08 23:34:01.190 14213 14213 I Input   : injectKeyEvent: KeyEvent { action=ACTION_UP, keyCode=KEYCODE_DEL, scanCode=0, metaState=0, flags=0x0, repeatCount=0, eventTime=3162744, downTime=3162744, deviceId=-1, source=0x101 }
08-08 23:34:01.191 14213 14213 I Input   : injectKeyEvent: KeyEvent { action=ACTION_DOWN, keyCode=KEYCODE_DEL, scanCode=0, metaState=0, flags=0x0, repeatCount=0, eventTime=3162746, downTime=3162746, deviceId=-1, source=0x101 }
08-08 23:34:01.192 14213 14213 I Input   : injectKeyEvent: KeyEvent { action=ACTION_UP, keyCode=KEYCODE_DEL, scanCode=0, metaState=0, flags=0x0, repeatCount=0, eventTime=3162746, downTime=3162746, deviceId=-1, source=0x101 }
08-08 23:34:01.193 14213 14213 I Input   : injectKeyEvent: KeyEvent { action=ACTION_DOWN, keyCode=KEYCODE_DEL, scanCode=0, metaState=0, flags=0x0, repeatCount=0, eventTime=3162748, downTime=3162748, deviceId=-1, source=0x101 }
08-08 23:34:01.194 14213 14213 I Input   : injectKeyEvent: KeyEvent { action=ACTION_UP, keyCode=KEYCODE_DEL, scanCode=0, metaState=0, flags=0x0, repeatCount=0, eventTime=3162748, downTime=3162748, deviceId=-1, source=0x101 }
08-08 23:34:01.195 14213 14213 I Input   : injectKeyEvent: KeyEvent { action=ACTION_DOWN, keyCode=KEYCODE_DEL, scanCode=0, metaState=0, flags=0x0, repeatCount=0, eventTime=3162750, downTime=3162750, deviceId=-1, source=0x101 }
08-08 23:34:01.196 14213 14213 I Input   : injectKeyEvent: KeyEvent { action=ACTION_UP, keyCode=KEYCODE_DEL, scanCode=0, metaState=0, flags=0x0, repeatCount=0, eventTime=3162750, downTime=3162750, deviceId=-1, source=0x101 }
08-08 23:34:01.196 14213 14213 I Input   : injectKeyEvent: KeyEvent { action=ACTION_DOWN, keyCode=KEYCODE_DEL, scanCode=0, metaState=0, flags=0x0, repeatCount=0, eventTime=3162751, downTime=3162751, deviceId=-1, source=0x101 }
08-08 23:34:01.196 14213 14213 I Input   : injectKeyEvent: KeyEvent { action=ACTION_UP, keyCode=KEYCODE_DEL, scanCode=0, metaState=0, flags=0x0, repeatCount=0, eventTime=3162751, downTime=3162751, deviceId=-1, source=0x101 }
08-08 23:34:01.198 14213 14213 I Input   : injectKeyEvent: KeyEvent { action=ACTION_DOWN, keyCode=KEYCODE_DEL, scanCode=0, metaState=0, flags=0x0, repeatCount=0, eventTime=3162753, downTime=3162753, deviceId=-1, source=0x101 }
08-08 23:34:01.199 14213 14213 I Input   : injectKeyEvent: KeyEvent { action=ACTION_UP, keyCode=KEYCODE_DEL, scanCode=0, metaState=0, flags=0x0, repeatCount=0, eventTime=3162753, downTime=3162753, deviceId=-1, source=0x101 }
08-08 23:34:01.200 14213 14213 I Input   : injectKeyEvent: KeyEvent { action=ACTION_DOWN, keyCode=KEYCODE_DEL, scanCode=0, metaState=0, flags=0x0, repeatCount=0, eventTime=3162755, downTime=3162755, deviceId=-1, source=0x101 }
08-08 23:34:01.201 14213 14213 I Input   : injectKeyEvent: KeyEvent { action=ACTION_UP, keyCode=KEYCODE_DEL, scanCode=0, metaState=0, flags=0x0, repeatCount=0, eventTime=3162755, downTime=3162755, deviceId=-1, source=0x101 }
08-08 23:34:01.202 14213 14213 I Input   : injectKeyEvent: KeyEvent { action=ACTION_DOWN, keyCode=KEYCODE_DEL, scanCode=0, metaState=0, flags=0x0, repeatCount=0, eventTime=3162757, downTime=3162757, deviceId=-1, source=0x101 }
08-08 23:34:01.202 14213 14213 I Input   : injectKeyEvent: KeyEvent { action=ACTION_UP, keyCode=KEYCODE_DEL, scanCode=0, metaState=0, flags=0x0, repeatCount=0, eventTime=3162757, downTime=3162757, deviceId=-1, source=0x101 }
08-08 23:34:01.203 14213 14213 I Input   : injectKeyEvent: KeyEvent { action=ACTION_DOWN, keyCode=KEYCODE_DEL, scanCode=0, metaState=0, flags=0x0, repeatCount=0, eventTime=3162759, downTime=3162759, deviceId=-1, source=0x101 }
08-08 23:34:01.204 14213 14213 I Input   : injectKeyEvent: KeyEvent { action=ACTION_UP, keyCode=KEYCODE_DEL, scanCode=0, metaState=0, flags=0x0, repeatCount=0, eventTime=3162759, downTime=3162759, deviceId=-1, source=0x101 }
08-08 23:34:01.205 14213 14213 I Input   : injectKeyEvent: KeyEvent { action=ACTION_DOWN, keyCode=KEYCODE_DEL, scanCode=0, metaState=0, flags=0x0, repeatCount=0, eventTime=3162761, downTime=3162761, deviceId=-1, source=0x101 }
08-08 23:34:01.206 14213 14213 I Input   : injectKeyEvent: KeyEvent { action=ACTION_UP, keyCode=KEYCODE_DEL, scanCode=0, metaState=0, flags=0x0, repeatCount=0, eventTime=3162761, downTime=3162761, deviceId=-1, source=0x101 }
08-08 23:34:01.207 14213 14213 I Input   : injectKeyEvent: KeyEvent { action=ACTION_DOWN, keyCode=KEYCODE_DEL, scanCode=0, metaState=0, flags=0x0, repeatCount=0, eventTime=3162762, downTime=3162762, deviceId=-1, source=0x101 }
08-08 23:34:01.208 14213 14213 I Input   : injectKeyEvent: KeyEvent { action=ACTION_UP, keyCode=KEYCODE_DEL, scanCode=0, metaState=0, flags=0x0, repeatCount=0, eventTime=3162762, downTime=3162762, deviceId=-1, source=0x101 }
08-08 23:34:01.209 14213 14213 I Input   : injectKeyEvent: KeyEvent { action=ACTION_DOWN, keyCode=KEYCODE_DEL, scanCode=0, metaState=0, flags=0x0, repeatCount=0, eventTime=3162765, downTime=3162765, deviceId=-1, source=0x101 }
08-08 23:34:01.210 14213 14213 I Input   : injectKeyEvent: KeyEvent { action=ACTION_UP, keyCode=KEYCODE_DEL, scanCode=0, metaState=0, flags=0x0, repeatCount=0, eventTime=3162765, downTime=3162765, deviceId=-1, source=0x101 }
08-08 23:34:01.212 14213 14213 I Input   : injectKeyEvent: KeyEvent { action=ACTION_DOWN, keyCode=KEYCODE_DEL, scanCode=0, metaState=0, flags=0x0, repeatCount=0, eventTime=3162767, downTime=3162767, deviceId=-1, source=0x101 }
08-08 23:34:01.212 14213 14213 I Input   : injectKeyEvent: KeyEvent { action=ACTION_UP, keyCode=KEYCODE_DEL, scanCode=0, metaState=0, flags=0x0, repeatCount=0, eventTime=3162767, downTime=3162767, deviceId=-1, source=0x101 }
08-08 23:34:01.214 14213 14213 I Input   : injectKeyEvent: KeyEvent { action=ACTION_DOWN, keyCode=KEYCODE_DEL, scanCode=0, metaState=0, flags=0x0, repeatCount=0, eventTime=3162769, downTime=3162769, deviceId=-1, source=0x101 }
08-08 23:34:01.215 14213 14213 I Input   : injectKeyEvent: KeyEvent { action=ACTION_UP, keyCode=KEYCODE_DEL, scanCode=0, metaState=0, flags=0x0, repeatCount=0, eventTime=3162769, downTime=3162769, deviceId=-1, source=0x101 }
08-08 23:34:01.217 14213 14213 I Input   : injectKeyEvent: KeyEvent { action=ACTION_DOWN, keyCode=KEYCODE_DEL, scanCode=0, metaState=0, flags=0x0, repeatCount=0, eventTime=3162772, downTime=3162772, deviceId=-1, source=0x101 }
08-08 23:34:01.218 14213 14213 I Input   : injectKeyEvent: KeyEvent { action=ACTION_UP, keyCode=KEYCODE_DEL, scanCode=0, metaState=0, flags=0x0, repeatCount=0, eventTime=3162772, downTime=3162772, deviceId=-1, source=0x101 }
08-08 23:34:01.219 14213 14213 I Input   : injectKeyEvent: KeyEvent { action=ACTION_DOWN, keyCode=KEYCODE_DEL, scanCode=0, metaState=0, flags=0x0, repeatCount=0, eventTime=3162774, downTime=3162774, deviceId=-1, source=0x101 }
08-08 23:34:01.220 14213 14213 I Input   : injectKeyEvent: KeyEvent { action=ACTION_UP, keyCode=KEYCODE_DEL, scanCode=0, metaState=0, flags=0x0, repeatCount=0, eventTime=3162774, downTime=3162774, deviceId=-1, source=0x101 }
08-08 23:34:01.221 14213 14213 I Input   : injectKeyEvent: KeyEvent { action=ACTION_DOWN, keyCode=KEYCODE_DEL, scanCode=0, metaState=0, flags=0x0, repeatCount=0, eventTime=3162776, downTime=3162776, deviceId=-1, source=0x101 }
08-08 23:34:01.222 14213 14213 I Input   : injectKeyEvent: KeyEvent { action=ACTION_UP, keyCode=KEYCODE_DEL, scanCode=0, metaState=0, flags=0x0, repeatCount=0, eventTime=3162776, downTime=3162776, deviceId=-1, source=0x101 }
08-08 23:34:01.223 14213 14213 I Input   : injectKeyEvent: KeyEvent { action=ACTION_DOWN, keyCode=KEYCODE_DEL, scanCode=0, metaState=0, flags=0x0, repeatCount=0, eventTime=3162778, downTime=3162778, deviceId=-1, source=0x101 }
08-08 23:34:01.223 14213 14213 I Input   : injectKeyEvent: KeyEvent { action=ACTION_UP, keyCode=KEYCODE_DEL, scanCode=0, metaState=0, flags=0x0, repeatCount=0, eventTime=3162778, downTime=3162778, deviceId=-1, source=0x101 }
08-08 23:34:01.224 14213 14213 I Input   : injectKeyEvent: KeyEvent { action=ACTION_DOWN, keyCode=KEYCODE_DEL, scanCode=0, metaState=0, flags=0x0, repeatCount=0, eventTime=3162779, downTime=3162779, deviceId=-1, source=0x101 }
08-08 23:34:01.225 14213 14213 I Input   : injectKeyEvent: KeyEvent { action=ACTION_UP, keyCode=KEYCODE_DEL, scanCode=0, metaState=0, flags=0x0, repeatCount=0, eventTime=3162779, downTime=3162779, deviceId=-1, source=0x101 }
08-08 23:34:01.226 14213 14213 I Input   : injectKeyEvent: KeyEvent { action=ACTION_DOWN, keyCode=KEYCODE_DEL, scanCode=0, metaState=0, flags=0x0, repeatCount=0, eventTime=3162781, downTime=3162781, deviceId=-1, source=0x101 }
08-08 23:34:01.226 14213 14213 I Input   : injectKeyEvent: KeyEvent { action=ACTION_UP, keyCode=KEYCODE_DEL, scanCode=0, metaState=0, flags=0x0, repeatCount=0, eventTime=3162781, downTime=3162781, deviceId=-1, source=0x101 }
08-08 23:34:01.228 14213 14213 I Input   : injectKeyEvent: KeyEvent { action=ACTION_DOWN, keyCode=KEYCODE_DEL, scanCode=0, metaState=0, flags=0x0, repeatCount=0, eventTime=3162783, downTime=3162783, deviceId=-1, source=0x101 }
08-08 23:34:01.229 14213 14213 I Input   : injectKeyEvent: KeyEvent { action=ACTION_UP, keyCode=KEYCODE_DEL, scanCode=0, metaState=0, flags=0x0, repeatCount=0, eventTime=3162783, downTime=3162783, deviceId=-1, source=0x101 }
08-08 23:34:01.229 14213 14213 I Input   : injectKeyEvent: KeyEvent { action=ACTION_DOWN, keyCode=KEYCODE_DEL, scanCode=0, metaState=0, flags=0x0, repeatCount=0, eventTime=3162784, downTime=3162784, deviceId=-1, source=0x101 }
08-08 23:34:01.230 14213 14213 I Input   : injectKeyEvent: KeyEvent { action=ACTION_UP, keyCode=KEYCODE_DEL, scanCode=0, metaState=0, flags=0x0, repeatCount=0, eventTime=3162784, downTime=3162784, deviceId=-1, source=0x101 }
08-08 23:34:01.231 14213 14213 I Input   : injectKeyEvent: KeyEvent { action=ACTION_DOWN, keyCode=KEYCODE_DEL, scanCode=0, metaState=0, flags=0x0, repeatCount=0, eventTime=3162786, downTime=3162786, deviceId=-1, source=0x101 }
08-08 23:34:01.232 14213 14213 I Input   : injectKeyEvent: KeyEvent { action=ACTION_UP, keyCode=KEYCODE_DEL, scanCode=0, metaState=0, flags=0x0, repeatCount=0, eventTime=3162786, downTime=3162786, deviceId=-1, source=0x101 }
08-08 23:34:01.232 14213 14213 I Input   : injectKeyEvent: KeyEvent { action=ACTION_DOWN, keyCode=KEYCODE_DEL, scanCode=0, metaState=0, flags=0x0, repeatCount=0, eventTime=3162788, downTime=3162788, deviceId=-1, source=0x101 }
08-08 23:34:01.233 14213 14213 I Input   : injectKeyEvent: KeyEvent { action=ACTION_UP, keyCode=KEYCODE_DEL, scanCode=0, metaState=0, flags=0x0, repeatCount=0, eventTime=3162788, downTime=3162788, deviceId=-1, source=0x101 }
08-08 23:34:01.235 14213 14213 I Input   : injectKeyEvent: KeyEvent { action=ACTION_DOWN, keyCode=KEYCODE_DEL, scanCode=0, metaState=0, flags=0x0, repeatCount=0, eventTime=3162791, downTime=3162791, deviceId=-1, source=0x101 }
08-08 23:34:01.236 14213 14213 I Input   : injectKeyEvent: KeyEvent { action=ACTION_UP, keyCode=KEYCODE_DEL, scanCode=0, metaState=0, flags=0x0, repeatCount=0, eventTime=3162791, downTime=3162791, deviceId=-1, source=0x101 }
08-08 23:34:01.237 14213 14213 I Input   : injectKeyEvent: KeyEvent { action=ACTION_DOWN, keyCode=KEYCODE_DEL, scanCode=0, metaState=0, flags=0x0, repeatCount=0, eventTime=3162792, downTime=3162792, deviceId=-1, source=0x101 }
08-08 23:34:01.239 14213 14213 I Input   : injectKeyEvent: KeyEvent { action=ACTION_UP, keyCode=KEYCODE_DEL, scanCode=0, metaState=0, flags=0x0, repeatCount=0, eventTime=3162792, downTime=3162792, deviceId=-1, source=0x101 }
08-08 23:34:01.241 14213 14213 I Input   : injectKeyEvent: KeyEvent { action=ACTION_DOWN, keyCode=KEYCODE_DEL, scanCode=0, metaState=0, flags=0x0, repeatCount=0, eventTime=3162796, downTime=3162796, deviceId=-1, source=0x101 }
08-08 23:34:01.241 14213 14213 I Input   : injectKeyEvent: KeyEvent { action=ACTION_UP, keyCode=KEYCODE_DEL, scanCode=0, metaState=0, flags=0x0, repeatCount=0, eventTime=3162796, downTime=3162796, deviceId=-1, source=0x101 }
08-08 23:34:01.242 14213 14213 I Input   : injectKeyEvent: KeyEvent { action=ACTION_DOWN, keyCode=KEYCODE_DEL, scanCode=0, metaState=0, flags=0x0, repeatCount=0, eventTime=3162798, downTime=3162798, deviceId=-1, source=0x101 }
08-08 23:34:01.243 14213 14213 I Input   : injectKeyEvent: KeyEvent { action=ACTION_UP, keyCode=KEYCODE_DEL, scanCode=0, metaState=0, flags=0x0, repeatCount=0, eventTime=3162798, downTime=3162798, deviceId=-1, source=0x101 }
08-08 23:34:01.244 14213 14213 D AndroidRuntime: Shutting down VM
08-08 23:34:01.385 14223 14223 D AndroidRuntime: >>>>>> START com.android.internal.os.RuntimeInit uid 2000 <<<<<<
08-08 23:34:01.386 14223 14223 D AndroidRuntime: CheckJNI is ON
08-08 23:34:01.399 14223 14223 W art     : Unexpected CPU variant for X86 using defaults: x86
08-08 23:34:01.401 14223 14223 D ICU     : No timezone override file found: /data/misc/zoneinfo/current/icu/icu_tzdata.dat
08-08 23:34:01.411 14223 14223 E memtrack: Couldn't load memtrack module (No such file or directory)
08-08 23:34:01.411 14223 14223 E android.os.Debug: failed to load memtrack module: -2
08-08 23:34:01.412 14223 14223 I Radio-JNI: register_android_hardware_Radio DONE
08-08 23:34:01.418 14223 14223 D AndroidRuntime: Calling main entry com.android.commands.input.Input
08-08 23:34:01.421 14223 14223 I Input   : injectKeyEvent: KeyEvent { action=ACTION_DOWN, keyCode=KEYCODE_SHIFT_LEFT, scanCode=0, metaState=META_SHIFT_ON|META_SHIFT_LEFT_ON, flags=0x0, repeatCount=0, eventTime=3162977, downTime=3162977, deviceId=-1, source=0x101 }
08-08 23:34:01.423 14223 14223 I Input   : injectKeyEvent: KeyEvent { action=ACTION_DOWN, keyCode=KEYCODE_T, scanCode=0, metaState=META_SHIFT_ON|META_SHIFT_LEFT_ON, flags=0x0, repeatCount=0, eventTime=3162977, downTime=3162977, deviceId=-1, source=0x101 }
08-08 23:34:01.425 14223 14223 I Input   : injectKeyEvent: KeyEvent { action=ACTION_UP, keyCode=KEYCODE_T, scanCode=0, metaState=META_SHIFT_ON|META_SHIFT_LEFT_ON, flags=0x0, repeatCount=0, eventTime=3162977, downTime=3162977, deviceId=-1, source=0x101 }
08-08 23:34:01.426 14223 14223 I Input   : injectKeyEvent: KeyEvent { action=ACTION_UP, keyCode=KEYCODE_SHIFT_LEFT, scanCode=0, metaState=0, flags=0x0, repeatCount=0, eventTime=3162977, downTime=3162977, deviceId=-1, source=0x101 }
08-08 23:34:01.430 14223 14223 I Input   : injectKeyEvent: KeyEvent { action=ACTION_DOWN, keyCode=KEYCODE_E, scanCode=0, metaState=0, flags=0x0, repeatCount=0, eventTime=3162977, downTime=3162977, deviceId=-1, source=0x101 }
08-08 23:34:01.432 14223 14223 I Input   : injectKeyEvent: KeyEvent { action=ACTION_UP, keyCode=KEYCODE_E, scanCode=0, metaState=0, flags=0x0, repeatCount=0, eventTime=3162977, downTime=3162977, deviceId=-1, source=0x101 }
08-08 23:34:01.433 14223 14223 I Input   : injectKeyEvent: KeyEvent { action=ACTION_DOWN, keyCode=KEYCODE_S, scanCode=0, metaState=0, flags=0x0, repeatCount=0, eventTime=3162977, downTime=3162977, deviceId=-1, source=0x101 }
08-08 23:34:01.437 14223 14223 I Input   : injectKeyEvent: KeyEvent { action=ACTION_UP, keyCode=KEYCODE_S, scanCode=0, metaState=0, flags=0x0, repeatCount=0, eventTime=3162977, downTime=3162977, deviceId=-1, source=0x101 }
08-08 23:34:01.438 14223 14223 I Input   : injectKeyEvent: KeyEvent { action=ACTION_DOWN, keyCode=KEYCODE_T, scanCode=0, metaState=0, flags=0x0, repeatCount=0, eventTime=3162977, downTime=3162977, deviceId=-1, source=0x101 }
08-08 23:34:01.440 14223 14223 I Input   : injectKeyEvent: KeyEvent { action=ACTION_UP, keyCode=KEYCODE_T, scanCode=0, metaState=0, flags=0x0, repeatCount=0, eventTime=3162977, downTime=3162977, deviceId=-1, source=0x101 }
08-08 23:34:01.443 14223 14223 I Input   : injectKeyEvent: KeyEvent { action=ACTION_DOWN, keyCode=KEYCODE_SHIFT_LEFT, scanCode=0, metaState=META_SHIFT_ON|META_SHIFT_LEFT_ON, flags=0x0, repeatCount=0, eventTime=3162977, downTime=3162977, deviceId=-1, source=0x101 }
08-08 23:34:01.446 14223 14223 I Input   : injectKeyEvent: KeyEvent { action=ACTION_DOWN, keyCode=KEYCODE_T, scanCode=0, metaState=META_SHIFT_ON|META_SHIFT_LEFT_ON, flags=0x0, repeatCount=0, eventTime=3162977, downTime=3162977, deviceId=-1, source=0x101 }
08-08 23:34:01.448 14223 14223 I Input   : injectKeyEvent: KeyEvent { action=ACTION_UP, keyCode=KEYCODE_T, scanCode=0, metaState=META_SHIFT_ON|META_SHIFT_LEFT_ON, flags=0x0, repeatCount=0, eventTime=3162977, downTime=3162977, deviceId=-1, source=0x101 }
08-08 23:34:01.450 14223 14223 I Input   : injectKeyEvent: KeyEvent { action=ACTION_UP, keyCode=KEYCODE_SHIFT_LEFT, scanCode=0, metaState=0, flags=0x0, repeatCount=0, eventTime=3162977, downTime=3162977, deviceId=-1, source=0x101 }
08-08 23:34:01.451 14223 14223 I Input   : injectKeyEvent: KeyEvent { action=ACTION_DOWN, keyCode=KEYCODE_E, scanCode=0, metaState=0, flags=0x0, repeatCount=0, eventTime=3162977, downTime=3162977, deviceId=-1, source=0x101 }
08-08 23:34:01.452 14223 14223 I Input   : injectKeyEvent: KeyEvent { action=ACTION_UP, keyCode=KEYCODE_E, scanCode=0, metaState=0, flags=0x0, repeatCount=0, eventTime=3162977, downTime=3162977, deviceId=-1, source=0x101 }
08-08 23:34:01.454 14223 14223 I Input   : injectKeyEvent: KeyEvent { action=ACTION_DOWN, keyCode=KEYCODE_S, scanCode=0, metaState=0, flags=0x0, repeatCount=0, eventTime=3162977, downTime=3162977, deviceId=-1, source=0x101 }
08-08 23:34:01.455 14223 14223 I Input   : injectKeyEvent: KeyEvent { action=ACTION_UP, keyCode=KEYCODE_S, scanCode=0, metaState=0, flags=0x0, repeatCount=0, eventTime=3162977, downTime=3162977, deviceId=-1, source=0x101 }
08-08 23:34:01.456 14223 14223 I Input   : injectKeyEvent: KeyEvent { action=ACTION_DOWN, keyCode=KEYCODE_T, scanCode=0, metaState=0, flags=0x0, repeatCount=0, eventTime=3162977, downTime=3162977, deviceId=-1, source=0x101 }
08-08 23:34:01.457 14223 14223 I Input   : injectKeyEvent: KeyEvent { action=ACTION_UP, keyCode=KEYCODE_T, scanCode=0, metaState=0, flags=0x0, repeatCount=0, eventTime=3162977, downTime=3162977, deviceId=-1, source=0x101 }
08-08 23:34:01.458 14223 14223 I Input   : injectKeyEvent: KeyEvent { action=ACTION_DOWN, keyCode=KEYCODE_SPACE, scanCode=0, metaState=0, flags=0x0, repeatCount=0, eventTime=3162977, downTime=3162977, deviceId=-1, source=0x101 }
08-08 23:34:01.461 14223 14223 I Input   : injectKeyEvent: KeyEvent { action=ACTION_UP, keyCode=KEYCODE_SPACE, scanCode=0, metaState=0, flags=0x0, repeatCount=0, eventTime=3162977, downTime=3162977, deviceId=-1, source=0x101 }
08-08 23:34:01.462 14223 14223 I Input   : injectKeyEvent: KeyEvent { action=ACTION_DOWN, keyCode=KEYCODE_SHIFT_LEFT, scanCode=0, metaState=META_SHIFT_ON|META_SHIFT_LEFT_ON, flags=0x0, repeatCount=0, eventTime=3162977, downTime=3162977, deviceId=-1, source=0x101 }
08-08 23:34:01.463 14223 14223 I Input   : injectKeyEvent: KeyEvent { action=ACTION_DOWN, keyCode=KEYCODE_T, scanCode=0, metaState=META_SHIFT_ON|META_SHIFT_LEFT_ON, flags=0x0, repeatCount=0, eventTime=3162977, downTime=3162977, deviceId=-1, source=0x101 }
08-08 23:34:01.464 14223 14223 I Input   : injectKeyEvent: KeyEvent { action=ACTION_UP, keyCode=KEYCODE_T, scanCode=0, metaState=META_SHIFT_ON|META_SHIFT_LEFT_ON, flags=0x0, repeatCount=0, eventTime=3162977, downTime=3162977, deviceId=-1, source=0x101 }
08-08 23:34:01.465 14223 14223 I Input   : injectKeyEvent: KeyEvent { action=ACTION_UP, keyCode=KEYCODE_SHIFT_LEFT, scanCode=0, metaState=0, flags=0x0, repeatCount=0, eventTime=3162977, downTime=3162977, deviceId=-1, source=0x101 }
08-08 23:34:01.469 14223 14223 I Input   : injectKeyEvent: KeyEvent { action=ACTION_DOWN, keyCode=KEYCODE_E, scanCode=0, metaState=0, flags=0x0, repeatCount=0, eventTime=3162977, downTime=3162977, deviceId=-1, source=0x101 }
08-08 23:34:01.470 14223 14223 I Input   : injectKeyEvent: KeyEvent { action=ACTION_UP, keyCode=KEYCODE_E, scanCode=0, metaState=0, flags=0x0, repeatCount=0, eventTime=3162977, downTime=3162977, deviceId=-1, source=0x101 }
08-08 23:34:01.471 14223 14223 I Input   : injectKeyEvent: KeyEvent { action=ACTION_DOWN, keyCode=KEYCODE_S, scanCode=0, metaState=0, flags=0x0, repeatCount=0, eventTime=3162977, downTime=3162977, deviceId=-1, source=0x101 }
08-08 23:34:01.472 14223 14223 I Input   : injectKeyEvent: KeyEvent { action=ACTION_UP, keyCode=KEYCODE_S, scanCode=0, metaState=0, flags=0x0, repeatCount=0, eventTime=3162977, downTime=3162977, deviceId=-1, source=0x101 }
08-08 23:34:01.473 14223 14223 I Input   : injectKeyEvent: KeyEvent { action=ACTION_DOWN, keyCode=KEYCODE_T, scanCode=0, metaState=0, flags=0x0, repeatCount=0, eventTime=3162977, downTime=3162977, deviceId=-1, source=0x101 }
08-08 23:34:01.475 14223 14223 I Input   : injectKeyEvent: KeyEvent { action=ACTION_UP, keyCode=KEYCODE_T, scanCode=0, metaState=0, flags=0x0, repeatCount=0, eventTime=3162977, downTime=3162977, deviceId=-1, source=0x101 }
08-08 23:34:01.476 14223 14223 D AndroidRuntime: Shutting down VM
08-08 23:34:01.514 14238 14238 W ls      : type=1400 audit(0.0:152): avc: denied { getattr } for path="/proc/sysrq-trigger" dev="proc" ino=4026532069 scontext=u:r:shell:s0 tcontext=u:object_r:proc_sysrq:s0 tclass=file permissive=0
08-08 23:34:01.514 14238 14238 W ls      : type=1400 audit(0.0:153): avc: denied { getattr } for path="/proc/iomem" dev="proc" ino=4026532007 scontext=u:r:shell:s0 tcontext=u:object_r:proc_iomem:s0 tclass=file permissive=0
08-08 23:34:02.868  1341  1349 E SurfaceFlinger: ro.sf.lcd_density must be defined as a build property
08-08 23:34:02.870  1341  2007 D gralloc_ranchu: gralloc_alloc: Creating ashmem region of size 8294400
08-08 23:34:02.878 14533 14533 D         : HostConnection::get() New Host Connection established 0xa641b2c0, tid 14533
08-08 23:34:02.883  1341  1341 E EGL_emulation: tid 1341: eglCreateSyncKHR(1901): error 0x3004 (EGL_BAD_ATTRIBUTE)
08-08 23:34:03.113 14538 14538 D AndroidRuntime: >>>>>> START com.android.internal.os.RuntimeInit uid 2000 <<<<<<
08-08 23:34:03.114 14538 14538 D AndroidRuntime: CheckJNI is ON
08-08 23:34:03.127 14538 14538 W art     : Unexpected CPU variant for X86 using defaults: x86
08-08 23:34:03.129 14538 14538 D ICU     : No timezone override file found: /data/misc/zoneinfo/current/icu/icu_tzdata.dat
08-08 23:34:03.138 14538 14538 E memtrack: Couldn't load memtrack module (No such file or directory)
08-08 23:34:03.138 14538 14538 E android.os.Debug: failed to load memtrack module: -2
08-08 23:34:03.139 14538 14538 I Radio-JNI: register_android_hardware_Radio DONE
08-08 23:34:03.142 14538 14538 D AndroidRuntime: Calling main entry com.android.commands.am.Am
08-08 23:34:03.149  2065  2065 D MediaScannerReceiver: action: android.intent.action.MEDIA_SCANNER_SCAN_FILE path: /storage/emulated/0/screen.png
08-08 23:34:03.151 14538 14538 D AndroidRuntime: Shutting down VM
08-08 23:34:05.465 14551 14551 D AndroidRuntime: >>>>>> START com.android.internal.os.RuntimeInit uid 2000 <<<<<<
08-08 23:34:05.467 14551 14551 D AndroidRuntime: CheckJNI is ON
08-08 23:34:05.479 14551 14551 W art     : Unexpected CPU variant for X86 using defaults: x86
08-08 23:34:05.482 14551 14551 D ICU     : No timezone override file found: /data/local/tmp/misc/zoneinfo/current/icu/icu_tzdata.dat
08-08 23:34:05.494 14551 14551 E memtrack: Couldn't load memtrack module (No such file or directory)
08-08 23:34:05.494 14551 14551 E android.os.Debug: failed to load memtrack module: -2
08-08 23:34:05.495 14551 14551 I Radio-JNI: register_android_hardware_Radio DONE
08-08 23:34:05.499 14551 14551 D AndroidRuntime: Calling main entry com.android.commands.uiautomator.Launcher
08-08 23:34:06.516 14551 14551 I AccessibilityNodeInfoDumper: Skipping invisible child: android.view.accessibility.AccessibilityNodeInfo@8001454e; boundsInParent: Rect(0, 0 - 0, 147); boundsInScreen: Rect(1080, 63 - 1080, 210); packageName: uk.co.bitethebullet.android.token; className: android.widget.LinearLayout; text: null; error: null; maxTextLength: -1; contentDescription: null; viewIdResName: null; checkable: false; checked: false; focusable: false; focused: false; selected: false; clickable: false; longClickable: false; contextClickable: false; enabled: true; password: false; scrollable: false; actions: [AccessibilityAction: ACTION_SELECT - null, AccessibilityAction: ACTION_CLEAR_SELECTION - null, AccessibilityAction: ACTION_ACCESSIBILITY_FOCUS - null, AccessibilityAction: ACTION_SHOW_ON_SCREEN - null]
08-08 23:34:06.518 14551 14551 W AccessibilityNodeInfoDumper: Fetch time: 3ms
08-08 23:34:06.518  1628  1809 W WindowManager: Attempted to remove non-existing token: android.os.Binder@2b068dc
08-08 23:34:06.521 14551 14551 D AndroidRuntime: Shutting down VM
08-08 23:34:08.730 14567 14567 D AndroidRuntime: >>>>>> START com.android.internal.os.RuntimeInit uid 2000 <<<<<<
08-08 23:34:08.731 14567 14567 D AndroidRuntime: CheckJNI is ON
08-08 23:34:08.743 14567 14567 W art     : Unexpected CPU variant for X86 using defaults: x86
08-08 23:34:08.747 14567 14567 D ICU     : No timezone override file found: /data/local/tmp/misc/zoneinfo/current/icu/icu_tzdata.dat
08-08 23:34:08.760 14567 14567 E memtrack: Couldn't load memtrack module (No such file or directory)
08-08 23:34:08.760 14567 14567 E android.os.Debug: failed to load memtrack module: -2
08-08 23:34:08.761 14567 14567 I Radio-JNI: register_android_hardware_Radio DONE
08-08 23:34:08.766 14567 14567 D AndroidRuntime: Calling main entry com.android.commands.uiautomator.Launcher
08-08 23:34:09.789 14567 14567 I AccessibilityNodeInfoDumper: Skipping invisible child: android.view.accessibility.AccessibilityNodeInfo@80014558; boundsInParent: Rect(0, 0 - 0, 147); boundsInScreen: Rect(1080, 63 - 1080, 210); packageName: uk.co.bitethebullet.android.token; className: android.widget.LinearLayout; text: null; error: null; maxTextLength: -1; contentDescription: null; viewIdResName: null; checkable: false; checked: false; focusable: false; focused: false; selected: false; clickable: false; longClickable: false; contextClickable: false; enabled: true; password: false; scrollable: false; actions: [AccessibilityAction: ACTION_SELECT - null, AccessibilityAction: ACTION_CLEAR_SELECTION - null, AccessibilityAction: ACTION_ACCESSIBILITY_FOCUS - null, AccessibilityAction: ACTION_SHOW_ON_SCREEN - null]
08-08 23:34:09.790 14567 14567 W AccessibilityNodeInfoDumper: Fetch time: 2ms
08-08 23:34:09.790  1628  1984 W WindowManager: Attempted to remove non-existing token: android.os.Binder@8370ba
08-08 23:34:09.792 14567 14567 D AndroidRuntime: Shutting down VM
08-08 23:34:09.990 14584 14584 D AndroidRuntime: >>>>>> START com.android.internal.os.RuntimeInit uid 2000 <<<<<<
08-08 23:34:09.991 14584 14584 D AndroidRuntime: CheckJNI is ON
08-08 23:34:10.003 14584 14584 W art     : Unexpected CPU variant for X86 using defaults: x86
08-08 23:34:10.005 14584 14584 D ICU     : No timezone override file found: /data/local/tmp/misc/zoneinfo/current/icu/icu_tzdata.dat
08-08 23:34:10.018 14584 14584 E memtrack: Couldn't load memtrack module (No such file or directory)
08-08 23:34:10.018 14584 14584 E android.os.Debug: failed to load memtrack module: -2
08-08 23:34:10.019 14584 14584 I Radio-JNI: register_android_hardware_Radio DONE
08-08 23:34:10.023 14584 14584 D AndroidRuntime: Calling main entry com.android.commands.uiautomator.Launcher
08-08 23:34:11.041 14584 14584 I AccessibilityNodeInfoDumper: Skipping invisible child: android.view.accessibility.AccessibilityNodeInfo@80014560; boundsInParent: Rect(0, 0 - 0, 147); boundsInScreen: Rect(1080, 63 - 1080, 210); packageName: uk.co.bitethebullet.android.token; className: android.widget.LinearLayout; text: null; error: null; maxTextLength: -1; contentDescription: null; viewIdResName: null; checkable: false; checked: false; focusable: false; focused: false; selected: false; clickable: false; longClickable: false; contextClickable: false; enabled: true; password: false; scrollable: false; actions: [AccessibilityAction: ACTION_SELECT - null, AccessibilityAction: ACTION_CLEAR_SELECTION - null, AccessibilityAction: ACTION_ACCESSIBILITY_FOCUS - null, AccessibilityAction: ACTION_SHOW_ON_SCREEN - null]
08-08 23:34:11.043 14584 14584 W AccessibilityNodeInfoDumper: Fetch time: 2ms
08-08 23:34:11.044  1628  7082 W WindowManager: Attempted to remove non-existing token: android.os.Binder@54936c8
08-08 23:34:11.047 14584 14584 D AndroidRuntime: Shutting down VM
08-08 23:34:11.264 14604 14604 D AndroidRuntime: >>>>>> START com.android.internal.os.RuntimeInit uid 2000 <<<<<<
08-08 23:34:11.265 14604 14604 D AndroidRuntime: CheckJNI is ON
08-08 23:34:11.277 14604 14604 W art     : Unexpected CPU variant for X86 using defaults: x86
08-08 23:34:11.280 14604 14604 D ICU     : No timezone override file found: /data/local/tmp/misc/zoneinfo/current/icu/icu_tzdata.dat
08-08 23:34:11.292 14604 14604 E memtrack: Couldn't load memtrack module (No such file or directory)
08-08 23:34:11.292 14604 14604 E android.os.Debug: failed to load memtrack module: -2
08-08 23:34:11.293 14604 14604 I Radio-JNI: register_android_hardware_Radio DONE
08-08 23:34:11.297 14604 14604 D AndroidRuntime: Calling main entry com.android.commands.uiautomator.Launcher
08-08 23:34:12.316 14604 14604 I AccessibilityNodeInfoDumper: Skipping invisible child: android.view.accessibility.AccessibilityNodeInfo@8001456a; boundsInParent: Rect(0, 0 - 0, 147); boundsInScreen: Rect(1080, 63 - 1080, 210); packageName: uk.co.bitethebullet.android.token; className: android.widget.LinearLayout; text: null; error: null; maxTextLength: -1; contentDescription: null; viewIdResName: null; checkable: false; checked: false; focusable: false; focused: false; selected: false; clickable: false; longClickable: false; contextClickable: false; enabled: true; password: false; scrollable: false; actions: [AccessibilityAction: ACTION_SELECT - null, AccessibilityAction: ACTION_CLEAR_SELECTION - null, AccessibilityAction: ACTION_ACCESSIBILITY_FOCUS - null, AccessibilityAction: ACTION_SHOW_ON_SCREEN - null]
08-08 23:34:12.317 14604 14604 W AccessibilityNodeInfoDumper: Fetch time: 2ms
08-08 23:34:12.317  1628  1984 W WindowManager: Attempted to remove non-existing token: android.os.Binder@467de86
08-08 23:34:12.320 14604 14604 D AndroidRuntime: Shutting down VM
08-08 23:34:12.483 14616 14616 D AndroidRuntime: >>>>>> START com.android.internal.os.RuntimeInit uid 2000 <<<<<<
08-08 23:34:12.484 14616 14616 D AndroidRuntime: CheckJNI is ON
08-08 23:34:12.496 14616 14616 W art     : Unexpected CPU variant for X86 using defaults: x86
08-08 23:34:12.499 14616 14616 D ICU     : No timezone override file found: /data/misc/zoneinfo/current/icu/icu_tzdata.dat
08-08 23:34:12.508 14616 14616 E memtrack: Couldn't load memtrack module (No such file or directory)
08-08 23:34:12.508 14616 14616 E android.os.Debug: failed to load memtrack module: -2
08-08 23:34:12.509 14616 14616 I Radio-JNI: register_android_hardware_Radio DONE
08-08 23:34:12.514 14616 14616 D AndroidRuntime: Calling main entry com.android.commands.input.Input
08-08 23:34:12.518 14616 14616 I Input   : injectMotionEvent: MotionEvent { action=ACTION_DOWN, actionButton=0, id[0]=0, x[0]=109.0, y[0]=757.0, toolType[0]=TOOL_TYPE_UNKNOWN, buttonState=0, metaState=0, flags=0x0, edgeFlags=0x0, pointerCount=1, historySize=0, eventTime=3174070, downTime=3174070, deviceId=0, source=0x1002 }
08-08 23:34:12.520 14616 14616 I Input   : injectMotionEvent: MotionEvent { action=ACTION_UP, actionButton=0, id[0]=0, x[0]=109.0, y[0]=757.0, toolType[0]=TOOL_TYPE_UNKNOWN, buttonState=0, metaState=0, flags=0x0, edgeFlags=0x0, pointerCount=1, historySize=0, eventTime=3174070, downTime=3174070, deviceId=0, source=0x1002 }
08-08 23:34:12.520 14616 14616 D AndroidRuntime: Shutting down VM
08-08 23:34:12.568 10491 10506 D EGL_emulation: eglMakeCurrent: 0xa30b4f00: ver 2 0 (tinfo 0xa4defed0)
08-08 23:34:12.573 10491 10506 D EGL_emulation: eglMakeCurrent: 0xa30b4f00: ver 2 0 (tinfo 0xa4defed0)
08-08 23:34:12.578 10491 10506 D EGL_emulation: eglMakeCurrent: 0xa30b4f00: ver 2 0 (tinfo 0xa4defed0)
08-08 23:34:12.582 10491 10506 D EGL_emulation: eglMakeCurrent: 0xa30b4f00: ver 2 0 (tinfo 0xa4defed0)
08-08 23:34:12.596 10491 10506 D EGL_emulation: eglMakeCurrent: 0xa30b4f00: ver 2 0 (tinfo 0xa4defed0)
08-08 23:34:12.614 10491 10506 D EGL_emulation: eglMakeCurrent: 0xa30b4f00: ver 2 0 (tinfo 0xa4defed0)
08-08 23:34:12.628 10491 10506 D EGL_emulation: eglMakeCurrent: 0xa30b4f00: ver 2 0 (tinfo 0xa4defed0)
08-08 23:34:12.630 10491 10506 D EGL_emulation: eglMakeCurrent: 0xa30b4f00: ver 2 0 (tinfo 0xa4defed0)
08-08 23:34:12.645 10491 10506 D EGL_emulation: eglMakeCurrent: 0xa30b4f00: ver 2 0 (tinfo 0xa4defed0)
08-08 23:34:12.648 10491 10506 D EGL_emulation: eglMakeCurrent: 0xa30b4f00: ver 2 0 (tinfo 0xa4defed0)
08-08 23:34:12.662 10491 10506 D EGL_emulation: eglMakeCurrent: 0xa30b4f00: ver 2 0 (tinfo 0xa4defed0)
08-08 23:34:12.665 10491 10506 D EGL_emulation: eglMakeCurrent: 0xa30b4f00: ver 2 0 (tinfo 0xa4defed0)
08-08 23:34:12.678 10491 10506 D EGL_emulation: eglMakeCurrent: 0xa30b4f00: ver 2 0 (tinfo 0xa4defed0)
08-08 23:34:12.680 10491 10506 D EGL_emulation: eglMakeCurrent: 0xa30b4f00: ver 2 0 (tinfo 0xa4defed0)
08-08 23:34:12.696 10491 10506 D EGL_emulation: eglMakeCurrent: 0xa30b4f00: ver 2 0 (tinfo 0xa4defed0)
08-08 23:34:12.699 10491 10506 D EGL_emulation: eglMakeCurrent: 0xa30b4f00: ver 2 0 (tinfo 0xa4defed0)
08-08 23:34:12.712 10491 10506 D EGL_emulation: eglMakeCurrent: 0xa30b4f00: ver 2 0 (tinfo 0xa4defed0)
08-08 23:34:12.714 10491 10506 D EGL_emulation: eglMakeCurrent: 0xa30b4f00: ver 2 0 (tinfo 0xa4defed0)
08-08 23:34:12.727 10491 10506 D EGL_emulation: eglMakeCurrent: 0xa30b4f00: ver 2 0 (tinfo 0xa4defed0)
08-08 23:34:12.730 10491 10506 D EGL_emulation: eglMakeCurrent: 0xa30b4f00: ver 2 0 (tinfo 0xa4defed0)
08-08 23:34:12.745 10491 10506 D EGL_emulation: eglMakeCurrent: 0xa30b4f00: ver 2 0 (tinfo 0xa4defed0)
08-08 23:34:12.747 10491 10506 D EGL_emulation: eglMakeCurrent: 0xa30b4f00: ver 2 0 (tinfo 0xa4defed0)
08-08 23:34:12.761 10491 10506 D EGL_emulation: eglMakeCurrent: 0xa30b4f00: ver 2 0 (tinfo 0xa4defed0)
08-08 23:34:12.764 10491 10506 D EGL_emulation: eglMakeCurrent: 0xa30b4f00: ver 2 0 (tinfo 0xa4defed0)
08-08 23:34:12.778 10491 10506 D EGL_emulation: eglMakeCurrent: 0xa30b4f00: ver 2 0 (tinfo 0xa4defed0)
08-08 23:34:12.780 10491 10506 D EGL_emulation: eglMakeCurrent: 0xa30b4f00: ver 2 0 (tinfo 0xa4defed0)
08-08 23:34:12.796 10491 10506 D EGL_emulation: eglMakeCurrent: 0xa30b4f00: ver 2 0 (tinfo 0xa4defed0)
08-08 23:34:12.799 10491 10506 D EGL_emulation: eglMakeCurrent: 0xa30b4f00: ver 2 0 (tinfo 0xa4defed0)
08-08 23:34:12.812 10491 10506 D EGL_emulation: eglMakeCurrent: 0xa30b4f00: ver 2 0 (tinfo 0xa4defed0)
08-08 23:34:12.816 10491 10506 D EGL_emulation: eglMakeCurrent: 0xa30b4f00: ver 2 0 (tinfo 0xa4defed0)
08-08 23:34:14.197 10491 10506 D EGL_emulation: eglMakeCurrent: 0xa30b4f00: ver 2 0 (tinfo 0xa4defed0)
08-08 23:34:15.074 14635 14635 W ls      : type=1400 audit(0.0:154): avc: denied { getattr } for path="/proc/sysrq-trigger" dev="proc" ino=4026532069 scontext=u:r:shell:s0 tcontext=u:object_r:proc_sysrq:s0 tclass=file permissive=0
08-08 23:34:15.074 14635 14635 W ls      : type=1400 audit(0.0:155): avc: denied { getattr } for path="/proc/iomem" dev="proc" ino=4026532007 scontext=u:r:shell:s0 tcontext=u:object_r:proc_iomem:s0 tclass=file permissive=0
08-08 23:34:16.605 14936 14936 D AndroidRuntime: >>>>>> START com.android.internal.os.RuntimeInit uid 2000 <<<<<<
08-08 23:34:16.607 14936 14936 D AndroidRuntime: CheckJNI is ON
08-08 23:34:16.621 14936 14936 W art     : Unexpected CPU variant for X86 using defaults: x86
08-08 23:34:16.625 14936 14936 D ICU     : No timezone override file found: /data/local/tmp/misc/zoneinfo/current/icu/icu_tzdata.dat
08-08 23:34:16.639 14936 14936 E memtrack: Couldn't load memtrack module (No such file or directory)
08-08 23:34:16.639 14936 14936 E android.os.Debug: failed to load memtrack module: -2
08-08 23:34:16.640 14936 14936 I Radio-JNI: register_android_hardware_Radio DONE
08-08 23:34:16.647 14936 14936 D AndroidRuntime: Calling main entry com.android.commands.uiautomator.Launcher
08-08 23:34:17.671 14936 14936 W AccessibilityNodeInfoDumper: Fetch time: 1ms
08-08 23:34:17.672  1628  2823 W WindowManager: Attempted to remove non-existing token: android.os.Binder@ff97c6a
08-08 23:34:17.678 14936 14936 D AndroidRuntime: Shutting down VM
08-08 23:34:18.462 14962 14962 D AndroidRuntime: >>>>>> START com.android.internal.os.RuntimeInit uid 2000 <<<<<<
08-08 23:34:18.464 14962 14962 D AndroidRuntime: CheckJNI is ON
08-08 23:34:18.475 14962 14962 W art     : Unexpected CPU variant for X86 using defaults: x86
08-08 23:34:18.478 14962 14962 D ICU     : No timezone override file found: /data/local/tmp/misc/zoneinfo/current/icu/icu_tzdata.dat
08-08 23:34:18.490 14962 14962 E memtrack: Couldn't load memtrack module (No such file or directory)
08-08 23:34:18.491 14962 14962 E android.os.Debug: failed to load memtrack module: -2
08-08 23:34:18.491 14962 14962 I Radio-JNI: register_android_hardware_Radio DONE
08-08 23:34:18.496 14962 14962 D AndroidRuntime: Calling main entry com.android.commands.uiautomator.Launcher
08-08 23:34:19.511 14962 14962 W AccessibilityNodeInfoDumper: Fetch time: 2ms
08-08 23:34:19.512  1628  2823 W WindowManager: Attempted to remove non-existing token: android.os.Binder@51be1f8
08-08 23:34:19.517 14962 14962 D AndroidRuntime: Shutting down VM
08-08 23:34:19.728 14980 14980 D AndroidRuntime: >>>>>> START com.android.internal.os.RuntimeInit uid 2000 <<<<<<
08-08 23:34:19.730 14980 14980 D AndroidRuntime: CheckJNI is ON
08-08 23:34:19.742 14980 14980 W art     : Unexpected CPU variant for X86 using defaults: x86
08-08 23:34:19.745 14980 14980 D ICU     : No timezone override file found: /data/local/tmp/misc/zoneinfo/current/icu/icu_tzdata.dat
08-08 23:34:19.757 14980 14980 E memtrack: Couldn't load memtrack module (No such file or directory)
08-08 23:34:19.757 14980 14980 E android.os.Debug: failed to load memtrack module: -2
08-08 23:34:19.758 14980 14980 I Radio-JNI: register_android_hardware_Radio DONE
08-08 23:34:19.762 14980 14980 D AndroidRuntime: Calling main entry com.android.commands.uiautomator.Launcher
08-08 23:34:20.780 14980 14980 W AccessibilityNodeInfoDumper: Fetch time: 1ms
08-08 23:34:20.780  1628  7082 W WindowManager: Attempted to remove non-existing token: android.os.Binder@e2925a4
08-08 23:34:20.784 14980 14980 D AndroidRuntime: Shutting down VM
08-08 23:34:21.546 15006 15006 D AndroidRuntime: >>>>>> START com.android.internal.os.RuntimeInit uid 2000 <<<<<<
08-08 23:34:21.548 15006 15006 D AndroidRuntime: CheckJNI is ON
08-08 23:34:21.561 15006 15006 W art     : Unexpected CPU variant for X86 using defaults: x86
08-08 23:34:21.564 15006 15006 D ICU     : No timezone override file found: /data/local/tmp/misc/zoneinfo/current/icu/icu_tzdata.dat
08-08 23:34:21.577 15006 15006 E memtrack: Couldn't load memtrack module (No such file or directory)
08-08 23:34:21.577 15006 15006 E android.os.Debug: failed to load memtrack module: -2
08-08 23:34:21.577 15006 15006 I Radio-JNI: register_android_hardware_Radio DONE
