08-08 23:32:41.344 11886 11886 I Input   : injectKeyEvent: KeyEvent { action=ACTION_UP, keyCode=KEYCODE_E, scanCode=0, metaState=0, flags=0x0, repeatCount=0, eventTime=3082889, downTime=3082889, deviceId=-1, source=0x101 }
08-08 23:32:41.345 11886 11886 I Input   : injectKeyEvent: KeyEvent { action=ACTION_DOWN, keyCode=KEYCODE_S, scanCode=0, metaState=0, flags=0x0, repeatCount=0, eventTime=3082889, downTime=3082889, deviceId=-1, source=0x101 }
08-08 23:32:41.347 11886 11886 I Input   : injectKeyEvent: KeyEvent { action=ACTION_UP, keyCode=KEYCODE_S, scanCode=0, metaState=0, flags=0x0, repeatCount=0, eventTime=3082889, downTime=3082889, deviceId=-1, source=0x101 }
08-08 23:32:41.348 11886 11886 I Input   : injectKeyEvent: KeyEvent { action=ACTION_DOWN, keyCode=KEYCODE_T, scanCode=0, metaState=0, flags=0x0, repeatCount=0, eventTime=3082889, downTime=3082889, deviceId=-1, source=0x101 }
08-08 23:32:41.350 11886 11886 I Input   : injectKeyEvent: KeyEvent { action=ACTION_UP, keyCode=KEYCODE_T, scanCode=0, metaState=0, flags=0x0, repeatCount=0, eventTime=3082889, downTime=3082889, deviceId=-1, source=0x101 }
08-08 23:32:41.351 11886 11886 I Input   : injectKeyEvent: KeyEvent { action=ACTION_DOWN, keyCode=KEYCODE_SHIFT_LEFT, scanCode=0, metaState=META_SHIFT_ON|META_SHIFT_LEFT_ON, flags=0x0, repeatCount=0, eventTime=3082889, downTime=3082889, deviceId=-1, source=0x101 }
08-08 23:32:41.351 11886 11886 I Input   : injectKeyEvent: KeyEvent { action=ACTION_DOWN, keyCode=KEYCODE_T, scanCode=0, metaState=META_SHIFT_ON|META_SHIFT_LEFT_ON, flags=0x0, repeatCount=0, eventTime=3082889, downTime=3082889, deviceId=-1, source=0x101 }
08-08 23:32:41.353 11886 11886 I Input   : injectKeyEvent: KeyEvent { action=ACTION_UP, keyCode=KEYCODE_T, scanCode=0, metaState=META_SHIFT_ON|META_SHIFT_LEFT_ON, flags=0x0, repeatCount=0, eventTime=3082889, downTime=3082889, deviceId=-1, source=0x101 }
08-08 23:32:41.354 11886 11886 I Input   : injectKeyEvent: KeyEvent { action=ACTION_UP, keyCode=KEYCODE_SHIFT_LEFT, scanCode=0, metaState=0, flags=0x0, repeatCount=0, eventTime=3082889, downTime=3082889, deviceId=-1, source=0x101 }
08-08 23:32:41.356 11886 11886 I Input   : injectKeyEvent: KeyEvent { action=ACTION_DOWN, keyCode=KEYCODE_E, scanCode=0, metaState=0, flags=0x0, repeatCount=0, eventTime=3082889, downTime=3082889, deviceId=-1, source=0x101 }
08-08 23:32:41.358 11886 11886 I Input   : injectKeyEvent: KeyEvent { action=ACTION_UP, keyCode=KEYCODE_E, scanCode=0, metaState=0, flags=0x0, repeatCount=0, eventTime=3082889, downTime=3082889, deviceId=-1, source=0x101 }
08-08 23:32:41.358 11886 11886 I Input   : injectKeyEvent: KeyEvent { action=ACTION_DOWN, keyCode=KEYCODE_S, scanCode=0, metaState=0, flags=0x0, repeatCount=0, eventTime=3082889, downTime=3082889, deviceId=-1, source=0x101 }
08-08 23:32:41.360 11886 11886 I Input   : injectKeyEvent: KeyEvent { action=ACTION_UP, keyCode=KEYCODE_S, scanCode=0, metaState=0, flags=0x0, repeatCount=0, eventTime=3082889, downTime=3082889, deviceId=-1, source=0x101 }
08-08 23:32:41.362 11886 11886 I Input   : injectKeyEvent: KeyEvent { action=ACTION_DOWN, keyCode=KEYCODE_T, scanCode=0, metaState=0, flags=0x0, repeatCount=0, eventTime=3082889, downTime=3082889, deviceId=-1, source=0x101 }
08-08 23:32:41.363 11886 11886 I Input   : injectKeyEvent: KeyEvent { action=ACTION_UP, keyCode=KEYCODE_T, scanCode=0, metaState=0, flags=0x0, repeatCount=0, eventTime=3082889, downTime=3082889, deviceId=-1, source=0x101 }
08-08 23:32:41.364 11886 11886 I Input   : injectKeyEvent: KeyEvent { action=ACTION_DOWN, keyCode=KEYCODE_SPACE, scanCode=0, metaState=0, flags=0x0, repeatCount=0, eventTime=3082889, downTime=3082889, deviceId=-1, source=0x101 }
08-08 23:32:41.365 11886 11886 I Input   : injectKeyEvent: KeyEvent { action=ACTION_UP, keyCode=KEYCODE_SPACE, scanCode=0, metaState=0, flags=0x0, repeatCount=0, eventTime=3082889, downTime=3082889, deviceId=-1, source=0x101 }
08-08 23:32:41.366 11886 11886 I Input   : injectKeyEvent: KeyEvent { action=ACTION_DOWN, keyCode=KEYCODE_SHIFT_LEFT, scanCode=0, metaState=META_SHIFT_ON|META_SHIFT_LEFT_ON, flags=0x0, repeatCount=0, eventTime=3082889, downTime=3082889, deviceId=-1, source=0x101 }
08-08 23:32:41.367 11886 11886 I Input   : injectKeyEvent: KeyEvent { action=ACTION_DOWN, keyCode=KEYCODE_T, scanCode=0, metaState=META_SHIFT_ON|META_SHIFT_LEFT_ON, flags=0x0, repeatCount=0, eventTime=3082889, downTime=3082889, deviceId=-1, source=0x101 }
08-08 23:32:41.367  1693  1828 I LatinIME:LogUtils: Dictionary info: dictionary = spellcheck_userunigram.en_US ; version = 1628479961 ; date = ?
08-08 23:32:41.369 11886 11886 I Input   : injectKeyEvent: KeyEvent { action=ACTION_UP, keyCode=KEYCODE_T, scanCode=0, metaState=META_SHIFT_ON|META_SHIFT_LEFT_ON, flags=0x0, repeatCount=0, eventTime=3082889, downTime=3082889, deviceId=-1, source=0x101 }
08-08 23:32:41.369 11886 11886 I Input   : injectKeyEvent: KeyEvent { action=ACTION_UP, keyCode=KEYCODE_SHIFT_LEFT, scanCode=0, metaState=0, flags=0x0, repeatCount=0, eventTime=3082889, downTime=3082889, deviceId=-1, source=0x101 }
08-08 23:32:41.370 11886 11886 I Input   : injectKeyEvent: KeyEvent { action=ACTION_DOWN, keyCode=KEYCODE_E, scanCode=0, metaState=0, flags=0x0, repeatCount=0, eventTime=3082889, downTime=3082889, deviceId=-1, source=0x101 }
08-08 23:32:41.373 11886 11886 I Input   : injectKeyEvent: KeyEvent { action=ACTION_UP, keyCode=KEYCODE_E, scanCode=0, metaState=0, flags=0x0, repeatCount=0, eventTime=3082889, downTime=3082889, deviceId=-1, source=0x101 }
08-08 23:32:41.373 11886 11886 I Input   : injectKeyEvent: KeyEvent { action=ACTION_DOWN, keyCode=KEYCODE_S, scanCode=0, metaState=0, flags=0x0, repeatCount=0, eventTime=3082889, downTime=3082889, deviceId=-1, source=0x101 }
08-08 23:32:41.375 11886 11886 I Input   : injectKeyEvent: KeyEvent { action=ACTION_UP, keyCode=KEYCODE_S, scanCode=0, metaState=0, flags=0x0, repeatCount=0, eventTime=3082889, downTime=3082889, deviceId=-1, source=0x101 }
08-08 23:32:41.378  1693  1828 I LatinIME:LogUtils: Dictionary info: dictionary = main:en ; version = 54 ; date = 1414726273
08-08 23:32:41.378 11886 11886 I Input   : injectKeyEvent: KeyEvent { action=ACTION_DOWN, keyCode=KEYCODE_T, scanCode=0, metaState=0, flags=0x0, repeatCount=0, eventTime=3082889, downTime=3082889, deviceId=-1, source=0x101 }
08-08 23:32:41.380 11886 11886 I Input   : injectKeyEvent: KeyEvent { action=ACTION_UP, keyCode=KEYCODE_T, scanCode=0, metaState=0, flags=0x0, repeatCount=0, eventTime=3082889, downTime=3082889, deviceId=-1, source=0x101 }
08-08 23:32:41.381 11886 11886 D AndroidRuntime: Shutting down VM
08-08 23:32:41.424 11902 11902 W ls      : type=1400 audit(0.0:142): avc: denied { getattr } for path="/proc/sysrq-trigger" dev="proc" ino=4026532069 scontext=u:r:shell:s0 tcontext=u:object_r:proc_sysrq:s0 tclass=file permissive=0
08-08 23:32:41.424 11902 11902 W ls      : type=1400 audit(0.0:143): avc: denied { getattr } for path="/proc/iomem" dev="proc" ino=4026532007 scontext=u:r:shell:s0 tcontext=u:object_r:proc_iomem:s0 tclass=file permissive=0
08-08 23:32:42.772  1341  2007 E SurfaceFlinger: ro.sf.lcd_density must be defined as a build property
08-08 23:32:42.774  1341  1348 D gralloc_ranchu: gralloc_alloc: Creating ashmem region of size 8294400
08-08 23:32:42.783 12195 12195 D         : HostConnection::get() New Host Connection established 0xa649b2c0, tid 12195
08-08 23:32:42.787  1341  1341 E EGL_emulation: tid 1341: eglCreateSyncKHR(1901): error 0x3004 (EGL_BAD_ATTRIBUTE)
08-08 23:32:43.020 12200 12200 D AndroidRuntime: >>>>>> START com.android.internal.os.RuntimeInit uid 2000 <<<<<<
08-08 23:32:43.021 12200 12200 D AndroidRuntime: CheckJNI is ON
08-08 23:32:43.033 12200 12200 W art     : Unexpected CPU variant for X86 using defaults: x86
08-08 23:32:43.036 12200 12200 D ICU     : No timezone override file found: /data/misc/zoneinfo/current/icu/icu_tzdata.dat
08-08 23:32:43.046 12200 12200 E memtrack: Couldn't load memtrack module (No such file or directory)
08-08 23:32:43.046 12200 12200 E android.os.Debug: failed to load memtrack module: -2
08-08 23:32:43.047 12200 12200 I Radio-JNI: register_android_hardware_Radio DONE
08-08 23:32:43.053 12200 12200 D AndroidRuntime: Calling main entry com.android.commands.am.Am
08-08 23:32:43.060  2065  2065 D MediaScannerReceiver: action: android.intent.action.MEDIA_SCANNER_SCAN_FILE path: /storage/emulated/0/screen.png
08-08 23:32:43.061 12200 12200 D AndroidRuntime: Shutting down VM
08-08 23:32:45.389 12213 12213 D AndroidRuntime: >>>>>> START com.android.internal.os.RuntimeInit uid 2000 <<<<<<
08-08 23:32:45.391 12213 12213 D AndroidRuntime: CheckJNI is ON
08-08 23:32:45.407 12213 12213 W art     : Unexpected CPU variant for X86 using defaults: x86
08-08 23:32:45.411 12213 12213 D ICU     : No timezone override file found: /data/local/tmp/misc/zoneinfo/current/icu/icu_tzdata.dat
08-08 23:32:45.426 12213 12213 E memtrack: Couldn't load memtrack module (No such file or directory)
08-08 23:32:45.426 12213 12213 E android.os.Debug: failed to load memtrack module: -2
08-08 23:32:45.427 12213 12213 I Radio-JNI: register_android_hardware_Radio DONE
08-08 23:32:45.434 12213 12213 D AndroidRuntime: Calling main entry com.android.commands.uiautomator.Launcher
08-08 23:32:46.457 12213 12213 I AccessibilityNodeInfoDumper: Skipping invisible child: android.view.accessibility.AccessibilityNodeInfo@8001443e; boundsInParent: Rect(0, 0 - 0, 147); boundsInScreen: Rect(1080, 63 - 1080, 210); packageName: uk.co.bitethebullet.android.token; className: android.widget.LinearLayout; text: null; error: null; maxTextLength: -1; contentDescription: null; viewIdResName: null; checkable: false; checked: false; focusable: false; focused: false; selected: false; clickable: false; longClickable: false; contextClickable: false; enabled: true; password: false; scrollable: false; actions: [AccessibilityAction: ACTION_SELECT - null, AccessibilityAction: ACTION_CLEAR_SELECTION - null, AccessibilityAction: ACTION_ACCESSIBILITY_FOCUS - null, AccessibilityAction: ACTION_SHOW_ON_SCREEN - null]
08-08 23:32:46.459 12213 12213 W AccessibilityNodeInfoDumper: Fetch time: 4ms
08-08 23:32:46.460  1628  7082 W WindowManager: Attempted to remove non-existing token: android.os.Binder@2a50339
08-08 23:32:46.467 12213 12213 D AndroidRuntime: Shutting down VM
08-08 23:32:48.671 12227 12227 D AndroidRuntime: >>>>>> START com.android.internal.os.RuntimeInit uid 2000 <<<<<<
08-08 23:32:48.672 12227 12227 D AndroidRuntime: CheckJNI is ON
08-08 23:32:48.686 12227 12227 W art     : Unexpected CPU variant for X86 using defaults: x86
08-08 23:32:48.689 12227 12227 D ICU     : No timezone override file found: /data/local/tmp/misc/zoneinfo/current/icu/icu_tzdata.dat
08-08 23:32:48.702 12227 12227 E memtrack: Couldn't load memtrack module (No such file or directory)
08-08 23:32:48.702 12227 12227 E android.os.Debug: failed to load memtrack module: -2
08-08 23:32:48.703 12227 12227 I Radio-JNI: register_android_hardware_Radio DONE
08-08 23:32:48.708 12227 12227 D AndroidRuntime: Calling main entry com.android.commands.uiautomator.Launcher
08-08 23:32:49.726 12227 12227 I AccessibilityNodeInfoDumper: Skipping invisible child: android.view.accessibility.AccessibilityNodeInfo@80014448; boundsInParent: Rect(0, 0 - 0, 147); boundsInScreen: Rect(1080, 63 - 1080, 210); packageName: uk.co.bitethebullet.android.token; className: android.widget.LinearLayout; text: null; error: null; maxTextLength: -1; contentDescription: null; viewIdResName: null; checkable: false; checked: false; focusable: false; focused: false; selected: false; clickable: false; longClickable: false; contextClickable: false; enabled: true; password: false; scrollable: false; actions: [AccessibilityAction: ACTION_SELECT - null, AccessibilityAction: ACTION_CLEAR_SELECTION - null, AccessibilityAction: ACTION_ACCESSIBILITY_FOCUS - null, AccessibilityAction: ACTION_SHOW_ON_SCREEN - null]
08-08 23:32:49.727 12227 12227 W AccessibilityNodeInfoDumper: Fetch time: 3ms
08-08 23:32:49.728  1628  1809 W WindowManager: Attempted to remove non-existing token: android.os.Binder@14999f5
08-08 23:32:49.731 12227 12227 D AndroidRuntime: Shutting down VM
08-08 23:32:49.938 12244 12244 D AndroidRuntime: >>>>>> START com.android.internal.os.RuntimeInit uid 2000 <<<<<<
08-08 23:32:49.940 12244 12244 D AndroidRuntime: CheckJNI is ON
08-08 23:32:49.953 12244 12244 W art     : Unexpected CPU variant for X86 using defaults: x86
08-08 23:32:49.956 12244 12244 D ICU     : No timezone override file found: /data/local/tmp/misc/zoneinfo/current/icu/icu_tzdata.dat
08-08 23:32:49.970 12244 12244 E memtrack: Couldn't load memtrack module (No such file or directory)
08-08 23:32:49.970 12244 12244 E android.os.Debug: failed to load memtrack module: -2
08-08 23:32:49.970 12244 12244 I Radio-JNI: register_android_hardware_Radio DONE
08-08 23:32:49.975 12244 12244 D AndroidRuntime: Calling main entry com.android.commands.uiautomator.Launcher
08-08 23:32:50.990 12244 12244 I AccessibilityNodeInfoDumper: Skipping invisible child: android.view.accessibility.AccessibilityNodeInfo@80014451; boundsInParent: Rect(0, 0 - 0, 147); boundsInScreen: Rect(1080, 63 - 1080, 210); packageName: uk.co.bitethebullet.android.token; className: android.widget.LinearLayout; text: null; error: null; maxTextLength: -1; contentDescription: null; viewIdResName: null; checkable: false; checked: false; focusable: false; focused: false; selected: false; clickable: false; longClickable: false; contextClickable: false; enabled: true; password: false; scrollable: false; actions: [AccessibilityAction: ACTION_SELECT - null, AccessibilityAction: ACTION_CLEAR_SELECTION - null, AccessibilityAction: ACTION_ACCESSIBILITY_FOCUS - null, AccessibilityAction: ACTION_SHOW_ON_SCREEN - null]
08-08 23:32:50.991 12244 12244 W AccessibilityNodeInfoDumper: Fetch time: 3ms
08-08 23:32:50.992  1628  1984 W WindowManager: Attempted to remove non-existing token: android.os.Binder@8b39dfb
08-08 23:32:50.995 12244 12244 D AndroidRuntime: Shutting down VM
08-08 23:32:51.159 12256 12256 D AndroidRuntime: >>>>>> START com.android.internal.os.RuntimeInit uid 2000 <<<<<<
08-08 23:32:51.161 12256 12256 D AndroidRuntime: CheckJNI is ON
08-08 23:32:51.174 12256 12256 W art     : Unexpected CPU variant for X86 using defaults: x86
08-08 23:32:51.177 12256 12256 D ICU     : No timezone override file found: /data/misc/zoneinfo/current/icu/icu_tzdata.dat
08-08 23:32:51.187 12256 12256 E memtrack: Couldn't load memtrack module (No such file or directory)
08-08 23:32:51.187 12256 12256 E android.os.Debug: failed to load memtrack module: -2
08-08 23:32:51.187 12256 12256 I Radio-JNI: register_android_hardware_Radio DONE
08-08 23:32:51.192 12256 12256 D AndroidRuntime: Calling main entry com.android.commands.input.Input
08-08 23:32:51.197 12256 12256 I Input   : injectMotionEvent: MotionEvent { action=ACTION_DOWN, actionButton=0, id[0]=0, x[0]=540.0, y[0]=616.0, toolType[0]=TOOL_TYPE_UNKNOWN, buttonState=0, metaState=0, flags=0x0, edgeFlags=0x0, pointerCount=1, historySize=0, eventTime=3092751, downTime=3092751, deviceId=0, source=0x1002 }
08-08 23:32:51.199 12256 12256 I Input   : injectMotionEvent: MotionEvent { action=ACTION_UP, actionButton=0, id[0]=0, x[0]=540.0, y[0]=616.0, toolType[0]=TOOL_TYPE_UNKNOWN, buttonState=0, metaState=0, flags=0x0, edgeFlags=0x0, pointerCount=1, historySize=0, eventTime=3092751, downTime=3092751, deviceId=0, source=0x1002 }
08-08 23:32:51.203  1693  1693 W InputMethodService: Window size has been changed. This may cause jankiness of resizing window: -1 -> -2
08-08 23:32:51.203 12256 12256 D AndroidRuntime: Shutting down VM
08-08 23:32:51.215  1693  1693 I LatinIME: Starting input. Cursor position = 0,0
08-08 23:32:51.216 10491 10491 W IInputConnectionWrapper: finishComposingText on inactive InputConnection
08-08 23:32:51.279  1693 27787 D EGL_emulation: eglMakeCurrent: 0xa4d561c0: ver 2 0 (tinfo 0xa4d6db90)
08-08 23:32:51.413 12269 12269 D AndroidRuntime: >>>>>> START com.android.internal.os.RuntimeInit uid 2000 <<<<<<
08-08 23:32:51.414 12269 12269 D AndroidRuntime: CheckJNI is ON
08-08 23:32:51.427 12269 12269 W art     : Unexpected CPU variant for X86 using defaults: x86
08-08 23:32:51.430 12269 12269 D ICU     : No timezone override file found: /data/misc/zoneinfo/current/icu/icu_tzdata.dat
08-08 23:32:51.439 12269 12269 E memtrack: Couldn't load memtrack module (No such file or directory)
08-08 23:32:51.439 12269 12269 E android.os.Debug: failed to load memtrack module: -2
08-08 23:32:51.440 12269 12269 I Radio-JNI: register_android_hardware_Radio DONE
08-08 23:32:51.445 12269 12269 D AndroidRuntime: Calling main entry com.android.commands.input.Input
08-08 23:32:51.445 12269 12269 I Input   : injectKeyEvent: KeyEvent { action=ACTION_DOWN, keyCode=KEYCODE_ESCAPE, scanCode=0, metaState=0, flags=0x0, repeatCount=0, eventTime=3093001, downTime=3093001, deviceId=-1, source=0x101 }
08-08 23:32:51.448 12269 12269 I Input   : injectKeyEvent: KeyEvent { action=ACTION_UP, keyCode=KEYCODE_ESCAPE, scanCode=0, metaState=0, flags=0x0, repeatCount=0, eventTime=3093001, downTime=3093001, deviceId=-1, source=0x101 }
08-08 23:32:51.450  1693  1693 W InputMethodService: Window size has been changed. This may cause jankiness of resizing window: -1 -> -2
08-08 23:32:51.450 12269 12269 D AndroidRuntime: Shutting down VM
08-08 23:32:51.461  1693 27787 D EGL_emulation: eglMakeCurrent: 0xa4d561c0: ver 2 0 (tinfo 0xa4d6db90)
08-08 23:32:51.646  1628  1648 I WindowManager: Destroying surface Surface(name=InputMethod) called by com.android.server.wm.WindowStateAnimator.destroySurface:2016 com.android.server.wm.WindowStateAnimator.destroySurfaceLocked:882 com.android.server.wm.WindowState.destroyOrSaveSurface:2100 com.android.server.wm.WindowSurfacePlacer.performSurfacePlacementInner:429 com.android.server.wm.WindowSurfacePlacer.performSurfacePlacementLoop:232 com.android.server.wm.WindowSurfacePlacer.performSurfacePlacement:180 com.android.server.wm.WindowManagerService$H.handleMessage:8086 android.os.Handler.dispatchMessage:102 
08-08 23:32:52.135 12285 12285 D AndroidRuntime: >>>>>> START com.android.internal.os.RuntimeInit uid 2000 <<<<<<
08-08 23:32:52.136 12285 12285 D AndroidRuntime: CheckJNI is ON
08-08 23:32:52.149 12285 12285 W art     : Unexpected CPU variant for X86 using defaults: x86
08-08 23:32:52.152 12285 12285 D ICU     : No timezone override file found: /data/misc/zoneinfo/current/icu/icu_tzdata.dat
08-08 23:32:52.160 12285 12285 E memtrack: Couldn't load memtrack module (No such file or directory)
08-08 23:32:52.161 12285 12285 E android.os.Debug: failed to load memtrack module: -2
08-08 23:32:52.161 12285 12285 I Radio-JNI: register_android_hardware_Radio DONE
08-08 23:32:52.165 12285 12285 D AndroidRuntime: Calling main entry com.android.commands.input.Input
08-08 23:32:52.168 12285 12285 I Input   : injectKeyEvent: KeyEvent { action=ACTION_DOWN, keyCode=KEYCODE_MOVE_END, scanCode=0, metaState=0, flags=0x0, repeatCount=0, eventTime=3093722, downTime=3093722, deviceId=-1, source=0x101 }
08-08 23:32:52.171 12285 12285 I Input   : injectKeyEvent: KeyEvent { action=ACTION_UP, keyCode=KEYCODE_MOVE_END, scanCode=0, metaState=0, flags=0x0, repeatCount=0, eventTime=3093722, downTime=3093722, deviceId=-1, source=0x101 }
08-08 23:32:52.173 12285 12285 D AndroidRuntime: Shutting down VM
08-08 23:32:52.316 12295 12295 D AndroidRuntime: >>>>>> START com.android.internal.os.RuntimeInit uid 2000 <<<<<<
08-08 23:32:52.317 12295 12295 D AndroidRuntime: CheckJNI is ON
08-08 23:32:52.330 12295 12295 W art     : Unexpected CPU variant for X86 using defaults: x86
08-08 23:32:52.333 12295 12295 D ICU     : No timezone override file found: /data/misc/zoneinfo/current/icu/icu_tzdata.dat
08-08 23:32:52.343 12295 12295 E memtrack: Couldn't load memtrack module (No such file or directory)
08-08 23:32:52.343 12295 12295 E android.os.Debug: failed to load memtrack module: -2
08-08 23:32:52.344 12295 12295 I Radio-JNI: register_android_hardware_Radio DONE
08-08 23:32:52.348 12295 12295 D AndroidRuntime: Calling main entry com.android.commands.input.Input
08-08 23:32:52.351 12295 12295 I Input   : injectKeyEvent: KeyEvent { action=ACTION_DOWN, keyCode=KEYCODE_DEL, scanCode=0, metaState=0, flags=0x0, repeatCount=0, eventTime=3093905, downTime=3093905, deviceId=-1, source=0x101 }
08-08 23:32:52.352 12295 12295 I Input   : injectKeyEvent: KeyEvent { action=ACTION_UP, keyCode=KEYCODE_DEL, scanCode=0, metaState=0, flags=0x0, repeatCount=0, eventTime=3093905, downTime=3093905, deviceId=-1, source=0x101 }
08-08 23:32:52.353 12295 12295 I Input   : injectKeyEvent: KeyEvent { action=ACTION_DOWN, keyCode=KEYCODE_DEL, scanCode=0, metaState=0, flags=0x0, repeatCount=0, eventTime=3093909, downTime=3093909, deviceId=-1, source=0x101 }
08-08 23:32:52.354 12295 12295 I Input   : injectKeyEvent: KeyEvent { action=ACTION_UP, keyCode=KEYCODE_DEL, scanCode=0, metaState=0, flags=0x0, repeatCount=0, eventTime=3093909, downTime=3093909, deviceId=-1, source=0x101 }
08-08 23:32:52.355 12295 12295 I Input   : injectKeyEvent: KeyEvent { action=ACTION_DOWN, keyCode=KEYCODE_DEL, scanCode=0, metaState=0, flags=0x0, repeatCount=0, eventTime=3093911, downTime=3093911, deviceId=-1, source=0x101 }
08-08 23:32:52.356 12295 12295 I Input   : injectKeyEvent: KeyEvent { action=ACTION_UP, keyCode=KEYCODE_DEL, scanCode=0, metaState=0, flags=0x0, repeatCount=0, eventTime=3093911, downTime=3093911, deviceId=-1, source=0x101 }
08-08 23:32:52.357 12295 12295 I Input   : injectKeyEvent: KeyEvent { action=ACTION_DOWN, keyCode=KEYCODE_DEL, scanCode=0, metaState=0, flags=0x0, repeatCount=0, eventTime=3093912, downTime=3093912, deviceId=-1, source=0x101 }
08-08 23:32:52.358 12295 12295 I Input   : injectKeyEvent: KeyEvent { action=ACTION_UP, keyCode=KEYCODE_DEL, scanCode=0, metaState=0, flags=0x0, repeatCount=0, eventTime=3093912, downTime=3093912, deviceId=-1, source=0x101 }
08-08 23:32:52.359 12295 12295 I Input   : injectKeyEvent: KeyEvent { action=ACTION_DOWN, keyCode=KEYCODE_DEL, scanCode=0, metaState=0, flags=0x0, repeatCount=0, eventTime=3093914, downTime=3093914, deviceId=-1, source=0x101 }
08-08 23:32:52.360 12295 12295 I Input   : injectKeyEvent: KeyEvent { action=ACTION_UP, keyCode=KEYCODE_DEL, scanCode=0, metaState=0, flags=0x0, repeatCount=0, eventTime=3093914, downTime=3093914, deviceId=-1, source=0x101 }
08-08 23:32:52.361 12295 12295 I Input   : injectKeyEvent: KeyEvent { action=ACTION_DOWN, keyCode=KEYCODE_DEL, scanCode=0, metaState=0, flags=0x0, repeatCount=0, eventTime=3093916, downTime=3093916, deviceId=-1, source=0x101 }
08-08 23:32:52.363 12295 12295 I Input   : injectKeyEvent: KeyEvent { action=ACTION_UP, keyCode=KEYCODE_DEL, scanCode=0, metaState=0, flags=0x0, repeatCount=0, eventTime=3093916, downTime=3093916, deviceId=-1, source=0x101 }
08-08 23:32:52.363 12295 12295 I Input   : injectKeyEvent: KeyEvent { action=ACTION_DOWN, keyCode=KEYCODE_DEL, scanCode=0, metaState=0, flags=0x0, repeatCount=0, eventTime=3093919, downTime=3093919, deviceId=-1, source=0x101 }
08-08 23:32:52.365 12295 12295 I Input   : injectKeyEvent: KeyEvent { action=ACTION_UP, keyCode=KEYCODE_DEL, scanCode=0, metaState=0, flags=0x0, repeatCount=0, eventTime=3093919, downTime=3093919, deviceId=-1, source=0x101 }
08-08 23:32:52.367 12295 12295 I Input   : injectKeyEvent: KeyEvent { action=ACTION_DOWN, keyCode=KEYCODE_DEL, scanCode=0, metaState=0, flags=0x0, repeatCount=0, eventTime=3093922, downTime=3093922, deviceId=-1, source=0x101 }
08-08 23:32:52.368 12295 12295 I Input   : injectKeyEvent: KeyEvent { action=ACTION_UP, keyCode=KEYCODE_DEL, scanCode=0, metaState=0, flags=0x0, repeatCount=0, eventTime=3093922, downTime=3093922, deviceId=-1, source=0x101 }
08-08 23:32:52.368 12295 12295 I Input   : injectKeyEvent: KeyEvent { action=ACTION_DOWN, keyCode=KEYCODE_DEL, scanCode=0, metaState=0, flags=0x0, repeatCount=0, eventTime=3093924, downTime=3093924, deviceId=-1, source=0x101 }
08-08 23:32:52.373 12295 12295 I Input   : injectKeyEvent: KeyEvent { action=ACTION_UP, keyCode=KEYCODE_DEL, scanCode=0, metaState=0, flags=0x0, repeatCount=0, eventTime=3093924, downTime=3093924, deviceId=-1, source=0x101 }
08-08 23:32:52.373 12295 12295 I Input   : injectKeyEvent: KeyEvent { action=ACTION_DOWN, keyCode=KEYCODE_DEL, scanCode=0, metaState=0, flags=0x0, repeatCount=0, eventTime=3093929, downTime=3093929, deviceId=-1, source=0x101 }
08-08 23:32:52.375 12295 12295 I Input   : injectKeyEvent: KeyEvent { action=ACTION_UP, keyCode=KEYCODE_DEL, scanCode=0, metaState=0, flags=0x0, repeatCount=0, eventTime=3093929, downTime=3093929, deviceId=-1, source=0x101 }
08-08 23:32:52.376 12295 12295 I Input   : injectKeyEvent: KeyEvent { action=ACTION_DOWN, keyCode=KEYCODE_DEL, scanCode=0, metaState=0, flags=0x0, repeatCount=0, eventTime=3093931, downTime=3093931, deviceId=-1, source=0x101 }
08-08 23:32:52.377 12295 12295 I Input   : injectKeyEvent: KeyEvent { action=ACTION_UP, keyCode=KEYCODE_DEL, scanCode=0, metaState=0, flags=0x0, repeatCount=0, eventTime=3093931, downTime=3093931, deviceId=-1, source=0x101 }
08-08 23:32:52.379 12295 12295 I Input   : injectKeyEvent: KeyEvent { action=ACTION_DOWN, keyCode=KEYCODE_DEL, scanCode=0, metaState=0, flags=0x0, repeatCount=0, eventTime=3093934, downTime=3093934, deviceId=-1, source=0x101 }
08-08 23:32:52.380 12295 12295 I Input   : injectKeyEvent: KeyEvent { action=ACTION_UP, keyCode=KEYCODE_DEL, scanCode=0, metaState=0, flags=0x0, repeatCount=0, eventTime=3093934, downTime=3093934, deviceId=-1, source=0x101 }
08-08 23:32:52.380 12295 12295 I Input   : injectKeyEvent: KeyEvent { action=ACTION_DOWN, keyCode=KEYCODE_DEL, scanCode=0, metaState=0, flags=0x0, repeatCount=0, eventTime=3093936, downTime=3093936, deviceId=-1, source=0x101 }
08-08 23:32:52.381 12295 12295 I Input   : injectKeyEvent: KeyEvent { action=ACTION_UP, keyCode=KEYCODE_DEL, scanCode=0, metaState=0, flags=0x0, repeatCount=0, eventTime=3093936, downTime=3093936, deviceId=-1, source=0x101 }
08-08 23:32:52.382 12295 12295 I Input   : injectKeyEvent: KeyEvent { action=ACTION_DOWN, keyCode=KEYCODE_DEL, scanCode=0, metaState=0, flags=0x0, repeatCount=0, eventTime=3093937, downTime=3093937, deviceId=-1, source=0x101 }
08-08 23:32:52.382 12295 12295 I Input   : injectKeyEvent: KeyEvent { action=ACTION_UP, keyCode=KEYCODE_DEL, scanCode=0, metaState=0, flags=0x0, repeatCount=0, eventTime=3093937, downTime=3093937, deviceId=-1, source=0x101 }
08-08 23:32:52.383 12295 12295 I Input   : injectKeyEvent: KeyEvent { action=ACTION_DOWN, keyCode=KEYCODE_DEL, scanCode=0, metaState=0, flags=0x0, repeatCount=0, eventTime=3093939, downTime=3093939, deviceId=-1, source=0x101 }
08-08 23:32:52.384 12295 12295 I Input   : injectKeyEvent: KeyEvent { action=ACTION_UP, keyCode=KEYCODE_DEL, scanCode=0, metaState=0, flags=0x0, repeatCount=0, eventTime=3093939, downTime=3093939, deviceId=-1, source=0x101 }
08-08 23:32:52.384 12295 12295 I Input   : injectKeyEvent: KeyEvent { action=ACTION_DOWN, keyCode=KEYCODE_DEL, scanCode=0, metaState=0, flags=0x0, repeatCount=0, eventTime=3093940, downTime=3093940, deviceId=-1, source=0x101 }
08-08 23:32:52.385 12295 12295 I Input   : injectKeyEvent: KeyEvent { action=ACTION_UP, keyCode=KEYCODE_DEL, scanCode=0, metaState=0, flags=0x0, repeatCount=0, eventTime=3093940, downTime=3093940, deviceId=-1, source=0x101 }
08-08 23:32:52.386 12295 12295 I Input   : injectKeyEvent: KeyEvent { action=ACTION_DOWN, keyCode=KEYCODE_DEL, scanCode=0, metaState=0, flags=0x0, repeatCount=0, eventTime=3093942, downTime=3093942, deviceId=-1, source=0x101 }
08-08 23:32:52.387 12295 12295 I Input   : injectKeyEvent: KeyEvent { action=ACTION_UP, keyCode=KEYCODE_DEL, scanCode=0, metaState=0, flags=0x0, repeatCount=0, eventTime=3093942, downTime=3093942, deviceId=-1, source=0x101 }
08-08 23:32:52.388 12295 12295 I Input   : injectKeyEvent: KeyEvent { action=ACTION_DOWN, keyCode=KEYCODE_DEL, scanCode=0, metaState=0, flags=0x0, repeatCount=0, eventTime=3093944, downTime=3093944, deviceId=-1, source=0x101 }
08-08 23:32:52.390 12295 12295 I Input   : injectKeyEvent: KeyEvent { action=ACTION_UP, keyCode=KEYCODE_DEL, scanCode=0, metaState=0, flags=0x0, repeatCount=0, eventTime=3093944, downTime=3093944, deviceId=-1, source=0x101 }
08-08 23:32:52.392 12295 12295 I Input   : injectKeyEvent: KeyEvent { action=ACTION_DOWN, keyCode=KEYCODE_DEL, scanCode=0, metaState=0, flags=0x0, repeatCount=0, eventTime=3093947, downTime=3093947, deviceId=-1, source=0x101 }
08-08 23:32:52.393 12295 12295 I Input   : injectKeyEvent: KeyEvent { action=ACTION_UP, keyCode=KEYCODE_DEL, scanCode=0, metaState=0, flags=0x0, repeatCount=0, eventTime=3093947, downTime=3093947, deviceId=-1, source=0x101 }
08-08 23:32:52.393 12295 12295 I Input   : injectKeyEvent: KeyEvent { action=ACTION_DOWN, keyCode=KEYCODE_DEL, scanCode=0, metaState=0, flags=0x0, repeatCount=0, eventTime=3093949, downTime=3093949, deviceId=-1, source=0x101 }
08-08 23:32:52.395 12295 12295 I Input   : injectKeyEvent: KeyEvent { action=ACTION_UP, keyCode=KEYCODE_DEL, scanCode=0, metaState=0, flags=0x0, repeatCount=0, eventTime=3093949, downTime=3093949, deviceId=-1, source=0x101 }
08-08 23:32:52.396 12295 12295 I Input   : injectKeyEvent: KeyEvent { action=ACTION_DOWN, keyCode=KEYCODE_DEL, scanCode=0, metaState=0, flags=0x0, repeatCount=0, eventTime=3093951, downTime=3093951, deviceId=-1, source=0x101 }
08-08 23:32:52.396 12295 12295 I Input   : injectKeyEvent: KeyEvent { action=ACTION_UP, keyCode=KEYCODE_DEL, scanCode=0, metaState=0, flags=0x0, repeatCount=0, eventTime=3093951, downTime=3093951, deviceId=-1, source=0x101 }
08-08 23:32:52.398 12295 12295 I Input   : injectKeyEvent: KeyEvent { action=ACTION_DOWN, keyCode=KEYCODE_DEL, scanCode=0, metaState=0, flags=0x0, repeatCount=0, eventTime=3093953, downTime=3093953, deviceId=-1, source=0x101 }
08-08 23:32:52.398 12295 12295 I Input   : injectKeyEvent: KeyEvent { action=ACTION_UP, keyCode=KEYCODE_DEL, scanCode=0, metaState=0, flags=0x0, repeatCount=0, eventTime=3093953, downTime=3093953, deviceId=-1, source=0x101 }
08-08 23:32:52.399 12295 12295 I Input   : injectKeyEvent: KeyEvent { action=ACTION_DOWN, keyCode=KEYCODE_DEL, scanCode=0, metaState=0, flags=0x0, repeatCount=0, eventTime=3093954, downTime=3093954, deviceId=-1, source=0x101 }
08-08 23:32:52.400 12295 12295 I Input   : injectKeyEvent: KeyEvent { action=ACTION_UP, keyCode=KEYCODE_DEL, scanCode=0, metaState=0, flags=0x0, repeatCount=0, eventTime=3093954, downTime=3093954, deviceId=-1, source=0x101 }
08-08 23:32:52.401 12295 12295 I Input   : injectKeyEvent: KeyEvent { action=ACTION_DOWN, keyCode=KEYCODE_DEL, scanCode=0, metaState=0, flags=0x0, repeatCount=0, eventTime=3093956, downTime=3093956, deviceId=-1, source=0x101 }
08-08 23:32:52.401 12295 12295 I Input   : injectKeyEvent: KeyEvent { action=ACTION_UP, keyCode=KEYCODE_DEL, scanCode=0, metaState=0, flags=0x0, repeatCount=0, eventTime=3093956, downTime=3093956, deviceId=-1, source=0x101 }
08-08 23:32:52.402 12295 12295 I Input   : injectKeyEvent: KeyEvent { action=ACTION_DOWN, keyCode=KEYCODE_DEL, scanCode=0, metaState=0, flags=0x0, repeatCount=0, eventTime=3093957, downTime=3093957, deviceId=-1, source=0x101 }
08-08 23:32:52.405 12295 12295 I Input   : injectKeyEvent: KeyEvent { action=ACTION_UP, keyCode=KEYCODE_DEL, scanCode=0, metaState=0, flags=0x0, repeatCount=0, eventTime=3093957, downTime=3093957, deviceId=-1, source=0x101 }
08-08 23:32:52.406 12295 12295 I Input   : injectKeyEvent: KeyEvent { action=ACTION_DOWN, keyCode=KEYCODE_DEL, scanCode=0, metaState=0, flags=0x0, repeatCount=0, eventTime=3093961, downTime=3093961, deviceId=-1, source=0x101 }
08-08 23:32:52.406 12295 12295 I Input   : injectKeyEvent: KeyEvent { action=ACTION_UP, keyCode=KEYCODE_DEL, scanCode=0, metaState=0, flags=0x0, repeatCount=0, eventTime=3093961, downTime=3093961, deviceId=-1, source=0x101 }
08-08 23:32:52.408 12295 12295 I Input   : injectKeyEvent: KeyEvent { action=ACTION_DOWN, keyCode=KEYCODE_DEL, scanCode=0, metaState=0, flags=0x0, repeatCount=0, eventTime=3093963, downTime=3093963, deviceId=-1, source=0x101 }
08-08 23:32:52.408 12295 12295 I Input   : injectKeyEvent: KeyEvent { action=ACTION_UP, keyCode=KEYCODE_DEL, scanCode=0, metaState=0, flags=0x0, repeatCount=0, eventTime=3093963, downTime=3093963, deviceId=-1, source=0x101 }
08-08 23:32:52.409 12295 12295 I Input   : injectKeyEvent: KeyEvent { action=ACTION_DOWN, keyCode=KEYCODE_DEL, scanCode=0, metaState=0, flags=0x0, repeatCount=0, eventTime=3093965, downTime=3093965, deviceId=-1, source=0x101 }
08-08 23:32:52.410 12295 12295 I Input   : injectKeyEvent: KeyEvent { action=ACTION_UP, keyCode=KEYCODE_DEL, scanCode=0, metaState=0, flags=0x0, repeatCount=0, eventTime=3093965, downTime=3093965, deviceId=-1, source=0x101 }
08-08 23:32:52.411 12295 12295 I Input   : injectKeyEvent: KeyEvent { action=ACTION_DOWN, keyCode=KEYCODE_DEL, scanCode=0, metaState=0, flags=0x0, repeatCount=0, eventTime=3093967, downTime=3093967, deviceId=-1, source=0x101 }
08-08 23:32:52.412 12295 12295 I Input   : injectKeyEvent: KeyEvent { action=ACTION_UP, keyCode=KEYCODE_DEL, scanCode=0, metaState=0, flags=0x0, repeatCount=0, eventTime=3093967, downTime=3093967, deviceId=-1, source=0x101 }
08-08 23:32:52.414 12295 12295 I Input   : injectKeyEvent: KeyEvent { action=ACTION_DOWN, keyCode=KEYCODE_DEL, scanCode=0, metaState=0, flags=0x0, repeatCount=0, eventTime=3093969, downTime=3093969, deviceId=-1, source=0x101 }
08-08 23:32:52.414 12295 12295 I Input   : injectKeyEvent: KeyEvent { action=ACTION_UP, keyCode=KEYCODE_DEL, scanCode=0, metaState=0, flags=0x0, repeatCount=0, eventTime=3093969, downTime=3093969, deviceId=-1, source=0x101 }
08-08 23:32:52.416 12295 12295 I Input   : injectKeyEvent: KeyEvent { action=ACTION_DOWN, keyCode=KEYCODE_DEL, scanCode=0, metaState=0, flags=0x0, repeatCount=0, eventTime=3093971, downTime=3093971, deviceId=-1, source=0x101 }
08-08 23:32:52.416 12295 12295 I Input   : injectKeyEvent: KeyEvent { action=ACTION_UP, keyCode=KEYCODE_DEL, scanCode=0, metaState=0, flags=0x0, repeatCount=0, eventTime=3093971, downTime=3093971, deviceId=-1, source=0x101 }
08-08 23:32:52.417 12295 12295 I Input   : injectKeyEvent: KeyEvent { action=ACTION_DOWN, keyCode=KEYCODE_DEL, scanCode=0, metaState=0, flags=0x0, repeatCount=0, eventTime=3093972, downTime=3093972, deviceId=-1, source=0x101 }
08-08 23:32:52.417 12295 12295 I Input   : injectKeyEvent: KeyEvent { action=ACTION_UP, keyCode=KEYCODE_DEL, scanCode=0, metaState=0, flags=0x0, repeatCount=0, eventTime=3093972, downTime=3093972, deviceId=-1, source=0x101 }
08-08 23:32:52.418 12295 12295 I Input   : injectKeyEvent: KeyEvent { action=ACTION_DOWN, keyCode=KEYCODE_DEL, scanCode=0, metaState=0, flags=0x0, repeatCount=0, eventTime=3093974, downTime=3093974, deviceId=-1, source=0x101 }
08-08 23:32:52.419 12295 12295 I Input   : injectKeyEvent: KeyEvent { action=ACTION_UP, keyCode=KEYCODE_DEL, scanCode=0, metaState=0, flags=0x0, repeatCount=0, eventTime=3093974, downTime=3093974, deviceId=-1, source=0x101 }
08-08 23:32:52.420 12295 12295 I Input   : injectKeyEvent: KeyEvent { action=ACTION_DOWN, keyCode=KEYCODE_DEL, scanCode=0, metaState=0, flags=0x0, repeatCount=0, eventTime=3093976, downTime=3093976, deviceId=-1, source=0x101 }
08-08 23:32:52.421 12295 12295 I Input   : injectKeyEvent: KeyEvent { action=ACTION_UP, keyCode=KEYCODE_DEL, scanCode=0, metaState=0, flags=0x0, repeatCount=0, eventTime=3093976, downTime=3093976, deviceId=-1, source=0x101 }
08-08 23:32:52.422 12295 12295 I Input   : injectKeyEvent: KeyEvent { action=ACTION_DOWN, keyCode=KEYCODE_DEL, scanCode=0, metaState=0, flags=0x0, repeatCount=0, eventTime=3093977, downTime=3093977, deviceId=-1, source=0x101 }
08-08 23:32:52.423 12295 12295 I Input   : injectKeyEvent: KeyEvent { action=ACTION_UP, keyCode=KEYCODE_DEL, scanCode=0, metaState=0, flags=0x0, repeatCount=0, eventTime=3093977, downTime=3093977, deviceId=-1, source=0x101 }
08-08 23:32:52.424 12295 12295 I Input   : injectKeyEvent: KeyEvent { action=ACTION_DOWN, keyCode=KEYCODE_DEL, scanCode=0, metaState=0, flags=0x0, repeatCount=0, eventTime=3093979, downTime=3093979, deviceId=-1, source=0x101 }
08-08 23:32:52.425 12295 12295 I Input   : injectKeyEvent: KeyEvent { action=ACTION_UP, keyCode=KEYCODE_DEL, scanCode=0, metaState=0, flags=0x0, repeatCount=0, eventTime=3093979, downTime=3093979, deviceId=-1, source=0x101 }
08-08 23:32:52.426 12295 12295 I Input   : injectKeyEvent: KeyEvent { action=ACTION_DOWN, keyCode=KEYCODE_DEL, scanCode=0, metaState=0, flags=0x0, repeatCount=0, eventTime=3093981, downTime=3093981, deviceId=-1, source=0x101 }
08-08 23:32:52.427 12295 12295 I Input   : injectKeyEvent: KeyEvent { action=ACTION_UP, keyCode=KEYCODE_DEL, scanCode=0, metaState=0, flags=0x0, repeatCount=0, eventTime=3093981, downTime=3093981, deviceId=-1, source=0x101 }
08-08 23:32:52.427 12295 12295 I Input   : injectKeyEvent: KeyEvent { action=ACTION_DOWN, keyCode=KEYCODE_DEL, scanCode=0, metaState=0, flags=0x0, repeatCount=0, eventTime=3093983, downTime=3093983, deviceId=-1, source=0x101 }
08-08 23:32:52.428 12295 12295 I Input   : injectKeyEvent: KeyEvent { action=ACTION_UP, keyCode=KEYCODE_DEL, scanCode=0, metaState=0, flags=0x0, repeatCount=0, eventTime=3093983, downTime=3093983, deviceId=-1, source=0x101 }
08-08 23:32:52.429 12295 12295 I Input   : injectKeyEvent: KeyEvent { action=ACTION_DOWN, keyCode=KEYCODE_DEL, scanCode=0, metaState=0, flags=0x0, repeatCount=0, eventTime=3093984, downTime=3093984, deviceId=-1, source=0x101 }
08-08 23:32:52.429 12295 12295 I Input   : injectKeyEvent: KeyEvent { action=ACTION_UP, keyCode=KEYCODE_DEL, scanCode=0, metaState=0, flags=0x0, repeatCount=0, eventTime=3093984, downTime=3093984, deviceId=-1, source=0x101 }
08-08 23:32:52.430 12295 12295 I Input   : injectKeyEvent: KeyEvent { action=ACTION_DOWN, keyCode=KEYCODE_DEL, scanCode=0, metaState=0, flags=0x0, repeatCount=0, eventTime=3093986, downTime=3093986, deviceId=-1, source=0x101 }
08-08 23:32:52.432 12295 12295 I Input   : injectKeyEvent: KeyEvent { action=ACTION_UP, keyCode=KEYCODE_DEL, scanCode=0, metaState=0, flags=0x0, repeatCount=0, eventTime=3093986, downTime=3093986, deviceId=-1, source=0x101 }
08-08 23:32:52.432 12295 12295 I Input   : injectKeyEvent: KeyEvent { action=ACTION_DOWN, keyCode=KEYCODE_DEL, scanCode=0, metaState=0, flags=0x0, repeatCount=0, eventTime=3093987, downTime=3093987, deviceId=-1, source=0x101 }
08-08 23:32:52.435 12295 12295 I Input   : injectKeyEvent: KeyEvent { action=ACTION_UP, keyCode=KEYCODE_DEL, scanCode=0, metaState=0, flags=0x0, repeatCount=0, eventTime=3093987, downTime=3093987, deviceId=-1, source=0x101 }
08-08 23:32:52.436 12295 12295 I Input   : injectKeyEvent: KeyEvent { action=ACTION_DOWN, keyCode=KEYCODE_DEL, scanCode=0, metaState=0, flags=0x0, repeatCount=0, eventTime=3093991, downTime=3093991, deviceId=-1, source=0x101 }
08-08 23:32:52.437 12295 12295 I Input   : injectKeyEvent: KeyEvent { action=ACTION_UP, keyCode=KEYCODE_DEL, scanCode=0, metaState=0, flags=0x0, repeatCount=0, eventTime=3093991, downTime=3093991, deviceId=-1, source=0x101 }
08-08 23:32:52.438 12295 12295 I Input   : injectKeyEvent: KeyEvent { action=ACTION_DOWN, keyCode=KEYCODE_DEL, scanCode=0, metaState=0, flags=0x0, repeatCount=0, eventTime=3093993, downTime=3093993, deviceId=-1, source=0x101 }
08-08 23:32:52.439 12295 12295 I Input   : injectKeyEvent: KeyEvent { action=ACTION_UP, keyCode=KEYCODE_DEL, scanCode=0, metaState=0, flags=0x0, repeatCount=0, eventTime=3093993, downTime=3093993, deviceId=-1, source=0x101 }
08-08 23:32:52.440 12295 12295 I Input   : injectKeyEvent: KeyEvent { action=ACTION_DOWN, keyCode=KEYCODE_DEL, scanCode=0, metaState=0, flags=0x0, repeatCount=0, eventTime=3093995, downTime=3093995, deviceId=-1, source=0x101 }
08-08 23:32:52.441 12295 12295 I Input   : injectKeyEvent: KeyEvent { action=ACTION_UP, keyCode=KEYCODE_DEL, scanCode=0, metaState=0, flags=0x0, repeatCount=0, eventTime=3093995, downTime=3093995, deviceId=-1, source=0x101 }
08-08 23:32:52.443 12295 12295 I Input   : injectKeyEvent: KeyEvent { action=ACTION_DOWN, keyCode=KEYCODE_DEL, scanCode=0, metaState=0, flags=0x0, repeatCount=0, eventTime=3093999, downTime=3093999, deviceId=-1, source=0x101 }
08-08 23:32:52.445 12295 12295 I Input   : injectKeyEvent: KeyEvent { action=ACTION_UP, keyCode=KEYCODE_DEL, scanCode=0, metaState=0, flags=0x0, repeatCount=0, eventTime=3093999, downTime=3093999, deviceId=-1, source=0x101 }
08-08 23:32:52.446 12295 12295 I Input   : injectKeyEvent: KeyEvent { action=ACTION_DOWN, keyCode=KEYCODE_DEL, scanCode=0, metaState=0, flags=0x0, repeatCount=0, eventTime=3094001, downTime=3094001, deviceId=-1, source=0x101 }
08-08 23:32:52.446 12295 12295 I Input   : injectKeyEvent: KeyEvent { action=ACTION_UP, keyCode=KEYCODE_DEL, scanCode=0, metaState=0, flags=0x0, repeatCount=0, eventTime=3094001, downTime=3094001, deviceId=-1, source=0x101 }
08-08 23:32:52.447 12295 12295 I Input   : injectKeyEvent: KeyEvent { action=ACTION_DOWN, keyCode=KEYCODE_DEL, scanCode=0, metaState=0, flags=0x0, repeatCount=0, eventTime=3094003, downTime=3094003, deviceId=-1, source=0x101 }
08-08 23:32:52.448 12295 12295 I Input   : injectKeyEvent: KeyEvent { action=ACTION_UP, keyCode=KEYCODE_DEL, scanCode=0, metaState=0, flags=0x0, repeatCount=0, eventTime=3094003, downTime=3094003, deviceId=-1, source=0x101 }
08-08 23:32:52.449 12295 12295 I Input   : injectKeyEvent: KeyEvent { action=ACTION_DOWN, keyCode=KEYCODE_DEL, scanCode=0, metaState=0, flags=0x0, repeatCount=0, eventTime=3094004, downTime=3094004, deviceId=-1, source=0x101 }
08-08 23:32:52.450 12295 12295 I Input   : injectKeyEvent: KeyEvent { action=ACTION_UP, keyCode=KEYCODE_DEL, scanCode=0, metaState=0, flags=0x0, repeatCount=0, eventTime=3094004, downTime=3094004, deviceId=-1, source=0x101 }
08-08 23:32:52.454 12295 12295 I Input   : injectKeyEvent: KeyEvent { action=ACTION_DOWN, keyCode=KEYCODE_DEL, scanCode=0, metaState=0, flags=0x0, repeatCount=0, eventTime=3094009, downTime=3094009, deviceId=-1, source=0x101 }
08-08 23:32:52.455 12295 12295 I Input   : injectKeyEvent: KeyEvent { action=ACTION_UP, keyCode=KEYCODE_DEL, scanCode=0, metaState=0, flags=0x0, repeatCount=0, eventTime=3094009, downTime=3094009, deviceId=-1, source=0x101 }
08-08 23:32:52.455 12295 12295 I Input   : injectKeyEvent: KeyEvent { action=ACTION_DOWN, keyCode=KEYCODE_DEL, scanCode=0, metaState=0, flags=0x0, repeatCount=0, eventTime=3094011, downTime=3094011, deviceId=-1, source=0x101 }
08-08 23:32:52.456 12295 12295 I Input   : injectKeyEvent: KeyEvent { action=ACTION_UP, keyCode=KEYCODE_DEL, scanCode=0, metaState=0, flags=0x0, repeatCount=0, eventTime=3094011, downTime=3094011, deviceId=-1, source=0x101 }
08-08 23:32:52.457 12295 12295 D AndroidRuntime: Shutting down VM
08-08 23:32:52.599 12305 12305 D AndroidRuntime: >>>>>> START com.android.internal.os.RuntimeInit uid 2000 <<<<<<
08-08 23:32:52.600 12305 12305 D AndroidRuntime: CheckJNI is ON
08-08 23:32:52.611 12305 12305 W art     : Unexpected CPU variant for X86 using defaults: x86
08-08 23:32:52.613 12305 12305 D ICU     : No timezone override file found: /data/misc/zoneinfo/current/icu/icu_tzdata.dat
08-08 23:32:52.622 12305 12305 E memtrack: Couldn't load memtrack module (No such file or directory)
08-08 23:32:52.622 12305 12305 E android.os.Debug: failed to load memtrack module: -2
08-08 23:32:52.623 12305 12305 I Radio-JNI: register_android_hardware_Radio DONE
08-08 23:32:52.627 12305 12305 D AndroidRuntime: Calling main entry com.android.commands.input.Input
08-08 23:32:52.631 12305 12305 I Input   : injectKeyEvent: KeyEvent { action=ACTION_DOWN, keyCode=KEYCODE_SHIFT_LEFT, scanCode=0, metaState=META_SHIFT_ON|META_SHIFT_LEFT_ON, flags=0x0, repeatCount=0, eventTime=3094186, downTime=3094186, deviceId=-1, source=0x101 }
08-08 23:32:52.633 12305 12305 I Input   : injectKeyEvent: KeyEvent { action=ACTION_DOWN, keyCode=KEYCODE_T, scanCode=0, metaState=META_SHIFT_ON|META_SHIFT_LEFT_ON, flags=0x0, repeatCount=0, eventTime=3094186, downTime=3094186, deviceId=-1, source=0x101 }
08-08 23:32:52.637 12305 12305 I Input   : injectKeyEvent: KeyEvent { action=ACTION_UP, keyCode=KEYCODE_T, scanCode=0, metaState=META_SHIFT_ON|META_SHIFT_LEFT_ON, flags=0x0, repeatCount=0, eventTime=3094186, downTime=3094186, deviceId=-1, source=0x101 }
08-08 23:32:52.638 12305 12305 I Input   : injectKeyEvent: KeyEvent { action=ACTION_UP, keyCode=KEYCODE_SHIFT_LEFT, scanCode=0, metaState=0, flags=0x0, repeatCount=0, eventTime=3094186, downTime=3094186, deviceId=-1, source=0x101 }
08-08 23:32:52.638 12305 12305 I Input   : injectKeyEvent: KeyEvent { action=ACTION_DOWN, keyCode=KEYCODE_E, scanCode=0, metaState=0, flags=0x0, repeatCount=0, eventTime=3094186, downTime=3094186, deviceId=-1, source=0x101 }
08-08 23:32:52.640 12305 12305 I Input   : injectKeyEvent: KeyEvent { action=ACTION_UP, keyCode=KEYCODE_E, scanCode=0, metaState=0, flags=0x0, repeatCount=0, eventTime=3094186, downTime=3094186, deviceId=-1, source=0x101 }
08-08 23:32:52.641 12305 12305 I Input   : injectKeyEvent: KeyEvent { action=ACTION_DOWN, keyCode=KEYCODE_S, scanCode=0, metaState=0, flags=0x0, repeatCount=0, eventTime=3094186, downTime=3094186, deviceId=-1, source=0x101 }
08-08 23:32:52.643 12305 12305 I Input   : injectKeyEvent: KeyEvent { action=ACTION_UP, keyCode=KEYCODE_S, scanCode=0, metaState=0, flags=0x0, repeatCount=0, eventTime=3094186, downTime=3094186, deviceId=-1, source=0x101 }
08-08 23:32:52.643 12305 12305 I Input   : injectKeyEvent: KeyEvent { action=ACTION_DOWN, keyCode=KEYCODE_T, scanCode=0, metaState=0, flags=0x0, repeatCount=0, eventTime=3094186, downTime=3094186, deviceId=-1, source=0x101 }
08-08 23:32:52.646 12305 12305 I Input   : injectKeyEvent: KeyEvent { action=ACTION_UP, keyCode=KEYCODE_T, scanCode=0, metaState=0, flags=0x0, repeatCount=0, eventTime=3094186, downTime=3094186, deviceId=-1, source=0x101 }
08-08 23:32:52.647 12305 12305 I Input   : injectKeyEvent: KeyEvent { action=ACTION_DOWN, keyCode=KEYCODE_SHIFT_LEFT, scanCode=0, metaState=META_SHIFT_ON|META_SHIFT_LEFT_ON, flags=0x0, repeatCount=0, eventTime=3094186, downTime=3094186, deviceId=-1, source=0x101 }
08-08 23:32:52.647 12305 12305 I Input   : injectKeyEvent: KeyEvent { action=ACTION_DOWN, keyCode=KEYCODE_T, scanCode=0, metaState=META_SHIFT_ON|META_SHIFT_LEFT_ON, flags=0x0, repeatCount=0, eventTime=3094186, downTime=3094186, deviceId=-1, source=0x101 }
08-08 23:32:52.650 12305 12305 I Input   : injectKeyEvent: KeyEvent { action=ACTION_UP, keyCode=KEYCODE_T, scanCode=0, metaState=META_SHIFT_ON|META_SHIFT_LEFT_ON, flags=0x0, repeatCount=0, eventTime=3094186, downTime=3094186, deviceId=-1, source=0x101 }
08-08 23:32:52.651 12305 12305 I Input   : injectKeyEvent: KeyEvent { action=ACTION_UP, keyCode=KEYCODE_SHIFT_LEFT, scanCode=0, metaState=0, flags=0x0, repeatCount=0, eventTime=3094186, downTime=3094186, deviceId=-1, source=0x101 }
08-08 23:32:52.653 12305 12305 I Input   : injectKeyEvent: KeyEvent { action=ACTION_DOWN, keyCode=KEYCODE_E, scanCode=0, metaState=0, flags=0x0, repeatCount=0, eventTime=3094186, downTime=3094186, deviceId=-1, source=0x101 }
08-08 23:32:52.654 12305 12305 I Input   : injectKeyEvent: KeyEvent { action=ACTION_UP, keyCode=KEYCODE_E, scanCode=0, metaState=0, flags=0x0, repeatCount=0, eventTime=3094186, downTime=3094186, deviceId=-1, source=0x101 }
08-08 23:32:52.655 12305 12305 I Input   : injectKeyEvent: KeyEvent { action=ACTION_DOWN, keyCode=KEYCODE_S, scanCode=0, metaState=0, flags=0x0, repeatCount=0, eventTime=3094186, downTime=3094186, deviceId=-1, source=0x101 }
08-08 23:32:52.659 12305 12305 I Input   : injectKeyEvent: KeyEvent { action=ACTION_UP, keyCode=KEYCODE_S, scanCode=0, metaState=0, flags=0x0, repeatCount=0, eventTime=3094186, downTime=3094186, deviceId=-1, source=0x101 }
08-08 23:32:52.660 12305 12305 I Input   : injectKeyEvent: KeyEvent { action=ACTION_DOWN, keyCode=KEYCODE_T, scanCode=0, metaState=0, flags=0x0, repeatCount=0, eventTime=3094186, downTime=3094186, deviceId=-1, source=0x101 }
08-08 23:32:52.663 12305 12305 I Input   : injectKeyEvent: KeyEvent { action=ACTION_UP, keyCode=KEYCODE_T, scanCode=0, metaState=0, flags=0x0, repeatCount=0, eventTime=3094186, downTime=3094186, deviceId=-1, source=0x101 }
08-08 23:32:52.664 12305 12305 I Input   : injectKeyEvent: KeyEvent { action=ACTION_DOWN, keyCode=KEYCODE_SPACE, scanCode=0, metaState=0, flags=0x0, repeatCount=0, eventTime=3094186, downTime=3094186, deviceId=-1, source=0x101 }
08-08 23:32:52.665 12305 12305 I Input   : injectKeyEvent: KeyEvent { action=ACTION_UP, keyCode=KEYCODE_SPACE, scanCode=0, metaState=0, flags=0x0, repeatCount=0, eventTime=3094186, downTime=3094186, deviceId=-1, source=0x101 }
08-08 23:32:52.666 12305 12305 I Input   : injectKeyEvent: KeyEvent { action=ACTION_DOWN, keyCode=KEYCODE_SHIFT_LEFT, scanCode=0, metaState=META_SHIFT_ON|META_SHIFT_LEFT_ON, flags=0x0, repeatCount=0, eventTime=3094186, downTime=3094186, deviceId=-1, source=0x101 }
08-08 23:32:52.666 12305 12305 I Input   : injectKeyEvent: KeyEvent { action=ACTION_DOWN, keyCode=KEYCODE_T, scanCode=0, metaState=META_SHIFT_ON|META_SHIFT_LEFT_ON, flags=0x0, repeatCount=0, eventTime=3094186, downTime=3094186, deviceId=-1, source=0x101 }
08-08 23:32:52.668 12305 12305 I Input   : injectKeyEvent: KeyEvent { action=ACTION_UP, keyCode=KEYCODE_T, scanCode=0, metaState=META_SHIFT_ON|META_SHIFT_LEFT_ON, flags=0x0, repeatCount=0, eventTime=3094186, downTime=3094186, deviceId=-1, source=0x101 }
08-08 23:32:52.668 12305 12305 I Input   : injectKeyEvent: KeyEvent { action=ACTION_UP, keyCode=KEYCODE_SHIFT_LEFT, scanCode=0, metaState=0, flags=0x0, repeatCount=0, eventTime=3094186, downTime=3094186, deviceId=-1, source=0x101 }
08-08 23:32:52.669 12305 12305 I Input   : injectKeyEvent: KeyEvent { action=ACTION_DOWN, keyCode=KEYCODE_E, scanCode=0, metaState=0, flags=0x0, repeatCount=0, eventTime=3094186, downTime=3094186, deviceId=-1, source=0x101 }
