08-08 23:34:58.375 15713 15713 I Input   : injectKeyEvent: KeyEvent { action=ACTION_DOWN, keyCode=KEYCODE_DEL, scanCode=0, metaState=0, flags=0x0, repeatCount=0, eventTime=3219930, downTime=3219930, deviceId=-1, source=0x101 }
08-08 23:34:58.376 15713 15713 I Input   : injectKeyEvent: KeyEvent { action=ACTION_UP, keyCode=KEYCODE_DEL, scanCode=0, metaState=0, flags=0x0, repeatCount=0, eventTime=3219930, downTime=3219930, deviceId=-1, source=0x101 }
08-08 23:34:58.376 15713 15713 I Input   : injectKeyEvent: KeyEvent { action=ACTION_DOWN, keyCode=KEYCODE_DEL, scanCode=0, metaState=0, flags=0x0, repeatCount=0, eventTime=3219932, downTime=3219932, deviceId=-1, source=0x101 }
08-08 23:34:58.378 15713 15713 I Input   : injectKeyEvent: KeyEvent { action=ACTION_UP, keyCode=KEYCODE_DEL, scanCode=0, metaState=0, flags=0x0, repeatCount=0, eventTime=3219932, downTime=3219932, deviceId=-1, source=0x101 }
08-08 23:34:58.379 15713 15713 I Input   : injectKeyEvent: KeyEvent { action=ACTION_DOWN, keyCode=KEYCODE_DEL, scanCode=0, metaState=0, flags=0x0, repeatCount=0, eventTime=3219935, downTime=3219935, deviceId=-1, source=0x101 }
08-08 23:34:58.380 15713 15713 I Input   : injectKeyEvent: KeyEvent { action=ACTION_UP, keyCode=KEYCODE_DEL, scanCode=0, metaState=0, flags=0x0, repeatCount=0, eventTime=3219935, downTime=3219935, deviceId=-1, source=0x101 }
08-08 23:34:58.381 15713 15713 I Input   : injectKeyEvent: KeyEvent { action=ACTION_DOWN, keyCode=KEYCODE_DEL, scanCode=0, metaState=0, flags=0x0, repeatCount=0, eventTime=3219937, downTime=3219937, deviceId=-1, source=0x101 }
08-08 23:34:58.382 15713 15713 I Input   : injectKeyEvent: KeyEvent { action=ACTION_UP, keyCode=KEYCODE_DEL, scanCode=0, metaState=0, flags=0x0, repeatCount=0, eventTime=3219937, downTime=3219937, deviceId=-1, source=0x101 }
08-08 23:34:58.383 15713 15713 I Input   : injectKeyEvent: KeyEvent { action=ACTION_DOWN, keyCode=KEYCODE_DEL, scanCode=0, metaState=0, flags=0x0, repeatCount=0, eventTime=3219938, downTime=3219938, deviceId=-1, source=0x101 }
08-08 23:34:58.383 15713 15713 I Input   : injectKeyEvent: KeyEvent { action=ACTION_UP, keyCode=KEYCODE_DEL, scanCode=0, metaState=0, flags=0x0, repeatCount=0, eventTime=3219938, downTime=3219938, deviceId=-1, source=0x101 }
08-08 23:34:58.384 15713 15713 I Input   : injectKeyEvent: KeyEvent { action=ACTION_DOWN, keyCode=KEYCODE_DEL, scanCode=0, metaState=0, flags=0x0, repeatCount=0, eventTime=3219939, downTime=3219939, deviceId=-1, source=0x101 }
08-08 23:34:58.385 15713 15713 I Input   : injectKeyEvent: KeyEvent { action=ACTION_UP, keyCode=KEYCODE_DEL, scanCode=0, metaState=0, flags=0x0, repeatCount=0, eventTime=3219939, downTime=3219939, deviceId=-1, source=0x101 }
08-08 23:34:58.386 15713 15713 I Input   : injectKeyEvent: KeyEvent { action=ACTION_DOWN, keyCode=KEYCODE_DEL, scanCode=0, metaState=0, flags=0x0, repeatCount=0, eventTime=3219941, downTime=3219941, deviceId=-1, source=0x101 }
08-08 23:34:58.386 15713 15713 I Input   : injectKeyEvent: KeyEvent { action=ACTION_UP, keyCode=KEYCODE_DEL, scanCode=0, metaState=0, flags=0x0, repeatCount=0, eventTime=3219941, downTime=3219941, deviceId=-1, source=0x101 }
08-08 23:34:58.387 15713 15713 I Input   : injectKeyEvent: KeyEvent { action=ACTION_DOWN, keyCode=KEYCODE_DEL, scanCode=0, metaState=0, flags=0x0, repeatCount=0, eventTime=3219942, downTime=3219942, deviceId=-1, source=0x101 }
08-08 23:34:58.387 15713 15713 I Input   : injectKeyEvent: KeyEvent { action=ACTION_UP, keyCode=KEYCODE_DEL, scanCode=0, metaState=0, flags=0x0, repeatCount=0, eventTime=3219942, downTime=3219942, deviceId=-1, source=0x101 }
08-08 23:34:58.388 15713 15713 I Input   : injectKeyEvent: KeyEvent { action=ACTION_DOWN, keyCode=KEYCODE_DEL, scanCode=0, metaState=0, flags=0x0, repeatCount=0, eventTime=3219943, downTime=3219943, deviceId=-1, source=0x101 }
08-08 23:34:58.389 15713 15713 I Input   : injectKeyEvent: KeyEvent { action=ACTION_UP, keyCode=KEYCODE_DEL, scanCode=0, metaState=0, flags=0x0, repeatCount=0, eventTime=3219943, downTime=3219943, deviceId=-1, source=0x101 }
08-08 23:34:58.390 15713 15713 I Input   : injectKeyEvent: KeyEvent { action=ACTION_DOWN, keyCode=KEYCODE_DEL, scanCode=0, metaState=0, flags=0x0, repeatCount=0, eventTime=3219945, downTime=3219945, deviceId=-1, source=0x101 }
08-08 23:34:58.391 15713 15713 I Input   : injectKeyEvent: KeyEvent { action=ACTION_UP, keyCode=KEYCODE_DEL, scanCode=0, metaState=0, flags=0x0, repeatCount=0, eventTime=3219945, downTime=3219945, deviceId=-1, source=0x101 }
08-08 23:34:58.392 15713 15713 I Input   : injectKeyEvent: KeyEvent { action=ACTION_DOWN, keyCode=KEYCODE_DEL, scanCode=0, metaState=0, flags=0x0, repeatCount=0, eventTime=3219947, downTime=3219947, deviceId=-1, source=0x101 }
08-08 23:34:58.393 15713 15713 I Input   : injectKeyEvent: KeyEvent { action=ACTION_UP, keyCode=KEYCODE_DEL, scanCode=0, metaState=0, flags=0x0, repeatCount=0, eventTime=3219947, downTime=3219947, deviceId=-1, source=0x101 }
08-08 23:34:58.394 15713 15713 I Input   : injectKeyEvent: KeyEvent { action=ACTION_DOWN, keyCode=KEYCODE_DEL, scanCode=0, metaState=0, flags=0x0, repeatCount=0, eventTime=3219949, downTime=3219949, deviceId=-1, source=0x101 }
08-08 23:34:58.396 15713 15713 I Input   : injectKeyEvent: KeyEvent { action=ACTION_UP, keyCode=KEYCODE_DEL, scanCode=0, metaState=0, flags=0x0, repeatCount=0, eventTime=3219949, downTime=3219949, deviceId=-1, source=0x101 }
08-08 23:34:58.397 15713 15713 I Input   : injectKeyEvent: KeyEvent { action=ACTION_DOWN, keyCode=KEYCODE_DEL, scanCode=0, metaState=0, flags=0x0, repeatCount=0, eventTime=3219952, downTime=3219952, deviceId=-1, source=0x101 }
08-08 23:34:58.398 15713 15713 I Input   : injectKeyEvent: KeyEvent { action=ACTION_UP, keyCode=KEYCODE_DEL, scanCode=0, metaState=0, flags=0x0, repeatCount=0, eventTime=3219952, downTime=3219952, deviceId=-1, source=0x101 }
08-08 23:34:58.398 15713 15713 I Input   : injectKeyEvent: KeyEvent { action=ACTION_DOWN, keyCode=KEYCODE_DEL, scanCode=0, metaState=0, flags=0x0, repeatCount=0, eventTime=3219954, downTime=3219954, deviceId=-1, source=0x101 }
08-08 23:34:58.399 15713 15713 I Input   : injectKeyEvent: KeyEvent { action=ACTION_UP, keyCode=KEYCODE_DEL, scanCode=0, metaState=0, flags=0x0, repeatCount=0, eventTime=3219954, downTime=3219954, deviceId=-1, source=0x101 }
08-08 23:34:58.400 15713 15713 I Input   : injectKeyEvent: KeyEvent { action=ACTION_DOWN, keyCode=KEYCODE_DEL, scanCode=0, metaState=0, flags=0x0, repeatCount=0, eventTime=3219955, downTime=3219955, deviceId=-1, source=0x101 }
08-08 23:34:58.400 15713 15713 I Input   : injectKeyEvent: KeyEvent { action=ACTION_UP, keyCode=KEYCODE_DEL, scanCode=0, metaState=0, flags=0x0, repeatCount=0, eventTime=3219955, downTime=3219955, deviceId=-1, source=0x101 }
08-08 23:34:58.401 15713 15713 I Input   : injectKeyEvent: KeyEvent { action=ACTION_DOWN, keyCode=KEYCODE_DEL, scanCode=0, metaState=0, flags=0x0, repeatCount=0, eventTime=3219956, downTime=3219956, deviceId=-1, source=0x101 }
08-08 23:34:58.402 15713 15713 I Input   : injectKeyEvent: KeyEvent { action=ACTION_UP, keyCode=KEYCODE_DEL, scanCode=0, metaState=0, flags=0x0, repeatCount=0, eventTime=3219956, downTime=3219956, deviceId=-1, source=0x101 }
08-08 23:34:58.403 15713 15713 I Input   : injectKeyEvent: KeyEvent { action=ACTION_DOWN, keyCode=KEYCODE_DEL, scanCode=0, metaState=0, flags=0x0, repeatCount=0, eventTime=3219958, downTime=3219958, deviceId=-1, source=0x101 }
08-08 23:34:58.403 15713 15713 I Input   : injectKeyEvent: KeyEvent { action=ACTION_UP, keyCode=KEYCODE_DEL, scanCode=0, metaState=0, flags=0x0, repeatCount=0, eventTime=3219958, downTime=3219958, deviceId=-1, source=0x101 }
08-08 23:34:58.404 15713 15713 I Input   : injectKeyEvent: KeyEvent { action=ACTION_DOWN, keyCode=KEYCODE_DEL, scanCode=0, metaState=0, flags=0x0, repeatCount=0, eventTime=3219959, downTime=3219959, deviceId=-1, source=0x101 }
08-08 23:34:58.405 15713 15713 I Input   : injectKeyEvent: KeyEvent { action=ACTION_UP, keyCode=KEYCODE_DEL, scanCode=0, metaState=0, flags=0x0, repeatCount=0, eventTime=3219959, downTime=3219959, deviceId=-1, source=0x101 }
08-08 23:34:58.406 15713 15713 I Input   : injectKeyEvent: KeyEvent { action=ACTION_DOWN, keyCode=KEYCODE_DEL, scanCode=0, metaState=0, flags=0x0, repeatCount=0, eventTime=3219961, downTime=3219961, deviceId=-1, source=0x101 }
08-08 23:34:58.407 15713 15713 I Input   : injectKeyEvent: KeyEvent { action=ACTION_UP, keyCode=KEYCODE_DEL, scanCode=0, metaState=0, flags=0x0, repeatCount=0, eventTime=3219961, downTime=3219961, deviceId=-1, source=0x101 }
08-08 23:34:58.408 15713 15713 I Input   : injectKeyEvent: KeyEvent { action=ACTION_DOWN, keyCode=KEYCODE_DEL, scanCode=0, metaState=0, flags=0x0, repeatCount=0, eventTime=3219963, downTime=3219963, deviceId=-1, source=0x101 }
08-08 23:34:58.409 15713 15713 I Input   : injectKeyEvent: KeyEvent { action=ACTION_UP, keyCode=KEYCODE_DEL, scanCode=0, metaState=0, flags=0x0, repeatCount=0, eventTime=3219963, downTime=3219963, deviceId=-1, source=0x101 }
08-08 23:34:58.411 15713 15713 I Input   : injectKeyEvent: KeyEvent { action=ACTION_DOWN, keyCode=KEYCODE_DEL, scanCode=0, metaState=0, flags=0x0, repeatCount=0, eventTime=3219966, downTime=3219966, deviceId=-1, source=0x101 }
08-08 23:34:58.412 15713 15713 I Input   : injectKeyEvent: KeyEvent { action=ACTION_UP, keyCode=KEYCODE_DEL, scanCode=0, metaState=0, flags=0x0, repeatCount=0, eventTime=3219966, downTime=3219966, deviceId=-1, source=0x101 }
08-08 23:34:58.414 15713 15713 I Input   : injectKeyEvent: KeyEvent { action=ACTION_DOWN, keyCode=KEYCODE_DEL, scanCode=0, metaState=0, flags=0x0, repeatCount=0, eventTime=3219969, downTime=3219969, deviceId=-1, source=0x101 }
08-08 23:34:58.416 15713 15713 I Input   : injectKeyEvent: KeyEvent { action=ACTION_UP, keyCode=KEYCODE_DEL, scanCode=0, metaState=0, flags=0x0, repeatCount=0, eventTime=3219969, downTime=3219969, deviceId=-1, source=0x101 }
08-08 23:34:58.418 15713 15713 D AndroidRuntime: Shutting down VM
08-08 23:34:58.560 15726 15726 D AndroidRuntime: >>>>>> START com.android.internal.os.RuntimeInit uid 2000 <<<<<<
08-08 23:34:58.561 15726 15726 D AndroidRuntime: CheckJNI is ON
08-08 23:34:58.574 15726 15726 W art     : Unexpected CPU variant for X86 using defaults: x86
08-08 23:34:58.577 15726 15726 D ICU     : No timezone override file found: /data/misc/zoneinfo/current/icu/icu_tzdata.dat
08-08 23:34:58.587 15726 15726 E memtrack: Couldn't load memtrack module (No such file or directory)
08-08 23:34:58.587 15726 15726 E android.os.Debug: failed to load memtrack module: -2
08-08 23:34:58.587 15726 15726 I Radio-JNI: register_android_hardware_Radio DONE
08-08 23:34:58.591 15726 15726 D AndroidRuntime: Calling main entry com.android.commands.input.Input
08-08 23:34:58.596 15726 15726 I Input   : injectKeyEvent: KeyEvent { action=ACTION_DOWN, keyCode=KEYCODE_SHIFT_LEFT, scanCode=0, metaState=META_SHIFT_ON|META_SHIFT_LEFT_ON, flags=0x0, repeatCount=0, eventTime=3220151, downTime=3220151, deviceId=-1, source=0x101 }
08-08 23:34:58.597 15726 15726 I Input   : injectKeyEvent: KeyEvent { action=ACTION_DOWN, keyCode=KEYCODE_T, scanCode=0, metaState=META_SHIFT_ON|META_SHIFT_LEFT_ON, flags=0x0, repeatCount=0, eventTime=3220151, downTime=3220151, deviceId=-1, source=0x101 }
08-08 23:34:58.599 15726 15726 I Input   : injectKeyEvent: KeyEvent { action=ACTION_UP, keyCode=KEYCODE_T, scanCode=0, metaState=META_SHIFT_ON|META_SHIFT_LEFT_ON, flags=0x0, repeatCount=0, eventTime=3220151, downTime=3220151, deviceId=-1, source=0x101 }
08-08 23:34:58.600 15726 15726 I Input   : injectKeyEvent: KeyEvent { action=ACTION_UP, keyCode=KEYCODE_SHIFT_LEFT, scanCode=0, metaState=0, flags=0x0, repeatCount=0, eventTime=3220151, downTime=3220151, deviceId=-1, source=0x101 }
08-08 23:34:58.602 15726 15726 I Input   : injectKeyEvent: KeyEvent { action=ACTION_DOWN, keyCode=KEYCODE_E, scanCode=0, metaState=0, flags=0x0, repeatCount=0, eventTime=3220151, downTime=3220151, deviceId=-1, source=0x101 }
08-08 23:34:58.603 15726 15726 I Input   : injectKeyEvent: KeyEvent { action=ACTION_UP, keyCode=KEYCODE_E, scanCode=0, metaState=0, flags=0x0, repeatCount=0, eventTime=3220151, downTime=3220151, deviceId=-1, source=0x101 }
08-08 23:34:58.605 15726 15726 I Input   : injectKeyEvent: KeyEvent { action=ACTION_DOWN, keyCode=KEYCODE_S, scanCode=0, metaState=0, flags=0x0, repeatCount=0, eventTime=3220151, downTime=3220151, deviceId=-1, source=0x101 }
08-08 23:34:58.607 15726 15726 I Input   : injectKeyEvent: KeyEvent { action=ACTION_UP, keyCode=KEYCODE_S, scanCode=0, metaState=0, flags=0x0, repeatCount=0, eventTime=3220151, downTime=3220151, deviceId=-1, source=0x101 }
08-08 23:34:58.609 15726 15726 I Input   : injectKeyEvent: KeyEvent { action=ACTION_DOWN, keyCode=KEYCODE_T, scanCode=0, metaState=0, flags=0x0, repeatCount=0, eventTime=3220151, downTime=3220151, deviceId=-1, source=0x101 }
08-08 23:34:58.611 15726 15726 I Input   : injectKeyEvent: KeyEvent { action=ACTION_UP, keyCode=KEYCODE_T, scanCode=0, metaState=0, flags=0x0, repeatCount=0, eventTime=3220151, downTime=3220151, deviceId=-1, source=0x101 }
08-08 23:34:58.612 15726 15726 I Input   : injectKeyEvent: KeyEvent { action=ACTION_DOWN, keyCode=KEYCODE_SHIFT_LEFT, scanCode=0, metaState=META_SHIFT_ON|META_SHIFT_LEFT_ON, flags=0x0, repeatCount=0, eventTime=3220151, downTime=3220151, deviceId=-1, source=0x101 }
08-08 23:34:58.613 15726 15726 I Input   : injectKeyEvent: KeyEvent { action=ACTION_DOWN, keyCode=KEYCODE_T, scanCode=0, metaState=META_SHIFT_ON|META_SHIFT_LEFT_ON, flags=0x0, repeatCount=0, eventTime=3220151, downTime=3220151, deviceId=-1, source=0x101 }
08-08 23:34:58.614 15726 15726 I Input   : injectKeyEvent: KeyEvent { action=ACTION_UP, keyCode=KEYCODE_T, scanCode=0, metaState=META_SHIFT_ON|META_SHIFT_LEFT_ON, flags=0x0, repeatCount=0, eventTime=3220151, downTime=3220151, deviceId=-1, source=0x101 }
08-08 23:34:58.615 15726 15726 I Input   : injectKeyEvent: KeyEvent { action=ACTION_UP, keyCode=KEYCODE_SHIFT_LEFT, scanCode=0, metaState=0, flags=0x0, repeatCount=0, eventTime=3220151, downTime=3220151, deviceId=-1, source=0x101 }
08-08 23:34:58.616 15726 15726 I Input   : injectKeyEvent: KeyEvent { action=ACTION_DOWN, keyCode=KEYCODE_E, scanCode=0, metaState=0, flags=0x0, repeatCount=0, eventTime=3220151, downTime=3220151, deviceId=-1, source=0x101 }
08-08 23:34:58.617 15726 15726 I Input   : injectKeyEvent: KeyEvent { action=ACTION_UP, keyCode=KEYCODE_E, scanCode=0, metaState=0, flags=0x0, repeatCount=0, eventTime=3220151, downTime=3220151, deviceId=-1, source=0x101 }
08-08 23:34:58.618 15726 15726 I Input   : injectKeyEvent: KeyEvent { action=ACTION_DOWN, keyCode=KEYCODE_S, scanCode=0, metaState=0, flags=0x0, repeatCount=0, eventTime=3220151, downTime=3220151, deviceId=-1, source=0x101 }
08-08 23:34:58.619 15726 15726 I Input   : injectKeyEvent: KeyEvent { action=ACTION_UP, keyCode=KEYCODE_S, scanCode=0, metaState=0, flags=0x0, repeatCount=0, eventTime=3220151, downTime=3220151, deviceId=-1, source=0x101 }
08-08 23:34:58.620 15726 15726 I Input   : injectKeyEvent: KeyEvent { action=ACTION_DOWN, keyCode=KEYCODE_T, scanCode=0, metaState=0, flags=0x0, repeatCount=0, eventTime=3220151, downTime=3220151, deviceId=-1, source=0x101 }
08-08 23:34:58.621 15726 15726 I Input   : injectKeyEvent: KeyEvent { action=ACTION_UP, keyCode=KEYCODE_T, scanCode=0, metaState=0, flags=0x0, repeatCount=0, eventTime=3220151, downTime=3220151, deviceId=-1, source=0x101 }
08-08 23:34:58.622 15726 15726 I Input   : injectKeyEvent: KeyEvent { action=ACTION_DOWN, keyCode=KEYCODE_SPACE, scanCode=0, metaState=0, flags=0x0, repeatCount=0, eventTime=3220151, downTime=3220151, deviceId=-1, source=0x101 }
08-08 23:34:58.624 15726 15726 I Input   : injectKeyEvent: KeyEvent { action=ACTION_UP, keyCode=KEYCODE_SPACE, scanCode=0, metaState=0, flags=0x0, repeatCount=0, eventTime=3220151, downTime=3220151, deviceId=-1, source=0x101 }
08-08 23:34:58.625 15726 15726 I Input   : injectKeyEvent: KeyEvent { action=ACTION_DOWN, keyCode=KEYCODE_SHIFT_LEFT, scanCode=0, metaState=META_SHIFT_ON|META_SHIFT_LEFT_ON, flags=0x0, repeatCount=0, eventTime=3220151, downTime=3220151, deviceId=-1, source=0x101 }
08-08 23:34:58.625 15726 15726 I Input   : injectKeyEvent: KeyEvent { action=ACTION_DOWN, keyCode=KEYCODE_T, scanCode=0, metaState=META_SHIFT_ON|META_SHIFT_LEFT_ON, flags=0x0, repeatCount=0, eventTime=3220151, downTime=3220151, deviceId=-1, source=0x101 }
08-08 23:34:58.627 15726 15726 I Input   : injectKeyEvent: KeyEvent { action=ACTION_UP, keyCode=KEYCODE_T, scanCode=0, metaState=META_SHIFT_ON|META_SHIFT_LEFT_ON, flags=0x0, repeatCount=0, eventTime=3220151, downTime=3220151, deviceId=-1, source=0x101 }
08-08 23:34:58.628 15726 15726 I Input   : injectKeyEvent: KeyEvent { action=ACTION_UP, keyCode=KEYCODE_SHIFT_LEFT, scanCode=0, metaState=0, flags=0x0, repeatCount=0, eventTime=3220151, downTime=3220151, deviceId=-1, source=0x101 }
08-08 23:34:58.629 15726 15726 I Input   : injectKeyEvent: KeyEvent { action=ACTION_DOWN, keyCode=KEYCODE_E, scanCode=0, metaState=0, flags=0x0, repeatCount=0, eventTime=3220151, downTime=3220151, deviceId=-1, source=0x101 }
08-08 23:34:58.629 15726 15726 I Input   : injectKeyEvent: KeyEvent { action=ACTION_UP, keyCode=KEYCODE_E, scanCode=0, metaState=0, flags=0x0, repeatCount=0, eventTime=3220151, downTime=3220151, deviceId=-1, source=0x101 }
08-08 23:34:58.630 15726 15726 I Input   : injectKeyEvent: KeyEvent { action=ACTION_DOWN, keyCode=KEYCODE_S, scanCode=0, metaState=0, flags=0x0, repeatCount=0, eventTime=3220151, downTime=3220151, deviceId=-1, source=0x101 }
08-08 23:34:58.631 15726 15726 I Input   : injectKeyEvent: KeyEvent { action=ACTION_UP, keyCode=KEYCODE_S, scanCode=0, metaState=0, flags=0x0, repeatCount=0, eventTime=3220151, downTime=3220151, deviceId=-1, source=0x101 }
08-08 23:34:58.632 15726 15726 I Input   : injectKeyEvent: KeyEvent { action=ACTION_DOWN, keyCode=KEYCODE_T, scanCode=0, metaState=0, flags=0x0, repeatCount=0, eventTime=3220151, downTime=3220151, deviceId=-1, source=0x101 }
08-08 23:34:58.633 15726 15726 I Input   : injectKeyEvent: KeyEvent { action=ACTION_UP, keyCode=KEYCODE_T, scanCode=0, metaState=0, flags=0x0, repeatCount=0, eventTime=3220151, downTime=3220151, deviceId=-1, source=0x101 }
08-08 23:34:58.634 15726 15726 D AndroidRuntime: Shutting down VM
08-08 23:34:58.674 15741 15741 W ls      : type=1400 audit(0.0:158): avc: denied { getattr } for path="/proc/sysrq-trigger" dev="proc" ino=4026532069 scontext=u:r:shell:s0 tcontext=u:object_r:proc_sysrq:s0 tclass=file permissive=0
08-08 23:34:58.674 15741 15741 W ls      : type=1400 audit(0.0:159): avc: denied { getattr } for path="/proc/iomem" dev="proc" ino=4026532007 scontext=u:r:shell:s0 tcontext=u:object_r:proc_iomem:s0 tclass=file permissive=0
08-08 23:35:00.012  1708  1907 D EGL_emulation: eglMakeCurrent: 0xb25055a0: ver 2 0 (tinfo 0xb2503800)
08-08 23:35:00.026  1341  2007 E SurfaceFlinger: ro.sf.lcd_density must be defined as a build property
08-08 23:35:00.028  1341  3340 D gralloc_ranchu: gralloc_alloc: Creating ashmem region of size 8294400
08-08 23:35:00.037 16034 16034 D         : HostConnection::get() New Host Connection established 0xb1d9b2c0, tid 16034
08-08 23:35:00.041  1341  1341 E EGL_emulation: tid 1341: eglCreateSyncKHR(1901): error 0x3004 (EGL_BAD_ATTRIBUTE)
08-08 23:35:00.275 16039 16039 D AndroidRuntime: >>>>>> START com.android.internal.os.RuntimeInit uid 2000 <<<<<<
08-08 23:35:00.277 16039 16039 D AndroidRuntime: CheckJNI is ON
08-08 23:35:00.288 16039 16039 W art     : Unexpected CPU variant for X86 using defaults: x86
08-08 23:35:00.293 16039 16039 D ICU     : No timezone override file found: /data/misc/zoneinfo/current/icu/icu_tzdata.dat
08-08 23:35:00.306 16039 16039 E memtrack: Couldn't load memtrack module (No such file or directory)
08-08 23:35:00.306 16039 16039 E android.os.Debug: failed to load memtrack module: -2
08-08 23:35:00.307 16039 16039 I Radio-JNI: register_android_hardware_Radio DONE
08-08 23:35:00.313 16039 16039 D AndroidRuntime: Calling main entry com.android.commands.am.Am
08-08 23:35:00.321  2065  2065 D MediaScannerReceiver: action: android.intent.action.MEDIA_SCANNER_SCAN_FILE path: /storage/emulated/0/screen.png
08-08 23:35:00.324 16039 16039 D AndroidRuntime: Shutting down VM
08-08 23:35:02.650 16052 16052 D AndroidRuntime: >>>>>> START com.android.internal.os.RuntimeInit uid 2000 <<<<<<
08-08 23:35:02.652 16052 16052 D AndroidRuntime: CheckJNI is ON
08-08 23:35:02.666 16052 16052 W art     : Unexpected CPU variant for X86 using defaults: x86
08-08 23:35:02.668 16052 16052 D ICU     : No timezone override file found: /data/local/tmp/misc/zoneinfo/current/icu/icu_tzdata.dat
08-08 23:35:02.680 16052 16052 E memtrack: Couldn't load memtrack module (No such file or directory)
08-08 23:35:02.681 16052 16052 E android.os.Debug: failed to load memtrack module: -2
08-08 23:35:02.681 16052 16052 I Radio-JNI: register_android_hardware_Radio DONE
08-08 23:35:02.686 16052 16052 D AndroidRuntime: Calling main entry com.android.commands.uiautomator.Launcher
08-08 23:35:03.701 16052 16052 I AccessibilityNodeInfoDumper: Skipping invisible child: android.view.accessibility.AccessibilityNodeInfo@80014628; boundsInParent: Rect(0, 0 - 0, 147); boundsInScreen: Rect(1080, 63 - 1080, 210); packageName: uk.co.bitethebullet.android.token; className: android.widget.LinearLayout; text: null; error: null; maxTextLength: -1; contentDescription: null; viewIdResName: null; checkable: false; checked: false; focusable: false; focused: false; selected: false; clickable: false; longClickable: false; contextClickable: false; enabled: true; password: false; scrollable: false; actions: [AccessibilityAction: ACTION_SELECT - null, AccessibilityAction: ACTION_CLEAR_SELECTION - null, AccessibilityAction: ACTION_ACCESSIBILITY_FOCUS - null, AccessibilityAction: ACTION_SHOW_ON_SCREEN - null]
08-08 23:35:03.702 16052 16052 W AccessibilityNodeInfoDumper: Fetch time: 3ms
08-08 23:35:03.703  1628  1638 W WindowManager: Attempted to remove non-existing token: android.os.Binder@d17dfce
08-08 23:35:03.707 16052 16052 D AndroidRuntime: Shutting down VM
08-08 23:35:05.912 16066 16066 D AndroidRuntime: >>>>>> START com.android.internal.os.RuntimeInit uid 2000 <<<<<<
08-08 23:35:05.913 16066 16066 D AndroidRuntime: CheckJNI is ON
08-08 23:35:05.925 16066 16066 W art     : Unexpected CPU variant for X86 using defaults: x86
08-08 23:35:05.927 16066 16066 D ICU     : No timezone override file found: /data/local/tmp/misc/zoneinfo/current/icu/icu_tzdata.dat
08-08 23:35:05.938 16066 16066 E memtrack: Couldn't load memtrack module (No such file or directory)
08-08 23:35:05.938 16066 16066 E android.os.Debug: failed to load memtrack module: -2
08-08 23:35:05.939 16066 16066 I Radio-JNI: register_android_hardware_Radio DONE
08-08 23:35:05.943 16066 16066 D AndroidRuntime: Calling main entry com.android.commands.uiautomator.Launcher
08-08 23:35:06.960 16066 16066 I AccessibilityNodeInfoDumper: Skipping invisible child: android.view.accessibility.AccessibilityNodeInfo@80014631; boundsInParent: Rect(0, 0 - 0, 147); boundsInScreen: Rect(1080, 63 - 1080, 210); packageName: uk.co.bitethebullet.android.token; className: android.widget.LinearLayout; text: null; error: null; maxTextLength: -1; contentDescription: null; viewIdResName: null; checkable: false; checked: false; focusable: false; focused: false; selected: false; clickable: false; longClickable: false; contextClickable: false; enabled: true; password: false; scrollable: false; actions: [AccessibilityAction: ACTION_SELECT - null, AccessibilityAction: ACTION_CLEAR_SELECTION - null, AccessibilityAction: ACTION_ACCESSIBILITY_FOCUS - null, AccessibilityAction: ACTION_SHOW_ON_SCREEN - null]
08-08 23:35:06.961 16066 16066 W AccessibilityNodeInfoDumper: Fetch time: 2ms
08-08 23:35:06.961  1628  1809 W WindowManager: Attempted to remove non-existing token: android.os.Binder@ba4cdfc
08-08 23:35:06.965 16066 16066 D AndroidRuntime: Shutting down VM
08-08 23:35:07.158 16083 16083 D AndroidRuntime: >>>>>> START com.android.internal.os.RuntimeInit uid 2000 <<<<<<
08-08 23:35:07.160 16083 16083 D AndroidRuntime: CheckJNI is ON
08-08 23:35:07.172 16083 16083 W art     : Unexpected CPU variant for X86 using defaults: x86
08-08 23:35:07.174 16083 16083 D ICU     : No timezone override file found: /data/local/tmp/misc/zoneinfo/current/icu/icu_tzdata.dat
08-08 23:35:07.186 16083 16083 E memtrack: Couldn't load memtrack module (No such file or directory)
08-08 23:35:07.186 16083 16083 E android.os.Debug: failed to load memtrack module: -2
08-08 23:35:07.187 16083 16083 I Radio-JNI: register_android_hardware_Radio DONE
08-08 23:35:07.191 16083 16083 D AndroidRuntime: Calling main entry com.android.commands.uiautomator.Launcher
08-08 23:35:08.209 16083 16083 I AccessibilityNodeInfoDumper: Skipping invisible child: android.view.accessibility.AccessibilityNodeInfo@8001463b; boundsInParent: Rect(0, 0 - 0, 147); boundsInScreen: Rect(1080, 63 - 1080, 210); packageName: uk.co.bitethebullet.android.token; className: android.widget.LinearLayout; text: null; error: null; maxTextLength: -1; contentDescription: null; viewIdResName: null; checkable: false; checked: false; focusable: false; focused: false; selected: false; clickable: false; longClickable: false; contextClickable: false; enabled: true; password: false; scrollable: false; actions: [AccessibilityAction: ACTION_SELECT - null, AccessibilityAction: ACTION_CLEAR_SELECTION - null, AccessibilityAction: ACTION_ACCESSIBILITY_FOCUS - null, AccessibilityAction: ACTION_SHOW_ON_SCREEN - null]
08-08 23:35:08.210 16083 16083 W AccessibilityNodeInfoDumper: Fetch time: 3ms
08-08 23:35:08.211  1628  1639 W WindowManager: Attempted to remove non-existing token: android.os.Binder@fd62ada
08-08 23:35:08.215 16083 16083 D AndroidRuntime: Shutting down VM
08-08 23:35:08.374 16095 16095 D AndroidRuntime: >>>>>> START com.android.internal.os.RuntimeInit uid 2000 <<<<<<
08-08 23:35:08.375 16095 16095 D AndroidRuntime: CheckJNI is ON
08-08 23:35:08.387 16095 16095 W art     : Unexpected CPU variant for X86 using defaults: x86
08-08 23:35:08.389 16095 16095 D ICU     : No timezone override file found: /data/misc/zoneinfo/current/icu/icu_tzdata.dat
08-08 23:35:08.398 16095 16095 E memtrack: Couldn't load memtrack module (No such file or directory)
08-08 23:35:08.398 16095 16095 E android.os.Debug: failed to load memtrack module: -2
08-08 23:35:08.398 16095 16095 I Radio-JNI: register_android_hardware_Radio DONE
08-08 23:35:08.402 16095 16095 D AndroidRuntime: Calling main entry com.android.commands.input.Input
08-08 23:35:08.405 16095 16095 I Input   : injectMotionEvent: MotionEvent { action=ACTION_DOWN, actionButton=0, id[0]=0, x[0]=540.0, y[0]=616.0, toolType[0]=TOOL_TYPE_UNKNOWN, buttonState=0, metaState=0, flags=0x0, edgeFlags=0x0, pointerCount=1, historySize=0, eventTime=3229958, downTime=3229958, deviceId=0, source=0x1002 }
08-08 23:35:08.407 16095 16095 I Input   : injectMotionEvent: MotionEvent { action=ACTION_UP, actionButton=0, id[0]=0, x[0]=540.0, y[0]=616.0, toolType[0]=TOOL_TYPE_UNKNOWN, buttonState=0, metaState=0, flags=0x0, edgeFlags=0x0, pointerCount=1, historySize=0, eventTime=3229958, downTime=3229958, deviceId=0, source=0x1002 }
08-08 23:35:08.410  1693  1693 W InputMethodService: Window size has been changed. This may cause jankiness of resizing window: -1 -> -2
08-08 23:35:08.411 16095 16095 D AndroidRuntime: Shutting down VM
08-08 23:35:08.413 10491 10491 W IInputConnectionWrapper: finishComposingText on inactive InputConnection
08-08 23:35:08.415  1693  1693 I LatinIME: Starting input. Cursor position = 13,13
08-08 23:35:08.461 10491 10506 D EGL_emulation: eglMakeCurrent: 0xa30b4f00: ver 2 0 (tinfo 0xa4defed0)
08-08 23:35:08.480 10491 10506 D EGL_emulation: eglMakeCurrent: 0xa30b4f00: ver 2 0 (tinfo 0xa4defed0)
08-08 23:35:08.517  1708  1907 D EGL_emulation: eglMakeCurrent: 0xb25055a0: ver 2 0 (tinfo 0xb2503800)
08-08 23:35:08.529  1693 27787 D EGL_emulation: eglMakeCurrent: 0xa4d561c0: ver 2 0 (tinfo 0xa4d6db90)
08-08 23:35:08.612 10491 10506 D EGL_emulation: eglMakeCurrent: 0xa30b4f00: ver 2 0 (tinfo 0xa4defed0)
08-08 23:35:08.615 10491 10506 D EGL_emulation: eglMakeCurrent: 0xa30b4f00: ver 2 0 (tinfo 0xa4defed0)
08-08 23:35:08.662 16108 16108 D AndroidRuntime: >>>>>> START com.android.internal.os.RuntimeInit uid 2000 <<<<<<
08-08 23:35:08.664 16108 16108 D AndroidRuntime: CheckJNI is ON
08-08 23:35:08.676 16108 16108 W art     : Unexpected CPU variant for X86 using defaults: x86
08-08 23:35:08.680 16108 16108 D ICU     : No timezone override file found: /data/misc/zoneinfo/current/icu/icu_tzdata.dat
08-08 23:35:08.689 16108 16108 E memtrack: Couldn't load memtrack module (No such file or directory)
08-08 23:35:08.689 16108 16108 E android.os.Debug: failed to load memtrack module: -2
08-08 23:35:08.690 16108 16108 I Radio-JNI: register_android_hardware_Radio DONE
08-08 23:35:08.693 16108 16108 D AndroidRuntime: Calling main entry com.android.commands.input.Input
08-08 23:35:08.694 16108 16108 I Input   : injectKeyEvent: KeyEvent { action=ACTION_DOWN, keyCode=KEYCODE_ESCAPE, scanCode=0, metaState=0, flags=0x0, repeatCount=0, eventTime=3230249, downTime=3230249, deviceId=-1, source=0x101 }
08-08 23:35:08.697 16108 16108 I Input   : injectKeyEvent: KeyEvent { action=ACTION_UP, keyCode=KEYCODE_ESCAPE, scanCode=0, metaState=0, flags=0x0, repeatCount=0, eventTime=3230249, downTime=3230249, deviceId=-1, source=0x101 }
08-08 23:35:08.699  1693  1693 W InputMethodService: Window size has been changed. This may cause jankiness of resizing window: -1 -> -2
08-08 23:35:08.699 16108 16108 D AndroidRuntime: Shutting down VM
08-08 23:35:08.712 10491 10506 D EGL_emulation: eglMakeCurrent: 0xa30b4f00: ver 2 0 (tinfo 0xa4defed0)
08-08 23:35:08.714  1693 27787 D EGL_emulation: eglMakeCurrent: 0xa4d561c0: ver 2 0 (tinfo 0xa4d6db90)
08-08 23:35:08.714 10491 10506 D EGL_emulation: eglMakeCurrent: 0xa30b4f00: ver 2 0 (tinfo 0xa4defed0)
08-08 23:35:08.895  1628  1648 I WindowManager: Destroying surface Surface(name=InputMethod) called by com.android.server.wm.WindowStateAnimator.destroySurface:2016 com.android.server.wm.WindowStateAnimator.destroySurfaceLocked:882 com.android.server.wm.WindowState.destroyOrSaveSurface:2100 com.android.server.wm.WindowSurfacePlacer.performSurfacePlacementInner:429 com.android.server.wm.WindowSurfacePlacer.performSurfacePlacementLoop:232 com.android.server.wm.WindowSurfacePlacer.performSurfacePlacement:180 com.android.server.wm.WindowManagerService$H.handleMessage:8086 android.os.Handler.dispatchMessage:102 
08-08 23:35:09.383 16124 16124 D AndroidRuntime: >>>>>> START com.android.internal.os.RuntimeInit uid 2000 <<<<<<
08-08 23:35:09.384 16124 16124 D AndroidRuntime: CheckJNI is ON
08-08 23:35:09.396 16124 16124 W art     : Unexpected CPU variant for X86 using defaults: x86
08-08 23:35:09.399 16124 16124 D ICU     : No timezone override file found: /data/misc/zoneinfo/current/icu/icu_tzdata.dat
08-08 23:35:09.408 16124 16124 E memtrack: Couldn't load memtrack module (No such file or directory)
08-08 23:35:09.409 16124 16124 E android.os.Debug: failed to load memtrack module: -2
08-08 23:35:09.409 16124 16124 I Radio-JNI: register_android_hardware_Radio DONE
08-08 23:35:09.414 16124 16124 D AndroidRuntime: Calling main entry com.android.commands.input.Input
08-08 23:35:09.418 16124 16124 I Input   : injectKeyEvent: KeyEvent { action=ACTION_DOWN, keyCode=KEYCODE_MOVE_END, scanCode=0, metaState=0, flags=0x0, repeatCount=0, eventTime=3230973, downTime=3230973, deviceId=-1, source=0x101 }
08-08 23:35:09.422 16124 16124 I Input   : injectKeyEvent: KeyEvent { action=ACTION_UP, keyCode=KEYCODE_MOVE_END, scanCode=0, metaState=0, flags=0x0, repeatCount=0, eventTime=3230973, downTime=3230973, deviceId=-1, source=0x101 }
08-08 23:35:09.424 16124 16124 D AndroidRuntime: Shutting down VM
08-08 23:35:09.574 16134 16134 D AndroidRuntime: >>>>>> START com.android.internal.os.RuntimeInit uid 2000 <<<<<<
08-08 23:35:09.575 16134 16134 D AndroidRuntime: CheckJNI is ON
08-08 23:35:09.588 16134 16134 W art     : Unexpected CPU variant for X86 using defaults: x86
08-08 23:35:09.590 16134 16134 D ICU     : No timezone override file found: /data/misc/zoneinfo/current/icu/icu_tzdata.dat
08-08 23:35:09.594  1628  1648 I WindowManager: Destroying surface Surface(name=PopupWindow:a10670e) called by com.android.server.wm.WindowStateAnimator.destroySurface:2016 com.android.server.wm.WindowStateAnimator.destroySurfaceLocked:882 com.android.server.wm.WindowState.destroyOrSaveSurface:2100 com.android.server.wm.AppWindowToken.destroySurfaces:363 com.android.server.wm.WindowStateAnimator.finishExit:565 com.android.server.wm.WindowStateAnimator.stepAnimationLocked:491 com.android.server.wm.WindowAnimator.updateWindowsLocked:303 com.android.server.wm.WindowAnimator.animateLocked:704 
08-08 23:35:09.602 16134 16134 E memtrack: Couldn't load memtrack module (No such file or directory)
08-08 23:35:09.602 16134 16134 E android.os.Debug: failed to load memtrack module: -2
08-08 23:35:09.602 16134 16134 I Radio-JNI: register_android_hardware_Radio DONE
08-08 23:35:09.607 16134 16134 D AndroidRuntime: Calling main entry com.android.commands.input.Input
08-08 23:35:09.609 16134 16134 I Input   : injectKeyEvent: KeyEvent { action=ACTION_DOWN, keyCode=KEYCODE_DEL, scanCode=0, metaState=0, flags=0x0, repeatCount=0, eventTime=3231163, downTime=3231163, deviceId=-1, source=0x101 }
08-08 23:35:09.612 16134 16134 I Input   : injectKeyEvent: KeyEvent { action=ACTION_UP, keyCode=KEYCODE_DEL, scanCode=0, metaState=0, flags=0x0, repeatCount=0, eventTime=3231163, downTime=3231163, deviceId=-1, source=0x101 }
08-08 23:35:09.613 16134 16134 I Input   : injectKeyEvent: KeyEvent { action=ACTION_DOWN, keyCode=KEYCODE_DEL, scanCode=0, metaState=0, flags=0x0, repeatCount=0, eventTime=3231168, downTime=3231168, deviceId=-1, source=0x101 }
08-08 23:35:09.614 16134 16134 I Input   : injectKeyEvent: KeyEvent { action=ACTION_UP, keyCode=KEYCODE_DEL, scanCode=0, metaState=0, flags=0x0, repeatCount=0, eventTime=3231168, downTime=3231168, deviceId=-1, source=0x101 }
08-08 23:35:09.616 16134 16134 I Input   : injectKeyEvent: KeyEvent { action=ACTION_DOWN, keyCode=KEYCODE_DEL, scanCode=0, metaState=0, flags=0x0, repeatCount=0, eventTime=3231171, downTime=3231171, deviceId=-1, source=0x101 }
08-08 23:35:09.617 16134 16134 I Input   : injectKeyEvent: KeyEvent { action=ACTION_UP, keyCode=KEYCODE_DEL, scanCode=0, metaState=0, flags=0x0, repeatCount=0, eventTime=3231171, downTime=3231171, deviceId=-1, source=0x101 }
08-08 23:35:09.618 16134 16134 I Input   : injectKeyEvent: KeyEvent { action=ACTION_DOWN, keyCode=KEYCODE_DEL, scanCode=0, metaState=0, flags=0x0, repeatCount=0, eventTime=3231173, downTime=3231173, deviceId=-1, source=0x101 }
08-08 23:35:09.622 16134 16134 I Input   : injectKeyEvent: KeyEvent { action=ACTION_UP, keyCode=KEYCODE_DEL, scanCode=0, metaState=0, flags=0x0, repeatCount=0, eventTime=3231173, downTime=3231173, deviceId=-1, source=0x101 }
08-08 23:35:09.624 16134 16134 I Input   : injectKeyEvent: KeyEvent { action=ACTION_DOWN, keyCode=KEYCODE_DEL, scanCode=0, metaState=0, flags=0x0, repeatCount=0, eventTime=3231179, downTime=3231179, deviceId=-1, source=0x101 }
08-08 23:35:09.626 16134 16134 I Input   : injectKeyEvent: KeyEvent { action=ACTION_UP, keyCode=KEYCODE_DEL, scanCode=0, metaState=0, flags=0x0, repeatCount=0, eventTime=3231179, downTime=3231179, deviceId=-1, source=0x101 }
08-08 23:35:09.627 16134 16134 I Input   : injectKeyEvent: KeyEvent { action=ACTION_DOWN, keyCode=KEYCODE_DEL, scanCode=0, metaState=0, flags=0x0, repeatCount=0, eventTime=3231183, downTime=3231183, deviceId=-1, source=0x101 }
08-08 23:35:09.630 16134 16134 I Input   : injectKeyEvent: KeyEvent { action=ACTION_UP, keyCode=KEYCODE_DEL, scanCode=0, metaState=0, flags=0x0, repeatCount=0, eventTime=3231183, downTime=3231183, deviceId=-1, source=0x101 }
08-08 23:35:09.631 16134 16134 I Input   : injectKeyEvent: KeyEvent { action=ACTION_DOWN, keyCode=KEYCODE_DEL, scanCode=0, metaState=0, flags=0x0, repeatCount=0, eventTime=3231186, downTime=3231186, deviceId=-1, source=0x101 }
08-08 23:35:09.635 16134 16134 I Input   : injectKeyEvent: KeyEvent { action=ACTION_UP, keyCode=KEYCODE_DEL, scanCode=0, metaState=0, flags=0x0, repeatCount=0, eventTime=3231186, downTime=3231186, deviceId=-1, source=0x101 }
08-08 23:35:09.636 16134 16134 I Input   : injectKeyEvent: KeyEvent { action=ACTION_DOWN, keyCode=KEYCODE_DEL, scanCode=0, metaState=0, flags=0x0, repeatCount=0, eventTime=3231192, downTime=3231192, deviceId=-1, source=0x101 }
08-08 23:35:09.637 16134 16134 I Input   : injectKeyEvent: KeyEvent { action=ACTION_UP, keyCode=KEYCODE_DEL, scanCode=0, metaState=0, flags=0x0, repeatCount=0, eventTime=3231192, downTime=3231192, deviceId=-1, source=0x101 }
08-08 23:35:09.638 16134 16134 I Input   : injectKeyEvent: KeyEvent { action=ACTION_DOWN, keyCode=KEYCODE_DEL, scanCode=0, metaState=0, flags=0x0, repeatCount=0, eventTime=3231193, downTime=3231193, deviceId=-1, source=0x101 }
08-08 23:35:09.639 16134 16134 I Input   : injectKeyEvent: KeyEvent { action=ACTION_UP, keyCode=KEYCODE_DEL, scanCode=0, metaState=0, flags=0x0, repeatCount=0, eventTime=3231193, downTime=3231193, deviceId=-1, source=0x101 }
08-08 23:35:09.640 16134 16134 I Input   : injectKeyEvent: KeyEvent { action=ACTION_DOWN, keyCode=KEYCODE_DEL, scanCode=0, metaState=0, flags=0x0, repeatCount=0, eventTime=3231195, downTime=3231195, deviceId=-1, source=0x101 }
08-08 23:35:09.641 16134 16134 I Input   : injectKeyEvent: KeyEvent { action=ACTION_UP, keyCode=KEYCODE_DEL, scanCode=0, metaState=0, flags=0x0, repeatCount=0, eventTime=3231195, downTime=3231195, deviceId=-1, source=0x101 }
08-08 23:35:09.642 16134 16134 I Input   : injectKeyEvent: KeyEvent { action=ACTION_DOWN, keyCode=KEYCODE_DEL, scanCode=0, metaState=0, flags=0x0, repeatCount=0, eventTime=3231198, downTime=3231198, deviceId=-1, source=0x101 }
08-08 23:35:09.644 16134 16134 I Input   : injectKeyEvent: KeyEvent { action=ACTION_UP, keyCode=KEYCODE_DEL, scanCode=0, metaState=0, flags=0x0, repeatCount=0, eventTime=3231198, downTime=3231198, deviceId=-1, source=0x101 }
08-08 23:35:09.646 16134 16134 I Input   : injectKeyEvent: KeyEvent { action=ACTION_DOWN, keyCode=KEYCODE_DEL, scanCode=0, metaState=0, flags=0x0, repeatCount=0, eventTime=3231201, downTime=3231201, deviceId=-1, source=0x101 }
08-08 23:35:09.648 16134 16134 I Input   : injectKeyEvent: KeyEvent { action=ACTION_UP, keyCode=KEYCODE_DEL, scanCode=0, metaState=0, flags=0x0, repeatCount=0, eventTime=3231201, downTime=3231201, deviceId=-1, source=0x101 }
08-08 23:35:09.649 16134 16134 I Input   : injectKeyEvent: KeyEvent { action=ACTION_DOWN, keyCode=KEYCODE_DEL, scanCode=0, metaState=0, flags=0x0, repeatCount=0, eventTime=3231204, downTime=3231204, deviceId=-1, source=0x101 }
08-08 23:35:09.650 16134 16134 I Input   : injectKeyEvent: KeyEvent { action=ACTION_UP, keyCode=KEYCODE_DEL, scanCode=0, metaState=0, flags=0x0, repeatCount=0, eventTime=3231204, downTime=3231204, deviceId=-1, source=0x101 }
08-08 23:35:09.652 16134 16134 I Input   : injectKeyEvent: KeyEvent { action=ACTION_DOWN, keyCode=KEYCODE_DEL, scanCode=0, metaState=0, flags=0x0, repeatCount=0, eventTime=3231207, downTime=3231207, deviceId=-1, source=0x101 }
08-08 23:35:09.653 16134 16134 I Input   : injectKeyEvent: KeyEvent { action=ACTION_UP, keyCode=KEYCODE_DEL, scanCode=0, metaState=0, flags=0x0, repeatCount=0, eventTime=3231207, downTime=3231207, deviceId=-1, source=0x101 }
08-08 23:35:09.654 16134 16134 I Input   : injectKeyEvent: KeyEvent { action=ACTION_DOWN, keyCode=KEYCODE_DEL, scanCode=0, metaState=0, flags=0x0, repeatCount=0, eventTime=3231210, downTime=3231210, deviceId=-1, source=0x101 }
08-08 23:35:09.655 16134 16134 I Input   : injectKeyEvent: KeyEvent { action=ACTION_UP, keyCode=KEYCODE_DEL, scanCode=0, metaState=0, flags=0x0, repeatCount=0, eventTime=3231210, downTime=3231210, deviceId=-1, source=0x101 }
08-08 23:35:09.656 16134 16134 I Input   : injectKeyEvent: KeyEvent { action=ACTION_DOWN, keyCode=KEYCODE_DEL, scanCode=0, metaState=0, flags=0x0, repeatCount=0, eventTime=3231211, downTime=3231211, deviceId=-1, source=0x101 }
08-08 23:35:09.657 16134 16134 I Input   : injectKeyEvent: KeyEvent { action=ACTION_UP, keyCode=KEYCODE_DEL, scanCode=0, metaState=0, flags=0x0, repeatCount=0, eventTime=3231211, downTime=3231211, deviceId=-1, source=0x101 }
08-08 23:35:09.657 16134 16134 I Input   : injectKeyEvent: KeyEvent { action=ACTION_DOWN, keyCode=KEYCODE_DEL, scanCode=0, metaState=0, flags=0x0, repeatCount=0, eventTime=3231213, downTime=3231213, deviceId=-1, source=0x101 }
08-08 23:35:09.658 16134 16134 I Input   : injectKeyEvent: KeyEvent { action=ACTION_UP, keyCode=KEYCODE_DEL, scanCode=0, metaState=0, flags=0x0, repeatCount=0, eventTime=3231213, downTime=3231213, deviceId=-1, source=0x101 }
08-08 23:35:09.659 16134 16134 I Input   : injectKeyEvent: KeyEvent { action=ACTION_DOWN, keyCode=KEYCODE_DEL, scanCode=0, metaState=0, flags=0x0, repeatCount=0, eventTime=3231215, downTime=3231215, deviceId=-1, source=0x101 }
08-08 23:35:09.662 16134 16134 I Input   : injectKeyEvent: KeyEvent { action=ACTION_UP, keyCode=KEYCODE_DEL, scanCode=0, metaState=0, flags=0x0, repeatCount=0, eventTime=3231215, downTime=3231215, deviceId=-1, source=0x101 }
08-08 23:35:09.663 16134 16134 I Input   : injectKeyEvent: KeyEvent { action=ACTION_DOWN, keyCode=KEYCODE_DEL, scanCode=0, metaState=0, flags=0x0, repeatCount=0, eventTime=3231218, downTime=3231218, deviceId=-1, source=0x101 }
08-08 23:35:09.664 16134 16134 I Input   : injectKeyEvent: KeyEvent { action=ACTION_UP, keyCode=KEYCODE_DEL, scanCode=0, metaState=0, flags=0x0, repeatCount=0, eventTime=3231218, downTime=3231218, deviceId=-1, source=0x101 }
08-08 23:35:09.665 16134 16134 I Input   : injectKeyEvent: KeyEvent { action=ACTION_DOWN, keyCode=KEYCODE_DEL, scanCode=0, metaState=0, flags=0x0, repeatCount=0, eventTime=3231220, downTime=3231220, deviceId=-1, source=0x101 }
08-08 23:35:09.666 16134 16134 I Input   : injectKeyEvent: KeyEvent { action=ACTION_UP, keyCode=KEYCODE_DEL, scanCode=0, metaState=0, flags=0x0, repeatCount=0, eventTime=3231220, downTime=3231220, deviceId=-1, source=0x101 }
08-08 23:35:09.668 16134 16134 I Input   : injectKeyEvent: KeyEvent { action=ACTION_DOWN, keyCode=KEYCODE_DEL, scanCode=0, metaState=0, flags=0x0, repeatCount=0, eventTime=3231224, downTime=3231224, deviceId=-1, source=0x101 }
08-08 23:35:09.670 16134 16134 I Input   : injectKeyEvent: KeyEvent { action=ACTION_UP, keyCode=KEYCODE_DEL, scanCode=0, metaState=0, flags=0x0, repeatCount=0, eventTime=3231224, downTime=3231224, deviceId=-1, source=0x101 }
08-08 23:35:09.670 16134 16134 I Input   : injectKeyEvent: KeyEvent { action=ACTION_DOWN, keyCode=KEYCODE_DEL, scanCode=0, metaState=0, flags=0x0, repeatCount=0, eventTime=3231226, downTime=3231226, deviceId=-1, source=0x101 }
08-08 23:35:09.671 16134 16134 I Input   : injectKeyEvent: KeyEvent { action=ACTION_UP, keyCode=KEYCODE_DEL, scanCode=0, metaState=0, flags=0x0, repeatCount=0, eventTime=3231226, downTime=3231226, deviceId=-1, source=0x101 }
08-08 23:35:09.672 16134 16134 I Input   : injectKeyEvent: KeyEvent { action=ACTION_DOWN, keyCode=KEYCODE_DEL, scanCode=0, metaState=0, flags=0x0, repeatCount=0, eventTime=3231227, downTime=3231227, deviceId=-1, source=0x101 }
08-08 23:35:09.672 16134 16134 I Input   : injectKeyEvent: KeyEvent { action=ACTION_UP, keyCode=KEYCODE_DEL, scanCode=0, metaState=0, flags=0x0, repeatCount=0, eventTime=3231227, downTime=3231227, deviceId=-1, source=0x101 }
08-08 23:35:09.673 16134 16134 I Input   : injectKeyEvent: KeyEvent { action=ACTION_DOWN, keyCode=KEYCODE_DEL, scanCode=0, metaState=0, flags=0x0, repeatCount=0, eventTime=3231228, downTime=3231228, deviceId=-1, source=0x101 }
08-08 23:35:09.674 16134 16134 I Input   : injectKeyEvent: KeyEvent { action=ACTION_UP, keyCode=KEYCODE_DEL, scanCode=0, metaState=0, flags=0x0, repeatCount=0, eventTime=3231228, downTime=3231228, deviceId=-1, source=0x101 }
08-08 23:35:09.675 16134 16134 I Input   : injectKeyEvent: KeyEvent { action=ACTION_DOWN, keyCode=KEYCODE_DEL, scanCode=0, metaState=0, flags=0x0, repeatCount=0, eventTime=3231231, downTime=3231231, deviceId=-1, source=0x101 }
08-08 23:35:09.677 16134 16134 I Input   : injectKeyEvent: KeyEvent { action=ACTION_UP, keyCode=KEYCODE_DEL, scanCode=0, metaState=0, flags=0x0, repeatCount=0, eventTime=3231231, downTime=3231231, deviceId=-1, source=0x101 }
08-08 23:35:09.678 16134 16134 I Input   : injectKeyEvent: KeyEvent { action=ACTION_DOWN, keyCode=KEYCODE_DEL, scanCode=0, metaState=0, flags=0x0, repeatCount=0, eventTime=3231233, downTime=3231233, deviceId=-1, source=0x101 }
08-08 23:35:09.679 16134 16134 I Input   : injectKeyEvent: KeyEvent { action=ACTION_UP, keyCode=KEYCODE_DEL, scanCode=0, metaState=0, flags=0x0, repeatCount=0, eventTime=3231233, downTime=3231233, deviceId=-1, source=0x101 }
08-08 23:35:09.680 16134 16134 I Input   : injectKeyEvent: KeyEvent { action=ACTION_DOWN, keyCode=KEYCODE_DEL, scanCode=0, metaState=0, flags=0x0, repeatCount=0, eventTime=3231235, downTime=3231235, deviceId=-1, source=0x101 }
08-08 23:35:09.681 16134 16134 I Input   : injectKeyEvent: KeyEvent { action=ACTION_UP, keyCode=KEYCODE_DEL, scanCode=0, metaState=0, flags=0x0, repeatCount=0, eventTime=3231235, downTime=3231235, deviceId=-1, source=0x101 }
08-08 23:35:09.682 16134 16134 I Input   : injectKeyEvent: KeyEvent { action=ACTION_DOWN, keyCode=KEYCODE_DEL, scanCode=0, metaState=0, flags=0x0, repeatCount=0, eventTime=3231237, downTime=3231237, deviceId=-1, source=0x101 }
08-08 23:35:09.683 16134 16134 I Input   : injectKeyEvent: KeyEvent { action=ACTION_UP, keyCode=KEYCODE_DEL, scanCode=0, metaState=0, flags=0x0, repeatCount=0, eventTime=3231237, downTime=3231237, deviceId=-1, source=0x101 }
08-08 23:35:09.684 16134 16134 I Input   : injectKeyEvent: KeyEvent { action=ACTION_DOWN, keyCode=KEYCODE_DEL, scanCode=0, metaState=0, flags=0x0, repeatCount=0, eventTime=3231239, downTime=3231239, deviceId=-1, source=0x101 }
08-08 23:35:09.684 16134 16134 I Input   : injectKeyEvent: KeyEvent { action=ACTION_UP, keyCode=KEYCODE_DEL, scanCode=0, metaState=0, flags=0x0, repeatCount=0, eventTime=3231239, downTime=3231239, deviceId=-1, source=0x101 }
08-08 23:35:09.685 16134 16134 I Input   : injectKeyEvent: KeyEvent { action=ACTION_DOWN, keyCode=KEYCODE_DEL, scanCode=0, metaState=0, flags=0x0, repeatCount=0, eventTime=3231240, downTime=3231240, deviceId=-1, source=0x101 }
08-08 23:35:09.686 16134 16134 I Input   : injectKeyEvent: KeyEvent { action=ACTION_UP, keyCode=KEYCODE_DEL, scanCode=0, metaState=0, flags=0x0, repeatCount=0, eventTime=3231240, downTime=3231240, deviceId=-1, source=0x101 }
08-08 23:35:09.686 16134 16134 I Input   : injectKeyEvent: KeyEvent { action=ACTION_DOWN, keyCode=KEYCODE_DEL, scanCode=0, metaState=0, flags=0x0, repeatCount=0, eventTime=3231242, downTime=3231242, deviceId=-1, source=0x101 }
08-08 23:35:09.687 16134 16134 I Input   : injectKeyEvent: KeyEvent { action=ACTION_UP, keyCode=KEYCODE_DEL, scanCode=0, metaState=0, flags=0x0, repeatCount=0, eventTime=3231242, downTime=3231242, deviceId=-1, source=0x101 }
08-08 23:35:09.687 16134 16134 I Input   : injectKeyEvent: KeyEvent { action=ACTION_DOWN, keyCode=KEYCODE_DEL, scanCode=0, metaState=0, flags=0x0, repeatCount=0, eventTime=3231243, downTime=3231243, deviceId=-1, source=0x101 }
08-08 23:35:09.688 16134 16134 I Input   : injectKeyEvent: KeyEvent { action=ACTION_UP, keyCode=KEYCODE_DEL, scanCode=0, metaState=0, flags=0x0, repeatCount=0, eventTime=3231243, downTime=3231243, deviceId=-1, source=0x101 }
08-08 23:35:09.689 16134 16134 I Input   : injectKeyEvent: KeyEvent { action=ACTION_DOWN, keyCode=KEYCODE_DEL, scanCode=0, metaState=0, flags=0x0, repeatCount=0, eventTime=3231244, downTime=3231244, deviceId=-1, source=0x101 }
08-08 23:35:09.689 16134 16134 I Input   : injectKeyEvent: KeyEvent { action=ACTION_UP, keyCode=KEYCODE_DEL, scanCode=0, metaState=0, flags=0x0, repeatCount=0, eventTime=3231244, downTime=3231244, deviceId=-1, source=0x101 }
08-08 23:35:09.690 16134 16134 I Input   : injectKeyEvent: KeyEvent { action=ACTION_DOWN, keyCode=KEYCODE_DEL, scanCode=0, metaState=0, flags=0x0, repeatCount=0, eventTime=3231246, downTime=3231246, deviceId=-1, source=0x101 }
08-08 23:35:09.691 16134 16134 I Input   : injectKeyEvent: KeyEvent { action=ACTION_UP, keyCode=KEYCODE_DEL, scanCode=0, metaState=0, flags=0x0, repeatCount=0, eventTime=3231246, downTime=3231246, deviceId=-1, source=0x101 }
08-08 23:35:09.693 16134 16134 I Input   : injectKeyEvent: KeyEvent { action=ACTION_DOWN, keyCode=KEYCODE_DEL, scanCode=0, metaState=0, flags=0x0, repeatCount=0, eventTime=3231248, downTime=3231248, deviceId=-1, source=0x101 }
08-08 23:35:09.694 16134 16134 I Input   : injectKeyEvent: KeyEvent { action=ACTION_UP, keyCode=KEYCODE_DEL, scanCode=0, metaState=0, flags=0x0, repeatCount=0, eventTime=3231248, downTime=3231248, deviceId=-1, source=0x101 }
08-08 23:35:09.695 16134 16134 I Input   : injectKeyEvent: KeyEvent { action=ACTION_DOWN, keyCode=KEYCODE_DEL, scanCode=0, metaState=0, flags=0x0, repeatCount=0, eventTime=3231250, downTime=3231250, deviceId=-1, source=0x101 }
08-08 23:35:09.696 16134 16134 I Input   : injectKeyEvent: KeyEvent { action=ACTION_UP, keyCode=KEYCODE_DEL, scanCode=0, metaState=0, flags=0x0, repeatCount=0, eventTime=3231250, downTime=3231250, deviceId=-1, source=0x101 }
08-08 23:35:09.696 16134 16134 I Input   : injectKeyEvent: KeyEvent { action=ACTION_DOWN, keyCode=KEYCODE_DEL, scanCode=0, metaState=0, flags=0x0, repeatCount=0, eventTime=3231252, downTime=3231252, deviceId=-1, source=0x101 }
