08-08 23:32:19.706  1693  1693 W InputMethodService: Window size has been changed. This may cause jankiness of resizing window: -1 -> -2
08-08 23:32:19.711  1708  1907 D EGL_emulation: eglMakeCurrent: 0xb25055a0: ver 2 0 (tinfo 0xb2503800)
08-08 23:32:19.711  1693 27787 D EGL_emulation: eglMakeCurrent: 0xa4d561c0: ver 2 0 (tinfo 0xa4d6db90)
08-08 23:32:19.896  1628  1648 I WindowManager: Destroying surface Surface(name=InputMethod) called by com.android.server.wm.WindowStateAnimator.destroySurface:2016 com.android.server.wm.WindowStateAnimator.destroySurfaceLocked:882 com.android.server.wm.WindowState.destroyOrSaveSurface:2100 com.android.server.wm.WindowSurfacePlacer.performSurfacePlacementInner:429 com.android.server.wm.WindowSurfacePlacer.performSurfacePlacementLoop:232 com.android.server.wm.WindowSurfacePlacer.performSurfacePlacement:180 com.android.server.wm.WindowManagerService$H.handleMessage:8086 android.os.Handler.dispatchMessage:102 
08-08 23:32:22.407 11635 11635 D AndroidRuntime: >>>>>> START com.android.internal.os.RuntimeInit uid 2000 <<<<<<
08-08 23:32:22.408 11635 11635 D AndroidRuntime: CheckJNI is ON
08-08 23:32:22.420 11635 11635 W art     : Unexpected CPU variant for X86 using defaults: x86
08-08 23:32:22.423 11635 11635 D ICU     : No timezone override file found: /data/local/tmp/misc/zoneinfo/current/icu/icu_tzdata.dat
08-08 23:32:22.435 11635 11635 E memtrack: Couldn't load memtrack module (No such file or directory)
08-08 23:32:22.435 11635 11635 E android.os.Debug: failed to load memtrack module: -2
08-08 23:32:22.436 11635 11635 I Radio-JNI: register_android_hardware_Radio DONE
08-08 23:32:22.439 11635 11635 D AndroidRuntime: Calling main entry com.android.commands.uiautomator.Launcher
08-08 23:32:23.460 11635 11635 I AccessibilityNodeInfoDumper: Skipping invisible child: android.view.accessibility.AccessibilityNodeInfo@800143ee; boundsInParent: Rect(0, 0 - 0, 147); boundsInScreen: Rect(1080, 63 - 1080, 210); packageName: uk.co.bitethebullet.android.token; className: android.widget.LinearLayout; text: null; error: null; maxTextLength: -1; contentDescription: null; viewIdResName: null; checkable: false; checked: false; focusable: false; focused: false; selected: false; clickable: false; longClickable: false; contextClickable: false; enabled: true; password: false; scrollable: false; actions: [AccessibilityAction: ACTION_SELECT - null, AccessibilityAction: ACTION_CLEAR_SELECTION - null, AccessibilityAction: ACTION_ACCESSIBILITY_FOCUS - null, AccessibilityAction: ACTION_SHOW_ON_SCREEN - null]
08-08 23:32:23.462 11635 11635 W AccessibilityNodeInfoDumper: Fetch time: 3ms
08-08 23:32:23.462  1628  1638 W WindowManager: Attempted to remove non-existing token: android.os.Binder@e8d2f5d
08-08 23:32:23.465 11635 11635 D AndroidRuntime: Shutting down VM
08-08 23:32:24.221 11661 11661 D AndroidRuntime: >>>>>> START com.android.internal.os.RuntimeInit uid 2000 <<<<<<
08-08 23:32:24.222 11661 11661 D AndroidRuntime: CheckJNI is ON
08-08 23:32:24.234 11661 11661 W art     : Unexpected CPU variant for X86 using defaults: x86
08-08 23:32:24.236 11661 11661 D ICU     : No timezone override file found: /data/local/tmp/misc/zoneinfo/current/icu/icu_tzdata.dat
08-08 23:32:24.248 11661 11661 E memtrack: Couldn't load memtrack module (No such file or directory)
08-08 23:32:24.248 11661 11661 E android.os.Debug: failed to load memtrack module: -2
08-08 23:32:24.248 11661 11661 I Radio-JNI: register_android_hardware_Radio DONE
08-08 23:32:24.252 11661 11661 D AndroidRuntime: Calling main entry com.android.commands.uiautomator.Launcher
08-08 23:32:25.271 11661 11661 I AccessibilityNodeInfoDumper: Skipping invisible child: android.view.accessibility.AccessibilityNodeInfo@800143f6; boundsInParent: Rect(0, 0 - 0, 147); boundsInScreen: Rect(1080, 63 - 1080, 210); packageName: uk.co.bitethebullet.android.token; className: android.widget.LinearLayout; text: null; error: null; maxTextLength: -1; contentDescription: null; viewIdResName: null; checkable: false; checked: false; focusable: false; focused: false; selected: false; clickable: false; longClickable: false; contextClickable: false; enabled: true; password: false; scrollable: false; actions: [AccessibilityAction: ACTION_SELECT - null, AccessibilityAction: ACTION_CLEAR_SELECTION - null, AccessibilityAction: ACTION_ACCESSIBILITY_FOCUS - null, AccessibilityAction: ACTION_SHOW_ON_SCREEN - null]
08-08 23:32:25.272 11661 11661 W AccessibilityNodeInfoDumper: Fetch time: 2ms
08-08 23:32:25.272  1628  1809 W WindowManager: Attempted to remove non-existing token: android.os.Binder@d1c75a3
08-08 23:32:25.275 11661 11661 D AndroidRuntime: Shutting down VM
08-08 23:32:25.470 11679 11679 D AndroidRuntime: >>>>>> START com.android.internal.os.RuntimeInit uid 2000 <<<<<<
08-08 23:32:25.471 11679 11679 D AndroidRuntime: CheckJNI is ON
08-08 23:32:25.483 11679 11679 W art     : Unexpected CPU variant for X86 using defaults: x86
08-08 23:32:25.487 11679 11679 D ICU     : No timezone override file found: /data/local/tmp/misc/zoneinfo/current/icu/icu_tzdata.dat
08-08 23:32:25.498 11679 11679 E memtrack: Couldn't load memtrack module (No such file or directory)
08-08 23:32:25.498 11679 11679 E android.os.Debug: failed to load memtrack module: -2
08-08 23:32:25.499 11679 11679 I Radio-JNI: register_android_hardware_Radio DONE
08-08 23:32:25.504 11679 11679 D AndroidRuntime: Calling main entry com.android.commands.uiautomator.Launcher
08-08 23:32:26.525 11679 11679 I AccessibilityNodeInfoDumper: Skipping invisible child: android.view.accessibility.AccessibilityNodeInfo@80014402; boundsInParent: Rect(0, 0 - 0, 147); boundsInScreen: Rect(1080, 63 - 1080, 210); packageName: uk.co.bitethebullet.android.token; className: android.widget.LinearLayout; text: null; error: null; maxTextLength: -1; contentDescription: null; viewIdResName: null; checkable: false; checked: false; focusable: false; focused: false; selected: false; clickable: false; longClickable: false; contextClickable: false; enabled: true; password: false; scrollable: false; actions: [AccessibilityAction: ACTION_SELECT - null, AccessibilityAction: ACTION_CLEAR_SELECTION - null, AccessibilityAction: ACTION_ACCESSIBILITY_FOCUS - null, AccessibilityAction: ACTION_SHOW_ON_SCREEN - null]
08-08 23:32:26.526 11679 11679 W AccessibilityNodeInfoDumper: Fetch time: 2ms
08-08 23:32:26.526  1628  1638 W WindowManager: Attempted to remove non-existing token: android.os.Binder@a726459
08-08 23:32:26.529 11679 11679 D AndroidRuntime: Shutting down VM
08-08 23:32:27.294 11705 11705 D AndroidRuntime: >>>>>> START com.android.internal.os.RuntimeInit uid 2000 <<<<<<
08-08 23:32:27.295 11705 11705 D AndroidRuntime: CheckJNI is ON
08-08 23:32:27.307 11705 11705 W art     : Unexpected CPU variant for X86 using defaults: x86
08-08 23:32:27.310 11705 11705 D ICU     : No timezone override file found: /data/local/tmp/misc/zoneinfo/current/icu/icu_tzdata.dat
08-08 23:32:27.322 11705 11705 E memtrack: Couldn't load memtrack module (No such file or directory)
08-08 23:32:27.322 11705 11705 E android.os.Debug: failed to load memtrack module: -2
08-08 23:32:27.323 11705 11705 I Radio-JNI: register_android_hardware_Radio DONE
08-08 23:32:27.327 11705 11705 D AndroidRuntime: Calling main entry com.android.commands.uiautomator.Launcher
08-08 23:32:28.344 11705 11705 I AccessibilityNodeInfoDumper: Skipping invisible child: android.view.accessibility.AccessibilityNodeInfo@80014409; boundsInParent: Rect(0, 0 - 0, 147); boundsInScreen: Rect(1080, 63 - 1080, 210); packageName: uk.co.bitethebullet.android.token; className: android.widget.LinearLayout; text: null; error: null; maxTextLength: -1; contentDescription: null; viewIdResName: null; checkable: false; checked: false; focusable: false; focused: false; selected: false; clickable: false; longClickable: false; contextClickable: false; enabled: true; password: false; scrollable: false; actions: [AccessibilityAction: ACTION_SELECT - null, AccessibilityAction: ACTION_CLEAR_SELECTION - null, AccessibilityAction: ACTION_ACCESSIBILITY_FOCUS - null, AccessibilityAction: ACTION_SHOW_ON_SCREEN - null]
08-08 23:32:28.346 11705 11705 W AccessibilityNodeInfoDumper: Fetch time: 2ms
08-08 23:32:28.346  1628  1809 W WindowManager: Attempted to remove non-existing token: android.os.Binder@f76c8ff
08-08 23:32:28.350 11705 11705 D AndroidRuntime: Shutting down VM
08-08 23:32:29.143 11739 11739 D AndroidRuntime: >>>>>> START com.android.internal.os.RuntimeInit uid 2000 <<<<<<
08-08 23:32:29.145 11739 11739 D AndroidRuntime: CheckJNI is ON
08-08 23:32:29.157 11739 11739 W art     : Unexpected CPU variant for X86 using defaults: x86
08-08 23:32:29.160 11739 11739 D ICU     : No timezone override file found: /data/local/tmp/misc/zoneinfo/current/icu/icu_tzdata.dat
08-08 23:32:29.173 11739 11739 E memtrack: Couldn't load memtrack module (No such file or directory)
08-08 23:32:29.173 11739 11739 E android.os.Debug: failed to load memtrack module: -2
08-08 23:32:29.175 11739 11739 I Radio-JNI: register_android_hardware_Radio DONE
08-08 23:32:29.179 11739 11739 D AndroidRuntime: Calling main entry com.android.commands.uiautomator.Launcher
08-08 23:32:30.197 11739 11739 I AccessibilityNodeInfoDumper: Skipping invisible child: android.view.accessibility.AccessibilityNodeInfo@80014413; boundsInParent: Rect(0, 0 - 0, 147); boundsInScreen: Rect(1080, 63 - 1080, 210); packageName: uk.co.bitethebullet.android.token; className: android.widget.LinearLayout; text: null; error: null; maxTextLength: -1; contentDescription: null; viewIdResName: null; checkable: false; checked: false; focusable: false; focused: false; selected: false; clickable: false; longClickable: false; contextClickable: false; enabled: true; password: false; scrollable: false; actions: [AccessibilityAction: ACTION_SELECT - null, AccessibilityAction: ACTION_CLEAR_SELECTION - null, AccessibilityAction: ACTION_ACCESSIBILITY_FOCUS - null, AccessibilityAction: ACTION_SHOW_ON_SCREEN - null]
08-08 23:32:30.199 11739 11739 W AccessibilityNodeInfoDumper: Fetch time: 2ms
08-08 23:32:30.199  1628  1999 W WindowManager: Attempted to remove non-existing token: android.os.Binder@2f8f61b
08-08 23:32:30.203 11739 11739 D AndroidRuntime: Shutting down VM
08-08 23:32:30.312  1341  3340 E SurfaceFlinger: ro.sf.lcd_density must be defined as a build property
08-08 23:32:30.312  1341  2007 D gralloc_ranchu: gralloc_alloc: Creating ashmem region of size 8294400
08-08 23:32:30.320 11755 11755 D         : HostConnection::get() New Host Connection established 0xabf9b2c0, tid 11755
08-08 23:32:30.326  1341  1341 E EGL_emulation: tid 1341: eglCreateSyncKHR(1901): error 0x3004 (EGL_BAD_ATTRIBUTE)
08-08 23:32:30.566 11760 11760 D AndroidRuntime: >>>>>> START com.android.internal.os.RuntimeInit uid 2000 <<<<<<
08-08 23:32:30.567 11760 11760 D AndroidRuntime: CheckJNI is ON
08-08 23:32:30.581 11760 11760 W art     : Unexpected CPU variant for X86 using defaults: x86
08-08 23:32:30.584 11760 11760 D ICU     : No timezone override file found: /data/misc/zoneinfo/current/icu/icu_tzdata.dat
08-08 23:32:30.595 11760 11760 E memtrack: Couldn't load memtrack module (No such file or directory)
08-08 23:32:30.596 11760 11760 E android.os.Debug: failed to load memtrack module: -2
08-08 23:32:30.597 11760 11760 I Radio-JNI: register_android_hardware_Radio DONE
08-08 23:32:30.603 11760 11760 D AndroidRuntime: Calling main entry com.android.commands.am.Am
08-08 23:32:30.609  2065  2065 D MediaScannerReceiver: action: android.intent.action.MEDIA_SCANNER_SCAN_FILE path: /storage/emulated/0/screen.png
08-08 23:32:30.611 11760 11760 D AndroidRuntime: Shutting down VM
08-08 23:32:32.923 11773 11773 D AndroidRuntime: >>>>>> START com.android.internal.os.RuntimeInit uid 2000 <<<<<<
08-08 23:32:32.924 11773 11773 D AndroidRuntime: CheckJNI is ON
08-08 23:32:32.936 11773 11773 W art     : Unexpected CPU variant for X86 using defaults: x86
08-08 23:32:32.939 11773 11773 D ICU     : No timezone override file found: /data/local/tmp/misc/zoneinfo/current/icu/icu_tzdata.dat
08-08 23:32:32.951 11773 11773 E memtrack: Couldn't load memtrack module (No such file or directory)
08-08 23:32:32.951 11773 11773 E android.os.Debug: failed to load memtrack module: -2
08-08 23:32:32.952 11773 11773 I Radio-JNI: register_android_hardware_Radio DONE
08-08 23:32:32.957 11773 11773 D AndroidRuntime: Calling main entry com.android.commands.uiautomator.Launcher
08-08 23:32:33.972 11773 11773 I AccessibilityNodeInfoDumper: Skipping invisible child: android.view.accessibility.AccessibilityNodeInfo@8001441c; boundsInParent: Rect(0, 0 - 0, 147); boundsInScreen: Rect(1080, 63 - 1080, 210); packageName: uk.co.bitethebullet.android.token; className: android.widget.LinearLayout; text: null; error: null; maxTextLength: -1; contentDescription: null; viewIdResName: null; checkable: false; checked: false; focusable: false; focused: false; selected: false; clickable: false; longClickable: false; contextClickable: false; enabled: true; password: false; scrollable: false; actions: [AccessibilityAction: ACTION_SELECT - null, AccessibilityAction: ACTION_CLEAR_SELECTION - null, AccessibilityAction: ACTION_ACCESSIBILITY_FOCUS - null, AccessibilityAction: ACTION_SHOW_ON_SCREEN - null]
08-08 23:32:33.973 11773 11773 W AccessibilityNodeInfoDumper: Fetch time: 2ms
08-08 23:32:33.974  1628  1984 W WindowManager: Attempted to remove non-existing token: android.os.Binder@f4fcf6
08-08 23:32:33.977 11773 11773 D AndroidRuntime: Shutting down VM
08-08 23:32:36.168 11790 11790 D AndroidRuntime: >>>>>> START com.android.internal.os.RuntimeInit uid 2000 <<<<<<
08-08 23:32:36.169 11790 11790 D AndroidRuntime: CheckJNI is ON
08-08 23:32:36.181 11790 11790 W art     : Unexpected CPU variant for X86 using defaults: x86
08-08 23:32:36.183 11790 11790 D ICU     : No timezone override file found: /data/local/tmp/misc/zoneinfo/current/icu/icu_tzdata.dat
08-08 23:32:36.196 11790 11790 E memtrack: Couldn't load memtrack module (No such file or directory)
08-08 23:32:36.196 11790 11790 E android.os.Debug: failed to load memtrack module: -2
08-08 23:32:36.197 11790 11790 I Radio-JNI: register_android_hardware_Radio DONE
08-08 23:32:36.200 11790 11790 D AndroidRuntime: Calling main entry com.android.commands.uiautomator.Launcher
08-08 23:32:37.221 11790 11790 I AccessibilityNodeInfoDumper: Skipping invisible child: android.view.accessibility.AccessibilityNodeInfo@80014426; boundsInParent: Rect(0, 0 - 0, 147); boundsInScreen: Rect(1080, 63 - 1080, 210); packageName: uk.co.bitethebullet.android.token; className: android.widget.LinearLayout; text: null; error: null; maxTextLength: -1; contentDescription: null; viewIdResName: null; checkable: false; checked: false; focusable: false; focused: false; selected: false; clickable: false; longClickable: false; contextClickable: false; enabled: true; password: false; scrollable: false; actions: [AccessibilityAction: ACTION_SELECT - null, AccessibilityAction: ACTION_CLEAR_SELECTION - null, AccessibilityAction: ACTION_ACCESSIBILITY_FOCUS - null, AccessibilityAction: ACTION_SHOW_ON_SCREEN - null]
08-08 23:32:37.222 11790 11790 W AccessibilityNodeInfoDumper: Fetch time: 3ms
08-08 23:32:37.223  1628  1983 W WindowManager: Attempted to remove non-existing token: android.os.Binder@82fd364
08-08 23:32:37.226 11790 11790 D AndroidRuntime: Shutting down VM
08-08 23:32:37.421 11807 11807 D AndroidRuntime: >>>>>> START com.android.internal.os.RuntimeInit uid 2000 <<<<<<
08-08 23:32:37.422 11807 11807 D AndroidRuntime: CheckJNI is ON
08-08 23:32:37.435 11807 11807 W art     : Unexpected CPU variant for X86 using defaults: x86
08-08 23:32:37.438 11807 11807 D ICU     : No timezone override file found: /data/local/tmp/misc/zoneinfo/current/icu/icu_tzdata.dat
08-08 23:32:37.450 11807 11807 E memtrack: Couldn't load memtrack module (No such file or directory)
08-08 23:32:37.450 11807 11807 E android.os.Debug: failed to load memtrack module: -2
08-08 23:32:37.451 11807 11807 I Radio-JNI: register_android_hardware_Radio DONE
08-08 23:32:37.455 11807 11807 D AndroidRuntime: Calling main entry com.android.commands.uiautomator.Launcher
08-08 23:32:38.470 11807 11807 I AccessibilityNodeInfoDumper: Skipping invisible child: android.view.accessibility.AccessibilityNodeInfo@8001442e; boundsInParent: Rect(0, 0 - 0, 147); boundsInScreen: Rect(1080, 63 - 1080, 210); packageName: uk.co.bitethebullet.android.token; className: android.widget.LinearLayout; text: null; error: null; maxTextLength: -1; contentDescription: null; viewIdResName: null; checkable: false; checked: false; focusable: false; focused: false; selected: false; clickable: false; longClickable: false; contextClickable: false; enabled: true; password: false; scrollable: false; actions: [AccessibilityAction: ACTION_SELECT - null, AccessibilityAction: ACTION_CLEAR_SELECTION - null, AccessibilityAction: ACTION_ACCESSIBILITY_FOCUS - null, AccessibilityAction: ACTION_SHOW_ON_SCREEN - null]
08-08 23:32:38.471 11807 11807 W AccessibilityNodeInfoDumper: Fetch time: 3ms
08-08 23:32:38.471  1628  1639 W WindowManager: Attempted to remove non-existing token: android.os.Binder@1ebf282
08-08 23:32:38.474 11807 11807 D AndroidRuntime: Shutting down VM
08-08 23:32:38.668 11824 11824 D AndroidRuntime: >>>>>> START com.android.internal.os.RuntimeInit uid 2000 <<<<<<
08-08 23:32:38.670 11824 11824 D AndroidRuntime: CheckJNI is ON
08-08 23:32:38.682 11824 11824 W art     : Unexpected CPU variant for X86 using defaults: x86
08-08 23:32:38.684 11824 11824 D ICU     : No timezone override file found: /data/local/tmp/misc/zoneinfo/current/icu/icu_tzdata.dat
08-08 23:32:38.696 11824 11824 E memtrack: Couldn't load memtrack module (No such file or directory)
08-08 23:32:38.696 11824 11824 E android.os.Debug: failed to load memtrack module: -2
08-08 23:32:38.697 11824 11824 I Radio-JNI: register_android_hardware_Radio DONE
08-08 23:32:38.700 11824 11824 D AndroidRuntime: Calling main entry com.android.commands.uiautomator.Launcher
08-08 23:32:39.719 11824 11824 I AccessibilityNodeInfoDumper: Skipping invisible child: android.view.accessibility.AccessibilityNodeInfo@80014436; boundsInParent: Rect(0, 0 - 0, 147); boundsInScreen: Rect(1080, 63 - 1080, 210); packageName: uk.co.bitethebullet.android.token; className: android.widget.LinearLayout; text: null; error: null; maxTextLength: -1; contentDescription: null; viewIdResName: null; checkable: false; checked: false; focusable: false; focused: false; selected: false; clickable: false; longClickable: false; contextClickable: false; enabled: true; password: false; scrollable: false; actions: [AccessibilityAction: ACTION_SELECT - null, AccessibilityAction: ACTION_CLEAR_SELECTION - null, AccessibilityAction: ACTION_ACCESSIBILITY_FOCUS - null, AccessibilityAction: ACTION_SHOW_ON_SCREEN - null]
08-08 23:32:39.720 11824 11824 W AccessibilityNodeInfoDumper: Fetch time: 2ms
08-08 23:32:39.721  1628  7082 W WindowManager: Attempted to remove non-existing token: android.os.Binder@7c8c1d0
08-08 23:32:39.726 11824 11824 D AndroidRuntime: Shutting down VM
08-08 23:32:39.887 11836 11836 D AndroidRuntime: >>>>>> START com.android.internal.os.RuntimeInit uid 2000 <<<<<<
08-08 23:32:39.888 11836 11836 D AndroidRuntime: CheckJNI is ON
08-08 23:32:39.901 11836 11836 W art     : Unexpected CPU variant for X86 using defaults: x86
08-08 23:32:39.903 11836 11836 D ICU     : No timezone override file found: /data/misc/zoneinfo/current/icu/icu_tzdata.dat
08-08 23:32:39.913 11836 11836 E memtrack: Couldn't load memtrack module (No such file or directory)
08-08 23:32:39.914 11836 11836 E android.os.Debug: failed to load memtrack module: -2
08-08 23:32:39.914 11836 11836 I Radio-JNI: register_android_hardware_Radio DONE
08-08 23:32:39.919 11836 11836 D AndroidRuntime: Calling main entry com.android.commands.input.Input
08-08 23:32:39.922 11836 11836 I Input   : injectMotionEvent: MotionEvent { action=ACTION_DOWN, actionButton=0, id[0]=0, x[0]=540.0, y[0]=447.0, toolType[0]=TOOL_TYPE_UNKNOWN, buttonState=0, metaState=0, flags=0x0, edgeFlags=0x0, pointerCount=1, historySize=0, eventTime=3081476, downTime=3081476, deviceId=0, source=0x1002 }
08-08 23:32:39.925 11836 11836 I Input   : injectMotionEvent: MotionEvent { action=ACTION_UP, actionButton=0, id[0]=0, x[0]=540.0, y[0]=447.0, toolType[0]=TOOL_TYPE_UNKNOWN, buttonState=0, metaState=0, flags=0x0, edgeFlags=0x0, pointerCount=1, historySize=0, eventTime=3081476, downTime=3081476, deviceId=0, source=0x1002 }
08-08 23:32:39.926  1693  1693 W InputMethodService: Window size has been changed. This may cause jankiness of resizing window: -1 -> -2
08-08 23:32:39.926 11836 11836 D AndroidRuntime: Shutting down VM
08-08 23:32:39.931  1693  1693 I LatinIME: Starting input. Cursor position = 0,0
08-08 23:32:39.995  1693 27787 D EGL_emulation: eglMakeCurrent: 0xa4d561c0: ver 2 0 (tinfo 0xa4d6db90)
08-08 23:32:40.117 11849 11849 D AndroidRuntime: >>>>>> START com.android.internal.os.RuntimeInit uid 2000 <<<<<<
08-08 23:32:40.118 11849 11849 D AndroidRuntime: CheckJNI is ON
08-08 23:32:40.131 11849 11849 W art     : Unexpected CPU variant for X86 using defaults: x86
08-08 23:32:40.134 11849 11849 D ICU     : No timezone override file found: /data/misc/zoneinfo/current/icu/icu_tzdata.dat
08-08 23:32:40.143 11849 11849 E memtrack: Couldn't load memtrack module (No such file or directory)
08-08 23:32:40.143 11849 11849 E android.os.Debug: failed to load memtrack module: -2
08-08 23:32:40.143 11849 11849 I Radio-JNI: register_android_hardware_Radio DONE
08-08 23:32:40.149 11849 11849 D AndroidRuntime: Calling main entry com.android.commands.input.Input
08-08 23:32:40.150 11849 11849 I Input   : injectKeyEvent: KeyEvent { action=ACTION_DOWN, keyCode=KEYCODE_ESCAPE, scanCode=0, metaState=0, flags=0x0, repeatCount=0, eventTime=3081705, downTime=3081705, deviceId=-1, source=0x101 }
08-08 23:32:40.154 11849 11849 I Input   : injectKeyEvent: KeyEvent { action=ACTION_UP, keyCode=KEYCODE_ESCAPE, scanCode=0, metaState=0, flags=0x0, repeatCount=0, eventTime=3081705, downTime=3081705, deviceId=-1, source=0x101 }
08-08 23:32:40.157 11849 11849 D AndroidRuntime: Shutting down VM
08-08 23:32:40.158  1693  1693 W InputMethodService: Window size has been changed. This may cause jankiness of resizing window: -1 -> -2
08-08 23:32:40.165  1693 27787 D EGL_emulation: eglMakeCurrent: 0xa4d561c0: ver 2 0 (tinfo 0xa4d6db90)
08-08 23:32:40.346  1628  1648 I WindowManager: Destroying surface Surface(name=InputMethod) called by com.android.server.wm.WindowStateAnimator.destroySurface:2016 com.android.server.wm.WindowStateAnimator.destroySurfaceLocked:882 com.android.server.wm.WindowState.destroyOrSaveSurface:2100 com.android.server.wm.WindowSurfacePlacer.performSurfacePlacementInner:429 com.android.server.wm.WindowSurfacePlacer.performSurfacePlacementLoop:232 com.android.server.wm.WindowSurfacePlacer.performSurfacePlacement:180 com.android.server.wm.WindowManagerService$H.handleMessage:8086 android.os.Handler.dispatchMessage:102 
08-08 23:32:40.844 11865 11865 D AndroidRuntime: >>>>>> START com.android.internal.os.RuntimeInit uid 2000 <<<<<<
08-08 23:32:40.845 11865 11865 D AndroidRuntime: CheckJNI is ON
08-08 23:32:40.857 11865 11865 W art     : Unexpected CPU variant for X86 using defaults: x86
08-08 23:32:40.859 11865 11865 D ICU     : No timezone override file found: /data/misc/zoneinfo/current/icu/icu_tzdata.dat
08-08 23:32:40.869 11865 11865 E memtrack: Couldn't load memtrack module (No such file or directory)
08-08 23:32:40.869 11865 11865 E android.os.Debug: failed to load memtrack module: -2
08-08 23:32:40.869 11865 11865 I Radio-JNI: register_android_hardware_Radio DONE
08-08 23:32:40.874 11865 11865 D AndroidRuntime: Calling main entry com.android.commands.input.Input
08-08 23:32:40.875 11865 11865 I Input   : injectKeyEvent: KeyEvent { action=ACTION_DOWN, keyCode=KEYCODE_MOVE_END, scanCode=0, metaState=0, flags=0x0, repeatCount=0, eventTime=3082431, downTime=3082431, deviceId=-1, source=0x101 }
08-08 23:32:40.877 11865 11865 I Input   : injectKeyEvent: KeyEvent { action=ACTION_UP, keyCode=KEYCODE_MOVE_END, scanCode=0, metaState=0, flags=0x0, repeatCount=0, eventTime=3082431, downTime=3082431, deviceId=-1, source=0x101 }
08-08 23:32:40.877 11865 11865 D AndroidRuntime: Shutting down VM
08-08 23:32:41.020 11876 11876 D AndroidRuntime: >>>>>> START com.android.internal.os.RuntimeInit uid 2000 <<<<<<
08-08 23:32:41.022 11876 11876 D AndroidRuntime: CheckJNI is ON
08-08 23:32:41.034 11876 11876 W art     : Unexpected CPU variant for X86 using defaults: x86
08-08 23:32:41.037 11876 11876 D ICU     : No timezone override file found: /data/misc/zoneinfo/current/icu/icu_tzdata.dat
08-08 23:32:41.046 11876 11876 E memtrack: Couldn't load memtrack module (No such file or directory)
08-08 23:32:41.046 11876 11876 E android.os.Debug: failed to load memtrack module: -2
08-08 23:32:41.046 11876 11876 I Radio-JNI: register_android_hardware_Radio DONE
08-08 23:32:41.051 11876 11876 D AndroidRuntime: Calling main entry com.android.commands.input.Input
08-08 23:32:41.051 11876 11876 I Input   : injectKeyEvent: KeyEvent { action=ACTION_DOWN, keyCode=KEYCODE_DEL, scanCode=0, metaState=0, flags=0x0, repeatCount=0, eventTime=3082606, downTime=3082606, deviceId=-1, source=0x101 }
08-08 23:32:41.054 11876 11876 I Input   : injectKeyEvent: KeyEvent { action=ACTION_UP, keyCode=KEYCODE_DEL, scanCode=0, metaState=0, flags=0x0, repeatCount=0, eventTime=3082606, downTime=3082606, deviceId=-1, source=0x101 }
08-08 23:32:41.055 11876 11876 I Input   : injectKeyEvent: KeyEvent { action=ACTION_DOWN, keyCode=KEYCODE_DEL, scanCode=0, metaState=0, flags=0x0, repeatCount=0, eventTime=3082610, downTime=3082610, deviceId=-1, source=0x101 }
08-08 23:32:41.056 11876 11876 I Input   : injectKeyEvent: KeyEvent { action=ACTION_UP, keyCode=KEYCODE_DEL, scanCode=0, metaState=0, flags=0x0, repeatCount=0, eventTime=3082610, downTime=3082610, deviceId=-1, source=0x101 }
08-08 23:32:41.056 11876 11876 I Input   : injectKeyEvent: KeyEvent { action=ACTION_DOWN, keyCode=KEYCODE_DEL, scanCode=0, metaState=0, flags=0x0, repeatCount=0, eventTime=3082612, downTime=3082612, deviceId=-1, source=0x101 }
08-08 23:32:41.057 11876 11876 I Input   : injectKeyEvent: KeyEvent { action=ACTION_UP, keyCode=KEYCODE_DEL, scanCode=0, metaState=0, flags=0x0, repeatCount=0, eventTime=3082612, downTime=3082612, deviceId=-1, source=0x101 }
08-08 23:32:41.058 11876 11876 I Input   : injectKeyEvent: KeyEvent { action=ACTION_DOWN, keyCode=KEYCODE_DEL, scanCode=0, metaState=0, flags=0x0, repeatCount=0, eventTime=3082614, downTime=3082614, deviceId=-1, source=0x101 }
08-08 23:32:41.060 11876 11876 I Input   : injectKeyEvent: KeyEvent { action=ACTION_UP, keyCode=KEYCODE_DEL, scanCode=0, metaState=0, flags=0x0, repeatCount=0, eventTime=3082614, downTime=3082614, deviceId=-1, source=0x101 }
08-08 23:32:41.062 11876 11876 I Input   : injectKeyEvent: KeyEvent { action=ACTION_DOWN, keyCode=KEYCODE_DEL, scanCode=0, metaState=0, flags=0x0, repeatCount=0, eventTime=3082617, downTime=3082617, deviceId=-1, source=0x101 }
08-08 23:32:41.062 11876 11876 I Input   : injectKeyEvent: KeyEvent { action=ACTION_UP, keyCode=KEYCODE_DEL, scanCode=0, metaState=0, flags=0x0, repeatCount=0, eventTime=3082617, downTime=3082617, deviceId=-1, source=0x101 }
08-08 23:32:41.063 11876 11876 I Input   : injectKeyEvent: KeyEvent { action=ACTION_DOWN, keyCode=KEYCODE_DEL, scanCode=0, metaState=0, flags=0x0, repeatCount=0, eventTime=3082618, downTime=3082618, deviceId=-1, source=0x101 }
08-08 23:32:41.063 11876 11876 I Input   : injectKeyEvent: KeyEvent { action=ACTION_UP, keyCode=KEYCODE_DEL, scanCode=0, metaState=0, flags=0x0, repeatCount=0, eventTime=3082618, downTime=3082618, deviceId=-1, source=0x101 }
08-08 23:32:41.064 11876 11876 I Input   : injectKeyEvent: KeyEvent { action=ACTION_DOWN, keyCode=KEYCODE_DEL, scanCode=0, metaState=0, flags=0x0, repeatCount=0, eventTime=3082620, downTime=3082620, deviceId=-1, source=0x101 }
08-08 23:32:41.066 11876 11876 I Input   : injectKeyEvent: KeyEvent { action=ACTION_UP, keyCode=KEYCODE_DEL, scanCode=0, metaState=0, flags=0x0, repeatCount=0, eventTime=3082620, downTime=3082620, deviceId=-1, source=0x101 }
08-08 23:32:41.067 11876 11876 I Input   : injectKeyEvent: KeyEvent { action=ACTION_DOWN, keyCode=KEYCODE_DEL, scanCode=0, metaState=0, flags=0x0, repeatCount=0, eventTime=3082622, downTime=3082622, deviceId=-1, source=0x101 }
08-08 23:32:41.068 11876 11876 I Input   : injectKeyEvent: KeyEvent { action=ACTION_UP, keyCode=KEYCODE_DEL, scanCode=0, metaState=0, flags=0x0, repeatCount=0, eventTime=3082622, downTime=3082622, deviceId=-1, source=0x101 }
08-08 23:32:41.069 11876 11876 I Input   : injectKeyEvent: KeyEvent { action=ACTION_DOWN, keyCode=KEYCODE_DEL, scanCode=0, metaState=0, flags=0x0, repeatCount=0, eventTime=3082624, downTime=3082624, deviceId=-1, source=0x101 }
08-08 23:32:41.070 11876 11876 I Input   : injectKeyEvent: KeyEvent { action=ACTION_UP, keyCode=KEYCODE_DEL, scanCode=0, metaState=0, flags=0x0, repeatCount=0, eventTime=3082624, downTime=3082624, deviceId=-1, source=0x101 }
08-08 23:32:41.071 11876 11876 I Input   : injectKeyEvent: KeyEvent { action=ACTION_DOWN, keyCode=KEYCODE_DEL, scanCode=0, metaState=0, flags=0x0, repeatCount=0, eventTime=3082626, downTime=3082626, deviceId=-1, source=0x101 }
08-08 23:32:41.072 11876 11876 I Input   : injectKeyEvent: KeyEvent { action=ACTION_UP, keyCode=KEYCODE_DEL, scanCode=0, metaState=0, flags=0x0, repeatCount=0, eventTime=3082626, downTime=3082626, deviceId=-1, source=0x101 }
08-08 23:32:41.073 11876 11876 I Input   : injectKeyEvent: KeyEvent { action=ACTION_DOWN, keyCode=KEYCODE_DEL, scanCode=0, metaState=0, flags=0x0, repeatCount=0, eventTime=3082628, downTime=3082628, deviceId=-1, source=0x101 }
08-08 23:32:41.073 11876 11876 I Input   : injectKeyEvent: KeyEvent { action=ACTION_UP, keyCode=KEYCODE_DEL, scanCode=0, metaState=0, flags=0x0, repeatCount=0, eventTime=3082628, downTime=3082628, deviceId=-1, source=0x101 }
08-08 23:32:41.076 11876 11876 I Input   : injectKeyEvent: KeyEvent { action=ACTION_DOWN, keyCode=KEYCODE_DEL, scanCode=0, metaState=0, flags=0x0, repeatCount=0, eventTime=3082631, downTime=3082631, deviceId=-1, source=0x101 }
08-08 23:32:41.077 11876 11876 I Input   : injectKeyEvent: KeyEvent { action=ACTION_UP, keyCode=KEYCODE_DEL, scanCode=0, metaState=0, flags=0x0, repeatCount=0, eventTime=3082631, downTime=3082631, deviceId=-1, source=0x101 }
08-08 23:32:41.077 11876 11876 I Input   : injectKeyEvent: KeyEvent { action=ACTION_DOWN, keyCode=KEYCODE_DEL, scanCode=0, metaState=0, flags=0x0, repeatCount=0, eventTime=3082633, downTime=3082633, deviceId=-1, source=0x101 }
08-08 23:32:41.078 11876 11876 I Input   : injectKeyEvent: KeyEvent { action=ACTION_UP, keyCode=KEYCODE_DEL, scanCode=0, metaState=0, flags=0x0, repeatCount=0, eventTime=3082633, downTime=3082633, deviceId=-1, source=0x101 }
08-08 23:32:41.079 11876 11876 I Input   : injectKeyEvent: KeyEvent { action=ACTION_DOWN, keyCode=KEYCODE_DEL, scanCode=0, metaState=0, flags=0x0, repeatCount=0, eventTime=3082634, downTime=3082634, deviceId=-1, source=0x101 }
08-08 23:32:41.079 11876 11876 I Input   : injectKeyEvent: KeyEvent { action=ACTION_UP, keyCode=KEYCODE_DEL, scanCode=0, metaState=0, flags=0x0, repeatCount=0, eventTime=3082634, downTime=3082634, deviceId=-1, source=0x101 }
08-08 23:32:41.080 11876 11876 I Input   : injectKeyEvent: KeyEvent { action=ACTION_DOWN, keyCode=KEYCODE_DEL, scanCode=0, metaState=0, flags=0x0, repeatCount=0, eventTime=3082635, downTime=3082635, deviceId=-1, source=0x101 }
08-08 23:32:41.081 11876 11876 I Input   : injectKeyEvent: KeyEvent { action=ACTION_UP, keyCode=KEYCODE_DEL, scanCode=0, metaState=0, flags=0x0, repeatCount=0, eventTime=3082635, downTime=3082635, deviceId=-1, source=0x101 }
08-08 23:32:41.081 11876 11876 I Input   : injectKeyEvent: KeyEvent { action=ACTION_DOWN, keyCode=KEYCODE_DEL, scanCode=0, metaState=0, flags=0x0, repeatCount=0, eventTime=3082637, downTime=3082637, deviceId=-1, source=0x101 }
08-08 23:32:41.083 11876 11876 I Input   : injectKeyEvent: KeyEvent { action=ACTION_UP, keyCode=KEYCODE_DEL, scanCode=0, metaState=0, flags=0x0, repeatCount=0, eventTime=3082637, downTime=3082637, deviceId=-1, source=0x101 }
08-08 23:32:41.083 11876 11876 I Input   : injectKeyEvent: KeyEvent { action=ACTION_DOWN, keyCode=KEYCODE_DEL, scanCode=0, metaState=0, flags=0x0, repeatCount=0, eventTime=3082638, downTime=3082638, deviceId=-1, source=0x101 }
08-08 23:32:41.084 11876 11876 I Input   : injectKeyEvent: KeyEvent { action=ACTION_UP, keyCode=KEYCODE_DEL, scanCode=0, metaState=0, flags=0x0, repeatCount=0, eventTime=3082638, downTime=3082638, deviceId=-1, source=0x101 }
08-08 23:32:41.085 11876 11876 I Input   : injectKeyEvent: KeyEvent { action=ACTION_DOWN, keyCode=KEYCODE_DEL, scanCode=0, metaState=0, flags=0x0, repeatCount=0, eventTime=3082641, downTime=3082641, deviceId=-1, source=0x101 }
08-08 23:32:41.086 11876 11876 I Input   : injectKeyEvent: KeyEvent { action=ACTION_UP, keyCode=KEYCODE_DEL, scanCode=0, metaState=0, flags=0x0, repeatCount=0, eventTime=3082641, downTime=3082641, deviceId=-1, source=0x101 }
08-08 23:32:41.087 11876 11876 I Input   : injectKeyEvent: KeyEvent { action=ACTION_DOWN, keyCode=KEYCODE_DEL, scanCode=0, metaState=0, flags=0x0, repeatCount=0, eventTime=3082642, downTime=3082642, deviceId=-1, source=0x101 }
08-08 23:32:41.087 11876 11876 I Input   : injectKeyEvent: KeyEvent { action=ACTION_UP, keyCode=KEYCODE_DEL, scanCode=0, metaState=0, flags=0x0, repeatCount=0, eventTime=3082642, downTime=3082642, deviceId=-1, source=0x101 }
08-08 23:32:41.089 11876 11876 I Input   : injectKeyEvent: KeyEvent { action=ACTION_DOWN, keyCode=KEYCODE_DEL, scanCode=0, metaState=0, flags=0x0, repeatCount=0, eventTime=3082644, downTime=3082644, deviceId=-1, source=0x101 }
08-08 23:32:41.090 11876 11876 I Input   : injectKeyEvent: KeyEvent { action=ACTION_UP, keyCode=KEYCODE_DEL, scanCode=0, metaState=0, flags=0x0, repeatCount=0, eventTime=3082644, downTime=3082644, deviceId=-1, source=0x101 }
08-08 23:32:41.090 11876 11876 I Input   : injectKeyEvent: KeyEvent { action=ACTION_DOWN, keyCode=KEYCODE_DEL, scanCode=0, metaState=0, flags=0x0, repeatCount=0, eventTime=3082645, downTime=3082645, deviceId=-1, source=0x101 }
08-08 23:32:41.091 11876 11876 I Input   : injectKeyEvent: KeyEvent { action=ACTION_UP, keyCode=KEYCODE_DEL, scanCode=0, metaState=0, flags=0x0, repeatCount=0, eventTime=3082645, downTime=3082645, deviceId=-1, source=0x101 }
08-08 23:32:41.091 11876 11876 I Input   : injectKeyEvent: KeyEvent { action=ACTION_DOWN, keyCode=KEYCODE_DEL, scanCode=0, metaState=0, flags=0x0, repeatCount=0, eventTime=3082646, downTime=3082646, deviceId=-1, source=0x101 }
08-08 23:32:41.092 11876 11876 I Input   : injectKeyEvent: KeyEvent { action=ACTION_UP, keyCode=KEYCODE_DEL, scanCode=0, metaState=0, flags=0x0, repeatCount=0, eventTime=3082646, downTime=3082646, deviceId=-1, source=0x101 }
08-08 23:32:41.093 11876 11876 I Input   : injectKeyEvent: KeyEvent { action=ACTION_DOWN, keyCode=KEYCODE_DEL, scanCode=0, metaState=0, flags=0x0, repeatCount=0, eventTime=3082648, downTime=3082648, deviceId=-1, source=0x101 }
08-08 23:32:41.094 11876 11876 I Input   : injectKeyEvent: KeyEvent { action=ACTION_UP, keyCode=KEYCODE_DEL, scanCode=0, metaState=0, flags=0x0, repeatCount=0, eventTime=3082648, downTime=3082648, deviceId=-1, source=0x101 }
08-08 23:32:41.096 11876 11876 I Input   : injectKeyEvent: KeyEvent { action=ACTION_DOWN, keyCode=KEYCODE_DEL, scanCode=0, metaState=0, flags=0x0, repeatCount=0, eventTime=3082652, downTime=3082652, deviceId=-1, source=0x101 }
08-08 23:32:41.101 11876 11876 I Input   : injectKeyEvent: KeyEvent { action=ACTION_UP, keyCode=KEYCODE_DEL, scanCode=0, metaState=0, flags=0x0, repeatCount=0, eventTime=3082652, downTime=3082652, deviceId=-1, source=0x101 }
08-08 23:32:41.102 11876 11876 I Input   : injectKeyEvent: KeyEvent { action=ACTION_DOWN, keyCode=KEYCODE_DEL, scanCode=0, metaState=0, flags=0x0, repeatCount=0, eventTime=3082657, downTime=3082657, deviceId=-1, source=0x101 }
08-08 23:32:41.103 11876 11876 I Input   : injectKeyEvent: KeyEvent { action=ACTION_UP, keyCode=KEYCODE_DEL, scanCode=0, metaState=0, flags=0x0, repeatCount=0, eventTime=3082657, downTime=3082657, deviceId=-1, source=0x101 }
08-08 23:32:41.104 11876 11876 I Input   : injectKeyEvent: KeyEvent { action=ACTION_DOWN, keyCode=KEYCODE_DEL, scanCode=0, metaState=0, flags=0x0, repeatCount=0, eventTime=3082659, downTime=3082659, deviceId=-1, source=0x101 }
08-08 23:32:41.104 11876 11876 I Input   : injectKeyEvent: KeyEvent { action=ACTION_UP, keyCode=KEYCODE_DEL, scanCode=0, metaState=0, flags=0x0, repeatCount=0, eventTime=3082659, downTime=3082659, deviceId=-1, source=0x101 }
08-08 23:32:41.105 11876 11876 I Input   : injectKeyEvent: KeyEvent { action=ACTION_DOWN, keyCode=KEYCODE_DEL, scanCode=0, metaState=0, flags=0x0, repeatCount=0, eventTime=3082660, downTime=3082660, deviceId=-1, source=0x101 }
08-08 23:32:41.106 11876 11876 I Input   : injectKeyEvent: KeyEvent { action=ACTION_UP, keyCode=KEYCODE_DEL, scanCode=0, metaState=0, flags=0x0, repeatCount=0, eventTime=3082660, downTime=3082660, deviceId=-1, source=0x101 }
08-08 23:32:41.108 11876 11876 I Input   : injectKeyEvent: KeyEvent { action=ACTION_DOWN, keyCode=KEYCODE_DEL, scanCode=0, metaState=0, flags=0x0, repeatCount=0, eventTime=3082663, downTime=3082663, deviceId=-1, source=0x101 }
08-08 23:32:41.109 11876 11876 I Input   : injectKeyEvent: KeyEvent { action=ACTION_UP, keyCode=KEYCODE_DEL, scanCode=0, metaState=0, flags=0x0, repeatCount=0, eventTime=3082663, downTime=3082663, deviceId=-1, source=0x101 }
08-08 23:32:41.110 11876 11876 I Input   : injectKeyEvent: KeyEvent { action=ACTION_DOWN, keyCode=KEYCODE_DEL, scanCode=0, metaState=0, flags=0x0, repeatCount=0, eventTime=3082665, downTime=3082665, deviceId=-1, source=0x101 }
08-08 23:32:41.111 11876 11876 I Input   : injectKeyEvent: KeyEvent { action=ACTION_UP, keyCode=KEYCODE_DEL, scanCode=0, metaState=0, flags=0x0, repeatCount=0, eventTime=3082665, downTime=3082665, deviceId=-1, source=0x101 }
08-08 23:32:41.111 11876 11876 I Input   : injectKeyEvent: KeyEvent { action=ACTION_DOWN, keyCode=KEYCODE_DEL, scanCode=0, metaState=0, flags=0x0, repeatCount=0, eventTime=3082667, downTime=3082667, deviceId=-1, source=0x101 }
08-08 23:32:41.112 11876 11876 I Input   : injectKeyEvent: KeyEvent { action=ACTION_UP, keyCode=KEYCODE_DEL, scanCode=0, metaState=0, flags=0x0, repeatCount=0, eventTime=3082667, downTime=3082667, deviceId=-1, source=0x101 }
08-08 23:32:41.113 11876 11876 I Input   : injectKeyEvent: KeyEvent { action=ACTION_DOWN, keyCode=KEYCODE_DEL, scanCode=0, metaState=0, flags=0x0, repeatCount=0, eventTime=3082669, downTime=3082669, deviceId=-1, source=0x101 }
08-08 23:32:41.114 11876 11876 I Input   : injectKeyEvent: KeyEvent { action=ACTION_UP, keyCode=KEYCODE_DEL, scanCode=0, metaState=0, flags=0x0, repeatCount=0, eventTime=3082669, downTime=3082669, deviceId=-1, source=0x101 }
08-08 23:32:41.115 11876 11876 I Input   : injectKeyEvent: KeyEvent { action=ACTION_DOWN, keyCode=KEYCODE_DEL, scanCode=0, metaState=0, flags=0x0, repeatCount=0, eventTime=3082670, downTime=3082670, deviceId=-1, source=0x101 }
08-08 23:32:41.116 11876 11876 I Input   : injectKeyEvent: KeyEvent { action=ACTION_UP, keyCode=KEYCODE_DEL, scanCode=0, metaState=0, flags=0x0, repeatCount=0, eventTime=3082670, downTime=3082670, deviceId=-1, source=0x101 }
08-08 23:32:41.117 11876 11876 I Input   : injectKeyEvent: KeyEvent { action=ACTION_DOWN, keyCode=KEYCODE_DEL, scanCode=0, metaState=0, flags=0x0, repeatCount=0, eventTime=3082673, downTime=3082673, deviceId=-1, source=0x101 }
08-08 23:32:41.118 11876 11876 I Input   : injectKeyEvent: KeyEvent { action=ACTION_UP, keyCode=KEYCODE_DEL, scanCode=0, metaState=0, flags=0x0, repeatCount=0, eventTime=3082673, downTime=3082673, deviceId=-1, source=0x101 }
08-08 23:32:41.119 11876 11876 I Input   : injectKeyEvent: KeyEvent { action=ACTION_DOWN, keyCode=KEYCODE_DEL, scanCode=0, metaState=0, flags=0x0, repeatCount=0, eventTime=3082674, downTime=3082674, deviceId=-1, source=0x101 }
08-08 23:32:41.120 11876 11876 I Input   : injectKeyEvent: KeyEvent { action=ACTION_UP, keyCode=KEYCODE_DEL, scanCode=0, metaState=0, flags=0x0, repeatCount=0, eventTime=3082674, downTime=3082674, deviceId=-1, source=0x101 }
08-08 23:32:41.121 11876 11876 I Input   : injectKeyEvent: KeyEvent { action=ACTION_DOWN, keyCode=KEYCODE_DEL, scanCode=0, metaState=0, flags=0x0, repeatCount=0, eventTime=3082677, downTime=3082677, deviceId=-1, source=0x101 }
08-08 23:32:41.123 11876 11876 I Input   : injectKeyEvent: KeyEvent { action=ACTION_UP, keyCode=KEYCODE_DEL, scanCode=0, metaState=0, flags=0x0, repeatCount=0, eventTime=3082677, downTime=3082677, deviceId=-1, source=0x101 }
08-08 23:32:41.124 11876 11876 I Input   : injectKeyEvent: KeyEvent { action=ACTION_DOWN, keyCode=KEYCODE_DEL, scanCode=0, metaState=0, flags=0x0, repeatCount=0, eventTime=3082679, downTime=3082679, deviceId=-1, source=0x101 }
08-08 23:32:41.125 11876 11876 I Input   : injectKeyEvent: KeyEvent { action=ACTION_UP, keyCode=KEYCODE_DEL, scanCode=0, metaState=0, flags=0x0, repeatCount=0, eventTime=3082679, downTime=3082679, deviceId=-1, source=0x101 }
08-08 23:32:41.126 11876 11876 I Input   : injectKeyEvent: KeyEvent { action=ACTION_DOWN, keyCode=KEYCODE_DEL, scanCode=0, metaState=0, flags=0x0, repeatCount=0, eventTime=3082682, downTime=3082682, deviceId=-1, source=0x101 }
08-08 23:32:41.130 11876 11876 I Input   : injectKeyEvent: KeyEvent { action=ACTION_UP, keyCode=KEYCODE_DEL, scanCode=0, metaState=0, flags=0x0, repeatCount=0, eventTime=3082682, downTime=3082682, deviceId=-1, source=0x101 }
08-08 23:32:41.131 11876 11876 I Input   : injectKeyEvent: KeyEvent { action=ACTION_DOWN, keyCode=KEYCODE_DEL, scanCode=0, metaState=0, flags=0x0, repeatCount=0, eventTime=3082686, downTime=3082686, deviceId=-1, source=0x101 }
08-08 23:32:41.132 11876 11876 I Input   : injectKeyEvent: KeyEvent { action=ACTION_UP, keyCode=KEYCODE_DEL, scanCode=0, metaState=0, flags=0x0, repeatCount=0, eventTime=3082686, downTime=3082686, deviceId=-1, source=0x101 }
08-08 23:32:41.133 11876 11876 I Input   : injectKeyEvent: KeyEvent { action=ACTION_DOWN, keyCode=KEYCODE_DEL, scanCode=0, metaState=0, flags=0x0, repeatCount=0, eventTime=3082688, downTime=3082688, deviceId=-1, source=0x101 }
08-08 23:32:41.134 11876 11876 I Input   : injectKeyEvent: KeyEvent { action=ACTION_UP, keyCode=KEYCODE_DEL, scanCode=0, metaState=0, flags=0x0, repeatCount=0, eventTime=3082688, downTime=3082688, deviceId=-1, source=0x101 }
08-08 23:32:41.134 11876 11876 I Input   : injectKeyEvent: KeyEvent { action=ACTION_DOWN, keyCode=KEYCODE_DEL, scanCode=0, metaState=0, flags=0x0, repeatCount=0, eventTime=3082690, downTime=3082690, deviceId=-1, source=0x101 }
08-08 23:32:41.136 11876 11876 I Input   : injectKeyEvent: KeyEvent { action=ACTION_UP, keyCode=KEYCODE_DEL, scanCode=0, metaState=0, flags=0x0, repeatCount=0, eventTime=3082690, downTime=3082690, deviceId=-1, source=0x101 }
08-08 23:32:41.137 11876 11876 I Input   : injectKeyEvent: KeyEvent { action=ACTION_DOWN, keyCode=KEYCODE_DEL, scanCode=0, metaState=0, flags=0x0, repeatCount=0, eventTime=3082692, downTime=3082692, deviceId=-1, source=0x101 }
08-08 23:32:41.137 11876 11876 I Input   : injectKeyEvent: KeyEvent { action=ACTION_UP, keyCode=KEYCODE_DEL, scanCode=0, metaState=0, flags=0x0, repeatCount=0, eventTime=3082692, downTime=3082692, deviceId=-1, source=0x101 }
08-08 23:32:41.137 11876 11876 I Input   : injectKeyEvent: KeyEvent { action=ACTION_DOWN, keyCode=KEYCODE_DEL, scanCode=0, metaState=0, flags=0x0, repeatCount=0, eventTime=3082693, downTime=3082693, deviceId=-1, source=0x101 }
08-08 23:32:41.138 11876 11876 I Input   : injectKeyEvent: KeyEvent { action=ACTION_UP, keyCode=KEYCODE_DEL, scanCode=0, metaState=0, flags=0x0, repeatCount=0, eventTime=3082693, downTime=3082693, deviceId=-1, source=0x101 }
08-08 23:32:41.139 11876 11876 I Input   : injectKeyEvent: KeyEvent { action=ACTION_DOWN, keyCode=KEYCODE_DEL, scanCode=0, metaState=0, flags=0x0, repeatCount=0, eventTime=3082695, downTime=3082695, deviceId=-1, source=0x101 }
08-08 23:32:41.141 11876 11876 I Input   : injectKeyEvent: KeyEvent { action=ACTION_UP, keyCode=KEYCODE_DEL, scanCode=0, metaState=0, flags=0x0, repeatCount=0, eventTime=3082695, downTime=3082695, deviceId=-1, source=0x101 }
08-08 23:32:41.142 11876 11876 I Input   : injectKeyEvent: KeyEvent { action=ACTION_DOWN, keyCode=KEYCODE_DEL, scanCode=0, metaState=0, flags=0x0, repeatCount=0, eventTime=3082697, downTime=3082697, deviceId=-1, source=0x101 }
08-08 23:32:41.142 11876 11876 I Input   : injectKeyEvent: KeyEvent { action=ACTION_UP, keyCode=KEYCODE_DEL, scanCode=0, metaState=0, flags=0x0, repeatCount=0, eventTime=3082697, downTime=3082697, deviceId=-1, source=0x101 }
08-08 23:32:41.143 11876 11876 I Input   : injectKeyEvent: KeyEvent { action=ACTION_DOWN, keyCode=KEYCODE_DEL, scanCode=0, metaState=0, flags=0x0, repeatCount=0, eventTime=3082698, downTime=3082698, deviceId=-1, source=0x101 }
08-08 23:32:41.143 11876 11876 I Input   : injectKeyEvent: KeyEvent { action=ACTION_UP, keyCode=KEYCODE_DEL, scanCode=0, metaState=0, flags=0x0, repeatCount=0, eventTime=3082698, downTime=3082698, deviceId=-1, source=0x101 }
08-08 23:32:41.144 11876 11876 I Input   : injectKeyEvent: KeyEvent { action=ACTION_DOWN, keyCode=KEYCODE_DEL, scanCode=0, metaState=0, flags=0x0, repeatCount=0, eventTime=3082699, downTime=3082699, deviceId=-1, source=0x101 }
08-08 23:32:41.145 11876 11876 I Input   : injectKeyEvent: KeyEvent { action=ACTION_UP, keyCode=KEYCODE_DEL, scanCode=0, metaState=0, flags=0x0, repeatCount=0, eventTime=3082699, downTime=3082699, deviceId=-1, source=0x101 }
08-08 23:32:41.147 11876 11876 I Input   : injectKeyEvent: KeyEvent { action=ACTION_DOWN, keyCode=KEYCODE_DEL, scanCode=0, metaState=0, flags=0x0, repeatCount=0, eventTime=3082702, downTime=3082702, deviceId=-1, source=0x101 }
08-08 23:32:41.147 11876 11876 I Input   : injectKeyEvent: KeyEvent { action=ACTION_UP, keyCode=KEYCODE_DEL, scanCode=0, metaState=0, flags=0x0, repeatCount=0, eventTime=3082702, downTime=3082702, deviceId=-1, source=0x101 }
08-08 23:32:41.148 11876 11876 I Input   : injectKeyEvent: KeyEvent { action=ACTION_DOWN, keyCode=KEYCODE_DEL, scanCode=0, metaState=0, flags=0x0, repeatCount=0, eventTime=3082703, downTime=3082703, deviceId=-1, source=0x101 }
08-08 23:32:41.148 11876 11876 I Input   : injectKeyEvent: KeyEvent { action=ACTION_UP, keyCode=KEYCODE_DEL, scanCode=0, metaState=0, flags=0x0, repeatCount=0, eventTime=3082703, downTime=3082703, deviceId=-1, source=0x101 }
08-08 23:32:41.149 11876 11876 I Input   : injectKeyEvent: KeyEvent { action=ACTION_DOWN, keyCode=KEYCODE_DEL, scanCode=0, metaState=0, flags=0x0, repeatCount=0, eventTime=3082704, downTime=3082704, deviceId=-1, source=0x101 }
08-08 23:32:41.150 11876 11876 I Input   : injectKeyEvent: KeyEvent { action=ACTION_UP, keyCode=KEYCODE_DEL, scanCode=0, metaState=0, flags=0x0, repeatCount=0, eventTime=3082704, downTime=3082704, deviceId=-1, source=0x101 }
08-08 23:32:41.151 11876 11876 I Input   : injectKeyEvent: KeyEvent { action=ACTION_DOWN, keyCode=KEYCODE_DEL, scanCode=0, metaState=0, flags=0x0, repeatCount=0, eventTime=3082707, downTime=3082707, deviceId=-1, source=0x101 }
08-08 23:32:41.153 11876 11876 I Input   : injectKeyEvent: KeyEvent { action=ACTION_UP, keyCode=KEYCODE_DEL, scanCode=0, metaState=0, flags=0x0, repeatCount=0, eventTime=3082707, downTime=3082707, deviceId=-1, source=0x101 }
08-08 23:32:41.153 11876 11876 D AndroidRuntime: Shutting down VM
08-08 23:32:41.300 11886 11886 D AndroidRuntime: >>>>>> START com.android.internal.os.RuntimeInit uid 2000 <<<<<<
08-08 23:32:41.301 11886 11886 D AndroidRuntime: CheckJNI is ON
08-08 23:32:41.313 11886 11886 W art     : Unexpected CPU variant for X86 using defaults: x86
08-08 23:32:41.316 11886 11886 D ICU     : No timezone override file found: /data/misc/zoneinfo/current/icu/icu_tzdata.dat
08-08 23:32:41.325 11886 11886 E memtrack: Couldn't load memtrack module (No such file or directory)
08-08 23:32:41.325 11886 11886 E android.os.Debug: failed to load memtrack module: -2
08-08 23:32:41.326 11886 11886 I Radio-JNI: register_android_hardware_Radio DONE
08-08 23:32:41.331 11886 11886 D AndroidRuntime: Calling main entry com.android.commands.input.Input
08-08 23:32:41.334 11886 11886 I Input   : injectKeyEvent: KeyEvent { action=ACTION_DOWN, keyCode=KEYCODE_SHIFT_LEFT, scanCode=0, metaState=META_SHIFT_ON|META_SHIFT_LEFT_ON, flags=0x0, repeatCount=0, eventTime=3082889, downTime=3082889, deviceId=-1, source=0x101 }
08-08 23:32:41.335 11886 11886 I Input   : injectKeyEvent: KeyEvent { action=ACTION_DOWN, keyCode=KEYCODE_T, scanCode=0, metaState=META_SHIFT_ON|META_SHIFT_LEFT_ON, flags=0x0, repeatCount=0, eventTime=3082889, downTime=3082889, deviceId=-1, source=0x101 }
08-08 23:32:41.339 11886 11886 I Input   : injectKeyEvent: KeyEvent { action=ACTION_UP, keyCode=KEYCODE_T, scanCode=0, metaState=META_SHIFT_ON|META_SHIFT_LEFT_ON, flags=0x0, repeatCount=0, eventTime=3082889, downTime=3082889, deviceId=-1, source=0x101 }
08-08 23:32:41.340 11886 11886 I Input   : injectKeyEvent: KeyEvent { action=ACTION_UP, keyCode=KEYCODE_SHIFT_LEFT, scanCode=0, metaState=0, flags=0x0, repeatCount=0, eventTime=3082889, downTime=3082889, deviceId=-1, source=0x101 }
08-08 23:32:41.340 11886 11886 I Input   : injectKeyEvent: KeyEvent { action=ACTION_DOWN, keyCode=KEYCODE_E, scanCode=0, metaState=0, flags=0x0, repeatCount=0, eventTime=3082889, downTime=3082889, deviceId=-1, source=0x101 }
