03-19 23:30:17.832  1662  3616 I ActivityManager: Killing 4338:android.process.acore/u0a2 (adj 906): empty #17
03-19 23:30:17.837  1662  1682 W zygote  : kill(-4338, 9) failed: No such process
03-19 23:30:17.941  1662  3616 D CountryDetector: No listener is left
03-19 23:30:17.919  1662  1682 I chatty  : uid=1000(system) ActivityManager identical 2 lines
03-19 23:30:17.960  1662  1682 W zygote  : kill(-4338, 9) failed: No such process
03-19 23:30:17.961  1662  1682 I zygote  : Successfully killed process cgroup uid 10002 pid 4338 in 124ms
03-19 23:30:19.734  1662  1683 I WifiService: requestActivityInfo uid=1000
03-19 23:30:19.734  1662  1683 I WifiService: reportActivityInfo uid=1000
03-19 23:30:19.734  1662  1683 I WifiService: getSupportedFeatures uid=1000
03-19 23:30:20.138  2353 29761 I EventLogSendingHelper: Sending log events.
03-19 23:30:20.564  1662  2275 I ActivityManager: Killing 4255:android:ui/1000 (adj 906): empty #17
03-19 23:30:20.568  1662  1682 W zygote  : kill(-4255, 9) failed: No such process
03-19 23:30:20.681  1662  1687 W ActivityManager: setHasOverlayUi called on unknown pid: 4255
03-19 23:30:20.661  1662  1682 I chatty  : uid=1000(system) ActivityManager identical 2 lines
03-19 23:30:20.699  1662  1682 W zygote  : kill(-4255, 9) failed: No such process
03-19 23:30:20.699  1662  1682 I zygote  : Successfully killed process cgroup uid 1000 pid 4255 in 130ms
03-19 23:30:24.668  1662  1679 E memtrack: Couldn't load memtrack module
03-19 23:30:24.668  1662  1679 W android.os.Debug: failed to get memory consumption info: -1
03-19 23:30:26.071  1662  4403 I ActivityManager: Killing 4932:com.google.android.partnersetup/u0a18 (adj 906): empty #17
03-19 23:30:26.075  1662  1682 W zygote  : kill(-4932, 9) failed: No such process
03-19 23:30:26.121  1662  1682 W zygote  : kill(-4932, 9) failed: No such process
03-19 23:30:26.148  1440  1454 D hwcomposer: hw_composer sent 84 syncs in 62s
03-19 23:30:26.167  1662  1682 W zygote  : kill(-4932, 9) failed: No such process
03-19 23:30:26.167  1662  1682 I zygote  : Successfully killed process cgroup uid 10018 pid 4932 in 92ms
03-19 23:30:29.144  5963  5963 D AndroidRuntime: >>>>>> START com.android.internal.os.RuntimeInit uid 2000 <<<<<<
03-19 23:30:29.359  5963  5963 W app_process: Unexpected CPU variant for X86 using defaults: x86
03-19 23:30:29.367  5963  5963 I app_process: The ClassLoaderContext is a special shared library.
03-19 23:30:29.382  5963  5963 D AndroidRuntime: Calling main entry com.android.commands.content.Content
03-19 23:30:29.400  5963  5963 D AndroidRuntime: Shutting down VM
03-19 23:30:29.564  5975  5975 D AndroidRuntime: >>>>>> START com.android.internal.os.RuntimeInit uid 2000 <<<<<<
03-19 23:30:29.617  5975  5975 W app_process: Unexpected CPU variant for X86 using defaults: x86
03-19 23:30:29.618  5975  5975 I app_process: The ClassLoaderContext is a special shared library.
03-19 23:30:29.631  5975  5975 D AndroidRuntime: Calling main entry com.android.commands.content.Content
03-19 23:30:29.636  5975  5975 D AndroidRuntime: Shutting down VM
03-19 23:30:29.774  1768  1768 W LstmExtension: no lmDescriptor could be found for en_US/20170411
03-19 23:30:31.072  1662  2275 I ActivityManager: Force stopping com.github.uiautomator appid=10080 user=0: from pid 6010
03-19 23:30:31.072  1662  2275 I ActivityManager: Killing 2598:com.github.uiautomator/u0a80 (adj 0): stop com.github.uiautomator
03-19 23:30:31.076  1662  2275 W ActivityManager: Crash of app com.github.uiautomator running instrumentation ComponentInfo{com.github.uiautomator.test/android.support.test.runner.AndroidJUnitRunner}
03-19 23:30:29.775  1768  1768 W LstmExtension: no lmDescriptor could be found for en_US/20170411
03-19 23:30:31.076  1662  1682 W zygote  : kill(-2598, 9) failed: No such process
03-19 23:30:31.078  1662  1680 W ActivityManager: Error shutting down UiAutomationConnection
03-19 23:30:31.078  1662  2275 I ActivityManager: Force stopping com.github.uiautomator appid=10080 user=0: finished inst
03-19 23:30:31.081  1662  6012 W Binder  : Outgoing transactions from this process must be FLAG_ONEWAY
03-19 23:30:31.081  1662  6012 W Binder  : java.lang.Throwable
03-19 23:30:31.081  1662  6012 W Binder  : 	at android.os.BinderProxy.transact(Binder.java:752)
03-19 23:30:31.081  1662  6012 W Binder  : 	at android.app.IInstrumentationWatcher$Stub$Proxy.instrumentationFinished(IInstrumentationWatcher.java:160)
03-19 23:30:31.081  1662  6012 W Binder  : 	at com.android.server.am.InstrumentationReporter$MyThread.run(InstrumentationReporter.java:86)
03-19 23:30:31.082  1662  6012 I ActivityManager: Failure reporting to instrumentation watcher: comp=ComponentInfo{com.github.uiautomator.test/android.support.test.runner.AndroidJUnitRunner} results=Bundle[{shortMsg=Process crashed.}]
03-19 23:30:31.098  1912  1912 D CarrierSvcBindHelper: No carrier app for: 0
03-19 23:30:31.119  1662  1682 W zygote  : kill(-2598, 9) failed: No such process
03-19 23:30:31.159  1662  1682 W zygote  : kill(-2598, 9) failed: No such process
03-19 23:30:31.159  1662  1682 I zygote  : Successfully killed process cgroup uid 10080 pid 2598 in 82ms
03-19 23:30:31.421  1662  1692 I PackageManager.DexOptimizer: Running dexopt (dexoptNeeded=1) on: /data/app/com.github.uiautomator-XiEbPX8tnPtaX7l3TAj7Zw==/base.apk pkg=com.github.uiautomator isa=x86 dexoptFlags=boot_complete,public target-filter=quicken oatDir=/data/app/com.github.uiautomator-XiEbPX8tnPtaX7l3TAj7Zw==/oat sharedLibraries=PCL[]
03-19 23:30:31.431  6026  6026 W dex2oat : Unexpected CPU variant for X86 using defaults: x86
03-19 23:30:31.432  6026  6026 W dex2oat : Mismatch between dex2oat instruction set features (ISA: X86 Feature string: -ssse3,-sse4.1,-sse4.2,-avx,-avx2,-popcnt) and those of dex2oat executable (ISA: X86 Feature string: ssse3,-sse4.1,-sse4.2,-avx,-avx2,-popcnt) for the command line:
03-19 23:30:31.432  6026  6026 W dex2oat : /system/bin/dex2oat --zip-fd=8 --zip-location=base.apk --input-vdex-fd=-1 --output-vdex-fd=10 --oat-fd=9 --oat-location=/data/app/com.github.uiautomator-XiEbPX8tnPtaX7l3TAj7Zw==/oat/x86/base.odex --instruction-set=x86 --instruction-set-variant=x86 --instruction-set-features=default --runtime-arg -Xms64m --runtime-arg -Xmx512m --compiler-filter=quicken --swap-fd=11 --classpath-dir=/data/app/com.github.uiautomator-XiEbPX8tnPtaX7l3TAj7Zw== --class-loader-context=PCL[]
03-19 23:30:31.432  6026  6026 I dex2oat : /system/bin/dex2oat --input-vdex-fd=-1 --output-vdex-fd=10 --compiler-filter=quicken --classpath-dir=/data/app/com.github.uiautomator-XiEbPX8tnPtaX7l3TAj7Zw== --class-loader-context=PCL[]
03-19 23:30:32.794  6026  6026 I dex2oat : dex2oat took 1.362s (4.780s cpu) (threads: 4) arena alloc=3KB (3840B) java alloc=1930KB (1976936B) native alloc=3MB (3675448B) free=2042KB (2091720B)
03-19 23:30:32.797  1662  1680 I ActivityManager: Force stopping com.github.uiautomator appid=10080 user=-1: installPackageLI
03-19 23:30:32.821  1662  1692 I PackageManager: Package com.github.uiautomator codePath changed from /data/app/com.github.uiautomator-w-AlzJb5_4VLL1TqHimNcA== to /data/app/com.github.uiautomator-XiEbPX8tnPtaX7l3TAj7Zw==; Retaining data and using new
03-19 23:30:32.821  1662  1692 W PackageManager: Code path for com.github.uiautomator changing from /data/app/com.github.uiautomator-w-AlzJb5_4VLL1TqHimNcA== to /data/app/com.github.uiautomator-XiEbPX8tnPtaX7l3TAj7Zw==
03-19 23:30:32.821  1662  1692 W PackageManager: Resource path for com.github.uiautomator changing from /data/app/com.github.uiautomator-w-AlzJb5_4VLL1TqHimNcA== to /data/app/com.github.uiautomator-XiEbPX8tnPtaX7l3TAj7Zw==
03-19 23:30:32.860  1662  1692 D PackageManager: Ephemeral installer not found with new action; try old one
03-19 23:30:32.860  1662  1692 D PackageManager: Clear ephemeral installer activity
03-19 23:30:32.861  1662  1692 I zygote  : Waiting for a blocking GC Explicit
03-19 23:30:32.872  1662  1692 I zygote  : WaitForGcToComplete blocked Explicit on HeapTrim for 11.605ms
03-19 23:30:33.137  1662  1692 I zygote  : Explicit concurrent copying GC freed 18254(801KB) AllocSpace objects, 9(436KB) LOS objects, 37% free, 9MB/15MB, paused 366us total 264.500ms
03-19 23:30:33.164  1532  5260 E         : Couldn't opendir /data/app/vmdl1324149086.tmp: No such file or directory
03-19 23:30:33.164  1532  5260 E installd: Failed to delete /data/app/vmdl1324149086.tmp: No such file or directory
03-19 23:30:33.165  1662  1692 I ActivityManager: Force stopping com.github.uiautomator appid=10080 user=0: pkg removed
03-19 23:30:33.186  1662  1729 I InputReader: Reconfiguring input devices.  changes=0x00000010
03-19 23:30:33.193  1662  1680 W BroadcastQueue: Background execution not allowed: receiving Intent { act=android.intent.action.PACKAGE_REMOVED dat=package:com.github.uiautomator flg=0x4000010 (has extras) } to com.google.android.gms/.games.chimera.GamesSystemBroadcastReceiverProxy
03-19 23:30:33.193  1662  1680 W BroadcastQueue: Background execution not allowed: receiving Intent { act=android.intent.action.PACKAGE_REMOVED dat=package:com.github.uiautomator flg=0x4000010 (has extras) } to com.google.android.gms/.chimera.GmsIntentOperationService$PersistentTrustedReceiver
03-19 23:30:33.193  1662  1680 W BroadcastQueue: Background execution not allowed: receiving Intent { act=android.intent.action.PACKAGE_REMOVED dat=package:com.github.uiautomator flg=0x4000010 (has extras) } to com.google.android.googlequicksearchbox/com.google.android.apps.gsa.googlequicksearchbox.GelStubAppWatcher
03-19 23:30:33.193  1662  1680 W BroadcastQueue: Background execution not allowed: receiving Intent { act=android.intent.action.PACKAGE_ADDED dat=package:com.github.uiautomator flg=0x4000010 (has extras) } to com.google.android.gms/.games.chimera.GamesSystemBroadcastReceiverProxy
03-19 23:30:33.194  1662  1680 W BroadcastQueue: Background execution not allowed: receiving Intent { act=android.intent.action.PACKAGE_ADDED dat=package:com.github.uiautomator flg=0x4000010 (has extras) } to com.google.android.gms/.gass.chimera.PackageChangeBroadcastReceiver
03-19 23:30:33.194  1662  1680 W BroadcastQueue: Background execution not allowed: receiving Intent { act=android.intent.action.PACKAGE_ADDED dat=package:com.github.uiautomator flg=0x4000010 (has extras) } to com.google.android.gms/.chimera.GmsIntentOperationService$PersistentTrustedReceiver
03-19 23:30:33.194  1662  1680 W BroadcastQueue: Background execution not allowed: receiving Intent { act=android.intent.action.PACKAGE_ADDED dat=package:com.github.uiautomator flg=0x4000010 (has extras) } to com.google.android.googlequicksearchbox/com.google.android.apps.gsa.googlequicksearchbox.GelStubAppWatcher
03-19 23:30:33.194  1662  1680 W BroadcastQueue: Background execution not allowed: receiving Intent { act=android.intent.action.PACKAGE_REPLACED dat=package:com.github.uiautomator flg=0x4000010 (has extras) } to com.google.android.apps.photos/.account.full.FetchAccountPropertiesAppUpgradeBroadcastReceiver
03-19 23:30:33.195  1662  1680 W BroadcastQueue: Background execution not allowed: receiving Intent { act=android.intent.action.PACKAGE_REPLACED dat=package:com.github.uiautomator flg=0x4000010 (has extras) } to com.google.android.apps.photos/.backgroundsignin.BackgroundSignInBroadcastReceiver
03-19 23:30:33.195  1662  1680 W BroadcastQueue: Background execution not allowed: receiving Intent { act=android.intent.action.PACKAGE_REPLACED dat=package:com.github.uiautomator flg=0x4000010 (has extras) } to com.google.android.apps.photos/.experiments.phenotype.full.PhenotypeAppUpgradeBroadcastReceiver
03-19 23:30:33.195  1662  1680 W BroadcastQueue: Background execution not allowed: receiving Intent { act=android.intent.action.PACKAGE_REPLACED dat=package:com.github.uiautomator flg=0x4000010 (has extras) } to com.google.android.apps.photos/.notificationchannels.AppUpdateBroadcastReceiver
03-19 23:30:33.196  1662  1680 W BroadcastQueue: Background execution not allowed: receiving Intent { act=android.intent.action.PACKAGE_REPLACED dat=package:com.github.uiautomator flg=0x4000010 (has extras) } to com.google.android.gms/.gass.chimera.PackageChangeBroadcastReceiver
03-19 23:30:33.196  1662  1680 W BroadcastQueue: Background execution not allowed: receiving Intent { act=android.intent.action.PACKAGE_REPLACED dat=package:com.github.uiautomator flg=0x4000010 (has extras) } to com.google.android.gms/.chimera.GmsIntentOperationService$PersistentTrustedReceiver
03-19 23:30:33.196  1662  1680 W BroadcastQueue: Background execution not allowed: receiving Intent { act=android.intent.action.PACKAGE_REPLACED dat=package:com.github.uiautomator flg=0x4000010 (has extras) } to com.google.android.googlequicksearchbox/com.google.android.apps.gsa.googlequicksearchbox.GelStubAppWatcher
03-19 23:30:33.187  1662  1729 I chatty  : uid=1000(system) InputReader identical 1 line
03-19 23:30:33.189  1662  1729 I InputReader: Reconfiguring input devices.  changes=0x00000010
03-19 23:30:33.223  2081  5633 I zygote  : Deoptimizing void atoj.<init>(android.content.Context, int, java.lang.String, java.lang.String, java.lang.String, java.lang.String) due to class hierarchy analysis
03-19 23:30:33.237  2081  5815 I Fitness : FitCleanupIntentOperation received Intent android.intent.action.PACKAGE_REMOVED [CONTEXT service_id=17 ]
03-19 23:30:33.267  5758  5829 I ProvidersCache: Provider returned no roots. Possibly naughty: com.google.android.apps.docs.storage
03-19 23:30:33.270  1662  1662 I Telecom : DefaultDialerCache: Refreshing default dialer for user 0: now com.google.android.dialer: DDC.oR@AY8
03-19 23:30:33.274  5758  5886 I ProvidersCache: Provider returned no roots. Possibly naughty: com.google.android.apps.docs.storage
03-19 23:30:33.283  2209  6047 I Auth    : [SupervisedAccountIntentOperation] onHandleIntent(): android.intent.action.PACKAGE_ADDED
03-19 23:30:33.294  2209  6056 I ChromeSync: [Sync,SyncIntentOperation] Handling the intent: Intent { act=android.intent.action.PACKAGE_ADDED dat=package:com.github.uiautomator flg=0x4000010 cmp=com.google.android.gms/.chimera.GmsIntentOperationService (has extras) }.
03-19 23:30:33.296  1662  1673 W ActivityManager: Unable to start service Intent { act=com.google.android.gms.auth.key.retrieval.service.START pkg=com.google.android.gms } U=0: not found
03-19 23:30:33.299  1662  2491 W ActivityManager: Unbind failed: could not find connection for android.os.BinderProxy@913950e
03-19 23:30:33.299  2209  2458 E GmsClient: unable to connect to service: com.google.android.gms.auth.key.retrieval.service.START on com.google.android.gms
03-19 23:30:33.336  1912  1912 D CarrierSvcBindHelper: No carrier app for: 0
03-19 23:30:33.342  1912  1912 D CarrierSvcBindHelper: No carrier app for: 0
03-19 23:30:33.349  1912  1912 D ImsResolver: maybeAddedImsService, packageName: com.github.uiautomator
03-19 23:30:33.350  1912  1912 D CarrierConfigLoader: mHandler: 9 phoneId: 0
03-19 23:30:33.376  1662  1681 D AutofillUI: destroySaveUiUiThread(): already destroyed
03-19 23:30:33.378  1662  1679 D AutofillManagerServiceImpl: Set component for user 0 as ServiceInfo{8c597ca com.google.android.gms.autofill.service.AutofillService}
03-19 23:30:33.438  2209  2686 I Icing   : IndexChimeraService.getServiceInterface callingPackage=com.google.android.gms componentName=AppsCorpus serviceId=36
03-19 23:30:33.461  2209 18889 W Icing   : No valid account for uploading user actions
03-19 23:30:33.477  1662  1692 I PackageManager.DexOptimizer: Running dexopt (dexoptNeeded=1) on: /data/app/com.github.uiautomator.test-RvKi-TVC2RT9boJXGRhnbg==/base.apk pkg=com.github.uiautomator.test isa=x86 dexoptFlags=boot_complete,debuggable,public target-filter=quicken oatDir=/data/app/com.github.uiautomator.test-RvKi-TVC2RT9boJXGRhnbg==/oat sharedLibraries=PCL[/system/framework/android.test.mock.jar:/system/framework/android.test.runner.jar]
03-19 23:30:33.486  2209  6056 I ChromeSync: [Persistence,AffiliationManager] One of affiliation or grouping data for android://JW7N0ExFmTfzNyo74Lc2inZ96oZv_9dJZm9E60g1JTNa7Cj0O3j0VduGOcuYGbgQFYXOaRPgVQEjsc5ScU_Apg==@com.github.uiautomator/ was not found. Marking affiliation data as stale...
03-19 23:30:33.487  2209  2686 I Icing   : IndexChimeraService.getServiceInterface callingPackage=com.google.android.gms componentName=null serviceId=30
03-19 23:30:33.487  6068  6068 W dex2oat : Unexpected CPU variant for X86 using defaults: x86
03-19 23:30:33.487  6068  6068 W dex2oat : Mismatch between dex2oat instruction set features (ISA: X86 Feature string: -ssse3,-sse4.1,-sse4.2,-avx,-avx2,-popcnt) and those of dex2oat executable (ISA: X86 Feature string: ssse3,-sse4.1,-sse4.2,-avx,-avx2,-popcnt) for the command line:
03-19 23:30:33.487  6068  6068 W dex2oat : /system/bin/dex2oat --zip-fd=8 --zip-location=base.apk --input-vdex-fd=-1 --output-vdex-fd=10 --oat-fd=9 --oat-location=/data/app/com.github.uiautomator.test-RvKi-TVC2RT9boJXGRhnbg==/oat/x86/base.odex --instruction-set=x86 --instruction-set-variant=x86 --instruction-set-features=default --runtime-arg -Xms64m --runtime-arg -Xmx512m --compiler-filter=quicken --swap-fd=11 --debuggable --classpath-dir=/data/app/com.github.uiautomator.test-RvKi-TVC2RT9boJXGRhnbg== --class-loader-context=PCL[/system/framework/android.test.mock.jar:/system/framework/android.test.runner.jar]
03-19 23:30:33.487  6068  6068 I dex2oat : /system/bin/dex2oat --input-vdex-fd=-1 --output-vdex-fd=10 --compiler-filter=quicken --debuggable --classpath-dir=/data/app/com.github.uiautomator.test-RvKi-TVC2RT9boJXGRhnbg== --class-loader-context=PCL[/system/framework/android.test.mock.jar:/system/framework/android.test.runner.jar]
03-19 23:30:33.568  2209 18889 I Icing   : Usage reports ok 1, Failed Usage reports 0, indexed 0, rejected 0
03-19 23:30:33.575  2209 18889 W Icing   : No valid account for uploading user actions
03-19 23:30:33.600  2209 18889 I Icing   : Usage reports ok 0, Failed Usage reports 0, indexed 0, rejected 0
03-19 23:30:33.610  2209 18889 I Icing   : Indexing com.google.android.gms-apps from com.google.android.gms
03-19 23:30:33.613  2209  2879 I Icing   : IndexChimeraService.getServiceInterface callingPackage=com.google.android.gms componentName=null serviceId=36
03-19 23:30:33.620  2209 18889 I Icing   : Indexing done com.google.android.gms-apps
03-19 23:30:33.623  2209 18889 W Icing   : No valid account for uploading user actions
03-19 23:30:33.641  2209 18889 I Icing   : Usage reports ok 0, Failed Usage reports 0, indexed 0, rejected 0
03-19 23:30:33.641  2209 18889 I Icing   : Indexing com.google.android.gms-apps from com.google.android.gms
03-19 23:30:33.641  2209 18889 I Icing   : Indexing done com.google.android.gms-apps
03-19 23:30:33.649  6068  6071 W dex2oat : Rejecting class android.support.test.uiautomator.UiAutomatorInstrumentationTestRunner that attempts to sub-type erroneous class android.test.InstrumentationTestRunner in base.apk
03-19 23:30:33.710  6068  6071 W dex2oat : Rejecting class com.github.uiautomator.ApplicationTest that attempts to sub-type erroneous class android.test.ApplicationTestCase in base.apk
03-19 23:30:34.277  6068  6068 I dex2oat : dex2oat took 790.196ms (2.444s cpu) (threads: 4) arena alloc=8KB (8304B) java alloc=909KB (931152B) native alloc=2MB (2156752B) free=2MB (2561840B)
03-19 23:30:34.282  1662  1680 I ActivityManager: Force stopping com.github.uiautomator.test appid=10081 user=-1: installPackageLI
03-19 23:30:34.301  1662  1692 I PackageManager: Package com.github.uiautomator.test codePath changed from /data/app/com.github.uiautomator.test-G8tqJ0k8vsTuuceuUGIueg== to /data/app/com.github.uiautomator.test-RvKi-TVC2RT9boJXGRhnbg==; Retaining data and using new
03-19 23:30:34.301  1662  1692 W PackageManager: Code path for com.github.uiautomator.test changing from /data/app/com.github.uiautomator.test-G8tqJ0k8vsTuuceuUGIueg== to /data/app/com.github.uiautomator.test-RvKi-TVC2RT9boJXGRhnbg==
03-19 23:30:34.301  1662  1692 W PackageManager: Resource path for com.github.uiautomator.test changing from /data/app/com.github.uiautomator.test-G8tqJ0k8vsTuuceuUGIueg== to /data/app/com.github.uiautomator.test-RvKi-TVC2RT9boJXGRhnbg==
03-19 23:30:34.332  1662  1692 D PackageManager: Ephemeral installer not found with new action; try old one
03-19 23:30:34.332  1662  1692 D PackageManager: Clear ephemeral installer activity
03-19 23:30:34.363  1662  1692 I zygote  : Explicit concurrent copying GC freed 63212(3MB) AllocSpace objects, 28(1312KB) LOS objects, 37% free, 9MB/15MB, paused 297us total 30.155ms
03-19 23:30:34.375  1532  5260 E         : Couldn't opendir /data/app/vmdl362021647.tmp: No such file or directory
03-19 23:30:34.375  1532  5260 E installd: Failed to delete /data/app/vmdl362021647.tmp: No such file or directory
03-19 23:30:34.375  1662  1692 I ActivityManager: Force stopping com.github.uiautomator.test appid=10081 user=0: pkg removed
03-19 23:30:34.392  1662  1729 I InputReader: Reconfiguring input devices.  changes=0x00000010
03-19 23:30:34.402  1662  1680 W BroadcastQueue: Background execution not allowed: receiving Intent { act=android.intent.action.PACKAGE_REMOVED dat=package:com.github.uiautomator.test flg=0x4000010 (has extras) } to com.google.android.gms/.games.chimera.GamesSystemBroadcastReceiverProxy
03-19 23:30:34.403  1662  1680 W BroadcastQueue: Background execution not allowed: receiving Intent { act=android.intent.action.PACKAGE_REMOVED dat=package:com.github.uiautomator.test flg=0x4000010 (has extras) } to com.google.android.gms/.chimera.GmsIntentOperationService$PersistentTrustedReceiver
03-19 23:30:34.421  1662  1680 W BroadcastQueue: Background execution not allowed: receiving Intent { act=android.intent.action.PACKAGE_REMOVED dat=package:com.github.uiautomator.test flg=0x4000010 (has extras) } to com.google.android.googlequicksearchbox/com.google.android.apps.gsa.googlequicksearchbox.GelStubAppWatcher
03-19 23:30:34.428  1662  1680 W BroadcastQueue: Background execution not allowed: receiving Intent { act=android.intent.action.PACKAGE_ADDED dat=package:com.github.uiautomator.test flg=0x4000010 (has extras) } to com.google.android.gms/.games.chimera.GamesSystemBroadcastReceiverProxy
03-19 23:30:34.428  1662  1680 W BroadcastQueue: Background execution not allowed: receiving Intent { act=android.intent.action.PACKAGE_ADDED dat=package:com.github.uiautomator.test flg=0x4000010 (has extras) } to com.google.android.gms/.gass.chimera.PackageChangeBroadcastReceiver
03-19 23:30:34.428  1662  1680 W BroadcastQueue: Background execution not allowed: receiving Intent { act=android.intent.action.PACKAGE_ADDED dat=package:com.github.uiautomator.test flg=0x4000010 (has extras) } to com.google.android.gms/.chimera.GmsIntentOperationService$PersistentTrustedReceiver
03-19 23:30:34.429  1662  1680 W BroadcastQueue: Background execution not allowed: receiving Intent { act=android.intent.action.PACKAGE_ADDED dat=package:com.github.uiautomator.test flg=0x4000010 (has extras) } to com.google.android.googlequicksearchbox/com.google.android.apps.gsa.googlequicksearchbox.GelStubAppWatcher
03-19 23:30:34.429  1662  1680 W BroadcastQueue: Background execution not allowed: receiving Intent { act=android.intent.action.PACKAGE_REPLACED dat=package:com.github.uiautomator.test flg=0x4000010 (has extras) } to com.google.android.apps.photos/.account.full.FetchAccountPropertiesAppUpgradeBroadcastReceiver
03-19 23:30:34.437  1662  1680 W BroadcastQueue: Background execution not allowed: receiving Intent { act=android.intent.action.PACKAGE_REPLACED dat=package:com.github.uiautomator.test flg=0x4000010 (has extras) } to com.google.android.apps.photos/.backgroundsignin.BackgroundSignInBroadcastReceiver
03-19 23:30:34.437  1662  1680 W BroadcastQueue: Background execution not allowed: receiving Intent { act=android.intent.action.PACKAGE_REPLACED dat=package:com.github.uiautomator.test flg=0x4000010 (has extras) } to com.google.android.apps.photos/.experiments.phenotype.full.PhenotypeAppUpgradeBroadcastReceiver
03-19 23:30:34.437  1662  1680 W BroadcastQueue: Background execution not allowed: receiving Intent { act=android.intent.action.PACKAGE_REPLACED dat=package:com.github.uiautomator.test flg=0x4000010 (has extras) } to com.google.android.apps.photos/.notificationchannels.AppUpdateBroadcastReceiver
03-19 23:30:34.438  1662  1680 W BroadcastQueue: Background execution not allowed: receiving Intent { act=android.intent.action.PACKAGE_REPLACED dat=package:com.github.uiautomator.test flg=0x4000010 (has extras) } to com.google.android.gms/.gass.chimera.PackageChangeBroadcastReceiver
03-19 23:30:34.438  1662  1680 W BroadcastQueue: Background execution not allowed: receiving Intent { act=android.intent.action.PACKAGE_REPLACED dat=package:com.github.uiautomator.test flg=0x4000010 (has extras) } to com.google.android.gms/.chimera.GmsIntentOperationService$PersistentTrustedReceiver
03-19 23:30:34.444  1662  1680 W BroadcastQueue: Background execution not allowed: receiving Intent { act=android.intent.action.PACKAGE_REPLACED dat=package:com.github.uiautomator.test flg=0x4000010 (has extras) } to com.google.android.googlequicksearchbox/com.google.android.apps.gsa.googlequicksearchbox.GelStubAppWatcher
03-19 23:30:34.394  1662  1729 I chatty  : uid=1000(system) InputReader identical 1 line
03-19 23:30:34.403  1662  1729 I InputReader: Reconfiguring input devices.  changes=0x00000010
03-19 23:30:34.462  1912  1912 D CarrierSvcBindHelper: No carrier app for: 0
03-19 23:30:34.473  1662  1662 I Telecom : DefaultDialerCache: Refreshing default dialer for user 0: now com.google.android.dialer: DDC.oR@AZQ
03-19 23:30:34.472  1912  1912 D CarrierSvcBindHelper: No carrier app for: 0
03-19 23:30:34.476  5758  5829 I ProvidersCache: Provider returned no roots. Possibly naughty: com.google.android.apps.docs.storage
03-19 23:30:34.482  1912  1912 D ImsResolver: maybeAddedImsService, packageName: com.github.uiautomator.test
03-19 23:30:34.483  1912  1912 D CarrierConfigLoader: mHandler: 9 phoneId: 0
03-19 23:30:34.488  5758  5893 I ProvidersCache: Provider returned no roots. Possibly naughty: com.google.android.apps.docs.storage
03-19 23:30:34.497  2081  6044 I Fitness : FitCleanupIntentOperation received Intent android.intent.action.PACKAGE_REMOVED [CONTEXT service_id=17 ]
03-19 23:30:34.513  2209  6052 I Auth    : [SupervisedAccountIntentOperation] onHandleIntent(): android.intent.action.PACKAGE_ADDED
03-19 23:30:34.514  2209  6052 I ChromeSync: [Sync,SyncIntentOperation] Handling the intent: Intent { act=android.intent.action.PACKAGE_ADDED dat=package:com.github.uiautomator.test flg=0x4000010 cmp=com.google.android.gms/.chimera.GmsIntentOperationService (has extras) }.
03-19 23:30:34.573  2209  6049 I FontLog : Package com.github.uiautomator.test has no metadata [CONTEXT service_id=132 ]
03-19 23:30:34.584  6073  6073 D AndroidRuntime: >>>>>> START com.android.internal.os.RuntimeInit uid 2000 <<<<<<
03-19 23:30:34.604  2209  5898 I Icing   : Indexing com.google.android.gms-apps from com.google.android.gms
03-19 23:30:34.608  2209  5898 I Icing   : Indexing done com.google.android.gms-apps
03-19 23:30:34.617  2209  5898 I Icing   : Indexing com.google.android.gms-apps from com.google.android.gms
03-19 23:30:34.618  2209  5898 I Icing   : Indexing done com.google.android.gms-apps
03-19 23:30:34.620  1662  1681 D AutofillUI: destroySaveUiUiThread(): already destroyed
03-19 23:30:34.621  1662  1679 D AutofillManagerServiceImpl: Set component for user 0 as ServiceInfo{5376919 com.google.android.gms.autofill.service.AutofillService}
03-19 23:30:34.628  6073  6073 W app_process: Unexpected CPU variant for X86 using defaults: x86
03-19 23:30:34.632  6073  6073 I app_process: The ClassLoaderContext is a special shared library.
03-19 23:30:34.634  2209  6052 I ChromeSync: [Persistence,AffiliationManager] One of affiliation or grouping data for android://JW7N0ExFmTfzNyo74Lc2inZ96oZv_9dJZm9E60g1JTNa7Cj0O3j0VduGOcuYGbgQFYXOaRPgVQEjsc5ScU_Apg==@com.github.uiautomator.test/ was not found. Marking affiliation data as stale...
03-19 23:30:34.653  6073  6073 D AndroidRuntime: Calling main entry com.android.commands.am.Am
03-19 23:30:34.659  1662  3616 I ActivityManager: Force stopping com.github.uiautomator appid=10080 user=0: start instr
03-19 23:30:34.674  1662  3616 I ActivityManager: Start proc 6085:com.github.uiautomator/u0a80 for added application com.github.uiautomator
03-19 23:30:34.676  6085  6085 W zygote  : Unexpected CPU variant for X86 using defaults: x86
03-19 23:30:34.730  6085  6085 I zygote  : The ClassLoaderContext is a special shared library.
03-19 23:30:34.730  6085  6085 I zygote  : The ClassLoaderContext is a special shared library.
03-19 23:30:34.732  6085  6085 W zygote  : ClassLoaderContext classpath element mismatch for position 0. expected=/system/framework/android.test.mock.jar, found=/system/framework/android.test.runner.jar (PCL[/system/framework/android.test.mock.jar*1065265343:/system/framework/android.test.runner.jar*1742119008] | PCL[/system/framework/android.test.runner.jar*1742119008:/system/framework/android.test.mock.jar*1065265343])
03-19 23:30:34.732  6085  6085 W zygote  : Found duplicate classes, falling back to extracting from APK : /data/app/com.github.uiautomator.test-RvKi-TVC2RT9boJXGRhnbg==/base.apk
03-19 23:30:34.732  6085  6085 W zygote  : NOTE: This wastes RAM and hurts startup performance.
03-19 23:30:34.732  6085  6085 W zygote  : Found duplicated class when checking oat files: 'Ljunit/runner/BaseTestRunner;' in /system/framework/android.test.runner.jar and /data/app/com.github.uiautomator.test-RvKi-TVC2RT9boJXGRhnbg==/base.apk
03-19 23:30:34.732  6085  6085 W zygote  : 
03-19 23:30:34.757  6085  6085 W zygote  : ClassLoaderContext classpath size mismatch for position 0. expected=0, found=3 (PCL[] | PCL[/system/framework/android.test.runner.jar*1742119008:/system/framework/android.test.mock.jar*1065265343:/data/app/com.github.uiautomator.test-RvKi-TVC2RT9boJXGRhnbg==/base.apk*3370359188])
03-19 23:30:34.761  6085  6085 W System  : ClassLoader referenced unknown path: 
03-19 23:30:34.772  6085  6085 I MonitoringInstr: Instrumentation started on process com.github.uiautomator
03-19 23:30:34.774  6085  6085 I MonitoringInstr: Setting context classloader to 'dalvik.system.PathClassLoader[DexPathList[[zip file "/system/framework/android.test.runner.jar", zip file "/system/framework/android.test.mock.jar", zip file "/data/app/com.github.uiautomator.test-RvKi-TVC2RT9boJXGRhnbg==/base.apk", zip file "/data/app/com.github.uiautomator-XiEbPX8tnPtaX7l3TAj7Zw==/base.apk"],nativeLibraryDirectories=[/data/app/com.github.uiautomator.test-RvKi-TVC2RT9boJXGRhnbg==/lib/x86, /data/app/com.github.uiautomator-XiEbPX8tnPtaX7l3TAj7Zw==/lib/x86, /system/lib, /vendor/lib]]]', Original: 'dalvik.system.PathClassLoader[DexPathList[[zip file "/system/framework/android.test.runner.jar", zip file "/system/framework/android.test.mock.jar", zip file "/data/app/com.github.uiautomator.test-RvKi-TVC2RT9boJXGRhnbg==/base.apk", zip file "/data/app/com.github.uiautomator-XiEbPX8tnPtaX7l3TAj7Zw==/base.apk"],nativeLibraryDirectories=[/data/app/com.github.uiautomator.test-RvKi-TVC2RT9boJXGRhnbg==/lib/x86, /data/app/com.github.uiautomator-XiEbPX8tnPtaX7l3TAj7Zw==/lib/x86, /system/lib, /vendor/lib]]]'
03-19 23:30:34.778  6085  6085 I MonitoringInstr: No JSBridge.
03-19 23:30:34.779  6085  6101 I MonitoringInstr: Setting context classloader to 'dalvik.system.PathClassLoader[DexPathList[[zip file "/system/framework/android.test.runner.jar", zip file "/system/framework/android.test.mock.jar", zip file "/data/app/com.github.uiautomator.test-RvKi-TVC2RT9boJXGRhnbg==/base.apk", zip file "/data/app/com.github.uiautomator-XiEbPX8tnPtaX7l3TAj7Zw==/base.apk"],nativeLibraryDirectories=[/data/app/com.github.uiautomator.test-RvKi-TVC2RT9boJXGRhnbg==/lib/x86, /data/app/com.github.uiautomator-XiEbPX8tnPtaX7l3TAj7Zw==/lib/x86, /system/lib, /vendor/lib]]]', Original: 'dalvik.system.PathClassLoader[DexPathList[[zip file "/system/framework/android.test.runner.jar", zip file "/system/framework/android.test.mock.jar", zip file "/data/app/com.github.uiautomator.test-RvKi-TVC2RT9boJXGRhnbg==/base.apk", zip file "/data/app/com.github.uiautomator-XiEbPX8tnPtaX7l3TAj7Zw==/base.apk"],nativeLibraryDirectories=[/data/app/com.github.uiautomator.test-RvKi-TVC2RT9boJXGRhnbg==/lib/x86, /data/app/com.github.uiautomator-XiEbPX8tnPtaX7l3TAj7Zw==/lib/x86, /system/lib, /vendor/lib]]]'
03-19 23:30:34.789  6085  6101 I UsageTrackerFacilitator: Usage tracking enabled
03-19 23:30:34.795  6085  6101 I TestRequestBuilder: Scanning classpath to find tests in paths [/data/app/com.github.uiautomator.test-RvKi-TVC2RT9boJXGRhnbg==/base.apk]
03-19 23:30:34.796  6085  6101 W zygote  : Opening an oat file without a class loader. Are you using the deprecated DexFile APIs?
03-19 23:30:34.910  6085  6101 I zygote  : Rejecting re-init on previously-failed class java.lang.Class<com.googlecode.jsonrpc4j.spring.AbstractCompositeJsonServiceExporter>: java.lang.NoClassDefFoundError: Failed resolution of: Lorg/springframework/beans/factory/InitializingBean;
03-19 23:30:34.910  6085  6101 I zygote  :   at java.lang.Class java.lang.Class.classForName(java.lang.String, boolean, java.lang.ClassLoader) (Class.java:-2)
03-19 23:30:34.910  6085  6101 I zygote  :   at java.lang.Class java.lang.Class.forName(java.lang.String, boolean, java.lang.ClassLoader) (Class.java:453)
03-19 23:30:34.910  6085  6101 I zygote  :   at void android.support.test.internal.runner.TestLoader.doCreateRunner(java.lang.String, boolean) (TestLoader.java:72)
03-19 23:30:34.910  6085  6101 I zygote  :   at java.util.List android.support.test.internal.runner.TestLoader.getRunnersFor(java.util.Collection, boolean) (TestLoader.java:104)
03-19 23:30:34.910  6085  6101 I zygote  :   at org.junit.runner.Request android.support.test.internal.runner.TestRequestBuilder.build() (TestRequestBuilder.java:789)
03-19 23:30:34.910  6085  6101 I zygote  :   at org.junit.runner.Request android.support.test.runner.AndroidJUnitRunner.buildRequest(android.support.test.internal.runner.RunnerArgs, android.os.Bundle) (AndroidJUnitRunner.java:539)
03-19 23:30:34.910  6085  6101 I zygote  :   at void android.support.test.runner.AndroidJUnitRunner.onStart() (AndroidJUnitRunner.java:382)
03-19 23:30:34.910  6085  6101 I zygote  :   at void android.app.Instrumentation$InstrumentationThread.run() (Instrumentation.java:2075)
03-19 23:30:34.910  6085  6101 I zygote  : Caused by: java.lang.ClassNotFoundException: Didn't find class "org.springframework.beans.factory.InitializingBean" on path: DexPathList[[zip file "/system/framework/android.test.runner.jar", zip file "/system/framework/android.test.mock.jar", zip file "/data/app/com.github.uiautomator.test-RvKi-TVC2RT9boJXGRhnbg==/base.apk", zip file "/data/app/com.github.uiautomator-XiEbPX8tnPtaX7l3TAj7Zw==/base.apk"],nativeLibraryDirectories=[/data/app/com.github.uiautomator.test-RvKi-TVC2RT9boJXGRhnbg==/lib/x86, /data/app/com.github.uiautomator-XiEbPX8tnPtaX7l3TAj7Zw==/lib/x86, /system/lib, /vendor/lib]]
03-19 23:30:34.910  6085  6101 I zygote  :   at java.lang.Class dalvik.system.BaseDexClassLoader.findClass(java.lang.String) (BaseDexClassLoader.java:125)
03-19 23:30:34.910  6085  6101 I zygote  :   at java.lang.Class java.lang.ClassLoader.loadClass(java.lang.String, boolean) (ClassLoader.java:379)
03-19 23:30:34.910  6085  6101 I zygote  :   at java.lang.Class java.lang.ClassLoader.loadClass(java.lang.String) (ClassLoader.java:312)
03-19 23:30:34.911  6085  6101 I zygote  :   at java.lang.Class java.lang.Class.classForName(java.lang.String, boolean, java.lang.ClassLoader) (Class.java:-2)
03-19 23:30:34.911  6085  6101 I zygote  :   at java.lang.Class java.lang.Class.forName(java.lang.String, boolean, java.lang.ClassLoader) (Class.java:453)
03-19 23:30:34.911  6085  6101 I zygote  :   at void android.support.test.internal.runner.TestLoader.doCreateRunner(java.lang.String, boolean) (TestLoader.java:72)
03-19 23:30:34.911  6085  6101 I zygote  :   at java.util.List android.support.test.internal.runner.TestLoader.getRunnersFor(java.util.Collection, boolean) (TestLoader.java:104)
03-19 23:30:34.911  6085  6101 I zygote  :   at org.junit.runner.Request android.support.test.internal.runner.TestRequestBuilder.build() (TestRequestBuilder.java:789)
03-19 23:30:34.911  6085  6101 I zygote  :   at org.junit.runner.Request android.support.test.runner.AndroidJUnitRunner.buildRequest(android.support.test.internal.runner.RunnerArgs, android.os.Bundle) (AndroidJUnitRunner.java:539)
03-19 23:30:34.911  6085  6101 I zygote  :   at void android.support.test.runner.AndroidJUnitRunner.onStart() (AndroidJUnitRunner.java:382)
03-19 23:30:34.911  6085  6101 I zygote  :   at void android.app.Instrumentation$InstrumentationThread.run() (Instrumentation.java:2075)
03-19 23:30:34.911  6085  6101 I zygote  : 
03-19 23:30:34.912  6085  6101 E TestLoader: Could not find class: com.googlecode.jsonrpc4j.spring.AbstractCompositeJsonServiceExporter
03-19 23:30:34.913  6085  6101 I zygote  : Rejecting re-init on previously-failed class java.lang.Class<com.googlecode.jsonrpc4j.spring.AbstractJsonServiceExporter>: java.lang.NoClassDefFoundError: Failed resolution of: Lorg/springframework/remoting/support/RemoteExporter;
03-19 23:30:34.913  6085  6101 I zygote  :   at java.lang.Class java.lang.Class.classForName(java.lang.String, boolean, java.lang.ClassLoader) (Class.java:-2)
03-19 23:30:34.913  6085  6101 I zygote  :   at java.lang.Class java.lang.Class.forName(java.lang.String, boolean, java.lang.ClassLoader) (Class.java:453)
03-19 23:30:34.913  6085  6101 I zygote  :   at void android.support.test.internal.runner.TestLoader.doCreateRunner(java.lang.String, boolean) (TestLoader.java:72)
03-19 23:30:34.913  6085  6101 I zygote  :   at java.util.List android.support.test.internal.runner.TestLoader.getRunnersFor(java.util.Collection, boolean) (TestLoader.java:104)
03-19 23:30:34.913  6085  6101 I zygote  :   at org.junit.runner.Request android.support.test.internal.runner.TestRequestBuilder.build() (TestRequestBuilder.java:789)
03-19 23:30:34.913  6085  6101 I zygote  :   at org.junit.runner.Request android.support.test.runner.AndroidJUnitRunner.buildRequest(android.support.test.internal.runner.RunnerArgs, android.os.Bundle) (AndroidJUnitRunner.java:539)
03-19 23:30:34.913  6085  6101 I zygote  :   at void android.support.test.runner.AndroidJUnitRunner.onStart() (AndroidJUnitRunner.java:382)
03-19 23:30:34.913  6085  6101 I zygote  :   at void android.app.Instrumentation$InstrumentationThread.run() (Instrumentation.java:2075)
03-19 23:30:34.913  6085  6101 I zygote  : Caused by: java.lang.ClassNotFoundException: Didn't find class "org.springframework.remoting.support.RemoteExporter" on path: DexPathList[[zip file "/system/framework/android.test.runner.jar", zip file "/system/framework/android.test.mock.jar", zip file "/data/app/com.github.uiautomator.test-RvKi-TVC2RT9boJXGRhnbg==/base.apk", zip file "/data/app/com.github.uiautomator-XiEbPX8tnPtaX7l3TAj7Zw==/base.apk"],nativeLibraryDirectories=[/data/app/com.github.uiautomator.test-RvKi-TVC2RT9boJXGRhnbg==/lib/x86, /data/app/com.github.uiautomator-XiEbPX8tnPtaX7l3TAj7Zw==/lib/x86, /system/lib, /vendor/lib]]
03-19 23:30:34.913  6085  6101 I zygote  :   at java.lang.Class dalvik.system.BaseDexClassLoader.findClass(java.lang.String) (BaseDexClassLoader.java:125)
03-19 23:30:34.913  6085  6101 I zygote  :   at java.lang.Class java.lang.ClassLoader.loadClass(java.lang.String, boolean) (ClassLoader.java:379)
03-19 23:30:34.913  6085  6101 I zygote  :   at java.lang.Class java.lang.ClassLoader.loadClass(java.lang.String) (ClassLoader.java:312)
03-19 23:30:34.913  6085  6101 I zygote  :   at java.lang.Class java.lang.Class.classForName(java.lang.String, boolean, java.lang.ClassLoader) (Class.java:-2)
03-19 23:30:34.913  6085  6101 I zygote  :   at java.lang.Class java.lang.Class.forName(java.lang.String, boolean, java.lang.ClassLoader) (Class.java:453)
03-19 23:30:34.914  6085  6101 I zygote  :   at void android.support.test.internal.runner.TestLoader.doCreateRunner(java.lang.String, boolean) (TestLoader.java:72)
03-19 23:30:34.914  6085  6101 I zygote  :   at java.util.List android.support.test.internal.runner.TestLoader.getRunnersFor(java.util.Collection, boolean) (TestLoader.java:104)
03-19 23:30:34.914  6085  6101 I zygote  :   at org.junit.runner.Request android.support.test.internal.runner.TestRequestBuilder.build() (TestRequestBuilder.java:789)
03-19 23:30:34.914  6085  6101 I zygote  :   at org.junit.runner.Request android.support.test.runner.AndroidJUnitRunner.buildRequest(android.support.test.internal.runner.RunnerArgs, android.os.Bundle) (AndroidJUnitRunner.java:539)
03-19 23:30:34.914  6085  6101 I zygote  :   at void android.support.test.runner.AndroidJUnitRunner.onStart() (AndroidJUnitRunner.java:382)
03-19 23:30:34.914  6085  6101 I zygote  :   at void android.app.Instrumentation$InstrumentationThread.run() (Instrumentation.java:2075)
03-19 23:30:34.914  6085  6101 I zygote  : 
03-19 23:30:34.914  6085  6101 E TestLoader: Could not find class: com.googlecode.jsonrpc4j.spring.AbstractJsonServiceExporter
03-19 23:30:34.914  6085  6101 I zygote  : Rejecting re-init on previously-failed class java.lang.Class<com.googlecode.jsonrpc4j.spring.AutoJsonRpcClientProxyCreator>: java.lang.NoClassDefFoundError: Failed resolution of: Lorg/springframework/beans/factory/config/BeanFactoryPostProcessor;
03-19 23:30:34.914  6085  6101 I zygote  :   at java.lang.Class java.lang.Class.classForName(java.lang.String, boolean, java.lang.ClassLoader) (Class.java:-2)
03-19 23:30:34.914  6085  6101 I zygote  :   at java.lang.Class java.lang.Class.forName(java.lang.String, boolean, java.lang.ClassLoader) (Class.java:453)
03-19 23:30:34.914  6085  6101 I zygote  :   at void android.support.test.internal.runner.TestLoader.doCreateRunner(java.lang.String, boolean) (TestLoader.java:72)
03-19 23:30:34.914  6085  6101 I zygote  :   at java.util.List android.support.test.internal.runner.TestLoader.getRunnersFor(java.util.Collection, boolean) (TestLoader.java:104)
03-19 23:30:34.914  6085  6101 I zygote  :   at org.junit.runner.Request android.support.test.internal.runner.TestRequestBuilder.build() (TestRequestBuilder.java:789)
03-19 23:30:34.914  6085  6101 I zygote  :   at org.junit.runner.Request android.support.test.runner.AndroidJUnitRunner.buildRequest(android.support.test.internal.runner.RunnerArgs, android.os.Bundle) (AndroidJUnitRunner.java:539)
03-19 23:30:34.914  6085  6101 I zygote  :   at void android.support.test.runner.AndroidJUnitRunner.onStart() (AndroidJUnitRunner.java:382)
03-19 23:30:34.914  6085  6101 I zygote  :   at void android.app.Instrumentation$InstrumentationThread.run() (Instrumentation.java:2075)
03-19 23:30:34.914  6085  6101 I zygote  : Caused by: java.lang.ClassNotFoundException: Didn't find class "org.springframework.beans.factory.config.BeanFactoryPostProcessor" on path: DexPathList[[zip file "/system/framework/android.test.runner.jar", zip file "/system/framework/android.test.mock.jar", zip file "/data/app/com.github.uiautomator.test-RvKi-TVC2RT9boJXGRhnbg==/base.apk", zip file "/data/app/com.github.uiautomator-XiEbPX8tnPtaX7l3TAj7Zw==/base.apk"],nativeLibraryDirectories=[/data/app/com.github.uiautomator.test-RvKi-TVC2RT9boJXGRhnbg==/lib/x86, /data/app/com.github.uiautomator-XiEbPX8tnPtaX7l3TAj7Zw==/lib/x86, /system/lib, /vendor/lib]]
03-19 23:30:34.914  6085  6101 I zygote  :   at java.lang.Class dalvik.system.BaseDexClassLoader.findClass(java.lang.String) (BaseDexClassLoader.java:125)
03-19 23:30:34.914  6085  6101 I zygote  :   at java.lang.Class java.lang.ClassLoader.loadClass(java.lang.String, boolean) (ClassLoader.java:379)
03-19 23:30:34.915  6085  6101 I zygote  :   at java.lang.Class java.lang.ClassLoader.loadClass(java.lang.String) (ClassLoader.java:312)
03-19 23:30:34.915  6085  6101 I zygote  :   at java.lang.Class java.lang.Class.classForName(java.lang.String, boolean, java.lang.ClassLoader) (Class.java:-2)
03-19 23:30:34.915  6085  6101 I zygote  :   at java.lang.Class java.lang.Class.forName(java.lang.String, boolean, java.lang.ClassLoader) (Class.java:453)
03-19 23:30:34.915  6085  6101 I zygote  :   at void android.support.test.internal.runner.TestLoader.doCreateRunner(java.lang.String, boolean) (TestLoader.java:72)
03-19 23:30:34.915  6085  6101 I zygote  :   at java.util.List android.support.test.internal.runner.TestLoader.getRunnersFor(java.util.Collection, boolean) (TestLoader.java:104)
03-19 23:30:34.915  6085  6101 I zygote  :   at org.junit.runner.Request android.support.test.internal.runner.TestRequestBuilder.build() (TestRequestBuilder.java:789)
03-19 23:30:34.915  6085  6101 I zygote  :   at org.junit.runner.Request android.support.test.runner.AndroidJUnitRunner.buildRequest(android.support.test.internal.runner.RunnerArgs, android.os.Bundle) (AndroidJUnitRunner.java:539)
03-19 23:30:34.915  6085  6101 I zygote  :   at void android.support.test.runner.AndroidJUnitRunner.onStart() (AndroidJUnitRunner.java:382)
03-19 23:30:34.915  6085  6101 I zygote  :   at void android.app.Instrumentation$InstrumentationThread.run() (Instrumentation.java:2075)
03-19 23:30:34.915  6085  6101 I zygote  : 
03-19 23:30:34.915  6085  6101 E TestLoader: Could not find class: com.googlecode.jsonrpc4j.spring.AutoJsonRpcClientProxyCreator
03-19 23:30:34.915  6085  6101 I zygote  : Rejecting re-init on previously-failed class java.lang.Class<com.googlecode.jsonrpc4j.spring.AutoJsonRpcServiceExporter>: java.lang.NoClassDefFoundError: Failed resolution of: Lorg/springframework/beans/factory/config/BeanFactoryPostProcessor;
03-19 23:30:34.915  6085  6101 I zygote  :   at java.lang.Class java.lang.Class.classForName(java.lang.String, boolean, java.lang.ClassLoader) (Class.java:-2)
03-19 23:30:34.915  6085  6101 I zygote  :   at java.lang.Class java.lang.Class.forName(java.lang.String, boolean, java.lang.ClassLoader) (Class.java:453)
03-19 23:30:34.916  6085  6101 I zygote  :   at void android.support.test.internal.runner.TestLoader.doCreateRunner(java.lang.String, boolean) (TestLoader.java:72)
03-19 23:30:34.916  6085  6101 I zygote  :   at java.util.List android.support.test.internal.runner.TestLoader.getRunnersFor(java.util.Collection, boolean) (TestLoader.java:104)
03-19 23:30:34.916  6085  6101 I zygote  :   at org.junit.runner.Request android.support.test.internal.runner.TestRequestBuilder.build() (TestRequestBuilder.java:789)
03-19 23:30:34.916  6085  6101 I zygote  :   at org.junit.runner.Request android.support.test.runner.AndroidJUnitRunner.buildRequest(android.support.test.internal.runner.RunnerArgs, android.os.Bundle) (AndroidJUnitRunner.java:539)
03-19 23:30:34.916  6085  6101 I zygote  :   at void android.support.test.runner.AndroidJUnitRunner.onStart() (AndroidJUnitRunner.java:382)
03-19 23:30:34.916  6085  6101 I zygote  :   at void android.app.Instrumentation$InstrumentationThread.run() (Instrumentation.java:2075)
03-19 23:30:34.916  6085  6101 I zygote  : Caused by: java.lang.ClassNotFoundException: Didn't find class "org.springframework.beans.factory.config.BeanFactoryPostProcessor" on path: DexPathList[[zip file "/system/framework/android.test.runner.jar", zip file "/system/framework/android.test.mock.jar", zip file "/data/app/com.github.uiautomator.test-RvKi-TVC2RT9boJXGRhnbg==/base.apk", zip file "/data/app/com.github.uiautomator-XiEbPX8tnPtaX7l3TAj7Zw==/base.apk"],nativeLibraryDirectories=[/data/app/com.github.uiautomator.test-RvKi-TVC2RT9boJXGRhnbg==/lib/x86, /data/app/com.github.uiautomator-XiEbPX8tnPtaX7l3TAj7Zw==/lib/x86, /system/lib, /vendor/lib]]
03-19 23:30:34.916  6085  6101 I zygote  :   at java.lang.Class dalvik.system.BaseDexClassLoader.findClass(java.lang.String) (BaseDexClassLoader.java:125)
03-19 23:30:34.916  6085  6101 I zygote  :   at java.lang.Class java.lang.ClassLoader.loadClass(java.lang.String, boolean) (ClassLoader.java:379)
03-19 23:30:34.916  6085  6101 I zygote  :   at java.lang.Class java.lang.ClassLoader.loadClass(java.lang.String) (ClassLoader.java:312)
03-19 23:30:34.916  6085  6101 I zygote  :   at java.lang.Class java.lang.Class.classForName(java.lang.String, boolean, java.lang.ClassLoader) (Class.java:-2)
03-19 23:30:34.916  6085  6101 I zygote  :   at java.lang.Class java.lang.Class.forName(java.lang.String, boolean, java.lang.ClassLoader) (Class.java:453)
03-19 23:30:34.916  6085  6101 I zygote  :   at void android.support.test.internal.runner.TestLoader.doCreateRunner(java.lang.String, boolean) (TestLoader.java:72)
03-19 23:30:34.916  6085  6101 I zygote  :   at java.util.List android.support.test.internal.runner.TestLoader.getRunnersFor(java.util.Collection, boolean) (TestLoader.java:104)
03-19 23:30:34.916  6085  6101 I zygote  :   at org.junit.runner.Request android.support.test.internal.runner.TestRequestBuilder.build() (TestRequestBuilder.java:789)
03-19 23:30:34.916  6085  6101 I zygote  :   at org.junit.runner.Request android.support.test.runner.AndroidJUnitRunner.buildRequest(android.support.test.internal.runner.RunnerArgs, android.os.Bundle) (AndroidJUnitRunner.java:539)
03-19 23:30:34.916  6085  6101 I zygote  :   at void android.support.test.runner.AndroidJUnitRunner.onStart() (AndroidJUnitRunner.java:382)
03-19 23:30:34.916  6085  6101 I zygote  :   at void android.app.Instrumentation$InstrumentationThread.run() (Instrumentation.java:2075)
03-19 23:30:34.916  6085  6101 I zygote  : 
03-19 23:30:34.916  6085  6101 E TestLoader: Could not find class: com.googlecode.jsonrpc4j.spring.AutoJsonRpcServiceExporter
03-19 23:30:34.917  6085  6101 I zygote  : Rejecting re-init on previously-failed class java.lang.Class<com.googlecode.jsonrpc4j.spring.AbstractCompositeJsonServiceExporter>: java.lang.NoClassDefFoundError: Failed resolution of: Lorg/springframework/beans/factory/InitializingBean;
