01-16 17:11:16.972  7643  7643 I Input   : injectKeyEvent: KeyEvent { action=ACTION_DOWN, keyCode=KEYCODE_DEL, scanCode=0, metaState=0, flags=0x0, repeatCount=0, eventTime=356614, downTime=356614, deviceId=-1, source=0x101 }
01-16 17:11:16.973  7643  7643 I Input   : injectKeyEvent: KeyEvent { action=ACTION_UP, keyCode=KEYCODE_DEL, scanCode=0, metaState=0, flags=0x0, repeatCount=0, eventTime=356614, downTime=356614, deviceId=-1, source=0x101 }
01-16 17:11:16.973  7643  7643 I Input   : injectKeyEvent: KeyEvent { action=ACTION_DOWN, keyCode=KEYCODE_DEL, scanCode=0, metaState=0, flags=0x0, repeatCount=0, eventTime=356615, downTime=356615, deviceId=-1, source=0x101 }
01-16 17:11:16.974  7643  7643 I Input   : injectKeyEvent: KeyEvent { action=ACTION_UP, keyCode=KEYCODE_DEL, scanCode=0, metaState=0, flags=0x0, repeatCount=0, eventTime=356615, downTime=356615, deviceId=-1, source=0x101 }
01-16 17:11:16.975  7643  7643 I Input   : injectKeyEvent: KeyEvent { action=ACTION_DOWN, keyCode=KEYCODE_DEL, scanCode=0, metaState=0, flags=0x0, repeatCount=0, eventTime=356617, downTime=356617, deviceId=-1, source=0x101 }
01-16 17:11:16.976  7643  7643 I Input   : injectKeyEvent: KeyEvent { action=ACTION_UP, keyCode=KEYCODE_DEL, scanCode=0, metaState=0, flags=0x0, repeatCount=0, eventTime=356617, downTime=356617, deviceId=-1, source=0x101 }
01-16 17:11:16.976  7643  7643 I Input   : injectKeyEvent: KeyEvent { action=ACTION_DOWN, keyCode=KEYCODE_DEL, scanCode=0, metaState=0, flags=0x0, repeatCount=0, eventTime=356618, downTime=356618, deviceId=-1, source=0x101 }
01-16 17:11:16.977  7643  7643 I Input   : injectKeyEvent: KeyEvent { action=ACTION_UP, keyCode=KEYCODE_DEL, scanCode=0, metaState=0, flags=0x0, repeatCount=0, eventTime=356618, downTime=356618, deviceId=-1, source=0x101 }
01-16 17:11:16.978  7643  7643 I Input   : injectKeyEvent: KeyEvent { action=ACTION_DOWN, keyCode=KEYCODE_DEL, scanCode=0, metaState=0, flags=0x0, repeatCount=0, eventTime=356620, downTime=356620, deviceId=-1, source=0x101 }
01-16 17:11:16.979  7643  7643 I Input   : injectKeyEvent: KeyEvent { action=ACTION_UP, keyCode=KEYCODE_DEL, scanCode=0, metaState=0, flags=0x0, repeatCount=0, eventTime=356620, downTime=356620, deviceId=-1, source=0x101 }
01-16 17:11:16.980  7643  7643 I Input   : injectKeyEvent: KeyEvent { action=ACTION_DOWN, keyCode=KEYCODE_DEL, scanCode=0, metaState=0, flags=0x0, repeatCount=0, eventTime=356621, downTime=356621, deviceId=-1, source=0x101 }
01-16 17:11:16.980  7643  7643 I Input   : injectKeyEvent: KeyEvent { action=ACTION_UP, keyCode=KEYCODE_DEL, scanCode=0, metaState=0, flags=0x0, repeatCount=0, eventTime=356621, downTime=356621, deviceId=-1, source=0x101 }
01-16 17:11:16.981  7643  7643 D AndroidRuntime: Shutting down VM
01-16 17:11:17.157  7653  7653 D AndroidRuntime: >>>>>> START com.android.internal.os.RuntimeInit uid 2000 <<<<<<
01-16 17:11:17.158  7653  7653 D AndroidRuntime: CheckJNI is OFF
01-16 17:11:17.158  7653  7653 E cutils-trace: Error opening trace file: No such file or directory (2)
01-16 17:11:17.176  7653  7653 D ICU     : No timezone override file found: /data/misc/zoneinfo/current/icu/icu_tzdata.dat
01-16 17:11:17.182  7653  7653 E memtrack: Couldn't load memtrack module (No such file or directory)
01-16 17:11:17.182  7653  7653 E android.os.Debug: failed to load memtrack module: -2
01-16 17:11:17.182  7653  7653 I Radio-JNI: register_android_hardware_Radio DONE
01-16 17:11:17.185  7653  7653 D AndroidRuntime: Calling main entry com.android.commands.input.Input
01-16 17:11:17.186  7653  7653 I Input   : injectKeyEvent: KeyEvent { action=ACTION_DOWN, keyCode=KEYCODE_SHIFT_LEFT, scanCode=0, metaState=META_SHIFT_ON|META_SHIFT_LEFT_ON, flags=0x0, repeatCount=0, eventTime=356827, downTime=356827, deviceId=-1, source=0x101 }
01-16 17:11:17.186  7653  7653 I Input   : injectKeyEvent: KeyEvent { action=ACTION_DOWN, keyCode=KEYCODE_T, scanCode=0, metaState=META_SHIFT_ON|META_SHIFT_LEFT_ON, flags=0x0, repeatCount=0, eventTime=356827, downTime=356827, deviceId=-1, source=0x101 }
01-16 17:11:17.187  7653  7653 I Input   : injectKeyEvent: KeyEvent { action=ACTION_UP, keyCode=KEYCODE_T, scanCode=0, metaState=META_SHIFT_ON|META_SHIFT_LEFT_ON, flags=0x0, repeatCount=0, eventTime=356827, downTime=356827, deviceId=-1, source=0x101 }
01-16 17:11:17.188  7653  7653 I Input   : injectKeyEvent: KeyEvent { action=ACTION_UP, keyCode=KEYCODE_SHIFT_LEFT, scanCode=0, metaState=0, flags=0x0, repeatCount=0, eventTime=356827, downTime=356827, deviceId=-1, source=0x101 }
01-16 17:11:17.189  7653  7653 I Input   : injectKeyEvent: KeyEvent { action=ACTION_DOWN, keyCode=KEYCODE_E, scanCode=0, metaState=0, flags=0x0, repeatCount=0, eventTime=356827, downTime=356827, deviceId=-1, source=0x101 }
01-16 17:11:17.190  7653  7653 I Input   : injectKeyEvent: KeyEvent { action=ACTION_UP, keyCode=KEYCODE_E, scanCode=0, metaState=0, flags=0x0, repeatCount=0, eventTime=356827, downTime=356827, deviceId=-1, source=0x101 }
01-16 17:11:17.190  7653  7653 I Input   : injectKeyEvent: KeyEvent { action=ACTION_DOWN, keyCode=KEYCODE_S, scanCode=0, metaState=0, flags=0x0, repeatCount=0, eventTime=356827, downTime=356827, deviceId=-1, source=0x101 }
01-16 17:11:17.191  7653  7653 I Input   : injectKeyEvent: KeyEvent { action=ACTION_UP, keyCode=KEYCODE_S, scanCode=0, metaState=0, flags=0x0, repeatCount=0, eventTime=356827, downTime=356827, deviceId=-1, source=0x101 }
01-16 17:11:17.191  7653  7653 I Input   : injectKeyEvent: KeyEvent { action=ACTION_DOWN, keyCode=KEYCODE_T, scanCode=0, metaState=0, flags=0x0, repeatCount=0, eventTime=356827, downTime=356827, deviceId=-1, source=0x101 }
01-16 17:11:17.194  7653  7653 I Input   : injectKeyEvent: KeyEvent { action=ACTION_UP, keyCode=KEYCODE_T, scanCode=0, metaState=0, flags=0x0, repeatCount=0, eventTime=356827, downTime=356827, deviceId=-1, source=0x101 }
01-16 17:11:17.195  7653  7653 I Input   : injectKeyEvent: KeyEvent { action=ACTION_DOWN, keyCode=KEYCODE_SHIFT_LEFT, scanCode=0, metaState=META_SHIFT_ON|META_SHIFT_LEFT_ON, flags=0x0, repeatCount=0, eventTime=356827, downTime=356827, deviceId=-1, source=0x101 }
01-16 17:11:17.195  7653  7653 I Input   : injectKeyEvent: KeyEvent { action=ACTION_DOWN, keyCode=KEYCODE_T, scanCode=0, metaState=META_SHIFT_ON|META_SHIFT_LEFT_ON, flags=0x0, repeatCount=0, eventTime=356827, downTime=356827, deviceId=-1, source=0x101 }
01-16 17:11:17.196  7653  7653 I Input   : injectKeyEvent: KeyEvent { action=ACTION_UP, keyCode=KEYCODE_T, scanCode=0, metaState=META_SHIFT_ON|META_SHIFT_LEFT_ON, flags=0x0, repeatCount=0, eventTime=356827, downTime=356827, deviceId=-1, source=0x101 }
01-16 17:11:17.197  7653  7653 I Input   : injectKeyEvent: KeyEvent { action=ACTION_UP, keyCode=KEYCODE_SHIFT_LEFT, scanCode=0, metaState=0, flags=0x0, repeatCount=0, eventTime=356827, downTime=356827, deviceId=-1, source=0x101 }
01-16 17:11:17.198  7653  7653 I Input   : injectKeyEvent: KeyEvent { action=ACTION_DOWN, keyCode=KEYCODE_E, scanCode=0, metaState=0, flags=0x0, repeatCount=0, eventTime=356827, downTime=356827, deviceId=-1, source=0x101 }
01-16 17:11:17.199  7653  7653 I Input   : injectKeyEvent: KeyEvent { action=ACTION_UP, keyCode=KEYCODE_E, scanCode=0, metaState=0, flags=0x0, repeatCount=0, eventTime=356827, downTime=356827, deviceId=-1, source=0x101 }
01-16 17:11:17.199  7653  7653 I Input   : injectKeyEvent: KeyEvent { action=ACTION_DOWN, keyCode=KEYCODE_S, scanCode=0, metaState=0, flags=0x0, repeatCount=0, eventTime=356827, downTime=356827, deviceId=-1, source=0x101 }
01-16 17:11:17.200  7653  7653 I Input   : injectKeyEvent: KeyEvent { action=ACTION_UP, keyCode=KEYCODE_S, scanCode=0, metaState=0, flags=0x0, repeatCount=0, eventTime=356827, downTime=356827, deviceId=-1, source=0x101 }
01-16 17:11:17.201  7653  7653 I Input   : injectKeyEvent: KeyEvent { action=ACTION_DOWN, keyCode=KEYCODE_T, scanCode=0, metaState=0, flags=0x0, repeatCount=0, eventTime=356827, downTime=356827, deviceId=-1, source=0x101 }
01-16 17:11:17.202  7653  7653 I Input   : injectKeyEvent: KeyEvent { action=ACTION_UP, keyCode=KEYCODE_T, scanCode=0, metaState=0, flags=0x0, repeatCount=0, eventTime=356827, downTime=356827, deviceId=-1, source=0x101 }
01-16 17:11:17.202  7653  7653 I Input   : injectKeyEvent: KeyEvent { action=ACTION_DOWN, keyCode=KEYCODE_SPACE, scanCode=0, metaState=0, flags=0x0, repeatCount=0, eventTime=356827, downTime=356827, deviceId=-1, source=0x101 }
01-16 17:11:17.203  7653  7653 I Input   : injectKeyEvent: KeyEvent { action=ACTION_UP, keyCode=KEYCODE_SPACE, scanCode=0, metaState=0, flags=0x0, repeatCount=0, eventTime=356827, downTime=356827, deviceId=-1, source=0x101 }
01-16 17:11:17.204  7653  7653 I Input   : injectKeyEvent: KeyEvent { action=ACTION_DOWN, keyCode=KEYCODE_SHIFT_LEFT, scanCode=0, metaState=META_SHIFT_ON|META_SHIFT_LEFT_ON, flags=0x0, repeatCount=0, eventTime=356827, downTime=356827, deviceId=-1, source=0x101 }
01-16 17:11:17.204  7653  7653 I Input   : injectKeyEvent: KeyEvent { action=ACTION_DOWN, keyCode=KEYCODE_T, scanCode=0, metaState=META_SHIFT_ON|META_SHIFT_LEFT_ON, flags=0x0, repeatCount=0, eventTime=356827, downTime=356827, deviceId=-1, source=0x101 }
01-16 17:11:17.205  7653  7653 I Input   : injectKeyEvent: KeyEvent { action=ACTION_UP, keyCode=KEYCODE_T, scanCode=0, metaState=META_SHIFT_ON|META_SHIFT_LEFT_ON, flags=0x0, repeatCount=0, eventTime=356827, downTime=356827, deviceId=-1, source=0x101 }
01-16 17:11:17.206  7653  7653 I Input   : injectKeyEvent: KeyEvent { action=ACTION_UP, keyCode=KEYCODE_SHIFT_LEFT, scanCode=0, metaState=0, flags=0x0, repeatCount=0, eventTime=356827, downTime=356827, deviceId=-1, source=0x101 }
01-16 17:11:17.206  7653  7653 I Input   : injectKeyEvent: KeyEvent { action=ACTION_DOWN, keyCode=KEYCODE_E, scanCode=0, metaState=0, flags=0x0, repeatCount=0, eventTime=356827, downTime=356827, deviceId=-1, source=0x101 }
01-16 17:11:17.207  7653  7653 I Input   : injectKeyEvent: KeyEvent { action=ACTION_UP, keyCode=KEYCODE_E, scanCode=0, metaState=0, flags=0x0, repeatCount=0, eventTime=356827, downTime=356827, deviceId=-1, source=0x101 }
01-16 17:11:17.208  7653  7653 I Input   : injectKeyEvent: KeyEvent { action=ACTION_DOWN, keyCode=KEYCODE_S, scanCode=0, metaState=0, flags=0x0, repeatCount=0, eventTime=356827, downTime=356827, deviceId=-1, source=0x101 }
01-16 17:11:17.210  7653  7653 I Input   : injectKeyEvent: KeyEvent { action=ACTION_UP, keyCode=KEYCODE_S, scanCode=0, metaState=0, flags=0x0, repeatCount=0, eventTime=356827, downTime=356827, deviceId=-1, source=0x101 }
01-16 17:11:17.211  7653  7653 I Input   : injectKeyEvent: KeyEvent { action=ACTION_DOWN, keyCode=KEYCODE_T, scanCode=0, metaState=0, flags=0x0, repeatCount=0, eventTime=356827, downTime=356827, deviceId=-1, source=0x101 }
01-16 17:11:17.212  7653  7653 I Input   : injectKeyEvent: KeyEvent { action=ACTION_UP, keyCode=KEYCODE_T, scanCode=0, metaState=0, flags=0x0, repeatCount=0, eventTime=356827, downTime=356827, deviceId=-1, source=0x101 }
01-16 17:11:17.213  7653  7653 D AndroidRuntime: Shutting down VM
01-16 17:11:17.384  7667  7667 W ls      : type=1400 audit(0.0:52): avc: denied { getattr } for path="/proc/sysrq-trigger" dev="proc" ino=4026533584 scontext=u:r:shell:s0 tcontext=u:object_r:proc_sysrq:s0 tclass=file permissive=0
01-16 17:11:17.384  7667  7667 W ls      : type=1400 audit(0.0:53): avc: denied { getattr } for path="/proc/iomem" dev="proc" ino=4026533557 scontext=u:r:shell:s0 tcontext=u:object_r:proc_iomem:s0 tclass=file permissive=0
01-16 17:11:18.872   927  1373 E SurfaceFlinger: ro.sf.lcd_density must be defined as a build property
01-16 17:11:18.872  7921  7921 E cutils-trace: Error opening trace file: No such file or directory (2)
01-16 17:11:18.872   927  1373 D gralloc_ranchu: gralloc_alloc: Creating ashmem region of size 8294400
01-16 17:11:18.874  7921  7921 D         : HostConnection::get() New Host Connection established 0x754c02d4e0, tid 7921
01-16 17:11:18.877   927   927 E EGL_emulation: tid 927: eglCreateSyncKHR(2050): error 0x3004 (EGL_BAD_ATTRIBUTE)
01-16 17:11:19.132  7927  7927 D AndroidRuntime: >>>>>> START com.android.internal.os.RuntimeInit uid 2000 <<<<<<
01-16 17:11:19.133  7927  7927 D AndroidRuntime: CheckJNI is OFF
01-16 17:11:19.133  7927  7927 E cutils-trace: Error opening trace file: No such file or directory (2)
01-16 17:11:19.153  7927  7927 D ICU     : No timezone override file found: /data/misc/zoneinfo/current/icu/icu_tzdata.dat
01-16 17:11:19.159  7927  7927 E memtrack: Couldn't load memtrack module (No such file or directory)
01-16 17:11:19.159  7927  7927 E android.os.Debug: failed to load memtrack module: -2
01-16 17:11:19.159  7927  7927 I Radio-JNI: register_android_hardware_Radio DONE
01-16 17:11:19.161  7927  7927 D AndroidRuntime: Calling main entry com.android.commands.am.Am
01-16 17:11:19.166  2364  2364 D MediaScannerReceiver: action: android.intent.action.MEDIA_SCANNER_SCAN_FILE path: /storage/emulated/0/screen.png
01-16 17:11:19.167  7927  7927 D AndroidRuntime: Shutting down VM
01-16 17:11:21.681  7944  7944 D AndroidRuntime: >>>>>> START com.android.internal.os.RuntimeInit uid 2000 <<<<<<
01-16 17:11:21.682  7944  7944 D AndroidRuntime: CheckJNI is OFF
01-16 17:11:21.683  7944  7944 E cutils-trace: Error opening trace file: No such file or directory (2)
01-16 17:11:21.705  7944  7944 D ICU     : No timezone override file found: /data/local/tmp/misc/zoneinfo/current/icu/icu_tzdata.dat
01-16 17:11:21.714  7944  7944 E memtrack: Couldn't load memtrack module (No such file or directory)
01-16 17:11:21.714  7944  7944 E android.os.Debug: failed to load memtrack module: -2
01-16 17:11:21.715  7944  7944 I Radio-JNI: register_android_hardware_Radio DONE
01-16 17:11:21.718  7944  7944 D AndroidRuntime: Calling main entry com.android.commands.uiautomator.Launcher
01-16 17:11:22.748  7944  7944 W AccessibilityNodeInfoDumper: Fetch time: 4ms
01-16 17:11:22.749  1252  2637 W WindowManager: Attempted to remove non-existing token: android.os.Binder@f1c2247
01-16 17:11:22.758  7944  7944 D AndroidRuntime: Shutting down VM
01-16 17:11:25.159  7958  7958 D AndroidRuntime: >>>>>> START com.android.internal.os.RuntimeInit uid 2000 <<<<<<
01-16 17:11:25.160  7958  7958 D AndroidRuntime: CheckJNI is OFF
01-16 17:11:25.160  7958  7958 E cutils-trace: Error opening trace file: No such file or directory (2)
01-16 17:11:25.180  7958  7958 D ICU     : No timezone override file found: /data/local/tmp/misc/zoneinfo/current/icu/icu_tzdata.dat
01-16 17:11:25.187  7958  7958 E memtrack: Couldn't load memtrack module (No such file or directory)
01-16 17:11:25.187  7958  7958 E android.os.Debug: failed to load memtrack module: -2
01-16 17:11:25.188  7958  7958 I Radio-JNI: register_android_hardware_Radio DONE
01-16 17:11:25.191  7958  7958 D AndroidRuntime: Calling main entry com.android.commands.uiautomator.Launcher
01-16 17:11:26.212  7958  7958 W AccessibilityNodeInfoDumper: Fetch time: 3ms
01-16 17:11:26.213  1252  4142 W WindowManager: Attempted to remove non-existing token: android.os.Binder@ca9b9e0
01-16 17:11:26.217  7958  7958 D AndroidRuntime: Shutting down VM
01-16 17:11:26.663  7975  7975 D AndroidRuntime: >>>>>> START com.android.internal.os.RuntimeInit uid 2000 <<<<<<
01-16 17:11:26.665  7975  7975 D AndroidRuntime: CheckJNI is OFF
01-16 17:11:26.665  7975  7975 E cutils-trace: Error opening trace file: No such file or directory (2)
01-16 17:11:26.684  7975  7975 D ICU     : No timezone override file found: /data/local/tmp/misc/zoneinfo/current/icu/icu_tzdata.dat
01-16 17:11:26.692  7975  7975 E memtrack: Couldn't load memtrack module (No such file or directory)
01-16 17:11:26.692  7975  7975 E android.os.Debug: failed to load memtrack module: -2
01-16 17:11:26.692  7975  7975 I Radio-JNI: register_android_hardware_Radio DONE
01-16 17:11:26.695  7975  7975 D AndroidRuntime: Calling main entry com.android.commands.uiautomator.Launcher
01-16 17:11:27.722  7975  7975 W AccessibilityNodeInfoDumper: Fetch time: 3ms
01-16 17:11:27.723  1252  1634 W WindowManager: Attempted to remove non-existing token: android.os.Binder@f0a135e
01-16 17:11:27.728  7975  7975 D AndroidRuntime: Shutting down VM
01-16 17:11:28.176  7992  7992 D AndroidRuntime: >>>>>> START com.android.internal.os.RuntimeInit uid 2000 <<<<<<
01-16 17:11:28.177  7992  7992 D AndroidRuntime: CheckJNI is OFF
01-16 17:11:28.177  7992  7992 E cutils-trace: Error opening trace file: No such file or directory (2)
01-16 17:11:28.198  7992  7992 D ICU     : No timezone override file found: /data/misc/zoneinfo/current/icu/icu_tzdata.dat
01-16 17:11:28.204  7992  7992 E memtrack: Couldn't load memtrack module (No such file or directory)
01-16 17:11:28.204  7992  7992 E android.os.Debug: failed to load memtrack module: -2
01-16 17:11:28.204  7992  7992 I Radio-JNI: register_android_hardware_Radio DONE
01-16 17:11:28.207  7992  7992 D AndroidRuntime: Calling main entry com.android.commands.monkey.Monkey
01-16 17:11:28.218  1252  1269 W BroadcastQueue: Skipping deliver [background] BroadcastRecord{de0076a u-1 android.net.conn.CONNECTIVITY_CHANGE} to ReceiverList{a1a45b 7992 (unknown name)/2000/u-1 remote:c20940c}: process crashing
01-16 17:11:28.221  1252  2637 I ActivityManager: START u0 {act=android.intent.action.MAIN cat=[android.intent.category.LAUNCHER] flg=0x10200000 cmp=it.feio.android.omninotes/.MainActivity} from uid 2000 on display 0
01-16 17:11:28.227  7992  7992 I art     : System.exit called, status: 0
01-16 17:11:28.227  7992  7992 I AndroidRuntime: VM exiting with result code 0.
01-16 17:11:28.244  1413  1524 D EGL_emulation: eglMakeCurrent: 0x7959033820: ver 3 0 (tinfo 0x795900c600)
01-16 17:11:31.227  1252  1377 E TaskPersister: File error accessing recents directory (directory doesn't exist?).
01-16 17:11:43.563  8011  8011 D AndroidRuntime: >>>>>> START com.android.internal.os.RuntimeInit uid 2000 <<<<<<
01-16 17:11:43.564  8011  8011 D AndroidRuntime: CheckJNI is OFF
01-16 17:11:43.564  8011  8011 E cutils-trace: Error opening trace file: No such file or directory (2)
01-16 17:11:43.586  8011  8011 D ICU     : No timezone override file found: /data/local/tmp/misc/zoneinfo/current/icu/icu_tzdata.dat
01-16 17:11:43.594  8011  8011 E memtrack: Couldn't load memtrack module (No such file or directory)
01-16 17:11:43.594  8011  8011 E android.os.Debug: failed to load memtrack module: -2
01-16 17:11:43.594  8011  8011 I Radio-JNI: register_android_hardware_Radio DONE
01-16 17:11:43.598  8011  8011 D AndroidRuntime: Calling main entry com.android.commands.uiautomator.Launcher
01-16 17:11:44.629  8011  8011 W AccessibilityNodeInfoDumper: Fetch time: 4ms
01-16 17:11:44.630  1252  1728 W WindowManager: Attempted to remove non-existing token: android.os.Binder@df7183c
01-16 17:11:44.634  8011  8011 D AndroidRuntime: Shutting down VM
01-16 17:11:44.951  8023  8023 D AndroidRuntime: >>>>>> START com.android.internal.os.RuntimeInit uid 2000 <<<<<<
01-16 17:11:44.952  8023  8023 D AndroidRuntime: CheckJNI is OFF
01-16 17:11:44.952  8023  8023 E cutils-trace: Error opening trace file: No such file or directory (2)
01-16 17:11:44.974  8023  8023 D ICU     : No timezone override file found: /data/misc/zoneinfo/current/icu/icu_tzdata.dat
01-16 17:11:44.981  8023  8023 E memtrack: Couldn't load memtrack module (No such file or directory)
01-16 17:11:44.981  8023  8023 E android.os.Debug: failed to load memtrack module: -2
01-16 17:11:44.982  8023  8023 I Radio-JNI: register_android_hardware_Radio DONE
01-16 17:11:44.985  8023  8023 D AndroidRuntime: Calling main entry com.android.commands.input.Input
01-16 17:11:44.986  8023  8023 I Input   : injectMotionEvent: MotionEvent { action=ACTION_DOWN, actionButton=0, id[0]=0, x[0]=850.0, y[0]=192.0, toolType[0]=TOOL_TYPE_UNKNOWN, buttonState=0, metaState=0, flags=0x0, edgeFlags=0x0, pointerCount=1, historySize=0, eventTime=384627, downTime=384627, deviceId=0, source=0x1002 }
01-16 17:11:44.987  8023  8023 I Input   : injectMotionEvent: MotionEvent { action=ACTION_UP, actionButton=0, id[0]=0, x[0]=850.0, y[0]=192.0, toolType[0]=TOOL_TYPE_UNKNOWN, buttonState=0, metaState=0, flags=0x0, edgeFlags=0x0, pointerCount=1, historySize=0, eventTime=384627, downTime=384627, deviceId=0, source=0x1002 }
01-16 17:11:44.988  8023  8023 D AndroidRuntime: Shutting down VM
01-16 17:11:45.024   933   984 D AudioFlinger: mixer(0x7106e7c000) throttle end: throttle time(39)
01-16 17:11:45.049  6990  6990 W cr_BindingManager: Cannot call determinedVisibility() - never saw a connection for the pid: 6990
01-16 17:11:47.764  8042  8042 W ls      : type=1400 audit(0.0:54): avc: denied { getattr } for path="/proc/sysrq-trigger" dev="proc" ino=4026533584 scontext=u:r:shell:s0 tcontext=u:object_r:proc_sysrq:s0 tclass=file permissive=0
01-16 17:11:47.764  8042  8042 W ls      : type=1400 audit(0.0:55): avc: denied { getattr } for path="/proc/iomem" dev="proc" ino=4026533557 scontext=u:r:shell:s0 tcontext=u:object_r:proc_iomem:s0 tclass=file permissive=0
01-16 17:11:49.534  8303  8303 D AndroidRuntime: >>>>>> START com.android.internal.os.RuntimeInit uid 2000 <<<<<<
01-16 17:11:49.535  8303  8303 D AndroidRuntime: CheckJNI is OFF
01-16 17:11:49.535  8303  8303 E cutils-trace: Error opening trace file: No such file or directory (2)
01-16 17:11:49.558  8303  8303 D ICU     : No timezone override file found: /data/misc/zoneinfo/current/icu/icu_tzdata.dat
01-16 17:11:49.563  8303  8303 E memtrack: Couldn't load memtrack module (No such file or directory)
01-16 17:11:49.563  8303  8303 E android.os.Debug: failed to load memtrack module: -2
01-16 17:11:49.564  8303  8303 I Radio-JNI: register_android_hardware_Radio DONE
01-16 17:11:49.566  8303  8303 D AndroidRuntime: Calling main entry com.android.commands.monkey.Monkey
01-16 17:11:49.576  1252  1269 W BroadcastQueue: Skipping deliver [background] BroadcastRecord{23b7c28 u-1 android.net.conn.CONNECTIVITY_CHANGE} to ReceiverList{2183d41 8303 (unknown name)/2000/u-1 remote:c11f1a}: process crashing
01-16 17:11:49.579  1252  1461 I ActivityManager: START u0 {act=android.intent.action.MAIN cat=[android.intent.category.LAUNCHER] flg=0x10200000 cmp=it.feio.android.omninotes/.MainActivity} from uid 2000 on display 0
01-16 17:11:49.589  8303  8303 I art     : System.exit called, status: 0
01-16 17:11:49.589  8303  8303 I AndroidRuntime: VM exiting with result code 0.
01-16 17:11:52.590  1252  1377 E TaskPersister: File error accessing recents directory (directory doesn't exist?).
01-16 17:12:05.871  8324  8324 D AndroidRuntime: >>>>>> START com.android.internal.os.RuntimeInit uid 2000 <<<<<<
01-16 17:12:05.872  8324  8324 D AndroidRuntime: CheckJNI is OFF
01-16 17:12:05.872  8324  8324 E cutils-trace: Error opening trace file: No such file or directory (2)
01-16 17:12:05.895  8324  8324 D ICU     : No timezone override file found: /data/local/tmp/misc/zoneinfo/current/icu/icu_tzdata.dat
01-16 17:12:05.904  8324  8324 E memtrack: Couldn't load memtrack module (No such file or directory)
01-16 17:12:05.904  8324  8324 E android.os.Debug: failed to load memtrack module: -2
01-16 17:12:05.904  8324  8324 I Radio-JNI: register_android_hardware_Radio DONE
01-16 17:12:05.907  8324  8324 D AndroidRuntime: Calling main entry com.android.commands.uiautomator.Launcher
01-16 17:12:06.927  8324  8324 W AccessibilityNodeInfoDumper: Fetch time: 4ms
01-16 17:12:06.928  1252  1728 W WindowManager: Attempted to remove non-existing token: android.os.Binder@84212e6
01-16 17:12:06.935  8324  8324 D AndroidRuntime: Shutting down VM
01-16 17:12:08.169  8353  8353 D AndroidRuntime: >>>>>> START com.android.internal.os.RuntimeInit uid 2000 <<<<<<
01-16 17:12:08.170  8353  8353 D AndroidRuntime: CheckJNI is OFF
01-16 17:12:08.170  8353  8353 E cutils-trace: Error opening trace file: No such file or directory (2)
01-16 17:12:08.190  8353  8353 D ICU     : No timezone override file found: /data/local/tmp/misc/zoneinfo/current/icu/icu_tzdata.dat
01-16 17:12:08.198  8353  8353 E memtrack: Couldn't load memtrack module (No such file or directory)
01-16 17:12:08.198  8353  8353 E android.os.Debug: failed to load memtrack module: -2
01-16 17:12:08.198  8353  8353 I Radio-JNI: register_android_hardware_Radio DONE
01-16 17:12:08.201  8353  8353 D AndroidRuntime: Calling main entry com.android.commands.uiautomator.Launcher
01-16 17:12:09.225  8353  8353 W AccessibilityNodeInfoDumper: Fetch time: 4ms
01-16 17:12:09.225  1252  1728 W WindowManager: Attempted to remove non-existing token: android.os.Binder@7e032d4
01-16 17:12:09.232  8353  8353 D AndroidRuntime: Shutting down VM
01-16 17:12:09.673  8372  8372 D AndroidRuntime: >>>>>> START com.android.internal.os.RuntimeInit uid 2000 <<<<<<
01-16 17:12:09.674  8372  8372 D AndroidRuntime: CheckJNI is OFF
01-16 17:12:09.674  8372  8372 E cutils-trace: Error opening trace file: No such file or directory (2)
01-16 17:12:09.693  8372  8372 D ICU     : No timezone override file found: /data/local/tmp/misc/zoneinfo/current/icu/icu_tzdata.dat
01-16 17:12:09.700  8372  8372 E memtrack: Couldn't load memtrack module (No such file or directory)
01-16 17:12:09.700  8372  8372 E android.os.Debug: failed to load memtrack module: -2
01-16 17:12:09.701  8372  8372 I Radio-JNI: register_android_hardware_Radio DONE
01-16 17:12:09.703  8372  8372 D AndroidRuntime: Calling main entry com.android.commands.uiautomator.Launcher
01-16 17:12:10.720  8372  8372 W AccessibilityNodeInfoDumper: Fetch time: 2ms
01-16 17:12:10.721  1252  1461 W WindowManager: Attempted to remove non-existing token: android.os.Binder@f8c7772
01-16 17:12:10.732  8372  8372 D AndroidRuntime: Shutting down VM
01-16 17:12:11.919  8401  8401 D AndroidRuntime: >>>>>> START com.android.internal.os.RuntimeInit uid 2000 <<<<<<
01-16 17:12:11.920  8401  8401 D AndroidRuntime: CheckJNI is OFF
01-16 17:12:11.920  8401  8401 E cutils-trace: Error opening trace file: No such file or directory (2)
01-16 17:12:11.940  8401  8401 D ICU     : No timezone override file found: /data/local/tmp/misc/zoneinfo/current/icu/icu_tzdata.dat
01-16 17:12:11.947  8401  8401 E memtrack: Couldn't load memtrack module (No such file or directory)
01-16 17:12:11.947  8401  8401 E android.os.Debug: failed to load memtrack module: -2
01-16 17:12:11.947  8401  8401 I Radio-JNI: register_android_hardware_Radio DONE
01-16 17:12:11.950  8401  8401 D AndroidRuntime: Calling main entry com.android.commands.uiautomator.Launcher
01-16 17:12:12.973  8401  8401 W AccessibilityNodeInfoDumper: Fetch time: 3ms
01-16 17:12:12.974  1252  4142 W WindowManager: Attempted to remove non-existing token: android.os.Binder@6a698be
01-16 17:12:12.981  8401  8401 D AndroidRuntime: Shutting down VM
01-16 17:12:14.324  8436  8436 D AndroidRuntime: >>>>>> START com.android.internal.os.RuntimeInit uid 2000 <<<<<<
01-16 17:12:14.325  8436  8436 D AndroidRuntime: CheckJNI is OFF
01-16 17:12:14.325  8436  8436 E cutils-trace: Error opening trace file: No such file or directory (2)
01-16 17:12:14.346  8436  8436 D ICU     : No timezone override file found: /data/local/tmp/misc/zoneinfo/current/icu/icu_tzdata.dat
01-16 17:12:14.355  8436  8436 E memtrack: Couldn't load memtrack module (No such file or directory)
01-16 17:12:14.355  8436  8436 E android.os.Debug: failed to load memtrack module: -2
01-16 17:12:14.355  8436  8436 I Radio-JNI: register_android_hardware_Radio DONE
01-16 17:12:14.358  8436  8436 D AndroidRuntime: Calling main entry com.android.commands.uiautomator.Launcher
01-16 17:12:15.380  8436  8436 W AccessibilityNodeInfoDumper: Fetch time: 4ms
01-16 17:12:15.381  1252  1728 W WindowManager: Attempted to remove non-existing token: android.os.Binder@a4f086c
01-16 17:12:15.387  8436  8436 D AndroidRuntime: Shutting down VM
01-16 17:12:15.751   927   958 E SurfaceFlinger: ro.sf.lcd_density must be defined as a build property
01-16 17:12:15.751  8453  8453 E cutils-trace: Error opening trace file: No such file or directory (2)
01-16 17:12:15.751   927   958 D gralloc_ranchu: gralloc_alloc: Creating ashmem region of size 8294400
01-16 17:12:15.753  8453  8453 D         : HostConnection::get() New Host Connection established 0x70eaa2d4e0, tid 8453
01-16 17:12:15.756   927   927 E EGL_emulation: tid 927: eglCreateSyncKHR(2050): error 0x3004 (EGL_BAD_ATTRIBUTE)
01-16 17:12:15.996  8460  8460 D AndroidRuntime: >>>>>> START com.android.internal.os.RuntimeInit uid 2000 <<<<<<
01-16 17:12:15.998  8460  8460 D AndroidRuntime: CheckJNI is OFF
01-16 17:12:15.998  8460  8460 E cutils-trace: Error opening trace file: No such file or directory (2)
01-16 17:12:16.020  8460  8460 D ICU     : No timezone override file found: /data/misc/zoneinfo/current/icu/icu_tzdata.dat
01-16 17:12:16.026  8460  8460 E memtrack: Couldn't load memtrack module (No such file or directory)
01-16 17:12:16.026  8460  8460 E android.os.Debug: failed to load memtrack module: -2
01-16 17:12:16.026  8460  8460 I Radio-JNI: register_android_hardware_Radio DONE
01-16 17:12:16.029  8460  8460 D AndroidRuntime: Calling main entry com.android.commands.am.Am
01-16 17:12:16.034  2364  2364 D MediaScannerReceiver: action: android.intent.action.MEDIA_SCANNER_SCAN_FILE path: /storage/emulated/0/screen.png
01-16 17:12:16.035  8460  8460 D AndroidRuntime: Shutting down VM
01-16 17:12:18.566  8473  8473 D AndroidRuntime: >>>>>> START com.android.internal.os.RuntimeInit uid 2000 <<<<<<
01-16 17:12:18.568  8473  8473 D AndroidRuntime: CheckJNI is OFF
01-16 17:12:18.568  8473  8473 E cutils-trace: Error opening trace file: No such file or directory (2)
01-16 17:12:18.593  8473  8473 D ICU     : No timezone override file found: /data/local/tmp/misc/zoneinfo/current/icu/icu_tzdata.dat
01-16 17:12:18.603  8473  8473 E memtrack: Couldn't load memtrack module (No such file or directory)
01-16 17:12:18.603  8473  8473 E android.os.Debug: failed to load memtrack module: -2
01-16 17:12:18.603  8473  8473 I Radio-JNI: register_android_hardware_Radio DONE
01-16 17:12:18.607  8473  8473 D AndroidRuntime: Calling main entry com.android.commands.uiautomator.Launcher
01-16 17:12:19.626  8473  8473 W AccessibilityNodeInfoDumper: Fetch time: 2ms
01-16 17:12:19.627  1252  1631 W WindowManager: Attempted to remove non-existing token: android.os.Binder@cc9f8b1
01-16 17:12:19.633  8473  8473 D AndroidRuntime: Shutting down VM
01-16 17:12:22.018  8491  8491 D AndroidRuntime: >>>>>> START com.android.internal.os.RuntimeInit uid 2000 <<<<<<
01-16 17:12:22.019  8491  8491 D AndroidRuntime: CheckJNI is OFF
01-16 17:12:22.019  8491  8491 E cutils-trace: Error opening trace file: No such file or directory (2)
01-16 17:12:22.038  8491  8491 D ICU     : No timezone override file found: /data/local/tmp/misc/zoneinfo/current/icu/icu_tzdata.dat
01-16 17:12:22.046  8491  8491 E memtrack: Couldn't load memtrack module (No such file or directory)
01-16 17:12:22.046  8491  8491 E android.os.Debug: failed to load memtrack module: -2
01-16 17:12:22.046  8491  8491 I Radio-JNI: register_android_hardware_Radio DONE
01-16 17:12:22.048  8491  8491 D AndroidRuntime: Calling main entry com.android.commands.uiautomator.Launcher
01-16 17:12:23.071  8491  8491 W AccessibilityNodeInfoDumper: Fetch time: 3ms
01-16 17:12:23.072  1252  1631 W WindowManager: Attempted to remove non-existing token: android.os.Binder@44f9117
01-16 17:12:23.077  8491  8491 D AndroidRuntime: Shutting down VM
01-16 17:12:23.507  8508  8508 D AndroidRuntime: >>>>>> START com.android.internal.os.RuntimeInit uid 2000 <<<<<<
01-16 17:12:23.508  8508  8508 D AndroidRuntime: CheckJNI is OFF
01-16 17:12:23.508  8508  8508 E cutils-trace: Error opening trace file: No such file or directory (2)
01-16 17:12:23.528  8508  8508 D ICU     : No timezone override file found: /data/local/tmp/misc/zoneinfo/current/icu/icu_tzdata.dat
01-16 17:12:23.534  8508  8508 E memtrack: Couldn't load memtrack module (No such file or directory)
01-16 17:12:23.534  8508  8508 E android.os.Debug: failed to load memtrack module: -2
01-16 17:12:23.535  8508  8508 I Radio-JNI: register_android_hardware_Radio DONE
01-16 17:12:23.538  8508  8508 D AndroidRuntime: Calling main entry com.android.commands.uiautomator.Launcher
01-16 17:12:24.555  8508  8508 W AccessibilityNodeInfoDumper: Fetch time: 3ms
01-16 17:12:24.556  1252  2637 W WindowManager: Attempted to remove non-existing token: android.os.Binder@4546eed
01-16 17:12:24.563  8508  8508 D AndroidRuntime: Shutting down VM
01-16 17:12:24.969  8525  8525 D AndroidRuntime: >>>>>> START com.android.internal.os.RuntimeInit uid 2000 <<<<<<
01-16 17:12:24.970  8525  8525 D AndroidRuntime: CheckJNI is OFF
01-16 17:12:24.970  8525  8525 E cutils-trace: Error opening trace file: No such file or directory (2)
01-16 17:12:24.990  8525  8525 D ICU     : No timezone override file found: /data/local/tmp/misc/zoneinfo/current/icu/icu_tzdata.dat
01-16 17:12:24.997  8525  8525 E memtrack: Couldn't load memtrack module (No such file or directory)
01-16 17:12:24.997  8525  8525 E android.os.Debug: failed to load memtrack module: -2
01-16 17:12:24.998  8525  8525 I Radio-JNI: register_android_hardware_Radio DONE
01-16 17:12:25.000  8525  8525 D AndroidRuntime: Calling main entry com.android.commands.uiautomator.Launcher
01-16 17:12:26.025  8525  8525 W AccessibilityNodeInfoDumper: Fetch time: 4ms
01-16 17:12:26.026  1252  1728 W WindowManager: Attempted to remove non-existing token: android.os.Binder@13227b3
01-16 17:12:26.031  8525  8525 D AndroidRuntime: Shutting down VM
01-16 17:12:26.332  8540  8540 D AndroidRuntime: >>>>>> START com.android.internal.os.RuntimeInit uid 2000 <<<<<<
01-16 17:12:26.333  8540  8540 D AndroidRuntime: CheckJNI is OFF
01-16 17:12:26.333  8540  8540 E cutils-trace: Error opening trace file: No such file or directory (2)
01-16 17:12:26.353  8540  8540 D ICU     : No timezone override file found: /data/misc/zoneinfo/current/icu/icu_tzdata.dat
01-16 17:12:26.358  8540  8540 E memtrack: Couldn't load memtrack module (No such file or directory)
01-16 17:12:26.358  8540  8540 E android.os.Debug: failed to load memtrack module: -2
01-16 17:12:26.358  8540  8540 I Radio-JNI: register_android_hardware_Radio DONE
01-16 17:12:26.361  8540  8540 D AndroidRuntime: Calling main entry com.android.commands.input.Input
01-16 17:12:26.362  8540  8540 I Input   : injectMotionEvent: MotionEvent { action=ACTION_DOWN, actionButton=0, id[0]=0, x[0]=387.0, y[0]=192.0, toolType[0]=TOOL_TYPE_UNKNOWN, buttonState=0, metaState=0, flags=0x0, edgeFlags=0x0, pointerCount=1, historySize=0, eventTime=426003, downTime=426003, deviceId=0, source=0x1002 }
01-16 17:12:26.364  8540  8540 I Input   : injectMotionEvent: MotionEvent { action=ACTION_UP, actionButton=0, id[0]=0, x[0]=387.0, y[0]=192.0, toolType[0]=TOOL_TYPE_UNKNOWN, buttonState=0, metaState=0, flags=0x0, edgeFlags=0x0, pointerCount=1, historySize=0, eventTime=426003, downTime=426003, deviceId=0, source=0x1002 }
01-16 17:12:26.365  1378  1378 W InputMethodService: Window size has been changed. This may cause jankiness of resizing window: -1 -> -2
01-16 17:12:26.366  8540  8540 D AndroidRuntime: Shutting down VM
01-16 17:12:26.367  1378  1378 I LatinIME: Starting input. Cursor position = 0,0
01-16 17:12:26.425  6990  7028 D EGL_emulation: eglMakeCurrent: 0x7954799d00: ver 3 0 (tinfo 0x79547fbb80)
01-16 17:12:26.443  1413  1524 D EGL_emulation: eglMakeCurrent: 0x7959033820: ver 3 0 (tinfo 0x795900c600)
01-16 17:12:26.445  1378  7614 D EGL_emulation: eglMakeCurrent: 0x79482f8ae0: ver 3 0 (tinfo 0x79482f5ea0)
01-16 17:12:26.493  6990  7028 D EGL_emulation: eglMakeCurrent: 0x7954799d00: ver 3 0 (tinfo 0x79547fbb80)
01-16 17:12:26.623  8553  8553 D AndroidRuntime: >>>>>> START com.android.internal.os.RuntimeInit uid 2000 <<<<<<
01-16 17:12:26.624  8553  8553 D AndroidRuntime: CheckJNI is OFF
01-16 17:12:26.624  8553  8553 E cutils-trace: Error opening trace file: No such file or directory (2)
01-16 17:12:26.649  8553  8553 D ICU     : No timezone override file found: /data/misc/zoneinfo/current/icu/icu_tzdata.dat
01-16 17:12:26.654  8553  8553 E memtrack: Couldn't load memtrack module (No such file or directory)
01-16 17:12:26.654  8553  8553 E android.os.Debug: failed to load memtrack module: -2
01-16 17:12:26.655  8553  8553 I Radio-JNI: register_android_hardware_Radio DONE
01-16 17:12:26.658  8553  8553 D AndroidRuntime: Calling main entry com.android.commands.input.Input
01-16 17:12:26.659  8553  8553 I Input   : injectKeyEvent: KeyEvent { action=ACTION_DOWN, keyCode=KEYCODE_ESCAPE, scanCode=0, metaState=0, flags=0x0, repeatCount=0, eventTime=426300, downTime=426300, deviceId=-1, source=0x101 }
01-16 17:12:26.662  8553  8553 I Input   : injectKeyEvent: KeyEvent { action=ACTION_UP, keyCode=KEYCODE_ESCAPE, scanCode=0, metaState=0, flags=0x0, repeatCount=0, eventTime=426300, downTime=426300, deviceId=-1, source=0x101 }
01-16 17:12:26.664  8553  8553 D AndroidRuntime: Shutting down VM
01-16 17:12:26.664  1378  1378 W InputMethodService: Window size has been changed. This may cause jankiness of resizing window: -1 -> -2
01-16 17:12:26.677  1378  7614 D EGL_emulation: eglMakeCurrent: 0x79482f8ae0: ver 3 0 (tinfo 0x79482f5ea0)
01-16 17:12:27.520  8569  8569 D AndroidRuntime: >>>>>> START com.android.internal.os.RuntimeInit uid 2000 <<<<<<
01-16 17:12:27.522  8569  8569 D AndroidRuntime: CheckJNI is OFF
01-16 17:12:27.522  8569  8569 E cutils-trace: Error opening trace file: No such file or directory (2)
01-16 17:12:27.542  8569  8569 D ICU     : No timezone override file found: /data/misc/zoneinfo/current/icu/icu_tzdata.dat
01-16 17:12:27.547  8569  8569 E memtrack: Couldn't load memtrack module (No such file or directory)
01-16 17:12:27.547  8569  8569 E android.os.Debug: failed to load memtrack module: -2
01-16 17:12:27.547  8569  8569 I Radio-JNI: register_android_hardware_Radio DONE
01-16 17:12:27.550  8569  8569 D AndroidRuntime: Calling main entry com.android.commands.input.Input
01-16 17:12:27.550  8569  8569 I Input   : injectKeyEvent: KeyEvent { action=ACTION_DOWN, keyCode=KEYCODE_MOVE_END, scanCode=0, metaState=0, flags=0x0, repeatCount=0, eventTime=427192, downTime=427192, deviceId=-1, source=0x101 }
01-16 17:12:27.554  8569  8569 I Input   : injectKeyEvent: KeyEvent { action=ACTION_UP, keyCode=KEYCODE_MOVE_END, scanCode=0, metaState=0, flags=0x0, repeatCount=0, eventTime=427192, downTime=427192, deviceId=-1, source=0x101 }
01-16 17:12:27.554  8569  8569 D AndroidRuntime: Shutting down VM
01-16 17:12:27.727  8579  8579 D AndroidRuntime: >>>>>> START com.android.internal.os.RuntimeInit uid 2000 <<<<<<
01-16 17:12:27.728  8579  8579 D AndroidRuntime: CheckJNI is OFF
01-16 17:12:27.728  8579  8579 E cutils-trace: Error opening trace file: No such file or directory (2)
01-16 17:12:27.748  8579  8579 D ICU     : No timezone override file found: /data/misc/zoneinfo/current/icu/icu_tzdata.dat
01-16 17:12:27.753  8579  8579 E memtrack: Couldn't load memtrack module (No such file or directory)
01-16 17:12:27.753  8579  8579 E android.os.Debug: failed to load memtrack module: -2
01-16 17:12:27.754  8579  8579 I Radio-JNI: register_android_hardware_Radio DONE
01-16 17:12:27.756  8579  8579 D AndroidRuntime: Calling main entry com.android.commands.input.Input
01-16 17:12:27.757  8579  8579 I Input   : injectKeyEvent: KeyEvent { action=ACTION_DOWN, keyCode=KEYCODE_DEL, scanCode=0, metaState=0, flags=0x0, repeatCount=0, eventTime=427398, downTime=427398, deviceId=-1, source=0x101 }
01-16 17:12:27.760  8579  8579 I Input   : injectKeyEvent: KeyEvent { action=ACTION_UP, keyCode=KEYCODE_DEL, scanCode=0, metaState=0, flags=0x0, repeatCount=0, eventTime=427398, downTime=427398, deviceId=-1, source=0x101 }
01-16 17:12:27.761  8579  8579 I Input   : injectKeyEvent: KeyEvent { action=ACTION_DOWN, keyCode=KEYCODE_DEL, scanCode=0, metaState=0, flags=0x0, repeatCount=0, eventTime=427403, downTime=427403, deviceId=-1, source=0x101 }
01-16 17:12:27.762  8579  8579 I Input   : injectKeyEvent: KeyEvent { action=ACTION_UP, keyCode=KEYCODE_DEL, scanCode=0, metaState=0, flags=0x0, repeatCount=0, eventTime=427403, downTime=427403, deviceId=-1, source=0x101 }
01-16 17:12:27.762  8579  8579 I Input   : injectKeyEvent: KeyEvent { action=ACTION_DOWN, keyCode=KEYCODE_DEL, scanCode=0, metaState=0, flags=0x0, repeatCount=0, eventTime=427404, downTime=427404, deviceId=-1, source=0x101 }
01-16 17:12:27.763  8579  8579 I Input   : injectKeyEvent: KeyEvent { action=ACTION_UP, keyCode=KEYCODE_DEL, scanCode=0, metaState=0, flags=0x0, repeatCount=0, eventTime=427404, downTime=427404, deviceId=-1, source=0x101 }
01-16 17:12:27.764  8579  8579 I Input   : injectKeyEvent: KeyEvent { action=ACTION_DOWN, keyCode=KEYCODE_DEL, scanCode=0, metaState=0, flags=0x0, repeatCount=0, eventTime=427406, downTime=427406, deviceId=-1, source=0x101 }
01-16 17:12:27.765  8579  8579 I Input   : injectKeyEvent: KeyEvent { action=ACTION_UP, keyCode=KEYCODE_DEL, scanCode=0, metaState=0, flags=0x0, repeatCount=0, eventTime=427406, downTime=427406, deviceId=-1, source=0x101 }
01-16 17:12:27.766  8579  8579 I Input   : injectKeyEvent: KeyEvent { action=ACTION_DOWN, keyCode=KEYCODE_DEL, scanCode=0, metaState=0, flags=0x0, repeatCount=0, eventTime=427407, downTime=427407, deviceId=-1, source=0x101 }
01-16 17:12:27.766  8579  8579 I Input   : injectKeyEvent: KeyEvent { action=ACTION_UP, keyCode=KEYCODE_DEL, scanCode=0, metaState=0, flags=0x0, repeatCount=0, eventTime=427407, downTime=427407, deviceId=-1, source=0x101 }
01-16 17:12:27.767  8579  8579 I Input   : injectKeyEvent: KeyEvent { action=ACTION_DOWN, keyCode=KEYCODE_DEL, scanCode=0, metaState=0, flags=0x0, repeatCount=0, eventTime=427409, downTime=427409, deviceId=-1, source=0x101 }
01-16 17:12:27.768  8579  8579 I Input   : injectKeyEvent: KeyEvent { action=ACTION_UP, keyCode=KEYCODE_DEL, scanCode=0, metaState=0, flags=0x0, repeatCount=0, eventTime=427409, downTime=427409, deviceId=-1, source=0x101 }
01-16 17:12:27.769  8579  8579 I Input   : injectKeyEvent: KeyEvent { action=ACTION_DOWN, keyCode=KEYCODE_DEL, scanCode=0, metaState=0, flags=0x0, repeatCount=0, eventTime=427410, downTime=427410, deviceId=-1, source=0x101 }
01-16 17:12:27.769  8579  8579 I Input   : injectKeyEvent: KeyEvent { action=ACTION_UP, keyCode=KEYCODE_DEL, scanCode=0, metaState=0, flags=0x0, repeatCount=0, eventTime=427410, downTime=427410, deviceId=-1, source=0x101 }
01-16 17:12:27.770  8579  8579 I Input   : injectKeyEvent: KeyEvent { action=ACTION_DOWN, keyCode=KEYCODE_DEL, scanCode=0, metaState=0, flags=0x0, repeatCount=0, eventTime=427412, downTime=427412, deviceId=-1, source=0x101 }
01-16 17:12:27.771  8579  8579 I Input   : injectKeyEvent: KeyEvent { action=ACTION_UP, keyCode=KEYCODE_DEL, scanCode=0, metaState=0, flags=0x0, repeatCount=0, eventTime=427412, downTime=427412, deviceId=-1, source=0x101 }
01-16 17:12:27.772  8579  8579 I Input   : injectKeyEvent: KeyEvent { action=ACTION_DOWN, keyCode=KEYCODE_DEL, scanCode=0, metaState=0, flags=0x0, repeatCount=0, eventTime=427413, downTime=427413, deviceId=-1, source=0x101 }
01-16 17:12:27.772  8579  8579 I Input   : injectKeyEvent: KeyEvent { action=ACTION_UP, keyCode=KEYCODE_DEL, scanCode=0, metaState=0, flags=0x0, repeatCount=0, eventTime=427413, downTime=427413, deviceId=-1, source=0x101 }
01-16 17:12:27.773  8579  8579 I Input   : injectKeyEvent: KeyEvent { action=ACTION_DOWN, keyCode=KEYCODE_DEL, scanCode=0, metaState=0, flags=0x0, repeatCount=0, eventTime=427415, downTime=427415, deviceId=-1, source=0x101 }
01-16 17:12:27.774  8579  8579 I Input   : injectKeyEvent: KeyEvent { action=ACTION_UP, keyCode=KEYCODE_DEL, scanCode=0, metaState=0, flags=0x0, repeatCount=0, eventTime=427415, downTime=427415, deviceId=-1, source=0x101 }
01-16 17:12:27.775  8579  8579 I Input   : injectKeyEvent: KeyEvent { action=ACTION_DOWN, keyCode=KEYCODE_DEL, scanCode=0, metaState=0, flags=0x0, repeatCount=0, eventTime=427417, downTime=427417, deviceId=-1, source=0x101 }
01-16 17:12:27.776  8579  8579 I Input   : injectKeyEvent: KeyEvent { action=ACTION_UP, keyCode=KEYCODE_DEL, scanCode=0, metaState=0, flags=0x0, repeatCount=0, eventTime=427417, downTime=427417, deviceId=-1, source=0x101 }
01-16 17:12:27.777  8579  8579 I Input   : injectKeyEvent: KeyEvent { action=ACTION_DOWN, keyCode=KEYCODE_DEL, scanCode=0, metaState=0, flags=0x0, repeatCount=0, eventTime=427419, downTime=427419, deviceId=-1, source=0x101 }
01-16 17:12:27.778  8579  8579 I Input   : injectKeyEvent: KeyEvent { action=ACTION_UP, keyCode=KEYCODE_DEL, scanCode=0, metaState=0, flags=0x0, repeatCount=0, eventTime=427419, downTime=427419, deviceId=-1, source=0x101 }
01-16 17:12:27.779  8579  8579 I Input   : injectKeyEvent: KeyEvent { action=ACTION_DOWN, keyCode=KEYCODE_DEL, scanCode=0, metaState=0, flags=0x0, repeatCount=0, eventTime=427421, downTime=427421, deviceId=-1, source=0x101 }
01-16 17:12:27.780  8579  8579 I Input   : injectKeyEvent: KeyEvent { action=ACTION_UP, keyCode=KEYCODE_DEL, scanCode=0, metaState=0, flags=0x0, repeatCount=0, eventTime=427421, downTime=427421, deviceId=-1, source=0x101 }
01-16 17:12:27.780  8579  8579 I Input   : injectKeyEvent: KeyEvent { action=ACTION_DOWN, keyCode=KEYCODE_DEL, scanCode=0, metaState=0, flags=0x0, repeatCount=0, eventTime=427422, downTime=427422, deviceId=-1, source=0x101 }
01-16 17:12:27.781  8579  8579 I Input   : injectKeyEvent: KeyEvent { action=ACTION_UP, keyCode=KEYCODE_DEL, scanCode=0, metaState=0, flags=0x0, repeatCount=0, eventTime=427422, downTime=427422, deviceId=-1, source=0x101 }
01-16 17:12:27.782  8579  8579 I Input   : injectKeyEvent: KeyEvent { action=ACTION_DOWN, keyCode=KEYCODE_DEL, scanCode=0, metaState=0, flags=0x0, repeatCount=0, eventTime=427424, downTime=427424, deviceId=-1, source=0x101 }
01-16 17:12:27.783  8579  8579 I Input   : injectKeyEvent: KeyEvent { action=ACTION_UP, keyCode=KEYCODE_DEL, scanCode=0, metaState=0, flags=0x0, repeatCount=0, eventTime=427424, downTime=427424, deviceId=-1, source=0x101 }
01-16 17:12:27.783  8579  8579 I Input   : injectKeyEvent: KeyEvent { action=ACTION_DOWN, keyCode=KEYCODE_DEL, scanCode=0, metaState=0, flags=0x0, repeatCount=0, eventTime=427425, downTime=427425, deviceId=-1, source=0x101 }
01-16 17:12:27.784  8579  8579 I Input   : injectKeyEvent: KeyEvent { action=ACTION_UP, keyCode=KEYCODE_DEL, scanCode=0, metaState=0, flags=0x0, repeatCount=0, eventTime=427425, downTime=427425, deviceId=-1, source=0x101 }
01-16 17:12:27.785  8579  8579 I Input   : injectKeyEvent: KeyEvent { action=ACTION_DOWN, keyCode=KEYCODE_DEL, scanCode=0, metaState=0, flags=0x0, repeatCount=0, eventTime=427427, downTime=427427, deviceId=-1, source=0x101 }
01-16 17:12:27.786  8579  8579 I Input   : injectKeyEvent: KeyEvent { action=ACTION_UP, keyCode=KEYCODE_DEL, scanCode=0, metaState=0, flags=0x0, repeatCount=0, eventTime=427427, downTime=427427, deviceId=-1, source=0x101 }
01-16 17:12:27.786  8579  8579 I Input   : injectKeyEvent: KeyEvent { action=ACTION_DOWN, keyCode=KEYCODE_DEL, scanCode=0, metaState=0, flags=0x0, repeatCount=0, eventTime=427428, downTime=427428, deviceId=-1, source=0x101 }
01-16 17:12:27.787  8579  8579 I Input   : injectKeyEvent: KeyEvent { action=ACTION_UP, keyCode=KEYCODE_DEL, scanCode=0, metaState=0, flags=0x0, repeatCount=0, eventTime=427428, downTime=427428, deviceId=-1, source=0x101 }
01-16 17:12:27.788  8579  8579 I Input   : injectKeyEvent: KeyEvent { action=ACTION_DOWN, keyCode=KEYCODE_DEL, scanCode=0, metaState=0, flags=0x0, repeatCount=0, eventTime=427430, downTime=427430, deviceId=-1, source=0x101 }
01-16 17:12:27.789  8579  8579 I Input   : injectKeyEvent: KeyEvent { action=ACTION_UP, keyCode=KEYCODE_DEL, scanCode=0, metaState=0, flags=0x0, repeatCount=0, eventTime=427430, downTime=427430, deviceId=-1, source=0x101 }
01-16 17:12:27.790  8579  8579 I Input   : injectKeyEvent: KeyEvent { action=ACTION_DOWN, keyCode=KEYCODE_DEL, scanCode=0, metaState=0, flags=0x0, repeatCount=0, eventTime=427432, downTime=427432, deviceId=-1, source=0x101 }
01-16 17:12:27.790  8579  8579 I Input   : injectKeyEvent: KeyEvent { action=ACTION_UP, keyCode=KEYCODE_DEL, scanCode=0, metaState=0, flags=0x0, repeatCount=0, eventTime=427432, downTime=427432, deviceId=-1, source=0x101 }
01-16 17:12:27.791  8579  8579 I Input   : injectKeyEvent: KeyEvent { action=ACTION_DOWN, keyCode=KEYCODE_DEL, scanCode=0, metaState=0, flags=0x0, repeatCount=0, eventTime=427433, downTime=427433, deviceId=-1, source=0x101 }
01-16 17:12:27.793  8579  8579 I Input   : injectKeyEvent: KeyEvent { action=ACTION_UP, keyCode=KEYCODE_DEL, scanCode=0, metaState=0, flags=0x0, repeatCount=0, eventTime=427433, downTime=427433, deviceId=-1, source=0x101 }
01-16 17:12:27.794  8579  8579 I Input   : injectKeyEvent: KeyEvent { action=ACTION_DOWN, keyCode=KEYCODE_DEL, scanCode=0, metaState=0, flags=0x0, repeatCount=0, eventTime=427436, downTime=427436, deviceId=-1, source=0x101 }
01-16 17:12:27.795  8579  8579 I Input   : injectKeyEvent: KeyEvent { action=ACTION_UP, keyCode=KEYCODE_DEL, scanCode=0, metaState=0, flags=0x0, repeatCount=0, eventTime=427436, downTime=427436, deviceId=-1, source=0x101 }
01-16 17:12:27.796  8579  8579 I Input   : injectKeyEvent: KeyEvent { action=ACTION_DOWN, keyCode=KEYCODE_DEL, scanCode=0, metaState=0, flags=0x0, repeatCount=0, eventTime=427438, downTime=427438, deviceId=-1, source=0x101 }
01-16 17:12:27.797  8579  8579 I Input   : injectKeyEvent: KeyEvent { action=ACTION_UP, keyCode=KEYCODE_DEL, scanCode=0, metaState=0, flags=0x0, repeatCount=0, eventTime=427438, downTime=427438, deviceId=-1, source=0x101 }
01-16 17:12:27.798  8579  8579 I Input   : injectKeyEvent: KeyEvent { action=ACTION_DOWN, keyCode=KEYCODE_DEL, scanCode=0, metaState=0, flags=0x0, repeatCount=0, eventTime=427439, downTime=427439, deviceId=-1, source=0x101 }
01-16 17:12:27.799  8579  8579 I Input   : injectKeyEvent: KeyEvent { action=ACTION_UP, keyCode=KEYCODE_DEL, scanCode=0, metaState=0, flags=0x0, repeatCount=0, eventTime=427439, downTime=427439, deviceId=-1, source=0x101 }
