03-19 23:32:20.576  6085  6800 I UIAutomatorStub: Skipping invisible child: android.view.accessibility.AccessibilityNodeInfo@fccb; boundsInParent: Rect(0, 0 - 1080, 1794); boundsInScreen: Rect(0, 0 - 0, 1794); packageName: it.feio.android.omninotes; className: android.widget.LinearLayout; text: null; error: null; maxTextLength: -1; contentDescription: null; viewIdResName: it.feio.android.omninotes:id/intro_background; checkable: false; checked: false; focusable: false; focused: false; selected: false; clickable: false; longClickable: false; contextClickable: false; enabled: true; password: false; scrollable: false; importantForAccessibility: false; actions: [AccessibilityAction: ACTION_SELECT - null, AccessibilityAction: ACTION_CLEAR_SELECTION - null, AccessibilityAction: ACTION_ACCESSIBILITY_FOCUS - null, AccessibilityAction: ACTION_SHOW_ON_SCREEN - null]
03-19 23:32:20.576  6085  6800 I UIAutomatorStub: Skipping invisible child: android.view.accessibility.AccessibilityNodeInfo@129d7; boundsInParent: Rect(0, 0 - 1080, 1794); boundsInScreen: Rect(1080, 0 - 1080, 1794); packageName: it.feio.android.omninotes; className: android.widget.LinearLayout; text: null; error: null; maxTextLength: -1; contentDescription: null; viewIdResName: it.feio.android.omninotes:id/intro_background; checkable: false; checked: false; focusable: false; focused: false; selected: false; clickable: false; longClickable: false; contextClickable: false; enabled: true; password: false; scrollable: false; importantForAccessibility: false; actions: [AccessibilityAction: ACTION_SELECT - null, AccessibilityAction: ACTION_CLEAR_SELECTION - null, AccessibilityAction: ACTION_ACCESSIBILITY_FOCUS - null, AccessibilityAction: ACTION_SHOW_ON_SCREEN - null]
03-19 23:32:20.576  6085  6800 I UIAutomatorStub: Skipping invisible child: android.view.accessibility.AccessibilityNodeInfo@7968; boundsInParent: Rect(0, 0 - 1080, 126); boundsInScreen: Rect(0, 1794 - 1080, 1920); packageName: it.feio.android.omninotes; className: android.view.View; text: null; error: null; maxTextLength: -1; contentDescription: null; viewIdResName: android:id/navigationBarBackground; checkable: false; checked: false; focusable: false; focused: false; selected: false; clickable: false; longClickable: false; contextClickable: false; enabled: true; password: false; scrollable: false; importantForAccessibility: false; actions: [AccessibilityAction: ACTION_SELECT - null, AccessibilityAction: ACTION_CLEAR_SELECTION - null, AccessibilityAction: ACTION_ACCESSIBILITY_FOCUS - null, AccessibilityAction: ACTION_SHOW_ON_SCREEN - null]
03-19 23:32:20.576  6085  6800 I UIAutomatorStub: Fetch time: 2ms
03-19 23:32:21.879  6085  6809 D UIAutomatorStub: URI: /jsonrpc/0, Method: POST, Header: {content-length=117, remote-addr=127.0.0.1, http-client-ip=127.0.0.1, host=localhost:9008, content-type=application/json, connection=close, accept-encoding=identity, user-agent=Python-urllib/3.7}, params, {NanoHttpd.QUERY_STRING=null}, files: {postData={"jsonrpc": "2.0", "method": "dumpWindowHierarchy", "id": "1706832c4c3d0fe39f81a0011b2ff128", "params": [true, null]}}
03-19 23:32:21.883  6085  6809 I UIAutomatorStub: Skipping invisible child: android.view.accessibility.AccessibilityNodeInfo@fccb; boundsInParent: Rect(0, 0 - 1080, 1794); boundsInScreen: Rect(0, 0 - 0, 1794); packageName: it.feio.android.omninotes; className: android.widget.LinearLayout; text: null; error: null; maxTextLength: -1; contentDescription: null; viewIdResName: it.feio.android.omninotes:id/intro_background; checkable: false; checked: false; focusable: false; focused: false; selected: false; clickable: false; longClickable: false; contextClickable: false; enabled: true; password: false; scrollable: false; importantForAccessibility: false; actions: [AccessibilityAction: ACTION_SELECT - null, AccessibilityAction: ACTION_CLEAR_SELECTION - null, AccessibilityAction: ACTION_ACCESSIBILITY_FOCUS - null, AccessibilityAction: ACTION_SHOW_ON_SCREEN - null]
03-19 23:32:21.883  6085  6809 I UIAutomatorStub: Skipping invisible child: android.view.accessibility.AccessibilityNodeInfo@129d7; boundsInParent: Rect(0, 0 - 1080, 1794); boundsInScreen: Rect(1080, 0 - 1080, 1794); packageName: it.feio.android.omninotes; className: android.widget.LinearLayout; text: null; error: null; maxTextLength: -1; contentDescription: null; viewIdResName: it.feio.android.omninotes:id/intro_background; checkable: false; checked: false; focusable: false; focused: false; selected: false; clickable: false; longClickable: false; contextClickable: false; enabled: true; password: false; scrollable: false; importantForAccessibility: false; actions: [AccessibilityAction: ACTION_SELECT - null, AccessibilityAction: ACTION_CLEAR_SELECTION - null, AccessibilityAction: ACTION_ACCESSIBILITY_FOCUS - null, AccessibilityAction: ACTION_SHOW_ON_SCREEN - null]
03-19 23:32:21.883  6085  6809 I UIAutomatorStub: Skipping invisible child: android.view.accessibility.AccessibilityNodeInfo@7968; boundsInParent: Rect(0, 0 - 1080, 126); boundsInScreen: Rect(0, 1794 - 1080, 1920); packageName: it.feio.android.omninotes; className: android.view.View; text: null; error: null; maxTextLength: -1; contentDescription: null; viewIdResName: android:id/navigationBarBackground; checkable: false; checked: false; focusable: false; focused: false; selected: false; clickable: false; longClickable: false; contextClickable: false; enabled: true; password: false; scrollable: false; importantForAccessibility: false; actions: [AccessibilityAction: ACTION_SELECT - null, AccessibilityAction: ACTION_CLEAR_SELECTION - null, AccessibilityAction: ACTION_ACCESSIBILITY_FOCUS - null, AccessibilityAction: ACTION_SHOW_ON_SCREEN - null]
03-19 23:32:21.883  6085  6809 I UIAutomatorStub: Fetch time: 1ms
03-19 23:32:23.082  6810  6810 D AndroidRuntime: >>>>>> START com.android.internal.os.RuntimeInit uid 2000 <<<<<<
03-19 23:32:23.140  6810  6810 W app_process: Unexpected CPU variant for X86 using defaults: x86
03-19 23:32:23.142  6810  6810 I app_process: The ClassLoaderContext is a special shared library.
03-19 23:32:23.161  6810  6810 D AndroidRuntime: Calling main entry com.android.commands.input.Input
03-19 23:32:23.164  6810  6810 I Input   : injectMotionEvent: MotionEvent { action=ACTION_DOWN, actionButton=0, id[0]=0, x[0]=930.0, y[0]=1668.0, toolType[0]=TOOL_TYPE_UNKNOWN, buttonState=0, metaState=0, flags=0x0, edgeFlags=0x0, pointerCount=1, historySize=0, eventTime=7698873, downTime=7698873, deviceId=0, source=0x1002 }
03-19 23:32:23.166  6810  6810 I Input   : injectMotionEvent: MotionEvent { action=ACTION_UP, actionButton=0, id[0]=0, x[0]=930.0, y[0]=1668.0, toolType[0]=TOOL_TYPE_UNKNOWN, buttonState=0, metaState=0, flags=0x0, edgeFlags=0x0, pointerCount=1, historySize=0, eventTime=7698873, downTime=7698873, deviceId=0, source=0x1002 }
03-19 23:32:23.168  6810  6810 D AndroidRuntime: Shutting down VM
03-19 23:32:23.184  1431  4977 W audio_hw_generic: Not supplying enough data to HAL, expected position 96612761 , only wrote 96612480
03-19 23:32:23.254  1431  4977 W audio_hw_generic: Not supplying enough data to HAL, expected position 96615834 , only wrote 96615360
03-19 23:32:23.254  1431  4977 W audio_hw_generic: Not supplying enough data to HAL, expected position 96615384 , only wrote 96615360
03-19 23:32:23.296  1529  1572 D AudioFlinger: mixer(0xf1a832c0) throttle end: throttle time(12)
03-19 23:32:24.500 18387 18421 W native  : jpeg_io.cc:108 File's first two bytes does not match the sequence 216
03-19 23:32:25.553  1662  1679 E memtrack: Couldn't load memtrack module
03-19 23:32:25.553  1662  1679 W android.os.Debug: failed to get memory consumption info: -1
03-19 23:32:26.466  1431  1584 W audio_hw_generic: Not supplying enough data to HAL, expected position 96921779 , only wrote 96769440
03-19 23:32:26.966  1768  1768 W LstmExtension: no lmDescriptor could be found for en_US/20170411
03-19 23:32:26.968  1768  1768 W LstmExtension: no lmDescriptor could be found for en_US/20170411
03-19 23:32:27.173  6085  6842 D UIAutomatorStub: URI: /jsonrpc/0, Method: POST, Header: {content-length=117, remote-addr=127.0.0.1, http-client-ip=127.0.0.1, host=localhost:9008, content-type=application/json, connection=close, accept-encoding=identity, user-agent=Python-urllib/3.7}, params, {NanoHttpd.QUERY_STRING=null}, files: {postData={"jsonrpc": "2.0", "method": "dumpWindowHierarchy", "id": "0fd841fed2f59a60f892fb6a053956df", "params": [true, null]}}
03-19 23:32:27.176  6085  6842 I UIAutomatorStub: Skipping invisible child: android.view.accessibility.AccessibilityNodeInfo@11351; boundsInParent: Rect(0, 0 - 1080, 1794); boundsInScreen: Rect(0, 0 - 0, 1794); packageName: it.feio.android.omninotes; className: android.widget.LinearLayout; text: null; error: null; maxTextLength: -1; contentDescription: null; viewIdResName: it.feio.android.omninotes:id/intro_background; checkable: false; checked: false; focusable: false; focused: false; selected: false; clickable: false; longClickable: false; contextClickable: false; enabled: true; password: false; scrollable: false; importantForAccessibility: false; actions: [AccessibilityAction: ACTION_SELECT - null, AccessibilityAction: ACTION_CLEAR_SELECTION - null, AccessibilityAction: ACTION_ACCESSIBILITY_FOCUS - null, AccessibilityAction: ACTION_SHOW_ON_SCREEN - null]
03-19 23:32:27.176  6085  6842 I UIAutomatorStub: Skipping invisible child: android.view.accessibility.AccessibilityNodeInfo@7968; boundsInParent: Rect(0, 0 - 1080, 126); boundsInScreen: Rect(0, 1794 - 1080, 1920); packageName: it.feio.android.omninotes; className: android.view.View; text: null; error: null; maxTextLength: -1; contentDescription: null; viewIdResName: android:id/navigationBarBackground; checkable: false; checked: false; focusable: false; focused: false; selected: false; clickable: false; longClickable: false; contextClickable: false; enabled: true; password: false; scrollable: false; importantForAccessibility: false; actions: [AccessibilityAction: ACTION_SELECT - null, AccessibilityAction: ACTION_CLEAR_SELECTION - null, AccessibilityAction: ACTION_ACCESSIBILITY_FOCUS - null, AccessibilityAction: ACTION_SHOW_ON_SCREEN - null]
03-19 23:32:27.176  6085  6842 I UIAutomatorStub: Fetch time: 1ms
03-19 23:32:29.141  6085  6861 D UIAutomatorStub: URI: /jsonrpc/0, Method: POST, Header: {content-length=117, remote-addr=127.0.0.1, http-client-ip=127.0.0.1, host=localhost:9008, content-type=application/json, connection=close, accept-encoding=identity, user-agent=Python-urllib/3.7}, params, {NanoHttpd.QUERY_STRING=null}, files: {postData={"jsonrpc": "2.0", "method": "dumpWindowHierarchy", "id": "ab966ced233005109c9bb92305de0cdc", "params": [true, null]}}
03-19 23:32:29.145  6085  6861 I UIAutomatorStub: Skipping invisible child: android.view.accessibility.AccessibilityNodeInfo@11351; boundsInParent: Rect(0, 0 - 1080, 1794); boundsInScreen: Rect(0, 0 - 0, 1794); packageName: it.feio.android.omninotes; className: android.widget.LinearLayout; text: null; error: null; maxTextLength: -1; contentDescription: null; viewIdResName: it.feio.android.omninotes:id/intro_background; checkable: false; checked: false; focusable: false; focused: false; selected: false; clickable: false; longClickable: false; contextClickable: false; enabled: true; password: false; scrollable: false; importantForAccessibility: false; actions: [AccessibilityAction: ACTION_SELECT - null, AccessibilityAction: ACTION_CLEAR_SELECTION - null, AccessibilityAction: ACTION_ACCESSIBILITY_FOCUS - null, AccessibilityAction: ACTION_SHOW_ON_SCREEN - null]
03-19 23:32:29.145  6085  6861 I UIAutomatorStub: Skipping invisible child: android.view.accessibility.AccessibilityNodeInfo@7968; boundsInParent: Rect(0, 0 - 1080, 126); boundsInScreen: Rect(0, 1794 - 1080, 1920); packageName: it.feio.android.omninotes; className: android.view.View; text: null; error: null; maxTextLength: -1; contentDescription: null; viewIdResName: android:id/navigationBarBackground; checkable: false; checked: false; focusable: false; focused: false; selected: false; clickable: false; longClickable: false; contextClickable: false; enabled: true; password: false; scrollable: false; importantForAccessibility: false; actions: [AccessibilityAction: ACTION_SELECT - null, AccessibilityAction: ACTION_CLEAR_SELECTION - null, AccessibilityAction: ACTION_ACCESSIBILITY_FOCUS - null, AccessibilityAction: ACTION_SHOW_ON_SCREEN - null]
03-19 23:32:29.145  6085  6861 I UIAutomatorStub: Fetch time: 1ms
03-19 23:32:30.399  6085  6868 D UIAutomatorStub: URI: /jsonrpc/0, Method: POST, Header: {content-length=117, remote-addr=127.0.0.1, http-client-ip=127.0.0.1, host=localhost:9008, content-type=application/json, connection=close, accept-encoding=identity, user-agent=Python-urllib/3.7}, params, {NanoHttpd.QUERY_STRING=null}, files: {postData={"jsonrpc": "2.0", "method": "dumpWindowHierarchy", "id": "98c4220acd7f1dfa765376af1e2f1b48", "params": [true, null]}}
03-19 23:32:30.403  6085  6868 I UIAutomatorStub: Skipping invisible child: android.view.accessibility.AccessibilityNodeInfo@11351; boundsInParent: Rect(0, 0 - 1080, 1794); boundsInScreen: Rect(0, 0 - 0, 1794); packageName: it.feio.android.omninotes; className: android.widget.LinearLayout; text: null; error: null; maxTextLength: -1; contentDescription: null; viewIdResName: it.feio.android.omninotes:id/intro_background; checkable: false; checked: false; focusable: false; focused: false; selected: false; clickable: false; longClickable: false; contextClickable: false; enabled: true; password: false; scrollable: false; importantForAccessibility: false; actions: [AccessibilityAction: ACTION_SELECT - null, AccessibilityAction: ACTION_CLEAR_SELECTION - null, AccessibilityAction: ACTION_ACCESSIBILITY_FOCUS - null, AccessibilityAction: ACTION_SHOW_ON_SCREEN - null]
03-19 23:32:30.403  6085  6868 I UIAutomatorStub: Skipping invisible child: android.view.accessibility.AccessibilityNodeInfo@7968; boundsInParent: Rect(0, 0 - 1080, 126); boundsInScreen: Rect(0, 1794 - 1080, 1920); packageName: it.feio.android.omninotes; className: android.view.View; text: null; error: null; maxTextLength: -1; contentDescription: null; viewIdResName: android:id/navigationBarBackground; checkable: false; checked: false; focusable: false; focused: false; selected: false; clickable: false; longClickable: false; contextClickable: false; enabled: true; password: false; scrollable: false; importantForAccessibility: false; actions: [AccessibilityAction: ACTION_SELECT - null, AccessibilityAction: ACTION_CLEAR_SELECTION - null, AccessibilityAction: ACTION_ACCESSIBILITY_FOCUS - null, AccessibilityAction: ACTION_SHOW_ON_SCREEN - null]
03-19 23:32:30.403  6085  6868 I UIAutomatorStub: Fetch time: 1ms
03-19 23:32:32.362  6085  6887 D UIAutomatorStub: URI: /jsonrpc/0, Method: POST, Header: {content-length=117, remote-addr=127.0.0.1, http-client-ip=127.0.0.1, host=localhost:9008, content-type=application/json, connection=close, accept-encoding=identity, user-agent=Python-urllib/3.7}, params, {NanoHttpd.QUERY_STRING=null}, files: {postData={"jsonrpc": "2.0", "method": "dumpWindowHierarchy", "id": "e28e18b0332abb5c909227faf5e981a4", "params": [true, null]}}
03-19 23:32:32.366  6085  6887 I UIAutomatorStub: Skipping invisible child: android.view.accessibility.AccessibilityNodeInfo@11351; boundsInParent: Rect(0, 0 - 1080, 1794); boundsInScreen: Rect(0, 0 - 0, 1794); packageName: it.feio.android.omninotes; className: android.widget.LinearLayout; text: null; error: null; maxTextLength: -1; contentDescription: null; viewIdResName: it.feio.android.omninotes:id/intro_background; checkable: false; checked: false; focusable: false; focused: false; selected: false; clickable: false; longClickable: false; contextClickable: false; enabled: true; password: false; scrollable: false; importantForAccessibility: false; actions: [AccessibilityAction: ACTION_SELECT - null, AccessibilityAction: ACTION_CLEAR_SELECTION - null, AccessibilityAction: ACTION_ACCESSIBILITY_FOCUS - null, AccessibilityAction: ACTION_SHOW_ON_SCREEN - null]
03-19 23:32:32.367  6085  6887 I UIAutomatorStub: Skipping invisible child: android.view.accessibility.AccessibilityNodeInfo@7968; boundsInParent: Rect(0, 0 - 1080, 126); boundsInScreen: Rect(0, 1794 - 1080, 1920); packageName: it.feio.android.omninotes; className: android.view.View; text: null; error: null; maxTextLength: -1; contentDescription: null; viewIdResName: android:id/navigationBarBackground; checkable: false; checked: false; focusable: false; focused: false; selected: false; clickable: false; longClickable: false; contextClickable: false; enabled: true; password: false; scrollable: false; importantForAccessibility: false; actions: [AccessibilityAction: ACTION_SELECT - null, AccessibilityAction: ACTION_CLEAR_SELECTION - null, AccessibilityAction: ACTION_ACCESSIBILITY_FOCUS - null, AccessibilityAction: ACTION_SHOW_ON_SCREEN - null]
03-19 23:32:32.367  6085  6887 I UIAutomatorStub: Fetch time: 2ms
03-19 23:32:34.410  6085  6913 D UIAutomatorStub: URI: /jsonrpc/0, Method: POST, Header: {content-length=117, remote-addr=127.0.0.1, http-client-ip=127.0.0.1, host=localhost:9008, content-type=application/json, connection=close, accept-encoding=identity, user-agent=Python-urllib/3.7}, params, {NanoHttpd.QUERY_STRING=null}, files: {postData={"jsonrpc": "2.0", "method": "dumpWindowHierarchy", "id": "a3e351040077e05420702259bc886eca", "params": [true, null]}}
03-19 23:32:34.417  6085  6913 I UIAutomatorStub: Skipping invisible child: android.view.accessibility.AccessibilityNodeInfo@11351; boundsInParent: Rect(0, 0 - 1080, 1794); boundsInScreen: Rect(0, 0 - 0, 1794); packageName: it.feio.android.omninotes; className: android.widget.LinearLayout; text: null; error: null; maxTextLength: -1; contentDescription: null; viewIdResName: it.feio.android.omninotes:id/intro_background; checkable: false; checked: false; focusable: false; focused: false; selected: false; clickable: false; longClickable: false; contextClickable: false; enabled: true; password: false; scrollable: false; importantForAccessibility: false; actions: [AccessibilityAction: ACTION_SELECT - null, AccessibilityAction: ACTION_CLEAR_SELECTION - null, AccessibilityAction: ACTION_ACCESSIBILITY_FOCUS - null, AccessibilityAction: ACTION_SHOW_ON_SCREEN - null]
03-19 23:32:34.417  6085  6913 I UIAutomatorStub: Skipping invisible child: android.view.accessibility.AccessibilityNodeInfo@7968; boundsInParent: Rect(0, 0 - 1080, 126); boundsInScreen: Rect(0, 1794 - 1080, 1920); packageName: it.feio.android.omninotes; className: android.view.View; text: null; error: null; maxTextLength: -1; contentDescription: null; viewIdResName: android:id/navigationBarBackground; checkable: false; checked: false; focusable: false; focused: false; selected: false; clickable: false; longClickable: false; contextClickable: false; enabled: true; password: false; scrollable: false; importantForAccessibility: false; actions: [AccessibilityAction: ACTION_SELECT - null, AccessibilityAction: ACTION_CLEAR_SELECTION - null, AccessibilityAction: ACTION_ACCESSIBILITY_FOCUS - null, AccessibilityAction: ACTION_SHOW_ON_SCREEN - null]
03-19 23:32:34.417  6085  6913 I UIAutomatorStub: Fetch time: 2ms
03-19 23:32:34.422  6085  6100 I zygote  : Waiting for a blocking GC ProfileSaver
03-19 23:32:35.640  1449  1733 E SurfaceFlinger: ro.sf.lcd_density must be defined as a build property
03-19 23:32:35.647  1439  1488 D gralloc_ranchu: gralloc_alloc: Creating ashmem region of size 8298496
03-19 23:32:35.649  6918  6918 D         : HostConnection::get() New Host Connection established 0xec948240, tid 6918
03-19 23:32:35.665  1449  1733 D gralloc_ranchu: gralloc_unregister_buffer: exiting HostConnection (is buffer-handling thread)
03-19 23:32:35.666  1449  1733 D         : HostConnection::get() New Host Connection established 0xf3321700, tid 1733
03-19 23:32:35.666  1449  1733 D gralloc_ranchu: gralloc_unregister_buffer: exiting HostConnection (is buffer-handling thread)
03-19 23:32:35.791  2307  2307 D MediaScannerReceiver: action: android.intent.action.MEDIA_SCANNER_SCAN_FILE path: /storage/emulated/0/screen.png
03-19 23:32:38.211  6085  6930 D UIAutomatorStub: URI: /jsonrpc/0, Method: POST, Header: {content-length=117, remote-addr=127.0.0.1, http-client-ip=127.0.0.1, host=localhost:9008, content-type=application/json, connection=close, accept-encoding=identity, user-agent=Python-urllib/3.7}, params, {NanoHttpd.QUERY_STRING=null}, files: {postData={"jsonrpc": "2.0", "method": "dumpWindowHierarchy", "id": "2c57bd3aaf022fb466a2521b939ece62", "params": [true, null]}}
03-19 23:32:38.215  6085  6930 I UIAutomatorStub: Skipping invisible child: android.view.accessibility.AccessibilityNodeInfo@11351; boundsInParent: Rect(0, 0 - 1080, 1794); boundsInScreen: Rect(0, 0 - 0, 1794); packageName: it.feio.android.omninotes; className: android.widget.LinearLayout; text: null; error: null; maxTextLength: -1; contentDescription: null; viewIdResName: it.feio.android.omninotes:id/intro_background; checkable: false; checked: false; focusable: false; focused: false; selected: false; clickable: false; longClickable: false; contextClickable: false; enabled: true; password: false; scrollable: false; importantForAccessibility: false; actions: [AccessibilityAction: ACTION_SELECT - null, AccessibilityAction: ACTION_CLEAR_SELECTION - null, AccessibilityAction: ACTION_ACCESSIBILITY_FOCUS - null, AccessibilityAction: ACTION_SHOW_ON_SCREEN - null]
03-19 23:32:38.215  6085  6930 I UIAutomatorStub: Skipping invisible child: android.view.accessibility.AccessibilityNodeInfo@7968; boundsInParent: Rect(0, 0 - 1080, 126); boundsInScreen: Rect(0, 1794 - 1080, 1920); packageName: it.feio.android.omninotes; className: android.view.View; text: null; error: null; maxTextLength: -1; contentDescription: null; viewIdResName: android:id/navigationBarBackground; checkable: false; checked: false; focusable: false; focused: false; selected: false; clickable: false; longClickable: false; contextClickable: false; enabled: true; password: false; scrollable: false; importantForAccessibility: false; actions: [AccessibilityAction: ACTION_SELECT - null, AccessibilityAction: ACTION_CLEAR_SELECTION - null, AccessibilityAction: ACTION_ACCESSIBILITY_FOCUS - null, AccessibilityAction: ACTION_SHOW_ON_SCREEN - null]
03-19 23:32:38.215  6085  6930 I UIAutomatorStub: Fetch time: 1ms
03-19 23:32:39.441  6085  6936 D UIAutomatorStub: URI: /jsonrpc/0, Method: POST, Header: {content-length=117, remote-addr=127.0.0.1, http-client-ip=127.0.0.1, host=localhost:9008, content-type=application/json, connection=close, accept-encoding=identity, user-agent=Python-urllib/3.7}, params, {NanoHttpd.QUERY_STRING=null}, files: {postData={"jsonrpc": "2.0", "method": "dumpWindowHierarchy", "id": "a01bd27ec842b301d706a48e2a3120d0", "params": [true, null]}}
03-19 23:32:39.445  6085  6936 I UIAutomatorStub: Skipping invisible child: android.view.accessibility.AccessibilityNodeInfo@11351; boundsInParent: Rect(0, 0 - 1080, 1794); boundsInScreen: Rect(0, 0 - 0, 1794); packageName: it.feio.android.omninotes; className: android.widget.LinearLayout; text: null; error: null; maxTextLength: -1; contentDescription: null; viewIdResName: it.feio.android.omninotes:id/intro_background; checkable: false; checked: false; focusable: false; focused: false; selected: false; clickable: false; longClickable: false; contextClickable: false; enabled: true; password: false; scrollable: false; importantForAccessibility: false; actions: [AccessibilityAction: ACTION_SELECT - null, AccessibilityAction: ACTION_CLEAR_SELECTION - null, AccessibilityAction: ACTION_ACCESSIBILITY_FOCUS - null, AccessibilityAction: ACTION_SHOW_ON_SCREEN - null]
03-19 23:32:39.445  6085  6936 I UIAutomatorStub: Skipping invisible child: android.view.accessibility.AccessibilityNodeInfo@7968; boundsInParent: Rect(0, 0 - 1080, 126); boundsInScreen: Rect(0, 1794 - 1080, 1920); packageName: it.feio.android.omninotes; className: android.view.View; text: null; error: null; maxTextLength: -1; contentDescription: null; viewIdResName: android:id/navigationBarBackground; checkable: false; checked: false; focusable: false; focused: false; selected: false; clickable: false; longClickable: false; contextClickable: false; enabled: true; password: false; scrollable: false; importantForAccessibility: false; actions: [AccessibilityAction: ACTION_SELECT - null, AccessibilityAction: ACTION_CLEAR_SELECTION - null, AccessibilityAction: ACTION_ACCESSIBILITY_FOCUS - null, AccessibilityAction: ACTION_SHOW_ON_SCREEN - null]
03-19 23:32:39.445  6085  6936 I UIAutomatorStub: Fetch time: 1ms
03-19 23:32:40.695  6085  6942 D UIAutomatorStub: URI: /jsonrpc/0, Method: POST, Header: {content-length=117, remote-addr=127.0.0.1, http-client-ip=127.0.0.1, host=localhost:9008, content-type=application/json, connection=close, accept-encoding=identity, user-agent=Python-urllib/3.7}, params, {NanoHttpd.QUERY_STRING=null}, files: {postData={"jsonrpc": "2.0", "method": "dumpWindowHierarchy", "id": "1de32ee746de3da7fb59724cfde0fb7d", "params": [true, null]}}
03-19 23:32:40.698  6085  6942 I UIAutomatorStub: Skipping invisible child: android.view.accessibility.AccessibilityNodeInfo@11351; boundsInParent: Rect(0, 0 - 1080, 1794); boundsInScreen: Rect(0, 0 - 0, 1794); packageName: it.feio.android.omninotes; className: android.widget.LinearLayout; text: null; error: null; maxTextLength: -1; contentDescription: null; viewIdResName: it.feio.android.omninotes:id/intro_background; checkable: false; checked: false; focusable: false; focused: false; selected: false; clickable: false; longClickable: false; contextClickable: false; enabled: true; password: false; scrollable: false; importantForAccessibility: false; actions: [AccessibilityAction: ACTION_SELECT - null, AccessibilityAction: ACTION_CLEAR_SELECTION - null, AccessibilityAction: ACTION_ACCESSIBILITY_FOCUS - null, AccessibilityAction: ACTION_SHOW_ON_SCREEN - null]
03-19 23:32:40.698  6085  6942 I UIAutomatorStub: Skipping invisible child: android.view.accessibility.AccessibilityNodeInfo@7968; boundsInParent: Rect(0, 0 - 1080, 126); boundsInScreen: Rect(0, 1794 - 1080, 1920); packageName: it.feio.android.omninotes; className: android.view.View; text: null; error: null; maxTextLength: -1; contentDescription: null; viewIdResName: android:id/navigationBarBackground; checkable: false; checked: false; focusable: false; focused: false; selected: false; clickable: false; longClickable: false; contextClickable: false; enabled: true; password: false; scrollable: false; importantForAccessibility: false; actions: [AccessibilityAction: ACTION_SELECT - null, AccessibilityAction: ACTION_CLEAR_SELECTION - null, AccessibilityAction: ACTION_ACCESSIBILITY_FOCUS - null, AccessibilityAction: ACTION_SHOW_ON_SCREEN - null]
03-19 23:32:40.699  6085  6942 I UIAutomatorStub: Fetch time: 1ms
03-19 23:32:41.945  6085  6946 D UIAutomatorStub: URI: /jsonrpc/0, Method: POST, Header: {content-length=117, remote-addr=127.0.0.1, http-client-ip=127.0.0.1, host=localhost:9008, content-type=application/json, connection=close, accept-encoding=identity, user-agent=Python-urllib/3.7}, params, {NanoHttpd.QUERY_STRING=null}, files: {postData={"jsonrpc": "2.0", "method": "dumpWindowHierarchy", "id": "39afa1648ae407b1a01d7558d7af378d", "params": [true, null]}}
03-19 23:32:41.948  6085  6946 I UIAutomatorStub: Skipping invisible child: android.view.accessibility.AccessibilityNodeInfo@11351; boundsInParent: Rect(0, 0 - 1080, 1794); boundsInScreen: Rect(0, 0 - 0, 1794); packageName: it.feio.android.omninotes; className: android.widget.LinearLayout; text: null; error: null; maxTextLength: -1; contentDescription: null; viewIdResName: it.feio.android.omninotes:id/intro_background; checkable: false; checked: false; focusable: false; focused: false; selected: false; clickable: false; longClickable: false; contextClickable: false; enabled: true; password: false; scrollable: false; importantForAccessibility: false; actions: [AccessibilityAction: ACTION_SELECT - null, AccessibilityAction: ACTION_CLEAR_SELECTION - null, AccessibilityAction: ACTION_ACCESSIBILITY_FOCUS - null, AccessibilityAction: ACTION_SHOW_ON_SCREEN - null]
03-19 23:32:41.949  6085  6946 I UIAutomatorStub: Skipping invisible child: android.view.accessibility.AccessibilityNodeInfo@7968; boundsInParent: Rect(0, 0 - 1080, 126); boundsInScreen: Rect(0, 1794 - 1080, 1920); packageName: it.feio.android.omninotes; className: android.view.View; text: null; error: null; maxTextLength: -1; contentDescription: null; viewIdResName: android:id/navigationBarBackground; checkable: false; checked: false; focusable: false; focused: false; selected: false; clickable: false; longClickable: false; contextClickable: false; enabled: true; password: false; scrollable: false; importantForAccessibility: false; actions: [AccessibilityAction: ACTION_SELECT - null, AccessibilityAction: ACTION_CLEAR_SELECTION - null, AccessibilityAction: ACTION_ACCESSIBILITY_FOCUS - null, AccessibilityAction: ACTION_SHOW_ON_SCREEN - null]
03-19 23:32:41.949  6085  6946 I UIAutomatorStub: Fetch time: 1ms
03-19 23:32:43.248  6085  6955 D UIAutomatorStub: URI: /jsonrpc/0, Method: POST, Header: {content-length=117, remote-addr=127.0.0.1, http-client-ip=127.0.0.1, host=localhost:9008, content-type=application/json, connection=close, accept-encoding=identity, user-agent=Python-urllib/3.7}, params, {NanoHttpd.QUERY_STRING=null}, files: {postData={"jsonrpc": "2.0", "method": "dumpWindowHierarchy", "id": "956e6f540cab883877cf03f554233c93", "params": [true, null]}}
03-19 23:32:43.252  6085  6955 I UIAutomatorStub: Skipping invisible child: android.view.accessibility.AccessibilityNodeInfo@11351; boundsInParent: Rect(0, 0 - 1080, 1794); boundsInScreen: Rect(0, 0 - 0, 1794); packageName: it.feio.android.omninotes; className: android.widget.LinearLayout; text: null; error: null; maxTextLength: -1; contentDescription: null; viewIdResName: it.feio.android.omninotes:id/intro_background; checkable: false; checked: false; focusable: false; focused: false; selected: false; clickable: false; longClickable: false; contextClickable: false; enabled: true; password: false; scrollable: false; importantForAccessibility: false; actions: [AccessibilityAction: ACTION_SELECT - null, AccessibilityAction: ACTION_CLEAR_SELECTION - null, AccessibilityAction: ACTION_ACCESSIBILITY_FOCUS - null, AccessibilityAction: ACTION_SHOW_ON_SCREEN - null]
03-19 23:32:43.253  6085  6955 I UIAutomatorStub: Skipping invisible child: android.view.accessibility.AccessibilityNodeInfo@7968; boundsInParent: Rect(0, 0 - 1080, 126); boundsInScreen: Rect(0, 1794 - 1080, 1920); packageName: it.feio.android.omninotes; className: android.view.View; text: null; error: null; maxTextLength: -1; contentDescription: null; viewIdResName: android:id/navigationBarBackground; checkable: false; checked: false; focusable: false; focused: false; selected: false; clickable: false; longClickable: false; contextClickable: false; enabled: true; password: false; scrollable: false; importantForAccessibility: false; actions: [AccessibilityAction: ACTION_SELECT - null, AccessibilityAction: ACTION_CLEAR_SELECTION - null, AccessibilityAction: ACTION_ACCESSIBILITY_FOCUS - null, AccessibilityAction: ACTION_SHOW_ON_SCREEN - null]
03-19 23:32:43.253  6085  6955 I UIAutomatorStub: Fetch time: 2ms
03-19 23:32:44.452  6956  6956 D AndroidRuntime: >>>>>> START com.android.internal.os.RuntimeInit uid 2000 <<<<<<
03-19 23:32:44.492  6956  6956 W app_process: Unexpected CPU variant for X86 using defaults: x86
03-19 23:32:44.493  6956  6956 I app_process: The ClassLoaderContext is a special shared library.
03-19 23:32:44.509  6956  6956 D AndroidRuntime: Calling main entry com.android.commands.input.Input
03-19 23:32:44.512  6956  6956 I Input   : injectMotionEvent: MotionEvent { action=ACTION_DOWN, actionButton=0, id[0]=0, x[0]=540.0, y[0]=810.0, toolType[0]=TOOL_TYPE_UNKNOWN, buttonState=0, metaState=0, flags=0x0, edgeFlags=0x0, pointerCount=1, historySize=0, eventTime=7720221, downTime=7720221, deviceId=0, source=0x1002 }
03-19 23:32:44.513  6956  6956 I Input   : injectMotionEvent: MotionEvent { action=ACTION_UP, actionButton=0, id[0]=0, x[0]=540.0, y[0]=810.0, toolType[0]=TOOL_TYPE_UNKNOWN, buttonState=0, metaState=0, flags=0x0, edgeFlags=0x0, pointerCount=1, historySize=0, eventTime=7720221, downTime=7720221, deviceId=0, source=0x1002 }
03-19 23:32:44.516  1662  2275 I ActivityManager: START u0 {act=android.intent.action.VIEW dat=https://www.facebook.com/... cmp=android/com.android.internal.app.ResolverActivity} from uid 10107
03-19 23:32:44.516  6956  6956 D AndroidRuntime: Shutting down VM
03-19 23:32:44.521  1431  4977 W audio_hw_generic: Not supplying enough data to HAL, expected position 96769682 , only wrote 96769440
03-19 23:32:44.595  1662  3616 W ActivityManager: Slow operation: 72ms so far, now at startProcess: building args
03-19 23:32:44.596  1662  3616 W ActivityManager: Slow operation: 73ms so far, now at startProcess: asking zygote to start proc
03-19 23:32:44.596  1431  4977 W audio_hw_generic: Not supplying enough data to HAL, expected position 96773034 , only wrote 96772320
03-19 23:32:44.597  1431  4977 W audio_hw_generic: Not supplying enough data to HAL, expected position 96772353 , only wrote 96772320
03-19 23:32:44.597  1440  1454 D hwcomposer: hw_composer sent 24 syncs in 65s
03-19 23:32:44.599  1431  4977 W audio_hw_generic: Hardware backing HAL too slow, could only write 0 of 720 frames
03-19 23:32:44.617  1662  3616 W ActivityManager: Slow operation: 94ms so far, now at startProcess: returned from zygote!
03-19 23:32:44.617  1662  3616 W ActivityManager: Slow operation: 94ms so far, now at startProcess: done updating battery stats
03-19 23:32:44.617  1662  3616 W ActivityManager: Slow operation: 94ms so far, now at startProcess: building log message
03-19 23:32:44.617  1662  3616 I ActivityManager: Start proc 6968:system:ui/1000 for activity android/com.android.internal.app.ResolverActivity
03-19 23:32:44.617  1662  3616 W ActivityManager: Slow operation: 94ms so far, now at startProcess: starting to update pids map
03-19 23:32:44.617  1662  3616 W ActivityManager: Slow operation: 94ms so far, now at startProcess: done updating pids map
03-19 23:32:44.617  1662  3616 W ActivityManager: Slow operation: 94ms so far, now at startProcess: done starting proc!
03-19 23:32:44.616  1431  4977 W audio_hw_generic: Hardware backing HAL too slow, could only write 0 of 720 frames
03-19 23:32:44.620  6968  6968 W zygote  : Unexpected CPU variant for X86 using defaults: x86
03-19 23:32:44.639  1529  1572 D AudioFlinger: mixer(0xf1a832c0) throttle end: throttle time(12)
03-19 23:32:44.730  1439  1488 D gralloc_ranchu: gralloc_alloc: Creating ashmem region of size 10424320
03-19 23:32:44.732  1449  1477 D         : HostConnection::get() New Host Connection established 0xf3651640, tid 1477
03-19 23:32:44.736  6968  6968 D         : HostConnection::get() New Host Connection established 0xe81872c0, tid 6968
03-19 23:32:44.812  1439  1488 D gralloc_ranchu: gralloc_alloc: Creating ashmem region of size 10424320
03-19 23:32:44.814  1449  1733 D         : HostConnection::get() New Host Connection established 0xf3321700, tid 1733
03-19 23:32:44.818  1662  1687 I ActivityManager: Displayed android/com.android.internal.app.ResolverActivity: +289ms
03-19 23:32:45.159  1439  1488 D gralloc_ranchu: gralloc_alloc: Creating ashmem region of size 10424320
03-19 23:32:45.355  6968  6968 D OpenGLRenderer: HWUI GL Pipeline
03-19 23:32:46.005 18387 18420 W native  : jpeg_io.cc:108 File's first two bytes does not match the sequence 216
03-19 23:32:47.200  1431  4977 W audio_hw_generic: Not supplying enough data to HAL, expected position 96896916 , only wrote 96896880
03-19 23:32:47.216  1431  4977 W audio_hw_generic: Not supplying enough data to HAL, expected position 96897649 , only wrote 96897600
03-19 23:32:47.805  1431  1584 W audio_hw_generic: Not supplying enough data to HAL, expected position 96951421 , only wrote 96925680
03-19 23:32:48.912  1768  1768 W LstmExtension: no lmDescriptor could be found for en_US/20170411
03-19 23:32:48.913  1768  1768 W LstmExtension: no lmDescriptor could be found for en_US/20170411
03-19 23:32:49.159  7013  7013 D AndroidRuntime: >>>>>> START com.android.internal.os.RuntimeInit uid 2000 <<<<<<
03-19 23:32:49.162  7013  7013 W app_process: Could not reserve sentinel fault page
03-19 23:32:49.291  7013  7013 W app_process: Unexpected CPU variant for X86 using defaults: x86
03-19 23:32:49.294  7013  7013 I app_process: The ClassLoaderContext is a special shared library.
03-19 23:32:49.351  7013  7013 D AndroidRuntime: Calling main entry com.android.commands.input.Input
03-19 23:32:49.352  7013  7013 I Input   : injectKeyEvent: KeyEvent { action=ACTION_DOWN, keyCode=KEYCODE_BACK, scanCode=0, metaState=0, flags=0x0, repeatCount=0, eventTime=7725063, downTime=7725063, deviceId=-1, source=0x101 }
03-19 23:32:49.362  7013  7013 I Input   : injectKeyEvent: KeyEvent { action=ACTION_UP, keyCode=KEYCODE_BACK, scanCode=0, metaState=0, flags=0x0, repeatCount=0, eventTime=7725063, downTime=7725063, deviceId=-1, source=0x101 }
03-19 23:32:49.363  1662  1681 D AutofillManagerService: onBackKeyPressed()
03-19 23:32:49.374  7013  7013 D AndroidRuntime: Shutting down VM
03-19 23:32:49.406  1662  2491 I ActivityManager: Killing 5555:com.android.providers.calendar/u0a3 (adj 906): empty #17
03-19 23:32:49.411  1662  1682 W zygote  : kill(-5555, 9) failed: No such process
03-19 23:32:49.433  6968  6968 D gralloc_ranchu: gralloc_unregister_buffer: exiting HostConnection (is buffer-handling thread)
03-19 23:32:49.434  6968  6968 D         : HostConnection::get() New Host Connection established 0xe81872c0, tid 6968
03-19 23:32:49.434  6968  6968 D gralloc_ranchu: gralloc_unregister_buffer: exiting HostConnection (is buffer-handling thread)
03-19 23:32:49.435  6968  6968 D         : HostConnection::get() New Host Connection established 0xe81872c0, tid 6968
03-19 23:32:49.435  6968  6968 D gralloc_ranchu: gralloc_unregister_buffer: exiting HostConnection (is buffer-handling thread)
03-19 23:32:49.435  6968  6968 D         : HostConnection::get() New Host Connection established 0xe81872c0, tid 6968
03-19 23:32:49.436  6968  6968 D gralloc_ranchu: gralloc_unregister_buffer: exiting HostConnection (is buffer-handling thread)
03-19 23:32:49.437  6968  6968 D         : HostConnection::get() New Host Connection established 0xe81872c0, tid 6968
03-19 23:32:49.438  6968  6968 D gralloc_ranchu: gralloc_unregister_buffer: exiting HostConnection (is buffer-handling thread)
03-19 23:32:49.440  6968  6968 D         : HostConnection::get() New Host Connection established 0xe81872c0, tid 6968
03-19 23:32:49.440  6968  6968 D gralloc_ranchu: gralloc_unregister_buffer: exiting HostConnection (is buffer-handling thread)
03-19 23:32:49.449  1662  1682 W zygote  : kill(-5555, 9) failed: No such process
03-19 23:32:49.490  1662  1682 W zygote  : kill(-5555, 9) failed: No such process
03-19 23:32:49.490  1662  1682 I zygote  : Successfully killed process cgroup uid 10003 pid 5555 in 79ms
03-19 23:32:49.648  1440  1440 D gralloc_ranchu: gralloc_unregister_buffer: exiting HostConnection (is buffer-handling thread)
03-19 23:32:49.649  1440  1440 D         : HostConnection::get() New Host Connection established 0xecaa3900, tid 1440
03-19 23:32:49.651  1440  1440 D gralloc_ranchu: gralloc_unregister_buffer: exiting HostConnection (is buffer-handling thread)
03-19 23:32:49.652  1440  1440 D         : HostConnection::get() New Host Connection established 0xecaa3900, tid 1440
03-19 23:32:49.652  1440  1440 D gralloc_ranchu: gralloc_unregister_buffer: exiting HostConnection (is buffer-handling thread)
03-19 23:32:49.653  1440  1440 D         : HostConnection::get() New Host Connection established 0xecaa3900, tid 1440
03-19 23:32:49.654  1440  1440 D gralloc_ranchu: gralloc_unregister_buffer: exiting HostConnection (is buffer-handling thread)
03-19 23:32:49.654  1440  1440 D         : HostConnection::get() New Host Connection established 0xecaa3900, tid 1440
03-19 23:32:49.655  1440  1440 D gralloc_ranchu: gralloc_unregister_buffer: exiting HostConnection (is buffer-handling thread)
03-19 23:32:49.655  1440  1440 D         : HostConnection::get() New Host Connection established 0xecaa3900, tid 1440
03-19 23:32:49.656  1440  1440 D gralloc_ranchu: gralloc_unregister_buffer: exiting HostConnection (is buffer-handling thread)
03-19 23:32:49.664  1440  1440 D         : HostConnection::get() New Host Connection established 0xecaa3900, tid 1440
03-19 23:32:49.806  1440  1440 D gralloc_ranchu: gralloc_unregister_buffer: exiting HostConnection (is buffer-handling thread)
03-19 23:32:49.806  1440  1440 D         : HostConnection::get() New Host Connection established 0xecaa3900, tid 1440
03-19 23:32:49.806  1440  1440 D gralloc_ranchu: gralloc_unregister_buffer: exiting HostConnection (is buffer-handling thread)
03-19 23:32:49.810  1440  1440 D         : HostConnection::get() New Host Connection established 0xecaa3900, tid 1440
03-19 23:32:50.563  6085  7026 D UIAutomatorStub: URI: /jsonrpc/0, Method: POST, Header: {content-length=117, remote-addr=127.0.0.1, http-client-ip=127.0.0.1, host=localhost:9008, content-type=application/json, connection=close, accept-encoding=identity, user-agent=Python-urllib/3.7}, params, {NanoHttpd.QUERY_STRING=null}, files: {postData={"jsonrpc": "2.0", "method": "dumpWindowHierarchy", "id": "84e5cac9e5661f730ddcdfd1ce842a42", "params": [true, null]}}
03-19 23:32:50.574  6085  7026 I UIAutomatorStub: Skipping invisible child: android.view.accessibility.AccessibilityNodeInfo@11351; boundsInParent: Rect(0, 0 - 1080, 1794); boundsInScreen: Rect(0, 0 - 0, 1794); packageName: it.feio.android.omninotes; className: android.widget.LinearLayout; text: null; error: null; maxTextLength: -1; contentDescription: null; viewIdResName: it.feio.android.omninotes:id/intro_background; checkable: false; checked: false; focusable: false; focused: false; selected: false; clickable: false; longClickable: false; contextClickable: false; enabled: true; password: false; scrollable: false; importantForAccessibility: false; actions: [AccessibilityAction: ACTION_SELECT - null, AccessibilityAction: ACTION_CLEAR_SELECTION - null, AccessibilityAction: ACTION_ACCESSIBILITY_FOCUS - null, AccessibilityAction: ACTION_SHOW_ON_SCREEN - null]
03-19 23:32:50.575  6085  7026 I UIAutomatorStub: Skipping invisible child: android.view.accessibility.AccessibilityNodeInfo@7968; boundsInParent: Rect(0, 0 - 1080, 126); boundsInScreen: Rect(0, 1794 - 1080, 1920); packageName: it.feio.android.omninotes; className: android.view.View; text: null; error: null; maxTextLength: -1; contentDescription: null; viewIdResName: android:id/navigationBarBackground; checkable: false; checked: false; focusable: false; focused: false; selected: false; clickable: false; longClickable: false; contextClickable: false; enabled: true; password: false; scrollable: false; importantForAccessibility: false; actions: [AccessibilityAction: ACTION_SELECT - null, AccessibilityAction: ACTION_CLEAR_SELECTION - null, AccessibilityAction: ACTION_ACCESSIBILITY_FOCUS - null, AccessibilityAction: ACTION_SHOW_ON_SCREEN - null]
03-19 23:32:50.575  6085  7026 I UIAutomatorStub: Fetch time: 3ms
03-19 23:32:52.539  6085  7043 D UIAutomatorStub: URI: /jsonrpc/0, Method: POST, Header: {content-length=117, remote-addr=127.0.0.1, http-client-ip=127.0.0.1, host=localhost:9008, content-type=application/json, connection=close, accept-encoding=identity, user-agent=Python-urllib/3.7}, params, {NanoHttpd.QUERY_STRING=null}, files: {postData={"jsonrpc": "2.0", "method": "dumpWindowHierarchy", "id": "3c45949e79984c4cc90ef7cfa49affc7", "params": [true, null]}}
03-19 23:32:52.543  6085  7043 I UIAutomatorStub: Skipping invisible child: android.view.accessibility.AccessibilityNodeInfo@11351; boundsInParent: Rect(0, 0 - 1080, 1794); boundsInScreen: Rect(0, 0 - 0, 1794); packageName: it.feio.android.omninotes; className: android.widget.LinearLayout; text: null; error: null; maxTextLength: -1; contentDescription: null; viewIdResName: it.feio.android.omninotes:id/intro_background; checkable: false; checked: false; focusable: false; focused: false; selected: false; clickable: false; longClickable: false; contextClickable: false; enabled: true; password: false; scrollable: false; importantForAccessibility: false; actions: [AccessibilityAction: ACTION_SELECT - null, AccessibilityAction: ACTION_CLEAR_SELECTION - null, AccessibilityAction: ACTION_ACCESSIBILITY_FOCUS - null, AccessibilityAction: ACTION_SHOW_ON_SCREEN - null]
03-19 23:32:52.543  6085  7043 I UIAutomatorStub: Skipping invisible child: android.view.accessibility.AccessibilityNodeInfo@7968; boundsInParent: Rect(0, 0 - 1080, 126); boundsInScreen: Rect(0, 1794 - 1080, 1920); packageName: it.feio.android.omninotes; className: android.view.View; text: null; error: null; maxTextLength: -1; contentDescription: null; viewIdResName: android:id/navigationBarBackground; checkable: false; checked: false; focusable: false; focused: false; selected: false; clickable: false; longClickable: false; contextClickable: false; enabled: true; password: false; scrollable: false; importantForAccessibility: false; actions: [AccessibilityAction: ACTION_SELECT - null, AccessibilityAction: ACTION_CLEAR_SELECTION - null, AccessibilityAction: ACTION_ACCESSIBILITY_FOCUS - null, AccessibilityAction: ACTION_SHOW_ON_SCREEN - null]
03-19 23:32:52.543  6085  7043 I UIAutomatorStub: Fetch time: 0ms
03-19 23:32:53.795  6085  7050 D UIAutomatorStub: URI: /jsonrpc/0, Method: POST, Header: {content-length=117, remote-addr=127.0.0.1, http-client-ip=127.0.0.1, host=localhost:9008, content-type=application/json, connection=close, accept-encoding=identity, user-agent=Python-urllib/3.7}, params, {NanoHttpd.QUERY_STRING=null}, files: {postData={"jsonrpc": "2.0", "method": "dumpWindowHierarchy", "id": "23363735e5c93eab26ab481dc766b97b", "params": [true, null]}}
03-19 23:32:53.800  6085  7050 I UIAutomatorStub: Skipping invisible child: android.view.accessibility.AccessibilityNodeInfo@11351; boundsInParent: Rect(0, 0 - 1080, 1794); boundsInScreen: Rect(0, 0 - 0, 1794); packageName: it.feio.android.omninotes; className: android.widget.LinearLayout; text: null; error: null; maxTextLength: -1; contentDescription: null; viewIdResName: it.feio.android.omninotes:id/intro_background; checkable: false; checked: false; focusable: false; focused: false; selected: false; clickable: false; longClickable: false; contextClickable: false; enabled: true; password: false; scrollable: false; importantForAccessibility: false; actions: [AccessibilityAction: ACTION_SELECT - null, AccessibilityAction: ACTION_CLEAR_SELECTION - null, AccessibilityAction: ACTION_ACCESSIBILITY_FOCUS - null, AccessibilityAction: ACTION_SHOW_ON_SCREEN - null]
03-19 23:32:53.800  6085  7050 I UIAutomatorStub: Skipping invisible child: android.view.accessibility.AccessibilityNodeInfo@7968; boundsInParent: Rect(0, 0 - 1080, 126); boundsInScreen: Rect(0, 1794 - 1080, 1920); packageName: it.feio.android.omninotes; className: android.view.View; text: null; error: null; maxTextLength: -1; contentDescription: null; viewIdResName: android:id/navigationBarBackground; checkable: false; checked: false; focusable: false; focused: false; selected: false; clickable: false; longClickable: false; contextClickable: false; enabled: true; password: false; scrollable: false; importantForAccessibility: false; actions: [AccessibilityAction: ACTION_SELECT - null, AccessibilityAction: ACTION_CLEAR_SELECTION - null, AccessibilityAction: ACTION_ACCESSIBILITY_FOCUS - null, AccessibilityAction: ACTION_SHOW_ON_SCREEN - null]
03-19 23:32:53.801  6085  7050 I UIAutomatorStub: Fetch time: 2ms
03-19 23:32:55.764  6085  7069 D UIAutomatorStub: URI: /jsonrpc/0, Method: POST, Header: {content-length=117, remote-addr=127.0.0.1, http-client-ip=127.0.0.1, host=localhost:9008, content-type=application/json, connection=close, accept-encoding=identity, user-agent=Python-urllib/3.7}, params, {NanoHttpd.QUERY_STRING=null}, files: {postData={"jsonrpc": "2.0", "method": "dumpWindowHierarchy", "id": "ac8f21f64548696688e894ade20f8b35", "params": [true, null]}}
03-19 23:32:55.769  6085  7069 I UIAutomatorStub: Skipping invisible child: android.view.accessibility.AccessibilityNodeInfo@11351; boundsInParent: Rect(0, 0 - 1080, 1794); boundsInScreen: Rect(0, 0 - 0, 1794); packageName: it.feio.android.omninotes; className: android.widget.LinearLayout; text: null; error: null; maxTextLength: -1; contentDescription: null; viewIdResName: it.feio.android.omninotes:id/intro_background; checkable: false; checked: false; focusable: false; focused: false; selected: false; clickable: false; longClickable: false; contextClickable: false; enabled: true; password: false; scrollable: false; importantForAccessibility: false; actions: [AccessibilityAction: ACTION_SELECT - null, AccessibilityAction: ACTION_CLEAR_SELECTION - null, AccessibilityAction: ACTION_ACCESSIBILITY_FOCUS - null, AccessibilityAction: ACTION_SHOW_ON_SCREEN - null]
