--------- beginning of main
01-16 17:07:38.995  3946  3946 D AndroidRuntime: >>>>>> START com.android.internal.os.RuntimeInit uid 2000 <<<<<<
01-16 17:07:38.998  3946  3946 D AndroidRuntime: CheckJNI is OFF
01-16 17:07:38.998  3946  3946 E cutils-trace: Error opening trace file: No such file or directory (2)
01-16 17:07:39.044  3946  3946 D ICU     : No timezone override file found: /data/misc/zoneinfo/current/icu/icu_tzdata.dat
01-16 17:07:39.053  3946  3946 E memtrack: Couldn't load memtrack module (No such file or directory)
01-16 17:07:39.053  3946  3946 E android.os.Debug: failed to load memtrack module: -2
01-16 17:07:39.054  3946  3946 I Radio-JNI: register_android_hardware_Radio DONE
01-16 17:07:39.060  3946  3946 D AndroidRuntime: Calling main entry com.android.commands.pm.Pm
01-16 17:07:39.065  3946  3946 I art     : System.exit called, status: 0
01-16 17:07:39.065  3946  3946 I AndroidRuntime: VM exiting with result code 0.
01-16 17:07:39.066  3946  3955 W MessageQueue: Handler (android.os.Handler) {e776ba4} sending message to a Handler on a dead thread
01-16 17:07:39.066  3946  3955 W MessageQueue: java.lang.IllegalStateException: Handler (android.os.Handler) {e776ba4} sending message to a Handler on a dead thread
01-16 17:07:39.066  3946  3955 W MessageQueue: 	at android.os.MessageQueue.enqueueMessage(MessageQueue.java:543)
01-16 17:07:39.066  3946  3955 W MessageQueue: 	at android.os.Handler.enqueueMessage(Handler.java:643)
01-16 17:07:39.066  3946  3955 W MessageQueue: 	at android.os.Handler.sendMessageAtTime(Handler.java:612)
01-16 17:07:39.066  3946  3955 W MessageQueue: 	at android.os.Handler.sendMessageDelayed(Handler.java:582)
01-16 17:07:39.066  3946  3955 W MessageQueue: 	at android.os.Handler.post(Handler.java:338)
01-16 17:07:39.066  3946  3955 W MessageQueue: 	at android.os.ResultReceiver$MyResultReceiver.send(ResultReceiver.java:57)
01-16 17:07:39.066  3946  3955 W MessageQueue: 	at com.android.internal.os.IResultReceiver$Stub.onTransact(IResultReceiver.java:58)
01-16 17:07:39.066  3946  3955 W MessageQueue: 	at android.os.Binder.execTransact(Binder.java:565)
01-16 17:07:39.142   936   936 I         : free_cache(6748969) avail 1127788544
--------- beginning of system
01-16 17:07:39.400  1252  1281 I ActivityManager: Start proc 3965:com.android.defcontainer/u0a8 for service com.android.defcontainer/.DefaultContainerService
01-16 17:07:39.422  1252  1281 I PackageManager.DexOptimizer: Running dexopt (dex2oat) on: /data/app/vmdl1628391132.tmp/base.apk pkg=it.feio.android.omninotes isa=arm64 vmSafeMode=false debuggable=false target-filter=interpret-only oatDir = /data/app/vmdl1628391132.tmp/oat sharedLibraries=null
01-16 17:07:39.429  3981  3981 I dex2oat : /system/bin/dex2oat --compiler-filter=interpret-only
01-16 17:07:39.429  3981  3981 E cutils-trace: Error opening trace file: No such file or directory (2)
01-16 17:07:39.551  3981  3983 W dex2oat : Before Android 4.1, method android.graphics.PorterDuffColorFilter android.support.graphics.drawable.VectorDrawableCompat.updateTintFilter(android.graphics.PorterDuffColorFilter, android.content.res.ColorStateList, android.graphics.PorterDuff$Mode) would have incorrectly overridden the package-private method in android.graphics.drawable.Drawable
01-16 17:07:39.756  3981  3981 I dex2oat : dex2oat took 327.277ms (threads: 4) arena alloc=137KB (141168B) java alloc=7MB (8044680B) native alloc=8MB (9205072B) free=5MB (5474992B)
01-16 17:07:39.772  1252  1281 W PackageManager: Unknown permission com.google.android.apps.photos.permission.GOOGLE_PHOTOS in package it.feio.android.omninotes
01-16 17:07:39.772  1252  1281 W PackageManager: Unknown permission com.pushbullet.android.permission.READ_MESSAGING_EXTENSION_DATA in package it.feio.android.omninotes
01-16 17:07:39.772  1252  1281 W PackageManager: Unknown permission com.pushbullet.android.permission.SEND_MESSAGES in package it.feio.android.omninotes
01-16 17:07:39.785   936   936 D installd: Detected label change from u:object_r:system_data_file:s0 to u:object_r:app_data_file:s0:c512,c768 at /data/data/it.feio.android.omninotes; running recursive restorecon
01-16 17:07:39.785   936   936 D installd: Detected label change from u:object_r:system_data_file:s0 to u:object_r:app_data_file:s0:c512,c768 at /data/user_de/0/it.feio.android.omninotes; running recursive restorecon
01-16 17:07:39.786  1252  1281 V BackupManagerService: restoreAtInstall pkg=it.feio.android.omninotes token=1 restoreSet=0
01-16 17:07:39.787  1252  1281 V BackupManagerService: Finishing install immediately
01-16 17:07:39.787  1252  1281 I art     : Starting a blocking GC Explicit
01-16 17:07:39.811  1252  1281 I art     : Explicit concurrent mark sweep GC freed 42080(2MB) AllocSpace objects, 17(444KB) LOS objects, 26% free, 11MB/15MB, paused 209us total 24.302ms
01-16 17:07:39.812   936   936 E         : Couldn't opendir /data/app/vmdl1628391132.tmp: No such file or directory
01-16 17:07:39.823  1252  1296 I InputReader: Reconfiguring input devices.  changes=0x00000010
01-16 17:07:39.824  1588  1588 D CarrierSvcBindHelper: No carrier app for: 0
01-16 17:07:39.824  1588  1588 D CarrierConfigLoader: mHandler: 9 phoneId: 0
01-16 17:07:39.824  1252  1269 I ActivityManager: Start proc 3986:com.android.gallery3d/u0a42 for broadcast com.android.gallery3d/.app.PackagesMonitor
01-16 17:07:39.851  1252  1268 W VoiceInteractionManagerService: no available voice recognition services found for user 0
01-16 17:07:39.905  1569  4019 W GCM     : Unexpected forwarded intent: Intent { act=android.intent.action.PACKAGE_ADDED dat=package:it.feio.android.omninotes flg=0x4000010 cmp=com.google.android.gms/.chimera.PersistentIntentOperationService (has extras) }
01-16 17:07:39.908  1569  4021 W GCM     : Unexpected forwarded intent: Intent { act=android.intent.action.PACKAGE_ADDED dat=package:it.feio.android.omninotes flg=0x4000010 cmp=com.google.android.gms/.chimera.PersistentIntentOperationService (has extras) }
01-16 17:07:39.913  1252  1461 I ActivityManager: Start proc 4023:com.svox.pico/u0a59 for broadcast com.svox.pico/.VoiceDataInstallerReceiver
01-16 17:07:39.924  1870  4037 I Auth    : [SupervisedAccountIntentOperation] onHandleIntent(): android.intent.action.PACKAGE_ADDED
01-16 17:07:39.928  1252  2329 W ActivityManager: Unable to start service Intent { act=com.google.android.gms.auth.key.retrieval.service.START pkg=com.google.android.gms } U=0: not found
01-16 17:07:39.928  1252  3821 W ActivityManager: Unbind failed: could not find connection for android.os.BinderProxy@2b14205
01-16 17:07:39.928  1870  2122 E GmsClient: unable to connect to service: com.google.android.gms.auth.key.retrieval.service.START on com.google.android.gms
01-16 17:07:39.936  1870  4038 I ChromeSync: [Sync,SyncIntentOperation] Handling the intent: Intent { act=android.intent.action.PACKAGE_ADDED dat=package:it.feio.android.omninotes flg=0x4000010 cmp=com.google.android.gms/.chimera.GmsIntentOperationService (has extras) }.
01-16 17:07:39.941  1870  4013 I Vision  : Requesting optional module download of ocr.
01-16 17:07:39.942  1870  4013 I Vision  : Checking for download completion for 149584 -- ocr
01-16 17:07:39.959  1870  4038 I ChromeSync: [Persistence,AffiliationManager] One of affiliation or grouping data for android://D1ZzSMTCHimmt7Tepko81IBF5TZ76dZkzIsOdwmxznQ_je5iI4VGsUV1YJmqlFloKhpAQF8tSQYxDr4VSHd8mQ==@it.feio.android.omninotes/ was not found. Marking affiliation data as stale...
01-16 17:07:39.966  1870  4013 I ChimeraConfigurator: Starting update, reason: 4 urgentFeatures: pay:-1
01-16 17:07:39.966  1870  4013 E ConfigFileUtils: Failed to read config file: /data/user_de/0/com.google.android.gms/app_chimera/next_container.pb (No such file or directory)
01-16 17:07:39.976  1870  4013 I ChmraDebugLogger: [73] 1801
01-16 17:07:39.978  1870  4013 I ChmraDebugLogger: [30] [Pay.optional:202414020000] permitMetered=true,
01-16 17:07:39.979  1870  4013 W ChimeraConfigService: Retry attempt was throttled.
01-16 17:07:39.998  1870  2316 I Icing   : IndexChimeraService.getServiceInterface callingPackage=com.google.android.gms componentName=AppsCorpus serviceId=36
01-16 17:07:40.007  1870  4049 W Icing   : No valid account for uploading user actions
01-16 17:07:40.029  1870  2338 I Icing   : IndexChimeraService.getServiceInterface callingPackage=com.google.android.gms componentName=null serviceId=30
01-16 17:07:40.031  1870  4049 I Icing   : Usage reports ok 0, Failed Usage reports 0, indexed 0, rejected 0
01-16 17:07:40.032  1870  2338 I Icing   : IndexChimeraService.getServiceInterface callingPackage=com.google.android.gms componentName=null serviceId=36
01-16 17:07:40.033  1870  4049 W Icing   : No valid account for uploading user actions
01-16 17:07:40.036  1870  4049 I Icing   : Usage reports ok 0, Failed Usage reports 0, indexed 0, rejected 0
01-16 17:07:40.037  1870  4049 W Icing   : No valid account for uploading user actions
01-16 17:07:40.039  1870  4049 I Icing   : Usage reports ok 0, Failed Usage reports 0, indexed 0, rejected 0
01-16 17:07:40.039  1870  4049 I Icing   : Indexing com.google.android.gms-apps from com.google.android.gms
01-16 17:07:40.046  1870  4049 I Icing   : Indexing com.google.android.gms-internal.3p:MobileApplication from com.google.android.gms
01-16 17:07:40.047  4040  4040 D AndroidRuntime: >>>>>> START com.android.internal.os.RuntimeInit uid 2000 <<<<<<
01-16 17:07:40.049  1870  4049 I Icing   : Indexing done com.google.android.gms-apps
01-16 17:07:40.049  1870  4049 I Icing   : Indexing done com.google.android.gms-internal.3p:MobileApplication
01-16 17:07:40.050  4040  4040 D AndroidRuntime: CheckJNI is OFF
01-16 17:07:40.050  4040  4040 E cutils-trace: Error opening trace file: No such file or directory (2)
01-16 17:07:40.072  4040  4040 D ICU     : No timezone override file found: /data/misc/zoneinfo/current/icu/icu_tzdata.dat
01-16 17:07:40.079  4040  4040 E memtrack: Couldn't load memtrack module (No such file or directory)
01-16 17:07:40.079  4040  4040 E android.os.Debug: failed to load memtrack module: -2
01-16 17:07:40.080  4040  4040 I Radio-JNI: register_android_hardware_Radio DONE
01-16 17:07:40.082  4040  4040 D AndroidRuntime: Calling main entry com.android.commands.monkey.Monkey
01-16 17:07:40.098  1252  1269 W BroadcastQueue: Skipping deliver [background] BroadcastRecord{5a485ba u-1 android.net.conn.CONNECTIVITY_CHANGE} to ReceiverList{fa7cc6b 4040 (unknown name)/2000/u-1 remote:8f435dc}: process crashing
01-16 17:07:40.101  1252  1728 I ActivityManager: START u0 {act=android.intent.action.MAIN cat=[android.intent.category.LAUNCHER] flg=0x10200000 cmp=it.feio.android.omninotes/.MainActivity} from uid 2000 on display 0
01-16 17:07:40.122  1252  3821 I ActivityManager: Start proc 4059:it.feio.android.omninotes/u0a75 for activity it.feio.android.omninotes/.MainActivity
01-16 17:07:40.127  4040  4040 I art     : System.exit called, status: 0
01-16 17:07:40.127  4040  4040 I AndroidRuntime: VM exiting with result code 0.
01-16 17:07:40.133  4059  4059 W System  : ClassLoader referenced unknown path: /data/app/it.feio.android.omninotes-1/lib/arm64
01-16 17:07:40.140  4059  4059 I MultiDex: VM with version 2.1.0 has multidex support
01-16 17:07:40.140  4059  4059 I MultiDex: Installing application
01-16 17:07:40.140  4059  4059 I MultiDex: VM has multidex support, MultiDex support library is disabled.
01-16 17:07:40.162   927   952 D gralloc_ranchu: gralloc_alloc: Creating ashmem region of size 8294400
01-16 17:07:40.191  4059  4059 I ACRA    : Migrating unsent ACRA reports to new file locations
01-16 17:07:40.192  4059  4059 I ACRA    : Migrated 0 unsent reports
01-16 17:07:40.193  4059  4059 I ACRA    : Converting unsent ACRA reports to json
01-16 17:07:40.194  4059  4059 I ACRA    : Converted 0 unsent reports
01-16 17:07:40.194  4059  4059 I ACRA    : ACRA is enabled for it.feio.android.omninotes, initializing...
01-16 17:07:40.207  4059  4059 I FirebaseInitProvider: FirebaseApp initialization unsuccessful
01-16 17:07:40.212  1981  2030 D EGL_emulation: eglMakeCurrent: 0x7959033d20: ver 3 0 (tinfo 0x795900c640)
01-16 17:07:40.223  4059  4059 W art     : Before Android 4.1, method android.graphics.PorterDuffColorFilter android.support.graphics.drawable.VectorDrawableCompat.updateTintFilter(android.graphics.PorterDuffColorFilter, android.content.res.ColorStateList, android.graphics.PorterDuff$Mode) would have incorrectly overridden the package-private method in android.graphics.drawable.Drawable
01-16 17:07:40.241  4059  4059 I AppCompatViewInflater: app:theme is now deprecated. Please move to using android:theme instead.
01-16 17:07:40.260  1252  1461 I ActivityManager: START u0 {cmp=it.feio.android.omninotes/.intro.IntroActivity} from uid 10075 on display 0
01-16 17:07:40.262  4059  4059 V CheckListView: Started navigation drawer initialization
01-16 17:07:40.263  4059  4059 V CheckListView: Finished navigation drawer initialization
01-16 17:07:40.264  4059  4059 D CheckListView: {settings_language=en_US, acra.legacyAlreadyConvertedToJson=true, acra.legacyAlreadyConvertedTo4.8.0=true}
01-16 17:07:40.283  4059  4059 D CheckListView: initNotesList intent: android.intent.action.MAIN
01-16 17:07:40.284  4059  4078 V CheckListView: Query: SELECT creation,last_modification,title,content,archived,trashed,alarm,reminder_fired,recurrence_rule,latitude,longitude,address,locked,checklist,category_id,name,description,color FROM notes LEFT JOIN categories USING( category_id)  WHERE archived IS NOT 1 AND trashed IS NOT 1  ORDER BY title||content COLLATE NOCASE  ASC 
01-16 17:07:40.285  4059  4059 I GAv4    : Google Analytics 9.0.80 is starting up. To enable debug logging on a device run:
01-16 17:07:40.285  4059  4059 I GAv4    :   adb shell setprop log.tag.GAv4 DEBUG
01-16 17:07:40.285  4059  4059 I GAv4    :   adb logcat -s GAv4
01-16 17:07:40.289  4059  4078 I CheckListView: Database creation
01-16 17:07:40.290  4059  4078 I CheckListView:   exec sql file: {}create.sql
01-16 17:07:40.290  4059  4080 W GAv4    : AnalyticsReceiver is not registered or is disabled. Register the receiver for reliable dispatching on non-Google Play devices. See http://goo.gl/8Rd3yj for instructions.
01-16 17:07:40.291  4059  4078 V CheckListView:     sql: {}CREATE TABLE notes ( creation INTEGER PRIMARY KEY, last_modification INTEGER, title TEXT, content TEXT, archived INTEGER, trashed INTEGER, alarm INTEGER DEFAULT null, reminder_fired INTEGER, recurrence_rule TEXT, latitude REAL, longitude REAL, address TEXT, category_id INTEGER DEFAULT null, locked INTEGER, checklist  INTEGER )
01-16 17:07:40.291  4059  4078 V CheckListView:     sql: {}CREATE TABLE attachments ( attachment_id INTEGER PRIMARY KEY AUTOINCREMENT, uri TEXT, name TEXT, size INTEGER, length INTEGER, mime_type TEXT, note_id INTEGER )
01-16 17:07:40.291  4059  4078 V CheckListView:     sql: {}CREATE TABLE categories ( category_id INTEGER PRIMARY KEY, name TEXT, description TEXT, color TEXT )
01-16 17:07:40.293   927   952 E SurfaceFlinger: ro.sf.lcd_density must be defined as a build property
01-16 17:07:40.293  4059  4080 W GAv4    : CampaignTrackingReceiver is not registered, not exported or is disabled. Installation campaign tracking is not possible. See http://goo.gl/8Rd3yj for instructions.
01-16 17:07:40.297  4059  4059 D         : HostConnection::get() New Host Connection established 0x79547b5ae0, tid 4059
01-16 17:07:40.299  4059  4080 W GAv4    : AnalyticsService not registered in the app manifest. Hits might not be delivered reliably. See http://goo.gl/8Rd3yj for instructions.
01-16 17:07:40.301  4059  4078 V CheckListView: Query: Retrieval finished!
01-16 17:07:40.311  4059  4059 D CheckListView: it.feio.android.omninotes.async.bus.NotesLoadedEvent
01-16 17:07:40.315  4059  4059 V CheckListView: Started navigation drawer initialization
01-16 17:07:40.316  4059  4059 V CheckListView: Finished navigation drawer initialization
01-16 17:07:40.316  4059  4059 V CheckListView: Finished main menu initialization
01-16 17:07:40.316  4059  4059 V CheckListView: Finished categories menu initialization
01-16 17:07:40.318  4059  4084 V CheckListView: Query: SELECT creation,last_modification,title,content,archived,trashed,alarm,reminder_fired,recurrence_rule,latitude,longitude,address,locked,checklist,category_id,name,description,color FROM notes LEFT JOIN categories USING( category_id)  ORDER BY title||content COLLATE NOCASE  ASC 
01-16 17:07:40.319  4059  4084 V CheckListView: Query: Retrieval finished!
01-16 17:07:40.319  4059  4084 D CheckListView: Dynamic menu finished counting items
01-16 17:07:40.328  4059  4059 I ViewConfigCompat: Could not find method getScaledScrollFactor() on ViewConfiguration
01-16 17:07:40.362  4059  4081 D         : HostConnection::get() New Host Connection established 0x7959032780, tid 4081
01-16 17:07:40.364  4059  4081 I OpenGLRenderer: Initialized EGL, version 1.4
01-16 17:07:40.364  4059  4081 D OpenGLRenderer: Swap behavior 1
01-16 17:07:40.364  4059  4081 W OpenGLRenderer: Failed to choose config with EGL_SWAP_BEHAVIOR_PRESERVED, retrying without...
01-16 17:07:40.364  4059  4081 D OpenGLRenderer: Swap behavior 0
01-16 17:07:40.369  4059  4081 D EGL_emulation: eglCreateContext: 0x79590391a0: maj 3 min 0 rcv 3
01-16 17:07:40.369  4059  4081 D EGL_emulation: eglMakeCurrent: 0x79590391a0: ver 3 0 (tinfo 0x7959091460)
01-16 17:07:40.373  4059  4081 D EGL_emulation: eglMakeCurrent: 0x79590391a0: ver 3 0 (tinfo 0x7959091460)
01-16 17:07:40.421  1252  1276 I ActivityManager: Displayed it.feio.android.omninotes/.intro.IntroActivity: +120ms (total +310ms)
01-16 17:07:40.422  4059  4064 I art     : Do partial code cache collection, code=24KB, data=30KB
01-16 17:07:40.422  4059  4064 I art     : After code cache collection, code=24KB, data=30KB
01-16 17:07:40.422  4059  4064 I art     : Increasing code cache capacity to 128KB
01-16 17:07:40.833  1588  2865 V VvmTaskScheduler: executing task com.android.phone.vvm.omtp.ActivationTask@9554dc1
01-16 17:07:40.853  1588  2865 I VvmActivationTask: VVM content provider configured - vvm_type_cvvm
01-16 17:07:40.854  1588  2865 I OmtpVvmCarrierCfgHlpr: OmtpEvent:CONFIG_ACTIVATING
01-16 17:07:40.867  1588  2865 V OmtpMessageSender: Sending BINARY sms 'Activate:dt=15' to 122:1808
01-16 17:07:40.877  1588  1588 D VvmStatusSmsFetcher: Request SMS successfully sent
01-16 17:07:43.625  1252  1377 E TaskPersister: File error accessing recents directory (directory doesn't exist?).
01-16 17:07:44.877  1981  1992 W art     : Suspending all threads took: 8.277ms
01-16 17:07:49.959  1870  4014 I Vision  : Requesting optional module download of ocr.
01-16 17:07:49.960  1870  4014 I Vision  : Exceeded maximum feature download tries for ocr
01-16 17:07:49.960  1870  4014 W Vision  : Request of optional module download of ocr failed.
01-16 17:07:49.960  1870  4014 I Vision  : Checking for download completion for 159602 -- ocr
01-16 17:07:55.385  4090  4090 D AndroidRuntime: >>>>>> START com.android.internal.os.RuntimeInit uid 2000 <<<<<<
01-16 17:07:55.387  4090  4090 D AndroidRuntime: CheckJNI is OFF
01-16 17:07:55.387  4090  4090 E cutils-trace: Error opening trace file: No such file or directory (2)
01-16 17:07:55.412  4090  4090 D ICU     : No timezone override file found: /data/misc/zoneinfo/current/icu/icu_tzdata.dat
01-16 17:07:55.421  4090  4090 E memtrack: Couldn't load memtrack module (No such file or directory)
01-16 17:07:55.421  4090  4090 E android.os.Debug: failed to load memtrack module: -2
01-16 17:07:55.422  4090  4090 I Radio-JNI: register_android_hardware_Radio DONE
01-16 17:07:55.425  4090  4090 D AndroidRuntime: Calling main entry com.android.commands.content.Content
01-16 17:07:55.429  4090  4090 D AndroidRuntime: Shutting down VM
01-16 17:07:55.620  4100  4100 D AndroidRuntime: >>>>>> START com.android.internal.os.RuntimeInit uid 2000 <<<<<<
01-16 17:07:55.622  4100  4100 D AndroidRuntime: CheckJNI is OFF
01-16 17:07:55.622  4100  4100 E cutils-trace: Error opening trace file: No such file or directory (2)
01-16 17:07:55.643  4100  4100 D ICU     : No timezone override file found: /data/misc/zoneinfo/current/icu/icu_tzdata.dat
01-16 17:07:55.648  4100  4100 E memtrack: Couldn't load memtrack module (No such file or directory)
01-16 17:07:55.649  4100  4100 E android.os.Debug: failed to load memtrack module: -2
01-16 17:07:55.649  4100  4100 I Radio-JNI: register_android_hardware_Radio DONE
01-16 17:07:55.651  4100  4100 D AndroidRuntime: Calling main entry com.android.commands.content.Content
01-16 17:07:55.654  4100  4100 D AndroidRuntime: Shutting down VM
01-16 17:07:56.853  4129  4129 D AndroidRuntime: >>>>>> START com.android.internal.os.RuntimeInit uid 2000 <<<<<<
01-16 17:07:56.854  4129  4129 D AndroidRuntime: CheckJNI is OFF
01-16 17:07:56.854  4129  4129 E cutils-trace: Error opening trace file: No such file or directory (2)
01-16 17:07:56.855  4129  4129 I art     : RelocateImage: /system/bin/patchoat --input-image-location=/system/framework/boot.art --output-image-file=/data/local/tmp/dalvik-cache/arm64/system@framework@boot.art --instruction-set=arm64 --base-offset-delta=12439552
01-16 17:07:56.861  4132  4132 E cutils-trace: Error opening trace file: No such file or directory (2)
01-16 17:07:56.978  1252  1461 I ActivityManager: Killing 3288:com.google.android.youtube/u0a67 (adj 906): empty #17
01-16 17:07:56.987  4129  4129 D ICU     : No timezone override file found: /data/local/tmp/misc/zoneinfo/current/icu/icu_tzdata.dat
01-16 17:07:56.998  4129  4129 E memtrack: Couldn't load memtrack module (No such file or directory)
01-16 17:07:56.998  4129  4129 E android.os.Debug: failed to load memtrack module: -2
01-16 17:07:56.998  4129  4129 I Radio-JNI: register_android_hardware_Radio DONE
01-16 17:07:57.001  4129  4129 D AndroidRuntime: Calling main entry com.android.commands.uiautomator.Launcher
01-16 17:07:57.039  1252  1264 D ConnectivityService: ConnectivityService NetworkRequestInfo binderDied(NetworkRequest [ LISTEN id=8, [ Capabilities: INTERNET&NOT_RESTRICTED&TRUSTED&FOREGROUND] ], android.os.BinderProxy@2e725a3)
01-16 17:07:57.041  1252  1728 D ActivityManager: cleanUpApplicationRecord -- 3288
01-16 17:07:57.043  1252  1353 E ConnectivityService: RemoteException caught trying to send a callback msg for NetworkRequest [ LISTEN id=8, [ Capabilities: INTERNET&NOT_RESTRICTED&TRUSTED&FOREGROUND] ]
01-16 17:07:58.039  4129  4129 I AccessibilityNodeInfoDumper: Skipping invisible child: android.view.accessibility.AccessibilityNodeInfo@8000960b; boundsInParent: Rect(0, 0 - 1080, 1794); boundsInScreen: Rect(1080, 0 - 1080, 1794); packageName: it.feio.android.omninotes; className: android.widget.LinearLayout; text: null; error: null; maxTextLength: -1; contentDescription: null; viewIdResName: it.feio.android.omninotes:id/intro_background; checkable: false; checked: false; focusable: false; focused: false; selected: false; clickable: false; longClickable: false; contextClickable: false; enabled: true; password: false; scrollable: false; actions: [AccessibilityAction: ACTION_SELECT - null, AccessibilityAction: ACTION_CLEAR_SELECTION - null, AccessibilityAction: ACTION_ACCESSIBILITY_FOCUS - null, AccessibilityAction: ACTION_SHOW_ON_SCREEN - null]
01-16 17:07:58.040  4129  4129 W AccessibilityNodeInfoDumper: Fetch time: 4ms
01-16 17:07:58.042  1252  1728 W WindowManager: Attempted to remove non-existing token: android.os.Binder@e0120d2
01-16 17:07:58.048  4129  4129 D AndroidRuntime: Shutting down VM
01-16 17:07:58.617  4150  4150 D AndroidRuntime: >>>>>> START com.android.internal.os.RuntimeInit uid 2000 <<<<<<
01-16 17:07:58.618  4150  4150 D AndroidRuntime: CheckJNI is OFF
01-16 17:07:58.618  4150  4150 E cutils-trace: Error opening trace file: No such file or directory (2)
01-16 17:07:58.646  4150  4150 D ICU     : No timezone override file found: /data/local/tmp/misc/zoneinfo/current/icu/icu_tzdata.dat
01-16 17:07:58.654  4150  4150 E memtrack: Couldn't load memtrack module (No such file or directory)
01-16 17:07:58.654  4150  4150 E android.os.Debug: failed to load memtrack module: -2
01-16 17:07:58.654  4150  4150 I Radio-JNI: register_android_hardware_Radio DONE
01-16 17:07:58.657  4150  4150 D AndroidRuntime: Calling main entry com.android.commands.uiautomator.Launcher
01-16 17:07:59.681  4150  4150 I AccessibilityNodeInfoDumper: Skipping invisible child: android.view.accessibility.AccessibilityNodeInfo@80009614; boundsInParent: Rect(0, 0 - 1080, 1794); boundsInScreen: Rect(1080, 0 - 1080, 1794); packageName: it.feio.android.omninotes; className: android.widget.LinearLayout; text: null; error: null; maxTextLength: -1; contentDescription: null; viewIdResName: it.feio.android.omninotes:id/intro_background; checkable: false; checked: false; focusable: false; focused: false; selected: false; clickable: false; longClickable: false; contextClickable: false; enabled: true; password: false; scrollable: false; actions: [AccessibilityAction: ACTION_SELECT - null, AccessibilityAction: ACTION_CLEAR_SELECTION - null, AccessibilityAction: ACTION_ACCESSIBILITY_FOCUS - null, AccessibilityAction: ACTION_SHOW_ON_SCREEN - null]
01-16 17:07:59.682  4150  4150 W AccessibilityNodeInfoDumper: Fetch time: 5ms
01-16 17:07:59.683  1252  1728 W WindowManager: Attempted to remove non-existing token: android.os.Binder@f3c78ff
01-16 17:07:59.691  4150  4150 D AndroidRuntime: Shutting down VM
01-16 17:07:59.974  1870  4168 I Vision  : Requesting optional module download of ocr.
01-16 17:07:59.980  1870  4168 I Vision  : Checking for download completion for 169622 -- ocr
01-16 17:07:59.982  1870  4168 I ChimeraConfigurator: Starting update, reason: 4 urgentFeatures: vision.ocr:-1
01-16 17:07:59.983  1870  4168 E ConfigFileUtils: Failed to read config file: /data/user_de/0/com.google.android.gms/app_chimera/next_container.pb (No such file or directory)
01-16 17:07:59.993  1870  4168 I ChmraDebugLogger: [73] 1801
01-16 17:07:59.994  1870  4168 I ChmraDebugLogger: [30] [VisionOcrDynamite.integ:223610901000400] permitMetered=true,
01-16 17:07:59.995  1870  4168 W ChimeraConfigService: Retry attempt was throttled.
01-16 17:08:00.924  4183  4183 D AndroidRuntime: >>>>>> START com.android.internal.os.RuntimeInit uid 2000 <<<<<<
01-16 17:08:00.926  4183  4183 D AndroidRuntime: CheckJNI is OFF
01-16 17:08:00.926  4183  4183 E cutils-trace: Error opening trace file: No such file or directory (2)
01-16 17:08:00.945  4183  4183 D ICU     : No timezone override file found: /data/local/tmp/misc/zoneinfo/current/icu/icu_tzdata.dat
01-16 17:08:00.953  4183  4183 E memtrack: Couldn't load memtrack module (No such file or directory)
01-16 17:08:00.953  4183  4183 E android.os.Debug: failed to load memtrack module: -2
01-16 17:08:00.953  4183  4183 I Radio-JNI: register_android_hardware_Radio DONE
01-16 17:08:00.955  4183  4183 D AndroidRuntime: Calling main entry com.android.commands.uiautomator.Launcher
01-16 17:08:01.977  4183  4183 I AccessibilityNodeInfoDumper: Skipping invisible child: android.view.accessibility.AccessibilityNodeInfo@8000961b; boundsInParent: Rect(0, 0 - 1080, 1794); boundsInScreen: Rect(1080, 0 - 1080, 1794); packageName: it.feio.android.omninotes; className: android.widget.LinearLayout; text: null; error: null; maxTextLength: -1; contentDescription: null; viewIdResName: it.feio.android.omninotes:id/intro_background; checkable: false; checked: false; focusable: false; focused: false; selected: false; clickable: false; longClickable: false; contextClickable: false; enabled: true; password: false; scrollable: false; actions: [AccessibilityAction: ACTION_SELECT - null, AccessibilityAction: ACTION_CLEAR_SELECTION - null, AccessibilityAction: ACTION_ACCESSIBILITY_FOCUS - null, AccessibilityAction: ACTION_SHOW_ON_SCREEN - null]
01-16 17:08:01.979  4183  4183 W AccessibilityNodeInfoDumper: Fetch time: 4ms
01-16 17:08:01.981  1252  4142 W WindowManager: Attempted to remove non-existing token: android.os.Binder@169a61b
01-16 17:08:01.984  4183  4183 D AndroidRuntime: Shutting down VM
01-16 17:08:03.383  4218  4218 D AndroidRuntime: >>>>>> START com.android.internal.os.RuntimeInit uid 2000 <<<<<<
01-16 17:08:03.384  4218  4218 D AndroidRuntime: CheckJNI is OFF
01-16 17:08:03.384  4218  4218 E cutils-trace: Error opening trace file: No such file or directory (2)
01-16 17:08:03.404  4218  4218 D ICU     : No timezone override file found: /data/local/tmp/misc/zoneinfo/current/icu/icu_tzdata.dat
01-16 17:08:03.412  4218  4218 E memtrack: Couldn't load memtrack module (No such file or directory)
01-16 17:08:03.412  4218  4218 E android.os.Debug: failed to load memtrack module: -2
01-16 17:08:03.412  4218  4218 I Radio-JNI: register_android_hardware_Radio DONE
01-16 17:08:03.414  4218  4218 D AndroidRuntime: Calling main entry com.android.commands.uiautomator.Launcher
01-16 17:08:04.434  4218  4218 I AccessibilityNodeInfoDumper: Skipping invisible child: android.view.accessibility.AccessibilityNodeInfo@80009624; boundsInParent: Rect(0, 0 - 1080, 1794); boundsInScreen: Rect(1080, 0 - 1080, 1794); packageName: it.feio.android.omninotes; className: android.widget.LinearLayout; text: null; error: null; maxTextLength: -1; contentDescription: null; viewIdResName: it.feio.android.omninotes:id/intro_background; checkable: false; checked: false; focusable: false; focused: false; selected: false; clickable: false; longClickable: false; contextClickable: false; enabled: true; password: false; scrollable: false; actions: [AccessibilityAction: ACTION_SELECT - null, AccessibilityAction: ACTION_CLEAR_SELECTION - null, AccessibilityAction: ACTION_ACCESSIBILITY_FOCUS - null, AccessibilityAction: ACTION_SHOW_ON_SCREEN - null]
01-16 17:08:04.435  4218  4218 W AccessibilityNodeInfoDumper: Fetch time: 4ms
01-16 17:08:04.437  1252  3242 W WindowManager: Attempted to remove non-existing token: android.os.Binder@9337591
01-16 17:08:04.442  4218  4218 D AndroidRuntime: Shutting down VM
01-16 17:08:04.945  4239  4239 D AndroidRuntime: >>>>>> START com.android.internal.os.RuntimeInit uid 2000 <<<<<<
01-16 17:08:04.946  4239  4239 D AndroidRuntime: CheckJNI is OFF
01-16 17:08:04.946  4239  4239 E cutils-trace: Error opening trace file: No such file or directory (2)
01-16 17:08:04.965  4239  4239 D ICU     : No timezone override file found: /data/local/tmp/misc/zoneinfo/current/icu/icu_tzdata.dat
01-16 17:08:04.972  4239  4239 E memtrack: Couldn't load memtrack module (No such file or directory)
01-16 17:08:04.972  4239  4239 E android.os.Debug: failed to load memtrack module: -2
01-16 17:08:04.973  4239  4239 I Radio-JNI: register_android_hardware_Radio DONE
01-16 17:08:04.975  4239  4239 D AndroidRuntime: Calling main entry com.android.commands.uiautomator.Launcher
01-16 17:08:05.997  4239  4239 I AccessibilityNodeInfoDumper: Skipping invisible child: android.view.accessibility.AccessibilityNodeInfo@8000962c; boundsInParent: Rect(0, 0 - 1080, 1794); boundsInScreen: Rect(1080, 0 - 1080, 1794); packageName: it.feio.android.omninotes; className: android.widget.LinearLayout; text: null; error: null; maxTextLength: -1; contentDescription: null; viewIdResName: it.feio.android.omninotes:id/intro_background; checkable: false; checked: false; focusable: false; focused: false; selected: false; clickable: false; longClickable: false; contextClickable: false; enabled: true; password: false; scrollable: false; actions: [AccessibilityAction: ACTION_SELECT - null, AccessibilityAction: ACTION_CLEAR_SELECTION - null, AccessibilityAction: ACTION_ACCESSIBILITY_FOCUS - null, AccessibilityAction: ACTION_SHOW_ON_SCREEN - null]
01-16 17:08:05.999  4239  4239 W AccessibilityNodeInfoDumper: Fetch time: 4ms
01-16 17:08:06.000  1252  1728 W WindowManager: Attempted to remove non-existing token: android.os.Binder@67288f7
01-16 17:08:06.004  4239  4239 D AndroidRuntime: Shutting down VM
01-16 17:08:06.233   927   958 E SurfaceFlinger: ro.sf.lcd_density must be defined as a build property
01-16 17:08:06.233  4251  4251 E cutils-trace: Error opening trace file: No such file or directory (2)
01-16 17:08:06.233   927   958 D PermissionCache: checking android.permission.READ_FRAME_BUFFER for uid=2000 => granted (224 us)
01-16 17:08:06.234   927   958 D gralloc_ranchu: gralloc_alloc: Creating ashmem region of size 8294400
01-16 17:08:06.237  4251  4251 D         : HostConnection::get() New Host Connection established 0x7da682d4e0, tid 4251
01-16 17:08:06.239   927   927 E EGL_emulation: tid 927: eglCreateSyncKHR(2050): error 0x3004 (EGL_BAD_ATTRIBUTE)
01-16 17:08:06.482  4257  4257 D AndroidRuntime: >>>>>> START com.android.internal.os.RuntimeInit uid 2000 <<<<<<
01-16 17:08:06.483  4257  4257 D AndroidRuntime: CheckJNI is OFF
01-16 17:08:06.483  4257  4257 E cutils-trace: Error opening trace file: No such file or directory (2)
01-16 17:08:06.504  4257  4257 D ICU     : No timezone override file found: /data/misc/zoneinfo/current/icu/icu_tzdata.dat
01-16 17:08:06.511  4257  4257 E memtrack: Couldn't load memtrack module (No such file or directory)
01-16 17:08:06.511  4257  4257 E android.os.Debug: failed to load memtrack module: -2
01-16 17:08:06.512  4257  4257 I Radio-JNI: register_android_hardware_Radio DONE
01-16 17:08:06.514  4257  4257 D AndroidRuntime: Calling main entry com.android.commands.am.Am
01-16 17:08:06.519  2364  2364 D MediaScannerReceiver: action: android.intent.action.MEDIA_SCANNER_SCAN_FILE path: /storage/emulated/0/screen.png
01-16 17:08:06.520  4257  4257 D AndroidRuntime: Shutting down VM
01-16 17:08:06.633  1252  1997 I ActivityManager: Killing 3178:com.google.android.configupdater/u0a5 (adj 906): empty #17
01-16 17:08:06.669  1252  1728 D ActivityManager: cleanUpApplicationRecord -- 3178
01-16 17:08:07.013  1252  1728 I ActivityManager: Killing 3469:com.google.android.gm/u0a62 (adj 906): empty #17
01-16 17:08:07.071  1252  1631 D ActivityManager: cleanUpApplicationRecord -- 3469
01-16 17:08:08.860  4271  4271 D AndroidRuntime: >>>>>> START com.android.internal.os.RuntimeInit uid 2000 <<<<<<
01-16 17:08:08.862  4271  4271 D AndroidRuntime: CheckJNI is OFF
01-16 17:08:08.862  4271  4271 E cutils-trace: Error opening trace file: No such file or directory (2)
01-16 17:08:08.882  4271  4271 D ICU     : No timezone override file found: /data/local/tmp/misc/zoneinfo/current/icu/icu_tzdata.dat
01-16 17:08:08.889  4271  4271 E memtrack: Couldn't load memtrack module (No such file or directory)
01-16 17:08:08.889  4271  4271 E android.os.Debug: failed to load memtrack module: -2
01-16 17:08:08.889  4271  4271 I Radio-JNI: register_android_hardware_Radio DONE
01-16 17:08:08.892  4271  4271 D AndroidRuntime: Calling main entry com.android.commands.uiautomator.Launcher
01-16 17:08:09.914  4271  4271 I AccessibilityNodeInfoDumper: Skipping invisible child: android.view.accessibility.AccessibilityNodeInfo@80009634; boundsInParent: Rect(0, 0 - 1080, 1794); boundsInScreen: Rect(1080, 0 - 1080, 1794); packageName: it.feio.android.omninotes; className: android.widget.LinearLayout; text: null; error: null; maxTextLength: -1; contentDescription: null; viewIdResName: it.feio.android.omninotes:id/intro_background; checkable: false; checked: false; focusable: false; focused: false; selected: false; clickable: false; longClickable: false; contextClickable: false; enabled: true; password: false; scrollable: false; actions: [AccessibilityAction: ACTION_SELECT - null, AccessibilityAction: ACTION_CLEAR_SELECTION - null, AccessibilityAction: ACTION_ACCESSIBILITY_FOCUS - null, AccessibilityAction: ACTION_SHOW_ON_SCREEN - null]
01-16 17:08:09.916  4271  4271 W AccessibilityNodeInfoDumper: Fetch time: 5ms
01-16 17:08:09.917  1252  1634 W WindowManager: Attempted to remove non-existing token: android.os.Binder@dd1b1d0
01-16 17:08:09.922  4271  4271 D AndroidRuntime: Shutting down VM
01-16 17:08:09.990  1870  4283 I Vision  : Requesting optional module download of ocr.
01-16 17:08:09.990  1870  4283 I Vision  : Checking for download completion for 179632 -- ocr
01-16 17:08:12.311  4292  4292 D AndroidRuntime: >>>>>> START com.android.internal.os.RuntimeInit uid 2000 <<<<<<
01-16 17:08:12.312  4292  4292 D AndroidRuntime: CheckJNI is OFF
01-16 17:08:12.313  4292  4292 E cutils-trace: Error opening trace file: No such file or directory (2)
01-16 17:08:12.332  4292  4292 D ICU     : No timezone override file found: /data/local/tmp/misc/zoneinfo/current/icu/icu_tzdata.dat
01-16 17:08:12.340  4292  4292 E memtrack: Couldn't load memtrack module (No such file or directory)
01-16 17:08:12.340  4292  4292 E android.os.Debug: failed to load memtrack module: -2
01-16 17:08:12.340  4292  4292 I Radio-JNI: register_android_hardware_Radio DONE
01-16 17:08:12.343  4292  4292 D AndroidRuntime: Calling main entry com.android.commands.uiautomator.Launcher
01-16 17:08:13.364  4292  4292 I AccessibilityNodeInfoDumper: Skipping invisible child: android.view.accessibility.AccessibilityNodeInfo@8000963b; boundsInParent: Rect(0, 0 - 1080, 1794); boundsInScreen: Rect(1080, 0 - 1080, 1794); packageName: it.feio.android.omninotes; className: android.widget.LinearLayout; text: null; error: null; maxTextLength: -1; contentDescription: null; viewIdResName: it.feio.android.omninotes:id/intro_background; checkable: false; checked: false; focusable: false; focused: false; selected: false; clickable: false; longClickable: false; contextClickable: false; enabled: true; password: false; scrollable: false; actions: [AccessibilityAction: ACTION_SELECT - null, AccessibilityAction: ACTION_CLEAR_SELECTION - null, AccessibilityAction: ACTION_ACCESSIBILITY_FOCUS - null, AccessibilityAction: ACTION_SHOW_ON_SCREEN - null]
01-16 17:08:13.366  4292  4292 W AccessibilityNodeInfoDumper: Fetch time: 4ms
01-16 17:08:13.367  1252  1728 W WindowManager: Attempted to remove non-existing token: android.os.Binder@d6b9fef
01-16 17:08:13.373  4292  4292 D AndroidRuntime: Shutting down VM
01-16 17:08:13.810  4309  4309 D AndroidRuntime: >>>>>> START com.android.internal.os.RuntimeInit uid 2000 <<<<<<
01-16 17:08:13.811  4309  4309 D AndroidRuntime: CheckJNI is OFF
01-16 17:08:13.811  4309  4309 E cutils-trace: Error opening trace file: No such file or directory (2)
01-16 17:08:13.830  4309  4309 D ICU     : No timezone override file found: /data/local/tmp/misc/zoneinfo/current/icu/icu_tzdata.dat
01-16 17:08:13.837  4309  4309 E memtrack: Couldn't load memtrack module (No such file or directory)
01-16 17:08:13.837  4309  4309 E android.os.Debug: failed to load memtrack module: -2
01-16 17:08:13.838  4309  4309 I Radio-JNI: register_android_hardware_Radio DONE
01-16 17:08:13.841  4309  4309 D AndroidRuntime: Calling main entry com.android.commands.uiautomator.Launcher
01-16 17:08:14.860  4309  4309 I AccessibilityNodeInfoDumper: Skipping invisible child: android.view.accessibility.AccessibilityNodeInfo@80009644; boundsInParent: Rect(0, 0 - 1080, 1794); boundsInScreen: Rect(1080, 0 - 1080, 1794); packageName: it.feio.android.omninotes; className: android.widget.LinearLayout; text: null; error: null; maxTextLength: -1; contentDescription: null; viewIdResName: it.feio.android.omninotes:id/intro_background; checkable: false; checked: false; focusable: false; focused: false; selected: false; clickable: false; longClickable: false; contextClickable: false; enabled: true; password: false; scrollable: false; actions: [AccessibilityAction: ACTION_SELECT - null, AccessibilityAction: ACTION_CLEAR_SELECTION - null, AccessibilityAction: ACTION_ACCESSIBILITY_FOCUS - null, AccessibilityAction: ACTION_SHOW_ON_SCREEN - null]
01-16 17:08:14.862  4309  4309 W AccessibilityNodeInfoDumper: Fetch time: 5ms
01-16 17:08:14.864  1252  1631 W WindowManager: Attempted to remove non-existing token: android.os.Binder@7c4c0b
01-16 17:08:14.869  4309  4309 D AndroidRuntime: Shutting down VM
01-16 17:08:15.311  4326  4326 D AndroidRuntime: >>>>>> START com.android.internal.os.RuntimeInit uid 2000 <<<<<<
01-16 17:08:15.313  4326  4326 D AndroidRuntime: CheckJNI is OFF
01-16 17:08:15.313  4326  4326 E cutils-trace: Error opening trace file: No such file or directory (2)
01-16 17:08:15.332  4326  4326 D ICU     : No timezone override file found: /data/local/tmp/misc/zoneinfo/current/icu/icu_tzdata.dat
01-16 17:08:15.340  4326  4326 E memtrack: Couldn't load memtrack module (No such file or directory)
01-16 17:08:15.340  4326  4326 E android.os.Debug: failed to load memtrack module: -2
01-16 17:08:15.341  4326  4326 I Radio-JNI: register_android_hardware_Radio DONE
01-16 17:08:15.343  4326  4326 D AndroidRuntime: Calling main entry com.android.commands.uiautomator.Launcher
01-16 17:08:16.363  4326  4326 I AccessibilityNodeInfoDumper: Skipping invisible child: android.view.accessibility.AccessibilityNodeInfo@8000964b; boundsInParent: Rect(0, 0 - 1080, 1794); boundsInScreen: Rect(1080, 0 - 1080, 1794); packageName: it.feio.android.omninotes; className: android.widget.LinearLayout; text: null; error: null; maxTextLength: -1; contentDescription: null; viewIdResName: it.feio.android.omninotes:id/intro_background; checkable: false; checked: false; focusable: false; focused: false; selected: false; clickable: false; longClickable: false; contextClickable: false; enabled: true; password: false; scrollable: false; actions: [AccessibilityAction: ACTION_SELECT - null, AccessibilityAction: ACTION_CLEAR_SELECTION - null, AccessibilityAction: ACTION_ACCESSIBILITY_FOCUS - null, AccessibilityAction: ACTION_SHOW_ON_SCREEN - null]
01-16 17:08:16.365  4326  4326 W AccessibilityNodeInfoDumper: Fetch time: 4ms
01-16 17:08:16.366  1252  1728 W WindowManager: Attempted to remove non-existing token: android.os.Binder@18be501
01-16 17:08:16.372  4326  4326 D AndroidRuntime: Shutting down VM
01-16 17:08:16.880  4349  4349 D AndroidRuntime: >>>>>> START com.android.internal.os.RuntimeInit uid 2000 <<<<<<
01-16 17:08:16.881  4349  4349 D AndroidRuntime: CheckJNI is OFF
01-16 17:08:16.881  4349  4349 E cutils-trace: Error opening trace file: No such file or directory (2)
01-16 17:08:16.900  4349  4349 D ICU     : No timezone override file found: /data/local/tmp/misc/zoneinfo/current/icu/icu_tzdata.dat
01-16 17:08:16.908  4349  4349 E memtrack: Couldn't load memtrack module (No such file or directory)
01-16 17:08:16.908  4349  4349 E android.os.Debug: failed to load memtrack module: -2
01-16 17:08:16.908  4349  4349 I Radio-JNI: register_android_hardware_Radio DONE
01-16 17:08:16.910  4349  4349 D AndroidRuntime: Calling main entry com.android.commands.uiautomator.Launcher
01-16 17:08:17.934  4349  4349 I AccessibilityNodeInfoDumper: Skipping invisible child: android.view.accessibility.AccessibilityNodeInfo@80009654; boundsInParent: Rect(0, 0 - 1080, 1794); boundsInScreen: Rect(1080, 0 - 1080, 1794); packageName: it.feio.android.omninotes; className: android.widget.LinearLayout; text: null; error: null; maxTextLength: -1; contentDescription: null; viewIdResName: it.feio.android.omninotes:id/intro_background; checkable: false; checked: false; focusable: false; focused: false; selected: false; clickable: false; longClickable: false; contextClickable: false; enabled: true; password: false; scrollable: false; actions: [AccessibilityAction: ACTION_SELECT - null, AccessibilityAction: ACTION_CLEAR_SELECTION - null, AccessibilityAction: ACTION_ACCESSIBILITY_FOCUS - null, AccessibilityAction: ACTION_SHOW_ON_SCREEN - null]
01-16 17:08:17.935  4349  4349 W AccessibilityNodeInfoDumper: Fetch time: 4ms
01-16 17:08:17.936  1252  1631 W WindowManager: Attempted to remove non-existing token: android.os.Binder@d3c4dfb
01-16 17:08:17.940  4349  4349 D AndroidRuntime: Shutting down VM
01-16 17:08:18.254  4361  4361 D AndroidRuntime: >>>>>> START com.android.internal.os.RuntimeInit uid 2000 <<<<<<
01-16 17:08:18.255  4361  4361 D AndroidRuntime: CheckJNI is OFF
01-16 17:08:18.255  4361  4361 E cutils-trace: Error opening trace file: No such file or directory (2)
01-16 17:08:18.274  4361  4361 D ICU     : No timezone override file found: /data/misc/zoneinfo/current/icu/icu_tzdata.dat
01-16 17:08:18.281  4361  4361 E memtrack: Couldn't load memtrack module (No such file or directory)
01-16 17:08:18.281  4361  4361 E android.os.Debug: failed to load memtrack module: -2
01-16 17:08:18.281  4361  4361 I Radio-JNI: register_android_hardware_Radio DONE
01-16 17:08:18.283  4361  4361 D AndroidRuntime: Calling main entry com.android.commands.input.Input
01-16 17:08:18.286  4361  4361 I Input   : injectMotionEvent: MotionEvent { action=ACTION_DOWN, actionButton=0, id[0]=0, x[0]=930.0, y[0]=1668.0, toolType[0]=TOOL_TYPE_UNKNOWN, buttonState=0, metaState=0, flags=0x0, edgeFlags=0x0, pointerCount=1, historySize=0, eventTime=177925, downTime=177925, deviceId=0, source=0x1002 }
01-16 17:08:18.287  4361  4361 I Input   : injectMotionEvent: MotionEvent { action=ACTION_UP, actionButton=0, id[0]=0, x[0]=930.0, y[0]=1668.0, toolType[0]=TOOL_TYPE_UNKNOWN, buttonState=0, metaState=0, flags=0x0, edgeFlags=0x0, pointerCount=1, historySize=0, eventTime=177925, downTime=177925, deviceId=0, source=0x1002 }
01-16 17:08:18.287  4361  4361 D AndroidRuntime: Shutting down VM
01-16 17:08:18.300   933  1363 W AudioFlinger: createTrack_l(): mismatch between requested flags (00000004) and output flags (00000002)
01-16 17:08:18.302  1252  1360 W AudioTrack: AUDIO_OUTPUT_FLAG_FAST denied by server; frameCount 4512
01-16 17:08:18.387   933   984 D AudioFlinger: mixer(0x7106e7c000) throttle end: throttle time(29)
01-16 17:08:20.001  1870  4378 I Vision  : Requesting optional module download of ocr.
01-16 17:08:20.002  1870  4378 I Vision  : Checking for download completion for 189643 -- ocr
01-16 17:08:21.024  4381  4381 W ls      : type=1400 audit(0.0:40): avc: denied { getattr } for path="/proc/sysrq-trigger" dev="proc" ino=4026533584 scontext=u:r:shell:s0 tcontext=u:object_r:proc_sysrq:s0 tclass=file permissive=0
01-16 17:08:21.024  4381  4381 W ls      : type=1400 audit(0.0:41): avc: denied { getattr } for path="/proc/iomem" dev="proc" ino=4026533557 scontext=u:r:shell:s0 tcontext=u:object_r:proc_iomem:s0 tclass=file permissive=0
01-16 17:08:22.862  4648  4648 D AndroidRuntime: >>>>>> START com.android.internal.os.RuntimeInit uid 2000 <<<<<<
01-16 17:08:22.864  4648  4648 D AndroidRuntime: CheckJNI is OFF
01-16 17:08:22.864  4648  4648 E cutils-trace: Error opening trace file: No such file or directory (2)
01-16 17:08:22.884  4648  4648 D ICU     : No timezone override file found: /data/local/tmp/misc/zoneinfo/current/icu/icu_tzdata.dat
01-16 17:08:22.892  4648  4648 E memtrack: Couldn't load memtrack module (No such file or directory)
01-16 17:08:22.892  4648  4648 E android.os.Debug: failed to load memtrack module: -2
01-16 17:08:22.892  4648  4648 I Radio-JNI: register_android_hardware_Radio DONE
01-16 17:08:22.895  4648  4648 D AndroidRuntime: Calling main entry com.android.commands.uiautomator.Launcher
01-16 17:08:23.915  4648  4648 I AccessibilityNodeInfoDumper: Skipping invisible child: android.view.accessibility.AccessibilityNodeInfo@8000929a; boundsInParent: Rect(0, 0 - 1080, 1794); boundsInScreen: Rect(0, 0 - 0, 1794); packageName: it.feio.android.omninotes; className: android.widget.LinearLayout; text: null; error: null; maxTextLength: -1; contentDescription: null; viewIdResName: it.feio.android.omninotes:id/intro_background; checkable: false; checked: false; focusable: false; focused: false; selected: false; clickable: false; longClickable: false; contextClickable: false; enabled: true; password: false; scrollable: false; actions: [AccessibilityAction: ACTION_SELECT - null, AccessibilityAction: ACTION_CLEAR_SELECTION - null, AccessibilityAction: ACTION_ACCESSIBILITY_FOCUS - null, AccessibilityAction: ACTION_SHOW_ON_SCREEN - null]
01-16 17:08:23.915  4648  4648 I AccessibilityNodeInfoDumper: Skipping invisible child: android.view.accessibility.AccessibilityNodeInfo@8000d62c; boundsInParent: Rect(0, 0 - 1080, 1794); boundsInScreen: Rect(1080, 0 - 1080, 1794); packageName: it.feio.android.omninotes; className: android.widget.LinearLayout; text: null; error: null; maxTextLength: -1; contentDescription: null; viewIdResName: it.feio.android.omninotes:id/intro_background; checkable: false; checked: false; focusable: false; focused: false; selected: false; clickable: false; longClickable: false; contextClickable: false; enabled: true; password: false; scrollable: false; actions: [AccessibilityAction: ACTION_SELECT - null, AccessibilityAction: ACTION_CLEAR_SELECTION - null, AccessibilityAction: ACTION_ACCESSIBILITY_FOCUS - null, AccessibilityAction: ACTION_SHOW_ON_SCREEN - null]
01-16 17:08:23.917  4648  4648 W AccessibilityNodeInfoDumper: Fetch time: 5ms
01-16 17:08:23.918  1252  4142 W WindowManager: Attempted to remove non-existing token: android.os.Binder@4fb42ad
01-16 17:08:23.923  4648  4648 D AndroidRuntime: Shutting down VM
01-16 17:08:25.153  4676  4676 D AndroidRuntime: >>>>>> START com.android.internal.os.RuntimeInit uid 2000 <<<<<<
01-16 17:08:25.154  4676  4676 D AndroidRuntime: CheckJNI is OFF
01-16 17:08:25.154  4676  4676 E cutils-trace: Error opening trace file: No such file or directory (2)
01-16 17:08:25.174  4676  4676 D ICU     : No timezone override file found: /data/local/tmp/misc/zoneinfo/current/icu/icu_tzdata.dat
01-16 17:08:25.181  4676  4676 E memtrack: Couldn't load memtrack module (No such file or directory)
01-16 17:08:25.181  4676  4676 E android.os.Debug: failed to load memtrack module: -2
01-16 17:08:25.181  4676  4676 I Radio-JNI: register_android_hardware_Radio DONE
01-16 17:08:25.184  4676  4676 D AndroidRuntime: Calling main entry com.android.commands.uiautomator.Launcher
