01-16 17:12:27.799  8579  8579 I Input   : injectKeyEvent: KeyEvent { action=ACTION_DOWN, keyCode=KEYCODE_DEL, scanCode=0, metaState=0, flags=0x0, repeatCount=0, eventTime=427441, downTime=427441, deviceId=-1, source=0x101 }
01-16 17:12:27.800  8579  8579 I Input   : injectKeyEvent: KeyEvent { action=ACTION_UP, keyCode=KEYCODE_DEL, scanCode=0, metaState=0, flags=0x0, repeatCount=0, eventTime=427441, downTime=427441, deviceId=-1, source=0x101 }
01-16 17:12:27.801  8579  8579 I Input   : injectKeyEvent: KeyEvent { action=ACTION_DOWN, keyCode=KEYCODE_DEL, scanCode=0, metaState=0, flags=0x0, repeatCount=0, eventTime=427443, downTime=427443, deviceId=-1, source=0x101 }
01-16 17:12:27.802  8579  8579 I Input   : injectKeyEvent: KeyEvent { action=ACTION_UP, keyCode=KEYCODE_DEL, scanCode=0, metaState=0, flags=0x0, repeatCount=0, eventTime=427443, downTime=427443, deviceId=-1, source=0x101 }
01-16 17:12:27.803  8579  8579 I Input   : injectKeyEvent: KeyEvent { action=ACTION_DOWN, keyCode=KEYCODE_DEL, scanCode=0, metaState=0, flags=0x0, repeatCount=0, eventTime=427445, downTime=427445, deviceId=-1, source=0x101 }
01-16 17:12:27.804  8579  8579 I Input   : injectKeyEvent: KeyEvent { action=ACTION_UP, keyCode=KEYCODE_DEL, scanCode=0, metaState=0, flags=0x0, repeatCount=0, eventTime=427445, downTime=427445, deviceId=-1, source=0x101 }
01-16 17:12:27.804  8579  8579 I Input   : injectKeyEvent: KeyEvent { action=ACTION_DOWN, keyCode=KEYCODE_DEL, scanCode=0, metaState=0, flags=0x0, repeatCount=0, eventTime=427446, downTime=427446, deviceId=-1, source=0x101 }
01-16 17:12:27.805  8579  8579 I Input   : injectKeyEvent: KeyEvent { action=ACTION_UP, keyCode=KEYCODE_DEL, scanCode=0, metaState=0, flags=0x0, repeatCount=0, eventTime=427446, downTime=427446, deviceId=-1, source=0x101 }
01-16 17:12:27.806  8579  8579 I Input   : injectKeyEvent: KeyEvent { action=ACTION_DOWN, keyCode=KEYCODE_DEL, scanCode=0, metaState=0, flags=0x0, repeatCount=0, eventTime=427448, downTime=427448, deviceId=-1, source=0x101 }
01-16 17:12:27.807  8579  8579 I Input   : injectKeyEvent: KeyEvent { action=ACTION_UP, keyCode=KEYCODE_DEL, scanCode=0, metaState=0, flags=0x0, repeatCount=0, eventTime=427448, downTime=427448, deviceId=-1, source=0x101 }
01-16 17:12:27.808  8579  8579 I Input   : injectKeyEvent: KeyEvent { action=ACTION_DOWN, keyCode=KEYCODE_DEL, scanCode=0, metaState=0, flags=0x0, repeatCount=0, eventTime=427450, downTime=427450, deviceId=-1, source=0x101 }
01-16 17:12:27.810  8579  8579 I Input   : injectKeyEvent: KeyEvent { action=ACTION_UP, keyCode=KEYCODE_DEL, scanCode=0, metaState=0, flags=0x0, repeatCount=0, eventTime=427450, downTime=427450, deviceId=-1, source=0x101 }
01-16 17:12:27.811  8579  8579 I Input   : injectKeyEvent: KeyEvent { action=ACTION_DOWN, keyCode=KEYCODE_DEL, scanCode=0, metaState=0, flags=0x0, repeatCount=0, eventTime=427453, downTime=427453, deviceId=-1, source=0x101 }
01-16 17:12:27.812  8579  8579 I Input   : injectKeyEvent: KeyEvent { action=ACTION_UP, keyCode=KEYCODE_DEL, scanCode=0, metaState=0, flags=0x0, repeatCount=0, eventTime=427453, downTime=427453, deviceId=-1, source=0x101 }
01-16 17:12:27.812  8579  8579 I Input   : injectKeyEvent: KeyEvent { action=ACTION_DOWN, keyCode=KEYCODE_DEL, scanCode=0, metaState=0, flags=0x0, repeatCount=0, eventTime=427454, downTime=427454, deviceId=-1, source=0x101 }
01-16 17:12:27.814  8579  8579 I Input   : injectKeyEvent: KeyEvent { action=ACTION_UP, keyCode=KEYCODE_DEL, scanCode=0, metaState=0, flags=0x0, repeatCount=0, eventTime=427454, downTime=427454, deviceId=-1, source=0x101 }
01-16 17:12:27.814  8579  8579 I Input   : injectKeyEvent: KeyEvent { action=ACTION_DOWN, keyCode=KEYCODE_DEL, scanCode=0, metaState=0, flags=0x0, repeatCount=0, eventTime=427456, downTime=427456, deviceId=-1, source=0x101 }
01-16 17:12:27.815  8579  8579 I Input   : injectKeyEvent: KeyEvent { action=ACTION_UP, keyCode=KEYCODE_DEL, scanCode=0, metaState=0, flags=0x0, repeatCount=0, eventTime=427456, downTime=427456, deviceId=-1, source=0x101 }
01-16 17:12:27.816  8579  8579 I Input   : injectKeyEvent: KeyEvent { action=ACTION_DOWN, keyCode=KEYCODE_DEL, scanCode=0, metaState=0, flags=0x0, repeatCount=0, eventTime=427458, downTime=427458, deviceId=-1, source=0x101 }
01-16 17:12:27.817  8579  8579 I Input   : injectKeyEvent: KeyEvent { action=ACTION_UP, keyCode=KEYCODE_DEL, scanCode=0, metaState=0, flags=0x0, repeatCount=0, eventTime=427458, downTime=427458, deviceId=-1, source=0x101 }
01-16 17:12:27.817  8579  8579 I Input   : injectKeyEvent: KeyEvent { action=ACTION_DOWN, keyCode=KEYCODE_DEL, scanCode=0, metaState=0, flags=0x0, repeatCount=0, eventTime=427459, downTime=427459, deviceId=-1, source=0x101 }
01-16 17:12:27.818  8579  8579 I Input   : injectKeyEvent: KeyEvent { action=ACTION_UP, keyCode=KEYCODE_DEL, scanCode=0, metaState=0, flags=0x0, repeatCount=0, eventTime=427459, downTime=427459, deviceId=-1, source=0x101 }
01-16 17:12:27.819  8579  8579 I Input   : injectKeyEvent: KeyEvent { action=ACTION_DOWN, keyCode=KEYCODE_DEL, scanCode=0, metaState=0, flags=0x0, repeatCount=0, eventTime=427461, downTime=427461, deviceId=-1, source=0x101 }
01-16 17:12:27.820  8579  8579 I Input   : injectKeyEvent: KeyEvent { action=ACTION_UP, keyCode=KEYCODE_DEL, scanCode=0, metaState=0, flags=0x0, repeatCount=0, eventTime=427461, downTime=427461, deviceId=-1, source=0x101 }
01-16 17:12:27.821  8579  8579 I Input   : injectKeyEvent: KeyEvent { action=ACTION_DOWN, keyCode=KEYCODE_DEL, scanCode=0, metaState=0, flags=0x0, repeatCount=0, eventTime=427462, downTime=427462, deviceId=-1, source=0x101 }
01-16 17:12:27.821  8579  8579 I Input   : injectKeyEvent: KeyEvent { action=ACTION_UP, keyCode=KEYCODE_DEL, scanCode=0, metaState=0, flags=0x0, repeatCount=0, eventTime=427462, downTime=427462, deviceId=-1, source=0x101 }
01-16 17:12:27.822  8579  8579 I Input   : injectKeyEvent: KeyEvent { action=ACTION_DOWN, keyCode=KEYCODE_DEL, scanCode=0, metaState=0, flags=0x0, repeatCount=0, eventTime=427464, downTime=427464, deviceId=-1, source=0x101 }
01-16 17:12:27.823  8579  8579 I Input   : injectKeyEvent: KeyEvent { action=ACTION_UP, keyCode=KEYCODE_DEL, scanCode=0, metaState=0, flags=0x0, repeatCount=0, eventTime=427464, downTime=427464, deviceId=-1, source=0x101 }
01-16 17:12:27.824  8579  8579 I Input   : injectKeyEvent: KeyEvent { action=ACTION_DOWN, keyCode=KEYCODE_DEL, scanCode=0, metaState=0, flags=0x0, repeatCount=0, eventTime=427465, downTime=427465, deviceId=-1, source=0x101 }
01-16 17:12:27.825  8579  8579 I Input   : injectKeyEvent: KeyEvent { action=ACTION_UP, keyCode=KEYCODE_DEL, scanCode=0, metaState=0, flags=0x0, repeatCount=0, eventTime=427465, downTime=427465, deviceId=-1, source=0x101 }
01-16 17:12:27.826  8579  8579 I Input   : injectKeyEvent: KeyEvent { action=ACTION_DOWN, keyCode=KEYCODE_DEL, scanCode=0, metaState=0, flags=0x0, repeatCount=0, eventTime=427468, downTime=427468, deviceId=-1, source=0x101 }
01-16 17:12:27.827  8579  8579 I Input   : injectKeyEvent: KeyEvent { action=ACTION_UP, keyCode=KEYCODE_DEL, scanCode=0, metaState=0, flags=0x0, repeatCount=0, eventTime=427468, downTime=427468, deviceId=-1, source=0x101 }
01-16 17:12:27.828  8579  8579 I Input   : injectKeyEvent: KeyEvent { action=ACTION_DOWN, keyCode=KEYCODE_DEL, scanCode=0, metaState=0, flags=0x0, repeatCount=0, eventTime=427470, downTime=427470, deviceId=-1, source=0x101 }
01-16 17:12:27.830  8579  8579 I Input   : injectKeyEvent: KeyEvent { action=ACTION_UP, keyCode=KEYCODE_DEL, scanCode=0, metaState=0, flags=0x0, repeatCount=0, eventTime=427470, downTime=427470, deviceId=-1, source=0x101 }
01-16 17:12:27.830  8579  8579 I Input   : injectKeyEvent: KeyEvent { action=ACTION_DOWN, keyCode=KEYCODE_DEL, scanCode=0, metaState=0, flags=0x0, repeatCount=0, eventTime=427472, downTime=427472, deviceId=-1, source=0x101 }
01-16 17:12:27.831  8579  8579 I Input   : injectKeyEvent: KeyEvent { action=ACTION_UP, keyCode=KEYCODE_DEL, scanCode=0, metaState=0, flags=0x0, repeatCount=0, eventTime=427472, downTime=427472, deviceId=-1, source=0x101 }
01-16 17:12:27.832  8579  8579 I Input   : injectKeyEvent: KeyEvent { action=ACTION_DOWN, keyCode=KEYCODE_DEL, scanCode=0, metaState=0, flags=0x0, repeatCount=0, eventTime=427474, downTime=427474, deviceId=-1, source=0x101 }
01-16 17:12:27.833  8579  8579 I Input   : injectKeyEvent: KeyEvent { action=ACTION_UP, keyCode=KEYCODE_DEL, scanCode=0, metaState=0, flags=0x0, repeatCount=0, eventTime=427474, downTime=427474, deviceId=-1, source=0x101 }
01-16 17:12:27.833  8579  8579 I Input   : injectKeyEvent: KeyEvent { action=ACTION_DOWN, keyCode=KEYCODE_DEL, scanCode=0, metaState=0, flags=0x0, repeatCount=0, eventTime=427475, downTime=427475, deviceId=-1, source=0x101 }
01-16 17:12:27.834  8579  8579 I Input   : injectKeyEvent: KeyEvent { action=ACTION_UP, keyCode=KEYCODE_DEL, scanCode=0, metaState=0, flags=0x0, repeatCount=0, eventTime=427475, downTime=427475, deviceId=-1, source=0x101 }
01-16 17:12:27.835  8579  8579 I Input   : injectKeyEvent: KeyEvent { action=ACTION_DOWN, keyCode=KEYCODE_DEL, scanCode=0, metaState=0, flags=0x0, repeatCount=0, eventTime=427477, downTime=427477, deviceId=-1, source=0x101 }
01-16 17:12:27.836  8579  8579 I Input   : injectKeyEvent: KeyEvent { action=ACTION_UP, keyCode=KEYCODE_DEL, scanCode=0, metaState=0, flags=0x0, repeatCount=0, eventTime=427477, downTime=427477, deviceId=-1, source=0x101 }
01-16 17:12:27.837  8579  8579 I Input   : injectKeyEvent: KeyEvent { action=ACTION_DOWN, keyCode=KEYCODE_DEL, scanCode=0, metaState=0, flags=0x0, repeatCount=0, eventTime=427478, downTime=427478, deviceId=-1, source=0x101 }
01-16 17:12:27.837  8579  8579 I Input   : injectKeyEvent: KeyEvent { action=ACTION_UP, keyCode=KEYCODE_DEL, scanCode=0, metaState=0, flags=0x0, repeatCount=0, eventTime=427478, downTime=427478, deviceId=-1, source=0x101 }
01-16 17:12:27.838  8579  8579 I Input   : injectKeyEvent: KeyEvent { action=ACTION_DOWN, keyCode=KEYCODE_DEL, scanCode=0, metaState=0, flags=0x0, repeatCount=0, eventTime=427480, downTime=427480, deviceId=-1, source=0x101 }
01-16 17:12:27.839  8579  8579 I Input   : injectKeyEvent: KeyEvent { action=ACTION_UP, keyCode=KEYCODE_DEL, scanCode=0, metaState=0, flags=0x0, repeatCount=0, eventTime=427480, downTime=427480, deviceId=-1, source=0x101 }
01-16 17:12:27.840  8579  8579 I Input   : injectKeyEvent: KeyEvent { action=ACTION_DOWN, keyCode=KEYCODE_DEL, scanCode=0, metaState=0, flags=0x0, repeatCount=0, eventTime=427482, downTime=427482, deviceId=-1, source=0x101 }
01-16 17:12:27.841  8579  8579 I Input   : injectKeyEvent: KeyEvent { action=ACTION_UP, keyCode=KEYCODE_DEL, scanCode=0, metaState=0, flags=0x0, repeatCount=0, eventTime=427482, downTime=427482, deviceId=-1, source=0x101 }
01-16 17:12:27.841  8579  8579 I Input   : injectKeyEvent: KeyEvent { action=ACTION_DOWN, keyCode=KEYCODE_DEL, scanCode=0, metaState=0, flags=0x0, repeatCount=0, eventTime=427483, downTime=427483, deviceId=-1, source=0x101 }
01-16 17:12:27.843  8579  8579 I Input   : injectKeyEvent: KeyEvent { action=ACTION_UP, keyCode=KEYCODE_DEL, scanCode=0, metaState=0, flags=0x0, repeatCount=0, eventTime=427483, downTime=427483, deviceId=-1, source=0x101 }
01-16 17:12:27.844  8579  8579 I Input   : injectKeyEvent: KeyEvent { action=ACTION_DOWN, keyCode=KEYCODE_DEL, scanCode=0, metaState=0, flags=0x0, repeatCount=0, eventTime=427486, downTime=427486, deviceId=-1, source=0x101 }
01-16 17:12:27.845  8579  8579 I Input   : injectKeyEvent: KeyEvent { action=ACTION_UP, keyCode=KEYCODE_DEL, scanCode=0, metaState=0, flags=0x0, repeatCount=0, eventTime=427486, downTime=427486, deviceId=-1, source=0x101 }
01-16 17:12:27.846  8579  8579 D AndroidRuntime: Shutting down VM
01-16 17:12:28.020  8589  8589 D AndroidRuntime: >>>>>> START com.android.internal.os.RuntimeInit uid 2000 <<<<<<
01-16 17:12:28.021  8589  8589 D AndroidRuntime: CheckJNI is OFF
01-16 17:12:28.021  8589  8589 E cutils-trace: Error opening trace file: No such file or directory (2)
01-16 17:12:28.041  8589  8589 D ICU     : No timezone override file found: /data/misc/zoneinfo/current/icu/icu_tzdata.dat
01-16 17:12:28.046  8589  8589 E memtrack: Couldn't load memtrack module (No such file or directory)
01-16 17:12:28.046  8589  8589 E android.os.Debug: failed to load memtrack module: -2
01-16 17:12:28.046  8589  8589 I Radio-JNI: register_android_hardware_Radio DONE
01-16 17:12:28.048  8589  8589 D AndroidRuntime: Calling main entry com.android.commands.input.Input
01-16 17:12:28.050  8589  8589 I Input   : injectKeyEvent: KeyEvent { action=ACTION_DOWN, keyCode=KEYCODE_SHIFT_LEFT, scanCode=0, metaState=META_SHIFT_ON|META_SHIFT_LEFT_ON, flags=0x0, repeatCount=0, eventTime=427692, downTime=427692, deviceId=-1, source=0x101 }
01-16 17:12:28.051  8589  8589 I Input   : injectKeyEvent: KeyEvent { action=ACTION_DOWN, keyCode=KEYCODE_T, scanCode=0, metaState=META_SHIFT_ON|META_SHIFT_LEFT_ON, flags=0x0, repeatCount=0, eventTime=427692, downTime=427692, deviceId=-1, source=0x101 }
01-16 17:12:28.052  8589  8589 I Input   : injectKeyEvent: KeyEvent { action=ACTION_UP, keyCode=KEYCODE_T, scanCode=0, metaState=META_SHIFT_ON|META_SHIFT_LEFT_ON, flags=0x0, repeatCount=0, eventTime=427692, downTime=427692, deviceId=-1, source=0x101 }
01-16 17:12:28.053  8589  8589 I Input   : injectKeyEvent: KeyEvent { action=ACTION_UP, keyCode=KEYCODE_SHIFT_LEFT, scanCode=0, metaState=0, flags=0x0, repeatCount=0, eventTime=427692, downTime=427692, deviceId=-1, source=0x101 }
01-16 17:12:28.053  8589  8589 I Input   : injectKeyEvent: KeyEvent { action=ACTION_DOWN, keyCode=KEYCODE_E, scanCode=0, metaState=0, flags=0x0, repeatCount=0, eventTime=427692, downTime=427692, deviceId=-1, source=0x101 }
01-16 17:12:28.054  8589  8589 I Input   : injectKeyEvent: KeyEvent { action=ACTION_UP, keyCode=KEYCODE_E, scanCode=0, metaState=0, flags=0x0, repeatCount=0, eventTime=427692, downTime=427692, deviceId=-1, source=0x101 }
01-16 17:12:28.054  8589  8589 I Input   : injectKeyEvent: KeyEvent { action=ACTION_DOWN, keyCode=KEYCODE_S, scanCode=0, metaState=0, flags=0x0, repeatCount=0, eventTime=427692, downTime=427692, deviceId=-1, source=0x101 }
01-16 17:12:28.055  8589  8589 I Input   : injectKeyEvent: KeyEvent { action=ACTION_UP, keyCode=KEYCODE_S, scanCode=0, metaState=0, flags=0x0, repeatCount=0, eventTime=427692, downTime=427692, deviceId=-1, source=0x101 }
01-16 17:12:28.056  8589  8589 I Input   : injectKeyEvent: KeyEvent { action=ACTION_DOWN, keyCode=KEYCODE_T, scanCode=0, metaState=0, flags=0x0, repeatCount=0, eventTime=427692, downTime=427692, deviceId=-1, source=0x101 }
01-16 17:12:28.056  8589  8589 I Input   : injectKeyEvent: KeyEvent { action=ACTION_UP, keyCode=KEYCODE_T, scanCode=0, metaState=0, flags=0x0, repeatCount=0, eventTime=427692, downTime=427692, deviceId=-1, source=0x101 }
01-16 17:12:28.057  8589  8589 I Input   : injectKeyEvent: KeyEvent { action=ACTION_DOWN, keyCode=KEYCODE_SHIFT_LEFT, scanCode=0, metaState=META_SHIFT_ON|META_SHIFT_LEFT_ON, flags=0x0, repeatCount=0, eventTime=427692, downTime=427692, deviceId=-1, source=0x101 }
01-16 17:12:28.058  8589  8589 I Input   : injectKeyEvent: KeyEvent { action=ACTION_DOWN, keyCode=KEYCODE_T, scanCode=0, metaState=META_SHIFT_ON|META_SHIFT_LEFT_ON, flags=0x0, repeatCount=0, eventTime=427692, downTime=427692, deviceId=-1, source=0x101 }
01-16 17:12:28.059  8589  8589 I Input   : injectKeyEvent: KeyEvent { action=ACTION_UP, keyCode=KEYCODE_T, scanCode=0, metaState=META_SHIFT_ON|META_SHIFT_LEFT_ON, flags=0x0, repeatCount=0, eventTime=427692, downTime=427692, deviceId=-1, source=0x101 }
01-16 17:12:28.060  8589  8589 I Input   : injectKeyEvent: KeyEvent { action=ACTION_UP, keyCode=KEYCODE_SHIFT_LEFT, scanCode=0, metaState=0, flags=0x0, repeatCount=0, eventTime=427692, downTime=427692, deviceId=-1, source=0x101 }
01-16 17:12:28.060  8589  8589 I Input   : injectKeyEvent: KeyEvent { action=ACTION_DOWN, keyCode=KEYCODE_E, scanCode=0, metaState=0, flags=0x0, repeatCount=0, eventTime=427692, downTime=427692, deviceId=-1, source=0x101 }
01-16 17:12:28.061  8589  8589 I Input   : injectKeyEvent: KeyEvent { action=ACTION_UP, keyCode=KEYCODE_E, scanCode=0, metaState=0, flags=0x0, repeatCount=0, eventTime=427692, downTime=427692, deviceId=-1, source=0x101 }
01-16 17:12:28.062  8589  8589 I Input   : injectKeyEvent: KeyEvent { action=ACTION_DOWN, keyCode=KEYCODE_S, scanCode=0, metaState=0, flags=0x0, repeatCount=0, eventTime=427692, downTime=427692, deviceId=-1, source=0x101 }
01-16 17:12:28.063  8589  8589 I Input   : injectKeyEvent: KeyEvent { action=ACTION_UP, keyCode=KEYCODE_S, scanCode=0, metaState=0, flags=0x0, repeatCount=0, eventTime=427692, downTime=427692, deviceId=-1, source=0x101 }
01-16 17:12:28.063  8589  8589 I Input   : injectKeyEvent: KeyEvent { action=ACTION_DOWN, keyCode=KEYCODE_T, scanCode=0, metaState=0, flags=0x0, repeatCount=0, eventTime=427692, downTime=427692, deviceId=-1, source=0x101 }
01-16 17:12:28.064  8589  8589 I Input   : injectKeyEvent: KeyEvent { action=ACTION_UP, keyCode=KEYCODE_T, scanCode=0, metaState=0, flags=0x0, repeatCount=0, eventTime=427692, downTime=427692, deviceId=-1, source=0x101 }
01-16 17:12:28.065  8589  8589 I Input   : injectKeyEvent: KeyEvent { action=ACTION_DOWN, keyCode=KEYCODE_SPACE, scanCode=0, metaState=0, flags=0x0, repeatCount=0, eventTime=427692, downTime=427692, deviceId=-1, source=0x101 }
01-16 17:12:28.066  8589  8589 I Input   : injectKeyEvent: KeyEvent { action=ACTION_UP, keyCode=KEYCODE_SPACE, scanCode=0, metaState=0, flags=0x0, repeatCount=0, eventTime=427692, downTime=427692, deviceId=-1, source=0x101 }
01-16 17:12:28.066  8589  8589 I Input   : injectKeyEvent: KeyEvent { action=ACTION_DOWN, keyCode=KEYCODE_SHIFT_LEFT, scanCode=0, metaState=META_SHIFT_ON|META_SHIFT_LEFT_ON, flags=0x0, repeatCount=0, eventTime=427692, downTime=427692, deviceId=-1, source=0x101 }
01-16 17:12:28.067  8589  8589 I Input   : injectKeyEvent: KeyEvent { action=ACTION_DOWN, keyCode=KEYCODE_T, scanCode=0, metaState=META_SHIFT_ON|META_SHIFT_LEFT_ON, flags=0x0, repeatCount=0, eventTime=427692, downTime=427692, deviceId=-1, source=0x101 }
01-16 17:12:28.068  8589  8589 I Input   : injectKeyEvent: KeyEvent { action=ACTION_UP, keyCode=KEYCODE_T, scanCode=0, metaState=META_SHIFT_ON|META_SHIFT_LEFT_ON, flags=0x0, repeatCount=0, eventTime=427692, downTime=427692, deviceId=-1, source=0x101 }
01-16 17:12:28.068  8589  8589 I Input   : injectKeyEvent: KeyEvent { action=ACTION_UP, keyCode=KEYCODE_SHIFT_LEFT, scanCode=0, metaState=0, flags=0x0, repeatCount=0, eventTime=427692, downTime=427692, deviceId=-1, source=0x101 }
01-16 17:12:28.069  8589  8589 I Input   : injectKeyEvent: KeyEvent { action=ACTION_DOWN, keyCode=KEYCODE_E, scanCode=0, metaState=0, flags=0x0, repeatCount=0, eventTime=427692, downTime=427692, deviceId=-1, source=0x101 }
01-16 17:12:28.070  8589  8589 I Input   : injectKeyEvent: KeyEvent { action=ACTION_UP, keyCode=KEYCODE_E, scanCode=0, metaState=0, flags=0x0, repeatCount=0, eventTime=427692, downTime=427692, deviceId=-1, source=0x101 }
01-16 17:12:28.071  8589  8589 I Input   : injectKeyEvent: KeyEvent { action=ACTION_DOWN, keyCode=KEYCODE_S, scanCode=0, metaState=0, flags=0x0, repeatCount=0, eventTime=427692, downTime=427692, deviceId=-1, source=0x101 }
01-16 17:12:28.071  8589  8589 I Input   : injectKeyEvent: KeyEvent { action=ACTION_UP, keyCode=KEYCODE_S, scanCode=0, metaState=0, flags=0x0, repeatCount=0, eventTime=427692, downTime=427692, deviceId=-1, source=0x101 }
01-16 17:12:28.072  8589  8589 I Input   : injectKeyEvent: KeyEvent { action=ACTION_DOWN, keyCode=KEYCODE_T, scanCode=0, metaState=0, flags=0x0, repeatCount=0, eventTime=427692, downTime=427692, deviceId=-1, source=0x101 }
01-16 17:12:28.073  8589  8589 I Input   : injectKeyEvent: KeyEvent { action=ACTION_UP, keyCode=KEYCODE_T, scanCode=0, metaState=0, flags=0x0, repeatCount=0, eventTime=427692, downTime=427692, deviceId=-1, source=0x101 }
01-16 17:12:28.073  8589  8589 D AndroidRuntime: Shutting down VM
01-16 17:12:28.214  8603  8603 W ls      : type=1400 audit(0.0:56): avc: denied { getattr } for path="/proc/sysrq-trigger" dev="proc" ino=4026533584 scontext=u:r:shell:s0 tcontext=u:object_r:proc_sysrq:s0 tclass=file permissive=0
01-16 17:12:28.214  8603  8603 W ls      : type=1400 audit(0.0:57): avc: denied { getattr } for path="/proc/iomem" dev="proc" ino=4026533557 scontext=u:r:shell:s0 tcontext=u:object_r:proc_iomem:s0 tclass=file permissive=0
01-16 17:12:29.709   927   952 E SurfaceFlinger: ro.sf.lcd_density must be defined as a build property
01-16 17:12:29.710  8857  8857 E cutils-trace: Error opening trace file: No such file or directory (2)
01-16 17:12:29.710   927   952 D gralloc_ranchu: gralloc_alloc: Creating ashmem region of size 8294400
01-16 17:12:29.715  8857  8857 D         : HostConnection::get() New Host Connection established 0x758f62d4e0, tid 8857
01-16 17:12:29.717   927   927 E EGL_emulation: tid 927: eglCreateSyncKHR(2050): error 0x3004 (EGL_BAD_ATTRIBUTE)
01-16 17:12:29.951  8863  8863 D AndroidRuntime: >>>>>> START com.android.internal.os.RuntimeInit uid 2000 <<<<<<
01-16 17:12:29.952  8863  8863 D AndroidRuntime: CheckJNI is OFF
01-16 17:12:29.952  8863  8863 E cutils-trace: Error opening trace file: No such file or directory (2)
01-16 17:12:29.974  8863  8863 D ICU     : No timezone override file found: /data/misc/zoneinfo/current/icu/icu_tzdata.dat
01-16 17:12:29.980  8863  8863 E memtrack: Couldn't load memtrack module (No such file or directory)
01-16 17:12:29.980  8863  8863 E android.os.Debug: failed to load memtrack module: -2
01-16 17:12:29.980  8863  8863 I Radio-JNI: register_android_hardware_Radio DONE
01-16 17:12:29.982  8863  8863 D AndroidRuntime: Calling main entry com.android.commands.am.Am
01-16 17:12:29.986  2364  2364 D MediaScannerReceiver: action: android.intent.action.MEDIA_SCANNER_SCAN_FILE path: /storage/emulated/0/screen.png
01-16 17:12:29.987  8863  8863 D AndroidRuntime: Shutting down VM
01-16 17:12:32.478  8876  8876 D AndroidRuntime: >>>>>> START com.android.internal.os.RuntimeInit uid 2000 <<<<<<
01-16 17:12:32.479  8876  8876 D AndroidRuntime: CheckJNI is OFF
01-16 17:12:32.479  8876  8876 E cutils-trace: Error opening trace file: No such file or directory (2)
01-16 17:12:32.500  8876  8876 D ICU     : No timezone override file found: /data/local/tmp/misc/zoneinfo/current/icu/icu_tzdata.dat
01-16 17:12:32.508  8876  8876 E memtrack: Couldn't load memtrack module (No such file or directory)
01-16 17:12:32.508  8876  8876 E android.os.Debug: failed to load memtrack module: -2
01-16 17:12:32.508  8876  8876 I Radio-JNI: register_android_hardware_Radio DONE
01-16 17:12:32.511  8876  8876 D AndroidRuntime: Calling main entry com.android.commands.uiautomator.Launcher
01-16 17:12:33.533  8876  8876 W AccessibilityNodeInfoDumper: Fetch time: 2ms
01-16 17:12:33.534  1252  1631 W WindowManager: Attempted to remove non-existing token: android.os.Binder@fa833c9
01-16 17:12:33.544  8876  8876 D AndroidRuntime: Shutting down VM
01-16 17:12:35.937  8891  8891 D AndroidRuntime: >>>>>> START com.android.internal.os.RuntimeInit uid 2000 <<<<<<
01-16 17:12:35.938  8891  8891 D AndroidRuntime: CheckJNI is OFF
01-16 17:12:35.939  8891  8891 E cutils-trace: Error opening trace file: No such file or directory (2)
01-16 17:12:35.961  8891  8891 D ICU     : No timezone override file found: /data/local/tmp/misc/zoneinfo/current/icu/icu_tzdata.dat
01-16 17:12:35.971  8891  8891 E memtrack: Couldn't load memtrack module (No such file or directory)
01-16 17:12:35.971  8891  8891 E android.os.Debug: failed to load memtrack module: -2
01-16 17:12:35.971  8891  8891 I Radio-JNI: register_android_hardware_Radio DONE
01-16 17:12:35.974  8891  8891 D AndroidRuntime: Calling main entry com.android.commands.uiautomator.Launcher
01-16 17:12:36.991  8891  8891 W AccessibilityNodeInfoDumper: Fetch time: 4ms
01-16 17:12:36.992  1252  4142 W WindowManager: Attempted to remove non-existing token: android.os.Binder@6f74385
01-16 17:12:36.998  8891  8891 D AndroidRuntime: Shutting down VM
01-16 17:12:37.446  8908  8908 D AndroidRuntime: >>>>>> START com.android.internal.os.RuntimeInit uid 2000 <<<<<<
01-16 17:12:37.447  8908  8908 D AndroidRuntime: CheckJNI is OFF
01-16 17:12:37.447  8908  8908 E cutils-trace: Error opening trace file: No such file or directory (2)
01-16 17:12:37.467  8908  8908 D ICU     : No timezone override file found: /data/local/tmp/misc/zoneinfo/current/icu/icu_tzdata.dat
01-16 17:12:37.474  8908  8908 E memtrack: Couldn't load memtrack module (No such file or directory)
01-16 17:12:37.474  8908  8908 E android.os.Debug: failed to load memtrack module: -2
01-16 17:12:37.474  8908  8908 I Radio-JNI: register_android_hardware_Radio DONE
01-16 17:12:37.477  8908  8908 D AndroidRuntime: Calling main entry com.android.commands.uiautomator.Launcher
01-16 17:12:38.495  8908  8908 W AccessibilityNodeInfoDumper: Fetch time: 3ms
01-16 17:12:38.496  1252  1728 W WindowManager: Attempted to remove non-existing token: android.os.Binder@20eca0b
01-16 17:12:38.501  8908  8908 D AndroidRuntime: Shutting down VM
01-16 17:12:38.933  8925  8925 D AndroidRuntime: >>>>>> START com.android.internal.os.RuntimeInit uid 2000 <<<<<<
01-16 17:12:38.934  8925  8925 D AndroidRuntime: CheckJNI is OFF
01-16 17:12:38.934  8925  8925 E cutils-trace: Error opening trace file: No such file or directory (2)
01-16 17:12:38.954  8925  8925 D ICU     : No timezone override file found: /data/misc/zoneinfo/current/icu/icu_tzdata.dat
01-16 17:12:38.960  8925  8925 E memtrack: Couldn't load memtrack module (No such file or directory)
01-16 17:12:38.960  8925  8925 E android.os.Debug: failed to load memtrack module: -2
01-16 17:12:38.960  8925  8925 I Radio-JNI: register_android_hardware_Radio DONE
01-16 17:12:38.963  8925  8925 D AndroidRuntime: Calling main entry com.android.commands.monkey.Monkey
01-16 17:12:38.973  1252  1269 W BroadcastQueue: Skipping deliver [background] BroadcastRecord{5ddfbe7 u-1 android.net.conn.CONNECTIVITY_CHANGE} to ReceiverList{deed394 8925 (unknown name)/2000/u-1 remote:26d9301}: process crashing
01-16 17:12:38.975  1252  4142 I ActivityManager: START u0 {act=android.intent.action.MAIN cat=[android.intent.category.LAUNCHER] flg=0x10200000 cmp=it.feio.android.omninotes/.MainActivity} from uid 2000 on display 0
01-16 17:12:38.979  8925  8925 I art     : System.exit called, status: 0
01-16 17:12:38.979  8925  8925 I AndroidRuntime: VM exiting with result code 0.
01-16 17:12:38.994  1413  1524 D EGL_emulation: eglMakeCurrent: 0x7959033820: ver 3 0 (tinfo 0x795900c600)
01-16 17:12:41.985  1252  1377 E TaskPersister: File error accessing recents directory (directory doesn't exist?).
01-16 17:12:54.327  8944  8944 D AndroidRuntime: >>>>>> START com.android.internal.os.RuntimeInit uid 2000 <<<<<<
01-16 17:12:54.328  8944  8944 D AndroidRuntime: CheckJNI is OFF
01-16 17:12:54.329  8944  8944 E cutils-trace: Error opening trace file: No such file or directory (2)
01-16 17:12:54.350  8944  8944 D ICU     : No timezone override file found: /data/local/tmp/misc/zoneinfo/current/icu/icu_tzdata.dat
01-16 17:12:54.359  8944  8944 E memtrack: Couldn't load memtrack module (No such file or directory)
01-16 17:12:54.359  8944  8944 E android.os.Debug: failed to load memtrack module: -2
01-16 17:12:54.359  8944  8944 I Radio-JNI: register_android_hardware_Radio DONE
01-16 17:12:54.362  8944  8944 D AndroidRuntime: Calling main entry com.android.commands.uiautomator.Launcher
01-16 17:12:55.385  8944  8944 W AccessibilityNodeInfoDumper: Fetch time: 4ms
01-16 17:12:55.386  1252  1634 W WindowManager: Attempted to remove non-existing token: android.os.Binder@3003e71
01-16 17:12:55.393  8944  8944 D AndroidRuntime: Shutting down VM
01-16 17:12:55.699  8956  8956 D AndroidRuntime: >>>>>> START com.android.internal.os.RuntimeInit uid 2000 <<<<<<
01-16 17:12:55.700  8956  8956 D AndroidRuntime: CheckJNI is OFF
01-16 17:12:55.700  8956  8956 E cutils-trace: Error opening trace file: No such file or directory (2)
01-16 17:12:55.719  8956  8956 D ICU     : No timezone override file found: /data/misc/zoneinfo/current/icu/icu_tzdata.dat
01-16 17:12:55.724  8956  8956 E memtrack: Couldn't load memtrack module (No such file or directory)
01-16 17:12:55.724  8956  8956 E android.os.Debug: failed to load memtrack module: -2
01-16 17:12:55.724  8956  8956 I Radio-JNI: register_android_hardware_Radio DONE
01-16 17:12:55.727  8956  8956 D AndroidRuntime: Calling main entry com.android.commands.input.Input
01-16 17:12:55.728  8956  8956 I Input   : injectMotionEvent: MotionEvent { action=ACTION_DOWN, actionButton=0, id[0]=0, x[0]=540.0, y[0]=1025.0, toolType[0]=TOOL_TYPE_UNKNOWN, buttonState=0, metaState=0, flags=0x0, edgeFlags=0x0, pointerCount=1, historySize=0, eventTime=455369, downTime=455369, deviceId=0, source=0x1002 }
01-16 17:12:55.732  8956  8956 I Input   : injectMotionEvent: MotionEvent { action=ACTION_UP, actionButton=0, id[0]=0, x[0]=540.0, y[0]=1025.0, toolType[0]=TOOL_TYPE_UNKNOWN, buttonState=0, metaState=0, flags=0x0, edgeFlags=0x0, pointerCount=1, historySize=0, eventTime=455369, downTime=455369, deviceId=0, source=0x1002 }
01-16 17:12:55.734  8956  8956 D AndroidRuntime: Shutting down VM
01-16 17:12:55.749  6990  6990 W IInputConnectionWrapper: finishComposingText on inactive InputConnection
01-16 17:12:58.454  8973  8973 W ls      : type=1400 audit(0.0:58): avc: denied { getattr } for path="/proc/sysrq-trigger" dev="proc" ino=4026533584 scontext=u:r:shell:s0 tcontext=u:object_r:proc_sysrq:s0 tclass=file permissive=0
01-16 17:12:58.454  8973  8973 W ls      : type=1400 audit(0.0:59): avc: denied { getattr } for path="/proc/iomem" dev="proc" ino=4026533557 scontext=u:r:shell:s0 tcontext=u:object_r:proc_iomem:s0 tclass=file permissive=0
01-16 17:13:00.224  9234  9234 D AndroidRuntime: >>>>>> START com.android.internal.os.RuntimeInit uid 2000 <<<<<<
01-16 17:13:00.225  9234  9234 D AndroidRuntime: CheckJNI is OFF
01-16 17:13:00.225  9234  9234 E cutils-trace: Error opening trace file: No such file or directory (2)
01-16 17:13:00.246  9234  9234 D ICU     : No timezone override file found: /data/misc/zoneinfo/current/icu/icu_tzdata.dat
01-16 17:13:00.252  9234  9234 E memtrack: Couldn't load memtrack module (No such file or directory)
01-16 17:13:00.252  9234  9234 E android.os.Debug: failed to load memtrack module: -2
01-16 17:13:00.252  9234  9234 I Radio-JNI: register_android_hardware_Radio DONE
01-16 17:13:00.254  9234  9234 D AndroidRuntime: Calling main entry com.android.commands.monkey.Monkey
01-16 17:13:00.265  1252  1269 W BroadcastQueue: Skipping deliver [background] BroadcastRecord{d0950ad u-1 android.net.conn.CONNECTIVITY_CHANGE} to ReceiverList{65a3fe2 9234 (unknown name)/2000/u-1 remote:a07acd7}: process crashing
01-16 17:13:00.267  1252  1728 I ActivityManager: START u0 {act=android.intent.action.MAIN cat=[android.intent.category.LAUNCHER] flg=0x10200000 cmp=it.feio.android.omninotes/.MainActivity} from uid 2000 on display 0
01-16 17:13:00.272  9234  9234 I art     : System.exit called, status: 0
01-16 17:13:00.272  9234  9234 I AndroidRuntime: VM exiting with result code 0.
01-16 17:13:03.278  1252  1377 E TaskPersister: File error accessing recents directory (directory doesn't exist?).
01-16 17:13:16.571  9247  9247 D AndroidRuntime: >>>>>> START com.android.internal.os.RuntimeInit uid 2000 <<<<<<
01-16 17:13:16.573  9247  9247 D AndroidRuntime: CheckJNI is OFF
01-16 17:13:16.573  9247  9247 E cutils-trace: Error opening trace file: No such file or directory (2)
01-16 17:13:16.605  9247  9247 D ICU     : No timezone override file found: /data/local/tmp/misc/zoneinfo/current/icu/icu_tzdata.dat
01-16 17:13:16.617  9247  9247 E memtrack: Couldn't load memtrack module (No such file or directory)
01-16 17:13:16.617  9247  9247 E android.os.Debug: failed to load memtrack module: -2
01-16 17:13:16.618  9247  9247 I Radio-JNI: register_android_hardware_Radio DONE
01-16 17:13:16.622  9247  9247 D AndroidRuntime: Calling main entry com.android.commands.uiautomator.Launcher
01-16 17:13:17.653  9247  9247 W AccessibilityNodeInfoDumper: Fetch time: 3ms
01-16 17:13:17.654  1252  1728 W WindowManager: Attempted to remove non-existing token: android.os.Binder@eb03f73
01-16 17:13:17.674  9247  9247 D AndroidRuntime: Shutting down VM
01-16 17:13:18.908  9275  9275 D AndroidRuntime: >>>>>> START com.android.internal.os.RuntimeInit uid 2000 <<<<<<
01-16 17:13:18.911  9275  9275 D AndroidRuntime: CheckJNI is OFF
01-16 17:13:18.912  9275  9275 E cutils-trace: Error opening trace file: No such file or directory (2)
01-16 17:13:18.957  9275  9275 D ICU     : No timezone override file found: /data/local/tmp/misc/zoneinfo/current/icu/icu_tzdata.dat
01-16 17:13:18.975  9275  9275 E memtrack: Couldn't load memtrack module (No such file or directory)
01-16 17:13:18.975  9275  9275 E android.os.Debug: failed to load memtrack module: -2
01-16 17:13:18.975  9275  9275 I Radio-JNI: register_android_hardware_Radio DONE
01-16 17:13:18.982  9275  9275 D AndroidRuntime: Calling main entry com.android.commands.uiautomator.Launcher
01-16 17:13:20.020  9275  9275 W AccessibilityNodeInfoDumper: Fetch time: 4ms
01-16 17:13:20.022  1252  2329 W WindowManager: Attempted to remove non-existing token: android.os.Binder@d174aa9
01-16 17:13:20.036  9275  9275 D AndroidRuntime: Shutting down VM
01-16 17:13:20.549  9294  9294 D AndroidRuntime: >>>>>> START com.android.internal.os.RuntimeInit uid 2000 <<<<<<
01-16 17:13:20.551  9294  9294 D AndroidRuntime: CheckJNI is OFF
01-16 17:13:20.551  9294  9294 E cutils-trace: Error opening trace file: No such file or directory (2)
01-16 17:13:20.576  9294  9294 D ICU     : No timezone override file found: /data/local/tmp/misc/zoneinfo/current/icu/icu_tzdata.dat
01-16 17:13:20.584  9294  9294 E memtrack: Couldn't load memtrack module (No such file or directory)
01-16 17:13:20.584  9294  9294 E android.os.Debug: failed to load memtrack module: -2
01-16 17:13:20.584  9294  9294 I Radio-JNI: register_android_hardware_Radio DONE
01-16 17:13:20.587  9294  9294 D AndroidRuntime: Calling main entry com.android.commands.uiautomator.Launcher
01-16 17:13:21.610  9294  9294 W AccessibilityNodeInfoDumper: Fetch time: 4ms
01-16 17:13:21.612  1252  2637 W WindowManager: Attempted to remove non-existing token: android.os.Binder@6455fcf
01-16 17:13:21.625  9294  9294 D AndroidRuntime: Shutting down VM
01-16 17:13:22.860  9323  9323 D AndroidRuntime: >>>>>> START com.android.internal.os.RuntimeInit uid 2000 <<<<<<
01-16 17:13:22.861  9323  9323 D AndroidRuntime: CheckJNI is OFF
01-16 17:13:22.861  9323  9323 E cutils-trace: Error opening trace file: No such file or directory (2)
01-16 17:13:22.883  9323  9323 D ICU     : No timezone override file found: /data/local/tmp/misc/zoneinfo/current/icu/icu_tzdata.dat
01-16 17:13:22.892  9323  9323 E memtrack: Couldn't load memtrack module (No such file or directory)
01-16 17:13:22.892  9323  9323 E android.os.Debug: failed to load memtrack module: -2
01-16 17:13:22.892  9323  9323 I Radio-JNI: register_android_hardware_Radio DONE
01-16 17:13:22.896  9323  9323 D AndroidRuntime: Calling main entry com.android.commands.uiautomator.Launcher
01-16 17:13:23.913  9323  9323 W AccessibilityNodeInfoDumper: Fetch time: 3ms
01-16 17:13:23.914  1252  2329 W WindowManager: Attempted to remove non-existing token: android.os.Binder@c6229eb
01-16 17:13:23.918  9323  9323 D AndroidRuntime: Shutting down VM
01-16 17:13:25.243  9359  9359 D AndroidRuntime: >>>>>> START com.android.internal.os.RuntimeInit uid 2000 <<<<<<
01-16 17:13:25.244  9359  9359 D AndroidRuntime: CheckJNI is OFF
01-16 17:13:25.244  9359  9359 E cutils-trace: Error opening trace file: No such file or directory (2)
01-16 17:13:25.264  9359  9359 D ICU     : No timezone override file found: /data/local/tmp/misc/zoneinfo/current/icu/icu_tzdata.dat
01-16 17:13:25.273  9359  9359 E memtrack: Couldn't load memtrack module (No such file or directory)
01-16 17:13:25.273  9359  9359 E android.os.Debug: failed to load memtrack module: -2
01-16 17:13:25.273  9359  9359 I Radio-JNI: register_android_hardware_Radio DONE
01-16 17:13:25.276  9359  9359 D AndroidRuntime: Calling main entry com.android.commands.uiautomator.Launcher
01-16 17:13:26.293  9359  9359 W AccessibilityNodeInfoDumper: Fetch time: 3ms
01-16 17:13:26.293  1252  1634 W WindowManager: Attempted to remove non-existing token: android.os.Binder@6f35f06
01-16 17:13:26.299  9359  9359 D AndroidRuntime: Shutting down VM
01-16 17:13:26.754   927   952 E SurfaceFlinger: ro.sf.lcd_density must be defined as a build property
01-16 17:13:26.754  9377  9377 E cutils-trace: Error opening trace file: No such file or directory (2)
01-16 17:13:26.755   927   952 D gralloc_ranchu: gralloc_alloc: Creating ashmem region of size 8294400
01-16 17:13:26.758  9377  9377 D         : HostConnection::get() New Host Connection established 0x7f94e2d4e0, tid 9377
01-16 17:13:26.761   927   927 E EGL_emulation: tid 927: eglCreateSyncKHR(2050): error 0x3004 (EGL_BAD_ATTRIBUTE)
01-16 17:13:26.996  9383  9383 D AndroidRuntime: >>>>>> START com.android.internal.os.RuntimeInit uid 2000 <<<<<<
01-16 17:13:26.997  9383  9383 D AndroidRuntime: CheckJNI is OFF
01-16 17:13:26.997  9383  9383 E cutils-trace: Error opening trace file: No such file or directory (2)
01-16 17:13:27.020  9383  9383 D ICU     : No timezone override file found: /data/misc/zoneinfo/current/icu/icu_tzdata.dat
01-16 17:13:27.025  9383  9383 E memtrack: Couldn't load memtrack module (No such file or directory)
01-16 17:13:27.025  9383  9383 E android.os.Debug: failed to load memtrack module: -2
01-16 17:13:27.025  9383  9383 I Radio-JNI: register_android_hardware_Radio DONE
01-16 17:13:27.028  9383  9383 D AndroidRuntime: Calling main entry com.android.commands.am.Am
01-16 17:13:27.034  2364  2364 D MediaScannerReceiver: action: android.intent.action.MEDIA_SCANNER_SCAN_FILE path: /storage/emulated/0/screen.png
01-16 17:13:27.035  9383  9383 D AndroidRuntime: Shutting down VM
01-16 17:13:29.539  9396  9396 D AndroidRuntime: >>>>>> START com.android.internal.os.RuntimeInit uid 2000 <<<<<<
01-16 17:13:29.540  9396  9396 D AndroidRuntime: CheckJNI is OFF
01-16 17:13:29.540  9396  9396 E cutils-trace: Error opening trace file: No such file or directory (2)
01-16 17:13:29.560  9396  9396 D ICU     : No timezone override file found: /data/local/tmp/misc/zoneinfo/current/icu/icu_tzdata.dat
01-16 17:13:29.568  9396  9396 E memtrack: Couldn't load memtrack module (No such file or directory)
01-16 17:13:29.568  9396  9396 E android.os.Debug: failed to load memtrack module: -2
01-16 17:13:29.568  9396  9396 I Radio-JNI: register_android_hardware_Radio DONE
01-16 17:13:29.571  9396  9396 D AndroidRuntime: Calling main entry com.android.commands.uiautomator.Launcher
01-16 17:13:30.591  9396  9396 W AccessibilityNodeInfoDumper: Fetch time: 4ms
01-16 17:13:30.592  1252  1634 W WindowManager: Attempted to remove non-existing token: android.os.Binder@d27eb63
01-16 17:13:30.596  9396  9396 D AndroidRuntime: Shutting down VM
01-16 17:13:32.988  9414  9414 D AndroidRuntime: >>>>>> START com.android.internal.os.RuntimeInit uid 2000 <<<<<<
01-16 17:13:32.989  9414  9414 D AndroidRuntime: CheckJNI is OFF
01-16 17:13:32.989  9414  9414 E cutils-trace: Error opening trace file: No such file or directory (2)
01-16 17:13:33.009  9414  9414 D ICU     : No timezone override file found: /data/local/tmp/misc/zoneinfo/current/icu/icu_tzdata.dat
01-16 17:13:33.016  9414  9414 E memtrack: Couldn't load memtrack module (No such file or directory)
01-16 17:13:33.016  9414  9414 E android.os.Debug: failed to load memtrack module: -2
01-16 17:13:33.017  9414  9414 I Radio-JNI: register_android_hardware_Radio DONE
01-16 17:13:33.019  9414  9414 D AndroidRuntime: Calling main entry com.android.commands.uiautomator.Launcher
01-16 17:13:34.034  9414  9414 W AccessibilityNodeInfoDumper: Fetch time: 2ms
01-16 17:13:34.035  1252  1634 W WindowManager: Attempted to remove non-existing token: android.os.Binder@77b3019
01-16 17:13:34.040  9414  9414 D AndroidRuntime: Shutting down VM
01-16 17:13:34.490  9432  9432 D AndroidRuntime: >>>>>> START com.android.internal.os.RuntimeInit uid 2000 <<<<<<
01-16 17:13:34.491  9432  9432 D AndroidRuntime: CheckJNI is OFF
01-16 17:13:34.491  9432  9432 E cutils-trace: Error opening trace file: No such file or directory (2)
01-16 17:13:34.511  9432  9432 D ICU     : No timezone override file found: /data/local/tmp/misc/zoneinfo/current/icu/icu_tzdata.dat
01-16 17:13:34.520  9432  9432 E memtrack: Couldn't load memtrack module (No such file or directory)
01-16 17:13:34.520  9432  9432 E android.os.Debug: failed to load memtrack module: -2
01-16 17:13:34.520  9432  9432 I Radio-JNI: register_android_hardware_Radio DONE
01-16 17:13:34.523  9432  9432 D AndroidRuntime: Calling main entry com.android.commands.uiautomator.Launcher
01-16 17:13:35.551  9432  9432 W AccessibilityNodeInfoDumper: Fetch time: 5ms
01-16 17:13:35.553  1252  1634 W WindowManager: Attempted to remove non-existing token: android.os.Binder@223dabf
01-16 17:13:35.563  9432  9432 D AndroidRuntime: Shutting down VM
01-16 17:13:35.969  9450  9450 D AndroidRuntime: >>>>>> START com.android.internal.os.RuntimeInit uid 2000 <<<<<<
01-16 17:13:35.971  9450  9450 D AndroidRuntime: CheckJNI is OFF
01-16 17:13:35.971  9450  9450 E cutils-trace: Error opening trace file: No such file or directory (2)
01-16 17:13:35.995  9450  9450 D ICU     : No timezone override file found: /data/local/tmp/misc/zoneinfo/current/icu/icu_tzdata.dat
01-16 17:13:36.004  9450  9450 E memtrack: Couldn't load memtrack module (No such file or directory)
01-16 17:13:36.004  9450  9450 E android.os.Debug: failed to load memtrack module: -2
01-16 17:13:36.004  9450  9450 I Radio-JNI: register_android_hardware_Radio DONE
01-16 17:13:36.008  9450  9450 D AndroidRuntime: Calling main entry com.android.commands.uiautomator.Launcher
01-16 17:13:37.024  9450  9450 W AccessibilityNodeInfoDumper: Fetch time: 2ms
01-16 17:13:37.026  1252  1634 W WindowManager: Attempted to remove non-existing token: android.os.Binder@105b4d5
01-16 17:13:37.032  9450  9450 D AndroidRuntime: Shutting down VM
01-16 17:13:37.311  9466  9466 D AndroidRuntime: >>>>>> START com.android.internal.os.RuntimeInit uid 2000 <<<<<<
01-16 17:13:37.312  9466  9466 D AndroidRuntime: CheckJNI is OFF
01-16 17:13:37.312  9466  9466 E cutils-trace: Error opening trace file: No such file or directory (2)
01-16 17:13:37.332  9466  9466 D ICU     : No timezone override file found: /data/misc/zoneinfo/current/icu/icu_tzdata.dat
01-16 17:13:37.337  9466  9466 E memtrack: Couldn't load memtrack module (No such file or directory)
01-16 17:13:37.337  9466  9466 E android.os.Debug: failed to load memtrack module: -2
01-16 17:13:37.337  9466  9466 I Radio-JNI: register_android_hardware_Radio DONE
01-16 17:13:37.340  9466  9466 D AndroidRuntime: Calling main entry com.android.commands.input.Input
01-16 17:13:37.342  9466  9466 I Input   : injectMotionEvent: MotionEvent { action=ACTION_DOWN, actionButton=0, id[0]=0, x[0]=387.0, y[0]=192.0, toolType[0]=TOOL_TYPE_UNKNOWN, buttonState=0, metaState=0, flags=0x0, edgeFlags=0x0, pointerCount=1, historySize=0, eventTime=496982, downTime=496982, deviceId=0, source=0x1002 }
01-16 17:13:37.343  9466  9466 I Input   : injectMotionEvent: MotionEvent { action=ACTION_UP, actionButton=0, id[0]=0, x[0]=387.0, y[0]=192.0, toolType[0]=TOOL_TYPE_UNKNOWN, buttonState=0, metaState=0, flags=0x0, edgeFlags=0x0, pointerCount=1, historySize=0, eventTime=496982, downTime=496982, deviceId=0, source=0x1002 }
01-16 17:13:37.348  1378  1378 W InputMethodService: Window size has been changed. This may cause jankiness of resizing window: -1 -> -2
01-16 17:13:37.349  9466  9466 D AndroidRuntime: Shutting down VM
01-16 17:13:37.350  1378  1378 I LatinIME: Starting input. Cursor position = 58,58
01-16 17:13:37.396  6990  7028 D EGL_emulation: eglMakeCurrent: 0x7954799d00: ver 3 0 (tinfo 0x79547fbb80)
01-16 17:13:37.427  1413  1524 D EGL_emulation: eglMakeCurrent: 0x7959033820: ver 3 0 (tinfo 0x795900c600)
01-16 17:13:37.427  1378  7614 D EGL_emulation: eglMakeCurrent: 0x79482f8ae0: ver 3 0 (tinfo 0x79482f5ea0)
01-16 17:13:37.453  6990  7028 D EGL_emulation: eglMakeCurrent: 0x7954799d00: ver 3 0 (tinfo 0x79547fbb80)
01-16 17:13:37.589  9479  9479 D AndroidRuntime: >>>>>> START com.android.internal.os.RuntimeInit uid 2000 <<<<<<
01-16 17:13:37.591  9479  9479 D AndroidRuntime: CheckJNI is OFF
01-16 17:13:37.591  9479  9479 E cutils-trace: Error opening trace file: No such file or directory (2)
01-16 17:13:37.614  9479  9479 D ICU     : No timezone override file found: /data/misc/zoneinfo/current/icu/icu_tzdata.dat
01-16 17:13:37.620  9479  9479 E memtrack: Couldn't load memtrack module (No such file or directory)
01-16 17:13:37.620  9479  9479 E android.os.Debug: failed to load memtrack module: -2
01-16 17:13:37.621  9479  9479 I Radio-JNI: register_android_hardware_Radio DONE
01-16 17:13:37.623  9479  9479 D AndroidRuntime: Calling main entry com.android.commands.input.Input
01-16 17:13:37.623  9479  9479 I Input   : injectKeyEvent: KeyEvent { action=ACTION_DOWN, keyCode=KEYCODE_ESCAPE, scanCode=0, metaState=0, flags=0x0, repeatCount=0, eventTime=497265, downTime=497265, deviceId=-1, source=0x101 }
01-16 17:13:37.626  9479  9479 I Input   : injectKeyEvent: KeyEvent { action=ACTION_UP, keyCode=KEYCODE_ESCAPE, scanCode=0, metaState=0, flags=0x0, repeatCount=0, eventTime=497265, downTime=497265, deviceId=-1, source=0x101 }
01-16 17:13:37.628  9479  9479 D AndroidRuntime: Shutting down VM
01-16 17:13:37.629  1378  1378 W InputMethodService: Window size has been changed. This may cause jankiness of resizing window: -1 -> -2
01-16 17:13:37.644  1378  7614 D EGL_emulation: eglMakeCurrent: 0x79482f8ae0: ver 3 0 (tinfo 0x79482f5ea0)
01-16 17:13:38.462  9495  9495 D AndroidRuntime: >>>>>> START com.android.internal.os.RuntimeInit uid 2000 <<<<<<
01-16 17:13:38.463  9495  9495 D AndroidRuntime: CheckJNI is OFF
01-16 17:13:38.463  9495  9495 E cutils-trace: Error opening trace file: No such file or directory (2)
01-16 17:13:38.482  9495  9495 D ICU     : No timezone override file found: /data/misc/zoneinfo/current/icu/icu_tzdata.dat
01-16 17:13:38.488  9495  9495 E memtrack: Couldn't load memtrack module (No such file or directory)
01-16 17:13:38.488  9495  9495 E android.os.Debug: failed to load memtrack module: -2
01-16 17:13:38.488  9495  9495 I Radio-JNI: register_android_hardware_Radio DONE
01-16 17:13:38.490  9495  9495 D AndroidRuntime: Calling main entry com.android.commands.input.Input
01-16 17:13:38.490  9495  9495 I Input   : injectKeyEvent: KeyEvent { action=ACTION_DOWN, keyCode=KEYCODE_MOVE_END, scanCode=0, metaState=0, flags=0x0, repeatCount=0, eventTime=498132, downTime=498132, deviceId=-1, source=0x101 }
01-16 17:13:38.494  9495  9495 I Input   : injectKeyEvent: KeyEvent { action=ACTION_UP, keyCode=KEYCODE_MOVE_END, scanCode=0, metaState=0, flags=0x0, repeatCount=0, eventTime=498132, downTime=498132, deviceId=-1, source=0x101 }
01-16 17:13:38.494  9495  9495 D AndroidRuntime: Shutting down VM
01-16 17:13:38.654  9505  9505 D AndroidRuntime: >>>>>> START com.android.internal.os.RuntimeInit uid 2000 <<<<<<
01-16 17:13:38.656  9505  9505 D AndroidRuntime: CheckJNI is OFF
01-16 17:13:38.656  9505  9505 E cutils-trace: Error opening trace file: No such file or directory (2)
01-16 17:13:38.675  9505  9505 D ICU     : No timezone override file found: /data/misc/zoneinfo/current/icu/icu_tzdata.dat
01-16 17:13:38.681  9505  9505 E memtrack: Couldn't load memtrack module (No such file or directory)
01-16 17:13:38.681  9505  9505 E android.os.Debug: failed to load memtrack module: -2
01-16 17:13:38.681  9505  9505 I Radio-JNI: register_android_hardware_Radio DONE
01-16 17:13:38.684  9505  9505 D AndroidRuntime: Calling main entry com.android.commands.input.Input
01-16 17:13:38.684  9505  9505 I Input   : injectKeyEvent: KeyEvent { action=ACTION_DOWN, keyCode=KEYCODE_DEL, scanCode=0, metaState=0, flags=0x0, repeatCount=0, eventTime=498326, downTime=498326, deviceId=-1, source=0x101 }
01-16 17:13:38.686  9505  9505 I Input   : injectKeyEvent: KeyEvent { action=ACTION_UP, keyCode=KEYCODE_DEL, scanCode=0, metaState=0, flags=0x0, repeatCount=0, eventTime=498326, downTime=498326, deviceId=-1, source=0x101 }
01-16 17:13:38.687  9505  9505 I Input   : injectKeyEvent: KeyEvent { action=ACTION_DOWN, keyCode=KEYCODE_DEL, scanCode=0, metaState=0, flags=0x0, repeatCount=0, eventTime=498329, downTime=498329, deviceId=-1, source=0x101 }
01-16 17:13:38.687  9505  9505 I Input   : injectKeyEvent: KeyEvent { action=ACTION_UP, keyCode=KEYCODE_DEL, scanCode=0, metaState=0, flags=0x0, repeatCount=0, eventTime=498329, downTime=498329, deviceId=-1, source=0x101 }
01-16 17:13:38.688  9505  9505 I Input   : injectKeyEvent: KeyEvent { action=ACTION_DOWN, keyCode=KEYCODE_DEL, scanCode=0, metaState=0, flags=0x0, repeatCount=0, eventTime=498330, downTime=498330, deviceId=-1, source=0x101 }
01-16 17:13:38.689  9505  9505 I Input   : injectKeyEvent: KeyEvent { action=ACTION_UP, keyCode=KEYCODE_DEL, scanCode=0, metaState=0, flags=0x0, repeatCount=0, eventTime=498330, downTime=498330, deviceId=-1, source=0x101 }
01-16 17:13:38.690  9505  9505 I Input   : injectKeyEvent: KeyEvent { action=ACTION_DOWN, keyCode=KEYCODE_DEL, scanCode=0, metaState=0, flags=0x0, repeatCount=0, eventTime=498331, downTime=498331, deviceId=-1, source=0x101 }
01-16 17:13:38.690  9505  9505 I Input   : injectKeyEvent: KeyEvent { action=ACTION_UP, keyCode=KEYCODE_DEL, scanCode=0, metaState=0, flags=0x0, repeatCount=0, eventTime=498331, downTime=498331, deviceId=-1, source=0x101 }
