01-16 17:10:33.253  6980  6980 I Input   : injectMotionEvent: MotionEvent { action=ACTION_DOWN, actionButton=0, id[0]=0, x[0]=540.0, y[0]=810.0, toolType[0]=TOOL_TYPE_UNKNOWN, buttonState=0, metaState=0, flags=0x0, edgeFlags=0x0, pointerCount=1, historySize=0, eventTime=312893, downTime=312893, deviceId=0, source=0x1002 }
01-16 17:10:33.254  6980  6980 I Input   : injectMotionEvent: MotionEvent { action=ACTION_UP, actionButton=0, id[0]=0, x[0]=540.0, y[0]=810.0, toolType[0]=TOOL_TYPE_UNKNOWN, buttonState=0, metaState=0, flags=0x0, edgeFlags=0x0, pointerCount=1, historySize=0, eventTime=312893, downTime=312893, deviceId=0, source=0x1002 }
01-16 17:10:33.255  6980  6980 D AndroidRuntime: Shutting down VM
01-16 17:10:33.256  1252  2637 I ActivityManager: START u0 {act=android.intent.action.VIEW dat=https://www.facebook.com/... cmp=org.chromium.webview_shell/.WebViewBrowserActivity} from uid 10075 on display 0
01-16 17:10:33.288   933   984 D AudioFlinger: mixer(0x7106e7c000) throttle end: throttle time(40)
01-16 17:10:33.306  1252  2637 I ActivityManager: Start proc 6990:org.chromium.webview_shell/u0a31 for activity org.chromium.webview_shell/.WebViewBrowserActivity
01-16 17:10:33.317  6990  6990 W System  : ClassLoader referenced unknown path: /system/app/Browser2/lib/arm64
01-16 17:10:33.325   927   952 D gralloc_ranchu: gralloc_alloc: Creating ashmem region of size 7753728
01-16 17:10:33.327  6990  6990 W System  : ClassLoader referenced unknown path: /system/app/WebViewGoogle/lib/arm64
01-16 17:10:33.328  6990  6990 D ApplicationLoaders: ignored Vulkan layer search path /system/app/WebViewGoogle/lib/arm64:/system/app/WebViewGoogle/WebViewGoogle.apk!/lib/arm64-v8a:/system/lib64:/vendor/lib64 for namespace 0x7963f0e0f0
01-16 17:10:33.328  6990  6990 I WebViewFactory: Loading com.google.android.webview version 55.0.2883.91 (code 288309150)
01-16 17:10:33.362  1413  1524 D EGL_emulation: eglMakeCurrent: 0x7959033820: ver 3 0 (tinfo 0x795900c600)
01-16 17:10:33.366  4059  4081 D EGL_emulation: eglMakeCurrent: 0x79590391a0: ver 3 0 (tinfo 0x7959091460)
01-16 17:10:33.369  6990  6990 I cr_LibraryLoader: Time to load native libraries: 3 ms (timestamps 3008-3011)
01-16 17:10:33.369  6990  6990 I cr_LibraryLoader: Expected native library version number "55.0.2883.91", actual native library version number "55.0.2883.91"
01-16 17:10:33.371  6990  6990 I cr_LibraryLoader: Expected native library version number "55.0.2883.91", actual native library version number "55.0.2883.91"
01-16 17:10:33.373  6990  6990 I chromium: [INFO:library_loader_hooks.cc(163)] Chromium logging enabled: level = 0, default verbosity = 0
01-16 17:10:33.379   927  1373 D gralloc_ranchu: gralloc_alloc: Creating ashmem region of size 7753728
01-16 17:10:33.386  6990  6990 I cr_BrowserStartup: Initializing chromium process, singleProcess=true
01-16 17:10:33.399   927  1373 D gralloc_ranchu: gralloc_alloc: Creating ashmem region of size 7753728
01-16 17:10:33.405  6990  6990 D         : HostConnection::get() New Host Connection established 0x79567d5aa0, tid 6990
01-16 17:10:33.407  6990  6990 D EGL_emulation: eglCreateContext: 0x79567e86e0: maj 3 min 0 rcv 3
01-16 17:10:33.407  6990  6990 D EGL_emulation: eglMakeCurrent: 0x79567e86e0: ver 3 0 (tinfo 0x795464b7a0)
01-16 17:10:33.497  2409  3425 V NativeCrypto: SSL shutdown failed: ssl=0x795901d5c8: I/O error during system call, Software caused connection abort
01-16 17:10:33.507  6990  7017 W cr_media: Requires BLUETOOTH permission
01-16 17:10:33.508  6990  6990 I cr_Ime  : ImeThread is enabled.
01-16 17:10:33.518   927   952 E SurfaceFlinger: ro.sf.lcd_density must be defined as a build property
01-16 17:10:33.532  1569  3553 V NativeCrypto: SSL shutdown failed: ssl=0x79392b7f88: I/O error during system call, Software caused connection abort
01-16 17:10:33.582  6990  7034 E libEGL  : validate_display:99 error 3008 (EGL_BAD_DISPLAY)
01-16 17:10:33.583  6990  7034 D         : HostConnection::get() New Host Connection established 0x7959034580, tid 7034
01-16 17:10:33.584  6990  7034 D EGL_emulation: eglCreateContext: 0x79590367c0: maj 3 min 0 rcv 3
01-16 17:10:33.584  6990  7034 D EGL_emulation: eglMakeCurrent: 0x79590367c0: ver 3 0 (tinfo 0x79591e6de0)
01-16 17:10:33.593  6990  7028 I OpenGLRenderer: Initialized EGL, version 1.4
01-16 17:10:33.593  6990  7028 D OpenGLRenderer: Swap behavior 1
01-16 17:10:33.593  6990  7028 D         : HostConnection::get() New Host Connection established 0x7954775aa0, tid 7028
01-16 17:10:33.596  6990  7028 W OpenGLRenderer: Failed to choose config with EGL_SWAP_BEHAVIOR_PRESERVED, retrying without...
01-16 17:10:33.596  6990  7028 D OpenGLRenderer: Swap behavior 0
01-16 17:10:33.598  6990  7028 D EGL_emulation: eglCreateContext: 0x7954799d00: maj 3 min 0 rcv 3
01-16 17:10:33.599  6990  7028 D EGL_emulation: eglMakeCurrent: 0x7954799d00: ver 3 0 (tinfo 0x79547fbb80)
01-16 17:10:33.619  6990  7028 D EGL_emulation: eglMakeCurrent: 0x7954799d00: ver 3 0 (tinfo 0x79547fbb80)
01-16 17:10:33.621  6990  7034 I VideoCapabilities: Unsupported profile 4 for video/mp4v-es
01-16 17:10:33.636  6990  7034 D EGL_emulation: eglCreateContext: 0x7959037440: maj 3 min 0 rcv 3
01-16 17:10:33.636  6990  7034 D EGL_emulation: eglMakeCurrent: 0x7959037440: ver 3 0 (tinfo 0x79591e6de0)
01-16 17:10:33.714  6990  6990 E chromium: [ERROR:interface_registry.cc(104)] Failed to locate a binder for interface: autofill::mojom::PasswordManagerDriver
01-16 17:10:33.738  1252  1276 I ActivityManager: Displayed org.chromium.webview_shell/.WebViewBrowserActivity: +442ms
01-16 17:10:33.833  6990  7046 D NetworkSecurityConfig: No Network Security Config specified, using platform default
01-16 17:10:34.535  6990  6990 W cr_BindingManager: Cannot call determinedVisibility() - never saw a connection for the pid: 6990
01-16 17:10:35.125  6990  6990 W cr_BindingManager: Cannot call determinedVisibility() - never saw a connection for the pid: 6990
01-16 17:10:35.128  6990  6990 W cr_BindingManager: Cannot call determinedVisibility() - never saw a connection for the pid: 6990
01-16 17:10:35.262  6990  6990 W cr_BindingManager: Cannot call determinedVisibility() - never saw a connection for the pid: 6990
01-16 17:10:36.264  1252  1377 E TaskPersister: File error accessing recents directory (directory doesn't exist?).
01-16 17:10:36.694  7085  7085 W ls      : type=1400 audit(0.0:50): avc: denied { getattr } for path="/proc/sysrq-trigger" dev="proc" ino=4026533584 scontext=u:r:shell:s0 tcontext=u:object_r:proc_sysrq:s0 tclass=file permissive=0
01-16 17:10:36.704  7085  7085 W ls      : type=1400 audit(0.0:51): avc: denied { getattr } for path="/proc/iomem" dev="proc" ino=4026533557 scontext=u:r:shell:s0 tcontext=u:object_r:proc_iomem:s0 tclass=file permissive=0
01-16 17:10:38.494  7348  7348 D AndroidRuntime: >>>>>> START com.android.internal.os.RuntimeInit uid 2000 <<<<<<
01-16 17:10:38.495  7348  7348 D AndroidRuntime: CheckJNI is OFF
01-16 17:10:38.495  7348  7348 E cutils-trace: Error opening trace file: No such file or directory (2)
01-16 17:10:38.516  7348  7348 D ICU     : No timezone override file found: /data/misc/zoneinfo/current/icu/icu_tzdata.dat
01-16 17:10:38.522  7348  7348 E memtrack: Couldn't load memtrack module (No such file or directory)
01-16 17:10:38.522  7348  7348 E android.os.Debug: failed to load memtrack module: -2
01-16 17:10:38.522  7348  7348 I Radio-JNI: register_android_hardware_Radio DONE
01-16 17:10:38.525  7348  7348 D AndroidRuntime: Calling main entry com.android.commands.monkey.Monkey
01-16 17:10:38.535  1252  1269 W BroadcastQueue: Skipping deliver [background] BroadcastRecord{4bdb724 u-1 android.net.conn.CONNECTIVITY_CHANGE} to ReceiverList{c6c228d 7348 (unknown name)/2000/u-1 remote:fc9cab6}: process crashing
01-16 17:10:38.538  1252  2637 I ActivityManager: START u0 {act=android.intent.action.MAIN cat=[android.intent.category.LAUNCHER] flg=0x10200000 cmp=it.feio.android.omninotes/.MainActivity} from uid 2000 on display 0
01-16 17:10:38.543  7348  7348 I art     : System.exit called, status: 0
01-16 17:10:38.543  7348  7348 I AndroidRuntime: VM exiting with result code 0.
01-16 17:10:38.563  1413  1524 D EGL_emulation: eglMakeCurrent: 0x7959033820: ver 3 0 (tinfo 0x795900c600)
01-16 17:10:40.182  1870  7366 I Vision  : Requesting optional module download of ocr.
01-16 17:10:40.209  1569  3515 I NetworkScheduler.Stats: Task com.google.android.gms/com.google.android.gms.checkin.CheckinService started execution. cause:4 exec_start_elapsed_seconds: 319 [CONTEXT service_id=218 ]
01-16 17:10:40.218  1569  2199 I NetworkScheduler.Stats: Task com.google.android.gms/com.google.android.gms.auth.account.be.legacy.AuthCronService started execution. cause:4 exec_start_elapsed_seconds: 319 [CONTEXT service_id=218 ]
01-16 17:10:40.220  1569  3925 I NetworkScheduler.Stats: Task com.google.android.gms/com.google.android.gms.checkin.CheckinService finished executing. cause:4 result: 3 elapsed_millis: 22 uptime_millis: 22 exec_start_elapsed_seconds: 319 [CONTEXT service_id=218 ]
01-16 17:10:40.249  1569  2199 I NetworkScheduler.Stats: Task com.google.android.gms/com.google.android.gms.clearcut.uploader.QosUploaderService started execution. cause:5 exec_start_elapsed_seconds: 319 [CONTEXT service_id=218 ]
01-16 17:10:40.275  1569  2199 I NetworkScheduler.Stats: Task com.google.android.gms/com.google.android.gms.clearcut.uploader.QosUploaderService finished executing. cause:5 result: 1 elapsed_millis: 42 uptime_millis: 42 exec_start_elapsed_seconds: 319 [CONTEXT service_id=218 ]
01-16 17:10:40.360  1569  2231 E GmsTaskScheduler: sendWakeUpEvent called on SchedulerClientBroadcastStrategy
01-16 17:10:40.360  1569  2231 W GLSUser : [AppCertManager] IOException while requesting key: 
01-16 17:10:40.360  1569  2231 W GLSUser : java.io.IOException: Invalid device key response.
01-16 17:10:40.360  1569  2231 W GLSUser : 	at hwy.a(:com.google.android.gms@202414019@20.24.14 (040400-319035315):49)
01-16 17:10:40.360  1569  2231 W GLSUser : 	at hww.a(:com.google.android.gms@202414019@20.24.14 (040400-319035315):45)
01-16 17:10:40.360  1569  2231 W GLSUser : 	at hwr.a(:com.google.android.gms@202414019@20.24.14 (040400-319035315):0)
01-16 17:10:40.360  1569  2231 W GLSUser : 	at hwu.a(:com.google.android.gms@202414019@20.24.14 (040400-319035315):10)
01-16 17:10:40.360  1569  2231 W GLSUser : 	at gbi.call(:com.google.android.gms@202414019@20.24.14 (040400-319035315):0)
01-16 17:10:40.360  1569  2231 W GLSUser : 	at java.util.concurrent.FutureTask.run(FutureTask.java:237)
01-16 17:10:40.360  1569  2231 W GLSUser : 	at soy.b(:com.google.android.gms@202414019@20.24.14 (040400-319035315):12)
01-16 17:10:40.360  1569  2231 W GLSUser : 	at soy.run(:com.google.android.gms@202414019@20.24.14 (040400-319035315):7)
01-16 17:10:40.360  1569  2231 W GLSUser : 	at java.util.concurrent.ThreadPoolExecutor.runWorker(ThreadPoolExecutor.java:1133)
01-16 17:10:40.360  1569  2231 W GLSUser : 	at java.util.concurrent.ThreadPoolExecutor$Worker.run(ThreadPoolExecutor.java:607)
01-16 17:10:40.360  1569  2231 W GLSUser : 	at sux.run(:com.google.android.gms@202414019@20.24.14 (040400-319035315):0)
01-16 17:10:40.360  1569  2231 W GLSUser : 	at java.lang.Thread.run(Thread.java:761)
01-16 17:10:40.362  1569  2199 I NetworkScheduler.Stats: Task com.google.android.gms/com.google.android.gms.auth.account.be.legacy.AuthCronService finished executing. cause:4 result: 3 elapsed_millis: 150 uptime_millis: 150 exec_start_elapsed_seconds: 319 [CONTEXT service_id=218 ]
01-16 17:10:41.550  1252  1377 E TaskPersister: File error accessing recents directory (directory doesn't exist?).
01-16 17:10:51.008  1588  2865 I OmtpVvmCarrierCfgHlpr: OmtpEvent:CONFIG_STATUS_SMS_TIME_OUT
01-16 17:10:51.010  1588  1588 D RetryPolicy: Retry limit for com.android.phone.vvm.omtp.ActivationTask@e74f3f9 reached
01-16 17:10:51.010  1588  1588 I RetryPolicy: committing deferred status: configuration_state=4
01-16 17:10:51.033  1588  1588 D VvmTaskScheduler: No more tasks, stopping service if no task are added in 5000 millis
01-16 17:10:54.829  7373  7373 D AndroidRuntime: >>>>>> START com.android.internal.os.RuntimeInit uid 2000 <<<<<<
01-16 17:10:54.830  7373  7373 D AndroidRuntime: CheckJNI is OFF
01-16 17:10:54.830  7373  7373 E cutils-trace: Error opening trace file: No such file or directory (2)
01-16 17:10:54.853  7373  7373 D ICU     : No timezone override file found: /data/local/tmp/misc/zoneinfo/current/icu/icu_tzdata.dat
01-16 17:10:54.862  7373  7373 E memtrack: Couldn't load memtrack module (No such file or directory)
01-16 17:10:54.862  7373  7373 E android.os.Debug: failed to load memtrack module: -2
01-16 17:10:54.863  7373  7373 I Radio-JNI: register_android_hardware_Radio DONE
01-16 17:10:54.867  7373  7373 D AndroidRuntime: Calling main entry com.android.commands.uiautomator.Launcher
01-16 17:10:55.892  7373  7373 W AccessibilityNodeInfoDumper: Fetch time: 8ms
01-16 17:10:55.895  1252  2637 W WindowManager: Attempted to remove non-existing token: android.os.Binder@dcaa3a2
01-16 17:10:55.900  7373  7373 D AndroidRuntime: Shutting down VM
01-16 17:10:56.034  1588  1588 D VvmTaskScheduler: Stopping service
01-16 17:10:57.154  7405  7405 D AndroidRuntime: >>>>>> START com.android.internal.os.RuntimeInit uid 2000 <<<<<<
01-16 17:10:57.155  7405  7405 D AndroidRuntime: CheckJNI is OFF
01-16 17:10:57.155  7405  7405 E cutils-trace: Error opening trace file: No such file or directory (2)
01-16 17:10:57.175  7405  7405 D ICU     : No timezone override file found: /data/local/tmp/misc/zoneinfo/current/icu/icu_tzdata.dat
01-16 17:10:57.183  7405  7405 E memtrack: Couldn't load memtrack module (No such file or directory)
01-16 17:10:57.183  7405  7405 E android.os.Debug: failed to load memtrack module: -2
01-16 17:10:57.183  7405  7405 I Radio-JNI: register_android_hardware_Radio DONE
01-16 17:10:57.185  7405  7405 D AndroidRuntime: Calling main entry com.android.commands.uiautomator.Launcher
01-16 17:10:58.216  7405  7405 W AccessibilityNodeInfoDumper: Fetch time: 4ms
01-16 17:10:58.217  1252  4142 W WindowManager: Attempted to remove non-existing token: android.os.Binder@c6f7aab
01-16 17:10:58.222  7405  7405 D AndroidRuntime: Shutting down VM
01-16 17:10:58.680  7423  7423 D AndroidRuntime: >>>>>> START com.android.internal.os.RuntimeInit uid 2000 <<<<<<
01-16 17:10:58.682  7423  7423 D AndroidRuntime: CheckJNI is OFF
01-16 17:10:58.682  7423  7423 E cutils-trace: Error opening trace file: No such file or directory (2)
01-16 17:10:58.703  7423  7423 D ICU     : No timezone override file found: /data/local/tmp/misc/zoneinfo/current/icu/icu_tzdata.dat
01-16 17:10:58.711  7423  7423 E memtrack: Couldn't load memtrack module (No such file or directory)
01-16 17:10:58.711  7423  7423 E android.os.Debug: failed to load memtrack module: -2
01-16 17:10:58.711  7423  7423 I Radio-JNI: register_android_hardware_Radio DONE
01-16 17:10:58.713  7423  7423 D AndroidRuntime: Calling main entry com.android.commands.uiautomator.Launcher
01-16 17:10:59.731  7423  7423 W AccessibilityNodeInfoDumper: Fetch time: 4ms
01-16 17:10:59.732  1252  1728 W WindowManager: Attempted to remove non-existing token: android.os.Binder@39644a1
01-16 17:10:59.741  7423  7423 D AndroidRuntime: Shutting down VM
01-16 17:11:00.954  7452  7452 D AndroidRuntime: >>>>>> START com.android.internal.os.RuntimeInit uid 2000 <<<<<<
01-16 17:11:00.955  7452  7452 D AndroidRuntime: CheckJNI is OFF
01-16 17:11:00.955  7452  7452 E cutils-trace: Error opening trace file: No such file or directory (2)
01-16 17:11:00.975  7452  7452 D ICU     : No timezone override file found: /data/local/tmp/misc/zoneinfo/current/icu/icu_tzdata.dat
01-16 17:11:00.983  7452  7452 E memtrack: Couldn't load memtrack module (No such file or directory)
01-16 17:11:00.983  7452  7452 E android.os.Debug: failed to load memtrack module: -2
01-16 17:11:00.984  7452  7452 I Radio-JNI: register_android_hardware_Radio DONE
01-16 17:11:00.986  7452  7452 D AndroidRuntime: Calling main entry com.android.commands.uiautomator.Launcher
01-16 17:11:02.011  7452  7452 W AccessibilityNodeInfoDumper: Fetch time: 5ms
01-16 17:11:02.012  1252  1728 W WindowManager: Attempted to remove non-existing token: android.os.Binder@93189dd
01-16 17:11:02.016  7452  7452 D AndroidRuntime: Shutting down VM
01-16 17:11:03.338  7487  7487 D AndroidRuntime: >>>>>> START com.android.internal.os.RuntimeInit uid 2000 <<<<<<
01-16 17:11:03.339  7487  7487 D AndroidRuntime: CheckJNI is OFF
01-16 17:11:03.340  7487  7487 E cutils-trace: Error opening trace file: No such file or directory (2)
01-16 17:11:03.359  7487  7487 D ICU     : No timezone override file found: /data/local/tmp/misc/zoneinfo/current/icu/icu_tzdata.dat
01-16 17:11:03.366  7487  7487 E memtrack: Couldn't load memtrack module (No such file or directory)
01-16 17:11:03.366  7487  7487 E android.os.Debug: failed to load memtrack module: -2
01-16 17:11:03.366  7487  7487 I Radio-JNI: register_android_hardware_Radio DONE
01-16 17:11:03.369  7487  7487 D AndroidRuntime: Calling main entry com.android.commands.uiautomator.Launcher
01-16 17:11:04.391  7487  7487 W AccessibilityNodeInfoDumper: Fetch time: 4ms
01-16 17:11:04.392  1252  1728 W WindowManager: Attempted to remove non-existing token: android.os.Binder@df69423
01-16 17:11:04.396  7487  7487 D AndroidRuntime: Shutting down VM
01-16 17:11:04.809   927  1373 E SurfaceFlinger: ro.sf.lcd_density must be defined as a build property
01-16 17:11:04.810  7504  7504 E cutils-trace: Error opening trace file: No such file or directory (2)
01-16 17:11:04.811   927  1373 D gralloc_ranchu: gralloc_alloc: Creating ashmem region of size 8294400
01-16 17:11:04.812  7504  7504 D         : HostConnection::get() New Host Connection established 0x77af02d4e0, tid 7504
01-16 17:11:04.815   927   927 E EGL_emulation: tid 927: eglCreateSyncKHR(2050): error 0x3004 (EGL_BAD_ATTRIBUTE)
01-16 17:11:05.075  7510  7510 D AndroidRuntime: >>>>>> START com.android.internal.os.RuntimeInit uid 2000 <<<<<<
01-16 17:11:05.076  7510  7510 D AndroidRuntime: CheckJNI is OFF
01-16 17:11:05.076  7510  7510 E cutils-trace: Error opening trace file: No such file or directory (2)
01-16 17:11:05.100  7510  7510 D ICU     : No timezone override file found: /data/misc/zoneinfo/current/icu/icu_tzdata.dat
01-16 17:11:05.106  7510  7510 E memtrack: Couldn't load memtrack module (No such file or directory)
01-16 17:11:05.106  7510  7510 E android.os.Debug: failed to load memtrack module: -2
01-16 17:11:05.106  7510  7510 I Radio-JNI: register_android_hardware_Radio DONE
01-16 17:11:05.109  7510  7510 D AndroidRuntime: Calling main entry com.android.commands.am.Am
01-16 17:11:05.115  2364  2364 D MediaScannerReceiver: action: android.intent.action.MEDIA_SCANNER_SCAN_FILE path: /storage/emulated/0/screen.png
01-16 17:11:05.116  7510  7510 D AndroidRuntime: Shutting down VM
01-16 17:11:07.604  7523  7523 D AndroidRuntime: >>>>>> START com.android.internal.os.RuntimeInit uid 2000 <<<<<<
01-16 17:11:07.605  7523  7523 D AndroidRuntime: CheckJNI is OFF
01-16 17:11:07.605  7523  7523 E cutils-trace: Error opening trace file: No such file or directory (2)
01-16 17:11:07.626  7523  7523 D ICU     : No timezone override file found: /data/local/tmp/misc/zoneinfo/current/icu/icu_tzdata.dat
01-16 17:11:07.634  7523  7523 E memtrack: Couldn't load memtrack module (No such file or directory)
01-16 17:11:07.634  7523  7523 E android.os.Debug: failed to load memtrack module: -2
01-16 17:11:07.634  7523  7523 I Radio-JNI: register_android_hardware_Radio DONE
01-16 17:11:07.637  7523  7523 D AndroidRuntime: Calling main entry com.android.commands.uiautomator.Launcher
01-16 17:11:08.656  7523  7523 W AccessibilityNodeInfoDumper: Fetch time: 2ms
01-16 17:11:08.656  1252  2637 W WindowManager: Attempted to remove non-existing token: android.os.Binder@618bb4c
01-16 17:11:08.665  7523  7523 D AndroidRuntime: Shutting down VM
01-16 17:11:11.054  7542  7542 D AndroidRuntime: >>>>>> START com.android.internal.os.RuntimeInit uid 2000 <<<<<<
01-16 17:11:11.055  7542  7542 D AndroidRuntime: CheckJNI is OFF
01-16 17:11:11.055  7542  7542 E cutils-trace: Error opening trace file: No such file or directory (2)
01-16 17:11:11.075  7542  7542 D ICU     : No timezone override file found: /data/local/tmp/misc/zoneinfo/current/icu/icu_tzdata.dat
01-16 17:11:11.083  7542  7542 E memtrack: Couldn't load memtrack module (No such file or directory)
01-16 17:11:11.083  7542  7542 E android.os.Debug: failed to load memtrack module: -2
01-16 17:11:11.083  7542  7542 I Radio-JNI: register_android_hardware_Radio DONE
01-16 17:11:11.085  7542  7542 D AndroidRuntime: Calling main entry com.android.commands.uiautomator.Launcher
01-16 17:11:12.113  7542  7542 W AccessibilityNodeInfoDumper: Fetch time: 5ms
01-16 17:11:12.114  1252  1634 W WindowManager: Attempted to remove non-existing token: android.os.Binder@2c4a0aa
01-16 17:11:12.118  7542  7542 D AndroidRuntime: Shutting down VM
01-16 17:11:12.551  7560  7560 D AndroidRuntime: >>>>>> START com.android.internal.os.RuntimeInit uid 2000 <<<<<<
01-16 17:11:12.552  7560  7560 D AndroidRuntime: CheckJNI is OFF
01-16 17:11:12.553  7560  7560 E cutils-trace: Error opening trace file: No such file or directory (2)
01-16 17:11:12.572  7560  7560 D ICU     : No timezone override file found: /data/local/tmp/misc/zoneinfo/current/icu/icu_tzdata.dat
01-16 17:11:12.579  7560  7560 E memtrack: Couldn't load memtrack module (No such file or directory)
01-16 17:11:12.579  7560  7560 E android.os.Debug: failed to load memtrack module: -2
01-16 17:11:12.579  7560  7560 I Radio-JNI: register_android_hardware_Radio DONE
01-16 17:11:12.582  7560  7560 D AndroidRuntime: Calling main entry com.android.commands.uiautomator.Launcher
01-16 17:11:13.602  7560  7560 W AccessibilityNodeInfoDumper: Fetch time: 4ms
01-16 17:11:13.603  1252  1634 W WindowManager: Attempted to remove non-existing token: android.os.Binder@ebc4038
01-16 17:11:13.609  7560  7560 D AndroidRuntime: Shutting down VM
01-16 17:11:14.043  7579  7579 D AndroidRuntime: >>>>>> START com.android.internal.os.RuntimeInit uid 2000 <<<<<<
01-16 17:11:14.044  7579  7579 D AndroidRuntime: CheckJNI is OFF
01-16 17:11:14.044  7579  7579 E cutils-trace: Error opening trace file: No such file or directory (2)
01-16 17:11:14.063  7579  7579 D ICU     : No timezone override file found: /data/local/tmp/misc/zoneinfo/current/icu/icu_tzdata.dat
01-16 17:11:14.070  7579  7579 E memtrack: Couldn't load memtrack module (No such file or directory)
01-16 17:11:14.070  7579  7579 E android.os.Debug: failed to load memtrack module: -2
01-16 17:11:14.070  7579  7579 I Radio-JNI: register_android_hardware_Radio DONE
01-16 17:11:14.073  7579  7579 D AndroidRuntime: Calling main entry com.android.commands.uiautomator.Launcher
01-16 17:11:15.094  7579  7579 W AccessibilityNodeInfoDumper: Fetch time: 3ms
01-16 17:11:15.095  1252  1634 W WindowManager: Attempted to remove non-existing token: android.os.Binder@1241d76
01-16 17:11:15.099  7579  7579 D AndroidRuntime: Shutting down VM
01-16 17:11:15.414  7595  7595 D AndroidRuntime: >>>>>> START com.android.internal.os.RuntimeInit uid 2000 <<<<<<
01-16 17:11:15.415  7595  7595 D AndroidRuntime: CheckJNI is OFF
01-16 17:11:15.415  7595  7595 E cutils-trace: Error opening trace file: No such file or directory (2)
01-16 17:11:15.435  7595  7595 D ICU     : No timezone override file found: /data/misc/zoneinfo/current/icu/icu_tzdata.dat
01-16 17:11:15.441  7595  7595 E memtrack: Couldn't load memtrack module (No such file or directory)
01-16 17:11:15.441  7595  7595 E android.os.Debug: failed to load memtrack module: -2
01-16 17:11:15.441  7595  7595 I Radio-JNI: register_android_hardware_Radio DONE
01-16 17:11:15.444  7595  7595 D AndroidRuntime: Calling main entry com.android.commands.input.Input
01-16 17:11:15.446  7595  7595 I Input   : injectMotionEvent: MotionEvent { action=ACTION_DOWN, actionButton=0, id[0]=0, x[0]=387.0, y[0]=192.0, toolType[0]=TOOL_TYPE_UNKNOWN, buttonState=0, metaState=0, flags=0x0, edgeFlags=0x0, pointerCount=1, historySize=0, eventTime=355086, downTime=355086, deviceId=0, source=0x1002 }
01-16 17:11:15.449  7595  7595 I Input   : injectMotionEvent: MotionEvent { action=ACTION_UP, actionButton=0, id[0]=0, x[0]=387.0, y[0]=192.0, toolType[0]=TOOL_TYPE_UNKNOWN, buttonState=0, metaState=0, flags=0x0, edgeFlags=0x0, pointerCount=1, historySize=0, eventTime=355086, downTime=355086, deviceId=0, source=0x1002 }
01-16 17:11:15.454  7595  7595 D AndroidRuntime: Shutting down VM
01-16 17:11:15.480  1378  1378 W RichInputMethodSubtype: Can't find emoji subtype
01-16 17:11:15.480  1378  1378 W RichInputMethodSubtype: No input method subtype found; returning dummy subtype: Multi-lingual subtype: android.view.inputmethod.InputMethodSubtype@d78b2ed0, zz
01-16 17:11:15.508  1378  1378 I EmojiCategory: Last Emoji category id is 8
01-16 17:11:15.514  6990  7028 D EGL_emulation: eglMakeCurrent: 0x7954799d00: ver 3 0 (tinfo 0x79547fbb80)
01-16 17:11:15.528  1378  1378 W ViewPager: Requested offscreen page limit 0 too small; defaulting to 1
01-16 17:11:15.537  1378  1378 I LatinIME: Starting input. Cursor position = 16,16
01-16 17:11:15.570   927   952 E SurfaceFlinger: ro.sf.lcd_density must be defined as a build property
01-16 17:11:15.573  1378  1378 D         : HostConnection::get() New Host Connection established 0x795478e1c0, tid 1378
01-16 17:11:15.575  1413  1524 D EGL_emulation: eglMakeCurrent: 0x7959033820: ver 3 0 (tinfo 0x795900c600)
01-16 17:11:15.594  1378  7614 D         : HostConnection::get() New Host Connection established 0x795478e040, tid 7614
01-16 17:11:15.596  1378  7614 I OpenGLRenderer: Initialized EGL, version 1.4
01-16 17:11:15.596  1378  7614 D OpenGLRenderer: Swap behavior 1
01-16 17:11:15.596  1378  7614 W OpenGLRenderer: Failed to choose config with EGL_SWAP_BEHAVIOR_PRESERVED, retrying without...
01-16 17:11:15.596  1378  7614 D OpenGLRenderer: Swap behavior 0
01-16 17:11:15.597  1378  7614 D EGL_emulation: eglCreateContext: 0x79482f8ae0: maj 3 min 0 rcv 3
01-16 17:11:15.598  1378  7614 D EGL_emulation: eglMakeCurrent: 0x79482f8ae0: ver 3 0 (tinfo 0x79482f5ea0)
01-16 17:11:15.611  1378  7614 D EGL_emulation: eglMakeCurrent: 0x79482f8ae0: ver 3 0 (tinfo 0x79482f5ea0)
01-16 17:11:15.670  6990  7028 D EGL_emulation: eglMakeCurrent: 0x7954799d00: ver 3 0 (tinfo 0x79547fbb80)
01-16 17:11:15.760  7617  7617 D AndroidRuntime: >>>>>> START com.android.internal.os.RuntimeInit uid 2000 <<<<<<
01-16 17:11:15.762  7617  7617 D AndroidRuntime: CheckJNI is OFF
01-16 17:11:15.762  7617  7617 E cutils-trace: Error opening trace file: No such file or directory (2)
01-16 17:11:15.786  7617  7617 D ICU     : No timezone override file found: /data/misc/zoneinfo/current/icu/icu_tzdata.dat
01-16 17:11:15.794  7617  7617 E memtrack: Couldn't load memtrack module (No such file or directory)
01-16 17:11:15.794  7617  7617 E android.os.Debug: failed to load memtrack module: -2
01-16 17:11:15.794  7617  7617 I Radio-JNI: register_android_hardware_Radio DONE
01-16 17:11:15.798  7617  7617 D AndroidRuntime: Calling main entry com.android.commands.input.Input
01-16 17:11:15.799  7617  7617 I Input   : injectKeyEvent: KeyEvent { action=ACTION_DOWN, keyCode=KEYCODE_ESCAPE, scanCode=0, metaState=0, flags=0x0, repeatCount=0, eventTime=355440, downTime=355440, deviceId=-1, source=0x101 }
01-16 17:11:15.802  7617  7617 I Input   : injectKeyEvent: KeyEvent { action=ACTION_UP, keyCode=KEYCODE_ESCAPE, scanCode=0, metaState=0, flags=0x0, repeatCount=0, eventTime=355440, downTime=355440, deviceId=-1, source=0x101 }
01-16 17:11:15.803  7617  7617 D AndroidRuntime: Shutting down VM
01-16 17:11:15.804  1378  1378 W InputMethodService: Window size has been changed. This may cause jankiness of resizing window: -1 -> -2
01-16 17:11:15.810  1378  7614 D EGL_emulation: eglMakeCurrent: 0x79482f8ae0: ver 3 0 (tinfo 0x79482f5ea0)
01-16 17:11:16.673  7633  7633 D AndroidRuntime: >>>>>> START com.android.internal.os.RuntimeInit uid 2000 <<<<<<
01-16 17:11:16.674  7633  7633 D AndroidRuntime: CheckJNI is OFF
01-16 17:11:16.674  7633  7633 E cutils-trace: Error opening trace file: No such file or directory (2)
01-16 17:11:16.693  7633  7633 D ICU     : No timezone override file found: /data/misc/zoneinfo/current/icu/icu_tzdata.dat
01-16 17:11:16.698  7633  7633 E memtrack: Couldn't load memtrack module (No such file or directory)
01-16 17:11:16.698  7633  7633 E android.os.Debug: failed to load memtrack module: -2
01-16 17:11:16.698  7633  7633 I Radio-JNI: register_android_hardware_Radio DONE
01-16 17:11:16.701  7633  7633 D AndroidRuntime: Calling main entry com.android.commands.input.Input
01-16 17:11:16.701  7633  7633 I Input   : injectKeyEvent: KeyEvent { action=ACTION_DOWN, keyCode=KEYCODE_MOVE_END, scanCode=0, metaState=0, flags=0x0, repeatCount=0, eventTime=356343, downTime=356343, deviceId=-1, source=0x101 }
01-16 17:11:16.705  7633  7633 I Input   : injectKeyEvent: KeyEvent { action=ACTION_UP, keyCode=KEYCODE_MOVE_END, scanCode=0, metaState=0, flags=0x0, repeatCount=0, eventTime=356343, downTime=356343, deviceId=-1, source=0x101 }
01-16 17:11:16.706  7633  7633 D AndroidRuntime: Shutting down VM
01-16 17:11:16.873  7643  7643 D AndroidRuntime: >>>>>> START com.android.internal.os.RuntimeInit uid 2000 <<<<<<
01-16 17:11:16.874  7643  7643 D AndroidRuntime: CheckJNI is OFF
01-16 17:11:16.874  7643  7643 E cutils-trace: Error opening trace file: No such file or directory (2)
01-16 17:11:16.894  7643  7643 D ICU     : No timezone override file found: /data/misc/zoneinfo/current/icu/icu_tzdata.dat
01-16 17:11:16.899  7643  7643 E memtrack: Couldn't load memtrack module (No such file or directory)
01-16 17:11:16.899  7643  7643 E android.os.Debug: failed to load memtrack module: -2
01-16 17:11:16.900  7643  7643 I Radio-JNI: register_android_hardware_Radio DONE
01-16 17:11:16.902  7643  7643 D AndroidRuntime: Calling main entry com.android.commands.input.Input
01-16 17:11:16.902  7643  7643 I Input   : injectKeyEvent: KeyEvent { action=ACTION_DOWN, keyCode=KEYCODE_DEL, scanCode=0, metaState=0, flags=0x0, repeatCount=0, eventTime=356544, downTime=356544, deviceId=-1, source=0x101 }
01-16 17:11:16.905  7643  7643 I Input   : injectKeyEvent: KeyEvent { action=ACTION_UP, keyCode=KEYCODE_DEL, scanCode=0, metaState=0, flags=0x0, repeatCount=0, eventTime=356544, downTime=356544, deviceId=-1, source=0x101 }
01-16 17:11:16.905  7643  7643 I Input   : injectKeyEvent: KeyEvent { action=ACTION_DOWN, keyCode=KEYCODE_DEL, scanCode=0, metaState=0, flags=0x0, repeatCount=0, eventTime=356547, downTime=356547, deviceId=-1, source=0x101 }
01-16 17:11:16.906  7643  7643 I Input   : injectKeyEvent: KeyEvent { action=ACTION_UP, keyCode=KEYCODE_DEL, scanCode=0, metaState=0, flags=0x0, repeatCount=0, eventTime=356547, downTime=356547, deviceId=-1, source=0x101 }
01-16 17:11:16.907  7643  7643 I Input   : injectKeyEvent: KeyEvent { action=ACTION_DOWN, keyCode=KEYCODE_DEL, scanCode=0, metaState=0, flags=0x0, repeatCount=0, eventTime=356549, downTime=356549, deviceId=-1, source=0x101 }
01-16 17:11:16.907  7643  7643 I Input   : injectKeyEvent: KeyEvent { action=ACTION_UP, keyCode=KEYCODE_DEL, scanCode=0, metaState=0, flags=0x0, repeatCount=0, eventTime=356549, downTime=356549, deviceId=-1, source=0x101 }
01-16 17:11:16.908  7643  7643 I Input   : injectKeyEvent: KeyEvent { action=ACTION_DOWN, keyCode=KEYCODE_DEL, scanCode=0, metaState=0, flags=0x0, repeatCount=0, eventTime=356550, downTime=356550, deviceId=-1, source=0x101 }
01-16 17:11:16.910  7643  7643 I Input   : injectKeyEvent: KeyEvent { action=ACTION_UP, keyCode=KEYCODE_DEL, scanCode=0, metaState=0, flags=0x0, repeatCount=0, eventTime=356550, downTime=356550, deviceId=-1, source=0x101 }
01-16 17:11:16.911  7643  7643 I Input   : injectKeyEvent: KeyEvent { action=ACTION_DOWN, keyCode=KEYCODE_DEL, scanCode=0, metaState=0, flags=0x0, repeatCount=0, eventTime=356553, downTime=356553, deviceId=-1, source=0x101 }
01-16 17:11:16.912  7643  7643 I Input   : injectKeyEvent: KeyEvent { action=ACTION_UP, keyCode=KEYCODE_DEL, scanCode=0, metaState=0, flags=0x0, repeatCount=0, eventTime=356553, downTime=356553, deviceId=-1, source=0x101 }
01-16 17:11:16.913  7643  7643 I Input   : injectKeyEvent: KeyEvent { action=ACTION_DOWN, keyCode=KEYCODE_DEL, scanCode=0, metaState=0, flags=0x0, repeatCount=0, eventTime=356555, downTime=356555, deviceId=-1, source=0x101 }
01-16 17:11:16.914  7643  7643 I Input   : injectKeyEvent: KeyEvent { action=ACTION_UP, keyCode=KEYCODE_DEL, scanCode=0, metaState=0, flags=0x0, repeatCount=0, eventTime=356555, downTime=356555, deviceId=-1, source=0x101 }
01-16 17:11:16.915  7643  7643 I Input   : injectKeyEvent: KeyEvent { action=ACTION_DOWN, keyCode=KEYCODE_DEL, scanCode=0, metaState=0, flags=0x0, repeatCount=0, eventTime=356557, downTime=356557, deviceId=-1, source=0x101 }
01-16 17:11:16.916  7643  7643 I Input   : injectKeyEvent: KeyEvent { action=ACTION_UP, keyCode=KEYCODE_DEL, scanCode=0, metaState=0, flags=0x0, repeatCount=0, eventTime=356557, downTime=356557, deviceId=-1, source=0x101 }
01-16 17:11:16.916  7643  7643 I Input   : injectKeyEvent: KeyEvent { action=ACTION_DOWN, keyCode=KEYCODE_DEL, scanCode=0, metaState=0, flags=0x0, repeatCount=0, eventTime=356558, downTime=356558, deviceId=-1, source=0x101 }
01-16 17:11:16.917  7643  7643 I Input   : injectKeyEvent: KeyEvent { action=ACTION_UP, keyCode=KEYCODE_DEL, scanCode=0, metaState=0, flags=0x0, repeatCount=0, eventTime=356558, downTime=356558, deviceId=-1, source=0x101 }
01-16 17:11:16.918  7643  7643 I Input   : injectKeyEvent: KeyEvent { action=ACTION_DOWN, keyCode=KEYCODE_DEL, scanCode=0, metaState=0, flags=0x0, repeatCount=0, eventTime=356560, downTime=356560, deviceId=-1, source=0x101 }
01-16 17:11:16.918  7643  7643 I Input   : injectKeyEvent: KeyEvent { action=ACTION_UP, keyCode=KEYCODE_DEL, scanCode=0, metaState=0, flags=0x0, repeatCount=0, eventTime=356560, downTime=356560, deviceId=-1, source=0x101 }
01-16 17:11:16.919  7643  7643 I Input   : injectKeyEvent: KeyEvent { action=ACTION_DOWN, keyCode=KEYCODE_DEL, scanCode=0, metaState=0, flags=0x0, repeatCount=0, eventTime=356561, downTime=356561, deviceId=-1, source=0x101 }
01-16 17:11:16.920  7643  7643 I Input   : injectKeyEvent: KeyEvent { action=ACTION_UP, keyCode=KEYCODE_DEL, scanCode=0, metaState=0, flags=0x0, repeatCount=0, eventTime=356561, downTime=356561, deviceId=-1, source=0x101 }
01-16 17:11:16.921  7643  7643 I Input   : injectKeyEvent: KeyEvent { action=ACTION_DOWN, keyCode=KEYCODE_DEL, scanCode=0, metaState=0, flags=0x0, repeatCount=0, eventTime=356563, downTime=356563, deviceId=-1, source=0x101 }
01-16 17:11:16.921  7643  7643 I Input   : injectKeyEvent: KeyEvent { action=ACTION_UP, keyCode=KEYCODE_DEL, scanCode=0, metaState=0, flags=0x0, repeatCount=0, eventTime=356563, downTime=356563, deviceId=-1, source=0x101 }
01-16 17:11:16.922  7643  7643 I Input   : injectKeyEvent: KeyEvent { action=ACTION_DOWN, keyCode=KEYCODE_DEL, scanCode=0, metaState=0, flags=0x0, repeatCount=0, eventTime=356564, downTime=356564, deviceId=-1, source=0x101 }
01-16 17:11:16.923  7643  7643 I Input   : injectKeyEvent: KeyEvent { action=ACTION_UP, keyCode=KEYCODE_DEL, scanCode=0, metaState=0, flags=0x0, repeatCount=0, eventTime=356564, downTime=356564, deviceId=-1, source=0x101 }
01-16 17:11:16.923  7643  7643 I Input   : injectKeyEvent: KeyEvent { action=ACTION_DOWN, keyCode=KEYCODE_DEL, scanCode=0, metaState=0, flags=0x0, repeatCount=0, eventTime=356565, downTime=356565, deviceId=-1, source=0x101 }
01-16 17:11:16.924  7643  7643 I Input   : injectKeyEvent: KeyEvent { action=ACTION_UP, keyCode=KEYCODE_DEL, scanCode=0, metaState=0, flags=0x0, repeatCount=0, eventTime=356565, downTime=356565, deviceId=-1, source=0x101 }
01-16 17:11:16.926  7643  7643 I Input   : injectKeyEvent: KeyEvent { action=ACTION_DOWN, keyCode=KEYCODE_DEL, scanCode=0, metaState=0, flags=0x0, repeatCount=0, eventTime=356567, downTime=356567, deviceId=-1, source=0x101 }
01-16 17:11:16.927  7643  7643 I Input   : injectKeyEvent: KeyEvent { action=ACTION_UP, keyCode=KEYCODE_DEL, scanCode=0, metaState=0, flags=0x0, repeatCount=0, eventTime=356567, downTime=356567, deviceId=-1, source=0x101 }
01-16 17:11:16.927  7643  7643 I Input   : injectKeyEvent: KeyEvent { action=ACTION_DOWN, keyCode=KEYCODE_DEL, scanCode=0, metaState=0, flags=0x0, repeatCount=0, eventTime=356569, downTime=356569, deviceId=-1, source=0x101 }
01-16 17:11:16.929  7643  7643 I Input   : injectKeyEvent: KeyEvent { action=ACTION_UP, keyCode=KEYCODE_DEL, scanCode=0, metaState=0, flags=0x0, repeatCount=0, eventTime=356569, downTime=356569, deviceId=-1, source=0x101 }
01-16 17:11:16.930  7643  7643 I Input   : injectKeyEvent: KeyEvent { action=ACTION_DOWN, keyCode=KEYCODE_DEL, scanCode=0, metaState=0, flags=0x0, repeatCount=0, eventTime=356572, downTime=356572, deviceId=-1, source=0x101 }
01-16 17:11:16.931  7643  7643 I Input   : injectKeyEvent: KeyEvent { action=ACTION_UP, keyCode=KEYCODE_DEL, scanCode=0, metaState=0, flags=0x0, repeatCount=0, eventTime=356572, downTime=356572, deviceId=-1, source=0x101 }
01-16 17:11:16.931  7643  7643 I Input   : injectKeyEvent: KeyEvent { action=ACTION_DOWN, keyCode=KEYCODE_DEL, scanCode=0, metaState=0, flags=0x0, repeatCount=0, eventTime=356573, downTime=356573, deviceId=-1, source=0x101 }
01-16 17:11:16.932  7643  7643 I Input   : injectKeyEvent: KeyEvent { action=ACTION_UP, keyCode=KEYCODE_DEL, scanCode=0, metaState=0, flags=0x0, repeatCount=0, eventTime=356573, downTime=356573, deviceId=-1, source=0x101 }
01-16 17:11:16.933  7643  7643 I Input   : injectKeyEvent: KeyEvent { action=ACTION_DOWN, keyCode=KEYCODE_DEL, scanCode=0, metaState=0, flags=0x0, repeatCount=0, eventTime=356574, downTime=356574, deviceId=-1, source=0x101 }
01-16 17:11:16.933  7643  7643 I Input   : injectKeyEvent: KeyEvent { action=ACTION_UP, keyCode=KEYCODE_DEL, scanCode=0, metaState=0, flags=0x0, repeatCount=0, eventTime=356574, downTime=356574, deviceId=-1, source=0x101 }
01-16 17:11:16.934  7643  7643 I Input   : injectKeyEvent: KeyEvent { action=ACTION_DOWN, keyCode=KEYCODE_DEL, scanCode=0, metaState=0, flags=0x0, repeatCount=0, eventTime=356576, downTime=356576, deviceId=-1, source=0x101 }
01-16 17:11:16.935  7643  7643 I Input   : injectKeyEvent: KeyEvent { action=ACTION_UP, keyCode=KEYCODE_DEL, scanCode=0, metaState=0, flags=0x0, repeatCount=0, eventTime=356576, downTime=356576, deviceId=-1, source=0x101 }
01-16 17:11:16.935  7643  7643 I Input   : injectKeyEvent: KeyEvent { action=ACTION_DOWN, keyCode=KEYCODE_DEL, scanCode=0, metaState=0, flags=0x0, repeatCount=0, eventTime=356577, downTime=356577, deviceId=-1, source=0x101 }
01-16 17:11:16.936  7643  7643 I Input   : injectKeyEvent: KeyEvent { action=ACTION_UP, keyCode=KEYCODE_DEL, scanCode=0, metaState=0, flags=0x0, repeatCount=0, eventTime=356577, downTime=356577, deviceId=-1, source=0x101 }
01-16 17:11:16.937  7643  7643 I Input   : injectKeyEvent: KeyEvent { action=ACTION_DOWN, keyCode=KEYCODE_DEL, scanCode=0, metaState=0, flags=0x0, repeatCount=0, eventTime=356579, downTime=356579, deviceId=-1, source=0x101 }
01-16 17:11:16.937  7643  7643 I Input   : injectKeyEvent: KeyEvent { action=ACTION_UP, keyCode=KEYCODE_DEL, scanCode=0, metaState=0, flags=0x0, repeatCount=0, eventTime=356579, downTime=356579, deviceId=-1, source=0x101 }
01-16 17:11:16.938  7643  7643 I Input   : injectKeyEvent: KeyEvent { action=ACTION_DOWN, keyCode=KEYCODE_DEL, scanCode=0, metaState=0, flags=0x0, repeatCount=0, eventTime=356580, downTime=356580, deviceId=-1, source=0x101 }
01-16 17:11:16.939  7643  7643 I Input   : injectKeyEvent: KeyEvent { action=ACTION_UP, keyCode=KEYCODE_DEL, scanCode=0, metaState=0, flags=0x0, repeatCount=0, eventTime=356580, downTime=356580, deviceId=-1, source=0x101 }
01-16 17:11:16.939  7643  7643 I Input   : injectKeyEvent: KeyEvent { action=ACTION_DOWN, keyCode=KEYCODE_DEL, scanCode=0, metaState=0, flags=0x0, repeatCount=0, eventTime=356581, downTime=356581, deviceId=-1, source=0x101 }
01-16 17:11:16.940  7643  7643 I Input   : injectKeyEvent: KeyEvent { action=ACTION_UP, keyCode=KEYCODE_DEL, scanCode=0, metaState=0, flags=0x0, repeatCount=0, eventTime=356581, downTime=356581, deviceId=-1, source=0x101 }
01-16 17:11:16.940  7643  7643 I Input   : injectKeyEvent: KeyEvent { action=ACTION_DOWN, keyCode=KEYCODE_DEL, scanCode=0, metaState=0, flags=0x0, repeatCount=0, eventTime=356582, downTime=356582, deviceId=-1, source=0x101 }
01-16 17:11:16.941  7643  7643 I Input   : injectKeyEvent: KeyEvent { action=ACTION_UP, keyCode=KEYCODE_DEL, scanCode=0, metaState=0, flags=0x0, repeatCount=0, eventTime=356582, downTime=356582, deviceId=-1, source=0x101 }
01-16 17:11:16.943  7643  7643 I Input   : injectKeyEvent: KeyEvent { action=ACTION_DOWN, keyCode=KEYCODE_DEL, scanCode=0, metaState=0, flags=0x0, repeatCount=0, eventTime=356585, downTime=356585, deviceId=-1, source=0x101 }
01-16 17:11:16.944  7643  7643 I Input   : injectKeyEvent: KeyEvent { action=ACTION_UP, keyCode=KEYCODE_DEL, scanCode=0, metaState=0, flags=0x0, repeatCount=0, eventTime=356585, downTime=356585, deviceId=-1, source=0x101 }
01-16 17:11:16.945  7643  7643 I Input   : injectKeyEvent: KeyEvent { action=ACTION_DOWN, keyCode=KEYCODE_DEL, scanCode=0, metaState=0, flags=0x0, repeatCount=0, eventTime=356587, downTime=356587, deviceId=-1, source=0x101 }
01-16 17:11:16.946  7643  7643 I Input   : injectKeyEvent: KeyEvent { action=ACTION_UP, keyCode=KEYCODE_DEL, scanCode=0, metaState=0, flags=0x0, repeatCount=0, eventTime=356587, downTime=356587, deviceId=-1, source=0x101 }
01-16 17:11:16.947  7643  7643 I Input   : injectKeyEvent: KeyEvent { action=ACTION_DOWN, keyCode=KEYCODE_DEL, scanCode=0, metaState=0, flags=0x0, repeatCount=0, eventTime=356589, downTime=356589, deviceId=-1, source=0x101 }
01-16 17:11:16.947  7643  7643 I Input   : injectKeyEvent: KeyEvent { action=ACTION_UP, keyCode=KEYCODE_DEL, scanCode=0, metaState=0, flags=0x0, repeatCount=0, eventTime=356589, downTime=356589, deviceId=-1, source=0x101 }
01-16 17:11:16.948  7643  7643 I Input   : injectKeyEvent: KeyEvent { action=ACTION_DOWN, keyCode=KEYCODE_DEL, scanCode=0, metaState=0, flags=0x0, repeatCount=0, eventTime=356590, downTime=356590, deviceId=-1, source=0x101 }
01-16 17:11:16.949  7643  7643 I Input   : injectKeyEvent: KeyEvent { action=ACTION_UP, keyCode=KEYCODE_DEL, scanCode=0, metaState=0, flags=0x0, repeatCount=0, eventTime=356590, downTime=356590, deviceId=-1, source=0x101 }
01-16 17:11:16.949  7643  7643 I Input   : injectKeyEvent: KeyEvent { action=ACTION_DOWN, keyCode=KEYCODE_DEL, scanCode=0, metaState=0, flags=0x0, repeatCount=0, eventTime=356591, downTime=356591, deviceId=-1, source=0x101 }
01-16 17:11:16.950  7643  7643 I Input   : injectKeyEvent: KeyEvent { action=ACTION_UP, keyCode=KEYCODE_DEL, scanCode=0, metaState=0, flags=0x0, repeatCount=0, eventTime=356591, downTime=356591, deviceId=-1, source=0x101 }
01-16 17:11:16.951  7643  7643 I Input   : injectKeyEvent: KeyEvent { action=ACTION_DOWN, keyCode=KEYCODE_DEL, scanCode=0, metaState=0, flags=0x0, repeatCount=0, eventTime=356593, downTime=356593, deviceId=-1, source=0x101 }
01-16 17:11:16.952  7643  7643 I Input   : injectKeyEvent: KeyEvent { action=ACTION_UP, keyCode=KEYCODE_DEL, scanCode=0, metaState=0, flags=0x0, repeatCount=0, eventTime=356593, downTime=356593, deviceId=-1, source=0x101 }
01-16 17:11:16.952  7643  7643 I Input   : injectKeyEvent: KeyEvent { action=ACTION_DOWN, keyCode=KEYCODE_DEL, scanCode=0, metaState=0, flags=0x0, repeatCount=0, eventTime=356594, downTime=356594, deviceId=-1, source=0x101 }
01-16 17:11:16.953  7643  7643 I Input   : injectKeyEvent: KeyEvent { action=ACTION_UP, keyCode=KEYCODE_DEL, scanCode=0, metaState=0, flags=0x0, repeatCount=0, eventTime=356594, downTime=356594, deviceId=-1, source=0x101 }
01-16 17:11:16.954  7643  7643 I Input   : injectKeyEvent: KeyEvent { action=ACTION_DOWN, keyCode=KEYCODE_DEL, scanCode=0, metaState=0, flags=0x0, repeatCount=0, eventTime=356595, downTime=356595, deviceId=-1, source=0x101 }
01-16 17:11:16.954  7643  7643 I Input   : injectKeyEvent: KeyEvent { action=ACTION_UP, keyCode=KEYCODE_DEL, scanCode=0, metaState=0, flags=0x0, repeatCount=0, eventTime=356595, downTime=356595, deviceId=-1, source=0x101 }
01-16 17:11:16.955  7643  7643 I Input   : injectKeyEvent: KeyEvent { action=ACTION_DOWN, keyCode=KEYCODE_DEL, scanCode=0, metaState=0, flags=0x0, repeatCount=0, eventTime=356597, downTime=356597, deviceId=-1, source=0x101 }
01-16 17:11:16.956  7643  7643 I Input   : injectKeyEvent: KeyEvent { action=ACTION_UP, keyCode=KEYCODE_DEL, scanCode=0, metaState=0, flags=0x0, repeatCount=0, eventTime=356597, downTime=356597, deviceId=-1, source=0x101 }
01-16 17:11:16.957  7643  7643 I Input   : injectKeyEvent: KeyEvent { action=ACTION_DOWN, keyCode=KEYCODE_DEL, scanCode=0, metaState=0, flags=0x0, repeatCount=0, eventTime=356598, downTime=356598, deviceId=-1, source=0x101 }
01-16 17:11:16.957  7643  7643 I Input   : injectKeyEvent: KeyEvent { action=ACTION_UP, keyCode=KEYCODE_DEL, scanCode=0, metaState=0, flags=0x0, repeatCount=0, eventTime=356598, downTime=356598, deviceId=-1, source=0x101 }
01-16 17:11:16.958  7643  7643 I Input   : injectKeyEvent: KeyEvent { action=ACTION_DOWN, keyCode=KEYCODE_DEL, scanCode=0, metaState=0, flags=0x0, repeatCount=0, eventTime=356600, downTime=356600, deviceId=-1, source=0x101 }
01-16 17:11:16.959  7643  7643 I Input   : injectKeyEvent: KeyEvent { action=ACTION_UP, keyCode=KEYCODE_DEL, scanCode=0, metaState=0, flags=0x0, repeatCount=0, eventTime=356600, downTime=356600, deviceId=-1, source=0x101 }
01-16 17:11:16.960  7643  7643 I Input   : injectKeyEvent: KeyEvent { action=ACTION_DOWN, keyCode=KEYCODE_DEL, scanCode=0, metaState=0, flags=0x0, repeatCount=0, eventTime=356602, downTime=356602, deviceId=-1, source=0x101 }
01-16 17:11:16.961  7643  7643 I Input   : injectKeyEvent: KeyEvent { action=ACTION_UP, keyCode=KEYCODE_DEL, scanCode=0, metaState=0, flags=0x0, repeatCount=0, eventTime=356602, downTime=356602, deviceId=-1, source=0x101 }
01-16 17:11:16.962  7643  7643 I Input   : injectKeyEvent: KeyEvent { action=ACTION_DOWN, keyCode=KEYCODE_DEL, scanCode=0, metaState=0, flags=0x0, repeatCount=0, eventTime=356604, downTime=356604, deviceId=-1, source=0x101 }
01-16 17:11:16.963  7643  7643 I Input   : injectKeyEvent: KeyEvent { action=ACTION_UP, keyCode=KEYCODE_DEL, scanCode=0, metaState=0, flags=0x0, repeatCount=0, eventTime=356604, downTime=356604, deviceId=-1, source=0x101 }
01-16 17:11:16.963  7643  7643 I Input   : injectKeyEvent: KeyEvent { action=ACTION_DOWN, keyCode=KEYCODE_DEL, scanCode=0, metaState=0, flags=0x0, repeatCount=0, eventTime=356605, downTime=356605, deviceId=-1, source=0x101 }
01-16 17:11:16.964  7643  7643 I Input   : injectKeyEvent: KeyEvent { action=ACTION_UP, keyCode=KEYCODE_DEL, scanCode=0, metaState=0, flags=0x0, repeatCount=0, eventTime=356605, downTime=356605, deviceId=-1, source=0x101 }
01-16 17:11:16.965  7643  7643 I Input   : injectKeyEvent: KeyEvent { action=ACTION_DOWN, keyCode=KEYCODE_DEL, scanCode=0, metaState=0, flags=0x0, repeatCount=0, eventTime=356607, downTime=356607, deviceId=-1, source=0x101 }
01-16 17:11:16.965  7643  7643 I Input   : injectKeyEvent: KeyEvent { action=ACTION_UP, keyCode=KEYCODE_DEL, scanCode=0, metaState=0, flags=0x0, repeatCount=0, eventTime=356607, downTime=356607, deviceId=-1, source=0x101 }
01-16 17:11:16.966  7643  7643 I Input   : injectKeyEvent: KeyEvent { action=ACTION_DOWN, keyCode=KEYCODE_DEL, scanCode=0, metaState=0, flags=0x0, repeatCount=0, eventTime=356608, downTime=356608, deviceId=-1, source=0x101 }
01-16 17:11:16.967  7643  7643 I Input   : injectKeyEvent: KeyEvent { action=ACTION_UP, keyCode=KEYCODE_DEL, scanCode=0, metaState=0, flags=0x0, repeatCount=0, eventTime=356608, downTime=356608, deviceId=-1, source=0x101 }
01-16 17:11:16.967  7643  7643 I Input   : injectKeyEvent: KeyEvent { action=ACTION_DOWN, keyCode=KEYCODE_DEL, scanCode=0, metaState=0, flags=0x0, repeatCount=0, eventTime=356609, downTime=356609, deviceId=-1, source=0x101 }
01-16 17:11:16.968  7643  7643 I Input   : injectKeyEvent: KeyEvent { action=ACTION_UP, keyCode=KEYCODE_DEL, scanCode=0, metaState=0, flags=0x0, repeatCount=0, eventTime=356609, downTime=356609, deviceId=-1, source=0x101 }
01-16 17:11:16.969  7643  7643 I Input   : injectKeyEvent: KeyEvent { action=ACTION_DOWN, keyCode=KEYCODE_DEL, scanCode=0, metaState=0, flags=0x0, repeatCount=0, eventTime=356610, downTime=356610, deviceId=-1, source=0x101 }
01-16 17:11:16.969  7643  7643 I Input   : injectKeyEvent: KeyEvent { action=ACTION_UP, keyCode=KEYCODE_DEL, scanCode=0, metaState=0, flags=0x0, repeatCount=0, eventTime=356610, downTime=356610, deviceId=-1, source=0x101 }
01-16 17:11:16.970  7643  7643 I Input   : injectKeyEvent: KeyEvent { action=ACTION_DOWN, keyCode=KEYCODE_DEL, scanCode=0, metaState=0, flags=0x0, repeatCount=0, eventTime=356612, downTime=356612, deviceId=-1, source=0x101 }
01-16 17:11:16.971  7643  7643 I Input   : injectKeyEvent: KeyEvent { action=ACTION_UP, keyCode=KEYCODE_DEL, scanCode=0, metaState=0, flags=0x0, repeatCount=0, eventTime=356612, downTime=356612, deviceId=-1, source=0x101 }
01-16 17:11:16.971  7643  7643 I Input   : injectKeyEvent: KeyEvent { action=ACTION_DOWN, keyCode=KEYCODE_DEL, scanCode=0, metaState=0, flags=0x0, repeatCount=0, eventTime=356613, downTime=356613, deviceId=-1, source=0x101 }
01-16 17:11:16.972  7643  7643 I Input   : injectKeyEvent: KeyEvent { action=ACTION_UP, keyCode=KEYCODE_DEL, scanCode=0, metaState=0, flags=0x0, repeatCount=0, eventTime=356613, downTime=356613, deviceId=-1, source=0x101 }
