03-20 19:27:17.257  2044  2325 W Binder  : 	at com.android.server.wm.ActivityStarter.execute(ActivityStarter.java:514)
03-20 19:27:17.257  2044  2325 W Binder  : 	at com.android.server.wm.ActivityTaskManagerService.startActivityAsUser(ActivityTaskManagerService.java:1058)
03-20 19:27:17.257  2044  2325 W Binder  : 	at com.android.server.wm.ActivityTaskManagerService.startActivityAsUser(ActivityTaskManagerService.java:1032)
03-20 19:27:17.257  2044  2325 W Binder  : 	at com.android.server.am.ActivityManagerService.startActivityAsUser(ActivityManagerService.java:3504)
03-20 19:27:17.257  2044  2325 W Binder  : 	at android.app.IActivityManager$Stub.onTransact(IActivityManager.java:3537)
03-20 19:27:17.257  2044  2325 W Binder  : 	at com.android.server.am.ActivityManagerService.onTransact(ActivityManagerService.java:2741)
03-20 19:27:17.257  2044  2325 W Binder  : 	at android.os.Binder.execTransactInternal(Binder.java:1021)
03-20 19:27:17.257  2044  2325 W Binder  : 	at android.os.Binder.execTransact(Binder.java:994)
03-20 19:27:17.261 24310 24310 I Monkey  : Events injected: 1
03-20 19:27:17.263  2044  2044 V SettingsProvider: Notifying for 0: content://settings/system/accelerometer_rotation
03-20 19:27:17.266 24310 24310 I Monkey  : ## Network stats: elapsed time=9ms (0ms mobile, 0ms wifi, 9ms not connected)
03-20 19:27:17.267 24310 24310 I app_process: System.exit called, status: 0
03-20 19:27:17.267 24310 24310 I AndroidRuntime: VM exiting with result code 0.
03-20 19:27:17.521  1800  2437 E GnssHAL_GnssInterface: gnssSvStatusCb: a: input svInfo.flags is 8
03-20 19:27:17.521  1800  2437 E GnssHAL_GnssInterface: gnssSvStatusCb: b: input svInfo.flags is 8
03-20 19:27:18.525  1800  2437 E GnssHAL_GnssInterface: gnssSvStatusCb: a: input svInfo.flags is 8
03-20 19:27:18.525  1800  2437 E GnssHAL_GnssInterface: gnssSvStatusCb: b: input svInfo.flags is 8
03-20 19:27:19.049 14476 24327 I GmscoreIpa: Starting mediastore instant index [CONTEXT service_id=255 ]
03-20 19:27:19.529  1800  2437 E GnssHAL_GnssInterface: gnssSvStatusCb: a: input svInfo.flags is 8
03-20 19:27:19.529  1800  2437 E GnssHAL_GnssInterface: gnssSvStatusCb: b: input svInfo.flags is 8
03-20 19:27:20.531  1800  2437 E GnssHAL_GnssInterface: gnssSvStatusCb: a: input svInfo.flags is 8
03-20 19:27:20.532  1800  2437 E GnssHAL_GnssInterface: gnssSvStatusCb: b: input svInfo.flags is 8
03-20 19:27:21.536  1800  2437 E GnssHAL_GnssInterface: gnssSvStatusCb: a: input svInfo.flags is 8
03-20 19:27:21.536  1800  2437 E GnssHAL_GnssInterface: gnssSvStatusCb: b: input svInfo.flags is 8
03-20 19:27:22.540  1800  2437 E GnssHAL_GnssInterface: gnssSvStatusCb: a: input svInfo.flags is 8
03-20 19:27:22.540  1800  2437 E GnssHAL_GnssInterface: gnssSvStatusCb: b: input svInfo.flags is 8
03-20 19:27:23.544  1800  2437 E GnssHAL_GnssInterface: gnssSvStatusCb: a: input svInfo.flags is 8
03-20 19:27:23.544  1800  2437 E GnssHAL_GnssInterface: gnssSvStatusCb: b: input svInfo.flags is 8
03-20 19:27:24.545  1800  2437 E GnssHAL_GnssInterface: gnssSvStatusCb: a: input svInfo.flags is 8
03-20 19:27:24.545  1800  2437 E GnssHAL_GnssInterface: gnssSvStatusCb: b: input svInfo.flags is 8
03-20 19:27:25.548  1800  2437 E GnssHAL_GnssInterface: gnssSvStatusCb: a: input svInfo.flags is 8
03-20 19:27:25.548  1800  2437 E GnssHAL_GnssInterface: gnssSvStatusCb: b: input svInfo.flags is 8
03-20 19:27:26.551  1800  2437 E GnssHAL_GnssInterface: gnssSvStatusCb: a: input svInfo.flags is 8
03-20 19:27:26.551  1800  2437 E GnssHAL_GnssInterface: gnssSvStatusCb: b: input svInfo.flags is 8
03-20 19:27:27.556  1800  2437 E GnssHAL_GnssInterface: gnssSvStatusCb: a: input svInfo.flags is 8
03-20 19:27:27.556  1800  2437 E GnssHAL_GnssInterface: gnssSvStatusCb: b: input svInfo.flags is 8
03-20 19:27:28.558  1800  2437 E GnssHAL_GnssInterface: gnssSvStatusCb: a: input svInfo.flags is 8
03-20 19:27:28.558  1800  2437 E GnssHAL_GnssInterface: gnssSvStatusCb: b: input svInfo.flags is 8
03-20 19:27:29.560  1800  2437 E GnssHAL_GnssInterface: gnssSvStatusCb: a: input svInfo.flags is 8
03-20 19:27:29.560  1800  2437 E GnssHAL_GnssInterface: gnssSvStatusCb: b: input svInfo.flags is 8
03-20 19:27:30.565  1800  2437 E GnssHAL_GnssInterface: gnssSvStatusCb: a: input svInfo.flags is 8
03-20 19:27:30.565  1800  2437 E GnssHAL_GnssInterface: gnssSvStatusCb: b: input svInfo.flags is 8
03-20 19:27:31.567  1800  2437 E GnssHAL_GnssInterface: gnssSvStatusCb: a: input svInfo.flags is 8
03-20 19:27:31.567  1800  2437 E GnssHAL_GnssInterface: gnssSvStatusCb: b: input svInfo.flags is 8
03-20 19:27:32.572  1800  2437 E GnssHAL_GnssInterface: gnssSvStatusCb: a: input svInfo.flags is 8
03-20 19:27:32.572  1800  2437 E GnssHAL_GnssInterface: gnssSvStatusCb: b: input svInfo.flags is 8
03-20 19:27:33.494 22864 24345 D UIAutomatorStub: URI: /jsonrpc/0, Method: POST, Header: {content-length=117, remote-addr=127.0.0.1, http-client-ip=127.0.0.1, host=localhost:9008, content-type=application/json, connection=close, accept-encoding=identity, user-agent=Python-urllib/3.7}, params, {NanoHttpd.QUERY_STRING=null}, files: {postData={"jsonrpc": "2.0", "method": "dumpWindowHierarchy", "id": "edfc4b96ffdcb8cbedcb91fc10df5f34", "params": [true, null]}}
03-20 19:27:33.501 22864 24345 I UIAutomatorStub: Skipping invisible child: android.view.accessibility.AccessibilityNodeInfo@143b2; boundsInParent: Rect(0, 0 - 1080, 63); boundsInScreen: Rect(0, 0 - 1080, 63); packageName: com.german_software_engineers.trainerapp; className: android.view.View; text: null; error: null; maxTextLength: -1; contentDescription: null; tooltipText: null; viewIdResName: android:id/statusBarBackground; checkable: false; checked: false; focusable: false; focused: false; selected: false; clickable: false; longClickable: false; contextClickable: false; enabled: true; password: false; scrollable: false; importantForAccessibility: false; visible: false; actions: [AccessibilityAction: ACTION_SELECT - null, AccessibilityAction: ACTION_CLEAR_SELECTION - null, AccessibilityAction: ACTION_ACCESSIBILITY_FOCUS - null, AccessibilityAction: ACTION_SHOW_ON_SCREEN - null]
03-20 19:27:33.501 22864 24345 I UIAutomatorStub: Skipping invisible child: android.view.accessibility.AccessibilityNodeInfo@13ff1; boundsInParent: Rect(0, 0 - 1080, 126); boundsInScreen: Rect(0, 1794 - 1080, 1920); packageName: com.german_software_engineers.trainerapp; className: android.view.View; text: null; error: null; maxTextLength: -1; contentDescription: null; tooltipText: null; viewIdResName: android:id/navigationBarBackground; checkable: false; checked: false; focusable: false; focused: false; selected: false; clickable: false; longClickable: false; contextClickable: false; enabled: true; password: false; scrollable: false; importantForAccessibility: false; visible: false; actions: [AccessibilityAction: ACTION_SELECT - null, AccessibilityAction: ACTION_CLEAR_SELECTION - null, AccessibilityAction: ACTION_ACCESSIBILITY_FOCUS - null, AccessibilityAction: ACTION_SHOW_ON_SCREEN - null]
03-20 19:27:33.501 22864 24345 I UIAutomatorStub: Fetch time: 2ms
03-20 19:27:33.573  1800  2437 E GnssHAL_GnssInterface: gnssSvStatusCb: a: input svInfo.flags is 8
03-20 19:27:33.573  1800  2437 E GnssHAL_GnssInterface: gnssSvStatusCb: b: input svInfo.flags is 8
03-20 19:27:34.577  1800  2437 E GnssHAL_GnssInterface: gnssSvStatusCb: a: input svInfo.flags is 8
03-20 19:27:34.577  1800  2437 E GnssHAL_GnssInterface: gnssSvStatusCb: b: input svInfo.flags is 8
03-20 19:27:35.450 22864 24357 D UIAutomatorStub: URI: /jsonrpc/0, Method: POST, Header: {content-length=117, remote-addr=127.0.0.1, http-client-ip=127.0.0.1, host=localhost:9008, content-type=application/json, connection=close, accept-encoding=identity, user-agent=Python-urllib/3.7}, params, {NanoHttpd.QUERY_STRING=null}, files: {postData={"jsonrpc": "2.0", "method": "dumpWindowHierarchy", "id": "f92799e23d51ec7a9870e586f5076216", "params": [true, null]}}
03-20 19:27:35.454 22864 24357 I UIAutomatorStub: Skipping invisible child: android.view.accessibility.AccessibilityNodeInfo@143b2; boundsInParent: Rect(0, 0 - 1080, 63); boundsInScreen: Rect(0, 0 - 1080, 63); packageName: com.german_software_engineers.trainerapp; className: android.view.View; text: null; error: null; maxTextLength: -1; contentDescription: null; tooltipText: null; viewIdResName: android:id/statusBarBackground; checkable: false; checked: false; focusable: false; focused: false; selected: false; clickable: false; longClickable: false; contextClickable: false; enabled: true; password: false; scrollable: false; importantForAccessibility: false; visible: false; actions: [AccessibilityAction: ACTION_SELECT - null, AccessibilityAction: ACTION_CLEAR_SELECTION - null, AccessibilityAction: ACTION_ACCESSIBILITY_FOCUS - null, AccessibilityAction: ACTION_SHOW_ON_SCREEN - null]
03-20 19:27:35.455 22864 24357 I UIAutomatorStub: Skipping invisible child: android.view.accessibility.AccessibilityNodeInfo@13ff1; boundsInParent: Rect(0, 0 - 1080, 126); boundsInScreen: Rect(0, 1794 - 1080, 1920); packageName: com.german_software_engineers.trainerapp; className: android.view.View; text: null; error: null; maxTextLength: -1; contentDescription: null; tooltipText: null; viewIdResName: android:id/navigationBarBackground; checkable: false; checked: false; focusable: false; focused: false; selected: false; clickable: false; longClickable: false; contextClickable: false; enabled: true; password: false; scrollable: false; importantForAccessibility: false; visible: false; actions: [AccessibilityAction: ACTION_SELECT - null, AccessibilityAction: ACTION_CLEAR_SELECTION - null, AccessibilityAction: ACTION_ACCESSIBILITY_FOCUS - null, AccessibilityAction: ACTION_SHOW_ON_SCREEN - null]
03-20 19:27:35.455 22864 24357 I UIAutomatorStub: Fetch time: 2ms
03-20 19:27:35.578  1800  2437 E GnssHAL_GnssInterface: gnssSvStatusCb: a: input svInfo.flags is 8
03-20 19:27:35.579  1800  2437 E GnssHAL_GnssInterface: gnssSvStatusCb: b: input svInfo.flags is 8
03-20 19:27:36.581  1800  2437 E GnssHAL_GnssInterface: gnssSvStatusCb: a: input svInfo.flags is 8
03-20 19:27:36.581  1800  2437 E GnssHAL_GnssInterface: gnssSvStatusCb: b: input svInfo.flags is 8
03-20 19:27:36.671 22864 24360 D UIAutomatorStub: URI: /jsonrpc/0, Method: POST, Header: {content-length=117, remote-addr=127.0.0.1, http-client-ip=127.0.0.1, host=localhost:9008, content-type=application/json, connection=close, accept-encoding=identity, user-agent=Python-urllib/3.7}, params, {NanoHttpd.QUERY_STRING=null}, files: {postData={"jsonrpc": "2.0", "method": "dumpWindowHierarchy", "id": "dbccee38ad89934f73d96634efc0723d", "params": [true, null]}}
03-20 19:27:36.675 22864 24360 I UIAutomatorStub: Skipping invisible child: android.view.accessibility.AccessibilityNodeInfo@143b2; boundsInParent: Rect(0, 0 - 1080, 63); boundsInScreen: Rect(0, 0 - 1080, 63); packageName: com.german_software_engineers.trainerapp; className: android.view.View; text: null; error: null; maxTextLength: -1; contentDescription: null; tooltipText: null; viewIdResName: android:id/statusBarBackground; checkable: false; checked: false; focusable: false; focused: false; selected: false; clickable: false; longClickable: false; contextClickable: false; enabled: true; password: false; scrollable: false; importantForAccessibility: false; visible: false; actions: [AccessibilityAction: ACTION_SELECT - null, AccessibilityAction: ACTION_CLEAR_SELECTION - null, AccessibilityAction: ACTION_ACCESSIBILITY_FOCUS - null, AccessibilityAction: ACTION_SHOW_ON_SCREEN - null]
03-20 19:27:36.675 22864 24360 I UIAutomatorStub: Skipping invisible child: android.view.accessibility.AccessibilityNodeInfo@13ff1; boundsInParent: Rect(0, 0 - 1080, 126); boundsInScreen: Rect(0, 1794 - 1080, 1920); packageName: com.german_software_engineers.trainerapp; className: android.view.View; text: null; error: null; maxTextLength: -1; contentDescription: null; tooltipText: null; viewIdResName: android:id/navigationBarBackground; checkable: false; checked: false; focusable: false; focused: false; selected: false; clickable: false; longClickable: false; contextClickable: false; enabled: true; password: false; scrollable: false; importantForAccessibility: false; visible: false; actions: [AccessibilityAction: ACTION_SELECT - null, AccessibilityAction: ACTION_CLEAR_SELECTION - null, AccessibilityAction: ACTION_ACCESSIBILITY_FOCUS - null, AccessibilityAction: ACTION_SHOW_ON_SCREEN - null]
03-20 19:27:36.675 22864 24360 I UIAutomatorStub: Fetch time: 1ms
03-20 19:27:37.483  1953  1953 E netmgr  : Failed to open QEMU pipe 'qemud:network': Invalid argument
03-20 19:27:37.582  1800  2437 E GnssHAL_GnssInterface: gnssSvStatusCb: a: input svInfo.flags is 8
03-20 19:27:37.582  1800  2437 E GnssHAL_GnssInterface: gnssSvStatusCb: b: input svInfo.flags is 8
03-20 19:27:38.065 16441 24371 E memtrack: Couldn't load memtrack module
03-20 19:27:38.065 16441 24371 W android.os.Debug: failed to get memory consumption info: -1
03-20 19:27:38.586  1800  2437 E GnssHAL_GnssInterface: gnssSvStatusCb: a: input svInfo.flags is 8
03-20 19:27:38.586  1800  2437 E GnssHAL_GnssInterface: gnssSvStatusCb: b: input svInfo.flags is 8
03-20 19:27:38.615 22864 24375 D UIAutomatorStub: URI: /jsonrpc/0, Method: POST, Header: {content-length=117, remote-addr=127.0.0.1, http-client-ip=127.0.0.1, host=localhost:9008, content-type=application/json, connection=close, accept-encoding=identity, user-agent=Python-urllib/3.7}, params, {NanoHttpd.QUERY_STRING=null}, files: {postData={"jsonrpc": "2.0", "method": "dumpWindowHierarchy", "id": "ab472f38260f73a31607c5d9ebc7ddb4", "params": [true, null]}}
03-20 19:27:38.619 22864 24375 I UIAutomatorStub: Skipping invisible child: android.view.accessibility.AccessibilityNodeInfo@143b2; boundsInParent: Rect(0, 0 - 1080, 63); boundsInScreen: Rect(0, 0 - 1080, 63); packageName: com.german_software_engineers.trainerapp; className: android.view.View; text: null; error: null; maxTextLength: -1; contentDescription: null; tooltipText: null; viewIdResName: android:id/statusBarBackground; checkable: false; checked: false; focusable: false; focused: false; selected: false; clickable: false; longClickable: false; contextClickable: false; enabled: true; password: false; scrollable: false; importantForAccessibility: false; visible: false; actions: [AccessibilityAction: ACTION_SELECT - null, AccessibilityAction: ACTION_CLEAR_SELECTION - null, AccessibilityAction: ACTION_ACCESSIBILITY_FOCUS - null, AccessibilityAction: ACTION_SHOW_ON_SCREEN - null]
03-20 19:27:38.619 22864 24375 I UIAutomatorStub: Skipping invisible child: android.view.accessibility.AccessibilityNodeInfo@13ff1; boundsInParent: Rect(0, 0 - 1080, 126); boundsInScreen: Rect(0, 1794 - 1080, 1920); packageName: com.german_software_engineers.trainerapp; className: android.view.View; text: null; error: null; maxTextLength: -1; contentDescription: null; tooltipText: null; viewIdResName: android:id/navigationBarBackground; checkable: false; checked: false; focusable: false; focused: false; selected: false; clickable: false; longClickable: false; contextClickable: false; enabled: true; password: false; scrollable: false; importantForAccessibility: false; visible: false; actions: [AccessibilityAction: ACTION_SELECT - null, AccessibilityAction: ACTION_CLEAR_SELECTION - null, AccessibilityAction: ACTION_ACCESSIBILITY_FOCUS - null, AccessibilityAction: ACTION_SHOW_ON_SCREEN - null]
03-20 19:27:38.619 22864 24375 I UIAutomatorStub: Fetch time: 1ms
03-20 19:27:39.590  1800  2437 E GnssHAL_GnssInterface: gnssSvStatusCb: a: input svInfo.flags is 8
03-20 19:27:39.590  1800  2437 E GnssHAL_GnssInterface: gnssSvStatusCb: b: input svInfo.flags is 8
03-20 19:27:39.924  1960  1960 E wifi_forwarder: RemoteConnection failed to initialize: RemoteConnection failed to open pipe
03-20 19:27:40.594  1800  2437 E GnssHAL_GnssInterface: gnssSvStatusCb: a: input svInfo.flags is 8
03-20 19:27:40.594  1800  2437 E GnssHAL_GnssInterface: gnssSvStatusCb: b: input svInfo.flags is 8
03-20 19:27:40.602 22864 24392 D UIAutomatorStub: URI: /jsonrpc/0, Method: POST, Header: {content-length=117, remote-addr=127.0.0.1, http-client-ip=127.0.0.1, host=localhost:9008, content-type=application/json, connection=close, accept-encoding=identity, user-agent=Python-urllib/3.7}, params, {NanoHttpd.QUERY_STRING=null}, files: {postData={"jsonrpc": "2.0", "method": "dumpWindowHierarchy", "id": "9dfb003bb01d9d4ebb20f524655f9276", "params": [true, null]}}
03-20 19:27:40.606 22864 24392 I UIAutomatorStub: Skipping invisible child: android.view.accessibility.AccessibilityNodeInfo@143b2; boundsInParent: Rect(0, 0 - 1080, 63); boundsInScreen: Rect(0, 0 - 1080, 63); packageName: com.german_software_engineers.trainerapp; className: android.view.View; text: null; error: null; maxTextLength: -1; contentDescription: null; tooltipText: null; viewIdResName: android:id/statusBarBackground; checkable: false; checked: false; focusable: false; focused: false; selected: false; clickable: false; longClickable: false; contextClickable: false; enabled: true; password: false; scrollable: false; importantForAccessibility: false; visible: false; actions: [AccessibilityAction: ACTION_SELECT - null, AccessibilityAction: ACTION_CLEAR_SELECTION - null, AccessibilityAction: ACTION_ACCESSIBILITY_FOCUS - null, AccessibilityAction: ACTION_SHOW_ON_SCREEN - null]
03-20 19:27:40.606 22864 24392 I UIAutomatorStub: Skipping invisible child: android.view.accessibility.AccessibilityNodeInfo@13ff1; boundsInParent: Rect(0, 0 - 1080, 126); boundsInScreen: Rect(0, 1794 - 1080, 1920); packageName: com.german_software_engineers.trainerapp; className: android.view.View; text: null; error: null; maxTextLength: -1; contentDescription: null; tooltipText: null; viewIdResName: android:id/navigationBarBackground; checkable: false; checked: false; focusable: false; focused: false; selected: false; clickable: false; longClickable: false; contextClickable: false; enabled: true; password: false; scrollable: false; importantForAccessibility: false; visible: false; actions: [AccessibilityAction: ACTION_SELECT - null, AccessibilityAction: ACTION_CLEAR_SELECTION - null, AccessibilityAction: ACTION_ACCESSIBILITY_FOCUS - null, AccessibilityAction: ACTION_SHOW_ON_SCREEN - null]
03-20 19:27:40.606 22864 24392 I UIAutomatorStub: Fetch time: 1ms
03-20 19:27:41.595  1800  2437 E GnssHAL_GnssInterface: gnssSvStatusCb: a: input svInfo.flags is 8
03-20 19:27:41.595  1800  2437 E GnssHAL_GnssInterface: gnssSvStatusCb: b: input svInfo.flags is 8
03-20 19:27:41.770  1801  1801 D gralloc_ranchu: gralloc_alloc: Creating ashmem region of size 8298496
03-20 19:27:41.775  1682  1682 I hwservicemanager: getTransport: Cannot find entry android.hardware.graphics.mapper@3.0::IMapper/default in either framework or device manifest.
03-20 19:27:41.775 24395 24395 W Gralloc3: mapper 3.x is not supported
03-20 19:27:41.781 24395 24395 D HostConnection: createUnique: call
03-20 19:27:41.783 24395 24395 D HostConnection: HostConnection::get() New Host Connection established 0xf2f12d70, tid 24395
03-20 19:27:41.797 24395 24395 D HostConnection: HostComposition ext ANDROID_EMU_CHECKSUM_HELPER_v1 ANDROID_EMU_native_sync_v2 ANDROID_EMU_native_sync_v3 ANDROID_EMU_native_sync_v4 ANDROID_EMU_dma_v1 ANDROID_EMU_direct_mem ANDROID_EMU_YUV420_888_to_NV21 ANDROID_EMU_YUV_Cache ANDROID_EMU_sync_buffer_data GL_OES_EGL_image_external_essl3 GL_OES_vertex_array_object GL_KHR_texture_compression_astc_ldr ANDROID_EMU_host_side_tracing ANDROID_EMU_gles_max_version_3_0 
03-20 19:27:41.797 24395 24395 D eglCodecCommon: allocate: Ask for block of size 0x1000
03-20 19:27:41.798 24395 24395 D eglCodecCommon: allocate: ioctl allocate returned offset 0x3ff00e000 size 0x2000
03-20 19:27:41.809 24395 24395 D eglCodecCommon: allocate: Ask for block of size 0x7ea000
03-20 19:27:41.809 24395 24395 D eglCodecCommon: allocate: ioctl allocate returned offset 0x3fe825000 size 0x7eb000
03-20 19:27:41.927 11601 24403 I MediaProvider: Begin Intent { act=android.intent.action.MEDIA_SCANNER_SCAN_FILE dat=file:///sdcard/screen.png flg=0x1400010 cmp=com.android.providers.media/.MediaService }
03-20 19:27:41.931 11601 24403 W ExifInterface: Invalid image: ExifInterface got an unsupported image format file(ExifInterface supports JPEG and some RAW image formats only) or a corrupted JPEG file to ExifInterface.
03-20 19:27:41.931 11601 24403 W ExifInterface: java.io.IOException: Invalid byte order: ffff8950
03-20 19:27:41.931 11601 24403 W ExifInterface: 	at android.media.ExifInterface.readByteOrder(ExifInterface.java:3121)
03-20 19:27:41.931 11601 24403 W ExifInterface: 	at android.media.ExifInterface.isOrfFormat(ExifInterface.java:2437)
03-20 19:27:41.931 11601 24403 W ExifInterface: 	at android.media.ExifInterface.getMimeType(ExifInterface.java:2315)
03-20 19:27:41.931 11601 24403 W ExifInterface: 	at android.media.ExifInterface.loadAttributes(ExifInterface.java:1753)
03-20 19:27:41.931 11601 24403 W ExifInterface: 	at android.media.ExifInterface.<init>(ExifInterface.java:1447)
03-20 19:27:41.931 11601 24403 W ExifInterface: 	at com.android.providers.media.scan.ModernMediaScanner.scanItemImage(ModernMediaScanner.java:729)
03-20 19:27:41.931 11601 24403 W ExifInterface: 	at com.android.providers.media.scan.ModernMediaScanner.scanItem(ModernMediaScanner.java:502)
03-20 19:27:41.931 11601 24403 W ExifInterface: 	at com.android.providers.media.scan.ModernMediaScanner.access$500(ModernMediaScanner.java:118)
03-20 19:27:41.931 11601 24403 W ExifInterface: 	at com.android.providers.media.scan.ModernMediaScanner$Scan.visitFile(ModernMediaScanner.java:406)
03-20 19:27:41.931 11601 24403 W ExifInterface: 	at com.android.providers.media.scan.ModernMediaScanner$Scan.visitFile(ModernMediaScanner.java:207)
03-20 19:27:41.931 11601 24403 W ExifInterface: 	at java.nio.file.Files.walkFileTree(Files.java:2670)
03-20 19:27:41.931 11601 24403 W ExifInterface: 	at java.nio.file.Files.walkFileTree(Files.java:2742)
03-20 19:27:41.931 11601 24403 W ExifInterface: 	at com.android.providers.media.scan.ModernMediaScanner$Scan.walkFileTree(ModernMediaScanner.java:267)
03-20 19:27:41.931 11601 24403 W ExifInterface: 	at com.android.providers.media.scan.ModernMediaScanner$Scan.run(ModernMediaScanner.java:245)
03-20 19:27:41.931 11601 24403 W ExifInterface: 	at com.android.providers.media.scan.ModernMediaScanner.scanFile(ModernMediaScanner.java:174)
03-20 19:27:41.931 11601 24403 W ExifInterface: 	at com.android.providers.media.MediaService.onScanFile(MediaService.java:164)
03-20 19:27:41.931 11601 24403 W ExifInterface: 	at com.android.providers.media.MediaService.onHandleIntent(MediaService.java:90)
03-20 19:27:41.931 11601 24403 W ExifInterface: 	at android.app.IntentService$ServiceHandler.handleMessage(IntentService.java:78)
03-20 19:27:41.931 11601 24403 W ExifInterface: 	at android.os.Handler.dispatchMessage(Handler.java:107)
03-20 19:27:41.931 11601 24403 W ExifInterface: 	at android.os.Looper.loop(Looper.java:214)
03-20 19:27:41.931 11601 24403 W ExifInterface: 	at android.os.HandlerThread.run(HandlerThread.java:67)
03-20 19:27:41.938 11601 24403 I MediaProvider: End Intent { act=android.intent.action.MEDIA_SCANNER_SCAN_FILE dat=file:///sdcard/screen.png flg=0x1400010 cmp=com.android.providers.media/.MediaService }
03-20 19:27:42.055 16441 19149 I NetworkScheduler.Stats: Task com.google.android.gms/com.google.android.gms.ipa.base.IpaGcmTaskService started execution. cause:9 exec_start_elapsed_seconds: 24449 [CONTEXT service_id=218 ]
03-20 19:27:42.060 16441 16441 D BoundBrokerSvc: onBind: Intent { act=com.google.android.gms.scheduler.ACTION_PROXY_SCHEDULE dat=chimera-action: cmp=com.google.android.gms/.chimera.PersistentApiService }
03-20 19:27:42.060 16441 16441 D BoundBrokerSvc: Loading bound service for intent: Intent { act=com.google.android.gms.scheduler.ACTION_PROXY_SCHEDULE dat=chimera-action: cmp=com.google.android.gms/.chimera.PersistentApiService }
03-20 19:27:42.065 16441 22840 I NetworkScheduler.Stats: Task com.google.android.gms/com.google.android.gms.ipa.base.IpaGcmTaskService finished executing. cause:9 result: 1 elapsed_millis: 60 uptime_millis: 60 exec_start_elapsed_seconds: 24449 [CONTEXT service_id=218 ]
03-20 19:27:42.595  1800  2437 E GnssHAL_GnssInterface: gnssSvStatusCb: a: input svInfo.flags is 8
03-20 19:27:42.595  1800  2437 E GnssHAL_GnssInterface: gnssSvStatusCb: b: input svInfo.flags is 8
03-20 19:27:43.601  1800  2437 E GnssHAL_GnssInterface: gnssSvStatusCb: a: input svInfo.flags is 8
03-20 19:27:43.601  1800  2437 E GnssHAL_GnssInterface: gnssSvStatusCb: b: input svInfo.flags is 8
03-20 19:27:44.279 22864 24407 D UIAutomatorStub: URI: /jsonrpc/0, Method: POST, Header: {content-length=117, remote-addr=127.0.0.1, http-client-ip=127.0.0.1, host=localhost:9008, content-type=application/json, connection=close, accept-encoding=identity, user-agent=Python-urllib/3.7}, params, {NanoHttpd.QUERY_STRING=null}, files: {postData={"jsonrpc": "2.0", "method": "dumpWindowHierarchy", "id": "c675f0007816f1f2fccac2a624270d81", "params": [true, null]}}
03-20 19:27:44.283 22864 24407 I UIAutomatorStub: Skipping invisible child: android.view.accessibility.AccessibilityNodeInfo@143b2; boundsInParent: Rect(0, 0 - 1080, 63); boundsInScreen: Rect(0, 0 - 1080, 63); packageName: com.german_software_engineers.trainerapp; className: android.view.View; text: null; error: null; maxTextLength: -1; contentDescription: null; tooltipText: null; viewIdResName: android:id/statusBarBackground; checkable: false; checked: false; focusable: false; focused: false; selected: false; clickable: false; longClickable: false; contextClickable: false; enabled: true; password: false; scrollable: false; importantForAccessibility: false; visible: false; actions: [AccessibilityAction: ACTION_SELECT - null, AccessibilityAction: ACTION_CLEAR_SELECTION - null, AccessibilityAction: ACTION_ACCESSIBILITY_FOCUS - null, AccessibilityAction: ACTION_SHOW_ON_SCREEN - null]
03-20 19:27:44.283 22864 24407 I UIAutomatorStub: Skipping invisible child: android.view.accessibility.AccessibilityNodeInfo@13ff1; boundsInParent: Rect(0, 0 - 1080, 126); boundsInScreen: Rect(0, 1794 - 1080, 1920); packageName: com.german_software_engineers.trainerapp; className: android.view.View; text: null; error: null; maxTextLength: -1; contentDescription: null; tooltipText: null; viewIdResName: android:id/navigationBarBackground; checkable: false; checked: false; focusable: false; focused: false; selected: false; clickable: false; longClickable: false; contextClickable: false; enabled: true; password: false; scrollable: false; importantForAccessibility: false; visible: false; actions: [AccessibilityAction: ACTION_SELECT - null, AccessibilityAction: ACTION_CLEAR_SELECTION - null, AccessibilityAction: ACTION_ACCESSIBILITY_FOCUS - null, AccessibilityAction: ACTION_SHOW_ON_SCREEN - null]
03-20 19:27:44.283 22864 24407 I UIAutomatorStub: Fetch time: 1ms
03-20 19:27:44.605  1800  2437 E GnssHAL_GnssInterface: gnssSvStatusCb: a: input svInfo.flags is 8
03-20 19:27:44.605  1800  2437 E GnssHAL_GnssInterface: gnssSvStatusCb: b: input svInfo.flags is 8
03-20 19:27:45.531 22864 24411 D UIAutomatorStub: URI: /jsonrpc/0, Method: POST, Header: {content-length=117, remote-addr=127.0.0.1, http-client-ip=127.0.0.1, host=localhost:9008, content-type=application/json, connection=close, accept-encoding=identity, user-agent=Python-urllib/3.7}, params, {NanoHttpd.QUERY_STRING=null}, files: {postData={"jsonrpc": "2.0", "method": "dumpWindowHierarchy", "id": "eafe93e79f7ff4e4d06352e7c8ef1cba", "params": [true, null]}}
03-20 19:27:45.535 22864 24411 I UIAutomatorStub: Skipping invisible child: android.view.accessibility.AccessibilityNodeInfo@143b2; boundsInParent: Rect(0, 0 - 1080, 63); boundsInScreen: Rect(0, 0 - 1080, 63); packageName: com.german_software_engineers.trainerapp; className: android.view.View; text: null; error: null; maxTextLength: -1; contentDescription: null; tooltipText: null; viewIdResName: android:id/statusBarBackground; checkable: false; checked: false; focusable: false; focused: false; selected: false; clickable: false; longClickable: false; contextClickable: false; enabled: true; password: false; scrollable: false; importantForAccessibility: false; visible: false; actions: [AccessibilityAction: ACTION_SELECT - null, AccessibilityAction: ACTION_CLEAR_SELECTION - null, AccessibilityAction: ACTION_ACCESSIBILITY_FOCUS - null, AccessibilityAction: ACTION_SHOW_ON_SCREEN - null]
03-20 19:27:45.536 22864 24411 I UIAutomatorStub: Skipping invisible child: android.view.accessibility.AccessibilityNodeInfo@13ff1; boundsInParent: Rect(0, 0 - 1080, 126); boundsInScreen: Rect(0, 1794 - 1080, 1920); packageName: com.german_software_engineers.trainerapp; className: android.view.View; text: null; error: null; maxTextLength: -1; contentDescription: null; tooltipText: null; viewIdResName: android:id/navigationBarBackground; checkable: false; checked: false; focusable: false; focused: false; selected: false; clickable: false; longClickable: false; contextClickable: false; enabled: true; password: false; scrollable: false; importantForAccessibility: false; visible: false; actions: [AccessibilityAction: ACTION_SELECT - null, AccessibilityAction: ACTION_CLEAR_SELECTION - null, AccessibilityAction: ACTION_ACCESSIBILITY_FOCUS - null, AccessibilityAction: ACTION_SHOW_ON_SCREEN - null]
03-20 19:27:45.536 22864 24411 I UIAutomatorStub: Fetch time: 2ms
03-20 19:27:45.610  1800  2437 E GnssHAL_GnssInterface: gnssSvStatusCb: a: input svInfo.flags is 8
03-20 19:27:45.610  1800  2437 E GnssHAL_GnssInterface: gnssSvStatusCb: b: input svInfo.flags is 8
03-20 19:27:46.612  1800  2437 E GnssHAL_GnssInterface: gnssSvStatusCb: a: input svInfo.flags is 8
03-20 19:27:46.612  1800  2437 E GnssHAL_GnssInterface: gnssSvStatusCb: b: input svInfo.flags is 8
03-20 19:27:46.880 22864 24417 D UIAutomatorStub: URI: /jsonrpc/0, Method: POST, Header: {content-length=117, remote-addr=127.0.0.1, http-client-ip=127.0.0.1, host=localhost:9008, content-type=application/json, connection=close, accept-encoding=identity, user-agent=Python-urllib/3.7}, params, {NanoHttpd.QUERY_STRING=null}, files: {postData={"jsonrpc": "2.0", "method": "dumpWindowHierarchy", "id": "6ed83c600848a56105dd631589249ea8", "params": [true, null]}}
03-20 19:27:46.890 22864 24417 I UIAutomatorStub: Skipping invisible child: android.view.accessibility.AccessibilityNodeInfo@143b2; boundsInParent: Rect(0, 0 - 1080, 63); boundsInScreen: Rect(0, 0 - 1080, 63); packageName: com.german_software_engineers.trainerapp; className: android.view.View; text: null; error: null; maxTextLength: -1; contentDescription: null; tooltipText: null; viewIdResName: android:id/statusBarBackground; checkable: false; checked: false; focusable: false; focused: false; selected: false; clickable: false; longClickable: false; contextClickable: false; enabled: true; password: false; scrollable: false; importantForAccessibility: false; visible: false; actions: [AccessibilityAction: ACTION_SELECT - null, AccessibilityAction: ACTION_CLEAR_SELECTION - null, AccessibilityAction: ACTION_ACCESSIBILITY_FOCUS - null, AccessibilityAction: ACTION_SHOW_ON_SCREEN - null]
03-20 19:27:46.890 22864 24417 I UIAutomatorStub: Skipping invisible child: android.view.accessibility.AccessibilityNodeInfo@13ff1; boundsInParent: Rect(0, 0 - 1080, 126); boundsInScreen: Rect(0, 1794 - 1080, 1920); packageName: com.german_software_engineers.trainerapp; className: android.view.View; text: null; error: null; maxTextLength: -1; contentDescription: null; tooltipText: null; viewIdResName: android:id/navigationBarBackground; checkable: false; checked: false; focusable: false; focused: false; selected: false; clickable: false; longClickable: false; contextClickable: false; enabled: true; password: false; scrollable: false; importantForAccessibility: false; visible: false; actions: [AccessibilityAction: ACTION_SELECT - null, AccessibilityAction: ACTION_CLEAR_SELECTION - null, AccessibilityAction: ACTION_ACCESSIBILITY_FOCUS - null, AccessibilityAction: ACTION_SHOW_ON_SCREEN - null]
03-20 19:27:46.890 22864 24417 I UIAutomatorStub: Fetch time: 2ms
03-20 19:27:47.615  1800  2437 E GnssHAL_GnssInterface: gnssSvStatusCb: a: input svInfo.flags is 8
03-20 19:27:47.616  1800  2437 E GnssHAL_GnssInterface: gnssSvStatusCb: b: input svInfo.flags is 8
03-20 19:27:48.175 22864 24423 D UIAutomatorStub: URI: /jsonrpc/0, Method: POST, Header: {content-length=117, remote-addr=127.0.0.1, http-client-ip=127.0.0.1, host=localhost:9008, content-type=application/json, connection=close, accept-encoding=identity, user-agent=Python-urllib/3.7}, params, {NanoHttpd.QUERY_STRING=null}, files: {postData={"jsonrpc": "2.0", "method": "dumpWindowHierarchy", "id": "ab26d90d1041164ed29c87e9690f9edb", "params": [true, null]}}
03-20 19:27:48.179 22864 24423 I UIAutomatorStub: Skipping invisible child: android.view.accessibility.AccessibilityNodeInfo@143b2; boundsInParent: Rect(0, 0 - 1080, 63); boundsInScreen: Rect(0, 0 - 1080, 63); packageName: com.german_software_engineers.trainerapp; className: android.view.View; text: null; error: null; maxTextLength: -1; contentDescription: null; tooltipText: null; viewIdResName: android:id/statusBarBackground; checkable: false; checked: false; focusable: false; focused: false; selected: false; clickable: false; longClickable: false; contextClickable: false; enabled: true; password: false; scrollable: false; importantForAccessibility: false; visible: false; actions: [AccessibilityAction: ACTION_SELECT - null, AccessibilityAction: ACTION_CLEAR_SELECTION - null, AccessibilityAction: ACTION_ACCESSIBILITY_FOCUS - null, AccessibilityAction: ACTION_SHOW_ON_SCREEN - null]
03-20 19:27:48.180 22864 24423 I UIAutomatorStub: Skipping invisible child: android.view.accessibility.AccessibilityNodeInfo@13ff1; boundsInParent: Rect(0, 0 - 1080, 126); boundsInScreen: Rect(0, 1794 - 1080, 1920); packageName: com.german_software_engineers.trainerapp; className: android.view.View; text: null; error: null; maxTextLength: -1; contentDescription: null; tooltipText: null; viewIdResName: android:id/navigationBarBackground; checkable: false; checked: false; focusable: false; focused: false; selected: false; clickable: false; longClickable: false; contextClickable: false; enabled: true; password: false; scrollable: false; importantForAccessibility: false; visible: false; actions: [AccessibilityAction: ACTION_SELECT - null, AccessibilityAction: ACTION_CLEAR_SELECTION - null, AccessibilityAction: ACTION_ACCESSIBILITY_FOCUS - null, AccessibilityAction: ACTION_SHOW_ON_SCREEN - null]
03-20 19:27:48.180 22864 24423 I UIAutomatorStub: Fetch time: 2ms
03-20 19:27:48.617  1800  2437 E GnssHAL_GnssInterface: gnssSvStatusCb: a: input svInfo.flags is 8
03-20 19:27:48.617  1800  2437 E GnssHAL_GnssInterface: gnssSvStatusCb: b: input svInfo.flags is 8
03-20 19:27:49.485 24429 24429 D AndroidRuntime: >>>>>> START com.android.internal.os.RuntimeInit uid 2000 <<<<<<
03-20 19:27:49.480 24429 24429 W app_process: type=1400 audit(0.0:3001): avc: denied { read } for name="u:object_r:device_config_runtime_native_boot_prop:s0" dev="tmpfs" ino=874 scontext=u:r:shell:s0 tcontext=u:object_r:device_config_runtime_native_boot_prop:s0 tclass=file permissive=0
03-20 19:27:49.488 24429 24429 E libc    : Access denied finding property "persist.device_config.runtime_native_boot.enable_apex_image"
03-20 19:27:49.488 24429 24429 I AndroidRuntime: Using default boot image
03-20 19:27:49.489 24429 24429 E libc    : Access denied finding property "persist.device_config.runtime_native_boot.disable_lock_profiling"
03-20 19:27:49.489 24429 24429 I AndroidRuntime: Leaving lock profiling enabled
03-20 19:27:49.489 24429 24429 E libc    : Access denied finding property "persist.device_config.runtime_native_boot.enable_generational_cc"
03-20 19:27:49.480 24429 24429 W app_process: type=1400 audit(0.0:3002): avc: denied { read } for name="u:object_r:device_config_runtime_native_boot_prop:s0" dev="tmpfs" ino=874 scontext=u:r:shell:s0 tcontext=u:object_r:device_config_runtime_native_boot_prop:s0 tclass=file permissive=0
03-20 19:27:49.571 24429 24429 D ICU     : Time zone APEX file found: /apex/com.android.tzdata/etc/icu/icu_tzdata.dat
03-20 19:27:49.575 24429 24429 W app_process: Unexpected CPU variant for X86 using defaults: x86
03-20 19:27:49.579 24429 24429 I app_process: The ClassLoaderContext is a special shared library.
03-20 19:27:49.594 24429 24429 W app_process: JNI RegisterNativeMethods: attempt to register 0 native methods for android.media.AudioAttributes
03-20 19:27:49.596 24429 24429 D AndroidRuntime: Calling main entry com.android.commands.monkey.Monkey
03-20 19:27:49.599 24429 24429 W Monkey  : args: [-p, com.german_software_engineers.trainerapp, -c, android.intent.category.LAUNCHER, 1]
03-20 19:27:49.599 24429 24429 W Monkey  :  arg: "-p"
03-20 19:27:49.599 24429 24429 W Monkey  :  arg: "com.german_software_engineers.trainerapp"
03-20 19:27:49.599 24429 24429 W Monkey  :  arg: "-c"
03-20 19:27:49.600 24429 24429 W Monkey  :  arg: "android.intent.category.LAUNCHER"
03-20 19:27:49.600 24429 24429 W Monkey  :  arg: "1"
03-20 19:27:49.600 24429 24429 W Monkey  : data="com.german_software_engineers.trainerapp"
03-20 19:27:49.600 24429 24429 W Monkey  : data="android.intent.category.LAUNCHER"
03-20 19:27:17.265  2044  2044 V SettingsProvider: Notifying for 0: content://settings/system/accelerometer_rotation
03-20 19:27:49.613  2044  2071 W BroadcastQueue: Skipping deliver [background] BroadcastRecord{9921e0c u-1 android.net.conn.CONNECTIVITY_CHANGE} to ReceiverList{1a6a355 24429 (unknown name)/2000/u-1 remote:19a0d5e}: process gone or crashing
03-20 19:27:49.617  1800  2437 E GnssHAL_GnssInterface: gnssSvStatusCb: a: input svInfo.flags is 8
03-20 19:27:49.617  1800  2437 E GnssHAL_GnssInterface: gnssSvStatusCb: b: input svInfo.flags is 8
03-20 19:27:49.626  2044  2325 I ActivityTaskManager: START u0 {act=android.intent.action.MAIN cat=[android.intent.category.LAUNCHER] flg=0x10200000 cmp=com.german_software_engineers.trainerapp/.TrainingsSchedule} from uid 2000
03-20 19:27:49.627  2044  2325 W Binder  : Outgoing transactions from this process must be FLAG_ONEWAY
03-20 19:27:49.627  2044  2325 W Binder  : java.lang.Throwable
03-20 19:27:49.627  2044  2325 W Binder  : 	at android.os.BinderProxy.transact(BinderProxy.java:480)
03-20 19:27:49.627  2044  2325 W Binder  : 	at android.app.IActivityController$Stub$Proxy.activityStarting(IActivityController.java:273)
03-20 19:27:49.627  2044  2325 W Binder  : 	at com.android.server.wm.ActivityStarter.startActivity(ActivityStarter.java:794)
03-20 19:27:49.627  2044  2325 W Binder  : 	at com.android.server.wm.ActivityStarter.startActivity(ActivityStarter.java:583)
03-20 19:27:49.627  2044  2325 W Binder  : 	at com.android.server.wm.ActivityStarter.startActivityMayWait(ActivityStarter.java:1288)
03-20 19:27:49.627  2044  2325 W Binder  : 	at com.android.server.wm.ActivityStarter.execute(ActivityStarter.java:514)
03-20 19:27:49.627  2044  2325 W Binder  : 	at com.android.server.wm.ActivityTaskManagerService.startActivityAsUser(ActivityTaskManagerService.java:1058)
03-20 19:27:49.627  2044  2325 W Binder  : 	at com.android.server.wm.ActivityTaskManagerService.startActivityAsUser(ActivityTaskManagerService.java:1032)
03-20 19:27:49.627  2044  2325 W Binder  : 	at com.android.server.am.ActivityManagerService.startActivityAsUser(ActivityManagerService.java:3504)
03-20 19:27:49.627  2044  2325 W Binder  : 	at android.app.IActivityManager$Stub.onTransact(IActivityManager.java:3537)
03-20 19:27:49.627  2044  2325 W Binder  : 	at com.android.server.am.ActivityManagerService.onTransact(ActivityManagerService.java:2741)
03-20 19:27:49.627  2044  2325 W Binder  : 	at android.os.Binder.execTransactInternal(Binder.java:1021)
03-20 19:27:49.627  2044  2325 W Binder  : 	at android.os.Binder.execTransact(Binder.java:994)
03-20 19:27:49.629 24429 24429 I Monkey  : Events injected: 1
03-20 19:27:49.631  2044  2044 V SettingsProvider: Notifying for 0: content://settings/system/accelerometer_rotation
03-20 19:27:49.636 24429 24429 I Monkey  : ## Network stats: elapsed time=10ms (0ms mobile, 0ms wifi, 10ms not connected)
03-20 19:27:49.637  2044  2065 W InputReader: Device has associated, but no associated display id.
03-20 19:27:49.637  2044  2065 I chatty  : uid=1000(system) android.display identical 1 line
03-20 19:27:49.637  2044  2065 W InputReader: Device has associated, but no associated display id.
03-20 19:27:49.637 24429 24429 I app_process: System.exit called, status: 0
03-20 19:27:49.637 24429 24429 I AndroidRuntime: VM exiting with result code 0.
03-20 19:27:49.637  2044  2065 W InputReader: Device has associated, but no associated display id.
03-20 19:27:49.640  2044  2065 I chatty  : uid=1000(system) android.display identical 15 lines
03-20 19:27:49.640  2044  2065 W InputReader: Device has associated, but no associated display id.
03-20 19:27:50.618  1800  2437 E GnssHAL_GnssInterface: gnssSvStatusCb: a: input svInfo.flags is 8
03-20 19:27:50.618  1800  2437 E GnssHAL_GnssInterface: gnssSvStatusCb: b: input svInfo.flags is 8
03-20 19:27:51.623  1800  2437 E GnssHAL_GnssInterface: gnssSvStatusCb: a: input svInfo.flags is 8
03-20 19:27:51.623  1800  2437 E GnssHAL_GnssInterface: gnssSvStatusCb: b: input svInfo.flags is 8
03-20 19:27:52.625  1800  2437 E GnssHAL_GnssInterface: gnssSvStatusCb: a: input svInfo.flags is 8
03-20 19:27:52.625  1800  2437 E GnssHAL_GnssInterface: gnssSvStatusCb: b: input svInfo.flags is 8
03-20 19:27:53.630  1800  2437 E GnssHAL_GnssInterface: gnssSvStatusCb: a: input svInfo.flags is 8
03-20 19:27:53.630  1800  2437 E GnssHAL_GnssInterface: gnssSvStatusCb: b: input svInfo.flags is 8
03-20 19:27:54.633  1800  2437 E GnssHAL_GnssInterface: gnssSvStatusCb: a: input svInfo.flags is 8
03-20 19:27:54.634  1800  2437 E GnssHAL_GnssInterface: gnssSvStatusCb: b: input svInfo.flags is 8
03-20 19:27:55.639  1800  2437 E GnssHAL_GnssInterface: gnssSvStatusCb: a: input svInfo.flags is 8
03-20 19:27:55.640  1800  2437 E GnssHAL_GnssInterface: gnssSvStatusCb: b: input svInfo.flags is 8
03-20 19:27:56.641  1800  2437 E GnssHAL_GnssInterface: gnssSvStatusCb: a: input svInfo.flags is 8
03-20 19:27:56.641  1800  2437 E GnssHAL_GnssInterface: gnssSvStatusCb: b: input svInfo.flags is 8
03-20 19:27:57.136 16441 16441 D BoundBrokerSvc: onUnbind: Intent { act=com.google.android.gms.scheduler.ACTION_PROXY_SCHEDULE dat=chimera-action: cmp=com.google.android.gms/.chimera.PersistentApiService }
03-20 19:27:57.644  1800  2437 E GnssHAL_GnssInterface: gnssSvStatusCb: a: input svInfo.flags is 8
03-20 19:27:57.644  1800  2437 E GnssHAL_GnssInterface: gnssSvStatusCb: b: input svInfo.flags is 8
03-20 19:27:58.648  1800  2437 E GnssHAL_GnssInterface: gnssSvStatusCb: a: input svInfo.flags is 8
03-20 19:27:58.648  1800  2437 E GnssHAL_GnssInterface: gnssSvStatusCb: b: input svInfo.flags is 8
03-20 19:27:59.653  1800  2437 E GnssHAL_GnssInterface: gnssSvStatusCb: a: input svInfo.flags is 8
03-20 19:27:59.653  1800  2437 E GnssHAL_GnssInterface: gnssSvStatusCb: b: input svInfo.flags is 8
03-20 19:28:00.657  1800  2437 E GnssHAL_GnssInterface: gnssSvStatusCb: a: input svInfo.flags is 8
03-20 19:28:00.657  1800  2437 E GnssHAL_GnssInterface: gnssSvStatusCb: b: input svInfo.flags is 8
03-20 19:28:01.658  1800  2437 E GnssHAL_GnssInterface: gnssSvStatusCb: a: input svInfo.flags is 8
03-20 19:28:01.658  1800  2437 E GnssHAL_GnssInterface: gnssSvStatusCb: b: input svInfo.flags is 8
03-20 19:28:02.658  1800  2437 E GnssHAL_GnssInterface: gnssSvStatusCb: a: input svInfo.flags is 8
03-20 19:28:02.658  1800  2437 E GnssHAL_GnssInterface: gnssSvStatusCb: b: input svInfo.flags is 8
03-20 19:28:03.663  1800  2437 E GnssHAL_GnssInterface: gnssSvStatusCb: a: input svInfo.flags is 8
03-20 19:28:03.663  1800  2437 E GnssHAL_GnssInterface: gnssSvStatusCb: b: input svInfo.flags is 8
03-20 19:28:04.666  1800  2437 E GnssHAL_GnssInterface: gnssSvStatusCb: a: input svInfo.flags is 8
03-20 19:28:04.666  1800  2437 E GnssHAL_GnssInterface: gnssSvStatusCb: b: input svInfo.flags is 8
03-20 19:28:04.944 22864 24466 D UIAutomatorStub: URI: /jsonrpc/0, Method: POST, Header: {content-length=117, remote-addr=127.0.0.1, http-client-ip=127.0.0.1, host=localhost:9008, content-type=application/json, connection=close, accept-encoding=identity, user-agent=Python-urllib/3.7}, params, {NanoHttpd.QUERY_STRING=null}, files: {postData={"jsonrpc": "2.0", "method": "dumpWindowHierarchy", "id": "30aa9de06a37ebc81ab7f7d151be780e", "params": [true, null]}}
03-20 19:28:04.948 22864 24466 I UIAutomatorStub: Skipping invisible child: android.view.accessibility.AccessibilityNodeInfo@143b2; boundsInParent: Rect(0, 0 - 1080, 63); boundsInScreen: Rect(0, 0 - 1080, 63); packageName: com.german_software_engineers.trainerapp; className: android.view.View; text: null; error: null; maxTextLength: -1; contentDescription: null; tooltipText: null; viewIdResName: android:id/statusBarBackground; checkable: false; checked: false; focusable: false; focused: false; selected: false; clickable: false; longClickable: false; contextClickable: false; enabled: true; password: false; scrollable: false; importantForAccessibility: false; visible: false; actions: [AccessibilityAction: ACTION_SELECT - null, AccessibilityAction: ACTION_CLEAR_SELECTION - null, AccessibilityAction: ACTION_ACCESSIBILITY_FOCUS - null, AccessibilityAction: ACTION_SHOW_ON_SCREEN - null]
03-20 19:28:04.948 22864 24466 I UIAutomatorStub: Skipping invisible child: android.view.accessibility.AccessibilityNodeInfo@13ff1; boundsInParent: Rect(0, 0 - 1080, 126); boundsInScreen: Rect(0, 1794 - 1080, 1920); packageName: com.german_software_engineers.trainerapp; className: android.view.View; text: null; error: null; maxTextLength: -1; contentDescription: null; tooltipText: null; viewIdResName: android:id/navigationBarBackground; checkable: false; checked: false; focusable: false; focused: false; selected: false; clickable: false; longClickable: false; contextClickable: false; enabled: true; password: false; scrollable: false; importantForAccessibility: false; visible: false; actions: [AccessibilityAction: ACTION_SELECT - null, AccessibilityAction: ACTION_CLEAR_SELECTION - null, AccessibilityAction: ACTION_ACCESSIBILITY_FOCUS - null, AccessibilityAction: ACTION_SHOW_ON_SCREEN - null]
03-20 19:28:04.948 22864 24466 I UIAutomatorStub: Fetch time: 1ms
03-20 19:28:05.667  1800  2437 E GnssHAL_GnssInterface: gnssSvStatusCb: a: input svInfo.flags is 8
03-20 19:28:05.667  1800  2437 E GnssHAL_GnssInterface: gnssSvStatusCb: b: input svInfo.flags is 8
03-20 19:28:06.109 24467 24467 D AndroidRuntime: >>>>>> START com.android.internal.os.RuntimeInit uid 2000 <<<<<<
03-20 19:28:06.100 24467 24467 W app_process: type=1400 audit(0.0:3004): avc: denied { read } for name="u:object_r:device_config_runtime_native_boot_prop:s0" dev="tmpfs" ino=874 scontext=u:r:shell:s0 tcontext=u:object_r:device_config_runtime_native_boot_prop:s0 tclass=file permissive=0
03-20 19:28:06.110 24467 24467 W app_process: type=1400 audit(0.0:3005): avc: denied { read } for name="u:object_r:device_config_runtime_native_boot_prop:s0" dev="tmpfs" ino=874 scontext=u:r:shell:s0 tcontext=u:object_r:device_config_runtime_native_boot_prop:s0 tclass=file permissive=0
03-20 19:28:06.112 24467 24467 E libc    : Access denied finding property "persist.device_config.runtime_native_boot.enable_apex_image"
03-20 19:28:06.112 24467 24467 I AndroidRuntime: Using default boot image
03-20 19:28:06.112 24467 24467 E libc    : Access denied finding property "persist.device_config.runtime_native_boot.disable_lock_profiling"
03-20 19:28:06.112 24467 24467 I AndroidRuntime: Leaving lock profiling enabled
03-20 19:28:06.110 24467 24467 W app_process: type=1400 audit(0.0:3006): avc: denied { read } for name="u:object_r:device_config_runtime_native_boot_prop:s0" dev="tmpfs" ino=874 scontext=u:r:shell:s0 tcontext=u:object_r:device_config_runtime_native_boot_prop:s0 tclass=file permissive=0
03-20 19:28:06.112 24467 24467 E libc    : Access denied finding property "persist.device_config.runtime_native_boot.enable_generational_cc"
03-20 19:28:06.159 24467 24467 D ICU     : Time zone APEX file found: /apex/com.android.tzdata/etc/icu/icu_tzdata.dat
03-20 19:28:06.162 24467 24467 W app_process: Unexpected CPU variant for X86 using defaults: x86
03-20 19:28:06.165 24467 24467 I app_process: The ClassLoaderContext is a special shared library.
03-20 19:28:06.177 24467 24467 W app_process: JNI RegisterNativeMethods: attempt to register 0 native methods for android.media.AudioAttributes
03-20 19:28:06.179 24467 24467 D AndroidRuntime: Calling main entry com.android.commands.input.Input
03-20 19:28:06.292 23479 23499 D EGL_emulation: eglMakeCurrent: 0xe0e1a2a0: ver 3 0 (tinfo 0xe0e0f330)
03-20 19:28:06.614  1801  1801 D gralloc_ranchu: gralloc_alloc: Creating ashmem region of size 176128
03-20 19:28:06.618 23479 23499 D EGL_emulation: eglMakeCurrent: 0xe0e1a2a0: ver 3 0 (tinfo 0xe0e0f330)
03-20 19:28:06.618  1801  1801 D gralloc_ranchu: gralloc_alloc: Creating ashmem region of size 176128
03-20 19:28:06.621  1801  1801 D gralloc_ranchu: gralloc_alloc: Creating ashmem region of size 176128
03-20 19:28:06.670  1800  2437 E GnssHAL_GnssInterface: gnssSvStatusCb: a: input svInfo.flags is 8
03-20 19:28:06.670  1800  2437 E GnssHAL_GnssInterface: gnssSvStatusCb: b: input svInfo.flags is 8
03-20 19:28:07.674  1800  2437 E GnssHAL_GnssInterface: gnssSvStatusCb: a: input svInfo.flags is 8
03-20 19:28:07.674  1800  2437 E GnssHAL_GnssInterface: gnssSvStatusCb: b: input svInfo.flags is 8
03-20 19:28:08.184 24467 24467 D AndroidRuntime: Shutting down VM
03-20 19:28:08.200 23479 23499 D EGL_emulation: eglMakeCurrent: 0xe0e1a2a0: ver 3 0 (tinfo 0xe0e0f330)
