03-20 19:29:35.394 22864 24809 I UIAutomatorStub: Skipping invisible child: android.view.accessibility.AccessibilityNodeInfo@23034; boundsInParent: Rect(0, 0 - 1080, 126); boundsInScreen: Rect(0, 1794 - 1080, 1920); packageName: com.german_software_engineers.trainerapp; className: android.view.View; text: null; error: null; maxTextLength: -1; contentDescription: null; tooltipText: null; viewIdResName: android:id/navigationBarBackground; checkable: false; checked: false; focusable: false; focused: false; selected: false; clickable: false; longClickable: false; contextClickable: false; enabled: true; password: false; scrollable: false; importantForAccessibility: false; visible: false; actions: [AccessibilityAction: ACTION_SELECT - null, AccessibilityAction: ACTION_CLEAR_SELECTION - null, AccessibilityAction: ACTION_ACCESSIBILITY_FOCUS - null, AccessibilityAction: ACTION_SHOW_ON_SCREEN - null]
03-20 19:29:35.394 22864 24809 I UIAutomatorStub: Fetch time: 2ms
03-20 19:29:35.952  1800  2437 E GnssHAL_GnssInterface: gnssSvStatusCb: a: input svInfo.flags is 8
03-20 19:29:35.952  1800  2437 E GnssHAL_GnssInterface: gnssSvStatusCb: b: input svInfo.flags is 8
03-20 19:29:36.683 22864 24813 D UIAutomatorStub: URI: /jsonrpc/0, Method: POST, Header: {content-length=117, remote-addr=127.0.0.1, http-client-ip=127.0.0.1, host=localhost:9008, content-type=application/json, connection=close, accept-encoding=identity, user-agent=Python-urllib/3.7}, params, {NanoHttpd.QUERY_STRING=null}, files: {postData={"jsonrpc": "2.0", "method": "dumpWindowHierarchy", "id": "2f0cb3fc6288356c1c887c13d65ba628", "params": [true, null]}}
03-20 19:29:36.688 22864 24813 I UIAutomatorStub: Skipping invisible child: android.view.accessibility.AccessibilityNodeInfo@23f38; boundsInParent: Rect(0, 0 - 0, 147); boundsInScreen: Rect(1080, 63 - 1080, 210); packageName: com.german_software_engineers.trainerapp; className: android.support.v7.widget.LinearLayoutCompat; text: null; error: null; maxTextLength: -1; contentDescription: null; tooltipText: null; viewIdResName: null; checkable: false; checked: false; focusable: false; focused: false; selected: false; clickable: false; longClickable: false; contextClickable: false; enabled: true; password: false; scrollable: false; importantForAccessibility: false; visible: false; actions: [AccessibilityAction: ACTION_SELECT - null, AccessibilityAction: ACTION_CLEAR_SELECTION - null, AccessibilityAction: ACTION_ACCESSIBILITY_FOCUS - null, AccessibilityAction: ACTION_SHOW_ON_SCREEN - null]
03-20 19:29:36.688 22864 24813 I UIAutomatorStub: Skipping invisible child: android.view.accessibility.AccessibilityNodeInfo@233f5; boundsInParent: Rect(0, 0 - 1080, 63); boundsInScreen: Rect(0, 0 - 1080, 63); packageName: com.german_software_engineers.trainerapp; className: android.view.View; text: null; error: null; maxTextLength: -1; contentDescription: null; tooltipText: null; viewIdResName: android:id/statusBarBackground; checkable: false; checked: false; focusable: false; focused: false; selected: false; clickable: false; longClickable: false; contextClickable: false; enabled: true; password: false; scrollable: false; importantForAccessibility: false; visible: false; actions: [AccessibilityAction: ACTION_SELECT - null, AccessibilityAction: ACTION_CLEAR_SELECTION - null, AccessibilityAction: ACTION_ACCESSIBILITY_FOCUS - null, AccessibilityAction: ACTION_SHOW_ON_SCREEN - null]
03-20 19:29:36.688 22864 24813 I UIAutomatorStub: Skipping invisible child: android.view.accessibility.AccessibilityNodeInfo@23034; boundsInParent: Rect(0, 0 - 1080, 126); boundsInScreen: Rect(0, 1794 - 1080, 1920); packageName: com.german_software_engineers.trainerapp; className: android.view.View; text: null; error: null; maxTextLength: -1; contentDescription: null; tooltipText: null; viewIdResName: android:id/navigationBarBackground; checkable: false; checked: false; focusable: false; focused: false; selected: false; clickable: false; longClickable: false; contextClickable: false; enabled: true; password: false; scrollable: false; importantForAccessibility: false; visible: false; actions: [AccessibilityAction: ACTION_SELECT - null, AccessibilityAction: ACTION_CLEAR_SELECTION - null, AccessibilityAction: ACTION_ACCESSIBILITY_FOCUS - null, AccessibilityAction: ACTION_SHOW_ON_SCREEN - null]
03-20 19:29:36.690 22864 24813 I UIAutomatorStub: Fetch time: 2ms
03-20 19:29:36.957  1800  2437 E GnssHAL_GnssInterface: gnssSvStatusCb: a: input svInfo.flags is 8
03-20 19:29:36.957  1800  2437 E GnssHAL_GnssInterface: gnssSvStatusCb: b: input svInfo.flags is 8
03-20 19:29:37.496  1953  1953 E netmgr  : Failed to open QEMU pipe 'qemud:network': Invalid argument
03-20 19:29:37.854 24816 24816 D AndroidRuntime: >>>>>> START com.android.internal.os.RuntimeInit uid 2000 <<<<<<
03-20 19:29:37.850 24816 24816 W app_process: type=1400 audit(0.0:3019): avc: denied { read } for name="u:object_r:device_config_runtime_native_boot_prop:s0" dev="tmpfs" ino=874 scontext=u:r:shell:s0 tcontext=u:object_r:device_config_runtime_native_boot_prop:s0 tclass=file permissive=0
03-20 19:29:37.857 24816 24816 E libc    : Access denied finding property "persist.device_config.runtime_native_boot.enable_apex_image"
03-20 19:29:37.850 24816 24816 W app_process: type=1400 audit(0.0:3020): avc: denied { read } for name="u:object_r:device_config_runtime_native_boot_prop:s0" dev="tmpfs" ino=874 scontext=u:r:shell:s0 tcontext=u:object_r:device_config_runtime_native_boot_prop:s0 tclass=file permissive=0
03-20 19:29:37.857 24816 24816 I AndroidRuntime: Using default boot image
03-20 19:29:37.857 24816 24816 E libc    : Access denied finding property "persist.device_config.runtime_native_boot.disable_lock_profiling"
03-20 19:29:37.857 24816 24816 I AndroidRuntime: Leaving lock profiling enabled
03-20 19:29:37.858 24816 24816 E libc    : Access denied finding property "persist.device_config.runtime_native_boot.enable_generational_cc"
03-20 19:29:37.926 24816 24816 D ICU     : Time zone APEX file found: /apex/com.android.tzdata/etc/icu/icu_tzdata.dat
03-20 19:29:37.929 24816 24816 W app_process: Unexpected CPU variant for X86 using defaults: x86
03-20 19:29:37.934 24816 24816 I app_process: The ClassLoaderContext is a special shared library.
03-20 19:29:37.947 24816 24816 W app_process: JNI RegisterNativeMethods: attempt to register 0 native methods for android.media.AudioAttributes
03-20 19:29:37.950 24816 24816 D AndroidRuntime: Calling main entry com.android.commands.input.Input
03-20 19:29:37.961  1800  2437 E GnssHAL_GnssInterface: gnssSvStatusCb: a: input svInfo.flags is 8
03-20 19:29:37.961  1800  2437 E GnssHAL_GnssInterface: gnssSvStatusCb: b: input svInfo.flags is 8
03-20 19:29:37.991 24816 24816 D AndroidRuntime: Shutting down VM
03-20 19:29:37.993 23479 23499 D EGL_emulation: eglMakeCurrent: 0xe0e1a2a0: ver 3 0 (tinfo 0xe0e0f330)
03-20 19:29:38.002 23479 23479 I AssistStructure: Flattened final assist data: 4768 bytes, containing 1 windows, 27 views
03-20 19:29:38.021 16801 16801 I KeyboardViewUtil: systemKeyboardHeightRatio:1.000000; userKeyboardHeightRatio:1.000000.
03-20 19:29:38.028 16801 16801 I AndroidIME: LatinIme.onActivate() : EditorInfo = Package = com.german_software_engineers.trainerapp : Type = Text : Learning = Disable : Suggestion = Show : AutoCorrection = Disable : Microphone = Show : NoPersonalizedLearning = Disable
03-20 19:29:38.038 16441 16441 W AutofillChimeraService: Pending fill request while another request in the same session was triggered. [CONTEXT service_id=177 ]
03-20 19:29:05.549  2044  2044 V SettingsProvider: Notifying for 0: content://settings/system/accelerometer_rotation
03-20 19:29:38.056  2044  4653 W ProcessStats: Tracking association SourceState{acb3a56 com.google.android.gms.persistent/10098 ImpFg #65534} whose proc state 2 is better than process ProcessState{8f7cdfd com.google.android.gms/10098 pkg=com.google.android.gms} proc state 3 (30 skipped)
03-20 19:29:38.058 14476 14476 D BoundBrokerSvc: onBind: Intent { act=com.google.android.mdd.service.START dat=chimera-action: cmp=com.google.android.gms/.chimera.GmsBoundBrokerService }
03-20 19:29:38.058 14476 14476 D BoundBrokerSvc: Loading bound service for intent: Intent { act=com.google.android.mdd.service.START dat=chimera-action: cmp=com.google.android.gms/.chimera.GmsBoundBrokerService }
03-20 19:29:38.167 16801 16801 I Conv2QueryExtension: Current locale: en_US, config allows these locales: de,en,es,fr,it,ms,pt,ta
03-20 19:29:38.167 16801 16801 I Conv2QueryExtension: Conv2Query not enabled due to current app [com.german_software_engineers.trainerapp] not in whitelist
03-20 19:29:38.167 16801 16801 I Conv2QueryExtension: onActivate() : Disabled by unsupported host app
03-20 19:29:38.185  1801  3056 D gralloc_ranchu: gralloc_alloc: Creating ashmem region of size 8024064
03-20 19:29:38.191  2213  2441 D EGL_emulation: eglMakeCurrent: 0xe0e1a4e0: ver 3 0 (tinfo 0xe0e0fa50)
03-20 19:29:38.216  1801  3056 D gralloc_ranchu: gralloc_alloc: Creating ashmem region of size 8024064
03-20 19:29:38.217  1801  3056 D gralloc_ranchu: gralloc_alloc: Creating ashmem region of size 8024064
03-20 19:29:38.311 16801 17248 D EGL_emulation: eglMakeCurrent: 0xf417f8e0: ver 3 0 (tinfo 0xc63b8f00)
03-20 19:29:38.555 24838 24838 D AndroidRuntime: >>>>>> START com.android.internal.os.RuntimeInit uid 2000 <<<<<<
03-20 19:29:38.557 24838 24838 E libc    : Access denied finding property "persist.device_config.runtime_native_boot.enable_apex_image"
03-20 19:29:38.557 24838 24838 I AndroidRuntime: Using default boot image
03-20 19:29:38.550 24838 24838 W app_process: type=1400 audit(0.0:3022): avc: denied { read } for name="u:object_r:device_config_runtime_native_boot_prop:s0" dev="tmpfs" ino=874 scontext=u:r:shell:s0 tcontext=u:object_r:device_config_runtime_native_boot_prop:s0 tclass=file permissive=0
03-20 19:29:38.557 24838 24838 E libc    : Access denied finding property "persist.device_config.runtime_native_boot.disable_lock_profiling"
03-20 19:29:38.557 24838 24838 I AndroidRuntime: Leaving lock profiling enabled
03-20 19:29:38.557 24838 24838 E libc    : Access denied finding property "persist.device_config.runtime_native_boot.enable_generational_cc"
03-20 19:29:38.608 24838 24838 D ICU     : Time zone APEX file found: /apex/com.android.tzdata/etc/icu/icu_tzdata.dat
03-20 19:29:38.612 24838 24838 W app_process: Unexpected CPU variant for X86 using defaults: x86
03-20 19:29:38.615 24838 24838 I app_process: The ClassLoaderContext is a special shared library.
03-20 19:29:38.630 24838 24838 W app_process: JNI RegisterNativeMethods: attempt to register 0 native methods for android.media.AudioAttributes
03-20 19:29:38.633 24838 24838 D AndroidRuntime: Calling main entry com.android.commands.input.Input
03-20 19:29:38.642 16801 16801 I PhenotypeExpConfig: refreshConfiguration() : Force = false : UpdateAvailable = false : Age = 69 minutes : MaxAge = 720 minutes
03-20 19:29:38.649 16801 16801 I AndroidIME: LatinIme.onDeactivate()
03-20 19:29:38.654 24838 24838 D AndroidRuntime: Shutting down VM
03-20 19:29:38.666 16801 17248 D EGL_emulation: eglMakeCurrent: 0xf417f8e0: ver 3 0 (tinfo 0xc63b8f00)
03-20 19:29:38.966  1800  2437 E GnssHAL_GnssInterface: gnssSvStatusCb: a: input svInfo.flags is 8
03-20 19:29:38.966  1800  2437 E GnssHAL_GnssInterface: gnssSvStatusCb: b: input svInfo.flags is 8
03-20 19:29:39.610 24864 24864 D AndroidRuntime: >>>>>> START com.android.internal.os.RuntimeInit uid 2000 <<<<<<
03-20 19:29:39.600 24864 24864 W app_process: type=1400 audit(0.0:3025): avc: denied { read } for name="u:object_r:device_config_runtime_native_boot_prop:s0" dev="tmpfs" ino=874 scontext=u:r:shell:s0 tcontext=u:object_r:device_config_runtime_native_boot_prop:s0 tclass=file permissive=0
03-20 19:29:39.612 24864 24864 E libc    : Access denied finding property "persist.device_config.runtime_native_boot.enable_apex_image"
03-20 19:29:39.612 24864 24864 I AndroidRuntime: Using default boot image
03-20 19:29:39.610 24864 24864 W app_process: type=1400 audit(0.0:3026): avc: denied { read } for name="u:object_r:device_config_runtime_native_boot_prop:s0" dev="tmpfs" ino=874 scontext=u:r:shell:s0 tcontext=u:object_r:device_config_runtime_native_boot_prop:s0 tclass=file permissive=0
03-20 19:29:39.613 24864 24864 E libc    : Access denied finding property "persist.device_config.runtime_native_boot.disable_lock_profiling"
03-20 19:29:39.613 24864 24864 I AndroidRuntime: Leaving lock profiling enabled
03-20 19:29:39.613 24864 24864 E libc    : Access denied finding property "persist.device_config.runtime_native_boot.enable_generational_cc"
03-20 19:29:39.614 24864 24864 W app_process: Could not reserve sentinel fault page
03-20 19:29:39.656 24864 24864 D ICU     : Time zone APEX file found: /apex/com.android.tzdata/etc/icu/icu_tzdata.dat
03-20 19:29:39.659 24864 24864 W app_process: Unexpected CPU variant for X86 using defaults: x86
03-20 19:29:39.661 24864 24864 I app_process: The ClassLoaderContext is a special shared library.
03-20 19:29:39.676 24864 24864 W app_process: JNI RegisterNativeMethods: attempt to register 0 native methods for android.media.AudioAttributes
03-20 19:29:39.678 24864 24864 D AndroidRuntime: Calling main entry com.android.commands.input.Input
03-20 19:29:39.686 24864 24864 D AndroidRuntime: Shutting down VM
03-20 19:29:39.810 24878 24878 D AndroidRuntime: >>>>>> START com.android.internal.os.RuntimeInit uid 2000 <<<<<<
03-20 19:29:39.810 24878 24878 W app_process: type=1400 audit(0.0:3028): avc: denied { read } for name="u:object_r:device_config_runtime_native_boot_prop:s0" dev="tmpfs" ino=874 scontext=u:r:shell:s0 tcontext=u:object_r:device_config_runtime_native_boot_prop:s0 tclass=file permissive=0
03-20 19:29:39.812 24878 24878 E libc    : Access denied finding property "persist.device_config.runtime_native_boot.enable_apex_image"
03-20 19:29:39.812 24878 24878 I AndroidRuntime: Using default boot image
03-20 19:29:39.812 24878 24878 E libc    : Access denied finding property "persist.device_config.runtime_native_boot.disable_lock_profiling"
03-20 19:29:39.812 24878 24878 I AndroidRuntime: Leaving lock profiling enabled
03-20 19:29:39.815 24878 24878 E libc    : Access denied finding property "persist.device_config.runtime_native_boot.enable_generational_cc"
03-20 19:29:39.857 24878 24878 D ICU     : Time zone APEX file found: /apex/com.android.tzdata/etc/icu/icu_tzdata.dat
03-20 19:29:39.860 24878 24878 W app_process: Unexpected CPU variant for X86 using defaults: x86
03-20 19:29:39.865 24878 24878 I app_process: The ClassLoaderContext is a special shared library.
03-20 19:29:39.877 24878 24878 W app_process: JNI RegisterNativeMethods: attempt to register 0 native methods for android.media.AudioAttributes
03-20 19:29:39.879 24878 24878 D AndroidRuntime: Calling main entry com.android.commands.input.Input
03-20 19:29:39.969  1800  2437 E GnssHAL_GnssInterface: gnssSvStatusCb: a: input svInfo.flags is 8
03-20 19:29:39.969  1800  2437 E GnssHAL_GnssInterface: gnssSvStatusCb: b: input svInfo.flags is 8
03-20 19:29:40.000  1960  1960 E wifi_forwarder: RemoteConnection failed to initialize: RemoteConnection failed to open pipe
03-20 19:29:40.006 24878 24878 D AndroidRuntime: Shutting down VM
03-20 19:29:40.127 24892 24892 D AndroidRuntime: >>>>>> START com.android.internal.os.RuntimeInit uid 2000 <<<<<<
03-20 19:29:40.128 24892 24892 E libc    : Access denied finding property "persist.device_config.runtime_native_boot.enable_apex_image"
03-20 19:29:40.128 24892 24892 I AndroidRuntime: Using default boot image
03-20 19:29:40.128 24892 24892 E libc    : Access denied finding property "persist.device_config.runtime_native_boot.disable_lock_profiling"
03-20 19:29:40.128 24892 24892 I AndroidRuntime: Leaving lock profiling enabled
03-20 19:29:40.128 24892 24892 E libc    : Access denied finding property "persist.device_config.runtime_native_boot.enable_generational_cc"
03-20 19:29:40.130 24892 24892 W app_process: Could not reserve sentinel fault page
03-20 19:29:40.171 24892 24892 D ICU     : Time zone APEX file found: /apex/com.android.tzdata/etc/icu/icu_tzdata.dat
03-20 19:29:40.174 24892 24892 W app_process: Unexpected CPU variant for X86 using defaults: x86
03-20 19:29:40.177 24892 24892 I app_process: The ClassLoaderContext is a special shared library.
03-20 19:29:40.190 24892 24892 W app_process: JNI RegisterNativeMethods: attempt to register 0 native methods for android.media.AudioAttributes
03-20 19:29:40.192 24892 24892 D AndroidRuntime: Calling main entry com.android.commands.input.Input
03-20 19:29:40.205 16801 16801 I KeyboardViewUtil: systemKeyboardHeightRatio:1.000000; userKeyboardHeightRatio:1.000000.
03-20 19:29:40.205 16801 16801 I AndroidIME: LatinIme.onActivate() : EditorInfo = Package = com.german_software_engineers.trainerapp : Type = Text : Learning = Disable : Suggestion = Show : AutoCorrection = Disable : Microphone = Show : NoPersonalizedLearning = Disable
03-20 19:29:40.215 16801 16801 I Conv2QueryExtension: Current locale: en_US, config allows these locales: de,en,es,fr,it,ms,pt,ta
03-20 19:29:40.215 16801 16801 I Conv2QueryExtension: Conv2Query not enabled due to current app [com.german_software_engineers.trainerapp] not in whitelist
03-20 19:29:40.215 16801 16801 I Conv2QueryExtension: onActivate() : Disabled by unsupported host app
03-20 19:29:40.230  1801  3056 D gralloc_ranchu: gralloc_alloc: Creating ashmem region of size 8024064
03-20 19:29:40.233  1801  3056 I chatty  : uid=1000(system) HwBinder:1801_2 identical 1 line
03-20 19:29:40.233  1801  3056 D gralloc_ranchu: gralloc_alloc: Creating ashmem region of size 8024064
03-20 19:29:40.236 16801 17248 D EGL_emulation: eglMakeCurrent: 0xf417f8e0: ver 3 0 (tinfo 0xc63b8f00)
03-20 19:29:40.297 24892 24892 D AndroidRuntime: Shutting down VM
03-20 19:29:40.565 24911 24911 D AndroidRuntime: >>>>>> START com.android.internal.os.RuntimeInit uid 2000 <<<<<<
03-20 19:29:40.567 24911 24911 E libc    : Access denied finding property "persist.device_config.runtime_native_boot.enable_apex_image"
03-20 19:29:40.567 24911 24911 I AndroidRuntime: Using default boot image
03-20 19:29:40.567 24911 24911 E libc    : Access denied finding property "persist.device_config.runtime_native_boot.disable_lock_profiling"
03-20 19:29:40.567 24911 24911 I AndroidRuntime: Leaving lock profiling enabled
03-20 19:29:40.567 24911 24911 E libc    : Access denied finding property "persist.device_config.runtime_native_boot.enable_generational_cc"
03-20 19:29:40.609 24911 24911 D ICU     : Time zone APEX file found: /apex/com.android.tzdata/etc/icu/icu_tzdata.dat
03-20 19:29:40.613 24911 24911 W app_process: Unexpected CPU variant for X86 using defaults: x86
03-20 19:29:40.618 24911 24911 I app_process: The ClassLoaderContext is a special shared library.
03-20 19:29:40.630 24911 24911 W app_process: JNI RegisterNativeMethods: attempt to register 0 native methods for android.media.AudioAttributes
03-20 19:29:40.632 24911 24911 D AndroidRuntime: Calling main entry com.android.commands.input.Input
03-20 19:29:40.637 16801 16801 I PhenotypeExpConfig: refreshConfiguration() : Force = false : UpdateAvailable = false : Age = 69 minutes : MaxAge = 720 minutes
03-20 19:29:40.643 16801 16801 I AndroidIME: LatinIme.onDeactivate()
03-20 19:29:40.648 24911 24911 D AndroidRuntime: Shutting down VM
03-20 19:29:40.661 16801 17248 D EGL_emulation: eglMakeCurrent: 0xf417f8e0: ver 3 0 (tinfo 0xc63b8f00)
03-20 19:29:40.970  1800  2437 E GnssHAL_GnssInterface: gnssSvStatusCb: a: input svInfo.flags is 8
03-20 19:29:40.970  1800  2437 E GnssHAL_GnssInterface: gnssSvStatusCb: b: input svInfo.flags is 8
03-20 19:29:41.972  1800  2437 E GnssHAL_GnssInterface: gnssSvStatusCb: a: input svInfo.flags is 8
03-20 19:29:41.972  1800  2437 E GnssHAL_GnssInterface: gnssSvStatusCb: b: input svInfo.flags is 8
03-20 19:29:42.401  1801  3056 D gralloc_ranchu: gralloc_alloc: Creating ashmem region of size 8298496
03-20 19:29:42.404  1682  1682 I hwservicemanager: getTransport: Cannot find entry android.hardware.graphics.mapper@3.0::IMapper/default in either framework or device manifest.
03-20 19:29:42.404 24936 24936 W Gralloc3: mapper 3.x is not supported
03-20 19:29:42.409 24936 24936 D HostConnection: createUnique: call
03-20 19:29:42.410 24936 24936 D HostConnection: HostConnection::get() New Host Connection established 0xef412d70, tid 24936
03-20 19:29:42.412 24936 24936 D HostConnection: HostComposition ext ANDROID_EMU_CHECKSUM_HELPER_v1 ANDROID_EMU_native_sync_v2 ANDROID_EMU_native_sync_v3 ANDROID_EMU_native_sync_v4 ANDROID_EMU_dma_v1 ANDROID_EMU_direct_mem ANDROID_EMU_YUV420_888_to_NV21 ANDROID_EMU_YUV_Cache ANDROID_EMU_sync_buffer_data GL_OES_EGL_image_external_essl3 GL_OES_vertex_array_object GL_KHR_texture_compression_astc_ldr ANDROID_EMU_host_side_tracing ANDROID_EMU_gles_max_version_3_0 
03-20 19:29:42.413 24936 24936 D eglCodecCommon: allocate: Ask for block of size 0x1000
03-20 19:29:42.413 24936 24936 D eglCodecCommon: allocate: ioctl allocate returned offset 0x3ff00e000 size 0x2000
03-20 19:29:42.427 24936 24936 D eglCodecCommon: allocate: Ask for block of size 0x7ea000
03-20 19:29:42.427 24936 24936 D eglCodecCommon: allocate: ioctl allocate returned offset 0x3fe825000 size 0x7eb000
03-20 19:29:42.556 11601 24944 I MediaProvider: Begin Intent { act=android.intent.action.MEDIA_SCANNER_SCAN_FILE dat=file:///sdcard/screen.png flg=0x1400010 cmp=com.android.providers.media/.MediaService }
03-20 19:29:42.562 11601 24944 W ExifInterface: Invalid image: ExifInterface got an unsupported image format file(ExifInterface supports JPEG and some RAW image formats only) or a corrupted JPEG file to ExifInterface.
03-20 19:29:42.562 11601 24944 W ExifInterface: java.io.IOException: Invalid byte order: ffff8950
03-20 19:29:42.562 11601 24944 W ExifInterface: 	at android.media.ExifInterface.readByteOrder(ExifInterface.java:3121)
03-20 19:29:42.562 11601 24944 W ExifInterface: 	at android.media.ExifInterface.isOrfFormat(ExifInterface.java:2437)
03-20 19:29:42.562 11601 24944 W ExifInterface: 	at android.media.ExifInterface.getMimeType(ExifInterface.java:2315)
03-20 19:29:42.562 11601 24944 W ExifInterface: 	at android.media.ExifInterface.loadAttributes(ExifInterface.java:1753)
03-20 19:29:42.562 11601 24944 W ExifInterface: 	at android.media.ExifInterface.<init>(ExifInterface.java:1447)
03-20 19:29:42.562 11601 24944 W ExifInterface: 	at com.android.providers.media.scan.ModernMediaScanner.scanItemImage(ModernMediaScanner.java:729)
03-20 19:29:42.562 11601 24944 W ExifInterface: 	at com.android.providers.media.scan.ModernMediaScanner.scanItem(ModernMediaScanner.java:502)
03-20 19:29:42.562 11601 24944 W ExifInterface: 	at com.android.providers.media.scan.ModernMediaScanner.access$500(ModernMediaScanner.java:118)
03-20 19:29:42.562 11601 24944 W ExifInterface: 	at com.android.providers.media.scan.ModernMediaScanner$Scan.visitFile(ModernMediaScanner.java:406)
03-20 19:29:42.562 11601 24944 W ExifInterface: 	at com.android.providers.media.scan.ModernMediaScanner$Scan.visitFile(ModernMediaScanner.java:207)
03-20 19:29:42.562 11601 24944 W ExifInterface: 	at java.nio.file.Files.walkFileTree(Files.java:2670)
03-20 19:29:42.562 11601 24944 W ExifInterface: 	at java.nio.file.Files.walkFileTree(Files.java:2742)
03-20 19:29:42.562 11601 24944 W ExifInterface: 	at com.android.providers.media.scan.ModernMediaScanner$Scan.walkFileTree(ModernMediaScanner.java:267)
03-20 19:29:42.562 11601 24944 W ExifInterface: 	at com.android.providers.media.scan.ModernMediaScanner$Scan.run(ModernMediaScanner.java:245)
03-20 19:29:42.562 11601 24944 W ExifInterface: 	at com.android.providers.media.scan.ModernMediaScanner.scanFile(ModernMediaScanner.java:174)
03-20 19:29:42.562 11601 24944 W ExifInterface: 	at com.android.providers.media.MediaService.onScanFile(MediaService.java:164)
03-20 19:29:42.562 11601 24944 W ExifInterface: 	at com.android.providers.media.MediaService.onHandleIntent(MediaService.java:90)
03-20 19:29:42.562 11601 24944 W ExifInterface: 	at android.app.IntentService$ServiceHandler.handleMessage(IntentService.java:78)
03-20 19:29:42.562 11601 24944 W ExifInterface: 	at android.os.Handler.dispatchMessage(Handler.java:107)
03-20 19:29:42.562 11601 24944 W ExifInterface: 	at android.os.Looper.loop(Looper.java:214)
03-20 19:29:42.562 11601 24944 W ExifInterface: 	at android.os.HandlerThread.run(HandlerThread.java:67)
03-20 19:29:42.565 11601 24944 I MediaProvider: End Intent { act=android.intent.action.MEDIA_SCANNER_SCAN_FILE dat=file:///sdcard/screen.png flg=0x1400010 cmp=com.android.providers.media/.MediaService }
03-20 19:29:42.679 16441 22840 I NetworkScheduler.Stats: Task com.google.android.gms/com.google.android.gms.ipa.base.IpaGcmTaskService started execution. cause:9 exec_start_elapsed_seconds: 24570 [CONTEXT service_id=218 ]
03-20 19:29:42.697 16441 19149 I NetworkScheduler.Stats: Task com.google.android.gms/com.google.android.gms.ipa.base.IpaGcmTaskService finished executing. cause:9 result: 1 elapsed_millis: 62 uptime_millis: 62 exec_start_elapsed_seconds: 24570 [CONTEXT service_id=218 ]
03-20 19:29:42.977  1800  2437 E GnssHAL_GnssInterface: gnssSvStatusCb: a: input svInfo.flags is 8
03-20 19:29:42.977  1800  2437 E GnssHAL_GnssInterface: gnssSvStatusCb: b: input svInfo.flags is 8
03-20 19:29:43.981  1800  2437 E GnssHAL_GnssInterface: gnssSvStatusCb: a: input svInfo.flags is 8
03-20 19:29:43.981  1800  2437 E GnssHAL_GnssInterface: gnssSvStatusCb: b: input svInfo.flags is 8
03-20 19:29:44.984  1800  2437 E GnssHAL_GnssInterface: gnssSvStatusCb: a: input svInfo.flags is 8
03-20 19:29:44.984  1800  2437 E GnssHAL_GnssInterface: gnssSvStatusCb: b: input svInfo.flags is 8
03-20 19:29:44.996 22864 24950 D UIAutomatorStub: URI: /jsonrpc/0, Method: POST, Header: {content-length=117, remote-addr=127.0.0.1, http-client-ip=127.0.0.1, host=localhost:9008, content-type=application/json, connection=close, accept-encoding=identity, user-agent=Python-urllib/3.7}, params, {NanoHttpd.QUERY_STRING=null}, files: {postData={"jsonrpc": "2.0", "method": "dumpWindowHierarchy", "id": "f77a97fe8e1b9eb4902d63de095dd087", "params": [true, null]}}
03-20 19:29:45.002 22864 24950 I UIAutomatorStub: Skipping invisible child: android.view.accessibility.AccessibilityNodeInfo@23f38; boundsInParent: Rect(0, 0 - 0, 147); boundsInScreen: Rect(1080, 63 - 1080, 210); packageName: com.german_software_engineers.trainerapp; className: android.support.v7.widget.LinearLayoutCompat; text: null; error: null; maxTextLength: -1; contentDescription: null; tooltipText: null; viewIdResName: null; checkable: false; checked: false; focusable: false; focused: false; selected: false; clickable: false; longClickable: false; contextClickable: false; enabled: true; password: false; scrollable: false; importantForAccessibility: false; visible: false; actions: [AccessibilityAction: ACTION_SELECT - null, AccessibilityAction: ACTION_CLEAR_SELECTION - null, AccessibilityAction: ACTION_ACCESSIBILITY_FOCUS - null, AccessibilityAction: ACTION_SHOW_ON_SCREEN - null]
03-20 19:29:45.003 22864 24950 I UIAutomatorStub: Skipping invisible child: android.view.accessibility.AccessibilityNodeInfo@233f5; boundsInParent: Rect(0, 0 - 1080, 63); boundsInScreen: Rect(0, 0 - 1080, 63); packageName: com.german_software_engineers.trainerapp; className: android.view.View; text: null; error: null; maxTextLength: -1; contentDescription: null; tooltipText: null; viewIdResName: android:id/statusBarBackground; checkable: false; checked: false; focusable: false; focused: false; selected: false; clickable: false; longClickable: false; contextClickable: false; enabled: true; password: false; scrollable: false; importantForAccessibility: false; visible: false; actions: [AccessibilityAction: ACTION_SELECT - null, AccessibilityAction: ACTION_CLEAR_SELECTION - null, AccessibilityAction: ACTION_ACCESSIBILITY_FOCUS - null, AccessibilityAction: ACTION_SHOW_ON_SCREEN - null]
03-20 19:29:45.003 22864 24950 I UIAutomatorStub: Skipping invisible child: android.view.accessibility.AccessibilityNodeInfo@23034; boundsInParent: Rect(0, 0 - 1080, 126); boundsInScreen: Rect(0, 1794 - 1080, 1920); packageName: com.german_software_engineers.trainerapp; className: android.view.View; text: null; error: null; maxTextLength: -1; contentDescription: null; tooltipText: null; viewIdResName: android:id/navigationBarBackground; checkable: false; checked: false; focusable: false; focused: false; selected: false; clickable: false; longClickable: false; contextClickable: false; enabled: true; password: false; scrollable: false; importantForAccessibility: false; visible: false; actions: [AccessibilityAction: ACTION_SELECT - null, AccessibilityAction: ACTION_CLEAR_SELECTION - null, AccessibilityAction: ACTION_ACCESSIBILITY_FOCUS - null, AccessibilityAction: ACTION_SHOW_ON_SCREEN - null]
03-20 19:29:45.003 22864 24950 I UIAutomatorStub: Fetch time: 1ms
03-20 19:29:45.630  2044  2070 E memtrack: Couldn't load memtrack module
03-20 19:29:45.630  2044  2070 W android.os.Debug: failed to get memory consumption info: -1
03-20 19:29:45.985  1800  2437 E GnssHAL_GnssInterface: gnssSvStatusCb: a: input svInfo.flags is 8
03-20 19:29:45.985  1800  2437 E GnssHAL_GnssInterface: gnssSvStatusCb: b: input svInfo.flags is 8
03-20 19:29:46.279 22864 24951 D UIAutomatorStub: URI: /jsonrpc/0, Method: POST, Header: {content-length=117, remote-addr=127.0.0.1, http-client-ip=127.0.0.1, host=localhost:9008, content-type=application/json, connection=close, accept-encoding=identity, user-agent=Python-urllib/3.7}, params, {NanoHttpd.QUERY_STRING=null}, files: {postData={"jsonrpc": "2.0", "method": "dumpWindowHierarchy", "id": "9bae9c9a0152872d3056bc963ff55d82", "params": [true, null]}}
03-20 19:29:46.289 22864 24951 I UIAutomatorStub: Skipping invisible child: android.view.accessibility.AccessibilityNodeInfo@23f38; boundsInParent: Rect(0, 0 - 0, 147); boundsInScreen: Rect(1080, 63 - 1080, 210); packageName: com.german_software_engineers.trainerapp; className: android.support.v7.widget.LinearLayoutCompat; text: null; error: null; maxTextLength: -1; contentDescription: null; tooltipText: null; viewIdResName: null; checkable: false; checked: false; focusable: false; focused: false; selected: false; clickable: false; longClickable: false; contextClickable: false; enabled: true; password: false; scrollable: false; importantForAccessibility: false; visible: false; actions: [AccessibilityAction: ACTION_SELECT - null, AccessibilityAction: ACTION_CLEAR_SELECTION - null, AccessibilityAction: ACTION_ACCESSIBILITY_FOCUS - null, AccessibilityAction: ACTION_SHOW_ON_SCREEN - null]
03-20 19:29:46.292 22864 24951 I UIAutomatorStub: Skipping invisible child: android.view.accessibility.AccessibilityNodeInfo@233f5; boundsInParent: Rect(0, 0 - 1080, 63); boundsInScreen: Rect(0, 0 - 1080, 63); packageName: com.german_software_engineers.trainerapp; className: android.view.View; text: null; error: null; maxTextLength: -1; contentDescription: null; tooltipText: null; viewIdResName: android:id/statusBarBackground; checkable: false; checked: false; focusable: false; focused: false; selected: false; clickable: false; longClickable: false; contextClickable: false; enabled: true; password: false; scrollable: false; importantForAccessibility: false; visible: false; actions: [AccessibilityAction: ACTION_SELECT - null, AccessibilityAction: ACTION_CLEAR_SELECTION - null, AccessibilityAction: ACTION_ACCESSIBILITY_FOCUS - null, AccessibilityAction: ACTION_SHOW_ON_SCREEN - null]
03-20 19:29:46.292 22864 24951 I UIAutomatorStub: Skipping invisible child: android.view.accessibility.AccessibilityNodeInfo@23034; boundsInParent: Rect(0, 0 - 1080, 126); boundsInScreen: Rect(0, 1794 - 1080, 1920); packageName: com.german_software_engineers.trainerapp; className: android.view.View; text: null; error: null; maxTextLength: -1; contentDescription: null; tooltipText: null; viewIdResName: android:id/navigationBarBackground; checkable: false; checked: false; focusable: false; focused: false; selected: false; clickable: false; longClickable: false; contextClickable: false; enabled: true; password: false; scrollable: false; importantForAccessibility: false; visible: false; actions: [AccessibilityAction: ACTION_SELECT - null, AccessibilityAction: ACTION_CLEAR_SELECTION - null, AccessibilityAction: ACTION_ACCESSIBILITY_FOCUS - null, AccessibilityAction: ACTION_SHOW_ON_SCREEN - null]
03-20 19:29:46.292 22864 24951 I UIAutomatorStub: Fetch time: 5ms
03-20 19:29:46.984  1800  2437 E GnssHAL_GnssInterface: gnssSvStatusCb: a: input svInfo.flags is 8
03-20 19:29:46.985  1800  2437 E GnssHAL_GnssInterface: gnssSvStatusCb: b: input svInfo.flags is 8
03-20 19:29:47.611 22864 24957 D UIAutomatorStub: URI: /jsonrpc/0, Method: POST, Header: {content-length=117, remote-addr=127.0.0.1, http-client-ip=127.0.0.1, host=localhost:9008, content-type=application/json, connection=close, accept-encoding=identity, user-agent=Python-urllib/3.7}, params, {NanoHttpd.QUERY_STRING=null}, files: {postData={"jsonrpc": "2.0", "method": "dumpWindowHierarchy", "id": "1087c82739b2859c34888afc28c33a6c", "params": [true, null]}}
03-20 19:29:47.626 22864 24957 I UIAutomatorStub: Skipping invisible child: android.view.accessibility.AccessibilityNodeInfo@23f38; boundsInParent: Rect(0, 0 - 0, 147); boundsInScreen: Rect(1080, 63 - 1080, 210); packageName: com.german_software_engineers.trainerapp; className: android.support.v7.widget.LinearLayoutCompat; text: null; error: null; maxTextLength: -1; contentDescription: null; tooltipText: null; viewIdResName: null; checkable: false; checked: false; focusable: false; focused: false; selected: false; clickable: false; longClickable: false; contextClickable: false; enabled: true; password: false; scrollable: false; importantForAccessibility: false; visible: false; actions: [AccessibilityAction: ACTION_SELECT - null, AccessibilityAction: ACTION_CLEAR_SELECTION - null, AccessibilityAction: ACTION_ACCESSIBILITY_FOCUS - null, AccessibilityAction: ACTION_SHOW_ON_SCREEN - null]
03-20 19:29:47.628 22864 24957 I UIAutomatorStub: Skipping invisible child: android.view.accessibility.AccessibilityNodeInfo@233f5; boundsInParent: Rect(0, 0 - 1080, 63); boundsInScreen: Rect(0, 0 - 1080, 63); packageName: com.german_software_engineers.trainerapp; className: android.view.View; text: null; error: null; maxTextLength: -1; contentDescription: null; tooltipText: null; viewIdResName: android:id/statusBarBackground; checkable: false; checked: false; focusable: false; focused: false; selected: false; clickable: false; longClickable: false; contextClickable: false; enabled: true; password: false; scrollable: false; importantForAccessibility: false; visible: false; actions: [AccessibilityAction: ACTION_SELECT - null, AccessibilityAction: ACTION_CLEAR_SELECTION - null, AccessibilityAction: ACTION_ACCESSIBILITY_FOCUS - null, AccessibilityAction: ACTION_SHOW_ON_SCREEN - null]
03-20 19:29:47.628 22864 24957 I UIAutomatorStub: Skipping invisible child: android.view.accessibility.AccessibilityNodeInfo@23034; boundsInParent: Rect(0, 0 - 1080, 126); boundsInScreen: Rect(0, 1794 - 1080, 1920); packageName: com.german_software_engineers.trainerapp; className: android.view.View; text: null; error: null; maxTextLength: -1; contentDescription: null; tooltipText: null; viewIdResName: android:id/navigationBarBackground; checkable: false; checked: false; focusable: false; focused: false; selected: false; clickable: false; longClickable: false; contextClickable: false; enabled: true; password: false; scrollable: false; importantForAccessibility: false; visible: false; actions: [AccessibilityAction: ACTION_SELECT - null, AccessibilityAction: ACTION_CLEAR_SELECTION - null, AccessibilityAction: ACTION_ACCESSIBILITY_FOCUS - null, AccessibilityAction: ACTION_SHOW_ON_SCREEN - null]
03-20 19:29:47.628 22864 24957 I UIAutomatorStub: Fetch time: 6ms
03-20 19:29:47.990  1800  2437 E GnssHAL_GnssInterface: gnssSvStatusCb: a: input svInfo.flags is 8
03-20 19:29:47.990  1800  2437 E GnssHAL_GnssInterface: gnssSvStatusCb: b: input svInfo.flags is 8
03-20 19:29:48.207  2044  4653 W ProcessStats: Tracking association SourceState{acb3a56 com.google.android.gms.persistent/10098 ImpFg #65571} whose proc state 2 is better than process ProcessState{8f7cdfd com.google.android.gms/10098 pkg=com.google.android.gms} proc state 3 (7 skipped)
03-20 19:29:48.753  2044  4653 W AppOps  : Noting op not finished: uid 10098 pkg com.google.android.gms code 79 time=1679354980636 duration=-1
03-20 19:29:48.756  2044  4653 W AppOps  : Noting op not finished: uid 10098 pkg com.google.android.gms code 79 time=1679354988753 duration=0
03-20 19:29:48.760  2044  4653 W AppOps  : Noting op not finished: uid 10098 pkg com.google.android.gms code 79 time=1679354988756 duration=0
03-20 19:29:48.764  2044  4206 W AppOps  : Noting op not finished: uid 10098 pkg com.google.android.gms code 79 time=1679354988760 duration=0
03-20 19:29:48.773  2044  4206 W AppOps  : Noting op not finished: uid 10098 pkg com.google.android.gms code 79 time=1679354988765 duration=0
03-20 19:29:48.824 24959 24959 D AndroidRuntime: >>>>>> START com.android.internal.os.RuntimeInit uid 2000 <<<<<<
03-20 19:29:48.820 24959 24959 W app_process: type=1400 audit(0.0:3037): avc: denied { read } for name="u:object_r:device_config_runtime_native_boot_prop:s0" dev="tmpfs" ino=874 scontext=u:r:shell:s0 tcontext=u:object_r:device_config_runtime_native_boot_prop:s0 tclass=file permissive=0
03-20 19:29:48.829 24959 24959 E libc    : Access denied finding property "persist.device_config.runtime_native_boot.disable_lock_profiling"
03-20 19:29:48.829 24959 24959 I AndroidRuntime: Leaving lock profiling enabled
03-20 19:29:48.829 24959 24959 E libc    : Access denied finding property "persist.device_config.runtime_native_boot.enable_generational_cc"
03-20 19:29:48.922 24959 24959 D ICU     : Time zone APEX file found: /apex/com.android.tzdata/etc/icu/icu_tzdata.dat
03-20 19:29:48.926 24959 24959 W app_process: Unexpected CPU variant for X86 using defaults: x86
03-20 19:29:48.930 24959 24959 I app_process: The ClassLoaderContext is a special shared library.
03-20 19:29:48.946 24959 24959 W app_process: JNI RegisterNativeMethods: attempt to register 0 native methods for android.media.AudioAttributes
03-20 19:29:48.949 24959 24959 D AndroidRuntime: Calling main entry com.android.commands.input.Input
03-20 19:29:48.968 24959 24959 D AndroidRuntime: Shutting down VM
03-20 19:29:48.975 16801 16801 I KeyboardViewUtil: systemKeyboardHeightRatio:1.000000; userKeyboardHeightRatio:1.000000.
03-20 19:29:48.975 16801 16801 I AndroidIME: DummyIme.onActivate() : EditorInfo = Package = com.german_software_engineers.trainerapp : Type = Number : Learning = Disable : Suggestion = Hide : AutoCorrection = Disable : Microphone = Hide : NoPersonalizedLearning = Disable
03-20 19:29:48.981 16801 16801 I Conv2QueryExtension: Current locale: en_US, config allows these locales: de,en,es,fr,it,ms,pt,ta
03-20 19:29:48.981 16801 16801 I Conv2QueryExtension: Conv2Query not enabled due to current app [com.german_software_engineers.trainerapp] not in whitelist
03-20 19:29:48.981 16801 16801 I Conv2QueryExtension: onActivate() : Disabled by unsupported host app
03-20 19:29:48.981 16801 16801 I CurrentMicStatusHolder: Current Mic status = {MicIconHidden-PasswordOrNumberOrDateInputType,}
03-20 19:29:48.990  1800  2437 E GnssHAL_GnssInterface: gnssSvStatusCb: a: input svInfo.flags is 8
03-20 19:29:48.990  1800  2437 E GnssHAL_GnssInterface: gnssSvStatusCb: b: input svInfo.flags is 8
03-20 19:29:48.995  1801  3056 D gralloc_ranchu: gralloc_alloc: Creating ashmem region of size 8024064
03-20 19:29:48.998  1801  3056 I chatty  : uid=1000(system) HwBinder:1801_2 identical 1 line
03-20 19:29:48.999  1801  3056 D gralloc_ranchu: gralloc_alloc: Creating ashmem region of size 8024064
03-20 19:29:49.031 16801 17248 D EGL_emulation: eglMakeCurrent: 0xf417f8e0: ver 3 0 (tinfo 0xc63b8f00)
03-20 19:29:49.276 24983 24983 D AndroidRuntime: >>>>>> START com.android.internal.os.RuntimeInit uid 2000 <<<<<<
03-20 19:29:49.270 24983 24983 W app_process: type=1400 audit(0.0:3040): avc: denied { read } for name="u:object_r:device_config_runtime_native_boot_prop:s0" dev="tmpfs" ino=874 scontext=u:r:shell:s0 tcontext=u:object_r:device_config_runtime_native_boot_prop:s0 tclass=file permissive=0
03-20 19:29:49.279 24983 24983 E libc    : Access denied finding property "persist.device_config.runtime_native_boot.disable_lock_profiling"
03-20 19:29:49.279 24983 24983 I AndroidRuntime: Leaving lock profiling enabled
03-20 19:29:49.282 24983 24983 E libc    : Access denied finding property "persist.device_config.runtime_native_boot.enable_generational_cc"
03-20 19:29:49.284 24983 24983 W app_process: Could not reserve sentinel fault page
03-20 19:29:49.336 24983 24983 D ICU     : Time zone APEX file found: /apex/com.android.tzdata/etc/icu/icu_tzdata.dat
03-20 19:29:49.340 24983 24983 W app_process: Unexpected CPU variant for X86 using defaults: x86
03-20 19:29:49.343 24983 24983 I app_process: The ClassLoaderContext is a special shared library.
03-20 19:29:49.357 24983 24983 W app_process: JNI RegisterNativeMethods: attempt to register 0 native methods for android.media.AudioAttributes
03-20 19:29:49.359 24983 24983 D AndroidRuntime: Calling main entry com.android.commands.input.Input
03-20 19:29:49.375 24983 24983 D AndroidRuntime: Shutting down VM
03-20 19:29:49.992  1800  2437 E GnssHAL_GnssInterface: gnssSvStatusCb: a: input svInfo.flags is 8
03-20 19:29:49.992  1800  2437 E GnssHAL_GnssInterface: gnssSvStatusCb: b: input svInfo.flags is 8
03-20 19:29:50.287 25007 25007 D AndroidRuntime: >>>>>> START com.android.internal.os.RuntimeInit uid 2000 <<<<<<
03-20 19:29:50.280 25007 25007 W app_process: type=1400 audit(0.0:3043): avc: denied { read } for name="u:object_r:device_config_runtime_native_boot_prop:s0" dev="tmpfs" ino=874 scontext=u:r:shell:s0 tcontext=u:object_r:device_config_runtime_native_boot_prop:s0 tclass=file permissive=0
03-20 19:29:50.289 25007 25007 E libc    : Access denied finding property "persist.device_config.runtime_native_boot.disable_lock_profiling"
03-20 19:29:50.289 25007 25007 I AndroidRuntime: Leaving lock profiling enabled
03-20 19:29:50.280 25007 25007 W app_process: type=1400 audit(0.0:3045): avc: denied { read } for name="u:object_r:device_config_runtime_native_boot_prop:s0" dev="tmpfs" ino=874 scontext=u:r:shell:s0 tcontext=u:object_r:device_config_runtime_native_boot_prop:s0 tclass=file permissive=0
03-20 19:29:50.290 25007 25007 E libc    : Access denied finding property "persist.device_config.runtime_native_boot.enable_generational_cc"
03-20 19:29:50.336 25007 25007 D ICU     : Time zone APEX file found: /apex/com.android.tzdata/etc/icu/icu_tzdata.dat
03-20 19:29:50.339 25007 25007 W app_process: Unexpected CPU variant for X86 using defaults: x86
03-20 19:29:50.341 25007 25007 I app_process: The ClassLoaderContext is a special shared library.
03-20 19:29:50.358 25007 25007 W app_process: JNI RegisterNativeMethods: attempt to register 0 native methods for android.media.AudioAttributes
03-20 19:29:50.360 25007 25007 D AndroidRuntime: Calling main entry com.android.commands.input.Input
03-20 19:29:50.367 25007 25007 D AndroidRuntime: Shutting down VM
03-20 19:29:50.503 25021 25021 D AndroidRuntime: >>>>>> START com.android.internal.os.RuntimeInit uid 2000 <<<<<<
03-20 19:29:50.500 25021 25021 W app_process: type=1400 audit(0.0:3046): avc: denied { read } for name="u:object_r:device_config_runtime_native_boot_prop:s0" dev="tmpfs" ino=874 scontext=u:r:shell:s0 tcontext=u:object_r:device_config_runtime_native_boot_prop:s0 tclass=file permissive=0
03-20 19:29:50.505 25021 25021 E libc    : Access denied finding property "persist.device_config.runtime_native_boot.disable_lock_profiling"
03-20 19:29:50.505 25021 25021 I AndroidRuntime: Leaving lock profiling enabled
03-20 19:29:50.508 25021 25021 E libc    : Access denied finding property "persist.device_config.runtime_native_boot.enable_generational_cc"
03-20 19:29:50.509 25021 25021 W app_process: Could not reserve sentinel fault page
03-20 19:29:50.556 25021 25021 D ICU     : Time zone APEX file found: /apex/com.android.tzdata/etc/icu/icu_tzdata.dat
03-20 19:29:50.559 25021 25021 W app_process: Unexpected CPU variant for X86 using defaults: x86
03-20 19:29:50.563 25021 25021 I app_process: The ClassLoaderContext is a special shared library.
03-20 19:29:50.578 25021 25021 W app_process: JNI RegisterNativeMethods: attempt to register 0 native methods for android.media.AudioAttributes
03-20 19:29:50.581 25021 25021 D AndroidRuntime: Calling main entry com.android.commands.input.Input
03-20 19:29:50.748 25021 25021 D AndroidRuntime: Shutting down VM
03-20 19:29:50.888 25035 25035 D AndroidRuntime: >>>>>> START com.android.internal.os.RuntimeInit uid 2000 <<<<<<
03-20 19:29:50.891 25035 25035 E libc    : Access denied finding property "persist.device_config.runtime_native_boot.enable_apex_image"
03-20 19:29:50.891 25035 25035 I AndroidRuntime: Using default boot image
03-20 19:29:50.891 25035 25035 E libc    : Access denied finding property "persist.device_config.runtime_native_boot.disable_lock_profiling"
03-20 19:29:50.891 25035 25035 I AndroidRuntime: Leaving lock profiling enabled
03-20 19:29:50.891 25035 25035 E libc    : Access denied finding property "persist.device_config.runtime_native_boot.enable_generational_cc"
03-20 19:29:50.940 25035 25035 D ICU     : Time zone APEX file found: /apex/com.android.tzdata/etc/icu/icu_tzdata.dat
03-20 19:29:50.944 25035 25035 W app_process: Unexpected CPU variant for X86 using defaults: x86
03-20 19:29:50.947 25035 25035 I app_process: The ClassLoaderContext is a special shared library.
03-20 19:29:50.961 25035 25035 W app_process: JNI RegisterNativeMethods: attempt to register 0 native methods for android.media.AudioAttributes
03-20 19:29:50.965 25035 25035 D AndroidRuntime: Calling main entry com.android.commands.input.Input
03-20 19:29:50.995  1800  2437 E GnssHAL_GnssInterface: gnssSvStatusCb: a: input svInfo.flags is 8
03-20 19:29:50.995  1800  2437 E GnssHAL_GnssInterface: gnssSvStatusCb: b: input svInfo.flags is 8
03-20 19:29:51.116 25035 25035 D AndroidRuntime: Shutting down VM
03-20 19:29:51.345 25056 25056 D AndroidRuntime: >>>>>> START com.android.internal.os.RuntimeInit uid 2000 <<<<<<
03-20 19:29:51.340 25056 25056 W app_process: type=1400 audit(0.0:3052): avc: denied { read } for name="u:object_r:device_config_runtime_native_boot_prop:s0" dev="tmpfs" ino=874 scontext=u:r:shell:s0 tcontext=u:object_r:device_config_runtime_native_boot_prop:s0 tclass=file permissive=0
03-20 19:29:51.347 25056 25056 E libc    : Access denied finding property "persist.device_config.runtime_native_boot.disable_lock_profiling"
03-20 19:29:51.348 25056 25056 I AndroidRuntime: Leaving lock profiling enabled
03-20 19:29:51.340 25056 25056 W app_process: type=1400 audit(0.0:3054): avc: denied { read } for name="u:object_r:device_config_runtime_native_boot_prop:s0" dev="tmpfs" ino=874 scontext=u:r:shell:s0 tcontext=u:object_r:device_config_runtime_native_boot_prop:s0 tclass=file permissive=0
03-20 19:29:51.348 25056 25056 E libc    : Access denied finding property "persist.device_config.runtime_native_boot.enable_generational_cc"
03-20 19:29:51.397 25056 25056 D ICU     : Time zone APEX file found: /apex/com.android.tzdata/etc/icu/icu_tzdata.dat
03-20 19:29:51.400 25056 25056 W app_process: Unexpected CPU variant for X86 using defaults: x86
03-20 19:29:51.405 25056 25056 I app_process: The ClassLoaderContext is a special shared library.
03-20 19:29:51.420 25056 25056 W app_process: JNI RegisterNativeMethods: attempt to register 0 native methods for android.media.AudioAttributes
03-20 19:29:51.423 25056 25056 D AndroidRuntime: Calling main entry com.android.commands.input.Input
03-20 19:29:51.430 25056 25056 D AndroidRuntime: Shutting down VM
03-20 19:29:51.998  1800  2437 E GnssHAL_GnssInterface: gnssSvStatusCb: a: input svInfo.flags is 8
03-20 19:29:51.998  1800  2437 E GnssHAL_GnssInterface: gnssSvStatusCb: b: input svInfo.flags is 8
03-20 19:29:52.174  2044  3006 D WificondControl: Scan result ready event
03-20 19:29:52.186 16441 16474 I ChimeraSrvcProxy: NullBinder for android.net.action.RECOMMEND_NETWORKS triggering remote TransactionTooLargeException due to Service without Chimera impl
03-20 19:29:53.002  1800  2437 E GnssHAL_GnssInterface: gnssSvStatusCb: a: input svInfo.flags is 8
03-20 19:29:53.002  1800  2437 E GnssHAL_GnssInterface: gnssSvStatusCb: b: input svInfo.flags is 8
03-20 19:29:53.087 14476 14476 D BoundBrokerSvc: onUnbind: Intent { act=com.google.android.mdd.service.START dat=chimera-action: cmp=com.google.android.gms/.chimera.GmsBoundBrokerService }
03-20 19:29:53.177  1801  3056 D gralloc_ranchu: gralloc_alloc: Creating ashmem region of size 8298496
03-20 19:29:53.180  1682  1682 I hwservicemanager: getTransport: Cannot find entry android.hardware.graphics.mapper@3.0::IMapper/default in either framework or device manifest.
03-20 19:29:53.181 25078 25078 W Gralloc3: mapper 3.x is not supported
03-20 19:29:53.189 25078 25078 D HostConnection: createUnique: call
03-20 19:29:53.190 25078 25078 D HostConnection: HostConnection::get() New Host Connection established 0xf6dc4d70, tid 25078
03-20 19:29:53.196 25078 25078 D HostConnection: HostComposition ext ANDROID_EMU_CHECKSUM_HELPER_v1 ANDROID_EMU_native_sync_v2 ANDROID_EMU_native_sync_v3 ANDROID_EMU_native_sync_v4 ANDROID_EMU_dma_v1 ANDROID_EMU_direct_mem ANDROID_EMU_YUV420_888_to_NV21 ANDROID_EMU_YUV_Cache ANDROID_EMU_sync_buffer_data GL_OES_EGL_image_external_essl3 GL_OES_vertex_array_object GL_KHR_texture_compression_astc_ldr ANDROID_EMU_host_side_tracing ANDROID_EMU_gles_max_version_3_0 
