03-20 19:24:38.018  1800  2437 E GnssHAL_GnssInterface: gnssSvStatusCb: b: input svInfo.flags is 8
03-20 19:24:39.015 16441 19149 I AlarmManager: setExactAndAllowWhileIdle [name: GCM_HB_ALARM type: 2 triggerAtMillis: 24916564]
03-20 19:24:39.018 16441 19149 E GmsTaskScheduler: sendWakeUpEvent called on SchedulerClientBroadcastStrategy
03-20 19:24:39.020 16441 19149 E GmsTaskScheduler: sendWakeUpEvent called on SchedulerClientBroadcastStrategy
03-20 19:24:39.022  1800  2437 E GnssHAL_GnssInterface: gnssSvStatusCb: a: input svInfo.flags is 8
03-20 19:24:39.022  1800  2437 E GnssHAL_GnssInterface: gnssSvStatusCb: b: input svInfo.flags is 8
03-20 19:24:39.025 16441 19149 I AlarmManager: setExactAndAllowWhileIdle [name: GCM_HB_ALARM type: 2 triggerAtMillis: 24916574]
03-20 19:24:39.750  1960  1960 E wifi_forwarder: RemoteConnection failed to initialize: RemoteConnection failed to open pipe
03-20 19:24:40.023  1800  2437 E GnssHAL_GnssInterface: gnssSvStatusCb: a: input svInfo.flags is 8
03-20 19:24:40.023  1800  2437 E GnssHAL_GnssInterface: gnssSvStatusCb: b: input svInfo.flags is 8
03-20 19:24:41.023  1800  2437 E GnssHAL_GnssInterface: gnssSvStatusCb: a: input svInfo.flags is 8
03-20 19:24:41.023  1800  2437 E GnssHAL_GnssInterface: gnssSvStatusCb: b: input svInfo.flags is 8
03-20 19:24:42.024  1800  2437 E GnssHAL_GnssInterface: gnssSvStatusCb: a: input svInfo.flags is 8
03-20 19:24:42.024  1800  2437 E GnssHAL_GnssInterface: gnssSvStatusCb: b: input svInfo.flags is 8
03-20 19:24:43.027  1800  2437 E GnssHAL_GnssInterface: gnssSvStatusCb: a: input svInfo.flags is 8
03-20 19:24:43.027  1800  2437 E GnssHAL_GnssInterface: gnssSvStatusCb: b: input svInfo.flags is 8
03-20 19:24:44.032  1800  2437 E GnssHAL_GnssInterface: gnssSvStatusCb: a: input svInfo.flags is 8
03-20 19:24:44.032  1800  2437 E GnssHAL_GnssInterface: gnssSvStatusCb: b: input svInfo.flags is 8
03-20 19:24:45.033  1800  2437 E GnssHAL_GnssInterface: gnssSvStatusCb: a: input svInfo.flags is 8
03-20 19:24:45.033  1800  2437 E GnssHAL_GnssInterface: gnssSvStatusCb: b: input svInfo.flags is 8
03-20 19:24:46.037  1800  2437 E GnssHAL_GnssInterface: gnssSvStatusCb: a: input svInfo.flags is 8
03-20 19:24:46.037  1800  2437 E GnssHAL_GnssInterface: gnssSvStatusCb: b: input svInfo.flags is 8
03-20 19:24:47.039  1800  2437 E GnssHAL_GnssInterface: gnssSvStatusCb: a: input svInfo.flags is 8
03-20 19:24:47.039  1800  2437 E GnssHAL_GnssInterface: gnssSvStatusCb: b: input svInfo.flags is 8
03-20 19:24:48.043  1800  2437 E GnssHAL_GnssInterface: gnssSvStatusCb: a: input svInfo.flags is 8
03-20 19:24:48.043  1800  2437 E GnssHAL_GnssInterface: gnssSvStatusCb: b: input svInfo.flags is 8
03-20 19:24:49.045  1800  2437 E GnssHAL_GnssInterface: gnssSvStatusCb: a: input svInfo.flags is 8
03-20 19:24:49.045  1800  2437 E GnssHAL_GnssInterface: gnssSvStatusCb: b: input svInfo.flags is 8
03-20 19:24:50.048  1800  2437 E GnssHAL_GnssInterface: gnssSvStatusCb: a: input svInfo.flags is 8
03-20 19:24:50.049  1800  2437 E GnssHAL_GnssInterface: gnssSvStatusCb: b: input svInfo.flags is 8
03-20 19:24:50.179 22864 23751 D UIAutomatorStub: URI: /jsonrpc/0, Method: POST, Header: {content-length=117, remote-addr=127.0.0.1, http-client-ip=127.0.0.1, host=localhost:9008, content-type=application/json, connection=close, accept-encoding=identity, user-agent=Python-urllib/3.7}, params, {NanoHttpd.QUERY_STRING=null}, files: {postData={"jsonrpc": "2.0", "method": "dumpWindowHierarchy", "id": "573bad06d25da58f6a4b527627c73b1f", "params": [true, null]}}
03-20 19:24:50.193 22864 23751 I UIAutomatorStub: Skipping invisible child: android.view.accessibility.AccessibilityNodeInfo@bc8d; boundsInParent: Rect(0, 0 - 1080, 63); boundsInScreen: Rect(0, 0 - 1080, 63); packageName: com.german_software_engineers.trainerapp; className: android.view.View; text: null; error: null; maxTextLength: -1; contentDescription: null; tooltipText: null; viewIdResName: android:id/statusBarBackground; checkable: false; checked: false; focusable: false; focused: false; selected: false; clickable: false; longClickable: false; contextClickable: false; enabled: true; password: false; scrollable: false; importantForAccessibility: false; visible: false; actions: [AccessibilityAction: ACTION_SELECT - null, AccessibilityAction: ACTION_CLEAR_SELECTION - null, AccessibilityAction: ACTION_ACCESSIBILITY_FOCUS - null, AccessibilityAction: ACTION_SHOW_ON_SCREEN - null]
03-20 19:24:50.193 22864 23751 I UIAutomatorStub: Skipping invisible child: android.view.accessibility.AccessibilityNodeInfo@b8cc; boundsInParent: Rect(0, 0 - 1080, 126); boundsInScreen: Rect(0, 1794 - 1080, 1920); packageName: com.german_software_engineers.trainerapp; className: android.view.View; text: null; error: null; maxTextLength: -1; contentDescription: null; tooltipText: null; viewIdResName: android:id/navigationBarBackground; checkable: false; checked: false; focusable: false; focused: false; selected: false; clickable: false; longClickable: false; contextClickable: false; enabled: true; password: false; scrollable: false; importantForAccessibility: false; visible: false; actions: [AccessibilityAction: ACTION_SELECT - null, AccessibilityAction: ACTION_CLEAR_SELECTION - null, AccessibilityAction: ACTION_ACCESSIBILITY_FOCUS - null, AccessibilityAction: ACTION_SHOW_ON_SCREEN - null]
03-20 19:24:50.193 22864 23751 I UIAutomatorStub: Fetch time: 3ms
03-20 19:24:51.052  1800  2437 E GnssHAL_GnssInterface: gnssSvStatusCb: a: input svInfo.flags is 8
03-20 19:24:51.052  1800  2437 E GnssHAL_GnssInterface: gnssSvStatusCb: b: input svInfo.flags is 8
03-20 19:24:52.052  1800  2437 E GnssHAL_GnssInterface: gnssSvStatusCb: a: input svInfo.flags is 8
03-20 19:24:52.052  1800  2437 E GnssHAL_GnssInterface: gnssSvStatusCb: b: input svInfo.flags is 8
03-20 19:24:52.161 22864 23765 D UIAutomatorStub: URI: /jsonrpc/0, Method: POST, Header: {content-length=117, remote-addr=127.0.0.1, http-client-ip=127.0.0.1, host=localhost:9008, content-type=application/json, connection=close, accept-encoding=identity, user-agent=Python-urllib/3.7}, params, {NanoHttpd.QUERY_STRING=null}, files: {postData={"jsonrpc": "2.0", "method": "dumpWindowHierarchy", "id": "b4ebe6d23140e078641dca25ed03f581", "params": [true, null]}}
03-20 19:24:52.171 22864 23765 I UIAutomatorStub: Skipping invisible child: android.view.accessibility.AccessibilityNodeInfo@bc8d; boundsInParent: Rect(0, 0 - 1080, 63); boundsInScreen: Rect(0, 0 - 1080, 63); packageName: com.german_software_engineers.trainerapp; className: android.view.View; text: null; error: null; maxTextLength: -1; contentDescription: null; tooltipText: null; viewIdResName: android:id/statusBarBackground; checkable: false; checked: false; focusable: false; focused: false; selected: false; clickable: false; longClickable: false; contextClickable: false; enabled: true; password: false; scrollable: false; importantForAccessibility: false; visible: false; actions: [AccessibilityAction: ACTION_SELECT - null, AccessibilityAction: ACTION_CLEAR_SELECTION - null, AccessibilityAction: ACTION_ACCESSIBILITY_FOCUS - null, AccessibilityAction: ACTION_SHOW_ON_SCREEN - null]
03-20 19:24:52.171 22864 23765 I UIAutomatorStub: Skipping invisible child: android.view.accessibility.AccessibilityNodeInfo@b8cc; boundsInParent: Rect(0, 0 - 1080, 126); boundsInScreen: Rect(0, 1794 - 1080, 1920); packageName: com.german_software_engineers.trainerapp; className: android.view.View; text: null; error: null; maxTextLength: -1; contentDescription: null; tooltipText: null; viewIdResName: android:id/navigationBarBackground; checkable: false; checked: false; focusable: false; focused: false; selected: false; clickable: false; longClickable: false; contextClickable: false; enabled: true; password: false; scrollable: false; importantForAccessibility: false; visible: false; actions: [AccessibilityAction: ACTION_SELECT - null, AccessibilityAction: ACTION_CLEAR_SELECTION - null, AccessibilityAction: ACTION_ACCESSIBILITY_FOCUS - null, AccessibilityAction: ACTION_SHOW_ON_SCREEN - null]
03-20 19:24:52.172 22864 23765 I UIAutomatorStub: Fetch time: 3ms
03-20 19:24:53.057  1800  2437 E GnssHAL_GnssInterface: gnssSvStatusCb: a: input svInfo.flags is 8
03-20 19:24:53.057  1800  2437 E GnssHAL_GnssInterface: gnssSvStatusCb: b: input svInfo.flags is 8
03-20 19:24:53.424 22864 23768 D UIAutomatorStub: URI: /jsonrpc/0, Method: POST, Header: {content-length=117, remote-addr=127.0.0.1, http-client-ip=127.0.0.1, host=localhost:9008, content-type=application/json, connection=close, accept-encoding=identity, user-agent=Python-urllib/3.7}, params, {NanoHttpd.QUERY_STRING=null}, files: {postData={"jsonrpc": "2.0", "method": "dumpWindowHierarchy", "id": "b8400b3dc8a3be7e8d15dc20ec50495f", "params": [true, null]}}
03-20 19:24:53.441 22864 23768 I UIAutomatorStub: Skipping invisible child: android.view.accessibility.AccessibilityNodeInfo@bc8d; boundsInParent: Rect(0, 0 - 1080, 63); boundsInScreen: Rect(0, 0 - 1080, 63); packageName: com.german_software_engineers.trainerapp; className: android.view.View; text: null; error: null; maxTextLength: -1; contentDescription: null; tooltipText: null; viewIdResName: android:id/statusBarBackground; checkable: false; checked: false; focusable: false; focused: false; selected: false; clickable: false; longClickable: false; contextClickable: false; enabled: true; password: false; scrollable: false; importantForAccessibility: false; visible: false; actions: [AccessibilityAction: ACTION_SELECT - null, AccessibilityAction: ACTION_CLEAR_SELECTION - null, AccessibilityAction: ACTION_ACCESSIBILITY_FOCUS - null, AccessibilityAction: ACTION_SHOW_ON_SCREEN - null]
03-20 19:24:53.441 22864 23768 I UIAutomatorStub: Skipping invisible child: android.view.accessibility.AccessibilityNodeInfo@b8cc; boundsInParent: Rect(0, 0 - 1080, 126); boundsInScreen: Rect(0, 1794 - 1080, 1920); packageName: com.german_software_engineers.trainerapp; className: android.view.View; text: null; error: null; maxTextLength: -1; contentDescription: null; tooltipText: null; viewIdResName: android:id/navigationBarBackground; checkable: false; checked: false; focusable: false; focused: false; selected: false; clickable: false; longClickable: false; contextClickable: false; enabled: true; password: false; scrollable: false; importantForAccessibility: false; visible: false; actions: [AccessibilityAction: ACTION_SELECT - null, AccessibilityAction: ACTION_CLEAR_SELECTION - null, AccessibilityAction: ACTION_ACCESSIBILITY_FOCUS - null, AccessibilityAction: ACTION_SHOW_ON_SCREEN - null]
03-20 19:24:53.441 22864 23768 I UIAutomatorStub: Fetch time: 5ms
03-20 19:24:54.060  1800  2437 E GnssHAL_GnssInterface: gnssSvStatusCb: a: input svInfo.flags is 8
03-20 19:24:54.060  1800  2437 E GnssHAL_GnssInterface: gnssSvStatusCb: b: input svInfo.flags is 8
03-20 19:24:55.064  1800  2437 E GnssHAL_GnssInterface: gnssSvStatusCb: a: input svInfo.flags is 8
03-20 19:24:55.064  1800  2437 E GnssHAL_GnssInterface: gnssSvStatusCb: b: input svInfo.flags is 8
03-20 19:24:55.406 22864 23783 D UIAutomatorStub: URI: /jsonrpc/0, Method: POST, Header: {content-length=117, remote-addr=127.0.0.1, http-client-ip=127.0.0.1, host=localhost:9008, content-type=application/json, connection=close, accept-encoding=identity, user-agent=Python-urllib/3.7}, params, {NanoHttpd.QUERY_STRING=null}, files: {postData={"jsonrpc": "2.0", "method": "dumpWindowHierarchy", "id": "c92f0203c916c15065eeff341f586b6a", "params": [true, null]}}
03-20 19:24:55.412 22864 23783 I UIAutomatorStub: Skipping invisible child: android.view.accessibility.AccessibilityNodeInfo@bc8d; boundsInParent: Rect(0, 0 - 1080, 63); boundsInScreen: Rect(0, 0 - 1080, 63); packageName: com.german_software_engineers.trainerapp; className: android.view.View; text: null; error: null; maxTextLength: -1; contentDescription: null; tooltipText: null; viewIdResName: android:id/statusBarBackground; checkable: false; checked: false; focusable: false; focused: false; selected: false; clickable: false; longClickable: false; contextClickable: false; enabled: true; password: false; scrollable: false; importantForAccessibility: false; visible: false; actions: [AccessibilityAction: ACTION_SELECT - null, AccessibilityAction: ACTION_CLEAR_SELECTION - null, AccessibilityAction: ACTION_ACCESSIBILITY_FOCUS - null, AccessibilityAction: ACTION_SHOW_ON_SCREEN - null]
03-20 19:24:55.412 22864 23783 I UIAutomatorStub: Skipping invisible child: android.view.accessibility.AccessibilityNodeInfo@b8cc; boundsInParent: Rect(0, 0 - 1080, 126); boundsInScreen: Rect(0, 1794 - 1080, 1920); packageName: com.german_software_engineers.trainerapp; className: android.view.View; text: null; error: null; maxTextLength: -1; contentDescription: null; tooltipText: null; viewIdResName: android:id/navigationBarBackground; checkable: false; checked: false; focusable: false; focused: false; selected: false; clickable: false; longClickable: false; contextClickable: false; enabled: true; password: false; scrollable: false; importantForAccessibility: false; visible: false; actions: [AccessibilityAction: ACTION_SELECT - null, AccessibilityAction: ACTION_CLEAR_SELECTION - null, AccessibilityAction: ACTION_ACCESSIBILITY_FOCUS - null, AccessibilityAction: ACTION_SHOW_ON_SCREEN - null]
03-20 19:24:55.412 22864 23783 I UIAutomatorStub: Fetch time: 2ms
03-20 19:24:56.068  1800  2437 E GnssHAL_GnssInterface: gnssSvStatusCb: a: input svInfo.flags is 8
03-20 19:24:56.068  1800  2437 E GnssHAL_GnssInterface: gnssSvStatusCb: b: input svInfo.flags is 8
03-20 19:24:57.072  1800  2437 E GnssHAL_GnssInterface: gnssSvStatusCb: a: input svInfo.flags is 8
03-20 19:24:57.073  1800  2437 E GnssHAL_GnssInterface: gnssSvStatusCb: b: input svInfo.flags is 8
03-20 19:24:57.427 22864 23800 D UIAutomatorStub: URI: /jsonrpc/0, Method: POST, Header: {content-length=117, remote-addr=127.0.0.1, http-client-ip=127.0.0.1, host=localhost:9008, content-type=application/json, connection=close, accept-encoding=identity, user-agent=Python-urllib/3.7}, params, {NanoHttpd.QUERY_STRING=null}, files: {postData={"jsonrpc": "2.0", "method": "dumpWindowHierarchy", "id": "b6d7fca330e63f8d63af4c67d218db8d", "params": [true, null]}}
03-20 19:24:57.433 22864 23800 I UIAutomatorStub: Skipping invisible child: android.view.accessibility.AccessibilityNodeInfo@bc8d; boundsInParent: Rect(0, 0 - 1080, 63); boundsInScreen: Rect(0, 0 - 1080, 63); packageName: com.german_software_engineers.trainerapp; className: android.view.View; text: null; error: null; maxTextLength: -1; contentDescription: null; tooltipText: null; viewIdResName: android:id/statusBarBackground; checkable: false; checked: false; focusable: false; focused: false; selected: false; clickable: false; longClickable: false; contextClickable: false; enabled: true; password: false; scrollable: false; importantForAccessibility: false; visible: false; actions: [AccessibilityAction: ACTION_SELECT - null, AccessibilityAction: ACTION_CLEAR_SELECTION - null, AccessibilityAction: ACTION_ACCESSIBILITY_FOCUS - null, AccessibilityAction: ACTION_SHOW_ON_SCREEN - null]
03-20 19:24:57.433 22864 23800 I UIAutomatorStub: Skipping invisible child: android.view.accessibility.AccessibilityNodeInfo@b8cc; boundsInParent: Rect(0, 0 - 1080, 126); boundsInScreen: Rect(0, 1794 - 1080, 1920); packageName: com.german_software_engineers.trainerapp; className: android.view.View; text: null; error: null; maxTextLength: -1; contentDescription: null; tooltipText: null; viewIdResName: android:id/navigationBarBackground; checkable: false; checked: false; focusable: false; focused: false; selected: false; clickable: false; longClickable: false; contextClickable: false; enabled: true; password: false; scrollable: false; importantForAccessibility: false; visible: false; actions: [AccessibilityAction: ACTION_SELECT - null, AccessibilityAction: ACTION_CLEAR_SELECTION - null, AccessibilityAction: ACTION_ACCESSIBILITY_FOCUS - null, AccessibilityAction: ACTION_SHOW_ON_SCREEN - null]
03-20 19:24:57.433 22864 23800 I UIAutomatorStub: Fetch time: 1ms
03-20 19:24:58.077  1800  2437 E GnssHAL_GnssInterface: gnssSvStatusCb: a: input svInfo.flags is 8
03-20 19:24:58.077  1800  2437 E GnssHAL_GnssInterface: gnssSvStatusCb: b: input svInfo.flags is 8
03-20 19:24:59.081  1800  2437 E GnssHAL_GnssInterface: gnssSvStatusCb: a: input svInfo.flags is 8
03-20 19:24:59.081  1800  2437 E GnssHAL_GnssInterface: gnssSvStatusCb: b: input svInfo.flags is 8
03-20 19:24:59.094  1801  1801 D gralloc_ranchu: gralloc_alloc: Creating ashmem region of size 8298496
03-20 19:24:59.099  1682  1682 I hwservicemanager: getTransport: Cannot find entry android.hardware.graphics.mapper@3.0::IMapper/default in either framework or device manifest.
03-20 19:24:59.099 23801 23801 W Gralloc3: mapper 3.x is not supported
03-20 19:24:59.107 23801 23801 D HostConnection: createUnique: call
03-20 19:24:59.108 23801 23801 D HostConnection: HostConnection::get() New Host Connection established 0xf7412d70, tid 23801
03-20 19:24:59.115 23801 23801 D HostConnection: HostComposition ext ANDROID_EMU_CHECKSUM_HELPER_v1 ANDROID_EMU_native_sync_v2 ANDROID_EMU_native_sync_v3 ANDROID_EMU_native_sync_v4 ANDROID_EMU_dma_v1 ANDROID_EMU_direct_mem ANDROID_EMU_YUV420_888_to_NV21 ANDROID_EMU_YUV_Cache ANDROID_EMU_sync_buffer_data GL_OES_EGL_image_external_essl3 GL_OES_vertex_array_object GL_KHR_texture_compression_astc_ldr ANDROID_EMU_host_side_tracing ANDROID_EMU_gles_max_version_3_0 
03-20 19:24:59.115 23801 23801 D eglCodecCommon: allocate: Ask for block of size 0x1000
03-20 19:24:59.116 23801 23801 D eglCodecCommon: allocate: ioctl allocate returned offset 0x3ff00e000 size 0x2000
03-20 19:24:59.140 23801 23801 D eglCodecCommon: allocate: Ask for block of size 0x7ea000
03-20 19:24:59.140 23801 23801 D eglCodecCommon: allocate: ioctl allocate returned offset 0x3fe825000 size 0x7eb000
03-20 19:24:59.285 11601 23809 I MediaProvider: Begin Intent { act=android.intent.action.MEDIA_SCANNER_SCAN_FILE dat=file:///sdcard/screen.png flg=0x1400010 cmp=com.android.providers.media/.MediaService }
03-20 19:24:59.292 11601 23809 W ExifInterface: Invalid image: ExifInterface got an unsupported image format file(ExifInterface supports JPEG and some RAW image formats only) or a corrupted JPEG file to ExifInterface.
03-20 19:24:59.292 11601 23809 W ExifInterface: java.io.IOException: Invalid byte order: ffff8950
03-20 19:24:59.292 11601 23809 W ExifInterface: 	at android.media.ExifInterface.readByteOrder(ExifInterface.java:3121)
03-20 19:24:59.292 11601 23809 W ExifInterface: 	at android.media.ExifInterface.isOrfFormat(ExifInterface.java:2437)
03-20 19:24:59.292 11601 23809 W ExifInterface: 	at android.media.ExifInterface.getMimeType(ExifInterface.java:2315)
03-20 19:24:59.292 11601 23809 W ExifInterface: 	at android.media.ExifInterface.loadAttributes(ExifInterface.java:1753)
03-20 19:24:59.292 11601 23809 W ExifInterface: 	at android.media.ExifInterface.<init>(ExifInterface.java:1447)
03-20 19:24:59.292 11601 23809 W ExifInterface: 	at com.android.providers.media.scan.ModernMediaScanner.scanItemImage(ModernMediaScanner.java:729)
03-20 19:24:59.292 11601 23809 W ExifInterface: 	at com.android.providers.media.scan.ModernMediaScanner.scanItem(ModernMediaScanner.java:502)
03-20 19:24:59.292 11601 23809 W ExifInterface: 	at com.android.providers.media.scan.ModernMediaScanner.access$500(ModernMediaScanner.java:118)
03-20 19:24:59.292 11601 23809 W ExifInterface: 	at com.android.providers.media.scan.ModernMediaScanner$Scan.visitFile(ModernMediaScanner.java:406)
03-20 19:24:59.292 11601 23809 W ExifInterface: 	at com.android.providers.media.scan.ModernMediaScanner$Scan.visitFile(ModernMediaScanner.java:207)
03-20 19:24:59.292 11601 23809 W ExifInterface: 	at java.nio.file.Files.walkFileTree(Files.java:2670)
03-20 19:24:59.292 11601 23809 W ExifInterface: 	at java.nio.file.Files.walkFileTree(Files.java:2742)
03-20 19:24:59.292 11601 23809 W ExifInterface: 	at com.android.providers.media.scan.ModernMediaScanner$Scan.walkFileTree(ModernMediaScanner.java:267)
03-20 19:24:59.292 11601 23809 W ExifInterface: 	at com.android.providers.media.scan.ModernMediaScanner$Scan.run(ModernMediaScanner.java:245)
03-20 19:24:59.292 11601 23809 W ExifInterface: 	at com.android.providers.media.scan.ModernMediaScanner.scanFile(ModernMediaScanner.java:174)
03-20 19:24:59.292 11601 23809 W ExifInterface: 	at com.android.providers.media.MediaService.onScanFile(MediaService.java:164)
03-20 19:24:59.292 11601 23809 W ExifInterface: 	at com.android.providers.media.MediaService.onHandleIntent(MediaService.java:90)
03-20 19:24:59.292 11601 23809 W ExifInterface: 	at android.app.IntentService$ServiceHandler.handleMessage(IntentService.java:78)
03-20 19:24:59.292 11601 23809 W ExifInterface: 	at android.os.Handler.dispatchMessage(Handler.java:107)
03-20 19:24:59.292 11601 23809 W ExifInterface: 	at android.os.Looper.loop(Looper.java:214)
03-20 19:24:59.292 11601 23809 W ExifInterface: 	at android.os.HandlerThread.run(HandlerThread.java:67)
03-20 19:24:59.305 11601 23809 I MediaProvider: End Intent { act=android.intent.action.MEDIA_SCANNER_SCAN_FILE dat=file:///sdcard/screen.png flg=0x1400010 cmp=com.android.providers.media/.MediaService }
03-20 19:24:59.433 16441 22840 I NetworkScheduler.Stats: Task com.google.android.gms/com.google.android.gms.ipa.base.IpaGcmTaskService started execution. cause:9 exec_start_elapsed_seconds: 24286 [CONTEXT service_id=218 ]
03-20 19:24:59.439 16441 19149 I NetworkScheduler.Stats: Task com.google.android.gms/com.google.android.gms.ipa.base.IpaGcmTaskService finished executing. cause:9 result: 1 elapsed_millis: 65 uptime_millis: 65 exec_start_elapsed_seconds: 24286 [CONTEXT service_id=218 ]
03-20 19:24:59.441 16441 16441 D BoundBrokerSvc: onBind: Intent { act=com.google.android.gms.scheduler.ACTION_PROXY_SCHEDULE dat=chimera-action: cmp=com.google.android.gms/.chimera.PersistentApiService }
03-20 19:24:59.441 16441 16441 D BoundBrokerSvc: Loading bound service for intent: Intent { act=com.google.android.gms.scheduler.ACTION_PROXY_SCHEDULE dat=chimera-action: cmp=com.google.android.gms/.chimera.PersistentApiService }
03-20 19:25:00.084  1800  2437 E GnssHAL_GnssInterface: gnssSvStatusCb: a: input svInfo.flags is 8
03-20 19:25:00.084  1800  2437 E GnssHAL_GnssInterface: gnssSvStatusCb: b: input svInfo.flags is 8
03-20 19:25:01.088  1800  2437 E GnssHAL_GnssInterface: gnssSvStatusCb: a: input svInfo.flags is 8
03-20 19:25:01.088  1800  2437 E GnssHAL_GnssInterface: gnssSvStatusCb: b: input svInfo.flags is 8
03-20 19:25:01.696 22864 23815 D UIAutomatorStub: URI: /jsonrpc/0, Method: POST, Header: {content-length=117, remote-addr=127.0.0.1, http-client-ip=127.0.0.1, host=localhost:9008, content-type=application/json, connection=close, accept-encoding=identity, user-agent=Python-urllib/3.7}, params, {NanoHttpd.QUERY_STRING=null}, files: {postData={"jsonrpc": "2.0", "method": "dumpWindowHierarchy", "id": "68f4119dbcbe53a704050fa62fa26c89", "params": [true, null]}}
03-20 19:25:01.702 22864 23815 I UIAutomatorStub: Skipping invisible child: android.view.accessibility.AccessibilityNodeInfo@bc8d; boundsInParent: Rect(0, 0 - 1080, 63); boundsInScreen: Rect(0, 0 - 1080, 63); packageName: com.german_software_engineers.trainerapp; className: android.view.View; text: null; error: null; maxTextLength: -1; contentDescription: null; tooltipText: null; viewIdResName: android:id/statusBarBackground; checkable: false; checked: false; focusable: false; focused: false; selected: false; clickable: false; longClickable: false; contextClickable: false; enabled: true; password: false; scrollable: false; importantForAccessibility: false; visible: false; actions: [AccessibilityAction: ACTION_SELECT - null, AccessibilityAction: ACTION_CLEAR_SELECTION - null, AccessibilityAction: ACTION_ACCESSIBILITY_FOCUS - null, AccessibilityAction: ACTION_SHOW_ON_SCREEN - null]
03-20 19:25:01.702 22864 23815 I UIAutomatorStub: Skipping invisible child: android.view.accessibility.AccessibilityNodeInfo@b8cc; boundsInParent: Rect(0, 0 - 1080, 126); boundsInScreen: Rect(0, 1794 - 1080, 1920); packageName: com.german_software_engineers.trainerapp; className: android.view.View; text: null; error: null; maxTextLength: -1; contentDescription: null; tooltipText: null; viewIdResName: android:id/navigationBarBackground; checkable: false; checked: false; focusable: false; focused: false; selected: false; clickable: false; longClickable: false; contextClickable: false; enabled: true; password: false; scrollable: false; importantForAccessibility: false; visible: false; actions: [AccessibilityAction: ACTION_SELECT - null, AccessibilityAction: ACTION_CLEAR_SELECTION - null, AccessibilityAction: ACTION_ACCESSIBILITY_FOCUS - null, AccessibilityAction: ACTION_SHOW_ON_SCREEN - null]
03-20 19:25:01.703 22864 23815 I UIAutomatorStub: Fetch time: 3ms
03-20 19:25:02.094  1800  2437 E GnssHAL_GnssInterface: gnssSvStatusCb: a: input svInfo.flags is 8
03-20 19:25:02.094  1800  2437 E GnssHAL_GnssInterface: gnssSvStatusCb: b: input svInfo.flags is 8
03-20 19:25:03.012 22864 23819 D UIAutomatorStub: URI: /jsonrpc/0, Method: POST, Header: {content-length=117, remote-addr=127.0.0.1, http-client-ip=127.0.0.1, host=localhost:9008, content-type=application/json, connection=close, accept-encoding=identity, user-agent=Python-urllib/3.7}, params, {NanoHttpd.QUERY_STRING=null}, files: {postData={"jsonrpc": "2.0", "method": "dumpWindowHierarchy", "id": "f780d32abc1215a302fcef8e6de2b3e7", "params": [true, null]}}
03-20 19:25:03.024 22864 23819 I UIAutomatorStub: Skipping invisible child: android.view.accessibility.AccessibilityNodeInfo@bc8d; boundsInParent: Rect(0, 0 - 1080, 63); boundsInScreen: Rect(0, 0 - 1080, 63); packageName: com.german_software_engineers.trainerapp; className: android.view.View; text: null; error: null; maxTextLength: -1; contentDescription: null; tooltipText: null; viewIdResName: android:id/statusBarBackground; checkable: false; checked: false; focusable: false; focused: false; selected: false; clickable: false; longClickable: false; contextClickable: false; enabled: true; password: false; scrollable: false; importantForAccessibility: false; visible: false; actions: [AccessibilityAction: ACTION_SELECT - null, AccessibilityAction: ACTION_CLEAR_SELECTION - null, AccessibilityAction: ACTION_ACCESSIBILITY_FOCUS - null, AccessibilityAction: ACTION_SHOW_ON_SCREEN - null]
03-20 19:25:03.025 22864 23819 I UIAutomatorStub: Skipping invisible child: android.view.accessibility.AccessibilityNodeInfo@b8cc; boundsInParent: Rect(0, 0 - 1080, 126); boundsInScreen: Rect(0, 1794 - 1080, 1920); packageName: com.german_software_engineers.trainerapp; className: android.view.View; text: null; error: null; maxTextLength: -1; contentDescription: null; tooltipText: null; viewIdResName: android:id/navigationBarBackground; checkable: false; checked: false; focusable: false; focused: false; selected: false; clickable: false; longClickable: false; contextClickable: false; enabled: true; password: false; scrollable: false; importantForAccessibility: false; visible: false; actions: [AccessibilityAction: ACTION_SELECT - null, AccessibilityAction: ACTION_CLEAR_SELECTION - null, AccessibilityAction: ACTION_ACCESSIBILITY_FOCUS - null, AccessibilityAction: ACTION_SHOW_ON_SCREEN - null]
03-20 19:25:03.028 22864 23819 I UIAutomatorStub: Fetch time: 10ms
03-20 19:25:03.094  1800  2437 E GnssHAL_GnssInterface: gnssSvStatusCb: a: input svInfo.flags is 8
03-20 19:25:03.094  1800  2437 E GnssHAL_GnssInterface: gnssSvStatusCb: b: input svInfo.flags is 8
03-20 19:25:04.094  1800  2437 E GnssHAL_GnssInterface: gnssSvStatusCb: a: input svInfo.flags is 8
03-20 19:25:04.094  1800  2437 E GnssHAL_GnssInterface: gnssSvStatusCb: b: input svInfo.flags is 8
03-20 19:25:04.345 22864 23825 D UIAutomatorStub: URI: /jsonrpc/0, Method: POST, Header: {content-length=117, remote-addr=127.0.0.1, http-client-ip=127.0.0.1, host=localhost:9008, content-type=application/json, connection=close, accept-encoding=identity, user-agent=Python-urllib/3.7}, params, {NanoHttpd.QUERY_STRING=null}, files: {postData={"jsonrpc": "2.0", "method": "dumpWindowHierarchy", "id": "a36f950148c41da98f03a40320eeeeea", "params": [true, null]}}
03-20 19:25:04.353 22864 23825 I UIAutomatorStub: Skipping invisible child: android.view.accessibility.AccessibilityNodeInfo@bc8d; boundsInParent: Rect(0, 0 - 1080, 63); boundsInScreen: Rect(0, 0 - 1080, 63); packageName: com.german_software_engineers.trainerapp; className: android.view.View; text: null; error: null; maxTextLength: -1; contentDescription: null; tooltipText: null; viewIdResName: android:id/statusBarBackground; checkable: false; checked: false; focusable: false; focused: false; selected: false; clickable: false; longClickable: false; contextClickable: false; enabled: true; password: false; scrollable: false; importantForAccessibility: false; visible: false; actions: [AccessibilityAction: ACTION_SELECT - null, AccessibilityAction: ACTION_CLEAR_SELECTION - null, AccessibilityAction: ACTION_ACCESSIBILITY_FOCUS - null, AccessibilityAction: ACTION_SHOW_ON_SCREEN - null]
03-20 19:25:04.353 22864 23825 I UIAutomatorStub: Skipping invisible child: android.view.accessibility.AccessibilityNodeInfo@b8cc; boundsInParent: Rect(0, 0 - 1080, 126); boundsInScreen: Rect(0, 1794 - 1080, 1920); packageName: com.german_software_engineers.trainerapp; className: android.view.View; text: null; error: null; maxTextLength: -1; contentDescription: null; tooltipText: null; viewIdResName: android:id/navigationBarBackground; checkable: false; checked: false; focusable: false; focused: false; selected: false; clickable: false; longClickable: false; contextClickable: false; enabled: true; password: false; scrollable: false; importantForAccessibility: false; visible: false; actions: [AccessibilityAction: ACTION_SELECT - null, AccessibilityAction: ACTION_CLEAR_SELECTION - null, AccessibilityAction: ACTION_ACCESSIBILITY_FOCUS - null, AccessibilityAction: ACTION_SHOW_ON_SCREEN - null]
03-20 19:25:04.354 22864 23825 I UIAutomatorStub: Fetch time: 2ms
03-20 19:25:05.097  1800  2437 E GnssHAL_GnssInterface: gnssSvStatusCb: a: input svInfo.flags is 8
03-20 19:25:05.097  1800  2437 E GnssHAL_GnssInterface: gnssSvStatusCb: b: input svInfo.flags is 8
03-20 19:25:05.649 22864 23831 D UIAutomatorStub: URI: /jsonrpc/0, Method: POST, Header: {content-length=117, remote-addr=127.0.0.1, http-client-ip=127.0.0.1, host=localhost:9008, content-type=application/json, connection=close, accept-encoding=identity, user-agent=Python-urllib/3.7}, params, {NanoHttpd.QUERY_STRING=null}, files: {postData={"jsonrpc": "2.0", "method": "dumpWindowHierarchy", "id": "a0ac9e044e61ca7217381ef02dadf6ec", "params": [true, null]}}
03-20 19:25:05.655 22864 23831 I UIAutomatorStub: Skipping invisible child: android.view.accessibility.AccessibilityNodeInfo@bc8d; boundsInParent: Rect(0, 0 - 1080, 63); boundsInScreen: Rect(0, 0 - 1080, 63); packageName: com.german_software_engineers.trainerapp; className: android.view.View; text: null; error: null; maxTextLength: -1; contentDescription: null; tooltipText: null; viewIdResName: android:id/statusBarBackground; checkable: false; checked: false; focusable: false; focused: false; selected: false; clickable: false; longClickable: false; contextClickable: false; enabled: true; password: false; scrollable: false; importantForAccessibility: false; visible: false; actions: [AccessibilityAction: ACTION_SELECT - null, AccessibilityAction: ACTION_CLEAR_SELECTION - null, AccessibilityAction: ACTION_ACCESSIBILITY_FOCUS - null, AccessibilityAction: ACTION_SHOW_ON_SCREEN - null]
03-20 19:25:05.655 22864 23831 I UIAutomatorStub: Skipping invisible child: android.view.accessibility.AccessibilityNodeInfo@b8cc; boundsInParent: Rect(0, 0 - 1080, 126); boundsInScreen: Rect(0, 1794 - 1080, 1920); packageName: com.german_software_engineers.trainerapp; className: android.view.View; text: null; error: null; maxTextLength: -1; contentDescription: null; tooltipText: null; viewIdResName: android:id/navigationBarBackground; checkable: false; checked: false; focusable: false; focused: false; selected: false; clickable: false; longClickable: false; contextClickable: false; enabled: true; password: false; scrollable: false; importantForAccessibility: false; visible: false; actions: [AccessibilityAction: ACTION_SELECT - null, AccessibilityAction: ACTION_CLEAR_SELECTION - null, AccessibilityAction: ACTION_ACCESSIBILITY_FOCUS - null, AccessibilityAction: ACTION_SHOW_ON_SCREEN - null]
03-20 19:25:05.655 22864 23831 I UIAutomatorStub: Fetch time: 2ms
03-20 19:25:06.101  1800  2437 E GnssHAL_GnssInterface: gnssSvStatusCb: a: input svInfo.flags is 8
03-20 19:25:06.101  1800  2437 E GnssHAL_GnssInterface: gnssSvStatusCb: b: input svInfo.flags is 8
03-20 19:25:06.926 23837 23837 D AndroidRuntime: >>>>>> START com.android.internal.os.RuntimeInit uid 2000 <<<<<<
03-20 19:25:06.929 23837 23837 E libc    : Access denied finding property "persist.device_config.runtime_native_boot.enable_apex_image"
03-20 19:25:06.929 23837 23837 I AndroidRuntime: Using default boot image
03-20 19:25:06.929 23837 23837 E libc    : Access denied finding property "persist.device_config.runtime_native_boot.disable_lock_profiling"
03-20 19:25:06.929 23837 23837 I AndroidRuntime: Leaving lock profiling enabled
03-20 19:25:06.929 23837 23837 E libc    : Access denied finding property "persist.device_config.runtime_native_boot.enable_generational_cc"
03-20 19:25:06.920 23837 23837 W app_process: type=1400 audit(0.0:2974): avc: denied { read } for name="u:object_r:device_config_runtime_native_boot_prop:s0" dev="tmpfs" ino=874 scontext=u:r:shell:s0 tcontext=u:object_r:device_config_runtime_native_boot_prop:s0 tclass=file permissive=0
03-20 19:25:07.011 23837 23837 D ICU     : Time zone APEX file found: /apex/com.android.tzdata/etc/icu/icu_tzdata.dat
03-20 19:25:07.015 23837 23837 W app_process: Unexpected CPU variant for X86 using defaults: x86
03-20 19:25:07.018 23837 23837 I app_process: The ClassLoaderContext is a special shared library.
03-20 19:25:07.031 23837 23837 W app_process: JNI RegisterNativeMethods: attempt to register 0 native methods for android.media.AudioAttributes
03-20 19:25:07.035 23837 23837 D AndroidRuntime: Calling main entry com.android.commands.monkey.Monkey
03-20 19:25:07.036 23837 23837 W Monkey  : args: [-p, com.german_software_engineers.trainerapp, -c, android.intent.category.LAUNCHER, 1]
03-20 19:25:07.037 23837 23837 W Monkey  :  arg: "-p"
03-20 19:25:07.037 23837 23837 W Monkey  :  arg: "com.german_software_engineers.trainerapp"
03-20 19:25:07.037 23837 23837 W Monkey  :  arg: "-c"
03-20 19:25:07.038 23837 23837 W Monkey  :  arg: "android.intent.category.LAUNCHER"
03-20 19:25:07.038 23837 23837 W Monkey  :  arg: "1"
03-20 19:25:07.038 23837 23837 W Monkey  : data="com.german_software_engineers.trainerapp"
03-20 19:25:07.038 23837 23837 W Monkey  : data="android.intent.category.LAUNCHER"
03-20 19:24:33.900  2044  2044 V SettingsProvider: Notifying for 0: content://settings/system/accelerometer_rotation
03-20 19:25:07.050  2044  2071 W BroadcastQueue: Skipping deliver [background] BroadcastRecord{70fa4c5 u-1 android.net.conn.CONNECTIVITY_CHANGE} to ReceiverList{b3b5e1a 23837 (unknown name)/2000/u-1 remote:276ed2f}: process gone or crashing
03-20 19:25:07.061  2044  4206 I ActivityTaskManager: START u0 {act=android.intent.action.MAIN cat=[android.intent.category.LAUNCHER] flg=0x10200000 cmp=com.german_software_engineers.trainerapp/.TrainingsSchedule} from uid 2000
03-20 19:25:07.062  2044  4206 W Binder  : Outgoing transactions from this process must be FLAG_ONEWAY
03-20 19:25:07.062  2044  4206 W Binder  : java.lang.Throwable
03-20 19:25:07.062  2044  4206 W Binder  : 	at android.os.BinderProxy.transact(BinderProxy.java:480)
03-20 19:25:07.062  2044  4206 W Binder  : 	at android.app.IActivityController$Stub$Proxy.activityStarting(IActivityController.java:273)
03-20 19:25:07.062  2044  4206 W Binder  : 	at com.android.server.wm.ActivityStarter.startActivity(ActivityStarter.java:794)
03-20 19:25:07.062  2044  4206 W Binder  : 	at com.android.server.wm.ActivityStarter.startActivity(ActivityStarter.java:583)
03-20 19:25:07.062  2044  4206 W Binder  : 	at com.android.server.wm.ActivityStarter.startActivityMayWait(ActivityStarter.java:1288)
03-20 19:25:07.062  2044  4206 W Binder  : 	at com.android.server.wm.ActivityStarter.execute(ActivityStarter.java:514)
03-20 19:25:07.062  2044  4206 W Binder  : 	at com.android.server.wm.ActivityTaskManagerService.startActivityAsUser(ActivityTaskManagerService.java:1058)
03-20 19:25:07.062  2044  4206 W Binder  : 	at com.android.server.wm.ActivityTaskManagerService.startActivityAsUser(ActivityTaskManagerService.java:1032)
03-20 19:25:07.062  2044  4206 W Binder  : 	at com.android.server.am.ActivityManagerService.startActivityAsUser(ActivityManagerService.java:3504)
03-20 19:25:07.062  2044  4206 W Binder  : 	at android.app.IActivityManager$Stub.onTransact(IActivityManager.java:3537)
03-20 19:25:07.062  2044  4206 W Binder  : 	at com.android.server.am.ActivityManagerService.onTransact(ActivityManagerService.java:2741)
03-20 19:25:07.062  2044  4206 W Binder  : 	at android.os.Binder.execTransactInternal(Binder.java:1021)
03-20 19:25:07.062  2044  4206 W Binder  : 	at android.os.Binder.execTransact(Binder.java:994)
03-20 19:25:07.064 23837 23837 I Monkey  : Events injected: 1
03-20 19:25:07.066  2044  2044 V SettingsProvider: Notifying for 0: content://settings/system/accelerometer_rotation
03-20 19:25:07.073 23837 23837 I Monkey  : ## Network stats: elapsed time=11ms (0ms mobile, 0ms wifi, 11ms not connected)
03-20 19:25:07.073 23837 23837 I app_process: System.exit called, status: 0
03-20 19:25:07.073 23837 23837 I AndroidRuntime: VM exiting with result code 0.
03-20 19:25:07.103  1800  2437 E GnssHAL_GnssInterface: gnssSvStatusCb: a: input svInfo.flags is 8
03-20 19:25:07.103  1800  2437 E GnssHAL_GnssInterface: gnssSvStatusCb: b: input svInfo.flags is 8
03-20 19:25:08.103  1800  2437 E GnssHAL_GnssInterface: gnssSvStatusCb: a: input svInfo.flags is 8
03-20 19:25:08.103  1800  2437 E GnssHAL_GnssInterface: gnssSvStatusCb: b: input svInfo.flags is 8
03-20 19:25:09.103  1800  2437 E GnssHAL_GnssInterface: gnssSvStatusCb: a: input svInfo.flags is 8
03-20 19:25:09.103  1800  2437 E GnssHAL_GnssInterface: gnssSvStatusCb: b: input svInfo.flags is 8
03-20 19:25:09.327  2044  2070 E memtrack: Couldn't load memtrack module
03-20 19:25:09.327  2044  2070 W android.os.Debug: failed to get memory consumption info: -1
03-20 19:25:09.395 12075 12094 I oid.apps.photo: Waiting for a blocking GC ProfileSaver
03-20 19:25:09.448 12075 12094 I oid.apps.photo: WaitForGcToComplete blocked ProfileSaver on HeapTrim for 53.533ms
03-20 19:25:10.103  1800  2437 E GnssHAL_GnssInterface: gnssSvStatusCb: a: input svInfo.flags is 8
03-20 19:25:10.103  1800  2437 E GnssHAL_GnssInterface: gnssSvStatusCb: b: input svInfo.flags is 8
03-20 19:25:11.106  1800  2437 E GnssHAL_GnssInterface: gnssSvStatusCb: a: input svInfo.flags is 8
03-20 19:25:11.106  1800  2437 E GnssHAL_GnssInterface: gnssSvStatusCb: b: input svInfo.flags is 8
03-20 19:25:12.111  1800  2437 E GnssHAL_GnssInterface: gnssSvStatusCb: a: input svInfo.flags is 8
03-20 19:25:12.111  1800  2437 E GnssHAL_GnssInterface: gnssSvStatusCb: b: input svInfo.flags is 8
03-20 19:25:13.115  1800  2437 E GnssHAL_GnssInterface: gnssSvStatusCb: a: input svInfo.flags is 8
03-20 19:25:13.115  1800  2437 E GnssHAL_GnssInterface: gnssSvStatusCb: b: input svInfo.flags is 8
03-20 19:25:14.118  1800  2437 E GnssHAL_GnssInterface: gnssSvStatusCb: a: input svInfo.flags is 8
03-20 19:25:14.118  1800  2437 E GnssHAL_GnssInterface: gnssSvStatusCb: b: input svInfo.flags is 8
03-20 19:25:14.541 16441 16441 D BoundBrokerSvc: onUnbind: Intent { act=com.google.android.gms.scheduler.ACTION_PROXY_SCHEDULE dat=chimera-action: cmp=com.google.android.gms/.chimera.PersistentApiService }
03-20 19:25:15.118  1800  2437 E GnssHAL_GnssInterface: gnssSvStatusCb: a: input svInfo.flags is 8
03-20 19:25:15.118  1800  2437 E GnssHAL_GnssInterface: gnssSvStatusCb: b: input svInfo.flags is 8
03-20 19:25:16.119  1800  2437 E GnssHAL_GnssInterface: gnssSvStatusCb: a: input svInfo.flags is 8
03-20 19:25:16.119  1800  2437 E GnssHAL_GnssInterface: gnssSvStatusCb: b: input svInfo.flags is 8
03-20 19:25:17.124  1800  2437 E GnssHAL_GnssInterface: gnssSvStatusCb: a: input svInfo.flags is 8
03-20 19:25:17.125  1800  2437 E GnssHAL_GnssInterface: gnssSvStatusCb: b: input svInfo.flags is 8
03-20 19:25:18.127  1800  2437 E GnssHAL_GnssInterface: gnssSvStatusCb: a: input svInfo.flags is 8
03-20 19:25:18.127  1800  2437 E GnssHAL_GnssInterface: gnssSvStatusCb: b: input svInfo.flags is 8
03-20 19:25:19.132  1800  2437 E GnssHAL_GnssInterface: gnssSvStatusCb: a: input svInfo.flags is 8
03-20 19:25:19.133  1800  2437 E GnssHAL_GnssInterface: gnssSvStatusCb: b: input svInfo.flags is 8
03-20 19:25:20.135  1800  2437 E GnssHAL_GnssInterface: gnssSvStatusCb: a: input svInfo.flags is 8
03-20 19:25:20.135  1800  2437 E GnssHAL_GnssInterface: gnssSvStatusCb: b: input svInfo.flags is 8
03-20 19:25:21.140  1800  2437 E GnssHAL_GnssInterface: gnssSvStatusCb: a: input svInfo.flags is 8
03-20 19:25:21.140  1800  2437 E GnssHAL_GnssInterface: gnssSvStatusCb: b: input svInfo.flags is 8
03-20 19:25:22.144  1800  2437 E GnssHAL_GnssInterface: gnssSvStatusCb: a: input svInfo.flags is 8
03-20 19:25:22.144  1800  2437 E GnssHAL_GnssInterface: gnssSvStatusCb: b: input svInfo.flags is 8
03-20 19:25:22.363 22864 23873 D UIAutomatorStub: URI: /jsonrpc/0, Method: POST, Header: {content-length=117, remote-addr=127.0.0.1, http-client-ip=127.0.0.1, host=localhost:9008, content-type=application/json, connection=close, accept-encoding=identity, user-agent=Python-urllib/3.7}, params, {NanoHttpd.QUERY_STRING=null}, files: {postData={"jsonrpc": "2.0", "method": "dumpWindowHierarchy", "id": "87e024ae592d1649f10d034c610d7cbe", "params": [true, null]}}
03-20 19:25:22.376 22864 23873 I UIAutomatorStub: Skipping invisible child: android.view.accessibility.AccessibilityNodeInfo@bc8d; boundsInParent: Rect(0, 0 - 1080, 63); boundsInScreen: Rect(0, 0 - 1080, 63); packageName: com.german_software_engineers.trainerapp; className: android.view.View; text: null; error: null; maxTextLength: -1; contentDescription: null; tooltipText: null; viewIdResName: android:id/statusBarBackground; checkable: false; checked: false; focusable: false; focused: false; selected: false; clickable: false; longClickable: false; contextClickable: false; enabled: true; password: false; scrollable: false; importantForAccessibility: false; visible: false; actions: [AccessibilityAction: ACTION_SELECT - null, AccessibilityAction: ACTION_CLEAR_SELECTION - null, AccessibilityAction: ACTION_ACCESSIBILITY_FOCUS - null, AccessibilityAction: ACTION_SHOW_ON_SCREEN - null]
03-20 19:25:22.376 22864 23873 I UIAutomatorStub: Skipping invisible child: android.view.accessibility.AccessibilityNodeInfo@b8cc; boundsInParent: Rect(0, 0 - 1080, 126); boundsInScreen: Rect(0, 1794 - 1080, 1920); packageName: com.german_software_engineers.trainerapp; className: android.view.View; text: null; error: null; maxTextLength: -1; contentDescription: null; tooltipText: null; viewIdResName: android:id/navigationBarBackground; checkable: false; checked: false; focusable: false; focused: false; selected: false; clickable: false; longClickable: false; contextClickable: false; enabled: true; password: false; scrollable: false; importantForAccessibility: false; visible: false; actions: [AccessibilityAction: ACTION_SELECT - null, AccessibilityAction: ACTION_CLEAR_SELECTION - null, AccessibilityAction: ACTION_ACCESSIBILITY_FOCUS - null, AccessibilityAction: ACTION_SHOW_ON_SCREEN - null]
03-20 19:25:22.376 22864 23873 I UIAutomatorStub: Fetch time: 3ms
03-20 19:25:23.150  1800  2437 E GnssHAL_GnssInterface: gnssSvStatusCb: a: input svInfo.flags is 8
03-20 19:25:23.150  1800  2437 E GnssHAL_GnssInterface: gnssSvStatusCb: b: input svInfo.flags is 8
03-20 19:25:23.564 23874 23874 D AndroidRuntime: >>>>>> START com.android.internal.os.RuntimeInit uid 2000 <<<<<<
03-20 19:25:23.568 23874 23874 E libc    : Access denied finding property "persist.device_config.runtime_native_boot.enable_apex_image"
03-20 19:25:23.568 23874 23874 I AndroidRuntime: Using default boot image
03-20 19:25:23.568 23874 23874 E libc    : Access denied finding property "persist.device_config.runtime_native_boot.disable_lock_profiling"
03-20 19:25:23.568 23874 23874 I AndroidRuntime: Leaving lock profiling enabled
03-20 19:25:23.560 23874 23874 W app_process: type=1400 audit(0.0:2977): avc: denied { read } for name="u:object_r:device_config_runtime_native_boot_prop:s0" dev="tmpfs" ino=874 scontext=u:r:shell:s0 tcontext=u:object_r:device_config_runtime_native_boot_prop:s0 tclass=file permissive=0
03-20 19:25:23.560 23874 23874 I chatty  : uid=2000(shell) app_process identical 1 line
03-20 19:25:23.560 23874 23874 W app_process: type=1400 audit(0.0:2979): avc: denied { read } for name="u:object_r:device_config_runtime_native_boot_prop:s0" dev="tmpfs" ino=874 scontext=u:r:shell:s0 tcontext=u:object_r:device_config_runtime_native_boot_prop:s0 tclass=file permissive=0
03-20 19:25:23.569 23874 23874 E libc    : Access denied finding property "persist.device_config.runtime_native_boot.enable_generational_cc"
03-20 19:25:23.657 23874 23874 D ICU     : Time zone APEX file found: /apex/com.android.tzdata/etc/icu/icu_tzdata.dat
03-20 19:25:23.660 23874 23874 W app_process: Unexpected CPU variant for X86 using defaults: x86
03-20 19:25:23.663 23874 23874 I app_process: The ClassLoaderContext is a special shared library.
03-20 19:25:23.676 23874 23874 W app_process: JNI RegisterNativeMethods: attempt to register 0 native methods for android.media.AudioAttributes
03-20 19:25:23.679 23874 23874 D AndroidRuntime: Calling main entry com.android.commands.input.Input
03-20 19:25:23.688 23874 23874 D AndroidRuntime: Shutting down VM
03-20 19:25:07.070  2044  2044 V SettingsProvider: Notifying for 0: content://settings/system/accelerometer_rotation
03-20 19:25:23.706  2044  4636 I ActivityTaskManager: START u0 {cmp=com.german_software_engineers.trainerapp/.TrainingsSchedule} from uid 10162
03-20 19:25:23.713  1787  7550 W audio_hw_generic: Not supplying enough data to HAL, expected position 39525835 , only wrote 39525817
03-20 19:25:23.717  2044  4653 W InputReader: Device has associated, but no associated display id.
03-20 19:25:23.726  2044  4653 I chatty  : uid=1000(system) Binder:2044_14 identical 48 lines
03-20 19:25:23.726  2044  4653 W InputReader: Device has associated, but no associated display id.
03-20 19:25:23.735 23479 23479 W ActivityThread: handleWindowVisibility: no activity for token android.os.BinderProxy@2029da2
03-20 19:25:23.769  1801  1801 D gralloc_ranchu: gralloc_alloc: Creating ashmem region of size 8298496
03-20 19:25:23.772  1801  1801 I chatty  : uid=1000(system) allocator@2.0-s identical 1 line
03-20 19:25:23.772  1801  1801 D gralloc_ranchu: gralloc_alloc: Creating ashmem region of size 8298496
03-20 19:25:23.780 23479 23499 D EGL_emulation: eglMakeCurrent: 0xe0e1a2a0: ver 3 0 (tinfo 0xe0e0f330)
03-20 19:25:23.836 23479 23499 D EGL_emulation: eglMakeCurrent: 0xe0e1a2a0: ver 3 0 (tinfo 0xe0e0f330)
03-20 19:25:23.838  2044  2066 W InputReader: Device has associated, but no associated display id.
03-20 19:25:23.838  2044  2066 I chatty  : uid=1000(system) android.anim identical 8 lines
03-20 19:25:23.838  2044  2066 W InputReader: Device has associated, but no associated display id.
03-20 19:25:23.839 23479 23499 D EGL_emulation: eglMakeCurrent: 0xe0e1a2a0: ver 3 0 (tinfo 0xe0e0f330)
03-20 19:25:23.840  2044  2066 W InputReader: Device has associated, but no associated display id.
03-20 19:25:23.840  2044  2066 I chatty  : uid=1000(system) android.anim identical 8 lines
03-20 19:25:23.840  2044  2066 W InputReader: Device has associated, but no associated display id.
03-20 19:25:23.849 23479 23499 D EGL_emulation: eglMakeCurrent: 0xe0e1a2a0: ver 3 0 (tinfo 0xe0e0f330)
03-20 19:25:23.877 23479 23499 I chatty  : uid=10162(com.german_software_engineers.trainerapp) RenderThread identical 3 lines
03-20 19:25:23.883 23479 23499 D EGL_emulation: eglMakeCurrent: 0xe0e1a2a0: ver 3 0 (tinfo 0xe0e0f330)
03-20 19:25:24.153  1800  2437 E GnssHAL_GnssInterface: gnssSvStatusCb: a: input svInfo.flags is 8
03-20 19:25:24.153  1800  2437 E GnssHAL_GnssInterface: gnssSvStatusCb: b: input svInfo.flags is 8
03-20 19:25:24.259 23479 23499 D EGL_emulation: eglMakeCurrent: 0xe0e1a2a0: ver 3 0 (tinfo 0xe0e0f330)
03-20 19:25:25.156  1800  2437 E GnssHAL_GnssInterface: gnssSvStatusCb: a: input svInfo.flags is 8
03-20 19:25:25.156  1800  2437 E GnssHAL_GnssInterface: gnssSvStatusCb: b: input svInfo.flags is 8
03-20 19:25:26.162  1800  2437 E GnssHAL_GnssInterface: gnssSvStatusCb: a: input svInfo.flags is 8
03-20 19:25:26.162  1800  2437 E GnssHAL_GnssInterface: gnssSvStatusCb: b: input svInfo.flags is 8
03-20 19:25:26.862  1787  1978 W audio_hw_generic: Not supplying enough data to HAL, expected position 39801697 , only wrote 39664627
03-20 19:25:27.165  1800  2437 E GnssHAL_GnssInterface: gnssSvStatusCb: a: input svInfo.flags is 8
03-20 19:25:27.165  1800  2437 E GnssHAL_GnssInterface: gnssSvStatusCb: b: input svInfo.flags is 8
03-20 19:25:27.710 23914 23914 W app_process: type=1400 audit(0.0:2980): avc: denied { read } for name="u:object_r:device_config_runtime_native_boot_prop:s0" dev="tmpfs" ino=874 scontext=u:r:shell:s0 tcontext=u:object_r:device_config_runtime_native_boot_prop:s0 tclass=file permissive=0
03-20 19:25:27.716 23914 23914 D AndroidRuntime: >>>>>> START com.android.internal.os.RuntimeInit uid 2000 <<<<<<
