01-15 18:35:53.627  1858  1870 W MessageQueue: java.lang.IllegalStateException: Handler (com.android.internal.os.HandlerCaller$MyHandler) {efedd9a} sending message to a Handler on a dead thread
01-15 18:35:53.627  1858  1870 W MessageQueue: 	at android.os.MessageQueue.enqueueMessage(MessageQueue.java:546)
01-15 18:35:53.627  1858  1870 W MessageQueue: 	at android.os.Handler.enqueueMessage(Handler.java:745)
01-15 18:35:53.627  1858  1870 W MessageQueue: 	at android.os.Handler.sendMessageAtTime(Handler.java:697)
01-15 18:35:53.627  1858  1870 W MessageQueue: 	at android.os.Handler.sendMessageDelayed(Handler.java:667)
01-15 18:35:53.627  1858  1870 W MessageQueue: 	at android.os.Handler.sendMessage(Handler.java:604)
01-15 18:35:53.627  1858  1870 W MessageQueue: 	at com.android.internal.os.HandlerCaller.sendMessage(HandlerCaller.java:86)
01-15 18:35:53.627  1858  1870 W MessageQueue: 	at android.accessibilityservice.AccessibilityService$IAccessibilityServiceClientWrapper.init(AccessibilityService.java:1638)
01-15 18:35:53.627  1858  1870 W MessageQueue: 	at android.accessibilityservice.IAccessibilityServiceClient$Stub.onTransact(IAccessibilityServiceClient.java:60)
01-15 18:35:53.627  1858  1870 W MessageQueue: 	at android.os.Binder.execTransact(Binder.java:731)
01-15 18:35:53.841  3248  5334 W ActivityManager: Unable to start service Intent { act=com.google.android.gms.photos.autobackup.service.START pkg=com.google.android.gms } U=0: not found
01-15 18:35:53.841  3248  5334 W ActivityManager: Unbind failed: could not find connection for android.os.BinderProxy@a862d8b
01-15 18:35:53.854  6274  7036 W native  : jpeg_io.cc:108 File's first two bytes does not match the sequence 216
01-15 18:35:53.878  3248  5334 W ActivityManager: Unable to start service Intent { act=com.google.android.gms.photos.autobackup.service.START pkg=com.google.android.gms } U=0: not found
01-15 18:35:53.879  3248  5334 W ActivityManager: Unbind failed: could not find connection for android.os.BinderProxy@183ee68
01-15 18:35:54.063  1882  1882 D AndroidRuntime: >>>>>> START com.android.internal.os.RuntimeInit uid 2000 <<<<<<
01-15 18:35:54.064  1882  1882 E cutils-trace: Error opening trace file: No such file or directory (2)
01-15 18:35:54.093  1882  1882 I app_process: The ClassLoaderContext is a special shared library.
01-15 18:35:54.094  1882  1882 I app_process: The ClassLoaderContext is a special shared library.
01-15 18:35:54.103  1882  1882 D AndroidRuntime: Calling main entry com.android.commands.uiautomator.Launcher
01-15 18:35:54.107  3248  3248 V SettingsProvider: Notifying for 0: content://settings/secure/accessibility_enabled
01-15 18:35:54.108  4324  4426 I A       : NGA disabled due to not being eligible.
01-15 18:35:54.402  3248  3338 I GnssLocationProvider: WakeLock acquired by sendMessage(REPORT_SV_STATUS, 0, com.android.server.location.GnssLocationProvider$SvStatusInfo@5281767)
01-15 18:35:54.402  3248  3261 I GnssLocationProvider: WakeLock released by handleMessage(REPORT_SV_STATUS, 0, com.android.server.location.GnssLocationProvider$SvStatusInfo@5281767)
01-15 18:35:55.020  3116  3145 E storaged: getDiskStats failed with result NOT_SUPPORTED and size 0
01-15 18:35:55.139  1882  1882 W AccessibilityNodeInfoDumper: Fetch time: 10ms
01-15 18:35:55.140  3248  8248 W WindowManager: removeWindowToken: Attempted to remove non-existing token: android.os.Binder@4406281
01-15 18:35:55.140  3248  3248 V SettingsProvider: Notifying for 0: content://settings/secure/accessibility_enabled
01-15 18:35:55.143  1882  1882 D AndroidRuntime: Shutting down VM
01-15 18:35:55.143  4324  4423 I A       : NGA disabled due to not being eligible.
01-15 18:35:55.409  3248  3338 I GnssLocationProvider: WakeLock acquired by sendMessage(REPORT_SV_STATUS, 0, com.android.server.location.GnssLocationProvider$SvStatusInfo@c8fa5bd)
01-15 18:35:55.410  3248  3261 I GnssLocationProvider: WakeLock released by handleMessage(REPORT_SV_STATUS, 0, com.android.server.location.GnssLocationProvider$SvStatusInfo@c8fa5bd)
01-15 18:35:55.423  1896  1896 D AndroidRuntime: >>>>>> START com.android.internal.os.RuntimeInit uid 2000 <<<<<<
01-15 18:35:55.424  1896  1896 E cutils-trace: Error opening trace file: No such file or directory (2)
01-15 18:35:55.454  1896  1896 I app_process: The ClassLoaderContext is a special shared library.
01-15 18:35:55.464  1896  1896 D AndroidRuntime: Calling main entry com.android.commands.input.Input
01-15 18:35:55.466  1896  1896 I Input   : injectMotionEvent: MotionEvent { action=ACTION_DOWN, actionButton=0, id[0]=0, x[0]=540.0, y[0]=370.0, toolType[0]=TOOL_TYPE_UNKNOWN, buttonState=0, metaState=0, flags=0x0, edgeFlags=0x0, pointerCount=1, historySize=0, eventTime=13568874, downTime=13568874, deviceId=0, source=0x1002 }
01-15 18:35:55.467  1896  1896 I Input   : injectMotionEvent: MotionEvent { action=ACTION_MOVE, actionButton=0, id[0]=0, x[0]=540.0, y[0]=370.0, toolType[0]=TOOL_TYPE_UNKNOWN, buttonState=0, metaState=0, flags=0x0, edgeFlags=0x0, pointerCount=1, historySize=0, eventTime=13568874, downTime=13568874, deviceId=0, source=0x1002 }
01-15 18:35:55.484  1896  1896 I Input   : injectMotionEvent: MotionEvent { action=ACTION_MOVE, actionButton=0, id[0]=0, x[0]=540.0, y[0]=370.0, toolType[0]=TOOL_TYPE_UNKNOWN, buttonState=0, metaState=0, flags=0x0, edgeFlags=0x0, pointerCount=1, historySize=0, eventTime=13568895, downTime=13568895, deviceId=0, source=0x1002 }
01-15 18:35:55.504  1896  1896 I Input   : injectMotionEvent: MotionEvent { action=ACTION_MOVE, actionButton=0, id[0]=0, x[0]=540.0, y[0]=370.0, toolType[0]=TOOL_TYPE_UNKNOWN, buttonState=0, metaState=0, flags=0x0, edgeFlags=0x0, pointerCount=1, historySize=0, eventTime=13568914, downTime=13568914, deviceId=0, source=0x1002 }
01-15 18:35:55.523  1896  1896 I Input   : injectMotionEvent: MotionEvent { action=ACTION_MOVE, actionButton=0, id[0]=0, x[0]=540.0, y[0]=370.0, toolType[0]=TOOL_TYPE_UNKNOWN, buttonState=0, metaState=0, flags=0x0, edgeFlags=0x0, pointerCount=1, historySize=0, eventTime=13568934, downTime=13568934, deviceId=0, source=0x1002 }
01-15 18:35:55.542  1896  1896 I Input   : injectMotionEvent: MotionEvent { action=ACTION_MOVE, actionButton=0, id[0]=0, x[0]=540.0, y[0]=370.0, toolType[0]=TOOL_TYPE_UNKNOWN, buttonState=0, metaState=0, flags=0x0, edgeFlags=0x0, pointerCount=1, historySize=0, eventTime=13568952, downTime=13568952, deviceId=0, source=0x1002 }
01-15 18:35:55.566  1896  1896 I Input   : injectMotionEvent: MotionEvent { action=ACTION_MOVE, actionButton=0, id[0]=0, x[0]=540.0, y[0]=370.0, toolType[0]=TOOL_TYPE_UNKNOWN, buttonState=0, metaState=0, flags=0x0, edgeFlags=0x0, pointerCount=1, historySize=0, eventTime=13568976, downTime=13568976, deviceId=0, source=0x1002 }
01-15 18:35:55.587  1896  1896 I Input   : injectMotionEvent: MotionEvent { action=ACTION_MOVE, actionButton=0, id[0]=0, x[0]=540.0, y[0]=370.0, toolType[0]=TOOL_TYPE_UNKNOWN, buttonState=0, metaState=0, flags=0x0, edgeFlags=0x0, pointerCount=1, historySize=0, eventTime=13568997, downTime=13568997, deviceId=0, source=0x1002 }
01-15 18:35:55.607  1896  1896 I Input   : injectMotionEvent: MotionEvent { action=ACTION_MOVE, actionButton=0, id[0]=0, x[0]=540.0, y[0]=370.0, toolType[0]=TOOL_TYPE_UNKNOWN, buttonState=0, metaState=0, flags=0x0, edgeFlags=0x0, pointerCount=1, historySize=0, eventTime=13569017, downTime=13569017, deviceId=0, source=0x1002 }
01-15 18:35:55.621  1896  1896 I Input   : injectMotionEvent: MotionEvent { action=ACTION_MOVE, actionButton=0, id[0]=0, x[0]=540.0, y[0]=370.0, toolType[0]=TOOL_TYPE_UNKNOWN, buttonState=0, metaState=0, flags=0x0, edgeFlags=0x0, pointerCount=1, historySize=0, eventTime=13569031, downTime=13569031, deviceId=0, source=0x1002 }
01-15 18:35:55.650  1896  1896 I Input   : injectMotionEvent: MotionEvent { action=ACTION_MOVE, actionButton=0, id[0]=0, x[0]=540.0, y[0]=370.0, toolType[0]=TOOL_TYPE_UNKNOWN, buttonState=0, metaState=0, flags=0x0, edgeFlags=0x0, pointerCount=1, historySize=0, eventTime=13569060, downTime=13569060, deviceId=0, source=0x1002 }
01-15 18:35:55.664  1896  1896 I Input   : injectMotionEvent: MotionEvent { action=ACTION_MOVE, actionButton=0, id[0]=0, x[0]=540.0, y[0]=370.0, toolType[0]=TOOL_TYPE_UNKNOWN, buttonState=0, metaState=0, flags=0x0, edgeFlags=0x0, pointerCount=1, historySize=0, eventTime=13569075, downTime=13569075, deviceId=0, source=0x1002 }
01-15 18:35:55.687  1896  1896 I Input   : injectMotionEvent: MotionEvent { action=ACTION_MOVE, actionButton=0, id[0]=0, x[0]=540.0, y[0]=370.0, toolType[0]=TOOL_TYPE_UNKNOWN, buttonState=0, metaState=0, flags=0x0, edgeFlags=0x0, pointerCount=1, historySize=0, eventTime=13569097, downTime=13569097, deviceId=0, source=0x1002 }
01-15 18:35:55.703  1896  1896 I Input   : injectMotionEvent: MotionEvent { action=ACTION_MOVE, actionButton=0, id[0]=0, x[0]=540.0, y[0]=370.0, toolType[0]=TOOL_TYPE_UNKNOWN, buttonState=0, metaState=0, flags=0x0, edgeFlags=0x0, pointerCount=1, historySize=0, eventTime=13569114, downTime=13569114, deviceId=0, source=0x1002 }
01-15 18:35:55.727  1896  1896 I Input   : injectMotionEvent: MotionEvent { action=ACTION_MOVE, actionButton=0, id[0]=0, x[0]=540.0, y[0]=370.0, toolType[0]=TOOL_TYPE_UNKNOWN, buttonState=0, metaState=0, flags=0x0, edgeFlags=0x0, pointerCount=1, historySize=0, eventTime=13569138, downTime=13569138, deviceId=0, source=0x1002 }
01-15 18:35:55.746  1896  1896 I Input   : injectMotionEvent: MotionEvent { action=ACTION_MOVE, actionButton=0, id[0]=0, x[0]=540.0, y[0]=370.0, toolType[0]=TOOL_TYPE_UNKNOWN, buttonState=0, metaState=0, flags=0x0, edgeFlags=0x0, pointerCount=1, historySize=0, eventTime=13569156, downTime=13569156, deviceId=0, source=0x1002 }
01-15 18:35:55.761  1896  1896 I Input   : injectMotionEvent: MotionEvent { action=ACTION_MOVE, actionButton=0, id[0]=0, x[0]=540.0, y[0]=370.0, toolType[0]=TOOL_TYPE_UNKNOWN, buttonState=0, metaState=0, flags=0x0, edgeFlags=0x0, pointerCount=1, historySize=0, eventTime=13569171, downTime=13569171, deviceId=0, source=0x1002 }
01-15 18:35:55.783  1896  1896 I Input   : injectMotionEvent: MotionEvent { action=ACTION_MOVE, actionButton=0, id[0]=0, x[0]=540.0, y[0]=370.0, toolType[0]=TOOL_TYPE_UNKNOWN, buttonState=0, metaState=0, flags=0x0, edgeFlags=0x0, pointerCount=1, historySize=0, eventTime=13569193, downTime=13569193, deviceId=0, source=0x1002 }
01-15 18:35:55.804  1896  1896 I Input   : injectMotionEvent: MotionEvent { action=ACTION_MOVE, actionButton=0, id[0]=0, x[0]=540.0, y[0]=370.0, toolType[0]=TOOL_TYPE_UNKNOWN, buttonState=0, metaState=0, flags=0x0, edgeFlags=0x0, pointerCount=1, historySize=0, eventTime=13569214, downTime=13569214, deviceId=0, source=0x1002 }
01-15 18:35:55.824  1896  1896 I Input   : injectMotionEvent: MotionEvent { action=ACTION_MOVE, actionButton=0, id[0]=0, x[0]=540.0, y[0]=370.0, toolType[0]=TOOL_TYPE_UNKNOWN, buttonState=0, metaState=0, flags=0x0, edgeFlags=0x0, pointerCount=1, historySize=0, eventTime=13569235, downTime=13569235, deviceId=0, source=0x1002 }
01-15 18:35:55.841  1896  1896 I Input   : injectMotionEvent: MotionEvent { action=ACTION_MOVE, actionButton=0, id[0]=0, x[0]=540.0, y[0]=370.0, toolType[0]=TOOL_TYPE_UNKNOWN, buttonState=0, metaState=0, flags=0x0, edgeFlags=0x0, pointerCount=1, historySize=0, eventTime=13569251, downTime=13569251, deviceId=0, source=0x1002 }
01-15 18:35:55.862  1896  1896 I Input   : injectMotionEvent: MotionEvent { action=ACTION_MOVE, actionButton=0, id[0]=0, x[0]=540.0, y[0]=370.0, toolType[0]=TOOL_TYPE_UNKNOWN, buttonState=0, metaState=0, flags=0x0, edgeFlags=0x0, pointerCount=1, historySize=0, eventTime=13569272, downTime=13569272, deviceId=0, source=0x1002 }
01-15 18:35:55.890  1896  1896 I Input   : injectMotionEvent: MotionEvent { action=ACTION_MOVE, actionButton=0, id[0]=0, x[0]=540.0, y[0]=370.0, toolType[0]=TOOL_TYPE_UNKNOWN, buttonState=0, metaState=0, flags=0x0, edgeFlags=0x0, pointerCount=1, historySize=0, eventTime=13569300, downTime=13569300, deviceId=0, source=0x1002 }
01-15 18:35:55.899  1896  1896 I Input   : injectMotionEvent: MotionEvent { action=ACTION_MOVE, actionButton=0, id[0]=0, x[0]=540.0, y[0]=370.0, toolType[0]=TOOL_TYPE_UNKNOWN, buttonState=0, metaState=0, flags=0x0, edgeFlags=0x0, pointerCount=1, historySize=0, eventTime=13569309, downTime=13569309, deviceId=0, source=0x1002 }
01-15 18:35:55.925  1896  1896 I Input   : injectMotionEvent: MotionEvent { action=ACTION_MOVE, actionButton=0, id[0]=0, x[0]=540.0, y[0]=370.0, toolType[0]=TOOL_TYPE_UNKNOWN, buttonState=0, metaState=0, flags=0x0, edgeFlags=0x0, pointerCount=1, historySize=0, eventTime=13569335, downTime=13569335, deviceId=0, source=0x1002 }
01-15 18:35:55.941  1896  1896 I Input   : injectMotionEvent: MotionEvent { action=ACTION_MOVE, actionButton=0, id[0]=0, x[0]=540.0, y[0]=370.0, toolType[0]=TOOL_TYPE_UNKNOWN, buttonState=0, metaState=0, flags=0x0, edgeFlags=0x0, pointerCount=1, historySize=0, eventTime=13569351, downTime=13569351, deviceId=0, source=0x1002 }
01-15 18:35:55.961  1896  1896 I Input   : injectMotionEvent: MotionEvent { action=ACTION_MOVE, actionButton=0, id[0]=0, x[0]=540.0, y[0]=370.0, toolType[0]=TOOL_TYPE_UNKNOWN, buttonState=0, metaState=0, flags=0x0, edgeFlags=0x0, pointerCount=1, historySize=0, eventTime=13569371, downTime=13569371, deviceId=0, source=0x1002 }
01-15 18:35:55.982  1896  1896 I Input   : injectMotionEvent: MotionEvent { action=ACTION_MOVE, actionButton=0, id[0]=0, x[0]=540.0, y[0]=370.0, toolType[0]=TOOL_TYPE_UNKNOWN, buttonState=0, metaState=0, flags=0x0, edgeFlags=0x0, pointerCount=1, historySize=0, eventTime=13569393, downTime=13569393, deviceId=0, source=0x1002 }
01-15 18:35:56.005  1896  1896 I Input   : injectMotionEvent: MotionEvent { action=ACTION_MOVE, actionButton=0, id[0]=0, x[0]=540.0, y[0]=370.0, toolType[0]=TOOL_TYPE_UNKNOWN, buttonState=0, metaState=0, flags=0x0, edgeFlags=0x0, pointerCount=1, historySize=0, eventTime=13569415, downTime=13569415, deviceId=0, source=0x1002 }
01-15 18:35:56.022  1896  1896 I Input   : injectMotionEvent: MotionEvent { action=ACTION_MOVE, actionButton=0, id[0]=0, x[0]=540.0, y[0]=370.0, toolType[0]=TOOL_TYPE_UNKNOWN, buttonState=0, metaState=0, flags=0x0, edgeFlags=0x0, pointerCount=1, historySize=0, eventTime=13569432, downTime=13569432, deviceId=0, source=0x1002 }
01-15 18:35:56.043  1896  1896 I Input   : injectMotionEvent: MotionEvent { action=ACTION_MOVE, actionButton=0, id[0]=0, x[0]=540.0, y[0]=370.0, toolType[0]=TOOL_TYPE_UNKNOWN, buttonState=0, metaState=0, flags=0x0, edgeFlags=0x0, pointerCount=1, historySize=0, eventTime=13569453, downTime=13569453, deviceId=0, source=0x1002 }
01-15 18:35:56.059  1896  1896 I Input   : injectMotionEvent: MotionEvent { action=ACTION_MOVE, actionButton=0, id[0]=0, x[0]=540.0, y[0]=370.0, toolType[0]=TOOL_TYPE_UNKNOWN, buttonState=0, metaState=0, flags=0x0, edgeFlags=0x0, pointerCount=1, historySize=0, eventTime=13569469, downTime=13569469, deviceId=0, source=0x1002 }
01-15 18:35:56.084  1896  1896 I Input   : injectMotionEvent: MotionEvent { action=ACTION_MOVE, actionButton=0, id[0]=0, x[0]=540.0, y[0]=370.0, toolType[0]=TOOL_TYPE_UNKNOWN, buttonState=0, metaState=0, flags=0x0, edgeFlags=0x0, pointerCount=1, historySize=0, eventTime=13569494, downTime=13569494, deviceId=0, source=0x1002 }
01-15 18:35:56.099  1896  1896 I Input   : injectMotionEvent: MotionEvent { action=ACTION_MOVE, actionButton=0, id[0]=0, x[0]=540.0, y[0]=370.0, toolType[0]=TOOL_TYPE_UNKNOWN, buttonState=0, metaState=0, flags=0x0, edgeFlags=0x0, pointerCount=1, historySize=0, eventTime=13569509, downTime=13569509, deviceId=0, source=0x1002 }
01-15 18:35:56.119  1896  1896 I Input   : injectMotionEvent: MotionEvent { action=ACTION_MOVE, actionButton=0, id[0]=0, x[0]=540.0, y[0]=370.0, toolType[0]=TOOL_TYPE_UNKNOWN, buttonState=0, metaState=0, flags=0x0, edgeFlags=0x0, pointerCount=1, historySize=0, eventTime=13569529, downTime=13569529, deviceId=0, source=0x1002 }
01-15 18:35:56.142  1896  1896 I Input   : injectMotionEvent: MotionEvent { action=ACTION_MOVE, actionButton=0, id[0]=0, x[0]=540.0, y[0]=370.0, toolType[0]=TOOL_TYPE_UNKNOWN, buttonState=0, metaState=0, flags=0x0, edgeFlags=0x0, pointerCount=1, historySize=0, eventTime=13569553, downTime=13569553, deviceId=0, source=0x1002 }
01-15 18:35:56.162  1896  1896 I Input   : injectMotionEvent: MotionEvent { action=ACTION_MOVE, actionButton=0, id[0]=0, x[0]=540.0, y[0]=370.0, toolType[0]=TOOL_TYPE_UNKNOWN, buttonState=0, metaState=0, flags=0x0, edgeFlags=0x0, pointerCount=1, historySize=0, eventTime=13569572, downTime=13569572, deviceId=0, source=0x1002 }
01-15 18:35:56.181  1896  1896 I Input   : injectMotionEvent: MotionEvent { action=ACTION_MOVE, actionButton=0, id[0]=0, x[0]=540.0, y[0]=370.0, toolType[0]=TOOL_TYPE_UNKNOWN, buttonState=0, metaState=0, flags=0x0, edgeFlags=0x0, pointerCount=1, historySize=0, eventTime=13569591, downTime=13569591, deviceId=0, source=0x1002 }
01-15 18:35:56.203  1896  1896 I Input   : injectMotionEvent: MotionEvent { action=ACTION_MOVE, actionButton=0, id[0]=0, x[0]=540.0, y[0]=370.0, toolType[0]=TOOL_TYPE_UNKNOWN, buttonState=0, metaState=0, flags=0x0, edgeFlags=0x0, pointerCount=1, historySize=0, eventTime=13569613, downTime=13569613, deviceId=0, source=0x1002 }
01-15 18:35:56.223  1896  1896 I Input   : injectMotionEvent: MotionEvent { action=ACTION_MOVE, actionButton=0, id[0]=0, x[0]=540.0, y[0]=370.0, toolType[0]=TOOL_TYPE_UNKNOWN, buttonState=0, metaState=0, flags=0x0, edgeFlags=0x0, pointerCount=1, historySize=0, eventTime=13569633, downTime=13569633, deviceId=0, source=0x1002 }
01-15 18:35:56.242  1896  1896 I Input   : injectMotionEvent: MotionEvent { action=ACTION_MOVE, actionButton=0, id[0]=0, x[0]=540.0, y[0]=370.0, toolType[0]=TOOL_TYPE_UNKNOWN, buttonState=0, metaState=0, flags=0x0, edgeFlags=0x0, pointerCount=1, historySize=0, eventTime=13569653, downTime=13569653, deviceId=0, source=0x1002 }
01-15 18:35:56.258  1896  1896 I Input   : injectMotionEvent: MotionEvent { action=ACTION_MOVE, actionButton=0, id[0]=0, x[0]=540.0, y[0]=370.0, toolType[0]=TOOL_TYPE_UNKNOWN, buttonState=0, metaState=0, flags=0x0, edgeFlags=0x0, pointerCount=1, historySize=0, eventTime=13569668, downTime=13569668, deviceId=0, source=0x1002 }
01-15 18:35:56.281  1896  1896 I Input   : injectMotionEvent: MotionEvent { action=ACTION_MOVE, actionButton=0, id[0]=0, x[0]=540.0, y[0]=370.0, toolType[0]=TOOL_TYPE_UNKNOWN, buttonState=0, metaState=0, flags=0x0, edgeFlags=0x0, pointerCount=1, historySize=0, eventTime=13569691, downTime=13569691, deviceId=0, source=0x1002 }
01-15 18:35:56.302  1896  1896 I Input   : injectMotionEvent: MotionEvent { action=ACTION_MOVE, actionButton=0, id[0]=0, x[0]=540.0, y[0]=370.0, toolType[0]=TOOL_TYPE_UNKNOWN, buttonState=0, metaState=0, flags=0x0, edgeFlags=0x0, pointerCount=1, historySize=0, eventTime=13569713, downTime=13569713, deviceId=0, source=0x1002 }
01-15 18:35:56.322  1896  1896 I Input   : injectMotionEvent: MotionEvent { action=ACTION_MOVE, actionButton=0, id[0]=0, x[0]=540.0, y[0]=370.0, toolType[0]=TOOL_TYPE_UNKNOWN, buttonState=0, metaState=0, flags=0x0, edgeFlags=0x0, pointerCount=1, historySize=0, eventTime=13569732, downTime=13569732, deviceId=0, source=0x1002 }
01-15 18:35:56.340  1896  1896 I Input   : injectMotionEvent: MotionEvent { action=ACTION_MOVE, actionButton=0, id[0]=0, x[0]=540.0, y[0]=370.0, toolType[0]=TOOL_TYPE_UNKNOWN, buttonState=0, metaState=0, flags=0x0, edgeFlags=0x0, pointerCount=1, historySize=0, eventTime=13569750, downTime=13569750, deviceId=0, source=0x1002 }
01-15 18:35:56.355  1896  1896 I Input   : injectMotionEvent: MotionEvent { action=ACTION_MOVE, actionButton=0, id[0]=0, x[0]=540.0, y[0]=370.0, toolType[0]=TOOL_TYPE_UNKNOWN, buttonState=0, metaState=0, flags=0x0, edgeFlags=0x0, pointerCount=1, historySize=0, eventTime=13569765, downTime=13569765, deviceId=0, source=0x1002 }
01-15 18:35:56.379  1896  1896 I Input   : injectMotionEvent: MotionEvent { action=ACTION_MOVE, actionButton=0, id[0]=0, x[0]=540.0, y[0]=370.0, toolType[0]=TOOL_TYPE_UNKNOWN, buttonState=0, metaState=0, flags=0x0, edgeFlags=0x0, pointerCount=1, historySize=0, eventTime=13569790, downTime=13569790, deviceId=0, source=0x1002 }
01-15 18:35:56.401  1896  1896 I Input   : injectMotionEvent: MotionEvent { action=ACTION_MOVE, actionButton=0, id[0]=0, x[0]=540.0, y[0]=370.0, toolType[0]=TOOL_TYPE_UNKNOWN, buttonState=0, metaState=0, flags=0x0, edgeFlags=0x0, pointerCount=1, historySize=0, eventTime=13569811, downTime=13569811, deviceId=0, source=0x1002 }
01-15 18:35:56.419  1896  1896 I Input   : injectMotionEvent: MotionEvent { action=ACTION_MOVE, actionButton=0, id[0]=0, x[0]=540.0, y[0]=370.0, toolType[0]=TOOL_TYPE_UNKNOWN, buttonState=0, metaState=0, flags=0x0, edgeFlags=0x0, pointerCount=1, historySize=0, eventTime=13569829, downTime=13569829, deviceId=0, source=0x1002 }
01-15 18:35:56.420  3248  3338 I GnssLocationProvider: WakeLock acquired by sendMessage(REPORT_SV_STATUS, 0, com.android.server.location.GnssLocationProvider$SvStatusInfo@ad757b2)
01-15 18:35:56.421  3248  3261 I GnssLocationProvider: WakeLock released by handleMessage(REPORT_SV_STATUS, 0, com.android.server.location.GnssLocationProvider$SvStatusInfo@ad757b2)
01-15 18:35:56.437  1896  1896 I Input   : injectMotionEvent: MotionEvent { action=ACTION_MOVE, actionButton=0, id[0]=0, x[0]=540.0, y[0]=370.0, toolType[0]=TOOL_TYPE_UNKNOWN, buttonState=0, metaState=0, flags=0x0, edgeFlags=0x0, pointerCount=1, historySize=0, eventTime=13569848, downTime=13569848, deviceId=0, source=0x1002 }
01-15 18:35:56.456  1896  1896 I Input   : injectMotionEvent: MotionEvent { action=ACTION_MOVE, actionButton=0, id[0]=0, x[0]=540.0, y[0]=370.0, toolType[0]=TOOL_TYPE_UNKNOWN, buttonState=0, metaState=0, flags=0x0, edgeFlags=0x0, pointerCount=1, historySize=0, eventTime=13569866, downTime=13569866, deviceId=0, source=0x1002 }
01-15 18:35:56.484  1896  1896 I Input   : injectMotionEvent: MotionEvent { action=ACTION_MOVE, actionButton=0, id[0]=0, x[0]=540.0, y[0]=370.0, toolType[0]=TOOL_TYPE_UNKNOWN, buttonState=0, metaState=0, flags=0x0, edgeFlags=0x0, pointerCount=1, historySize=0, eventTime=13569894, downTime=13569894, deviceId=0, source=0x1002 }
01-15 18:35:56.500  1896  1896 I Input   : injectMotionEvent: MotionEvent { action=ACTION_MOVE, actionButton=0, id[0]=0, x[0]=540.0, y[0]=370.0, toolType[0]=TOOL_TYPE_UNKNOWN, buttonState=0, metaState=0, flags=0x0, edgeFlags=0x0, pointerCount=1, historySize=0, eventTime=13569910, downTime=13569910, deviceId=0, source=0x1002 }
01-15 18:35:56.516  1896  1896 I Input   : injectMotionEvent: MotionEvent { action=ACTION_MOVE, actionButton=0, id[0]=0, x[0]=540.0, y[0]=370.0, toolType[0]=TOOL_TYPE_UNKNOWN, buttonState=0, metaState=0, flags=0x0, edgeFlags=0x0, pointerCount=1, historySize=0, eventTime=13569927, downTime=13569927, deviceId=0, source=0x1002 }
01-15 18:35:56.539  1896  1896 I Input   : injectMotionEvent: MotionEvent { action=ACTION_MOVE, actionButton=0, id[0]=0, x[0]=540.0, y[0]=370.0, toolType[0]=TOOL_TYPE_UNKNOWN, buttonState=0, metaState=0, flags=0x0, edgeFlags=0x0, pointerCount=1, historySize=0, eventTime=13569949, downTime=13569949, deviceId=0, source=0x1002 }
01-15 18:35:56.556  1896  1896 I Input   : injectMotionEvent: MotionEvent { action=ACTION_MOVE, actionButton=0, id[0]=0, x[0]=540.0, y[0]=370.0, toolType[0]=TOOL_TYPE_UNKNOWN, buttonState=0, metaState=0, flags=0x0, edgeFlags=0x0, pointerCount=1, historySize=0, eventTime=13569966, downTime=13569966, deviceId=0, source=0x1002 }
01-15 18:35:56.576  1896  1896 I Input   : injectMotionEvent: MotionEvent { action=ACTION_MOVE, actionButton=0, id[0]=0, x[0]=540.0, y[0]=370.0, toolType[0]=TOOL_TYPE_UNKNOWN, buttonState=0, metaState=0, flags=0x0, edgeFlags=0x0, pointerCount=1, historySize=0, eventTime=13569986, downTime=13569986, deviceId=0, source=0x1002 }
01-15 18:35:56.593  1896  1896 I Input   : injectMotionEvent: MotionEvent { action=ACTION_MOVE, actionButton=0, id[0]=0, x[0]=540.0, y[0]=370.0, toolType[0]=TOOL_TYPE_UNKNOWN, buttonState=0, metaState=0, flags=0x0, edgeFlags=0x0, pointerCount=1, historySize=0, eventTime=13570003, downTime=13570003, deviceId=0, source=0x1002 }
01-15 18:35:56.623  1896  1896 I Input   : injectMotionEvent: MotionEvent { action=ACTION_MOVE, actionButton=0, id[0]=0, x[0]=540.0, y[0]=370.0, toolType[0]=TOOL_TYPE_UNKNOWN, buttonState=0, metaState=0, flags=0x0, edgeFlags=0x0, pointerCount=1, historySize=0, eventTime=13570034, downTime=13570034, deviceId=0, source=0x1002 }
01-15 18:35:56.638  1896  1896 I Input   : injectMotionEvent: MotionEvent { action=ACTION_MOVE, actionButton=0, id[0]=0, x[0]=540.0, y[0]=370.0, toolType[0]=TOOL_TYPE_UNKNOWN, buttonState=0, metaState=0, flags=0x0, edgeFlags=0x0, pointerCount=1, historySize=0, eventTime=13570048, downTime=13570048, deviceId=0, source=0x1002 }
01-15 18:35:56.653  1896  1896 I Input   : injectMotionEvent: MotionEvent { action=ACTION_MOVE, actionButton=0, id[0]=0, x[0]=540.0, y[0]=370.0, toolType[0]=TOOL_TYPE_UNKNOWN, buttonState=0, metaState=0, flags=0x0, edgeFlags=0x0, pointerCount=1, historySize=0, eventTime=13570063, downTime=13570063, deviceId=0, source=0x1002 }
01-15 18:35:56.674  1896  1896 I Input   : injectMotionEvent: MotionEvent { action=ACTION_MOVE, actionButton=0, id[0]=0, x[0]=540.0, y[0]=370.0, toolType[0]=TOOL_TYPE_UNKNOWN, buttonState=0, metaState=0, flags=0x0, edgeFlags=0x0, pointerCount=1, historySize=0, eventTime=13570085, downTime=13570085, deviceId=0, source=0x1002 }
01-15 18:35:56.694  1896  1896 I Input   : injectMotionEvent: MotionEvent { action=ACTION_MOVE, actionButton=0, id[0]=0, x[0]=540.0, y[0]=370.0, toolType[0]=TOOL_TYPE_UNKNOWN, buttonState=0, metaState=0, flags=0x0, edgeFlags=0x0, pointerCount=1, historySize=0, eventTime=13570104, downTime=13570104, deviceId=0, source=0x1002 }
01-15 18:35:56.712  1896  1896 I Input   : injectMotionEvent: MotionEvent { action=ACTION_MOVE, actionButton=0, id[0]=0, x[0]=540.0, y[0]=370.0, toolType[0]=TOOL_TYPE_UNKNOWN, buttonState=0, metaState=0, flags=0x0, edgeFlags=0x0, pointerCount=1, historySize=0, eventTime=13570122, downTime=13570122, deviceId=0, source=0x1002 }
01-15 18:35:56.739  1896  1896 I Input   : injectMotionEvent: MotionEvent { action=ACTION_MOVE, actionButton=0, id[0]=0, x[0]=540.0, y[0]=370.0, toolType[0]=TOOL_TYPE_UNKNOWN, buttonState=0, metaState=0, flags=0x0, edgeFlags=0x0, pointerCount=1, historySize=0, eventTime=13570149, downTime=13570149, deviceId=0, source=0x1002 }
01-15 18:35:56.755  1896  1896 I Input   : injectMotionEvent: MotionEvent { action=ACTION_MOVE, actionButton=0, id[0]=0, x[0]=540.0, y[0]=370.0, toolType[0]=TOOL_TYPE_UNKNOWN, buttonState=0, metaState=0, flags=0x0, edgeFlags=0x0, pointerCount=1, historySize=0, eventTime=13570166, downTime=13570166, deviceId=0, source=0x1002 }
01-15 18:35:56.778  1896  1896 I Input   : injectMotionEvent: MotionEvent { action=ACTION_MOVE, actionButton=0, id[0]=0, x[0]=540.0, y[0]=370.0, toolType[0]=TOOL_TYPE_UNKNOWN, buttonState=0, metaState=0, flags=0x0, edgeFlags=0x0, pointerCount=1, historySize=0, eventTime=13570188, downTime=13570188, deviceId=0, source=0x1002 }
01-15 18:35:56.795  1896  1896 I Input   : injectMotionEvent: MotionEvent { action=ACTION_MOVE, actionButton=0, id[0]=0, x[0]=540.0, y[0]=370.0, toolType[0]=TOOL_TYPE_UNKNOWN, buttonState=0, metaState=0, flags=0x0, edgeFlags=0x0, pointerCount=1, historySize=0, eventTime=13570205, downTime=13570205, deviceId=0, source=0x1002 }
01-15 18:35:56.818  1896  1896 I Input   : injectMotionEvent: MotionEvent { action=ACTION_MOVE, actionButton=0, id[0]=0, x[0]=540.0, y[0]=370.0, toolType[0]=TOOL_TYPE_UNKNOWN, buttonState=0, metaState=0, flags=0x0, edgeFlags=0x0, pointerCount=1, historySize=0, eventTime=13570228, downTime=13570228, deviceId=0, source=0x1002 }
01-15 18:35:56.835  1896  1896 I Input   : injectMotionEvent: MotionEvent { action=ACTION_MOVE, actionButton=0, id[0]=0, x[0]=540.0, y[0]=370.0, toolType[0]=TOOL_TYPE_UNKNOWN, buttonState=0, metaState=0, flags=0x0, edgeFlags=0x0, pointerCount=1, historySize=0, eventTime=13570246, downTime=13570246, deviceId=0, source=0x1002 }
01-15 18:35:56.853  1896  1896 I Input   : injectMotionEvent: MotionEvent { action=ACTION_MOVE, actionButton=0, id[0]=0, x[0]=540.0, y[0]=370.0, toolType[0]=TOOL_TYPE_UNKNOWN, buttonState=0, metaState=0, flags=0x0, edgeFlags=0x0, pointerCount=1, historySize=0, eventTime=13570263, downTime=13570263, deviceId=0, source=0x1002 }
01-15 18:35:56.878  1896  1896 I Input   : injectMotionEvent: MotionEvent { action=ACTION_MOVE, actionButton=0, id[0]=0, x[0]=540.0, y[0]=370.0, toolType[0]=TOOL_TYPE_UNKNOWN, buttonState=0, metaState=0, flags=0x0, edgeFlags=0x0, pointerCount=1, historySize=0, eventTime=13570288, downTime=13570288, deviceId=0, source=0x1002 }
01-15 18:35:56.894  1896  1896 I Input   : injectMotionEvent: MotionEvent { action=ACTION_MOVE, actionButton=0, id[0]=0, x[0]=540.0, y[0]=370.0, toolType[0]=TOOL_TYPE_UNKNOWN, buttonState=0, metaState=0, flags=0x0, edgeFlags=0x0, pointerCount=1, historySize=0, eventTime=13570304, downTime=13570304, deviceId=0, source=0x1002 }
01-15 18:35:56.916  1896  1896 I Input   : injectMotionEvent: MotionEvent { action=ACTION_MOVE, actionButton=0, id[0]=0, x[0]=540.0, y[0]=370.0, toolType[0]=TOOL_TYPE_UNKNOWN, buttonState=0, metaState=0, flags=0x0, edgeFlags=0x0, pointerCount=1, historySize=0, eventTime=13570326, downTime=13570326, deviceId=0, source=0x1002 }
01-15 18:35:56.936  1896  1896 I Input   : injectMotionEvent: MotionEvent { action=ACTION_MOVE, actionButton=0, id[0]=0, x[0]=540.0, y[0]=370.0, toolType[0]=TOOL_TYPE_UNKNOWN, buttonState=0, metaState=0, flags=0x0, edgeFlags=0x0, pointerCount=1, historySize=0, eventTime=13570347, downTime=13570347, deviceId=0, source=0x1002 }
01-15 18:35:56.955  1896  1896 I Input   : injectMotionEvent: MotionEvent { action=ACTION_MOVE, actionButton=0, id[0]=0, x[0]=540.0, y[0]=370.0, toolType[0]=TOOL_TYPE_UNKNOWN, buttonState=0, metaState=0, flags=0x0, edgeFlags=0x0, pointerCount=1, historySize=0, eventTime=13570365, downTime=13570365, deviceId=0, source=0x1002 }
01-15 18:35:56.978  1896  1896 I Input   : injectMotionEvent: MotionEvent { action=ACTION_MOVE, actionButton=0, id[0]=0, x[0]=540.0, y[0]=370.0, toolType[0]=TOOL_TYPE_UNKNOWN, buttonState=0, metaState=0, flags=0x0, edgeFlags=0x0, pointerCount=1, historySize=0, eventTime=13570388, downTime=13570388, deviceId=0, source=0x1002 }
01-15 18:35:56.993  1896  1896 I Input   : injectMotionEvent: MotionEvent { action=ACTION_MOVE, actionButton=0, id[0]=0, x[0]=540.0, y[0]=370.0, toolType[0]=TOOL_TYPE_UNKNOWN, buttonState=0, metaState=0, flags=0x0, edgeFlags=0x0, pointerCount=1, historySize=0, eventTime=13570403, downTime=13570403, deviceId=0, source=0x1002 }
01-15 18:35:57.016  1896  1896 I Input   : injectMotionEvent: MotionEvent { action=ACTION_MOVE, actionButton=0, id[0]=0, x[0]=540.0, y[0]=370.0, toolType[0]=TOOL_TYPE_UNKNOWN, buttonState=0, metaState=0, flags=0x0, edgeFlags=0x0, pointerCount=1, historySize=0, eventTime=13570426, downTime=13570426, deviceId=0, source=0x1002 }
01-15 18:35:57.033  1896  1896 I Input   : injectMotionEvent: MotionEvent { action=ACTION_MOVE, actionButton=0, id[0]=0, x[0]=540.0, y[0]=370.0, toolType[0]=TOOL_TYPE_UNKNOWN, buttonState=0, metaState=0, flags=0x0, edgeFlags=0x0, pointerCount=1, historySize=0, eventTime=13570444, downTime=13570444, deviceId=0, source=0x1002 }
01-15 18:35:57.053  1896  1896 I Input   : injectMotionEvent: MotionEvent { action=ACTION_MOVE, actionButton=0, id[0]=0, x[0]=540.0, y[0]=370.0, toolType[0]=TOOL_TYPE_UNKNOWN, buttonState=0, metaState=0, flags=0x0, edgeFlags=0x0, pointerCount=1, historySize=0, eventTime=13570463, downTime=13570463, deviceId=0, source=0x1002 }
01-15 18:35:57.071  1896  1896 I Input   : injectMotionEvent: MotionEvent { action=ACTION_MOVE, actionButton=0, id[0]=0, x[0]=540.0, y[0]=370.0, toolType[0]=TOOL_TYPE_UNKNOWN, buttonState=0, metaState=0, flags=0x0, edgeFlags=0x0, pointerCount=1, historySize=0, eventTime=13570481, downTime=13570481, deviceId=0, source=0x1002 }
01-15 18:35:57.095  1896  1896 I Input   : injectMotionEvent: MotionEvent { action=ACTION_MOVE, actionButton=0, id[0]=0, x[0]=540.0, y[0]=370.0, toolType[0]=TOOL_TYPE_UNKNOWN, buttonState=0, metaState=0, flags=0x0, edgeFlags=0x0, pointerCount=1, historySize=0, eventTime=13570505, downTime=13570505, deviceId=0, source=0x1002 }
01-15 18:35:57.115  1896  1896 I Input   : injectMotionEvent: MotionEvent { action=ACTION_MOVE, actionButton=0, id[0]=0, x[0]=540.0, y[0]=370.0, toolType[0]=TOOL_TYPE_UNKNOWN, buttonState=0, metaState=0, flags=0x0, edgeFlags=0x0, pointerCount=1, historySize=0, eventTime=13570526, downTime=13570526, deviceId=0, source=0x1002 }
01-15 18:35:57.132  1896  1896 I Input   : injectMotionEvent: MotionEvent { action=ACTION_MOVE, actionButton=0, id[0]=0, x[0]=540.0, y[0]=370.0, toolType[0]=TOOL_TYPE_UNKNOWN, buttonState=0, metaState=0, flags=0x0, edgeFlags=0x0, pointerCount=1, historySize=0, eventTime=13570542, downTime=13570542, deviceId=0, source=0x1002 }
01-15 18:35:57.155  1896  1896 I Input   : injectMotionEvent: MotionEvent { action=ACTION_MOVE, actionButton=0, id[0]=0, x[0]=540.0, y[0]=370.0, toolType[0]=TOOL_TYPE_UNKNOWN, buttonState=0, metaState=0, flags=0x0, edgeFlags=0x0, pointerCount=1, historySize=0, eventTime=13570565, downTime=13570565, deviceId=0, source=0x1002 }
01-15 18:35:57.170  1896  1896 I Input   : injectMotionEvent: MotionEvent { action=ACTION_MOVE, actionButton=0, id[0]=0, x[0]=540.0, y[0]=370.0, toolType[0]=TOOL_TYPE_UNKNOWN, buttonState=0, metaState=0, flags=0x0, edgeFlags=0x0, pointerCount=1, historySize=0, eventTime=13570580, downTime=13570580, deviceId=0, source=0x1002 }
01-15 18:35:57.196  1896  1896 I Input   : injectMotionEvent: MotionEvent { action=ACTION_MOVE, actionButton=0, id[0]=0, x[0]=540.0, y[0]=370.0, toolType[0]=TOOL_TYPE_UNKNOWN, buttonState=0, metaState=0, flags=0x0, edgeFlags=0x0, pointerCount=1, historySize=0, eventTime=13570606, downTime=13570606, deviceId=0, source=0x1002 }
01-15 18:35:57.208  3203  3203 E netmgr  : Failed to open QEMU pipe 'qemud:network': Invalid argument
01-15 18:35:57.208  3203  3203 E netmgr  : WifiForwarder unable to open QEMU pipe: Invalid argument
01-15 18:35:57.212  1896  1896 I Input   : injectMotionEvent: MotionEvent { action=ACTION_MOVE, actionButton=0, id[0]=0, x[0]=540.0, y[0]=370.0, toolType[0]=TOOL_TYPE_UNKNOWN, buttonState=0, metaState=0, flags=0x0, edgeFlags=0x0, pointerCount=1, historySize=0, eventTime=13570622, downTime=13570622, deviceId=0, source=0x1002 }
01-15 18:35:57.230  1896  1896 I Input   : injectMotionEvent: MotionEvent { action=ACTION_MOVE, actionButton=0, id[0]=0, x[0]=540.0, y[0]=370.0, toolType[0]=TOOL_TYPE_UNKNOWN, buttonState=0, metaState=0, flags=0x0, edgeFlags=0x0, pointerCount=1, historySize=0, eventTime=13570641, downTime=13570641, deviceId=0, source=0x1002 }
01-15 18:35:57.249  1896  1896 I Input   : injectMotionEvent: MotionEvent { action=ACTION_MOVE, actionButton=0, id[0]=0, x[0]=540.0, y[0]=370.0, toolType[0]=TOOL_TYPE_UNKNOWN, buttonState=0, metaState=0, flags=0x0, edgeFlags=0x0, pointerCount=1, historySize=0, eventTime=13570659, downTime=13570659, deviceId=0, source=0x1002 }
01-15 18:35:57.275  1896  1896 I Input   : injectMotionEvent: MotionEvent { action=ACTION_MOVE, actionButton=0, id[0]=0, x[0]=540.0, y[0]=370.0, toolType[0]=TOOL_TYPE_UNKNOWN, buttonState=0, metaState=0, flags=0x0, edgeFlags=0x0, pointerCount=1, historySize=0, eventTime=13570685, downTime=13570685, deviceId=0, source=0x1002 }
01-15 18:35:57.289  1896  1896 I Input   : injectMotionEvent: MotionEvent { action=ACTION_MOVE, actionButton=0, id[0]=0, x[0]=540.0, y[0]=370.0, toolType[0]=TOOL_TYPE_UNKNOWN, buttonState=0, metaState=0, flags=0x0, edgeFlags=0x0, pointerCount=1, historySize=0, eventTime=13570699, downTime=13570699, deviceId=0, source=0x1002 }
01-15 18:35:57.314  1896  1896 I Input   : injectMotionEvent: MotionEvent { action=ACTION_MOVE, actionButton=0, id[0]=0, x[0]=540.0, y[0]=370.0, toolType[0]=TOOL_TYPE_UNKNOWN, buttonState=0, metaState=0, flags=0x0, edgeFlags=0x0, pointerCount=1, historySize=0, eventTime=13570724, downTime=13570724, deviceId=0, source=0x1002 }
01-15 18:35:57.334  1896  1896 I Input   : injectMotionEvent: MotionEvent { action=ACTION_MOVE, actionButton=0, id[0]=0, x[0]=540.0, y[0]=370.0, toolType[0]=TOOL_TYPE_UNKNOWN, buttonState=0, metaState=0, flags=0x0, edgeFlags=0x0, pointerCount=1, historySize=0, eventTime=13570744, downTime=13570744, deviceId=0, source=0x1002 }
01-15 18:35:57.350  1896  1896 I Input   : injectMotionEvent: MotionEvent { action=ACTION_MOVE, actionButton=0, id[0]=0, x[0]=540.0, y[0]=370.0, toolType[0]=TOOL_TYPE_UNKNOWN, buttonState=0, metaState=0, flags=0x0, edgeFlags=0x0, pointerCount=1, historySize=0, eventTime=13570760, downTime=13570760, deviceId=0, source=0x1002 }
01-15 18:35:57.374  1896  1896 I Input   : injectMotionEvent: MotionEvent { action=ACTION_MOVE, actionButton=0, id[0]=0, x[0]=540.0, y[0]=370.0, toolType[0]=TOOL_TYPE_UNKNOWN, buttonState=0, metaState=0, flags=0x0, edgeFlags=0x0, pointerCount=1, historySize=0, eventTime=13570784, downTime=13570784, deviceId=0, source=0x1002 }
01-15 18:35:57.388  1896  1896 I Input   : injectMotionEvent: MotionEvent { action=ACTION_MOVE, actionButton=0, id[0]=0, x[0]=540.0, y[0]=370.0, toolType[0]=TOOL_TYPE_UNKNOWN, buttonState=0, metaState=0, flags=0x0, edgeFlags=0x0, pointerCount=1, historySize=0, eventTime=13570798, downTime=13570798, deviceId=0, source=0x1002 }
01-15 18:35:57.415  1896  1896 I Input   : injectMotionEvent: MotionEvent { action=ACTION_MOVE, actionButton=0, id[0]=0, x[0]=540.0, y[0]=370.0, toolType[0]=TOOL_TYPE_UNKNOWN, buttonState=0, metaState=0, flags=0x0, edgeFlags=0x0, pointerCount=1, historySize=0, eventTime=13570825, downTime=13570825, deviceId=0, source=0x1002 }
01-15 18:35:57.429  1896  1896 I Input   : injectMotionEvent: MotionEvent { action=ACTION_MOVE, actionButton=0, id[0]=0, x[0]=540.0, y[0]=370.0, toolType[0]=TOOL_TYPE_UNKNOWN, buttonState=0, metaState=0, flags=0x0, edgeFlags=0x0, pointerCount=1, historySize=0, eventTime=13570839, downTime=13570839, deviceId=0, source=0x1002 }
01-15 18:35:57.430  3248  3338 I GnssLocationProvider: WakeLock acquired by sendMessage(REPORT_SV_STATUS, 0, com.android.server.location.GnssLocationProvider$SvStatusInfo@14c303)
01-15 18:35:57.431  3248  3261 I GnssLocationProvider: WakeLock released by handleMessage(REPORT_SV_STATUS, 0, com.android.server.location.GnssLocationProvider$SvStatusInfo@14c303)
01-15 18:35:57.451  1896  1896 I Input   : injectMotionEvent: MotionEvent { action=ACTION_MOVE, actionButton=0, id[0]=0, x[0]=540.0, y[0]=370.0, toolType[0]=TOOL_TYPE_UNKNOWN, buttonState=0, metaState=0, flags=0x0, edgeFlags=0x0, pointerCount=1, historySize=0, eventTime=13570861, downTime=13570861, deviceId=0, source=0x1002 }
01-15 18:35:57.470  1896  1896 I Input   : injectMotionEvent: MotionEvent { action=ACTION_UP, actionButton=0, id[0]=0, x[0]=540.0, y[0]=370.0, toolType[0]=TOOL_TYPE_UNKNOWN, buttonState=0, metaState=0, flags=0x0, edgeFlags=0x0, pointerCount=1, historySize=0, eventTime=13570880, downTime=13570880, deviceId=0, source=0x1002 }
01-15 18:35:57.475 31875 31875 D TextClassifierService: No configured system TextClassifierService
01-15 18:35:57.479  1896  1896 D AndroidRuntime: Shutting down VM
01-15 18:35:57.477 31875 31875 D TextClassifierService: No configured system TextClassifierService
01-15 18:35:57.480 31875  1908 D TextClassifierService: No configured system TextClassifierService
01-15 18:35:57.525 31875  1908 D androidtc: Loading ModelFile { path=/data/misc/textclassifier/textclassifier.model name=textclassifier.model version=611 locales=en }
01-15 18:35:57.560 31875  1908 D TextClassifierService: No configured system TextClassifierService
01-15 18:35:57.609  3010  5624 D gralloc_ranchu: gralloc_alloc: Creating ashmem region of size 49152
01-15 18:35:57.610  3010  5624 I chatty  : uid=1000(system) HwBinder:3010_3 identical 2 lines
01-15 18:35:57.614  3010  5624 D gralloc_ranchu: gralloc_alloc: Creating ashmem region of size 49152
01-15 18:35:57.614  3010  3051 D gralloc_ranchu: gralloc_alloc: Creating ashmem region of size 49152
01-15 18:35:57.614  3010  3052 D gralloc_ranchu: gralloc_alloc: Creating ashmem region of size 49152
01-15 18:35:57.626 31875 31900 D EGL_emulation: eglMakeCurrent: 0x7931644c60: ver 3 0 (tinfo 0x793160df80)
01-15 18:35:57.666 31875 31900 I chatty  : uid=10107(swati4star.createpdf) RenderThread identical 2 lines
01-15 18:35:57.667 31875 31900 D EGL_emulation: eglMakeCurrent: 0x7931644c60: ver 3 0 (tinfo 0x793160df80)
01-15 18:35:57.672  3010  5624 D gralloc_ranchu: gralloc_alloc: Creating ashmem region of size 413696
01-15 18:35:57.673  3010  5624 D gralloc_ranchu: gralloc_alloc: Creating ashmem region of size 413696
01-15 18:35:57.673  3010  3051 D gralloc_ranchu: gralloc_alloc: Creating ashmem region of size 413696
01-15 18:35:57.685 31875 31900 D EGL_emulation: eglMakeCurrent: 0x7931644c60: ver 3 0 (tinfo 0x793160df80)
01-15 18:35:58.434  3248  3338 I GnssLocationProvider: WakeLock acquired by sendMessage(REPORT_SV_STATUS, 0, com.android.server.location.GnssLocationProvider$SvStatusInfo@9b952dc)
01-15 18:35:58.434  3248  3261 I GnssLocationProvider: WakeLock released by handleMessage(REPORT_SV_STATUS, 0, com.android.server.location.GnssLocationProvider$SvStatusInfo@9b952dc)
01-15 18:35:59.444  3248  3338 I GnssLocationProvider: WakeLock acquired by sendMessage(REPORT_SV_STATUS, 0, com.android.server.location.GnssLocationProvider$SvStatusInfo@d4f7fe5)
01-15 18:35:59.444  3248  3261 I GnssLocationProvider: WakeLock released by handleMessage(REPORT_SV_STATUS, 0, com.android.server.location.GnssLocationProvider$SvStatusInfo@d4f7fe5)
01-15 18:36:00.277  1916  1916 W ls      : type=1400 audit(0.0:12727): avc: denied { getattr } for path="/proc/fb" dev="proc" ino=4026531899 scontext=u:r:shell:s0 tcontext=u:object_r:proc:s0 tclass=file permissive=0
01-15 18:36:00.277  1916  1916 W ls      : type=1400 audit(0.0:12728): avc: denied { getattr } for path="/proc/keys" dev="proc" ino=4026531975 scontext=u:r:shell:s0 tcontext=u:object_r:proc:s0 tclass=file permissive=0
01-15 18:36:00.277  1916  1916 W ls      : type=1400 audit(0.0:12729): avc: denied { getattr } for path="/proc/kmsg" dev="proc" ino=4026531931 scontext=u:r:shell:s0 tcontext=u:object_r:proc_kmsg:s0 tclass=file permissive=0
01-15 18:36:00.277  1916  1916 W ls      : type=1400 audit(0.0:12730): avc: denied { getattr } for path="/proc/misc" dev="proc" ino=4026531900 scontext=u:r:shell:s0 tcontext=u:object_r:proc_misc:s0 tclass=file permissive=0
01-15 18:36:00.277  1916  1916 W ls      : type=1400 audit(0.0:12731): avc: denied { getattr } for path="/proc/iomem" dev="proc" ino=4026531957 scontext=u:r:shell:s0 tcontext=u:object_r:proc_iomem:s0 tclass=file permissive=0
01-15 18:36:00.448  3248  3338 I GnssLocationProvider: WakeLock acquired by sendMessage(REPORT_SV_STATUS, 0, com.android.server.location.GnssLocationProvider$SvStatusInfo@5514d6b)
01-15 18:36:00.448  3248  3261 I GnssLocationProvider: WakeLock released by handleMessage(REPORT_SV_STATUS, 0, com.android.server.location.GnssLocationProvider$SvStatusInfo@5514d6b)
01-15 18:36:01.460  3248  3338 I GnssLocationProvider: WakeLock acquired by sendMessage(REPORT_SV_STATUS, 0, com.android.server.location.GnssLocationProvider$SvStatusInfo@4f6c0c8)
01-15 18:36:01.460  3248  3261 I GnssLocationProvider: WakeLock released by handleMessage(REPORT_SV_STATUS, 0, com.android.server.location.GnssLocationProvider$SvStatusInfo@4f6c0c8)
01-15 18:36:02.308  3392  3392 I EmojiSuperpacksFeature: Emoji superpacks enabled
01-15 18:36:02.308  3392  3392 I Conv2QueryExtension: isEnabled() : true
01-15 18:36:02.308  3392  3392 I FeatureCardGenerator: Make a GIF card not added
01-15 18:36:02.308  3392  3392 I FeatureCardGenerator: Autospace card not added
01-15 18:36:02.460  3248  3338 I GnssLocationProvider: WakeLock acquired by sendMessage(REPORT_SV_STATUS, 0, com.android.server.location.GnssLocationProvider$SvStatusInfo@b55547)
01-15 18:36:02.461  3248  3261 I GnssLocationProvider: WakeLock released by handleMessage(REPORT_SV_STATUS, 0, com.android.server.location.GnssLocationProvider$SvStatusInfo@b55547)
01-15 18:36:02.568  2359  2359 D AndroidRuntime: >>>>>> START com.android.internal.os.RuntimeInit uid 2000 <<<<<<
01-15 18:36:02.570  2359  2359 E cutils-trace: Error opening trace file: No such file or directory (2)
01-15 18:36:02.604  2359  2359 I app_process: The ClassLoaderContext is a special shared library.
01-15 18:36:02.604  2359  2359 I app_process: The ClassLoaderContext is a special shared library.
01-15 18:36:02.614  2359  2359 D AndroidRuntime: Calling main entry com.android.commands.uiautomator.Launcher
01-15 18:36:02.619  3248  3248 V SettingsProvider: Notifying for 0: content://settings/secure/accessibility_enabled
01-15 18:36:02.622  4324  4426 I A       : NGA disabled due to not being eligible.
01-15 18:36:03.097  3248  3261 E memtrack: Couldn't load memtrack module
01-15 18:36:03.097  3248  3261 W android.os.Debug: failed to get memory consumption info: -1
01-15 18:36:03.468  3248  3338 I GnssLocationProvider: WakeLock acquired by sendMessage(REPORT_SV_STATUS, 0, com.android.server.location.GnssLocationProvider$SvStatusInfo@782e0e0)
01-15 18:36:03.472  3248  3261 I GnssLocationProvider: WakeLock released by handleMessage(REPORT_SV_STATUS, 0, com.android.server.location.GnssLocationProvider$SvStatusInfo@782e0e0)
01-15 18:36:03.649  2359  2359 W AccessibilityNodeInfoDumper: Fetch time: 7ms
01-15 18:36:03.653  3248  3847 W WindowManager: removeWindowToken: Attempted to remove non-existing token: android.os.Binder@91b2174
01-15 18:36:03.653  3248  3248 V SettingsProvider: Notifying for 0: content://settings/secure/accessibility_enabled
01-15 18:36:03.655  4324  4423 I A       : NGA disabled due to not being eligible.
01-15 18:36:03.660  2359  2359 D AndroidRuntime: Shutting down VM
01-15 18:36:03.665  3275  3278 D hwcomposer: hw_composer sent 210 syncs in 60s
01-15 18:36:04.478  3248  3338 I GnssLocationProvider: WakeLock acquired by sendMessage(REPORT_SV_STATUS, 0, com.android.server.location.GnssLocationProvider$SvStatusInfo@191125e)
01-15 18:36:04.479  3248  3261 I GnssLocationProvider: WakeLock released by handleMessage(REPORT_SV_STATUS, 0, com.android.server.location.GnssLocationProvider$SvStatusInfo@191125e)
01-15 18:36:04.923  2390  2390 D AndroidRuntime: >>>>>> START com.android.internal.os.RuntimeInit uid 2000 <<<<<<
01-15 18:36:04.925  2390  2390 E cutils-trace: Error opening trace file: No such file or directory (2)
01-15 18:36:04.954  2390  2390 I app_process: The ClassLoaderContext is a special shared library.
01-15 18:36:04.955  2390  2390 I app_process: The ClassLoaderContext is a special shared library.
01-15 18:36:04.965  2390  2390 D AndroidRuntime: Calling main entry com.android.commands.uiautomator.Launcher
01-15 18:36:04.971  4324  4426 I A       : NGA disabled due to not being eligible.
01-15 18:36:05.488  3248  3338 I GnssLocationProvider: WakeLock acquired by sendMessage(REPORT_SV_STATUS, 0, com.android.server.location.GnssLocationProvider$SvStatusInfo@3f92c55)
01-15 18:36:05.489  3248  3261 I GnssLocationProvider: WakeLock released by handleMessage(REPORT_SV_STATUS, 0, com.android.server.location.GnssLocationProvider$SvStatusInfo@3f92c55)
01-15 18:36:05.996  2390  2390 W AccessibilityNodeInfoDumper: Fetch time: 10ms
01-15 18:36:04.969  3248  3248 V SettingsProvider: Notifying for 0: content://settings/secure/accessibility_enabled
01-15 18:36:05.999  3248  3845 W WindowManager: removeWindowToken: Attempted to remove non-existing token: android.os.Binder@111a63f
01-15 18:36:06.000  3248  3248 V SettingsProvider: Notifying for 0: content://settings/secure/accessibility_enabled
01-15 18:36:06.003  4324  4423 I A       : NGA disabled due to not being eligible.
01-15 18:36:06.004  2390  2390 D AndroidRuntime: Shutting down VM
01-15 18:36:06.407  2410  2410 D AndroidRuntime: >>>>>> START com.android.internal.os.RuntimeInit uid 2000 <<<<<<
01-15 18:36:06.408  2410  2410 E cutils-trace: Error opening trace file: No such file or directory (2)
01-15 18:36:06.438  2410  2410 I app_process: The ClassLoaderContext is a special shared library.
01-15 18:36:06.439  2410  2410 I app_process: The ClassLoaderContext is a special shared library.
01-15 18:36:06.449  2410  2410 D AndroidRuntime: Calling main entry com.android.commands.uiautomator.Launcher
01-15 18:36:06.454  4324  4426 I A       : NGA disabled due to not being eligible.
01-15 18:36:06.496  3248  3338 I GnssLocationProvider: WakeLock acquired by sendMessage(REPORT_SV_STATUS, 0, com.android.server.location.GnssLocationProvider$SvStatusInfo@6ed38d1)
01-15 18:36:06.496  3248  3261 I GnssLocationProvider: WakeLock released by handleMessage(REPORT_SV_STATUS, 0, com.android.server.location.GnssLocationProvider$SvStatusInfo@6ed38d1)
01-15 18:36:06.693  3248  5874 D WificondControl: Scan result ready event
01-15 18:36:06.711  3632  4988 I ChimeraSrvcProxy: NullBinder for android.net.action.RECOMMEND_NETWORKS triggering remote TransactionTooLargeException due to Service without Chimera impl
01-15 18:36:07.475  2410  2410 W AccessibilityNodeInfoDumper: Fetch time: 6ms
01-15 18:36:06.452  3248  3248 V SettingsProvider: Notifying for 0: content://settings/secure/accessibility_enabled
01-15 18:36:07.478  3248  5874 W WindowManager: removeWindowToken: Attempted to remove non-existing token: android.os.Binder@184675b
01-15 18:36:07.479  3248  3248 V SettingsProvider: Notifying for 0: content://settings/secure/accessibility_enabled
01-15 18:36:07.480  4324  4423 I A       : NGA disabled due to not being eligible.
01-15 18:36:07.484  2410  2410 D AndroidRuntime: Shutting down VM
01-15 18:36:07.503  3248  3338 I GnssLocationProvider: WakeLock acquired by sendMessage(REPORT_SV_STATUS, 0, com.android.server.location.GnssLocationProvider$SvStatusInfo@5981e37)
