01-15 18:37:12.965  3248  3261 I GnssLocationProvider: WakeLock released by handleMessage(REPORT_SV_STATUS, 0, com.android.server.location.GnssLocationProvider$SvStatusInfo@36b3850)
01-15 18:37:13.968  3248  3338 I GnssLocationProvider: WakeLock acquired by sendMessage(REPORT_SV_STATUS, 0, com.android.server.location.GnssLocationProvider$SvStatusInfo@daf8a49)
01-15 18:37:13.969  3248  3261 I GnssLocationProvider: WakeLock released by handleMessage(REPORT_SV_STATUS, 0, com.android.server.location.GnssLocationProvider$SvStatusInfo@daf8a49)
01-15 18:37:14.862  4587  4587 D AndroidRuntime: >>>>>> START com.android.internal.os.RuntimeInit uid 2000 <<<<<<
01-15 18:37:14.864  4587  4587 E cutils-trace: Error opening trace file: No such file or directory (2)
01-15 18:37:14.895  4587  4587 I app_process: The ClassLoaderContext is a special shared library.
01-15 18:37:14.895  4587  4587 I app_process: The ClassLoaderContext is a special shared library.
01-15 18:37:14.906  4587  4587 D AndroidRuntime: Calling main entry com.android.commands.uiautomator.Launcher
01-15 18:37:14.912  4324  4426 I A       : NGA disabled due to not being eligible.
01-15 18:37:14.976  3248  3338 I GnssLocationProvider: WakeLock acquired by sendMessage(REPORT_SV_STATUS, 0, com.android.server.location.GnssLocationProvider$SvStatusInfo@353897c)
01-15 18:37:14.976  3248  3261 I GnssLocationProvider: WakeLock released by handleMessage(REPORT_SV_STATUS, 0, com.android.server.location.GnssLocationProvider$SvStatusInfo@353897c)
01-15 18:37:15.939  4587  4587 W AccessibilityNodeInfoDumper: Fetch time: 8ms
01-15 18:37:14.911  3248  3248 V SettingsProvider: Notifying for 0: content://settings/secure/accessibility_enabled
01-15 18:37:15.942  3248  5141 W WindowManager: removeWindowToken: Attempted to remove non-existing token: android.os.Binder@d564f4e
01-15 18:37:15.943  3248  3248 V SettingsProvider: Notifying for 0: content://settings/secure/accessibility_enabled
01-15 18:37:15.944  4324  4423 I A       : NGA disabled due to not being eligible.
01-15 18:37:15.948  4587  4587 D AndroidRuntime: Shutting down VM
01-15 18:37:15.983  3248  3338 I GnssLocationProvider: WakeLock acquired by sendMessage(REPORT_SV_STATUS, 0, com.android.server.location.GnssLocationProvider$SvStatusInfo@a4c125a)
01-15 18:37:15.983  3248  3261 I GnssLocationProvider: WakeLock released by handleMessage(REPORT_SV_STATUS, 0, com.android.server.location.GnssLocationProvider$SvStatusInfo@a4c125a)
01-15 18:37:16.354  4610  4610 D AndroidRuntime: >>>>>> START com.android.internal.os.RuntimeInit uid 2000 <<<<<<
01-15 18:37:16.356  4610  4610 E cutils-trace: Error opening trace file: No such file or directory (2)
01-15 18:37:16.385  4610  4610 I app_process: The ClassLoaderContext is a special shared library.
01-15 18:37:16.385  4610  4610 I app_process: The ClassLoaderContext is a special shared library.
01-15 18:37:16.395  4610  4610 D AndroidRuntime: Calling main entry com.android.commands.uiautomator.Launcher
01-15 18:37:16.402  4324  4426 I A       : NGA disabled due to not being eligible.
01-15 18:37:16.994  3248  3338 I GnssLocationProvider: WakeLock acquired by sendMessage(REPORT_SV_STATUS, 0, com.android.server.location.GnssLocationProvider$SvStatusInfo@2393981)
01-15 18:37:16.995  3248  3261 I GnssLocationProvider: WakeLock released by handleMessage(REPORT_SV_STATUS, 0, com.android.server.location.GnssLocationProvider$SvStatusInfo@2393981)
01-15 18:37:17.429  4610  4610 W AccessibilityNodeInfoDumper: Fetch time: 6ms
01-15 18:37:16.401  3248  3248 V SettingsProvider: Notifying for 0: content://settings/secure/accessibility_enabled
01-15 18:37:17.432  3248  3258 W WindowManager: removeWindowToken: Attempted to remove non-existing token: android.os.Binder@b976c8b
01-15 18:37:17.433  3248  3248 V SettingsProvider: Notifying for 0: content://settings/secure/accessibility_enabled
01-15 18:37:17.436  4324  4423 I A       : NGA disabled due to not being eligible.
01-15 18:37:17.441  4610  4610 D AndroidRuntime: Shutting down VM
01-15 18:37:17.858  4629  4629 D AndroidRuntime: >>>>>> START com.android.internal.os.RuntimeInit uid 2000 <<<<<<
01-15 18:37:17.859  4629  4629 E cutils-trace: Error opening trace file: No such file or directory (2)
01-15 18:37:17.889  4629  4629 I app_process: The ClassLoaderContext is a special shared library.
01-15 18:37:17.889  4629  4629 I app_process: The ClassLoaderContext is a special shared library.
01-15 18:37:17.899  4629  4629 D AndroidRuntime: Calling main entry com.android.commands.uiautomator.Launcher
01-15 18:37:17.903  4324  4426 I A       : NGA disabled due to not being eligible.
01-15 18:37:17.997  3248  3338 I GnssLocationProvider: WakeLock acquired by sendMessage(REPORT_SV_STATUS, 0, com.android.server.location.GnssLocationProvider$SvStatusInfo@6beecbd)
01-15 18:37:17.997  3248  3261 I GnssLocationProvider: WakeLock released by handleMessage(REPORT_SV_STATUS, 0, com.android.server.location.GnssLocationProvider$SvStatusInfo@6beecbd)
01-15 18:37:18.932  4629  4629 W AccessibilityNodeInfoDumper: Fetch time: 6ms
01-15 18:37:17.902  3248  3248 V SettingsProvider: Notifying for 0: content://settings/secure/accessibility_enabled
01-15 18:37:18.935  3248  5638 W WindowManager: removeWindowToken: Attempted to remove non-existing token: android.os.Binder@f8e4667
01-15 18:37:18.937  3248  3248 V SettingsProvider: Notifying for 0: content://settings/secure/accessibility_enabled
01-15 18:37:18.939  4324  4423 I A       : NGA disabled due to not being eligible.
01-15 18:37:18.941  4629  4629 D AndroidRuntime: Shutting down VM
01-15 18:37:19.003  3248  3338 I GnssLocationProvider: WakeLock acquired by sendMessage(REPORT_SV_STATUS, 0, com.android.server.location.GnssLocationProvider$SvStatusInfo@c2ee203)
01-15 18:37:19.003  3248  3261 I GnssLocationProvider: WakeLock released by handleMessage(REPORT_SV_STATUS, 0, com.android.server.location.GnssLocationProvider$SvStatusInfo@c2ee203)
01-15 18:37:19.144  6274  6316 W native  : jpeg_io.cc:108 File's first two bytes does not match the sequence 216
01-15 18:37:19.147  3248  4732 W ActivityManager: Unable to start service Intent { act=com.google.android.gms.photos.autobackup.service.START pkg=com.google.android.gms } U=0: not found
01-15 18:37:19.148  3248  4732 W ActivityManager: Unbind failed: could not find connection for android.os.BinderProxy@21c51f3
01-15 18:37:19.167  3248  4732 W ActivityManager: Unable to start service Intent { act=com.google.android.gms.photos.autobackup.service.START pkg=com.google.android.gms } U=0: not found
01-15 18:37:19.168  3248  4732 W ActivityManager: Unbind failed: could not find connection for android.os.BinderProxy@bf91eb0
01-15 18:37:19.381  4654  4654 D AndroidRuntime: >>>>>> START com.android.internal.os.RuntimeInit uid 2000 <<<<<<
01-15 18:37:19.383  4654  4654 E cutils-trace: Error opening trace file: No such file or directory (2)
01-15 18:37:19.412  4654  4654 I app_process: The ClassLoaderContext is a special shared library.
01-15 18:37:19.412  4654  4654 I app_process: The ClassLoaderContext is a special shared library.
01-15 18:37:19.422  4654  4654 D AndroidRuntime: Calling main entry com.android.commands.uiautomator.Launcher
01-15 18:37:19.426  3248  3248 V SettingsProvider: Notifying for 0: content://settings/secure/accessibility_enabled
01-15 18:37:19.428  4324  4426 I A       : NGA disabled due to not being eligible.
01-15 18:37:20.014  3248  3338 I GnssLocationProvider: WakeLock acquired by sendMessage(REPORT_SV_STATUS, 0, com.android.server.location.GnssLocationProvider$SvStatusInfo@ca01a4f)
01-15 18:37:20.014  3248  3261 I GnssLocationProvider: WakeLock released by handleMessage(REPORT_SV_STATUS, 0, com.android.server.location.GnssLocationProvider$SvStatusInfo@ca01a4f)
01-15 18:37:20.457  4654  4654 W AccessibilityNodeInfoDumper: Fetch time: 9ms
01-15 18:37:20.461  3248  3847 W WindowManager: removeWindowToken: Attempted to remove non-existing token: android.os.Binder@c8be129
01-15 18:37:20.461  3248  3248 V SettingsProvider: Notifying for 0: content://settings/secure/accessibility_enabled
01-15 18:37:20.463  4654  4654 D AndroidRuntime: Shutting down VM
01-15 18:37:20.465  4324  4423 I A       : NGA disabled due to not being eligible.
01-15 18:37:20.739  4668  4668 D AndroidRuntime: >>>>>> START com.android.internal.os.RuntimeInit uid 2000 <<<<<<
01-15 18:37:20.741  4668  4668 E cutils-trace: Error opening trace file: No such file or directory (2)
01-15 18:37:20.771  4668  4668 I app_process: The ClassLoaderContext is a special shared library.
01-15 18:37:20.780  4668  4668 D AndroidRuntime: Calling main entry com.android.commands.input.Input
01-15 18:37:20.782  4668  4668 I Input   : injectMotionEvent: MotionEvent { action=ACTION_DOWN, actionButton=0, id[0]=0, x[0]=540.0, y[0]=577.0, toolType[0]=TOOL_TYPE_UNKNOWN, buttonState=0, metaState=0, flags=0x0, edgeFlags=0x0, pointerCount=1, historySize=0, eventTime=13654191, downTime=13654191, deviceId=0, source=0x1002 }
01-15 18:37:20.784  4668  4668 I Input   : injectMotionEvent: MotionEvent { action=ACTION_UP, actionButton=0, id[0]=0, x[0]=540.0, y[0]=577.0, toolType[0]=TOOL_TYPE_UNKNOWN, buttonState=0, metaState=0, flags=0x0, edgeFlags=0x0, pointerCount=1, historySize=0, eventTime=13654191, downTime=13654191, deviceId=0, source=0x1002 }
01-15 18:37:20.791  3392  3392 I GoogleInputMethod: onFinishInput() : Dummy InputConnection bound
01-15 18:37:20.791  3392  3392 I GoogleInputMethod: onStartInput() : Dummy InputConnection bound
01-15 18:37:20.792  4668  4668 D AndroidRuntime: Shutting down VM
01-15 18:37:20.802 31875 31900 D EGL_emulation: eglMakeCurrent: 0x7931644c60: ver 3 0 (tinfo 0x793160df80)
01-15 18:37:20.946  3103  3783 W SurfaceFlinger: Attempting to set client state on removed layer: PopupWindow:a964067#0
01-15 18:37:20.946  3103  3783 W SurfaceFlinger: Attempting to destroy on removed layer: PopupWindow:a964067#0
01-15 18:37:20.947  3103  3657 W SurfaceFlinger: Attempting to set client state on removed layer: PopupWindow:cd654b2#0
01-15 18:37:20.947  3103  3657 W SurfaceFlinger: Attempting to destroy on removed layer: PopupWindow:cd654b2#0
01-15 18:37:20.968 31875 31900 D EGL_emulation: eglMakeCurrent: 0x7931644c60: ver 3 0 (tinfo 0x793160df80)
01-15 18:37:21.013  3248  3338 I GnssLocationProvider: WakeLock acquired by sendMessage(REPORT_SV_STATUS, 0, com.android.server.location.GnssLocationProvider$SvStatusInfo@9815212)
01-15 18:37:21.013  3248  3261 I GnssLocationProvider: WakeLock released by handleMessage(REPORT_SV_STATUS, 0, com.android.server.location.GnssLocationProvider$SvStatusInfo@9815212)
01-15 18:37:21.058 31875 31900 D EGL_emulation: eglMakeCurrent: 0x7931644c60: ver 3 0 (tinfo 0x793160df80)
01-15 18:37:22.025  3248  3338 I GnssLocationProvider: WakeLock acquired by sendMessage(REPORT_SV_STATUS, 0, com.android.server.location.GnssLocationProvider$SvStatusInfo@efd9de3)
01-15 18:37:22.025  3248  3261 I GnssLocationProvider: WakeLock released by handleMessage(REPORT_SV_STATUS, 0, com.android.server.location.GnssLocationProvider$SvStatusInfo@efd9de3)
01-15 18:37:23.033  3248  3338 I GnssLocationProvider: WakeLock acquired by sendMessage(REPORT_SV_STATUS, 0, com.android.server.location.GnssLocationProvider$SvStatusInfo@8a993e0)
01-15 18:37:23.033  3248  3261 I GnssLocationProvider: WakeLock released by handleMessage(REPORT_SV_STATUS, 0, com.android.server.location.GnssLocationProvider$SvStatusInfo@8a993e0)
01-15 18:37:23.557  4685  4685 W ls      : type=1400 audit(0.0:12823): avc: denied { getattr } for path="/proc/fb" dev="proc" ino=4026531899 scontext=u:r:shell:s0 tcontext=u:object_r:proc:s0 tclass=file permissive=0
01-15 18:37:24.036  3248  3338 I GnssLocationProvider: WakeLock acquired by sendMessage(REPORT_SV_STATUS, 0, com.android.server.location.GnssLocationProvider$SvStatusInfo@a826699)
01-15 18:37:24.037  3248  3261 I GnssLocationProvider: WakeLock released by handleMessage(REPORT_SV_STATUS, 0, com.android.server.location.GnssLocationProvider$SvStatusInfo@a826699)
01-15 18:37:25.047  3248  3338 I GnssLocationProvider: WakeLock acquired by sendMessage(REPORT_SV_STATUS, 0, com.android.server.location.GnssLocationProvider$SvStatusInfo@81e7d5e)
01-15 18:37:25.048  3248  3261 I GnssLocationProvider: WakeLock released by handleMessage(REPORT_SV_STATUS, 0, com.android.server.location.GnssLocationProvider$SvStatusInfo@81e7d5e)
01-15 18:37:25.594  3392  3392 I EmojiSuperpacksFeature: Emoji superpacks enabled
01-15 18:37:25.596  3392  3392 I Conv2QueryExtension: isEnabled() : true
01-15 18:37:25.597  3392  3392 I FeatureCardGenerator: Make a GIF card not added
01-15 18:37:25.597  3392  3392 I FeatureCardGenerator: Autospace card not added
01-15 18:37:25.842  5190  5190 D AndroidRuntime: >>>>>> START com.android.internal.os.RuntimeInit uid 2000 <<<<<<
01-15 18:37:25.844  5190  5190 E cutils-trace: Error opening trace file: No such file or directory (2)
01-15 18:37:25.881  5190  5190 I app_process: The ClassLoaderContext is a special shared library.
01-15 18:37:25.882  5190  5190 I app_process: The ClassLoaderContext is a special shared library.
01-15 18:37:25.896  5190  5190 D AndroidRuntime: Calling main entry com.android.commands.uiautomator.Launcher
01-15 18:37:25.904  4324  4426 I A       : NGA disabled due to not being eligible.
01-15 18:37:26.051  3248  3338 I GnssLocationProvider: WakeLock acquired by sendMessage(REPORT_SV_STATUS, 0, com.android.server.location.GnssLocationProvider$SvStatusInfo@f89d355)
01-15 18:37:26.051  3248  3261 I GnssLocationProvider: WakeLock released by handleMessage(REPORT_SV_STATUS, 0, com.android.server.location.GnssLocationProvider$SvStatusInfo@f89d355)
01-15 18:37:26.928  5190  5190 W AccessibilityNodeInfoDumper: Fetch time: 7ms
01-15 18:37:25.901  3248  3248 V SettingsProvider: Notifying for 0: content://settings/secure/accessibility_enabled
01-15 18:37:26.931  3248  5638 W WindowManager: removeWindowToken: Attempted to remove non-existing token: android.os.Binder@3e2353f
01-15 18:37:26.933  3248  3248 V SettingsProvider: Notifying for 0: content://settings/secure/accessibility_enabled
01-15 18:37:26.936  4324  4423 I A       : NGA disabled due to not being eligible.
01-15 18:37:26.938  5190  5190 D AndroidRuntime: Shutting down VM
01-15 18:37:27.061  3248  3338 I GnssLocationProvider: WakeLock acquired by sendMessage(REPORT_SV_STATUS, 0, com.android.server.location.GnssLocationProvider$SvStatusInfo@24ee65b)
01-15 18:37:27.061  3248  3261 I GnssLocationProvider: WakeLock released by handleMessage(REPORT_SV_STATUS, 0, com.android.server.location.GnssLocationProvider$SvStatusInfo@24ee65b)
01-15 18:37:28.068  3248  3338 I GnssLocationProvider: WakeLock acquired by sendMessage(REPORT_SV_STATUS, 0, com.android.server.location.GnssLocationProvider$SvStatusInfo@b29fef8)
01-15 18:37:28.068  3248  3261 I GnssLocationProvider: WakeLock released by handleMessage(REPORT_SV_STATUS, 0, com.android.server.location.GnssLocationProvider$SvStatusInfo@b29fef8)
01-15 18:37:28.176  5223  5223 D AndroidRuntime: >>>>>> START com.android.internal.os.RuntimeInit uid 2000 <<<<<<
01-15 18:37:28.178  5223  5223 E cutils-trace: Error opening trace file: No such file or directory (2)
01-15 18:37:28.208  5223  5223 I app_process: The ClassLoaderContext is a special shared library.
01-15 18:37:28.208  5223  5223 I app_process: The ClassLoaderContext is a special shared library.
01-15 18:37:28.218  5223  5223 D AndroidRuntime: Calling main entry com.android.commands.uiautomator.Launcher
01-15 18:37:28.223  4324  4426 I A       : NGA disabled due to not being eligible.
01-15 18:37:29.075  3248  3338 I GnssLocationProvider: WakeLock acquired by sendMessage(REPORT_SV_STATUS, 0, com.android.server.location.GnssLocationProvider$SvStatusInfo@20b8d37)
01-15 18:37:29.076  3248  3261 I GnssLocationProvider: WakeLock released by handleMessage(REPORT_SV_STATUS, 0, com.android.server.location.GnssLocationProvider$SvStatusInfo@20b8d37)
01-15 18:37:29.250  5223  5223 W AccessibilityNodeInfoDumper: Fetch time: 7ms
01-15 18:37:28.221  3248  3248 V SettingsProvider: Notifying for 0: content://settings/secure/accessibility_enabled
01-15 18:37:29.251  3248  3847 W WindowManager: removeWindowToken: Attempted to remove non-existing token: android.os.Binder@8614fd1
01-15 18:37:29.252  3248  3248 V SettingsProvider: Notifying for 0: content://settings/secure/accessibility_enabled
01-15 18:37:29.254  5223  5223 D AndroidRuntime: Shutting down VM
01-15 18:37:29.255  4324  4423 I A       : NGA disabled due to not being eligible.
01-15 18:37:29.665  5244  5244 D AndroidRuntime: >>>>>> START com.android.internal.os.RuntimeInit uid 2000 <<<<<<
01-15 18:37:29.666  5244  5244 E cutils-trace: Error opening trace file: No such file or directory (2)
01-15 18:37:29.696  5244  5244 I app_process: The ClassLoaderContext is a special shared library.
01-15 18:37:29.696  5244  5244 I app_process: The ClassLoaderContext is a special shared library.
01-15 18:37:29.706  5244  5244 D AndroidRuntime: Calling main entry com.android.commands.uiautomator.Launcher
01-15 18:37:29.710  4324  4426 I A       : NGA disabled due to not being eligible.
01-15 18:37:30.085  3248  3338 I GnssLocationProvider: WakeLock acquired by sendMessage(REPORT_SV_STATUS, 0, com.android.server.location.GnssLocationProvider$SvStatusInfo@581c5d3)
01-15 18:37:30.085  3248  3261 I GnssLocationProvider: WakeLock released by handleMessage(REPORT_SV_STATUS, 0, com.android.server.location.GnssLocationProvider$SvStatusInfo@581c5d3)
01-15 18:37:30.733  5244  5244 W AccessibilityNodeInfoDumper: Fetch time: 6ms
01-15 18:37:29.709  3248  3248 V SettingsProvider: Notifying for 0: content://settings/secure/accessibility_enabled
01-15 18:37:30.735  3248  4732 W WindowManager: removeWindowToken: Attempted to remove non-existing token: android.os.Binder@85a180d
01-15 18:37:30.736  3248  3248 V SettingsProvider: Notifying for 0: content://settings/secure/accessibility_enabled
01-15 18:37:30.740  4324  4423 I A       : NGA disabled due to not being eligible.
01-15 18:37:30.743  5244  5244 D AndroidRuntime: Shutting down VM
01-15 18:37:31.090  3248  3338 I GnssLocationProvider: WakeLock acquired by sendMessage(REPORT_SV_STATUS, 0, com.android.server.location.GnssLocationProvider$SvStatusInfo@c9d2809)
01-15 18:37:31.090  3248  3261 I GnssLocationProvider: WakeLock released by handleMessage(REPORT_SV_STATUS, 0, com.android.server.location.GnssLocationProvider$SvStatusInfo@c9d2809)
01-15 18:37:31.978  5274  5274 D AndroidRuntime: >>>>>> START com.android.internal.os.RuntimeInit uid 2000 <<<<<<
01-15 18:37:31.979  5274  5274 E cutils-trace: Error opening trace file: No such file or directory (2)
01-15 18:37:32.009  5274  5274 I app_process: The ClassLoaderContext is a special shared library.
01-15 18:37:32.009  5274  5274 I app_process: The ClassLoaderContext is a special shared library.
01-15 18:37:32.019  5274  5274 D AndroidRuntime: Calling main entry com.android.commands.uiautomator.Launcher
01-15 18:37:32.025  4324  4426 I A       : NGA disabled due to not being eligible.
01-15 18:37:32.100  3248  3338 I GnssLocationProvider: WakeLock acquired by sendMessage(REPORT_SV_STATUS, 0, com.android.server.location.GnssLocationProvider$SvStatusInfo@7ed123c)
01-15 18:37:32.100  3248  3261 I GnssLocationProvider: WakeLock released by handleMessage(REPORT_SV_STATUS, 0, com.android.server.location.GnssLocationProvider$SvStatusInfo@7ed123c)
01-15 18:37:33.052  5274  5274 W AccessibilityNodeInfoDumper: Fetch time: 8ms
01-15 18:37:32.024  3248  3248 V SettingsProvider: Notifying for 0: content://settings/secure/accessibility_enabled
01-15 18:37:33.054  3248  3846 W WindowManager: removeWindowToken: Attempted to remove non-existing token: android.os.Binder@112fa0e
01-15 18:37:33.055  3248  3248 V SettingsProvider: Notifying for 0: content://settings/secure/accessibility_enabled
01-15 18:37:33.056  4324  4423 I A       : NGA disabled due to not being eligible.
01-15 18:37:33.061  5274  5274 D AndroidRuntime: Shutting down VM
01-15 18:37:33.110  3248  3338 I GnssLocationProvider: WakeLock acquired by sendMessage(REPORT_SV_STATUS, 0, com.android.server.location.GnssLocationProvider$SvStatusInfo@308a91a)
01-15 18:37:33.110  3248  3261 I GnssLocationProvider: WakeLock released by handleMessage(REPORT_SV_STATUS, 0, com.android.server.location.GnssLocationProvider$SvStatusInfo@308a91a)
01-15 18:37:34.120  3248  3338 I GnssLocationProvider: WakeLock acquired by sendMessage(REPORT_SV_STATUS, 0, com.android.server.location.GnssLocationProvider$SvStatusInfo@2521c4b)
01-15 18:37:34.121  3248  3261 I GnssLocationProvider: WakeLock released by handleMessage(REPORT_SV_STATUS, 0, com.android.server.location.GnssLocationProvider$SvStatusInfo@2521c4b)
01-15 18:37:34.407  5315  5315 D AndroidRuntime: >>>>>> START com.android.internal.os.RuntimeInit uid 2000 <<<<<<
01-15 18:37:34.409  5315  5315 E cutils-trace: Error opening trace file: No such file or directory (2)
01-15 18:37:34.438  5315  5315 I app_process: The ClassLoaderContext is a special shared library.
01-15 18:37:34.439  5315  5315 I app_process: The ClassLoaderContext is a special shared library.
01-15 18:37:34.449  5315  5315 D AndroidRuntime: Calling main entry com.android.commands.uiautomator.Launcher
01-15 18:37:34.454  4324  4426 I A       : NGA disabled due to not being eligible.
01-15 18:37:35.129  3248  3338 I GnssLocationProvider: WakeLock acquired by sendMessage(REPORT_SV_STATUS, 0, com.android.server.location.GnssLocationProvider$SvStatusInfo@8783ce6)
01-15 18:37:35.130  3248  3261 I GnssLocationProvider: WakeLock released by handleMessage(REPORT_SV_STATUS, 0, com.android.server.location.GnssLocationProvider$SvStatusInfo@8783ce6)
01-15 18:37:35.477  5315  5315 W AccessibilityNodeInfoDumper: Fetch time: 7ms
01-15 18:37:34.453  3248  3248 V SettingsProvider: Notifying for 0: content://settings/secure/accessibility_enabled
01-15 18:37:35.478  3248  5874 W WindowManager: removeWindowToken: Attempted to remove non-existing token: android.os.Binder@e971628
01-15 18:37:35.479  3248  3248 V SettingsProvider: Notifying for 0: content://settings/secure/accessibility_enabled
01-15 18:37:35.482  4324  4423 I A       : NGA disabled due to not being eligible.
01-15 18:37:35.485  5315  5315 D AndroidRuntime: Shutting down VM
01-15 18:37:35.846  3103  3152 E SurfaceFlinger: ro.sf.lcd_density must be defined as a build property
01-15 18:37:35.847  3010  5624 D gralloc_ranchu: gralloc_alloc: Creating ashmem region of size 8298496
01-15 18:37:35.851  5336  5336 E cutils-trace: Error opening trace file: No such file or directory (2)
01-15 18:37:35.856  5336  5336 D HostConnection: createUnique: call
01-15 18:37:35.858  5336  5336 D HostConnection: HostConnection::get() New Host Connection established 0x76c0841640, tid 5336
01-15 18:37:35.859  5336  5336 D HostConnection: HostComposition ext ANDROID_EMU_CHECKSUM_HELPER_v1 ANDROID_EMU_sync_buffer_data GL_OES_EGL_image_external_essl3 GL_OES_vertex_array_object GL_KHR_texture_compression_astc_ldr ANDROID_EMU_host_side_tracing ANDROID_EMU_gles_max_version_3_0 
01-15 18:37:35.992  3248  3261 E memtrack: Couldn't load memtrack module
01-15 18:37:35.992  3248  3261 W android.os.Debug: failed to get memory consumption info: -1
01-15 18:37:35.996  3891  3891 D MediaScannerReceiver: action: android.intent.action.MEDIA_SCANNER_SCAN_FILE path: /storage/emulated/0/screen.png
01-15 18:37:36.130  3248  3338 I GnssLocationProvider: WakeLock acquired by sendMessage(REPORT_SV_STATUS, 0, com.android.server.location.GnssLocationProvider$SvStatusInfo@dfb4172)
01-15 18:37:36.132  3248  3261 I GnssLocationProvider: WakeLock released by handleMessage(REPORT_SV_STATUS, 0, com.android.server.location.GnssLocationProvider$SvStatusInfo@dfb4172)
01-15 18:37:37.141  3248  3338 I GnssLocationProvider: WakeLock acquired by sendMessage(REPORT_SV_STATUS, 0, com.android.server.location.GnssLocationProvider$SvStatusInfo@217c9c3)
01-15 18:37:37.145  3248  3261 I GnssLocationProvider: WakeLock released by handleMessage(REPORT_SV_STATUS, 0, com.android.server.location.GnssLocationProvider$SvStatusInfo@217c9c3)
01-15 18:37:38.144  3248  3338 I GnssLocationProvider: WakeLock acquired by sendMessage(REPORT_SV_STATUS, 0, com.android.server.location.GnssLocationProvider$SvStatusInfo@36c8240)
01-15 18:37:38.145  3248  3261 I GnssLocationProvider: WakeLock released by handleMessage(REPORT_SV_STATUS, 0, com.android.server.location.GnssLocationProvider$SvStatusInfo@36c8240)
01-15 18:37:38.499  5347  5347 D AndroidRuntime: >>>>>> START com.android.internal.os.RuntimeInit uid 2000 <<<<<<
01-15 18:37:38.501  5347  5347 E cutils-trace: Error opening trace file: No such file or directory (2)
01-15 18:37:38.532  5347  5347 I app_process: The ClassLoaderContext is a special shared library.
01-15 18:37:38.532  5347  5347 I app_process: The ClassLoaderContext is a special shared library.
01-15 18:37:38.542  5347  5347 D AndroidRuntime: Calling main entry com.android.commands.uiautomator.Launcher
01-15 18:37:38.550  4324  4426 I A       : NGA disabled due to not being eligible.
01-15 18:37:39.149  3248  3338 I GnssLocationProvider: WakeLock acquired by sendMessage(REPORT_SV_STATUS, 0, com.android.server.location.GnssLocationProvider$SvStatusInfo@ba33f1f)
01-15 18:37:39.150  3248  3261 I GnssLocationProvider: WakeLock released by handleMessage(REPORT_SV_STATUS, 0, com.android.server.location.GnssLocationProvider$SvStatusInfo@ba33f1f)
01-15 18:37:39.575  5347  5347 W AccessibilityNodeInfoDumper: Fetch time: 5ms
01-15 18:37:38.547  3248  3248 V SettingsProvider: Notifying for 0: content://settings/secure/accessibility_enabled
01-15 18:37:39.576  3248  3258 W WindowManager: removeWindowToken: Attempted to remove non-existing token: android.os.Binder@2632579
01-15 18:37:39.577  3248  3248 V SettingsProvider: Notifying for 0: content://settings/secure/accessibility_enabled
01-15 18:37:39.580  4324  4423 I A       : NGA disabled due to not being eligible.
01-15 18:37:39.583  5347  5347 D AndroidRuntime: Shutting down VM
01-15 18:37:40.158  3248  3338 I GnssLocationProvider: WakeLock acquired by sendMessage(REPORT_SV_STATUS, 0, com.android.server.location.GnssLocationProvider$SvStatusInfo@d67a035)
01-15 18:37:40.158  3248  3261 I GnssLocationProvider: WakeLock released by handleMessage(REPORT_SV_STATUS, 0, com.android.server.location.GnssLocationProvider$SvStatusInfo@d67a035)
01-15 18:37:41.167  3248  3338 I GnssLocationProvider: WakeLock acquired by sendMessage(REPORT_SV_STATUS, 0, com.android.server.location.GnssLocationProvider$SvStatusInfo@5ed8cca)
01-15 18:37:41.167  3248  3261 I GnssLocationProvider: WakeLock released by handleMessage(REPORT_SV_STATUS, 0, com.android.server.location.GnssLocationProvider$SvStatusInfo@5ed8cca)
01-15 18:37:41.967  5366  5366 D AndroidRuntime: >>>>>> START com.android.internal.os.RuntimeInit uid 2000 <<<<<<
01-15 18:37:41.968  5366  5366 E cutils-trace: Error opening trace file: No such file or directory (2)
01-15 18:37:41.998  5366  5366 I app_process: The ClassLoaderContext is a special shared library.
01-15 18:37:41.999  5366  5366 I app_process: The ClassLoaderContext is a special shared library.
01-15 18:37:42.008  5366  5366 D AndroidRuntime: Calling main entry com.android.commands.uiautomator.Launcher
01-15 18:37:42.014  4324  4426 I A       : NGA disabled due to not being eligible.
01-15 18:37:42.176  3248  3338 I GnssLocationProvider: WakeLock acquired by sendMessage(REPORT_SV_STATUS, 0, com.android.server.location.GnssLocationProvider$SvStatusInfo@9ff0ab1)
01-15 18:37:42.176  3248  3261 I GnssLocationProvider: WakeLock released by handleMessage(REPORT_SV_STATUS, 0, com.android.server.location.GnssLocationProvider$SvStatusInfo@9ff0ab1)
01-15 18:37:43.043  5366  5366 W AccessibilityNodeInfoDumper: Fetch time: 7ms
01-15 18:37:42.012  3248  3248 V SettingsProvider: Notifying for 0: content://settings/secure/accessibility_enabled
01-15 18:37:43.045  3248  3258 W WindowManager: removeWindowToken: Attempted to remove non-existing token: android.os.Binder@546ae3b
01-15 18:37:43.046  3248  3248 V SettingsProvider: Notifying for 0: content://settings/secure/accessibility_enabled
01-15 18:37:43.049  4324  4423 I A       : NGA disabled due to not being eligible.
01-15 18:37:43.049  5366  5366 D AndroidRuntime: Shutting down VM
01-15 18:37:43.187  3248  3338 I GnssLocationProvider: WakeLock acquired by sendMessage(REPORT_SV_STATUS, 0, com.android.server.location.GnssLocationProvider$SvStatusInfo@fe7f317)
01-15 18:37:43.187  3248  3261 I GnssLocationProvider: WakeLock released by handleMessage(REPORT_SV_STATUS, 0, com.android.server.location.GnssLocationProvider$SvStatusInfo@fe7f317)
01-15 18:37:43.514  5385  5385 D AndroidRuntime: >>>>>> START com.android.internal.os.RuntimeInit uid 2000 <<<<<<
01-15 18:37:43.515  5385  5385 E cutils-trace: Error opening trace file: No such file or directory (2)
01-15 18:37:43.545  5385  5385 I app_process: The ClassLoaderContext is a special shared library.
01-15 18:37:43.545  5385  5385 I app_process: The ClassLoaderContext is a special shared library.
01-15 18:37:43.555  5385  5385 D AndroidRuntime: Calling main entry com.android.commands.uiautomator.Launcher
01-15 18:37:43.561  4324  4426 I A       : NGA disabled due to not being eligible.
01-15 18:37:44.192  3248  3338 I GnssLocationProvider: WakeLock acquired by sendMessage(REPORT_SV_STATUS, 0, com.android.server.location.GnssLocationProvider$SvStatusInfo@ec2eb22)
01-15 18:37:44.192  3248  3261 I GnssLocationProvider: WakeLock released by handleMessage(REPORT_SV_STATUS, 0, com.android.server.location.GnssLocationProvider$SvStatusInfo@ec2eb22)
01-15 18:37:44.582  5385  5385 W AccessibilityNodeInfoDumper: Fetch time: 6ms
01-15 18:37:43.559  3248  3248 V SettingsProvider: Notifying for 0: content://settings/secure/accessibility_enabled
01-15 18:37:44.583  3248  3846 W WindowManager: removeWindowToken: Attempted to remove non-existing token: android.os.Binder@c9db304
01-15 18:37:44.583  3248  3248 V SettingsProvider: Notifying for 0: content://settings/secure/accessibility_enabled
01-15 18:37:44.586  4324  4423 I A       : NGA disabled due to not being eligible.
01-15 18:37:44.586  5385  5385 D AndroidRuntime: Shutting down VM
01-15 18:37:44.976  5404  5404 D AndroidRuntime: >>>>>> START com.android.internal.os.RuntimeInit uid 2000 <<<<<<
01-15 18:37:44.977  5404  5404 E cutils-trace: Error opening trace file: No such file or directory (2)
01-15 18:37:45.007  5404  5404 I app_process: The ClassLoaderContext is a special shared library.
01-15 18:37:45.007  5404  5404 I app_process: The ClassLoaderContext is a special shared library.
01-15 18:37:45.016  5404  5404 D AndroidRuntime: Calling main entry com.android.commands.uiautomator.Launcher
01-15 18:37:45.022  4324  4426 I A       : NGA disabled due to not being eligible.
01-15 18:37:45.196  3248  3338 I GnssLocationProvider: WakeLock acquired by sendMessage(REPORT_SV_STATUS, 0, com.android.server.location.GnssLocationProvider$SvStatusInfo@2c8976e)
01-15 18:37:45.196  3248  3261 I GnssLocationProvider: WakeLock released by handleMessage(REPORT_SV_STATUS, 0, com.android.server.location.GnssLocationProvider$SvStatusInfo@2c8976e)
01-15 18:37:46.045  5404  5404 W AccessibilityNodeInfoDumper: Fetch time: 6ms
01-15 18:37:45.020  3248  3248 V SettingsProvider: Notifying for 0: content://settings/secure/accessibility_enabled
01-15 18:37:46.047  3248  3544 W WindowManager: removeWindowToken: Attempted to remove non-existing token: android.os.Binder@2c4fb70
01-15 18:37:46.048  3248  3248 V SettingsProvider: Notifying for 0: content://settings/secure/accessibility_enabled
01-15 18:37:46.050  4324  4423 I A       : NGA disabled due to not being eligible.
01-15 18:37:46.052  5404  5404 D AndroidRuntime: Shutting down VM
01-15 18:37:46.174  3248  5638 W ActivityManager: Unable to start service Intent { act=com.google.android.gms.photos.autobackup.service.START pkg=com.google.android.gms } U=0: not found
01-15 18:37:46.175  3248  5638 W ActivityManager: Unbind failed: could not find connection for android.os.BinderProxy@eeeb8ff
01-15 18:37:46.183  6274  7036 W native  : jpeg_io.cc:108 File's first two bytes does not match the sequence 216
01-15 18:37:46.202  3248  5638 W ActivityManager: Unable to start service Intent { act=com.google.android.gms.photos.autobackup.service.START pkg=com.google.android.gms } U=0: not found
01-15 18:37:46.203  3248  5638 W ActivityManager: Unbind failed: could not find connection for android.os.BinderProxy@c3ca6cc
01-15 18:37:46.203  3248  3338 I GnssLocationProvider: WakeLock acquired by sendMessage(REPORT_SV_STATUS, 0, com.android.server.location.GnssLocationProvider$SvStatusInfo@e6d5d15)
01-15 18:37:46.203  3248  3261 I GnssLocationProvider: WakeLock released by handleMessage(REPORT_SV_STATUS, 0, com.android.server.location.GnssLocationProvider$SvStatusInfo@e6d5d15)
01-15 18:37:46.502  5428  5428 D AndroidRuntime: >>>>>> START com.android.internal.os.RuntimeInit uid 2000 <<<<<<
01-15 18:37:46.503  5428  5428 E cutils-trace: Error opening trace file: No such file or directory (2)
01-15 18:37:46.533  5428  5428 I app_process: The ClassLoaderContext is a special shared library.
01-15 18:37:46.533  5428  5428 I app_process: The ClassLoaderContext is a special shared library.
01-15 18:37:46.543  5428  5428 D AndroidRuntime: Calling main entry com.android.commands.uiautomator.Launcher
01-15 18:37:46.547  3248  3248 V SettingsProvider: Notifying for 0: content://settings/secure/accessibility_enabled
01-15 18:37:46.549  4324  4426 I A       : NGA disabled due to not being eligible.
01-15 18:37:47.215  3248  3338 I GnssLocationProvider: WakeLock acquired by sendMessage(REPORT_SV_STATUS, 0, com.android.server.location.GnssLocationProvider$SvStatusInfo@df363b8)
01-15 18:37:47.215  3248  3261 I GnssLocationProvider: WakeLock released by handleMessage(REPORT_SV_STATUS, 0, com.android.server.location.GnssLocationProvider$SvStatusInfo@df363b8)
01-15 18:37:47.579  5428  5428 W AccessibilityNodeInfoDumper: Fetch time: 7ms
01-15 18:37:47.582  3248  5638 W WindowManager: removeWindowToken: Attempted to remove non-existing token: android.os.Binder@a2b382a
01-15 18:37:47.583  3248  3248 V SettingsProvider: Notifying for 0: content://settings/secure/accessibility_enabled
01-15 18:37:47.585  4324  4423 I A       : NGA disabled due to not being eligible.
01-15 18:37:47.587  5428  5428 D AndroidRuntime: Shutting down VM
01-15 18:37:47.862  5442  5442 D AndroidRuntime: >>>>>> START com.android.internal.os.RuntimeInit uid 2000 <<<<<<
01-15 18:37:47.864  5442  5442 E cutils-trace: Error opening trace file: No such file or directory (2)
01-15 18:37:47.894  5442  5442 I app_process: The ClassLoaderContext is a special shared library.
01-15 18:37:47.904  5442  5442 D AndroidRuntime: Calling main entry com.android.commands.input.Input
01-15 18:37:47.906  5442  5442 I Input   : injectMotionEvent: MotionEvent { action=ACTION_DOWN, actionButton=0, id[0]=0, x[0]=540.0, y[0]=577.0, toolType[0]=TOOL_TYPE_UNKNOWN, buttonState=0, metaState=0, flags=0x0, edgeFlags=0x0, pointerCount=1, historySize=0, eventTime=13681314, downTime=13681314, deviceId=0, source=0x1002 }
01-15 18:37:47.908  5442  5442 I Input   : injectMotionEvent: MotionEvent { action=ACTION_MOVE, actionButton=0, id[0]=0, x[0]=540.0, y[0]=577.0, toolType[0]=TOOL_TYPE_UNKNOWN, buttonState=0, metaState=0, flags=0x0, edgeFlags=0x0, pointerCount=1, historySize=0, eventTime=13681314, downTime=13681314, deviceId=0, source=0x1002 }
01-15 18:37:47.914  5442  5442 I Input   : injectMotionEvent: MotionEvent { action=ACTION_MOVE, actionButton=0, id[0]=0, x[0]=540.0, y[0]=577.0, toolType[0]=TOOL_TYPE_UNKNOWN, buttonState=0, metaState=0, flags=0x0, edgeFlags=0x0, pointerCount=1, historySize=0, eventTime=13681324, downTime=13681324, deviceId=0, source=0x1002 }
01-15 18:37:47.932  5442  5442 I Input   : injectMotionEvent: MotionEvent { action=ACTION_MOVE, actionButton=0, id[0]=0, x[0]=540.0, y[0]=577.0, toolType[0]=TOOL_TYPE_UNKNOWN, buttonState=0, metaState=0, flags=0x0, edgeFlags=0x0, pointerCount=1, historySize=0, eventTime=13681342, downTime=13681342, deviceId=0, source=0x1002 }
01-15 18:37:47.952  5442  5442 I Input   : injectMotionEvent: MotionEvent { action=ACTION_MOVE, actionButton=0, id[0]=0, x[0]=540.0, y[0]=577.0, toolType[0]=TOOL_TYPE_UNKNOWN, buttonState=0, metaState=0, flags=0x0, edgeFlags=0x0, pointerCount=1, historySize=0, eventTime=13681362, downTime=13681362, deviceId=0, source=0x1002 }
01-15 18:37:47.968  5442  5442 I Input   : injectMotionEvent: MotionEvent { action=ACTION_MOVE, actionButton=0, id[0]=0, x[0]=540.0, y[0]=577.0, toolType[0]=TOOL_TYPE_UNKNOWN, buttonState=0, metaState=0, flags=0x0, edgeFlags=0x0, pointerCount=1, historySize=0, eventTime=13681379, downTime=13681379, deviceId=0, source=0x1002 }
01-15 18:37:47.993  5442  5442 I Input   : injectMotionEvent: MotionEvent { action=ACTION_MOVE, actionButton=0, id[0]=0, x[0]=540.0, y[0]=577.0, toolType[0]=TOOL_TYPE_UNKNOWN, buttonState=0, metaState=0, flags=0x0, edgeFlags=0x0, pointerCount=1, historySize=0, eventTime=13681403, downTime=13681403, deviceId=0, source=0x1002 }
01-15 18:37:48.008  5442  5442 I Input   : injectMotionEvent: MotionEvent { action=ACTION_MOVE, actionButton=0, id[0]=0, x[0]=540.0, y[0]=577.0, toolType[0]=TOOL_TYPE_UNKNOWN, buttonState=0, metaState=0, flags=0x0, edgeFlags=0x0, pointerCount=1, historySize=0, eventTime=13681419, downTime=13681419, deviceId=0, source=0x1002 }
01-15 18:37:48.027  5442  5442 I Input   : injectMotionEvent: MotionEvent { action=ACTION_MOVE, actionButton=0, id[0]=0, x[0]=540.0, y[0]=577.0, toolType[0]=TOOL_TYPE_UNKNOWN, buttonState=0, metaState=0, flags=0x0, edgeFlags=0x0, pointerCount=1, historySize=0, eventTime=13681437, downTime=13681437, deviceId=0, source=0x1002 }
01-15 18:37:48.046  5442  5442 I Input   : injectMotionEvent: MotionEvent { action=ACTION_MOVE, actionButton=0, id[0]=0, x[0]=540.0, y[0]=577.0, toolType[0]=TOOL_TYPE_UNKNOWN, buttonState=0, metaState=0, flags=0x0, edgeFlags=0x0, pointerCount=1, historySize=0, eventTime=13681456, downTime=13681456, deviceId=0, source=0x1002 }
01-15 18:37:48.063  5442  5442 I Input   : injectMotionEvent: MotionEvent { action=ACTION_MOVE, actionButton=0, id[0]=0, x[0]=540.0, y[0]=577.0, toolType[0]=TOOL_TYPE_UNKNOWN, buttonState=0, metaState=0, flags=0x0, edgeFlags=0x0, pointerCount=1, historySize=0, eventTime=13681473, downTime=13681473, deviceId=0, source=0x1002 }
01-15 18:37:48.077  5442  5442 I Input   : injectMotionEvent: MotionEvent { action=ACTION_MOVE, actionButton=0, id[0]=0, x[0]=540.0, y[0]=577.0, toolType[0]=TOOL_TYPE_UNKNOWN, buttonState=0, metaState=0, flags=0x0, edgeFlags=0x0, pointerCount=1, historySize=0, eventTime=13681487, downTime=13681487, deviceId=0, source=0x1002 }
01-15 18:37:48.101  5442  5442 I Input   : injectMotionEvent: MotionEvent { action=ACTION_MOVE, actionButton=0, id[0]=0, x[0]=540.0, y[0]=577.0, toolType[0]=TOOL_TYPE_UNKNOWN, buttonState=0, metaState=0, flags=0x0, edgeFlags=0x0, pointerCount=1, historySize=0, eventTime=13681511, downTime=13681511, deviceId=0, source=0x1002 }
01-15 18:37:48.117  5442  5442 I Input   : injectMotionEvent: MotionEvent { action=ACTION_MOVE, actionButton=0, id[0]=0, x[0]=540.0, y[0]=577.0, toolType[0]=TOOL_TYPE_UNKNOWN, buttonState=0, metaState=0, flags=0x0, edgeFlags=0x0, pointerCount=1, historySize=0, eventTime=13681527, downTime=13681527, deviceId=0, source=0x1002 }
01-15 18:37:48.133  5442  5442 I Input   : injectMotionEvent: MotionEvent { action=ACTION_MOVE, actionButton=0, id[0]=0, x[0]=540.0, y[0]=577.0, toolType[0]=TOOL_TYPE_UNKNOWN, buttonState=0, metaState=0, flags=0x0, edgeFlags=0x0, pointerCount=1, historySize=0, eventTime=13681543, downTime=13681543, deviceId=0, source=0x1002 }
01-15 18:37:48.156  5442  5442 I Input   : injectMotionEvent: MotionEvent { action=ACTION_MOVE, actionButton=0, id[0]=0, x[0]=540.0, y[0]=577.0, toolType[0]=TOOL_TYPE_UNKNOWN, buttonState=0, metaState=0, flags=0x0, edgeFlags=0x0, pointerCount=1, historySize=0, eventTime=13681566, downTime=13681566, deviceId=0, source=0x1002 }
01-15 18:37:48.171  5442  5442 I Input   : injectMotionEvent: MotionEvent { action=ACTION_MOVE, actionButton=0, id[0]=0, x[0]=540.0, y[0]=577.0, toolType[0]=TOOL_TYPE_UNKNOWN, buttonState=0, metaState=0, flags=0x0, edgeFlags=0x0, pointerCount=1, historySize=0, eventTime=13681581, downTime=13681581, deviceId=0, source=0x1002 }
01-15 18:37:48.190  5442  5442 I Input   : injectMotionEvent: MotionEvent { action=ACTION_MOVE, actionButton=0, id[0]=0, x[0]=540.0, y[0]=577.0, toolType[0]=TOOL_TYPE_UNKNOWN, buttonState=0, metaState=0, flags=0x0, edgeFlags=0x0, pointerCount=1, historySize=0, eventTime=13681600, downTime=13681600, deviceId=0, source=0x1002 }
01-15 18:37:48.207  5442  5442 I Input   : injectMotionEvent: MotionEvent { action=ACTION_MOVE, actionButton=0, id[0]=0, x[0]=540.0, y[0]=577.0, toolType[0]=TOOL_TYPE_UNKNOWN, buttonState=0, metaState=0, flags=0x0, edgeFlags=0x0, pointerCount=1, historySize=0, eventTime=13681617, downTime=13681617, deviceId=0, source=0x1002 }
01-15 18:37:48.221  3248  3338 I GnssLocationProvider: WakeLock acquired by sendMessage(REPORT_SV_STATUS, 0, com.android.server.location.GnssLocationProvider$SvStatusInfo@11cacf6)
01-15 18:37:48.221  3248  3261 I GnssLocationProvider: WakeLock released by handleMessage(REPORT_SV_STATUS, 0, com.android.server.location.GnssLocationProvider$SvStatusInfo@11cacf6)
01-15 18:37:48.225  5442  5442 I Input   : injectMotionEvent: MotionEvent { action=ACTION_MOVE, actionButton=0, id[0]=0, x[0]=540.0, y[0]=577.0, toolType[0]=TOOL_TYPE_UNKNOWN, buttonState=0, metaState=0, flags=0x0, edgeFlags=0x0, pointerCount=1, historySize=0, eventTime=13681635, downTime=13681635, deviceId=0, source=0x1002 }
01-15 18:37:48.246  5442  5442 I Input   : injectMotionEvent: MotionEvent { action=ACTION_MOVE, actionButton=0, id[0]=0, x[0]=540.0, y[0]=577.0, toolType[0]=TOOL_TYPE_UNKNOWN, buttonState=0, metaState=0, flags=0x0, edgeFlags=0x0, pointerCount=1, historySize=0, eventTime=13681656, downTime=13681656, deviceId=0, source=0x1002 }
01-15 18:37:48.261  5442  5442 I Input   : injectMotionEvent: MotionEvent { action=ACTION_MOVE, actionButton=0, id[0]=0, x[0]=540.0, y[0]=577.0, toolType[0]=TOOL_TYPE_UNKNOWN, buttonState=0, metaState=0, flags=0x0, edgeFlags=0x0, pointerCount=1, historySize=0, eventTime=13681672, downTime=13681672, deviceId=0, source=0x1002 }
01-15 18:37:48.281  5442  5442 I Input   : injectMotionEvent: MotionEvent { action=ACTION_MOVE, actionButton=0, id[0]=0, x[0]=540.0, y[0]=577.0, toolType[0]=TOOL_TYPE_UNKNOWN, buttonState=0, metaState=0, flags=0x0, edgeFlags=0x0, pointerCount=1, historySize=0, eventTime=13681691, downTime=13681691, deviceId=0, source=0x1002 }
01-15 18:37:48.295  5442  5442 I Input   : injectMotionEvent: MotionEvent { action=ACTION_MOVE, actionButton=0, id[0]=0, x[0]=540.0, y[0]=577.0, toolType[0]=TOOL_TYPE_UNKNOWN, buttonState=0, metaState=0, flags=0x0, edgeFlags=0x0, pointerCount=1, historySize=0, eventTime=13681705, downTime=13681705, deviceId=0, source=0x1002 }
01-15 18:37:48.322  5442  5442 I Input   : injectMotionEvent: MotionEvent { action=ACTION_MOVE, actionButton=0, id[0]=0, x[0]=540.0, y[0]=577.0, toolType[0]=TOOL_TYPE_UNKNOWN, buttonState=0, metaState=0, flags=0x0, edgeFlags=0x0, pointerCount=1, historySize=0, eventTime=13681732, downTime=13681732, deviceId=0, source=0x1002 }
01-15 18:37:48.326 31875 31900 D EGL_emulation: eglMakeCurrent: 0x7931644c60: ver 3 0 (tinfo 0x793160df80)
01-15 18:37:48.330  5442  5442 I Input   : injectMotionEvent: MotionEvent { action=ACTION_MOVE, actionButton=0, id[0]=0, x[0]=540.0, y[0]=577.0, toolType[0]=TOOL_TYPE_UNKNOWN, buttonState=0, metaState=0, flags=0x0, edgeFlags=0x0, pointerCount=1, historySize=0, eventTime=13681740, downTime=13681740, deviceId=0, source=0x1002 }
01-15 18:37:48.351  5442  5442 I Input   : injectMotionEvent: MotionEvent { action=ACTION_MOVE, actionButton=0, id[0]=0, x[0]=540.0, y[0]=577.0, toolType[0]=TOOL_TYPE_UNKNOWN, buttonState=0, metaState=0, flags=0x0, edgeFlags=0x0, pointerCount=1, historySize=0, eventTime=13681762, downTime=13681762, deviceId=0, source=0x1002 }
01-15 18:37:48.371  5442  5442 I Input   : injectMotionEvent: MotionEvent { action=ACTION_MOVE, actionButton=0, id[0]=0, x[0]=540.0, y[0]=577.0, toolType[0]=TOOL_TYPE_UNKNOWN, buttonState=0, metaState=0, flags=0x0, edgeFlags=0x0, pointerCount=1, historySize=0, eventTime=13681781, downTime=13681781, deviceId=0, source=0x1002 }
01-15 18:37:48.390  5442  5442 I Input   : injectMotionEvent: MotionEvent { action=ACTION_MOVE, actionButton=0, id[0]=0, x[0]=540.0, y[0]=577.0, toolType[0]=TOOL_TYPE_UNKNOWN, buttonState=0, metaState=0, flags=0x0, edgeFlags=0x0, pointerCount=1, historySize=0, eventTime=13681800, downTime=13681800, deviceId=0, source=0x1002 }
01-15 18:37:48.406  5442  5442 I Input   : injectMotionEvent: MotionEvent { action=ACTION_MOVE, actionButton=0, id[0]=0, x[0]=540.0, y[0]=577.0, toolType[0]=TOOL_TYPE_UNKNOWN, buttonState=0, metaState=0, flags=0x0, edgeFlags=0x0, pointerCount=1, historySize=0, eventTime=13681816, downTime=13681816, deviceId=0, source=0x1002 }
01-15 18:37:48.425  5442  5442 I Input   : injectMotionEvent: MotionEvent { action=ACTION_MOVE, actionButton=0, id[0]=0, x[0]=540.0, y[0]=577.0, toolType[0]=TOOL_TYPE_UNKNOWN, buttonState=0, metaState=0, flags=0x0, edgeFlags=0x0, pointerCount=1, historySize=0, eventTime=13681835, downTime=13681835, deviceId=0, source=0x1002 }
01-15 18:37:48.440  5442  5442 I Input   : injectMotionEvent: MotionEvent { action=ACTION_MOVE, actionButton=0, id[0]=0, x[0]=540.0, y[0]=577.0, toolType[0]=TOOL_TYPE_UNKNOWN, buttonState=0, metaState=0, flags=0x0, edgeFlags=0x0, pointerCount=1, historySize=0, eventTime=13681850, downTime=13681850, deviceId=0, source=0x1002 }
01-15 18:37:48.462  5442  5442 I Input   : injectMotionEvent: MotionEvent { action=ACTION_MOVE, actionButton=0, id[0]=0, x[0]=540.0, y[0]=577.0, toolType[0]=TOOL_TYPE_UNKNOWN, buttonState=0, metaState=0, flags=0x0, edgeFlags=0x0, pointerCount=1, historySize=0, eventTime=13681872, downTime=13681872, deviceId=0, source=0x1002 }
01-15 18:37:48.479  5442  5442 I Input   : injectMotionEvent: MotionEvent { action=ACTION_MOVE, actionButton=0, id[0]=0, x[0]=540.0, y[0]=577.0, toolType[0]=TOOL_TYPE_UNKNOWN, buttonState=0, metaState=0, flags=0x0, edgeFlags=0x0, pointerCount=1, historySize=0, eventTime=13681889, downTime=13681889, deviceId=0, source=0x1002 }
01-15 18:37:48.498  5442  5442 I Input   : injectMotionEvent: MotionEvent { action=ACTION_MOVE, actionButton=0, id[0]=0, x[0]=540.0, y[0]=577.0, toolType[0]=TOOL_TYPE_UNKNOWN, buttonState=0, metaState=0, flags=0x0, edgeFlags=0x0, pointerCount=1, historySize=0, eventTime=13681909, downTime=13681909, deviceId=0, source=0x1002 }
01-15 18:37:48.514  5442  5442 I Input   : injectMotionEvent: MotionEvent { action=ACTION_MOVE, actionButton=0, id[0]=0, x[0]=540.0, y[0]=577.0, toolType[0]=TOOL_TYPE_UNKNOWN, buttonState=0, metaState=0, flags=0x0, edgeFlags=0x0, pointerCount=1, historySize=0, eventTime=13681924, downTime=13681924, deviceId=0, source=0x1002 }
01-15 18:37:48.535  5442  5442 I Input   : injectMotionEvent: MotionEvent { action=ACTION_MOVE, actionButton=0, id[0]=0, x[0]=540.0, y[0]=577.0, toolType[0]=TOOL_TYPE_UNKNOWN, buttonState=0, metaState=0, flags=0x0, edgeFlags=0x0, pointerCount=1, historySize=0, eventTime=13681945, downTime=13681945, deviceId=0, source=0x1002 }
01-15 18:37:48.548  5442  5442 I Input   : injectMotionEvent: MotionEvent { action=ACTION_MOVE, actionButton=0, id[0]=0, x[0]=540.0, y[0]=577.0, toolType[0]=TOOL_TYPE_UNKNOWN, buttonState=0, metaState=0, flags=0x0, edgeFlags=0x0, pointerCount=1, historySize=0, eventTime=13681959, downTime=13681959, deviceId=0, source=0x1002 }
01-15 18:37:48.569  5442  5442 I Input   : injectMotionEvent: MotionEvent { action=ACTION_MOVE, actionButton=0, id[0]=0, x[0]=540.0, y[0]=577.0, toolType[0]=TOOL_TYPE_UNKNOWN, buttonState=0, metaState=0, flags=0x0, edgeFlags=0x0, pointerCount=1, historySize=0, eventTime=13681979, downTime=13681979, deviceId=0, source=0x1002 }
01-15 18:37:48.588  5442  5442 I Input   : injectMotionEvent: MotionEvent { action=ACTION_MOVE, actionButton=0, id[0]=0, x[0]=540.0, y[0]=577.0, toolType[0]=TOOL_TYPE_UNKNOWN, buttonState=0, metaState=0, flags=0x0, edgeFlags=0x0, pointerCount=1, historySize=0, eventTime=13681998, downTime=13681998, deviceId=0, source=0x1002 }
01-15 18:37:48.605  5442  5442 I Input   : injectMotionEvent: MotionEvent { action=ACTION_MOVE, actionButton=0, id[0]=0, x[0]=540.0, y[0]=577.0, toolType[0]=TOOL_TYPE_UNKNOWN, buttonState=0, metaState=0, flags=0x0, edgeFlags=0x0, pointerCount=1, historySize=0, eventTime=13682016, downTime=13682016, deviceId=0, source=0x1002 }
01-15 18:37:48.624  5442  5442 I Input   : injectMotionEvent: MotionEvent { action=ACTION_MOVE, actionButton=0, id[0]=0, x[0]=540.0, y[0]=577.0, toolType[0]=TOOL_TYPE_UNKNOWN, buttonState=0, metaState=0, flags=0x0, edgeFlags=0x0, pointerCount=1, historySize=0, eventTime=13682034, downTime=13682034, deviceId=0, source=0x1002 }
01-15 18:37:48.641  5442  5442 I Input   : injectMotionEvent: MotionEvent { action=ACTION_MOVE, actionButton=0, id[0]=0, x[0]=540.0, y[0]=577.0, toolType[0]=TOOL_TYPE_UNKNOWN, buttonState=0, metaState=0, flags=0x0, edgeFlags=0x0, pointerCount=1, historySize=0, eventTime=13682051, downTime=13682051, deviceId=0, source=0x1002 }
01-15 18:37:48.660  5442  5442 I Input   : injectMotionEvent: MotionEvent { action=ACTION_MOVE, actionButton=0, id[0]=0, x[0]=540.0, y[0]=577.0, toolType[0]=TOOL_TYPE_UNKNOWN, buttonState=0, metaState=0, flags=0x0, edgeFlags=0x0, pointerCount=1, historySize=0, eventTime=13682071, downTime=13682071, deviceId=0, source=0x1002 }
