01-15 01:34:47.464 10579 10579 I AccessibilityNodeInfoDumper: Skipping invisible child: android.view.accessibility.AccessibilityNodeInfo@8001538c; boundsInParent: Rect(0, 0 - 1080, 1500); boundsInScreen: Rect(1080, 63 - 1080, 1563); packageName: com.easyfitness.debug; className: android.widget.ScrollView; text: null; error: null; maxTextLength: -1; contentDescription: null; viewIdResName: null; checkable: false; checked: false; focusable: true; focused: false; selected: false; clickable: false; longClickable: false; contextClickable: false; enabled: true; password: false; scrollable: false; actions: [AccessibilityAction: ACTION_FOCUS - null, AccessibilityAction: ACTION_SELECT - null, AccessibilityAction: ACTION_CLEAR_SELECTION - null, AccessibilityAction: ACTION_ACCESSIBILITY_FOCUS - null, AccessibilityAction: ACTION_SHOW_ON_SCREEN - null]
01-15 01:34:47.465 10579 10579 I AccessibilityNodeInfoDumper: Skipping invisible child: android.view.accessibility.AccessibilityNodeInfo@80012a41; boundsInParent: Rect(0, 0 - 147, 147); boundsInScreen: Rect(42, 1983 - 189, 1794); packageName: com.easyfitness.debug; className: android.widget.ImageButton; text: null; error: null; maxTextLength: -1; contentDescription: Back; viewIdResName: com.easyfitness.debug:id/mi_button_skip; checkable: false; checked: false; focusable: true; focused: false; selected: false; clickable: true; longClickable: true; contextClickable: false; enabled: true; password: false; scrollable: false; actions: [AccessibilityAction: ACTION_FOCUS - null, AccessibilityAction: ACTION_SELECT - null, AccessibilityAction: ACTION_CLEAR_SELECTION - null, AccessibilityAction: ACTION_CLICK - null, AccessibilityAction: ACTION_LONG_CLICK - null, AccessibilityAction: ACTION_ACCESSIBILITY_FOCUS - null, AccessibilityAction: ACTION_NEXT_AT_MOVEMENT_GRANULARITY - null, AccessibilityAction: ACTION_PREVIOUS_AT_MOVEMENT_GRANULARITY - null, AccessibilityAction: ACTION_SET_SELECTION - null, AccessibilityAction: ACTION_SHOW_ON_SCREEN - null]
01-15 01:34:47.469 10579 10579 W AccessibilityNodeInfoDumper: Fetch time: 9ms
01-15 01:34:47.472  1697  2207 W WindowManager: Attempted to remove non-existing token: android.os.Binder@e4c133e
01-15 01:34:47.482 10579 10579 D AndroidRuntime: Shutting down VM
01-15 01:34:48.640 10613 10613 D AndroidRuntime: >>>>>> START com.android.internal.os.RuntimeInit uid 2000 <<<<<<
01-15 01:34:48.643 10613 10613 D AndroidRuntime: CheckJNI is OFF
01-15 01:34:48.661 10613 10613 W art     : Unexpected CPU variant for X86 using defaults: x86_64
01-15 01:34:48.665 10613 10613 D ICU     : No timezone override file found: /data/local/tmp/misc/zoneinfo/current/icu/icu_tzdata.dat
01-15 01:34:48.686 10613 10613 E memtrack: Couldn't load memtrack module (No such file or directory)
01-15 01:34:48.686 10613 10613 E android.os.Debug: failed to load memtrack module: -2
01-15 01:34:48.687 10613 10613 I Radio-JNI: register_android_hardware_Radio DONE
01-15 01:34:48.694 10613 10613 D AndroidRuntime: Calling main entry com.android.commands.uiautomator.Launcher
01-15 01:34:49.727 10613 10613 I AccessibilityNodeInfoDumper: Skipping invisible child: android.view.accessibility.AccessibilityNodeInfo@80015397; boundsInParent: Rect(0, 0 - 1080, 1500); boundsInScreen: Rect(1080, 63 - 1080, 1563); packageName: com.easyfitness.debug; className: android.widget.ScrollView; text: null; error: null; maxTextLength: -1; contentDescription: null; viewIdResName: null; checkable: false; checked: false; focusable: true; focused: false; selected: false; clickable: false; longClickable: false; contextClickable: false; enabled: true; password: false; scrollable: false; actions: [AccessibilityAction: ACTION_FOCUS - null, AccessibilityAction: ACTION_SELECT - null, AccessibilityAction: ACTION_CLEAR_SELECTION - null, AccessibilityAction: ACTION_ACCESSIBILITY_FOCUS - null, AccessibilityAction: ACTION_SHOW_ON_SCREEN - null]
01-15 01:34:49.727 10613 10613 I AccessibilityNodeInfoDumper: Skipping invisible child: android.view.accessibility.AccessibilityNodeInfo@80012a4c; boundsInParent: Rect(0, 0 - 147, 147); boundsInScreen: Rect(42, 1983 - 189, 1794); packageName: com.easyfitness.debug; className: android.widget.ImageButton; text: null; error: null; maxTextLength: -1; contentDescription: Back; viewIdResName: com.easyfitness.debug:id/mi_button_skip; checkable: false; checked: false; focusable: true; focused: false; selected: false; clickable: true; longClickable: true; contextClickable: false; enabled: true; password: false; scrollable: false; actions: [AccessibilityAction: ACTION_FOCUS - null, AccessibilityAction: ACTION_SELECT - null, AccessibilityAction: ACTION_CLEAR_SELECTION - null, AccessibilityAction: ACTION_CLICK - null, AccessibilityAction: ACTION_LONG_CLICK - null, AccessibilityAction: ACTION_ACCESSIBILITY_FOCUS - null, AccessibilityAction: ACTION_NEXT_AT_MOVEMENT_GRANULARITY - null, AccessibilityAction: ACTION_PREVIOUS_AT_MOVEMENT_GRANULARITY - null, AccessibilityAction: ACTION_SET_SELECTION - null, AccessibilityAction: ACTION_SHOW_ON_SCREEN - null]
01-15 01:34:49.730 10613 10613 W AccessibilityNodeInfoDumper: Fetch time: 6ms
01-15 01:34:49.730  1697  2647 W WindowManager: Attempted to remove non-existing token: android.os.Binder@ddf46ec
01-15 01:34:49.737 10613 10613 D AndroidRuntime: Shutting down VM
01-15 01:34:49.980  1352  2209 E SurfaceFlinger: ro.sf.lcd_density must be defined as a build property
01-15 01:34:49.984  1352  1384 D gralloc_ranchu: gralloc_alloc: Creating ashmem region of size 8294400
01-15 01:34:49.987 10630 10630 D         : HostConnection::get() New Host Connection established 0x7aba6922d4e0, tid 10630
01-15 01:34:50.316 10635 10635 D AndroidRuntime: >>>>>> START com.android.internal.os.RuntimeInit uid 2000 <<<<<<
01-15 01:34:50.319 10635 10635 D AndroidRuntime: CheckJNI is OFF
01-15 01:34:50.340 10635 10635 W art     : Unexpected CPU variant for X86 using defaults: x86_64
01-15 01:34:50.344 10635 10635 D ICU     : No timezone override file found: /data/misc/zoneinfo/current/icu/icu_tzdata.dat
01-15 01:34:50.361 10635 10635 E memtrack: Couldn't load memtrack module (No such file or directory)
01-15 01:34:50.361 10635 10635 E android.os.Debug: failed to load memtrack module: -2
01-15 01:34:50.362 10635 10635 I Radio-JNI: register_android_hardware_Radio DONE
01-15 01:34:50.369 10635 10635 D AndroidRuntime: Calling main entry com.android.commands.am.Am
01-15 01:34:50.382 24860 24860 D MediaScannerReceiver: action: android.intent.action.MEDIA_SCANNER_SCAN_FILE path: /storage/emulated/0/screen.png
01-15 01:34:50.386 10635 10635 D AndroidRuntime: Shutting down VM
01-15 01:34:52.799 10648 10648 D AndroidRuntime: >>>>>> START com.android.internal.os.RuntimeInit uid 2000 <<<<<<
01-15 01:34:52.801 10648 10648 D AndroidRuntime: CheckJNI is OFF
01-15 01:34:52.841 10648 10648 W art     : Unexpected CPU variant for X86 using defaults: x86_64
01-15 01:34:52.845 10648 10648 D ICU     : No timezone override file found: /data/local/tmp/misc/zoneinfo/current/icu/icu_tzdata.dat
01-15 01:34:52.867 10648 10648 E memtrack: Couldn't load memtrack module (No such file or directory)
01-15 01:34:52.867 10648 10648 E android.os.Debug: failed to load memtrack module: -2
01-15 01:34:52.867 10648 10648 I Radio-JNI: register_android_hardware_Radio DONE
01-15 01:34:52.872 10648 10648 D AndroidRuntime: Calling main entry com.android.commands.uiautomator.Launcher
01-15 01:34:53.901 10648 10648 I AccessibilityNodeInfoDumper: Skipping invisible child: android.view.accessibility.AccessibilityNodeInfo@800153a7; boundsInParent: Rect(0, 0 - 1080, 1500); boundsInScreen: Rect(1080, 63 - 1080, 1563); packageName: com.easyfitness.debug; className: android.widget.ScrollView; text: null; error: null; maxTextLength: -1; contentDescription: null; viewIdResName: null; checkable: false; checked: false; focusable: true; focused: false; selected: false; clickable: false; longClickable: false; contextClickable: false; enabled: true; password: false; scrollable: false; actions: [AccessibilityAction: ACTION_FOCUS - null, AccessibilityAction: ACTION_SELECT - null, AccessibilityAction: ACTION_CLEAR_SELECTION - null, AccessibilityAction: ACTION_ACCESSIBILITY_FOCUS - null, AccessibilityAction: ACTION_SHOW_ON_SCREEN - null]
01-15 01:34:53.901 10648 10648 I AccessibilityNodeInfoDumper: Skipping invisible child: android.view.accessibility.AccessibilityNodeInfo@80012a5c; boundsInParent: Rect(0, 0 - 147, 147); boundsInScreen: Rect(42, 1983 - 189, 1794); packageName: com.easyfitness.debug; className: android.widget.ImageButton; text: null; error: null; maxTextLength: -1; contentDescription: Back; viewIdResName: com.easyfitness.debug:id/mi_button_skip; checkable: false; checked: false; focusable: true; focused: false; selected: false; clickable: true; longClickable: true; contextClickable: false; enabled: true; password: false; scrollable: false; actions: [AccessibilityAction: ACTION_FOCUS - null, AccessibilityAction: ACTION_SELECT - null, AccessibilityAction: ACTION_CLEAR_SELECTION - null, AccessibilityAction: ACTION_CLICK - null, AccessibilityAction: ACTION_LONG_CLICK - null, AccessibilityAction: ACTION_ACCESSIBILITY_FOCUS - null, AccessibilityAction: ACTION_NEXT_AT_MOVEMENT_GRANULARITY - null, AccessibilityAction: ACTION_PREVIOUS_AT_MOVEMENT_GRANULARITY - null, AccessibilityAction: ACTION_SET_SELECTION - null, AccessibilityAction: ACTION_SHOW_ON_SCREEN - null]
01-15 01:34:53.903 10648 10648 W AccessibilityNodeInfoDumper: Fetch time: 3ms
01-15 01:34:53.903  1697  2650 W WindowManager: Attempted to remove non-existing token: android.os.Binder@63cdd31
01-15 01:34:53.910 10648 10648 D AndroidRuntime: Shutting down VM
01-15 01:34:56.219 10665 10665 D AndroidRuntime: >>>>>> START com.android.internal.os.RuntimeInit uid 2000 <<<<<<
01-15 01:34:56.221 10665 10665 D AndroidRuntime: CheckJNI is OFF
01-15 01:34:56.240 10665 10665 W art     : Unexpected CPU variant for X86 using defaults: x86_64
01-15 01:34:56.244 10665 10665 D ICU     : No timezone override file found: /data/local/tmp/misc/zoneinfo/current/icu/icu_tzdata.dat
01-15 01:34:56.265 10665 10665 E memtrack: Couldn't load memtrack module (No such file or directory)
01-15 01:34:56.265 10665 10665 E android.os.Debug: failed to load memtrack module: -2
01-15 01:34:56.266 10665 10665 I Radio-JNI: register_android_hardware_Radio DONE
01-15 01:34:56.271 10665 10665 D AndroidRuntime: Calling main entry com.android.commands.uiautomator.Launcher
01-15 01:34:57.306 10665 10665 I AccessibilityNodeInfoDumper: Skipping invisible child: android.view.accessibility.AccessibilityNodeInfo@800153b2; boundsInParent: Rect(0, 0 - 1080, 1500); boundsInScreen: Rect(1080, 63 - 1080, 1563); packageName: com.easyfitness.debug; className: android.widget.ScrollView; text: null; error: null; maxTextLength: -1; contentDescription: null; viewIdResName: null; checkable: false; checked: false; focusable: true; focused: false; selected: false; clickable: false; longClickable: false; contextClickable: false; enabled: true; password: false; scrollable: false; actions: [AccessibilityAction: ACTION_FOCUS - null, AccessibilityAction: ACTION_SELECT - null, AccessibilityAction: ACTION_CLEAR_SELECTION - null, AccessibilityAction: ACTION_ACCESSIBILITY_FOCUS - null, AccessibilityAction: ACTION_SHOW_ON_SCREEN - null]
01-15 01:34:57.306 10665 10665 I AccessibilityNodeInfoDumper: Skipping invisible child: android.view.accessibility.AccessibilityNodeInfo@80012a67; boundsInParent: Rect(0, 0 - 147, 147); boundsInScreen: Rect(42, 1983 - 189, 1794); packageName: com.easyfitness.debug; className: android.widget.ImageButton; text: null; error: null; maxTextLength: -1; contentDescription: Back; viewIdResName: com.easyfitness.debug:id/mi_button_skip; checkable: false; checked: false; focusable: true; focused: false; selected: false; clickable: true; longClickable: true; contextClickable: false; enabled: true; password: false; scrollable: false; actions: [AccessibilityAction: ACTION_FOCUS - null, AccessibilityAction: ACTION_SELECT - null, AccessibilityAction: ACTION_CLEAR_SELECTION - null, AccessibilityAction: ACTION_CLICK - null, AccessibilityAction: ACTION_LONG_CLICK - null, AccessibilityAction: ACTION_ACCESSIBILITY_FOCUS - null, AccessibilityAction: ACTION_NEXT_AT_MOVEMENT_GRANULARITY - null, AccessibilityAction: ACTION_PREVIOUS_AT_MOVEMENT_GRANULARITY - null, AccessibilityAction: ACTION_SET_SELECTION - null, AccessibilityAction: ACTION_SHOW_ON_SCREEN - null]
01-15 01:34:57.308 10665 10665 W AccessibilityNodeInfoDumper: Fetch time: 4ms
01-15 01:34:57.308  1697  1842 W WindowManager: Attempted to remove non-existing token: android.os.Binder@f511b6d
01-15 01:34:57.314 10665 10665 D AndroidRuntime: Shutting down VM
01-15 01:34:57.321 10665 10671 W art     : No such thread id for suspend: 1
01-15 01:34:57.669 10682 10682 D AndroidRuntime: >>>>>> START com.android.internal.os.RuntimeInit uid 2000 <<<<<<
01-15 01:34:57.672 10682 10682 D AndroidRuntime: CheckJNI is OFF
01-15 01:34:57.689 10682 10682 W art     : Unexpected CPU variant for X86 using defaults: x86_64
01-15 01:34:57.694 10682 10682 D ICU     : No timezone override file found: /data/local/tmp/misc/zoneinfo/current/icu/icu_tzdata.dat
01-15 01:34:57.717 10682 10682 E memtrack: Couldn't load memtrack module (No such file or directory)
01-15 01:34:57.717 10682 10682 E android.os.Debug: failed to load memtrack module: -2
01-15 01:34:57.717 10682 10682 I Radio-JNI: register_android_hardware_Radio DONE
01-15 01:34:57.724 10682 10682 D AndroidRuntime: Calling main entry com.android.commands.uiautomator.Launcher
01-15 01:34:58.760 10682 10682 I AccessibilityNodeInfoDumper: Skipping invisible child: android.view.accessibility.AccessibilityNodeInfo@800153c0; boundsInParent: Rect(0, 0 - 1080, 1500); boundsInScreen: Rect(1080, 63 - 1080, 1563); packageName: com.easyfitness.debug; className: android.widget.ScrollView; text: null; error: null; maxTextLength: -1; contentDescription: null; viewIdResName: null; checkable: false; checked: false; focusable: true; focused: false; selected: false; clickable: false; longClickable: false; contextClickable: false; enabled: true; password: false; scrollable: false; actions: [AccessibilityAction: ACTION_FOCUS - null, AccessibilityAction: ACTION_SELECT - null, AccessibilityAction: ACTION_CLEAR_SELECTION - null, AccessibilityAction: ACTION_ACCESSIBILITY_FOCUS - null, AccessibilityAction: ACTION_SHOW_ON_SCREEN - null]
01-15 01:34:58.760 10682 10682 I AccessibilityNodeInfoDumper: Skipping invisible child: android.view.accessibility.AccessibilityNodeInfo@80012a75; boundsInParent: Rect(0, 0 - 147, 147); boundsInScreen: Rect(42, 1983 - 189, 1794); packageName: com.easyfitness.debug; className: android.widget.ImageButton; text: null; error: null; maxTextLength: -1; contentDescription: Back; viewIdResName: com.easyfitness.debug:id/mi_button_skip; checkable: false; checked: false; focusable: true; focused: false; selected: false; clickable: true; longClickable: true; contextClickable: false; enabled: true; password: false; scrollable: false; actions: [AccessibilityAction: ACTION_FOCUS - null, AccessibilityAction: ACTION_SELECT - null, AccessibilityAction: ACTION_CLEAR_SELECTION - null, AccessibilityAction: ACTION_CLICK - null, AccessibilityAction: ACTION_LONG_CLICK - null, AccessibilityAction: ACTION_ACCESSIBILITY_FOCUS - null, AccessibilityAction: ACTION_NEXT_AT_MOVEMENT_GRANULARITY - null, AccessibilityAction: ACTION_PREVIOUS_AT_MOVEMENT_GRANULARITY - null, AccessibilityAction: ACTION_SET_SELECTION - null, AccessibilityAction: ACTION_SHOW_ON_SCREEN - null]
01-15 01:34:58.762 10682 10682 W AccessibilityNodeInfoDumper: Fetch time: 3ms
01-15 01:34:58.762  1697  2651 W WindowManager: Attempted to remove non-existing token: android.os.Binder@b99e833
01-15 01:34:58.768 10682 10682 D AndroidRuntime: Shutting down VM
01-15 01:34:59.130 10699 10699 D AndroidRuntime: >>>>>> START com.android.internal.os.RuntimeInit uid 2000 <<<<<<
01-15 01:34:59.133 10699 10699 D AndroidRuntime: CheckJNI is OFF
01-15 01:34:59.154 10699 10699 W art     : Unexpected CPU variant for X86 using defaults: x86_64
01-15 01:34:59.159 10699 10699 D ICU     : No timezone override file found: /data/local/tmp/misc/zoneinfo/current/icu/icu_tzdata.dat
01-15 01:34:59.184 10699 10699 E memtrack: Couldn't load memtrack module (No such file or directory)
01-15 01:34:59.184 10699 10699 E android.os.Debug: failed to load memtrack module: -2
01-15 01:34:59.184 10699 10699 I Radio-JNI: register_android_hardware_Radio DONE
01-15 01:34:59.190 10699 10699 D AndroidRuntime: Calling main entry com.android.commands.uiautomator.Launcher
01-15 01:35:00.230 10699 10699 I AccessibilityNodeInfoDumper: Skipping invisible child: android.view.accessibility.AccessibilityNodeInfo@800153cd; boundsInParent: Rect(0, 0 - 1080, 1500); boundsInScreen: Rect(1080, 63 - 1080, 1563); packageName: com.easyfitness.debug; className: android.widget.ScrollView; text: null; error: null; maxTextLength: -1; contentDescription: null; viewIdResName: null; checkable: false; checked: false; focusable: true; focused: false; selected: false; clickable: false; longClickable: false; contextClickable: false; enabled: true; password: false; scrollable: false; actions: [AccessibilityAction: ACTION_FOCUS - null, AccessibilityAction: ACTION_SELECT - null, AccessibilityAction: ACTION_CLEAR_SELECTION - null, AccessibilityAction: ACTION_ACCESSIBILITY_FOCUS - null, AccessibilityAction: ACTION_SHOW_ON_SCREEN - null]
01-15 01:35:00.230 10699 10699 I AccessibilityNodeInfoDumper: Skipping invisible child: android.view.accessibility.AccessibilityNodeInfo@80012a82; boundsInParent: Rect(0, 0 - 147, 147); boundsInScreen: Rect(42, 1983 - 189, 1794); packageName: com.easyfitness.debug; className: android.widget.ImageButton; text: null; error: null; maxTextLength: -1; contentDescription: Back; viewIdResName: com.easyfitness.debug:id/mi_button_skip; checkable: false; checked: false; focusable: true; focused: false; selected: false; clickable: true; longClickable: true; contextClickable: false; enabled: true; password: false; scrollable: false; actions: [AccessibilityAction: ACTION_FOCUS - null, AccessibilityAction: ACTION_SELECT - null, AccessibilityAction: ACTION_CLEAR_SELECTION - null, AccessibilityAction: ACTION_CLICK - null, AccessibilityAction: ACTION_LONG_CLICK - null, AccessibilityAction: ACTION_ACCESSIBILITY_FOCUS - null, AccessibilityAction: ACTION_NEXT_AT_MOVEMENT_GRANULARITY - null, AccessibilityAction: ACTION_PREVIOUS_AT_MOVEMENT_GRANULARITY - null, AccessibilityAction: ACTION_SET_SELECTION - null, AccessibilityAction: ACTION_SHOW_ON_SCREEN - null]
01-15 01:35:00.232 10699 10699 W AccessibilityNodeInfoDumper: Fetch time: 4ms
01-15 01:35:00.232  1697  2647 W WindowManager: Attempted to remove non-existing token: android.os.Binder@1f10169
01-15 01:35:00.239 10699 10699 D AndroidRuntime: Shutting down VM
01-15 01:35:00.572 10716 10716 D AndroidRuntime: >>>>>> START com.android.internal.os.RuntimeInit uid 2000 <<<<<<
01-15 01:35:00.575 10716 10716 D AndroidRuntime: CheckJNI is OFF
01-15 01:35:00.594 10716 10716 W art     : Unexpected CPU variant for X86 using defaults: x86_64
01-15 01:35:00.598 10716 10716 D ICU     : No timezone override file found: /data/local/tmp/misc/zoneinfo/current/icu/icu_tzdata.dat
01-15 01:35:00.619 10716 10716 E memtrack: Couldn't load memtrack module (No such file or directory)
01-15 01:35:00.619 10716 10716 E android.os.Debug: failed to load memtrack module: -2
01-15 01:35:00.620 10716 10716 I Radio-JNI: register_android_hardware_Radio DONE
01-15 01:35:00.625 10716 10716 D AndroidRuntime: Calling main entry com.android.commands.uiautomator.Launcher
01-15 01:35:01.656 10716 10716 I AccessibilityNodeInfoDumper: Skipping invisible child: android.view.accessibility.AccessibilityNodeInfo@800153db; boundsInParent: Rect(0, 0 - 1080, 1500); boundsInScreen: Rect(1080, 63 - 1080, 1563); packageName: com.easyfitness.debug; className: android.widget.ScrollView; text: null; error: null; maxTextLength: -1; contentDescription: null; viewIdResName: null; checkable: false; checked: false; focusable: true; focused: false; selected: false; clickable: false; longClickable: false; contextClickable: false; enabled: true; password: false; scrollable: false; actions: [AccessibilityAction: ACTION_FOCUS - null, AccessibilityAction: ACTION_SELECT - null, AccessibilityAction: ACTION_CLEAR_SELECTION - null, AccessibilityAction: ACTION_ACCESSIBILITY_FOCUS - null, AccessibilityAction: ACTION_SHOW_ON_SCREEN - null]
01-15 01:35:01.657 10716 10716 I AccessibilityNodeInfoDumper: Skipping invisible child: android.view.accessibility.AccessibilityNodeInfo@80012a90; boundsInParent: Rect(0, 0 - 147, 147); boundsInScreen: Rect(42, 1983 - 189, 1794); packageName: com.easyfitness.debug; className: android.widget.ImageButton; text: null; error: null; maxTextLength: -1; contentDescription: Back; viewIdResName: com.easyfitness.debug:id/mi_button_skip; checkable: false; checked: false; focusable: true; focused: false; selected: false; clickable: true; longClickable: true; contextClickable: false; enabled: true; password: false; scrollable: false; actions: [AccessibilityAction: ACTION_FOCUS - null, AccessibilityAction: ACTION_SELECT - null, AccessibilityAction: ACTION_CLEAR_SELECTION - null, AccessibilityAction: ACTION_CLICK - null, AccessibilityAction: ACTION_LONG_CLICK - null, AccessibilityAction: ACTION_ACCESSIBILITY_FOCUS - null, AccessibilityAction: ACTION_NEXT_AT_MOVEMENT_GRANULARITY - null, AccessibilityAction: ACTION_PREVIOUS_AT_MOVEMENT_GRANULARITY - null, AccessibilityAction: ACTION_SET_SELECTION - null, AccessibilityAction: ACTION_SHOW_ON_SCREEN - null]
01-15 01:35:01.658 10716 10716 W AccessibilityNodeInfoDumper: Fetch time: 3ms
01-15 01:35:01.658  1697  1842 W WindowManager: Attempted to remove non-existing token: android.os.Binder@c0e74a1
01-15 01:35:01.664 10716 10716 D AndroidRuntime: Shutting down VM
01-15 01:35:02.038 10737 10737 D AndroidRuntime: >>>>>> START com.android.internal.os.RuntimeInit uid 2000 <<<<<<
01-15 01:35:02.040 10737 10737 D AndroidRuntime: CheckJNI is OFF
01-15 01:35:02.059 10737 10737 W art     : Unexpected CPU variant for X86 using defaults: x86_64
01-15 01:35:02.063 10737 10737 D ICU     : No timezone override file found: /data/local/tmp/misc/zoneinfo/current/icu/icu_tzdata.dat
01-15 01:35:02.084 10737 10737 E memtrack: Couldn't load memtrack module (No such file or directory)
01-15 01:35:02.084 10737 10737 E android.os.Debug: failed to load memtrack module: -2
01-15 01:35:02.084 10737 10737 I Radio-JNI: register_android_hardware_Radio DONE
01-15 01:35:02.091 10737 10737 D AndroidRuntime: Calling main entry com.android.commands.uiautomator.Launcher
01-15 01:35:03.126 10737 10737 I AccessibilityNodeInfoDumper: Skipping invisible child: android.view.accessibility.AccessibilityNodeInfo@800153e8; boundsInParent: Rect(0, 0 - 1080, 1500); boundsInScreen: Rect(1080, 63 - 1080, 1563); packageName: com.easyfitness.debug; className: android.widget.ScrollView; text: null; error: null; maxTextLength: -1; contentDescription: null; viewIdResName: null; checkable: false; checked: false; focusable: true; focused: false; selected: false; clickable: false; longClickable: false; contextClickable: false; enabled: true; password: false; scrollable: false; actions: [AccessibilityAction: ACTION_FOCUS - null, AccessibilityAction: ACTION_SELECT - null, AccessibilityAction: ACTION_CLEAR_SELECTION - null, AccessibilityAction: ACTION_ACCESSIBILITY_FOCUS - null, AccessibilityAction: ACTION_SHOW_ON_SCREEN - null]
01-15 01:35:03.126 10737 10737 I AccessibilityNodeInfoDumper: Skipping invisible child: android.view.accessibility.AccessibilityNodeInfo@80012a9d; boundsInParent: Rect(0, 0 - 147, 147); boundsInScreen: Rect(42, 1983 - 189, 1794); packageName: com.easyfitness.debug; className: android.widget.ImageButton; text: null; error: null; maxTextLength: -1; contentDescription: Back; viewIdResName: com.easyfitness.debug:id/mi_button_skip; checkable: false; checked: false; focusable: true; focused: false; selected: false; clickable: true; longClickable: true; contextClickable: false; enabled: true; password: false; scrollable: false; actions: [AccessibilityAction: ACTION_FOCUS - null, AccessibilityAction: ACTION_SELECT - null, AccessibilityAction: ACTION_CLEAR_SELECTION - null, AccessibilityAction: ACTION_CLICK - null, AccessibilityAction: ACTION_LONG_CLICK - null, AccessibilityAction: ACTION_ACCESSIBILITY_FOCUS - null, AccessibilityAction: ACTION_NEXT_AT_MOVEMENT_GRANULARITY - null, AccessibilityAction: ACTION_PREVIOUS_AT_MOVEMENT_GRANULARITY - null, AccessibilityAction: ACTION_SET_SELECTION - null, AccessibilityAction: ACTION_SHOW_ON_SCREEN - null]
01-15 01:35:03.127 10737 10737 W AccessibilityNodeInfoDumper: Fetch time: 3ms
01-15 01:35:03.127  1697  2627 W WindowManager: Attempted to remove non-existing token: android.os.Binder@7d4c687
01-15 01:35:03.132 10737 10737 D AndroidRuntime: Shutting down VM
01-15 01:35:03.392 10749 10749 D AndroidRuntime: >>>>>> START com.android.internal.os.RuntimeInit uid 2000 <<<<<<
01-15 01:35:03.393 10749 10749 D AndroidRuntime: CheckJNI is OFF
01-15 01:35:03.412 10749 10749 W art     : Unexpected CPU variant for X86 using defaults: x86_64
01-15 01:35:03.416 10749 10749 D ICU     : No timezone override file found: /data/misc/zoneinfo/current/icu/icu_tzdata.dat
01-15 01:35:03.432 10749 10749 E memtrack: Couldn't load memtrack module (No such file or directory)
01-15 01:35:03.432 10749 10749 E android.os.Debug: failed to load memtrack module: -2
01-15 01:35:03.433 10749 10749 I Radio-JNI: register_android_hardware_Radio DONE
01-15 01:35:03.438 10749 10749 D AndroidRuntime: Calling main entry com.android.commands.input.Input
01-15 01:35:03.445 10749 10749 I Input   : injectMotionEvent: MotionEvent { action=ACTION_DOWN, actionButton=0, id[0]=0, x[0]=964.0, y[0]=1678.0, toolType[0]=TOOL_TYPE_UNKNOWN, buttonState=0, metaState=0, flags=0x0, edgeFlags=0x0, pointerCount=1, historySize=0, eventTime=79623749, downTime=79623749, deviceId=0, source=0x1002 }
01-15 01:35:03.449 10749 10749 I Input   : injectMotionEvent: MotionEvent { action=ACTION_MOVE, actionButton=0, id[0]=0, x[0]=964.0, y[0]=1678.0, toolType[0]=TOOL_TYPE_UNKNOWN, buttonState=0, metaState=0, flags=0x0, edgeFlags=0x0, pointerCount=1, historySize=0, eventTime=79623749, downTime=79623749, deviceId=0, source=0x1002 }
01-15 01:35:03.455 10749 10749 I Input   : injectMotionEvent: MotionEvent { action=ACTION_MOVE, actionButton=0, id[0]=0, x[0]=964.0, y[0]=1678.0, toolType[0]=TOOL_TYPE_UNKNOWN, buttonState=0, metaState=0, flags=0x0, edgeFlags=0x0, pointerCount=1, historySize=0, eventTime=79623764, downTime=79623764, deviceId=0, source=0x1002 }
01-15 01:35:03.475 10749 10749 I Input   : injectMotionEvent: MotionEvent { action=ACTION_MOVE, actionButton=0, id[0]=0, x[0]=964.0, y[0]=1678.0, toolType[0]=TOOL_TYPE_UNKNOWN, buttonState=0, metaState=0, flags=0x0, edgeFlags=0x0, pointerCount=1, historySize=0, eventTime=79623784, downTime=79623784, deviceId=0, source=0x1002 }
01-15 01:35:03.489 10749 10749 I Input   : injectMotionEvent: MotionEvent { action=ACTION_MOVE, actionButton=0, id[0]=0, x[0]=964.0, y[0]=1678.0, toolType[0]=TOOL_TYPE_UNKNOWN, buttonState=0, metaState=0, flags=0x0, edgeFlags=0x0, pointerCount=1, historySize=0, eventTime=79623798, downTime=79623798, deviceId=0, source=0x1002 }
01-15 01:35:03.507 10749 10749 I Input   : injectMotionEvent: MotionEvent { action=ACTION_MOVE, actionButton=0, id[0]=0, x[0]=964.0, y[0]=1678.0, toolType[0]=TOOL_TYPE_UNKNOWN, buttonState=0, metaState=0, flags=0x0, edgeFlags=0x0, pointerCount=1, historySize=0, eventTime=79623816, downTime=79623816, deviceId=0, source=0x1002 }
01-15 01:35:03.524 10749 10749 I Input   : injectMotionEvent: MotionEvent { action=ACTION_MOVE, actionButton=0, id[0]=0, x[0]=964.0, y[0]=1678.0, toolType[0]=TOOL_TYPE_UNKNOWN, buttonState=0, metaState=0, flags=0x0, edgeFlags=0x0, pointerCount=1, historySize=0, eventTime=79623833, downTime=79623833, deviceId=0, source=0x1002 }
01-15 01:35:03.540 10749 10749 I Input   : injectMotionEvent: MotionEvent { action=ACTION_MOVE, actionButton=0, id[0]=0, x[0]=964.0, y[0]=1678.0, toolType[0]=TOOL_TYPE_UNKNOWN, buttonState=0, metaState=0, flags=0x0, edgeFlags=0x0, pointerCount=1, historySize=0, eventTime=79623848, downTime=79623848, deviceId=0, source=0x1002 }
01-15 01:35:03.555 10749 10749 I Input   : injectMotionEvent: MotionEvent { action=ACTION_MOVE, actionButton=0, id[0]=0, x[0]=964.0, y[0]=1678.0, toolType[0]=TOOL_TYPE_UNKNOWN, buttonState=0, metaState=0, flags=0x0, edgeFlags=0x0, pointerCount=1, historySize=0, eventTime=79623864, downTime=79623864, deviceId=0, source=0x1002 }
01-15 01:35:03.573 10749 10749 I Input   : injectMotionEvent: MotionEvent { action=ACTION_MOVE, actionButton=0, id[0]=0, x[0]=964.0, y[0]=1678.0, toolType[0]=TOOL_TYPE_UNKNOWN, buttonState=0, metaState=0, flags=0x0, edgeFlags=0x0, pointerCount=1, historySize=0, eventTime=79623882, downTime=79623882, deviceId=0, source=0x1002 }
01-15 01:35:03.589 10749 10749 I Input   : injectMotionEvent: MotionEvent { action=ACTION_MOVE, actionButton=0, id[0]=0, x[0]=964.0, y[0]=1678.0, toolType[0]=TOOL_TYPE_UNKNOWN, buttonState=0, metaState=0, flags=0x0, edgeFlags=0x0, pointerCount=1, historySize=0, eventTime=79623898, downTime=79623898, deviceId=0, source=0x1002 }
01-15 01:35:03.605 10749 10749 I Input   : injectMotionEvent: MotionEvent { action=ACTION_MOVE, actionButton=0, id[0]=0, x[0]=964.0, y[0]=1678.0, toolType[0]=TOOL_TYPE_UNKNOWN, buttonState=0, metaState=0, flags=0x0, edgeFlags=0x0, pointerCount=1, historySize=0, eventTime=79623914, downTime=79623914, deviceId=0, source=0x1002 }
01-15 01:35:03.623 10749 10749 I Input   : injectMotionEvent: MotionEvent { action=ACTION_MOVE, actionButton=0, id[0]=0, x[0]=964.0, y[0]=1678.0, toolType[0]=TOOL_TYPE_UNKNOWN, buttonState=0, metaState=0, flags=0x0, edgeFlags=0x0, pointerCount=1, historySize=0, eventTime=79623932, downTime=79623932, deviceId=0, source=0x1002 }
01-15 01:35:03.640 10749 10749 I Input   : injectMotionEvent: MotionEvent { action=ACTION_MOVE, actionButton=0, id[0]=0, x[0]=964.0, y[0]=1678.0, toolType[0]=TOOL_TYPE_UNKNOWN, buttonState=0, metaState=0, flags=0x0, edgeFlags=0x0, pointerCount=1, historySize=0, eventTime=79623949, downTime=79623949, deviceId=0, source=0x1002 }
01-15 01:35:03.656 10749 10749 I Input   : injectMotionEvent: MotionEvent { action=ACTION_MOVE, actionButton=0, id[0]=0, x[0]=964.0, y[0]=1678.0, toolType[0]=TOOL_TYPE_UNKNOWN, buttonState=0, metaState=0, flags=0x0, edgeFlags=0x0, pointerCount=1, historySize=0, eventTime=79623965, downTime=79623965, deviceId=0, source=0x1002 }
01-15 01:35:03.674 10749 10749 I Input   : injectMotionEvent: MotionEvent { action=ACTION_MOVE, actionButton=0, id[0]=0, x[0]=964.0, y[0]=1678.0, toolType[0]=TOOL_TYPE_UNKNOWN, buttonState=0, metaState=0, flags=0x0, edgeFlags=0x0, pointerCount=1, historySize=0, eventTime=79623983, downTime=79623983, deviceId=0, source=0x1002 }
01-15 01:35:03.689 10749 10749 I Input   : injectMotionEvent: MotionEvent { action=ACTION_MOVE, actionButton=0, id[0]=0, x[0]=964.0, y[0]=1678.0, toolType[0]=TOOL_TYPE_UNKNOWN, buttonState=0, metaState=0, flags=0x0, edgeFlags=0x0, pointerCount=1, historySize=0, eventTime=79623998, downTime=79623998, deviceId=0, source=0x1002 }
01-15 01:35:03.705 10749 10749 I Input   : injectMotionEvent: MotionEvent { action=ACTION_MOVE, actionButton=0, id[0]=0, x[0]=964.0, y[0]=1678.0, toolType[0]=TOOL_TYPE_UNKNOWN, buttonState=0, metaState=0, flags=0x0, edgeFlags=0x0, pointerCount=1, historySize=0, eventTime=79624014, downTime=79624014, deviceId=0, source=0x1002 }
01-15 01:35:03.725 10749 10749 I Input   : injectMotionEvent: MotionEvent { action=ACTION_MOVE, actionButton=0, id[0]=0, x[0]=964.0, y[0]=1678.0, toolType[0]=TOOL_TYPE_UNKNOWN, buttonState=0, metaState=0, flags=0x0, edgeFlags=0x0, pointerCount=1, historySize=0, eventTime=79624034, downTime=79624034, deviceId=0, source=0x1002 }
01-15 01:35:03.739 10749 10749 I Input   : injectMotionEvent: MotionEvent { action=ACTION_MOVE, actionButton=0, id[0]=0, x[0]=964.0, y[0]=1678.0, toolType[0]=TOOL_TYPE_UNKNOWN, buttonState=0, metaState=0, flags=0x0, edgeFlags=0x0, pointerCount=1, historySize=0, eventTime=79624048, downTime=79624048, deviceId=0, source=0x1002 }
01-15 01:35:03.755 10749 10749 I Input   : injectMotionEvent: MotionEvent { action=ACTION_MOVE, actionButton=0, id[0]=0, x[0]=964.0, y[0]=1678.0, toolType[0]=TOOL_TYPE_UNKNOWN, buttonState=0, metaState=0, flags=0x0, edgeFlags=0x0, pointerCount=1, historySize=0, eventTime=79624064, downTime=79624064, deviceId=0, source=0x1002 }
01-15 01:35:03.774 10749 10749 I Input   : injectMotionEvent: MotionEvent { action=ACTION_MOVE, actionButton=0, id[0]=0, x[0]=964.0, y[0]=1678.0, toolType[0]=TOOL_TYPE_UNKNOWN, buttonState=0, metaState=0, flags=0x0, edgeFlags=0x0, pointerCount=1, historySize=0, eventTime=79624083, downTime=79624083, deviceId=0, source=0x1002 }
01-15 01:35:03.789 10749 10749 I Input   : injectMotionEvent: MotionEvent { action=ACTION_MOVE, actionButton=0, id[0]=0, x[0]=964.0, y[0]=1678.0, toolType[0]=TOOL_TYPE_UNKNOWN, buttonState=0, metaState=0, flags=0x0, edgeFlags=0x0, pointerCount=1, historySize=0, eventTime=79624098, downTime=79624098, deviceId=0, source=0x1002 }
01-15 01:35:03.807 10749 10749 I Input   : injectMotionEvent: MotionEvent { action=ACTION_MOVE, actionButton=0, id[0]=0, x[0]=964.0, y[0]=1678.0, toolType[0]=TOOL_TYPE_UNKNOWN, buttonState=0, metaState=0, flags=0x0, edgeFlags=0x0, pointerCount=1, historySize=0, eventTime=79624116, downTime=79624116, deviceId=0, source=0x1002 }
01-15 01:35:03.823 10749 10749 I Input   : injectMotionEvent: MotionEvent { action=ACTION_MOVE, actionButton=0, id[0]=0, x[0]=964.0, y[0]=1678.0, toolType[0]=TOOL_TYPE_UNKNOWN, buttonState=0, metaState=0, flags=0x0, edgeFlags=0x0, pointerCount=1, historySize=0, eventTime=79624132, downTime=79624132, deviceId=0, source=0x1002 }
01-15 01:35:03.840 10749 10749 I Input   : injectMotionEvent: MotionEvent { action=ACTION_MOVE, actionButton=0, id[0]=0, x[0]=964.0, y[0]=1678.0, toolType[0]=TOOL_TYPE_UNKNOWN, buttonState=0, metaState=0, flags=0x0, edgeFlags=0x0, pointerCount=1, historySize=0, eventTime=79624149, downTime=79624149, deviceId=0, source=0x1002 }
01-15 01:35:03.856 10749 10749 I Input   : injectMotionEvent: MotionEvent { action=ACTION_MOVE, actionButton=0, id[0]=0, x[0]=964.0, y[0]=1678.0, toolType[0]=TOOL_TYPE_UNKNOWN, buttonState=0, metaState=0, flags=0x0, edgeFlags=0x0, pointerCount=1, historySize=0, eventTime=79624165, downTime=79624165, deviceId=0, source=0x1002 }
01-15 01:35:03.874 10749 10749 I Input   : injectMotionEvent: MotionEvent { action=ACTION_MOVE, actionButton=0, id[0]=0, x[0]=964.0, y[0]=1678.0, toolType[0]=TOOL_TYPE_UNKNOWN, buttonState=0, metaState=0, flags=0x0, edgeFlags=0x0, pointerCount=1, historySize=0, eventTime=79624183, downTime=79624183, deviceId=0, source=0x1002 }
01-15 01:35:03.889 10749 10749 I Input   : injectMotionEvent: MotionEvent { action=ACTION_MOVE, actionButton=0, id[0]=0, x[0]=964.0, y[0]=1678.0, toolType[0]=TOOL_TYPE_UNKNOWN, buttonState=0, metaState=0, flags=0x0, edgeFlags=0x0, pointerCount=1, historySize=0, eventTime=79624198, downTime=79624198, deviceId=0, source=0x1002 }
01-15 01:35:03.905 10749 10749 I Input   : injectMotionEvent: MotionEvent { action=ACTION_MOVE, actionButton=0, id[0]=0, x[0]=964.0, y[0]=1678.0, toolType[0]=TOOL_TYPE_UNKNOWN, buttonState=0, metaState=0, flags=0x0, edgeFlags=0x0, pointerCount=1, historySize=0, eventTime=79624214, downTime=79624214, deviceId=0, source=0x1002 }
01-15 01:35:03.926 10749 10749 I Input   : injectMotionEvent: MotionEvent { action=ACTION_MOVE, actionButton=0, id[0]=0, x[0]=964.0, y[0]=1678.0, toolType[0]=TOOL_TYPE_UNKNOWN, buttonState=0, metaState=0, flags=0x0, edgeFlags=0x0, pointerCount=1, historySize=0, eventTime=79624235, downTime=79624235, deviceId=0, source=0x1002 }
01-15 01:35:03.939 10749 10749 I Input   : injectMotionEvent: MotionEvent { action=ACTION_MOVE, actionButton=0, id[0]=0, x[0]=964.0, y[0]=1678.0, toolType[0]=TOOL_TYPE_UNKNOWN, buttonState=0, metaState=0, flags=0x0, edgeFlags=0x0, pointerCount=1, historySize=0, eventTime=79624248, downTime=79624248, deviceId=0, source=0x1002 }
01-15 01:35:03.955 10749 10749 I Input   : injectMotionEvent: MotionEvent { action=ACTION_MOVE, actionButton=0, id[0]=0, x[0]=964.0, y[0]=1678.0, toolType[0]=TOOL_TYPE_UNKNOWN, buttonState=0, metaState=0, flags=0x0, edgeFlags=0x0, pointerCount=1, historySize=0, eventTime=79624264, downTime=79624264, deviceId=0, source=0x1002 }
01-15 01:35:03.973 10749 10749 I Input   : injectMotionEvent: MotionEvent { action=ACTION_MOVE, actionButton=0, id[0]=0, x[0]=964.0, y[0]=1678.0, toolType[0]=TOOL_TYPE_UNKNOWN, buttonState=0, metaState=0, flags=0x0, edgeFlags=0x0, pointerCount=1, historySize=0, eventTime=79624282, downTime=79624282, deviceId=0, source=0x1002 }
01-15 01:35:03.998 10749 10749 I Input   : injectMotionEvent: MotionEvent { action=ACTION_MOVE, actionButton=0, id[0]=0, x[0]=964.0, y[0]=1678.0, toolType[0]=TOOL_TYPE_UNKNOWN, buttonState=0, metaState=0, flags=0x0, edgeFlags=0x0, pointerCount=1, historySize=0, eventTime=79624307, downTime=79624307, deviceId=0, source=0x1002 }
01-15 01:35:04.001  9361  9381 D EGL_emulation: eglMakeCurrent: 0x7de1da0ce340: ver 3 0 (tinfo 0x7de1da0aba20)
01-15 01:35:04.029  9361  9381 D EGL_emulation: eglMakeCurrent: 0x7de1da0ce340: ver 3 0 (tinfo 0x7de1da0aba20)
01-15 01:35:04.032 10749 10749 I Input   : injectMotionEvent: MotionEvent { action=ACTION_MOVE, actionButton=0, id[0]=0, x[0]=964.0, y[0]=1678.0, toolType[0]=TOOL_TYPE_UNKNOWN, buttonState=0, metaState=0, flags=0x0, edgeFlags=0x0, pointerCount=1, historySize=0, eventTime=79624341, downTime=79624341, deviceId=0, source=0x1002 }
01-15 01:35:04.055 10749 10749 I Input   : injectMotionEvent: MotionEvent { action=ACTION_MOVE, actionButton=0, id[0]=0, x[0]=964.0, y[0]=1678.0, toolType[0]=TOOL_TYPE_UNKNOWN, buttonState=0, metaState=0, flags=0x0, edgeFlags=0x0, pointerCount=1, historySize=0, eventTime=79624364, downTime=79624364, deviceId=0, source=0x1002 }
01-15 01:35:04.073 10749 10749 I Input   : injectMotionEvent: MotionEvent { action=ACTION_MOVE, actionButton=0, id[0]=0, x[0]=964.0, y[0]=1678.0, toolType[0]=TOOL_TYPE_UNKNOWN, buttonState=0, metaState=0, flags=0x0, edgeFlags=0x0, pointerCount=1, historySize=0, eventTime=79624382, downTime=79624382, deviceId=0, source=0x1002 }
01-15 01:35:04.090 10749 10749 I Input   : injectMotionEvent: MotionEvent { action=ACTION_MOVE, actionButton=0, id[0]=0, x[0]=964.0, y[0]=1678.0, toolType[0]=TOOL_TYPE_UNKNOWN, buttonState=0, metaState=0, flags=0x0, edgeFlags=0x0, pointerCount=1, historySize=0, eventTime=79624398, downTime=79624398, deviceId=0, source=0x1002 }
01-15 01:35:04.105 10749 10749 I Input   : injectMotionEvent: MotionEvent { action=ACTION_MOVE, actionButton=0, id[0]=0, x[0]=964.0, y[0]=1678.0, toolType[0]=TOOL_TYPE_UNKNOWN, buttonState=0, metaState=0, flags=0x0, edgeFlags=0x0, pointerCount=1, historySize=0, eventTime=79624414, downTime=79624414, deviceId=0, source=0x1002 }
01-15 01:35:04.126 10749 10749 I Input   : injectMotionEvent: MotionEvent { action=ACTION_MOVE, actionButton=0, id[0]=0, x[0]=964.0, y[0]=1678.0, toolType[0]=TOOL_TYPE_UNKNOWN, buttonState=0, metaState=0, flags=0x0, edgeFlags=0x0, pointerCount=1, historySize=0, eventTime=79624435, downTime=79624435, deviceId=0, source=0x1002 }
01-15 01:35:04.141 10749 10749 I Input   : injectMotionEvent: MotionEvent { action=ACTION_MOVE, actionButton=0, id[0]=0, x[0]=964.0, y[0]=1678.0, toolType[0]=TOOL_TYPE_UNKNOWN, buttonState=0, metaState=0, flags=0x0, edgeFlags=0x0, pointerCount=1, historySize=0, eventTime=79624450, downTime=79624450, deviceId=0, source=0x1002 }
01-15 01:35:04.157 10749 10749 I Input   : injectMotionEvent: MotionEvent { action=ACTION_MOVE, actionButton=0, id[0]=0, x[0]=964.0, y[0]=1678.0, toolType[0]=TOOL_TYPE_UNKNOWN, buttonState=0, metaState=0, flags=0x0, edgeFlags=0x0, pointerCount=1, historySize=0, eventTime=79624466, downTime=79624466, deviceId=0, source=0x1002 }
01-15 01:35:04.176 10749 10749 I Input   : injectMotionEvent: MotionEvent { action=ACTION_MOVE, actionButton=0, id[0]=0, x[0]=964.0, y[0]=1678.0, toolType[0]=TOOL_TYPE_UNKNOWN, buttonState=0, metaState=0, flags=0x0, edgeFlags=0x0, pointerCount=1, historySize=0, eventTime=79624485, downTime=79624485, deviceId=0, source=0x1002 }
01-15 01:35:04.194 10749 10749 I Input   : injectMotionEvent: MotionEvent { action=ACTION_MOVE, actionButton=0, id[0]=0, x[0]=964.0, y[0]=1678.0, toolType[0]=TOOL_TYPE_UNKNOWN, buttonState=0, metaState=0, flags=0x0, edgeFlags=0x0, pointerCount=1, historySize=0, eventTime=79624503, downTime=79624503, deviceId=0, source=0x1002 }
01-15 01:35:04.206 10749 10749 I Input   : injectMotionEvent: MotionEvent { action=ACTION_MOVE, actionButton=0, id[0]=0, x[0]=964.0, y[0]=1678.0, toolType[0]=TOOL_TYPE_UNKNOWN, buttonState=0, metaState=0, flags=0x0, edgeFlags=0x0, pointerCount=1, historySize=0, eventTime=79624515, downTime=79624515, deviceId=0, source=0x1002 }
01-15 01:35:04.223 10749 10749 I Input   : injectMotionEvent: MotionEvent { action=ACTION_MOVE, actionButton=0, id[0]=0, x[0]=964.0, y[0]=1678.0, toolType[0]=TOOL_TYPE_UNKNOWN, buttonState=0, metaState=0, flags=0x0, edgeFlags=0x0, pointerCount=1, historySize=0, eventTime=79624532, downTime=79624532, deviceId=0, source=0x1002 }
01-15 01:35:04.239 10749 10749 I Input   : injectMotionEvent: MotionEvent { action=ACTION_MOVE, actionButton=0, id[0]=0, x[0]=964.0, y[0]=1678.0, toolType[0]=TOOL_TYPE_UNKNOWN, buttonState=0, metaState=0, flags=0x0, edgeFlags=0x0, pointerCount=1, historySize=0, eventTime=79624548, downTime=79624548, deviceId=0, source=0x1002 }
01-15 01:35:04.255 10749 10749 I Input   : injectMotionEvent: MotionEvent { action=ACTION_MOVE, actionButton=0, id[0]=0, x[0]=964.0, y[0]=1678.0, toolType[0]=TOOL_TYPE_UNKNOWN, buttonState=0, metaState=0, flags=0x0, edgeFlags=0x0, pointerCount=1, historySize=0, eventTime=79624564, downTime=79624564, deviceId=0, source=0x1002 }
01-15 01:35:04.276 10749 10749 I Input   : injectMotionEvent: MotionEvent { action=ACTION_MOVE, actionButton=0, id[0]=0, x[0]=964.0, y[0]=1678.0, toolType[0]=TOOL_TYPE_UNKNOWN, buttonState=0, metaState=0, flags=0x0, edgeFlags=0x0, pointerCount=1, historySize=0, eventTime=79624585, downTime=79624585, deviceId=0, source=0x1002 }
01-15 01:35:04.290 10749 10749 I Input   : injectMotionEvent: MotionEvent { action=ACTION_MOVE, actionButton=0, id[0]=0, x[0]=964.0, y[0]=1678.0, toolType[0]=TOOL_TYPE_UNKNOWN, buttonState=0, metaState=0, flags=0x0, edgeFlags=0x0, pointerCount=1, historySize=0, eventTime=79624599, downTime=79624599, deviceId=0, source=0x1002 }
01-15 01:35:04.305 10749 10749 I Input   : injectMotionEvent: MotionEvent { action=ACTION_MOVE, actionButton=0, id[0]=0, x[0]=964.0, y[0]=1678.0, toolType[0]=TOOL_TYPE_UNKNOWN, buttonState=0, metaState=0, flags=0x0, edgeFlags=0x0, pointerCount=1, historySize=0, eventTime=79624614, downTime=79624614, deviceId=0, source=0x1002 }
01-15 01:35:04.323 10749 10749 I Input   : injectMotionEvent: MotionEvent { action=ACTION_MOVE, actionButton=0, id[0]=0, x[0]=964.0, y[0]=1678.0, toolType[0]=TOOL_TYPE_UNKNOWN, buttonState=0, metaState=0, flags=0x0, edgeFlags=0x0, pointerCount=1, historySize=0, eventTime=79624632, downTime=79624632, deviceId=0, source=0x1002 }
01-15 01:35:04.341 10749 10749 I Input   : injectMotionEvent: MotionEvent { action=ACTION_MOVE, actionButton=0, id[0]=0, x[0]=964.0, y[0]=1678.0, toolType[0]=TOOL_TYPE_UNKNOWN, buttonState=0, metaState=0, flags=0x0, edgeFlags=0x0, pointerCount=1, historySize=0, eventTime=79624650, downTime=79624650, deviceId=0, source=0x1002 }
01-15 01:35:04.357 10749 10749 I Input   : injectMotionEvent: MotionEvent { action=ACTION_MOVE, actionButton=0, id[0]=0, x[0]=964.0, y[0]=1678.0, toolType[0]=TOOL_TYPE_UNKNOWN, buttonState=0, metaState=0, flags=0x0, edgeFlags=0x0, pointerCount=1, historySize=0, eventTime=79624666, downTime=79624666, deviceId=0, source=0x1002 }
01-15 01:35:04.373 10749 10749 I Input   : injectMotionEvent: MotionEvent { action=ACTION_MOVE, actionButton=0, id[0]=0, x[0]=964.0, y[0]=1678.0, toolType[0]=TOOL_TYPE_UNKNOWN, buttonState=0, metaState=0, flags=0x0, edgeFlags=0x0, pointerCount=1, historySize=0, eventTime=79624682, downTime=79624682, deviceId=0, source=0x1002 }
01-15 01:35:04.393 10749 10749 I Input   : injectMotionEvent: MotionEvent { action=ACTION_MOVE, actionButton=0, id[0]=0, x[0]=964.0, y[0]=1678.0, toolType[0]=TOOL_TYPE_UNKNOWN, buttonState=0, metaState=0, flags=0x0, edgeFlags=0x0, pointerCount=1, historySize=0, eventTime=79624702, downTime=79624702, deviceId=0, source=0x1002 }
01-15 01:35:04.407 10749 10749 I Input   : injectMotionEvent: MotionEvent { action=ACTION_MOVE, actionButton=0, id[0]=0, x[0]=964.0, y[0]=1678.0, toolType[0]=TOOL_TYPE_UNKNOWN, buttonState=0, metaState=0, flags=0x0, edgeFlags=0x0, pointerCount=1, historySize=0, eventTime=79624716, downTime=79624716, deviceId=0, source=0x1002 }
01-15 01:35:04.427 10749 10749 I Input   : injectMotionEvent: MotionEvent { action=ACTION_MOVE, actionButton=0, id[0]=0, x[0]=964.0, y[0]=1678.0, toolType[0]=TOOL_TYPE_UNKNOWN, buttonState=0, metaState=0, flags=0x0, edgeFlags=0x0, pointerCount=1, historySize=0, eventTime=79624736, downTime=79624736, deviceId=0, source=0x1002 }
01-15 01:35:04.442 10749 10749 I Input   : injectMotionEvent: MotionEvent { action=ACTION_MOVE, actionButton=0, id[0]=0, x[0]=964.0, y[0]=1678.0, toolType[0]=TOOL_TYPE_UNKNOWN, buttonState=0, metaState=0, flags=0x0, edgeFlags=0x0, pointerCount=1, historySize=0, eventTime=79624751, downTime=79624751, deviceId=0, source=0x1002 }
01-15 01:35:04.455 10749 10749 I Input   : injectMotionEvent: MotionEvent { action=ACTION_MOVE, actionButton=0, id[0]=0, x[0]=964.0, y[0]=1678.0, toolType[0]=TOOL_TYPE_UNKNOWN, buttonState=0, metaState=0, flags=0x0, edgeFlags=0x0, pointerCount=1, historySize=0, eventTime=79624764, downTime=79624764, deviceId=0, source=0x1002 }
01-15 01:35:04.475 10749 10749 I Input   : injectMotionEvent: MotionEvent { action=ACTION_MOVE, actionButton=0, id[0]=0, x[0]=964.0, y[0]=1678.0, toolType[0]=TOOL_TYPE_UNKNOWN, buttonState=0, metaState=0, flags=0x0, edgeFlags=0x0, pointerCount=1, historySize=0, eventTime=79624784, downTime=79624784, deviceId=0, source=0x1002 }
01-15 01:35:04.490 10749 10749 I Input   : injectMotionEvent: MotionEvent { action=ACTION_MOVE, actionButton=0, id[0]=0, x[0]=964.0, y[0]=1678.0, toolType[0]=TOOL_TYPE_UNKNOWN, buttonState=0, metaState=0, flags=0x0, edgeFlags=0x0, pointerCount=1, historySize=0, eventTime=79624799, downTime=79624799, deviceId=0, source=0x1002 }
01-15 01:35:04.507 10749 10749 I Input   : injectMotionEvent: MotionEvent { action=ACTION_MOVE, actionButton=0, id[0]=0, x[0]=964.0, y[0]=1678.0, toolType[0]=TOOL_TYPE_UNKNOWN, buttonState=0, metaState=0, flags=0x0, edgeFlags=0x0, pointerCount=1, historySize=0, eventTime=79624816, downTime=79624816, deviceId=0, source=0x1002 }
01-15 01:35:04.527 10749 10749 I Input   : injectMotionEvent: MotionEvent { action=ACTION_MOVE, actionButton=0, id[0]=0, x[0]=964.0, y[0]=1678.0, toolType[0]=TOOL_TYPE_UNKNOWN, buttonState=0, metaState=0, flags=0x0, edgeFlags=0x0, pointerCount=1, historySize=0, eventTime=79624836, downTime=79624836, deviceId=0, source=0x1002 }
01-15 01:35:04.543 10749 10749 I Input   : injectMotionEvent: MotionEvent { action=ACTION_MOVE, actionButton=0, id[0]=0, x[0]=964.0, y[0]=1678.0, toolType[0]=TOOL_TYPE_UNKNOWN, buttonState=0, metaState=0, flags=0x0, edgeFlags=0x0, pointerCount=1, historySize=0, eventTime=79624852, downTime=79624852, deviceId=0, source=0x1002 }
01-15 01:35:04.555 10749 10749 I Input   : injectMotionEvent: MotionEvent { action=ACTION_MOVE, actionButton=0, id[0]=0, x[0]=964.0, y[0]=1678.0, toolType[0]=TOOL_TYPE_UNKNOWN, buttonState=0, metaState=0, flags=0x0, edgeFlags=0x0, pointerCount=1, historySize=0, eventTime=79624864, downTime=79624864, deviceId=0, source=0x1002 }
01-15 01:35:04.576 10749 10749 I Input   : injectMotionEvent: MotionEvent { action=ACTION_MOVE, actionButton=0, id[0]=0, x[0]=964.0, y[0]=1678.0, toolType[0]=TOOL_TYPE_UNKNOWN, buttonState=0, metaState=0, flags=0x0, edgeFlags=0x0, pointerCount=1, historySize=0, eventTime=79624885, downTime=79624885, deviceId=0, source=0x1002 }
01-15 01:35:04.591 10749 10749 I Input   : injectMotionEvent: MotionEvent { action=ACTION_MOVE, actionButton=0, id[0]=0, x[0]=964.0, y[0]=1678.0, toolType[0]=TOOL_TYPE_UNKNOWN, buttonState=0, metaState=0, flags=0x0, edgeFlags=0x0, pointerCount=1, historySize=0, eventTime=79624900, downTime=79624900, deviceId=0, source=0x1002 }
01-15 01:35:04.606 10749 10749 I Input   : injectMotionEvent: MotionEvent { action=ACTION_MOVE, actionButton=0, id[0]=0, x[0]=964.0, y[0]=1678.0, toolType[0]=TOOL_TYPE_UNKNOWN, buttonState=0, metaState=0, flags=0x0, edgeFlags=0x0, pointerCount=1, historySize=0, eventTime=79624915, downTime=79624915, deviceId=0, source=0x1002 }
01-15 01:35:04.625 10749 10749 I Input   : injectMotionEvent: MotionEvent { action=ACTION_MOVE, actionButton=0, id[0]=0, x[0]=964.0, y[0]=1678.0, toolType[0]=TOOL_TYPE_UNKNOWN, buttonState=0, metaState=0, flags=0x0, edgeFlags=0x0, pointerCount=1, historySize=0, eventTime=79624934, downTime=79624934, deviceId=0, source=0x1002 }
01-15 01:35:04.641 10749 10749 I Input   : injectMotionEvent: MotionEvent { action=ACTION_MOVE, actionButton=0, id[0]=0, x[0]=964.0, y[0]=1678.0, toolType[0]=TOOL_TYPE_UNKNOWN, buttonState=0, metaState=0, flags=0x0, edgeFlags=0x0, pointerCount=1, historySize=0, eventTime=79624950, downTime=79624950, deviceId=0, source=0x1002 }
