12-20 20:13:32.010 22679 22679 I AccessibilityNodeInfoDumper: Skipping invisible child: android.view.accessibility.AccessibilityNodeInfo@8002b82a; boundsInParent: Rect(0, 0 - 63, 105); boundsInScreen: Rect(42, 252 - 105, 357); packageName: com.android.documentsui; className: android.widget.ImageView; text: null; error: null; maxTextLength: -1; contentDescription: null; viewIdResName: com.android.documentsui:id/icon_mime; checkable: false; checked: false; focusable: false; focused: false; selected: false; clickable: false; longClickable: false; contextClickable: false; enabled: true; password: false; scrollable: false; actions: [AccessibilityAction: ACTION_SELECT - null, AccessibilityAction: ACTION_CLEAR_SELECTION - null, AccessibilityAction: ACTION_ACCESSIBILITY_FOCUS - null, AccessibilityAction: ACTION_UNKNOWN - null]
12-20 20:13:32.011 22679 22679 I AccessibilityNodeInfoDumper: Skipping invisible child: android.view.accessibility.AccessibilityNodeInfo@80029661; boundsInParent: Rect(0, 0 - 63, 105); boundsInScreen: Rect(42, 444 - 105, 549); packageName: com.android.documentsui; className: android.widget.ImageView; text: null; error: null; maxTextLength: -1; contentDescription: null; viewIdResName: com.android.documentsui:id/icon_mime; checkable: false; checked: false; focusable: false; focused: false; selected: false; clickable: false; longClickable: false; contextClickable: false; enabled: true; password: false; scrollable: false; actions: [AccessibilityAction: ACTION_SELECT - null, AccessibilityAction: ACTION_CLEAR_SELECTION - null, AccessibilityAction: ACTION_ACCESSIBILITY_FOCUS - null, AccessibilityAction: ACTION_UNKNOWN - null]
12-20 20:13:32.012 22679 22679 I AccessibilityNodeInfoDumper: Skipping invisible child: android.view.accessibility.AccessibilityNodeInfo@8001e5f2; boundsInParent: Rect(0, 0 - 1080, 0); boundsInScreen: Rect(0, 1794 - 1080, 1794); packageName: com.android.documentsui; className: android.widget.FrameLayout; text: null; error: null; maxTextLength: -1; contentDescription: null; viewIdResName: com.android.documentsui:id/container_save; checkable: false; checked: false; focusable: false; focused: false; selected: false; clickable: false; longClickable: false; contextClickable: false; enabled: true; password: false; scrollable: false; actions: [AccessibilityAction: ACTION_SELECT - null, AccessibilityAction: ACTION_CLEAR_SELECTION - null, AccessibilityAction: ACTION_ACCESSIBILITY_FOCUS - null, AccessibilityAction: ACTION_UNKNOWN - null]
12-20 20:13:32.015 22679 22679 W AccessibilityNodeInfoDumper: Fetch time: 12ms
12-20 20:13:32.016  1627  2001 W WindowManager: Attempted to remove non-existing token: android.os.Binder@25fc2f2
12-20 20:13:32.036 22679 22679 D AndroidRuntime: Shutting down VM
12-20 20:13:32.440 22695 22695 D AndroidRuntime: >>>>>> START com.android.internal.os.RuntimeInit uid 0 <<<<<<
12-20 20:13:32.442 22695 22695 D AndroidRuntime: CheckJNI is ON
12-20 20:13:32.449 22695 22695 D ICU     : No timezone override file found: /data/misc/zoneinfo/current/icu/icu_tzdata.dat
12-20 20:13:32.462 22695 22695 E memtrack: Couldn't load memtrack module (No such file or directory)
12-20 20:13:32.462 22695 22695 E android.os.Debug: failed to load memtrack module: -2
12-20 20:13:32.463 22695 22695 I Radio-JNI: register_android_hardware_Radio DONE
12-20 20:13:32.468 22695 22695 D AndroidRuntime: Calling main entry com.android.commands.uiautomator.Launcher
12-20 20:13:33.512 22695 22695 I AccessibilityNodeInfoDumper: Skipping invisible child: android.view.accessibility.AccessibilityNodeInfo@8002b83a; boundsInParent: Rect(0, 0 - 63, 105); boundsInScreen: Rect(42, 252 - 105, 357); packageName: com.android.documentsui; className: android.widget.ImageView; text: null; error: null; maxTextLength: -1; contentDescription: null; viewIdResName: com.android.documentsui:id/icon_mime; checkable: false; checked: false; focusable: false; focused: false; selected: false; clickable: false; longClickable: false; contextClickable: false; enabled: true; password: false; scrollable: false; actions: [AccessibilityAction: ACTION_SELECT - null, AccessibilityAction: ACTION_CLEAR_SELECTION - null, AccessibilityAction: ACTION_ACCESSIBILITY_FOCUS - null, AccessibilityAction: ACTION_UNKNOWN - null]
12-20 20:13:33.512 22695 22695 I AccessibilityNodeInfoDumper: Skipping invisible child: android.view.accessibility.AccessibilityNodeInfo@80029671; boundsInParent: Rect(0, 0 - 63, 105); boundsInScreen: Rect(42, 444 - 105, 549); packageName: com.android.documentsui; className: android.widget.ImageView; text: null; error: null; maxTextLength: -1; contentDescription: null; viewIdResName: com.android.documentsui:id/icon_mime; checkable: false; checked: false; focusable: false; focused: false; selected: false; clickable: false; longClickable: false; contextClickable: false; enabled: true; password: false; scrollable: false; actions: [AccessibilityAction: ACTION_SELECT - null, AccessibilityAction: ACTION_CLEAR_SELECTION - null, AccessibilityAction: ACTION_ACCESSIBILITY_FOCUS - null, AccessibilityAction: ACTION_UNKNOWN - null]
12-20 20:13:33.512 22695 22695 I AccessibilityNodeInfoDumper: Skipping invisible child: android.view.accessibility.AccessibilityNodeInfo@8001e602; boundsInParent: Rect(0, 0 - 1080, 0); boundsInScreen: Rect(0, 1794 - 1080, 1794); packageName: com.android.documentsui; className: android.widget.FrameLayout; text: null; error: null; maxTextLength: -1; contentDescription: null; viewIdResName: com.android.documentsui:id/container_save; checkable: false; checked: false; focusable: false; focused: false; selected: false; clickable: false; longClickable: false; contextClickable: false; enabled: true; password: false; scrollable: false; actions: [AccessibilityAction: ACTION_SELECT - null, AccessibilityAction: ACTION_CLEAR_SELECTION - null, AccessibilityAction: ACTION_ACCESSIBILITY_FOCUS - null, AccessibilityAction: ACTION_UNKNOWN - null]
12-20 20:13:33.514 22695 22695 W AccessibilityNodeInfoDumper: Fetch time: 8ms
12-20 20:13:33.514  1627  1976 W WindowManager: Attempted to remove non-existing token: android.os.Binder@957ed43
12-20 20:13:33.535 22695 22695 D AndroidRuntime: Shutting down VM
12-20 20:13:34.543 22718 22718 D AndroidRuntime: >>>>>> START com.android.internal.os.RuntimeInit uid 0 <<<<<<
12-20 20:13:34.544 22718 22718 D AndroidRuntime: CheckJNI is ON
12-20 20:13:34.552 22718 22718 D ICU     : No timezone override file found: /data/misc/zoneinfo/current/icu/icu_tzdata.dat
12-20 20:13:34.565 22718 22718 E memtrack: Couldn't load memtrack module (No such file or directory)
12-20 20:13:34.565 22718 22718 E android.os.Debug: failed to load memtrack module: -2
12-20 20:13:34.566 22718 22718 I Radio-JNI: register_android_hardware_Radio DONE
12-20 20:13:34.571 22718 22718 D AndroidRuntime: Calling main entry com.android.commands.uiautomator.Launcher
12-20 20:13:35.616 22718 22718 I AccessibilityNodeInfoDumper: Skipping invisible child: android.view.accessibility.AccessibilityNodeInfo@8002b848; boundsInParent: Rect(0, 0 - 63, 105); boundsInScreen: Rect(42, 252 - 105, 357); packageName: com.android.documentsui; className: android.widget.ImageView; text: null; error: null; maxTextLength: -1; contentDescription: null; viewIdResName: com.android.documentsui:id/icon_mime; checkable: false; checked: false; focusable: false; focused: false; selected: false; clickable: false; longClickable: false; contextClickable: false; enabled: true; password: false; scrollable: false; actions: [AccessibilityAction: ACTION_SELECT - null, AccessibilityAction: ACTION_CLEAR_SELECTION - null, AccessibilityAction: ACTION_ACCESSIBILITY_FOCUS - null, AccessibilityAction: ACTION_UNKNOWN - null]
12-20 20:13:35.616 22718 22718 I AccessibilityNodeInfoDumper: Skipping invisible child: android.view.accessibility.AccessibilityNodeInfo@8002967f; boundsInParent: Rect(0, 0 - 63, 105); boundsInScreen: Rect(42, 444 - 105, 549); packageName: com.android.documentsui; className: android.widget.ImageView; text: null; error: null; maxTextLength: -1; contentDescription: null; viewIdResName: com.android.documentsui:id/icon_mime; checkable: false; checked: false; focusable: false; focused: false; selected: false; clickable: false; longClickable: false; contextClickable: false; enabled: true; password: false; scrollable: false; actions: [AccessibilityAction: ACTION_SELECT - null, AccessibilityAction: ACTION_CLEAR_SELECTION - null, AccessibilityAction: ACTION_ACCESSIBILITY_FOCUS - null, AccessibilityAction: ACTION_UNKNOWN - null]
12-20 20:13:35.617 22718 22718 I AccessibilityNodeInfoDumper: Skipping invisible child: android.view.accessibility.AccessibilityNodeInfo@8001e610; boundsInParent: Rect(0, 0 - 1080, 0); boundsInScreen: Rect(0, 1794 - 1080, 1794); packageName: com.android.documentsui; className: android.widget.FrameLayout; text: null; error: null; maxTextLength: -1; contentDescription: null; viewIdResName: com.android.documentsui:id/container_save; checkable: false; checked: false; focusable: false; focused: false; selected: false; clickable: false; longClickable: false; contextClickable: false; enabled: true; password: false; scrollable: false; actions: [AccessibilityAction: ACTION_SELECT - null, AccessibilityAction: ACTION_CLEAR_SELECTION - null, AccessibilityAction: ACTION_ACCESSIBILITY_FOCUS - null, AccessibilityAction: ACTION_UNKNOWN - null]
12-20 20:13:35.619 22718 22718 W AccessibilityNodeInfoDumper: Fetch time: 10ms
12-20 20:13:35.620  1627 17357 W WindowManager: Attempted to remove non-existing token: android.os.Binder@98c9fc0
12-20 20:13:35.640 22718 22718 D AndroidRuntime: Shutting down VM
12-20 20:13:36.708 22747 22747 D AndroidRuntime: >>>>>> START com.android.internal.os.RuntimeInit uid 0 <<<<<<
12-20 20:13:36.709 22747 22747 D AndroidRuntime: CheckJNI is ON
12-20 20:13:36.717 22747 22747 D ICU     : No timezone override file found: /data/misc/zoneinfo/current/icu/icu_tzdata.dat
12-20 20:13:36.729 22747 22747 E memtrack: Couldn't load memtrack module (No such file or directory)
12-20 20:13:36.729 22747 22747 E android.os.Debug: failed to load memtrack module: -2
12-20 20:13:36.730 22747 22747 I Radio-JNI: register_android_hardware_Radio DONE
12-20 20:13:36.734 22747 22747 D AndroidRuntime: Calling main entry com.android.commands.uiautomator.Launcher
12-20 20:13:37.787 22747 22747 I AccessibilityNodeInfoDumper: Skipping invisible child: android.view.accessibility.AccessibilityNodeInfo@8002b855; boundsInParent: Rect(0, 0 - 63, 105); boundsInScreen: Rect(42, 252 - 105, 357); packageName: com.android.documentsui; className: android.widget.ImageView; text: null; error: null; maxTextLength: -1; contentDescription: null; viewIdResName: com.android.documentsui:id/icon_mime; checkable: false; checked: false; focusable: false; focused: false; selected: false; clickable: false; longClickable: false; contextClickable: false; enabled: true; password: false; scrollable: false; actions: [AccessibilityAction: ACTION_SELECT - null, AccessibilityAction: ACTION_CLEAR_SELECTION - null, AccessibilityAction: ACTION_ACCESSIBILITY_FOCUS - null, AccessibilityAction: ACTION_UNKNOWN - null]
12-20 20:13:37.787 22747 22747 I AccessibilityNodeInfoDumper: Skipping invisible child: android.view.accessibility.AccessibilityNodeInfo@8002968c; boundsInParent: Rect(0, 0 - 63, 105); boundsInScreen: Rect(42, 444 - 105, 549); packageName: com.android.documentsui; className: android.widget.ImageView; text: null; error: null; maxTextLength: -1; contentDescription: null; viewIdResName: com.android.documentsui:id/icon_mime; checkable: false; checked: false; focusable: false; focused: false; selected: false; clickable: false; longClickable: false; contextClickable: false; enabled: true; password: false; scrollable: false; actions: [AccessibilityAction: ACTION_SELECT - null, AccessibilityAction: ACTION_CLEAR_SELECTION - null, AccessibilityAction: ACTION_ACCESSIBILITY_FOCUS - null, AccessibilityAction: ACTION_UNKNOWN - null]
12-20 20:13:37.788 22747 22747 I AccessibilityNodeInfoDumper: Skipping invisible child: android.view.accessibility.AccessibilityNodeInfo@8001e61d; boundsInParent: Rect(0, 0 - 1080, 0); boundsInScreen: Rect(0, 1794 - 1080, 1794); packageName: com.android.documentsui; className: android.widget.FrameLayout; text: null; error: null; maxTextLength: -1; contentDescription: null; viewIdResName: com.android.documentsui:id/container_save; checkable: false; checked: false; focusable: false; focused: false; selected: false; clickable: false; longClickable: false; contextClickable: false; enabled: true; password: false; scrollable: false; actions: [AccessibilityAction: ACTION_SELECT - null, AccessibilityAction: ACTION_CLEAR_SELECTION - null, AccessibilityAction: ACTION_ACCESSIBILITY_FOCUS - null, AccessibilityAction: ACTION_UNKNOWN - null]
12-20 20:13:37.790 22747 22747 W AccessibilityNodeInfoDumper: Fetch time: 10ms
12-20 20:13:37.791  1627 17275 W WindowManager: Attempted to remove non-existing token: android.os.Binder@80cb4f9
12-20 20:13:37.813 22747 22747 D AndroidRuntime: Shutting down VM
12-20 20:13:38.243 22765 22765 D AndroidRuntime: >>>>>> START com.android.internal.os.RuntimeInit uid 0 <<<<<<
12-20 20:13:38.245 22765 22765 D AndroidRuntime: CheckJNI is ON
12-20 20:13:38.253 22765 22765 D ICU     : No timezone override file found: /data/misc/zoneinfo/current/icu/icu_tzdata.dat
12-20 20:13:38.270 22765 22765 E memtrack: Couldn't load memtrack module (No such file or directory)
12-20 20:13:38.270 22765 22765 E android.os.Debug: failed to load memtrack module: -2
12-20 20:13:38.272 22765 22765 I Radio-JNI: register_android_hardware_Radio DONE
12-20 20:13:38.277 22765 22765 D AndroidRuntime: Calling main entry com.android.commands.uiautomator.Launcher
12-20 20:13:39.331 22765 22765 I AccessibilityNodeInfoDumper: Skipping invisible child: android.view.accessibility.AccessibilityNodeInfo@8002b862; boundsInParent: Rect(0, 0 - 63, 105); boundsInScreen: Rect(42, 252 - 105, 357); packageName: com.android.documentsui; className: android.widget.ImageView; text: null; error: null; maxTextLength: -1; contentDescription: null; viewIdResName: com.android.documentsui:id/icon_mime; checkable: false; checked: false; focusable: false; focused: false; selected: false; clickable: false; longClickable: false; contextClickable: false; enabled: true; password: false; scrollable: false; actions: [AccessibilityAction: ACTION_SELECT - null, AccessibilityAction: ACTION_CLEAR_SELECTION - null, AccessibilityAction: ACTION_ACCESSIBILITY_FOCUS - null, AccessibilityAction: ACTION_UNKNOWN - null]
12-20 20:13:39.331 22765 22765 I AccessibilityNodeInfoDumper: Skipping invisible child: android.view.accessibility.AccessibilityNodeInfo@80029699; boundsInParent: Rect(0, 0 - 63, 105); boundsInScreen: Rect(42, 444 - 105, 549); packageName: com.android.documentsui; className: android.widget.ImageView; text: null; error: null; maxTextLength: -1; contentDescription: null; viewIdResName: com.android.documentsui:id/icon_mime; checkable: false; checked: false; focusable: false; focused: false; selected: false; clickable: false; longClickable: false; contextClickable: false; enabled: true; password: false; scrollable: false; actions: [AccessibilityAction: ACTION_SELECT - null, AccessibilityAction: ACTION_CLEAR_SELECTION - null, AccessibilityAction: ACTION_ACCESSIBILITY_FOCUS - null, AccessibilityAction: ACTION_UNKNOWN - null]
12-20 20:13:39.332 22765 22765 I AccessibilityNodeInfoDumper: Skipping invisible child: android.view.accessibility.AccessibilityNodeInfo@8001e62a; boundsInParent: Rect(0, 0 - 1080, 0); boundsInScreen: Rect(0, 1794 - 1080, 1794); packageName: com.android.documentsui; className: android.widget.FrameLayout; text: null; error: null; maxTextLength: -1; contentDescription: null; viewIdResName: com.android.documentsui:id/container_save; checkable: false; checked: false; focusable: false; focused: false; selected: false; clickable: false; longClickable: false; contextClickable: false; enabled: true; password: false; scrollable: false; actions: [AccessibilityAction: ACTION_SELECT - null, AccessibilityAction: ACTION_CLEAR_SELECTION - null, AccessibilityAction: ACTION_ACCESSIBILITY_FOCUS - null, AccessibilityAction: ACTION_UNKNOWN - null]
12-20 20:13:39.334 22765 22765 W AccessibilityNodeInfoDumper: Fetch time: 11ms
12-20 20:13:39.335  1627  2025 W WindowManager: Attempted to remove non-existing token: android.os.Binder@e231c3e
12-20 20:13:39.356 22765 22765 D AndroidRuntime: Shutting down VM
12-20 20:13:39.716 22776 22776 D AndroidRuntime: >>>>>> START com.android.internal.os.RuntimeInit uid 0 <<<<<<
12-20 20:13:39.717 22776 22776 D AndroidRuntime: CheckJNI is ON
12-20 20:13:39.725 22776 22776 D ICU     : No timezone override file found: /data/misc/zoneinfo/current/icu/icu_tzdata.dat
12-20 20:13:39.737 22776 22776 E memtrack: Couldn't load memtrack module (No such file or directory)
12-20 20:13:39.737 22776 22776 E android.os.Debug: failed to load memtrack module: -2
12-20 20:13:39.738 22776 22776 I Radio-JNI: register_android_hardware_Radio DONE
12-20 20:13:39.742 22776 22776 D AndroidRuntime: Calling main entry com.android.commands.am.Am
12-20 20:13:39.746  1627  1639 I ActivityManager: Force stopping com.fsck.k9 appid=10088 user=0: from pid 22776
12-20 20:13:39.747  1627  1639 I ActivityManager: Killing 20680:com.fsck.k9/u0a88 (adj 7): stop com.fsck.k9
12-20 20:13:39.808  1627  1661 W InputDispatcher: channel 'b7ad980 com.fsck.k9/com.fsck.k9.activity.Accounts (server)' ~ Consumer closed input channel or an error occurred.  events=0x9
12-20 20:13:39.809  1627  1661 E InputDispatcher: channel 'b7ad980 com.fsck.k9/com.fsck.k9.activity.Accounts (server)' ~ Channel is unrecoverably broken and will be disposed!
12-20 20:13:39.809  1627  1661 W InputDispatcher: channel '9c6a75 com.fsck.k9/com.fsck.k9.activity.Accounts (server)' ~ Consumer closed input channel or an error occurred.  events=0x9
12-20 20:13:39.809  1627  1661 E InputDispatcher: channel '9c6a75 com.fsck.k9/com.fsck.k9.activity.Accounts (server)' ~ Channel is unrecoverably broken and will be disposed!
12-20 20:13:39.810  1627  2978 I WindowState: WIN DEATH: Window{b7ad980 u0 com.fsck.k9/com.fsck.k9.activity.Accounts}
12-20 20:13:39.810  1627  2978 W InputDispatcher: Attempted to unregister already unregistered input channel 'b7ad980 com.fsck.k9/com.fsck.k9.activity.Accounts (server)'
12-20 20:13:39.810  1627 17275 D GraphicsStats: Buffer count: 9
12-20 20:13:39.816  1627  2000 I WindowState: WIN DEATH: Window{9c6a75 u0 com.fsck.k9/com.fsck.k9.activity.Accounts}
12-20 20:13:39.816  1627  2000 W InputDispatcher: Attempted to unregister already unregistered input channel '9c6a75 com.fsck.k9/com.fsck.k9.activity.Accounts (server)'
12-20 20:13:39.816  1627  1639 I ActivityManager:   Force finishing activity ActivityRecord{e026213 u0 com.fsck.k9/.activity.Accounts t315}
12-20 20:13:39.818  1627  1639 I ActivityManager:   Force finishing activity ActivityRecord{b75dcd6 u0 com.android.documentsui/.DocumentsActivity t315}
12-20 20:13:39.822 22776 22776 D AndroidRuntime: Shutting down VM
12-20 20:13:39.823  1627  2028 W ActivityManager: Spurious death for ProcessRecord{a7bf7ec 0:com.fsck.k9/u0a88}, curProc for 20680: null
12-20 20:13:39.836  1627  2000 W IntentResolver: resolveIntent: multiple matches, only some with CATEGORY_DEFAULT
12-20 20:13:39.837  1627  1771 W IntentResolver: resolveIntent: multiple matches, only some with CATEGORY_DEFAULT
12-20 20:13:39.842  1627  2004 I ActivityManager: START u0 {act=android.intent.action.GET_CONTENT cat=[android.intent.category.OPENABLE] typ=*/* flg=0x3000000 cmp=com.android.documentsui/.DocumentsActivity} from uid 10088 on display 0
12-20 20:13:39.859  6904  6950 D EGL_emulation: eglMakeCurrent: 0xaaa0ee80: ver 3 0 (tinfo 0xa07453f0)
12-20 20:13:39.873  1627  2004 W IntentResolver: resolveIntent: multiple matches, only some with CATEGORY_DEFAULT
12-20 20:13:39.880  6904  6950 D EGL_emulation: eglMakeCurrent: 0xaaa0ee80: ver 3 0 (tinfo 0xa07453f0)
12-20 20:13:39.881  6904  6950 E Surface : getSlotFromBufferLocked: unknown buffer: 0x9a6d3220
12-20 20:13:39.902  1728 21627 D EGL_emulation: eglMakeCurrent: 0xaaa0cde0: ver 3 0 (tinfo 0xaa35dd70)
12-20 20:13:39.938  1627  1646 I ActivityManager: Displayed com.android.documentsui/.DocumentsActivity: +82ms (total +114ms)
12-20 20:13:39.966  1728 21627 E Surface : getSlotFromBufferLocked: unknown buffer: 0xb40fd2a0
12-20 20:13:39.968  1728  9150 D Documents: Before filtering 0, after 0
12-20 20:13:39.969  1728  9150 D Documents: Before filtering 1, after 1
12-20 20:13:39.970  1728  9150 D Documents: Before filtering 1, after 1
12-20 20:13:39.970  1728  9150 D Documents: Found 3 of 3 recent queries done
12-20 20:13:39.971  1728  9078 D Documents: Before filtering 0, after 0
12-20 20:13:39.971  1728  9078 D Documents: Before filtering 1, after 1
12-20 20:13:39.972  1728  9078 D Documents: Before filtering 1, after 1
12-20 20:13:39.972  1728  9078 D Documents: Found 3 of 3 recent queries done
12-20 20:13:43.300 22797 22797 D AndroidRuntime: >>>>>> START com.android.internal.os.RuntimeInit uid 0 <<<<<<
12-20 20:13:43.303 22797 22797 D AndroidRuntime: CheckJNI is ON
12-20 20:13:43.312 22797 22797 D ICU     : No timezone override file found: /data/misc/zoneinfo/current/icu/icu_tzdata.dat
12-20 20:13:43.330 22797 22797 E memtrack: Couldn't load memtrack module (No such file or directory)
12-20 20:13:43.330 22797 22797 E android.os.Debug: failed to load memtrack module: -2
12-20 20:13:43.331 22797 22797 I Radio-JNI: register_android_hardware_Radio DONE
12-20 20:13:43.338 22797 22797 D AndroidRuntime: Calling main entry com.android.commands.pm.Pm
12-20 20:13:43.343  1627  1641 I ActivityManager: Force stopping com.fsck.k9 appid=10088 user=-1: uninstall pkg
12-20 20:13:43.345  1627  1651 I PackageManager: Removing old permission: com.fsck.k9.permission.DELETE_MESSAGES from package com.fsck.k9
12-20 20:13:43.345  1627  1651 I PackageManager: Removing old permission: com.fsck.k9.permission.READ_MESSAGES from package com.fsck.k9
12-20 20:13:43.345  1627  1651 I PackageManager: Removing old permission: com.fsck.k9.permission.READ_ATTACHMENT from package com.fsck.k9
12-20 20:13:43.345  1627  1651 I PackageManager: Removing old permission: com.fsck.k9.permission.REMOTE_CONTROL from package com.fsck.k9
12-20 20:13:43.371  1627  1651 I art     : Starting a blocking GC Explicit
12-20 20:13:43.382  1627  1651 I art     : Explicit concurrent mark sweep GC freed 11920(768KB) AllocSpace objects, 6(136KB) LOS objects, 30% free, 9MB/13MB, paused 326us total 10.250ms
12-20 20:13:43.388  1627  1651 W PackageManager: Couldn't remove dex file for package:  at location /data/app/com.fsck.k9-1/base.apk, retcode=-1
12-20 20:13:43.391 22797 22797 I art     : System.exit called, status: 0
12-20 20:13:43.391 22797 22797 I AndroidRuntime: VM exiting with result code 0.
12-20 20:13:43.396  1627  1651 I ActivityManager: Force stopping com.fsck.k9 appid=10088 user=0: pkg removed
12-20 20:13:43.429  1266  1324 D gralloc_ranchu: gralloc_alloc: Creating ashmem region of size 1019904
12-20 20:13:43.435  1627  1651 D         : HostConnection::get() New Host Connection established 0x9ca18880, tid 1651
12-20 20:13:43.476  1627  1651 E KernelUidCpuTimeReader: failed to remove uid from uid_cputime module
12-20 20:13:43.476  1627  1651 E KernelUidCpuTimeReader: java.io.FileNotFoundException: /proc/uid_cputime/remove_uid_range: open failed: ENOENT (No such file or directory)
12-20 20:13:43.476  1627  1651 E KernelUidCpuTimeReader: 	at libcore.io.IoBridge.open(IoBridge.java:452)
12-20 20:13:43.476  1627  1651 E KernelUidCpuTimeReader: 	at java.io.FileOutputStream.<init>(FileOutputStream.java:87)
12-20 20:13:43.476  1627  1651 E KernelUidCpuTimeReader: 	at java.io.FileOutputStream.<init>(FileOutputStream.java:72)
12-20 20:13:43.476  1627  1651 E KernelUidCpuTimeReader: 	at java.io.FileWriter.<init>(FileWriter.java:80)
12-20 20:13:43.476  1627  1651 E KernelUidCpuTimeReader: 	at com.android.internal.os.KernelUidCpuTimeReader.removeUid(KernelUidCpuTimeReader.java:157)
12-20 20:13:43.476  1627  1651 E KernelUidCpuTimeReader: 	at com.android.internal.os.BatteryStatsImpl.removeUidStatsLocked(BatteryStatsImpl.java:8800)
12-20 20:13:43.476  1627  1651 E KernelUidCpuTimeReader: 	at com.android.server.am.BatteryStatsService.removeUid(BatteryStatsService.java:242)
12-20 20:13:43.476  1627  1651 E KernelUidCpuTimeReader: 	at com.android.server.am.ActivityManagerService.broadcastIntentLocked(ActivityManagerService.java:16562)
12-20 20:13:43.476  1627  1651 E KernelUidCpuTimeReader: 	at com.android.server.am.ActivityManagerService.broadcastIntent(ActivityManagerService.java:16938)
12-20 20:13:43.476  1627  1651 E KernelUidCpuTimeReader: 	at com.android.server.pm.PackageManagerService$8.run(PackageManagerService.java:9423)
12-20 20:13:43.476  1627  1651 E KernelUidCpuTimeReader: 	at android.os.Handler.handleCallback(Handler.java:739)
12-20 20:13:43.476  1627  1651 E KernelUidCpuTimeReader: 	at android.os.Handler.dispatchMessage(Handler.java:95)
12-20 20:13:43.476  1627  1651 E KernelUidCpuTimeReader: 	at android.os.Looper.loop(Looper.java:148)
12-20 20:13:43.476  1627  1651 E KernelUidCpuTimeReader: 	at android.os.HandlerThread.run(HandlerThread.java:61)
12-20 20:13:43.476  1627  1651 E KernelUidCpuTimeReader: 	at com.android.server.ServiceThread.run(ServiceThread.java:46)
12-20 20:13:43.476  1627  1651 E KernelUidCpuTimeReader: Caused by: android.system.ErrnoException: open failed: ENOENT (No such file or directory)
12-20 20:13:43.476  1627  1651 E KernelUidCpuTimeReader: 	at libcore.io.Posix.open(Native Method)
12-20 20:13:43.476  1627  1651 E KernelUidCpuTimeReader: 	at libcore.io.BlockGuardOs.open(BlockGuardOs.java:186)
12-20 20:13:43.476  1627  1651 E KernelUidCpuTimeReader: 	at libcore.io.IoBridge.open(IoBridge.java:438)
12-20 20:13:43.476  1627  1651 E KernelUidCpuTimeReader: 	... 14 more
12-20 20:13:43.484  1959  1959 I GeofencerStateMachine: removeGeofences: removeRequest=RemoveGeofencingRequest[REMOVE_ALL packageName=com.fsck.k9]
12-20 20:13:43.501  1627  1662 I InputReader: Reconfiguring input devices.  changes=0x00000010
12-20 20:13:43.505  6904  6904 D WebViewTimersControl: onBrowserActivityResume
12-20 20:13:43.505  6904  6904 D WebViewTimersControl: Resuming webview timers, view=com.android.browser.BrowserWebView{a95573f VFEDHVCL. .F....ID 0,0-1080,1594}
12-20 20:13:43.505  1627  1627 D JobSchedulerService: Receieved: android.intent.action.PACKAGE_REMOVED
12-20 20:13:43.511  1942  2065 I LatinIME:LogUtils: Dictionary info: dictionary = main:en ; version = 54 ; date = 1414726273
12-20 20:13:43.518 25993 22814 D VoicemailCleanupService: Cleaning up data for package: com.fsck.k9
12-20 20:13:43.527  6904  6950 D EGL_emulation: eglMakeCurrent: 0xaaa0ee80: ver 3 0 (tinfo 0xa07453f0)
12-20 20:13:43.570  6904  6950 E eglCodecCommon: glUtilsParamSize: unknow param 0x000085b5
12-20 20:13:43.574 22811 22811 D AndroidRuntime: >>>>>> START com.android.internal.os.RuntimeInit uid 0 <<<<<<
12-20 20:13:43.575 22811 22811 D AndroidRuntime: CheckJNI is ON
12-20 20:13:43.585 22811 22811 D ICU     : No timezone override file found: /data/misc/zoneinfo/current/icu/icu_tzdata.dat
12-20 20:13:43.586  1627  2004 I AccountManagerService: getTypesVisibleToCaller: isPermitted? true
12-20 20:13:43.588  1959 22823 I Fitness : FitCleanupIntentOperation received Intent android.intent.action.PACKAGE_REMOVED [CONTEXT service_id=17 ]
12-20 20:13:43.594 17479 22821 I UpdateIcingCorporaServi: Updating corpora: APPS=com.fsck.k9, CONTACTS=MAYBE
12-20 20:13:43.603 22811 22811 E memtrack: Couldn't load memtrack module (No such file or directory)
12-20 20:13:43.604 22811 22811 E android.os.Debug: failed to load memtrack module: -2
12-20 20:13:43.607 22811 22811 I Radio-JNI: register_android_hardware_Radio DONE
12-20 20:13:43.609  1711  1711 W ContextImpl: Calling a method in the system process without a qualified user: android.app.ContextImpl.startService:1221 android.content.ContextWrapper.startService:581 android.content.ContextWrapper.startService:581 com.android.keychain.KeyChainBroadcastReceiver.onReceive:12 android.app.ActivityThread.handleReceiver:2725 
12-20 20:13:43.615  1728 21627 D EGL_emulation: eglMakeCurrent: 0xaaa0cde0: ver 3 0 (tinfo 0xaa35dd70)
12-20 20:13:43.616  1978  1978 D CarrierServiceBindHelper: Receive action: android.intent.action.PACKAGE_REMOVED
12-20 20:13:43.617  1728 21627 E Surface : getSlotFromBufferLocked: unknown buffer: 0xb40fde80
12-20 20:13:43.617  6904  6950 E eglCodecCommon: glUtilsParamSize: unknow param 0x000085b5
12-20 20:13:43.627 22811 22811 D AndroidRuntime: Calling main entry com.android.commands.pm.Pm
12-20 20:13:43.634  2338 25880 I ContentMaintenance: Internal cache bytes used: 0; limit: 40626585; download size: 0
12-20 20:13:43.640  6904  6950 E eglCodecCommon: glUtilsParamSize: unknow param 0x000085b5
12-20 20:13:43.649 17423 17468 D EGL_emulation: eglMakeCurrent: 0xae6950e0: ver 3 0 (tinfo 0xaa167370)
12-20 20:13:43.665 17423 17468 D EGL_emulation: eglMakeCurrent: 0xae6950e0: ver 3 0 (tinfo 0xaa167370)
12-20 20:13:43.675 17423 17468 D EGL_emulation: eglMakeCurrent: 0xae6950e0: ver 3 0 (tinfo 0xaa167370)
12-20 20:13:43.681  6904  6950 E eglCodecCommon: glUtilsParamSize: unknow param 0x000085b5
12-20 20:13:43.690 17423 17468 D EGL_emulation: eglMakeCurrent: 0xae6950e0: ver 3 0 (tinfo 0xaa167370)
12-20 20:13:43.699 17423 17468 D EGL_emulation: eglMakeCurrent: 0xae6950e0: ver 3 0 (tinfo 0xaa167370)
12-20 20:13:43.708 17423 17468 D EGL_emulation: eglMakeCurrent: 0xae6950e0: ver 3 0 (tinfo 0xaa167370)
12-20 20:13:43.713  6904  6950 E eglCodecCommon: glUtilsParamSize: unknow param 0x000085b5
12-20 20:13:43.713 17423 17468 D EGL_emulation: eglMakeCurrent: 0xae6950e0: ver 3 0 (tinfo 0xaa167370)
12-20 20:13:43.725 17423 17468 D EGL_emulation: eglMakeCurrent: 0xae6950e0: ver 3 0 (tinfo 0xaa167370)
12-20 20:13:43.730 17423 17468 D EGL_emulation: eglMakeCurrent: 0xae6950e0: ver 3 0 (tinfo 0xaa167370)
12-20 20:13:43.744 17423 17468 D EGL_emulation: eglMakeCurrent: 0xae6950e0: ver 3 0 (tinfo 0xaa167370)
12-20 20:13:43.750 17423 17468 D EGL_emulation: eglMakeCurrent: 0xae6950e0: ver 3 0 (tinfo 0xaa167370)
12-20 20:13:43.762 17423 17468 D EGL_emulation: eglMakeCurrent: 0xae6950e0: ver 3 0 (tinfo 0xaa167370)
12-20 20:13:43.767 17423 17468 D EGL_emulation: eglMakeCurrent: 0xae6950e0: ver 3 0 (tinfo 0xaa167370)
12-20 20:13:43.779 17423 17468 D EGL_emulation: eglMakeCurrent: 0xae6950e0: ver 3 0 (tinfo 0xaa167370)
12-20 20:13:43.785 17423 17468 D EGL_emulation: eglMakeCurrent: 0xae6950e0: ver 3 0 (tinfo 0xaa167370)
12-20 20:13:43.796 17423 17468 D EGL_emulation: eglMakeCurrent: 0xae6950e0: ver 3 0 (tinfo 0xaa167370)
12-20 20:13:43.800 17423 17468 D EGL_emulation: eglMakeCurrent: 0xae6950e0: ver 3 0 (tinfo 0xaa167370)
12-20 20:13:43.809 17423 17468 D EGL_emulation: eglMakeCurrent: 0xae6950e0: ver 3 0 (tinfo 0xaa167370)
12-20 20:13:43.816 17423 17468 D EGL_emulation: eglMakeCurrent: 0xae6950e0: ver 3 0 (tinfo 0xaa167370)
12-20 20:13:43.827 17423 17468 D EGL_emulation: eglMakeCurrent: 0xae6950e0: ver 3 0 (tinfo 0xaa167370)
12-20 20:13:43.829  2338 25881 I Icing   : doRemovePackageData com.fsck.k9
12-20 20:13:43.832  1728  1742 D Documents: Update found 7 roots in 344ms
12-20 20:13:43.833 17423 17468 D EGL_emulation: eglMakeCurrent: 0xae6950e0: ver 3 0 (tinfo 0xaa167370)
12-20 20:13:43.838  1627  2025 W IntentResolver: resolveIntent: multiple matches, only some with CATEGORY_DEFAULT
12-20 20:13:43.842  2338  2835 I Icing   : IndexChimeraService.getServiceInterface callingPackage=com.google.android.googlequicksearchbox componentName=null serviceId=36
12-20 20:13:43.844 17423 17468 D EGL_emulation: eglMakeCurrent: 0xae6950e0: ver 3 0 (tinfo 0xaa167370)
12-20 20:13:43.847 13711 13722 D DefContainer: Copying /data/local/tmp/162.apk to base.apk
12-20 20:13:43.850  2338  2456 I Icing   : IndexChimeraService.getServiceInterface callingPackage=com.google.android.gms componentName=AppsCorpus serviceId=36
12-20 20:13:43.901  2338 25881 W Icing   : No valid account for uploading user actions
12-20 20:13:43.920  2338 25880 I RealtimeCacheCleanup: Beginning Realtime garbage collection.
12-20 20:13:43.921  2338 25880 I RealtimeCacheCleanup: Finished Realtime garbage collection.
12-20 20:13:43.929  2338  2456 I Icing   : IndexChimeraService.getServiceInterface callingPackage=com.google.android.gms componentName=null serviceId=30
12-20 20:13:43.944  2338 25881 I Icing   : Usage reports ok 1, Failed Usage reports 0, indexed 0, rejected 0
12-20 20:13:43.946  2338 25881 W Icing   : No valid account for uploading user actions
12-20 20:13:43.951  2338 25881 I Icing   : Usage reports ok 0, Failed Usage reports 0, indexed 0, rejected 0
12-20 20:13:43.953 17479 22821 I UpdateIcingCorporaServi: UpdateCorporaTask done [took 359 ms] updated apps [took 359 ms] 
12-20 20:13:43.956  2338  2456 I Icing   : IndexChimeraService.getServiceInterface callingPackage=com.google.android.gms componentName=null serviceId=36
12-20 20:13:43.957  2338 25881 W Icing   : No valid account for uploading user actions
12-20 20:13:43.961  2338 25881 I Icing   : Usage reports ok 0, Failed Usage reports 0, indexed 0, rejected 0
12-20 20:13:43.974  2338 25881 W Icing   : No valid account for uploading user actions
12-20 20:13:43.978  2338 25881 I Icing   : Usage reports ok 0, Failed Usage reports 0, indexed 0, rejected 0
12-20 20:13:43.978  2338 25881 I Icing   : Indexing com.google.android.googlequicksearchbox-applications_uri from com.google.android.googlequicksearchbox
12-20 20:13:43.999  2338 25881 I Icing   : Indexing com.google.android.gms-apps from com.google.android.gms
12-20 20:13:44.008  2338 25881 I Icing   : Indexing done com.google.android.googlequicksearchbox-applications_uri
12-20 20:13:44.010  2338 25881 I Icing   : Indexing done com.google.android.gms-apps
12-20 20:13:44.045  1627  1651 I PackageManager.DexOptimizer: Running dexopt (dex2oat) on: /data/app/vmdl2020358871.tmp/base.apk pkg=com.fsck.k9 isa=x86 vmSafeMode=false debuggable=false oatDir = /data/app/vmdl2020358871.tmp/oat
12-20 20:13:44.052 22843 22843 W dex2oat : Unexpected CPU variant for X86 using defaults: x86
12-20 20:13:44.052 22843 22843 W dex2oat : Mismatch between dex2oat instruction set features (ISA: X86 Feature string: smp,-ssse3,-sse4.1,-sse4.2,-avx,-avx2) and those of dex2oat executable (ISA: X86 Feature string: smp,ssse3,-sse4.1,-sse4.2,-avx,-avx2) for the command line:
12-20 20:13:44.052 22843 22843 W dex2oat : /system/bin/dex2oat --zip-fd=6 --zip-location=base.apk --oat-fd=7 --oat-location=/data/app/vmdl2020358871.tmp/oat/x86/base.odex --instruction-set=x86 --instruction-set-variant=x86 --instruction-set-features=default --runtime-arg -Xms64m --runtime-arg -Xmx512m --swap-fd=8
12-20 20:13:44.052 22843 22843 I dex2oat : Starting dex2oat.
12-20 20:13:44.408  6904  6950 E eglCodecCommon: glUtilsParamSize: unknow param 0x000085b5
12-20 20:13:44.415  1728  1728 I art     : Starting a blocking GC Explicit
12-20 20:13:44.429  1728  1728 I art     : Explicit concurrent mark sweep GC freed 3570(312KB) AllocSpace objects, 0(0B) LOS objects, 25% free, 1849KB/2MB, paused 1.417ms total 13.850ms
12-20 20:13:44.432  6904  6950 E eglCodecCommon: glUtilsParamSize: unknow param 0x000085b5
12-20 20:13:44.458  1728  1728 I art     : Starting a blocking GC Explicit
12-20 20:13:44.472  6904  6950 E eglCodecCommon: glUtilsParamSize: unknow param 0x000085b5
12-20 20:13:44.474  1728  1728 I art     : Explicit concurrent mark sweep GC freed 1927(156KB) AllocSpace objects, 4(64KB) LOS objects, 24% free, 1629KB/2MB, paused 1.183ms total 15.579ms
12-20 20:13:44.474  1728  1728 I art     : Starting a blocking GC Explicit
12-20 20:13:44.493  1728  1728 I art     : Explicit concurrent mark sweep GC freed 3(96B) AllocSpace objects, 0(0B) LOS objects, 24% free, 1629KB/2MB, paused 1.404ms total 19.100ms
12-20 20:13:44.504  6904  6950 E eglCodecCommon: glUtilsParamSize: unknow param 0x000085b5
12-20 20:13:44.535  6904  6950 E eglCodecCommon: glUtilsParamSize: unknow param 0x000085b5
12-20 20:13:44.570  6904  6950 E eglCodecCommon: glUtilsParamSize: unknow param 0x000085b5
12-20 20:13:44.605  6904  6950 E eglCodecCommon: glUtilsParamSize: unknow param 0x000085b5
12-20 20:13:44.639  6904  6950 E eglCodecCommon: glUtilsParamSize: unknow param 0x000085b5
12-20 20:13:44.676  6904  6950 E eglCodecCommon: glUtilsParamSize: unknow param 0x000085b5
12-20 20:13:44.713  6904  6950 E eglCodecCommon: glUtilsParamSize: unknow param 0x000085b5
12-20 20:13:44.751  6904  6950 E eglCodecCommon: glUtilsParamSize: unknow param 0x000085b5
12-20 20:13:44.780  6904  6950 E eglCodecCommon: glUtilsParamSize: unknow param 0x000085b5
12-20 20:13:44.808  6904  6950 E eglCodecCommon: glUtilsParamSize: unknow param 0x000085b5
12-20 20:13:44.836  6904  6950 E eglCodecCommon: glUtilsParamSize: unknow param 0x000085b5
12-20 20:13:44.860  6904  6950 E eglCodecCommon: glUtilsParamSize: unknow param 0x000085b5
12-20 20:13:44.888  6904  6950 E eglCodecCommon: glUtilsParamSize: unknow param 0x000085b5
12-20 20:13:44.913  6904  6950 E eglCodecCommon: glUtilsParamSize: unknow param 0x000085b5
12-20 20:13:44.942  6904  6950 E eglCodecCommon: glUtilsParamSize: unknow param 0x000085b5
12-20 20:13:44.971  6904  6950 E eglCodecCommon: glUtilsParamSize: unknow param 0x000085b5
12-20 20:13:44.998  6904  6950 E eglCodecCommon: glUtilsParamSize: unknow param 0x000085b5
12-20 20:13:45.023  6904  6950 E eglCodecCommon: glUtilsParamSize: unknow param 0x000085b5
12-20 20:13:45.058  6904  6950 E eglCodecCommon: glUtilsParamSize: unknow param 0x000085b5
12-20 20:13:45.092  6904  6950 E eglCodecCommon: glUtilsParamSize: unknow param 0x000085b5
12-20 20:13:45.119  6904  6950 E eglCodecCommon: glUtilsParamSize: unknow param 0x000085b5
12-20 20:13:45.861 22843 22843 W dex2oat : No verified method for method calling String.<init>: java.lang.String android.text.TextUtils.substring(java.lang.CharSequence, int, int)
12-20 20:13:45.867 22843 22843 W dex2oat : No verified method for method calling String.<init>: java.lang.String android.text.TextUtils.substring(java.lang.CharSequence, int, int)
12-20 20:13:46.519 22843 22843 I dex2oat : dex2oat took 2.467s (threads: 4) arena alloc=8MB java alloc=4MB native alloc=26MB free=3MB
12-20 20:13:46.582  1627  1651 W Settings: Setting install_non_market_apps has moved from android.provider.Settings.Global to android.provider.Settings.Secure, returning read-only value.
12-20 20:13:46.582  1627  1651 I art     : Starting a blocking GC Explicit
12-20 20:13:46.597  1627  1651 I art     : Explicit concurrent mark sweep GC freed 56418(3MB) AllocSpace objects, 11(440KB) LOS objects, 30% free, 8MB/12MB, paused 332us total 14.843ms
12-20 20:13:46.604  1627  1662 I InputReader: Reconfiguring input devices.  changes=0x00000010
12-20 20:13:46.606 22811 22811 I art     : System.exit called, status: 0
12-20 20:13:46.606 22811 22811 I AndroidRuntime: VM exiting with result code 0.
12-20 20:13:46.612  1728  1763 D Documents: Update found 7 roots in 6ms
12-20 20:13:46.664  2338 22834 I Auth    : [SupervisedAccountIntentOperation] onHandleIntent(): android.intent.action.PACKAGE_ADDED
12-20 20:13:46.665  2338 22831 I ChromeSync: [Sync,SyncIntentOperation] Handling the intent: Intent { act=android.intent.action.PACKAGE_ADDED dat=package:com.fsck.k9 flg=0x4000010 cmp=com.google.android.gms/.chimera.GmsIntentOperationService (has extras) }.
12-20 20:13:46.674  1959 22823 W GCM     : Unexpected forwarded intent: Intent { act=android.intent.action.PACKAGE_ADDED dat=package:com.fsck.k9 flg=0x4000010 cmp=com.google.android.gms/.chimera.PersistentIntentOperationService (has extras) }
12-20 20:13:46.676  1959 22822 W GCM     : Unexpected forwarded intent: Intent { act=android.intent.action.PACKAGE_ADDED dat=package:com.fsck.k9 flg=0x4000010 cmp=com.google.android.gms/.chimera.PersistentIntentOperationService (has extras) }
12-20 20:13:46.685  1978  1978 D CarrierServiceBindHelper: Receive action: android.intent.action.PACKAGE_ADDED
12-20 20:13:46.687  1978  1978 D CarrierServiceBindHelper: mHandler: 3
12-20 20:13:46.687  1978  1978 D CarrierConfigLoader: mHandler: 9 phoneId: 0
12-20 20:13:46.688  1627  2000 W ActivityManager: Unable to start service Intent { act=com.google.android.gms.auth.key.retrieval.service.START pkg=com.google.android.gms } U=0: not found
12-20 20:13:46.713  1627 17356 I AccountManagerService: getTypesVisibleToCaller: isPermitted? true
12-20 20:13:46.716  2338 22831 I ChromeSync: [Persistence,AffiliationManager] One of affiliation or grouping data for android://1JC1fb97eR7qTkb5bVHNU3tTrH-8-kFjSweyCcgjiJZ1iLV9c1vf1qm9XZtJ9W8pM2P-dzeayhak6jelNuR5pA==@com.fsck.k9/ was not found. Marking affiliation data as stale...
12-20 20:13:46.729  1627  1976 I AccountManagerService: getTypesVisibleToCaller: isPermitted? true
12-20 20:13:46.752 17479 22861 I UpdateIcingCorporaServi: Updating corpora: APPS=com.fsck.k9, CONTACTS=MAYBE
12-20 20:13:46.755  1627 17356 I AccountManagerService: getTypesVisibleToCaller: isPermitted? true
12-20 20:13:46.770  1627  2978 W ActivityManager: Unbind failed: could not find connection for android.os.BinderProxy@8f3e0e7
12-20 20:13:46.771  2338  2409 E GmsClient: unable to connect to service: com.google.android.gms.auth.key.retrieval.service.START on com.google.android.gms
12-20 20:13:46.796  2338 22832 I ChimeraConfigurator: Starting update, reason: 4 urgentFeatures: pay:-1
12-20 20:13:46.797  2338 22832 E ConfigFileUtils: Failed to read config file: /data/data/com.google.android.gms/app_chimera/next_container.pb: open failed: ENOENT (No such file or directory)
12-20 20:13:46.804  2338  2456 I Icing   : IndexChimeraService.getServiceInterface callingPackage=com.google.android.googlequicksearchbox componentName=null serviceId=36
12-20 20:13:46.807 22858 22858 D AndroidRuntime: >>>>>> START com.android.internal.os.RuntimeInit uid 0 <<<<<<
12-20 20:13:46.808 22858 22858 D AndroidRuntime: CheckJNI is ON
12-20 20:13:46.820 22858 22858 D ICU     : No timezone override file found: /data/misc/zoneinfo/current/icu/icu_tzdata.dat
12-20 20:13:46.821  2338 22832 I ChmraDebugLogger: [73] 1801
12-20 20:13:46.822  2338 22832 I ChmraDebugLogger: [30] [Pay.optional:202414020000] permitMetered=true,
12-20 20:13:46.822  2338 22832 W ChimeraConfigService: Retry attempt was throttled.
12-20 20:13:46.848 22858 22858 E memtrack: Couldn't load memtrack module (No such file or directory)
12-20 20:13:46.848 22858 22858 E android.os.Debug: failed to load memtrack module: -2
12-20 20:13:46.849 22858 22858 I Radio-JNI: register_android_hardware_Radio DONE
12-20 20:13:46.857 22858 22858 D AndroidRuntime: Calling main entry com.android.commands.monkey.Monkey
12-20 20:13:46.877  1627  1641 W BroadcastQueue: Skipping deliver [background] BroadcastRecord{3999b71 u-1 android.net.conn.CONNECTIVITY_CHANGE} to ReceiverList{29cd56 22858 (unknown name)/0/u-1 remote:8b20fb}: process crashing
12-20 20:13:46.878  2338 25881 W Icing   : No valid account for uploading user actions
12-20 20:13:46.903  1627  2004 I ActivityManager: START u0 {act=android.intent.action.MAIN cat=[android.intent.category.LAUNCHER] flg=0x10200000 cmp=com.fsck.k9/.activity.Accounts} from uid 0 on display 0
12-20 20:13:46.912  1266  1352 D gralloc_ranchu: gralloc_alloc: Creating ashmem region of size 1019904
12-20 20:13:46.917  2338 25881 I Icing   : Usage reports ok 0, Failed Usage reports 0, indexed 0, rejected 0
12-20 20:13:46.919 17479 22861 I UpdateIcingCorporaServi: UpdateCorporaTask done [took 167 ms] updated apps [took 167 ms] 
12-20 20:13:46.934  2338 25881 I Icing   : Indexing com.google.android.gms-internal.3p:MobileApplication from com.google.android.gms using seqno 60
12-20 20:13:46.942  6904  6904 D WebViewTimersControl: onBrowserActivityPause
12-20 20:13:46.942  6904  6904 D WebViewTimersControl: Pausing webview timers, view=com.android.browser.BrowserWebView{a95573f VFEDHVCL. .F...... 0,0-1080,1594}
12-20 20:13:46.949  2338 25881 I Icing   : Indexing com.google.android.googlequicksearchbox-applications_uri from com.google.android.googlequicksearchbox
12-20 20:13:46.966  1627  1639 I ActivityManager: Start proc 22871:com.fsck.k9/u0a89 for activity com.fsck.k9/.activity.Accounts
12-20 20:13:46.974 22858 22858 I art     : System.exit called, status: 0
12-20 20:13:46.974 22858 22858 I AndroidRuntime: VM exiting with result code 0.
12-20 20:13:46.982  1266  1352 D gralloc_ranchu: gralloc_alloc: Creating ashmem region of size 7753728
12-20 20:13:47.016  2338 25881 I Icing   : Indexing com.google.android.gms-apps from com.google.android.gms
12-20 20:13:47.047  2338 25881 I Icing   : Indexing done com.google.android.googlequicksearchbox-applications_uri
12-20 20:13:47.057  2338 25881 I Icing   : Indexing done com.google.android.gms-apps
12-20 20:13:47.071  6904  6950 D EGL_emulation: eglMakeCurrent: 0xaaa0ee80: ver 3 0 (tinfo 0xa07453f0)
12-20 20:13:47.073  6904  6950 E Surface : getSlotFromBufferLocked: unknown buffer: 0x9a6d23c0
12-20 20:13:47.074  1627 17356 I ActivityManager: START u0 {cmp=com.fsck.k9/.activity.setup.WelcomeMessage} from uid 10089 on display 0
12-20 20:13:47.097  1266  2136 E SurfaceFlinger: ro.sf.lcd_density must be defined as a build property
12-20 20:13:47.098 22871 22889 D OpenGLRenderer: Use EGL_SWAP_BEHAVIOR_PRESERVED: true
12-20 20:13:47.100 22871 22871 D         : HostConnection::get() New Host Connection established 0xad1e5b00, tid 22871
12-20 20:13:47.122 22871 22889 D         : HostConnection::get() New Host Connection established 0xad1e8a00, tid 22889
12-20 20:13:47.123 22871 22889 I OpenGLRenderer: Initialized EGL, version 1.4
12-20 20:13:47.123 22871 22889 W OpenGLRenderer: Failed to choose config with EGL_SWAP_BEHAVIOR_PRESERVED, retrying without...
12-20 20:13:47.125 22871 22889 D EGL_emulation: eglCreateContext: 0xae6944e0: maj 3 min 0 rcv 3
12-20 20:13:47.126 22871 22889 D EGL_emulation: eglMakeCurrent: 0xae6944e0: ver 3 0 (tinfo 0xae697630)
12-20 20:13:47.126 22871 22889 E eglCodecCommon: glUtilsParamSize: unknow param 0x00008cdf
12-20 20:13:47.126 22871 22889 E eglCodecCommon: glUtilsParamSize: unknow param 0x00008824
12-20 20:13:47.134 22871 22889 D EGL_emulation: eglMakeCurrent: 0xae6944e0: ver 3 0 (tinfo 0xae697630)
12-20 20:13:47.207  1627  1646 I ActivityManager: Displayed com.fsck.k9/.activity.setup.WelcomeMessage: +126ms (total +253ms)
12-20 20:13:49.544  1627  2000 I AccountManagerService: getTypesVisibleToCaller: isPermitted? true
12-20 20:14:02.091 22894 22894 D AndroidRuntime: >>>>>> START com.android.internal.os.RuntimeInit uid 0 <<<<<<
12-20 20:14:02.092 22894 22894 D AndroidRuntime: CheckJNI is ON
12-20 20:14:02.100 22894 22894 D ICU     : No timezone override file found: /data/misc/zoneinfo/current/icu/icu_tzdata.dat
12-20 20:14:02.111 22894 22894 E memtrack: Couldn't load memtrack module (No such file or directory)
12-20 20:14:02.112 22894 22894 E android.os.Debug: failed to load memtrack module: -2
12-20 20:14:02.112 22894 22894 I Radio-JNI: register_android_hardware_Radio DONE
12-20 20:14:02.117 22894 22894 D AndroidRuntime: Calling main entry com.android.commands.content.Content
12-20 20:14:02.128 22894 22894 D AndroidRuntime: Shutting down VM
12-20 20:14:02.448 22903 22903 D AndroidRuntime: >>>>>> START com.android.internal.os.RuntimeInit uid 0 <<<<<<
12-20 20:14:02.449 22903 22903 D AndroidRuntime: CheckJNI is ON
12-20 20:14:02.456 22903 22903 D ICU     : No timezone override file found: /data/misc/zoneinfo/current/icu/icu_tzdata.dat
12-20 20:14:02.468 22903 22903 E memtrack: Couldn't load memtrack module (No such file or directory)
12-20 20:14:02.468 22903 22903 E android.os.Debug: failed to load memtrack module: -2
12-20 20:14:02.469 22903 22903 I Radio-JNI: register_android_hardware_Radio DONE
12-20 20:14:02.473 22903 22903 D AndroidRuntime: Calling main entry com.android.commands.content.Content
12-20 20:14:02.477 22903 22903 D AndroidRuntime: Shutting down VM
12-20 20:14:03.477 22926 22926 D AndroidRuntime: >>>>>> START com.android.internal.os.RuntimeInit uid 0 <<<<<<
12-20 20:14:03.477 22926 22926 D AndroidRuntime: CheckJNI is ON
12-20 20:14:03.485 22926 22926 D ICU     : No timezone override file found: /data/misc/zoneinfo/current/icu/icu_tzdata.dat
12-20 20:14:03.499 22926 22926 E memtrack: Couldn't load memtrack module (No such file or directory)
12-20 20:14:03.499 22926 22926 E android.os.Debug: failed to load memtrack module: -2
12-20 20:14:03.500 22926 22926 I Radio-JNI: register_android_hardware_Radio DONE
12-20 20:14:03.505 22926 22926 D AndroidRuntime: Calling main entry com.android.commands.uiautomator.Launcher
12-20 20:14:04.544 22926 22926 I AccessibilityNodeInfoDumper: Skipping invisible child: android.view.accessibility.AccessibilityNodeInfo@8001d736; boundsInParent: Rect(0, 0 - 0, 126); boundsInScreen: Rect(1080, 63 - 1080, 189); packageName: com.fsck.k9; className: android.widget.LinearLayout; text: null; error: null; maxTextLength: -1; contentDescription: null; viewIdResName: null; checkable: false; checked: false; focusable: false; focused: false; selected: false; clickable: false; longClickable: false; contextClickable: false; enabled: true; password: false; scrollable: false; actions: [AccessibilityAction: ACTION_SELECT - null, AccessibilityAction: ACTION_CLEAR_SELECTION - null, AccessibilityAction: ACTION_ACCESSIBILITY_FOCUS - null, AccessibilityAction: ACTION_UNKNOWN - null]
