--------- beginning of main
01-15 01:38:30.632 13206 13206 D AndroidRuntime: >>>>>> START com.android.internal.os.RuntimeInit uid 2000 <<<<<<
01-15 01:38:30.636 13206 13206 D AndroidRuntime: CheckJNI is OFF
01-15 01:38:30.659 13206 13206 W art     : Unexpected CPU variant for X86 using defaults: x86_64
01-15 01:38:30.664 13206 13206 D ICU     : No timezone override file found: /data/misc/zoneinfo/current/icu/icu_tzdata.dat
01-15 01:38:30.684 13206 13206 E memtrack: Couldn't load memtrack module (No such file or directory)
01-15 01:38:30.684 13206 13206 E android.os.Debug: failed to load memtrack module: -2
01-15 01:38:30.685 13206 13206 I Radio-JNI: register_android_hardware_Radio DONE
01-15 01:38:30.693 13206 13206 D AndroidRuntime: Calling main entry com.android.commands.pm.Pm
01-15 01:38:30.701  1697  1724 I PackageManager: Package doesn't exist in get block uninstall io.lerk.lrkFM
--------- beginning of system
01-15 01:38:30.701  1697  1724 W PackageManager: Not removing non-existent package io.lerk.lrkFM
01-15 01:38:30.708 13206 13206 I art     : System.exit called, status: 0
01-15 01:38:30.708 13206 13206 I AndroidRuntime: VM exiting with result code 0.
01-15 01:38:30.726 13206 13214 W MessageQueue: Handler (android.os.Handler) {3fc70} sending message to a Handler on a dead thread
01-15 01:38:30.726 13206 13214 W MessageQueue: java.lang.IllegalStateException: Handler (android.os.Handler) {3fc70} sending message to a Handler on a dead thread
01-15 01:38:30.726 13206 13214 W MessageQueue: 	at android.os.MessageQueue.enqueueMessage(MessageQueue.java:543)
01-15 01:38:30.726 13206 13214 W MessageQueue: 	at android.os.Handler.enqueueMessage(Handler.java:643)
01-15 01:38:30.726 13206 13214 W MessageQueue: 	at android.os.Handler.sendMessageAtTime(Handler.java:612)
01-15 01:38:30.726 13206 13214 W MessageQueue: 	at android.os.Handler.sendMessageDelayed(Handler.java:582)
01-15 01:38:30.726 13206 13214 W MessageQueue: 	at android.os.Handler.post(Handler.java:338)
01-15 01:38:30.726 13206 13214 W MessageQueue: 	at android.os.ResultReceiver$MyResultReceiver.send(ResultReceiver.java:57)
01-15 01:38:30.726 13206 13214 W MessageQueue: 	at com.android.internal.os.IResultReceiver$Stub.onTransact(IResultReceiver.java:58)
01-15 01:38:30.726 13206 13214 W MessageQueue: 	at android.os.Binder.execTransact(Binder.java:565)
01-15 01:38:30.775  1449  1449 I         : free_cache(4429106) avail 6016454656
01-15 01:38:31.025  1697  1724 I PackageManager.DexOptimizer: Running dexopt (dex2oat) on: /data/app/vmdl1181863738.tmp/base.apk pkg=io.lerk.lrkFM isa=x86_64 vmSafeMode=false debuggable=false target-filter=interpret-only oatDir = /data/app/vmdl1181863738.tmp/oat sharedLibraries=null
01-15 01:38:31.038 13230 13230 W dex2oat : Unexpected CPU variant for X86 using defaults: x86_64
01-15 01:38:31.038 13230 13230 I dex2oat : /system/bin/dex2oat --compiler-filter=interpret-only
01-15 01:38:31.248 13230 13230 W dex2oat : Before Android 4.1, method int android.support.v7.widget.DropDownListView.lookForSelectablePosition(int, boolean) would have incorrectly overridden the package-private method in android.widget.ListView
01-15 01:38:31.405 13230 13233 W dex2oat : Before Android 4.1, method int android.support.v7.widget.MenuPopupWindow$MenuDropDownListView.lookForSelectablePosition(int, boolean) would have incorrectly overridden the package-private method in android.widget.ListView
01-15 01:38:31.439 13230 13232 W dex2oat : Before Android 4.1, method android.graphics.PorterDuffColorFilter android.support.graphics.drawable.VectorDrawableCompat.updateTintFilter(android.graphics.PorterDuffColorFilter, android.content.res.ColorStateList, android.graphics.PorterDuff$Mode) would have incorrectly overridden the package-private method in android.graphics.drawable.Drawable
01-15 01:38:34.214 13230 13230 I dex2oat : dex2oat took 3.177s (threads: 4) arena alloc=8KB (8344B) java alloc=9MB (10081520B) native alloc=9MB (10105704B) free=3MB (3263640B)
01-15 01:38:34.255  1697  1724 W PackageManager: Unknown permission com.google.android.finsky.permission.BIND_GET_INSTALL_REFERRER_SERVICE in package io.lerk.lrkFM
01-15 01:38:34.277  1697  1724 V BackupManagerService: restoreAtInstall pkg=io.lerk.lrkFM token=13 restoreSet=0
01-15 01:38:34.277  1697  1724 V BackupManagerService: Finishing install immediately
01-15 01:38:34.278  1697  1724 I art     : Starting a blocking GC Explicit
01-15 01:38:34.297  1697  1724 I art     : Explicit concurrent mark sweep GC freed 31318(1754KB) AllocSpace objects, 9(284KB) LOS objects, 20% free, 15MB/19MB, paused 818us total 18.866ms
01-15 01:38:34.297  1449  1449 E         : Couldn't opendir /data/app/vmdl1181863738.tmp: No such file or directory
01-15 01:38:34.312  1697  1747 I InputReader: Reconfiguring input devices.  changes=0x00000010
01-15 01:38:34.334  1697  1710 W InputMethodInfo: Duplicated subtype definition found: , voice
01-15 01:38:34.336  1991  1991 D CarrierSvcBindHelper: No carrier app for: 0
01-15 01:38:34.338  1991  1991 D CarrierConfigLoader: mHandler: 9 phoneId: 0
01-15 01:38:34.374  1854 13244 W GCM     : Unexpected forwarded intent: Intent { act=android.intent.action.PACKAGE_ADDED dat=package:io.lerk.lrkFM flg=0x4000010 cmp=com.google.android.gms/.chimera.PersistentIntentOperationService (has extras) }
01-15 01:38:34.378  1854 13247 W GCM     : Unexpected forwarded intent: Intent { act=android.intent.action.PACKAGE_ADDED dat=package:io.lerk.lrkFM flg=0x4000010 cmp=com.google.android.gms/.chimera.PersistentIntentOperationService (has extras) }
01-15 01:38:34.381  2396 13249 I Auth    : [SupervisedAccountIntentOperation] onHandleIntent(): android.intent.action.PACKAGE_ADDED
01-15 01:38:34.390  2396 13249 I ChromeSync: [Sync,SyncIntentOperation] Handling the intent: Intent { act=android.intent.action.PACKAGE_ADDED dat=package:io.lerk.lrkFM flg=0x4000010 cmp=com.google.android.gms/.chimera.GmsIntentOperationService (has extras) }.
01-15 01:38:34.402  8883 13255 I UpdateIcingCorporaServi: Updating corpora: APPS=io.lerk.lrkFM, CONTACTS=MAYBE
01-15 01:38:34.416  1697  1709 W ActivityManager: Unable to start service Intent { act=com.google.android.gms.auth.key.retrieval.service.START pkg=com.google.android.gms } U=0: not found
01-15 01:38:34.417  1697  2648 W ActivityManager: Unbind failed: could not find connection for android.os.BinderProxy@38285ac
01-15 01:38:34.418  2396  2649 E GmsClient: unable to connect to service: com.google.android.gms.auth.key.retrieval.service.START on com.google.android.gms
01-15 01:38:34.472  2396 13249 I ChromeSync: [Persistence,AffiliationManager] One of affiliation or grouping data for android://ceetJUFh_18OFgkFZKTdpobCwKagu3h2fBvN4NfyEcEehH06194sEu_P_z1bDLV4DjS7zyeWrCrtY8UzR-YFaA==@io.lerk.lrkFM/ was not found. Marking affiliation data as stale...
01-15 01:38:34.518  2396 13249 I ChimeraConfigurator: Starting update, reason: 4 urgentFeatures: pay:-1
01-15 01:38:34.519  2396 13249 E ConfigFileUtils: Failed to read config file: /data/user_de/0/com.google.android.gms/app_chimera/next_container.pb (No such file or directory)
01-15 01:38:34.520  2396  2703 I Icing   : IndexChimeraService.getServiceInterface callingPackage=com.google.android.googlequicksearchbox componentName=null serviceId=36
01-15 01:38:34.523  2396  2704 I Icing   : IndexChimeraService.getServiceInterface callingPackage=com.google.android.gms componentName=AppsCorpus serviceId=36
01-15 01:38:34.546  2396 13249 I ChmraDebugLogger: [73] 1801
01-15 01:38:34.548  2396  8466 W Icing   : No valid account for uploading user actions
01-15 01:38:34.550  2396 13249 I ChmraDebugLogger: [30] [Pay.optional:202414020000] permitMetered=true,
01-15 01:38:34.555  2396 13249 W ChimeraConfigService: Retry attempt was throttled.
01-15 01:38:34.576  2396  8466 I Icing   : Usage reports ok 0, Failed Usage reports 0, indexed 0, rejected 0
01-15 01:38:34.578  2396  2704 I Icing   : IndexChimeraService.getServiceInterface callingPackage=com.google.android.gms componentName=null serviceId=30
01-15 01:38:34.579  2396  8466 W Icing   : No valid account for uploading user actions
01-15 01:38:34.585  2396  8466 I Icing   : Usage reports ok 0, Failed Usage reports 0, indexed 0, rejected 0
01-15 01:38:34.587  2396  2704 I Icing   : IndexChimeraService.getServiceInterface callingPackage=com.google.android.gms componentName=null serviceId=36
01-15 01:38:34.588  8883 13255 I UpdateIcingCorporaServi: UpdateCorporaTask done [took 186 ms] updated apps [took 186 ms] 
01-15 01:38:34.590  2396  8466 W Icing   : No valid account for uploading user actions
01-15 01:38:34.595  2396  8466 I Icing   : Usage reports ok 0, Failed Usage reports 0, indexed 0, rejected 0
01-15 01:38:34.598  2396  8466 W Icing   : No valid account for uploading user actions
01-15 01:38:34.603  2396  8466 I Icing   : Usage reports ok 0, Failed Usage reports 0, indexed 0, rejected 0
01-15 01:38:34.603  2396  8466 I Icing   : Indexing com.google.android.gms-apps from com.google.android.gms
01-15 01:38:34.619  2396  8466 I Icing   : Indexing com.google.android.googlequicksearchbox-applications_uri from com.google.android.googlequicksearchbox
01-15 01:38:34.636  2396  8466 I Icing   : Indexing com.google.android.gms-internal.3p:MobileApplication from com.google.android.gms
01-15 01:38:34.641  2396  8466 I Icing   : Indexing done com.google.android.gms-apps
01-15 01:38:34.650  2396  8466 I Icing   : Indexing done com.google.android.googlequicksearchbox-applications_uri
01-15 01:38:34.653  2396  8466 I Icing   : Indexing done com.google.android.gms-internal.3p:MobileApplication
01-15 01:38:35.554 13266 13266 D AndroidRuntime: >>>>>> START com.android.internal.os.RuntimeInit uid 2000 <<<<<<
01-15 01:38:35.556 13266 13266 D AndroidRuntime: CheckJNI is OFF
01-15 01:38:35.574 13266 13266 W art     : Unexpected CPU variant for X86 using defaults: x86_64
01-15 01:38:35.578 13266 13266 D ICU     : No timezone override file found: /data/misc/zoneinfo/current/icu/icu_tzdata.dat
01-15 01:38:35.595 13266 13266 E memtrack: Couldn't load memtrack module (No such file or directory)
01-15 01:38:35.595 13266 13266 E android.os.Debug: failed to load memtrack module: -2
01-15 01:38:35.596 13266 13266 I Radio-JNI: register_android_hardware_Radio DONE
01-15 01:38:35.603 13266 13266 D AndroidRuntime: Calling main entry com.android.commands.monkey.Monkey
01-15 01:38:35.630  1697  1711 W BroadcastQueue: Skipping deliver [background] BroadcastRecord{3db3636 u-1 android.net.conn.CONNECTIVITY_CHANGE} to ReceiverList{29eb937 13266 (unknown name)/2000/u-1 remote:e57faf8}: process crashing
01-15 01:38:35.638  1697  1709 I ActivityManager: START u0 {act=android.intent.action.MAIN cat=[android.intent.category.LAUNCHER] flg=0x10200000 cmp=io.lerk.lrkFM/.activities.FileActivity} from uid 2000 on display 0
01-15 01:38:35.658 13276 13276 W art     : Unexpected CPU variant for X86 using defaults: x86_64
01-15 01:38:35.659  1697  1708 I ActivityManager: Start proc 13276:io.lerk.lrkFM/u0a96 for activity io.lerk.lrkFM/.activities.FileActivity
01-15 01:38:35.683 13266 13266 I art     : System.exit called, status: 0
01-15 01:38:35.683 13266 13266 I AndroidRuntime: VM exiting with result code 0.
01-15 01:38:35.683 13276 13276 W System  : ClassLoader referenced unknown path: /data/app/io.lerk.lrkFM-1/lib/x86_64
01-15 01:38:35.690  1352  1368 D gralloc_ranchu: gralloc_alloc: Creating ashmem region of size 8294400
01-15 01:38:35.692 13276 13276 I MultiDex: VM with version 2.1.0 has multidex support
01-15 01:38:35.693 13276 13276 I MultiDex: Installing application
01-15 01:38:35.693 13276 13276 I MultiDex: VM has multidex support, MultiDex support library is disabled.
01-15 01:38:35.747 13276 13276 I CrashlyticsCore: Initializing Crashlytics 2.6.0.22
01-15 01:38:35.773  2483  2623 D EGL_emulation: eglMakeCurrent: 0x7de1dea58320: ver 3 0 (tinfo 0x7de1dea0c740)
01-15 01:38:35.797 13276 13299 W System  : ClassLoader referenced unknown path: /system/priv-app/PrebuiltGmsCore/lib/x86_64
01-15 01:38:35.821 13276 13304 I FA      : App measurement is starting up, version: 12451
01-15 01:38:35.822 13276 13304 I FA      : To enable debug logging run: adb shell setprop log.tag.FA VERBOSE
01-15 01:38:35.822 13276 13304 I FA      : To enable faster debug mode event logging run:
01-15 01:38:35.822 13276 13304 I FA      :   adb shell setprop debug.firebase.analytics.app io.lerk.lrkFM
01-15 01:38:35.825 13276 13276 I CrashlyticsInitProvider: CrashlyticsInitProvider initialization successful
01-15 01:38:35.849 13276 13276 D FirebaseApp: com.google.firebase.auth.FirebaseAuth is not linked. Skipping initialization.
01-15 01:38:35.852 13276 13276 I FirebaseInitProvider: FirebaseApp initialization successful
01-15 01:38:35.885 13276 13276 W art     : Before Android 4.1, method android.graphics.PorterDuffColorFilter android.support.graphics.drawable.VectorDrawableCompat.updateTintFilter(android.graphics.PorterDuffColorFilter, android.content.res.ColorStateList, android.graphics.PorterDuff$Mode) would have incorrectly overridden the package-private method in android.graphics.drawable.Drawable
01-15 01:38:35.892  1697  1709 I ActivityManager: START u0 {cmp=io.lerk.lrkFM/.activities.IntroActivity} from uid 10096 on display 0
01-15 01:38:35.928  1352  1370 D gralloc_ranchu: gralloc_alloc: Creating ashmem region of size 8294400
01-15 01:38:35.952 13276 13309 I DynamiteModule: Considering local module com.google.android.gms.flags:2 and remote module com.google.android.gms.flags:3
01-15 01:38:35.952 13276 13309 I DynamiteModule: Selected remote version of com.google.android.gms.flags, version >= 3
01-15 01:38:35.960 13276 13309 W System  : ClassLoader referenced unknown path: 
01-15 01:38:35.960 13276 13309 W System  : ClassLoader referenced unknown path: /system/priv-app/PrebuiltGmsCore/lib/x86_64
01-15 01:38:35.974 13276 13309 I DynamiteLoaderV2: [71] Dynamitemodulesc
01-15 01:38:35.989 13276 13309 W System  : ClassLoader referenced unknown path: /data/user_de/0/com.google.android.gms/app_chimera/m/00000004/n/x86_64
01-15 01:38:35.999  1697  2339 I ActivityManager: START u0 {act=android.content.pm.action.REQUEST_PERMISSIONS pkg=com.google.android.packageinstaller cmp=com.google.android.packageinstaller/com.android.packageinstaller.permission.ui.GrantPermissionsActivity (has extras)} from uid 10096 on display 0
01-15 01:38:36.019 13276 13276 D io.lerk.lrkFM.activities.FileActivity: User has no bookmarks
01-15 01:38:36.023 13276 13276 D io.lerk.lrkFM.util.DiskUtil: Free disk space: 5726
01-15 01:38:36.038 13320 13320 W art     : Unexpected CPU variant for X86 using defaults: x86_64
01-15 01:38:36.044  1697  2627 I ActivityManager: Start proc 13320:com.google.android.packageinstaller/u0a18 for activity com.google.android.packageinstaller/com.android.packageinstaller.permission.ui.GrantPermissionsActivity
01-15 01:38:36.053 13276 13309 W DynamiteModule: Local module descriptor class for com.google.android.gms.crash not found.
01-15 01:38:36.058  1352  2209 D gralloc_ranchu: gralloc_alloc: Creating ashmem region of size 2691072
01-15 01:38:36.101 13276 13309 I DynamiteModule: Considering local module com.google.android.gms.crash:0 and remote module com.google.android.gms.crash:215
01-15 01:38:36.101 13276 13309 I DynamiteModule: Selected remote version of com.google.android.gms.crash, version >= 215
01-15 01:38:36.112 13276 13309 I FirebaseCrashApiImpl: FirebaseCrashApiImpl created by ClassLoader ay[DexPathList[[zip file "/data/user_de/0/com.google.android.gms/app_chimera/m/00000004/DynamiteModulesC.apk"],nativeLibraryDirectories=[/data/user_de/0/com.google.android.gms/app_chimera/m/00000004/n/x86_64, /system/lib64, /vendor/lib64]]]
01-15 01:38:36.114 13276 13309 I FirebaseCrash: FirebaseCrash reporting loaded - com.google.android.gms.internal.measurement.zzxw@af77995
01-15 01:38:36.118 13320 13320 W System  : ClassLoader referenced unknown path: /system/priv-app/GooglePackageInstaller/lib/x86_64
01-15 01:38:36.143 13320 13320 I GrantPermissionsActivity: No package: null
01-15 01:38:36.143 13320 13320 I GrantPermissionsActivity: android.content.pm.PackageManager$NameNotFoundException
01-15 01:38:36.143 13320 13320 I GrantPermissionsActivity: 	at android.app.ApplicationPackageManager.getPackageInfoAsUser(ApplicationPackageManager.java:147)
01-15 01:38:36.143 13320 13320 I GrantPermissionsActivity: 	at android.app.ApplicationPackageManager.getPackageInfo(ApplicationPackageManager.java:132)
01-15 01:38:36.143 13320 13320 I GrantPermissionsActivity: 	at com.android.packageinstaller.permission.ui.GrantPermissionsActivity.getCallingPackageInfo(GrantPermissionsActivity.java:350)
01-15 01:38:36.143 13320 13320 I GrantPermissionsActivity: 	at com.android.packageinstaller.permission.ui.GrantPermissionsActivity.onCreate(GrantPermissionsActivity.java:101)
01-15 01:38:36.143 13320 13320 I GrantPermissionsActivity: 	at android.app.Activity.performCreate(Activity.java:6662)
01-15 01:38:36.143 13320 13320 I GrantPermissionsActivity: 	at android.app.Instrumentation.callActivityOnCreate(Instrumentation.java:1118)
01-15 01:38:36.143 13320 13320 I GrantPermissionsActivity: 	at android.app.ActivityThread.performLaunchActivity(ActivityThread.java:2599)
01-15 01:38:36.143 13320 13320 I GrantPermissionsActivity: 	at android.app.ActivityThread.handleLaunchActivity(ActivityThread.java:2707)
01-15 01:38:36.143 13320 13320 I GrantPermissionsActivity: 	at android.app.ActivityThread.-wrap12(ActivityThread.java)
01-15 01:38:36.143 13320 13320 I GrantPermissionsActivity: 	at android.app.ActivityThread$H.handleMessage(ActivityThread.java:1460)
01-15 01:38:36.143 13320 13320 I GrantPermissionsActivity: 	at android.os.Handler.dispatchMessage(Handler.java:102)
01-15 01:38:36.143 13320 13320 I GrantPermissionsActivity: 	at android.os.Looper.loop(Looper.java:154)
01-15 01:38:36.143 13320 13320 I GrantPermissionsActivity: 	at android.app.ActivityThread.main(ActivityThread.java:6077)
01-15 01:38:36.143 13320 13320 I GrantPermissionsActivity: 	at java.lang.reflect.Method.invoke(Native Method)
01-15 01:38:36.143 13320 13320 I GrantPermissionsActivity: 	at com.android.internal.os.ZygoteInit$MethodAndArgsCaller.run(ZygoteInit.java:866)
01-15 01:38:36.143 13320 13320 I GrantPermissionsActivity: 	at com.android.internal.os.ZygoteInit.main(ZygoteInit.java:756)
01-15 01:38:36.153 13276 13287 I art     : Background partial concurrent mark sweep GC freed 7401(1219KB) AllocSpace objects, 10(200KB) LOS objects, 24% free, 12MB/16MB, paused 6.817ms total 42.117ms
01-15 01:38:36.170 13276 13310 I DynamiteModule: Considering local module com.google.android.gms.flags:2 and remote module com.google.android.gms.flags:3
01-15 01:38:36.171 13276 13310 I DynamiteModule: Selected remote version of com.google.android.gms.flags, version >= 3
01-15 01:38:36.176 13276 13310 W DynamiteModule: Local module descriptor class for com.google.android.gms.crash not found.
01-15 01:38:36.220 13276 13276 D FirebasePerformance: onResume io.lerk.lrkFM.activities.IntroActivity:526172
01-15 01:38:36.233  1352  3608 E SurfaceFlinger: ro.sf.lcd_density must be defined as a build property
01-15 01:38:36.240 13276 13276 D         : HostConnection::get() New Host Connection established 0x7de1da024420, tid 13276
01-15 01:38:36.260 13276 13292 W art     : Long monitor contention with owner Answers Events Handler1 (13299) at int com.google.android.gms.common.GooglePlayServicesUtilLight.isGooglePlayServicesAvailable(android.content.Context, int)(:-1) waiters=0 in io.fabric.sdk.android.services.common.AdvertisingInfo io.fabric.sdk.android.services.common.IdManager.getAdvertisingInfo() for 496ms
01-15 01:38:36.260 13276 13306 W art     : Long monitor contention with owner Answers Events Handler1 (13299) at int com.google.android.gms.common.GooglePlayServicesUtilLight.isGooglePlayServicesAvailable(android.content.Context, int)(:-1) waiters=1 in io.fabric.sdk.android.services.common.AdvertisingInfo io.fabric.sdk.android.services.common.IdManager.getAdvertisingInfo() for 436ms
01-15 01:38:36.277 13276 13310 I FirebaseCrashApiImpl: FirebaseCrash reporting API initialized
01-15 01:38:36.278 13276 13310 I FirebaseCrash: FirebaseCrash reporting initialized com.google.android.gms.internal.measurement.zzxw@af77995
01-15 01:38:36.278 13276 13310 D FirebaseCrash: Firebase Analytics Listener for Firebase Crash is initialized
01-15 01:38:36.337 13276 13292 D NetworkSecurityConfig: No Network Security Config specified, using platform default
01-15 01:38:36.362 13276 13339 D         : HostConnection::get() New Host Connection established 0x7de1dea1bf00, tid 13339
01-15 01:38:36.365 13276 13339 I OpenGLRenderer: Initialized EGL, version 1.4
01-15 01:38:36.365 13276 13339 D OpenGLRenderer: Swap behavior 1
01-15 01:38:36.365 13276 13339 W OpenGLRenderer: Failed to choose config with EGL_SWAP_BEHAVIOR_PRESERVED, retrying without...
01-15 01:38:36.365 13276 13339 D OpenGLRenderer: Swap behavior 0
01-15 01:38:36.367 13276 13339 D EGL_emulation: eglCreateContext: 0x7de1dea65a60: maj 3 min 0 rcv 3
01-15 01:38:36.368 13276 13339 D EGL_emulation: eglMakeCurrent: 0x7de1dea65a60: ver 3 0 (tinfo 0x7de1deb07980)
01-15 01:38:36.374 13276 13339 E eglCodecCommon: glUtilsParamSize: unknow param 0x00008cdf
01-15 01:38:36.374 13276 13339 E eglCodecCommon: glUtilsParamSize: unknow param 0x00008824
01-15 01:38:36.385 13276 13339 D EGL_emulation: eglMakeCurrent: 0x7de1dea65a60: ver 3 0 (tinfo 0x7de1deb07980)
01-15 01:38:36.399 13276 13336 D FirebasePerformance: RateLimiter sampling rate:0 bucketId: 30
01-15 01:38:36.399 13276 13336 D FirebasePerformance: logging is disabled because device sampling
01-15 01:38:36.419 13276 13304 I FA      : Tag Manager is not found and thus will not be used
01-15 01:38:36.444 13276 13292 E Fabric  : Settings request failed.
01-15 01:38:36.446 13276 13292 E Answers : Failed to retrieve settings
01-15 01:38:36.448 13276 13294 W CrashlyticsCore: Received null settings, skipping report submission!
01-15 01:38:36.447 13276 13336 I FirebasePerformance: Did not receive a HTTP Response Code
01-15 01:38:36.449 13276 13336 I FirebasePerformance: Unable to process an HTTP request/response due to missing or invalid values. See earlier log statements for additional information on the specific invalid/missing values.
01-15 01:38:36.517  1697  1718 I ActivityManager: Displayed io.lerk.lrkFM/.activities.IntroActivity: +471ms (total +871ms)
01-15 01:38:36.590  2396 13349 I FA-SVC  : Install Referrer Reporter is not available
01-15 01:38:36.639  1854  8930 W Conscrypt: Could not set socket write timeout: java.net.SocketException: Socket closed
01-15 01:38:36.640  1854  8930 W Conscrypt: 	at com.google.android.gms.org.conscrypt.Platform.setSocketWriteTimeout(:com.google.android.gms@202414023@20.24.14 (040800-319035315):2)
01-15 01:38:36.640  1854  8930 W Conscrypt: 	at com.google.android.gms.org.conscrypt.ConscryptFileDescriptorSocket.setSoWriteTimeout(:com.google.android.gms@202414023@20.24.14 (040800-319035315):0)
01-15 01:38:36.675  1854  8930 W Conscrypt: Could not set socket write timeout: java.net.SocketException: Socket closed
01-15 01:38:36.675  1854  8930 W Conscrypt: 	at com.google.android.gms.org.conscrypt.Platform.setSocketWriteTimeout(:com.google.android.gms@202414023@20.24.14 (040800-319035315):2)
01-15 01:38:36.675  1854  8930 W Conscrypt: 	at com.google.android.gms.org.conscrypt.ConscryptFileDescriptorSocket.setSoWriteTimeout(:com.google.android.gms@202414023@20.24.14 (040800-319035315):0)
01-15 01:38:36.705  1697  1718 I WindowManager: Destroying surface Surface(name=Starting io.lerk.lrkFM) called by com.android.server.wm.WindowStateAnimator.destroySurface:2016 com.android.server.wm.WindowStateAnimator.destroySurfaceLocked:882 com.android.server.wm.WindowState.destroyOrSaveSurface:2100 com.android.server.wm.AppWindowToken.destroySurfaces:363 com.android.server.wm.WindowStateAnimator.finishExit:565 com.android.server.wm.WindowStateAnimator.stepAnimationLocked:491 com.android.server.wm.WindowAnimator.updateWindowsLocked:303 com.android.server.wm.WindowAnimator.animateLocked:704 
01-15 01:38:36.730  1854 26608 I NetworkScheduler.Stats: Task com.google.android.gms/com.google.android.gms.checkin.CheckinService started execution. cause:7 exec_start_elapsed_seconds: 79836 [CONTEXT service_id=218 ]
01-15 01:38:36.730  1854 26608 I NetworkScheduler.Stats: Task com.google.android.gms/com.google.android.gms.checkin.CheckinService finished executing. cause:7 result: 3 elapsed_millis: 26 uptime_millis: 26 exec_start_elapsed_seconds: 79836 [CONTEXT service_id=218 ]
01-15 01:38:36.803  1854  2681 I NetworkScheduler.Stats: Task com.google.android.gms/com.google.android.gms.clearcut.uploader.QosUploaderService started execution. cause:5 exec_start_elapsed_seconds: 79837 [CONTEXT service_id=218 ]
01-15 01:38:36.824  1854  3007 I NetworkScheduler: ignoring stale queue check message
01-15 01:38:36.824  1854 26608 I NetworkScheduler.Stats: Task com.google.android.gms/com.google.android.gms.auth.account.be.legacy.AuthCronService started execution. cause:5 exec_start_elapsed_seconds: 79837 [CONTEXT service_id=218 ]
01-15 01:38:36.839 13351 13351 W art     : Unexpected CPU variant for X86 using defaults: x86_64
01-15 01:38:36.844  1697  1870 I ActivityManager: Start proc 13351:com.google.android.gms.unstable/u0a14 for service com.google.android.gms/.droidguard.DroidGuardService
01-15 01:38:36.872  1697  1718 I WindowManager: Destroying surface Surface(name=Starting io.lerk.lrkFM) called by com.android.server.wm.WindowStateAnimator.destroySurface:2016 com.android.server.wm.WindowStateAnimator.destroySurfaceLocked:882 com.android.server.wm.WindowState.removeLocked:1456 com.android.server.wm.WindowManagerService.removeWindowInnerLocked:2484 com.android.server.wm.AppWindowToken.destroySurfaces:365 com.android.server.wm.WindowStateAnimator.finishExit:565 com.android.server.wm.AppWindowAnimator.stepAnimationLocked:427 com.android.server.wm.WindowAnimator.updateAppWindowsLocked:176 
01-15 01:38:36.875 13351 13351 W System  : ClassLoader referenced unknown path: /system/priv-app/PrebuiltGmsCore/lib/x86_64
01-15 01:38:36.876  1697  1718 W WindowManager: Failed looking up window
01-15 01:38:36.876  1697  1718 W WindowManager: java.lang.IllegalArgumentException: Requested window android.view.ViewRootImpl$W@d8e451a does not exist
01-15 01:38:36.876  1697  1718 W WindowManager: 	at com.android.server.wm.WindowManagerService.windowForClientLocked(WindowManagerService.java:9107)
01-15 01:38:36.876  1697  1718 W WindowManager: 	at com.android.server.wm.WindowManagerService.windowForClientLocked(WindowManagerService.java:9098)
01-15 01:38:36.876  1697  1718 W WindowManager: 	at com.android.server.wm.WindowManagerService.removeWindow(WindowManagerService.java:2302)
01-15 01:38:36.876  1697  1718 W WindowManager: 	at com.android.server.wm.Session.remove(Session.java:202)
01-15 01:38:36.876  1697  1718 W WindowManager: 	at android.view.ViewRootImpl.dispatchDetachedFromWindow(ViewRootImpl.java:3286)
01-15 01:38:36.876  1697  1718 W WindowManager: 	at android.view.ViewRootImpl.doDie(ViewRootImpl.java:5881)
01-15 01:38:36.876  1697  1718 W WindowManager: 	at android.view.ViewRootImpl$ViewRootHandler.handleMessage(ViewRootImpl.java:3622)
01-15 01:38:36.876  1697  1718 W WindowManager: 	at android.os.Handler.dispatchMessage(Handler.java:102)
01-15 01:38:36.876  1697  1718 W WindowManager: 	at android.os.Looper.loop(Looper.java:154)
01-15 01:38:36.876  1697  1718 W WindowManager: 	at android.os.HandlerThread.run(HandlerThread.java:61)
01-15 01:38:36.876  1697  1718 W WindowManager: 	at com.android.server.ServiceThread.run(ServiceThread.java:46)
01-15 01:38:36.908  1697  2205 I WindowManager: Destroying surface Surface(name=com.android.launcher3/com.android.launcher3.Launcher) called by com.android.server.wm.WindowStateAnimator.destroySurface:2016 com.android.server.wm.WindowStateAnimator.destroySurfaceLocked:882 com.android.server.wm.WindowState.destroyOrSaveSurface:2100 com.android.server.wm.AppWindowToken.destroySurfaces:363 com.android.server.wm.AppWindowToken.notifyAppStopped:389 com.android.server.wm.WindowManagerService.notifyAppStopped:4463 com.android.server.am.ActivityStack.activityStoppedLocked:1252 com.android.server.am.ActivityManagerService.activityStopped:6903 
01-15 01:38:36.965 13351 13351 W DynamiteModule: Local module descriptor class for providerinstaller not found.
01-15 01:38:36.970  1854  7565 W Conscrypt: Could not set socket write timeout: java.net.SocketException: Socket closed
01-15 01:38:36.970  1854  7565 W Conscrypt: 	at com.google.android.gms.org.conscrypt.Platform.setSocketWriteTimeout(:com.google.android.gms@202414023@20.24.14 (040800-319035315):2)
01-15 01:38:36.970  1854  7565 W Conscrypt: 	at com.google.android.gms.org.conscrypt.ConscryptFileDescriptorSocket.setSoWriteTimeout(:com.google.android.gms@202414023@20.24.14 (040800-319035315):0)
01-15 01:38:36.981 13351 13351 W ProviderHelper: Unknown dynamite feature providerinstaller
01-15 01:38:36.986 13351 13351 I DynamiteModule: Considering local module providerinstaller:0 and remote module providerinstaller:0
01-15 01:38:36.987 13351 13351 W ProviderInstaller: Failed to load providerinstaller module: No acceptable module found. Local version is 0 and remote version is 0.
01-15 01:38:36.990 13351 13351 W System  : ClassLoader referenced unknown path: /system/priv-app/PrebuiltGmsCore/lib/x86_64
01-15 01:38:36.990 13351 13351 W System  : ClassLoader referenced unknown path: /system/priv-app/PrebuiltGmsCore/lib/x86_64
01-15 01:38:36.995 13351 13351 V NativeCrypto: Registering com/google/android/gms/org/conscrypt/NativeCrypto's 286 native methods...
01-15 01:38:36.995  1854  7565 W Conscrypt: Could not set socket write timeout: java.net.SocketException: Socket closed
01-15 01:38:36.995  1854  7565 W Conscrypt: 	at com.google.android.gms.org.conscrypt.Platform.setSocketWriteTimeout(:com.google.android.gms@202414023@20.24.14 (040800-319035315):2)
01-15 01:38:36.995  1854  7565 W Conscrypt: 	at com.google.android.gms.org.conscrypt.ConscryptFileDescriptorSocket.setSoWriteTimeout(:com.google.android.gms@202414023@20.24.14 (040800-319035315):0)
01-15 01:38:37.007 13351 13351 D NetworkSecurityConfig: Using Network Security Config from resource network_security_config debugBuild: false
01-15 01:38:37.010 13351 13351 I ProviderInstaller: Installed default security provider GmsCore_OpenSSL
01-15 01:38:37.010 13351 13351 I Safeboot: Checking safeboot...
01-15 01:38:37.011 13351 13351 I Safeboot: Not entering safeboot; wrong process.
01-15 01:38:37.068 13351 13351 I Watchcat: Started
01-15 01:38:37.070 13351 13351 I bezb    : Primes not initialized, returning default (no-op) Primes instance which will ignore all calls. Please call Primes.initialize(...) before using any Primes API.
01-15 01:38:37.227 13276 13338 D FirebaseInstanceId: topic sync succeeded
01-15 01:38:37.268  1854  2759 I Auth    : [ReflectiveChannelBinder] Successfully bound channel!
01-15 01:38:37.304  1854 26608 I NetworkScheduler.Stats: Task com.google.android.gms/com.google.android.gms.clearcut.uploader.QosUploaderService finished executing. cause:5 result: 1 elapsed_millis: 538 uptime_millis: 538 exec_start_elapsed_seconds: 79837 [CONTEXT service_id=218 ]
01-15 01:38:37.364  1854  2759 W Conscrypt: Could not set socket write timeout: java.net.SocketException: Socket closed
01-15 01:38:37.365  1854  2759 W Conscrypt: 	at com.google.android.gms.org.conscrypt.Platform.setSocketWriteTimeout(:com.google.android.gms@202414023@20.24.14 (040800-319035315):2)
01-15 01:38:37.365  1854  2759 W Conscrypt: 	at com.google.android.gms.org.conscrypt.ConscryptFileDescriptorSocket.setSoWriteTimeout(:com.google.android.gms@202414023@20.24.14 (040800-319035315):0)
01-15 01:38:37.401  1854  2759 W Conscrypt: Could not set socket write timeout: java.net.SocketException: Socket closed
01-15 01:38:37.401  1854  2759 W Conscrypt: 	at com.google.android.gms.org.conscrypt.Platform.setSocketWriteTimeout(:com.google.android.gms@202414023@20.24.14 (040800-319035315):2)
01-15 01:38:37.401  1854  2759 W Conscrypt: 	at com.google.android.gms.org.conscrypt.ConscryptFileDescriptorSocket.setSoWriteTimeout(:com.google.android.gms@202414023@20.24.14 (040800-319035315):0)
01-15 01:38:37.483  1854  2759 W GLSUser : [AppCertManager] IOException while requesting key: 
01-15 01:38:37.483  1854  2759 W GLSUser : java.io.IOException: Invalid device key response.
01-15 01:38:37.483  1854  2759 W GLSUser : 	at hwy.a(:com.google.android.gms@202414023@20.24.14 (040800-319035315):49)
01-15 01:38:37.483  1854  2759 W GLSUser : 	at hww.a(:com.google.android.gms@202414023@20.24.14 (040800-319035315):45)
01-15 01:38:37.483  1854  2759 W GLSUser : 	at hwr.a(:com.google.android.gms@202414023@20.24.14 (040800-319035315):0)
01-15 01:38:37.483  1854  2759 W GLSUser : 	at hwu.a(:com.google.android.gms@202414023@20.24.14 (040800-319035315):10)
01-15 01:38:37.483  1854  2759 W GLSUser : 	at gbi.call(:com.google.android.gms@202414023@20.24.14 (040800-319035315):0)
01-15 01:38:37.483  1854  2759 W GLSUser : 	at java.util.concurrent.FutureTask.run(FutureTask.java:237)
01-15 01:38:37.483  1854  2759 W GLSUser : 	at soy.b(:com.google.android.gms@202414023@20.24.14 (040800-319035315):12)
01-15 01:38:37.483  1854  2759 W GLSUser : 	at soy.run(:com.google.android.gms@202414023@20.24.14 (040800-319035315):7)
01-15 01:38:37.483  1854  2759 W GLSUser : 	at java.util.concurrent.ThreadPoolExecutor.runWorker(ThreadPoolExecutor.java:1133)
01-15 01:38:37.483  1854  2759 W GLSUser : 	at java.util.concurrent.ThreadPoolExecutor$Worker.run(ThreadPoolExecutor.java:607)
01-15 01:38:37.483  1854  2759 W GLSUser : 	at sux.run(:com.google.android.gms@202414023@20.24.14 (040800-319035315):0)
01-15 01:38:37.483  1854  2759 W GLSUser : 	at java.lang.Thread.run(Thread.java:761)
01-15 01:38:37.488  1854 26608 I NetworkScheduler.Stats: Task com.google.android.gms/com.google.android.gms.auth.account.be.legacy.AuthCronService finished executing. cause:5 result: 3 elapsed_millis: 689 uptime_millis: 689 exec_start_elapsed_seconds: 79837 [CONTEXT service_id=218 ]
01-15 01:38:37.964 13351 13351 W IntentService[D: type=1400 audit(0.0:846): avc: denied { read } for name="/" dev="tmpfs" ino=5045 scontext=u:r:priv_app:s0:c512,c768 tcontext=u:object_r:device:s0 tclass=dir permissive=0
01-15 01:38:38.017 13351 13378 D         : HostConnection::get() New Host Connection established 0x7de1deae18c0, tid 13378
01-15 01:38:38.020 13351 13378 D EGL_emulation: eglCreateContext: 0x7de1dea3ec60: maj 3 min 0 rcv 3
01-15 01:38:38.021 13351 13378 D EGL_emulation: eglMakeCurrent: 0x7de1dea3ec60: ver 3 0 (tinfo 0x7de1deb2db20)
01-15 01:38:38.021 13351 13378 E eglCodecCommon: glUtilsParamSize: unknow param 0x00008cdf
01-15 01:38:38.022 13351 13378 E eglCodecCommon: glUtilsParamSize: unknow param 0x00008824
01-15 01:38:38.045 13351 13378 D EGL_emulation: eglCreateContext: 0x7de1dea3ec60: maj 3 min 0 rcv 3
01-15 01:38:38.046 13351 13378 D EGL_emulation: eglMakeCurrent: 0x7de1dea3ec60: ver 3 0 (tinfo 0x7de1deb2db20)
01-15 01:38:38.046 13351 13378 E eglCodecCommon: glUtilsParamSize: unknow param 0x00008cdf
01-15 01:38:38.047 13351 13378 E eglCodecCommon: glUtilsParamSize: unknow param 0x00008824
01-15 01:38:46.563  1854  2681 I NetworkScheduler.Stats: Task com.google.android.gms/com.google.android.gms.measurement.PackageMeasurementTaskService started execution. cause:7 exec_start_elapsed_seconds: 79846 [CONTEXT service_id=218 ]
01-15 01:38:46.610  1697  2650 D DnsEventListenerService: Logging 100 results for netId 100
01-15 01:38:46.668  2396  8466 W FA-SVC  : Interrupted in onRunTask while uploading
01-15 01:38:46.889  1854  7565 E NetworkScheduler.ATC: Called cancelTask for already completed task com.google.android.gms/.measurement.PackageMeasurementTaskService{u=0 tag="Measurement.PackageMeasurementTaskService.UPLOAD_TASK_TAG" trigger=window{start=0s,end=1s,earliest=0s,latest=0s} requirements=[NET_CONNECTED] attributes=[PERSISTED] scheduled=0s last_run=0s jid=N/A status=ACTIVE retries=0 client_lib=GMS_TASK_SCHEDULER-202414000} :1 [CONTEXT service_id=218 ]
01-15 01:38:46.903  1854  2681 E NetworkScheduler.ATC: Called cancelTask for already completed task com.google.android.gms/.measurement.PackageMeasurementTaskService{u=0 tag="Measurement.PackageMeasurementTaskService.UPLOAD_TASK_TAG" trigger=window{start=0s,end=1s,earliest=0s,latest=0s} requirements=[NET_CONNECTED] attributes=[PERSISTED] scheduled=0s last_run=0s jid=N/A status=ACTIVE retries=0 client_lib=GMS_TASK_SCHEDULER-202414000} :1 [CONTEXT service_id=218 ]
01-15 01:38:48.752 13276 13392 I FirebaseCrash: Sending crashes
01-15 01:38:50.870 13393 13393 D AndroidRuntime: >>>>>> START com.android.internal.os.RuntimeInit uid 2000 <<<<<<
01-15 01:38:50.872 13393 13393 D AndroidRuntime: CheckJNI is OFF
01-15 01:38:50.893 13393 13393 W art     : Unexpected CPU variant for X86 using defaults: x86_64
01-15 01:38:50.898 13393 13393 D ICU     : No timezone override file found: /data/misc/zoneinfo/current/icu/icu_tzdata.dat
01-15 01:38:50.915 13393 13393 E memtrack: Couldn't load memtrack module (No such file or directory)
01-15 01:38:50.915 13393 13393 E android.os.Debug: failed to load memtrack module: -2
01-15 01:38:50.916 13393 13393 I Radio-JNI: register_android_hardware_Radio DONE
01-15 01:38:50.923 13393 13393 D AndroidRuntime: Calling main entry com.android.commands.content.Content
01-15 01:38:50.930 13393 13393 D AndroidRuntime: Shutting down VM
01-15 01:38:51.103 13403 13403 D AndroidRuntime: >>>>>> START com.android.internal.os.RuntimeInit uid 2000 <<<<<<
01-15 01:38:51.104 13403 13403 D AndroidRuntime: CheckJNI is OFF
01-15 01:38:51.122 13403 13403 W art     : Unexpected CPU variant for X86 using defaults: x86_64
01-15 01:38:51.126 13403 13403 D ICU     : No timezone override file found: /data/misc/zoneinfo/current/icu/icu_tzdata.dat
01-15 01:38:51.140 13403 13403 E memtrack: Couldn't load memtrack module (No such file or directory)
01-15 01:38:51.141 13403 13403 E android.os.Debug: failed to load memtrack module: -2
01-15 01:38:51.141 13403 13403 I Radio-JNI: register_android_hardware_Radio DONE
01-15 01:38:51.148 13403 13403 D AndroidRuntime: Calling main entry com.android.commands.content.Content
01-15 01:38:51.154 13403 13403 D AndroidRuntime: Shutting down VM
01-15 01:38:52.085 13432 13432 D AndroidRuntime: >>>>>> START com.android.internal.os.RuntimeInit uid 2000 <<<<<<
01-15 01:38:52.086 13432 13432 D AndroidRuntime: CheckJNI is OFF
01-15 01:38:52.105 13432 13432 W art     : Unexpected CPU variant for X86 using defaults: x86_64
01-15 01:38:52.108 13432 13432 D ICU     : No timezone override file found: /data/local/tmp/misc/zoneinfo/current/icu/icu_tzdata.dat
01-15 01:38:52.127 13432 13432 E memtrack: Couldn't load memtrack module (No such file or directory)
01-15 01:38:52.127 13432 13432 E android.os.Debug: failed to load memtrack module: -2
01-15 01:38:52.127 13432 13432 I Radio-JNI: register_android_hardware_Radio DONE
01-15 01:38:52.133 13432 13432 D AndroidRuntime: Calling main entry com.android.commands.uiautomator.Launcher
01-15 01:38:53.166 13432 13432 I AccessibilityNodeInfoDumper: Skipping invisible child: android.view.accessibility.AccessibilityNodeInfo@80012913; boundsInParent: Rect(0, 0 - 0, 71); boundsInScreen: Rect(42, 101 - 42, 172); packageName: io.lerk.lrkFM; className: android.widget.TextView; text: Welcome; error: null; maxTextLength: -1; contentDescription: null; viewIdResName: null; checkable: false; checked: false; focusable: false; focused: false; selected: false; clickable: false; longClickable: false; contextClickable: false; enabled: true; password: false; scrollable: false; actions: [AccessibilityAction: ACTION_SELECT - null, AccessibilityAction: ACTION_CLEAR_SELECTION - null, AccessibilityAction: ACTION_ACCESSIBILITY_FOCUS - null, AccessibilityAction: ACTION_NEXT_AT_MOVEMENT_GRANULARITY - null, AccessibilityAction: ACTION_PREVIOUS_AT_MOVEMENT_GRANULARITY - null, AccessibilityAction: ACTION_SET_SELECTION - null, AccessibilityAction: ACTION_SHOW_ON_SCREEN - null]
01-15 01:38:53.166 13432 13432 I AccessibilityNodeInfoDumper: Skipping invisible child: android.view.accessibility.AccessibilityNodeInfo@80015da1; boundsInParent: Rect(0, 0 - 0, 147); boundsInScreen: Rect(1080, 63 - 1080, 210); packageName: io.lerk.lrkFM; className: android.support.v7.widget.LinearLayoutCompat; text: null; error: null; maxTextLength: -1; contentDescription: null; viewIdResName: null; checkable: false; checked: false; focusable: false; focused: false; selected: false; clickable: false; longClickable: false; contextClickable: false; enabled: true; password: false; scrollable: false; actions: [AccessibilityAction: ACTION_SELECT - null, AccessibilityAction: ACTION_CLEAR_SELECTION - null, AccessibilityAction: ACTION_ACCESSIBILITY_FOCUS - null, AccessibilityAction: ACTION_SHOW_ON_SCREEN - null]
01-15 01:38:53.168 13432 13432 W AccessibilityNodeInfoDumper: Fetch time: 6ms
01-15 01:38:53.169  1697  2339 W WindowManager: Attempted to remove non-existing token: android.os.Binder@ffe86c1
01-15 01:38:53.175 13432 13432 D AndroidRuntime: Shutting down VM
01-15 01:38:53.524 13450 13450 D AndroidRuntime: >>>>>> START com.android.internal.os.RuntimeInit uid 2000 <<<<<<
01-15 01:38:53.526 13450 13450 D AndroidRuntime: CheckJNI is OFF
01-15 01:38:53.543 13450 13450 W art     : Unexpected CPU variant for X86 using defaults: x86_64
01-15 01:38:53.547 13450 13450 D ICU     : No timezone override file found: /data/local/tmp/misc/zoneinfo/current/icu/icu_tzdata.dat
01-15 01:38:53.565 13450 13450 E memtrack: Couldn't load memtrack module (No such file or directory)
01-15 01:38:53.565 13450 13450 E android.os.Debug: failed to load memtrack module: -2
01-15 01:38:53.565 13450 13450 I Radio-JNI: register_android_hardware_Radio DONE
01-15 01:38:53.570 13450 13450 D AndroidRuntime: Calling main entry com.android.commands.uiautomator.Launcher
01-15 01:38:54.602 13450 13450 I AccessibilityNodeInfoDumper: Skipping invisible child: android.view.accessibility.AccessibilityNodeInfo@80012921; boundsInParent: Rect(0, 0 - 0, 71); boundsInScreen: Rect(42, 101 - 42, 172); packageName: io.lerk.lrkFM; className: android.widget.TextView; text: Welcome; error: null; maxTextLength: -1; contentDescription: null; viewIdResName: null; checkable: false; checked: false; focusable: false; focused: false; selected: false; clickable: false; longClickable: false; contextClickable: false; enabled: true; password: false; scrollable: false; actions: [AccessibilityAction: ACTION_SELECT - null, AccessibilityAction: ACTION_CLEAR_SELECTION - null, AccessibilityAction: ACTION_ACCESSIBILITY_FOCUS - null, AccessibilityAction: ACTION_NEXT_AT_MOVEMENT_GRANULARITY - null, AccessibilityAction: ACTION_PREVIOUS_AT_MOVEMENT_GRANULARITY - null, AccessibilityAction: ACTION_SET_SELECTION - null, AccessibilityAction: ACTION_SHOW_ON_SCREEN - null]
01-15 01:38:54.602 13450 13450 I AccessibilityNodeInfoDumper: Skipping invisible child: android.view.accessibility.AccessibilityNodeInfo@80015daf; boundsInParent: Rect(0, 0 - 0, 147); boundsInScreen: Rect(1080, 63 - 1080, 210); packageName: io.lerk.lrkFM; className: android.support.v7.widget.LinearLayoutCompat; text: null; error: null; maxTextLength: -1; contentDescription: null; viewIdResName: null; checkable: false; checked: false; focusable: false; focused: false; selected: false; clickable: false; longClickable: false; contextClickable: false; enabled: true; password: false; scrollable: false; actions: [AccessibilityAction: ACTION_SELECT - null, AccessibilityAction: ACTION_CLEAR_SELECTION - null, AccessibilityAction: ACTION_ACCESSIBILITY_FOCUS - null, AccessibilityAction: ACTION_SHOW_ON_SCREEN - null]
01-15 01:38:54.604 13450 13450 W AccessibilityNodeInfoDumper: Fetch time: 4ms
01-15 01:38:54.605  1697  1842 W WindowManager: Attempted to remove non-existing token: android.os.Binder@1abcdfd
01-15 01:38:54.611 13450 13450 D AndroidRuntime: Shutting down VM
01-15 01:38:55.586 13479 13479 D AndroidRuntime: >>>>>> START com.android.internal.os.RuntimeInit uid 2000 <<<<<<
01-15 01:38:55.588 13479 13479 D AndroidRuntime: CheckJNI is OFF
01-15 01:38:55.606 13479 13479 W art     : Unexpected CPU variant for X86 using defaults: x86_64
01-15 01:38:55.609 13479 13479 D ICU     : No timezone override file found: /data/local/tmp/misc/zoneinfo/current/icu/icu_tzdata.dat
01-15 01:38:55.629 13479 13479 E memtrack: Couldn't load memtrack module (No such file or directory)
01-15 01:38:55.629 13479 13479 E android.os.Debug: failed to load memtrack module: -2
01-15 01:38:55.629 13479 13479 I Radio-JNI: register_android_hardware_Radio DONE
01-15 01:38:55.634 13479 13479 D AndroidRuntime: Calling main entry com.android.commands.uiautomator.Launcher
01-15 01:38:56.660 13479 13479 I AccessibilityNodeInfoDumper: Skipping invisible child: android.view.accessibility.AccessibilityNodeInfo@8001292c; boundsInParent: Rect(0, 0 - 0, 71); boundsInScreen: Rect(42, 101 - 42, 172); packageName: io.lerk.lrkFM; className: android.widget.TextView; text: Welcome; error: null; maxTextLength: -1; contentDescription: null; viewIdResName: null; checkable: false; checked: false; focusable: false; focused: false; selected: false; clickable: false; longClickable: false; contextClickable: false; enabled: true; password: false; scrollable: false; actions: [AccessibilityAction: ACTION_SELECT - null, AccessibilityAction: ACTION_CLEAR_SELECTION - null, AccessibilityAction: ACTION_ACCESSIBILITY_FOCUS - null, AccessibilityAction: ACTION_NEXT_AT_MOVEMENT_GRANULARITY - null, AccessibilityAction: ACTION_PREVIOUS_AT_MOVEMENT_GRANULARITY - null, AccessibilityAction: ACTION_SET_SELECTION - null, AccessibilityAction: ACTION_SHOW_ON_SCREEN - null]
01-15 01:38:56.660 13479 13479 I AccessibilityNodeInfoDumper: Skipping invisible child: android.view.accessibility.AccessibilityNodeInfo@80015dba; boundsInParent: Rect(0, 0 - 0, 147); boundsInScreen: Rect(1080, 63 - 1080, 210); packageName: io.lerk.lrkFM; className: android.support.v7.widget.LinearLayoutCompat; text: null; error: null; maxTextLength: -1; contentDescription: null; viewIdResName: null; checkable: false; checked: false; focusable: false; focused: false; selected: false; clickable: false; longClickable: false; contextClickable: false; enabled: true; password: false; scrollable: false; actions: [AccessibilityAction: ACTION_SELECT - null, AccessibilityAction: ACTION_CLEAR_SELECTION - null, AccessibilityAction: ACTION_ACCESSIBILITY_FOCUS - null, AccessibilityAction: ACTION_SHOW_ON_SCREEN - null]
01-15 01:38:56.662 13479 13479 W AccessibilityNodeInfoDumper: Fetch time: 3ms
01-15 01:38:56.662  1697  1870 W WindowManager: Attempted to remove non-existing token: android.os.Binder@7ec4cf9
01-15 01:38:56.667 13479 13479 D AndroidRuntime: Shutting down VM
01-15 01:38:57.716 13515 13515 D AndroidRuntime: >>>>>> START com.android.internal.os.RuntimeInit uid 2000 <<<<<<
01-15 01:38:57.718 13515 13515 D AndroidRuntime: CheckJNI is OFF
01-15 01:38:57.735 13515 13515 W art     : Unexpected CPU variant for X86 using defaults: x86_64
01-15 01:38:57.738 13515 13515 D ICU     : No timezone override file found: /data/local/tmp/misc/zoneinfo/current/icu/icu_tzdata.dat
01-15 01:38:57.756 13515 13515 E memtrack: Couldn't load memtrack module (No such file or directory)
01-15 01:38:57.756 13515 13515 E android.os.Debug: failed to load memtrack module: -2
01-15 01:38:57.757 13515 13515 I Radio-JNI: register_android_hardware_Radio DONE
01-15 01:38:57.762 13515 13515 D AndroidRuntime: Calling main entry com.android.commands.uiautomator.Launcher
01-15 01:38:58.788 13515 13515 I AccessibilityNodeInfoDumper: Skipping invisible child: android.view.accessibility.AccessibilityNodeInfo@80012938; boundsInParent: Rect(0, 0 - 0, 71); boundsInScreen: Rect(42, 101 - 42, 172); packageName: io.lerk.lrkFM; className: android.widget.TextView; text: Welcome; error: null; maxTextLength: -1; contentDescription: null; viewIdResName: null; checkable: false; checked: false; focusable: false; focused: false; selected: false; clickable: false; longClickable: false; contextClickable: false; enabled: true; password: false; scrollable: false; actions: [AccessibilityAction: ACTION_SELECT - null, AccessibilityAction: ACTION_CLEAR_SELECTION - null, AccessibilityAction: ACTION_ACCESSIBILITY_FOCUS - null, AccessibilityAction: ACTION_NEXT_AT_MOVEMENT_GRANULARITY - null, AccessibilityAction: ACTION_PREVIOUS_AT_MOVEMENT_GRANULARITY - null, AccessibilityAction: ACTION_SET_SELECTION - null, AccessibilityAction: ACTION_SHOW_ON_SCREEN - null]
01-15 01:38:58.788 13515 13515 I AccessibilityNodeInfoDumper: Skipping invisible child: android.view.accessibility.AccessibilityNodeInfo@80015dc6; boundsInParent: Rect(0, 0 - 0, 147); boundsInScreen: Rect(1080, 63 - 1080, 210); packageName: io.lerk.lrkFM; className: android.support.v7.widget.LinearLayoutCompat; text: null; error: null; maxTextLength: -1; contentDescription: null; viewIdResName: null; checkable: false; checked: false; focusable: false; focused: false; selected: false; clickable: false; longClickable: false; contextClickable: false; enabled: true; password: false; scrollable: false; actions: [AccessibilityAction: ACTION_SELECT - null, AccessibilityAction: ACTION_CLEAR_SELECTION - null, AccessibilityAction: ACTION_ACCESSIBILITY_FOCUS - null, AccessibilityAction: ACTION_SHOW_ON_SCREEN - null]
01-15 01:38:58.790 13515 13515 W AccessibilityNodeInfoDumper: Fetch time: 4ms
01-15 01:38:58.790  1697  1709 W WindowManager: Attempted to remove non-existing token: android.os.Binder@1a7729f
01-15 01:38:58.795 13515 13515 D AndroidRuntime: Shutting down VM
01-15 01:38:59.160 13536 13536 D AndroidRuntime: >>>>>> START com.android.internal.os.RuntimeInit uid 2000 <<<<<<
01-15 01:38:59.163 13536 13536 D AndroidRuntime: CheckJNI is OFF
