01-15 17:45:56.222  3248  3320 I GnssLocationProvider: WakeLock acquired by sendMessage(REPORT_SV_STATUS, 0, com.android.server.location.GnssLocationProvider$SvStatusInfo@c498197)
01-15 17:45:56.223  3248  3261 I GnssLocationProvider: WakeLock released by handleMessage(REPORT_SV_STATUS, 0, com.android.server.location.GnssLocationProvider$SvStatusInfo@c498197)
01-15 17:45:57.223  3248  3320 I GnssLocationProvider: WakeLock acquired by sendMessage(REPORT_SV_STATUS, 0, com.android.server.location.GnssLocationProvider$SvStatusInfo@2925f84)
01-15 17:45:57.223  3248  3261 I GnssLocationProvider: WakeLock released by handleMessage(REPORT_SV_STATUS, 0, com.android.server.location.GnssLocationProvider$SvStatusInfo@2925f84)
01-15 17:45:58.228  3248  3320 I GnssLocationProvider: WakeLock acquired by sendMessage(REPORT_SV_STATUS, 0, com.android.server.location.GnssLocationProvider$SvStatusInfo@585136d)
01-15 17:45:58.228  3248  3261 I GnssLocationProvider: WakeLock released by handleMessage(REPORT_SV_STATUS, 0, com.android.server.location.GnssLocationProvider$SvStatusInfo@585136d)
01-15 17:45:59.230  3248  3320 I GnssLocationProvider: WakeLock acquired by sendMessage(REPORT_SV_STATUS, 0, com.android.server.location.GnssLocationProvider$SvStatusInfo@8e2aba2)
01-15 17:45:59.231  3248  3261 I GnssLocationProvider: WakeLock released by handleMessage(REPORT_SV_STATUS, 0, com.android.server.location.GnssLocationProvider$SvStatusInfo@8e2aba2)
01-15 17:46:00.018  3404  3574 D EGL_emulation: eglMakeCurrent: 0x7931639200: ver 3 0 (tinfo 0x7931681c60)
01-15 17:46:00.235  3248  3320 I GnssLocationProvider: WakeLock acquired by sendMessage(REPORT_SV_STATUS, 0, com.android.server.location.GnssLocationProvider$SvStatusInfo@497eff0)
01-15 17:46:00.235  3248  3261 I GnssLocationProvider: WakeLock released by handleMessage(REPORT_SV_STATUS, 0, com.android.server.location.GnssLocationProvider$SvStatusInfo@497eff0)
01-15 17:46:01.237  3248  3320 I GnssLocationProvider: WakeLock acquired by sendMessage(REPORT_SV_STATUS, 0, com.android.server.location.GnssLocationProvider$SvStatusInfo@36c7969)
01-15 17:46:01.237  3248  3261 I GnssLocationProvider: WakeLock released by handleMessage(REPORT_SV_STATUS, 0, com.android.server.location.GnssLocationProvider$SvStatusInfo@36c7969)
01-15 17:46:02.239  3248  3320 I GnssLocationProvider: WakeLock acquired by sendMessage(REPORT_SV_STATUS, 0, com.android.server.location.GnssLocationProvider$SvStatusInfo@263dfee)
01-15 17:46:02.239  3248  3261 I GnssLocationProvider: WakeLock released by handleMessage(REPORT_SV_STATUS, 0, com.android.server.location.GnssLocationProvider$SvStatusInfo@263dfee)
01-15 17:46:02.706 23986 23986 D AndroidRuntime: >>>>>> START com.android.internal.os.RuntimeInit uid 2000 <<<<<<
01-15 17:46:02.708 23986 23986 E cutils-trace: Error opening trace file: No such file or directory (2)
01-15 17:46:02.740 23986 23986 I app_process: The ClassLoaderContext is a special shared library.
01-15 17:46:02.741 23986 23986 I app_process: The ClassLoaderContext is a special shared library.
01-15 17:46:02.754 23986 23986 D AndroidRuntime: Calling main entry com.android.commands.uiautomator.Launcher
01-15 17:46:02.760  3248  3248 V SettingsProvider: Notifying for 0: content://settings/secure/accessibility_enabled
01-15 17:46:02.762  4324  4426 I A       : NGA disabled due to not being eligible.
01-15 17:46:03.244  3248  3320 I GnssLocationProvider: WakeLock acquired by sendMessage(REPORT_SV_STATUS, 0, com.android.server.location.GnssLocationProvider$SvStatusInfo@74a4325)
01-15 17:46:03.245  3248  3261 I GnssLocationProvider: WakeLock released by handleMessage(REPORT_SV_STATUS, 0, com.android.server.location.GnssLocationProvider$SvStatusInfo@74a4325)
01-15 17:46:03.775 23986 23986 I AccessibilityNodeInfoDumper: Skipping invisible child: android.view.accessibility.AccessibilityNodeInfo@20120; boundsInParent: Rect(0, 0 - 0, 126); boundsInScreen: Rect(231, 1017 - 231, 1143); packageName: com.google.android.packageinstaller; className: android.widget.LinearLayout; text: null; error: null; maxTextLength: -1; contentDescription: null; tooltipText: null; viewIdResName: null; checkable: false; checked: false; focusable: false; focused: false; selected: false; clickable: false; longClickable: false; contextClickable: false; enabled: true; password: false; scrollable: false; importantForAccessibility: false; visible: false; actions: [AccessibilityAction: ACTION_SELECT - null, AccessibilityAction: ACTION_CLEAR_SELECTION - null, AccessibilityAction: ACTION_ACCESSIBILITY_FOCUS - null, AccessibilityAction: ACTION_SHOW_ON_SCREEN - null]
01-15 17:46:03.775 23986 23986 W AccessibilityNodeInfoDumper: Fetch time: 5ms
01-15 17:46:03.778  3248 13824 W WindowManager: removeWindowToken: Attempted to remove non-existing token: android.os.Binder@2d50c8f
01-15 17:46:03.779  3248  3248 V SettingsProvider: Notifying for 0: content://settings/secure/accessibility_enabled
01-15 17:46:03.782  4324  4422 I A       : NGA disabled due to not being eligible.
01-15 17:46:03.782 23986 23986 D AndroidRuntime: Shutting down VM
01-15 17:46:04.038 24000 24000 D AndroidRuntime: >>>>>> START com.android.internal.os.RuntimeInit uid 2000 <<<<<<
01-15 17:46:04.040 24000 24000 E cutils-trace: Error opening trace file: No such file or directory (2)
01-15 17:46:04.071 24000 24000 I app_process: The ClassLoaderContext is a special shared library.
01-15 17:46:04.083 24000 24000 D AndroidRuntime: Calling main entry com.android.commands.input.Input
01-15 17:46:04.086 24000 24000 I Input   : injectMotionEvent: MotionEvent { action=ACTION_DOWN, actionButton=0, id[0]=0, x[0]=607.0, y[0]=1080.0, toolType[0]=TOOL_TYPE_UNKNOWN, buttonState=0, metaState=0, flags=0x0, edgeFlags=0x0, pointerCount=1, historySize=0, eventTime=10577493, downTime=10577493, deviceId=0, source=0x1002 }
01-15 17:46:04.088 24000 24000 I Input   : injectMotionEvent: MotionEvent { action=ACTION_UP, actionButton=0, id[0]=0, x[0]=607.0, y[0]=1080.0, toolType[0]=TOOL_TYPE_UNKNOWN, buttonState=0, metaState=0, flags=0x0, edgeFlags=0x0, pointerCount=1, historySize=0, eventTime=10577493, downTime=10577493, deviceId=0, source=0x1002 }
01-15 17:46:04.089 24000 24000 D AndroidRuntime: Shutting down VM
01-15 17:46:04.148  3019  3065 D AudioFlinger: mixer(0x6f88688d40) throttle end: throttle time(36)
01-15 17:46:04.159  3248  3261 E memtrack: Couldn't load memtrack module
01-15 17:46:04.159  3248  3261 W android.os.Debug: failed to get memory consumption info: -1
01-15 17:46:04.173  3248  5645 I ActivityManager: START u0 {act=android.settings.APPLICATION_DETAILS_SETTINGS dat=package:com.ichi2.anki flg=0x10000 cmp=com.android.settings/.applications.InstalledAppDetails} from uid 10103
01-15 17:46:04.203  3248  5645 W ActivityManager: startActivity called from finishing ActivityRecord{23dcf62 u0 com.ichi2.anki/.DeckPicker t38 f}; forcing Intent.FLAG_ACTIVITY_NEW_TASK for: Intent { act=android.settings.APPLICATION_DETAILS_SETTINGS dat=package:com.ichi2.anki flg=0x10000 cmp=com.android.settings/.applications.InstalledAppDetails }
01-15 17:46:04.214  3248  3261 E memtrack: Couldn't load memtrack module
01-15 17:46:04.214  3248  3261 W android.os.Debug: failed to get memory consumption info: -1
01-15 17:46:04.230  3248 13824 W WindowManager: Unable to start animation, surface is null or no children.
01-15 17:46:04.248  3248  3320 I GnssLocationProvider: WakeLock acquired by sendMessage(REPORT_SV_STATUS, 0, com.android.server.location.GnssLocationProvider$SvStatusInfo@1c7615f)
01-15 17:46:04.249  3248  3261 I GnssLocationProvider: WakeLock released by handleMessage(REPORT_SV_STATUS, 0, com.android.server.location.GnssLocationProvider$SvStatusInfo@1c7615f)
01-15 17:46:04.260  3010  3051 D gralloc_ranchu: gralloc_alloc: Creating ashmem region of size 360448
01-15 17:46:04.261  3010  3051 D gralloc_ranchu: gralloc_alloc: Creating ashmem region of size 360448
01-15 17:46:04.266 29076 29092 D EGL_emulation: eglMakeCurrent: 0x79316368c0: ver 3 0 (tinfo 0x793160d460)
01-15 17:46:04.266  3010  3051 D gralloc_ranchu: gralloc_alloc: Creating ashmem region of size 360448
01-15 17:46:04.275 23681 23710 D EGL_emulation: eglMakeCurrent: 0x7931636b40: ver 3 0 (tinfo 0x793160d520)
01-15 17:46:04.279  3010  3051 D gralloc_ranchu: gralloc_alloc: Creating ashmem region of size 8298496
01-15 17:46:04.279 29076 29092 D OpenGLRenderer: endAllActiveAnimators on 0x791c660100 (RippleDrawable) with handle 0x792fae1340
01-15 17:46:04.282  3248  3264 I ActivityManager: Start proc 24016:com.android.settings/1000 for activity com.android.settings/.applications.InstalledAppDetails
01-15 17:46:04.284 24016 24016 E ndroid.setting: Not starting debugger since process cannot load the jdwp agent.
01-15 17:46:04.296 23681 23710 D EGL_emulation: eglMakeCurrent: 0x7931636b40: ver 3 0 (tinfo 0x793160d520)
01-15 17:46:04.302  3103  3103 D SurfaceFlinger: duplicate layer name: changing Surface(name=AppWindowToken{addced1 token=Token{5dd19f8 ActivityRecord{7c18d5b u0 com.google.android.packageinstaller/com.android.packageinstaller.permission.ui.GrantPermissionsActivity t38}}})/@0x40d4d7d - animation-leash to Surface(name=AppWindowToken{addced1 token=Token{5dd19f8 ActivityRecord{7c18d5b u0 com.google.android.packageinstaller/com.android.packageinstaller.permission.ui.GrantPermissionsActivity t38}}})/@0x40d4d7d - animation-leash#1
01-15 17:46:04.310  3010  3051 D gralloc_ranchu: gralloc_alloc: Creating ashmem region of size 8298496
01-15 17:46:04.312 24016 24016 I ndroid.setting: The ClassLoaderContext is a special shared library.
01-15 17:46:04.318 24016 24016 I ndroid.setting: The ClassLoaderContext is a special shared library.
01-15 17:46:04.319  3404  3574 D EGL_emulation: eglMakeCurrent: 0x7931639200: ver 3 0 (tinfo 0x7931681c60)
01-15 17:46:04.345  3404  3574 I chatty  : uid=10020(com.android.systemui) RenderThread identical 3 lines
01-15 17:46:04.349  3404  3574 D EGL_emulation: eglMakeCurrent: 0x7931639200: ver 3 0 (tinfo 0x7931681c60)
01-15 17:46:04.351 23681 23710 D EGL_emulation: eglMakeCurrent: 0x7931636b40: ver 3 0 (tinfo 0x793160d520)
01-15 17:46:04.363  3404  3574 D EGL_emulation: eglMakeCurrent: 0x7931639200: ver 3 0 (tinfo 0x7931681c60)
01-15 17:46:04.364 24016 24016 D OpenGLRenderer: Skia GL Pipeline
01-15 17:46:04.366  3404  3574 D EGL_emulation: eglMakeCurrent: 0x7931639200: ver 3 0 (tinfo 0x7931681c60)
01-15 17:46:04.373 24016 24016 D SettingsActivity: Starting onCreate
01-15 17:46:04.380  3404  3574 D EGL_emulation: eglMakeCurrent: 0x7931639200: ver 3 0 (tinfo 0x7931681c60)
01-15 17:46:04.383  3404  3574 D EGL_emulation: eglMakeCurrent: 0x7931639200: ver 3 0 (tinfo 0x7931681c60)
01-15 17:46:04.386 24016 24016 D SettingsActivity: Starting to set activity title
01-15 17:46:04.386 24016 24016 D SettingsActivity: Done setting title
01-15 17:46:04.386 24016 24016 D SettingsActivity: Switching to fragment com.android.settings.applications.appinfo.AppInfoDashboardFragment
01-15 17:46:04.398  3404  3574 D EGL_emulation: eglMakeCurrent: 0x7931639200: ver 3 0 (tinfo 0x7931681c60)
01-15 17:46:04.400  3404  3574 D EGL_emulation: eglMakeCurrent: 0x7931639200: ver 3 0 (tinfo 0x7931681c60)
01-15 17:46:04.401 24016 24016 D PrefCtrlListHelper: Could not find Context-only controller for pref: com.android.settings.applications.appinfo.AppNotificationPreferenceController
01-15 17:46:04.401 24016 24016 D PrefCtrlListHelper: Could not find Context-only controller for pref: com.android.settings.applications.appinfo.AppPermissionPreferenceController
01-15 17:46:04.402 24016 24016 D PrefCtrlListHelper: Could not find Context-only controller for pref: com.android.settings.applications.appinfo.AppStoragePreferenceController
01-15 17:46:04.402 24016 24016 D PrefCtrlListHelper: Could not find Context-only controller for pref: com.android.settings.applications.appinfo.InstantAppDomainsPreferenceController
01-15 17:46:04.402 24016 24016 D PrefCtrlListHelper: Could not find Context-only controller for pref: com.android.settings.applications.appinfo.AppDataUsagePreferenceController
01-15 17:46:04.402 24016 24016 D PrefCtrlListHelper: Could not find Context-only controller for pref: com.android.settings.applications.appinfo.TimeSpentInAppPreferenceController
01-15 17:46:04.402 24016 24016 D PrefCtrlListHelper: Could not find Context-only controller for pref: com.android.settings.applications.appinfo.AppOpenByDefaultPreferenceController
01-15 17:46:04.403 24016 24016 D PrefCtrlListHelper: Could not find Context-only controller for pref: com.android.settings.applications.appinfo.AdvancedAppInfoPreferenceCategoryController
01-15 17:46:04.403 24016 24016 D PrefCtrlListHelper: Could not find Context-only controller for pref: com.android.settings.applications.appinfo.DrawOverlayDetailPreferenceController
01-15 17:46:04.403 24016 24016 D PrefCtrlListHelper: Could not find Context-only controller for pref: com.android.settings.applications.appinfo.WriteSystemSettingsPreferenceController
01-15 17:46:04.403 24016 24016 D PrefCtrlListHelper: Could not find Context-only controller for pref: com.android.settings.applications.appinfo.PictureInPictureDetailPreferenceController
01-15 17:46:04.403 24016 24016 D PrefCtrlListHelper: Could not find Context-only controller for pref: com.android.settings.applications.appinfo.ExternalSourceDetailPreferenceController
01-15 17:46:04.403 24016 24016 D PrefCtrlListHelper: Could not find Context-only controller for pref: com.android.settings.applications.appinfo.AppInstallerPreferenceCategoryController
01-15 17:46:04.403 24016 24016 D PrefCtrlListHelper: Could not find Context-only controller for pref: com.android.settings.applications.appinfo.AppInstallerInfoPreferenceController
01-15 17:46:04.403 24016 24016 D PrefCtrlListHelper: Could not find Context-only controller for pref: com.android.settings.applications.appinfo.AppSettingPreferenceController
01-15 17:46:04.403 24016 24016 D PrefCtrlListHelper: Could not find Context-only controller for pref: com.android.settings.applications.appinfo.AppVersionPreferenceController
01-15 17:46:04.405 24016 24016 W Settings: Unable to find info for package: null
01-15 17:46:04.413 24016 24016 W InstrumentedPrefFrag: Screen title missing for fragment com.android.settings.applications.appinfo.AppInfoDashboardFragment
01-15 17:46:04.415  3404  3574 D EGL_emulation: eglMakeCurrent: 0x7931639200: ver 3 0 (tinfo 0x7931681c60)
01-15 17:46:04.433  3404  3574 I chatty  : uid=10020(com.android.systemui) RenderThread identical 2 lines
01-15 17:46:04.435  3404  3574 D EGL_emulation: eglMakeCurrent: 0x7931639200: ver 3 0 (tinfo 0x7931681c60)
01-15 17:46:04.436 24016 24016 W TileUtils: Found com.android.settings.Settings$NotificationAppListActivity for intent Intent { act=com.android.settings.action.SETTINGS pkg=com.android.settings } missing metadata com.android.settings.category
01-15 17:46:04.445 24016 24016 W TileUtils: Ignoring icon tintable for ActivityInfo{e786450 com.google.android.gms.security.settings.VerifyAppsSettingsActivity}
01-15 17:46:04.446 24016 24016 W TileUtils: Ignoring icon tintable for ActivityInfo{db34649 com.google.android.gms.update.SystemUpdateActivity}
01-15 17:46:04.448 24016 24016 W TileUtils: Ignoring icon tintable for ActivityInfo{a355b4e com.google.android.gms.mdm.settings.AdmSettingsActivity}
01-15 17:46:04.448 24016 24016 W TileUtils: Ignoring icon tintable for ActivityInfo{6ddd46f com.google.android.gms.adsidentity.settings.AdsIdentitySettingsActivity}
01-15 17:46:04.449 24016 24016 W TileUtils: Ignoring icon tintable for ActivityInfo{7757c com.google.android.gms.autofill.ui.AutofillSettingsPrivacyHubActivity}
01-15 17:46:04.449 24016 24016 W TileUtils: Ignoring icon tintable for ActivityInfo{2e0fe05 com.google.android.location.settings.LocationHistorySettingsActivity}
01-15 17:46:04.450 24016 24016 W TileUtils: Ignoring icon tintable for ActivityInfo{40fde5a com.google.android.gms.usagereporting.settings.UsageReportingActivity}
01-15 17:46:04.454  3103  3160 W SurfaceFlinger: Attempting to set client state on removed layer: com.google.android.packageinstaller/com.android.packageinstaller.permission.ui.GrantPermissionsActivity#0
01-15 17:46:04.454  3103  3160 W SurfaceFlinger: Attempting to destroy on removed layer: com.google.android.packageinstaller/com.android.packageinstaller.permission.ui.GrantPermissionsActivity#0
01-15 17:46:04.458 24016 24016 D AppInfoDashboard: NO dashboard tiles for AppInfoDashboard
01-15 17:46:04.459 24016 24016 D SettingsActivity: Executed frag manager pendingTransactions
01-15 17:46:04.467  3103  3103 W SurfaceFlinger: couldn't log to binary event log: overflow.
01-15 17:46:04.472 24016 24035 I DeviceIndex: Skipping: device index is not enabled
01-15 17:46:04.474 24016 24034 W TileUtils: Found com.android.settings.Settings$NotificationAppListActivity for intent Intent { act=com.android.settings.action.SETTINGS pkg=com.android.settings } missing metadata com.android.settings.category
01-15 17:46:04.483  3248  3266 E BluetoothAdapter: Bluetooth binder is null
01-15 17:46:04.483  3248  3266 E BatteryExternalStatsWorker: no controller energy info supplied for wifi
01-15 17:46:04.487 24016 24016 D AppUtils: Have 0 number of activities in preferred list
01-15 17:46:04.489  3248  3266 E KernelCpuSpeedReader: Failed to read cpu-freq: /sys/devices/system/cpu/cpu0/cpufreq/stats/time_in_state (No such file or directory)
01-15 17:46:04.492 24016 24016 W ContextImpl: Calling a method in the system process without a qualified user: android.app.ContextImpl.bindService:1611 android.content.ContextWrapper.bindService:698 android.content.pm.permission.RuntimePermissionPresenter$RemoteService.processMessage:171 android.content.pm.permission.RuntimePermissionPresenter.getAppPermissions:118 com.android.settingslib.applications.PermissionsSummaryHelper.getPermissionSummary:34 
01-15 17:46:04.492 24016 24034 D SettingsActivity: No enabled state changed, skipping updateCategory call
01-15 17:46:04.497 24016 24016 W com.android.settings: type=1400 audit(0.0:10986): avc: denied { search } for comm=4173796E635461736B202332 name="/" dev="bpf" ino=1 scontext=u:r:system_app:s0 tcontext=u:object_r:fs_bpf:s0 tclass=dir permissive=0
01-15 17:46:04.590 24016 24016 W AppActionButtonControl: App is not explicitly stopped
01-15 17:46:04.594 24016 24016 D AppUtils: Have 0 number of activities in preferred list
01-15 17:46:04.600  3103  3152 E SurfaceFlinger: ro.sf.lcd_density must be defined as a build property
01-15 17:46:04.695  3010  3051 D gralloc_ranchu: gralloc_alloc: Creating ashmem region of size 8298496
01-15 17:46:04.696  3010  5624 D gralloc_ranchu: gralloc_alloc: Creating ashmem region of size 8298496
01-15 17:46:04.696 24016 24038 D HostConnection: HostConnection::get() New Host Connection established 0x7931636e60, tid 24038
01-15 17:46:04.697  3010  3052 D gralloc_ranchu: gralloc_alloc: Creating ashmem region of size 8298496
01-15 17:46:04.709 24016 24038 D HostConnection: HostComposition ext ANDROID_EMU_CHECKSUM_HELPER_v1 ANDROID_EMU_sync_buffer_data GL_OES_EGL_image_external_essl3 GL_OES_vertex_array_object GL_KHR_texture_compression_astc_ldr ANDROID_EMU_host_side_tracing ANDROID_EMU_gles_max_version_3_0 
01-15 17:46:04.711 24016 24038 I ConfigStore: android::hardware::configstore::V1_0::ISurfaceFlingerConfigs::hasWideColorDisplay retrieved: 0
01-15 17:46:04.711 24016 24038 I ConfigStore: android::hardware::configstore::V1_0::ISurfaceFlingerConfigs::hasHDRDisplay retrieved: 0
01-15 17:46:04.711 24016 24038 I OpenGLRenderer: Initialized EGL, version 1.4
01-15 17:46:04.711 24016 24038 D OpenGLRenderer: Swap behavior 1
01-15 17:46:04.711 24016 24038 W OpenGLRenderer: Failed to choose config with EGL_SWAP_BEHAVIOR_PRESERVED, retrying without...
01-15 17:46:04.711 24016 24038 D OpenGLRenderer: Swap behavior 0
01-15 17:46:04.712 24016 24038 D eglCodecCommon: setVertexArrayObject: set vao to 0 (0) 0 0
01-15 17:46:04.712 24016 24038 D EGL_emulation: eglCreateContext: 0x7931637040: maj 3 min 0 rcv 3
01-15 17:46:04.713 24016 24038 D EGL_emulation: eglMakeCurrent: 0x7931637040: ver 3 0 (tinfo 0x793160d960)
01-15 17:46:04.716  3103  3657 E SurfaceFlinger: ro.sf.lcd_density must be defined as a build property
01-15 17:46:04.725 24016 24038 D HostConnection: createUnique: call
01-15 17:46:04.726 24016 24038 D HostConnection: HostConnection::get() New Host Connection established 0x79316372c0, tid 24038
01-15 17:46:04.731 24016 24038 D HostConnection: HostComposition ext ANDROID_EMU_CHECKSUM_HELPER_v1 ANDROID_EMU_sync_buffer_data GL_OES_EGL_image_external_essl3 GL_OES_vertex_array_object GL_KHR_texture_compression_astc_ldr ANDROID_EMU_host_side_tracing ANDROID_EMU_gles_max_version_3_0 
01-15 17:46:04.734 24016 24038 D EGL_emulation: eglMakeCurrent: 0x7931637040: ver 3 0 (tinfo 0x793160d960)
01-15 17:46:04.734  3392  3392 I GoogleInputMethod: onFinishInput() : Dummy InputConnection bound
01-15 17:46:04.735  3392  3392 I GoogleInputMethod: onStartInput() : Dummy InputConnection bound
01-15 17:46:04.738 24016 24038 D eglCodecCommon: setVertexArrayObject: set vao to 0 (0) 1 2
01-15 17:46:04.815  3248  3270 I ActivityManager: Displayed com.android.settings/.applications.InstalledAppDetails: +581ms
01-15 17:46:04.832  3103  3657 W SurfaceFlinger: Attempting to destroy on removed layer: AppWindowToken{dfb19b0 token=Token{14d58f3 ActivityRecord{23dcf62 u0 com.ichi2.anki/.DeckPicker t38}}}#0
01-15 17:46:04.977  3103  3783 W SurfaceFlinger: Attempting to set client state on removed layer: Splash Screen com.android.settings#0
01-15 17:46:04.977  3103  3783 W SurfaceFlinger: Attempting to destroy on removed layer: Splash Screen com.android.settings#0
01-15 17:46:05.023 24016 24016 D AppInfoDashboard: Package change irrelevant, skipping
01-15 17:46:05.030 24016 24016 I chatty  : uid=1000(system) com.android.settings identical 9 lines
01-15 17:46:05.031 24016 24016 D AppInfoDashboard: Package change irrelevant, skipping
01-15 17:46:05.033 24016 24016 W AppActionButtonControl: App is not explicitly stopped
01-15 17:46:05.034 24016 24016 D AppUtils: Have 0 number of activities in preferred list
01-15 17:46:05.035 24016 24016 D AppInfoDashboard: Package change irrelevant, skipping
01-15 17:46:05.145 24016 24016 I chatty  : uid=1000(system) com.android.settings identical 97 lines
01-15 17:46:05.145 24016 24016 D AppInfoDashboard: Package change irrelevant, skipping
01-15 17:46:05.253  3248  3320 I GnssLocationProvider: WakeLock acquired by sendMessage(REPORT_SV_STATUS, 0, com.android.server.location.GnssLocationProvider$SvStatusInfo@57e8aca)
01-15 17:46:05.254  3248  3261 I GnssLocationProvider: WakeLock released by handleMessage(REPORT_SV_STATUS, 0, com.android.server.location.GnssLocationProvider$SvStatusInfo@57e8aca)
01-15 17:46:06.260  3248  3320 I GnssLocationProvider: WakeLock acquired by sendMessage(REPORT_SV_STATUS, 0, com.android.server.location.GnssLocationProvider$SvStatusInfo@766d43b)
01-15 17:46:06.260  3248  3261 I GnssLocationProvider: WakeLock released by handleMessage(REPORT_SV_STATUS, 0, com.android.server.location.GnssLocationProvider$SvStatusInfo@766d43b)
01-15 17:46:06.281  3275  3278 D hwcomposer: hw_composer sent 48 syncs in 66s
01-15 17:46:07.264  3248  3320 I GnssLocationProvider: WakeLock acquired by sendMessage(REPORT_SV_STATUS, 0, com.android.server.location.GnssLocationProvider$SvStatusInfo@c148758)
01-15 17:46:07.265  3248  3261 I GnssLocationProvider: WakeLock released by handleMessage(REPORT_SV_STATUS, 0, com.android.server.location.GnssLocationProvider$SvStatusInfo@c148758)
01-15 17:46:07.497 24044 24044 W ls      : type=1400 audit(0.0:10987): avc: denied { getattr } for path="/proc/fb" dev="proc" ino=4026531899 scontext=u:r:shell:s0 tcontext=u:object_r:proc:s0 tclass=file permissive=0
01-15 17:46:07.668  3248  3618 W NotificationService: Toast already killed. pkg=com.ichi2.anki callback=android.app.ITransientNotification$Stub$Proxy@ef6c104
01-15 17:46:08.194  3103  3284 W SurfaceFlinger: Attempting to destroy on removed layer: 2474c67 Toast#0
01-15 17:46:08.265  3248  3320 I GnssLocationProvider: WakeLock acquired by sendMessage(REPORT_SV_STATUS, 0, com.android.server.location.GnssLocationProvider$SvStatusInfo@2d8fb3)
01-15 17:46:08.265  3248  3261 I GnssLocationProvider: WakeLock released by handleMessage(REPORT_SV_STATUS, 0, com.android.server.location.GnssLocationProvider$SvStatusInfo@2d8fb3)
01-15 17:46:09.272  3248  3320 I GnssLocationProvider: WakeLock acquired by sendMessage(REPORT_SV_STATUS, 0, com.android.server.location.GnssLocationProvider$SvStatusInfo@ca0e970)
01-15 17:46:09.276  3248  3261 I GnssLocationProvider: WakeLock released by handleMessage(REPORT_SV_STATUS, 0, com.android.server.location.GnssLocationProvider$SvStatusInfo@ca0e970)
01-15 17:46:09.543  3392  3392 I EmojiSuperpacksFeature: Emoji superpacks enabled
01-15 17:46:09.544  3392  3392 I Conv2QueryExtension: isEnabled() : true
01-15 17:46:09.544  3392  3392 I FeatureCardGenerator: Make a GIF card not added
01-15 17:46:09.545  3392  3392 I FeatureCardGenerator: Autospace card not added
01-15 17:46:09.806 24480 24480 D AndroidRuntime: >>>>>> START com.android.internal.os.RuntimeInit uid 2000 <<<<<<
01-15 17:46:09.809 24480 24480 E cutils-trace: Error opening trace file: No such file or directory (2)
01-15 17:46:09.855 24480 24480 I app_process: The ClassLoaderContext is a special shared library.
01-15 17:46:09.866 24480 24480 D AndroidRuntime: Calling main entry com.android.commands.monkey.Monkey
01-15 17:46:09.868 24480 24480 W Monkey  : args: [-p, com.ichi2.anki, -c, android.intent.category.LAUNCHER, 1]
01-15 17:46:09.868 24480 24480 W Monkey  :  arg: "-p"
01-15 17:46:09.868 24480 24480 W Monkey  :  arg: "com.ichi2.anki"
01-15 17:46:09.868 24480 24480 W Monkey  :  arg: "-c"
01-15 17:46:09.868 24480 24480 W Monkey  :  arg: "android.intent.category.LAUNCHER"
01-15 17:46:09.868 24480 24480 W Monkey  :  arg: "1"
01-15 17:46:09.868 24480 24480 W Monkey  : data="com.ichi2.anki"
01-15 17:46:09.868 24480 24480 W Monkey  : data="android.intent.category.LAUNCHER"
01-15 17:46:09.875  3248  3262 W BroadcastQueue: Skipping deliver [background] BroadcastRecord{ee47688 u-1 android.net.conn.CONNECTIVITY_CHANGE} to ReceiverList{8941821 24480 (unknown name)/2000/u-1 remote:6373a7a}: process gone or crashing
01-15 17:46:09.878  3248  3839 I ActivityManager: START u0 {act=android.intent.action.MAIN cat=[android.intent.category.LAUNCHER] flg=0x10200000 cmp=com.ichi2.anki/.IntentHandler} from uid 2000
01-15 17:46:09.878  3248  3839 W Binder  : Outgoing transactions from this process must be FLAG_ONEWAY
01-15 17:46:09.878  3248  3839 W Binder  : java.lang.Throwable
01-15 17:46:09.878  3248  3839 W Binder  : 	at android.os.BinderProxy.transact(Binder.java:1114)
01-15 17:46:09.878  3248  3839 W Binder  : 	at android.app.IActivityController$Stub$Proxy.activityStarting(IActivityController.java:176)
01-15 17:46:09.878  3248  3839 W Binder  : 	at com.android.server.am.ActivityStarter.startActivity(ActivityStarter.java:737)
01-15 17:46:09.878  3248  3839 W Binder  : 	at com.android.server.am.ActivityStarter.startActivity(ActivityStarter.java:544)
01-15 17:46:09.878  3248  3839 W Binder  : 	at com.android.server.am.ActivityStarter.startActivityMayWait(ActivityStarter.java:1099)
01-15 17:46:09.878  3248  3839 W Binder  : 	at com.android.server.am.ActivityStarter.execute(ActivityStarter.java:486)
01-15 17:46:09.878  3248  3839 W Binder  : 	at com.android.server.am.ActivityManagerService.startActivityAsUser(ActivityManagerService.java:5120)
01-15 17:46:09.878  3248  3839 W Binder  : 	at com.android.server.am.ActivityManagerService.startActivityAsUser(ActivityManagerService.java:5094)
01-15 17:46:09.878  3248  3839 W Binder  : 	at com.android.server.am.ActivityManagerService.startActivity(ActivityManagerService.java:5085)
01-15 17:46:09.878  3248  3839 W Binder  : 	at android.app.IActivityManager$Stub.onTransact$startActivity$(IActivityManager.java:10084)
01-15 17:46:09.878  3248  3839 W Binder  : 	at android.app.IActivityManager$Stub.onTransact(IActivityManager.java:122)
01-15 17:46:09.878  3248  3839 W Binder  : 	at com.android.server.am.ActivityManagerService.onTransact(ActivityManagerService.java:3291)
01-15 17:46:09.878  3248  3839 W Binder  : 	at android.os.Binder.execTransact(Binder.java:731)
01-15 17:46:09.885 24480 24480 I Monkey  : Events injected: 1
01-15 17:46:09.885  3248  3248 V SettingsProvider: Notifying for 0: content://settings/system/accelerometer_rotation
01-15 17:46:09.895 24480 24480 I Monkey  : ## Network stats: elapsed time=16ms (0ms mobile, 0ms wifi, 16ms not connected)
01-15 17:46:09.895 24480 24480 I app_process: System.exit called, status: 0
01-15 17:46:09.895 24480 24480 I AndroidRuntime: VM exiting with result code 0.
01-15 17:46:10.277  3248  3320 I GnssLocationProvider: WakeLock acquired by sendMessage(REPORT_SV_STATUS, 0, com.android.server.location.GnssLocationProvider$SvStatusInfo@5ffd607)
01-15 17:46:10.277  3248  3261 I GnssLocationProvider: WakeLock released by handleMessage(REPORT_SV_STATUS, 0, com.android.server.location.GnssLocationProvider$SvStatusInfo@5ffd607)
01-15 17:46:11.280  3248  3320 I GnssLocationProvider: WakeLock acquired by sendMessage(REPORT_SV_STATUS, 0, com.android.server.location.GnssLocationProvider$SvStatusInfo@18e7334)
01-15 17:46:11.281  3248  3261 I GnssLocationProvider: WakeLock released by handleMessage(REPORT_SV_STATUS, 0, com.android.server.location.GnssLocationProvider$SvStatusInfo@18e7334)
01-15 17:46:12.283  3248  3320 I GnssLocationProvider: WakeLock acquired by sendMessage(REPORT_SV_STATUS, 0, com.android.server.location.GnssLocationProvider$SvStatusInfo@ef9155d)
01-15 17:46:12.284  3248  3261 I GnssLocationProvider: WakeLock released by handleMessage(REPORT_SV_STATUS, 0, com.android.server.location.GnssLocationProvider$SvStatusInfo@ef9155d)
01-15 17:46:13.288  3248  3320 I GnssLocationProvider: WakeLock acquired by sendMessage(REPORT_SV_STATUS, 0, com.android.server.location.GnssLocationProvider$SvStatusInfo@77e9ed2)
01-15 17:46:13.289  3248  3261 I GnssLocationProvider: WakeLock released by handleMessage(REPORT_SV_STATUS, 0, com.android.server.location.GnssLocationProvider$SvStatusInfo@77e9ed2)
01-15 17:46:14.291  3248  3320 I GnssLocationProvider: WakeLock acquired by sendMessage(REPORT_SV_STATUS, 0, com.android.server.location.GnssLocationProvider$SvStatusInfo@db9cba3)
01-15 17:46:14.292  3248  3261 I GnssLocationProvider: WakeLock released by handleMessage(REPORT_SV_STATUS, 0, com.android.server.location.GnssLocationProvider$SvStatusInfo@db9cba3)
01-15 17:46:15.054  3248  3261 E memtrack: Couldn't load memtrack module
01-15 17:46:15.054  3248  3261 W android.os.Debug: failed to get memory consumption info: -1
01-15 17:46:15.293  3248  3320 I GnssLocationProvider: WakeLock acquired by sendMessage(REPORT_SV_STATUS, 0, com.android.server.location.GnssLocationProvider$SvStatusInfo@7398ea0)
01-15 17:46:15.296  3248  3261 I GnssLocationProvider: WakeLock released by handleMessage(REPORT_SV_STATUS, 0, com.android.server.location.GnssLocationProvider$SvStatusInfo@7398ea0)
01-15 17:46:16.296  3248  3320 I GnssLocationProvider: WakeLock acquired by sendMessage(REPORT_SV_STATUS, 0, com.android.server.location.GnssLocationProvider$SvStatusInfo@cb6aa59)
01-15 17:46:16.297  3248  3261 I GnssLocationProvider: WakeLock released by handleMessage(REPORT_SV_STATUS, 0, com.android.server.location.GnssLocationProvider$SvStatusInfo@cb6aa59)
01-15 17:46:17.301  3248  3320 I GnssLocationProvider: WakeLock acquired by sendMessage(REPORT_SV_STATUS, 0, com.android.server.location.GnssLocationProvider$SvStatusInfo@b83d61e)
01-15 17:46:17.302  3248  3261 I GnssLocationProvider: WakeLock released by handleMessage(REPORT_SV_STATUS, 0, com.android.server.location.GnssLocationProvider$SvStatusInfo@b83d61e)
01-15 17:46:18.306  3248  3320 I GnssLocationProvider: WakeLock acquired by sendMessage(REPORT_SV_STATUS, 0, com.android.server.location.GnssLocationProvider$SvStatusInfo@b937eff)
01-15 17:46:18.307  3248  3261 I GnssLocationProvider: WakeLock released by handleMessage(REPORT_SV_STATUS, 0, com.android.server.location.GnssLocationProvider$SvStatusInfo@b937eff)
01-15 17:46:09.893  3248  3248 V SettingsProvider: Notifying for 0: content://settings/system/accelerometer_rotation
01-15 17:46:18.672  3248  3248 W WindowManager: removeWindowToken: Attempted to remove non-existing token: android.os.Binder@1eb1dd
01-15 17:46:19.310  3248  3320 I GnssLocationProvider: WakeLock acquired by sendMessage(REPORT_SV_STATUS, 0, com.android.server.location.GnssLocationProvider$SvStatusInfo@6b8f4cc)
01-15 17:46:19.311  3248  3261 I GnssLocationProvider: WakeLock released by handleMessage(REPORT_SV_STATUS, 0, com.android.server.location.GnssLocationProvider$SvStatusInfo@6b8f4cc)
01-15 17:46:20.313  3248  3320 I GnssLocationProvider: WakeLock acquired by sendMessage(REPORT_SV_STATUS, 0, com.android.server.location.GnssLocationProvider$SvStatusInfo@91e9315)
01-15 17:46:20.314  3248  3261 I GnssLocationProvider: WakeLock released by handleMessage(REPORT_SV_STATUS, 0, com.android.server.location.GnssLocationProvider$SvStatusInfo@91e9315)
01-15 17:46:21.316  3248  3320 I GnssLocationProvider: WakeLock acquired by sendMessage(REPORT_SV_STATUS, 0, com.android.server.location.GnssLocationProvider$SvStatusInfo@a13362a)
01-15 17:46:21.316  3248  3261 I GnssLocationProvider: WakeLock released by handleMessage(REPORT_SV_STATUS, 0, com.android.server.location.GnssLocationProvider$SvStatusInfo@a13362a)
01-15 17:46:22.320  3248  3320 I GnssLocationProvider: WakeLock acquired by sendMessage(REPORT_SV_STATUS, 0, com.android.server.location.GnssLocationProvider$SvStatusInfo@32b0c1b)
01-15 17:46:22.320  3248  3261 I GnssLocationProvider: WakeLock released by handleMessage(REPORT_SV_STATUS, 0, com.android.server.location.GnssLocationProvider$SvStatusInfo@32b0c1b)
01-15 17:46:23.322  3248  3320 I GnssLocationProvider: WakeLock acquired by sendMessage(REPORT_SV_STATUS, 0, com.android.server.location.GnssLocationProvider$SvStatusInfo@ee691b8)
01-15 17:46:23.322  3248  3261 I GnssLocationProvider: WakeLock released by handleMessage(REPORT_SV_STATUS, 0, com.android.server.location.GnssLocationProvider$SvStatusInfo@ee691b8)
01-15 17:46:24.324  3248  3320 I GnssLocationProvider: WakeLock acquired by sendMessage(REPORT_SV_STATUS, 0, com.android.server.location.GnssLocationProvider$SvStatusInfo@4e24b91)
01-15 17:46:24.324  3248  3261 I GnssLocationProvider: WakeLock released by handleMessage(REPORT_SV_STATUS, 0, com.android.server.location.GnssLocationProvider$SvStatusInfo@4e24b91)
01-15 17:46:25.328  3248  3320 I GnssLocationProvider: WakeLock acquired by sendMessage(REPORT_SV_STATUS, 0, com.android.server.location.GnssLocationProvider$SvStatusInfo@a868af6)
01-15 17:46:25.328  3248  3261 I GnssLocationProvider: WakeLock released by handleMessage(REPORT_SV_STATUS, 0, com.android.server.location.GnssLocationProvider$SvStatusInfo@a868af6)
01-15 17:46:26.147 24493 24493 D AndroidRuntime: >>>>>> START com.android.internal.os.RuntimeInit uid 2000 <<<<<<
01-15 17:46:26.150 24493 24493 E cutils-trace: Error opening trace file: No such file or directory (2)
01-15 17:46:26.196 24493 24493 I app_process: The ClassLoaderContext is a special shared library.
01-15 17:46:26.196 24493 24493 I app_process: The ClassLoaderContext is a special shared library.
01-15 17:46:26.214 24493 24493 D AndroidRuntime: Calling main entry com.android.commands.uiautomator.Launcher
01-15 17:46:26.224  3248  3248 V SettingsProvider: Notifying for 0: content://settings/secure/accessibility_enabled
01-15 17:46:26.228  4324  4426 I A       : NGA disabled due to not being eligible.
01-15 17:46:26.331  3248  3320 I GnssLocationProvider: WakeLock acquired by sendMessage(REPORT_SV_STATUS, 0, com.android.server.location.GnssLocationProvider$SvStatusInfo@4f0fcd)
01-15 17:46:26.332  3248  3261 I GnssLocationProvider: WakeLock released by handleMessage(REPORT_SV_STATUS, 0, com.android.server.location.GnssLocationProvider$SvStatusInfo@4f0fcd)
01-15 17:46:27.269 24493 24493 I AccessibilityNodeInfoDumper: Skipping invisible child: android.view.accessibility.AccessibilityNodeInfo@1186e; boundsInParent: Rect(0, 0 - 1080, 0); boundsInScreen: Rect(0, 210 - 1080, 210); packageName: com.android.settings; className: android.widget.FrameLayout; text: null; error: null; maxTextLength: -1; contentDescription: null; tooltipText: null; viewIdResName: com.android.settings:id/content_header_container; checkable: false; checked: false; focusable: false; focused: false; selected: false; clickable: false; longClickable: false; contextClickable: false; enabled: true; password: false; scrollable: false; importantForAccessibility: false; visible: false; actions: [AccessibilityAction: ACTION_SELECT - null, AccessibilityAction: ACTION_CLEAR_SELECTION - null, AccessibilityAction: ACTION_ACCESSIBILITY_FOCUS - null, AccessibilityAction: ACTION_SHOW_ON_SCREEN - null]
01-15 17:46:27.271 24493 24493 I AccessibilityNodeInfoDumper: Skipping invisible child: android.view.accessibility.AccessibilityNodeInfo@1854b; boundsInParent: Rect(0, 0 - 0, 126); boundsInScreen: Rect(1038, 273 - 1038, 399); packageName: com.android.settings; className: android.widget.LinearLayout; text: null; error: null; maxTextLength: -1; contentDescription: null; tooltipText: null; viewIdResName: com.android.settings:id/entity_header_links; checkable: false; checked: false; focusable: false; focused: false; selected: false; clickable: false; longClickable: false; contextClickable: false; enabled: true; password: false; scrollable: false; importantForAccessibility: false; visible: false; actions: [AccessibilityAction: ACTION_SELECT - null, AccessibilityAction: ACTION_CLEAR_SELECTION - null, AccessibilityAction: ACTION_ACCESSIBILITY_FOCUS - null, AccessibilityAction: ACTION_SHOW_ON_SCREEN - null]
01-15 17:46:27.277 24493 24493 W AccessibilityNodeInfoDumper: Fetch time: 11ms
01-15 17:46:27.277  3248  3258 W WindowManager: removeWindowToken: Attempted to remove non-existing token: android.os.Binder@9e44ef7
01-15 17:46:27.279  3248  3248 V SettingsProvider: Notifying for 0: content://settings/secure/accessibility_enabled
01-15 17:46:27.280  4324  4422 I A       : NGA disabled due to not being eligible.
01-15 17:46:27.281 24493 24493 D AndroidRuntime: Shutting down VM
01-15 17:46:27.332  3248  3320 I GnssLocationProvider: WakeLock acquired by sendMessage(REPORT_SV_STATUS, 0, com.android.server.location.GnssLocationProvider$SvStatusInfo@d84e393)
01-15 17:46:27.332  3248  3261 I GnssLocationProvider: WakeLock released by handleMessage(REPORT_SV_STATUS, 0, com.android.server.location.GnssLocationProvider$SvStatusInfo@d84e393)
01-15 17:46:28.337  3248  3320 I GnssLocationProvider: WakeLock acquired by sendMessage(REPORT_SV_STATUS, 0, com.android.server.location.GnssLocationProvider$SvStatusInfo@59ddfd0)
01-15 17:46:28.337  3248  3261 I GnssLocationProvider: WakeLock released by handleMessage(REPORT_SV_STATUS, 0, com.android.server.location.GnssLocationProvider$SvStatusInfo@59ddfd0)
01-15 17:46:28.508 24523 24523 D AndroidRuntime: >>>>>> START com.android.internal.os.RuntimeInit uid 2000 <<<<<<
01-15 17:46:28.510 24523 24523 E cutils-trace: Error opening trace file: No such file or directory (2)
01-15 17:46:28.546 24523 24523 I app_process: The ClassLoaderContext is a special shared library.
01-15 17:46:28.546 24523 24523 I app_process: The ClassLoaderContext is a special shared library.
01-15 17:46:28.556 24523 24523 D AndroidRuntime: Calling main entry com.android.commands.uiautomator.Launcher
01-15 17:46:28.562  4324  4426 I A       : NGA disabled due to not being eligible.
01-15 17:46:29.343  3248  3320 I GnssLocationProvider: WakeLock acquired by sendMessage(REPORT_SV_STATUS, 0, com.android.server.location.GnssLocationProvider$SvStatusInfo@89025ef)
01-15 17:46:29.343  3248  3261 I GnssLocationProvider: WakeLock released by handleMessage(REPORT_SV_STATUS, 0, com.android.server.location.GnssLocationProvider$SvStatusInfo@89025ef)
01-15 17:46:29.583 24523 24523 I AccessibilityNodeInfoDumper: Skipping invisible child: android.view.accessibility.AccessibilityNodeInfo@11878; boundsInParent: Rect(0, 0 - 1080, 0); boundsInScreen: Rect(0, 210 - 1080, 210); packageName: com.android.settings; className: android.widget.FrameLayout; text: null; error: null; maxTextLength: -1; contentDescription: null; tooltipText: null; viewIdResName: com.android.settings:id/content_header_container; checkable: false; checked: false; focusable: false; focused: false; selected: false; clickable: false; longClickable: false; contextClickable: false; enabled: true; password: false; scrollable: false; importantForAccessibility: false; visible: false; actions: [AccessibilityAction: ACTION_SELECT - null, AccessibilityAction: ACTION_CLEAR_SELECTION - null, AccessibilityAction: ACTION_ACCESSIBILITY_FOCUS - null, AccessibilityAction: ACTION_SHOW_ON_SCREEN - null]
01-15 17:46:29.586 24523 24523 I AccessibilityNodeInfoDumper: Skipping invisible child: android.view.accessibility.AccessibilityNodeInfo@18555; boundsInParent: Rect(0, 0 - 0, 126); boundsInScreen: Rect(1038, 273 - 1038, 399); packageName: com.android.settings; className: android.widget.LinearLayout; text: null; error: null; maxTextLength: -1; contentDescription: null; tooltipText: null; viewIdResName: com.android.settings:id/entity_header_links; checkable: false; checked: false; focusable: false; focused: false; selected: false; clickable: false; longClickable: false; contextClickable: false; enabled: true; password: false; scrollable: false; importantForAccessibility: false; visible: false; actions: [AccessibilityAction: ACTION_SELECT - null, AccessibilityAction: ACTION_CLEAR_SELECTION - null, AccessibilityAction: ACTION_ACCESSIBILITY_FOCUS - null, AccessibilityAction: ACTION_SHOW_ON_SCREEN - null]
01-15 17:46:29.591 24523 24523 W AccessibilityNodeInfoDumper: Fetch time: 13ms
01-15 17:46:28.560  3248  3248 V SettingsProvider: Notifying for 0: content://settings/secure/accessibility_enabled
01-15 17:46:29.592  3248  3315 W WindowManager: removeWindowToken: Attempted to remove non-existing token: android.os.Binder@949dbc9
01-15 17:46:29.593  3248  3248 V SettingsProvider: Notifying for 0: content://settings/secure/accessibility_enabled
01-15 17:46:29.594  4324  4422 I A       : NGA disabled due to not being eligible.
01-15 17:46:29.598 24523 24523 D AndroidRuntime: Shutting down VM
01-15 17:46:30.003 24543 24543 D AndroidRuntime: >>>>>> START com.android.internal.os.RuntimeInit uid 2000 <<<<<<
01-15 17:46:30.005 24543 24543 E cutils-trace: Error opening trace file: No such file or directory (2)
01-15 17:46:30.034 24543 24543 I app_process: The ClassLoaderContext is a special shared library.
01-15 17:46:30.034 24543 24543 I app_process: The ClassLoaderContext is a special shared library.
01-15 17:46:30.045 24543 24543 D AndroidRuntime: Calling main entry com.android.commands.uiautomator.Launcher
01-15 17:46:30.050  4324  4426 I A       : NGA disabled due to not being eligible.
01-15 17:46:30.344  3248  3320 I GnssLocationProvider: WakeLock acquired by sendMessage(REPORT_SV_STATUS, 0, com.android.server.location.GnssLocationProvider$SvStatusInfo@63320b)
01-15 17:46:30.345  3248  3261 I GnssLocationProvider: WakeLock released by handleMessage(REPORT_SV_STATUS, 0, com.android.server.location.GnssLocationProvider$SvStatusInfo@63320b)
01-15 17:46:31.077 24543 24543 I AccessibilityNodeInfoDumper: Skipping invisible child: android.view.accessibility.AccessibilityNodeInfo@11880; boundsInParent: Rect(0, 0 - 1080, 0); boundsInScreen: Rect(0, 210 - 1080, 210); packageName: com.android.settings; className: android.widget.FrameLayout; text: null; error: null; maxTextLength: -1; contentDescription: null; tooltipText: null; viewIdResName: com.android.settings:id/content_header_container; checkable: false; checked: false; focusable: false; focused: false; selected: false; clickable: false; longClickable: false; contextClickable: false; enabled: true; password: false; scrollable: false; importantForAccessibility: false; visible: false; actions: [AccessibilityAction: ACTION_SELECT - null, AccessibilityAction: ACTION_CLEAR_SELECTION - null, AccessibilityAction: ACTION_ACCESSIBILITY_FOCUS - null, AccessibilityAction: ACTION_SHOW_ON_SCREEN - null]
01-15 17:46:31.078 24543 24543 I AccessibilityNodeInfoDumper: Skipping invisible child: android.view.accessibility.AccessibilityNodeInfo@1855d; boundsInParent: Rect(0, 0 - 0, 126); boundsInScreen: Rect(1038, 273 - 1038, 399); packageName: com.android.settings; className: android.widget.LinearLayout; text: null; error: null; maxTextLength: -1; contentDescription: null; tooltipText: null; viewIdResName: com.android.settings:id/entity_header_links; checkable: false; checked: false; focusable: false; focused: false; selected: false; clickable: false; longClickable: false; contextClickable: false; enabled: true; password: false; scrollable: false; importantForAccessibility: false; visible: false; actions: [AccessibilityAction: ACTION_SELECT - null, AccessibilityAction: ACTION_CLEAR_SELECTION - null, AccessibilityAction: ACTION_ACCESSIBILITY_FOCUS - null, AccessibilityAction: ACTION_SHOW_ON_SCREEN - null]
01-15 17:46:31.079 24543 24543 W AccessibilityNodeInfoDumper: Fetch time: 8ms
01-15 17:46:30.049  3248  3248 V SettingsProvider: Notifying for 0: content://settings/secure/accessibility_enabled
01-15 17:46:31.081  3248  3618 W WindowManager: removeWindowToken: Attempted to remove non-existing token: android.os.Binder@d0b6b85
01-15 17:46:31.082  3248  3248 V SettingsProvider: Notifying for 0: content://settings/secure/accessibility_enabled
01-15 17:46:31.084  4324  4422 I A       : NGA disabled due to not being eligible.
01-15 17:46:31.087 24543 24543 D AndroidRuntime: Shutting down VM
01-15 17:46:31.348  3248  3320 I GnssLocationProvider: WakeLock acquired by sendMessage(REPORT_SV_STATUS, 0, com.android.server.location.GnssLocationProvider$SvStatusInfo@99c3b01)
01-15 17:46:31.348  3248  3261 I GnssLocationProvider: WakeLock released by handleMessage(REPORT_SV_STATUS, 0, com.android.server.location.GnssLocationProvider$SvStatusInfo@99c3b01)
01-15 17:46:32.311 24573 24573 D AndroidRuntime: >>>>>> START com.android.internal.os.RuntimeInit uid 2000 <<<<<<
01-15 17:46:32.312 24573 24573 E cutils-trace: Error opening trace file: No such file or directory (2)
01-15 17:46:32.344 24573 24573 I app_process: The ClassLoaderContext is a special shared library.
01-15 17:46:32.344 24573 24573 I app_process: The ClassLoaderContext is a special shared library.
01-15 17:46:32.350  3248  3320 I GnssLocationProvider: WakeLock acquired by sendMessage(REPORT_SV_STATUS, 0, com.android.server.location.GnssLocationProvider$SvStatusInfo@5459da6)
01-15 17:46:32.351  3248  3261 I GnssLocationProvider: WakeLock released by handleMessage(REPORT_SV_STATUS, 0, com.android.server.location.GnssLocationProvider$SvStatusInfo@5459da6)
01-15 17:46:32.356 24573 24573 D AndroidRuntime: Calling main entry com.android.commands.uiautomator.Launcher
01-15 17:46:32.361  4324  4426 I A       : NGA disabled due to not being eligible.
01-15 17:46:33.357  3248  3320 I GnssLocationProvider: WakeLock acquired by sendMessage(REPORT_SV_STATUS, 0, com.android.server.location.GnssLocationProvider$SvStatusInfo@b10863d)
01-15 17:46:33.357  3248  3261 I GnssLocationProvider: WakeLock released by handleMessage(REPORT_SV_STATUS, 0, com.android.server.location.GnssLocationProvider$SvStatusInfo@b10863d)
01-15 17:46:33.377 24573 24573 I AccessibilityNodeInfoDumper: Skipping invisible child: android.view.accessibility.AccessibilityNodeInfo@1188c; boundsInParent: Rect(0, 0 - 1080, 0); boundsInScreen: Rect(0, 210 - 1080, 210); packageName: com.android.settings; className: android.widget.FrameLayout; text: null; error: null; maxTextLength: -1; contentDescription: null; tooltipText: null; viewIdResName: com.android.settings:id/content_header_container; checkable: false; checked: false; focusable: false; focused: false; selected: false; clickable: false; longClickable: false; contextClickable: false; enabled: true; password: false; scrollable: false; importantForAccessibility: false; visible: false; actions: [AccessibilityAction: ACTION_SELECT - null, AccessibilityAction: ACTION_CLEAR_SELECTION - null, AccessibilityAction: ACTION_ACCESSIBILITY_FOCUS - null, AccessibilityAction: ACTION_SHOW_ON_SCREEN - null]
01-15 17:46:33.379 24573 24573 I AccessibilityNodeInfoDumper: Skipping invisible child: android.view.accessibility.AccessibilityNodeInfo@18569; boundsInParent: Rect(0, 0 - 0, 126); boundsInScreen: Rect(1038, 273 - 1038, 399); packageName: com.android.settings; className: android.widget.LinearLayout; text: null; error: null; maxTextLength: -1; contentDescription: null; tooltipText: null; viewIdResName: com.android.settings:id/entity_header_links; checkable: false; checked: false; focusable: false; focused: false; selected: false; clickable: false; longClickable: false; contextClickable: false; enabled: true; password: false; scrollable: false; importantForAccessibility: false; visible: false; actions: [AccessibilityAction: ACTION_SELECT - null, AccessibilityAction: ACTION_CLEAR_SELECTION - null, AccessibilityAction: ACTION_ACCESSIBILITY_FOCUS - null, AccessibilityAction: ACTION_SHOW_ON_SCREEN - null]
01-15 17:46:33.384 24573 24573 W AccessibilityNodeInfoDumper: Fetch time: 10ms
01-15 17:46:32.359  3248  3248 V SettingsProvider: Notifying for 0: content://settings/secure/accessibility_enabled
01-15 17:46:33.386  3248  3258 W WindowManager: removeWindowToken: Attempted to remove non-existing token: android.os.Binder@910e3e7
01-15 17:46:33.387  3248  3248 V SettingsProvider: Notifying for 0: content://settings/secure/accessibility_enabled
01-15 17:46:33.389  4324  4422 I A       : NGA disabled due to not being eligible.
01-15 17:46:33.394 24573 24573 D AndroidRuntime: Shutting down VM
