--------- beginning of main
01-15 17:45:06.042  3248  3320 I GnssLocationProvider: WakeLock acquired by sendMessage(REPORT_SV_STATUS, 0, com.android.server.location.GnssLocationProvider$SvStatusInfo@f55e8a5)
01-15 17:45:06.042  3248  3261 I GnssLocationProvider: WakeLock released by handleMessage(REPORT_SV_STATUS, 0, com.android.server.location.GnssLocationProvider$SvStatusInfo@f55e8a5)
01-15 17:45:07.048  3248  3320 I GnssLocationProvider: WakeLock acquired by sendMessage(REPORT_SV_STATUS, 0, com.android.server.location.GnssLocationProvider$SvStatusInfo@914847a)
01-15 17:45:07.049  3248  3261 I GnssLocationProvider: WakeLock released by handleMessage(REPORT_SV_STATUS, 0, com.android.server.location.GnssLocationProvider$SvStatusInfo@914847a)
01-15 17:45:08.051  3248  3320 I GnssLocationProvider: WakeLock acquired by sendMessage(REPORT_SV_STATUS, 0, com.android.server.location.GnssLocationProvider$SvStatusInfo@e75c42b)
01-15 17:45:08.051  3248  3261 I GnssLocationProvider: WakeLock released by handleMessage(REPORT_SV_STATUS, 0, com.android.server.location.GnssLocationProvider$SvStatusInfo@e75c42b)
--------- beginning of system
01-15 17:45:08.737  3248  3262 I ActivityManager: Force stopping org.odk.collect.android appid=10102 user=-1: deletePackageX
01-15 17:45:08.737  3248  3262 I ActivityManager: Killing 23519:org.odk.collect.android/u0a102 (adj 100): stop org.odk.collect.android
01-15 17:45:08.738  3248  3262 W ActivityManager: Scheduling restart of crashed service org.odk.collect.android/com.evernote.android.job.JobRescheduleService in 1000ms
01-15 17:45:08.740  3248  3265 W libprocessgroup: kill(-23519, 9) failed: No such process
01-15 17:45:08.740  3793  3793 D BoundBrokerSvc: onUnbind: Intent { act=com.google.android.gms.measurement.START pkg=com.google.android.gms }
01-15 17:45:08.745  3248  3262 I ActivityManager:   Force stopping service ServiceRecord{89b3741 u0 org.odk.collect.android/com.evernote.android.job.JobRescheduleService}
01-15 17:45:08.750  3248  3286 I PackageManager: Removing old permission tree: org.odk.collect.android.permission.C2D_MESSAGE from package org.odk.collect.android
01-15 17:45:08.781  3248  3265 W libprocessgroup: kill(-23519, 9) failed: No such process
01-15 17:45:08.793  3104  3104 I Zygote  : Process 23519 exited due to signal (9)
01-15 17:45:08.811  3109  3109 I keystore: clear_uid 10102
01-15 17:45:08.825  3248  3265 W libprocessgroup: kill(-23519, 9) failed: No such process
01-15 17:45:08.825  3248  3265 I libprocessgroup: Successfully killed process cgroup uid 10102 pid 23519 in 85ms
01-15 17:45:08.840  3248  3286 I system_server: Explicit concurrent copying GC freed 28857(1458KB) AllocSpace objects, 9(436KB) LOS objects, 35% free, 11MB/17MB, paused 34us total 27.045ms
01-15 17:45:08.844  3248  3286 I ActivityManager: Force stopping org.odk.collect.android appid=10102 user=0: pkg removed
01-15 17:45:08.854  3248  3262 W BroadcastQueue: Background execution not allowed: receiving Intent { act=android.intent.action.PACKAGE_REMOVED dat=package:org.odk.collect.android flg=0x4000010 (has extras) } to com.android.musicfx/.Compatibility$Receiver
01-15 17:45:08.854  3248  3262 W BroadcastQueue: Background execution not allowed: receiving Intent { act=android.intent.action.PACKAGE_REMOVED dat=package:org.odk.collect.android flg=0x4000010 (has extras) } to com.android.vending/com.google.android.finsky.packagemonitor.impl.PackageMonitorReceiverImpl$RegisteredReceiver
01-15 17:45:08.854  3248  3262 W BroadcastQueue: Background execution not allowed: receiving Intent { act=android.intent.action.PACKAGE_REMOVED dat=package:org.odk.collect.android flg=0x4000010 (has extras) } to com.android.vending/com.google.android.finsky.instantapps.appmanagement.InstantAppRemoveMonitor
01-15 17:45:08.854  3248  3262 W BroadcastQueue: Background execution not allowed: receiving Intent { act=android.intent.action.PACKAGE_REMOVED dat=package:org.odk.collect.android flg=0x4000010 (has extras) } to com.google.android.gms/.games.chimera.GamesSystemBroadcastReceiverProxy
01-15 17:45:08.854  3248  3262 W BroadcastQueue: Background execution not allowed: receiving Intent { act=android.intent.action.PACKAGE_REMOVED dat=package:org.odk.collect.android flg=0x4000010 (has extras) } to com.google.android.gms/.chimera.GmsIntentOperationService$PersistentTrustedReceiver
01-15 17:45:08.854  3248  3262 W BroadcastQueue: Background execution not allowed: receiving Intent { act=android.intent.action.PACKAGE_REMOVED dat=package:org.odk.collect.android flg=0x4000010 (has extras) } to com.google.android.googlequicksearchbox/com.google.android.apps.gsa.googlequicksearchbox.GelStubAppWatcher
01-15 17:45:08.858  3248  3334 I InputReader: Reconfiguring input devices.  changes=0x00000010
01-15 17:45:08.862  4001  4001 I Finsky  : [2] ssf.m(0): PackageMonitorReceiverImpl - Received: android.intent.action.PACKAGE_REMOVED, [looijjRKOtGW1nzoWHe2NrqA522_MCPQVhrRScwVKS0]
01-15 17:45:08.864  4001  4001 I Finsky  : [2] ssx.n(8): Invalidating cached PackageState for org.odk.collect.android
01-15 17:45:08.864  4001  4001 I Finsky  : [2] ssx.s(5): Package no longer installed: org.odk.collect.android
01-15 17:45:08.871  3248  3248 I ConditionProviders: Disallowing condition provider org.odk.collect.android
01-15 17:45:08.891  3822  3822 I GsaVoiceInteractionSrv: (REDACTED) O received %s
01-15 17:45:08.903  4929  4929 E CarrierServices: [2] btx.a: Invalid signature found for com.android.contacts: 18B66F4996F3D01CEAD29D3A3AA81801E7950B82
01-15 17:45:08.906  4001  4001 I Finsky  : [2] ssx.s(5): Package no longer installed: org.odk.collect.android
01-15 17:45:08.915  3248  3350 D WifiConfigManager: Remove all networks for app ApplicationInfo{dfe7700 org.odk.collect.android}
01-15 17:45:08.916  4929  4929 E CarrierServices: [2] btx.a: Invalid signature found for com.android.contacts: 18B66F4996F3D01CEAD29D3A3AA81801E7950B82
01-15 17:45:08.926  3461  3461 D CarrierSvcBindHelper: No carrier app for: 0
01-15 17:45:08.930  4001 23572 I Finsky  : [339] kwu.run(2): Frosting DB delete succeeded: true
01-15 17:45:08.932  4001 23572 I Finsky  : [339] kwu.run(2): Frosting DB delete succeeded: false
01-15 17:45:08.941  4001  4208 I Finsky  : [121] goc.a(5): AIM: AppInfoManager-Perf > OnDeviceAppInfo > cacheHitCount=0, cacheMissCount=1. Missed  in cache (limit 10) : [org.odk.collect.android]
01-15 17:45:08.942  3793 23577 I BlockstoreStorage: Clearing all the Blockstore Data for package org.odk.collect.android [CONTEXT service_id=258 ]
01-15 17:45:08.945  4001  4001 I Finsky  : [2] adsk.c(3): Do not start WearSupportService due to Wear service optimization
01-15 17:45:08.945  3793 23577 I BlockstoreStorage: Clearing all the Blockstore Data for 1 packages [CONTEXT service_id=258 ]
01-15 17:45:08.945  4001  4208 I Finsky  : [121] glp.apply(78): AIM: Got app ownership map. App counts: . Unique apps: 0
01-15 17:45:08.957  4001  4001 I Finsky  : [2] wyc.a(8): Clearing split related stale data.
01-15 17:45:08.960  3793 26616 I ContentMaintenance: Internal cache bytes used: 0; limit: 100000000; download size: 0
01-15 17:45:08.975  4001  4208 I Finsky  : [121] gnw.a(11): AIM: AppInfoManager-Perf > ItemModel > CacheSize=0, cacheHitCount=0, cacheMissCount=1, total appsWithNoServerDataCount=0. Missed  in cache (limit 10) : [org.odk.collect.android]
01-15 17:45:08.977  3793 26616 I RealtimeCacheCleanup: Beginning Realtime garbage collection.
01-15 17:45:08.977  3793 26616 I RealtimeCacheCleanup: Finished Realtime garbage collection.
01-15 17:45:08.978  3632 23576 I Fitness : FitCleanupIntentOperation received Intent android.intent.action.PACKAGE_REMOVED [CONTEXT service_id=17 ]
01-15 17:45:08.981  3793  3996 I Icing   : doRemovePackageData org.odk.collect.android
01-15 17:45:08.984  3793  5060 I Icing   : IndexChimeraService.getServiceInterface callingPackage=com.google.android.gms componentName=AppsCorpus serviceId=36
01-15 17:45:08.987  4001 23604 I Finsky  : [350] njc.accept(24): IQ: handled package removed
01-15 17:45:08.990  3793  3793 D BoundBrokerSvc: onBind: Intent { act=com.google.android.gms.feedback.internal.IFeedbackService dat=chimera-action: cmp=com.google.android.gms/.chimera.GmsBoundBrokerService }
01-15 17:45:08.990  3793  3793 D BoundBrokerSvc: Loading bound service for intent: Intent { act=com.google.android.gms.feedback.internal.IFeedbackService dat=chimera-action: cmp=com.google.android.gms/.chimera.GmsBoundBrokerService }
01-15 17:45:08.993  4001  4208 I Finsky  : [121] goa.p(3): AIM: AppInfoManager-Perf > ItemModel > ItemStore Called 1 apps cacheOptions = USE_CACHE
01-15 17:45:08.994  4001  4208 I Finsky  : [121] gnw.a(80): AIM: ItemModel fetch - unauth(1), auth()
01-15 17:45:08.994  4001  4001 I Finsky  : [2] ssf.m(0): PackageMonitorReceiverImpl - Received: android.intent.action.PACKAGE_FULLY_REMOVED, [looijjRKOtGW1nzoWHe2NrqA522_MCPQVhrRScwVKS0]
01-15 17:45:08.994  4001  4001 I Finsky  : [2] ssx.n(8): Invalidating cached PackageState for org.odk.collect.android
01-15 17:45:08.995  4001  4001 I Finsky  : [2] ssx.s(5): Package no longer installed: org.odk.collect.android
01-15 17:45:08.996  4001 23607 I Finsky  : [351] at.a(48): Asset module storage cleared for package org.odk.collect.android.
01-15 17:45:08.997  4001 23572 I Finsky  : [339] kwu.run(2): Frosting DB delete succeeded: false
01-15 17:45:08.998  4001  4001 I Finsky  : [2] ssf.m(0): PackageMonitorReceiverImpl - Deduping intent android.intent.action.PACKAGE_FULLY_REMOVED
01-15 17:45:09.011  3793  3996 W Icing   : No valid account for uploading user actions
01-15 17:45:09.030  3793  3793 D BoundBrokerSvc: onBind: Intent { act=com.google.android.gms.common.BIND_SHARED_PREFS pkg=com.google.android.gms }
01-15 17:45:09.031  3793  3793 D BoundBrokerSvc: Loading bound service for intent: Intent { act=com.google.android.gms.common.BIND_SHARED_PREFS pkg=com.google.android.gms }
01-15 17:45:09.038  3793  3793 D BoundBrokerSvc: onUnbind: Intent { act=com.google.android.gms.common.BIND_SHARED_PREFS pkg=com.google.android.gms }
01-15 17:45:09.053  3793  3996 I Icing   : Usage reports ok 0, Failed Usage reports 0, indexed 0, rejected 0
01-15 17:45:09.056  3248  3320 I GnssLocationProvider: WakeLock acquired by sendMessage(REPORT_SV_STATUS, 0, com.android.server.location.GnssLocationProvider$SvStatusInfo@b206942)
01-15 17:45:09.056  3248  3261 I GnssLocationProvider: WakeLock released by handleMessage(REPORT_SV_STATUS, 0, com.android.server.location.GnssLocationProvider$SvStatusInfo@b206942)
01-15 17:45:09.060  3793  5060 I Icing   : IndexChimeraService.getServiceInterface callingPackage=com.google.android.gms componentName=null serviceId=30
01-15 17:45:09.068  3793  3996 W Icing   : No valid account for uploading user actions
01-15 17:45:09.072  3793  3996 I Icing   : Usage reports ok 0, Failed Usage reports 0, indexed 0, rejected 0
01-15 17:45:09.074  3793  3996 I Icing   : Indexing com.google.android.gms-apps from com.google.android.gms
01-15 17:45:09.077  3793  3996 I Icing   : Indexing done com.google.android.gms-apps
01-15 17:45:09.134  4001  4225 I Finsky  : [126] vem.accept(56): SCH: Scheduling phonesky job Id: 12-1, CT: 1673822708994, Constraints: [{ L: 15000, D: 86400000, C: 1, I: 1, N: 1 }]
01-15 17:45:09.137  4001  4224 I Finsky  : [125] ved.apply(9): SCH: Scheduling 1 system job(s)
01-15 17:45:09.137  4001  4224 I Finsky  : [125] vnt.d(4): SCH: Scheduling system job Id: 9314, L: 14857, D: 66982807, C: false, I: false, N: 1
01-15 17:45:09.141  4001  4191 I Finsky  : [118] asr.aaa(10): [ContentSync] finished, scheduled=true
01-15 17:45:09.630  3248  3286 I PackageManager.DexOptimizer: Running dexopt (dexoptNeeded=1) on: /data/app/com.ichi2.anki-5HSbjnih-pEwqbu8--hJuA==/base.apk pkg=com.ichi2.anki isa=arm64 dexoptFlags=boot_complete,profile_guided,public,enable_hidden_api_checks targetFilter=speed-profile oatDir=/data/app/com.ichi2.anki-5HSbjnih-pEwqbu8--hJuA==/oat classLoaderContext=PCL[/system/framework/org.apache.http.legacy.boot.jar]
01-15 17:45:09.631  3108  3376 V installed: DexInv: --- BEGIN '/data/app/com.ichi2.anki-5HSbjnih-pEwqbu8--hJuA==/base.apk' ---
01-15 17:45:09.647 23646 23646 I dex2oat : /system/bin/dex2oat --input-vdex-fd=-1 --output-vdex-fd=8 --compiler-filter=speed-profile --classpath-dir=/data/app/com.ichi2.anki-5HSbjnih-pEwqbu8--hJuA== --class-loader-context=PCL[/system/framework/org.apache.http.legacy.boot.jar] --generate-mini-debug-info --compact-dex-level=none --compilation-reason=install
01-15 17:45:09.647 23646 23646 E cutils-trace: Error opening trace file: No such file or directory (2)
01-15 17:45:10.043 23646 23646 I dex2oat : Explicit concurrent copying GC freed 16134(5MB) AllocSpace objects, 0(0B) LOS objects, 99% free, 984B/1536KB, paused 27us total 1.969ms
01-15 17:45:10.060  3248  3320 I GnssLocationProvider: WakeLock acquired by sendMessage(REPORT_SV_STATUS, 0, com.android.server.location.GnssLocationProvider$SvStatusInfo@a381bb5)
01-15 17:45:10.060  3248  3261 I GnssLocationProvider: WakeLock released by handleMessage(REPORT_SV_STATUS, 0, com.android.server.location.GnssLocationProvider$SvStatusInfo@a381bb5)
01-15 17:45:10.123 23646 23646 I dex2oat : dex2oat took 476.749ms (716.720ms cpu) (threads: 4) arena alloc=16KB (17320B) java alloc=16KB (17368B) native alloc=5MB (5748848B) free=6MB (6834064B)
01-15 17:45:10.126  3108  3376 V installed: DexInv: --- END '/data/app/com.ichi2.anki-5HSbjnih-pEwqbu8--hJuA==/base.apk' (success) ---
01-15 17:45:10.127  3248  3286 V BackupManagerService: restoreAtInstall pkg=com.ichi2.anki token=7 restoreSet=0
01-15 17:45:10.128  3248  3286 V BackupManagerService: Finishing install immediately
01-15 17:45:10.139  3108  3376 E         : Couldn't opendir /data/app/vmdl18075528.tmp: No such file or directory
01-15 17:45:10.139  3108  3376 E installd: Failed to delete /data/app/vmdl18075528.tmp: No such file or directory
01-15 17:45:10.145  3248  3262 W BroadcastQueue: Background execution not allowed: receiving Intent { act=android.intent.action.PACKAGE_ADDED dat=package:com.ichi2.anki flg=0x4000010 (has extras) } to com.android.musicfx/.Compatibility$Receiver
01-15 17:45:10.145  3248  3262 W BroadcastQueue: Background execution not allowed: receiving Intent { act=android.intent.action.PACKAGE_ADDED dat=package:com.ichi2.anki flg=0x4000010 (has extras) } to com.android.vending/com.google.android.finsky.packagemonitor.impl.PackageMonitorReceiverImpl$RegisteredReceiver
01-15 17:45:10.145  3248  3262 W BroadcastQueue: Background execution not allowed: receiving Intent { act=android.intent.action.PACKAGE_ADDED dat=package:com.ichi2.anki flg=0x4000010 (has extras) } to com.google.android.gms/.games.chimera.GamesSystemBroadcastReceiverProxy
01-15 17:45:10.145  3248  3262 W BroadcastQueue: Background execution not allowed: receiving Intent { act=android.intent.action.PACKAGE_ADDED dat=package:com.ichi2.anki flg=0x4000010 (has extras) } to com.google.android.gms/.gass.chimera.PackageChangeBroadcastReceiver
01-15 17:45:10.145  3248  3262 W BroadcastQueue: Background execution not allowed: receiving Intent { act=android.intent.action.PACKAGE_ADDED dat=package:com.ichi2.anki flg=0x4000010 (has extras) } to com.google.android.gms/.chimera.GmsIntentOperationService$PersistentTrustedReceiver
01-15 17:45:10.145  3248  3262 W BroadcastQueue: Background execution not allowed: receiving Intent { act=android.intent.action.PACKAGE_ADDED dat=package:com.ichi2.anki flg=0x4000010 (has extras) } to com.google.android.googlequicksearchbox/com.google.android.apps.gsa.googlequicksearchbox.GelStubAppWatcher
01-15 17:45:10.145  3248  3262 W BroadcastQueue: Background execution not allowed: receiving Intent { act=android.intent.action.PACKAGE_ADDED dat=package:com.ichi2.anki flg=0x4000010 (has extras) } to com.google.android.ims/.receivers.RcsAutoStartReceiver
01-15 17:45:10.148  3822  3822 I GsaVoiceInteractionSrv: (REDACTED) O received %s
01-15 17:45:10.148  4001  4001 I Finsky  : [2] ssf.m(0): PackageMonitorReceiverImpl - Received: android.intent.action.PACKAGE_ADDED, [vXxgMBFj8qGkiEnZagMwKA65__KXewRZS-35zkBI3ls]
01-15 17:45:10.148  4001  4001 I Finsky  : [2] ssx.n(8): Invalidating cached PackageState for com.ichi2.anki
01-15 17:45:10.151  3248  3334 I InputReader: Reconfiguring input devices.  changes=0x00000010
01-15 17:45:10.152  4929  4929 I CarrierServices: [2] RcsAutoStartReceiver.b: carrierServicesJibeServiceEnabled changed from true to true
01-15 17:45:10.152  4929  4929 I CarrierServices: [2] RcsAutoStartReceiver.b: enableRcs changed from true to true
01-15 17:45:10.152  4929  4929 I CarrierServices: [2] RcsAutoStartReceiver.b: RcsAutoStartReceiver triggered. Fetching RCS State. Action: android.intent.action.PACKAGE_ADDED
01-15 17:45:10.155  4929  4929 I CarrierServices: [2] aws.a: Migration binding to RcsMigrationService
01-15 17:45:10.159  3248  3248 I Telecom : DefaultDialerCache: Refreshing default dialer for user 0: now com.google.android.dialer: DDC.oR@AMQ
01-15 17:45:10.160  4001 23572 I Finsky  : [339] kwu.run(3): Wrote row to frosting DB: 150
01-15 17:45:10.161  3248  3248 V BackupManagerConstants: getFullBackupIntervalMilliseconds(...) returns 86400000
01-15 17:45:10.170 26595 26595 I Bugle   : returning RCS state provider.
01-15 17:45:10.175  4001  4224 I Finsky  : [125] goc.a(5): AIM: AppInfoManager-Perf > OnDeviceAppInfo > cacheHitCount=0, cacheMissCount=1. Missed  in cache (limit 10) : [com.ichi2.anki]
01-15 17:45:10.175  4001  4224 I Finsky  : [125] glp.apply(78): AIM: Got app ownership map. App counts: . Unique apps: 0
01-15 17:45:10.182  4001  4208 I Finsky  : [121] gnw.a(11): AIM: AppInfoManager-Perf > ItemModel > CacheSize=0, cacheHitCount=0, cacheMissCount=1, total appsWithNoServerDataCount=0. Missed  in cache (limit 10) : [com.ichi2.anki]
01-15 17:45:10.182  4001  4208 I Finsky  : [121] goa.p(3): AIM: AppInfoManager-Perf > ItemModel > ItemStore Called 1 apps cacheOptions = USE_CACHE
01-15 17:45:10.183  4001  4208 I Finsky  : [121] gnw.a(80): AIM: ItemModel fetch - unauth(1), auth()
01-15 17:45:10.183  4001  4208 I Finsky  : [121] ouj.apply(5): ItemStore: Not cached: com.ichi2.anki
01-15 17:45:10.185  4001  4001 I Finsky  : [2] adsk.c(3): Do not start WearSupportService due to Wear service optimization
01-15 17:45:10.185  4001  4001 I Finsky  : [2] wyc.a(8): Clearing split related stale data.
01-15 17:45:10.186  4001 23607 I Finsky  : [351] at.a(48): Asset module storage cleared for package com.ichi2.anki.
01-15 17:45:10.186  4001 23606 I Finsky  : [349] asr.aaa(10): [ContentSync] finished, scheduled=false
01-15 17:45:10.189  3632 23578 W GCM     : Unexpected forwarded intent: Intent { act=android.intent.action.PACKAGE_ADDED dat=package:com.ichi2.anki flg=0x4000010 pkg=com.google.android.gms cmp=com.google.android.gms/.chimera.PersistentIntentOperationService (has extras) }
01-15 17:45:10.190  3632 23583 W GCM     : Unexpected forwarded intent: Intent { act=android.intent.action.PACKAGE_ADDED dat=package:com.ichi2.anki flg=0x4000010 pkg=com.google.android.gms cmp=com.google.android.gms/.chimera.PersistentIntentOperationService (has extras) }
01-15 17:45:10.191 26595  6663 I CarrierServices: [355] inq.shouldUseCarrierServicesApkForV1Apis: Checking if using CarrierServices.apk is possible. Enabled: true, isAtLeastM: true, runningInsideBugle: true
01-15 17:45:10.194 26595  6663 I CarrierServices: [355] inq.e: Network Operator: 310260
01-15 17:45:10.195 26595  6663 I CarrierServices: [355] inq.e: carrierWithOldEcApis: false
01-15 17:45:10.195 26595  6663 I CarrierServices: [355] inq.e: hasDialerThatSupportsNewEc: false
01-15 17:45:10.197  4001 23572 I Finsky  : [339] kwu.run(3): Wrote row to frosting DB: 151
01-15 17:45:10.199  3793 23596 I Auth    : [SupervisedAccountIntentOperation] onHandleIntent(): android.intent.action.PACKAGE_ADDED
01-15 17:45:10.205  3793  3793 D BoundBrokerSvc: onBind: Intent { act=com.google.android.gms.common.BIND_SHARED_PREFS pkg=com.google.android.gms }
01-15 17:45:10.205  3793  3793 D BoundBrokerSvc: Loading bound service for intent: Intent { act=com.google.android.gms.common.BIND_SHARED_PREFS pkg=com.google.android.gms }
01-15 17:45:10.205  3793 23596 I BlockstoreStorage: Clearing Blockstore Data for package com.ichi2.anki [CONTEXT service_id=258 ]
01-15 17:45:10.206  3461  3461 D CarrierSvcBindHelper: No carrier app for: 0
01-15 17:45:10.207  3461  3461 D ImsResolver: maybeAddedImsService, packageName: com.ichi2.anki
01-15 17:45:10.217  3793 23596 I BlockstoreStorage: Keyless data not found or its IsLastInstallationData = false. [CONTEXT service_id=258 ]
01-15 17:45:10.220 26595  6663 W RcsProvisioning: Failed to read configuration: /data/user/0/com.google.android.apps.messaging/files/rcsconfig (No such file or directory)
01-15 17:45:10.220 26595  6663 W RcsProvisioning: java.io.FileNotFoundException: /data/user/0/com.google.android.apps.messaging/files/rcsconfig (No such file or directory)
01-15 17:45:10.220 26595  6663 W RcsProvisioning: 	at java.io.FileInputStream.open0(Native Method)
01-15 17:45:10.220 26595  6663 W RcsProvisioning: 	at java.io.FileInputStream.open(FileInputStream.java:231)
01-15 17:45:10.220 26595  6663 W RcsProvisioning: 	at java.io.FileInputStream.<init>(FileInputStream.java:165)
01-15 17:45:10.220 26595  6663 W RcsProvisioning: 	at android.app.ContextImpl.openFileInput(ContextImpl.java:560)
01-15 17:45:10.220 26595  6663 W RcsProvisioning: 	at android.content.ContextWrapper.openFileInput(ContextWrapper.java:202)
01-15 17:45:10.220 26595  6663 W RcsProvisioning: 	at ion.a(SourceFile:2)
01-15 17:45:10.220 26595  6663 W RcsProvisioning: 	at idl.a(SourceFile:4)
01-15 17:45:10.220 26595  6663 W RcsProvisioning: 	at idm.a(SourceFile:7)
01-15 17:45:10.220 26595  6663 W RcsProvisioning: 	at com.google.android.apps.messaging.rcsmigration.RcsStateProvider.buildRcsState(SourceFile:81)
01-15 17:45:10.220 26595  6663 W RcsProvisioning: 	at com.google.android.apps.messaging.rcsmigration.RcsStateProvider.getRcsState(SourceFile:6)
01-15 17:45:10.220 26595  6663 W RcsProvisioning: 	at com.google.android.ims.rcsmigration.IRcsStateProvider$Stub.dispatchTransaction(SourceFile:10)
01-15 17:45:10.220 26595  6663 W RcsProvisioning: 	at com.google.android.aidl.BaseStub.onTransact(SourceFile:18)
01-15 17:45:10.220 26595  6663 W RcsProvisioning: 	at android.os.Binder.execTransact(Binder.java:731)
01-15 17:45:10.220 26595  6663 D RcsProvisioning: Retrieving backup token
01-15 17:45:10.220 26595  6663 D RcsProvisioning: Exception while getting subscriber Id. Using default
01-15 17:45:10.229  3793  3793 D BoundBrokerSvc: onUnbind: Intent { act=com.google.android.gms.common.BIND_SHARED_PREFS pkg=com.google.android.gms }
01-15 17:45:10.232  3632  4333 W ChimeraUtils: Module com.google.android.gms.nearby_en has empty metadata display_name_string_id
01-15 17:45:10.234  3461  3461 D CarrierConfigLoader: mHandler: 9 phoneId: 0
01-15 17:45:10.236  3632  4333 W ChimeraUtils: Module com.google.android.gms.nearby_en has empty metadata display_name_string_id
01-15 17:45:10.260  3793 10312 I Icing   : Indexing com.google.android.gms-apps from com.google.android.gms
01-15 17:45:10.266  3793 10312 I Icing   : Indexing done com.google.android.gms-apps
01-15 17:45:10.321 26595  6663 D RcsProvisioning: No backup token found
01-15 17:45:10.321 26595  6663 D RcsProvisioning: Retrieving backup token
01-15 17:45:10.321 26595  6663 D RcsProvisioning: Exception while getting subscriber Id. Using default
01-15 17:45:10.377 23667 23667 D AndroidRuntime: >>>>>> START com.android.internal.os.RuntimeInit uid 2000 <<<<<<
01-15 17:45:10.379 23667 23667 E cutils-trace: Error opening trace file: No such file or directory (2)
01-15 17:45:10.412 23667 23667 I app_process: The ClassLoaderContext is a special shared library.
01-15 17:45:10.422 26595  6663 D RcsProvisioning: No backup token found
01-15 17:45:10.423 23667 23667 D AndroidRuntime: Calling main entry com.android.commands.monkey.Monkey
01-15 17:45:10.425 23667 23667 W Monkey  : args: [-p, com.ichi2.anki, -c, android.intent.category.LAUNCHER, 1]
01-15 17:45:10.426 23667 23667 W Monkey  :  arg: "-p"
01-15 17:45:10.426 23667 23667 W Monkey  :  arg: "com.ichi2.anki"
01-15 17:45:10.426 23667 23667 W Monkey  :  arg: "-c"
01-15 17:45:10.426 23667 23667 W Monkey  :  arg: "android.intent.category.LAUNCHER"
01-15 17:45:10.426 23667 23667 W Monkey  :  arg: "1"
01-15 17:45:10.426 23667 23667 W Monkey  : data="com.ichi2.anki"
01-15 17:45:10.426 23667 23667 W Monkey  : data="android.intent.category.LAUNCHER"
01-15 17:45:10.428 26595  6663 W RcsProvisioning: Failed to read configuration: /data/user/0/com.google.android.apps.messaging/files/rcsconfig (No such file or directory)
01-15 17:45:10.428 26595  6663 W RcsProvisioning: java.io.FileNotFoundException: /data/user/0/com.google.android.apps.messaging/files/rcsconfig (No such file or directory)
01-15 17:45:10.428 26595  6663 W RcsProvisioning: 	at java.io.FileInputStream.open0(Native Method)
01-15 17:45:10.428 26595  6663 W RcsProvisioning: 	at java.io.FileInputStream.open(FileInputStream.java:231)
01-15 17:45:10.428 26595  6663 W RcsProvisioning: 	at java.io.FileInputStream.<init>(FileInputStream.java:165)
01-15 17:45:10.428 26595  6663 W RcsProvisioning: 	at android.app.ContextImpl.openFileInput(ContextImpl.java:560)
01-15 17:45:10.428 26595  6663 W RcsProvisioning: 	at android.content.ContextWrapper.openFileInput(ContextWrapper.java:202)
01-15 17:45:10.428 26595  6663 W RcsProvisioning: 	at ion.a(SourceFile:2)
01-15 17:45:10.428 26595  6663 W RcsProvisioning: 	at idl.a(SourceFile:4)
01-15 17:45:10.428 26595  6663 W RcsProvisioning: 	at idm.a(SourceFile:7)
01-15 17:45:10.428 26595  6663 W RcsProvisioning: 	at iez.buildConferencesFileName(SourceFile:30)
01-15 17:45:10.428 26595  6663 W RcsProvisioning: 	at com.google.android.apps.messaging.rcsmigration.RcsStateProvider.buildRcsState(SourceFile:129)
01-15 17:45:10.428 26595  6663 W RcsProvisioning: 	at com.google.android.apps.messaging.rcsmigration.RcsStateProvider.getRcsState(SourceFile:6)
01-15 17:45:10.428 26595  6663 W RcsProvisioning: 	at com.google.android.ims.rcsmigration.IRcsStateProvider$Stub.dispatchTransaction(SourceFile:10)
01-15 17:45:10.428 26595  6663 W RcsProvisioning: 	at com.google.android.aidl.BaseStub.onTransact(SourceFile:18)
01-15 17:45:10.428 26595  6663 W RcsProvisioning: 	at android.os.Binder.execTransact(Binder.java:731)
01-15 17:45:10.428 26595  6663 D RcsProvisioning: Retrieving backup token
01-15 17:45:10.428 26595  6663 D RcsProvisioning: Exception while getting subscriber Id. Using default
01-15 17:45:10.432  3248  3262 W BroadcastQueue: Skipping deliver [background] BroadcastRecord{d811714 u-1 android.net.conn.CONNECTIVITY_CHANGE} to ReceiverList{2771bbd 23667 (unknown name)/2000/u-1 remote:d7ccd26}: process gone or crashing
01-15 17:45:10.435  3248  3544 I ActivityManager: START u0 {act=android.intent.action.MAIN cat=[android.intent.category.LAUNCHER] flg=0x10200000 cmp=com.ichi2.anki/.IntentHandler} from uid 2000
01-15 17:45:10.435  3248  3544 W Binder  : Outgoing transactions from this process must be FLAG_ONEWAY
01-15 17:45:10.435  3248  3544 W Binder  : java.lang.Throwable
01-15 17:45:10.435  3248  3544 W Binder  : 	at android.os.BinderProxy.transact(Binder.java:1114)
01-15 17:45:10.435  3248  3544 W Binder  : 	at android.app.IActivityController$Stub$Proxy.activityStarting(IActivityController.java:176)
01-15 17:45:10.435  3248  3544 W Binder  : 	at com.android.server.am.ActivityStarter.startActivity(ActivityStarter.java:737)
01-15 17:45:10.435  3248  3544 W Binder  : 	at com.android.server.am.ActivityStarter.startActivity(ActivityStarter.java:544)
01-15 17:45:10.435  3248  3544 W Binder  : 	at com.android.server.am.ActivityStarter.startActivityMayWait(ActivityStarter.java:1099)
01-15 17:45:10.435  3248  3544 W Binder  : 	at com.android.server.am.ActivityStarter.execute(ActivityStarter.java:486)
01-15 17:45:10.435  3248  3544 W Binder  : 	at com.android.server.am.ActivityManagerService.startActivityAsUser(ActivityManagerService.java:5120)
01-15 17:45:10.435  3248  3544 W Binder  : 	at com.android.server.am.ActivityManagerService.startActivityAsUser(ActivityManagerService.java:5094)
01-15 17:45:10.435  3248  3544 W Binder  : 	at com.android.server.am.ActivityManagerService.startActivity(ActivityManagerService.java:5085)
01-15 17:45:10.435  3248  3544 W Binder  : 	at android.app.IActivityManager$Stub.onTransact$startActivity$(IActivityManager.java:10084)
01-15 17:45:10.435  3248  3544 W Binder  : 	at android.app.IActivityManager$Stub.onTransact(IActivityManager.java:122)
01-15 17:45:10.435  3248  3544 W Binder  : 	at com.android.server.am.ActivityManagerService.onTransact(ActivityManagerService.java:3291)
01-15 17:45:10.435  3248  3544 W Binder  : 	at android.os.Binder.execTransact(Binder.java:731)
01-15 17:45:10.448 23667 23667 I Monkey  : Events injected: 1
01-15 17:45:10.449  3248  3248 V SettingsProvider: Notifying for 0: content://settings/system/accelerometer_rotation
01-15 17:45:10.450 23681 23681 E com.ichi2.anki: Not starting debugger since process cannot load the jdwp agent.
01-15 17:45:10.454  3248  3248 V SettingsProvider: Notifying for 0: content://settings/system/accelerometer_rotation
01-15 17:45:10.454  3248  3264 I ActivityManager: Start proc 23681:com.ichi2.anki/u0a103 for activity com.ichi2.anki/.IntentHandler
01-15 17:45:10.455 23667 23667 I Monkey  : ## Network stats: elapsed time=20ms (0ms mobile, 0ms wifi, 20ms not connected)
01-15 17:45:10.456 23667 23667 I app_process: System.exit called, status: 0
01-15 17:45:10.456 23667 23667 I AndroidRuntime: VM exiting with result code 0.
01-15 17:45:10.472 23681 23681 I com.ichi2.anki: The ClassLoaderContext is a special shared library.
01-15 17:45:10.482 23681 23681 D ACRA    : ACRA is enabled for com.ichi2.anki, initializing...
01-15 17:45:10.483 23681 23681 D ACRA    : Using custom Report Fields
01-15 17:45:10.483 23681 23681 D ACRA    : Looking for error files in /data/user/0/com.ichi2.anki/files
01-15 17:45:10.486 23681 23681 I chatty  : uid=10103(com.ichi2.anki) identical 1 line
01-15 17:45:10.486 23681 23681 D ACRA    : Looking for error files in /data/user/0/com.ichi2.anki/files
01-15 17:45:10.487 23681 23681 I ACRA    : ACRA is enabled for com.ichi2.anki
01-15 17:45:10.492 23681 23681 I WebViewFactory: Loading com.google.android.webview version 66.0.3359.158 (code 336015855)
01-15 17:45:10.493 23681 23681 I com.ichi2.anki: The ClassLoaderContext is a special shared library.
01-15 17:45:10.528 26595  6663 D RcsProvisioning: No backup token found
01-15 17:45:10.529 26595  6663 E CarrierServices: [355] iez.getFile: File not found.: /data/user/0/com.google.android.apps.messaging/files/httpft_pending (No such file or directory)
01-15 17:45:10.529 26595  6663 E CarrierServices: 	java.io.FileInputStream.open0(Native Method)
01-15 17:45:10.529 26595  6663 E CarrierServices: 	java.io.FileInputStream.open(FileInputStream.java:231)
01-15 17:45:10.529 26595  6663 E CarrierServices: 	java.io.FileInputStream.<init>(FileInputStream.java:165)
01-15 17:45:10.529 26595  6663 E CarrierServices: 	android.app.ContextImpl.openFileInput(ContextImpl.java:560)
01-15 17:45:10.529 26595  6663 E CarrierServices: 	android.content.ContextWrapper.openFileInput(ContextWrapper.java:202)
01-15 17:45:10.529 26595  6663 E CarrierServices: 	iez.getFile(SourceFile:20)
01-15 17:45:10.529 26595  6663 E CarrierServices: 	com.google.android.apps.messaging.rcsmigration.RcsStateProvider.buildRcsState(SourceFile:136)
01-15 17:45:10.529 26595  6663 E CarrierServices: 	com.google.android.apps.messaging.rcsmigration.RcsStateProvider.getRcsState(SourceFile:6)
01-15 17:45:10.529 26595  6663 E CarrierServices: 	com.google.android.ims.rcsmigration.IRcsStateProvider$Stub.dispatchTransaction(SourceFile:10)
01-15 17:45:10.529 26595  6663 E CarrierServices: 	com.google.android.aidl.BaseStub.onTransact(SourceFile:18)
01-15 17:45:10.529 26595  6663 E CarrierServices: 	android.os.Binder.execTransact(Binder.java:731)
01-15 17:45:10.530  4929 23698 I CarrierServices: [231] awt.doInBackground: Saving RCS State
01-15 17:45:10.530  4929 23698 I CarrierServices: [231] awt.doInBackground: Old operation mode: 2
01-15 17:45:10.531  4929 23698 I CarrierServices: [231] awt.doInBackground: New operation mode: 2
01-15 17:45:10.532 26595  6663 I CarrierServices: [355] RcsStateProvider.onMigrationComplete: Migration complete.
01-15 17:45:10.533 26595  6663 I CarrierServices: [355] inq.shouldUseCarrierServicesApkForV1Apis: Checking if using CarrierServices.apk is possible. Enabled: true, isAtLeastM: true, runningInsideBugle: true
01-15 17:45:10.533 26595  6663 I CarrierServices: [355] inq.e: Network Operator: 310260
01-15 17:45:10.534 26595  6663 I CarrierServices: [355] inq.e: carrierWithOldEcApis: false
01-15 17:45:10.534 26595  6663 I CarrierServices: [355] inq.e: hasDialerThatSupportsNewEc: false
01-15 17:45:10.534 26595  6663 I CarrierServices: [355] RcsStateProvider.onMigrationComplete: Rcs Engine should be running in cs.apk. Stopping JibeService.
01-15 17:45:10.535 26595  6663 I CarrierServices: [355] RcsStateProvider.onMigrationComplete: JibeService stopped: false
01-15 17:45:10.536 23681 23681 I cr_LibraryLoader: Time to load native libraries: 0 ms (timestamps 3946-3946)
01-15 17:45:10.536 26595  6663 I CarrierServices: [355] inq.e: Network Operator: 310260
01-15 17:45:10.536 26595  6663 I CarrierServices: [355] inq.e: carrierWithOldEcApis: false
01-15 17:45:10.536 26595  6663 I CarrierServices: [355] inq.e: hasDialerThatSupportsNewEc: false
01-15 17:45:10.537 26595  6663 I CarrierServices: [355] jsn.connect: shouldUseCarrierServicesJibeService: true, CarrierServices rcs service found: true
01-15 17:45:10.537 26595  6663 I CarrierServices: [355] jsn.connect: Binding to JibeService in CarrierServices.
01-15 17:45:10.537 26595 26595 D RcsClientLib: Service com.google.android.rcs.client.chatsession.ChatSessionService connected. Will notify listeners: true
01-15 17:45:10.537 26595 26595 V BugleRcs: com.google.android.rcs.client.chatsession.ChatSessionService RCS service connected
01-15 17:45:10.539 26595  6663 I CarrierServices: [355] inq.e: Network Operator: 310260
01-15 17:45:10.539 26595  6663 I CarrierServices: [355] inq.e: carrierWithOldEcApis: false
01-15 17:45:10.539 26595  6663 I CarrierServices: [355] inq.e: hasDialerThatSupportsNewEc: false
01-15 17:45:10.539 23681 23681 I chromium: [INFO:library_loader_hooks.cc(36)] Chromium logging enabled: level = 0, default verbosity = 0
01-15 17:45:10.539 23681 23681 I cr_LibraryLoader: Expected native library version number "66.0.3359.158", actual native library version number "66.0.3359.158"
01-15 17:45:10.541 26595  6663 I CarrierServices: [355] jsn.connect: shouldUseCarrierServicesJibeService: true, CarrierServices rcs service found: true
01-15 17:45:10.541 26595  6663 I CarrierServices: [355] jsn.connect: Binding to JibeService in CarrierServices.
01-15 17:45:10.542 26595 26595 D RcsClientLib: Service com.google.android.rcs.client.events.EventService connected. Will notify listeners: true
01-15 17:45:10.542 26595 26595 V BugleRcs: com.google.android.rcs.client.events.EventService RCS service connected
01-15 17:45:10.543 26595  6663 I CarrierServices: [355] inq.e: Network Operator: 310260
01-15 17:45:10.543 26595  6663 I CarrierServices: [355] inq.e: carrierWithOldEcApis: false
01-15 17:45:10.543 26595  6663 I CarrierServices: [355] inq.e: hasDialerThatSupportsNewEc: false
01-15 17:45:10.543 26595  6663 I CarrierServices: [355] jsn.connect: shouldUseCarrierServicesJibeService: true, CarrierServices rcs service found: true
01-15 17:45:10.543 26595  6663 I CarrierServices: [355] jsn.connect: Binding to JibeService in CarrierServices.
01-15 17:45:10.544 26595 26595 D RcsClientLib: Service com.google.android.rcs.client.contacts.ContactsService connected. Will notify listeners: true
01-15 17:45:10.544 26595 26595 V BugleRcs: com.google.android.rcs.client.contacts.ContactsService RCS service connected
01-15 17:45:10.544 26595  6663 I CarrierServices: [355] inq.e: Network Operator: 310260
01-15 17:45:10.544 26595  6663 I CarrierServices: [355] inq.e: carrierWithOldEcApis: false
01-15 17:45:10.544 26595  6663 I CarrierServices: [355] inq.e: hasDialerThatSupportsNewEc: false
01-15 17:45:10.545 26595  6663 I CarrierServices: [355] jsn.connect: shouldUseCarrierServicesJibeService: true, CarrierServices rcs service found: true
01-15 17:45:10.545 26595  6663 I CarrierServices: [355] jsn.connect: Binding to JibeService in CarrierServices.
01-15 17:45:10.548 26595 26595 D RcsClientLib: Service com.google.android.rcs.client.filetransfer.FileTransferService connected. Will notify listeners: true
01-15 17:45:10.548 26595 26595 V BugleRcs: com.google.android.rcs.client.filetransfer.FileTransferService RCS service connected
01-15 17:45:10.549 26595  6663 I CarrierServices: [355] inq.e: Network Operator: 310260
01-15 17:45:10.550  3248  3544 I ActivityManager: START u0 {act=android.intent.action.MAIN cat=[android.intent.category.LAUNCHER] flg=0x10008000 cmp=com.ichi2.anki/.DeckPicker} from uid 10103
01-15 17:45:10.550  3248  3544 W ActivityManager: Activity is launching as a new task, so cancelling activity result.
01-15 17:45:10.558 26595  6663 I CarrierServices: [355] inq.e: carrierWithOldEcApis: false
01-15 17:45:10.558 26595  6663 I CarrierServices: [355] inq.e: hasDialerThatSupportsNewEc: false
01-15 17:45:10.558  3248  5141 W ActivityManager: Duplicate finish request for ActivityRecord{8e29080 u0 com.ichi2.anki/.IntentHandler t38 f}
01-15 17:45:10.558 26595  6663 I CarrierServices: [355] jsn.connect: shouldUseCarrierServicesJibeService: true, CarrierServices rcs service found: true
01-15 17:45:10.558 26595  6663 I CarrierServices: [355] jsn.connect: Binding to JibeService in CarrierServices.
01-15 17:45:10.559 26595 26595 D RcsClientLib: Service com.google.android.rcs.client.locationsharing.LocationSharingService connected. Will notify listeners: true
01-15 17:45:10.559 26595 26595 V BugleRcs: com.google.android.rcs.client.locationsharing.LocationSharingService RCS service connected
01-15 17:45:10.560 26595  6663 I CarrierServices: [355] inq.e: Network Operator: 310260
01-15 17:45:10.560 26595  6663 I CarrierServices: [355] inq.e: carrierWithOldEcApis: false
01-15 17:45:10.560 26595  6663 I CarrierServices: [355] inq.e: hasDialerThatSupportsNewEc: false
01-15 17:45:10.560 26595  6663 I CarrierServices: [355] jsn.connect: shouldUseCarrierServicesJibeService: true, CarrierServices rcs service found: true
01-15 17:45:10.560 26595  6663 I CarrierServices: [355] jsn.connect: Binding to JibeService in CarrierServices.
01-15 17:45:10.561 26595 26595 D RcsClientLib: Service com.google.android.rcs.client.ims.ImsConnectionTrackerService connected. Will notify listeners: true
01-15 17:45:10.561 26595 26595 V BugleRcs: com.google.android.rcs.client.ims.ImsConnectionTrackerService RCS service connected
01-15 17:45:10.562 26595 26595 V BugleRcs: kicking off RCS sending/receiving
01-15 17:45:10.562 26595 26595 V BugleAction: no RCS because we're not registered
01-15 17:45:10.565 26595  6663 I CarrierServices: [355] inq.e: Network Operator: 310260
01-15 17:45:10.566 26595  6663 I CarrierServices: [355] inq.e: carrierWithOldEcApis: false
01-15 17:45:10.566 26595  6663 I CarrierServices: [355] inq.e: hasDialerThatSupportsNewEc: false
01-15 17:45:10.566 26595  6663 I CarrierServices: [355] jsn.connect: shouldUseCarrierServicesJibeService: true, CarrierServices rcs service found: true
01-15 17:45:10.566 26595  6663 I CarrierServices: [355] jsn.connect: Binding to JibeService in CarrierServices.
01-15 17:45:10.567 26595 26595 D RcsClientLib: Service com.google.android.rcs.client.profile.RcsProfileService connected. Will notify listeners: true
01-15 17:45:10.567 26595 26595 V BugleRcs: com.google.android.rcs.client.profile.RcsProfileService RCS service connected
01-15 17:45:10.567 26595 26595 V BugleRcs: kicking off RCS sending/receiving
01-15 17:45:10.568 26595 26595 V BugleAction: no RCS because we're not registered
01-15 17:45:10.569  4929  5633 W CarrierServices: [221] bmc.a: No config URL. RCS will be disabled!
01-15 17:45:10.570 26595 26595 I BugleRcs: RcsAvailability ACS url: null
01-15 17:45:10.574 26595  6663 I CarrierServices: [355] inq.e: Network Operator: 310260
01-15 17:45:10.575 26595  6663 I CarrierServices: [355] inq.e: carrierWithOldEcApis: false
01-15 17:45:10.575 26595  6663 I CarrierServices: [355] inq.e: hasDialerThatSupportsNewEc: false
01-15 17:45:10.576 23681 23681 W ActivityThread: handleWindowVisibility: no activity for token android.os.BinderProxy@c5be312
01-15 17:45:10.576 26595  6663 I CarrierServices: [355] jsn.connect: shouldUseCarrierServicesJibeService: true, CarrierServices rcs service found: true
01-15 17:45:10.576 26595  6663 I CarrierServices: [355] jsn.connect: Binding to JibeService in CarrierServices.
01-15 17:45:10.578 26595 26595 D RcsClientLib: Service com.google.android.rcs.client.businessinfo.BusinessInfoService connected. Will notify listeners: true
01-15 17:45:10.578 26595 26595 V BugleRcs: com.google.android.rcs.client.businessinfo.BusinessInfoService RCS service connected
01-15 17:45:10.578 26595 26595 V BugleRcs: kicking off RCS sending/receiving
01-15 17:45:10.578 26595 26595 V BugleAction: no RCS because we're not registered
01-15 17:45:10.578  4929  5633 W CarrierServices: [221] bmc.a: No config URL. RCS will be disabled!
01-15 17:45:10.578 26595 26595 I BugleRcs: RcsAvailability ACS url: null
01-15 17:45:10.581  3248  5141 I ActivityManager: START u0 {act=android.content.pm.action.REQUEST_PERMISSIONS pkg=com.google.android.packageinstaller cmp=com.google.android.packageinstaller/com.android.packageinstaller.permission.ui.GrantPermissionsActivity (has extras)} from uid 10103
01-15 17:45:10.582  3010  5624 D gralloc_ranchu: gralloc_alloc: Creating ashmem region of size 8298496
01-15 17:45:10.586 26595  6663 W RcsProvisioning: Failed to read configuration: /data/user/0/com.google.android.apps.messaging/files/rcsconfig (No such file or directory)
01-15 17:45:10.586 26595  6663 W RcsProvisioning: java.io.FileNotFoundException: /data/user/0/com.google.android.apps.messaging/files/rcsconfig (No such file or directory)
01-15 17:45:10.586 26595  6663 W RcsProvisioning: 	at java.io.FileInputStream.open0(Native Method)
01-15 17:45:10.586 26595  6663 W RcsProvisioning: 	at java.io.FileInputStream.open(FileInputStream.java:231)
01-15 17:45:10.586 26595  6663 W RcsProvisioning: 	at java.io.FileInputStream.<init>(FileInputStream.java:165)
01-15 17:45:10.586 26595  6663 W RcsProvisioning: 	at android.app.ContextImpl.openFileInput(ContextImpl.java:560)
01-15 17:45:10.586 26595  6663 W RcsProvisioning: 	at android.content.ContextWrapper.openFileInput(ContextWrapper.java:202)
01-15 17:45:10.586 26595  6663 W RcsProvisioning: 	at ion.a(SourceFile:2)
01-15 17:45:10.586 26595  6663 W RcsProvisioning: 	at idl.a(SourceFile:4)
01-15 17:45:10.586 26595  6663 W RcsProvisioning: 	at idm.a(SourceFile:7)
01-15 17:45:10.586 26595  6663 W RcsProvisioning: 	at com.google.android.apps.messaging.rcsmigration.RcsStateProvider.onMigrationComplete(SourceFile:27)
01-15 17:45:10.586 26595  6663 W RcsProvisioning: 	at com.google.android.ims.rcsmigration.IRcsStateProvider$Stub.dispatchTransaction(SourceFile:14)
01-15 17:45:10.586 26595  6663 W RcsProvisioning: 	at com.google.android.aidl.BaseStub.onTransact(SourceFile:18)
01-15 17:45:10.586 26595  6663 W RcsProvisioning: 	at android.os.Binder.execTransact(Binder.java:731)
01-15 17:45:10.586 26595  6663 D RcsProvisioning: Retrieving backup token
01-15 17:45:10.586 26595  6663 D RcsProvisioning: Exception while getting subscriber Id. Using default
01-15 17:45:10.616  3010  5624 D gralloc_ranchu: gralloc_alloc: Creating ashmem region of size 8298496
01-15 17:45:10.641 23681 23681 D OpenGLRenderer: Skia GL Pipeline
01-15 17:45:10.647  3103  3783 E SurfaceFlinger: ro.sf.lcd_density must be defined as a build property
01-15 17:45:10.660 29076 29076 W ActivityThread: handleWindowVisibility: no activity for token android.os.BinderProxy@7dc2006
01-15 17:45:10.676 23681 23710 D HostConnection: HostConnection::get() New Host Connection established 0x7931636960, tid 23710
01-15 17:45:10.680 23681 23710 D HostConnection: HostComposition ext ANDROID_EMU_CHECKSUM_HELPER_v1 ANDROID_EMU_sync_buffer_data GL_OES_EGL_image_external_essl3 GL_OES_vertex_array_object GL_KHR_texture_compression_astc_ldr ANDROID_EMU_host_side_tracing ANDROID_EMU_gles_max_version_3_0 
01-15 17:45:10.681  3010  5624 D gralloc_ranchu: gralloc_alloc: Creating ashmem region of size 8298496
01-15 17:45:10.681  3010  5624 I chatty  : uid=1000(system) HwBinder:3010_3 identical 1 line
01-15 17:45:10.681  3010  5624 D gralloc_ranchu: gralloc_alloc: Creating ashmem region of size 8298496
01-15 17:45:10.687 26595  6663 D RcsProvisioning: No backup token found
01-15 17:45:10.687 26595  6663 D RcsProvisioning: Clearing backup token
01-15 17:45:10.687 26595  6663 D RcsProvisioning: Exception while getting subscriber Id. Using default
01-15 17:45:10.690 23681 23710 I ConfigStore: android::hardware::configstore::V1_0::ISurfaceFlingerConfigs::hasWideColorDisplay retrieved: 0
01-15 17:45:10.691 23681 23710 I ConfigStore: android::hardware::configstore::V1_0::ISurfaceFlingerConfigs::hasHDRDisplay retrieved: 0
01-15 17:45:10.691 23681 23710 I OpenGLRenderer: Initialized EGL, version 1.4
01-15 17:45:10.691 23681 23710 D OpenGLRenderer: Swap behavior 1
01-15 17:45:10.691 23681 23710 W OpenGLRenderer: Failed to choose config with EGL_SWAP_BEHAVIOR_PRESERVED, retrying without...
01-15 17:45:10.691 23681 23710 D OpenGLRenderer: Swap behavior 0
01-15 17:45:10.692 23681 23710 D eglCodecCommon: setVertexArrayObject: set vao to 0 (0) 0 0
01-15 17:45:10.692 23681 23710 D EGL_emulation: eglCreateContext: 0x7931636b40: maj 3 min 0 rcv 3
01-15 17:45:10.693 23681 23710 D EGL_emulation: eglMakeCurrent: 0x7931636b40: ver 3 0 (tinfo 0x793160d520)
01-15 17:45:10.694  3103  3783 E SurfaceFlinger: ro.sf.lcd_density must be defined as a build property
01-15 17:45:10.704 26595  6663 I CarrierServices: [355] RcsStateProvider.onMigrationComplete: Deleted transfers file: false
01-15 17:45:10.705 26595  6663 W RcsProvisioning: Failed to read configuration: /data/user/0/com.google.android.apps.messaging/files/rcsconfig (No such file or directory)
01-15 17:45:10.706 26595  6663 W RcsProvisioning: java.io.FileNotFoundException: /data/user/0/com.google.android.apps.messaging/files/rcsconfig (No such file or directory)
01-15 17:45:10.706 26595  6663 W RcsProvisioning: 	at java.io.FileInputStream.open0(Native Method)
01-15 17:45:10.706 26595  6663 W RcsProvisioning: 	at java.io.FileInputStream.open(FileInputStream.java:231)
01-15 17:45:10.706 26595  6663 W RcsProvisioning: 	at java.io.FileInputStream.<init>(FileInputStream.java:165)
01-15 17:45:10.706 26595  6663 W RcsProvisioning: 	at android.app.ContextImpl.openFileInput(ContextImpl.java:560)
01-15 17:45:10.706 26595  6663 W RcsProvisioning: 	at android.content.ContextWrapper.openFileInput(ContextWrapper.java:202)
01-15 17:45:10.706 26595  6663 W RcsProvisioning: 	at ion.a(SourceFile:2)
01-15 17:45:10.706 26595  6663 W RcsProvisioning: 	at idl.a(SourceFile:4)
01-15 17:45:10.706 26595  6663 W RcsProvisioning: 	at idm.a(SourceFile:7)
01-15 17:45:10.706 26595  6663 W RcsProvisioning: 	at iez.buildConferencesFileName(SourceFile:30)
01-15 17:45:10.706 26595  6663 W RcsProvisioning: 	at com.google.android.apps.messaging.rcsmigration.RcsStateProvider.onMigrationComplete(SourceFile:48)
01-15 17:45:10.706 26595  6663 W RcsProvisioning: 	at com.google.android.ims.rcsmigration.IRcsStateProvider$Stub.dispatchTransaction(SourceFile:14)
01-15 17:45:10.706 26595  6663 W RcsProvisioning: 	at com.google.android.aidl.BaseStub.onTransact(SourceFile:18)
01-15 17:45:10.706 26595  6663 W RcsProvisioning: 	at android.os.Binder.execTransact(Binder.java:731)
01-15 17:45:10.706 26595  6663 D RcsProvisioning: Retrieving backup token
01-15 17:45:10.706 26595  6663 D RcsProvisioning: Exception while getting subscriber Id. Using default
01-15 17:45:10.706  3010  5624 D gralloc_ranchu: gralloc_alloc: Creating ashmem region of size 7659520
01-15 17:45:10.707  3010  3051 D gralloc_ranchu: gralloc_alloc: Creating ashmem region of size 7659520
01-15 17:45:10.708  3010  5624 D gralloc_ranchu: gralloc_alloc: Creating ashmem region of size 7659520
01-15 17:45:10.710  3392  3392 I GoogleInputMethod: onFinishInput() : Dummy InputConnection bound
01-15 17:45:10.711  3392  3392 I GoogleInputMethod: onStartInput() : Dummy InputConnection bound
01-15 17:45:10.713 23681 23710 D HostConnection: createUnique: call
01-15 17:45:10.713 23681 23710 D HostConnection: HostConnection::get() New Host Connection established 0x7931636dc0, tid 23710
01-15 17:45:10.717 23681 23710 D HostConnection: HostComposition ext ANDROID_EMU_CHECKSUM_HELPER_v1 ANDROID_EMU_sync_buffer_data GL_OES_EGL_image_external_essl3 GL_OES_vertex_array_object GL_KHR_texture_compression_astc_ldr ANDROID_EMU_host_side_tracing ANDROID_EMU_gles_max_version_3_0 
01-15 17:45:10.722 29076 29092 D EGL_emulation: eglMakeCurrent: 0x79316368c0: ver 3 0 (tinfo 0x793160d460)
01-15 17:45:10.738 23681 23710 D EGL_emulation: eglMakeCurrent: 0x7931636b40: ver 3 0 (tinfo 0x793160d520)
01-15 17:45:10.743 23681 23710 D eglCodecCommon: setVertexArrayObject: set vao to 0 (0) 1 2
01-15 17:45:10.750  3248  3270 I ActivityManager: Displayed com.google.android.packageinstaller/com.android.packageinstaller.permission.ui.GrantPermissionsActivity: +80ms (total +5s195ms)
01-15 17:45:10.773 29076 29092 D EGL_emulation: eglMakeCurrent: 0x79316368c0: ver 3 0 (tinfo 0x793160d460)
01-15 17:45:10.774  3010  3051 D gralloc_ranchu: gralloc_alloc: Creating ashmem region of size 7655424
01-15 17:45:10.807 26595  6663 D RcsProvisioning: No backup token found
