01-15 17:45:10.813  4929  4929 I CarrierServices: [2] aww.a: Unbinding RcsMigrationService
01-15 17:45:10.969 29076 29092 D EGL_emulation: eglMakeCurrent: 0x79316368c0: ver 3 0 (tinfo 0x793160d460)
01-15 17:45:10.976  3010  3051 D gralloc_ranchu: gralloc_alloc: Creating ashmem region of size 7655424
01-15 17:45:10.988 23681 23681 E AnkiDroid: CollectionHelper/ Could not initialize AnkiDroid directory
01-15 17:45:10.988 23681 23681 E AnkiDroid: com.ichi2.anki.exception.StorageAccessException: Failed to create AnkiDroid directory
01-15 17:45:10.988 23681 23681 E AnkiDroid: 	at com.ichi2.anki.CollectionHelper.initializeAnkiDroidDirectory(CollectionHelper.java:157)
01-15 17:45:10.988 23681 23681 E AnkiDroid: 	at com.ichi2.anki.CollectionHelper.getCol(CollectionHelper.java:91)
01-15 17:45:10.988 23681 23681 E AnkiDroid: 	at com.ichi2.anki.CollectionHelper.getColSafe(CollectionHelper.java:112)
01-15 17:45:10.988 23681 23681 E AnkiDroid: 	at com.ichi2.anki.DeckPicker.onPrepareOptionsMenu(DeckPicker.java:520)
01-15 17:45:10.988 23681 23681 E AnkiDroid: 	at android.app.Activity.onPreparePanel(Activity.java:3499)
01-15 17:45:10.988 23681 23681 E AnkiDroid: 	at android.support.v4.app.FragmentActivity.onPrepareOptionsPanel(FragmentActivity.java:491)
01-15 17:45:10.988 23681 23681 E AnkiDroid: 	at android.support.v4.app.FragmentActivity.onPreparePanel(FragmentActivity.java:479)
01-15 17:45:10.988 23681 23681 E AnkiDroid: 	at android.support.v7.view.WindowCallbackWrapper.onPreparePanel(WindowCallbackWrapper.java:98)
01-15 17:45:10.988 23681 23681 E AnkiDroid: 	at android.support.v7.app.AppCompatDelegateImplBase$AppCompatWindowCallbackBase.onPreparePanel(AppCompatDelegateImplBase.java:359)
01-15 17:45:10.988 23681 23681 E AnkiDroid: 	at android.support.v7.view.WindowCallbackWrapper.onPreparePanel(WindowCallbackWrapper.java:98)
01-15 17:45:10.988 23681 23681 E AnkiDroid: 	at android.support.v7.app.ToolbarActionBar$ToolbarCallbackWrapper.onPreparePanel(ToolbarActionBar.java:522)
01-15 17:45:10.988 23681 23681 E AnkiDroid: 	at android.support.v7.app.ToolbarActionBar.populateOptionsMenu(ToolbarActionBar.java:456)
01-15 17:45:10.988 23681 23681 E AnkiDroid: 	at android.support.v7.app.ToolbarActionBar$1.run(ToolbarActionBar.java:57)
01-15 17:45:10.988 23681 23681 E AnkiDroid: 	at android.os.Handler.handleCallback(Handler.java:873)
01-15 17:45:10.988 23681 23681 E AnkiDroid: 	at android.os.Handler.dispatchMessage(Handler.java:99)
01-15 17:45:10.988 23681 23681 E AnkiDroid: 	at android.os.Looper.loop(Looper.java:193)
01-15 17:45:10.988 23681 23681 E AnkiDroid: 	at android.app.ActivityThread.main(ActivityThread.java:6669)
01-15 17:45:10.988 23681 23681 E AnkiDroid: 	at java.lang.reflect.Method.invoke(Native Method)
01-15 17:45:10.988 23681 23681 E AnkiDroid: 	at com.android.internal.os.RuntimeInit$MethodAndArgsCaller.run(RuntimeInit.java:493)
01-15 17:45:10.988 23681 23681 E AnkiDroid: 	at com.android.internal.os.ZygoteInit.main(ZygoteInit.java:858)
01-15 17:45:11.061  3248  3320 I GnssLocationProvider: WakeLock acquired by sendMessage(REPORT_SV_STATUS, 0, com.android.server.location.GnssLocationProvider$SvStatusInfo@5ffdf7a)
01-15 17:45:11.061  3248  3261 I GnssLocationProvider: WakeLock released by handleMessage(REPORT_SV_STATUS, 0, com.android.server.location.GnssLocationProvider$SvStatusInfo@5ffdf7a)
01-15 17:45:11.090  3918  4082 D EGL_emulation: eglMakeCurrent: 0x7931636960: ver 3 0 (tinfo 0x793160d800)
01-15 17:45:11.092  3404  3574 D EGL_emulation: eglMakeCurrent: 0x7931639200: ver 3 0 (tinfo 0x7931681c60)
01-15 17:45:11.104  3404  3574 D EGL_emulation: eglMakeCurrent: 0x7931639200: ver 3 0 (tinfo 0x7931681c60)
01-15 17:45:11.160  3103  3160 W SurfaceFlinger: Attempting to set client state on removed layer: Splash Screen com.ichi2.anki#0
01-15 17:45:11.160  3103  3160 W SurfaceFlinger: Attempting to destroy on removed layer: Splash Screen com.ichi2.anki#0
01-15 17:45:12.067  3248  3320 I GnssLocationProvider: WakeLock acquired by sendMessage(REPORT_SV_STATUS, 0, com.android.server.location.GnssLocationProvider$SvStatusInfo@7c9f034)
01-15 17:45:12.069  3248  3261 I GnssLocationProvider: WakeLock released by handleMessage(REPORT_SV_STATUS, 0, com.android.server.location.GnssLocationProvider$SvStatusInfo@7c9f034)
01-15 17:45:12.320  3010  3051 D gralloc_ranchu: gralloc_alloc: Creating ashmem region of size 7655424
01-15 17:45:12.663  3248  3819 V BackupManagerConstants: getFullBackupRequiredNetworkType(...) returns 2
01-15 17:45:12.663  3248  3819 V BackupManagerConstants: getFullBackupRequireCharging(...) returns true
01-15 17:45:13.072  3248  3320 I GnssLocationProvider: WakeLock acquired by sendMessage(REPORT_SV_STATUS, 0, com.android.server.location.GnssLocationProvider$SvStatusInfo@916e3d2)
01-15 17:45:13.072  3248  3261 I GnssLocationProvider: WakeLock released by handleMessage(REPORT_SV_STATUS, 0, com.android.server.location.GnssLocationProvider$SvStatusInfo@916e3d2)
01-15 17:45:14.074  3248  3320 I GnssLocationProvider: WakeLock acquired by sendMessage(REPORT_SV_STATUS, 0, com.android.server.location.GnssLocationProvider$SvStatusInfo@e952ca3)
01-15 17:45:14.074  3248  3261 I GnssLocationProvider: WakeLock released by handleMessage(REPORT_SV_STATUS, 0, com.android.server.location.GnssLocationProvider$SvStatusInfo@e952ca3)
01-15 17:45:15.077  3248  3320 I GnssLocationProvider: WakeLock acquired by sendMessage(REPORT_SV_STATUS, 0, com.android.server.location.GnssLocationProvider$SvStatusInfo@22fdba0)
01-15 17:45:15.077  3248  3261 I GnssLocationProvider: WakeLock released by handleMessage(REPORT_SV_STATUS, 0, com.android.server.location.GnssLocationProvider$SvStatusInfo@22fdba0)
01-15 17:45:16.081  3248  3320 I GnssLocationProvider: WakeLock acquired by sendMessage(REPORT_SV_STATUS, 0, com.android.server.location.GnssLocationProvider$SvStatusInfo@10b7359)
01-15 17:45:16.082  3248  3261 I GnssLocationProvider: WakeLock released by handleMessage(REPORT_SV_STATUS, 0, com.android.server.location.GnssLocationProvider$SvStatusInfo@10b7359)
01-15 17:45:17.083  3248  3320 I GnssLocationProvider: WakeLock acquired by sendMessage(REPORT_SV_STATUS, 0, com.android.server.location.GnssLocationProvider$SvStatusInfo@edb6b1e)
01-15 17:45:17.083  3248  3261 I GnssLocationProvider: WakeLock released by handleMessage(REPORT_SV_STATUS, 0, com.android.server.location.GnssLocationProvider$SvStatusInfo@edb6b1e)
01-15 17:45:18.087  3248  3320 I GnssLocationProvider: WakeLock acquired by sendMessage(REPORT_SV_STATUS, 0, com.android.server.location.GnssLocationProvider$SvStatusInfo@543efff)
01-15 17:45:18.088  3248  3261 I GnssLocationProvider: WakeLock released by handleMessage(REPORT_SV_STATUS, 0, com.android.server.location.GnssLocationProvider$SvStatusInfo@543efff)
01-15 17:45:19.095  3248  3320 I GnssLocationProvider: WakeLock acquired by sendMessage(REPORT_SV_STATUS, 0, com.android.server.location.GnssLocationProvider$SvStatusInfo@876ec15)
01-15 17:45:19.095  3248  3261 I GnssLocationProvider: WakeLock released by handleMessage(REPORT_SV_STATUS, 0, com.android.server.location.GnssLocationProvider$SvStatusInfo@876ec15)
01-15 17:45:20.098  3248  3320 I GnssLocationProvider: WakeLock acquired by sendMessage(REPORT_SV_STATUS, 0, com.android.server.location.GnssLocationProvider$SvStatusInfo@3cf1b2a)
01-15 17:45:20.098  3248  3261 I GnssLocationProvider: WakeLock released by handleMessage(REPORT_SV_STATUS, 0, com.android.server.location.GnssLocationProvider$SvStatusInfo@3cf1b2a)
01-15 17:45:20.757  3248  3261 E memtrack: Couldn't load memtrack module
01-15 17:45:20.757  3248  3261 W android.os.Debug: failed to get memory consumption info: -1
01-15 17:45:21.102  3248  3320 I GnssLocationProvider: WakeLock acquired by sendMessage(REPORT_SV_STATUS, 0, com.android.server.location.GnssLocationProvider$SvStatusInfo@5f18d1b)
01-15 17:45:21.103  3248  3261 I GnssLocationProvider: WakeLock released by handleMessage(REPORT_SV_STATUS, 0, com.android.server.location.GnssLocationProvider$SvStatusInfo@5f18d1b)
01-15 17:45:22.109  3248  3320 I GnssLocationProvider: WakeLock acquired by sendMessage(REPORT_SV_STATUS, 0, com.android.server.location.GnssLocationProvider$SvStatusInfo@eb97eb8)
01-15 17:45:22.109  3248  3261 I GnssLocationProvider: WakeLock released by handleMessage(REPORT_SV_STATUS, 0, com.android.server.location.GnssLocationProvider$SvStatusInfo@eb97eb8)
01-15 17:45:23.105  3248  3320 I GnssLocationProvider: WakeLock acquired by sendMessage(REPORT_SV_STATUS, 0, com.android.server.location.GnssLocationProvider$SvStatusInfo@3e73491)
01-15 17:45:23.106  3248  3261 I GnssLocationProvider: WakeLock released by handleMessage(REPORT_SV_STATUS, 0, com.android.server.location.GnssLocationProvider$SvStatusInfo@3e73491)
01-15 17:45:24.002  4001  4001 I Finsky  : [2] vpo.onStartJob(4): SCH: job service start with id 9314.
01-15 17:45:24.015  4001 23606 I Finsky  : [349] vos.a(101): SCH: Satisfied jobs for 9314 are: 12-1
01-15 17:45:24.017  4001 23718 I Finsky  : [356] vcd.accept(27): SCH: Job 12-1 starting
01-15 17:45:24.018  4001  4001 I Finsky  : [2] ContentSyncJob.v(3): [ContentSync] job started
01-15 17:45:24.040  4001 23720 I Finsky  : [358] gwb.h(1): Completed 0 account content syncs with 0 successful.
01-15 17:45:24.040  4001  4001 I Finsky  : [2] ContentSyncJob.a(1): [ContentSync] Installation state replication succeeded.
01-15 17:45:24.041  4001  4001 I Finsky  : [2] vnw.r(4): SCH: jobFinished: 12-1. TimeElapsed: 23ms.
01-15 17:45:24.048  4001  4204 I Finsky  : [120] vem.accept(56): SCH: Scheduling phonesky job Id: 1-1337, CT: 1673812203491, Constraints: [{ L: 34288453, D: 77488453, C: 1, I: 1, N: 1 }]
01-15 17:45:24.051  4001  4224 I Finsky  : [125] ved.apply(9): SCH: Scheduling 1 system job(s)
01-15 17:45:24.052  4001  4224 I Finsky  : [125] vnt.d(4): SCH: Scheduling system job Id: 9316, L: 23767893, D: 66967893, C: false, I: false, N: 1
01-15 17:45:24.054  4001 23718 I Finsky  : [356] vpo.a(16): SCH: job service finished with id 9314.
01-15 17:45:24.066  3793  3793 D BoundBrokerSvc: onUnbind: Intent { act=com.google.android.gms.feedback.internal.IFeedbackService dat=chimera-action: cmp=com.google.android.gms/.chimera.GmsBoundBrokerService }
01-15 17:45:24.107  3248  3320 I GnssLocationProvider: WakeLock acquired by sendMessage(REPORT_SV_STATUS, 0, com.android.server.location.GnssLocationProvider$SvStatusInfo@cbbe582)
01-15 17:45:24.109  3248  3261 I GnssLocationProvider: WakeLock released by handleMessage(REPORT_SV_STATUS, 0, com.android.server.location.GnssLocationProvider$SvStatusInfo@cbbe582)
01-15 17:45:25.112  3248  3320 I GnssLocationProvider: WakeLock acquired by sendMessage(REPORT_SV_STATUS, 0, com.android.server.location.GnssLocationProvider$SvStatusInfo@7a8493)
01-15 17:45:25.113  3248  3261 I GnssLocationProvider: WakeLock released by handleMessage(REPORT_SV_STATUS, 0, com.android.server.location.GnssLocationProvider$SvStatusInfo@7a8493)
01-15 17:45:25.686 23721 23721 D AndroidRuntime: >>>>>> START com.android.internal.os.RuntimeInit uid 2000 <<<<<<
01-15 17:45:25.692 23721 23721 E cutils-trace: Error opening trace file: No such file or directory (2)
01-15 17:45:25.765 23721 23721 I app_process: The ClassLoaderContext is a special shared library.
01-15 17:45:25.796 23721 23721 D AndroidRuntime: Calling main entry com.android.commands.content.Content
01-15 17:45:25.803  3248  3248 V SettingsProvider: Notifying for 0: content://settings/system/accelerometer_rotation
01-15 17:45:25.811 23721 23721 D AndroidRuntime: Shutting down VM
01-15 17:45:26.017 23731 23731 D AndroidRuntime: >>>>>> START com.android.internal.os.RuntimeInit uid 2000 <<<<<<
01-15 17:45:26.021 23731 23731 E cutils-trace: Error opening trace file: No such file or directory (2)
01-15 17:45:26.077 23731 23731 I app_process: The ClassLoaderContext is a special shared library.
01-15 17:45:26.097 23731 23731 D AndroidRuntime: Calling main entry com.android.commands.content.Content
01-15 17:45:26.103  3248  3248 V SettingsProvider: Notifying for 0: content://settings/system/user_rotation
01-15 17:45:26.104 23731 23731 D AndroidRuntime: Shutting down VM
01-15 17:45:26.114  3248  3320 I GnssLocationProvider: WakeLock acquired by sendMessage(REPORT_SV_STATUS, 0, com.android.server.location.GnssLocationProvider$SvStatusInfo@2c6d7ce)
01-15 17:45:26.114  3248  3261 I GnssLocationProvider: WakeLock released by handleMessage(REPORT_SV_STATUS, 0, com.android.server.location.GnssLocationProvider$SvStatusInfo@2c6d7ce)
01-15 17:45:26.281  3392  3392 I EmojiSuperpacksFeature: Emoji superpacks enabled
01-15 17:45:26.285  3392  3392 I Conv2QueryExtension: isEnabled() : true
01-15 17:45:26.286  3392  3392 I FeatureCardGenerator: Make a GIF card not added
01-15 17:45:26.287  3392  3392 I FeatureCardGenerator: Autospace card not added
01-15 17:45:27.118  3248  3320 I GnssLocationProvider: WakeLock acquired by sendMessage(REPORT_SV_STATUS, 0, com.android.server.location.GnssLocationProvider$SvStatusInfo@d9212a6)
01-15 17:45:27.119  3248  3261 I GnssLocationProvider: WakeLock released by handleMessage(REPORT_SV_STATUS, 0, com.android.server.location.GnssLocationProvider$SvStatusInfo@d9212a6)
01-15 17:45:27.507  3248  3257 I system_server: Background concurrent copying GC freed 138238(5MB) AllocSpace objects, 33(1236KB) LOS objects, 32% free, 12MB/18MB, paused 778us total 132.265ms
01-15 17:45:27.733 23762 23762 D AndroidRuntime: >>>>>> START com.android.internal.os.RuntimeInit uid 2000 <<<<<<
01-15 17:45:27.740 23762 23762 E cutils-trace: Error opening trace file: No such file or directory (2)
01-15 17:45:27.854 23762 23762 I app_process: The ClassLoaderContext is a special shared library.
01-15 17:45:27.855 23762 23762 I app_process: The ClassLoaderContext is a special shared library.
01-15 17:45:27.891 23762 23762 D AndroidRuntime: Calling main entry com.android.commands.uiautomator.Launcher
01-15 17:45:27.912  3248  3248 V SettingsProvider: Notifying for 0: content://settings/secure/accessibility_enabled
01-15 17:45:27.926  4324  4426 I A       : NGA disabled due to not being eligible.
01-15 17:45:28.125  3248  3320 I GnssLocationProvider: WakeLock acquired by sendMessage(REPORT_SV_STATUS, 0, com.android.server.location.GnssLocationProvider$SvStatusInfo@b3f3d)
01-15 17:45:28.125  3248  3261 I GnssLocationProvider: WakeLock released by handleMessage(REPORT_SV_STATUS, 0, com.android.server.location.GnssLocationProvider$SvStatusInfo@b3f3d)
01-15 17:45:28.940 23762 23762 I AccessibilityNodeInfoDumper: Skipping invisible child: android.view.accessibility.AccessibilityNodeInfo@200c1; boundsInParent: Rect(0, 0 - 0, 126); boundsInScreen: Rect(231, 1017 - 231, 1143); packageName: com.google.android.packageinstaller; className: android.widget.LinearLayout; text: null; error: null; maxTextLength: -1; contentDescription: null; tooltipText: null; viewIdResName: null; checkable: false; checked: false; focusable: false; focused: false; selected: false; clickable: false; longClickable: false; contextClickable: false; enabled: true; password: false; scrollable: false; importantForAccessibility: false; visible: false; actions: [AccessibilityAction: ACTION_SELECT - null, AccessibilityAction: ACTION_CLEAR_SELECTION - null, AccessibilityAction: ACTION_ACCESSIBILITY_FOCUS - null, AccessibilityAction: ACTION_SHOW_ON_SCREEN - null]
01-15 17:45:28.940 23762 23762 W AccessibilityNodeInfoDumper: Fetch time: 6ms
01-15 17:45:28.941  3248  5141 W WindowManager: removeWindowToken: Attempted to remove non-existing token: android.os.Binder@b44b4e7
01-15 17:45:28.942  3248  3248 V SettingsProvider: Notifying for 0: content://settings/secure/accessibility_enabled
01-15 17:45:28.942  3248  3248 V SettingsProvider: Notifying for 0: content://settings/system/user_rotation
01-15 17:45:28.942  3248  3248 V SettingsProvider: Notifying for 0: content://settings/system/accelerometer_rotation
01-15 17:45:28.944  4324  4422 I A       : NGA disabled due to not being eligible.
01-15 17:45:28.945 23762 23762 D AndroidRuntime: Shutting down VM
01-15 17:45:29.128  3248  3320 I GnssLocationProvider: WakeLock acquired by sendMessage(REPORT_SV_STATUS, 0, com.android.server.location.GnssLocationProvider$SvStatusInfo@b1db883)
01-15 17:45:29.128  3248  3261 I GnssLocationProvider: WakeLock released by handleMessage(REPORT_SV_STATUS, 0, com.android.server.location.GnssLocationProvider$SvStatusInfo@b1db883)
01-15 17:45:29.427 23780 23780 D AndroidRuntime: >>>>>> START com.android.internal.os.RuntimeInit uid 2000 <<<<<<
01-15 17:45:29.430 23780 23780 E cutils-trace: Error opening trace file: No such file or directory (2)
01-15 17:45:29.484 23780 23780 I app_process: The ClassLoaderContext is a special shared library.
01-15 17:45:29.484 23780 23780 I app_process: The ClassLoaderContext is a special shared library.
01-15 17:45:29.518 23780 23780 D AndroidRuntime: Calling main entry com.android.commands.uiautomator.Launcher
01-15 17:45:29.536  3248  3248 V SettingsProvider: Notifying for 0: content://settings/secure/accessibility_enabled
01-15 17:45:29.541  4324  4426 I A       : NGA disabled due to not being eligible.
01-15 17:45:30.132  3248  3320 I GnssLocationProvider: WakeLock acquired by sendMessage(REPORT_SV_STATUS, 0, com.android.server.location.GnssLocationProvider$SvStatusInfo@e7ed07e)
01-15 17:45:30.132  3248  3261 I GnssLocationProvider: WakeLock released by handleMessage(REPORT_SV_STATUS, 0, com.android.server.location.GnssLocationProvider$SvStatusInfo@e7ed07e)
01-15 17:45:30.555 23780 23780 I AccessibilityNodeInfoDumper: Skipping invisible child: android.view.accessibility.AccessibilityNodeInfo@200ca; boundsInParent: Rect(0, 0 - 0, 126); boundsInScreen: Rect(231, 1017 - 231, 1143); packageName: com.google.android.packageinstaller; className: android.widget.LinearLayout; text: null; error: null; maxTextLength: -1; contentDescription: null; tooltipText: null; viewIdResName: null; checkable: false; checked: false; focusable: false; focused: false; selected: false; clickable: false; longClickable: false; contextClickable: false; enabled: true; password: false; scrollable: false; importantForAccessibility: false; visible: false; actions: [AccessibilityAction: ACTION_SELECT - null, AccessibilityAction: ACTION_CLEAR_SELECTION - null, AccessibilityAction: ACTION_ACCESSIBILITY_FOCUS - null, AccessibilityAction: ACTION_SHOW_ON_SCREEN - null]
01-15 17:45:30.555 23780 23780 W AccessibilityNodeInfoDumper: Fetch time: 4ms
01-15 17:45:30.556  3248  5645 W WindowManager: removeWindowToken: Attempted to remove non-existing token: android.os.Binder@231aa00
01-15 17:45:30.560  3248  3248 V SettingsProvider: Notifying for 0: content://settings/secure/accessibility_enabled
01-15 17:45:30.563  4324  4422 I A       : NGA disabled due to not being eligible.
01-15 17:45:30.569 23780 23780 D AndroidRuntime: Shutting down VM
01-15 17:45:31.136  3248  3320 I GnssLocationProvider: WakeLock acquired by sendMessage(REPORT_SV_STATUS, 0, com.android.server.location.GnssLocationProvider$SvStatusInfo@b07662c)
01-15 17:45:31.136  3248  3261 I GnssLocationProvider: WakeLock released by handleMessage(REPORT_SV_STATUS, 0, com.android.server.location.GnssLocationProvider$SvStatusInfo@b07662c)
01-15 17:45:31.776 23810 23810 D AndroidRuntime: >>>>>> START com.android.internal.os.RuntimeInit uid 2000 <<<<<<
01-15 17:45:31.777 23810 23810 E cutils-trace: Error opening trace file: No such file or directory (2)
01-15 17:45:31.810 23810 23810 I app_process: The ClassLoaderContext is a special shared library.
01-15 17:45:31.810 23810 23810 I app_process: The ClassLoaderContext is a special shared library.
01-15 17:45:31.821 23810 23810 D AndroidRuntime: Calling main entry com.android.commands.uiautomator.Launcher
01-15 17:45:31.826  4324  4426 I A       : NGA disabled due to not being eligible.
01-15 17:45:32.138  3248  3320 I GnssLocationProvider: WakeLock acquired by sendMessage(REPORT_SV_STATUS, 0, com.android.server.location.GnssLocationProvider$SvStatusInfo@5c3b4fb)
01-15 17:45:32.139  3248  3261 I GnssLocationProvider: WakeLock released by handleMessage(REPORT_SV_STATUS, 0, com.android.server.location.GnssLocationProvider$SvStatusInfo@5c3b4fb)
01-15 17:45:32.843 23810 23810 I AccessibilityNodeInfoDumper: Skipping invisible child: android.view.accessibility.AccessibilityNodeInfo@200d3; boundsInParent: Rect(0, 0 - 0, 126); boundsInScreen: Rect(231, 1017 - 231, 1143); packageName: com.google.android.packageinstaller; className: android.widget.LinearLayout; text: null; error: null; maxTextLength: -1; contentDescription: null; tooltipText: null; viewIdResName: null; checkable: false; checked: false; focusable: false; focused: false; selected: false; clickable: false; longClickable: false; contextClickable: false; enabled: true; password: false; scrollable: false; importantForAccessibility: false; visible: false; actions: [AccessibilityAction: ACTION_SELECT - null, AccessibilityAction: ACTION_CLEAR_SELECTION - null, AccessibilityAction: ACTION_ACCESSIBILITY_FOCUS - null, AccessibilityAction: ACTION_SHOW_ON_SCREEN - null]
01-15 17:45:32.847 23810 23810 W AccessibilityNodeInfoDumper: Fetch time: 7ms
01-15 17:45:31.825  3248  3248 V SettingsProvider: Notifying for 0: content://settings/secure/accessibility_enabled
01-15 17:45:32.851  3248  5830 W WindowManager: removeWindowToken: Attempted to remove non-existing token: android.os.Binder@55018f5
01-15 17:45:32.854  3248  3248 V SettingsProvider: Notifying for 0: content://settings/secure/accessibility_enabled
01-15 17:45:32.856  4324  4422 I A       : NGA disabled due to not being eligible.
01-15 17:45:32.863 23810 23810 D AndroidRuntime: Shutting down VM
01-15 17:45:33.143  3248  3320 I GnssLocationProvider: WakeLock acquired by sendMessage(REPORT_SV_STATUS, 0, com.android.server.location.GnssLocationProvider$SvStatusInfo@8d64f71)
01-15 17:45:33.144  3248  3261 I GnssLocationProvider: WakeLock released by handleMessage(REPORT_SV_STATUS, 0, com.android.server.location.GnssLocationProvider$SvStatusInfo@8d64f71)
01-15 17:45:34.144  3248  3320 I GnssLocationProvider: WakeLock acquired by sendMessage(REPORT_SV_STATUS, 0, com.android.server.location.GnssLocationProvider$SvStatusInfo@1da7156)
01-15 17:45:34.144  3248  3261 I GnssLocationProvider: WakeLock released by handleMessage(REPORT_SV_STATUS, 0, com.android.server.location.GnssLocationProvider$SvStatusInfo@1da7156)
01-15 17:45:34.196 23847 23847 D AndroidRuntime: >>>>>> START com.android.internal.os.RuntimeInit uid 2000 <<<<<<
01-15 17:45:34.198 23847 23847 E cutils-trace: Error opening trace file: No such file or directory (2)
01-15 17:45:34.232 23847 23847 I app_process: The ClassLoaderContext is a special shared library.
01-15 17:45:34.232 23847 23847 I app_process: The ClassLoaderContext is a special shared library.
01-15 17:45:34.249 23847 23847 D AndroidRuntime: Calling main entry com.android.commands.uiautomator.Launcher
01-15 17:45:34.256  4324  4426 I A       : NGA disabled due to not being eligible.
01-15 17:45:35.149  3248  3320 I GnssLocationProvider: WakeLock acquired by sendMessage(REPORT_SV_STATUS, 0, com.android.server.location.GnssLocationProvider$SvStatusInfo@8af71ad)
01-15 17:45:35.150  3248  3261 I GnssLocationProvider: WakeLock released by handleMessage(REPORT_SV_STATUS, 0, com.android.server.location.GnssLocationProvider$SvStatusInfo@8af71ad)
01-15 17:45:35.269 23847 23847 I AccessibilityNodeInfoDumper: Skipping invisible child: android.view.accessibility.AccessibilityNodeInfo@200de; boundsInParent: Rect(0, 0 - 0, 126); boundsInScreen: Rect(231, 1017 - 231, 1143); packageName: com.google.android.packageinstaller; className: android.widget.LinearLayout; text: null; error: null; maxTextLength: -1; contentDescription: null; tooltipText: null; viewIdResName: null; checkable: false; checked: false; focusable: false; focused: false; selected: false; clickable: false; longClickable: false; contextClickable: false; enabled: true; password: false; scrollable: false; importantForAccessibility: false; visible: false; actions: [AccessibilityAction: ACTION_SELECT - null, AccessibilityAction: ACTION_CLEAR_SELECTION - null, AccessibilityAction: ACTION_ACCESSIBILITY_FOCUS - null, AccessibilityAction: ACTION_SHOW_ON_SCREEN - null]
01-15 17:45:35.269 23847 23847 W AccessibilityNodeInfoDumper: Fetch time: 4ms
01-15 17:45:34.254  3248  3248 V SettingsProvider: Notifying for 0: content://settings/secure/accessibility_enabled
01-15 17:45:35.271  3248  5830 W WindowManager: removeWindowToken: Attempted to remove non-existing token: android.os.Binder@70ea5d7
01-15 17:45:35.272  3248  3248 V SettingsProvider: Notifying for 0: content://settings/secure/accessibility_enabled
01-15 17:45:35.274 23847 23847 D AndroidRuntime: Shutting down VM
01-15 17:45:35.277  4324  4422 I A       : NGA disabled due to not being eligible.
01-15 17:45:35.701 23869 23869 D AndroidRuntime: >>>>>> START com.android.internal.os.RuntimeInit uid 2000 <<<<<<
01-15 17:45:35.702 23869 23869 E cutils-trace: Error opening trace file: No such file or directory (2)
01-15 17:45:35.735 23869 23869 I app_process: The ClassLoaderContext is a special shared library.
01-15 17:45:35.735 23869 23869 I app_process: The ClassLoaderContext is a special shared library.
01-15 17:45:35.746 23869 23869 D AndroidRuntime: Calling main entry com.android.commands.uiautomator.Launcher
01-15 17:45:35.754  4324  4426 I A       : NGA disabled due to not being eligible.
01-15 17:45:36.156  3248  3320 I GnssLocationProvider: WakeLock acquired by sendMessage(REPORT_SV_STATUS, 0, com.android.server.location.GnssLocationProvider$SvStatusInfo@37e7ba9)
01-15 17:45:36.156  3248  3261 I GnssLocationProvider: WakeLock released by handleMessage(REPORT_SV_STATUS, 0, com.android.server.location.GnssLocationProvider$SvStatusInfo@37e7ba9)
01-15 17:45:36.768 23869 23869 I AccessibilityNodeInfoDumper: Skipping invisible child: android.view.accessibility.AccessibilityNodeInfo@200e9; boundsInParent: Rect(0, 0 - 0, 126); boundsInScreen: Rect(231, 1017 - 231, 1143); packageName: com.google.android.packageinstaller; className: android.widget.LinearLayout; text: null; error: null; maxTextLength: -1; contentDescription: null; tooltipText: null; viewIdResName: null; checkable: false; checked: false; focusable: false; focused: false; selected: false; clickable: false; longClickable: false; contextClickable: false; enabled: true; password: false; scrollable: false; importantForAccessibility: false; visible: false; actions: [AccessibilityAction: ACTION_SELECT - null, AccessibilityAction: ACTION_CLEAR_SELECTION - null, AccessibilityAction: ACTION_ACCESSIBILITY_FOCUS - null, AccessibilityAction: ACTION_SHOW_ON_SCREEN - null]
01-15 17:45:36.768 23869 23869 W AccessibilityNodeInfoDumper: Fetch time: 9ms
01-15 17:45:35.752  3248  3248 V SettingsProvider: Notifying for 0: content://settings/secure/accessibility_enabled
01-15 17:45:36.771  3248  5645 W WindowManager: removeWindowToken: Attempted to remove non-existing token: android.os.Binder@7adc873
01-15 17:45:36.771  3248  3248 V SettingsProvider: Notifying for 0: content://settings/secure/accessibility_enabled
01-15 17:45:36.772  4324  4422 I A       : NGA disabled due to not being eligible.
01-15 17:45:36.775 23869 23869 D AndroidRuntime: Shutting down VM
01-15 17:45:37.017  3103  3284 E SurfaceFlinger: ro.sf.lcd_density must be defined as a build property
01-15 17:45:37.018  3010  3051 D gralloc_ranchu: gralloc_alloc: Creating ashmem region of size 8298496
01-15 17:45:37.021 23882 23882 E cutils-trace: Error opening trace file: No such file or directory (2)
01-15 17:45:37.032 23882 23882 D HostConnection: createUnique: call
01-15 17:45:37.033 23882 23882 D HostConnection: HostConnection::get() New Host Connection established 0x75b6241640, tid 23882
01-15 17:45:37.034 23882 23882 D HostConnection: HostComposition ext ANDROID_EMU_CHECKSUM_HELPER_v1 ANDROID_EMU_sync_buffer_data GL_OES_EGL_image_external_essl3 GL_OES_vertex_array_object GL_KHR_texture_compression_astc_ldr ANDROID_EMU_host_side_tracing ANDROID_EMU_gles_max_version_3_0 
01-15 17:45:37.158  3248  3320 I GnssLocationProvider: WakeLock acquired by sendMessage(REPORT_SV_STATUS, 0, com.android.server.location.GnssLocationProvider$SvStatusInfo@c1278cf)
01-15 17:45:37.158  3248  3261 I GnssLocationProvider: WakeLock released by handleMessage(REPORT_SV_STATUS, 0, com.android.server.location.GnssLocationProvider$SvStatusInfo@c1278cf)
01-15 17:45:37.182  3248  3261 E memtrack: Couldn't load memtrack module
01-15 17:45:37.182  3248  3261 W android.os.Debug: failed to get memory consumption info: -1
01-15 17:45:37.186  3891  3891 D MediaScannerReceiver: action: android.intent.action.MEDIA_SCANNER_SCAN_FILE path: /storage/emulated/0/screen.png
01-15 17:45:38.164  3248  3320 I GnssLocationProvider: WakeLock acquired by sendMessage(REPORT_SV_STATUS, 0, com.android.server.location.GnssLocationProvider$SvStatusInfo@dde963a)
01-15 17:45:38.164  3248  3261 I GnssLocationProvider: WakeLock released by handleMessage(REPORT_SV_STATUS, 0, com.android.server.location.GnssLocationProvider$SvStatusInfo@dde963a)
01-15 17:45:39.165  3248  3320 I GnssLocationProvider: WakeLock acquired by sendMessage(REPORT_SV_STATUS, 0, com.android.server.location.GnssLocationProvider$SvStatusInfo@467d2eb)
01-15 17:45:39.165  3248  3261 I GnssLocationProvider: WakeLock released by handleMessage(REPORT_SV_STATUS, 0, com.android.server.location.GnssLocationProvider$SvStatusInfo@467d2eb)
01-15 17:45:39.475 23894 23894 D AndroidRuntime: >>>>>> START com.android.internal.os.RuntimeInit uid 2000 <<<<<<
01-15 17:45:39.479 23894 23894 E cutils-trace: Error opening trace file: No such file or directory (2)
01-15 17:45:39.524 23894 23894 I app_process: The ClassLoaderContext is a special shared library.
01-15 17:45:39.525 23894 23894 I app_process: The ClassLoaderContext is a special shared library.
01-15 17:45:39.537 23894 23894 D AndroidRuntime: Calling main entry com.android.commands.uiautomator.Launcher
01-15 17:45:39.544  4324  4426 I A       : NGA disabled due to not being eligible.
01-15 17:45:40.166  3248  3320 I GnssLocationProvider: WakeLock acquired by sendMessage(REPORT_SV_STATUS, 0, com.android.server.location.GnssLocationProvider$SvStatusInfo@fdc06)
01-15 17:45:40.166  3248  3261 I GnssLocationProvider: WakeLock released by handleMessage(REPORT_SV_STATUS, 0, com.android.server.location.GnssLocationProvider$SvStatusInfo@fdc06)
01-15 17:45:40.558 23894 23894 I AccessibilityNodeInfoDumper: Skipping invisible child: android.view.accessibility.AccessibilityNodeInfo@200fd; boundsInParent: Rect(0, 0 - 0, 126); boundsInScreen: Rect(231, 1017 - 231, 1143); packageName: com.google.android.packageinstaller; className: android.widget.LinearLayout; text: null; error: null; maxTextLength: -1; contentDescription: null; tooltipText: null; viewIdResName: null; checkable: false; checked: false; focusable: false; focused: false; selected: false; clickable: false; longClickable: false; contextClickable: false; enabled: true; password: false; scrollable: false; importantForAccessibility: false; visible: false; actions: [AccessibilityAction: ACTION_SELECT - null, AccessibilityAction: ACTION_CLEAR_SELECTION - null, AccessibilityAction: ACTION_ACCESSIBILITY_FOCUS - null, AccessibilityAction: ACTION_SHOW_ON_SCREEN - null]
01-15 17:45:40.558 23894 23894 W AccessibilityNodeInfoDumper: Fetch time: 7ms
01-15 17:45:39.541  3248  3248 V SettingsProvider: Notifying for 0: content://settings/secure/accessibility_enabled
01-15 17:45:40.565  3248  3258 W WindowManager: removeWindowToken: Attempted to remove non-existing token: android.os.Binder@f3a9848
01-15 17:45:40.566  3248  3248 V SettingsProvider: Notifying for 0: content://settings/secure/accessibility_enabled
01-15 17:45:40.570  4324  4422 I A       : NGA disabled due to not being eligible.
01-15 17:45:40.572 23894 23894 D AndroidRuntime: Shutting down VM
01-15 17:45:41.171  3248  3320 I GnssLocationProvider: WakeLock acquired by sendMessage(REPORT_SV_STATUS, 0, com.android.server.location.GnssLocationProvider$SvStatusInfo@c84f0f4)
01-15 17:45:41.172  3248  3261 I GnssLocationProvider: WakeLock released by handleMessage(REPORT_SV_STATUS, 0, com.android.server.location.GnssLocationProvider$SvStatusInfo@c84f0f4)
01-15 17:45:42.176  3248  3320 I GnssLocationProvider: WakeLock acquired by sendMessage(REPORT_SV_STATUS, 0, com.android.server.location.GnssLocationProvider$SvStatusInfo@6bd201d)
01-15 17:45:42.176  3248  3261 I GnssLocationProvider: WakeLock released by handleMessage(REPORT_SV_STATUS, 0, com.android.server.location.GnssLocationProvider$SvStatusInfo@6bd201d)
01-15 17:45:42.260 19509 23906 E memtrack: Couldn't load memtrack module
01-15 17:45:42.260 19509 23906 W android.os.Debug: failed to get memory consumption info: -1
01-15 17:45:42.914 23913 23913 D AndroidRuntime: >>>>>> START com.android.internal.os.RuntimeInit uid 2000 <<<<<<
01-15 17:45:42.916 23913 23913 E cutils-trace: Error opening trace file: No such file or directory (2)
01-15 17:45:42.953 23913 23913 I app_process: The ClassLoaderContext is a special shared library.
01-15 17:45:42.953 23913 23913 I app_process: The ClassLoaderContext is a special shared library.
01-15 17:45:42.970 23913 23913 D AndroidRuntime: Calling main entry com.android.commands.uiautomator.Launcher
01-15 17:45:42.980  4324  4426 I A       : NGA disabled due to not being eligible.
01-15 17:45:43.177  3248  3320 I GnssLocationProvider: WakeLock acquired by sendMessage(REPORT_SV_STATUS, 0, com.android.server.location.GnssLocationProvider$SvStatusInfo@c7a2860)
01-15 17:45:43.177  3248  3261 I GnssLocationProvider: WakeLock released by handleMessage(REPORT_SV_STATUS, 0, com.android.server.location.GnssLocationProvider$SvStatusInfo@c7a2860)
01-15 17:45:43.996 23913 23913 I AccessibilityNodeInfoDumper: Skipping invisible child: android.view.accessibility.AccessibilityNodeInfo@200ff; boundsInParent: Rect(0, 0 - 0, 126); boundsInScreen: Rect(231, 1017 - 231, 1143); packageName: com.google.android.packageinstaller; className: android.widget.LinearLayout; text: null; error: null; maxTextLength: -1; contentDescription: null; tooltipText: null; viewIdResName: null; checkable: false; checked: false; focusable: false; focused: false; selected: false; clickable: false; longClickable: false; contextClickable: false; enabled: true; password: false; scrollable: false; importantForAccessibility: false; visible: false; actions: [AccessibilityAction: ACTION_SELECT - null, AccessibilityAction: ACTION_CLEAR_SELECTION - null, AccessibilityAction: ACTION_ACCESSIBILITY_FOCUS - null, AccessibilityAction: ACTION_SHOW_ON_SCREEN - null]
01-15 17:45:43.997 23913 23913 W AccessibilityNodeInfoDumper: Fetch time: 4ms
01-15 17:45:42.977  3248  3248 V SettingsProvider: Notifying for 0: content://settings/secure/accessibility_enabled
01-15 17:45:43.999  3248  3618 W WindowManager: removeWindowToken: Attempted to remove non-existing token: android.os.Binder@1bdb292
01-15 17:45:44.002  3248  3248 V SettingsProvider: Notifying for 0: content://settings/secure/accessibility_enabled
01-15 17:45:44.006  4324  4422 I A       : NGA disabled due to not being eligible.
01-15 17:45:44.008 23913 23913 D AndroidRuntime: Shutting down VM
01-15 17:45:44.180  3248  3320 I GnssLocationProvider: WakeLock acquired by sendMessage(REPORT_SV_STATUS, 0, com.android.server.location.GnssLocationProvider$SvStatusInfo@b0065de)
01-15 17:45:44.181  3248  3261 I GnssLocationProvider: WakeLock released by handleMessage(REPORT_SV_STATUS, 0, com.android.server.location.GnssLocationProvider$SvStatusInfo@b0065de)
01-15 17:45:44.396 23931 23931 D AndroidRuntime: >>>>>> START com.android.internal.os.RuntimeInit uid 2000 <<<<<<
01-15 17:45:44.398 23931 23931 E cutils-trace: Error opening trace file: No such file or directory (2)
01-15 17:45:44.429 23931 23931 I app_process: The ClassLoaderContext is a special shared library.
01-15 17:45:44.429 23931 23931 I app_process: The ClassLoaderContext is a special shared library.
01-15 17:45:44.440 23931 23931 D AndroidRuntime: Calling main entry com.android.commands.uiautomator.Launcher
01-15 17:45:44.447  4324  4426 I A       : NGA disabled due to not being eligible.
01-15 17:45:45.187  3248  3320 I GnssLocationProvider: WakeLock acquired by sendMessage(REPORT_SV_STATUS, 0, com.android.server.location.GnssLocationProvider$SvStatusInfo@b2901ea)
01-15 17:45:45.187  3248  3261 I GnssLocationProvider: WakeLock released by handleMessage(REPORT_SV_STATUS, 0, com.android.server.location.GnssLocationProvider$SvStatusInfo@b2901ea)
01-15 17:45:45.464 23931 23931 I AccessibilityNodeInfoDumper: Skipping invisible child: android.view.accessibility.AccessibilityNodeInfo@2010b; boundsInParent: Rect(0, 0 - 0, 126); boundsInScreen: Rect(231, 1017 - 231, 1143); packageName: com.google.android.packageinstaller; className: android.widget.LinearLayout; text: null; error: null; maxTextLength: -1; contentDescription: null; tooltipText: null; viewIdResName: null; checkable: false; checked: false; focusable: false; focused: false; selected: false; clickable: false; longClickable: false; contextClickable: false; enabled: true; password: false; scrollable: false; importantForAccessibility: false; visible: false; actions: [AccessibilityAction: ACTION_SELECT - null, AccessibilityAction: ACTION_CLEAR_SELECTION - null, AccessibilityAction: ACTION_ACCESSIBILITY_FOCUS - null, AccessibilityAction: ACTION_SHOW_ON_SCREEN - null]
01-15 17:45:45.465 23931 23931 W AccessibilityNodeInfoDumper: Fetch time: 5ms
01-15 17:45:44.446  3248  3248 V SettingsProvider: Notifying for 0: content://settings/secure/accessibility_enabled
01-15 17:45:45.466  3248  3618 W WindowManager: removeWindowToken: Attempted to remove non-existing token: android.os.Binder@6c96a8c
01-15 17:45:45.470  3248  3248 V SettingsProvider: Notifying for 0: content://settings/secure/accessibility_enabled
01-15 17:45:45.474  4324  4422 I A       : NGA disabled due to not being eligible.
01-15 17:45:45.477 23931 23941 W MessageQueue: Handler (com.android.internal.os.HandlerCaller$MyHandler) {89823e8} sending message to a Handler on a dead thread
01-15 17:45:45.477 23931 23941 W MessageQueue: java.lang.IllegalStateException: Handler (com.android.internal.os.HandlerCaller$MyHandler) {89823e8} sending message to a Handler on a dead thread
01-15 17:45:45.477 23931 23941 W MessageQueue: 	at android.os.MessageQueue.enqueueMessage(MessageQueue.java:546)
01-15 17:45:45.477 23931 23941 W MessageQueue: 	at android.os.Handler.enqueueMessage(Handler.java:745)
01-15 17:45:45.477 23931 23941 W MessageQueue: 	at android.os.Handler.sendMessageAtTime(Handler.java:697)
01-15 17:45:45.477 23931 23941 W MessageQueue: 	at android.os.Handler.sendMessageDelayed(Handler.java:667)
01-15 17:45:45.477 23931 23941 W MessageQueue: 	at android.os.Handler.sendMessage(Handler.java:604)
01-15 17:45:45.477 23931 23941 W MessageQueue: 	at com.android.internal.os.HandlerCaller.sendMessage(HandlerCaller.java:86)
01-15 17:45:45.477 23931 23941 W MessageQueue: 	at android.accessibilityservice.AccessibilityService$IAccessibilityServiceClientWrapper.init(AccessibilityService.java:1638)
01-15 17:45:45.477 23931 23941 W MessageQueue: 	at android.accessibilityservice.IAccessibilityServiceClient$Stub.onTransact(IAccessibilityServiceClient.java:60)
01-15 17:45:45.477 23931 23941 W MessageQueue: 	at android.os.Binder.execTransact(Binder.java:731)
01-15 17:45:45.480 23931 23931 D AndroidRuntime: Shutting down VM
01-15 17:45:45.861 23950 23950 D AndroidRuntime: >>>>>> START com.android.internal.os.RuntimeInit uid 2000 <<<<<<
01-15 17:45:45.863 23950 23950 E cutils-trace: Error opening trace file: No such file or directory (2)
01-15 17:45:45.894 23950 23950 I app_process: The ClassLoaderContext is a special shared library.
01-15 17:45:45.894 23950 23950 I app_process: The ClassLoaderContext is a special shared library.
01-15 17:45:45.905 23950 23950 D AndroidRuntime: Calling main entry com.android.commands.uiautomator.Launcher
01-15 17:45:45.912  4324  4426 I A       : NGA disabled due to not being eligible.
01-15 17:45:46.187  3248  3320 I GnssLocationProvider: WakeLock acquired by sendMessage(REPORT_SV_STATUS, 0, com.android.server.location.GnssLocationProvider$SvStatusInfo@38d52b6)
01-15 17:45:46.188  3248  3261 I GnssLocationProvider: WakeLock released by handleMessage(REPORT_SV_STATUS, 0, com.android.server.location.GnssLocationProvider$SvStatusInfo@38d52b6)
01-15 17:45:46.925 23950 23950 I AccessibilityNodeInfoDumper: Skipping invisible child: android.view.accessibility.AccessibilityNodeInfo@20117; boundsInParent: Rect(0, 0 - 0, 126); boundsInScreen: Rect(231, 1017 - 231, 1143); packageName: com.google.android.packageinstaller; className: android.widget.LinearLayout; text: null; error: null; maxTextLength: -1; contentDescription: null; tooltipText: null; viewIdResName: null; checkable: false; checked: false; focusable: false; focused: false; selected: false; clickable: false; longClickable: false; contextClickable: false; enabled: true; password: false; scrollable: false; importantForAccessibility: false; visible: false; actions: [AccessibilityAction: ACTION_SELECT - null, AccessibilityAction: ACTION_CLEAR_SELECTION - null, AccessibilityAction: ACTION_ACCESSIBILITY_FOCUS - null, AccessibilityAction: ACTION_SHOW_ON_SCREEN - null]
01-15 17:45:46.926 23950 23950 W AccessibilityNodeInfoDumper: Fetch time: 5ms
01-15 17:45:45.910  3248  3248 V SettingsProvider: Notifying for 0: content://settings/secure/accessibility_enabled
01-15 17:45:46.927  3248  3839 W WindowManager: removeWindowToken: Attempted to remove non-existing token: android.os.Binder@ce8a378
01-15 17:45:46.929  3248  3248 V SettingsProvider: Notifying for 0: content://settings/secure/accessibility_enabled
01-15 17:45:46.930 23950 23950 D AndroidRuntime: Shutting down VM
01-15 17:45:46.931  4324  4422 I A       : NGA disabled due to not being eligible.
01-15 17:45:47.190  3248  3320 I GnssLocationProvider: WakeLock acquired by sendMessage(REPORT_SV_STATUS, 0, com.android.server.location.GnssLocationProvider$SvStatusInfo@fc07f24)
01-15 17:45:47.190  3248  3261 I GnssLocationProvider: WakeLock released by handleMessage(REPORT_SV_STATUS, 0, com.android.server.location.GnssLocationProvider$SvStatusInfo@fc07f24)
01-15 17:45:47.328 23968 23968 D AndroidRuntime: >>>>>> START com.android.internal.os.RuntimeInit uid 2000 <<<<<<
01-15 17:45:47.330 23968 23968 E cutils-trace: Error opening trace file: No such file or directory (2)
01-15 17:45:47.371 23968 23968 I app_process: The ClassLoaderContext is a special shared library.
01-15 17:45:47.378  3248  3258 W ActivityManager: Unable to start service Intent { act=com.google.android.gms.photos.autobackup.service.START pkg=com.google.android.gms } U=0: not found
01-15 17:45:47.378  3248  3258 W ActivityManager: Unbind failed: could not find connection for android.os.BinderProxy@dd3f954
01-15 17:45:47.383  6274  7036 W native  : jpeg_io.cc:108 File's first two bytes does not match the sequence 216
01-15 17:45:47.385 23968 23968 D AndroidRuntime: Calling main entry com.android.commands.monkey.Monkey
01-15 17:45:47.385 23968 23968 W Monkey  : args: [-p, com.ichi2.anki, -c, android.intent.category.LAUNCHER, 1]
01-15 17:45:47.386 23968 23968 W Monkey  :  arg: "-p"
01-15 17:45:47.386 23968 23968 W Monkey  :  arg: "com.ichi2.anki"
01-15 17:45:47.386 23968 23968 W Monkey  :  arg: "-c"
01-15 17:45:47.386 23968 23968 W Monkey  :  arg: "android.intent.category.LAUNCHER"
01-15 17:45:47.386 23968 23968 W Monkey  :  arg: "1"
01-15 17:45:47.386 23968 23968 W Monkey  : data="com.ichi2.anki"
01-15 17:45:47.386 23968 23968 W Monkey  : data="android.intent.category.LAUNCHER"
01-15 17:45:47.395  3248  3262 W BroadcastQueue: Skipping deliver [background] BroadcastRecord{7012043 u-1 android.net.conn.CONNECTIVITY_CHANGE} to ReceiverList{a2156c0 23968 (unknown name)/2000/u-1 remote:430f0fd}: process gone or crashing
01-15 17:45:47.399  3248  3258 I ActivityManager: START u0 {act=android.intent.action.MAIN cat=[android.intent.category.LAUNCHER] flg=0x10200000 cmp=com.ichi2.anki/.IntentHandler} from uid 2000
01-15 17:45:47.399  3248  3258 W Binder  : Outgoing transactions from this process must be FLAG_ONEWAY
01-15 17:45:47.399  3248  3258 W Binder  : java.lang.Throwable
01-15 17:45:47.399  3248  3258 W Binder  : 	at android.os.BinderProxy.transact(Binder.java:1114)
01-15 17:45:47.399  3248  3258 W Binder  : 	at android.app.IActivityController$Stub$Proxy.activityStarting(IActivityController.java:176)
01-15 17:45:47.399  3248  3258 W Binder  : 	at com.android.server.am.ActivityStarter.startActivity(ActivityStarter.java:737)
01-15 17:45:47.399  3248  3258 W Binder  : 	at com.android.server.am.ActivityStarter.startActivity(ActivityStarter.java:544)
01-15 17:45:47.399  3248  3258 W Binder  : 	at com.android.server.am.ActivityStarter.startActivityMayWait(ActivityStarter.java:1099)
01-15 17:45:47.399  3248  3258 W Binder  : 	at com.android.server.am.ActivityStarter.execute(ActivityStarter.java:486)
01-15 17:45:47.399  3248  3258 W Binder  : 	at com.android.server.am.ActivityManagerService.startActivityAsUser(ActivityManagerService.java:5120)
01-15 17:45:47.399  3248  3258 W Binder  : 	at com.android.server.am.ActivityManagerService.startActivityAsUser(ActivityManagerService.java:5094)
01-15 17:45:47.399  3248  3258 W Binder  : 	at com.android.server.am.ActivityManagerService.startActivity(ActivityManagerService.java:5085)
01-15 17:45:47.399  3248  3258 W Binder  : 	at android.app.IActivityManager$Stub.onTransact$startActivity$(IActivityManager.java:10084)
01-15 17:45:47.399  3248  3258 W Binder  : 	at android.app.IActivityManager$Stub.onTransact(IActivityManager.java:122)
01-15 17:45:47.399  3248  3258 W Binder  : 	at com.android.server.am.ActivityManagerService.onTransact(ActivityManagerService.java:3291)
01-15 17:45:47.399  3248  3258 W Binder  : 	at android.os.Binder.execTransact(Binder.java:731)
01-15 17:45:47.401 23968 23968 I Monkey  : Events injected: 1
01-15 17:45:47.402  3248  3248 V SettingsProvider: Notifying for 0: content://settings/system/accelerometer_rotation
01-15 17:45:47.415 23968 23968 I Monkey  : ## Network stats: elapsed time=11ms (0ms mobile, 0ms wifi, 11ms not connected)
01-15 17:45:47.415 23968 23968 I app_process: System.exit called, status: 0
01-15 17:45:47.415 23968 23968 I AndroidRuntime: VM exiting with result code 0.
01-15 17:45:47.428  3248  3258 W ActivityManager: Unable to start service Intent { act=com.google.android.gms.photos.autobackup.service.START pkg=com.google.android.gms } U=0: not found
01-15 17:45:47.429  3248  3258 W ActivityManager: Unbind failed: could not find connection for android.os.BinderProxy@f382b3e
01-15 17:45:48.196  3248  3320 I GnssLocationProvider: WakeLock acquired by sendMessage(REPORT_SV_STATUS, 0, com.android.server.location.GnssLocationProvider$SvStatusInfo@80b7d9f)
01-15 17:45:48.197  3248  3261 I GnssLocationProvider: WakeLock released by handleMessage(REPORT_SV_STATUS, 0, com.android.server.location.GnssLocationProvider$SvStatusInfo@80b7d9f)
01-15 17:45:49.200  3248  3320 I GnssLocationProvider: WakeLock acquired by sendMessage(REPORT_SV_STATUS, 0, com.android.server.location.GnssLocationProvider$SvStatusInfo@5251eec)
01-15 17:45:49.201  3248  3261 I GnssLocationProvider: WakeLock released by handleMessage(REPORT_SV_STATUS, 0, com.android.server.location.GnssLocationProvider$SvStatusInfo@5251eec)
01-15 17:45:50.205  3248  3320 I GnssLocationProvider: WakeLock acquired by sendMessage(REPORT_SV_STATUS, 0, com.android.server.location.GnssLocationProvider$SvStatusInfo@6c242b5)
01-15 17:45:50.205  3248  3261 I GnssLocationProvider: WakeLock released by handleMessage(REPORT_SV_STATUS, 0, com.android.server.location.GnssLocationProvider$SvStatusInfo@6c242b5)
01-15 17:45:51.205  3248  3320 I GnssLocationProvider: WakeLock acquired by sendMessage(REPORT_SV_STATUS, 0, com.android.server.location.GnssLocationProvider$SvStatusInfo@e07bd4a)
01-15 17:45:51.205  3248  3261 I GnssLocationProvider: WakeLock released by handleMessage(REPORT_SV_STATUS, 0, com.android.server.location.GnssLocationProvider$SvStatusInfo@e07bd4a)
01-15 17:45:52.207  3248  3320 I GnssLocationProvider: WakeLock acquired by sendMessage(REPORT_SV_STATUS, 0, com.android.server.location.GnssLocationProvider$SvStatusInfo@63454bb)
01-15 17:45:52.207  3248  3261 I GnssLocationProvider: WakeLock released by handleMessage(REPORT_SV_STATUS, 0, com.android.server.location.GnssLocationProvider$SvStatusInfo@63454bb)
01-15 17:45:53.213  3248  3320 I GnssLocationProvider: WakeLock acquired by sendMessage(REPORT_SV_STATUS, 0, com.android.server.location.GnssLocationProvider$SvStatusInfo@9bb3dd8)
01-15 17:45:53.214  3248  3261 I GnssLocationProvider: WakeLock released by handleMessage(REPORT_SV_STATUS, 0, com.android.server.location.GnssLocationProvider$SvStatusInfo@9bb3dd8)
01-15 17:45:54.214  3248  3320 I GnssLocationProvider: WakeLock acquired by sendMessage(REPORT_SV_STATUS, 0, com.android.server.location.GnssLocationProvider$SvStatusInfo@ea15531)
01-15 17:45:54.215  3248  3261 I GnssLocationProvider: WakeLock released by handleMessage(REPORT_SV_STATUS, 0, com.android.server.location.GnssLocationProvider$SvStatusInfo@ea15531)
01-15 17:45:54.604  3116  3145 E storaged: getDiskStats failed with result NOT_SUPPORTED and size 0
01-15 17:45:55.218  3248  3320 I GnssLocationProvider: WakeLock acquired by sendMessage(REPORT_SV_STATUS, 0, com.android.server.location.GnssLocationProvider$SvStatusInfo@78c6416)
01-15 17:45:55.219  3248  3261 I GnssLocationProvider: WakeLock released by handleMessage(REPORT_SV_STATUS, 0, com.android.server.location.GnssLocationProvider$SvStatusInfo@78c6416)
01-15 17:45:55.513  3203  3203 E netmgr  : Failed to open QEMU pipe 'qemud:network': Invalid argument
01-15 17:45:55.513  3203  3203 E netmgr  : WifiForwarder unable to open QEMU pipe: Invalid argument
