01-15 17:50:01.712 24016 24027 D PrefCtrlListHelper: Could not find Context-only controller for pref: com.android.settings.connecteddevice.AddDevicePreferenceController
01-15 17:50:01.712 24016 24027 E BluetoothAdapter: Bluetooth binder is null
01-15 17:50:01.712 24016 24027 D PrefCtrlListHelper: Could not find Context-only controller for pref: com.android.settings.connecteddevice.PreviouslyConnectedDevicePreferenceController
01-15 17:50:01.712 24016 24027 D PrefCtrlListHelper: Could not find Context-only controller for pref: com.android.settings.connecteddevice.AdvancedConnectedDeviceController
01-15 17:50:01.713 24016 24027 E BluetoothAdapter: Bluetooth binder is null
01-15 17:50:01.714 24016 24027 D PrefCtrlListHelper: Could not find Context-only controller for pref: com.android.settings.fuelgauge.batterysaver.BatterySaverButtonPreferenceController
01-15 17:50:01.714 24016 24027 W PrefCtrlListHelper: auto_battery_saver already has a controller
01-15 17:50:01.723 24016 24027 E BluetoothAdapter: Bluetooth binder is null
01-15 17:50:01.724 24016 24027 D PrefCtrlListHelper: Could not find Context-only controller for pref: com.android.settings.gestures.DoubleTapScreenPreferenceController
01-15 17:50:01.726 24016 24027 D PrefCtrlListHelper: Could not find Context-only controller for pref: com.android.settings.notification.BadgingNotificationPreferenceController
01-15 17:50:01.726 24016 24027 D PrefCtrlListHelper: Could not find Context-only controller for pref: com.android.settings.gestures.SwipeToNotificationPreferenceController
01-15 17:50:01.726 24016 24027 W PrefControllerMixin: Skipping updateNonIndexableKeys due to empty key com.android.settings.notification.LockScreenNotificationPreferenceController@81b47a4
01-15 17:50:01.730 24016 24027 W PrefCtrlListHelper: visiblepattern_profile already has a controller
01-15 17:50:01.730 24016 24027 W PrefCtrlListHelper: show_password already has a controller
01-15 17:50:01.738 24016 24027 D PrefCtrlListHelper: Could not find Context-only controller for pref: com.android.settings.inputmethod.GameControllerPreferenceController
01-15 17:50:01.745 24016 24027 D PrefCtrlListHelper: Could not find Context-only controller for pref: com.android.settings.gestures.DoubleTwistPreferenceController
01-15 17:50:01.745 24016 24027 D PrefCtrlListHelper: Could not find Context-only controller for pref: com.android.settings.network.NetworkScorerPickerPreferenceController
01-15 17:50:01.746 24016 24027 D PrefCtrlListHelper: Could not find Context-only controller for pref: com.android.settings.sound.MediaOutputPreferenceController
01-15 17:50:01.751 24016 24027 V MediaRouter: Adding route: RouteInfo{ name=Phone, description=null, status=null, category=RouteCategory{ name=System types=ROUTE_TYPE_LIVE_AUDIO ROUTE_TYPE_LIVE_VIDEO  groupable=false }, supportedTypes=ROUTE_TYPE_LIVE_AUDIO ROUTE_TYPE_LIVE_VIDEO , presentationDisplay=null }
01-15 17:50:01.754 24016 24027 V MediaRouter: Selecting route: RouteInfo{ name=Phone, description=null, status=null, category=RouteCategory{ name=System types=ROUTE_TYPE_LIVE_AUDIO ROUTE_TYPE_LIVE_VIDEO  groupable=false }, supportedTypes=ROUTE_TYPE_LIVE_AUDIO ROUTE_TYPE_LIVE_VIDEO , presentationDisplay=null }
01-15 17:50:01.756 24016 24027 E BluetoothAdapter: Bluetooth binder is null
01-15 17:50:01.756 24016 24027 E AudioSwitchPreferenceController: Bluetooth is not supported on this device
01-15 17:50:01.756 24016 24027 D PrefCtrlListHelper: Could not find Context-only controller for pref: com.android.settings.notification.CallVolumePreferenceController
01-15 17:50:01.756 24016 24027 D PrefCtrlListHelper: Could not find Context-only controller for pref: com.android.settings.sound.HandsFreeProfileOutputPreferenceController
01-15 17:50:01.756 24016 24027 E BluetoothAdapter: Bluetooth binder is null
01-15 17:50:01.756 24016 24027 E AudioSwitchPreferenceController: Bluetooth is not supported on this device
01-15 17:50:01.757 24016 24027 D PrefCtrlListHelper: Could not find Context-only controller for pref: com.android.settings.notification.VibrateWhenRingPreferenceController
01-15 17:50:01.757 24016 24027 D PrefCtrlListHelper: Could not find Context-only controller for pref: com.android.settings.gestures.PreventRingingPreferenceController
01-15 17:50:01.760 24016 24027 D PrefCtrlListHelper: Could not find Context-only controller for pref: com.android.settings.gestures.SwipeToNotificationPreferenceController
01-15 17:50:01.761 24016 24027 D PrefCtrlListHelper: Could not find Context-only controller for pref: com.android.settings.system.ResetPreferenceController
01-15 17:50:01.765 24016 24027 W PrefCtrlListHelper: smart_battery already has a controller
01-15 17:50:01.780 27002 27002 E android.traceu: Not starting debugger since process cannot load the jdwp agent.
01-15 17:50:01.783  3248  3264 I ActivityManager: Start proc 27002:com.android.traceur/u0a53 for content provider com.android.traceur/.SearchProvider
01-15 17:50:01.791 27002 27002 I android.traceu: The ClassLoaderContext is a special shared library.
01-15 17:50:01.793 27002 27002 I android.traceu: The ClassLoaderContext is a special shared library.
01-15 17:50:01.805 26946 26964 W IndexableDataCollector: Cannot add index data for Uri: content://com.android.traceur/settings/indexables_xml_res
01-15 17:50:01.811 26946 26964 D IndexableDataCollector: No site map information from com.android.traceur
01-15 17:50:01.815 26946 26964 W System  : ClassLoader referenced unknown path: 
01-15 17:50:01.823 27017 27017 E .android.gms.u: Not starting debugger since process cannot load the jdwp agent.
01-15 17:50:01.827  3248  3618 I ActivityManager: Start proc 27017:com.google.android.gms.ui/u0a15 for content provider com.google.android.gms/.accountsettings.content.SettingsSearchContentProvider
01-15 17:50:01.833 27017 27017 I .android.gms.u: The ClassLoaderContext is a special shared library.
01-15 17:50:01.833 27017 27017 I chatty  : uid=10015 com.google.android.gms.ui identical 1 line
01-15 17:50:01.834 27017 27017 I .android.gms.u: The ClassLoaderContext is a special shared library.
01-15 17:50:01.838 27017 27017 W .android.gms.u: JIT profile information will not be recorded: profile file does not exits.
01-15 17:50:01.838 27017 27017 W .android.gms.u: JIT profile information will not be recorded: profile file does not exits.
01-15 17:50:01.943 27017 27017 W ProviderHelper: Unknown dynamite feature providerinstaller.dynamite
01-15 17:50:01.944 27017 27017 I DynamiteModule: Considering local module com.google.android.gms.providerinstaller.dynamite:1 and remote module com.google.android.gms.providerinstaller.dynamite:0
01-15 17:50:01.944 27017 27017 I DynamiteModule: Selected local version of com.google.android.gms.providerinstaller.dynamite
01-15 17:50:01.976 27017 27017 V NativeCrypto: Registering com/google/android/gms/org/conscrypt/NativeCrypto's 295 native methods...
01-15 17:50:01.978 27017 27030 I DynamiteModule: Considering local module com.google.android.gms.googlecertificates:7 and remote module com.google.android.gms.googlecertificates:7
01-15 17:50:01.978 27017 27030 I DynamiteModule: Selected local version of com.google.android.gms.googlecertificates
01-15 17:50:01.988 27017 27027 I .android.gms.u: Background concurrent copying GC freed 5004(838KB) AllocSpace objects, 4(80KB) LOS objects, 49% free, 1854KB/3MB, paused 5.919ms total 33.698ms
01-15 17:50:01.996 27017 27017 D NetworkSecurityConfig: Using Network Security Config from resource network_security_config debugBuild: false
01-15 17:50:01.999 27017 27017 I ProviderInstaller: Installed default security provider GmsCore_OpenSSL
01-15 17:50:02.001 26946 26964 W IndexableDataCollector: Cannot add index data for Uri: content://com.google.android.gms.accountsettings.content/settings/indexables_xml_res
01-15 17:50:02.014 27017 27017 I cdau    : Primes not initialized, returning default (no-op) Primes instance which will ignore all calls. Please call Primes.initialize(...) before using any Primes API.
01-15 17:50:02.014 27017 27052 I GMS_MM_Logger: Started.
01-15 17:50:02.022 26946 26964 D IndexableDataCollector: No site map information from com.google.android.gms
01-15 17:50:02.120  3793 27066 E memtrack: Couldn't load memtrack module
01-15 17:50:02.120  3793 27066 W android.os.Debug: failed to get memory consumption info: -1
01-15 17:50:02.123  3248  3320 I GnssLocationProvider: WakeLock acquired by sendMessage(REPORT_SV_STATUS, 0, com.android.server.location.GnssLocationProvider$SvStatusInfo@e75cab8)
01-15 17:50:02.123  3248  3261 I GnssLocationProvider: WakeLock released by handleMessage(REPORT_SV_STATUS, 0, com.android.server.location.GnssLocationProvider$SvStatusInfo@e75cab8)
01-15 17:50:02.144 27017 27060 W .android.gms.u: Unsupported class loader
01-15 17:50:02.156 27017 27064 I CAR.DRIVINGMODE: DrivingMode Settings Indexed from the location module
01-15 17:50:02.157 27017 27060 W .android.gms.u: Skipping duplicate class check due to unsupported classloader
01-15 17:50:02.181  3632  3632 D BoundBrokerSvc: onBind: Intent { act=com.google.android.gms.instantapps.START pkg=com.google.android.gms }
01-15 17:50:02.181  3632  3632 D BoundBrokerSvc: Loading bound service for intent: Intent { act=com.google.android.gms.instantapps.START pkg=com.google.android.gms }
01-15 17:50:02.196 27017 27067 E SettingsIntentOperation: No accounts
01-15 17:50:02.254 27017 27061 E BluetoothAdapter: Bluetooth binder is null
01-15 17:50:02.332  3632  3632 D BoundBrokerSvc: onBind: Intent { act=com.google.android.gms.tapandpay.service.BIND dat=chimera-action: cmp=com.google.android.gms/.chimera.PersistentApiService }
01-15 17:50:02.332  3632  3632 D BoundBrokerSvc: Loading bound service for intent: Intent { act=com.google.android.gms.tapandpay.service.BIND dat=chimera-action: cmp=com.google.android.gms/.chimera.PersistentApiService }
01-15 17:50:02.372 27017 27029 E IndexableItem: target is not exported: Intent { act=com.google.android.gms.auth.api.credentials.PHONE_NUMBER_HINT_SETTINGS cat=[android.intent.category.DEFAULT] pkg=com.google.android.gms }, title:Phone number sharing [CONTEXT service_id=231 ]
01-15 17:50:02.372 27017 27029 W IndexableItem: indexing key is not set:Intent { act=com.google.android.gms.auth.api.credentials.PHONE_NUMBER_HINT_SETTINGS cat=[android.intent.category.DEFAULT] pkg=com.google.android.gms } [CONTEXT service_id=231 ]
01-15 17:50:02.372 27017 27029 I chatty  : uid=10015(com.google.android.gms) Binder:27017_2 identical 1 line
01-15 17:50:02.377 27017 27029 W IndexableItem: indexing key is not set:Intent { act=com.google.android.gms.auth.api.credentials.PHONE_NUMBER_HINT_SETTINGS cat=[android.intent.category.DEFAULT] pkg=com.google.android.gms } [CONTEXT service_id=231 ]
01-15 17:50:02.383 26946 26964 D IndexableDataCollector: No site map information from com.google.android.gms
01-15 17:50:02.695 26946 26964 D IndexableDataCollector: No site map information from com.google.android.googlequicksearchbox
01-15 17:50:02.709  4324  4346 I A       : getLocaleToModelSpecsMap
01-15 17:50:02.715  4324  4346 I A       : Falling back to proto config with mendel
01-15 17:50:02.719  4324  4346 I A       : getLocaleToModelSpecsMap
01-15 17:50:02.719  4324  4346 I A       : Falling back to proto config with mendel
01-15 17:50:02.719  4324  4346 I A       : getLocaleToModelSpecsMap
01-15 17:50:02.719  4324  4346 I A       : Falling back to proto config with mendel
01-15 17:50:02.724  4324  4346 I A       : getLocaleToModelSpecsMap
01-15 17:50:02.724  4324  4346 I A       : Falling back to proto config with mendel
01-15 17:50:02.727  4324  4346 I A       : (REDACTED) Adding from config to map. Locale: %s modelPrefix: %s Location:%s isSpeakerIdSupported: %b
01-15 17:50:02.727  4324  4346 I chatty  : uid=10048(com.google.android.googlequicksearchbox) Binder:4324_4 identical 1 line
01-15 17:50:02.727  4324  4346 I A       : (REDACTED) Adding from config to map. Locale: %s modelPrefix: %s Location:%s isSpeakerIdSupported: %b
01-15 17:50:02.729  4324  4346 I A       : (REDACTED) Skipping. Expected model: %s Found: %s
01-15 17:50:02.729  4324  4346 I A       : (REDACTED) Adding from config to map. Locale: %s modelPrefix: %s Location:%s isSpeakerIdSupported: %b
01-15 17:50:02.729  4324  4346 I A       : (REDACTED) hasHotwordEverywhere-%b
01-15 17:50:02.730  4324  4346 I A       : getLocaleToModelSpecsMap
01-15 17:50:02.730  4324  4346 I A       : Falling back to proto config with mendel
01-15 17:50:02.730  4324  4346 I A       : getLocaleToModelSpecsMap
01-15 17:50:02.730  4324  4346 I A       : Falling back to proto config with mendel
01-15 17:50:02.730  4324  4346 I A       : getLocaleToModelSpecsMap
01-15 17:50:02.730  4324  4346 I A       : Falling back to proto config with mendel
01-15 17:50:02.730  4324  4346 I A       : getLocaleToModelSpecsMap
01-15 17:50:02.730  4324  4346 I A       : Falling back to proto config with mendel
01-15 17:50:02.730  4324  4346 I A       : (REDACTED) Adding from config to map. Locale: %s modelPrefix: %s Location:%s isSpeakerIdSupported: %b
01-15 17:50:02.730  4324  4346 I chatty  : uid=10048(com.google.android.googlequicksearchbox) Binder:4324_4 identical 1 line
01-15 17:50:02.730  4324  4346 I A       : (REDACTED) Adding from config to map. Locale: %s modelPrefix: %s Location:%s isSpeakerIdSupported: %b
01-15 17:50:02.730  4324  4346 I A       : (REDACTED) Skipping. Expected model: %s Found: %s
01-15 17:50:02.730  4324  4346 I A       : (REDACTED) Adding from config to map. Locale: %s modelPrefix: %s Location:%s isSpeakerIdSupported: %b
01-15 17:50:02.828 26946 26964 W IndexDataConverter: Skipping index for null-key item IndexData.Builder {title: null,package: com.android.cellbroadcastreceiver}
01-15 17:50:02.868 26946 26964 W IndexDataConverter: Skipping index for null-key item IndexData.Builder {title: null,package: com.android.settings}
01-15 17:50:02.875 26946 26964 W IndexDataConverter: Skipping index for null-key item IndexData.Builder {title: Behavior,package: com.android.settings}
01-15 17:50:02.875 26946 26964 W IndexDataConverter: Skipping index for null-key item IndexData.Builder {title: Exceptions,package: com.android.settings}
01-15 17:50:02.875 26946 26964 W IndexDataConverter: Skipping index for null-key item IndexData.Builder {title: Schedule,package: com.android.settings}
01-15 17:50:02.876 26946 26964 W IndexDataConverter: Skipping index for null-key item IndexData.Builder {title: null,package: com.android.settings}
01-15 17:50:02.892 26946 26964 W IndexDataConverter: Skipping index for null-key item IndexData.Builder {title: When Do Not Disturb is turned on,package: com.android.settings}
01-15 17:50:02.892 26946 26964 W IndexDataConverter: Skipping index for null-key item IndexData.Builder {title: null,package: com.android.settings}
01-15 17:50:02.899 26946 26964 W IndexDataConverter: Skipping index for null-key item IndexData.Builder {title: When Do Not Disturb is turned on,package: com.android.settings}
01-15 17:50:02.899 26946 26964 W IndexDataConverter: Skipping index for null-key item IndexData.Builder {title: null,package: com.android.settings}
01-15 17:50:02.904 26946 26964 W IndexDataConverter: Skipping index for null-key item IndexData.Builder {title: null,package: com.android.settings}
01-15 17:50:02.904 26946 26964 W IndexDataConverter: Skipping index for null-key item IndexData.Builder {title: When Do Not Disturb is turned on,package: com.android.settings}
01-15 17:50:02.905 26946 26964 W IndexDataConverter: Skipping index for null-key item IndexData.Builder {title: null,package: com.android.settings}
01-15 17:50:02.908 26946 26964 W IndexDataConverter: Skipping index for null-key item IndexData.Builder {title: Access your Google Assistant on Pixel,package: com.google.android.googlequicksearchbox}
01-15 17:50:02.912 26946 26964 W IndexDataConverter: Skipping index for null-key item IndexData.Builder {title: null,package: com.google.android.googlequicksearchbox}
01-15 17:50:02.916 26946 26964 D IndexDataConverter: Converting pre-index data to index data took: 93
01-15 17:50:02.938 26946 26964 W IndexDataConverter: Cannot build sitemap pair for incomplete names Pair{com.android.settings.network.NetworkDashboardFragment com.android.settings.datausage.DataUsageSummary}Network & internetnull
01-15 17:50:03.128  3248  3320 I GnssLocationProvider: WakeLock acquired by sendMessage(REPORT_SV_STATUS, 0, com.android.server.location.GnssLocationProvider$SvStatusInfo@799a494)
01-15 17:50:03.128  3248  3261 I GnssLocationProvider: WakeLock released by handleMessage(REPORT_SV_STATUS, 0, com.android.server.location.GnssLocationProvider$SvStatusInfo@799a494)
01-15 17:50:03.896  4001  4241 I PlayCommon: [132] aije.j(22): Preparing logs for uploading
01-15 17:50:03.898  4001  4241 W PlayCommon: [132] aije.l(1): No account for auth token provided
01-15 17:50:03.899  4001  4241 I PlayCommon: [132] aije.j(177): Connecting to server: https://play.googleapis.com/play/log?format=raw&proto_v2=true
01-15 17:50:03.956  3114 27080 W DnsTlsSocket: SSL_connect error 5, errno=0
01-15 17:50:03.995  3114 27080 W DnsTlsSocket: SSL_connect error 5, errno=104
01-15 17:50:04.047  3114 27080 W DnsTlsSocket: SSL_connect error 5, errno=0
01-15 17:50:04.134  3248  3320 I GnssLocationProvider: WakeLock acquired by sendMessage(REPORT_SV_STATUS, 0, com.android.server.location.GnssLocationProvider$SvStatusInfo@b085b3d)
01-15 17:50:04.135  3248  3261 I GnssLocationProvider: WakeLock released by handleMessage(REPORT_SV_STATUS, 0, com.android.server.location.GnssLocationProvider$SvStatusInfo@b085b3d)
01-15 17:50:04.252  4001  4241 I PlayCommon: [132] aije.j(211): Successfully uploaded logs.
01-15 17:50:04.567 27085 27085 W ls      : type=1400 audit(0.0:11116): avc: denied { getattr } for path="/proc/fb" dev="proc" ino=4026531899 scontext=u:r:shell:s0 tcontext=u:object_r:proc:s0 tclass=file permissive=0
01-15 17:50:05.134  3248  3320 I GnssLocationProvider: WakeLock acquired by sendMessage(REPORT_SV_STATUS, 0, com.android.server.location.GnssLocationProvider$SvStatusInfo@c899f32)
01-15 17:50:05.134  3248  3261 I GnssLocationProvider: WakeLock released by handleMessage(REPORT_SV_STATUS, 0, com.android.server.location.GnssLocationProvider$SvStatusInfo@c899f32)
01-15 17:50:06.139  3248  3320 I GnssLocationProvider: WakeLock acquired by sendMessage(REPORT_SV_STATUS, 0, com.android.server.location.GnssLocationProvider$SvStatusInfo@7c63483)
01-15 17:50:06.140  3248  3261 I GnssLocationProvider: WakeLock released by handleMessage(REPORT_SV_STATUS, 0, com.android.server.location.GnssLocationProvider$SvStatusInfo@7c63483)
01-15 17:50:06.646  3392  3392 I EmojiSuperpacksFeature: Emoji superpacks enabled
01-15 17:50:06.646  3392  3392 I Conv2QueryExtension: isEnabled() : true
01-15 17:50:06.647  3392  3392 I FeatureCardGenerator: Make a GIF card not added
01-15 17:50:06.648  3392  3392 I FeatureCardGenerator: Autospace card not added
01-15 17:50:06.797 27523 27523 D AndroidRuntime: >>>>>> START com.android.internal.os.RuntimeInit uid 2000 <<<<<<
01-15 17:50:06.799 27523 27523 E cutils-trace: Error opening trace file: No such file or directory (2)
01-15 17:50:06.836 27523 27523 I app_process: The ClassLoaderContext is a special shared library.
01-15 17:50:06.849 27523 27523 D AndroidRuntime: Calling main entry com.android.commands.input.Input
01-15 17:50:06.856 27523 27523 I Input   : injectKeyEvent: KeyEvent { action=ACTION_DOWN, keyCode=KEYCODE_ESCAPE, scanCode=0, metaState=0, flags=0x0, repeatCount=0, eventTime=10820260, downTime=10820260, deviceId=-1, source=0x101 }
01-15 17:50:06.860 27523 27523 I Input   : injectKeyEvent: KeyEvent { action=ACTION_UP, keyCode=KEYCODE_ESCAPE, scanCode=0, metaState=0, flags=0x0, repeatCount=0, eventTime=10820260, downTime=10820260, deviceId=-1, source=0x101 }
01-15 17:50:06.863  3392  3392 I PhenotypeExpConfig: refreshConfiguration() : Force = false : UpdateAvailable = false : Age = 179 minutes : MaxAge = 720 minutes
01-15 17:50:06.864  3010  3051 D gralloc_ranchu: gralloc_alloc: Creating ashmem region of size 24576
01-15 17:50:06.866  3010  3051 D gralloc_ranchu: gralloc_alloc: Creating ashmem region of size 24576
01-15 17:50:06.869  3392  3392 I LatinIme: abortComposing()
01-15 17:50:06.870  3392  3392 I Delight5Decoder: abortComposing() : input state id = 2183
01-15 17:50:06.871  3392  3392 I LatinIme: onDeactivate()
01-15 17:50:06.874 27523 27523 D AndroidRuntime: Shutting down VM
01-15 17:50:06.875  3392 29504 D EGL_emulation: eglMakeCurrent: 0x791dadab80: ver 3 0 (tinfo 0x791dbba440)
01-15 17:50:07.143  3248  3320 I GnssLocationProvider: WakeLock acquired by sendMessage(REPORT_SV_STATUS, 0, com.android.server.location.GnssLocationProvider$SvStatusInfo@c88ab71)
01-15 17:50:07.143  3248  3261 I GnssLocationProvider: WakeLock released by handleMessage(REPORT_SV_STATUS, 0, com.android.server.location.GnssLocationProvider$SvStatusInfo@c88ab71)
01-15 17:50:08.149  3248  3320 I GnssLocationProvider: WakeLock acquired by sendMessage(REPORT_SV_STATUS, 0, com.android.server.location.GnssLocationProvider$SvStatusInfo@4d39d56)
01-15 17:50:08.149  3248  3261 I GnssLocationProvider: WakeLock released by handleMessage(REPORT_SV_STATUS, 0, com.android.server.location.GnssLocationProvider$SvStatusInfo@4d39d56)
01-15 17:50:09.150  3248  3320 I GnssLocationProvider: WakeLock acquired by sendMessage(REPORT_SV_STATUS, 0, com.android.server.location.GnssLocationProvider$SvStatusInfo@e8e61d7)
01-15 17:50:09.150  3248  3261 I GnssLocationProvider: WakeLock released by handleMessage(REPORT_SV_STATUS, 0, com.android.server.location.GnssLocationProvider$SvStatusInfo@e8e61d7)
01-15 17:50:09.796 27542 27542 D AndroidRuntime: >>>>>> START com.android.internal.os.RuntimeInit uid 2000 <<<<<<
01-15 17:50:09.798 27542 27542 E cutils-trace: Error opening trace file: No such file or directory (2)
01-15 17:50:09.832 27542 27542 I app_process: The ClassLoaderContext is a special shared library.
01-15 17:50:09.842 27542 27542 D AndroidRuntime: Calling main entry com.android.commands.monkey.Monkey
01-15 17:50:09.843 27542 27542 W Monkey  : args: [-p, com.ichi2.anki, -c, android.intent.category.LAUNCHER, 1]
01-15 17:50:09.843 27542 27542 W Monkey  :  arg: "-p"
01-15 17:50:09.843 27542 27542 W Monkey  :  arg: "com.ichi2.anki"
01-15 17:50:09.843 27542 27542 W Monkey  :  arg: "-c"
01-15 17:50:09.843 27542 27542 W Monkey  :  arg: "android.intent.category.LAUNCHER"
01-15 17:50:09.844 27542 27542 W Monkey  :  arg: "1"
01-15 17:50:09.844 27542 27542 W Monkey  : data="com.ichi2.anki"
01-15 17:50:09.844 27542 27542 W Monkey  : data="android.intent.category.LAUNCHER"
01-15 17:50:09.851  3248  3262 W BroadcastQueue: Skipping deliver [background] BroadcastRecord{78438e2 u-1 android.net.conn.CONNECTIVITY_CHANGE} to ReceiverList{d6d4473 27542 (unknown name)/2000/u-1 remote:7b95ac4}: process gone or crashing
01-15 17:50:09.854  3248  3384 I ActivityManager: START u0 {act=android.intent.action.MAIN cat=[android.intent.category.LAUNCHER] flg=0x10200000 cmp=com.ichi2.anki/.IntentHandler} from uid 2000
01-15 17:50:09.854  3248  3384 W Binder  : Outgoing transactions from this process must be FLAG_ONEWAY
01-15 17:50:09.854  3248  3384 W Binder  : java.lang.Throwable
01-15 17:50:09.854  3248  3384 W Binder  : 	at android.os.BinderProxy.transact(Binder.java:1114)
01-15 17:50:09.854  3248  3384 W Binder  : 	at android.app.IActivityController$Stub$Proxy.activityStarting(IActivityController.java:176)
01-15 17:50:09.854  3248  3384 W Binder  : 	at com.android.server.am.ActivityStarter.startActivity(ActivityStarter.java:737)
01-15 17:50:09.854  3248  3384 W Binder  : 	at com.android.server.am.ActivityStarter.startActivity(ActivityStarter.java:544)
01-15 17:50:09.854  3248  3384 W Binder  : 	at com.android.server.am.ActivityStarter.startActivityMayWait(ActivityStarter.java:1099)
01-15 17:50:09.854  3248  3384 W Binder  : 	at com.android.server.am.ActivityStarter.execute(ActivityStarter.java:486)
01-15 17:50:09.854  3248  3384 W Binder  : 	at com.android.server.am.ActivityManagerService.startActivityAsUser(ActivityManagerService.java:5120)
01-15 17:50:09.854  3248  3384 W Binder  : 	at com.android.server.am.ActivityManagerService.startActivityAsUser(ActivityManagerService.java:5094)
01-15 17:50:09.854  3248  3384 W Binder  : 	at com.android.server.am.ActivityManagerService.startActivity(ActivityManagerService.java:5085)
01-15 17:50:09.854  3248  3384 W Binder  : 	at android.app.IActivityManager$Stub.onTransact$startActivity$(IActivityManager.java:10084)
01-15 17:50:09.854  3248  3384 W Binder  : 	at android.app.IActivityManager$Stub.onTransact(IActivityManager.java:122)
01-15 17:50:09.854  3248  3384 W Binder  : 	at com.android.server.am.ActivityManagerService.onTransact(ActivityManagerService.java:3291)
01-15 17:50:09.854  3248  3384 W Binder  : 	at android.os.Binder.execTransact(Binder.java:731)
01-15 17:50:09.861 27542 27542 I Monkey  : Events injected: 1
01-15 17:50:09.861  3248  3248 V SettingsProvider: Notifying for 0: content://settings/system/accelerometer_rotation
01-15 17:50:09.872 27542 27542 I Monkey  : ## Network stats: elapsed time=17ms (0ms mobile, 0ms wifi, 17ms not connected)
01-15 17:50:09.872 27542 27542 I app_process: System.exit called, status: 0
01-15 17:50:09.872 27542 27542 I AndroidRuntime: VM exiting with result code 0.
01-15 17:50:10.153  3248  3320 I GnssLocationProvider: WakeLock acquired by sendMessage(REPORT_SV_STATUS, 0, com.android.server.location.GnssLocationProvider$SvStatusInfo@7a057a9)
01-15 17:50:10.154  3248  3261 I GnssLocationProvider: WakeLock released by handleMessage(REPORT_SV_STATUS, 0, com.android.server.location.GnssLocationProvider$SvStatusInfo@7a057a9)
01-15 17:50:11.158  3248  3320 I GnssLocationProvider: WakeLock acquired by sendMessage(REPORT_SV_STATUS, 0, com.android.server.location.GnssLocationProvider$SvStatusInfo@fb1012e)
01-15 17:50:11.159  3248  3261 I GnssLocationProvider: WakeLock released by handleMessage(REPORT_SV_STATUS, 0, com.android.server.location.GnssLocationProvider$SvStatusInfo@fb1012e)
01-15 17:50:12.163  3248  3320 I GnssLocationProvider: WakeLock acquired by sendMessage(REPORT_SV_STATUS, 0, com.android.server.location.GnssLocationProvider$SvStatusInfo@44db4cf)
01-15 17:50:12.164  3248  3261 I GnssLocationProvider: WakeLock released by handleMessage(REPORT_SV_STATUS, 0, com.android.server.location.GnssLocationProvider$SvStatusInfo@44db4cf)
01-15 17:50:13.168  3248  3320 I GnssLocationProvider: WakeLock acquired by sendMessage(REPORT_SV_STATUS, 0, com.android.server.location.GnssLocationProvider$SvStatusInfo@9473e5c)
01-15 17:50:13.168  3248  3261 I GnssLocationProvider: WakeLock released by handleMessage(REPORT_SV_STATUS, 0, com.android.server.location.GnssLocationProvider$SvStatusInfo@9473e5c)
01-15 17:50:14.169  3248  3320 I GnssLocationProvider: WakeLock acquired by sendMessage(REPORT_SV_STATUS, 0, com.android.server.location.GnssLocationProvider$SvStatusInfo@f7dc565)
01-15 17:50:14.169  3248  3261 I GnssLocationProvider: WakeLock released by handleMessage(REPORT_SV_STATUS, 0, com.android.server.location.GnssLocationProvider$SvStatusInfo@f7dc565)
01-15 17:50:15.169  3248  3320 I GnssLocationProvider: WakeLock acquired by sendMessage(REPORT_SV_STATUS, 0, com.android.server.location.GnssLocationProvider$SvStatusInfo@bd0023a)
01-15 17:50:15.170  3248  3261 I GnssLocationProvider: WakeLock released by handleMessage(REPORT_SV_STATUS, 0, com.android.server.location.GnssLocationProvider$SvStatusInfo@bd0023a)
01-15 17:50:16.172  3248  3320 I GnssLocationProvider: WakeLock acquired by sendMessage(REPORT_SV_STATUS, 0, com.android.server.location.GnssLocationProvider$SvStatusInfo@b1aceeb)
01-15 17:50:16.172  3248  3261 I GnssLocationProvider: WakeLock released by handleMessage(REPORT_SV_STATUS, 0, com.android.server.location.GnssLocationProvider$SvStatusInfo@b1aceeb)
01-15 17:50:16.593  3248  3261 E memtrack: Couldn't load memtrack module
01-15 17:50:16.593  3248  3261 W android.os.Debug: failed to get memory consumption info: -1
01-15 17:50:16.598  3793  3793 D BoundBrokerSvc: onUnbind: Intent { act=com.google.android.mdd.service.START dat=chimera-action: cmp=com.google.android.gms/.chimera.GmsBoundBrokerService }
01-15 17:50:16.614  3248  3261 E memtrack: Couldn't load memtrack module
01-15 17:50:16.614  3248  3261 W android.os.Debug: failed to get memory consumption info: -1
01-15 17:50:16.631  3248  3261 E memtrack: Couldn't load memtrack module
01-15 17:50:16.631  3248  3261 W android.os.Debug: failed to get memory consumption info: -1
01-15 17:50:16.644  3248  3261 E memtrack: Couldn't load memtrack module
01-15 17:50:16.644  3248  3261 W android.os.Debug: failed to get memory consumption info: -1
01-15 17:50:16.654  3248  3261 E memtrack: Couldn't load memtrack module
01-15 17:50:16.654  3248  3261 W android.os.Debug: failed to get memory consumption info: -1
01-15 17:50:16.662  3248  3261 E memtrack: Couldn't load memtrack module
01-15 17:50:16.662  3248  3261 W android.os.Debug: failed to get memory consumption info: -1
01-15 17:50:16.672  3248  3261 E memtrack: Couldn't load memtrack module
01-15 17:50:16.672  3248  3261 W android.os.Debug: failed to get memory consumption info: -1
01-15 17:50:16.679  3248  3261 E memtrack: Couldn't load memtrack module
01-15 17:50:16.679  3248  3261 W android.os.Debug: failed to get memory consumption info: -1
01-15 17:50:16.689  3248  3261 E memtrack: Couldn't load memtrack module
01-15 17:50:16.689  3248  3261 W android.os.Debug: failed to get memory consumption info: -1
01-15 17:50:16.698  3248  3261 E memtrack: Couldn't load memtrack module
01-15 17:50:16.698  3248  3261 W android.os.Debug: failed to get memory consumption info: -1
01-15 17:50:16.707  3248  3261 E memtrack: Couldn't load memtrack module
01-15 17:50:16.707  3248  3261 W android.os.Debug: failed to get memory consumption info: -1
01-15 17:50:16.714  3248  3261 E memtrack: Couldn't load memtrack module
01-15 17:50:16.714  3248  3261 W android.os.Debug: failed to get memory consumption info: -1
01-15 17:50:16.722  3248  3261 E memtrack: Couldn't load memtrack module
01-15 17:50:16.722  3248  3261 W android.os.Debug: failed to get memory consumption info: -1
01-15 17:50:16.729  3248  3261 E memtrack: Couldn't load memtrack module
01-15 17:50:16.729  3248  3261 W android.os.Debug: failed to get memory consumption info: -1
01-15 17:50:16.736  3248  3261 E memtrack: Couldn't load memtrack module
01-15 17:50:16.736  3248  3261 W android.os.Debug: failed to get memory consumption info: -1
01-15 17:50:16.745  3248  3261 E memtrack: Couldn't load memtrack module
01-15 17:50:16.745  3248  3261 W android.os.Debug: failed to get memory consumption info: -1
01-15 17:50:16.753  3248  3261 E memtrack: Couldn't load memtrack module
01-15 17:50:16.753  3248  3261 W android.os.Debug: failed to get memory consumption info: -1
01-15 17:50:16.761  3248  3261 E memtrack: Couldn't load memtrack module
01-15 17:50:16.761  3248  3261 W android.os.Debug: failed to get memory consumption info: -1
01-15 17:50:16.769  3248  3261 E memtrack: Couldn't load memtrack module
01-15 17:50:16.769  3248  3261 W android.os.Debug: failed to get memory consumption info: -1
01-15 17:50:16.779  3248  3261 E memtrack: Couldn't load memtrack module
01-15 17:50:16.779  3248  3261 W android.os.Debug: failed to get memory consumption info: -1
01-15 17:50:16.786  3248  3261 E memtrack: Couldn't load memtrack module
01-15 17:50:16.786  3248  3261 W android.os.Debug: failed to get memory consumption info: -1
01-15 17:50:16.794  3248  3261 E memtrack: Couldn't load memtrack module
01-15 17:50:16.795  3248  3261 W android.os.Debug: failed to get memory consumption info: -1
01-15 17:50:16.803  3248  3261 E memtrack: Couldn't load memtrack module
01-15 17:50:16.803  3248  3261 W android.os.Debug: failed to get memory consumption info: -1
01-15 17:50:16.811  3248  3261 E memtrack: Couldn't load memtrack module
01-15 17:50:16.811  3248  3261 W android.os.Debug: failed to get memory consumption info: -1
01-15 17:50:16.818  3248  3261 E memtrack: Couldn't load memtrack module
01-15 17:50:16.818  3248  3261 W android.os.Debug: failed to get memory consumption info: -1
01-15 17:50:16.826  3248  3261 E memtrack: Couldn't load memtrack module
01-15 17:50:16.826  3248  3261 W android.os.Debug: failed to get memory consumption info: -1
01-15 17:50:16.835  3248  3261 E memtrack: Couldn't load memtrack module
01-15 17:50:16.835  3248  3261 W android.os.Debug: failed to get memory consumption info: -1
01-15 17:50:16.843  3248  3261 E memtrack: Couldn't load memtrack module
01-15 17:50:16.843  3248  3261 W android.os.Debug: failed to get memory consumption info: -1
01-15 17:50:16.850  3248  3261 E memtrack: Couldn't load memtrack module
01-15 17:50:16.850  3248  3261 W android.os.Debug: failed to get memory consumption info: -1
01-15 17:50:16.857  3248  3261 E memtrack: Couldn't load memtrack module
01-15 17:50:16.857  3248  3261 W android.os.Debug: failed to get memory consumption info: -1
01-15 17:50:16.864  3248  3261 E memtrack: Couldn't load memtrack module
01-15 17:50:16.864  3248  3261 W android.os.Debug: failed to get memory consumption info: -1
01-15 17:50:16.873  3248  3261 E memtrack: Couldn't load memtrack module
01-15 17:50:16.873  3248  3261 W android.os.Debug: failed to get memory consumption info: -1
01-15 17:50:16.883  3248  3261 E memtrack: Couldn't load memtrack module
01-15 17:50:16.883  3248  3261 W android.os.Debug: failed to get memory consumption info: -1
01-15 17:50:16.902  3248  3261 E memtrack: Couldn't load memtrack module
01-15 17:50:16.902  3248  3261 W android.os.Debug: failed to get memory consumption info: -1
01-15 17:50:16.903  3248  3261 E memtrack: Couldn't load memtrack module
01-15 17:50:16.903  3248  3261 W android.os.Debug: failed to get memory consumption info: -1
01-15 17:50:16.903  3248  3261 E memtrack: Couldn't load memtrack module
01-15 17:50:16.903  3248  3261 W android.os.Debug: failed to get memory consumption info: -1
01-15 17:50:16.903  3248  3261 E memtrack: Couldn't load memtrack module
01-15 17:50:16.903  3248  3261 W android.os.Debug: failed to get memory consumption info: -1
01-15 17:50:16.904  3248  3261 E memtrack: Couldn't load memtrack module
01-15 17:50:16.904  3248  3261 W android.os.Debug: failed to get memory consumption info: -1
01-15 17:50:16.904  3248  3261 E memtrack: Couldn't load memtrack module
01-15 17:50:16.904  3248  3261 W android.os.Debug: failed to get memory consumption info: -1
01-15 17:50:16.905  3248  3261 E memtrack: Couldn't load memtrack module
01-15 17:50:16.905  3248  3261 W android.os.Debug: failed to get memory consumption info: -1
01-15 17:50:16.906  3248  3261 E memtrack: Couldn't load memtrack module
01-15 17:50:16.906  3248  3261 W android.os.Debug: failed to get memory consumption info: -1
01-15 17:50:16.906  3248  3261 E memtrack: Couldn't load memtrack module
01-15 17:50:16.906  3248  3261 W android.os.Debug: failed to get memory consumption info: -1
01-15 17:50:16.907  3248  3261 E memtrack: Couldn't load memtrack module
01-15 17:50:16.907  3248  3261 W android.os.Debug: failed to get memory consumption info: -1
01-15 17:50:16.908  3248  3261 E memtrack: Couldn't load memtrack module
01-15 17:50:16.908  3248  3261 W android.os.Debug: failed to get memory consumption info: -1
01-15 17:50:16.909  3248  3261 E memtrack: Couldn't load memtrack module
01-15 17:50:16.909  3248  3261 W android.os.Debug: failed to get memory consumption info: -1
01-15 17:50:16.909  3248  3261 E memtrack: Couldn't load memtrack module
01-15 17:50:16.909  3248  3261 W android.os.Debug: failed to get memory consumption info: -1
01-15 17:50:16.911  3248  3261 E memtrack: Couldn't load memtrack module
01-15 17:50:16.911  3248  3261 W android.os.Debug: failed to get memory consumption info: -1
01-15 17:50:16.912  3248  3261 E memtrack: Couldn't load memtrack module
01-15 17:50:16.912  3248  3261 W android.os.Debug: failed to get memory consumption info: -1
01-15 17:50:16.914  3248  3261 E memtrack: Couldn't load memtrack module
01-15 17:50:16.914  3248  3261 W android.os.Debug: failed to get memory consumption info: -1
01-15 17:50:16.914  3248  3261 E memtrack: Couldn't load memtrack module
01-15 17:50:16.914  3248  3261 W android.os.Debug: failed to get memory consumption info: -1
01-15 17:50:16.915  3248  3261 E memtrack: Couldn't load memtrack module
01-15 17:50:16.915  3248  3261 W android.os.Debug: failed to get memory consumption info: -1
01-15 17:50:16.916  3248  3261 E memtrack: Couldn't load memtrack module
01-15 17:50:16.916  3248  3261 W android.os.Debug: failed to get memory consumption info: -1
01-15 17:50:16.917  3248  3261 E memtrack: Couldn't load memtrack module
01-15 17:50:16.917  3248  3261 W android.os.Debug: failed to get memory consumption info: -1
01-15 17:50:16.918  3248  3261 E memtrack: Couldn't load memtrack module
01-15 17:50:16.918  3248  3261 W android.os.Debug: failed to get memory consumption info: -1
01-15 17:50:16.918  3248  3261 E memtrack: Couldn't load memtrack module
01-15 17:50:16.918  3248  3261 W android.os.Debug: failed to get memory consumption info: -1
01-15 17:50:16.920  3248  3261 E memtrack: Couldn't load memtrack module
01-15 17:50:16.920  3248  3261 W android.os.Debug: failed to get memory consumption info: -1
01-15 17:50:16.920  3248  3261 E memtrack: Couldn't load memtrack module
01-15 17:50:16.920  3248  3261 W android.os.Debug: failed to get memory consumption info: -1
01-15 17:50:16.921  3248  3261 E memtrack: Couldn't load memtrack module
01-15 17:50:16.921  3248  3261 W android.os.Debug: failed to get memory consumption info: -1
01-15 17:50:16.922  3248  3261 E memtrack: Couldn't load memtrack module
01-15 17:50:16.922  3248  3261 W android.os.Debug: failed to get memory consumption info: -1
01-15 17:50:16.922  3248  3261 E memtrack: Couldn't load memtrack module
01-15 17:50:16.922  3248  3261 W android.os.Debug: failed to get memory consumption info: -1
01-15 17:50:16.924  3248  3261 E memtrack: Couldn't load memtrack module
01-15 17:50:16.924  3248  3261 W android.os.Debug: failed to get memory consumption info: -1
01-15 17:50:16.925  3248  3261 E memtrack: Couldn't load memtrack module
01-15 17:50:16.925  3248  3261 W android.os.Debug: failed to get memory consumption info: -1
01-15 17:50:16.928  3248  3261 E memtrack: Couldn't load memtrack module
01-15 17:50:16.928  3248  3261 W android.os.Debug: failed to get memory consumption info: -1
01-15 17:50:16.928  3248  3261 E memtrack: Couldn't load memtrack module
01-15 17:50:16.928  3248  3261 W android.os.Debug: failed to get memory consumption info: -1
01-15 17:50:16.929  3248  3261 E memtrack: Couldn't load memtrack module
01-15 17:50:16.929  3248  3261 W android.os.Debug: failed to get memory consumption info: -1
01-15 17:50:16.929  3248  3261 E memtrack: Couldn't load memtrack module
01-15 17:50:16.929  3248  3261 W android.os.Debug: failed to get memory consumption info: -1
01-15 17:50:16.930  3248  3261 E memtrack: Couldn't load memtrack module
01-15 17:50:16.930  3248  3261 W android.os.Debug: failed to get memory consumption info: -1
01-15 17:50:16.930  3248  3261 E memtrack: Couldn't load memtrack module
01-15 17:50:16.930  3248  3261 W android.os.Debug: failed to get memory consumption info: -1
01-15 17:50:16.933  3248  3261 E memtrack: Couldn't load memtrack module
01-15 17:50:16.933  3248  3261 W android.os.Debug: failed to get memory consumption info: -1
01-15 17:50:16.940  3248  3261 E memtrack: Couldn't load memtrack module
01-15 17:50:16.940  3248  3261 W android.os.Debug: failed to get memory consumption info: -1
01-15 17:50:16.942  3248  3261 E memtrack: Couldn't load memtrack module
01-15 17:50:16.942  3248  3261 W android.os.Debug: failed to get memory consumption info: -1
01-15 17:50:16.944  3248  3261 E memtrack: Couldn't load memtrack module
01-15 17:50:16.944  3248  3261 W android.os.Debug: failed to get memory consumption info: -1
01-15 17:50:16.945  3248  3261 E memtrack: Couldn't load memtrack module
01-15 17:50:16.945  3248  3261 W android.os.Debug: failed to get memory consumption info: -1
01-15 17:50:16.946  3248  3261 E memtrack: Couldn't load memtrack module
01-15 17:50:16.946  3248  3261 W android.os.Debug: failed to get memory consumption info: -1
01-15 17:50:16.947  3248  3261 E memtrack: Couldn't load memtrack module
01-15 17:50:16.947  3248  3261 W android.os.Debug: failed to get memory consumption info: -1
01-15 17:50:16.948  3248  3261 E memtrack: Couldn't load memtrack module
01-15 17:50:16.948  3248  3261 W android.os.Debug: failed to get memory consumption info: -1
01-15 17:50:16.951  3248  3261 E memtrack: Couldn't load memtrack module
01-15 17:50:16.951  3248  3261 W android.os.Debug: failed to get memory consumption info: -1
01-15 17:50:16.952  3248  3261 E memtrack: Couldn't load memtrack module
01-15 17:50:16.952  3248  3261 W android.os.Debug: failed to get memory consumption info: -1
01-15 17:50:16.955  3248  3261 E memtrack: Couldn't load memtrack module
01-15 17:50:16.955  3248  3261 W android.os.Debug: failed to get memory consumption info: -1
01-15 17:50:16.956  3248  3261 E memtrack: Couldn't load memtrack module
01-15 17:50:16.956  3248  3261 W android.os.Debug: failed to get memory consumption info: -1
01-15 17:50:16.957  3248  3261 E memtrack: Couldn't load memtrack module
01-15 17:50:16.957  3248  3261 W android.os.Debug: failed to get memory consumption info: -1
01-15 17:50:16.958  3248  3261 E memtrack: Couldn't load memtrack module
01-15 17:50:16.958  3248  3261 W android.os.Debug: failed to get memory consumption info: -1
01-15 17:50:16.959  3248  3261 E memtrack: Couldn't load memtrack module
01-15 17:50:16.959  3248  3261 W android.os.Debug: failed to get memory consumption info: -1
01-15 17:50:16.962  3248  3261 E memtrack: Couldn't load memtrack module
01-15 17:50:16.962  3248  3261 W android.os.Debug: failed to get memory consumption info: -1
01-15 17:50:16.963  3248  3261 E memtrack: Couldn't load memtrack module
01-15 17:50:16.963  3248  3261 W android.os.Debug: failed to get memory consumption info: -1
01-15 17:50:16.964  3248  3261 E memtrack: Couldn't load memtrack module
01-15 17:50:16.964  3248  3261 W android.os.Debug: failed to get memory consumption info: -1
01-15 17:50:16.964  3248  3261 E memtrack: Couldn't load memtrack module
01-15 17:50:16.964  3248  3261 W android.os.Debug: failed to get memory consumption info: -1
01-15 17:50:16.965  3248  3261 E memtrack: Couldn't load memtrack module
01-15 17:50:16.965  3248  3261 W android.os.Debug: failed to get memory consumption info: -1
01-15 17:50:16.965  3248  3261 E memtrack: Couldn't load memtrack module
01-15 17:50:16.965  3248  3261 W android.os.Debug: failed to get memory consumption info: -1
01-15 17:50:16.966  3248  3261 E memtrack: Couldn't load memtrack module
01-15 17:50:16.966  3248  3261 W android.os.Debug: failed to get memory consumption info: -1
01-15 17:50:16.966  3248  3261 E memtrack: Couldn't load memtrack module
01-15 17:50:16.966  3248  3261 W android.os.Debug: failed to get memory consumption info: -1
01-15 17:50:16.967  3248  3261 E memtrack: Couldn't load memtrack module
01-15 17:50:16.967  3248  3261 W android.os.Debug: failed to get memory consumption info: -1
01-15 17:50:16.967  3248  3261 E memtrack: Couldn't load memtrack module
01-15 17:50:16.967  3248  3261 W android.os.Debug: failed to get memory consumption info: -1
01-15 17:50:16.968  3248  3261 E memtrack: Couldn't load memtrack module
01-15 17:50:16.968  3248  3261 W android.os.Debug: failed to get memory consumption info: -1
01-15 17:50:16.968  3248  3261 E memtrack: Couldn't load memtrack module
01-15 17:50:16.968  3248  3261 W android.os.Debug: failed to get memory consumption info: -1
01-15 17:50:16.969  3248  3261 E memtrack: Couldn't load memtrack module
01-15 17:50:16.969  3248  3261 W android.os.Debug: failed to get memory consumption info: -1
01-15 17:50:16.971  3248  3261 E memtrack: Couldn't load memtrack module
01-15 17:50:16.971  3248  3261 W android.os.Debug: failed to get memory consumption info: -1
01-15 17:50:16.978  3248  3261 E memtrack: Couldn't load memtrack module
01-15 17:50:16.978  3248  3261 W android.os.Debug: failed to get memory consumption info: -1
01-15 17:50:16.979  3248  3261 E memtrack: Couldn't load memtrack module
01-15 17:50:16.979  3248  3261 W android.os.Debug: failed to get memory consumption info: -1
01-15 17:50:16.980  3248  3261 E memtrack: Couldn't load memtrack module
01-15 17:50:16.980  3248  3261 W android.os.Debug: failed to get memory consumption info: -1
01-15 17:50:16.980  3248  3261 E memtrack: Couldn't load memtrack module
01-15 17:50:16.980  3248  3261 W android.os.Debug: failed to get memory consumption info: -1
01-15 17:50:16.981  3248  3261 E memtrack: Couldn't load memtrack module
01-15 17:50:16.981  3248  3261 W android.os.Debug: failed to get memory consumption info: -1
01-15 17:50:17.173  3248  3320 I GnssLocationProvider: WakeLock acquired by sendMessage(REPORT_SV_STATUS, 0, com.android.server.location.GnssLocationProvider$SvStatusInfo@a37e448)
01-15 17:50:17.175  3248  3261 I GnssLocationProvider: WakeLock released by handleMessage(REPORT_SV_STATUS, 0, com.android.server.location.GnssLocationProvider$SvStatusInfo@a37e448)
01-15 17:50:18.178  3248  3320 I GnssLocationProvider: WakeLock acquired by sendMessage(REPORT_SV_STATUS, 0, com.android.server.location.GnssLocationProvider$SvStatusInfo@90a52e1)
01-15 17:50:18.178  3248  3261 I GnssLocationProvider: WakeLock released by handleMessage(REPORT_SV_STATUS, 0, com.android.server.location.GnssLocationProvider$SvStatusInfo@90a52e1)
01-15 17:50:19.182  3248  3320 I GnssLocationProvider: WakeLock acquired by sendMessage(REPORT_SV_STATUS, 0, com.android.server.location.GnssLocationProvider$SvStatusInfo@9ac0806)
01-15 17:50:19.182  3248  3261 I GnssLocationProvider: WakeLock released by handleMessage(REPORT_SV_STATUS, 0, com.android.server.location.GnssLocationProvider$SvStatusInfo@9ac0806)
01-15 17:50:20.183  3248  3320 I GnssLocationProvider: WakeLock acquired by sendMessage(REPORT_SV_STATUS, 0, com.android.server.location.GnssLocationProvider$SvStatusInfo@3556ec7)
01-15 17:50:20.184  3248  3261 I GnssLocationProvider: WakeLock released by handleMessage(REPORT_SV_STATUS, 0, com.android.server.location.GnssLocationProvider$SvStatusInfo@3556ec7)
01-15 17:50:21.189  3248  3320 I GnssLocationProvider: WakeLock acquired by sendMessage(REPORT_SV_STATUS, 0, com.android.server.location.GnssLocationProvider$SvStatusInfo@80afcf4)
01-15 17:50:21.189  3248  3261 I GnssLocationProvider: WakeLock released by handleMessage(REPORT_SV_STATUS, 0, com.android.server.location.GnssLocationProvider$SvStatusInfo@80afcf4)
01-15 17:50:22.191  3248  3320 I GnssLocationProvider: WakeLock acquired by sendMessage(REPORT_SV_STATUS, 0, com.android.server.location.GnssLocationProvider$SvStatusInfo@e783c1d)
01-15 17:50:22.192  3248  3261 I GnssLocationProvider: WakeLock released by handleMessage(REPORT_SV_STATUS, 0, com.android.server.location.GnssLocationProvider$SvStatusInfo@e783c1d)
01-15 17:50:23.195  3248  3320 I GnssLocationProvider: WakeLock acquired by sendMessage(REPORT_SV_STATUS, 0, com.android.server.location.GnssLocationProvider$SvStatusInfo@6f09e92)
01-15 17:50:23.195  3248  3261 I GnssLocationProvider: WakeLock released by handleMessage(REPORT_SV_STATUS, 0, com.android.server.location.GnssLocationProvider$SvStatusInfo@6f09e92)
01-15 17:50:24.199  3248  3320 I GnssLocationProvider: WakeLock acquired by sendMessage(REPORT_SV_STATUS, 0, com.android.server.location.GnssLocationProvider$SvStatusInfo@bb03063)
01-15 17:50:24.200  3248  3261 I GnssLocationProvider: WakeLock released by handleMessage(REPORT_SV_STATUS, 0, com.android.server.location.GnssLocationProvider$SvStatusInfo@bb03063)
01-15 17:50:09.864  3248  3248 V SettingsProvider: Notifying for 0: content://settings/system/accelerometer_rotation
01-15 17:50:24.210  3248  3266 D KernelUidCpuTimeReader: Removing uids 10102-10102
01-15 17:50:25.204  3248  3320 I GnssLocationProvider: WakeLock acquired by sendMessage(REPORT_SV_STATUS, 0, com.android.server.location.GnssLocationProvider$SvStatusInfo@854f460)
01-15 17:50:25.204  3248  3261 I GnssLocationProvider: WakeLock released by handleMessage(REPORT_SV_STATUS, 0, com.android.server.location.GnssLocationProvider$SvStatusInfo@854f460)
01-15 17:50:26.094 27558 27558 D AndroidRuntime: >>>>>> START com.android.internal.os.RuntimeInit uid 2000 <<<<<<
01-15 17:50:26.096 27558 27558 E cutils-trace: Error opening trace file: No such file or directory (2)
01-15 17:50:26.129 27558 27558 I app_process: The ClassLoaderContext is a special shared library.
01-15 17:50:26.130 27558 27558 I app_process: The ClassLoaderContext is a special shared library.
01-15 17:50:26.142 27558 27558 D AndroidRuntime: Calling main entry com.android.commands.uiautomator.Launcher
01-15 17:50:26.147  3248  3248 V SettingsProvider: Notifying for 0: content://settings/secure/accessibility_enabled
01-15 17:50:26.150  4324  4423 I A       : NGA disabled due to not being eligible.
01-15 17:50:26.204  3248  3320 I GnssLocationProvider: WakeLock acquired by sendMessage(REPORT_SV_STATUS, 0, com.android.server.location.GnssLocationProvider$SvStatusInfo@16b6fbf)
01-15 17:50:26.204  3248  3261 I GnssLocationProvider: WakeLock released by handleMessage(REPORT_SV_STATUS, 0, com.android.server.location.GnssLocationProvider$SvStatusInfo@16b6fbf)
