11-09 14:06:55.164 13510 13510 I zygote  :   at android.app.Activity android.app.ActivityThread.performLaunchActivity(android.app.ActivityThread$ActivityClientRecord, android.content.Intent) (ActivityThread.java:2731)
11-09 14:06:55.165 13510 13510 I zygote  :   at void android.app.ActivityThread.handleLaunchActivity(android.app.ActivityThread$ActivityClientRecord, android.content.Intent, java.lang.String) (ActivityThread.java:2856)
11-09 14:06:55.165 13510 13510 I zygote  :   at void android.app.ActivityThread.-wrap11(android.app.ActivityThread, android.app.ActivityThread$ActivityClientRecord, android.content.Intent, java.lang.String) (ActivityThread.java:-1)
11-09 14:06:55.165 13510 13510 I zygote  :   at void android.app.ActivityThread$H.handleMessage(android.os.Message) (ActivityThread.java:1589)
11-09 14:06:55.165 13510 13510 I zygote  :   at void android.os.Handler.dispatchMessage(android.os.Message) (Handler.java:106)
11-09 14:06:55.165 13510 13510 I zygote  :   at void android.os.Looper.loop() (Looper.java:164)
11-09 14:06:55.165 13510 13510 I zygote  :   at void android.app.ActivityThread.main(java.lang.String[]) (ActivityThread.java:6494)
11-09 14:06:55.165 13510 13510 I zygote  :   at java.lang.Object java.lang.reflect.Method.invoke(java.lang.Object, java.lang.Object[]) (Method.java:-2)
11-09 14:06:55.165 13510 13510 I zygote  :   at void com.android.internal.os.RuntimeInit$MethodAndArgsCaller.run() (RuntimeInit.java:438)
11-09 14:06:55.165 13510 13510 I zygote  :   at void com.android.internal.os.ZygoteInit.main(java.lang.String[]) (ZygoteInit.java:807)
11-09 14:06:55.165 13510 13510 I zygote  : 
11-09 14:06:55.166 13510 13510 I zygote  : Rejecting re-init on previously-failed class java.lang.Class<uJ>: java.lang.NoClassDefFoundError: Failed resolution of: Landroid/webkit/TracingController;
11-09 14:06:55.166 13510 13510 I zygote  :   at java.lang.Class java.lang.Class.classForName(java.lang.String, boolean, java.lang.ClassLoader) (Class.java:-2)
11-09 14:06:55.166 13510 13510 I zygote  :   at java.lang.Class java.lang.Class.forName(java.lang.String, boolean, java.lang.ClassLoader) (Class.java:453)
11-09 14:06:55.166 13510 13510 I zygote  :   at java.lang.Class android.webkit.WebViewFactory.getWebViewProviderClass(java.lang.ClassLoader) (WebViewFactory.java:128)
11-09 14:06:55.166 13510 13510 I zygote  :   at java.lang.Class android.webkit.WebViewFactory.getProviderClass() (WebViewFactory.java:402)
11-09 14:06:55.166 13510 13510 I zygote  :   at android.webkit.WebViewFactoryProvider android.webkit.WebViewFactory.getProvider() (WebViewFactory.java:194)
11-09 14:06:55.166 13510 13510 I zygote  :   at android.webkit.WebViewFactoryProvider android.webkit.WebView.getFactory() (WebView.java:2530)
11-09 14:06:55.166 13510 13510 I zygote  :   at void android.webkit.WebView.ensureProviderCreated() (WebView.java:2525)
11-09 14:06:55.166 13510 13510 I zygote  :   at void android.webkit.WebView.setOverScrollMode(int) (WebView.java:2590)
11-09 14:06:55.166 13510 13510 I zygote  :   at void android.view.View.<init>(android.content.Context) (View.java:4574)
11-09 14:06:55.166 13510 13510 I zygote  :   at void android.view.View.<init>(android.content.Context, android.util.AttributeSet, int, int) (View.java:4706)
11-09 14:06:55.166 13510 13510 I zygote  :   at void android.view.ViewGroup.<init>(android.content.Context, android.util.AttributeSet, int, int) (ViewGroup.java:597)
11-09 14:06:55.166 13510 13510 I zygote  :   at void android.widget.AbsoluteLayout.<init>(android.content.Context, android.util.AttributeSet, int, int) (AbsoluteLayout.java:55)
11-09 14:06:55.166 13510 13510 I zygote  :   at void android.webkit.WebView.<init>(android.content.Context, android.util.AttributeSet, int, int, java.util.Map, boolean) (WebView.java:643)
11-09 14:06:55.166 13510 13510 I zygote  :   at void android.webkit.WebView.<init>(android.content.Context, android.util.AttributeSet, int, int) (WebView.java:588)
11-09 14:06:55.166 13510 13510 I zygote  :   at void android.webkit.WebView.<init>(android.content.Context, android.util.AttributeSet, int) (WebView.java:571)
11-09 14:06:55.166 13510 13510 I zygote  :   at void android.webkit.WebView.<init>(android.content.Context, android.util.AttributeSet) (WebView.java:558)
11-09 14:06:55.166 13510 13510 I zygote  :   at void android.webkit.WebView.<init>(android.content.Context) (WebView.java:548)
11-09 14:06:55.166 13510 13510 I zygote  :   at android.app.AlertDialog de.koelle.christian.a.c.a.a(boolean) ((null):-1)
11-09 14:06:55.166 13510 13510 I zygote  :   at android.app.AlertDialog de.koelle.christian.a.c.a.c() ((null):-1)
11-09 14:06:55.166 13510 13510 I zygote  :   at void de.koelle.christian.trickytripper.TrickyTripperActivity.onCreate(android.os.Bundle) ((null):-1)
11-09 14:06:55.167 13510 13510 I zygote  :   at void android.app.Activity.performCreate(android.os.Bundle, android.os.PersistableBundle) (Activity.java:7009)
11-09 14:06:55.167 13510 13510 I zygote  :   at void android.app.Activity.performCreate(android.os.Bundle) (Activity.java:7000)
11-09 14:06:55.167 13510 13510 I zygote  :   at void android.app.Instrumentation.callActivityOnCreate(android.app.Activity, android.os.Bundle) (Instrumentation.java:1214)
11-09 14:06:55.167 13510 13510 I zygote  :   at android.app.Activity android.app.ActivityThread.performLaunchActivity(android.app.ActivityThread$ActivityClientRecord, android.content.Intent) (ActivityThread.java:2731)
11-09 14:06:55.167 13510 13510 I zygote  :   at void android.app.ActivityThread.handleLaunchActivity(android.app.ActivityThread$ActivityClientRecord, android.content.Intent, java.lang.String) (ActivityThread.java:2856)
11-09 14:06:55.167 13510 13510 I zygote  :   at void android.app.ActivityThread.-wrap11(android.app.ActivityThread, android.app.ActivityThread$ActivityClientRecord, android.content.Intent, java.lang.String) (ActivityThread.java:-1)
11-09 14:06:55.167 13510 13510 I zygote  :   at void android.app.ActivityThread$H.handleMessage(android.os.Message) (ActivityThread.java:1589)
11-09 14:06:55.168 13510 13510 I zygote  :   at void android.os.Handler.dispatchMessage(android.os.Message) (Handler.java:106)
11-09 14:06:55.168 13510 13510 I zygote  :   at void android.os.Looper.loop() (Looper.java:164)
11-09 14:06:55.168 13510 13510 I zygote  :   at void android.app.ActivityThread.main(java.lang.String[]) (ActivityThread.java:6494)
11-09 14:06:55.168 13510 13510 I zygote  :   at java.lang.Object java.lang.reflect.Method.invoke(java.lang.Object, java.lang.Object[]) (Method.java:-2)
11-09 14:06:55.168 13510 13510 I zygote  :   at void com.android.internal.os.RuntimeInit$MethodAndArgsCaller.run() (RuntimeInit.java:438)
11-09 14:06:55.168 13510 13510 I zygote  :   at void com.android.internal.os.ZygoteInit.main(java.lang.String[]) (ZygoteInit.java:807)
11-09 14:06:55.168 13510 13510 I zygote  : Caused by: java.lang.ClassNotFoundException: Didn't find class "android.webkit.TracingController" on path: DexPathList[[zip file "/system/app/Chrome/Chrome.apk"],nativeLibraryDirectories=[/system/app/Chrome/lib/x86, /system/app/Chrome/Chrome.apk!/lib/x86, /system/lib, /vendor/lib, /system/lib, /vendor/lib]]
11-09 14:06:55.168 13510 13510 I zygote  :   at java.lang.Class dalvik.system.BaseDexClassLoader.findClass(java.lang.String) (BaseDexClassLoader.java:125)
11-09 14:06:55.168 13510 13510 I zygote  :   at java.lang.Class java.lang.ClassLoader.loadClass(java.lang.String, boolean) (ClassLoader.java:379)
11-09 14:06:55.169 13510 13510 I zygote  :   at java.lang.Class java.lang.ClassLoader.loadClass(java.lang.String) (ClassLoader.java:312)
11-09 14:06:55.169 13510 13510 I zygote  :   at java.lang.Class java.lang.Class.classForName(java.lang.String, boolean, java.lang.ClassLoader) (Class.java:-2)
11-09 14:06:55.169 13510 13510 I zygote  :   at java.lang.Class java.lang.Class.forName(java.lang.String, boolean, java.lang.ClassLoader) (Class.java:453)
11-09 14:06:55.169 13510 13510 I zygote  :   at java.lang.Class android.webkit.WebViewFactory.getWebViewProviderClass(java.lang.ClassLoader) (WebViewFactory.java:128)
11-09 14:06:55.169 13510 13510 I zygote  :   at java.lang.Class android.webkit.WebViewFactory.getProviderClass() (WebViewFactory.java:402)
11-09 14:06:55.169 13510 13510 I zygote  :   at android.webkit.WebViewFactoryProvider android.webkit.WebViewFactory.getProvider() (WebViewFactory.java:194)
11-09 14:06:55.169 13510 13510 I zygote  :   at android.webkit.WebViewFactoryProvider android.webkit.WebView.getFactory() (WebView.java:2530)
11-09 14:06:55.169 13510 13510 I zygote  :   at void android.webkit.WebView.ensureProviderCreated() (WebView.java:2525)
11-09 14:06:55.169 13510 13510 I zygote  :   at void android.webkit.WebView.setOverScrollMode(int) (WebView.java:2590)
11-09 14:06:55.169 13510 13510 I zygote  :   at void android.view.View.<init>(android.content.Context) (View.java:4574)
11-09 14:06:55.169 13510 13510 I zygote  :   at void android.view.View.<init>(android.content.Context, android.util.AttributeSet, int, int) (View.java:4706)
11-09 14:06:55.169 13510 13510 I zygote  :   at void android.view.ViewGroup.<init>(android.content.Context, android.util.AttributeSet, int, int) (ViewGroup.java:597)
11-09 14:06:55.169 13510 13510 I zygote  :   at void android.widget.AbsoluteLayout.<init>(android.content.Context, android.util.AttributeSet, int, int) (AbsoluteLayout.java:55)
11-09 14:06:55.169 13510 13510 I zygote  :   at void android.webkit.WebView.<init>(android.content.Context, android.util.AttributeSet, int, int, java.util.Map, boolean) (WebView.java:643)
11-09 14:06:55.169 13510 13510 I zygote  :   at void android.webkit.WebView.<init>(android.content.Context, android.util.AttributeSet, int, int) (WebView.java:588)
11-09 14:06:55.169 13510 13510 I zygote  :   at void android.webkit.WebView.<init>(android.content.Context, android.util.AttributeSet, int) (WebView.java:571)
11-09 14:06:55.169 13510 13510 I zygote  :   at void android.webkit.WebView.<init>(android.content.Context, android.util.AttributeSet) (WebView.java:558)
11-09 14:06:55.169 13510 13510 I zygote  :   at void android.webkit.WebView.<init>(android.content.Context) (WebView.java:548)
11-09 14:06:55.169 13510 13510 I zygote  :   at android.app.AlertDialog de.koelle.christian.a.c.a.a(boolean) ((null):-1)
11-09 14:06:55.170 13510 13510 I zygote  :   at android.app.AlertDialog de.koelle.christian.a.c.a.c() ((null):-1)
11-09 14:06:55.170 13510 13510 I zygote  :   at void de.koelle.christian.trickytripper.TrickyTripperActivity.onCreate(android.os.Bundle) ((null):-1)
11-09 14:06:55.170 13510 13510 I zygote  :   at void android.app.Activity.performCreate(android.os.Bundle, android.os.PersistableBundle) (Activity.java:7009)
11-09 14:06:55.170 13510 13510 I zygote  :   at void android.app.Activity.performCreate(android.os.Bundle) (Activity.java:7000)
11-09 14:06:55.170 13510 13510 I zygote  :   at void android.app.Instrumentation.callActivityOnCreate(android.app.Activity, android.os.Bundle) (Instrumentation.java:1214)
11-09 14:06:55.170 13510 13510 I zygote  :   at android.app.Activity android.app.ActivityThread.performLaunchActivity(android.app.ActivityThread$ActivityClientRecord, android.content.Intent) (ActivityThread.java:2731)
11-09 14:06:55.170 13510 13510 I zygote  :   at void android.app.ActivityThread.handleLaunchActivity(android.app.ActivityThread$ActivityClientRecord, android.content.Intent, java.lang.String) (ActivityThread.java:2856)
11-09 14:06:55.170 13510 13510 I zygote  :   at void android.app.ActivityThread.-wrap11(android.app.ActivityThread, android.app.ActivityThread$ActivityClientRecord, android.content.Intent, java.lang.String) (ActivityThread.java:-1)
11-09 14:06:55.170 13510 13510 I zygote  :   at void android.app.ActivityThread$H.handleMessage(android.os.Message) (ActivityThread.java:1589)
11-09 14:06:55.170 13510 13510 I zygote  :   at void android.os.Handler.dispatchMessage(android.os.Message) (Handler.java:106)
11-09 14:06:55.170 13510 13510 I zygote  :   at void android.os.Looper.loop() (Looper.java:164)
11-09 14:06:55.170 13510 13510 I zygote  :   at void android.app.ActivityThread.main(java.lang.String[]) (ActivityThread.java:6494)
11-09 14:06:55.170 13510 13510 I zygote  :   at java.lang.Object java.lang.reflect.Method.invoke(java.lang.Object, java.lang.Object[]) (Method.java:-2)
11-09 14:06:55.170 13510 13510 I zygote  :   at void com.android.internal.os.RuntimeInit$MethodAndArgsCaller.run() (RuntimeInit.java:438)
11-09 14:06:55.170 13510 13510 I zygote  :   at void com.android.internal.os.ZygoteInit.main(java.lang.String[]) (ZygoteInit.java:807)
11-09 14:06:55.170 13510 13510 I zygote  : 
11-09 14:06:55.189 13510 13510 I cr_LibraryLoader: Time to load native libraries: 13 ms (timestamps 9853-9866)
11-09 14:06:55.191 13510 13534 E cr_VariationsUtils: Failed reading seed file "/data/user/0/de.koelle.christian.trickytripper/app_webview/variations_seed_new": /data/user/0/de.koelle.christian.trickytripper/app_webview/variations_seed_new (No such file or directory)
11-09 14:06:55.191 13510 13534 E cr_VariationsUtils: Failed reading seed file "/data/user/0/de.koelle.christian.trickytripper/app_webview/variations_seed": /data/user/0/de.koelle.christian.trickytripper/app_webview/variations_seed (No such file or directory)
11-09 14:06:55.195 13510 13510 I chromium: [INFO:library_loader_hooks.cc(36)] Chromium logging enabled: level = 0, default verbosity = 0
11-09 14:06:55.195 13510 13510 I cr_LibraryLoader: Expected native library version number "69.0.3497.100", actual native library version number "69.0.3497.100"
11-09 14:06:55.200 13510 13535 W cr_ChildProcLH: Create a new ChildConnectionAllocator with package name = com.android.chrome, sandboxed = true
11-09 14:06:55.204 13536 13536 W zygote  : Unexpected CPU variant for X86 using defaults: x86
11-09 14:06:55.206  1649  1942 I ActivityManager: Start proc 13536:com.android.chrome:webview_service/u0a48 for service com.android.chrome/org.chromium.android_webview.services.VariationsSeedServer
11-09 14:06:55.209 13510 13510 I cr_BrowserStartup: Initializing chromium process, singleProcess=false
11-09 14:06:55.213 13510 13510 W ResourceType: Failure getting entry for 0x7f1204b0 (t=17 e=1200) (error -2147483647)
11-09 14:06:55.216 13552 13552 E /system/bin/webview_zygote32: Failed to make and chown /acct/uid_99012: Permission denied
11-09 14:06:55.216 13552 13552 E Zygote  : createProcessGroup(99012, 0) failed: Permission denied
11-09 14:06:55.217 13552 13552 W /system/bin/webview_zygote32: Unexpected CPU variant for X86 using defaults: x86
11-09 14:06:55.218  1649  1902 I ActivityManager: Start proc 13552:com.android.chrome:sandboxed_process0/u0i12 for webview_service de.koelle.christian.trickytripper/org.chromium.content.app.SandboxedProcessService0
11-09 14:06:55.229 13536 13536 I zygote  : The ClassLoaderContext is a special shared library.
11-09 14:06:55.254 13579 13579 E asset   : setgid: Operation not permitted
11-09 14:06:55.282 13552 13552 I cr_ChildProcessService: Creating new ChildProcessService pid=13552
11-09 14:06:55.319 13510 13574 W cr_media: Requires BLUETOOTH permission
11-09 14:06:55.373 13510 13591 D         : HostConnection::get() New Host Connection established 0xebed5d40, tid 13591
11-09 14:06:55.381 13510 13591 I zygote  : android::hardware::configstore::V1_0::ISurfaceFlingerConfigs::hasWideColorDisplay retrieved: 0
11-09 14:06:55.385 13510 13591 D EGL_emulation: eglCreateContext: 0xebea91e0: maj 3 min 0 rcv 3
11-09 14:06:55.385 13510 13591 D EGL_emulation: eglMakeCurrent: 0xebea91e0: ver 3 0 (tinfo 0xd6384010)
11-09 14:06:55.387  1450  1502 E SurfaceFlinger: ro.sf.lcd_density must be defined as a build property
11-09 14:06:55.388 13510 13593 D OpenGLRenderer: HWUI GL Pipeline
11-09 14:06:55.422 13536 13585 E cr_VariationsUtils: Failed reading seed file "/data/user/0/com.android.chrome/app_webview/variations_seed": /data/user/0/com.android.chrome/app_webview/variations_seed (No such file or directory)
11-09 14:06:55.424 13552 13590 I cr_LibraryLoader: Time to load native libraries: 0 ms (timestamps 102-102)
11-09 14:06:55.425 13552 13590 I chromium: [INFO:library_loader_hooks.cc(36)] Chromium logging enabled: level = 0, default verbosity = 0
11-09 14:06:55.425 13552 13590 I cr_LibraryLoader: Expected native library version number "69.0.3497.100", actual native library version number "69.0.3497.100"
11-09 14:06:55.440 13510 13591 I VideoCapabilities: Unsupported profile 4 for video/mp4v-es
11-09 14:06:55.445 13510 13591 W cr_MediaCodecUtil: HW encoder for video/avc is not available on this device.
11-09 14:06:55.457 13510 13593 I OpenGLRenderer: Initialized EGL, version 1.4
11-09 14:06:55.457  1439  1480 D gralloc_ranchu: gralloc_alloc: Creating ashmem region of size 3072000
11-09 14:06:55.457 13510 13593 D OpenGLRenderer: Swap behavior 1
11-09 14:06:55.457 13510 13593 D         : HostConnection::get() New Host Connection established 0xd63f0bc0, tid 13593
11-09 14:06:55.457 13510 13593 W OpenGLRenderer: Failed to choose config with EGL_SWAP_BEHAVIOR_PRESERVED, retrying without...
11-09 14:06:55.457 13510 13593 D OpenGLRenderer: Swap behavior 0
11-09 14:06:55.461  1439  5111 D gralloc_ranchu: gralloc_alloc: Creating ashmem region of size 3072000
11-09 14:06:55.461 13510 13593 D EGL_emulation: eglCreateContext: 0xebeaa800: maj 3 min 0 rcv 3
11-09 14:06:55.461 13510 13593 D EGL_emulation: eglMakeCurrent: 0xebeaa800: ver 3 0 (tinfo 0xd6384820)
11-09 14:06:55.464  1439  5111 D gralloc_ranchu: gralloc_alloc: Creating ashmem region of size 3072000
11-09 14:06:55.466  1450  1472 E SurfaceFlinger: ro.sf.lcd_density must be defined as a build property
11-09 14:06:55.497  1440  1440 D gralloc_ranchu: gralloc_unregister_buffer: exiting HostConnection (is buffer-handling thread)
11-09 14:06:55.497  1440  1440 D         : HostConnection::get() New Host Connection established 0xf1a23900, tid 1440
11-09 14:06:55.498  1440  1440 D gralloc_ranchu: gralloc_unregister_buffer: exiting HostConnection (is buffer-handling thread)
11-09 14:06:55.498  1440  1440 D         : HostConnection::get() New Host Connection established 0xf1a23900, tid 1440
11-09 14:06:55.498  1440  1440 D gralloc_ranchu: gralloc_unregister_buffer: exiting HostConnection (is buffer-handling thread)
11-09 14:06:55.498  1440  1440 D         : HostConnection::get() New Host Connection established 0xf1a23900, tid 1440
11-09 14:06:55.499  1440  1440 D gralloc_ranchu: gralloc_unregister_buffer: exiting HostConnection (is buffer-handling thread)
11-09 14:06:55.499  1440  1440 D         : HostConnection::get() New Host Connection established 0xf1a23900, tid 1440
11-09 14:06:55.499  1440  1440 D gralloc_ranchu: gralloc_unregister_buffer: exiting HostConnection (is buffer-handling thread)
11-09 14:06:55.500  1440  1440 D         : HostConnection::get() New Host Connection established 0xf1a23900, tid 1440
11-09 14:06:55.500  1440  1440 D gralloc_ranchu: gralloc_unregister_buffer: exiting HostConnection (is buffer-handling thread)
11-09 14:06:55.502  1765  2009 D EGL_emulation: eglMakeCurrent: 0xd729fb60: ver 3 0 (tinfo 0xd7dd29c0)
11-09 14:06:55.507  1765  2009 D EGL_emulation: eglMakeCurrent: 0xd729fb60: ver 3 0 (tinfo 0xd7dd29c0)
11-09 14:06:55.510  1440  1440 D         : HostConnection::get() New Host Connection established 0xf1a23900, tid 1440
11-09 14:06:55.511  1450  1450 D SurfaceFlinger: duplicate layer name: changing de.koelle.christian.trickytripper/de.koelle.christian.trickytripper.TrickyTripperActivity to de.koelle.christian.trickytripper/de.koelle.christian.trickytripper.TrickyTripperActivity#1
11-09 14:06:55.520  1439  5111 D gralloc_ranchu: gralloc_alloc: Creating ashmem region of size 8298496
11-09 14:06:55.528  1439  5111 D gralloc_ranchu: gralloc_alloc: Creating ashmem region of size 8298496
11-09 14:06:55.534  1439  1480 D gralloc_ranchu: gralloc_alloc: Creating ashmem region of size 8298496
11-09 14:06:55.566 13510 13593 D EGL_emulation: eglMakeCurrent: 0xebeaa800: ver 3 0 (tinfo 0xd6384820)
11-09 14:06:55.593 13510 13591 D EGL_emulation: eglCreateContext: 0xd6466360: maj 3 min 0 rcv 3
11-09 14:06:55.593 13510 13591 D EGL_emulation: eglMakeCurrent: 0xd6466360: ver 3 0 (tinfo 0xd6384010)
11-09 14:06:55.631 13510 13593 D EGL_emulation: eglMakeCurrent: 0xebeaa800: ver 3 0 (tinfo 0xd6384820)
11-09 14:06:55.667  1649  1671 I ActivityManager: Displayed de.koelle.christian.trickytripper/.TrickyTripperActivity: +671ms (total +6s86ms)
11-09 14:06:55.690 13510 13593 D EGL_emulation: eglMakeCurrent: 0xebeaa800: ver 3 0 (tinfo 0xd6384820)
11-09 14:06:55.710  1440  1440 D gralloc_ranchu: gralloc_unregister_buffer: exiting HostConnection (is buffer-handling thread)
11-09 14:06:55.711  1440  1440 D         : HostConnection::get() New Host Connection established 0xf1a23900, tid 1440
11-09 14:06:55.711  1440  1440 D gralloc_ranchu: gralloc_unregister_buffer: exiting HostConnection (is buffer-handling thread)
11-09 14:06:55.712  1440  1440 D         : HostConnection::get() New Host Connection established 0xf1a23900, tid 1440
11-09 14:06:55.713 13510 13593 D EGL_emulation: eglMakeCurrent: 0xebeaa800: ver 3 0 (tinfo 0xd6384820)
11-09 14:06:55.857  1450  1472 D gralloc_ranchu: gralloc_unregister_buffer: exiting HostConnection (is buffer-handling thread)
11-09 14:06:55.857  1450  1472 D         : HostConnection::get() New Host Connection established 0xe80a1300, tid 1472
11-09 14:06:55.857  1450  1472 D gralloc_ranchu: gralloc_unregister_buffer: exiting HostConnection (is buffer-handling thread)
11-09 14:06:55.858  1450  1472 D         : HostConnection::get() New Host Connection established 0xe80a1300, tid 1472
11-09 14:06:55.858  1450  1472 D gralloc_ranchu: gralloc_unregister_buffer: exiting HostConnection (is buffer-handling thread)
11-09 14:06:55.859  1450  1472 D         : HostConnection::get() New Host Connection established 0xe80a1300, tid 1472
11-09 14:06:55.860  1450  1472 D gralloc_ranchu: gralloc_unregister_buffer: exiting HostConnection (is buffer-handling thread)
11-09 14:06:55.861  1439  1480 D gralloc_ranchu: gralloc_alloc: Creating ashmem region of size 9469952
11-09 14:06:55.868  1440  1440 D gralloc_ranchu: gralloc_unregister_buffer: exiting HostConnection (is buffer-handling thread)
11-09 14:06:55.869  1440  1440 D         : HostConnection::get() New Host Connection established 0xf1a23900, tid 1440
11-09 14:06:55.869  1649  1696 D gralloc_ranchu: gralloc_unregister_buffer: exiting HostConnection (is buffer-handling thread)
11-09 14:06:55.870  1649  1696 D         : HostConnection::get() New Host Connection established 0xd32f1ac0, tid 1696
11-09 14:06:55.870  1440  1440 D gralloc_ranchu: gralloc_unregister_buffer: exiting HostConnection (is buffer-handling thread)
11-09 14:06:55.870  1649  1696 D gralloc_ranchu: gralloc_unregister_buffer: exiting HostConnection (is buffer-handling thread)
11-09 14:06:55.874  1450  1472 D         : HostConnection::get() New Host Connection established 0xe80a1300, tid 1472
11-09 14:06:55.877  1440  1440 D         : HostConnection::get() New Host Connection established 0xf1a23900, tid 1440
11-09 14:06:55.879 13510 13593 D EGL_emulation: eglMakeCurrent: 0xebeaa800: ver 3 0 (tinfo 0xd6384820)
11-09 14:06:55.882 13510 13607 W cr_CrashFileManager: /data/user/0/de.koelle.christian.trickytripper/cache/WebView/Crash Reports does not exist or is not a directory
11-09 14:06:55.933 13510 13593 E eglCodecCommon: glUtilsParamSize: unknow param 0x000085b5
11-09 14:06:55.933 13510 13593 E eglCodecCommon: glUtilsParamSize: unknow param 0x000085b5
11-09 14:06:56.015  1439  1480 D gralloc_ranchu: gralloc_alloc: Creating ashmem region of size 9469952
11-09 14:06:56.022  1450  1470 D         : HostConnection::get() New Host Connection established 0xe80a1a00, tid 1470
11-09 14:06:56.069 13510 13593 E eglCodecCommon: glUtilsParamSize: unknow param 0x000085b5
11-09 14:06:56.069 13510 13593 E eglCodecCommon: glUtilsParamSize: unknow param 0x000085b5
11-09 14:06:56.073  1439  1480 D gralloc_ranchu: gralloc_alloc: Creating ashmem region of size 9469952
11-09 14:06:56.080  1440  1440 D gralloc_ranchu: gralloc_unregister_buffer: exiting HostConnection (is buffer-handling thread)
11-09 14:06:56.081  1440  1440 D         : HostConnection::get() New Host Connection established 0xf1a23900, tid 1440
11-09 14:06:56.082  1440  1440 D gralloc_ranchu: gralloc_unregister_buffer: exiting HostConnection (is buffer-handling thread)
11-09 14:06:56.087  1440  1440 D         : HostConnection::get() New Host Connection established 0xf1a23900, tid 1440
11-09 14:06:56.107 13510 13593 E eglCodecCommon: glUtilsParamSize: unknow param 0x000085b5
11-09 14:06:56.158 13510 13593 I chatty  : uid=10263(de.koelle.christian.trickytripper) RenderThread identical 2 lines
11-09 14:06:56.158 13510 13593 E eglCodecCommon: glUtilsParamSize: unknow param 0x000085b5
11-09 14:06:56.291  1450  1450 W SurfaceFlinger: couldn't log to binary event log: overflow.
11-09 14:06:56.373  2275 13394 I PBSessionCacheImpl: Deleted sessionId[497716545250] from persistence.
11-09 14:06:56.387  2275  2275 W SearchService: Abort, client detached.
11-09 14:06:57.038 13510 13593 E eglCodecCommon: glUtilsParamSize: unknow param 0x000085b5
11-09 14:06:57.338 13510 13593 I chatty  : uid=10263(de.koelle.christian.trickytripper) RenderThread identical 22 lines
11-09 14:06:57.338 13510 13593 E eglCodecCommon: glUtilsParamSize: unknow param 0x000085b5
11-09 14:06:59.841  1649  4531 I GnssLocationProvider: WakeLock acquired by sendMessage(SET_REQUEST, 0, com.android.server.location.GnssLocationProvider$GpsRequest@1d2e03c)
11-09 14:06:59.846  1765  2009 D EGL_emulation: eglMakeCurrent: 0xd729fb60: ver 3 0 (tinfo 0xd7dd29c0)
11-09 14:06:59.848  2051 28903 I LogUtils: [Places]: ?: Couldn't find platform key file. [CONTEXT service_id=253 ]
11-09 14:06:59.855  1649  1663 I GnssLocationProvider: WakeLock released by handleMessage(SET_REQUEST, 0, com.android.server.location.GnssLocationProvider$GpsRequest@1d2e03c)
11-09 14:06:59.858  2051 13405 I LogUtils: [Places]: ?: Couldn't find platform key file. [CONTEXT service_id=253 ]
11-09 14:06:59.864  2051 13402 I LogUtils: [Places]: ?: PlacesBleScanner stop() [CONTEXT service_id=253 ]
11-09 14:06:59.869  2051  2051 I BeaconBle: Scan : No clients left, canceling alarm. [CONTEXT service_id=111 ]
11-09 14:06:59.869  2051  2051 I BeaconBle: Scan canceled successfully. [CONTEXT service_id=111 ]
11-09 14:06:59.873  2051 13402 I PlacesLogger: [PlaceInferenceEngine]: [anon] Changed inference mode: 0 [CONTEXT service_id=253 ]
11-09 14:06:59.885  2051 13405 I LogUtils: [Places]: ?: Couldn't find platform key file. [CONTEXT service_id=253 ]
11-09 14:06:59.886  2051 13403 I LogUtils: [Places]: ?: Couldn't find platform key file. [CONTEXT service_id=253 ]
11-09 14:06:59.891  2051  2051 I GeofencerStateMachine: removeGeofences: removeRequest=RemoveGeofencingRequest[REMOVE_BY_PENDING_INTENT pendingIntent=PendingIntent[creatorPackage=com.google.android.gms], packageName=com.google.android.gms]
11-09 14:07:01.397  2275 13397 I EventLogSendingHelper: Sending log events.
11-09 14:07:04.877  2051  2051 I BeaconBle: Scan : No clients left, canceling alarm. [CONTEXT service_id=111 ]
11-09 14:07:05.087  1649  1663 E memtrack: Couldn't load memtrack module
11-09 14:07:05.087  1649  1663 W android.os.Debug: failed to get memory consumption info: -1
11-09 14:07:06.099  1649  1663 E memtrack: Couldn't load memtrack module
11-09 14:07:06.099  1649  1663 W android.os.Debug: failed to get memory consumption info: -1
11-09 14:07:09.095  1649  1663 E memtrack: Couldn't load memtrack module
11-09 14:07:09.095  1649  1663 W android.os.Debug: failed to get memory consumption info: -1
11-09 14:07:09.881  1649  1667 I WifiService: requestActivityInfo uid=1000
11-09 14:07:09.881  1649  1667 I WifiService: reportActivityInfo uid=1000
11-09 14:07:09.881  1649  1667 I WifiService: getSupportedFeatures uid=1000
11-09 14:07:10.182 13612 13612 D AndroidRuntime: >>>>>> START com.android.internal.os.RuntimeInit uid 2000 <<<<<<
11-09 14:07:10.185 13612 13612 W app_process: Could not reserve sentinel fault page
11-09 14:07:10.234 13612 13612 W app_process: Unexpected CPU variant for X86 using defaults: x86
11-09 14:07:10.237 13612 13612 I app_process: The ClassLoaderContext is a special shared library.
11-09 14:07:10.250 13612 13612 D AndroidRuntime: Calling main entry com.android.commands.content.Content
11-09 14:07:10.257 13612 13612 D AndroidRuntime: Shutting down VM
11-09 14:07:10.265  1440  1456 D hwcomposer: hw_composer sent 132 syncs in 66s
11-09 14:07:10.398 13622 13622 D AndroidRuntime: >>>>>> START com.android.internal.os.RuntimeInit uid 2000 <<<<<<
11-09 14:07:10.433 13622 13622 W app_process: Unexpected CPU variant for X86 using defaults: x86
11-09 14:07:10.436 13622 13622 I app_process: The ClassLoaderContext is a special shared library.
11-09 14:07:10.450 13622 13622 D AndroidRuntime: Calling main entry com.android.commands.content.Content
11-09 14:07:10.455 13622 13622 D AndroidRuntime: Shutting down VM
11-09 14:07:10.513  1751  1751 W LstmExtension: no lmDescriptor could be found for en_US/20170411
11-09 14:07:10.515  1751  1751 W LstmExtension: no lmDescriptor could be found for en_US/20170411
11-09 14:07:11.310 13655 13655 D AndroidRuntime: >>>>>> START com.android.internal.os.RuntimeInit uid 2000 <<<<<<
11-09 14:07:11.312 13655 13655 W app_process: Could not reserve sentinel fault page
11-09 14:07:11.343 13655 13655 W app_process: Unexpected CPU variant for X86 using defaults: x86
11-09 14:07:11.346 13655 13655 I app_process: The ClassLoaderContext is a special shared library.
11-09 14:07:11.346 13655 13655 I app_process: The ClassLoaderContext is a special shared library.
11-09 14:07:11.360 13655 13655 D AndroidRuntime: Calling main entry com.android.commands.uiautomator.Launcher
11-09 14:07:12.395 13655 13655 W AccessibilityNodeInfoDumper: Fetch time: 3ms
11-09 14:07:12.395  1649  1902 W WindowManager: removeWindowToken: Attempted to remove non-existing token: android.os.Binder@ca1356e
11-09 14:07:12.413 13655 13655 D AndroidRuntime: Shutting down VM
11-09 14:07:12.636 13675 13675 D AndroidRuntime: >>>>>> START com.android.internal.os.RuntimeInit uid 2000 <<<<<<
11-09 14:07:12.672 13675 13675 W app_process: Unexpected CPU variant for X86 using defaults: x86
11-09 14:07:12.675 13675 13675 I app_process: The ClassLoaderContext is a special shared library.
11-09 14:07:12.676 13675 13675 I app_process: The ClassLoaderContext is a special shared library.
11-09 14:07:12.690 13675 13675 D AndroidRuntime: Calling main entry com.android.commands.uiautomator.Launcher
11-09 14:07:13.713 13510 13515 I zygote  : Do partial code cache collection, code=29KB, data=26KB
11-09 14:07:13.715 13510 13515 I zygote  : After code cache collection, code=29KB, data=26KB
11-09 14:07:13.715 13510 13515 I zygote  : Increasing code cache capacity to 128KB
11-09 14:07:13.803 13675 13675 W AccessibilityNodeInfoDumper: Fetch time: 77ms
11-09 14:07:13.804  1649  7068 W WindowManager: removeWindowToken: Attempted to remove non-existing token: android.os.Binder@b49422b
11-09 14:07:13.816 13675 13675 D AndroidRuntime: Shutting down VM
11-09 14:07:14.663 13704 13704 D AndroidRuntime: >>>>>> START com.android.internal.os.RuntimeInit uid 2000 <<<<<<
11-09 14:07:14.697 13704 13704 W app_process: Unexpected CPU variant for X86 using defaults: x86
11-09 14:07:14.700 13704 13704 I app_process: The ClassLoaderContext is a special shared library.
11-09 14:07:14.700 13704 13704 I app_process: The ClassLoaderContext is a special shared library.
11-09 14:07:14.714 13704 13704 D AndroidRuntime: Calling main entry com.android.commands.uiautomator.Launcher
11-09 14:07:15.819 13704 13704 W AccessibilityNodeInfoDumper: Fetch time: 79ms
11-09 14:07:15.819  1649  7068 W WindowManager: removeWindowToken: Attempted to remove non-existing token: android.os.Binder@bec1821
11-09 14:07:15.834 13704 13704 D AndroidRuntime: Shutting down VM
11-09 14:07:16.432  1649  1663 E memtrack: Couldn't load memtrack module
11-09 14:07:16.432  1649  1663 W android.os.Debug: failed to get memory consumption info: -1
11-09 14:07:16.742 13740 13740 D AndroidRuntime: >>>>>> START com.android.internal.os.RuntimeInit uid 2000 <<<<<<
11-09 14:07:16.744 13740 13740 W app_process: Could not reserve sentinel fault page
11-09 14:07:16.774 13740 13740 W app_process: Unexpected CPU variant for X86 using defaults: x86
11-09 14:07:16.776 13740 13740 I app_process: The ClassLoaderContext is a special shared library.
11-09 14:07:16.776 13740 13740 I app_process: The ClassLoaderContext is a special shared library.
11-09 14:07:16.789 13740 13740 D AndroidRuntime: Calling main entry com.android.commands.uiautomator.Launcher
11-09 14:07:17.853 13510 13515 I zygote  : Do partial code cache collection, code=62KB, data=43KB
11-09 14:07:17.853 13510 13515 I zygote  : After code cache collection, code=62KB, data=43KB
11-09 14:07:17.853 13510 13515 I zygote  : Increasing code cache capacity to 256KB
11-09 14:07:17.892 13740 13740 W AccessibilityNodeInfoDumper: Fetch time: 74ms
11-09 14:07:17.893  1649  7068 W WindowManager: removeWindowToken: Attempted to remove non-existing token: android.os.Binder@517d607
11-09 14:07:17.909 13740 13740 D AndroidRuntime: Shutting down VM
11-09 14:07:18.167 13762 13762 D AndroidRuntime: >>>>>> START com.android.internal.os.RuntimeInit uid 2000 <<<<<<
11-09 14:07:18.199 13762 13762 W app_process: Unexpected CPU variant for X86 using defaults: x86
11-09 14:07:18.202 13762 13762 I app_process: The ClassLoaderContext is a special shared library.
11-09 14:07:18.202 13762 13762 I app_process: The ClassLoaderContext is a special shared library.
11-09 14:07:18.216 13762 13762 D AndroidRuntime: Calling main entry com.android.commands.uiautomator.Launcher
11-09 14:07:19.327 13762 13762 W AccessibilityNodeInfoDumper: Fetch time: 79ms
11-09 14:07:19.327  1649  2575 W WindowManager: removeWindowToken: Attempted to remove non-existing token: android.os.Binder@fd1155d
11-09 14:07:19.341 13762 13762 D AndroidRuntime: Shutting down VM
11-09 14:07:19.466  1450  1472 E SurfaceFlinger: ro.sf.lcd_density must be defined as a build property
11-09 14:07:19.474  1439  1480 D gralloc_ranchu: gralloc_alloc: Creating ashmem region of size 8298496
11-09 14:07:19.480 13775 13775 D         : HostConnection::get() New Host Connection established 0xf2c48240, tid 13775
11-09 14:07:19.498  1450  1472 D gralloc_ranchu: gralloc_unregister_buffer: exiting HostConnection (is buffer-handling thread)
11-09 14:07:19.498  1450  1472 D         : HostConnection::get() New Host Connection established 0xe80a1300, tid 1472
11-09 14:07:19.498  1450  1472 D gralloc_ranchu: gralloc_unregister_buffer: exiting HostConnection (is buffer-handling thread)
11-09 14:07:19.641  4290  4290 D MediaScannerReceiver: action: android.intent.action.MEDIA_SCANNER_SCAN_FILE path: /storage/emulated/0/screen.png
11-09 14:07:20.135  1649  1663 E memtrack: Couldn't load memtrack module
11-09 14:07:20.135  1649  1663 W android.os.Debug: failed to get memory consumption info: -1
11-09 14:07:21.833 13787 13787 D AndroidRuntime: >>>>>> START com.android.internal.os.RuntimeInit uid 2000 <<<<<<
11-09 14:07:21.865 13787 13787 W app_process: Unexpected CPU variant for X86 using defaults: x86
11-09 14:07:21.868 13787 13787 I app_process: The ClassLoaderContext is a special shared library.
11-09 14:07:21.869 13787 13787 I app_process: The ClassLoaderContext is a special shared library.
11-09 14:07:21.881 13787 13787 D AndroidRuntime: Calling main entry com.android.commands.uiautomator.Launcher
11-09 14:07:22.989 13787 13787 W AccessibilityNodeInfoDumper: Fetch time: 78ms
11-09 14:07:22.990  1649  1902 W WindowManager: removeWindowToken: Attempted to remove non-existing token: android.os.Binder@30eaa59
11-09 14:07:23.009 13787 13787 D AndroidRuntime: Shutting down VM
11-09 14:07:23.025  1649  1663 E memtrack: Couldn't load memtrack module
11-09 14:07:23.025  1649  1663 W android.os.Debug: failed to get memory consumption info: -1
11-09 14:07:25.149  1649  1663 E memtrack: Couldn't load memtrack module
11-09 14:07:25.149  1649  1663 W android.os.Debug: failed to get memory consumption info: -1
11-09 14:07:25.241 13805 13805 D AndroidRuntime: >>>>>> START com.android.internal.os.RuntimeInit uid 2000 <<<<<<
11-09 14:07:25.244 13805 13805 W app_process: Could not reserve sentinel fault page
11-09 14:07:25.273 13805 13805 W app_process: Unexpected CPU variant for X86 using defaults: x86
11-09 14:07:25.275 13805 13805 I app_process: The ClassLoaderContext is a special shared library.
11-09 14:07:25.276 13805 13805 I app_process: The ClassLoaderContext is a special shared library.
11-09 14:07:25.288 13805 13805 D AndroidRuntime: Calling main entry com.android.commands.uiautomator.Launcher
11-09 14:07:26.155  1649  1663 E memtrack: Couldn't load memtrack module
11-09 14:07:26.155  1649  1663 W android.os.Debug: failed to get memory consumption info: -1
11-09 14:07:26.393 13805 13805 W AccessibilityNodeInfoDumper: Fetch time: 75ms
11-09 14:07:26.393  1649  7068 W WindowManager: removeWindowToken: Attempted to remove non-existing token: android.os.Binder@5ab7eff
11-09 14:07:26.402 13805 13805 D AndroidRuntime: Shutting down VM
11-09 14:07:26.629 13823 13823 D AndroidRuntime: >>>>>> START com.android.internal.os.RuntimeInit uid 2000 <<<<<<
11-09 14:07:26.664 13823 13823 W app_process: Unexpected CPU variant for X86 using defaults: x86
11-09 14:07:26.666 13823 13823 I app_process: The ClassLoaderContext is a special shared library.
11-09 14:07:26.667 13823 13823 I app_process: The ClassLoaderContext is a special shared library.
11-09 14:07:26.681 13823 13823 D AndroidRuntime: Calling main entry com.android.commands.uiautomator.Launcher
11-09 14:07:27.787 13823 13823 W AccessibilityNodeInfoDumper: Fetch time: 78ms
11-09 14:07:27.787  1649  1942 W WindowManager: removeWindowToken: Attempted to remove non-existing token: android.os.Binder@cf69315
11-09 14:07:27.800 13823 13823 D AndroidRuntime: Shutting down VM
11-09 14:07:28.029 13841 13841 D AndroidRuntime: >>>>>> START com.android.internal.os.RuntimeInit uid 2000 <<<<<<
11-09 14:07:28.061 13841 13841 W app_process: Unexpected CPU variant for X86 using defaults: x86
11-09 14:07:28.064 13841 13841 I app_process: The ClassLoaderContext is a special shared library.
11-09 14:07:28.064 13841 13841 I app_process: The ClassLoaderContext is a special shared library.
11-09 14:07:28.078 13841 13841 D AndroidRuntime: Calling main entry com.android.commands.uiautomator.Launcher
11-09 14:07:29.182 13841 13841 W AccessibilityNodeInfoDumper: Fetch time: 80ms
11-09 14:07:29.183  1649  1942 W WindowManager: removeWindowToken: Attempted to remove non-existing token: android.os.Binder@6c30c1b
11-09 14:07:29.190 13841 13841 D AndroidRuntime: Shutting down VM
11-09 14:07:29.442 13861 13861 D AndroidRuntime: >>>>>> START com.android.internal.os.RuntimeInit uid 2000 <<<<<<
11-09 14:07:29.475 13861 13861 W app_process: Unexpected CPU variant for X86 using defaults: x86
11-09 14:07:29.478 13861 13861 I app_process: The ClassLoaderContext is a special shared library.
11-09 14:07:29.478 13861 13861 I app_process: The ClassLoaderContext is a special shared library.
11-09 14:07:29.492 13861 13861 D AndroidRuntime: Calling main entry com.android.commands.uiautomator.Launcher
11-09 14:07:29.849  4956  5227 W native  : jpeg_io.cc:108 File's first two bytes does not match the sequence 216
11-09 14:07:30.169  1649  1663 E memtrack: Couldn't load memtrack module
11-09 14:07:30.169  1649  1663 W android.os.Debug: failed to get memory consumption info: -1
11-09 14:07:30.594 13861 13861 W AccessibilityNodeInfoDumper: Fetch time: 76ms
11-09 14:07:30.595  1649  1902 W WindowManager: removeWindowToken: Attempted to remove non-existing token: android.os.Binder@e3a4b91
11-09 14:07:30.608 13861 13861 D AndroidRuntime: Shutting down VM
11-09 14:07:30.792 13875 13875 D AndroidRuntime: >>>>>> START com.android.internal.os.RuntimeInit uid 2000 <<<<<<
11-09 14:07:30.826 13875 13875 W app_process: Unexpected CPU variant for X86 using defaults: x86
11-09 14:07:30.827 13875 13875 I app_process: The ClassLoaderContext is a special shared library.
11-09 14:07:30.842 13875 13875 D AndroidRuntime: Calling main entry com.android.commands.input.Input
11-09 14:07:30.844 13875 13875 I Input   : injectMotionEvent: MotionEvent { action=ACTION_DOWN, actionButton=0, id[0]=0, x[0]=921.0, y[0]=1677.0, toolType[0]=TOOL_TYPE_UNKNOWN, buttonState=0, metaState=0, flags=0x0, edgeFlags=0x0, pointerCount=1, historySize=0, eventTime=35075520, downTime=35075520, deviceId=0, source=0x1002 }
11-09 14:07:30.845 13875 13875 I Input   : injectMotionEvent: MotionEvent { action=ACTION_UP, actionButton=0, id[0]=0, x[0]=921.0, y[0]=1677.0, toolType[0]=TOOL_TYPE_UNKNOWN, buttonState=0, metaState=0, flags=0x0, edgeFlags=0x0, pointerCount=1, historySize=0, eventTime=35075520, downTime=35075520, deviceId=0, source=0x1002 }
11-09 14:07:30.847 13875 13875 D AndroidRuntime: Shutting down VM
11-09 14:07:30.871  1431  8375 W audio_hw_generic: Not supplying enough data to HAL, expected position 21123614 , only wrote 21123360
11-09 14:07:30.873 13510 13593 D EGL_emulation: eglMakeCurrent: 0xebeaa800: ver 3 0 (tinfo 0xd6384820)
11-09 14:07:30.975 13510 13593 E eglCodecCommon: glUtilsParamSize: unknow param 0x000085b5
11-09 14:07:30.976 13510 13593 E eglCodecCommon: glUtilsParamSize: unknow param 0x000085b5
11-09 14:07:30.983  1521  1579 D AudioFlinger: mixer(0xe56839c0) throttle end: throttle time(3)
11-09 14:07:31.017 13510 13593 E eglCodecCommon: glUtilsParamSize: unknow param 0x000085b5
11-09 14:07:31.017 13510 13593 E eglCodecCommon: glUtilsParamSize: unknow param 0x000085b5
11-09 14:07:31.025 13510 13593 D EGL_emulation: eglMakeCurrent: 0xebeaa800: ver 3 0 (tinfo 0xd6384820)
11-09 14:07:31.154  1440  1440 D gralloc_ranchu: gralloc_unregister_buffer: exiting HostConnection (is buffer-handling thread)
11-09 14:07:31.155  1440  1440 D         : HostConnection::get() New Host Connection established 0xf1a23900, tid 1440
11-09 14:07:31.155  1440  1440 D gralloc_ranchu: gralloc_unregister_buffer: exiting HostConnection (is buffer-handling thread)
11-09 14:07:31.156  1440  1440 D         : HostConnection::get() New Host Connection established 0xf1a23900, tid 1440
11-09 14:07:31.157  1440  1440 D gralloc_ranchu: gralloc_unregister_buffer: exiting HostConnection (is buffer-handling thread)
11-09 14:07:31.157  1440  1440 D         : HostConnection::get() New Host Connection established 0xf1a23900, tid 1440
11-09 14:07:31.157  1440  1440 D gralloc_ranchu: gralloc_unregister_buffer: exiting HostConnection (is buffer-handling thread)
11-09 14:07:31.158  1440  1440 D         : HostConnection::get() New Host Connection established 0xf1a23900, tid 1440
11-09 14:07:31.158  1440  1440 D gralloc_ranchu: gralloc_unregister_buffer: exiting HostConnection (is buffer-handling thread)
11-09 14:07:31.158  1440  1440 D         : HostConnection::get() New Host Connection established 0xf1a23900, tid 1440
11-09 14:07:31.158  1440  1440 D gralloc_ranchu: gralloc_unregister_buffer: exiting HostConnection (is buffer-handling thread)
11-09 14:07:31.167  1440  1440 D         : HostConnection::get() New Host Connection established 0xf1a23900, tid 1440
11-09 14:07:31.169  1450  1450 W SurfaceFlinger: couldn't log to binary event log: overflow.
11-09 14:07:32.172  1649  1663 E memtrack: Couldn't load memtrack module
11-09 14:07:32.172  1649  1663 W android.os.Debug: failed to get memory consumption info: -1
11-09 14:07:34.130  1431  1431 W audio_hw_generic: Not supplying enough data to HAL, expected position 21435541 , only wrote 21279600
11-09 14:07:34.179  1649  1663 E memtrack: Couldn't load memtrack module
11-09 14:07:34.179  1649  1663 W android.os.Debug: failed to get memory consumption info: -1
11-09 14:07:34.565  1751  1751 W LstmExtension: no lmDescriptor could be found for en_US/20170411
11-09 14:07:34.565  1751  1751 W LstmExtension: no lmDescriptor could be found for en_US/20170411
11-09 14:07:34.737 13902 13902 D AndroidRuntime: >>>>>> START com.android.internal.os.RuntimeInit uid 2000 <<<<<<
11-09 14:07:34.767 13902 13902 W app_process: Unexpected CPU variant for X86 using defaults: x86
11-09 14:07:34.769 13902 13902 I app_process: The ClassLoaderContext is a special shared library.
11-09 14:07:34.770 13902 13902 I app_process: The ClassLoaderContext is a special shared library.
11-09 14:07:34.785 13902 13902 D AndroidRuntime: Calling main entry com.android.commands.uiautomator.Launcher
11-09 14:07:35.818 13902 13902 I AccessibilityNodeInfoDumper: Skipping invisible child: android.view.accessibility.AccessibilityNodeInfo@1e07b; boundsInParent: Rect(0, 0 - 0, 51); boundsInScreen: Rect(0, 221 - 0, 272); packageName: de.koelle.christian.trickytripper; className: android.widget.TextView; text: null; error: null; maxTextLength: -1; contentDescription: null; viewIdResName: null; checkable: false; checked: false; focusable: false; focused: false; selected: false; clickable: false; longClickable: false; contextClickable: false; enabled: true; password: false; scrollable: false; importantForAccessibility: true; actions: [AccessibilityAction: ACTION_SELECT - null, AccessibilityAction: ACTION_CLEAR_SELECTION - null, AccessibilityAction: ACTION_ACCESSIBILITY_FOCUS - null, AccessibilityAction: ACTION_SHOW_ON_SCREEN - null]
11-09 14:07:35.819 13902 13902 I AccessibilityNodeInfoDumper: Skipping invisible child: android.view.accessibility.AccessibilityNodeInfo@1dcba; boundsInParent: Rect(0, 0 - 1080, 1511); boundsInScreen: Rect(1080, 283 - 1080, 1794); packageName: de.koelle.christian.trickytripper; className: android.widget.LinearLayout; text: null; error: null; maxTextLength: -1; contentDescription: null; viewIdResName: null; checkable: false; checked: false; focusable: false; focused: false; selected: false; clickable: false; longClickable: false; contextClickable: false; enabled: true; password: false; scrollable: false; importantForAccessibility: false; actions: [AccessibilityAction: ACTION_SELECT - null, AccessibilityAction: ACTION_CLEAR_SELECTION - null, AccessibilityAction: ACTION_ACCESSIBILITY_FOCUS - null, AccessibilityAction: ACTION_SHOW_ON_SCREEN - null]
11-09 14:07:35.820 13902 13902 W AccessibilityNodeInfoDumper: Fetch time: 11ms
11-09 14:07:35.823  1649  2575 W WindowManager: removeWindowToken: Attempted to remove non-existing token: android.os.Binder@84d8630
11-09 14:07:35.840 13902 13902 D AndroidRuntime: Shutting down VM
11-09 14:07:36.779 13930 13930 D AndroidRuntime: >>>>>> START com.android.internal.os.RuntimeInit uid 2000 <<<<<<
11-09 14:07:36.835 13930 13930 W app_process: Unexpected CPU variant for X86 using defaults: x86
11-09 14:07:36.837 13930 13930 I app_process: The ClassLoaderContext is a special shared library.
11-09 14:07:36.837 13930 13930 I app_process: The ClassLoaderContext is a special shared library.
11-09 14:07:36.850 13930 13930 D AndroidRuntime: Calling main entry com.android.commands.uiautomator.Launcher
11-09 14:07:37.879 13930 13930 I AccessibilityNodeInfoDumper: Skipping invisible child: android.view.accessibility.AccessibilityNodeInfo@1e07f; boundsInParent: Rect(0, 0 - 0, 51); boundsInScreen: Rect(0, 221 - 0, 272); packageName: de.koelle.christian.trickytripper; className: android.widget.TextView; text: null; error: null; maxTextLength: -1; contentDescription: null; viewIdResName: null; checkable: false; checked: false; focusable: false; focused: false; selected: false; clickable: false; longClickable: false; contextClickable: false; enabled: true; password: false; scrollable: false; importantForAccessibility: true; actions: [AccessibilityAction: ACTION_SELECT - null, AccessibilityAction: ACTION_CLEAR_SELECTION - null, AccessibilityAction: ACTION_ACCESSIBILITY_FOCUS - null, AccessibilityAction: ACTION_SHOW_ON_SCREEN - null]
11-09 14:07:37.879 13930 13930 I AccessibilityNodeInfoDumper: Skipping invisible child: android.view.accessibility.AccessibilityNodeInfo@1dcbe; boundsInParent: Rect(0, 0 - 1080, 1511); boundsInScreen: Rect(1080, 283 - 1080, 1794); packageName: de.koelle.christian.trickytripper; className: android.widget.LinearLayout; text: null; error: null; maxTextLength: -1; contentDescription: null; viewIdResName: null; checkable: false; checked: false; focusable: false; focused: false; selected: false; clickable: false; longClickable: false; contextClickable: false; enabled: true; password: false; scrollable: false; importantForAccessibility: false; actions: [AccessibilityAction: ACTION_SELECT - null, AccessibilityAction: ACTION_CLEAR_SELECTION - null, AccessibilityAction: ACTION_ACCESSIBILITY_FOCUS - null, AccessibilityAction: ACTION_SHOW_ON_SCREEN - null]
11-09 14:07:37.880 13930 13930 W AccessibilityNodeInfoDumper: Fetch time: 4ms
11-09 14:07:37.881  1649  1942 W WindowManager: removeWindowToken: Attempted to remove non-existing token: android.os.Binder@8c1002e
11-09 14:07:37.890 13930 13930 D AndroidRuntime: Shutting down VM
11-09 14:07:38.123 13949 13949 D AndroidRuntime: >>>>>> START com.android.internal.os.RuntimeInit uid 2000 <<<<<<
11-09 14:07:38.159 13949 13949 W app_process: Unexpected CPU variant for X86 using defaults: x86
11-09 14:07:38.161 13949 13949 I app_process: The ClassLoaderContext is a special shared library.
11-09 14:07:38.162 13949 13949 I app_process: The ClassLoaderContext is a special shared library.
11-09 14:07:38.176 13949 13949 D AndroidRuntime: Calling main entry com.android.commands.uiautomator.Launcher
