--------- beginning of main
07-03 15:12:21.743  5639  5639 D AndroidRuntime: >>>>>> START com.android.internal.os.RuntimeInit uid 0 <<<<<<
07-03 15:12:21.760  5639  5639 D AndroidRuntime: CheckJNI is ON
07-03 15:12:21.883  5639  5639 D ICU     : No timezone override file found: /data/misc/zoneinfo/current/icu/icu_tzdata.dat
07-03 15:12:22.031  5639  5639 E memtrack: Couldn't load memtrack module (No such file or directory)
07-03 15:12:22.031  5639  5639 E android.os.Debug: failed to load memtrack module: -2
07-03 15:12:22.043  5639  5639 I Radio-JNI: register_android_hardware_Radio DONE
07-03 15:12:22.117  5639  5639 D AndroidRuntime: Calling main entry com.android.commands.pm.Pm
07-03 15:12:22.140  1916  3235 I PackageManager: Package doesn't exist in get block uninstall de.koelle.christian.trickytripper
--------- beginning of system
07-03 15:12:22.145  1916  1940 W PackageManager: Package named 'de.koelle.christian.trickytripper' doesn't exist.
07-03 15:12:22.145  1916  1940 I art     : Starting a blocking GC Explicit
07-03 15:12:22.213  1916  1940 I art     : Explicit concurrent mark sweep GC freed 4578(294KB) AllocSpace objects, 3(72KB) LOS objects, 32% free, 8MB/12MB, paused 443us total 68.064ms
07-03 15:12:22.218  5639  5639 E Pm      : Failure details: Bundle[{android.content.pm.extra.STATUS=1, android.content.pm.extra.PACKAGE_NAME=de.koelle.christian.trickytripper, android.content.pm.extra.LEGACY_STATUS=-1, android.content.pm.extra.STATUS_MESSAGE=DELETE_FAILED_INTERNAL_ERROR}]
07-03 15:12:22.225  5639  5639 I art     : System.exit called, status: 1
07-03 15:12:22.225  5639  5639 I AndroidRuntime: VM exiting with result code 1.
07-03 15:12:22.452  5652  5652 D AndroidRuntime: >>>>>> START com.android.internal.os.RuntimeInit uid 0 <<<<<<
07-03 15:12:22.456  5652  5652 D AndroidRuntime: CheckJNI is ON
07-03 15:12:22.472  5652  5652 D ICU     : No timezone override file found: /data/misc/zoneinfo/current/icu/icu_tzdata.dat
07-03 15:12:22.526  5652  5652 E memtrack: Couldn't load memtrack module (No such file or directory)
07-03 15:12:22.526  5652  5652 E android.os.Debug: failed to load memtrack module: -2
07-03 15:12:22.530  5652  5652 I Radio-JNI: register_android_hardware_Radio DONE
07-03 15:12:22.545  5652  5652 D AndroidRuntime: Calling main entry com.android.commands.pm.Pm
07-03 15:12:22.564  1916  1929 I UsageStatsService: User[0] Flushing usage stats to disk
07-03 15:12:22.595  1916  1929 I UsageStatsDatabase: Time changed by +2d4h18m55s331ms. files deleted: 0 files moved: 7
07-03 15:12:22.611  1916  1929 I UsageStatsService: User[0] Rollover scheduled @ 2022-07-04 00:00:00(1656892800000)
07-03 15:12:22.658 10995 11006 D DefContainer: Copying /data/local/tmp/8.apk to base.apk
07-03 15:12:23.006  1916  1940 I PackageManager.DexOptimizer: Running dexopt (dex2oat) on: /data/app/vmdl429802317.tmp/base.apk pkg=de.koelle.christian.trickytripper isa=x86 vmSafeMode=false debuggable=false oatDir = /data/app/vmdl429802317.tmp/oat
07-03 15:12:23.063  5662  5662 W dex2oat : Unexpected CPU variant for X86 using defaults: x86
07-03 15:12:23.063  5662  5662 W dex2oat : Mismatch between dex2oat instruction set features (ISA: X86 Feature string: smp,-ssse3,-sse4.1,-sse4.2,-avx,-avx2) and those of dex2oat executable (ISA: X86 Feature string: smp,ssse3,-sse4.1,-sse4.2,-avx,-avx2) for the command line:
07-03 15:12:23.063  5662  5662 W dex2oat : /system/bin/dex2oat --zip-fd=6 --zip-location=base.apk --oat-fd=7 --oat-location=/data/app/vmdl429802317.tmp/oat/x86/base.odex --instruction-set=x86 --instruction-set-variant=x86 --instruction-set-features=default --runtime-arg -Xms64m --runtime-arg -Xmx512m --swap-fd=8
07-03 15:12:23.064  5662  5662 I dex2oat : Starting dex2oat.
07-03 15:12:24.021  5662  5662 I dex2oat : Skipping compilation of void b.r$a.a(java.lang.String, int, int): it contains a non natural loop
07-03 15:12:24.565  5662  5662 I dex2oat : dex2oat took 1.503s (threads: 4) arena alloc=3MB java alloc=2MB native alloc=12MB free=2MB
07-03 15:12:24.645  1916  1940 V BackupManagerService: restoreAtInstall pkg=de.koelle.christian.trickytripper token=1a restoreSet=0
07-03 15:12:24.646  1916  1940 V BackupManagerService: Finishing install immediately
07-03 15:12:24.648  1916  1940 W Settings: Setting install_non_market_apps has moved from android.provider.Settings.Global to android.provider.Settings.Secure, returning read-only value.
07-03 15:12:24.648  1916  1940 I art     : Starting a blocking GC Explicit
07-03 15:12:24.659  1916  1940 I art     : Explicit concurrent mark sweep GC freed 32627(1893KB) AllocSpace objects, 9(288KB) LOS objects, 32% free, 8MB/12MB, paused 391us total 10.749ms
07-03 15:12:24.670  5652  5652 I art     : System.exit called, status: 0
07-03 15:12:24.670  5652  5652 I AndroidRuntime: VM exiting with result code 0.
07-03 15:12:24.690  1916  1965 I InputReader: Reconfiguring input devices.  changes=0x00000010
07-03 15:12:24.714  2420  2420 D CarrierServiceBindHelper: Receive action: android.intent.action.PACKAGE_ADDED
07-03 15:12:24.716  2420  2420 D CarrierServiceBindHelper: mHandler: 3
07-03 15:12:24.717  2420  2420 D CarrierConfigLoader: mHandler: 9 phoneId: 0
07-03 15:12:24.726 32302  5671 D Documents: Update found 7 roots in 28ms
07-03 15:12:24.803  2716  5681 W GCM     : Unexpected forwarded intent: Intent { act=android.intent.action.PACKAGE_ADDED dat=package:de.koelle.christian.trickytripper flg=0x4000010 cmp=com.google.android.gms/.chimera.PersistentIntentOperationService (has extras) }
07-03 15:12:24.817  2716  5681 W GCM     : Unexpected forwarded intent: Intent { act=android.intent.action.PACKAGE_ADDED dat=package:de.koelle.christian.trickytripper flg=0x4000010 cmp=com.google.android.gms/.chimera.PersistentIntentOperationService (has extras) }
07-03 15:12:24.844  5674  5674 D AndroidRuntime: >>>>>> START com.android.internal.os.RuntimeInit uid 0 <<<<<<
07-03 15:12:24.845  5674  5674 D AndroidRuntime: CheckJNI is ON
07-03 15:12:24.855  5674  5674 D ICU     : No timezone override file found: /data/misc/zoneinfo/current/icu/icu_tzdata.dat
07-03 15:12:24.856  2735  5685 I Auth    : [SupervisedAccountIntentOperation] onHandleIntent(): android.intent.action.PACKAGE_ADDED
07-03 15:12:24.876  2735  5684 I ChromeSync: [Sync,SyncIntentOperation] Handling the intent: Intent { act=android.intent.action.PACKAGE_ADDED dat=package:de.koelle.christian.trickytripper flg=0x4000010 cmp=com.google.android.gms/.chimera.GmsIntentOperationService (has extras) }.
07-03 15:12:24.886  1916  2149 W ActivityManager: Unable to start service Intent { act=com.google.android.gms.auth.key.retrieval.service.START pkg=com.google.android.gms } U=0: not found
07-03 15:12:24.886  1916  2150 W ActivityManager: Unbind failed: could not find connection for android.os.BinderProxy@3dac8ab
07-03 15:12:24.886  2735  2865 E GmsClient: unable to connect to service: com.google.android.gms.auth.key.retrieval.service.START on com.google.android.gms
07-03 15:12:24.887  5674  5674 E memtrack: Couldn't load memtrack module (No such file or directory)
07-03 15:12:24.887  5674  5674 E android.os.Debug: failed to load memtrack module: -2
07-03 15:12:24.888  5674  5674 I Radio-JNI: register_android_hardware_Radio DONE
07-03 15:12:24.888  2735  5687 I FontLog : Package de.koelle.christian.trickytripper has no metadata [CONTEXT service_id=132 ]
07-03 15:12:24.892 32257  5686 I UpdateIcingCorporaServi: Updating corpora: APPS=de.koelle.christian.trickytripper, CONTACTS=MAYBE
07-03 15:12:24.895  5674  5674 D AndroidRuntime: Calling main entry com.android.commands.monkey.Monkey
07-03 15:12:24.946  1916  1928 I AccountManagerService: getTypesVisibleToCaller: isPermitted? true
07-03 15:12:24.948  1916  1930 W BroadcastQueue: Skipping deliver [background] BroadcastRecord{677114c u-1 android.net.conn.CONNECTIVITY_CHANGE} to ReceiverList{4bfb595 5674 (unknown name)/0/u-1 remote:407e9e}: process crashing
07-03 15:12:24.974  1916  3249 I AccountManagerService: getTypesVisibleToCaller: isPermitted? true
07-03 15:12:24.977  2735  5684 I ChromeSync: [Persistence,AffiliationManager] One of affiliation or grouping data for android://B-pkonIYqQZOQ6H5gFPwAZ4tup-d6SCa9JB1Q8ML6OEWCyYEgY6yGR5rgZfMf4A81eCRxoqhYIB4lxHcWtF1zw==@de.koelle.christian.trickytripper/ was not found. Marking affiliation data as stale...
07-03 15:12:25.005  1916  3250 I ActivityManager: START u0 {act=android.intent.action.MAIN cat=[android.intent.category.LAUNCHER] flg=0x10200000 cmp=de.koelle.christian.trickytripper/.TrickyTripperActivity} from uid 0 on display 0
07-03 15:12:25.028  1916  3231 I AccountManagerService: getTypesVisibleToCaller: isPermitted? true
07-03 15:12:25.120  1293  1330 D gralloc_ranchu: gralloc_alloc: Creating ashmem region of size 8294400
07-03 15:12:25.160  1916  1928 I ActivityManager: Start proc 5696:de.koelle.christian.trickytripper/u0a86 for activity de.koelle.christian.trickytripper/.TrickyTripperActivity
07-03 15:12:25.179  5674  5674 I art     : System.exit called, status: 0
07-03 15:12:25.179  5674  5674 I AndroidRuntime: VM exiting with result code 0.
07-03 15:12:25.204  2735  5680 I ChimeraConfigurator: Starting update, reason: 4 urgentFeatures: pay:-1
07-03 15:12:25.217  2735  5680 E ConfigFileUtils: Failed to read config file: /data/data/com.google.android.gms/app_chimera/next_container.pb: open failed: ENOENT (No such file or directory)
07-03 15:12:25.248  5696  5696 W System  : ClassLoader referenced unknown path: /data/app/de.koelle.christian.trickytripper-1/lib/x86
07-03 15:12:25.268  2735  3365 I Icing   : IndexChimeraService.getServiceInterface callingPackage=com.google.android.googlequicksearchbox componentName=null serviceId=36
07-03 15:12:25.285  3252  3322 D EGL_emulation: eglMakeCurrent: 0xaa3bccc0: ver 3 0 (tinfo 0xaa9c2a20)
07-03 15:12:25.287  3252  3322 E Surface : getSlotFromBufferLocked: unknown buffer: 0xb403de80
07-03 15:12:25.292  5696  5696 D TT      : DataHelper.OpenHelper onCreate creating database trickytripper.db
07-03 15:12:25.306  2735  5680 I ChmraDebugLogger: [73] 1801
07-03 15:12:25.321  2735  5680 I ChmraDebugLogger: [30] [Pay.optional:202414020000] permitMetered=true,
07-03 15:12:25.322  2735  3065 I Icing   : IndexChimeraService.getServiceInterface callingPackage=com.google.android.gms componentName=AppsCorpus serviceId=36
07-03 15:12:25.327  5696  5696 D TT      : SQLite foreign key support (1 is on, 0 is off): 1
07-03 15:12:25.327  5696  5696 D TT      : DataManagerImplBackup created, db open status: true
07-03 15:12:25.334  5696  5696 D TT      : init() id of last trip=1
07-03 15:12:25.336  5696  5696 D TT      : safeLoadedTripIdToPrefs() id of last trip=1
07-03 15:12:25.339  2735  5680 W ChimeraConfigService: Retry attempt was throttled.
07-03 15:12:25.389  2735 10428 W Icing   : No valid account for uploading user actions
07-03 15:12:25.397  5696  5696 D ChangeLog: lastVersion: 
07-03 15:12:25.397  5696  5696 D ChangeLog: appVersion: 1.6.0
07-03 15:12:25.399  5696  5696 I WebViewFactory: Loading com.android.webview version 44.0.2403.119 (code 246011910)
07-03 15:12:25.427  2735  3066 I Icing   : IndexChimeraService.getServiceInterface callingPackage=com.google.android.gms componentName=null serviceId=30
07-03 15:12:25.485  5696  5696 W System  : ClassLoader referenced unknown path: /system/app/webview/lib/x86
07-03 15:12:25.506  5696  5696 I LibraryLoader: Time to load native libraries: 4 ms (timestamps 3922-3926)
07-03 15:12:25.507  5696  5696 I LibraryLoader: Expected native library version number "",actual native library version number ""
07-03 15:12:25.515  5696  5696 V WebViewChromiumFactoryProvider: Binding Chromium to main looper Looper (main, tid 1) {9d8639b}
07-03 15:12:25.515  5696  5696 I LibraryLoader: Expected native library version number "",actual native library version number ""
07-03 15:12:25.518  5696  5696 I chromium: [INFO:library_loader_hooks.cc(120)] Chromium logging enabled: level = 0, default verbosity = 0
07-03 15:12:25.527  5696  5696 I BrowserStartupController: Initializing chromium process, singleProcess=true
07-03 15:12:25.528  5696  5696 W art     : Attempt to remove non-JNI local reference, dumping thread
07-03 15:12:25.529  5696  5696 E SysUtils: ApplicationContext is null in ApplicationStatus
07-03 15:12:25.553  2735 10428 I Icing   : Usage reports ok 8, Failed Usage reports 0, indexed 0, rejected 0
07-03 15:12:25.555  2735 10428 W Icing   : No valid account for uploading user actions
07-03 15:12:25.561  2735 10428 I Icing   : Usage reports ok 0, Failed Usage reports 0, indexed 0, rejected 0
07-03 15:12:25.565  2735  3066 I Icing   : IndexChimeraService.getServiceInterface callingPackage=com.google.android.gms componentName=null serviceId=36
07-03 15:12:25.566 32257  5686 I UpdateIcingCorporaServi: UpdateCorporaTask done [took 664 ms] updated apps [took 664 ms] 
07-03 15:12:25.569  2735 10428 W Icing   : No valid account for uploading user actions
07-03 15:12:25.570  5696  5696 W chromium: [WARNING:resource_bundle.cc(285)] locale_file_path.empty()
07-03 15:12:25.574  5696  5696 E libEGL  : validate_display:255 error 3008 (EGL_BAD_DISPLAY)
07-03 15:12:25.574  5696  5696 E libEGL  : validate_display:255 error 3008 (EGL_BAD_DISPLAY)
07-03 15:12:25.575  2735 10428 I Icing   : Usage reports ok 0, Failed Usage reports 0, indexed 0, rejected 0
07-03 15:12:25.575  5696  5696 D         : HostConnection::get() New Host Connection established 0xa9fe08c0, tid 5696
07-03 15:12:25.579  5696  5696 D EGL_emulation: eglCreateContext: 0xaa3bcde0: maj 3 min 0 rcv 3
07-03 15:12:25.580  2735 10428 W Icing   : No valid account for uploading user actions
07-03 15:12:25.580  5696  5696 D EGL_emulation: eglMakeCurrent: 0xaa3bcde0: ver 3 0 (tinfo 0xaa9fe3b0)
07-03 15:12:25.582  5696  5696 E eglCodecCommon: glUtilsParamSize: unknow param 0x00008cdf
07-03 15:12:25.582  5696  5696 E eglCodecCommon: glUtilsParamSize: unknow param 0x00008824
07-03 15:12:25.588  2735 10428 I Icing   : Usage reports ok 0, Failed Usage reports 0, indexed 0, rejected 0
07-03 15:12:25.588  2735 10428 I Icing   : Indexing com.google.android.gms-apps from com.google.android.gms
07-03 15:12:25.606  2735 10428 I Icing   : Indexing com.google.android.googlequicksearchbox-applications_uri from com.google.android.googlequicksearchbox
07-03 15:12:25.627  5696  5696 E DataReductionProxySettingListener: No DRP key due to exception:java.lang.ClassNotFoundException: com.android.webview.chromium.Drp
07-03 15:12:25.634  5696  5728 W AudioManagerAndroid: Requires BLUETOOTH permission
07-03 15:12:25.653  2735 10428 I Icing   : Indexing com.google.android.gms-internal.3p:MobileApplication from com.google.android.gms
07-03 15:12:25.667  2735 10428 I Icing   : Indexing done com.google.android.gms-apps
07-03 15:12:25.684  2735 10428 I Icing   : Indexing done com.google.android.googlequicksearchbox-applications_uri
07-03 15:12:25.687  2735 10428 I Icing   : Indexing done com.google.android.gms-internal.3p:MobileApplication
07-03 15:12:25.688  5696  5696 W art     : Attempt to remove non-JNI local reference, dumping thread
07-03 15:12:25.698  5696  5696 W AwContents: onDetachedFromWindow called when already detached. Ignoring
07-03 15:12:25.723  1289  1289 E SELinux : avc:  denied  { find } for service=batteryproperties scontext=u:r:untrusted_app:s0:c512,c768 tcontext=u:object_r:healthd_service:s0 tclass=service_manager
07-03 15:12:25.775  1293  1328 E SurfaceFlinger: ro.sf.lcd_density must be defined as a build property
07-03 15:12:25.776  5696  5738 D OpenGLRenderer: Use EGL_SWAP_BEHAVIOR_PRESERVED: true
07-03 15:12:25.797  5696  5726 W chromium: [WARNING:data_reduction_proxy_config.cc(423)] SPDY proxy OFF at startup
07-03 15:12:25.809  2735  2745 I art     : Background partial concurrent mark sweep GC freed 39679(2MB) AllocSpace objects, 18(360KB) LOS objects, 12% free, 28MB/32MB, paused 840us total 577.994ms
07-03 15:12:25.826  5696  5738 I OpenGLRenderer: Initialized EGL, version 1.4
07-03 15:12:25.826  5696  5738 D         : HostConnection::get() New Host Connection established 0xa0a29a80, tid 5738
07-03 15:12:25.827  5696  5738 W OpenGLRenderer: Failed to choose config with EGL_SWAP_BEHAVIOR_PRESERVED, retrying without...
07-03 15:12:25.828  5696  5738 D EGL_emulation: eglCreateContext: 0xad0fb1e0: maj 3 min 0 rcv 3
07-03 15:12:25.829  5696  5738 D EGL_emulation: eglMakeCurrent: 0xad0fb1e0: ver 3 0 (tinfo 0xaa30f300)
07-03 15:12:25.831  5696  5738 E eglCodecCommon: glUtilsParamSize: unknow param 0x00008cdf
07-03 15:12:25.831  5696  5738 E eglCodecCommon: glUtilsParamSize: unknow param 0x00008824
07-03 15:12:25.843  5696  5738 D EGL_emulation: eglMakeCurrent: 0xad0fb1e0: ver 3 0 (tinfo 0xaa30f300)
07-03 15:12:25.891  5696  5738 D EGL_emulation: eglMakeCurrent: 0xad0fb1e0: ver 3 0 (tinfo 0xaa30f300)
07-03 15:12:25.920  5696  5738 D EGL_emulation: eglMakeCurrent: 0xad0fb1e0: ver 3 0 (tinfo 0xaa30f300)
07-03 15:12:26.012  5696  5738 D EGL_emulation: eglMakeCurrent: 0xad0fb1e0: ver 3 0 (tinfo 0xaa30f300)
07-03 15:12:26.060  1916  1935 I ActivityManager: Displayed de.koelle.christian.trickytripper/.TrickyTripperActivity: +954ms
07-03 15:12:26.065  5696  5738 D EGL_emulation: eglMakeCurrent: 0xad0fb1e0: ver 3 0 (tinfo 0xaa30f300)
07-03 15:12:26.071  5696  5738 D EGL_emulation: eglMakeCurrent: 0xad0fb1e0: ver 3 0 (tinfo 0xaa30f300)
07-03 15:12:26.299  5696  5743 D         : HostConnection::get() New Host Connection established 0xa9e60d40, tid 5743
07-03 15:12:26.301  5696  5743 D EGL_emulation: eglCreateContext: 0xae395c20: maj 3 min 0 rcv 3
07-03 15:12:26.302  5696  5743 D EGL_emulation: eglMakeCurrent: 0xae395c20: ver 3 0 (tinfo 0xa023e3f0)
07-03 15:12:26.302  5696  5743 E eglCodecCommon: glUtilsParamSize: unknow param 0x00008cdf
07-03 15:12:26.302  5696  5743 E eglCodecCommon: glUtilsParamSize: unknow param 0x00008824
07-03 15:12:26.310  5696  5743 E eglCodecCommon: glUtilsParamSize: unknow param 0x00008073
07-03 15:12:26.329  5696  5743 D EGL_emulation: eglCreateContext: 0xae395d40: maj 3 min 0 rcv 3
07-03 15:12:26.329  5696  5743 D EGL_emulation: eglMakeCurrent: 0xae395d40: ver 3 0 (tinfo 0xa023e3f0)
07-03 15:12:26.329  5696  5743 E eglCodecCommon: glUtilsParamSize: unknow param 0x00008cdf
07-03 15:12:26.330  5696  5743 E eglCodecCommon: glUtilsParamSize: unknow param 0x00008824
07-03 15:12:26.347  5696  5696 W BindingManager: Cannot call determinedVisibility() - never saw a connection for the pid: 5696
07-03 15:12:26.505  5696  5738 E Surface : getSlotFromBufferLocked: unknown buffer: 0x9fbaa820
07-03 15:12:26.515  5696  5738 D EGL_emulation: eglMakeCurrent: 0xad0fb1e0: ver 3 0 (tinfo 0xaa30f300)
07-03 15:12:26.519  5696  5743 D EGL_emulation: eglMakeCurrent: 0xae395c20: ver 3 0 (tinfo 0xa023e3f0)
07-03 15:12:26.523  5696  5743 D EGL_emulation: eglMakeCurrent: 0xae395d40: ver 3 0 (tinfo 0xa023e3f0)
07-03 15:12:26.531  5696  5738 E eglCodecCommon: glUtilsParamSize: unknow param 0x000085b5
07-03 15:12:26.537  5696  5738 E eglCodecCommon: glUtilsParamSize: unknow param 0x00008073
07-03 15:12:26.605  5696  5743 D EGL_emulation: eglMakeCurrent: 0xae395c20: ver 3 0 (tinfo 0xa023e3f0)
07-03 15:12:26.615  5696  5738 E eglCodecCommon: glUtilsParamSize: unknow param 0x000085b5
07-03 15:12:26.635  5696  5738 E eglCodecCommon: glUtilsParamSize: unknow param 0x000085b5
07-03 15:12:26.650  5696  5738 E eglCodecCommon: glUtilsParamSize: unknow param 0x000085b5
07-03 15:12:26.659  5696  5738 E eglCodecCommon: glUtilsParamSize: unknow param 0x000085b5
07-03 15:12:26.668  5696  5738 E eglCodecCommon: glUtilsParamSize: unknow param 0x000085b5
07-03 15:12:26.684  5696  5738 E eglCodecCommon: glUtilsParamSize: unknow param 0x000085b5
07-03 15:12:26.701  5696  5738 E eglCodecCommon: glUtilsParamSize: unknow param 0x000085b5
07-03 15:12:26.721  5696  5738 E eglCodecCommon: glUtilsParamSize: unknow param 0x000085b5
07-03 15:12:26.743  5696  5738 E eglCodecCommon: glUtilsParamSize: unknow param 0x000085b5
07-03 15:12:26.755  5696  5738 E eglCodecCommon: glUtilsParamSize: unknow param 0x000085b5
07-03 15:12:26.772  5696  5738 E eglCodecCommon: glUtilsParamSize: unknow param 0x000085b5
07-03 15:12:26.790  5696  5738 E eglCodecCommon: glUtilsParamSize: unknow param 0x000085b5
07-03 15:12:26.808  5696  5738 E eglCodecCommon: glUtilsParamSize: unknow param 0x000085b5
07-03 15:12:26.827  5696  5738 E eglCodecCommon: glUtilsParamSize: unknow param 0x000085b5
07-03 15:12:26.844  5696  5738 E eglCodecCommon: glUtilsParamSize: unknow param 0x000085b5
07-03 15:12:26.861  5696  5738 E eglCodecCommon: glUtilsParamSize: unknow param 0x000085b5
07-03 15:12:26.878  5696  5738 E eglCodecCommon: glUtilsParamSize: unknow param 0x000085b5
07-03 15:12:26.898  5696  5738 E eglCodecCommon: glUtilsParamSize: unknow param 0x000085b5
07-03 15:12:26.916  5696  5738 E eglCodecCommon: glUtilsParamSize: unknow param 0x000085b5
07-03 15:12:26.937  5696  5738 E eglCodecCommon: glUtilsParamSize: unknow param 0x000085b5
07-03 15:12:26.952  5696  5738 E eglCodecCommon: glUtilsParamSize: unknow param 0x000085b5
07-03 15:12:26.969  5696  5738 E eglCodecCommon: glUtilsParamSize: unknow param 0x000085b5
07-03 15:12:26.990  5696  5738 E eglCodecCommon: glUtilsParamSize: unknow param 0x000085b5
07-03 15:12:27.007  5696  5738 E eglCodecCommon: glUtilsParamSize: unknow param 0x000085b5
07-03 15:12:27.025  5696  5738 E eglCodecCommon: glUtilsParamSize: unknow param 0x000085b5
07-03 15:12:27.044  5696  5738 E eglCodecCommon: glUtilsParamSize: unknow param 0x000085b5
07-03 15:12:27.061  5696  5738 E eglCodecCommon: glUtilsParamSize: unknow param 0x000085b5
07-03 15:12:27.079  5696  5738 E eglCodecCommon: glUtilsParamSize: unknow param 0x000085b5
07-03 15:12:27.098  5696  5738 E eglCodecCommon: glUtilsParamSize: unknow param 0x000085b5
07-03 15:12:27.115  5696  5738 E eglCodecCommon: glUtilsParamSize: unknow param 0x000085b5
07-03 15:12:27.133  5696  5738 E eglCodecCommon: glUtilsParamSize: unknow param 0x000085b5
07-03 15:12:27.151  5696  5738 E eglCodecCommon: glUtilsParamSize: unknow param 0x000085b5
07-03 15:12:27.173  5696  5738 E eglCodecCommon: glUtilsParamSize: unknow param 0x000085b5
07-03 15:12:27.190  5696  5738 E eglCodecCommon: glUtilsParamSize: unknow param 0x000085b5
07-03 15:12:27.207  5696  5738 E eglCodecCommon: glUtilsParamSize: unknow param 0x000085b5
07-03 15:12:27.224  5696  5738 E eglCodecCommon: glUtilsParamSize: unknow param 0x000085b5
07-03 15:12:27.241  5696  5738 E eglCodecCommon: glUtilsParamSize: unknow param 0x000085b5
07-03 15:12:27.259  5696  5738 E eglCodecCommon: glUtilsParamSize: unknow param 0x000085b5
07-03 15:12:27.276  5696  5738 E eglCodecCommon: glUtilsParamSize: unknow param 0x000085b5
07-03 15:12:27.295  5696  5738 E eglCodecCommon: glUtilsParamSize: unknow param 0x000085b5
07-03 15:12:27.313  5696  5738 E eglCodecCommon: glUtilsParamSize: unknow param 0x000085b5
07-03 15:12:27.331  5696  5738 E eglCodecCommon: glUtilsParamSize: unknow param 0x000085b5
07-03 15:12:27.350  5696  5738 E eglCodecCommon: glUtilsParamSize: unknow param 0x000085b5
07-03 15:12:27.365  5696  5738 E eglCodecCommon: glUtilsParamSize: unknow param 0x000085b5
07-03 15:12:27.383  5696  5738 E eglCodecCommon: glUtilsParamSize: unknow param 0x000085b5
07-03 15:12:27.402  5696  5738 E eglCodecCommon: glUtilsParamSize: unknow param 0x000085b5
07-03 15:12:27.418  5696  5738 E eglCodecCommon: glUtilsParamSize: unknow param 0x000085b5
07-03 15:12:27.437  5696  5738 E eglCodecCommon: glUtilsParamSize: unknow param 0x000085b5
07-03 15:12:27.454  5696  5738 E eglCodecCommon: glUtilsParamSize: unknow param 0x000085b5
07-03 15:12:27.472  5696  5738 E eglCodecCommon: glUtilsParamSize: unknow param 0x000085b5
07-03 15:12:27.489  5696  5738 E eglCodecCommon: glUtilsParamSize: unknow param 0x000085b5
07-03 15:12:27.507  5696  5738 E eglCodecCommon: glUtilsParamSize: unknow param 0x000085b5
07-03 15:12:27.524  5696  5738 E eglCodecCommon: glUtilsParamSize: unknow param 0x000085b5
07-03 15:12:27.541  5696  5738 E eglCodecCommon: glUtilsParamSize: unknow param 0x000085b5
07-03 15:12:27.559  5696  5738 E eglCodecCommon: glUtilsParamSize: unknow param 0x000085b5
07-03 15:12:27.577  5696  5738 E eglCodecCommon: glUtilsParamSize: unknow param 0x000085b5
07-03 15:12:27.594  5696  5738 E eglCodecCommon: glUtilsParamSize: unknow param 0x000085b5
07-03 15:12:27.613  5696  5738 E eglCodecCommon: glUtilsParamSize: unknow param 0x000085b5
07-03 15:12:27.631  5696  5738 E eglCodecCommon: glUtilsParamSize: unknow param 0x000085b5
07-03 15:12:27.647  5696  5738 E eglCodecCommon: glUtilsParamSize: unknow param 0x000085b5
07-03 15:12:27.667  5696  5738 E eglCodecCommon: glUtilsParamSize: unknow param 0x000085b5
07-03 15:12:27.682  5696  5738 E eglCodecCommon: glUtilsParamSize: unknow param 0x000085b5
07-03 15:12:27.700  5696  5738 E eglCodecCommon: glUtilsParamSize: unknow param 0x000085b5
07-03 15:12:29.531  2716  5138 E WakeLock: GCM_HB_ALARM release without a matched acquire!
07-03 15:12:40.319  5748  5748 D AndroidRuntime: >>>>>> START com.android.internal.os.RuntimeInit uid 0 <<<<<<
07-03 15:12:40.321  5748  5748 D AndroidRuntime: CheckJNI is ON
07-03 15:12:40.331  5748  5748 D ICU     : No timezone override file found: /data/misc/zoneinfo/current/icu/icu_tzdata.dat
07-03 15:12:40.347  5748  5748 E memtrack: Couldn't load memtrack module (No such file or directory)
07-03 15:12:40.347  5748  5748 E android.os.Debug: failed to load memtrack module: -2
07-03 15:12:40.348  5748  5748 I Radio-JNI: register_android_hardware_Radio DONE
07-03 15:12:40.354  5748  5748 D AndroidRuntime: Calling main entry com.android.commands.content.Content
07-03 15:12:40.364  5748  5748 D AndroidRuntime: Shutting down VM
07-03 15:12:40.411  1293  1331 D hwcomposer: hw_composer sent 241 syncs in 68s
07-03 15:12:40.706  5758  5758 D AndroidRuntime: >>>>>> START com.android.internal.os.RuntimeInit uid 0 <<<<<<
07-03 15:12:40.708  5758  5758 D AndroidRuntime: CheckJNI is ON
07-03 15:12:40.718  5758  5758 D ICU     : No timezone override file found: /data/misc/zoneinfo/current/icu/icu_tzdata.dat
07-03 15:12:40.733  5758  5758 E memtrack: Couldn't load memtrack module (No such file or directory)
07-03 15:12:40.733  5758  5758 E android.os.Debug: failed to load memtrack module: -2
07-03 15:12:40.734  5758  5758 I Radio-JNI: register_android_hardware_Radio DONE
07-03 15:12:40.740  5758  5758 D AndroidRuntime: Calling main entry com.android.commands.content.Content
07-03 15:12:40.745  5758  5758 D AndroidRuntime: Shutting down VM
07-03 15:12:41.829  5781  5781 D AndroidRuntime: >>>>>> START com.android.internal.os.RuntimeInit uid 0 <<<<<<
07-03 15:12:41.831  5781  5781 D AndroidRuntime: CheckJNI is ON
07-03 15:12:41.841  5781  5781 D ICU     : No timezone override file found: /data/misc/zoneinfo/current/icu/icu_tzdata.dat
07-03 15:12:41.862  5781  5781 E memtrack: Couldn't load memtrack module (No such file or directory)
07-03 15:12:41.862  5781  5781 E android.os.Debug: failed to load memtrack module: -2
07-03 15:12:41.863  5781  5781 I Radio-JNI: register_android_hardware_Radio DONE
07-03 15:12:41.870  5781  5781 D AndroidRuntime: Calling main entry com.android.commands.uiautomator.Launcher
07-03 15:12:42.913  5781  5781 W AccessibilityNodeInfoDumper: Fetch time: 5ms
07-03 15:12:42.914  1916  3233 W WindowManager: Attempted to remove non-existing token: android.os.Binder@ef8a84b
07-03 15:12:42.932  5781  5781 D AndroidRuntime: Shutting down VM
07-03 15:12:43.435  5797  5797 D AndroidRuntime: >>>>>> START com.android.internal.os.RuntimeInit uid 0 <<<<<<
07-03 15:12:43.436  5797  5797 D AndroidRuntime: CheckJNI is ON
07-03 15:12:43.444  5797  5797 D ICU     : No timezone override file found: /data/misc/zoneinfo/current/icu/icu_tzdata.dat
07-03 15:12:43.462  5797  5797 E memtrack: Couldn't load memtrack module (No such file or directory)
07-03 15:12:43.462  5797  5797 E android.os.Debug: failed to load memtrack module: -2
07-03 15:12:43.463  5797  5797 I Radio-JNI: register_android_hardware_Radio DONE
07-03 15:12:43.469  5797  5797 D AndroidRuntime: Calling main entry com.android.commands.uiautomator.Launcher
07-03 15:12:44.577  5797  5797 W AccessibilityNodeInfoDumper: Fetch time: 76ms
07-03 15:12:44.577  1916  2053 W WindowManager: Attempted to remove non-existing token: android.os.Binder@828b228
07-03 15:12:44.601  5797  5797 D AndroidRuntime: Shutting down VM
07-03 15:12:45.718  5820  5820 D AndroidRuntime: >>>>>> START com.android.internal.os.RuntimeInit uid 0 <<<<<<
07-03 15:12:45.720  5820  5820 D AndroidRuntime: CheckJNI is ON
07-03 15:12:45.735  5820  5820 D ICU     : No timezone override file found: /data/misc/zoneinfo/current/icu/icu_tzdata.dat
07-03 15:12:45.763  5820  5820 E memtrack: Couldn't load memtrack module (No such file or directory)
07-03 15:12:45.763  5820  5820 E android.os.Debug: failed to load memtrack module: -2
07-03 15:12:45.765  5820  5820 I Radio-JNI: register_android_hardware_Radio DONE
07-03 15:12:45.778  5820  5820 D AndroidRuntime: Calling main entry com.android.commands.uiautomator.Launcher
07-03 15:12:46.883  5820  5820 W AccessibilityNodeInfoDumper: Fetch time: 70ms
07-03 15:12:46.884  1916  2149 W WindowManager: Attempted to remove non-existing token: android.os.Binder@28c3b41
07-03 15:12:46.903  5820  5820 D AndroidRuntime: Shutting down VM
07-03 15:12:48.016  5848  5848 D AndroidRuntime: >>>>>> START com.android.internal.os.RuntimeInit uid 0 <<<<<<
07-03 15:12:48.017  5848  5848 D AndroidRuntime: CheckJNI is ON
07-03 15:12:48.026  5848  5848 D ICU     : No timezone override file found: /data/misc/zoneinfo/current/icu/icu_tzdata.dat
07-03 15:12:48.046  5848  5848 E memtrack: Couldn't load memtrack module (No such file or directory)
07-03 15:12:48.046  5848  5848 E android.os.Debug: failed to load memtrack module: -2
07-03 15:12:48.047  5848  5848 I Radio-JNI: register_android_hardware_Radio DONE
07-03 15:12:48.053  5848  5848 D AndroidRuntime: Calling main entry com.android.commands.uiautomator.Launcher
07-03 15:12:49.154  5848  5848 W AccessibilityNodeInfoDumper: Fetch time: 68ms
07-03 15:12:49.155  1916  3051 W WindowManager: Attempted to remove non-existing token: android.os.Binder@50938e6
07-03 15:12:49.172  5848  5848 D AndroidRuntime: Shutting down VM
07-03 15:12:49.623  5866  5866 D AndroidRuntime: >>>>>> START com.android.internal.os.RuntimeInit uid 0 <<<<<<
07-03 15:12:49.624  5866  5866 D AndroidRuntime: CheckJNI is ON
07-03 15:12:49.632  5866  5866 D ICU     : No timezone override file found: /data/misc/zoneinfo/current/icu/icu_tzdata.dat
07-03 15:12:49.647  5866  5866 E memtrack: Couldn't load memtrack module (No such file or directory)
07-03 15:12:49.647  5866  5866 E android.os.Debug: failed to load memtrack module: -2
07-03 15:12:49.648  5866  5866 I Radio-JNI: register_android_hardware_Radio DONE
07-03 15:12:49.654  5866  5866 D AndroidRuntime: Calling main entry com.android.commands.uiautomator.Launcher
07-03 15:12:50.756  5866  5866 W AccessibilityNodeInfoDumper: Fetch time: 69ms
07-03 15:12:50.757  1916  2149 W WindowManager: Attempted to remove non-existing token: android.os.Binder@e6ac8d4
07-03 15:12:50.776  5866  5866 D AndroidRuntime: Shutting down VM
07-03 15:12:51.069  1293  1328 E SurfaceFlinger: ro.sf.lcd_density must be defined as a build property
07-03 15:12:51.071  1293  1341 D gralloc_ranchu: gralloc_alloc: Creating ashmem region of size 8294400
07-03 15:12:51.082  5877  5877 D         : HostConnection::get() New Host Connection established 0xb660d300, tid 5877
07-03 15:12:51.334  5882  5882 D AndroidRuntime: >>>>>> START com.android.internal.os.RuntimeInit uid 0 <<<<<<
07-03 15:12:51.335  5882  5882 D AndroidRuntime: CheckJNI is ON
07-03 15:12:51.343  5882  5882 D ICU     : No timezone override file found: /data/misc/zoneinfo/current/icu/icu_tzdata.dat
07-03 15:12:51.362  5882  5882 E memtrack: Couldn't load memtrack module (No such file or directory)
07-03 15:12:51.362  5882  5882 E android.os.Debug: failed to load memtrack module: -2
07-03 15:12:51.363  5882  5882 I Radio-JNI: register_android_hardware_Radio DONE
07-03 15:12:51.368  5882  5882 D AndroidRuntime: Calling main entry com.android.commands.am.Am
07-03 15:12:51.394 11257 11257 D MediaScannerReceiver: action: android.intent.action.MEDIA_SCANNER_SCAN_FILE path: /storage/emulated/0/screen.png
07-03 15:12:51.397  5882  5882 D AndroidRuntime: Shutting down VM
07-03 15:12:51.620  2716 18254 I NetworkScheduler.Stats: Task com.google.android.gms/com.google.android.gms.ipa.base.IpaGcmTaskService started execution. cause:9 exec_start_elapsed_seconds: 109640 [CONTEXT service_id=218 ]
07-03 15:12:51.626  2716  5752 I NetworkScheduler.Stats: Task com.google.android.gms/com.google.android.gms.ipa.base.IpaGcmTaskService finished executing. cause:9 result: 1 elapsed_millis: 31 uptime_millis: 31 exec_start_elapsed_seconds: 109640 [CONTEXT service_id=218 ]
07-03 15:12:53.790  5894  5894 D AndroidRuntime: >>>>>> START com.android.internal.os.RuntimeInit uid 0 <<<<<<
07-03 15:12:53.791  5894  5894 D AndroidRuntime: CheckJNI is ON
07-03 15:12:53.799  5894  5894 D ICU     : No timezone override file found: /data/misc/zoneinfo/current/icu/icu_tzdata.dat
07-03 15:12:53.816  5894  5894 E memtrack: Couldn't load memtrack module (No such file or directory)
07-03 15:12:53.816  5894  5894 E android.os.Debug: failed to load memtrack module: -2
07-03 15:12:53.817  5894  5894 I Radio-JNI: register_android_hardware_Radio DONE
07-03 15:12:53.822  5894  5894 D AndroidRuntime: Calling main entry com.android.commands.uiautomator.Launcher
07-03 15:12:54.923  5894  5894 W AccessibilityNodeInfoDumper: Fetch time: 68ms
07-03 15:12:54.923  1916  3249 W WindowManager: Attempted to remove non-existing token: android.os.Binder@eec1179
07-03 15:12:54.941  5894  5894 D AndroidRuntime: Shutting down VM
07-03 15:12:57.353  5909  5909 D AndroidRuntime: >>>>>> START com.android.internal.os.RuntimeInit uid 0 <<<<<<
07-03 15:12:57.354  5909  5909 D AndroidRuntime: CheckJNI is ON
07-03 15:12:57.362  5909  5909 D ICU     : No timezone override file found: /data/misc/zoneinfo/current/icu/icu_tzdata.dat
07-03 15:12:57.377  5909  5909 E memtrack: Couldn't load memtrack module (No such file or directory)
07-03 15:12:57.377  5909  5909 E android.os.Debug: failed to load memtrack module: -2
07-03 15:12:57.378  5909  5909 I Radio-JNI: register_android_hardware_Radio DONE
07-03 15:12:57.384  5909  5909 D AndroidRuntime: Calling main entry com.android.commands.uiautomator.Launcher
07-03 15:12:58.509  5909  5909 W AccessibilityNodeInfoDumper: Fetch time: 90ms
07-03 15:12:58.510  1916  2152 W WindowManager: Attempted to remove non-existing token: android.os.Binder@46c7ebe
07-03 15:12:58.536  5909  5909 D AndroidRuntime: Shutting down VM
07-03 15:12:58.977  5924  5924 D AndroidRuntime: >>>>>> START com.android.internal.os.RuntimeInit uid 0 <<<<<<
07-03 15:12:58.979  5924  5924 D AndroidRuntime: CheckJNI is ON
07-03 15:12:58.990  5924  5924 D ICU     : No timezone override file found: /data/misc/zoneinfo/current/icu/icu_tzdata.dat
07-03 15:12:59.009  5924  5924 E memtrack: Couldn't load memtrack module (No such file or directory)
07-03 15:12:59.009  5924  5924 E android.os.Debug: failed to load memtrack module: -2
07-03 15:12:59.010  5924  5924 I Radio-JNI: register_android_hardware_Radio DONE
07-03 15:12:59.017  5924  5924 D AndroidRuntime: Calling main entry com.android.commands.uiautomator.Launcher
07-03 15:13:00.120  5924  5924 W AccessibilityNodeInfoDumper: Fetch time: 69ms
07-03 15:13:00.121  1916  3233 W WindowManager: Attempted to remove non-existing token: android.os.Binder@5c40b1f
07-03 15:13:00.140  5924  5924 D AndroidRuntime: Shutting down VM
07-03 15:13:00.581  5939  5939 D AndroidRuntime: >>>>>> START com.android.internal.os.RuntimeInit uid 0 <<<<<<
07-03 15:13:00.582  5939  5939 D AndroidRuntime: CheckJNI is ON
07-03 15:13:00.591  5939  5939 D ICU     : No timezone override file found: /data/misc/zoneinfo/current/icu/icu_tzdata.dat
07-03 15:13:00.607  5939  5939 E memtrack: Couldn't load memtrack module (No such file or directory)
07-03 15:13:00.607  5939  5939 E android.os.Debug: failed to load memtrack module: -2
07-03 15:13:00.608  5939  5939 I Radio-JNI: register_android_hardware_Radio DONE
07-03 15:13:00.614  5939  5939 D AndroidRuntime: Calling main entry com.android.commands.uiautomator.Launcher
07-03 15:13:01.710  5939  5939 W AccessibilityNodeInfoDumper: Fetch time: 69ms
07-03 15:13:01.710  1916  2151 W WindowManager: Attempted to remove non-existing token: android.os.Binder@8d65e6c
07-03 15:13:01.730  5939  5939 D AndroidRuntime: Shutting down VM
07-03 15:13:02.177  5956  5956 D AndroidRuntime: >>>>>> START com.android.internal.os.RuntimeInit uid 0 <<<<<<
07-03 15:13:02.178  5956  5956 D AndroidRuntime: CheckJNI is ON
07-03 15:13:02.187  5956  5956 D ICU     : No timezone override file found: /data/misc/zoneinfo/current/icu/icu_tzdata.dat
07-03 15:13:02.203  5956  5956 E memtrack: Couldn't load memtrack module (No such file or directory)
07-03 15:13:02.203  5956  5956 E android.os.Debug: failed to load memtrack module: -2
07-03 15:13:02.204  5956  5956 I Radio-JNI: register_android_hardware_Radio DONE
07-03 15:13:02.210  5956  5956 D AndroidRuntime: Calling main entry com.android.commands.uiautomator.Launcher
07-03 15:13:03.332  5956  5956 W AccessibilityNodeInfoDumper: Fetch time: 91ms
07-03 15:13:03.333  1916  3051 W WindowManager: Attempted to remove non-existing token: android.os.Binder@7934c35
07-03 15:13:03.353  5956  5956 D AndroidRuntime: Shutting down VM
07-03 15:13:03.725  5967  5967 D AndroidRuntime: >>>>>> START com.android.internal.os.RuntimeInit uid 0 <<<<<<
07-03 15:13:03.726  5967  5967 D AndroidRuntime: CheckJNI is ON
07-03 15:13:03.735  5967  5967 D ICU     : No timezone override file found: /data/misc/zoneinfo/current/icu/icu_tzdata.dat
07-03 15:13:03.751  5967  5967 E memtrack: Couldn't load memtrack module (No such file or directory)
07-03 15:13:03.751  5967  5967 E android.os.Debug: failed to load memtrack module: -2
07-03 15:13:03.751  5967  5967 I Radio-JNI: register_android_hardware_Radio DONE
07-03 15:13:03.757  5967  5967 D AndroidRuntime: Calling main entry com.android.commands.input.Input
07-03 15:13:03.764  5967  5967 I Input   : injectMotionEvent: MotionEvent { action=ACTION_DOWN, actionButton=0, id[0]=0, x[0]=540.0, y[0]=303.0, toolType[0]=TOOL_TYPE_UNKNOWN, buttonState=0, metaState=0, flags=0x0, edgeFlags=0x0, pointerCount=1, historySize=0, eventTime=109652182, downTime=109652182, deviceId=0, source=0x1002 }
07-03 15:13:03.779  5967  5967 I Input   : injectMotionEvent: MotionEvent { action=ACTION_UP, actionButton=0, id[0]=0, x[0]=540.0, y[0]=303.0, toolType[0]=TOOL_TYPE_UNKNOWN, buttonState=0, metaState=0, flags=0x0, edgeFlags=0x0, pointerCount=1, historySize=0, eventTime=109652182, downTime=109652182, deviceId=0, source=0x1002 }
07-03 15:13:03.784  5967  5967 D AndroidRuntime: Shutting down VM
07-03 15:13:07.785  5989  5989 D AndroidRuntime: >>>>>> START com.android.internal.os.RuntimeInit uid 0 <<<<<<
07-03 15:13:07.786  5989  5989 D AndroidRuntime: CheckJNI is ON
07-03 15:13:07.793  5989  5989 D ICU     : No timezone override file found: /data/misc/zoneinfo/current/icu/icu_tzdata.dat
07-03 15:13:07.811  5989  5989 E memtrack: Couldn't load memtrack module (No such file or directory)
07-03 15:13:07.811  5989  5989 E android.os.Debug: failed to load memtrack module: -2
07-03 15:13:07.812  5989  5989 I Radio-JNI: register_android_hardware_Radio DONE
07-03 15:13:07.817  5989  5989 D AndroidRuntime: Calling main entry com.android.commands.uiautomator.Launcher
07-03 15:13:08.932  5989  5989 W AccessibilityNodeInfoDumper: Fetch time: 85ms
07-03 15:13:08.933  1916  3051 W WindowManager: Attempted to remove non-existing token: android.os.Binder@ea83a3b
07-03 15:13:08.951  5989  5989 D AndroidRuntime: Shutting down VM
07-03 15:13:09.984  6012  6012 D AndroidRuntime: >>>>>> START com.android.internal.os.RuntimeInit uid 0 <<<<<<
07-03 15:13:09.986  6012  6012 D AndroidRuntime: CheckJNI is ON
07-03 15:13:09.994  6012  6012 D ICU     : No timezone override file found: /data/misc/zoneinfo/current/icu/icu_tzdata.dat
07-03 15:13:10.010  6012  6012 E memtrack: Couldn't load memtrack module (No such file or directory)
07-03 15:13:10.010  6012  6012 E android.os.Debug: failed to load memtrack module: -2
07-03 15:13:10.011  6012  6012 I Radio-JNI: register_android_hardware_Radio DONE
07-03 15:13:10.017  6012  6012 D AndroidRuntime: Calling main entry com.android.commands.uiautomator.Launcher
07-03 15:13:11.115  6012  6012 W AccessibilityNodeInfoDumper: Fetch time: 65ms
07-03 15:13:11.116  1916  1927 W WindowManager: Attempted to remove non-existing token: android.os.Binder@400f558
07-03 15:13:11.134  6012  6012 D AndroidRuntime: Shutting down VM
07-03 15:13:11.559  6028  6028 D AndroidRuntime: >>>>>> START com.android.internal.os.RuntimeInit uid 0 <<<<<<
07-03 15:13:11.560  6028  6028 D AndroidRuntime: CheckJNI is ON
07-03 15:13:11.569  6028  6028 D ICU     : No timezone override file found: /data/misc/zoneinfo/current/icu/icu_tzdata.dat
07-03 15:13:11.584  6028  6028 E memtrack: Couldn't load memtrack module (No such file or directory)
07-03 15:13:11.584  6028  6028 E android.os.Debug: failed to load memtrack module: -2
07-03 15:13:11.585  6028  6028 I Radio-JNI: register_android_hardware_Radio DONE
07-03 15:13:11.591  6028  6028 D AndroidRuntime: Calling main entry com.android.commands.uiautomator.Launcher
07-03 15:13:12.689  6028  6028 W AccessibilityNodeInfoDumper: Fetch time: 66ms
07-03 15:13:12.689  1916  2149 W WindowManager: Attempted to remove non-existing token: android.os.Binder@93976b1
07-03 15:13:12.707  6028  6028 D AndroidRuntime: Shutting down VM
07-03 15:13:13.743  6051  6051 D AndroidRuntime: >>>>>> START com.android.internal.os.RuntimeInit uid 0 <<<<<<
07-03 15:13:13.744  6051  6051 D AndroidRuntime: CheckJNI is ON
07-03 15:13:13.755  6051  6051 D ICU     : No timezone override file found: /data/misc/zoneinfo/current/icu/icu_tzdata.dat
07-03 15:13:13.772  6051  6051 E memtrack: Couldn't load memtrack module (No such file or directory)
07-03 15:13:13.772  6051  6051 E android.os.Debug: failed to load memtrack module: -2
07-03 15:13:13.773  6051  6051 I Radio-JNI: register_android_hardware_Radio DONE
07-03 15:13:13.778  6051  6051 D AndroidRuntime: Calling main entry com.android.commands.uiautomator.Launcher
07-03 15:13:14.875  6051  6051 W AccessibilityNodeInfoDumper: Fetch time: 68ms
07-03 15:13:14.876  1916  2077 W WindowManager: Attempted to remove non-existing token: android.os.Binder@d87a796
07-03 15:13:14.893  6051  6051 D AndroidRuntime: Shutting down VM
07-03 15:13:15.974  6079  6079 D AndroidRuntime: >>>>>> START com.android.internal.os.RuntimeInit uid 0 <<<<<<
07-03 15:13:15.975  6079  6079 D AndroidRuntime: CheckJNI is ON
07-03 15:13:15.984  6079  6079 D ICU     : No timezone override file found: /data/misc/zoneinfo/current/icu/icu_tzdata.dat
07-03 15:13:16.000  6079  6079 E memtrack: Couldn't load memtrack module (No such file or directory)
07-03 15:13:16.000  6079  6079 E android.os.Debug: failed to load memtrack module: -2
07-03 15:13:16.001  6079  6079 I Radio-JNI: register_android_hardware_Radio DONE
07-03 15:13:16.007  6079  6079 D AndroidRuntime: Calling main entry com.android.commands.uiautomator.Launcher
07-03 15:13:17.116  6079  6079 W AccessibilityNodeInfoDumper: Fetch time: 81ms
07-03 15:13:17.117  1916  3051 W WindowManager: Attempted to remove non-existing token: android.os.Binder@bd63f17
07-03 15:13:17.137  6079  6079 D AndroidRuntime: Shutting down VM
07-03 15:13:17.912  1293  1330 E SurfaceFlinger: ro.sf.lcd_density must be defined as a build property
07-03 15:13:17.914  1293  1328 D gralloc_ranchu: gralloc_alloc: Creating ashmem region of size 8294400
07-03 15:13:17.920  6093  6093 D         : HostConnection::get() New Host Connection established 0xb658d300, tid 6093
07-03 15:13:18.174  6098  6098 D AndroidRuntime: >>>>>> START com.android.internal.os.RuntimeInit uid 0 <<<<<<
07-03 15:13:18.175  6098  6098 D AndroidRuntime: CheckJNI is ON
07-03 15:13:18.186  6098  6098 D ICU     : No timezone override file found: /data/misc/zoneinfo/current/icu/icu_tzdata.dat
07-03 15:13:18.203  6098  6098 E memtrack: Couldn't load memtrack module (No such file or directory)
07-03 15:13:18.203  6098  6098 E android.os.Debug: failed to load memtrack module: -2
07-03 15:13:18.204  6098  6098 I Radio-JNI: register_android_hardware_Radio DONE
07-03 15:13:18.211  6098  6098 D AndroidRuntime: Calling main entry com.android.commands.am.Am
07-03 15:13:18.219 11257 11257 D MediaScannerReceiver: action: android.intent.action.MEDIA_SCANNER_SCAN_FILE path: /storage/emulated/0/screen.png
07-03 15:13:18.223  6098  6098 D AndroidRuntime: Shutting down VM
07-03 15:13:18.429  2716  5752 I NetworkScheduler.Stats: Task com.google.android.gms/com.google.android.gms.ipa.base.IpaGcmTaskService started execution. cause:9 exec_start_elapsed_seconds: 109666 [CONTEXT service_id=218 ]
07-03 15:13:18.439  2716  1114 I NetworkScheduler.Stats: Task com.google.android.gms/com.google.android.gms.ipa.base.IpaGcmTaskService finished executing. cause:9 result: 1 elapsed_millis: 29 uptime_millis: 29 exec_start_elapsed_seconds: 109666 [CONTEXT service_id=218 ]
07-03 15:13:20.963  6110  6110 D AndroidRuntime: >>>>>> START com.android.internal.os.RuntimeInit uid 0 <<<<<<
07-03 15:13:20.964  6110  6110 D AndroidRuntime: CheckJNI is ON
07-03 15:13:20.972  6110  6110 D ICU     : No timezone override file found: /data/misc/zoneinfo/current/icu/icu_tzdata.dat
07-03 15:13:20.988  6110  6110 E memtrack: Couldn't load memtrack module (No such file or directory)
07-03 15:13:20.988  6110  6110 E android.os.Debug: failed to load memtrack module: -2
07-03 15:13:20.989  6110  6110 I Radio-JNI: register_android_hardware_Radio DONE
07-03 15:13:20.995  6110  6110 D AndroidRuntime: Calling main entry com.android.commands.uiautomator.Launcher
07-03 15:13:21.641  2735  6121 I GmscoreIpa: how are you::
07-03 15:13:22.089  6110  6110 W AccessibilityNodeInfoDumper: Fetch time: 64ms
07-03 15:13:22.090  1916  2148 W WindowManager: Attempted to remove non-existing token: android.os.Binder@bed1770
07-03 15:13:22.110  6110  6110 D AndroidRuntime: Shutting down VM
07-03 15:13:24.526  6127  6127 D AndroidRuntime: >>>>>> START com.android.internal.os.RuntimeInit uid 0 <<<<<<
07-03 15:13:24.527  6127  6127 D AndroidRuntime: CheckJNI is ON
07-03 15:13:24.536  6127  6127 D ICU     : No timezone override file found: /data/misc/zoneinfo/current/icu/icu_tzdata.dat
07-03 15:13:24.554  6127  6127 E memtrack: Couldn't load memtrack module (No such file or directory)
07-03 15:13:24.554  6127  6127 E android.os.Debug: failed to load memtrack module: -2
07-03 15:13:24.555  6127  6127 I Radio-JNI: register_android_hardware_Radio DONE
07-03 15:13:24.560  6127  6127 D AndroidRuntime: Calling main entry com.android.commands.uiautomator.Launcher
07-03 15:13:25.660  6127  6127 W AccessibilityNodeInfoDumper: Fetch time: 69ms
07-03 15:13:25.661  1916  2150 W WindowManager: Attempted to remove non-existing token: android.os.Binder@d14136e
07-03 15:13:25.679  6127  6127 D AndroidRuntime: Shutting down VM
07-03 15:13:26.102  6142  6142 D AndroidRuntime: >>>>>> START com.android.internal.os.RuntimeInit uid 0 <<<<<<
07-03 15:13:26.103  6142  6142 D AndroidRuntime: CheckJNI is ON
07-03 15:13:26.111  6142  6142 D ICU     : No timezone override file found: /data/misc/zoneinfo/current/icu/icu_tzdata.dat
07-03 15:13:26.127  6142  6142 E memtrack: Couldn't load memtrack module (No such file or directory)
07-03 15:13:26.127  6142  6142 E android.os.Debug: failed to load memtrack module: -2
07-03 15:13:26.128  6142  6142 I Radio-JNI: register_android_hardware_Radio DONE
07-03 15:13:26.134  6142  6142 D AndroidRuntime: Calling main entry com.android.commands.uiautomator.Launcher
07-03 15:13:27.234  6142  6142 W AccessibilityNodeInfoDumper: Fetch time: 70ms
07-03 15:13:27.235  1916  2148 W WindowManager: Attempted to remove non-existing token: android.os.Binder@c643a9c
07-03 15:13:27.253  6142  6142 D AndroidRuntime: Shutting down VM
07-03 15:13:27.672  6157  6157 D AndroidRuntime: >>>>>> START com.android.internal.os.RuntimeInit uid 0 <<<<<<
07-03 15:13:27.673  6157  6157 D AndroidRuntime: CheckJNI is ON
07-03 15:13:27.680  6157  6157 D ICU     : No timezone override file found: /data/misc/zoneinfo/current/icu/icu_tzdata.dat
07-03 15:13:27.697  6157  6157 E memtrack: Couldn't load memtrack module (No such file or directory)
07-03 15:13:27.698  6157  6157 E android.os.Debug: failed to load memtrack module: -2
07-03 15:13:27.699  6157  6157 I Radio-JNI: register_android_hardware_Radio DONE
07-03 15:13:27.705  6157  6157 D AndroidRuntime: Calling main entry com.android.commands.uiautomator.Launcher
07-03 15:13:28.811  6157  6157 W AccessibilityNodeInfoDumper: Fetch time: 70ms
07-03 15:13:28.812  1916  2053 W WindowManager: Attempted to remove non-existing token: android.os.Binder@130aca5
07-03 15:13:28.837  6157  6157 D AndroidRuntime: Shutting down VM
07-03 15:13:29.295  6174  6174 D AndroidRuntime: >>>>>> START com.android.internal.os.RuntimeInit uid 0 <<<<<<
07-03 15:13:29.297  6174  6174 D AndroidRuntime: CheckJNI is ON
07-03 15:13:29.306  6174  6174 D ICU     : No timezone override file found: /data/misc/zoneinfo/current/icu/icu_tzdata.dat
07-03 15:13:29.322  6174  6174 E memtrack: Couldn't load memtrack module (No such file or directory)
07-03 15:13:29.322  6174  6174 E android.os.Debug: failed to load memtrack module: -2
07-03 15:13:29.324  6174  6174 I Radio-JNI: register_android_hardware_Radio DONE
07-03 15:13:29.329  6174  6174 D AndroidRuntime: Calling main entry com.android.commands.uiautomator.Launcher
07-03 15:13:29.516  2716  2716 W GCM     : Heartbeat timeout, GCM connection reset -2
07-03 15:13:29.527  2716  6184 E WakeLock: GCM_HB_ALARM release without a matched acquire!
