11-09 14:11:07.543 16282 16282 D AndroidRuntime: >>>>>> START com.android.internal.os.RuntimeInit uid 2000 <<<<<<
11-09 14:11:07.576 16282 16282 W app_process: Unexpected CPU variant for X86 using defaults: x86
11-09 14:11:07.578 16282 16282 I app_process: The ClassLoaderContext is a special shared library.
11-09 14:11:07.593 16282 16282 D AndroidRuntime: Calling main entry com.android.commands.input.Input
11-09 14:11:07.597 16282 16282 I Input   : injectMotionEvent: MotionEvent { action=ACTION_DOWN, actionButton=0, id[0]=0, x[0]=1027.0, y[0]=136.0, toolType[0]=TOOL_TYPE_UNKNOWN, buttonState=0, metaState=0, flags=0x0, edgeFlags=0x0, pointerCount=1, historySize=0, eventTime=35292272, downTime=35292272, deviceId=0, source=0x1002 }
11-09 14:11:07.600 16282 16282 I Input   : injectMotionEvent: MotionEvent { action=ACTION_UP, actionButton=0, id[0]=0, x[0]=1027.0, y[0]=136.0, toolType[0]=TOOL_TYPE_UNKNOWN, buttonState=0, metaState=0, flags=0x0, edgeFlags=0x0, pointerCount=1, historySize=0, eventTime=35292272, downTime=35292272, deviceId=0, source=0x1002 }
11-09 14:11:07.603 16282 16282 D AndroidRuntime: Shutting down VM
11-09 14:11:07.627  1431  8375 W audio_hw_generic: Not supplying enough data to HAL, expected position 22058817 , only wrote 22058640
11-09 14:11:07.690  1431  8375 W audio_hw_generic: Not supplying enough data to HAL, expected position 22061681 , only wrote 22061520
11-09 14:11:07.691  1431  8375 W audio_hw_generic: Not supplying enough data to HAL, expected position 22061542 , only wrote 22061520
11-09 14:11:07.731  1439  1480 D gralloc_ranchu: gralloc_alloc: Creating ashmem region of size 1150976
11-09 14:11:07.733  1521  1579 D AudioFlinger: mixer(0xe56839c0) throttle end: throttle time(12)
11-09 14:11:07.733  1450  1472 D         : HostConnection::get() New Host Connection established 0xe85d4280, tid 1472
11-09 14:11:07.734  1439  1480 D gralloc_ranchu: gralloc_alloc: Creating ashmem region of size 1150976
11-09 14:11:07.735  1439  5111 D gralloc_ranchu: gralloc_alloc: Creating ashmem region of size 1150976
11-09 14:11:07.750 15681 15743 D EGL_emulation: eglMakeCurrent: 0xf27e5880: ver 3 0 (tinfo 0xf271b2c0)
11-09 14:11:08.012 15681 15743 I chatty  : uid=10264(de.koelle.christian.trickytripper) RenderThread identical 23 lines
11-09 14:11:09.358 15681 15743 D EGL_emulation: eglMakeCurrent: 0xf27e5880: ver 3 0 (tinfo 0xf271b2c0)
11-09 14:11:09.915  1649  1667 I WifiService: requestActivityInfo uid=1000
11-09 14:11:09.915  1649  1667 I WifiService: reportActivityInfo uid=1000
11-09 14:11:09.915  1649  1667 I WifiService: getSupportedFeatures uid=1000
11-09 14:11:10.932  1431  1431 W audio_hw_generic: Not supplying enough data to HAL, expected position 22370850 , only wrote 22217040
11-09 14:11:11.326  1751  1751 W LstmExtension: no lmDescriptor could be found for en_US/20170411
11-09 14:11:11.327  1751  1751 W LstmExtension: no lmDescriptor could be found for en_US/20170411
11-09 14:11:11.499 16310 16310 D AndroidRuntime: >>>>>> START com.android.internal.os.RuntimeInit uid 2000 <<<<<<
11-09 14:11:11.535 16310 16310 W app_process: Unexpected CPU variant for X86 using defaults: x86
11-09 14:11:11.537 16310 16310 I app_process: The ClassLoaderContext is a special shared library.
11-09 14:11:11.537 16310 16310 I app_process: The ClassLoaderContext is a special shared library.
11-09 14:11:11.550 16310 16310 D AndroidRuntime: Calling main entry com.android.commands.uiautomator.Launcher
11-09 14:11:12.570 16310 16310 W AccessibilityNodeInfoDumper: Fetch time: 3ms
11-09 14:11:12.572  1649 27081 W WindowManager: removeWindowToken: Attempted to remove non-existing token: android.os.Binder@d04a67a
11-09 14:11:12.578  1440  1456 D hwcomposer: hw_composer sent 138 syncs in 61s
11-09 14:11:12.579 16310 16310 D AndroidRuntime: Shutting down VM
11-09 14:11:13.416 16338 16338 D AndroidRuntime: >>>>>> START com.android.internal.os.RuntimeInit uid 2000 <<<<<<
11-09 14:11:13.418 16338 16338 W app_process: Could not reserve sentinel fault page
11-09 14:11:13.449 16338 16338 W app_process: Unexpected CPU variant for X86 using defaults: x86
11-09 14:11:13.451 16338 16338 I app_process: The ClassLoaderContext is a special shared library.
11-09 14:11:13.452 16338 16338 I app_process: The ClassLoaderContext is a special shared library.
11-09 14:11:13.464 16338 16338 D AndroidRuntime: Calling main entry com.android.commands.uiautomator.Launcher
11-09 14:11:14.480 16338 16338 W AccessibilityNodeInfoDumper: Fetch time: 2ms
11-09 14:11:14.481  1649  2575 W WindowManager: removeWindowToken: Attempted to remove non-existing token: android.os.Binder@41dc288
11-09 14:11:14.488 16338 16338 D AndroidRuntime: Shutting down VM
11-09 14:11:14.712 16357 16357 D AndroidRuntime: >>>>>> START com.android.internal.os.RuntimeInit uid 2000 <<<<<<
11-09 14:11:14.745 16357 16357 W app_process: Unexpected CPU variant for X86 using defaults: x86
11-09 14:11:14.747 16357 16357 I app_process: The ClassLoaderContext is a special shared library.
11-09 14:11:14.748 16357 16357 I app_process: The ClassLoaderContext is a special shared library.
11-09 14:11:14.760 16357 16357 D AndroidRuntime: Calling main entry com.android.commands.uiautomator.Launcher
11-09 14:11:15.775 16357 16357 W AccessibilityNodeInfoDumper: Fetch time: 4ms
11-09 14:11:15.776  1649 27081 W WindowManager: removeWindowToken: Attempted to remove non-existing token: android.os.Binder@526b046
11-09 14:11:15.781 16357 16357 D AndroidRuntime: Shutting down VM
11-09 14:11:16.637 16386 16386 D AndroidRuntime: >>>>>> START com.android.internal.os.RuntimeInit uid 2000 <<<<<<
11-09 14:11:16.671 16386 16386 W app_process: Unexpected CPU variant for X86 using defaults: x86
11-09 14:11:16.674 16386 16386 I app_process: The ClassLoaderContext is a special shared library.
11-09 14:11:16.674 16386 16386 I app_process: The ClassLoaderContext is a special shared library.
11-09 14:11:16.690 16386 16386 D AndroidRuntime: Calling main entry com.android.commands.uiautomator.Launcher
11-09 14:11:17.706 16386 16386 W AccessibilityNodeInfoDumper: Fetch time: 2ms
11-09 14:11:17.707  1649  2575 W WindowManager: removeWindowToken: Attempted to remove non-existing token: android.os.Binder@f107f34
11-09 14:11:17.712 16386 16386 D AndroidRuntime: Shutting down VM
11-09 14:11:18.612 16421 16421 D AndroidRuntime: >>>>>> START com.android.internal.os.RuntimeInit uid 2000 <<<<<<
11-09 14:11:18.615 16421 16421 W app_process: Could not reserve sentinel fault page
11-09 14:11:18.646 16421 16421 W app_process: Unexpected CPU variant for X86 using defaults: x86
11-09 14:11:18.648 16421 16421 I app_process: The ClassLoaderContext is a special shared library.
11-09 14:11:18.649 16421 16421 I app_process: The ClassLoaderContext is a special shared library.
11-09 14:11:18.663 16421 16421 D AndroidRuntime: Calling main entry com.android.commands.uiautomator.Launcher
11-09 14:11:19.683 16421 16421 W AccessibilityNodeInfoDumper: Fetch time: 3ms
11-09 14:11:19.684  1649  3840 W WindowManager: removeWindowToken: Attempted to remove non-existing token: android.os.Binder@50d8ad2
11-09 14:11:19.691 16421 16421 D AndroidRuntime: Shutting down VM
11-09 14:11:19.863  1450  1502 E SurfaceFlinger: ro.sf.lcd_density must be defined as a build property
11-09 14:11:19.869  1439  5111 D gralloc_ranchu: gralloc_alloc: Creating ashmem region of size 8298496
11-09 14:11:19.873 16438 16438 D         : HostConnection::get() New Host Connection established 0xf3c48240, tid 16438
11-09 14:11:19.889  1450  1502 D gralloc_ranchu: gralloc_unregister_buffer: exiting HostConnection (is buffer-handling thread)
11-09 14:11:19.889  1450  1502 D         : HostConnection::get() New Host Connection established 0xe80a1580, tid 1502
11-09 14:11:19.889  1450  1502 D gralloc_ranchu: gralloc_unregister_buffer: exiting HostConnection (is buffer-handling thread)
11-09 14:11:20.014  4290  4290 D MediaScannerReceiver: action: android.intent.action.MEDIA_SCANNER_SCAN_FILE path: /storage/emulated/0/screen.png
11-09 14:11:22.420 16450 16450 D AndroidRuntime: >>>>>> START com.android.internal.os.RuntimeInit uid 2000 <<<<<<
11-09 14:11:22.457 16450 16450 W app_process: Unexpected CPU variant for X86 using defaults: x86
11-09 14:11:22.459 16450 16450 I app_process: The ClassLoaderContext is a special shared library.
11-09 14:11:22.459 16450 16450 I app_process: The ClassLoaderContext is a special shared library.
11-09 14:11:22.474 16450 16450 D AndroidRuntime: Calling main entry com.android.commands.uiautomator.Launcher
11-09 14:11:23.493 16450 16450 W AccessibilityNodeInfoDumper: Fetch time: 4ms
11-09 14:11:23.494  1649  2575 W WindowManager: removeWindowToken: Attempted to remove non-existing token: android.os.Binder@115821e
11-09 14:11:23.499 16450 16450 D AndroidRuntime: Shutting down VM
11-09 14:11:25.730 16468 16468 D AndroidRuntime: >>>>>> START com.android.internal.os.RuntimeInit uid 2000 <<<<<<
11-09 14:11:25.767 16468 16468 W app_process: Unexpected CPU variant for X86 using defaults: x86
11-09 14:11:25.769 16468 16468 I app_process: The ClassLoaderContext is a special shared library.
11-09 14:11:25.770 16468 16468 I app_process: The ClassLoaderContext is a special shared library.
11-09 14:11:25.785 16468 16468 D AndroidRuntime: Calling main entry com.android.commands.uiautomator.Launcher
11-09 14:11:26.800 16468 16468 W AccessibilityNodeInfoDumper: Fetch time: 3ms
11-09 14:11:26.801  1649  1902 W WindowManager: removeWindowToken: Attempted to remove non-existing token: android.os.Binder@8f080cc
11-09 14:11:26.807 16468 16468 D AndroidRuntime: Shutting down VM
11-09 14:11:27.035 16486 16486 D AndroidRuntime: >>>>>> START com.android.internal.os.RuntimeInit uid 2000 <<<<<<
11-09 14:11:27.038 16486 16486 W app_process: Could not reserve sentinel fault page
11-09 14:11:27.069 16486 16486 W app_process: Unexpected CPU variant for X86 using defaults: x86
11-09 14:11:27.071 16486 16486 I app_process: The ClassLoaderContext is a special shared library.
11-09 14:11:27.071 16486 16486 I app_process: The ClassLoaderContext is a special shared library.
11-09 14:11:27.086 16486 16486 D AndroidRuntime: Calling main entry com.android.commands.uiautomator.Launcher
11-09 14:11:28.102 16486 16486 W AccessibilityNodeInfoDumper: Fetch time: 2ms
11-09 14:11:28.103  1649 27081 W WindowManager: removeWindowToken: Attempted to remove non-existing token: android.os.Binder@513a22a
11-09 14:11:28.110 16486 16486 D AndroidRuntime: Shutting down VM
11-09 14:11:28.352 16504 16504 D AndroidRuntime: >>>>>> START com.android.internal.os.RuntimeInit uid 2000 <<<<<<
11-09 14:11:28.386 16504 16504 W app_process: Unexpected CPU variant for X86 using defaults: x86
11-09 14:11:28.387 16504 16504 I app_process: The ClassLoaderContext is a special shared library.
11-09 14:11:28.388 16504 16504 I app_process: The ClassLoaderContext is a special shared library.
11-09 14:11:28.403 16504 16504 D AndroidRuntime: Calling main entry com.android.commands.uiautomator.Launcher
11-09 14:11:29.425 16504 16504 W AccessibilityNodeInfoDumper: Fetch time: 4ms
11-09 14:11:29.425  1649  2575 W WindowManager: removeWindowToken: Attempted to remove non-existing token: android.os.Binder@b0addb8
11-09 14:11:29.431 16504 16504 D AndroidRuntime: Shutting down VM
11-09 14:11:29.660 16522 16522 D AndroidRuntime: >>>>>> START com.android.internal.os.RuntimeInit uid 2000 <<<<<<
11-09 14:11:29.662 16522 16522 W app_process: Could not reserve sentinel fault page
11-09 14:11:29.697 16522 16522 W app_process: Unexpected CPU variant for X86 using defaults: x86
11-09 14:11:29.698 16522 16522 I app_process: The ClassLoaderContext is a special shared library.
11-09 14:11:29.699 16522 16522 I app_process: The ClassLoaderContext is a special shared library.
11-09 14:11:29.711 16522 16522 D AndroidRuntime: Calling main entry com.android.commands.uiautomator.Launcher
11-09 14:11:30.208  4956  4991 W native  : jpeg_io.cc:108 File's first two bytes does not match the sequence 216
11-09 14:11:30.727 16522 16522 W AccessibilityNodeInfoDumper: Fetch time: 3ms
11-09 14:11:30.728  1649  4531 W WindowManager: removeWindowToken: Attempted to remove non-existing token: android.os.Binder@321b6f6
11-09 14:11:30.735 16522 16522 D AndroidRuntime: Shutting down VM
11-09 14:11:30.824  1751  1751 W LstmExtension: no lmDescriptor could be found for en_US/20170411
11-09 14:11:30.825  1751  1751 W LstmExtension: no lmDescriptor could be found for en_US/20170411
11-09 14:11:31.010 16546 16546 D AndroidRuntime: >>>>>> START com.android.internal.os.RuntimeInit uid 2000 <<<<<<
11-09 14:11:31.014 16546 16546 W app_process: Could not reserve sentinel fault page
11-09 14:11:31.048 16546 16546 W app_process: Unexpected CPU variant for X86 using defaults: x86
11-09 14:11:31.049 16546 16546 I app_process: The ClassLoaderContext is a special shared library.
11-09 14:11:31.050 16546 16546 I app_process: The ClassLoaderContext is a special shared library.
11-09 14:11:31.065 16546 16546 D AndroidRuntime: Calling main entry com.android.commands.uiautomator.Launcher
11-09 14:11:32.081 16546 16546 W AccessibilityNodeInfoDumper: Fetch time: 3ms
11-09 14:11:32.082  1649  2582 W WindowManager: removeWindowToken: Attempted to remove non-existing token: android.os.Binder@d079818
11-09 14:11:32.088 16546 16546 D AndroidRuntime: Shutting down VM
11-09 14:11:32.933 16575 16575 D AndroidRuntime: >>>>>> START com.android.internal.os.RuntimeInit uid 2000 <<<<<<
11-09 14:11:32.965 16575 16575 W app_process: Unexpected CPU variant for X86 using defaults: x86
11-09 14:11:32.967 16575 16575 I app_process: The ClassLoaderContext is a special shared library.
11-09 14:11:32.967 16575 16575 I app_process: The ClassLoaderContext is a special shared library.
11-09 14:11:32.980 16575 16575 D AndroidRuntime: Calling main entry com.android.commands.uiautomator.Launcher
11-09 14:11:33.998 16575 16575 W AccessibilityNodeInfoDumper: Fetch time: 3ms
11-09 14:11:33.998  1649  1942 W WindowManager: removeWindowToken: Attempted to remove non-existing token: android.os.Binder@fd233e2
11-09 14:11:34.008 16575 16575 D AndroidRuntime: Shutting down VM
11-09 14:11:34.248 16593 16593 D AndroidRuntime: >>>>>> START com.android.internal.os.RuntimeInit uid 2000 <<<<<<
11-09 14:11:34.283 16593 16593 W app_process: Unexpected CPU variant for X86 using defaults: x86
11-09 14:11:34.286 16593 16593 I app_process: The ClassLoaderContext is a special shared library.
11-09 14:11:34.286 16593 16593 I app_process: The ClassLoaderContext is a special shared library.
11-09 14:11:34.302 16593 16593 D AndroidRuntime: Calling main entry com.android.commands.uiautomator.Launcher
11-09 14:11:35.317 16593 16593 W AccessibilityNodeInfoDumper: Fetch time: 3ms
11-09 14:11:35.318  1649  3840 W WindowManager: removeWindowToken: Attempted to remove non-existing token: android.os.Binder@d4d5230
11-09 14:11:35.325 16593 16593 D AndroidRuntime: Shutting down VM
11-09 14:11:36.293 16621 16621 D AndroidRuntime: >>>>>> START com.android.internal.os.RuntimeInit uid 2000 <<<<<<
11-09 14:11:36.349 16621 16621 W app_process: Unexpected CPU variant for X86 using defaults: x86
11-09 14:11:36.351 16621 16621 I app_process: The ClassLoaderContext is a special shared library.
11-09 14:11:36.352 16621 16621 I app_process: The ClassLoaderContext is a special shared library.
11-09 14:11:36.369 16621 16621 D AndroidRuntime: Calling main entry com.android.commands.uiautomator.Launcher
11-09 14:11:37.394 16621 16621 W AccessibilityNodeInfoDumper: Fetch time: 3ms
11-09 14:11:37.394  1649  3840 W WindowManager: removeWindowToken: Attempted to remove non-existing token: android.os.Binder@e63ac2e
11-09 14:11:37.404 16621 16621 D AndroidRuntime: Shutting down VM
11-09 14:11:38.322 16656 16656 D AndroidRuntime: >>>>>> START com.android.internal.os.RuntimeInit uid 2000 <<<<<<
11-09 14:11:38.358 16656 16656 W app_process: Unexpected CPU variant for X86 using defaults: x86
11-09 14:11:38.360 16656 16656 I app_process: The ClassLoaderContext is a special shared library.
11-09 14:11:38.360 16656 16656 I app_process: The ClassLoaderContext is a special shared library.
11-09 14:11:38.375 16656 16656 D AndroidRuntime: Calling main entry com.android.commands.uiautomator.Launcher
11-09 14:11:39.395 16656 16656 W AccessibilityNodeInfoDumper: Fetch time: 2ms
11-09 14:11:39.395  1649 27081 W WindowManager: removeWindowToken: Attempted to remove non-existing token: android.os.Binder@16d615c
11-09 14:11:39.400 16656 16656 D AndroidRuntime: Shutting down VM
11-09 14:11:39.670 16678 16678 D AndroidRuntime: >>>>>> START com.android.internal.os.RuntimeInit uid 2000 <<<<<<
11-09 14:11:39.702 16678 16678 W app_process: Unexpected CPU variant for X86 using defaults: x86
11-09 14:11:39.705 16678 16678 I app_process: The ClassLoaderContext is a special shared library.
11-09 14:11:39.705 16678 16678 I app_process: The ClassLoaderContext is a special shared library.
11-09 14:11:39.719 16678 16678 D AndroidRuntime: Calling main entry com.android.commands.uiautomator.Launcher
11-09 14:11:40.736 16678 16678 W AccessibilityNodeInfoDumper: Fetch time: 3ms
11-09 14:11:40.737  1649  3840 W WindowManager: removeWindowToken: Attempted to remove non-existing token: android.os.Binder@a825d3a
11-09 14:11:40.744 16678 16678 D AndroidRuntime: Shutting down VM
11-09 14:11:40.829  1649 12936 I ActivityManager: Force stopping de.koelle.christian.trickytripper appid=10264 user=0: from pid 16692
11-09 14:11:40.830  1649 12936 I ActivityManager: Killing 15681:de.koelle.christian.trickytripper/u0a264 (adj 0): stop de.koelle.christian.trickytripper
11-09 14:11:40.834  1649 12936 W ActivityManager: Force removing ActivityRecord{e3d171e u0 de.koelle.christian.trickytripper/.TrickyTripperActivity t140}: app died, no saved state
11-09 14:11:40.834  1649  1666 W zygote  : kill(-15681, 9) failed: No such process
11-09 14:11:40.836 15709 15709 I cr_ChildProcessService: Destroying ChildProcessService pid=15709
11-09 14:11:40.844  1440  1440 D gralloc_ranchu: gralloc_unregister_buffer: exiting HostConnection (is buffer-handling thread)
11-09 14:11:40.845  1440  1440 D         : HostConnection::get() New Host Connection established 0xf1a23900, tid 1440
11-09 14:11:40.845  1440  1440 D gralloc_ranchu: gralloc_unregister_buffer: exiting HostConnection (is buffer-handling thread)
11-09 14:11:40.846  1440  1440 D         : HostConnection::get() New Host Connection established 0xf1a23900, tid 1440
11-09 14:11:40.846  1439  5111 D gralloc_ranchu: gralloc_alloc: Creating ashmem region of size 8298496
11-09 14:11:40.846  1440  1440 D gralloc_ranchu: gralloc_unregister_buffer: exiting HostConnection (is buffer-handling thread)
11-09 14:11:40.846  1440  1440 D         : HostConnection::get() New Host Connection established 0xf1a23900, tid 1440
11-09 14:11:40.847  1440  1440 D gralloc_ranchu: gralloc_unregister_buffer: exiting HostConnection (is buffer-handling thread)
11-09 14:11:40.847  1440  1440 D         : HostConnection::get() New Host Connection established 0xf1a23900, tid 1440
11-09 14:11:40.848  1440  1440 D gralloc_ranchu: gralloc_unregister_buffer: exiting HostConnection (is buffer-handling thread)
11-09 14:11:40.848  1440  1440 D         : HostConnection::get() New Host Connection established 0xf1a23900, tid 1440
11-09 14:11:40.848  1440  1440 D gralloc_ranchu: gralloc_unregister_buffer: exiting HostConnection (is buffer-handling thread)
11-09 14:11:40.855  1649 12936 D         : HostConnection::get() New Host Connection established 0xd32f2880, tid 12936
11-09 14:11:40.857  1440  1440 D         : HostConnection::get() New Host Connection established 0xf1a23900, tid 1440
11-09 14:11:40.859  1450  1726 D gralloc_ranchu: gralloc_unregister_buffer: exiting HostConnection (is buffer-handling thread)
11-09 14:11:40.860  1450  1726 D         : HostConnection::get() New Host Connection established 0xe80a1ac0, tid 1726
11-09 14:11:40.860  1450  1726 D gralloc_ranchu: gralloc_unregister_buffer: exiting HostConnection (is buffer-handling thread)
11-09 14:11:40.865  1440  1440 D gralloc_ranchu: gralloc_unregister_buffer: exiting HostConnection (is buffer-handling thread)
11-09 14:11:40.865  1440  1440 D         : HostConnection::get() New Host Connection established 0xf1a23900, tid 1440
11-09 14:11:40.865  1440  1440 D gralloc_ranchu: gralloc_unregister_buffer: exiting HostConnection (is buffer-handling thread)
11-09 14:11:40.866  1440  1440 D         : HostConnection::get() New Host Connection established 0xf1a23900, tid 1440
11-09 14:11:40.866  1440  1440 D gralloc_ranchu: gralloc_unregister_buffer: exiting HostConnection (is buffer-handling thread)
11-09 14:11:40.866  1440  1440 D         : HostConnection::get() New Host Connection established 0xf1a23900, tid 1440
11-09 14:11:40.867  1440  1440 D gralloc_ranchu: gralloc_unregister_buffer: exiting HostConnection (is buffer-handling thread)
11-09 14:11:40.867  1440  1440 D         : HostConnection::get() New Host Connection established 0xf1a23900, tid 1440
11-09 14:11:40.867  1440  1440 D gralloc_ranchu: gralloc_unregister_buffer: exiting HostConnection (is buffer-handling thread)
11-09 14:11:40.867  1440  1440 D         : HostConnection::get() New Host Connection established 0xf1a23900, tid 1440
11-09 14:11:40.867  1440  1440 D gralloc_ranchu: gralloc_unregister_buffer: exiting HostConnection (is buffer-handling thread)
11-09 14:11:40.873  1649  1666 W zygote  : kill(-15681, 9) failed: No such process
11-09 14:11:40.873  1440  1440 D         : HostConnection::get() New Host Connection established 0xf1a23900, tid 1440
11-09 14:11:40.883  1450  1450 W SurfaceFlinger: couldn't log to binary event log: overflow.
11-09 14:11:40.907  1649 12936 I ActivityManager: Killing 15709:com.android.chrome:sandboxed_process0/u0a264i13 (adj 0): isolated not needed
11-09 14:11:40.917  1649  1666 W zygote  : kill(-15681, 9) failed: No such process
11-09 14:11:40.917  1649  1666 I zygote  : Successfully killed process cgroup uid 10264 pid 15681 in 83ms
11-09 14:11:40.917  1649  1666 W zygote  : Failed to open process cgroup uid 99013 pid 15709: No such file or directory
11-09 14:11:40.917  1649  1666 E zygote  : Error encountered killing process cgroup uid 99013 pid 15709: No such file or directory
11-09 14:11:40.918  1649  7927 D ConnectivityService: ConnectivityService NetworkRequestInfo binderDied(NetworkRequest [ LISTEN id=41, [ Capabilities: INTERNET&NOT_RESTRICTED&TRUSTED&FOREGROUND] ], android.os.BinderProxy@6f8a9e1)
11-09 14:11:40.919  1649  2251 D ConnectivityService: ConnectivityService NetworkRequestInfo binderDied(NetworkRequest [ LISTEN id=40, [ Capabilities: INTERNET&NOT_RESTRICTED&TRUSTED&FOREGROUND] ], android.os.BinderProxy@a91306)
11-09 14:11:40.933  1439  5111 D gralloc_ranchu: gralloc_alloc: Creating ashmem region of size 8298496
11-09 14:11:40.941  1649  1665 W Looper  : Dispatch took 112ms on android.ui, h=Handler (com.android.server.am.ActivityManagerService$UiHandler) {46e46d0} cb=null msg=53
11-09 14:11:40.942  1450  1502 D         : HostConnection::get() New Host Connection established 0xe85d4380, tid 1502
11-09 14:11:40.942  1649  1671 W ActivityManager: setHasOverlayUi called on unknown pid: 15681
11-09 14:11:40.943  1439  5111 D gralloc_ranchu: gralloc_alloc: Creating ashmem region of size 8298496
11-09 14:11:40.947  1649  1667 E KernelCpuSpeedReader: Failed to read cpu-freq: /sys/devices/system/cpu/cpu0/cpufreq/stats/time_in_state (No such file or directory)
11-09 14:11:40.947  1856  1856 D CarrierSvcBindHelper: No carrier app for: 0
11-09 14:11:40.948  1649  1667 D KernelUidCpuTimeReader: Removing uids 99013-99013
11-09 14:11:40.950  1439  5111 D gralloc_ranchu: gralloc_alloc: Creating ashmem region of size 8298496
11-09 14:11:40.963  1649  8494 I zygote  : android::hardware::configstore::V1_0::ISurfaceFlingerConfigs::hasWideColorDisplay retrieved: 0
11-09 14:11:40.963  1649  8494 I OpenGLRenderer: Initialized EGL, version 1.4
11-09 14:11:40.963  1649  8494 D OpenGLRenderer: Swap behavior 1
11-09 14:11:40.963  1649  8494 W OpenGLRenderer: Failed to choose config with EGL_SWAP_BEHAVIOR_PRESERVED, retrying without...
11-09 14:11:40.963  1649  8494 D OpenGLRenderer: Swap behavior 0
11-09 14:11:40.964  1450  1450 D SurfaceFlinger: duplicate layer name: changing com.google.android.apps.nexuslauncher/com.google.android.apps.nexuslauncher.NexusLauncherActivity to com.google.android.apps.nexuslauncher/com.google.android.apps.nexuslauncher.NexusLauncherActivity#1
11-09 14:11:40.970  1649  8494 D EGL_emulation: eglCreateContext: 0xd3293f00: maj 3 min 0 rcv 3
11-09 14:11:40.972  1439  5111 D gralloc_ranchu: gralloc_alloc: Creating ashmem region of size 8298496
11-09 14:11:40.975  1649  8494 D EGL_emulation: eglMakeCurrent: 0xd3293f00: ver 3 0 (tinfo 0xcbb10180)
11-09 14:11:40.981  1450  1726 D         : HostConnection::get() New Host Connection established 0xe80a1ac0, tid 1726
11-09 14:11:40.982  1439  5111 D gralloc_ranchu: gralloc_alloc: Creating ashmem region of size 8298496
11-09 14:11:40.988  2275  2663 D EGL_emulation: eglMakeCurrent: 0xd43afe80: ver 3 0 (tinfo 0xd57d6910)
11-09 14:11:40.988  1439  1480 D gralloc_ranchu: gralloc_alloc: Creating ashmem region of size 8298496
11-09 14:11:41.010  2305  2434 D EGL_emulation: eglMakeCurrent: 0xec186380: ver 3 0 (tinfo 0xec183760)
11-09 14:11:41.013  2305  2308 I zygote  : Do partial code cache collection, code=237KB, data=144KB
11-09 14:11:41.014  2305  2308 I zygote  : After code cache collection, code=237KB, data=144KB
11-09 14:11:41.014  2305  2308 I zygote  : Increasing code cache capacity to 1024KB
11-09 14:11:41.041  2275  2275 W SessionLifecycleManager: Handover failed. Creating new session controller.
11-09 14:11:41.046  2275  2275 I OptInState: There is a new client and it does not support opt-in. Dropping request.
11-09 14:11:41.051  1765  2009 D EGL_emulation: eglMakeCurrent: 0xd729fb60: ver 3 0 (tinfo 0xd7dd29c0)
11-09 14:11:41.055  1765  1781 D         : HostConnection::get() New Host Connection established 0xd7370500, tid 1781
11-09 14:11:41.055  1765  1781 D gralloc_ranchu: gralloc_unregister_buffer: exiting HostConnection (is buffer-handling thread)
11-09 14:11:41.055  1765  1781 D         : HostConnection::get() New Host Connection established 0xd7370500, tid 1781
11-09 14:11:41.056  1765  1781 D gralloc_ranchu: gralloc_unregister_buffer: exiting HostConnection (is buffer-handling thread)
11-09 14:11:41.074  1649 27081 I WifiService: getConnectionInfo uid=10032
11-09 14:11:41.082  1649 27081 I WifiService: getWifiEnabledState uid=10032
11-09 14:11:41.082  2275 13395 W Settings: Setting mobile_data has moved from android.provider.Settings.Secure to android.provider.Settings.Global.
11-09 14:11:41.087  1649 27081 I WifiService: getConnectionInfo uid=10032
11-09 14:11:41.089  1649  1659 I zygote  : NativeAlloc concurrent copying GC freed 33876(2MB) AllocSpace objects, 21(420KB) LOS objects, 28% free, 15MB/21MB, paused 419us total 220.144ms
11-09 14:11:41.090  1649 27081 I WifiService: getWifiEnabledState uid=10032
11-09 14:11:41.090  2275 16696 W Settings: Setting mobile_data has moved from android.provider.Settings.Secure to android.provider.Settings.Global.
11-09 14:11:41.100  2275 13399 W LocationOracle: No location history returned by ContextManager
11-09 14:11:41.105  2275  2275 I MicroDetectionWorker: #updateMicroDetector [detectionMode: [mDetectionMode: [1]]]
11-09 14:11:41.105  2275  2275 I MicroDetectionWorker: #startMicroDetector [speakerMode: 0]
11-09 14:11:41.105  2275  2275 I AudioController: Using mInputStreamFactoryBuilder
11-09 14:11:41.113  2275 13399 I MicroRecognitionRunner: Starting detection.
11-09 14:11:41.113  2275 13395 I MicrophoneInputStream: mic_starting com.google.android.apps.gsa.staticplugins.aa.c@55611ea
11-09 14:11:41.116  1521  1521 W ServiceManager: Permission failure: android.permission.RECORD_AUDIO from uid=10032 pid=2275
11-09 14:11:41.116  1521  1521 E         : Request requires android.permission.RECORD_AUDIO
11-09 14:11:41.116  1521  1521 E         : android.permission.CAPTURE_AUDIO_HOTWORD
11-09 14:11:41.116  2275 13395 E AudioRecord: Could not get audio input for session 16729, record source 1999, sample rate 16000, format 0x1, channel mask 0x10, flags 0
11-09 14:11:41.116  2275 13395 E AudioRecord-JNI: Error creating AudioRecord instance: initialization check failed with status -22.
11-09 14:11:41.116  2275 13395 E android.media.AudioRecord: Error code -20 when initializing native AudioRecord object.
11-09 14:11:41.116  2275 13395 I MicrophoneInputStream: mic_started com.google.android.apps.gsa.staticplugins.aa.c@55611ea
11-09 14:11:41.117  2275 13395 E ActivityThread: Failed to find provider info for com.google.android.apps.gsa.testing.ui.audio.recorded
11-09 14:11:41.118  2275 13399 W SpeechLevelGenerator: Really low audio levels detected. The audio input may have issues.
11-09 14:11:41.120  2275  2275 I MicroDetectionWorker: onReady
11-09 14:11:41.123  2275 13395 I MicrophoneInputStream: mic_close com.google.android.apps.gsa.staticplugins.aa.c@55611ea
11-09 14:11:41.125  2275 13399 I MicroRecognitionRunner: Detection finished
11-09 14:11:41.125  2275 13399 W ErrorReporter: reportError [type: 211, code: 524300]: Error reading from input stream
11-09 14:11:41.130  2275  2709 I MicroRecognitionRunner: Stopping hotword detection.
11-09 14:11:41.136  2275 13399 W ErrorProcessor: onFatalError, processing error from engine(4)
11-09 14:11:41.136  2275 13399 W ErrorProcessor: com.google.android.apps.gsa.shared.speech.b.g: Error reading from input stream
11-09 14:11:41.136  2275 13399 W ErrorProcessor: 	at com.google.android.apps.gsa.staticplugins.recognizer.j.a.a(SourceFile:28)
11-09 14:11:41.136  2275 13399 W ErrorProcessor: 	at com.google.android.apps.gsa.staticplugins.recognizer.j.b.run(SourceFile:15)
11-09 14:11:41.136  2275 13399 W ErrorProcessor: 	at java.util.concurrent.Executors$RunnableAdapter.call(Executors.java:457)
11-09 14:11:41.136  2275 13399 W ErrorProcessor: 	at java.util.concurrent.FutureTask.run(FutureTask.java:266)
11-09 14:11:41.136  2275 13399 W ErrorProcessor: 	at java.util.concurrent.Executors$RunnableAdapter.call(Executors.java:457)
11-09 14:11:41.136  2275 13399 W ErrorProcessor: 	at java.util.concurrent.FutureTask.run(FutureTask.java:266)
11-09 14:11:41.136  2275 13399 W ErrorProcessor: 	at com.google.android.apps.gsa.shared.util.concurrent.a.ag.run(Unknown Source:4)
11-09 14:11:41.136  2275 13399 W ErrorProcessor: 	at com.google.android.apps.gsa.shared.util.concurrent.a.bo.run(SourceFile:4)
11-09 14:11:41.136  2275 13399 W ErrorProcessor: 	at com.google.android.apps.gsa.shared.util.concurrent.a.bo.run(SourceFile:4)
11-09 14:11:41.136  2275 13399 W ErrorProcessor: 	at java.util.concurrent.ThreadPoolExecutor.runWorker(ThreadPoolExecutor.java:1162)
11-09 14:11:41.136  2275 13399 W ErrorProcessor: 	at java.util.concurrent.ThreadPoolExecutor$Worker.run(ThreadPoolExecutor.java:636)
11-09 14:11:41.136  2275 13399 W ErrorProcessor: 	at java.lang.Thread.run(Thread.java:764)
11-09 14:11:41.136  2275 13399 W ErrorProcessor: 	at com.google.android.apps.gsa.shared.util.concurrent.a.ak.run(SourceFile:6)
11-09 14:11:41.136  2275 13399 W ErrorProcessor: Caused by: com.google.android.apps.gsa.shared.exception.GsaIOException: Error code: 393238 | Buffer overflow, no available space.
11-09 14:11:41.136  2275 13399 W ErrorProcessor: 	at com.google.android.apps.gsa.speech.audio.Tee.f(SourceFile:103)
11-09 14:11:41.136  2275 13399 W ErrorProcessor: 	at com.google.android.apps.gsa.speech.audio.au.read(SourceFile:2)
11-09 14:11:41.136  2275 13399 W ErrorProcessor: 	at java.io.InputStream.read(InputStream.java:101)
11-09 14:11:41.136  2275 13399 W ErrorProcessor: 	at com.google.android.apps.gsa.speech.audio.ao.run(SourceFile:18)
11-09 14:11:41.136  2275 13399 W ErrorProcessor: 	at com.google.android.apps.gsa.speech.audio.an.run(SourceFile:2)
11-09 14:11:41.136  2275 13399 W ErrorProcessor: 	... 11 more
11-09 14:11:41.136  2275 13399 I AudioController: internalShutdown
11-09 14:11:41.137  2275  2275 I MicroDetectionWorker: onReady
11-09 14:11:41.151  2275  2275 I MicroDetector: Keeping mic open: false
11-09 14:11:41.151  2275 13397 I DeviceStateChecker: DeviceStateChecker cancelled
11-09 14:11:41.151  2275  2275 I MicroDetectionWorker: #onError(false)
11-09 14:11:41.190  1649  2304 I GnssLocationProvider: WakeLock acquired by sendMessage(SET_REQUEST, 0, com.android.server.location.GnssLocationProvider$GpsRequest@9b78295)
11-09 14:11:41.198  1649  1663 I GnssLocationProvider: WakeLock released by handleMessage(SET_REQUEST, 0, com.android.server.location.GnssLocationProvider$GpsRequest@9b78295)
11-09 14:11:41.203  1765  2009 D EGL_emulation: eglMakeCurrent: 0xd729fb60: ver 3 0 (tinfo 0xd7dd29c0)
11-09 14:11:41.208  1765  2009 D EGL_emulation: eglMakeCurrent: 0xd729fb60: ver 3 0 (tinfo 0xd7dd29c0)
11-09 14:11:41.236  2051 13405 W ctxmgr  : [AclManager] No 3 for (accnt=account#-517948760#, com.google.android.gms(10014):UserVelocityProducer, vrsn=202414022, 0, 3pPkg = null ,  3pMdlId = null ,  pid = 2051). Was: 3 for 1, account#-517948760# [CONTEXT service_id=47 ]
11-09 14:11:41.262  2051 15762 I LogUtils: [Places]: ?: Couldn't find platform key file. [CONTEXT service_id=253 ]
11-09 14:11:41.299  2051  2051 I GeofencerStateMachine: removeGeofences: removeRequest=RemoveGeofencingRequest[REMOVE_BY_PENDING_INTENT pendingIntent=PendingIntent[creatorPackage=com.google.android.gms], packageName=com.google.android.gms]
11-09 14:11:41.301  2051  2051 I GeofencerStateMachine: removeGeofences: removeRequest=RemoveGeofencingRequest[REMOVE_BY_PENDING_INTENT pendingIntent=PendingIntent[creatorPackage=com.google.android.gms], packageName=com.google.android.gms]
11-09 14:11:41.313  2051  4923 I LogUtils: [Places]: ?: Couldn't find platform key file. [CONTEXT service_id=253 ]
11-09 14:11:41.321  2051 16698 I PlacesLogger: [PlaceInferenceEngine]: [anon] Changed inference mode: 0 [CONTEXT service_id=253 ]
11-09 14:11:41.329  2051 16700 I LogUtils: [Places]: ?: Couldn't find platform key file. [CONTEXT service_id=253 ]
11-09 14:11:41.339  2051 13405 I ctxmgr  : [ProducerStatusImpl] updateStateForNewContextData: inactive, contextName=7 [CONTEXT service_id=47 ]
11-09 14:11:41.354  2051 15762 I LogUtils: [Places]: ?: Couldn't find platform key file. [CONTEXT service_id=253 ]
11-09 14:11:41.374  2275  2298 E ReloadingLock: Finalizing LOCKED Token[shortcuts 2022-11-09 14:11:41.125]
11-09 14:11:41.375  2051 15762 I LogUtils: [Places]: ?: Couldn't find platform key file. [CONTEXT service_id=253 ]
11-09 14:11:41.376  2051 16700 I LogUtils: [Places]: ?: Couldn't find platform key file. [CONTEXT service_id=253 ]
11-09 14:11:41.398  2051 16698 I LogUtils: [Places]: ?: PlacesBleScanner start() with priority 2 [CONTEXT service_id=253 ]
11-09 14:11:41.398  2051 16698 I PlacesLogger: [PlaceInferenceEngine]: [anon] Changed inference mode: 1 [CONTEXT service_id=253 ]
11-09 14:11:41.408  2051  2051 E BeaconBle: Missing BluetoothAdapter [CONTEXT service_id=111 ]
11-09 14:11:41.409  2051  2051 I BeaconBle: BLE 'KK+' software access layer enabled [CONTEXT service_id=111 ]
11-09 14:11:41.422  2051  2051 I BeaconBle: Client requested scan, settings=BleSettings [scanMode=ZERO_POWER, callbackType=ALL_MATCHES, reportDelayMillis=0, 1 filters, 0 clients, callingClientName=Places] [CONTEXT service_id=111 ]
11-09 14:11:41.422  2051  2051 I BeaconBle: Scan : No clients left, canceling alarm. [CONTEXT service_id=111 ]
11-09 14:11:41.424  2051  2051 E BeaconBle: Scan couldn't start for Places [CONTEXT service_id=111 ]
11-09 14:11:41.425  2051  2051 W Places  : BLE failure while scanning - code 5
11-09 14:11:41.445  2051 16698 I Places  : Converted 0 out of 1 WiFi scans
11-09 14:11:41.445  1649  1787 I WifiService: getConnectionInfo uid=10014
11-09 14:11:41.454  2051 13405 I LogUtils: [Places]: ?: Couldn't find platform key file. [CONTEXT service_id=253 ]
11-09 14:11:41.455  2051 16698 I PlacesLogger: [PlaceInferenceEngine]: [anon] Changed inference mode: 1 [CONTEXT service_id=253 ]
11-09 14:11:41.455  2051 15762 I LogUtils: [Places]: ?: Couldn't find platform key file. [CONTEXT service_id=253 ]
11-09 14:11:41.455  2051 16700 I LogUtils: [Places]: ?: Couldn't find platform key file. [CONTEXT service_id=253 ]
11-09 14:11:41.465  2051  4923 I PlacesLogger: [PlaceInferenceEngine]: No beacon scan available - ignoring candidates. [CONTEXT service_id=253 ]
11-09 14:11:41.466  2051 16703 I LogUtils: [Places]: ?: Couldn't find platform key file. [CONTEXT service_id=253 ]
11-09 14:11:41.490  2051  4923 I LogUtils: [Places]: ?: Couldn't find platform key file. [CONTEXT service_id=253 ]
11-09 14:11:41.513  2305  2434 W OpenGLRenderer: Incorrectly called buildLayer on View: ShortcutAndWidgetContainer, destroying layer...
Elapsed Time: 291290
