--------- beginning of main
01-14 15:07:09.672 24525 24525 D AndroidRuntime: >>>>>> START com.android.internal.os.RuntimeInit uid 2000 <<<<<<
01-14 15:07:09.674 24525 24525 D AndroidRuntime: CheckJNI is OFF
01-14 15:07:09.695 24525 24525 W art     : Unexpected CPU variant for X86 using defaults: x86_64
01-14 15:07:09.700 24525 24525 D ICU     : No timezone override file found: /data/misc/zoneinfo/current/icu/icu_tzdata.dat
01-14 15:07:09.721 24525 24525 E memtrack: Couldn't load memtrack module (No such file or directory)
01-14 15:07:09.721 24525 24525 E android.os.Debug: failed to load memtrack module: -2
01-14 15:07:09.723 24525 24525 I Radio-JNI: register_android_hardware_Radio DONE
01-14 15:07:09.737 24525 24525 D AndroidRuntime: Calling main entry com.android.commands.pm.Pm
01-14 15:07:09.746  1697  1724 I PackageManager: Package doesn't exist in get block uninstall com.android.gpstest
--------- beginning of system
01-14 15:07:09.747  1697  1724 W PackageManager: Not removing non-existent package com.android.gpstest
01-14 15:07:09.753 24525 24525 I art     : System.exit called, status: 0
01-14 15:07:09.753 24525 24525 I AndroidRuntime: VM exiting with result code 0.
01-14 15:07:09.767 24525 24533 W MessageQueue: Handler (android.os.Handler) {3a9b21b} sending message to a Handler on a dead thread
01-14 15:07:09.767 24525 24533 W MessageQueue: java.lang.IllegalStateException: Handler (android.os.Handler) {3a9b21b} sending message to a Handler on a dead thread
01-14 15:07:09.767 24525 24533 W MessageQueue: 	at android.os.MessageQueue.enqueueMessage(MessageQueue.java:543)
01-14 15:07:09.767 24525 24533 W MessageQueue: 	at android.os.Handler.enqueueMessage(Handler.java:643)
01-14 15:07:09.767 24525 24533 W MessageQueue: 	at android.os.Handler.sendMessageAtTime(Handler.java:612)
01-14 15:07:09.767 24525 24533 W MessageQueue: 	at android.os.Handler.sendMessageDelayed(Handler.java:582)
01-14 15:07:09.767 24525 24533 W MessageQueue: 	at android.os.Handler.post(Handler.java:338)
01-14 15:07:09.767 24525 24533 W MessageQueue: 	at android.os.ResultReceiver$MyResultReceiver.send(ResultReceiver.java:57)
01-14 15:07:09.767 24525 24533 W MessageQueue: 	at com.android.internal.os.IResultReceiver$Stub.onTransact(IResultReceiver.java:58)
01-14 15:07:09.767 24525 24533 W MessageQueue: 	at android.os.Binder.execTransact(Binder.java:565)
01-14 15:07:09.819  1449  1449 I         : free_cache(1767939) avail 6026260480
01-14 15:07:09.923 24545 24545 W art     : Unexpected CPU variant for X86 using defaults: x86_64
01-14 15:07:09.927  1697  1724 I ActivityManager: Start proc 24545:com.android.defcontainer/u0a8 for service com.android.defcontainer/.DefaultContainerService
01-14 15:07:09.967  1697  1724 I PackageManager.DexOptimizer: Running dexopt (dex2oat) on: /data/app/vmdl692523551.tmp/base.apk pkg=com.android.gpstest isa=x86_64 vmSafeMode=false debuggable=false target-filter=interpret-only oatDir = /data/app/vmdl692523551.tmp/oat sharedLibraries=null
01-14 15:07:09.978 24560 24560 W dex2oat : Unexpected CPU variant for X86 using defaults: x86_64
01-14 15:07:09.978 24560 24560 I dex2oat : /system/bin/dex2oat --compiler-filter=interpret-only
01-14 15:07:10.141 24560 24562 W dex2oat : Before Android 4.1, method android.graphics.PorterDuffColorFilter android.support.graphics.drawable.VectorDrawableCompat.updateTintFilter(android.graphics.PorterDuffColorFilter, android.content.res.ColorStateList, android.graphics.PorterDuff$Mode) would have incorrectly overridden the package-private method in android.graphics.drawable.Drawable
01-14 15:07:11.053 24560 24560 I dex2oat : dex2oat took 1.074s (threads: 4) arena alloc=3KB (3880B) java alloc=3MB (4041200B) native alloc=3MB (3309264B) free=1888KB (1933616B)
01-14 15:07:11.107  1697  1724 V BackupManagerService: restoreAtInstall pkg=com.android.gpstest token=d restoreSet=0
01-14 15:07:11.107  1697  1724 V BackupManagerService: Finishing install immediately
01-14 15:07:11.108  1697  1724 I art     : Starting a blocking GC Explicit
01-14 15:07:11.128  1697  1724 I art     : Explicit concurrent mark sweep GC freed 8121(569KB) AllocSpace objects, 3(60KB) LOS objects, 21% free, 14MB/18MB, paused 857us total 19.874ms
01-14 15:07:11.129  1449  1449 E         : Couldn't opendir /data/app/vmdl692523551.tmp: No such file or directory
01-14 15:07:11.149 24566 24566 W art     : Unexpected CPU variant for X86 using defaults: x86_64
01-14 15:07:11.149  1697  1747 I InputReader: Reconfiguring input devices.  changes=0x00000010
01-14 15:07:11.151  1697  1711 I ActivityManager: Start proc 24566:com.android.gallery3d/u0a46 for broadcast com.android.gallery3d/.app.PackagesMonitor
01-14 15:07:11.163  1991  1991 D CarrierSvcBindHelper: No carrier app for: 0
01-14 15:07:11.164  1991  1991 D CarrierConfigLoader: mHandler: 9 phoneId: 0
01-14 15:07:11.169  1697  1710 W InputMethodInfo: Duplicated subtype definition found: , voice
01-14 15:07:11.297  1854 24591 W GCM     : Unexpected forwarded intent: Intent { act=android.intent.action.PACKAGE_ADDED dat=package:com.android.gpstest flg=0x4000010 cmp=com.google.android.gms/.chimera.PersistentIntentOperationService (has extras) }
01-14 15:07:11.298  1854 24590 W GCM     : Unexpected forwarded intent: Intent { act=android.intent.action.PACKAGE_ADDED dat=package:com.android.gpstest flg=0x4000010 cmp=com.google.android.gms/.chimera.PersistentIntentOperationService (has extras) }
01-14 15:07:11.310 24597 24597 W art     : Unexpected CPU variant for X86 using defaults: x86_64
01-14 15:07:11.316  1697  1708 I ActivityManager: Start proc 24597:com.google.android.partnersetup/u0a19 for broadcast com.google.android.partnersetup/.RlzPingBroadcastReceiver
01-14 15:07:11.317  1697  2339 W ActivityManager: Unable to start service Intent { act=com.google.android.gms.auth.key.retrieval.service.START pkg=com.google.android.gms } U=0: not found
01-14 15:07:11.317 22071 24592 I UpdateIcingCorporaServi: Updating corpora: APPS=com.android.gpstest, CONTACTS=MAYBE
01-14 15:07:11.319  2396 24596 I Auth    : [SupervisedAccountIntentOperation] onHandleIntent(): android.intent.action.PACKAGE_ADDED
01-14 15:07:11.319  1697  1870 W ActivityManager: Unbind failed: could not find connection for android.os.BinderProxy@885483b
01-14 15:07:11.323  2396 24594 I ChromeSync: [Sync,SyncIntentOperation] Handling the intent: Intent { act=android.intent.action.PACKAGE_ADDED dat=package:com.android.gpstest flg=0x4000010 cmp=com.google.android.gms/.chimera.GmsIntentOperationService (has extras) }.
01-14 15:07:11.327  2396  2649 E GmsClient: unable to connect to service: com.google.android.gms.auth.key.retrieval.service.START on com.google.android.gms
01-14 15:07:11.361 24597 24597 W System  : ClassLoader referenced unknown path: /system/priv-app/GooglePartnerSetup/lib/x86_64
01-14 15:07:11.391 24582 24582 D AndroidRuntime: >>>>>> START com.android.internal.os.RuntimeInit uid 2000 <<<<<<
01-14 15:07:11.392 24582 24582 D AndroidRuntime: CheckJNI is OFF
01-14 15:07:11.401  2396 24594 I ChromeSync: [Persistence,AffiliationManager] One of affiliation or grouping data for android://pUg1zxOnh8Uknvn18cGZSYHOoE2f3-XYmdSkhkYozfUgz-4Lep9rSEH65Dp6SzQrx4cnCu3FrsnBpEIi5igH-g==@com.android.gpstest/ was not found. Marking affiliation data as stale...
01-14 15:07:11.405  2396 24588 I ChimeraConfigurator: Starting update, reason: 4 urgentFeatures: pay:-1
01-14 15:07:11.406  2396 24588 E ConfigFileUtils: Failed to read config file: /data/user_de/0/com.google.android.gms/app_chimera/next_container.pb (No such file or directory)
01-14 15:07:11.430 24582 24582 W art     : Unexpected CPU variant for X86 using defaults: x86_64
01-14 15:07:11.436 24582 24582 D ICU     : No timezone override file found: /data/misc/zoneinfo/current/icu/icu_tzdata.dat
01-14 15:07:11.462 24582 24582 E memtrack: Couldn't load memtrack module (No such file or directory)
01-14 15:07:11.462 24582 24582 E android.os.Debug: failed to load memtrack module: -2
01-14 15:07:11.463 24582 24582 I Radio-JNI: register_android_hardware_Radio DONE
01-14 15:07:11.472  2396 24588 I ChmraDebugLogger: [73] 1801
01-14 15:07:11.480 24582 24582 D AndroidRuntime: Calling main entry com.android.commands.monkey.Monkey
01-14 15:07:11.486  2396 24588 I ChmraDebugLogger: [30] [Pay.optional:202414020000] permitMetered=true,
01-14 15:07:11.499  2396  2700 I Icing   : IndexChimeraService.getServiceInterface callingPackage=com.google.android.googlequicksearchbox componentName=null serviceId=36
01-14 15:07:11.502  2396 24588 W ChimeraConfigService: Retry attempt was throttled.
01-14 15:07:11.529  1697  1711 W BroadcastQueue: Skipping deliver [background] BroadcastRecord{caf8846 u-1 android.net.conn.CONNECTIVITY_CHANGE} to ReceiverList{e668a07 24582 (unknown name)/2000/u-1 remote:cd4da88}: process crashing
01-14 15:07:11.541  1697  1708 I ActivityManager: START u0 {act=android.intent.action.MAIN cat=[android.intent.category.LAUNCHER] flg=0x10200000 cmp=com.android.gpstest/.GpsTestActivity} from uid 2000 on display 0
01-14 15:07:11.555  2396  2704 I Icing   : IndexChimeraService.getServiceInterface callingPackage=com.google.android.gms componentName=AppsCorpus serviceId=36
01-14 15:07:11.560 24629 24629 W art     : Unexpected CPU variant for X86 using defaults: x86_64
01-14 15:07:11.566  1697  2648 I ActivityManager: Start proc 24629:com.android.gpstest/u0a90 for activity com.android.gpstest/.GpsTestActivity
01-14 15:07:11.582 24582 24582 I art     : System.exit called, status: 0
01-14 15:07:11.582 24582 24582 I AndroidRuntime: VM exiting with result code 0.
01-14 15:07:11.591 24629 24629 W System  : ClassLoader referenced unknown path: /data/app/com.android.gpstest-1/lib/x86_64
01-14 15:07:11.593  1352  1384 D gralloc_ranchu: gralloc_alloc: Creating ashmem region of size 8294400
01-14 15:07:11.630  2396 21567 W Icing   : No valid account for uploading user actions
01-14 15:07:11.635 24629 24629 W art     : Before Android 4.1, method android.graphics.PorterDuffColorFilter android.support.graphics.drawable.VectorDrawableCompat.updateTintFilter(android.graphics.PorterDuffColorFilter, android.content.res.ColorStateList, android.graphics.PorterDuff$Mode) would have incorrectly overridden the package-private method in android.graphics.drawable.Drawable
01-14 15:07:11.651  2396 21567 I Icing   : Usage reports ok 0, Failed Usage reports 0, indexed 0, rejected 0
01-14 15:07:11.652  2396  2700 I Icing   : IndexChimeraService.getServiceInterface callingPackage=com.google.android.gms componentName=null serviceId=30
01-14 15:07:11.658 22071 24592 I UpdateIcingCorporaServi: UpdateCorporaTask done [took 340 ms] updated apps [took 339 ms] 
01-14 15:07:11.658  2396 21567 W Icing   : No valid account for uploading user actions
01-14 15:07:11.667  2396 21567 I Icing   : Usage reports ok 0, Failed Usage reports 0, indexed 0, rejected 0
01-14 15:07:11.670  2396 21567 W Icing   : No valid account for uploading user actions
01-14 15:07:11.677  2396 21567 I Icing   : Usage reports ok 0, Failed Usage reports 0, indexed 0, rejected 0
01-14 15:07:11.680  2396 21567 I Icing   : Indexing com.google.android.googlequicksearchbox-applications_uri from com.google.android.googlequicksearchbox
01-14 15:07:11.681  2396  2700 I Icing   : IndexChimeraService.getServiceInterface callingPackage=com.google.android.gms componentName=null serviceId=36
01-14 15:07:11.702 24629 24629 D NavDrawerFragment: Using position from preferences = 0
01-14 15:07:11.703 24629 24629 D GpsTestActivity: Creating new GpsStatusFragment
01-14 15:07:11.710  2483  2623 D EGL_emulation: eglMakeCurrent: 0x7de1dea58320: ver 3 0 (tinfo 0x7de1dea0c740)
01-14 15:07:11.717  2396 21567 I Icing   : Indexing com.google.android.gms-apps from com.google.android.gms
01-14 15:07:11.737  2396 21567 I Icing   : Indexing com.google.android.gms-internal.3p:MobileApplication from com.google.android.gms
01-14 15:07:11.746  2396 21567 W Icing   : No valid account for uploading user actions
01-14 15:07:11.748  1697  2207 I GnssLocationProvider: WakeLock acquired by sendMessage(3, 0, com.android.server.location.GnssLocationProvider$GpsRequest@aef9cdf)
01-14 15:07:11.749  1697  1710 I GnssLocationProvider: WakeLock released by handleMessage(3, 0, com.android.server.location.GnssLocationProvider$GpsRequest@aef9cdf)
01-14 15:07:11.762  2396 21567 I Icing   : Usage reports ok 0, Failed Usage reports 0, indexed 0, rejected 0
01-14 15:07:11.780  2396 21567 I Icing   : Indexing done com.google.android.googlequicksearchbox-applications_uri
01-14 15:07:11.784  2396 21567 I Icing   : Indexing done com.google.android.gms-apps
01-14 15:07:11.787  2396 21567 I Icing   : Indexing done com.google.android.gms-internal.3p:MobileApplication
01-14 15:07:11.834 24629 24629 W System  : ClassLoader referenced unknown path: /system/app/Chrome/lib/x86_64
01-14 15:07:11.836 24629 24629 I WebViewFactory: Loading com.android.chrome version 69.0.3497.100 (code 349710067)
01-14 15:07:11.926 24629 24629 I art     : Rejecting re-init on previously-failed class java.lang.Class<uJ>: java.lang.NoClassDefFoundError: Failed resolution of: Landroid/webkit/TracingController;
01-14 15:07:11.926 24629 24629 I art     :   at java.lang.Class java.lang.Class.classForName!(java.lang.String, boolean, java.lang.ClassLoader) (Class.java:-2)
01-14 15:07:11.926 24629 24629 I art     :   at java.lang.Class java.lang.Class.forName(java.lang.String, boolean, java.lang.ClassLoader) (Class.java:400)
01-14 15:07:11.926 24629 24629 I art     :   at java.lang.Class android.webkit.WebViewFactory.getProviderClass() (WebViewFactory.java:349)
01-14 15:07:11.926 24629 24629 I art     :   at android.webkit.WebViewFactoryProvider android.webkit.WebViewFactory.getProvider() (WebViewFactory.java:194)
01-14 15:07:11.926 24629 24629 I art     :   at android.webkit.WebViewFactoryProvider android.webkit.WebView.getFactory() (WebView.java:2325)
01-14 15:07:11.926 24629 24629 I art     :   at java.lang.String android.webkit.WebView.findAddress(java.lang.String) (WebView.java:1727)
01-14 15:07:11.926 24629 24629 I art     :   at void android.text.util.Linkify.gatherMapLinks(java.util.ArrayList, android.text.Spannable) (Linkify.java:551)
01-14 15:07:11.926 24629 24629 I art     :   at boolean android.text.util.Linkify.addLinks(android.text.Spannable, int) (Linkify.java:254)
01-14 15:07:11.926 24629 24629 I art     :   at void android.widget.TextView.setText(java.lang.CharSequence, android.widget.TextView$BufferType, boolean, int) (TextView.java:4415)
01-14 15:07:11.926 24629 24629 I art     :   at void android.widget.TextView.setText(java.lang.CharSequence, android.widget.TextView$BufferType) (TextView.java:4336)
01-14 15:07:11.926 24629 24629 I art     :   at void android.widget.TextView.<init>(android.content.Context, android.util.AttributeSet, int, int) (TextView.java:1442)
01-14 15:07:11.926 24629 24629 I art     :   at void android.widget.TextView.<init>(android.content.Context, android.util.AttributeSet, int) (TextView.java:704)
01-14 15:07:11.926 24629 24629 I art     :   at void android.support.v7.widget.AppCompatTextView.<init>(android.content.Context, android.util.AttributeSet, int) (AppCompatTextView.java:76)
01-14 15:07:11.926 24629 24629 I art     :   at void android.support.v7.widget.AppCompatTextView.<init>(android.content.Context, android.util.AttributeSet) (AppCompatTextView.java:72)
01-14 15:07:11.926 24629 24629 I art     :   at android.support.v7.widget.AppCompatTextView android.support.v7.app.AppCompatViewInflater.createTextView(android.content.Context, android.util.AttributeSet) (AppCompatViewInflater.java:176)
01-14 15:07:11.926 24629 24629 I art     :   at android.view.View android.support.v7.app.AppCompatViewInflater.createView(android.view.View, java.lang.String, android.content.Context, android.util.AttributeSet, boolean, boolean, boolean, boolean) (AppCompatViewInflater.java:101)
01-14 15:07:11.926 24629 24629 I art     :   at android.view.View android.support.v7.app.AppCompatDelegateImplV9.createView(android.view.View, java.lang.String, android.content.Context, android.util.AttributeSet) (AppCompatDelegateImplV9.java:1035)
01-14 15:07:11.926 24629 24629 I art     :   at android.view.View android.support.v7.app.AppCompatDelegateImplV9.onCreateView(android.view.View, java.lang.String, android.content.Context, android.util.AttributeSet) (AppCompatDelegateImplV9.java:1092)
01-14 15:07:11.926 24629 24629 I art     :   at android.view.View android.view.LayoutInflater.createViewFromTag(android.view.View, java.lang.String, android.content.Context, android.util.AttributeSet, boolean) (LayoutInflater.java:769)
01-14 15:07:11.926 24629 24629 I art     :   at android.view.View android.view.LayoutInflater.createViewFromTag(android.view.View, java.lang.String, android.content.Context, android.util.AttributeSet) (LayoutInflater.java:727)
01-14 15:07:11.926 24629 24629 I art     :   at android.view.View android.view.LayoutInflater.inflate(org.xmlpull.v1.XmlPullParser, android.view.ViewGroup, boolean) (LayoutInflater.java:495)
01-14 15:07:11.926 24629 24629 I art     :   at android.view.View android.view.LayoutInflater.inflate(int, android.view.ViewGroup, boolean) (LayoutInflater.java:426)
01-14 15:07:11.926 24629 24629 I art     :   at android.view.View android.view.LayoutInflater.inflate(int, android.view.ViewGroup) (LayoutInflater.java:377)
01-14 15:07:11.927 24629 24629 I art     :   at android.app.Dialog com.android.gpstest.GpsTestActivity.createWhatsNewDialog() (GpsTestActivity.java:1237)
01-14 15:07:11.927 24629 24629 I art     :   at android.app.Dialog com.android.gpstest.GpsTestActivity.onCreateDialog(int) (GpsTestActivity.java:1228)
01-14 15:07:11.927 24629 24629 I art     :   at android.app.Dialog android.app.Activity.onCreateDialog(int, android.os.Bundle) (Activity.java:3638)
01-14 15:07:11.927 24629 24629 I art     :   at android.app.Dialog android.app.Activity.createDialog(java.lang.Integer, android.os.Bundle, android.os.Bundle) (Activity.java:1113)
01-14 15:07:11.927 24629 24629 I art     :   at boolean android.app.Activity.showDialog(int, android.os.Bundle) (Activity.java:3732)
01-14 15:07:11.927 24629 24629 I art     :   at void android.app.Activity.showDialog(int) (Activity.java:3690)
01-14 15:07:11.927 24629 24629 I art     :   at void com.android.gpstest.GpsTestActivity.autoShowWhatsNew() (GpsTestActivity.java:1219)
01-14 15:07:11.927 24629 24629 I art     :   at void com.android.gpstest.GpsTestActivity.onCreate(android.os.Bundle) (GpsTestActivity.java:262)
01-14 15:07:11.927 24629 24629 I art     :   at void android.app.Activity.performCreate(android.os.Bundle) (Activity.java:6662)
01-14 15:07:11.927 24629 24629 I art     :   at void android.app.Instrumentation.callActivityOnCreate(android.app.Activity, android.os.Bundle) (Instrumentation.java:1118)
01-14 15:07:11.927 24629 24629 I art     :   at android.app.Activity android.app.ActivityThread.performLaunchActivity(android.app.ActivityThread$ActivityClientRecord, android.content.Intent) (ActivityThread.java:2599)
01-14 15:07:11.927 24629 24629 I art     :   at void android.app.ActivityThread.handleLaunchActivity(android.app.ActivityThread$ActivityClientRecord, android.content.Intent, java.lang.String) (ActivityThread.java:2707)
01-14 15:07:11.927 24629 24629 I art     :   at void android.app.ActivityThread.-wrap12(android.app.ActivityThread, android.app.ActivityThread$ActivityClientRecord, android.content.Intent, java.lang.String) (ActivityThread.java:-1)
01-14 15:07:11.927 24629 24629 I art     :   at void android.app.ActivityThread$H.handleMessage(android.os.Message) (ActivityThread.java:1460)
01-14 15:07:11.927 24629 24629 I art     :   at void android.os.Handler.dispatchMessage(android.os.Message) (Handler.java:102)
01-14 15:07:11.927 24629 24629 I art     :   at void android.os.Looper.loop() (Looper.java:154)
01-14 15:07:11.927 24629 24629 I art     :   at void android.app.ActivityThread.main(java.lang.String[]) (ActivityThread.java:6077)
01-14 15:07:11.927 24629 24629 I art     :   at java.lang.Object java.lang.reflect.Method.invoke!(java.lang.Object, java.lang.Object[]) (Method.java:-2)
01-14 15:07:11.927 24629 24629 I art     :   at void com.android.internal.os.ZygoteInit$MethodAndArgsCaller.run() (ZygoteInit.java:866)
01-14 15:07:11.927 24629 24629 I art     :   at void com.android.internal.os.ZygoteInit.main(java.lang.String[]) (ZygoteInit.java:756)
01-14 15:07:11.927 24629 24629 I art     : Caused by: java.lang.ClassNotFoundException: Didn't find class "android.webkit.TracingController" on path: DexPathList[[zip file "/system/app/Chrome/Chrome.apk"],nativeLibraryDirectories=[/system/app/Chrome/lib/x86_64, /system/app/Chrome/Chrome.apk!/lib/x86_64, /system/lib64, /vendor/lib64, /system/lib64, /vendor/lib64]]
01-14 15:07:11.927 24629 24629 I art     :   at java.lang.Class dalvik.system.BaseDexClassLoader.findClass(java.lang.String) (BaseDexClassLoader.java:56)
01-14 15:07:11.927 24629 24629 I art     :   at java.lang.Class java.lang.ClassLoader.loadClass(java.lang.String, boolean) (ClassLoader.java:380)
01-14 15:07:11.927 24629 24629 I art     :   at java.lang.Class java.lang.ClassLoader.loadClass(java.lang.String) (ClassLoader.java:312)
01-14 15:07:11.927 24629 24629 I art     :   at java.lang.Class java.lang.Class.classForName!(java.lang.String, boolean, java.lang.ClassLoader) (Class.java:-2)
01-14 15:07:11.928 24629 24629 I art     :   at java.lang.Class java.lang.Class.forName(java.lang.String, boolean, java.lang.ClassLoader) (Class.java:400)
01-14 15:07:11.928 24629 24629 I art     :   at java.lang.Class android.webkit.WebViewFactory.getProviderClass() (WebViewFactory.java:349)
01-14 15:07:11.928 24629 24629 I art     :   at android.webkit.WebViewFactoryProvider android.webkit.WebViewFactory.getProvider() (WebViewFactory.java:194)
01-14 15:07:11.928 24629 24629 I art     :   at android.webkit.WebViewFactoryProvider android.webkit.WebView.getFactory() (WebView.java:2325)
01-14 15:07:11.928 24629 24629 I art     :   at java.lang.String android.webkit.WebView.findAddress(java.lang.String) (WebView.java:1727)
01-14 15:07:11.928 24629 24629 I art     :   at void android.text.util.Linkify.gatherMapLinks(java.util.ArrayList, android.text.Spannable) (Linkify.java:551)
01-14 15:07:11.928 24629 24629 I art     :   at boolean android.text.util.Linkify.addLinks(android.text.Spannable, int) (Linkify.java:254)
01-14 15:07:11.928 24629 24629 I art     :   at void android.widget.TextView.setText(java.lang.CharSequence, android.widget.TextView$BufferType, boolean, int) (TextView.java:4415)
01-14 15:07:11.928 24629 24629 I art     :   at void android.widget.TextView.setText(java.lang.CharSequence, android.widget.TextView$BufferType) (TextView.java:4336)
01-14 15:07:11.928 24629 24629 I art     :   at void android.widget.TextView.<init>(android.content.Context, android.util.AttributeSet, int, int) (TextView.java:1442)
01-14 15:07:11.928 24629 24629 I art     :   at void android.widget.TextView.<init>(android.content.Context, android.util.AttributeSet, int) (TextView.java:704)
01-14 15:07:11.928 24629 24629 I art     :   at void android.support.v7.widget.AppCompatTextView.<init>(android.content.Context, android.util.AttributeSet, int) (AppCompatTextView.java:76)
01-14 15:07:11.928 24629 24629 I art     :   at void android.support.v7.widget.AppCompatTextView.<init>(android.content.Context, android.util.AttributeSet) (AppCompatTextView.java:72)
01-14 15:07:11.928 24629 24629 I art     :   at android.support.v7.widget.AppCompatTextView android.support.v7.app.AppCompatViewInflater.createTextView(android.content.Context, android.util.AttributeSet) (AppCompatViewInflater.java:176)
01-14 15:07:11.928 24629 24629 I art     :   at android.view.View android.support.v7.app.AppCompatViewInflater.createView(android.view.View, java.lang.String, android.content.Context, android.util.AttributeSet, boolean, boolean, boolean, boolean) (AppCompatViewInflater.java:101)
01-14 15:07:11.928 24629 24629 I art     :   at android.view.View android.support.v7.app.AppCompatDelegateImplV9.createView(android.view.View, java.lang.String, android.content.Context, android.util.AttributeSet) (AppCompatDelegateImplV9.java:1035)
01-14 15:07:11.928 24629 24629 I art     :   at android.view.View android.support.v7.app.AppCompatDelegateImplV9.onCreateView(android.view.View, java.lang.String, android.content.Context, android.util.AttributeSet) (AppCompatDelegateImplV9.java:1092)
01-14 15:07:11.928 24629 24629 I art     :   at android.view.View android.view.LayoutInflater.createViewFromTag(android.view.View, java.lang.String, android.content.Context, android.util.AttributeSet, boolean) (LayoutInflater.java:769)
01-14 15:07:11.928 24629 24629 I art     :   at android.view.View android.view.LayoutInflater.createViewFromTag(android.view.View, java.lang.String, android.content.Context, android.util.AttributeSet) (LayoutInflater.java:727)
01-14 15:07:11.928 24629 24629 I art     :   at android.view.View android.view.LayoutInflater.inflate(org.xmlpull.v1.XmlPullParser, android.view.ViewGroup, boolean) (LayoutInflater.java:495)
01-14 15:07:11.928 24629 24629 I art     :   at android.view.View android.view.LayoutInflater.inflate(int, android.view.ViewGroup, boolean) (LayoutInflater.java:426)
01-14 15:07:11.928 24629 24629 I art     :   at android.view.View android.view.LayoutInflater.inflate(int, android.view.ViewGroup) (LayoutInflater.java:377)
01-14 15:07:11.928 24629 24629 I art     :   at android.app.Dialog com.android.gpstest.GpsTestActivity.createWhatsNewDialog() (GpsTestActivity.java:1237)
01-14 15:07:11.928 24629 24629 I art     :   at android.app.Dialog com.android.gpstest.GpsTestActivity.onCreateDialog(int) (GpsTestActivity.java:1228)
01-14 15:07:11.928 24629 24629 I art     :   at android.app.Dialog android.app.Activity.onCreateDialog(int, android.os.Bundle) (Activity.java:3638)
01-14 15:07:11.928 24629 24629 I art     :   at android.app.Dialog android.app.Activity.createDialog(java.lang.Integer, android.os.Bundle, android.os.Bundle) (Activity.java:1113)
01-14 15:07:11.929 24629 24629 I art     :   at boolean android.app.Activity.showDialog(int, android.os.Bundle) (Activity.java:3732)
01-14 15:07:11.929 24629 24629 I art     :   at void android.app.Activity.showDialog(int) (Activity.java:3690)
01-14 15:07:11.929 24629 24629 I art     :   at void com.android.gpstest.GpsTestActivity.autoShowWhatsNew() (GpsTestActivity.java:1219)
01-14 15:07:11.929 24629 24629 I art     :   at void com.android.gpstest.GpsTestActivity.onCreate(android.os.Bundle) (GpsTestActivity.java:262)
01-14 15:07:11.929 24629 24629 I art     :   at void android.app.Activity.performCreate(android.os.Bundle) (Activity.java:6662)
01-14 15:07:11.929 24629 24629 I art     :   at void android.app.Instrumentation.callActivityOnCreate(android.app.Activity, android.os.Bundle) (Instrumentation.java:1118)
01-14 15:07:11.929 24629 24629 I art     :   at android.app.Activity android.app.ActivityThread.performLaunchActivity(android.app.ActivityThread$ActivityClientRecord, android.content.Intent) (ActivityThread.java:2599)
01-14 15:07:11.929 24629 24629 I art     :   at void android.app.ActivityThread.handleLaunchActivity(android.app.ActivityThread$ActivityClientRecord, android.content.Intent, java.lang.String) (ActivityThread.java:2707)
01-14 15:07:11.929 24629 24629 I art     :   at void android.app.ActivityThread.-wrap12(android.app.ActivityThread, android.app.ActivityThread$ActivityClientRecord, android.content.Intent, java.lang.String) (ActivityThread.java:-1)
01-14 15:07:11.929 24629 24629 I art     :   at void android.app.ActivityThread$H.handleMessage(android.os.Message) (ActivityThread.java:1460)
01-14 15:07:11.929 24629 24629 I art     :   at void android.os.Handler.dispatchMessage(android.os.Message) (Handler.java:102)
01-14 15:07:11.929 24629 24629 I art     :   at void android.os.Looper.loop() (Looper.java:154)
01-14 15:07:11.929 24629 24629 I art     :   at void android.app.ActivityThread.main(java.lang.String[]) (ActivityThread.java:6077)
01-14 15:07:11.929 24629 24629 I art     :   at java.lang.Object java.lang.reflect.Method.invoke!(java.lang.Object, java.lang.Object[]) (Method.java:-2)
01-14 15:07:11.929 24629 24629 I art     :   at void com.android.internal.os.ZygoteInit$MethodAndArgsCaller.run() (ZygoteInit.java:866)
01-14 15:07:11.929 24629 24629 I art     :   at void com.android.internal.os.ZygoteInit.main(java.lang.String[]) (ZygoteInit.java:756)
01-14 15:07:11.929 24629 24629 I art     : 
01-14 15:07:11.985 24629 24629 I cr_LibraryLoader: Time to load native libraries: 18 ms (timestamps 2276-2294)
01-14 15:07:12.004 24629 24629 I chromium: [INFO:library_loader_hooks.cc(36)] Chromium logging enabled: level = 0, default verbosity = 0
01-14 15:07:12.005 24629 24629 I cr_LibraryLoader: Expected native library version number "69.0.3497.100", actual native library version number "69.0.3497.100"
01-14 15:07:12.026 24629 24651 E cr_VariationsUtils: Failed reading seed file "/data/user/0/com.android.gpstest/app_webview/variations_seed_new": /data/user/0/com.android.gpstest/app_webview/variations_seed_new (No such file or directory)
01-14 15:07:12.026 24629 24651 E cr_VariationsUtils: Failed reading seed file "/data/user/0/com.android.gpstest/app_webview/variations_seed": /data/user/0/com.android.gpstest/app_webview/variations_seed (No such file or directory)
01-14 15:07:12.029 24629 24651 W System  : ClassLoader referenced unknown path: 
01-14 15:07:12.029 24629 24651 W System  : ClassLoader referenced unknown path: /system/app/Chrome/lib/x86_64
01-14 15:07:12.039 24652 24652 W art     : Unexpected CPU variant for X86 using defaults: x86
01-14 15:07:12.045  1697  2650 I ActivityManager: Start proc 24652:com.android.chrome:webview_service/u0a37 for service com.android.chrome/org.chromium.android_webview.services.VariationsSeedServer
01-14 15:07:12.068 24629 24629 I cr_BrowserStartup: Initializing chromium process, singleProcess=true
01-14 15:07:12.070 24629 24629 W ResourceType: For resource 0x7f1204b0, entry index(1200) is beyond type entryCount(1)
01-14 15:07:12.070 24629 24629 W ResourceType: Failure getting entry for 0x7f1204b0 (t=17 e=1200) (error -75)
01-14 15:07:12.081 24652 24652 W System  : ClassLoader referenced unknown path: /system/app/Chrome/lib/x86
01-14 15:07:12.364  1352  1384 E SurfaceFlinger: ro.sf.lcd_density must be defined as a build property
01-14 15:07:12.370 24629 24629 D         : HostConnection::get() New Host Connection established 0x7de1da10b800, tid 24629
01-14 15:07:12.476 24629 24683 D         : HostConnection::get() New Host Connection established 0x7de1da10b5c0, tid 24683
01-14 15:07:12.477 24629 24683 I OpenGLRenderer: Initialized EGL, version 1.4
01-14 15:07:12.477 24629 24683 D OpenGLRenderer: Swap behavior 1
01-14 15:07:12.478 24629 24683 W OpenGLRenderer: Failed to choose config with EGL_SWAP_BEHAVIOR_PRESERVED, retrying without...
01-14 15:07:12.478 24629 24683 D OpenGLRenderer: Swap behavior 0
01-14 15:07:12.479 24629 24683 D EGL_emulation: eglCreateContext: 0x7de1cba987c0: maj 3 min 0 rcv 3
01-14 15:07:12.480 24629 24683 D EGL_emulation: eglMakeCurrent: 0x7de1cba987c0: ver 3 0 (tinfo 0x7de1cbaa3b00)
01-14 15:07:12.480 24629 24683 E eglCodecCommon: glUtilsParamSize: unknow param 0x00008cdf
01-14 15:07:12.481 24629 24683 E eglCodecCommon: glUtilsParamSize: unknow param 0x00008824
01-14 15:07:12.492 24652 24669 W acm     : copyMemory is missing from platform - proto runtime falling back to safer methods.
01-14 15:07:12.494 24629 24632 I art     : Do partial code cache collection, code=18KB, data=30KB
01-14 15:07:12.496 24629 24632 I art     : After code cache collection, code=18KB, data=30KB
01-14 15:07:12.496 24629 24632 I art     : Increasing code cache capacity to 128KB
01-14 15:07:12.526 24629 24683 D EGL_emulation: eglMakeCurrent: 0x7de1cba987c0: ver 3 0 (tinfo 0x7de1cbaa3b00)
01-14 15:07:12.610 24629 24683 D EGL_emulation: eglMakeCurrent: 0x7de1cba987c0: ver 3 0 (tinfo 0x7de1cbaa3b00)
01-14 15:07:12.663  1697  1718 I ActivityManager: Displayed com.android.gpstest/.GpsTestActivity: +1s112ms
01-14 15:07:12.677 24629 24683 D EGL_emulation: eglMakeCurrent: 0x7de1cba987c0: ver 3 0 (tinfo 0x7de1cbaa3b00)
01-14 15:07:12.683 24629 24683 D EGL_emulation: eglMakeCurrent: 0x7de1cba987c0: ver 3 0 (tinfo 0x7de1cbaa3b00)
01-14 15:07:12.724 24629 24689 W cr_CrashFileManager: /data/user/0/com.android.gpstest/cache/WebView/Crash Reports does not exist or is not a directory
01-14 15:07:12.741  1697  2335 I WindowManager: Destroying surface Surface(name=com.android.launcher3/com.android.launcher3.Launcher) called by com.android.server.wm.WindowStateAnimator.destroySurface:2016 com.android.server.wm.WindowStateAnimator.destroySurfaceLocked:882 com.android.server.wm.WindowState.destroyOrSaveSurface:2100 com.android.server.wm.AppWindowToken.destroySurfaces:363 com.android.server.wm.AppWindowToken.notifyAppStopped:389 com.android.server.wm.WindowManagerService.notifyAppStopped:4463 com.android.server.am.ActivityStack.activityStoppedLocked:1252 com.android.server.am.ActivityManagerService.activityStopped:6903 
01-14 15:07:12.859  1697  1718 I WindowManager: Destroying surface Surface(name=Starting com.android.gpstest) called by com.android.server.wm.WindowStateAnimator.destroySurface:2016 com.android.server.wm.WindowStateAnimator.destroySurfaceLocked:882 com.android.server.wm.WindowState.destroyOrSaveSurface:2100 com.android.server.wm.AppWindowToken.destroySurfaces:363 com.android.server.wm.WindowStateAnimator.finishExit:565 com.android.server.wm.WindowStateAnimator.stepAnimationLocked:491 com.android.server.wm.WindowAnimator.updateWindowsLocked:303 com.android.server.wm.WindowAnimator.animateLocked:704 
01-14 15:07:14.076 24629 24683 D EGL_emulation: eglMakeCurrent: 0x7de1cba987c0: ver 3 0 (tinfo 0x7de1cbaa3b00)
01-14 15:07:14.645 24629 24683 D EGL_emulation: eglMakeCurrent: 0x7de1cba987c0: ver 3 0 (tinfo 0x7de1cbaa3b00)
01-14 15:07:18.668 24629 24632 I art     : Do partial code cache collection, code=52KB, data=61KB
01-14 15:07:18.669 24629 24632 I art     : After code cache collection, code=50KB, data=60KB
01-14 15:07:18.669 24629 24632 I art     : Increasing code cache capacity to 256KB
01-14 15:07:19.980  1697  2648 I ActivityManager: Killing 22100:com.android.documentsui/u0a10 (adj 906): empty for 2502s
01-14 15:07:19.999  1697  2335 D ActivityManager: cleanUpApplicationRecord -- 22100
01-14 15:07:26.797 24690 24690 D AndroidRuntime: >>>>>> START com.android.internal.os.RuntimeInit uid 2000 <<<<<<
01-14 15:07:26.799 24690 24690 D AndroidRuntime: CheckJNI is OFF
01-14 15:07:26.818 24690 24690 W art     : Unexpected CPU variant for X86 using defaults: x86_64
01-14 15:07:26.822 24690 24690 D ICU     : No timezone override file found: /data/misc/zoneinfo/current/icu/icu_tzdata.dat
01-14 15:07:26.836 24690 24690 E memtrack: Couldn't load memtrack module (No such file or directory)
01-14 15:07:26.836 24690 24690 E android.os.Debug: failed to load memtrack module: -2
01-14 15:07:26.836 24690 24690 I Radio-JNI: register_android_hardware_Radio DONE
01-14 15:07:26.843 24690 24690 D AndroidRuntime: Calling main entry com.android.commands.content.Content
01-14 15:07:26.848 24690 24690 D AndroidRuntime: Shutting down VM
01-14 15:07:27.027 24700 24700 D AndroidRuntime: >>>>>> START com.android.internal.os.RuntimeInit uid 2000 <<<<<<
01-14 15:07:27.029 24700 24700 D AndroidRuntime: CheckJNI is OFF
01-14 15:07:27.046 24700 24700 W art     : Unexpected CPU variant for X86 using defaults: x86_64
01-14 15:07:27.050 24700 24700 D ICU     : No timezone override file found: /data/misc/zoneinfo/current/icu/icu_tzdata.dat
01-14 15:07:27.064 24700 24700 E memtrack: Couldn't load memtrack module (No such file or directory)
01-14 15:07:27.064 24700 24700 E android.os.Debug: failed to load memtrack module: -2
01-14 15:07:27.064 24700 24700 I Radio-JNI: register_android_hardware_Radio DONE
01-14 15:07:27.068 24700 24700 D AndroidRuntime: Calling main entry com.android.commands.content.Content
01-14 15:07:27.074 24700 24700 D AndroidRuntime: Shutting down VM
01-14 15:07:27.519  1697  2650 I ActivityManager: Killing 22045:com.android.printspooler/u0a66 (adj 906): empty for 2504s
01-14 15:07:27.525  1697  2164 D ActivityManager: cleanUpApplicationRecord -- 22045
01-14 15:07:28.094 24731 24731 D AndroidRuntime: >>>>>> START com.android.internal.os.RuntimeInit uid 2000 <<<<<<
01-14 15:07:28.096 24731 24731 D AndroidRuntime: CheckJNI is OFF
01-14 15:07:28.114 24731 24731 W art     : Unexpected CPU variant for X86 using defaults: x86_64
01-14 15:07:28.128 24731 24731 D ICU     : No timezone override file found: /data/local/tmp/misc/zoneinfo/current/icu/icu_tzdata.dat
01-14 15:07:28.149 24731 24731 E memtrack: Couldn't load memtrack module (No such file or directory)
01-14 15:07:28.149 24731 24731 E android.os.Debug: failed to load memtrack module: -2
01-14 15:07:28.149 24731 24731 I Radio-JNI: register_android_hardware_Radio DONE
01-14 15:07:28.155 24731 24731 D AndroidRuntime: Calling main entry com.android.commands.uiautomator.Launcher
01-14 15:07:29.184 24731 24731 W AccessibilityNodeInfoDumper: Fetch time: 3ms
01-14 15:07:29.185  1697  2650 W WindowManager: Attempted to remove non-existing token: android.os.Binder@55da342
01-14 15:07:29.211 24731 24731 D AndroidRuntime: Shutting down VM
01-14 15:07:29.614 24749 24749 D AndroidRuntime: >>>>>> START com.android.internal.os.RuntimeInit uid 2000 <<<<<<
01-14 15:07:29.616 24749 24749 D AndroidRuntime: CheckJNI is OFF
01-14 15:07:29.635 24749 24749 W art     : Unexpected CPU variant for X86 using defaults: x86_64
01-14 15:07:29.639 24749 24749 D ICU     : No timezone override file found: /data/local/tmp/misc/zoneinfo/current/icu/icu_tzdata.dat
01-14 15:07:29.660 24749 24749 E memtrack: Couldn't load memtrack module (No such file or directory)
01-14 15:07:29.660 24749 24749 E android.os.Debug: failed to load memtrack module: -2
01-14 15:07:29.661 24749 24749 I Radio-JNI: register_android_hardware_Radio DONE
01-14 15:07:29.668 24749 24749 D AndroidRuntime: Calling main entry com.android.commands.uiautomator.Launcher
01-14 15:07:30.717 24749 24749 W AccessibilityNodeInfoDumper: Fetch time: 3ms
01-14 15:07:30.718  1697  1709 W WindowManager: Attempted to remove non-existing token: android.os.Binder@526b18e
01-14 15:07:30.726 24749 24749 D AndroidRuntime: Shutting down VM
01-14 15:07:31.727 24777 24777 D AndroidRuntime: >>>>>> START com.android.internal.os.RuntimeInit uid 2000 <<<<<<
01-14 15:07:31.728 24777 24777 D AndroidRuntime: CheckJNI is OFF
01-14 15:07:31.747 24777 24777 W art     : Unexpected CPU variant for X86 using defaults: x86_64
01-14 15:07:31.752 24777 24777 D ICU     : No timezone override file found: /data/local/tmp/misc/zoneinfo/current/icu/icu_tzdata.dat
01-14 15:07:31.770 24777 24777 E memtrack: Couldn't load memtrack module (No such file or directory)
01-14 15:07:31.770 24777 24777 E android.os.Debug: failed to load memtrack module: -2
01-14 15:07:31.770 24777 24777 I Radio-JNI: register_android_hardware_Radio DONE
01-14 15:07:31.776 24777 24777 D AndroidRuntime: Calling main entry com.android.commands.uiautomator.Launcher
01-14 15:07:32.685  1697  1842 I ActivityManager: Killing 20770:android.process.media/u0a11 (adj 906): empty for 2112s
01-14 15:07:32.745  1697  2339 D ActivityManager: cleanUpApplicationRecord -- 20770
01-14 15:07:32.805 24777 24777 W AccessibilityNodeInfoDumper: Fetch time: 3ms
01-14 15:07:32.805  1697  1708 W WindowManager: Attempted to remove non-existing token: android.os.Binder@819f945
01-14 15:07:32.828 24777 24777 D AndroidRuntime: Shutting down VM
01-14 15:07:33.937 24812 24812 D AndroidRuntime: >>>>>> START com.android.internal.os.RuntimeInit uid 2000 <<<<<<
01-14 15:07:33.939 24812 24812 D AndroidRuntime: CheckJNI is OFF
01-14 15:07:33.956 24812 24812 W art     : Unexpected CPU variant for X86 using defaults: x86_64
01-14 15:07:33.959 24812 24812 D ICU     : No timezone override file found: /data/local/tmp/misc/zoneinfo/current/icu/icu_tzdata.dat
01-14 15:07:33.977 24812 24812 E memtrack: Couldn't load memtrack module (No such file or directory)
01-14 15:07:33.977 24812 24812 E android.os.Debug: failed to load memtrack module: -2
01-14 15:07:33.977 24812 24812 I Radio-JNI: register_android_hardware_Radio DONE
01-14 15:07:33.982 24812 24812 D AndroidRuntime: Calling main entry com.android.commands.uiautomator.Launcher
01-14 15:07:35.010 24812 24812 W AccessibilityNodeInfoDumper: Fetch time: 3ms
01-14 15:07:35.010  1697  1709 W WindowManager: Attempted to remove non-existing token: android.os.Binder@e20d5cb
01-14 15:07:35.028 24812 24812 D AndroidRuntime: Shutting down VM
01-14 15:07:35.422 24834 24834 D AndroidRuntime: >>>>>> START com.android.internal.os.RuntimeInit uid 2000 <<<<<<
01-14 15:07:35.424 24834 24834 D AndroidRuntime: CheckJNI is OFF
01-14 15:07:35.443 24834 24834 W art     : Unexpected CPU variant for X86 using defaults: x86_64
01-14 15:07:35.446 24834 24834 D ICU     : No timezone override file found: /data/local/tmp/misc/zoneinfo/current/icu/icu_tzdata.dat
01-14 15:07:35.468 24834 24834 E memtrack: Couldn't load memtrack module (No such file or directory)
01-14 15:07:35.468 24834 24834 E android.os.Debug: failed to load memtrack module: -2
01-14 15:07:35.469 24834 24834 I Radio-JNI: register_android_hardware_Radio DONE
01-14 15:07:35.475 24834 24834 D AndroidRuntime: Calling main entry com.android.commands.uiautomator.Launcher
01-14 15:07:36.505 24834 24834 W AccessibilityNodeInfoDumper: Fetch time: 3ms
01-14 15:07:36.506  1697  2205 W WindowManager: Attempted to remove non-existing token: android.os.Binder@65e4c1
01-14 15:07:36.526 24834 24834 D AndroidRuntime: Shutting down VM
01-14 15:07:36.678  1352  3608 E SurfaceFlinger: ro.sf.lcd_density must be defined as a build property
01-14 15:07:36.681  1352  1384 D gralloc_ranchu: gralloc_alloc: Creating ashmem region of size 8294400
01-14 15:07:36.684 24846 24846 D         : HostConnection::get() New Host Connection established 0x7346cd82d4e0, tid 24846
01-14 15:07:36.723 20534 20545 I art     : Background partial concurrent mark sweep GC freed 5622(243KB) AllocSpace objects, 0(0B) LOS objects, 40% free, 4MB/7MB, paused 5.039ms total 25.242ms
01-14 15:07:37.026 24851 24851 D AndroidRuntime: >>>>>> START com.android.internal.os.RuntimeInit uid 2000 <<<<<<
01-14 15:07:37.028 24851 24851 D AndroidRuntime: CheckJNI is OFF
01-14 15:07:37.046 24851 24851 W art     : Unexpected CPU variant for X86 using defaults: x86_64
01-14 15:07:37.050 24851 24851 D ICU     : No timezone override file found: /data/misc/zoneinfo/current/icu/icu_tzdata.dat
01-14 15:07:37.067 24851 24851 E memtrack: Couldn't load memtrack module (No such file or directory)
01-14 15:07:37.067 24851 24851 E android.os.Debug: failed to load memtrack module: -2
01-14 15:07:37.068 24851 24851 I Radio-JNI: register_android_hardware_Radio DONE
01-14 15:07:37.073 24851 24851 D AndroidRuntime: Calling main entry com.android.commands.am.Am
01-14 15:07:37.091 24860 24860 W art     : Unexpected CPU variant for X86 using defaults: x86_64
01-14 15:07:37.093  1697  1711 I ActivityManager: Start proc 24860:android.process.media/u0a11 for broadcast com.android.providers.media/.MediaScannerReceiver
01-14 15:07:37.115 24860 24860 W System  : ClassLoader referenced unknown path: /system/priv-app/MediaProvider/lib/x86_64
01-14 15:07:37.130 24860 24860 W System  : ClassLoader referenced unknown path: /system/priv-app/DownloadProvider/lib/x86_64
01-14 15:07:37.167 24860 24860 D MediaScannerReceiver: action: android.intent.action.MEDIA_SCANNER_SCAN_FILE path: /storage/emulated/0/screen.png
01-14 15:07:37.170 24851 24851 D AndroidRuntime: Shutting down VM
01-14 15:07:37.200  1697  2335 I ActivityManager: Killing 24338:com.google.android.configupdater/u0a5 (adj 906): empty for 2117s
01-14 15:07:37.206  1697  1708 D ActivityManager: cleanUpApplicationRecord -- 24338
01-14 15:07:39.450 24880 24880 D AndroidRuntime: >>>>>> START com.android.internal.os.RuntimeInit uid 2000 <<<<<<
01-14 15:07:39.452 24880 24880 D AndroidRuntime: CheckJNI is OFF
01-14 15:07:39.471 24880 24880 W art     : Unexpected CPU variant for X86 using defaults: x86_64
01-14 15:07:39.475 24880 24880 D ICU     : No timezone override file found: /data/local/tmp/misc/zoneinfo/current/icu/icu_tzdata.dat
01-14 15:07:39.500 24880 24880 E memtrack: Couldn't load memtrack module (No such file or directory)
01-14 15:07:39.500 24880 24880 E android.os.Debug: failed to load memtrack module: -2
01-14 15:07:39.500 24880 24880 I Radio-JNI: register_android_hardware_Radio DONE
01-14 15:07:39.506 24880 24880 D AndroidRuntime: Calling main entry com.android.commands.uiautomator.Launcher
01-14 15:07:40.543 24880 24880 W AccessibilityNodeInfoDumper: Fetch time: 3ms
01-14 15:07:40.544  1697  2647 W WindowManager: Attempted to remove non-existing token: android.os.Binder@57cc09f
01-14 15:07:40.559 24880 24880 D AndroidRuntime: Shutting down VM
01-14 15:07:42.886 24897 24897 D AndroidRuntime: >>>>>> START com.android.internal.os.RuntimeInit uid 2000 <<<<<<
01-14 15:07:42.888 24897 24897 D AndroidRuntime: CheckJNI is OFF
01-14 15:07:42.908 24897 24897 W art     : Unexpected CPU variant for X86 using defaults: x86_64
01-14 15:07:42.912 24897 24897 D ICU     : No timezone override file found: /data/local/tmp/misc/zoneinfo/current/icu/icu_tzdata.dat
01-14 15:07:42.934 24897 24897 E memtrack: Couldn't load memtrack module (No such file or directory)
01-14 15:07:42.934 24897 24897 E android.os.Debug: failed to load memtrack module: -2
01-14 15:07:42.935 24897 24897 I Radio-JNI: register_android_hardware_Radio DONE
01-14 15:07:42.940 24897 24897 D AndroidRuntime: Calling main entry com.android.commands.uiautomator.Launcher
01-14 15:07:43.974 24897 24897 W AccessibilityNodeInfoDumper: Fetch time: 3ms
01-14 15:07:43.974  1697  1708 W WindowManager: Attempted to remove non-existing token: android.os.Binder@284bdb5
01-14 15:07:43.996 24897 24897 D AndroidRuntime: Shutting down VM
01-14 15:07:44.332 24915 24915 D AndroidRuntime: >>>>>> START com.android.internal.os.RuntimeInit uid 2000 <<<<<<
01-14 15:07:44.334 24915 24915 D AndroidRuntime: CheckJNI is OFF
01-14 15:07:44.355 24915 24915 W art     : Unexpected CPU variant for X86 using defaults: x86_64
01-14 15:07:44.359 24915 24915 D ICU     : No timezone override file found: /data/local/tmp/misc/zoneinfo/current/icu/icu_tzdata.dat
01-14 15:07:44.379 24915 24915 E memtrack: Couldn't load memtrack module (No such file or directory)
01-14 15:07:44.379 24915 24915 E android.os.Debug: failed to load memtrack module: -2
01-14 15:07:44.379 24915 24915 I Radio-JNI: register_android_hardware_Radio DONE
01-14 15:07:44.385 24915 24915 D AndroidRuntime: Calling main entry com.android.commands.uiautomator.Launcher
01-14 15:07:45.415 24915 24915 W AccessibilityNodeInfoDumper: Fetch time: 2ms
01-14 15:07:45.416  1697  1870 W WindowManager: Attempted to remove non-existing token: android.os.Binder@3908031
01-14 15:07:45.423 24915 24915 D AndroidRuntime: Shutting down VM
01-14 15:07:45.770 24932 24932 D AndroidRuntime: >>>>>> START com.android.internal.os.RuntimeInit uid 2000 <<<<<<
01-14 15:07:45.773 24932 24932 D AndroidRuntime: CheckJNI is OFF
01-14 15:07:45.793 24932 24932 W art     : Unexpected CPU variant for X86 using defaults: x86_64
01-14 15:07:45.797 24932 24932 D ICU     : No timezone override file found: /data/local/tmp/misc/zoneinfo/current/icu/icu_tzdata.dat
01-14 15:07:45.818 24932 24932 E memtrack: Couldn't load memtrack module (No such file or directory)
01-14 15:07:45.819 24932 24932 E android.os.Debug: failed to load memtrack module: -2
01-14 15:07:45.819 24932 24932 I Radio-JNI: register_android_hardware_Radio DONE
01-14 15:07:45.824 24932 24932 D AndroidRuntime: Calling main entry com.android.commands.uiautomator.Launcher
01-14 15:07:46.854 24932 24932 W AccessibilityNodeInfoDumper: Fetch time: 2ms
01-14 15:07:46.855  1697  2648 W WindowManager: Attempted to remove non-existing token: android.os.Binder@8402497
01-14 15:07:46.878 24932 24932 D AndroidRuntime: Shutting down VM
01-14 15:07:47.216 24954 24954 W art     : Unexpected CPU variant for X86 using defaults: x86
01-14 15:07:47.224  1697  1697 I ActivityManager: Start proc 24954:com.google.android.apps.photos/u0a62 for service com.google.android.apps.photos/.mediamonitor.MediaMonitorJobSchedulerService
01-14 15:07:47.263 24954 24954 W System  : ClassLoader referenced unknown path: /system/app/Photos/lib/x86
01-14 15:07:47.588  1697  2339 I ActivityManager: Killing 24394:com.google.android.gms.unstable/u0a14 (adj 906): empty for 1962s
01-14 15:07:47.643  1697  1842 D ActivityManager: cleanUpApplicationRecord -- 24394
01-14 15:07:47.675 24952 24952 D AndroidRuntime: >>>>>> START com.android.internal.os.RuntimeInit uid 2000 <<<<<<
01-14 15:07:47.678 24952 24952 D AndroidRuntime: CheckJNI is OFF
01-14 15:07:47.704 24952 24952 W art     : Unexpected CPU variant for X86 using defaults: x86_64
01-14 15:07:47.709 24952 24952 D ICU     : No timezone override file found: /data/local/tmp/misc/zoneinfo/current/icu/icu_tzdata.dat
01-14 15:07:47.788 24952 24952 E memtrack: Couldn't load memtrack module (No such file or directory)
01-14 15:07:47.788 24952 24952 E android.os.Debug: failed to load memtrack module: -2
01-14 15:07:47.790 24952 24952 I Radio-JNI: register_android_hardware_Radio DONE
01-14 15:07:47.807 24952 24952 D AndroidRuntime: Calling main entry com.android.commands.uiautomator.Launcher
01-14 15:07:48.845 24952 24952 W AccessibilityNodeInfoDumper: Fetch time: 6ms
01-14 15:07:48.845  1697  2207 W WindowManager: Attempted to remove non-existing token: android.os.Binder@8248f23
01-14 15:07:48.859 24952 24952 D AndroidRuntime: Shutting down VM
01-14 15:07:49.125 24996 24996 D AndroidRuntime: >>>>>> START com.android.internal.os.RuntimeInit uid 2000 <<<<<<
01-14 15:07:49.128 24996 24996 D AndroidRuntime: CheckJNI is OFF
