01-14 15:10:01.065 26631 26631 I art     :   at void android.text.util.Linkify.gatherMapLinks(java.util.ArrayList, android.text.Spannable) (Linkify.java:551)
01-14 15:10:01.065 26631 26631 I art     :   at boolean android.text.util.Linkify.addLinks(android.text.Spannable, int) (Linkify.java:254)
01-14 15:10:01.065 26631 26631 I art     :   at void android.widget.TextView.setText(java.lang.CharSequence, android.widget.TextView$BufferType, boolean, int) (TextView.java:4415)
01-14 15:10:01.065 26631 26631 I art     :   at void android.widget.TextView.setText(java.lang.CharSequence, android.widget.TextView$BufferType) (TextView.java:4336)
01-14 15:10:01.065 26631 26631 I art     :   at void android.widget.TextView.<init>(android.content.Context, android.util.AttributeSet, int, int) (TextView.java:1442)
01-14 15:10:01.065 26631 26631 I art     :   at void android.widget.TextView.<init>(android.content.Context, android.util.AttributeSet, int) (TextView.java:704)
01-14 15:10:01.065 26631 26631 I art     :   at void android.support.v7.widget.AppCompatTextView.<init>(android.content.Context, android.util.AttributeSet, int) (AppCompatTextView.java:76)
01-14 15:10:01.065 26631 26631 I art     :   at void android.support.v7.widget.AppCompatTextView.<init>(android.content.Context, android.util.AttributeSet) (AppCompatTextView.java:72)
01-14 15:10:01.065 26631 26631 I art     :   at android.support.v7.widget.AppCompatTextView android.support.v7.app.AppCompatViewInflater.createTextView(android.content.Context, android.util.AttributeSet) (AppCompatViewInflater.java:176)
01-14 15:10:01.065 26631 26631 I art     :   at android.view.View android.support.v7.app.AppCompatViewInflater.createView(android.view.View, java.lang.String, android.content.Context, android.util.AttributeSet, boolean, boolean, boolean, boolean) (AppCompatViewInflater.java:101)
01-14 15:10:01.065 26631 26631 I art     :   at android.view.View android.support.v7.app.AppCompatDelegateImplV9.createView(android.view.View, java.lang.String, android.content.Context, android.util.AttributeSet) (AppCompatDelegateImplV9.java:1035)
01-14 15:10:01.065 26631 26631 I art     :   at android.view.View android.support.v7.app.AppCompatDelegateImplV9.onCreateView(android.view.View, java.lang.String, android.content.Context, android.util.AttributeSet) (AppCompatDelegateImplV9.java:1092)
01-14 15:10:01.066 26631 26631 I art     :   at android.view.View android.view.LayoutInflater.createViewFromTag(android.view.View, java.lang.String, android.content.Context, android.util.AttributeSet, boolean) (LayoutInflater.java:769)
01-14 15:10:01.066 26631 26631 I art     :   at android.view.View android.view.LayoutInflater.createViewFromTag(android.view.View, java.lang.String, android.content.Context, android.util.AttributeSet) (LayoutInflater.java:727)
01-14 15:10:01.066 26631 26631 I art     :   at android.view.View android.view.LayoutInflater.inflate(org.xmlpull.v1.XmlPullParser, android.view.ViewGroup, boolean) (LayoutInflater.java:495)
01-14 15:10:01.066 26631 26631 I art     :   at android.view.View android.view.LayoutInflater.inflate(int, android.view.ViewGroup, boolean) (LayoutInflater.java:426)
01-14 15:10:01.066 26631 26631 I art     :   at android.view.View android.view.LayoutInflater.inflate(int, android.view.ViewGroup) (LayoutInflater.java:377)
01-14 15:10:01.066 26631 26631 I art     :   at android.app.Dialog com.android.gpstest.GpsTestActivity.createWhatsNewDialog() (GpsTestActivity.java:1237)
01-14 15:10:01.066 26631 26631 I art     :   at android.app.Dialog com.android.gpstest.GpsTestActivity.onCreateDialog(int) (GpsTestActivity.java:1228)
01-14 15:10:01.066 26631 26631 I art     :   at android.app.Dialog android.app.Activity.onCreateDialog(int, android.os.Bundle) (Activity.java:3638)
01-14 15:10:01.066 26631 26631 I art     :   at android.app.Dialog android.app.Activity.createDialog(java.lang.Integer, android.os.Bundle, android.os.Bundle) (Activity.java:1113)
01-14 15:10:01.066 26631 26631 I art     :   at boolean android.app.Activity.showDialog(int, android.os.Bundle) (Activity.java:3732)
01-14 15:10:01.066 26631 26631 I art     :   at void android.app.Activity.showDialog(int) (Activity.java:3690)
01-14 15:10:01.066 26631 26631 I art     :   at void com.android.gpstest.GpsTestActivity.autoShowWhatsNew() (GpsTestActivity.java:1219)
01-14 15:10:01.066 26631 26631 I art     :   at void com.android.gpstest.GpsTestActivity.onCreate(android.os.Bundle) (GpsTestActivity.java:262)
01-14 15:10:01.066 26631 26631 I art     :   at void android.app.Activity.performCreate(android.os.Bundle) (Activity.java:6662)
01-14 15:10:01.066 26631 26631 I art     :   at void android.app.Instrumentation.callActivityOnCreate(android.app.Activity, android.os.Bundle) (Instrumentation.java:1118)
01-14 15:10:01.066 26631 26631 I art     :   at android.app.Activity android.app.ActivityThread.performLaunchActivity(android.app.ActivityThread$ActivityClientRecord, android.content.Intent) (ActivityThread.java:2599)
01-14 15:10:01.066 26631 26631 I art     :   at void android.app.ActivityThread.handleLaunchActivity(android.app.ActivityThread$ActivityClientRecord, android.content.Intent, java.lang.String) (ActivityThread.java:2707)
01-14 15:10:01.066 26631 26631 I art     :   at void android.app.ActivityThread.-wrap12(android.app.ActivityThread, android.app.ActivityThread$ActivityClientRecord, android.content.Intent, java.lang.String) (ActivityThread.java:-1)
01-14 15:10:01.066 26631 26631 I art     :   at void android.app.ActivityThread$H.handleMessage(android.os.Message) (ActivityThread.java:1460)
01-14 15:10:01.066 26631 26631 I art     :   at void android.os.Handler.dispatchMessage(android.os.Message) (Handler.java:102)
01-14 15:10:01.066 26631 26631 I art     :   at void android.os.Looper.loop() (Looper.java:154)
01-14 15:10:01.067 26631 26631 I art     :   at void android.app.ActivityThread.main(java.lang.String[]) (ActivityThread.java:6077)
01-14 15:10:01.067 26631 26631 I art     :   at java.lang.Object java.lang.reflect.Method.invoke!(java.lang.Object, java.lang.Object[]) (Method.java:-2)
01-14 15:10:01.067 26631 26631 I art     :   at void com.android.internal.os.ZygoteInit$MethodAndArgsCaller.run() (ZygoteInit.java:866)
01-14 15:10:01.067 26631 26631 I art     :   at void com.android.internal.os.ZygoteInit.main(java.lang.String[]) (ZygoteInit.java:756)
01-14 15:10:01.067 26631 26631 I art     : Caused by: java.lang.ClassNotFoundException: Didn't find class "android.webkit.TracingController" on path: DexPathList[[zip file "/system/app/Chrome/Chrome.apk"],nativeLibraryDirectories=[/system/app/Chrome/lib/x86_64, /system/app/Chrome/Chrome.apk!/lib/x86_64, /system/lib64, /vendor/lib64, /system/lib64, /vendor/lib64]]
01-14 15:10:01.067 26631 26631 I art     :   at java.lang.Class dalvik.system.BaseDexClassLoader.findClass(java.lang.String) (BaseDexClassLoader.java:56)
01-14 15:10:01.067 26631 26631 I art     :   at java.lang.Class java.lang.ClassLoader.loadClass(java.lang.String, boolean) (ClassLoader.java:380)
01-14 15:10:01.067 26631 26631 I art     :   at java.lang.Class java.lang.ClassLoader.loadClass(java.lang.String) (ClassLoader.java:312)
01-14 15:10:01.067 26631 26631 I art     :   at java.lang.Class java.lang.Class.classForName!(java.lang.String, boolean, java.lang.ClassLoader) (Class.java:-2)
01-14 15:10:01.067 26631 26631 I art     :   at java.lang.Class java.lang.Class.forName(java.lang.String, boolean, java.lang.ClassLoader) (Class.java:400)
01-14 15:10:01.067 26631 26631 I art     :   at java.lang.Class android.webkit.WebViewFactory.getProviderClass() (WebViewFactory.java:349)
01-14 15:10:01.067 26631 26631 I art     :   at android.webkit.WebViewFactoryProvider android.webkit.WebViewFactory.getProvider() (WebViewFactory.java:194)
01-14 15:10:01.067 26631 26631 I art     :   at android.webkit.WebViewFactoryProvider android.webkit.WebView.getFactory() (WebView.java:2325)
01-14 15:10:01.067 26631 26631 I art     :   at java.lang.String android.webkit.WebView.findAddress(java.lang.String) (WebView.java:1727)
01-14 15:10:01.067 26631 26631 I art     :   at void android.text.util.Linkify.gatherMapLinks(java.util.ArrayList, android.text.Spannable) (Linkify.java:551)
01-14 15:10:01.067 26631 26631 I art     :   at boolean android.text.util.Linkify.addLinks(android.text.Spannable, int) (Linkify.java:254)
01-14 15:10:01.067 26631 26631 I art     :   at void android.widget.TextView.setText(java.lang.CharSequence, android.widget.TextView$BufferType, boolean, int) (TextView.java:4415)
01-14 15:10:01.067 26631 26631 I art     :   at void android.widget.TextView.setText(java.lang.CharSequence, android.widget.TextView$BufferType) (TextView.java:4336)
01-14 15:10:01.067 26631 26631 I art     :   at void android.widget.TextView.<init>(android.content.Context, android.util.AttributeSet, int, int) (TextView.java:1442)
01-14 15:10:01.067 26631 26631 I art     :   at void android.widget.TextView.<init>(android.content.Context, android.util.AttributeSet, int) (TextView.java:704)
01-14 15:10:01.067 26631 26631 I art     :   at void android.support.v7.widget.AppCompatTextView.<init>(android.content.Context, android.util.AttributeSet, int) (AppCompatTextView.java:76)
01-14 15:10:01.067 26631 26631 I art     :   at void android.support.v7.widget.AppCompatTextView.<init>(android.content.Context, android.util.AttributeSet) (AppCompatTextView.java:72)
01-14 15:10:01.067 26631 26631 I art     :   at android.support.v7.widget.AppCompatTextView android.support.v7.app.AppCompatViewInflater.createTextView(android.content.Context, android.util.AttributeSet) (AppCompatViewInflater.java:176)
01-14 15:10:01.067 26631 26631 I art     :   at android.view.View android.support.v7.app.AppCompatViewInflater.createView(android.view.View, java.lang.String, android.content.Context, android.util.AttributeSet, boolean, boolean, boolean, boolean) (AppCompatViewInflater.java:101)
01-14 15:10:01.068 26631 26631 I art     :   at android.view.View android.support.v7.app.AppCompatDelegateImplV9.createView(android.view.View, java.lang.String, android.content.Context, android.util.AttributeSet) (AppCompatDelegateImplV9.java:1035)
01-14 15:10:01.068 26631 26631 I art     :   at android.view.View android.support.v7.app.AppCompatDelegateImplV9.onCreateView(android.view.View, java.lang.String, android.content.Context, android.util.AttributeSet) (AppCompatDelegateImplV9.java:1092)
01-14 15:10:01.068 26631 26631 I art     :   at android.view.View android.view.LayoutInflater.createViewFromTag(android.view.View, java.lang.String, android.content.Context, android.util.AttributeSet, boolean) (LayoutInflater.java:769)
01-14 15:10:01.068 26631 26631 I art     :   at android.view.View android.view.LayoutInflater.createViewFromTag(android.view.View, java.lang.String, android.content.Context, android.util.AttributeSet) (LayoutInflater.java:727)
01-14 15:10:01.068 26631 26631 I art     :   at android.view.View android.view.LayoutInflater.inflate(org.xmlpull.v1.XmlPullParser, android.view.ViewGroup, boolean) (LayoutInflater.java:495)
01-14 15:10:01.068 26631 26631 I art     :   at android.view.View android.view.LayoutInflater.inflate(int, android.view.ViewGroup, boolean) (LayoutInflater.java:426)
01-14 15:10:01.068 26631 26631 I art     :   at android.view.View android.view.LayoutInflater.inflate(int, android.view.ViewGroup) (LayoutInflater.java:377)
01-14 15:10:01.068 26631 26631 I art     :   at android.app.Dialog com.android.gpstest.GpsTestActivity.createWhatsNewDialog() (GpsTestActivity.java:1237)
01-14 15:10:01.068 26631 26631 I art     :   at android.app.Dialog com.android.gpstest.GpsTestActivity.onCreateDialog(int) (GpsTestActivity.java:1228)
01-14 15:10:01.068 26631 26631 I art     :   at android.app.Dialog android.app.Activity.onCreateDialog(int, android.os.Bundle) (Activity.java:3638)
01-14 15:10:01.068 26631 26631 I art     :   at android.app.Dialog android.app.Activity.createDialog(java.lang.Integer, android.os.Bundle, android.os.Bundle) (Activity.java:1113)
01-14 15:10:01.068 26631 26631 I art     :   at boolean android.app.Activity.showDialog(int, android.os.Bundle) (Activity.java:3732)
01-14 15:10:01.068 26631 26631 I art     :   at void android.app.Activity.showDialog(int) (Activity.java:3690)
01-14 15:10:01.068 26631 26631 I art     :   at void com.android.gpstest.GpsTestActivity.autoShowWhatsNew() (GpsTestActivity.java:1219)
01-14 15:10:01.068 26631 26631 I art     :   at void com.android.gpstest.GpsTestActivity.onCreate(android.os.Bundle) (GpsTestActivity.java:262)
01-14 15:10:01.068 26631 26631 I art     :   at void android.app.Activity.performCreate(android.os.Bundle) (Activity.java:6662)
01-14 15:10:01.068 26631 26631 I art     :   at void android.app.Instrumentation.callActivityOnCreate(android.app.Activity, android.os.Bundle) (Instrumentation.java:1118)
01-14 15:10:01.068 26631 26631 I art     :   at android.app.Activity android.app.ActivityThread.performLaunchActivity(android.app.ActivityThread$ActivityClientRecord, android.content.Intent) (ActivityThread.java:2599)
01-14 15:10:01.068 26631 26631 I art     :   at void android.app.ActivityThread.handleLaunchActivity(android.app.ActivityThread$ActivityClientRecord, android.content.Intent, java.lang.String) (ActivityThread.java:2707)
01-14 15:10:01.068 26631 26631 I art     :   at void android.app.ActivityThread.-wrap12(android.app.ActivityThread, android.app.ActivityThread$ActivityClientRecord, android.content.Intent, java.lang.String) (ActivityThread.java:-1)
01-14 15:10:01.068 26631 26631 I art     :   at void android.app.ActivityThread$H.handleMessage(android.os.Message) (ActivityThread.java:1460)
01-14 15:10:01.068 26631 26631 I art     :   at void android.os.Handler.dispatchMessage(android.os.Message) (Handler.java:102)
01-14 15:10:01.068 26631 26631 I art     :   at void android.os.Looper.loop() (Looper.java:154)
01-14 15:10:01.068 26631 26631 I art     :   at void android.app.ActivityThread.main(java.lang.String[]) (ActivityThread.java:6077)
01-14 15:10:01.068 26631 26631 I art     :   at java.lang.Object java.lang.reflect.Method.invoke!(java.lang.Object, java.lang.Object[]) (Method.java:-2)
01-14 15:10:01.068 26631 26631 I art     :   at void com.android.internal.os.ZygoteInit$MethodAndArgsCaller.run() (ZygoteInit.java:866)
01-14 15:10:01.068 26631 26631 I art     :   at void com.android.internal.os.ZygoteInit.main(java.lang.String[]) (ZygoteInit.java:756)
01-14 15:10:01.068 26631 26631 I art     : 
01-14 15:10:01.100 26631 26631 I cr_LibraryLoader: Time to load native libraries: 19 ms (timestamps 1390-1409)
01-14 15:10:01.115 26631 26631 I chromium: [INFO:library_loader_hooks.cc(36)] Chromium logging enabled: level = 0, default verbosity = 0
01-14 15:10:01.115 26631 26631 I cr_LibraryLoader: Expected native library version number "69.0.3497.100", actual native library version number "69.0.3497.100"
01-14 15:10:01.115 26631 26653 E cr_VariationsUtils: Failed reading seed file "/data/user/0/com.android.gpstest/app_webview/variations_seed_new": /data/user/0/com.android.gpstest/app_webview/variations_seed_new (No such file or directory)
01-14 15:10:01.115 26631 26653 E cr_VariationsUtils: Failed reading seed file "/data/user/0/com.android.gpstest/app_webview/variations_seed": /data/user/0/com.android.gpstest/app_webview/variations_seed (No such file or directory)
01-14 15:10:01.116 26631 26653 W System  : ClassLoader referenced unknown path: 
01-14 15:10:01.116 26631 26653 W System  : ClassLoader referenced unknown path: /system/app/Chrome/lib/x86_64
01-14 15:10:01.130 26631 26631 I cr_BrowserStartup: Initializing chromium process, singleProcess=true
01-14 15:10:01.134 26631 26631 W ResourceType: For resource 0x7f1204b0, entry index(1200) is beyond type entryCount(1)
01-14 15:10:01.134 26631 26631 W ResourceType: Failure getting entry for 0x7f1204b0 (t=17 e=1200) (error -75)
01-14 15:10:01.200  1352  3608 E SurfaceFlinger: ro.sf.lcd_density must be defined as a build property
01-14 15:10:01.204 26631 26631 D         : HostConnection::get() New Host Connection established 0x7de1cbc84a40, tid 26631
01-14 15:10:01.266 26631 26634 I art     : Do partial code cache collection, code=19KB, data=30KB
01-14 15:10:01.267 26631 26634 I art     : After code cache collection, code=19KB, data=30KB
01-14 15:10:01.267 26631 26634 I art     : Increasing code cache capacity to 128KB
01-14 15:10:01.276 26631 26670 D         : HostConnection::get() New Host Connection established 0x7de1deb2d700, tid 26670
01-14 15:10:01.280 26631 26670 I OpenGLRenderer: Initialized EGL, version 1.4
01-14 15:10:01.281 26631 26670 D OpenGLRenderer: Swap behavior 1
01-14 15:10:01.281 26631 26670 W OpenGLRenderer: Failed to choose config with EGL_SWAP_BEHAVIOR_PRESERVED, retrying without...
01-14 15:10:01.281 26631 26670 D OpenGLRenderer: Swap behavior 0
01-14 15:10:01.283 26631 26670 D EGL_emulation: eglCreateContext: 0x7de1deb5cae0: maj 3 min 0 rcv 3
01-14 15:10:01.283 26631 26670 D EGL_emulation: eglMakeCurrent: 0x7de1deb5cae0: ver 3 0 (tinfo 0x7de1deb6d000)
01-14 15:10:01.284 26631 26670 E eglCodecCommon: glUtilsParamSize: unknow param 0x00008cdf
01-14 15:10:01.284 26631 26670 E eglCodecCommon: glUtilsParamSize: unknow param 0x00008824
01-14 15:10:01.324 26631 26670 D EGL_emulation: eglMakeCurrent: 0x7de1deb5cae0: ver 3 0 (tinfo 0x7de1deb6d000)
01-14 15:10:01.408 26631 26670 D EGL_emulation: eglMakeCurrent: 0x7de1deb5cae0: ver 3 0 (tinfo 0x7de1deb6d000)
01-14 15:10:01.462  1697  1718 I ActivityManager: Displayed com.android.gpstest/.GpsTestActivity: +665ms
01-14 15:10:01.469 26631 26670 D EGL_emulation: eglMakeCurrent: 0x7de1deb5cae0: ver 3 0 (tinfo 0x7de1deb6d000)
01-14 15:10:01.498 26631 26670 D EGL_emulation: eglMakeCurrent: 0x7de1deb5cae0: ver 3 0 (tinfo 0x7de1deb6d000)
01-14 15:10:01.539 26631 26675 W cr_CrashFileManager: /data/user/0/com.android.gpstest/cache/WebView/Crash Reports does not exist or is not a directory
01-14 15:10:01.683  1697  1718 I WindowManager: Destroying surface Surface(name=Starting com.android.gpstest) called by com.android.server.wm.WindowStateAnimator.destroySurface:2016 com.android.server.wm.WindowStateAnimator.destroySurfaceLocked:882 com.android.server.wm.WindowState.destroyOrSaveSurface:2100 com.android.server.wm.AppWindowToken.destroySurfaces:363 com.android.server.wm.WindowStateAnimator.finishExit:565 com.android.server.wm.WindowStateAnimator.stepAnimationLocked:491 com.android.server.wm.WindowAnimator.updateWindowsLocked:303 com.android.server.wm.WindowAnimator.animateLocked:704 
01-14 15:10:01.690  1697  1709 I WindowManager: Destroying surface Surface(name=com.android.launcher3/com.android.launcher3.Launcher) called by com.android.server.wm.WindowStateAnimator.destroySurface:2016 com.android.server.wm.WindowStateAnimator.destroySurfaceLocked:882 com.android.server.wm.WindowState.destroyOrSaveSurface:2100 com.android.server.wm.AppWindowToken.destroySurfaces:363 com.android.server.wm.AppWindowToken.notifyAppStopped:389 com.android.server.wm.WindowManagerService.notifyAppStopped:4463 com.android.server.am.ActivityStack.activityStoppedLocked:1252 com.android.server.am.ActivityManagerService.activityStopped:6903 
01-14 15:10:02.874 26631 26670 D EGL_emulation: eglMakeCurrent: 0x7de1deb5cae0: ver 3 0 (tinfo 0x7de1deb6d000)
01-14 15:10:03.046 26631 26670 D EGL_emulation: eglMakeCurrent: 0x7de1deb5cae0: ver 3 0 (tinfo 0x7de1deb6d000)
01-14 15:10:03.057 26631 26670 D EGL_emulation: eglMakeCurrent: 0x7de1deb5cae0: ver 3 0 (tinfo 0x7de1deb6d000)
01-14 15:10:03.060 26631 26670 D EGL_emulation: eglMakeCurrent: 0x7de1deb5cae0: ver 3 0 (tinfo 0x7de1deb6d000)
01-14 15:10:03.074 26631 26670 D EGL_emulation: eglMakeCurrent: 0x7de1deb5cae0: ver 3 0 (tinfo 0x7de1deb6d000)
01-14 15:10:04.028 26631 26670 D EGL_emulation: eglMakeCurrent: 0x7de1deb5cae0: ver 3 0 (tinfo 0x7de1deb6d000)
01-14 15:10:07.047 26631 26634 I art     : Do partial code cache collection, code=52KB, data=61KB
01-14 15:10:07.047 26631 26634 I art     : After code cache collection, code=50KB, data=60KB
01-14 15:10:07.047 26631 26634 I art     : Increasing code cache capacity to 256KB
01-14 15:10:16.020 26678 26678 D AndroidRuntime: >>>>>> START com.android.internal.os.RuntimeInit uid 2000 <<<<<<
01-14 15:10:16.021 26678 26678 D AndroidRuntime: CheckJNI is OFF
01-14 15:10:16.040 26678 26678 W art     : Unexpected CPU variant for X86 using defaults: x86_64
01-14 15:10:16.043 26678 26678 D ICU     : No timezone override file found: /data/misc/zoneinfo/current/icu/icu_tzdata.dat
01-14 15:10:16.061 26678 26678 E memtrack: Couldn't load memtrack module (No such file or directory)
01-14 15:10:16.062 26678 26678 E android.os.Debug: failed to load memtrack module: -2
01-14 15:10:16.062 26678 26678 I Radio-JNI: register_android_hardware_Radio DONE
01-14 15:10:16.068 26678 26678 D AndroidRuntime: Calling main entry com.android.commands.content.Content
01-14 15:10:16.075 26678 26678 D AndroidRuntime: Shutting down VM
01-14 15:10:16.255 26688 26688 D AndroidRuntime: >>>>>> START com.android.internal.os.RuntimeInit uid 2000 <<<<<<
01-14 15:10:16.257 26688 26688 D AndroidRuntime: CheckJNI is OFF
01-14 15:10:16.274 26688 26688 W art     : Unexpected CPU variant for X86 using defaults: x86_64
01-14 15:10:16.278 26688 26688 D ICU     : No timezone override file found: /data/misc/zoneinfo/current/icu/icu_tzdata.dat
01-14 15:10:16.290 26688 26688 E memtrack: Couldn't load memtrack module (No such file or directory)
01-14 15:10:16.290 26688 26688 E android.os.Debug: failed to load memtrack module: -2
01-14 15:10:16.290 26688 26688 I Radio-JNI: register_android_hardware_Radio DONE
01-14 15:10:16.296 26688 26688 D AndroidRuntime: Calling main entry com.android.commands.content.Content
01-14 15:10:16.302 26688 26688 D AndroidRuntime: Shutting down VM
01-14 15:10:17.438 26717 26717 D AndroidRuntime: >>>>>> START com.android.internal.os.RuntimeInit uid 2000 <<<<<<
01-14 15:10:17.443 26717 26717 D AndroidRuntime: CheckJNI is OFF
01-14 15:10:17.472 26717 26717 W art     : Unexpected CPU variant for X86 using defaults: x86_64
01-14 15:10:17.479 26717 26717 D ICU     : No timezone override file found: /data/local/tmp/misc/zoneinfo/current/icu/icu_tzdata.dat
01-14 15:10:17.512 26717 26717 E memtrack: Couldn't load memtrack module (No such file or directory)
01-14 15:10:17.512 26717 26717 E android.os.Debug: failed to load memtrack module: -2
01-14 15:10:17.514 26717 26717 I Radio-JNI: register_android_hardware_Radio DONE
01-14 15:10:17.525 26717 26717 D AndroidRuntime: Calling main entry com.android.commands.uiautomator.Launcher
01-14 15:10:18.571 26717 26717 W AccessibilityNodeInfoDumper: Fetch time: 4ms
01-14 15:10:18.573  1697  2647 W WindowManager: Attempted to remove non-existing token: android.os.Binder@d343a40
01-14 15:10:18.597 26717 26717 D AndroidRuntime: Shutting down VM
01-14 15:10:18.919 26735 26735 D AndroidRuntime: >>>>>> START com.android.internal.os.RuntimeInit uid 2000 <<<<<<
01-14 15:10:18.920 26735 26735 D AndroidRuntime: CheckJNI is OFF
01-14 15:10:18.941 26735 26735 W art     : Unexpected CPU variant for X86 using defaults: x86_64
01-14 15:10:18.965 26735 26735 D ICU     : No timezone override file found: /data/local/tmp/misc/zoneinfo/current/icu/icu_tzdata.dat
01-14 15:10:18.988 26735 26735 E memtrack: Couldn't load memtrack module (No such file or directory)
01-14 15:10:18.988 26735 26735 E android.os.Debug: failed to load memtrack module: -2
01-14 15:10:18.989 26735 26735 I Radio-JNI: register_android_hardware_Radio DONE
01-14 15:10:18.995 26735 26735 D AndroidRuntime: Calling main entry com.android.commands.uiautomator.Launcher
01-14 15:10:20.025 26735 26735 W AccessibilityNodeInfoDumper: Fetch time: 3ms
01-14 15:10:20.025  1697  2207 W WindowManager: Attempted to remove non-existing token: android.os.Binder@d42ba6c
01-14 15:10:20.040 26735 26735 D AndroidRuntime: Shutting down VM
01-14 15:10:21.017 26763 26763 D AndroidRuntime: >>>>>> START com.android.internal.os.RuntimeInit uid 2000 <<<<<<
01-14 15:10:21.018 26763 26763 D AndroidRuntime: CheckJNI is OFF
01-14 15:10:21.036 26763 26763 W art     : Unexpected CPU variant for X86 using defaults: x86_64
01-14 15:10:21.039 26763 26763 D ICU     : No timezone override file found: /data/local/tmp/misc/zoneinfo/current/icu/icu_tzdata.dat
01-14 15:10:21.056 26763 26763 E memtrack: Couldn't load memtrack module (No such file or directory)
01-14 15:10:21.056 26763 26763 E android.os.Debug: failed to load memtrack module: -2
01-14 15:10:21.057 26763 26763 I Radio-JNI: register_android_hardware_Radio DONE
01-14 15:10:21.064 26763 26763 D AndroidRuntime: Calling main entry com.android.commands.uiautomator.Launcher
01-14 15:10:22.100 26763 26763 W AccessibilityNodeInfoDumper: Fetch time: 2ms
01-14 15:10:22.101  1697  1842 W WindowManager: Attempted to remove non-existing token: android.os.Binder@8d71158
01-14 15:10:22.108 26763 26763 D AndroidRuntime: Shutting down VM
01-14 15:10:23.180 26798 26798 D AndroidRuntime: >>>>>> START com.android.internal.os.RuntimeInit uid 2000 <<<<<<
01-14 15:10:23.181 26798 26798 D AndroidRuntime: CheckJNI is OFF
01-14 15:10:23.200 26798 26798 W art     : Unexpected CPU variant for X86 using defaults: x86_64
01-14 15:10:23.203 26798 26798 D ICU     : No timezone override file found: /data/local/tmp/misc/zoneinfo/current/icu/icu_tzdata.dat
01-14 15:10:23.221 26798 26798 E memtrack: Couldn't load memtrack module (No such file or directory)
01-14 15:10:23.221 26798 26798 E android.os.Debug: failed to load memtrack module: -2
01-14 15:10:23.222 26798 26798 I Radio-JNI: register_android_hardware_Radio DONE
01-14 15:10:23.226 26798 26798 D AndroidRuntime: Calling main entry com.android.commands.uiautomator.Launcher
01-14 15:10:24.256 26798 26798 W AccessibilityNodeInfoDumper: Fetch time: 3ms
01-14 15:10:24.257  1697  2648 W WindowManager: Attempted to remove non-existing token: android.os.Binder@e312396
01-14 15:10:24.276 26798 26798 D AndroidRuntime: Shutting down VM
01-14 15:10:24.652 26819 26819 D AndroidRuntime: >>>>>> START com.android.internal.os.RuntimeInit uid 2000 <<<<<<
01-14 15:10:24.654 26819 26819 D AndroidRuntime: CheckJNI is OFF
01-14 15:10:24.672 26819 26819 W art     : Unexpected CPU variant for X86 using defaults: x86_64
01-14 15:10:24.677 26819 26819 D ICU     : No timezone override file found: /data/local/tmp/misc/zoneinfo/current/icu/icu_tzdata.dat
01-14 15:10:24.697 26819 26819 E memtrack: Couldn't load memtrack module (No such file or directory)
01-14 15:10:24.697 26819 26819 E android.os.Debug: failed to load memtrack module: -2
01-14 15:10:24.698 26819 26819 I Radio-JNI: register_android_hardware_Radio DONE
01-14 15:10:24.704 26819 26819 D AndroidRuntime: Calling main entry com.android.commands.uiautomator.Launcher
01-14 15:10:25.731 26819 26819 W AccessibilityNodeInfoDumper: Fetch time: 3ms
01-14 15:10:25.732  1697  1708 W WindowManager: Attempted to remove non-existing token: android.os.Binder@657eb04
01-14 15:10:25.740 26819 26819 D AndroidRuntime: Shutting down VM
01-14 15:10:25.892  1352  2209 E SurfaceFlinger: ro.sf.lcd_density must be defined as a build property
01-14 15:10:25.895  1352  1370 D gralloc_ranchu: gralloc_alloc: Creating ashmem region of size 8294400
01-14 15:10:25.898 26831 26831 D         : HostConnection::get() New Host Connection established 0x7b64aec2d4e0, tid 26831
01-14 15:10:26.197 26836 26836 D AndroidRuntime: >>>>>> START com.android.internal.os.RuntimeInit uid 2000 <<<<<<
01-14 15:10:26.199 26836 26836 D AndroidRuntime: CheckJNI is OFF
01-14 15:10:26.218 26836 26836 W art     : Unexpected CPU variant for X86 using defaults: x86_64
01-14 15:10:26.222 26836 26836 D ICU     : No timezone override file found: /data/misc/zoneinfo/current/icu/icu_tzdata.dat
01-14 15:10:26.236 26836 26836 E memtrack: Couldn't load memtrack module (No such file or directory)
01-14 15:10:26.236 26836 26836 E android.os.Debug: failed to load memtrack module: -2
01-14 15:10:26.237 26836 26836 I Radio-JNI: register_android_hardware_Radio DONE
01-14 15:10:26.242 26836 26836 D AndroidRuntime: Calling main entry com.android.commands.am.Am
01-14 15:10:26.254 24860 24860 D MediaScannerReceiver: action: android.intent.action.MEDIA_SCANNER_SCAN_FILE path: /storage/emulated/0/screen.png
01-14 15:10:26.257 26836 26836 D AndroidRuntime: Shutting down VM
01-14 15:10:28.527 26849 26849 D AndroidRuntime: >>>>>> START com.android.internal.os.RuntimeInit uid 2000 <<<<<<
01-14 15:10:28.529 26849 26849 D AndroidRuntime: CheckJNI is OFF
01-14 15:10:28.548 26849 26849 W art     : Unexpected CPU variant for X86 using defaults: x86_64
01-14 15:10:28.552 26849 26849 D ICU     : No timezone override file found: /data/local/tmp/misc/zoneinfo/current/icu/icu_tzdata.dat
01-14 15:10:28.575 26849 26849 E memtrack: Couldn't load memtrack module (No such file or directory)
01-14 15:10:28.575 26849 26849 E android.os.Debug: failed to load memtrack module: -2
01-14 15:10:28.575 26849 26849 I Radio-JNI: register_android_hardware_Radio DONE
01-14 15:10:28.581 26849 26849 D AndroidRuntime: Calling main entry com.android.commands.uiautomator.Launcher
01-14 15:10:29.611 26849 26849 W AccessibilityNodeInfoDumper: Fetch time: 3ms
01-14 15:10:29.612  1697  2339 W WindowManager: Attempted to remove non-existing token: android.os.Binder@43ab6e9
01-14 15:10:29.626 26849 26849 D AndroidRuntime: Shutting down VM
01-14 15:10:31.937 26866 26866 D AndroidRuntime: >>>>>> START com.android.internal.os.RuntimeInit uid 2000 <<<<<<
01-14 15:10:31.939 26866 26866 D AndroidRuntime: CheckJNI is OFF
01-14 15:10:31.958 26866 26866 W art     : Unexpected CPU variant for X86 using defaults: x86_64
01-14 15:10:31.962 26866 26866 D ICU     : No timezone override file found: /data/local/tmp/misc/zoneinfo/current/icu/icu_tzdata.dat
01-14 15:10:31.984 26866 26866 E memtrack: Couldn't load memtrack module (No such file or directory)
01-14 15:10:31.984 26866 26866 E android.os.Debug: failed to load memtrack module: -2
01-14 15:10:31.984 26866 26866 I Radio-JNI: register_android_hardware_Radio DONE
01-14 15:10:31.989 26866 26866 D AndroidRuntime: Calling main entry com.android.commands.uiautomator.Launcher
01-14 15:10:33.027 26866 26866 W AccessibilityNodeInfoDumper: Fetch time: 3ms
01-14 15:10:33.027  1697  1842 W WindowManager: Attempted to remove non-existing token: android.os.Binder@ea2b47a
01-14 15:10:33.047 26866 26866 D AndroidRuntime: Shutting down VM
01-14 15:10:33.383 26883 26883 D AndroidRuntime: >>>>>> START com.android.internal.os.RuntimeInit uid 2000 <<<<<<
01-14 15:10:33.386 26883 26883 D AndroidRuntime: CheckJNI is OFF
01-14 15:10:33.405 26883 26883 W art     : Unexpected CPU variant for X86 using defaults: x86_64
01-14 15:10:33.408 26883 26883 D ICU     : No timezone override file found: /data/local/tmp/misc/zoneinfo/current/icu/icu_tzdata.dat
01-14 15:10:33.430 26883 26883 E memtrack: Couldn't load memtrack module (No such file or directory)
01-14 15:10:33.430 26883 26883 E android.os.Debug: failed to load memtrack module: -2
01-14 15:10:33.431 26883 26883 I Radio-JNI: register_android_hardware_Radio DONE
01-14 15:10:33.437 26883 26883 D AndroidRuntime: Calling main entry com.android.commands.uiautomator.Launcher
01-14 15:10:34.472 26883 26883 W AccessibilityNodeInfoDumper: Fetch time: 3ms
01-14 15:10:34.473  1697  1870 W WindowManager: Attempted to remove non-existing token: android.os.Binder@e5d8088
01-14 15:10:34.496 26883 26883 D AndroidRuntime: Shutting down VM
01-14 15:10:34.822 26900 26900 D AndroidRuntime: >>>>>> START com.android.internal.os.RuntimeInit uid 2000 <<<<<<
01-14 15:10:34.824 26900 26900 D AndroidRuntime: CheckJNI is OFF
01-14 15:10:34.843 26900 26900 W art     : Unexpected CPU variant for X86 using defaults: x86_64
01-14 15:10:34.847 26900 26900 D ICU     : No timezone override file found: /data/local/tmp/misc/zoneinfo/current/icu/icu_tzdata.dat
01-14 15:10:34.866 26900 26900 E memtrack: Couldn't load memtrack module (No such file or directory)
01-14 15:10:34.867 26900 26900 E android.os.Debug: failed to load memtrack module: -2
01-14 15:10:34.867 26900 26900 I Radio-JNI: register_android_hardware_Radio DONE
01-14 15:10:34.873 26900 26900 D AndroidRuntime: Calling main entry com.android.commands.uiautomator.Launcher
01-14 15:10:35.905 26900 26900 W AccessibilityNodeInfoDumper: Fetch time: 2ms
01-14 15:10:35.906  1697  2335 W WindowManager: Attempted to remove non-existing token: android.os.Binder@8e1d34
01-14 15:10:35.930 26900 26900 D AndroidRuntime: Shutting down VM
01-14 15:10:36.318 26920 26920 D AndroidRuntime: >>>>>> START com.android.internal.os.RuntimeInit uid 2000 <<<<<<
01-14 15:10:36.320 26920 26920 D AndroidRuntime: CheckJNI is OFF
01-14 15:10:36.339 26920 26920 W art     : Unexpected CPU variant for X86 using defaults: x86_64
01-14 15:10:36.343 26920 26920 D ICU     : No timezone override file found: /data/local/tmp/misc/zoneinfo/current/icu/icu_tzdata.dat
01-14 15:10:36.367 26920 26920 E memtrack: Couldn't load memtrack module (No such file or directory)
01-14 15:10:36.367 26920 26920 E android.os.Debug: failed to load memtrack module: -2
01-14 15:10:36.368 26920 26920 I Radio-JNI: register_android_hardware_Radio DONE
01-14 15:10:36.373 26920 26920 D AndroidRuntime: Calling main entry com.android.commands.uiautomator.Launcher
01-14 15:10:37.403 26920 26920 W AccessibilityNodeInfoDumper: Fetch time: 3ms
01-14 15:10:37.403  1697  2650 W WindowManager: Attempted to remove non-existing token: android.os.Binder@e9f58d2
01-14 15:10:37.429 26920 26920 D AndroidRuntime: Shutting down VM
01-14 15:10:37.691 26933 26933 D AndroidRuntime: >>>>>> START com.android.internal.os.RuntimeInit uid 2000 <<<<<<
01-14 15:10:37.693 26933 26933 D AndroidRuntime: CheckJNI is OFF
01-14 15:10:37.712 26933 26933 W art     : Unexpected CPU variant for X86 using defaults: x86_64
01-14 15:10:37.716 26933 26933 D ICU     : No timezone override file found: /data/misc/zoneinfo/current/icu/icu_tzdata.dat
01-14 15:10:37.734 26933 26933 E memtrack: Couldn't load memtrack module (No such file or directory)
01-14 15:10:37.734 26933 26933 E android.os.Debug: failed to load memtrack module: -2
01-14 15:10:37.734 26933 26933 I Radio-JNI: register_android_hardware_Radio DONE
01-14 15:10:37.739 26933 26933 D AndroidRuntime: Calling main entry com.android.commands.input.Input
01-14 15:10:37.747 26933 26933 I Input   : injectMotionEvent: MotionEvent { action=ACTION_DOWN, actionButton=0, id[0]=0, x[0]=189.0, y[0]=1171.0, toolType[0]=TOOL_TYPE_UNKNOWN, buttonState=0, metaState=0, flags=0x0, edgeFlags=0x0, pointerCount=1, historySize=0, eventTime=42158049, downTime=42158049, deviceId=0, source=0x1002 }
01-14 15:10:37.751 26933 26933 I Input   : injectMotionEvent: MotionEvent { action=ACTION_UP, actionButton=0, id[0]=0, x[0]=189.0, y[0]=1171.0, toolType[0]=TOOL_TYPE_UNKNOWN, buttonState=0, metaState=0, flags=0x0, edgeFlags=0x0, pointerCount=1, historySize=0, eventTime=42158049, downTime=42158049, deviceId=0, source=0x1002 }
01-14 15:10:37.753 26933 26933 D AndroidRuntime: Shutting down VM
01-14 15:10:37.757 26631 26670 D EGL_emulation: eglMakeCurrent: 0x7de1deb5cae0: ver 3 0 (tinfo 0x7de1deb6d000)
01-14 15:10:37.765 26631 26670 D EGL_emulation: eglMakeCurrent: 0x7de1deb5cae0: ver 3 0 (tinfo 0x7de1deb6d000)
01-14 15:10:37.769  1446  1469 W audio_hw_generic: Not supplying enough data to HAL, expected position 16786888 , only wrote 16786800
01-14 15:10:37.960  1446  1469 W audio_hw_generic: Not supplying enough data to HAL, expected position 16795958 , only wrote 16789680
01-14 15:10:37.960  1446  1469 W audio_hw_generic: Not supplying enough data to HAL, expected position 16789687 , only wrote 16789680
01-14 15:10:37.960  1446  1469 W audio_hw_generic: Hardware backing HAL too slow, could only write 0 of 720 frames
01-14 15:10:37.974  1697  1718 W art     : Long monitor contention with owner Binder:1697_3 (1842) at void com.android.server.wm.WindowManagerService.removeWindow(com.android.server.wm.Session, android.view.IWindow)(WindowManagerService.java:2301) waiters=0 in void com.android.server.wm.WindowManagerService$H.handleMessage(android.os.Message) for 204ms
01-14 15:10:37.976  1446  1469 W audio_hw_generic: Hardware backing HAL too slow, could only write 0 of 720 frames
01-14 15:10:37.990 26631 26670 D EGL_emulation: eglMakeCurrent: 0x7de1deb5cae0: ver 3 0 (tinfo 0x7de1deb6d000)
01-14 15:10:38.005  1446  1470 D AudioFlinger: mixer(0xf0983ec0) throttle end: throttle time(12)
01-14 15:10:38.158  1697  1718 I WindowManager: Destroying surface Surface(name=com.android.gpstest/com.android.gpstest.GpsTestActivity) called by com.android.server.wm.WindowStateAnimator.destroySurface:2016 com.android.server.wm.WindowStateAnimator.destroySurfaceLocked:882 com.android.server.wm.WindowState.destroyOrSaveSurface:2100 com.android.server.wm.AppWindowToken.destroySurfaces:363 com.android.server.wm.WindowStateAnimator.finishExit:565 com.android.server.wm.WindowStateAnimator.stepAnimationLocked:491 com.android.server.wm.WindowAnimator.updateWindowsLocked:303 com.android.server.wm.WindowAnimator.animateLocked:704 
01-14 15:10:40.564 26950 26950 W ls      : type=1400 audit(0.0:431): avc: denied { getattr } for path="/proc/sysrq-trigger" dev="proc" ino=4026532069 scontext=u:r:shell:s0 tcontext=u:object_r:proc_sysrq:s0 tclass=file permissive=0
01-14 15:10:40.574 26950 26950 W ls      : type=1400 audit(0.0:432): avc: denied { getattr } for path="/proc/iomem" dev="proc" ino=4026532007 scontext=u:r:shell:s0 tcontext=u:object_r:proc_iomem:s0 tclass=file permissive=0
01-14 15:10:41.205  1446  1470 W audio_hw_generic: Not supplying enough data to HAL, expected position 17098966 , only wrote 16945200
01-14 15:10:42.323 27237 27237 D AndroidRuntime: >>>>>> START com.android.internal.os.RuntimeInit uid 2000 <<<<<<
01-14 15:10:42.324 27237 27237 D AndroidRuntime: CheckJNI is OFF
01-14 15:10:42.343 27237 27237 W art     : Unexpected CPU variant for X86 using defaults: x86_64
01-14 15:10:42.346 27237 27237 D ICU     : No timezone override file found: /data/local/tmp/misc/zoneinfo/current/icu/icu_tzdata.dat
01-14 15:10:42.364 27237 27237 E memtrack: Couldn't load memtrack module (No such file or directory)
01-14 15:10:42.364 27237 27237 E android.os.Debug: failed to load memtrack module: -2
01-14 15:10:42.364 27237 27237 I Radio-JNI: register_android_hardware_Radio DONE
01-14 15:10:42.369 27237 27237 D AndroidRuntime: Calling main entry com.android.commands.uiautomator.Launcher
01-14 15:10:44.453  1854 27474 E WakeLock: GCM_HB_ALARM release without a matched acquire!
01-14 15:10:53.129  1697  1842 W WindowManager: Attempted to remove non-existing token: android.os.Binder@8aa24f6
01-14 15:10:53.138 27237 27237 D AndroidRuntime: Shutting down VM
01-14 15:10:54.115 27266 27266 D AndroidRuntime: >>>>>> START com.android.internal.os.RuntimeInit uid 2000 <<<<<<
01-14 15:10:54.117 27266 27266 D AndroidRuntime: CheckJNI is OFF
01-14 15:10:54.151 27266 27266 W art     : Unexpected CPU variant for X86 using defaults: x86_64
01-14 15:10:54.154 27266 27266 D ICU     : No timezone override file found: /data/local/tmp/misc/zoneinfo/current/icu/icu_tzdata.dat
01-14 15:10:54.176 27266 27266 E memtrack: Couldn't load memtrack module (No such file or directory)
01-14 15:10:54.176 27266 27266 E android.os.Debug: failed to load memtrack module: -2
01-14 15:10:54.177 27266 27266 I Radio-JNI: register_android_hardware_Radio DONE
01-14 15:10:54.184 27266 27266 D AndroidRuntime: Calling main entry com.android.commands.uiautomator.Launcher
01-14 15:11:04.262  1697  2205 W WindowManager: Attempted to remove non-existing token: android.os.Binder@3cb9a82
01-14 15:11:04.267 27266 27266 D AndroidRuntime: Shutting down VM
01-14 15:11:04.625 27285 27285 D AndroidRuntime: >>>>>> START com.android.internal.os.RuntimeInit uid 2000 <<<<<<
01-14 15:11:04.627 27285 27285 D AndroidRuntime: CheckJNI is OFF
01-14 15:11:04.647 27285 27285 W art     : Unexpected CPU variant for X86 using defaults: x86_64
01-14 15:11:04.651 27285 27285 D ICU     : No timezone override file found: /data/local/tmp/misc/zoneinfo/current/icu/icu_tzdata.dat
01-14 15:11:04.675 27285 27285 E memtrack: Couldn't load memtrack module (No such file or directory)
01-14 15:11:04.675 27285 27285 E android.os.Debug: failed to load memtrack module: -2
01-14 15:11:04.675 27285 27285 I Radio-JNI: register_android_hardware_Radio DONE
01-14 15:11:04.680 27285 27285 D AndroidRuntime: Calling main entry com.android.commands.uiautomator.Launcher
01-14 15:11:15.162  1697  2627 W WindowManager: Attempted to remove non-existing token: android.os.Binder@39cdcce
01-14 15:11:15.169 27285 27285 D AndroidRuntime: Shutting down VM
01-14 15:11:16.151 27313 27313 D AndroidRuntime: >>>>>> START com.android.internal.os.RuntimeInit uid 2000 <<<<<<
01-14 15:11:16.153 27313 27313 D AndroidRuntime: CheckJNI is OFF
01-14 15:11:16.176 27313 27313 W art     : Unexpected CPU variant for X86 using defaults: x86_64
01-14 15:11:16.179 27313 27313 D ICU     : No timezone override file found: /data/local/tmp/misc/zoneinfo/current/icu/icu_tzdata.dat
01-14 15:11:16.197 27313 27313 E memtrack: Couldn't load memtrack module (No such file or directory)
01-14 15:11:16.197 27313 27313 E android.os.Debug: failed to load memtrack module: -2
01-14 15:11:16.198 27313 27313 I Radio-JNI: register_android_hardware_Radio DONE
01-14 15:11:16.204 27313 27313 D AndroidRuntime: Calling main entry com.android.commands.uiautomator.Launcher
01-14 15:11:23.198 26631 26634 I art     : Do full code cache collection, code=125KB, data=117KB
01-14 15:11:23.200 26631 26634 I art     : After code cache collection, code=109KB, data=85KB
01-14 15:11:26.315  1697  2207 W WindowManager: Attempted to remove non-existing token: android.os.Binder@62df7da
01-14 15:11:26.323 27313 27313 D AndroidRuntime: Shutting down VM
01-14 15:11:27.427 27348 27348 D AndroidRuntime: >>>>>> START com.android.internal.os.RuntimeInit uid 2000 <<<<<<
01-14 15:11:27.429 27348 27348 D AndroidRuntime: CheckJNI is OFF
01-14 15:11:27.447 27348 27348 W art     : Unexpected CPU variant for X86 using defaults: x86_64
01-14 15:11:27.451 27348 27348 D ICU     : No timezone override file found: /data/local/tmp/misc/zoneinfo/current/icu/icu_tzdata.dat
01-14 15:11:27.473 27348 27348 E memtrack: Couldn't load memtrack module (No such file or directory)
01-14 15:11:27.473 27348 27348 E android.os.Debug: failed to load memtrack module: -2
01-14 15:11:27.474 27348 27348 I Radio-JNI: register_android_hardware_Radio DONE
01-14 15:11:27.480 27348 27348 D AndroidRuntime: Calling main entry com.android.commands.uiautomator.Launcher
01-14 15:11:38.235  1697  2647 W WindowManager: Attempted to remove non-existing token: android.os.Binder@883b7a6
01-14 15:11:38.240 27348 27348 D AndroidRuntime: Shutting down VM
01-14 15:11:38.466  1352  1368 E SurfaceFlinger: ro.sf.lcd_density must be defined as a build property
01-14 15:11:38.469  1352  1370 D gralloc_ranchu: gralloc_alloc: Creating ashmem region of size 8294400
01-14 15:11:38.472 27364 27364 D         : HostConnection::get() New Host Connection established 0x771f6362d4e0, tid 27364
01-14 15:11:38.792 27369 27369 D AndroidRuntime: >>>>>> START com.android.internal.os.RuntimeInit uid 2000 <<<<<<
01-14 15:11:38.794 27369 27369 D AndroidRuntime: CheckJNI is OFF
01-14 15:11:38.816 27369 27369 W art     : Unexpected CPU variant for X86 using defaults: x86_64
01-14 15:11:38.820 27369 27369 D ICU     : No timezone override file found: /data/misc/zoneinfo/current/icu/icu_tzdata.dat
01-14 15:11:38.843 27369 27369 E memtrack: Couldn't load memtrack module (No such file or directory)
01-14 15:11:38.843 27369 27369 E android.os.Debug: failed to load memtrack module: -2
01-14 15:11:38.844 27369 27369 I Radio-JNI: register_android_hardware_Radio DONE
01-14 15:11:38.851 27369 27369 D AndroidRuntime: Calling main entry com.android.commands.am.Am
01-14 15:11:38.866 24860 24860 D MediaScannerReceiver: action: android.intent.action.MEDIA_SCANNER_SCAN_FILE path: /storage/emulated/0/screen.png
01-14 15:11:38.870 27369 27369 D AndroidRuntime: Shutting down VM
01-14 15:11:41.287 27382 27382 D AndroidRuntime: >>>>>> START com.android.internal.os.RuntimeInit uid 2000 <<<<<<
01-14 15:11:41.289 27382 27382 D AndroidRuntime: CheckJNI is OFF
01-14 15:11:41.315 27382 27382 W art     : Unexpected CPU variant for X86 using defaults: x86_64
01-14 15:11:41.330 27382 27382 D ICU     : No timezone override file found: /data/local/tmp/misc/zoneinfo/current/icu/icu_tzdata.dat
01-14 15:11:41.350 27382 27382 E memtrack: Couldn't load memtrack module (No such file or directory)
01-14 15:11:41.350 27382 27382 E android.os.Debug: failed to load memtrack module: -2
01-14 15:11:41.351 27382 27382 I Radio-JNI: register_android_hardware_Radio DONE
01-14 15:11:41.356 27382 27382 D AndroidRuntime: Calling main entry com.android.commands.uiautomator.Launcher
01-14 15:11:51.398  1697  2647 W WindowManager: Attempted to remove non-existing token: android.os.Binder@760157e
01-14 15:11:51.409 27382 27382 D AndroidRuntime: Shutting down VM
01-14 15:11:51.418 27382 27388 W art     : No such thread id for suspend: 1
01-14 15:11:53.748 27400 27400 D AndroidRuntime: >>>>>> START com.android.internal.os.RuntimeInit uid 2000 <<<<<<
01-14 15:11:53.750 27400 27400 D AndroidRuntime: CheckJNI is OFF
01-14 15:11:53.770 27400 27400 W art     : Unexpected CPU variant for X86 using defaults: x86_64
01-14 15:11:53.774 27400 27400 D ICU     : No timezone override file found: /data/local/tmp/misc/zoneinfo/current/icu/icu_tzdata.dat
01-14 15:11:53.800 27400 27400 E memtrack: Couldn't load memtrack module (No such file or directory)
01-14 15:11:53.800 27400 27400 E android.os.Debug: failed to load memtrack module: -2
01-14 15:11:53.801 27400 27400 I Radio-JNI: register_android_hardware_Radio DONE
01-14 15:11:53.809 27400 27400 D AndroidRuntime: Calling main entry com.android.commands.uiautomator.Launcher
01-14 15:12:04.327  1697  2164 W WindowManager: Attempted to remove non-existing token: android.os.Binder@6f23bc4
01-14 15:12:04.335 27400 27400 D AndroidRuntime: Shutting down VM
01-14 15:12:04.673 27417 27417 D AndroidRuntime: >>>>>> START com.android.internal.os.RuntimeInit uid 2000 <<<<<<
01-14 15:12:04.675 27417 27417 D AndroidRuntime: CheckJNI is OFF
01-14 15:12:04.694 27417 27417 W art     : Unexpected CPU variant for X86 using defaults: x86_64
01-14 15:12:04.698 27417 27417 D ICU     : No timezone override file found: /data/local/tmp/misc/zoneinfo/current/icu/icu_tzdata.dat
01-14 15:12:04.720 27417 27417 E memtrack: Couldn't load memtrack module (No such file or directory)
01-14 15:12:04.720 27417 27417 E android.os.Debug: failed to load memtrack module: -2
01-14 15:12:04.720 27417 27417 I Radio-JNI: register_android_hardware_Radio DONE
01-14 15:12:04.727 27417 27417 D AndroidRuntime: Calling main entry com.android.commands.uiautomator.Launcher
01-14 15:12:15.363  1697  2207 W WindowManager: Attempted to remove non-existing token: android.os.Binder@6b95030
01-14 15:12:15.370 27417 27417 D AndroidRuntime: Shutting down VM
01-14 15:12:15.689 27434 27434 D AndroidRuntime: >>>>>> START com.android.internal.os.RuntimeInit uid 2000 <<<<<<
01-14 15:12:15.691 27434 27434 D AndroidRuntime: CheckJNI is OFF
01-14 15:12:15.710 27434 27434 W art     : Unexpected CPU variant for X86 using defaults: x86_64
01-14 15:12:15.714 27434 27434 D ICU     : No timezone override file found: /data/local/tmp/misc/zoneinfo/current/icu/icu_tzdata.dat
01-14 15:12:15.735 27434 27434 E memtrack: Couldn't load memtrack module (No such file or directory)
01-14 15:12:15.736 27434 27434 E android.os.Debug: failed to load memtrack module: -2
01-14 15:12:15.736 27434 27434 I Radio-JNI: register_android_hardware_Radio DONE
01-14 15:12:15.741 27434 27434 D AndroidRuntime: Calling main entry com.android.commands.uiautomator.Launcher
01-14 15:12:19.539  1697  1807 I WifiConnectivityManager: start a single scan from watchdogHandler
01-14 15:12:19.539  1697  1807 I WifiConnectivityManager: scheduleWatchdogTimer
01-14 15:12:26.431  1697  2647 W WindowManager: Attempted to remove non-existing token: android.os.Binder@89b3f5c
01-14 15:12:26.438 27434 27434 D AndroidRuntime: Shutting down VM
01-14 15:12:26.844 27454 27454 D AndroidRuntime: >>>>>> START com.android.internal.os.RuntimeInit uid 2000 <<<<<<
01-14 15:12:26.847 27454 27454 D AndroidRuntime: CheckJNI is OFF
01-14 15:12:26.868 27454 27454 W art     : Unexpected CPU variant for X86 using defaults: x86_64
01-14 15:12:26.872 27454 27454 D ICU     : No timezone override file found: /data/local/tmp/misc/zoneinfo/current/icu/icu_tzdata.dat
01-14 15:12:26.898 27454 27454 E memtrack: Couldn't load memtrack module (No such file or directory)
01-14 15:12:26.898 27454 27454 E android.os.Debug: failed to load memtrack module: -2
01-14 15:12:26.898 27454 27454 I Radio-JNI: register_android_hardware_Radio DONE
01-14 15:12:26.906 27454 27454 D AndroidRuntime: Calling main entry com.android.commands.uiautomator.Launcher
01-14 15:12:37.488  1697  2205 W WindowManager: Attempted to remove non-existing token: android.os.Binder@14af548
01-14 15:12:37.495 27454 27454 D AndroidRuntime: Shutting down VM
01-14 15:12:37.763 27466 27466 D AndroidRuntime: >>>>>> START com.android.internal.os.RuntimeInit uid 2000 <<<<<<
01-14 15:12:37.765 27466 27466 D AndroidRuntime: CheckJNI is OFF
01-14 15:12:37.785 27466 27466 W art     : Unexpected CPU variant for X86 using defaults: x86_64
01-14 15:12:37.788 27466 27466 D ICU     : No timezone override file found: /data/misc/zoneinfo/current/icu/icu_tzdata.dat
01-14 15:12:37.805 27466 27466 E memtrack: Couldn't load memtrack module (No such file or directory)
01-14 15:12:37.805 27466 27466 E android.os.Debug: failed to load memtrack module: -2
01-14 15:12:37.806 27466 27466 I Radio-JNI: register_android_hardware_Radio DONE
01-14 15:12:37.813 27466 27466 D AndroidRuntime: Calling main entry com.android.commands.input.Input
