01-14 15:12:37.819 27466 27466 I Input   : injectMotionEvent: MotionEvent { action=ACTION_DOWN, actionButton=0, id[0]=0, x[0]=540.0, y[0]=919.0, toolType[0]=TOOL_TYPE_UNKNOWN, buttonState=0, metaState=0, flags=0x0, edgeFlags=0x0, pointerCount=1, historySize=0, eventTime=42278125, downTime=42278125, deviceId=0, source=0x1002 }
01-14 15:12:37.823 27466 27466 I Input   : injectMotionEvent: MotionEvent { action=ACTION_UP, actionButton=0, id[0]=0, x[0]=540.0, y[0]=919.0, toolType[0]=TOOL_TYPE_UNKNOWN, buttonState=0, metaState=0, flags=0x0, edgeFlags=0x0, pointerCount=1, historySize=0, eventTime=42278125, downTime=42278125, deviceId=0, source=0x1002 }
01-14 15:12:37.826 27466 27466 D AndroidRuntime: Shutting down VM
01-14 15:12:40.444 27484 27484 W ls      : type=1400 audit(0.0:433): avc: denied { getattr } for path="/proc/sysrq-trigger" dev="proc" ino=4026532069 scontext=u:r:shell:s0 tcontext=u:object_r:proc_sysrq:s0 tclass=file permissive=0
01-14 15:12:40.444 27484 27484 W ls      : type=1400 audit(0.0:434): avc: denied { getattr } for path="/proc/iomem" dev="proc" ino=4026532007 scontext=u:r:shell:s0 tcontext=u:object_r:proc_iomem:s0 tclass=file permissive=0
01-14 15:12:42.185 27766 27766 D AndroidRuntime: >>>>>> START com.android.internal.os.RuntimeInit uid 2000 <<<<<<
01-14 15:12:42.187 27766 27766 D AndroidRuntime: CheckJNI is OFF
01-14 15:12:42.205 27766 27766 W art     : Unexpected CPU variant for X86 using defaults: x86_64
01-14 15:12:42.208 27766 27766 D ICU     : No timezone override file found: /data/local/tmp/misc/zoneinfo/current/icu/icu_tzdata.dat
01-14 15:12:42.224 27766 27766 E memtrack: Couldn't load memtrack module (No such file or directory)
01-14 15:12:42.224 27766 27766 E android.os.Debug: failed to load memtrack module: -2
01-14 15:12:42.225 27766 27766 I Radio-JNI: register_android_hardware_Radio DONE
01-14 15:12:42.229 27766 27766 D AndroidRuntime: Calling main entry com.android.commands.uiautomator.Launcher
01-14 15:12:52.567  1697  1870 W WindowManager: Attempted to remove non-existing token: android.os.Binder@bcb491d
01-14 15:12:52.576 27766 27766 D AndroidRuntime: Shutting down VM
01-14 15:12:53.596 27794 27794 D AndroidRuntime: >>>>>> START com.android.internal.os.RuntimeInit uid 2000 <<<<<<
01-14 15:12:53.598 27794 27794 D AndroidRuntime: CheckJNI is OFF
01-14 15:12:53.626 27794 27794 W art     : Unexpected CPU variant for X86 using defaults: x86_64
01-14 15:12:53.631 27794 27794 D ICU     : No timezone override file found: /data/local/tmp/misc/zoneinfo/current/icu/icu_tzdata.dat
01-14 15:12:53.655 27794 27794 E memtrack: Couldn't load memtrack module (No such file or directory)
01-14 15:12:53.655 27794 27794 E android.os.Debug: failed to load memtrack module: -2
01-14 15:12:53.657 27794 27794 I Radio-JNI: register_android_hardware_Radio DONE
01-14 15:12:53.664 27794 27794 D AndroidRuntime: Calling main entry com.android.commands.uiautomator.Launcher
01-14 15:13:00.612 26631 26634 I art     : Do partial code cache collection, code=124KB, data=102KB
01-14 15:13:00.616 26631 26634 I art     : After code cache collection, code=124KB, data=102KB
01-14 15:13:00.616 26631 26634 I art     : Increasing code cache capacity to 512KB
01-14 15:13:03.716  1697  1870 W WindowManager: Attempted to remove non-existing token: android.os.Binder@4d85a19
01-14 15:13:03.723 27794 27794 D AndroidRuntime: Shutting down VM
01-14 15:13:04.058 27812 27812 D AndroidRuntime: >>>>>> START com.android.internal.os.RuntimeInit uid 2000 <<<<<<
01-14 15:13:04.059 27812 27812 D AndroidRuntime: CheckJNI is OFF
01-14 15:13:04.079 27812 27812 W art     : Unexpected CPU variant for X86 using defaults: x86_64
01-14 15:13:04.083 27812 27812 D ICU     : No timezone override file found: /data/local/tmp/misc/zoneinfo/current/icu/icu_tzdata.dat
01-14 15:13:04.107 27812 27812 E memtrack: Couldn't load memtrack module (No such file or directory)
01-14 15:13:04.107 27812 27812 E android.os.Debug: failed to load memtrack module: -2
01-14 15:13:04.107 27812 27812 I Radio-JNI: register_android_hardware_Radio DONE
01-14 15:13:04.113 27812 27812 D AndroidRuntime: Calling main entry com.android.commands.uiautomator.Launcher
01-14 15:13:14.669  1697  2339 W WindowManager: Attempted to remove non-existing token: android.os.Binder@80b7ed5
01-14 15:13:14.675 27812 27812 D AndroidRuntime: Shutting down VM
01-14 15:13:15.696 27841 27841 D AndroidRuntime: >>>>>> START com.android.internal.os.RuntimeInit uid 2000 <<<<<<
01-14 15:13:15.698 27841 27841 D AndroidRuntime: CheckJNI is OFF
01-14 15:13:15.718 27841 27841 W art     : Unexpected CPU variant for X86 using defaults: x86_64
01-14 15:13:15.721 27841 27841 D ICU     : No timezone override file found: /data/local/tmp/misc/zoneinfo/current/icu/icu_tzdata.dat
01-14 15:13:15.741 27841 27841 E memtrack: Couldn't load memtrack module (No such file or directory)
01-14 15:13:15.741 27841 27841 E android.os.Debug: failed to load memtrack module: -2
01-14 15:13:15.743 27841 27841 I Radio-JNI: register_android_hardware_Radio DONE
01-14 15:13:15.747 27841 27841 D AndroidRuntime: Calling main entry com.android.commands.uiautomator.Launcher
01-14 15:13:25.847  1697  2205 W WindowManager: Attempted to remove non-existing token: android.os.Binder@2123351
01-14 15:13:25.853 27841 27841 D AndroidRuntime: Shutting down VM
01-14 15:13:26.925 27877 27877 D AndroidRuntime: >>>>>> START com.android.internal.os.RuntimeInit uid 2000 <<<<<<
01-14 15:13:26.927 27877 27877 D AndroidRuntime: CheckJNI is OFF
01-14 15:13:26.946 27877 27877 W art     : Unexpected CPU variant for X86 using defaults: x86_64
01-14 15:13:26.950 27877 27877 D ICU     : No timezone override file found: /data/local/tmp/misc/zoneinfo/current/icu/icu_tzdata.dat
01-14 15:13:26.971 27877 27877 E memtrack: Couldn't load memtrack module (No such file or directory)
01-14 15:13:26.971 27877 27877 E android.os.Debug: failed to load memtrack module: -2
01-14 15:13:26.972 27877 27877 I Radio-JNI: register_android_hardware_Radio DONE
01-14 15:13:26.978 27877 27877 D AndroidRuntime: Calling main entry com.android.commands.uiautomator.Launcher
01-14 15:13:37.783  1697  2627 W WindowManager: Attempted to remove non-existing token: android.os.Binder@2f5b38d
01-14 15:13:37.790 27877 27877 D AndroidRuntime: Shutting down VM
01-14 15:13:38.032  1352  1368 E SurfaceFlinger: ro.sf.lcd_density must be defined as a build property
01-14 15:13:38.034  1352  1370 D gralloc_ranchu: gralloc_alloc: Creating ashmem region of size 8294400
01-14 15:13:38.038 27893 27893 D         : HostConnection::get() New Host Connection established 0x70104242d4e0, tid 27893
01-14 15:13:38.358 27898 27898 D AndroidRuntime: >>>>>> START com.android.internal.os.RuntimeInit uid 2000 <<<<<<
01-14 15:13:38.360 27898 27898 D AndroidRuntime: CheckJNI is OFF
01-14 15:13:38.381 27898 27898 W art     : Unexpected CPU variant for X86 using defaults: x86_64
01-14 15:13:38.386 27898 27898 D ICU     : No timezone override file found: /data/misc/zoneinfo/current/icu/icu_tzdata.dat
01-14 15:13:38.405 27898 27898 E memtrack: Couldn't load memtrack module (No such file or directory)
01-14 15:13:38.405 27898 27898 E android.os.Debug: failed to load memtrack module: -2
01-14 15:13:38.406 27898 27898 I Radio-JNI: register_android_hardware_Radio DONE
01-14 15:13:38.414 27898 27898 D AndroidRuntime: Calling main entry com.android.commands.am.Am
01-14 15:13:38.428 24860 24860 D MediaScannerReceiver: action: android.intent.action.MEDIA_SCANNER_SCAN_FILE path: /storage/emulated/0/screen.png
01-14 15:13:38.433 27898 27898 D AndroidRuntime: Shutting down VM
01-14 15:13:40.854 27911 27911 D AndroidRuntime: >>>>>> START com.android.internal.os.RuntimeInit uid 2000 <<<<<<
01-14 15:13:40.857 27911 27911 D AndroidRuntime: CheckJNI is OFF
01-14 15:13:40.896 27911 27911 W art     : Unexpected CPU variant for X86 using defaults: x86_64
01-14 15:13:40.900 27911 27911 D ICU     : No timezone override file found: /data/local/tmp/misc/zoneinfo/current/icu/icu_tzdata.dat
01-14 15:13:40.920 27911 27911 E memtrack: Couldn't load memtrack module (No such file or directory)
01-14 15:13:40.921 27911 27911 E android.os.Debug: failed to load memtrack module: -2
01-14 15:13:40.921 27911 27911 I Radio-JNI: register_android_hardware_Radio DONE
01-14 15:13:40.926 27911 27911 D AndroidRuntime: Calling main entry com.android.commands.uiautomator.Launcher
01-14 15:13:43.857  1697  1706 I art     : Background partial concurrent mark sweep GC freed 8802(472KB) AllocSpace objects, 3(60KB) LOS objects, 21% free, 14MB/18MB, paused 7.043ms total 33.419ms
01-14 15:13:50.965  1697  2335 W WindowManager: Attempted to remove non-existing token: android.os.Binder@9eac745
01-14 15:13:50.972 27911 27911 D AndroidRuntime: Shutting down VM
01-14 15:13:53.323 27929 27929 D AndroidRuntime: >>>>>> START com.android.internal.os.RuntimeInit uid 2000 <<<<<<
01-14 15:13:53.326 27929 27929 D AndroidRuntime: CheckJNI is OFF
01-14 15:13:53.347 27929 27929 W art     : Unexpected CPU variant for X86 using defaults: x86_64
01-14 15:13:53.351 27929 27929 D ICU     : No timezone override file found: /data/local/tmp/misc/zoneinfo/current/icu/icu_tzdata.dat
01-14 15:13:53.375 27929 27929 E memtrack: Couldn't load memtrack module (No such file or directory)
01-14 15:13:53.375 27929 27929 E android.os.Debug: failed to load memtrack module: -2
01-14 15:13:53.376 27929 27929 I Radio-JNI: register_android_hardware_Radio DONE
01-14 15:13:53.384 27929 27929 D AndroidRuntime: Calling main entry com.android.commands.uiautomator.Launcher
01-14 15:14:03.908  1697  1709 W WindowManager: Attempted to remove non-existing token: android.os.Binder@b367143
01-14 15:14:03.915 27929 27929 D AndroidRuntime: Shutting down VM
01-14 15:14:04.267 27946 27946 D AndroidRuntime: >>>>>> START com.android.internal.os.RuntimeInit uid 2000 <<<<<<
01-14 15:14:04.268 27946 27946 D AndroidRuntime: CheckJNI is OFF
01-14 15:14:04.288 27946 27946 W art     : Unexpected CPU variant for X86 using defaults: x86_64
01-14 15:14:04.293 27946 27946 D ICU     : No timezone override file found: /data/local/tmp/misc/zoneinfo/current/icu/icu_tzdata.dat
01-14 15:14:04.316 27946 27946 E memtrack: Couldn't load memtrack module (No such file or directory)
01-14 15:14:04.316 27946 27946 E android.os.Debug: failed to load memtrack module: -2
01-14 15:14:04.317 27946 27946 I Radio-JNI: register_android_hardware_Radio DONE
01-14 15:14:04.322 27946 27946 D AndroidRuntime: Calling main entry com.android.commands.uiautomator.Launcher
01-14 15:14:14.957  1697  1709 W WindowManager: Attempted to remove non-existing token: android.os.Binder@8c4de9f
01-14 15:14:14.970 27946 27946 D AndroidRuntime: Shutting down VM
01-14 15:14:15.281 27963 27963 D AndroidRuntime: >>>>>> START com.android.internal.os.RuntimeInit uid 2000 <<<<<<
01-14 15:14:15.282 27963 27963 D AndroidRuntime: CheckJNI is OFF
01-14 15:14:15.303 27963 27963 W art     : Unexpected CPU variant for X86 using defaults: x86_64
01-14 15:14:15.306 27963 27963 D ICU     : No timezone override file found: /data/local/tmp/misc/zoneinfo/current/icu/icu_tzdata.dat
01-14 15:14:15.328 27963 27963 E memtrack: Couldn't load memtrack module (No such file or directory)
01-14 15:14:15.328 27963 27963 E android.os.Debug: failed to load memtrack module: -2
01-14 15:14:15.329 27963 27963 I Radio-JNI: register_android_hardware_Radio DONE
01-14 15:14:15.335 27963 27963 D AndroidRuntime: Calling main entry com.android.commands.uiautomator.Launcher
01-14 15:14:26.036  1697  2648 W WindowManager: Attempted to remove non-existing token: android.os.Binder@fa2c5bb
01-14 15:14:26.045 27963 27963 D AndroidRuntime: Shutting down VM
01-14 15:14:26.445 27987 27987 D AndroidRuntime: >>>>>> START com.android.internal.os.RuntimeInit uid 2000 <<<<<<
01-14 15:14:26.448 27987 27987 D AndroidRuntime: CheckJNI is OFF
01-14 15:14:26.471 27987 27987 W art     : Unexpected CPU variant for X86 using defaults: x86_64
01-14 15:14:26.478 27987 27987 D ICU     : No timezone override file found: /data/local/tmp/misc/zoneinfo/current/icu/icu_tzdata.dat
01-14 15:14:26.511 27987 27987 E memtrack: Couldn't load memtrack module (No such file or directory)
01-14 15:14:26.511 27987 27987 E android.os.Debug: failed to load memtrack module: -2
01-14 15:14:26.512 27987 27987 I Radio-JNI: register_android_hardware_Radio DONE
01-14 15:14:26.519 27987 27987 D AndroidRuntime: Calling main entry com.android.commands.uiautomator.Launcher
01-14 15:14:37.118  1697  1870 W WindowManager: Attempted to remove non-existing token: android.os.Binder@cae0297
01-14 15:14:37.127 27987 27987 D AndroidRuntime: Shutting down VM
01-14 15:14:37.394 27999 27999 D AndroidRuntime: >>>>>> START com.android.internal.os.RuntimeInit uid 2000 <<<<<<
01-14 15:14:37.396 27999 27999 D AndroidRuntime: CheckJNI is OFF
01-14 15:14:37.415 27999 27999 W art     : Unexpected CPU variant for X86 using defaults: x86_64
01-14 15:14:37.419 27999 27999 D ICU     : No timezone override file found: /data/misc/zoneinfo/current/icu/icu_tzdata.dat
01-14 15:14:37.437 27999 27999 E memtrack: Couldn't load memtrack module (No such file or directory)
01-14 15:14:37.437 27999 27999 E android.os.Debug: failed to load memtrack module: -2
01-14 15:14:37.437 27999 27999 I Radio-JNI: register_android_hardware_Radio DONE
01-14 15:14:37.445 27999 27999 D AndroidRuntime: Calling main entry com.android.commands.input.Input
01-14 15:14:37.452 27999 27999 I Input   : injectMotionEvent: MotionEvent { action=ACTION_DOWN, actionButton=0, id[0]=0, x[0]=540.0, y[0]=919.0, toolType[0]=TOOL_TYPE_UNKNOWN, buttonState=0, metaState=0, flags=0x0, edgeFlags=0x0, pointerCount=1, historySize=0, eventTime=42397758, downTime=42397758, deviceId=0, source=0x1002 }
01-14 15:14:37.456 27999 27999 I Input   : injectMotionEvent: MotionEvent { action=ACTION_MOVE, actionButton=0, id[0]=0, x[0]=540.0, y[0]=919.0, toolType[0]=TOOL_TYPE_UNKNOWN, buttonState=0, metaState=0, flags=0x0, edgeFlags=0x0, pointerCount=1, historySize=0, eventTime=42397758, downTime=42397758, deviceId=0, source=0x1002 }
01-14 15:14:37.477 27999 27999 I Input   : injectMotionEvent: MotionEvent { action=ACTION_MOVE, actionButton=0, id[0]=0, x[0]=540.0, y[0]=919.0, toolType[0]=TOOL_TYPE_UNKNOWN, buttonState=0, metaState=0, flags=0x0, edgeFlags=0x0, pointerCount=1, historySize=0, eventTime=42397786, downTime=42397786, deviceId=0, source=0x1002 }
01-14 15:14:37.490 27999 27999 I Input   : injectMotionEvent: MotionEvent { action=ACTION_MOVE, actionButton=0, id[0]=0, x[0]=540.0, y[0]=919.0, toolType[0]=TOOL_TYPE_UNKNOWN, buttonState=0, metaState=0, flags=0x0, edgeFlags=0x0, pointerCount=1, historySize=0, eventTime=42397799, downTime=42397799, deviceId=0, source=0x1002 }
01-14 15:14:37.507 27999 27999 I Input   : injectMotionEvent: MotionEvent { action=ACTION_MOVE, actionButton=0, id[0]=0, x[0]=540.0, y[0]=919.0, toolType[0]=TOOL_TYPE_UNKNOWN, buttonState=0, metaState=0, flags=0x0, edgeFlags=0x0, pointerCount=1, historySize=0, eventTime=42397816, downTime=42397816, deviceId=0, source=0x1002 }
01-14 15:14:37.525 27999 27999 I Input   : injectMotionEvent: MotionEvent { action=ACTION_MOVE, actionButton=0, id[0]=0, x[0]=540.0, y[0]=919.0, toolType[0]=TOOL_TYPE_UNKNOWN, buttonState=0, metaState=0, flags=0x0, edgeFlags=0x0, pointerCount=1, historySize=0, eventTime=42397834, downTime=42397834, deviceId=0, source=0x1002 }
01-14 15:14:37.543 27999 27999 I Input   : injectMotionEvent: MotionEvent { action=ACTION_MOVE, actionButton=0, id[0]=0, x[0]=540.0, y[0]=919.0, toolType[0]=TOOL_TYPE_UNKNOWN, buttonState=0, metaState=0, flags=0x0, edgeFlags=0x0, pointerCount=1, historySize=0, eventTime=42397852, downTime=42397852, deviceId=0, source=0x1002 }
01-14 15:14:37.558 27999 27999 I Input   : injectMotionEvent: MotionEvent { action=ACTION_MOVE, actionButton=0, id[0]=0, x[0]=540.0, y[0]=919.0, toolType[0]=TOOL_TYPE_UNKNOWN, buttonState=0, metaState=0, flags=0x0, edgeFlags=0x0, pointerCount=1, historySize=0, eventTime=42397867, downTime=42397867, deviceId=0, source=0x1002 }
01-14 15:14:37.576 27999 27999 I Input   : injectMotionEvent: MotionEvent { action=ACTION_MOVE, actionButton=0, id[0]=0, x[0]=540.0, y[0]=919.0, toolType[0]=TOOL_TYPE_UNKNOWN, buttonState=0, metaState=0, flags=0x0, edgeFlags=0x0, pointerCount=1, historySize=0, eventTime=42397885, downTime=42397885, deviceId=0, source=0x1002 }
01-14 15:14:37.593 27999 27999 I Input   : injectMotionEvent: MotionEvent { action=ACTION_MOVE, actionButton=0, id[0]=0, x[0]=540.0, y[0]=919.0, toolType[0]=TOOL_TYPE_UNKNOWN, buttonState=0, metaState=0, flags=0x0, edgeFlags=0x0, pointerCount=1, historySize=0, eventTime=42397902, downTime=42397902, deviceId=0, source=0x1002 }
01-14 15:14:37.607 27999 27999 I Input   : injectMotionEvent: MotionEvent { action=ACTION_MOVE, actionButton=0, id[0]=0, x[0]=540.0, y[0]=919.0, toolType[0]=TOOL_TYPE_UNKNOWN, buttonState=0, metaState=0, flags=0x0, edgeFlags=0x0, pointerCount=1, historySize=0, eventTime=42397916, downTime=42397916, deviceId=0, source=0x1002 }
01-14 15:14:37.622 27999 27999 I Input   : injectMotionEvent: MotionEvent { action=ACTION_MOVE, actionButton=0, id[0]=0, x[0]=540.0, y[0]=919.0, toolType[0]=TOOL_TYPE_UNKNOWN, buttonState=0, metaState=0, flags=0x0, edgeFlags=0x0, pointerCount=1, historySize=0, eventTime=42397931, downTime=42397931, deviceId=0, source=0x1002 }
01-14 15:14:37.640 27999 27999 I Input   : injectMotionEvent: MotionEvent { action=ACTION_MOVE, actionButton=0, id[0]=0, x[0]=540.0, y[0]=919.0, toolType[0]=TOOL_TYPE_UNKNOWN, buttonState=0, metaState=0, flags=0x0, edgeFlags=0x0, pointerCount=1, historySize=0, eventTime=42397949, downTime=42397949, deviceId=0, source=0x1002 }
01-14 15:14:37.657 27999 27999 I Input   : injectMotionEvent: MotionEvent { action=ACTION_MOVE, actionButton=0, id[0]=0, x[0]=540.0, y[0]=919.0, toolType[0]=TOOL_TYPE_UNKNOWN, buttonState=0, metaState=0, flags=0x0, edgeFlags=0x0, pointerCount=1, historySize=0, eventTime=42397966, downTime=42397966, deviceId=0, source=0x1002 }
01-14 15:14:37.674 27999 27999 I Input   : injectMotionEvent: MotionEvent { action=ACTION_MOVE, actionButton=0, id[0]=0, x[0]=540.0, y[0]=919.0, toolType[0]=TOOL_TYPE_UNKNOWN, buttonState=0, metaState=0, flags=0x0, edgeFlags=0x0, pointerCount=1, historySize=0, eventTime=42397983, downTime=42397983, deviceId=0, source=0x1002 }
01-14 15:14:37.690 27999 27999 I Input   : injectMotionEvent: MotionEvent { action=ACTION_MOVE, actionButton=0, id[0]=0, x[0]=540.0, y[0]=919.0, toolType[0]=TOOL_TYPE_UNKNOWN, buttonState=0, metaState=0, flags=0x0, edgeFlags=0x0, pointerCount=1, historySize=0, eventTime=42397999, downTime=42397999, deviceId=0, source=0x1002 }
01-14 15:14:37.707 27999 27999 I Input   : injectMotionEvent: MotionEvent { action=ACTION_MOVE, actionButton=0, id[0]=0, x[0]=540.0, y[0]=919.0, toolType[0]=TOOL_TYPE_UNKNOWN, buttonState=0, metaState=0, flags=0x0, edgeFlags=0x0, pointerCount=1, historySize=0, eventTime=42398016, downTime=42398016, deviceId=0, source=0x1002 }
01-14 15:14:37.728 27999 27999 I Input   : injectMotionEvent: MotionEvent { action=ACTION_MOVE, actionButton=0, id[0]=0, x[0]=540.0, y[0]=919.0, toolType[0]=TOOL_TYPE_UNKNOWN, buttonState=0, metaState=0, flags=0x0, edgeFlags=0x0, pointerCount=1, historySize=0, eventTime=42398037, downTime=42398037, deviceId=0, source=0x1002 }
01-14 15:14:37.743 27999 27999 I Input   : injectMotionEvent: MotionEvent { action=ACTION_MOVE, actionButton=0, id[0]=0, x[0]=540.0, y[0]=919.0, toolType[0]=TOOL_TYPE_UNKNOWN, buttonState=0, metaState=0, flags=0x0, edgeFlags=0x0, pointerCount=1, historySize=0, eventTime=42398052, downTime=42398052, deviceId=0, source=0x1002 }
01-14 15:14:37.756 27999 27999 I Input   : injectMotionEvent: MotionEvent { action=ACTION_MOVE, actionButton=0, id[0]=0, x[0]=540.0, y[0]=919.0, toolType[0]=TOOL_TYPE_UNKNOWN, buttonState=0, metaState=0, flags=0x0, edgeFlags=0x0, pointerCount=1, historySize=0, eventTime=42398065, downTime=42398065, deviceId=0, source=0x1002 }
01-14 15:14:37.774 27999 27999 I Input   : injectMotionEvent: MotionEvent { action=ACTION_MOVE, actionButton=0, id[0]=0, x[0]=540.0, y[0]=919.0, toolType[0]=TOOL_TYPE_UNKNOWN, buttonState=0, metaState=0, flags=0x0, edgeFlags=0x0, pointerCount=1, historySize=0, eventTime=42398083, downTime=42398083, deviceId=0, source=0x1002 }
01-14 15:14:37.791 27999 27999 I Input   : injectMotionEvent: MotionEvent { action=ACTION_MOVE, actionButton=0, id[0]=0, x[0]=540.0, y[0]=919.0, toolType[0]=TOOL_TYPE_UNKNOWN, buttonState=0, metaState=0, flags=0x0, edgeFlags=0x0, pointerCount=1, historySize=0, eventTime=42398100, downTime=42398100, deviceId=0, source=0x1002 }
01-14 15:14:37.807 27999 27999 I Input   : injectMotionEvent: MotionEvent { action=ACTION_MOVE, actionButton=0, id[0]=0, x[0]=540.0, y[0]=919.0, toolType[0]=TOOL_TYPE_UNKNOWN, buttonState=0, metaState=0, flags=0x0, edgeFlags=0x0, pointerCount=1, historySize=0, eventTime=42398116, downTime=42398116, deviceId=0, source=0x1002 }
01-14 15:14:37.832 27999 27999 I Input   : injectMotionEvent: MotionEvent { action=ACTION_MOVE, actionButton=0, id[0]=0, x[0]=540.0, y[0]=919.0, toolType[0]=TOOL_TYPE_UNKNOWN, buttonState=0, metaState=0, flags=0x0, edgeFlags=0x0, pointerCount=1, historySize=0, eventTime=42398141, downTime=42398141, deviceId=0, source=0x1002 }
01-14 15:14:37.841 27999 27999 I Input   : injectMotionEvent: MotionEvent { action=ACTION_MOVE, actionButton=0, id[0]=0, x[0]=540.0, y[0]=919.0, toolType[0]=TOOL_TYPE_UNKNOWN, buttonState=0, metaState=0, flags=0x0, edgeFlags=0x0, pointerCount=1, historySize=0, eventTime=42398150, downTime=42398150, deviceId=0, source=0x1002 }
01-14 15:14:37.857 27999 27999 I Input   : injectMotionEvent: MotionEvent { action=ACTION_MOVE, actionButton=0, id[0]=0, x[0]=540.0, y[0]=919.0, toolType[0]=TOOL_TYPE_UNKNOWN, buttonState=0, metaState=0, flags=0x0, edgeFlags=0x0, pointerCount=1, historySize=0, eventTime=42398166, downTime=42398166, deviceId=0, source=0x1002 }
01-14 15:14:37.879 27999 27999 I Input   : injectMotionEvent: MotionEvent { action=ACTION_MOVE, actionButton=0, id[0]=0, x[0]=540.0, y[0]=919.0, toolType[0]=TOOL_TYPE_UNKNOWN, buttonState=0, metaState=0, flags=0x0, edgeFlags=0x0, pointerCount=1, historySize=0, eventTime=42398188, downTime=42398188, deviceId=0, source=0x1002 }
01-14 15:14:37.893 27999 27999 I Input   : injectMotionEvent: MotionEvent { action=ACTION_MOVE, actionButton=0, id[0]=0, x[0]=540.0, y[0]=919.0, toolType[0]=TOOL_TYPE_UNKNOWN, buttonState=0, metaState=0, flags=0x0, edgeFlags=0x0, pointerCount=1, historySize=0, eventTime=42398202, downTime=42398202, deviceId=0, source=0x1002 }
01-14 15:14:37.908 27999 27999 I Input   : injectMotionEvent: MotionEvent { action=ACTION_MOVE, actionButton=0, id[0]=0, x[0]=540.0, y[0]=919.0, toolType[0]=TOOL_TYPE_UNKNOWN, buttonState=0, metaState=0, flags=0x0, edgeFlags=0x0, pointerCount=1, historySize=0, eventTime=42398216, downTime=42398216, deviceId=0, source=0x1002 }
01-14 15:14:37.928 27999 27999 I Input   : injectMotionEvent: MotionEvent { action=ACTION_MOVE, actionButton=0, id[0]=0, x[0]=540.0, y[0]=919.0, toolType[0]=TOOL_TYPE_UNKNOWN, buttonState=0, metaState=0, flags=0x0, edgeFlags=0x0, pointerCount=1, historySize=0, eventTime=42398237, downTime=42398237, deviceId=0, source=0x1002 }
01-14 15:14:37.945 27999 27999 I Input   : injectMotionEvent: MotionEvent { action=ACTION_MOVE, actionButton=0, id[0]=0, x[0]=540.0, y[0]=919.0, toolType[0]=TOOL_TYPE_UNKNOWN, buttonState=0, metaState=0, flags=0x0, edgeFlags=0x0, pointerCount=1, historySize=0, eventTime=42398254, downTime=42398254, deviceId=0, source=0x1002 }
01-14 15:14:37.959 27999 27999 I Input   : injectMotionEvent: MotionEvent { action=ACTION_MOVE, actionButton=0, id[0]=0, x[0]=540.0, y[0]=919.0, toolType[0]=TOOL_TYPE_UNKNOWN, buttonState=0, metaState=0, flags=0x0, edgeFlags=0x0, pointerCount=1, historySize=0, eventTime=42398267, downTime=42398267, deviceId=0, source=0x1002 }
01-14 15:14:37.979 27999 27999 I Input   : injectMotionEvent: MotionEvent { action=ACTION_MOVE, actionButton=0, id[0]=0, x[0]=540.0, y[0]=919.0, toolType[0]=TOOL_TYPE_UNKNOWN, buttonState=0, metaState=0, flags=0x0, edgeFlags=0x0, pointerCount=1, historySize=0, eventTime=42398288, downTime=42398288, deviceId=0, source=0x1002 }
01-14 15:14:37.995 27999 27999 I Input   : injectMotionEvent: MotionEvent { action=ACTION_MOVE, actionButton=0, id[0]=0, x[0]=540.0, y[0]=919.0, toolType[0]=TOOL_TYPE_UNKNOWN, buttonState=0, metaState=0, flags=0x0, edgeFlags=0x0, pointerCount=1, historySize=0, eventTime=42398304, downTime=42398304, deviceId=0, source=0x1002 }
01-14 15:14:38.009 27999 27999 I Input   : injectMotionEvent: MotionEvent { action=ACTION_MOVE, actionButton=0, id[0]=0, x[0]=540.0, y[0]=919.0, toolType[0]=TOOL_TYPE_UNKNOWN, buttonState=0, metaState=0, flags=0x0, edgeFlags=0x0, pointerCount=1, historySize=0, eventTime=42398318, downTime=42398318, deviceId=0, source=0x1002 }
01-14 15:14:38.030 27999 27999 I Input   : injectMotionEvent: MotionEvent { action=ACTION_MOVE, actionButton=0, id[0]=0, x[0]=540.0, y[0]=919.0, toolType[0]=TOOL_TYPE_UNKNOWN, buttonState=0, metaState=0, flags=0x0, edgeFlags=0x0, pointerCount=1, historySize=0, eventTime=42398339, downTime=42398339, deviceId=0, source=0x1002 }
01-14 15:14:38.041 27999 27999 I Input   : injectMotionEvent: MotionEvent { action=ACTION_MOVE, actionButton=0, id[0]=0, x[0]=540.0, y[0]=919.0, toolType[0]=TOOL_TYPE_UNKNOWN, buttonState=0, metaState=0, flags=0x0, edgeFlags=0x0, pointerCount=1, historySize=0, eventTime=42398350, downTime=42398350, deviceId=0, source=0x1002 }
01-14 15:14:38.061 27999 27999 I Input   : injectMotionEvent: MotionEvent { action=ACTION_MOVE, actionButton=0, id[0]=0, x[0]=540.0, y[0]=919.0, toolType[0]=TOOL_TYPE_UNKNOWN, buttonState=0, metaState=0, flags=0x0, edgeFlags=0x0, pointerCount=1, historySize=0, eventTime=42398370, downTime=42398370, deviceId=0, source=0x1002 }
01-14 15:14:38.077 27999 27999 I Input   : injectMotionEvent: MotionEvent { action=ACTION_MOVE, actionButton=0, id[0]=0, x[0]=540.0, y[0]=919.0, toolType[0]=TOOL_TYPE_UNKNOWN, buttonState=0, metaState=0, flags=0x0, edgeFlags=0x0, pointerCount=1, historySize=0, eventTime=42398386, downTime=42398386, deviceId=0, source=0x1002 }
01-14 15:14:38.095 27999 27999 I Input   : injectMotionEvent: MotionEvent { action=ACTION_MOVE, actionButton=0, id[0]=0, x[0]=540.0, y[0]=919.0, toolType[0]=TOOL_TYPE_UNKNOWN, buttonState=0, metaState=0, flags=0x0, edgeFlags=0x0, pointerCount=1, historySize=0, eventTime=42398404, downTime=42398404, deviceId=0, source=0x1002 }
01-14 15:14:38.110 27999 27999 I Input   : injectMotionEvent: MotionEvent { action=ACTION_MOVE, actionButton=0, id[0]=0, x[0]=540.0, y[0]=919.0, toolType[0]=TOOL_TYPE_UNKNOWN, buttonState=0, metaState=0, flags=0x0, edgeFlags=0x0, pointerCount=1, historySize=0, eventTime=42398419, downTime=42398419, deviceId=0, source=0x1002 }
01-14 15:14:38.122 27999 27999 I Input   : injectMotionEvent: MotionEvent { action=ACTION_MOVE, actionButton=0, id[0]=0, x[0]=540.0, y[0]=919.0, toolType[0]=TOOL_TYPE_UNKNOWN, buttonState=0, metaState=0, flags=0x0, edgeFlags=0x0, pointerCount=1, historySize=0, eventTime=42398431, downTime=42398431, deviceId=0, source=0x1002 }
01-14 15:14:38.140 27999 27999 I Input   : injectMotionEvent: MotionEvent { action=ACTION_MOVE, actionButton=0, id[0]=0, x[0]=540.0, y[0]=919.0, toolType[0]=TOOL_TYPE_UNKNOWN, buttonState=0, metaState=0, flags=0x0, edgeFlags=0x0, pointerCount=1, historySize=0, eventTime=42398449, downTime=42398449, deviceId=0, source=0x1002 }
01-14 15:14:38.158 27999 27999 I Input   : injectMotionEvent: MotionEvent { action=ACTION_MOVE, actionButton=0, id[0]=0, x[0]=540.0, y[0]=919.0, toolType[0]=TOOL_TYPE_UNKNOWN, buttonState=0, metaState=0, flags=0x0, edgeFlags=0x0, pointerCount=1, historySize=0, eventTime=42398467, downTime=42398467, deviceId=0, source=0x1002 }
01-14 15:14:38.182 27999 27999 I Input   : injectMotionEvent: MotionEvent { action=ACTION_MOVE, actionButton=0, id[0]=0, x[0]=540.0, y[0]=919.0, toolType[0]=TOOL_TYPE_UNKNOWN, buttonState=0, metaState=0, flags=0x0, edgeFlags=0x0, pointerCount=1, historySize=0, eventTime=42398490, downTime=42398490, deviceId=0, source=0x1002 }
01-14 15:14:38.191 27999 27999 I Input   : injectMotionEvent: MotionEvent { action=ACTION_MOVE, actionButton=0, id[0]=0, x[0]=540.0, y[0]=919.0, toolType[0]=TOOL_TYPE_UNKNOWN, buttonState=0, metaState=0, flags=0x0, edgeFlags=0x0, pointerCount=1, historySize=0, eventTime=42398500, downTime=42398500, deviceId=0, source=0x1002 }
01-14 15:14:38.209 27999 27999 I Input   : injectMotionEvent: MotionEvent { action=ACTION_MOVE, actionButton=0, id[0]=0, x[0]=540.0, y[0]=919.0, toolType[0]=TOOL_TYPE_UNKNOWN, buttonState=0, metaState=0, flags=0x0, edgeFlags=0x0, pointerCount=1, historySize=0, eventTime=42398518, downTime=42398518, deviceId=0, source=0x1002 }
01-14 15:14:38.226 27999 27999 I Input   : injectMotionEvent: MotionEvent { action=ACTION_MOVE, actionButton=0, id[0]=0, x[0]=540.0, y[0]=919.0, toolType[0]=TOOL_TYPE_UNKNOWN, buttonState=0, metaState=0, flags=0x0, edgeFlags=0x0, pointerCount=1, historySize=0, eventTime=42398535, downTime=42398535, deviceId=0, source=0x1002 }
01-14 15:14:38.244 27999 27999 I Input   : injectMotionEvent: MotionEvent { action=ACTION_MOVE, actionButton=0, id[0]=0, x[0]=540.0, y[0]=919.0, toolType[0]=TOOL_TYPE_UNKNOWN, buttonState=0, metaState=0, flags=0x0, edgeFlags=0x0, pointerCount=1, historySize=0, eventTime=42398553, downTime=42398553, deviceId=0, source=0x1002 }
01-14 15:14:38.259 27999 27999 I Input   : injectMotionEvent: MotionEvent { action=ACTION_MOVE, actionButton=0, id[0]=0, x[0]=540.0, y[0]=919.0, toolType[0]=TOOL_TYPE_UNKNOWN, buttonState=0, metaState=0, flags=0x0, edgeFlags=0x0, pointerCount=1, historySize=0, eventTime=42398568, downTime=42398568, deviceId=0, source=0x1002 }
01-14 15:14:38.275 27999 27999 I Input   : injectMotionEvent: MotionEvent { action=ACTION_MOVE, actionButton=0, id[0]=0, x[0]=540.0, y[0]=919.0, toolType[0]=TOOL_TYPE_UNKNOWN, buttonState=0, metaState=0, flags=0x0, edgeFlags=0x0, pointerCount=1, historySize=0, eventTime=42398584, downTime=42398584, deviceId=0, source=0x1002 }
01-14 15:14:38.293 27999 27999 I Input   : injectMotionEvent: MotionEvent { action=ACTION_MOVE, actionButton=0, id[0]=0, x[0]=540.0, y[0]=919.0, toolType[0]=TOOL_TYPE_UNKNOWN, buttonState=0, metaState=0, flags=0x0, edgeFlags=0x0, pointerCount=1, historySize=0, eventTime=42398602, downTime=42398602, deviceId=0, source=0x1002 }
01-14 15:14:38.309 27999 27999 I Input   : injectMotionEvent: MotionEvent { action=ACTION_MOVE, actionButton=0, id[0]=0, x[0]=540.0, y[0]=919.0, toolType[0]=TOOL_TYPE_UNKNOWN, buttonState=0, metaState=0, flags=0x0, edgeFlags=0x0, pointerCount=1, historySize=0, eventTime=42398618, downTime=42398618, deviceId=0, source=0x1002 }
01-14 15:14:38.328 27999 27999 I Input   : injectMotionEvent: MotionEvent { action=ACTION_MOVE, actionButton=0, id[0]=0, x[0]=540.0, y[0]=919.0, toolType[0]=TOOL_TYPE_UNKNOWN, buttonState=0, metaState=0, flags=0x0, edgeFlags=0x0, pointerCount=1, historySize=0, eventTime=42398637, downTime=42398637, deviceId=0, source=0x1002 }
01-14 15:14:38.346 27999 27999 I Input   : injectMotionEvent: MotionEvent { action=ACTION_MOVE, actionButton=0, id[0]=0, x[0]=540.0, y[0]=919.0, toolType[0]=TOOL_TYPE_UNKNOWN, buttonState=0, metaState=0, flags=0x0, edgeFlags=0x0, pointerCount=1, historySize=0, eventTime=42398655, downTime=42398655, deviceId=0, source=0x1002 }
01-14 15:14:38.358 27999 27999 I Input   : injectMotionEvent: MotionEvent { action=ACTION_MOVE, actionButton=0, id[0]=0, x[0]=540.0, y[0]=919.0, toolType[0]=TOOL_TYPE_UNKNOWN, buttonState=0, metaState=0, flags=0x0, edgeFlags=0x0, pointerCount=1, historySize=0, eventTime=42398667, downTime=42398667, deviceId=0, source=0x1002 }
01-14 15:14:38.379 27999 27999 I Input   : injectMotionEvent: MotionEvent { action=ACTION_MOVE, actionButton=0, id[0]=0, x[0]=540.0, y[0]=919.0, toolType[0]=TOOL_TYPE_UNKNOWN, buttonState=0, metaState=0, flags=0x0, edgeFlags=0x0, pointerCount=1, historySize=0, eventTime=42398688, downTime=42398688, deviceId=0, source=0x1002 }
01-14 15:14:38.391 27999 27999 I Input   : injectMotionEvent: MotionEvent { action=ACTION_MOVE, actionButton=0, id[0]=0, x[0]=540.0, y[0]=919.0, toolType[0]=TOOL_TYPE_UNKNOWN, buttonState=0, metaState=0, flags=0x0, edgeFlags=0x0, pointerCount=1, historySize=0, eventTime=42398700, downTime=42398700, deviceId=0, source=0x1002 }
01-14 15:14:38.408 27999 27999 I Input   : injectMotionEvent: MotionEvent { action=ACTION_MOVE, actionButton=0, id[0]=0, x[0]=540.0, y[0]=919.0, toolType[0]=TOOL_TYPE_UNKNOWN, buttonState=0, metaState=0, flags=0x0, edgeFlags=0x0, pointerCount=1, historySize=0, eventTime=42398717, downTime=42398717, deviceId=0, source=0x1002 }
01-14 15:14:38.426 27999 27999 I Input   : injectMotionEvent: MotionEvent { action=ACTION_MOVE, actionButton=0, id[0]=0, x[0]=540.0, y[0]=919.0, toolType[0]=TOOL_TYPE_UNKNOWN, buttonState=0, metaState=0, flags=0x0, edgeFlags=0x0, pointerCount=1, historySize=0, eventTime=42398735, downTime=42398735, deviceId=0, source=0x1002 }
01-14 15:14:38.441 27999 27999 I Input   : injectMotionEvent: MotionEvent { action=ACTION_MOVE, actionButton=0, id[0]=0, x[0]=540.0, y[0]=919.0, toolType[0]=TOOL_TYPE_UNKNOWN, buttonState=0, metaState=0, flags=0x0, edgeFlags=0x0, pointerCount=1, historySize=0, eventTime=42398750, downTime=42398750, deviceId=0, source=0x1002 }
01-14 15:14:38.456 27999 27999 I Input   : injectMotionEvent: MotionEvent { action=ACTION_MOVE, actionButton=0, id[0]=0, x[0]=540.0, y[0]=919.0, toolType[0]=TOOL_TYPE_UNKNOWN, buttonState=0, metaState=0, flags=0x0, edgeFlags=0x0, pointerCount=1, historySize=0, eventTime=42398765, downTime=42398765, deviceId=0, source=0x1002 }
01-14 15:14:38.474 27999 27999 I Input   : injectMotionEvent: MotionEvent { action=ACTION_MOVE, actionButton=0, id[0]=0, x[0]=540.0, y[0]=919.0, toolType[0]=TOOL_TYPE_UNKNOWN, buttonState=0, metaState=0, flags=0x0, edgeFlags=0x0, pointerCount=1, historySize=0, eventTime=42398783, downTime=42398783, deviceId=0, source=0x1002 }
01-14 15:14:38.496 27999 27999 I Input   : injectMotionEvent: MotionEvent { action=ACTION_MOVE, actionButton=0, id[0]=0, x[0]=540.0, y[0]=919.0, toolType[0]=TOOL_TYPE_UNKNOWN, buttonState=0, metaState=0, flags=0x0, edgeFlags=0x0, pointerCount=1, historySize=0, eventTime=42398805, downTime=42398805, deviceId=0, source=0x1002 }
01-14 15:14:38.508 27999 27999 I Input   : injectMotionEvent: MotionEvent { action=ACTION_MOVE, actionButton=0, id[0]=0, x[0]=540.0, y[0]=919.0, toolType[0]=TOOL_TYPE_UNKNOWN, buttonState=0, metaState=0, flags=0x0, edgeFlags=0x0, pointerCount=1, historySize=0, eventTime=42398817, downTime=42398817, deviceId=0, source=0x1002 }
01-14 15:14:38.526 27999 27999 I Input   : injectMotionEvent: MotionEvent { action=ACTION_MOVE, actionButton=0, id[0]=0, x[0]=540.0, y[0]=919.0, toolType[0]=TOOL_TYPE_UNKNOWN, buttonState=0, metaState=0, flags=0x0, edgeFlags=0x0, pointerCount=1, historySize=0, eventTime=42398835, downTime=42398835, deviceId=0, source=0x1002 }
01-14 15:14:38.543 27999 27999 I Input   : injectMotionEvent: MotionEvent { action=ACTION_MOVE, actionButton=0, id[0]=0, x[0]=540.0, y[0]=919.0, toolType[0]=TOOL_TYPE_UNKNOWN, buttonState=0, metaState=0, flags=0x0, edgeFlags=0x0, pointerCount=1, historySize=0, eventTime=42398852, downTime=42398852, deviceId=0, source=0x1002 }
01-14 15:14:38.560 27999 27999 I Input   : injectMotionEvent: MotionEvent { action=ACTION_MOVE, actionButton=0, id[0]=0, x[0]=540.0, y[0]=919.0, toolType[0]=TOOL_TYPE_UNKNOWN, buttonState=0, metaState=0, flags=0x0, edgeFlags=0x0, pointerCount=1, historySize=0, eventTime=42398868, downTime=42398868, deviceId=0, source=0x1002 }
01-14 15:14:38.578 27999 27999 I Input   : injectMotionEvent: MotionEvent { action=ACTION_MOVE, actionButton=0, id[0]=0, x[0]=540.0, y[0]=919.0, toolType[0]=TOOL_TYPE_UNKNOWN, buttonState=0, metaState=0, flags=0x0, edgeFlags=0x0, pointerCount=1, historySize=0, eventTime=42398887, downTime=42398887, deviceId=0, source=0x1002 }
01-14 15:14:38.595 27999 27999 I Input   : injectMotionEvent: MotionEvent { action=ACTION_MOVE, actionButton=0, id[0]=0, x[0]=540.0, y[0]=919.0, toolType[0]=TOOL_TYPE_UNKNOWN, buttonState=0, metaState=0, flags=0x0, edgeFlags=0x0, pointerCount=1, historySize=0, eventTime=42398904, downTime=42398904, deviceId=0, source=0x1002 }
01-14 15:14:38.610 27999 27999 I Input   : injectMotionEvent: MotionEvent { action=ACTION_MOVE, actionButton=0, id[0]=0, x[0]=540.0, y[0]=919.0, toolType[0]=TOOL_TYPE_UNKNOWN, buttonState=0, metaState=0, flags=0x0, edgeFlags=0x0, pointerCount=1, historySize=0, eventTime=42398919, downTime=42398919, deviceId=0, source=0x1002 }
01-14 15:14:38.624 27999 27999 I Input   : injectMotionEvent: MotionEvent { action=ACTION_MOVE, actionButton=0, id[0]=0, x[0]=540.0, y[0]=919.0, toolType[0]=TOOL_TYPE_UNKNOWN, buttonState=0, metaState=0, flags=0x0, edgeFlags=0x0, pointerCount=1, historySize=0, eventTime=42398933, downTime=42398933, deviceId=0, source=0x1002 }
01-14 15:14:38.644 27999 27999 I Input   : injectMotionEvent: MotionEvent { action=ACTION_MOVE, actionButton=0, id[0]=0, x[0]=540.0, y[0]=919.0, toolType[0]=TOOL_TYPE_UNKNOWN, buttonState=0, metaState=0, flags=0x0, edgeFlags=0x0, pointerCount=1, historySize=0, eventTime=42398953, downTime=42398953, deviceId=0, source=0x1002 }
01-14 15:14:38.658 27999 27999 I Input   : injectMotionEvent: MotionEvent { action=ACTION_MOVE, actionButton=0, id[0]=0, x[0]=540.0, y[0]=919.0, toolType[0]=TOOL_TYPE_UNKNOWN, buttonState=0, metaState=0, flags=0x0, edgeFlags=0x0, pointerCount=1, historySize=0, eventTime=42398967, downTime=42398967, deviceId=0, source=0x1002 }
01-14 15:14:38.680 27999 27999 I Input   : injectMotionEvent: MotionEvent { action=ACTION_MOVE, actionButton=0, id[0]=0, x[0]=540.0, y[0]=919.0, toolType[0]=TOOL_TYPE_UNKNOWN, buttonState=0, metaState=0, flags=0x0, edgeFlags=0x0, pointerCount=1, historySize=0, eventTime=42398989, downTime=42398989, deviceId=0, source=0x1002 }
01-14 15:14:38.693 27999 27999 I Input   : injectMotionEvent: MotionEvent { action=ACTION_MOVE, actionButton=0, id[0]=0, x[0]=540.0, y[0]=919.0, toolType[0]=TOOL_TYPE_UNKNOWN, buttonState=0, metaState=0, flags=0x0, edgeFlags=0x0, pointerCount=1, historySize=0, eventTime=42399002, downTime=42399002, deviceId=0, source=0x1002 }
01-14 15:14:38.707 27999 27999 I Input   : injectMotionEvent: MotionEvent { action=ACTION_MOVE, actionButton=0, id[0]=0, x[0]=540.0, y[0]=919.0, toolType[0]=TOOL_TYPE_UNKNOWN, buttonState=0, metaState=0, flags=0x0, edgeFlags=0x0, pointerCount=1, historySize=0, eventTime=42399016, downTime=42399016, deviceId=0, source=0x1002 }
01-14 15:14:38.727 27999 27999 I Input   : injectMotionEvent: MotionEvent { action=ACTION_MOVE, actionButton=0, id[0]=0, x[0]=540.0, y[0]=919.0, toolType[0]=TOOL_TYPE_UNKNOWN, buttonState=0, metaState=0, flags=0x0, edgeFlags=0x0, pointerCount=1, historySize=0, eventTime=42399036, downTime=42399036, deviceId=0, source=0x1002 }
01-14 15:14:38.742 27999 27999 I Input   : injectMotionEvent: MotionEvent { action=ACTION_MOVE, actionButton=0, id[0]=0, x[0]=540.0, y[0]=919.0, toolType[0]=TOOL_TYPE_UNKNOWN, buttonState=0, metaState=0, flags=0x0, edgeFlags=0x0, pointerCount=1, historySize=0, eventTime=42399051, downTime=42399051, deviceId=0, source=0x1002 }
01-14 15:14:38.760 27999 27999 I Input   : injectMotionEvent: MotionEvent { action=ACTION_MOVE, actionButton=0, id[0]=0, x[0]=540.0, y[0]=919.0, toolType[0]=TOOL_TYPE_UNKNOWN, buttonState=0, metaState=0, flags=0x0, edgeFlags=0x0, pointerCount=1, historySize=0, eventTime=42399069, downTime=42399069, deviceId=0, source=0x1002 }
01-14 15:14:38.775 27999 27999 I Input   : injectMotionEvent: MotionEvent { action=ACTION_MOVE, actionButton=0, id[0]=0, x[0]=540.0, y[0]=919.0, toolType[0]=TOOL_TYPE_UNKNOWN, buttonState=0, metaState=0, flags=0x0, edgeFlags=0x0, pointerCount=1, historySize=0, eventTime=42399084, downTime=42399084, deviceId=0, source=0x1002 }
01-14 15:14:38.796 27999 27999 I Input   : injectMotionEvent: MotionEvent { action=ACTION_MOVE, actionButton=0, id[0]=0, x[0]=540.0, y[0]=919.0, toolType[0]=TOOL_TYPE_UNKNOWN, buttonState=0, metaState=0, flags=0x0, edgeFlags=0x0, pointerCount=1, historySize=0, eventTime=42399105, downTime=42399105, deviceId=0, source=0x1002 }
01-14 15:14:38.809 27999 27999 I Input   : injectMotionEvent: MotionEvent { action=ACTION_MOVE, actionButton=0, id[0]=0, x[0]=540.0, y[0]=919.0, toolType[0]=TOOL_TYPE_UNKNOWN, buttonState=0, metaState=0, flags=0x0, edgeFlags=0x0, pointerCount=1, historySize=0, eventTime=42399118, downTime=42399118, deviceId=0, source=0x1002 }
01-14 15:14:38.828 27999 27999 I Input   : injectMotionEvent: MotionEvent { action=ACTION_MOVE, actionButton=0, id[0]=0, x[0]=540.0, y[0]=919.0, toolType[0]=TOOL_TYPE_UNKNOWN, buttonState=0, metaState=0, flags=0x0, edgeFlags=0x0, pointerCount=1, historySize=0, eventTime=42399137, downTime=42399137, deviceId=0, source=0x1002 }
01-14 15:14:38.845 27999 27999 I Input   : injectMotionEvent: MotionEvent { action=ACTION_MOVE, actionButton=0, id[0]=0, x[0]=540.0, y[0]=919.0, toolType[0]=TOOL_TYPE_UNKNOWN, buttonState=0, metaState=0, flags=0x0, edgeFlags=0x0, pointerCount=1, historySize=0, eventTime=42399154, downTime=42399154, deviceId=0, source=0x1002 }
01-14 15:14:38.857 27999 27999 I Input   : injectMotionEvent: MotionEvent { action=ACTION_MOVE, actionButton=0, id[0]=0, x[0]=540.0, y[0]=919.0, toolType[0]=TOOL_TYPE_UNKNOWN, buttonState=0, metaState=0, flags=0x0, edgeFlags=0x0, pointerCount=1, historySize=0, eventTime=42399166, downTime=42399166, deviceId=0, source=0x1002 }
01-14 15:14:38.878 27999 27999 I Input   : injectMotionEvent: MotionEvent { action=ACTION_MOVE, actionButton=0, id[0]=0, x[0]=540.0, y[0]=919.0, toolType[0]=TOOL_TYPE_UNKNOWN, buttonState=0, metaState=0, flags=0x0, edgeFlags=0x0, pointerCount=1, historySize=0, eventTime=42399187, downTime=42399187, deviceId=0, source=0x1002 }
01-14 15:14:38.897 27999 27999 I Input   : injectMotionEvent: MotionEvent { action=ACTION_MOVE, actionButton=0, id[0]=0, x[0]=540.0, y[0]=919.0, toolType[0]=TOOL_TYPE_UNKNOWN, buttonState=0, metaState=0, flags=0x0, edgeFlags=0x0, pointerCount=1, historySize=0, eventTime=42399206, downTime=42399206, deviceId=0, source=0x1002 }
01-14 15:14:38.907 27999 27999 I Input   : injectMotionEvent: MotionEvent { action=ACTION_MOVE, actionButton=0, id[0]=0, x[0]=540.0, y[0]=919.0, toolType[0]=TOOL_TYPE_UNKNOWN, buttonState=0, metaState=0, flags=0x0, edgeFlags=0x0, pointerCount=1, historySize=0, eventTime=42399216, downTime=42399216, deviceId=0, source=0x1002 }
01-14 15:14:38.926 27999 27999 I Input   : injectMotionEvent: MotionEvent { action=ACTION_MOVE, actionButton=0, id[0]=0, x[0]=540.0, y[0]=919.0, toolType[0]=TOOL_TYPE_UNKNOWN, buttonState=0, metaState=0, flags=0x0, edgeFlags=0x0, pointerCount=1, historySize=0, eventTime=42399235, downTime=42399235, deviceId=0, source=0x1002 }
01-14 15:14:38.942 27999 27999 I Input   : injectMotionEvent: MotionEvent { action=ACTION_MOVE, actionButton=0, id[0]=0, x[0]=540.0, y[0]=919.0, toolType[0]=TOOL_TYPE_UNKNOWN, buttonState=0, metaState=0, flags=0x0, edgeFlags=0x0, pointerCount=1, historySize=0, eventTime=42399251, downTime=42399251, deviceId=0, source=0x1002 }
01-14 15:14:38.958 27999 27999 I Input   : injectMotionEvent: MotionEvent { action=ACTION_MOVE, actionButton=0, id[0]=0, x[0]=540.0, y[0]=919.0, toolType[0]=TOOL_TYPE_UNKNOWN, buttonState=0, metaState=0, flags=0x0, edgeFlags=0x0, pointerCount=1, historySize=0, eventTime=42399267, downTime=42399267, deviceId=0, source=0x1002 }
01-14 15:14:38.975 27999 27999 I Input   : injectMotionEvent: MotionEvent { action=ACTION_MOVE, actionButton=0, id[0]=0, x[0]=540.0, y[0]=919.0, toolType[0]=TOOL_TYPE_UNKNOWN, buttonState=0, metaState=0, flags=0x0, edgeFlags=0x0, pointerCount=1, historySize=0, eventTime=42399284, downTime=42399284, deviceId=0, source=0x1002 }
01-14 15:14:38.995 27999 27999 I Input   : injectMotionEvent: MotionEvent { action=ACTION_MOVE, actionButton=0, id[0]=0, x[0]=540.0, y[0]=919.0, toolType[0]=TOOL_TYPE_UNKNOWN, buttonState=0, metaState=0, flags=0x0, edgeFlags=0x0, pointerCount=1, historySize=0, eventTime=42399304, downTime=42399304, deviceId=0, source=0x1002 }
01-14 15:14:39.009 27999 27999 I Input   : injectMotionEvent: MotionEvent { action=ACTION_MOVE, actionButton=0, id[0]=0, x[0]=540.0, y[0]=919.0, toolType[0]=TOOL_TYPE_UNKNOWN, buttonState=0, metaState=0, flags=0x0, edgeFlags=0x0, pointerCount=1, historySize=0, eventTime=42399318, downTime=42399318, deviceId=0, source=0x1002 }
01-14 15:14:39.028 27999 27999 I Input   : injectMotionEvent: MotionEvent { action=ACTION_MOVE, actionButton=0, id[0]=0, x[0]=540.0, y[0]=919.0, toolType[0]=TOOL_TYPE_UNKNOWN, buttonState=0, metaState=0, flags=0x0, edgeFlags=0x0, pointerCount=1, historySize=0, eventTime=42399336, downTime=42399336, deviceId=0, source=0x1002 }
01-14 15:14:39.042 27999 27999 I Input   : injectMotionEvent: MotionEvent { action=ACTION_MOVE, actionButton=0, id[0]=0, x[0]=540.0, y[0]=919.0, toolType[0]=TOOL_TYPE_UNKNOWN, buttonState=0, metaState=0, flags=0x0, edgeFlags=0x0, pointerCount=1, historySize=0, eventTime=42399351, downTime=42399351, deviceId=0, source=0x1002 }
01-14 15:14:39.058 27999 27999 I Input   : injectMotionEvent: MotionEvent { action=ACTION_MOVE, actionButton=0, id[0]=0, x[0]=540.0, y[0]=919.0, toolType[0]=TOOL_TYPE_UNKNOWN, buttonState=0, metaState=0, flags=0x0, edgeFlags=0x0, pointerCount=1, historySize=0, eventTime=42399367, downTime=42399367, deviceId=0, source=0x1002 }
01-14 15:14:39.078 27999 27999 I Input   : injectMotionEvent: MotionEvent { action=ACTION_MOVE, actionButton=0, id[0]=0, x[0]=540.0, y[0]=919.0, toolType[0]=TOOL_TYPE_UNKNOWN, buttonState=0, metaState=0, flags=0x0, edgeFlags=0x0, pointerCount=1, historySize=0, eventTime=42399387, downTime=42399387, deviceId=0, source=0x1002 }
01-14 15:14:39.096 27999 27999 I Input   : injectMotionEvent: MotionEvent { action=ACTION_MOVE, actionButton=0, id[0]=0, x[0]=540.0, y[0]=919.0, toolType[0]=TOOL_TYPE_UNKNOWN, buttonState=0, metaState=0, flags=0x0, edgeFlags=0x0, pointerCount=1, historySize=0, eventTime=42399405, downTime=42399405, deviceId=0, source=0x1002 }
01-14 15:14:39.110 27999 27999 I Input   : injectMotionEvent: MotionEvent { action=ACTION_MOVE, actionButton=0, id[0]=0, x[0]=540.0, y[0]=919.0, toolType[0]=TOOL_TYPE_UNKNOWN, buttonState=0, metaState=0, flags=0x0, edgeFlags=0x0, pointerCount=1, historySize=0, eventTime=42399419, downTime=42399419, deviceId=0, source=0x1002 }
01-14 15:14:39.124 27999 27999 I Input   : injectMotionEvent: MotionEvent { action=ACTION_MOVE, actionButton=0, id[0]=0, x[0]=540.0, y[0]=919.0, toolType[0]=TOOL_TYPE_UNKNOWN, buttonState=0, metaState=0, flags=0x0, edgeFlags=0x0, pointerCount=1, historySize=0, eventTime=42399433, downTime=42399433, deviceId=0, source=0x1002 }
01-14 15:14:39.139 27999 27999 I Input   : injectMotionEvent: MotionEvent { action=ACTION_MOVE, actionButton=0, id[0]=0, x[0]=540.0, y[0]=919.0, toolType[0]=TOOL_TYPE_UNKNOWN, buttonState=0, metaState=0, flags=0x0, edgeFlags=0x0, pointerCount=1, historySize=0, eventTime=42399448, downTime=42399448, deviceId=0, source=0x1002 }
01-14 15:14:39.156 27999 27999 I Input   : injectMotionEvent: MotionEvent { action=ACTION_MOVE, actionButton=0, id[0]=0, x[0]=540.0, y[0]=919.0, toolType[0]=TOOL_TYPE_UNKNOWN, buttonState=0, metaState=0, flags=0x0, edgeFlags=0x0, pointerCount=1, historySize=0, eventTime=42399465, downTime=42399465, deviceId=0, source=0x1002 }
01-14 15:14:39.181 27999 27999 I Input   : injectMotionEvent: MotionEvent { action=ACTION_MOVE, actionButton=0, id[0]=0, x[0]=540.0, y[0]=919.0, toolType[0]=TOOL_TYPE_UNKNOWN, buttonState=0, metaState=0, flags=0x0, edgeFlags=0x0, pointerCount=1, historySize=0, eventTime=42399490, downTime=42399490, deviceId=0, source=0x1002 }
01-14 15:14:39.189 27999 27999 I Input   : injectMotionEvent: MotionEvent { action=ACTION_MOVE, actionButton=0, id[0]=0, x[0]=540.0, y[0]=919.0, toolType[0]=TOOL_TYPE_UNKNOWN, buttonState=0, metaState=0, flags=0x0, edgeFlags=0x0, pointerCount=1, historySize=0, eventTime=42399498, downTime=42399498, deviceId=0, source=0x1002 }
01-14 15:14:39.208 27999 27999 I Input   : injectMotionEvent: MotionEvent { action=ACTION_MOVE, actionButton=0, id[0]=0, x[0]=540.0, y[0]=919.0, toolType[0]=TOOL_TYPE_UNKNOWN, buttonState=0, metaState=0, flags=0x0, edgeFlags=0x0, pointerCount=1, historySize=0, eventTime=42399517, downTime=42399517, deviceId=0, source=0x1002 }
01-14 15:14:39.228 27999 27999 I Input   : injectMotionEvent: MotionEvent { action=ACTION_MOVE, actionButton=0, id[0]=0, x[0]=540.0, y[0]=919.0, toolType[0]=TOOL_TYPE_UNKNOWN, buttonState=0, metaState=0, flags=0x0, edgeFlags=0x0, pointerCount=1, historySize=0, eventTime=42399537, downTime=42399537, deviceId=0, source=0x1002 }
01-14 15:14:39.246 27999 27999 I Input   : injectMotionEvent: MotionEvent { action=ACTION_MOVE, actionButton=0, id[0]=0, x[0]=540.0, y[0]=919.0, toolType[0]=TOOL_TYPE_UNKNOWN, buttonState=0, metaState=0, flags=0x0, edgeFlags=0x0, pointerCount=1, historySize=0, eventTime=42399555, downTime=42399555, deviceId=0, source=0x1002 }
01-14 15:14:39.259 27999 27999 I Input   : injectMotionEvent: MotionEvent { action=ACTION_MOVE, actionButton=0, id[0]=0, x[0]=540.0, y[0]=919.0, toolType[0]=TOOL_TYPE_UNKNOWN, buttonState=0, metaState=0, flags=0x0, edgeFlags=0x0, pointerCount=1, historySize=0, eventTime=42399568, downTime=42399568, deviceId=0, source=0x1002 }
01-14 15:14:39.279 27999 27999 I Input   : injectMotionEvent: MotionEvent { action=ACTION_MOVE, actionButton=0, id[0]=0, x[0]=540.0, y[0]=919.0, toolType[0]=TOOL_TYPE_UNKNOWN, buttonState=0, metaState=0, flags=0x0, edgeFlags=0x0, pointerCount=1, historySize=0, eventTime=42399588, downTime=42399588, deviceId=0, source=0x1002 }
