01-14 13:31:50.788  3332  3332 D AndroidRuntime: >>>>>> START com.android.internal.os.RuntimeInit uid 2000 <<<<<<
01-14 13:31:50.790  3332  3332 D AndroidRuntime: CheckJNI is OFF
01-14 13:31:50.810  3332  3332 W art     : Unexpected CPU variant for X86 using defaults: x86_64
01-14 13:31:50.814  3332  3332 D ICU     : No timezone override file found: /data/local/tmp/misc/zoneinfo/current/icu/icu_tzdata.dat
01-14 13:31:50.840  3332  3332 E memtrack: Couldn't load memtrack module (No such file or directory)
01-14 13:31:50.840  3332  3332 E android.os.Debug: failed to load memtrack module: -2
01-14 13:31:50.840  3332  3332 I Radio-JNI: register_android_hardware_Radio DONE
01-14 13:31:50.847  3332  3332 D AndroidRuntime: Calling main entry com.android.commands.uiautomator.Launcher
01-14 13:31:51.881  3332  3332 W AccessibilityNodeInfoDumper: Fetch time: 3ms
01-14 13:31:51.882  1697  2164 W WindowManager: Attempted to remove non-existing token: android.os.Binder@5fdf451
01-14 13:31:51.892  3332  3332 D AndroidRuntime: Shutting down VM
01-14 13:31:52.227  3350  3350 D AndroidRuntime: >>>>>> START com.android.internal.os.RuntimeInit uid 2000 <<<<<<
01-14 13:31:52.229  3350  3350 D AndroidRuntime: CheckJNI is OFF
01-14 13:31:52.248  3350  3350 W art     : Unexpected CPU variant for X86 using defaults: x86_64
01-14 13:31:52.252  3350  3350 D ICU     : No timezone override file found: /data/misc/zoneinfo/current/icu/icu_tzdata.dat
01-14 13:31:52.271  3350  3350 E memtrack: Couldn't load memtrack module (No such file or directory)
01-14 13:31:52.271  3350  3350 E android.os.Debug: failed to load memtrack module: -2
01-14 13:31:52.272  3350  3350 I Radio-JNI: register_android_hardware_Radio DONE
01-14 13:31:52.277  3350  3350 D AndroidRuntime: Calling main entry com.android.commands.monkey.Monkey
01-14 13:31:52.304  1697  1711 W BroadcastQueue: Skipping deliver [background] BroadcastRecord{d53f4af u-1 android.net.conn.CONNECTIVITY_CHANGE} to ReceiverList{fa6b0bc 3350 (unknown name)/2000/u-1 remote:399dc89}: process crashing
01-14 13:31:52.313  1697  2205 I ActivityManager: START u0 {act=android.intent.action.MAIN cat=[android.intent.category.LAUNCHER] flg=0x10200000 cmp=org.osmdroid/.intro.IntroActivity} from uid 2000 on display 0
01-14 13:31:52.359  3350  3350 I art     : System.exit called, status: 0
01-14 13:31:52.359  3350  3350 I AndroidRuntime: VM exiting with result code 0.
01-14 13:32:06.277  1697  1807 I WifiConnectivityManager: start a single scan from watchdogHandler
01-14 13:32:06.277  1697  1807 I WifiConnectivityManager: scheduleWatchdogTimer
01-14 13:32:06.284 27923  3362 I MS_RegisterService: RegisterService intent:Intent { act=register_intent_action flg=0x14 cmp=com.google.android.talk/com.google.android.libraries.matchstick.net.SilentRegisterService (has extras) } isPeriodic:false
01-14 13:32:06.298  3363  3363 W art     : Unexpected CPU variant for X86 using defaults: x86_64
01-14 13:32:06.308  1697  2207 I ActivityManager: Start proc 3363:com.google.android.configupdater/u0a5 for broadcast com.google.android.configupdater/.SmsShortCodes.SmsShortCodesUpdateRequestReceiver
01-14 13:32:06.325 27923  3362 W System  : ClassLoader referenced unknown path: /system/priv-app/PrebuiltGmsCore/lib/x86_64
01-14 13:32:06.325 27923  3362 W System  : ClassLoader referenced unknown path: /system/priv-app/PrebuiltGmsCore/lib/x86_64
01-14 13:32:06.328 27923  3362 W GmsNativeLibraryLoader: Unable to load native code from existing library /system/priv-app/PrebuiltGmsCore/PrebuiltGmsCore.apk!/lib/x86_64/libconscrypt_gmscore_jni.so
01-14 13:32:06.328 27923  3362 W GmsNativeLibraryLoader: java.lang.UnsatisfiedLinkError: dlopen failed: "/system/priv-app/PrebuiltGmsCore/PrebuiltGmsCore.apk!/lib/x86_64/libconscrypt_gmscore_jni.so" is 64-bit instead of 32-bit
01-14 13:32:06.328 27923  3362 W GmsNativeLibraryLoader: 	at java.lang.Runtime.load0(Runtime.java:897)
01-14 13:32:06.328 27923  3362 W GmsNativeLibraryLoader: 	at java.lang.System.load(System.java:1505)
01-14 13:32:06.328 27923  3362 W GmsNativeLibraryLoader: 	at ssl.b(:com.google.android.gms@202414023@20.24.14 (040800-319035315):42)
01-14 13:32:06.328 27923  3362 W GmsNativeLibraryLoader: 	at com.google.android.gms.common.security.ProviderInstallerImpl.a(:com.google.android.gms@202414023@20.24.14 (040800-319035315):8)
01-14 13:32:06.328 27923  3362 W GmsNativeLibraryLoader: 	at com.google.android.gms.common.security.ProviderInstallerImpl.insertProvider(:com.google.android.gms@202414023@20.24.14 (040800-319035315):3)
01-14 13:32:06.328 27923  3362 W GmsNativeLibraryLoader: 	at java.lang.reflect.Method.invoke(Native Method)
01-14 13:32:06.328 27923  3362 W GmsNativeLibraryLoader: 	at hnk.a(Unknown Source)
01-14 13:32:06.328 27923  3362 W GmsNativeLibraryLoader: 	at com.google.android.libraries.matchstick.net.SilentRegisterService.onHandleIntent(SourceFile:216)
01-14 13:32:06.328 27923  3362 W GmsNativeLibraryLoader: 	at android.app.IntentService$ServiceHandler.handleMessage(IntentService.java:68)
01-14 13:32:06.328 27923  3362 W GmsNativeLibraryLoader: 	at android.os.Handler.dispatchMessage(Handler.java:102)
01-14 13:32:06.328 27923  3362 W GmsNativeLibraryLoader: 	at android.os.Looper.loop(Looper.java:154)
01-14 13:32:06.328 27923  3362 W GmsNativeLibraryLoader: 	at android.os.HandlerThread.run(HandlerThread.java:61)
01-14 13:32:06.330 27923  3362 E GmsNativeLibraryLoader: Unable to locate conscrypt_gmscore_jni in dalvik.system.PathClassLoader[DexPathList[[zip file "/system/framework/com.android.location.provider.jar", zip file "/system/framework/com.android.media.remotedisplay.jar", zip file "/system/priv-app/PrebuiltGmsCore/PrebuiltGmsCore.apk"],nativeLibraryDirectories=[/system/priv-app/PrebuiltGmsCore/lib/x86_64, /system/priv-app/PrebuiltGmsCore/PrebuiltGmsCore.apk!/lib/x86_64, /system/lib, /vendor/lib, /system/lib, /vendor/lib]]]
01-14 13:32:06.330 27923  3362 E GmsNativeLibraryLoader: java.lang.UnsatisfiedLinkError: dlopen failed: "/system/priv-app/PrebuiltGmsCore/PrebuiltGmsCore.apk!/lib/x86_64/libconscrypt_gmscore_jni.so" is 64-bit instead of 32-bit
01-14 13:32:06.330 27923  3362 E GmsNativeLibraryLoader: 	at java.lang.Runtime.loadLibrary0(Runtime.java:977)
01-14 13:32:06.330 27923  3362 E GmsNativeLibraryLoader: 	at java.lang.System.loadLibrary(System.java:1530)
01-14 13:32:06.330 27923  3362 E GmsNativeLibraryLoader: 	at ssl.b(:com.google.android.gms@202414023@20.24.14 (040800-319035315):63)
01-14 13:32:06.330 27923  3362 E GmsNativeLibraryLoader: 	at com.google.android.gms.common.security.ProviderInstallerImpl.a(:com.google.android.gms@202414023@20.24.14 (040800-319035315):8)
01-14 13:32:06.330 27923  3362 E GmsNativeLibraryLoader: 	at com.google.android.gms.common.security.ProviderInstallerImpl.insertProvider(:com.google.android.gms@202414023@20.24.14 (040800-319035315):3)
01-14 13:32:06.330 27923  3362 E GmsNativeLibraryLoader: 	at java.lang.reflect.Method.invoke(Native Method)
01-14 13:32:06.330 27923  3362 E GmsNativeLibraryLoader: 	at hnk.a(Unknown Source)
01-14 13:32:06.330 27923  3362 E GmsNativeLibraryLoader: 	at com.google.android.libraries.matchstick.net.SilentRegisterService.onHandleIntent(SourceFile:216)
01-14 13:32:06.330 27923  3362 E GmsNativeLibraryLoader: 	at android.app.IntentService$ServiceHandler.handleMessage(IntentService.java:68)
01-14 13:32:06.330 27923  3362 E GmsNativeLibraryLoader: 	at android.os.Handler.dispatchMessage(Handler.java:102)
01-14 13:32:06.330 27923  3362 E GmsNativeLibraryLoader: 	at android.os.Looper.loop(Looper.java:154)
01-14 13:32:06.330 27923  3362 E GmsNativeLibraryLoader: 	at android.os.HandlerThread.run(HandlerThread.java:61)
01-14 13:32:06.330 27923  3362 E ProviderInstaller: Failed to install provider: null
01-14 13:32:06.332 27923  3362 E MS_RegisterService: Google play services not available
01-14 13:32:06.332 27923  3362 E MS_RegisterService: fux
01-14 13:32:06.332 27923  3362 E MS_RegisterService: 	at hnk.a(Unknown Source)
01-14 13:32:06.332 27923  3362 E MS_RegisterService: 	at com.google.android.libraries.matchstick.net.SilentRegisterService.onHandleIntent(SourceFile:216)
01-14 13:32:06.332 27923  3362 E MS_RegisterService: 	at android.app.IntentService$ServiceHandler.handleMessage(IntentService.java:68)
01-14 13:32:06.332 27923  3362 E MS_RegisterService: 	at android.os.Handler.dispatchMessage(Handler.java:102)
01-14 13:32:06.332 27923  3362 E MS_RegisterService: 	at android.os.Looper.loop(Looper.java:154)
01-14 13:32:06.332 27923  3362 E MS_RegisterService: 	at android.os.HandlerThread.run(HandlerThread.java:61)
01-14 13:32:06.336 27923  3362 W MS_WakeLockHelper: Call to release wakelock: register_service_start_wakelock, but not held.
01-14 13:32:06.344  3363  3363 W System  : ClassLoader referenced unknown path: /system/priv-app/ConfigUpdater/lib/x86_64
01-14 13:32:06.368  1854  6340 I NetworkScheduler.Stats: Task com.google.android.gms/com.google.android.gms.checkin.EventLogService started execution. cause:4 exec_start_elapsed_seconds: 36246 [CONTEXT service_id=218 ]
01-14 13:32:06.377  2396 21571 I Checkin : [EventLogChimeraService] Opted in for usage reporting: false
01-14 13:32:06.377  2396 21571 I Checkin : [EventLogChimeraService] Aggregate from 1673707688660 (log), 1673707688660 (data)
01-14 13:32:06.389  3363  3380 I ConfigUpdater: Update started
01-14 13:32:06.402 20770 20862 V DownloadManager: Deleting /data/data/com.android.providers.downloads/cache/07042022-sms-denylist-metadata.txt via provider delete
01-14 13:32:06.405  3363  3384 I ConfigUpdater: Update started
01-14 13:32:06.415 20770 20787 V DownloadManager: Deleting /data/data/com.android.providers.downloads/cache/08202014-metadata.txt via provider delete
01-14 13:32:06.464 20770  3385 D DownloadManager: [22] Starting
01-14 13:32:06.473 20770  3386 D DownloadManager: [23] Starting
01-14 13:32:06.482 20770  3386 D NetworkSecurityConfig: No Network Security Config specified, using platform default
01-14 13:32:06.482 20770  3385 D NetworkSecurityConfig: No Network Security Config specified, using platform default
01-14 13:32:06.625 20770  3386 D DownloadManager: [23] Finished with status SUCCESS
01-14 13:32:06.625 20770  3385 D DownloadManager: [22] Finished with status SUCCESS
01-14 13:32:06.662  1854  2680 I NetworkScheduler.Stats: Task com.google.android.gms/com.google.android.gms.checkin.EventLogService finished executing. cause:4 result: 1 elapsed_millis: 329 uptime_millis: 329 exec_start_elapsed_seconds: 36246 [CONTEXT service_id=218 ]
01-14 13:32:06.673  3363  3363 I ConfigUpdater: Download failed, retrying...
01-14 13:32:06.737  1854  6340 I NetworkScheduler.Stats: Task com.google.android.gms/com.google.android.gms.clearcut.uploader.QosUploaderService started execution. cause:5 exec_start_elapsed_seconds: 36247 [CONTEXT service_id=218 ]
01-14 13:32:06.745  3363  3363 I ConfigUpdater: Download failed, retrying...
01-14 13:32:06.836  1854  6340 W Conscrypt: Could not set socket write timeout: java.net.SocketException: Socket closed
01-14 13:32:06.839  1854  6340 W Conscrypt: 	at com.google.android.gms.org.conscrypt.Platform.setSocketWriteTimeout(:com.google.android.gms@202414023@20.24.14 (040800-319035315):2)
01-14 13:32:06.839  1854  6340 W Conscrypt: 	at com.google.android.gms.org.conscrypt.ConscryptFileDescriptorSocket.setSoWriteTimeout(:com.google.android.gms@202414023@20.24.14 (040800-319035315):0)
01-14 13:32:06.864  1854  6340 W Conscrypt: Could not set socket write timeout: java.net.SocketException: Socket closed
01-14 13:32:06.865  1854  6340 W Conscrypt: 	at com.google.android.gms.org.conscrypt.Platform.setSocketWriteTimeout(:com.google.android.gms@202414023@20.24.14 (040800-319035315):2)
01-14 13:32:06.865  1854  6340 W Conscrypt: 	at com.google.android.gms.org.conscrypt.ConscryptFileDescriptorSocket.setSoWriteTimeout(:com.google.android.gms@202414023@20.24.14 (040800-319035315):0)
01-14 13:32:07.160  1854  2681 I NetworkScheduler.Stats: Task com.google.android.gms/com.google.android.gms.clearcut.uploader.QosUploaderService finished executing. cause:5 result: 1 elapsed_millis: 455 uptime_millis: 455 exec_start_elapsed_seconds: 36247 [CONTEXT service_id=218 ]
01-14 13:32:07.616  3410  3410 D AndroidRuntime: >>>>>> START com.android.internal.os.RuntimeInit uid 2000 <<<<<<
01-14 13:32:07.619  3410  3410 D AndroidRuntime: CheckJNI is OFF
01-14 13:32:07.637  3410  3410 W art     : Unexpected CPU variant for X86 using defaults: x86_64
01-14 13:32:07.641  3410  3410 D ICU     : No timezone override file found: /data/local/tmp/misc/zoneinfo/current/icu/icu_tzdata.dat
01-14 13:32:07.669  3410  3410 E memtrack: Couldn't load memtrack module (No such file or directory)
01-14 13:32:07.669  3410  3410 E android.os.Debug: failed to load memtrack module: -2
01-14 13:32:07.669  3410  3410 I Radio-JNI: register_android_hardware_Radio DONE
01-14 13:32:07.676  3410  3410 D AndroidRuntime: Calling main entry com.android.commands.uiautomator.Launcher
01-14 13:32:08.703  3410  3410 W AccessibilityNodeInfoDumper: Fetch time: 4ms
01-14 13:32:08.705  1697  2648 W WindowManager: Attempted to remove non-existing token: android.os.Binder@930ecab
01-14 13:32:08.725  3410  3410 D AndroidRuntime: Shutting down VM
01-14 13:32:08.997  3422  3422 D AndroidRuntime: >>>>>> START com.android.internal.os.RuntimeInit uid 2000 <<<<<<
01-14 13:32:08.998  3422  3422 D AndroidRuntime: CheckJNI is OFF
01-14 13:32:09.017  3422  3422 W art     : Unexpected CPU variant for X86 using defaults: x86_64
01-14 13:32:09.020  3422  3422 D ICU     : No timezone override file found: /data/misc/zoneinfo/current/icu/icu_tzdata.dat
01-14 13:32:09.036  3422  3422 E memtrack: Couldn't load memtrack module (No such file or directory)
01-14 13:32:09.036  3422  3422 E android.os.Debug: failed to load memtrack module: -2
01-14 13:32:09.036  3422  3422 I Radio-JNI: register_android_hardware_Radio DONE
01-14 13:32:09.041  3422  3422 D AndroidRuntime: Calling main entry com.android.commands.input.Input
01-14 13:32:09.048  3422  3422 I Input   : injectMotionEvent: MotionEvent { action=ACTION_DOWN, actionButton=0, id[0]=0, x[0]=783.0, y[0]=1049.0, toolType[0]=TOOL_TYPE_UNKNOWN, buttonState=0, metaState=0, flags=0x0, edgeFlags=0x0, pointerCount=1, historySize=0, eventTime=36249353, downTime=36249353, deviceId=0, source=0x1002 }
01-14 13:32:09.052  3422  3422 I Input   : injectMotionEvent: MotionEvent { action=ACTION_UP, actionButton=0, id[0]=0, x[0]=783.0, y[0]=1049.0, toolType[0]=TOOL_TYPE_UNKNOWN, buttonState=0, metaState=0, flags=0x0, edgeFlags=0x0, pointerCount=1, historySize=0, eventTime=36249353, downTime=36249353, deviceId=0, source=0x1002 }
01-14 13:32:09.056  3422  3422 D AndroidRuntime: Shutting down VM
01-14 13:32:09.067  1446  1469 W audio_hw_generic: Not supplying enough data to HAL, expected position 8102265 , only wrote 8102160
01-14 13:32:09.069  1697  1842 D VoldConnector: SND -> {44 volume remount_uid 10084 read}
01-14 13:32:09.260  1446  1469 W audio_hw_generic: Not supplying enough data to HAL, expected position 8111399 , only wrote 8105040
01-14 13:32:09.260  1446  1469 W audio_hw_generic: Not supplying enough data to HAL, expected position 8105054 , only wrote 8105040
01-14 13:32:09.261  1446  1469 W audio_hw_generic: Hardware backing HAL too slow, could only write 0 of 720 frames
01-14 13:32:09.262  1697  1697 I GnssLocationProvider: WakeLock acquired by sendMessage(3, 0, com.android.server.location.GnssLocationProvider$GpsRequest@e0fa887)
01-14 13:32:09.276  1306  1341 D vold    : Remounting 10084 as mode read
01-14 13:32:09.276  1446  1469 W audio_hw_generic: Hardware backing HAL too slow, could only write 0 of 720 frames
01-14 13:32:09.279  1306  1341 D vold    : Found matching PID 31086
01-14 13:32:09.294  1697  1710 I GnssLocationProvider: WakeLock released by handleMessage(3, 0, com.android.server.location.GnssLocationProvider$GpsRequest@e0fa887)
01-14 13:32:09.304  1446  1470 D AudioFlinger: mixer(0xf0983ec0) throttle end: throttle time(12)
01-14 13:32:09.332  1697  1749 D VoldConnector: RCV <- {200 44 Command succeeded}
01-14 13:32:09.334  1697  2339 D VoldConnector: SND -> {45 volume remount_uid 10084 write}
01-14 13:32:09.334  1306  1341 D vold    : Remounting 10084 as mode write
01-14 13:32:09.335  1697  1697 I GnssLocationProvider: WakeLock acquired by sendMessage(3, 0, com.android.server.location.GnssLocationProvider$GpsRequest@16e13b4)
01-14 13:32:09.335  1697  1710 I GnssLocationProvider: WakeLock released by handleMessage(3, 0, com.android.server.location.GnssLocationProvider$GpsRequest@16e13b4)
01-14 13:32:09.335  1306  1341 D vold    : Found matching PID 31086
01-14 13:32:09.372  1697  1749 D VoldConnector: RCV <- {200 45 Command succeeded}
01-14 13:32:09.493 31086 31086 I System.out: New pager is 2
01-14 13:32:09.493 31086 31086 I System.out: New pager is 2
01-14 13:32:09.496  2107  2123 D EGL_emulation: eglMakeCurrent: 0x7de1da047040: ver 3 0 (tinfo 0x7de1da064680)
01-14 13:32:09.499  2107  2123 D OpenGLRenderer: endAllActiveAnimators on 0x7de1da114400 (RippleDrawable) with handle 0x7de1da185ec0
01-14 13:32:09.562 31086 31110 D EGL_emulation: eglMakeCurrent: 0x7de1dea47320: ver 3 0 (tinfo 0x7de1dea0c480)
01-14 13:32:09.676  1697  1718 I WindowManager: Destroying surface Surface(name=com.google.android.packageinstaller/com.android.packageinstaller.permission.ui.GrantPermissionsActivity) called by com.android.server.wm.WindowStateAnimator.destroySurface:2016 com.android.server.wm.WindowStateAnimator.destroySurfaceLocked:882 com.android.server.wm.WindowState.destroyOrSaveSurface:2100 com.android.server.wm.AppWindowToken.destroySurfaces:363 com.android.server.wm.WindowStateAnimator.finishExit:565 com.android.server.wm.WindowStateAnimator.stepAnimationLocked:491 com.android.server.wm.WindowAnimator.updateWindowsLocked:303 com.android.server.wm.WindowAnimator.animateLocked:704 
01-14 13:32:09.690  1352  1352 W SurfaceFlinger: couldn't log to binary event log: overflow.
01-14 13:32:11.874  3447  3447 W ls      : type=1400 audit(0.0:225): avc: denied { getattr } for path="/proc/sysrq-trigger" dev="proc" ino=4026532069 scontext=u:r:shell:s0 tcontext=u:object_r:proc_sysrq:s0 tclass=file permissive=0
01-14 13:32:11.874  3447  3447 W ls      : type=1400 audit(0.0:226): avc: denied { getattr } for path="/proc/iomem" dev="proc" ino=4026532007 scontext=u:r:shell:s0 tcontext=u:object_r:proc_iomem:s0 tclass=file permissive=0
01-14 13:32:12.472  1446  1470 W audio_hw_generic: Not supplying enough data to HAL, expected position 8411416 , only wrote 8259120
01-14 13:32:12.974 31086 31110 D EGL_emulation: eglMakeCurrent: 0x7de1dea47320: ver 3 0 (tinfo 0x7de1dea0c480)
01-14 13:32:13.508  1697  1718 I WindowManager: Destroying surface Surface(name=Toast) called by com.android.server.wm.WindowStateAnimator.destroySurface:2016 com.android.server.wm.WindowStateAnimator.destroySurfaceLocked:882 com.android.server.wm.WindowState.destroyOrSaveSurface:2100 com.android.server.wm.WindowSurfacePlacer.performSurfacePlacementInner:429 com.android.server.wm.WindowSurfacePlacer.performSurfacePlacementLoop:232 com.android.server.wm.WindowSurfacePlacer.performSurfacePlacement:180 com.android.server.wm.WindowManagerService$H.handleMessage:8086 android.os.Handler.dispatchMessage:102 
01-14 13:32:13.625  3738  3738 D AndroidRuntime: >>>>>> START com.android.internal.os.RuntimeInit uid 2000 <<<<<<
01-14 13:32:13.626  3738  3738 D AndroidRuntime: CheckJNI is OFF
01-14 13:32:13.644  3738  3738 W art     : Unexpected CPU variant for X86 using defaults: x86_64
01-14 13:32:13.647  3738  3738 D ICU     : No timezone override file found: /data/local/tmp/misc/zoneinfo/current/icu/icu_tzdata.dat
01-14 13:32:13.674  3738  3738 E memtrack: Couldn't load memtrack module (No such file or directory)
01-14 13:32:13.674  3738  3738 E android.os.Debug: failed to load memtrack module: -2
01-14 13:32:13.674  3738  3738 I Radio-JNI: register_android_hardware_Radio DONE
01-14 13:32:13.679  3738  3738 D AndroidRuntime: Calling main entry com.android.commands.uiautomator.Launcher
01-14 13:32:14.710  3738  3738 I AccessibilityNodeInfoDumper: Skipping invisible child: android.view.accessibility.AccessibilityNodeInfo@8000c9eb; boundsInParent: Rect(0, 0 - 1080, 1573); boundsInScreen: Rect(0, 63 - 0, 1636); packageName: org.osmdroid; className: android.widget.ScrollView; text: null; error: null; maxTextLength: -1; contentDescription: null; viewIdResName: null; checkable: false; checked: false; focusable: true; focused: false; selected: false; clickable: false; longClickable: false; contextClickable: false; enabled: true; password: false; scrollable: false; actions: [AccessibilityAction: ACTION_FOCUS - null, AccessibilityAction: ACTION_SELECT - null, AccessibilityAction: ACTION_CLEAR_SELECTION - null, AccessibilityAction: ACTION_ACCESSIBILITY_FOCUS - null, AccessibilityAction: ACTION_SHOW_ON_SCREEN - null]
01-14 13:32:14.710  3738  3738 I AccessibilityNodeInfoDumper: Skipping invisible child: android.view.accessibility.AccessibilityNodeInfo@80012b85; boundsInParent: Rect(0, 0 - 1080, 1573); boundsInScreen: Rect(1080, 63 - 1080, 1636); packageName: org.osmdroid; className: android.widget.ScrollView; text: null; error: null; maxTextLength: -1; contentDescription: null; viewIdResName: null; checkable: false; checked: false; focusable: true; focused: false; selected: false; clickable: false; longClickable: false; contextClickable: false; enabled: true; password: false; scrollable: false; actions: [AccessibilityAction: ACTION_FOCUS - null, AccessibilityAction: ACTION_SELECT - null, AccessibilityAction: ACTION_CLEAR_SELECTION - null, AccessibilityAction: ACTION_ACCESSIBILITY_FOCUS - null, AccessibilityAction: ACTION_SHOW_ON_SCREEN - null]
01-14 13:32:14.713  3738  3738 W AccessibilityNodeInfoDumper: Fetch time: 5ms
01-14 13:32:14.714  1697  2647 W WindowManager: Attempted to remove non-existing token: android.os.Binder@f3c3776
01-14 13:32:14.718  3738  3738 D AndroidRuntime: Shutting down VM
01-14 13:32:15.689  3766  3766 D AndroidRuntime: >>>>>> START com.android.internal.os.RuntimeInit uid 2000 <<<<<<
01-14 13:32:15.690  3766  3766 D AndroidRuntime: CheckJNI is OFF
01-14 13:32:15.707  3766  3766 W art     : Unexpected CPU variant for X86 using defaults: x86_64
01-14 13:32:15.710  3766  3766 D ICU     : No timezone override file found: /data/local/tmp/misc/zoneinfo/current/icu/icu_tzdata.dat
01-14 13:32:15.728  3766  3766 E memtrack: Couldn't load memtrack module (No such file or directory)
01-14 13:32:15.728  3766  3766 E android.os.Debug: failed to load memtrack module: -2
01-14 13:32:15.728  3766  3766 I Radio-JNI: register_android_hardware_Radio DONE
01-14 13:32:15.734  3766  3766 D AndroidRuntime: Calling main entry com.android.commands.uiautomator.Launcher
01-14 13:32:16.765  3766  3766 I AccessibilityNodeInfoDumper: Skipping invisible child: android.view.accessibility.AccessibilityNodeInfo@8000c9f4; boundsInParent: Rect(0, 0 - 1080, 1573); boundsInScreen: Rect(0, 63 - 0, 1636); packageName: org.osmdroid; className: android.widget.ScrollView; text: null; error: null; maxTextLength: -1; contentDescription: null; viewIdResName: null; checkable: false; checked: false; focusable: true; focused: false; selected: false; clickable: false; longClickable: false; contextClickable: false; enabled: true; password: false; scrollable: false; actions: [AccessibilityAction: ACTION_FOCUS - null, AccessibilityAction: ACTION_SELECT - null, AccessibilityAction: ACTION_CLEAR_SELECTION - null, AccessibilityAction: ACTION_ACCESSIBILITY_FOCUS - null, AccessibilityAction: ACTION_SHOW_ON_SCREEN - null]
01-14 13:32:16.766  3766  3766 I AccessibilityNodeInfoDumper: Skipping invisible child: android.view.accessibility.AccessibilityNodeInfo@80012b8e; boundsInParent: Rect(0, 0 - 1080, 1573); boundsInScreen: Rect(1080, 63 - 1080, 1636); packageName: org.osmdroid; className: android.widget.ScrollView; text: null; error: null; maxTextLength: -1; contentDescription: null; viewIdResName: null; checkable: false; checked: false; focusable: true; focused: false; selected: false; clickable: false; longClickable: false; contextClickable: false; enabled: true; password: false; scrollable: false; actions: [AccessibilityAction: ACTION_FOCUS - null, AccessibilityAction: ACTION_SELECT - null, AccessibilityAction: ACTION_CLEAR_SELECTION - null, AccessibilityAction: ACTION_ACCESSIBILITY_FOCUS - null, AccessibilityAction: ACTION_SHOW_ON_SCREEN - null]
01-14 13:32:16.768  3766  3766 W AccessibilityNodeInfoDumper: Fetch time: 4ms
01-14 13:32:16.768  1697  2339 W WindowManager: Attempted to remove non-existing token: android.os.Binder@197d1e4
01-14 13:32:16.777  3766  3766 D AndroidRuntime: Shutting down VM
01-14 13:32:17.292  3786  3786 D AndroidRuntime: >>>>>> START com.android.internal.os.RuntimeInit uid 2000 <<<<<<
01-14 13:32:17.296  3786  3786 D AndroidRuntime: CheckJNI is OFF
01-14 13:32:17.325  3786  3786 W art     : Unexpected CPU variant for X86 using defaults: x86_64
01-14 13:32:17.333  3786  3786 D ICU     : No timezone override file found: /data/local/tmp/misc/zoneinfo/current/icu/icu_tzdata.dat
01-14 13:32:17.364  3786  3786 E memtrack: Couldn't load memtrack module (No such file or directory)
01-14 13:32:17.364  3786  3786 E android.os.Debug: failed to load memtrack module: -2
01-14 13:32:17.366  3786  3786 I Radio-JNI: register_android_hardware_Radio DONE
01-14 13:32:17.377  3786  3786 D AndroidRuntime: Calling main entry com.android.commands.uiautomator.Launcher
01-14 13:32:18.425  3786  3786 I AccessibilityNodeInfoDumper: Skipping invisible child: android.view.accessibility.AccessibilityNodeInfo@8000c9fd; boundsInParent: Rect(0, 0 - 1080, 1573); boundsInScreen: Rect(0, 63 - 0, 1636); packageName: org.osmdroid; className: android.widget.ScrollView; text: null; error: null; maxTextLength: -1; contentDescription: null; viewIdResName: null; checkable: false; checked: false; focusable: true; focused: false; selected: false; clickable: false; longClickable: false; contextClickable: false; enabled: true; password: false; scrollable: false; actions: [AccessibilityAction: ACTION_FOCUS - null, AccessibilityAction: ACTION_SELECT - null, AccessibilityAction: ACTION_CLEAR_SELECTION - null, AccessibilityAction: ACTION_ACCESSIBILITY_FOCUS - null, AccessibilityAction: ACTION_SHOW_ON_SCREEN - null]
01-14 13:32:18.426  3786  3786 I AccessibilityNodeInfoDumper: Skipping invisible child: android.view.accessibility.AccessibilityNodeInfo@80012b97; boundsInParent: Rect(0, 0 - 1080, 1573); boundsInScreen: Rect(1080, 63 - 1080, 1636); packageName: org.osmdroid; className: android.widget.ScrollView; text: null; error: null; maxTextLength: -1; contentDescription: null; viewIdResName: null; checkable: false; checked: false; focusable: true; focused: false; selected: false; clickable: false; longClickable: false; contextClickable: false; enabled: true; password: false; scrollable: false; actions: [AccessibilityAction: ACTION_FOCUS - null, AccessibilityAction: ACTION_SELECT - null, AccessibilityAction: ACTION_CLEAR_SELECTION - null, AccessibilityAction: ACTION_ACCESSIBILITY_FOCUS - null, AccessibilityAction: ACTION_SHOW_ON_SCREEN - null]
01-14 13:32:18.428  3786  3786 W AccessibilityNodeInfoDumper: Fetch time: 6ms
01-14 13:32:18.429  1697  1870 W WindowManager: Attempted to remove non-existing token: android.os.Binder@9ac5502
01-14 13:32:18.437  3786  3786 D AndroidRuntime: Shutting down VM
01-14 13:32:19.420  3815  3815 D AndroidRuntime: >>>>>> START com.android.internal.os.RuntimeInit uid 2000 <<<<<<
01-14 13:32:19.421  3815  3815 D AndroidRuntime: CheckJNI is OFF
01-14 13:32:19.439  3815  3815 W art     : Unexpected CPU variant for X86 using defaults: x86_64
01-14 13:32:19.443  3815  3815 D ICU     : No timezone override file found: /data/local/tmp/misc/zoneinfo/current/icu/icu_tzdata.dat
01-14 13:32:19.467  3815  3815 E memtrack: Couldn't load memtrack module (No such file or directory)
01-14 13:32:19.467  3815  3815 E android.os.Debug: failed to load memtrack module: -2
01-14 13:32:19.467  3815  3815 I Radio-JNI: register_android_hardware_Radio DONE
01-14 13:32:19.472  3815  3815 D AndroidRuntime: Calling main entry com.android.commands.uiautomator.Launcher
01-14 13:32:20.504  3815  3815 I AccessibilityNodeInfoDumper: Skipping invisible child: android.view.accessibility.AccessibilityNodeInfo@8000ca03; boundsInParent: Rect(0, 0 - 1080, 1573); boundsInScreen: Rect(0, 63 - 0, 1636); packageName: org.osmdroid; className: android.widget.ScrollView; text: null; error: null; maxTextLength: -1; contentDescription: null; viewIdResName: null; checkable: false; checked: false; focusable: true; focused: false; selected: false; clickable: false; longClickable: false; contextClickable: false; enabled: true; password: false; scrollable: false; actions: [AccessibilityAction: ACTION_FOCUS - null, AccessibilityAction: ACTION_SELECT - null, AccessibilityAction: ACTION_CLEAR_SELECTION - null, AccessibilityAction: ACTION_ACCESSIBILITY_FOCUS - null, AccessibilityAction: ACTION_SHOW_ON_SCREEN - null]
01-14 13:32:20.505  3815  3815 I AccessibilityNodeInfoDumper: Skipping invisible child: android.view.accessibility.AccessibilityNodeInfo@80012b9d; boundsInParent: Rect(0, 0 - 1080, 1573); boundsInScreen: Rect(1080, 63 - 1080, 1636); packageName: org.osmdroid; className: android.widget.ScrollView; text: null; error: null; maxTextLength: -1; contentDescription: null; viewIdResName: null; checkable: false; checked: false; focusable: true; focused: false; selected: false; clickable: false; longClickable: false; contextClickable: false; enabled: true; password: false; scrollable: false; actions: [AccessibilityAction: ACTION_FOCUS - null, AccessibilityAction: ACTION_SELECT - null, AccessibilityAction: ACTION_CLEAR_SELECTION - null, AccessibilityAction: ACTION_ACCESSIBILITY_FOCUS - null, AccessibilityAction: ACTION_SHOW_ON_SCREEN - null]
01-14 13:32:20.506  3815  3815 W AccessibilityNodeInfoDumper: Fetch time: 3ms
01-14 13:32:20.507  1697  2647 W WindowManager: Attempted to remove non-existing token: android.os.Binder@5f22850
01-14 13:32:20.513  3815  3815 D AndroidRuntime: Shutting down VM
01-14 13:32:21.565  3851  3851 D AndroidRuntime: >>>>>> START com.android.internal.os.RuntimeInit uid 2000 <<<<<<
01-14 13:32:21.567  3851  3851 D AndroidRuntime: CheckJNI is OFF
01-14 13:32:21.585  3851  3851 W art     : Unexpected CPU variant for X86 using defaults: x86_64
01-14 13:32:21.589  3851  3851 D ICU     : No timezone override file found: /data/local/tmp/misc/zoneinfo/current/icu/icu_tzdata.dat
01-14 13:32:21.609  3851  3851 E memtrack: Couldn't load memtrack module (No such file or directory)
01-14 13:32:21.609  3851  3851 E android.os.Debug: failed to load memtrack module: -2
01-14 13:32:21.609  3851  3851 I Radio-JNI: register_android_hardware_Radio DONE
01-14 13:32:21.615  3851  3851 D AndroidRuntime: Calling main entry com.android.commands.uiautomator.Launcher
01-14 13:32:22.644  3851  3851 I AccessibilityNodeInfoDumper: Skipping invisible child: android.view.accessibility.AccessibilityNodeInfo@8000ca0d; boundsInParent: Rect(0, 0 - 1080, 1573); boundsInScreen: Rect(0, 63 - 0, 1636); packageName: org.osmdroid; className: android.widget.ScrollView; text: null; error: null; maxTextLength: -1; contentDescription: null; viewIdResName: null; checkable: false; checked: false; focusable: true; focused: false; selected: false; clickable: false; longClickable: false; contextClickable: false; enabled: true; password: false; scrollable: false; actions: [AccessibilityAction: ACTION_FOCUS - null, AccessibilityAction: ACTION_SELECT - null, AccessibilityAction: ACTION_CLEAR_SELECTION - null, AccessibilityAction: ACTION_ACCESSIBILITY_FOCUS - null, AccessibilityAction: ACTION_SHOW_ON_SCREEN - null]
01-14 13:32:22.644  3851  3851 I AccessibilityNodeInfoDumper: Skipping invisible child: android.view.accessibility.AccessibilityNodeInfo@80012ba7; boundsInParent: Rect(0, 0 - 1080, 1573); boundsInScreen: Rect(1080, 63 - 1080, 1636); packageName: org.osmdroid; className: android.widget.ScrollView; text: null; error: null; maxTextLength: -1; contentDescription: null; viewIdResName: null; checkable: false; checked: false; focusable: true; focused: false; selected: false; clickable: false; longClickable: false; contextClickable: false; enabled: true; password: false; scrollable: false; actions: [AccessibilityAction: ACTION_FOCUS - null, AccessibilityAction: ACTION_SELECT - null, AccessibilityAction: ACTION_CLEAR_SELECTION - null, AccessibilityAction: ACTION_ACCESSIBILITY_FOCUS - null, AccessibilityAction: ACTION_SHOW_ON_SCREEN - null]
01-14 13:32:22.646  3851  3851 W AccessibilityNodeInfoDumper: Fetch time: 3ms
01-14 13:32:22.647  1697  1708 W WindowManager: Attempted to remove non-existing token: android.os.Binder@f59797c
01-14 13:32:22.652  3851  3851 D AndroidRuntime: Shutting down VM
01-14 13:32:22.886  1352  1370 E SurfaceFlinger: ro.sf.lcd_density must be defined as a build property
01-14 13:32:22.889  1352  2209 D gralloc_ranchu: gralloc_alloc: Creating ashmem region of size 8294400
01-14 13:32:22.892  3867  3867 D         : HostConnection::get() New Host Connection established 0x791d7ce2d4e0, tid 3867
01-14 13:32:23.233  3872  3872 D AndroidRuntime: >>>>>> START com.android.internal.os.RuntimeInit uid 2000 <<<<<<
01-14 13:32:23.235  3872  3872 D AndroidRuntime: CheckJNI is OFF
01-14 13:32:23.257  3872  3872 W art     : Unexpected CPU variant for X86 using defaults: x86_64
01-14 13:32:23.261  3872  3872 D ICU     : No timezone override file found: /data/misc/zoneinfo/current/icu/icu_tzdata.dat
01-14 13:32:23.281  3872  3872 E memtrack: Couldn't load memtrack module (No such file or directory)
01-14 13:32:23.281  3872  3872 E android.os.Debug: failed to load memtrack module: -2
01-14 13:32:23.282  3872  3872 I Radio-JNI: register_android_hardware_Radio DONE
01-14 13:32:23.289  3872  3872 D AndroidRuntime: Calling main entry com.android.commands.am.Am
01-14 13:32:23.302 20770 20770 D MediaScannerReceiver: action: android.intent.action.MEDIA_SCANNER_SCAN_FILE path: /storage/emulated/0/screen.png
01-14 13:32:23.305  3872  3872 D AndroidRuntime: Shutting down VM
01-14 13:32:25.720  3885  3885 D AndroidRuntime: >>>>>> START com.android.internal.os.RuntimeInit uid 2000 <<<<<<
01-14 13:32:25.722  3885  3885 D AndroidRuntime: CheckJNI is OFF
01-14 13:32:25.742  3885  3885 W art     : Unexpected CPU variant for X86 using defaults: x86_64
01-14 13:32:25.746  3885  3885 D ICU     : No timezone override file found: /data/local/tmp/misc/zoneinfo/current/icu/icu_tzdata.dat
01-14 13:32:25.795  3885  3885 E memtrack: Couldn't load memtrack module (No such file or directory)
01-14 13:32:25.795  3885  3885 E android.os.Debug: failed to load memtrack module: -2
01-14 13:32:25.795  3885  3885 I Radio-JNI: register_android_hardware_Radio DONE
01-14 13:32:25.801  3885  3885 D AndroidRuntime: Calling main entry com.android.commands.uiautomator.Launcher
01-14 13:32:26.834  3885  3885 I AccessibilityNodeInfoDumper: Skipping invisible child: android.view.accessibility.AccessibilityNodeInfo@8000ca16; boundsInParent: Rect(0, 0 - 1080, 1573); boundsInScreen: Rect(0, 63 - 0, 1636); packageName: org.osmdroid; className: android.widget.ScrollView; text: null; error: null; maxTextLength: -1; contentDescription: null; viewIdResName: null; checkable: false; checked: false; focusable: true; focused: false; selected: false; clickable: false; longClickable: false; contextClickable: false; enabled: true; password: false; scrollable: false; actions: [AccessibilityAction: ACTION_FOCUS - null, AccessibilityAction: ACTION_SELECT - null, AccessibilityAction: ACTION_CLEAR_SELECTION - null, AccessibilityAction: ACTION_ACCESSIBILITY_FOCUS - null, AccessibilityAction: ACTION_SHOW_ON_SCREEN - null]
01-14 13:32:26.835  3885  3885 I AccessibilityNodeInfoDumper: Skipping invisible child: android.view.accessibility.AccessibilityNodeInfo@80012bb0; boundsInParent: Rect(0, 0 - 1080, 1573); boundsInScreen: Rect(1080, 63 - 1080, 1636); packageName: org.osmdroid; className: android.widget.ScrollView; text: null; error: null; maxTextLength: -1; contentDescription: null; viewIdResName: null; checkable: false; checked: false; focusable: true; focused: false; selected: false; clickable: false; longClickable: false; contextClickable: false; enabled: true; password: false; scrollable: false; actions: [AccessibilityAction: ACTION_FOCUS - null, AccessibilityAction: ACTION_SELECT - null, AccessibilityAction: ACTION_CLEAR_SELECTION - null, AccessibilityAction: ACTION_ACCESSIBILITY_FOCUS - null, AccessibilityAction: ACTION_SHOW_ON_SCREEN - null]
01-14 13:32:26.836  3885  3885 W AccessibilityNodeInfoDumper: Fetch time: 3ms
01-14 13:32:26.837  1697  1708 W WindowManager: Attempted to remove non-existing token: android.os.Binder@b236981
01-14 13:32:26.844  3885  3885 D AndroidRuntime: Shutting down VM
01-14 13:32:29.164  3902  3902 D AndroidRuntime: >>>>>> START com.android.internal.os.RuntimeInit uid 2000 <<<<<<
01-14 13:32:29.166  3902  3902 D AndroidRuntime: CheckJNI is OFF
01-14 13:32:29.186  3902  3902 W art     : Unexpected CPU variant for X86 using defaults: x86_64
01-14 13:32:29.189  3902  3902 D ICU     : No timezone override file found: /data/local/tmp/misc/zoneinfo/current/icu/icu_tzdata.dat
01-14 13:32:29.215  3902  3902 E memtrack: Couldn't load memtrack module (No such file or directory)
01-14 13:32:29.215  3902  3902 E android.os.Debug: failed to load memtrack module: -2
01-14 13:32:29.216  3902  3902 I Radio-JNI: register_android_hardware_Radio DONE
01-14 13:32:29.221  3902  3902 D AndroidRuntime: Calling main entry com.android.commands.uiautomator.Launcher
01-14 13:32:30.262  3902  3902 I AccessibilityNodeInfoDumper: Skipping invisible child: android.view.accessibility.AccessibilityNodeInfo@8000ca1f; boundsInParent: Rect(0, 0 - 1080, 1573); boundsInScreen: Rect(0, 63 - 0, 1636); packageName: org.osmdroid; className: android.widget.ScrollView; text: null; error: null; maxTextLength: -1; contentDescription: null; viewIdResName: null; checkable: false; checked: false; focusable: true; focused: false; selected: false; clickable: false; longClickable: false; contextClickable: false; enabled: true; password: false; scrollable: false; actions: [AccessibilityAction: ACTION_FOCUS - null, AccessibilityAction: ACTION_SELECT - null, AccessibilityAction: ACTION_CLEAR_SELECTION - null, AccessibilityAction: ACTION_ACCESSIBILITY_FOCUS - null, AccessibilityAction: ACTION_SHOW_ON_SCREEN - null]
01-14 13:32:30.262  3902  3902 I AccessibilityNodeInfoDumper: Skipping invisible child: android.view.accessibility.AccessibilityNodeInfo@80012bb9; boundsInParent: Rect(0, 0 - 1080, 1573); boundsInScreen: Rect(1080, 63 - 1080, 1636); packageName: org.osmdroid; className: android.widget.ScrollView; text: null; error: null; maxTextLength: -1; contentDescription: null; viewIdResName: null; checkable: false; checked: false; focusable: true; focused: false; selected: false; clickable: false; longClickable: false; contextClickable: false; enabled: true; password: false; scrollable: false; actions: [AccessibilityAction: ACTION_FOCUS - null, AccessibilityAction: ACTION_SELECT - null, AccessibilityAction: ACTION_CLEAR_SELECTION - null, AccessibilityAction: ACTION_ACCESSIBILITY_FOCUS - null, AccessibilityAction: ACTION_SHOW_ON_SCREEN - null]
01-14 13:32:30.264  3902  3902 W AccessibilityNodeInfoDumper: Fetch time: 4ms
01-14 13:32:30.265  1697  2207 W WindowManager: Attempted to remove non-existing token: android.os.Binder@87bf667
01-14 13:32:30.270  3902  3902 D AndroidRuntime: Shutting down VM
01-14 13:32:30.596  3919  3919 D AndroidRuntime: >>>>>> START com.android.internal.os.RuntimeInit uid 2000 <<<<<<
01-14 13:32:30.598  3919  3919 D AndroidRuntime: CheckJNI is OFF
01-14 13:32:30.617  3919  3919 W art     : Unexpected CPU variant for X86 using defaults: x86_64
01-14 13:32:30.620  3919  3919 D ICU     : No timezone override file found: /data/local/tmp/misc/zoneinfo/current/icu/icu_tzdata.dat
01-14 13:32:30.647  3919  3919 E memtrack: Couldn't load memtrack module (No such file or directory)
01-14 13:32:30.647  3919  3919 E android.os.Debug: failed to load memtrack module: -2
01-14 13:32:30.648  3919  3919 I Radio-JNI: register_android_hardware_Radio DONE
01-14 13:32:30.654  3919  3919 D AndroidRuntime: Calling main entry com.android.commands.uiautomator.Launcher
01-14 13:32:31.693  3919  3919 I AccessibilityNodeInfoDumper: Skipping invisible child: android.view.accessibility.AccessibilityNodeInfo@8000ca29; boundsInParent: Rect(0, 0 - 1080, 1573); boundsInScreen: Rect(0, 63 - 0, 1636); packageName: org.osmdroid; className: android.widget.ScrollView; text: null; error: null; maxTextLength: -1; contentDescription: null; viewIdResName: null; checkable: false; checked: false; focusable: true; focused: false; selected: false; clickable: false; longClickable: false; contextClickable: false; enabled: true; password: false; scrollable: false; actions: [AccessibilityAction: ACTION_FOCUS - null, AccessibilityAction: ACTION_SELECT - null, AccessibilityAction: ACTION_CLEAR_SELECTION - null, AccessibilityAction: ACTION_ACCESSIBILITY_FOCUS - null, AccessibilityAction: ACTION_SHOW_ON_SCREEN - null]
01-14 13:32:31.693  3919  3919 I AccessibilityNodeInfoDumper: Skipping invisible child: android.view.accessibility.AccessibilityNodeInfo@80012bc3; boundsInParent: Rect(0, 0 - 1080, 1573); boundsInScreen: Rect(1080, 63 - 1080, 1636); packageName: org.osmdroid; className: android.widget.ScrollView; text: null; error: null; maxTextLength: -1; contentDescription: null; viewIdResName: null; checkable: false; checked: false; focusable: true; focused: false; selected: false; clickable: false; longClickable: false; contextClickable: false; enabled: true; password: false; scrollable: false; actions: [AccessibilityAction: ACTION_FOCUS - null, AccessibilityAction: ACTION_SELECT - null, AccessibilityAction: ACTION_CLEAR_SELECTION - null, AccessibilityAction: ACTION_ACCESSIBILITY_FOCUS - null, AccessibilityAction: ACTION_SHOW_ON_SCREEN - null]
01-14 13:32:31.695  3919  3919 W AccessibilityNodeInfoDumper: Fetch time: 5ms
01-14 13:32:31.695  1697  2647 W WindowManager: Attempted to remove non-existing token: android.os.Binder@fe802b2
01-14 13:32:31.700  3919  3919 D AndroidRuntime: Shutting down VM
01-14 13:32:32.035  3936  3936 D AndroidRuntime: >>>>>> START com.android.internal.os.RuntimeInit uid 2000 <<<<<<
01-14 13:32:32.036  3936  3936 D AndroidRuntime: CheckJNI is OFF
01-14 13:32:32.055  3936  3936 W art     : Unexpected CPU variant for X86 using defaults: x86_64
01-14 13:32:32.059  3936  3936 D ICU     : No timezone override file found: /data/local/tmp/misc/zoneinfo/current/icu/icu_tzdata.dat
01-14 13:32:32.086  3936  3936 E memtrack: Couldn't load memtrack module (No such file or directory)
01-14 13:32:32.086  3936  3936 E android.os.Debug: failed to load memtrack module: -2
01-14 13:32:32.087  3936  3936 I Radio-JNI: register_android_hardware_Radio DONE
01-14 13:32:32.092  3936  3936 D AndroidRuntime: Calling main entry com.android.commands.uiautomator.Launcher
01-14 13:32:33.130  3936  3936 I AccessibilityNodeInfoDumper: Skipping invisible child: android.view.accessibility.AccessibilityNodeInfo@8000ca33; boundsInParent: Rect(0, 0 - 1080, 1573); boundsInScreen: Rect(0, 63 - 0, 1636); packageName: org.osmdroid; className: android.widget.ScrollView; text: null; error: null; maxTextLength: -1; contentDescription: null; viewIdResName: null; checkable: false; checked: false; focusable: true; focused: false; selected: false; clickable: false; longClickable: false; contextClickable: false; enabled: true; password: false; scrollable: false; actions: [AccessibilityAction: ACTION_FOCUS - null, AccessibilityAction: ACTION_SELECT - null, AccessibilityAction: ACTION_CLEAR_SELECTION - null, AccessibilityAction: ACTION_ACCESSIBILITY_FOCUS - null, AccessibilityAction: ACTION_SHOW_ON_SCREEN - null]
01-14 13:32:33.131  3936  3936 I AccessibilityNodeInfoDumper: Skipping invisible child: android.view.accessibility.AccessibilityNodeInfo@80012bcd; boundsInParent: Rect(0, 0 - 1080, 1573); boundsInScreen: Rect(1080, 63 - 1080, 1636); packageName: org.osmdroid; className: android.widget.ScrollView; text: null; error: null; maxTextLength: -1; contentDescription: null; viewIdResName: null; checkable: false; checked: false; focusable: true; focused: false; selected: false; clickable: false; longClickable: false; contextClickable: false; enabled: true; password: false; scrollable: false; actions: [AccessibilityAction: ACTION_FOCUS - null, AccessibilityAction: ACTION_SELECT - null, AccessibilityAction: ACTION_CLEAR_SELECTION - null, AccessibilityAction: ACTION_ACCESSIBILITY_FOCUS - null, AccessibilityAction: ACTION_SHOW_ON_SCREEN - null]
01-14 13:32:33.133  3936  3936 W AccessibilityNodeInfoDumper: Fetch time: 4ms
01-14 13:32:33.133  1697  1870 W WindowManager: Attempted to remove non-existing token: android.os.Binder@4484580
01-14 13:32:33.139  3936  3936 D AndroidRuntime: Shutting down VM
01-14 13:32:33.474  1697  1697 I ActivityManager: Killing 22135:com.google.android.calendar/u0a33 (adj 906): empty #17
01-14 13:32:33.492  1697  2207 I ActivityManager: Killing 27477:com.google.android.talk/u0a52 (adj 906): empty #17
01-14 13:32:33.520  3956  3956 D AndroidRuntime: >>>>>> START com.android.internal.os.RuntimeInit uid 2000 <<<<<<
01-14 13:32:33.523  1697  2651 D ActivityManager: cleanUpApplicationRecord -- 22135
01-14 13:32:33.523  3956  3956 D AndroidRuntime: CheckJNI is OFF
01-14 13:32:33.544  1697  2339 D ActivityManager: cleanUpApplicationRecord -- 27477
01-14 13:32:33.547  3956  3956 W art     : Unexpected CPU variant for X86 using defaults: x86_64
01-14 13:32:33.552  3956  3956 D ICU     : No timezone override file found: /data/local/tmp/misc/zoneinfo/current/icu/icu_tzdata.dat
01-14 13:32:33.581  3956  3956 E memtrack: Couldn't load memtrack module (No such file or directory)
01-14 13:32:33.581  3956  3956 E android.os.Debug: failed to load memtrack module: -2
01-14 13:32:33.583  3956  3956 I Radio-JNI: register_android_hardware_Radio DONE
01-14 13:32:33.590  3956  3956 D AndroidRuntime: Calling main entry com.android.commands.uiautomator.Launcher
01-14 13:32:34.627  3956  3956 I AccessibilityNodeInfoDumper: Skipping invisible child: android.view.accessibility.AccessibilityNodeInfo@8000ca3c; boundsInParent: Rect(0, 0 - 1080, 1573); boundsInScreen: Rect(0, 63 - 0, 1636); packageName: org.osmdroid; className: android.widget.ScrollView; text: null; error: null; maxTextLength: -1; contentDescription: null; viewIdResName: null; checkable: false; checked: false; focusable: true; focused: false; selected: false; clickable: false; longClickable: false; contextClickable: false; enabled: true; password: false; scrollable: false; actions: [AccessibilityAction: ACTION_FOCUS - null, AccessibilityAction: ACTION_SELECT - null, AccessibilityAction: ACTION_CLEAR_SELECTION - null, AccessibilityAction: ACTION_ACCESSIBILITY_FOCUS - null, AccessibilityAction: ACTION_SHOW_ON_SCREEN - null]
01-14 13:32:34.627  3956  3956 I AccessibilityNodeInfoDumper: Skipping invisible child: android.view.accessibility.AccessibilityNodeInfo@80012bd6; boundsInParent: Rect(0, 0 - 1080, 1573); boundsInScreen: Rect(1080, 63 - 1080, 1636); packageName: org.osmdroid; className: android.widget.ScrollView; text: null; error: null; maxTextLength: -1; contentDescription: null; viewIdResName: null; checkable: false; checked: false; focusable: true; focused: false; selected: false; clickable: false; longClickable: false; contextClickable: false; enabled: true; password: false; scrollable: false; actions: [AccessibilityAction: ACTION_FOCUS - null, AccessibilityAction: ACTION_SELECT - null, AccessibilityAction: ACTION_CLEAR_SELECTION - null, AccessibilityAction: ACTION_ACCESSIBILITY_FOCUS - null, AccessibilityAction: ACTION_SHOW_ON_SCREEN - null]
01-14 13:32:34.630  3956  3956 W AccessibilityNodeInfoDumper: Fetch time: 5ms
01-14 13:32:34.632  1697  1708 W WindowManager: Attempted to remove non-existing token: android.os.Binder@e794498
01-14 13:32:34.637  3956  3956 D AndroidRuntime: Shutting down VM
01-14 13:32:34.899  3969  3969 D AndroidRuntime: >>>>>> START com.android.internal.os.RuntimeInit uid 2000 <<<<<<
01-14 13:32:34.900  3969  3969 D AndroidRuntime: CheckJNI is OFF
01-14 13:32:34.919  3969  3969 W art     : Unexpected CPU variant for X86 using defaults: x86_64
01-14 13:32:34.923  3969  3969 D ICU     : No timezone override file found: /data/misc/zoneinfo/current/icu/icu_tzdata.dat
01-14 13:32:34.938  3969  3969 E memtrack: Couldn't load memtrack module (No such file or directory)
01-14 13:32:34.938  3969  3969 E android.os.Debug: failed to load memtrack module: -2
01-14 13:32:34.939  3969  3969 I Radio-JNI: register_android_hardware_Radio DONE
01-14 13:32:34.946  3969  3969 D AndroidRuntime: Calling main entry com.android.commands.input.Input
01-14 13:32:34.953  3969  3969 I Input   : injectMotionEvent: MotionEvent { action=ACTION_DOWN, actionButton=0, id[0]=0, x[0]=154.0, y[0]=1731.0, toolType[0]=TOOL_TYPE_UNKNOWN, buttonState=0, metaState=0, flags=0x0, edgeFlags=0x0, pointerCount=1, historySize=0, eventTime=36275258, downTime=36275258, deviceId=0, source=0x1002 }
01-14 13:32:34.957  3969  3969 I Input   : injectMotionEvent: MotionEvent { action=ACTION_UP, actionButton=0, id[0]=0, x[0]=154.0, y[0]=1731.0, toolType[0]=TOOL_TYPE_UNKNOWN, buttonState=0, metaState=0, flags=0x0, edgeFlags=0x0, pointerCount=1, historySize=0, eventTime=36275258, downTime=36275258, deviceId=0, source=0x1002 }
01-14 13:32:34.960  3969  3969 D AndroidRuntime: Shutting down VM
01-14 13:32:34.976 31086 31110 D EGL_emulation: eglMakeCurrent: 0x7de1dea47320: ver 3 0 (tinfo 0x7de1dea0c480)
01-14 13:32:34.981 31086 31086 I System.out: New pager is 1
