07-01 12:15:43.812  1930  1943 I GnssLocationProvider: WakeLock released by handleMessage(REPORT_SV_STATUS, 0, com.android.server.location.GnssLocationProvider$SvStatusInfo@2a0fe44)
07-01 12:15:44.283  1930  5717 D WificondControl: Scan result ready event
07-01 12:15:44.809  1930  3617 I GnssLocationProvider: WakeLock acquired by sendMessage(REPORT_SV_STATUS, 0, com.android.server.location.GnssLocationProvider$SvStatusInfo@89d2b2d)
07-01 12:15:44.811  1930  1943 I GnssLocationProvider: WakeLock released by handleMessage(REPORT_SV_STATUS, 0, com.android.server.location.GnssLocationProvider$SvStatusInfo@89d2b2d)
07-01 12:15:45.815  1930  3617 I GnssLocationProvider: WakeLock acquired by sendMessage(REPORT_SV_STATUS, 0, com.android.server.location.GnssLocationProvider$SvStatusInfo@fe14862)
07-01 12:15:45.821  1930  1943 I GnssLocationProvider: WakeLock released by handleMessage(REPORT_SV_STATUS, 0, com.android.server.location.GnssLocationProvider$SvStatusInfo@fe14862)
07-01 12:15:45.975  1636  1708 W audio_hw_generic: Not supplying enough data to HAL, expected position 769541 , only wrote 617040
07-01 12:15:46.423  1930  2050 E TaskPersister: File error accessing recents directory (directory doesn't exist?).
07-01 12:15:46.815  1930  3617 I GnssLocationProvider: WakeLock acquired by sendMessage(REPORT_SV_STATUS, 0, com.android.server.location.GnssLocationProvider$SvStatusInfo@4c5ddf3)
07-01 12:15:46.817  1930  1943 I GnssLocationProvider: WakeLock released by handleMessage(REPORT_SV_STATUS, 0, com.android.server.location.GnssLocationProvider$SvStatusInfo@4c5ddf3)
07-01 12:15:47.046  3014  3014 I Conv2QueryExtension: isEnabled() : true
07-01 12:15:47.046  3014  3014 E AndroidIME: evo: Failed to dump cda
07-01 12:15:47.046  3014  3014 E AndroidIME: java.lang.NullPointerException: Attempt to invoke virtual method 'boolean cxn.a(android.content.Context, java.util.Locale)' on a null object reference
07-01 12:15:47.046  3014  3014 E AndroidIME: 	at com.google.android.apps.inputmethod.libs.search.nativecard.FeatureCardNoticeExtension.a(PG:132)
07-01 12:15:47.046  3014  3014 E AndroidIME: 	at cda.a(PG:352)
07-01 12:15:47.046  3014  3014 E AndroidIME: 	at evo.a(PG:20)
07-01 12:15:47.046  3014  3014 E AndroidIME: 	at bgm.a(PG:2502)
07-01 12:15:47.046  3014  3014 E AndroidIME: 	at com.android.inputmethod.latin.LatinIME.a(PG:573)
07-01 12:15:47.046  3014  3014 E AndroidIME: 	at bgm.dump(PG:2496)
07-01 12:15:47.046  3014  3014 E AndroidIME: 	at android.inputmethodservice.IInputMethodWrapper.executeMessage(IInputMethodWrapper.java:151)
07-01 12:15:47.046  3014  3014 E AndroidIME: 	at com.android.internal.os.HandlerCaller$MyHandler.handleMessage(HandlerCaller.java:37)
07-01 12:15:47.046  3014  3014 E AndroidIME: 	at android.os.Handler.dispatchMessage(Handler.java:106)
07-01 12:15:47.046  3014  3014 E AndroidIME: 	at android.os.Looper.loop(Looper.java:193)
07-01 12:15:47.046  3014  3014 E AndroidIME: 	at android.app.ActivityThread.main(ActivityThread.java:6669)
07-01 12:15:47.046  3014  3014 E AndroidIME: 	at java.lang.reflect.Method.invoke(Native Method)
07-01 12:15:47.046  3014  3014 E AndroidIME: 	at com.android.internal.os.RuntimeInit$MethodAndArgsCaller.run(RuntimeInit.java:493)
07-01 12:15:47.046  3014  3014 E AndroidIME: 	at com.android.internal.os.ZygoteInit.main(ZygoteInit.java:858)
07-01 12:15:47.218  9277  9277 D AndroidRuntime: >>>>>> START com.android.internal.os.RuntimeInit uid 2000 <<<<<<
07-01 12:15:47.265  9277  9277 W app_process: Unexpected CPU variant for X86 using defaults: x86
07-01 12:15:47.267  9277  9277 I app_process: The ClassLoaderContext is a special shared library.
07-01 12:15:47.277  9277  9277 W app_process: CheckJNI: method to register "write" not in the given class. This is slow, consider changing your RegisterNatives calls.
07-01 12:15:47.279  9277  9277 I chatty  : uid=2000(shell) main identical 42 lines
07-01 12:15:47.279  9277  9277 W app_process: CheckJNI: method to register "write" not in the given class. This is slow, consider changing your RegisterNatives calls.
07-01 12:15:47.279  9277  9277 W app_process: CheckJNI: method to register "write_non_chained" not in the given class. This is slow, consider changing your RegisterNatives calls.
07-01 12:15:47.279  9277  9277 I chatty  : uid=2000(shell) com.android.commands.monkey identical 7 lines
07-01 12:15:47.279  9277  9277 W app_process: CheckJNI: method to register "write_non_chained" not in the given class. This is slow, consider changing your RegisterNatives calls.
07-01 12:15:47.293  9277  9277 D AndroidRuntime: Calling main entry com.android.commands.monkey.Monkey
07-01 12:15:47.293  9277  9277 W Monkey  : args: [-p, com.android.gpstest, -c, android.intent.category.LAUNCHER, 1]
07-01 12:15:47.294  9277  9277 W Monkey  :  arg: "-p"
07-01 12:15:47.294  9277  9277 W Monkey  :  arg: "com.android.gpstest"
07-01 12:15:47.294  9277  9277 W Monkey  :  arg: "-c"
07-01 12:15:47.294  9277  9277 W Monkey  :  arg: "android.intent.category.LAUNCHER"
07-01 12:15:47.295  9277  9277 W Monkey  :  arg: "1"
07-01 12:15:47.295  9277  9277 W Monkey  : data="com.android.gpstest"
07-01 12:15:47.295  9277  9277 W Monkey  : data="android.intent.category.LAUNCHER"
07-01 12:15:47.309  1930  1944 W BroadcastQueue: Skipping deliver [background] BroadcastRecord{58f88ae u-1 android.net.conn.CONNECTIVITY_CHANGE} to ReceiverList{e56664f 9277 (unknown name)/2000/u-1 remote:ed1bab0}: process gone or crashing
07-01 12:15:47.324  1930  5717 I ActivityManager: START u0 {act=android.intent.action.MAIN cat=[android.intent.category.LAUNCHER] flg=0x10200000 cmp=com.android.gpstest/.GpsTestActivity} from uid 2000
07-01 12:15:47.325  1930  5717 W Binder  : Outgoing transactions from this process must be FLAG_ONEWAY
07-01 12:15:47.325  1930  5717 W Binder  : java.lang.Throwable
07-01 12:15:47.325  1930  5717 W Binder  : 	at android.os.BinderProxy.transact(Binder.java:1114)
07-01 12:15:47.325  1930  5717 W Binder  : 	at android.app.IActivityController$Stub$Proxy.activityStarting(IActivityController.java:176)
07-01 12:15:47.325  1930  5717 W Binder  : 	at com.android.server.am.ActivityStarter.startActivity(ActivityStarter.java:737)
07-01 12:15:47.325  1930  5717 W Binder  : 	at com.android.server.am.ActivityStarter.startActivity(ActivityStarter.java:544)
07-01 12:15:47.325  1930  5717 W Binder  : 	at com.android.server.am.ActivityStarter.startActivityMayWait(ActivityStarter.java:1099)
07-01 12:15:47.325  1930  5717 W Binder  : 	at com.android.server.am.ActivityStarter.execute(ActivityStarter.java:486)
07-01 12:15:47.325  1930  5717 W Binder  : 	at com.android.server.am.ActivityManagerService.startActivityAsUser(ActivityManagerService.java:5120)
07-01 12:15:47.325  1930  5717 W Binder  : 	at com.android.server.am.ActivityManagerService.startActivityAsUser(ActivityManagerService.java:5094)
07-01 12:15:47.325  1930  5717 W Binder  : 	at com.android.server.am.ActivityManagerService.startActivity(ActivityManagerService.java:5085)
07-01 12:15:47.325  1930  5717 W Binder  : 	at android.app.IActivityManager$Stub.onTransact$startActivity$(IActivityManager.java:10084)
07-01 12:15:47.325  1930  5717 W Binder  : 	at android.app.IActivityManager$Stub.onTransact(IActivityManager.java:122)
07-01 12:15:47.325  1930  5717 W Binder  : 	at com.android.server.am.ActivityManagerService.onTransact(ActivityManagerService.java:3291)
07-01 12:15:47.325  1930  5717 W Binder  : 	at android.os.Binder.execTransact(Binder.java:731)
07-01 12:15:47.345  9277  9277 I Monkey  : Events injected: 1
07-01 12:15:47.352  8301  8301 W ActivityThread: handleWindowVisibility: no activity for token android.os.BinderProxy@6246c6
07-01 12:15:47.365  1930  1930 V SettingsProvider: Notifying for 0: content://settings/system/accelerometer_rotation
07-01 12:15:47.368  9277  9277 I Monkey  : ## Network stats: elapsed time=22ms (0ms mobile, 0ms wifi, 22ms not connected)
07-01 12:15:47.370  9277  9277 I app_process: System.exit called, status: 0
07-01 12:15:47.370  9277  9277 I AndroidRuntime: VM exiting with result code 0.
07-01 12:15:47.385  1646  2364 D gralloc_ranchu: gralloc_alloc: Creating ashmem region of size 8298496
07-01 12:15:47.425  8301  8301 D NavDrawerFragment: Using position from preferences = 0
07-01 12:15:47.425  8301  8301 D GpsTestActivity: Creating new GpsStatusFragment
07-01 12:15:47.444  1646  2364 D gralloc_ranchu: gralloc_alloc: Creating ashmem region of size 8298496
07-01 12:15:47.367  1930  1930 V SettingsProvider: Notifying for 0: content://settings/system/accelerometer_rotation
07-01 12:15:47.464  1930  2651 I ActivityManager: START u0 {act=android.content.pm.action.REQUEST_PERMISSIONS pkg=com.google.android.packageinstaller cmp=com.google.android.packageinstaller/com.android.packageinstaller.permission.ui.GrantPermissionsActivity (has extras)} from uid 10087
07-01 12:15:47.490  7513  7513 W ActivityThread: handleWindowVisibility: no activity for token android.os.BinderProxy@c438b90
07-01 12:15:47.521  1646  2364 D gralloc_ranchu: gralloc_alloc: Creating ashmem region of size 8298496
07-01 12:15:47.528  1646  1646 D gralloc_ranchu: gralloc_alloc: Creating ashmem region of size 8298496
07-01 12:15:47.535  1646  2364 D gralloc_ranchu: gralloc_alloc: Creating ashmem region of size 8298496
07-01 12:15:47.553  1646  2364 D gralloc_ranchu: gralloc_alloc: Creating ashmem region of size 7659520
07-01 12:15:47.559  1646  1646 D gralloc_ranchu: gralloc_alloc: Creating ashmem region of size 7659520
07-01 12:15:47.566  1646  1646 D gralloc_ranchu: gralloc_alloc: Creating ashmem region of size 7659520
07-01 12:15:47.574  3014  3014 I GoogleInputMethod: onFinishInput() : Dummy InputConnection bound
07-01 12:15:47.575  3014  3014 I GoogleInputMethod: onStartInput() : Dummy InputConnection bound
07-01 12:15:47.581  7513  7530 D EGL_emulation: eglMakeCurrent: 0xdf5d0b00: ver 3 0 (tinfo 0xe01fb380)
07-01 12:15:47.606  8301  8327 D EGL_emulation: eglMakeCurrent: 0xdf5aa260: ver 3 0 (tinfo 0xe83b1f70)
07-01 12:15:47.619  7513  7530 D EGL_emulation: eglMakeCurrent: 0xdf5d0b00: ver 3 0 (tinfo 0xe01fb380)
07-01 12:15:47.621  1646  1646 D gralloc_ranchu: gralloc_alloc: Creating ashmem region of size 7655424
07-01 12:15:47.630  7513  7530 D EGL_emulation: eglMakeCurrent: 0xdf5d0b00: ver 3 0 (tinfo 0xe01fb380)
07-01 12:15:47.631  1930  1952 I ActivityManager: Displayed com.google.android.packageinstaller/com.android.packageinstaller.permission.ui.GrantPermissionsActivity: +100ms (total +243ms)
07-01 12:15:47.638  1646  1646 D gralloc_ranchu: gralloc_alloc: Creating ashmem region of size 7655424
07-01 12:15:47.742  3739  3770 D EGL_emulation: eglMakeCurrent: 0xe2205120: ver 3 0 (tinfo 0xe2203240)
07-01 12:15:47.749  2723  2909 D EGL_emulation: eglMakeCurrent: 0xe2206980: ver 3 0 (tinfo 0xe2203910)
07-01 12:15:47.758  2082  2320 D EGL_emulation: eglMakeCurrent: 0xe2205480: ver 3 0 (tinfo 0xe22035a0)
07-01 12:15:47.766  2082  2320 D EGL_emulation: eglMakeCurrent: 0xe2205480: ver 3 0 (tinfo 0xe22035a0)
07-01 12:15:47.792  1773  1773 W SurfaceFlinger: couldn't log to binary event log: overflow.
07-01 12:15:47.793  1773  1773 W SurfaceFlinger: couldn't log to binary event log: overflow.
07-01 12:15:47.794  1773  1812 W SurfaceFlinger: Attempting to set client state on removed layer: Surface(name=Dim Layer for - Task=10)/@0x3387d72 - animation-leash#0
07-01 12:15:47.794  1773  1812 W SurfaceFlinger: Attempting to destroy on removed layer: Surface(name=Dim Layer for - Task=10)/@0x3387d72 - animation-leash#0
07-01 12:15:47.813  1773  1969 W SurfaceFlinger: Attempting to set client state on removed layer: Splash Screen com.android.gpstest#0
07-01 12:15:47.813  1773  1969 W SurfaceFlinger: Attempting to destroy on removed layer: Splash Screen com.android.gpstest#0
07-01 12:15:47.816  1930  3617 I GnssLocationProvider: WakeLock acquired by sendMessage(REPORT_SV_STATUS, 0, com.android.server.location.GnssLocationProvider$SvStatusInfo@80435b3)
07-01 12:15:47.817  1930  1943 I GnssLocationProvider: WakeLock released by handleMessage(REPORT_SV_STATUS, 0, com.android.server.location.GnssLocationProvider$SvStatusInfo@80435b3)
07-01 12:15:47.904  3739  3739 I StreamRenderer: cleanUpRendererScope(nowcards--7003362877436078271)
07-01 12:15:47.919  3739  8915 I PBSessionCacheImpl: Deleted sessionId[154005874679] from persistence.
07-01 12:15:47.928  3739  3739 W SearchService: Abort, client detached.
07-01 12:15:47.929  3739  3739 I StreamController: cleanUpControllerScope(nowcards--7003362877436078271)
07-01 12:15:48.042  3739  7994 I EventLogSendingHelper: Sending log events.
07-01 12:15:48.047  3739  8924 I EventLogSendingHelper: Sending log events.
07-01 12:15:48.821  1930  3617 I GnssLocationProvider: WakeLock acquired by sendMessage(REPORT_SV_STATUS, 0, com.android.server.location.GnssLocationProvider$SvStatusInfo@1d4936e)
07-01 12:15:48.822  1930  1943 I GnssLocationProvider: WakeLock released by handleMessage(REPORT_SV_STATUS, 0, com.android.server.location.GnssLocationProvider$SvStatusInfo@1d4936e)
07-01 12:15:49.171  1646  1646 D gralloc_ranchu: gralloc_alloc: Creating ashmem region of size 7655424
07-01 12:15:49.824  1930  3617 I GnssLocationProvider: WakeLock acquired by sendMessage(REPORT_SV_STATUS, 0, com.android.server.location.GnssLocationProvider$SvStatusInfo@1827a0f)
07-01 12:15:49.825  1930  1943 I GnssLocationProvider: WakeLock released by handleMessage(REPORT_SV_STATUS, 0, com.android.server.location.GnssLocationProvider$SvStatusInfo@1827a0f)
07-01 12:15:50.662  9109  9109 I SetupWizard: [AccessPointsMonitor] Pausing wifi scanner.
07-01 12:15:50.829  1930  3617 I GnssLocationProvider: WakeLock acquired by sendMessage(REPORT_SV_STATUS, 0, com.android.server.location.GnssLocationProvider$SvStatusInfo@c58ba9c)
07-01 12:15:50.831  1930  1943 I GnssLocationProvider: WakeLock released by handleMessage(REPORT_SV_STATUS, 0, com.android.server.location.GnssLocationProvider$SvStatusInfo@c58ba9c)
07-01 12:15:51.433  1930  2050 E TaskPersister: File error accessing recents directory (directory doesn't exist?).
07-01 12:15:51.834  1930  3617 I GnssLocationProvider: WakeLock acquired by sendMessage(REPORT_SV_STATUS, 0, com.android.server.location.GnssLocationProvider$SvStatusInfo@b4b2ca5)
07-01 12:15:51.835  1930  1943 I GnssLocationProvider: WakeLock released by handleMessage(REPORT_SV_STATUS, 0, com.android.server.location.GnssLocationProvider$SvStatusInfo@b4b2ca5)
07-01 12:15:52.838  1930  3617 I GnssLocationProvider: WakeLock acquired by sendMessage(REPORT_SV_STATUS, 0, com.android.server.location.GnssLocationProvider$SvStatusInfo@33a787a)
07-01 12:15:52.839  1930  1943 I GnssLocationProvider: WakeLock released by handleMessage(REPORT_SV_STATUS, 0, com.android.server.location.GnssLocationProvider$SvStatusInfo@33a787a)
07-01 12:15:53.002  2082  2320 D EGL_emulation: eglMakeCurrent: 0xe2205480: ver 3 0 (tinfo 0xe22035a0)
07-01 12:15:53.041  3739  7994 I EventLogSendingHelper: Sending log events.
07-01 12:15:53.043  3739  7994 I EventLogSendingHelper: Sending log events.
07-01 12:15:53.840  1930  3617 I GnssLocationProvider: WakeLock acquired by sendMessage(REPORT_SV_STATUS, 0, com.android.server.location.GnssLocationProvider$SvStatusInfo@de7a246)
07-01 12:15:53.844  1930  1943 I GnssLocationProvider: WakeLock released by handleMessage(REPORT_SV_STATUS, 0, com.android.server.location.GnssLocationProvider$SvStatusInfo@de7a246)
07-01 12:15:54.844  1930  3617 I GnssLocationProvider: WakeLock acquired by sendMessage(REPORT_SV_STATUS, 0, com.android.server.location.GnssLocationProvider$SvStatusInfo@7359c07)
07-01 12:15:54.846  1930  1943 I GnssLocationProvider: WakeLock released by handleMessage(REPORT_SV_STATUS, 0, com.android.server.location.GnssLocationProvider$SvStatusInfo@7359c07)
07-01 12:15:55.850  1930  3617 I GnssLocationProvider: WakeLock acquired by sendMessage(REPORT_SV_STATUS, 0, com.android.server.location.GnssLocationProvider$SvStatusInfo@bc7c134)
07-01 12:15:55.853  1930  1943 I GnssLocationProvider: WakeLock released by handleMessage(REPORT_SV_STATUS, 0, com.android.server.location.GnssLocationProvider$SvStatusInfo@bc7c134)
07-01 12:15:56.850  1930  3617 I GnssLocationProvider: WakeLock acquired by sendMessage(REPORT_SV_STATUS, 0, com.android.server.location.GnssLocationProvider$SvStatusInfo@3234b5d)
07-01 12:15:56.852  1930  1943 I GnssLocationProvider: WakeLock released by handleMessage(REPORT_SV_STATUS, 0, com.android.server.location.GnssLocationProvider$SvStatusInfo@3234b5d)
07-01 12:15:57.710  1880  1880 E netmgr  : Failed to open QEMU pipe 'qemud:network': Invalid argument
07-01 12:15:57.711  1880  1880 E netmgr  : WifiForwarder unable to open QEMU pipe: Invalid argument
07-01 12:15:57.850  1930  3617 I GnssLocationProvider: WakeLock acquired by sendMessage(REPORT_SV_STATUS, 0, com.android.server.location.GnssLocationProvider$SvStatusInfo@deb9cd2)
07-01 12:15:57.852  1930  1943 I GnssLocationProvider: WakeLock released by handleMessage(REPORT_SV_STATUS, 0, com.android.server.location.GnssLocationProvider$SvStatusInfo@deb9cd2)
07-01 12:15:58.420  1930  1948 E BatteryExternalStatsWorker: no controller energy info supplied for wifi
07-01 12:15:58.852  1930  3617 I GnssLocationProvider: WakeLock acquired by sendMessage(REPORT_SV_STATUS, 0, com.android.server.location.GnssLocationProvider$SvStatusInfo@385f1a3)
07-01 12:15:58.853  1930  1943 I GnssLocationProvider: WakeLock released by handleMessage(REPORT_SV_STATUS, 0, com.android.server.location.GnssLocationProvider$SvStatusInfo@385f1a3)
07-01 12:15:59.856  1930  3617 I GnssLocationProvider: WakeLock acquired by sendMessage(REPORT_SV_STATUS, 0, com.android.server.location.GnssLocationProvider$SvStatusInfo@6b9bca0)
07-01 12:15:59.858  1930  1943 I GnssLocationProvider: WakeLock released by handleMessage(REPORT_SV_STATUS, 0, com.android.server.location.GnssLocationProvider$SvStatusInfo@6b9bca0)
07-01 12:15:59.991  1786  1861 E storaged: getDiskStats failed with result NOT_SUPPORTED and size 0
07-01 12:16:00.018  1797  1800 D hwcomposer: hw_composer sent 132 syncs in 60s
07-01 12:16:00.861  1930  3617 I GnssLocationProvider: WakeLock acquired by sendMessage(REPORT_SV_STATUS, 0, com.android.server.location.GnssLocationProvider$SvStatusInfo@ec2b41e)
07-01 12:16:00.863  1930  1943 I GnssLocationProvider: WakeLock released by handleMessage(REPORT_SV_STATUS, 0, com.android.server.location.GnssLocationProvider$SvStatusInfo@ec2b41e)
07-01 12:16:01.866  1930  3617 I GnssLocationProvider: WakeLock acquired by sendMessage(REPORT_SV_STATUS, 0, com.android.server.location.GnssLocationProvider$SvStatusInfo@8fc04ff)
07-01 12:16:01.867  1930  1943 I GnssLocationProvider: WakeLock released by handleMessage(REPORT_SV_STATUS, 0, com.android.server.location.GnssLocationProvider$SvStatusInfo@8fc04ff)
07-01 12:16:02.871  1930  3617 I GnssLocationProvider: WakeLock acquired by sendMessage(REPORT_SV_STATUS, 0, com.android.server.location.GnssLocationProvider$SvStatusInfo@90e02cc)
07-01 12:16:02.873  1930  1943 I GnssLocationProvider: WakeLock released by handleMessage(REPORT_SV_STATUS, 0, com.android.server.location.GnssLocationProvider$SvStatusInfo@90e02cc)
07-01 12:16:03.155  1930  1943 E memtrack: Couldn't load memtrack module
07-01 12:16:03.155  1930  1943 W android.os.Debug: failed to get memory consumption info: -1
07-01 12:16:03.521  9293  9293 D AndroidRuntime: >>>>>> START com.android.internal.os.RuntimeInit uid 2000 <<<<<<
07-01 12:16:03.525  9293  9293 W app_process: Could not reserve sentinel fault page
07-01 12:16:03.559  9293  9293 W app_process: Unexpected CPU variant for X86 using defaults: x86
07-01 12:16:03.560  9293  9293 I app_process: The ClassLoaderContext is a special shared library.
07-01 12:16:03.561  9293  9293 I app_process: The ClassLoaderContext is a special shared library.
07-01 12:16:03.566  9293  9293 W app_process: CheckJNI: method to register "write" not in the given class. This is slow, consider changing your RegisterNatives calls.
07-01 12:16:03.568  9293  9293 I chatty  : uid=2000(shell) main identical 42 lines
07-01 12:16:03.568  9293  9293 W app_process: CheckJNI: method to register "write" not in the given class. This is slow, consider changing your RegisterNatives calls.
07-01 12:16:03.568  9293  9293 W app_process: CheckJNI: method to register "write_non_chained" not in the given class. This is slow, consider changing your RegisterNatives calls.
07-01 12:16:03.568  9293  9293 I chatty  : uid=2000(shell) main identical 7 lines
07-01 12:16:03.568  9293  9293 W app_process: CheckJNI: method to register "write_non_chained" not in the given class. This is slow, consider changing your RegisterNatives calls.
07-01 12:16:03.581  9293  9293 D AndroidRuntime: Calling main entry com.android.commands.uiautomator.Launcher
07-01 12:16:03.590  1930  1930 V SettingsProvider: Notifying for 0: content://settings/secure/accessibility_enabled
07-01 12:16:03.871  1930  3617 I GnssLocationProvider: WakeLock acquired by sendMessage(REPORT_SV_STATUS, 0, com.android.server.location.GnssLocationProvider$SvStatusInfo@595f21b)
07-01 12:16:03.872  1930  1943 I GnssLocationProvider: WakeLock released by handleMessage(REPORT_SV_STATUS, 0, com.android.server.location.GnssLocationProvider$SvStatusInfo@595f21b)
07-01 12:16:04.606  9293  9293 I AccessibilityNodeInfoDumper: Skipping invisible child: android.view.accessibility.AccessibilityNodeInfo@14b55; boundsInParent: Rect(0, 0 - 0, 126); boundsInScreen: Rect(231, 986 - 231, 1112); packageName: com.google.android.packageinstaller; className: android.widget.LinearLayout; text: null; error: null; maxTextLength: -1; contentDescription: null; tooltipText: null; viewIdResName: null; checkable: false; checked: false; focusable: false; focused: false; selected: false; clickable: false; longClickable: false; contextClickable: false; enabled: true; password: false; scrollable: false; importantForAccessibility: false; visible: false; actions: [AccessibilityAction: ACTION_SELECT - null, AccessibilityAction: ACTION_CLEAR_SELECTION - null, AccessibilityAction: ACTION_ACCESSIBILITY_FOCUS - null, AccessibilityAction: ACTION_SHOW_ON_SCREEN - null]
07-01 12:16:04.607  9293  9293 W AccessibilityNodeInfoDumper: Fetch time: 4ms
07-01 12:16:04.608  1930  5717 W WindowManager: removeWindowToken: Attempted to remove non-existing token: android.os.Binder@5998915
07-01 12:16:04.609  1930  1930 V SettingsProvider: Notifying for 0: content://settings/secure/accessibility_enabled
07-01 12:16:04.617  9293  9293 D AndroidRuntime: Shutting down VM
07-01 12:16:04.872  1930  3617 I GnssLocationProvider: WakeLock acquired by sendMessage(REPORT_SV_STATUS, 0, com.android.server.location.GnssLocationProvider$SvStatusInfo@a77df64)
07-01 12:16:04.873  1930  1943 I GnssLocationProvider: WakeLock released by handleMessage(REPORT_SV_STATUS, 0, com.android.server.location.GnssLocationProvider$SvStatusInfo@a77df64)
07-01 12:16:05.467  9320  9320 D AndroidRuntime: >>>>>> START com.android.internal.os.RuntimeInit uid 2000 <<<<<<
07-01 12:16:05.502  9320  9320 W app_process: Unexpected CPU variant for X86 using defaults: x86
07-01 12:16:05.504  9320  9320 I app_process: The ClassLoaderContext is a special shared library.
07-01 12:16:05.506  9320  9320 I app_process: The ClassLoaderContext is a special shared library.
07-01 12:16:05.514  9320  9320 W app_process: CheckJNI: method to register "write" not in the given class. This is slow, consider changing your RegisterNatives calls.
07-01 12:16:05.515  9320  9320 I chatty  : uid=2000(shell) main identical 42 lines
07-01 12:16:05.515  9320  9320 W app_process: CheckJNI: method to register "write" not in the given class. This is slow, consider changing your RegisterNatives calls.
07-01 12:16:05.515  9320  9320 W app_process: CheckJNI: method to register "write_non_chained" not in the given class. This is slow, consider changing your RegisterNatives calls.
07-01 12:16:05.516  9320  9320 I chatty  : uid=2000(shell) main identical 7 lines
07-01 12:16:05.516  9320  9320 W app_process: CheckJNI: method to register "write_non_chained" not in the given class. This is slow, consider changing your RegisterNatives calls.
07-01 12:16:05.528  9320  9320 D AndroidRuntime: Calling main entry com.android.commands.uiautomator.Launcher
07-01 12:16:05.877  1930  3617 I GnssLocationProvider: WakeLock acquired by sendMessage(REPORT_SV_STATUS, 0, com.android.server.location.GnssLocationProvider$SvStatusInfo@9a68993)
07-01 12:16:05.879  1930  1943 I GnssLocationProvider: WakeLock released by handleMessage(REPORT_SV_STATUS, 0, com.android.server.location.GnssLocationProvider$SvStatusInfo@9a68993)
07-01 12:16:06.554  9320  9320 I AccessibilityNodeInfoDumper: Skipping invisible child: android.view.accessibility.AccessibilityNodeInfo@14b5c; boundsInParent: Rect(0, 0 - 0, 126); boundsInScreen: Rect(231, 986 - 231, 1112); packageName: com.google.android.packageinstaller; className: android.widget.LinearLayout; text: null; error: null; maxTextLength: -1; contentDescription: null; tooltipText: null; viewIdResName: null; checkable: false; checked: false; focusable: false; focused: false; selected: false; clickable: false; longClickable: false; contextClickable: false; enabled: true; password: false; scrollable: false; importantForAccessibility: false; visible: false; actions: [AccessibilityAction: ACTION_SELECT - null, AccessibilityAction: ACTION_CLEAR_SELECTION - null, AccessibilityAction: ACTION_ACCESSIBILITY_FOCUS - null, AccessibilityAction: ACTION_SHOW_ON_SCREEN - null]
07-01 12:16:06.555  9320  9320 W AccessibilityNodeInfoDumper: Fetch time: 3ms
07-01 12:16:05.538  1930  1930 V SettingsProvider: Notifying for 0: content://settings/secure/accessibility_enabled
07-01 12:16:06.556  1930  2655 W WindowManager: removeWindowToken: Attempted to remove non-existing token: android.os.Binder@672c5cd
07-01 12:16:06.557  1930  1930 V SettingsProvider: Notifying for 0: content://settings/secure/accessibility_enabled
07-01 12:16:06.564  9320  9320 D AndroidRuntime: Shutting down VM
07-01 12:16:06.766  9338  9338 D AndroidRuntime: >>>>>> START com.android.internal.os.RuntimeInit uid 2000 <<<<<<
07-01 12:16:06.807  9338  9338 W app_process: Unexpected CPU variant for X86 using defaults: x86
07-01 12:16:06.809  9338  9338 I app_process: The ClassLoaderContext is a special shared library.
07-01 12:16:06.811  9338  9338 I app_process: The ClassLoaderContext is a special shared library.
07-01 12:16:06.814  9338  9338 W app_process: CheckJNI: method to register "write" not in the given class. This is slow, consider changing your RegisterNatives calls.
07-01 12:16:06.816  9338  9338 I chatty  : uid=2000(shell) main identical 42 lines
07-01 12:16:06.816  9338  9338 W app_process: CheckJNI: method to register "write" not in the given class. This is slow, consider changing your RegisterNatives calls.
07-01 12:16:06.816  9338  9338 W app_process: CheckJNI: method to register "write_non_chained" not in the given class. This is slow, consider changing your RegisterNatives calls.
07-01 12:16:06.817  9338  9338 I chatty  : uid=2000(shell) main identical 7 lines
07-01 12:16:06.817  9338  9338 W app_process: CheckJNI: method to register "write_non_chained" not in the given class. This is slow, consider changing your RegisterNatives calls.
07-01 12:16:06.829  9338  9338 D AndroidRuntime: Calling main entry com.android.commands.uiautomator.Launcher
07-01 12:16:06.876  1930  3617 I GnssLocationProvider: WakeLock acquired by sendMessage(REPORT_SV_STATUS, 0, com.android.server.location.GnssLocationProvider$SvStatusInfo@c262bef)
07-01 12:16:06.877  1930  1943 I GnssLocationProvider: WakeLock released by handleMessage(REPORT_SV_STATUS, 0, com.android.server.location.GnssLocationProvider$SvStatusInfo@c262bef)
07-01 12:16:07.857  9338  9338 I AccessibilityNodeInfoDumper: Skipping invisible child: android.view.accessibility.AccessibilityNodeInfo@14b65; boundsInParent: Rect(0, 0 - 0, 126); boundsInScreen: Rect(231, 986 - 231, 1112); packageName: com.google.android.packageinstaller; className: android.widget.LinearLayout; text: null; error: null; maxTextLength: -1; contentDescription: null; tooltipText: null; viewIdResName: null; checkable: false; checked: false; focusable: false; focused: false; selected: false; clickable: false; longClickable: false; contextClickable: false; enabled: true; password: false; scrollable: false; importantForAccessibility: false; visible: false; actions: [AccessibilityAction: ACTION_SELECT - null, AccessibilityAction: ACTION_CLEAR_SELECTION - null, AccessibilityAction: ACTION_ACCESSIBILITY_FOCUS - null, AccessibilityAction: ACTION_SHOW_ON_SCREEN - null]
07-01 12:16:07.857  9338  9338 W AccessibilityNodeInfoDumper: Fetch time: 3ms
07-01 12:16:06.841  1930  1930 V SettingsProvider: Notifying for 0: content://settings/secure/accessibility_enabled
07-01 12:16:07.859  1930  2164 W WindowManager: removeWindowToken: Attempted to remove non-existing token: android.os.Binder@cf2f1c9
07-01 12:16:07.861  1930  1930 V SettingsProvider: Notifying for 0: content://settings/secure/accessibility_enabled
07-01 12:16:07.865  9338  9338 D AndroidRuntime: Shutting down VM
07-01 12:16:07.878  1930  3617 I GnssLocationProvider: WakeLock acquired by sendMessage(REPORT_SV_STATUS, 0, com.android.server.location.GnssLocationProvider$SvStatusInfo@12fe185)
07-01 12:16:07.878  1930  1943 I GnssLocationProvider: WakeLock released by handleMessage(REPORT_SV_STATUS, 0, com.android.server.location.GnssLocationProvider$SvStatusInfo@12fe185)
07-01 12:16:08.720  9365  9365 D AndroidRuntime: >>>>>> START com.android.internal.os.RuntimeInit uid 2000 <<<<<<
07-01 12:16:08.759  9365  9365 W app_process: Unexpected CPU variant for X86 using defaults: x86
07-01 12:16:08.760  9365  9365 I app_process: The ClassLoaderContext is a special shared library.
07-01 12:16:08.761  9365  9365 I app_process: The ClassLoaderContext is a special shared library.
07-01 12:16:08.768  9365  9365 W app_process: CheckJNI: method to register "write" not in the given class. This is slow, consider changing your RegisterNatives calls.
07-01 12:16:08.770  9365  9365 I chatty  : uid=2000(shell) main identical 42 lines
07-01 12:16:08.770  9365  9365 W app_process: CheckJNI: method to register "write" not in the given class. This is slow, consider changing your RegisterNatives calls.
07-01 12:16:08.770  9365  9365 W app_process: CheckJNI: method to register "write_non_chained" not in the given class. This is slow, consider changing your RegisterNatives calls.
07-01 12:16:08.770  9365  9365 I chatty  : uid=2000(shell) main identical 7 lines
07-01 12:16:08.770  9365  9365 W app_process: CheckJNI: method to register "write_non_chained" not in the given class. This is slow, consider changing your RegisterNatives calls.
07-01 12:16:08.783  9365  9365 D AndroidRuntime: Calling main entry com.android.commands.uiautomator.Launcher
07-01 12:16:08.884  1930  3617 I GnssLocationProvider: WakeLock acquired by sendMessage(REPORT_SV_STATUS, 0, com.android.server.location.GnssLocationProvider$SvStatusInfo@56d46e8)
07-01 12:16:08.885  1930  1943 I GnssLocationProvider: WakeLock released by handleMessage(REPORT_SV_STATUS, 0, com.android.server.location.GnssLocationProvider$SvStatusInfo@56d46e8)
07-01 12:16:08.792  1930  1930 V SettingsProvider: Notifying for 0: content://settings/secure/accessibility_enabled
07-01 12:16:09.803  1930  5717 W WindowManager: removeWindowToken: Attempted to remove non-existing token: android.os.Binder@9f7bbda
07-01 12:16:09.804  1930  1930 V SettingsProvider: Notifying for 0: content://settings/secure/accessibility_enabled
07-01 12:16:09.808  9365  9365 D AndroidRuntime: Shutting down VM
07-01 12:16:09.884  1930  3617 I GnssLocationProvider: WakeLock acquired by sendMessage(REPORT_SV_STATUS, 0, com.android.server.location.GnssLocationProvider$SvStatusInfo@925bba6)
07-01 12:16:09.885  1930  1943 I GnssLocationProvider: WakeLock released by handleMessage(REPORT_SV_STATUS, 0, com.android.server.location.GnssLocationProvider$SvStatusInfo@925bba6)
07-01 12:16:10.732  9398  9398 D AndroidRuntime: >>>>>> START com.android.internal.os.RuntimeInit uid 2000 <<<<<<
07-01 12:16:10.768  9398  9398 W app_process: Unexpected CPU variant for X86 using defaults: x86
07-01 12:16:10.769  9398  9398 I app_process: The ClassLoaderContext is a special shared library.
07-01 12:16:10.770  9398  9398 I app_process: The ClassLoaderContext is a special shared library.
07-01 12:16:10.776  9398  9398 W app_process: CheckJNI: method to register "write" not in the given class. This is slow, consider changing your RegisterNatives calls.
07-01 12:16:10.778  9398  9398 I chatty  : uid=2000(shell) main identical 42 lines
07-01 12:16:10.778  9398  9398 W app_process: CheckJNI: method to register "write" not in the given class. This is slow, consider changing your RegisterNatives calls.
07-01 12:16:10.778  9398  9398 W app_process: CheckJNI: method to register "write_non_chained" not in the given class. This is slow, consider changing your RegisterNatives calls.
07-01 12:16:10.778  9398  9398 I chatty  : uid=2000(shell) main identical 7 lines
07-01 12:16:10.778  9398  9398 W app_process: CheckJNI: method to register "write_non_chained" not in the given class. This is slow, consider changing your RegisterNatives calls.
07-01 12:16:10.790  9398  9398 D AndroidRuntime: Calling main entry com.android.commands.uiautomator.Launcher
07-01 12:16:10.886  1930  3617 I GnssLocationProvider: WakeLock acquired by sendMessage(REPORT_SV_STATUS, 0, com.android.server.location.GnssLocationProvider$SvStatusInfo@48dbc3d)
07-01 12:16:10.888  1930  1943 I GnssLocationProvider: WakeLock released by handleMessage(REPORT_SV_STATUS, 0, com.android.server.location.GnssLocationProvider$SvStatusInfo@48dbc3d)
07-01 12:16:10.803  1930  1930 V SettingsProvider: Notifying for 0: content://settings/secure/accessibility_enabled
07-01 12:16:11.813  1930  2164 W WindowManager: removeWindowToken: Attempted to remove non-existing token: android.os.Binder@ca1a9e7
07-01 12:16:11.815  1930  1930 V SettingsProvider: Notifying for 0: content://settings/secure/accessibility_enabled
07-01 12:16:11.819  9398  9398 D AndroidRuntime: Shutting down VM
07-01 12:16:11.886  1930  3617 I GnssLocationProvider: WakeLock acquired by sendMessage(REPORT_SV_STATUS, 0, com.android.server.location.GnssLocationProvider$SvStatusInfo@dd4fd83)
07-01 12:16:11.886  1930  1943 I GnssLocationProvider: WakeLock released by handleMessage(REPORT_SV_STATUS, 0, com.android.server.location.GnssLocationProvider$SvStatusInfo@dd4fd83)
07-01 12:16:12.001  1773  1817 E SurfaceFlinger: ro.sf.lcd_density must be defined as a build property
07-01 12:16:12.002  1646  1646 D gralloc_ranchu: gralloc_alloc: Creating ashmem region of size 8298496
07-01 12:16:12.023  9414  9414 D HostConnection: createUnique: call
07-01 12:16:12.024  9414  9414 D HostConnection: HostConnection::get() New Host Connection established 0xe6020b90, tid 9414
07-01 12:16:12.027  9414  9414 D HostConnection: HostComposition ext ANDROID_EMU_CHECKSUM_HELPER_v1 ANDROID_EMU_native_sync_v2 ANDROID_EMU_native_sync_v3 ANDROID_EMU_native_sync_v4 ANDROID_EMU_dma_v1 ANDROID_EMU_YUV420_888_to_NV21 ANDROID_EMU_YUV_Cache ANDROID_EMU_async_unmap_buffer GL_OES_EGL_image_external_essl3 GL_OES_vertex_array_object GL_KHR_texture_compression_astc_ldr ANDROID_EMU_host_side_tracing ANDROID_EMU_gles_max_version_3_0 
07-01 12:16:12.027  9414  9414 E eglCodecCommon: GoldfishAddressSpaceHostMemoryAllocator: ioctl_ping failed for device_type=5, ret=-1
07-01 12:16:12.156  7740  7740 D MediaScannerReceiver: action: android.intent.action.MEDIA_SCANNER_SCAN_FILE path: /storage/emulated/0/screen.png
07-01 12:16:12.889  1930  3617 I GnssLocationProvider: WakeLock acquired by sendMessage(REPORT_SV_STATUS, 0, com.android.server.location.GnssLocationProvider$SvStatusInfo@65feedf)
07-01 12:16:12.891  1930  1943 I GnssLocationProvider: WakeLock released by handleMessage(REPORT_SV_STATUS, 0, com.android.server.location.GnssLocationProvider$SvStatusInfo@65feedf)
07-01 12:16:13.893  1930  3617 I GnssLocationProvider: WakeLock acquired by sendMessage(REPORT_SV_STATUS, 0, com.android.server.location.GnssLocationProvider$SvStatusInfo@11ad72c)
07-01 12:16:13.895  1930  1943 I GnssLocationProvider: WakeLock released by handleMessage(REPORT_SV_STATUS, 0, com.android.server.location.GnssLocationProvider$SvStatusInfo@11ad72c)
07-01 12:16:14.601  9426  9426 D AndroidRuntime: >>>>>> START com.android.internal.os.RuntimeInit uid 2000 <<<<<<
07-01 12:16:14.671  9426  9426 W app_process: Unexpected CPU variant for X86 using defaults: x86
07-01 12:16:14.674  9426  9426 I app_process: The ClassLoaderContext is a special shared library.
07-01 12:16:14.677  9426  9426 I app_process: The ClassLoaderContext is a special shared library.
07-01 12:16:14.685  9426  9426 W app_process: CheckJNI: method to register "write" not in the given class. This is slow, consider changing your RegisterNatives calls.
07-01 12:16:14.688  9426  9426 I chatty  : uid=2000(shell) main identical 42 lines
07-01 12:16:14.688  9426  9426 W app_process: CheckJNI: method to register "write" not in the given class. This is slow, consider changing your RegisterNatives calls.
07-01 12:16:14.688  9426  9426 W app_process: CheckJNI: method to register "write_non_chained" not in the given class. This is slow, consider changing your RegisterNatives calls.
07-01 12:16:14.688  9426  9426 I chatty  : uid=2000(shell) main identical 7 lines
07-01 12:16:14.688  9426  9426 W app_process: CheckJNI: method to register "write_non_chained" not in the given class. This is slow, consider changing your RegisterNatives calls.
07-01 12:16:14.710  9426  9426 D AndroidRuntime: Calling main entry com.android.commands.uiautomator.Launcher
07-01 12:16:14.896  1930  3617 I GnssLocationProvider: WakeLock acquired by sendMessage(REPORT_SV_STATUS, 0, com.android.server.location.GnssLocationProvider$SvStatusInfo@57e99fb)
07-01 12:16:14.898  1930  1943 I GnssLocationProvider: WakeLock released by handleMessage(REPORT_SV_STATUS, 0, com.android.server.location.GnssLocationProvider$SvStatusInfo@57e99fb)
07-01 12:16:15.746  9426  9426 I AccessibilityNodeInfoDumper: Skipping invisible child: android.view.accessibility.AccessibilityNodeInfo@14b79; boundsInParent: Rect(0, 0 - 0, 126); boundsInScreen: Rect(231, 986 - 231, 1112); packageName: com.google.android.packageinstaller; className: android.widget.LinearLayout; text: null; error: null; maxTextLength: -1; contentDescription: null; tooltipText: null; viewIdResName: null; checkable: false; checked: false; focusable: false; focused: false; selected: false; clickable: false; longClickable: false; contextClickable: false; enabled: true; password: false; scrollable: false; importantForAccessibility: false; visible: false; actions: [AccessibilityAction: ACTION_SELECT - null, AccessibilityAction: ACTION_CLEAR_SELECTION - null, AccessibilityAction: ACTION_ACCESSIBILITY_FOCUS - null, AccessibilityAction: ACTION_SHOW_ON_SCREEN - null]
07-01 12:16:15.746  9426  9426 W AccessibilityNodeInfoDumper: Fetch time: 3ms
07-01 12:16:14.728  1930  1930 V SettingsProvider: Notifying for 0: content://settings/secure/accessibility_enabled
07-01 12:16:15.747  1930  2651 W WindowManager: removeWindowToken: Attempted to remove non-existing token: android.os.Binder@e0535f5
07-01 12:16:15.748  1930  1930 V SettingsProvider: Notifying for 0: content://settings/secure/accessibility_enabled
07-01 12:16:15.757  9426  9426 D AndroidRuntime: Shutting down VM
07-01 12:16:15.900  1930  3617 I GnssLocationProvider: WakeLock acquired by sendMessage(REPORT_SV_STATUS, 0, com.android.server.location.GnssLocationProvider$SvStatusInfo@4403c71)
07-01 12:16:15.902  1930  1943 I GnssLocationProvider: WakeLock released by handleMessage(REPORT_SV_STATUS, 0, com.android.server.location.GnssLocationProvider$SvStatusInfo@4403c71)
07-01 12:16:16.906  1930  3617 I GnssLocationProvider: WakeLock acquired by sendMessage(REPORT_SV_STATUS, 0, com.android.server.location.GnssLocationProvider$SvStatusInfo@22a5a56)
07-01 12:16:16.907  1930  1943 I GnssLocationProvider: WakeLock released by handleMessage(REPORT_SV_STATUS, 0, com.android.server.location.GnssLocationProvider$SvStatusInfo@22a5a56)
07-01 12:16:17.909  1930  3617 I GnssLocationProvider: WakeLock acquired by sendMessage(REPORT_SV_STATUS, 0, com.android.server.location.GnssLocationProvider$SvStatusInfo@812dad7)
07-01 12:16:17.910  1930  1943 I GnssLocationProvider: WakeLock released by handleMessage(REPORT_SV_STATUS, 0, com.android.server.location.GnssLocationProvider$SvStatusInfo@812dad7)
07-01 12:16:17.986  9444  9444 D AndroidRuntime: >>>>>> START com.android.internal.os.RuntimeInit uid 2000 <<<<<<
07-01 12:16:18.023  9444  9444 W app_process: Unexpected CPU variant for X86 using defaults: x86
07-01 12:16:18.025  9444  9444 I app_process: The ClassLoaderContext is a special shared library.
07-01 12:16:18.026  9444  9444 I app_process: The ClassLoaderContext is a special shared library.
07-01 12:16:18.033  9444  9444 W app_process: CheckJNI: method to register "write" not in the given class. This is slow, consider changing your RegisterNatives calls.
07-01 12:16:18.035  9444  9444 I chatty  : uid=2000(shell) main identical 42 lines
07-01 12:16:18.035  9444  9444 W app_process: CheckJNI: method to register "write" not in the given class. This is slow, consider changing your RegisterNatives calls.
07-01 12:16:18.035  9444  9444 W app_process: CheckJNI: method to register "write_non_chained" not in the given class. This is slow, consider changing your RegisterNatives calls.
07-01 12:16:18.035  9444  9444 I chatty  : uid=2000(shell) main identical 7 lines
07-01 12:16:18.035  9444  9444 W app_process: CheckJNI: method to register "write_non_chained" not in the given class. This is slow, consider changing your RegisterNatives calls.
07-01 12:16:18.048  9444  9444 D AndroidRuntime: Calling main entry com.android.commands.uiautomator.Launcher
07-01 12:16:18.914  1930  3617 I GnssLocationProvider: WakeLock acquired by sendMessage(REPORT_SV_STATUS, 0, com.android.server.location.GnssLocationProvider$SvStatusInfo@9c5e2)
07-01 12:16:18.916  1930  1943 I GnssLocationProvider: WakeLock released by handleMessage(REPORT_SV_STATUS, 0, com.android.server.location.GnssLocationProvider$SvStatusInfo@9c5e2)
07-01 12:16:18.059  1930  1930 V SettingsProvider: Notifying for 0: content://settings/secure/accessibility_enabled
07-01 12:16:19.068  1930  2651 W WindowManager: removeWindowToken: Attempted to remove non-existing token: android.os.Binder@7fedfc4
07-01 12:16:19.069  1930  1930 V SettingsProvider: Notifying for 0: content://settings/secure/accessibility_enabled
07-01 12:16:19.073  9444  9444 D AndroidRuntime: Shutting down VM
07-01 12:16:19.294  9462  9462 D AndroidRuntime: >>>>>> START com.android.internal.os.RuntimeInit uid 2000 <<<<<<
07-01 12:16:19.333  9462  9462 W app_process: Unexpected CPU variant for X86 using defaults: x86
07-01 12:16:19.335  9462  9462 I app_process: The ClassLoaderContext is a special shared library.
07-01 12:16:19.335  9462  9462 I app_process: The ClassLoaderContext is a special shared library.
07-01 12:16:19.343  9462  9462 W app_process: CheckJNI: method to register "write" not in the given class. This is slow, consider changing your RegisterNatives calls.
07-01 12:16:19.346  9462  9462 I chatty  : uid=2000(shell) main identical 42 lines
07-01 12:16:19.346  9462  9462 W app_process: CheckJNI: method to register "write" not in the given class. This is slow, consider changing your RegisterNatives calls.
07-01 12:16:19.346  9462  9462 W app_process: CheckJNI: method to register "write_non_chained" not in the given class. This is slow, consider changing your RegisterNatives calls.
07-01 12:16:19.346  9462  9462 I chatty  : uid=2000(shell) main identical 7 lines
07-01 12:16:19.346  9462  9462 W app_process: CheckJNI: method to register "write_non_chained" not in the given class. This is slow, consider changing your RegisterNatives calls.
07-01 12:16:19.359  9462  9462 D AndroidRuntime: Calling main entry com.android.commands.uiautomator.Launcher
07-01 12:16:19.918  1930  3617 I GnssLocationProvider: WakeLock acquired by sendMessage(REPORT_SV_STATUS, 0, com.android.server.location.GnssLocationProvider$SvStatusInfo@f825e2e)
07-01 12:16:19.920  1930  1943 I GnssLocationProvider: WakeLock released by handleMessage(REPORT_SV_STATUS, 0, com.android.server.location.GnssLocationProvider$SvStatusInfo@f825e2e)
07-01 12:16:20.382  9462  9462 I AccessibilityNodeInfoDumper: Skipping invisible child: android.view.accessibility.AccessibilityNodeInfo@14b8a; boundsInParent: Rect(0, 0 - 0, 126); boundsInScreen: Rect(231, 986 - 231, 1112); packageName: com.google.android.packageinstaller; className: android.widget.LinearLayout; text: null; error: null; maxTextLength: -1; contentDescription: null; tooltipText: null; viewIdResName: null; checkable: false; checked: false; focusable: false; focused: false; selected: false; clickable: false; longClickable: false; contextClickable: false; enabled: true; password: false; scrollable: false; importantForAccessibility: false; visible: false; actions: [AccessibilityAction: ACTION_SELECT - null, AccessibilityAction: ACTION_CLEAR_SELECTION - null, AccessibilityAction: ACTION_ACCESSIBILITY_FOCUS - null, AccessibilityAction: ACTION_SHOW_ON_SCREEN - null]
07-01 12:16:20.382  9462  9462 W AccessibilityNodeInfoDumper: Fetch time: 3ms
07-01 12:16:19.370  1930  1930 V SettingsProvider: Notifying for 0: content://settings/secure/accessibility_enabled
07-01 12:16:20.384  1930  5055 W WindowManager: removeWindowToken: Attempted to remove non-existing token: android.os.Binder@5ec3430
07-01 12:16:20.385  1930  1930 V SettingsProvider: Notifying for 0: content://settings/secure/accessibility_enabled
07-01 12:16:20.391  9462  9462 D AndroidRuntime: Shutting down VM
07-01 12:16:20.610  9480  9480 D AndroidRuntime: >>>>>> START com.android.internal.os.RuntimeInit uid 2000 <<<<<<
07-01 12:16:20.649  9480  9480 W app_process: Unexpected CPU variant for X86 using defaults: x86
07-01 12:16:20.651  9480  9480 I app_process: The ClassLoaderContext is a special shared library.
07-01 12:16:20.651  9480  9480 I app_process: The ClassLoaderContext is a special shared library.
07-01 12:16:20.656  9480  9480 W app_process: CheckJNI: method to register "write" not in the given class. This is slow, consider changing your RegisterNatives calls.
07-01 12:16:20.658  9480  9480 I chatty  : uid=2000(shell) main identical 42 lines
07-01 12:16:20.658  9480  9480 W app_process: CheckJNI: method to register "write" not in the given class. This is slow, consider changing your RegisterNatives calls.
07-01 12:16:20.658  9480  9480 W app_process: CheckJNI: method to register "write_non_chained" not in the given class. This is slow, consider changing your RegisterNatives calls.
07-01 12:16:20.658  9480  9480 I chatty  : uid=2000(shell) main identical 7 lines
07-01 12:16:20.658  9480  9480 W app_process: CheckJNI: method to register "write_non_chained" not in the given class. This is slow, consider changing your RegisterNatives calls.
07-01 12:16:20.672  9480  9480 D AndroidRuntime: Calling main entry com.android.commands.uiautomator.Launcher
07-01 12:16:20.684  1930  1930 V SettingsProvider: Notifying for 0: content://settings/secure/accessibility_enabled
07-01 12:16:20.732  1930  1944 W ActivityManager: Stopping service due to app idle: u0a30 -1m0s51ms com.google.android.setupwizard/.predeferred.PreDeferredUpdateService
07-01 12:16:20.738  9109  9109 I SetupWizard: [PreDeferredUpdateService] Executing onDestroy()
07-01 12:16:20.922  1930  3617 I GnssLocationProvider: WakeLock acquired by sendMessage(REPORT_SV_STATUS, 0, com.android.server.location.GnssLocationProvider$SvStatusInfo@3da2f3a)
07-01 12:16:20.924  1930  1943 I GnssLocationProvider: WakeLock released by handleMessage(REPORT_SV_STATUS, 0, com.android.server.location.GnssLocationProvider$SvStatusInfo@3da2f3a)
07-01 12:16:21.694  2067  4925 E WakeLock: GCM_HB_ALARM release without a matched acquire!
07-01 12:16:21.701  9480  9480 I AccessibilityNodeInfoDumper: Skipping invisible child: android.view.accessibility.AccessibilityNodeInfo@14b92; boundsInParent: Rect(0, 0 - 0, 126); boundsInScreen: Rect(231, 986 - 231, 1112); packageName: com.google.android.packageinstaller; className: android.widget.LinearLayout; text: null; error: null; maxTextLength: -1; contentDescription: null; tooltipText: null; viewIdResName: null; checkable: false; checked: false; focusable: false; focused: false; selected: false; clickable: false; longClickable: false; contextClickable: false; enabled: true; password: false; scrollable: false; importantForAccessibility: false; visible: false; actions: [AccessibilityAction: ACTION_SELECT - null, AccessibilityAction: ACTION_CLEAR_SELECTION - null, AccessibilityAction: ACTION_ACCESSIBILITY_FOCUS - null, AccessibilityAction: ACTION_SHOW_ON_SCREEN - null]
07-01 12:16:21.701  9480  9480 W AccessibilityNodeInfoDumper: Fetch time: 6ms
07-01 12:16:21.702  1930  5055 W WindowManager: removeWindowToken: Attempted to remove non-existing token: android.os.Binder@218635c
07-01 12:16:21.703  1930  1930 V SettingsProvider: Notifying for 0: content://settings/secure/accessibility_enabled
07-01 12:16:21.703  1930  1948 E BatteryExternalStatsWorker: no controller energy info supplied for wifi
07-01 12:16:21.707  9480  9480 D AndroidRuntime: Shutting down VM
07-01 12:16:21.724  1930  2027 D ConnectivityService: reportNetworkConnectivity(101, false) by 10012
07-01 12:16:21.726  1930  3618 D NetworkMonitor/NetworkAgentInfo [WIFI () - 101]: Forcing reevaluation for UID 10012
07-01 12:16:21.771  1930  9494 D NetworkMonitor/NetworkAgentInfo [WIFI () - 101]: PROBE_DNS connectivitycheck.gstatic.com 41ms OK 172.253.122.94,2607:f8b0:4004:c09::5e
