11-10 14:43:20.960  1928  1928 W Looper  : Slow dispatch took 460ms main h=android.app.ActivityThread$H c=android.app.-$$Lambda$LoadedApk$ReceiverDispatcher$Args$_BumDX2UKsnxLVrE6UJsJZkotuA@ddc8d10 m=0
11-10 14:43:20.983  1928  2020 D WifiConfigManager: Remove all networks for app ApplicationInfo{c5ba42f com.android.gpstest}
11-10 14:43:20.990  6353 12544 W Icing   : No valid account for uploading user actions
11-10 14:43:21.005  6353 12544 I Icing   : Usage reports ok 0, Failed Usage reports 0, indexed 0, rejected 0
11-10 14:43:21.006   387   419 I Finsky  : [1839] udr.apply(97): SCH: Scheduling 1 system job(s)
11-10 14:43:21.007   387   419 I Finsky  : [1839] udp.d(4): SCH: Scheduling system job Id: 9940, L: 14641, D: 60485251, C: false, I: false, N: 1
11-10 14:43:21.009  6353 12544 I Icing   : Indexing done com.google.android.gms-apps
11-10 14:43:21.019   387   387 I Finsky  : [2] rmi.i(0): PackageMonitorReceiverImpl - Received: android.intent.action.PACKAGE_FULLY_REMOVED, [1Gs0hyxgBQbxymtIaNymu4YClFghhsGmEnKp-_4-M4A]
11-10 14:43:21.021   387   387 I Finsky  : [2] rmy.n(8): Invalidating cached PackageState for com.android.gpstest
11-10 14:43:21.024  1928  2290 I GnssLocationProvider: WakeLock acquired by sendMessage(REPORT_SV_STATUS, 0, com.android.server.location.GnssLocationProvider$SvStatusInfo@b54c11a)
11-10 14:43:21.033   387   387 I Finsky  : [2] rmy.s(5): Package no longer installed: com.android.gpstest
11-10 14:43:21.036   387 19549 I Finsky  : [2036] kye.run(17): Frosting DB delete succeeded: false
11-10 14:43:21.050   387   387 I Finsky  : [2] rmi.i(0): PackageMonitorReceiverImpl - Deduping intent android.intent.action.PACKAGE_FULLY_REMOVED
11-10 14:43:21.058  1928  1928 W Looper  : Drained
11-10 14:43:21.074   387   415 I Finsky  : [1835] aqq.YI(24): [ContentSync] finished, scheduled=true
11-10 14:43:21.088  6353  6353 D BoundBrokerSvc: onBind: Intent { act=com.google.android.gms.common.BIND_SHARED_PREFS pkg=com.google.android.gms }
11-10 14:43:21.089  6353  6353 D BoundBrokerSvc: Loading bound service for intent: Intent { act=com.google.android.gms.common.BIND_SHARED_PREFS pkg=com.google.android.gms }
11-10 14:43:21.100  6353  6353 D BoundBrokerSvc: onUnbind: Intent { act=com.google.android.gms.common.BIND_SHARED_PREFS pkg=com.google.android.gms }
11-10 14:43:21.235  1928  1955 I PackageManager.DexOptimizer: Running dexopt (dexoptNeeded=1) on: /data/app/com.android.gpstest-JAmg0sBG45Gq1rZB9Ez34Q==/base.apk pkg=com.android.gpstest isa=x86 dexoptFlags=boot_complete,profile_guided,public,enable_hidden_api_checks targetFilter=speed-profile oatDir=/data/app/com.android.gpstest-JAmg0sBG45Gq1rZB9Ez34Q==/oat classLoaderContext=PCL[/system/framework/org.apache.http.legacy.boot.jar]
11-10 14:43:21.237  1774  5461 V installed: DexInv: --- BEGIN '/data/app/com.android.gpstest-JAmg0sBG45Gq1rZB9Ez34Q==/base.apk' ---
11-10 14:43:21.278 19574 19574 W dex2oat : Unexpected CPU variant for X86 using defaults: x86
11-10 14:43:21.278 19574 19574 W dex2oat : Mismatch between dex2oat instruction set features (ISA: X86 Feature string: -ssse3,-sse4.1,-sse4.2,-avx,-avx2,-popcnt) and those of dex2oat executable (ISA: X86 Feature string: ssse3,-sse4.1,-sse4.2,-avx,-avx2,-popcnt) for the command line:
11-10 14:43:21.278 19574 19574 W dex2oat : /system/bin/dex2oat --zip-fd=8 --zip-location=base.apk --input-vdex-fd=-1 --output-vdex-fd=10 --oat-fd=9 --oat-location=/data/app/com.android.gpstest-JAmg0sBG45Gq1rZB9Ez34Q==/oat/x86/base.odex --instruction-set=x86 --instruction-set-variant=x86 --instruction-set-features=default --runtime-arg -Xms64m --runtime-arg -Xmx512m --compiler-filter=speed-profile --swap-fd=11 --app-image-fd=12 --image-format=lz4 --classpath-dir=/data/app/com.android.gpstest-JAmg0sBG45Gq1rZB9Ez34Q== --class-loader-context=PCL[/system/framework/org.apache.http.legacy.boot.jar] --generate-mini-debug-info --compact-dex-level=none --runtime-arg -Xtarget-sdk-version:29 --runtime-arg -Xhidden-api-checks --compilation-reason=install
11-10 14:43:21.279 19574 19574 I dex2oat : /system/bin/dex2oat --input-vdex-fd=-1 --output-vdex-fd=10 --compiler-filter=speed-profile --classpath-dir=/data/app/com.android.gpstest-JAmg0sBG45Gq1rZB9Ez34Q== --class-loader-context=PCL[/system/framework/org.apache.http.legacy.boot.jar] --generate-mini-debug-info --compact-dex-level=none --compilation-reason=install
11-10 14:43:21.571  1928  1941 I GnssLocationProvider: WakeLock released by handleMessage(REPORT_SV_STATUS, 0, com.android.server.location.GnssLocationProvider$SvStatusInfo@e03de9b)
11-10 14:43:21.586  1928  1941 I GnssLocationProvider: WakeLock released by handleMessage(REPORT_SV_STATUS, 0, com.android.server.location.GnssLocationProvider$SvStatusInfo@b54c11a)
11-10 14:43:22.028  1928  2290 I GnssLocationProvider: WakeLock acquired by sendMessage(REPORT_SV_STATUS, 0, com.android.server.location.GnssLocationProvider$SvStatusInfo@e4b4396)
11-10 14:43:22.030  1928  1941 I GnssLocationProvider: WakeLock released by handleMessage(REPORT_SV_STATUS, 0, com.android.server.location.GnssLocationProvider$SvStatusInfo@e4b4396)
11-10 14:43:23.031  1928  2290 I GnssLocationProvider: WakeLock acquired by sendMessage(REPORT_SV_STATUS, 0, com.android.server.location.GnssLocationProvider$SvStatusInfo@a7ab17)
11-10 14:43:23.080  1928  1941 I GnssLocationProvider: WakeLock released by handleMessage(REPORT_SV_STATUS, 0, com.android.server.location.GnssLocationProvider$SvStatusInfo@a7ab17)
11-10 14:43:23.554  1782  1836 E storaged: getDiskStats failed with result NOT_SUPPORTED and size 0
11-10 14:43:23.868 19574 19574 I dex2oat : Explicit concurrent copying GC freed 9599(2MB) AllocSpace objects, 0(0B) LOS objects, 99% free, 896B/1536KB, paused 708us total 4.953ms
11-10 14:43:24.008 19574 19574 I dex2oat : dex2oat took 2.732s (8.305s cpu) (threads: 4) arena alloc=9KB (10224B) java alloc=16KB (17280B) native alloc=3MB (3860248B) free=2MB (2955496B)
11-10 14:43:24.013  1774  5461 V installed: DexInv: --- END '/data/app/com.android.gpstest-JAmg0sBG45Gq1rZB9Ez34Q==/base.apk' (success) ---
11-10 14:43:24.017  1928  1955 V BackupManagerService: restoreAtInstall pkg=com.android.gpstest token=2b restoreSet=0
11-10 14:43:24.026  1928  1955 V BackupManagerService: Finishing install immediately
11-10 14:43:24.029  1774  5461 E         : Couldn't opendir /data/app/vmdl1600038157.tmp: No such file or directory
11-10 14:43:24.029  1774  5461 E installd: Failed to delete /data/app/vmdl1600038157.tmp: No such file or directory
11-10 14:43:24.061  1928  2290 I GnssLocationProvider: WakeLock acquired by sendMessage(REPORT_SV_STATUS, 0, com.android.server.location.GnssLocationProvider$SvStatusInfo@9700322)
11-10 14:43:24.065  1928  1941 I GnssLocationProvider: WakeLock released by handleMessage(REPORT_SV_STATUS, 0, com.android.server.location.GnssLocationProvider$SvStatusInfo@9700322)
11-10 14:43:24.076  1928  1996 I InputReader: Reconfiguring input devices.  changes=0x00000010
11-10 14:43:24.078   387   387 I Finsky  : [2] rmi.i(0): PackageMonitorReceiverImpl - Received: android.intent.action.PACKAGE_ADDED, [1Gs0hyxgBQbxymtIaNymu4YClFghhsGmEnKp-_4-M4A]
11-10 14:43:24.078   387   387 I Finsky  : [2] rmy.n(8): Invalidating cached PackageState for com.android.gpstest
11-10 14:43:24.097 21517 21517 I GsaVoiceInteractionSrv: (REDACTED) O received %s
11-10 14:43:24.132  1928  2857 W BroadcastQueue: Background execution not allowed: receiving Intent { act=android.intent.action.PACKAGE_ADDED dat=package:com.android.gpstest flg=0x4000010 (has extras) } to com.android.musicfx/.Compatibility$Receiver
11-10 14:43:24.133  4376  4376 I CarrierServices: [2] RcsAutoStartReceiver.b: carrierServicesJibeServiceEnabled changed from true to true
11-10 14:43:24.137  4376  4376 I CarrierServices: [2] RcsAutoStartReceiver.b: enableRcs changed from true to true
11-10 14:43:24.137  4376  4376 I CarrierServices: [2] RcsAutoStartReceiver.b: RcsAutoStartReceiver triggered. Fetching RCS State. Action: android.intent.action.PACKAGE_ADDED
11-10 14:43:24.138  1928  1942 W BroadcastQueue: Background execution not allowed: receiving Intent { act=android.intent.action.PACKAGE_ADDED dat=package:com.android.gpstest flg=0x4000010 (has extras) } to com.android.vending/com.google.android.finsky.packagemonitor.impl.PackageMonitorReceiverImpl$RegisteredReceiver
11-10 14:43:24.138  1928  1928 I Telecom : DefaultDialerCache: Refreshing default dialer for user 0: now com.google.android.dialer: DDC.oR@Ags
11-10 14:43:24.139  1928  1942 W BroadcastQueue: Background execution not allowed: receiving Intent { act=android.intent.action.PACKAGE_ADDED dat=package:com.android.gpstest flg=0x4000010 (has extras) } to com.google.android.gms/.games.chimera.GamesSystemBroadcastReceiverProxy
11-10 14:43:24.142  1928  1942 W BroadcastQueue: Background execution not allowed: receiving Intent { act=android.intent.action.PACKAGE_ADDED dat=package:com.android.gpstest flg=0x4000010 (has extras) } to com.google.android.gms/.gass.chimera.PackageChangeBroadcastReceiver
11-10 14:43:24.143  1928  1942 W BroadcastQueue: Background execution not allowed: receiving Intent { act=android.intent.action.PACKAGE_ADDED dat=package:com.android.gpstest flg=0x4000010 (has extras) } to com.google.android.gms/.chimera.GmsIntentOperationService$PersistentTrustedReceiver
11-10 14:43:24.143  1928  1942 W BroadcastQueue: Background execution not allowed: receiving Intent { act=android.intent.action.PACKAGE_ADDED dat=package:com.android.gpstest flg=0x4000010 (has extras) } to com.google.android.googlequicksearchbox/com.google.android.apps.gsa.googlequicksearchbox.GelStubAppWatcher
11-10 14:43:24.144  1928  1942 W BroadcastQueue: Background execution not allowed: receiving Intent { act=android.intent.action.PACKAGE_ADDED dat=package:com.android.gpstest flg=0x4000010 (has extras) } to com.google.android.ims/.receivers.RcsAutoStartReceiver
11-10 14:43:24.153  1928  1928 V BackupManagerConstants: getFullBackupIntervalMilliseconds(...) returns 86400000
11-10 14:43:24.159   387 19549 I Finsky  : [2036] kye.run(18): Wrote row to frosting DB: 194
11-10 14:43:24.165  4376  4376 I CarrierServices: [2] aws.a: Migration binding to RcsMigrationService
11-10 14:43:24.193   387   387 I Finsky  : [2] vmc.a(8): Clearing split related stale data.
11-10 14:43:24.200   387   387 I Finsky  : [2] accj.c(3): Do not start WearSupportService due to Wear service optimization
11-10 14:43:24.202   387 19562 I Finsky  : [2044] at.a(48): Asset module storage cleared for package com.android.gpstest.
11-10 14:43:24.213   387 19564 I Finsky  : [2046] aqq.YI(24): [ContentSync] finished, scheduled=false
11-10 14:43:24.216  6684  6684 I Bugle   : returning RCS state provider.
11-10 14:43:24.228  6353 19544 I Auth    : [SupervisedAccountIntentOperation] onHandleIntent(): android.intent.action.PACKAGE_ADDED
11-10 14:43:24.229  6353  6353 D BoundBrokerSvc: onBind: Intent { act=com.google.android.gms.common.BIND_SHARED_PREFS pkg=com.google.android.gms }
11-10 14:43:24.229  6353  6353 D BoundBrokerSvc: Loading bound service for intent: Intent { act=com.google.android.gms.common.BIND_SHARED_PREFS pkg=com.google.android.gms }
11-10 14:43:24.235 15588 19545 W GCM     : Unexpected forwarded intent: Intent { act=android.intent.action.PACKAGE_ADDED dat=package:com.android.gpstest flg=0x4000010 pkg=com.google.android.gms cmp=com.google.android.gms/.chimera.PersistentIntentOperationService (has extras) }
11-10 14:43:24.248  6353  6353 D BoundBrokerSvc: onUnbind: Intent { act=com.google.android.gms.common.BIND_SHARED_PREFS pkg=com.google.android.gms }
11-10 14:43:24.263  6353 19544 I BlockstoreStorage: Clearing Blockstore Data for package com.android.gpstest [CONTEXT service_id=258 ]
11-10 14:43:24.282  2140  2140 D CarrierSvcBindHelper: No carrier app for: 0
11-10 14:43:24.286 15588 19539 W GCM     : Unexpected forwarded intent: Intent { act=android.intent.action.PACKAGE_ADDED dat=package:com.android.gpstest flg=0x4000010 pkg=com.google.android.gms cmp=com.google.android.gms/.chimera.PersistentIntentOperationService (has extras) }
11-10 14:43:24.309  6353 19544 I BlockstoreStorage: Keyless data not found or its IsLastInstallationData = false. [CONTEXT service_id=258 ]
11-10 14:43:24.318  2140  2140 D ImsResolver: maybeAddedImsService, packageName: com.android.gpstest
11-10 14:43:24.320  2140  2140 D CarrierConfigLoader: mHandler: 9 phoneId: 0
11-10 14:43:24.340   387 19549 I Finsky  : [2036] kye.run(18): Wrote row to frosting DB: 195
11-10 14:43:24.367 15588 15588 D BoundBrokerSvc: onBind: Intent { act=com.google.android.gms.nearby.exposurenotification.START dat=chimera-action: cmp=com.google.android.gms/.chimera.PersistentApiService }
11-10 14:43:24.367 15588 15588 D BoundBrokerSvc: Loading bound service for intent: Intent { act=com.google.android.gms.nearby.exposurenotification.START dat=chimera-action: cmp=com.google.android.gms/.chimera.PersistentApiService }
11-10 14:43:24.430  6684 17741 I CarrierServices: [1984] inq.shouldUseCarrierServicesApkForV1Apis: Checking if using CarrierServices.apk is possible. Enabled: true, isAtLeastM: true, runningInsideBugle: true
11-10 14:43:24.497  6684 17741 I CarrierServices: [1984] inq.e: Network Operator: 310260
11-10 14:43:24.546  6684 17741 I CarrierServices: [1984] inq.e: carrierWithOldEcApis: false
11-10 14:43:24.546  6684 17741 I CarrierServices: [1984] inq.e: hasDialerThatSupportsNewEc: false
11-10 14:43:24.568 15588 15713 W ChimeraUtils: Module com.google.android.gms.nearby_en has empty metadata display_name_string_id
11-10 14:43:24.581 15588 15713 W ChimeraUtils: Module com.google.android.gms.nearby_en has empty metadata display_name_string_id
11-10 14:43:24.594  1928  1937 I system_server: Background concurrent copying GC freed 39842(2MB) AllocSpace objects, 25(1044KB) LOS objects, 18% free, 26MB/32MB, paused 3.026ms total 565.189ms
11-10 14:43:24.594  6353  6367 I gle.android.gm: Background concurrent copying GC freed 29068(1840KB) AllocSpace objects, 12(496KB) LOS objects, 47% free, 6MB/12MB, paused 2.028ms total 390.240ms
11-10 14:43:24.610  6684 17741 W RcsProvisioning: Failed to read configuration: /data/user/0/com.google.android.apps.messaging/files/rcsconfig (No such file or directory)
11-10 14:43:24.620  6684 17741 W RcsProvisioning: java.io.FileNotFoundException: /data/user/0/com.google.android.apps.messaging/files/rcsconfig (No such file or directory)
11-10 14:43:24.620  6684 17741 W RcsProvisioning: 	at java.io.FileInputStream.open0(Native Method)
11-10 14:43:24.620  6684 17741 W RcsProvisioning: 	at java.io.FileInputStream.open(FileInputStream.java:231)
11-10 14:43:24.620  6684 17741 W RcsProvisioning: 	at java.io.FileInputStream.<init>(FileInputStream.java:165)
11-10 14:43:24.620  6684 17741 W RcsProvisioning: 	at android.app.ContextImpl.openFileInput(ContextImpl.java:560)
11-10 14:43:24.620  6684 17741 W RcsProvisioning: 	at android.content.ContextWrapper.openFileInput(ContextWrapper.java:202)
11-10 14:43:24.620  6684 17741 W RcsProvisioning: 	at ion.a(SourceFile:2)
11-10 14:43:24.620  6684 17741 W RcsProvisioning: 	at idl.a(SourceFile:4)
11-10 14:43:24.620  6684 17741 W RcsProvisioning: 	at idm.a(SourceFile:7)
11-10 14:43:24.620  6684 17741 W RcsProvisioning: 	at com.google.android.apps.messaging.rcsmigration.RcsStateProvider.buildRcsState(SourceFile:81)
11-10 14:43:24.620  6684 17741 W RcsProvisioning: 	at com.google.android.apps.messaging.rcsmigration.RcsStateProvider.getRcsState(SourceFile:6)
11-10 14:43:24.620  6684 17741 W RcsProvisioning: 	at com.google.android.ims.rcsmigration.IRcsStateProvider$Stub.dispatchTransaction(SourceFile:10)
11-10 14:43:24.620  6684 17741 W RcsProvisioning: 	at com.google.android.aidl.BaseStub.onTransact(SourceFile:18)
11-10 14:43:24.620  6684 17741 W RcsProvisioning: 	at android.os.Binder.execTransact(Binder.java:731)
11-10 14:43:24.620  6684 17741 D RcsProvisioning: Retrieving backup token
11-10 14:43:24.627  6684 17741 D RcsProvisioning: Exception while getting subscriber Id. Using default
11-10 14:43:24.648  6353 13426 I Icing   : Indexing com.google.android.gms-apps from com.google.android.gms
11-10 14:43:24.653  9158 19581 I ProvidersCache: Provider returned no roots. Possibly naughty: com.google.android.apps.docs.storage
11-10 14:43:24.731  6684 17741 D RcsProvisioning: No backup token found
11-10 14:43:24.734  6684 17741 D RcsProvisioning: Retrieving backup token
11-10 14:43:24.734  6684 17741 D RcsProvisioning: Exception while getting subscriber Id. Using default
11-10 14:43:24.783  6353 13426 I Icing   : Indexing done com.google.android.gms-apps
11-10 14:43:24.837  6684 17741 D RcsProvisioning: No backup token found
11-10 14:43:24.860  6684 17741 W RcsProvisioning: Failed to read configuration: /data/user/0/com.google.android.apps.messaging/files/rcsconfig (No such file or directory)
11-10 14:43:24.860  6684 17741 W RcsProvisioning: java.io.FileNotFoundException: /data/user/0/com.google.android.apps.messaging/files/rcsconfig (No such file or directory)
11-10 14:43:24.860  6684 17741 W RcsProvisioning: 	at java.io.FileInputStream.open0(Native Method)
11-10 14:43:24.860  6684 17741 W RcsProvisioning: 	at java.io.FileInputStream.open(FileInputStream.java:231)
11-10 14:43:24.860  6684 17741 W RcsProvisioning: 	at java.io.FileInputStream.<init>(FileInputStream.java:165)
11-10 14:43:24.860  6684 17741 W RcsProvisioning: 	at android.app.ContextImpl.openFileInput(ContextImpl.java:560)
11-10 14:43:24.860  6684 17741 W RcsProvisioning: 	at android.content.ContextWrapper.openFileInput(ContextWrapper.java:202)
11-10 14:43:24.860  6684 17741 W RcsProvisioning: 	at ion.a(SourceFile:2)
11-10 14:43:24.860  6684 17741 W RcsProvisioning: 	at idl.a(SourceFile:4)
11-10 14:43:24.860  6684 17741 W RcsProvisioning: 	at idm.a(SourceFile:7)
11-10 14:43:24.860  6684 17741 W RcsProvisioning: 	at iez.buildConferencesFileName(SourceFile:30)
11-10 14:43:24.860  6684 17741 W RcsProvisioning: 	at com.google.android.apps.messaging.rcsmigration.RcsStateProvider.buildRcsState(SourceFile:129)
11-10 14:43:24.860  6684 17741 W RcsProvisioning: 	at com.google.android.apps.messaging.rcsmigration.RcsStateProvider.getRcsState(SourceFile:6)
11-10 14:43:24.860  6684 17741 W RcsProvisioning: 	at com.google.android.ims.rcsmigration.IRcsStateProvider$Stub.dispatchTransaction(SourceFile:10)
11-10 14:43:24.860  6684 17741 W RcsProvisioning: 	at com.google.android.aidl.BaseStub.onTransact(SourceFile:18)
11-10 14:43:24.860  6684 17741 W RcsProvisioning: 	at android.os.Binder.execTransact(Binder.java:731)
11-10 14:43:24.860  6684 17741 D RcsProvisioning: Retrieving backup token
11-10 14:43:24.860  6684 17741 D RcsProvisioning: Exception while getting subscriber Id. Using default
11-10 14:43:24.943 19584 19584 D AndroidRuntime: >>>>>> START com.android.internal.os.RuntimeInit uid 2000 <<<<<<
11-10 14:43:24.963  6684 17741 D RcsProvisioning: No backup token found
11-10 14:43:24.964  6684 17741 E CarrierServices: [1984] iez.getFile: File not found.: /data/user/0/com.google.android.apps.messaging/files/httpft_pending (No such file or directory)
11-10 14:43:24.964  6684 17741 E CarrierServices: 	java.io.FileInputStream.open0(Native Method)
11-10 14:43:24.964  6684 17741 E CarrierServices: 	java.io.FileInputStream.open(FileInputStream.java:231)
11-10 14:43:24.964  6684 17741 E CarrierServices: 	java.io.FileInputStream.<init>(FileInputStream.java:165)
11-10 14:43:24.964  6684 17741 E CarrierServices: 	android.app.ContextImpl.openFileInput(ContextImpl.java:560)
11-10 14:43:24.964  6684 17741 E CarrierServices: 	android.content.ContextWrapper.openFileInput(ContextWrapper.java:202)
11-10 14:43:24.964  6684 17741 E CarrierServices: 	iez.getFile(SourceFile:20)
11-10 14:43:24.964  6684 17741 E CarrierServices: 	com.google.android.apps.messaging.rcsmigration.RcsStateProvider.buildRcsState(SourceFile:136)
11-10 14:43:24.964  6684 17741 E CarrierServices: 	com.google.android.apps.messaging.rcsmigration.RcsStateProvider.getRcsState(SourceFile:6)
11-10 14:43:24.964  6684 17741 E CarrierServices: 	com.google.android.ims.rcsmigration.IRcsStateProvider$Stub.dispatchTransaction(SourceFile:10)
11-10 14:43:24.964  6684 17741 E CarrierServices: 	com.google.android.aidl.BaseStub.onTransact(SourceFile:18)
11-10 14:43:24.964  6684 17741 E CarrierServices: 	android.os.Binder.execTransact(Binder.java:731)
11-10 14:43:24.980  4376 19591 I CarrierServices: [372] awt.doInBackground: Saving RCS State
11-10 14:43:24.980  4376 19591 I CarrierServices: [372] awt.doInBackground: Old operation mode: 2
11-10 14:43:24.980  4376 19591 I CarrierServices: [372] awt.doInBackground: New operation mode: 2
11-10 14:43:24.990  6684 17741 I CarrierServices: [1984] RcsStateProvider.onMigrationComplete: Migration complete.
11-10 14:43:25.000  6684 17741 I CarrierServices: [1984] inq.shouldUseCarrierServicesApkForV1Apis: Checking if using CarrierServices.apk is possible. Enabled: true, isAtLeastM: true, runningInsideBugle: true
11-10 14:43:25.006  6684 17741 I CarrierServices: [1984] inq.e: Network Operator: 310260
11-10 14:43:25.009  6684 17741 I CarrierServices: [1984] inq.e: carrierWithOldEcApis: false
11-10 14:43:25.010  6684 17741 I CarrierServices: [1984] inq.e: hasDialerThatSupportsNewEc: false
11-10 14:43:25.010  6684 17741 I CarrierServices: [1984] RcsStateProvider.onMigrationComplete: Rcs Engine should be running in cs.apk. Stopping JibeService.
11-10 14:43:25.027  6684 17741 I CarrierServices: [1984] RcsStateProvider.onMigrationComplete: JibeService stopped: true
11-10 14:43:25.039  1928  2290 I GnssLocationProvider: WakeLock acquired by sendMessage(REPORT_SV_STATUS, 0, com.android.server.location.GnssLocationProvider$SvStatusInfo@2f4700)
11-10 14:43:25.040  1928  1941 I GnssLocationProvider: WakeLock released by handleMessage(REPORT_SV_STATUS, 0, com.android.server.location.GnssLocationProvider$SvStatusInfo@2f4700)
11-10 14:43:25.043  6684 17741 I CarrierServices: [1984] inq.e: Network Operator: 310260
11-10 14:43:25.047  6684 17741 I CarrierServices: [1984] inq.e: carrierWithOldEcApis: false
11-10 14:43:25.047  6684 17741 I CarrierServices: [1984] inq.e: hasDialerThatSupportsNewEc: false
11-10 14:43:25.056  6684 17741 I CarrierServices: [1984] jsn.connect: shouldUseCarrierServicesJibeService: true, CarrierServices rcs service found: true
11-10 14:43:25.057  6684 17741 I CarrierServices: [1984] jsn.connect: Binding to JibeService in CarrierServices.
11-10 14:43:25.073  6684  6684 D RcsClientLib: Service com.google.android.rcs.client.chatsession.ChatSessionService connected. Will notify listeners: true
11-10 14:43:25.073  6684  6684 V BugleRcs: com.google.android.rcs.client.chatsession.ChatSessionService RCS service connected
11-10 14:43:25.074  6684 17741 I CarrierServices: [1984] inq.e: Network Operator: 310260
11-10 14:43:25.078 19584 19584 W app_process: Unexpected CPU variant for X86 using defaults: x86
11-10 14:43:25.079  6684 17741 I CarrierServices: [1984] inq.e: carrierWithOldEcApis: false
11-10 14:43:25.079  6684 17741 I CarrierServices: [1984] inq.e: hasDialerThatSupportsNewEc: false
11-10 14:43:25.085  6684 17741 I CarrierServices: [1984] jsn.connect: shouldUseCarrierServicesJibeService: true, CarrierServices rcs service found: true
11-10 14:43:25.085  6684 17741 I CarrierServices: [1984] jsn.connect: Binding to JibeService in CarrierServices.
11-10 14:43:25.089 19584 19584 I app_process: The ClassLoaderContext is a special shared library.
11-10 14:43:25.095  6684  6684 D RcsClientLib: Service com.google.android.rcs.client.events.EventService connected. Will notify listeners: true
11-10 14:43:25.095  6684  6684 V BugleRcs: com.google.android.rcs.client.events.EventService RCS service connected
11-10 14:43:25.104  6684 17741 I CarrierServices: [1984] inq.e: Network Operator: 310260
11-10 14:43:25.108  6684 17741 I CarrierServices: [1984] inq.e: carrierWithOldEcApis: false
11-10 14:43:25.108  6684 17741 I CarrierServices: [1984] inq.e: hasDialerThatSupportsNewEc: false
11-10 14:43:25.110 19584 19584 W app_process: CheckJNI: method to register "write" not in the given class. This is slow, consider changing your RegisterNatives calls.
11-10 14:43:25.115 19584 19584 I chatty  : uid=2000(shell) main identical 42 lines
11-10 14:43:25.115 19584 19584 W app_process: CheckJNI: method to register "write" not in the given class. This is slow, consider changing your RegisterNatives calls.
11-10 14:43:25.115  6684 17741 I CarrierServices: [1984] jsn.connect: shouldUseCarrierServicesJibeService: true, CarrierServices rcs service found: true
11-10 14:43:25.115 19584 19584 W app_process: CheckJNI: method to register "write_non_chained" not in the given class. This is slow, consider changing your RegisterNatives calls.
11-10 14:43:25.115 19584 19584 W app_process: CheckJNI: method to register "write_non_chained" not in the given class. This is slow, consider changing your RegisterNatives calls.
11-10 14:43:25.115  6684 17741 I CarrierServices: [1984] jsn.connect: Binding to JibeService in CarrierServices.
11-10 14:43:25.115 19584 19584 W app_process: CheckJNI: method to register "write_non_chained" not in the given class. This is slow, consider changing your RegisterNatives calls.
11-10 14:43:25.116 19584 19584 I chatty  : uid=2000(shell) main identical 5 lines
11-10 14:43:25.116 19584 19584 W app_process: CheckJNI: method to register "write_non_chained" not in the given class. This is slow, consider changing your RegisterNatives calls.
11-10 14:43:25.121  6684  6684 D RcsClientLib: Service com.google.android.rcs.client.contacts.ContactsService connected. Will notify listeners: true
11-10 14:43:25.121  6684  6684 V BugleRcs: com.google.android.rcs.client.contacts.ContactsService RCS service connected
11-10 14:43:25.132  6684 17741 I CarrierServices: [1984] inq.e: Network Operator: 310260
11-10 14:43:25.134  6684 17741 I CarrierServices: [1984] inq.e: carrierWithOldEcApis: false
11-10 14:43:25.134  6684 17741 I CarrierServices: [1984] inq.e: hasDialerThatSupportsNewEc: false
11-10 14:43:25.139  6684 17741 I CarrierServices: [1984] jsn.connect: shouldUseCarrierServicesJibeService: true, CarrierServices rcs service found: true
11-10 14:43:25.139  6684 17741 I CarrierServices: [1984] jsn.connect: Binding to JibeService in CarrierServices.
11-10 14:43:25.144  6684  6684 D RcsClientLib: Service com.google.android.rcs.client.filetransfer.FileTransferService connected. Will notify listeners: true
11-10 14:43:25.144  6684  6684 V BugleRcs: com.google.android.rcs.client.filetransfer.FileTransferService RCS service connected
11-10 14:43:25.150  6684 17741 I CarrierServices: [1984] inq.e: Network Operator: 310260
11-10 14:43:25.153  6684 17741 I CarrierServices: [1984] inq.e: carrierWithOldEcApis: false
11-10 14:43:25.154  6684 17741 I CarrierServices: [1984] inq.e: hasDialerThatSupportsNewEc: false
11-10 14:43:25.157  6684 17741 I CarrierServices: [1984] jsn.connect: shouldUseCarrierServicesJibeService: true, CarrierServices rcs service found: true
11-10 14:43:25.157  6684 17741 I CarrierServices: [1984] jsn.connect: Binding to JibeService in CarrierServices.
11-10 14:43:25.163  6684  6684 D RcsClientLib: Service com.google.android.rcs.client.locationsharing.LocationSharingService connected. Will notify listeners: true
11-10 14:43:25.164  6684  6684 V BugleRcs: com.google.android.rcs.client.locationsharing.LocationSharingService RCS service connected
11-10 14:43:25.169  6684 17741 I CarrierServices: [1984] inq.e: Network Operator: 310260
11-10 14:43:25.172  6684 17741 I CarrierServices: [1984] inq.e: carrierWithOldEcApis: false
11-10 14:43:25.172  6684 17741 I CarrierServices: [1984] inq.e: hasDialerThatSupportsNewEc: false
11-10 14:43:25.176  6684 17741 I CarrierServices: [1984] jsn.connect: shouldUseCarrierServicesJibeService: true, CarrierServices rcs service found: true
11-10 14:43:25.176  6684 17741 I CarrierServices: [1984] jsn.connect: Binding to JibeService in CarrierServices.
11-10 14:43:25.177 19584 19584 D AndroidRuntime: Calling main entry com.android.commands.monkey.Monkey
11-10 14:43:25.178 19584 19584 W Monkey  : args: [-p, com.android.gpstest, -c, android.intent.category.LAUNCHER, 1]
11-10 14:43:25.182 19584 19584 W Monkey  :  arg: "-p"
11-10 14:43:25.183 19584 19584 W Monkey  :  arg: "com.android.gpstest"
11-10 14:43:25.183 19584 19584 W Monkey  :  arg: "-c"
11-10 14:43:25.183  6684  6684 D RcsClientLib: Service com.google.android.rcs.client.ims.ImsConnectionTrackerService connected. Will notify listeners: true
11-10 14:43:25.183 19584 19584 W Monkey  :  arg: "android.intent.category.LAUNCHER"
11-10 14:43:25.183  6684  6684 V BugleRcs: com.google.android.rcs.client.ims.ImsConnectionTrackerService RCS service connected
11-10 14:43:25.183 19584 19584 W Monkey  :  arg: "1"
11-10 14:43:25.183 19584 19584 W Monkey  : data="com.android.gpstest"
11-10 14:43:25.184 19584 19584 W Monkey  : data="android.intent.category.LAUNCHER"
11-10 14:43:25.191  6684  6684 V BugleRcs: kicking off RCS sending/receiving
11-10 14:43:25.192  6684  6684 V BugleAction: no RCS because we're not registered
11-10 14:43:25.193  6684 17741 I CarrierServices: [1984] inq.e: Network Operator: 310260
11-10 14:43:25.197  6684 17741 I CarrierServices: [1984] inq.e: carrierWithOldEcApis: false
11-10 14:43:25.197  6684 17741 I CarrierServices: [1984] inq.e: hasDialerThatSupportsNewEc: false
11-10 14:43:25.201  6684 17741 I CarrierServices: [1984] jsn.connect: shouldUseCarrierServicesJibeService: true, CarrierServices rcs service found: true
11-10 14:43:25.201  6684 17741 I CarrierServices: [1984] jsn.connect: Binding to JibeService in CarrierServices.
11-10 14:43:25.208  6684  6684 D RcsClientLib: Service com.google.android.rcs.client.profile.RcsProfileService connected. Will notify listeners: true
11-10 14:43:25.208  6684  6684 V BugleRcs: com.google.android.rcs.client.profile.RcsProfileService RCS service connected
11-10 14:43:25.209  6684  6684 V BugleRcs: kicking off RCS sending/receiving
11-10 14:43:25.213  6684  6684 V BugleAction: no RCS because we're not registered
11-10 14:43:25.218  6684 17741 I CarrierServices: [1984] inq.e: Network Operator: 310260
11-10 14:43:25.220  6684 17741 I CarrierServices: [1984] inq.e: carrierWithOldEcApis: false
11-10 14:43:25.220  6684 17741 I CarrierServices: [1984] inq.e: hasDialerThatSupportsNewEc: false
11-10 14:43:25.224  4376 20207 W CarrierServices: [315] bmc.a: No config URL. RCS will be disabled!
11-10 14:43:25.225  6684  6684 I BugleRcs: RcsAvailability ACS url: null
11-10 14:43:25.230  6684 17741 I CarrierServices: [1984] jsn.connect: shouldUseCarrierServicesJibeService: true, CarrierServices rcs service found: true
11-10 14:43:25.230  6684 17741 I CarrierServices: [1984] jsn.connect: Binding to JibeService in CarrierServices.
11-10 14:43:25.240  6684  6684 D RcsClientLib: Service com.google.android.rcs.client.businessinfo.BusinessInfoService connected. Will notify listeners: true
11-10 14:43:25.240  6684  6684 V BugleRcs: com.google.android.rcs.client.businessinfo.BusinessInfoService RCS service connected
11-10 14:43:25.242  6684  6684 V BugleRcs: kicking off RCS sending/receiving
11-10 14:43:25.243  6684  6684 V BugleAction: no RCS because we're not registered
11-10 14:43:25.244  4376 20207 W CarrierServices: [315] bmc.a: No config URL. RCS will be disabled!
11-10 14:43:25.244  6684  6684 I BugleRcs: RcsAvailability ACS url: null
11-10 14:43:25.248  6684 17741 W RcsProvisioning: Failed to read configuration: /data/user/0/com.google.android.apps.messaging/files/rcsconfig (No such file or directory)
11-10 14:43:25.248  6684 17741 W RcsProvisioning: java.io.FileNotFoundException: /data/user/0/com.google.android.apps.messaging/files/rcsconfig (No such file or directory)
11-10 14:43:25.248  6684 17741 W RcsProvisioning: 	at java.io.FileInputStream.open0(Native Method)
11-10 14:43:25.248  6684 17741 W RcsProvisioning: 	at java.io.FileInputStream.open(FileInputStream.java:231)
11-10 14:43:25.248  6684 17741 W RcsProvisioning: 	at java.io.FileInputStream.<init>(FileInputStream.java:165)
11-10 14:43:25.248  6684 17741 W RcsProvisioning: 	at android.app.ContextImpl.openFileInput(ContextImpl.java:560)
11-10 14:43:25.248  6684 17741 W RcsProvisioning: 	at android.content.ContextWrapper.openFileInput(ContextWrapper.java:202)
11-10 14:43:25.248  6684 17741 W RcsProvisioning: 	at ion.a(SourceFile:2)
11-10 14:43:25.248  6684 17741 W RcsProvisioning: 	at idl.a(SourceFile:4)
11-10 14:43:25.248  6684 17741 W RcsProvisioning: 	at idm.a(SourceFile:7)
11-10 14:43:25.248  6684 17741 W RcsProvisioning: 	at com.google.android.apps.messaging.rcsmigration.RcsStateProvider.onMigrationComplete(SourceFile:27)
11-10 14:43:25.248  6684 17741 W RcsProvisioning: 	at com.google.android.ims.rcsmigration.IRcsStateProvider$Stub.dispatchTransaction(SourceFile:14)
11-10 14:43:25.248  6684 17741 W RcsProvisioning: 	at com.google.android.aidl.BaseStub.onTransact(SourceFile:18)
11-10 14:43:25.248  6684 17741 W RcsProvisioning: 	at android.os.Binder.execTransact(Binder.java:731)
11-10 14:43:25.248  6684 17741 D RcsProvisioning: Retrieving backup token
11-10 14:43:25.249  6684 17741 D RcsProvisioning: Exception while getting subscriber Id. Using default
11-10 14:43:25.285  1928  1942 W BroadcastQueue: Skipping deliver [background] BroadcastRecord{c30b9cf u-1 android.net.conn.CONNECTIVITY_CHANGE} to ReceiverList{e765f5c 19584 (unknown name)/2000/u-1 remote:4f894a9}: process gone or crashing
11-10 14:43:25.306  1928  5788 I ActivityManager: START u0 {act=android.intent.action.MAIN cat=[android.intent.category.LAUNCHER] flg=0x10200000 cmp=com.android.gpstest/.GpsTestActivity} from uid 2000
11-10 14:43:25.319  1928  5788 W Binder  : Outgoing transactions from this process must be FLAG_ONEWAY
11-10 14:43:25.319  1928  5788 W Binder  : java.lang.Throwable
11-10 14:43:25.319  1928  5788 W Binder  : 	at android.os.BinderProxy.transact(Binder.java:1114)
11-10 14:43:25.319  1928  5788 W Binder  : 	at android.app.IActivityController$Stub$Proxy.activityStarting(IActivityController.java:176)
11-10 14:43:25.319  1928  5788 W Binder  : 	at com.android.server.am.ActivityStarter.startActivity(ActivityStarter.java:737)
11-10 14:43:25.319  1928  5788 W Binder  : 	at com.android.server.am.ActivityStarter.startActivity(ActivityStarter.java:544)
11-10 14:43:25.319  1928  5788 W Binder  : 	at com.android.server.am.ActivityStarter.startActivityMayWait(ActivityStarter.java:1099)
11-10 14:43:25.319  1928  5788 W Binder  : 	at com.android.server.am.ActivityStarter.execute(ActivityStarter.java:486)
11-10 14:43:25.319  1928  5788 W Binder  : 	at com.android.server.am.ActivityManagerService.startActivityAsUser(ActivityManagerService.java:5120)
11-10 14:43:25.319  1928  5788 W Binder  : 	at com.android.server.am.ActivityManagerService.startActivityAsUser(ActivityManagerService.java:5094)
11-10 14:43:25.319  1928  5788 W Binder  : 	at com.android.server.am.ActivityManagerService.startActivity(ActivityManagerService.java:5085)
11-10 14:43:25.319  1928  5788 W Binder  : 	at android.app.IActivityManager$Stub.onTransact$startActivity$(IActivityManager.java:10084)
11-10 14:43:25.319  1928  5788 W Binder  : 	at android.app.IActivityManager$Stub.onTransact(IActivityManager.java:122)
11-10 14:43:25.319  1928  5788 W Binder  : 	at com.android.server.am.ActivityManagerService.onTransact(ActivityManagerService.java:3291)
11-10 14:43:25.319  1928  5788 W Binder  : 	at android.os.Binder.execTransact(Binder.java:731)
11-10 14:43:25.352  6684 17741 D RcsProvisioning: No backup token found
11-10 14:43:25.352  6684 17741 D RcsProvisioning: Clearing backup token
11-10 14:43:25.352  6684 17741 D RcsProvisioning: Exception while getting subscriber Id. Using default
11-10 14:43:25.365 19584 19584 I Monkey  : Events injected: 1
11-10 14:43:25.388 19584 19584 I Monkey  : ## Network stats: elapsed time=63ms (0ms mobile, 0ms wifi, 63ms not connected)
11-10 14:43:25.395 19584 19584 I app_process: System.exit called, status: 0
11-10 14:43:25.395  1928  1928 V SettingsProvider: Notifying for 0: content://settings/system/accelerometer_rotation
11-10 14:43:25.395 19584 19584 I AndroidRuntime: VM exiting with result code 0.
11-10 14:43:25.446  6684 17741 I CarrierServices: [1984] RcsStateProvider.onMigrationComplete: Deleted transfers file: false
11-10 14:43:25.446  1647  1693 D gralloc_ranchu: gralloc_alloc: Creating ashmem region of size 8298496
11-10 14:43:25.449  6684 17741 W RcsProvisioning: Failed to read configuration: /data/user/0/com.google.android.apps.messaging/files/rcsconfig (No such file or directory)
11-10 14:43:25.450  6684 17741 W RcsProvisioning: java.io.FileNotFoundException: /data/user/0/com.google.android.apps.messaging/files/rcsconfig (No such file or directory)
11-10 14:43:25.450  6684 17741 W RcsProvisioning: 	at java.io.FileInputStream.open0(Native Method)
11-10 14:43:25.450  6684 17741 W RcsProvisioning: 	at java.io.FileInputStream.open(FileInputStream.java:231)
11-10 14:43:25.450  6684 17741 W RcsProvisioning: 	at java.io.FileInputStream.<init>(FileInputStream.java:165)
11-10 14:43:25.450  6684 17741 W RcsProvisioning: 	at android.app.ContextImpl.openFileInput(ContextImpl.java:560)
11-10 14:43:25.450  6684 17741 W RcsProvisioning: 	at android.content.ContextWrapper.openFileInput(ContextWrapper.java:202)
11-10 14:43:25.450  6684 17741 W RcsProvisioning: 	at ion.a(SourceFile:2)
11-10 14:43:25.450  6684 17741 W RcsProvisioning: 	at idl.a(SourceFile:4)
11-10 14:43:25.450  6684 17741 W RcsProvisioning: 	at idm.a(SourceFile:7)
11-10 14:43:25.450  6684 17741 W RcsProvisioning: 	at iez.buildConferencesFileName(SourceFile:30)
11-10 14:43:25.450  6684 17741 W RcsProvisioning: 	at com.google.android.apps.messaging.rcsmigration.RcsStateProvider.onMigrationComplete(SourceFile:48)
11-10 14:43:25.450  6684 17741 W RcsProvisioning: 	at com.google.android.ims.rcsmigration.IRcsStateProvider$Stub.dispatchTransaction(SourceFile:14)
11-10 14:43:25.450  6684 17741 W RcsProvisioning: 	at com.google.android.aidl.BaseStub.onTransact(SourceFile:18)
11-10 14:43:25.450  6684 17741 W RcsProvisioning: 	at android.os.Binder.execTransact(Binder.java:731)
11-10 14:43:25.450  6684 17741 D RcsProvisioning: Retrieving backup token
11-10 14:43:25.450  6684 17741 D RcsProvisioning: Exception while getting subscriber Id. Using default
11-10 14:43:25.396  1928  1928 V SettingsProvider: Notifying for 0: content://settings/system/accelerometer_rotation
11-10 14:43:25.462  1928  1944 W ActivityManager: Slow operation: 89ms so far, now at startProcess: returned from zygote!
11-10 14:43:25.465  1928  1944 W ActivityManager: Slow operation: 92ms so far, now at startProcess: done updating battery stats
11-10 14:43:25.465  1928  1944 W ActivityManager: Slow operation: 93ms so far, now at startProcess: building log message
11-10 14:43:25.465  1928  1944 I ActivityManager: Start proc 19604:com.android.gpstest/u0a122 for activity com.android.gpstest/.GpsTestActivity
11-10 14:43:25.466  1928  1944 W ActivityManager: Slow operation: 93ms so far, now at startProcess: starting to update pids map
11-10 14:43:25.466  1928  1944 W ActivityManager: Slow operation: 93ms so far, now at startProcess: done updating pids map
11-10 14:43:25.470 19604 19604 W android.gpstes: Unexpected CPU variant for X86 using defaults: x86
11-10 14:43:25.481 19604 19604 E android.gpstes: Not starting debugger since process cannot load the jdwp agent.
11-10 14:43:25.489  1770 19609 I zygote  : Background concurrent copying GC freed 6007(2MB) AllocSpace objects, 0(0B) LOS objects, 75% free, 975KB/3MB, paused 7.694ms total 19.699ms
11-10 14:43:25.551  6684 17741 D RcsProvisioning: No backup token found
11-10 14:43:25.560 19604 19604 I android.gpstes: The ClassLoaderContext is a special shared library.
11-10 14:43:25.579  4376  4376 I CarrierServices: [2] aww.a: Unbinding RcsMigrationService
11-10 14:43:25.581  1647  1693 D gralloc_ranchu: gralloc_alloc: Creating ashmem region of size 8298496
11-10 14:43:25.880  3205  3304 D EGL_emulation: eglMakeCurrent: 0xdd085780: ver 3 0 (tinfo 0xdd083510)
11-10 14:43:25.888  2156  2365 D EGL_emulation: eglMakeCurrent: 0xdaf4bd80: ver 3 0 (tinfo 0xdaf4f4a0)
11-10 14:43:25.892  6288  6403 D EGL_emulation: eglMakeCurrent: 0xbe169080: ver 3 0 (tinfo 0xbe167770)
11-10 14:43:25.898  2156  2365 D EGL_emulation: eglMakeCurrent: 0xdaf4bd80: ver 3 0 (tinfo 0xdaf4f4a0)
11-10 14:43:25.927 19604 19615 I android.gpstes: Background concurrent copying GC freed 3972(603KB) AllocSpace objects, 11(344KB) LOS objects, 49% free, 1810KB/3MB, paused 5.553ms total 92.698ms
11-10 14:43:25.947 19604 19604 D NavDrawerFragment: Using position from preferences = 0
11-10 14:43:25.948 19604 19604 D GpsTestActivity: Creating new GpsStatusFragment
11-10 14:43:26.043  1928  2290 I GnssLocationProvider: WakeLock acquired by sendMessage(REPORT_SV_STATUS, 0, com.android.server.location.GnssLocationProvider$SvStatusInfo@de9c690)
11-10 14:43:26.044  1928  1941 I GnssLocationProvider: WakeLock released by handleMessage(REPORT_SV_STATUS, 0, com.android.server.location.GnssLocationProvider$SvStatusInfo@de9c690)
11-10 14:43:26.090  1928  5788 I ActivityManager: START u0 {act=android.content.pm.action.REQUEST_PERMISSIONS pkg=com.google.android.packageinstaller cmp=com.google.android.packageinstaller/com.android.packageinstaller.permission.ui.GrantPermissionsActivity (has extras)} from uid 10122
11-10 14:43:26.127 19604 19604 D OpenGLRenderer: Skia GL Pipeline
11-10 14:43:26.136  1769  1809 E SurfaceFlinger: ro.sf.lcd_density must be defined as a build property
11-10 14:43:26.165 11649 11649 W ActivityThread: handleWindowVisibility: no activity for token android.os.BinderProxy@83f7680
11-10 14:43:26.297  1647  1693 D gralloc_ranchu: gralloc_alloc: Creating ashmem region of size 7659520
11-10 14:43:26.306  1647  1693 D gralloc_ranchu: gralloc_alloc: Creating ashmem region of size 7659520
11-10 14:43:26.316  1647  1841 D gralloc_ranchu: gralloc_alloc: Creating ashmem region of size 7659520
11-10 14:43:26.330 11649 11667 D EGL_emulation: eglMakeCurrent: 0xda42a1a0: ver 3 0 (tinfo 0xe32e5930)
11-10 14:43:26.349  1647  1841 D gralloc_ranchu: gralloc_alloc: Creating ashmem region of size 8298496
11-10 14:43:26.354 19604 19624 D HostConnection: HostConnection::get() New Host Connection established 0xca1e1490, tid 19624
11-10 14:43:26.357  1647  1693 D gralloc_ranchu: gralloc_alloc: Creating ashmem region of size 8298496
11-10 14:43:26.366  1647  1841 D gralloc_ranchu: gralloc_alloc: Creating ashmem region of size 8298496
11-10 14:43:26.397  1928  1950 I ActivityManager: Displayed com.google.android.packageinstaller/com.android.packageinstaller.permission.ui.GrantPermissionsActivity: +213ms (total +1s13ms)
11-10 14:43:26.405 19604 19624 D HostConnection: HostComposition ext ANDROID_EMU_CHECKSUM_HELPER_v1 ANDROID_EMU_native_sync_v2 ANDROID_EMU_native_sync_v3 ANDROID_EMU_native_sync_v4 ANDROID_EMU_dma_v1 ANDROID_EMU_YUV420_888_to_NV21 ANDROID_EMU_YUV_Cache ANDROID_EMU_async_unmap_buffer GL_OES_EGL_image_external_essl3 GL_OES_vertex_array_object GL_KHR_texture_compression_astc_ldr ANDROID_EMU_host_side_tracing ANDROID_EMU_gles_max_version_3_0 
11-10 14:43:26.416 14769 14769 I GoogleInputMethod: onFinishInput() : Dummy InputConnection bound
11-10 14:43:26.417 14769 14769 I GoogleInputMethod: onStartInput() : Dummy InputConnection bound
11-10 14:43:26.427 19604 19624 I ConfigStore: android::hardware::configstore::V1_0::ISurfaceFlingerConfigs::hasWideColorDisplay retrieved: 0
11-10 14:43:26.429 19604 19624 I ConfigStore: android::hardware::configstore::V1_0::ISurfaceFlingerConfigs::hasHDRDisplay retrieved: 0
11-10 14:43:26.429 19604 19624 I OpenGLRenderer: Initialized EGL, version 1.4
11-10 14:43:26.429 19604 19624 D OpenGLRenderer: Swap behavior 1
11-10 14:43:26.429 19604 19624 W OpenGLRenderer: Failed to choose config with EGL_SWAP_BEHAVIOR_PRESERVED, retrying without...
11-10 14:43:26.429 19604 19624 D OpenGLRenderer: Swap behavior 0
11-10 14:43:26.430 19604 19624 D eglCodecCommon: setVertexArrayObject: set vao to 0 (0) 0 0
11-10 14:43:26.430 19604 19624 D EGL_emulation: eglCreateContext: 0xca1b5580: maj 3 min 0 rcv 3
11-10 14:43:26.433 19604 19624 D EGL_emulation: eglMakeCurrent: 0xca1b5580: ver 3 0 (tinfo 0xdb658c80)
11-10 14:43:26.436  1769  1801 E SurfaceFlinger: ro.sf.lcd_density must be defined as a build property
11-10 14:43:26.447 11649 11667 D EGL_emulation: eglMakeCurrent: 0xda42a1a0: ver 3 0 (tinfo 0xe32e5930)
11-10 14:43:26.468  1647  1841 D gralloc_ranchu: gralloc_alloc: Creating ashmem region of size 7655424
11-10 14:43:26.495 11649 11667 D EGL_emulation: eglMakeCurrent: 0xda42a1a0: ver 3 0 (tinfo 0xe32e5930)
11-10 14:43:26.503  1647  1841 D gralloc_ranchu: gralloc_alloc: Creating ashmem region of size 7655424
11-10 14:43:26.538 19604 19624 D HostConnection: createUnique: call
11-10 14:43:26.538 19604 19624 D HostConnection: HostConnection::get() New Host Connection established 0xca1e31a0, tid 19624
11-10 14:43:26.546 19604 19624 D HostConnection: HostComposition ext ANDROID_EMU_CHECKSUM_HELPER_v1 ANDROID_EMU_native_sync_v2 ANDROID_EMU_native_sync_v3 ANDROID_EMU_native_sync_v4 ANDROID_EMU_dma_v1 ANDROID_EMU_YUV420_888_to_NV21 ANDROID_EMU_YUV_Cache ANDROID_EMU_async_unmap_buffer GL_OES_EGL_image_external_essl3 GL_OES_vertex_array_object GL_KHR_texture_compression_astc_ldr ANDROID_EMU_host_side_tracing ANDROID_EMU_gles_max_version_3_0 
11-10 14:43:26.547 19604 19624 E eglCodecCommon: GoldfishAddressSpaceHostMemoryAllocator: ioctl_ping failed for device_type=5, ret=-1
11-10 14:43:26.606 19604 19624 D EGL_emulation: eglMakeCurrent: 0xca1b5580: ver 3 0 (tinfo 0xdb658c80)
11-10 14:43:26.618  1769  1769 W SurfaceFlinger: couldn't log to binary event log: overflow.
11-10 14:43:26.631  3205  3238 I s.nexuslaunche: NativeAlloc concurrent copying GC freed 6383(356KB) AllocSpace objects, 1(88KB) LOS objects, 39% free, 9MB/15MB, paused 5.917ms total 39.234ms
11-10 14:43:26.638 19604 19624 D eglCodecCommon: setVertexArrayObject: set vao to 0 (0) 1 2
11-10 14:43:26.692  1928  2597 V BackupManagerConstants: getFullBackupRequiredNetworkType(...) returns 2
11-10 14:43:26.692  1928  2597 V BackupManagerConstants: getFullBackupRequireCharging(...) returns true
11-10 14:43:26.708  6288 15885 I PBSessionCacheImpl: (REDACTED) Deleted sessionId[%d] from persistence.
11-10 14:43:26.877  6288  6371 W SearchServiceCore: Abort, client detached.
11-10 14:43:26.878  6288  6371 I chatty  : uid=10041(com.google.android.googlequicksearchbox) EventBus0 identical 1 line
11-10 14:43:26.880  6288  6371 W SearchServiceCore: Abort, client detached.
11-10 14:43:26.883 19604 19615 I android.gpstes: Background concurrent copying GC freed 7781(614KB) AllocSpace objects, 5(164KB) LOS objects, 49% free, 3MB/6MB, paused 1.555ms total 129.825ms
11-10 14:43:26.956  1769  2048 W SurfaceFlinger: Attempting to set client state on removed layer: Splash Screen com.android.gpstest#0
11-10 14:43:26.957  1769  2048 W SurfaceFlinger: Attempting to destroy on removed layer: Splash Screen com.android.gpstest#0
11-10 14:43:27.046  1928  2290 I GnssLocationProvider: WakeLock acquired by sendMessage(REPORT_SV_STATUS, 0, com.android.server.location.GnssLocationProvider$SvStatusInfo@1dec25)
11-10 14:43:27.048  1928  1941 I GnssLocationProvider: WakeLock released by handleMessage(REPORT_SV_STATUS, 0, com.android.server.location.GnssLocationProvider$SvStatusInfo@1dec25)
11-10 14:43:27.893  1647  1841 D gralloc_ranchu: gralloc_alloc: Creating ashmem region of size 7655424
11-10 14:43:28.052  1928  2290 I GnssLocationProvider: WakeLock acquired by sendMessage(REPORT_SV_STATUS, 0, com.android.server.location.GnssLocationProvider$SvStatusInfo@44f01fa)
11-10 14:43:28.054  1928  1941 I GnssLocationProvider: WakeLock released by handleMessage(REPORT_SV_STATUS, 0, com.android.server.location.GnssLocationProvider$SvStatusInfo@44f01fa)
11-10 14:43:29.054  1928  2290 I GnssLocationProvider: WakeLock acquired by sendMessage(REPORT_SV_STATUS, 0, com.android.server.location.GnssLocationProvider$SvStatusInfo@99a33ab)
11-10 14:43:29.055  1928  1941 I GnssLocationProvider: WakeLock released by handleMessage(REPORT_SV_STATUS, 0, com.android.server.location.GnssLocationProvider$SvStatusInfo@99a33ab)
11-10 14:43:30.059  1928  2290 I GnssLocationProvider: WakeLock acquired by sendMessage(REPORT_SV_STATUS, 0, com.android.server.location.GnssLocationProvider$SvStatusInfo@f6625a1)
11-10 14:43:30.061  1928  1941 I GnssLocationProvider: WakeLock released by handleMessage(REPORT_SV_STATUS, 0, com.android.server.location.GnssLocationProvider$SvStatusInfo@f6625a1)
11-10 14:43:30.739 21517 21581 E A       : (REDACTED) Trace %s timed out after %d ms. Complete trace: %s
11-10 14:43:30.739 21517 21581 E A       : com.google.apps.tiktok.tracing.fb: 
11-10 14:43:30.739 21517 21581 E A       : 	at tk_trace.Get primary search account(Started After:1)
11-10 14:43:30.739 21517 21581 E A       : 	at tk_trace.ApaPinningManager#onReady(Started After)
11-10 14:43:30.739 21517 21581 E A       : 	at tk_trace.VoiceInteractionServiceLifecycleCallbacks#onReady(Started After:0)
11-10 14:43:30.739 21517 21581 E A       : 	at tk_trace.ApaVoiceInteractionService#onReady(Started After:0)
11-10 14:43:31.059  1928  2290 I GnssLocationProvider: WakeLock acquired by sendMessage(REPORT_SV_STATUS, 0, com.android.server.location.GnssLocationProvider$SvStatusInfo@8d7d652)
11-10 14:43:31.060  1928  1941 I GnssLocationProvider: WakeLock released by handleMessage(REPORT_SV_STATUS, 0, com.android.server.location.GnssLocationProvider$SvStatusInfo@8d7d652)
11-10 14:43:32.063  1928  2290 I GnssLocationProvider: WakeLock acquired by sendMessage(REPORT_SV_STATUS, 0, com.android.server.location.GnssLocationProvider$SvStatusInfo@c9f6d23)
11-10 14:43:32.065  1928  1941 I GnssLocationProvider: WakeLock released by handleMessage(REPORT_SV_STATUS, 0, com.android.server.location.GnssLocationProvider$SvStatusInfo@c9f6d23)
