07-01 12:13:46.418  1930  1943 I GnssLocationProvider: WakeLock released by handleMessage(REPORT_SV_STATUS, 0, com.android.server.location.GnssLocationProvider$SvStatusInfo@243f57d)
07-01 12:13:46.634  8341  8341 D AndroidRuntime: >>>>>> START com.android.internal.os.RuntimeInit uid 2000 <<<<<<
07-01 12:13:46.638  8341  8341 W app_process: Could not reserve sentinel fault page
07-01 12:13:46.685  8341  8341 W app_process: Unexpected CPU variant for X86 using defaults: x86
07-01 12:13:46.687  8341  8341 I app_process: The ClassLoaderContext is a special shared library.
07-01 12:13:46.693  8341  8341 W app_process: CheckJNI: method to register "write" not in the given class. This is slow, consider changing your RegisterNatives calls.
07-01 12:13:46.695  8341  8341 I chatty  : uid=2000(shell) main identical 42 lines
07-01 12:13:46.695  8341  8341 W app_process: CheckJNI: method to register "write" not in the given class. This is slow, consider changing your RegisterNatives calls.
07-01 12:13:46.695  8341  8341 W app_process: CheckJNI: method to register "write_non_chained" not in the given class. This is slow, consider changing your RegisterNatives calls.
07-01 12:13:46.695  8341  8341 I chatty  : uid=2000(shell) main identical 7 lines
07-01 12:13:46.695  8341  8341 W app_process: CheckJNI: method to register "write_non_chained" not in the given class. This is slow, consider changing your RegisterNatives calls.
07-01 12:13:46.711  8341  8341 D AndroidRuntime: Calling main entry com.android.commands.content.Content
07-01 12:13:46.720  1930  1930 V SettingsProvider: Notifying for 0: content://settings/system/accelerometer_rotation
07-01 12:13:46.720  8341  8341 D AndroidRuntime: Shutting down VM
07-01 12:13:46.846  8351  8351 D AndroidRuntime: >>>>>> START com.android.internal.os.RuntimeInit uid 2000 <<<<<<
07-01 12:13:46.884  8351  8351 W app_process: Unexpected CPU variant for X86 using defaults: x86
07-01 12:13:46.886  8351  8351 I app_process: The ClassLoaderContext is a special shared library.
07-01 12:13:46.893  8351  8351 W app_process: CheckJNI: method to register "write" not in the given class. This is slow, consider changing your RegisterNatives calls.
07-01 12:13:46.895  8351  8351 I chatty  : uid=2000(shell) main identical 42 lines
07-01 12:13:46.895  8351  8351 W app_process: CheckJNI: method to register "write" not in the given class. This is slow, consider changing your RegisterNatives calls.
07-01 12:13:46.895  8351  8351 W app_process: CheckJNI: method to register "write_non_chained" not in the given class. This is slow, consider changing your RegisterNatives calls.
07-01 12:13:46.895  8351  8351 I chatty  : uid=2000(shell) main identical 7 lines
07-01 12:13:46.895  8351  8351 W app_process: CheckJNI: method to register "write_non_chained" not in the given class. This is slow, consider changing your RegisterNatives calls.
07-01 12:13:46.907  8351  8351 D AndroidRuntime: Calling main entry com.android.commands.content.Content
07-01 12:13:46.915  1930  1930 V SettingsProvider: Notifying for 0: content://settings/system/user_rotation
07-01 12:13:46.916  8351  8351 D AndroidRuntime: Shutting down VM
07-01 12:13:46.997  3014  3014 I Conv2QueryExtension: isEnabled() : true
07-01 12:13:46.997  3014  3014 E AndroidIME: evo: Failed to dump cda
07-01 12:13:46.997  3014  3014 E AndroidIME: java.lang.NullPointerException: Attempt to invoke virtual method 'boolean cxn.a(android.content.Context, java.util.Locale)' on a null object reference
07-01 12:13:46.997  3014  3014 E AndroidIME: 	at com.google.android.apps.inputmethod.libs.search.nativecard.FeatureCardNoticeExtension.a(PG:132)
07-01 12:13:46.997  3014  3014 E AndroidIME: 	at cda.a(PG:352)
07-01 12:13:46.997  3014  3014 E AndroidIME: 	at evo.a(PG:20)
07-01 12:13:46.997  3014  3014 E AndroidIME: 	at bgm.a(PG:2502)
07-01 12:13:46.997  3014  3014 E AndroidIME: 	at com.android.inputmethod.latin.LatinIME.a(PG:573)
07-01 12:13:46.997  3014  3014 E AndroidIME: 	at bgm.dump(PG:2496)
07-01 12:13:46.997  3014  3014 E AndroidIME: 	at android.inputmethodservice.IInputMethodWrapper.executeMessage(IInputMethodWrapper.java:151)
07-01 12:13:46.997  3014  3014 E AndroidIME: 	at com.android.internal.os.HandlerCaller$MyHandler.handleMessage(HandlerCaller.java:37)
07-01 12:13:46.997  3014  3014 E AndroidIME: 	at android.os.Handler.dispatchMessage(Handler.java:106)
07-01 12:13:46.997  3014  3014 E AndroidIME: 	at android.os.Looper.loop(Looper.java:193)
07-01 12:13:46.997  3014  3014 E AndroidIME: 	at android.app.ActivityThread.main(ActivityThread.java:6669)
07-01 12:13:46.997  3014  3014 E AndroidIME: 	at java.lang.reflect.Method.invoke(Native Method)
07-01 12:13:46.997  3014  3014 E AndroidIME: 	at com.android.internal.os.RuntimeInit$MethodAndArgsCaller.run(RuntimeInit.java:493)
07-01 12:13:46.997  3014  3014 E AndroidIME: 	at com.android.internal.os.ZygoteInit.main(ZygoteInit.java:858)
07-01 12:13:47.421  1930  3617 I GnssLocationProvider: WakeLock acquired by sendMessage(REPORT_SV_STATUS, 0, com.android.server.location.GnssLocationProvider$SvStatusInfo@808bd3b)
07-01 12:13:47.422  1930  1943 I GnssLocationProvider: WakeLock released by handleMessage(REPORT_SV_STATUS, 0, com.android.server.location.GnssLocationProvider$SvStatusInfo@808bd3b)
07-01 12:13:47.820  8380  8380 D AndroidRuntime: >>>>>> START com.android.internal.os.RuntimeInit uid 2000 <<<<<<
07-01 12:13:47.879  8380  8380 W app_process: Unexpected CPU variant for X86 using defaults: x86
07-01 12:13:47.880  8380  8380 I app_process: The ClassLoaderContext is a special shared library.
07-01 12:13:47.880  8380  8380 I app_process: The ClassLoaderContext is a special shared library.
07-01 12:13:47.886  8380  8380 W app_process: CheckJNI: method to register "write" not in the given class. This is slow, consider changing your RegisterNatives calls.
07-01 12:13:47.888  8380  8380 I chatty  : uid=2000(shell) main identical 42 lines
07-01 12:13:47.888  8380  8380 W app_process: CheckJNI: method to register "write" not in the given class. This is slow, consider changing your RegisterNatives calls.
07-01 12:13:47.888  8380  8380 W app_process: CheckJNI: method to register "write_non_chained" not in the given class. This is slow, consider changing your RegisterNatives calls.
07-01 12:13:47.888  8380  8380 I chatty  : uid=2000(shell) main identical 7 lines
07-01 12:13:47.888  8380  8380 W app_process: CheckJNI: method to register "write_non_chained" not in the given class. This is slow, consider changing your RegisterNatives calls.
07-01 12:13:47.903  8380  8380 D AndroidRuntime: Calling main entry com.android.commands.uiautomator.Launcher
07-01 12:13:47.913  1930  1930 V SettingsProvider: Notifying for 0: content://settings/secure/accessibility_enabled
07-01 12:13:48.428  1930  3617 I GnssLocationProvider: WakeLock acquired by sendMessage(REPORT_SV_STATUS, 0, com.android.server.location.GnssLocationProvider$SvStatusInfo@5f84696)
07-01 12:13:48.430  1930  1943 I GnssLocationProvider: WakeLock released by handleMessage(REPORT_SV_STATUS, 0, com.android.server.location.GnssLocationProvider$SvStatusInfo@5f84696)
07-01 12:13:48.929  1930  8175 W WindowManager: removeWindowToken: Attempted to remove non-existing token: android.os.Binder@c02bc58
07-01 12:13:48.931  1930  1930 V SettingsProvider: Notifying for 0: content://settings/secure/accessibility_enabled
07-01 12:13:48.932  1930  1930 V SettingsProvider: Notifying for 0: content://settings/system/user_rotation
07-01 12:13:48.933  1930  1930 V SettingsProvider: Notifying for 0: content://settings/system/accelerometer_rotation
07-01 12:13:48.938  8380  8380 D AndroidRuntime: Shutting down VM
07-01 12:13:49.185  8398  8398 D AndroidRuntime: >>>>>> START com.android.internal.os.RuntimeInit uid 2000 <<<<<<
07-01 12:13:49.188  8398  8398 W app_process: Could not reserve sentinel fault page
07-01 12:13:49.227  8398  8398 W app_process: Unexpected CPU variant for X86 using defaults: x86
07-01 12:13:49.228  8398  8398 I app_process: The ClassLoaderContext is a special shared library.
07-01 12:13:49.229  8398  8398 I app_process: The ClassLoaderContext is a special shared library.
07-01 12:13:49.235  8398  8398 W app_process: CheckJNI: method to register "write" not in the given class. This is slow, consider changing your RegisterNatives calls.
07-01 12:13:49.236  8398  8398 I chatty  : uid=2000(shell) main identical 42 lines
07-01 12:13:49.236  8398  8398 W app_process: CheckJNI: method to register "write" not in the given class. This is slow, consider changing your RegisterNatives calls.
07-01 12:13:49.236  8398  8398 W app_process: CheckJNI: method to register "write_non_chained" not in the given class. This is slow, consider changing your RegisterNatives calls.
07-01 12:13:49.237  8398  8398 I chatty  : uid=2000(shell) main identical 7 lines
07-01 12:13:49.237  8398  8398 W app_process: CheckJNI: method to register "write_non_chained" not in the given class. This is slow, consider changing your RegisterNatives calls.
07-01 12:13:49.251  8398  8398 D AndroidRuntime: Calling main entry com.android.commands.uiautomator.Launcher
07-01 12:13:49.261  1930  1930 V SettingsProvider: Notifying for 0: content://settings/secure/accessibility_enabled
07-01 12:13:49.430  1930  3617 I GnssLocationProvider: WakeLock acquired by sendMessage(REPORT_SV_STATUS, 0, com.android.server.location.GnssLocationProvider$SvStatusInfo@26a3622)
07-01 12:13:49.431  1930  1943 I GnssLocationProvider: WakeLock released by handleMessage(REPORT_SV_STATUS, 0, com.android.server.location.GnssLocationProvider$SvStatusInfo@26a3622)
07-01 12:13:50.282  8398  8398 I AccessibilityNodeInfoDumper: Skipping invisible child: android.view.accessibility.AccessibilityNodeInfo@d24c; boundsInParent: Rect(0, 0 - 0, 126); boundsInScreen: Rect(231, 986 - 231, 1112); packageName: com.google.android.packageinstaller; className: android.widget.LinearLayout; text: null; error: null; maxTextLength: -1; contentDescription: null; tooltipText: null; viewIdResName: null; checkable: false; checked: false; focusable: false; focused: false; selected: false; clickable: false; longClickable: false; contextClickable: false; enabled: true; password: false; scrollable: false; importantForAccessibility: false; visible: false; actions: [AccessibilityAction: ACTION_SELECT - null, AccessibilityAction: ACTION_CLEAR_SELECTION - null, AccessibilityAction: ACTION_ACCESSIBILITY_FOCUS - null, AccessibilityAction: ACTION_SHOW_ON_SCREEN - null]
07-01 12:13:50.282  8398  8398 W AccessibilityNodeInfoDumper: Fetch time: 4ms
07-01 12:13:50.284  1930  1941 W WindowManager: removeWindowToken: Attempted to remove non-existing token: android.os.Binder@8134604
07-01 12:13:50.285  1930  1930 V SettingsProvider: Notifying for 0: content://settings/secure/accessibility_enabled
07-01 12:13:50.294  8398  8398 D AndroidRuntime: Shutting down VM
07-01 12:13:50.434  1930  3617 I GnssLocationProvider: WakeLock acquired by sendMessage(REPORT_SV_STATUS, 0, com.android.server.location.GnssLocationProvider$SvStatusInfo@b80be70)
07-01 12:13:50.434  1930  1943 I GnssLocationProvider: WakeLock released by handleMessage(REPORT_SV_STATUS, 0, com.android.server.location.GnssLocationProvider$SvStatusInfo@b80be70)
07-01 12:13:51.169  8425  8425 D AndroidRuntime: >>>>>> START com.android.internal.os.RuntimeInit uid 2000 <<<<<<
07-01 12:13:51.208  8425  8425 W app_process: Unexpected CPU variant for X86 using defaults: x86
07-01 12:13:51.210  8425  8425 I app_process: The ClassLoaderContext is a special shared library.
07-01 12:13:51.210  8425  8425 I app_process: The ClassLoaderContext is a special shared library.
07-01 12:13:51.216  8425  8425 W app_process: CheckJNI: method to register "write" not in the given class. This is slow, consider changing your RegisterNatives calls.
07-01 12:13:51.218  8425  8425 I chatty  : uid=2000(shell) main identical 42 lines
07-01 12:13:51.218  8425  8425 W app_process: CheckJNI: method to register "write" not in the given class. This is slow, consider changing your RegisterNatives calls.
07-01 12:13:51.218  8425  8425 W app_process: CheckJNI: method to register "write_non_chained" not in the given class. This is slow, consider changing your RegisterNatives calls.
07-01 12:13:51.219  8425  8425 I chatty  : uid=2000(shell) main identical 7 lines
07-01 12:13:51.219  8425  8425 W app_process: CheckJNI: method to register "write_non_chained" not in the given class. This is slow, consider changing your RegisterNatives calls.
07-01 12:13:51.231  8425  8425 D AndroidRuntime: Calling main entry com.android.commands.uiautomator.Launcher
07-01 12:13:51.438  1930  3617 I GnssLocationProvider: WakeLock acquired by sendMessage(REPORT_SV_STATUS, 0, com.android.server.location.GnssLocationProvider$SvStatusInfo@1950d0f)
07-01 12:13:51.439  1930  1943 I GnssLocationProvider: WakeLock released by handleMessage(REPORT_SV_STATUS, 0, com.android.server.location.GnssLocationProvider$SvStatusInfo@1950d0f)
07-01 12:13:52.255  8425  8425 I AccessibilityNodeInfoDumper: Skipping invisible child: android.view.accessibility.AccessibilityNodeInfo@d252; boundsInParent: Rect(0, 0 - 0, 126); boundsInScreen: Rect(231, 986 - 231, 1112); packageName: com.google.android.packageinstaller; className: android.widget.LinearLayout; text: null; error: null; maxTextLength: -1; contentDescription: null; tooltipText: null; viewIdResName: null; checkable: false; checked: false; focusable: false; focused: false; selected: false; clickable: false; longClickable: false; contextClickable: false; enabled: true; password: false; scrollable: false; importantForAccessibility: false; visible: false; actions: [AccessibilityAction: ACTION_SELECT - null, AccessibilityAction: ACTION_CLEAR_SELECTION - null, AccessibilityAction: ACTION_ACCESSIBILITY_FOCUS - null, AccessibilityAction: ACTION_SHOW_ON_SCREEN - null]
07-01 12:13:52.255  8425  8425 W AccessibilityNodeInfoDumper: Fetch time: 3ms
07-01 12:13:51.242  1930  1930 V SettingsProvider: Notifying for 0: content://settings/secure/accessibility_enabled
07-01 12:13:52.256  1930  8175 W WindowManager: removeWindowToken: Attempted to remove non-existing token: android.os.Binder@a7765e9
07-01 12:13:52.256  1930  1930 V SettingsProvider: Notifying for 0: content://settings/secure/accessibility_enabled
07-01 12:13:52.263  8425  8425 D AndroidRuntime: Shutting down VM
07-01 12:13:52.439  1930  3617 I GnssLocationProvider: WakeLock acquired by sendMessage(REPORT_SV_STATUS, 0, com.android.server.location.GnssLocationProvider$SvStatusInfo@55777a5)
07-01 12:13:52.439  1930  1943 I GnssLocationProvider: WakeLock released by handleMessage(REPORT_SV_STATUS, 0, com.android.server.location.GnssLocationProvider$SvStatusInfo@55777a5)
07-01 12:13:53.291  8459  8459 D AndroidRuntime: >>>>>> START com.android.internal.os.RuntimeInit uid 2000 <<<<<<
07-01 12:13:53.334  8459  8459 W app_process: Unexpected CPU variant for X86 using defaults: x86
07-01 12:13:53.336  8459  8459 I app_process: The ClassLoaderContext is a special shared library.
07-01 12:13:53.337  8459  8459 I app_process: The ClassLoaderContext is a special shared library.
07-01 12:13:53.344  8459  8459 W app_process: CheckJNI: method to register "write" not in the given class. This is slow, consider changing your RegisterNatives calls.
07-01 12:13:53.345  8459  8459 I chatty  : uid=2000(shell) main identical 42 lines
07-01 12:13:53.345  8459  8459 W app_process: CheckJNI: method to register "write" not in the given class. This is slow, consider changing your RegisterNatives calls.
07-01 12:13:53.345  8459  8459 W app_process: CheckJNI: method to register "write_non_chained" not in the given class. This is slow, consider changing your RegisterNatives calls.
07-01 12:13:53.346  8459  8459 I chatty  : uid=2000(shell) main identical 7 lines
07-01 12:13:53.346  8459  8459 W app_process: CheckJNI: method to register "write_non_chained" not in the given class. This is slow, consider changing your RegisterNatives calls.
07-01 12:13:53.370  8459  8459 D AndroidRuntime: Calling main entry com.android.commands.uiautomator.Launcher
07-01 12:13:53.441  1930  3617 I GnssLocationProvider: WakeLock acquired by sendMessage(REPORT_SV_STATUS, 0, com.android.server.location.GnssLocationProvider$SvStatusInfo@549eb88)
07-01 12:13:53.442  1930  1943 I GnssLocationProvider: WakeLock released by handleMessage(REPORT_SV_STATUS, 0, com.android.server.location.GnssLocationProvider$SvStatusInfo@549eb88)
07-01 12:13:53.389  1930  1930 V SettingsProvider: Notifying for 0: content://settings/secure/accessibility_enabled
07-01 12:13:54.398  1930  5035 W WindowManager: removeWindowToken: Attempted to remove non-existing token: android.os.Binder@b50677a
07-01 12:13:54.399  1930  1930 V SettingsProvider: Notifying for 0: content://settings/secure/accessibility_enabled
07-01 12:13:54.405  8459  8459 D AndroidRuntime: Shutting down VM
07-01 12:13:54.446  1930  3617 I GnssLocationProvider: WakeLock acquired by sendMessage(REPORT_SV_STATUS, 0, com.android.server.location.GnssLocationProvider$SvStatusInfo@2ed8146)
07-01 12:13:54.447  1930  1943 I GnssLocationProvider: WakeLock released by handleMessage(REPORT_SV_STATUS, 0, com.android.server.location.GnssLocationProvider$SvStatusInfo@2ed8146)
07-01 12:13:54.680  8480  8480 D AndroidRuntime: >>>>>> START com.android.internal.os.RuntimeInit uid 2000 <<<<<<
07-01 12:13:54.723  8480  8480 W app_process: Unexpected CPU variant for X86 using defaults: x86
07-01 12:13:54.724  8480  8480 I app_process: The ClassLoaderContext is a special shared library.
07-01 12:13:54.724  8480  8480 I app_process: The ClassLoaderContext is a special shared library.
07-01 12:13:54.731  8480  8480 W app_process: CheckJNI: method to register "write" not in the given class. This is slow, consider changing your RegisterNatives calls.
07-01 12:13:54.734  8480  8480 I chatty  : uid=2000(shell) main identical 42 lines
07-01 12:13:54.734  8480  8480 W app_process: CheckJNI: method to register "write" not in the given class. This is slow, consider changing your RegisterNatives calls.
07-01 12:13:54.734  8480  8480 W app_process: CheckJNI: method to register "write_non_chained" not in the given class. This is slow, consider changing your RegisterNatives calls.
07-01 12:13:54.734  8480  8480 I chatty  : uid=2000(shell) main identical 7 lines
07-01 12:13:54.734  8480  8480 W app_process: CheckJNI: method to register "write_non_chained" not in the given class. This is slow, consider changing your RegisterNatives calls.
07-01 12:13:54.747  8480  8480 D AndroidRuntime: Calling main entry com.android.commands.uiautomator.Launcher
07-01 12:13:55.451  1930  3617 I GnssLocationProvider: WakeLock acquired by sendMessage(REPORT_SV_STATUS, 0, com.android.server.location.GnssLocationProvider$SvStatusInfo@30df65d)
07-01 12:13:55.453  1930  1943 I GnssLocationProvider: WakeLock released by handleMessage(REPORT_SV_STATUS, 0, com.android.server.location.GnssLocationProvider$SvStatusInfo@30df65d)
07-01 12:13:55.771  8480  8480 I AccessibilityNodeInfoDumper: Skipping invisible child: android.view.accessibility.AccessibilityNodeInfo@d266; boundsInParent: Rect(0, 0 - 0, 126); boundsInScreen: Rect(231, 986 - 231, 1112); packageName: com.google.android.packageinstaller; className: android.widget.LinearLayout; text: null; error: null; maxTextLength: -1; contentDescription: null; tooltipText: null; viewIdResName: null; checkable: false; checked: false; focusable: false; focused: false; selected: false; clickable: false; longClickable: false; contextClickable: false; enabled: true; password: false; scrollable: false; importantForAccessibility: false; visible: false; actions: [AccessibilityAction: ACTION_SELECT - null, AccessibilityAction: ACTION_CLEAR_SELECTION - null, AccessibilityAction: ACTION_ACCESSIBILITY_FOCUS - null, AccessibilityAction: ACTION_SHOW_ON_SCREEN - null]
07-01 12:13:55.772  8480  8480 W AccessibilityNodeInfoDumper: Fetch time: 4ms
07-01 12:13:54.757  1930  1930 V SettingsProvider: Notifying for 0: content://settings/secure/accessibility_enabled
07-01 12:13:55.773  1930  8175 W WindowManager: removeWindowToken: Attempted to remove non-existing token: android.os.Binder@ea78f07
07-01 12:13:55.774  1930  1930 V SettingsProvider: Notifying for 0: content://settings/secure/accessibility_enabled
07-01 12:13:55.790  8480  8480 D AndroidRuntime: Shutting down VM
07-01 12:13:55.913  1773  1817 E SurfaceFlinger: ro.sf.lcd_density must be defined as a build property
07-01 12:13:55.914  1646  2364 D gralloc_ranchu: gralloc_alloc: Creating ashmem region of size 8298496
07-01 12:13:55.936  8493  8493 D HostConnection: createUnique: call
07-01 12:13:55.936  8493  8493 D HostConnection: HostConnection::get() New Host Connection established 0xe5e20b90, tid 8493
07-01 12:13:55.940  8493  8493 D HostConnection: HostComposition ext ANDROID_EMU_CHECKSUM_HELPER_v1 ANDROID_EMU_native_sync_v2 ANDROID_EMU_native_sync_v3 ANDROID_EMU_native_sync_v4 ANDROID_EMU_dma_v1 ANDROID_EMU_YUV420_888_to_NV21 ANDROID_EMU_YUV_Cache ANDROID_EMU_async_unmap_buffer GL_OES_EGL_image_external_essl3 GL_OES_vertex_array_object GL_KHR_texture_compression_astc_ldr ANDROID_EMU_host_side_tracing ANDROID_EMU_gles_max_version_3_0 
07-01 12:13:55.940  8493  8493 E eglCodecCommon: GoldfishAddressSpaceHostMemoryAllocator: ioctl_ping failed for device_type=5, ret=-1
07-01 12:13:56.074  7740  7740 D MediaScannerReceiver: action: android.intent.action.MEDIA_SCANNER_SCAN_FILE path: /storage/emulated/0/screen.png
07-01 12:13:56.079  1930  1943 E memtrack: Couldn't load memtrack module
07-01 12:13:56.079  1930  1943 W android.os.Debug: failed to get memory consumption info: -1
07-01 12:13:56.455  1930  3617 I GnssLocationProvider: WakeLock acquired by sendMessage(REPORT_SV_STATUS, 0, com.android.server.location.GnssLocationProvider$SvStatusInfo@4c5731e)
07-01 12:13:56.457  1930  1943 I GnssLocationProvider: WakeLock released by handleMessage(REPORT_SV_STATUS, 0, com.android.server.location.GnssLocationProvider$SvStatusInfo@4c5731e)
07-01 12:13:57.461  1930  3617 I GnssLocationProvider: WakeLock acquired by sendMessage(REPORT_SV_STATUS, 0, com.android.server.location.GnssLocationProvider$SvStatusInfo@85957ff)
07-01 12:13:57.463  1930  1943 I GnssLocationProvider: WakeLock released by handleMessage(REPORT_SV_STATUS, 0, com.android.server.location.GnssLocationProvider$SvStatusInfo@85957ff)
07-01 12:13:57.693  1880  1880 E netmgr  : Failed to open QEMU pipe 'qemud:network': Invalid argument
07-01 12:13:57.694  1880  1880 E netmgr  : WifiForwarder unable to open QEMU pipe: Invalid argument
07-01 12:13:58.252  8505  8505 D AndroidRuntime: >>>>>> START com.android.internal.os.RuntimeInit uid 2000 <<<<<<
07-01 12:13:58.291  8505  8505 W app_process: Unexpected CPU variant for X86 using defaults: x86
07-01 12:13:58.292  8505  8505 I app_process: The ClassLoaderContext is a special shared library.
07-01 12:13:58.293  8505  8505 I app_process: The ClassLoaderContext is a special shared library.
07-01 12:13:58.300  8505  8505 W app_process: CheckJNI: method to register "write" not in the given class. This is slow, consider changing your RegisterNatives calls.
07-01 12:13:58.301  8505  8505 I chatty  : uid=2000(shell) main identical 42 lines
07-01 12:13:58.301  8505  8505 W app_process: CheckJNI: method to register "write" not in the given class. This is slow, consider changing your RegisterNatives calls.
07-01 12:13:58.301  8505  8505 W app_process: CheckJNI: method to register "write_non_chained" not in the given class. This is slow, consider changing your RegisterNatives calls.
07-01 12:13:58.302  8505  8505 I chatty  : uid=2000(shell) main identical 7 lines
07-01 12:13:58.302  8505  8505 W app_process: CheckJNI: method to register "write_non_chained" not in the given class. This is slow, consider changing your RegisterNatives calls.
07-01 12:13:58.316  8505  8505 D AndroidRuntime: Calling main entry com.android.commands.uiautomator.Launcher
07-01 12:13:58.464  1930  3617 I GnssLocationProvider: WakeLock acquired by sendMessage(REPORT_SV_STATUS, 0, com.android.server.location.GnssLocationProvider$SvStatusInfo@251a32a)
07-01 12:13:58.466  1930  1943 I GnssLocationProvider: WakeLock released by handleMessage(REPORT_SV_STATUS, 0, com.android.server.location.GnssLocationProvider$SvStatusInfo@251a32a)
07-01 12:13:59.343  8505  8505 I AccessibilityNodeInfoDumper: Skipping invisible child: android.view.accessibility.AccessibilityNodeInfo@d26b; boundsInParent: Rect(0, 0 - 0, 126); boundsInScreen: Rect(231, 986 - 231, 1112); packageName: com.google.android.packageinstaller; className: android.widget.LinearLayout; text: null; error: null; maxTextLength: -1; contentDescription: null; tooltipText: null; viewIdResName: null; checkable: false; checked: false; focusable: false; focused: false; selected: false; clickable: false; longClickable: false; contextClickable: false; enabled: true; password: false; scrollable: false; importantForAccessibility: false; visible: false; actions: [AccessibilityAction: ACTION_SELECT - null, AccessibilityAction: ACTION_CLEAR_SELECTION - null, AccessibilityAction: ACTION_ACCESSIBILITY_FOCUS - null, AccessibilityAction: ACTION_SHOW_ON_SCREEN - null]
07-01 12:13:59.343  8505  8505 W AccessibilityNodeInfoDumper: Fetch time: 4ms
07-01 12:13:58.325  1930  1930 V SettingsProvider: Notifying for 0: content://settings/secure/accessibility_enabled
07-01 12:13:59.344  1930  5035 W WindowManager: removeWindowToken: Attempted to remove non-existing token: android.os.Binder@51459cc
07-01 12:13:59.345  1930  1930 V SettingsProvider: Notifying for 0: content://settings/secure/accessibility_enabled
07-01 12:13:59.349  1797  1800 D hwcomposer: hw_composer sent 90 syncs in 60s
07-01 12:13:59.352  8505  8505 D AndroidRuntime: Shutting down VM
07-01 12:13:59.464  1930  3617 I GnssLocationProvider: WakeLock acquired by sendMessage(REPORT_SV_STATUS, 0, com.android.server.location.GnssLocationProvider$SvStatusInfo@81346b8)
07-01 12:13:59.466  1930  1943 I GnssLocationProvider: WakeLock released by handleMessage(REPORT_SV_STATUS, 0, com.android.server.location.GnssLocationProvider$SvStatusInfo@81346b8)
07-01 12:13:59.984  1786  1861 E storaged: getDiskStats failed with result NOT_SUPPORTED and size 0
07-01 12:14:00.004  1930  1943 E memtrack: Couldn't load memtrack module
07-01 12:14:00.004  1930  1943 W android.os.Debug: failed to get memory consumption info: -1
07-01 12:14:00.018  2082  2320 D EGL_emulation: eglMakeCurrent: 0xe2205480: ver 3 0 (tinfo 0xe22035a0)
07-01 12:14:00.469  1930  3617 I GnssLocationProvider: WakeLock acquired by sendMessage(REPORT_SV_STATUS, 0, com.android.server.location.GnssLocationProvider$SvStatusInfo@cbec7f6)
07-01 12:14:00.470  1930  1943 I GnssLocationProvider: WakeLock released by handleMessage(REPORT_SV_STATUS, 0, com.android.server.location.GnssLocationProvider$SvStatusInfo@cbec7f6)
07-01 12:14:01.469  1930  3617 I GnssLocationProvider: WakeLock acquired by sendMessage(REPORT_SV_STATUS, 0, com.android.server.location.GnssLocationProvider$SvStatusInfo@c6c47f7)
07-01 12:14:01.470  1930  1943 I GnssLocationProvider: WakeLock released by handleMessage(REPORT_SV_STATUS, 0, com.android.server.location.GnssLocationProvider$SvStatusInfo@c6c47f7)
07-01 12:14:01.575  8523  8523 D AndroidRuntime: >>>>>> START com.android.internal.os.RuntimeInit uid 2000 <<<<<<
07-01 12:14:01.613  8523  8523 W app_process: Unexpected CPU variant for X86 using defaults: x86
07-01 12:14:01.614  8523  8523 I app_process: The ClassLoaderContext is a special shared library.
07-01 12:14:01.615  8523  8523 I app_process: The ClassLoaderContext is a special shared library.
07-01 12:14:01.622  8523  8523 W app_process: CheckJNI: method to register "write" not in the given class. This is slow, consider changing your RegisterNatives calls.
07-01 12:14:01.624  8523  8523 I chatty  : uid=2000(shell) main identical 42 lines
07-01 12:14:01.624  8523  8523 W app_process: CheckJNI: method to register "write" not in the given class. This is slow, consider changing your RegisterNatives calls.
07-01 12:14:01.624  8523  8523 W app_process: CheckJNI: method to register "write_non_chained" not in the given class. This is slow, consider changing your RegisterNatives calls.
07-01 12:14:01.624  8523  8523 I chatty  : uid=2000(shell) main identical 7 lines
07-01 12:14:01.624  8523  8523 W app_process: CheckJNI: method to register "write_non_chained" not in the given class. This is slow, consider changing your RegisterNatives calls.
07-01 12:14:01.637  8523  8523 D AndroidRuntime: Calling main entry com.android.commands.uiautomator.Launcher
07-01 12:14:01.647  1930  1930 V SettingsProvider: Notifying for 0: content://settings/secure/accessibility_enabled
07-01 12:14:02.474  1930  3617 I GnssLocationProvider: WakeLock acquired by sendMessage(REPORT_SV_STATUS, 0, com.android.server.location.GnssLocationProvider$SvStatusInfo@8076d82)
07-01 12:14:02.475  1930  1943 I GnssLocationProvider: WakeLock released by handleMessage(REPORT_SV_STATUS, 0, com.android.server.location.GnssLocationProvider$SvStatusInfo@8076d82)
07-01 12:14:02.563  3739  7990 W GmsLocationProvider: Error removing location updates: 16
07-01 12:14:02.659  8523  8523 I AccessibilityNodeInfoDumper: Skipping invisible child: android.view.accessibility.AccessibilityNodeInfo@d272; boundsInParent: Rect(0, 0 - 0, 126); boundsInScreen: Rect(231, 986 - 231, 1112); packageName: com.google.android.packageinstaller; className: android.widget.LinearLayout; text: null; error: null; maxTextLength: -1; contentDescription: null; tooltipText: null; viewIdResName: null; checkable: false; checked: false; focusable: false; focused: false; selected: false; clickable: false; longClickable: false; contextClickable: false; enabled: true; password: false; scrollable: false; importantForAccessibility: false; visible: false; actions: [AccessibilityAction: ACTION_SELECT - null, AccessibilityAction: ACTION_CLEAR_SELECTION - null, AccessibilityAction: ACTION_ACCESSIBILITY_FOCUS - null, AccessibilityAction: ACTION_SHOW_ON_SCREEN - null]
07-01 12:14:02.660  8523  8523 W AccessibilityNodeInfoDumper: Fetch time: 3ms
07-01 12:14:02.661  1930  5035 W WindowManager: removeWindowToken: Attempted to remove non-existing token: android.os.Binder@8121664
07-01 12:14:02.663  1930  1930 V SettingsProvider: Notifying for 0: content://settings/secure/accessibility_enabled
07-01 12:14:02.667  8523  8523 D AndroidRuntime: Shutting down VM
07-01 12:14:02.893  8541  8541 D AndroidRuntime: >>>>>> START com.android.internal.os.RuntimeInit uid 2000 <<<<<<
07-01 12:14:02.941  8541  8541 W app_process: Unexpected CPU variant for X86 using defaults: x86
07-01 12:14:02.942  8541  8541 I app_process: The ClassLoaderContext is a special shared library.
07-01 12:14:02.943  8541  8541 I app_process: The ClassLoaderContext is a special shared library.
07-01 12:14:02.954  8541  8541 W app_process: CheckJNI: method to register "write" not in the given class. This is slow, consider changing your RegisterNatives calls.
07-01 12:14:02.955  8541  8541 I chatty  : uid=2000(shell) main identical 42 lines
07-01 12:14:02.956  8541  8541 W app_process: CheckJNI: method to register "write" not in the given class. This is slow, consider changing your RegisterNatives calls.
07-01 12:14:02.956  8541  8541 W app_process: CheckJNI: method to register "write_non_chained" not in the given class. This is slow, consider changing your RegisterNatives calls.
07-01 12:14:02.956  8541  8541 I chatty  : uid=2000(shell) main identical 7 lines
07-01 12:14:02.956  8541  8541 W app_process: CheckJNI: method to register "write_non_chained" not in the given class. This is slow, consider changing your RegisterNatives calls.
07-01 12:14:02.974  8541  8541 D AndroidRuntime: Calling main entry com.android.commands.uiautomator.Launcher
07-01 12:14:03.476  1930  3617 I GnssLocationProvider: WakeLock acquired by sendMessage(REPORT_SV_STATUS, 0, com.android.server.location.GnssLocationProvider$SvStatusInfo@b42dfce)
07-01 12:14:03.478  1930  1943 I GnssLocationProvider: WakeLock released by handleMessage(REPORT_SV_STATUS, 0, com.android.server.location.GnssLocationProvider$SvStatusInfo@b42dfce)
07-01 12:14:04.002  8541  8541 I AccessibilityNodeInfoDumper: Skipping invisible child: android.view.accessibility.AccessibilityNodeInfo@d279; boundsInParent: Rect(0, 0 - 0, 126); boundsInScreen: Rect(231, 986 - 231, 1112); packageName: com.google.android.packageinstaller; className: android.widget.LinearLayout; text: null; error: null; maxTextLength: -1; contentDescription: null; tooltipText: null; viewIdResName: null; checkable: false; checked: false; focusable: false; focused: false; selected: false; clickable: false; longClickable: false; contextClickable: false; enabled: true; password: false; scrollable: false; importantForAccessibility: false; visible: false; actions: [AccessibilityAction: ACTION_SELECT - null, AccessibilityAction: ACTION_CLEAR_SELECTION - null, AccessibilityAction: ACTION_ACCESSIBILITY_FOCUS - null, AccessibilityAction: ACTION_SHOW_ON_SCREEN - null]
07-01 12:14:04.002  8541  8541 W AccessibilityNodeInfoDumper: Fetch time: 3ms
07-01 12:14:02.989  1930  1930 V SettingsProvider: Notifying for 0: content://settings/secure/accessibility_enabled
07-01 12:14:04.003  1930  1941 W WindowManager: removeWindowToken: Attempted to remove non-existing token: android.os.Binder@70c34d0
07-01 12:14:04.004  1930  1930 V SettingsProvider: Notifying for 0: content://settings/secure/accessibility_enabled
07-01 12:14:04.011  8541  8541 D AndroidRuntime: Shutting down VM
07-01 12:14:04.217  1930  1948 E BatteryExternalStatsWorker: no controller energy info supplied for wifi
07-01 12:14:04.263  8560  8560 D AndroidRuntime: >>>>>> START com.android.internal.os.RuntimeInit uid 2000 <<<<<<
07-01 12:14:04.302  8560  8560 W app_process: Unexpected CPU variant for X86 using defaults: x86
07-01 12:14:04.303  8560  8560 I app_process: The ClassLoaderContext is a special shared library.
07-01 12:14:04.304  8560  8560 I app_process: The ClassLoaderContext is a special shared library.
07-01 12:14:04.311  8560  8560 W app_process: CheckJNI: method to register "write" not in the given class. This is slow, consider changing your RegisterNatives calls.
07-01 12:14:04.313  8560  8560 I chatty  : uid=2000(shell) main identical 42 lines
07-01 12:14:04.313  8560  8560 W app_process: CheckJNI: method to register "write" not in the given class. This is slow, consider changing your RegisterNatives calls.
07-01 12:14:04.313  8560  8560 W app_process: CheckJNI: method to register "write_non_chained" not in the given class. This is slow, consider changing your RegisterNatives calls.
07-01 12:14:04.313  8560  8560 I chatty  : uid=2000(shell) main identical 7 lines
07-01 12:14:04.313  8560  8560 W app_process: CheckJNI: method to register "write_non_chained" not in the given class. This is slow, consider changing your RegisterNatives calls.
07-01 12:14:04.326  8560  8560 D AndroidRuntime: Calling main entry com.android.commands.uiautomator.Launcher
07-01 12:14:04.337  1930  1930 V SettingsProvider: Notifying for 0: content://settings/secure/accessibility_enabled
07-01 12:14:04.480  1930  3617 I GnssLocationProvider: WakeLock acquired by sendMessage(REPORT_SV_STATUS, 0, com.android.server.location.GnssLocationProvider$SvStatusInfo@5b12ada)
07-01 12:14:04.481  1930  1943 I GnssLocationProvider: WakeLock released by handleMessage(REPORT_SV_STATUS, 0, com.android.server.location.GnssLocationProvider$SvStatusInfo@5b12ada)
07-01 12:14:05.352  8560  8560 I AccessibilityNodeInfoDumper: Skipping invisible child: android.view.accessibility.AccessibilityNodeInfo@d281; boundsInParent: Rect(0, 0 - 0, 126); boundsInScreen: Rect(231, 986 - 231, 1112); packageName: com.google.android.packageinstaller; className: android.widget.LinearLayout; text: null; error: null; maxTextLength: -1; contentDescription: null; tooltipText: null; viewIdResName: null; checkable: false; checked: false; focusable: false; focused: false; selected: false; clickable: false; longClickable: false; contextClickable: false; enabled: true; password: false; scrollable: false; importantForAccessibility: false; visible: false; actions: [AccessibilityAction: ACTION_SELECT - null, AccessibilityAction: ACTION_CLEAR_SELECTION - null, AccessibilityAction: ACTION_ACCESSIBILITY_FOCUS - null, AccessibilityAction: ACTION_SHOW_ON_SCREEN - null]
07-01 12:14:05.352  8560  8560 W AccessibilityNodeInfoDumper: Fetch time: 3ms
07-01 12:14:05.353  1930  2299 W WindowManager: removeWindowToken: Attempted to remove non-existing token: android.os.Binder@947cdfc
07-01 12:14:05.354  1930  1930 V SettingsProvider: Notifying for 0: content://settings/secure/accessibility_enabled
07-01 12:14:05.359  8560  8560 D AndroidRuntime: Shutting down VM
07-01 12:14:05.484  1930  3617 I GnssLocationProvider: WakeLock acquired by sendMessage(REPORT_SV_STATUS, 0, com.android.server.location.GnssLocationProvider$SvStatusInfo@f41cde8)
07-01 12:14:05.484  1930  1943 I GnssLocationProvider: WakeLock released by handleMessage(REPORT_SV_STATUS, 0, com.android.server.location.GnssLocationProvider$SvStatusInfo@f41cde8)
07-01 12:14:05.592  8579  8579 D AndroidRuntime: >>>>>> START com.android.internal.os.RuntimeInit uid 2000 <<<<<<
07-01 12:14:05.632  8579  8579 W app_process: Unexpected CPU variant for X86 using defaults: x86
07-01 12:14:05.634  8579  8579 I app_process: The ClassLoaderContext is a special shared library.
07-01 12:14:05.641  8579  8579 W app_process: CheckJNI: method to register "write" not in the given class. This is slow, consider changing your RegisterNatives calls.
07-01 12:14:05.642  8579  8579 I chatty  : uid=2000(shell) main identical 42 lines
07-01 12:14:05.642  8579  8579 W app_process: CheckJNI: method to register "write" not in the given class. This is slow, consider changing your RegisterNatives calls.
07-01 12:14:05.642  8579  8579 W app_process: CheckJNI: method to register "write_non_chained" not in the given class. This is slow, consider changing your RegisterNatives calls.
07-01 12:14:05.643  8579  8579 I chatty  : uid=2000(shell) com.android.commands.monkey identical 7 lines
07-01 12:14:05.643  8579  8579 W app_process: CheckJNI: method to register "write_non_chained" not in the given class. This is slow, consider changing your RegisterNatives calls.
07-01 12:14:05.656  8579  8579 D AndroidRuntime: Calling main entry com.android.commands.monkey.Monkey
07-01 12:14:05.660  8579  8579 W Monkey  : args: [-p, com.android.gpstest, -c, android.intent.category.LAUNCHER, 1]
07-01 12:14:05.661  8579  8579 W Monkey  :  arg: "-p"
07-01 12:14:05.661  8579  8579 W Monkey  :  arg: "com.android.gpstest"
07-01 12:14:05.661  8579  8579 W Monkey  :  arg: "-c"
07-01 12:14:05.661  8579  8579 W Monkey  :  arg: "android.intent.category.LAUNCHER"
07-01 12:14:05.661  8579  8579 W Monkey  :  arg: "1"
07-01 12:14:05.661  8579  8579 W Monkey  : data="com.android.gpstest"
07-01 12:14:05.661  8579  8579 W Monkey  : data="android.intent.category.LAUNCHER"
07-01 12:14:05.675  1930  1944 W BroadcastQueue: Skipping deliver [background] BroadcastRecord{e091ce7 u-1 android.net.conn.CONNECTIVITY_CHANGE} to ReceiverList{259e094 8579 (unknown name)/2000/u-1 remote:5318c01}: process gone or crashing
07-01 12:14:05.689  1930  5708 I ActivityManager: START u0 {act=android.intent.action.MAIN cat=[android.intent.category.LAUNCHER] flg=0x10200000 cmp=com.android.gpstest/.GpsTestActivity} from uid 2000
07-01 12:14:05.689  1930  5708 W Binder  : Outgoing transactions from this process must be FLAG_ONEWAY
07-01 12:14:05.689  1930  5708 W Binder  : java.lang.Throwable
07-01 12:14:05.689  1930  5708 W Binder  : 	at android.os.BinderProxy.transact(Binder.java:1114)
07-01 12:14:05.689  1930  5708 W Binder  : 	at android.app.IActivityController$Stub$Proxy.activityStarting(IActivityController.java:176)
07-01 12:14:05.689  1930  5708 W Binder  : 	at com.android.server.am.ActivityStarter.startActivity(ActivityStarter.java:737)
07-01 12:14:05.689  1930  5708 W Binder  : 	at com.android.server.am.ActivityStarter.startActivity(ActivityStarter.java:544)
07-01 12:14:05.689  1930  5708 W Binder  : 	at com.android.server.am.ActivityStarter.startActivityMayWait(ActivityStarter.java:1099)
07-01 12:14:05.689  1930  5708 W Binder  : 	at com.android.server.am.ActivityStarter.execute(ActivityStarter.java:486)
07-01 12:14:05.689  1930  5708 W Binder  : 	at com.android.server.am.ActivityManagerService.startActivityAsUser(ActivityManagerService.java:5120)
07-01 12:14:05.689  1930  5708 W Binder  : 	at com.android.server.am.ActivityManagerService.startActivityAsUser(ActivityManagerService.java:5094)
07-01 12:14:05.689  1930  5708 W Binder  : 	at com.android.server.am.ActivityManagerService.startActivity(ActivityManagerService.java:5085)
07-01 12:14:05.689  1930  5708 W Binder  : 	at android.app.IActivityManager$Stub.onTransact$startActivity$(IActivityManager.java:10084)
07-01 12:14:05.689  1930  5708 W Binder  : 	at android.app.IActivityManager$Stub.onTransact(IActivityManager.java:122)
07-01 12:14:05.689  1930  5708 W Binder  : 	at com.android.server.am.ActivityManagerService.onTransact(ActivityManagerService.java:3291)
07-01 12:14:05.689  1930  5708 W Binder  : 	at android.os.Binder.execTransact(Binder.java:731)
07-01 12:14:05.696  8579  8579 I Monkey  : Events injected: 1
07-01 12:14:05.712  1930  1930 V SettingsProvider: Notifying for 0: content://settings/system/accelerometer_rotation
07-01 12:14:05.712  8579  8579 I Monkey  : ## Network stats: elapsed time=12ms (0ms mobile, 0ms wifi, 12ms not connected)
07-01 12:14:05.712  8301  8301 W Activity: Can request only one set of permissions at a time
07-01 12:14:05.713  8579  8579 I app_process: System.exit called, status: 0
07-01 12:14:05.713  8579  8579 I AndroidRuntime: VM exiting with result code 0.
07-01 12:14:05.784  3014  3014 I GoogleInputMethod: onFinishInput() : Dummy InputConnection bound
07-01 12:14:05.785  3014  3014 I GoogleInputMethod: onStartInput() : Dummy InputConnection bound
07-01 12:14:05.800  1773  1773 D SurfaceFlinger: duplicate layer name: changing com.android.gpstest/com.android.gpstest.GpsTestActivity to com.android.gpstest/com.android.gpstest.GpsTestActivity#1
07-01 12:14:05.803  1646  2364 D gralloc_ranchu: gralloc_alloc: Creating ashmem region of size 3543040
07-01 12:14:05.809  1646  1646 D gralloc_ranchu: gralloc_alloc: Creating ashmem region of size 3543040
07-01 12:14:05.812  1646  2364 D gralloc_ranchu: gralloc_alloc: Creating ashmem region of size 3543040
07-01 12:14:05.825  8301  8327 D EGL_emulation: eglMakeCurrent: 0xdf5aa260: ver 3 0 (tinfo 0xe83b1f70)
07-01 12:14:05.836  1773  1773 D SurfaceFlinger: duplicate layer name: changing Dim Layer for - Task=8 to Dim Layer for - Task=8#1
07-01 12:14:05.882  8301  8327 D EGL_emulation: eglMakeCurrent: 0xdf5aa260: ver 3 0 (tinfo 0xe83b1f70)
07-01 12:14:05.885  1930  5708 I ActivityManager: Killing 7765:com.google.android.apps.photos/u0a56 (adj 906): empty #17
07-01 12:14:05.886  1930  1947 W libprocessgroup: kill(-7765, 9) failed: No such process
07-01 12:14:05.886  7513  7530 D EGL_emulation: eglMakeCurrent: 0xdf5d0b00: ver 3 0 (tinfo 0xe01fb380)
07-01 12:14:05.931  1930  1947 W libprocessgroup: kill(-7765, 9) failed: No such process
07-01 12:14:05.937  1774  1774 I Zygote  : Process 7765 exited due to signal (9)
07-01 12:14:05.971  1930  1947 W libprocessgroup: kill(-7765, 9) failed: No such process
07-01 12:14:05.971  1930  1947 I libprocessgroup: Successfully killed process cgroup uid 10056 pid 7765 in 85ms
07-01 12:14:06.066  1773  1812 W SurfaceFlinger: Attempting to set client state on removed layer: com.google.android.packageinstaller/com.android.packageinstaller.permission.ui.GrantPermissionsActivity#0
07-01 12:14:06.066  1773  1812 W SurfaceFlinger: Attempting to destroy on removed layer: com.google.android.packageinstaller/com.android.packageinstaller.permission.ui.GrantPermissionsActivity#0
07-01 12:14:06.078  1773  1773 W SurfaceFlinger: couldn't log to binary event log: overflow.
07-01 12:14:06.269  8592  8592 W oid.apps.photo: Unexpected CPU variant for X86 using defaults: x86
07-01 12:14:06.272  1930  1946 I ActivityManager: Start proc 8592:com.google.android.apps.photos/u0a56 for service com.google.android.apps.photos/com.google.android.libraries.social.mediamonitor.MediaMonitorJobSchedulerService
07-01 12:14:06.274  8592  8592 E oid.apps.photo: Not starting debugger since process cannot load the jdwp agent.
07-01 12:14:06.300  8592  8592 I oid.apps.photo: The ClassLoaderContext is a special shared library.
07-01 12:14:06.429  8592  8595 I oid.apps.photo: Method exceeds compiler instruction limit: 17312 in void gen_binder.root.RootModule$Generated.a(android.content.Context, java.lang.Class, java.lang.Object, aeac)
07-01 12:14:06.487  1930  3617 I GnssLocationProvider: WakeLock acquired by sendMessage(REPORT_SV_STATUS, 0, com.android.server.location.GnssLocationProvider$SvStatusInfo@6440a8e)
07-01 12:14:06.488  1930  1943 I GnssLocationProvider: WakeLock released by handleMessage(REPORT_SV_STATUS, 0, com.android.server.location.GnssLocationProvider$SvStatusInfo@6440a8e)
07-01 12:14:06.578  8592  8623 W native  : commandlineflags.cc:1511 Ignoring RegisterValidateFunction() for flag pointer 0xcc76d914: no flag found at that address
07-01 12:14:06.666  8592  8623 W native  : jpeg_io.cc:108 File's first two bytes does not match the sequence 216
07-01 12:14:07.384  8301  8327 D EGL_emulation: eglMakeCurrent: 0xdf5aa260: ver 3 0 (tinfo 0xe83b1f70)
07-01 12:14:07.489  1930  3617 I GnssLocationProvider: WakeLock acquired by sendMessage(REPORT_SV_STATUS, 0, com.android.server.location.GnssLocationProvider$SvStatusInfo@c270acb)
07-01 12:14:07.490  1930  1943 I GnssLocationProvider: WakeLock released by handleMessage(REPORT_SV_STATUS, 0, com.android.server.location.GnssLocationProvider$SvStatusInfo@c270acb)
07-01 12:14:08.492  1930  3617 I GnssLocationProvider: WakeLock acquired by sendMessage(REPORT_SV_STATUS, 0, com.android.server.location.GnssLocationProvider$SvStatusInfo@5eba2a8)
07-01 12:14:08.494  1930  1943 I GnssLocationProvider: WakeLock released by handleMessage(REPORT_SV_STATUS, 0, com.android.server.location.GnssLocationProvider$SvStatusInfo@5eba2a8)
07-01 12:14:09.498  1930  3617 I GnssLocationProvider: WakeLock acquired by sendMessage(REPORT_SV_STATUS, 0, com.android.server.location.GnssLocationProvider$SvStatusInfo@6d3a1c1)
07-01 12:14:09.499  1930  1943 I GnssLocationProvider: WakeLock released by handleMessage(REPORT_SV_STATUS, 0, com.android.server.location.GnssLocationProvider$SvStatusInfo@6d3a1c1)
07-01 12:14:10.501  1930  3617 I GnssLocationProvider: WakeLock acquired by sendMessage(REPORT_SV_STATUS, 0, com.android.server.location.GnssLocationProvider$SvStatusInfo@faadd66)
07-01 12:14:10.502  1930  1943 I GnssLocationProvider: WakeLock released by handleMessage(REPORT_SV_STATUS, 0, com.android.server.location.GnssLocationProvider$SvStatusInfo@faadd66)
07-01 12:14:11.503  1930  3617 I GnssLocationProvider: WakeLock acquired by sendMessage(REPORT_SV_STATUS, 0, com.android.server.location.GnssLocationProvider$SvStatusInfo@8f769f2)
07-01 12:14:11.504  1930  1943 I GnssLocationProvider: WakeLock released by handleMessage(REPORT_SV_STATUS, 0, com.android.server.location.GnssLocationProvider$SvStatusInfo@8f769f2)
07-01 12:14:12.503  1930  3617 I GnssLocationProvider: WakeLock acquired by sendMessage(REPORT_SV_STATUS, 0, com.android.server.location.GnssLocationProvider$SvStatusInfo@6cc0843)
07-01 12:14:12.505  1930  1943 I GnssLocationProvider: WakeLock released by handleMessage(REPORT_SV_STATUS, 0, com.android.server.location.GnssLocationProvider$SvStatusInfo@6cc0843)
07-01 12:14:13.506  1930  3617 I GnssLocationProvider: WakeLock acquired by sendMessage(REPORT_SV_STATUS, 0, com.android.server.location.GnssLocationProvider$SvStatusInfo@6361ec0)
07-01 12:14:13.507  1930  1943 I GnssLocationProvider: WakeLock released by handleMessage(REPORT_SV_STATUS, 0, com.android.server.location.GnssLocationProvider$SvStatusInfo@6361ec0)
07-01 12:14:14.507  1930  3617 I GnssLocationProvider: WakeLock acquired by sendMessage(REPORT_SV_STATUS, 0, com.android.server.location.GnssLocationProvider$SvStatusInfo@ae9c7f9)
07-01 12:14:14.509  1930  1943 I GnssLocationProvider: WakeLock released by handleMessage(REPORT_SV_STATUS, 0, com.android.server.location.GnssLocationProvider$SvStatusInfo@ae9c7f9)
07-01 12:14:15.507  1930  3617 I GnssLocationProvider: WakeLock acquired by sendMessage(REPORT_SV_STATUS, 0, com.android.server.location.GnssLocationProvider$SvStatusInfo@40e333e)
07-01 12:14:15.508  1930  1943 I GnssLocationProvider: WakeLock released by handleMessage(REPORT_SV_STATUS, 0, com.android.server.location.GnssLocationProvider$SvStatusInfo@40e333e)
07-01 12:14:16.513  1930  3617 I GnssLocationProvider: WakeLock acquired by sendMessage(REPORT_SV_STATUS, 0, com.android.server.location.GnssLocationProvider$SvStatusInfo@d9ce59f)
07-01 12:14:16.515  1930  1943 I GnssLocationProvider: WakeLock released by handleMessage(REPORT_SV_STATUS, 0, com.android.server.location.GnssLocationProvider$SvStatusInfo@d9ce59f)
07-01 12:14:17.516  1930  3617 I GnssLocationProvider: WakeLock acquired by sendMessage(REPORT_SV_STATUS, 0, com.android.server.location.GnssLocationProvider$SvStatusInfo@1be66ec)
07-01 12:14:17.518  1930  1943 I GnssLocationProvider: WakeLock released by handleMessage(REPORT_SV_STATUS, 0, com.android.server.location.GnssLocationProvider$SvStatusInfo@1be66ec)
07-01 12:14:18.522  1930  3617 I GnssLocationProvider: WakeLock acquired by sendMessage(REPORT_SV_STATUS, 0, com.android.server.location.GnssLocationProvider$SvStatusInfo@7f5eab5)
07-01 12:14:18.524  1930  1943 I GnssLocationProvider: WakeLock released by handleMessage(REPORT_SV_STATUS, 0, com.android.server.location.GnssLocationProvider$SvStatusInfo@7f5eab5)
