--------- beginning of main
07-01 12:13:26.092  2458  7554 I ContentMaintenance: Internal cache bytes used: 0; limit: 100000000; download size: 0
07-01 12:13:26.103  2458  7554 I RealtimeCacheCleanup: Beginning Realtime garbage collection.
07-01 12:13:26.104  2458  7554 I RealtimeCacheCleanup: Finished Realtime garbage collection.
07-01 12:13:26.347  1930  3617 I GnssLocationProvider: WakeLock acquired by sendMessage(REPORT_SV_STATUS, 0, com.android.server.location.GnssLocationProvider$SvStatusInfo@e679172)
07-01 12:13:26.348  1930  1943 I GnssLocationProvider: WakeLock released by handleMessage(REPORT_SV_STATUS, 0, com.android.server.location.GnssLocationProvider$SvStatusInfo@e679172)
07-01 12:13:27.352  1930  3617 I GnssLocationProvider: WakeLock acquired by sendMessage(REPORT_SV_STATUS, 0, com.android.server.location.GnssLocationProvider$SvStatusInfo@95d9c3)
07-01 12:13:27.353  1930  1943 I GnssLocationProvider: WakeLock released by handleMessage(REPORT_SV_STATUS, 0, com.android.server.location.GnssLocationProvider$SvStatusInfo@95d9c3)
--------- beginning of system
07-01 12:13:27.661  1930  1948 E BatteryExternalStatsWorker: no controller energy info supplied for wifi
07-01 12:13:28.357  1930  3617 I GnssLocationProvider: WakeLock acquired by sendMessage(REPORT_SV_STATUS, 0, com.android.server.location.GnssLocationProvider$SvStatusInfo@7f95240)
07-01 12:13:28.359  1930  1943 I GnssLocationProvider: WakeLock released by handleMessage(REPORT_SV_STATUS, 0, com.android.server.location.GnssLocationProvider$SvStatusInfo@7f95240)
07-01 12:13:29.359  1930  3617 I GnssLocationProvider: WakeLock acquired by sendMessage(REPORT_SV_STATUS, 0, com.android.server.location.GnssLocationProvider$SvStatusInfo@9090317)
07-01 12:13:29.359  1930  1943 I GnssLocationProvider: WakeLock released by handleMessage(REPORT_SV_STATUS, 0, com.android.server.location.GnssLocationProvider$SvStatusInfo@9090317)
07-01 12:13:29.390  1930  1957 I PackageManager.DexOptimizer: Running dexopt (dexoptNeeded=1) on: /data/app/com.android.gpstest-q6GN1okxWNqfwBi2xB614Q==/base.apk pkg=com.android.gpstest isa=x86 dexoptFlags=boot_complete,profile_guided,public,enable_hidden_api_checks targetFilter=speed-profile oatDir=/data/app/com.android.gpstest-q6GN1okxWNqfwBi2xB614Q==/oat classLoaderContext=PCL[/system/framework/org.apache.http.legacy.boot.jar]
07-01 12:13:29.391  1778  5350 V installed: DexInv: --- BEGIN '/data/app/com.android.gpstest-q6GN1okxWNqfwBi2xB614Q==/base.apk' ---
07-01 12:13:29.407  8216  8216 W dex2oat : Unexpected CPU variant for X86 using defaults: x86
07-01 12:13:29.407  8216  8216 W dex2oat : Mismatch between dex2oat instruction set features (ISA: X86 Feature string: -ssse3,-sse4.1,-sse4.2,-avx,-avx2,-popcnt) and those of dex2oat executable (ISA: X86 Feature string: ssse3,-sse4.1,-sse4.2,-avx,-avx2,-popcnt) for the command line:
07-01 12:13:29.407  8216  8216 W dex2oat : /system/bin/dex2oat --zip-fd=8 --zip-location=base.apk --input-vdex-fd=-1 --output-vdex-fd=10 --oat-fd=9 --oat-location=/data/app/com.android.gpstest-q6GN1okxWNqfwBi2xB614Q==/oat/x86/base.odex --instruction-set=x86 --instruction-set-variant=x86 --instruction-set-features=default --runtime-arg -Xms64m --runtime-arg -Xmx512m --compiler-filter=speed-profile --swap-fd=11 --app-image-fd=12 --image-format=lz4 --classpath-dir=/data/app/com.android.gpstest-q6GN1okxWNqfwBi2xB614Q== --class-loader-context=PCL[/system/framework/org.apache.http.legacy.boot.jar] --generate-mini-debug-info --compact-dex-level=none --runtime-arg -Xtarget-sdk-version:29 --runtime-arg -Xhidden-api-checks --compilation-reason=install
07-01 12:13:29.407  8216  8216 I dex2oat : /system/bin/dex2oat --input-vdex-fd=-1 --output-vdex-fd=10 --compiler-filter=speed-profile --classpath-dir=/data/app/com.android.gpstest-q6GN1okxWNqfwBi2xB614Q== --class-loader-context=PCL[/system/framework/org.apache.http.legacy.boot.jar] --generate-mini-debug-info --compact-dex-level=none --compilation-reason=install
07-01 12:13:29.501  3739  3739 I MicroDetectionWorker: #startMicroDetector [speakerMode: 0]
07-01 12:13:29.501  3739  3739 I AudioController: Using mInputStreamFactoryBuilder
07-01 12:13:29.502  3739  3739 I AudioController: Created new AudioSource
07-01 12:13:29.502  3739  3739 I MicroDetectionWorker: onReady
07-01 12:13:29.510  3739  7990 I MicroRecognitionRunner: Starting detection.
07-01 12:13:29.511  3739  7992 I MicrophoneInputStream: mic_starting  SR : 16000 CC : 16 SO : 6
07-01 12:13:29.511  1654  3675 E         : Request requires android.permission.RECORD_AUDIO
07-01 12:13:29.511  1654  3675 E AudioPolicyIntefaceImpl: getInputForAttr permission denied: recording not allowed for uid 10041 pid 3739
07-01 12:13:29.511  1654  3675 E AudioFlinger: createRecord() checkRecordThread_l failed
07-01 12:13:29.511  3739  7992 E IAudioFlinger: createRecord returned error -22
07-01 12:13:29.511  3739  7992 E AudioRecord: AudioFlinger could not create record track, status: -22
07-01 12:13:29.512  3739  7992 E AudioRecord-JNI: Error creating AudioRecord instance: initialization check failed with status -22.
07-01 12:13:29.512  3739  7992 E android.media.AudioRecord: Error code -20 when initializing native AudioRecord object.
07-01 12:13:29.512  3739  7992 I MicrophoneInputStream: mic_started  SR : 16000 CC : 16 SO : 6
07-01 12:13:29.513  3739  7992 E ActivityThread: Failed to find provider info for com.google.android.apps.gsa.testing.ui.audio.recorded
07-01 12:13:29.513  3739  3739 I MicroDetectionWorker: onReady
07-01 12:13:29.515  3739  7992 I MicrophoneInputStream: mic_close  SR : 16000 CC : 16 SO : 6
07-01 12:13:29.516  3739  7990 I MicroRecognitionRunner: Detection finished
07-01 12:13:29.516  3739  7990 W ErrorReporter: reportError [type: 211, code: 524300]: Error reading from input stream
07-01 12:13:29.516  3739  3963 I MicroRecognitionRunner: Stopping hotword detection.
07-01 12:13:29.516  3739  7990 W ErrorProcessor: onFatalError, processing error from engine(4)
07-01 12:13:29.516  3739  7990 W ErrorProcessor: com.google.android.apps.gsa.shared.speech.b.g: Error reading from input stream
07-01 12:13:29.516  3739  7990 W ErrorProcessor: 	at com.google.android.apps.gsa.staticplugins.microdetection.d.k.a(SourceFile:91)
07-01 12:13:29.516  3739  7990 W ErrorProcessor: 	at com.google.android.apps.gsa.staticplugins.microdetection.d.l.run(Unknown Source:14)
07-01 12:13:29.516  3739  7990 W ErrorProcessor: 	at com.google.android.libraries.gsa.runner.a.a.b(SourceFile:32)
07-01 12:13:29.516  3739  7990 W ErrorProcessor: 	at com.google.android.libraries.gsa.runner.a.c.call(Unknown Source:4)
07-01 12:13:29.516  3739  7990 W ErrorProcessor: 	at java.util.concurrent.FutureTask.run(FutureTask.java:266)
07-01 12:13:29.516  3739  7990 W ErrorProcessor: 	at java.util.concurrent.Executors$RunnableAdapter.call(Executors.java:458)
07-01 12:13:29.516  3739  7990 W ErrorProcessor: 	at java.util.concurrent.FutureTask.run(FutureTask.java:266)
07-01 12:13:29.516  3739  7990 W ErrorProcessor: 	at com.google.android.apps.gsa.shared.util.concurrent.b.g.run(Unknown Source:4)
07-01 12:13:29.516  3739  7990 W ErrorProcessor: 	at com.google.android.apps.gsa.shared.util.concurrent.b.aw.run(SourceFile:4)
07-01 12:13:29.516  3739  7990 W ErrorProcessor: 	at com.google.android.apps.gsa.shared.util.concurrent.b.aw.run(SourceFile:4)
07-01 12:13:29.516  3739  7990 W ErrorProcessor: 	at java.util.concurrent.ThreadPoolExecutor.runWorker(ThreadPoolExecutor.java:1167)
07-01 12:13:29.516  3739  7990 W ErrorProcessor: 	at java.util.concurrent.ThreadPoolExecutor$Worker.run(ThreadPoolExecutor.java:641)
07-01 12:13:29.516  3739  7990 W ErrorProcessor: 	at java.lang.Thread.run(Thread.java:764)
07-01 12:13:29.516  3739  7990 W ErrorProcessor: 	at com.google.android.apps.gsa.shared.util.concurrent.b.i.run(SourceFile:6)
07-01 12:13:29.516  3739  7990 W ErrorProcessor: Caused by: com.google.android.apps.gsa.shared.exception.GsaIOException: Error code: 393238 | Buffer overflow, no available space.
07-01 12:13:29.516  3739  7990 W ErrorProcessor: 	at com.google.android.apps.gsa.speech.audio.Tee.j(SourceFile:103)
07-01 12:13:29.516  3739  7990 W ErrorProcessor: 	at com.google.android.apps.gsa.speech.audio.au.read(SourceFile:2)
07-01 12:13:29.516  3739  7990 W ErrorProcessor: 	at java.io.InputStream.read(InputStream.java:101)
07-01 12:13:29.516  3739  7990 W ErrorProcessor: 	at com.google.android.apps.gsa.speech.audio.ao.run(SourceFile:17)
07-01 12:13:29.516  3739  7990 W ErrorProcessor: 	at com.google.android.apps.gsa.speech.audio.an.run(SourceFile:2)
07-01 12:13:29.516  3739  7990 W ErrorProcessor: 	at java.util.concurrent.Executors$RunnableAdapter.call(Executors.java:458)
07-01 12:13:29.516  3739  7990 W ErrorProcessor: 	... 10 more
07-01 12:13:29.516  3739  7990 I AudioController: internalShutdown
07-01 12:13:29.517  3739  3739 I MicroDetector: Keeping mic open: false
07-01 12:13:29.517  3739  7994 I DeviceStateChecker: DeviceStateChecker cancelled
07-01 12:13:29.517  3739  3739 I MicroDetectionWorker: #onError(false)
07-01 12:13:30.362  1930  3617 I GnssLocationProvider: WakeLock acquired by sendMessage(REPORT_SV_STATUS, 0, com.android.server.location.GnssLocationProvider$SvStatusInfo@2918304)
07-01 12:13:30.363  1930  1943 I GnssLocationProvider: WakeLock released by handleMessage(REPORT_SV_STATUS, 0, com.android.server.location.GnssLocationProvider$SvStatusInfo@2918304)
07-01 12:13:30.903  8216  8216 I dex2oat : Explicit concurrent copying GC freed 9599(2MB) AllocSpace objects, 0(0B) LOS objects, 99% free, 896B/1536KB, paused 345us total 3.748ms
07-01 12:13:30.986  8216  8216 I dex2oat : dex2oat took 1.579s (5.170s cpu) (threads: 4) arena alloc=3040B (3040B) java alloc=16KB (17280B) native alloc=3MB (4024008B) free=2MB (2791736B)
07-01 12:13:30.991  1778  5350 V installed: DexInv: --- END '/data/app/com.android.gpstest-q6GN1okxWNqfwBi2xB614Q==/base.apk' (success) ---
07-01 12:13:30.993  1930  1957 V BackupManagerService: restoreAtInstall pkg=com.android.gpstest token=3 restoreSet=0
07-01 12:13:30.993  1930  1957 V BackupManagerService: Finishing install immediately
07-01 12:13:30.994  1778  5350 E         : Couldn't opendir /data/app/vmdl1330346504.tmp: No such file or directory
07-01 12:13:30.994  1778  5350 E installd: Failed to delete /data/app/vmdl1330346504.tmp: No such file or directory
07-01 12:13:31.009  5363  5363 I Finsky  : [2] ycb.d(13): PackageMonitorReceiverImpl - Received: android.intent.action.PACKAGE_ADDED, [1Gs0hyxgBQbxymtIaNymu4YClFghhsGmEnKp-_4-M4A]
07-01 12:13:31.009  5363  5363 I Finsky  : [2] ydc.g(1): Invalidating cached PackageState for com.android.gpstest
07-01 12:13:31.017  4291  4291 I CarrierServices: [2] RcsAutoStartReceiver.b: carrierServicesJibeServiceEnabled changed from true to true
07-01 12:13:31.018  4291  4291 I CarrierServices: [2] RcsAutoStartReceiver.b: enableRcs changed from true to true
07-01 12:13:31.019  4291  4291 I CarrierServices: [2] RcsAutoStartReceiver.b: RcsAutoStartReceiver triggered. Fetching RCS State. Action: android.intent.action.PACKAGE_ADDED
07-01 12:13:31.023  1930  5253 W BroadcastQueue: Background execution not allowed: receiving Intent { act=android.intent.action.PACKAGE_ADDED dat=package:com.android.gpstest flg=0x4000010 (has extras) } to com.android.musicfx/.Compatibility$Receiver
07-01 12:13:31.030  5363  5363 I Finsky  : [2] ouk.d(2): Frosting ID looked up on UI thread. Caller should move to a background thread.
07-01 12:13:31.031  1930  1944 W BroadcastQueue: Background execution not allowed: receiving Intent { act=android.intent.action.PACKAGE_ADDED dat=package:com.android.gpstest flg=0x4000010 (has extras) } to com.android.vending/com.google.android.finsky.packagemanager.impl.PackageMonitorReceiverImpl$RegisteredReceiver
07-01 12:13:31.031  1930  1944 W BroadcastQueue: Background execution not allowed: receiving Intent { act=android.intent.action.PACKAGE_ADDED dat=package:com.android.gpstest flg=0x4000010 (has extras) } to com.google.android.gms/.games.chimera.GamesSystemBroadcastReceiverProxy
07-01 12:13:31.032  1930  1944 W BroadcastQueue: Background execution not allowed: receiving Intent { act=android.intent.action.PACKAGE_ADDED dat=package:com.android.gpstest flg=0x4000010 (has extras) } to com.google.android.gms/.gass.chimera.PackageChangeBroadcastReceiver
07-01 12:13:31.032  4291  4291 I CarrierServices: [2] aws.a: Migration binding to RcsMigrationService
07-01 12:13:31.038  1930  1999 I InputReader: Reconfiguring input devices.  changes=0x00000010
07-01 12:13:31.047  1930  1944 W BroadcastQueue: Background execution not allowed: receiving Intent { act=android.intent.action.PACKAGE_ADDED dat=package:com.android.gpstest flg=0x4000010 (has extras) } to com.google.android.gms/.chimera.GmsIntentOperationService$PersistentTrustedReceiver
07-01 12:13:31.047  1930  1944 W BroadcastQueue: Background execution not allowed: receiving Intent { act=android.intent.action.PACKAGE_ADDED dat=package:com.android.gpstest flg=0x4000010 (has extras) } to com.google.android.googlequicksearchbox/com.google.android.apps.gsa.googlequicksearchbox.GelStubAppWatcher
07-01 12:13:31.047  1930  1944 W BroadcastQueue: Background execution not allowed: receiving Intent { act=android.intent.action.PACKAGE_ADDED dat=package:com.android.gpstest flg=0x4000010 (has extras) } to com.google.android.ims/.receivers.RcsAutoStartReceiver
07-01 12:13:31.048  5363  5363 I Finsky  : [2] alxk.a(3): Do not start WearSupportService due to Wear service optimization
07-01 12:13:31.048  5363  5363 I Finsky  : [2] alxk.a(3): Do not start WearSupportService due to Wear service optimization
07-01 12:13:31.049  5363  5363 I Finsky  : [2] adxl.a(8): Clearing split related stale data.
07-01 12:13:31.051  5363  8230 I Finsky  : [500] gvx.a(12): Asset module storage cleared for package com.android.gpstest.
07-01 12:13:31.053  1930  1946 I ActivityManager: Start proc 8234:com.google.android.apps.messaging/u0a84 for service com.google.android.apps.messaging/.rcsmigration.RcsMigrationService
07-01 12:13:31.055  8234  8234 W .apps.messagin: Unexpected CPU variant for X86 using defaults: x86
07-01 12:13:31.058  8234  8234 E .apps.messagin: Not starting debugger since process cannot load the jdwp agent.
07-01 12:13:31.066  5363  5363 I Finsky  : [2] ouk.d(2): Frosting ID looked up on UI thread. Caller should move to a background thread.
07-01 12:13:31.067  5363  8224 I Finsky  : [499] otx.run(16): Wrote row to frosting DB: 111
07-01 12:13:31.097  2167  2167 D CarrierSvcBindHelper: No carrier app for: 0
07-01 12:13:31.097  5363  8224 I Finsky  : [499] otx.run(16): Wrote row to frosting DB: 112
07-01 12:13:31.105  1930  1948 E BatteryExternalStatsWorker: no controller energy info supplied for wifi
07-01 12:13:31.106  2458  8254 I Auth    : [SupervisedAccountIntentOperation] onHandleIntent(): android.intent.action.PACKAGE_ADDED
07-01 12:13:31.107  2458  8254 I Auth    : [SupervisedAccountIntentOperation] This operation is disabled
07-01 12:13:31.107  8234  8234 I .apps.messagin: The ClassLoaderContext is a special shared library.
07-01 12:13:31.114  8234  8234 I .apps.messagin: The ClassLoaderContext is a special shared library.
07-01 12:13:31.115  2458  8254 I ChromeSync: [Sync,SyncIntentOperation] Handling the intent: Intent { act=android.intent.action.PACKAGE_ADDED dat=package:com.android.gpstest flg=0x4000010 cmp=com.google.android.gms/.chimera.GmsIntentOperationService (has extras) }.
07-01 12:13:31.120  1930  1930 I Telecom : DefaultDialerCache: Refreshing default dialer for user 0: now com.google.android.dialer: DDC.oR@AMQ
07-01 12:13:31.127  2167  2167 D ImsResolver: maybeAddedImsService, packageName: com.android.gpstest
07-01 12:13:31.128  2167  2167 D CarrierConfigLoader: mHandler: 9 phoneId: 0
07-01 12:13:31.132  1930  1930 V BackupManagerConstants: getFullBackupIntervalMilliseconds(...) returns 86400000
07-01 12:13:31.150  2458  8265 W PeopleContactsSync: CP2 sync disabled by gservices.
07-01 12:13:31.154  5363  5363 I Finsky  : [2] abwt.b(5): SCH: Jobs in database: 1-1337 2-48879 12-1 24-77777777 26-1414141414 31-305419896 
07-01 12:13:31.157  5363  5363 I Finsky  : [2] abvf.d(37): SCH: ConstraintMapping: 24-77777777,  -> L: 0ms, D: 77265493ms, C: false, I: true, N: 0
07-01 12:13:31.157  5363  5363 I Finsky  : [2] abvf.d(37): SCH: ConstraintMapping: 1-1337, 12-1, 31-305419896,  -> L: 14882ms, D: 74404991ms, C: false, I: false, N: 1
07-01 12:13:31.157  5363  5363 I Finsky  : [2] abvf.d(37): SCH: ConstraintMapping: 2-48879,  -> L: 0ms, D: 80859119ms, C: true, I: true, N: 2
07-01 12:13:31.158  5363  5363 I Finsky  : [2] abvf.d(37): SCH: ConstraintMapping: 26-1414141414,  -> L: 38602650ms, D: 39502650ms, C: false, I: false, N: 0
07-01 12:13:31.158  5363  8029 I Finsky  : [481] jmd.a(15): [ContentSync] finished, scheduled=true
07-01 12:13:31.175  5363  5363 I Finsky  : [2] abvf.f(7): SCH: Cancelling existing jobscheduler jobs: 9006 9000 9001 9002 
07-01 12:13:31.175  5363  5363 I Finsky  : [2] abvf.e(8): SCH: Throttling wakeup for job 9003 (expected to run in 0 ms) due to recent wakeup
07-01 12:13:31.175  5363  5363 I Finsky  : [2] abvf.e(23): SCH: Scheduling job Id: 9003, L: 30000, D: 77265493, C: false, I: true, N: 0
07-01 12:13:31.176  8234  8234 I MultiDex: VM with version 2.1.0 has multidex support
07-01 12:13:31.176  8234  8234 I MultiDex: install
07-01 12:13:31.176  8234  8234 I MultiDex: VM has multidex support, MultiDex support library is disabled.
07-01 12:13:31.177  5363  5363 I Finsky  : [2] abvf.e(23): SCH: Scheduling job Id: 9004, L: 14882, D: 74404991, C: false, I: false, N: 1
07-01 12:13:31.181  5363  5363 I Finsky  : [2] abvf.e(8): SCH: Throttling wakeup for job 9005 (expected to run in 0 ms) due to recent wakeup
07-01 12:13:31.181  5363  5363 I Finsky  : [2] abvf.e(23): SCH: Scheduling job Id: 9005, L: 30000, D: 80859119, C: true, I: true, N: 2
07-01 12:13:31.181  5363  5363 I Finsky  : [2] abvf.e(23): SCH: Scheduling job Id: 9007, L: 38602650, D: 39502650, C: false, I: false, N: 0
07-01 12:13:31.204  8047  8223 I ProvidersCache: Provider returned no roots. Possibly naughty: com.google.android.apps.docs.storage
07-01 12:13:31.208  8234  8234 I CarrierServices: [2] hhv.a: Initializing Carrier Services Library.
07-01 12:13:31.219  8234  8274 E .apps.messagin: The String#value field is not present on Android versions >= 6.0
07-01 12:13:31.222  3014  3014 I IcingNotification: Received intent: Intent { act=com.google.android.gms.icing.IME_NOTIFICATION flg=0x10 pkg=com.google.android.inputmethod.latin (has extras) }
07-01 12:13:31.227  1930  1939 I system_server: Background concurrent copying GC freed 39109(2MB) AllocSpace objects, 28(1164KB) LOS objects, 35% free, 10MB/16MB, paused 1.555ms total 221.652ms
07-01 12:13:31.267  8234  8234 I BugleBackup: Registering preference change listener for "bugle".
07-01 12:13:31.267  2458  4701 I Icing   : IndexChimeraService.getServiceInterface callingPackage=com.google.android.gms componentName=AppsCorpus serviceId=SEARCH_CORPORA
07-01 12:13:31.268  2458  3558 I Icing   : IndexChimeraService.getServiceInterface callingPackage=com.google.android.gms componentName=AppsCorpus serviceId=SEARCH_QUERIES
07-01 12:13:31.280  8248  8248 D AndroidRuntime: >>>>>> START com.android.internal.os.RuntimeInit uid 2000 <<<<<<
07-01 12:13:31.282  8234  8279 I Bugle   : GServicesValues:
07-01 12:13:31.282  8234  8279 I Bugle   : bugle_enable_primes_crash_metrics: true
07-01 12:13:31.282  8234  8279 I Bugle   : bugle_max_telemetry_upload_retries: 10
07-01 12:13:31.282  8234  8279 I Bugle   : bugle_sticker_set_list_version: 3
07-01 12:13:31.288  2458  8084 I Icing   : Usage reports ok 0, Failed Usage reports 0, indexed 0, rejected 0, imm upload false
07-01 12:13:31.302  2458  8084 I Icing   : Usage reports ok 0, Failed Usage reports 0, indexed 0, rejected 0, imm upload false
07-01 12:13:31.320  8234  8274 I CarrierServices: [406] buh.d: Initializing SimStateTracker
07-01 12:13:31.325  8234  8274 I CarrierServices: [406] ika.handleSimState: SIM state LOADED
07-01 12:13:31.331  8234  8281 E Bugle   : P2pConversationSuggestionsUtil: Problem linking Smart Reply JNIs.
07-01 12:13:31.331  8234  8281 E Bugle   : java.lang.UnsatisfiedLinkError: dalvik.system.PathClassLoader[DexPathList[[zip file "/system/framework/org.apache.http.legacy.boot.jar", zip file "/system/app/PrebuiltBugle/PrebuiltBugle.apk"],nativeLibraryDirectories=[/system/app/PrebuiltBugle/lib/x86, /system/app/PrebuiltBugle/PrebuiltBugle.apk!/lib/x86, /system/lib, /system/lib]]] couldn't find "libhobbes_jni.so"
07-01 12:13:31.331  8234  8281 E Bugle   : 	at java.lang.Runtime.loadLibrary0(Runtime.java:1012)
07-01 12:13:31.331  8234  8281 E Bugle   : 	at java.lang.System.loadLibrary(System.java:1669)
07-01 12:13:31.331  8234  8281 E Bugle   : 	at dgm.<clinit>(SourceFile:609)
07-01 12:13:31.331  8234  8281 E Bugle   : 	at cuo.a(SourceFile:7)
07-01 12:13:31.331  8234  8281 E Bugle   : 	at llj.a(SourceFile:10)
07-01 12:13:31.331  8234  8281 E Bugle   : 	at bso.am(SourceFile:502)
07-01 12:13:31.331  8234  8281 E Bugle   : 	at buh.o(SourceFile:46)
07-01 12:13:31.331  8234  8281 E Bugle   : 	at bui.run(Unknown Source:2)
07-01 12:13:31.331  8234  8281 E Bugle   : 	at java.util.concurrent.ThreadPoolExecutor.runWorker(ThreadPoolExecutor.java:1167)
07-01 12:13:31.331  8234  8281 E Bugle   : 	at java.util.concurrent.ThreadPoolExecutor$Worker.run(ThreadPoolExecutor.java:641)
07-01 12:13:31.331  8234  8281 E Bugle   : 	at java.lang.Thread.run(Thread.java:764)
07-01 12:13:31.333  8234  8234 D FirebaseApp: com.google.firebase.auth.FirebaseAuth is not linked. Skipping initialization.
07-01 12:13:31.338  8248  8248 W app_process: Unexpected CPU variant for X86 using defaults: x86
07-01 12:13:31.342  1930  2713 W ActivityManager: Background start not allowed: service Intent { act=com.google.firebase.INSTANCE_ID_EVENT pkg=com.google.android.apps.messaging cmp=com.google.android.apps.messaging/.fcm.BugleFirebaseInstanceIDService (has extras) } to com.google.android.apps.messaging/.fcm.BugleFirebaseInstanceIDService from pid=8234 uid=10084 pkg=com.google.android.apps.messaging startFg?=false
07-01 12:13:31.343  8234  8234 E FirebaseInstanceId: Failed to start service while in background: java.lang.IllegalStateException: Not allowed to start service Intent { act=com.google.firebase.INSTANCE_ID_EVENT pkg=com.google.android.apps.messaging cmp=com.google.android.apps.messaging/.fcm.BugleFirebaseInstanceIDService (has extras) }: app is in background uid UidRecord{ca0c0a3 u0a84 SVC  bg:+1h9m35s909ms idle procs:2 seq(0,0,0)}
07-01 12:13:31.343  8248  8248 I app_process: The ClassLoaderContext is a special shared library.
07-01 12:13:31.343  8234  8234 D FirebaseApp: com.google.firebase.crash.FirebaseCrash is not linked. Skipping initialization.
07-01 12:13:31.343  8234  8234 D FirebaseApp: com.google.android.gms.measurement.AppMeasurement is not linked. Skipping initialization.
07-01 12:13:31.343  8234  8234 I FirebaseInitProvider: FirebaseApp initialization successful
07-01 12:13:31.351  8248  8248 W app_process: CheckJNI: method to register "write" not in the given class. This is slow, consider changing your RegisterNatives calls.
07-01 12:13:31.353  8248  8248 I chatty  : uid=2000(shell) main identical 42 lines
07-01 12:13:31.353  8248  8248 W app_process: CheckJNI: method to register "write" not in the given class. This is slow, consider changing your RegisterNatives calls.
07-01 12:13:31.353  8248  8248 W app_process: CheckJNI: method to register "write_non_chained" not in the given class. This is slow, consider changing your RegisterNatives calls.
07-01 12:13:31.353  8248  8248 I chatty  : uid=2000(shell) main identical 7 lines
07-01 12:13:31.354  8248  8248 W app_process: CheckJNI: method to register "write_non_chained" not in the given class. This is slow, consider changing your RegisterNatives calls.
07-01 12:13:31.357  8234  8234 I Bugle   : Initializing EmojiCompat
07-01 12:13:31.360  8234  8234 I Bugle   : BugleApplicationBase: Bugle version: 3.3.039 (xylophone_rc18_alldpi.x86.phone)
07-01 12:13:31.365  2458  3483 I FontsContentProvider: Received query Noto Color Emoji Compat, URI content://com.google.android.gms.fonts
07-01 12:13:31.365  2458  3483 I FontsContentProvider: Query [Noto Color Emoji Compat] resolved to {Noto Color Emoji Compat, wdth 100.0, wght 400, ital 0.0, bestEffort false}
07-01 12:13:31.366  1930  3617 I GnssLocationProvider: WakeLock acquired by sendMessage(REPORT_SV_STATUS, 0, com.android.server.location.GnssLocationProvider$SvStatusInfo@8d2669a)
07-01 12:13:31.367  1930  1943 I GnssLocationProvider: WakeLock released by handleMessage(REPORT_SV_STATUS, 0, com.android.server.location.GnssLocationProvider$SvStatusInfo@8d2669a)
07-01 12:13:31.367  8248  8248 D AndroidRuntime: Calling main entry com.android.commands.monkey.Monkey
07-01 12:13:31.368  8248  8248 W Monkey  : args: [-p, com.android.gpstest, -c, android.intent.category.LAUNCHER, 1]
07-01 12:13:31.368  8248  8248 W Monkey  :  arg: "-p"
07-01 12:13:31.368  8248  8248 W Monkey  :  arg: "com.android.gpstest"
07-01 12:13:31.368  8248  8248 W Monkey  :  arg: "-c"
07-01 12:13:31.368  8248  8248 W Monkey  :  arg: "android.intent.category.LAUNCHER"
07-01 12:13:31.368  8248  8248 W Monkey  :  arg: "1"
07-01 12:13:31.368  8248  8248 W Monkey  : data="com.android.gpstest"
07-01 12:13:31.368  8248  8248 W Monkey  : data="android.intent.category.LAUNCHER"
07-01 12:13:31.374  2458  3483 I FontsContentProvider: Fetch {Noto Color Emoji Compat, wdth 100.0, wght 400, ital 0.0, bestEffort false} end status Status{statusCode=SUCCESS, resolution=null}
07-01 12:13:31.389  2458  3483 I FontsContentProvider: Pulling font file for id = 3, cache size = 2
07-01 12:13:31.390  8234  8295 D Bugle   : Received firebase instance token: e6eJl-4Agqk:APA91bFCtygETI4REHhQAd6-6wKSjCV_I-2dqSveUTD2jxODRu2_dqduMLBiyzyuW3y-BWx5W9oClzyv_QYaGZkUB7MhIlGKvikduBa8jT3-hQBzWDzcTegRE5DtQMR1BT_9iJwvWP2_
07-01 12:13:31.395  1930  1944 W BroadcastQueue: Skipping deliver [background] BroadcastRecord{1fb3e54 u-1 android.net.conn.CONNECTIVITY_CHANGE} to ReceiverList{def51fd 8248 (unknown name)/2000/u-1 remote:e05266}: process gone or crashing
07-01 12:13:31.401  2458  3483 I FontsContentProvider: Pulling font file for id = 3, cache size = 2
07-01 12:13:31.408  8234  8234 I Bugle   : returning RCS state provider.
07-01 12:13:31.414  1930  2622 W ActivityManager: Background start not allowed: service Intent { cmp=com.google.android.apps.messaging/.shared.datamodel.action.ActionExecutorImpl$EmptyService } to com.google.android.apps.messaging/.shared.datamodel.action.ActionExecutorImpl$EmptyService from pid=8234 uid=10084 pkg=com.google.android.apps.messaging startFg?=false
07-01 12:13:31.415  8234  8234 W BugleDataModel: service started without protection. DataModel.startActionUnsafe is deprecated. class com.google.android.apps.messaging.shared.datamodel.action.CountryCodeDetectorAction-CountryCodeDetectorAction:1656692011312003
07-01 12:13:31.416  8234  8234 W BugleDataModel: java.lang.IllegalStateException: Not allowed to start service Intent { cmp=com.google.android.apps.messaging/.shared.datamodel.action.ActionExecutorImpl$EmptyService }: app is in background uid UidRecord{ca0c0a3 u0a84 SVC  bg:+1h9m35s980ms idle procs:2 seq(0,0,0)}
07-01 12:13:31.416  8234  8234 W BugleDataModel: 	at android.app.ContextImpl.startServiceCommon(ContextImpl.java:1577)
07-01 12:13:31.416  8234  8234 W BugleDataModel: 	at android.app.ContextImpl.startService(ContextImpl.java:1532)
07-01 12:13:31.416  8234  8234 W BugleDataModel: 	at android.content.ContextWrapper.startService(ContextWrapper.java:664)
07-01 12:13:31.416  8234  8234 W BugleDataModel: 	at com.google.android.apps.messaging.shared.datamodel.action.ActionExecutorImpl.a(SourceFile:25)
07-01 12:13:31.416  8234  8234 W BugleDataModel: 	at cau.a(SourceFile:92)
07-01 12:13:31.416  8234  8234 W BugleDataModel: 	at cau.a(SourceFile:51)
07-01 12:13:31.416  8234  8234 W BugleDataModel: 	at cfl.b(SourceFile:75)
07-01 12:13:31.416  8234  8234 W BugleDataModel: 	at cfl.a(SourceFile:36)
07-01 12:13:31.416  8234  8234 W BugleDataModel: 	at com.google.android.apps.messaging.shared.datamodel.action.ThrottledAction.schedule(SourceFile:39)
07-01 12:13:31.416  8234  8234 W BugleDataModel: 	at bwz.a(SourceFile:3)
07-01 12:13:31.416  8234  8234 W BugleDataModel: 	at ddo.a(SourceFile:77)
07-01 12:13:31.416  8234  8234 W BugleDataModel: 	at dds.onReceive(SourceFile:6)
07-01 12:13:31.416  8234  8234 W BugleDataModel: 	at android.app.LoadedApk$ReceiverDispatcher$Args.lambda$getRunnable$0(LoadedApk.java:1391)
07-01 12:13:31.416  8234  8234 W BugleDataModel: 	at android.app.-$$Lambda$LoadedApk$ReceiverDispatcher$Args$_BumDX2UKsnxLVrE6UJsJZkotuA.run(Unknown Source:2)
07-01 12:13:31.416  8234  8234 W BugleDataModel: 	at android.os.Handler.handleCallback(Handler.java:873)
07-01 12:13:31.416  8234  8234 W BugleDataModel: 	at android.os.Handler.dispatchMessage(Handler.java:99)
07-01 12:13:31.416  8234  8234 W BugleDataModel: 	at android.os.Looper.loop(Looper.java:193)
07-01 12:13:31.416  8234  8234 W BugleDataModel: 	at android.app.ActivityThread.main(ActivityThread.java:6669)
07-01 12:13:31.416  8234  8234 W BugleDataModel: 	at java.lang.reflect.Method.invoke(Native Method)
07-01 12:13:31.416  8234  8234 W BugleDataModel: 	at com.android.internal.os.RuntimeInit$MethodAndArgsCaller.run(RuntimeInit.java:493)
07-01 12:13:31.416  8234  8234 W BugleDataModel: 	at com.android.internal.os.ZygoteInit.main(ZygoteInit.java:858)
07-01 12:13:31.417  8234  8252 I CarrierServices: [404] inq.shouldUseCarrierServicesApkForV1Apis: Checking if using CarrierServices.apk is possible. Enabled: true, isAtLeastM: true, runningInsideBugle: true
07-01 12:13:31.420  8234  8234 I Bugle   : BugleApplicationBase: Carrier config changed. Reloading MMS config.
07-01 12:13:31.423  8234  8234 I BugleRcs: updating RCS availability
07-01 12:13:31.430  1930  8175 I ActivityManager: START u0 {act=android.intent.action.MAIN cat=[android.intent.category.LAUNCHER] flg=0x10200000 cmp=com.android.gpstest/.GpsTestActivity} from uid 2000
07-01 12:13:31.430  1930  8175 W Binder  : Outgoing transactions from this process must be FLAG_ONEWAY
07-01 12:13:31.430  1930  8175 W Binder  : java.lang.Throwable
07-01 12:13:31.430  1930  8175 W Binder  : 	at android.os.BinderProxy.transact(Binder.java:1114)
07-01 12:13:31.430  1930  8175 W Binder  : 	at android.app.IActivityController$Stub$Proxy.activityStarting(IActivityController.java:176)
07-01 12:13:31.430  1930  8175 W Binder  : 	at com.android.server.am.ActivityStarter.startActivity(ActivityStarter.java:737)
07-01 12:13:31.430  1930  8175 W Binder  : 	at com.android.server.am.ActivityStarter.startActivity(ActivityStarter.java:544)
07-01 12:13:31.430  1930  8175 W Binder  : 	at com.android.server.am.ActivityStarter.startActivityMayWait(ActivityStarter.java:1099)
07-01 12:13:31.430  1930  8175 W Binder  : 	at com.android.server.am.ActivityStarter.execute(ActivityStarter.java:486)
07-01 12:13:31.430  1930  8175 W Binder  : 	at com.android.server.am.ActivityManagerService.startActivityAsUser(ActivityManagerService.java:5120)
07-01 12:13:31.430  1930  8175 W Binder  : 	at com.android.server.am.ActivityManagerService.startActivityAsUser(ActivityManagerService.java:5094)
07-01 12:13:31.430  1930  8175 W Binder  : 	at com.android.server.am.ActivityManagerService.startActivity(ActivityManagerService.java:5085)
07-01 12:13:31.430  1930  8175 W Binder  : 	at android.app.IActivityManager$Stub.onTransact$startActivity$(IActivityManager.java:10084)
07-01 12:13:31.430  1930  8175 W Binder  : 	at android.app.IActivityManager$Stub.onTransact(IActivityManager.java:122)
07-01 12:13:31.430  1930  8175 W Binder  : 	at com.android.server.am.ActivityManagerService.onTransact(ActivityManagerService.java:3291)
07-01 12:13:31.430  1930  8175 W Binder  : 	at android.os.Binder.execTransact(Binder.java:731)
07-01 12:13:31.434  8234  8279 W Bugle   : canonicalizeMccMnc: invalid mccmnc:null ,null
07-01 12:13:31.437  8234  8276 I .apps.messagin: IncrementDisableThreadFlip blocked for 13.639ms
07-01 12:13:31.443  8234  8279 I Bugle   : Carrier configs loaded: Bundle[{carrier_volte_provisioned_bool=false, disable_charge_indication_bool=false, httpSocketTimeout=60000, carrier_wfc_supports_wifi_only_bool=false, carrier_default_actions_on_default_network_available_string_array=[Ljava.lang.String;@3acbcbe, operator_selection_expand_bool=true, disable_cdma_activation_code_bool=false, simplified_network_settings_bool=false, call_barring_visibility_bool=false, enable_apps_string_array=null, carrier_default_wfc_ims_roaming_enabled_bool=false, cdma_nonroaming_networks_string_array=null, aliasMinChars=2, wfc_data_spn_format_idx_int=0, hide_sim_lock_settings_bool=false, drop_video_call_when_answering_audio_call_bool=false, ci_action_on_sys_update_bool=false, convert_cdma_caller_id_mmi_codes_while_roaming_on_3gpp_bool=false, support_enhanced_call_blocking_bool=false, vvm_port_number_int=1808, carrier_default_wfc_ims_enabled_bool=false, dial_string_replace_string_array=null, gsm_nonroaming_networks_string_array=null, hide_ims_apn_bool=false, vvm_destination_number_string=122, dtmf_type_enabled_bool=false, allow_video_calling_fallback_bool=true, config_ims_package_override_string=com.google.android.ims, smsToMmsTextThreshold=-1, disable_severe_when_extreme_disabled_bool=true, force_home_network_bool=false, enableSMSDeliveryReports=true, auto_retry_enabled_bool=false, play_call_recording_tone_bool=false, carrier_force_disable_etws_cmas_test_bool=false, allow_emergency_video_calls_bool=false, csp_enabled_bool=false, default_sim_call_manager_string=, call_forwarding_blocks_while_roaming_string_array=null, emergency_notification_delay_int=-1, support_video_conference_call_bool=false, ims_dtmf_tone_delay_int=0, show_signal_strength_in_sim_status_bool=true, data_rapid_notification_bool=true, carrier_instant_lettering_escaped_chars_string=, carrier_default_wfc_ims_roaming_mode_int=2, editable_wfc_mode_bool=true, support_direct_fdn_dialing_bool=false, carrier_wifi_string_array=null, treat_downgraded_video_calls_as_video_calls_bool=false, wifi_calls_can_be_hd_audio=true, support_downgrade_vt_to_audio_bool=true, notify_handover_video_from_lte_to_wifi_bool=false, use_otasp_for_provisioning_bool=false, always_play_remote_hold_tone_bool=false, maxMessageTextSize=-1, duration_blocking_disabled_after_emergency_int=7200, carrier_metered_roaming_apn_types_strings=[Ljava.lang.String;@b02711f, additional_settings_call_waiting_visibility_bool=true, show_video_call_charges_alert_dialog_bool=false, carrier_network_service_wlan_package_override_string=, show_apn_setting_cdma_bool=false, carrier_instant_lettering_length_limit_int=64, carrier_instant_lettering_invalid_chars_string=, carrier_setup_app_string=, editable_wfc_roaming_mode_bool=false, supportMmsContentDisposition=true, support_manage_ims_conference_call_bool=true, allow_non_emergency_calls_in_ecm_bool=true, carrier_data_service_wlan_package_override_string=, use_rcs_presence_bool=false, config_telephony_use_own_number_for_voicemail_bool=false, cdma_dtmf_tone_delay_int=100, editable_voicemail_number_bool=false, carrier_data_call_apn_retry_after_disconnect_long=10000, filtered_cnap_names_string_array=null, enabledTransID=false, aliasEnabled=false, vvm_disabled_capabilities_string_array=null, show_4g_for_lte_data_icon_bool=false, check_pricing_with_carrier_data_roaming_bool=false, ims_conference_size_limit_int=5, identify_high_definition_calls_in_call_log_bool=false, supportHttpCharsetHeader=false, vvm_prefetch_bool=true, hide_enhanced_4g_lte_bool=false, display_hd_audio_property_bool=true, has_in_call_noise_suppression_bool=false, enhanced_4g_lte_on_by_default_bool=true, data_limit_notification_bool=true, voicemail_notification_persistent_bool=false, carrier_default_actions_on_reset_string_array=[Ljava.lang.String;@b7bcc6c, world_phone_bool=false, ims_reasoninfo_mapping_string_array=null, default_vm_number_string=, data_limit_threshold_bytes_long=-1, allowAttachAudio=true, ci_action_on_sys_update_extra_string=, ignore_sim_network_locked_events_bool=false, spamForwardingNumber=7726, cdma_home_regi
07-01 12:13:31.449  8248  8248 I Monkey  : Events injected: 1
07-01 12:13:31.475  1930  1930 V SettingsProvider: Notifying for 0: content://settings/system/accelerometer_rotation
07-01 12:13:31.482  8248  8248 I Monkey  : ## Network stats: elapsed time=47ms (0ms mobile, 0ms wifi, 47ms not connected)
07-01 12:13:31.484  8248  8248 I app_process: System.exit called, status: 0
07-01 12:13:31.485  8248  8248 I AndroidRuntime: VM exiting with result code 0.
07-01 12:13:31.508  1646  2364 D gralloc_ranchu: gralloc_alloc: Creating ashmem region of size 8298496
07-01 12:13:31.521  1930  1946 W ActivityManager: Slow operation: 57ms so far, now at startProcess: returned from zygote!
07-01 12:13:31.522  1930  1946 W ActivityManager: Slow operation: 58ms so far, now at startProcess: done updating battery stats
07-01 12:13:31.522  1930  1946 W ActivityManager: Slow operation: 58ms so far, now at startProcess: building log message
07-01 12:13:31.522  1930  1946 I ActivityManager: Start proc 8301:com.android.gpstest/u0a87 for activity com.android.gpstest/.GpsTestActivity
07-01 12:13:31.522  1930  1946 W ActivityManager: Slow operation: 58ms so far, now at startProcess: starting to update pids map
07-01 12:13:31.522  1930  1946 W ActivityManager: Slow operation: 58ms so far, now at startProcess: done updating pids map
07-01 12:13:31.531  8301  8301 W android.gpstes: Unexpected CPU variant for X86 using defaults: x86
07-01 12:13:31.534  8301  8301 E android.gpstes: Not starting debugger since process cannot load the jdwp agent.
07-01 12:13:31.544  8234  8274 I CarrierServices: [406] ika.handleSimState: SIM changed: false. current id: [4vfUjdK1ylI-cxPPS6D26oMLYoE]; stored id: [4vfUjdK1ylI-cxPPS6D26oMLYoE]; isFiDevice: false
07-01 12:13:31.551  8234  8252 I CarrierServices: [404] inq.e: Network Operator: 310260
07-01 12:13:31.555  8234  8279 W Bugle   : canonicalizeMccMnc: invalid mccmnc:null ,null
07-01 12:13:31.576  8234  8279 I Bugle   : Carrier configs loaded: Bundle[{carrier_volte_provisioned_bool=false, disable_charge_indication_bool=false, httpSocketTimeout=60000, carrier_wfc_supports_wifi_only_bool=false, carrier_default_actions_on_default_network_available_string_array=[Ljava.lang.String;@a62e15d, operator_selection_expand_bool=true, disable_cdma_activation_code_bool=false, simplified_network_settings_bool=false, call_barring_visibility_bool=false, enable_apps_string_array=null, carrier_default_wfc_ims_roaming_enabled_bool=false, cdma_nonroaming_networks_string_array=null, aliasMinChars=2, wfc_data_spn_format_idx_int=0, hide_sim_lock_settings_bool=false, drop_video_call_when_answering_audio_call_bool=false, ci_action_on_sys_update_bool=false, convert_cdma_caller_id_mmi_codes_while_roaming_on_3gpp_bool=false, support_enhanced_call_blocking_bool=false, vvm_port_number_int=1808, carrier_default_wfc_ims_enabled_bool=false, dial_string_replace_string_array=null, gsm_nonroaming_networks_string_array=null, hide_ims_apn_bool=false, vvm_destination_number_string=122, dtmf_type_enabled_bool=false, allow_video_calling_fallback_bool=true, config_ims_package_override_string=com.google.android.ims, smsToMmsTextThreshold=-1, disable_severe_when_extreme_disabled_bool=true, force_home_network_bool=false, enableSMSDeliveryReports=true, auto_retry_enabled_bool=false, play_call_recording_tone_bool=false, carrier_force_disable_etws_cmas_test_bool=false, allow_emergency_video_calls_bool=false, csp_enabled_bool=false, default_sim_call_manager_string=, call_forwarding_blocks_while_roaming_string_array=null, emergency_notification_delay_int=-1, support_video_conference_call_bool=false, ims_dtmf_tone_delay_int=0, show_signal_strength_in_sim_status_bool=true, data_rapid_notification_bool=true, carrier_instant_lettering_escaped_chars_string=, carrier_default_wfc_ims_roaming_mode_int=2, editable_wfc_mode_bool=true, support_direct_fdn_dialing_bool=false, carrier_wifi_string_array=null, treat_downgraded_video_calls_as_video_calls_bool=false, wifi_calls_can_be_hd_audio=true, support_downgrade_vt_to_audio_bool=true, notify_handover_video_from_lte_to_wifi_bool=false, use_otasp_for_provisioning_bool=false, always_play_remote_hold_tone_bool=false, maxMessageTextSize=-1, duration_blocking_disabled_after_emergency_int=7200, carrier_metered_roaming_apn_types_strings=[Ljava.lang.String;@7b27ad2, additional_settings_call_waiting_visibility_bool=true, show_video_call_charges_alert_dialog_bool=false, carrier_network_service_wlan_package_override_string=, show_apn_setting_cdma_bool=false, carrier_instant_lettering_length_limit_int=64, carrier_instant_lettering_invalid_chars_string=, carrier_setup_app_string=, editable_wfc_roaming_mode_bool=false, supportMmsContentDisposition=true, support_manage_ims_conference_call_bool=true, allow_non_emergency_calls_in_ecm_bool=true, carrier_data_service_wlan_package_override_string=, use_rcs_presence_bool=false, config_telephony_use_own_number_for_voicemail_bool=false, cdma_dtmf_tone_delay_int=100, editable_voicemail_number_bool=false, carrier_data_call_apn_retry_after_disconnect_long=10000, filtered_cnap_names_string_array=null, enabledTransID=false, aliasEnabled=false, vvm_disabled_capabilities_string_array=null, show_4g_for_lte_data_icon_bool=false, check_pricing_with_carrier_data_roaming_bool=false, ims_conference_size_limit_int=5, identify_high_definition_calls_in_call_log_bool=false, supportHttpCharsetHeader=false, vvm_prefetch_bool=true, hide_enhanced_4g_lte_bool=false, display_hd_audio_property_bool=true, has_in_call_noise_suppression_bool=false, enhanced_4g_lte_on_by_default_bool=true, data_limit_notification_bool=true, voicemail_notification_persistent_bool=false, carrier_default_actions_on_reset_string_array=[Ljava.lang.String;@8d677a3, world_phone_bool=false, ims_reasoninfo_mapping_string_array=null, default_vm_number_string=, data_limit_threshold_bytes_long=-1, allowAttachAudio=true, ci_action_on_sys_update_extra_string=, ignore_sim_network_locked_events_bool=false, spamForwardingNumber=7726, cdma_home_regi
07-01 12:13:31.579  1930  3677 W ActivityManager: Request to remove task ignored for non-existent task 7
07-01 12:13:31.586  8301  8301 I android.gpstes: The ClassLoaderContext is a special shared library.
07-01 12:13:31.588  1646  2364 D gralloc_ranchu: gralloc_alloc: Creating ashmem region of size 8298496
07-01 12:13:31.607  8234  8252 I CarrierServices: [404] inq.e: carrierWithOldEcApis: false
07-01 12:13:31.607  8234  8252 I CarrierServices: [404] inq.e: hasDialerThatSupportsNewEc: false
07-01 12:13:31.612  8234  8279 I BugleRcs: No minimum Cs.apk version is set, not checking Cs.apk version
07-01 12:13:31.617  8234  8252 W RcsProvisioning: Failed to read configuration: /data/user/0/com.google.android.apps.messaging/files/rcsconfig (No such file or directory)
07-01 12:13:31.617  8234  8252 W RcsProvisioning: java.io.FileNotFoundException: /data/user/0/com.google.android.apps.messaging/files/rcsconfig (No such file or directory)
07-01 12:13:31.617  8234  8252 W RcsProvisioning: 	at java.io.FileInputStream.open0(Native Method)
07-01 12:13:31.617  8234  8252 W RcsProvisioning: 	at java.io.FileInputStream.open(FileInputStream.java:231)
07-01 12:13:31.617  8234  8252 W RcsProvisioning: 	at java.io.FileInputStream.<init>(FileInputStream.java:165)
07-01 12:13:31.617  8234  8252 W RcsProvisioning: 	at android.app.ContextImpl.openFileInput(ContextImpl.java:560)
07-01 12:13:31.617  8234  8252 W RcsProvisioning: 	at android.content.ContextWrapper.openFileInput(ContextWrapper.java:202)
07-01 12:13:31.617  8234  8252 W RcsProvisioning: 	at ion.a(SourceFile:2)
07-01 12:13:31.617  8234  8252 W RcsProvisioning: 	at idl.a(SourceFile:4)
07-01 12:13:31.617  8234  8252 W RcsProvisioning: 	at idm.a(SourceFile:7)
07-01 12:13:31.617  8234  8252 W RcsProvisioning: 	at com.google.android.apps.messaging.rcsmigration.RcsStateProvider.buildRcsState(SourceFile:81)
07-01 12:13:31.617  8234  8252 W RcsProvisioning: 	at com.google.android.apps.messaging.rcsmigration.RcsStateProvider.getRcsState(SourceFile:6)
07-01 12:13:31.617  8234  8252 W RcsProvisioning: 	at com.google.android.ims.rcsmigration.IRcsStateProvider$Stub.dispatchTransaction(SourceFile:10)
07-01 12:13:31.617  8234  8252 W RcsProvisioning: 	at com.google.android.aidl.BaseStub.onTransact(SourceFile:18)
07-01 12:13:31.617  8234  8252 W RcsProvisioning: 	at android.os.Binder.execTransact(Binder.java:731)
07-01 12:13:31.617  8234  8252 D RcsProvisioning: Retrieving backup token
07-01 12:13:31.618  8234  8252 D RcsProvisioning: Exception while getting subscriber Id. Using default
07-01 12:13:31.637  8234  8279 I BugleBackup: Registering preference change listener for "buglesub_1".
07-01 12:13:31.653  8234  8279 I BugleRcs: MCCMNC is NOT RCS enabled
07-01 12:13:31.719  8234  8252 D RcsProvisioning: No backup token found
07-01 12:13:31.721  8234  8252 D RcsProvisioning: Retrieving backup token
07-01 12:13:31.721  8234  8252 D RcsProvisioning: Exception while getting subscriber Id. Using default
07-01 12:13:31.768  8234  8274 I CarrierServices: [406] ika.handleSimState: Updated SIM info: currentSimId: [4vfUjdK1ylI-cxPPS6D26oMLYoE]; imsi: [zSrOMA1mh9Q6-7rLJrQ5Pkv1PBs]; rawMsisdn: [S91Pkp86EGIlPk5Ja6-6C9-123U]; formattedMsisdn: ; mccmnc: [GMS5WK9CKM8_bx5id3TvJ4VbDjI] isFiDevice: false;
07-01 12:13:31.768  8301  8301 D NavDrawerFragment: Using position from preferences = 0
07-01 12:13:31.769  8301  8301 D GpsTestActivity: Creating new GpsStatusFragment
07-01 12:13:31.769  8234  8274 I CarrierServices: [406] ika.a: Broadcasting Intent { act=com.google.android.ims.SIM_LOADED (has extras) } (extras: Bundle[{SIM_CHANGED=false}])
07-01 12:13:31.770  8234  8234 I CarrierServices: [2] ika.onReceive: Processing an intent
07-01 12:13:31.771  8234  8234 I CarrierServices: [2] ika.handleSimState: SIM state LOADED
07-01 12:13:31.776  8234  8234 I CarrierServices: [2] ika.handleSimState: SIM changed: false. current id: [4vfUjdK1ylI-cxPPS6D26oMLYoE]; stored id: [4vfUjdK1ylI-cxPPS6D26oMLYoE]; isFiDevice: false
07-01 12:13:31.790  8234  8274 W Bugle   : canonicalizeMccMnc: invalid mccmnc:null ,null
07-01 12:13:31.792  8234  8234 I CarrierServices: [2] ika.handleSimState: Updated SIM info: currentSimId: [4vfUjdK1ylI-cxPPS6D26oMLYoE]; imsi: [zSrOMA1mh9Q6-7rLJrQ5Pkv1PBs]; rawMsisdn: [S91Pkp86EGIlPk5Ja6-6C9-123U]; formattedMsisdn: ; mccmnc: [GMS5WK9CKM8_bx5id3TvJ4VbDjI] isFiDevice: false;
07-01 12:13:31.793  8234  8234 I CarrierServices: [2] ika.a: Broadcasting Intent { act=com.google.android.ims.SIM_LOADED (has extras) } (extras: Bundle[{SIM_CHANGED=false}])
07-01 12:13:31.793  8234  8279 I BugleRcs: Prod Fi device disabled - Not a Fi device
07-01 12:13:31.793  8234  8279 I BugleRcs: config server url unavailable - Carrier is not RCS enabled
07-01 12:13:31.793  8234  8279 I BugleRcs: RcsAvailability updated: RCS is disabled for this carrier by Google
07-01 12:13:31.794  8234  8281 I Bugle   : P2pConversationSuggestionsUtil: reply suggestions enabled = true
07-01 12:13:31.794  8234  8281 I Bugle   : P2pConversationSuggestionsUtil: continuation suggestions enabled = false
07-01 12:13:31.794  8234  8281 I Bugle   : P2pConversationSuggestionsUtil: Smart Reply setting enabled = true
07-01 12:13:31.807  8234  8281 D NetworkSecurityConfig: No Network Security Config specified, using platform default
07-01 12:13:31.808  8234  8234 D Bugle   : EmojiCompat initialized
07-01 12:13:31.808  8234  8234 I Bugle   : SimChangeReceiver: SIM LOADED
07-01 12:13:31.809  8234  8234 I Bugle   : SimChangeReceiver: SIM LOADED
07-01 12:13:31.809  8234  8234 I BugleRcs: Broadcast disable RCS for availability (2)
