07-01 12:13:31.819  8234  8274 I Bugle   : Carrier configs loaded: Bundle[{carrier_volte_provisioned_bool=false, disable_charge_indication_bool=false, httpSocketTimeout=60000, carrier_wfc_supports_wifi_only_bool=false, carrier_default_actions_on_default_network_available_string_array=[Ljava.lang.String;@6948dcb, operator_selection_expand_bool=true, disable_cdma_activation_code_bool=false, simplified_network_settings_bool=false, call_barring_visibility_bool=false, enable_apps_string_array=null, carrier_default_wfc_ims_roaming_enabled_bool=false, cdma_nonroaming_networks_string_array=null, aliasMinChars=2, wfc_data_spn_format_idx_int=0, hide_sim_lock_settings_bool=false, drop_video_call_when_answering_audio_call_bool=false, ci_action_on_sys_update_bool=false, convert_cdma_caller_id_mmi_codes_while_roaming_on_3gpp_bool=false, support_enhanced_call_blocking_bool=false, vvm_port_number_int=1808, carrier_default_wfc_ims_enabled_bool=false, dial_string_replace_string_array=null, gsm_nonroaming_networks_string_array=null, hide_ims_apn_bool=false, vvm_destination_number_string=122, dtmf_type_enabled_bool=false, allow_video_calling_fallback_bool=true, config_ims_package_override_string=com.google.android.ims, smsToMmsTextThreshold=-1, disable_severe_when_extreme_disabled_bool=true, force_home_network_bool=false, enableSMSDeliveryReports=true, auto_retry_enabled_bool=false, play_call_recording_tone_bool=false, carrier_force_disable_etws_cmas_test_bool=false, allow_emergency_video_calls_bool=false, csp_enabled_bool=false, default_sim_call_manager_string=, call_forwarding_blocks_while_roaming_string_array=null, emergency_notification_delay_int=-1, support_video_conference_call_bool=false, ims_dtmf_tone_delay_int=0, show_signal_strength_in_sim_status_bool=true, data_rapid_notification_bool=true, carrier_instant_lettering_escaped_chars_string=, carrier_default_wfc_ims_roaming_mode_int=2, editable_wfc_mode_bool=true, support_direct_fdn_dialing_bool=false, carrier_wifi_string_array=null, treat_downgraded_video_calls_as_video_calls_bool=false, wifi_calls_can_be_hd_audio=true, support_downgrade_vt_to_audio_bool=true, notify_handover_video_from_lte_to_wifi_bool=false, use_otasp_for_provisioning_bool=false, always_play_remote_hold_tone_bool=false, maxMessageTextSize=-1, duration_blocking_disabled_after_emergency_int=7200, carrier_metered_roaming_apn_types_strings=[Ljava.lang.String;@67669a8, additional_settings_call_waiting_visibility_bool=true, show_video_call_charges_alert_dialog_bool=false, carrier_network_service_wlan_package_override_string=, show_apn_setting_cdma_bool=false, carrier_instant_lettering_length_limit_int=64, carrier_instant_lettering_invalid_chars_string=, carrier_setup_app_string=, editable_wfc_roaming_mode_bool=false, supportMmsContentDisposition=true, support_manage_ims_conference_call_bool=true, allow_non_emergency_calls_in_ecm_bool=true, carrier_data_service_wlan_package_override_string=, use_rcs_presence_bool=false, config_telephony_use_own_number_for_voicemail_bool=false, cdma_dtmf_tone_delay_int=100, editable_voicemail_number_bool=false, carrier_data_call_apn_retry_after_disconnect_long=10000, filtered_cnap_names_string_array=null, enabledTransID=false, aliasEnabled=false, vvm_disabled_capabilities_string_array=null, show_4g_for_lte_data_icon_bool=false, check_pricing_with_carrier_data_roaming_bool=false, ims_conference_size_limit_int=5, identify_high_definition_calls_in_call_log_bool=false, supportHttpCharsetHeader=false, vvm_prefetch_bool=true, hide_enhanced_4g_lte_bool=false, display_hd_audio_property_bool=true, has_in_call_noise_suppression_bool=false, enhanced_4g_lte_on_by_default_bool=true, data_limit_notification_bool=true, voicemail_notification_persistent_bool=false, carrier_default_actions_on_reset_string_array=[Ljava.lang.String;@48c5cc1, world_phone_bool=false, ims_reasoninfo_mapping_string_array=null, default_vm_number_string=, data_limit_threshold_bytes_long=-1, allowAttachAudio=true, ci_action_on_sys_update_extra_string=, ignore_sim_network_locked_events_bool=false, spamForwardingNumber=7726, cdma_home_regi
07-01 12:13:31.822  8234  8252 D RcsProvisioning: No backup token found
07-01 12:13:31.828  8234  8234 I CarrierServices: [2] inq.e: Network Operator: 310260
07-01 12:13:31.834  8234  8281 W Bugle   : ChatContentDecoratorGrpc: Instance created but no relevant features are enabled
07-01 12:13:31.842  8234  8234 I CarrierServices: [2] inq.e: carrierWithOldEcApis: false
07-01 12:13:31.843  8234  8234 I CarrierServices: [2] inq.e: hasDialerThatSupportsNewEc: false
07-01 12:13:31.844  8234  8274 I Bugle   : ApnsOta: OTA version -1
07-01 12:13:31.844  8234  8274 D Bugle   : Register Phenotype flag override receiver
07-01 12:13:31.857  8234  8234 I BugleRcs: updating RCS availability
07-01 12:13:31.857  8234  8234 I BugleRcs: RCS availability is already updating
07-01 12:13:31.857  8234  8279 I BugleRcs: No minimum Cs.apk version is set, not checking Cs.apk version
07-01 12:13:31.858  8234  8252 W RcsProvisioning: Failed to read configuration: /data/user/0/com.google.android.apps.messaging/files/rcsconfig (No such file or directory)
07-01 12:13:31.859  8234  8252 W RcsProvisioning: java.io.FileNotFoundException: /data/user/0/com.google.android.apps.messaging/files/rcsconfig (No such file or directory)
07-01 12:13:31.859  8234  8252 W RcsProvisioning: 	at java.io.FileInputStream.open0(Native Method)
07-01 12:13:31.859  8234  8252 W RcsProvisioning: 	at java.io.FileInputStream.open(FileInputStream.java:231)
07-01 12:13:31.859  8234  8252 W RcsProvisioning: 	at java.io.FileInputStream.<init>(FileInputStream.java:165)
07-01 12:13:31.859  8234  8252 W RcsProvisioning: 	at android.app.ContextImpl.openFileInput(ContextImpl.java:560)
07-01 12:13:31.859  8234  8252 W RcsProvisioning: 	at android.content.ContextWrapper.openFileInput(ContextWrapper.java:202)
07-01 12:13:31.859  8234  8252 W RcsProvisioning: 	at ion.a(SourceFile:2)
07-01 12:13:31.859  8234  8252 W RcsProvisioning: 	at idl.a(SourceFile:4)
07-01 12:13:31.859  8234  8252 W RcsProvisioning: 	at idm.a(SourceFile:7)
07-01 12:13:31.859  8234  8252 W RcsProvisioning: 	at iez.buildConferencesFileName(SourceFile:30)
07-01 12:13:31.859  8234  8252 W RcsProvisioning: 	at com.google.android.apps.messaging.rcsmigration.RcsStateProvider.buildRcsState(SourceFile:129)
07-01 12:13:31.859  8234  8252 W RcsProvisioning: 	at com.google.android.apps.messaging.rcsmigration.RcsStateProvider.getRcsState(SourceFile:6)
07-01 12:13:31.859  8234  8252 W RcsProvisioning: 	at com.google.android.ims.rcsmigration.IRcsStateProvider$Stub.dispatchTransaction(SourceFile:10)
07-01 12:13:31.859  8234  8252 W RcsProvisioning: 	at com.google.android.aidl.BaseStub.onTransact(SourceFile:18)
07-01 12:13:31.859  8234  8252 W RcsProvisioning: 	at android.os.Binder.execTransact(Binder.java:731)
07-01 12:13:31.859  8234  8252 D RcsProvisioning: Retrieving backup token
07-01 12:13:31.859  8234  8252 D RcsProvisioning: Exception while getting subscriber Id. Using default
07-01 12:13:31.869  1930  3677 W ActivityManager: Background start not allowed: service Intent { cmp=com.google.android.apps.messaging/.shared.datamodel.action.ActionExecutorImpl$EmptyService } to com.google.android.apps.messaging/.shared.datamodel.action.ActionExecutorImpl$EmptyService from pid=8234 uid=10084 pkg=com.google.android.apps.messaging startFg?=false
07-01 12:13:31.870  8234  8234 W BugleDataModel: service started without protection. DataModel.startActionUnsafe is deprecated. class com.google.android.apps.messaging.shared.datamodel.action.CommitPhenotypeAction-CommitPhenotypeAction:1656692011312008
07-01 12:13:31.870  8234  8234 W BugleDataModel: java.lang.IllegalStateException: Not allowed to start service Intent { cmp=com.google.android.apps.messaging/.shared.datamodel.action.ActionExecutorImpl$EmptyService }: app is in background uid UidRecord{ca0c0a3 u0a84 SVC  bg:+1h9m36s436ms idle procs:2 seq(0,0,0)}
07-01 12:13:31.870  8234  8234 W BugleDataModel: 	at android.app.ContextImpl.startServiceCommon(ContextImpl.java:1577)
07-01 12:13:31.870  8234  8234 W BugleDataModel: 	at android.app.ContextImpl.startService(ContextImpl.java:1532)
07-01 12:13:31.870  8234  8234 W BugleDataModel: 	at android.content.ContextWrapper.startService(ContextWrapper.java:664)
07-01 12:13:31.870  8234  8234 W BugleDataModel: 	at com.google.android.apps.messaging.shared.datamodel.action.ActionExecutorImpl.a(SourceFile:25)
07-01 12:13:31.870  8234  8234 W BugleDataModel: 	at cau.a(SourceFile:92)
07-01 12:13:31.870  8234  8234 W BugleDataModel: 	at cau.a(SourceFile:51)
07-01 12:13:31.870  8234  8234 W BugleDataModel: 	at cau.a(SourceFile:77)
07-01 12:13:31.870  8234  8234 W BugleDataModel: 	at com.google.android.apps.messaging.shared.datamodel.action.Action.startActionForReceiver(SourceFile:53)
07-01 12:13:31.870  8234  8234 W BugleDataModel: 	at com.google.android.apps.messaging.shared.datamodel.action.Action.startActionForReceiver(SourceFile:47)
07-01 12:13:31.870  8234  8234 W BugleDataModel: 	at com.google.android.apps.messaging.shared.datamodel.action.CommitPhenotypeAction.commitPhenotype(SourceFile:2)
07-01 12:13:31.870  8234  8234 W BugleDataModel: 	at cri.a(SourceFile:18)
07-01 12:13:31.870  8234  8234 W BugleDataModel: 	at crj.a(Unknown Source:2)
07-01 12:13:31.870  8234  8234 W BugleDataModel: 	at fyb.handleMessage(Unknown Source:51)
07-01 12:13:31.870  8234  8234 W BugleDataModel: 	at android.os.Handler.dispatchMessage(Handler.java:106)
07-01 12:13:31.870  8234  8234 W BugleDataModel: 	at android.os.Looper.loop(Looper.java:193)
07-01 12:13:31.870  8234  8234 W BugleDataModel: 	at android.app.ActivityThread.main(ActivityThread.java:6669)
07-01 12:13:31.870  8234  8234 W BugleDataModel: 	at java.lang.reflect.Method.invoke(Native Method)
07-01 12:13:31.870  8234  8234 W BugleDataModel: 	at com.android.internal.os.RuntimeInit$MethodAndArgsCaller.run(RuntimeInit.java:493)
07-01 12:13:31.870  8234  8234 W BugleDataModel: 	at com.android.internal.os.ZygoteInit.main(ZygoteInit.java:858)
07-01 12:13:31.872  8234  8283 V Bugle   : Committing bugle phenotype.
07-01 12:13:31.874  8234  8279 I BugleRcs: MCCMNC is NOT RCS enabled
07-01 12:13:31.874  8234  8279 I BugleRcs: Prod Fi device disabled - Not a Fi device
07-01 12:13:31.874  8234  8279 I BugleRcs: config server url unavailable - Carrier is not RCS enabled
07-01 12:13:31.874  8234  8279 V BugleRcs: RcsAvailability updated but unchanged: RCS is disabled for this carrier by Google
07-01 12:13:31.903  1930  3677 I ActivityManager: START u0 {act=android.content.pm.action.REQUEST_PERMISSIONS pkg=com.google.android.packageinstaller cmp=com.google.android.packageinstaller/com.android.packageinstaller.permission.ui.GrantPermissionsActivity (has extras)} from uid 10087
07-01 12:13:31.931  8301  8301 D OpenGLRenderer: Skia GL Pipeline
07-01 12:13:31.937  2082  2320 D EGL_emulation: eglMakeCurrent: 0xe2205480: ver 3 0 (tinfo 0xe22035a0)
07-01 12:13:31.941  3739  3770 D EGL_emulation: eglMakeCurrent: 0xe2205120: ver 3 0 (tinfo 0xe2203240)
07-01 12:13:31.942  1773  1969 E SurfaceFlinger: ro.sf.lcd_density must be defined as a build property
07-01 12:13:31.946  2723  2909 D EGL_emulation: eglMakeCurrent: 0xe2206980: ver 3 0 (tinfo 0xe2203910)
07-01 12:13:31.954  2082  2320 D EGL_emulation: eglMakeCurrent: 0xe2205480: ver 3 0 (tinfo 0xe22035a0)
07-01 12:13:31.958  2082  2320 D EGL_emulation: eglMakeCurrent: 0xe2205480: ver 3 0 (tinfo 0xe22035a0)
07-01 12:13:31.961  8234  8252 D RcsProvisioning: No backup token found
07-01 12:13:31.961  8234  8252 E CarrierServices: [404] iez.getFile: File not found.: /data/user/0/com.google.android.apps.messaging/files/httpft_pending (No such file or directory)
07-01 12:13:31.961  8234  8252 E CarrierServices: 	java.io.FileInputStream.open0(Native Method)
07-01 12:13:31.961  8234  8252 E CarrierServices: 	java.io.FileInputStream.open(FileInputStream.java:231)
07-01 12:13:31.961  8234  8252 E CarrierServices: 	java.io.FileInputStream.<init>(FileInputStream.java:165)
07-01 12:13:31.961  8234  8252 E CarrierServices: 	android.app.ContextImpl.openFileInput(ContextImpl.java:560)
07-01 12:13:31.961  8234  8252 E CarrierServices: 	android.content.ContextWrapper.openFileInput(ContextWrapper.java:202)
07-01 12:13:31.961  8234  8252 E CarrierServices: 	iez.getFile(SourceFile:20)
07-01 12:13:31.961  8234  8252 E CarrierServices: 	com.google.android.apps.messaging.rcsmigration.RcsStateProvider.buildRcsState(SourceFile:136)
07-01 12:13:31.961  8234  8252 E CarrierServices: 	com.google.android.apps.messaging.rcsmigration.RcsStateProvider.getRcsState(SourceFile:6)
07-01 12:13:31.961  8234  8252 E CarrierServices: 	com.google.android.ims.rcsmigration.IRcsStateProvider$Stub.dispatchTransaction(SourceFile:10)
07-01 12:13:31.961  8234  8252 E CarrierServices: 	com.google.android.aidl.BaseStub.onTransact(SourceFile:18)
07-01 12:13:31.961  8234  8252 E CarrierServices: 	android.os.Binder.execTransact(Binder.java:731)
07-01 12:13:31.967  4291  8330 I CarrierServices: [291] awt.doInBackground: Saving RCS State
07-01 12:13:31.967  4291  8330 I CarrierServices: [291] awt.doInBackground: Old operation mode: 2
07-01 12:13:31.967  4291  8330 I CarrierServices: [291] awt.doInBackground: New operation mode: 2
07-01 12:13:31.972  7513  7513 W ActivityThread: handleWindowVisibility: no activity for token android.os.BinderProxy@cbb1303
07-01 12:13:31.972  4291  4291 I CarrierServices: [2] bmq.a: RCS provisioning stopped!!
07-01 12:13:31.981  8234  8234 I BugleAction: IncomingRcsEventReceiver: Provisioning status: (I) RCS provisioning stopped!!
07-01 12:13:31.985  8234  8247 I CarrierServices: [402] RcsStateProvider.onMigrationComplete: Migration complete.
07-01 12:13:31.996  8234  8247 I CarrierServices: [402] inq.shouldUseCarrierServicesApkForV1Apis: Checking if using CarrierServices.apk is possible. Enabled: true, isAtLeastM: true, runningInsideBugle: true
07-01 12:13:32.005  8234  8247 I CarrierServices: [402] inq.e: Network Operator: 310260
07-01 12:13:32.008  8234  8247 I CarrierServices: [402] inq.e: carrierWithOldEcApis: false
07-01 12:13:32.008  8234  8247 I CarrierServices: [402] inq.e: hasDialerThatSupportsNewEc: false
07-01 12:13:32.008  8234  8247 I CarrierServices: [402] RcsStateProvider.onMigrationComplete: Rcs Engine should be running in cs.apk. Stopping JibeService.
07-01 12:13:32.009  8234  8247 I CarrierServices: [402] RcsStateProvider.onMigrationComplete: JibeService stopped: true
07-01 12:13:32.014  8234  8247 I CarrierServices: [402] inq.e: Network Operator: 310260
07-01 12:13:32.017  8234  8247 I CarrierServices: [402] inq.e: carrierWithOldEcApis: false
07-01 12:13:32.017  8234  8247 I CarrierServices: [402] inq.e: hasDialerThatSupportsNewEc: false
07-01 12:13:32.018  8234  8247 I CarrierServices: [402] jsn.connect: shouldUseCarrierServicesJibeService: true, CarrierServices rcs service found: true
07-01 12:13:32.018  8234  8247 I CarrierServices: [402] jsn.connect: Binding to JibeService in CarrierServices.
07-01 12:13:32.033  8234  8234 D RcsClientLib: Service com.google.android.rcs.client.chatsession.ChatSessionService connected. Will notify listeners: true
07-01 12:13:32.033  8234  8234 V BugleRcs: com.google.android.rcs.client.chatsession.ChatSessionService RCS service connected
07-01 12:13:32.036  8234  8247 I CarrierServices: [402] inq.e: Network Operator: 310260
07-01 12:13:32.047  8234  8247 I CarrierServices: [402] inq.e: carrierWithOldEcApis: false
07-01 12:13:32.048  1646  2364 D gralloc_ranchu: gralloc_alloc: Creating ashmem region of size 7659520
07-01 12:13:32.056  8234  8247 I CarrierServices: [402] inq.e: hasDialerThatSupportsNewEc: false
07-01 12:13:32.057  1646  1693 D gralloc_ranchu: gralloc_alloc: Creating ashmem region of size 7659520
07-01 12:13:32.060  8234  8247 I CarrierServices: [402] jsn.connect: shouldUseCarrierServicesJibeService: true, CarrierServices rcs service found: true
07-01 12:13:32.060  8234  8247 I CarrierServices: [402] jsn.connect: Binding to JibeService in CarrierServices.
07-01 12:13:32.063  1646  1646 D gralloc_ranchu: gralloc_alloc: Creating ashmem region of size 7659520
07-01 12:13:32.071  8234  8234 D RcsClientLib: Service com.google.android.rcs.client.events.EventService connected. Will notify listeners: true
07-01 12:13:32.071  8234  8234 V BugleRcs: com.google.android.rcs.client.events.EventService RCS service connected
07-01 12:13:32.074  8234  8247 I CarrierServices: [402] inq.e: Network Operator: 310260
07-01 12:13:32.075  8234  8247 I CarrierServices: [402] inq.e: carrierWithOldEcApis: false
07-01 12:13:32.075  8234  8247 I CarrierServices: [402] inq.e: hasDialerThatSupportsNewEc: false
07-01 12:13:32.078  8234  8247 I CarrierServices: [402] jsn.connect: shouldUseCarrierServicesJibeService: true, CarrierServices rcs service found: true
07-01 12:13:32.078  8234  8247 I CarrierServices: [402] jsn.connect: Binding to JibeService in CarrierServices.
07-01 12:13:32.080  1646  2364 D gralloc_ranchu: gralloc_alloc: Creating ashmem region of size 8298496
07-01 12:13:32.085  8234  8234 D RcsClientLib: Service com.google.android.rcs.client.contacts.ContactsService connected. Will notify listeners: true
07-01 12:13:32.085  8234  8234 V BugleRcs: com.google.android.rcs.client.contacts.ContactsService RCS service connected
07-01 12:13:32.086  8301  8327 D HostConnection: HostConnection::get() New Host Connection established 0xcf41d440, tid 8327
07-01 12:13:32.089  8234  8247 I CarrierServices: [402] inq.e: Network Operator: 310260
07-01 12:13:32.092  8234  8247 I CarrierServices: [402] inq.e: carrierWithOldEcApis: false
07-01 12:13:32.092  8234  8247 I CarrierServices: [402] inq.e: hasDialerThatSupportsNewEc: false
07-01 12:13:32.093  3014  3014 I GoogleInputMethod: onFinishInput() : Dummy InputConnection bound
07-01 12:13:32.094  3014  3014 I GoogleInputMethod: onStartInput() : Dummy InputConnection bound
07-01 12:13:32.095  7513  7530 D EGL_emulation: eglMakeCurrent: 0xdf5d0b00: ver 3 0 (tinfo 0xe01fb380)
07-01 12:13:32.097  8301  8327 D HostConnection: HostComposition ext ANDROID_EMU_CHECKSUM_HELPER_v1 ANDROID_EMU_native_sync_v2 ANDROID_EMU_native_sync_v3 ANDROID_EMU_native_sync_v4 ANDROID_EMU_dma_v1 ANDROID_EMU_YUV420_888_to_NV21 ANDROID_EMU_YUV_Cache ANDROID_EMU_async_unmap_buffer GL_OES_EGL_image_external_essl3 GL_OES_vertex_array_object GL_KHR_texture_compression_astc_ldr ANDROID_EMU_host_side_tracing ANDROID_EMU_gles_max_version_3_0 
07-01 12:13:32.103  1646  1646 D gralloc_ranchu: gralloc_alloc: Creating ashmem region of size 8298496
07-01 12:13:32.109  8234  8247 I CarrierServices: [402] jsn.connect: shouldUseCarrierServicesJibeService: true, CarrierServices rcs service found: true
07-01 12:13:32.109  8301  8327 I ConfigStore: android::hardware::configstore::V1_0::ISurfaceFlingerConfigs::hasWideColorDisplay retrieved: 0
07-01 12:13:32.109  8301  8327 I ConfigStore: android::hardware::configstore::V1_0::ISurfaceFlingerConfigs::hasHDRDisplay retrieved: 0
07-01 12:13:32.109  8234  8247 I CarrierServices: [402] jsn.connect: Binding to JibeService in CarrierServices.
07-01 12:13:32.109  8301  8327 I OpenGLRenderer: Initialized EGL, version 1.4
07-01 12:13:32.109  8301  8327 D OpenGLRenderer: Swap behavior 1
07-01 12:13:32.115  8301  8327 W OpenGLRenderer: Failed to choose config with EGL_SWAP_BEHAVIOR_PRESERVED, retrying without...
07-01 12:13:32.115  8301  8327 D OpenGLRenderer: Swap behavior 0
07-01 12:13:32.115  1646  2364 D gralloc_ranchu: gralloc_alloc: Creating ashmem region of size 8298496
07-01 12:13:32.124  8234  8234 D RcsClientLib: Service com.google.android.rcs.client.filetransfer.FileTransferService connected. Will notify listeners: true
07-01 12:13:32.124  8234  8234 V BugleRcs: com.google.android.rcs.client.filetransfer.FileTransferService RCS service connected
07-01 12:13:32.128  8301  8327 D eglCodecCommon: setVertexArrayObject: set vao to 0 (0) 0 0
07-01 12:13:32.129  8301  8327 D EGL_emulation: eglCreateContext: 0xdf5aa260: maj 3 min 0 rcv 3
07-01 12:13:32.130  8234  8247 I CarrierServices: [402] inq.e: Network Operator: 310260
07-01 12:13:32.137  8234  8247 I CarrierServices: [402] inq.e: carrierWithOldEcApis: false
07-01 12:13:32.137  8234  8247 I CarrierServices: [402] inq.e: hasDialerThatSupportsNewEc: false
07-01 12:13:32.139  8301  8327 D EGL_emulation: eglMakeCurrent: 0xdf5aa260: ver 3 0 (tinfo 0xe83b1f70)
07-01 12:13:32.147  1930  1952 I ActivityManager: Displayed com.google.android.packageinstaller/com.android.packageinstaller.permission.ui.GrantPermissionsActivity: +140ms (total +643ms)
07-01 12:13:32.149  8234  8247 I CarrierServices: [402] jsn.connect: shouldUseCarrierServicesJibeService: true, CarrierServices rcs service found: true
07-01 12:13:32.149  8234  8247 I CarrierServices: [402] jsn.connect: Binding to JibeService in CarrierServices.
07-01 12:13:32.155  8234  8247 I CarrierServices: [402] inq.e: Network Operator: 310260
07-01 12:13:32.157  8234  8247 I CarrierServices: [402] inq.e: carrierWithOldEcApis: false
07-01 12:13:32.157  8234  8247 I CarrierServices: [402] inq.e: hasDialerThatSupportsNewEc: false
07-01 12:13:32.161  8234  8247 I CarrierServices: [402] jsn.connect: shouldUseCarrierServicesJibeService: true, CarrierServices rcs service found: true
07-01 12:13:32.161  8234  8247 I CarrierServices: [402] jsn.connect: Binding to JibeService in CarrierServices.
07-01 12:13:32.161  8234  8234 D RcsClientLib: Service com.google.android.rcs.client.locationsharing.LocationSharingService connected. Will notify listeners: true
07-01 12:13:32.161  8234  8234 V BugleRcs: com.google.android.rcs.client.locationsharing.LocationSharingService RCS service connected
07-01 12:13:32.168  8234  8234 D RcsClientLib: Service com.google.android.rcs.client.ims.ImsConnectionTrackerService connected. Will notify listeners: true
07-01 12:13:32.168  8234  8234 V BugleRcs: com.google.android.rcs.client.ims.ImsConnectionTrackerService RCS service connected
07-01 12:13:32.169  8234  8234 V BugleRcs: kicking off RCS sending/receiving
07-01 12:13:32.173  1773  1812 E SurfaceFlinger: ro.sf.lcd_density must be defined as a build property
07-01 12:13:32.179  8234  8234 V BugleAction: no RCS because we're not registered
07-01 12:13:32.180  8234  8247 I CarrierServices: [402] inq.e: Network Operator: 310260
07-01 12:13:32.182  8234  8247 I CarrierServices: [402] inq.e: carrierWithOldEcApis: false
07-01 12:13:32.182  8234  8247 I CarrierServices: [402] inq.e: hasDialerThatSupportsNewEc: false
07-01 12:13:32.184  7513  7530 D EGL_emulation: eglMakeCurrent: 0xdf5d0b00: ver 3 0 (tinfo 0xe01fb380)
07-01 12:13:32.185  8234  8247 I CarrierServices: [402] jsn.connect: shouldUseCarrierServicesJibeService: true, CarrierServices rcs service found: true
07-01 12:13:32.185  8234  8247 I CarrierServices: [402] jsn.connect: Binding to JibeService in CarrierServices.
07-01 12:13:32.188  1646  2364 D gralloc_ranchu: gralloc_alloc: Creating ashmem region of size 7655424
07-01 12:13:32.189  8234  8234 D RcsClientLib: Service com.google.android.rcs.client.profile.RcsProfileService connected. Will notify listeners: true
07-01 12:13:32.189  8234  8234 V BugleRcs: com.google.android.rcs.client.profile.RcsProfileService RCS service connected
07-01 12:13:32.189  8234  8234 V BugleRcs: kicking off RCS sending/receiving
07-01 12:13:32.189  8234  8234 V BugleAction: no RCS because we're not registered
07-01 12:13:32.189  4291  4306 W CarrierServices: [242] bmc.a: No config URL. RCS will be disabled!
07-01 12:13:32.190  8234  8234 I BugleRcs: RcsAvailability ACS url: null
07-01 12:13:32.198  8234  8247 I CarrierServices: [402] inq.e: Network Operator: 310260
07-01 12:13:32.202  7513  7530 D EGL_emulation: eglMakeCurrent: 0xdf5d0b00: ver 3 0 (tinfo 0xe01fb380)
07-01 12:13:32.202  8234  8247 I CarrierServices: [402] inq.e: carrierWithOldEcApis: false
07-01 12:13:32.202  8234  8247 I CarrierServices: [402] inq.e: hasDialerThatSupportsNewEc: false
07-01 12:13:32.204  8301  8327 D HostConnection: createUnique: call
07-01 12:13:32.204  8301  8327 D HostConnection: HostConnection::get() New Host Connection established 0xcf41f150, tid 8327
07-01 12:13:32.205  8234  8247 I CarrierServices: [402] jsn.connect: shouldUseCarrierServicesJibeService: true, CarrierServices rcs service found: true
07-01 12:13:32.205  8234  8247 I CarrierServices: [402] jsn.connect: Binding to JibeService in CarrierServices.
07-01 12:13:32.207  1646  2364 D gralloc_ranchu: gralloc_alloc: Creating ashmem region of size 7655424
07-01 12:13:32.217  8234  8234 D RcsClientLib: Service com.google.android.rcs.client.businessinfo.BusinessInfoService connected. Will notify listeners: true
07-01 12:13:32.217  8234  8234 V BugleRcs: com.google.android.rcs.client.businessinfo.BusinessInfoService RCS service connected
07-01 12:13:32.219  8234  8234 V BugleRcs: kicking off RCS sending/receiving
07-01 12:13:32.222  8234  8234 V BugleAction: no RCS because we're not registered
07-01 12:13:32.223  4291  4306 W CarrierServices: [242] bmc.a: No config URL. RCS will be disabled!
07-01 12:13:32.224  8234  8234 I BugleRcs: RcsAvailability ACS url: null
07-01 12:13:32.226  8301  8327 D HostConnection: HostComposition ext ANDROID_EMU_CHECKSUM_HELPER_v1 ANDROID_EMU_native_sync_v2 ANDROID_EMU_native_sync_v3 ANDROID_EMU_native_sync_v4 ANDROID_EMU_dma_v1 ANDROID_EMU_YUV420_888_to_NV21 ANDROID_EMU_YUV_Cache ANDROID_EMU_async_unmap_buffer GL_OES_EGL_image_external_essl3 GL_OES_vertex_array_object GL_KHR_texture_compression_astc_ldr ANDROID_EMU_host_side_tracing ANDROID_EMU_gles_max_version_3_0 
07-01 12:13:32.226  8301  8327 E eglCodecCommon: GoldfishAddressSpaceHostMemoryAllocator: ioctl_ping failed for device_type=5, ret=-1
07-01 12:13:32.235  8234  8247 W RcsProvisioning: Failed to read configuration: /data/user/0/com.google.android.apps.messaging/files/rcsconfig (No such file or directory)
07-01 12:13:32.236  8234  8247 W RcsProvisioning: java.io.FileNotFoundException: /data/user/0/com.google.android.apps.messaging/files/rcsconfig (No such file or directory)
07-01 12:13:32.236  8234  8247 W RcsProvisioning: 	at java.io.FileInputStream.open0(Native Method)
07-01 12:13:32.236  8234  8247 W RcsProvisioning: 	at java.io.FileInputStream.open(FileInputStream.java:231)
07-01 12:13:32.236  8234  8247 W RcsProvisioning: 	at java.io.FileInputStream.<init>(FileInputStream.java:165)
07-01 12:13:32.236  8234  8247 W RcsProvisioning: 	at android.app.ContextImpl.openFileInput(ContextImpl.java:560)
07-01 12:13:32.236  8234  8247 W RcsProvisioning: 	at android.content.ContextWrapper.openFileInput(ContextWrapper.java:202)
07-01 12:13:32.236  8234  8247 W RcsProvisioning: 	at ion.a(SourceFile:2)
07-01 12:13:32.236  8234  8247 W RcsProvisioning: 	at idl.a(SourceFile:4)
07-01 12:13:32.236  8234  8247 W RcsProvisioning: 	at idm.a(SourceFile:7)
07-01 12:13:32.236  8234  8247 W RcsProvisioning: 	at com.google.android.apps.messaging.rcsmigration.RcsStateProvider.onMigrationComplete(SourceFile:27)
07-01 12:13:32.236  8234  8247 W RcsProvisioning: 	at com.google.android.ims.rcsmigration.IRcsStateProvider$Stub.dispatchTransaction(SourceFile:14)
07-01 12:13:32.236  8234  8247 W RcsProvisioning: 	at com.google.android.aidl.BaseStub.onTransact(SourceFile:18)
07-01 12:13:32.236  8234  8247 W RcsProvisioning: 	at android.os.Binder.execTransact(Binder.java:731)
07-01 12:13:32.236  8234  8247 D RcsProvisioning: Retrieving backup token
07-01 12:13:32.236  8234  8247 D RcsProvisioning: Exception while getting subscriber Id. Using default
07-01 12:13:32.237  8234  8234 I BugleRcs: updating RCS availability
07-01 12:13:32.238  8234  8234 I BugleRcs: RCS availability is already updating
07-01 12:13:32.240  8234  8281 I BugleRcs: No minimum Cs.apk version is set, not checking Cs.apk version
07-01 12:13:32.255  8234  8281 I BugleRcs: MCCMNC is NOT RCS enabled
07-01 12:13:32.255  8234  8281 I BugleRcs: Prod Fi device disabled - Not a Fi device
07-01 12:13:32.255  8234  8281 I BugleRcs: config server url unavailable - Carrier is not RCS enabled
07-01 12:13:32.255  8234  8281 V BugleRcs: RcsAvailability updated but unchanged: RCS is disabled for this carrier by Google
07-01 12:13:32.280  8301  8327 D EGL_emulation: eglMakeCurrent: 0xdf5aa260: ver 3 0 (tinfo 0xe83b1f70)
07-01 12:13:32.297  8301  8327 D eglCodecCommon: setVertexArrayObject: set vao to 0 (0) 1 2
07-01 12:13:32.316  1773  1773 W SurfaceFlinger: couldn't log to binary event log: overflow.
07-01 12:13:32.316  1773  1773 W SurfaceFlinger: couldn't log to binary event log: overflow.
07-01 12:13:32.342  2458  7554 I Icing   : Indexing com.google.android.gms-apps from com.google.android.gms
07-01 12:13:32.370  8234  8247 D RcsProvisioning: No backup token found
07-01 12:13:32.370  8234  8247 D RcsProvisioning: Clearing backup token
07-01 12:13:32.370  8234  8247 D RcsProvisioning: Exception while getting subscriber Id. Using default
07-01 12:13:32.373  1930  3617 I GnssLocationProvider: WakeLock acquired by sendMessage(REPORT_SV_STATUS, 0, com.android.server.location.GnssLocationProvider$SvStatusInfo@73d87ae)
07-01 12:13:32.373  1930  1943 I GnssLocationProvider: WakeLock released by handleMessage(REPORT_SV_STATUS, 0, com.android.server.location.GnssLocationProvider$SvStatusInfo@73d87ae)
07-01 12:13:32.422  8234  8247 I CarrierServices: [402] RcsStateProvider.onMigrationComplete: Deleted transfers file: false
07-01 12:13:32.425  8234  8247 W RcsProvisioning: Failed to read configuration: /data/user/0/com.google.android.apps.messaging/files/rcsconfig (No such file or directory)
07-01 12:13:32.425  8234  8247 W RcsProvisioning: java.io.FileNotFoundException: /data/user/0/com.google.android.apps.messaging/files/rcsconfig (No such file or directory)
07-01 12:13:32.425  8234  8247 W RcsProvisioning: 	at java.io.FileInputStream.open0(Native Method)
07-01 12:13:32.425  8234  8247 W RcsProvisioning: 	at java.io.FileInputStream.open(FileInputStream.java:231)
07-01 12:13:32.425  8234  8247 W RcsProvisioning: 	at java.io.FileInputStream.<init>(FileInputStream.java:165)
07-01 12:13:32.425  8234  8247 W RcsProvisioning: 	at android.app.ContextImpl.openFileInput(ContextImpl.java:560)
07-01 12:13:32.425  8234  8247 W RcsProvisioning: 	at android.content.ContextWrapper.openFileInput(ContextWrapper.java:202)
07-01 12:13:32.425  8234  8247 W RcsProvisioning: 	at ion.a(SourceFile:2)
07-01 12:13:32.425  8234  8247 W RcsProvisioning: 	at idl.a(SourceFile:4)
07-01 12:13:32.425  8234  8247 W RcsProvisioning: 	at idm.a(SourceFile:7)
07-01 12:13:32.425  8234  8247 W RcsProvisioning: 	at iez.buildConferencesFileName(SourceFile:30)
07-01 12:13:32.425  8234  8247 W RcsProvisioning: 	at com.google.android.apps.messaging.rcsmigration.RcsStateProvider.onMigrationComplete(SourceFile:48)
07-01 12:13:32.425  8234  8247 W RcsProvisioning: 	at com.google.android.ims.rcsmigration.IRcsStateProvider$Stub.dispatchTransaction(SourceFile:14)
07-01 12:13:32.425  8234  8247 W RcsProvisioning: 	at com.google.android.aidl.BaseStub.onTransact(SourceFile:18)
07-01 12:13:32.425  8234  8247 W RcsProvisioning: 	at android.os.Binder.execTransact(Binder.java:731)
07-01 12:13:32.425  8234  8247 D RcsProvisioning: Retrieving backup token
07-01 12:13:32.425  8234  8247 D RcsProvisioning: Exception while getting subscriber Id. Using default
07-01 12:13:32.440  3739  3739 I StreamRenderer: cleanUpRendererScope(nowcards-6148263516583886637)
07-01 12:13:32.458  3739  3739 I PBSessionCacheImpl: Deleted sessionId[154005873087] from persistence.
07-01 12:13:32.475  2458  7554 I Icing   : Indexing done com.google.android.gms-apps
07-01 12:13:32.479  3739  3739 W SearchService: Abort, client detached.
07-01 12:13:32.482  3739  3739 I StreamController: cleanUpControllerScope(nowcards-6148263516583886637)
07-01 12:13:32.506  3014  3014 I IcingNotification: Received intent: Intent { act=com.google.android.gms.icing.IME_NOTIFICATION flg=0x10 pkg=com.google.android.inputmethod.latin (has extras) }
07-01 12:13:32.527  3739  7994 I WorkController: WorkProxy is not enqueued because WorkController is disposed: WorkProxy{Name=context::j, WorkerId=context, id=d1e0bb4}
07-01 12:13:32.528  3739  7994 I WorkController: WorkProxy is not enqueued because WorkController is disposed: WorkProxy{Name=context::m, WorkerId=context, id=e9403dd}
07-01 12:13:32.528  3739  7994 I WorkController: WorkProxy is not enqueued because WorkController is disposed: WorkProxy{Name=context::n, WorkerId=context, id=8212b52}
07-01 12:13:32.536  3739  7994 I WorkController: WorkProxy is not enqueued because WorkController is disposed: WorkProxy{Name=context::p, WorkerId=context, id=4be9e23}
07-01 12:13:32.551  1773  1969 W SurfaceFlinger: Attempting to set client state on removed layer: Splash Screen com.android.gpstest#0
07-01 12:13:32.551  1773  1969 W SurfaceFlinger: Attempting to destroy on removed layer: Splash Screen com.android.gpstest#0
07-01 12:13:32.570  8234  8247 D RcsProvisioning: No backup token found
07-01 12:13:32.579  4291  4291 I CarrierServices: [2] aww.a: Unbinding RcsMigrationService
07-01 12:13:33.373  1930  3617 I GnssLocationProvider: WakeLock acquired by sendMessage(REPORT_SV_STATUS, 0, com.android.server.location.GnssLocationProvider$SvStatusInfo@d8e5d12)
07-01 12:13:33.376  1930  1943 I GnssLocationProvider: WakeLock released by handleMessage(REPORT_SV_STATUS, 0, com.android.server.location.GnssLocationProvider$SvStatusInfo@d8e5d12)
07-01 12:13:33.672  1930  2586 V BackupManagerConstants: getFullBackupRequiredNetworkType(...) returns 2
07-01 12:13:33.673  1930  2586 V BackupManagerConstants: getFullBackupRequireCharging(...) returns true
07-01 12:13:33.673  1646  2364 D gralloc_ranchu: gralloc_alloc: Creating ashmem region of size 7655424
07-01 12:13:34.378  1930  3617 I GnssLocationProvider: WakeLock acquired by sendMessage(REPORT_SV_STATUS, 0, com.android.server.location.GnssLocationProvider$SvStatusInfo@a116e0)
07-01 12:13:34.379  1930  1943 I GnssLocationProvider: WakeLock released by handleMessage(REPORT_SV_STATUS, 0, com.android.server.location.GnssLocationProvider$SvStatusInfo@a116e0)
07-01 12:13:34.993  1930  2050 E TaskPersister: File error accessing recents directory (directory doesn't exist?).
07-01 12:13:35.382  1930  3617 I GnssLocationProvider: WakeLock acquired by sendMessage(REPORT_SV_STATUS, 0, com.android.server.location.GnssLocationProvider$SvStatusInfo@acf2d99)
07-01 12:13:35.383  1930  1943 I GnssLocationProvider: WakeLock released by handleMessage(REPORT_SV_STATUS, 0, com.android.server.location.GnssLocationProvider$SvStatusInfo@acf2d99)
07-01 12:13:36.387  1930  3617 I GnssLocationProvider: WakeLock acquired by sendMessage(REPORT_SV_STATUS, 0, com.android.server.location.GnssLocationProvider$SvStatusInfo@771385e)
07-01 12:13:36.389  1930  1943 I GnssLocationProvider: WakeLock released by handleMessage(REPORT_SV_STATUS, 0, com.android.server.location.GnssLocationProvider$SvStatusInfo@771385e)
07-01 12:13:37.355  1930  8175 W ActivityManager: Background start not allowed: service Intent { cmp=com.google.android.apps.messaging/.shared.datamodel.action.ActionExecutorImpl$EmptyService } to com.google.android.apps.messaging/.shared.datamodel.action.ActionExecutorImpl$EmptyService from pid=8234 uid=10084 pkg=com.google.android.apps.messaging startFg?=false
07-01 12:13:37.356  8234  8234 W BugleDataModel: service started without protection. DataModel.startActionUnsafe is deprecated. class com.google.android.apps.messaging.shared.datamodel.action.FixupMessageStatusOnStartupAction-FixupMessageStatusOnStartupAction:1656692011312001
07-01 12:13:37.356  8234  8234 W BugleDataModel: java.lang.IllegalStateException: Not allowed to start service Intent { cmp=com.google.android.apps.messaging/.shared.datamodel.action.ActionExecutorImpl$EmptyService }: app is in background uid UidRecord{ca0c0a3 u0a84 SVC  bg:+1h9m41s921ms idle procs:2 seq(0,0,0)}
07-01 12:13:37.356  8234  8234 W BugleDataModel: 	at android.app.ContextImpl.startServiceCommon(ContextImpl.java:1577)
07-01 12:13:37.356  8234  8234 W BugleDataModel: 	at android.app.ContextImpl.startService(ContextImpl.java:1532)
07-01 12:13:37.356  8234  8234 W BugleDataModel: 	at android.content.ContextWrapper.startService(ContextWrapper.java:664)
07-01 12:13:37.356  8234  8234 W BugleDataModel: 	at com.google.android.apps.messaging.shared.datamodel.action.ActionExecutorImpl.a(SourceFile:25)
07-01 12:13:37.356  8234  8234 W BugleDataModel: 	at cau.a(SourceFile:92)
07-01 12:13:37.356  8234  8234 W BugleDataModel: 	at cav.run(Unknown Source:2)
07-01 12:13:37.356  8234  8234 W BugleDataModel: 	at android.os.Handler.handleCallback(Handler.java:873)
07-01 12:13:37.356  8234  8234 W BugleDataModel: 	at android.os.Handler.dispatchMessage(Handler.java:99)
07-01 12:13:37.356  8234  8234 W BugleDataModel: 	at android.os.Looper.loop(Looper.java:193)
07-01 12:13:37.356  8234  8234 W BugleDataModel: 	at android.app.ActivityThread.main(ActivityThread.java:6669)
07-01 12:13:37.356  8234  8234 W BugleDataModel: 	at java.lang.reflect.Method.invoke(Native Method)
07-01 12:13:37.356  8234  8234 W BugleDataModel: 	at com.android.internal.os.RuntimeInit$MethodAndArgsCaller.run(RuntimeInit.java:493)
07-01 12:13:37.356  8234  8234 W BugleDataModel: 	at com.android.internal.os.ZygoteInit.main(ZygoteInit.java:858)
07-01 12:13:37.358  8234  8234 W BugleDataModel: service started without protection. DataModel.startActionUnsafe is deprecated. class com.google.android.apps.messaging.shared.datamodel.action.ProcessPendingMessagesAction-ProcessPendingMessagesAction:1656692011312002
07-01 12:13:37.358  8234  8234 W BugleDataModel: java.lang.IllegalStateException: Not allowed to start service Intent { cmp=com.google.android.apps.messaging/.shared.datamodel.action.ActionExecutorImpl$EmptyService }: app is in background uid UidRecord{ca0c0a3 u0a84 SVC  bg:+1h9m41s923ms idle procs:2 seq(0,0,0)}
07-01 12:13:37.358  8234  8234 W BugleDataModel: 	at android.app.ContextImpl.startServiceCommon(ContextImpl.java:1577)
07-01 12:13:37.358  8234  8234 W BugleDataModel: 	at android.app.ContextImpl.startService(ContextImpl.java:1532)
07-01 12:13:37.358  8234  8234 W BugleDataModel: 	at android.content.ContextWrapper.startService(ContextWrapper.java:664)
07-01 12:13:37.358  8234  8234 W BugleDataModel: 	at com.google.android.apps.messaging.shared.datamodel.action.ActionExecutorImpl.a(SourceFile:25)
07-01 12:13:37.358  8234  8234 W BugleDataModel: 	at cau.a(SourceFile:92)
07-01 12:13:37.358  8234  8234 W BugleDataModel: 	at cav.run(Unknown Source:2)
07-01 12:13:37.358  8234  8234 W BugleDataModel: 	at android.os.Handler.handleCallback(Handler.java:873)
07-01 12:13:37.358  8234  8234 W BugleDataModel: 	at android.os.Handler.dispatchMessage(Handler.java:99)
07-01 12:13:37.358  8234  8234 W BugleDataModel: 	at android.os.Looper.loop(Looper.java:193)
07-01 12:13:37.358  8234  8234 W BugleDataModel: 	at android.app.ActivityThread.main(ActivityThread.java:6669)
07-01 12:13:37.358  8234  8234 W BugleDataModel: 	at java.lang.reflect.Method.invoke(Native Method)
07-01 12:13:37.358  8234  8234 W BugleDataModel: 	at com.android.internal.os.RuntimeInit$MethodAndArgsCaller.run(RuntimeInit.java:493)
07-01 12:13:37.358  8234  8234 W BugleDataModel: 	at com.android.internal.os.ZygoteInit.main(ZygoteInit.java:858)
07-01 12:13:37.370  8234  8282 I BugleDataModel: Fixup: Send failed - 0 Download failed - 0
07-01 12:13:37.380  8234  8282 I BugleDataModel: ProcessPendingMessagesAction: process from FixupMessageStatusOnStartupAction due to connectivity changed with queues:
07-01 12:13:37.380  8234  8282 I BugleDataModel: ProcessPendingMessagesAction: cleared next retry time for channel sms_send 
07-01 12:13:37.380  8234  8282 I BugleDataModel: ProcessPendingMessagesAction: cleared next retry time for channel mms_send 
07-01 12:13:37.381  8234  8282 I BugleDataModel: ProcessPendingMessagesAction: cleared next retry time for channel mms_download 
07-01 12:13:37.381  8234  8282 I BugleDataModel: ProcessPendingMessagesAction: cleared next retry time for channel rcs_send 
07-01 12:13:37.381  8234  8282 I BugleDataModel: ProcessPendingMessagesAction: cleared next retry time for channel rcs_ft_upload 
07-01 12:13:37.381  8234  8282 I BugleDataModel: ProcessPendingMessagesAction: cleared next retry time for channel rcs_ft_download 
07-01 12:13:37.381  8234  8282 I BugleDataModel: ProcessPendingMessagesAction: cleared next retry time for channel cloud_sync_send 
07-01 12:13:37.381  8234  8282 I BugleDataModel: ProcessPendingMessagesAction: cleared next retry time for channel cloud_sync_attachment_download 
07-01 12:13:37.389  1930  3617 I GnssLocationProvider: WakeLock acquired by sendMessage(REPORT_SV_STATUS, 0, com.android.server.location.GnssLocationProvider$SvStatusInfo@115d43f)
07-01 12:13:37.390  1930  1943 I GnssLocationProvider: WakeLock released by handleMessage(REPORT_SV_STATUS, 0, com.android.server.location.GnssLocationProvider$SvStatusInfo@115d43f)
07-01 12:13:37.391  8234  8282 I BugleDataModel: ProcessPendingMessagesAction: process from ProcessPendingMessagesAction due to scheduled processing with queues:
07-01 12:13:37.835  1930  1943 E memtrack: Couldn't load memtrack module
07-01 12:13:37.835  1930  1943 W android.os.Debug: failed to get memory consumption info: -1
07-01 12:13:37.357  1930  8175 W ActivityManager: Background start not allowed: service Intent { cmp=com.google.android.apps.messaging/.shared.datamodel.action.ActionExecutorImpl$EmptyService } to com.google.android.apps.messaging/.shared.datamodel.action.ActionExecutorImpl$EmptyService from pid=8234 uid=10084 pkg=com.google.android.apps.messaging startFg?=false
07-01 12:13:37.839  1930  5708 W ActivityManager: Background start not allowed: service Intent { cmp=com.google.android.apps.messaging/.shared.datamodel.action.ActionExecutorImpl$EmptyService } to com.google.android.apps.messaging/.shared.datamodel.action.ActionExecutorImpl$EmptyService from pid=8234 uid=10084 pkg=com.google.android.apps.messaging startFg?=false
07-01 12:13:37.843  8234  8283 I ShortcutBadger: Checking if platform supports badge counters, attempt 1/3.
07-01 12:13:37.846  8234  8283 I ShortcutBadger: Checking if platform supports badge counters, attempt 2/3.
07-01 12:13:37.848  8234  8283 I ShortcutBadger: Checking if platform supports badge counters, attempt 3/3.
07-01 12:13:37.849  1930  1943 E memtrack: Couldn't load memtrack module
07-01 12:13:37.849  1930  1943 W android.os.Debug: failed to get memory consumption info: -1
07-01 12:13:37.852  8234  8283 W ShortcutBadger: Badge counter seems not supported in this platform: unable to resolve intent: Intent { act=android.intent.action.BADGE_COUNT_UPDATE (has extras) }
07-01 12:13:37.858  1930  1943 E memtrack: Couldn't load memtrack module
07-01 12:13:37.858  1930  1943 W android.os.Debug: failed to get memory consumption info: -1
07-01 12:13:37.868  1930  1943 E memtrack: Couldn't load memtrack module
07-01 12:13:37.868  1930  1943 W android.os.Debug: failed to get memory consumption info: -1
07-01 12:13:37.877  1930  1943 E memtrack: Couldn't load memtrack module
07-01 12:13:37.877  1930  1943 W android.os.Debug: failed to get memory consumption info: -1
07-01 12:13:38.395  1930  3617 I GnssLocationProvider: WakeLock acquired by sendMessage(REPORT_SV_STATUS, 0, com.android.server.location.GnssLocationProvider$SvStatusInfo@89d755b)
07-01 12:13:38.397  1930  1943 I GnssLocationProvider: WakeLock released by handleMessage(REPORT_SV_STATUS, 0, com.android.server.location.GnssLocationProvider$SvStatusInfo@89d755b)
07-01 12:13:39.399  1930  3617 I GnssLocationProvider: WakeLock acquired by sendMessage(REPORT_SV_STATUS, 0, com.android.server.location.GnssLocationProvider$SvStatusInfo@42ee1f8)
07-01 12:13:39.400  1930  1943 I GnssLocationProvider: WakeLock released by handleMessage(REPORT_SV_STATUS, 0, com.android.server.location.GnssLocationProvider$SvStatusInfo@42ee1f8)
07-01 12:13:40.403  1930  3617 I GnssLocationProvider: WakeLock acquired by sendMessage(REPORT_SV_STATUS, 0, com.android.server.location.GnssLocationProvider$SvStatusInfo@e9ff6d1)
07-01 12:13:40.404  1930  1943 I GnssLocationProvider: WakeLock released by handleMessage(REPORT_SV_STATUS, 0, com.android.server.location.GnssLocationProvider$SvStatusInfo@e9ff6d1)
07-01 12:13:41.407  1930  3617 I GnssLocationProvider: WakeLock acquired by sendMessage(REPORT_SV_STATUS, 0, com.android.server.location.GnssLocationProvider$SvStatusInfo@df5f536)
07-01 12:13:41.408  1930  1943 I GnssLocationProvider: WakeLock released by handleMessage(REPORT_SV_STATUS, 0, com.android.server.location.GnssLocationProvider$SvStatusInfo@df5f536)
07-01 12:13:42.408  1930  3617 I GnssLocationProvider: WakeLock acquired by sendMessage(REPORT_SV_STATUS, 0, com.android.server.location.GnssLocationProvider$SvStatusInfo@340c37)
07-01 12:13:42.409  1930  1943 I GnssLocationProvider: WakeLock released by handleMessage(REPORT_SV_STATUS, 0, com.android.server.location.GnssLocationProvider$SvStatusInfo@340c37)
07-01 12:13:43.408  1930  3617 I GnssLocationProvider: WakeLock acquired by sendMessage(REPORT_SV_STATUS, 0, com.android.server.location.GnssLocationProvider$SvStatusInfo@ba42ec2)
07-01 12:13:43.409  1930  1943 I GnssLocationProvider: WakeLock released by handleMessage(REPORT_SV_STATUS, 0, com.android.server.location.GnssLocationProvider$SvStatusInfo@ba42ec2)
07-01 12:13:44.410  1930  3617 I GnssLocationProvider: WakeLock acquired by sendMessage(REPORT_SV_STATUS, 0, com.android.server.location.GnssLocationProvider$SvStatusInfo@73334d3)
07-01 12:13:44.411  1930  1943 I GnssLocationProvider: WakeLock released by handleMessage(REPORT_SV_STATUS, 0, com.android.server.location.GnssLocationProvider$SvStatusInfo@73334d3)
07-01 12:13:45.415  1930  3617 I GnssLocationProvider: WakeLock acquired by sendMessage(REPORT_SV_STATUS, 0, com.android.server.location.GnssLocationProvider$SvStatusInfo@917f810)
07-01 12:13:45.417  1930  1943 I GnssLocationProvider: WakeLock released by handleMessage(REPORT_SV_STATUS, 0, com.android.server.location.GnssLocationProvider$SvStatusInfo@917f810)
07-01 12:13:46.078  1930  1943 E memtrack: Couldn't load memtrack module
07-01 12:13:46.078  1930  1943 W android.os.Debug: failed to get memory consumption info: -1
07-01 12:13:46.084  5363  5363 I Finsky  : [2] abyu.onStartJob(3): SCH: onJobSchedulerWakeup with jobId 9004
07-01 12:13:46.087  5363  5363 I Finsky  : [2] abtz.a(9): SCH: Scheduling fallback job with id: 9034, and delay: 43200000 ms
07-01 12:13:46.090  5363  5363 I Finsky  : [2] abtz.b(9): SCH: Scheduling fallback in 64799998 (absolute: 69300988)
07-01 12:13:46.118  5363  5363 I Finsky  : [2] abui.handleMessage(8): SCH: DeviceState: DeviceState{currentTime=1656692026114, isCharging=false, isIdle=false, netAny=true, netNotRoaming=true, netUnmetered=true, batteryPercent=100.0}
07-01 12:13:46.123  5363  8029 I Finsky  : [481] abwt.b(5): SCH: Jobs in database: 1-1337 2-48879 12-1 24-77777777 26-1414141414 31-305419896 
07-01 12:13:46.127  5363  5363 I Finsky  : [2] abuj.b(10): SCH: Running job: 12-1
07-01 12:13:46.127  5363  5363 I Finsky  : [2] ContentSyncJob.r(1): [ContentSync] job started
07-01 12:13:46.128  5363  5363 I Finsky  : [2] abui.handleMessage(68): SCH: RunningQueue size: 1, PendingQueue size: 0
07-01 12:13:46.129  5363  5363 I Finsky  : [2] abuj.p(3): SCH: Running queue: 12-1 
07-01 12:13:46.194  5363  8340 I Finsky  : [507] glv.b(1): Completed 0 account content syncs with 0 successful.
07-01 12:13:46.201  5363  5363 I Finsky  : [2] ContentSyncJob.a(1): [ContentSync] Installation state replication succeeded.
07-01 12:13:46.201  5363  5363 I Finsky  : [2] abvs.n(4): SCH: jobFinished: 12-1. TimeElapsed: 74ms.
07-01 12:13:46.201  5363  5363 I Finsky  : [2] abuj.e(4): SCH: Job 12-1 finished. Not rescheduling.
07-01 12:13:46.202  5363  5363 I Finsky  : [2] abui.handleMessage(68): SCH: RunningQueue size: 0, PendingQueue size: 0
07-01 12:13:46.202  5363  5363 I Finsky  : [2] abui.handleMessage(26): SCH: Executor finished
07-01 12:13:46.216  5363  5363 I Finsky  : [2] abwt.b(5): SCH: Jobs in database: 1-1337 2-48879 24-77777777 26-1414141414 31-305419896 
07-01 12:13:46.218  5363  5363 I Finsky  : [2] abvf.d(37): SCH: ConstraintMapping: 24-77777777,  -> L: 0ms, D: 77250431ms, C: false, I: true, N: 0
07-01 12:13:46.218  5363  5363 I Finsky  : [2] abvf.d(37): SCH: ConstraintMapping: 1-1337, 31-305419896,  -> L: 3650396ms, D: 74389928ms, C: false, I: false, N: 1
07-01 12:13:46.218  5363  5363 I Finsky  : [2] abvf.d(37): SCH: ConstraintMapping: 2-48879,  -> L: 0ms, D: 80844057ms, C: true, I: true, N: 2
07-01 12:13:46.219  5363  5363 I Finsky  : [2] abvf.d(37): SCH: ConstraintMapping: 26-1414141414,  -> L: 38587589ms, D: 39487589ms, C: false, I: false, N: 0
07-01 12:13:46.226  5363  5363 I Finsky  : [2] abvf.f(7): SCH: Cancelling existing jobscheduler jobs: 9003 9007 9005 
07-01 12:13:46.226  5363  5363 I Finsky  : [2] abvf.e(8): SCH: Throttling wakeup for job 9000 (expected to run in 0 ms) due to recent wakeup
07-01 12:13:46.226  5363  5363 I Finsky  : [2] abvf.e(23): SCH: Scheduling job Id: 9000, L: 30000, D: 77250431, C: false, I: true, N: 0
07-01 12:13:46.228  5363  5363 I Finsky  : [2] abvf.e(23): SCH: Scheduling job Id: 9001, L: 3650396, D: 74389928, C: false, I: false, N: 1
07-01 12:13:46.230  5363  5363 I Finsky  : [2] abvf.e(8): SCH: Throttling wakeup for job 9002 (expected to run in 0 ms) due to recent wakeup
07-01 12:13:46.230  5363  5363 I Finsky  : [2] abvf.e(23): SCH: Scheduling job Id: 9002, L: 30000, D: 80844057, C: true, I: true, N: 2
07-01 12:13:46.232  5363  5363 I Finsky  : [2] abvf.e(23): SCH: Scheduling job Id: 9006, L: 38587589, D: 39487589, C: false, I: false, N: 0
07-01 12:13:46.417  1930  3617 I GnssLocationProvider: WakeLock acquired by sendMessage(REPORT_SV_STATUS, 0, com.android.server.location.GnssLocationProvider$SvStatusInfo@243f57d)
