03-16 16:56:25.696  1877  2158 I GnssLocationProvider: WakeLock acquired by sendMessage(REPORT_SV_STATUS, 0, com.android.server.location.GnssLocationProvider$SvStatusInfo@8859262)
03-16 16:56:25.697  1877  1890 I GnssLocationProvider: WakeLock released by handleMessage(REPORT_SV_STATUS, 0, com.android.server.location.GnssLocationProvider$SvStatusInfo@8859262)
03-16 16:56:26.701  1877  2158 I GnssLocationProvider: WakeLock acquired by sendMessage(REPORT_SV_STATUS, 0, com.android.server.location.GnssLocationProvider$SvStatusInfo@d455ff3)
03-16 16:56:26.702  1877  1890 I GnssLocationProvider: WakeLock released by handleMessage(REPORT_SV_STATUS, 0, com.android.server.location.GnssLocationProvider$SvStatusInfo@d455ff3)
03-16 16:56:27.354  1877  1891 I ActivityManager: Force stopping com.android.gpstest appid=10208 user=-1: deletePackageX
03-16 16:56:27.355  1877  1891 I ActivityManager: Killing 10205:com.android.gpstest/u0a208 (adj 900): stop com.android.gpstest
03-16 16:56:27.367  1877  1894 W libprocessgroup: kill(-10205, 9) failed: No such process
03-16 16:56:27.406  1877  1894 W libprocessgroup: kill(-10205, 9) failed: No such process
03-16 16:56:27.415  1877  1890 E memtrack: Couldn't load memtrack module
03-16 16:56:27.415  1877  1890 W android.os.Debug: failed to get memory consumption info: -1
03-16 16:56:27.430  1877  1890 E memtrack: Couldn't load memtrack module
03-16 16:56:27.430  1877  1890 W android.os.Debug: failed to get memory consumption info: -1
03-16 16:56:27.443  1877  1894 W libprocessgroup: kill(-10205, 9) failed: No such process
03-16 16:56:27.444  1877  1890 E memtrack: Couldn't load memtrack module
03-16 16:56:27.444  1877  1890 W android.os.Debug: failed to get memory consumption info: -1
03-16 16:56:27.483  1877  1894 W libprocessgroup: kill(-10205, 9) failed: No such process
03-16 16:56:27.502  1738  1738 I Zygote  : Process 10205 exited due to signal (9)
03-16 16:56:27.510  1877  1899 W ActivityManager: setHasOverlayUi called on unknown pid: 10205
03-16 16:56:27.525  1877  1894 W libprocessgroup: kill(-10205, 9) failed: No such process
03-16 16:56:27.525  1877  1894 I libprocessgroup: Successfully killed process cgroup uid 10208 pid 10205 in 163ms
03-16 16:56:27.665  1743  1743 I keystore: clear_uid 10208
03-16 16:56:27.707  1877  2158 I GnssLocationProvider: WakeLock acquired by sendMessage(REPORT_SV_STATUS, 0, com.android.server.location.GnssLocationProvider$SvStatusInfo@2b814b0)
03-16 16:56:27.708  1877  1890 I GnssLocationProvider: WakeLock released by handleMessage(REPORT_SV_STATUS, 0, com.android.server.location.GnssLocationProvider$SvStatusInfo@2b814b0)
03-16 16:56:28.830  1877  2158 I GnssLocationProvider: WakeLock acquired by sendMessage(REPORT_SV_STATUS, 0, com.android.server.location.GnssLocationProvider$SvStatusInfo@ece9f29)
03-16 16:56:28.839  1877  1890 I GnssLocationProvider: WakeLock released by handleMessage(REPORT_SV_STATUS, 0, com.android.server.location.GnssLocationProvider$SvStatusInfo@ece9f29)
03-16 16:56:29.693  1877  1913 I system_server: Explicit concurrent copying GC freed 84977(3MB) AllocSpace objects, 40(1640KB) LOS objects, 24% free, 18MB/24MB, paused 745us total 2.018s
03-16 16:56:29.714  1877  2158 I GnssLocationProvider: WakeLock acquired by sendMessage(REPORT_SV_STATUS, 0, com.android.server.location.GnssLocationProvider$SvStatusInfo@52e72ae)
03-16 16:56:29.714  1877  1890 I GnssLocationProvider: WakeLock released by handleMessage(REPORT_SV_STATUS, 0, com.android.server.location.GnssLocationProvider$SvStatusInfo@52e72ae)
03-16 16:56:29.745  1877  1913 I ActivityManager: Force stopping com.android.gpstest appid=10208 user=0: pkg removed
03-16 16:56:29.832  1877  1891 W BroadcastQueue: Background execution not allowed: receiving Intent { act=android.intent.action.PACKAGE_REMOVED dat=package:com.android.gpstest flg=0x4000010 (has extras) } to com.android.musicfx/.Compatibility$Receiver
03-16 16:56:29.832  1877  1891 W BroadcastQueue: Background execution not allowed: receiving Intent { act=android.intent.action.PACKAGE_REMOVED dat=package:com.android.gpstest flg=0x4000010 (has extras) } to com.android.vending/com.google.android.finsky.packagemonitor.impl.PackageMonitorReceiverImpl$RegisteredReceiver
03-16 16:56:29.832  1877  1891 W BroadcastQueue: Background execution not allowed: receiving Intent { act=android.intent.action.PACKAGE_REMOVED dat=package:com.android.gpstest flg=0x4000010 (has extras) } to com.android.vending/com.google.android.finsky.packagemonitor.backgroundimpl.BackgroundPackageMonitorReceiverImpl$RegisteredReceiver
03-16 16:56:29.833  1877  1891 W BroadcastQueue: Background execution not allowed: receiving Intent { act=android.intent.action.PACKAGE_REMOVED dat=package:com.android.gpstest flg=0x4000010 (has extras) } to com.android.vending/com.google.android.finsky.instantapps.appmanagement.InstantAppRemoveMonitor
03-16 16:56:29.833  1877  1891 W BroadcastQueue: Background execution not allowed: receiving Intent { act=android.intent.action.PACKAGE_REMOVED dat=package:com.android.gpstest flg=0x4000010 (has extras) } to com.google.android.gms/.games.chimera.GamesSystemBroadcastReceiverProxy
03-16 16:56:29.834  1877  1891 W BroadcastQueue: Background execution not allowed: receiving Intent { act=android.intent.action.PACKAGE_REMOVED dat=package:com.android.gpstest flg=0x4000010 (has extras) } to com.google.android.gms/.chimera.GmsIntentOperationService$PersistentTrustedReceiver
03-16 16:56:29.834  1877  1891 W BroadcastQueue: Background execution not allowed: receiving Intent { act=android.intent.action.PACKAGE_REMOVED dat=package:com.android.gpstest flg=0x4000010 (has extras) } to com.google.android.googlequicksearchbox/com.google.android.apps.gsa.googlequicksearchbox.GelStubAppWatcher
03-16 16:56:29.928  7425  7425 I Finsky  : [2] usk.f(0): usk - Received: android.intent.action.PACKAGE_REMOVED, [1Gs0hyxgBQbxymtIaNymu4YClFghhsGmEnKp-_4-M4A]
03-16 16:56:29.940  2497  2497 I GsaVoiceInteractionSrv: (REDACTED) O received %s
03-16 16:56:29.946  2124  2124 D CarrierSvcBindHelper: No carrier app for: 0
03-16 16:56:30.068  6787 11863 I BlockstoreStorage: Clearing all the Blockstore Data for package com.android.gpstest [CONTEXT service_id=258 ]
03-16 16:56:30.068  6787 11863 I BlockstoreStorage: Clearing all the Blockstore Data for 1 packages [CONTEXT service_id=258 ]
03-16 16:56:30.121  5613 11858 I Fitness : FitCleanupIntentOperation received Intent android.intent.action.PACKAGE_REMOVED [CONTEXT service_id=17 ]
03-16 16:56:30.139  7425  7425 I Finsky  : [2] uta.s(5): Package no longer installed: com.android.gpstest
03-16 16:56:30.161  1877  1963 I InputReader: Reconfiguring input devices.  changes=0x00000010
03-16 16:56:30.164  6787 32428 I ContentMaintenance: Internal cache bytes used: 0; limit: 100000000; download size: 0
03-16 16:56:30.179  7540  7540 I Finsky:background: [2] usb.f(5): usb - Received: android.intent.action.PACKAGE_REMOVED, [1Gs0hyxgBQbxymtIaNymu4YClFghhsGmEnKp-_4-M4A]
03-16 16:56:30.192  6787 11706 I Icing   : doRemovePackageData com.android.gpstest
03-16 16:56:30.199  6787 32428 I RealtimeCacheCleanup: Beginning Realtime garbage collection.
03-16 16:56:30.225  1877  1877 W Looper  : Slow dispatch took 240ms main h=android.app.ActivityThread$H c=android.app.-$$Lambda$LoadedApk$ReceiverDispatcher$Args$_BumDX2UKsnxLVrE6UJsJZkotuA@39b345b m=0
03-16 16:56:30.226  1877  1877 W Looper  : Slow delivery took 400ms main h=android.app.ActivityThread$H c=android.app.-$$Lambda$LoadedApk$ReceiverDispatcher$Args$_BumDX2UKsnxLVrE6UJsJZkotuA@c6b34f8 m=0
03-16 16:56:30.237  6787 32428 I RealtimeCacheCleanup: Finished Realtime garbage collection.
03-16 16:56:30.256  1877  1877 I ConditionProviders: Disallowing condition provider com.android.gpstest
03-16 16:56:30.284  7425  7425 I Finsky  : [2] uta.s(5): Package no longer installed: com.android.gpstest
03-16 16:56:30.304  7540  7540 I Finsky:background: [2] uta.s(5): Package no longer installed: com.android.gpstest
03-16 16:56:30.305  7425  7425 I Finsky  : [2] afgy.c(5): Do not start WearSupportService due to Wear service optimization
03-16 16:56:30.354  7540  7540 I Finsky:background: [2] uta.s(5): Package no longer installed: com.android.gpstest
03-16 16:56:30.404  3506  3506 E CarrierServices: [2] btx.a: Invalid signature found for com.android.contacts: 18B66F4996F3D01CEAD29D3A3AA81801E7950B82
03-16 16:56:30.438  3506  3506 E CarrierServices: [2] btx.a: Invalid signature found for com.android.contacts: 18B66F4996F3D01CEAD29D3A3AA81801E7950B82
03-16 16:56:30.469  6787  6787 D BoundBrokerSvc: onBind: Intent { act=com.google.android.gms.feedback.internal.IFeedbackService dat=chimera-action: cmp=com.google.android.gms/.chimera.GmsBoundBrokerService }
03-16 16:56:30.469  6787  6787 D BoundBrokerSvc: Loading bound service for intent: Intent { act=com.google.android.gms.feedback.internal.IFeedbackService dat=chimera-action: cmp=com.google.android.gms/.chimera.GmsBoundBrokerService }
03-16 16:56:30.519  7425  7425 I Finsky  : [2] yyx.a(8): Clearing split related stale data.
03-16 16:56:30.540  6787  6946 I Icing   : IndexChimeraService.getServiceInterface callingPackage=com.google.android.gms componentName=AppsCorpus serviceId=36
03-16 16:56:30.557  2569  2581 I s.nexuslaunche: Background concurrent copying GC freed 10482(557KB) AllocSpace objects, 3(192KB) LOS objects, 40% free, 8MB/14MB, paused 1.552ms total 801.474ms
03-16 16:56:30.597  7425 11889 I Finsky  : [1069] pmh.accept(15): IQ: handled package removed
03-16 16:56:30.607  6787 23540 W Icing   : No valid account for uploading user actions
03-16 16:56:30.628  7425  7498 E Finsky  : [959] uce.accept(51): Failed to update MultiAppNotificationValueStore
03-16 16:56:30.628  7425  7498 E Finsky  : java.lang.NullPointerException: Attempt to invoke virtual method 'java.lang.Class java.lang.Object.getClass()' on a null object reference
03-16 16:56:30.628  7425  7498 E Finsky  : 	at amqm.e(PG:3)
03-16 16:56:30.628  7425  7498 E Finsky  : 	at amqo.run(PG:9)
03-16 16:56:30.628  7425  7498 E Finsky  : 	at java.util.concurrent.ThreadPoolExecutor.runWorker(ThreadPoolExecutor.java:1167)
03-16 16:56:30.628  7425  7498 E Finsky  : 	at java.util.concurrent.ThreadPoolExecutor$Worker.run(ThreadPoolExecutor.java:641)
03-16 16:56:30.628  7425  7498 E Finsky  : 	at kii.run(PG:5)
03-16 16:56:30.628  7425  7498 E Finsky  : 	at java.lang.Thread.run(Thread.java:764)
03-16 16:56:30.629  7540 11882 I Finsky:background: [980] mxn.run(33): Frosting DB delete succeeded: false
03-16 16:56:30.629  7425 11876 I Finsky  : [1061] mxn.run(33): Frosting DB delete succeeded: true
03-16 16:56:30.630  7425 11885 I Finsky  : [1066] jql.abD(20): [ContentSync] finished, scheduled=false
03-16 16:56:30.633  7540 11882 I Finsky:background: [980] mxn.run(33): Frosting DB delete succeeded: false
03-16 16:56:30.635  7425 11892 I Finsky  : [1070] as.a(9): Asset module storage cleared for package com.android.gpstest.
03-16 16:56:30.644  6787 23540 I Icing   : Usage reports ok 0, Failed Usage reports 0, indexed 0, rejected 0
03-16 16:56:30.663  7425 11876 I Finsky  : [1061] mxn.run(33): Frosting DB delete succeeded: false
03-16 16:56:30.664  7378 11853 I ProvidersCache: Provider returned no roots. Possibly naughty: com.google.android.apps.docs.storage
03-16 16:56:30.678  6787 23540 I Icing   : Indexing com.google.android.gms-apps from com.google.android.gms
03-16 16:56:30.683  6787  6965 I Icing   : IndexChimeraService.getServiceInterface callingPackage=com.google.android.gms componentName=null serviceId=30
03-16 16:56:30.716  1877  2158 I GnssLocationProvider: WakeLock acquired by sendMessage(REPORT_SV_STATUS, 0, com.android.server.location.GnssLocationProvider$SvStatusInfo@f6d7d6e)
03-16 16:56:30.720  6787 23540 W Icing   : No valid account for uploading user actions
03-16 16:56:30.729  6787 23540 I Icing   : Usage reports ok 0, Failed Usage reports 0, indexed 0, rejected 0
03-16 16:56:30.731  6787 23540 I Icing   : Indexing done com.google.android.gms-apps
03-16 16:56:31.627  1877  1877 W Looper  : Slow dispatch took 1338ms main h=android.app.ActivityThread$H c=android.app.-$$Lambda$LoadedApk$ReceiverDispatcher$Args$_BumDX2UKsnxLVrE6UJsJZkotuA@57eb0fc m=0
03-16 16:56:31.643  1877  1976 D WifiConfigManager: Remove all networks for app ApplicationInfo{fc65385 com.android.gpstest}
03-16 16:56:31.666  1877  1890 I GnssLocationProvider: WakeLock released by handleMessage(REPORT_SV_STATUS, 0, com.android.server.location.GnssLocationProvider$SvStatusInfo@f6d7d6e)
03-16 16:56:31.702  7425  7425 I Finsky  : [2] usk.f(0): usk - Received: android.intent.action.PACKAGE_FULLY_REMOVED, [1Gs0hyxgBQbxymtIaNymu4YClFghhsGmEnKp-_4-M4A]
03-16 16:56:31.704  7425  7425 I Finsky  : [2] uta.s(5): Package no longer installed: com.android.gpstest
03-16 16:56:31.705  7425  7425 I Finsky  : [2] usk.f(0): usk - Deduping intent android.intent.action.PACKAGE_FULLY_REMOVED
03-16 16:56:31.706  7425 11876 I Finsky  : [1061] mxn.run(33): Frosting DB delete succeeded: false
03-16 16:56:31.721  1877  2158 I GnssLocationProvider: WakeLock acquired by sendMessage(REPORT_SV_STATUS, 0, com.android.server.location.GnssLocationProvider$SvStatusInfo@e9c5a0b)
03-16 16:56:31.723  7540  7540 I Finsky:background: [2] usb.f(5): usb - Received: android.intent.action.PACKAGE_FULLY_REMOVED, [1Gs0hyxgBQbxymtIaNymu4YClFghhsGmEnKp-_4-M4A]
03-16 16:56:31.725  7540  7540 I Finsky:background: [2] uta.s(5): Package no longer installed: com.android.gpstest
03-16 16:56:31.726  7540 11882 I Finsky:background: [980] mxn.run(33): Frosting DB delete succeeded: false
03-16 16:56:31.731  7540  7540 I Finsky:background: [2] usb.f(5): usb - Deduping intent android.intent.action.PACKAGE_FULLY_REMOVED
03-16 16:56:31.733  1877  1890 I GnssLocationProvider: WakeLock released by handleMessage(REPORT_SV_STATUS, 0, com.android.server.location.GnssLocationProvider$SvStatusInfo@e9c5a0b)
03-16 16:56:31.851  1877  1877 W Looper  : Drained
03-16 16:56:31.873  1877  1913 I PackageManager.DexOptimizer: Running dexopt (dexoptNeeded=1) on: /data/app/com.android.gpstest-TcS76C3dnF_2uvWOSmxS1A==/base.apk pkg=com.android.gpstest isa=x86 dexoptFlags=boot_complete,profile_guided,public,enable_hidden_api_checks targetFilter=speed-profile oatDir=/data/app/com.android.gpstest-TcS76C3dnF_2uvWOSmxS1A==/oat classLoaderContext=PCL[/system/framework/org.apache.http.legacy.boot.jar]
03-16 16:56:31.875  1742  1956 V installed: DexInv: --- BEGIN '/data/app/com.android.gpstest-TcS76C3dnF_2uvWOSmxS1A==/base.apk' ---
03-16 16:56:31.879  6787  6787 D BoundBrokerSvc: onBind: Intent { act=com.google.android.gms.common.BIND_SHARED_PREFS pkg=com.google.android.gms }
03-16 16:56:31.879  6787  6787 D BoundBrokerSvc: Loading bound service for intent: Intent { act=com.google.android.gms.common.BIND_SHARED_PREFS pkg=com.google.android.gms }
03-16 16:56:31.889  6787  6787 D BoundBrokerSvc: onUnbind: Intent { act=com.google.android.gms.common.BIND_SHARED_PREFS pkg=com.google.android.gms }
03-16 16:56:32.000 11906 11906 W dex2oat : Unexpected CPU variant for X86 using defaults: x86
03-16 16:56:32.000 11906 11906 W dex2oat : Mismatch between dex2oat instruction set features (ISA: X86 Feature string: -ssse3,-sse4.1,-sse4.2,-avx,-avx2,-popcnt) and those of dex2oat executable (ISA: X86 Feature string: ssse3,-sse4.1,-sse4.2,-avx,-avx2,-popcnt) for the command line:
03-16 16:56:32.000 11906 11906 W dex2oat : /system/bin/dex2oat --zip-fd=8 --zip-location=base.apk --input-vdex-fd=-1 --output-vdex-fd=10 --oat-fd=9 --oat-location=/data/app/com.android.gpstest-TcS76C3dnF_2uvWOSmxS1A==/oat/x86/base.odex --instruction-set=x86 --instruction-set-variant=x86 --instruction-set-features=default --runtime-arg -Xms64m --runtime-arg -Xmx512m --compiler-filter=speed-profile --swap-fd=11 --app-image-fd=12 --image-format=lz4 --classpath-dir=/data/app/com.android.gpstest-TcS76C3dnF_2uvWOSmxS1A== --class-loader-context=PCL[/system/framework/org.apache.http.legacy.boot.jar] --generate-mini-debug-info --compact-dex-level=none --runtime-arg -Xtarget-sdk-version:29 --runtime-arg -Xhidden-api-checks --compilation-reason=install
03-16 16:56:32.001 11906 11906 I dex2oat : /system/bin/dex2oat --input-vdex-fd=-1 --output-vdex-fd=10 --compiler-filter=speed-profile --classpath-dir=/data/app/com.android.gpstest-TcS76C3dnF_2uvWOSmxS1A== --class-loader-context=PCL[/system/framework/org.apache.http.legacy.boot.jar] --generate-mini-debug-info --compact-dex-level=none --compilation-reason=install
03-16 16:56:32.721  1877  2158 I GnssLocationProvider: WakeLock acquired by sendMessage(REPORT_SV_STATUS, 0, com.android.server.location.GnssLocationProvider$SvStatusInfo@64e512c)
03-16 16:56:32.723  1877  1890 I GnssLocationProvider: WakeLock released by handleMessage(REPORT_SV_STATUS, 0, com.android.server.location.GnssLocationProvider$SvStatusInfo@64e512c)
03-16 16:56:32.743  1750  1793 E storaged: getDiskStats failed with result NOT_SUPPORTED and size 0
03-16 16:56:33.721  1877  2158 I GnssLocationProvider: WakeLock acquired by sendMessage(REPORT_SV_STATUS, 0, com.android.server.location.GnssLocationProvider$SvStatusInfo@ca7d98a)
03-16 16:56:33.722  1877  1890 I GnssLocationProvider: WakeLock released by handleMessage(REPORT_SV_STATUS, 0, com.android.server.location.GnssLocationProvider$SvStatusInfo@ca7d98a)
03-16 16:56:33.760 11906 11906 I dex2oat : Explicit concurrent copying GC freed 9601(2MB) AllocSpace objects, 0(0B) LOS objects, 99% free, 896B/1536KB, paused 309us total 3.280ms
03-16 16:56:34.001 11906 11906 I dex2oat : dex2oat took 2.007s (5.311s cpu) (threads: 4) arena alloc=3KB (3400B) java alloc=16KB (17280B) native alloc=3MB (4023032B) free=2MB (2792712B)
03-16 16:56:34.005  1742  1956 V installed: DexInv: --- END '/data/app/com.android.gpstest-TcS76C3dnF_2uvWOSmxS1A==/base.apk' (success) ---
03-16 16:56:34.007  1877  1913 V BackupManagerService: restoreAtInstall pkg=com.android.gpstest token=49 restoreSet=0
03-16 16:56:34.012  1877  1913 V BackupManagerService: Finishing install immediately
03-16 16:56:34.015  1742  1956 E         : Couldn't opendir /data/app/vmdl433054694.tmp: No such file or directory
03-16 16:56:34.015  1742  1956 E installd: Failed to delete /data/app/vmdl433054694.tmp: No such file or directory
03-16 16:56:34.032  1877  1963 I InputReader: Reconfiguring input devices.  changes=0x00000010
03-16 16:56:34.035  2497  2497 I GsaVoiceInteractionSrv: (REDACTED) O received %s
03-16 16:56:34.035  7425  7425 I Finsky  : [2] usk.f(0): usk - Received: android.intent.action.PACKAGE_ADDED, [1Gs0hyxgBQbxymtIaNymu4YClFghhsGmEnKp-_4-M4A]
03-16 16:56:34.038  7540  7540 I Finsky:background: [2] usb.f(5): usb - Received: android.intent.action.PACKAGE_ADDED, [1Gs0hyxgBQbxymtIaNymu4YClFghhsGmEnKp-_4-M4A]
03-16 16:56:34.063  3506  3506 I CarrierServices: [2] RcsAutoStartReceiver.b: carrierServicesJibeServiceEnabled changed from true to true
03-16 16:56:34.072  3506  3506 I CarrierServices: [2] RcsAutoStartReceiver.b: enableRcs changed from true to true
03-16 16:56:34.073  3506  3506 I CarrierServices: [2] RcsAutoStartReceiver.b: RcsAutoStartReceiver triggered. Fetching RCS State. Action: android.intent.action.PACKAGE_ADDED
03-16 16:56:34.076  1877  2540 W BroadcastQueue: Background execution not allowed: receiving Intent { act=android.intent.action.PACKAGE_ADDED dat=package:com.android.gpstest flg=0x4000010 (has extras) } to com.android.musicfx/.Compatibility$Receiver
03-16 16:56:34.078  1877  1891 W BroadcastQueue: Background execution not allowed: receiving Intent { act=android.intent.action.PACKAGE_ADDED dat=package:com.android.gpstest flg=0x4000010 (has extras) } to com.android.vending/com.google.android.finsky.packagemonitor.impl.PackageMonitorReceiverImpl$RegisteredReceiver
03-16 16:56:34.078  1877  1891 W BroadcastQueue: Background execution not allowed: receiving Intent { act=android.intent.action.PACKAGE_ADDED dat=package:com.android.gpstest flg=0x4000010 (has extras) } to com.android.vending/com.google.android.finsky.packagemonitor.backgroundimpl.BackgroundPackageMonitorReceiverImpl$RegisteredReceiver
03-16 16:56:34.078  1877  1891 W BroadcastQueue: Background execution not allowed: receiving Intent { act=android.intent.action.PACKAGE_ADDED dat=package:com.android.gpstest flg=0x4000010 (has extras) } to com.google.android.gms/.games.chimera.GamesSystemBroadcastReceiverProxy
03-16 16:56:34.078  1877  1891 W BroadcastQueue: Background execution not allowed: receiving Intent { act=android.intent.action.PACKAGE_ADDED dat=package:com.android.gpstest flg=0x4000010 (has extras) } to com.google.android.gms/.gass.chimera.PackageChangeBroadcastReceiver
03-16 16:56:34.079  1877  1891 W BroadcastQueue: Background execution not allowed: receiving Intent { act=android.intent.action.PACKAGE_ADDED dat=package:com.android.gpstest flg=0x4000010 (has extras) } to com.google.android.gms/.chimera.GmsIntentOperationService$PersistentTrustedReceiver
03-16 16:56:34.079  1877  1891 W BroadcastQueue: Background execution not allowed: receiving Intent { act=android.intent.action.PACKAGE_ADDED dat=package:com.android.gpstest flg=0x4000010 (has extras) } to com.google.android.googlequicksearchbox/com.google.android.apps.gsa.googlequicksearchbox.GelStubAppWatcher
03-16 16:56:34.079  1877  1891 W BroadcastQueue: Background execution not allowed: receiving Intent { act=android.intent.action.PACKAGE_ADDED dat=package:com.android.gpstest flg=0x4000010 (has extras) } to com.google.android.ims/.receivers.RcsAutoStartReceiver
03-16 16:56:34.090  3506  3506 I CarrierServices: [2] aws.a: Migration binding to RcsMigrationService
03-16 16:56:34.090  1877  1877 I Telecom : DefaultDialerCache: Refreshing default dialer for user 0: now com.google.android.dialer: DDC.oR@A/g
03-16 16:56:34.094  1877  1877 V BackupManagerConstants: getFullBackupIntervalMilliseconds(...) returns 86400000
03-16 16:56:34.109  5613 11861 W GCM     : Unexpected forwarded intent: Intent { act=android.intent.action.PACKAGE_ADDED dat=package:com.android.gpstest flg=0x4000010 pkg=com.google.android.gms cmp=com.google.android.gms/.chimera.PersistentIntentOperationService (has extras) }
03-16 16:56:34.111  5613 11861 W GCM     : Unexpected forwarded intent: Intent { act=android.intent.action.PACKAGE_ADDED dat=package:com.android.gpstest flg=0x4000010 pkg=com.google.android.gms cmp=com.google.android.gms/.chimera.PersistentIntentOperationService (has extras) }
03-16 16:56:34.119  6787 11863 I Auth    : [SupervisedAccountIntentOperation] onHandleIntent(): android.intent.action.PACKAGE_ADDED
03-16 16:56:34.128  6787  6787 D BoundBrokerSvc: onBind: Intent { act=com.google.android.gms.common.BIND_SHARED_PREFS pkg=com.google.android.gms }
03-16 16:56:34.128  6787  6787 D BoundBrokerSvc: Loading bound service for intent: Intent { act=com.google.android.gms.common.BIND_SHARED_PREFS pkg=com.google.android.gms }
03-16 16:56:34.130  6787 11854 I BlockstoreStorage: Clearing Blockstore Data for package com.android.gpstest [CONTEXT service_id=258 ]
03-16 16:56:34.140  6787 11854 I BlockstoreStorage: Keyless data not found or its IsLastInstallationData = false. [CONTEXT service_id=258 ]
03-16 16:56:34.144  7425  7425 I Finsky  : [2] afgy.c(5): Do not start WearSupportService due to Wear service optimization
03-16 16:56:34.148  6787  6787 D BoundBrokerSvc: onUnbind: Intent { act=com.google.android.gms.common.BIND_SHARED_PREFS pkg=com.google.android.gms }
03-16 16:56:34.155  7425  7425 I Finsky  : [2] pzg.ahY(1): DTU: Received onPackageAdded, replacing: false
03-16 16:56:34.165 11801 11801 I Bugle   : returning RCS state provider.
03-16 16:56:34.169  7425  7425 I Finsky  : [2] yyx.a(8): Clearing split related stale data.
03-16 16:56:34.172  2124  2124 D CarrierSvcBindHelper: No carrier app for: 0
03-16 16:56:34.173  2124  2124 D ImsResolver: maybeAddedImsService, packageName: com.android.gpstest
03-16 16:56:34.179  7540 11882 I Finsky:background: [980] mxn.run(2): Wrote row to frosting DB: 511
03-16 16:56:34.203  7425 11892 I Finsky  : [1070] as.a(9): Asset module storage cleared for package com.android.gpstest.
03-16 16:56:34.253  2124  2124 D CarrierConfigLoader: mHandler: 9 phoneId: 0
03-16 16:56:34.259  7540 11882 I Finsky:background: [980] mxn.run(2): Wrote row to frosting DB: 512
03-16 16:56:34.285  7425 11885 I Finsky  : [1066] jql.abD(20): [ContentSync] finished, scheduled=false
03-16 16:56:34.312 11801 11816 I CarrierServices: [808] inq.shouldUseCarrierServicesApkForV1Apis: Checking if using CarrierServices.apk is possible. Enabled: true, isAtLeastM: true, runningInsideBugle: true
03-16 16:56:34.318  1877  1886 I system_server: Background concurrent copying GC freed 42201(2MB) AllocSpace objects, 24(1008KB) LOS objects, 23% free, 19MB/25MB, paused 2.543ms total 300.909ms
03-16 16:56:34.324 11801 11816 I CarrierServices: [808] inq.e: Network Operator: 310260
03-16 16:56:34.333 11801 11816 I CarrierServices: [808] inq.e: carrierWithOldEcApis: false
03-16 16:56:34.333 11801 11816 I CarrierServices: [808] inq.e: hasDialerThatSupportsNewEc: false
03-16 16:56:34.335  7425 11876 I Finsky  : [1061] mxn.run(2): Wrote row to frosting DB: 513
03-16 16:56:34.348  5613  5649 W ChimeraUtils: Module com.google.android.gms.nearby_en has empty metadata display_name_string_id
03-16 16:56:34.359  7425 11876 I Finsky  : [1061] mxn.run(2): Wrote row to frosting DB: 514
03-16 16:56:34.364  5613  5649 W ChimeraUtils: Module com.google.android.gms.nearby_en has empty metadata display_name_string_id
03-16 16:56:34.370 11801 11816 W RcsProvisioning: Failed to read configuration: /data/user/0/com.google.android.apps.messaging/files/rcsconfig (No such file or directory)
03-16 16:56:34.377 11801 11816 W RcsProvisioning: java.io.FileNotFoundException: /data/user/0/com.google.android.apps.messaging/files/rcsconfig (No such file or directory)
03-16 16:56:34.377 11801 11816 W RcsProvisioning: 	at java.io.FileInputStream.open0(Native Method)
03-16 16:56:34.377 11801 11816 W RcsProvisioning: 	at java.io.FileInputStream.open(FileInputStream.java:231)
03-16 16:56:34.377 11801 11816 W RcsProvisioning: 	at java.io.FileInputStream.<init>(FileInputStream.java:165)
03-16 16:56:34.377 11801 11816 W RcsProvisioning: 	at android.app.ContextImpl.openFileInput(ContextImpl.java:560)
03-16 16:56:34.377 11801 11816 W RcsProvisioning: 	at android.content.ContextWrapper.openFileInput(ContextWrapper.java:202)
03-16 16:56:34.377 11801 11816 W RcsProvisioning: 	at ion.a(SourceFile:2)
03-16 16:56:34.377 11801 11816 W RcsProvisioning: 	at idl.a(SourceFile:4)
03-16 16:56:34.377 11801 11816 W RcsProvisioning: 	at idm.a(SourceFile:7)
03-16 16:56:34.377 11801 11816 W RcsProvisioning: 	at com.google.android.apps.messaging.rcsmigration.RcsStateProvider.buildRcsState(SourceFile:81)
03-16 16:56:34.377 11801 11816 W RcsProvisioning: 	at com.google.android.apps.messaging.rcsmigration.RcsStateProvider.getRcsState(SourceFile:6)
03-16 16:56:34.377 11801 11816 W RcsProvisioning: 	at com.google.android.ims.rcsmigration.IRcsStateProvider$Stub.dispatchTransaction(SourceFile:10)
03-16 16:56:34.377 11801 11816 W RcsProvisioning: 	at com.google.android.aidl.BaseStub.onTransact(SourceFile:18)
03-16 16:56:34.377 11801 11816 W RcsProvisioning: 	at android.os.Binder.execTransact(Binder.java:731)
03-16 16:56:34.377 11801 11816 D RcsProvisioning: Retrieving backup token
03-16 16:56:34.392 11801 11816 D RcsProvisioning: Exception while getting subscriber Id. Using default
03-16 16:56:34.393  7378 11916 I ProvidersCache: Provider returned no roots. Possibly naughty: com.google.android.apps.docs.storage
03-16 16:56:34.431  6787 32428 I Icing   : Indexing com.google.android.gms-apps from com.google.android.gms
03-16 16:56:34.462  6787 32428 I Icing   : Indexing done com.google.android.gms-apps
03-16 16:56:34.482  6787  6801 W gle.android.gm: Couldn't lock the profile file /data/misc/profiles/cur/0/com.google.android.gms/primary.prof: Failed to lock file '/data/misc/profiles/cur/0/com.google.android.gms/primary.prof': Try again
03-16 16:56:34.482  6787  6801 W gle.android.gm: Could not forcefully load profile /data/misc/profiles/cur/0/com.google.android.gms/primary.prof
03-16 16:56:34.494 11801 11816 D RcsProvisioning: No backup token found
03-16 16:56:34.496 11801 11816 D RcsProvisioning: Retrieving backup token
03-16 16:56:34.496 11801 11816 D RcsProvisioning: Exception while getting subscriber Id. Using default
03-16 16:56:34.597 11801 11816 D RcsProvisioning: No backup token found
03-16 16:56:34.620 11801 11816 W RcsProvisioning: Failed to read configuration: /data/user/0/com.google.android.apps.messaging/files/rcsconfig (No such file or directory)
03-16 16:56:34.621 11801 11816 W RcsProvisioning: java.io.FileNotFoundException: /data/user/0/com.google.android.apps.messaging/files/rcsconfig (No such file or directory)
03-16 16:56:34.621 11801 11816 W RcsProvisioning: 	at java.io.FileInputStream.open0(Native Method)
03-16 16:56:34.621 11801 11816 W RcsProvisioning: 	at java.io.FileInputStream.open(FileInputStream.java:231)
03-16 16:56:34.621 11801 11816 W RcsProvisioning: 	at java.io.FileInputStream.<init>(FileInputStream.java:165)
03-16 16:56:34.621 11801 11816 W RcsProvisioning: 	at android.app.ContextImpl.openFileInput(ContextImpl.java:560)
03-16 16:56:34.621 11801 11816 W RcsProvisioning: 	at android.content.ContextWrapper.openFileInput(ContextWrapper.java:202)
03-16 16:56:34.621 11801 11816 W RcsProvisioning: 	at ion.a(SourceFile:2)
03-16 16:56:34.621 11801 11816 W RcsProvisioning: 	at idl.a(SourceFile:4)
03-16 16:56:34.621 11801 11816 W RcsProvisioning: 	at idm.a(SourceFile:7)
03-16 16:56:34.621 11801 11816 W RcsProvisioning: 	at iez.buildConferencesFileName(SourceFile:30)
03-16 16:56:34.621 11801 11816 W RcsProvisioning: 	at com.google.android.apps.messaging.rcsmigration.RcsStateProvider.buildRcsState(SourceFile:129)
03-16 16:56:34.621 11801 11816 W RcsProvisioning: 	at com.google.android.apps.messaging.rcsmigration.RcsStateProvider.getRcsState(SourceFile:6)
03-16 16:56:34.621 11801 11816 W RcsProvisioning: 	at com.google.android.ims.rcsmigration.IRcsStateProvider$Stub.dispatchTransaction(SourceFile:10)
03-16 16:56:34.621 11801 11816 W RcsProvisioning: 	at com.google.android.aidl.BaseStub.onTransact(SourceFile:18)
03-16 16:56:34.621 11801 11816 W RcsProvisioning: 	at android.os.Binder.execTransact(Binder.java:731)
03-16 16:56:34.621 11801 11816 D RcsProvisioning: Retrieving backup token
03-16 16:56:34.621 11801 11816 D RcsProvisioning: Exception while getting subscriber Id. Using default
03-16 16:56:34.722 11801 11816 D RcsProvisioning: No backup token found
03-16 16:56:34.723 11801 11816 E CarrierServices: [808] iez.getFile: File not found.: /data/user/0/com.google.android.apps.messaging/files/httpft_pending (No such file or directory)
03-16 16:56:34.723 11801 11816 E CarrierServices: 	java.io.FileInputStream.open0(Native Method)
03-16 16:56:34.723 11801 11816 E CarrierServices: 	java.io.FileInputStream.open(FileInputStream.java:231)
03-16 16:56:34.723 11801 11816 E CarrierServices: 	java.io.FileInputStream.<init>(FileInputStream.java:165)
03-16 16:56:34.723 11801 11816 E CarrierServices: 	android.app.ContextImpl.openFileInput(ContextImpl.java:560)
03-16 16:56:34.723 11801 11816 E CarrierServices: 	android.content.ContextWrapper.openFileInput(ContextWrapper.java:202)
03-16 16:56:34.723 11801 11816 E CarrierServices: 	iez.getFile(SourceFile:20)
03-16 16:56:34.723 11801 11816 E CarrierServices: 	com.google.android.apps.messaging.rcsmigration.RcsStateProvider.buildRcsState(SourceFile:136)
03-16 16:56:34.723 11801 11816 E CarrierServices: 	com.google.android.apps.messaging.rcsmigration.RcsStateProvider.getRcsState(SourceFile:6)
03-16 16:56:34.723 11801 11816 E CarrierServices: 	com.google.android.ims.rcsmigration.IRcsStateProvider$Stub.dispatchTransaction(SourceFile:10)
03-16 16:56:34.723 11801 11816 E CarrierServices: 	com.google.android.aidl.BaseStub.onTransact(SourceFile:18)
03-16 16:56:34.723 11801 11816 E CarrierServices: 	android.os.Binder.execTransact(Binder.java:731)
03-16 16:56:34.730  1877  2158 I GnssLocationProvider: WakeLock acquired by sendMessage(REPORT_SV_STATUS, 0, com.android.server.location.GnssLocationProvider$SvStatusInfo@82eb8c1)
03-16 16:56:34.730  1877  1890 I GnssLocationProvider: WakeLock released by handleMessage(REPORT_SV_STATUS, 0, com.android.server.location.GnssLocationProvider$SvStatusInfo@82eb8c1)
03-16 16:56:34.738  3506 11928 I CarrierServices: [298] awt.doInBackground: Saving RCS State
03-16 16:56:34.739  3506 11928 I CarrierServices: [298] awt.doInBackground: Old operation mode: 2
03-16 16:56:34.739  3506 11928 I CarrierServices: [298] awt.doInBackground: New operation mode: 2
03-16 16:56:34.740 11919 11919 D AndroidRuntime: >>>>>> START com.android.internal.os.RuntimeInit uid 2000 <<<<<<
03-16 16:56:34.741 11801 11816 I CarrierServices: [808] RcsStateProvider.onMigrationComplete: Migration complete.
03-16 16:56:34.756 11801 11816 I CarrierServices: [808] inq.shouldUseCarrierServicesApkForV1Apis: Checking if using CarrierServices.apk is possible. Enabled: true, isAtLeastM: true, runningInsideBugle: true
03-16 16:56:34.762 11801 11816 I CarrierServices: [808] inq.e: Network Operator: 310260
03-16 16:56:34.764 11801 11816 I CarrierServices: [808] inq.e: carrierWithOldEcApis: false
03-16 16:56:34.764 11801 11816 I CarrierServices: [808] inq.e: hasDialerThatSupportsNewEc: false
03-16 16:56:34.765 11801 11816 I CarrierServices: [808] RcsStateProvider.onMigrationComplete: Rcs Engine should be running in cs.apk. Stopping JibeService.
03-16 16:56:34.782 11801 11816 I CarrierServices: [808] RcsStateProvider.onMigrationComplete: JibeService stopped: false
03-16 16:56:34.784 11801 11816 I CarrierServices: [808] inq.e: Network Operator: 310260
03-16 16:56:34.786 11801 11816 I CarrierServices: [808] inq.e: carrierWithOldEcApis: false
03-16 16:56:34.786 11801 11816 I CarrierServices: [808] inq.e: hasDialerThatSupportsNewEc: false
03-16 16:56:34.787 11801 11816 I CarrierServices: [808] jsn.connect: shouldUseCarrierServicesJibeService: true, CarrierServices rcs service found: true
03-16 16:56:34.788 11801 11816 I CarrierServices: [808] jsn.connect: Binding to JibeService in CarrierServices.
03-16 16:56:34.793 11801 11816 I CarrierServices: [808] inq.e: Network Operator: 310260
03-16 16:56:34.793 11801 11816 I CarrierServices: [808] inq.e: carrierWithOldEcApis: false
03-16 16:56:34.794 11801 11816 I CarrierServices: [808] inq.e: hasDialerThatSupportsNewEc: false
03-16 16:56:34.794 11801 11801 D RcsClientLib: Service com.google.android.rcs.client.chatsession.ChatSessionService connected. Will notify listeners: true
03-16 16:56:34.794 11801 11801 V BugleRcs: com.google.android.rcs.client.chatsession.ChatSessionService RCS service connected
03-16 16:56:34.796 11801 11816 I CarrierServices: [808] jsn.connect: shouldUseCarrierServicesJibeService: true, CarrierServices rcs service found: true
03-16 16:56:34.796 11801 11816 I CarrierServices: [808] jsn.connect: Binding to JibeService in CarrierServices.
03-16 16:56:34.805 11801 11801 D RcsClientLib: Service com.google.android.rcs.client.events.EventService connected. Will notify listeners: true
03-16 16:56:34.805 11801 11801 V BugleRcs: com.google.android.rcs.client.events.EventService RCS service connected
03-16 16:56:34.808 11801 11816 I CarrierServices: [808] inq.e: Network Operator: 310260
03-16 16:56:34.809 11801 11816 I CarrierServices: [808] inq.e: carrierWithOldEcApis: false
03-16 16:56:34.809 11801 11816 I CarrierServices: [808] inq.e: hasDialerThatSupportsNewEc: false
03-16 16:56:34.810 11801 11816 I CarrierServices: [808] jsn.connect: shouldUseCarrierServicesJibeService: true, CarrierServices rcs service found: true
03-16 16:56:34.810 11801 11816 I CarrierServices: [808] jsn.connect: Binding to JibeService in CarrierServices.
03-16 16:56:34.812 11801 11801 D RcsClientLib: Service com.google.android.rcs.client.contacts.ContactsService connected. Will notify listeners: true
03-16 16:56:34.812 11801 11801 V BugleRcs: com.google.android.rcs.client.contacts.ContactsService RCS service connected
03-16 16:56:34.815 11801 11816 I CarrierServices: [808] inq.e: Network Operator: 310260
03-16 16:56:34.816 11801 11816 I CarrierServices: [808] inq.e: carrierWithOldEcApis: false
03-16 16:56:34.816 11801 11816 I CarrierServices: [808] inq.e: hasDialerThatSupportsNewEc: false
03-16 16:56:34.817 11801 11816 I CarrierServices: [808] jsn.connect: shouldUseCarrierServicesJibeService: true, CarrierServices rcs service found: true
03-16 16:56:34.817 11801 11816 I CarrierServices: [808] jsn.connect: Binding to JibeService in CarrierServices.
03-16 16:56:34.819 11801 11801 D RcsClientLib: Service com.google.android.rcs.client.filetransfer.FileTransferService connected. Will notify listeners: true
03-16 16:56:34.819 11801 11801 V BugleRcs: com.google.android.rcs.client.filetransfer.FileTransferService RCS service connected
03-16 16:56:34.823 11801 11816 I CarrierServices: [808] inq.e: Network Operator: 310260
03-16 16:56:34.824 11801 11816 I CarrierServices: [808] inq.e: carrierWithOldEcApis: false
03-16 16:56:34.824 11801 11816 I CarrierServices: [808] inq.e: hasDialerThatSupportsNewEc: false
03-16 16:56:34.826 11801 11816 I CarrierServices: [808] jsn.connect: shouldUseCarrierServicesJibeService: true, CarrierServices rcs service found: true
03-16 16:56:34.826 11801 11816 I CarrierServices: [808] jsn.connect: Binding to JibeService in CarrierServices.
03-16 16:56:34.830 11801 11801 D RcsClientLib: Service com.google.android.rcs.client.locationsharing.LocationSharingService connected. Will notify listeners: true
03-16 16:56:34.830 11801 11801 V BugleRcs: com.google.android.rcs.client.locationsharing.LocationSharingService RCS service connected
03-16 16:56:34.830 11801 11816 I CarrierServices: [808] inq.e: Network Operator: 310260
03-16 16:56:34.831 11801 11816 I CarrierServices: [808] inq.e: carrierWithOldEcApis: false
03-16 16:56:34.831 11801 11816 I CarrierServices: [808] inq.e: hasDialerThatSupportsNewEc: false
03-16 16:56:34.833 11801 11816 I CarrierServices: [808] jsn.connect: shouldUseCarrierServicesJibeService: true, CarrierServices rcs service found: true
03-16 16:56:34.833 11801 11816 I CarrierServices: [808] jsn.connect: Binding to JibeService in CarrierServices.
03-16 16:56:34.835 11801 11801 D RcsClientLib: Service com.google.android.rcs.client.ims.ImsConnectionTrackerService connected. Will notify listeners: true
03-16 16:56:34.835 11801 11801 V BugleRcs: com.google.android.rcs.client.ims.ImsConnectionTrackerService RCS service connected
03-16 16:56:34.837 11801 11816 I CarrierServices: [808] inq.e: Network Operator: 310260
03-16 16:56:34.838 11801 11816 I CarrierServices: [808] inq.e: carrierWithOldEcApis: false
03-16 16:56:34.838 11801 11816 I CarrierServices: [808] inq.e: hasDialerThatSupportsNewEc: false
03-16 16:56:34.839 11801 11816 I CarrierServices: [808] jsn.connect: shouldUseCarrierServicesJibeService: true, CarrierServices rcs service found: true
03-16 16:56:34.839 11801 11816 I CarrierServices: [808] jsn.connect: Binding to JibeService in CarrierServices.
03-16 16:56:34.843 11801 11801 V BugleRcs: kicking off RCS sending/receiving
03-16 16:56:34.844 11801 11816 I CarrierServices: [808] inq.e: Network Operator: 310260
03-16 16:56:34.845 11801 11816 I CarrierServices: [808] inq.e: carrierWithOldEcApis: false
03-16 16:56:34.845 11801 11816 I CarrierServices: [808] inq.e: hasDialerThatSupportsNewEc: false
03-16 16:56:34.847 11801 11816 I CarrierServices: [808] jsn.connect: shouldUseCarrierServicesJibeService: true, CarrierServices rcs service found: true
03-16 16:56:34.847 11801 11816 I CarrierServices: [808] jsn.connect: Binding to JibeService in CarrierServices.
03-16 16:56:34.849 11801 11801 V BugleAction: no RCS because we're not registered
03-16 16:56:34.849 11801 11801 D RcsClientLib: Service com.google.android.rcs.client.profile.RcsProfileService connected. Will notify listeners: true
03-16 16:56:34.849 11801 11801 V BugleRcs: com.google.android.rcs.client.profile.RcsProfileService RCS service connected
03-16 16:56:34.854 11801 11801 V BugleRcs: kicking off RCS sending/receiving
03-16 16:56:34.856 11801 11801 V BugleAction: no RCS because we're not registered
03-16 16:56:34.861  3506  4873 W CarrierServices: [215] bmc.a: No config URL. RCS will be disabled!
03-16 16:56:34.861 11801 11801 I BugleRcs: RcsAvailability ACS url: null
03-16 16:56:34.862 11801 11801 D RcsClientLib: Service com.google.android.rcs.client.businessinfo.BusinessInfoService connected. Will notify listeners: true
03-16 16:56:34.862 11801 11801 V BugleRcs: com.google.android.rcs.client.businessinfo.BusinessInfoService RCS service connected
03-16 16:56:34.864 11801 11801 V BugleRcs: kicking off RCS sending/receiving
03-16 16:56:34.866 11801 11801 V BugleAction: no RCS because we're not registered
03-16 16:56:34.866  3506  3517 W CarrierServices: [178] bmc.a: No config URL. RCS will be disabled!
03-16 16:56:34.866 11801 11801 I BugleRcs: RcsAvailability ACS url: null
03-16 16:56:34.870 11801 11816 W RcsProvisioning: Failed to read configuration: /data/user/0/com.google.android.apps.messaging/files/rcsconfig (No such file or directory)
03-16 16:56:34.870 11801 11816 W RcsProvisioning: java.io.FileNotFoundException: /data/user/0/com.google.android.apps.messaging/files/rcsconfig (No such file or directory)
03-16 16:56:34.870 11801 11816 W RcsProvisioning: 	at java.io.FileInputStream.open0(Native Method)
03-16 16:56:34.870 11801 11816 W RcsProvisioning: 	at java.io.FileInputStream.open(FileInputStream.java:231)
03-16 16:56:34.870 11801 11816 W RcsProvisioning: 	at java.io.FileInputStream.<init>(FileInputStream.java:165)
03-16 16:56:34.870 11801 11816 W RcsProvisioning: 	at android.app.ContextImpl.openFileInput(ContextImpl.java:560)
03-16 16:56:34.870 11801 11816 W RcsProvisioning: 	at android.content.ContextWrapper.openFileInput(ContextWrapper.java:202)
03-16 16:56:34.870 11801 11816 W RcsProvisioning: 	at ion.a(SourceFile:2)
03-16 16:56:34.870 11801 11816 W RcsProvisioning: 	at idl.a(SourceFile:4)
03-16 16:56:34.870 11801 11816 W RcsProvisioning: 	at idm.a(SourceFile:7)
03-16 16:56:34.870 11801 11816 W RcsProvisioning: 	at com.google.android.apps.messaging.rcsmigration.RcsStateProvider.onMigrationComplete(SourceFile:27)
03-16 16:56:34.870 11801 11816 W RcsProvisioning: 	at com.google.android.ims.rcsmigration.IRcsStateProvider$Stub.dispatchTransaction(SourceFile:14)
03-16 16:56:34.870 11801 11816 W RcsProvisioning: 	at com.google.android.aidl.BaseStub.onTransact(SourceFile:18)
03-16 16:56:34.870 11801 11816 W RcsProvisioning: 	at android.os.Binder.execTransact(Binder.java:731)
03-16 16:56:34.870 11801 11816 D RcsProvisioning: Retrieving backup token
03-16 16:56:34.871 11801 11816 D RcsProvisioning: Exception while getting subscriber Id. Using default
03-16 16:56:34.952 11919 11919 W app_process: Unexpected CPU variant for X86 using defaults: x86
03-16 16:56:34.959 11919 11919 I app_process: The ClassLoaderContext is a special shared library.
03-16 16:56:34.972 11801 11816 D RcsProvisioning: No backup token found
03-16 16:56:34.972 11801 11816 D RcsProvisioning: Clearing backup token
03-16 16:56:34.972 11801 11816 D RcsProvisioning: Exception while getting subscriber Id. Using default
03-16 16:56:34.995 11801 11816 I CarrierServices: [808] RcsStateProvider.onMigrationComplete: Deleted transfers file: false
03-16 16:56:34.997 11801 11816 W RcsProvisioning: Failed to read configuration: /data/user/0/com.google.android.apps.messaging/files/rcsconfig (No such file or directory)
03-16 16:56:34.997 11801 11816 W RcsProvisioning: java.io.FileNotFoundException: /data/user/0/com.google.android.apps.messaging/files/rcsconfig (No such file or directory)
03-16 16:56:34.997 11801 11816 W RcsProvisioning: 	at java.io.FileInputStream.open0(Native Method)
03-16 16:56:34.997 11801 11816 W RcsProvisioning: 	at java.io.FileInputStream.open(FileInputStream.java:231)
03-16 16:56:34.997 11801 11816 W RcsProvisioning: 	at java.io.FileInputStream.<init>(FileInputStream.java:165)
03-16 16:56:34.997 11801 11816 W RcsProvisioning: 	at android.app.ContextImpl.openFileInput(ContextImpl.java:560)
03-16 16:56:34.997 11801 11816 W RcsProvisioning: 	at android.content.ContextWrapper.openFileInput(ContextWrapper.java:202)
03-16 16:56:34.997 11801 11816 W RcsProvisioning: 	at ion.a(SourceFile:2)
03-16 16:56:34.997 11801 11816 W RcsProvisioning: 	at idl.a(SourceFile:4)
03-16 16:56:34.997 11801 11816 W RcsProvisioning: 	at idm.a(SourceFile:7)
03-16 16:56:34.997 11801 11816 W RcsProvisioning: 	at iez.buildConferencesFileName(SourceFile:30)
03-16 16:56:34.997 11801 11816 W RcsProvisioning: 	at com.google.android.apps.messaging.rcsmigration.RcsStateProvider.onMigrationComplete(SourceFile:48)
03-16 16:56:34.997 11801 11816 W RcsProvisioning: 	at com.google.android.ims.rcsmigration.IRcsStateProvider$Stub.dispatchTransaction(SourceFile:14)
03-16 16:56:34.997 11801 11816 W RcsProvisioning: 	at com.google.android.aidl.BaseStub.onTransact(SourceFile:18)
03-16 16:56:34.997 11801 11816 W RcsProvisioning: 	at android.os.Binder.execTransact(Binder.java:731)
03-16 16:56:34.997 11801 11816 D RcsProvisioning: Retrieving backup token
03-16 16:56:34.997 11801 11816 D RcsProvisioning: Exception while getting subscriber Id. Using default
03-16 16:56:35.056 11919 11919 D AndroidRuntime: Calling main entry com.android.commands.monkey.Monkey
03-16 16:56:35.057 11919 11919 W Monkey  : args: [-p, com.android.gpstest, -c, android.intent.category.LAUNCHER, 1]
03-16 16:56:35.058 11919 11919 W Monkey  :  arg: "-p"
03-16 16:56:35.058 11919 11919 W Monkey  :  arg: "com.android.gpstest"
03-16 16:56:35.058 11919 11919 W Monkey  :  arg: "-c"
03-16 16:56:35.058 11919 11919 W Monkey  :  arg: "android.intent.category.LAUNCHER"
03-16 16:56:35.058 11919 11919 W Monkey  :  arg: "1"
03-16 16:56:35.059 11919 11919 W Monkey  : data="com.android.gpstest"
03-16 16:56:35.059 11919 11919 W Monkey  : data="android.intent.category.LAUNCHER"
03-16 16:56:35.099 11801 11816 D RcsProvisioning: No backup token found
03-16 16:56:35.108  3506  3506 I CarrierServices: [2] aww.a: Unbinding RcsMigrationService
03-16 16:56:35.138  1877  1891 W BroadcastQueue: Skipping deliver [background] BroadcastRecord{c2eaa84 u-1 android.net.conn.CONNECTIVITY_CHANGE} to ReceiverList{deb026d 11919 (unknown name)/2000/u-1 remote:8aef716}: process gone or crashing
03-16 16:56:35.161  1877  4321 I ActivityManager: START u0 {act=android.intent.action.MAIN cat=[android.intent.category.LAUNCHER] flg=0x10200000 cmp=com.android.gpstest/.GpsTestActivity} from uid 2000
03-16 16:56:35.165  1877  4321 W Binder  : Outgoing transactions from this process must be FLAG_ONEWAY
03-16 16:56:35.165  1877  4321 W Binder  : java.lang.Throwable
03-16 16:56:35.165  1877  4321 W Binder  : 	at android.os.BinderProxy.transact(Binder.java:1114)
03-16 16:56:35.165  1877  4321 W Binder  : 	at android.app.IActivityController$Stub$Proxy.activityStarting(IActivityController.java:176)
03-16 16:56:35.165  1877  4321 W Binder  : 	at com.android.server.am.ActivityStarter.startActivity(ActivityStarter.java:737)
03-16 16:56:35.165  1877  4321 W Binder  : 	at com.android.server.am.ActivityStarter.startActivity(ActivityStarter.java:544)
03-16 16:56:35.165  1877  4321 W Binder  : 	at com.android.server.am.ActivityStarter.startActivityMayWait(ActivityStarter.java:1099)
03-16 16:56:35.165  1877  4321 W Binder  : 	at com.android.server.am.ActivityStarter.execute(ActivityStarter.java:486)
03-16 16:56:35.165  1877  4321 W Binder  : 	at com.android.server.am.ActivityManagerService.startActivityAsUser(ActivityManagerService.java:5120)
03-16 16:56:35.165  1877  4321 W Binder  : 	at com.android.server.am.ActivityManagerService.startActivityAsUser(ActivityManagerService.java:5094)
03-16 16:56:35.165  1877  4321 W Binder  : 	at com.android.server.am.ActivityManagerService.startActivity(ActivityManagerService.java:5085)
03-16 16:56:35.165  1877  4321 W Binder  : 	at android.app.IActivityManager$Stub.onTransact$startActivity$(IActivityManager.java:10084)
03-16 16:56:35.165  1877  4321 W Binder  : 	at android.app.IActivityManager$Stub.onTransact(IActivityManager.java:122)
03-16 16:56:35.165  1877  4321 W Binder  : 	at com.android.server.am.ActivityManagerService.onTransact(ActivityManagerService.java:3291)
03-16 16:56:35.165  1877  4321 W Binder  : 	at android.os.Binder.execTransact(Binder.java:731)
03-16 16:56:35.212 11919 11919 I Monkey  : Events injected: 1
03-16 16:56:35.231  1877  1877 V SettingsProvider: Notifying for 0: content://settings/system/accelerometer_rotation
03-16 16:56:35.233 11919 11919 I Monkey  : ## Network stats: elapsed time=73ms (0ms mobile, 0ms wifi, 73ms not connected)
03-16 16:56:35.240 11919 11919 I app_process: System.exit called, status: 0
03-16 16:56:35.240 11919 11919 I AndroidRuntime: VM exiting with result code 0.
03-16 16:56:35.274  1635  2789 D gralloc_ranchu: gralloc_alloc: Creating ashmem region of size 8298496
03-16 16:56:35.233  1877  1877 V SettingsProvider: Notifying for 0: content://settings/system/accelerometer_rotation
03-16 16:56:35.287  1877  1893 I ActivityManager: Start proc 11943:com.android.gpstest/u0a209 for activity com.android.gpstest/.GpsTestActivity
03-16 16:56:35.293 11943 11943 W android.gpstes: Unexpected CPU variant for X86 using defaults: x86
03-16 16:56:35.314 11943 11943 E android.gpstes: Not starting debugger since process cannot load the jdwp agent.
03-16 16:56:35.398 11943 11943 I android.gpstes: The ClassLoaderContext is a special shared library.
03-16 16:56:35.480  1635  2789 D gralloc_ranchu: gralloc_alloc: Creating ashmem region of size 8298496
03-16 16:56:35.548  2020  2251 D EGL_emulation: eglMakeCurrent: 0xd377d1e0: ver 3 0 (tinfo 0xe75d8b60)
03-16 16:56:35.632  2020  2251 I chatty  : uid=10025(com.android.systemui) RenderThread identical 9 lines
03-16 16:56:35.634  2020  2251 D EGL_emulation: eglMakeCurrent: 0xd377d1e0: ver 3 0 (tinfo 0xe75d8b60)
