--------- beginning of main
11-10 14:39:00.838  1928  2290 I GnssLocationProvider: WakeLock acquired by sendMessage(REPORT_SV_STATUS, 0, com.android.server.location.GnssLocationProvider$SvStatusInfo@9b9cb7b)
11-10 14:39:00.839  1928  1941 I GnssLocationProvider: WakeLock released by handleMessage(REPORT_SV_STATUS, 0, com.android.server.location.GnssLocationProvider$SvStatusInfo@9b9cb7b)
11-10 14:39:01.846  1928  2290 I GnssLocationProvider: WakeLock acquired by sendMessage(REPORT_SV_STATUS, 0, com.android.server.location.GnssLocationProvider$SvStatusInfo@c3d4d98)
11-10 14:39:01.848  1928  1941 I GnssLocationProvider: WakeLock released by handleMessage(REPORT_SV_STATUS, 0, com.android.server.location.GnssLocationProvider$SvStatusInfo@c3d4d98)
--------- beginning of system
11-10 14:39:02.753  1928  1942 I ActivityManager: Force stopping com.android.gpstest appid=10120 user=-1: deletePackageX
11-10 14:39:02.853  1928  2290 I GnssLocationProvider: WakeLock acquired by sendMessage(REPORT_SV_STATUS, 0, com.android.server.location.GnssLocationProvider$SvStatusInfo@f4e89f1)
11-10 14:39:02.855  1928  1941 I GnssLocationProvider: WakeLock released by handleMessage(REPORT_SV_STATUS, 0, com.android.server.location.GnssLocationProvider$SvStatusInfo@f4e89f1)
11-10 14:39:02.886  1775  1775 I keystore: clear_uid 10120
11-10 14:39:03.079  1928  1955 I system_server: Explicit concurrent copying GC freed 126923(4MB) AllocSpace objects, 20(656KB) LOS objects, 19% free, 25MB/31MB, paused 534us total 190.764ms
11-10 14:39:03.104  1928  1955 I ActivityManager: Force stopping com.android.gpstest appid=10120 user=0: pkg removed
11-10 14:39:03.159  1928  1942 W BroadcastQueue: Background execution not allowed: receiving Intent { act=android.intent.action.PACKAGE_REMOVED dat=package:com.android.gpstest flg=0x4000010 (has extras) } to com.android.musicfx/.Compatibility$Receiver
11-10 14:39:03.159  1928  1942 W BroadcastQueue: Background execution not allowed: receiving Intent { act=android.intent.action.PACKAGE_REMOVED dat=package:com.android.gpstest flg=0x4000010 (has extras) } to com.android.vending/com.google.android.finsky.packagemonitor.impl.PackageMonitorReceiverImpl$RegisteredReceiver
11-10 14:39:03.159  1928  1942 W BroadcastQueue: Background execution not allowed: receiving Intent { act=android.intent.action.PACKAGE_REMOVED dat=package:com.android.gpstest flg=0x4000010 (has extras) } to com.android.vending/com.google.android.finsky.instantapps.appmanagement.InstantAppRemoveMonitor
11-10 14:39:03.160  1928  1942 W BroadcastQueue: Background execution not allowed: receiving Intent { act=android.intent.action.PACKAGE_REMOVED dat=package:com.android.gpstest flg=0x4000010 (has extras) } to com.google.android.gms/.games.chimera.GamesSystemBroadcastReceiverProxy
11-10 14:39:03.160  1928  1942 W BroadcastQueue: Background execution not allowed: receiving Intent { act=android.intent.action.PACKAGE_REMOVED dat=package:com.android.gpstest flg=0x4000010 (has extras) } to com.google.android.gms/.chimera.GmsIntentOperationService$PersistentTrustedReceiver
11-10 14:39:03.160  1928  1942 W BroadcastQueue: Background execution not allowed: receiving Intent { act=android.intent.action.PACKAGE_REMOVED dat=package:com.android.gpstest flg=0x4000010 (has extras) } to com.google.android.googlequicksearchbox/com.google.android.apps.gsa.googlequicksearchbox.GelStubAppWatcher
11-10 14:39:03.190 21517 21517 I GsaVoiceInteractionSrv: (REDACTED) O received %s
11-10 14:39:03.229  4376  4376 E CarrierServices: [2] btx.a: Invalid signature found for com.android.contacts: 18B66F4996F3D01CEAD29D3A3AA81801E7950B82
11-10 14:39:03.230   387   387 I Finsky  : [2] rmi.i(0): PackageMonitorReceiverImpl - Received: android.intent.action.PACKAGE_REMOVED, [1Gs0hyxgBQbxymtIaNymu4YClFghhsGmEnKp-_4-M4A]
11-10 14:39:03.264  4376  4376 E CarrierServices: [2] btx.a: Invalid signature found for com.android.contacts: 18B66F4996F3D01CEAD29D3A3AA81801E7950B82
11-10 14:39:03.245  3205  3238 I s.nexuslaunche: Background concurrent copying GC freed 8927(526KB) AllocSpace objects, 5(228KB) LOS objects, 39% free, 9MB/15MB, paused 20.941ms total 133.177ms
11-10 14:39:03.297   387   387 I Finsky  : [2] rmy.n(8): Invalidating cached PackageState for com.android.gpstest
11-10 14:39:03.308  2140  2140 D CarrierSvcBindHelper: No carrier app for: 0
11-10 14:39:03.319  1928  1928 W Looper  : Slow dispatch took 137ms main h=android.app.ActivityThread$H c=null m=133
11-10 14:39:03.320   387   387 I Finsky  : [2] rmy.s(5): Package no longer installed: com.android.gpstest
11-10 14:39:03.361  6353 17579 I BlockstoreStorage: Clearing all the Blockstore Data for package com.android.gpstest [CONTEXT service_id=258 ]
11-10 14:39:03.362  6353 17579 I BlockstoreStorage: Clearing all the Blockstore Data for 1 packages [CONTEXT service_id=258 ]
11-10 14:39:03.403  6353 11578 I ContentMaintenance: Internal cache bytes used: 0; limit: 100000000; download size: 0
11-10 14:39:03.436  6353   552 I Icing   : doRemovePackageData com.android.gpstest
11-10 14:39:03.443 15588 17585 I Fitness : FitCleanupIntentOperation received Intent android.intent.action.PACKAGE_REMOVED [CONTEXT service_id=17 ]
11-10 14:39:03.461   387   387 I Finsky  : [2] rmy.s(5): Package no longer installed: com.android.gpstest
11-10 14:39:03.473  1928  1996 I InputReader: Reconfiguring input devices.  changes=0x00000010
11-10 14:39:03.484   387   387 I Finsky  : [2] vmc.a(8): Clearing split related stale data.
11-10 14:39:03.548   387 17584 I Finsky  : [2021] kye.run(17): Frosting DB delete succeeded: true
11-10 14:39:03.549   387 17584 I Finsky  : [2021] kye.run(17): Frosting DB delete succeeded: false
11-10 14:39:03.560  6353 11578 I RealtimeCacheCleanup: Beginning Realtime garbage collection.
11-10 14:39:03.576  6353 11578 I RealtimeCacheCleanup: Finished Realtime garbage collection.
11-10 14:39:03.614   387   387 I Finsky  : [2] accj.c(3): Do not start WearSupportService due to Wear service optimization
11-10 14:39:03.623   387 17612 I Finsky  : [2028] mvt.accept(29): IQ: handled package removed
11-10 14:39:03.629  6353  6353 D BoundBrokerSvc: onBind: Intent { act=com.google.android.gms.feedback.internal.IFeedbackService dat=chimera-action: cmp=com.google.android.gms/.chimera.GmsBoundBrokerService }
11-10 14:39:03.629  6353  6353 D BoundBrokerSvc: Loading bound service for intent: Intent { act=com.google.android.gms.feedback.internal.IFeedbackService dat=chimera-action: cmp=com.google.android.gms/.chimera.GmsBoundBrokerService }
11-10 14:39:03.647  6353  6468 I Icing   : IndexChimeraService.getServiceInterface callingPackage=com.google.android.gms componentName=AppsCorpus serviceId=36
11-10 14:39:03.663   387 17615 I Finsky  : [2029] at.a(48): Asset module storage cleared for package com.android.gpstest.
11-10 14:39:03.711  9158 17571 I ProvidersCache: Provider returned no roots. Possibly naughty: com.google.android.apps.docs.storage
11-10 14:39:03.730  1928  1946 E BatteryExternalStatsWorker: no controller energy info supplied for wifi
11-10 14:39:03.772  1928  1928 W Looper  : Slow delivery took 200ms main h=android.app.ActivityThread$H c=android.app.-$$Lambda$LoadedApk$ReceiverDispatcher$Args$_BumDX2UKsnxLVrE6UJsJZkotuA@6efed0d m=0
11-10 14:39:03.772  1928  1928 W Looper  : Slow dispatch took 434ms main h=android.app.ActivityThread$H c=android.app.-$$Lambda$LoadedApk$ReceiverDispatcher$Args$_BumDX2UKsnxLVrE6UJsJZkotuA@6efed0d m=0
11-10 14:39:03.788  1928  1928 I ConditionProviders: Disallowing condition provider com.android.gpstest
11-10 14:39:03.862  1928  2290 I GnssLocationProvider: WakeLock acquired by sendMessage(REPORT_SV_STATUS, 0, com.android.server.location.GnssLocationProvider$SvStatusInfo@154e10)
11-10 14:39:03.937   387   419 I Finsky  : [1839] txg.accept(62): SCH: Scheduling phonesky job Id: 12-1, CT: 1668109143687, Constraints: [{ L: 15000, D: 86400000, C: 1, I: 1, N: 1 }]
11-10 14:39:03.971  6353   552 W Icing   : No valid account for uploading user actions
11-10 14:39:03.974   387   424 I Finsky  : [1844] udr.apply(97): SCH: Scheduling 1 system job(s)
11-10 14:39:03.982   387   424 I Finsky  : [1844] udp.d(4): SCH: Scheduling system job Id: 9938, L: 14713, D: 60742283, C: false, I: false, N: 1
11-10 14:39:03.986 15588 15588 D BoundBrokerSvc: onBind: Intent { act=com.google.android.gms.icing.LIGHTWEIGHT_INDEX_SERVICE dat=chimera-action: cmp=com.google.android.gms/.chimera.PersistentApiService }
11-10 14:39:03.986 15588 15588 D BoundBrokerSvc: Loading bound service for intent: Intent { act=com.google.android.gms.icing.LIGHTWEIGHT_INDEX_SERVICE dat=chimera-action: cmp=com.google.android.gms/.chimera.PersistentApiService }
11-10 14:39:04.022   387   416 I Finsky  : [1836] aqq.YI(24): [ContentSync] finished, scheduled=true
11-10 14:39:04.056  6353   552 I Icing   : Usage reports ok 0, Failed Usage reports 0, indexed 0, rejected 0
11-10 14:39:04.068  6353   552 I Icing   : Indexing com.google.android.gms-apps from com.google.android.gms
11-10 14:39:04.101  6353  6469 I Icing   : IndexChimeraService.getServiceInterface callingPackage=com.google.android.gms componentName=null serviceId=30
11-10 14:39:04.106  6353   552 I Icing   : Indexing done com.google.android.gms-apps
11-10 14:39:04.117  6353  6367 I gle.android.gm: Background concurrent copying GC freed 21872(1475KB) AllocSpace objects, 10(392KB) LOS objects, 49% free, 5MB/11MB, paused 6.582ms total 82.077ms
11-10 14:39:04.133  6353   552 W Icing   : No valid account for uploading user actions
11-10 14:39:04.152  6353   552 I Icing   : Usage reports ok 0, Failed Usage reports 0, indexed 0, rejected 0
11-10 14:39:04.671  1928  1928 W Looper  : Slow dispatch took 873ms main h=android.app.ActivityThread$H c=android.app.-$$Lambda$LoadedApk$ReceiverDispatcher$Args$_BumDX2UKsnxLVrE6UJsJZkotuA@f0e9215 m=0
11-10 14:39:04.700  1928  2020 D WifiConfigManager: Remove all networks for app ApplicationInfo{a31b com.android.gpstest}
11-10 14:39:04.752   387   387 I Finsky  : [2] rmi.i(0): PackageMonitorReceiverImpl - Received: android.intent.action.PACKAGE_FULLY_REMOVED, [1Gs0hyxgBQbxymtIaNymu4YClFghhsGmEnKp-_4-M4A]
11-10 14:39:04.758  1928  1941 I GnssLocationProvider: WakeLock released by handleMessage(REPORT_SV_STATUS, 0, com.android.server.location.GnssLocationProvider$SvStatusInfo@154e10)
11-10 14:39:04.766   387   387 I Finsky  : [2] rmy.n(8): Invalidating cached PackageState for com.android.gpstest
11-10 14:39:04.769   387   387 I Finsky  : [2] rmy.s(5): Package no longer installed: com.android.gpstest
11-10 14:39:04.779   387 17584 I Finsky  : [2021] kye.run(17): Frosting DB delete succeeded: false
11-10 14:39:04.790   387   387 I Finsky  : [2] rmi.i(0): PackageMonitorReceiverImpl - Deduping intent android.intent.action.PACKAGE_FULLY_REMOVED
11-10 14:39:04.802  1792  1814 D hwcomposer: hw_composer sent 6 syncs in 77s
11-10 14:39:04.809  1928  1928 W Looper  : Drained
11-10 14:39:04.869  1928  2290 I GnssLocationProvider: WakeLock acquired by sendMessage(REPORT_SV_STATUS, 0, com.android.server.location.GnssLocationProvider$SvStatusInfo@8ac0c64)
11-10 14:39:04.875  6353  6353 D BoundBrokerSvc: onBind: Intent { act=com.google.android.gms.common.BIND_SHARED_PREFS pkg=com.google.android.gms }
11-10 14:39:04.875  6353  6353 D BoundBrokerSvc: Loading bound service for intent: Intent { act=com.google.android.gms.common.BIND_SHARED_PREFS pkg=com.google.android.gms }
11-10 14:39:04.902  6353  6353 D BoundBrokerSvc: onUnbind: Intent { act=com.google.android.gms.common.BIND_SHARED_PREFS pkg=com.google.android.gms }
11-10 14:39:04.903  1928  1941 I GnssLocationProvider: WakeLock released by handleMessage(REPORT_SV_STATUS, 0, com.android.server.location.GnssLocationProvider$SvStatusInfo@8ac0c64)
11-10 14:39:05.002  1928  1955 I PackageManager.DexOptimizer: Running dexopt (dexoptNeeded=1) on: /data/app/com.android.gpstest-L64d64cvdR4v-exT4pPz3Q==/base.apk pkg=com.android.gpstest isa=x86 dexoptFlags=boot_complete,profile_guided,public,enable_hidden_api_checks targetFilter=speed-profile oatDir=/data/app/com.android.gpstest-L64d64cvdR4v-exT4pPz3Q==/oat classLoaderContext=PCL[/system/framework/org.apache.http.legacy.boot.jar]
11-10 14:39:05.004  1774  5461 V installed: DexInv: --- BEGIN '/data/app/com.android.gpstest-L64d64cvdR4v-exT4pPz3Q==/base.apk' ---
11-10 14:39:05.059 17633 17633 W dex2oat : Unexpected CPU variant for X86 using defaults: x86
11-10 14:39:05.060 17633 17633 W dex2oat : Mismatch between dex2oat instruction set features (ISA: X86 Feature string: -ssse3,-sse4.1,-sse4.2,-avx,-avx2,-popcnt) and those of dex2oat executable (ISA: X86 Feature string: ssse3,-sse4.1,-sse4.2,-avx,-avx2,-popcnt) for the command line:
11-10 14:39:05.060 17633 17633 W dex2oat : /system/bin/dex2oat --zip-fd=8 --zip-location=base.apk --input-vdex-fd=-1 --output-vdex-fd=10 --oat-fd=9 --oat-location=/data/app/com.android.gpstest-L64d64cvdR4v-exT4pPz3Q==/oat/x86/base.odex --instruction-set=x86 --instruction-set-variant=x86 --instruction-set-features=default --runtime-arg -Xms64m --runtime-arg -Xmx512m --compiler-filter=speed-profile --swap-fd=11 --app-image-fd=12 --image-format=lz4 --classpath-dir=/data/app/com.android.gpstest-L64d64cvdR4v-exT4pPz3Q== --class-loader-context=PCL[/system/framework/org.apache.http.legacy.boot.jar] --generate-mini-debug-info --compact-dex-level=none --runtime-arg -Xtarget-sdk-version:29 --runtime-arg -Xhidden-api-checks --compilation-reason=install
11-10 14:39:05.060 17633 17633 I dex2oat : /system/bin/dex2oat --input-vdex-fd=-1 --output-vdex-fd=10 --compiler-filter=speed-profile --classpath-dir=/data/app/com.android.gpstest-L64d64cvdR4v-exT4pPz3Q== --class-loader-context=PCL[/system/framework/org.apache.http.legacy.boot.jar] --generate-mini-debug-info --compact-dex-level=none --compilation-reason=install
11-10 14:39:05.876  1928  2290 I GnssLocationProvider: WakeLock acquired by sendMessage(REPORT_SV_STATUS, 0, com.android.server.location.GnssLocationProvider$SvStatusInfo@a792a85)
11-10 14:39:05.883  1928  1941 I GnssLocationProvider: WakeLock released by handleMessage(REPORT_SV_STATUS, 0, com.android.server.location.GnssLocationProvider$SvStatusInfo@a792a85)
11-10 14:39:06.885  1928  2290 I GnssLocationProvider: WakeLock acquired by sendMessage(REPORT_SV_STATUS, 0, com.android.server.location.GnssLocationProvider$SvStatusInfo@54c890b)
11-10 14:39:06.892  1928  1941 I GnssLocationProvider: WakeLock released by handleMessage(REPORT_SV_STATUS, 0, com.android.server.location.GnssLocationProvider$SvStatusInfo@54c890b)
11-10 14:39:07.549 17633 17633 I dex2oat : Explicit concurrent copying GC freed 9600(2MB) AllocSpace objects, 0(0B) LOS objects, 99% free, 896B/1536KB, paused 831us total 5.994ms
11-10 14:39:07.665 17633 17633 I dex2oat : dex2oat took 2.612s (8.199s cpu) (threads: 4) arena alloc=5KB (5224B) java alloc=16KB (17280B) native alloc=3MB (4023752B) free=2MB (2267704B)
11-10 14:39:07.670  1774  5461 V installed: DexInv: --- END '/data/app/com.android.gpstest-L64d64cvdR4v-exT4pPz3Q==/base.apk' (success) ---
11-10 14:39:07.674  1928  1955 V BackupManagerService: restoreAtInstall pkg=com.android.gpstest token=2a restoreSet=0
11-10 14:39:07.681  1928  1955 V BackupManagerService: Finishing install immediately
11-10 14:39:07.683  1774  5461 E         : Couldn't opendir /data/app/vmdl588434535.tmp: No such file or directory
11-10 14:39:07.683  1774  5461 E installd: Failed to delete /data/app/vmdl588434535.tmp: No such file or directory
11-10 14:39:07.734   387   387 I Finsky  : [2] rmi.i(0): PackageMonitorReceiverImpl - Received: android.intent.action.PACKAGE_ADDED, [1Gs0hyxgBQbxymtIaNymu4YClFghhsGmEnKp-_4-M4A]
11-10 14:39:07.734   387   387 I Finsky  : [2] rmy.n(8): Invalidating cached PackageState for com.android.gpstest
11-10 14:39:07.743 21517 21517 I GsaVoiceInteractionSrv: (REDACTED) O received %s
11-10 14:39:07.745  1928  1996 I InputReader: Reconfiguring input devices.  changes=0x00000010
11-10 14:39:07.753  1928  2638 W BroadcastQueue: Background execution not allowed: receiving Intent { act=android.intent.action.PACKAGE_ADDED dat=package:com.android.gpstest flg=0x4000010 (has extras) } to com.android.musicfx/.Compatibility$Receiver
11-10 14:39:07.755  1928  1942 W BroadcastQueue: Background execution not allowed: receiving Intent { act=android.intent.action.PACKAGE_ADDED dat=package:com.android.gpstest flg=0x4000010 (has extras) } to com.android.vending/com.google.android.finsky.packagemonitor.impl.PackageMonitorReceiverImpl$RegisteredReceiver
11-10 14:39:07.756  1928  1942 W BroadcastQueue: Background execution not allowed: receiving Intent { act=android.intent.action.PACKAGE_ADDED dat=package:com.android.gpstest flg=0x4000010 (has extras) } to com.google.android.gms/.games.chimera.GamesSystemBroadcastReceiverProxy
11-10 14:39:07.756  1928  1942 W BroadcastQueue: Background execution not allowed: receiving Intent { act=android.intent.action.PACKAGE_ADDED dat=package:com.android.gpstest flg=0x4000010 (has extras) } to com.google.android.gms/.gass.chimera.PackageChangeBroadcastReceiver
11-10 14:39:07.757  1928  1942 W BroadcastQueue: Background execution not allowed: receiving Intent { act=android.intent.action.PACKAGE_ADDED dat=package:com.android.gpstest flg=0x4000010 (has extras) } to com.google.android.gms/.chimera.GmsIntentOperationService$PersistentTrustedReceiver
11-10 14:39:07.759  1928  1942 W BroadcastQueue: Background execution not allowed: receiving Intent { act=android.intent.action.PACKAGE_ADDED dat=package:com.android.gpstest flg=0x4000010 (has extras) } to com.google.android.googlequicksearchbox/com.google.android.apps.gsa.googlequicksearchbox.GelStubAppWatcher
11-10 14:39:07.762  1928  1942 W BroadcastQueue: Background execution not allowed: receiving Intent { act=android.intent.action.PACKAGE_ADDED dat=package:com.android.gpstest flg=0x4000010 (has extras) } to com.google.android.ims/.receivers.RcsAutoStartReceiver
11-10 14:39:07.764  4376  4376 I CarrierServices: [2] RcsAutoStartReceiver.b: carrierServicesJibeServiceEnabled changed from true to true
11-10 14:39:07.770  4376  4376 I CarrierServices: [2] RcsAutoStartReceiver.b: enableRcs changed from true to true
11-10 14:39:07.770  4376  4376 I CarrierServices: [2] RcsAutoStartReceiver.b: RcsAutoStartReceiver triggered. Fetching RCS State. Action: android.intent.action.PACKAGE_ADDED
11-10 14:39:07.802  4376  4376 I CarrierServices: [2] aws.a: Migration binding to RcsMigrationService
11-10 14:39:07.815   387   387 I Finsky  : [2] vmc.a(8): Clearing split related stale data.
11-10 14:39:07.815 15588 17585 W GCM     : Unexpected forwarded intent: Intent { act=android.intent.action.PACKAGE_ADDED dat=package:com.android.gpstest flg=0x4000010 pkg=com.google.android.gms cmp=com.google.android.gms/.chimera.PersistentIntentOperationService (has extras) }
11-10 14:39:07.822   387   387 I Finsky  : [2] accj.c(3): Do not start WearSupportService due to Wear service optimization
11-10 14:39:07.828   387 17615 I Finsky  : [2029] at.a(48): Asset module storage cleared for package com.android.gpstest.
11-10 14:39:07.832   387 17617 I Finsky  : [2031] aqq.YI(24): [ContentSync] finished, scheduled=false
11-10 14:39:07.833 15588 17587 W GCM     : Unexpected forwarded intent: Intent { act=android.intent.action.PACKAGE_ADDED dat=package:com.android.gpstest flg=0x4000010 pkg=com.google.android.gms cmp=com.google.android.gms/.chimera.PersistentIntentOperationService (has extras) }
11-10 14:39:07.835  1928  1928 I Telecom : DefaultDialerCache: Refreshing default dialer for user 0: now com.google.android.dialer: DDC.oR@AgU
11-10 14:39:07.840  1928  1928 V BackupManagerConstants: getFullBackupIntervalMilliseconds(...) returns 86400000
11-10 14:39:07.849  6684  6684 I Bugle   : returning RCS state provider.
11-10 14:39:07.860  2140  2140 D CarrierSvcBindHelper: No carrier app for: 0
11-10 14:39:07.874   387 17584 I Finsky  : [2021] kye.run(18): Wrote row to frosting DB: 194
11-10 14:39:07.883  6353 17579 I Auth    : [SupervisedAccountIntentOperation] onHandleIntent(): android.intent.action.PACKAGE_ADDED
11-10 14:39:07.890  1928  2290 I GnssLocationProvider: WakeLock acquired by sendMessage(REPORT_SV_STATUS, 0, com.android.server.location.GnssLocationProvider$SvStatusInfo@48fe719)
11-10 14:39:07.894  6353  6353 D BoundBrokerSvc: onBind: Intent { act=com.google.android.gms.common.BIND_SHARED_PREFS pkg=com.google.android.gms }
11-10 14:39:07.895  6353  6353 D BoundBrokerSvc: Loading bound service for intent: Intent { act=com.google.android.gms.common.BIND_SHARED_PREFS pkg=com.google.android.gms }
11-10 14:39:07.900  6353  6353 D BoundBrokerSvc: onUnbind: Intent { act=com.google.android.gms.common.BIND_SHARED_PREFS pkg=com.google.android.gms }
11-10 14:39:07.908  6353 17589 I BlockstoreStorage: Clearing Blockstore Data for package com.android.gpstest [CONTEXT service_id=258 ]
11-10 14:39:07.919  6353 17589 I BlockstoreStorage: Keyless data not found or its IsLastInstallationData = false. [CONTEXT service_id=258 ]
11-10 14:39:07.940  2140  2140 D ImsResolver: maybeAddedImsService, packageName: com.android.gpstest
11-10 14:39:07.953  2140  2140 D CarrierConfigLoader: mHandler: 9 phoneId: 0
11-10 14:39:07.996  1928  1941 I GnssLocationProvider: WakeLock released by handleMessage(REPORT_SV_STATUS, 0, com.android.server.location.GnssLocationProvider$SvStatusInfo@48fe719)
11-10 14:39:08.018  6684  6738 I CarrierServices: [1880] inq.shouldUseCarrierServicesApkForV1Apis: Checking if using CarrierServices.apk is possible. Enabled: true, isAtLeastM: true, runningInsideBugle: true
11-10 14:39:08.020 15588 15588 D BoundBrokerSvc: onBind: Intent { act=com.google.android.gms.nearby.exposurenotification.START dat=chimera-action: cmp=com.google.android.gms/.chimera.PersistentApiService }
11-10 14:39:08.020 15588 15588 D BoundBrokerSvc: Loading bound service for intent: Intent { act=com.google.android.gms.nearby.exposurenotification.START dat=chimera-action: cmp=com.google.android.gms/.chimera.PersistentApiService }
11-10 14:39:08.030   387 17584 I Finsky  : [2021] kye.run(18): Wrote row to frosting DB: 195
11-10 14:39:08.048  6684  6738 I CarrierServices: [1880] inq.e: Network Operator: 310260
11-10 14:39:08.056  6684  6738 I CarrierServices: [1880] inq.e: carrierWithOldEcApis: false
11-10 14:39:08.056  6684  6738 I CarrierServices: [1880] inq.e: hasDialerThatSupportsNewEc: false
11-10 14:39:08.090  6684  6738 W RcsProvisioning: Failed to read configuration: /data/user/0/com.google.android.apps.messaging/files/rcsconfig (No such file or directory)
11-10 14:39:08.093  6684  6738 W RcsProvisioning: java.io.FileNotFoundException: /data/user/0/com.google.android.apps.messaging/files/rcsconfig (No such file or directory)
11-10 14:39:08.093  6684  6738 W RcsProvisioning: 	at java.io.FileInputStream.open0(Native Method)
11-10 14:39:08.093  6684  6738 W RcsProvisioning: 	at java.io.FileInputStream.open(FileInputStream.java:231)
11-10 14:39:08.093  6684  6738 W RcsProvisioning: 	at java.io.FileInputStream.<init>(FileInputStream.java:165)
11-10 14:39:08.093  6684  6738 W RcsProvisioning: 	at android.app.ContextImpl.openFileInput(ContextImpl.java:560)
11-10 14:39:08.093  6684  6738 W RcsProvisioning: 	at android.content.ContextWrapper.openFileInput(ContextWrapper.java:202)
11-10 14:39:08.093  6684  6738 W RcsProvisioning: 	at ion.a(SourceFile:2)
11-10 14:39:08.093  6684  6738 W RcsProvisioning: 	at idl.a(SourceFile:4)
11-10 14:39:08.093  6684  6738 W RcsProvisioning: 	at idm.a(SourceFile:7)
11-10 14:39:08.093  6684  6738 W RcsProvisioning: 	at com.google.android.apps.messaging.rcsmigration.RcsStateProvider.buildRcsState(SourceFile:81)
11-10 14:39:08.093  6684  6738 W RcsProvisioning: 	at com.google.android.apps.messaging.rcsmigration.RcsStateProvider.getRcsState(SourceFile:6)
11-10 14:39:08.093  6684  6738 W RcsProvisioning: 	at com.google.android.ims.rcsmigration.IRcsStateProvider$Stub.dispatchTransaction(SourceFile:10)
11-10 14:39:08.093  6684  6738 W RcsProvisioning: 	at com.google.android.aidl.BaseStub.onTransact(SourceFile:18)
11-10 14:39:08.093  6684  6738 W RcsProvisioning: 	at android.os.Binder.execTransact(Binder.java:731)
11-10 14:39:08.093  6684  6738 D RcsProvisioning: Retrieving backup token
11-10 14:39:08.093 15588 15717 W ChimeraUtils: Module com.google.android.gms.nearby_en has empty metadata display_name_string_id
11-10 14:39:08.098 15588 15717 W ChimeraUtils: Module com.google.android.gms.nearby_en has empty metadata display_name_string_id
11-10 14:39:08.098  1928  1937 I system_server: Background concurrent copying GC freed 40662(2MB) AllocSpace objects, 30(1144KB) LOS objects, 18% free, 26MB/32MB, paused 1.782ms total 415.684ms
11-10 14:39:08.104  6684  6738 D RcsProvisioning: Exception while getting subscriber Id. Using default
11-10 14:39:08.141  6288  6298 I earchbox:searc: Background concurrent copying GC freed 42327(2MB) AllocSpace objects, 1(24KB) LOS objects, 24% free, 18MB/24MB, paused 4.679ms total 321.100ms
11-10 14:39:08.189  9158 17640 I ProvidersCache: Provider returned no roots. Possibly naughty: com.google.android.apps.docs.storage
11-10 14:39:08.217  6353 13426 I Icing   : Indexing com.google.android.gms-apps from com.google.android.gms
11-10 14:39:08.228  6353 13426 I Icing   : Indexing done com.google.android.gms-apps
11-10 14:39:08.242  6684  6738 D RcsProvisioning: No backup token found
11-10 14:39:08.244  6684  6738 D RcsProvisioning: Retrieving backup token
11-10 14:39:08.244  6684  6738 D RcsProvisioning: Exception while getting subscriber Id. Using default
11-10 14:39:08.270 17643 17643 D AndroidRuntime: >>>>>> START com.android.internal.os.RuntimeInit uid 2000 <<<<<<
11-10 14:39:08.386  6684  6738 D RcsProvisioning: No backup token found
11-10 14:39:08.410  6684  6738 W RcsProvisioning: Failed to read configuration: /data/user/0/com.google.android.apps.messaging/files/rcsconfig (No such file or directory)
11-10 14:39:08.410  6684  6738 W RcsProvisioning: java.io.FileNotFoundException: /data/user/0/com.google.android.apps.messaging/files/rcsconfig (No such file or directory)
11-10 14:39:08.410  6684  6738 W RcsProvisioning: 	at java.io.FileInputStream.open0(Native Method)
11-10 14:39:08.410  6684  6738 W RcsProvisioning: 	at java.io.FileInputStream.open(FileInputStream.java:231)
11-10 14:39:08.410  6684  6738 W RcsProvisioning: 	at java.io.FileInputStream.<init>(FileInputStream.java:165)
11-10 14:39:08.410  6684  6738 W RcsProvisioning: 	at android.app.ContextImpl.openFileInput(ContextImpl.java:560)
11-10 14:39:08.410  6684  6738 W RcsProvisioning: 	at android.content.ContextWrapper.openFileInput(ContextWrapper.java:202)
11-10 14:39:08.410  6684  6738 W RcsProvisioning: 	at ion.a(SourceFile:2)
11-10 14:39:08.410  6684  6738 W RcsProvisioning: 	at idl.a(SourceFile:4)
11-10 14:39:08.410  6684  6738 W RcsProvisioning: 	at idm.a(SourceFile:7)
11-10 14:39:08.410  6684  6738 W RcsProvisioning: 	at iez.buildConferencesFileName(SourceFile:30)
11-10 14:39:08.410  6684  6738 W RcsProvisioning: 	at com.google.android.apps.messaging.rcsmigration.RcsStateProvider.buildRcsState(SourceFile:129)
11-10 14:39:08.410  6684  6738 W RcsProvisioning: 	at com.google.android.apps.messaging.rcsmigration.RcsStateProvider.getRcsState(SourceFile:6)
11-10 14:39:08.410  6684  6738 W RcsProvisioning: 	at com.google.android.ims.rcsmigration.IRcsStateProvider$Stub.dispatchTransaction(SourceFile:10)
11-10 14:39:08.410  6684  6738 W RcsProvisioning: 	at com.google.android.aidl.BaseStub.onTransact(SourceFile:18)
11-10 14:39:08.410  6684  6738 W RcsProvisioning: 	at android.os.Binder.execTransact(Binder.java:731)
11-10 14:39:08.410  6684  6738 D RcsProvisioning: Retrieving backup token
11-10 14:39:08.410  6684  6738 D RcsProvisioning: Exception while getting subscriber Id. Using default
11-10 14:39:08.428 17643 17643 W app_process: Unexpected CPU variant for X86 using defaults: x86
11-10 14:39:08.431 17643 17643 I app_process: The ClassLoaderContext is a special shared library.
11-10 14:39:08.441 17643 17643 W app_process: CheckJNI: method to register "write" not in the given class. This is slow, consider changing your RegisterNatives calls.
11-10 14:39:08.444 17643 17643 I chatty  : uid=2000(shell) main identical 42 lines
11-10 14:39:08.444 17643 17643 W app_process: CheckJNI: method to register "write" not in the given class. This is slow, consider changing your RegisterNatives calls.
11-10 14:39:08.444 17643 17643 W app_process: CheckJNI: method to register "write_non_chained" not in the given class. This is slow, consider changing your RegisterNatives calls.
11-10 14:39:08.445 17643 17643 I chatty  : uid=2000(shell) com.android.commands.monkey identical 7 lines
11-10 14:39:08.445 17643 17643 W app_process: CheckJNI: method to register "write_non_chained" not in the given class. This is slow, consider changing your RegisterNatives calls.
11-10 14:39:08.489 17643 17643 D AndroidRuntime: Calling main entry com.android.commands.monkey.Monkey
11-10 14:39:08.490 17643 17643 W Monkey  : args: [-p, com.android.gpstest, -c, android.intent.category.LAUNCHER, 1]
11-10 14:39:08.493 17643 17643 W Monkey  :  arg: "-p"
11-10 14:39:08.493 17643 17643 W Monkey  :  arg: "com.android.gpstest"
11-10 14:39:08.493 17643 17643 W Monkey  :  arg: "-c"
11-10 14:39:08.493 17643 17643 W Monkey  :  arg: "android.intent.category.LAUNCHER"
11-10 14:39:08.493 17643 17643 W Monkey  :  arg: "1"
11-10 14:39:08.494 17643 17643 W Monkey  : data="com.android.gpstest"
11-10 14:39:08.494 17643 17643 W Monkey  : data="android.intent.category.LAUNCHER"
11-10 14:39:08.533  1928  1942 W BroadcastQueue: Skipping deliver [background] BroadcastRecord{687b08d u-1 android.net.conn.CONNECTIVITY_CHANGE} to ReceiverList{99f5242 17643 (unknown name)/2000/u-1 remote:67451b7}: process gone or crashing
11-10 14:39:08.553  6684  6738 D RcsProvisioning: No backup token found
11-10 14:39:08.553  1928  4544 I ActivityManager: START u0 {act=android.intent.action.MAIN cat=[android.intent.category.LAUNCHER] flg=0x10200000 cmp=com.android.gpstest/.GpsTestActivity} from uid 2000
11-10 14:39:08.554  6684  6738 E CarrierServices: [1880] iez.getFile: File not found.: /data/user/0/com.google.android.apps.messaging/files/httpft_pending (No such file or directory)
11-10 14:39:08.554  6684  6738 E CarrierServices: 	java.io.FileInputStream.open0(Native Method)
11-10 14:39:08.554  6684  6738 E CarrierServices: 	java.io.FileInputStream.open(FileInputStream.java:231)
11-10 14:39:08.554  6684  6738 E CarrierServices: 	java.io.FileInputStream.<init>(FileInputStream.java:165)
11-10 14:39:08.554  6684  6738 E CarrierServices: 	android.app.ContextImpl.openFileInput(ContextImpl.java:560)
11-10 14:39:08.554  6684  6738 E CarrierServices: 	android.content.ContextWrapper.openFileInput(ContextWrapper.java:202)
11-10 14:39:08.554  6684  6738 E CarrierServices: 	iez.getFile(SourceFile:20)
11-10 14:39:08.554  6684  6738 E CarrierServices: 	com.google.android.apps.messaging.rcsmigration.RcsStateProvider.buildRcsState(SourceFile:136)
11-10 14:39:08.554  6684  6738 E CarrierServices: 	com.google.android.apps.messaging.rcsmigration.RcsStateProvider.getRcsState(SourceFile:6)
11-10 14:39:08.554  6684  6738 E CarrierServices: 	com.google.android.ims.rcsmigration.IRcsStateProvider$Stub.dispatchTransaction(SourceFile:10)
11-10 14:39:08.554  6684  6738 E CarrierServices: 	com.google.android.aidl.BaseStub.onTransact(SourceFile:18)
11-10 14:39:08.554  6684  6738 E CarrierServices: 	android.os.Binder.execTransact(Binder.java:731)
11-10 14:39:08.555  1928  4544 W Binder  : Outgoing transactions from this process must be FLAG_ONEWAY
11-10 14:39:08.555  1928  4544 W Binder  : java.lang.Throwable
11-10 14:39:08.555  1928  4544 W Binder  : 	at android.os.BinderProxy.transact(Binder.java:1114)
11-10 14:39:08.555  1928  4544 W Binder  : 	at android.app.IActivityController$Stub$Proxy.activityStarting(IActivityController.java:176)
11-10 14:39:08.555  1928  4544 W Binder  : 	at com.android.server.am.ActivityStarter.startActivity(ActivityStarter.java:737)
11-10 14:39:08.555  1928  4544 W Binder  : 	at com.android.server.am.ActivityStarter.startActivity(ActivityStarter.java:544)
11-10 14:39:08.555  1928  4544 W Binder  : 	at com.android.server.am.ActivityStarter.startActivityMayWait(ActivityStarter.java:1099)
11-10 14:39:08.555  1928  4544 W Binder  : 	at com.android.server.am.ActivityStarter.execute(ActivityStarter.java:486)
11-10 14:39:08.555  1928  4544 W Binder  : 	at com.android.server.am.ActivityManagerService.startActivityAsUser(ActivityManagerService.java:5120)
11-10 14:39:08.555  1928  4544 W Binder  : 	at com.android.server.am.ActivityManagerService.startActivityAsUser(ActivityManagerService.java:5094)
11-10 14:39:08.555  1928  4544 W Binder  : 	at com.android.server.am.ActivityManagerService.startActivity(ActivityManagerService.java:5085)
11-10 14:39:08.555  1928  4544 W Binder  : 	at android.app.IActivityManager$Stub.onTransact$startActivity$(IActivityManager.java:10084)
11-10 14:39:08.555  1928  4544 W Binder  : 	at android.app.IActivityManager$Stub.onTransact(IActivityManager.java:122)
11-10 14:39:08.555  1928  4544 W Binder  : 	at com.android.server.am.ActivityManagerService.onTransact(ActivityManagerService.java:3291)
11-10 14:39:08.555  1928  4544 W Binder  : 	at android.os.Binder.execTransact(Binder.java:731)
11-10 14:39:08.573  4376 17665 I CarrierServices: [371] awt.doInBackground: Saving RCS State
11-10 14:39:08.573  4376 17665 I CarrierServices: [371] awt.doInBackground: Old operation mode: 2
11-10 14:39:08.576  4376 17665 I CarrierServices: [371] awt.doInBackground: New operation mode: 2
11-10 14:39:08.585 17643 17643 I Monkey  : Events injected: 1
11-10 14:39:08.586  6684  6738 I CarrierServices: [1880] RcsStateProvider.onMigrationComplete: Migration complete.
11-10 14:39:08.596  1928  1928 V SettingsProvider: Notifying for 0: content://settings/system/accelerometer_rotation
11-10 14:39:08.618  6684  6738 I CarrierServices: [1880] inq.shouldUseCarrierServicesApkForV1Apis: Checking if using CarrierServices.apk is possible. Enabled: true, isAtLeastM: true, runningInsideBugle: true
11-10 14:39:08.632  6684  6738 I CarrierServices: [1880] inq.e: Network Operator: 310260
11-10 14:39:08.634  6684  6738 I CarrierServices: [1880] inq.e: carrierWithOldEcApis: false
11-10 14:39:08.634  6684  6738 I CarrierServices: [1880] inq.e: hasDialerThatSupportsNewEc: false
11-10 14:39:08.634  6684  6738 I CarrierServices: [1880] RcsStateProvider.onMigrationComplete: Rcs Engine should be running in cs.apk. Stopping JibeService.
11-10 14:39:08.648  1647  1841 D gralloc_ranchu: gralloc_alloc: Creating ashmem region of size 8298496
11-10 14:39:08.649 17643 17643 I Monkey  : ## Network stats: elapsed time=63ms (0ms mobile, 0ms wifi, 63ms not connected)
11-10 14:39:08.653 17643 17643 I app_process: System.exit called, status: 0
11-10 14:39:08.653 17643 17643 I AndroidRuntime: VM exiting with result code 0.
11-10 14:39:08.661  6684  6738 I CarrierServices: [1880] RcsStateProvider.onMigrationComplete: JibeService stopped: true
11-10 14:39:08.670  6684  6738 I CarrierServices: [1880] inq.e: Network Operator: 310260
11-10 14:39:08.675  6684  6738 I CarrierServices: [1880] inq.e: carrierWithOldEcApis: false
11-10 14:39:08.676  6684  6738 I CarrierServices: [1880] inq.e: hasDialerThatSupportsNewEc: false
11-10 14:39:08.678  6684  6738 I CarrierServices: [1880] jsn.connect: shouldUseCarrierServicesJibeService: true, CarrierServices rcs service found: true
11-10 14:39:08.679  6684  6738 I CarrierServices: [1880] jsn.connect: Binding to JibeService in CarrierServices.
11-10 14:39:08.692  6684  6738 I CarrierServices: [1880] inq.e: Network Operator: 310260
11-10 14:39:08.694  6684  6738 I CarrierServices: [1880] inq.e: carrierWithOldEcApis: false
11-10 14:39:08.694  6684  6738 I CarrierServices: [1880] inq.e: hasDialerThatSupportsNewEc: false
11-10 14:39:08.697  6684  6738 I CarrierServices: [1880] jsn.connect: shouldUseCarrierServicesJibeService: true, CarrierServices rcs service found: true
11-10 14:39:08.698  6684  6738 I CarrierServices: [1880] jsn.connect: Binding to JibeService in CarrierServices.
11-10 14:39:08.705  6684  6684 D RcsClientLib: Service com.google.android.rcs.client.chatsession.ChatSessionService connected. Will notify listeners: true
11-10 14:39:08.710  6684  6684 V BugleRcs: com.google.android.rcs.client.chatsession.ChatSessionService RCS service connected
11-10 14:39:08.645  1928  1928 V SettingsProvider: Notifying for 0: content://settings/system/accelerometer_rotation
11-10 14:39:08.713  1928  1944 W ActivityManager: Slow operation: 100ms so far, now at startProcess: returned from zygote!
11-10 14:39:08.715  1928  1944 W ActivityManager: Slow operation: 103ms so far, now at startProcess: done updating battery stats
11-10 14:39:08.715  1928  1944 W ActivityManager: Slow operation: 103ms so far, now at startProcess: building log message
11-10 14:39:08.715  1928  1944 I ActivityManager: Start proc 17667:com.android.gpstest/u0a121 for activity com.android.gpstest/.GpsTestActivity
11-10 14:39:08.719  1928  1944 W ActivityManager: Slow operation: 106ms so far, now at startProcess: starting to update pids map
11-10 14:39:08.719  1928  1944 W ActivityManager: Slow operation: 106ms so far, now at startProcess: done updating pids map
11-10 14:39:08.724  6684  6684 D RcsClientLib: Service com.google.android.rcs.client.events.EventService connected. Will notify listeners: true
11-10 14:39:08.725  6684  6684 V BugleRcs: com.google.android.rcs.client.events.EventService RCS service connected
11-10 14:39:08.733 17667 17667 W android.gpstes: Unexpected CPU variant for X86 using defaults: x86
11-10 14:39:08.735  6684  6738 I CarrierServices: [1880] inq.e: Network Operator: 310260
11-10 14:39:08.738  6684  6738 I CarrierServices: [1880] inq.e: carrierWithOldEcApis: false
11-10 14:39:08.738  6684  6738 I CarrierServices: [1880] inq.e: hasDialerThatSupportsNewEc: false
11-10 14:39:08.743 17667 17667 E android.gpstes: Not starting debugger since process cannot load the jdwp agent.
11-10 14:39:08.743  6684  6738 I CarrierServices: [1880] jsn.connect: shouldUseCarrierServicesJibeService: true, CarrierServices rcs service found: true
11-10 14:39:08.743  6684  6738 I CarrierServices: [1880] jsn.connect: Binding to JibeService in CarrierServices.
11-10 14:39:08.750  6684  6684 D RcsClientLib: Service com.google.android.rcs.client.contacts.ContactsService connected. Will notify listeners: true
11-10 14:39:08.750  6684  6684 V BugleRcs: com.google.android.rcs.client.contacts.ContactsService RCS service connected
11-10 14:39:08.763  6684  6738 I CarrierServices: [1880] inq.e: Network Operator: 310260
11-10 14:39:08.764  6684  6738 I CarrierServices: [1880] inq.e: carrierWithOldEcApis: false
11-10 14:39:08.764  6684  6738 I CarrierServices: [1880] inq.e: hasDialerThatSupportsNewEc: false
11-10 14:39:08.768  6684  6738 I CarrierServices: [1880] jsn.connect: shouldUseCarrierServicesJibeService: true, CarrierServices rcs service found: true
11-10 14:39:08.768  6684  6738 I CarrierServices: [1880] jsn.connect: Binding to JibeService in CarrierServices.
11-10 14:39:08.773 17667 17677 I android.gpstes: Background concurrent copying GC freed 5927(2MB) AllocSpace objects, 0(0B) LOS objects, 60% free, 994KB/2MB, paused 5.137ms total 28.123ms
11-10 14:39:08.787  1647  1841 D gralloc_ranchu: gralloc_alloc: Creating ashmem region of size 8298496
11-10 14:39:08.811  6684  6684 D RcsClientLib: Service com.google.android.rcs.client.filetransfer.FileTransferService connected. Will notify listeners: true
11-10 14:39:08.811  6684  6684 V BugleRcs: com.google.android.rcs.client.filetransfer.FileTransferService RCS service connected
11-10 14:39:08.823 17667 17667 I android.gpstes: The ClassLoaderContext is a special shared library.
11-10 14:39:08.828  6684  6738 I CarrierServices: [1880] inq.e: Network Operator: 310260
11-10 14:39:08.829  6684  6738 I CarrierServices: [1880] inq.e: carrierWithOldEcApis: false
11-10 14:39:08.829  6684  6738 I CarrierServices: [1880] inq.e: hasDialerThatSupportsNewEc: false
11-10 14:39:08.839  6684  6738 I CarrierServices: [1880] jsn.connect: shouldUseCarrierServicesJibeService: true, CarrierServices rcs service found: true
11-10 14:39:08.840  6684  6738 I CarrierServices: [1880] jsn.connect: Binding to JibeService in CarrierServices.
11-10 14:39:08.846  6684  6684 D RcsClientLib: Service com.google.android.rcs.client.locationsharing.LocationSharingService connected. Will notify listeners: true
11-10 14:39:08.846  6684  6684 V BugleRcs: com.google.android.rcs.client.locationsharing.LocationSharingService RCS service connected
11-10 14:39:08.855  6684  6738 I CarrierServices: [1880] inq.e: Network Operator: 310260
11-10 14:39:08.858  6684  6738 I CarrierServices: [1880] inq.e: carrierWithOldEcApis: false
11-10 14:39:08.858  6684  6738 I CarrierServices: [1880] inq.e: hasDialerThatSupportsNewEc: false
11-10 14:39:08.863  6684  6738 I CarrierServices: [1880] jsn.connect: shouldUseCarrierServicesJibeService: true, CarrierServices rcs service found: true
11-10 14:39:08.863  6684  6738 I CarrierServices: [1880] jsn.connect: Binding to JibeService in CarrierServices.
11-10 14:39:08.872  6684  6684 D RcsClientLib: Service com.google.android.rcs.client.ims.ImsConnectionTrackerService connected. Will notify listeners: true
11-10 14:39:08.872  6684  6684 V BugleRcs: com.google.android.rcs.client.ims.ImsConnectionTrackerService RCS service connected
11-10 14:39:08.883  6684  6684 V BugleRcs: kicking off RCS sending/receiving
11-10 14:39:08.885  6684  6738 I CarrierServices: [1880] inq.e: Network Operator: 310260
11-10 14:39:08.887  6684  6684 V BugleAction: no RCS because we're not registered
11-10 14:39:08.889  6684  6738 I CarrierServices: [1880] inq.e: carrierWithOldEcApis: false
11-10 14:39:08.890  6684  6738 I CarrierServices: [1880] inq.e: hasDialerThatSupportsNewEc: false
11-10 14:39:08.894  6684  6738 I CarrierServices: [1880] jsn.connect: shouldUseCarrierServicesJibeService: true, CarrierServices rcs service found: true
11-10 14:39:08.894  6684  6738 I CarrierServices: [1880] jsn.connect: Binding to JibeService in CarrierServices.
11-10 14:39:08.896  1928  2290 I GnssLocationProvider: WakeLock acquired by sendMessage(REPORT_SV_STATUS, 0, com.android.server.location.GnssLocationProvider$SvStatusInfo@7d1428f)
11-10 14:39:08.897  1928  1941 I GnssLocationProvider: WakeLock released by handleMessage(REPORT_SV_STATUS, 0, com.android.server.location.GnssLocationProvider$SvStatusInfo@7d1428f)
11-10 14:39:08.900  6684  6684 D RcsClientLib: Service com.google.android.rcs.client.profile.RcsProfileService connected. Will notify listeners: true
11-10 14:39:08.900  6684  6684 V BugleRcs: com.google.android.rcs.client.profile.RcsProfileService RCS service connected
11-10 14:39:08.901  6684  6684 V BugleRcs: kicking off RCS sending/receiving
11-10 14:39:08.904  6684  6684 V BugleAction: no RCS because we're not registered
11-10 14:39:08.907  6684  6738 I CarrierServices: [1880] inq.e: Network Operator: 310260
11-10 14:39:08.910  6684  6738 I CarrierServices: [1880] inq.e: carrierWithOldEcApis: false
11-10 14:39:08.910  6684  6738 I CarrierServices: [1880] inq.e: hasDialerThatSupportsNewEc: false
11-10 14:39:08.915  6684  6738 I CarrierServices: [1880] jsn.connect: shouldUseCarrierServicesJibeService: true, CarrierServices rcs service found: true
11-10 14:39:08.915  6684  6738 I CarrierServices: [1880] jsn.connect: Binding to JibeService in CarrierServices.
11-10 14:39:08.918  4376 20207 W CarrierServices: [315] bmc.a: No config URL. RCS will be disabled!
11-10 14:39:08.919  6684  6684 I BugleRcs: RcsAvailability ACS url: null
11-10 14:39:08.923  6684  6684 D RcsClientLib: Service com.google.android.rcs.client.businessinfo.BusinessInfoService connected. Will notify listeners: true
11-10 14:39:08.923  6684  6684 V BugleRcs: com.google.android.rcs.client.businessinfo.BusinessInfoService RCS service connected
11-10 14:39:08.924  6684  6684 V BugleRcs: kicking off RCS sending/receiving
11-10 14:39:08.925  6684  6684 V BugleAction: no RCS because we're not registered
11-10 14:39:08.926  4376 19159 W CarrierServices: [348] bmc.a: No config URL. RCS will be disabled!
11-10 14:39:08.927  6684  6684 I BugleRcs: RcsAvailability ACS url: null
11-10 14:39:08.934  6684  6738 W RcsProvisioning: Failed to read configuration: /data/user/0/com.google.android.apps.messaging/files/rcsconfig (No such file or directory)
11-10 14:39:08.935  6684  6738 W RcsProvisioning: java.io.FileNotFoundException: /data/user/0/com.google.android.apps.messaging/files/rcsconfig (No such file or directory)
11-10 14:39:08.935  6684  6738 W RcsProvisioning: 	at java.io.FileInputStream.open0(Native Method)
11-10 14:39:08.935  6684  6738 W RcsProvisioning: 	at java.io.FileInputStream.open(FileInputStream.java:231)
11-10 14:39:08.935  6684  6738 W RcsProvisioning: 	at java.io.FileInputStream.<init>(FileInputStream.java:165)
11-10 14:39:08.935  6684  6738 W RcsProvisioning: 	at android.app.ContextImpl.openFileInput(ContextImpl.java:560)
11-10 14:39:08.935  6684  6738 W RcsProvisioning: 	at android.content.ContextWrapper.openFileInput(ContextWrapper.java:202)
11-10 14:39:08.935  6684  6738 W RcsProvisioning: 	at ion.a(SourceFile:2)
11-10 14:39:08.935  6684  6738 W RcsProvisioning: 	at idl.a(SourceFile:4)
11-10 14:39:08.935  6684  6738 W RcsProvisioning: 	at idm.a(SourceFile:7)
11-10 14:39:08.935  6684  6738 W RcsProvisioning: 	at com.google.android.apps.messaging.rcsmigration.RcsStateProvider.onMigrationComplete(SourceFile:27)
11-10 14:39:08.935  6684  6738 W RcsProvisioning: 	at com.google.android.ims.rcsmigration.IRcsStateProvider$Stub.dispatchTransaction(SourceFile:14)
11-10 14:39:08.935  6684  6738 W RcsProvisioning: 	at com.google.android.aidl.BaseStub.onTransact(SourceFile:18)
11-10 14:39:08.935  6684  6738 W RcsProvisioning: 	at android.os.Binder.execTransact(Binder.java:731)
11-10 14:39:08.935  6684  6738 D RcsProvisioning: Retrieving backup token
11-10 14:39:08.935  6684  6738 D RcsProvisioning: Exception while getting subscriber Id. Using default
11-10 14:39:09.072  6684  6738 D RcsProvisioning: No backup token found
11-10 14:39:09.072  6684  6738 D RcsProvisioning: Clearing backup token
11-10 14:39:09.072  6684  6738 D RcsProvisioning: Exception while getting subscriber Id. Using default
11-10 14:39:09.115  6684  6738 I CarrierServices: [1880] RcsStateProvider.onMigrationComplete: Deleted transfers file: false
11-10 14:39:09.130  6684  6738 W RcsProvisioning: Failed to read configuration: /data/user/0/com.google.android.apps.messaging/files/rcsconfig (No such file or directory)
11-10 14:39:09.130  6684  6738 W RcsProvisioning: java.io.FileNotFoundException: /data/user/0/com.google.android.apps.messaging/files/rcsconfig (No such file or directory)
11-10 14:39:09.130  6684  6738 W RcsProvisioning: 	at java.io.FileInputStream.open0(Native Method)
11-10 14:39:09.130  6684  6738 W RcsProvisioning: 	at java.io.FileInputStream.open(FileInputStream.java:231)
11-10 14:39:09.130  6684  6738 W RcsProvisioning: 	at java.io.FileInputStream.<init>(FileInputStream.java:165)
11-10 14:39:09.130  6684  6738 W RcsProvisioning: 	at android.app.ContextImpl.openFileInput(ContextImpl.java:560)
11-10 14:39:09.130  6684  6738 W RcsProvisioning: 	at android.content.ContextWrapper.openFileInput(ContextWrapper.java:202)
11-10 14:39:09.130  6684  6738 W RcsProvisioning: 	at ion.a(SourceFile:2)
11-10 14:39:09.130  6684  6738 W RcsProvisioning: 	at idl.a(SourceFile:4)
11-10 14:39:09.130  6684  6738 W RcsProvisioning: 	at idm.a(SourceFile:7)
11-10 14:39:09.130  6684  6738 W RcsProvisioning: 	at iez.buildConferencesFileName(SourceFile:30)
11-10 14:39:09.130  6684  6738 W RcsProvisioning: 	at com.google.android.apps.messaging.rcsmigration.RcsStateProvider.onMigrationComplete(SourceFile:48)
11-10 14:39:09.130  6684  6738 W RcsProvisioning: 	at com.google.android.ims.rcsmigration.IRcsStateProvider$Stub.dispatchTransaction(SourceFile:14)
11-10 14:39:09.130  6684  6738 W RcsProvisioning: 	at com.google.android.aidl.BaseStub.onTransact(SourceFile:18)
11-10 14:39:09.130  6684  6738 W RcsProvisioning: 	at android.os.Binder.execTransact(Binder.java:731)
11-10 14:39:09.130  6684  6738 D RcsProvisioning: Retrieving backup token
11-10 14:39:09.130  6684  6738 D RcsProvisioning: Exception while getting subscriber Id. Using default
11-10 14:39:09.131 17667 17667 D NavDrawerFragment: Using position from preferences = 0
11-10 14:39:09.136  6288  6403 D EGL_emulation: eglMakeCurrent: 0xbe169080: ver 3 0 (tinfo 0xbe167770)
11-10 14:39:09.139  2156  2365 D EGL_emulation: eglMakeCurrent: 0xdaf4bd80: ver 3 0 (tinfo 0xdaf4f4a0)
11-10 14:39:09.141  3205  3304 D EGL_emulation: eglMakeCurrent: 0xdd085780: ver 3 0 (tinfo 0xdd083510)
11-10 14:39:09.148  2156  2365 D EGL_emulation: eglMakeCurrent: 0xdaf4bd80: ver 3 0 (tinfo 0xdaf4f4a0)
11-10 14:39:09.157 17667 17667 D GpsTestActivity: Creating new GpsStatusFragment
11-10 14:39:09.272  6684  6738 D RcsProvisioning: No backup token found
11-10 14:39:09.286  4376  4376 I CarrierServices: [2] aww.a: Unbinding RcsMigrationService
11-10 14:39:09.298  1928  2638 I ActivityManager: START u0 {act=android.content.pm.action.REQUEST_PERMISSIONS pkg=com.google.android.packageinstaller cmp=com.google.android.packageinstaller/com.android.packageinstaller.permission.ui.GrantPermissionsActivity (has extras)} from uid 10121
11-10 14:39:09.331 17667 17667 D OpenGLRenderer: Skia GL Pipeline
11-10 14:39:09.340  1769  2048 E SurfaceFlinger: ro.sf.lcd_density must be defined as a build property
11-10 14:39:09.367 11649 11649 W ActivityThread: handleWindowVisibility: no activity for token android.os.BinderProxy@4172378
11-10 14:39:09.477  1647  1841 D gralloc_ranchu: gralloc_alloc: Creating ashmem region of size 8298496
11-10 14:39:09.490  1647  1693 D gralloc_ranchu: gralloc_alloc: Creating ashmem region of size 8298496
