06-27 01:18:58.456 14720 14720 I Input   : injectMotionEvent: MotionEvent { action=ACTION_MOVE, actionButton=0, id[0]=0, x[0]=264.0, y[0]=273.0, toolType[0]=TOOL_TYPE_UNKNOWN, buttonState=0, metaState=0, flags=0x0, edgeFlags=0x0, pointerCount=1, historySize=0, eventTime=1503652, downTime=1503652, deviceId=0, source=0x1002 }
06-27 01:18:58.473 14720 14720 I Input   : injectMotionEvent: MotionEvent { action=ACTION_MOVE, actionButton=0, id[0]=0, x[0]=264.0, y[0]=273.0, toolType[0]=TOOL_TYPE_UNKNOWN, buttonState=0, metaState=0, flags=0x0, edgeFlags=0x0, pointerCount=1, historySize=0, eventTime=1503668, downTime=1503668, deviceId=0, source=0x1002 }
06-27 01:18:58.489 14720 14720 I Input   : injectMotionEvent: MotionEvent { action=ACTION_MOVE, actionButton=0, id[0]=0, x[0]=264.0, y[0]=273.0, toolType[0]=TOOL_TYPE_UNKNOWN, buttonState=0, metaState=0, flags=0x0, edgeFlags=0x0, pointerCount=1, historySize=0, eventTime=1503685, downTime=1503685, deviceId=0, source=0x1002 }
06-27 01:18:58.507 14720 14720 I Input   : injectMotionEvent: MotionEvent { action=ACTION_MOVE, actionButton=0, id[0]=0, x[0]=264.0, y[0]=273.0, toolType[0]=TOOL_TYPE_UNKNOWN, buttonState=0, metaState=0, flags=0x0, edgeFlags=0x0, pointerCount=1, historySize=0, eventTime=1503702, downTime=1503702, deviceId=0, source=0x1002 }
06-27 01:18:58.526 14720 14720 I Input   : injectMotionEvent: MotionEvent { action=ACTION_MOVE, actionButton=0, id[0]=0, x[0]=264.0, y[0]=273.0, toolType[0]=TOOL_TYPE_UNKNOWN, buttonState=0, metaState=0, flags=0x0, edgeFlags=0x0, pointerCount=1, historySize=0, eventTime=1503722, downTime=1503722, deviceId=0, source=0x1002 }
06-27 01:18:58.542 14720 14720 I Input   : injectMotionEvent: MotionEvent { action=ACTION_MOVE, actionButton=0, id[0]=0, x[0]=264.0, y[0]=273.0, toolType[0]=TOOL_TYPE_UNKNOWN, buttonState=0, metaState=0, flags=0x0, edgeFlags=0x0, pointerCount=1, historySize=0, eventTime=1503737, downTime=1503737, deviceId=0, source=0x1002 }
06-27 01:18:58.559 14720 14720 I Input   : injectMotionEvent: MotionEvent { action=ACTION_MOVE, actionButton=0, id[0]=0, x[0]=264.0, y[0]=273.0, toolType[0]=TOOL_TYPE_UNKNOWN, buttonState=0, metaState=0, flags=0x0, edgeFlags=0x0, pointerCount=1, historySize=0, eventTime=1503755, downTime=1503755, deviceId=0, source=0x1002 }
06-27 01:18:58.578 14720 14720 I Input   : injectMotionEvent: MotionEvent { action=ACTION_MOVE, actionButton=0, id[0]=0, x[0]=264.0, y[0]=273.0, toolType[0]=TOOL_TYPE_UNKNOWN, buttonState=0, metaState=0, flags=0x0, edgeFlags=0x0, pointerCount=1, historySize=0, eventTime=1503773, downTime=1503773, deviceId=0, source=0x1002 }
06-27 01:18:58.595 14720 14720 I Input   : injectMotionEvent: MotionEvent { action=ACTION_MOVE, actionButton=0, id[0]=0, x[0]=264.0, y[0]=273.0, toolType[0]=TOOL_TYPE_UNKNOWN, buttonState=0, metaState=0, flags=0x0, edgeFlags=0x0, pointerCount=1, historySize=0, eventTime=1503790, downTime=1503790, deviceId=0, source=0x1002 }
06-27 01:18:58.613 14720 14720 I Input   : injectMotionEvent: MotionEvent { action=ACTION_MOVE, actionButton=0, id[0]=0, x[0]=264.0, y[0]=273.0, toolType[0]=TOOL_TYPE_UNKNOWN, buttonState=0, metaState=0, flags=0x0, edgeFlags=0x0, pointerCount=1, historySize=0, eventTime=1503808, downTime=1503808, deviceId=0, source=0x1002 }
06-27 01:18:58.629 14720 14720 I Input   : injectMotionEvent: MotionEvent { action=ACTION_MOVE, actionButton=0, id[0]=0, x[0]=264.0, y[0]=273.0, toolType[0]=TOOL_TYPE_UNKNOWN, buttonState=0, metaState=0, flags=0x0, edgeFlags=0x0, pointerCount=1, historySize=0, eventTime=1503824, downTime=1503824, deviceId=0, source=0x1002 }
06-27 01:18:58.651 14720 14720 I Input   : injectMotionEvent: MotionEvent { action=ACTION_MOVE, actionButton=0, id[0]=0, x[0]=264.0, y[0]=273.0, toolType[0]=TOOL_TYPE_UNKNOWN, buttonState=0, metaState=0, flags=0x0, edgeFlags=0x0, pointerCount=1, historySize=0, eventTime=1503846, downTime=1503846, deviceId=0, source=0x1002 }
06-27 01:18:58.667 14720 14720 I Input   : injectMotionEvent: MotionEvent { action=ACTION_MOVE, actionButton=0, id[0]=0, x[0]=264.0, y[0]=273.0, toolType[0]=TOOL_TYPE_UNKNOWN, buttonState=0, metaState=0, flags=0x0, edgeFlags=0x0, pointerCount=1, historySize=0, eventTime=1503862, downTime=1503862, deviceId=0, source=0x1002 }
06-27 01:18:58.685 14720 14720 I Input   : injectMotionEvent: MotionEvent { action=ACTION_MOVE, actionButton=0, id[0]=0, x[0]=264.0, y[0]=273.0, toolType[0]=TOOL_TYPE_UNKNOWN, buttonState=0, metaState=0, flags=0x0, edgeFlags=0x0, pointerCount=1, historySize=0, eventTime=1503880, downTime=1503880, deviceId=0, source=0x1002 }
06-27 01:18:58.700 14720 14720 I Input   : injectMotionEvent: MotionEvent { action=ACTION_MOVE, actionButton=0, id[0]=0, x[0]=264.0, y[0]=273.0, toolType[0]=TOOL_TYPE_UNKNOWN, buttonState=0, metaState=0, flags=0x0, edgeFlags=0x0, pointerCount=1, historySize=0, eventTime=1503896, downTime=1503896, deviceId=0, source=0x1002 }
06-27 01:18:58.718 14720 14720 I Input   : injectMotionEvent: MotionEvent { action=ACTION_MOVE, actionButton=0, id[0]=0, x[0]=264.0, y[0]=273.0, toolType[0]=TOOL_TYPE_UNKNOWN, buttonState=0, metaState=0, flags=0x0, edgeFlags=0x0, pointerCount=1, historySize=0, eventTime=1503914, downTime=1503914, deviceId=0, source=0x1002 }
06-27 01:18:58.738 14720 14720 I Input   : injectMotionEvent: MotionEvent { action=ACTION_MOVE, actionButton=0, id[0]=0, x[0]=264.0, y[0]=273.0, toolType[0]=TOOL_TYPE_UNKNOWN, buttonState=0, metaState=0, flags=0x0, edgeFlags=0x0, pointerCount=1, historySize=0, eventTime=1503934, downTime=1503934, deviceId=0, source=0x1002 }
06-27 01:18:58.755 14720 14720 I Input   : injectMotionEvent: MotionEvent { action=ACTION_MOVE, actionButton=0, id[0]=0, x[0]=264.0, y[0]=273.0, toolType[0]=TOOL_TYPE_UNKNOWN, buttonState=0, metaState=0, flags=0x0, edgeFlags=0x0, pointerCount=1, historySize=0, eventTime=1503951, downTime=1503951, deviceId=0, source=0x1002 }
06-27 01:18:58.775 14720 14720 I Input   : injectMotionEvent: MotionEvent { action=ACTION_MOVE, actionButton=0, id[0]=0, x[0]=264.0, y[0]=273.0, toolType[0]=TOOL_TYPE_UNKNOWN, buttonState=0, metaState=0, flags=0x0, edgeFlags=0x0, pointerCount=1, historySize=0, eventTime=1503970, downTime=1503970, deviceId=0, source=0x1002 }
06-27 01:18:58.793 14720 14720 I Input   : injectMotionEvent: MotionEvent { action=ACTION_MOVE, actionButton=0, id[0]=0, x[0]=264.0, y[0]=273.0, toolType[0]=TOOL_TYPE_UNKNOWN, buttonState=0, metaState=0, flags=0x0, edgeFlags=0x0, pointerCount=1, historySize=0, eventTime=1503989, downTime=1503989, deviceId=0, source=0x1002 }
06-27 01:18:58.810 14720 14720 I Input   : injectMotionEvent: MotionEvent { action=ACTION_MOVE, actionButton=0, id[0]=0, x[0]=264.0, y[0]=273.0, toolType[0]=TOOL_TYPE_UNKNOWN, buttonState=0, metaState=0, flags=0x0, edgeFlags=0x0, pointerCount=1, historySize=0, eventTime=1504006, downTime=1504006, deviceId=0, source=0x1002 }
06-27 01:18:58.828 14720 14720 I Input   : injectMotionEvent: MotionEvent { action=ACTION_MOVE, actionButton=0, id[0]=0, x[0]=264.0, y[0]=273.0, toolType[0]=TOOL_TYPE_UNKNOWN, buttonState=0, metaState=0, flags=0x0, edgeFlags=0x0, pointerCount=1, historySize=0, eventTime=1504024, downTime=1504024, deviceId=0, source=0x1002 }
06-27 01:18:58.847 14720 14720 I Input   : injectMotionEvent: MotionEvent { action=ACTION_MOVE, actionButton=0, id[0]=0, x[0]=264.0, y[0]=273.0, toolType[0]=TOOL_TYPE_UNKNOWN, buttonState=0, metaState=0, flags=0x0, edgeFlags=0x0, pointerCount=1, historySize=0, eventTime=1504042, downTime=1504042, deviceId=0, source=0x1002 }
06-27 01:18:58.866 14720 14720 I Input   : injectMotionEvent: MotionEvent { action=ACTION_MOVE, actionButton=0, id[0]=0, x[0]=264.0, y[0]=273.0, toolType[0]=TOOL_TYPE_UNKNOWN, buttonState=0, metaState=0, flags=0x0, edgeFlags=0x0, pointerCount=1, historySize=0, eventTime=1504062, downTime=1504062, deviceId=0, source=0x1002 }
06-27 01:18:58.885 14720 14720 I Input   : injectMotionEvent: MotionEvent { action=ACTION_MOVE, actionButton=0, id[0]=0, x[0]=264.0, y[0]=273.0, toolType[0]=TOOL_TYPE_UNKNOWN, buttonState=0, metaState=0, flags=0x0, edgeFlags=0x0, pointerCount=1, historySize=0, eventTime=1504081, downTime=1504081, deviceId=0, source=0x1002 }
06-27 01:18:58.902 14720 14720 I Input   : injectMotionEvent: MotionEvent { action=ACTION_MOVE, actionButton=0, id[0]=0, x[0]=264.0, y[0]=273.0, toolType[0]=TOOL_TYPE_UNKNOWN, buttonState=0, metaState=0, flags=0x0, edgeFlags=0x0, pointerCount=1, historySize=0, eventTime=1504098, downTime=1504098, deviceId=0, source=0x1002 }
06-27 01:18:58.919 14720 14720 I Input   : injectMotionEvent: MotionEvent { action=ACTION_MOVE, actionButton=0, id[0]=0, x[0]=264.0, y[0]=273.0, toolType[0]=TOOL_TYPE_UNKNOWN, buttonState=0, metaState=0, flags=0x0, edgeFlags=0x0, pointerCount=1, historySize=0, eventTime=1504114, downTime=1504114, deviceId=0, source=0x1002 }
06-27 01:18:58.936 14720 14720 I Input   : injectMotionEvent: MotionEvent { action=ACTION_MOVE, actionButton=0, id[0]=0, x[0]=264.0, y[0]=273.0, toolType[0]=TOOL_TYPE_UNKNOWN, buttonState=0, metaState=0, flags=0x0, edgeFlags=0x0, pointerCount=1, historySize=0, eventTime=1504131, downTime=1504131, deviceId=0, source=0x1002 }
06-27 01:18:58.955 14720 14720 I Input   : injectMotionEvent: MotionEvent { action=ACTION_MOVE, actionButton=0, id[0]=0, x[0]=264.0, y[0]=273.0, toolType[0]=TOOL_TYPE_UNKNOWN, buttonState=0, metaState=0, flags=0x0, edgeFlags=0x0, pointerCount=1, historySize=0, eventTime=1504150, downTime=1504150, deviceId=0, source=0x1002 }
06-27 01:18:58.978 12493 12540 D EGL_emulation: eglMakeCurrent: 0xaa3be9a0: ver 3 0 (tinfo 0xad0d7d20)
06-27 01:18:58.984 12493 12540 D EGL_emulation: eglMakeCurrent: 0xaa3be9a0: ver 3 0 (tinfo 0xad0d7d20)
06-27 01:18:58.985 14720 14720 I Input   : injectMotionEvent: MotionEvent { action=ACTION_MOVE, actionButton=0, id[0]=0, x[0]=264.0, y[0]=273.0, toolType[0]=TOOL_TYPE_UNKNOWN, buttonState=0, metaState=0, flags=0x0, edgeFlags=0x0, pointerCount=1, historySize=0, eventTime=1504180, downTime=1504180, deviceId=0, source=0x1002 }
06-27 01:18:58.990 12493 12540 D EGL_emulation: eglMakeCurrent: 0xaa3be9a0: ver 3 0 (tinfo 0xad0d7d20)
06-27 01:18:58.997 12493 12540 D EGL_emulation: eglMakeCurrent: 0xaa3be9a0: ver 3 0 (tinfo 0xad0d7d20)
06-27 01:18:59.003 12493 12540 D EGL_emulation: eglMakeCurrent: 0xaa3be9a0: ver 3 0 (tinfo 0xad0d7d20)
06-27 01:18:59.006 12493 12540 D EGL_emulation: eglMakeCurrent: 0xaa3be9a0: ver 3 0 (tinfo 0xad0d7d20)
06-27 01:18:59.010 14720 14720 I Input   : injectMotionEvent: MotionEvent { action=ACTION_MOVE, actionButton=0, id[0]=0, x[0]=264.0, y[0]=273.0, toolType[0]=TOOL_TYPE_UNKNOWN, buttonState=0, metaState=0, flags=0x0, edgeFlags=0x0, pointerCount=1, historySize=0, eventTime=1504205, downTime=1504205, deviceId=0, source=0x1002 }
06-27 01:18:59.027 12493 12540 D EGL_emulation: eglMakeCurrent: 0xaa3be9a0: ver 3 0 (tinfo 0xad0d7d20)
06-27 01:18:59.028 14720 14720 I Input   : injectMotionEvent: MotionEvent { action=ACTION_MOVE, actionButton=0, id[0]=0, x[0]=264.0, y[0]=273.0, toolType[0]=TOOL_TYPE_UNKNOWN, buttonState=0, metaState=0, flags=0x0, edgeFlags=0x0, pointerCount=1, historySize=0, eventTime=1504224, downTime=1504224, deviceId=0, source=0x1002 }
06-27 01:18:59.044 14720 14720 I Input   : injectMotionEvent: MotionEvent { action=ACTION_MOVE, actionButton=0, id[0]=0, x[0]=264.0, y[0]=273.0, toolType[0]=TOOL_TYPE_UNKNOWN, buttonState=0, metaState=0, flags=0x0, edgeFlags=0x0, pointerCount=1, historySize=0, eventTime=1504239, downTime=1504239, deviceId=0, source=0x1002 }
06-27 01:18:59.063 14720 14720 I Input   : injectMotionEvent: MotionEvent { action=ACTION_MOVE, actionButton=0, id[0]=0, x[0]=264.0, y[0]=273.0, toolType[0]=TOOL_TYPE_UNKNOWN, buttonState=0, metaState=0, flags=0x0, edgeFlags=0x0, pointerCount=1, historySize=0, eventTime=1504258, downTime=1504258, deviceId=0, source=0x1002 }
06-27 01:18:59.082 14720 14720 I Input   : injectMotionEvent: MotionEvent { action=ACTION_MOVE, actionButton=0, id[0]=0, x[0]=264.0, y[0]=273.0, toolType[0]=TOOL_TYPE_UNKNOWN, buttonState=0, metaState=0, flags=0x0, edgeFlags=0x0, pointerCount=1, historySize=0, eventTime=1504277, downTime=1504277, deviceId=0, source=0x1002 }
06-27 01:18:59.098 14720 14720 I Input   : injectMotionEvent: MotionEvent { action=ACTION_MOVE, actionButton=0, id[0]=0, x[0]=264.0, y[0]=273.0, toolType[0]=TOOL_TYPE_UNKNOWN, buttonState=0, metaState=0, flags=0x0, edgeFlags=0x0, pointerCount=1, historySize=0, eventTime=1504294, downTime=1504294, deviceId=0, source=0x1002 }
06-27 01:18:59.117 14720 14720 I Input   : injectMotionEvent: MotionEvent { action=ACTION_MOVE, actionButton=0, id[0]=0, x[0]=264.0, y[0]=273.0, toolType[0]=TOOL_TYPE_UNKNOWN, buttonState=0, metaState=0, flags=0x0, edgeFlags=0x0, pointerCount=1, historySize=0, eventTime=1504312, downTime=1504312, deviceId=0, source=0x1002 }
06-27 01:18:59.133 14720 14720 I Input   : injectMotionEvent: MotionEvent { action=ACTION_MOVE, actionButton=0, id[0]=0, x[0]=264.0, y[0]=273.0, toolType[0]=TOOL_TYPE_UNKNOWN, buttonState=0, metaState=0, flags=0x0, edgeFlags=0x0, pointerCount=1, historySize=0, eventTime=1504328, downTime=1504328, deviceId=0, source=0x1002 }
06-27 01:18:59.152 14720 14720 I Input   : injectMotionEvent: MotionEvent { action=ACTION_MOVE, actionButton=0, id[0]=0, x[0]=264.0, y[0]=273.0, toolType[0]=TOOL_TYPE_UNKNOWN, buttonState=0, metaState=0, flags=0x0, edgeFlags=0x0, pointerCount=1, historySize=0, eventTime=1504347, downTime=1504347, deviceId=0, source=0x1002 }
06-27 01:18:59.170 14720 14720 I Input   : injectMotionEvent: MotionEvent { action=ACTION_MOVE, actionButton=0, id[0]=0, x[0]=264.0, y[0]=273.0, toolType[0]=TOOL_TYPE_UNKNOWN, buttonState=0, metaState=0, flags=0x0, edgeFlags=0x0, pointerCount=1, historySize=0, eventTime=1504365, downTime=1504365, deviceId=0, source=0x1002 }
06-27 01:18:59.188 14720 14720 I Input   : injectMotionEvent: MotionEvent { action=ACTION_MOVE, actionButton=0, id[0]=0, x[0]=264.0, y[0]=273.0, toolType[0]=TOOL_TYPE_UNKNOWN, buttonState=0, metaState=0, flags=0x0, edgeFlags=0x0, pointerCount=1, historySize=0, eventTime=1504384, downTime=1504384, deviceId=0, source=0x1002 }
06-27 01:18:59.205 14720 14720 I Input   : injectMotionEvent: MotionEvent { action=ACTION_MOVE, actionButton=0, id[0]=0, x[0]=264.0, y[0]=273.0, toolType[0]=TOOL_TYPE_UNKNOWN, buttonState=0, metaState=0, flags=0x0, edgeFlags=0x0, pointerCount=1, historySize=0, eventTime=1504401, downTime=1504401, deviceId=0, source=0x1002 }
06-27 01:18:59.223 14720 14720 I Input   : injectMotionEvent: MotionEvent { action=ACTION_MOVE, actionButton=0, id[0]=0, x[0]=264.0, y[0]=273.0, toolType[0]=TOOL_TYPE_UNKNOWN, buttonState=0, metaState=0, flags=0x0, edgeFlags=0x0, pointerCount=1, historySize=0, eventTime=1504419, downTime=1504419, deviceId=0, source=0x1002 }
06-27 01:18:59.242 14720 14720 I Input   : injectMotionEvent: MotionEvent { action=ACTION_MOVE, actionButton=0, id[0]=0, x[0]=264.0, y[0]=273.0, toolType[0]=TOOL_TYPE_UNKNOWN, buttonState=0, metaState=0, flags=0x0, edgeFlags=0x0, pointerCount=1, historySize=0, eventTime=1504437, downTime=1504437, deviceId=0, source=0x1002 }
06-27 01:18:59.260 14720 14720 I Input   : injectMotionEvent: MotionEvent { action=ACTION_MOVE, actionButton=0, id[0]=0, x[0]=264.0, y[0]=273.0, toolType[0]=TOOL_TYPE_UNKNOWN, buttonState=0, metaState=0, flags=0x0, edgeFlags=0x0, pointerCount=1, historySize=0, eventTime=1504456, downTime=1504456, deviceId=0, source=0x1002 }
06-27 01:18:59.263 12493 12540 D EGL_emulation: eglMakeCurrent: 0xaa3be9a0: ver 3 0 (tinfo 0xad0d7d20)
06-27 01:18:59.279 14720 14720 I Input   : injectMotionEvent: MotionEvent { action=ACTION_MOVE, actionButton=0, id[0]=0, x[0]=264.0, y[0]=273.0, toolType[0]=TOOL_TYPE_UNKNOWN, buttonState=0, metaState=0, flags=0x0, edgeFlags=0x0, pointerCount=1, historySize=0, eventTime=1504474, downTime=1504474, deviceId=0, source=0x1002 }
06-27 01:18:59.296 14720 14720 I Input   : injectMotionEvent: MotionEvent { action=ACTION_MOVE, actionButton=0, id[0]=0, x[0]=264.0, y[0]=273.0, toolType[0]=TOOL_TYPE_UNKNOWN, buttonState=0, metaState=0, flags=0x0, edgeFlags=0x0, pointerCount=1, historySize=0, eventTime=1504492, downTime=1504492, deviceId=0, source=0x1002 }
06-27 01:18:59.314 14720 14720 I Input   : injectMotionEvent: MotionEvent { action=ACTION_MOVE, actionButton=0, id[0]=0, x[0]=264.0, y[0]=273.0, toolType[0]=TOOL_TYPE_UNKNOWN, buttonState=0, metaState=0, flags=0x0, edgeFlags=0x0, pointerCount=1, historySize=0, eventTime=1504510, downTime=1504510, deviceId=0, source=0x1002 }
06-27 01:18:59.331 14720 14720 I Input   : injectMotionEvent: MotionEvent { action=ACTION_MOVE, actionButton=0, id[0]=0, x[0]=264.0, y[0]=273.0, toolType[0]=TOOL_TYPE_UNKNOWN, buttonState=0, metaState=0, flags=0x0, edgeFlags=0x0, pointerCount=1, historySize=0, eventTime=1504526, downTime=1504526, deviceId=0, source=0x1002 }
06-27 01:18:59.348 14720 14720 I Input   : injectMotionEvent: MotionEvent { action=ACTION_MOVE, actionButton=0, id[0]=0, x[0]=264.0, y[0]=273.0, toolType[0]=TOOL_TYPE_UNKNOWN, buttonState=0, metaState=0, flags=0x0, edgeFlags=0x0, pointerCount=1, historySize=0, eventTime=1504543, downTime=1504543, deviceId=0, source=0x1002 }
06-27 01:18:59.368 14720 14720 I Input   : injectMotionEvent: MotionEvent { action=ACTION_MOVE, actionButton=0, id[0]=0, x[0]=264.0, y[0]=273.0, toolType[0]=TOOL_TYPE_UNKNOWN, buttonState=0, metaState=0, flags=0x0, edgeFlags=0x0, pointerCount=1, historySize=0, eventTime=1504563, downTime=1504563, deviceId=0, source=0x1002 }
06-27 01:18:59.386 14720 14720 I Input   : injectMotionEvent: MotionEvent { action=ACTION_MOVE, actionButton=0, id[0]=0, x[0]=264.0, y[0]=273.0, toolType[0]=TOOL_TYPE_UNKNOWN, buttonState=0, metaState=0, flags=0x0, edgeFlags=0x0, pointerCount=1, historySize=0, eventTime=1504582, downTime=1504582, deviceId=0, source=0x1002 }
06-27 01:18:59.403 14720 14720 I Input   : injectMotionEvent: MotionEvent { action=ACTION_MOVE, actionButton=0, id[0]=0, x[0]=264.0, y[0]=273.0, toolType[0]=TOOL_TYPE_UNKNOWN, buttonState=0, metaState=0, flags=0x0, edgeFlags=0x0, pointerCount=1, historySize=0, eventTime=1504599, downTime=1504599, deviceId=0, source=0x1002 }
06-27 01:18:59.420 14720 14720 I Input   : injectMotionEvent: MotionEvent { action=ACTION_MOVE, actionButton=0, id[0]=0, x[0]=264.0, y[0]=273.0, toolType[0]=TOOL_TYPE_UNKNOWN, buttonState=0, metaState=0, flags=0x0, edgeFlags=0x0, pointerCount=1, historySize=0, eventTime=1504616, downTime=1504616, deviceId=0, source=0x1002 }
06-27 01:18:59.437 14720 14720 I Input   : injectMotionEvent: MotionEvent { action=ACTION_MOVE, actionButton=0, id[0]=0, x[0]=264.0, y[0]=273.0, toolType[0]=TOOL_TYPE_UNKNOWN, buttonState=0, metaState=0, flags=0x0, edgeFlags=0x0, pointerCount=1, historySize=0, eventTime=1504633, downTime=1504633, deviceId=0, source=0x1002 }
06-27 01:18:59.455 14720 14720 I Input   : injectMotionEvent: MotionEvent { action=ACTION_MOVE, actionButton=0, id[0]=0, x[0]=264.0, y[0]=273.0, toolType[0]=TOOL_TYPE_UNKNOWN, buttonState=0, metaState=0, flags=0x0, edgeFlags=0x0, pointerCount=1, historySize=0, eventTime=1504650, downTime=1504650, deviceId=0, source=0x1002 }
06-27 01:18:59.473 14720 14720 I Input   : injectMotionEvent: MotionEvent { action=ACTION_MOVE, actionButton=0, id[0]=0, x[0]=264.0, y[0]=273.0, toolType[0]=TOOL_TYPE_UNKNOWN, buttonState=0, metaState=0, flags=0x0, edgeFlags=0x0, pointerCount=1, historySize=0, eventTime=1504669, downTime=1504669, deviceId=0, source=0x1002 }
06-27 01:18:59.492 14720 14720 I Input   : injectMotionEvent: MotionEvent { action=ACTION_MOVE, actionButton=0, id[0]=0, x[0]=264.0, y[0]=273.0, toolType[0]=TOOL_TYPE_UNKNOWN, buttonState=0, metaState=0, flags=0x0, edgeFlags=0x0, pointerCount=1, historySize=0, eventTime=1504687, downTime=1504687, deviceId=0, source=0x1002 }
06-27 01:18:59.509 14720 14720 I Input   : injectMotionEvent: MotionEvent { action=ACTION_MOVE, actionButton=0, id[0]=0, x[0]=264.0, y[0]=273.0, toolType[0]=TOOL_TYPE_UNKNOWN, buttonState=0, metaState=0, flags=0x0, edgeFlags=0x0, pointerCount=1, historySize=0, eventTime=1504704, downTime=1504704, deviceId=0, source=0x1002 }
06-27 01:18:59.529 14720 14720 I Input   : injectMotionEvent: MotionEvent { action=ACTION_MOVE, actionButton=0, id[0]=0, x[0]=264.0, y[0]=273.0, toolType[0]=TOOL_TYPE_UNKNOWN, buttonState=0, metaState=0, flags=0x0, edgeFlags=0x0, pointerCount=1, historySize=0, eventTime=1504724, downTime=1504724, deviceId=0, source=0x1002 }
06-27 01:18:59.547 14720 14720 I Input   : injectMotionEvent: MotionEvent { action=ACTION_MOVE, actionButton=0, id[0]=0, x[0]=264.0, y[0]=273.0, toolType[0]=TOOL_TYPE_UNKNOWN, buttonState=0, metaState=0, flags=0x0, edgeFlags=0x0, pointerCount=1, historySize=0, eventTime=1504742, downTime=1504742, deviceId=0, source=0x1002 }
06-27 01:18:59.564 14720 14720 I Input   : injectMotionEvent: MotionEvent { action=ACTION_MOVE, actionButton=0, id[0]=0, x[0]=264.0, y[0]=273.0, toolType[0]=TOOL_TYPE_UNKNOWN, buttonState=0, metaState=0, flags=0x0, edgeFlags=0x0, pointerCount=1, historySize=0, eventTime=1504760, downTime=1504760, deviceId=0, source=0x1002 }
06-27 01:18:59.582 14720 14720 I Input   : injectMotionEvent: MotionEvent { action=ACTION_MOVE, actionButton=0, id[0]=0, x[0]=264.0, y[0]=273.0, toolType[0]=TOOL_TYPE_UNKNOWN, buttonState=0, metaState=0, flags=0x0, edgeFlags=0x0, pointerCount=1, historySize=0, eventTime=1504777, downTime=1504777, deviceId=0, source=0x1002 }
06-27 01:18:59.599 14720 14720 I Input   : injectMotionEvent: MotionEvent { action=ACTION_MOVE, actionButton=0, id[0]=0, x[0]=264.0, y[0]=273.0, toolType[0]=TOOL_TYPE_UNKNOWN, buttonState=0, metaState=0, flags=0x0, edgeFlags=0x0, pointerCount=1, historySize=0, eventTime=1504795, downTime=1504795, deviceId=0, source=0x1002 }
06-27 01:18:59.618 14720 14720 I Input   : injectMotionEvent: MotionEvent { action=ACTION_MOVE, actionButton=0, id[0]=0, x[0]=264.0, y[0]=273.0, toolType[0]=TOOL_TYPE_UNKNOWN, buttonState=0, metaState=0, flags=0x0, edgeFlags=0x0, pointerCount=1, historySize=0, eventTime=1504813, downTime=1504813, deviceId=0, source=0x1002 }
06-27 01:18:59.636 14720 14720 I Input   : injectMotionEvent: MotionEvent { action=ACTION_MOVE, actionButton=0, id[0]=0, x[0]=264.0, y[0]=273.0, toolType[0]=TOOL_TYPE_UNKNOWN, buttonState=0, metaState=0, flags=0x0, edgeFlags=0x0, pointerCount=1, historySize=0, eventTime=1504831, downTime=1504831, deviceId=0, source=0x1002 }
06-27 01:18:59.656 14720 14720 I Input   : injectMotionEvent: MotionEvent { action=ACTION_MOVE, actionButton=0, id[0]=0, x[0]=264.0, y[0]=273.0, toolType[0]=TOOL_TYPE_UNKNOWN, buttonState=0, metaState=0, flags=0x0, edgeFlags=0x0, pointerCount=1, historySize=0, eventTime=1504851, downTime=1504851, deviceId=0, source=0x1002 }
06-27 01:18:59.673 14720 14720 I Input   : injectMotionEvent: MotionEvent { action=ACTION_MOVE, actionButton=0, id[0]=0, x[0]=264.0, y[0]=273.0, toolType[0]=TOOL_TYPE_UNKNOWN, buttonState=0, metaState=0, flags=0x0, edgeFlags=0x0, pointerCount=1, historySize=0, eventTime=1504868, downTime=1504868, deviceId=0, source=0x1002 }
06-27 01:18:59.691 14720 14720 I Input   : injectMotionEvent: MotionEvent { action=ACTION_MOVE, actionButton=0, id[0]=0, x[0]=264.0, y[0]=273.0, toolType[0]=TOOL_TYPE_UNKNOWN, buttonState=0, metaState=0, flags=0x0, edgeFlags=0x0, pointerCount=1, historySize=0, eventTime=1504886, downTime=1504886, deviceId=0, source=0x1002 }
06-27 01:18:59.710 14720 14720 I Input   : injectMotionEvent: MotionEvent { action=ACTION_MOVE, actionButton=0, id[0]=0, x[0]=264.0, y[0]=273.0, toolType[0]=TOOL_TYPE_UNKNOWN, buttonState=0, metaState=0, flags=0x0, edgeFlags=0x0, pointerCount=1, historySize=0, eventTime=1504905, downTime=1504905, deviceId=0, source=0x1002 }
06-27 01:18:59.727 14720 14720 I Input   : injectMotionEvent: MotionEvent { action=ACTION_MOVE, actionButton=0, id[0]=0, x[0]=264.0, y[0]=273.0, toolType[0]=TOOL_TYPE_UNKNOWN, buttonState=0, metaState=0, flags=0x0, edgeFlags=0x0, pointerCount=1, historySize=0, eventTime=1504923, downTime=1504923, deviceId=0, source=0x1002 }
06-27 01:18:59.746 14720 14720 I Input   : injectMotionEvent: MotionEvent { action=ACTION_MOVE, actionButton=0, id[0]=0, x[0]=264.0, y[0]=273.0, toolType[0]=TOOL_TYPE_UNKNOWN, buttonState=0, metaState=0, flags=0x0, edgeFlags=0x0, pointerCount=1, historySize=0, eventTime=1504941, downTime=1504941, deviceId=0, source=0x1002 }
06-27 01:18:59.762 14720 14720 I Input   : injectMotionEvent: MotionEvent { action=ACTION_MOVE, actionButton=0, id[0]=0, x[0]=264.0, y[0]=273.0, toolType[0]=TOOL_TYPE_UNKNOWN, buttonState=0, metaState=0, flags=0x0, edgeFlags=0x0, pointerCount=1, historySize=0, eventTime=1504957, downTime=1504957, deviceId=0, source=0x1002 }
06-27 01:18:59.782 14720 14720 I Input   : injectMotionEvent: MotionEvent { action=ACTION_MOVE, actionButton=0, id[0]=0, x[0]=264.0, y[0]=273.0, toolType[0]=TOOL_TYPE_UNKNOWN, buttonState=0, metaState=0, flags=0x0, edgeFlags=0x0, pointerCount=1, historySize=0, eventTime=1504978, downTime=1504978, deviceId=0, source=0x1002 }
06-27 01:18:59.799 14720 14720 I Input   : injectMotionEvent: MotionEvent { action=ACTION_MOVE, actionButton=0, id[0]=0, x[0]=264.0, y[0]=273.0, toolType[0]=TOOL_TYPE_UNKNOWN, buttonState=0, metaState=0, flags=0x0, edgeFlags=0x0, pointerCount=1, historySize=0, eventTime=1504994, downTime=1504994, deviceId=0, source=0x1002 }
06-27 01:18:59.814  1293  1331 D hwcomposer: hw_composer sent 307 syncs in 60s
06-27 01:18:59.816 14720 14720 I Input   : injectMotionEvent: MotionEvent { action=ACTION_MOVE, actionButton=0, id[0]=0, x[0]=264.0, y[0]=273.0, toolType[0]=TOOL_TYPE_UNKNOWN, buttonState=0, metaState=0, flags=0x0, edgeFlags=0x0, pointerCount=1, historySize=0, eventTime=1505012, downTime=1505012, deviceId=0, source=0x1002 }
06-27 01:18:59.835 14720 14720 I Input   : injectMotionEvent: MotionEvent { action=ACTION_MOVE, actionButton=0, id[0]=0, x[0]=264.0, y[0]=273.0, toolType[0]=TOOL_TYPE_UNKNOWN, buttonState=0, metaState=0, flags=0x0, edgeFlags=0x0, pointerCount=1, historySize=0, eventTime=1505031, downTime=1505031, deviceId=0, source=0x1002 }
06-27 01:18:59.853 14720 14720 I Input   : injectMotionEvent: MotionEvent { action=ACTION_MOVE, actionButton=0, id[0]=0, x[0]=264.0, y[0]=273.0, toolType[0]=TOOL_TYPE_UNKNOWN, buttonState=0, metaState=0, flags=0x0, edgeFlags=0x0, pointerCount=1, historySize=0, eventTime=1505048, downTime=1505048, deviceId=0, source=0x1002 }
06-27 01:18:59.870 14720 14720 I Input   : injectMotionEvent: MotionEvent { action=ACTION_MOVE, actionButton=0, id[0]=0, x[0]=264.0, y[0]=273.0, toolType[0]=TOOL_TYPE_UNKNOWN, buttonState=0, metaState=0, flags=0x0, edgeFlags=0x0, pointerCount=1, historySize=0, eventTime=1505065, downTime=1505065, deviceId=0, source=0x1002 }
06-27 01:18:59.889 14720 14720 I Input   : injectMotionEvent: MotionEvent { action=ACTION_MOVE, actionButton=0, id[0]=0, x[0]=264.0, y[0]=273.0, toolType[0]=TOOL_TYPE_UNKNOWN, buttonState=0, metaState=0, flags=0x0, edgeFlags=0x0, pointerCount=1, historySize=0, eventTime=1505084, downTime=1505084, deviceId=0, source=0x1002 }
06-27 01:18:59.906 14720 14720 I Input   : injectMotionEvent: MotionEvent { action=ACTION_MOVE, actionButton=0, id[0]=0, x[0]=264.0, y[0]=273.0, toolType[0]=TOOL_TYPE_UNKNOWN, buttonState=0, metaState=0, flags=0x0, edgeFlags=0x0, pointerCount=1, historySize=0, eventTime=1505102, downTime=1505102, deviceId=0, source=0x1002 }
06-27 01:18:59.927 14720 14720 I Input   : injectMotionEvent: MotionEvent { action=ACTION_MOVE, actionButton=0, id[0]=0, x[0]=264.0, y[0]=273.0, toolType[0]=TOOL_TYPE_UNKNOWN, buttonState=0, metaState=0, flags=0x0, edgeFlags=0x0, pointerCount=1, historySize=0, eventTime=1505122, downTime=1505122, deviceId=0, source=0x1002 }
06-27 01:18:59.943 14720 14720 I Input   : injectMotionEvent: MotionEvent { action=ACTION_MOVE, actionButton=0, id[0]=0, x[0]=264.0, y[0]=273.0, toolType[0]=TOOL_TYPE_UNKNOWN, buttonState=0, metaState=0, flags=0x0, edgeFlags=0x0, pointerCount=1, historySize=0, eventTime=1505139, downTime=1505139, deviceId=0, source=0x1002 }
06-27 01:18:59.962 14720 14720 I Input   : injectMotionEvent: MotionEvent { action=ACTION_MOVE, actionButton=0, id[0]=0, x[0]=264.0, y[0]=273.0, toolType[0]=TOOL_TYPE_UNKNOWN, buttonState=0, metaState=0, flags=0x0, edgeFlags=0x0, pointerCount=1, historySize=0, eventTime=1505158, downTime=1505158, deviceId=0, source=0x1002 }
06-27 01:18:59.979 14720 14720 I Input   : injectMotionEvent: MotionEvent { action=ACTION_MOVE, actionButton=0, id[0]=0, x[0]=264.0, y[0]=273.0, toolType[0]=TOOL_TYPE_UNKNOWN, buttonState=0, metaState=0, flags=0x0, edgeFlags=0x0, pointerCount=1, historySize=0, eventTime=1505175, downTime=1505175, deviceId=0, source=0x1002 }
06-27 01:18:59.998 14720 14720 I Input   : injectMotionEvent: MotionEvent { action=ACTION_MOVE, actionButton=0, id[0]=0, x[0]=264.0, y[0]=273.0, toolType[0]=TOOL_TYPE_UNKNOWN, buttonState=0, metaState=0, flags=0x0, edgeFlags=0x0, pointerCount=1, historySize=0, eventTime=1505193, downTime=1505193, deviceId=0, source=0x1002 }
06-27 01:19:00.016 14720 14720 I Input   : injectMotionEvent: MotionEvent { action=ACTION_MOVE, actionButton=0, id[0]=0, x[0]=264.0, y[0]=273.0, toolType[0]=TOOL_TYPE_UNKNOWN, buttonState=0, metaState=0, flags=0x0, edgeFlags=0x0, pointerCount=1, historySize=0, eventTime=1505211, downTime=1505211, deviceId=0, source=0x1002 }
06-27 01:19:00.033 14720 14720 I Input   : injectMotionEvent: MotionEvent { action=ACTION_MOVE, actionButton=0, id[0]=0, x[0]=264.0, y[0]=273.0, toolType[0]=TOOL_TYPE_UNKNOWN, buttonState=0, metaState=0, flags=0x0, edgeFlags=0x0, pointerCount=1, historySize=0, eventTime=1505229, downTime=1505229, deviceId=0, source=0x1002 }
06-27 01:19:00.051 14720 14720 I Input   : injectMotionEvent: MotionEvent { action=ACTION_MOVE, actionButton=0, id[0]=0, x[0]=264.0, y[0]=273.0, toolType[0]=TOOL_TYPE_UNKNOWN, buttonState=0, metaState=0, flags=0x0, edgeFlags=0x0, pointerCount=1, historySize=0, eventTime=1505247, downTime=1505247, deviceId=0, source=0x1002 }
06-27 01:19:00.070 14720 14720 I Input   : injectMotionEvent: MotionEvent { action=ACTION_MOVE, actionButton=0, id[0]=0, x[0]=264.0, y[0]=273.0, toolType[0]=TOOL_TYPE_UNKNOWN, buttonState=0, metaState=0, flags=0x0, edgeFlags=0x0, pointerCount=1, historySize=0, eventTime=1505265, downTime=1505265, deviceId=0, source=0x1002 }
06-27 01:19:00.086 14720 14720 I Input   : injectMotionEvent: MotionEvent { action=ACTION_MOVE, actionButton=0, id[0]=0, x[0]=264.0, y[0]=273.0, toolType[0]=TOOL_TYPE_UNKNOWN, buttonState=0, metaState=0, flags=0x0, edgeFlags=0x0, pointerCount=1, historySize=0, eventTime=1505282, downTime=1505282, deviceId=0, source=0x1002 }
06-27 01:19:00.107 14720 14720 I Input   : injectMotionEvent: MotionEvent { action=ACTION_MOVE, actionButton=0, id[0]=0, x[0]=264.0, y[0]=273.0, toolType[0]=TOOL_TYPE_UNKNOWN, buttonState=0, metaState=0, flags=0x0, edgeFlags=0x0, pointerCount=1, historySize=0, eventTime=1505302, downTime=1505302, deviceId=0, source=0x1002 }
06-27 01:19:00.124 14720 14720 I Input   : injectMotionEvent: MotionEvent { action=ACTION_MOVE, actionButton=0, id[0]=0, x[0]=264.0, y[0]=273.0, toolType[0]=TOOL_TYPE_UNKNOWN, buttonState=0, metaState=0, flags=0x0, edgeFlags=0x0, pointerCount=1, historySize=0, eventTime=1505319, downTime=1505319, deviceId=0, source=0x1002 }
06-27 01:19:00.143 14720 14720 I Input   : injectMotionEvent: MotionEvent { action=ACTION_MOVE, actionButton=0, id[0]=0, x[0]=264.0, y[0]=273.0, toolType[0]=TOOL_TYPE_UNKNOWN, buttonState=0, metaState=0, flags=0x0, edgeFlags=0x0, pointerCount=1, historySize=0, eventTime=1505338, downTime=1505338, deviceId=0, source=0x1002 }
06-27 01:19:00.161 14720 14720 I Input   : injectMotionEvent: MotionEvent { action=ACTION_MOVE, actionButton=0, id[0]=0, x[0]=264.0, y[0]=273.0, toolType[0]=TOOL_TYPE_UNKNOWN, buttonState=0, metaState=0, flags=0x0, edgeFlags=0x0, pointerCount=1, historySize=0, eventTime=1505356, downTime=1505356, deviceId=0, source=0x1002 }
06-27 01:19:00.179 14720 14720 I Input   : injectMotionEvent: MotionEvent { action=ACTION_MOVE, actionButton=0, id[0]=0, x[0]=264.0, y[0]=273.0, toolType[0]=TOOL_TYPE_UNKNOWN, buttonState=0, metaState=0, flags=0x0, edgeFlags=0x0, pointerCount=1, historySize=0, eventTime=1505374, downTime=1505374, deviceId=0, source=0x1002 }
06-27 01:19:00.197 14720 14720 I Input   : injectMotionEvent: MotionEvent { action=ACTION_MOVE, actionButton=0, id[0]=0, x[0]=264.0, y[0]=273.0, toolType[0]=TOOL_TYPE_UNKNOWN, buttonState=0, metaState=0, flags=0x0, edgeFlags=0x0, pointerCount=1, historySize=0, eventTime=1505393, downTime=1505393, deviceId=0, source=0x1002 }
06-27 01:19:00.215 14720 14720 I Input   : injectMotionEvent: MotionEvent { action=ACTION_MOVE, actionButton=0, id[0]=0, x[0]=264.0, y[0]=273.0, toolType[0]=TOOL_TYPE_UNKNOWN, buttonState=0, metaState=0, flags=0x0, edgeFlags=0x0, pointerCount=1, historySize=0, eventTime=1505410, downTime=1505410, deviceId=0, source=0x1002 }
06-27 01:19:00.231 14720 14720 I Input   : injectMotionEvent: MotionEvent { action=ACTION_MOVE, actionButton=0, id[0]=0, x[0]=264.0, y[0]=273.0, toolType[0]=TOOL_TYPE_UNKNOWN, buttonState=0, metaState=0, flags=0x0, edgeFlags=0x0, pointerCount=1, historySize=0, eventTime=1505427, downTime=1505427, deviceId=0, source=0x1002 }
06-27 01:19:00.249 14720 14720 I Input   : injectMotionEvent: MotionEvent { action=ACTION_MOVE, actionButton=0, id[0]=0, x[0]=264.0, y[0]=273.0, toolType[0]=TOOL_TYPE_UNKNOWN, buttonState=0, metaState=0, flags=0x0, edgeFlags=0x0, pointerCount=1, historySize=0, eventTime=1505445, downTime=1505445, deviceId=0, source=0x1002 }
06-27 01:19:00.267 14720 14720 I Input   : injectMotionEvent: MotionEvent { action=ACTION_MOVE, actionButton=0, id[0]=0, x[0]=264.0, y[0]=273.0, toolType[0]=TOOL_TYPE_UNKNOWN, buttonState=0, metaState=0, flags=0x0, edgeFlags=0x0, pointerCount=1, historySize=0, eventTime=1505463, downTime=1505463, deviceId=0, source=0x1002 }
06-27 01:19:00.287 14720 14720 I Input   : injectMotionEvent: MotionEvent { action=ACTION_MOVE, actionButton=0, id[0]=0, x[0]=264.0, y[0]=273.0, toolType[0]=TOOL_TYPE_UNKNOWN, buttonState=0, metaState=0, flags=0x0, edgeFlags=0x0, pointerCount=1, historySize=0, eventTime=1505482, downTime=1505482, deviceId=0, source=0x1002 }
06-27 01:19:00.304 14720 14720 I Input   : injectMotionEvent: MotionEvent { action=ACTION_MOVE, actionButton=0, id[0]=0, x[0]=264.0, y[0]=273.0, toolType[0]=TOOL_TYPE_UNKNOWN, buttonState=0, metaState=0, flags=0x0, edgeFlags=0x0, pointerCount=1, historySize=0, eventTime=1505500, downTime=1505500, deviceId=0, source=0x1002 }
06-27 01:19:00.323 14720 14720 I Input   : injectMotionEvent: MotionEvent { action=ACTION_MOVE, actionButton=0, id[0]=0, x[0]=264.0, y[0]=273.0, toolType[0]=TOOL_TYPE_UNKNOWN, buttonState=0, metaState=0, flags=0x0, edgeFlags=0x0, pointerCount=1, historySize=0, eventTime=1505519, downTime=1505519, deviceId=0, source=0x1002 }
06-27 01:19:00.341 14720 14720 I Input   : injectMotionEvent: MotionEvent { action=ACTION_MOVE, actionButton=0, id[0]=0, x[0]=264.0, y[0]=273.0, toolType[0]=TOOL_TYPE_UNKNOWN, buttonState=0, metaState=0, flags=0x0, edgeFlags=0x0, pointerCount=1, historySize=0, eventTime=1505537, downTime=1505537, deviceId=0, source=0x1002 }
06-27 01:19:00.359 14720 14720 I Input   : injectMotionEvent: MotionEvent { action=ACTION_MOVE, actionButton=0, id[0]=0, x[0]=264.0, y[0]=273.0, toolType[0]=TOOL_TYPE_UNKNOWN, buttonState=0, metaState=0, flags=0x0, edgeFlags=0x0, pointerCount=1, historySize=0, eventTime=1505555, downTime=1505555, deviceId=0, source=0x1002 }
06-27 01:19:00.380 14720 14720 I Input   : injectMotionEvent: MotionEvent { action=ACTION_MOVE, actionButton=0, id[0]=0, x[0]=264.0, y[0]=273.0, toolType[0]=TOOL_TYPE_UNKNOWN, buttonState=0, metaState=0, flags=0x0, edgeFlags=0x0, pointerCount=1, historySize=0, eventTime=1505576, downTime=1505576, deviceId=0, source=0x1002 }
06-27 01:19:00.396 14720 14720 I Input   : injectMotionEvent: MotionEvent { action=ACTION_MOVE, actionButton=0, id[0]=0, x[0]=264.0, y[0]=273.0, toolType[0]=TOOL_TYPE_UNKNOWN, buttonState=0, metaState=0, flags=0x0, edgeFlags=0x0, pointerCount=1, historySize=0, eventTime=1505592, downTime=1505592, deviceId=0, source=0x1002 }
06-27 01:19:00.415 14720 14720 I Input   : injectMotionEvent: MotionEvent { action=ACTION_MOVE, actionButton=0, id[0]=0, x[0]=264.0, y[0]=273.0, toolType[0]=TOOL_TYPE_UNKNOWN, buttonState=0, metaState=0, flags=0x0, edgeFlags=0x0, pointerCount=1, historySize=0, eventTime=1505611, downTime=1505611, deviceId=0, source=0x1002 }
06-27 01:19:00.432 14720 14720 I Input   : injectMotionEvent: MotionEvent { action=ACTION_MOVE, actionButton=0, id[0]=0, x[0]=264.0, y[0]=273.0, toolType[0]=TOOL_TYPE_UNKNOWN, buttonState=0, metaState=0, flags=0x0, edgeFlags=0x0, pointerCount=1, historySize=0, eventTime=1505628, downTime=1505628, deviceId=0, source=0x1002 }
06-27 01:19:00.451 14720 14720 I Input   : injectMotionEvent: MotionEvent { action=ACTION_UP, actionButton=0, id[0]=0, x[0]=264.0, y[0]=273.0, toolType[0]=TOOL_TYPE_UNKNOWN, buttonState=0, metaState=0, flags=0x0, edgeFlags=0x0, pointerCount=1, historySize=0, eventTime=1505647, downTime=1505647, deviceId=0, source=0x1002 }
06-27 01:19:00.453 14720 14720 D AndroidRuntime: Shutting down VM
06-27 01:19:00.597 12493 12540 D EGL_emulation: eglMakeCurrent: 0xaa3be9a0: ver 3 0 (tinfo 0xad0d7d20)
06-27 01:19:04.478 14741 14741 D AndroidRuntime: >>>>>> START com.android.internal.os.RuntimeInit uid 0 <<<<<<
06-27 01:19:04.479 14741 14741 D AndroidRuntime: CheckJNI is ON
06-27 01:19:04.488 14741 14741 D ICU     : No timezone override file found: /data/misc/zoneinfo/current/icu/icu_tzdata.dat
06-27 01:19:04.500 14741 14741 E memtrack: Couldn't load memtrack module (No such file or directory)
06-27 01:19:04.500 14741 14741 E android.os.Debug: failed to load memtrack module: -2
06-27 01:19:04.501 14741 14741 I Radio-JNI: register_android_hardware_Radio DONE
06-27 01:19:04.506 14741 14741 D AndroidRuntime: Calling main entry com.android.commands.uiautomator.Launcher
06-27 01:19:05.535 14741 14741 W AccessibilityNodeInfoDumper: Fetch time: 2ms
06-27 01:19:05.536  1916  3250 W WindowManager: Attempted to remove non-existing token: android.os.Binder@85383
06-27 01:19:05.559 14741 14741 D AndroidRuntime: Shutting down VM
06-27 01:19:06.706 14762 14762 D AndroidRuntime: >>>>>> START com.android.internal.os.RuntimeInit uid 0 <<<<<<
06-27 01:19:06.707 14762 14762 D AndroidRuntime: CheckJNI is ON
06-27 01:19:06.716 14762 14762 D ICU     : No timezone override file found: /data/misc/zoneinfo/current/icu/icu_tzdata.dat
06-27 01:19:06.729 14762 14762 E memtrack: Couldn't load memtrack module (No such file or directory)
06-27 01:19:06.729 14762 14762 E android.os.Debug: failed to load memtrack module: -2
06-27 01:19:06.729 14762 14762 I Radio-JNI: register_android_hardware_Radio DONE
06-27 01:19:06.735 14762 14762 D AndroidRuntime: Calling main entry com.android.commands.uiautomator.Launcher
06-27 01:19:07.760 14762 14762 W AccessibilityNodeInfoDumper: Fetch time: 2ms
06-27 01:19:07.761  1916  3235 W WindowManager: Attempted to remove non-existing token: android.os.Binder@8692539
06-27 01:19:07.775 14762 14762 D AndroidRuntime: Shutting down VM
06-27 01:19:08.272 14779 14779 D AndroidRuntime: >>>>>> START com.android.internal.os.RuntimeInit uid 0 <<<<<<
06-27 01:19:08.273 14779 14779 D AndroidRuntime: CheckJNI is ON
06-27 01:19:08.281 14779 14779 D ICU     : No timezone override file found: /data/misc/zoneinfo/current/icu/icu_tzdata.dat
06-27 01:19:08.293 14779 14779 E memtrack: Couldn't load memtrack module (No such file or directory)
06-27 01:19:08.293 14779 14779 E android.os.Debug: failed to load memtrack module: -2
06-27 01:19:08.294 14779 14779 I Radio-JNI: register_android_hardware_Radio DONE
06-27 01:19:08.300 14779 14779 D AndroidRuntime: Calling main entry com.android.commands.uiautomator.Launcher
06-27 01:19:09.330 14779 14779 W AccessibilityNodeInfoDumper: Fetch time: 2ms
06-27 01:19:09.330  1916  2150 W WindowManager: Attempted to remove non-existing token: android.os.Binder@132677e
06-27 01:19:09.349 14779 14779 D AndroidRuntime: Shutting down VM
06-27 01:19:10.423 14800 14800 D AndroidRuntime: >>>>>> START com.android.internal.os.RuntimeInit uid 0 <<<<<<
06-27 01:19:10.424 14800 14800 D AndroidRuntime: CheckJNI is ON
06-27 01:19:10.432 14800 14800 D ICU     : No timezone override file found: /data/misc/zoneinfo/current/icu/icu_tzdata.dat
06-27 01:19:10.444 14800 14800 E memtrack: Couldn't load memtrack module (No such file or directory)
06-27 01:19:10.444 14800 14800 E android.os.Debug: failed to load memtrack module: -2
06-27 01:19:10.445 14800 14800 I Radio-JNI: register_android_hardware_Radio DONE
06-27 01:19:10.451 14800 14800 D AndroidRuntime: Calling main entry com.android.commands.uiautomator.Launcher
06-27 01:19:11.477 14800 14800 W AccessibilityNodeInfoDumper: Fetch time: 2ms
06-27 01:19:11.478  1916  3249 W WindowManager: Attempted to remove non-existing token: android.os.Binder@772a4df
06-27 01:19:11.491 14800 14800 D AndroidRuntime: Shutting down VM
06-27 01:19:12.637 14829 14829 D AndroidRuntime: >>>>>> START com.android.internal.os.RuntimeInit uid 0 <<<<<<
06-27 01:19:12.638 14829 14829 D AndroidRuntime: CheckJNI is ON
06-27 01:19:12.646 14829 14829 D ICU     : No timezone override file found: /data/misc/zoneinfo/current/icu/icu_tzdata.dat
06-27 01:19:12.658 14829 14829 E memtrack: Couldn't load memtrack module (No such file or directory)
06-27 01:19:12.658 14829 14829 E android.os.Debug: failed to load memtrack module: -2
06-27 01:19:12.659 14829 14829 I Radio-JNI: register_android_hardware_Radio DONE
06-27 01:19:12.664 14829 14829 D AndroidRuntime: Calling main entry com.android.commands.uiautomator.Launcher
06-27 01:19:13.691 14829 14829 W AccessibilityNodeInfoDumper: Fetch time: 2ms
06-27 01:19:13.691  1916  3235 W WindowManager: Attempted to remove non-existing token: android.os.Binder@d86552c
06-27 01:19:13.708 14829 14829 D AndroidRuntime: Shutting down VM
06-27 01:19:14.107  1293  1341 E SurfaceFlinger: ro.sf.lcd_density must be defined as a build property
06-27 01:19:14.109  1293  1330 D gralloc_ranchu: gralloc_alloc: Creating ashmem region of size 8294400
06-27 01:19:14.116 14844 14844 D         : HostConnection::get() New Host Connection established 0xb660d300, tid 14844
06-27 01:19:14.343 14849 14849 D AndroidRuntime: >>>>>> START com.android.internal.os.RuntimeInit uid 0 <<<<<<
06-27 01:19:14.344 14849 14849 D AndroidRuntime: CheckJNI is ON
06-27 01:19:14.352 14849 14849 D ICU     : No timezone override file found: /data/misc/zoneinfo/current/icu/icu_tzdata.dat
06-27 01:19:14.363 14849 14849 E memtrack: Couldn't load memtrack module (No such file or directory)
06-27 01:19:14.363 14849 14849 E android.os.Debug: failed to load memtrack module: -2
06-27 01:19:14.364 14849 14849 I Radio-JNI: register_android_hardware_Radio DONE
06-27 01:19:14.370 14849 14849 D AndroidRuntime: Calling main entry com.android.commands.am.Am
06-27 01:19:14.375  2599  2599 D MediaScannerReceiver: action: android.intent.action.MEDIA_SCANNER_SCAN_FILE path: /storage/emulated/0/screen.png
06-27 01:19:14.376 14849 14849 D AndroidRuntime: Shutting down VM
06-27 01:19:14.556  2716  2967 I NetworkScheduler.Stats: Task com.google.android.gms/com.google.android.gms.ipa.base.IpaGcmTaskService started execution. cause:9 exec_start_elapsed_seconds: 1519 [CONTEXT service_id=218 ]
06-27 01:19:14.559  2716  3372 I NetworkScheduler.Stats: Task com.google.android.gms/com.google.android.gms.ipa.base.IpaGcmTaskService finished executing. cause:9 result: 1 elapsed_millis: 15 uptime_millis: 15 exec_start_elapsed_seconds: 1519 [CONTEXT service_id=218 ]
06-27 01:19:16.248  2735 14859 I GmscoreIpa: how are you::
06-27 01:19:16.925 14863 14863 D AndroidRuntime: >>>>>> START com.android.internal.os.RuntimeInit uid 0 <<<<<<
06-27 01:19:16.927 14863 14863 D AndroidRuntime: CheckJNI is ON
06-27 01:19:16.936 14863 14863 D ICU     : No timezone override file found: /data/misc/zoneinfo/current/icu/icu_tzdata.dat
06-27 01:19:16.953 14863 14863 E memtrack: Couldn't load memtrack module (No such file or directory)
06-27 01:19:16.953 14863 14863 E android.os.Debug: failed to load memtrack module: -2
06-27 01:19:16.954 14863 14863 I Radio-JNI: register_android_hardware_Radio DONE
06-27 01:19:16.961 14863 14863 D AndroidRuntime: Calling main entry com.android.commands.uiautomator.Launcher
06-27 01:19:17.991 14863 14863 W AccessibilityNodeInfoDumper: Fetch time: 2ms
06-27 01:19:17.991  1916  2152 W WindowManager: Attempted to remove non-existing token: android.os.Binder@689e856
06-27 01:19:18.014 14863 14863 D AndroidRuntime: Shutting down VM
06-27 01:19:20.469 14878 14878 D AndroidRuntime: >>>>>> START com.android.internal.os.RuntimeInit uid 0 <<<<<<
06-27 01:19:20.470 14878 14878 D AndroidRuntime: CheckJNI is ON
06-27 01:19:20.477 14878 14878 D ICU     : No timezone override file found: /data/misc/zoneinfo/current/icu/icu_tzdata.dat
06-27 01:19:20.491 14878 14878 E memtrack: Couldn't load memtrack module (No such file or directory)
06-27 01:19:20.491 14878 14878 E android.os.Debug: failed to load memtrack module: -2
06-27 01:19:20.492 14878 14878 I Radio-JNI: register_android_hardware_Radio DONE
06-27 01:19:20.498 14878 14878 D AndroidRuntime: Calling main entry com.android.commands.uiautomator.Launcher
06-27 01:19:21.528 14878 14878 W AccessibilityNodeInfoDumper: Fetch time: 1ms
06-27 01:19:21.529  1916  2053 W WindowManager: Attempted to remove non-existing token: android.os.Binder@60650d7
06-27 01:19:21.548 14878 14878 D AndroidRuntime: Shutting down VM
06-27 01:19:22.021 14893 14893 D AndroidRuntime: >>>>>> START com.android.internal.os.RuntimeInit uid 0 <<<<<<
06-27 01:19:22.023 14893 14893 D AndroidRuntime: CheckJNI is ON
06-27 01:19:22.031 14893 14893 D ICU     : No timezone override file found: /data/misc/zoneinfo/current/icu/icu_tzdata.dat
06-27 01:19:22.043 14893 14893 E memtrack: Couldn't load memtrack module (No such file or directory)
06-27 01:19:22.043 14893 14893 E android.os.Debug: failed to load memtrack module: -2
06-27 01:19:22.044 14893 14893 I Radio-JNI: register_android_hardware_Radio DONE
06-27 01:19:22.049 14893 14893 D AndroidRuntime: Calling main entry com.android.commands.uiautomator.Launcher
06-27 01:19:23.076 14893 14893 W AccessibilityNodeInfoDumper: Fetch time: 2ms
06-27 01:19:23.077  1916  3250 W WindowManager: Attempted to remove non-existing token: android.os.Binder@a9c1dc4
06-27 01:19:23.094 14893 14893 D AndroidRuntime: Shutting down VM
06-27 01:19:23.564 14909 14909 D AndroidRuntime: >>>>>> START com.android.internal.os.RuntimeInit uid 0 <<<<<<
06-27 01:19:23.566 14909 14909 D AndroidRuntime: CheckJNI is ON
06-27 01:19:23.573 14909 14909 D ICU     : No timezone override file found: /data/misc/zoneinfo/current/icu/icu_tzdata.dat
06-27 01:19:23.586 14909 14909 E memtrack: Couldn't load memtrack module (No such file or directory)
06-27 01:19:23.586 14909 14909 E android.os.Debug: failed to load memtrack module: -2
06-27 01:19:23.587 14909 14909 I Radio-JNI: register_android_hardware_Radio DONE
06-27 01:19:23.593 14909 14909 D AndroidRuntime: Calling main entry com.android.commands.uiautomator.Launcher
06-27 01:19:24.622 14909 14909 W AccessibilityNodeInfoDumper: Fetch time: 1ms
06-27 01:19:24.624  1916  1927 W WindowManager: Attempted to remove non-existing token: android.os.Binder@f2294ad
06-27 01:19:24.640 14909 14909 D AndroidRuntime: Shutting down VM
06-27 01:19:25.108 14924 14924 D AndroidRuntime: >>>>>> START com.android.internal.os.RuntimeInit uid 0 <<<<<<
06-27 01:19:25.109 14924 14924 D AndroidRuntime: CheckJNI is ON
06-27 01:19:25.118 14924 14924 D ICU     : No timezone override file found: /data/misc/zoneinfo/current/icu/icu_tzdata.dat
06-27 01:19:25.131 14924 14924 E memtrack: Couldn't load memtrack module (No such file or directory)
06-27 01:19:25.131 14924 14924 E android.os.Debug: failed to load memtrack module: -2
06-27 01:19:25.131 14924 14924 I Radio-JNI: register_android_hardware_Radio DONE
06-27 01:19:25.137 14924 14924 D AndroidRuntime: Calling main entry com.android.commands.uiautomator.Launcher
06-27 01:19:26.169 14924 14924 W AccessibilityNodeInfoDumper: Fetch time: 2ms
06-27 01:19:26.170  1916  3231 W WindowManager: Attempted to remove non-existing token: android.os.Binder@5f52373
06-27 01:19:26.187 14924 14924 D AndroidRuntime: Shutting down VM
06-27 01:19:26.585 14935 14935 D AndroidRuntime: >>>>>> START com.android.internal.os.RuntimeInit uid 0 <<<<<<
06-27 01:19:26.586 14935 14935 D AndroidRuntime: CheckJNI is ON
06-27 01:19:26.593 14935 14935 D ICU     : No timezone override file found: /data/misc/zoneinfo/current/icu/icu_tzdata.dat
06-27 01:19:26.605 14935 14935 E memtrack: Couldn't load memtrack module (No such file or directory)
06-27 01:19:26.606 14935 14935 E android.os.Debug: failed to load memtrack module: -2
06-27 01:19:26.606 14935 14935 I Radio-JNI: register_android_hardware_Radio DONE
06-27 01:19:26.612 14935 14935 D AndroidRuntime: Calling main entry com.android.commands.input.Input
06-27 01:19:26.613 14935 14935 I Input   : injectMotionEvent: MotionEvent { action=ACTION_DOWN, actionButton=0, id[0]=0, x[0]=415.0, y[0]=462.0, toolType[0]=TOOL_TYPE_UNKNOWN, buttonState=0, metaState=0, flags=0x0, edgeFlags=0x0, pointerCount=1, historySize=0, eventTime=1531808, downTime=1531808, deviceId=0, source=0x1002 }
06-27 01:19:26.617 14935 14935 I Input   : injectMotionEvent: MotionEvent { action=ACTION_UP, actionButton=0, id[0]=0, x[0]=415.0, y[0]=462.0, toolType[0]=TOOL_TYPE_UNKNOWN, buttonState=0, metaState=0, flags=0x0, edgeFlags=0x0, pointerCount=1, historySize=0, eventTime=1531808, downTime=1531808, deviceId=0, source=0x1002 }
06-27 01:19:26.619 14935 14935 D AndroidRuntime: Shutting down VM
06-27 01:19:26.684  1916  2149 I ActivityManager: START u0 {act=android.intent.action.VIEW flg=0x8080000 cmp=me.zhanghai.android.files/.filelist.FileListActivity (has extras)} from uid 10062 on display 0
