11-09 12:07:20.034  1440  1440 D         : HostConnection::get() New Host Connection established 0xf1a23900, tid 1440
11-09 12:07:20.034  1440  1440 D gralloc_ranchu: gralloc_unregister_buffer: exiting HostConnection (is buffer-handling thread)
11-09 12:07:20.035  1440  1440 D         : HostConnection::get() New Host Connection established 0xf1a23900, tid 1440
11-09 12:07:20.035  1440  1440 D gralloc_ranchu: gralloc_unregister_buffer: exiting HostConnection (is buffer-handling thread)
11-09 12:07:20.035  1440  1440 D         : HostConnection::get() New Host Connection established 0xf1a23900, tid 1440
11-09 12:07:20.035  1440  1440 D gralloc_ranchu: gralloc_unregister_buffer: exiting HostConnection (is buffer-handling thread)
11-09 12:07:20.040  1440  1440 D         : HostConnection::get() New Host Connection established 0xf1a23900, tid 1440
11-09 12:07:20.548  1649  1663 E memtrack: Couldn't load memtrack module
11-09 12:07:20.548  1649  1663 W android.os.Debug: failed to get memory consumption info: -1
11-09 12:07:21.478  1450  1726 E SurfaceFlinger: ro.sf.lcd_density must be defined as a build property
11-09 12:07:21.483  1439  1480 D gralloc_ranchu: gralloc_alloc: Creating ashmem region of size 8298496
11-09 12:07:21.489   455   455 D         : HostConnection::get() New Host Connection established 0xeacc8240, tid 455
11-09 12:07:21.494  1450  1726 D gralloc_ranchu: gralloc_unregister_buffer: exiting HostConnection (is buffer-handling thread)
11-09 12:07:21.494  1450  1726 D         : HostConnection::get() New Host Connection established 0xe80a1800, tid 1726
11-09 12:07:21.494  1450  1726 D gralloc_ranchu: gralloc_unregister_buffer: exiting HostConnection (is buffer-handling thread)
11-09 12:07:22.021  4290  4290 D MediaScannerReceiver: action: android.intent.action.MEDIA_SCANNER_SCAN_FILE path: /storage/emulated/0/screen.png
11-09 12:07:23.504  1649  1663 E memtrack: Couldn't load memtrack module
11-09 12:07:23.504  1649  1663 W android.os.Debug: failed to get memory consumption info: -1
11-09 12:07:26.294   467   467 D AndroidRuntime: >>>>>> START com.android.internal.os.RuntimeInit uid 2000 <<<<<<
11-09 12:07:26.331   467   467 W app_process: Unexpected CPU variant for X86 using defaults: x86
11-09 12:07:26.334   467   467 I app_process: The ClassLoaderContext is a special shared library.
11-09 12:07:26.335   467   467 I app_process: The ClassLoaderContext is a special shared library.
11-09 12:07:26.350   467   467 D AndroidRuntime: Calling main entry com.android.commands.uiautomator.Launcher
11-09 12:07:27.382   467   467 I AccessibilityNodeInfoDumper: Skipping invisible child: android.view.accessibility.AccessibilityNodeInfo@13ee2; boundsInParent: Rect(0, 0 - 1080, 1584); boundsInScreen: Rect(1080, 126 - 1080, 1710); packageName: org.mozilla.focus; className: android.widget.FrameLayout; text: null; error: null; maxTextLength: -1; contentDescription: null; viewIdResName: null; checkable: false; checked: false; focusable: false; focused: false; selected: false; clickable: false; longClickable: false; contextClickable: false; enabled: true; password: false; scrollable: false; importantForAccessibility: false; actions: [AccessibilityAction: ACTION_SELECT - null, AccessibilityAction: ACTION_CLEAR_SELECTION - null, AccessibilityAction: ACTION_ACCESSIBILITY_FOCUS - null, AccessibilityAction: ACTION_SHOW_ON_SCREEN - null]
11-09 12:07:27.384   467   467 I app_process: Deoptimizing java.lang.String com.android.uiautomator.core.AccessibilityNodeInfoDumper.stripInvalidXMLChars(java.lang.CharSequence) due to JIT inline cache
11-09 12:07:27.388   467   467 W AccessibilityNodeInfoDumper: Fetch time: 10ms
11-09 12:07:27.389  1649  1660 W WindowManager: removeWindowToken: Attempted to remove non-existing token: android.os.Binder@5331487
11-09 12:07:27.396   467   467 D AndroidRuntime: Shutting down VM
11-09 12:07:28.018  2051 11643 I NetworkScheduler.Stats: Task com.google.android.gms/com.google.android.gms.icing.service.IcingGcmTaskService started execution. cause:4 exec_start_elapsed_seconds: 27872 [CONTEXT service_id=218 ]
11-09 12:07:28.022  2051 32606 I NetworkScheduler.Stats: Task com.google.android.gms/com.google.android.gms.icing.service.IcingGcmTaskService finished executing. cause:4 result: 1 elapsed_millis: 34 uptime_millis: 34 exec_start_elapsed_seconds: 27872 [CONTEXT service_id=218 ]
11-09 12:07:29.896   483   483 D AndroidRuntime: >>>>>> START com.android.internal.os.RuntimeInit uid 2000 <<<<<<
11-09 12:07:29.934   483   483 W app_process: Unexpected CPU variant for X86 using defaults: x86
11-09 12:07:29.936   483   483 I app_process: The ClassLoaderContext is a special shared library.
11-09 12:07:29.936   483   483 I app_process: The ClassLoaderContext is a special shared library.
11-09 12:07:29.950   483   483 D AndroidRuntime: Calling main entry com.android.commands.uiautomator.Launcher
11-09 12:07:30.975   483   483 I AccessibilityNodeInfoDumper: Skipping invisible child: android.view.accessibility.AccessibilityNodeInfo@13ef2; boundsInParent: Rect(0, 0 - 1080, 1584); boundsInScreen: Rect(1080, 126 - 1080, 1710); packageName: org.mozilla.focus; className: android.widget.FrameLayout; text: null; error: null; maxTextLength: -1; contentDescription: null; viewIdResName: null; checkable: false; checked: false; focusable: false; focused: false; selected: false; clickable: false; longClickable: false; contextClickable: false; enabled: true; password: false; scrollable: false; importantForAccessibility: false; actions: [AccessibilityAction: ACTION_SELECT - null, AccessibilityAction: ACTION_CLEAR_SELECTION - null, AccessibilityAction: ACTION_ACCESSIBILITY_FOCUS - null, AccessibilityAction: ACTION_SHOW_ON_SCREEN - null]
11-09 12:07:30.978   483   483 I app_process: Deoptimizing java.lang.String com.android.uiautomator.core.AccessibilityNodeInfoDumper.stripInvalidXMLChars(java.lang.CharSequence) due to JIT inline cache
11-09 12:07:30.982   483   483 W AccessibilityNodeInfoDumper: Fetch time: 9ms
11-09 12:07:30.982  1649  2593 W WindowManager: removeWindowToken: Attempted to remove non-existing token: android.os.Binder@9200d7f
11-09 12:07:30.987   483   483 D AndroidRuntime: Shutting down VM
11-09 12:07:31.216   503   503 D AndroidRuntime: >>>>>> START com.android.internal.os.RuntimeInit uid 2000 <<<<<<
11-09 12:07:31.248   503   503 W app_process: Unexpected CPU variant for X86 using defaults: x86
11-09 12:07:31.251   503   503 I app_process: The ClassLoaderContext is a special shared library.
11-09 12:07:31.251   503   503 I app_process: The ClassLoaderContext is a special shared library.
11-09 12:07:31.264   503   503 D AndroidRuntime: Calling main entry com.android.commands.uiautomator.Launcher
11-09 12:07:32.240  4956  5227 W native  : jpeg_io.cc:108 File's first two bytes does not match the sequence 216
11-09 12:07:32.285   503   503 I AccessibilityNodeInfoDumper: Skipping invisible child: android.view.accessibility.AccessibilityNodeInfo@13efc; boundsInParent: Rect(0, 0 - 1080, 1584); boundsInScreen: Rect(1080, 126 - 1080, 1710); packageName: org.mozilla.focus; className: android.widget.FrameLayout; text: null; error: null; maxTextLength: -1; contentDescription: null; viewIdResName: null; checkable: false; checked: false; focusable: false; focused: false; selected: false; clickable: false; longClickable: false; contextClickable: false; enabled: true; password: false; scrollable: false; importantForAccessibility: false; actions: [AccessibilityAction: ACTION_SELECT - null, AccessibilityAction: ACTION_CLEAR_SELECTION - null, AccessibilityAction: ACTION_ACCESSIBILITY_FOCUS - null, AccessibilityAction: ACTION_SHOW_ON_SCREEN - null]
11-09 12:07:32.285   503   503 I app_process: Deoptimizing java.lang.String com.android.uiautomator.core.AccessibilityNodeInfoDumper.stripInvalidXMLChars(java.lang.CharSequence) due to JIT inline cache
11-09 12:07:32.289   503   503 W AccessibilityNodeInfoDumper: Fetch time: 7ms
11-09 12:07:32.290  1649  1942 W WindowManager: removeWindowToken: Attempted to remove non-existing token: android.os.Binder@d066611
11-09 12:07:32.293   503   503 D AndroidRuntime: Shutting down VM
11-09 12:07:32.544   525   525 D AndroidRuntime: >>>>>> START com.android.internal.os.RuntimeInit uid 2000 <<<<<<
11-09 12:07:32.546   525   525 W app_process: Could not reserve sentinel fault page
11-09 12:07:32.577   525   525 W app_process: Unexpected CPU variant for X86 using defaults: x86
11-09 12:07:32.578   525   525 I app_process: The ClassLoaderContext is a special shared library.
11-09 12:07:32.579   525   525 I app_process: The ClassLoaderContext is a special shared library.
11-09 12:07:32.592   525   525 D AndroidRuntime: Calling main entry com.android.commands.uiautomator.Launcher
11-09 12:07:33.619   525   525 I AccessibilityNodeInfoDumper: Skipping invisible child: android.view.accessibility.AccessibilityNodeInfo@13f0f; boundsInParent: Rect(0, 0 - 1080, 1584); boundsInScreen: Rect(1080, 126 - 1080, 1710); packageName: org.mozilla.focus; className: android.widget.FrameLayout; text: null; error: null; maxTextLength: -1; contentDescription: null; viewIdResName: null; checkable: false; checked: false; focusable: false; focused: false; selected: false; clickable: false; longClickable: false; contextClickable: false; enabled: true; password: false; scrollable: false; importantForAccessibility: false; actions: [AccessibilityAction: ACTION_SELECT - null, AccessibilityAction: ACTION_CLEAR_SELECTION - null, AccessibilityAction: ACTION_ACCESSIBILITY_FOCUS - null, AccessibilityAction: ACTION_SHOW_ON_SCREEN - null]
11-09 12:07:33.621   525   525 I app_process: Deoptimizing java.lang.String com.android.uiautomator.core.AccessibilityNodeInfoDumper.stripInvalidXMLChars(java.lang.CharSequence) due to JIT inline cache
11-09 12:07:33.624   525   525 W AccessibilityNodeInfoDumper: Fetch time: 8ms
11-09 12:07:33.625  1649  2304 W WindowManager: removeWindowToken: Attempted to remove non-existing token: android.os.Binder@16cea7b
11-09 12:07:33.630   525   525 D AndroidRuntime: Shutting down VM
11-09 12:07:33.795   538   538 D AndroidRuntime: >>>>>> START com.android.internal.os.RuntimeInit uid 2000 <<<<<<
11-09 12:07:33.826   538   538 W app_process: Unexpected CPU variant for X86 using defaults: x86
11-09 12:07:33.828   538   538 I app_process: The ClassLoaderContext is a special shared library.
11-09 12:07:33.842   538   538 D AndroidRuntime: Calling main entry com.android.commands.input.Input
11-09 12:07:33.846   538   538 I Input   : injectMotionEvent: MotionEvent { action=ACTION_DOWN, actionButton=0, id[0]=0, x[0]=540.0, y[0]=1459.0, toolType[0]=TOOL_TYPE_UNKNOWN, buttonState=0, metaState=0, flags=0x0, edgeFlags=0x0, pointerCount=1, historySize=0, eventTime=27878521, downTime=27878521, deviceId=0, source=0x1002 }
11-09 12:07:33.849   538   538 I Input   : injectMotionEvent: MotionEvent { action=ACTION_UP, actionButton=0, id[0]=0, x[0]=540.0, y[0]=1459.0, toolType[0]=TOOL_TYPE_UNKNOWN, buttonState=0, metaState=0, flags=0x0, edgeFlags=0x0, pointerCount=1, historySize=0, eventTime=27878521, downTime=27878521, deviceId=0, source=0x1002 }
11-09 12:07:33.852   538   538 D AndroidRuntime: Shutting down VM
11-09 12:07:33.864  1431  8375 W audio_hw_generic: Not supplying enough data to HAL, expected position 11419528 , only wrote 11419200
11-09 12:07:33.926  1431  8375 W audio_hw_generic: Not supplying enough data to HAL, expected position 11422175 , only wrote 11422080
11-09 12:07:33.927  1431  8375 W audio_hw_generic: Not supplying enough data to HAL, expected position 11422113 , only wrote 11422080
11-09 12:07:33.929  1431  8375 W audio_hw_generic: Hardware backing HAL too slow, could only write 0 of 720 frames
11-09 12:07:33.944  1431  8375 W audio_hw_generic: Hardware backing HAL too slow, could only write 0 of 720 frames
11-09 12:07:33.970  1521  1579 D AudioFlinger: mixer(0xe56839c0) throttle end: throttle time(12)
11-09 12:07:37.153  1431  1431 W audio_hw_generic: Not supplying enough data to HAL, expected position 11729839 , only wrote 11576880
11-09 12:07:37.580  1751  1751 W LstmExtension: no lmDescriptor could be found for en_US/20170411
11-09 12:07:37.580  1751  1751 W LstmExtension: no lmDescriptor could be found for en_US/20170411
11-09 12:07:37.753   567   567 D AndroidRuntime: >>>>>> START com.android.internal.os.RuntimeInit uid 2000 <<<<<<
11-09 12:07:37.791   567   567 W app_process: Unexpected CPU variant for X86 using defaults: x86
11-09 12:07:37.793   567   567 I app_process: The ClassLoaderContext is a special shared library.
11-09 12:07:37.794   567   567 I app_process: The ClassLoaderContext is a special shared library.
11-09 12:07:37.808   567   567 D AndroidRuntime: Calling main entry com.android.commands.uiautomator.Launcher
11-09 12:07:38.829   567   567 I AccessibilityNodeInfoDumper: Skipping invisible child: android.view.accessibility.AccessibilityNodeInfo@13b54; boundsInParent: Rect(0, 0 - 1080, 1584); boundsInScreen: Rect(0, 126 - 0, 1710); packageName: org.mozilla.focus; className: android.widget.FrameLayout; text: null; error: null; maxTextLength: -1; contentDescription: null; viewIdResName: null; checkable: false; checked: false; focusable: false; focused: false; selected: false; clickable: false; longClickable: false; contextClickable: false; enabled: true; password: false; scrollable: false; importantForAccessibility: false; actions: [AccessibilityAction: ACTION_SELECT - null, AccessibilityAction: ACTION_CLEAR_SELECTION - null, AccessibilityAction: ACTION_ACCESSIBILITY_FOCUS - null, AccessibilityAction: ACTION_SHOW_ON_SCREEN - null]
11-09 12:07:38.830   567   567 I AccessibilityNodeInfoDumper: Skipping invisible child: android.view.accessibility.AccessibilityNodeInfo@1d17c; boundsInParent: Rect(0, 0 - 1080, 1584); boundsInScreen: Rect(1080, 126 - 1080, 1710); packageName: org.mozilla.focus; className: android.widget.FrameLayout; text: null; error: null; maxTextLength: -1; contentDescription: null; viewIdResName: null; checkable: false; checked: false; focusable: false; focused: false; selected: false; clickable: false; longClickable: false; contextClickable: false; enabled: true; password: false; scrollable: false; importantForAccessibility: false; actions: [AccessibilityAction: ACTION_SELECT - null, AccessibilityAction: ACTION_CLEAR_SELECTION - null, AccessibilityAction: ACTION_ACCESSIBILITY_FOCUS - null, AccessibilityAction: ACTION_SHOW_ON_SCREEN - null]
11-09 12:07:38.835   567   567 I app_process: Deoptimizing java.lang.String com.android.uiautomator.core.AccessibilityNodeInfoDumper.stripInvalidXMLChars(java.lang.CharSequence) due to JIT inline cache
11-09 12:07:38.839   567   567 W AccessibilityNodeInfoDumper: Fetch time: 11ms
11-09 12:07:38.839  1649  1660 W WindowManager: removeWindowToken: Attempted to remove non-existing token: android.os.Binder@b72fb2d
11-09 12:07:38.843   567   567 D AndroidRuntime: Shutting down VM
11-09 12:07:39.681   595   595 D AndroidRuntime: >>>>>> START com.android.internal.os.RuntimeInit uid 2000 <<<<<<
11-09 12:07:39.715   595   595 W app_process: Unexpected CPU variant for X86 using defaults: x86
11-09 12:07:39.716   595   595 I app_process: The ClassLoaderContext is a special shared library.
11-09 12:07:39.716   595   595 I app_process: The ClassLoaderContext is a special shared library.
11-09 12:07:39.729   595   595 D AndroidRuntime: Calling main entry com.android.commands.uiautomator.Launcher
11-09 12:07:40.752   595   595 I AccessibilityNodeInfoDumper: Skipping invisible child: android.view.accessibility.AccessibilityNodeInfo@13b61; boundsInParent: Rect(0, 0 - 1080, 1584); boundsInScreen: Rect(0, 126 - 0, 1710); packageName: org.mozilla.focus; className: android.widget.FrameLayout; text: null; error: null; maxTextLength: -1; contentDescription: null; viewIdResName: null; checkable: false; checked: false; focusable: false; focused: false; selected: false; clickable: false; longClickable: false; contextClickable: false; enabled: true; password: false; scrollable: false; importantForAccessibility: false; actions: [AccessibilityAction: ACTION_SELECT - null, AccessibilityAction: ACTION_CLEAR_SELECTION - null, AccessibilityAction: ACTION_ACCESSIBILITY_FOCUS - null, AccessibilityAction: ACTION_SHOW_ON_SCREEN - null]
11-09 12:07:40.752   595   595 I AccessibilityNodeInfoDumper: Skipping invisible child: android.view.accessibility.AccessibilityNodeInfo@1d189; boundsInParent: Rect(0, 0 - 1080, 1584); boundsInScreen: Rect(1080, 126 - 1080, 1710); packageName: org.mozilla.focus; className: android.widget.FrameLayout; text: null; error: null; maxTextLength: -1; contentDescription: null; viewIdResName: null; checkable: false; checked: false; focusable: false; focused: false; selected: false; clickable: false; longClickable: false; contextClickable: false; enabled: true; password: false; scrollable: false; importantForAccessibility: false; actions: [AccessibilityAction: ACTION_SELECT - null, AccessibilityAction: ACTION_CLEAR_SELECTION - null, AccessibilityAction: ACTION_ACCESSIBILITY_FOCUS - null, AccessibilityAction: ACTION_SHOW_ON_SCREEN - null]
11-09 12:07:40.756   595   595 I app_process: Deoptimizing java.lang.String com.android.uiautomator.core.AccessibilityNodeInfoDumper.stripInvalidXMLChars(java.lang.CharSequence) due to JIT inline cache
11-09 12:07:40.761   595   595 W AccessibilityNodeInfoDumper: Fetch time: 12ms
11-09 12:07:40.762  1649  4531 W WindowManager: removeWindowToken: Attempted to remove non-existing token: android.os.Binder@d982df3
11-09 12:07:40.768   595   595 D AndroidRuntime: Shutting down VM
11-09 12:07:40.987   613   613 D AndroidRuntime: >>>>>> START com.android.internal.os.RuntimeInit uid 2000 <<<<<<
11-09 12:07:40.990   613   613 W app_process: Could not reserve sentinel fault page
11-09 12:07:41.023   613   613 W app_process: Unexpected CPU variant for X86 using defaults: x86
11-09 12:07:41.025   613   613 I app_process: The ClassLoaderContext is a special shared library.
11-09 12:07:41.026   613   613 I app_process: The ClassLoaderContext is a special shared library.
11-09 12:07:41.040   613   613 D AndroidRuntime: Calling main entry com.android.commands.uiautomator.Launcher
11-09 12:07:42.064   613   613 I AccessibilityNodeInfoDumper: Skipping invisible child: android.view.accessibility.AccessibilityNodeInfo@13b6a; boundsInParent: Rect(0, 0 - 1080, 1584); boundsInScreen: Rect(0, 126 - 0, 1710); packageName: org.mozilla.focus; className: android.widget.FrameLayout; text: null; error: null; maxTextLength: -1; contentDescription: null; viewIdResName: null; checkable: false; checked: false; focusable: false; focused: false; selected: false; clickable: false; longClickable: false; contextClickable: false; enabled: true; password: false; scrollable: false; importantForAccessibility: false; actions: [AccessibilityAction: ACTION_SELECT - null, AccessibilityAction: ACTION_CLEAR_SELECTION - null, AccessibilityAction: ACTION_ACCESSIBILITY_FOCUS - null, AccessibilityAction: ACTION_SHOW_ON_SCREEN - null]
11-09 12:07:42.065   613   613 I AccessibilityNodeInfoDumper: Skipping invisible child: android.view.accessibility.AccessibilityNodeInfo@1d192; boundsInParent: Rect(0, 0 - 1080, 1584); boundsInScreen: Rect(1080, 126 - 1080, 1710); packageName: org.mozilla.focus; className: android.widget.FrameLayout; text: null; error: null; maxTextLength: -1; contentDescription: null; viewIdResName: null; checkable: false; checked: false; focusable: false; focused: false; selected: false; clickable: false; longClickable: false; contextClickable: false; enabled: true; password: false; scrollable: false; importantForAccessibility: false; actions: [AccessibilityAction: ACTION_SELECT - null, AccessibilityAction: ACTION_CLEAR_SELECTION - null, AccessibilityAction: ACTION_ACCESSIBILITY_FOCUS - null, AccessibilityAction: ACTION_SHOW_ON_SCREEN - null]
11-09 12:07:42.069   613   613 I app_process: Deoptimizing java.lang.String com.android.uiautomator.core.AccessibilityNodeInfoDumper.stripInvalidXMLChars(java.lang.CharSequence) due to JIT inline cache
11-09 12:07:42.073   613   613 W AccessibilityNodeInfoDumper: Fetch time: 12ms
11-09 12:07:42.073  1649  7927 W WindowManager: removeWindowToken: Attempted to remove non-existing token: android.os.Binder@cb11d29
11-09 12:07:42.088   613   613 D AndroidRuntime: Shutting down VM
11-09 12:07:42.930   642   642 D AndroidRuntime: >>>>>> START com.android.internal.os.RuntimeInit uid 2000 <<<<<<
11-09 12:07:42.961   642   642 W app_process: Unexpected CPU variant for X86 using defaults: x86
11-09 12:07:42.963   642   642 I app_process: The ClassLoaderContext is a special shared library.
11-09 12:07:42.964   642   642 I app_process: The ClassLoaderContext is a special shared library.
11-09 12:07:42.977   642   642 D AndroidRuntime: Calling main entry com.android.commands.uiautomator.Launcher
11-09 12:07:44.017   642   642 I AccessibilityNodeInfoDumper: Skipping invisible child: android.view.accessibility.AccessibilityNodeInfo@13b7d; boundsInParent: Rect(0, 0 - 1080, 1584); boundsInScreen: Rect(0, 126 - 0, 1710); packageName: org.mozilla.focus; className: android.widget.FrameLayout; text: null; error: null; maxTextLength: -1; contentDescription: null; viewIdResName: null; checkable: false; checked: false; focusable: false; focused: false; selected: false; clickable: false; longClickable: false; contextClickable: false; enabled: true; password: false; scrollable: false; importantForAccessibility: false; actions: [AccessibilityAction: ACTION_SELECT - null, AccessibilityAction: ACTION_CLEAR_SELECTION - null, AccessibilityAction: ACTION_ACCESSIBILITY_FOCUS - null, AccessibilityAction: ACTION_SHOW_ON_SCREEN - null]
11-09 12:07:44.018   642   642 I AccessibilityNodeInfoDumper: Skipping invisible child: android.view.accessibility.AccessibilityNodeInfo@1d1a5; boundsInParent: Rect(0, 0 - 1080, 1584); boundsInScreen: Rect(1080, 126 - 1080, 1710); packageName: org.mozilla.focus; className: android.widget.FrameLayout; text: null; error: null; maxTextLength: -1; contentDescription: null; viewIdResName: null; checkable: false; checked: false; focusable: false; focused: false; selected: false; clickable: false; longClickable: false; contextClickable: false; enabled: true; password: false; scrollable: false; importantForAccessibility: false; actions: [AccessibilityAction: ACTION_SELECT - null, AccessibilityAction: ACTION_CLEAR_SELECTION - null, AccessibilityAction: ACTION_ACCESSIBILITY_FOCUS - null, AccessibilityAction: ACTION_SHOW_ON_SCREEN - null]
11-09 12:07:44.024   642   642 I app_process: Deoptimizing java.lang.String com.android.uiautomator.core.AccessibilityNodeInfoDumper.stripInvalidXMLChars(java.lang.CharSequence) due to JIT inline cache
11-09 12:07:44.028   642   642 W AccessibilityNodeInfoDumper: Fetch time: 12ms
11-09 12:07:44.028  1649  2593 W WindowManager: removeWindowToken: Attempted to remove non-existing token: android.os.Binder@9fdb64f
11-09 12:07:44.035   642   642 D AndroidRuntime: Shutting down VM
11-09 12:07:44.927   678   678 D AndroidRuntime: >>>>>> START com.android.internal.os.RuntimeInit uid 2000 <<<<<<
11-09 12:07:44.957   678   678 W app_process: Unexpected CPU variant for X86 using defaults: x86
11-09 12:07:44.960   678   678 I app_process: The ClassLoaderContext is a special shared library.
11-09 12:07:44.960   678   678 I app_process: The ClassLoaderContext is a special shared library.
11-09 12:07:44.974   678   678 D AndroidRuntime: Calling main entry com.android.commands.uiautomator.Launcher
11-09 12:07:45.999   678   678 I AccessibilityNodeInfoDumper: Skipping invisible child: android.view.accessibility.AccessibilityNodeInfo@13b89; boundsInParent: Rect(0, 0 - 1080, 1584); boundsInScreen: Rect(0, 126 - 0, 1710); packageName: org.mozilla.focus; className: android.widget.FrameLayout; text: null; error: null; maxTextLength: -1; contentDescription: null; viewIdResName: null; checkable: false; checked: false; focusable: false; focused: false; selected: false; clickable: false; longClickable: false; contextClickable: false; enabled: true; password: false; scrollable: false; importantForAccessibility: false; actions: [AccessibilityAction: ACTION_SELECT - null, AccessibilityAction: ACTION_CLEAR_SELECTION - null, AccessibilityAction: ACTION_ACCESSIBILITY_FOCUS - null, AccessibilityAction: ACTION_SHOW_ON_SCREEN - null]
11-09 12:07:46.001   678   678 I AccessibilityNodeInfoDumper: Skipping invisible child: android.view.accessibility.AccessibilityNodeInfo@1d1b1; boundsInParent: Rect(0, 0 - 1080, 1584); boundsInScreen: Rect(1080, 126 - 1080, 1710); packageName: org.mozilla.focus; className: android.widget.FrameLayout; text: null; error: null; maxTextLength: -1; contentDescription: null; viewIdResName: null; checkable: false; checked: false; focusable: false; focused: false; selected: false; clickable: false; longClickable: false; contextClickable: false; enabled: true; password: false; scrollable: false; importantForAccessibility: false; actions: [AccessibilityAction: ACTION_SELECT - null, AccessibilityAction: ACTION_CLEAR_SELECTION - null, AccessibilityAction: ACTION_ACCESSIBILITY_FOCUS - null, AccessibilityAction: ACTION_SHOW_ON_SCREEN - null]
11-09 12:07:46.017   678   678 I app_process: Deoptimizing java.lang.String com.android.uiautomator.core.AccessibilityNodeInfoDumper.stripInvalidXMLChars(java.lang.CharSequence) due to JIT inline cache
11-09 12:07:46.021   678   678 W AccessibilityNodeInfoDumper: Fetch time: 24ms
11-09 12:07:46.022  1649  2304 W WindowManager: removeWindowToken: Attempted to remove non-existing token: android.os.Binder@bbe4861
11-09 12:07:46.029   678   678 D AndroidRuntime: Shutting down VM
11-09 12:07:46.219  1450  1750 E SurfaceFlinger: ro.sf.lcd_density must be defined as a build property
11-09 12:07:46.228  1439  1480 D gralloc_ranchu: gralloc_alloc: Creating ashmem region of size 8298496
11-09 12:07:46.233   697   697 D         : HostConnection::get() New Host Connection established 0xe8248240, tid 697
11-09 12:07:46.244  1450  1750 D         : HostConnection::get() New Host Connection established 0xe7167340, tid 1750
11-09 12:07:46.248  1450  1750 D gralloc_ranchu: gralloc_unregister_buffer: exiting HostConnection (is buffer-handling thread)
11-09 12:07:46.249  1450  1750 D         : HostConnection::get() New Host Connection established 0xe7167340, tid 1750
11-09 12:07:46.249  1450  1750 D gralloc_ranchu: gralloc_unregister_buffer: exiting HostConnection (is buffer-handling thread)
11-09 12:07:46.781  4290  4290 D MediaScannerReceiver: action: android.intent.action.MEDIA_SCANNER_SCAN_FILE path: /storage/emulated/0/screen.png
11-09 12:07:47.938  1447  1447 I boot-pipe: done populating /dev/random
11-09 12:07:51.045   710   710 D AndroidRuntime: >>>>>> START com.android.internal.os.RuntimeInit uid 2000 <<<<<<
11-09 12:07:51.079   710   710 W app_process: Unexpected CPU variant for X86 using defaults: x86
11-09 12:07:51.080   710   710 I app_process: The ClassLoaderContext is a special shared library.
11-09 12:07:51.080   710   710 I app_process: The ClassLoaderContext is a special shared library.
11-09 12:07:51.095   710   710 D AndroidRuntime: Calling main entry com.android.commands.uiautomator.Launcher
11-09 12:07:52.118   710   710 I AccessibilityNodeInfoDumper: Skipping invisible child: android.view.accessibility.AccessibilityNodeInfo@13b8f; boundsInParent: Rect(0, 0 - 1080, 1584); boundsInScreen: Rect(0, 126 - 0, 1710); packageName: org.mozilla.focus; className: android.widget.FrameLayout; text: null; error: null; maxTextLength: -1; contentDescription: null; viewIdResName: null; checkable: false; checked: false; focusable: false; focused: false; selected: false; clickable: false; longClickable: false; contextClickable: false; enabled: true; password: false; scrollable: false; importantForAccessibility: false; actions: [AccessibilityAction: ACTION_SELECT - null, AccessibilityAction: ACTION_CLEAR_SELECTION - null, AccessibilityAction: ACTION_ACCESSIBILITY_FOCUS - null, AccessibilityAction: ACTION_SHOW_ON_SCREEN - null]
11-09 12:07:52.119   710   710 I AccessibilityNodeInfoDumper: Skipping invisible child: android.view.accessibility.AccessibilityNodeInfo@1d1b7; boundsInParent: Rect(0, 0 - 1080, 1584); boundsInScreen: Rect(1080, 126 - 1080, 1710); packageName: org.mozilla.focus; className: android.widget.FrameLayout; text: null; error: null; maxTextLength: -1; contentDescription: null; viewIdResName: null; checkable: false; checked: false; focusable: false; focused: false; selected: false; clickable: false; longClickable: false; contextClickable: false; enabled: true; password: false; scrollable: false; importantForAccessibility: false; actions: [AccessibilityAction: ACTION_SELECT - null, AccessibilityAction: ACTION_CLEAR_SELECTION - null, AccessibilityAction: ACTION_ACCESSIBILITY_FOCUS - null, AccessibilityAction: ACTION_SHOW_ON_SCREEN - null]
11-09 12:07:52.123   710   710 I app_process: Deoptimizing java.lang.String com.android.uiautomator.core.AccessibilityNodeInfoDumper.stripInvalidXMLChars(java.lang.CharSequence) due to JIT inline cache
11-09 12:07:52.128   710   710 W AccessibilityNodeInfoDumper: Fetch time: 11ms
11-09 12:07:52.129  1649  1942 W WindowManager: removeWindowToken: Attempted to remove non-existing token: android.os.Binder@436099d
11-09 12:07:52.133   710   710 D AndroidRuntime: Shutting down VM
11-09 12:07:54.372   727   727 D AndroidRuntime: >>>>>> START com.android.internal.os.RuntimeInit uid 2000 <<<<<<
11-09 12:07:54.424   727   727 W app_process: Unexpected CPU variant for X86 using defaults: x86
11-09 12:07:54.426   727   727 I app_process: The ClassLoaderContext is a special shared library.
11-09 12:07:54.427   727   727 I app_process: The ClassLoaderContext is a special shared library.
11-09 12:07:54.440   727   727 D AndroidRuntime: Calling main entry com.android.commands.uiautomator.Launcher
11-09 12:07:55.469   727   727 I AccessibilityNodeInfoDumper: Skipping invisible child: android.view.accessibility.AccessibilityNodeInfo@13b9b; boundsInParent: Rect(0, 0 - 1080, 1584); boundsInScreen: Rect(0, 126 - 0, 1710); packageName: org.mozilla.focus; className: android.widget.FrameLayout; text: null; error: null; maxTextLength: -1; contentDescription: null; viewIdResName: null; checkable: false; checked: false; focusable: false; focused: false; selected: false; clickable: false; longClickable: false; contextClickable: false; enabled: true; password: false; scrollable: false; importantForAccessibility: false; actions: [AccessibilityAction: ACTION_SELECT - null, AccessibilityAction: ACTION_CLEAR_SELECTION - null, AccessibilityAction: ACTION_ACCESSIBILITY_FOCUS - null, AccessibilityAction: ACTION_SHOW_ON_SCREEN - null]
11-09 12:07:55.472   727   727 I AccessibilityNodeInfoDumper: Skipping invisible child: android.view.accessibility.AccessibilityNodeInfo@1d1c3; boundsInParent: Rect(0, 0 - 1080, 1584); boundsInScreen: Rect(1080, 126 - 1080, 1710); packageName: org.mozilla.focus; className: android.widget.FrameLayout; text: null; error: null; maxTextLength: -1; contentDescription: null; viewIdResName: null; checkable: false; checked: false; focusable: false; focused: false; selected: false; clickable: false; longClickable: false; contextClickable: false; enabled: true; password: false; scrollable: false; importantForAccessibility: false; actions: [AccessibilityAction: ACTION_SELECT - null, AccessibilityAction: ACTION_CLEAR_SELECTION - null, AccessibilityAction: ACTION_ACCESSIBILITY_FOCUS - null, AccessibilityAction: ACTION_SHOW_ON_SCREEN - null]
11-09 12:07:55.476   727   727 I app_process: Deoptimizing java.lang.String com.android.uiautomator.core.AccessibilityNodeInfoDumper.stripInvalidXMLChars(java.lang.CharSequence) due to JIT inline cache
11-09 12:07:55.480   727   727 W AccessibilityNodeInfoDumper: Fetch time: 12ms
11-09 12:07:55.481  1649  2593 W WindowManager: removeWindowToken: Attempted to remove non-existing token: android.os.Binder@f2879e3
11-09 12:07:55.489   727   727 D AndroidRuntime: Shutting down VM
11-09 12:07:55.718   744   744 D AndroidRuntime: >>>>>> START com.android.internal.os.RuntimeInit uid 2000 <<<<<<
11-09 12:07:55.754   744   744 W app_process: Unexpected CPU variant for X86 using defaults: x86
11-09 12:07:55.755   744   744 I app_process: The ClassLoaderContext is a special shared library.
11-09 12:07:55.756   744   744 I app_process: The ClassLoaderContext is a special shared library.
11-09 12:07:55.769   744   744 D AndroidRuntime: Calling main entry com.android.commands.uiautomator.Launcher
11-09 12:07:56.794   744   744 I AccessibilityNodeInfoDumper: Skipping invisible child: android.view.accessibility.AccessibilityNodeInfo@13bab; boundsInParent: Rect(0, 0 - 1080, 1584); boundsInScreen: Rect(0, 126 - 0, 1710); packageName: org.mozilla.focus; className: android.widget.FrameLayout; text: null; error: null; maxTextLength: -1; contentDescription: null; viewIdResName: null; checkable: false; checked: false; focusable: false; focused: false; selected: false; clickable: false; longClickable: false; contextClickable: false; enabled: true; password: false; scrollable: false; importantForAccessibility: false; actions: [AccessibilityAction: ACTION_SELECT - null, AccessibilityAction: ACTION_CLEAR_SELECTION - null, AccessibilityAction: ACTION_ACCESSIBILITY_FOCUS - null, AccessibilityAction: ACTION_SHOW_ON_SCREEN - null]
11-09 12:07:56.795   744   744 I AccessibilityNodeInfoDumper: Skipping invisible child: android.view.accessibility.AccessibilityNodeInfo@1d1d3; boundsInParent: Rect(0, 0 - 1080, 1584); boundsInScreen: Rect(1080, 126 - 1080, 1710); packageName: org.mozilla.focus; className: android.widget.FrameLayout; text: null; error: null; maxTextLength: -1; contentDescription: null; viewIdResName: null; checkable: false; checked: false; focusable: false; focused: false; selected: false; clickable: false; longClickable: false; contextClickable: false; enabled: true; password: false; scrollable: false; importantForAccessibility: false; actions: [AccessibilityAction: ACTION_SELECT - null, AccessibilityAction: ACTION_CLEAR_SELECTION - null, AccessibilityAction: ACTION_ACCESSIBILITY_FOCUS - null, AccessibilityAction: ACTION_SHOW_ON_SCREEN - null]
11-09 12:07:56.800   744   744 I app_process: Deoptimizing java.lang.String com.android.uiautomator.core.AccessibilityNodeInfoDumper.stripInvalidXMLChars(java.lang.CharSequence) due to JIT inline cache
11-09 12:07:56.804   744   744 W AccessibilityNodeInfoDumper: Fetch time: 12ms
11-09 12:07:56.805  1649  2304 W WindowManager: removeWindowToken: Attempted to remove non-existing token: android.os.Binder@c6ea299
11-09 12:07:56.811   744   744 D AndroidRuntime: Shutting down VM
11-09 12:07:56.969  4956  4991 W native  : jpeg_io.cc:108 File's first two bytes does not match the sequence 216
11-09 12:07:57.042   763   763 D AndroidRuntime: >>>>>> START com.android.internal.os.RuntimeInit uid 2000 <<<<<<
11-09 12:07:57.079   763   763 W app_process: Unexpected CPU variant for X86 using defaults: x86
11-09 12:07:57.082   763   763 I app_process: The ClassLoaderContext is a special shared library.
11-09 12:07:57.082   763   763 I app_process: The ClassLoaderContext is a special shared library.
11-09 12:07:57.098   763   763 D AndroidRuntime: Calling main entry com.android.commands.uiautomator.Launcher
11-09 12:07:58.120   763   763 I AccessibilityNodeInfoDumper: Skipping invisible child: android.view.accessibility.AccessibilityNodeInfo@13bb4; boundsInParent: Rect(0, 0 - 1080, 1584); boundsInScreen: Rect(0, 126 - 0, 1710); packageName: org.mozilla.focus; className: android.widget.FrameLayout; text: null; error: null; maxTextLength: -1; contentDescription: null; viewIdResName: null; checkable: false; checked: false; focusable: false; focused: false; selected: false; clickable: false; longClickable: false; contextClickable: false; enabled: true; password: false; scrollable: false; importantForAccessibility: false; actions: [AccessibilityAction: ACTION_SELECT - null, AccessibilityAction: ACTION_CLEAR_SELECTION - null, AccessibilityAction: ACTION_ACCESSIBILITY_FOCUS - null, AccessibilityAction: ACTION_SHOW_ON_SCREEN - null]
11-09 12:07:58.122   763   763 I AccessibilityNodeInfoDumper: Skipping invisible child: android.view.accessibility.AccessibilityNodeInfo@1d1dc; boundsInParent: Rect(0, 0 - 1080, 1584); boundsInScreen: Rect(1080, 126 - 1080, 1710); packageName: org.mozilla.focus; className: android.widget.FrameLayout; text: null; error: null; maxTextLength: -1; contentDescription: null; viewIdResName: null; checkable: false; checked: false; focusable: false; focused: false; selected: false; clickable: false; longClickable: false; contextClickable: false; enabled: true; password: false; scrollable: false; importantForAccessibility: false; actions: [AccessibilityAction: ACTION_SELECT - null, AccessibilityAction: ACTION_CLEAR_SELECTION - null, AccessibilityAction: ACTION_ACCESSIBILITY_FOCUS - null, AccessibilityAction: ACTION_SHOW_ON_SCREEN - null]
11-09 12:07:58.125   763   763 I app_process: Deoptimizing java.lang.String com.android.uiautomator.core.AccessibilityNodeInfoDumper.stripInvalidXMLChars(java.lang.CharSequence) due to JIT inline cache
11-09 12:07:58.128   763   763 W AccessibilityNodeInfoDumper: Fetch time: 10ms
11-09 12:07:58.129  1649  4108 W WindowManager: removeWindowToken: Attempted to remove non-existing token: android.os.Binder@6574e27
11-09 12:07:58.134   763   763 D AndroidRuntime: Shutting down VM
11-09 12:07:58.305   775   775 D AndroidRuntime: >>>>>> START com.android.internal.os.RuntimeInit uid 2000 <<<<<<
11-09 12:07:58.337   775   775 W app_process: Unexpected CPU variant for X86 using defaults: x86
11-09 12:07:58.338   775   775 I app_process: The ClassLoaderContext is a special shared library.
11-09 12:07:58.351   775   775 D AndroidRuntime: Calling main entry com.android.commands.input.Input
11-09 12:07:58.355   775   775 I Input   : injectMotionEvent: MotionEvent { action=ACTION_DOWN, actionButton=0, id[0]=0, x[0]=487.0, y[0]=138.0, toolType[0]=TOOL_TYPE_UNKNOWN, buttonState=0, metaState=0, flags=0x0, edgeFlags=0x0, pointerCount=1, historySize=0, eventTime=27903029, downTime=27903029, deviceId=0, source=0x1002 }
11-09 12:07:58.357   775   775 I Input   : injectMotionEvent: MotionEvent { action=ACTION_UP, actionButton=0, id[0]=0, x[0]=487.0, y[0]=138.0, toolType[0]=TOOL_TYPE_UNKNOWN, buttonState=0, metaState=0, flags=0x0, edgeFlags=0x0, pointerCount=1, historySize=0, eventTime=27903029, downTime=27903029, deviceId=0, source=0x1002 }
11-09 12:07:58.358   775   775 D AndroidRuntime: Shutting down VM
11-09 12:07:58.402  1751  1751 W LstmExtension: no lmDescriptor could be found for en_US/20170411
11-09 12:07:58.439  1751  1751 I chatty  : uid=10060(com.google.android.inputmethod.latin) identical 2 lines
11-09 12:07:58.439  1751  1751 W LstmExtension: no lmDescriptor could be found for en_US/20170411
11-09 12:07:58.561   799   799 D AndroidRuntime: >>>>>> START com.android.internal.os.RuntimeInit uid 2000 <<<<<<
11-09 12:07:58.564   799   799 W app_process: Could not reserve sentinel fault page
11-09 12:07:58.597   799   799 W app_process: Unexpected CPU variant for X86 using defaults: x86
11-09 12:07:58.598   799   799 I app_process: The ClassLoaderContext is a special shared library.
11-09 12:07:58.612   799   799 D AndroidRuntime: Calling main entry com.android.commands.input.Input
11-09 12:07:58.612   799   799 I Input   : injectKeyEvent: KeyEvent { action=ACTION_DOWN, keyCode=KEYCODE_MOVE_END, scanCode=0, metaState=0, flags=0x0, repeatCount=0, eventTime=27903290, downTime=27903290, deviceId=-1, source=0x101 }
11-09 12:07:58.616   799   799 I Input   : injectKeyEvent: KeyEvent { action=ACTION_UP, keyCode=KEYCODE_MOVE_END, scanCode=0, metaState=0, flags=0x0, repeatCount=0, eventTime=27903290, downTime=27903290, deviceId=-1, source=0x101 }
11-09 12:07:58.617   799   799 D AndroidRuntime: Shutting down VM
11-09 12:07:58.746   810   810 D AndroidRuntime: >>>>>> START com.android.internal.os.RuntimeInit uid 2000 <<<<<<
11-09 12:07:58.776   810   810 W app_process: Unexpected CPU variant for X86 using defaults: x86
11-09 12:07:58.778   810   810 I app_process: The ClassLoaderContext is a special shared library.
11-09 12:07:58.791   810   810 D AndroidRuntime: Calling main entry com.android.commands.input.Input
11-09 12:07:58.792   810   810 I Input   : injectKeyEvent: KeyEvent { action=ACTION_DOWN, keyCode=KEYCODE_DEL, scanCode=0, metaState=0, flags=0x0, repeatCount=0, eventTime=27903469, downTime=27903469, deviceId=-1, source=0x101 }
11-09 12:07:58.798   810   810 I Input   : injectKeyEvent: KeyEvent { action=ACTION_UP, keyCode=KEYCODE_DEL, scanCode=0, metaState=0, flags=0x0, repeatCount=0, eventTime=27903469, downTime=27903469, deviceId=-1, source=0x101 }
11-09 12:07:58.800   810   810 I Input   : injectKeyEvent: KeyEvent { action=ACTION_DOWN, keyCode=KEYCODE_DEL, scanCode=0, metaState=0, flags=0x0, repeatCount=0, eventTime=27903477, downTime=27903477, deviceId=-1, source=0x101 }
11-09 12:07:58.801   810   810 I Input   : injectKeyEvent: KeyEvent { action=ACTION_UP, keyCode=KEYCODE_DEL, scanCode=0, metaState=0, flags=0x0, repeatCount=0, eventTime=27903477, downTime=27903477, deviceId=-1, source=0x101 }
11-09 12:07:58.802   810   810 I Input   : injectKeyEvent: KeyEvent { action=ACTION_DOWN, keyCode=KEYCODE_DEL, scanCode=0, metaState=0, flags=0x0, repeatCount=0, eventTime=27903480, downTime=27903480, deviceId=-1, source=0x101 }
11-09 12:07:58.804   810   810 I Input   : injectKeyEvent: KeyEvent { action=ACTION_UP, keyCode=KEYCODE_DEL, scanCode=0, metaState=0, flags=0x0, repeatCount=0, eventTime=27903480, downTime=27903480, deviceId=-1, source=0x101 }
11-09 12:07:58.805   810   810 I Input   : injectKeyEvent: KeyEvent { action=ACTION_DOWN, keyCode=KEYCODE_DEL, scanCode=0, metaState=0, flags=0x0, repeatCount=0, eventTime=27903483, downTime=27903483, deviceId=-1, source=0x101 }
11-09 12:07:58.807   810   810 I Input   : injectKeyEvent: KeyEvent { action=ACTION_UP, keyCode=KEYCODE_DEL, scanCode=0, metaState=0, flags=0x0, repeatCount=0, eventTime=27903483, downTime=27903483, deviceId=-1, source=0x101 }
11-09 12:07:58.809   810   810 I Input   : injectKeyEvent: KeyEvent { action=ACTION_DOWN, keyCode=KEYCODE_DEL, scanCode=0, metaState=0, flags=0x0, repeatCount=0, eventTime=27903486, downTime=27903486, deviceId=-1, source=0x101 }
11-09 12:07:58.811   810   810 I Input   : injectKeyEvent: KeyEvent { action=ACTION_UP, keyCode=KEYCODE_DEL, scanCode=0, metaState=0, flags=0x0, repeatCount=0, eventTime=27903486, downTime=27903486, deviceId=-1, source=0x101 }
11-09 12:07:58.812   810   810 I Input   : injectKeyEvent: KeyEvent { action=ACTION_DOWN, keyCode=KEYCODE_DEL, scanCode=0, metaState=0, flags=0x0, repeatCount=0, eventTime=27903490, downTime=27903490, deviceId=-1, source=0x101 }
11-09 12:07:58.815   810   810 I Input   : injectKeyEvent: KeyEvent { action=ACTION_UP, keyCode=KEYCODE_DEL, scanCode=0, metaState=0, flags=0x0, repeatCount=0, eventTime=27903490, downTime=27903490, deviceId=-1, source=0x101 }
11-09 12:07:58.817   810   810 I Input   : injectKeyEvent: KeyEvent { action=ACTION_DOWN, keyCode=KEYCODE_DEL, scanCode=0, metaState=0, flags=0x0, repeatCount=0, eventTime=27903495, downTime=27903495, deviceId=-1, source=0x101 }
11-09 12:07:58.819   810   810 I Input   : injectKeyEvent: KeyEvent { action=ACTION_UP, keyCode=KEYCODE_DEL, scanCode=0, metaState=0, flags=0x0, repeatCount=0, eventTime=27903495, downTime=27903495, deviceId=-1, source=0x101 }
11-09 12:07:58.820   810   810 I Input   : injectKeyEvent: KeyEvent { action=ACTION_DOWN, keyCode=KEYCODE_DEL, scanCode=0, metaState=0, flags=0x0, repeatCount=0, eventTime=27903498, downTime=27903498, deviceId=-1, source=0x101 }
11-09 12:07:58.821   810   810 I Input   : injectKeyEvent: KeyEvent { action=ACTION_UP, keyCode=KEYCODE_DEL, scanCode=0, metaState=0, flags=0x0, repeatCount=0, eventTime=27903498, downTime=27903498, deviceId=-1, source=0x101 }
11-09 12:07:58.823   810   810 I Input   : injectKeyEvent: KeyEvent { action=ACTION_DOWN, keyCode=KEYCODE_DEL, scanCode=0, metaState=0, flags=0x0, repeatCount=0, eventTime=27903501, downTime=27903501, deviceId=-1, source=0x101 }
11-09 12:07:58.825   810   810 I Input   : injectKeyEvent: KeyEvent { action=ACTION_UP, keyCode=KEYCODE_DEL, scanCode=0, metaState=0, flags=0x0, repeatCount=0, eventTime=27903501, downTime=27903501, deviceId=-1, source=0x101 }
11-09 12:07:58.826   810   810 I Input   : injectKeyEvent: KeyEvent { action=ACTION_DOWN, keyCode=KEYCODE_DEL, scanCode=0, metaState=0, flags=0x0, repeatCount=0, eventTime=27903504, downTime=27903504, deviceId=-1, source=0x101 }
11-09 12:07:58.827   810   810 I Input   : injectKeyEvent: KeyEvent { action=ACTION_UP, keyCode=KEYCODE_DEL, scanCode=0, metaState=0, flags=0x0, repeatCount=0, eventTime=27903504, downTime=27903504, deviceId=-1, source=0x101 }
11-09 12:07:58.828   810   810 I Input   : injectKeyEvent: KeyEvent { action=ACTION_DOWN, keyCode=KEYCODE_DEL, scanCode=0, metaState=0, flags=0x0, repeatCount=0, eventTime=27903506, downTime=27903506, deviceId=-1, source=0x101 }
11-09 12:07:58.830   810   810 I Input   : injectKeyEvent: KeyEvent { action=ACTION_UP, keyCode=KEYCODE_DEL, scanCode=0, metaState=0, flags=0x0, repeatCount=0, eventTime=27903506, downTime=27903506, deviceId=-1, source=0x101 }
11-09 12:07:58.832   810   810 I Input   : injectKeyEvent: KeyEvent { action=ACTION_DOWN, keyCode=KEYCODE_DEL, scanCode=0, metaState=0, flags=0x0, repeatCount=0, eventTime=27903509, downTime=27903509, deviceId=-1, source=0x101 }
11-09 12:07:58.835   810   810 I Input   : injectKeyEvent: KeyEvent { action=ACTION_UP, keyCode=KEYCODE_DEL, scanCode=0, metaState=0, flags=0x0, repeatCount=0, eventTime=27903509, downTime=27903509, deviceId=-1, source=0x101 }
11-09 12:07:58.837   810   810 I Input   : injectKeyEvent: KeyEvent { action=ACTION_DOWN, keyCode=KEYCODE_DEL, scanCode=0, metaState=0, flags=0x0, repeatCount=0, eventTime=27903515, downTime=27903515, deviceId=-1, source=0x101 }
11-09 12:07:58.839   810   810 I Input   : injectKeyEvent: KeyEvent { action=ACTION_UP, keyCode=KEYCODE_DEL, scanCode=0, metaState=0, flags=0x0, repeatCount=0, eventTime=27903515, downTime=27903515, deviceId=-1, source=0x101 }
11-09 12:07:58.841   810   810 I Input   : injectKeyEvent: KeyEvent { action=ACTION_DOWN, keyCode=KEYCODE_DEL, scanCode=0, metaState=0, flags=0x0, repeatCount=0, eventTime=27903519, downTime=27903519, deviceId=-1, source=0x101 }
11-09 12:07:58.842   810   810 I Input   : injectKeyEvent: KeyEvent { action=ACTION_UP, keyCode=KEYCODE_DEL, scanCode=0, metaState=0, flags=0x0, repeatCount=0, eventTime=27903519, downTime=27903519, deviceId=-1, source=0x101 }
11-09 12:07:58.844   810   810 I Input   : injectKeyEvent: KeyEvent { action=ACTION_DOWN, keyCode=KEYCODE_DEL, scanCode=0, metaState=0, flags=0x0, repeatCount=0, eventTime=27903521, downTime=27903521, deviceId=-1, source=0x101 }
11-09 12:07:58.845   810   810 I Input   : injectKeyEvent: KeyEvent { action=ACTION_UP, keyCode=KEYCODE_DEL, scanCode=0, metaState=0, flags=0x0, repeatCount=0, eventTime=27903521, downTime=27903521, deviceId=-1, source=0x101 }
11-09 12:07:58.847   810   810 I Input   : injectKeyEvent: KeyEvent { action=ACTION_DOWN, keyCode=KEYCODE_DEL, scanCode=0, metaState=0, flags=0x0, repeatCount=0, eventTime=27903524, downTime=27903524, deviceId=-1, source=0x101 }
11-09 12:07:58.852   810   810 I Input   : injectKeyEvent: KeyEvent { action=ACTION_UP, keyCode=KEYCODE_DEL, scanCode=0, metaState=0, flags=0x0, repeatCount=0, eventTime=27903524, downTime=27903524, deviceId=-1, source=0x101 }
11-09 12:07:58.853   810   810 I Input   : injectKeyEvent: KeyEvent { action=ACTION_DOWN, keyCode=KEYCODE_DEL, scanCode=0, metaState=0, flags=0x0, repeatCount=0, eventTime=27903531, downTime=27903531, deviceId=-1, source=0x101 }
11-09 12:07:58.855   810   810 I Input   : injectKeyEvent: KeyEvent { action=ACTION_UP, keyCode=KEYCODE_DEL, scanCode=0, metaState=0, flags=0x0, repeatCount=0, eventTime=27903531, downTime=27903531, deviceId=-1, source=0x101 }
11-09 12:07:58.857   810   810 I Input   : injectKeyEvent: KeyEvent { action=ACTION_DOWN, keyCode=KEYCODE_DEL, scanCode=0, metaState=0, flags=0x0, repeatCount=0, eventTime=27903534, downTime=27903534, deviceId=-1, source=0x101 }
11-09 12:07:58.859   810   810 I Input   : injectKeyEvent: KeyEvent { action=ACTION_UP, keyCode=KEYCODE_DEL, scanCode=0, metaState=0, flags=0x0, repeatCount=0, eventTime=27903534, downTime=27903534, deviceId=-1, source=0x101 }
11-09 12:07:58.860   810   810 I Input   : injectKeyEvent: KeyEvent { action=ACTION_DOWN, keyCode=KEYCODE_DEL, scanCode=0, metaState=0, flags=0x0, repeatCount=0, eventTime=27903538, downTime=27903538, deviceId=-1, source=0x101 }
11-09 12:07:58.862   810   810 I Input   : injectKeyEvent: KeyEvent { action=ACTION_UP, keyCode=KEYCODE_DEL, scanCode=0, metaState=0, flags=0x0, repeatCount=0, eventTime=27903538, downTime=27903538, deviceId=-1, source=0x101 }
11-09 12:07:58.865   810   810 I Input   : injectKeyEvent: KeyEvent { action=ACTION_DOWN, keyCode=KEYCODE_DEL, scanCode=0, metaState=0, flags=0x0, repeatCount=0, eventTime=27903542, downTime=27903542, deviceId=-1, source=0x101 }
11-09 12:07:58.869   810   810 I Input   : injectKeyEvent: KeyEvent { action=ACTION_UP, keyCode=KEYCODE_DEL, scanCode=0, metaState=0, flags=0x0, repeatCount=0, eventTime=27903542, downTime=27903542, deviceId=-1, source=0x101 }
11-09 12:07:58.871   810   810 I Input   : injectKeyEvent: KeyEvent { action=ACTION_DOWN, keyCode=KEYCODE_DEL, scanCode=0, metaState=0, flags=0x0, repeatCount=0, eventTime=27903549, downTime=27903549, deviceId=-1, source=0x101 }
11-09 12:07:58.874   810   810 I Input   : injectKeyEvent: KeyEvent { action=ACTION_UP, keyCode=KEYCODE_DEL, scanCode=0, metaState=0, flags=0x0, repeatCount=0, eventTime=27903549, downTime=27903549, deviceId=-1, source=0x101 }
