07-01 00:35:31.482  2865  2865 I Input   : injectKeyEvent: KeyEvent { action=ACTION_UP, keyCode=KEYCODE_SHIFT_LEFT, scanCode=0, metaState=0, flags=0x0, repeatCount=0, eventTime=33807688, downTime=33807688, deviceId=-1, source=0x101 }
07-01 00:35:31.484  2865  2865 I Input   : injectKeyEvent: KeyEvent { action=ACTION_DOWN, keyCode=KEYCODE_E, scanCode=0, metaState=0, flags=0x0, repeatCount=0, eventTime=33807688, downTime=33807688, deviceId=-1, source=0x101 }
07-01 00:35:31.487  2865  2865 I Input   : injectKeyEvent: KeyEvent { action=ACTION_UP, keyCode=KEYCODE_E, scanCode=0, metaState=0, flags=0x0, repeatCount=0, eventTime=33807688, downTime=33807688, deviceId=-1, source=0x101 }
07-01 00:35:31.488  2865  2865 I Input   : injectKeyEvent: KeyEvent { action=ACTION_DOWN, keyCode=KEYCODE_S, scanCode=0, metaState=0, flags=0x0, repeatCount=0, eventTime=33807688, downTime=33807688, deviceId=-1, source=0x101 }
07-01 00:35:31.489  1784  1784 I native  : input-context-store.cc:113 Using roll back input context operation: [DecodeTouch] reason: client [2105] vs decoder [2106]
07-01 00:35:31.491  2865  2865 I Input   : injectKeyEvent: KeyEvent { action=ACTION_UP, keyCode=KEYCODE_S, scanCode=0, metaState=0, flags=0x0, repeatCount=0, eventTime=33807688, downTime=33807688, deviceId=-1, source=0x101 }
07-01 00:35:31.498  1784  4682 D EGL_emulation: eglMakeCurrent: 0xc737cba0: ver 3 0 (tinfo 0xcb2a4740)
07-01 00:35:31.511  2865  2865 I Input   : injectKeyEvent: KeyEvent { action=ACTION_DOWN, keyCode=KEYCODE_T, scanCode=0, metaState=0, flags=0x0, repeatCount=0, eventTime=33807688, downTime=33807688, deviceId=-1, source=0x101 }
07-01 00:35:31.518  2865  2865 I Input   : injectKeyEvent: KeyEvent { action=ACTION_UP, keyCode=KEYCODE_T, scanCode=0, metaState=0, flags=0x0, repeatCount=0, eventTime=33807688, downTime=33807688, deviceId=-1, source=0x101 }
07-01 00:35:31.520  2865  2865 I Input   : injectKeyEvent: KeyEvent { action=ACTION_DOWN, keyCode=KEYCODE_SHIFT_LEFT, scanCode=0, metaState=META_SHIFT_ON|META_SHIFT_LEFT_ON, flags=0x0, repeatCount=0, eventTime=33807688, downTime=33807688, deviceId=-1, source=0x101 }
07-01 00:35:31.523  2865  2865 I Input   : injectKeyEvent: KeyEvent { action=ACTION_DOWN, keyCode=KEYCODE_T, scanCode=0, metaState=META_SHIFT_ON|META_SHIFT_LEFT_ON, flags=0x0, repeatCount=0, eventTime=33807688, downTime=33807688, deviceId=-1, source=0x101 }
07-01 00:35:31.524  1784  1784 I native  : input-context-store.cc:113 Using roll back input context operation: [DecodeTouch] reason: client [2109] vs decoder [2111]
07-01 00:35:31.526  2865  2865 I Input   : injectKeyEvent: KeyEvent { action=ACTION_UP, keyCode=KEYCODE_T, scanCode=0, metaState=META_SHIFT_ON|META_SHIFT_LEFT_ON, flags=0x0, repeatCount=0, eventTime=33807688, downTime=33807688, deviceId=-1, source=0x101 }
07-01 00:35:31.528  2865  2865 I Input   : injectKeyEvent: KeyEvent { action=ACTION_UP, keyCode=KEYCODE_SHIFT_LEFT, scanCode=0, metaState=0, flags=0x0, repeatCount=0, eventTime=33807688, downTime=33807688, deviceId=-1, source=0x101 }
07-01 00:35:31.534  2865  2865 I Input   : injectKeyEvent: KeyEvent { action=ACTION_DOWN, keyCode=KEYCODE_E, scanCode=0, metaState=0, flags=0x0, repeatCount=0, eventTime=33807688, downTime=33807688, deviceId=-1, source=0x101 }
07-01 00:35:31.541  2865  2865 I Input   : injectKeyEvent: KeyEvent { action=ACTION_UP, keyCode=KEYCODE_E, scanCode=0, metaState=0, flags=0x0, repeatCount=0, eventTime=33807688, downTime=33807688, deviceId=-1, source=0x101 }
07-01 00:35:31.543  2865  2865 I Input   : injectKeyEvent: KeyEvent { action=ACTION_DOWN, keyCode=KEYCODE_S, scanCode=0, metaState=0, flags=0x0, repeatCount=0, eventTime=33807688, downTime=33807688, deviceId=-1, source=0x101 }
07-01 00:35:31.544  1784  1784 I native  : input-context-store.cc:113 Using roll back input context operation: [DecodeTouch] reason: client [2114] vs decoder [2115]
07-01 00:35:31.546  2865  2865 I Input   : injectKeyEvent: KeyEvent { action=ACTION_UP, keyCode=KEYCODE_S, scanCode=0, metaState=0, flags=0x0, repeatCount=0, eventTime=33807688, downTime=33807688, deviceId=-1, source=0x101 }
07-01 00:35:31.548  2865  2865 I Input   : injectKeyEvent: KeyEvent { action=ACTION_DOWN, keyCode=KEYCODE_T, scanCode=0, metaState=0, flags=0x0, repeatCount=0, eventTime=33807688, downTime=33807688, deviceId=-1, source=0x101 }
07-01 00:35:31.550  1784  1784 I native  : input-context-store.cc:113 Using roll back input context operation: [DecodeTouch] reason: client [2116] vs decoder [2117]
07-01 00:35:31.559  2865  2865 I Input   : injectKeyEvent: KeyEvent { action=ACTION_UP, keyCode=KEYCODE_T, scanCode=0, metaState=0, flags=0x0, repeatCount=0, eventTime=33807688, downTime=33807688, deviceId=-1, source=0x101 }
07-01 00:35:31.562  2865  2865 I Input   : injectKeyEvent: KeyEvent { action=ACTION_DOWN, keyCode=KEYCODE_SPACE, scanCode=0, metaState=0, flags=0x0, repeatCount=0, eventTime=33807688, downTime=33807688, deviceId=-1, source=0x101 }
07-01 00:35:31.566  2865  2865 I Input   : injectKeyEvent: KeyEvent { action=ACTION_UP, keyCode=KEYCODE_SPACE, scanCode=0, metaState=0, flags=0x0, repeatCount=0, eventTime=33807688, downTime=33807688, deviceId=-1, source=0x101 }
07-01 00:35:31.578  2865  2865 I Input   : injectKeyEvent: KeyEvent { action=ACTION_DOWN, keyCode=KEYCODE_SHIFT_LEFT, scanCode=0, metaState=META_SHIFT_ON|META_SHIFT_LEFT_ON, flags=0x0, repeatCount=0, eventTime=33807688, downTime=33807688, deviceId=-1, source=0x101 }
07-01 00:35:31.580  2865  2865 I Input   : injectKeyEvent: KeyEvent { action=ACTION_DOWN, keyCode=KEYCODE_T, scanCode=0, metaState=META_SHIFT_ON|META_SHIFT_LEFT_ON, flags=0x0, repeatCount=0, eventTime=33807688, downTime=33807688, deviceId=-1, source=0x101 }
07-01 00:35:31.581  1784  1784 I native  : input-context-store.cc:113 Using roll back input context operation: [DecodeTouch] reason: client [2121] vs decoder [2122]
07-01 00:35:31.582  2865  2865 I Input   : injectKeyEvent: KeyEvent { action=ACTION_UP, keyCode=KEYCODE_T, scanCode=0, metaState=META_SHIFT_ON|META_SHIFT_LEFT_ON, flags=0x0, repeatCount=0, eventTime=33807688, downTime=33807688, deviceId=-1, source=0x101 }
07-01 00:35:31.583  2865  2865 I Input   : injectKeyEvent: KeyEvent { action=ACTION_UP, keyCode=KEYCODE_SHIFT_LEFT, scanCode=0, metaState=0, flags=0x0, repeatCount=0, eventTime=33807688, downTime=33807688, deviceId=-1, source=0x101 }
07-01 00:35:31.584  2865  2865 I Input   : injectKeyEvent: KeyEvent { action=ACTION_DOWN, keyCode=KEYCODE_E, scanCode=0, metaState=0, flags=0x0, repeatCount=0, eventTime=33807688, downTime=33807688, deviceId=-1, source=0x101 }
07-01 00:35:31.586  1784  1784 I native  : input-context-store.cc:113 Using roll back input context operation: [DecodeTouch] reason: client [2123] vs decoder [2124]
07-01 00:35:31.595  2865  2865 I Input   : injectKeyEvent: KeyEvent { action=ACTION_UP, keyCode=KEYCODE_E, scanCode=0, metaState=0, flags=0x0, repeatCount=0, eventTime=33807688, downTime=33807688, deviceId=-1, source=0x101 }
07-01 00:35:31.599  2865  2865 I Input   : injectKeyEvent: KeyEvent { action=ACTION_DOWN, keyCode=KEYCODE_S, scanCode=0, metaState=0, flags=0x0, repeatCount=0, eventTime=33807688, downTime=33807688, deviceId=-1, source=0x101 }
07-01 00:35:31.601  2865  2865 I Input   : injectKeyEvent: KeyEvent { action=ACTION_UP, keyCode=KEYCODE_S, scanCode=0, metaState=0, flags=0x0, repeatCount=0, eventTime=33807688, downTime=33807688, deviceId=-1, source=0x101 }
07-01 00:35:31.602  2865  2865 I Input   : injectKeyEvent: KeyEvent { action=ACTION_DOWN, keyCode=KEYCODE_T, scanCode=0, metaState=0, flags=0x0, repeatCount=0, eventTime=33807688, downTime=33807688, deviceId=-1, source=0x101 }
07-01 00:35:31.605  1784  1784 I native  : input-context-store.cc:113 Using roll back input context operation: [DecodeTouch] reason: client [2127] vs decoder [2128]
07-01 00:35:31.606  2865  2865 I Input   : injectKeyEvent: KeyEvent { action=ACTION_UP, keyCode=KEYCODE_T, scanCode=0, metaState=0, flags=0x0, repeatCount=0, eventTime=33807688, downTime=33807688, deviceId=-1, source=0x101 }
07-01 00:35:31.615  2865  2865 D AndroidRuntime: Shutting down VM
07-01 00:35:31.660  1784  1784 W LstmExtension: no lmDescriptor could be found for en_US/20170411
07-01 00:35:31.662  1784  1784 W LstmExtension: no lmDescriptor could be found for en_US/20170411
07-01 00:35:31.795  2881  2881 D AndroidRuntime: >>>>>> START com.android.internal.os.RuntimeInit uid 2000 <<<<<<
07-01 00:35:31.826  2881  2881 W app_process: Unexpected CPU variant for X86 using defaults: x86
07-01 00:35:31.829  2881  2881 I app_process: The ClassLoaderContext is a special shared library.
07-01 00:35:31.845  2881  2881 D AndroidRuntime: Calling main entry com.android.commands.input.Input
07-01 00:35:31.845  2881  2881 I Input   : injectKeyEvent: KeyEvent { action=ACTION_DOWN, keyCode=KEYCODE_ESCAPE, scanCode=0, metaState=0, flags=0x0, repeatCount=0, eventTime=33808108, downTime=33808108, deviceId=-1, source=0x101 }
07-01 00:35:31.849  2881  2881 I Input   : injectKeyEvent: KeyEvent { action=ACTION_UP, keyCode=KEYCODE_ESCAPE, scanCode=0, metaState=0, flags=0x0, repeatCount=0, eventTime=33808108, downTime=33808108, deviceId=-1, source=0x101 }
07-01 00:35:31.854  2881  2881 D AndroidRuntime: Shutting down VM
07-01 00:35:31.854  1784  4682 D EGL_emulation: eglMakeCurrent: 0xc737cba0: ver 3 0 (tinfo 0xcb2a4740)
07-01 00:35:32.051  1444  1444 D gralloc_ranchu: gralloc_unregister_buffer: exiting HostConnection (is buffer-handling thread)
07-01 00:35:32.052  1444  1444 D         : HostConnection::get() New Host Connection established 0xe99a3900, tid 1444
07-01 00:35:32.053  1444  1444 D gralloc_ranchu: gralloc_unregister_buffer: exiting HostConnection (is buffer-handling thread)
07-01 00:35:32.053  1444  1444 D         : HostConnection::get() New Host Connection established 0xe99a3900, tid 1444
07-01 00:35:32.053  1444  1444 D gralloc_ranchu: gralloc_unregister_buffer: exiting HostConnection (is buffer-handling thread)
07-01 00:35:32.054  1444  1444 D         : HostConnection::get() New Host Connection established 0xe99a3900, tid 1444
07-01 00:35:32.054  1444  1444 D gralloc_ranchu: gralloc_unregister_buffer: exiting HostConnection (is buffer-handling thread)
07-01 00:35:32.055  1444  1444 D         : HostConnection::get() New Host Connection established 0xe99a3900, tid 1444
07-01 00:35:32.055  1444  1444 D gralloc_ranchu: gralloc_unregister_buffer: exiting HostConnection (is buffer-handling thread)
07-01 00:35:32.055  1444  1444 D         : HostConnection::get() New Host Connection established 0xe99a3900, tid 1444
07-01 00:35:32.056  1444  1444 D gralloc_ranchu: gralloc_unregister_buffer: exiting HostConnection (is buffer-handling thread)
07-01 00:35:32.061  1444  1444 D         : HostConnection::get() New Host Connection established 0xe99a3900, tid 1444
07-01 00:35:33.506  1453  1501 E SurfaceFlinger: ro.sf.lcd_density must be defined as a build property
07-01 00:35:33.514  1443  1443 D gralloc_ranchu: gralloc_alloc: Creating ashmem region of size 8298496
07-01 00:35:33.518  2898  2898 D         : HostConnection::get() New Host Connection established 0xee248240, tid 2898
07-01 00:35:33.523  1453  1501 D gralloc_ranchu: gralloc_unregister_buffer: exiting HostConnection (is buffer-handling thread)
07-01 00:35:33.524  1453  1501 D         : HostConnection::get() New Host Connection established 0xf5e92500, tid 1501
07-01 00:35:33.524  1453  1501 D gralloc_ranchu: gralloc_unregister_buffer: exiting HostConnection (is buffer-handling thread)
07-01 00:35:34.034 26659 26659 D MediaScannerReceiver: action: android.intent.action.MEDIA_SCANNER_SCAN_FILE path: /storage/emulated/0/screen.png
07-01 00:35:38.226  2918  2918 D AndroidRuntime: >>>>>> START com.android.internal.os.RuntimeInit uid 2000 <<<<<<
07-01 00:35:38.230  2918  2918 W app_process: Could not reserve sentinel fault page
07-01 00:35:38.259  2918  2918 W app_process: Unexpected CPU variant for X86 using defaults: x86
07-01 00:35:38.260  2918  2918 I app_process: The ClassLoaderContext is a special shared library.
07-01 00:35:38.261  2918  2918 I app_process: The ClassLoaderContext is a special shared library.
07-01 00:35:38.273  2918  2918 D AndroidRuntime: Calling main entry com.android.commands.uiautomator.Launcher
07-01 00:35:39.297  2918  2918 I AccessibilityNodeInfoDumper: Skipping invisible child: android.view.accessibility.AccessibilityNodeInfo@10926; boundsInParent: Rect(0, 0 - 1080, 1584); boundsInScreen: Rect(0, 126 - 0, 1710); packageName: org.mozilla.focus; className: android.widget.FrameLayout; text: null; error: null; maxTextLength: -1; contentDescription: null; viewIdResName: null; checkable: false; checked: false; focusable: false; focused: false; selected: false; clickable: false; longClickable: false; contextClickable: false; enabled: true; password: false; scrollable: false; importantForAccessibility: false; actions: [AccessibilityAction: ACTION_SELECT - null, AccessibilityAction: ACTION_CLEAR_SELECTION - null, AccessibilityAction: ACTION_ACCESSIBILITY_FOCUS - null, AccessibilityAction: ACTION_SHOW_ON_SCREEN - null]
07-01 00:35:39.299  2918  2918 I AccessibilityNodeInfoDumper: Skipping invisible child: android.view.accessibility.AccessibilityNodeInfo@1c4d8; boundsInParent: Rect(0, 0 - 1080, 1584); boundsInScreen: Rect(1080, 126 - 1080, 1710); packageName: org.mozilla.focus; className: android.widget.FrameLayout; text: null; error: null; maxTextLength: -1; contentDescription: null; viewIdResName: null; checkable: false; checked: false; focusable: false; focused: false; selected: false; clickable: false; longClickable: false; contextClickable: false; enabled: true; password: false; scrollable: false; importantForAccessibility: false; actions: [AccessibilityAction: ACTION_SELECT - null, AccessibilityAction: ACTION_CLEAR_SELECTION - null, AccessibilityAction: ACTION_ACCESSIBILITY_FOCUS - null, AccessibilityAction: ACTION_SHOW_ON_SCREEN - null]
07-01 00:35:39.302  2918  2918 I app_process: Deoptimizing java.lang.String com.android.uiautomator.core.AccessibilityNodeInfoDumper.stripInvalidXMLChars(java.lang.CharSequence) due to JIT inline cache
07-01 00:35:39.306  2918  2918 W AccessibilityNodeInfoDumper: Fetch time: 11ms
07-01 00:35:39.307  1675 22554 W WindowManager: removeWindowToken: Attempted to remove non-existing token: android.os.Binder@172e01f
07-01 00:35:39.313  2918  2918 D AndroidRuntime: Shutting down VM
07-01 00:35:41.793  2941  2941 D AndroidRuntime: >>>>>> START com.android.internal.os.RuntimeInit uid 2000 <<<<<<
07-01 00:35:41.824  2941  2941 W app_process: Unexpected CPU variant for X86 using defaults: x86
07-01 00:35:41.826  2941  2941 I app_process: The ClassLoaderContext is a special shared library.
07-01 00:35:41.826  2941  2941 I app_process: The ClassLoaderContext is a special shared library.
07-01 00:35:41.840  2941  2941 D AndroidRuntime: Calling main entry com.android.commands.uiautomator.Launcher
07-01 00:35:42.863  2941  2941 I AccessibilityNodeInfoDumper: Skipping invisible child: android.view.accessibility.AccessibilityNodeInfo@10930; boundsInParent: Rect(0, 0 - 1080, 1584); boundsInScreen: Rect(0, 126 - 0, 1710); packageName: org.mozilla.focus; className: android.widget.FrameLayout; text: null; error: null; maxTextLength: -1; contentDescription: null; viewIdResName: null; checkable: false; checked: false; focusable: false; focused: false; selected: false; clickable: false; longClickable: false; contextClickable: false; enabled: true; password: false; scrollable: false; importantForAccessibility: false; actions: [AccessibilityAction: ACTION_SELECT - null, AccessibilityAction: ACTION_CLEAR_SELECTION - null, AccessibilityAction: ACTION_ACCESSIBILITY_FOCUS - null, AccessibilityAction: ACTION_SHOW_ON_SCREEN - null]
07-01 00:35:42.864  2941  2941 I AccessibilityNodeInfoDumper: Skipping invisible child: android.view.accessibility.AccessibilityNodeInfo@1c4e2; boundsInParent: Rect(0, 0 - 1080, 1584); boundsInScreen: Rect(1080, 126 - 1080, 1710); packageName: org.mozilla.focus; className: android.widget.FrameLayout; text: null; error: null; maxTextLength: -1; contentDescription: null; viewIdResName: null; checkable: false; checked: false; focusable: false; focused: false; selected: false; clickable: false; longClickable: false; contextClickable: false; enabled: true; password: false; scrollable: false; importantForAccessibility: false; actions: [AccessibilityAction: ACTION_SELECT - null, AccessibilityAction: ACTION_CLEAR_SELECTION - null, AccessibilityAction: ACTION_ACCESSIBILITY_FOCUS - null, AccessibilityAction: ACTION_SHOW_ON_SCREEN - null]
07-01 00:35:42.867  2941  2941 I app_process: Deoptimizing java.lang.String com.android.uiautomator.core.AccessibilityNodeInfoDumper.stripInvalidXMLChars(java.lang.CharSequence) due to JIT inline cache
07-01 00:35:42.872  2941  2941 W AccessibilityNodeInfoDumper: Fetch time: 11ms
07-01 00:35:42.872  1675  3270 W WindowManager: removeWindowToken: Attempted to remove non-existing token: android.os.Binder@86aa935
07-01 00:35:42.876  2941  2941 D AndroidRuntime: Shutting down VM
07-01 00:35:43.104  2968  2968 D AndroidRuntime: >>>>>> START com.android.internal.os.RuntimeInit uid 2000 <<<<<<
07-01 00:35:43.137  2968  2968 W app_process: Unexpected CPU variant for X86 using defaults: x86
07-01 00:35:43.139  2968  2968 I app_process: The ClassLoaderContext is a special shared library.
07-01 00:35:43.140  2968  2968 I app_process: The ClassLoaderContext is a special shared library.
07-01 00:35:43.153  2968  2968 D AndroidRuntime: Calling main entry com.android.commands.uiautomator.Launcher
07-01 00:35:44.176  2968  2968 I AccessibilityNodeInfoDumper: Skipping invisible child: android.view.accessibility.AccessibilityNodeInfo@1093a; boundsInParent: Rect(0, 0 - 1080, 1584); boundsInScreen: Rect(0, 126 - 0, 1710); packageName: org.mozilla.focus; className: android.widget.FrameLayout; text: null; error: null; maxTextLength: -1; contentDescription: null; viewIdResName: null; checkable: false; checked: false; focusable: false; focused: false; selected: false; clickable: false; longClickable: false; contextClickable: false; enabled: true; password: false; scrollable: false; importantForAccessibility: false; actions: [AccessibilityAction: ACTION_SELECT - null, AccessibilityAction: ACTION_CLEAR_SELECTION - null, AccessibilityAction: ACTION_ACCESSIBILITY_FOCUS - null, AccessibilityAction: ACTION_SHOW_ON_SCREEN - null]
07-01 00:35:44.178  2968  2968 I AccessibilityNodeInfoDumper: Skipping invisible child: android.view.accessibility.AccessibilityNodeInfo@1c4ec; boundsInParent: Rect(0, 0 - 1080, 1584); boundsInScreen: Rect(1080, 126 - 1080, 1710); packageName: org.mozilla.focus; className: android.widget.FrameLayout; text: null; error: null; maxTextLength: -1; contentDescription: null; viewIdResName: null; checkable: false; checked: false; focusable: false; focused: false; selected: false; clickable: false; longClickable: false; contextClickable: false; enabled: true; password: false; scrollable: false; importantForAccessibility: false; actions: [AccessibilityAction: ACTION_SELECT - null, AccessibilityAction: ACTION_CLEAR_SELECTION - null, AccessibilityAction: ACTION_ACCESSIBILITY_FOCUS - null, AccessibilityAction: ACTION_SHOW_ON_SCREEN - null]
07-01 00:35:44.183  2968  2968 I app_process: Deoptimizing java.lang.String com.android.uiautomator.core.AccessibilityNodeInfoDumper.stripInvalidXMLChars(java.lang.CharSequence) due to JIT inline cache
07-01 00:35:44.187  2968  2968 W AccessibilityNodeInfoDumper: Fetch time: 12ms
07-01 00:35:44.188  1675  2445 W WindowManager: removeWindowToken: Attempted to remove non-existing token: android.os.Binder@eef5f3b
07-01 00:35:44.196  2968  2968 D AndroidRuntime: Shutting down VM
07-01 00:35:44.236 25033 25068 W native  : jpeg_io.cc:108 File's first two bytes does not match the sequence 216
07-01 00:35:44.467  2991  2991 D AndroidRuntime: >>>>>> START com.android.internal.os.RuntimeInit uid 2000 <<<<<<
07-01 00:35:44.500  2991  2991 W app_process: Unexpected CPU variant for X86 using defaults: x86
07-01 00:35:44.501  2991  2991 I app_process: The ClassLoaderContext is a special shared library.
07-01 00:35:44.502  2991  2991 I app_process: The ClassLoaderContext is a special shared library.
07-01 00:35:44.514  2991  2991 D AndroidRuntime: Calling main entry com.android.commands.uiautomator.Launcher
07-01 00:35:45.536  2991  2991 I AccessibilityNodeInfoDumper: Skipping invisible child: android.view.accessibility.AccessibilityNodeInfo@10942; boundsInParent: Rect(0, 0 - 1080, 1584); boundsInScreen: Rect(0, 126 - 0, 1710); packageName: org.mozilla.focus; className: android.widget.FrameLayout; text: null; error: null; maxTextLength: -1; contentDescription: null; viewIdResName: null; checkable: false; checked: false; focusable: false; focused: false; selected: false; clickable: false; longClickable: false; contextClickable: false; enabled: true; password: false; scrollable: false; importantForAccessibility: false; actions: [AccessibilityAction: ACTION_SELECT - null, AccessibilityAction: ACTION_CLEAR_SELECTION - null, AccessibilityAction: ACTION_ACCESSIBILITY_FOCUS - null, AccessibilityAction: ACTION_SHOW_ON_SCREEN - null]
07-01 00:35:45.537  2991  2991 I AccessibilityNodeInfoDumper: Skipping invisible child: android.view.accessibility.AccessibilityNodeInfo@1c4f4; boundsInParent: Rect(0, 0 - 1080, 1584); boundsInScreen: Rect(1080, 126 - 1080, 1710); packageName: org.mozilla.focus; className: android.widget.FrameLayout; text: null; error: null; maxTextLength: -1; contentDescription: null; viewIdResName: null; checkable: false; checked: false; focusable: false; focused: false; selected: false; clickable: false; longClickable: false; contextClickable: false; enabled: true; password: false; scrollable: false; importantForAccessibility: false; actions: [AccessibilityAction: ACTION_SELECT - null, AccessibilityAction: ACTION_CLEAR_SELECTION - null, AccessibilityAction: ACTION_ACCESSIBILITY_FOCUS - null, AccessibilityAction: ACTION_SHOW_ON_SCREEN - null]
07-01 00:35:45.540  2991  2991 I app_process: Deoptimizing java.lang.String com.android.uiautomator.core.AccessibilityNodeInfoDumper.stripInvalidXMLChars(java.lang.CharSequence) due to JIT inline cache
07-01 00:35:45.544  2991  2991 W AccessibilityNodeInfoDumper: Fetch time: 10ms
07-01 00:35:45.544  1675  1815 W WindowManager: removeWindowToken: Attempted to remove non-existing token: android.os.Binder@931cd59
07-01 00:35:45.549  2991  2991 D AndroidRuntime: Shutting down VM
07-01 00:35:45.721  3003  3003 D AndroidRuntime: >>>>>> START com.android.internal.os.RuntimeInit uid 2000 <<<<<<
07-01 00:35:45.759  3003  3003 W app_process: Unexpected CPU variant for X86 using defaults: x86
07-01 00:35:45.760  3003  3003 I app_process: The ClassLoaderContext is a special shared library.
07-01 00:35:45.776  3003  3003 D AndroidRuntime: Calling main entry com.android.commands.input.Input
07-01 00:35:45.779  3003  3003 I Input   : injectMotionEvent: MotionEvent { action=ACTION_DOWN, actionButton=0, id[0]=0, x[0]=540.0, y[0]=1459.0, toolType[0]=TOOL_TYPE_UNKNOWN, buttonState=0, metaState=0, flags=0x0, edgeFlags=0x0, pointerCount=1, historySize=0, eventTime=33822039, downTime=33822039, deviceId=0, source=0x1002 }
07-01 00:35:45.782  3003  3003 I Input   : injectMotionEvent: MotionEvent { action=ACTION_UP, actionButton=0, id[0]=0, x[0]=540.0, y[0]=1459.0, toolType[0]=TOOL_TYPE_UNKNOWN, buttonState=0, metaState=0, flags=0x0, edgeFlags=0x0, pointerCount=1, historySize=0, eventTime=33822039, downTime=33822039, deviceId=0, source=0x1002 }
07-01 00:35:45.784  3003  3003 D AndroidRuntime: Shutting down VM
07-01 00:35:45.809  1435  4658 W audio_hw_generic: Not supplying enough data to HAL, expected position 17684165 , only wrote 17683920
07-01 00:35:45.879  1435  4658 W audio_hw_generic: Not supplying enough data to HAL, expected position 17687284 , only wrote 17686080
07-01 00:35:45.924  1547  1599 D AudioFlinger: mixer(0xf1183300) throttle end: throttle time(12)
07-01 00:35:49.090  1435  1595 W audio_hw_generic: Not supplying enough data to HAL, expected position 17992502 , only wrote 17840160
07-01 00:35:49.498  1784  1784 W LstmExtension: no lmDescriptor could be found for en_US/20170411
07-01 00:35:49.499  1784  1784 W LstmExtension: no lmDescriptor could be found for en_US/20170411
07-01 00:35:49.691  3032  3032 D AndroidRuntime: >>>>>> START com.android.internal.os.RuntimeInit uid 2000 <<<<<<
07-01 00:35:49.742  3032  3032 W app_process: Unexpected CPU variant for X86 using defaults: x86
07-01 00:35:49.745  3032  3032 I app_process: The ClassLoaderContext is a special shared library.
07-01 00:35:49.745  3032  3032 I app_process: The ClassLoaderContext is a special shared library.
07-01 00:35:49.760  3032  3032 D AndroidRuntime: Calling main entry com.android.commands.uiautomator.Launcher
07-01 00:35:50.792  3032  3032 I AccessibilityNodeInfoDumper: Skipping invisible child: android.view.accessibility.AccessibilityNodeInfo@19f73; boundsInParent: Rect(0, 0 - 1080, 1584); boundsInScreen: Rect(0, 126 - 0, 1710); packageName: org.mozilla.focus; className: android.widget.FrameLayout; text: null; error: null; maxTextLength: -1; contentDescription: null; viewIdResName: null; checkable: false; checked: false; focusable: false; focused: false; selected: false; clickable: false; longClickable: false; contextClickable: false; enabled: true; password: false; scrollable: false; importantForAccessibility: false; actions: [AccessibilityAction: ACTION_SELECT - null, AccessibilityAction: ACTION_CLEAR_SELECTION - null, AccessibilityAction: ACTION_ACCESSIBILITY_FOCUS - null, AccessibilityAction: ACTION_SHOW_ON_SCREEN - null]
07-01 00:35:50.794  3032  3032 I app_process: Deoptimizing java.lang.String com.android.uiautomator.core.AccessibilityNodeInfoDumper.stripInvalidXMLChars(java.lang.CharSequence) due to JIT inline cache
07-01 00:35:50.799  3032  3032 W AccessibilityNodeInfoDumper: Fetch time: 8ms
07-01 00:35:50.800  1675 21113 W WindowManager: removeWindowToken: Attempted to remove non-existing token: android.os.Binder@322d9ff
07-01 00:35:50.808  3032  3032 D AndroidRuntime: Shutting down VM
07-01 00:35:51.633  3059  3059 D AndroidRuntime: >>>>>> START com.android.internal.os.RuntimeInit uid 2000 <<<<<<
07-01 00:35:51.668  3059  3059 W app_process: Unexpected CPU variant for X86 using defaults: x86
07-01 00:35:51.670  3059  3059 I app_process: The ClassLoaderContext is a special shared library.
07-01 00:35:51.670  3059  3059 I app_process: The ClassLoaderContext is a special shared library.
07-01 00:35:51.682  3059  3059 D AndroidRuntime: Calling main entry com.android.commands.uiautomator.Launcher
07-01 00:35:51.989  1444  1472 D hwcomposer: hw_composer sent 108 syncs in 155s
07-01 00:35:52.706  3059  3059 I AccessibilityNodeInfoDumper: Skipping invisible child: android.view.accessibility.AccessibilityNodeInfo@19f81; boundsInParent: Rect(0, 0 - 1080, 1584); boundsInScreen: Rect(0, 126 - 0, 1710); packageName: org.mozilla.focus; className: android.widget.FrameLayout; text: null; error: null; maxTextLength: -1; contentDescription: null; viewIdResName: null; checkable: false; checked: false; focusable: false; focused: false; selected: false; clickable: false; longClickable: false; contextClickable: false; enabled: true; password: false; scrollable: false; importantForAccessibility: false; actions: [AccessibilityAction: ACTION_SELECT - null, AccessibilityAction: ACTION_CLEAR_SELECTION - null, AccessibilityAction: ACTION_ACCESSIBILITY_FOCUS - null, AccessibilityAction: ACTION_SHOW_ON_SCREEN - null]
07-01 00:35:52.709  3059  3059 I app_process: Deoptimizing java.lang.String com.android.uiautomator.core.AccessibilityNodeInfoDumper.stripInvalidXMLChars(java.lang.CharSequence) due to JIT inline cache
07-01 00:35:52.712  3059  3059 W AccessibilityNodeInfoDumper: Fetch time: 7ms
07-01 00:35:52.713  1675 22554 W WindowManager: removeWindowToken: Attempted to remove non-existing token: android.os.Binder@5a8e615
07-01 00:35:52.721  3059  3059 D AndroidRuntime: Shutting down VM
07-01 00:35:52.944  3080  3080 D AndroidRuntime: >>>>>> START com.android.internal.os.RuntimeInit uid 2000 <<<<<<
07-01 00:35:52.980  3080  3080 W app_process: Unexpected CPU variant for X86 using defaults: x86
07-01 00:35:52.982  3080  3080 I app_process: The ClassLoaderContext is a special shared library.
07-01 00:35:52.983  3080  3080 I app_process: The ClassLoaderContext is a special shared library.
07-01 00:35:52.994  3080  3080 D AndroidRuntime: Calling main entry com.android.commands.uiautomator.Launcher
07-01 00:35:54.015  3080  3080 I AccessibilityNodeInfoDumper: Skipping invisible child: android.view.accessibility.AccessibilityNodeInfo@19f8a; boundsInParent: Rect(0, 0 - 1080, 1584); boundsInScreen: Rect(0, 126 - 0, 1710); packageName: org.mozilla.focus; className: android.widget.FrameLayout; text: null; error: null; maxTextLength: -1; contentDescription: null; viewIdResName: null; checkable: false; checked: false; focusable: false; focused: false; selected: false; clickable: false; longClickable: false; contextClickable: false; enabled: true; password: false; scrollable: false; importantForAccessibility: false; actions: [AccessibilityAction: ACTION_SELECT - null, AccessibilityAction: ACTION_CLEAR_SELECTION - null, AccessibilityAction: ACTION_ACCESSIBILITY_FOCUS - null, AccessibilityAction: ACTION_SHOW_ON_SCREEN - null]
07-01 00:35:54.018  3080  3080 I app_process: Deoptimizing java.lang.String com.android.uiautomator.core.AccessibilityNodeInfoDumper.stripInvalidXMLChars(java.lang.CharSequence) due to JIT inline cache
07-01 00:35:54.022  3080  3080 W AccessibilityNodeInfoDumper: Fetch time: 8ms
07-01 00:35:54.024  1675  1815 W WindowManager: removeWindowToken: Attempted to remove non-existing token: android.os.Binder@3d5171b
07-01 00:35:54.028  3080  3080 D AndroidRuntime: Shutting down VM
07-01 00:35:54.844  3106  3106 D AndroidRuntime: >>>>>> START com.android.internal.os.RuntimeInit uid 2000 <<<<<<
07-01 00:35:54.878  3106  3106 W app_process: Unexpected CPU variant for X86 using defaults: x86
07-01 00:35:54.880  3106  3106 I app_process: The ClassLoaderContext is a special shared library.
07-01 00:35:54.880  3106  3106 I app_process: The ClassLoaderContext is a special shared library.
07-01 00:35:54.893  3106  3106 D AndroidRuntime: Calling main entry com.android.commands.uiautomator.Launcher
07-01 00:35:55.307  1675  1689 E memtrack: Couldn't load memtrack module
07-01 00:35:55.307  1675  1689 W android.os.Debug: failed to get memory consumption info: -1
07-01 00:35:55.917  3106  3106 I AccessibilityNodeInfoDumper: Skipping invisible child: android.view.accessibility.AccessibilityNodeInfo@19f91; boundsInParent: Rect(0, 0 - 1080, 1584); boundsInScreen: Rect(0, 126 - 0, 1710); packageName: org.mozilla.focus; className: android.widget.FrameLayout; text: null; error: null; maxTextLength: -1; contentDescription: null; viewIdResName: null; checkable: false; checked: false; focusable: false; focused: false; selected: false; clickable: false; longClickable: false; contextClickable: false; enabled: true; password: false; scrollable: false; importantForAccessibility: false; actions: [AccessibilityAction: ACTION_SELECT - null, AccessibilityAction: ACTION_CLEAR_SELECTION - null, AccessibilityAction: ACTION_ACCESSIBILITY_FOCUS - null, AccessibilityAction: ACTION_SHOW_ON_SCREEN - null]
07-01 00:35:55.921  3106  3106 I app_process: Deoptimizing java.lang.String com.android.uiautomator.core.AccessibilityNodeInfoDumper.stripInvalidXMLChars(java.lang.CharSequence) due to JIT inline cache
07-01 00:35:55.925  3106  3106 W AccessibilityNodeInfoDumper: Fetch time: 8ms
07-01 00:35:55.925  1675  3753 W WindowManager: removeWindowToken: Attempted to remove non-existing token: android.os.Binder@b3ece91
07-01 00:35:55.930  3106  3106 D AndroidRuntime: Shutting down VM
07-01 00:35:56.799  3141  3141 D AndroidRuntime: >>>>>> START com.android.internal.os.RuntimeInit uid 2000 <<<<<<
07-01 00:35:56.801  3141  3141 W app_process: Could not reserve sentinel fault page
07-01 00:35:56.831  3141  3141 W app_process: Unexpected CPU variant for X86 using defaults: x86
07-01 00:35:56.833  3141  3141 I app_process: The ClassLoaderContext is a special shared library.
07-01 00:35:56.834  3141  3141 I app_process: The ClassLoaderContext is a special shared library.
07-01 00:35:56.848  3141  3141 D AndroidRuntime: Calling main entry com.android.commands.uiautomator.Launcher
07-01 00:35:57.872  3141  3141 I AccessibilityNodeInfoDumper: Skipping invisible child: android.view.accessibility.AccessibilityNodeInfo@19f99; boundsInParent: Rect(0, 0 - 1080, 1584); boundsInScreen: Rect(0, 126 - 0, 1710); packageName: org.mozilla.focus; className: android.widget.FrameLayout; text: null; error: null; maxTextLength: -1; contentDescription: null; viewIdResName: null; checkable: false; checked: false; focusable: false; focused: false; selected: false; clickable: false; longClickable: false; contextClickable: false; enabled: true; password: false; scrollable: false; importantForAccessibility: false; actions: [AccessibilityAction: ACTION_SELECT - null, AccessibilityAction: ACTION_CLEAR_SELECTION - null, AccessibilityAction: ACTION_ACCESSIBILITY_FOCUS - null, AccessibilityAction: ACTION_SHOW_ON_SCREEN - null]
07-01 00:35:57.874  3141  3141 I app_process: Deoptimizing java.lang.String com.android.uiautomator.core.AccessibilityNodeInfoDumper.stripInvalidXMLChars(java.lang.CharSequence) due to JIT inline cache
07-01 00:35:57.878  3141  3141 W AccessibilityNodeInfoDumper: Fetch time: 8ms
07-01 00:35:57.878  1675 22554 W WindowManager: removeWindowToken: Attempted to remove non-existing token: android.os.Binder@2a409f7
07-01 00:35:57.884  3141  3141 D AndroidRuntime: Shutting down VM
07-01 00:35:58.085  1453  1478 E SurfaceFlinger: ro.sf.lcd_density must be defined as a build property
07-01 00:35:58.095  1443  1443 D gralloc_ranchu: gralloc_alloc: Creating ashmem region of size 8298496
07-01 00:35:58.099  3159  3159 D         : HostConnection::get() New Host Connection established 0xf4248240, tid 3159
07-01 00:35:58.115  1453  1478 D gralloc_ranchu: gralloc_unregister_buffer: exiting HostConnection (is buffer-handling thread)
07-01 00:35:58.115  1453  1478 D         : HostConnection::get() New Host Connection established 0xf5e92080, tid 1478
07-01 00:35:58.116  1453  1478 D gralloc_ranchu: gralloc_unregister_buffer: exiting HostConnection (is buffer-handling thread)
07-01 00:35:58.649 26659 26659 D MediaScannerReceiver: action: android.intent.action.MEDIA_SCANNER_SCAN_FILE path: /storage/emulated/0/screen.png
07-01 00:36:00.042  1821  2022 D EGL_emulation: eglMakeCurrent: 0xcaa53860: ver 3 0 (tinfo 0xcacfc4e0)
07-01 00:36:02.849  3172  3172 D AndroidRuntime: >>>>>> START com.android.internal.os.RuntimeInit uid 2000 <<<<<<
07-01 00:36:02.880  3172  3172 W app_process: Unexpected CPU variant for X86 using defaults: x86
07-01 00:36:02.882  3172  3172 I app_process: The ClassLoaderContext is a special shared library.
07-01 00:36:02.882  3172  3172 I app_process: The ClassLoaderContext is a special shared library.
07-01 00:36:02.895  3172  3172 D AndroidRuntime: Calling main entry com.android.commands.uiautomator.Launcher
07-01 00:36:03.919  3172  3172 I AccessibilityNodeInfoDumper: Skipping invisible child: android.view.accessibility.AccessibilityNodeInfo@19fa1; boundsInParent: Rect(0, 0 - 1080, 1584); boundsInScreen: Rect(0, 126 - 0, 1710); packageName: org.mozilla.focus; className: android.widget.FrameLayout; text: null; error: null; maxTextLength: -1; contentDescription: null; viewIdResName: null; checkable: false; checked: false; focusable: false; focused: false; selected: false; clickable: false; longClickable: false; contextClickable: false; enabled: true; password: false; scrollable: false; importantForAccessibility: false; actions: [AccessibilityAction: ACTION_SELECT - null, AccessibilityAction: ACTION_CLEAR_SELECTION - null, AccessibilityAction: ACTION_ACCESSIBILITY_FOCUS - null, AccessibilityAction: ACTION_SHOW_ON_SCREEN - null]
07-01 00:36:03.923  3172  3172 I app_process: Deoptimizing java.lang.String com.android.uiautomator.core.AccessibilityNodeInfoDumper.stripInvalidXMLChars(java.lang.CharSequence) due to JIT inline cache
07-01 00:36:03.927  3172  3172 W AccessibilityNodeInfoDumper: Fetch time: 10ms
07-01 00:36:03.928  1675 21113 W WindowManager: removeWindowToken: Attempted to remove non-existing token: android.os.Binder@2e56ed0
07-01 00:36:03.934  3172  3172 D AndroidRuntime: Shutting down VM
07-01 00:36:06.154  3190  3190 D AndroidRuntime: >>>>>> START com.android.internal.os.RuntimeInit uid 2000 <<<<<<
07-01 00:36:06.184  3190  3190 W app_process: Unexpected CPU variant for X86 using defaults: x86
07-01 00:36:06.185  3190  3190 I app_process: The ClassLoaderContext is a special shared library.
07-01 00:36:06.186  3190  3190 I app_process: The ClassLoaderContext is a special shared library.
07-01 00:36:06.197  3190  3190 D AndroidRuntime: Calling main entry com.android.commands.uiautomator.Launcher
07-01 00:36:07.221  3190  3190 I AccessibilityNodeInfoDumper: Skipping invisible child: android.view.accessibility.AccessibilityNodeInfo@19fa8; boundsInParent: Rect(0, 0 - 1080, 1584); boundsInScreen: Rect(0, 126 - 0, 1710); packageName: org.mozilla.focus; className: android.widget.FrameLayout; text: null; error: null; maxTextLength: -1; contentDescription: null; viewIdResName: null; checkable: false; checked: false; focusable: false; focused: false; selected: false; clickable: false; longClickable: false; contextClickable: false; enabled: true; password: false; scrollable: false; importantForAccessibility: false; actions: [AccessibilityAction: ACTION_SELECT - null, AccessibilityAction: ACTION_CLEAR_SELECTION - null, AccessibilityAction: ACTION_ACCESSIBILITY_FOCUS - null, AccessibilityAction: ACTION_SHOW_ON_SCREEN - null]
07-01 00:36:07.223  3190  3190 I app_process: Deoptimizing java.lang.String com.android.uiautomator.core.AccessibilityNodeInfoDumper.stripInvalidXMLChars(java.lang.CharSequence) due to JIT inline cache
07-01 00:36:07.228  3190  3190 W AccessibilityNodeInfoDumper: Fetch time: 9ms
07-01 00:36:07.228  1675 22554 W WindowManager: removeWindowToken: Attempted to remove non-existing token: android.os.Binder@83fa9ce
07-01 00:36:07.234  3190  3190 D AndroidRuntime: Shutting down VM
07-01 00:36:07.453  3207  3207 D AndroidRuntime: >>>>>> START com.android.internal.os.RuntimeInit uid 2000 <<<<<<
07-01 00:36:07.483  3207  3207 W app_process: Unexpected CPU variant for X86 using defaults: x86
07-01 00:36:07.485  3207  3207 I app_process: The ClassLoaderContext is a special shared library.
07-01 00:36:07.486  3207  3207 I app_process: The ClassLoaderContext is a special shared library.
07-01 00:36:07.499  3207  3207 D AndroidRuntime: Calling main entry com.android.commands.uiautomator.Launcher
07-01 00:36:08.524  3207  3207 I AccessibilityNodeInfoDumper: Skipping invisible child: android.view.accessibility.AccessibilityNodeInfo@19fb1; boundsInParent: Rect(0, 0 - 1080, 1584); boundsInScreen: Rect(0, 126 - 0, 1710); packageName: org.mozilla.focus; className: android.widget.FrameLayout; text: null; error: null; maxTextLength: -1; contentDescription: null; viewIdResName: null; checkable: false; checked: false; focusable: false; focused: false; selected: false; clickable: false; longClickable: false; contextClickable: false; enabled: true; password: false; scrollable: false; importantForAccessibility: false; actions: [AccessibilityAction: ACTION_SELECT - null, AccessibilityAction: ACTION_CLEAR_SELECTION - null, AccessibilityAction: ACTION_ACCESSIBILITY_FOCUS - null, AccessibilityAction: ACTION_SHOW_ON_SCREEN - null]
07-01 00:36:08.527  3207  3207 I app_process: Deoptimizing java.lang.String com.android.uiautomator.core.AccessibilityNodeInfoDumper.stripInvalidXMLChars(java.lang.CharSequence) due to JIT inline cache
07-01 00:36:08.530  3207  3207 W AccessibilityNodeInfoDumper: Fetch time: 8ms
07-01 00:36:08.531  1675 21113 W WindowManager: removeWindowToken: Attempted to remove non-existing token: android.os.Binder@27aa7fc
07-01 00:36:08.536  3207  3207 D AndroidRuntime: Shutting down VM
07-01 00:36:08.764  3226  3226 D AndroidRuntime: >>>>>> START com.android.internal.os.RuntimeInit uid 2000 <<<<<<
07-01 00:36:08.766  3226  3226 W app_process: Could not reserve sentinel fault page
07-01 00:36:08.802  3226  3226 W app_process: Unexpected CPU variant for X86 using defaults: x86
07-01 00:36:08.804  3226  3226 I app_process: The ClassLoaderContext is a special shared library.
07-01 00:36:08.804  3226  3226 I app_process: The ClassLoaderContext is a special shared library.
07-01 00:36:08.822  3226  3226 D AndroidRuntime: Calling main entry com.android.commands.uiautomator.Launcher
07-01 00:36:08.828 25033 25067 W native  : jpeg_io.cc:108 File's first two bytes does not match the sequence 216
07-01 00:36:09.845  3226  3226 I AccessibilityNodeInfoDumper: Skipping invisible child: android.view.accessibility.AccessibilityNodeInfo@19fbb; boundsInParent: Rect(0, 0 - 1080, 1584); boundsInScreen: Rect(0, 126 - 0, 1710); packageName: org.mozilla.focus; className: android.widget.FrameLayout; text: null; error: null; maxTextLength: -1; contentDescription: null; viewIdResName: null; checkable: false; checked: false; focusable: false; focused: false; selected: false; clickable: false; longClickable: false; contextClickable: false; enabled: true; password: false; scrollable: false; importantForAccessibility: false; actions: [AccessibilityAction: ACTION_SELECT - null, AccessibilityAction: ACTION_CLEAR_SELECTION - null, AccessibilityAction: ACTION_ACCESSIBILITY_FOCUS - null, AccessibilityAction: ACTION_SHOW_ON_SCREEN - null]
07-01 00:36:09.848  3226  3226 I app_process: Deoptimizing java.lang.String com.android.uiautomator.core.AccessibilityNodeInfoDumper.stripInvalidXMLChars(java.lang.CharSequence) due to JIT inline cache
07-01 00:36:09.852  3226  3226 W AccessibilityNodeInfoDumper: Fetch time: 9ms
07-01 00:36:09.852  1675  3753 W WindowManager: removeWindowToken: Attempted to remove non-existing token: android.os.Binder@2c40356
07-01 00:36:09.858  3226  3226 D AndroidRuntime: Shutting down VM
07-01 00:36:10.025  3240  3240 D AndroidRuntime: >>>>>> START com.android.internal.os.RuntimeInit uid 2000 <<<<<<
07-01 00:36:10.057  3240  3240 W app_process: Unexpected CPU variant for X86 using defaults: x86
07-01 00:36:10.059  3240  3240 I app_process: The ClassLoaderContext is a special shared library.
07-01 00:36:10.074  3240  3240 D AndroidRuntime: Calling main entry com.android.commands.input.Input
07-01 00:36:10.076  3240  3240 I Input   : injectMotionEvent: MotionEvent { action=ACTION_DOWN, actionButton=0, id[0]=0, x[0]=487.0, y[0]=138.0, toolType[0]=TOOL_TYPE_UNKNOWN, buttonState=0, metaState=0, flags=0x0, edgeFlags=0x0, pointerCount=1, historySize=0, eventTime=33846337, downTime=33846337, deviceId=0, source=0x1002 }
07-01 00:36:10.080  3240  3240 I Input   : injectMotionEvent: MotionEvent { action=ACTION_UP, actionButton=0, id[0]=0, x[0]=487.0, y[0]=138.0, toolType[0]=TOOL_TYPE_UNKNOWN, buttonState=0, metaState=0, flags=0x0, edgeFlags=0x0, pointerCount=1, historySize=0, eventTime=33846337, downTime=33846337, deviceId=0, source=0x1002 }
07-01 00:36:10.082  3240  3240 D AndroidRuntime: Shutting down VM
07-01 00:36:10.128  1784  1784 W LstmExtension: no lmDescriptor could be found for en_US/20170411
07-01 00:36:10.161  1784  1784 I chatty  : uid=10060(com.google.android.inputmethod.latin) identical 2 lines
07-01 00:36:10.161  1784  1784 W LstmExtension: no lmDescriptor could be found for en_US/20170411
07-01 00:36:10.280  3261  3261 D AndroidRuntime: >>>>>> START com.android.internal.os.RuntimeInit uid 2000 <<<<<<
07-01 00:36:10.312  3261  3261 W app_process: Unexpected CPU variant for X86 using defaults: x86
07-01 00:36:10.313  3261  3261 I app_process: The ClassLoaderContext is a special shared library.
07-01 00:36:10.326  3261  3261 D AndroidRuntime: Calling main entry com.android.commands.input.Input
07-01 00:36:10.326  3261  3261 I Input   : injectKeyEvent: KeyEvent { action=ACTION_DOWN, keyCode=KEYCODE_MOVE_END, scanCode=0, metaState=0, flags=0x0, repeatCount=0, eventTime=33846589, downTime=33846589, deviceId=-1, source=0x101 }
07-01 00:36:10.330  3261  3261 I Input   : injectKeyEvent: KeyEvent { action=ACTION_UP, keyCode=KEYCODE_MOVE_END, scanCode=0, metaState=0, flags=0x0, repeatCount=0, eventTime=33846589, downTime=33846589, deviceId=-1, source=0x101 }
07-01 00:36:10.332  3261  3261 D AndroidRuntime: Shutting down VM
07-01 00:36:10.456  3276  3276 D AndroidRuntime: >>>>>> START com.android.internal.os.RuntimeInit uid 2000 <<<<<<
07-01 00:36:10.486  3276  3276 W app_process: Unexpected CPU variant for X86 using defaults: x86
07-01 00:36:10.488  3276  3276 I app_process: The ClassLoaderContext is a special shared library.
07-01 00:36:10.502  3276  3276 D AndroidRuntime: Calling main entry com.android.commands.input.Input
07-01 00:36:10.502  3276  3276 I Input   : injectKeyEvent: KeyEvent { action=ACTION_DOWN, keyCode=KEYCODE_DEL, scanCode=0, metaState=0, flags=0x0, repeatCount=0, eventTime=33846765, downTime=33846765, deviceId=-1, source=0x101 }
07-01 00:36:10.507  3276  3276 I Input   : injectKeyEvent: KeyEvent { action=ACTION_UP, keyCode=KEYCODE_DEL, scanCode=0, metaState=0, flags=0x0, repeatCount=0, eventTime=33846765, downTime=33846765, deviceId=-1, source=0x101 }
07-01 00:36:10.509  3276  3276 I Input   : injectKeyEvent: KeyEvent { action=ACTION_DOWN, keyCode=KEYCODE_DEL, scanCode=0, metaState=0, flags=0x0, repeatCount=0, eventTime=33846772, downTime=33846772, deviceId=-1, source=0x101 }
07-01 00:36:10.511  3276  3276 I Input   : injectKeyEvent: KeyEvent { action=ACTION_UP, keyCode=KEYCODE_DEL, scanCode=0, metaState=0, flags=0x0, repeatCount=0, eventTime=33846772, downTime=33846772, deviceId=-1, source=0x101 }
07-01 00:36:10.513  3276  3276 I Input   : injectKeyEvent: KeyEvent { action=ACTION_DOWN, keyCode=KEYCODE_DEL, scanCode=0, metaState=0, flags=0x0, repeatCount=0, eventTime=33846776, downTime=33846776, deviceId=-1, source=0x101 }
07-01 00:36:10.515  3276  3276 I Input   : injectKeyEvent: KeyEvent { action=ACTION_UP, keyCode=KEYCODE_DEL, scanCode=0, metaState=0, flags=0x0, repeatCount=0, eventTime=33846776, downTime=33846776, deviceId=-1, source=0x101 }
07-01 00:36:10.516  3276  3276 I Input   : injectKeyEvent: KeyEvent { action=ACTION_DOWN, keyCode=KEYCODE_DEL, scanCode=0, metaState=0, flags=0x0, repeatCount=0, eventTime=33846779, downTime=33846779, deviceId=-1, source=0x101 }
07-01 00:36:10.518  3276  3276 I Input   : injectKeyEvent: KeyEvent { action=ACTION_UP, keyCode=KEYCODE_DEL, scanCode=0, metaState=0, flags=0x0, repeatCount=0, eventTime=33846779, downTime=33846779, deviceId=-1, source=0x101 }
07-01 00:36:10.520  3276  3276 I Input   : injectKeyEvent: KeyEvent { action=ACTION_DOWN, keyCode=KEYCODE_DEL, scanCode=0, metaState=0, flags=0x0, repeatCount=0, eventTime=33846783, downTime=33846783, deviceId=-1, source=0x101 }
07-01 00:36:10.524  3276  3276 I Input   : injectKeyEvent: KeyEvent { action=ACTION_UP, keyCode=KEYCODE_DEL, scanCode=0, metaState=0, flags=0x0, repeatCount=0, eventTime=33846783, downTime=33846783, deviceId=-1, source=0x101 }
07-01 00:36:10.526  3276  3276 I Input   : injectKeyEvent: KeyEvent { action=ACTION_DOWN, keyCode=KEYCODE_DEL, scanCode=0, metaState=0, flags=0x0, repeatCount=0, eventTime=33846788, downTime=33846788, deviceId=-1, source=0x101 }
07-01 00:36:10.528  3276  3276 I Input   : injectKeyEvent: KeyEvent { action=ACTION_UP, keyCode=KEYCODE_DEL, scanCode=0, metaState=0, flags=0x0, repeatCount=0, eventTime=33846788, downTime=33846788, deviceId=-1, source=0x101 }
07-01 00:36:10.529  3276  3276 I Input   : injectKeyEvent: KeyEvent { action=ACTION_DOWN, keyCode=KEYCODE_DEL, scanCode=0, metaState=0, flags=0x0, repeatCount=0, eventTime=33846792, downTime=33846792, deviceId=-1, source=0x101 }
07-01 00:36:10.530  3276  3276 I Input   : injectKeyEvent: KeyEvent { action=ACTION_UP, keyCode=KEYCODE_DEL, scanCode=0, metaState=0, flags=0x0, repeatCount=0, eventTime=33846792, downTime=33846792, deviceId=-1, source=0x101 }
07-01 00:36:10.532  3276  3276 I Input   : injectKeyEvent: KeyEvent { action=ACTION_DOWN, keyCode=KEYCODE_DEL, scanCode=0, metaState=0, flags=0x0, repeatCount=0, eventTime=33846795, downTime=33846795, deviceId=-1, source=0x101 }
07-01 00:36:10.533  3276  3276 I Input   : injectKeyEvent: KeyEvent { action=ACTION_UP, keyCode=KEYCODE_DEL, scanCode=0, metaState=0, flags=0x0, repeatCount=0, eventTime=33846795, downTime=33846795, deviceId=-1, source=0x101 }
07-01 00:36:10.534  3276  3276 I Input   : injectKeyEvent: KeyEvent { action=ACTION_DOWN, keyCode=KEYCODE_DEL, scanCode=0, metaState=0, flags=0x0, repeatCount=0, eventTime=33846797, downTime=33846797, deviceId=-1, source=0x101 }
07-01 00:36:10.536  3276  3276 I Input   : injectKeyEvent: KeyEvent { action=ACTION_UP, keyCode=KEYCODE_DEL, scanCode=0, metaState=0, flags=0x0, repeatCount=0, eventTime=33846797, downTime=33846797, deviceId=-1, source=0x101 }
07-01 00:36:10.537  3276  3276 I Input   : injectKeyEvent: KeyEvent { action=ACTION_DOWN, keyCode=KEYCODE_DEL, scanCode=0, metaState=0, flags=0x0, repeatCount=0, eventTime=33846800, downTime=33846800, deviceId=-1, source=0x101 }
07-01 00:36:10.539  3276  3276 I Input   : injectKeyEvent: KeyEvent { action=ACTION_UP, keyCode=KEYCODE_DEL, scanCode=0, metaState=0, flags=0x0, repeatCount=0, eventTime=33846800, downTime=33846800, deviceId=-1, source=0x101 }
07-01 00:36:10.541  3276  3276 I Input   : injectKeyEvent: KeyEvent { action=ACTION_DOWN, keyCode=KEYCODE_DEL, scanCode=0, metaState=0, flags=0x0, repeatCount=0, eventTime=33846804, downTime=33846804, deviceId=-1, source=0x101 }
