11-09 12:06:53.540  2051  2051 I BeaconBle: Scan : No clients left, canceling alarm. [CONTEXT service_id=111 ]
11-09 12:06:55.456  1649  1663 E memtrack: Couldn't load memtrack module
11-09 12:06:55.456  1649  1663 W android.os.Debug: failed to get memory consumption info: -1
11-09 12:06:59.714 32613 32613 D AndroidRuntime: >>>>>> START com.android.internal.os.RuntimeInit uid 2000 <<<<<<
11-09 12:06:59.767 32613 32613 W app_process: Unexpected CPU variant for X86 using defaults: x86
11-09 12:06:59.768 32613 32613 I app_process: The ClassLoaderContext is a special shared library.
11-09 12:06:59.782 32613 32613 D AndroidRuntime: Calling main entry com.android.commands.content.Content
11-09 12:06:59.787 32613 32613 D AndroidRuntime: Shutting down VM
11-09 12:06:59.927 32623 32623 D AndroidRuntime: >>>>>> START com.android.internal.os.RuntimeInit uid 2000 <<<<<<
11-09 12:06:59.960 32623 32623 W app_process: Unexpected CPU variant for X86 using defaults: x86
11-09 12:06:59.961 32623 32623 I app_process: The ClassLoaderContext is a special shared library.
11-09 12:06:59.974 32623 32623 D AndroidRuntime: Calling main entry com.android.commands.content.Content
11-09 12:06:59.980 32623 32623 D AndroidRuntime: Shutting down VM
11-09 12:07:00.030  1751  1751 W LstmExtension: no lmDescriptor could be found for en_US/20170411
11-09 12:07:00.030  1751  1751 W LstmExtension: no lmDescriptor could be found for en_US/20170411
11-09 12:07:00.846 32654 32654 D AndroidRuntime: >>>>>> START com.android.internal.os.RuntimeInit uid 2000 <<<<<<
11-09 12:07:00.880 32654 32654 W app_process: Unexpected CPU variant for X86 using defaults: x86
11-09 12:07:00.881 32654 32654 I app_process: The ClassLoaderContext is a special shared library.
11-09 12:07:00.883 32654 32654 I app_process: The ClassLoaderContext is a special shared library.
11-09 12:07:00.894 32654 32654 D AndroidRuntime: Calling main entry com.android.commands.uiautomator.Launcher
11-09 12:07:01.925 32654 32654 I AccessibilityNodeInfoDumper: Skipping invisible child: android.view.accessibility.AccessibilityNodeInfo@13e7c; boundsInParent: Rect(0, 0 - 1080, 1584); boundsInScreen: Rect(1080, 126 - 1080, 1710); packageName: org.mozilla.focus; className: android.widget.FrameLayout; text: null; error: null; maxTextLength: -1; contentDescription: null; viewIdResName: null; checkable: false; checked: false; focusable: false; focused: false; selected: false; clickable: false; longClickable: false; contextClickable: false; enabled: true; password: false; scrollable: false; importantForAccessibility: false; actions: [AccessibilityAction: ACTION_SELECT - null, AccessibilityAction: ACTION_CLEAR_SELECTION - null, AccessibilityAction: ACTION_ACCESSIBILITY_FOCUS - null, AccessibilityAction: ACTION_SHOW_ON_SCREEN - null]
11-09 12:07:01.927 32654 32654 W AccessibilityNodeInfoDumper: Fetch time: 6ms
11-09 12:07:01.928  1649  4108 W WindowManager: removeWindowToken: Attempted to remove non-existing token: android.os.Binder@4a3c8c7
11-09 12:07:01.936 32654 32654 D AndroidRuntime: Shutting down VM
11-09 12:07:02.162 32674 32674 D AndroidRuntime: >>>>>> START com.android.internal.os.RuntimeInit uid 2000 <<<<<<
11-09 12:07:02.199 32674 32674 W app_process: Unexpected CPU variant for X86 using defaults: x86
11-09 12:07:02.203 32674 32674 I app_process: The ClassLoaderContext is a special shared library.
11-09 12:07:02.204 32674 32674 I app_process: The ClassLoaderContext is a special shared library.
11-09 12:07:02.215 32674 32674 D AndroidRuntime: Calling main entry com.android.commands.uiautomator.Launcher
11-09 12:07:02.486  1649  1663 E memtrack: Couldn't load memtrack module
11-09 12:07:02.486  1649  1663 W android.os.Debug: failed to get memory consumption info: -1
11-09 12:07:03.236 32674 32674 I AccessibilityNodeInfoDumper: Skipping invisible child: android.view.accessibility.AccessibilityNodeInfo@13e82; boundsInParent: Rect(0, 0 - 1080, 1584); boundsInScreen: Rect(1080, 126 - 1080, 1710); packageName: org.mozilla.focus; className: android.widget.FrameLayout; text: null; error: null; maxTextLength: -1; contentDescription: null; viewIdResName: null; checkable: false; checked: false; focusable: false; focused: false; selected: false; clickable: false; longClickable: false; contextClickable: false; enabled: true; password: false; scrollable: false; importantForAccessibility: false; actions: [AccessibilityAction: ACTION_SELECT - null, AccessibilityAction: ACTION_CLEAR_SELECTION - null, AccessibilityAction: ACTION_ACCESSIBILITY_FOCUS - null, AccessibilityAction: ACTION_SHOW_ON_SCREEN - null]
11-09 12:07:03.238 32674 32674 W AccessibilityNodeInfoDumper: Fetch time: 4ms
11-09 12:07:03.238  1649  3617 W WindowManager: removeWindowToken: Attempted to remove non-existing token: android.os.Binder@dbf261d
11-09 12:07:03.243 32674 32674 D AndroidRuntime: Shutting down VM
11-09 12:07:04.085 32703 32703 D AndroidRuntime: >>>>>> START com.android.internal.os.RuntimeInit uid 2000 <<<<<<
11-09 12:07:04.116 32703 32703 W app_process: Unexpected CPU variant for X86 using defaults: x86
11-09 12:07:04.118 32703 32703 I app_process: The ClassLoaderContext is a special shared library.
11-09 12:07:04.118 32703 32703 I app_process: The ClassLoaderContext is a special shared library.
11-09 12:07:04.132 32703 32703 D AndroidRuntime: Calling main entry com.android.commands.uiautomator.Launcher
11-09 12:07:05.156 32703 32703 I AccessibilityNodeInfoDumper: Skipping invisible child: android.view.accessibility.AccessibilityNodeInfo@13e93; boundsInParent: Rect(0, 0 - 1080, 1584); boundsInScreen: Rect(1080, 126 - 1080, 1710); packageName: org.mozilla.focus; className: android.widget.FrameLayout; text: null; error: null; maxTextLength: -1; contentDescription: null; viewIdResName: null; checkable: false; checked: false; focusable: false; focused: false; selected: false; clickable: false; longClickable: false; contextClickable: false; enabled: true; password: false; scrollable: false; importantForAccessibility: false; actions: [AccessibilityAction: ACTION_SELECT - null, AccessibilityAction: ACTION_CLEAR_SELECTION - null, AccessibilityAction: ACTION_ACCESSIBILITY_FOCUS - null, AccessibilityAction: ACTION_SHOW_ON_SCREEN - null]
11-09 12:07:05.159 32703 32703 W AccessibilityNodeInfoDumper: Fetch time: 6ms
11-09 12:07:05.160  1649  3617 W WindowManager: removeWindowToken: Attempted to remove non-existing token: android.os.Binder@c8a2a63
11-09 12:07:05.166 32703 32703 D AndroidRuntime: Shutting down VM
11-09 12:07:05.496  1649  1663 E memtrack: Couldn't load memtrack module
11-09 12:07:05.496  1649  1663 W android.os.Debug: failed to get memory consumption info: -1
11-09 12:07:06.081 32739 32739 D AndroidRuntime: >>>>>> START com.android.internal.os.RuntimeInit uid 2000 <<<<<<
11-09 12:07:06.117 32739 32739 W app_process: Unexpected CPU variant for X86 using defaults: x86
11-09 12:07:06.118 32739 32739 I app_process: The ClassLoaderContext is a special shared library.
11-09 12:07:06.118 32739 32739 I app_process: The ClassLoaderContext is a special shared library.
11-09 12:07:06.134 32739 32739 D AndroidRuntime: Calling main entry com.android.commands.uiautomator.Launcher
11-09 12:07:07.158 32739 32739 I AccessibilityNodeInfoDumper: Skipping invisible child: android.view.accessibility.AccessibilityNodeInfo@13e9d; boundsInParent: Rect(0, 0 - 1080, 1584); boundsInScreen: Rect(1080, 126 - 1080, 1710); packageName: org.mozilla.focus; className: android.widget.FrameLayout; text: null; error: null; maxTextLength: -1; contentDescription: null; viewIdResName: null; checkable: false; checked: false; focusable: false; focused: false; selected: false; clickable: false; longClickable: false; contextClickable: false; enabled: true; password: false; scrollable: false; importantForAccessibility: false; actions: [AccessibilityAction: ACTION_SELECT - null, AccessibilityAction: ACTION_CLEAR_SELECTION - null, AccessibilityAction: ACTION_ACCESSIBILITY_FOCUS - null, AccessibilityAction: ACTION_SHOW_ON_SCREEN - null]
11-09 12:07:07.160 32739 32739 W AccessibilityNodeInfoDumper: Fetch time: 5ms
11-09 12:07:07.163  1649  4108 W WindowManager: removeWindowToken: Attempted to remove non-existing token: android.os.Binder@ead0719
11-09 12:07:07.169 32739 32739 D AndroidRuntime: Shutting down VM
11-09 12:07:07.414 32760 32760 D AndroidRuntime: >>>>>> START com.android.internal.os.RuntimeInit uid 2000 <<<<<<
11-09 12:07:07.417 32760 32760 W app_process: Could not reserve sentinel fault page
11-09 12:07:07.446 32760 32760 W app_process: Unexpected CPU variant for X86 using defaults: x86
11-09 12:07:07.447 32760 32760 I app_process: The ClassLoaderContext is a special shared library.
11-09 12:07:07.447 32760 32760 I app_process: The ClassLoaderContext is a special shared library.
11-09 12:07:07.459 32760 32760 D AndroidRuntime: Calling main entry com.android.commands.uiautomator.Launcher
11-09 12:07:08.484 32760 32760 I AccessibilityNodeInfoDumper: Skipping invisible child: android.view.accessibility.AccessibilityNodeInfo@13ea9; boundsInParent: Rect(0, 0 - 1080, 1584); boundsInScreen: Rect(1080, 126 - 1080, 1710); packageName: org.mozilla.focus; className: android.widget.FrameLayout; text: null; error: null; maxTextLength: -1; contentDescription: null; viewIdResName: null; checkable: false; checked: false; focusable: false; focused: false; selected: false; clickable: false; longClickable: false; contextClickable: false; enabled: true; password: false; scrollable: false; importantForAccessibility: false; actions: [AccessibilityAction: ACTION_SELECT - null, AccessibilityAction: ACTION_CLEAR_SELECTION - null, AccessibilityAction: ACTION_ACCESSIBILITY_FOCUS - null, AccessibilityAction: ACTION_SHOW_ON_SCREEN - null]
11-09 12:07:08.485 32760 32760 W AccessibilityNodeInfoDumper: Fetch time: 5ms
11-09 12:07:08.486  1649  5217 W WindowManager: removeWindowToken: Attempted to remove non-existing token: android.os.Binder@eeb09bf
11-09 12:07:08.493 32760 32760 D AndroidRuntime: Shutting down VM
11-09 12:07:08.617  1450  1726 E SurfaceFlinger: ro.sf.lcd_density must be defined as a build property
11-09 12:07:08.626  1439  5111 D gralloc_ranchu: gralloc_alloc: Creating ashmem region of size 8298496
11-09 12:07:08.630   305   305 D         : HostConnection::get() New Host Connection established 0xf3ac8240, tid 305
11-09 12:07:08.645  1450  1726 D gralloc_ranchu: gralloc_unregister_buffer: exiting HostConnection (is buffer-handling thread)
11-09 12:07:08.645  1450  1726 D         : HostConnection::get() New Host Connection established 0xe7167540, tid 1726
11-09 12:07:08.646  1450  1726 D gralloc_ranchu: gralloc_unregister_buffer: exiting HostConnection (is buffer-handling thread)
11-09 12:07:09.187  4290  4290 D MediaScannerReceiver: action: android.intent.action.MEDIA_SCANNER_SCAN_FILE path: /storage/emulated/0/screen.png
11-09 12:07:11.317  1649  1667 I WifiService: requestActivityInfo uid=1000
11-09 12:07:11.317  1649  1667 I WifiService: reportActivityInfo uid=1000
11-09 12:07:11.317  1649  1667 I WifiService: getSupportedFeatures uid=1000
11-09 12:07:11.379   317   317 D AndroidRuntime: >>>>>> START com.android.internal.os.RuntimeInit uid 2000 <<<<<<
11-09 12:07:11.411   317   317 W app_process: Unexpected CPU variant for X86 using defaults: x86
11-09 12:07:11.414   317   317 I app_process: The ClassLoaderContext is a special shared library.
11-09 12:07:11.414   317   317 I app_process: The ClassLoaderContext is a special shared library.
11-09 12:07:11.426   317   317 D AndroidRuntime: Calling main entry com.android.commands.uiautomator.Launcher
11-09 12:07:11.907  1649  1663 E memtrack: Couldn't load memtrack module
11-09 12:07:11.907  1649  1663 W android.os.Debug: failed to get memory consumption info: -1
11-09 12:07:12.453   317   317 I AccessibilityNodeInfoDumper: Skipping invisible child: android.view.accessibility.AccessibilityNodeInfo@13eb4; boundsInParent: Rect(0, 0 - 1080, 1584); boundsInScreen: Rect(1080, 126 - 1080, 1710); packageName: org.mozilla.focus; className: android.widget.FrameLayout; text: null; error: null; maxTextLength: -1; contentDescription: null; viewIdResName: null; checkable: false; checked: false; focusable: false; focused: false; selected: false; clickable: false; longClickable: false; contextClickable: false; enabled: true; password: false; scrollable: false; importantForAccessibility: false; actions: [AccessibilityAction: ACTION_SELECT - null, AccessibilityAction: ACTION_CLEAR_SELECTION - null, AccessibilityAction: ACTION_ACCESSIBILITY_FOCUS - null, AccessibilityAction: ACTION_SHOW_ON_SCREEN - null]
11-09 12:07:12.455   317   317 W AccessibilityNodeInfoDumper: Fetch time: 5ms
11-09 12:07:12.455  1649  3617 W WindowManager: removeWindowToken: Attempted to remove non-existing token: android.os.Binder@a5082db
11-09 12:07:12.463   317   317 D AndroidRuntime: Shutting down VM
11-09 12:07:13.520  1649  1663 E memtrack: Couldn't load memtrack module
11-09 12:07:13.520  1649  1663 W android.os.Debug: failed to get memory consumption info: -1
11-09 12:07:14.521  1649  1663 E memtrack: Couldn't load memtrack module
11-09 12:07:14.521  1649  1663 W android.os.Debug: failed to get memory consumption info: -1
11-09 12:07:14.682   335   335 D AndroidRuntime: >>>>>> START com.android.internal.os.RuntimeInit uid 2000 <<<<<<
11-09 12:07:14.713   335   335 W app_process: Unexpected CPU variant for X86 using defaults: x86
11-09 12:07:14.715   335   335 I app_process: The ClassLoaderContext is a special shared library.
11-09 12:07:14.715   335   335 I app_process: The ClassLoaderContext is a special shared library.
11-09 12:07:14.730   335   335 D AndroidRuntime: Calling main entry com.android.commands.uiautomator.Launcher
11-09 12:07:15.769   335   335 I AccessibilityNodeInfoDumper: Skipping invisible child: android.view.accessibility.AccessibilityNodeInfo@13ec9; boundsInParent: Rect(0, 0 - 1080, 1584); boundsInScreen: Rect(1080, 126 - 1080, 1710); packageName: org.mozilla.focus; className: android.widget.FrameLayout; text: null; error: null; maxTextLength: -1; contentDescription: null; viewIdResName: null; checkable: false; checked: false; focusable: false; focused: false; selected: false; clickable: false; longClickable: false; contextClickable: false; enabled: true; password: false; scrollable: false; importantForAccessibility: false; actions: [AccessibilityAction: ACTION_SELECT - null, AccessibilityAction: ACTION_CLEAR_SELECTION - null, AccessibilityAction: ACTION_ACCESSIBILITY_FOCUS - null, AccessibilityAction: ACTION_SHOW_ON_SCREEN - null]
11-09 12:07:15.771   335   335 W AccessibilityNodeInfoDumper: Fetch time: 6ms
11-09 12:07:15.772  1649  1661 W WindowManager: removeWindowToken: Attempted to remove non-existing token: android.os.Binder@22f8051
11-09 12:07:15.778   335   335 D AndroidRuntime: Shutting down VM
11-09 12:07:16.013   353   353 D AndroidRuntime: >>>>>> START com.android.internal.os.RuntimeInit uid 2000 <<<<<<
11-09 12:07:16.015   353   353 W app_process: Could not reserve sentinel fault page
11-09 12:07:16.051   353   353 W app_process: Unexpected CPU variant for X86 using defaults: x86
11-09 12:07:16.053   353   353 I app_process: The ClassLoaderContext is a special shared library.
11-09 12:07:16.053   353   353 I app_process: The ClassLoaderContext is a special shared library.
11-09 12:07:16.066   353   353 D AndroidRuntime: Calling main entry com.android.commands.uiautomator.Launcher
11-09 12:07:17.093   353   353 I AccessibilityNodeInfoDumper: Skipping invisible child: android.view.accessibility.AccessibilityNodeInfo@13ecd; boundsInParent: Rect(0, 0 - 1080, 1584); boundsInScreen: Rect(1080, 126 - 1080, 1710); packageName: org.mozilla.focus; className: android.widget.FrameLayout; text: null; error: null; maxTextLength: -1; contentDescription: null; viewIdResName: null; checkable: false; checked: false; focusable: false; focused: false; selected: false; clickable: false; longClickable: false; contextClickable: false; enabled: true; password: false; scrollable: false; importantForAccessibility: false; actions: [AccessibilityAction: ACTION_SELECT - null, AccessibilityAction: ACTION_CLEAR_SELECTION - null, AccessibilityAction: ACTION_ACCESSIBILITY_FOCUS - null, AccessibilityAction: ACTION_SHOW_ON_SCREEN - null]
11-09 12:07:17.095   353   353 W AccessibilityNodeInfoDumper: Fetch time: 5ms
11-09 12:07:17.095  1649  3617 W WindowManager: removeWindowToken: Attempted to remove non-existing token: android.os.Binder@1ca71b7
11-09 12:07:17.101   353   353 D AndroidRuntime: Shutting down VM
11-09 12:07:17.329   370   370 D AndroidRuntime: >>>>>> START com.android.internal.os.RuntimeInit uid 2000 <<<<<<
11-09 12:07:17.361   370   370 W app_process: Unexpected CPU variant for X86 using defaults: x86
11-09 12:07:17.363   370   370 I app_process: The ClassLoaderContext is a special shared library.
11-09 12:07:17.363   370   370 I app_process: The ClassLoaderContext is a special shared library.
11-09 12:07:17.373   370   370 D AndroidRuntime: Calling main entry com.android.commands.uiautomator.Launcher
11-09 12:07:18.397   370   370 I AccessibilityNodeInfoDumper: Skipping invisible child: android.view.accessibility.AccessibilityNodeInfo@13eda; boundsInParent: Rect(0, 0 - 1080, 1584); boundsInScreen: Rect(1080, 126 - 1080, 1710); packageName: org.mozilla.focus; className: android.widget.FrameLayout; text: null; error: null; maxTextLength: -1; contentDescription: null; viewIdResName: null; checkable: false; checked: false; focusable: false; focused: false; selected: false; clickable: false; longClickable: false; contextClickable: false; enabled: true; password: false; scrollable: false; importantForAccessibility: false; actions: [AccessibilityAction: ACTION_SELECT - null, AccessibilityAction: ACTION_CLEAR_SELECTION - null, AccessibilityAction: ACTION_ACCESSIBILITY_FOCUS - null, AccessibilityAction: ACTION_SHOW_ON_SCREEN - null]
11-09 12:07:18.400   370   370 W AccessibilityNodeInfoDumper: Fetch time: 6ms
11-09 12:07:18.401  1649  1661 W WindowManager: removeWindowToken: Attempted to remove non-existing token: android.os.Binder@c1ad08d
11-09 12:07:18.406   370   370 D AndroidRuntime: Shutting down VM
11-09 12:07:18.571   382   382 D AndroidRuntime: >>>>>> START com.android.internal.os.RuntimeInit uid 2000 <<<<<<
11-09 12:07:18.573   382   382 W app_process: Could not reserve sentinel fault page
11-09 12:07:18.602   382   382 W app_process: Unexpected CPU variant for X86 using defaults: x86
11-09 12:07:18.604   382   382 I app_process: The ClassLoaderContext is a special shared library.
11-09 12:07:18.617   382   382 D AndroidRuntime: Calling main entry com.android.commands.input.Input
11-09 12:07:18.621   382   382 I Input   : injectMotionEvent: MotionEvent { action=ACTION_DOWN, actionButton=0, id[0]=0, x[0]=487.0, y[0]=138.0, toolType[0]=TOOL_TYPE_UNKNOWN, buttonState=0, metaState=0, flags=0x0, edgeFlags=0x0, pointerCount=1, historySize=0, eventTime=27863295, downTime=27863295, deviceId=0, source=0x1002 }
11-09 12:07:18.623   382   382 I Input   : injectMotionEvent: MotionEvent { action=ACTION_UP, actionButton=0, id[0]=0, x[0]=487.0, y[0]=138.0, toolType[0]=TOOL_TYPE_UNKNOWN, buttonState=0, metaState=0, flags=0x0, edgeFlags=0x0, pointerCount=1, historySize=0, eventTime=27863295, downTime=27863295, deviceId=0, source=0x1002 }
11-09 12:07:18.624   382   382 D AndroidRuntime: Shutting down VM
11-09 12:07:18.668  1751  1751 W LstmExtension: no lmDescriptor could be found for en_US/20170411
11-09 12:07:18.704  1751  1751 I chatty  : uid=10060(com.google.android.inputmethod.latin) identical 2 lines
11-09 12:07:18.704  1751  1751 W LstmExtension: no lmDescriptor could be found for en_US/20170411
11-09 12:07:18.830   402   402 D AndroidRuntime: >>>>>> START com.android.internal.os.RuntimeInit uid 2000 <<<<<<
11-09 12:07:18.862   402   402 W app_process: Unexpected CPU variant for X86 using defaults: x86
11-09 12:07:18.863   402   402 I app_process: The ClassLoaderContext is a special shared library.
11-09 12:07:18.876   402   402 D AndroidRuntime: Calling main entry com.android.commands.input.Input
11-09 12:07:18.878   402   402 I Input   : injectKeyEvent: KeyEvent { action=ACTION_DOWN, keyCode=KEYCODE_MOVE_END, scanCode=0, metaState=0, flags=0x0, repeatCount=0, eventTime=27863554, downTime=27863554, deviceId=-1, source=0x101 }
11-09 12:07:18.886   402   402 I Input   : injectKeyEvent: KeyEvent { action=ACTION_UP, keyCode=KEYCODE_MOVE_END, scanCode=0, metaState=0, flags=0x0, repeatCount=0, eventTime=27863554, downTime=27863554, deviceId=-1, source=0x101 }
11-09 12:07:18.887   402   402 D AndroidRuntime: Shutting down VM
11-09 12:07:19.010   412   412 D AndroidRuntime: >>>>>> START com.android.internal.os.RuntimeInit uid 2000 <<<<<<
11-09 12:07:19.040   412   412 W app_process: Unexpected CPU variant for X86 using defaults: x86
11-09 12:07:19.041   412   412 I app_process: The ClassLoaderContext is a special shared library.
11-09 12:07:19.054   412   412 D AndroidRuntime: Calling main entry com.android.commands.input.Input
11-09 12:07:19.056   412   412 I Input   : injectKeyEvent: KeyEvent { action=ACTION_DOWN, keyCode=KEYCODE_DEL, scanCode=0, metaState=0, flags=0x0, repeatCount=0, eventTime=27863733, downTime=27863733, deviceId=-1, source=0x101 }
11-09 12:07:19.059   412   412 I Input   : injectKeyEvent: KeyEvent { action=ACTION_UP, keyCode=KEYCODE_DEL, scanCode=0, metaState=0, flags=0x0, repeatCount=0, eventTime=27863733, downTime=27863733, deviceId=-1, source=0x101 }
11-09 12:07:19.060   412   412 I Input   : injectKeyEvent: KeyEvent { action=ACTION_DOWN, keyCode=KEYCODE_DEL, scanCode=0, metaState=0, flags=0x0, repeatCount=0, eventTime=27863738, downTime=27863738, deviceId=-1, source=0x101 }
11-09 12:07:19.062   412   412 I Input   : injectKeyEvent: KeyEvent { action=ACTION_UP, keyCode=KEYCODE_DEL, scanCode=0, metaState=0, flags=0x0, repeatCount=0, eventTime=27863738, downTime=27863738, deviceId=-1, source=0x101 }
11-09 12:07:19.063   412   412 I Input   : injectKeyEvent: KeyEvent { action=ACTION_DOWN, keyCode=KEYCODE_DEL, scanCode=0, metaState=0, flags=0x0, repeatCount=0, eventTime=27863741, downTime=27863741, deviceId=-1, source=0x101 }
11-09 12:07:19.065   412   412 I Input   : injectKeyEvent: KeyEvent { action=ACTION_UP, keyCode=KEYCODE_DEL, scanCode=0, metaState=0, flags=0x0, repeatCount=0, eventTime=27863741, downTime=27863741, deviceId=-1, source=0x101 }
11-09 12:07:19.066   412   412 I Input   : injectKeyEvent: KeyEvent { action=ACTION_DOWN, keyCode=KEYCODE_DEL, scanCode=0, metaState=0, flags=0x0, repeatCount=0, eventTime=27863744, downTime=27863744, deviceId=-1, source=0x101 }
11-09 12:07:19.068   412   412 I Input   : injectKeyEvent: KeyEvent { action=ACTION_UP, keyCode=KEYCODE_DEL, scanCode=0, metaState=0, flags=0x0, repeatCount=0, eventTime=27863744, downTime=27863744, deviceId=-1, source=0x101 }
11-09 12:07:19.069   412   412 I Input   : injectKeyEvent: KeyEvent { action=ACTION_DOWN, keyCode=KEYCODE_DEL, scanCode=0, metaState=0, flags=0x0, repeatCount=0, eventTime=27863747, downTime=27863747, deviceId=-1, source=0x101 }
11-09 12:07:19.071   412   412 I Input   : injectKeyEvent: KeyEvent { action=ACTION_UP, keyCode=KEYCODE_DEL, scanCode=0, metaState=0, flags=0x0, repeatCount=0, eventTime=27863747, downTime=27863747, deviceId=-1, source=0x101 }
11-09 12:07:19.072   412   412 I Input   : injectKeyEvent: KeyEvent { action=ACTION_DOWN, keyCode=KEYCODE_DEL, scanCode=0, metaState=0, flags=0x0, repeatCount=0, eventTime=27863750, downTime=27863750, deviceId=-1, source=0x101 }
11-09 12:07:19.074   412   412 I Input   : injectKeyEvent: KeyEvent { action=ACTION_UP, keyCode=KEYCODE_DEL, scanCode=0, metaState=0, flags=0x0, repeatCount=0, eventTime=27863750, downTime=27863750, deviceId=-1, source=0x101 }
11-09 12:07:19.076   412   412 I Input   : injectKeyEvent: KeyEvent { action=ACTION_DOWN, keyCode=KEYCODE_DEL, scanCode=0, metaState=0, flags=0x0, repeatCount=0, eventTime=27863753, downTime=27863753, deviceId=-1, source=0x101 }
11-09 12:07:19.077   412   412 I Input   : injectKeyEvent: KeyEvent { action=ACTION_UP, keyCode=KEYCODE_DEL, scanCode=0, metaState=0, flags=0x0, repeatCount=0, eventTime=27863753, downTime=27863753, deviceId=-1, source=0x101 }
11-09 12:07:19.079   412   412 I Input   : injectKeyEvent: KeyEvent { action=ACTION_DOWN, keyCode=KEYCODE_DEL, scanCode=0, metaState=0, flags=0x0, repeatCount=0, eventTime=27863757, downTime=27863757, deviceId=-1, source=0x101 }
11-09 12:07:19.080   412   412 I Input   : injectKeyEvent: KeyEvent { action=ACTION_UP, keyCode=KEYCODE_DEL, scanCode=0, metaState=0, flags=0x0, repeatCount=0, eventTime=27863757, downTime=27863757, deviceId=-1, source=0x101 }
11-09 12:07:19.082   412   412 I Input   : injectKeyEvent: KeyEvent { action=ACTION_DOWN, keyCode=KEYCODE_DEL, scanCode=0, metaState=0, flags=0x0, repeatCount=0, eventTime=27863760, downTime=27863760, deviceId=-1, source=0x101 }
11-09 12:07:19.084   412   412 I Input   : injectKeyEvent: KeyEvent { action=ACTION_UP, keyCode=KEYCODE_DEL, scanCode=0, metaState=0, flags=0x0, repeatCount=0, eventTime=27863760, downTime=27863760, deviceId=-1, source=0x101 }
11-09 12:07:19.086   412   412 I Input   : injectKeyEvent: KeyEvent { action=ACTION_DOWN, keyCode=KEYCODE_DEL, scanCode=0, metaState=0, flags=0x0, repeatCount=0, eventTime=27863763, downTime=27863763, deviceId=-1, source=0x101 }
11-09 12:07:19.087   412   412 I Input   : injectKeyEvent: KeyEvent { action=ACTION_UP, keyCode=KEYCODE_DEL, scanCode=0, metaState=0, flags=0x0, repeatCount=0, eventTime=27863763, downTime=27863763, deviceId=-1, source=0x101 }
11-09 12:07:19.088   412   412 I Input   : injectKeyEvent: KeyEvent { action=ACTION_DOWN, keyCode=KEYCODE_DEL, scanCode=0, metaState=0, flags=0x0, repeatCount=0, eventTime=27863766, downTime=27863766, deviceId=-1, source=0x101 }
11-09 12:07:19.089   412   412 I Input   : injectKeyEvent: KeyEvent { action=ACTION_UP, keyCode=KEYCODE_DEL, scanCode=0, metaState=0, flags=0x0, repeatCount=0, eventTime=27863766, downTime=27863766, deviceId=-1, source=0x101 }
11-09 12:07:19.091   412   412 I Input   : injectKeyEvent: KeyEvent { action=ACTION_DOWN, keyCode=KEYCODE_DEL, scanCode=0, metaState=0, flags=0x0, repeatCount=0, eventTime=27863768, downTime=27863768, deviceId=-1, source=0x101 }
11-09 12:07:19.092   412   412 I Input   : injectKeyEvent: KeyEvent { action=ACTION_UP, keyCode=KEYCODE_DEL, scanCode=0, metaState=0, flags=0x0, repeatCount=0, eventTime=27863768, downTime=27863768, deviceId=-1, source=0x101 }
11-09 12:07:19.094   412   412 I Input   : injectKeyEvent: KeyEvent { action=ACTION_DOWN, keyCode=KEYCODE_DEL, scanCode=0, metaState=0, flags=0x0, repeatCount=0, eventTime=27863772, downTime=27863772, deviceId=-1, source=0x101 }
11-09 12:07:19.096   412   412 I Input   : injectKeyEvent: KeyEvent { action=ACTION_UP, keyCode=KEYCODE_DEL, scanCode=0, metaState=0, flags=0x0, repeatCount=0, eventTime=27863772, downTime=27863772, deviceId=-1, source=0x101 }
11-09 12:07:19.097   412   412 I Input   : injectKeyEvent: KeyEvent { action=ACTION_DOWN, keyCode=KEYCODE_DEL, scanCode=0, metaState=0, flags=0x0, repeatCount=0, eventTime=27863774, downTime=27863774, deviceId=-1, source=0x101 }
11-09 12:07:19.098   412   412 I Input   : injectKeyEvent: KeyEvent { action=ACTION_UP, keyCode=KEYCODE_DEL, scanCode=0, metaState=0, flags=0x0, repeatCount=0, eventTime=27863774, downTime=27863774, deviceId=-1, source=0x101 }
11-09 12:07:19.100   412   412 I Input   : injectKeyEvent: KeyEvent { action=ACTION_DOWN, keyCode=KEYCODE_DEL, scanCode=0, metaState=0, flags=0x0, repeatCount=0, eventTime=27863778, downTime=27863778, deviceId=-1, source=0x101 }
11-09 12:07:19.102   412   412 I Input   : injectKeyEvent: KeyEvent { action=ACTION_UP, keyCode=KEYCODE_DEL, scanCode=0, metaState=0, flags=0x0, repeatCount=0, eventTime=27863778, downTime=27863778, deviceId=-1, source=0x101 }
11-09 12:07:19.103   412   412 I Input   : injectKeyEvent: KeyEvent { action=ACTION_DOWN, keyCode=KEYCODE_DEL, scanCode=0, metaState=0, flags=0x0, repeatCount=0, eventTime=27863781, downTime=27863781, deviceId=-1, source=0x101 }
11-09 12:07:19.105   412   412 I Input   : injectKeyEvent: KeyEvent { action=ACTION_UP, keyCode=KEYCODE_DEL, scanCode=0, metaState=0, flags=0x0, repeatCount=0, eventTime=27863781, downTime=27863781, deviceId=-1, source=0x101 }
11-09 12:07:19.106   412   412 I Input   : injectKeyEvent: KeyEvent { action=ACTION_DOWN, keyCode=KEYCODE_DEL, scanCode=0, metaState=0, flags=0x0, repeatCount=0, eventTime=27863783, downTime=27863783, deviceId=-1, source=0x101 }
11-09 12:07:19.107   412   412 I Input   : injectKeyEvent: KeyEvent { action=ACTION_UP, keyCode=KEYCODE_DEL, scanCode=0, metaState=0, flags=0x0, repeatCount=0, eventTime=27863783, downTime=27863783, deviceId=-1, source=0x101 }
11-09 12:07:19.108   412   412 I Input   : injectKeyEvent: KeyEvent { action=ACTION_DOWN, keyCode=KEYCODE_DEL, scanCode=0, metaState=0, flags=0x0, repeatCount=0, eventTime=27863786, downTime=27863786, deviceId=-1, source=0x101 }
11-09 12:07:19.110   412   412 I Input   : injectKeyEvent: KeyEvent { action=ACTION_UP, keyCode=KEYCODE_DEL, scanCode=0, metaState=0, flags=0x0, repeatCount=0, eventTime=27863786, downTime=27863786, deviceId=-1, source=0x101 }
11-09 12:07:19.111   412   412 I Input   : injectKeyEvent: KeyEvent { action=ACTION_DOWN, keyCode=KEYCODE_DEL, scanCode=0, metaState=0, flags=0x0, repeatCount=0, eventTime=27863789, downTime=27863789, deviceId=-1, source=0x101 }
11-09 12:07:19.112   412   412 I Input   : injectKeyEvent: KeyEvent { action=ACTION_UP, keyCode=KEYCODE_DEL, scanCode=0, metaState=0, flags=0x0, repeatCount=0, eventTime=27863789, downTime=27863789, deviceId=-1, source=0x101 }
11-09 12:07:19.114   412   412 I Input   : injectKeyEvent: KeyEvent { action=ACTION_DOWN, keyCode=KEYCODE_DEL, scanCode=0, metaState=0, flags=0x0, repeatCount=0, eventTime=27863792, downTime=27863792, deviceId=-1, source=0x101 }
11-09 12:07:19.116   412   412 I Input   : injectKeyEvent: KeyEvent { action=ACTION_UP, keyCode=KEYCODE_DEL, scanCode=0, metaState=0, flags=0x0, repeatCount=0, eventTime=27863792, downTime=27863792, deviceId=-1, source=0x101 }
11-09 12:07:19.118   412   412 I Input   : injectKeyEvent: KeyEvent { action=ACTION_DOWN, keyCode=KEYCODE_DEL, scanCode=0, metaState=0, flags=0x0, repeatCount=0, eventTime=27863796, downTime=27863796, deviceId=-1, source=0x101 }
11-09 12:07:19.120   412   412 I Input   : injectKeyEvent: KeyEvent { action=ACTION_UP, keyCode=KEYCODE_DEL, scanCode=0, metaState=0, flags=0x0, repeatCount=0, eventTime=27863796, downTime=27863796, deviceId=-1, source=0x101 }
11-09 12:07:19.123   412   412 I Input   : injectKeyEvent: KeyEvent { action=ACTION_DOWN, keyCode=KEYCODE_DEL, scanCode=0, metaState=0, flags=0x0, repeatCount=0, eventTime=27863800, downTime=27863800, deviceId=-1, source=0x101 }
11-09 12:07:19.124   412   412 I Input   : injectKeyEvent: KeyEvent { action=ACTION_UP, keyCode=KEYCODE_DEL, scanCode=0, metaState=0, flags=0x0, repeatCount=0, eventTime=27863800, downTime=27863800, deviceId=-1, source=0x101 }
11-09 12:07:19.125   412   412 I Input   : injectKeyEvent: KeyEvent { action=ACTION_DOWN, keyCode=KEYCODE_DEL, scanCode=0, metaState=0, flags=0x0, repeatCount=0, eventTime=27863803, downTime=27863803, deviceId=-1, source=0x101 }
11-09 12:07:19.127   412   412 I Input   : injectKeyEvent: KeyEvent { action=ACTION_UP, keyCode=KEYCODE_DEL, scanCode=0, metaState=0, flags=0x0, repeatCount=0, eventTime=27863803, downTime=27863803, deviceId=-1, source=0x101 }
11-09 12:07:19.128   412   412 I Input   : injectKeyEvent: KeyEvent { action=ACTION_DOWN, keyCode=KEYCODE_DEL, scanCode=0, metaState=0, flags=0x0, repeatCount=0, eventTime=27863806, downTime=27863806, deviceId=-1, source=0x101 }
11-09 12:07:19.130   412   412 I Input   : injectKeyEvent: KeyEvent { action=ACTION_UP, keyCode=KEYCODE_DEL, scanCode=0, metaState=0, flags=0x0, repeatCount=0, eventTime=27863806, downTime=27863806, deviceId=-1, source=0x101 }
11-09 12:07:19.132   412   412 I Input   : injectKeyEvent: KeyEvent { action=ACTION_DOWN, keyCode=KEYCODE_DEL, scanCode=0, metaState=0, flags=0x0, repeatCount=0, eventTime=27863809, downTime=27863809, deviceId=-1, source=0x101 }
11-09 12:07:19.133   412   412 I Input   : injectKeyEvent: KeyEvent { action=ACTION_UP, keyCode=KEYCODE_DEL, scanCode=0, metaState=0, flags=0x0, repeatCount=0, eventTime=27863809, downTime=27863809, deviceId=-1, source=0x101 }
11-09 12:07:19.135   412   412 I Input   : injectKeyEvent: KeyEvent { action=ACTION_DOWN, keyCode=KEYCODE_DEL, scanCode=0, metaState=0, flags=0x0, repeatCount=0, eventTime=27863813, downTime=27863813, deviceId=-1, source=0x101 }
11-09 12:07:19.137   412   412 I Input   : injectKeyEvent: KeyEvent { action=ACTION_UP, keyCode=KEYCODE_DEL, scanCode=0, metaState=0, flags=0x0, repeatCount=0, eventTime=27863813, downTime=27863813, deviceId=-1, source=0x101 }
11-09 12:07:19.139   412   412 I Input   : injectKeyEvent: KeyEvent { action=ACTION_DOWN, keyCode=KEYCODE_DEL, scanCode=0, metaState=0, flags=0x0, repeatCount=0, eventTime=27863816, downTime=27863816, deviceId=-1, source=0x101 }
11-09 12:07:19.140   412   412 I Input   : injectKeyEvent: KeyEvent { action=ACTION_UP, keyCode=KEYCODE_DEL, scanCode=0, metaState=0, flags=0x0, repeatCount=0, eventTime=27863816, downTime=27863816, deviceId=-1, source=0x101 }
11-09 12:07:19.142   412   412 I Input   : injectKeyEvent: KeyEvent { action=ACTION_DOWN, keyCode=KEYCODE_DEL, scanCode=0, metaState=0, flags=0x0, repeatCount=0, eventTime=27863819, downTime=27863819, deviceId=-1, source=0x101 }
11-09 12:07:19.142 32556 32561 I zygote  : Do partial code cache collection, code=61KB, data=53KB
11-09 12:07:19.143   412   412 I Input   : injectKeyEvent: KeyEvent { action=ACTION_UP, keyCode=KEYCODE_DEL, scanCode=0, metaState=0, flags=0x0, repeatCount=0, eventTime=27863819, downTime=27863819, deviceId=-1, source=0x101 }
11-09 12:07:19.143 32556 32561 I zygote  : After code cache collection, code=61KB, data=53KB
11-09 12:07:19.143 32556 32561 I zygote  : Increasing code cache capacity to 256KB
11-09 12:07:19.145   412   412 I Input   : injectKeyEvent: KeyEvent { action=ACTION_DOWN, keyCode=KEYCODE_DEL, scanCode=0, metaState=0, flags=0x0, repeatCount=0, eventTime=27863822, downTime=27863822, deviceId=-1, source=0x101 }
11-09 12:07:19.146   412   412 I Input   : injectKeyEvent: KeyEvent { action=ACTION_UP, keyCode=KEYCODE_DEL, scanCode=0, metaState=0, flags=0x0, repeatCount=0, eventTime=27863822, downTime=27863822, deviceId=-1, source=0x101 }
11-09 12:07:19.147   412   412 I Input   : injectKeyEvent: KeyEvent { action=ACTION_DOWN, keyCode=KEYCODE_DEL, scanCode=0, metaState=0, flags=0x0, repeatCount=0, eventTime=27863825, downTime=27863825, deviceId=-1, source=0x101 }
11-09 12:07:19.149   412   412 I Input   : injectKeyEvent: KeyEvent { action=ACTION_UP, keyCode=KEYCODE_DEL, scanCode=0, metaState=0, flags=0x0, repeatCount=0, eventTime=27863825, downTime=27863825, deviceId=-1, source=0x101 }
11-09 12:07:19.150   412   412 I Input   : injectKeyEvent: KeyEvent { action=ACTION_DOWN, keyCode=KEYCODE_DEL, scanCode=0, metaState=0, flags=0x0, repeatCount=0, eventTime=27863828, downTime=27863828, deviceId=-1, source=0x101 }
11-09 12:07:19.151   412   412 I Input   : injectKeyEvent: KeyEvent { action=ACTION_UP, keyCode=KEYCODE_DEL, scanCode=0, metaState=0, flags=0x0, repeatCount=0, eventTime=27863828, downTime=27863828, deviceId=-1, source=0x101 }
11-09 12:07:19.153   412   412 I Input   : injectKeyEvent: KeyEvent { action=ACTION_DOWN, keyCode=KEYCODE_DEL, scanCode=0, metaState=0, flags=0x0, repeatCount=0, eventTime=27863831, downTime=27863831, deviceId=-1, source=0x101 }
11-09 12:07:19.155   412   412 I Input   : injectKeyEvent: KeyEvent { action=ACTION_UP, keyCode=KEYCODE_DEL, scanCode=0, metaState=0, flags=0x0, repeatCount=0, eventTime=27863831, downTime=27863831, deviceId=-1, source=0x101 }
11-09 12:07:19.156   412   412 I Input   : injectKeyEvent: KeyEvent { action=ACTION_DOWN, keyCode=KEYCODE_DEL, scanCode=0, metaState=0, flags=0x0, repeatCount=0, eventTime=27863834, downTime=27863834, deviceId=-1, source=0x101 }
11-09 12:07:19.158   412   412 I Input   : injectKeyEvent: KeyEvent { action=ACTION_UP, keyCode=KEYCODE_DEL, scanCode=0, metaState=0, flags=0x0, repeatCount=0, eventTime=27863834, downTime=27863834, deviceId=-1, source=0x101 }
11-09 12:07:19.159   412   412 I Input   : injectKeyEvent: KeyEvent { action=ACTION_DOWN, keyCode=KEYCODE_DEL, scanCode=0, metaState=0, flags=0x0, repeatCount=0, eventTime=27863837, downTime=27863837, deviceId=-1, source=0x101 }
11-09 12:07:19.162   412   412 I Input   : injectKeyEvent: KeyEvent { action=ACTION_UP, keyCode=KEYCODE_DEL, scanCode=0, metaState=0, flags=0x0, repeatCount=0, eventTime=27863837, downTime=27863837, deviceId=-1, source=0x101 }
11-09 12:07:19.163   412   412 I Input   : injectKeyEvent: KeyEvent { action=ACTION_DOWN, keyCode=KEYCODE_DEL, scanCode=0, metaState=0, flags=0x0, repeatCount=0, eventTime=27863841, downTime=27863841, deviceId=-1, source=0x101 }
11-09 12:07:19.165   412   412 I Input   : injectKeyEvent: KeyEvent { action=ACTION_UP, keyCode=KEYCODE_DEL, scanCode=0, metaState=0, flags=0x0, repeatCount=0, eventTime=27863841, downTime=27863841, deviceId=-1, source=0x101 }
11-09 12:07:19.167   412   412 I Input   : injectKeyEvent: KeyEvent { action=ACTION_DOWN, keyCode=KEYCODE_DEL, scanCode=0, metaState=0, flags=0x0, repeatCount=0, eventTime=27863844, downTime=27863844, deviceId=-1, source=0x101 }
11-09 12:07:19.168   412   412 I Input   : injectKeyEvent: KeyEvent { action=ACTION_UP, keyCode=KEYCODE_DEL, scanCode=0, metaState=0, flags=0x0, repeatCount=0, eventTime=27863844, downTime=27863844, deviceId=-1, source=0x101 }
11-09 12:07:19.170   412   412 I Input   : injectKeyEvent: KeyEvent { action=ACTION_DOWN, keyCode=KEYCODE_DEL, scanCode=0, metaState=0, flags=0x0, repeatCount=0, eventTime=27863847, downTime=27863847, deviceId=-1, source=0x101 }
11-09 12:07:19.171   412   412 I Input   : injectKeyEvent: KeyEvent { action=ACTION_UP, keyCode=KEYCODE_DEL, scanCode=0, metaState=0, flags=0x0, repeatCount=0, eventTime=27863847, downTime=27863847, deviceId=-1, source=0x101 }
11-09 12:07:19.173   412   412 I Input   : injectKeyEvent: KeyEvent { action=ACTION_DOWN, keyCode=KEYCODE_DEL, scanCode=0, metaState=0, flags=0x0, repeatCount=0, eventTime=27863850, downTime=27863850, deviceId=-1, source=0x101 }
11-09 12:07:19.174   412   412 I Input   : injectKeyEvent: KeyEvent { action=ACTION_UP, keyCode=KEYCODE_DEL, scanCode=0, metaState=0, flags=0x0, repeatCount=0, eventTime=27863850, downTime=27863850, deviceId=-1, source=0x101 }
11-09 12:07:19.176   412   412 I Input   : injectKeyEvent: KeyEvent { action=ACTION_DOWN, keyCode=KEYCODE_DEL, scanCode=0, metaState=0, flags=0x0, repeatCount=0, eventTime=27863853, downTime=27863853, deviceId=-1, source=0x101 }
11-09 12:07:19.177   412   412 I Input   : injectKeyEvent: KeyEvent { action=ACTION_UP, keyCode=KEYCODE_DEL, scanCode=0, metaState=0, flags=0x0, repeatCount=0, eventTime=27863853, downTime=27863853, deviceId=-1, source=0x101 }
11-09 12:07:19.179   412   412 I Input   : injectKeyEvent: KeyEvent { action=ACTION_DOWN, keyCode=KEYCODE_DEL, scanCode=0, metaState=0, flags=0x0, repeatCount=0, eventTime=27863856, downTime=27863856, deviceId=-1, source=0x101 }
11-09 12:07:19.180   412   412 I Input   : injectKeyEvent: KeyEvent { action=ACTION_UP, keyCode=KEYCODE_DEL, scanCode=0, metaState=0, flags=0x0, repeatCount=0, eventTime=27863856, downTime=27863856, deviceId=-1, source=0x101 }
11-09 12:07:19.183   412   412 I Input   : injectKeyEvent: KeyEvent { action=ACTION_DOWN, keyCode=KEYCODE_DEL, scanCode=0, metaState=0, flags=0x0, repeatCount=0, eventTime=27863860, downTime=27863860, deviceId=-1, source=0x101 }
11-09 12:07:19.185   412   412 I Input   : injectKeyEvent: KeyEvent { action=ACTION_UP, keyCode=KEYCODE_DEL, scanCode=0, metaState=0, flags=0x0, repeatCount=0, eventTime=27863860, downTime=27863860, deviceId=-1, source=0x101 }
11-09 12:07:19.187   412   412 I Input   : injectKeyEvent: KeyEvent { action=ACTION_DOWN, keyCode=KEYCODE_DEL, scanCode=0, metaState=0, flags=0x0, repeatCount=0, eventTime=27863864, downTime=27863864, deviceId=-1, source=0x101 }
11-09 12:07:19.188   412   412 I Input   : injectKeyEvent: KeyEvent { action=ACTION_UP, keyCode=KEYCODE_DEL, scanCode=0, metaState=0, flags=0x0, repeatCount=0, eventTime=27863864, downTime=27863864, deviceId=-1, source=0x101 }
11-09 12:07:19.190   412   412 I Input   : injectKeyEvent: KeyEvent { action=ACTION_DOWN, keyCode=KEYCODE_DEL, scanCode=0, metaState=0, flags=0x0, repeatCount=0, eventTime=27863867, downTime=27863867, deviceId=-1, source=0x101 }
11-09 12:07:19.191   412   412 I Input   : injectKeyEvent: KeyEvent { action=ACTION_UP, keyCode=KEYCODE_DEL, scanCode=0, metaState=0, flags=0x0, repeatCount=0, eventTime=27863867, downTime=27863867, deviceId=-1, source=0x101 }
11-09 12:07:19.193   412   412 I Input   : injectKeyEvent: KeyEvent { action=ACTION_DOWN, keyCode=KEYCODE_DEL, scanCode=0, metaState=0, flags=0x0, repeatCount=0, eventTime=27863870, downTime=27863870, deviceId=-1, source=0x101 }
11-09 12:07:19.194   412   412 I Input   : injectKeyEvent: KeyEvent { action=ACTION_UP, keyCode=KEYCODE_DEL, scanCode=0, metaState=0, flags=0x0, repeatCount=0, eventTime=27863870, downTime=27863870, deviceId=-1, source=0x101 }
11-09 12:07:19.196   412   412 I Input   : injectKeyEvent: KeyEvent { action=ACTION_DOWN, keyCode=KEYCODE_DEL, scanCode=0, metaState=0, flags=0x0, repeatCount=0, eventTime=27863874, downTime=27863874, deviceId=-1, source=0x101 }
11-09 12:07:19.198   412   412 I Input   : injectKeyEvent: KeyEvent { action=ACTION_UP, keyCode=KEYCODE_DEL, scanCode=0, metaState=0, flags=0x0, repeatCount=0, eventTime=27863874, downTime=27863874, deviceId=-1, source=0x101 }
11-09 12:07:19.200   412   412 I Input   : injectKeyEvent: KeyEvent { action=ACTION_DOWN, keyCode=KEYCODE_DEL, scanCode=0, metaState=0, flags=0x0, repeatCount=0, eventTime=27863878, downTime=27863878, deviceId=-1, source=0x101 }
11-09 12:07:19.201   412   412 I Input   : injectKeyEvent: KeyEvent { action=ACTION_UP, keyCode=KEYCODE_DEL, scanCode=0, metaState=0, flags=0x0, repeatCount=0, eventTime=27863878, downTime=27863878, deviceId=-1, source=0x101 }
11-09 12:07:19.203   412   412 I Input   : injectKeyEvent: KeyEvent { action=ACTION_DOWN, keyCode=KEYCODE_DEL, scanCode=0, metaState=0, flags=0x0, repeatCount=0, eventTime=27863880, downTime=27863880, deviceId=-1, source=0x101 }
11-09 12:07:19.204   412   412 I Input   : injectKeyEvent: KeyEvent { action=ACTION_UP, keyCode=KEYCODE_DEL, scanCode=0, metaState=0, flags=0x0, repeatCount=0, eventTime=27863880, downTime=27863880, deviceId=-1, source=0x101 }
11-09 12:07:19.206   412   412 I Input   : injectKeyEvent: KeyEvent { action=ACTION_DOWN, keyCode=KEYCODE_DEL, scanCode=0, metaState=0, flags=0x0, repeatCount=0, eventTime=27863884, downTime=27863884, deviceId=-1, source=0x101 }
11-09 12:07:19.207   412   412 I Input   : injectKeyEvent: KeyEvent { action=ACTION_UP, keyCode=KEYCODE_DEL, scanCode=0, metaState=0, flags=0x0, repeatCount=0, eventTime=27863884, downTime=27863884, deviceId=-1, source=0x101 }
11-09 12:07:19.209   412   412 I Input   : injectKeyEvent: KeyEvent { action=ACTION_DOWN, keyCode=KEYCODE_DEL, scanCode=0, metaState=0, flags=0x0, repeatCount=0, eventTime=27863887, downTime=27863887, deviceId=-1, source=0x101 }
11-09 12:07:19.211   412   412 I Input   : injectKeyEvent: KeyEvent { action=ACTION_UP, keyCode=KEYCODE_DEL, scanCode=0, metaState=0, flags=0x0, repeatCount=0, eventTime=27863887, downTime=27863887, deviceId=-1, source=0x101 }
11-09 12:07:19.213   412   412 I Input   : injectKeyEvent: KeyEvent { action=ACTION_DOWN, keyCode=KEYCODE_DEL, scanCode=0, metaState=0, flags=0x0, repeatCount=0, eventTime=27863891, downTime=27863891, deviceId=-1, source=0x101 }
11-09 12:07:19.214   412   412 I Input   : injectKeyEvent: KeyEvent { action=ACTION_UP, keyCode=KEYCODE_DEL, scanCode=0, metaState=0, flags=0x0, repeatCount=0, eventTime=27863891, downTime=27863891, deviceId=-1, source=0x101 }
11-09 12:07:19.216   412   412 D AndroidRuntime: Shutting down VM
11-09 12:07:19.319  1649  1663 E memtrack: Couldn't load memtrack module
11-09 12:07:19.319  1649  1663 W android.os.Debug: failed to get memory consumption info: -1
11-09 12:07:19.355   422   422 D AndroidRuntime: >>>>>> START com.android.internal.os.RuntimeInit uid 2000 <<<<<<
11-09 12:07:19.392   422   422 W app_process: Unexpected CPU variant for X86 using defaults: x86
11-09 12:07:19.394   422   422 I app_process: The ClassLoaderContext is a special shared library.
11-09 12:07:19.401  4956  4991 W native  : jpeg_io.cc:108 File's first two bytes does not match the sequence 216
11-09 12:07:19.417   422   422 D AndroidRuntime: Calling main entry com.android.commands.input.Input
11-09 12:07:19.418   422   422 I Input   : injectKeyEvent: KeyEvent { action=ACTION_DOWN, keyCode=KEYCODE_N, scanCode=0, metaState=0, flags=0x0, repeatCount=0, eventTime=27864096, downTime=27864096, deviceId=-1, source=0x101 }
11-09 12:07:19.423   422   422 I Input   : injectKeyEvent: KeyEvent { action=ACTION_UP, keyCode=KEYCODE_N, scanCode=0, metaState=0, flags=0x0, repeatCount=0, eventTime=27864096, downTime=27864096, deviceId=-1, source=0x101 }
11-09 12:07:19.453  1751  1751 W GInputConnectionWrapper: Fixing selection indices to 0, 0
11-09 12:07:19.467  1751  1751 I native  : input-context-store.cc:113 Using roll back input context operation: [DecodeTouch] reason: client [2967] vs decoder [2968]
11-09 12:07:19.468  1751  9826 W native  : neural_spatial_model.cc:371 Output symbol table doesn't contain symbol: &
11-09 12:07:19.475   422   422 I Input   : injectKeyEvent: KeyEvent { action=ACTION_DOWN, keyCode=KEYCODE_U, scanCode=0, metaState=0, flags=0x0, repeatCount=0, eventTime=27864096, downTime=27864096, deviceId=-1, source=0x101 }
11-09 12:07:19.475  1765  2009 D EGL_emulation: eglMakeCurrent: 0xd729fb60: ver 3 0 (tinfo 0xd7dd29c0)
11-09 12:07:19.482  1439  5111 D gralloc_ranchu: gralloc_alloc: Creating ashmem region of size 8024064
11-09 12:07:19.488  1450  1726 D         : HostConnection::get() New Host Connection established 0xe80a1800, tid 1726
11-09 12:07:19.488  1439  5111 D gralloc_ranchu: gralloc_alloc: Creating ashmem region of size 8024064
11-09 12:07:19.493  1439  1480 D gralloc_ranchu: gralloc_alloc: Creating ashmem region of size 8024064
11-09 12:07:19.505  1751  1751 I native  : input-context-store.cc:113 Using roll back input context operation: [DecodeTouch] reason: client [2969] vs decoder [2970]
11-09 12:07:19.506   422   422 I Input   : injectKeyEvent: KeyEvent { action=ACTION_UP, keyCode=KEYCODE_U, scanCode=0, metaState=0, flags=0x0, repeatCount=0, eventTime=27864096, downTime=27864096, deviceId=-1, source=0x101 }
11-09 12:07:19.509   422   422 I Input   : injectKeyEvent: KeyEvent { action=ACTION_DOWN, keyCode=KEYCODE_L, scanCode=0, metaState=0, flags=0x0, repeatCount=0, eventTime=27864096, downTime=27864096, deviceId=-1, source=0x101 }
11-09 12:07:19.510  1751  1751 I native  : input-context-store.cc:113 Using roll back input context operation: [DecodeTouch] reason: client [2971] vs decoder [2972]
11-09 12:07:19.531  1751  9832 D EGL_emulation: eglMakeCurrent: 0xd80d37c0: ver 3 0 (tinfo 0xd6830cf0)
11-09 12:07:19.544   422   422 I Input   : injectKeyEvent: KeyEvent { action=ACTION_UP, keyCode=KEYCODE_L, scanCode=0, metaState=0, flags=0x0, repeatCount=0, eventTime=27864096, downTime=27864096, deviceId=-1, source=0x101 }
11-09 12:07:19.548   422   422 I Input   : injectKeyEvent: KeyEvent { action=ACTION_DOWN, keyCode=KEYCODE_L, scanCode=0, metaState=0, flags=0x0, repeatCount=0, eventTime=27864096, downTime=27864096, deviceId=-1, source=0x101 }
11-09 12:07:19.557   422   422 I Input   : injectKeyEvent: KeyEvent { action=ACTION_UP, keyCode=KEYCODE_L, scanCode=0, metaState=0, flags=0x0, repeatCount=0, eventTime=27864096, downTime=27864096, deviceId=-1, source=0x101 }
11-09 12:07:19.561   422   422 D AndroidRuntime: Shutting down VM
11-09 12:07:19.608  1751  1751 W LstmExtension: no lmDescriptor could be found for en_US/20170411
11-09 12:07:19.609  1751  1751 W LstmExtension: no lmDescriptor could be found for en_US/20170411
11-09 12:07:19.755   439   439 D AndroidRuntime: >>>>>> START com.android.internal.os.RuntimeInit uid 2000 <<<<<<
11-09 12:07:19.793   439   439 W app_process: Unexpected CPU variant for X86 using defaults: x86
11-09 12:07:19.795   439   439 I app_process: The ClassLoaderContext is a special shared library.
11-09 12:07:19.811   439   439 D AndroidRuntime: Calling main entry com.android.commands.input.Input
11-09 12:07:19.811   439   439 I Input   : injectKeyEvent: KeyEvent { action=ACTION_DOWN, keyCode=KEYCODE_ESCAPE, scanCode=0, metaState=0, flags=0x0, repeatCount=0, eventTime=27864489, downTime=27864489, deviceId=-1, source=0x101 }
11-09 12:07:19.815   439   439 I Input   : injectKeyEvent: KeyEvent { action=ACTION_UP, keyCode=KEYCODE_ESCAPE, scanCode=0, metaState=0, flags=0x0, repeatCount=0, eventTime=27864489, downTime=27864489, deviceId=-1, source=0x101 }
11-09 12:07:19.819   439   439 D AndroidRuntime: Shutting down VM
11-09 12:07:19.828  1751  9832 D EGL_emulation: eglMakeCurrent: 0xd80d37c0: ver 3 0 (tinfo 0xd6830cf0)
11-09 12:07:19.830  1450  1750 D         : HostConnection::get() New Host Connection established 0xe7167340, tid 1750
11-09 12:07:19.830  1450  1750 D gralloc_ranchu: gralloc_unregister_buffer: exiting HostConnection (is buffer-handling thread)
11-09 12:07:19.831  1450  1750 D         : HostConnection::get() New Host Connection established 0xe7167340, tid 1750
11-09 12:07:19.831  1450  1750 D gralloc_ranchu: gralloc_unregister_buffer: exiting HostConnection (is buffer-handling thread)
11-09 12:07:20.033  1440  1440 D gralloc_ranchu: gralloc_unregister_buffer: exiting HostConnection (is buffer-handling thread)
