11-09 12:11:01.675  3135  3135 I Input   : injectKeyEvent: KeyEvent { action=ACTION_DOWN, keyCode=KEYCODE_DEL, scanCode=0, metaState=0, flags=0x0, repeatCount=0, eventTime=28086353, downTime=28086353, deviceId=-1, source=0x101 }
11-09 12:11:01.677  3135  3135 I Input   : injectKeyEvent: KeyEvent { action=ACTION_UP, keyCode=KEYCODE_DEL, scanCode=0, metaState=0, flags=0x0, repeatCount=0, eventTime=28086353, downTime=28086353, deviceId=-1, source=0x101 }
11-09 12:11:01.679  3135  3135 I Input   : injectKeyEvent: KeyEvent { action=ACTION_DOWN, keyCode=KEYCODE_DEL, scanCode=0, metaState=0, flags=0x0, repeatCount=0, eventTime=28086356, downTime=28086356, deviceId=-1, source=0x101 }
11-09 12:11:01.681  3135  3135 I Input   : injectKeyEvent: KeyEvent { action=ACTION_UP, keyCode=KEYCODE_DEL, scanCode=0, metaState=0, flags=0x0, repeatCount=0, eventTime=28086356, downTime=28086356, deviceId=-1, source=0x101 }
11-09 12:11:01.685  3135  3135 I Input   : injectKeyEvent: KeyEvent { action=ACTION_DOWN, keyCode=KEYCODE_DEL, scanCode=0, metaState=0, flags=0x0, repeatCount=0, eventTime=28086363, downTime=28086363, deviceId=-1, source=0x101 }
11-09 12:11:01.688  3135  3135 I Input   : injectKeyEvent: KeyEvent { action=ACTION_UP, keyCode=KEYCODE_DEL, scanCode=0, metaState=0, flags=0x0, repeatCount=0, eventTime=28086363, downTime=28086363, deviceId=-1, source=0x101 }
11-09 12:11:01.691  3135  3135 I Input   : injectKeyEvent: KeyEvent { action=ACTION_DOWN, keyCode=KEYCODE_DEL, scanCode=0, metaState=0, flags=0x0, repeatCount=0, eventTime=28086369, downTime=28086369, deviceId=-1, source=0x101 }
11-09 12:11:01.693  3135  3135 I Input   : injectKeyEvent: KeyEvent { action=ACTION_UP, keyCode=KEYCODE_DEL, scanCode=0, metaState=0, flags=0x0, repeatCount=0, eventTime=28086369, downTime=28086369, deviceId=-1, source=0x101 }
11-09 12:11:01.695  3135  3135 I Input   : injectKeyEvent: KeyEvent { action=ACTION_DOWN, keyCode=KEYCODE_DEL, scanCode=0, metaState=0, flags=0x0, repeatCount=0, eventTime=28086373, downTime=28086373, deviceId=-1, source=0x101 }
11-09 12:11:01.697  3135  3135 I Input   : injectKeyEvent: KeyEvent { action=ACTION_UP, keyCode=KEYCODE_DEL, scanCode=0, metaState=0, flags=0x0, repeatCount=0, eventTime=28086373, downTime=28086373, deviceId=-1, source=0x101 }
11-09 12:11:01.699  3135  3135 I Input   : injectKeyEvent: KeyEvent { action=ACTION_DOWN, keyCode=KEYCODE_DEL, scanCode=0, metaState=0, flags=0x0, repeatCount=0, eventTime=28086377, downTime=28086377, deviceId=-1, source=0x101 }
11-09 12:11:01.703  3135  3135 I Input   : injectKeyEvent: KeyEvent { action=ACTION_UP, keyCode=KEYCODE_DEL, scanCode=0, metaState=0, flags=0x0, repeatCount=0, eventTime=28086377, downTime=28086377, deviceId=-1, source=0x101 }
11-09 12:11:01.706  3135  3135 I Input   : injectKeyEvent: KeyEvent { action=ACTION_DOWN, keyCode=KEYCODE_DEL, scanCode=0, metaState=0, flags=0x0, repeatCount=0, eventTime=28086384, downTime=28086384, deviceId=-1, source=0x101 }
11-09 12:11:01.709  3135  3135 I Input   : injectKeyEvent: KeyEvent { action=ACTION_UP, keyCode=KEYCODE_DEL, scanCode=0, metaState=0, flags=0x0, repeatCount=0, eventTime=28086384, downTime=28086384, deviceId=-1, source=0x101 }
11-09 12:11:01.711  3135  3135 I Input   : injectKeyEvent: KeyEvent { action=ACTION_DOWN, keyCode=KEYCODE_DEL, scanCode=0, metaState=0, flags=0x0, repeatCount=0, eventTime=28086389, downTime=28086389, deviceId=-1, source=0x101 }
11-09 12:11:01.715  3135  3135 I Input   : injectKeyEvent: KeyEvent { action=ACTION_UP, keyCode=KEYCODE_DEL, scanCode=0, metaState=0, flags=0x0, repeatCount=0, eventTime=28086389, downTime=28086389, deviceId=-1, source=0x101 }
11-09 12:11:01.716  3135  3135 I Input   : injectKeyEvent: KeyEvent { action=ACTION_DOWN, keyCode=KEYCODE_DEL, scanCode=0, metaState=0, flags=0x0, repeatCount=0, eventTime=28086394, downTime=28086394, deviceId=-1, source=0x101 }
11-09 12:11:01.719  3135  3135 I Input   : injectKeyEvent: KeyEvent { action=ACTION_UP, keyCode=KEYCODE_DEL, scanCode=0, metaState=0, flags=0x0, repeatCount=0, eventTime=28086394, downTime=28086394, deviceId=-1, source=0x101 }
11-09 12:11:01.722  3135  3135 I Input   : injectKeyEvent: KeyEvent { action=ACTION_DOWN, keyCode=KEYCODE_DEL, scanCode=0, metaState=0, flags=0x0, repeatCount=0, eventTime=28086400, downTime=28086400, deviceId=-1, source=0x101 }
11-09 12:11:01.724  3135  3135 I Input   : injectKeyEvent: KeyEvent { action=ACTION_UP, keyCode=KEYCODE_DEL, scanCode=0, metaState=0, flags=0x0, repeatCount=0, eventTime=28086400, downTime=28086400, deviceId=-1, source=0x101 }
11-09 12:11:01.726  3135  3135 I Input   : injectKeyEvent: KeyEvent { action=ACTION_DOWN, keyCode=KEYCODE_DEL, scanCode=0, metaState=0, flags=0x0, repeatCount=0, eventTime=28086404, downTime=28086404, deviceId=-1, source=0x101 }
11-09 12:11:01.728  3135  3135 I Input   : injectKeyEvent: KeyEvent { action=ACTION_UP, keyCode=KEYCODE_DEL, scanCode=0, metaState=0, flags=0x0, repeatCount=0, eventTime=28086404, downTime=28086404, deviceId=-1, source=0x101 }
11-09 12:11:01.729  3135  3135 I Input   : injectKeyEvent: KeyEvent { action=ACTION_DOWN, keyCode=KEYCODE_DEL, scanCode=0, metaState=0, flags=0x0, repeatCount=0, eventTime=28086406, downTime=28086406, deviceId=-1, source=0x101 }
11-09 12:11:01.730  3135  3135 I Input   : injectKeyEvent: KeyEvent { action=ACTION_UP, keyCode=KEYCODE_DEL, scanCode=0, metaState=0, flags=0x0, repeatCount=0, eventTime=28086406, downTime=28086406, deviceId=-1, source=0x101 }
11-09 12:11:01.732  3135  3135 D AndroidRuntime: Shutting down VM
11-09 12:11:01.889  3145  3145 D AndroidRuntime: >>>>>> START com.android.internal.os.RuntimeInit uid 2000 <<<<<<
11-09 12:11:01.929  3145  3145 W app_process: Unexpected CPU variant for X86 using defaults: x86
11-09 12:11:01.931  3145  3145 I app_process: The ClassLoaderContext is a special shared library.
11-09 12:11:01.947  3145  3145 D AndroidRuntime: Calling main entry com.android.commands.input.Input
11-09 12:11:01.950  3145  3145 I Input   : injectKeyEvent: KeyEvent { action=ACTION_DOWN, keyCode=KEYCODE_N, scanCode=0, metaState=0, flags=0x0, repeatCount=0, eventTime=28086627, downTime=28086627, deviceId=-1, source=0x101 }
11-09 12:11:01.954  3145  3145 I Input   : injectKeyEvent: KeyEvent { action=ACTION_UP, keyCode=KEYCODE_N, scanCode=0, metaState=0, flags=0x0, repeatCount=0, eventTime=28086627, downTime=28086627, deviceId=-1, source=0x101 }
11-09 12:11:01.965  1751  1751 W GInputConnectionWrapper: Fixing selection indices to 0, 0
11-09 12:11:01.973  1751  1751 I native  : input-context-store.cc:113 Using roll back input context operation: [DecodeTouch] reason: client [3045] vs decoder [3046]
11-09 12:11:01.976  3145  3145 I Input   : injectKeyEvent: KeyEvent { action=ACTION_DOWN, keyCode=KEYCODE_U, scanCode=0, metaState=0, flags=0x0, repeatCount=0, eventTime=28086627, downTime=28086627, deviceId=-1, source=0x101 }
11-09 12:11:01.982  1439  5111 D gralloc_ranchu: gralloc_alloc: Creating ashmem region of size 8024064
11-09 12:11:01.988  1450  1502 D         : HostConnection::get() New Host Connection established 0xe80a16c0, tid 1502
11-09 12:11:01.989  1439  5111 D gralloc_ranchu: gralloc_alloc: Creating ashmem region of size 8024064
11-09 12:11:01.995  1439  1480 D gralloc_ranchu: gralloc_alloc: Creating ashmem region of size 8024064
11-09 12:11:02.011  1751  1751 I native  : input-context-store.cc:113 Using roll back input context operation: [DecodeTouch] reason: client [3047] vs decoder [3048]
11-09 12:11:02.020  3145  3145 I Input   : injectKeyEvent: KeyEvent { action=ACTION_UP, keyCode=KEYCODE_U, scanCode=0, metaState=0, flags=0x0, repeatCount=0, eventTime=28086627, downTime=28086627, deviceId=-1, source=0x101 }
11-09 12:11:02.022  3145  3145 I Input   : injectKeyEvent: KeyEvent { action=ACTION_DOWN, keyCode=KEYCODE_L, scanCode=0, metaState=0, flags=0x0, repeatCount=0, eventTime=28086627, downTime=28086627, deviceId=-1, source=0x101 }
11-09 12:11:02.024  1751  1751 I native  : input-context-store.cc:113 Using roll back input context operation: [DecodeTouch] reason: client [3049] vs decoder [3050]
11-09 12:11:02.028  3145  3145 I Input   : injectKeyEvent: KeyEvent { action=ACTION_UP, keyCode=KEYCODE_L, scanCode=0, metaState=0, flags=0x0, repeatCount=0, eventTime=28086627, downTime=28086627, deviceId=-1, source=0x101 }
11-09 12:11:02.038  1751  9832 D EGL_emulation: eglMakeCurrent: 0xd80d37c0: ver 3 0 (tinfo 0xd6830cf0)
11-09 12:11:02.047  3145  3145 I Input   : injectKeyEvent: KeyEvent { action=ACTION_DOWN, keyCode=KEYCODE_L, scanCode=0, metaState=0, flags=0x0, repeatCount=0, eventTime=28086627, downTime=28086627, deviceId=-1, source=0x101 }
11-09 12:11:02.057  3145  3145 I Input   : injectKeyEvent: KeyEvent { action=ACTION_UP, keyCode=KEYCODE_L, scanCode=0, metaState=0, flags=0x0, repeatCount=0, eventTime=28086627, downTime=28086627, deviceId=-1, source=0x101 }
11-09 12:11:02.059  3145  3145 D AndroidRuntime: Shutting down VM
11-09 12:11:02.113  1751  1751 W LstmExtension: no lmDescriptor could be found for en_US/20170411
11-09 12:11:02.113  1751  1751 W LstmExtension: no lmDescriptor could be found for en_US/20170411
11-09 12:11:02.262  3161  3161 D AndroidRuntime: >>>>>> START com.android.internal.os.RuntimeInit uid 2000 <<<<<<
11-09 12:11:02.306  3161  3161 W app_process: Unexpected CPU variant for X86 using defaults: x86
11-09 12:11:02.307  3161  3161 I app_process: The ClassLoaderContext is a special shared library.
11-09 12:11:02.320  3161  3161 D AndroidRuntime: Calling main entry com.android.commands.input.Input
11-09 12:11:02.322  3161  3161 I Input   : injectKeyEvent: KeyEvent { action=ACTION_DOWN, keyCode=KEYCODE_ESCAPE, scanCode=0, metaState=0, flags=0x0, repeatCount=0, eventTime=28086999, downTime=28086999, deviceId=-1, source=0x101 }
11-09 12:11:02.330  3161  3161 I Input   : injectKeyEvent: KeyEvent { action=ACTION_UP, keyCode=KEYCODE_ESCAPE, scanCode=0, metaState=0, flags=0x0, repeatCount=0, eventTime=28086999, downTime=28086999, deviceId=-1, source=0x101 }
11-09 12:11:02.333  3161  3161 D AndroidRuntime: Shutting down VM
11-09 12:11:02.338  1751  9832 D EGL_emulation: eglMakeCurrent: 0xd80d37c0: ver 3 0 (tinfo 0xd6830cf0)
11-09 12:11:02.541  1440  1440 D gralloc_ranchu: gralloc_unregister_buffer: exiting HostConnection (is buffer-handling thread)
11-09 12:11:02.541  1440  1440 D         : HostConnection::get() New Host Connection established 0xf1a23900, tid 1440
11-09 12:11:02.541  1440  1440 D gralloc_ranchu: gralloc_unregister_buffer: exiting HostConnection (is buffer-handling thread)
11-09 12:11:02.542  1440  1440 D         : HostConnection::get() New Host Connection established 0xf1a23900, tid 1440
11-09 12:11:02.542  1440  1440 D gralloc_ranchu: gralloc_unregister_buffer: exiting HostConnection (is buffer-handling thread)
11-09 12:11:02.543  1440  1440 D         : HostConnection::get() New Host Connection established 0xf1a23900, tid 1440
11-09 12:11:02.543  1440  1440 D gralloc_ranchu: gralloc_unregister_buffer: exiting HostConnection (is buffer-handling thread)
11-09 12:11:02.544  1440  1440 D         : HostConnection::get() New Host Connection established 0xf1a23900, tid 1440
11-09 12:11:02.544  1440  1440 D gralloc_ranchu: gralloc_unregister_buffer: exiting HostConnection (is buffer-handling thread)
11-09 12:11:02.544  1440  1440 D         : HostConnection::get() New Host Connection established 0xf1a23900, tid 1440
11-09 12:11:02.545  1440  1440 D gralloc_ranchu: gralloc_unregister_buffer: exiting HostConnection (is buffer-handling thread)
11-09 12:11:02.548  1440  1440 D         : HostConnection::get() New Host Connection established 0xf1a23900, tid 1440
11-09 12:11:03.986  1450  1470 E SurfaceFlinger: ro.sf.lcd_density must be defined as a build property
11-09 12:11:03.995  1439  1480 D gralloc_ranchu: gralloc_alloc: Creating ashmem region of size 8298496
11-09 12:11:04.000  3178  3178 D         : HostConnection::get() New Host Connection established 0xee748240, tid 3178
11-09 12:11:04.004  1450  1470 D         : HostConnection::get() New Host Connection established 0xe80a1100, tid 1470
11-09 12:11:04.007  1450  1470 D gralloc_ranchu: gralloc_unregister_buffer: exiting HostConnection (is buffer-handling thread)
11-09 12:11:04.008  1450  1470 D         : HostConnection::get() New Host Connection established 0xe80a1100, tid 1470
11-09 12:11:04.008  1450  1470 D gralloc_ranchu: gralloc_unregister_buffer: exiting HostConnection (is buffer-handling thread)
11-09 12:11:04.504  4290  4290 D MediaScannerReceiver: action: android.intent.action.MEDIA_SCANNER_SCAN_FILE path: /storage/emulated/0/screen.png
11-09 12:11:08.889  3191  3191 D AndroidRuntime: >>>>>> START com.android.internal.os.RuntimeInit uid 2000 <<<<<<
11-09 12:11:08.924  3191  3191 W app_process: Unexpected CPU variant for X86 using defaults: x86
11-09 12:11:08.926  3191  3191 I app_process: The ClassLoaderContext is a special shared library.
11-09 12:11:08.926  3191  3191 I app_process: The ClassLoaderContext is a special shared library.
11-09 12:11:08.938  3191  3191 D AndroidRuntime: Calling main entry com.android.commands.uiautomator.Launcher
11-09 12:11:09.956  3191  3191 W AccessibilityNodeInfoDumper: Fetch time: 5ms
11-09 12:11:09.957  1649  3617 W WindowManager: removeWindowToken: Attempted to remove non-existing token: android.os.Binder@630a715
11-09 12:11:09.966  3191  3191 D AndroidRuntime: Shutting down VM
11-09 12:11:12.348  3206  3206 D AndroidRuntime: >>>>>> START com.android.internal.os.RuntimeInit uid 2000 <<<<<<
11-09 12:11:12.384  3206  3206 W app_process: Unexpected CPU variant for X86 using defaults: x86
11-09 12:11:12.387  3206  3206 I app_process: The ClassLoaderContext is a special shared library.
11-09 12:11:12.387  3206  3206 I app_process: The ClassLoaderContext is a special shared library.
11-09 12:11:12.400  3206  3206 D AndroidRuntime: Calling main entry com.android.commands.uiautomator.Launcher
11-09 12:11:13.421  3206  3206 I app_process: Deoptimizing java.lang.String com.android.uiautomator.core.AccessibilityNodeInfoDumper.stripInvalidXMLChars(java.lang.CharSequence) due to JIT inline cache
11-09 12:11:13.424  3206  3206 W AccessibilityNodeInfoDumper: Fetch time: 6ms
11-09 12:11:13.425  1649  3617 W WindowManager: removeWindowToken: Attempted to remove non-existing token: android.os.Binder@79d401b
11-09 12:11:13.430  3206  3206 D AndroidRuntime: Shutting down VM
11-09 12:11:13.652  3224  3224 D AndroidRuntime: >>>>>> START com.android.internal.os.RuntimeInit uid 2000 <<<<<<
11-09 12:11:13.686  3224  3224 W app_process: Unexpected CPU variant for X86 using defaults: x86
11-09 12:11:13.688  3224  3224 I app_process: The ClassLoaderContext is a special shared library.
11-09 12:11:13.688  3224  3224 I app_process: The ClassLoaderContext is a special shared library.
11-09 12:11:13.703  3224  3224 D AndroidRuntime: Calling main entry com.android.commands.uiautomator.Launcher
11-09 12:11:14.705  4956  4991 W native  : jpeg_io.cc:108 File's first two bytes does not match the sequence 216
11-09 12:11:14.719  3224  3224 I app_process: Deoptimizing java.lang.String com.android.uiautomator.core.AccessibilityNodeInfoDumper.stripInvalidXMLChars(java.lang.CharSequence) due to JIT inline cache
11-09 12:11:14.722  3224  3224 W AccessibilityNodeInfoDumper: Fetch time: 6ms
11-09 12:11:14.723  1649  1800 W WindowManager: removeWindowToken: Attempted to remove non-existing token: android.os.Binder@3019f91
11-09 12:11:14.731  3224  3224 D AndroidRuntime: Shutting down VM
11-09 12:11:14.986  3245  3245 D AndroidRuntime: >>>>>> START com.android.internal.os.RuntimeInit uid 2000 <<<<<<
11-09 12:11:15.016  3245  3245 W app_process: Unexpected CPU variant for X86 using defaults: x86
11-09 12:11:15.017  3245  3245 I app_process: The ClassLoaderContext is a special shared library.
11-09 12:11:15.017  3245  3245 I app_process: The ClassLoaderContext is a special shared library.
11-09 12:11:15.033  3245  3245 D AndroidRuntime: Calling main entry com.android.commands.uiautomator.Launcher
11-09 12:11:16.053  3245  3245 I app_process: Deoptimizing java.lang.String com.android.uiautomator.core.AccessibilityNodeInfoDumper.stripInvalidXMLChars(java.lang.CharSequence) due to JIT inline cache
11-09 12:11:16.055  3245  3245 W AccessibilityNodeInfoDumper: Fetch time: 6ms
11-09 12:11:16.056  1649  7927 W WindowManager: removeWindowToken: Attempted to remove non-existing token: android.os.Binder@ebd5cdf
11-09 12:11:16.061  3245  3245 D AndroidRuntime: Shutting down VM
11-09 12:11:16.233  3258  3258 D AndroidRuntime: >>>>>> START com.android.internal.os.RuntimeInit uid 2000 <<<<<<
11-09 12:11:16.236  3258  3258 W app_process: Could not reserve sentinel fault page
11-09 12:11:16.271  3258  3258 W app_process: Unexpected CPU variant for X86 using defaults: x86
11-09 12:11:16.272  3258  3258 I app_process: The ClassLoaderContext is a special shared library.
11-09 12:11:16.286  3258  3258 D AndroidRuntime: Calling main entry com.android.commands.input.Input
11-09 12:11:16.287  3258  3258 I Input   : injectMotionEvent: MotionEvent { action=ACTION_DOWN, actionButton=0, id[0]=0, x[0]=1006.0, y[0]=138.0, toolType[0]=TOOL_TYPE_UNKNOWN, buttonState=0, metaState=0, flags=0x0, edgeFlags=0x0, pointerCount=1, historySize=0, eventTime=28100963, downTime=28100963, deviceId=0, source=0x1002 }
11-09 12:11:16.290  3258  3258 I Input   : injectMotionEvent: MotionEvent { action=ACTION_UP, actionButton=0, id[0]=0, x[0]=1006.0, y[0]=138.0, toolType[0]=TOOL_TYPE_UNKNOWN, buttonState=0, metaState=0, flags=0x0, edgeFlags=0x0, pointerCount=1, historySize=0, eventTime=28100963, downTime=28100963, deviceId=0, source=0x1002 }
11-09 12:11:16.293  3258  3258 D AndroidRuntime: Shutting down VM
11-09 12:11:16.301  1431  8375 W audio_hw_generic: Not supplying enough data to HAL, expected position 12201212 , only wrote 12201120
11-09 12:11:16.367  1431  8375 W audio_hw_generic: Not supplying enough data to HAL, expected position 12204294 , only wrote 12203280
11-09 12:11:16.410  1521  1579 D AudioFlinger: mixer(0xe56839c0) throttle end: throttle time(12)
11-09 12:11:19.608  1431  1431 W audio_hw_generic: Not supplying enough data to HAL, expected position 12512413 , only wrote 12358800
11-09 12:11:20.025  1751  1751 W LstmExtension: no lmDescriptor could be found for en_US/20170411
11-09 12:11:20.025  1751  1751 W LstmExtension: no lmDescriptor could be found for en_US/20170411
11-09 12:11:20.211  3285  3285 D AndroidRuntime: >>>>>> START com.android.internal.os.RuntimeInit uid 2000 <<<<<<
11-09 12:11:20.246  3285  3285 W app_process: Unexpected CPU variant for X86 using defaults: x86
11-09 12:11:20.248  3285  3285 I app_process: The ClassLoaderContext is a special shared library.
11-09 12:11:20.248  3285  3285 I app_process: The ClassLoaderContext is a special shared library.
11-09 12:11:20.264  3285  3285 D AndroidRuntime: Calling main entry com.android.commands.uiautomator.Launcher
11-09 12:11:21.285  3285  3285 W AccessibilityNodeInfoDumper: Fetch time: 3ms
11-09 12:11:21.286  1649  7927 W WindowManager: removeWindowToken: Attempted to remove non-existing token: android.os.Binder@bfd958a
11-09 12:11:21.293  3285  3285 D AndroidRuntime: Shutting down VM
11-09 12:11:22.132  3315  3315 D AndroidRuntime: >>>>>> START com.android.internal.os.RuntimeInit uid 2000 <<<<<<
11-09 12:11:22.135  3315  3315 W app_process: Could not reserve sentinel fault page
11-09 12:11:22.165  3315  3315 W app_process: Unexpected CPU variant for X86 using defaults: x86
11-09 12:11:22.167  3315  3315 I app_process: The ClassLoaderContext is a special shared library.
11-09 12:11:22.167  3315  3315 I app_process: The ClassLoaderContext is a special shared library.
11-09 12:11:22.182  3315  3315 D AndroidRuntime: Calling main entry com.android.commands.uiautomator.Launcher
11-09 12:11:23.209  3315  3315 W AccessibilityNodeInfoDumper: Fetch time: 7ms
11-09 12:11:23.210  1649  2289 W WindowManager: removeWindowToken: Attempted to remove non-existing token: android.os.Binder@277018
11-09 12:11:23.225  3315  3315 D AndroidRuntime: Shutting down VM
11-09 12:11:23.597  3334  3334 D AndroidRuntime: >>>>>> START com.android.internal.os.RuntimeInit uid 2000 <<<<<<
11-09 12:11:23.601  3334  3334 W app_process: Could not reserve sentinel fault page
11-09 12:11:23.650  3334  3334 W app_process: Unexpected CPU variant for X86 using defaults: x86
11-09 12:11:23.652  3334  3334 I app_process: The ClassLoaderContext is a special shared library.
11-09 12:11:23.653  3334  3334 I app_process: The ClassLoaderContext is a special shared library.
11-09 12:11:23.667  3334  3334 D AndroidRuntime: Calling main entry com.android.commands.uiautomator.Launcher
11-09 12:11:24.690  3334  3334 W AccessibilityNodeInfoDumper: Fetch time: 4ms
11-09 12:11:24.691  1649  7927 W WindowManager: removeWindowToken: Attempted to remove non-existing token: android.os.Binder@ca78056
11-09 12:11:24.699  3334  3334 D AndroidRuntime: Shutting down VM
11-09 12:11:25.556  3366  3366 D AndroidRuntime: >>>>>> START com.android.internal.os.RuntimeInit uid 2000 <<<<<<
11-09 12:11:25.592  3366  3366 W app_process: Unexpected CPU variant for X86 using defaults: x86
11-09 12:11:25.594  3366  3366 I app_process: The ClassLoaderContext is a special shared library.
11-09 12:11:25.594  3366  3366 I app_process: The ClassLoaderContext is a special shared library.
11-09 12:11:25.610  3366  3366 D AndroidRuntime: Calling main entry com.android.commands.uiautomator.Launcher
11-09 12:11:26.633  3366  3366 W AccessibilityNodeInfoDumper: Fetch time: 5ms
11-09 12:11:26.634  1649  2593 W WindowManager: removeWindowToken: Attempted to remove non-existing token: android.os.Binder@a2f75c4
11-09 12:11:26.641  3366  3366 D AndroidRuntime: Shutting down VM
11-09 12:11:27.544  3401  3401 D AndroidRuntime: >>>>>> START com.android.internal.os.RuntimeInit uid 2000 <<<<<<
11-09 12:11:27.579  3401  3401 W app_process: Unexpected CPU variant for X86 using defaults: x86
11-09 12:11:27.581  3401  3401 I app_process: The ClassLoaderContext is a special shared library.
11-09 12:11:27.581  3401  3401 I app_process: The ClassLoaderContext is a special shared library.
11-09 12:11:27.595  3401  3401 D AndroidRuntime: Calling main entry com.android.commands.uiautomator.Launcher
11-09 12:11:28.620  3401  3401 W AccessibilityNodeInfoDumper: Fetch time: 4ms
11-09 12:11:28.620  1649  1800 W WindowManager: removeWindowToken: Attempted to remove non-existing token: android.os.Binder@c334be2
11-09 12:11:28.628  3401  3401 D AndroidRuntime: Shutting down VM
11-09 12:11:28.837  1450  1470 E SurfaceFlinger: ro.sf.lcd_density must be defined as a build property
11-09 12:11:28.847  1439  1480 D gralloc_ranchu: gralloc_alloc: Creating ashmem region of size 8298496
11-09 12:11:28.852  3417  3417 D         : HostConnection::get() New Host Connection established 0xf0748240, tid 3417
11-09 12:11:28.867  1450  1470 D         : HostConnection::get() New Host Connection established 0xe80a1100, tid 1470
11-09 12:11:28.870  1450  1470 D gralloc_ranchu: gralloc_unregister_buffer: exiting HostConnection (is buffer-handling thread)
11-09 12:11:28.871  1450  1470 D         : HostConnection::get() New Host Connection established 0xe80a1100, tid 1470
11-09 12:11:28.871  1450  1470 D gralloc_ranchu: gralloc_unregister_buffer: exiting HostConnection (is buffer-handling thread)
11-09 12:11:29.769  4290  4290 D MediaScannerReceiver: action: android.intent.action.MEDIA_SCANNER_SCAN_FILE path: /storage/emulated/0/screen.png
11-09 12:11:34.159  3429  3429 D AndroidRuntime: >>>>>> START com.android.internal.os.RuntimeInit uid 2000 <<<<<<
11-09 12:11:34.194  3429  3429 W app_process: Unexpected CPU variant for X86 using defaults: x86
11-09 12:11:34.197  3429  3429 I app_process: The ClassLoaderContext is a special shared library.
11-09 12:11:34.198  3429  3429 I app_process: The ClassLoaderContext is a special shared library.
11-09 12:11:34.210  3429  3429 D AndroidRuntime: Calling main entry com.android.commands.uiautomator.Launcher
11-09 12:11:35.229  3429  3429 W AccessibilityNodeInfoDumper: Fetch time: 3ms
11-09 12:11:35.230  1649  2289 W WindowManager: removeWindowToken: Attempted to remove non-existing token: android.os.Binder@bbe442e
11-09 12:11:35.237  3429  3429 D AndroidRuntime: Shutting down VM
11-09 12:11:37.467  3446  3446 D AndroidRuntime: >>>>>> START com.android.internal.os.RuntimeInit uid 2000 <<<<<<
11-09 12:11:37.498  3446  3446 W app_process: Unexpected CPU variant for X86 using defaults: x86
11-09 12:11:37.500  3446  3446 I app_process: The ClassLoaderContext is a special shared library.
11-09 12:11:37.501  3446  3446 I app_process: The ClassLoaderContext is a special shared library.
11-09 12:11:37.516  3446  3446 D AndroidRuntime: Calling main entry com.android.commands.uiautomator.Launcher
11-09 12:11:38.535  3446  3446 W AccessibilityNodeInfoDumper: Fetch time: 4ms
11-09 12:11:38.536  1649  1800 W WindowManager: removeWindowToken: Attempted to remove non-existing token: android.os.Binder@b05b95c
11-09 12:11:38.542  3446  3446 D AndroidRuntime: Shutting down VM
11-09 12:11:38.770  3464  3464 D AndroidRuntime: >>>>>> START com.android.internal.os.RuntimeInit uid 2000 <<<<<<
11-09 12:11:38.801  3464  3464 W app_process: Unexpected CPU variant for X86 using defaults: x86
11-09 12:11:38.804  3464  3464 I app_process: The ClassLoaderContext is a special shared library.
11-09 12:11:38.805  3464  3464 I app_process: The ClassLoaderContext is a special shared library.
11-09 12:11:38.818  3464  3464 D AndroidRuntime: Calling main entry com.android.commands.uiautomator.Launcher
11-09 12:11:39.837  3464  3464 W AccessibilityNodeInfoDumper: Fetch time: 3ms
11-09 12:11:39.838  1649  1660 W WindowManager: removeWindowToken: Attempted to remove non-existing token: android.os.Binder@eee753a
11-09 12:11:39.842  3464  3464 D AndroidRuntime: Shutting down VM
11-09 12:11:39.881  4956  5227 W native  : jpeg_io.cc:108 File's first two bytes does not match the sequence 216
11-09 12:11:40.070  3482  3482 D AndroidRuntime: >>>>>> START com.android.internal.os.RuntimeInit uid 2000 <<<<<<
11-09 12:11:40.105  3482  3482 W app_process: Unexpected CPU variant for X86 using defaults: x86
11-09 12:11:40.106  3482  3482 I app_process: The ClassLoaderContext is a special shared library.
11-09 12:11:40.107  3482  3482 I app_process: The ClassLoaderContext is a special shared library.
11-09 12:11:40.120  3482  3482 D AndroidRuntime: Calling main entry com.android.commands.uiautomator.Launcher
11-09 12:11:41.139  3482  3482 W AccessibilityNodeInfoDumper: Fetch time: 4ms
11-09 12:11:41.140  1649  2593 W WindowManager: removeWindowToken: Attempted to remove non-existing token: android.os.Binder@71115bc
11-09 12:11:41.148  3482  3482 D AndroidRuntime: Shutting down VM
11-09 12:11:41.318  3495  3495 D AndroidRuntime: >>>>>> START com.android.internal.os.RuntimeInit uid 2000 <<<<<<
11-09 12:11:41.320  3495  3495 W app_process: Could not reserve sentinel fault page
11-09 12:11:41.351  3495  3495 W app_process: Unexpected CPU variant for X86 using defaults: x86
11-09 12:11:41.353  3495  3495 I app_process: The ClassLoaderContext is a special shared library.
11-09 12:11:41.366  3495  3495 D AndroidRuntime: Calling main entry com.android.commands.input.Input
11-09 12:11:41.371  3495  3495 I Input   : injectMotionEvent: MotionEvent { action=ACTION_DOWN, actionButton=0, id[0]=0, x[0]=487.0, y[0]=138.0, toolType[0]=TOOL_TYPE_UNKNOWN, buttonState=0, metaState=0, flags=0x0, edgeFlags=0x0, pointerCount=1, historySize=0, eventTime=28126044, downTime=28126044, deviceId=0, source=0x1002 }
11-09 12:11:41.374  3495  3495 I Input   : injectMotionEvent: MotionEvent { action=ACTION_UP, actionButton=0, id[0]=0, x[0]=487.0, y[0]=138.0, toolType[0]=TOOL_TYPE_UNKNOWN, buttonState=0, metaState=0, flags=0x0, edgeFlags=0x0, pointerCount=1, historySize=0, eventTime=28126044, downTime=28126044, deviceId=0, source=0x1002 }
11-09 12:11:41.377  3495  3495 D AndroidRuntime: Shutting down VM
11-09 12:11:41.392  1751  1751 W GInputConnectionWrapper: Fixing selection indices to 0, 0
11-09 12:11:41.430  1439  1480 D gralloc_ranchu: gralloc_alloc: Creating ashmem region of size 8024064
11-09 12:11:41.435  1450  1470 D         : HostConnection::get() New Host Connection established 0xe80a10c0, tid 1470
11-09 12:11:41.435  1439  1480 D gralloc_ranchu: gralloc_alloc: Creating ashmem region of size 8024064
11-09 12:11:41.440  1439  1480 D gralloc_ranchu: gralloc_alloc: Creating ashmem region of size 8024064
11-09 12:11:41.458  1751  1751 W LstmExtension: no lmDescriptor could be found for en_US/20170411
11-09 12:11:41.458  1751  1751 W LstmExtension: no lmDescriptor could be found for en_US/20170411
11-09 12:11:41.464  1751  9832 D EGL_emulation: eglMakeCurrent: 0xd80d37c0: ver 3 0 (tinfo 0xd6830cf0)
11-09 12:11:41.594  3516  3516 D AndroidRuntime: >>>>>> START com.android.internal.os.RuntimeInit uid 2000 <<<<<<
11-09 12:11:41.633  3516  3516 W app_process: Unexpected CPU variant for X86 using defaults: x86
11-09 12:11:41.636  3516  3516 I app_process: The ClassLoaderContext is a special shared library.
11-09 12:11:41.652  3516  3516 D AndroidRuntime: Calling main entry com.android.commands.input.Input
11-09 12:11:41.653  3516  3516 I Input   : injectKeyEvent: KeyEvent { action=ACTION_DOWN, keyCode=KEYCODE_ESCAPE, scanCode=0, metaState=0, flags=0x0, repeatCount=0, eventTime=28126330, downTime=28126330, deviceId=-1, source=0x101 }
11-09 12:11:41.659  3516  3516 I Input   : injectKeyEvent: KeyEvent { action=ACTION_UP, keyCode=KEYCODE_ESCAPE, scanCode=0, metaState=0, flags=0x0, repeatCount=0, eventTime=28126330, downTime=28126330, deviceId=-1, source=0x101 }
11-09 12:11:41.665  3516  3516 D AndroidRuntime: Shutting down VM
11-09 12:11:41.677  1751  9832 D EGL_emulation: eglMakeCurrent: 0xd80d37c0: ver 3 0 (tinfo 0xd6830cf0)
11-09 12:11:41.679  1450  1470 D gralloc_ranchu: gralloc_unregister_buffer: exiting HostConnection (is buffer-handling thread)
11-09 12:11:41.679  1450  1470 D         : HostConnection::get() New Host Connection established 0xe80a10c0, tid 1470
11-09 12:11:41.679  1450  1470 D gralloc_ranchu: gralloc_unregister_buffer: exiting HostConnection (is buffer-handling thread)
11-09 12:11:41.679  1450  1470 D         : HostConnection::get() New Host Connection established 0xe80a10c0, tid 1470
11-09 12:11:41.680  1450  1470 D gralloc_ranchu: gralloc_unregister_buffer: exiting HostConnection (is buffer-handling thread)
11-09 12:11:41.680  1450  1470 D         : HostConnection::get() New Host Connection established 0xe80a10c0, tid 1470
11-09 12:11:41.680  1450  1470 D gralloc_ranchu: gralloc_unregister_buffer: exiting HostConnection (is buffer-handling thread)
11-09 12:11:41.872  1440  1440 D gralloc_ranchu: gralloc_unregister_buffer: exiting HostConnection (is buffer-handling thread)
11-09 12:11:41.873  1440  1440 D         : HostConnection::get() New Host Connection established 0xf1a23900, tid 1440
11-09 12:11:41.873  1440  1440 D gralloc_ranchu: gralloc_unregister_buffer: exiting HostConnection (is buffer-handling thread)
11-09 12:11:41.883  1440  1440 D         : HostConnection::get() New Host Connection established 0xf1a23900, tid 1440
11-09 12:11:42.258  1751  1751 W LstmExtension: no lmDescriptor could be found for en_US/20170411
11-09 12:11:42.259  1751  1751 W LstmExtension: no lmDescriptor could be found for en_US/20170411
11-09 12:11:42.385  3534  3534 D AndroidRuntime: >>>>>> START com.android.internal.os.RuntimeInit uid 2000 <<<<<<
11-09 12:11:42.417  3534  3534 W app_process: Unexpected CPU variant for X86 using defaults: x86
11-09 12:11:42.418  3534  3534 I app_process: The ClassLoaderContext is a special shared library.
11-09 12:11:42.432  3534  3534 D AndroidRuntime: Calling main entry com.android.commands.input.Input
11-09 12:11:42.433  3534  3534 I Input   : injectKeyEvent: KeyEvent { action=ACTION_DOWN, keyCode=KEYCODE_MOVE_END, scanCode=0, metaState=0, flags=0x0, repeatCount=0, eventTime=28127110, downTime=28127110, deviceId=-1, source=0x101 }
11-09 12:11:42.438  3534  3534 I Input   : injectKeyEvent: KeyEvent { action=ACTION_UP, keyCode=KEYCODE_MOVE_END, scanCode=0, metaState=0, flags=0x0, repeatCount=0, eventTime=28127110, downTime=28127110, deviceId=-1, source=0x101 }
11-09 12:11:42.440  3534  3534 D AndroidRuntime: Shutting down VM
11-09 12:11:42.570  3544  3544 D AndroidRuntime: >>>>>> START com.android.internal.os.RuntimeInit uid 2000 <<<<<<
11-09 12:11:42.601  3544  3544 W app_process: Unexpected CPU variant for X86 using defaults: x86
11-09 12:11:42.602  3544  3544 I app_process: The ClassLoaderContext is a special shared library.
11-09 12:11:42.615  3544  3544 D AndroidRuntime: Calling main entry com.android.commands.input.Input
11-09 12:11:42.616  3544  3544 I Input   : injectKeyEvent: KeyEvent { action=ACTION_DOWN, keyCode=KEYCODE_DEL, scanCode=0, metaState=0, flags=0x0, repeatCount=0, eventTime=28127293, downTime=28127293, deviceId=-1, source=0x101 }
11-09 12:11:42.620  3544  3544 I Input   : injectKeyEvent: KeyEvent { action=ACTION_UP, keyCode=KEYCODE_DEL, scanCode=0, metaState=0, flags=0x0, repeatCount=0, eventTime=28127293, downTime=28127293, deviceId=-1, source=0x101 }
11-09 12:11:42.621  3544  3544 I Input   : injectKeyEvent: KeyEvent { action=ACTION_DOWN, keyCode=KEYCODE_DEL, scanCode=0, metaState=0, flags=0x0, repeatCount=0, eventTime=28127299, downTime=28127299, deviceId=-1, source=0x101 }
11-09 12:11:42.623  3544  3544 I Input   : injectKeyEvent: KeyEvent { action=ACTION_UP, keyCode=KEYCODE_DEL, scanCode=0, metaState=0, flags=0x0, repeatCount=0, eventTime=28127299, downTime=28127299, deviceId=-1, source=0x101 }
11-09 12:11:42.625  3544  3544 I Input   : injectKeyEvent: KeyEvent { action=ACTION_DOWN, keyCode=KEYCODE_DEL, scanCode=0, metaState=0, flags=0x0, repeatCount=0, eventTime=28127302, downTime=28127302, deviceId=-1, source=0x101 }
11-09 12:11:42.626  3544  3544 I Input   : injectKeyEvent: KeyEvent { action=ACTION_UP, keyCode=KEYCODE_DEL, scanCode=0, metaState=0, flags=0x0, repeatCount=0, eventTime=28127302, downTime=28127302, deviceId=-1, source=0x101 }
11-09 12:11:42.628  3544  3544 I Input   : injectKeyEvent: KeyEvent { action=ACTION_DOWN, keyCode=KEYCODE_DEL, scanCode=0, metaState=0, flags=0x0, repeatCount=0, eventTime=28127305, downTime=28127305, deviceId=-1, source=0x101 }
11-09 12:11:42.629  3544  3544 I Input   : injectKeyEvent: KeyEvent { action=ACTION_UP, keyCode=KEYCODE_DEL, scanCode=0, metaState=0, flags=0x0, repeatCount=0, eventTime=28127305, downTime=28127305, deviceId=-1, source=0x101 }
11-09 12:11:42.630  3544  3544 I Input   : injectKeyEvent: KeyEvent { action=ACTION_DOWN, keyCode=KEYCODE_DEL, scanCode=0, metaState=0, flags=0x0, repeatCount=0, eventTime=28127308, downTime=28127308, deviceId=-1, source=0x101 }
11-09 12:11:42.631  3544  3544 I Input   : injectKeyEvent: KeyEvent { action=ACTION_UP, keyCode=KEYCODE_DEL, scanCode=0, metaState=0, flags=0x0, repeatCount=0, eventTime=28127308, downTime=28127308, deviceId=-1, source=0x101 }
11-09 12:11:42.633  3544  3544 I Input   : injectKeyEvent: KeyEvent { action=ACTION_DOWN, keyCode=KEYCODE_DEL, scanCode=0, metaState=0, flags=0x0, repeatCount=0, eventTime=28127311, downTime=28127311, deviceId=-1, source=0x101 }
11-09 12:11:42.634  3544  3544 I Input   : injectKeyEvent: KeyEvent { action=ACTION_UP, keyCode=KEYCODE_DEL, scanCode=0, metaState=0, flags=0x0, repeatCount=0, eventTime=28127311, downTime=28127311, deviceId=-1, source=0x101 }
11-09 12:11:42.636  3544  3544 I Input   : injectKeyEvent: KeyEvent { action=ACTION_DOWN, keyCode=KEYCODE_DEL, scanCode=0, metaState=0, flags=0x0, repeatCount=0, eventTime=28127314, downTime=28127314, deviceId=-1, source=0x101 }
11-09 12:11:42.637  3544  3544 I Input   : injectKeyEvent: KeyEvent { action=ACTION_UP, keyCode=KEYCODE_DEL, scanCode=0, metaState=0, flags=0x0, repeatCount=0, eventTime=28127314, downTime=28127314, deviceId=-1, source=0x101 }
11-09 12:11:42.639  3544  3544 I Input   : injectKeyEvent: KeyEvent { action=ACTION_DOWN, keyCode=KEYCODE_DEL, scanCode=0, metaState=0, flags=0x0, repeatCount=0, eventTime=28127317, downTime=28127317, deviceId=-1, source=0x101 }
11-09 12:11:42.641  3544  3544 I Input   : injectKeyEvent: KeyEvent { action=ACTION_UP, keyCode=KEYCODE_DEL, scanCode=0, metaState=0, flags=0x0, repeatCount=0, eventTime=28127317, downTime=28127317, deviceId=-1, source=0x101 }
11-09 12:11:42.642  3544  3544 I Input   : injectKeyEvent: KeyEvent { action=ACTION_DOWN, keyCode=KEYCODE_DEL, scanCode=0, metaState=0, flags=0x0, repeatCount=0, eventTime=28127320, downTime=28127320, deviceId=-1, source=0x101 }
11-09 12:11:42.643  3544  3544 I Input   : injectKeyEvent: KeyEvent { action=ACTION_UP, keyCode=KEYCODE_DEL, scanCode=0, metaState=0, flags=0x0, repeatCount=0, eventTime=28127320, downTime=28127320, deviceId=-1, source=0x101 }
11-09 12:11:42.645  3544  3544 I Input   : injectKeyEvent: KeyEvent { action=ACTION_DOWN, keyCode=KEYCODE_DEL, scanCode=0, metaState=0, flags=0x0, repeatCount=0, eventTime=28127323, downTime=28127323, deviceId=-1, source=0x101 }
11-09 12:11:42.647  3544  3544 I Input   : injectKeyEvent: KeyEvent { action=ACTION_UP, keyCode=KEYCODE_DEL, scanCode=0, metaState=0, flags=0x0, repeatCount=0, eventTime=28127323, downTime=28127323, deviceId=-1, source=0x101 }
11-09 12:11:42.649  3544  3544 I Input   : injectKeyEvent: KeyEvent { action=ACTION_DOWN, keyCode=KEYCODE_DEL, scanCode=0, metaState=0, flags=0x0, repeatCount=0, eventTime=28127327, downTime=28127327, deviceId=-1, source=0x101 }
11-09 12:11:42.650  3544  3544 I Input   : injectKeyEvent: KeyEvent { action=ACTION_UP, keyCode=KEYCODE_DEL, scanCode=0, metaState=0, flags=0x0, repeatCount=0, eventTime=28127327, downTime=28127327, deviceId=-1, source=0x101 }
11-09 12:11:42.652  3544  3544 I Input   : injectKeyEvent: KeyEvent { action=ACTION_DOWN, keyCode=KEYCODE_DEL, scanCode=0, metaState=0, flags=0x0, repeatCount=0, eventTime=28127329, downTime=28127329, deviceId=-1, source=0x101 }
11-09 12:11:42.653  3544  3544 I Input   : injectKeyEvent: KeyEvent { action=ACTION_UP, keyCode=KEYCODE_DEL, scanCode=0, metaState=0, flags=0x0, repeatCount=0, eventTime=28127329, downTime=28127329, deviceId=-1, source=0x101 }
11-09 12:11:42.655  3544  3544 I Input   : injectKeyEvent: KeyEvent { action=ACTION_DOWN, keyCode=KEYCODE_DEL, scanCode=0, metaState=0, flags=0x0, repeatCount=0, eventTime=28127332, downTime=28127332, deviceId=-1, source=0x101 }
11-09 12:11:42.656  3544  3544 I Input   : injectKeyEvent: KeyEvent { action=ACTION_UP, keyCode=KEYCODE_DEL, scanCode=0, metaState=0, flags=0x0, repeatCount=0, eventTime=28127332, downTime=28127332, deviceId=-1, source=0x101 }
11-09 12:11:42.658  3544  3544 I Input   : injectKeyEvent: KeyEvent { action=ACTION_DOWN, keyCode=KEYCODE_DEL, scanCode=0, metaState=0, flags=0x0, repeatCount=0, eventTime=28127335, downTime=28127335, deviceId=-1, source=0x101 }
11-09 12:11:42.659  3544  3544 I Input   : injectKeyEvent: KeyEvent { action=ACTION_UP, keyCode=KEYCODE_DEL, scanCode=0, metaState=0, flags=0x0, repeatCount=0, eventTime=28127335, downTime=28127335, deviceId=-1, source=0x101 }
11-09 12:11:42.660  3544  3544 I Input   : injectKeyEvent: KeyEvent { action=ACTION_DOWN, keyCode=KEYCODE_DEL, scanCode=0, metaState=0, flags=0x0, repeatCount=0, eventTime=28127338, downTime=28127338, deviceId=-1, source=0x101 }
11-09 12:11:42.662  3544  3544 I Input   : injectKeyEvent: KeyEvent { action=ACTION_UP, keyCode=KEYCODE_DEL, scanCode=0, metaState=0, flags=0x0, repeatCount=0, eventTime=28127338, downTime=28127338, deviceId=-1, source=0x101 }
11-09 12:11:42.664  3544  3544 I Input   : injectKeyEvent: KeyEvent { action=ACTION_DOWN, keyCode=KEYCODE_DEL, scanCode=0, metaState=0, flags=0x0, repeatCount=0, eventTime=28127341, downTime=28127341, deviceId=-1, source=0x101 }
11-09 12:11:42.665  3544  3544 I Input   : injectKeyEvent: KeyEvent { action=ACTION_UP, keyCode=KEYCODE_DEL, scanCode=0, metaState=0, flags=0x0, repeatCount=0, eventTime=28127341, downTime=28127341, deviceId=-1, source=0x101 }
11-09 12:11:42.666  3544  3544 I Input   : injectKeyEvent: KeyEvent { action=ACTION_DOWN, keyCode=KEYCODE_DEL, scanCode=0, metaState=0, flags=0x0, repeatCount=0, eventTime=28127344, downTime=28127344, deviceId=-1, source=0x101 }
11-09 12:11:42.668  3544  3544 I Input   : injectKeyEvent: KeyEvent { action=ACTION_UP, keyCode=KEYCODE_DEL, scanCode=0, metaState=0, flags=0x0, repeatCount=0, eventTime=28127344, downTime=28127344, deviceId=-1, source=0x101 }
11-09 12:11:42.669  3544  3544 I Input   : injectKeyEvent: KeyEvent { action=ACTION_DOWN, keyCode=KEYCODE_DEL, scanCode=0, metaState=0, flags=0x0, repeatCount=0, eventTime=28127346, downTime=28127346, deviceId=-1, source=0x101 }
11-09 12:11:42.671  3544  3544 I Input   : injectKeyEvent: KeyEvent { action=ACTION_UP, keyCode=KEYCODE_DEL, scanCode=0, metaState=0, flags=0x0, repeatCount=0, eventTime=28127346, downTime=28127346, deviceId=-1, source=0x101 }
11-09 12:11:42.673  3544  3544 I Input   : injectKeyEvent: KeyEvent { action=ACTION_DOWN, keyCode=KEYCODE_DEL, scanCode=0, metaState=0, flags=0x0, repeatCount=0, eventTime=28127350, downTime=28127350, deviceId=-1, source=0x101 }
11-09 12:11:42.675  3544  3544 I Input   : injectKeyEvent: KeyEvent { action=ACTION_UP, keyCode=KEYCODE_DEL, scanCode=0, metaState=0, flags=0x0, repeatCount=0, eventTime=28127350, downTime=28127350, deviceId=-1, source=0x101 }
11-09 12:11:42.677  3544  3544 I Input   : injectKeyEvent: KeyEvent { action=ACTION_DOWN, keyCode=KEYCODE_DEL, scanCode=0, metaState=0, flags=0x0, repeatCount=0, eventTime=28127355, downTime=28127355, deviceId=-1, source=0x101 }
11-09 12:11:42.678  3544  3544 I Input   : injectKeyEvent: KeyEvent { action=ACTION_UP, keyCode=KEYCODE_DEL, scanCode=0, metaState=0, flags=0x0, repeatCount=0, eventTime=28127355, downTime=28127355, deviceId=-1, source=0x101 }
11-09 12:11:42.680  3544  3544 I Input   : injectKeyEvent: KeyEvent { action=ACTION_DOWN, keyCode=KEYCODE_DEL, scanCode=0, metaState=0, flags=0x0, repeatCount=0, eventTime=28127358, downTime=28127358, deviceId=-1, source=0x101 }
11-09 12:11:42.682  3544  3544 I Input   : injectKeyEvent: KeyEvent { action=ACTION_UP, keyCode=KEYCODE_DEL, scanCode=0, metaState=0, flags=0x0, repeatCount=0, eventTime=28127358, downTime=28127358, deviceId=-1, source=0x101 }
11-09 12:11:42.683  3544  3544 I Input   : injectKeyEvent: KeyEvent { action=ACTION_DOWN, keyCode=KEYCODE_DEL, scanCode=0, metaState=0, flags=0x0, repeatCount=0, eventTime=28127361, downTime=28127361, deviceId=-1, source=0x101 }
11-09 12:11:42.684  3544  3544 I Input   : injectKeyEvent: KeyEvent { action=ACTION_UP, keyCode=KEYCODE_DEL, scanCode=0, metaState=0, flags=0x0, repeatCount=0, eventTime=28127361, downTime=28127361, deviceId=-1, source=0x101 }
11-09 12:11:42.686  3544  3544 I Input   : injectKeyEvent: KeyEvent { action=ACTION_DOWN, keyCode=KEYCODE_DEL, scanCode=0, metaState=0, flags=0x0, repeatCount=0, eventTime=28127363, downTime=28127363, deviceId=-1, source=0x101 }
11-09 12:11:42.687  3544  3544 I Input   : injectKeyEvent: KeyEvent { action=ACTION_UP, keyCode=KEYCODE_DEL, scanCode=0, metaState=0, flags=0x0, repeatCount=0, eventTime=28127363, downTime=28127363, deviceId=-1, source=0x101 }
11-09 12:11:42.689  3544  3544 I Input   : injectKeyEvent: KeyEvent { action=ACTION_DOWN, keyCode=KEYCODE_DEL, scanCode=0, metaState=0, flags=0x0, repeatCount=0, eventTime=28127366, downTime=28127366, deviceId=-1, source=0x101 }
11-09 12:11:42.690  3544  3544 I Input   : injectKeyEvent: KeyEvent { action=ACTION_UP, keyCode=KEYCODE_DEL, scanCode=0, metaState=0, flags=0x0, repeatCount=0, eventTime=28127366, downTime=28127366, deviceId=-1, source=0x101 }
11-09 12:11:42.692  3544  3544 I Input   : injectKeyEvent: KeyEvent { action=ACTION_DOWN, keyCode=KEYCODE_DEL, scanCode=0, metaState=0, flags=0x0, repeatCount=0, eventTime=28127370, downTime=28127370, deviceId=-1, source=0x101 }
11-09 12:11:42.694  3544  3544 I Input   : injectKeyEvent: KeyEvent { action=ACTION_UP, keyCode=KEYCODE_DEL, scanCode=0, metaState=0, flags=0x0, repeatCount=0, eventTime=28127370, downTime=28127370, deviceId=-1, source=0x101 }
11-09 12:11:42.695  3544  3544 I Input   : injectKeyEvent: KeyEvent { action=ACTION_DOWN, keyCode=KEYCODE_DEL, scanCode=0, metaState=0, flags=0x0, repeatCount=0, eventTime=28127372, downTime=28127372, deviceId=-1, source=0x101 }
11-09 12:11:42.696  3544  3544 I Input   : injectKeyEvent: KeyEvent { action=ACTION_UP, keyCode=KEYCODE_DEL, scanCode=0, metaState=0, flags=0x0, repeatCount=0, eventTime=28127372, downTime=28127372, deviceId=-1, source=0x101 }
11-09 12:11:42.697  3544  3544 I Input   : injectKeyEvent: KeyEvent { action=ACTION_DOWN, keyCode=KEYCODE_DEL, scanCode=0, metaState=0, flags=0x0, repeatCount=0, eventTime=28127375, downTime=28127375, deviceId=-1, source=0x101 }
11-09 12:11:42.699  3544  3544 I Input   : injectKeyEvent: KeyEvent { action=ACTION_UP, keyCode=KEYCODE_DEL, scanCode=0, metaState=0, flags=0x0, repeatCount=0, eventTime=28127375, downTime=28127375, deviceId=-1, source=0x101 }
11-09 12:11:42.700  3544  3544 I Input   : injectKeyEvent: KeyEvent { action=ACTION_DOWN, keyCode=KEYCODE_DEL, scanCode=0, metaState=0, flags=0x0, repeatCount=0, eventTime=28127378, downTime=28127378, deviceId=-1, source=0x101 }
11-09 12:11:42.702  3544  3544 I Input   : injectKeyEvent: KeyEvent { action=ACTION_UP, keyCode=KEYCODE_DEL, scanCode=0, metaState=0, flags=0x0, repeatCount=0, eventTime=28127378, downTime=28127378, deviceId=-1, source=0x101 }
11-09 12:11:42.704  3544  3544 I Input   : injectKeyEvent: KeyEvent { action=ACTION_DOWN, keyCode=KEYCODE_DEL, scanCode=0, metaState=0, flags=0x0, repeatCount=0, eventTime=28127382, downTime=28127382, deviceId=-1, source=0x101 }
11-09 12:11:42.706  3544  3544 I Input   : injectKeyEvent: KeyEvent { action=ACTION_UP, keyCode=KEYCODE_DEL, scanCode=0, metaState=0, flags=0x0, repeatCount=0, eventTime=28127382, downTime=28127382, deviceId=-1, source=0x101 }
11-09 12:11:42.708  3544  3544 I Input   : injectKeyEvent: KeyEvent { action=ACTION_DOWN, keyCode=KEYCODE_DEL, scanCode=0, metaState=0, flags=0x0, repeatCount=0, eventTime=28127385, downTime=28127385, deviceId=-1, source=0x101 }
11-09 12:11:42.709  3544  3544 I Input   : injectKeyEvent: KeyEvent { action=ACTION_UP, keyCode=KEYCODE_DEL, scanCode=0, metaState=0, flags=0x0, repeatCount=0, eventTime=28127385, downTime=28127385, deviceId=-1, source=0x101 }
11-09 12:11:42.711  3544  3544 I Input   : injectKeyEvent: KeyEvent { action=ACTION_DOWN, keyCode=KEYCODE_DEL, scanCode=0, metaState=0, flags=0x0, repeatCount=0, eventTime=28127388, downTime=28127388, deviceId=-1, source=0x101 }
11-09 12:11:42.713  3544  3544 I Input   : injectKeyEvent: KeyEvent { action=ACTION_UP, keyCode=KEYCODE_DEL, scanCode=0, metaState=0, flags=0x0, repeatCount=0, eventTime=28127388, downTime=28127388, deviceId=-1, source=0x101 }
11-09 12:11:42.715  3544  3544 I Input   : injectKeyEvent: KeyEvent { action=ACTION_DOWN, keyCode=KEYCODE_DEL, scanCode=0, metaState=0, flags=0x0, repeatCount=0, eventTime=28127392, downTime=28127392, deviceId=-1, source=0x101 }
11-09 12:11:42.716  3544  3544 I Input   : injectKeyEvent: KeyEvent { action=ACTION_UP, keyCode=KEYCODE_DEL, scanCode=0, metaState=0, flags=0x0, repeatCount=0, eventTime=28127392, downTime=28127392, deviceId=-1, source=0x101 }
11-09 12:11:42.718  3544  3544 I Input   : injectKeyEvent: KeyEvent { action=ACTION_DOWN, keyCode=KEYCODE_DEL, scanCode=0, metaState=0, flags=0x0, repeatCount=0, eventTime=28127395, downTime=28127395, deviceId=-1, source=0x101 }
11-09 12:11:42.721  3544  3544 I Input   : injectKeyEvent: KeyEvent { action=ACTION_UP, keyCode=KEYCODE_DEL, scanCode=0, metaState=0, flags=0x0, repeatCount=0, eventTime=28127395, downTime=28127395, deviceId=-1, source=0x101 }
11-09 12:11:42.723  3544  3544 I Input   : injectKeyEvent: KeyEvent { action=ACTION_DOWN, keyCode=KEYCODE_DEL, scanCode=0, metaState=0, flags=0x0, repeatCount=0, eventTime=28127401, downTime=28127401, deviceId=-1, source=0x101 }
11-09 12:11:42.725  3544  3544 I Input   : injectKeyEvent: KeyEvent { action=ACTION_UP, keyCode=KEYCODE_DEL, scanCode=0, metaState=0, flags=0x0, repeatCount=0, eventTime=28127401, downTime=28127401, deviceId=-1, source=0x101 }
11-09 12:11:42.726  3544  3544 I Input   : injectKeyEvent: KeyEvent { action=ACTION_DOWN, keyCode=KEYCODE_DEL, scanCode=0, metaState=0, flags=0x0, repeatCount=0, eventTime=28127404, downTime=28127404, deviceId=-1, source=0x101 }
11-09 12:11:42.728  3544  3544 I Input   : injectKeyEvent: KeyEvent { action=ACTION_UP, keyCode=KEYCODE_DEL, scanCode=0, metaState=0, flags=0x0, repeatCount=0, eventTime=28127404, downTime=28127404, deviceId=-1, source=0x101 }
11-09 12:11:42.730  3544  3544 I Input   : injectKeyEvent: KeyEvent { action=ACTION_DOWN, keyCode=KEYCODE_DEL, scanCode=0, metaState=0, flags=0x0, repeatCount=0, eventTime=28127408, downTime=28127408, deviceId=-1, source=0x101 }
11-09 12:11:42.732  3544  3544 I Input   : injectKeyEvent: KeyEvent { action=ACTION_UP, keyCode=KEYCODE_DEL, scanCode=0, metaState=0, flags=0x0, repeatCount=0, eventTime=28127408, downTime=28127408, deviceId=-1, source=0x101 }
11-09 12:11:42.733  3544  3544 I Input   : injectKeyEvent: KeyEvent { action=ACTION_DOWN, keyCode=KEYCODE_DEL, scanCode=0, metaState=0, flags=0x0, repeatCount=0, eventTime=28127411, downTime=28127411, deviceId=-1, source=0x101 }
11-09 12:11:42.734  3544  3544 I Input   : injectKeyEvent: KeyEvent { action=ACTION_UP, keyCode=KEYCODE_DEL, scanCode=0, metaState=0, flags=0x0, repeatCount=0, eventTime=28127411, downTime=28127411, deviceId=-1, source=0x101 }
11-09 12:11:42.736  3544  3544 I Input   : injectKeyEvent: KeyEvent { action=ACTION_DOWN, keyCode=KEYCODE_DEL, scanCode=0, metaState=0, flags=0x0, repeatCount=0, eventTime=28127413, downTime=28127413, deviceId=-1, source=0x101 }
