11-09 12:08:31.859  1111  1111 I AccessibilityNodeInfoDumper: Skipping invisible child: android.view.accessibility.AccessibilityNodeInfo@1fba3; boundsInParent: Rect(0, 0 - 1080, 1584); boundsInScreen: Rect(1080, 126 - 1080, 1710); packageName: org.mozilla.focus; className: android.widget.FrameLayout; text: null; error: null; maxTextLength: -1; contentDescription: null; viewIdResName: null; checkable: false; checked: false; focusable: false; focused: false; selected: false; clickable: false; longClickable: false; contextClickable: false; enabled: true; password: false; scrollable: false; importantForAccessibility: false; actions: [AccessibilityAction: ACTION_SELECT - null, AccessibilityAction: ACTION_CLEAR_SELECTION - null, AccessibilityAction: ACTION_ACCESSIBILITY_FOCUS - null, AccessibilityAction: ACTION_SHOW_ON_SCREEN - null]
11-09 12:08:31.863  1111  1111 I app_process: Deoptimizing java.lang.String com.android.uiautomator.core.AccessibilityNodeInfoDumper.stripInvalidXMLChars(java.lang.CharSequence) due to JIT inline cache
11-09 12:08:31.867  1111  1111 W AccessibilityNodeInfoDumper: Fetch time: 11ms
11-09 12:08:31.868  1649  2304 W WindowManager: removeWindowToken: Attempted to remove non-existing token: android.os.Binder@1e77c32
11-09 12:08:31.873  1111  1111 D AndroidRuntime: Shutting down VM
11-09 12:08:34.102  1129  1129 D AndroidRuntime: >>>>>> START com.android.internal.os.RuntimeInit uid 2000 <<<<<<
11-09 12:08:34.105  1129  1129 W app_process: Could not reserve sentinel fault page
11-09 12:08:34.136  1129  1129 W app_process: Unexpected CPU variant for X86 using defaults: x86
11-09 12:08:34.137  1129  1129 I app_process: The ClassLoaderContext is a special shared library.
11-09 12:08:34.138  1129  1129 I app_process: The ClassLoaderContext is a special shared library.
11-09 12:08:34.152  1129  1129 D AndroidRuntime: Calling main entry com.android.commands.uiautomator.Launcher
11-09 12:08:35.176  1129  1129 I AccessibilityNodeInfoDumper: Skipping invisible child: android.view.accessibility.AccessibilityNodeInfo@13ffc; boundsInParent: Rect(0, 0 - 1080, 1584); boundsInScreen: Rect(0, 126 - 0, 1710); packageName: org.mozilla.focus; className: android.widget.FrameLayout; text: null; error: null; maxTextLength: -1; contentDescription: null; viewIdResName: null; checkable: false; checked: false; focusable: false; focused: false; selected: false; clickable: false; longClickable: false; contextClickable: false; enabled: true; password: false; scrollable: false; importantForAccessibility: false; actions: [AccessibilityAction: ACTION_SELECT - null, AccessibilityAction: ACTION_CLEAR_SELECTION - null, AccessibilityAction: ACTION_ACCESSIBILITY_FOCUS - null, AccessibilityAction: ACTION_SHOW_ON_SCREEN - null]
11-09 12:08:35.177  1129  1129 I AccessibilityNodeInfoDumper: Skipping invisible child: android.view.accessibility.AccessibilityNodeInfo@1fbae; boundsInParent: Rect(0, 0 - 1080, 1584); boundsInScreen: Rect(1080, 126 - 1080, 1710); packageName: org.mozilla.focus; className: android.widget.FrameLayout; text: null; error: null; maxTextLength: -1; contentDescription: null; viewIdResName: null; checkable: false; checked: false; focusable: false; focused: false; selected: false; clickable: false; longClickable: false; contextClickable: false; enabled: true; password: false; scrollable: false; importantForAccessibility: false; actions: [AccessibilityAction: ACTION_SELECT - null, AccessibilityAction: ACTION_CLEAR_SELECTION - null, AccessibilityAction: ACTION_ACCESSIBILITY_FOCUS - null, AccessibilityAction: ACTION_SHOW_ON_SCREEN - null]
11-09 12:08:35.181  1129  1129 I app_process: Deoptimizing java.lang.String com.android.uiautomator.core.AccessibilityNodeInfoDumper.stripInvalidXMLChars(java.lang.CharSequence) due to JIT inline cache
11-09 12:08:35.186  1129  1129 W AccessibilityNodeInfoDumper: Fetch time: 11ms
11-09 12:08:35.187  1649  1800 W WindowManager: removeWindowToken: Attempted to remove non-existing token: android.os.Binder@8281b00
11-09 12:08:35.191  1129  1129 D AndroidRuntime: Shutting down VM
11-09 12:08:35.416  1146  1146 D AndroidRuntime: >>>>>> START com.android.internal.os.RuntimeInit uid 2000 <<<<<<
11-09 12:08:35.419  1146  1146 W app_process: Could not reserve sentinel fault page
11-09 12:08:35.449  1146  1146 W app_process: Unexpected CPU variant for X86 using defaults: x86
11-09 12:08:35.453  1146  1146 I app_process: The ClassLoaderContext is a special shared library.
11-09 12:08:35.453  1146  1146 I app_process: The ClassLoaderContext is a special shared library.
11-09 12:08:35.465  1146  1146 D AndroidRuntime: Calling main entry com.android.commands.uiautomator.Launcher
11-09 12:08:36.485  1146  1146 I AccessibilityNodeInfoDumper: Skipping invisible child: android.view.accessibility.AccessibilityNodeInfo@14003; boundsInParent: Rect(0, 0 - 1080, 1584); boundsInScreen: Rect(0, 126 - 0, 1710); packageName: org.mozilla.focus; className: android.widget.FrameLayout; text: null; error: null; maxTextLength: -1; contentDescription: null; viewIdResName: null; checkable: false; checked: false; focusable: false; focused: false; selected: false; clickable: false; longClickable: false; contextClickable: false; enabled: true; password: false; scrollable: false; importantForAccessibility: false; actions: [AccessibilityAction: ACTION_SELECT - null, AccessibilityAction: ACTION_CLEAR_SELECTION - null, AccessibilityAction: ACTION_ACCESSIBILITY_FOCUS - null, AccessibilityAction: ACTION_SHOW_ON_SCREEN - null]
11-09 12:08:36.486  1146  1146 I AccessibilityNodeInfoDumper: Skipping invisible child: android.view.accessibility.AccessibilityNodeInfo@1fbb5; boundsInParent: Rect(0, 0 - 1080, 1584); boundsInScreen: Rect(1080, 126 - 1080, 1710); packageName: org.mozilla.focus; className: android.widget.FrameLayout; text: null; error: null; maxTextLength: -1; contentDescription: null; viewIdResName: null; checkable: false; checked: false; focusable: false; focused: false; selected: false; clickable: false; longClickable: false; contextClickable: false; enabled: true; password: false; scrollable: false; importantForAccessibility: false; actions: [AccessibilityAction: ACTION_SELECT - null, AccessibilityAction: ACTION_CLEAR_SELECTION - null, AccessibilityAction: ACTION_ACCESSIBILITY_FOCUS - null, AccessibilityAction: ACTION_SHOW_ON_SCREEN - null]
11-09 12:08:36.491  1146  1146 I app_process: Deoptimizing java.lang.String com.android.uiautomator.core.AccessibilityNodeInfoDumper.stripInvalidXMLChars(java.lang.CharSequence) due to JIT inline cache
11-09 12:08:36.497  1146  1146 W AccessibilityNodeInfoDumper: Fetch time: 13ms
11-09 12:08:36.497  1649  3617 W WindowManager: removeWindowToken: Attempted to remove non-existing token: android.os.Binder@28d297e
11-09 12:08:36.506  1146  1146 D AndroidRuntime: Shutting down VM
11-09 12:08:36.724  4956  4991 W native  : jpeg_io.cc:108 File's first two bytes does not match the sequence 216
11-09 12:08:36.730  1164  1164 D AndroidRuntime: >>>>>> START com.android.internal.os.RuntimeInit uid 2000 <<<<<<
11-09 12:08:36.731  1164  1164 W app_process: Could not reserve sentinel fault page
11-09 12:08:36.776  1164  1164 W app_process: Unexpected CPU variant for X86 using defaults: x86
11-09 12:08:36.777  1164  1164 I app_process: The ClassLoaderContext is a special shared library.
11-09 12:08:36.778  1164  1164 I app_process: The ClassLoaderContext is a special shared library.
11-09 12:08:36.795  1164  1164 D AndroidRuntime: Calling main entry com.android.commands.uiautomator.Launcher
11-09 12:08:37.820  1164  1164 I AccessibilityNodeInfoDumper: Skipping invisible child: android.view.accessibility.AccessibilityNodeInfo@14010; boundsInParent: Rect(0, 0 - 1080, 1584); boundsInScreen: Rect(0, 126 - 0, 1710); packageName: org.mozilla.focus; className: android.widget.FrameLayout; text: null; error: null; maxTextLength: -1; contentDescription: null; viewIdResName: null; checkable: false; checked: false; focusable: false; focused: false; selected: false; clickable: false; longClickable: false; contextClickable: false; enabled: true; password: false; scrollable: false; importantForAccessibility: false; actions: [AccessibilityAction: ACTION_SELECT - null, AccessibilityAction: ACTION_CLEAR_SELECTION - null, AccessibilityAction: ACTION_ACCESSIBILITY_FOCUS - null, AccessibilityAction: ACTION_SHOW_ON_SCREEN - null]
11-09 12:08:37.822  1164  1164 I AccessibilityNodeInfoDumper: Skipping invisible child: android.view.accessibility.AccessibilityNodeInfo@1fbc2; boundsInParent: Rect(0, 0 - 1080, 1584); boundsInScreen: Rect(1080, 126 - 1080, 1710); packageName: org.mozilla.focus; className: android.widget.FrameLayout; text: null; error: null; maxTextLength: -1; contentDescription: null; viewIdResName: null; checkable: false; checked: false; focusable: false; focused: false; selected: false; clickable: false; longClickable: false; contextClickable: false; enabled: true; password: false; scrollable: false; importantForAccessibility: false; actions: [AccessibilityAction: ACTION_SELECT - null, AccessibilityAction: ACTION_CLEAR_SELECTION - null, AccessibilityAction: ACTION_ACCESSIBILITY_FOCUS - null, AccessibilityAction: ACTION_SHOW_ON_SCREEN - null]
11-09 12:08:37.826  1164  1164 I app_process: Deoptimizing java.lang.String com.android.uiautomator.core.AccessibilityNodeInfoDumper.stripInvalidXMLChars(java.lang.CharSequence) due to JIT inline cache
11-09 12:08:37.831  1164  1164 W AccessibilityNodeInfoDumper: Fetch time: 13ms
11-09 12:08:37.832  1649  2289 W WindowManager: removeWindowToken: Attempted to remove non-existing token: android.os.Binder@4009506
11-09 12:08:37.837  1164  1164 D AndroidRuntime: Shutting down VM
11-09 12:08:38.007  1177  1177 D AndroidRuntime: >>>>>> START com.android.internal.os.RuntimeInit uid 2000 <<<<<<
11-09 12:08:38.041  1177  1177 W app_process: Unexpected CPU variant for X86 using defaults: x86
11-09 12:08:38.044  1177  1177 I app_process: The ClassLoaderContext is a special shared library.
11-09 12:08:38.058  1177  1177 D AndroidRuntime: Calling main entry com.android.commands.input.Input
11-09 12:08:38.060  1177  1177 I Input   : injectMotionEvent: MotionEvent { action=ACTION_DOWN, actionButton=0, id[0]=0, x[0]=487.0, y[0]=138.0, toolType[0]=TOOL_TYPE_UNKNOWN, buttonState=0, metaState=0, flags=0x0, edgeFlags=0x0, pointerCount=1, historySize=0, eventTime=27942736, downTime=27942736, deviceId=0, source=0x1002 }
11-09 12:08:38.063  1177  1177 I Input   : injectMotionEvent: MotionEvent { action=ACTION_UP, actionButton=0, id[0]=0, x[0]=487.0, y[0]=138.0, toolType[0]=TOOL_TYPE_UNKNOWN, buttonState=0, metaState=0, flags=0x0, edgeFlags=0x0, pointerCount=1, historySize=0, eventTime=27942736, downTime=27942736, deviceId=0, source=0x1002 }
11-09 12:08:38.064  1177  1177 D AndroidRuntime: Shutting down VM
11-09 12:08:38.108  1751  1751 W LstmExtension: no lmDescriptor could be found for en_US/20170411
11-09 12:08:38.142  1751  1751 I chatty  : uid=10060(com.google.android.inputmethod.latin) identical 2 lines
11-09 12:08:38.143  1751  1751 W LstmExtension: no lmDescriptor could be found for en_US/20170411
11-09 12:08:38.267  1197  1197 D AndroidRuntime: >>>>>> START com.android.internal.os.RuntimeInit uid 2000 <<<<<<
11-09 12:08:38.299  1197  1197 W app_process: Unexpected CPU variant for X86 using defaults: x86
11-09 12:08:38.302  1197  1197 I app_process: The ClassLoaderContext is a special shared library.
11-09 12:08:38.315  1197  1197 D AndroidRuntime: Calling main entry com.android.commands.input.Input
11-09 12:08:38.317  1197  1197 I Input   : injectKeyEvent: KeyEvent { action=ACTION_DOWN, keyCode=KEYCODE_MOVE_END, scanCode=0, metaState=0, flags=0x0, repeatCount=0, eventTime=27942993, downTime=27942993, deviceId=-1, source=0x101 }
11-09 12:08:38.321  1197  1197 I Input   : injectKeyEvent: KeyEvent { action=ACTION_UP, keyCode=KEYCODE_MOVE_END, scanCode=0, metaState=0, flags=0x0, repeatCount=0, eventTime=27942993, downTime=27942993, deviceId=-1, source=0x101 }
11-09 12:08:38.323  1197  1197 D AndroidRuntime: Shutting down VM
11-09 12:08:38.453  1207  1207 D AndroidRuntime: >>>>>> START com.android.internal.os.RuntimeInit uid 2000 <<<<<<
11-09 12:08:38.483  1207  1207 W app_process: Unexpected CPU variant for X86 using defaults: x86
11-09 12:08:38.485  1207  1207 I app_process: The ClassLoaderContext is a special shared library.
11-09 12:08:38.497  1207  1207 D AndroidRuntime: Calling main entry com.android.commands.input.Input
11-09 12:08:38.497  1207  1207 I Input   : injectKeyEvent: KeyEvent { action=ACTION_DOWN, keyCode=KEYCODE_DEL, scanCode=0, metaState=0, flags=0x0, repeatCount=0, eventTime=27943175, downTime=27943175, deviceId=-1, source=0x101 }
11-09 12:08:38.503  1207  1207 I Input   : injectKeyEvent: KeyEvent { action=ACTION_UP, keyCode=KEYCODE_DEL, scanCode=0, metaState=0, flags=0x0, repeatCount=0, eventTime=27943175, downTime=27943175, deviceId=-1, source=0x101 }
11-09 12:08:38.505  1207  1207 I Input   : injectKeyEvent: KeyEvent { action=ACTION_DOWN, keyCode=KEYCODE_DEL, scanCode=0, metaState=0, flags=0x0, repeatCount=0, eventTime=27943183, downTime=27943183, deviceId=-1, source=0x101 }
11-09 12:08:38.509  1207  1207 I Input   : injectKeyEvent: KeyEvent { action=ACTION_UP, keyCode=KEYCODE_DEL, scanCode=0, metaState=0, flags=0x0, repeatCount=0, eventTime=27943183, downTime=27943183, deviceId=-1, source=0x101 }
11-09 12:08:38.511  1207  1207 I Input   : injectKeyEvent: KeyEvent { action=ACTION_DOWN, keyCode=KEYCODE_DEL, scanCode=0, metaState=0, flags=0x0, repeatCount=0, eventTime=27943188, downTime=27943188, deviceId=-1, source=0x101 }
11-09 12:08:38.513  1207  1207 I Input   : injectKeyEvent: KeyEvent { action=ACTION_UP, keyCode=KEYCODE_DEL, scanCode=0, metaState=0, flags=0x0, repeatCount=0, eventTime=27943188, downTime=27943188, deviceId=-1, source=0x101 }
11-09 12:08:38.514  1207  1207 I Input   : injectKeyEvent: KeyEvent { action=ACTION_DOWN, keyCode=KEYCODE_DEL, scanCode=0, metaState=0, flags=0x0, repeatCount=0, eventTime=27943192, downTime=27943192, deviceId=-1, source=0x101 }
11-09 12:08:38.516  1207  1207 I Input   : injectKeyEvent: KeyEvent { action=ACTION_UP, keyCode=KEYCODE_DEL, scanCode=0, metaState=0, flags=0x0, repeatCount=0, eventTime=27943192, downTime=27943192, deviceId=-1, source=0x101 }
11-09 12:08:38.517  1207  1207 I Input   : injectKeyEvent: KeyEvent { action=ACTION_DOWN, keyCode=KEYCODE_DEL, scanCode=0, metaState=0, flags=0x0, repeatCount=0, eventTime=27943195, downTime=27943195, deviceId=-1, source=0x101 }
11-09 12:08:38.519  1207  1207 I Input   : injectKeyEvent: KeyEvent { action=ACTION_UP, keyCode=KEYCODE_DEL, scanCode=0, metaState=0, flags=0x0, repeatCount=0, eventTime=27943195, downTime=27943195, deviceId=-1, source=0x101 }
11-09 12:08:38.520  1207  1207 I Input   : injectKeyEvent: KeyEvent { action=ACTION_DOWN, keyCode=KEYCODE_DEL, scanCode=0, metaState=0, flags=0x0, repeatCount=0, eventTime=27943198, downTime=27943198, deviceId=-1, source=0x101 }
11-09 12:08:38.521  1207  1207 I Input   : injectKeyEvent: KeyEvent { action=ACTION_UP, keyCode=KEYCODE_DEL, scanCode=0, metaState=0, flags=0x0, repeatCount=0, eventTime=27943198, downTime=27943198, deviceId=-1, source=0x101 }
11-09 12:08:38.523  1207  1207 I Input   : injectKeyEvent: KeyEvent { action=ACTION_DOWN, keyCode=KEYCODE_DEL, scanCode=0, metaState=0, flags=0x0, repeatCount=0, eventTime=27943200, downTime=27943200, deviceId=-1, source=0x101 }
11-09 12:08:38.528  1207  1207 I Input   : injectKeyEvent: KeyEvent { action=ACTION_UP, keyCode=KEYCODE_DEL, scanCode=0, metaState=0, flags=0x0, repeatCount=0, eventTime=27943200, downTime=27943200, deviceId=-1, source=0x101 }
11-09 12:08:38.529  1207  1207 I Input   : injectKeyEvent: KeyEvent { action=ACTION_DOWN, keyCode=KEYCODE_DEL, scanCode=0, metaState=0, flags=0x0, repeatCount=0, eventTime=27943207, downTime=27943207, deviceId=-1, source=0x101 }
11-09 12:08:38.531  1207  1207 I Input   : injectKeyEvent: KeyEvent { action=ACTION_UP, keyCode=KEYCODE_DEL, scanCode=0, metaState=0, flags=0x0, repeatCount=0, eventTime=27943207, downTime=27943207, deviceId=-1, source=0x101 }
11-09 12:08:38.533  1207  1207 I Input   : injectKeyEvent: KeyEvent { action=ACTION_DOWN, keyCode=KEYCODE_DEL, scanCode=0, metaState=0, flags=0x0, repeatCount=0, eventTime=27943211, downTime=27943211, deviceId=-1, source=0x101 }
11-09 12:08:38.535  1207  1207 I Input   : injectKeyEvent: KeyEvent { action=ACTION_UP, keyCode=KEYCODE_DEL, scanCode=0, metaState=0, flags=0x0, repeatCount=0, eventTime=27943211, downTime=27943211, deviceId=-1, source=0x101 }
11-09 12:08:38.537  1207  1207 I Input   : injectKeyEvent: KeyEvent { action=ACTION_DOWN, keyCode=KEYCODE_DEL, scanCode=0, metaState=0, flags=0x0, repeatCount=0, eventTime=27943215, downTime=27943215, deviceId=-1, source=0x101 }
11-09 12:08:38.539  1207  1207 I Input   : injectKeyEvent: KeyEvent { action=ACTION_UP, keyCode=KEYCODE_DEL, scanCode=0, metaState=0, flags=0x0, repeatCount=0, eventTime=27943215, downTime=27943215, deviceId=-1, source=0x101 }
11-09 12:08:38.540  1207  1207 I Input   : injectKeyEvent: KeyEvent { action=ACTION_DOWN, keyCode=KEYCODE_DEL, scanCode=0, metaState=0, flags=0x0, repeatCount=0, eventTime=27943218, downTime=27943218, deviceId=-1, source=0x101 }
11-09 12:08:38.545  1207  1207 I Input   : injectKeyEvent: KeyEvent { action=ACTION_UP, keyCode=KEYCODE_DEL, scanCode=0, metaState=0, flags=0x0, repeatCount=0, eventTime=27943218, downTime=27943218, deviceId=-1, source=0x101 }
11-09 12:08:38.547  1207  1207 I Input   : injectKeyEvent: KeyEvent { action=ACTION_DOWN, keyCode=KEYCODE_DEL, scanCode=0, metaState=0, flags=0x0, repeatCount=0, eventTime=27943224, downTime=27943224, deviceId=-1, source=0x101 }
11-09 12:08:38.549  1207  1207 I Input   : injectKeyEvent: KeyEvent { action=ACTION_UP, keyCode=KEYCODE_DEL, scanCode=0, metaState=0, flags=0x0, repeatCount=0, eventTime=27943224, downTime=27943224, deviceId=-1, source=0x101 }
11-09 12:08:38.550  1207  1207 I Input   : injectKeyEvent: KeyEvent { action=ACTION_DOWN, keyCode=KEYCODE_DEL, scanCode=0, metaState=0, flags=0x0, repeatCount=0, eventTime=27943228, downTime=27943228, deviceId=-1, source=0x101 }
11-09 12:08:38.553  1207  1207 I Input   : injectKeyEvent: KeyEvent { action=ACTION_UP, keyCode=KEYCODE_DEL, scanCode=0, metaState=0, flags=0x0, repeatCount=0, eventTime=27943228, downTime=27943228, deviceId=-1, source=0x101 }
11-09 12:08:38.554  1207  1207 I Input   : injectKeyEvent: KeyEvent { action=ACTION_DOWN, keyCode=KEYCODE_DEL, scanCode=0, metaState=0, flags=0x0, repeatCount=0, eventTime=27943232, downTime=27943232, deviceId=-1, source=0x101 }
11-09 12:08:38.556  1207  1207 I Input   : injectKeyEvent: KeyEvent { action=ACTION_UP, keyCode=KEYCODE_DEL, scanCode=0, metaState=0, flags=0x0, repeatCount=0, eventTime=27943232, downTime=27943232, deviceId=-1, source=0x101 }
11-09 12:08:38.557  1207  1207 I Input   : injectKeyEvent: KeyEvent { action=ACTION_DOWN, keyCode=KEYCODE_DEL, scanCode=0, metaState=0, flags=0x0, repeatCount=0, eventTime=27943235, downTime=27943235, deviceId=-1, source=0x101 }
11-09 12:08:38.560  1207  1207 I Input   : injectKeyEvent: KeyEvent { action=ACTION_UP, keyCode=KEYCODE_DEL, scanCode=0, metaState=0, flags=0x0, repeatCount=0, eventTime=27943235, downTime=27943235, deviceId=-1, source=0x101 }
11-09 12:08:38.562  1207  1207 I Input   : injectKeyEvent: KeyEvent { action=ACTION_DOWN, keyCode=KEYCODE_DEL, scanCode=0, metaState=0, flags=0x0, repeatCount=0, eventTime=27943240, downTime=27943240, deviceId=-1, source=0x101 }
11-09 12:08:38.564  1207  1207 I Input   : injectKeyEvent: KeyEvent { action=ACTION_UP, keyCode=KEYCODE_DEL, scanCode=0, metaState=0, flags=0x0, repeatCount=0, eventTime=27943240, downTime=27943240, deviceId=-1, source=0x101 }
11-09 12:08:38.566  1207  1207 I Input   : injectKeyEvent: KeyEvent { action=ACTION_DOWN, keyCode=KEYCODE_DEL, scanCode=0, metaState=0, flags=0x0, repeatCount=0, eventTime=27943243, downTime=27943243, deviceId=-1, source=0x101 }
11-09 12:08:38.567  1207  1207 I Input   : injectKeyEvent: KeyEvent { action=ACTION_UP, keyCode=KEYCODE_DEL, scanCode=0, metaState=0, flags=0x0, repeatCount=0, eventTime=27943243, downTime=27943243, deviceId=-1, source=0x101 }
11-09 12:08:38.569  1207  1207 I Input   : injectKeyEvent: KeyEvent { action=ACTION_DOWN, keyCode=KEYCODE_DEL, scanCode=0, metaState=0, flags=0x0, repeatCount=0, eventTime=27943247, downTime=27943247, deviceId=-1, source=0x101 }
11-09 12:08:38.570  1207  1207 I Input   : injectKeyEvent: KeyEvent { action=ACTION_UP, keyCode=KEYCODE_DEL, scanCode=0, metaState=0, flags=0x0, repeatCount=0, eventTime=27943247, downTime=27943247, deviceId=-1, source=0x101 }
11-09 12:08:38.572  1207  1207 I Input   : injectKeyEvent: KeyEvent { action=ACTION_DOWN, keyCode=KEYCODE_DEL, scanCode=0, metaState=0, flags=0x0, repeatCount=0, eventTime=27943249, downTime=27943249, deviceId=-1, source=0x101 }
11-09 12:08:38.574  1207  1207 I Input   : injectKeyEvent: KeyEvent { action=ACTION_UP, keyCode=KEYCODE_DEL, scanCode=0, metaState=0, flags=0x0, repeatCount=0, eventTime=27943249, downTime=27943249, deviceId=-1, source=0x101 }
11-09 12:08:38.575  1207  1207 I Input   : injectKeyEvent: KeyEvent { action=ACTION_DOWN, keyCode=KEYCODE_DEL, scanCode=0, metaState=0, flags=0x0, repeatCount=0, eventTime=27943253, downTime=27943253, deviceId=-1, source=0x101 }
11-09 12:08:38.578  1207  1207 I Input   : injectKeyEvent: KeyEvent { action=ACTION_UP, keyCode=KEYCODE_DEL, scanCode=0, metaState=0, flags=0x0, repeatCount=0, eventTime=27943253, downTime=27943253, deviceId=-1, source=0x101 }
11-09 12:08:38.580  1207  1207 I Input   : injectKeyEvent: KeyEvent { action=ACTION_DOWN, keyCode=KEYCODE_DEL, scanCode=0, metaState=0, flags=0x0, repeatCount=0, eventTime=27943257, downTime=27943257, deviceId=-1, source=0x101 }
11-09 12:08:38.581  1207  1207 I Input   : injectKeyEvent: KeyEvent { action=ACTION_UP, keyCode=KEYCODE_DEL, scanCode=0, metaState=0, flags=0x0, repeatCount=0, eventTime=27943257, downTime=27943257, deviceId=-1, source=0x101 }
11-09 12:08:38.584  1207  1207 I Input   : injectKeyEvent: KeyEvent { action=ACTION_DOWN, keyCode=KEYCODE_DEL, scanCode=0, metaState=0, flags=0x0, repeatCount=0, eventTime=27943261, downTime=27943261, deviceId=-1, source=0x101 }
11-09 12:08:38.586  1207  1207 I Input   : injectKeyEvent: KeyEvent { action=ACTION_UP, keyCode=KEYCODE_DEL, scanCode=0, metaState=0, flags=0x0, repeatCount=0, eventTime=27943261, downTime=27943261, deviceId=-1, source=0x101 }
11-09 12:08:38.588  1207  1207 I Input   : injectKeyEvent: KeyEvent { action=ACTION_DOWN, keyCode=KEYCODE_DEL, scanCode=0, metaState=0, flags=0x0, repeatCount=0, eventTime=27943265, downTime=27943265, deviceId=-1, source=0x101 }
11-09 12:08:38.589  1207  1207 I Input   : injectKeyEvent: KeyEvent { action=ACTION_UP, keyCode=KEYCODE_DEL, scanCode=0, metaState=0, flags=0x0, repeatCount=0, eventTime=27943265, downTime=27943265, deviceId=-1, source=0x101 }
11-09 12:08:38.590  1207  1207 I Input   : injectKeyEvent: KeyEvent { action=ACTION_DOWN, keyCode=KEYCODE_DEL, scanCode=0, metaState=0, flags=0x0, repeatCount=0, eventTime=27943268, downTime=27943268, deviceId=-1, source=0x101 }
11-09 12:08:38.592  1207  1207 I Input   : injectKeyEvent: KeyEvent { action=ACTION_UP, keyCode=KEYCODE_DEL, scanCode=0, metaState=0, flags=0x0, repeatCount=0, eventTime=27943268, downTime=27943268, deviceId=-1, source=0x101 }
11-09 12:08:38.597  1207  1207 I Input   : injectKeyEvent: KeyEvent { action=ACTION_DOWN, keyCode=KEYCODE_DEL, scanCode=0, metaState=0, flags=0x0, repeatCount=0, eventTime=27943274, downTime=27943274, deviceId=-1, source=0x101 }
11-09 12:08:38.598  1207  1207 I Input   : injectKeyEvent: KeyEvent { action=ACTION_UP, keyCode=KEYCODE_DEL, scanCode=0, metaState=0, flags=0x0, repeatCount=0, eventTime=27943274, downTime=27943274, deviceId=-1, source=0x101 }
11-09 12:08:38.600  1207  1207 I Input   : injectKeyEvent: KeyEvent { action=ACTION_DOWN, keyCode=KEYCODE_DEL, scanCode=0, metaState=0, flags=0x0, repeatCount=0, eventTime=27943278, downTime=27943278, deviceId=-1, source=0x101 }
11-09 12:08:38.604  1207  1207 I Input   : injectKeyEvent: KeyEvent { action=ACTION_UP, keyCode=KEYCODE_DEL, scanCode=0, metaState=0, flags=0x0, repeatCount=0, eventTime=27943278, downTime=27943278, deviceId=-1, source=0x101 }
11-09 12:08:38.605  1207  1207 I Input   : injectKeyEvent: KeyEvent { action=ACTION_DOWN, keyCode=KEYCODE_DEL, scanCode=0, metaState=0, flags=0x0, repeatCount=0, eventTime=27943283, downTime=27943283, deviceId=-1, source=0x101 }
11-09 12:08:38.606  1207  1207 I Input   : injectKeyEvent: KeyEvent { action=ACTION_UP, keyCode=KEYCODE_DEL, scanCode=0, metaState=0, flags=0x0, repeatCount=0, eventTime=27943283, downTime=27943283, deviceId=-1, source=0x101 }
11-09 12:08:38.608  1207  1207 I Input   : injectKeyEvent: KeyEvent { action=ACTION_DOWN, keyCode=KEYCODE_DEL, scanCode=0, metaState=0, flags=0x0, repeatCount=0, eventTime=27943285, downTime=27943285, deviceId=-1, source=0x101 }
11-09 12:08:38.609  1207  1207 I Input   : injectKeyEvent: KeyEvent { action=ACTION_UP, keyCode=KEYCODE_DEL, scanCode=0, metaState=0, flags=0x0, repeatCount=0, eventTime=27943285, downTime=27943285, deviceId=-1, source=0x101 }
11-09 12:08:38.611  1207  1207 I Input   : injectKeyEvent: KeyEvent { action=ACTION_DOWN, keyCode=KEYCODE_DEL, scanCode=0, metaState=0, flags=0x0, repeatCount=0, eventTime=27943288, downTime=27943288, deviceId=-1, source=0x101 }
11-09 12:08:38.613  1207  1207 I Input   : injectKeyEvent: KeyEvent { action=ACTION_UP, keyCode=KEYCODE_DEL, scanCode=0, metaState=0, flags=0x0, repeatCount=0, eventTime=27943288, downTime=27943288, deviceId=-1, source=0x101 }
11-09 12:08:38.617  1207  1207 I Input   : injectKeyEvent: KeyEvent { action=ACTION_DOWN, keyCode=KEYCODE_DEL, scanCode=0, metaState=0, flags=0x0, repeatCount=0, eventTime=27943295, downTime=27943295, deviceId=-1, source=0x101 }
11-09 12:08:38.620  1207  1207 I Input   : injectKeyEvent: KeyEvent { action=ACTION_UP, keyCode=KEYCODE_DEL, scanCode=0, metaState=0, flags=0x0, repeatCount=0, eventTime=27943295, downTime=27943295, deviceId=-1, source=0x101 }
11-09 12:08:38.621  1207  1207 I Input   : injectKeyEvent: KeyEvent { action=ACTION_DOWN, keyCode=KEYCODE_DEL, scanCode=0, metaState=0, flags=0x0, repeatCount=0, eventTime=27943299, downTime=27943299, deviceId=-1, source=0x101 }
11-09 12:08:38.623  1207  1207 I Input   : injectKeyEvent: KeyEvent { action=ACTION_UP, keyCode=KEYCODE_DEL, scanCode=0, metaState=0, flags=0x0, repeatCount=0, eventTime=27943299, downTime=27943299, deviceId=-1, source=0x101 }
11-09 12:08:38.626  1207  1207 I Input   : injectKeyEvent: KeyEvent { action=ACTION_DOWN, keyCode=KEYCODE_DEL, scanCode=0, metaState=0, flags=0x0, repeatCount=0, eventTime=27943303, downTime=27943303, deviceId=-1, source=0x101 }
11-09 12:08:38.627  1207  1207 I Input   : injectKeyEvent: KeyEvent { action=ACTION_UP, keyCode=KEYCODE_DEL, scanCode=0, metaState=0, flags=0x0, repeatCount=0, eventTime=27943303, downTime=27943303, deviceId=-1, source=0x101 }
11-09 12:08:38.628  1207  1207 I Input   : injectKeyEvent: KeyEvent { action=ACTION_DOWN, keyCode=KEYCODE_DEL, scanCode=0, metaState=0, flags=0x0, repeatCount=0, eventTime=27943306, downTime=27943306, deviceId=-1, source=0x101 }
11-09 12:08:38.631  1207  1207 I Input   : injectKeyEvent: KeyEvent { action=ACTION_UP, keyCode=KEYCODE_DEL, scanCode=0, metaState=0, flags=0x0, repeatCount=0, eventTime=27943306, downTime=27943306, deviceId=-1, source=0x101 }
11-09 12:08:38.634  1207  1207 I Input   : injectKeyEvent: KeyEvent { action=ACTION_DOWN, keyCode=KEYCODE_DEL, scanCode=0, metaState=0, flags=0x0, repeatCount=0, eventTime=27943312, downTime=27943312, deviceId=-1, source=0x101 }
11-09 12:08:38.636  1207  1207 I Input   : injectKeyEvent: KeyEvent { action=ACTION_UP, keyCode=KEYCODE_DEL, scanCode=0, metaState=0, flags=0x0, repeatCount=0, eventTime=27943312, downTime=27943312, deviceId=-1, source=0x101 }
11-09 12:08:38.638  1207  1207 I Input   : injectKeyEvent: KeyEvent { action=ACTION_DOWN, keyCode=KEYCODE_DEL, scanCode=0, metaState=0, flags=0x0, repeatCount=0, eventTime=27943316, downTime=27943316, deviceId=-1, source=0x101 }
11-09 12:08:38.640  1207  1207 I Input   : injectKeyEvent: KeyEvent { action=ACTION_UP, keyCode=KEYCODE_DEL, scanCode=0, metaState=0, flags=0x0, repeatCount=0, eventTime=27943316, downTime=27943316, deviceId=-1, source=0x101 }
11-09 12:08:38.641  1207  1207 I Input   : injectKeyEvent: KeyEvent { action=ACTION_DOWN, keyCode=KEYCODE_DEL, scanCode=0, metaState=0, flags=0x0, repeatCount=0, eventTime=27943319, downTime=27943319, deviceId=-1, source=0x101 }
11-09 12:08:38.643  1207  1207 I Input   : injectKeyEvent: KeyEvent { action=ACTION_UP, keyCode=KEYCODE_DEL, scanCode=0, metaState=0, flags=0x0, repeatCount=0, eventTime=27943319, downTime=27943319, deviceId=-1, source=0x101 }
11-09 12:08:38.645  1207  1207 I Input   : injectKeyEvent: KeyEvent { action=ACTION_DOWN, keyCode=KEYCODE_DEL, scanCode=0, metaState=0, flags=0x0, repeatCount=0, eventTime=27943322, downTime=27943322, deviceId=-1, source=0x101 }
11-09 12:08:38.646  1207  1207 I Input   : injectKeyEvent: KeyEvent { action=ACTION_UP, keyCode=KEYCODE_DEL, scanCode=0, metaState=0, flags=0x0, repeatCount=0, eventTime=27943322, downTime=27943322, deviceId=-1, source=0x101 }
11-09 12:08:38.650  1207  1207 I Input   : injectKeyEvent: KeyEvent { action=ACTION_DOWN, keyCode=KEYCODE_DEL, scanCode=0, metaState=0, flags=0x0, repeatCount=0, eventTime=27943328, downTime=27943328, deviceId=-1, source=0x101 }
11-09 12:08:38.653  1207  1207 I Input   : injectKeyEvent: KeyEvent { action=ACTION_UP, keyCode=KEYCODE_DEL, scanCode=0, metaState=0, flags=0x0, repeatCount=0, eventTime=27943328, downTime=27943328, deviceId=-1, source=0x101 }
11-09 12:08:38.655  1207  1207 I Input   : injectKeyEvent: KeyEvent { action=ACTION_DOWN, keyCode=KEYCODE_DEL, scanCode=0, metaState=0, flags=0x0, repeatCount=0, eventTime=27943333, downTime=27943333, deviceId=-1, source=0x101 }
11-09 12:08:38.657  1207  1207 I Input   : injectKeyEvent: KeyEvent { action=ACTION_UP, keyCode=KEYCODE_DEL, scanCode=0, metaState=0, flags=0x0, repeatCount=0, eventTime=27943333, downTime=27943333, deviceId=-1, source=0x101 }
11-09 12:08:38.658  1207  1207 I Input   : injectKeyEvent: KeyEvent { action=ACTION_DOWN, keyCode=KEYCODE_DEL, scanCode=0, metaState=0, flags=0x0, repeatCount=0, eventTime=27943336, downTime=27943336, deviceId=-1, source=0x101 }
11-09 12:08:38.660  1207  1207 I Input   : injectKeyEvent: KeyEvent { action=ACTION_UP, keyCode=KEYCODE_DEL, scanCode=0, metaState=0, flags=0x0, repeatCount=0, eventTime=27943336, downTime=27943336, deviceId=-1, source=0x101 }
11-09 12:08:38.661  1207  1207 I Input   : injectKeyEvent: KeyEvent { action=ACTION_DOWN, keyCode=KEYCODE_DEL, scanCode=0, metaState=0, flags=0x0, repeatCount=0, eventTime=27943339, downTime=27943339, deviceId=-1, source=0x101 }
11-09 12:08:38.663  1207  1207 I Input   : injectKeyEvent: KeyEvent { action=ACTION_UP, keyCode=KEYCODE_DEL, scanCode=0, metaState=0, flags=0x0, repeatCount=0, eventTime=27943339, downTime=27943339, deviceId=-1, source=0x101 }
11-09 12:08:38.666  1207  1207 I Input   : injectKeyEvent: KeyEvent { action=ACTION_DOWN, keyCode=KEYCODE_DEL, scanCode=0, metaState=0, flags=0x0, repeatCount=0, eventTime=27943344, downTime=27943344, deviceId=-1, source=0x101 }
11-09 12:08:38.670  1207  1207 I Input   : injectKeyEvent: KeyEvent { action=ACTION_UP, keyCode=KEYCODE_DEL, scanCode=0, metaState=0, flags=0x0, repeatCount=0, eventTime=27943344, downTime=27943344, deviceId=-1, source=0x101 }
11-09 12:08:38.671  1207  1207 I Input   : injectKeyEvent: KeyEvent { action=ACTION_DOWN, keyCode=KEYCODE_DEL, scanCode=0, metaState=0, flags=0x0, repeatCount=0, eventTime=27943349, downTime=27943349, deviceId=-1, source=0x101 }
11-09 12:08:38.673  1207  1207 I Input   : injectKeyEvent: KeyEvent { action=ACTION_UP, keyCode=KEYCODE_DEL, scanCode=0, metaState=0, flags=0x0, repeatCount=0, eventTime=27943349, downTime=27943349, deviceId=-1, source=0x101 }
11-09 12:08:38.674  1207  1207 I Input   : injectKeyEvent: KeyEvent { action=ACTION_DOWN, keyCode=KEYCODE_DEL, scanCode=0, metaState=0, flags=0x0, repeatCount=0, eventTime=27943352, downTime=27943352, deviceId=-1, source=0x101 }
11-09 12:08:38.676  1207  1207 I Input   : injectKeyEvent: KeyEvent { action=ACTION_UP, keyCode=KEYCODE_DEL, scanCode=0, metaState=0, flags=0x0, repeatCount=0, eventTime=27943352, downTime=27943352, deviceId=-1, source=0x101 }
11-09 12:08:38.677  1207  1207 I Input   : injectKeyEvent: KeyEvent { action=ACTION_DOWN, keyCode=KEYCODE_DEL, scanCode=0, metaState=0, flags=0x0, repeatCount=0, eventTime=27943355, downTime=27943355, deviceId=-1, source=0x101 }
11-09 12:08:38.679  1207  1207 I Input   : injectKeyEvent: KeyEvent { action=ACTION_UP, keyCode=KEYCODE_DEL, scanCode=0, metaState=0, flags=0x0, repeatCount=0, eventTime=27943355, downTime=27943355, deviceId=-1, source=0x101 }
11-09 12:08:38.681  1207  1207 I Input   : injectKeyEvent: KeyEvent { action=ACTION_DOWN, keyCode=KEYCODE_DEL, scanCode=0, metaState=0, flags=0x0, repeatCount=0, eventTime=27943358, downTime=27943358, deviceId=-1, source=0x101 }
11-09 12:08:38.682  1207  1207 I Input   : injectKeyEvent: KeyEvent { action=ACTION_UP, keyCode=KEYCODE_DEL, scanCode=0, metaState=0, flags=0x0, repeatCount=0, eventTime=27943358, downTime=27943358, deviceId=-1, source=0x101 }
11-09 12:08:38.689  1207  1207 I Input   : injectKeyEvent: KeyEvent { action=ACTION_DOWN, keyCode=KEYCODE_DEL, scanCode=0, metaState=0, flags=0x0, repeatCount=0, eventTime=27943367, downTime=27943367, deviceId=-1, source=0x101 }
11-09 12:08:38.690  1207  1207 I Input   : injectKeyEvent: KeyEvent { action=ACTION_UP, keyCode=KEYCODE_DEL, scanCode=0, metaState=0, flags=0x0, repeatCount=0, eventTime=27943367, downTime=27943367, deviceId=-1, source=0x101 }
11-09 12:08:38.691  1207  1207 I Input   : injectKeyEvent: KeyEvent { action=ACTION_DOWN, keyCode=KEYCODE_DEL, scanCode=0, metaState=0, flags=0x0, repeatCount=0, eventTime=27943369, downTime=27943369, deviceId=-1, source=0x101 }
11-09 12:08:38.693  1207  1207 I Input   : injectKeyEvent: KeyEvent { action=ACTION_UP, keyCode=KEYCODE_DEL, scanCode=0, metaState=0, flags=0x0, repeatCount=0, eventTime=27943369, downTime=27943369, deviceId=-1, source=0x101 }
11-09 12:08:38.695  1207  1207 I Input   : injectKeyEvent: KeyEvent { action=ACTION_DOWN, keyCode=KEYCODE_DEL, scanCode=0, metaState=0, flags=0x0, repeatCount=0, eventTime=27943372, downTime=27943372, deviceId=-1, source=0x101 }
11-09 12:08:38.696  1207  1207 I Input   : injectKeyEvent: KeyEvent { action=ACTION_UP, keyCode=KEYCODE_DEL, scanCode=0, metaState=0, flags=0x0, repeatCount=0, eventTime=27943372, downTime=27943372, deviceId=-1, source=0x101 }
11-09 12:08:38.697  1207  1207 I Input   : injectKeyEvent: KeyEvent { action=ACTION_DOWN, keyCode=KEYCODE_DEL, scanCode=0, metaState=0, flags=0x0, repeatCount=0, eventTime=27943375, downTime=27943375, deviceId=-1, source=0x101 }
11-09 12:08:38.699  1207  1207 I Input   : injectKeyEvent: KeyEvent { action=ACTION_UP, keyCode=KEYCODE_DEL, scanCode=0, metaState=0, flags=0x0, repeatCount=0, eventTime=27943375, downTime=27943375, deviceId=-1, source=0x101 }
11-09 12:08:38.705  1207  1207 D AndroidRuntime: Shutting down VM
11-09 12:08:38.847  1217  1217 D AndroidRuntime: >>>>>> START com.android.internal.os.RuntimeInit uid 2000 <<<<<<
11-09 12:08:38.878  1217  1217 W app_process: Unexpected CPU variant for X86 using defaults: x86
11-09 12:08:38.879  1217  1217 I app_process: The ClassLoaderContext is a special shared library.
11-09 12:08:38.892  1217  1217 D AndroidRuntime: Calling main entry com.android.commands.input.Input
11-09 12:08:38.894  1217  1217 I Input   : injectKeyEvent: KeyEvent { action=ACTION_DOWN, keyCode=KEYCODE_N, scanCode=0, metaState=0, flags=0x0, repeatCount=0, eventTime=27943572, downTime=27943572, deviceId=-1, source=0x101 }
11-09 12:08:38.897  1217  1217 I Input   : injectKeyEvent: KeyEvent { action=ACTION_UP, keyCode=KEYCODE_N, scanCode=0, metaState=0, flags=0x0, repeatCount=0, eventTime=27943572, downTime=27943572, deviceId=-1, source=0x101 }
11-09 12:08:38.907  1751  1751 W GInputConnectionWrapper: Fixing selection indices to 0, 0
11-09 12:08:38.916  1751  1751 I native  : input-context-store.cc:113 Using roll back input context operation: [DecodeTouch] reason: client [2989] vs decoder [2990]
11-09 12:08:38.920  1217  1217 I Input   : injectKeyEvent: KeyEvent { action=ACTION_DOWN, keyCode=KEYCODE_U, scanCode=0, metaState=0, flags=0x0, repeatCount=0, eventTime=27943572, downTime=27943572, deviceId=-1, source=0x101 }
11-09 12:08:38.926  1439  1480 D gralloc_ranchu: gralloc_alloc: Creating ashmem region of size 8024064
11-09 12:08:38.931  1765  2009 D EGL_emulation: eglMakeCurrent: 0xd729fb60: ver 3 0 (tinfo 0xd7dd29c0)
11-09 12:08:38.934  1450  1726 D         : HostConnection::get() New Host Connection established 0xe71679c0, tid 1726
11-09 12:08:38.940  1439  1480 D gralloc_ranchu: gralloc_alloc: Creating ashmem region of size 8024064
11-09 12:08:38.948  1439  5111 D gralloc_ranchu: gralloc_alloc: Creating ashmem region of size 8024064
11-09 12:08:38.961  1751  1751 I native  : input-context-store.cc:113 Using roll back input context operation: [DecodeTouch] reason: client [2991] vs decoder [2992]
11-09 12:08:38.970  1751  9832 D EGL_emulation: eglMakeCurrent: 0xd80d37c0: ver 3 0 (tinfo 0xd6830cf0)
11-09 12:08:38.975  1217  1217 I Input   : injectKeyEvent: KeyEvent { action=ACTION_UP, keyCode=KEYCODE_U, scanCode=0, metaState=0, flags=0x0, repeatCount=0, eventTime=27943572, downTime=27943572, deviceId=-1, source=0x101 }
11-09 12:08:38.980  1217  1217 I Input   : injectKeyEvent: KeyEvent { action=ACTION_DOWN, keyCode=KEYCODE_L, scanCode=0, metaState=0, flags=0x0, repeatCount=0, eventTime=27943572, downTime=27943572, deviceId=-1, source=0x101 }
11-09 12:08:38.989  1217  1217 I Input   : injectKeyEvent: KeyEvent { action=ACTION_UP, keyCode=KEYCODE_L, scanCode=0, metaState=0, flags=0x0, repeatCount=0, eventTime=27943572, downTime=27943572, deviceId=-1, source=0x101 }
11-09 12:08:38.991  1217  1217 I Input   : injectKeyEvent: KeyEvent { action=ACTION_DOWN, keyCode=KEYCODE_L, scanCode=0, metaState=0, flags=0x0, repeatCount=0, eventTime=27943572, downTime=27943572, deviceId=-1, source=0x101 }
11-09 12:08:38.994  1217  1217 I Input   : injectKeyEvent: KeyEvent { action=ACTION_UP, keyCode=KEYCODE_L, scanCode=0, metaState=0, flags=0x0, repeatCount=0, eventTime=27943572, downTime=27943572, deviceId=-1, source=0x101 }
11-09 12:08:38.995  1217  1217 D AndroidRuntime: Shutting down VM
11-09 12:08:39.046  1751  1751 W LstmExtension: no lmDescriptor could be found for en_US/20170411
11-09 12:08:39.047  1751  1751 W LstmExtension: no lmDescriptor could be found for en_US/20170411
11-09 12:08:39.188  1232  1232 D AndroidRuntime: >>>>>> START com.android.internal.os.RuntimeInit uid 2000 <<<<<<
11-09 12:08:39.226  1232  1232 W app_process: Unexpected CPU variant for X86 using defaults: x86
11-09 12:08:39.226  1232  1232 I app_process: The ClassLoaderContext is a special shared library.
11-09 12:08:39.241  1232  1232 D AndroidRuntime: Calling main entry com.android.commands.input.Input
11-09 12:08:39.242  1232  1232 I Input   : injectKeyEvent: KeyEvent { action=ACTION_DOWN, keyCode=KEYCODE_ESCAPE, scanCode=0, metaState=0, flags=0x0, repeatCount=0, eventTime=27943919, downTime=27943919, deviceId=-1, source=0x101 }
11-09 12:08:39.248  1232  1232 I Input   : injectKeyEvent: KeyEvent { action=ACTION_UP, keyCode=KEYCODE_ESCAPE, scanCode=0, metaState=0, flags=0x0, repeatCount=0, eventTime=27943919, downTime=27943919, deviceId=-1, source=0x101 }
11-09 12:08:39.252  1232  1232 D AndroidRuntime: Shutting down VM
11-09 12:08:39.261  1751  9832 D EGL_emulation: eglMakeCurrent: 0xd80d37c0: ver 3 0 (tinfo 0xd6830cf0)
11-09 12:08:39.455  1440  1484 D gralloc_ranchu: gralloc_unregister_buffer: exiting HostConnection (is buffer-handling thread)
11-09 12:08:39.455  1440  1484 D         : HostConnection::get() New Host Connection established 0xf1a23a40, tid 1484
11-09 12:08:39.456  1440  1484 D gralloc_ranchu: gralloc_unregister_buffer: exiting HostConnection (is buffer-handling thread)
11-09 12:08:39.456  1440  1484 D         : HostConnection::get() New Host Connection established 0xf1a23a40, tid 1484
11-09 12:08:39.457  1440  1484 D gralloc_ranchu: gralloc_unregister_buffer: exiting HostConnection (is buffer-handling thread)
11-09 12:08:39.457  1440  1484 D         : HostConnection::get() New Host Connection established 0xf1a23a40, tid 1484
11-09 12:08:39.457  1440  1484 D gralloc_ranchu: gralloc_unregister_buffer: exiting HostConnection (is buffer-handling thread)
11-09 12:08:39.458  1440  1484 D         : HostConnection::get() New Host Connection established 0xf1a23a40, tid 1484
11-09 12:08:39.458  1440  1484 D gralloc_ranchu: gralloc_unregister_buffer: exiting HostConnection (is buffer-handling thread)
11-09 12:08:39.459  1440  1484 D         : HostConnection::get() New Host Connection established 0xf1a23a40, tid 1484
11-09 12:08:39.459  1440  1484 D gralloc_ranchu: gralloc_unregister_buffer: exiting HostConnection (is buffer-handling thread)
11-09 12:08:39.463  1440  1484 D         : HostConnection::get() New Host Connection established 0xf1a23a40, tid 1484
11-09 12:08:40.907  1450  1750 E SurfaceFlinger: ro.sf.lcd_density must be defined as a build property
11-09 12:08:40.914  1439  5111 D gralloc_ranchu: gralloc_alloc: Creating ashmem region of size 8298496
11-09 12:08:40.918  1247  1247 D         : HostConnection::get() New Host Connection established 0xeeb48240, tid 1247
11-09 12:08:40.921  1450  1750 D         : HostConnection::get() New Host Connection established 0xe7167380, tid 1750
11-09 12:08:40.924  1450  1750 D gralloc_ranchu: gralloc_unregister_buffer: exiting HostConnection (is buffer-handling thread)
11-09 12:08:40.925  1450  1750 D         : HostConnection::get() New Host Connection established 0xe7167380, tid 1750
11-09 12:08:40.925  1450  1750 D gralloc_ranchu: gralloc_unregister_buffer: exiting HostConnection (is buffer-handling thread)
11-09 12:08:41.440  4290  4290 D MediaScannerReceiver: action: android.intent.action.MEDIA_SCANNER_SCAN_FILE path: /storage/emulated/0/screen.png
11-09 12:08:45.721  1261  1261 D AndroidRuntime: >>>>>> START com.android.internal.os.RuntimeInit uid 2000 <<<<<<
11-09 12:08:45.751  1261  1261 W app_process: Unexpected CPU variant for X86 using defaults: x86
11-09 12:08:45.754  1261  1261 I app_process: The ClassLoaderContext is a special shared library.
11-09 12:08:45.755  1261  1261 I app_process: The ClassLoaderContext is a special shared library.
11-09 12:08:45.769  1261  1261 D AndroidRuntime: Calling main entry com.android.commands.uiautomator.Launcher
11-09 12:08:46.794  1261  1261 I AccessibilityNodeInfoDumper: Skipping invisible child: android.view.accessibility.AccessibilityNodeInfo@1401e; boundsInParent: Rect(0, 0 - 1080, 1584); boundsInScreen: Rect(0, 126 - 0, 1710); packageName: org.mozilla.focus; className: android.widget.FrameLayout; text: null; error: null; maxTextLength: -1; contentDescription: null; viewIdResName: null; checkable: false; checked: false; focusable: false; focused: false; selected: false; clickable: false; longClickable: false; contextClickable: false; enabled: true; password: false; scrollable: false; importantForAccessibility: false; actions: [AccessibilityAction: ACTION_SELECT - null, AccessibilityAction: ACTION_CLEAR_SELECTION - null, AccessibilityAction: ACTION_ACCESSIBILITY_FOCUS - null, AccessibilityAction: ACTION_SHOW_ON_SCREEN - null]
11-09 12:08:46.795  1261  1261 I AccessibilityNodeInfoDumper: Skipping invisible child: android.view.accessibility.AccessibilityNodeInfo@1fbd0; boundsInParent: Rect(0, 0 - 1080, 1584); boundsInScreen: Rect(1080, 126 - 1080, 1710); packageName: org.mozilla.focus; className: android.widget.FrameLayout; text: null; error: null; maxTextLength: -1; contentDescription: null; viewIdResName: null; checkable: false; checked: false; focusable: false; focused: false; selected: false; clickable: false; longClickable: false; contextClickable: false; enabled: true; password: false; scrollable: false; importantForAccessibility: false; actions: [AccessibilityAction: ACTION_SELECT - null, AccessibilityAction: ACTION_CLEAR_SELECTION - null, AccessibilityAction: ACTION_ACCESSIBILITY_FOCUS - null, AccessibilityAction: ACTION_SHOW_ON_SCREEN - null]
11-09 12:08:46.797  1261  1261 I app_process: Deoptimizing java.lang.String com.android.uiautomator.core.AccessibilityNodeInfoDumper.stripInvalidXMLChars(java.lang.CharSequence) due to JIT inline cache
11-09 12:08:46.801  1261  1261 W AccessibilityNodeInfoDumper: Fetch time: 8ms
11-09 12:08:46.801  1649  4531 W WindowManager: removeWindowToken: Attempted to remove non-existing token: android.os.Binder@d3901db
11-09 12:08:46.807  1261  1261 D AndroidRuntime: Shutting down VM
11-09 12:08:47.940  1447  1447 I boot-pipe: done populating /dev/random
11-09 12:08:49.299  1275  1275 D AndroidRuntime: >>>>>> START com.android.internal.os.RuntimeInit uid 2000 <<<<<<
11-09 12:08:49.333  1275  1275 W app_process: Unexpected CPU variant for X86 using defaults: x86
11-09 12:08:49.336  1275  1275 I app_process: The ClassLoaderContext is a special shared library.
11-09 12:08:49.337  1275  1275 I app_process: The ClassLoaderContext is a special shared library.
11-09 12:08:49.350  1275  1275 D AndroidRuntime: Calling main entry com.android.commands.uiautomator.Launcher
11-09 12:08:50.370  1275  1275 I AccessibilityNodeInfoDumper: Skipping invisible child: android.view.accessibility.AccessibilityNodeInfo@1402a; boundsInParent: Rect(0, 0 - 1080, 1584); boundsInScreen: Rect(0, 126 - 0, 1710); packageName: org.mozilla.focus; className: android.widget.FrameLayout; text: null; error: null; maxTextLength: -1; contentDescription: null; viewIdResName: null; checkable: false; checked: false; focusable: false; focused: false; selected: false; clickable: false; longClickable: false; contextClickable: false; enabled: true; password: false; scrollable: false; importantForAccessibility: false; actions: [AccessibilityAction: ACTION_SELECT - null, AccessibilityAction: ACTION_CLEAR_SELECTION - null, AccessibilityAction: ACTION_ACCESSIBILITY_FOCUS - null, AccessibilityAction: ACTION_SHOW_ON_SCREEN - null]
11-09 12:08:50.372  1275  1275 I AccessibilityNodeInfoDumper: Skipping invisible child: android.view.accessibility.AccessibilityNodeInfo@1fbdc; boundsInParent: Rect(0, 0 - 1080, 1584); boundsInScreen: Rect(1080, 126 - 1080, 1710); packageName: org.mozilla.focus; className: android.widget.FrameLayout; text: null; error: null; maxTextLength: -1; contentDescription: null; viewIdResName: null; checkable: false; checked: false; focusable: false; focused: false; selected: false; clickable: false; longClickable: false; contextClickable: false; enabled: true; password: false; scrollable: false; importantForAccessibility: false; actions: [AccessibilityAction: ACTION_SELECT - null, AccessibilityAction: ACTION_CLEAR_SELECTION - null, AccessibilityAction: ACTION_ACCESSIBILITY_FOCUS - null, AccessibilityAction: ACTION_SHOW_ON_SCREEN - null]
11-09 12:08:50.376  1275  1275 I app_process: Deoptimizing java.lang.String com.android.uiautomator.core.AccessibilityNodeInfoDumper.stripInvalidXMLChars(java.lang.CharSequence) due to JIT inline cache
11-09 12:08:50.379  1275  1275 W AccessibilityNodeInfoDumper: Fetch time: 11ms
11-09 12:08:50.380  1649  1800 W WindowManager: removeWindowToken: Attempted to remove non-existing token: android.os.Binder@df19751
11-09 12:08:50.385  1275  1275 D AndroidRuntime: Shutting down VM
11-09 12:08:50.595  1292  1292 D AndroidRuntime: >>>>>> START com.android.internal.os.RuntimeInit uid 2000 <<<<<<
11-09 12:08:50.597  1292  1292 W app_process: Could not reserve sentinel fault page
11-09 12:08:50.627  1292  1292 W app_process: Unexpected CPU variant for X86 using defaults: x86
11-09 12:08:50.629  1292  1292 I app_process: The ClassLoaderContext is a special shared library.
11-09 12:08:50.630  1292  1292 I app_process: The ClassLoaderContext is a special shared library.
11-09 12:08:50.642  1292  1292 D AndroidRuntime: Calling main entry com.android.commands.uiautomator.Launcher
11-09 12:08:51.630  4956  5227 W native  : jpeg_io.cc:108 File's first two bytes does not match the sequence 216
11-09 12:08:51.661  1292  1292 I AccessibilityNodeInfoDumper: Skipping invisible child: android.view.accessibility.AccessibilityNodeInfo@14032; boundsInParent: Rect(0, 0 - 1080, 1584); boundsInScreen: Rect(0, 126 - 0, 1710); packageName: org.mozilla.focus; className: android.widget.FrameLayout; text: null; error: null; maxTextLength: -1; contentDescription: null; viewIdResName: null; checkable: false; checked: false; focusable: false; focused: false; selected: false; clickable: false; longClickable: false; contextClickable: false; enabled: true; password: false; scrollable: false; importantForAccessibility: false; actions: [AccessibilityAction: ACTION_SELECT - null, AccessibilityAction: ACTION_CLEAR_SELECTION - null, AccessibilityAction: ACTION_ACCESSIBILITY_FOCUS - null, AccessibilityAction: ACTION_SHOW_ON_SCREEN - null]
