07-01 00:36:39.045  1453  1501 D gralloc_ranchu: gralloc_unregister_buffer: exiting HostConnection (is buffer-handling thread)
07-01 00:36:39.046  1453  1501 D         : HostConnection::get() New Host Connection established 0xf5e92500, tid 1501
07-01 00:36:39.046  1453  1501 D gralloc_ranchu: gralloc_unregister_buffer: exiting HostConnection (is buffer-handling thread)
07-01 00:36:39.494 26659 26659 D MediaScannerReceiver: action: android.intent.action.MEDIA_SCANNER_SCAN_FILE path: /storage/emulated/0/screen.png
07-01 00:36:42.559  3608  3608 D AndroidRuntime: >>>>>> START com.android.internal.os.RuntimeInit uid 2000 <<<<<<
07-01 00:36:42.594  3608  3608 W app_process: Unexpected CPU variant for X86 using defaults: x86
07-01 00:36:42.595  3608  3608 I app_process: The ClassLoaderContext is a special shared library.
07-01 00:36:42.596  3608  3608 I app_process: The ClassLoaderContext is a special shared library.
07-01 00:36:42.609  3608  3608 D AndroidRuntime: Calling main entry com.android.commands.uiautomator.Launcher
07-01 00:36:43.631  3608  3608 I app_process: Deoptimizing java.lang.String com.android.uiautomator.core.AccessibilityNodeInfoDumper.stripInvalidXMLChars(java.lang.CharSequence) due to JIT inline cache
07-01 00:36:43.635  3608  3608 W AccessibilityNodeInfoDumper: Fetch time: 5ms
07-01 00:36:43.636  1675 22554 W WindowManager: removeWindowToken: Attempted to remove non-existing token: android.os.Binder@6ac6a33
07-01 00:36:43.643  3608  3608 D AndroidRuntime: Shutting down VM
07-01 00:36:45.857  3627  3627 D AndroidRuntime: >>>>>> START com.android.internal.os.RuntimeInit uid 2000 <<<<<<
07-01 00:36:45.887  3627  3627 W app_process: Unexpected CPU variant for X86 using defaults: x86
07-01 00:36:45.889  3627  3627 I app_process: The ClassLoaderContext is a special shared library.
07-01 00:36:45.889  3627  3627 I app_process: The ClassLoaderContext is a special shared library.
07-01 00:36:45.902  3627  3627 D AndroidRuntime: Calling main entry com.android.commands.uiautomator.Launcher
07-01 00:36:46.948  3627  3627 I app_process: Deoptimizing java.lang.String com.android.uiautomator.core.AccessibilityNodeInfoDumper.stripInvalidXMLChars(java.lang.CharSequence) due to JIT inline cache
07-01 00:36:46.951  3627  3627 W AccessibilityNodeInfoDumper: Fetch time: 7ms
07-01 00:36:46.952  1675  3753 W WindowManager: removeWindowToken: Attempted to remove non-existing token: android.os.Binder@2bc5369
07-01 00:36:46.964  3627  3627 D AndroidRuntime: Shutting down VM
07-01 00:36:47.220  3645  3645 D AndroidRuntime: >>>>>> START com.android.internal.os.RuntimeInit uid 2000 <<<<<<
07-01 00:36:47.264  3645  3645 W app_process: Unexpected CPU variant for X86 using defaults: x86
07-01 00:36:47.267  3645  3645 I app_process: The ClassLoaderContext is a special shared library.
07-01 00:36:47.267  3645  3645 I app_process: The ClassLoaderContext is a special shared library.
07-01 00:36:47.278  3645  3645 D AndroidRuntime: Calling main entry com.android.commands.uiautomator.Launcher
07-01 00:36:48.303  3645  3645 I app_process: Deoptimizing java.lang.String com.android.uiautomator.core.AccessibilityNodeInfoDumper.stripInvalidXMLChars(java.lang.CharSequence) due to JIT inline cache
07-01 00:36:48.305  3645  3645 W AccessibilityNodeInfoDumper: Fetch time: 5ms
07-01 00:36:48.306  1675  3753 W WindowManager: removeWindowToken: Attempted to remove non-existing token: android.os.Binder@7b9768f
07-01 00:36:48.312  3645  3645 D AndroidRuntime: Shutting down VM
07-01 00:36:48.542  3665  3665 D AndroidRuntime: >>>>>> START com.android.internal.os.RuntimeInit uid 2000 <<<<<<
07-01 00:36:48.579  3665  3665 W app_process: Unexpected CPU variant for X86 using defaults: x86
07-01 00:36:48.582  3665  3665 I app_process: The ClassLoaderContext is a special shared library.
07-01 00:36:48.582  3665  3665 I app_process: The ClassLoaderContext is a special shared library.
07-01 00:36:48.597  3665  3665 D AndroidRuntime: Calling main entry com.android.commands.uiautomator.Launcher
07-01 00:36:49.615  3665  3665 I app_process: Deoptimizing java.lang.String com.android.uiautomator.core.AccessibilityNodeInfoDumper.stripInvalidXMLChars(java.lang.CharSequence) due to JIT inline cache
07-01 00:36:49.618  3665  3665 W AccessibilityNodeInfoDumper: Fetch time: 5ms
07-01 00:36:49.618  1675 22554 W WindowManager: removeWindowToken: Attempted to remove non-existing token: android.os.Binder@4bdbd25
07-01 00:36:49.623  3665  3665 D AndroidRuntime: Shutting down VM
07-01 00:36:49.695 25033 25067 W native  : jpeg_io.cc:108 File's first two bytes does not match the sequence 216
07-01 00:36:49.803  3679  3679 D AndroidRuntime: >>>>>> START com.android.internal.os.RuntimeInit uid 2000 <<<<<<
07-01 00:36:49.837  3679  3679 W app_process: Unexpected CPU variant for X86 using defaults: x86
07-01 00:36:49.840  3679  3679 I app_process: The ClassLoaderContext is a special shared library.
07-01 00:36:49.853  3679  3679 D AndroidRuntime: Calling main entry com.android.commands.input.Input
07-01 00:36:49.858  3679  3679 I Input   : injectMotionEvent: MotionEvent { action=ACTION_DOWN, actionButton=0, id[0]=0, x[0]=487.0, y[0]=138.0, toolType[0]=TOOL_TYPE_UNKNOWN, buttonState=0, metaState=0, flags=0x0, edgeFlags=0x0, pointerCount=1, historySize=0, eventTime=33886117, downTime=33886117, deviceId=0, source=0x1002 }
07-01 00:36:49.862  3679  3679 I Input   : injectMotionEvent: MotionEvent { action=ACTION_UP, actionButton=0, id[0]=0, x[0]=487.0, y[0]=138.0, toolType[0]=TOOL_TYPE_UNKNOWN, buttonState=0, metaState=0, flags=0x0, edgeFlags=0x0, pointerCount=1, historySize=0, eventTime=33886117, downTime=33886117, deviceId=0, source=0x1002 }
07-01 00:36:49.867  3679  3679 D AndroidRuntime: Shutting down VM
07-01 00:36:49.878  1784  1784 W GInputConnectionWrapper: Fixing selection indices to 13, 13
07-01 00:36:49.914  1443  1443 D gralloc_ranchu: gralloc_alloc: Creating ashmem region of size 45056
07-01 00:36:49.915  1453  1501 D         : HostConnection::get() New Host Connection established 0xf5ba1240, tid 1501
07-01 00:36:49.916  1443  1443 D gralloc_ranchu: gralloc_alloc: Creating ashmem region of size 45056
07-01 00:36:49.917  1443  1443 D gralloc_ranchu: gralloc_alloc: Creating ashmem region of size 45056
07-01 00:36:49.926  1316  1347 D EGL_emulation: eglMakeCurrent: 0xdbd85d20: ver 3 0 (tinfo 0xdbd832d0)
07-01 00:36:49.954  1443  1443 D gralloc_ranchu: gralloc_alloc: Creating ashmem region of size 8024064
07-01 00:36:49.958  1443  1443 I chatty  : uid=1000(system) allocator@2.0-s identical 1 line
07-01 00:36:49.963  1443  1443 D gralloc_ranchu: gralloc_alloc: Creating ashmem region of size 8024064
07-01 00:36:49.992  1784  1784 W LstmExtension: no lmDescriptor could be found for en_US/20170411
07-01 00:36:49.993  1784  1784 W LstmExtension: no lmDescriptor could be found for en_US/20170411
07-01 00:36:49.999  1784  4682 D EGL_emulation: eglMakeCurrent: 0xc737cba0: ver 3 0 (tinfo 0xcb2a4740)
07-01 00:36:50.022  1316  1347 D EGL_emulation: eglMakeCurrent: 0xdbd85d20: ver 3 0 (tinfo 0xdbd832d0)
07-01 00:36:50.132  3694  3694 D AndroidRuntime: >>>>>> START com.android.internal.os.RuntimeInit uid 2000 <<<<<<
07-01 00:36:50.173  3694  3694 W app_process: Unexpected CPU variant for X86 using defaults: x86
07-01 00:36:50.176  3694  3694 I app_process: The ClassLoaderContext is a special shared library.
07-01 00:36:50.192  3694  3694 D AndroidRuntime: Calling main entry com.android.commands.input.Input
07-01 00:36:50.193  3694  3694 I Input   : injectKeyEvent: KeyEvent { action=ACTION_DOWN, keyCode=KEYCODE_ESCAPE, scanCode=0, metaState=0, flags=0x0, repeatCount=0, eventTime=33886455, downTime=33886455, deviceId=-1, source=0x101 }
07-01 00:36:50.198  3694  3694 I Input   : injectKeyEvent: KeyEvent { action=ACTION_UP, keyCode=KEYCODE_ESCAPE, scanCode=0, metaState=0, flags=0x0, repeatCount=0, eventTime=33886455, downTime=33886455, deviceId=-1, source=0x101 }
07-01 00:36:50.203  3694  3694 D AndroidRuntime: Shutting down VM
07-01 00:36:50.216  1316  1347 D EGL_emulation: eglMakeCurrent: 0xdbd85d20: ver 3 0 (tinfo 0xdbd832d0)
07-01 00:36:50.220  1784  4682 D EGL_emulation: eglMakeCurrent: 0xc737cba0: ver 3 0 (tinfo 0xcb2a4740)
07-01 00:36:50.221  1316  1347 D EGL_emulation: eglMakeCurrent: 0xdbd85d20: ver 3 0 (tinfo 0xdbd832d0)
07-01 00:36:50.222  1453  1479 D         : HostConnection::get() New Host Connection established 0xf5ba1480, tid 1479
07-01 00:36:50.222  1453  1479 D gralloc_ranchu: gralloc_unregister_buffer: exiting HostConnection (is buffer-handling thread)
07-01 00:36:50.222  1453  1479 D         : HostConnection::get() New Host Connection established 0xf5ba1480, tid 1479
07-01 00:36:50.222  1453  1479 D gralloc_ranchu: gralloc_unregister_buffer: exiting HostConnection (is buffer-handling thread)
07-01 00:36:50.223  1453  1479 D         : HostConnection::get() New Host Connection established 0xf5ba1480, tid 1479
07-01 00:36:50.223  1453  1479 D gralloc_ranchu: gralloc_unregister_buffer: exiting HostConnection (is buffer-handling thread)
07-01 00:36:50.223  1453  1479 D         : HostConnection::get() New Host Connection established 0xf5ba1480, tid 1479
07-01 00:36:50.224  1453  1479 D gralloc_ranchu: gralloc_unregister_buffer: exiting HostConnection (is buffer-handling thread)
07-01 00:36:50.411  1444  1444 D gralloc_ranchu: gralloc_unregister_buffer: exiting HostConnection (is buffer-handling thread)
07-01 00:36:50.412  1444  1444 D         : HostConnection::get() New Host Connection established 0xe99a3900, tid 1444
07-01 00:36:50.412  1444  1444 D gralloc_ranchu: gralloc_unregister_buffer: exiting HostConnection (is buffer-handling thread)
07-01 00:36:50.417  1444  1444 D         : HostConnection::get() New Host Connection established 0xe99a3900, tid 1444
07-01 00:36:50.785  1784  1784 W LstmExtension: no lmDescriptor could be found for en_US/20170411
07-01 00:36:50.786  1784  1784 W LstmExtension: no lmDescriptor could be found for en_US/20170411
07-01 00:36:50.911  3712  3712 D AndroidRuntime: >>>>>> START com.android.internal.os.RuntimeInit uid 2000 <<<<<<
07-01 00:36:50.942  3712  3712 W app_process: Unexpected CPU variant for X86 using defaults: x86
07-01 00:36:50.944  3712  3712 I app_process: The ClassLoaderContext is a special shared library.
07-01 00:36:50.957  3712  3712 D AndroidRuntime: Calling main entry com.android.commands.input.Input
07-01 00:36:50.958  3712  3712 I Input   : injectKeyEvent: KeyEvent { action=ACTION_DOWN, keyCode=KEYCODE_MOVE_END, scanCode=0, metaState=0, flags=0x0, repeatCount=0, eventTime=33887221, downTime=33887221, deviceId=-1, source=0x101 }
07-01 00:36:50.963  1453  1501 D gralloc_ranchu: gralloc_unregister_buffer: exiting HostConnection (is buffer-handling thread)
07-01 00:36:50.963  1453  1501 D         : HostConnection::get() New Host Connection established 0xf5ba1240, tid 1501
07-01 00:36:50.963  1453  1501 D gralloc_ranchu: gralloc_unregister_buffer: exiting HostConnection (is buffer-handling thread)
07-01 00:36:50.967  3712  3712 I Input   : injectKeyEvent: KeyEvent { action=ACTION_UP, keyCode=KEYCODE_MOVE_END, scanCode=0, metaState=0, flags=0x0, repeatCount=0, eventTime=33887221, downTime=33887221, deviceId=-1, source=0x101 }
07-01 00:36:50.970  3712  3712 D AndroidRuntime: Shutting down VM
07-01 00:36:51.115  3722  3722 D AndroidRuntime: >>>>>> START com.android.internal.os.RuntimeInit uid 2000 <<<<<<
07-01 00:36:51.141  1444  1444 D gralloc_ranchu: gralloc_unregister_buffer: exiting HostConnection (is buffer-handling thread)
07-01 00:36:51.142  1444  1444 D         : HostConnection::get() New Host Connection established 0xe99a3900, tid 1444
07-01 00:36:51.142  1444  1444 D gralloc_ranchu: gralloc_unregister_buffer: exiting HostConnection (is buffer-handling thread)
07-01 00:36:51.143  1444  1444 D         : HostConnection::get() New Host Connection established 0xe99a3900, tid 1444
07-01 00:36:51.144  1444  1444 D gralloc_ranchu: gralloc_unregister_buffer: exiting HostConnection (is buffer-handling thread)
07-01 00:36:51.144  1444  1444 D         : HostConnection::get() New Host Connection established 0xe99a3900, tid 1444
07-01 00:36:51.145  1444  1444 D gralloc_ranchu: gralloc_unregister_buffer: exiting HostConnection (is buffer-handling thread)
07-01 00:36:51.152  1444  1444 D         : HostConnection::get() New Host Connection established 0xe99a3900, tid 1444
07-01 00:36:51.156  3722  3722 W app_process: Unexpected CPU variant for X86 using defaults: x86
07-01 00:36:51.159  3722  3722 I app_process: The ClassLoaderContext is a special shared library.
07-01 00:36:51.174  3722  3722 D AndroidRuntime: Calling main entry com.android.commands.input.Input
07-01 00:36:51.176  3722  3722 I Input   : injectKeyEvent: KeyEvent { action=ACTION_DOWN, keyCode=KEYCODE_DEL, scanCode=0, metaState=0, flags=0x0, repeatCount=0, eventTime=33887438, downTime=33887438, deviceId=-1, source=0x101 }
07-01 00:36:51.183  3722  3722 I Input   : injectKeyEvent: KeyEvent { action=ACTION_UP, keyCode=KEYCODE_DEL, scanCode=0, metaState=0, flags=0x0, repeatCount=0, eventTime=33887438, downTime=33887438, deviceId=-1, source=0x101 }
07-01 00:36:51.184  3722  3722 I Input   : injectKeyEvent: KeyEvent { action=ACTION_DOWN, keyCode=KEYCODE_DEL, scanCode=0, metaState=0, flags=0x0, repeatCount=0, eventTime=33887447, downTime=33887447, deviceId=-1, source=0x101 }
07-01 00:36:51.186  3722  3722 I Input   : injectKeyEvent: KeyEvent { action=ACTION_UP, keyCode=KEYCODE_DEL, scanCode=0, metaState=0, flags=0x0, repeatCount=0, eventTime=33887447, downTime=33887447, deviceId=-1, source=0x101 }
07-01 00:36:51.187  3722  3722 I Input   : injectKeyEvent: KeyEvent { action=ACTION_DOWN, keyCode=KEYCODE_DEL, scanCode=0, metaState=0, flags=0x0, repeatCount=0, eventTime=33887450, downTime=33887450, deviceId=-1, source=0x101 }
07-01 00:36:51.189  3722  3722 I Input   : injectKeyEvent: KeyEvent { action=ACTION_UP, keyCode=KEYCODE_DEL, scanCode=0, metaState=0, flags=0x0, repeatCount=0, eventTime=33887450, downTime=33887450, deviceId=-1, source=0x101 }
07-01 00:36:51.190  3722  3722 I Input   : injectKeyEvent: KeyEvent { action=ACTION_DOWN, keyCode=KEYCODE_DEL, scanCode=0, metaState=0, flags=0x0, repeatCount=0, eventTime=33887453, downTime=33887453, deviceId=-1, source=0x101 }
07-01 00:36:51.192  3722  3722 I Input   : injectKeyEvent: KeyEvent { action=ACTION_UP, keyCode=KEYCODE_DEL, scanCode=0, metaState=0, flags=0x0, repeatCount=0, eventTime=33887453, downTime=33887453, deviceId=-1, source=0x101 }
07-01 00:36:51.193  3722  3722 I Input   : injectKeyEvent: KeyEvent { action=ACTION_DOWN, keyCode=KEYCODE_DEL, scanCode=0, metaState=0, flags=0x0, repeatCount=0, eventTime=33887456, downTime=33887456, deviceId=-1, source=0x101 }
07-01 00:36:51.194  3722  3722 I Input   : injectKeyEvent: KeyEvent { action=ACTION_UP, keyCode=KEYCODE_DEL, scanCode=0, metaState=0, flags=0x0, repeatCount=0, eventTime=33887456, downTime=33887456, deviceId=-1, source=0x101 }
07-01 00:36:51.195  3722  3722 I Input   : injectKeyEvent: KeyEvent { action=ACTION_DOWN, keyCode=KEYCODE_DEL, scanCode=0, metaState=0, flags=0x0, repeatCount=0, eventTime=33887458, downTime=33887458, deviceId=-1, source=0x101 }
07-01 00:36:51.197  3722  3722 I Input   : injectKeyEvent: KeyEvent { action=ACTION_UP, keyCode=KEYCODE_DEL, scanCode=0, metaState=0, flags=0x0, repeatCount=0, eventTime=33887458, downTime=33887458, deviceId=-1, source=0x101 }
07-01 00:36:51.199  3722  3722 I Input   : injectKeyEvent: KeyEvent { action=ACTION_DOWN, keyCode=KEYCODE_DEL, scanCode=0, metaState=0, flags=0x0, repeatCount=0, eventTime=33887462, downTime=33887462, deviceId=-1, source=0x101 }
07-01 00:36:51.201  3722  3722 I Input   : injectKeyEvent: KeyEvent { action=ACTION_UP, keyCode=KEYCODE_DEL, scanCode=0, metaState=0, flags=0x0, repeatCount=0, eventTime=33887462, downTime=33887462, deviceId=-1, source=0x101 }
07-01 00:36:51.203  3722  3722 I Input   : injectKeyEvent: KeyEvent { action=ACTION_DOWN, keyCode=KEYCODE_DEL, scanCode=0, metaState=0, flags=0x0, repeatCount=0, eventTime=33887466, downTime=33887466, deviceId=-1, source=0x101 }
07-01 00:36:51.205  3722  3722 I Input   : injectKeyEvent: KeyEvent { action=ACTION_UP, keyCode=KEYCODE_DEL, scanCode=0, metaState=0, flags=0x0, repeatCount=0, eventTime=33887466, downTime=33887466, deviceId=-1, source=0x101 }
07-01 00:36:51.206  3722  3722 I Input   : injectKeyEvent: KeyEvent { action=ACTION_DOWN, keyCode=KEYCODE_DEL, scanCode=0, metaState=0, flags=0x0, repeatCount=0, eventTime=33887469, downTime=33887469, deviceId=-1, source=0x101 }
07-01 00:36:51.209  3722  3722 I Input   : injectKeyEvent: KeyEvent { action=ACTION_UP, keyCode=KEYCODE_DEL, scanCode=0, metaState=0, flags=0x0, repeatCount=0, eventTime=33887469, downTime=33887469, deviceId=-1, source=0x101 }
07-01 00:36:51.210  3722  3722 I Input   : injectKeyEvent: KeyEvent { action=ACTION_DOWN, keyCode=KEYCODE_DEL, scanCode=0, metaState=0, flags=0x0, repeatCount=0, eventTime=33887473, downTime=33887473, deviceId=-1, source=0x101 }
07-01 00:36:51.212  3722  3722 I Input   : injectKeyEvent: KeyEvent { action=ACTION_UP, keyCode=KEYCODE_DEL, scanCode=0, metaState=0, flags=0x0, repeatCount=0, eventTime=33887473, downTime=33887473, deviceId=-1, source=0x101 }
07-01 00:36:51.213  3722  3722 I Input   : injectKeyEvent: KeyEvent { action=ACTION_DOWN, keyCode=KEYCODE_DEL, scanCode=0, metaState=0, flags=0x0, repeatCount=0, eventTime=33887476, downTime=33887476, deviceId=-1, source=0x101 }
07-01 00:36:51.215  3722  3722 I Input   : injectKeyEvent: KeyEvent { action=ACTION_UP, keyCode=KEYCODE_DEL, scanCode=0, metaState=0, flags=0x0, repeatCount=0, eventTime=33887476, downTime=33887476, deviceId=-1, source=0x101 }
07-01 00:36:51.216  3722  3722 I Input   : injectKeyEvent: KeyEvent { action=ACTION_DOWN, keyCode=KEYCODE_DEL, scanCode=0, metaState=0, flags=0x0, repeatCount=0, eventTime=33887479, downTime=33887479, deviceId=-1, source=0x101 }
07-01 00:36:51.218  3722  3722 I Input   : injectKeyEvent: KeyEvent { action=ACTION_UP, keyCode=KEYCODE_DEL, scanCode=0, metaState=0, flags=0x0, repeatCount=0, eventTime=33887479, downTime=33887479, deviceId=-1, source=0x101 }
07-01 00:36:51.222  3722  3722 I Input   : injectKeyEvent: KeyEvent { action=ACTION_DOWN, keyCode=KEYCODE_DEL, scanCode=0, metaState=0, flags=0x0, repeatCount=0, eventTime=33887485, downTime=33887485, deviceId=-1, source=0x101 }
07-01 00:36:51.224  3722  3722 I Input   : injectKeyEvent: KeyEvent { action=ACTION_UP, keyCode=KEYCODE_DEL, scanCode=0, metaState=0, flags=0x0, repeatCount=0, eventTime=33887485, downTime=33887485, deviceId=-1, source=0x101 }
07-01 00:36:51.226  3722  3722 I Input   : injectKeyEvent: KeyEvent { action=ACTION_DOWN, keyCode=KEYCODE_DEL, scanCode=0, metaState=0, flags=0x0, repeatCount=0, eventTime=33887489, downTime=33887489, deviceId=-1, source=0x101 }
07-01 00:36:51.228  3722  3722 I Input   : injectKeyEvent: KeyEvent { action=ACTION_UP, keyCode=KEYCODE_DEL, scanCode=0, metaState=0, flags=0x0, repeatCount=0, eventTime=33887489, downTime=33887489, deviceId=-1, source=0x101 }
07-01 00:36:51.230  3722  3722 I Input   : injectKeyEvent: KeyEvent { action=ACTION_DOWN, keyCode=KEYCODE_DEL, scanCode=0, metaState=0, flags=0x0, repeatCount=0, eventTime=33887493, downTime=33887493, deviceId=-1, source=0x101 }
07-01 00:36:51.232  3722  3722 I Input   : injectKeyEvent: KeyEvent { action=ACTION_UP, keyCode=KEYCODE_DEL, scanCode=0, metaState=0, flags=0x0, repeatCount=0, eventTime=33887493, downTime=33887493, deviceId=-1, source=0x101 }
07-01 00:36:51.233  3722  3722 I Input   : injectKeyEvent: KeyEvent { action=ACTION_DOWN, keyCode=KEYCODE_DEL, scanCode=0, metaState=0, flags=0x0, repeatCount=0, eventTime=33887496, downTime=33887496, deviceId=-1, source=0x101 }
07-01 00:36:51.235  3722  3722 I Input   : injectKeyEvent: KeyEvent { action=ACTION_UP, keyCode=KEYCODE_DEL, scanCode=0, metaState=0, flags=0x0, repeatCount=0, eventTime=33887496, downTime=33887496, deviceId=-1, source=0x101 }
07-01 00:36:51.236  3722  3722 I Input   : injectKeyEvent: KeyEvent { action=ACTION_DOWN, keyCode=KEYCODE_DEL, scanCode=0, metaState=0, flags=0x0, repeatCount=0, eventTime=33887499, downTime=33887499, deviceId=-1, source=0x101 }
07-01 00:36:51.240  3722  3722 I Input   : injectKeyEvent: KeyEvent { action=ACTION_UP, keyCode=KEYCODE_DEL, scanCode=0, metaState=0, flags=0x0, repeatCount=0, eventTime=33887499, downTime=33887499, deviceId=-1, source=0x101 }
07-01 00:36:51.241  3722  3722 I Input   : injectKeyEvent: KeyEvent { action=ACTION_DOWN, keyCode=KEYCODE_DEL, scanCode=0, metaState=0, flags=0x0, repeatCount=0, eventTime=33887504, downTime=33887504, deviceId=-1, source=0x101 }
07-01 00:36:51.243  3722  3722 I Input   : injectKeyEvent: KeyEvent { action=ACTION_UP, keyCode=KEYCODE_DEL, scanCode=0, metaState=0, flags=0x0, repeatCount=0, eventTime=33887504, downTime=33887504, deviceId=-1, source=0x101 }
07-01 00:36:51.244  3722  3722 I Input   : injectKeyEvent: KeyEvent { action=ACTION_DOWN, keyCode=KEYCODE_DEL, scanCode=0, metaState=0, flags=0x0, repeatCount=0, eventTime=33887507, downTime=33887507, deviceId=-1, source=0x101 }
07-01 00:36:51.246  3722  3722 I Input   : injectKeyEvent: KeyEvent { action=ACTION_UP, keyCode=KEYCODE_DEL, scanCode=0, metaState=0, flags=0x0, repeatCount=0, eventTime=33887507, downTime=33887507, deviceId=-1, source=0x101 }
07-01 00:36:51.248  3722  3722 I Input   : injectKeyEvent: KeyEvent { action=ACTION_DOWN, keyCode=KEYCODE_DEL, scanCode=0, metaState=0, flags=0x0, repeatCount=0, eventTime=33887511, downTime=33887511, deviceId=-1, source=0x101 }
07-01 00:36:51.250  3722  3722 I Input   : injectKeyEvent: KeyEvent { action=ACTION_UP, keyCode=KEYCODE_DEL, scanCode=0, metaState=0, flags=0x0, repeatCount=0, eventTime=33887511, downTime=33887511, deviceId=-1, source=0x101 }
07-01 00:36:51.252  3722  3722 I Input   : injectKeyEvent: KeyEvent { action=ACTION_DOWN, keyCode=KEYCODE_DEL, scanCode=0, metaState=0, flags=0x0, repeatCount=0, eventTime=33887515, downTime=33887515, deviceId=-1, source=0x101 }
07-01 00:36:51.254  3722  3722 I Input   : injectKeyEvent: KeyEvent { action=ACTION_UP, keyCode=KEYCODE_DEL, scanCode=0, metaState=0, flags=0x0, repeatCount=0, eventTime=33887515, downTime=33887515, deviceId=-1, source=0x101 }
07-01 00:36:51.255  3722  3722 I Input   : injectKeyEvent: KeyEvent { action=ACTION_DOWN, keyCode=KEYCODE_DEL, scanCode=0, metaState=0, flags=0x0, repeatCount=0, eventTime=33887518, downTime=33887518, deviceId=-1, source=0x101 }
07-01 00:36:51.258  3722  3722 I Input   : injectKeyEvent: KeyEvent { action=ACTION_UP, keyCode=KEYCODE_DEL, scanCode=0, metaState=0, flags=0x0, repeatCount=0, eventTime=33887518, downTime=33887518, deviceId=-1, source=0x101 }
07-01 00:36:51.261  3722  3722 I Input   : injectKeyEvent: KeyEvent { action=ACTION_DOWN, keyCode=KEYCODE_DEL, scanCode=0, metaState=0, flags=0x0, repeatCount=0, eventTime=33887524, downTime=33887524, deviceId=-1, source=0x101 }
07-01 00:36:51.262  3722  3722 I Input   : injectKeyEvent: KeyEvent { action=ACTION_UP, keyCode=KEYCODE_DEL, scanCode=0, metaState=0, flags=0x0, repeatCount=0, eventTime=33887524, downTime=33887524, deviceId=-1, source=0x101 }
07-01 00:36:51.264  3722  3722 I Input   : injectKeyEvent: KeyEvent { action=ACTION_DOWN, keyCode=KEYCODE_DEL, scanCode=0, metaState=0, flags=0x0, repeatCount=0, eventTime=33887527, downTime=33887527, deviceId=-1, source=0x101 }
07-01 00:36:51.266  3722  3722 I Input   : injectKeyEvent: KeyEvent { action=ACTION_UP, keyCode=KEYCODE_DEL, scanCode=0, metaState=0, flags=0x0, repeatCount=0, eventTime=33887527, downTime=33887527, deviceId=-1, source=0x101 }
07-01 00:36:51.268  3722  3722 I Input   : injectKeyEvent: KeyEvent { action=ACTION_DOWN, keyCode=KEYCODE_DEL, scanCode=0, metaState=0, flags=0x0, repeatCount=0, eventTime=33887531, downTime=33887531, deviceId=-1, source=0x101 }
07-01 00:36:51.270  3722  3722 I Input   : injectKeyEvent: KeyEvent { action=ACTION_UP, keyCode=KEYCODE_DEL, scanCode=0, metaState=0, flags=0x0, repeatCount=0, eventTime=33887531, downTime=33887531, deviceId=-1, source=0x101 }
07-01 00:36:51.271  3722  3722 I Input   : injectKeyEvent: KeyEvent { action=ACTION_DOWN, keyCode=KEYCODE_DEL, scanCode=0, metaState=0, flags=0x0, repeatCount=0, eventTime=33887534, downTime=33887534, deviceId=-1, source=0x101 }
07-01 00:36:51.273  3722  3722 I Input   : injectKeyEvent: KeyEvent { action=ACTION_UP, keyCode=KEYCODE_DEL, scanCode=0, metaState=0, flags=0x0, repeatCount=0, eventTime=33887534, downTime=33887534, deviceId=-1, source=0x101 }
07-01 00:36:51.275  3722  3722 I Input   : injectKeyEvent: KeyEvent { action=ACTION_DOWN, keyCode=KEYCODE_DEL, scanCode=0, metaState=0, flags=0x0, repeatCount=0, eventTime=33887538, downTime=33887538, deviceId=-1, source=0x101 }
07-01 00:36:51.280  3722  3722 I Input   : injectKeyEvent: KeyEvent { action=ACTION_UP, keyCode=KEYCODE_DEL, scanCode=0, metaState=0, flags=0x0, repeatCount=0, eventTime=33887538, downTime=33887538, deviceId=-1, source=0x101 }
07-01 00:36:51.281  3722  3722 I Input   : injectKeyEvent: KeyEvent { action=ACTION_DOWN, keyCode=KEYCODE_DEL, scanCode=0, metaState=0, flags=0x0, repeatCount=0, eventTime=33887544, downTime=33887544, deviceId=-1, source=0x101 }
07-01 00:36:51.283  3722  3722 I Input   : injectKeyEvent: KeyEvent { action=ACTION_UP, keyCode=KEYCODE_DEL, scanCode=0, metaState=0, flags=0x0, repeatCount=0, eventTime=33887544, downTime=33887544, deviceId=-1, source=0x101 }
07-01 00:36:51.285  3722  3722 I Input   : injectKeyEvent: KeyEvent { action=ACTION_DOWN, keyCode=KEYCODE_DEL, scanCode=0, metaState=0, flags=0x0, repeatCount=0, eventTime=33887548, downTime=33887548, deviceId=-1, source=0x101 }
07-01 00:36:51.286  3722  3722 I Input   : injectKeyEvent: KeyEvent { action=ACTION_UP, keyCode=KEYCODE_DEL, scanCode=0, metaState=0, flags=0x0, repeatCount=0, eventTime=33887548, downTime=33887548, deviceId=-1, source=0x101 }
07-01 00:36:51.288  3722  3722 I Input   : injectKeyEvent: KeyEvent { action=ACTION_DOWN, keyCode=KEYCODE_DEL, scanCode=0, metaState=0, flags=0x0, repeatCount=0, eventTime=33887551, downTime=33887551, deviceId=-1, source=0x101 }
07-01 00:36:51.289  3722  3722 I Input   : injectKeyEvent: KeyEvent { action=ACTION_UP, keyCode=KEYCODE_DEL, scanCode=0, metaState=0, flags=0x0, repeatCount=0, eventTime=33887551, downTime=33887551, deviceId=-1, source=0x101 }
07-01 00:36:51.291  3722  3722 I Input   : injectKeyEvent: KeyEvent { action=ACTION_DOWN, keyCode=KEYCODE_DEL, scanCode=0, metaState=0, flags=0x0, repeatCount=0, eventTime=33887554, downTime=33887554, deviceId=-1, source=0x101 }
07-01 00:36:51.292  3722  3722 I Input   : injectKeyEvent: KeyEvent { action=ACTION_UP, keyCode=KEYCODE_DEL, scanCode=0, metaState=0, flags=0x0, repeatCount=0, eventTime=33887554, downTime=33887554, deviceId=-1, source=0x101 }
07-01 00:36:51.293  3722  3722 I Input   : injectKeyEvent: KeyEvent { action=ACTION_DOWN, keyCode=KEYCODE_DEL, scanCode=0, metaState=0, flags=0x0, repeatCount=0, eventTime=33887556, downTime=33887556, deviceId=-1, source=0x101 }
07-01 00:36:51.294  3722  3722 I Input   : injectKeyEvent: KeyEvent { action=ACTION_UP, keyCode=KEYCODE_DEL, scanCode=0, metaState=0, flags=0x0, repeatCount=0, eventTime=33887556, downTime=33887556, deviceId=-1, source=0x101 }
07-01 00:36:51.298  3722  3722 I Input   : injectKeyEvent: KeyEvent { action=ACTION_DOWN, keyCode=KEYCODE_DEL, scanCode=0, metaState=0, flags=0x0, repeatCount=0, eventTime=33887560, downTime=33887560, deviceId=-1, source=0x101 }
07-01 00:36:51.300  3722  3722 I Input   : injectKeyEvent: KeyEvent { action=ACTION_UP, keyCode=KEYCODE_DEL, scanCode=0, metaState=0, flags=0x0, repeatCount=0, eventTime=33887560, downTime=33887560, deviceId=-1, source=0x101 }
07-01 00:36:51.302  3722  3722 I Input   : injectKeyEvent: KeyEvent { action=ACTION_DOWN, keyCode=KEYCODE_DEL, scanCode=0, metaState=0, flags=0x0, repeatCount=0, eventTime=33887565, downTime=33887565, deviceId=-1, source=0x101 }
07-01 00:36:51.303  3722  3722 I Input   : injectKeyEvent: KeyEvent { action=ACTION_UP, keyCode=KEYCODE_DEL, scanCode=0, metaState=0, flags=0x0, repeatCount=0, eventTime=33887565, downTime=33887565, deviceId=-1, source=0x101 }
07-01 00:36:51.305  3722  3722 I Input   : injectKeyEvent: KeyEvent { action=ACTION_DOWN, keyCode=KEYCODE_DEL, scanCode=0, metaState=0, flags=0x0, repeatCount=0, eventTime=33887568, downTime=33887568, deviceId=-1, source=0x101 }
07-01 00:36:51.307  3722  3722 I Input   : injectKeyEvent: KeyEvent { action=ACTION_UP, keyCode=KEYCODE_DEL, scanCode=0, metaState=0, flags=0x0, repeatCount=0, eventTime=33887568, downTime=33887568, deviceId=-1, source=0x101 }
07-01 00:36:51.309  3722  3722 I Input   : injectKeyEvent: KeyEvent { action=ACTION_DOWN, keyCode=KEYCODE_DEL, scanCode=0, metaState=0, flags=0x0, repeatCount=0, eventTime=33887572, downTime=33887572, deviceId=-1, source=0x101 }
07-01 00:36:51.310  3722  3722 I Input   : injectKeyEvent: KeyEvent { action=ACTION_UP, keyCode=KEYCODE_DEL, scanCode=0, metaState=0, flags=0x0, repeatCount=0, eventTime=33887572, downTime=33887572, deviceId=-1, source=0x101 }
07-01 00:36:51.312  3722  3722 I Input   : injectKeyEvent: KeyEvent { action=ACTION_DOWN, keyCode=KEYCODE_DEL, scanCode=0, metaState=0, flags=0x0, repeatCount=0, eventTime=33887575, downTime=33887575, deviceId=-1, source=0x101 }
07-01 00:36:51.314  3722  3722 I Input   : injectKeyEvent: KeyEvent { action=ACTION_UP, keyCode=KEYCODE_DEL, scanCode=0, metaState=0, flags=0x0, repeatCount=0, eventTime=33887575, downTime=33887575, deviceId=-1, source=0x101 }
07-01 00:36:51.316  3722  3722 I Input   : injectKeyEvent: KeyEvent { action=ACTION_DOWN, keyCode=KEYCODE_DEL, scanCode=0, metaState=0, flags=0x0, repeatCount=0, eventTime=33887579, downTime=33887579, deviceId=-1, source=0x101 }
07-01 00:36:51.320  3722  3722 I Input   : injectKeyEvent: KeyEvent { action=ACTION_UP, keyCode=KEYCODE_DEL, scanCode=0, metaState=0, flags=0x0, repeatCount=0, eventTime=33887579, downTime=33887579, deviceId=-1, source=0x101 }
07-01 00:36:51.322  3722  3722 I Input   : injectKeyEvent: KeyEvent { action=ACTION_DOWN, keyCode=KEYCODE_DEL, scanCode=0, metaState=0, flags=0x0, repeatCount=0, eventTime=33887585, downTime=33887585, deviceId=-1, source=0x101 }
07-01 00:36:51.324  3722  3722 I Input   : injectKeyEvent: KeyEvent { action=ACTION_UP, keyCode=KEYCODE_DEL, scanCode=0, metaState=0, flags=0x0, repeatCount=0, eventTime=33887585, downTime=33887585, deviceId=-1, source=0x101 }
07-01 00:36:51.326  3722  3722 I Input   : injectKeyEvent: KeyEvent { action=ACTION_DOWN, keyCode=KEYCODE_DEL, scanCode=0, metaState=0, flags=0x0, repeatCount=0, eventTime=33887589, downTime=33887589, deviceId=-1, source=0x101 }
07-01 00:36:51.328  3722  3722 I Input   : injectKeyEvent: KeyEvent { action=ACTION_UP, keyCode=KEYCODE_DEL, scanCode=0, metaState=0, flags=0x0, repeatCount=0, eventTime=33887589, downTime=33887589, deviceId=-1, source=0x101 }
07-01 00:36:51.330  3722  3722 I Input   : injectKeyEvent: KeyEvent { action=ACTION_DOWN, keyCode=KEYCODE_DEL, scanCode=0, metaState=0, flags=0x0, repeatCount=0, eventTime=33887593, downTime=33887593, deviceId=-1, source=0x101 }
07-01 00:36:51.331  3722  3722 I Input   : injectKeyEvent: KeyEvent { action=ACTION_UP, keyCode=KEYCODE_DEL, scanCode=0, metaState=0, flags=0x0, repeatCount=0, eventTime=33887593, downTime=33887593, deviceId=-1, source=0x101 }
07-01 00:36:51.333  3722  3722 I Input   : injectKeyEvent: KeyEvent { action=ACTION_DOWN, keyCode=KEYCODE_DEL, scanCode=0, metaState=0, flags=0x0, repeatCount=0, eventTime=33887596, downTime=33887596, deviceId=-1, source=0x101 }
07-01 00:36:51.334  3722  3722 I Input   : injectKeyEvent: KeyEvent { action=ACTION_UP, keyCode=KEYCODE_DEL, scanCode=0, metaState=0, flags=0x0, repeatCount=0, eventTime=33887596, downTime=33887596, deviceId=-1, source=0x101 }
07-01 00:36:51.337  3722  3722 I Input   : injectKeyEvent: KeyEvent { action=ACTION_DOWN, keyCode=KEYCODE_DEL, scanCode=0, metaState=0, flags=0x0, repeatCount=0, eventTime=33887600, downTime=33887600, deviceId=-1, source=0x101 }
07-01 00:36:51.340  3722  3722 I Input   : injectKeyEvent: KeyEvent { action=ACTION_UP, keyCode=KEYCODE_DEL, scanCode=0, metaState=0, flags=0x0, repeatCount=0, eventTime=33887600, downTime=33887600, deviceId=-1, source=0x101 }
07-01 00:36:51.342  3722  3722 I Input   : injectKeyEvent: KeyEvent { action=ACTION_DOWN, keyCode=KEYCODE_DEL, scanCode=0, metaState=0, flags=0x0, repeatCount=0, eventTime=33887605, downTime=33887605, deviceId=-1, source=0x101 }
07-01 00:36:51.344  3722  3722 I Input   : injectKeyEvent: KeyEvent { action=ACTION_UP, keyCode=KEYCODE_DEL, scanCode=0, metaState=0, flags=0x0, repeatCount=0, eventTime=33887605, downTime=33887605, deviceId=-1, source=0x101 }
07-01 00:36:51.346  3722  3722 I Input   : injectKeyEvent: KeyEvent { action=ACTION_DOWN, keyCode=KEYCODE_DEL, scanCode=0, metaState=0, flags=0x0, repeatCount=0, eventTime=33887609, downTime=33887609, deviceId=-1, source=0x101 }
07-01 00:36:51.349  3722  3722 I Input   : injectKeyEvent: KeyEvent { action=ACTION_UP, keyCode=KEYCODE_DEL, scanCode=0, metaState=0, flags=0x0, repeatCount=0, eventTime=33887609, downTime=33887609, deviceId=-1, source=0x101 }
07-01 00:36:51.350  3722  3722 I Input   : injectKeyEvent: KeyEvent { action=ACTION_DOWN, keyCode=KEYCODE_DEL, scanCode=0, metaState=0, flags=0x0, repeatCount=0, eventTime=33887613, downTime=33887613, deviceId=-1, source=0x101 }
07-01 00:36:51.352  3722  3722 I Input   : injectKeyEvent: KeyEvent { action=ACTION_UP, keyCode=KEYCODE_DEL, scanCode=0, metaState=0, flags=0x0, repeatCount=0, eventTime=33887613, downTime=33887613, deviceId=-1, source=0x101 }
07-01 00:36:51.354  3722  3722 I Input   : injectKeyEvent: KeyEvent { action=ACTION_DOWN, keyCode=KEYCODE_DEL, scanCode=0, metaState=0, flags=0x0, repeatCount=0, eventTime=33887617, downTime=33887617, deviceId=-1, source=0x101 }
07-01 00:36:51.356  3722  3722 I Input   : injectKeyEvent: KeyEvent { action=ACTION_UP, keyCode=KEYCODE_DEL, scanCode=0, metaState=0, flags=0x0, repeatCount=0, eventTime=33887617, downTime=33887617, deviceId=-1, source=0x101 }
07-01 00:36:51.358  3722  3722 I Input   : injectKeyEvent: KeyEvent { action=ACTION_DOWN, keyCode=KEYCODE_DEL, scanCode=0, metaState=0, flags=0x0, repeatCount=0, eventTime=33887621, downTime=33887621, deviceId=-1, source=0x101 }
07-01 00:36:51.360  3722  3722 I Input   : injectKeyEvent: KeyEvent { action=ACTION_UP, keyCode=KEYCODE_DEL, scanCode=0, metaState=0, flags=0x0, repeatCount=0, eventTime=33887621, downTime=33887621, deviceId=-1, source=0x101 }
07-01 00:36:51.363  3722  3722 I Input   : injectKeyEvent: KeyEvent { action=ACTION_DOWN, keyCode=KEYCODE_DEL, scanCode=0, metaState=0, flags=0x0, repeatCount=0, eventTime=33887626, downTime=33887626, deviceId=-1, source=0x101 }
07-01 00:36:51.365  3722  3722 I Input   : injectKeyEvent: KeyEvent { action=ACTION_UP, keyCode=KEYCODE_DEL, scanCode=0, metaState=0, flags=0x0, repeatCount=0, eventTime=33887626, downTime=33887626, deviceId=-1, source=0x101 }
07-01 00:36:51.367  3722  3722 I Input   : injectKeyEvent: KeyEvent { action=ACTION_DOWN, keyCode=KEYCODE_DEL, scanCode=0, metaState=0, flags=0x0, repeatCount=0, eventTime=33887630, downTime=33887630, deviceId=-1, source=0x101 }
07-01 00:36:51.368  3722  3722 I Input   : injectKeyEvent: KeyEvent { action=ACTION_UP, keyCode=KEYCODE_DEL, scanCode=0, metaState=0, flags=0x0, repeatCount=0, eventTime=33887630, downTime=33887630, deviceId=-1, source=0x101 }
07-01 00:36:51.370  3722  3722 D AndroidRuntime: Shutting down VM
07-01 00:36:51.514  3732  3732 D AndroidRuntime: >>>>>> START com.android.internal.os.RuntimeInit uid 2000 <<<<<<
07-01 00:36:51.517  3732  3732 W app_process: Could not reserve sentinel fault page
07-01 00:36:51.550  3732  3732 W app_process: Unexpected CPU variant for X86 using defaults: x86
07-01 00:36:51.552  3732  3732 I app_process: The ClassLoaderContext is a special shared library.
07-01 00:36:51.564  3732  3732 D AndroidRuntime: Calling main entry com.android.commands.input.Input
07-01 00:36:51.568  3732  3732 I Input   : injectKeyEvent: KeyEvent { action=ACTION_DOWN, keyCode=KEYCODE_SHIFT_LEFT, scanCode=0, metaState=META_SHIFT_ON|META_SHIFT_LEFT_ON, flags=0x0, repeatCount=0, eventTime=33887831, downTime=33887831, deviceId=-1, source=0x101 }
07-01 00:36:51.571  3732  3732 I Input   : injectKeyEvent: KeyEvent { action=ACTION_DOWN, keyCode=KEYCODE_T, scanCode=0, metaState=META_SHIFT_ON|META_SHIFT_LEFT_ON, flags=0x0, repeatCount=0, eventTime=33887831, downTime=33887831, deviceId=-1, source=0x101 }
07-01 00:36:51.579  1784  1784 W GInputConnectionWrapper: Fixing selection indices to 0, 0
07-01 00:36:51.588  1784  1784 I native  : input-context-store.cc:113 Using roll back input context operation: [DecodeTouch] reason: client [2170] vs decoder [2172]
07-01 00:36:51.590  3732  3732 I Input   : injectKeyEvent: KeyEvent { action=ACTION_UP, keyCode=KEYCODE_T, scanCode=0, metaState=META_SHIFT_ON|META_SHIFT_LEFT_ON, flags=0x0, repeatCount=0, eventTime=33887831, downTime=33887831, deviceId=-1, source=0x101 }
07-01 00:36:51.594  1443  1443 D gralloc_ranchu: gralloc_alloc: Creating ashmem region of size 8024064
07-01 00:36:51.598  1453  1501 D         : HostConnection::get() New Host Connection established 0xf5ba1240, tid 1501
07-01 00:36:51.599  1443  1443 D gralloc_ranchu: gralloc_alloc: Creating ashmem region of size 8024064
07-01 00:36:51.603  1443  1443 D gralloc_ranchu: gralloc_alloc: Creating ashmem region of size 8024064
07-01 00:36:51.614  3732  3732 I Input   : injectKeyEvent: KeyEvent { action=ACTION_UP, keyCode=KEYCODE_SHIFT_LEFT, scanCode=0, metaState=0, flags=0x0, repeatCount=0, eventTime=33887831, downTime=33887831, deviceId=-1, source=0x101 }
07-01 00:36:51.616  3732  3732 I Input   : injectKeyEvent: KeyEvent { action=ACTION_DOWN, keyCode=KEYCODE_E, scanCode=0, metaState=0, flags=0x0, repeatCount=0, eventTime=33887831, downTime=33887831, deviceId=-1, source=0x101 }
07-01 00:36:51.619  3732  3732 I Input   : injectKeyEvent: KeyEvent { action=ACTION_UP, keyCode=KEYCODE_E, scanCode=0, metaState=0, flags=0x0, repeatCount=0, eventTime=33887831, downTime=33887831, deviceId=-1, source=0x101 }
07-01 00:36:51.621  3732  3732 I Input   : injectKeyEvent: KeyEvent { action=ACTION_DOWN, keyCode=KEYCODE_S, scanCode=0, metaState=0, flags=0x0, repeatCount=0, eventTime=33887831, downTime=33887831, deviceId=-1, source=0x101 }
07-01 00:36:51.622  1784  1784 I native  : input-context-store.cc:113 Using roll back input context operation: [DecodeTouch] reason: client [2175] vs decoder [2176]
07-01 00:36:51.623  3732  3732 I Input   : injectKeyEvent: KeyEvent { action=ACTION_UP, keyCode=KEYCODE_S, scanCode=0, metaState=0, flags=0x0, repeatCount=0, eventTime=33887831, downTime=33887831, deviceId=-1, source=0x101 }
07-01 00:36:51.625  3732  3732 I Input   : injectKeyEvent: KeyEvent { action=ACTION_DOWN, keyCode=KEYCODE_T, scanCode=0, metaState=0, flags=0x0, repeatCount=0, eventTime=33887831, downTime=33887831, deviceId=-1, source=0x101 }
07-01 00:36:51.634  1784  4682 D EGL_emulation: eglMakeCurrent: 0xc737cba0: ver 3 0 (tinfo 0xcb2a4740)
07-01 00:36:51.642  1784  1784 I native  : input-context-store.cc:113 Using roll back input context operation: [DecodeTouch] reason: client [2177] vs decoder [2178]
07-01 00:36:51.643  3732  3732 I Input   : injectKeyEvent: KeyEvent { action=ACTION_UP, keyCode=KEYCODE_T, scanCode=0, metaState=0, flags=0x0, repeatCount=0, eventTime=33887831, downTime=33887831, deviceId=-1, source=0x101 }
07-01 00:36:51.654  3732  3732 I Input   : injectKeyEvent: KeyEvent { action=ACTION_DOWN, keyCode=KEYCODE_SHIFT_LEFT, scanCode=0, metaState=META_SHIFT_ON|META_SHIFT_LEFT_ON, flags=0x0, repeatCount=0, eventTime=33887831, downTime=33887831, deviceId=-1, source=0x101 }
07-01 00:36:51.657  3732  3732 I Input   : injectKeyEvent: KeyEvent { action=ACTION_DOWN, keyCode=KEYCODE_T, scanCode=0, metaState=META_SHIFT_ON|META_SHIFT_LEFT_ON, flags=0x0, repeatCount=0, eventTime=33887831, downTime=33887831, deviceId=-1, source=0x101 }
07-01 00:36:51.658  1784  1784 I native  : input-context-store.cc:113 Using roll back input context operation: [DecodeTouch] reason: client [2180] vs decoder [2181]
07-01 00:36:51.660  3732  3732 I Input   : injectKeyEvent: KeyEvent { action=ACTION_UP, keyCode=KEYCODE_T, scanCode=0, metaState=META_SHIFT_ON|META_SHIFT_LEFT_ON, flags=0x0, repeatCount=0, eventTime=33887831, downTime=33887831, deviceId=-1, source=0x101 }
07-01 00:36:51.662  3732  3732 I Input   : injectKeyEvent: KeyEvent { action=ACTION_UP, keyCode=KEYCODE_SHIFT_LEFT, scanCode=0, metaState=0, flags=0x0, repeatCount=0, eventTime=33887831, downTime=33887831, deviceId=-1, source=0x101 }
07-01 00:36:51.666  3732  3732 I Input   : injectKeyEvent: KeyEvent { action=ACTION_DOWN, keyCode=KEYCODE_E, scanCode=0, metaState=0, flags=0x0, repeatCount=0, eventTime=33887831, downTime=33887831, deviceId=-1, source=0x101 }
07-01 00:36:51.671  1784  1784 I native  : input-context-store.cc:113 Using roll back input context operation: [DecodeTouch] reason: client [2182] vs decoder [2183]
07-01 00:36:51.672  3732  3732 I Input   : injectKeyEvent: KeyEvent { action=ACTION_UP, keyCode=KEYCODE_E, scanCode=0, metaState=0, flags=0x0, repeatCount=0, eventTime=33887831, downTime=33887831, deviceId=-1, source=0x101 }
07-01 00:36:51.675  3732  3732 I Input   : injectKeyEvent: KeyEvent { action=ACTION_DOWN, keyCode=KEYCODE_S, scanCode=0, metaState=0, flags=0x0, repeatCount=0, eventTime=33887831, downTime=33887831, deviceId=-1, source=0x101 }
07-01 00:36:51.677  3732  3732 I Input   : injectKeyEvent: KeyEvent { action=ACTION_UP, keyCode=KEYCODE_S, scanCode=0, metaState=0, flags=0x0, repeatCount=0, eventTime=33887831, downTime=33887831, deviceId=-1, source=0x101 }
07-01 00:36:51.679  3732  3732 I Input   : injectKeyEvent: KeyEvent { action=ACTION_DOWN, keyCode=KEYCODE_T, scanCode=0, metaState=0, flags=0x0, repeatCount=0, eventTime=33887831, downTime=33887831, deviceId=-1, source=0x101 }
07-01 00:36:51.680  1784  1784 I native  : input-context-store.cc:113 Using roll back input context operation: [DecodeTouch] reason: client [2186] vs decoder [2187]
07-01 00:36:51.681  3732  3732 I Input   : injectKeyEvent: KeyEvent { action=ACTION_UP, keyCode=KEYCODE_T, scanCode=0, metaState=0, flags=0x0, repeatCount=0, eventTime=33887831, downTime=33887831, deviceId=-1, source=0x101 }
07-01 00:36:51.687  3732  3732 I Input   : injectKeyEvent: KeyEvent { action=ACTION_DOWN, keyCode=KEYCODE_SPACE, scanCode=0, metaState=0, flags=0x0, repeatCount=0, eventTime=33887831, downTime=33887831, deviceId=-1, source=0x101 }
07-01 00:36:51.694  3732  3732 I Input   : injectKeyEvent: KeyEvent { action=ACTION_UP, keyCode=KEYCODE_SPACE, scanCode=0, metaState=0, flags=0x0, repeatCount=0, eventTime=33887831, downTime=33887831, deviceId=-1, source=0x101 }
07-01 00:36:51.696  3732  3732 I Input   : injectKeyEvent: KeyEvent { action=ACTION_DOWN, keyCode=KEYCODE_SHIFT_LEFT, scanCode=0, metaState=META_SHIFT_ON|META_SHIFT_LEFT_ON, flags=0x0, repeatCount=0, eventTime=33887831, downTime=33887831, deviceId=-1, source=0x101 }
07-01 00:36:51.699  3732  3732 I Input   : injectKeyEvent: KeyEvent { action=ACTION_DOWN, keyCode=KEYCODE_T, scanCode=0, metaState=META_SHIFT_ON|META_SHIFT_LEFT_ON, flags=0x0, repeatCount=0, eventTime=33887831, downTime=33887831, deviceId=-1, source=0x101 }
07-01 00:36:51.700  1784  1784 I native  : input-context-store.cc:113 Using roll back input context operation: [DecodeTouch] reason: client [2190] vs decoder [2192]
07-01 00:36:51.701  3732  3732 I Input   : injectKeyEvent: KeyEvent { action=ACTION_UP, keyCode=KEYCODE_T, scanCode=0, metaState=META_SHIFT_ON|META_SHIFT_LEFT_ON, flags=0x0, repeatCount=0, eventTime=33887831, downTime=33887831, deviceId=-1, source=0x101 }
07-01 00:36:51.709  3732  3732 I Input   : injectKeyEvent: KeyEvent { action=ACTION_UP, keyCode=KEYCODE_SHIFT_LEFT, scanCode=0, metaState=0, flags=0x0, repeatCount=0, eventTime=33887831, downTime=33887831, deviceId=-1, source=0x101 }
07-01 00:36:51.712  3732  3732 I Input   : injectKeyEvent: KeyEvent { action=ACTION_DOWN, keyCode=KEYCODE_E, scanCode=0, metaState=0, flags=0x0, repeatCount=0, eventTime=33887831, downTime=33887831, deviceId=-1, source=0x101 }
07-01 00:36:51.715  3732  3732 I Input   : injectKeyEvent: KeyEvent { action=ACTION_UP, keyCode=KEYCODE_E, scanCode=0, metaState=0, flags=0x0, repeatCount=0, eventTime=33887831, downTime=33887831, deviceId=-1, source=0x101 }
07-01 00:36:51.716  3732  3732 I Input   : injectKeyEvent: KeyEvent { action=ACTION_DOWN, keyCode=KEYCODE_S, scanCode=0, metaState=0, flags=0x0, repeatCount=0, eventTime=33887831, downTime=33887831, deviceId=-1, source=0x101 }
07-01 00:36:51.718  1784  1784 I native  : input-context-store.cc:113 Using roll back input context operation: [DecodeTouch] reason: client [2195] vs decoder [2196]
07-01 00:36:51.719  3732  3732 I Input   : injectKeyEvent: KeyEvent { action=ACTION_UP, keyCode=KEYCODE_S, scanCode=0, metaState=0, flags=0x0, repeatCount=0, eventTime=33887831, downTime=33887831, deviceId=-1, source=0x101 }
07-01 00:36:51.721  3732  3732 I Input   : injectKeyEvent: KeyEvent { action=ACTION_DOWN, keyCode=KEYCODE_T, scanCode=0, metaState=0, flags=0x0, repeatCount=0, eventTime=33887831, downTime=33887831, deviceId=-1, source=0x101 }
07-01 00:36:51.729  3732  3732 I Input   : injectKeyEvent: KeyEvent { action=ACTION_UP, keyCode=KEYCODE_T, scanCode=0, metaState=0, flags=0x0, repeatCount=0, eventTime=33887831, downTime=33887831, deviceId=-1, source=0x101 }
07-01 00:36:51.731  3732  3732 D AndroidRuntime: Shutting down VM
07-01 00:36:51.783  1784  1784 W LstmExtension: no lmDescriptor could be found for en_US/20170411
07-01 00:36:51.783  1784  1784 W LstmExtension: no lmDescriptor could be found for en_US/20170411
07-01 00:36:51.927  3747  3747 D AndroidRuntime: >>>>>> START com.android.internal.os.RuntimeInit uid 2000 <<<<<<
07-01 00:36:51.961  3747  3747 W app_process: Unexpected CPU variant for X86 using defaults: x86
07-01 00:36:51.963  3747  3747 I app_process: The ClassLoaderContext is a special shared library.
07-01 00:36:51.977  3747  3747 D AndroidRuntime: Calling main entry com.android.commands.input.Input
07-01 00:36:51.978  3747  3747 I Input   : injectKeyEvent: KeyEvent { action=ACTION_DOWN, keyCode=KEYCODE_ESCAPE, scanCode=0, metaState=0, flags=0x0, repeatCount=0, eventTime=33888240, downTime=33888240, deviceId=-1, source=0x101 }
07-01 00:36:51.983  3747  3747 I Input   : injectKeyEvent: KeyEvent { action=ACTION_UP, keyCode=KEYCODE_ESCAPE, scanCode=0, metaState=0, flags=0x0, repeatCount=0, eventTime=33888240, downTime=33888240, deviceId=-1, source=0x101 }
07-01 00:36:51.986  3747  3747 D AndroidRuntime: Shutting down VM
07-01 00:36:51.994  1784  4682 D EGL_emulation: eglMakeCurrent: 0xc737cba0: ver 3 0 (tinfo 0xcb2a4740)
07-01 00:36:52.192  1444  1444 D gralloc_ranchu: gralloc_unregister_buffer: exiting HostConnection (is buffer-handling thread)
07-01 00:36:52.193  1444  1444 D         : HostConnection::get() New Host Connection established 0xe99a3900, tid 1444
07-01 00:36:52.193  1444  1444 D gralloc_ranchu: gralloc_unregister_buffer: exiting HostConnection (is buffer-handling thread)
07-01 00:36:52.193  1444  1444 D         : HostConnection::get() New Host Connection established 0xe99a3900, tid 1444
07-01 00:36:52.194  1444  1444 D gralloc_ranchu: gralloc_unregister_buffer: exiting HostConnection (is buffer-handling thread)
07-01 00:36:52.194  1444  1444 D         : HostConnection::get() New Host Connection established 0xe99a3900, tid 1444
07-01 00:36:52.194  1444  1444 D gralloc_ranchu: gralloc_unregister_buffer: exiting HostConnection (is buffer-handling thread)
07-01 00:36:52.195  1444  1444 D         : HostConnection::get() New Host Connection established 0xe99a3900, tid 1444
07-01 00:36:52.195  1444  1444 D gralloc_ranchu: gralloc_unregister_buffer: exiting HostConnection (is buffer-handling thread)
07-01 00:36:52.196  1444  1444 D         : HostConnection::get() New Host Connection established 0xe99a3900, tid 1444
07-01 00:36:52.196  1444  1444 D gralloc_ranchu: gralloc_unregister_buffer: exiting HostConnection (is buffer-handling thread)
07-01 00:36:52.201  1444  1444 D         : HostConnection::get() New Host Connection established 0xe99a3900, tid 1444
07-01 00:36:53.643  1453  2091 E SurfaceFlinger: ro.sf.lcd_density must be defined as a build property
07-01 00:36:53.650  1443  1443 D gralloc_ranchu: gralloc_alloc: Creating ashmem region of size 8298496
07-01 00:36:53.655  3763  3763 D         : HostConnection::get() New Host Connection established 0xe50c8240, tid 3763
07-01 00:36:53.658  1453  2091 D         : HostConnection::get() New Host Connection established 0xf5e923c0, tid 2091
07-01 00:36:53.662  1453  2091 D gralloc_ranchu: gralloc_unregister_buffer: exiting HostConnection (is buffer-handling thread)
07-01 00:36:53.662  1453  2091 D         : HostConnection::get() New Host Connection established 0xf5e923c0, tid 2091
07-01 00:36:53.662  1453  2091 D gralloc_ranchu: gralloc_unregister_buffer: exiting HostConnection (is buffer-handling thread)
07-01 00:36:54.129  1675  1689 E memtrack: Couldn't load memtrack module
07-01 00:36:54.129  1675  1689 W android.os.Debug: failed to get memory consumption info: -1
07-01 00:36:54.130 26659 26659 D MediaScannerReceiver: action: android.intent.action.MEDIA_SCANNER_SCAN_FILE path: /storage/emulated/0/screen.png
07-01 00:36:58.364  3775  3775 D AndroidRuntime: >>>>>> START com.android.internal.os.RuntimeInit uid 2000 <<<<<<
07-01 00:36:58.396  3775  3775 W app_process: Unexpected CPU variant for X86 using defaults: x86
07-01 00:36:58.397  3775  3775 I app_process: The ClassLoaderContext is a special shared library.
07-01 00:36:58.397  3775  3775 I app_process: The ClassLoaderContext is a special shared library.
07-01 00:36:58.410  3775  3775 D AndroidRuntime: Calling main entry com.android.commands.uiautomator.Launcher
