07-01 00:36:59.431  3775  3775 I app_process: Deoptimizing java.lang.String com.android.uiautomator.core.AccessibilityNodeInfoDumper.stripInvalidXMLChars(java.lang.CharSequence) due to JIT inline cache
07-01 00:36:59.438  3775  3775 W AccessibilityNodeInfoDumper: Fetch time: 9ms
07-01 00:36:59.439  1675 22554 W WindowManager: removeWindowToken: Attempted to remove non-existing token: android.os.Binder@4fffcae
07-01 00:36:59.443  3775  3775 D AndroidRuntime: Shutting down VM
07-01 00:37:00.036  1821  2022 D EGL_emulation: eglMakeCurrent: 0xcaa53860: ver 3 0 (tinfo 0xcacfc4e0)
07-01 00:37:01.822  3790  3790 D AndroidRuntime: >>>>>> START com.android.internal.os.RuntimeInit uid 2000 <<<<<<
07-01 00:37:01.853  3790  3790 W app_process: Unexpected CPU variant for X86 using defaults: x86
07-01 00:37:01.854  3790  3790 I app_process: The ClassLoaderContext is a special shared library.
07-01 00:37:01.855  3790  3790 I app_process: The ClassLoaderContext is a special shared library.
07-01 00:37:01.868  3790  3790 D AndroidRuntime: Calling main entry com.android.commands.uiautomator.Launcher
07-01 00:37:02.892  3790  3790 I app_process: Deoptimizing java.lang.String com.android.uiautomator.core.AccessibilityNodeInfoDumper.stripInvalidXMLChars(java.lang.CharSequence) due to JIT inline cache
07-01 00:37:02.895  3790  3790 W AccessibilityNodeInfoDumper: Fetch time: 8ms
07-01 00:37:02.896  1675  3270 W WindowManager: removeWindowToken: Attempted to remove non-existing token: android.os.Binder@9fbc61
07-01 00:37:02.903  3790  3790 D AndroidRuntime: Shutting down VM
07-01 00:37:03.130  3807  3807 D AndroidRuntime: >>>>>> START com.android.internal.os.RuntimeInit uid 2000 <<<<<<
07-01 00:37:03.162  3807  3807 W app_process: Unexpected CPU variant for X86 using defaults: x86
07-01 00:37:03.164  3807  3807 I app_process: The ClassLoaderContext is a special shared library.
07-01 00:37:03.164  3807  3807 I app_process: The ClassLoaderContext is a special shared library.
07-01 00:37:03.177  3807  3807 D AndroidRuntime: Calling main entry com.android.commands.uiautomator.Launcher
07-01 00:37:04.197  3807  3807 I app_process: Deoptimizing java.lang.String com.android.uiautomator.core.AccessibilityNodeInfoDumper.stripInvalidXMLChars(java.lang.CharSequence) due to JIT inline cache
07-01 00:37:04.199  3807  3807 W AccessibilityNodeInfoDumper: Fetch time: 5ms
07-01 00:37:04.200  1675 22554 W WindowManager: removeWindowToken: Attempted to remove non-existing token: android.os.Binder@414b447
07-01 00:37:04.206  3807  3807 D AndroidRuntime: Shutting down VM
07-01 00:37:04.309 25033 25068 W native  : jpeg_io.cc:108 File's first two bytes does not match the sequence 216
07-01 00:37:04.465  3828  3828 D AndroidRuntime: >>>>>> START com.android.internal.os.RuntimeInit uid 2000 <<<<<<
07-01 00:37:04.496  3828  3828 W app_process: Unexpected CPU variant for X86 using defaults: x86
07-01 00:37:04.498  3828  3828 I app_process: The ClassLoaderContext is a special shared library.
07-01 00:37:04.499  3828  3828 I app_process: The ClassLoaderContext is a special shared library.
07-01 00:37:04.512  3828  3828 D AndroidRuntime: Calling main entry com.android.commands.uiautomator.Launcher
07-01 00:37:05.534  3828  3828 I app_process: Deoptimizing java.lang.String com.android.uiautomator.core.AccessibilityNodeInfoDumper.stripInvalidXMLChars(java.lang.CharSequence) due to JIT inline cache
07-01 00:37:05.537  3828  3828 W AccessibilityNodeInfoDumper: Fetch time: 8ms
07-01 00:37:05.538  1675 21113 W WindowManager: removeWindowToken: Attempted to remove non-existing token: android.os.Binder@3ceff41
07-01 00:37:05.545  3828  3828 D AndroidRuntime: Shutting down VM
07-01 00:37:05.721  3840  3840 D AndroidRuntime: >>>>>> START com.android.internal.os.RuntimeInit uid 2000 <<<<<<
07-01 00:37:05.751  3840  3840 W app_process: Unexpected CPU variant for X86 using defaults: x86
07-01 00:37:05.753  3840  3840 I app_process: The ClassLoaderContext is a special shared library.
07-01 00:37:05.766  3840  3840 D AndroidRuntime: Calling main entry com.android.commands.input.Input
07-01 00:37:05.769  3840  3840 I Input   : injectMotionEvent: MotionEvent { action=ACTION_DOWN, actionButton=0, id[0]=0, x[0]=540.0, y[0]=897.0, toolType[0]=TOOL_TYPE_UNKNOWN, buttonState=0, metaState=0, flags=0x0, edgeFlags=0x0, pointerCount=1, historySize=0, eventTime=33902030, downTime=33902030, deviceId=0, source=0x1002 }
07-01 00:37:05.771  3840  3840 I Input   : injectMotionEvent: MotionEvent { action=ACTION_UP, actionButton=0, id[0]=0, x[0]=540.0, y[0]=897.0, toolType[0]=TOOL_TYPE_UNKNOWN, buttonState=0, metaState=0, flags=0x0, edgeFlags=0x0, pointerCount=1, historySize=0, eventTime=33902030, downTime=33902030, deviceId=0, source=0x1002 }
07-01 00:37:05.772  3840  3840 D AndroidRuntime: Shutting down VM
07-01 00:37:05.777  1435  4658 W audio_hw_generic: Not supplying enough data to HAL, expected position 17995774 , only wrote 17995680
07-01 00:37:05.838  1435  4658 W audio_hw_generic: Not supplying enough data to HAL, expected position 17998573 , only wrote 17997840
07-01 00:37:05.882  1547  1599 D AudioFlinger: mixer(0xf1183300) throttle end: throttle time(11)
07-01 00:37:09.065  1435  1595 W audio_hw_generic: Not supplying enough data to HAL, expected position 18305846 , only wrote 18152640
07-01 00:37:09.460  1784  1784 W LstmExtension: no lmDescriptor could be found for en_US/20170411
07-01 00:37:09.460  1784  1784 W LstmExtension: no lmDescriptor could be found for en_US/20170411
07-01 00:37:09.634  3865  3865 D AndroidRuntime: >>>>>> START com.android.internal.os.RuntimeInit uid 2000 <<<<<<
07-01 00:37:09.664  3865  3865 W app_process: Unexpected CPU variant for X86 using defaults: x86
07-01 00:37:09.665  3865  3865 I app_process: The ClassLoaderContext is a special shared library.
07-01 00:37:09.665  3865  3865 I app_process: The ClassLoaderContext is a special shared library.
07-01 00:37:09.678  3865  3865 D AndroidRuntime: Calling main entry com.android.commands.uiautomator.Launcher
07-01 00:37:10.697  3865  3865 W AccessibilityNodeInfoDumper: Fetch time: 4ms
07-01 00:37:10.698  1675  2445 W WindowManager: removeWindowToken: Attempted to remove non-existing token: android.os.Binder@1ef7240
07-01 00:37:10.705  3865  3865 D AndroidRuntime: Shutting down VM
07-01 00:37:11.522  3891  3891 D AndroidRuntime: >>>>>> START com.android.internal.os.RuntimeInit uid 2000 <<<<<<
07-01 00:37:11.554  3891  3891 W app_process: Unexpected CPU variant for X86 using defaults: x86
07-01 00:37:11.555  3891  3891 I app_process: The ClassLoaderContext is a special shared library.
07-01 00:37:11.555  3891  3891 I app_process: The ClassLoaderContext is a special shared library.
07-01 00:37:11.569  3891  3891 D AndroidRuntime: Calling main entry com.android.commands.uiautomator.Launcher
07-01 00:37:12.590  3891  3891 W AccessibilityNodeInfoDumper: Fetch time: 4ms
07-01 00:37:12.591  1675  2446 W WindowManager: removeWindowToken: Attempted to remove non-existing token: android.os.Binder@64c72be
07-01 00:37:12.598  3891  3891 D AndroidRuntime: Shutting down VM
07-01 00:37:12.821  3910  3910 D AndroidRuntime: >>>>>> START com.android.internal.os.RuntimeInit uid 2000 <<<<<<
07-01 00:37:12.857  3910  3910 W app_process: Unexpected CPU variant for X86 using defaults: x86
07-01 00:37:12.860  3910  3910 I app_process: The ClassLoaderContext is a special shared library.
07-01 00:37:12.860  3910  3910 I app_process: The ClassLoaderContext is a special shared library.
07-01 00:37:12.873  3910  3910 D AndroidRuntime: Calling main entry com.android.commands.uiautomator.Launcher
07-01 00:37:13.897  3910  3910 W AccessibilityNodeInfoDumper: Fetch time: 3ms
07-01 00:37:13.898  1675  1686 W WindowManager: removeWindowToken: Attempted to remove non-existing token: android.os.Binder@e79726c
07-01 00:37:13.905  3910  3910 D AndroidRuntime: Shutting down VM
07-01 00:37:14.718  3937  3937 D AndroidRuntime: >>>>>> START com.android.internal.os.RuntimeInit uid 2000 <<<<<<
07-01 00:37:14.748  3937  3937 W app_process: Unexpected CPU variant for X86 using defaults: x86
07-01 00:37:14.749  3937  3937 I app_process: The ClassLoaderContext is a special shared library.
07-01 00:37:14.750  3937  3937 I app_process: The ClassLoaderContext is a special shared library.
07-01 00:37:14.764  3937  3937 D AndroidRuntime: Calling main entry com.android.commands.uiautomator.Launcher
07-01 00:37:15.786  3937  3937 W AccessibilityNodeInfoDumper: Fetch time: 3ms
07-01 00:37:15.789  1675 21113 W WindowManager: removeWindowToken: Attempted to remove non-existing token: android.os.Binder@2d8fcca
07-01 00:37:15.794  3937  3937 D AndroidRuntime: Shutting down VM
07-01 00:37:16.780  3971  3971 D AndroidRuntime: >>>>>> START com.android.internal.os.RuntimeInit uid 2000 <<<<<<
07-01 00:37:16.835  3971  3971 W app_process: Unexpected CPU variant for X86 using defaults: x86
07-01 00:37:16.837  3971  3971 I app_process: The ClassLoaderContext is a special shared library.
07-01 00:37:16.837  3971  3971 I app_process: The ClassLoaderContext is a special shared library.
07-01 00:37:16.854  3971  3971 D AndroidRuntime: Calling main entry com.android.commands.uiautomator.Launcher
07-01 00:37:17.893  3971  3971 W AccessibilityNodeInfoDumper: Fetch time: 4ms
07-01 00:37:17.894  1675  2446 W WindowManager: removeWindowToken: Attempted to remove non-existing token: android.os.Binder@ada304
07-01 00:37:17.902  3971  3971 D AndroidRuntime: Shutting down VM
07-01 00:37:20.114  1453  1501 E SurfaceFlinger: ro.sf.lcd_density must be defined as a build property
07-01 00:37:20.122  1443  1443 D gralloc_ranchu: gralloc_alloc: Creating ashmem region of size 8298496
07-01 00:37:20.127  3987  3987 D         : HostConnection::get() New Host Connection established 0xe98c8240, tid 3987
07-01 00:37:20.143  1453  1501 D gralloc_ranchu: gralloc_unregister_buffer: exiting HostConnection (is buffer-handling thread)
07-01 00:37:20.143  1453  1501 D         : HostConnection::get() New Host Connection established 0xf5ba1240, tid 1501
07-01 00:37:20.143  1453  1501 D gralloc_ranchu: gralloc_unregister_buffer: exiting HostConnection (is buffer-handling thread)
07-01 00:37:21.026 26659 26659 D MediaScannerReceiver: action: android.intent.action.MEDIA_SCANNER_SCAN_FILE path: /storage/emulated/0/screen.png
07-01 00:37:25.301  3999  3999 D AndroidRuntime: >>>>>> START com.android.internal.os.RuntimeInit uid 2000 <<<<<<
07-01 00:37:25.304  3999  3999 W app_process: Could not reserve sentinel fault page
07-01 00:37:25.335  3999  3999 W app_process: Unexpected CPU variant for X86 using defaults: x86
07-01 00:37:25.338  3999  3999 I app_process: The ClassLoaderContext is a special shared library.
07-01 00:37:25.338  3999  3999 I app_process: The ClassLoaderContext is a special shared library.
07-01 00:37:25.349  3999  3999 D AndroidRuntime: Calling main entry com.android.commands.uiautomator.Launcher
07-01 00:37:26.372  3999  3999 W AccessibilityNodeInfoDumper: Fetch time: 3ms
07-01 00:37:26.373  1675 21113 W WindowManager: removeWindowToken: Attempted to remove non-existing token: android.os.Binder@e678ee9
07-01 00:37:26.378  3999  3999 D AndroidRuntime: Shutting down VM
07-01 00:37:28.009  1451  1451 I boot-pipe: done populating /dev/random
07-01 00:37:28.606  4016  4016 D AndroidRuntime: >>>>>> START com.android.internal.os.RuntimeInit uid 2000 <<<<<<
07-01 00:37:28.608  4016  4016 W app_process: Could not reserve sentinel fault page
07-01 00:37:28.638  4016  4016 W app_process: Unexpected CPU variant for X86 using defaults: x86
07-01 00:37:28.639  4016  4016 I app_process: The ClassLoaderContext is a special shared library.
07-01 00:37:28.640  4016  4016 I app_process: The ClassLoaderContext is a special shared library.
07-01 00:37:28.653  4016  4016 D AndroidRuntime: Calling main entry com.android.commands.uiautomator.Launcher
07-01 00:37:29.672  4016  4016 W AccessibilityNodeInfoDumper: Fetch time: 3ms
07-01 00:37:29.673  1675  2446 W WindowManager: removeWindowToken: Attempted to remove non-existing token: android.os.Binder@9bfde0f
07-01 00:37:29.680  4016  4016 D AndroidRuntime: Shutting down VM
07-01 00:37:29.902  4033  4033 D AndroidRuntime: >>>>>> START com.android.internal.os.RuntimeInit uid 2000 <<<<<<
07-01 00:37:29.939  4033  4033 W app_process: Unexpected CPU variant for X86 using defaults: x86
07-01 00:37:29.941  4033  4033 I app_process: The ClassLoaderContext is a special shared library.
07-01 00:37:29.941  4033  4033 I app_process: The ClassLoaderContext is a special shared library.
07-01 00:37:29.958  4033  4033 D AndroidRuntime: Calling main entry com.android.commands.uiautomator.Launcher
07-01 00:37:30.982  4033  4033 W AccessibilityNodeInfoDumper: Fetch time: 3ms
07-01 00:37:30.983  1675  1686 W WindowManager: removeWindowToken: Attempted to remove non-existing token: android.os.Binder@2a130a5
07-01 00:37:30.990  4033  4033 D AndroidRuntime: Shutting down VM
07-01 00:37:31.205 25033 25067 W native  : jpeg_io.cc:108 File's first two bytes does not match the sequence 216
07-01 00:37:31.218  4052  4052 D AndroidRuntime: >>>>>> START com.android.internal.os.RuntimeInit uid 2000 <<<<<<
07-01 00:37:31.254  4052  4052 W app_process: Unexpected CPU variant for X86 using defaults: x86
07-01 00:37:31.256  4052  4052 I app_process: The ClassLoaderContext is a special shared library.
07-01 00:37:31.256  4052  4052 I app_process: The ClassLoaderContext is a special shared library.
07-01 00:37:31.270  4052  4052 D AndroidRuntime: Calling main entry com.android.commands.uiautomator.Launcher
07-01 00:37:32.294  4052  4052 W AccessibilityNodeInfoDumper: Fetch time: 4ms
07-01 00:37:32.295  1675  2446 W WindowManager: removeWindowToken: Attempted to remove non-existing token: android.os.Binder@6e58fef
07-01 00:37:32.300  4052  4052 D AndroidRuntime: Shutting down VM
07-01 00:37:32.474  4066  4066 D AndroidRuntime: >>>>>> START com.android.internal.os.RuntimeInit uid 2000 <<<<<<
07-01 00:37:32.507  4066  4066 W app_process: Unexpected CPU variant for X86 using defaults: x86
07-01 00:37:32.510  4066  4066 I app_process: The ClassLoaderContext is a special shared library.
07-01 00:37:32.522  4066  4066 D AndroidRuntime: Calling main entry com.android.commands.input.Input
07-01 00:37:32.526  4066  4066 I Input   : injectMotionEvent: MotionEvent { action=ACTION_DOWN, actionButton=0, id[0]=0, x[0]=487.0, y[0]=138.0, toolType[0]=TOOL_TYPE_UNKNOWN, buttonState=0, metaState=0, flags=0x0, edgeFlags=0x0, pointerCount=1, historySize=0, eventTime=33928787, downTime=33928787, deviceId=0, source=0x1002 }
07-01 00:37:32.529  4066  4066 I Input   : injectMotionEvent: MotionEvent { action=ACTION_UP, actionButton=0, id[0]=0, x[0]=487.0, y[0]=138.0, toolType[0]=TOOL_TYPE_UNKNOWN, buttonState=0, metaState=0, flags=0x0, edgeFlags=0x0, pointerCount=1, historySize=0, eventTime=33928787, downTime=33928787, deviceId=0, source=0x1002 }
07-01 00:37:32.533  4066  4066 D AndroidRuntime: Shutting down VM
07-01 00:37:32.547  1784  1784 W GInputConnectionWrapper: Fixing selection indices to 0, 0
07-01 00:37:32.565  1443  1443 D gralloc_ranchu: gralloc_alloc: Creating ashmem region of size 8024064
07-01 00:37:32.570  1443  1443 D gralloc_ranchu: gralloc_alloc: Creating ashmem region of size 8024064
07-01 00:37:32.575  1443  2092 D gralloc_ranchu: gralloc_alloc: Creating ashmem region of size 8024064
07-01 00:37:32.575  1821  2022 D EGL_emulation: eglMakeCurrent: 0xcaa53860: ver 3 0 (tinfo 0xcacfc4e0)
07-01 00:37:32.589  1784  4682 D EGL_emulation: eglMakeCurrent: 0xc737cba0: ver 3 0 (tinfo 0xcb2a4740)
07-01 00:37:32.605  1784  1784 W LstmExtension: no lmDescriptor could be found for en_US/20170411
07-01 00:37:32.606  1784  1784 W LstmExtension: no lmDescriptor could be found for en_US/20170411
07-01 00:37:32.743  4082  4082 D AndroidRuntime: >>>>>> START com.android.internal.os.RuntimeInit uid 2000 <<<<<<
07-01 00:37:32.781  4082  4082 W app_process: Unexpected CPU variant for X86 using defaults: x86
07-01 00:37:32.783  4082  4082 I app_process: The ClassLoaderContext is a special shared library.
07-01 00:37:32.800  4082  4082 D AndroidRuntime: Calling main entry com.android.commands.input.Input
07-01 00:37:32.800  4082  4082 I Input   : injectKeyEvent: KeyEvent { action=ACTION_DOWN, keyCode=KEYCODE_ESCAPE, scanCode=0, metaState=0, flags=0x0, repeatCount=0, eventTime=33929063, downTime=33929063, deviceId=-1, source=0x101 }
07-01 00:37:32.805  4082  4082 I Input   : injectKeyEvent: KeyEvent { action=ACTION_UP, keyCode=KEYCODE_ESCAPE, scanCode=0, metaState=0, flags=0x0, repeatCount=0, eventTime=33929063, downTime=33929063, deviceId=-1, source=0x101 }
07-01 00:37:32.811  4082  4082 D AndroidRuntime: Shutting down VM
07-01 00:37:32.813  1784  4682 D EGL_emulation: eglMakeCurrent: 0xc737cba0: ver 3 0 (tinfo 0xcb2a4740)
07-01 00:37:32.815  1453  1501 D         : HostConnection::get() New Host Connection established 0xf5e92500, tid 1501
07-01 00:37:32.815  1453  1501 D gralloc_ranchu: gralloc_unregister_buffer: exiting HostConnection (is buffer-handling thread)
07-01 00:37:32.815  1453  1501 D         : HostConnection::get() New Host Connection established 0xf5e92500, tid 1501
07-01 00:37:32.816  1453  1501 D gralloc_ranchu: gralloc_unregister_buffer: exiting HostConnection (is buffer-handling thread)
07-01 00:37:32.816  1453  1501 D         : HostConnection::get() New Host Connection established 0xf5e92500, tid 1501
07-01 00:37:32.816  1453  1501 D gralloc_ranchu: gralloc_unregister_buffer: exiting HostConnection (is buffer-handling thread)
07-01 00:37:32.817  1453  1501 D         : HostConnection::get() New Host Connection established 0xf5e92500, tid 1501
07-01 00:37:32.817  1453  1501 D gralloc_ranchu: gralloc_unregister_buffer: exiting HostConnection (is buffer-handling thread)
07-01 00:37:33.000  1444  5989 D gralloc_ranchu: gralloc_unregister_buffer: exiting HostConnection (is buffer-handling thread)
07-01 00:37:33.001  1444  5989 D         : HostConnection::get() New Host Connection established 0xe99a3a80, tid 5989
07-01 00:37:33.001  1444  5989 D gralloc_ranchu: gralloc_unregister_buffer: exiting HostConnection (is buffer-handling thread)
07-01 00:37:33.006  1444  5989 D         : HostConnection::get() New Host Connection established 0xe99a3a80, tid 5989
07-01 00:37:33.403  1784  1784 W LstmExtension: no lmDescriptor could be found for en_US/20170411
07-01 00:37:33.404  1784  1784 W LstmExtension: no lmDescriptor could be found for en_US/20170411
07-01 00:37:33.533  4103  4103 D AndroidRuntime: >>>>>> START com.android.internal.os.RuntimeInit uid 2000 <<<<<<
07-01 00:37:33.564  4103  4103 W app_process: Unexpected CPU variant for X86 using defaults: x86
07-01 00:37:33.565  4103  4103 I app_process: The ClassLoaderContext is a special shared library.
07-01 00:37:33.580  4103  4103 D AndroidRuntime: Calling main entry com.android.commands.input.Input
07-01 00:37:33.580  4103  4103 I Input   : injectKeyEvent: KeyEvent { action=ACTION_DOWN, keyCode=KEYCODE_MOVE_END, scanCode=0, metaState=0, flags=0x0, repeatCount=0, eventTime=33929843, downTime=33929843, deviceId=-1, source=0x101 }
07-01 00:37:33.584  4103  4103 I Input   : injectKeyEvent: KeyEvent { action=ACTION_UP, keyCode=KEYCODE_MOVE_END, scanCode=0, metaState=0, flags=0x0, repeatCount=0, eventTime=33929843, downTime=33929843, deviceId=-1, source=0x101 }
07-01 00:37:33.586  4103  4103 D AndroidRuntime: Shutting down VM
07-01 00:37:33.711  4113  4113 D AndroidRuntime: >>>>>> START com.android.internal.os.RuntimeInit uid 2000 <<<<<<
07-01 00:37:33.742  4113  4113 W app_process: Unexpected CPU variant for X86 using defaults: x86
07-01 00:37:33.743  4113  4113 I app_process: The ClassLoaderContext is a special shared library.
07-01 00:37:33.755  4113  4113 D AndroidRuntime: Calling main entry com.android.commands.input.Input
07-01 00:37:33.755  4113  4113 I Input   : injectKeyEvent: KeyEvent { action=ACTION_DOWN, keyCode=KEYCODE_DEL, scanCode=0, metaState=0, flags=0x0, repeatCount=0, eventTime=33930018, downTime=33930018, deviceId=-1, source=0x101 }
07-01 00:37:33.760  4113  4113 I Input   : injectKeyEvent: KeyEvent { action=ACTION_UP, keyCode=KEYCODE_DEL, scanCode=0, metaState=0, flags=0x0, repeatCount=0, eventTime=33930018, downTime=33930018, deviceId=-1, source=0x101 }
07-01 00:37:33.762  4113  4113 I Input   : injectKeyEvent: KeyEvent { action=ACTION_DOWN, keyCode=KEYCODE_DEL, scanCode=0, metaState=0, flags=0x0, repeatCount=0, eventTime=33930025, downTime=33930025, deviceId=-1, source=0x101 }
07-01 00:37:33.763  4113  4113 I Input   : injectKeyEvent: KeyEvent { action=ACTION_UP, keyCode=KEYCODE_DEL, scanCode=0, metaState=0, flags=0x0, repeatCount=0, eventTime=33930025, downTime=33930025, deviceId=-1, source=0x101 }
07-01 00:37:33.765  4113  4113 I Input   : injectKeyEvent: KeyEvent { action=ACTION_DOWN, keyCode=KEYCODE_DEL, scanCode=0, metaState=0, flags=0x0, repeatCount=0, eventTime=33930028, downTime=33930028, deviceId=-1, source=0x101 }
07-01 00:37:33.766  4113  4113 I Input   : injectKeyEvent: KeyEvent { action=ACTION_UP, keyCode=KEYCODE_DEL, scanCode=0, metaState=0, flags=0x0, repeatCount=0, eventTime=33930028, downTime=33930028, deviceId=-1, source=0x101 }
07-01 00:37:33.768  4113  4113 I Input   : injectKeyEvent: KeyEvent { action=ACTION_DOWN, keyCode=KEYCODE_DEL, scanCode=0, metaState=0, flags=0x0, repeatCount=0, eventTime=33930031, downTime=33930031, deviceId=-1, source=0x101 }
07-01 00:37:33.769  4113  4113 I Input   : injectKeyEvent: KeyEvent { action=ACTION_UP, keyCode=KEYCODE_DEL, scanCode=0, metaState=0, flags=0x0, repeatCount=0, eventTime=33930031, downTime=33930031, deviceId=-1, source=0x101 }
07-01 00:37:33.770  4113  4113 I Input   : injectKeyEvent: KeyEvent { action=ACTION_DOWN, keyCode=KEYCODE_DEL, scanCode=0, metaState=0, flags=0x0, repeatCount=0, eventTime=33930033, downTime=33930033, deviceId=-1, source=0x101 }
07-01 00:37:33.771  4113  4113 I Input   : injectKeyEvent: KeyEvent { action=ACTION_UP, keyCode=KEYCODE_DEL, scanCode=0, metaState=0, flags=0x0, repeatCount=0, eventTime=33930033, downTime=33930033, deviceId=-1, source=0x101 }
07-01 00:37:33.773  4113  4113 I Input   : injectKeyEvent: KeyEvent { action=ACTION_DOWN, keyCode=KEYCODE_DEL, scanCode=0, metaState=0, flags=0x0, repeatCount=0, eventTime=33930036, downTime=33930036, deviceId=-1, source=0x101 }
07-01 00:37:33.774  4113  4113 I Input   : injectKeyEvent: KeyEvent { action=ACTION_UP, keyCode=KEYCODE_DEL, scanCode=0, metaState=0, flags=0x0, repeatCount=0, eventTime=33930036, downTime=33930036, deviceId=-1, source=0x101 }
07-01 00:37:33.776  4113  4113 I Input   : injectKeyEvent: KeyEvent { action=ACTION_DOWN, keyCode=KEYCODE_DEL, scanCode=0, metaState=0, flags=0x0, repeatCount=0, eventTime=33930039, downTime=33930039, deviceId=-1, source=0x101 }
07-01 00:37:33.777  4113  4113 I Input   : injectKeyEvent: KeyEvent { action=ACTION_UP, keyCode=KEYCODE_DEL, scanCode=0, metaState=0, flags=0x0, repeatCount=0, eventTime=33930039, downTime=33930039, deviceId=-1, source=0x101 }
07-01 00:37:33.779  4113  4113 I Input   : injectKeyEvent: KeyEvent { action=ACTION_DOWN, keyCode=KEYCODE_DEL, scanCode=0, metaState=0, flags=0x0, repeatCount=0, eventTime=33930042, downTime=33930042, deviceId=-1, source=0x101 }
07-01 00:37:33.781  4113  4113 I Input   : injectKeyEvent: KeyEvent { action=ACTION_UP, keyCode=KEYCODE_DEL, scanCode=0, metaState=0, flags=0x0, repeatCount=0, eventTime=33930042, downTime=33930042, deviceId=-1, source=0x101 }
07-01 00:37:33.782  4113  4113 I Input   : injectKeyEvent: KeyEvent { action=ACTION_DOWN, keyCode=KEYCODE_DEL, scanCode=0, metaState=0, flags=0x0, repeatCount=0, eventTime=33930045, downTime=33930045, deviceId=-1, source=0x101 }
07-01 00:37:33.783  4113  4113 I Input   : injectKeyEvent: KeyEvent { action=ACTION_UP, keyCode=KEYCODE_DEL, scanCode=0, metaState=0, flags=0x0, repeatCount=0, eventTime=33930045, downTime=33930045, deviceId=-1, source=0x101 }
07-01 00:37:33.785  4113  4113 I Input   : injectKeyEvent: KeyEvent { action=ACTION_DOWN, keyCode=KEYCODE_DEL, scanCode=0, metaState=0, flags=0x0, repeatCount=0, eventTime=33930048, downTime=33930048, deviceId=-1, source=0x101 }
07-01 00:37:33.787  4113  4113 I Input   : injectKeyEvent: KeyEvent { action=ACTION_UP, keyCode=KEYCODE_DEL, scanCode=0, metaState=0, flags=0x0, repeatCount=0, eventTime=33930048, downTime=33930048, deviceId=-1, source=0x101 }
07-01 00:37:33.788  4113  4113 I Input   : injectKeyEvent: KeyEvent { action=ACTION_DOWN, keyCode=KEYCODE_DEL, scanCode=0, metaState=0, flags=0x0, repeatCount=0, eventTime=33930051, downTime=33930051, deviceId=-1, source=0x101 }
07-01 00:37:33.790  4113  4113 I Input   : injectKeyEvent: KeyEvent { action=ACTION_UP, keyCode=KEYCODE_DEL, scanCode=0, metaState=0, flags=0x0, repeatCount=0, eventTime=33930051, downTime=33930051, deviceId=-1, source=0x101 }
07-01 00:37:33.791  4113  4113 I Input   : injectKeyEvent: KeyEvent { action=ACTION_DOWN, keyCode=KEYCODE_DEL, scanCode=0, metaState=0, flags=0x0, repeatCount=0, eventTime=33930054, downTime=33930054, deviceId=-1, source=0x101 }
07-01 00:37:33.793  4113  4113 I Input   : injectKeyEvent: KeyEvent { action=ACTION_UP, keyCode=KEYCODE_DEL, scanCode=0, metaState=0, flags=0x0, repeatCount=0, eventTime=33930054, downTime=33930054, deviceId=-1, source=0x101 }
07-01 00:37:33.795  4113  4113 I Input   : injectKeyEvent: KeyEvent { action=ACTION_DOWN, keyCode=KEYCODE_DEL, scanCode=0, metaState=0, flags=0x0, repeatCount=0, eventTime=33930058, downTime=33930058, deviceId=-1, source=0x101 }
07-01 00:37:33.796  4113  4113 I Input   : injectKeyEvent: KeyEvent { action=ACTION_UP, keyCode=KEYCODE_DEL, scanCode=0, metaState=0, flags=0x0, repeatCount=0, eventTime=33930058, downTime=33930058, deviceId=-1, source=0x101 }
07-01 00:37:33.798  4113  4113 I Input   : injectKeyEvent: KeyEvent { action=ACTION_DOWN, keyCode=KEYCODE_DEL, scanCode=0, metaState=0, flags=0x0, repeatCount=0, eventTime=33930061, downTime=33930061, deviceId=-1, source=0x101 }
07-01 00:37:33.800  4113  4113 I Input   : injectKeyEvent: KeyEvent { action=ACTION_UP, keyCode=KEYCODE_DEL, scanCode=0, metaState=0, flags=0x0, repeatCount=0, eventTime=33930061, downTime=33930061, deviceId=-1, source=0x101 }
07-01 00:37:33.802  4113  4113 I Input   : injectKeyEvent: KeyEvent { action=ACTION_DOWN, keyCode=KEYCODE_DEL, scanCode=0, metaState=0, flags=0x0, repeatCount=0, eventTime=33930064, downTime=33930064, deviceId=-1, source=0x101 }
07-01 00:37:33.803  4113  4113 I Input   : injectKeyEvent: KeyEvent { action=ACTION_UP, keyCode=KEYCODE_DEL, scanCode=0, metaState=0, flags=0x0, repeatCount=0, eventTime=33930064, downTime=33930064, deviceId=-1, source=0x101 }
07-01 00:37:33.805  4113  4113 I Input   : injectKeyEvent: KeyEvent { action=ACTION_DOWN, keyCode=KEYCODE_DEL, scanCode=0, metaState=0, flags=0x0, repeatCount=0, eventTime=33930068, downTime=33930068, deviceId=-1, source=0x101 }
07-01 00:37:33.807  4113  4113 I Input   : injectKeyEvent: KeyEvent { action=ACTION_UP, keyCode=KEYCODE_DEL, scanCode=0, metaState=0, flags=0x0, repeatCount=0, eventTime=33930068, downTime=33930068, deviceId=-1, source=0x101 }
07-01 00:37:33.809  4113  4113 I Input   : injectKeyEvent: KeyEvent { action=ACTION_DOWN, keyCode=KEYCODE_DEL, scanCode=0, metaState=0, flags=0x0, repeatCount=0, eventTime=33930072, downTime=33930072, deviceId=-1, source=0x101 }
07-01 00:37:33.811  4113  4113 I Input   : injectKeyEvent: KeyEvent { action=ACTION_UP, keyCode=KEYCODE_DEL, scanCode=0, metaState=0, flags=0x0, repeatCount=0, eventTime=33930072, downTime=33930072, deviceId=-1, source=0x101 }
07-01 00:37:33.813  4113  4113 I Input   : injectKeyEvent: KeyEvent { action=ACTION_DOWN, keyCode=KEYCODE_DEL, scanCode=0, metaState=0, flags=0x0, repeatCount=0, eventTime=33930076, downTime=33930076, deviceId=-1, source=0x101 }
07-01 00:37:33.814  4113  4113 I Input   : injectKeyEvent: KeyEvent { action=ACTION_UP, keyCode=KEYCODE_DEL, scanCode=0, metaState=0, flags=0x0, repeatCount=0, eventTime=33930076, downTime=33930076, deviceId=-1, source=0x101 }
07-01 00:37:33.816  4113  4113 I Input   : injectKeyEvent: KeyEvent { action=ACTION_DOWN, keyCode=KEYCODE_DEL, scanCode=0, metaState=0, flags=0x0, repeatCount=0, eventTime=33930079, downTime=33930079, deviceId=-1, source=0x101 }
07-01 00:37:33.817  4113  4113 I Input   : injectKeyEvent: KeyEvent { action=ACTION_UP, keyCode=KEYCODE_DEL, scanCode=0, metaState=0, flags=0x0, repeatCount=0, eventTime=33930079, downTime=33930079, deviceId=-1, source=0x101 }
07-01 00:37:33.819  4113  4113 I Input   : injectKeyEvent: KeyEvent { action=ACTION_DOWN, keyCode=KEYCODE_DEL, scanCode=0, metaState=0, flags=0x0, repeatCount=0, eventTime=33930082, downTime=33930082, deviceId=-1, source=0x101 }
07-01 00:37:33.821  4113  4113 I Input   : injectKeyEvent: KeyEvent { action=ACTION_UP, keyCode=KEYCODE_DEL, scanCode=0, metaState=0, flags=0x0, repeatCount=0, eventTime=33930082, downTime=33930082, deviceId=-1, source=0x101 }
07-01 00:37:33.822  4113  4113 I Input   : injectKeyEvent: KeyEvent { action=ACTION_DOWN, keyCode=KEYCODE_DEL, scanCode=0, metaState=0, flags=0x0, repeatCount=0, eventTime=33930085, downTime=33930085, deviceId=-1, source=0x101 }
07-01 00:37:33.824  4113  4113 I Input   : injectKeyEvent: KeyEvent { action=ACTION_UP, keyCode=KEYCODE_DEL, scanCode=0, metaState=0, flags=0x0, repeatCount=0, eventTime=33930085, downTime=33930085, deviceId=-1, source=0x101 }
07-01 00:37:33.826  4113  4113 I Input   : injectKeyEvent: KeyEvent { action=ACTION_DOWN, keyCode=KEYCODE_DEL, scanCode=0, metaState=0, flags=0x0, repeatCount=0, eventTime=33930089, downTime=33930089, deviceId=-1, source=0x101 }
07-01 00:37:33.828  4113  4113 I Input   : injectKeyEvent: KeyEvent { action=ACTION_UP, keyCode=KEYCODE_DEL, scanCode=0, metaState=0, flags=0x0, repeatCount=0, eventTime=33930089, downTime=33930089, deviceId=-1, source=0x101 }
07-01 00:37:33.829  4113  4113 I Input   : injectKeyEvent: KeyEvent { action=ACTION_DOWN, keyCode=KEYCODE_DEL, scanCode=0, metaState=0, flags=0x0, repeatCount=0, eventTime=33930092, downTime=33930092, deviceId=-1, source=0x101 }
07-01 00:37:33.831  4113  4113 I Input   : injectKeyEvent: KeyEvent { action=ACTION_UP, keyCode=KEYCODE_DEL, scanCode=0, metaState=0, flags=0x0, repeatCount=0, eventTime=33930092, downTime=33930092, deviceId=-1, source=0x101 }
07-01 00:37:33.833  4113  4113 I Input   : injectKeyEvent: KeyEvent { action=ACTION_DOWN, keyCode=KEYCODE_DEL, scanCode=0, metaState=0, flags=0x0, repeatCount=0, eventTime=33930096, downTime=33930096, deviceId=-1, source=0x101 }
07-01 00:37:33.835  4113  4113 I Input   : injectKeyEvent: KeyEvent { action=ACTION_UP, keyCode=KEYCODE_DEL, scanCode=0, metaState=0, flags=0x0, repeatCount=0, eventTime=33930096, downTime=33930096, deviceId=-1, source=0x101 }
07-01 00:37:33.837  4113  4113 I Input   : injectKeyEvent: KeyEvent { action=ACTION_DOWN, keyCode=KEYCODE_DEL, scanCode=0, metaState=0, flags=0x0, repeatCount=0, eventTime=33930099, downTime=33930099, deviceId=-1, source=0x101 }
07-01 00:37:33.838  4113  4113 I Input   : injectKeyEvent: KeyEvent { action=ACTION_UP, keyCode=KEYCODE_DEL, scanCode=0, metaState=0, flags=0x0, repeatCount=0, eventTime=33930099, downTime=33930099, deviceId=-1, source=0x101 }
07-01 00:37:33.840  4113  4113 I Input   : injectKeyEvent: KeyEvent { action=ACTION_DOWN, keyCode=KEYCODE_DEL, scanCode=0, metaState=0, flags=0x0, repeatCount=0, eventTime=33930103, downTime=33930103, deviceId=-1, source=0x101 }
07-01 00:37:33.842  4113  4113 I Input   : injectKeyEvent: KeyEvent { action=ACTION_UP, keyCode=KEYCODE_DEL, scanCode=0, metaState=0, flags=0x0, repeatCount=0, eventTime=33930103, downTime=33930103, deviceId=-1, source=0x101 }
07-01 00:37:33.843  4113  4113 I Input   : injectKeyEvent: KeyEvent { action=ACTION_DOWN, keyCode=KEYCODE_DEL, scanCode=0, metaState=0, flags=0x0, repeatCount=0, eventTime=33930106, downTime=33930106, deviceId=-1, source=0x101 }
07-01 00:37:33.845  4113  4113 I Input   : injectKeyEvent: KeyEvent { action=ACTION_UP, keyCode=KEYCODE_DEL, scanCode=0, metaState=0, flags=0x0, repeatCount=0, eventTime=33930106, downTime=33930106, deviceId=-1, source=0x101 }
07-01 00:37:33.847  4113  4113 I Input   : injectKeyEvent: KeyEvent { action=ACTION_DOWN, keyCode=KEYCODE_DEL, scanCode=0, metaState=0, flags=0x0, repeatCount=0, eventTime=33930110, downTime=33930110, deviceId=-1, source=0x101 }
07-01 00:37:33.848  4113  4113 I Input   : injectKeyEvent: KeyEvent { action=ACTION_UP, keyCode=KEYCODE_DEL, scanCode=0, metaState=0, flags=0x0, repeatCount=0, eventTime=33930110, downTime=33930110, deviceId=-1, source=0x101 }
07-01 00:37:33.850  4113  4113 I Input   : injectKeyEvent: KeyEvent { action=ACTION_DOWN, keyCode=KEYCODE_DEL, scanCode=0, metaState=0, flags=0x0, repeatCount=0, eventTime=33930113, downTime=33930113, deviceId=-1, source=0x101 }
07-01 00:37:33.852  4113  4113 I Input   : injectKeyEvent: KeyEvent { action=ACTION_UP, keyCode=KEYCODE_DEL, scanCode=0, metaState=0, flags=0x0, repeatCount=0, eventTime=33930113, downTime=33930113, deviceId=-1, source=0x101 }
07-01 00:37:33.853  4113  4113 I Input   : injectKeyEvent: KeyEvent { action=ACTION_DOWN, keyCode=KEYCODE_DEL, scanCode=0, metaState=0, flags=0x0, repeatCount=0, eventTime=33930116, downTime=33930116, deviceId=-1, source=0x101 }
07-01 00:37:33.855  4113  4113 I Input   : injectKeyEvent: KeyEvent { action=ACTION_UP, keyCode=KEYCODE_DEL, scanCode=0, metaState=0, flags=0x0, repeatCount=0, eventTime=33930116, downTime=33930116, deviceId=-1, source=0x101 }
07-01 00:37:33.857  4113  4113 I Input   : injectKeyEvent: KeyEvent { action=ACTION_DOWN, keyCode=KEYCODE_DEL, scanCode=0, metaState=0, flags=0x0, repeatCount=0, eventTime=33930120, downTime=33930120, deviceId=-1, source=0x101 }
07-01 00:37:33.860  4113  4113 I Input   : injectKeyEvent: KeyEvent { action=ACTION_UP, keyCode=KEYCODE_DEL, scanCode=0, metaState=0, flags=0x0, repeatCount=0, eventTime=33930120, downTime=33930120, deviceId=-1, source=0x101 }
07-01 00:37:33.862  4113  4113 I Input   : injectKeyEvent: KeyEvent { action=ACTION_DOWN, keyCode=KEYCODE_DEL, scanCode=0, metaState=0, flags=0x0, repeatCount=0, eventTime=33930125, downTime=33930125, deviceId=-1, source=0x101 }
07-01 00:37:33.864  4113  4113 I Input   : injectKeyEvent: KeyEvent { action=ACTION_UP, keyCode=KEYCODE_DEL, scanCode=0, metaState=0, flags=0x0, repeatCount=0, eventTime=33930125, downTime=33930125, deviceId=-1, source=0x101 }
07-01 00:37:33.866  4113  4113 I Input   : injectKeyEvent: KeyEvent { action=ACTION_DOWN, keyCode=KEYCODE_DEL, scanCode=0, metaState=0, flags=0x0, repeatCount=0, eventTime=33930129, downTime=33930129, deviceId=-1, source=0x101 }
07-01 00:37:33.867  4113  4113 I Input   : injectKeyEvent: KeyEvent { action=ACTION_UP, keyCode=KEYCODE_DEL, scanCode=0, metaState=0, flags=0x0, repeatCount=0, eventTime=33930129, downTime=33930129, deviceId=-1, source=0x101 }
07-01 00:37:33.869  4113  4113 I Input   : injectKeyEvent: KeyEvent { action=ACTION_DOWN, keyCode=KEYCODE_DEL, scanCode=0, metaState=0, flags=0x0, repeatCount=0, eventTime=33930132, downTime=33930132, deviceId=-1, source=0x101 }
07-01 00:37:33.871  4113  4113 I Input   : injectKeyEvent: KeyEvent { action=ACTION_UP, keyCode=KEYCODE_DEL, scanCode=0, metaState=0, flags=0x0, repeatCount=0, eventTime=33930132, downTime=33930132, deviceId=-1, source=0x101 }
07-01 00:37:33.873  4113  4113 I Input   : injectKeyEvent: KeyEvent { action=ACTION_DOWN, keyCode=KEYCODE_DEL, scanCode=0, metaState=0, flags=0x0, repeatCount=0, eventTime=33930136, downTime=33930136, deviceId=-1, source=0x101 }
07-01 00:37:33.874  4113  4113 I Input   : injectKeyEvent: KeyEvent { action=ACTION_UP, keyCode=KEYCODE_DEL, scanCode=0, metaState=0, flags=0x0, repeatCount=0, eventTime=33930136, downTime=33930136, deviceId=-1, source=0x101 }
07-01 00:37:33.877  4113  4113 I Input   : injectKeyEvent: KeyEvent { action=ACTION_DOWN, keyCode=KEYCODE_DEL, scanCode=0, metaState=0, flags=0x0, repeatCount=0, eventTime=33930140, downTime=33930140, deviceId=-1, source=0x101 }
07-01 00:37:33.878  4113  4113 I Input   : injectKeyEvent: KeyEvent { action=ACTION_UP, keyCode=KEYCODE_DEL, scanCode=0, metaState=0, flags=0x0, repeatCount=0, eventTime=33930140, downTime=33930140, deviceId=-1, source=0x101 }
07-01 00:37:33.880  4113  4113 I Input   : injectKeyEvent: KeyEvent { action=ACTION_DOWN, keyCode=KEYCODE_DEL, scanCode=0, metaState=0, flags=0x0, repeatCount=0, eventTime=33930143, downTime=33930143, deviceId=-1, source=0x101 }
07-01 00:37:33.882  4113  4113 I Input   : injectKeyEvent: KeyEvent { action=ACTION_UP, keyCode=KEYCODE_DEL, scanCode=0, metaState=0, flags=0x0, repeatCount=0, eventTime=33930143, downTime=33930143, deviceId=-1, source=0x101 }
07-01 00:37:33.883  4113  4113 I Input   : injectKeyEvent: KeyEvent { action=ACTION_DOWN, keyCode=KEYCODE_DEL, scanCode=0, metaState=0, flags=0x0, repeatCount=0, eventTime=33930146, downTime=33930146, deviceId=-1, source=0x101 }
07-01 00:37:33.885  4113  4113 I Input   : injectKeyEvent: KeyEvent { action=ACTION_UP, keyCode=KEYCODE_DEL, scanCode=0, metaState=0, flags=0x0, repeatCount=0, eventTime=33930146, downTime=33930146, deviceId=-1, source=0x101 }
07-01 00:37:33.886  4113  4113 I Input   : injectKeyEvent: KeyEvent { action=ACTION_DOWN, keyCode=KEYCODE_DEL, scanCode=0, metaState=0, flags=0x0, repeatCount=0, eventTime=33930149, downTime=33930149, deviceId=-1, source=0x101 }
07-01 00:37:33.888  4113  4113 I Input   : injectKeyEvent: KeyEvent { action=ACTION_UP, keyCode=KEYCODE_DEL, scanCode=0, metaState=0, flags=0x0, repeatCount=0, eventTime=33930149, downTime=33930149, deviceId=-1, source=0x101 }
07-01 00:37:33.889  4113  4113 I Input   : injectKeyEvent: KeyEvent { action=ACTION_DOWN, keyCode=KEYCODE_DEL, scanCode=0, metaState=0, flags=0x0, repeatCount=0, eventTime=33930152, downTime=33930152, deviceId=-1, source=0x101 }
07-01 00:37:33.891  4113  4113 I Input   : injectKeyEvent: KeyEvent { action=ACTION_UP, keyCode=KEYCODE_DEL, scanCode=0, metaState=0, flags=0x0, repeatCount=0, eventTime=33930152, downTime=33930152, deviceId=-1, source=0x101 }
07-01 00:37:33.893  4113  4113 I Input   : injectKeyEvent: KeyEvent { action=ACTION_DOWN, keyCode=KEYCODE_DEL, scanCode=0, metaState=0, flags=0x0, repeatCount=0, eventTime=33930156, downTime=33930156, deviceId=-1, source=0x101 }
07-01 00:37:33.895  4113  4113 I Input   : injectKeyEvent: KeyEvent { action=ACTION_UP, keyCode=KEYCODE_DEL, scanCode=0, metaState=0, flags=0x0, repeatCount=0, eventTime=33930156, downTime=33930156, deviceId=-1, source=0x101 }
07-01 00:37:33.897  4113  4113 I Input   : injectKeyEvent: KeyEvent { action=ACTION_DOWN, keyCode=KEYCODE_DEL, scanCode=0, metaState=0, flags=0x0, repeatCount=0, eventTime=33930160, downTime=33930160, deviceId=-1, source=0x101 }
07-01 00:37:33.899  4113  4113 I Input   : injectKeyEvent: KeyEvent { action=ACTION_UP, keyCode=KEYCODE_DEL, scanCode=0, metaState=0, flags=0x0, repeatCount=0, eventTime=33930160, downTime=33930160, deviceId=-1, source=0x101 }
07-01 00:37:33.900  4113  4113 I Input   : injectKeyEvent: KeyEvent { action=ACTION_DOWN, keyCode=KEYCODE_DEL, scanCode=0, metaState=0, flags=0x0, repeatCount=0, eventTime=33930163, downTime=33930163, deviceId=-1, source=0x101 }
07-01 00:37:33.902  4113  4113 I Input   : injectKeyEvent: KeyEvent { action=ACTION_UP, keyCode=KEYCODE_DEL, scanCode=0, metaState=0, flags=0x0, repeatCount=0, eventTime=33930163, downTime=33930163, deviceId=-1, source=0x101 }
07-01 00:37:33.904  4113  4113 I Input   : injectKeyEvent: KeyEvent { action=ACTION_DOWN, keyCode=KEYCODE_DEL, scanCode=0, metaState=0, flags=0x0, repeatCount=0, eventTime=33930167, downTime=33930167, deviceId=-1, source=0x101 }
07-01 00:37:33.906  4113  4113 I Input   : injectKeyEvent: KeyEvent { action=ACTION_UP, keyCode=KEYCODE_DEL, scanCode=0, metaState=0, flags=0x0, repeatCount=0, eventTime=33930167, downTime=33930167, deviceId=-1, source=0x101 }
07-01 00:37:33.908  4113  4113 I Input   : injectKeyEvent: KeyEvent { action=ACTION_DOWN, keyCode=KEYCODE_DEL, scanCode=0, metaState=0, flags=0x0, repeatCount=0, eventTime=33930171, downTime=33930171, deviceId=-1, source=0x101 }
07-01 00:37:33.909  4113  4113 I Input   : injectKeyEvent: KeyEvent { action=ACTION_UP, keyCode=KEYCODE_DEL, scanCode=0, metaState=0, flags=0x0, repeatCount=0, eventTime=33930171, downTime=33930171, deviceId=-1, source=0x101 }
07-01 00:37:33.912  4113  4113 I Input   : injectKeyEvent: KeyEvent { action=ACTION_DOWN, keyCode=KEYCODE_DEL, scanCode=0, metaState=0, flags=0x0, repeatCount=0, eventTime=33930175, downTime=33930175, deviceId=-1, source=0x101 }
07-01 00:37:33.913  4113  4113 I Input   : injectKeyEvent: KeyEvent { action=ACTION_UP, keyCode=KEYCODE_DEL, scanCode=0, metaState=0, flags=0x0, repeatCount=0, eventTime=33930175, downTime=33930175, deviceId=-1, source=0x101 }
07-01 00:37:33.915  4113  4113 I Input   : injectKeyEvent: KeyEvent { action=ACTION_DOWN, keyCode=KEYCODE_DEL, scanCode=0, metaState=0, flags=0x0, repeatCount=0, eventTime=33930178, downTime=33930178, deviceId=-1, source=0x101 }
07-01 00:37:33.917  4113  4113 I Input   : injectKeyEvent: KeyEvent { action=ACTION_UP, keyCode=KEYCODE_DEL, scanCode=0, metaState=0, flags=0x0, repeatCount=0, eventTime=33930178, downTime=33930178, deviceId=-1, source=0x101 }
07-01 00:37:33.918  4113  4113 I Input   : injectKeyEvent: KeyEvent { action=ACTION_DOWN, keyCode=KEYCODE_DEL, scanCode=0, metaState=0, flags=0x0, repeatCount=0, eventTime=33930181, downTime=33930181, deviceId=-1, source=0x101 }
07-01 00:37:33.920  4113  4113 I Input   : injectKeyEvent: KeyEvent { action=ACTION_UP, keyCode=KEYCODE_DEL, scanCode=0, metaState=0, flags=0x0, repeatCount=0, eventTime=33930181, downTime=33930181, deviceId=-1, source=0x101 }
07-01 00:37:33.921  4113  4113 I Input   : injectKeyEvent: KeyEvent { action=ACTION_DOWN, keyCode=KEYCODE_DEL, scanCode=0, metaState=0, flags=0x0, repeatCount=0, eventTime=33930184, downTime=33930184, deviceId=-1, source=0x101 }
07-01 00:37:33.924  4113  4113 I Input   : injectKeyEvent: KeyEvent { action=ACTION_UP, keyCode=KEYCODE_DEL, scanCode=0, metaState=0, flags=0x0, repeatCount=0, eventTime=33930184, downTime=33930184, deviceId=-1, source=0x101 }
07-01 00:37:33.926  4113  4113 I Input   : injectKeyEvent: KeyEvent { action=ACTION_DOWN, keyCode=KEYCODE_DEL, scanCode=0, metaState=0, flags=0x0, repeatCount=0, eventTime=33930189, downTime=33930189, deviceId=-1, source=0x101 }
07-01 00:37:33.929  4113  4113 I Input   : injectKeyEvent: KeyEvent { action=ACTION_UP, keyCode=KEYCODE_DEL, scanCode=0, metaState=0, flags=0x0, repeatCount=0, eventTime=33930189, downTime=33930189, deviceId=-1, source=0x101 }
07-01 00:37:33.931  4113  4113 D AndroidRuntime: Shutting down VM
07-01 00:37:34.057  4123  4123 D AndroidRuntime: >>>>>> START com.android.internal.os.RuntimeInit uid 2000 <<<<<<
07-01 00:37:34.089  4123  4123 W app_process: Unexpected CPU variant for X86 using defaults: x86
07-01 00:37:34.091  4123  4123 I app_process: The ClassLoaderContext is a special shared library.
07-01 00:37:34.104  4123  4123 D AndroidRuntime: Calling main entry com.android.commands.input.Input
07-01 00:37:34.107  4123  4123 I Input   : injectKeyEvent: KeyEvent { action=ACTION_DOWN, keyCode=KEYCODE_SHIFT_LEFT, scanCode=0, metaState=META_SHIFT_ON|META_SHIFT_LEFT_ON, flags=0x0, repeatCount=0, eventTime=33930369, downTime=33930369, deviceId=-1, source=0x101 }
07-01 00:37:34.110  4123  4123 I Input   : injectKeyEvent: KeyEvent { action=ACTION_DOWN, keyCode=KEYCODE_T, scanCode=0, metaState=META_SHIFT_ON|META_SHIFT_LEFT_ON, flags=0x0, repeatCount=0, eventTime=33930369, downTime=33930369, deviceId=-1, source=0x101 }
07-01 00:37:34.118  1784  1784 W GInputConnectionWrapper: Fixing selection indices to 0, 0
07-01 00:37:34.126  1784  1784 I native  : input-context-store.cc:113 Using roll back input context operation: [DecodeTouch] reason: client [2205] vs decoder [2207]
07-01 00:37:34.129  4123  4123 I Input   : injectKeyEvent: KeyEvent { action=ACTION_UP, keyCode=KEYCODE_T, scanCode=0, metaState=META_SHIFT_ON|META_SHIFT_LEFT_ON, flags=0x0, repeatCount=0, eventTime=33930369, downTime=33930369, deviceId=-1, source=0x101 }
07-01 00:37:34.133  1443  2092 D gralloc_ranchu: gralloc_alloc: Creating ashmem region of size 8024064
07-01 00:37:34.138  1443  2092 D gralloc_ranchu: gralloc_alloc: Creating ashmem region of size 8024064
07-01 00:37:34.143  1443  1443 D gralloc_ranchu: gralloc_alloc: Creating ashmem region of size 8024064
07-01 00:37:34.155  4123  4123 I Input   : injectKeyEvent: KeyEvent { action=ACTION_UP, keyCode=KEYCODE_SHIFT_LEFT, scanCode=0, metaState=0, flags=0x0, repeatCount=0, eventTime=33930369, downTime=33930369, deviceId=-1, source=0x101 }
07-01 00:37:34.158  4123  4123 I Input   : injectKeyEvent: KeyEvent { action=ACTION_DOWN, keyCode=KEYCODE_E, scanCode=0, metaState=0, flags=0x0, repeatCount=0, eventTime=33930369, downTime=33930369, deviceId=-1, source=0x101 }
07-01 00:37:34.168  1784  4682 D EGL_emulation: eglMakeCurrent: 0xc737cba0: ver 3 0 (tinfo 0xcb2a4740)
07-01 00:37:34.178  4123  4123 I Input   : injectKeyEvent: KeyEvent { action=ACTION_UP, keyCode=KEYCODE_E, scanCode=0, metaState=0, flags=0x0, repeatCount=0, eventTime=33930369, downTime=33930369, deviceId=-1, source=0x101 }
07-01 00:37:34.188  4123  4123 I Input   : injectKeyEvent: KeyEvent { action=ACTION_DOWN, keyCode=KEYCODE_S, scanCode=0, metaState=0, flags=0x0, repeatCount=0, eventTime=33930369, downTime=33930369, deviceId=-1, source=0x101 }
07-01 00:37:34.191  4123  4123 I Input   : injectKeyEvent: KeyEvent { action=ACTION_UP, keyCode=KEYCODE_S, scanCode=0, metaState=0, flags=0x0, repeatCount=0, eventTime=33930369, downTime=33930369, deviceId=-1, source=0x101 }
07-01 00:37:34.192  4123  4123 I Input   : injectKeyEvent: KeyEvent { action=ACTION_DOWN, keyCode=KEYCODE_T, scanCode=0, metaState=0, flags=0x0, repeatCount=0, eventTime=33930369, downTime=33930369, deviceId=-1, source=0x101 }
07-01 00:37:34.193  4123  4123 I Input   : injectKeyEvent: KeyEvent { action=ACTION_UP, keyCode=KEYCODE_T, scanCode=0, metaState=0, flags=0x0, repeatCount=0, eventTime=33930369, downTime=33930369, deviceId=-1, source=0x101 }
07-01 00:37:34.194  4123  4123 I Input   : injectKeyEvent: KeyEvent { action=ACTION_DOWN, keyCode=KEYCODE_SHIFT_LEFT, scanCode=0, metaState=META_SHIFT_ON|META_SHIFT_LEFT_ON, flags=0x0, repeatCount=0, eventTime=33930369, downTime=33930369, deviceId=-1, source=0x101 }
07-01 00:37:34.196  1784  4659 I native  : input-context-store.cc:138 Ignoring stale client request for FetchSuggestions
07-01 00:37:34.200  4123  4123 I Input   : injectKeyEvent: KeyEvent { action=ACTION_DOWN, keyCode=KEYCODE_T, scanCode=0, metaState=META_SHIFT_ON|META_SHIFT_LEFT_ON, flags=0x0, repeatCount=0, eventTime=33930369, downTime=33930369, deviceId=-1, source=0x101 }
07-01 00:37:34.204  1784  1784 I native  : input-context-store.cc:113 Using roll back input context operation: [DecodeTouch] reason: client [2213] vs decoder [2214]
07-01 00:37:34.206  4123  4123 I Input   : injectKeyEvent: KeyEvent { action=ACTION_UP, keyCode=KEYCODE_T, scanCode=0, metaState=META_SHIFT_ON|META_SHIFT_LEFT_ON, flags=0x0, repeatCount=0, eventTime=33930369, downTime=33930369, deviceId=-1, source=0x101 }
07-01 00:37:34.208  4123  4123 I Input   : injectKeyEvent: KeyEvent { action=ACTION_UP, keyCode=KEYCODE_SHIFT_LEFT, scanCode=0, metaState=0, flags=0x0, repeatCount=0, eventTime=33930369, downTime=33930369, deviceId=-1, source=0x101 }
07-01 00:37:34.209  4123  4123 I Input   : injectKeyEvent: KeyEvent { action=ACTION_DOWN, keyCode=KEYCODE_E, scanCode=0, metaState=0, flags=0x0, repeatCount=0, eventTime=33930369, downTime=33930369, deviceId=-1, source=0x101 }
07-01 00:37:34.211  1784  1784 I native  : input-context-store.cc:113 Using roll back input context operation: [DecodeTouch] reason: client [2215] vs decoder [2216]
07-01 00:37:34.212  4123  4123 I Input   : injectKeyEvent: KeyEvent { action=ACTION_UP, keyCode=KEYCODE_E, scanCode=0, metaState=0, flags=0x0, repeatCount=0, eventTime=33930369, downTime=33930369, deviceId=-1, source=0x101 }
07-01 00:37:34.214  4123  4123 I Input   : injectKeyEvent: KeyEvent { action=ACTION_DOWN, keyCode=KEYCODE_S, scanCode=0, metaState=0, flags=0x0, repeatCount=0, eventTime=33930369, downTime=33930369, deviceId=-1, source=0x101 }
07-01 00:37:34.219  1784  1784 I native  : input-context-store.cc:113 Using roll back input context operation: [DecodeTouch] reason: client [2217] vs decoder [2218]
07-01 00:37:34.221  4123  4123 I Input   : injectKeyEvent: KeyEvent { action=ACTION_UP, keyCode=KEYCODE_S, scanCode=0, metaState=0, flags=0x0, repeatCount=0, eventTime=33930369, downTime=33930369, deviceId=-1, source=0x101 }
07-01 00:37:34.223  4123  4123 I Input   : injectKeyEvent: KeyEvent { action=ACTION_DOWN, keyCode=KEYCODE_T, scanCode=0, metaState=0, flags=0x0, repeatCount=0, eventTime=33930369, downTime=33930369, deviceId=-1, source=0x101 }
07-01 00:37:34.224  1784  1784 I native  : input-context-store.cc:113 Using roll back input context operation: [DecodeTouch] reason: client [2219] vs decoder [2220]
07-01 00:37:34.227  4123  4123 I Input   : injectKeyEvent: KeyEvent { action=ACTION_UP, keyCode=KEYCODE_T, scanCode=0, metaState=0, flags=0x0, repeatCount=0, eventTime=33930369, downTime=33930369, deviceId=-1, source=0x101 }
07-01 00:37:34.229  4123  4123 I Input   : injectKeyEvent: KeyEvent { action=ACTION_DOWN, keyCode=KEYCODE_SPACE, scanCode=0, metaState=0, flags=0x0, repeatCount=0, eventTime=33930369, downTime=33930369, deviceId=-1, source=0x101 }
07-01 00:37:34.232  4123  4123 I Input   : injectKeyEvent: KeyEvent { action=ACTION_UP, keyCode=KEYCODE_SPACE, scanCode=0, metaState=0, flags=0x0, repeatCount=0, eventTime=33930369, downTime=33930369, deviceId=-1, source=0x101 }
