--------- beginning of main
07-07 23:40:05.305 28398 28398 I MicroDetectionWorker: #updateMicroDetector [detectionMode: [mDetectionMode: [1]]]
07-07 23:40:05.306 28398 28398 I MicroDetectionWorker: #startMicroDetector [speakerMode: 0]
07-07 23:40:05.306 28398 28398 I AudioController: Using mInputStreamFactoryBuilder
07-07 23:40:05.307 28398 28398 I MicroDetectionWorker: onReady
07-07 23:40:05.308 28398 19033 I MicroRecognitionRunner: Starting detection.
07-07 23:40:05.309 28398 19032 I MicrophoneInputStream: mic_starting com.google.android.apps.gsa.staticplugins.aa.c@b5c3d6b
07-07 23:40:05.309  1523  1523 W ServiceManager: Permission failure: android.permission.RECORD_AUDIO from uid=10032 pid=28398
07-07 23:40:05.309  1523  1523 E         : Request requires android.permission.RECORD_AUDIO
07-07 23:40:05.309  1523  1523 E         : android.permission.CAPTURE_AUDIO_HOTWORD
07-07 23:40:05.309 28398 19032 E AudioRecord: Could not get audio input for session 3649, record source 1999, sample rate 16000, format 0x1, channel mask 0x10, flags 0
07-07 23:40:05.309 28398 19032 E AudioRecord-JNI: Error creating AudioRecord instance: initialization check failed with status -22.
07-07 23:40:05.310 28398 19032 E android.media.AudioRecord: Error code -20 when initializing native AudioRecord object.
07-07 23:40:05.310 28398 19032 I MicrophoneInputStream: mic_started com.google.android.apps.gsa.staticplugins.aa.c@b5c3d6b
07-07 23:40:05.314 28398 19032 I MicrophoneInputStream: mic_close com.google.android.apps.gsa.staticplugins.aa.c@b5c3d6b
07-07 23:40:05.314 28398 19033 I MicroRecognitionRunner: Detection finished
07-07 23:40:05.314 28398 19033 W ErrorReporter: reportError [type: 211, code: 524300]: Error reading from input stream
07-07 23:40:05.314 28398 28454 I MicroRecognitionRunner: Stopping hotword detection.
07-07 23:40:05.315 28398 19033 W ErrorProcessor: onFatalError, processing error from engine(4)
07-07 23:40:05.315 28398 19033 W ErrorProcessor: com.google.android.apps.gsa.shared.speech.b.g: Error reading from input stream
07-07 23:40:05.315 28398 19033 W ErrorProcessor: 	at com.google.android.apps.gsa.staticplugins.recognizer.j.a.a(SourceFile:28)
07-07 23:40:05.315 28398 19033 W ErrorProcessor: 	at com.google.android.apps.gsa.staticplugins.recognizer.j.b.run(SourceFile:15)
07-07 23:40:05.315 28398 19033 W ErrorProcessor: 	at java.util.concurrent.Executors$RunnableAdapter.call(Executors.java:457)
07-07 23:40:05.315 28398 19033 W ErrorProcessor: 	at java.util.concurrent.FutureTask.run(FutureTask.java:266)
07-07 23:40:05.315 28398 19033 W ErrorProcessor: 	at java.util.concurrent.Executors$RunnableAdapter.call(Executors.java:457)
07-07 23:40:05.315 28398 19033 W ErrorProcessor: 	at java.util.concurrent.FutureTask.run(FutureTask.java:266)
07-07 23:40:05.315 28398 19033 W ErrorProcessor: 	at com.google.android.apps.gsa.shared.util.concurrent.a.ag.run(Unknown Source:4)
07-07 23:40:05.315 28398 19033 W ErrorProcessor: 	at com.google.android.apps.gsa.shared.util.concurrent.a.bo.run(SourceFile:4)
07-07 23:40:05.315 28398 19033 W ErrorProcessor: 	at com.google.android.apps.gsa.shared.util.concurrent.a.bo.run(SourceFile:4)
07-07 23:40:05.315 28398 19033 W ErrorProcessor: 	at java.util.concurrent.ThreadPoolExecutor.runWorker(ThreadPoolExecutor.java:1162)
07-07 23:40:05.315 28398 19033 W ErrorProcessor: 	at java.util.concurrent.ThreadPoolExecutor$Worker.run(ThreadPoolExecutor.java:636)
07-07 23:40:05.315 28398 19033 W ErrorProcessor: 	at java.lang.Thread.run(Thread.java:764)
07-07 23:40:05.315 28398 19033 W ErrorProcessor: 	at com.google.android.apps.gsa.shared.util.concurrent.a.ak.run(SourceFile:6)
07-07 23:40:05.315 28398 19033 W ErrorProcessor: Caused by: com.google.android.apps.gsa.shared.exception.GsaIOException: Error code: 393238 | Buffer overflow, no available space.
07-07 23:40:05.315 28398 19033 W ErrorProcessor: 	at com.google.android.apps.gsa.speech.audio.Tee.f(SourceFile:103)
07-07 23:40:05.315 28398 19033 W ErrorProcessor: 	at com.google.android.apps.gsa.speech.audio.au.read(SourceFile:2)
07-07 23:40:05.315 28398 19033 W ErrorProcessor: 	at java.io.InputStream.read(InputStream.java:101)
07-07 23:40:05.315 28398 19033 W ErrorProcessor: 	at com.google.android.apps.gsa.speech.audio.ao.run(SourceFile:18)
07-07 23:40:05.315 28398 19033 W ErrorProcessor: 	at com.google.android.apps.gsa.speech.audio.an.run(SourceFile:2)
07-07 23:40:05.315 28398 19033 W ErrorProcessor: 	... 11 more
07-07 23:40:05.315 28398 19033 I AudioController: internalShutdown
07-07 23:40:05.329 28398 28398 I MicroDetectionWorker: onReady
07-07 23:40:05.329 28398 28398 I MicroDetector: Keeping mic open: false
07-07 23:40:05.329 28398 28398 I MicroDetectionWorker: #onError(false)
07-07 23:40:05.329 28398 19028 I DeviceStateChecker: DeviceStateChecker cancelled
07-07 23:40:06.434 19160 19160 D AndroidRuntime: >>>>>> START com.android.internal.os.RuntimeInit uid 2000 <<<<<<
07-07 23:40:06.485 19160 19160 W app_process: Unexpected CPU variant for X86 using defaults: x86
07-07 23:40:06.487 19160 19160 I app_process: The ClassLoaderContext is a special shared library.
07-07 23:40:06.503 19160 19160 D AndroidRuntime: Calling main entry com.android.commands.pm.Pm
--------- beginning of system
07-07 23:40:06.505  1648  1663 I ActivityManager: Force stopping fr.free.nrw.commons appid=10151 user=-1: deletePackageX
07-07 23:40:06.591  1527  1527 I keystore: clear_uid 10151
07-07 23:40:06.592  1648  1675 D PackageManager: Ephemeral installer not found with new action; try old one
07-07 23:40:06.592  1648  1675 D PackageManager: Clear ephemeral installer activity
07-07 23:40:06.636  1648  1675 I zygote  : Explicit concurrent copying GC freed 27573(1414KB) AllocSpace objects, 8(288KB) LOS objects, 37% free, 9MB/15MB, paused 14us total 44.327ms
07-07 23:40:06.643 19160 19160 I app_process: System.exit called, status: 0
07-07 23:40:06.643 19160 19160 I AndroidRuntime: VM exiting with result code 0.
07-07 23:40:06.645 19160 19169 W MessageQueue: Handler (android.os.Handler) {c64451d} sending message to a Handler on a dead thread
07-07 23:40:06.645 19160 19169 W MessageQueue: java.lang.IllegalStateException: Handler (android.os.Handler) {c64451d} sending message to a Handler on a dead thread
07-07 23:40:06.645 19160 19169 W MessageQueue: 	at android.os.MessageQueue.enqueueMessage(MessageQueue.java:545)
07-07 23:40:06.645 19160 19169 W MessageQueue: 	at android.os.Handler.enqueueMessage(Handler.java:662)
07-07 23:40:06.645 19160 19169 W MessageQueue: 	at android.os.Handler.sendMessageAtTime(Handler.java:631)
07-07 23:40:06.645 19160 19169 W MessageQueue: 	at android.os.Handler.sendMessageDelayed(Handler.java:601)
07-07 23:40:06.645 19160 19169 W MessageQueue: 	at android.os.Handler.post(Handler.java:357)
07-07 23:40:06.645 19160 19169 W MessageQueue: 	at android.os.ResultReceiver$MyResultReceiver.send(ResultReceiver.java:57)
07-07 23:40:06.645 19160 19169 W MessageQueue: 	at com.android.internal.os.IResultReceiver$Stub.onTransact(IResultReceiver.java:58)
07-07 23:40:06.645 19160 19169 W MessageQueue: 	at android.os.Binder.execTransact(Binder.java:697)
07-07 23:40:06.654 19175 19175 W zygote  : Unexpected CPU variant for X86 using defaults: x86
07-07 23:40:06.654  1648  1675 I ActivityManager: Start proc 19175:com.android.defcontainer/u0a8 for service com.android.defcontainer/.DefaultContainerService
07-07 23:40:06.654  1648  1675 I ActivityManager: Force stopping fr.free.nrw.commons appid=10151 user=0: pkg removed
07-07 23:40:06.665  1648  1663 W BroadcastQueue: Background execution not allowed: receiving Intent { act=android.intent.action.PACKAGE_REMOVED dat=package:fr.free.nrw.commons flg=0x4000010 (has extras) } to com.google.android.gms/.games.chimera.GamesSystemBroadcastReceiverProxy
07-07 23:40:06.665  1648  1663 W BroadcastQueue: Background execution not allowed: receiving Intent { act=android.intent.action.PACKAGE_REMOVED dat=package:fr.free.nrw.commons flg=0x4000010 (has extras) } to com.google.android.gms/.chimera.GmsIntentOperationService$PersistentTrustedReceiver
07-07 23:40:06.665  1648  1663 W BroadcastQueue: Background execution not allowed: receiving Intent { act=android.intent.action.PACKAGE_REMOVED dat=package:fr.free.nrw.commons flg=0x4000010 (has extras) } to com.google.android.googlequicksearchbox/com.google.android.apps.gsa.googlequicksearchbox.GelStubAppWatcher
07-07 23:40:06.666  1648  1712 I InputReader: Reconfiguring input devices.  changes=0x00000010
07-07 23:40:06.678  1648  1648 I ActivityManager: Start proc 19189:com.android.keychain/1000 for service com.android.keychain/.KeyChainService
07-07 23:40:06.682 19189 19189 W zygote  : Unexpected CPU variant for X86 using defaults: x86
07-07 23:40:06.690 19175 19175 I zygote  : The ClassLoaderContext is a special shared library.
07-07 23:40:06.693  1876  1876 D CarrierSvcBindHelper: No carrier app for: 0
07-07 23:40:06.693  1648  1675 D KernelUidCpuTimeReader: Removing uids 10151-10151
07-07 23:40:06.694  1648  1648 D ZenLog  : config: removeAutomaticZenRules,ZenModeConfig[user=0,allowCalls=true,allowRepeatCallers=false,allowMessages=false,allowCallsFrom=contacts,allowMessagesFrom=contacts,allowReminders=true,allowEvents=true,allowWhenScreenOff=true,allowWhenScreenOn=true,automaticRules={EVENTS_DEFAULT_RULE=ZenRule[enabled=false,snoozing=false,name=Event,zenMode=ZEN_MODE_ALARMS,conditionId=condition://android/event?userId=-10000&calendar=&reply=1,condition=Condition[id=condition://android/event?userId=-10000&calendar=&reply=1,summary=...,line1=...,line2=...,icon=0,state=STATE_FALSE,flags=2],component=ComponentInfo{android/com.android.server.notification.EventConditionProvider},id=EVENTS_DEFAULT_RULE,creationTime=1629221005391,enabler=null], SCHEDULED_DEFAULT_RULE_1=ZenRule[enabled=false,snoozing=false,name=Weeknight,zenMode=ZEN_MODE_ALARMS,conditionId=condition://android/schedule?days=1.2.3.4.5&start=22.0&end=7.0&exitAtAlarm=false,condition=Condition[id=condition://android/schedule?days=1.2.3.4.5&start=22.0&end=7.0&exitAtAlarm=false,summary=...,line1=...,line2=...,icon=0,state=STATE_TRUE,flags=2],component=ComponentInfo{android/com.android.server.notification.ScheduleConditionProvider},id=SCHEDULED_DEFAULT_RULE_1,creationTime=1629221005391,enabler=null], SCHEDULED_DEFAULT_RULE_2=ZenRule[enabled=false,snoozing=false,name=Weekend,zenMode=ZEN_MODE_ALARMS,conditionId=condition://android/schedule?days=6.7&start=23.30&end=10.0&exitAtAlarm=false,condition=Condition[id=condition://android/schedule?days=6.7&start=23.30&end=10.0&exitAtAlarm=false,summary=...,line1=...,line2=...,icon=0,state=STATE_FALSE,flags=2],component=ComponentInfo{android/com.android.server.notification.ScheduleConditionProvider},id=SCHEDULED_DEFAULT_RULE_2,creationTime=1629221005391,enabler=null]},manualRule=null],Diff[]
07-07 23:40:06.694  1648  1648 I ConditionProviders: Disallowing condition provider fr.free.nrw.commons
07-07 23:40:06.703 19210 19210 W zygote  : Unexpected CPU variant for X86 using defaults: x86
07-07 23:40:06.704  1648  1663 I ActivityManager: Start proc 19210:com.android.documentsui/u0a12 for broadcast com.android.documentsui/.PackageReceiver
07-07 23:40:06.705  2056  2056 I GeofencerStateMachine: removeGeofences: removeRequest=RemoveGeofencingRequest[REMOVE_ALL packageName=fr.free.nrw.commons]
07-07 23:40:06.725 19189 19189 I zygote  : The ClassLoaderContext is a special shared library.
07-07 23:40:06.730 19230 19230 W zygote  : Unexpected CPU variant for X86 using defaults: x86
07-07 23:40:06.733  1648  3975 I ActivityManager: Start proc 19230:com.google.android.gms.ui/u0a14 for service com.google.android.gms/.chimera.UiIntentOperationService
07-07 23:40:06.737  1648  1721 D RecurrenceRule: Resolving using anchor 2022-07-07T23:40:06.737-04:00[America/New_York]
07-07 23:40:06.738  1648  1721 D RecurrenceRule: Resolving using anchor 2022-07-07T23:40:06.738-04:00[America/New_York]
07-07 23:40:06.739  1648  1721 D RecurrenceRule: Cycle 17 from 2022-06-17T00:00-04:00[America/New_York] to 2022-07-17T00:00-04:00[America/New_York]
07-07 23:40:06.739  1648  1721 D NetworkStats: Resolving plan for NetworkTemplate: matchRule=MOBILE_ALL, subscriberId=310260..., matchSubscriberIds=[310260...]
07-07 23:40:06.744  2056 19220 I Fitness : FitCleanupIntentOperation received Intent android.intent.action.PACKAGE_REMOVED [CONTEXT service_id=17 ]
07-07 23:40:06.747  1648  1721 D NetworkStats: Found active matching subId 1
07-07 23:40:06.748 19210 19210 I zygote  : The ClassLoaderContext is a special shared library.
07-07 23:40:06.749  1648  1648 D ZenLog  : set_zen_mode: off,removeAutomaticZenRules
07-07 23:40:06.750 19230 19230 I zygote  : The ClassLoaderContext is a special shared library.
07-07 23:40:06.767  1648  1721 D NetworkStats: Resolved to plan null
07-07 23:40:06.751 19230 19230 I chatty  : uid=10014 com.google.android.gms.ui identical 1 line
07-07 23:40:06.752 19230 19230 I zygote  : The ClassLoaderContext is a special shared library.
07-07 23:40:06.767  2220  9318 I Icing   : doRemovePackageData fr.free.nrw.commons
07-07 23:40:06.772  2220  9367 I ContentMaintenance: Internal cache bytes used: 0; limit: 40626585; download size: 0
07-07 23:40:06.795  2220  9367 I RealtimeCacheCleanup: Beginning Realtime garbage collection.
07-07 23:40:06.797  2220  9367 I RealtimeCacheCleanup: Finished Realtime garbage collection.
07-07 23:40:06.806  2220  4173 I Icing   : IndexChimeraService.getServiceInterface callingPackage=com.google.android.gms componentName=AppsCorpus serviceId=36
07-07 23:40:06.811  1648  1664 D AutofillUI: destroySaveUiUiThread(): already destroyed
07-07 23:40:06.812  1648  1662 D AutofillManagerServiceImpl: Set component for user 0 as ServiceInfo{9b7a892 com.google.android.gms.autofill.service.AutofillService}
07-07 23:40:06.819 19271 19271 W zygote  : Unexpected CPU variant for X86 using defaults: x86
07-07 23:40:06.823  1648  2273 I ActivityManager: Start proc 19271:com.google.android.apps.docs/u0a51 for content provider com.google.android.apps.docs/.storagebackend.StorageBackendContentProvider
07-07 23:40:06.837  2220  9367 W Icing   : No valid account for uploading user actions
07-07 23:40:06.841 19271 19271 I zygote  : The ClassLoaderContext is a special shared library.
07-07 23:40:06.858  2220  4173 I Icing   : IndexChimeraService.getServiceInterface callingPackage=com.google.android.gms componentName=null serviceId=30
07-07 23:40:06.869 19230 19230 W DynamiteModule: Local module descriptor class for providerinstaller not found.
07-07 23:40:06.873 19230 19230 W ProviderHelper: Unknown dynamite feature providerinstaller
07-07 23:40:06.877 19230 19230 I DynamiteModule: Considering local module providerinstaller:0 and remote module providerinstaller:0
07-07 23:40:06.878 19230 19230 W ProviderInstaller: Failed to load providerinstaller module: No acceptable module found. Local version is 0 and remote version is 0.
07-07 23:40:06.878 19271 19271 E zygote  : The String#value field is not present on Android versions >= 6.0
07-07 23:40:06.880 19230 19230 V NativeCrypto: Registering com/google/android/gms/org/conscrypt/NativeCrypto's 286 native methods...
07-07 23:40:06.894 19230 19230 D NetworkSecurityConfig: Using Network Security Config from resource network_security_config debugBuild: false
07-07 23:40:06.895 19230 19230 I ProviderInstaller: Installed default security provider GmsCore_OpenSSL
07-07 23:40:06.895 19230 19230 I Safeboot: Checking safeboot...
07-07 23:40:06.895 19230 19230 I Safeboot: Not entering safeboot; wrong process.
07-07 23:40:06.901  2220  9367 I Icing   : Usage reports ok 2, Failed Usage reports 0, indexed 0, rejected 0
07-07 23:40:06.907  2220  9367 W Icing   : No valid account for uploading user actions
07-07 23:40:06.926  2220  9367 I Icing   : Usage reports ok 0, Failed Usage reports 0, indexed 0, rejected 0
07-07 23:40:06.938 19271 19295 I GAv4    : Google Analytics 11.9.10 is starting up. To enable debug logging on a device run:
07-07 23:40:06.938 19271 19295 I GAv4    :   adb shell setprop log.tag.GAv4 DEBUG
07-07 23:40:06.938 19271 19295 I GAv4    :   adb logcat -s GAv4
07-07 23:40:06.941  2220  9367 I Icing   : Indexing com.google.android.gms-apps from com.google.android.gms
07-07 23:40:06.947 19271 19295 W TaskScheduler0-CoreComponentFactoryImpl: RetainedComponent will not be retained if  eec does not inherit FragmentActivity and fulfill lfi contract.
07-07 23:40:06.949 19271 19271 W main-FieldDefinition: Ignoring isIndexed constraint as field also has uniqueness constraint (on just this field, and therefore SQLite will have to create an index on that. For field: com.google.android.apps.docs.database.common.FieldDefinition$a@2ff4ced
07-07 23:40:06.952 19230 19230 I bezb    : Primes not initialized, returning default (no-op) Primes instance which will ignore all calls. Please call Primes.initialize(...) before using any Primes API.
07-07 23:40:06.953 19271 19301 W GAv4    : CampaignTrackingReceiver is not registered, not exported or is disabled. Installation campaign tracking is not possible. See http://goo.gl/8Rd3yj for instructions.
07-07 23:40:06.969  2220  9367 I Icing   : Indexing done com.google.android.gms-apps
07-07 23:40:07.031 19210 19210 I ProvidersCache: Updating roots due to change at content://com.google.android.apps.docs.storage/root
07-07 23:40:07.038  2056  2056 W SystemServiceRegistry: No service published for: persistent_data_block
07-07 23:40:07.043 19210 19266 I ProvidersCache: Provider returned no roots. Possibly naughty: com.google.android.apps.docs.storage
07-07 23:40:07.057 19210 19313 I ProvidersCache: Provider returned no roots. Possibly naughty: com.google.android.apps.docs.storage
07-07 23:40:08.167  1648  1675 I PackageManager.DexOptimizer: Running dexopt (dexoptNeeded=1) on: /data/app/fr.free.nrw.commons-h2u50KnNjbTQEjkSO6AaTw==/base.apk pkg=fr.free.nrw.commons isa=x86 dexoptFlags=boot_complete,debuggable,public target-filter=quicken oatDir=/data/app/fr.free.nrw.commons-h2u50KnNjbTQEjkSO6AaTw==/oat sharedLibraries=PCL[]
07-07 23:40:08.182 19319 19319 W dex2oat : Unexpected CPU variant for X86 using defaults: x86
07-07 23:40:08.183 19319 19319 W dex2oat : Mismatch between dex2oat instruction set features (ISA: X86 Feature string: -ssse3,-sse4.1,-sse4.2,-avx,-avx2,-popcnt) and those of dex2oat executable (ISA: X86 Feature string: ssse3,-sse4.1,-sse4.2,-avx,-avx2,-popcnt) for the command line:
07-07 23:40:08.183 19319 19319 W dex2oat : /system/bin/dex2oat --zip-fd=8 --zip-location=base.apk --input-vdex-fd=-1 --output-vdex-fd=10 --oat-fd=9 --oat-location=/data/app/fr.free.nrw.commons-h2u50KnNjbTQEjkSO6AaTw==/oat/x86/base.odex --instruction-set=x86 --instruction-set-variant=x86 --instruction-set-features=default --runtime-arg -Xms64m --runtime-arg -Xmx512m --compiler-filter=quicken --swap-fd=11 --debuggable --classpath-dir=/data/app/fr.free.nrw.commons-h2u50KnNjbTQEjkSO6AaTw== --class-loader-context=PCL[]
07-07 23:40:08.183 19319 19319 I dex2oat : /system/bin/dex2oat --input-vdex-fd=-1 --output-vdex-fd=10 --compiler-filter=quicken --debuggable --classpath-dir=/data/app/fr.free.nrw.commons-h2u50KnNjbTQEjkSO6AaTw== --class-loader-context=PCL[]
07-07 23:40:08.624 19319 19319 I dex2oat : dex2oat took 441.839ms (956.753ms cpu) (threads: 4) arena alloc=603KB (618408B) java alloc=4MB (4563192B) native alloc=5MB (5460824B) free=4MB (4500648B)
07-07 23:40:08.662  1526  1691 D installd: Applied hard quotas for 10152
07-07 23:40:08.664  1648  1675 D PackageManager: Ephemeral installer not found with new action; try old one
07-07 23:40:08.664  1648  1675 D PackageManager: Clear ephemeral installer activity
07-07 23:40:08.668  1648  1675 V BackupManagerService: restoreAtInstall pkg=fr.free.nrw.commons token=c restoreSet=0
07-07 23:40:08.668  1648  1675 V BackupManagerService: Finishing install immediately
07-07 23:40:08.669  1526  1691 E         : Couldn't opendir /data/app/vmdl289918622.tmp: No such file or directory
07-07 23:40:08.669  1526  1691 E installd: Failed to delete /data/app/vmdl289918622.tmp: No such file or directory
07-07 23:40:08.678  1648  1712 I InputReader: Reconfiguring input devices.  changes=0x00000010
07-07 23:40:08.679  1648  3442 W BroadcastQueue: Background execution not allowed: receiving Intent { act=android.intent.action.PACKAGE_ADDED dat=package:fr.free.nrw.commons flg=0x4000010 (has extras) } to com.google.android.gms/.games.chimera.GamesSystemBroadcastReceiverProxy
07-07 23:40:08.679  1648  1663 W BroadcastQueue: Background execution not allowed: receiving Intent { act=android.intent.action.PACKAGE_ADDED dat=package:fr.free.nrw.commons flg=0x4000010 (has extras) } to com.google.android.gms/.gass.chimera.PackageChangeBroadcastReceiver
07-07 23:40:08.679  1648  1663 W BroadcastQueue: Background execution not allowed: receiving Intent { act=android.intent.action.PACKAGE_ADDED dat=package:fr.free.nrw.commons flg=0x4000010 (has extras) } to com.google.android.gms/.chimera.GmsIntentOperationService$PersistentTrustedReceiver
07-07 23:40:08.679  1648  1663 W BroadcastQueue: Background execution not allowed: receiving Intent { act=android.intent.action.PACKAGE_ADDED dat=package:fr.free.nrw.commons flg=0x4000010 (has extras) } to com.google.android.googlequicksearchbox/com.google.android.apps.gsa.googlequicksearchbox.GelStubAppWatcher
07-07 23:40:08.679  1876  1876 D ImsResolver: maybeAddedImsService, packageName: fr.free.nrw.commons
07-07 23:40:08.695  2056 19245 W GCM     : Unexpected forwarded intent: Intent { act=android.intent.action.PACKAGE_ADDED dat=package:fr.free.nrw.commons flg=0x4000010 cmp=com.google.android.gms/.chimera.PersistentIntentOperationService (has extras) }
07-07 23:40:08.695  2056 19225 W GCM     : Unexpected forwarded intent: Intent { act=android.intent.action.PACKAGE_ADDED dat=package:fr.free.nrw.commons flg=0x4000010 cmp=com.google.android.gms/.chimera.PersistentIntentOperationService (has extras) }
07-07 23:40:08.701  1648  1659 W ActivityManager: Unable to start service Intent { act=com.google.android.gms.auth.key.retrieval.service.START pkg=com.google.android.gms } U=0: not found
07-07 23:40:08.701  2220 19254 I Auth    : [SupervisedAccountIntentOperation] onHandleIntent(): android.intent.action.PACKAGE_ADDED
07-07 23:40:08.702  2220 19255 I ChromeSync: [Sync,SyncIntentOperation] Handling the intent: Intent { act=android.intent.action.PACKAGE_ADDED dat=package:fr.free.nrw.commons flg=0x4000010 cmp=com.google.android.gms/.chimera.GmsIntentOperationService (has extras) }.
07-07 23:40:08.703  2220 19254 I FontLog : Package fr.free.nrw.commons has no metadata [CONTEXT service_id=132 ]
07-07 23:40:08.710  1876  1876 D CarrierSvcBindHelper: No carrier app for: 0
07-07 23:40:08.716  1648  2273 W ActivityManager: Unbind failed: could not find connection for android.os.BinderProxy@4d9ee26
07-07 23:40:08.716  2220  2426 E GmsClient: unable to connect to service: com.google.android.gms.auth.key.retrieval.service.START on com.google.android.gms
07-07 23:40:08.728 19210 19325 I ProvidersCache: Provider returned no roots. Possibly naughty: com.google.android.apps.docs.storage
07-07 23:40:08.731  1876  1876 D CarrierConfigLoader: mHandler: 9 phoneId: 0
07-07 23:40:08.757  2220 19254 I ChimeraConfigurator: Starting update, reason: 4 urgentFeatures: pay:-1
07-07 23:40:08.758  2220 19254 E ConfigFileUtils: Failed to read config file: /data/user_de/0/com.google.android.gms/app_chimera/next_container.pb (No such file or directory)
07-07 23:40:08.765  1648  1648 I Telecom : DefaultDialerCache: Refreshing default dialer for user 0: now com.google.android.dialer: DDC.oR@APA
07-07 23:40:08.780  1648  1658 I zygote  : Background concurrent copying GC freed 56303(3MB) AllocSpace objects, 33(1540KB) LOS objects, 33% free, 11MB/17MB, paused 50us total 111.168ms
07-07 23:40:08.781  1648  1664 D AutofillUI: destroySaveUiUiThread(): already destroyed
07-07 23:40:08.784  1648  1662 D AutofillManagerServiceImpl: Set component for user 0 as ServiceInfo{a6ce7e0 com.google.android.gms.autofill.service.AutofillService}
07-07 23:40:08.796  2220 19255 I ChromeSync: [Persistence,AffiliationManager] One of affiliation or grouping data for android://1KrE52AQwYXnymfSlsDvPMZCrPCUqHZ1BDldu3YaBVLj_14X2GPKNUhYkAauDZ_a-dWIHKg5i5lwvP4k1Ma8Jw==@fr.free.nrw.commons/ was not found. Marking affiliation data as stale...
07-07 23:40:08.822  2220 19254 I ChmraDebugLogger: [73] 1801
07-07 23:40:08.824  2220 19254 I ChmraDebugLogger: [30] [Pay.optional:202414020000] permitMetered=true,
07-07 23:40:08.834  2220 19254 W ChimeraConfigService: Retry attempt was throttled.
07-07 23:40:08.863  2220  2231 I zygote  : Background concurrent copying GC freed 24153(1414KB) AllocSpace objects, 12(496KB) LOS objects, 38% free, 9MB/15MB, paused 21us total 147.056ms
07-07 23:40:08.864  2220 19330 I Icing   : Indexing com.google.android.gms-internal.3p:MobileApplication from com.google.android.gms using seqno 181
07-07 23:40:08.867 19333 19333 D AndroidRuntime: >>>>>> START com.android.internal.os.RuntimeInit uid 2000 <<<<<<
07-07 23:40:08.869 19333 19333 W app_process: Could not reserve sentinel fault page
07-07 23:40:08.872  2220 19330 I Icing   : Indexing com.google.android.gms-apps from com.google.android.gms
07-07 23:40:08.878  2220 19330 I Icing   : Indexing done com.google.android.gms-apps
07-07 23:40:08.905 19333 19333 W app_process: Unexpected CPU variant for X86 using defaults: x86
07-07 23:40:08.907 19333 19333 I app_process: The ClassLoaderContext is a special shared library.
07-07 23:40:08.920 19333 19333 D AndroidRuntime: Calling main entry com.android.commands.monkey.Monkey
07-07 23:40:08.922 19333 19333 W Monkey  : args: [-p, fr.free.nrw.commons, -c, android.intent.category.LAUNCHER, 1]
07-07 23:40:08.923 19333 19333 W Monkey  :  arg: "-p"
07-07 23:40:08.923 19333 19333 W Monkey  :  arg: "fr.free.nrw.commons"
07-07 23:40:08.923 19333 19333 W Monkey  :  arg: "-c"
07-07 23:40:08.923 19333 19333 W Monkey  :  arg: "android.intent.category.LAUNCHER"
07-07 23:40:08.923 19333 19333 W Monkey  :  arg: "1"
07-07 23:40:08.924 19333 19333 W Monkey  : data="fr.free.nrw.commons"
07-07 23:40:08.924 19333 19333 W Monkey  : data="android.intent.category.LAUNCHER"
07-07 23:40:08.931  1648  1663 W BroadcastQueue: Skipping deliver [background] BroadcastRecord{9fa0910 u-1 android.net.conn.CONNECTIVITY_CHANGE} to ReceiverList{98ec09 19333 (unknown name)/2000/u-1 remote:b2997c2}: process gone or crashing
07-07 23:40:08.934  1648  2273 I ActivityManager: START u0 {act=android.intent.action.MAIN cat=[android.intent.category.LAUNCHER] flg=0x10200000 cmp=fr.free.nrw.commons/.auth.LoginActivity} from uid 2000
07-07 23:40:08.937  1648  2273 W Binder  : Outgoing transactions from this process must be FLAG_ONEWAY
07-07 23:40:08.937  1648  2273 W Binder  : java.lang.Throwable
07-07 23:40:08.937  1648  2273 W Binder  : 	at android.os.BinderProxy.transact(Binder.java:752)
07-07 23:40:08.937  1648  2273 W Binder  : 	at android.app.IActivityController$Stub$Proxy.activityStarting(IActivityController.java:172)
07-07 23:40:08.937  1648  2273 W Binder  : 	at com.android.server.am.ActivityStarter.startActivity(ActivityStarter.java:449)
07-07 23:40:08.937  1648  2273 W Binder  : 	at com.android.server.am.ActivityStarter.startActivityLocked(ActivityStarter.java:278)
07-07 23:40:08.937  1648  2273 W Binder  : 	at com.android.server.am.ActivityStarter.startActivityMayWait(ActivityStarter.java:817)
07-07 23:40:08.937  1648  2273 W Binder  : 	at com.android.server.am.ActivityManagerService.startActivityAsUser(ActivityManagerService.java:4532)
07-07 23:40:08.937  1648  2273 W Binder  : 	at com.android.server.am.ActivityManagerService.startActivity(ActivityManagerService.java:4519)
07-07 23:40:08.937  1648  2273 W Binder  : 	at android.app.IActivityManager$Stub.onTransact(IActivityManager.java:121)
07-07 23:40:08.937  1648  2273 W Binder  : 	at com.android.server.am.ActivityManagerService.onTransact(ActivityManagerService.java:2919)
07-07 23:40:08.937  1648  2273 W Binder  : 	at android.os.Binder.execTransact(Binder.java:697)
07-07 23:40:08.942 19333 19333 I Monkey  : Events injected: 1
07-07 23:40:08.956  1648 14017 I ActivityManager: Start proc 19344:fr.free.nrw.commons/u0a152 for activity fr.free.nrw.commons/.auth.LoginActivity
07-07 23:40:08.957 19344 19344 I zygote  : Not late-enabling -Xcheck:jni (already on)
07-07 23:40:08.960 19333 19333 I Monkey  : ## Network stats: elapsed time=15ms (0ms mobile, 0ms wifi, 15ms not connected)
07-07 23:40:08.962 19333 19333 I com.android.commands.monkey: System.exit called, status: 0
07-07 23:40:08.962 19333 19333 I AndroidRuntime: VM exiting with result code 0.
07-07 23:40:08.963  1439  1481 D gralloc_ranchu: gralloc_alloc: Creating ashmem region of size 8298496
07-07 23:40:08.964 19344 19344 W zygote  : Unexpected CPU variant for X86 using defaults: x86
07-07 23:40:08.973  1648  1694 D         : HostConnection::get() New Host Connection established 0xc664f1c0, tid 1694
07-07 23:40:09.009 19344 19344 W System.err: java.io.FileNotFoundException: /jacoco.exec (Read-only file system)
07-07 23:40:09.009 19344 19344 W System.err: 	at java.io.FileOutputStream.open0(Native Method)
07-07 23:40:09.009 19344 19344 W System.err: 	at java.io.FileOutputStream.open(FileOutputStream.java:287)
07-07 23:40:09.009 19344 19344 W System.err: 	at java.io.FileOutputStream.<init>(FileOutputStream.java:223)
07-07 23:40:09.009 19344 19344 W System.err: 	at org.jacoco.agent.rt.internal_8ff85ea.output.FileOutput.openFile(FileOutput.java:67)
07-07 23:40:09.009 19344 19344 W System.err: 	at org.jacoco.agent.rt.internal_8ff85ea.output.FileOutput.startup(FileOutput.java:49)
07-07 23:40:09.009 19344 19344 W System.err: 	at org.jacoco.agent.rt.internal_8ff85ea.Agent.startup(Agent.java:122)
07-07 23:40:09.009 19344 19344 W System.err: 	at org.jacoco.agent.rt.internal_8ff85ea.Agent.getInstance(Agent.java:50)
07-07 23:40:09.009 19344 19344 W System.err: 	at org.jacoco.agent.rt.internal_8ff85ea.Offline.<clinit>(Offline.java:31)
07-07 23:40:09.009 19344 19344 W System.err: 	at org.jacoco.agent.rt.internal_8ff85ea.Offline.getProbes(Offline.java:51)
07-07 23:40:09.009 19344 19344 W System.err: 	at fr.free.nrw.commons.CommonsApplication.$jacocoInit(Unknown Source:13)
07-07 23:40:09.009 19344 19344 W System.err: 	at fr.free.nrw.commons.CommonsApplication.<init>(Unknown Source:0)
07-07 23:40:09.009 19344 19344 W System.err: 	at java.lang.Class.newInstance(Native Method)
07-07 23:40:09.010 19344 19344 W System.err: 	at android.app.Instrumentation.newApplication(Instrumentation.java:1102)
07-07 23:40:09.010 19344 19344 W System.err: 	at android.app.Instrumentation.newApplication(Instrumentation.java:1087)
07-07 23:40:09.010 19344 19344 W System.err: 	at android.app.LoadedApk.makeApplication(LoadedApk.java:983)
07-07 23:40:09.010 19344 19344 W System.err: 	at android.app.ActivityThread.handleBindApplication(ActivityThread.java:5715)
07-07 23:40:09.010 19344 19344 W System.err: 	at android.app.ActivityThread.-wrap1(Unknown Source:0)
07-07 23:40:09.010 19344 19344 W System.err: 	at android.app.ActivityThread$H.handleMessage(ActivityThread.java:1656)
07-07 23:40:09.010 19344 19344 W System.err: 	at android.os.Handler.dispatchMessage(Handler.java:106)
07-07 23:40:09.010 19344 19344 W System.err: 	at android.os.Looper.loop(Looper.java:164)
07-07 23:40:09.010 19344 19344 W System.err: 	at android.app.ActivityThread.main(ActivityThread.java:6494)
07-07 23:40:09.010 19344 19344 W System.err: 	at java.lang.reflect.Method.invoke(Native Method)
07-07 23:40:09.010 19344 19344 W System.err: 	at com.android.internal.os.RuntimeInit$MethodAndArgsCaller.run(RuntimeInit.java:438)
07-07 23:40:09.010 19344 19344 W System.err: 	at com.android.internal.os.ZygoteInit.main(ZygoteInit.java:807)
07-07 23:40:09.018 28398 28428 D EGL_emulation: eglMakeCurrent: 0xdc0c49c0: ver 3 0 (tinfo 0xdc083750)
07-07 23:40:09.021  1449  1713 D         : HostConnection::get() New Host Connection established 0xf20218c0, tid 1713
07-07 23:40:09.021  1449  1713 D gralloc_ranchu: gralloc_unregister_buffer: exiting HostConnection (is buffer-handling thread)
07-07 23:40:09.022  1449  1713 D         : HostConnection::get() New Host Connection established 0xf20218c0, tid 1713
07-07 23:40:09.022  1449  1713 D gralloc_ranchu: gralloc_unregister_buffer: exiting HostConnection (is buffer-handling thread)
07-07 23:40:09.022  1449  1713 D         : HostConnection::get() New Host Connection established 0xf20218c0, tid 1713
07-07 23:40:09.022  1449  1713 D gralloc_ranchu: gralloc_unregister_buffer: exiting HostConnection (is buffer-handling thread)
07-07 23:40:09.022  1449  1713 D         : HostConnection::get() New Host Connection established 0xf20218c0, tid 1713
07-07 23:40:09.023  1449  1713 D gralloc_ranchu: gralloc_unregister_buffer: exiting HostConnection (is buffer-handling thread)
07-07 23:40:09.024  2280  2396 D EGL_emulation: eglMakeCurrent: 0xc9672fa0: ver 3 0 (tinfo 0xc95e2bb0)
07-07 23:40:09.039 19344 19344 D NetworkSecurityConfig: No Network Security Config specified, using platform default
07-07 23:40:09.075 19344 19344 D SoLoader: init start
07-07 23:40:09.076 19344 19344 D SoLoader: adding system library source: /vendor/lib
07-07 23:40:09.076 19344 19344 D SoLoader: adding system library source: /system/lib
07-07 23:40:09.076 19344 19344 D SoLoader: adding application source: com.facebook.soloader.DirectorySoSource[root = /data/app/fr.free.nrw.commons-h2u50KnNjbTQEjkSO6AaTw==/lib/x86 flags = 0]
07-07 23:40:09.076 19344 19344 D SoLoader: adding backup  source: com.facebook.soloader.ApkSoSource[root = /data/data/fr.free.nrw.commons/lib-main flags = 1]
07-07 23:40:09.076 19344 19344 D SoLoader: Preparing SO source: com.facebook.soloader.DirectorySoSource[root = /system/lib flags = 2]
07-07 23:40:09.076 19344 19344 D SoLoader: Preparing SO source: com.facebook.soloader.DirectorySoSource[root = /vendor/lib flags = 2]
07-07 23:40:09.076 19344 19344 D SoLoader: Preparing SO source: com.facebook.soloader.DirectorySoSource[root = /data/app/fr.free.nrw.commons-h2u50KnNjbTQEjkSO6AaTw==/lib/x86 flags = 0]
07-07 23:40:09.076 19344 19344 D SoLoader: Preparing SO source: com.facebook.soloader.ApkSoSource[root = /data/data/fr.free.nrw.commons/lib-main flags = 1]
07-07 23:40:09.077 19344 19344 V fb-UnpackingSoSource: locked dso store /data/user/0/fr.free.nrw.commons/lib-main
07-07 23:40:09.078 19344 19344 V fb-UnpackingSoSource: deps mismatch on deps store: regenerating
07-07 23:40:09.078 19344 19344 V fb-UnpackingSoSource: so store dirty: regenerating
07-07 23:40:09.130 19344 19350 I zygote  : Do partial code cache collection, code=29KB, data=18KB
07-07 23:40:09.132 19344 19350 I zygote  : After code cache collection, code=29KB, data=18KB
07-07 23:40:09.132 19344 19350 I zygote  : Increasing code cache capacity to 128KB
07-07 23:40:09.144 19344 19344 D ApkSoSource: not allowing consideration of lib/x86/libimagepipeline.so: deferring to libdir
07-07 23:40:09.144 19344 19344 D ApkSoSource: not allowing consideration of lib/x86/libmapbox-gl.so: deferring to libdir
07-07 23:40:09.144 19344 19344 V fb-UnpackingSoSource: regenerating DSO store com.facebook.soloader.ApkSoSource
07-07 23:40:09.145 19344 19344 V fb-UnpackingSoSource: Finished regenerating DSO store com.facebook.soloader.ApkSoSource
07-07 23:40:09.146 19344 19344 V fb-UnpackingSoSource: starting syncer worker
07-07 23:40:09.152 19344 19344 V fb-UnpackingSoSource: releasing dso store lock for /data/user/0/fr.free.nrw.commons/lib-main (from syncer thread)
07-07 23:40:09.152 19344 19344 V fb-UnpackingSoSource: not releasing dso store lock for /data/user/0/fr.free.nrw.commons/lib-main (syncer thread started)
07-07 23:40:09.152 19344 19344 D SoLoader: init finish: 4 SO sources prepared
07-07 23:40:09.152 19344 19344 D SoLoader: init exiting
07-07 23:40:09.162 19344 19344 I ACRA    : Migrating unsent ACRA reports to new file locations
07-07 23:40:09.163 19344 19344 I ACRA    : Migrated 0 unsent reports
07-07 23:40:09.163 19344 19344 I ACRA    : Converting unsent ACRA reports to json
07-07 23:40:09.164 19344 19344 I ACRA    : Converted 0 unsent reports
07-07 23:40:09.164 19344 19344 I ACRA    : ACRA is enabled for fr.free.nrw.commons, initializing...
07-07 23:40:09.169 19344 19369 I stetho  : Listening on @stetho_fr.free.nrw.commons_devtools_remote
07-07 23:40:09.171  1648  7381 D PackageManager: Ephemeral installer not found with new action; try old one
07-07 23:40:09.171  1648  7381 D PackageManager: Clear ephemeral installer activity
07-07 23:40:09.171  1648  7381 D PackageManager: Ephemeral installer not found with new action; try old one
07-07 23:40:09.171  1648  7381 D PackageManager: Clear ephemeral installer activity
07-07 23:40:09.174  1648  7381 D PackageManager: Ephemeral installer not found with new action; try old one
07-07 23:40:09.174  1648  7381 D PackageManager: Clear ephemeral installer activity
07-07 23:40:09.262  1648 14017 I ActivityManager: START u0 {cmp=fr.free.nrw.commons/.WelcomeActivity} from uid 10152
07-07 23:40:09.272  1449  1713 E SurfaceFlinger: ro.sf.lcd_density must be defined as a build property
07-07 23:40:09.273 19344 19373 D OpenGLRenderer: HWUI GL Pipeline
07-07 23:40:09.289 19344 19350 I zygote  : Do partial code cache collection, code=52KB, data=43KB
07-07 23:40:09.290 19344 19350 I zygote  : After code cache collection, code=52KB, data=43KB
07-07 23:40:09.290 19344 19350 I zygote  : Increasing code cache capacity to 256KB
07-07 23:40:09.293 19344 19350 I zygote  : JIT allocated 71KB for compiled code of void android.widget.TextView.<init>(android.content.Context, android.util.AttributeSet, int, int)
07-07 23:40:09.293 19344 19350 I zygote  : Compiler allocated 4MB to compile void android.widget.TextView.<init>(android.content.Context, android.util.AttributeSet, int, int)
07-07 23:40:09.297 19344 19350 I zygote  : Do full code cache collection, code=124KB, data=61KB
07-07 23:40:09.298 19344 19350 I zygote  : After code cache collection, code=74KB, data=24KB
07-07 23:40:09.316 19344 19373 D         : HostConnection::get() New Host Connection established 0xd96e2cc0, tid 19373
07-07 23:40:09.316  1439  1481 D gralloc_ranchu: gralloc_alloc: Creating ashmem region of size 8298496
07-07 23:40:09.320 19344 19373 I zygote  : android::hardware::configstore::V1_0::ISurfaceFlingerConfigs::hasWideColorDisplay retrieved: 0
07-07 23:40:09.320 19344 19373 I OpenGLRenderer: Initialized EGL, version 1.4
07-07 23:40:09.320 19344 19373 D OpenGLRenderer: Swap behavior 1
07-07 23:40:09.320 19344 19373 W OpenGLRenderer: Failed to choose config with EGL_SWAP_BEHAVIOR_PRESERVED, retrying without...
07-07 23:40:09.320 19344 19373 D OpenGLRenderer: Swap behavior 0
07-07 23:40:09.322  1439  1481 D gralloc_ranchu: gralloc_alloc: Creating ashmem region of size 8298496
07-07 23:40:09.323 19344 19373 D EGL_emulation: eglCreateContext: 0xdc0983c0: maj 3 min 0 rcv 3
07-07 23:40:09.327  1439  1481 D gralloc_ranchu: gralloc_alloc: Creating ashmem region of size 8298496
07-07 23:40:09.332 19344 19373 D EGL_emulation: eglMakeCurrent: 0xdc0983c0: ver 3 0 (tinfo 0xdc0832f0)
07-07 23:40:09.335  1449  1713 E SurfaceFlinger: ro.sf.lcd_density must be defined as a build property
07-07 23:40:09.411 19344 19373 D EGL_emulation: eglMakeCurrent: 0xdc0983c0: ver 3 0 (tinfo 0xdc0832f0)
07-07 23:40:09.457  1440 18953 D gralloc_ranchu: gralloc_unregister_buffer: exiting HostConnection (is buffer-handling thread)
07-07 23:40:09.457  1440 18953 D         : HostConnection::get() New Host Connection established 0xe8123a80, tid 18953
07-07 23:40:09.457  1440 18953 D gralloc_ranchu: gralloc_unregister_buffer: exiting HostConnection (is buffer-handling thread)
07-07 23:40:09.458  1440 18953 D         : HostConnection::get() New Host Connection established 0xe8123a80, tid 18953
07-07 23:40:09.458  1763  1984 D EGL_emulation: eglMakeCurrent: 0xc8784620: ver 3 0 (tinfo 0xc8e07640)
07-07 23:40:09.458  1440 18953 D gralloc_ranchu: gralloc_unregister_buffer: exiting HostConnection (is buffer-handling thread)
07-07 23:40:09.459  1440 18953 D         : HostConnection::get() New Host Connection established 0xe8123a80, tid 18953
07-07 23:40:09.459  1440 18953 D gralloc_ranchu: gralloc_unregister_buffer: exiting HostConnection (is buffer-handling thread)
07-07 23:40:09.459  1440 18953 D         : HostConnection::get() New Host Connection established 0xe8123a80, tid 18953
07-07 23:40:09.459  1440 18953 D gralloc_ranchu: gralloc_unregister_buffer: exiting HostConnection (is buffer-handling thread)
07-07 23:40:09.459  1440 18953 D         : HostConnection::get() New Host Connection established 0xe8123a80, tid 18953
07-07 23:40:09.459  1440 18953 D gralloc_ranchu: gralloc_unregister_buffer: exiting HostConnection (is buffer-handling thread)
07-07 23:40:09.465  1763  1984 D EGL_emulation: eglMakeCurrent: 0xc8784620: ver 3 0 (tinfo 0xc8e07640)
07-07 23:40:09.470  1440 18953 D         : HostConnection::get() New Host Connection established 0xe8123a80, tid 18953
07-07 23:40:09.474  1763  1984 D EGL_emulation: eglMakeCurrent: 0xc8784620: ver 3 0 (tinfo 0xc8e07640)
07-07 23:40:09.541 19344 19373 D EGL_emulation: eglMakeCurrent: 0xdc0983c0: ver 3 0 (tinfo 0xdc0832f0)
07-07 23:40:09.542  1449  1713 D         : HostConnection::get() New Host Connection established 0xf2021400, tid 1713
07-07 23:40:09.543  1449  1713 D gralloc_ranchu: gralloc_unregister_buffer: exiting HostConnection (is buffer-handling thread)
07-07 23:40:09.543  1449  1713 D         : HostConnection::get() New Host Connection established 0xf2021400, tid 1713
07-07 23:40:09.543  1449  1713 D gralloc_ranchu: gralloc_unregister_buffer: exiting HostConnection (is buffer-handling thread)
07-07 23:40:09.544  1449  1713 D         : HostConnection::get() New Host Connection established 0xf2021400, tid 1713
07-07 23:40:09.544  1449  1713 D gralloc_ranchu: gralloc_unregister_buffer: exiting HostConnection (is buffer-handling thread)
07-07 23:40:09.544  1449  1713 D         : HostConnection::get() New Host Connection established 0xf2021400, tid 1713
07-07 23:40:09.544  1449  1713 D gralloc_ranchu: gralloc_unregister_buffer: exiting HostConnection (is buffer-handling thread)
07-07 23:40:09.593 19344 19344 D android.widget.GridLayout: vertical constraints: y2-y0>=630, y2-y1<=310, y1-y0<=310 are inconsistent; permanently removing: y2-y1<=310. 
07-07 23:40:09.604  1439  1481 D gralloc_ranchu: gralloc_alloc: Creating ashmem region of size 8298496
07-07 23:40:09.608 19344 19350 I zygote  : Do partial code cache collection, code=125KB, data=75KB
07-07 23:40:09.609 19344 19350 I zygote  : After code cache collection, code=125KB, data=75KB
07-07 23:40:09.609 19344 19350 I zygote  : Increasing code cache capacity to 512KB
07-07 23:40:09.610  1439  1481 D gralloc_ranchu: gralloc_alloc: Creating ashmem region of size 8298496
07-07 23:40:09.614  1439 24704 D gralloc_ranchu: gralloc_alloc: Creating ashmem region of size 8298496
07-07 23:40:09.637 19344 19373 D EGL_emulation: eglMakeCurrent: 0xdc0983c0: ver 3 0 (tinfo 0xdc0832f0)
07-07 23:40:09.658  1648  1670 I ActivityManager: Displayed fr.free.nrw.commons/.WelcomeActivity: +289ms (total +707ms)
07-07 23:40:09.672  1440 18953 D gralloc_ranchu: gralloc_unregister_buffer: exiting HostConnection (is buffer-handling thread)
07-07 23:40:09.672  1440 18953 D         : HostConnection::get() New Host Connection established 0xe8123a80, tid 18953
07-07 23:40:09.672  1440 18953 D gralloc_ranchu: gralloc_unregister_buffer: exiting HostConnection (is buffer-handling thread)
07-07 23:40:09.676  1440 18953 D         : HostConnection::get() New Host Connection established 0xe8123a80, tid 18953
07-07 23:40:09.776  1449  1449 W SurfaceFlinger: couldn't log to binary event log: overflow.
07-07 23:40:09.847  1440 18953 D gralloc_ranchu: gralloc_unregister_buffer: exiting HostConnection (is buffer-handling thread)
07-07 23:40:09.847  1648  1694 D gralloc_ranchu: gralloc_unregister_buffer: exiting HostConnection (is buffer-handling thread)
07-07 23:40:09.848  1440 18953 D         : HostConnection::get() New Host Connection established 0xe8123a80, tid 18953
07-07 23:40:09.848  1440 18953 D gralloc_ranchu: gralloc_unregister_buffer: exiting HostConnection (is buffer-handling thread)
07-07 23:40:09.851  1648  1694 D         : HostConnection::get() New Host Connection established 0xc664f1c0, tid 1694
07-07 23:40:09.853  1648  1694 D gralloc_ranchu: gralloc_unregister_buffer: exiting HostConnection (is buffer-handling thread)
07-07 23:40:09.855  1440 18953 D         : HostConnection::get() New Host Connection established 0xe8123a80, tid 18953
07-07 23:40:09.864 28398 19366 I PBSessionCacheImpl: Deleted sessionId[291450418921] from persistence.
07-07 23:40:09.867 28398 28398 W SearchService: Abort, client detached.
07-07 23:40:09.905  2056 19116 I LogUtils: [Places]: ?: Couldn't find platform key file. [CONTEXT service_id=253 ]
07-07 23:40:09.905  2056 19116 I LogUtils: [Places]: ?: Couldn't find platform key file. [CONTEXT service_id=253 ]
07-07 23:40:09.918  2056 19039 I LogUtils: [Places]: ?: PlacesBleScanner stop() [CONTEXT service_id=253 ]
07-07 23:40:09.921  2056  2056 I BeaconBle: Scan : No clients left, canceling alarm. [CONTEXT service_id=111 ]
07-07 23:40:09.921  2056  2056 I BeaconBle: Scan canceled successfully. [CONTEXT service_id=111 ]
07-07 23:40:09.924  2056 19039 I PlacesLogger: [PlaceInferenceEngine]: [anon] Changed inference mode: 0 [CONTEXT service_id=253 ]
07-07 23:40:09.930  2056 19380 I LogUtils: [Places]: ?: Couldn't find platform key file. [CONTEXT service_id=253 ]
07-07 23:40:09.931  2056  8740 I LogUtils: [Places]: ?: Couldn't find platform key file. [CONTEXT service_id=253 ]
07-07 23:40:09.934  2056  2056 I GeofencerStateMachine: removeGeofences: removeRequest=RemoveGeofencingRequest[REMOVE_BY_PENDING_INTENT pendingIntent=PendingIntent[creatorPackage=com.google.android.gms], packageName=com.google.android.gms]
07-07 23:40:09.960 19271 19299 I zygote  : The ClassLoaderContext is a special shared library.
07-07 23:40:09.960 19271 19299 I chatty  : uid=10051(com.google.android.apps.docs) TaskSchedulerLo identical 1 line
07-07 23:40:09.961 19271 19299 I zygote  : The ClassLoaderContext is a special shared library.
07-07 23:40:09.965 19271 19299 V NativeCrypto: Registering com/google/android/gms/org/conscrypt/NativeCrypto's 286 native methods...
07-07 23:40:09.980 19271 19299 D NetworkSecurityConfig: No Network Security Config specified, using platform default
07-07 23:40:09.981 19271 19299 I ProviderInstaller: Installed default security provider GmsCore_OpenSSL
07-07 23:40:11.845 19271 19285 I zygote  : Waiting for a blocking GC ProfileSaver
07-07 23:40:14.875 28398 19384 I EventLogSendingHelper: Sending log events.
07-07 23:40:14.885  1648  1773 I WifiService: getConnectionInfo uid=10032
07-07 23:40:14.886  1648  1773 I WifiService: getWifiEnabledState uid=10032
07-07 23:40:14.886 28398 19366 W Settings: Setting mobile_data has moved from android.provider.Settings.Secure to android.provider.Settings.Global.
07-07 23:40:14.899 28398 19036 I zygote  : Deoptimizing int[] com.google.common.n.g.ae(java.util.Collection) due to JIT inline cache
07-07 23:40:14.905 28398 19036 I zygote  : Deoptimizing com.google.common.collect.dh com.google.common.collect.dh.ae(java.util.Map) due to JIT inline cache
07-07 23:40:14.916  1648  1773 I WifiService: getConnectionInfo uid=10032
07-07 23:40:14.918  1648  1773 I WifiService: getWifiEnabledState uid=10032
07-07 23:40:14.918 28398 19367 W Settings: Setting mobile_data has moved from android.provider.Settings.Secure to android.provider.Settings.Global.
07-07 23:40:14.924  2056  2056 I BeaconBle: Scan : No clients left, canceling alarm. [CONTEXT service_id=111 ]
07-07 23:40:14.929 28398 19036 I WebViewFactory: Loading com.android.chrome version 69.0.3497.100 (code 349710017)
07-07 23:40:14.949 28398 19036 I zygote  : The ClassLoaderContext is a special shared library.
07-07 23:40:15.017 28398 19036 I zygote  : Rejecting re-init on previously-failed class java.lang.Class<uJ>: java.lang.NoClassDefFoundError: Failed resolution of: Landroid/webkit/TracingController;
07-07 23:40:15.017 28398 19036 I zygote  :   at java.lang.Class java.lang.Class.classForName(java.lang.String, boolean, java.lang.ClassLoader) (Class.java:-2)
07-07 23:40:15.017 28398 19036 I zygote  :   at java.lang.Class java.lang.Class.forName(java.lang.String, boolean, java.lang.ClassLoader) (Class.java:453)
07-07 23:40:15.017 28398 19036 I zygote  :   at java.lang.Class android.webkit.WebViewFactory.getWebViewProviderClass(java.lang.ClassLoader) (WebViewFactory.java:128)
07-07 23:40:15.017 28398 19036 I zygote  :   at java.lang.Class android.webkit.WebViewFactory.getProviderClass() (WebViewFactory.java:402)
07-07 23:40:15.017 28398 19036 I zygote  :   at android.webkit.WebViewFactoryProvider android.webkit.WebViewFactory.getProvider() (WebViewFactory.java:194)
07-07 23:40:15.017 28398 19036 I zygote  :   at android.webkit.CookieManager android.webkit.CookieManager.getInstance() (CookieManager.java:39)
07-07 23:40:15.017 28398 19036 I zygote  :   at boolean com.google.android.apps.gsa.search.core.o.a.a.l.RS() (SourceFile:28)
07-07 23:40:15.017 28398 19036 I zygote  :   at com.google.android.apps.gsa.search.core.o.a.a com.google.android.apps.gsa.search.core.o.a.a.l.fj(java.lang.String) (SourceFile:87)
07-07 23:40:15.017 28398 19036 I zygote  :   at com.google.android.apps.gsa.search.core.o.a.a com.google.android.apps.gsa.search.core.o.a.a.l.fd(java.lang.String) (SourceFile:51)
07-07 23:40:15.017 28398 19036 I zygote  :   at com.google.common.util.concurrent.ListenableFuture com.google.android.apps.gsa.search.core.o.a.a.l.fe(java.lang.String) (SourceFile:80)
07-07 23:40:15.017 28398 19036 I zygote  :   at com.google.common.util.concurrent.ListenableFuture com.google.android.apps.gsa.search.core.o.o.Rw() (SourceFile:13)
