06-27 00:14:19.532  2732  3670 I aopq    : Scheduling a periodic sync task every 14400 seconds, with flex of 1800 seconds [CONTEXT service_id=51 ]
06-27 00:14:19.534  2747  3160 I Icing   : Indexing done com.google.android.gms-apps
06-27 00:14:19.608  2732  3667 I Auth    : [AuthManaged,PasswordComplexityHelperImpl] Updating password complexity components state.
06-27 00:14:19.608  2732  3667 I Auth    : [AuthManaged,PasswordComplexityHelperImpl] Disabling com.google.android.gms.auth.managed.admin.DeviceAdminReceiver
06-27 00:14:19.610  2732  3667 I Auth    : [AuthManaged,PasswordComplexityHelperImpl] Disabling com.google.android.gms.auth.managed.ui.SetNewPasswordActivity
06-27 00:14:19.655  2732  3941 I Auth    : [AuthManaged,PasswordComplexityHelperImpl] Updating password complexity components state.
06-27 00:14:19.655  2732  3941 I Auth    : [AuthManaged,PasswordComplexityHelperImpl] Disabling com.google.android.gms.auth.managed.admin.DeviceAdminReceiver
06-27 00:14:19.656  2732  3941 I Auth    : [AuthManaged,PasswordComplexityHelperImpl] Disabling com.google.android.gms.auth.managed.ui.SetNewPasswordActivity
06-27 00:14:19.662  2747  3160 I Icing   : Indexing com.google.android.gms-apps from com.google.android.gms
06-27 00:14:19.678  2732  3670 I aopq    : Scheduling adaptive one off task with window [14400, 604800] in seconds [CONTEXT service_id=51 ]
06-27 00:14:19.701  1932  2165 I ActivityManager: Killing 3454:com.android.dialer/u0a5 (adj 15): empty #17
06-27 00:14:19.712  2747  3160 I Icing   : Indexing done com.google.android.gms-apps
06-27 00:14:19.757  2747  3950 I ChromeSync: [Sync,SyncIntentOperation] Handling the intent: Intent { act=com.google.android.gms.phenotype.COMMITTED flg=0x10 pkg=com.google.android.gms cmp=com.google.android.gms/.chimera.GmsIntentOperationService (has extras) }.
06-27 00:14:19.757  2732  3667 I PTCommittedOperation: Receive new configuration for com.google.android.gms.auth_api_proxy
06-27 00:14:19.758  1932  3311 I AccountManagerService: getTypesVisibleToCaller: isPermitted? true
06-27 00:14:19.758  2747  3350 I MdiSyncModule: flag handling is skipping irrelevant intent.
06-27 00:14:19.761  2747  3944 W ModuleInitIntentOp: Dropping unexpected action com.google.android.gms.phenotype.COMMITTED
06-27 00:14:19.812  2747  3160 I Icing   : Indexing com.google.android.gms-apps from com.google.android.gms
06-27 00:14:19.830  2747  3160 I Icing   : Indexing done com.google.android.gms-apps
06-27 00:14:19.831  2747  3160 I Icing   : Indexing com.google.android.gms-apps from com.google.android.gms
06-27 00:14:19.833  2747  3160 I Icing   : Indexing done com.google.android.gms-apps
06-27 00:14:19.885  2747  3160 I Icing   : Indexing com.google.android.gms-apps from com.google.android.gms
06-27 00:14:19.885  2747  3160 I Icing   : Indexing done com.google.android.gms-apps
06-27 00:14:19.930  1932  3279 I AccountManagerService: getTypesVisibleToCaller: isPermitted? true
06-27 00:14:19.935  2732  3398 I Auth    : [AuthManaged,PasswordComplexityHelperImpl] Updating password complexity components state.
06-27 00:14:19.935  2732  3398 I Auth    : [AuthManaged,PasswordComplexityHelperImpl] Disabling com.google.android.gms.auth.managed.admin.DeviceAdminReceiver
06-27 00:14:19.936  2732  3398 I Auth    : [AuthManaged,PasswordComplexityHelperImpl] Disabling com.google.android.gms.auth.managed.ui.SetNewPasswordActivity
06-27 00:14:20.033  2732  3943 I Auth    : [AuthManaged,PasswordComplexityHelperImpl] Updating password complexity components state.
06-27 00:14:20.033  2732  3943 I Auth    : [AuthManaged,PasswordComplexityHelperImpl] Disabling com.google.android.gms.auth.managed.admin.DeviceAdminReceiver
06-27 00:14:20.033  2732  3943 I Auth    : [AuthManaged,PasswordComplexityHelperImpl] Disabling com.google.android.gms.auth.managed.ui.SetNewPasswordActivity
06-27 00:14:20.092  2732  3667 I PTCommittedOperation: Receive new configuration for com.google.android.client_error_logging
06-27 00:14:20.135  1932  2075 I AccountManagerService: getTypesVisibleToCaller: isPermitted? true
06-27 00:14:20.142  2747  3945 I ChromeSync: [Sync,SyncIntentOperation] Handling the intent: Intent { act=com.google.android.gms.phenotype.COMMITTED flg=0x10 pkg=com.google.android.gms cmp=com.google.android.gms/.chimera.GmsIntentOperationService (has extras) }.
06-27 00:14:20.143  2747  3945 I MdiSyncModule: flag handling is skipping irrelevant intent.
06-27 00:14:20.144  2747  3944 W ModuleInitIntentOp: Dropping unexpected action com.google.android.gms.phenotype.COMMITTED
06-27 00:14:20.149  1932  1943 I AccountManagerService: getTypesVisibleToCaller: isPermitted? true
06-27 00:14:20.149  2747  3410 I ChromeSync: [Sync,SyncIntentOperation] Handling the intent: Intent { act=com.google.android.gms.phenotype.COMMITTED flg=0x10 pkg=com.google.android.gms cmp=com.google.android.gms/.chimera.GmsIntentOperationService (has extras) }.
06-27 00:14:20.151  2747  3949 I MdiSyncModule: flag handling is skipping irrelevant intent.
06-27 00:14:20.153  2747  3950 W ModuleInitIntentOp: Dropping unexpected action com.google.android.gms.phenotype.COMMITTED
06-27 00:14:20.175  1932  2166 W ActivityManager: Unable to start service Intent { act=com.google.android.gms.auth.key.retrieval.service.START pkg=com.google.android.gms } U=0: not found
06-27 00:14:20.179  1932  2167 W ActivityManager: Unbind failed: could not find connection for android.os.BinderProxy@25118f7
06-27 00:14:20.184  2747  2904 E GmsClient: unable to connect to service: com.google.android.gms.auth.key.retrieval.service.START on com.google.android.gms
06-27 00:14:20.211  2732  3667 I PTCommittedOperation: Receive new configuration for com.google.android.gms.romanesco
06-27 00:14:20.212  2732  3943 I Auth    : [AuthManaged,PasswordComplexityHelperImpl] Updating password complexity components state.
06-27 00:14:20.212  2732  3943 I Auth    : [AuthManaged,PasswordComplexityHelperImpl] Disabling com.google.android.gms.auth.managed.admin.DeviceAdminReceiver
06-27 00:14:20.212  2732  3943 I Auth    : [AuthManaged,PasswordComplexityHelperImpl] Disabling com.google.android.gms.auth.managed.ui.SetNewPasswordActivity
06-27 00:14:20.223  2747  3945 I ChromeSync: [Sync,SyncIntentOperation] Handling the intent: Intent { act=com.google.android.gms.phenotype.COMMITTED flg=0x10 pkg=com.google.android.gms cmp=com.google.android.gms/.chimera.GmsIntentOperationService (has extras) }.
06-27 00:14:20.223  1932  2095 I AccountManagerService: getTypesVisibleToCaller: isPermitted? true
06-27 00:14:20.230  2747  3950 I MdiSyncModule: flag handling is skipping irrelevant intent.
06-27 00:14:20.287  2732  3667 I PTCommittedOperation: Receive new configuration for com.google.android.gms.platformconfigurator
06-27 00:14:20.290  2732  3941 I Auth    : [AuthManaged,PasswordComplexityHelperImpl] Updating password complexity components state.
06-27 00:14:20.290  2732  3941 I Auth    : [AuthManaged,PasswordComplexityHelperImpl] Disabling com.google.android.gms.auth.managed.admin.DeviceAdminReceiver
06-27 00:14:20.294  1932  3311 I AccountManagerService: getTypesVisibleToCaller: isPermitted? true
06-27 00:14:20.296  2732  3941 I Auth    : [AuthManaged,PasswordComplexityHelperImpl] Disabling com.google.android.gms.auth.managed.ui.SetNewPasswordActivity
06-27 00:14:20.299  2747  3944 I ChromeSync: [Sync,SyncIntentOperation] Handling the intent: Intent { act=com.google.android.gms.phenotype.COMMITTED flg=0x10 pkg=com.google.android.gms cmp=com.google.android.gms/.chimera.GmsIntentOperationService (has extras) }.
06-27 00:14:20.301  2747  3699 I MdiSyncModule: flag handling is skipping irrelevant intent.
06-27 00:14:20.305  2747  3945 W ModuleInitIntentOp: Dropping unexpected action com.google.android.gms.phenotype.COMMITTED
06-27 00:14:20.418  1932  2095 W ActivityManager: Unable to start service Intent { act=com.google.android.gms.auth.key.retrieval.service.START pkg=com.google.android.gms } U=0: not found
06-27 00:14:20.422  1932  2094 W ActivityManager: Unbind failed: could not find connection for android.os.BinderProxy@f44d93
06-27 00:14:20.424  2747  2904 E GmsClient: unable to connect to service: com.google.android.gms.auth.key.retrieval.service.START on com.google.android.gms
06-27 00:14:20.512  2747  3160 I Icing   : Indexing com.google.android.gms-apps from com.google.android.gms
06-27 00:14:20.516  2732  3667 I PTCommittedOperation: Receive new configuration for com.google.android.gms.easysignin
06-27 00:14:20.518  2732  3952 I Auth    : [AuthManaged,PasswordComplexityHelperImpl] Updating password complexity components state.
06-27 00:14:20.518  2732  3952 I Auth    : [AuthManaged,PasswordComplexityHelperImpl] Disabling com.google.android.gms.auth.managed.admin.DeviceAdminReceiver
06-27 00:14:20.523  2732  3952 I Auth    : [AuthManaged,PasswordComplexityHelperImpl] Disabling com.google.android.gms.auth.managed.ui.SetNewPasswordActivity
06-27 00:14:20.552  1932  1946 I ActivityManager: Waited long enough for: ServiceRecord{73b7625 u0 com.google.android.calendar/com.android.calendar.alerts.InitAlarmsService}
06-27 00:14:20.609  2732  3942 I Auth    : [AuthManaged,PasswordComplexityHelperImpl] Updating password complexity components state.
06-27 00:14:20.609  2732  3942 I Auth    : [AuthManaged,PasswordComplexityHelperImpl] Disabling com.google.android.gms.auth.managed.admin.DeviceAdminReceiver
06-27 00:14:20.611  2732  3942 I Auth    : [AuthManaged,PasswordComplexityHelperImpl] Disabling com.google.android.gms.auth.managed.ui.SetNewPasswordActivity
06-27 00:14:20.633  2747  3160 I Icing   : Indexing done com.google.android.gms-apps
06-27 00:14:20.750  2732  3942 I Auth    : [AuthManaged,PasswordComplexityHelperImpl] Updating password complexity components state.
06-27 00:14:20.750  2732  3942 I Auth    : [AuthManaged,PasswordComplexityHelperImpl] Disabling com.google.android.gms.auth.managed.admin.DeviceAdminReceiver
06-27 00:14:20.750  2732  3942 I Auth    : [AuthManaged,PasswordComplexityHelperImpl] Disabling com.google.android.gms.auth.managed.ui.SetNewPasswordActivity
06-27 00:14:20.752  1932  1944 I AccountManagerService: getTypesVisibleToCaller: isPermitted? true
06-27 00:14:20.753  2747  3957 I ChromeSync: [Sync,SyncIntentOperation] Handling the intent: Intent { act=com.google.android.gms.phenotype.COMMITTED flg=0x10 pkg=com.google.android.gms cmp=com.google.android.gms/.chimera.GmsIntentOperationService (has extras) }.
06-27 00:14:20.754  2747  3351 I MdiSyncModule: flag handling is skipping irrelevant intent.
06-27 00:14:20.755  1932  2165 W ActivityManager: Unable to start service Intent { act=com.google.android.gms.auth.key.retrieval.service.START pkg=com.google.android.gms } U=0: not found
06-27 00:14:20.757  2747  3944 W ModuleInitIntentOp: Dropping unexpected action com.google.android.gms.phenotype.COMMITTED
06-27 00:14:20.767  1932  3099 W ActivityManager: Unbind failed: could not find connection for android.os.BinderProxy@6c01173
06-27 00:14:20.771  2747  2904 E GmsClient: unable to connect to service: com.google.android.gms.auth.key.retrieval.service.START on com.google.android.gms
06-27 00:14:20.792  2732  3935 I NetRec  : [320] alod.a: onConfigChanged()
06-27 00:14:20.794  2732  3942 I Auth    : [AuthManaged,PasswordComplexityHelperImpl] Updating password complexity components state.
06-27 00:14:20.794  2732  3942 I Auth    : [AuthManaged,PasswordComplexityHelperImpl] Disabling com.google.android.gms.auth.managed.admin.DeviceAdminReceiver
06-27 00:14:20.796  2732  3942 I Auth    : [AuthManaged,PasswordComplexityHelperImpl] Disabling com.google.android.gms.auth.managed.ui.SetNewPasswordActivity
06-27 00:14:20.803  2732  3942 I PTCommittedOperation: Receive new configuration for com.google.android.gms.backup
06-27 00:14:20.835  2732  3935 I NetRec  : [320] alod.a: Cancelling all NetRec GCM tasks
06-27 00:14:20.838  2732  2928 W GLSUser : [DeviceKeyStore] Cannot load key: Device key file not found.
06-27 00:14:20.838  2732  2928 W GLSUser : [DeviceKeyStore] Cannot load key: Device key file not found.
06-27 00:14:20.886  2747  3160 W Conscrypt: Could not set socket write timeout: java.net.SocketException: Socket closed
06-27 00:14:20.886  2747  3160 E art     : invalid stream - problem with parameter iterator in /system/priv-app/PrebuiltGmsCore/PrebuiltGmsCore.apk:classes3.dex for method void com.google.android.gms.org.conscrypt.ConscryptFileDescriptorSocket.setSoWriteTimeout(int)
06-27 00:14:20.886  2747  3160 W Conscrypt: 	at com.google.android.gms.org.conscrypt.Platform.setSocketWriteTimeout(:com.google.android.gms@202414022@20.24.14 (040700-319035315):2)
06-27 00:14:20.886  2747  3160 W Conscrypt: 	at com.google.android.gms.org.conscrypt.ConscryptFileDescriptorSocket.setSoWriteTimeout(:com.google.android.gms@202414022@20.24.14 (040700-319035315))
06-27 00:14:20.906  2732  3942 I NetRec  : [323] ClearDatabaseService.onHandleIntent: Clearing score cache
06-27 00:14:20.911  2747  3160 W Conscrypt: Could not set socket write timeout: java.net.SocketException: Socket closed
06-27 00:14:20.911  2747  3160 E art     : invalid stream - problem with parameter iterator in /system/priv-app/PrebuiltGmsCore/PrebuiltGmsCore.apk:classes3.dex for method void com.google.android.gms.org.conscrypt.ConscryptFileDescriptorSocket.setSoWriteTimeout(int)
06-27 00:14:20.911  2747  3160 W Conscrypt: 	at com.google.android.gms.org.conscrypt.Platform.setSocketWriteTimeout(:com.google.android.gms@202414022@20.24.14 (040700-319035315):2)
06-27 00:14:20.911  2747  3160 W Conscrypt: 	at com.google.android.gms.org.conscrypt.ConscryptFileDescriptorSocket.setSoWriteTimeout(:com.google.android.gms@202414022@20.24.14 (040700-319035315))
06-27 00:14:20.929  2747  3944 I ChromeSync: [Sync,SyncIntentOperation] Handling the intent: Intent { act=com.google.android.gms.phenotype.COMMITTED flg=0x10 pkg=com.google.android.gms cmp=com.google.android.gms/.chimera.GmsIntentOperationService (has extras) }.
06-27 00:14:20.929  1932  2095 I AccountManagerService: getTypesVisibleToCaller: isPermitted? true
06-27 00:14:20.930  2747  3351 I MdiSyncModule: flag handling is skipping irrelevant intent.
06-27 00:14:20.931  2747  3351 W ModuleInitIntentOp: Dropping unexpected action com.google.android.gms.phenotype.COMMITTED
06-27 00:14:21.004  2732  3935 I Auth    : [AuthManaged,PasswordComplexityHelperImpl] Updating password complexity components state.
06-27 00:14:21.004  2732  3935 I Auth    : [AuthManaged,PasswordComplexityHelperImpl] Disabling com.google.android.gms.auth.managed.admin.DeviceAdminReceiver
06-27 00:14:21.005  2732  3935 I Auth    : [AuthManaged,PasswordComplexityHelperImpl] Disabling com.google.android.gms.auth.managed.ui.SetNewPasswordActivity
06-27 00:14:21.008  2732  3942 I PTCommittedOperation: Receive new configuration for com.google.android.gms.auth_account
06-27 00:14:21.015  2747  3351 I ChromeSync: [Sync,SyncIntentOperation] Handling the intent: Intent { act=com.google.android.gms.phenotype.COMMITTED flg=0x10 pkg=com.google.android.gms cmp=com.google.android.gms/.chimera.GmsIntentOperationService (has extras) }.
06-27 00:14:21.015  2747  3351 I MdiSyncModule: flag handling is skipping irrelevant intent.
06-27 00:14:21.017  1932  2165 I AccountManagerService: getTypesVisibleToCaller: isPermitted? true
06-27 00:14:21.019  2747  3944 W ModuleInitIntentOp: Dropping unexpected action com.google.android.gms.phenotype.COMMITTED
06-27 00:14:21.056  1932  2167 I AccountManagerService: getTypesVisibleToCaller: isPermitted? true
06-27 00:14:21.056  2747  3950 I Authzen : [DeviceStateSyncManager] Device state updated successfully.
06-27 00:14:21.068  2732  3935 I Auth    : [AuthManaged,PasswordComplexityHelperImpl] Updating password complexity components state.
06-27 00:14:21.068  2732  3935 I Auth    : [AuthManaged,PasswordComplexityHelperImpl] Disabling com.google.android.gms.auth.managed.admin.DeviceAdminReceiver
06-27 00:14:21.068  2732  3935 I Auth    : [AuthManaged,PasswordComplexityHelperImpl] Disabling com.google.android.gms.auth.managed.ui.SetNewPasswordActivity
06-27 00:14:21.069  2747  3948 E MS_RegisterService: Exception during register request.
06-27 00:14:21.069  2747  3948 E MS_RegisterService: ckdr: UNAUTHENTICATED: Request is missing required authentication credential. Expected OAuth 2 access token, login cookie or other valid authentication credential. See https://developers.google.com/identity/sign-in/web/devconsole-project.
06-27 00:14:21.069  2747  3948 E MS_RegisterService: 	at ckdq.c(:com.google.android.gms@202414022@20.24.14 (040700-319035315):3)
06-27 00:14:21.069  2747  3948 E MS_RegisterService: 	at sjo.a(:com.google.android.gms@202414022@20.24.14 (040700-319035315):48)
06-27 00:14:21.069  2747  3948 E MS_RegisterService: 	at afty.a(:com.google.android.gms@202414022@20.24.14 (040700-319035315):12)
06-27 00:14:21.069  2747  3948 E MS_RegisterService: 	at com.google.android.libraries.matchstick.net.SilentRegisterIntentOperation.a(:com.google.android.gms@202414022@20.24.14 (040700-319035315):186)
06-27 00:14:21.069  2747  3948 E MS_RegisterService: 	at com.google.android.libraries.matchstick.net.SilentRegisterIntentOperation.f(:com.google.android.gms@202414022@20.24.14 (040700-319035315):35)
06-27 00:14:21.069  2747  3948 E MS_RegisterService: 	at com.google.android.libraries.matchstick.net.SilentRegisterIntentOperation.onHandleIntent(:com.google.android.gms@202414022@20.24.14 (040700-319035315):205)
06-27 00:14:21.069  2747  3948 E MS_RegisterService: 	at com.google.android.chimera.IntentOperation.onHandleIntent(:com.google.android.gms@202414022@20.24.14 (040700-319035315):2)
06-27 00:14:21.069  2747  3948 E MS_RegisterService: 	at qlx.onHandleIntent(:com.google.android.gms@202414022@20.24.14 (040700-319035315):4)
06-27 00:14:21.069  2747  3948 E MS_RegisterService: 	at cuo.run(:com.google.android.gms@202414022@20.24.14 (040700-319035315):5)
06-27 00:14:21.069  2747  3948 E MS_RegisterService: 	at cun.run(:com.google.android.gms@202414022@20.24.14 (040700-319035315):10)
06-27 00:14:21.069  2747  3948 E MS_RegisterService: 	at java.util.concurrent.ThreadPoolExecutor.runWorker(ThreadPoolExecutor.java:1113)
06-27 00:14:21.069  2747  3948 E MS_RegisterService: 	at java.util.concurrent.ThreadPoolExecutor$Worker.run(ThreadPoolExecutor.java:588)
06-27 00:14:21.069  2747  3948 E MS_RegisterService: 	at java.lang.Thread.run(Thread.java:818)
06-27 00:14:21.093  2747  2993 I ChmraDebugLogger: [78] null
06-27 00:14:21.095  2747  2993 E ConfigFileUtils: Failed to read config file: /data/data/com.google.android.gms/app_chimera/next_container.pb: open failed: ENOENT (No such file or directory)
06-27 00:14:21.175  1932  2095 I AccountManagerService: getTypesVisibleToCaller: isPermitted? true
06-27 00:14:21.209  1932  1944 I AccountManagerService: getTypesVisibleToCaller: isPermitted? true
06-27 00:14:21.274  2747  2993 I DynamiteModule: Considering local module com.google.android.gms.cronet_dynamite:0 and remote module com.google.android.gms.cronet_dynamite:1311
06-27 00:14:21.274  2747  2993 I DynamiteModule: Selected remote version of com.google.android.gms.cronet_dynamite, version >= 1311
06-27 00:14:21.308  2747  3352 W art     : Long monitor contention event with owner method=void java.lang.Object.wait!(long, int) from Object.java:4294967294 waiters=0 for 2.861s
06-27 00:14:21.318  2747  2993 I cr_CronetLibraryLoader: Cronet version: 83.0.4103.60, arch: i686
06-27 00:14:21.321  2747  3352 I MS_RegisterService: checking registration with Lighter
06-27 00:14:21.324  1932  3311 I AccountManagerService: getTypesVisibleToCaller: isPermitted? true
06-27 00:14:21.369  1932  2075 D ConnectivityService: listenForNetwork for Listen from uid/pid:10008/2747 for NetworkRequest [ id=5, legacyType=-1, [ Capabilities: INTERNET&NOT_RESTRICTED&TRUSTED] ]
06-27 00:14:21.371  1932  2029 D ConnectivityService: rematching NetworkAgentInfo [MOBILE (LTE) - 100]
06-27 00:14:21.373  2747  3967 D ConnectivityManager.CallbackHandler: CM callback handler got msg 524290
06-27 00:14:21.403  2732  3941 I Auth    : [AuthManaged,PasswordComplexityHelperImpl] Updating password complexity components state.
06-27 00:14:21.403  2732  3941 I Auth    : [AuthManaged,PasswordComplexityHelperImpl] Disabling com.google.android.gms.auth.managed.admin.DeviceAdminReceiver
06-27 00:14:21.404  2732  3398 I PTCommittedOperation: Receive new configuration for com.google.android.gms.family
06-27 00:14:21.408  2732  3941 I Auth    : [AuthManaged,PasswordComplexityHelperImpl] Disabling com.google.android.gms.auth.managed.ui.SetNewPasswordActivity
06-27 00:14:21.483  2747  2993 I ChmraDebugLogger: [73] 1801
06-27 00:14:21.490  2747  2993 I ChmraDebugLogger: [30] [VisionOcr.optional:202414000700] permitMetered=true,
06-27 00:14:21.500  1932  2168 I AccountManagerService: getTypesVisibleToCaller: isPermitted? true
06-27 00:14:21.504  2747  3948 I ChromeSync: [Sync,SyncIntentOperation] Handling the intent: Intent { act=com.google.android.gms.phenotype.COMMITTED flg=0x10 pkg=com.google.android.gms cmp=com.google.android.gms/.chimera.GmsIntentOperationService (has extras) }.
06-27 00:14:21.506  2747  3948 I MdiSyncModule: flag handling is skipping irrelevant intent.
06-27 00:14:21.509  2747  3957 W ModuleInitIntentOp: Dropping unexpected action com.google.android.gms.phenotype.COMMITTED
06-27 00:14:21.530  2747  2993 I ChimeraConfigService: Scheduling checkin for one-off execution between [3300,43200] seconds from now (1656303261530)
06-27 00:14:21.574  2747  2993 I ChimeraConfigurator: Update complete: success
06-27 00:14:21.585  2747  2993 I GmsModuleFndr: Beginning GMS chimera module scan
06-27 00:14:21.591  2747  3352 I LT_StubFactory: tachyonHostName = instantmessaging-pa.googleapis.com and tachyonPortNumber = 443
06-27 00:14:21.592  2747  3352 D LT_OkHttpChannelBuilder: Using Spatula header keyless authentication.
06-27 00:14:21.602  2747  2993 I ModuleSetMgr: Computing pending module set with APKs: [[AdsFdrDynamite.integ:21460000000], [Cronetdynamite:202414040700], [Dynamiteloader:202414040700], [Dynamitemodulesa:202414040000], [Dynamitemodulesc:202414040000], [Googlecertificates:202414040000], [Mapsdynamite:202414040000], [Measurementdynamite:202414040000]]
06-27 00:14:21.602  2747  2993 I ModuleSetMgr: Pending container module APKs: []
06-27 00:14:21.603  2747  2993 I ModuleSetMgr: Pending non-container module APKs: []
06-27 00:14:21.608  2732  3952 I PTCommittedOperation: Receive new configuration for com.google.android.gms.smart_profile
06-27 00:14:21.609  1932  3278 W ActivityManager: Unable to start service Intent { act=com.google.android.gms.auth.key.retrieval.service.START pkg=com.google.android.gms } U=0: not found
06-27 00:14:21.610  2747  3957 I ChromeSync: [Sync,SyncIntentOperation] Handling the intent: Intent { act=com.google.android.gms.phenotype.COMMITTED flg=0x10 pkg=com.google.android.gms cmp=com.google.android.gms/.chimera.GmsIntentOperationService (has extras) }.
06-27 00:14:21.610  2747  3699 I MdiSyncModule: flag handling is skipping irrelevant intent.
06-27 00:14:21.611  1932  2167 I AccountManagerService: getTypesVisibleToCaller: isPermitted? true
06-27 00:14:21.612  2747  3699 W ModuleInitIntentOp: Dropping unexpected action com.google.android.gms.phenotype.COMMITTED
06-27 00:14:21.630  1932  2094 W ActivityManager: Unbind failed: could not find connection for android.os.BinderProxy@d4d99a7
06-27 00:14:21.666  2747  3944 I ChromeSync: [Sync,SyncIntentOperation] Handling the intent: Intent { act=com.google.android.gms.phenotype.COMMITTED flg=0x10 pkg=com.google.android.gms cmp=com.google.android.gms/.chimera.GmsIntentOperationService (has extras) }.
06-27 00:14:21.667  2747  3699 I MdiSyncModule: flag handling is skipping irrelevant intent.
06-27 00:14:21.667  2747  3944 W ModuleInitIntentOp: Dropping unexpected action com.google.android.gms.phenotype.COMMITTED
06-27 00:14:21.669  1932  2094 I AccountManagerService: getTypesVisibleToCaller: isPermitted? true
06-27 00:14:21.675  2747  3948 I Vision  : Requesting optional module download of ocr.
06-27 00:14:21.675  2747  3948 I Vision  : Checking for download completion for 64004 -- ocr
06-27 00:14:21.680  2747  2904 E GmsClient: unable to connect to service: com.google.android.gms.auth.key.retrieval.service.START on com.google.android.gms
06-27 00:14:21.730  2747  2993 I ChimeraCfgMgr: Updating module config: container:2024149040700 -> container:2024149040700
06-27 00:14:21.730  2747  2993 E DowngradeHelper: isModuleDowngradeRequired false
06-27 00:14:21.730  2747  2993 E ConfigFileUtils: Failed to read config file: /data/data/com.google.android.gms/app_chimera/current_modules_init.pb: open failed: ENOENT (No such file or directory)
06-27 00:14:21.736  2732  2928 W GLSUser : [DeviceKeyStore] Cannot load key: Device key file not found.
06-27 00:14:21.737  2732  2928 W GLSUser : [DeviceKeyStore] Cannot load key: Device key file not found.
06-27 00:14:21.749  3895  3895 I dex2oat : dex2oat took 7.468s (threads: 4) arena alloc=427KB java alloc=12MB native alloc=41MB free=3MB
06-27 00:14:21.751  2747  2747 D LT_ClntIntrcptrFctryV12: Spatula header: CjYKFmNvbS5nb29nbGUuYW5kcm9pZC5nbXMaHFdPSEVFejkwUWV3OUxDY0NjS0ZJQXRwSHVnND0Y7P2phZ+0+4Uy
06-27 00:14:21.769  2732  3952 I PTCommittedOperation: Receive new configuration for com.google.android.location
06-27 00:14:21.771  2732  3956 I Auth    : [AuthManaged,PasswordComplexityHelperImpl] Updating password complexity components state.
06-27 00:14:21.771  2732  3956 I Auth    : [AuthManaged,PasswordComplexityHelperImpl] Disabling com.google.android.gms.auth.managed.admin.DeviceAdminReceiver
06-27 00:14:21.771  2732  3956 I Auth    : [AuthManaged,PasswordComplexityHelperImpl] Disabling com.google.android.gms.auth.managed.ui.SetNewPasswordActivity
06-27 00:14:21.779  2747  2993 I ChimeraCfgMgr: Sending com.google.android.chimera.IntentOperation.NEW_MODULE Intents: 1,false,true
06-27 00:14:21.795  2747  2993 I ChmraDebugLogger: [46] container:2024149040700
06-27 00:14:21.800  2747  3948 I ChimeraCfgMgr: Received com.google.android.chimera.IntentOperation.NEW_MODULE(1/0): 1,false
06-27 00:14:21.810  2747  3973 I LT_PhenotypeApiImplV12: Retrieve experiment configurations for: 
06-27 00:14:21.822  2732  3941 I PTCommittedOperation: Receive new configuration for com.google.android.gms.growth
06-27 00:14:21.912  1932  1956 W Settings: Setting install_non_market_apps has moved from android.provider.Settings.Global to android.provider.Settings.Secure, returning read-only value.
06-27 00:14:21.912  1932  1956 I art     : Starting a blocking GC Explicit
06-27 00:14:21.920  2732  3105 I aopq    : Scheduling Phenotype for a PhenotypeSyncImmediately(6, com.google.lighter.android#com.google.android.gms) one off with window [1, 2] in seconds [CONTEXT service_id=51 ]
06-27 00:14:21.927  2747  2747 I LT_PhenotypeApiImplV12: Phenotype registration succeeded
06-27 00:14:21.937  1932  1956 I art     : Explicit concurrent mark sweep GC freed 53479(3MB) AllocSpace objects, 7(140KB) LOS objects, 33% free, 7MB/11MB, paused 574us total 23.636ms
06-27 00:14:21.965  3861  3861 I art     : System.exit called, status: 0
06-27 00:14:21.965  3861  3861 I AndroidRuntime: VM exiting with result code 0.
06-27 00:14:21.973  1932  1982 I InputReader: Reconfiguring input devices.  changes=0x00000010
06-27 00:14:22.047  2424  2424 D CarrierServiceBindHelper: Receive action: android.intent.action.PACKAGE_ADDED
06-27 00:14:22.050  2424  2424 D CarrierServiceBindHelper: mHandler: 3
06-27 00:14:22.051  2424  2424 D CarrierConfigLoader: mHandler: 9 phoneId: 0
06-27 00:14:22.106  2732  3941 I Auth    : [AuthManaged,PasswordComplexityHelperImpl] Updating password complexity components state.
06-27 00:14:22.106  2732  3941 I Auth    : [AuthManaged,PasswordComplexityHelperImpl] Disabling com.google.android.gms.auth.managed.admin.DeviceAdminReceiver
06-27 00:14:22.110  2732  3941 I Auth    : [AuthManaged,PasswordComplexityHelperImpl] Disabling com.google.android.gms.auth.managed.ui.SetNewPasswordActivity
06-27 00:14:22.119  1932  3278 I AccountManagerService: getTypesVisibleToCaller: isPermitted? true
06-27 00:14:22.123  2747  3948 I ChromeSync: [Sync,SyncIntentOperation] Handling the intent: Intent { act=com.google.android.gms.phenotype.COMMITTED flg=0x10 pkg=com.google.android.gms cmp=com.google.android.gms/.chimera.GmsIntentOperationService (has extras) }.
06-27 00:14:22.124  2747  3699 I MdiSyncModule: flag handling is skipping irrelevant intent.
06-27 00:14:22.124  2747  2993 W ModuleInitIntentOp: Dropping unexpected action com.google.android.gms.phenotype.COMMITTED
06-27 00:14:22.139  1932  2167 W ActivityManager: Unable to start service Intent { act=com.google.android.gms.auth.key.retrieval.service.START pkg=com.google.android.gms } U=0: not found
06-27 00:14:22.139  1932  2075 W ActivityManager: Unbind failed: could not find connection for android.os.BinderProxy@f0b9f14
06-27 00:14:22.140  2747  2904 E GmsClient: unable to connect to service: com.google.android.gms.auth.key.retrieval.service.START on com.google.android.gms
06-27 00:14:22.168  2732  3943 I Auth    : [AuthManaged,PasswordComplexityHelperImpl] Updating password complexity components state.
06-27 00:14:22.168  2732  3943 I Auth    : [AuthManaged,PasswordComplexityHelperImpl] Disabling com.google.android.gms.auth.managed.admin.DeviceAdminReceiver
06-27 00:14:22.169  2732  3943 I Auth    : [AuthManaged,PasswordComplexityHelperImpl] Disabling com.google.android.gms.auth.managed.ui.SetNewPasswordActivity
06-27 00:14:22.181  2732  3941 I PTCommittedOperation: Receive new configuration for com.google.android.gms.notifications
06-27 00:14:22.224  2747  3948 I ExposureNotification: Phenotype config updated, isEnabled: true [CONTEXT service_id=236 ]
06-27 00:14:22.239  3988  3988 D AndroidRuntime: >>>>>> START com.android.internal.os.RuntimeInit uid 0 <<<<<<
06-27 00:14:22.240  3988  3988 D AndroidRuntime: CheckJNI is ON
06-27 00:14:22.246  2747  3699 I NearbySharing: Runtime state initialization complete. Sharing is disabled. [CONTEXT service_id=194 ]
06-27 00:14:22.250  3988  3988 D ICU     : No timezone override file found: /data/misc/zoneinfo/current/icu/icu_tzdata.dat
06-27 00:14:22.268  3988  3988 E memtrack: Couldn't load memtrack module (No such file or directory)
06-27 00:14:22.268  3988  3988 E android.os.Debug: failed to load memtrack module: -2
06-27 00:14:22.269  3988  3988 I Radio-JNI: register_android_hardware_Radio DONE
06-27 00:14:22.279  3988  3988 D AndroidRuntime: Calling main entry com.android.commands.monkey.Monkey
06-27 00:14:22.305  1932  1946 W BroadcastQueue: Skipping deliver [background] BroadcastRecord{fc11eb9 u-1 android.net.conn.CONNECTIVITY_CHANGE} to ReceiverList{8aca2fe 3988 (unknown name)/0/u-1 remote:fd25103}: process crashing
06-27 00:14:22.325  2732  3952 I Auth    : [AuthManaged,PasswordComplexityHelperImpl] Updating password complexity components state.
06-27 00:14:22.325  2732  3952 I Auth    : [AuthManaged,PasswordComplexityHelperImpl] Disabling com.google.android.gms.auth.managed.admin.DeviceAdminReceiver
06-27 00:14:22.326  2747  2993 I ChromeSync: [Sync,SyncIntentOperation] Handling the intent: Intent { act=com.google.android.gms.phenotype.COMMITTED flg=0x10 pkg=com.google.android.gms cmp=com.google.android.gms/.chimera.GmsIntentOperationService (has extras) }.
06-27 00:14:22.327  2747  3699 I MdiSyncModule: flag handling is skipping irrelevant intent.
06-27 00:14:22.328  2747  3351 W ModuleInitIntentOp: Dropping unexpected action com.google.android.gms.phenotype.COMMITTED
06-27 00:14:22.331  1932  2167 I AccountManagerService: getTypesVisibleToCaller: isPermitted? true
06-27 00:14:22.332  2732  3952 I Auth    : [AuthManaged,PasswordComplexityHelperImpl] Disabling com.google.android.gms.auth.managed.ui.SetNewPasswordActivity
06-27 00:14:22.352  1932  3278 I ActivityManager: START u0 {act=android.intent.action.MAIN cat=[android.intent.category.LAUNCHER] flg=0x10200000 cmp=io.github.zwieback.familyfinance.debug/io.github.zwieback.familyfinance.business.dashboard.activity.DashboardActivity} from uid 0 on display 0
06-27 00:14:22.379  4002  4002 I art     : Not late-enabling -Xcheck:jni (already on)
06-27 00:14:22.388  1932  1944 I ActivityManager: Start proc 4002:io.github.zwieback.familyfinance.debug/u0a61 for activity io.github.zwieback.familyfinance.debug/io.github.zwieback.familyfinance.business.dashboard.activity.DashboardActivity
06-27 00:14:22.420  2732  2732 I ExposureNotification: ExposureNotificationInternalService.onCreate, com.google.android.gms.nearby.exposurenotification.service.ExposureNotificationInternalChimeraService@60469c5 [CONTEXT service_id=236 ]
06-27 00:14:22.421  1293  1350 D gralloc_ranchu: gralloc_alloc: Creating ashmem region of size 8294400
06-27 00:14:22.434  2732  2732 I ExposureNotification: ExposureServiceInternalService.onStartCommand, Intent { act=com.google.android.gms.nearby.exposurenotification.service.ACTION_CLIENT_CHANGE cmp=com.google.android.gms/.nearby.exposurenotification.service.ExposureNotificationInternalService } [CONTEXT service_id=236 ]
06-27 00:14:22.443  3988  3988 I art     : System.exit called, status: 0
06-27 00:14:22.443  3988  3988 I AndroidRuntime: VM exiting with result code 0.
06-27 00:14:22.473  4002  4002 I MultiDex: VM with version 2.1.0 has multidex support
06-27 00:14:22.473  4002  4002 I MultiDex: Installing application
06-27 00:14:22.473  4002  4002 I MultiDex: VM has multidex support, MultiDex support library is disabled.
06-27 00:14:22.475  2732  2732 I ExposureNotification: Utils#isSupported enabled=true, isDeviceSupported=true, isBluetoothSupported=false, BluetoothAdapter.isMultipleAdvertisementSupported=false [CONTEXT service_id=236 ]
06-27 00:14:22.475  2732  3943 I Auth    : [AuthManaged,PasswordComplexityHelperImpl] Updating password complexity components state.
06-27 00:14:22.475  2732  3943 I Auth    : [AuthManaged,PasswordComplexityHelperImpl] Disabling com.google.android.gms.auth.managed.admin.DeviceAdminReceiver
06-27 00:14:22.476  2732  3943 I Auth    : [AuthManaged,PasswordComplexityHelperImpl] Disabling com.google.android.gms.auth.managed.ui.SetNewPasswordActivity
06-27 00:14:22.480  2732  2732 I ExposureNotification: Exposure notifications disabled. [CONTEXT service_id=236 ]
06-27 00:14:22.480  2732  2732 I ExposureNotification: ExposureServiceInternalService.stopTracing [CONTEXT service_id=236 ]
06-27 00:14:22.492  3325  3365 D EGL_emulation: eglMakeCurrent: 0xaa969ae0: ver 3 0 (tinfo 0xaaa45c20)
06-27 00:14:22.493  3325  3365 E Surface : getSlotFromBufferLocked: unknown buffer: 0xb407dac0
06-27 00:14:22.511  4002  4002 W art     : Before Android 4.1, method android.graphics.PorterDuffColorFilter android.support.graphics.drawable.VectorDrawableCompat.updateTintFilter(android.graphics.PorterDuffColorFilter, android.content.res.ColorStateList, android.graphics.PorterDuff$Mode) would have incorrectly overridden the package-private method in android.graphics.drawable.Drawable
06-27 00:14:22.535  2732  2732 I ExposureNotification: AlarmManagerImpl.opportunisticSchedule called, delay=1800000ms [CONTEXT service_id=236 ]
06-27 00:14:22.539  4002  4002 I art     : Rejecting re-init on previously-failed class java.lang.Class<android.support.v4.view.ViewCompat$OnUnhandledKeyEventListenerWrapper>
06-27 00:14:22.539  4002  4002 I art     : Rejecting re-init on previously-failed class java.lang.Class<android.support.v4.view.ViewCompat$OnUnhandledKeyEventListenerWrapper>
06-27 00:14:22.550  2732  3667 I Auth    : [AuthManaged,PasswordComplexityHelperImpl] Updating password complexity components state.
06-27 00:14:22.550  2732  3667 I Auth    : [AuthManaged,PasswordComplexityHelperImpl] Disabling com.google.android.gms.auth.managed.admin.DeviceAdminReceiver
06-27 00:14:22.553  2732  3667 I Auth    : [AuthManaged,PasswordComplexityHelperImpl] Disabling com.google.android.gms.auth.managed.ui.SetNewPasswordActivity
06-27 00:14:22.587  2732  3941 I Auth    : [AuthManaged,PasswordComplexityHelperImpl] Updating password complexity components state.
06-27 00:14:22.587  2732  3941 I Auth    : [AuthManaged,PasswordComplexityHelperImpl] Disabling com.google.android.gms.auth.managed.admin.DeviceAdminReceiver
06-27 00:14:22.587  2732  3941 I Auth    : [AuthManaged,PasswordComplexityHelperImpl] Disabling com.google.android.gms.auth.managed.ui.SetNewPasswordActivity
06-27 00:14:22.616  2732  3952 I Auth    : [AuthManaged,PasswordComplexityHelperImpl] Updating password complexity components state.
06-27 00:14:22.616  2732  3952 I Auth    : [AuthManaged,PasswordComplexityHelperImpl] Disabling com.google.android.gms.auth.managed.admin.DeviceAdminReceiver
06-27 00:14:22.617  2732  3952 I Auth    : [AuthManaged,PasswordComplexityHelperImpl] Disabling com.google.android.gms.auth.managed.ui.SetNewPasswordActivity
06-27 00:14:22.650  2732  3952 I Auth    : [AuthManaged,PasswordComplexityHelperImpl] Updating password complexity components state.
06-27 00:14:22.650  2732  3952 I Auth    : [AuthManaged,PasswordComplexityHelperImpl] Disabling com.google.android.gms.auth.managed.admin.DeviceAdminReceiver
06-27 00:14:22.653  2732  3952 I Auth    : [AuthManaged,PasswordComplexityHelperImpl] Disabling com.google.android.gms.auth.managed.ui.SetNewPasswordActivity
06-27 00:14:22.697  4002  4002 I requery : beforeExecuteUpdate sql: create table currency (id integer primary key autoincrement not null, description varchar(100) not null, icon_name varchar(50), name varchar(10) not null)
06-27 00:14:22.697  2732  3952 I Auth    : [AuthManaged,PasswordComplexityHelperImpl] Updating password complexity components state.
06-27 00:14:22.697  2732  3952 I Auth    : [AuthManaged,PasswordComplexityHelperImpl] Disabling com.google.android.gms.auth.managed.admin.DeviceAdminReceiver
06-27 00:14:22.697  4002  4002 I requery : afterExecuteUpdate 0
06-27 00:14:22.697  4002  4002 I requery : beforeExecuteUpdate sql: create table article (id integer primary key autoincrement not null, _type varchar(30) not null, default_value integer, icon_name varchar(50), is_folder boolean not null, name varchar(50) not null, name_ascii varchar(100) not null, parent_id integer, foreign key (parent_id) references article (id) on delete cascade)
06-27 00:14:22.698  4002  4002 I requery : afterExecuteUpdate 0
06-27 00:14:22.698  4002  4002 I requery : beforeExecuteUpdate sql: create table person (id integer primary key autoincrement not null, icon_name varchar(50), is_folder boolean not null, name varchar(50) not null, order_code integer not null, parent_id integer, foreign key (parent_id) references person (id) on delete cascade)
06-27 00:14:22.698  4002  4002 I requery : afterExecuteUpdate 0
06-27 00:14:22.698  4002  4002 I requery : beforeExecuteUpdate sql: create table account (id integer primary key autoincrement not null, _number varchar(20), _type varchar(50) default UNDEFINED_ACCOUNT not null, active boolean default true not null, card_number varchar(20), currency_id integer, icon_name varchar(50), initial_balance integer, is_folder boolean not null, name varchar(100) not null, order_code integer not null, owner_id integer, parent_id integer, payment_system varchar(40), foreign key (currency_id) references currency (id) on delete cascade, foreign key (owner_id) references person (id) on delete cascade, foreign key (parent_id) references account (id) on delete cascade)
06-27 00:14:22.699  4002  4002 I requery : afterExecuteUpdate 0
06-27 00:14:22.699  4002  4002 I requery : beforeExecuteUpdate sql: create table exchange_rate (id integer primary key autoincrement not null, _date date not null, _value integer not null, currency_id integer not null, icon_name varchar(50), foreign key (currency_id) references currency (id) on delete cascade)
06-27 00:14:22.699  2732  3952 I Auth    : [AuthManaged,PasswordComplexityHelperImpl] Disabling com.google.android.gms.auth.managed.ui.SetNewPasswordActivity
06-27 00:14:22.700  4002  4002 I requery : afterExecuteUpdate 0
06-27 00:14:22.700  4002  4002 I requery : beforeExecuteUpdate sql: create table t_template (id integer primary key autoincrement not null, _date date, _type varchar(30) not null, _value integer, account_id integer, article_id integer, description varchar(1024), exchange_rate_id integer, icon_name varchar(50), name varchar(100) not null, owner_id integer, transfer_account_id integer, url varchar(1024), foreign key (account_id) references account (id) on delete cascade, foreign key (article_id) references article (id) on delete cascade, foreign key (exchange_rate_id) references exchange_rate (id) on delete cascade, foreign key (owner_id) references person (id) on delete cascade, foreign key (transfer_account_id) references account (id) on delete cascade)
06-27 00:14:22.701  4002  4002 I requery : afterExecuteUpdate 0
06-27 00:14:22.702  4002  4002 I requery : beforeExecuteUpdate sql: create table t_sms_pattern (id integer primary key autoincrement not null, common boolean default 0 not null, date_group integer, icon_name varchar(50), name varchar(100) not null, regex varchar(255) not null, sender varchar(20) not null, template_id integer, value_group integer, foreign key (template_id) references t_template (id) on delete cascade)
06-27 00:14:22.703  4002  4002 I requery : afterExecuteUpdate 0
06-27 00:14:22.703  4002  4002 I requery : beforeExecuteUpdate sql: create table operation (id integer primary key autoincrement not null, _date date not null, _type varchar(30) not null, _value integer not null, account_id integer not null, article_id integer not null, description varchar(1024), exchange_rate_id integer not null, icon_name varchar(50), linked_transfer_operation_id integer, owner_id integer not null, url varchar(1024), foreign key (account_id) references account (id) on delete cascade, foreign key (article_id) references article (id) on delete cascade, foreign key (exchange_rate_id) references exchange_rate (id) on delete cascade, foreign key (linked_transfer_operation_id) references operation (id) on delete cascade, foreign key (owner_id) references person (id) on delete cascade)
06-27 00:14:22.703  4002  4002 I requery : afterExecuteUpdate 0
06-27 00:14:22.725  4002  4002 D DatabaseViewDestroyer: Destroyer 'OperationViewDestroyer' is finished
06-27 00:14:22.725  4002  4002 D DatabaseViewDestroyer: Destroyer 'AccountViewDestroyer' is finished
06-27 00:14:22.725  4002  4002 D DatabaseViewDestroyer: Destroyer 'TemplateViewDestroyer' is finished
06-27 00:14:22.726  4002  4002 D DatabaseViewDestroyer: Destroyer 'SmsPatternViewDestroyer' is finished
06-27 00:14:22.738  4002  4002 D DatabaseViewCreator: Creator 'CurrencyViewCreator' is finished
06-27 00:14:22.751  4002  4002 D DatabaseViewCreator: Creator 'ExchangeRateViewCreator' is finished
06-27 00:14:22.757  2732  3952 I Auth    : [AuthManaged,PasswordComplexityHelperImpl] Updating password complexity components state.
06-27 00:14:22.757  2732  3952 I Auth    : [AuthManaged,PasswordComplexityHelperImpl] Disabling com.google.android.gms.auth.managed.admin.DeviceAdminReceiver
06-27 00:14:22.761  4002  4002 D DatabaseViewCreator: Creator 'PersonViewCreator' is finished
06-27 00:14:22.763  2732  3952 I Auth    : [AuthManaged,PasswordComplexityHelperImpl] Disabling com.google.android.gms.auth.managed.ui.SetNewPasswordActivity
06-27 00:14:22.770  4002  4002 D DatabaseViewCreator: Creator 'AccountViewCreator' is finished
06-27 00:14:22.779  4002  4002 D DatabaseViewCreator: Creator 'ArticleViewCreator' is finished
06-27 00:14:22.789  4002  4002 D DatabaseViewCreator: Creator 'OperationViewCreator' is finished
06-27 00:14:22.800  4002  4002 D DatabaseViewCreator: Creator 'TemplateViewCreator' is finished
06-27 00:14:22.812  4002  4002 D DatabaseViewCreator: Creator 'SmsPatternViewCreator' is finished
06-27 00:14:22.813  4002  4002 I art     : Rejecting re-init on previously-failed class java.lang.Class<io.requery.sql.ManagedTransaction>
06-27 00:14:22.814  4002  4002 I art     : Rejecting re-init on previously-failed class java.lang.Class<io.requery.sql.ManagedTransaction>
06-27 00:14:22.815  2732  2732 I ExposureNotification: User turn off scanning. [CONTEXT service_id=236 ]
06-27 00:14:22.815  2732  2732 I ExposureNotification: Not scanning! [CONTEXT service_id=236 ]
06-27 00:14:22.815  2732  2732 W ExposureNotification: stopTracing called but Scanner failed to stop! [CONTEXT service_id=236 ]
06-27 00:14:22.818  2732  3941 I Auth    : [AuthManaged,PasswordComplexityHelperImpl] Updating password complexity components state.
06-27 00:14:22.818  2732  3941 I Auth    : [AuthManaged,PasswordComplexityHelperImpl] Disabling com.google.android.gms.auth.managed.admin.DeviceAdminReceiver
06-27 00:14:22.819  2732  3941 I Auth    : [AuthManaged,PasswordComplexityHelperImpl] Disabling com.google.android.gms.auth.managed.ui.SetNewPasswordActivity
06-27 00:14:22.826  2581  3495 W MediaProvider: Missing volume for /system/media/audio/notifications; assuming invalid
06-27 00:14:22.834  2732  2732 I ExposureNotification: ThreadSafeLevelDbWrapper: do open LevelDb contact-tracing-self-tracing-key-db [CONTEXT service_id=236 ]
06-27 00:14:22.835  2732  2732 I ExposureNotification: ThreadSafeLevelDbWrapper:contact-tracing-self-tracing-key-db instance ajdk@add22f6 created [CONTEXT service_id=236 ]
06-27 00:14:22.837  2732  2732 I ExposureNotification: ThreadSafeLevelDbWrapper:contact-tracing-self-tracing-key-db instance ajdk@add22f6 closed [CONTEXT service_id=236 ]
06-27 00:14:22.838  2732  2732 I ExposureNotification: ThreadSafeLevelDbWrapper: do close LevelDb contact-tracing-self-tracing-key-db [CONTEXT service_id=236 ]
06-27 00:14:22.847  2581  3495 W MediaProvider: Missing volume for /system/media/audio/alarms/Alarm_Rooster_02.ogg; assuming invalid
06-27 00:14:22.849  2581  3495 W MediaProvider: Missing volume for /system/media/audio/alarms/Argon.ogg; assuming invalid
06-27 00:14:22.852  2581  3495 W MediaProvider: Missing volume for /system/media/audio/alarms/Barium.ogg; assuming invalid
06-27 00:14:22.854  2581  3495 W MediaProvider: Missing volume for /system/media/audio/alarms/Carbon.ogg; assuming invalid
06-27 00:14:22.859  2581  3495 W MediaProvider: Missing volume for /system/media/audio/alarms/Cesium.ogg; assuming invalid
06-27 00:14:22.868  1932  2094 I ActivityManager: START u0 {act=android.content.pm.action.REQUEST_PERMISSIONS pkg=com.android.packageinstaller cmp=com.android.packageinstaller/.permission.ui.GrantPermissionsActivity (has extras)} from uid 10061 on display 0
06-27 00:14:22.878  2581  3495 W MediaProvider: Missing volume for /system/media/audio/alarms/Fermium.ogg; assuming invalid
06-27 00:14:22.882  2581  3495 W MediaProvider: Missing volume for /system/media/audio/alarms/Hassium.ogg; assuming invalid
06-27 00:14:22.908  1293  2414 E SurfaceFlinger: ro.sf.lcd_density must be defined as a build property
06-27 00:14:22.909  4002  4020 D OpenGLRenderer: Use EGL_SWAP_BEHAVIOR_PRESERVED: true
06-27 00:14:22.925  2732  3943 I Auth    : [AuthManaged,PasswordComplexityHelperImpl] Updating password complexity components state.
06-27 00:14:22.925  2732  3943 I Auth    : [AuthManaged,PasswordComplexityHelperImpl] Disabling com.google.android.gms.auth.managed.admin.DeviceAdminReceiver
06-27 00:14:22.927  2732  3943 I Auth    : [AuthManaged,PasswordComplexityHelperImpl] Disabling com.google.android.gms.auth.managed.ui.SetNewPasswordActivity
06-27 00:14:22.930  4002  4002 D         : HostConnection::get() New Host Connection established 0xaa0bf180, tid 4002
06-27 00:14:22.946  2732  2732 I NearbySharing: ReceiveSurfaceService created [CONTEXT service_id=194 ]
06-27 00:14:22.951  2581  3495 W MediaProvider: Missing volume for /system/media/audio/alarms/Helium.ogg; assuming invalid
06-27 00:14:22.953  2581  3495 W MediaProvider: Missing volume for /system/media/audio/alarms/Krypton.ogg; assuming invalid
06-27 00:14:22.955  2581  3495 W MediaProvider: Missing volume for /system/media/audio/alarms/Neon.ogg; assuming invalid
06-27 00:14:22.957  2581  3495 W MediaProvider: Missing volume for /system/media/audio/alarms/Neptunium.ogg; assuming invalid
06-27 00:14:22.959  1932  2166 I ActivityManager: Start proc 4021:com.android.packageinstaller/u0a11 for activity com.android.packageinstaller/.permission.ui.GrantPermissionsActivity
06-27 00:14:22.959  2581  3495 W MediaProvider: Missing volume for /system/media/audio/alarms/Nobelium.ogg; assuming invalid
06-27 00:14:22.962  2732  2732 I NearbySharing: ReceiveSurfaceService started [CONTEXT service_id=194 ]
06-27 00:14:22.996  4021  4021 W System  : ClassLoader referenced unknown path: /system/priv-app/PackageInstaller/lib/x86
06-27 00:14:23.007  4002  4020 D         : HostConnection::get() New Host Connection established 0xaa0bf940, tid 4020
06-27 00:14:23.009  4002  4020 I OpenGLRenderer: Initialized EGL, version 1.4
06-27 00:14:23.009  4002  4020 W OpenGLRenderer: Failed to choose config with EGL_SWAP_BEHAVIOR_PRESERVED, retrying without...
06-27 00:14:23.010  4002  4020 D EGL_emulation: eglCreateContext: 0xae5d4600: maj 3 min 0 rcv 3
06-27 00:14:23.011  4002  4020 D EGL_emulation: eglMakeCurrent: 0xae5d4600: ver 3 0 (tinfo 0xae5d28d0)
06-27 00:14:23.011  4002  4020 E eglCodecCommon: glUtilsParamSize: unknow param 0x00008cdf
06-27 00:14:23.012  4002  4020 E eglCodecCommon: glUtilsParamSize: unknow param 0x00008824
06-27 00:14:23.018  2732  3952 I PTCommittedOperation: Receive new configuration for com.google.android.gms.netrec
06-27 00:14:23.018  2581  3495 W MediaProvider: Missing volume for /system/media/audio/alarms/Osmium.ogg; assuming invalid
06-27 00:14:23.030  4002  4020 D EGL_emulation: eglMakeCurrent: 0xae5d4600: ver 3 0 (tinfo 0xae5d28d0)
06-27 00:14:23.093  2581  3495 W MediaProvider: Missing volume for /system/media/audio/alarms/Oxygen.ogg; assuming invalid
