11-09 13:44:16.602 29525 29525 D StrictMode: 	at android.app.Instrumentation.callActivityOnStart(Instrumentation.java:1334)
11-09 13:44:16.602 29525 29525 D StrictMode: 	at android.app.Activity.performStart(Activity.java:7029)
11-09 13:44:16.602 29525 29525 D StrictMode: 	at android.app.ActivityThread.performLaunchActivity(ActivityThread.java:2741)
11-09 13:44:16.602 29525 29525 D StrictMode: 	at android.app.ActivityThread.handleLaunchActivity(ActivityThread.java:2856)
11-09 13:44:16.602 29525 29525 D StrictMode: 	at android.app.ActivityThread.-wrap11(Unknown Source:0)
11-09 13:44:16.602 29525 29525 D StrictMode: 	at android.app.ActivityThread$H.handleMessage(ActivityThread.java:1589)
11-09 13:44:16.602 29525 29525 D StrictMode: 	at android.os.Handler.dispatchMessage(Handler.java:106)
11-09 13:44:16.602 29525 29525 D StrictMode: 	at android.os.Looper.loop(Looper.java:164)
11-09 13:44:16.602 29525 29525 D StrictMode: 	at android.app.ActivityThread.main(ActivityThread.java:6494)
11-09 13:44:16.602 29525 29525 D StrictMode: 	at java.lang.reflect.Method.invoke(Native Method)
11-09 13:44:16.602 29525 29525 D StrictMode: 	at com.android.internal.os.RuntimeInit$MethodAndArgsCaller.run(RuntimeInit.java:438)
11-09 13:44:16.602 29525 29525 D StrictMode: 	at com.android.internal.os.ZygoteInit.main(ZygoteInit.java:807)
11-09 13:44:16.602 29525 29525 D StrictMode: StrictMode policy violation; ~duration=54 ms: android.os.StrictMode$StrictModeDiskReadViolation: policy=65599 violation=2
11-09 13:44:16.602 29525 29525 D StrictMode: 	at android.os.StrictMode$AndroidBlockGuardPolicy.onReadFromDisk(StrictMode.java:1440)
11-09 13:44:16.602 29525 29525 D StrictMode: 	at java.io.UnixFileSystem.checkAccess(UnixFileSystem.java:251)
11-09 13:44:16.602 29525 29525 D StrictMode: 	at java.io.File.exists(File.java:807)
11-09 13:44:16.602 29525 29525 D StrictMode: 	at android.app.ContextImpl.ensurePrivateDirExists(ContextImpl.java:572)
11-09 13:44:16.602 29525 29525 D StrictMode: 	at android.app.ContextImpl.ensurePrivateDirExists(ContextImpl.java:563)
11-09 13:44:16.602 29525 29525 D StrictMode: 	at android.app.ContextImpl.getPreferencesDir(ContextImpl.java:519)
11-09 13:44:16.602 29525 29525 D StrictMode: 	at android.app.ContextImpl.getSharedPreferencesPath(ContextImpl.java:714)
11-09 13:44:16.602 29525 29525 D StrictMode: 	at android.app.ContextImpl.getSharedPreferences(ContextImpl.java:368)
11-09 13:44:16.602 29525 29525 D StrictMode: 	at android.content.ContextWrapper.getSharedPreferences(ContextWrapper.java:167)
11-09 13:44:16.602 29525 29525 D StrictMode: 	at android.content.ContextWrapper.getSharedPreferences(ContextWrapper.java:167)
11-09 13:44:16.602 29525 29525 D StrictMode: 	at io.github.zwieback.familyfinance.core.preference.config.InterfacePrefs.<init>(InterfacePrefs.java:27)
11-09 13:44:16.602 29525 29525 D StrictMode: 	at io.github.zwieback.familyfinance.core.preference.config.InterfacePrefs.with(InterfacePrefs.java:32)
11-09 13:44:16.602 29525 29525 D StrictMode: 	at io.github.zwieback.familyfinance.business.preference.custom.interface_.ShowBalanceOnOperationScreensPreference.init(ShowBalanceOnOperationScreensPreference.java:42)
11-09 13:44:16.602 29525 29525 D StrictMode: 	at io.github.zwieback.familyfinance.core.preference.custom.BooleanPreference.<init>(BooleanPreference.java:28)
11-09 13:44:16.602 29525 29525 D StrictMode: 	at io.github.zwieback.familyfinance.business.preference.custom.interface_.ShowBalanceOnOperationScreensPreference.<init>(ShowBalanceOnOperationScreensPreference.java:31)
11-09 13:44:16.602 29525 29525 D StrictMode: 	at java.lang.reflect.Constructor.newInstance0(Native Method)
11-09 13:44:16.602 29525 29525 D StrictMode: 	at java.lang.reflect.Constructor.newInstance(Constructor.java:334)
11-09 13:44:16.602 29525 29525 D StrictMode: 	at android.support.v7.preference.PreferenceInflater.createItem(PreferenceInflater.java:259)
11-09 13:44:16.602 29525 29525 D StrictMode: 	at android.support.v7.preference.PreferenceInflater.createItemFromTag(PreferenceInflater.java:295)
11-09 13:44:16.602 29525 29525 D StrictMode: 	at android.support.v7.preference.PreferenceInflater.rInflate(PreferenceInflater.java:362)
11-09 13:44:16.602 29525 29525 D StrictMode: 	at android.support.v7.preference.PreferenceInflater.rInflate(PreferenceInflater.java:364)
11-09 13:44:16.602 29525 29525 D StrictMode: 	at android.support.v7.preference.PreferenceInflater.inflate(PreferenceInflater.java:170)
11-09 13:44:16.602 29525 29525 D StrictMode: 	at android.support.v7.preference.PreferenceInflater.inflate(PreferenceInflater.java:120)
11-09 13:44:16.602 29525 29525 D StrictMode: 	at android.support.v7.preference.PreferenceManagerFix.inflateFromResource(PreferenceManagerFix.java:47)
11-09 13:44:16.602 29525 29525 D StrictMode: 	at android.support.v7.preference.PreferenceFragmentCompat.setPreferencesFromResource(PreferenceFragmentCompat.java:445)
11-09 13:44:16.602 29525 29525 D StrictMode: 	at io.github.zwieback.familyfinance.business.preference.fragment.SettingsFragment.onCreatePreferencesFix(SettingsFragment.java:26)
11-09 13:44:16.602 29525 29525 D StrictMode: 	at com.takisoft.fix.support.v7.preference.PreferenceFragmentCompat.onCreate(PreferenceFragmentCompat.java:62)
11-09 13:44:16.602 29525 29525 D StrictMode: 	at android.support.v4.app.Fragment.performCreate(Fragment.java:2414)
11-09 13:44:16.602 29525 29525 D StrictMode: 	at android.support.v4.app.FragmentManagerImpl.moveToState(FragmentManager.java:1418)
11-09 13:44:16.602 29525 29525 D StrictMode: 	at android.support.v4.app.FragmentTransition.addToFirstInLastOut(FragmentTransition.java:1195)
11-09 13:44:16.602 29525 29525 D StrictMode: 	at android.support.v4.app.FragmentTransition.calculateFragments(FragmentTransition.java:1078)
11-09 13:44:16.602 29525 29525 D StrictMode: 	at android.support.v4.app.FragmentTransition.startTransitions(FragmentTransition.java:117)
11-09 13:44:16.602 29525 29525 D StrictMode: 	at android.support.v4.app.FragmentManagerImpl.executeOpsTogether(FragmentManager.java:2408)
11-09 13:44:16.602 29525 29525 D StrictMode: 	at android.support.v4.app.FragmentManagerImpl.removeRedundantOperationsAndExecute(FragmentManager.java:2366)
11-09 13:44:16.602 29525 29525 D StrictMode: 	at android.support.v4.app.FragmentManagerImpl.execPendingActions(FragmentManager.java:2273)
11-09 13:44:16.602 29525 29525 D StrictMode: 	at android.support.v4.app.FragmentManagerImpl.dispatchStateChange(FragmentManager.java:3273)
11-09 13:44:16.602 29525 29525 D StrictMode: 	at android.support.v4.app.FragmentManagerImpl.dispatchActivityCreated(FragmentManager.java:3229)
11-09 13:44:16.602 29525 29525 D StrictMode: 	at android.support.v4.app.FragmentController.dispatchActivityCreated(FragmentController.java:201)
11-09 13:44:16.602 29525 29525 D StrictMode: 	at android.support.v4.app.FragmentActivity.onStart(FragmentActivity.java:620)
11-09 13:44:16.602 29525 29525 D StrictMode: 	at android.support.v7.app.AppCompatActivity.onStart(AppCompatActivity.java:178)
11-09 13:44:16.602 29525 29525 D StrictMode: 	at android.app.Instrumentation.callActivityOnStart(Instrumentation.java:1334)
11-09 13:44:16.602 29525 29525 D StrictMode: 	at android.app.Activity.performStart(Activity.java:7029)
11-09 13:44:16.602 29525 29525 D StrictMode: 	at android.app.ActivityThread.performLaunchActivity(ActivityThread.java:2741)
11-09 13:44:16.602 29525 29525 D StrictMode: 	at
11-09 13:44:16.602 29525 29525 D StrictMode: StrictMode policy violation; ~duration=51 ms: android.os.StrictMode$StrictModeDiskReadViolation: policy=65599 violation=2
11-09 13:44:16.602 29525 29525 D StrictMode: 	at android.os.StrictMode$AndroidBlockGuardPolicy.onReadFromDisk(StrictMode.java:1440)
11-09 13:44:16.602 29525 29525 D StrictMode: 	at android.app.SharedPreferencesImpl.awaitLoadedLocked(SharedPreferencesImpl.java:234)
11-09 13:44:16.602 29525 29525 D StrictMode: 	at android.app.SharedPreferencesImpl.edit(SharedPreferencesImpl.java:315)
11-09 13:44:16.602 29525 29525 D StrictMode: 	at io.github.zwieback.familyfinance.core.preference.config.InterfacePrefs.<init>(InterfacePrefs.java:28)
11-09 13:44:16.602 29525 29525 D StrictMode: 	at io.github.zwieback.familyfinance.core.preference.config.InterfacePrefs.with(InterfacePrefs.java:32)
11-09 13:44:16.602 29525 29525 D StrictMode: 	at io.github.zwieback.familyfinance.business.preference.custom.interface_.ShowBalanceOnOperationScreensPreference.init(ShowBalanceOnOperationScreensPreference.java:42)
11-09 13:44:16.602 29525 29525 D StrictMode: 	at io.github.zwieback.familyfinance.core.preference.custom.BooleanPreference.<init>(BooleanPreference.java:28)
11-09 13:44:16.602 29525 29525 D StrictMode: 	at io.github.zwieback.familyfinance.business.preference.custom.interface_.ShowBalanceOnOperationScreensPreference.<init>(ShowBalanceOnOperationScreensPreference.java:31)
11-09 13:44:16.602 29525 29525 D StrictMode: 	at java.lang.reflect.Constructor.newInstance0(Native Method)
11-09 13:44:16.602 29525 29525 D StrictMode: 	at java.lang.reflect.Constructor.newInstance(Constructor.java:334)
11-09 13:44:16.602 29525 29525 D StrictMode: 	at android.support.v7.preference.PreferenceInflater.createItem(PreferenceInflater.java:259)
11-09 13:44:16.602 29525 29525 D StrictMode: 	at android.support.v7.preference.PreferenceInflater.createItemFromTag(PreferenceInflater.java:295)
11-09 13:44:16.602 29525 29525 D StrictMode: 	at android.support.v7.preference.PreferenceInflater.rInflate(PreferenceInflater.java:362)
11-09 13:44:16.602 29525 29525 D StrictMode: 	at android.support.v7.preference.PreferenceInflater.rInflate(PreferenceInflater.java:364)
11-09 13:44:16.602 29525 29525 D StrictMode: 	at android.support.v7.preference.PreferenceInflater.inflate(PreferenceInflater.java:170)
11-09 13:44:16.602 29525 29525 D StrictMode: 	at android.support.v7.preference.PreferenceInflater.inflate(PreferenceInflater.java:120)
11-09 13:44:16.602 29525 29525 D StrictMode: 	at android.support.v7.preference.PreferenceManagerFix.inflateFromResource(PreferenceManagerFix.java:47)
11-09 13:44:16.602 29525 29525 D StrictMode: 	at android.support.v7.preference.PreferenceFragmentCompat.setPreferencesFromResource(PreferenceFragmentCompat.java:445)
11-09 13:44:16.602 29525 29525 D StrictMode: 	at io.github.zwieback.familyfinance.business.preference.fragment.SettingsFragment.onCreatePreferencesFix(SettingsFragment.java:26)
11-09 13:44:16.602 29525 29525 D StrictMode: 	at com.takisoft.fix.support.v7.preference.PreferenceFragmentCompat.onCreate(PreferenceFragmentCompat.java:62)
11-09 13:44:16.602 29525 29525 D StrictMode: 	at android.support.v4.app.Fragment.performCreate(Fragment.java:2414)
11-09 13:44:16.602 29525 29525 D StrictMode: 	at android.support.v4.app.FragmentManagerImpl.moveToState(FragmentManager.java:1418)
11-09 13:44:16.602 29525 29525 D StrictMode: 	at android.support.v4.app.FragmentTransition.addToFirstInLastOut(FragmentTransition.java:1195)
11-09 13:44:16.602 29525 29525 D StrictMode: 	at android.support.v4.app.FragmentTransition.calculateFragments(FragmentTransition.java:1078)
11-09 13:44:16.602 29525 29525 D StrictMode: 	at android.support.v4.app.FragmentTransition.startTransitions(FragmentTransition.java:117)
11-09 13:44:16.602 29525 29525 D StrictMode: 	at android.support.v4.app.FragmentManagerImpl.executeOpsTogether(FragmentManager.java:2408)
11-09 13:44:16.602 29525 29525 D StrictMode: 	at android.support.v4.app.FragmentManagerImpl.removeRedundantOperationsAndExecute(FragmentManager.java:2366)
11-09 13:44:16.602 29525 29525 D StrictMode: 	at android.support.v4.app.FragmentManagerImpl.execPendingActions(FragmentManager.java:2273)
11-09 13:44:16.602 29525 29525 D StrictMode: 	at android.support.v4.app.FragmentManagerImpl.dispatchStateChange(FragmentManager.java:3273)
11-09 13:44:16.602 29525 29525 D StrictMode: 	at android.support.v4.app.FragmentManagerImpl.dispatchActivityCreated(FragmentManager.java:3229)
11-09 13:44:16.602 29525 29525 D StrictMode: 	at android.support.v4.app.FragmentController.dispatchActivityCreated(FragmentController.java:201)
11-09 13:44:16.602 29525 29525 D StrictMode: 	at android.support.v4.app.FragmentActivity.onStart(FragmentActivity.java:620)
11-09 13:44:16.602 29525 29525 D StrictMode: 	at android.support.v7.app.AppCompatActivity.onStart(AppCompatActivity.java:178)
11-09 13:44:16.602 29525 29525 D StrictMode: 	at android.app.Instrumentation.callActivityOnStart(Instrumentation.java:1334)
11-09 13:44:16.602 29525 29525 D StrictMode: 	at android.app.Activity.performStart(Activity.java:7029)
11-09 13:44:16.602 29525 29525 D StrictMode: 	at android.app.ActivityThread.performLaunchActivity(ActivityThread.java:2741)
11-09 13:44:16.602 29525 29525 D StrictMode: 	at android.app.ActivityThread.handleLaunchActivity(ActivityThread.java:2856)
11-09 13:44:16.602 29525 29525 D StrictMode: 	at android.app.ActivityThread.-wrap11(Unknown Source:0)
11-09 13:44:16.602 29525 29525 D StrictMode: 	at android.app.ActivityThread$H.handleMessage(ActivityThread.java:1589)
11-09 13:44:16.602 29525 29525 D StrictMode: 	at android.os.Handler.dispatchMessage(Handler.java:106)
11-09 13:44:16.602 29525 29525 D StrictMode: 	at android.os.Looper.loop(Looper.java:164)
11-09 13:44:16.602 29525 29525 D StrictMode: 	at android.app.ActivityThread.main(ActivityThread.java:6494)
11-09 13:44:16.602 29525 29525 D StrictMode: 	at java.lang.reflect.Method.invoke(Native Method)
11-09 13:44:16.602 29525 29525 D StrictMode: 	at com.android.internal.os.RuntimeInit$Met
11-09 13:44:16.602 29525 29525 D StrictMode: StrictMode policy violation; ~duration=46 ms: android.os.StrictMode$StrictModeDiskReadViolation: policy=65599 violation=2
11-09 13:44:16.602 29525 29525 D StrictMode: 	at android.os.StrictMode$AndroidBlockGuardPolicy.onReadFromDisk(StrictMode.java:1440)
11-09 13:44:16.602 29525 29525 D StrictMode: 	at java.io.UnixFileSystem.checkAccess(UnixFileSystem.java:251)
11-09 13:44:16.602 29525 29525 D StrictMode: 	at java.io.File.exists(File.java:807)
11-09 13:44:16.602 29525 29525 D StrictMode: 	at android.app.ContextImpl.ensurePrivateDirExists(ContextImpl.java:572)
11-09 13:44:16.602 29525 29525 D StrictMode: 	at android.app.ContextImpl.ensurePrivateDirExists(ContextImpl.java:563)
11-09 13:44:16.602 29525 29525 D StrictMode: 	at android.app.ContextImpl.getPreferencesDir(ContextImpl.java:519)
11-09 13:44:16.602 29525 29525 D StrictMode: 	at android.app.ContextImpl.getSharedPreferencesPath(ContextImpl.java:714)
11-09 13:44:16.602 29525 29525 D StrictMode: 	at android.app.ContextImpl.getSharedPreferences(ContextImpl.java:368)
11-09 13:44:16.602 29525 29525 D StrictMode: 	at android.content.ContextWrapper.getSharedPreferences(ContextWrapper.java:167)
11-09 13:44:16.602 29525 29525 D StrictMode: 	at io.github.zwieback.familyfinance.core.preference.config.BackupPrefs.<init>(BackupPrefs.java:27)
11-09 13:44:16.602 29525 29525 D StrictMode: 	at io.github.zwieback.familyfinance.core.preference.config.BackupPrefs.with(BackupPrefs.java:32)
11-09 13:44:16.602 29525 29525 D StrictMode: 	at io.github.zwieback.familyfinance.core.preference.custom.ActivityResultPreference.init(ActivityResultPreference.java:51)
11-09 13:44:16.602 29525 29525 D StrictMode: 	at io.github.zwieback.familyfinance.core.preference.custom.EntityActivityResultPreference.init(EntityActivityResultPreference.java:37)
11-09 13:44:16.602 29525 29525 D StrictMode: 	at io.github.zwieback.familyfinance.core.preference.custom.ActivityResultPreference.<init>(ActivityResultPreference.java:40)
11-09 13:44:16.602 29525 29525 D StrictMode: 	at io.github.zwieback.familyfinance.core.preference.custom.EntityActivityResultPreference.<init>(EntityActivityResultPreference.java:28)
11-09 13:44:16.602 29525 29525 D StrictMode: 	at io.github.zwieback.familyfinance.business.preference.custom.database.CurrencyPreference.<init>(CurrencyPreference.java:31)
11-09 13:44:16.602 29525 29525 D StrictMode: 	at java.lang.reflect.Constructor.newInstance0(Native Method)
11-09 13:44:16.602 29525 29525 D StrictMode: 	at java.lang.reflect.Constructor.newInstance(Constructor.java:334)
11-09 13:44:16.602 29525 29525 D StrictMode: 	at android.support.v7.preference.PreferenceInflater.createItem(PreferenceInflater.java:259)
11-09 13:44:16.602 29525 29525 D StrictMode: 	at android.support.v7.preference.PreferenceInflater.createItemFromTag(PreferenceInflater.java:295)
11-09 13:44:16.602 29525 29525 D StrictMode: 	at android.support.v7.preference.PreferenceInflater.rInflate(PreferenceInflater.java:362)
11-09 13:44:16.602 29525 29525 D StrictMode: 	at android.support.v7.preference.PreferenceInflater.rInflate(PreferenceInflater.java:364)
11-09 13:44:16.602 29525 29525 D StrictMode: 	at android.support.v7.preference.PreferenceInflater.inflate(PreferenceInflater.java:170)
11-09 13:44:16.602 29525 29525 D StrictMode: 	at android.support.v7.preference.PreferenceInflater.inflate(PreferenceInflater.java:120)
11-09 13:44:16.602 29525 29525 D StrictMode: 	at android.support.v7.preference.PreferenceManagerFix.inflateFromResource(PreferenceManagerFix.java:47)
11-09 13:44:16.602 29525 29525 D StrictMode: 	at android.support.v7.preference.PreferenceFragmentCompat.setPreferencesFromResource(PreferenceFragmentCompat.java:445)
11-09 13:44:16.602 29525 29525 D StrictMode: 	at io.github.zwieback.familyfinance.business.preference.fragment.SettingsFragment.onCreatePreferencesFix(SettingsFragment.java:26)
11-09 13:44:16.602 29525 29525 D StrictMode: 	at com.takisoft.fix.support.v7.preference.PreferenceFragmentCompat.onCreate(PreferenceFragmentCompat.java:62)
11-09 13:44:16.602 29525 29525 D StrictMode: 	at android.support.v4.app.Fragment.performCreate(Fragment.java:2414)
11-09 13:44:16.602 29525 29525 D StrictMode: 	at android.support.v4.app.FragmentManagerImpl.moveToState(FragmentManager.java:1418)
11-09 13:44:16.602 29525 29525 D StrictMode: 	at android.support.v4.app.FragmentTransition.addToFirstInLastOut(FragmentTransition.java:1195)
11-09 13:44:16.602 29525 29525 D StrictMode: 	at android.support.v4.app.FragmentTransition.calculateFragments(FragmentTransition.java:1078)
11-09 13:44:16.602 29525 29525 D StrictMode: 	at android.support.v4.app.FragmentTransition.startTransitions(FragmentTransition.java:117)
11-09 13:44:16.602 29525 29525 D StrictMode: 	at android.support.v4.app.FragmentManagerImpl.executeOpsTogether(FragmentManager.java:2408)
11-09 13:44:16.602 29525 29525 D StrictMode: 	at android.support.v4.app.FragmentManagerImpl.removeRedundantOperationsAndExecute(FragmentManager.java:2366)
11-09 13:44:16.602 29525 29525 D StrictMode: 	at android.support.v4.app.FragmentManagerImpl.execPendingActions(FragmentManager.java:2273)
11-09 13:44:16.602 29525 29525 D StrictMode: 	at android.support.v4.app.FragmentManagerImpl.dispatchStateChange(FragmentManager.java:3273)
11-09 13:44:16.602 29525 29525 D StrictMode: 	at android.support.v4.app.FragmentManagerImpl.dispatchActivityCreated(FragmentManager.java:3229)
11-09 13:44:16.602 29525 29525 D StrictMode: 	at android.support.v4.app.FragmentController.dispatchActivityCreated(FragmentController.java:201)
11-09 13:44:16.602 29525 29525 D StrictMode: 	at android.support.v4.app.FragmentActivity.onStart(FragmentActivity.java:620)
11-09 13:44:16.602 29525 29525 D StrictMode: 	at android.support.v7.app.AppCompatActivity.onStart(AppCompatActivity.java:178)
11-09 13:44:16.602 29525 29525 D StrictMode: 	at android.app.Instrumentation.callActivityOnStart(Instrumentation.java:1334)
11-09 13:44:16.602 29525 29525 D StrictMode: 	at android.app.Activity.performSt
11-09 13:44:16.602 29525 29525 D StrictMode: StrictMode policy violation; ~duration=45 ms: android.os.StrictMode$StrictModeDiskReadViolation: policy=65599 violation=2
11-09 13:44:16.602 29525 29525 D StrictMode: 	at android.os.StrictMode$AndroidBlockGuardPolicy.onReadFromDisk(StrictMode.java:1440)
11-09 13:44:16.602 29525 29525 D StrictMode: 	at android.app.SharedPreferencesImpl.awaitLoadedLocked(SharedPreferencesImpl.java:234)
11-09 13:44:16.602 29525 29525 D StrictMode: 	at android.app.SharedPreferencesImpl.edit(SharedPreferencesImpl.java:315)
11-09 13:44:16.602 29525 29525 D StrictMode: 	at io.github.zwieback.familyfinance.core.preference.config.BackupPrefs.<init>(BackupPrefs.java:28)
11-09 13:44:16.602 29525 29525 D StrictMode: 	at io.github.zwieback.familyfinance.core.preference.config.BackupPrefs.with(BackupPrefs.java:32)
11-09 13:44:16.602 29525 29525 D StrictMode: 	at io.github.zwieback.familyfinance.core.preference.custom.ActivityResultPreference.init(ActivityResultPreference.java:51)
11-09 13:44:16.602 29525 29525 D StrictMode: 	at io.github.zwieback.familyfinance.core.preference.custom.EntityActivityResultPreference.init(EntityActivityResultPreference.java:37)
11-09 13:44:16.602 29525 29525 D StrictMode: 	at io.github.zwieback.familyfinance.core.preference.custom.ActivityResultPreference.<init>(ActivityResultPreference.java:40)
11-09 13:44:16.602 29525 29525 D StrictMode: 	at io.github.zwieback.familyfinance.core.preference.custom.EntityActivityResultPreference.<init>(EntityActivityResultPreference.java:28)
11-09 13:44:16.602 29525 29525 D StrictMode: 	at io.github.zwieback.familyfinance.business.preference.custom.database.CurrencyPreference.<init>(CurrencyPreference.java:31)
11-09 13:44:16.602 29525 29525 D StrictMode: 	at java.lang.reflect.Constructor.newInstance0(Native Method)
11-09 13:44:16.602 29525 29525 D StrictMode: 	at java.lang.reflect.Constructor.newInstance(Constructor.java:334)
11-09 13:44:16.602 29525 29525 D StrictMode: 	at android.support.v7.preference.PreferenceInflater.createItem(PreferenceInflater.java:259)
11-09 13:44:16.602 29525 29525 D StrictMode: 	at android.support.v7.preference.PreferenceInflater.createItemFromTag(PreferenceInflater.java:295)
11-09 13:44:16.602 29525 29525 D StrictMode: 	at android.support.v7.preference.PreferenceInflater.rInflate(PreferenceInflater.java:362)
11-09 13:44:16.602 29525 29525 D StrictMode: 	at android.support.v7.preference.PreferenceInflater.rInflate(PreferenceInflater.java:364)
11-09 13:44:16.602 29525 29525 D StrictMode: 	at android.support.v7.preference.PreferenceInflater.inflate(PreferenceInflater.java:170)
11-09 13:44:16.602 29525 29525 D StrictMode: 	at android.support.v7.preference.PreferenceInflater.inflate(PreferenceInflater.java:120)
11-09 13:44:16.602 29525 29525 D StrictMode: 	at android.support.v7.preference.PreferenceManagerFix.inflateFromResource(PreferenceManagerFix.java:47)
11-09 13:44:16.602 29525 29525 D StrictMode: 	at android.support.v7.preference.PreferenceFragmentCompat.setPreferencesFromResource(PreferenceFragmentCompat.java:445)
11-09 13:44:16.602 29525 29525 D StrictMode: 	at io.github.zwieback.familyfinance.business.preference.fragment.SettingsFragment.onCreatePreferencesFix(SettingsFragment.java:26)
11-09 13:44:16.602 29525 29525 D StrictMode: 	at com.takisoft.fix.support.v7.preference.PreferenceFragmentCompat.onCreate(PreferenceFragmentCompat.java:62)
11-09 13:44:16.602 29525 29525 D StrictMode: 	at android.support.v4.app.Fragment.performCreate(Fragment.java:2414)
11-09 13:44:16.602 29525 29525 D StrictMode: 	at android.support.v4.app.FragmentManagerImpl.moveToState(FragmentManager.java:1418)
11-09 13:44:16.602 29525 29525 D StrictMode: 	at android.support.v4.app.FragmentTransition.addToFirstInLastOut(FragmentTransition.java:1195)
11-09 13:44:16.602 29525 29525 D StrictMode: 	at android.support.v4.app.FragmentTransition.calculateFragments(FragmentTransition.java:1078)
11-09 13:44:16.602 29525 29525 D StrictMode: 	at android.support.v4.app.FragmentTransition.startTransitions(FragmentTransition.java:117)
11-09 13:44:16.602 29525 29525 D StrictMode: 	at android.support.v4.app.FragmentManagerImpl.executeOpsTogether(FragmentManager.java:2408)
11-09 13:44:16.602 29525 29525 D StrictMode: 	at android.support.v4.app.FragmentManagerImpl.removeRedundantOperationsAndExecute(FragmentManager.java:2366)
11-09 13:44:16.602 29525 29525 D StrictMode: 	at android.support.v4.app.FragmentManagerImpl.execPendingActions(FragmentManager.java:2273)
11-09 13:44:16.602 29525 29525 D StrictMode: 	at android.support.v4.app.FragmentManagerImpl.dispatchStateChange(FragmentManager.java:3273)
11-09 13:44:16.602 29525 29525 D StrictMode: 	at android.support.v4.app.FragmentManagerImpl.dispatchActivityCreated(FragmentManager.java:3229)
11-09 13:44:16.602 29525 29525 D StrictMode: 	at android.support.v4.app.FragmentController.dispatchActivityCreated(FragmentController.java:201)
11-09 13:44:16.602 29525 29525 D StrictMode: 	at android.support.v4.app.FragmentActivity.onStart(FragmentActivity.java:620)
11-09 13:44:16.602 29525 29525 D StrictMode: 	at android.support.v7.app.AppCompatActivity.onStart(AppCompatActivity.java:178)
11-09 13:44:16.602 29525 29525 D StrictMode: 	at android.app.Instrumentation.callActivityOnStart(Instrumentation.java:1334)
11-09 13:44:16.602 29525 29525 D StrictMode: 	at android.app.Activity.performStart(Activity.java:7029)
11-09 13:44:16.602 29525 29525 D StrictMode: 	at android.app.ActivityThread.performLaunchActivity(ActivityThread.java:2741)
11-09 13:44:16.602 29525 29525 D StrictMode: 	at android.app.ActivityThread.handleLaunchActivity(ActivityThread.java:2856)
11-09 13:44:16.602 29525 29525 D StrictMode: 	at android.app.ActivityThread.-wrap11(Unknown Source:0)
11-09 13:44:16.602 29525 29525 D StrictMode: 	at android.app.ActivityThread$H.handleMessage(ActivityThread.java:1589)
11-09 13:44:16.602 29525 29525 D StrictMode: 	at android.os.Handler.dispatchMessage(Handler.java:106)
11-09 13:44:16.602 29525 29525 D StrictMode: 	at android.o
11-09 13:44:16.626  1439  5111 D gralloc_ranchu: gralloc_alloc: Creating ashmem region of size 8298496
11-09 13:44:16.631  1450  1726 D         : HostConnection::get() New Host Connection established 0xe80a1540, tid 1726
11-09 13:44:16.632  1439  5111 D gralloc_ranchu: gralloc_alloc: Creating ashmem region of size 8298496
11-09 13:44:16.637  1439  5111 D gralloc_ranchu: gralloc_alloc: Creating ashmem region of size 8298496
11-09 13:44:16.721 29525 29545 D EGL_emulation: eglMakeCurrent: 0xec1852a0: ver 3 0 (tinfo 0xec183300)
11-09 13:44:16.747 29525 29545 D EGL_emulation: eglMakeCurrent: 0xec1852a0: ver 3 0 (tinfo 0xec183300)
11-09 13:44:16.759  1649  1671 I ActivityManager: Displayed io.github.zwieback.familyfinance.debug/io.github.zwieback.familyfinance.business.preference.activity.SettingsActivity: +325ms
11-09 13:44:16.766 29525 29545 D EGL_emulation: eglMakeCurrent: 0xec1852a0: ver 3 0 (tinfo 0xec183300)
11-09 13:44:16.775 29525 29545 I chatty  : uid=10261(io.github.zwieback.familyfinance.debug) RenderThread identical 1 line
11-09 13:44:16.784 29525 29545 D EGL_emulation: eglMakeCurrent: 0xec1852a0: ver 3 0 (tinfo 0xec183300)
11-09 13:44:16.790 29525 29545 D OpenGLRenderer: endAllActiveAnimators on 0xd689f600 (StateListDrawable) with handle 0xec183910
11-09 13:44:17.001  1440  1484 D gralloc_ranchu: gralloc_unregister_buffer: exiting HostConnection (is buffer-handling thread)
11-09 13:44:17.003  1440  1484 D         : HostConnection::get() New Host Connection established 0xf1a23a40, tid 1484
11-09 13:44:17.003  1440  1484 D gralloc_ranchu: gralloc_unregister_buffer: exiting HostConnection (is buffer-handling thread)
11-09 13:44:17.004  1440  1484 D         : HostConnection::get() New Host Connection established 0xf1a23a40, tid 1484
11-09 13:44:17.004  1440  1484 D gralloc_ranchu: gralloc_unregister_buffer: exiting HostConnection (is buffer-handling thread)
11-09 13:44:17.004  1440  1484 D         : HostConnection::get() New Host Connection established 0xf1a23a40, tid 1484
11-09 13:44:17.005  1440  1484 D gralloc_ranchu: gralloc_unregister_buffer: exiting HostConnection (is buffer-handling thread)
11-09 13:44:17.005  1440  1484 D         : HostConnection::get() New Host Connection established 0xf1a23a40, tid 1484
11-09 13:44:17.005  1440  1484 D gralloc_ranchu: gralloc_unregister_buffer: exiting HostConnection (is buffer-handling thread)
11-09 13:44:17.006  1440  1484 D         : HostConnection::get() New Host Connection established 0xf1a23a40, tid 1484
11-09 13:44:17.006  1440  1484 D gralloc_ranchu: gralloc_unregister_buffer: exiting HostConnection (is buffer-handling thread)
11-09 13:44:17.010  1440  1484 D         : HostConnection::get() New Host Connection established 0xf1a23a40, tid 1484
11-09 13:44:17.034  1649  1667 I WifiService: requestActivityInfo uid=1000
11-09 13:44:17.034  1649  1667 I WifiService: reportActivityInfo uid=1000
11-09 13:44:17.034  1649  1667 I WifiService: getSupportedFeatures uid=1000
11-09 13:44:17.144  1450  1450 W SurfaceFlinger: couldn't log to binary event log: overflow.
11-09 13:44:18.227 29525 29545 D EGL_emulation: eglMakeCurrent: 0xec1852a0: ver 3 0 (tinfo 0xec183300)
11-09 13:44:19.701  1431  1431 W audio_hw_generic: Not supplying enough data to HAL, expected position 15954135 , only wrote 15801840
11-09 13:44:21.208  1751  1751 W LstmExtension: no lmDescriptor could be found for en_US/20170411
11-09 13:44:21.209  1751  1751 W LstmExtension: no lmDescriptor could be found for en_US/20170411
11-09 13:44:21.387 30387 30387 D AndroidRuntime: >>>>>> START com.android.internal.os.RuntimeInit uid 2000 <<<<<<
11-09 13:44:21.430 30387 30387 W app_process: Unexpected CPU variant for X86 using defaults: x86
11-09 13:44:21.431 30387 30387 I app_process: The ClassLoaderContext is a special shared library.
11-09 13:44:21.431 30387 30387 I app_process: The ClassLoaderContext is a special shared library.
11-09 13:44:21.446 30387 30387 D AndroidRuntime: Calling main entry com.android.commands.uiautomator.Launcher
11-09 13:44:22.470 30387 30387 I AccessibilityNodeInfoDumper: Skipping invisible child: android.view.accessibility.AccessibilityNodeInfo@259e0; boundsInParent: Rect(0, 0 - 0, 147); boundsInScreen: Rect(1080, 63 - 1080, 210); packageName: io.github.zwieback.familyfinance.debug; className: android.support.v7.widget.LinearLayoutCompat; text: null; error: null; maxTextLength: -1; contentDescription: null; viewIdResName: null; checkable: false; checked: false; focusable: false; focused: false; selected: false; clickable: false; longClickable: false; contextClickable: false; enabled: true; password: false; scrollable: false; importantForAccessibility: false; actions: [AccessibilityAction: ACTION_SELECT - null, AccessibilityAction: ACTION_CLEAR_SELECTION - null, AccessibilityAction: ACTION_ACCESSIBILITY_FOCUS - null, AccessibilityAction: ACTION_SHOW_ON_SCREEN - null]
11-09 13:44:22.472 30387 30387 W AccessibilityNodeInfoDumper: Fetch time: 5ms
11-09 13:44:22.473  1649  2289 W WindowManager: removeWindowToken: Attempted to remove non-existing token: android.os.Binder@b465972
11-09 13:44:22.480 30387 30387 D AndroidRuntime: Shutting down VM
11-09 13:44:23.363 30415 30415 D AndroidRuntime: >>>>>> START com.android.internal.os.RuntimeInit uid 2000 <<<<<<
11-09 13:44:23.407 30415 30415 W app_process: Unexpected CPU variant for X86 using defaults: x86
11-09 13:44:23.409 30415 30415 I app_process: The ClassLoaderContext is a special shared library.
11-09 13:44:23.409 30415 30415 I app_process: The ClassLoaderContext is a special shared library.
11-09 13:44:23.427 30415 30415 D AndroidRuntime: Calling main entry com.android.commands.uiautomator.Launcher
11-09 13:44:24.449 30415 30415 I AccessibilityNodeInfoDumper: Skipping invisible child: android.view.accessibility.AccessibilityNodeInfo@259f0; boundsInParent: Rect(0, 0 - 0, 147); boundsInScreen: Rect(1080, 63 - 1080, 210); packageName: io.github.zwieback.familyfinance.debug; className: android.support.v7.widget.LinearLayoutCompat; text: null; error: null; maxTextLength: -1; contentDescription: null; viewIdResName: null; checkable: false; checked: false; focusable: false; focused: false; selected: false; clickable: false; longClickable: false; contextClickable: false; enabled: true; password: false; scrollable: false; importantForAccessibility: false; actions: [AccessibilityAction: ACTION_SELECT - null, AccessibilityAction: ACTION_CLEAR_SELECTION - null, AccessibilityAction: ACTION_ACCESSIBILITY_FOCUS - null, AccessibilityAction: ACTION_SHOW_ON_SCREEN - null]
11-09 13:44:24.452 30415 30415 W AccessibilityNodeInfoDumper: Fetch time: 5ms
11-09 13:44:24.453  1649  7068 W WindowManager: removeWindowToken: Attempted to remove non-existing token: android.os.Binder@3a95a40
11-09 13:44:24.460 30415 30415 D AndroidRuntime: Shutting down VM
11-09 13:44:24.741 30432 30432 D AndroidRuntime: >>>>>> START com.android.internal.os.RuntimeInit uid 2000 <<<<<<
11-09 13:44:24.777 30432 30432 W app_process: Unexpected CPU variant for X86 using defaults: x86
11-09 13:44:24.779 30432 30432 I app_process: The ClassLoaderContext is a special shared library.
11-09 13:44:24.779 30432 30432 I app_process: The ClassLoaderContext is a special shared library.
11-09 13:44:24.795 30432 30432 D AndroidRuntime: Calling main entry com.android.commands.uiautomator.Launcher
11-09 13:44:25.817 30432 30432 I AccessibilityNodeInfoDumper: Skipping invisible child: android.view.accessibility.AccessibilityNodeInfo@259f5; boundsInParent: Rect(0, 0 - 0, 147); boundsInScreen: Rect(1080, 63 - 1080, 210); packageName: io.github.zwieback.familyfinance.debug; className: android.support.v7.widget.LinearLayoutCompat; text: null; error: null; maxTextLength: -1; contentDescription: null; viewIdResName: null; checkable: false; checked: false; focusable: false; focused: false; selected: false; clickable: false; longClickable: false; contextClickable: false; enabled: true; password: false; scrollable: false; importantForAccessibility: false; actions: [AccessibilityAction: ACTION_SELECT - null, AccessibilityAction: ACTION_CLEAR_SELECTION - null, AccessibilityAction: ACTION_ACCESSIBILITY_FOCUS - null, AccessibilityAction: ACTION_SHOW_ON_SCREEN - null]
11-09 13:44:25.819 30432 30432 W AccessibilityNodeInfoDumper: Fetch time: 5ms
11-09 13:44:25.820  1649  2575 W WindowManager: removeWindowToken: Attempted to remove non-existing token: android.os.Binder@11c9abe
11-09 13:44:25.825 30432 30432 D AndroidRuntime: Shutting down VM
11-09 13:44:26.687 30461 30461 D AndroidRuntime: >>>>>> START com.android.internal.os.RuntimeInit uid 2000 <<<<<<
11-09 13:44:26.690 30461 30461 W app_process: Could not reserve sentinel fault page
11-09 13:44:26.724 30461 30461 W app_process: Unexpected CPU variant for X86 using defaults: x86
11-09 13:44:26.728 30461 30461 I app_process: The ClassLoaderContext is a special shared library.
11-09 13:44:26.729 30461 30461 I app_process: The ClassLoaderContext is a special shared library.
11-09 13:44:26.744 30461 30461 D AndroidRuntime: Calling main entry com.android.commands.uiautomator.Launcher
11-09 13:44:27.767 30461 30461 I AccessibilityNodeInfoDumper: Skipping invisible child: android.view.accessibility.AccessibilityNodeInfo@25a02; boundsInParent: Rect(0, 0 - 0, 147); boundsInScreen: Rect(1080, 63 - 1080, 210); packageName: io.github.zwieback.familyfinance.debug; className: android.support.v7.widget.LinearLayoutCompat; text: null; error: null; maxTextLength: -1; contentDescription: null; viewIdResName: null; checkable: false; checked: false; focusable: false; focused: false; selected: false; clickable: false; longClickable: false; contextClickable: false; enabled: true; password: false; scrollable: false; importantForAccessibility: false; actions: [AccessibilityAction: ACTION_SELECT - null, AccessibilityAction: ACTION_CLEAR_SELECTION - null, AccessibilityAction: ACTION_ACCESSIBILITY_FOCUS - null, AccessibilityAction: ACTION_SHOW_ON_SCREEN - null]
11-09 13:44:27.769 30461 30461 W AccessibilityNodeInfoDumper: Fetch time: 5ms
11-09 13:44:27.770  1649  1902 W WindowManager: removeWindowToken: Attempted to remove non-existing token: android.os.Binder@4d03158
11-09 13:44:27.777 30461 30461 D AndroidRuntime: Shutting down VM
11-09 13:44:28.689 30495 30495 D AndroidRuntime: >>>>>> START com.android.internal.os.RuntimeInit uid 2000 <<<<<<
11-09 13:44:28.721 30495 30495 W app_process: Unexpected CPU variant for X86 using defaults: x86
11-09 13:44:28.723 30495 30495 I app_process: The ClassLoaderContext is a special shared library.
11-09 13:44:28.724 30495 30495 I app_process: The ClassLoaderContext is a special shared library.
11-09 13:44:28.735 30495 30495 D AndroidRuntime: Calling main entry com.android.commands.uiautomator.Launcher
11-09 13:44:29.757 30495 30495 I AccessibilityNodeInfoDumper: Skipping invisible child: android.view.accessibility.AccessibilityNodeInfo@25a10; boundsInParent: Rect(0, 0 - 0, 147); boundsInScreen: Rect(1080, 63 - 1080, 210); packageName: io.github.zwieback.familyfinance.debug; className: android.support.v7.widget.LinearLayoutCompat; text: null; error: null; maxTextLength: -1; contentDescription: null; viewIdResName: null; checkable: false; checked: false; focusable: false; focused: false; selected: false; clickable: false; longClickable: false; contextClickable: false; enabled: true; password: false; scrollable: false; importantForAccessibility: false; actions: [AccessibilityAction: ACTION_SELECT - null, AccessibilityAction: ACTION_CLEAR_SELECTION - null, AccessibilityAction: ACTION_ACCESSIBILITY_FOCUS - null, AccessibilityAction: ACTION_SHOW_ON_SCREEN - null]
11-09 13:44:29.759 30495 30495 W AccessibilityNodeInfoDumper: Fetch time: 6ms
11-09 13:44:29.760  1649  1902 W WindowManager: removeWindowToken: Attempted to remove non-existing token: android.os.Binder@49f4396
11-09 13:44:29.766 30495 30495 D AndroidRuntime: Shutting down VM
11-09 13:44:30.025  1450  1470 E SurfaceFlinger: ro.sf.lcd_density must be defined as a build property
11-09 13:44:30.034  1439  5111 D gralloc_ranchu: gralloc_alloc: Creating ashmem region of size 8298496
11-09 13:44:30.038 30511 30511 D         : HostConnection::get() New Host Connection established 0xe66c8240, tid 30511
11-09 13:44:30.049  1450  1470 D         : HostConnection::get() New Host Connection established 0xe80a1640, tid 1470
11-09 13:44:30.053  1450  1470 D gralloc_ranchu: gralloc_unregister_buffer: exiting HostConnection (is buffer-handling thread)
11-09 13:44:30.053  1450  1470 D         : HostConnection::get() New Host Connection established 0xe80a1640, tid 1470
11-09 13:44:30.053  1450  1470 D gralloc_ranchu: gralloc_unregister_buffer: exiting HostConnection (is buffer-handling thread)
11-09 13:44:30.177  4290  4290 D MediaScannerReceiver: action: android.intent.action.MEDIA_SCANNER_SCAN_FILE path: /storage/emulated/0/screen.png
11-09 13:44:32.522 30523 30523 D AndroidRuntime: >>>>>> START com.android.internal.os.RuntimeInit uid 2000 <<<<<<
11-09 13:44:32.555 30523 30523 W app_process: Unexpected CPU variant for X86 using defaults: x86
11-09 13:44:32.556 30523 30523 I app_process: The ClassLoaderContext is a special shared library.
11-09 13:44:32.557 30523 30523 I app_process: The ClassLoaderContext is a special shared library.
11-09 13:44:32.568 30523 30523 D AndroidRuntime: Calling main entry com.android.commands.uiautomator.Launcher
11-09 13:44:33.592 30523 30523 I AccessibilityNodeInfoDumper: Skipping invisible child: android.view.accessibility.AccessibilityNodeInfo@25a20; boundsInParent: Rect(0, 0 - 0, 147); boundsInScreen: Rect(1080, 63 - 1080, 210); packageName: io.github.zwieback.familyfinance.debug; className: android.support.v7.widget.LinearLayoutCompat; text: null; error: null; maxTextLength: -1; contentDescription: null; viewIdResName: null; checkable: false; checked: false; focusable: false; focused: false; selected: false; clickable: false; longClickable: false; contextClickable: false; enabled: true; password: false; scrollable: false; importantForAccessibility: false; actions: [AccessibilityAction: ACTION_SELECT - null, AccessibilityAction: ACTION_CLEAR_SELECTION - null, AccessibilityAction: ACTION_ACCESSIBILITY_FOCUS - null, AccessibilityAction: ACTION_SHOW_ON_SCREEN - null]
11-09 13:44:33.596 30523 30523 W AccessibilityNodeInfoDumper: Fetch time: 5ms
11-09 13:44:33.596  1649  4762 W WindowManager: removeWindowToken: Attempted to remove non-existing token: android.os.Binder@1040322
11-09 13:44:33.602 30523 30523 D AndroidRuntime: Shutting down VM
11-09 13:44:35.992 30541 30541 D AndroidRuntime: >>>>>> START com.android.internal.os.RuntimeInit uid 2000 <<<<<<
11-09 13:44:36.082 30541 30541 W app_process: Unexpected CPU variant for X86 using defaults: x86
11-09 13:44:36.086 30541 30541 I app_process: The ClassLoaderContext is a special shared library.
11-09 13:44:36.086 30541 30541 I app_process: The ClassLoaderContext is a special shared library.
11-09 13:44:36.106 30541 30541 D AndroidRuntime: Calling main entry com.android.commands.uiautomator.Launcher
11-09 13:44:37.144 30541 30541 I AccessibilityNodeInfoDumper: Skipping invisible child: android.view.accessibility.AccessibilityNodeInfo@25a29; boundsInParent: Rect(0, 0 - 0, 147); boundsInScreen: Rect(1080, 63 - 1080, 210); packageName: io.github.zwieback.familyfinance.debug; className: android.support.v7.widget.LinearLayoutCompat; text: null; error: null; maxTextLength: -1; contentDescription: null; viewIdResName: null; checkable: false; checked: false; focusable: false; focused: false; selected: false; clickable: false; longClickable: false; contextClickable: false; enabled: true; password: false; scrollable: false; importantForAccessibility: false; actions: [AccessibilityAction: ACTION_SELECT - null, AccessibilityAction: ACTION_CLEAR_SELECTION - null, AccessibilityAction: ACTION_ACCESSIBILITY_FOCUS - null, AccessibilityAction: ACTION_SHOW_ON_SCREEN - null]
11-09 13:44:37.147 30541 30541 W AccessibilityNodeInfoDumper: Fetch time: 7ms
11-09 13:44:37.147  1649  4531 W WindowManager: removeWindowToken: Attempted to remove non-existing token: android.os.Binder@7e7d370
11-09 13:44:37.157 30541 30541 D AndroidRuntime: Shutting down VM
11-09 13:44:37.407 30559 30559 D AndroidRuntime: >>>>>> START com.android.internal.os.RuntimeInit uid 2000 <<<<<<
11-09 13:44:37.446 30559 30559 W app_process: Unexpected CPU variant for X86 using defaults: x86
11-09 13:44:37.448 30559 30559 I app_process: The ClassLoaderContext is a special shared library.
11-09 13:44:37.448 30559 30559 I app_process: The ClassLoaderContext is a special shared library.
11-09 13:44:37.462 30559 30559 D AndroidRuntime: Calling main entry com.android.commands.uiautomator.Launcher
11-09 13:44:38.482 30559 30559 I AccessibilityNodeInfoDumper: Skipping invisible child: android.view.accessibility.AccessibilityNodeInfo@25a37; boundsInParent: Rect(0, 0 - 0, 147); boundsInScreen: Rect(1080, 63 - 1080, 210); packageName: io.github.zwieback.familyfinance.debug; className: android.support.v7.widget.LinearLayoutCompat; text: null; error: null; maxTextLength: -1; contentDescription: null; viewIdResName: null; checkable: false; checked: false; focusable: false; focused: false; selected: false; clickable: false; longClickable: false; contextClickable: false; enabled: true; password: false; scrollable: false; importantForAccessibility: false; actions: [AccessibilityAction: ACTION_SELECT - null, AccessibilityAction: ACTION_CLEAR_SELECTION - null, AccessibilityAction: ACTION_ACCESSIBILITY_FOCUS - null, AccessibilityAction: ACTION_SHOW_ON_SCREEN - null]
11-09 13:44:38.486 30559 30559 W AccessibilityNodeInfoDumper: Fetch time: 7ms
11-09 13:44:38.487  1649  1902 W WindowManager: removeWindowToken: Attempted to remove non-existing token: android.os.Binder@4032f6e
11-09 13:44:38.495 30559 30559 D AndroidRuntime: Shutting down VM
11-09 13:44:38.744 30576 30576 D AndroidRuntime: >>>>>> START com.android.internal.os.RuntimeInit uid 2000 <<<<<<
11-09 13:44:38.782 30576 30576 W app_process: Unexpected CPU variant for X86 using defaults: x86
11-09 13:44:38.784 30576 30576 I app_process: The ClassLoaderContext is a special shared library.
11-09 13:44:38.784 30576 30576 I app_process: The ClassLoaderContext is a special shared library.
11-09 13:44:38.800 30576 30576 D AndroidRuntime: Calling main entry com.android.commands.uiautomator.Launcher
11-09 13:44:39.828 30576 30576 I AccessibilityNodeInfoDumper: Skipping invisible child: android.view.accessibility.AccessibilityNodeInfo@25a47; boundsInParent: Rect(0, 0 - 0, 147); boundsInScreen: Rect(1080, 63 - 1080, 210); packageName: io.github.zwieback.familyfinance.debug; className: android.support.v7.widget.LinearLayoutCompat; text: null; error: null; maxTextLength: -1; contentDescription: null; viewIdResName: null; checkable: false; checked: false; focusable: false; focused: false; selected: false; clickable: false; longClickable: false; contextClickable: false; enabled: true; password: false; scrollable: false; importantForAccessibility: false; actions: [AccessibilityAction: ACTION_SELECT - null, AccessibilityAction: ACTION_CLEAR_SELECTION - null, AccessibilityAction: ACTION_ACCESSIBILITY_FOCUS - null, AccessibilityAction: ACTION_SHOW_ON_SCREEN - null]
11-09 13:44:39.832 30576 30576 W AccessibilityNodeInfoDumper: Fetch time: 5ms
11-09 13:44:39.832  1649 12936 W WindowManager: removeWindowToken: Attempted to remove non-existing token: android.os.Binder@34eb69c
11-09 13:44:39.838 30576 30576 D AndroidRuntime: Shutting down VM
11-09 13:44:40.113 30596 30596 D AndroidRuntime: >>>>>> START com.android.internal.os.RuntimeInit uid 2000 <<<<<<
11-09 13:44:40.151 30596 30596 W app_process: Unexpected CPU variant for X86 using defaults: x86
11-09 13:44:40.152 30596 30596 I app_process: The ClassLoaderContext is a special shared library.
11-09 13:44:40.153 30596 30596 I app_process: The ClassLoaderContext is a special shared library.
11-09 13:44:40.168 30596 30596 D AndroidRuntime: Calling main entry com.android.commands.uiautomator.Launcher
11-09 13:44:40.373  4956  5227 W native  : jpeg_io.cc:108 File's first two bytes does not match the sequence 216
11-09 13:44:41.191 30596 30596 I AccessibilityNodeInfoDumper: Skipping invisible child: android.view.accessibility.AccessibilityNodeInfo@25a51; boundsInParent: Rect(0, 0 - 0, 147); boundsInScreen: Rect(1080, 63 - 1080, 210); packageName: io.github.zwieback.familyfinance.debug; className: android.support.v7.widget.LinearLayoutCompat; text: null; error: null; maxTextLength: -1; contentDescription: null; viewIdResName: null; checkable: false; checked: false; focusable: false; focused: false; selected: false; clickable: false; longClickable: false; contextClickable: false; enabled: true; password: false; scrollable: false; importantForAccessibility: false; actions: [AccessibilityAction: ACTION_SELECT - null, AccessibilityAction: ACTION_CLEAR_SELECTION - null, AccessibilityAction: ACTION_ACCESSIBILITY_FOCUS - null, AccessibilityAction: ACTION_SHOW_ON_SCREEN - null]
11-09 13:44:41.194 30596 30596 W AccessibilityNodeInfoDumper: Fetch time: 6ms
11-09 13:44:41.195  1649  2289 W WindowManager: removeWindowToken: Attempted to remove non-existing token: android.os.Binder@fb6d47a
11-09 13:44:41.201 30596 30596 D AndroidRuntime: Shutting down VM
11-09 13:44:41.388 30609 30609 D AndroidRuntime: >>>>>> START com.android.internal.os.RuntimeInit uid 2000 <<<<<<
11-09 13:44:41.426 30609 30609 W app_process: Unexpected CPU variant for X86 using defaults: x86
11-09 13:44:41.427 30609 30609 I app_process: The ClassLoaderContext is a special shared library.
11-09 13:44:41.442 30609 30609 D AndroidRuntime: Calling main entry com.android.commands.input.Input
11-09 13:44:41.444 30609 30609 I Input   : injectMotionEvent: MotionEvent { action=ACTION_DOWN, actionButton=0, id[0]=0, x[0]=73.0, y[0]=136.0, toolType[0]=TOOL_TYPE_UNKNOWN, buttonState=0, metaState=0, flags=0x0, edgeFlags=0x0, pointerCount=1, historySize=0, eventTime=33706120, downTime=33706120, deviceId=0, source=0x1002 }
11-09 13:44:41.447 30609 30609 I Input   : injectMotionEvent: MotionEvent { action=ACTION_UP, actionButton=0, id[0]=0, x[0]=73.0, y[0]=136.0, toolType[0]=TOOL_TYPE_UNKNOWN, buttonState=0, metaState=0, flags=0x0, edgeFlags=0x0, pointerCount=1, historySize=0, eventTime=33706120, downTime=33706120, deviceId=0, source=0x1002 }
11-09 13:44:41.451 30609 30609 D AndroidRuntime: Shutting down VM
11-09 13:44:41.473  1431  8375 W audio_hw_generic: Not supplying enough data to HAL, expected position 15802113 , only wrote 15801840
11-09 13:44:41.543  1431  8375 W audio_hw_generic: Not supplying enough data to HAL, expected position 15805262 , only wrote 15804720
11-09 13:44:41.544  1431  8375 W audio_hw_generic: Not supplying enough data to HAL, expected position 15804764 , only wrote 15804720
11-09 13:44:41.573  1439  5111 D gralloc_ranchu: gralloc_alloc: Creating ashmem region of size 8298496
11-09 13:44:41.580  1450  1470 D         : HostConnection::get() New Host Connection established 0xe80a1780, tid 1470
11-09 13:44:41.580  1439  5111 D gralloc_ranchu: gralloc_alloc: Creating ashmem region of size 8298496
11-09 13:44:41.587  1439  1480 D gralloc_ranchu: gralloc_alloc: Creating ashmem region of size 8298496
11-09 13:44:41.588  1521  1579 D AudioFlinger: mixer(0xe56839c0) throttle end: throttle time(10)
11-09 13:44:41.628 29525 29545 D EGL_emulation: eglMakeCurrent: 0xec1852a0: ver 3 0 (tinfo 0xec183300)
11-09 13:44:41.720 29525 29545 I chatty  : uid=10261(io.github.zwieback.familyfinance.debug) RenderThread identical 3 lines
11-09 13:44:41.730 29525 29545 D EGL_emulation: eglMakeCurrent: 0xec1852a0: ver 3 0 (tinfo 0xec183300)
11-09 13:44:41.733 29525 29545 D OpenGLRenderer: endAllActiveAnimators on 0xd3f89300 (RippleDrawable) with handle 0xd7a780e0
11-09 13:44:41.745 29525 29545 D EGL_emulation: eglMakeCurrent: 0xec1852a0: ver 3 0 (tinfo 0xec183300)
11-09 13:44:41.951  1440  1484 D gralloc_ranchu: gralloc_unregister_buffer: exiting HostConnection (is buffer-handling thread)
11-09 13:44:41.952  1440  1484 D         : HostConnection::get() New Host Connection established 0xf1a23a40, tid 1484
11-09 13:44:41.952  1440  1484 D gralloc_ranchu: gralloc_unregister_buffer: exiting HostConnection (is buffer-handling thread)
11-09 13:44:41.952  1440  1484 D         : HostConnection::get() New Host Connection established 0xf1a23a40, tid 1484
