--------- beginning of main
06-27 00:14:13.094  2732  3086 I aopq    : Scheduling Phenotype for a PhenotypeSyncImmediately(6, org.chromium.net.cronet) one off with window [1, 2] in seconds [CONTEXT service_id=51 ]
06-27 00:14:13.119  2747  3350 E PhenotypeRegOp: Attempting to overwrite config package for com.google.android.gms.car [CONTEXT service_id=231 ]
06-27 00:14:13.130  2747  3350 E PhenotypeRegOp: Attempting to overwrite config package for com.google.android.gms.games [CONTEXT service_id=231 ]
06-27 00:14:13.131  2747  3350 E PhenotypeRegOp: Attempting to overwrite config package for com.google.android.gms.mobile_data_plan [CONTEXT service_id=231 ]
06-27 00:14:13.131  2747  3350 E PhenotypeRegOp: Attempting to overwrite config package for com.google.android.gms.signin [CONTEXT service_id=231 ]
06-27 00:14:13.131  2747  3350 E PhenotypeRegOp: Attempting to overwrite config package for com.google.android.gms.udc [CONTEXT service_id=231 ]
06-27 00:14:13.148  1932  1943 I AccountManagerService: getTypesVisibleToCaller: isPermitted? true
06-27 00:14:13.197  2747  2907 I Icing   : Usage reports ok 1, Failed Usage reports 0, indexed 0, rejected 0
06-27 00:14:13.213  2747  2907 W Icing   : No valid account for uploading user actions
06-27 00:14:13.223  2747  2907 I Icing   : Usage reports ok 0, Failed Usage reports 0, indexed 0, rejected 0
06-27 00:14:13.231  2747  2907 I Icing   : updateResources: need to parse acek{com.google.android.gms}
06-27 00:14:13.269  2747  2907 W Icing   : No valid account for uploading user actions
06-27 00:14:13.275  2747  2907 I Icing   : Usage reports ok 0, Failed Usage reports 0, indexed 0, rejected 0
06-27 00:14:13.280  2747  2907 W Icing   : No valid account for uploading user actions
06-27 00:14:13.294  2747  2907 I Icing   : Usage reports ok 0, Failed Usage reports 0, indexed 0, rejected 0
06-27 00:14:13.320  2747  2907 W Icing   : No valid account for uploading user actions
06-27 00:14:13.327  2747  2907 I Icing   : Usage reports ok 0, Failed Usage reports 0, indexed 0, rejected 0
06-27 00:14:13.331  2747  2907 W Icing   : No valid account for uploading user actions
06-27 00:14:13.338  2747  2907 I Icing   : Usage reports ok 0, Failed Usage reports 0, indexed 0, rejected 0
06-27 00:14:13.342  2747  2907 I Icing   : updateResources: need to parse acek{com.google.android.gm}
06-27 00:14:13.408  2747  2907 I Icing   : updateResources: need to parse acek{com.google.android.gms}
06-27 00:14:13.436  3847  3847 D AndroidRuntime: >>>>>> START com.android.internal.os.RuntimeInit uid 0 <<<<<<
06-27 00:14:13.437  3847  3847 D AndroidRuntime: CheckJNI is ON
--------- beginning of system
06-27 00:14:13.439  1932  1946 I ActivityManager: Waited long enough for: ServiceRecord{c50013b u0 com.android.providers.media/.MediaScannerService}
06-27 00:14:13.446  3847  3847 D ICU     : No timezone override file found: /data/misc/zoneinfo/current/icu/icu_tzdata.dat
06-27 00:14:13.461  3847  3847 E memtrack: Couldn't load memtrack module (No such file or directory)
06-27 00:14:13.462  3847  3847 E android.os.Debug: failed to load memtrack module: -2
06-27 00:14:13.463  3847  3847 I Radio-JNI: register_android_hardware_Radio DONE
06-27 00:14:13.470  3847  3847 D AndroidRuntime: Calling main entry com.android.commands.pm.Pm
06-27 00:14:13.480  1932  2166 I PackageManager: Package doesn't exist in get block uninstall io.github.zwieback.familyfinance.debug
06-27 00:14:13.482  1932  1956 W PackageManager: Package named 'io.github.zwieback.familyfinance.debug' doesn't exist.
06-27 00:14:13.482  1932  1956 I art     : Starting a blocking GC Explicit
06-27 00:14:13.497  1932  1956 I art     : Explicit concurrent mark sweep GC freed 47791(3MB) AllocSpace objects, 6(124KB) LOS objects, 32% free, 8MB/12MB, paused 670us total 14.715ms
06-27 00:14:13.506  3847  3847 E Pm      : Failure details: Bundle[{android.content.pm.extra.STATUS=1, android.content.pm.extra.PACKAGE_NAME=io.github.zwieback.familyfinance.debug, android.content.pm.extra.LEGACY_STATUS=-1, android.content.pm.extra.STATUS_MESSAGE=DELETE_FAILED_INTERNAL_ERROR}]
06-27 00:14:13.507  3847  3847 I art     : System.exit called, status: 1
06-27 00:14:13.507  3847  3847 I AndroidRuntime: VM exiting with result code 1.
06-27 00:14:13.538  1932  2168 I AccountManagerService: getTypesVisibleToCaller: isPermitted? true
06-27 00:14:13.708  3861  3861 D AndroidRuntime: >>>>>> START com.android.internal.os.RuntimeInit uid 0 <<<<<<
06-27 00:14:13.709  3861  3861 D AndroidRuntime: CheckJNI is ON
06-27 00:14:13.719  3861  3861 D ICU     : No timezone override file found: /data/misc/zoneinfo/current/icu/icu_tzdata.dat
06-27 00:14:13.733  3861  3861 E memtrack: Couldn't load memtrack module (No such file or directory)
06-27 00:14:13.734  3861  3861 E android.os.Debug: failed to load memtrack module: -2
06-27 00:14:13.734  3861  3861 I Radio-JNI: register_android_hardware_Radio DONE
06-27 00:14:13.741  3861  3861 D AndroidRuntime: Calling main entry com.android.commands.pm.Pm
06-27 00:14:13.759  2747  3237 I CheckinCompat: Done disabling old GoogleServicesFramework version [CONTEXT service_id=130 ]
06-27 00:14:13.766  1932  1956 I ActivityManager: Start proc 3874:com.android.defcontainer/u0a4 for service com.android.defcontainer/.DefaultContainerService
06-27 00:14:13.873  1932  2095 I AccountManagerService: getTypesVisibleToCaller: isPermitted? true
06-27 00:14:13.880  3874  3887 D DefContainer: Copying /data/local/tmp/2.apk to base.apk
06-27 00:14:13.920  2747  2907 I Icing   : Indexing com.google.android.googlequicksearchbox-applications_uri from com.google.android.googlequicksearchbox
06-27 00:14:13.938  1932  2166 I AccountManagerService: getTypesVisibleToCaller: isPermitted? true
06-27 00:14:13.997  3697  3697 W Binder_6: type=1400 audit(0.0:35): avc: denied { read } for name="/" dev="tmpfs" ino=79 scontext=u:r:untrusted_app:s0:c512,c768 tcontext=u:object_r:device:s0 tclass=dir permissive=0
06-27 00:14:14.067  3697  3697 W Binder_6: type=1400 audit(0.0:36): avc: denied { search } for name="1664" dev="proc" ino=766 scontext=u:r:untrusted_app:s0:c512,c768 tcontext=u:r:zygote:s0 tclass=dir permissive=0
06-27 00:14:14.095  3565  3697 D         : HostConnection::get() New Host Connection established 0xaa13d740, tid 3697
06-27 00:14:14.097  3565  3697 D EGL_emulation: eglCreateContext: 0xaa969600: maj 3 min 0 rcv 3
06-27 00:14:14.099  3565  3697 D EGL_emulation: eglMakeCurrent: 0xaa969600: ver 3 0 (tinfo 0xaaa45290)
06-27 00:14:14.099  3565  3697 E eglCodecCommon: glUtilsParamSize: unknow param 0x00008cdf
06-27 00:14:14.099  3565  3697 E eglCodecCommon: glUtilsParamSize: unknow param 0x00008824
06-27 00:14:14.124  3565  3697 D EGL_emulation: eglCreateContext: 0xaa969840: maj 3 min 0 rcv 3
06-27 00:14:14.125  3565  3697 D EGL_emulation: eglMakeCurrent: 0xaa969840: ver 3 0 (tinfo 0xaaa45290)
06-27 00:14:14.125  3565  3697 E eglCodecCommon: glUtilsParamSize: unknow param 0x00008cdf
06-27 00:14:14.125  3565  3697 E eglCodecCommon: glUtilsParamSize: unknow param 0x00008824
06-27 00:14:14.168  2747  2907 I Icing   : Indexing com.google.android.googlequicksearchbox-contacts_contact_id from com.google.android.googlequicksearchbox
06-27 00:14:14.199  2747  2907 I Icing   : Indexing done com.google.android.googlequicksearchbox-contacts_contact_id
06-27 00:14:14.199  2747  2907 I Icing   : Indexing com.google.android.googlequicksearchbox-emails_data_id from com.google.android.googlequicksearchbox
06-27 00:14:14.227  2747  2907 I Icing   : Indexing done com.google.android.googlequicksearchbox-emails_data_id
06-27 00:14:14.228  2747  2907 I Icing   : Indexing com.google.android.googlequicksearchbox-phones_data_id from com.google.android.googlequicksearchbox
06-27 00:14:14.242  2747  3028 W Conscrypt: Could not set socket write timeout: java.net.SocketException: Socket closed
06-27 00:14:14.242  2747  3028 E art     : invalid stream - problem with parameter iterator in /system/priv-app/PrebuiltGmsCore/PrebuiltGmsCore.apk:classes3.dex for method void com.google.android.gms.org.conscrypt.ConscryptFileDescriptorSocket.setSoWriteTimeout(int)
06-27 00:14:14.243  2747  3028 W Conscrypt: 	at com.google.android.gms.org.conscrypt.Platform.setSocketWriteTimeout(:com.google.android.gms@202414022@20.24.14 (040700-319035315):2)
06-27 00:14:14.243  2747  3028 W Conscrypt: 	at com.google.android.gms.org.conscrypt.ConscryptFileDescriptorSocket.setSoWriteTimeout(:com.google.android.gms@202414022@20.24.14 (040700-319035315))
06-27 00:14:14.260  2747  3028 W Conscrypt: Could not set socket write timeout: java.net.SocketException: Socket closed
06-27 00:14:14.260  2747  3028 E art     : invalid stream - problem with parameter iterator in /system/priv-app/PrebuiltGmsCore/PrebuiltGmsCore.apk:classes3.dex for method void com.google.android.gms.org.conscrypt.ConscryptFileDescriptorSocket.setSoWriteTimeout(int)
06-27 00:14:14.260  2747  3028 W Conscrypt: 	at com.google.android.gms.org.conscrypt.Platform.setSocketWriteTimeout(:com.google.android.gms@202414022@20.24.14 (040700-319035315):2)
06-27 00:14:14.260  2747  3028 W Conscrypt: 	at com.google.android.gms.org.conscrypt.ConscryptFileDescriptorSocket.setSoWriteTimeout(:com.google.android.gms@202414022@20.24.14 (040700-319035315))
06-27 00:14:14.264  2747  2907 I Icing   : Indexing done com.google.android.googlequicksearchbox-phones_data_id
06-27 00:14:14.264  2747  2907 I Icing   : Indexing com.google.android.googlequicksearchbox-postals_data_id from com.google.android.googlequicksearchbox
06-27 00:14:14.270  1932  1956 I PackageManager.DexOptimizer: Running dexopt (dex2oat) on: /data/app/vmdl789834874.tmp/base.apk pkg=io.github.zwieback.familyfinance.debug isa=x86 vmSafeMode=false debuggable=true oatDir = /data/app/vmdl789834874.tmp/oat
06-27 00:14:14.280  3895  3895 W dex2oat : Unexpected CPU variant for X86 using defaults: x86
06-27 00:14:14.280  3895  3895 W dex2oat : Mismatch between dex2oat instruction set features (ISA: X86 Feature string: smp,-ssse3,-sse4.1,-sse4.2,-avx,-avx2) and those of dex2oat executable (ISA: X86 Feature string: smp,ssse3,-sse4.1,-sse4.2,-avx,-avx2) for the command line:
06-27 00:14:14.280  3895  3895 W dex2oat : /system/bin/dex2oat --zip-fd=6 --zip-location=base.apk --oat-fd=7 --oat-location=/data/app/vmdl789834874.tmp/oat/x86/base.odex --instruction-set=x86 --instruction-set-variant=x86 --instruction-set-features=default --runtime-arg -Xms64m --runtime-arg -Xmx512m --swap-fd=8 --debuggable
06-27 00:14:14.281  3895  3895 I dex2oat : /system/bin/dex2oat --debuggable
06-27 00:14:14.289  2747  2907 I Icing   : Indexing done com.google.android.googlequicksearchbox-postals_data_id
06-27 00:14:14.300  2747  2907 I Icing   : updateResources: need to parse acek{com.google.android.gms}
06-27 00:14:14.333  2747  3160 I GCM-GMS : Registering GMS 745476177629
06-27 00:14:14.337  2732  3105 W art     : Long monitor contention event with owner method=boolean android.os.BinderProxy.transactNative(int, android.os.Parcel, android.os.Parcel, int) from Binder.java:4294967294 waiters=0 for 1.188s
06-27 00:14:14.419  2747  2907 I Icing   : Indexing com.google.android.gms-internal.3p:MobileApplication from com.google.android.gms
06-27 00:14:14.445  2496  2714 I UpdateIcingCorporaServi: UpdateCorporaTask done [took 30779 ms] updated apps [took 30753 ms] updated contacts [took 26 ms]
06-27 00:14:14.445  2496  2714 I UpdateIcingCorporaServi: Updating corpora: APPS=com.google.android.googlequicksearchbox, CONTACTS=MAYBE
06-27 00:14:14.454  2496  2714 I UpdateIcingCorporaServi: UpdateCorporaTask done [took 9 ms] updated apps [took 9 ms] 
06-27 00:14:14.459  2732  2977 W Conscrypt: Could not set socket write timeout: java.net.SocketException: Socket closed
06-27 00:14:14.459  2732  2977 E art     : invalid stream - problem with parameter iterator in /system/priv-app/PrebuiltGmsCore/PrebuiltGmsCore.apk:classes3.dex for method void com.google.android.gms.org.conscrypt.ConscryptFileDescriptorSocket.setSoWriteTimeout(int)
06-27 00:14:14.459  2732  2977 W Conscrypt: 	at com.google.android.gms.org.conscrypt.Platform.setSocketWriteTimeout(:com.google.android.gms@202414022@20.24.14 (040700-319035315):2)
06-27 00:14:14.459  2732  2977 W Conscrypt: 	at com.google.android.gms.org.conscrypt.ConscryptFileDescriptorSocket.setSoWriteTimeout(:com.google.android.gms@202414022@20.24.14 (040700-319035315))
06-27 00:14:14.460  2496  2714 I UpdateIcingCorporaServi: Updating corpora: APPS=com.android.messaging, CONTACTS=MAYBE
06-27 00:14:14.486  2732  2977 W Conscrypt: Could not set socket write timeout: java.net.SocketException: Socket closed
06-27 00:14:14.486  2732  2977 E art     : invalid stream - problem with parameter iterator in /system/priv-app/PrebuiltGmsCore/PrebuiltGmsCore.apk:classes3.dex for method void com.google.android.gms.org.conscrypt.ConscryptFileDescriptorSocket.setSoWriteTimeout(int)
06-27 00:14:14.486  2732  2977 W Conscrypt: 	at com.google.android.gms.org.conscrypt.Platform.setSocketWriteTimeout(:com.google.android.gms@202414022@20.24.14 (040700-319035315):2)
06-27 00:14:14.486  2732  2977 W Conscrypt: 	at com.google.android.gms.org.conscrypt.ConscryptFileDescriptorSocket.setSoWriteTimeout(:com.google.android.gms@202414022@20.24.14 (040700-319035315))
06-27 00:14:14.488  2496  2714 I UpdateIcingCorporaServi: UpdateCorporaTask done [took 28 ms] updated apps [took 27 ms] 
06-27 00:14:14.491  2496  2714 I UpdateIcingCorporaServi: Updating corpora: APPS=com.google.android.gms, CONTACTS=MAYBE
06-27 00:14:14.494  2496  2714 I UpdateIcingCorporaServi: UpdateCorporaTask done [took 4 ms] updated apps [took 4 ms] 
06-27 00:14:14.503  2496  2714 I UpdateIcingCorporaServi: Updating corpora: APPS=com.google.android.gsf, CONTACTS=MAYBE
06-27 00:14:14.530  2496  2714 I UpdateIcingCorporaServi: UpdateCorporaTask done [took 27 ms] updated apps [took 26 ms] 
06-27 00:14:14.542  2747  2907 I Icing   : Indexing done com.google.android.gms-apps
06-27 00:14:14.555  2496  2714 I UpdateIcingCorporaServi: Updating corpora: APPS=com.android.settings, CONTACTS=MAYBE
06-27 00:14:14.582  2496  2714 I UpdateIcingCorporaServi: UpdateCorporaTask done [took 27 ms] updated apps [took 27 ms] 
06-27 00:14:14.584  2496  2714 I UpdateIcingCorporaServi: Updating corpora: APPS=com.android.sdksetup, CONTACTS=MAYBE
06-27 00:14:14.592  2496  2714 I UpdateIcingCorporaServi: UpdateCorporaTask done [took 8 ms] updated apps [took 8 ms] 
06-27 00:14:14.601  2496  2714 I UpdateIcingCorporaServi: Updating corpora: APPS=com.google.android.googlequicksearchbox, CONTACTS=MAYBE
06-27 00:14:14.614  2496  2714 I UpdateIcingCorporaServi: UpdateCorporaTask done [took 12 ms] updated apps [took 12 ms] 
06-27 00:14:14.626  2496  2714 I UpdateIcingCorporaServi: Updating corpora: APPS=com.google.android.gm, CONTACTS=MAYBE
06-27 00:14:14.645  2496  2714 I UpdateIcingCorporaServi: UpdateCorporaTask done [took 18 ms] updated apps [took 18 ms] 
06-27 00:14:14.645  2496  2714 I UpdateIcingCorporaServi: Updating corpora: APPS=com.google.android.gms, CONTACTS=MAYBE
06-27 00:14:14.651  2496  2714 I UpdateIcingCorporaServi: UpdateCorporaTask done [took 7 ms] updated apps [took 7 ms] 
06-27 00:14:14.659  2496  2714 I UpdateIcingCorporaServi: Updating corpora: APPS=com.google.android.gsf, CONTACTS=MAYBE
06-27 00:14:14.661  3895  3901 W dex2oat : Before Android 4.1, method int android.support.v7.widget.DropDownListView.lookForSelectablePosition(int, boolean) would have incorrectly overridden the package-private method in android.widget.ListView
06-27 00:14:14.676  2496  2714 I UpdateIcingCorporaServi: UpdateCorporaTask done [took 17 ms] updated apps [took 17 ms] 
06-27 00:14:14.685  2496  2714 I UpdateIcingCorporaServi: Updating corpora: APPS=com.android.inputmethod.latin, CONTACTS=MAYBE
06-27 00:14:14.697  2747  3160 I GCM-GMS : Got GMS registration
06-27 00:14:14.736  2747  3904 I Authzen : [AuthZenEventHandler] Handling event: com.google.android.gms.gcm.REGISTERED
06-27 00:14:14.739  1932  1944 I AccountManagerService: getTypesVisibleToCaller: isPermitted? true
06-27 00:14:14.742  2747  2961 I Icing   : IndexChimeraService.getServiceInterface callingPackage=com.google.android.googlequicksearchbox componentName=null serviceId=36
06-27 00:14:14.748  3895  3895 W dex2oat : Before Android 4.1, method int android.support.v7.widget.MenuPopupWindow$MenuDropDownListView.lookForSelectablePosition(int, boolean) would have incorrectly overridden the package-private method in android.widget.ListView
06-27 00:14:14.753  2732  2732 I GCoreUlr: GCM registration ID changed: Intent { act=com.google.android.gms.gcm.REGISTERED flg=0x10 pkg=com.google.android.gms cmp=com.google.android.gms/com.google.android.location.reporting.service.GcmRegistrationReceiver }
06-27 00:14:14.861  1932  3311 I AccountManagerService: getTypesVisibleToCaller: isPermitted? true
06-27 00:14:14.875  2747  3699 E MDM     : [282] agll.a: No Google accounts; deferring server state update.
06-27 00:14:15.038  1932  2095 I AccountManagerService: getTypesVisibleToCaller: isPermitted? true
06-27 00:14:15.077  3895  3901 W dex2oat : Before Android 4.1, method android.graphics.PorterDuffColorFilter android.support.graphics.drawable.VectorDrawableCompat.updateTintFilter(android.graphics.PorterDuffColorFilter, android.content.res.ColorStateList, android.graphics.PorterDuff$Mode) would have incorrectly overridden the package-private method in android.graphics.drawable.Drawable
06-27 00:14:15.309  2747  2907 I Icing   : Indexing done com.google.android.gms-internal.3p:MobileApplication
06-27 00:14:15.316  2747  2907 W Icing   : No valid account for uploading user actions
06-27 00:14:15.344  2747  2907 I Icing   : Usage reports ok 0, Failed Usage reports 0, indexed 0, rejected 0
06-27 00:14:15.350  2496  2714 I UpdateIcingCorporaServi: UpdateCorporaTask done [took 665 ms] updated apps [took 665 ms] 
06-27 00:14:15.350  1932  2095 I AccountManagerService: getTypesVisibleToCaller: isPermitted? true
06-27 00:14:15.350  2496  2714 I UpdateIcingCorporaServi: Updating corpora: APPS=com.google.android.apps.photos, CONTACTS=MAYBE
06-27 00:14:15.366  2732  3105 W Conscrypt: Could not set socket write timeout: java.net.SocketException: Socket closed
06-27 00:14:15.366  2732  3105 E art     : invalid stream - problem with parameter iterator in /system/priv-app/PrebuiltGmsCore/PrebuiltGmsCore.apk:classes3.dex for method void com.google.android.gms.org.conscrypt.ConscryptFileDescriptorSocket.setSoWriteTimeout(int)
06-27 00:14:15.366  2732  3105 W Conscrypt: 	at com.google.android.gms.org.conscrypt.Platform.setSocketWriteTimeout(:com.google.android.gms@202414022@20.24.14 (040700-319035315):2)
06-27 00:14:15.367  2732  3105 W Conscrypt: 	at com.google.android.gms.org.conscrypt.ConscryptFileDescriptorSocket.setSoWriteTimeout(:com.google.android.gms@202414022@20.24.14 (040700-319035315))
06-27 00:14:15.378  2496  2714 I UpdateIcingCorporaServi: UpdateCorporaTask done [took 27 ms] updated apps [took 27 ms] 
06-27 00:14:15.379  2496  2714 I UpdateIcingCorporaServi: Updating corpora: APPS=com.google.android.calendar, CONTACTS=MAYBE
06-27 00:14:15.395  2732  3105 W Conscrypt: Could not set socket write timeout: java.net.SocketException: Socket closed
06-27 00:14:15.395  2732  3105 E art     : invalid stream - problem with parameter iterator in /system/priv-app/PrebuiltGmsCore/PrebuiltGmsCore.apk:classes3.dex for method void com.google.android.gms.org.conscrypt.ConscryptFileDescriptorSocket.setSoWriteTimeout(int)
06-27 00:14:15.395  2732  3105 W Conscrypt: 	at com.google.android.gms.org.conscrypt.Platform.setSocketWriteTimeout(:com.google.android.gms@202414022@20.24.14 (040700-319035315):2)
06-27 00:14:15.395  2732  3105 W Conscrypt: 	at com.google.android.gms.org.conscrypt.ConscryptFileDescriptorSocket.setSoWriteTimeout(:com.google.android.gms@202414022@20.24.14 (040700-319035315))
06-27 00:14:15.406  2496  2714 I UpdateIcingCorporaServi: UpdateCorporaTask done [took 28 ms] updated apps [took 28 ms] 
06-27 00:14:15.407  2496  2714 I UpdateIcingCorporaServi: Updating corpora: APPS=com.google.android.gms, CONTACTS=MAYBE
06-27 00:14:15.421  2496  2714 I UpdateIcingCorporaServi: UpdateCorporaTask done [took 13 ms] updated apps [took 13 ms] 
06-27 00:14:15.432  2496  2714 I UpdateIcingCorporaServi: Updating corpora: APPS=com.google.android.gsf, CONTACTS=MAYBE
06-27 00:14:15.451  2496  2714 I UpdateIcingCorporaServi: UpdateCorporaTask done [took 20 ms] updated apps [took 19 ms] 
06-27 00:14:15.461  2496  2714 I UpdateIcingCorporaServi: Updating corpora: APPS=com.google.android.apps.photos, CONTACTS=MAYBE
06-27 00:14:15.488  2496  2714 I UpdateIcingCorporaServi: UpdateCorporaTask done [took 27 ms] updated apps [took 27 ms] 
06-27 00:14:15.522  2747  2907 I Icing   : Indexing done com.google.android.googlequicksearchbox-applications_uri
06-27 00:14:15.522  2747  2907 I Icing   : Indexing com.google.android.gms-apps from com.google.android.gms
06-27 00:14:15.599  2747  2907 I Icing   : Indexing done com.google.android.gms-apps
06-27 00:14:15.600  2747  2907 I Icing   : Indexing com.google.android.googlequicksearchbox-applications_uri from com.google.android.googlequicksearchbox
06-27 00:14:15.628  2732  2732 I GCoreUlr: Unbound from all signal providers.
06-27 00:14:15.628  2732  2732 I GCoreUlr: Stopping handler for UlrDispSvcFast
06-27 00:14:15.791  2747  2907 I Icing   : Indexing done com.google.android.googlequicksearchbox-applications_uri
06-27 00:14:15.792  2747  2907 I Icing   : Indexing com.google.android.gms-internal.3p:MobileApplication from com.google.android.gms
06-27 00:14:15.804  2747  2907 I Icing   : Indexing done com.google.android.gms-internal.3p:MobileApplication
06-27 00:14:15.820  1932  1944 I AccountManagerService: getTypesVisibleToCaller: isPermitted? true
06-27 00:14:16.047  1932  1946 I ActivityManager: Start proc 3909:com.google.android.play.games.ui/u0a46 for broadcast com.google.android.play.games/com.google.android.apps.play.games.features.experiments.PhenotypeBroadcastReceiver
06-27 00:14:16.075  3909  3909 W System  : ClassLoader referenced unknown path: /system/app/PlayGames/lib/x86
06-27 00:14:16.078  2732  3105 I aopq    : Scheduling Phenotype for a PhenotypeSyncImmediately(12, com.google.android.gms) one off with window [1, 2] in seconds [CONTEXT service_id=51 ]
06-27 00:14:16.143  3909  3909 W PrimesInit: Primes instant initialization
06-27 00:14:16.151  3909  3922 W Primes  : background initialization
06-27 00:14:16.203  3909  3922 I PrimesTesting: GserviceFlagsSupplier.get()
06-27 00:14:16.202  3909  3909 I GAv4-SVC: Google Analytics 16.9.98 is starting up.
06-27 00:14:16.281  2747  3417 I IcingInternalCorpora: EventIndexer: starting incremental update
06-27 00:14:16.282  2747  3417 I IcingInternalCorpora: EventIndexer: 0 added, 0 removed, 0 changed, 0 unchanged, 0 errors.
06-27 00:14:16.302  2747  3160 I Icing   : Indexing com.google.android.gms-internal.3p:MobileApplication from com.google.android.gms
06-27 00:14:16.321  2747  3160 I Icing   : Indexing done com.google.android.gms-internal.3p:MobileApplication
06-27 00:14:16.322  2747  3160 I Icing   : Indexing com.google.android.gms-apps from com.google.android.gms
06-27 00:14:16.352  2747  3417 I IcingInternalCorpora: EventIndexer: finished after 71 ms.
06-27 00:14:16.373  2747  3160 I Icing   : Indexing done com.google.android.gms-apps
06-27 00:14:16.373  2747  3160 I Icing   : Indexing com.google.android.googlequicksearchbox-applications_uri from com.google.android.googlequicksearchbox
06-27 00:14:16.441  3909  3909 W ComponentDiscovery: Application info not found.
06-27 00:14:16.441  3909  3909 W ComponentDiscovery: Could not retrieve metadata, returning empty list of registrars.
06-27 00:14:16.460  3909  3909 I PGAPhenotypeBroadcastRe: Received Phenotype update.
06-27 00:14:16.465  3909  3909 W PGAfap  : ContentFiltersService is unavailable; not applying content filters.
06-27 00:14:16.467  3909  3909 I PGAPhenotypeBroadcastRe: Received Phenotype update.
06-27 00:14:16.529  2732  3719 I Auth    : [AuthManaged,PasswordComplexityHelperImpl] Updating password complexity components state.
06-27 00:14:16.529  2732  3719 I Auth    : [AuthManaged,PasswordComplexityHelperImpl] Disabling com.google.android.gms.auth.managed.admin.DeviceAdminReceiver
06-27 00:14:16.533  2732  3719 I Auth    : [AuthManaged,PasswordComplexityHelperImpl] Disabling com.google.android.gms.auth.managed.ui.SetNewPasswordActivity
06-27 00:14:16.698  2732  3719 I Auth    : [AuthManaged,PasswordComplexityHelperImpl] Updating password complexity components state.
06-27 00:14:16.698  2732  3719 I Auth    : [AuthManaged,PasswordComplexityHelperImpl] Disabling com.google.android.gms.auth.managed.admin.DeviceAdminReceiver
06-27 00:14:16.699  2732  3719 I Auth    : [AuthManaged,PasswordComplexityHelperImpl] Disabling com.google.android.gms.auth.managed.ui.SetNewPasswordActivity
06-27 00:14:16.840  2732  3396 I Auth    : [AuthManaged,PasswordComplexityHelperImpl] Updating password complexity components state.
06-27 00:14:16.840  2732  3396 I Auth    : [AuthManaged,PasswordComplexityHelperImpl] Disabling com.google.android.gms.auth.managed.admin.DeviceAdminReceiver
06-27 00:14:16.845  2732  3396 I Auth    : [AuthManaged,PasswordComplexityHelperImpl] Disabling com.google.android.gms.auth.managed.ui.SetNewPasswordActivity
06-27 00:14:17.011  2732  3719 I Auth    : [AuthManaged,PasswordComplexityHelperImpl] Updating password complexity components state.
06-27 00:14:17.011  2732  3719 I Auth    : [AuthManaged,PasswordComplexityHelperImpl] Disabling com.google.android.gms.auth.managed.admin.DeviceAdminReceiver
06-27 00:14:17.013  2732  3719 I Auth    : [AuthManaged,PasswordComplexityHelperImpl] Disabling com.google.android.gms.auth.managed.ui.SetNewPasswordActivity
06-27 00:14:17.125  2732  3719 I Auth    : [AuthManaged,PasswordComplexityHelperImpl] Updating password complexity components state.
06-27 00:14:17.125  2732  3719 I Auth    : [AuthManaged,PasswordComplexityHelperImpl] Disabling com.google.android.gms.auth.managed.admin.DeviceAdminReceiver
06-27 00:14:17.127  2732  3719 I Auth    : [AuthManaged,PasswordComplexityHelperImpl] Disabling com.google.android.gms.auth.managed.ui.SetNewPasswordActivity
06-27 00:14:17.409  2747  3160 I Icing   : Indexing done com.google.android.googlequicksearchbox-applications_uri
06-27 00:14:17.417  1932  3278 I ActivityManager: Killing 3054:com.android.settings/1000 (adj 15): empty #17
06-27 00:14:17.421  2747  3160 I Icing   : Indexing com.google.android.gms-apps from com.google.android.gms
06-27 00:14:17.572  2732  3935 I Auth    : [AuthManaged,PasswordComplexityHelperImpl] Updating password complexity components state.
06-27 00:14:17.572  2732  3935 I Auth    : [AuthManaged,PasswordComplexityHelperImpl] Disabling com.google.android.gms.auth.managed.admin.DeviceAdminReceiver
06-27 00:14:17.575  2732  3935 I Auth    : [AuthManaged,PasswordComplexityHelperImpl] Disabling com.google.android.gms.auth.managed.ui.SetNewPasswordActivity
06-27 00:14:17.670  2732  3719 I Auth    : [AuthManaged,PasswordComplexityHelperImpl] Updating password complexity components state.
06-27 00:14:17.670  2732  3719 I Auth    : [AuthManaged,PasswordComplexityHelperImpl] Disabling com.google.android.gms.auth.managed.admin.DeviceAdminReceiver
06-27 00:14:17.676  2732  3719 I Auth    : [AuthManaged,PasswordComplexityHelperImpl] Disabling com.google.android.gms.auth.managed.ui.SetNewPasswordActivity
06-27 00:14:17.744  1932  2095 I AccountManagerService: getTypesVisibleToCaller: isPermitted? true
06-27 00:14:17.765  2732  3667 I Auth    : [AuthManaged,PasswordComplexityHelperImpl] Updating password complexity components state.
06-27 00:14:17.765  2732  3667 I Auth    : [AuthManaged,PasswordComplexityHelperImpl] Disabling com.google.android.gms.auth.managed.admin.DeviceAdminReceiver
06-27 00:14:17.770  2732  3667 I Auth    : [AuthManaged,PasswordComplexityHelperImpl] Disabling com.google.android.gms.auth.managed.ui.SetNewPasswordActivity
06-27 00:14:17.780  2732  3398 I PTCommittedOperation: Receive new configuration for com.google.android.gms.romanesco
06-27 00:14:17.806  2747  3352 I ChromeSync: [Sync,SyncIntentOperation] Handling the intent: Intent { act=com.google.android.gms.phenotype.COMMITTED flg=0x10 pkg=com.google.android.gms cmp=com.google.android.gms/.chimera.GmsIntentOperationService (has extras) }.
06-27 00:14:17.816  1932  1944 W ActivityManager: Unable to start service Intent { act=com.google.android.gms.auth.key.retrieval.service.START pkg=com.google.android.gms } U=0: not found
06-27 00:14:17.818  2747  3944 I MdiSyncModule: flag handling is skipping irrelevant intent.
06-27 00:14:17.820  2747  3350 W ModuleInitIntentOp: Dropping unexpected action com.google.android.gms.phenotype.COMMITTED
06-27 00:14:17.846  2747  3350 I ChromeSync: [Sync,SyncIntentOperation] Handling the intent: Intent { act=com.google.android.gms.phenotype.COMMITTED flg=0x10 pkg=com.google.android.gms cmp=com.google.android.gms/.chimera.GmsIntentOperationService (has extras) }.
06-27 00:14:17.846  2747  3350 I MdiSyncModule: flag handling is skipping irrelevant intent.
06-27 00:14:17.850  1932  2165 I AccountManagerService: getTypesVisibleToCaller: isPermitted? true
06-27 00:14:17.854  2747  3945 W ModuleInitIntentOp: Dropping unexpected action com.google.android.gms.phenotype.COMMITTED
06-27 00:14:17.855  1932  2094 W ActivityManager: Unbind failed: could not find connection for android.os.BinderProxy@cb4a355
06-27 00:14:17.864  2747  3410 W FsaEntryPointSwitcher: getServiceInfo failed for com.google.android.gms.people.sync.focus.ContactsSyncAdapterService
06-27 00:14:17.874  2747  2904 E GmsClient: unable to connect to service: com.google.android.gms.auth.key.retrieval.service.START on com.google.android.gms
06-27 00:14:17.925  2747  3410 I FsaEntryPointSwitcher: setting component enabled=1 for com.google.android.gms.people.sync.focus.ContactsSyncAdapterService
06-27 00:14:17.928  2747  3410 I FsaEntryPointSwitcher: Setting component enabled succeeds.
06-27 00:14:17.928  2747  3410 I FsaEntryPointSwitcher: setting component enabled=2 for com.google.android.syncadapters.contacts.ContactsSyncAdapterService
06-27 00:14:17.931  2747  3410 I FsaEntryPointSwitcher: Setting component enabled succeeds.
06-27 00:14:17.970  2732  3943 I PTCommittedOperation: Receive new configuration for com.google.android.gms.people
06-27 00:14:17.979  2732  3396 I Auth    : [AuthManaged,PasswordComplexityHelperImpl] Updating password complexity components state.
06-27 00:14:17.979  2732  3396 I Auth    : [AuthManaged,PasswordComplexityHelperImpl] Disabling com.google.android.gms.auth.managed.admin.DeviceAdminReceiver
06-27 00:14:17.984  2732  3396 I Auth    : [AuthManaged,PasswordComplexityHelperImpl] Disabling com.google.android.gms.auth.managed.ui.SetNewPasswordActivity
06-27 00:14:17.987  2732  3942 I PTCommittedOperation: Receive new configuration for com.google.android.location
06-27 00:14:18.014  2732  3941 I Auth    : [AuthManaged,PasswordComplexityHelperImpl] Updating password complexity components state.
06-27 00:14:18.014  2732  3941 I Auth    : [AuthManaged,PasswordComplexityHelperImpl] Disabling com.google.android.gms.auth.managed.admin.DeviceAdminReceiver
06-27 00:14:18.016  2732  3941 I Auth    : [AuthManaged,PasswordComplexityHelperImpl] Disabling com.google.android.gms.auth.managed.ui.SetNewPasswordActivity
06-27 00:14:18.028  2732  3936 I Auth    : [AuthManaged,PasswordComplexityHelperImpl] Updating password complexity components state.
06-27 00:14:18.028  2732  3936 I Auth    : [AuthManaged,PasswordComplexityHelperImpl] Disabling com.google.android.gms.auth.managed.admin.DeviceAdminReceiver
06-27 00:14:18.030  2732  3936 I Auth    : [AuthManaged,PasswordComplexityHelperImpl] Disabling com.google.android.gms.auth.managed.ui.SetNewPasswordActivity
06-27 00:14:18.098  2747  3945 I ChromeSync: [Sync,SyncIntentOperation] Handling the intent: Intent { act=com.google.android.gms.phenotype.COMMITTED flg=0x10 pkg=com.google.android.gms cmp=com.google.android.gms/.chimera.GmsIntentOperationService (has extras) }.
06-27 00:14:18.098  2747  3944 I MdiSyncModule: flag handling is skipping irrelevant intent.
06-27 00:14:18.099  2747  3351 W ModuleInitIntentOp: Dropping unexpected action com.google.android.gms.phenotype.COMMITTED
06-27 00:14:18.100  1932  3278 I AccountManagerService: getTypesVisibleToCaller: isPermitted? true
06-27 00:14:18.115  2732  3943 I Auth    : [AuthManaged,PasswordComplexityHelperImpl] Updating password complexity components state.
06-27 00:14:18.115  2732  3943 I Auth    : [AuthManaged,PasswordComplexityHelperImpl] Disabling com.google.android.gms.auth.managed.admin.DeviceAdminReceiver
06-27 00:14:18.117  2732  3943 I Auth    : [AuthManaged,PasswordComplexityHelperImpl] Disabling com.google.android.gms.auth.managed.ui.SetNewPasswordActivity
06-27 00:14:18.189  1932  2165 I AccountManagerService: getTypesVisibleToCaller: isPermitted? true
06-27 00:14:18.198  2747  3351 I ChromeSync: [Sync,SyncIntentOperation] Handling the intent: Intent { act=com.google.android.gms.phenotype.COMMITTED flg=0x10 pkg=com.google.android.gms cmp=com.google.android.gms/.chimera.GmsIntentOperationService (has extras) }.
06-27 00:14:18.199  2747  3350 I MdiSyncModule: flag handling is skipping irrelevant intent.
06-27 00:14:18.201  2747  3410 W ModuleInitIntentOp: Dropping unexpected action com.google.android.gms.phenotype.COMMITTED
06-27 00:14:18.202  2732  3943 I Auth    : [AuthManaged,PasswordComplexityHelperImpl] Updating password complexity components state.
06-27 00:14:18.202  2732  3943 I Auth    : [AuthManaged,PasswordComplexityHelperImpl] Disabling com.google.android.gms.auth.managed.admin.DeviceAdminReceiver
06-27 00:14:18.203  2732  3943 I Auth    : [AuthManaged,PasswordComplexityHelperImpl] Disabling com.google.android.gms.auth.managed.ui.SetNewPasswordActivity
06-27 00:14:18.210  2747  3410 I ChromeSync: [Sync,SyncIntentOperation] Handling the intent: Intent { act=com.google.android.gms.phenotype.COMMITTED flg=0x10 pkg=com.google.android.gms cmp=com.google.android.gms/.chimera.GmsIntentOperationService (has extras) }.
06-27 00:14:18.211  2747  3352 I MdiSyncModule: flag handling is skipping irrelevant intent.
06-27 00:14:18.212  1932  3311 I AccountManagerService: getTypesVisibleToCaller: isPermitted? true
06-27 00:14:18.214  2747  3945 W ModuleInitIntentOp: Dropping unexpected action com.google.android.gms.phenotype.COMMITTED
06-27 00:14:18.242  2732  3943 I Auth    : [AuthManaged,PasswordComplexityHelperImpl] Updating password complexity components state.
06-27 00:14:18.242  2732  3943 I Auth    : [AuthManaged,PasswordComplexityHelperImpl] Disabling com.google.android.gms.auth.managed.admin.DeviceAdminReceiver
06-27 00:14:18.245  2732  3943 I Auth    : [AuthManaged,PasswordComplexityHelperImpl] Disabling com.google.android.gms.auth.managed.ui.SetNewPasswordActivity
06-27 00:14:18.342  2747  2919 I MS_RegisterService: Tachyon host: instantmessaging-pa.googleapis.com, Tachyon port: 443
06-27 00:14:18.369  2732  3935 I aorp    : updateFromConfigurations using legacy put method [CONTEXT service_id=204 ]
06-27 00:14:18.369  2747  3352 I ChromeSync: [Sync,SyncIntentOperation] Handling the intent: Intent { act=com.google.android.gms.phenotype.COMMITTED flg=0x10 pkg=com.google.android.gms cmp=com.google.android.gms/.chimera.GmsIntentOperationService (has extras) }.
06-27 00:14:18.370  1932  3099 I AccountManagerService: getTypesVisibleToCaller: isPermitted? true
06-27 00:14:18.370  2747  3945 I MdiSyncModule: flag handling is skipping irrelevant intent.
06-27 00:14:18.372  2747  3350 W ModuleInitIntentOp: Dropping unexpected action com.google.android.gms.phenotype.COMMITTED
06-27 00:14:18.378  2747  3410 I FsaEntryPointSwitcher: setting component enabled=1 for com.google.android.gms.people.sync.focus.ContactsSyncAdapterService
06-27 00:14:18.378  2747  3410 I FsaEntryPointSwitcher: Setting component enabled succeeds.
06-27 00:14:18.378  2747  3410 I FsaEntryPointSwitcher: setting component enabled=2 for com.google.android.syncadapters.contacts.ContactsSyncAdapterService
06-27 00:14:18.379  2732  3942 W art     : Long monitor contention event with owner method=boolean android.os.BinderProxy.transactNative(int, android.os.Parcel, android.os.Parcel, int) from Binder.java:4294967294 waiters=0 for 391ms
06-27 00:14:18.379  2747  3410 I FsaEntryPointSwitcher: Setting component enabled succeeds.
06-27 00:14:18.390  2747  3699 I ChromeSync: [Sync,SyncIntentOperation] Handling the intent: Intent { act=com.google.android.gms.phenotype.COMMITTED flg=0x10 pkg=com.google.android.gms cmp=com.google.android.gms/.chimera.GmsIntentOperationService (has extras) }.
06-27 00:14:18.392  2747  3410 I MdiSyncModule: flag handling is skipping irrelevant intent.
06-27 00:14:18.393  1932  2168 I AccountManagerService: getTypesVisibleToCaller: isPermitted? true
06-27 00:14:18.395  2747  3350 W ModuleInitIntentOp: Dropping unexpected action com.google.android.gms.phenotype.COMMITTED
06-27 00:14:18.401  2747  3944 I ChromeSync: [Sync,SyncIntentOperation] Handling the intent: Intent { act=com.google.android.gms.phenotype.COMMITTED flg=0x10 pkg=com.google.android.gms cmp=com.google.android.gms/.chimera.GmsIntentOperationService (has extras) }.
06-27 00:14:18.402  2747  3350 I MdiSyncModule: flag handling is skipping irrelevant intent.
06-27 00:14:18.403  2747  3945 W ModuleInitIntentOp: Dropping unexpected action com.google.android.gms.phenotype.COMMITTED
06-27 00:14:18.404  1932  1943 I AccountManagerService: getTypesVisibleToCaller: isPermitted? true
06-27 00:14:18.408  2747  3945 I ChromeSync: [Sync,SyncIntentOperation] Handling the intent: Intent { act=com.google.android.gms.phenotype.COMMITTED flg=0x10 pkg=com.google.android.gms cmp=com.google.android.gms/.chimera.GmsIntentOperationService (has extras) }.
06-27 00:14:18.409  1932  2166 I AccountManagerService: getTypesVisibleToCaller: isPermitted? true
06-27 00:14:18.411  2747  3699 I MdiSyncModule: flag handling is skipping irrelevant intent.
06-27 00:14:18.413  2747  3350 W ModuleInitIntentOp: Dropping unexpected action com.google.android.gms.phenotype.COMMITTED
06-27 00:14:18.515  2732  3942 I PTCommittedOperation: Receive new configuration for com.google.android.gms.tapandpay
06-27 00:14:18.532  2732  3936 I PTCommittedOperation: Receive new configuration for com.google.android.gms.matchstick
06-27 00:14:18.533  2732  3942 I Auth    : [AuthManaged,PasswordComplexityHelperImpl] Updating password complexity components state.
06-27 00:14:18.533  2732  3942 I Auth    : [AuthManaged,PasswordComplexityHelperImpl] Disabling com.google.android.gms.auth.managed.admin.DeviceAdminReceiver
06-27 00:14:18.537  2732  3942 I Auth    : [AuthManaged,PasswordComplexityHelperImpl] Disabling com.google.android.gms.auth.managed.ui.SetNewPasswordActivity
06-27 00:14:18.540  2732  3719 I aorp    : updateFromConfigurations using legacy put method [CONTEXT service_id=204 ]
06-27 00:14:18.560  2732  3667 I Auth    : [AuthManaged,PasswordComplexityHelperImpl] Updating password complexity components state.
06-27 00:14:18.560  2732  3667 I Auth    : [AuthManaged,PasswordComplexityHelperImpl] Disabling com.google.android.gms.auth.managed.admin.DeviceAdminReceiver
06-27 00:14:18.560  2732  3667 I Auth    : [AuthManaged,PasswordComplexityHelperImpl] Disabling com.google.android.gms.auth.managed.ui.SetNewPasswordActivity
06-27 00:14:18.612  2747  3945 W art     : Long monitor contention event with owner method=java.util.Map bfrc.a() from :com.google.android.gms@202414022@20.24.14 (040700-319035315):8 waiters=0 for 196ms
06-27 00:14:18.612  2747  3945 I MobileDataHub: Scheduling periodic tasks
06-27 00:14:18.613  2747  2747 W art     : Long monitor contention event with owner method=java.util.Map bfrc.a() from :com.google.android.gms@202414022@20.24.14 (040700-319035315):8 waiters=1 for 194ms
06-27 00:14:18.613  2747  3410 I ChromeSync: [Sync,SyncIntentOperation] Handling the intent: Intent { act=com.google.android.gms.phenotype.COMMITTED flg=0x10 pkg=com.google.android.gms cmp=com.google.android.gms/.chimera.GmsIntentOperationService (has extras) }.
06-27 00:14:18.613  1932  2168 I AccountManagerService: getTypesVisibleToCaller: isPermitted? true
06-27 00:14:18.614  2747  3410 I MdiSyncModule: flag handling is skipping irrelevant intent.
06-27 00:14:18.615  2747  3410 W ModuleInitIntentOp: Dropping unexpected action com.google.android.gms.phenotype.COMMITTED
06-27 00:14:18.616  2747  2907 W MobileDataHub: [Service] appsupload-periodic periodic task disabled
06-27 00:14:18.635  2747  3949 I ChromeSync: [Sync,SyncIntentOperation] Handling the intent: Intent { act=com.google.android.gms.phenotype.COMMITTED flg=0x10 pkg=com.google.android.gms cmp=com.google.android.gms/.chimera.GmsIntentOperationService (has extras) }.
06-27 00:14:18.635  1932  1943 I AccountManagerService: getTypesVisibleToCaller: isPermitted? true
06-27 00:14:18.638  2747  3350 I MdiSyncModule: flag handling is skipping irrelevant intent.
06-27 00:14:18.638  2747  3350 W ModuleInitIntentOp: Dropping unexpected action com.google.android.gms.phenotype.COMMITTED
06-27 00:14:18.639  1932  2165 I AccountManagerService: getTypesVisibleToCaller: isPermitted? true
06-27 00:14:18.640  2747  3410 I ChromeSync: [Sync,SyncIntentOperation] Handling the intent: Intent { act=com.google.android.gms.phenotype.COMMITTED flg=0x10 pkg=com.google.android.gms cmp=com.google.android.gms/.chimera.GmsIntentOperationService (has extras) }.
06-27 00:14:18.640  2747  3944 I MdiSyncModule: flag handling is skipping irrelevant intent.
06-27 00:14:18.643  2747  3944 W ModuleInitIntentOp: Dropping unexpected action com.google.android.gms.phenotype.COMMITTED
06-27 00:14:18.644  2747  3948 I MS_RegisterService: RegisterService intent:Intent { act=com.google.android.gms.matchstick.register_intent_action cat=[targeted_intent_op_prefix:com.google.android.libraries.matchstick.net.SilentRegisterIntentOperation] cmp=com.google.android.gms/.chimera.GmsIntentOperationService } isPeriodic:false
06-27 00:14:18.705  2732  3396 I PTCommittedOperation: Receive new configuration for com.google.android.gms.people
06-27 00:14:18.719  2732  3936 I Auth    : [AuthManaged,PasswordComplexityHelperImpl] Updating password complexity components state.
06-27 00:14:18.719  2732  3936 I Auth    : [AuthManaged,PasswordComplexityHelperImpl] Disabling com.google.android.gms.auth.managed.admin.DeviceAdminReceiver
06-27 00:14:18.719  2732  3396 I PTCommittedOperation: Receive new configuration for com.google.android.gms.chromesync
06-27 00:14:18.722  2732  3936 I Auth    : [AuthManaged,PasswordComplexityHelperImpl] Disabling com.google.android.gms.auth.managed.ui.SetNewPasswordActivity
06-27 00:14:18.775  2747  3948 W DynamiteModule: Local module descriptor class for providerinstaller not found.
06-27 00:14:18.775  2747  3948 I DynamiteModule: Considering local module providerinstaller:0 and remote module providerinstaller:0
06-27 00:14:18.776  2747  3948 W ProviderInstaller: Failed to load providerinstaller module: No acceptable module found. Local version is 0 and remote version is 0.
06-27 00:14:18.808  2732  3719 I Auth    : [AuthManaged,PasswordComplexityHelperImpl] Updating password complexity components state.
06-27 00:14:18.808  2732  3719 I Auth    : [AuthManaged,PasswordComplexityHelperImpl] Disabling com.google.android.gms.auth.managed.admin.DeviceAdminReceiver
06-27 00:14:18.810  2732  3719 I Auth    : [AuthManaged,PasswordComplexityHelperImpl] Disabling com.google.android.gms.auth.managed.ui.SetNewPasswordActivity
06-27 00:14:18.830  2732  3936 I PTCommittedOperation: Receive new configuration for com.google.android.gms.games
06-27 00:14:18.834  2732  3667 I PTCommittedOperation: Receive new configuration for com.google.android.gms.icing
06-27 00:14:18.990  2732  3398 I PTCommittedOperation: Receive new configuration for com.google.android.gms.auth.api.credentials
06-27 00:14:18.997  2732  3942 I Auth    : [AuthManaged,PasswordComplexityHelperImpl] Updating password complexity components state.
06-27 00:14:18.997  2732  3942 I Auth    : [AuthManaged,PasswordComplexityHelperImpl] Disabling com.google.android.gms.auth.managed.admin.DeviceAdminReceiver
06-27 00:14:19.000  2732  3942 I Auth    : [AuthManaged,PasswordComplexityHelperImpl] Disabling com.google.android.gms.auth.managed.ui.SetNewPasswordActivity
06-27 00:14:19.003  2732  3941 I PTCommittedOperation: Receive new configuration for org.chromium.net.cronet
06-27 00:14:19.039  2732  3942 I PTCommittedOperation: Receive new configuration for com.google.android.gms
06-27 00:14:19.039  2732  3942 I PTCommittedOperation: Running Fixer Framework for com.google.android.gms
06-27 00:14:19.058  2732  3935 I Auth    : [AuthManaged,PasswordComplexityHelperImpl] Updating password complexity components state.
06-27 00:14:19.058  2732  3935 I Auth    : [AuthManaged,PasswordComplexityHelperImpl] Disabling com.google.android.gms.auth.managed.admin.DeviceAdminReceiver
06-27 00:14:19.060  2732  3935 I Auth    : [AuthManaged,PasswordComplexityHelperImpl] Disabling com.google.android.gms.auth.managed.ui.SetNewPasswordActivity
06-27 00:14:19.178  2747  3160 I Icing   : Indexing done com.google.android.gms-apps
06-27 00:14:19.180  2747  3160 I Icing   : Indexing com.google.android.gms-apps from com.google.android.gms
06-27 00:14:19.184  2747  3160 I Icing   : Indexing done com.google.android.gms-apps
06-27 00:14:19.185  2747  3160 I Icing   : Indexing com.google.android.gms-apps from com.google.android.gms
06-27 00:14:19.186  2747  3160 I Icing   : Indexing done com.google.android.gms-apps
06-27 00:14:19.216  2732  3398 I Auth    : [AuthManaged,PasswordComplexityHelperImpl] Updating password complexity components state.
06-27 00:14:19.216  2732  3398 I Auth    : [AuthManaged,PasswordComplexityHelperImpl] Disabling com.google.android.gms.auth.managed.admin.DeviceAdminReceiver
06-27 00:14:19.217  2732  3398 I Auth    : [AuthManaged,PasswordComplexityHelperImpl] Disabling com.google.android.gms.auth.managed.ui.SetNewPasswordActivity
06-27 00:14:19.274  2732  3398 I Auth    : [AuthManaged,PasswordComplexityHelperImpl] Updating password complexity components state.
06-27 00:14:19.274  2732  3398 I Auth    : [AuthManaged,PasswordComplexityHelperImpl] Disabling com.google.android.gms.auth.managed.admin.DeviceAdminReceiver
06-27 00:14:19.276  2732  3398 I Auth    : [AuthManaged,PasswordComplexityHelperImpl] Disabling com.google.android.gms.auth.managed.ui.SetNewPasswordActivity
06-27 00:14:19.304  2747  3160 I Icing   : Indexing com.google.android.gms-apps from com.google.android.gms
06-27 00:14:19.304  2747  3160 I Icing   : Indexing done com.google.android.gms-apps
06-27 00:14:19.338  2732  3398 I Auth    : [AuthManaged,PasswordComplexityHelperImpl] Updating password complexity components state.
06-27 00:14:19.338  2732  3398 I Auth    : [AuthManaged,PasswordComplexityHelperImpl] Disabling com.google.android.gms.auth.managed.admin.DeviceAdminReceiver
06-27 00:14:19.340  2732  3398 I Auth    : [AuthManaged,PasswordComplexityHelperImpl] Disabling com.google.android.gms.auth.managed.ui.SetNewPasswordActivity
06-27 00:14:19.348  2732  3039 W Nearby  : Failed attempt #3 out of 3 for RestoreDeviceName [CONTEXT service_id=49 ]
06-27 00:14:19.348  2732  3039 W Nearby  : java.lang.IllegalStateException: BluetoothAdapter not ready yet!
06-27 00:14:19.348  2732  3039 W Nearby  : 	at ajpy.d(:com.google.android.gms@202414022@20.24.14 (040700-319035315):2)
06-27 00:14:19.348  2732  3039 W Nearby  : 	at ajpx.run(Unknown Source)
06-27 00:14:19.348  2732  3039 W Nearby  : 	at bwuj.call(Unknown Source)
06-27 00:14:19.348  2732  3039 W Nearby  : 	at bwuo.a(:com.google.android.gms@202414022@20.24.14 (040700-319035315):2)
06-27 00:14:19.348  2732  3039 W Nearby  : 	at bwuo.a(:com.google.android.gms@202414022@20.24.14 (040700-319035315):9)
06-27 00:14:19.348  2732  3039 W Nearby  : 	at ajpw.run(Unknown Source)
06-27 00:14:19.348  2732  3039 W Nearby  : 	at java.lang.Thread.run(Thread.java:818)
06-27 00:14:19.348  2732  3039 W Nearby  : 	at sow.run(Unknown Source)
06-27 00:14:19.348  2732  3039 W Nearby  : 	at java.util.concurrent.ThreadPoolExecutor.runWorker(ThreadPoolExecutor.java:1113)
06-27 00:14:19.348  2732  3039 W Nearby  : 	at java.util.concurrent.ThreadPoolExecutor$Worker.run(ThreadPoolExecutor.java:588)
06-27 00:14:19.348  2732  3039 W Nearby  : 	at sux.run(:com.google.android.gms@202414022@20.24.14 (040700-319035315):0)
06-27 00:14:19.348  2732  3039 W Nearby  : 	at java.lang.Thread.run(Thread.java:818)
06-27 00:14:19.425  2732  3398 I Auth    : [AuthManaged,PasswordComplexityHelperImpl] Updating password complexity components state.
06-27 00:14:19.425  2732  3398 I Auth    : [AuthManaged,PasswordComplexityHelperImpl] Disabling com.google.android.gms.auth.managed.admin.DeviceAdminReceiver
06-27 00:14:19.429  2732  3398 I Auth    : [AuthManaged,PasswordComplexityHelperImpl] Disabling com.google.android.gms.auth.managed.ui.SetNewPasswordActivity
06-27 00:14:19.439  2747  3945 I ChromeSync: [Sync,SyncIntentOperation] Handling the intent: Intent { act=com.google.android.gms.phenotype.COMMITTED flg=0x10 pkg=com.google.android.gms cmp=com.google.android.gms/.chimera.GmsIntentOperationService (has extras) }.
06-27 00:14:19.442  1932  1943 I AccountManagerService: getTypesVisibleToCaller: isPermitted? true
06-27 00:14:19.442  2747  3949 I MdiSyncModule: flag handling is skipping irrelevant intent.
06-27 00:14:19.444  2747  3950 W ModuleInitIntentOp: Dropping unexpected action com.google.android.gms.phenotype.COMMITTED
06-27 00:14:19.452  2732  3667 I PTCommittedOperation: Receive new configuration for com.google.android.gms.auth_api_phone
06-27 00:14:19.527  2747  3160 I Icing   : Indexing com.google.android.gms-apps from com.google.android.gms
