11-09 13:43:48.442 30025 30025 I AccessibilityNodeInfoDumper: Skipping invisible child: android.view.accessibility.AccessibilityNodeInfo@159f6; boundsInParent: Rect(0, 0 - 0, 147); boundsInScreen: Rect(1080, 63 - 1080, 210); packageName: io.github.zwieback.familyfinance.debug; className: android.support.v7.widget.LinearLayoutCompat; text: null; error: null; maxTextLength: -1; contentDescription: null; viewIdResName: null; checkable: false; checked: false; focusable: false; focused: false; selected: false; clickable: false; longClickable: false; contextClickable: false; enabled: true; password: false; scrollable: false; importantForAccessibility: false; actions: [AccessibilityAction: ACTION_SELECT - null, AccessibilityAction: ACTION_CLEAR_SELECTION - null, AccessibilityAction: ACTION_ACCESSIBILITY_FOCUS - null, AccessibilityAction: ACTION_SHOW_ON_SCREEN - null]
11-09 13:43:48.443 30025 30025 I app_process: Deoptimizing java.lang.String com.android.uiautomator.core.AccessibilityNodeInfoDumper.stripInvalidXMLChars(java.lang.CharSequence) due to JIT inline cache
11-09 13:43:48.446 30025 30025 W AccessibilityNodeInfoDumper: Fetch time: 8ms
11-09 13:43:48.447  1649  2289 W WindowManager: removeWindowToken: Attempted to remove non-existing token: android.os.Binder@2351e16
11-09 13:43:48.452 30025 30025 D AndroidRuntime: Shutting down VM
11-09 13:43:48.712 30042 30042 D AndroidRuntime: >>>>>> START com.android.internal.os.RuntimeInit uid 2000 <<<<<<
11-09 13:43:48.749 30042 30042 W app_process: Unexpected CPU variant for X86 using defaults: x86
11-09 13:43:48.750 30042 30042 I app_process: The ClassLoaderContext is a special shared library.
11-09 13:43:48.751 30042 30042 I app_process: The ClassLoaderContext is a special shared library.
11-09 13:43:48.764 30042 30042 D AndroidRuntime: Calling main entry com.android.commands.uiautomator.Launcher
11-09 13:43:49.789 30042 30042 I AccessibilityNodeInfoDumper: Skipping invisible child: android.view.accessibility.AccessibilityNodeInfo@159ff; boundsInParent: Rect(0, 0 - 0, 147); boundsInScreen: Rect(1080, 63 - 1080, 210); packageName: io.github.zwieback.familyfinance.debug; className: android.support.v7.widget.LinearLayoutCompat; text: null; error: null; maxTextLength: -1; contentDescription: null; viewIdResName: null; checkable: false; checked: false; focusable: false; focused: false; selected: false; clickable: false; longClickable: false; contextClickable: false; enabled: true; password: false; scrollable: false; importantForAccessibility: false; actions: [AccessibilityAction: ACTION_SELECT - null, AccessibilityAction: ACTION_CLEAR_SELECTION - null, AccessibilityAction: ACTION_ACCESSIBILITY_FOCUS - null, AccessibilityAction: ACTION_SHOW_ON_SCREEN - null]
11-09 13:43:49.789 30042 30042 I app_process: Deoptimizing java.lang.String com.android.uiautomator.core.AccessibilityNodeInfoDumper.stripInvalidXMLChars(java.lang.CharSequence) due to JIT inline cache
11-09 13:43:49.791 30042 30042 W AccessibilityNodeInfoDumper: Fetch time: 6ms
11-09 13:43:49.792  1649  1902 W WindowManager: removeWindowToken: Attempted to remove non-existing token: android.os.Binder@5aaa984
11-09 13:43:49.797 30042 30042 D AndroidRuntime: Shutting down VM
11-09 13:43:50.045 30059 30059 D AndroidRuntime: >>>>>> START com.android.internal.os.RuntimeInit uid 2000 <<<<<<
11-09 13:43:50.088 30059 30059 W app_process: Unexpected CPU variant for X86 using defaults: x86
11-09 13:43:50.089 30059 30059 I app_process: The ClassLoaderContext is a special shared library.
11-09 13:43:50.089 30059 30059 I app_process: The ClassLoaderContext is a special shared library.
11-09 13:43:50.106 30059 30059 D AndroidRuntime: Calling main entry com.android.commands.uiautomator.Launcher
11-09 13:43:51.132 30059 30059 I AccessibilityNodeInfoDumper: Skipping invisible child: android.view.accessibility.AccessibilityNodeInfo@15a08; boundsInParent: Rect(0, 0 - 0, 147); boundsInScreen: Rect(1080, 63 - 1080, 210); packageName: io.github.zwieback.familyfinance.debug; className: android.support.v7.widget.LinearLayoutCompat; text: null; error: null; maxTextLength: -1; contentDescription: null; viewIdResName: null; checkable: false; checked: false; focusable: false; focused: false; selected: false; clickable: false; longClickable: false; contextClickable: false; enabled: true; password: false; scrollable: false; importantForAccessibility: false; actions: [AccessibilityAction: ACTION_SELECT - null, AccessibilityAction: ACTION_CLEAR_SELECTION - null, AccessibilityAction: ACTION_ACCESSIBILITY_FOCUS - null, AccessibilityAction: ACTION_SHOW_ON_SCREEN - null]
11-09 13:43:51.133 30059 30059 I app_process: Deoptimizing java.lang.String com.android.uiautomator.core.AccessibilityNodeInfoDumper.stripInvalidXMLChars(java.lang.CharSequence) due to JIT inline cache
11-09 13:43:51.136 30059 30059 W AccessibilityNodeInfoDumper: Fetch time: 8ms
11-09 13:43:51.136  1649  7068 W WindowManager: removeWindowToken: Attempted to remove non-existing token: android.os.Binder@e5d05a2
11-09 13:43:51.142 30059 30059 D AndroidRuntime: Shutting down VM
11-09 13:43:51.400 30079 30079 D AndroidRuntime: >>>>>> START com.android.internal.os.RuntimeInit uid 2000 <<<<<<
11-09 13:43:51.402 30079 30079 W app_process: Could not reserve sentinel fault page
11-09 13:43:51.433 30079 30079 W app_process: Unexpected CPU variant for X86 using defaults: x86
11-09 13:43:51.435 30079 30079 I app_process: The ClassLoaderContext is a special shared library.
11-09 13:43:51.435 30079 30079 I app_process: The ClassLoaderContext is a special shared library.
11-09 13:43:51.448 30079 30079 D AndroidRuntime: Calling main entry com.android.commands.uiautomator.Launcher
11-09 13:43:51.766  4956  5227 W native  : jpeg_io.cc:108 File's first two bytes does not match the sequence 216
11-09 13:43:52.474 30079 30079 I AccessibilityNodeInfoDumper: Skipping invisible child: android.view.accessibility.AccessibilityNodeInfo@15a16; boundsInParent: Rect(0, 0 - 0, 147); boundsInScreen: Rect(1080, 63 - 1080, 210); packageName: io.github.zwieback.familyfinance.debug; className: android.support.v7.widget.LinearLayoutCompat; text: null; error: null; maxTextLength: -1; contentDescription: null; viewIdResName: null; checkable: false; checked: false; focusable: false; focused: false; selected: false; clickable: false; longClickable: false; contextClickable: false; enabled: true; password: false; scrollable: false; importantForAccessibility: false; actions: [AccessibilityAction: ACTION_SELECT - null, AccessibilityAction: ACTION_CLEAR_SELECTION - null, AccessibilityAction: ACTION_ACCESSIBILITY_FOCUS - null, AccessibilityAction: ACTION_SHOW_ON_SCREEN - null]
11-09 13:43:52.474 30079 30079 I app_process: Deoptimizing java.lang.String com.android.uiautomator.core.AccessibilityNodeInfoDumper.stripInvalidXMLChars(java.lang.CharSequence) due to JIT inline cache
11-09 13:43:52.478 30079 30079 W AccessibilityNodeInfoDumper: Fetch time: 7ms
11-09 13:43:52.478  1649  1902 W WindowManager: removeWindowToken: Attempted to remove non-existing token: android.os.Binder@1ead9f0
11-09 13:43:52.485 30079 30079 D AndroidRuntime: Shutting down VM
11-09 13:43:52.502  1440  1456 D hwcomposer: hw_composer sent 120 syncs in 60s
11-09 13:43:52.670 30092 30092 D AndroidRuntime: >>>>>> START com.android.internal.os.RuntimeInit uid 2000 <<<<<<
11-09 13:43:52.703 30092 30092 W app_process: Unexpected CPU variant for X86 using defaults: x86
11-09 13:43:52.705 30092 30092 I app_process: The ClassLoaderContext is a special shared library.
11-09 13:43:52.720 30092 30092 D AndroidRuntime: Calling main entry com.android.commands.input.Input
11-09 13:43:52.724 30092 30092 I Input   : injectMotionEvent: MotionEvent { action=ACTION_DOWN, actionButton=0, id[0]=0, x[0]=73.0, y[0]=136.0, toolType[0]=TOOL_TYPE_UNKNOWN, buttonState=0, metaState=0, flags=0x0, edgeFlags=0x0, pointerCount=1, historySize=0, eventTime=33657398, downTime=33657398, deviceId=0, source=0x1002 }
11-09 13:43:52.727 30092 30092 I Input   : injectMotionEvent: MotionEvent { action=ACTION_UP, actionButton=0, id[0]=0, x[0]=73.0, y[0]=136.0, toolType[0]=TOOL_TYPE_UNKNOWN, buttonState=0, metaState=0, flags=0x0, edgeFlags=0x0, pointerCount=1, historySize=0, eventTime=33657398, downTime=33657398, deviceId=0, source=0x1002 }
11-09 13:43:52.731 30092 30092 D AndroidRuntime: Shutting down VM
11-09 13:43:52.759  1431  8375 W audio_hw_generic: Not supplying enough data to HAL, expected position 15489664 , only wrote 15489360
11-09 13:43:52.816  1431  8375 W audio_hw_generic: Not supplying enough data to HAL, expected position 15492103 , only wrote 15491520
11-09 13:43:52.817  1431  8375 W audio_hw_generic: Not supplying enough data to HAL, expected position 15491549 , only wrote 15491520
11-09 13:43:52.834 29525 29530 I zygote  : Do partial code cache collection, code=234KB, data=107KB
11-09 13:43:52.834  1431  8375 W audio_hw_generic: Hardware backing HAL too slow, could only write 0 of 720 frames
11-09 13:43:52.836 29525 29530 I zygote  : After code cache collection, code=234KB, data=107KB
11-09 13:43:52.836 29525 29530 I zygote  : Increasing code cache capacity to 1024KB
11-09 13:43:52.870  1521  1579 D AudioFlinger: mixer(0xe56839c0) throttle end: throttle time(1)
11-09 13:43:56.043  1431  1431 W audio_hw_generic: Not supplying enough data to HAL, expected position 15799444 , only wrote 15646320
11-09 13:43:56.442  1751  1751 W LstmExtension: no lmDescriptor could be found for en_US/20170411
11-09 13:43:56.443  1751  1751 W LstmExtension: no lmDescriptor could be found for en_US/20170411
11-09 13:43:56.624 30119 30119 D AndroidRuntime: >>>>>> START com.android.internal.os.RuntimeInit uid 2000 <<<<<<
11-09 13:43:56.626 30119 30119 W app_process: Could not reserve sentinel fault page
11-09 13:43:56.670 30119 30119 W app_process: Unexpected CPU variant for X86 using defaults: x86
11-09 13:43:56.671 30119 30119 I app_process: The ClassLoaderContext is a special shared library.
11-09 13:43:56.672 30119 30119 I app_process: The ClassLoaderContext is a special shared library.
11-09 13:43:56.686 30119 30119 D AndroidRuntime: Calling main entry com.android.commands.uiautomator.Launcher
11-09 13:43:57.725 30119 30119 I AccessibilityNodeInfoDumper: Skipping invisible child: android.view.accessibility.AccessibilityNodeInfo@15a20; boundsInParent: Rect(0, 0 - 0, 147); boundsInScreen: Rect(1080, 63 - 1080, 210); packageName: io.github.zwieback.familyfinance.debug; className: android.support.v7.widget.LinearLayoutCompat; text: null; error: null; maxTextLength: -1; contentDescription: null; viewIdResName: null; checkable: false; checked: false; focusable: false; focused: false; selected: false; clickable: false; longClickable: false; contextClickable: false; enabled: true; password: false; scrollable: false; importantForAccessibility: false; actions: [AccessibilityAction: ACTION_SELECT - null, AccessibilityAction: ACTION_CLEAR_SELECTION - null, AccessibilityAction: ACTION_ACCESSIBILITY_FOCUS - null, AccessibilityAction: ACTION_SHOW_ON_SCREEN - null]
11-09 13:43:57.726 30119 30119 I app_process: Deoptimizing java.lang.String com.android.uiautomator.core.AccessibilityNodeInfoDumper.stripInvalidXMLChars(java.lang.CharSequence) due to JIT inline cache
11-09 13:43:57.737 30119 30119 W AccessibilityNodeInfoDumper: Fetch time: 21ms
11-09 13:43:57.738  1649  1902 W WindowManager: removeWindowToken: Attempted to remove non-existing token: android.os.Binder@b4c706f
11-09 13:43:57.745 30119 30119 D AndroidRuntime: Shutting down VM
11-09 13:43:58.589  1649  1663 E memtrack: Couldn't load memtrack module
11-09 13:43:58.589  1649  1663 W android.os.Debug: failed to get memory consumption info: -1
11-09 13:43:58.609 30147 30147 D AndroidRuntime: >>>>>> START com.android.internal.os.RuntimeInit uid 2000 <<<<<<
11-09 13:43:58.642 30147 30147 W app_process: Unexpected CPU variant for X86 using defaults: x86
11-09 13:43:58.645 30147 30147 I app_process: The ClassLoaderContext is a special shared library.
11-09 13:43:58.646 30147 30147 I app_process: The ClassLoaderContext is a special shared library.
11-09 13:43:58.659 30147 30147 D AndroidRuntime: Calling main entry com.android.commands.uiautomator.Launcher
11-09 13:43:59.690 30147 30147 I AccessibilityNodeInfoDumper: Skipping invisible child: android.view.accessibility.AccessibilityNodeInfo@15a30; boundsInParent: Rect(0, 0 - 0, 147); boundsInScreen: Rect(1080, 63 - 1080, 210); packageName: io.github.zwieback.familyfinance.debug; className: android.support.v7.widget.LinearLayoutCompat; text: null; error: null; maxTextLength: -1; contentDescription: null; viewIdResName: null; checkable: false; checked: false; focusable: false; focused: false; selected: false; clickable: false; longClickable: false; contextClickable: false; enabled: true; password: false; scrollable: false; importantForAccessibility: false; actions: [AccessibilityAction: ACTION_SELECT - null, AccessibilityAction: ACTION_CLEAR_SELECTION - null, AccessibilityAction: ACTION_ACCESSIBILITY_FOCUS - null, AccessibilityAction: ACTION_SHOW_ON_SCREEN - null]
11-09 13:43:59.690 30147 30147 I app_process: Deoptimizing java.lang.String com.android.uiautomator.core.AccessibilityNodeInfoDumper.stripInvalidXMLChars(java.lang.CharSequence) due to JIT inline cache
11-09 13:43:59.699 30147 30147 W AccessibilityNodeInfoDumper: Fetch time: 16ms
11-09 13:43:59.700  1649  4762 W WindowManager: removeWindowToken: Attempted to remove non-existing token: android.os.Binder@616fa05
11-09 13:43:59.704 30147 30147 D AndroidRuntime: Shutting down VM
11-09 13:43:59.941 30164 30164 D AndroidRuntime: >>>>>> START com.android.internal.os.RuntimeInit uid 2000 <<<<<<
11-09 13:43:59.978 30164 30164 W app_process: Unexpected CPU variant for X86 using defaults: x86
11-09 13:43:59.979 30164 30164 I app_process: The ClassLoaderContext is a special shared library.
11-09 13:43:59.980 30164 30164 I app_process: The ClassLoaderContext is a special shared library.
11-09 13:43:59.994 30164 30164 D AndroidRuntime: Calling main entry com.android.commands.uiautomator.Launcher
11-09 13:44:01.030 30164 30164 I AccessibilityNodeInfoDumper: Skipping invisible child: android.view.accessibility.AccessibilityNodeInfo@15a42; boundsInParent: Rect(0, 0 - 0, 147); boundsInScreen: Rect(1080, 63 - 1080, 210); packageName: io.github.zwieback.familyfinance.debug; className: android.support.v7.widget.LinearLayoutCompat; text: null; error: null; maxTextLength: -1; contentDescription: null; viewIdResName: null; checkable: false; checked: false; focusable: false; focused: false; selected: false; clickable: false; longClickable: false; contextClickable: false; enabled: true; password: false; scrollable: false; importantForAccessibility: false; actions: [AccessibilityAction: ACTION_SELECT - null, AccessibilityAction: ACTION_CLEAR_SELECTION - null, AccessibilityAction: ACTION_ACCESSIBILITY_FOCUS - null, AccessibilityAction: ACTION_SHOW_ON_SCREEN - null]
11-09 13:44:01.031 30164 30164 I app_process: Deoptimizing java.lang.String com.android.uiautomator.core.AccessibilityNodeInfoDumper.stripInvalidXMLChars(java.lang.CharSequence) due to JIT inline cache
11-09 13:44:01.039 30164 30164 W AccessibilityNodeInfoDumper: Fetch time: 17ms
11-09 13:44:01.040  1649  7068 W WindowManager: removeWindowToken: Attempted to remove non-existing token: android.os.Binder@6d9a48b
11-09 13:44:01.044 30164 30164 D AndroidRuntime: Shutting down VM
11-09 13:44:01.895 30192 30192 D AndroidRuntime: >>>>>> START com.android.internal.os.RuntimeInit uid 2000 <<<<<<
11-09 13:44:01.926 30192 30192 W app_process: Unexpected CPU variant for X86 using defaults: x86
11-09 13:44:01.927 30192 30192 I app_process: The ClassLoaderContext is a special shared library.
11-09 13:44:01.928 30192 30192 I app_process: The ClassLoaderContext is a special shared library.
11-09 13:44:01.940 30192 30192 D AndroidRuntime: Calling main entry com.android.commands.uiautomator.Launcher
11-09 13:44:02.022  1649  1667 I WifiService: requestActivityInfo uid=1000
11-09 13:44:02.022  1649  1667 I WifiService: reportActivityInfo uid=1000
11-09 13:44:02.022  1649  1667 I WifiService: getSupportedFeatures uid=1000
11-09 13:44:02.973 30192 30192 I AccessibilityNodeInfoDumper: Skipping invisible child: android.view.accessibility.AccessibilityNodeInfo@15a47; boundsInParent: Rect(0, 0 - 0, 147); boundsInScreen: Rect(1080, 63 - 1080, 210); packageName: io.github.zwieback.familyfinance.debug; className: android.support.v7.widget.LinearLayoutCompat; text: null; error: null; maxTextLength: -1; contentDescription: null; viewIdResName: null; checkable: false; checked: false; focusable: false; focused: false; selected: false; clickable: false; longClickable: false; contextClickable: false; enabled: true; password: false; scrollable: false; importantForAccessibility: false; actions: [AccessibilityAction: ACTION_SELECT - null, AccessibilityAction: ACTION_CLEAR_SELECTION - null, AccessibilityAction: ACTION_ACCESSIBILITY_FOCUS - null, AccessibilityAction: ACTION_SHOW_ON_SCREEN - null]
11-09 13:44:02.974 30192 30192 I app_process: Deoptimizing java.lang.String com.android.uiautomator.core.AccessibilityNodeInfoDumper.stripInvalidXMLChars(java.lang.CharSequence) due to JIT inline cache
11-09 13:44:02.983 30192 30192 W AccessibilityNodeInfoDumper: Fetch time: 19ms
11-09 13:44:02.983  1649  7068 W WindowManager: removeWindowToken: Attempted to remove non-existing token: android.os.Binder@b9a9226
11-09 13:44:02.989 30192 30192 D AndroidRuntime: Shutting down VM
11-09 13:44:03.898 30230 30230 D AndroidRuntime: >>>>>> START com.android.internal.os.RuntimeInit uid 2000 <<<<<<
11-09 13:44:03.929 30230 30230 W app_process: Unexpected CPU variant for X86 using defaults: x86
11-09 13:44:03.932 30230 30230 I app_process: The ClassLoaderContext is a special shared library.
11-09 13:44:03.933 30230 30230 I app_process: The ClassLoaderContext is a special shared library.
11-09 13:44:03.943 30230 30230 D AndroidRuntime: Calling main entry com.android.commands.uiautomator.Launcher
11-09 13:44:04.979 30230 30230 I AccessibilityNodeInfoDumper: Skipping invisible child: android.view.accessibility.AccessibilityNodeInfo@15a52; boundsInParent: Rect(0, 0 - 0, 147); boundsInScreen: Rect(1080, 63 - 1080, 210); packageName: io.github.zwieback.familyfinance.debug; className: android.support.v7.widget.LinearLayoutCompat; text: null; error: null; maxTextLength: -1; contentDescription: null; viewIdResName: null; checkable: false; checked: false; focusable: false; focused: false; selected: false; clickable: false; longClickable: false; contextClickable: false; enabled: true; password: false; scrollable: false; importantForAccessibility: false; actions: [AccessibilityAction: ACTION_SELECT - null, AccessibilityAction: ACTION_CLEAR_SELECTION - null, AccessibilityAction: ACTION_ACCESSIBILITY_FOCUS - null, AccessibilityAction: ACTION_SHOW_ON_SCREEN - null]
11-09 13:44:04.980 30230 30230 I app_process: Deoptimizing java.lang.String com.android.uiautomator.core.AccessibilityNodeInfoDumper.stripInvalidXMLChars(java.lang.CharSequence) due to JIT inline cache
11-09 13:44:04.989 30230 30230 W AccessibilityNodeInfoDumper: Fetch time: 19ms
11-09 13:44:04.990  1649 12936 W WindowManager: removeWindowToken: Attempted to remove non-existing token: android.os.Binder@dca2d80
11-09 13:44:04.997 30230 30230 D AndroidRuntime: Shutting down VM
11-09 13:44:05.171  1450  1726 E SurfaceFlinger: ro.sf.lcd_density must be defined as a build property
11-09 13:44:05.178  1439  5111 D gralloc_ranchu: gralloc_alloc: Creating ashmem region of size 8298496
11-09 13:44:05.185 30245 30245 D         : HostConnection::get() New Host Connection established 0xef1c8240, tid 30245
11-09 13:44:05.190  1450  1726 D gralloc_ranchu: gralloc_unregister_buffer: exiting HostConnection (is buffer-handling thread)
11-09 13:44:05.190  1450  1726 D         : HostConnection::get() New Host Connection established 0xe80a1680, tid 1726
11-09 13:44:05.190  1450  1726 D gralloc_ranchu: gralloc_unregister_buffer: exiting HostConnection (is buffer-handling thread)
11-09 13:44:05.312  4290  4290 D MediaScannerReceiver: action: android.intent.action.MEDIA_SCANNER_SCAN_FILE path: /storage/emulated/0/screen.png
11-09 13:44:07.707 30257 30257 D AndroidRuntime: >>>>>> START com.android.internal.os.RuntimeInit uid 2000 <<<<<<
11-09 13:44:07.711 30257 30257 W app_process: Could not reserve sentinel fault page
11-09 13:44:07.762 30257 30257 W app_process: Unexpected CPU variant for X86 using defaults: x86
11-09 13:44:07.766 30257 30257 I app_process: The ClassLoaderContext is a special shared library.
11-09 13:44:07.766 30257 30257 I app_process: The ClassLoaderContext is a special shared library.
11-09 13:44:07.780 30257 30257 D AndroidRuntime: Calling main entry com.android.commands.uiautomator.Launcher
11-09 13:44:08.821 30257 30257 I AccessibilityNodeInfoDumper: Skipping invisible child: android.view.accessibility.AccessibilityNodeInfo@15a5e; boundsInParent: Rect(0, 0 - 0, 147); boundsInScreen: Rect(1080, 63 - 1080, 210); packageName: io.github.zwieback.familyfinance.debug; className: android.support.v7.widget.LinearLayoutCompat; text: null; error: null; maxTextLength: -1; contentDescription: null; viewIdResName: null; checkable: false; checked: false; focusable: false; focused: false; selected: false; clickable: false; longClickable: false; contextClickable: false; enabled: true; password: false; scrollable: false; importantForAccessibility: false; actions: [AccessibilityAction: ACTION_SELECT - null, AccessibilityAction: ACTION_CLEAR_SELECTION - null, AccessibilityAction: ACTION_ACCESSIBILITY_FOCUS - null, AccessibilityAction: ACTION_SHOW_ON_SCREEN - null]
11-09 13:44:08.822 30257 30257 I app_process: Deoptimizing java.lang.String com.android.uiautomator.core.AccessibilityNodeInfoDumper.stripInvalidXMLChars(java.lang.CharSequence) due to JIT inline cache
11-09 13:44:08.831 30257 30257 W AccessibilityNodeInfoDumper: Fetch time: 19ms
11-09 13:44:08.832  1649  2575 W WindowManager: removeWindowToken: Attempted to remove non-existing token: android.os.Binder@e64a1ac
11-09 13:44:08.840 30257 30257 D AndroidRuntime: Shutting down VM
11-09 13:44:11.065 30274 30274 D AndroidRuntime: >>>>>> START com.android.internal.os.RuntimeInit uid 2000 <<<<<<
11-09 13:44:11.067 30274 30274 W app_process: Could not reserve sentinel fault page
11-09 13:44:11.103 30274 30274 W app_process: Unexpected CPU variant for X86 using defaults: x86
11-09 13:44:11.105 30274 30274 I app_process: The ClassLoaderContext is a special shared library.
11-09 13:44:11.105 30274 30274 I app_process: The ClassLoaderContext is a special shared library.
11-09 13:44:11.120 30274 30274 D AndroidRuntime: Calling main entry com.android.commands.uiautomator.Launcher
11-09 13:44:12.040  1649  1667 E BatteryExternalStatsWorker: modem info is invalid: ModemActivityInfo{ mTimestamp=0 mSleepTimeMs=0 mIdleTimeMs=0 mTxTimeMs[]=[0, 0, 0, 0, 0] mRxTimeMs=0 mEnergyUsed=0}
11-09 13:44:12.149 30274 30274 I AccessibilityNodeInfoDumper: Skipping invisible child: android.view.accessibility.AccessibilityNodeInfo@15a6b; boundsInParent: Rect(0, 0 - 0, 147); boundsInScreen: Rect(1080, 63 - 1080, 210); packageName: io.github.zwieback.familyfinance.debug; className: android.support.v7.widget.LinearLayoutCompat; text: null; error: null; maxTextLength: -1; contentDescription: null; viewIdResName: null; checkable: false; checked: false; focusable: false; focused: false; selected: false; clickable: false; longClickable: false; contextClickable: false; enabled: true; password: false; scrollable: false; importantForAccessibility: false; actions: [AccessibilityAction: ACTION_SELECT - null, AccessibilityAction: ACTION_CLEAR_SELECTION - null, AccessibilityAction: ACTION_ACCESSIBILITY_FOCUS - null, AccessibilityAction: ACTION_SHOW_ON_SCREEN - null]
11-09 13:44:12.150 30274 30274 I app_process: Deoptimizing java.lang.String com.android.uiautomator.core.AccessibilityNodeInfoDumper.stripInvalidXMLChars(java.lang.CharSequence) due to JIT inline cache
11-09 13:44:12.160 30274 30274 W AccessibilityNodeInfoDumper: Fetch time: 18ms
11-09 13:44:12.160  1649  2575 W WindowManager: removeWindowToken: Attempted to remove non-existing token: android.os.Binder@b3bde0a
11-09 13:44:12.171 30274 30274 D AndroidRuntime: Shutting down VM
11-09 13:44:12.405 30292 30292 D AndroidRuntime: >>>>>> START com.android.internal.os.RuntimeInit uid 2000 <<<<<<
11-09 13:44:12.435 30292 30292 W app_process: Unexpected CPU variant for X86 using defaults: x86
11-09 13:44:12.436 30292 30292 I app_process: The ClassLoaderContext is a special shared library.
11-09 13:44:12.437 30292 30292 I app_process: The ClassLoaderContext is a special shared library.
11-09 13:44:12.448 30292 30292 D AndroidRuntime: Calling main entry com.android.commands.uiautomator.Launcher
11-09 13:44:13.483 30292 30292 I AccessibilityNodeInfoDumper: Skipping invisible child: android.view.accessibility.AccessibilityNodeInfo@15a76; boundsInParent: Rect(0, 0 - 0, 147); boundsInScreen: Rect(1080, 63 - 1080, 210); packageName: io.github.zwieback.familyfinance.debug; className: android.support.v7.widget.LinearLayoutCompat; text: null; error: null; maxTextLength: -1; contentDescription: null; viewIdResName: null; checkable: false; checked: false; focusable: false; focused: false; selected: false; clickable: false; longClickable: false; contextClickable: false; enabled: true; password: false; scrollable: false; importantForAccessibility: false; actions: [AccessibilityAction: ACTION_SELECT - null, AccessibilityAction: ACTION_CLEAR_SELECTION - null, AccessibilityAction: ACTION_ACCESSIBILITY_FOCUS - null, AccessibilityAction: ACTION_SHOW_ON_SCREEN - null]
11-09 13:44:13.483 30292 30292 I app_process: Deoptimizing java.lang.String com.android.uiautomator.core.AccessibilityNodeInfoDumper.stripInvalidXMLChars(java.lang.CharSequence) due to JIT inline cache
11-09 13:44:13.498 30292 30292 W AccessibilityNodeInfoDumper: Fetch time: 27ms
11-09 13:44:13.500  1649 12936 W WindowManager: removeWindowToken: Attempted to remove non-existing token: android.os.Binder@9502c98
11-09 13:44:13.506 30292 30292 D AndroidRuntime: Shutting down VM
11-09 13:44:13.732 30309 30309 D AndroidRuntime: >>>>>> START com.android.internal.os.RuntimeInit uid 2000 <<<<<<
11-09 13:44:13.766 30309 30309 W app_process: Unexpected CPU variant for X86 using defaults: x86
11-09 13:44:13.767 30309 30309 I app_process: The ClassLoaderContext is a special shared library.
11-09 13:44:13.768 30309 30309 I app_process: The ClassLoaderContext is a special shared library.
11-09 13:44:13.779 30309 30309 D AndroidRuntime: Calling main entry com.android.commands.uiautomator.Launcher
11-09 13:44:14.812 30309 30309 I AccessibilityNodeInfoDumper: Skipping invisible child: android.view.accessibility.AccessibilityNodeInfo@15a83; boundsInParent: Rect(0, 0 - 0, 147); boundsInScreen: Rect(1080, 63 - 1080, 210); packageName: io.github.zwieback.familyfinance.debug; className: android.support.v7.widget.LinearLayoutCompat; text: null; error: null; maxTextLength: -1; contentDescription: null; viewIdResName: null; checkable: false; checked: false; focusable: false; focused: false; selected: false; clickable: false; longClickable: false; contextClickable: false; enabled: true; password: false; scrollable: false; importantForAccessibility: false; actions: [AccessibilityAction: ACTION_SELECT - null, AccessibilityAction: ACTION_CLEAR_SELECTION - null, AccessibilityAction: ACTION_ACCESSIBILITY_FOCUS - null, AccessibilityAction: ACTION_SHOW_ON_SCREEN - null]
11-09 13:44:14.815 30309 30309 I app_process: Deoptimizing java.lang.String com.android.uiautomator.core.AccessibilityNodeInfoDumper.stripInvalidXMLChars(java.lang.CharSequence) due to JIT inline cache
11-09 13:44:14.823 30309 30309 W AccessibilityNodeInfoDumper: Fetch time: 19ms
11-09 13:44:14.823  1649  1902 W WindowManager: removeWindowToken: Attempted to remove non-existing token: android.os.Binder@8c1d0d6
11-09 13:44:14.828 30309 30309 D AndroidRuntime: Shutting down VM
11-09 13:44:15.087 30329 30329 D AndroidRuntime: >>>>>> START com.android.internal.os.RuntimeInit uid 2000 <<<<<<
11-09 13:44:15.120 30329 30329 W app_process: Unexpected CPU variant for X86 using defaults: x86
11-09 13:44:15.121 30329 30329 I app_process: The ClassLoaderContext is a special shared library.
11-09 13:44:15.123 30329 30329 I app_process: The ClassLoaderContext is a special shared library.
11-09 13:44:15.135 30329 30329 D AndroidRuntime: Calling main entry com.android.commands.uiautomator.Launcher
11-09 13:44:15.518  4956  4991 W native  : jpeg_io.cc:108 File's first two bytes does not match the sequence 216
11-09 13:44:16.165 30329 30329 I AccessibilityNodeInfoDumper: Skipping invisible child: android.view.accessibility.AccessibilityNodeInfo@15a94; boundsInParent: Rect(0, 0 - 0, 147); boundsInScreen: Rect(1080, 63 - 1080, 210); packageName: io.github.zwieback.familyfinance.debug; className: android.support.v7.widget.LinearLayoutCompat; text: null; error: null; maxTextLength: -1; contentDescription: null; viewIdResName: null; checkable: false; checked: false; focusable: false; focused: false; selected: false; clickable: false; longClickable: false; contextClickable: false; enabled: true; password: false; scrollable: false; importantForAccessibility: false; actions: [AccessibilityAction: ACTION_SELECT - null, AccessibilityAction: ACTION_CLEAR_SELECTION - null, AccessibilityAction: ACTION_ACCESSIBILITY_FOCUS - null, AccessibilityAction: ACTION_SHOW_ON_SCREEN - null]
11-09 13:44:16.165 30329 30329 I app_process: Deoptimizing java.lang.String com.android.uiautomator.core.AccessibilityNodeInfoDumper.stripInvalidXMLChars(java.lang.CharSequence) due to JIT inline cache
11-09 13:44:16.173 30329 30329 W AccessibilityNodeInfoDumper: Fetch time: 16ms
11-09 13:44:16.173  1649  4531 W WindowManager: removeWindowToken: Attempted to remove non-existing token: android.os.Binder@6677a44
11-09 13:44:16.180 30329 30329 D AndroidRuntime: Shutting down VM
11-09 13:44:16.347 30342 30342 D AndroidRuntime: >>>>>> START com.android.internal.os.RuntimeInit uid 2000 <<<<<<
11-09 13:44:16.349 30342 30342 W app_process: Could not reserve sentinel fault page
11-09 13:44:16.379 30342 30342 W app_process: Unexpected CPU variant for X86 using defaults: x86
11-09 13:44:16.381 30342 30342 I app_process: The ClassLoaderContext is a special shared library.
11-09 13:44:16.396 30342 30342 D AndroidRuntime: Calling main entry com.android.commands.input.Input
11-09 13:44:16.399 30342 30342 I Input   : injectMotionEvent: MotionEvent { action=ACTION_DOWN, actionButton=0, id[0]=0, x[0]=420.0, y[0]=897.0, toolType[0]=TOOL_TYPE_UNKNOWN, buttonState=0, metaState=0, flags=0x0, edgeFlags=0x0, pointerCount=1, historySize=0, eventTime=33681075, downTime=33681075, deviceId=0, source=0x1002 }
11-09 13:44:16.402 30342 30342 I Input   : injectMotionEvent: MotionEvent { action=ACTION_UP, actionButton=0, id[0]=0, x[0]=420.0, y[0]=897.0, toolType[0]=TOOL_TYPE_UNKNOWN, buttonState=0, metaState=0, flags=0x0, edgeFlags=0x0, pointerCount=1, historySize=0, eventTime=33681075, downTime=33681075, deviceId=0, source=0x1002 }
11-09 13:44:16.405 30342 30342 D AndroidRuntime: Shutting down VM
11-09 13:44:16.421  1649  2575 I ActivityManager: START u0 {cmp=io.github.zwieback.familyfinance.debug/io.github.zwieback.familyfinance.business.preference.activity.SettingsActivity} from uid 10261
11-09 13:44:16.430  1431  8375 W audio_hw_generic: Not supplying enough data to HAL, expected position 15646626 , only wrote 15646320
11-09 13:44:16.489  1431  8375 W audio_hw_generic: Not supplying enough data to HAL, expected position 15649171 , only wrote 15647760
11-09 13:44:16.534  1521  1579 D AudioFlinger: mixer(0xe56839c0) throttle end: throttle time(12)
11-09 13:44:16.574 29525 30365 I requery : beforeExecuteQuery sql: select id, _type, default_value, icon_name, is_folder, name, name_ascii, parent_id from article where id = ? 
11-09 13:44:16.574 29525 30367 I requery : beforeExecuteQuery sql: select id, _type, default_value, icon_name, is_folder, name, name_ascii, parent_id from article where id = ? 
11-09 13:44:16.576 29525 30364 I requery : beforeExecuteQuery sql: select id, icon_name, is_folder, name, order_code, parent_id from person where id = ? 
11-09 13:44:16.577 29525 30362 I requery : beforeExecuteQuery sql: select id, description, icon_name, name from currency where id = ? 
11-09 13:44:16.578 29525 30366 I requery : beforeExecuteQuery sql: select id, _type, default_value, icon_name, is_folder, name, name_ascii, parent_id from article where id = ? 
11-09 13:44:16.587 29525 30367 I requery : afterExecuteQuery
11-09 13:44:16.587 29525 30366 I requery : afterExecuteQuery
11-09 13:44:16.591 29525 30363 I requery : beforeExecuteQuery sql: select id, _number, _type, active, card_number, currency_id, icon_name, initial_balance, is_folder, name, order_code, owner_id, parent_id, payment_system from account where id = ? 
11-09 13:44:16.592 29525 30362 I requery : afterExecuteQuery
11-09 13:44:16.592 29525 30364 I requery : afterExecuteQuery
11-09 13:44:16.593 29525 30365 I requery : afterExecuteQuery
11-09 13:44:16.594 29525 30363 I requery : afterExecuteQuery
11-09 13:44:16.601 29525 29525 D StrictMode: StrictMode policy violation; ~duration=73 ms: android.os.StrictMode$StrictModeDiskReadViolation: policy=65599 violation=2
11-09 13:44:16.601 29525 29525 D StrictMode: 	at android.os.StrictMode$AndroidBlockGuardPolicy.onReadFromDisk(StrictMode.java:1440)
11-09 13:44:16.601 29525 29525 D StrictMode: 	at java.io.UnixFileSystem.checkAccess(UnixFileSystem.java:251)
11-09 13:44:16.601 29525 29525 D StrictMode: 	at java.io.File.exists(File.java:807)
11-09 13:44:16.601 29525 29525 D StrictMode: 	at android.app.ContextImpl.getDataDir(ContextImpl.java:2197)
11-09 13:44:16.601 29525 29525 D StrictMode: 	at android.app.ContextImpl.getPreferencesDir(ContextImpl.java:517)
11-09 13:44:16.601 29525 29525 D StrictMode: 	at android.app.ContextImpl.getSharedPreferencesPath(ContextImpl.java:714)
11-09 13:44:16.601 29525 29525 D StrictMode: 	at android.app.ContextImpl.getSharedPreferences(ContextImpl.java:368)
11-09 13:44:16.601 29525 29525 D StrictMode: 	at android.content.ContextWrapper.getSharedPreferences(ContextWrapper.java:167)
11-09 13:44:16.601 29525 29525 D StrictMode: 	at io.github.zwieback.familyfinance.core.preference.config.DatabasePrefs.<init>(DatabasePrefs.java:42)
11-09 13:44:16.601 29525 29525 D StrictMode: 	at io.github.zwieback.familyfinance.core.preference.config.DatabasePrefs.with(DatabasePrefs.java:47)
11-09 13:44:16.601 29525 29525 D StrictMode: 	at io.github.zwieback.familyfinance.core.activity.DataActivityWrapper.onCreate(DataActivityWrapper.java:23)
11-09 13:44:16.601 29525 29525 D StrictMode: 	at io.github.zwieback.familyfinance.business.preference.activity.SettingsActivity.onCreate(SettingsActivity.java:20)
11-09 13:44:16.601 29525 29525 D StrictMode: 	at android.app.Activity.performCreate(Activity.java:7009)
11-09 13:44:16.601 29525 29525 D StrictMode: 	at android.app.Activity.performCreate(Activity.java:7000)
11-09 13:44:16.601 29525 29525 D StrictMode: 	at android.app.Instrumentation.callActivityOnCreate(Instrumentation.java:1214)
11-09 13:44:16.601 29525 29525 D StrictMode: 	at android.app.ActivityThread.performLaunchActivity(ActivityThread.java:2731)
11-09 13:44:16.601 29525 29525 D StrictMode: 	at android.app.ActivityThread.handleLaunchActivity(ActivityThread.java:2856)
11-09 13:44:16.601 29525 29525 D StrictMode: 	at android.app.ActivityThread.-wrap11(Unknown Source:0)
11-09 13:44:16.601 29525 29525 D StrictMode: 	at android.app.ActivityThread$H.handleMessage(ActivityThread.java:1589)
11-09 13:44:16.601 29525 29525 D StrictMode: 	at android.os.Handler.dispatchMessage(Handler.java:106)
11-09 13:44:16.601 29525 29525 D StrictMode: 	at android.os.Looper.loop(Looper.java:164)
11-09 13:44:16.601 29525 29525 D StrictMode: 	at android.app.ActivityThread.main(ActivityThread.java:6494)
11-09 13:44:16.601 29525 29525 D StrictMode: 	at java.lang.reflect.Method.invoke(Native Method)
11-09 13:44:16.601 29525 29525 D StrictMode: 	at com.android.internal.os.RuntimeInit$MethodAndArgsCaller.run(RuntimeInit.java:438)
11-09 13:44:16.601 29525 29525 D StrictMode: 	at com.android.internal.os.ZygoteInit.main(ZygoteInit.java:807)
11-09 13:44:16.601 29525 29525 D StrictMode: StrictMode policy violation; ~duration=71 ms: android.os.StrictMode$StrictModeDiskReadViolation: policy=65599 violation=2
11-09 13:44:16.601 29525 29525 D StrictMode: 	at android.os.StrictMode$AndroidBlockGuardPolicy.onReadFromDisk(StrictMode.java:1440)
11-09 13:44:16.601 29525 29525 D StrictMode: 	at java.io.UnixFileSystem.checkAccess(UnixFileSystem.java:251)
11-09 13:44:16.601 29525 29525 D StrictMode: 	at java.io.File.exists(File.java:807)
11-09 13:44:16.601 29525 29525 D StrictMode: 	at android.app.ContextImpl.ensurePrivateDirExists(ContextImpl.java:572)
11-09 13:44:16.601 29525 29525 D StrictMode: 	at android.app.ContextImpl.ensurePrivateDirExists(ContextImpl.java:563)
11-09 13:44:16.601 29525 29525 D StrictMode: 	at android.app.ContextImpl.getPreferencesDir(ContextImpl.java:519)
11-09 13:44:16.601 29525 29525 D StrictMode: 	at android.app.ContextImpl.getSharedPreferencesPath(ContextImpl.java:714)
11-09 13:44:16.601 29525 29525 D StrictMode: 	at android.app.ContextImpl.getSharedPreferences(ContextImpl.java:368)
11-09 13:44:16.601 29525 29525 D StrictMode: 	at android.content.ContextWrapper.getSharedPreferences(ContextWrapper.java:167)
11-09 13:44:16.601 29525 29525 D StrictMode: 	at io.github.zwieback.familyfinance.core.preference.config.DatabasePrefs.<init>(DatabasePrefs.java:42)
11-09 13:44:16.601 29525 29525 D StrictMode: 	at io.github.zwieback.familyfinance.core.preference.config.DatabasePrefs.with(DatabasePrefs.java:47)
11-09 13:44:16.601 29525 29525 D StrictMode: 	at io.github.zwieback.familyfinance.core.activity.DataActivityWrapper.onCreate(DataActivityWrapper.java:23)
11-09 13:44:16.601 29525 29525 D StrictMode: 	at io.github.zwieback.familyfinance.business.preference.activity.SettingsActivity.onCreate(SettingsActivity.java:20)
11-09 13:44:16.601 29525 29525 D StrictMode: 	at android.app.Activity.performCreate(Activity.java:7009)
11-09 13:44:16.601 29525 29525 D StrictMode: 	at android.app.Activity.performCreate(Activity.java:7000)
11-09 13:44:16.601 29525 29525 D StrictMode: 	at android.app.Instrumentation.callActivityOnCreate(Instrumentation.java:1214)
11-09 13:44:16.601 29525 29525 D StrictMode: 	at android.app.ActivityThread.performLaunchActivity(ActivityThread.java:2731)
11-09 13:44:16.601 29525 29525 D StrictMode: 	at android.app.ActivityThread.handleLaunchActivity(ActivityThread.java:2856)
11-09 13:44:16.601 29525 29525 D StrictMode: 	at android.app.ActivityThread.-wrap11(Unknown Source:0)
11-09 13:44:16.601 29525 29525 D StrictMode: 	at android.app.ActivityThread$H.handleMessage(ActivityThread.java:1589)
11-09 13:44:16.601 29525 29525 D StrictMode: 	at android.os.Handler.dispatchMessage(Handler.java:106)
11-09 13:44:16.601 29525 29525 D StrictMode: 	at android.os.Looper.loop(Looper.java:164)
11-09 13:44:16.601 29525 29525 D StrictMode: 	at android.app.ActivityThread.main(ActivityThread.java:6494)
11-09 13:44:16.601 29525 29525 D StrictMode: 	at java.lang.reflect.Method.invoke(Native Method)
11-09 13:44:16.601 29525 29525 D StrictMode: 	at com.android.internal.os.RuntimeInit$MethodAndArgsCaller.run(RuntimeInit.java:438)
11-09 13:44:16.601 29525 29525 D StrictMode: 	at com.android.internal.os.ZygoteInit.main(ZygoteInit.java:807)
11-09 13:44:16.601 29525 29525 D StrictMode: StrictMode policy violation; ~duration=64 ms: android.os.StrictMode$StrictModeDiskReadViolation: policy=65599 violation=2
11-09 13:44:16.601 29525 29525 D StrictMode: 	at android.os.StrictMode$AndroidBlockGuardPolicy.onReadFromDisk(StrictMode.java:1440)
11-09 13:44:16.601 29525 29525 D StrictMode: 	at java.io.UnixFileSystem.checkAccess(UnixFileSystem.java:251)
11-09 13:44:16.601 29525 29525 D StrictMode: 	at java.io.File.exists(File.java:807)
11-09 13:44:16.601 29525 29525 D StrictMode: 	at android.app.ContextImpl.ensurePrivateDirExists(ContextImpl.java:572)
11-09 13:44:16.601 29525 29525 D StrictMode: 	at android.app.ContextImpl.ensurePrivateDirExists(ContextImpl.java:563)
11-09 13:44:16.601 29525 29525 D StrictMode: 	at android.app.ContextImpl.getPreferencesDir(ContextImpl.java:519)
11-09 13:44:16.601 29525 29525 D StrictMode: 	at android.app.ContextImpl.getSharedPreferencesPath(ContextImpl.java:714)
11-09 13:44:16.601 29525 29525 D StrictMode: 	at android.app.ContextImpl.getSharedPreferences(ContextImpl.java:368)
11-09 13:44:16.601 29525 29525 D StrictMode: 	at android.content.ContextWrapper.getSharedPreferences(ContextWrapper.java:167)
11-09 13:44:16.601 29525 29525 D StrictMode: 	at android.content.ContextWrapper.getSharedPreferences(ContextWrapper.java:167)
11-09 13:44:16.601 29525 29525 D StrictMode: 	at android.support.v7.preference.PreferenceManager.getSharedPreferences(PreferenceManager.java:331)
11-09 13:44:16.601 29525 29525 D StrictMode: 	at android.support.v7.preference.Preference.getSharedPreferences(Preference.java:1213)
11-09 13:44:16.601 29525 29525 D StrictMode: 	at android.support.v7.preference.Preference.dispatchSetInitialValue(Preference.java:1561)
11-09 13:44:16.601 29525 29525 D StrictMode: 	at android.support.v7.preference.Preference.onAttachedToHierarchy(Preference.java:1293)
11-09 13:44:16.601 29525 29525 D StrictMode: 	at android.support.v7.preference.Preference.onAttachedToHierarchy(Preference.java:1305)
11-09 13:44:16.601 29525 29525 D StrictMode: 	at android.support.v7.preference.PreferenceGroup.addPreference(PreferenceGroup.java:260)
11-09 13:44:16.601 29525 29525 D StrictMode: 	at android.support.v7.preference.PreferenceGroup.addItemFromInflater(PreferenceGroup.java:181)
11-09 13:44:16.601 29525 29525 D StrictMode: 	at android.support.v7.preference.PreferenceInflater.rInflate(PreferenceInflater.java:363)
11-09 13:44:16.601 29525 29525 D StrictMode: 	at android.support.v7.preference.PreferenceInflater.inflate(PreferenceInflater.java:170)
11-09 13:44:16.601 29525 29525 D StrictMode: 	at android.support.v7.preference.PreferenceInflater.inflate(PreferenceInflater.java:120)
11-09 13:44:16.601 29525 29525 D StrictMode: 	at android.support.v7.preference.PreferenceManagerFix.inflateFromResource(PreferenceManagerFix.java:47)
11-09 13:44:16.601 29525 29525 D StrictMode: 	at android.support.v7.preference.PreferenceFragmentCompat.setPreferencesFromResource(PreferenceFragmentCompat.java:445)
11-09 13:44:16.601 29525 29525 D StrictMode: 	at io.github.zwieback.familyfinance.business.preference.fragment.SettingsFragment.onCreatePreferencesFix(SettingsFragment.java:26)
11-09 13:44:16.601 29525 29525 D StrictMode: 	at com.takisoft.fix.support.v7.preference.PreferenceFragmentCompat.onCreate(PreferenceFragmentCompat.java:62)
11-09 13:44:16.601 29525 29525 D StrictMode: 	at android.support.v4.app.Fragment.performCreate(Fragment.java:2414)
11-09 13:44:16.601 29525 29525 D StrictMode: 	at android.support.v4.app.FragmentManagerImpl.moveToState(FragmentManager.java:1418)
11-09 13:44:16.601 29525 29525 D StrictMode: 	at android.support.v4.app.FragmentTransition.addToFirstInLastOut(FragmentTransition.java:1195)
11-09 13:44:16.601 29525 29525 D StrictMode: 	at android.support.v4.app.FragmentTransition.calculateFragments(FragmentTransition.java:1078)
11-09 13:44:16.601 29525 29525 D StrictMode: 	at android.support.v4.app.FragmentTransition.startTransitions(FragmentTransition.java:117)
11-09 13:44:16.601 29525 29525 D StrictMode: 	at android.support.v4.app.FragmentManagerImpl.executeOpsTogether(FragmentManager.java:2408)
11-09 13:44:16.601 29525 29525 D StrictMode: 	at android.support.v4.app.FragmentManagerImpl.removeRedundantOperationsAndExecute(FragmentManager.java:2366)
11-09 13:44:16.601 29525 29525 D StrictMode: 	at android.support.v4.app.FragmentManagerImpl.execPendingActions(FragmentManager.java:2273)
11-09 13:44:16.601 29525 29525 D StrictMode: 	at android.support.v4.app.FragmentManagerImpl.dispatchStateChange(FragmentManager.java:3273)
11-09 13:44:16.601 29525 29525 D StrictMode: 	at android.support.v4.app.FragmentManagerImpl.dispatchActivityCreated(FragmentManager.java:3229)
11-09 13:44:16.601 29525 29525 D StrictMode: 	at android.support.v4.app.FragmentController.dispatchActivityCreated(FragmentController.java:201)
11-09 13:44:16.601 29525 29525 D StrictMode: 	at android.support.v4.app.FragmentActivity.onStart(FragmentActivity.java:620)
11-09 13:44:16.601 29525 29525 D StrictMode: 	at android.support.v7.app.AppCompatActivity.onStart(AppCompatActivity.java:178)
11-09 13:44:16.601 29525 29525 D StrictMode: 	at android.app.Instrumentation.callActivityOnStart(Instrumentation.java:1334)
11-09 13:44:16.601 29525 29525 D StrictMode: 	at android.app.Activity.performStart(Activity.java:7029)
11-09 13:44:16.601 29525 29525 D StrictMode: 	at android.app.ActivityThread.performLaunchActivity(ActivityThread.java:2741)
11-09 13:44:16.601 29525 29525 D StrictMode: 	at android.app.ActivityThread.handleLaunchActivity(ActivityThread.java:2856)
11-09 13:44:16.601 29525 29525 D StrictMode: 	at android.app.ActivityThread.-wrap11(Unknown Source:0)
11-09 13:44:16.601 29525 29525 D StrictMode: 	at android.app.ActivityThread$H.handleMessage(ActivityThread.java:1589)
11-09 13:44:16.601 29525 29525 D StrictMode: 	at android.os.Handler.dispatchMessage(Handler.java:106)
11-09 13:44:16.601 29525 29525 D StrictMode: 	at android.os.Looper.loop(Looper.java:164)
11-09 13:44:16.601 29525 29525 D StrictMode: 	at android.app.ActivityThread.main(ActivityThread.java:6494)
11-09 13:44:16.601 29525 29525 D StrictMode: 	at java.lang.reflect.Method.invoke(Native Method)
11-09 13:44:16.601 29525 29525 D StrictMode: 	at com.andro
11-09 13:44:16.602 29525 29525 D StrictMode: StrictMode policy violation; ~duration=61 ms: android.os.StrictMode$StrictModeDiskReadViolation: policy=65599 violation=2
11-09 13:44:16.602 29525 29525 D StrictMode: 	at android.os.StrictMode$AndroidBlockGuardPolicy.onReadFromDisk(StrictMode.java:1440)
11-09 13:44:16.602 29525 29525 D StrictMode: 	at android.app.SharedPreferencesImpl.awaitLoadedLocked(SharedPreferencesImpl.java:234)
11-09 13:44:16.602 29525 29525 D StrictMode: 	at android.app.SharedPreferencesImpl.contains(SharedPreferencesImpl.java:301)
11-09 13:44:16.602 29525 29525 D StrictMode: 	at android.support.v7.preference.Preference.dispatchSetInitialValue(Preference.java:1561)
11-09 13:44:16.602 29525 29525 D StrictMode: 	at android.support.v7.preference.Preference.onAttachedToHierarchy(Preference.java:1293)
11-09 13:44:16.602 29525 29525 D StrictMode: 	at android.support.v7.preference.Preference.onAttachedToHierarchy(Preference.java:1305)
11-09 13:44:16.602 29525 29525 D StrictMode: 	at android.support.v7.preference.PreferenceGroup.addPreference(PreferenceGroup.java:260)
11-09 13:44:16.602 29525 29525 D StrictMode: 	at android.support.v7.preference.PreferenceGroup.addItemFromInflater(PreferenceGroup.java:181)
11-09 13:44:16.602 29525 29525 D StrictMode: 	at android.support.v7.preference.PreferenceInflater.rInflate(PreferenceInflater.java:363)
11-09 13:44:16.602 29525 29525 D StrictMode: 	at android.support.v7.preference.PreferenceInflater.inflate(PreferenceInflater.java:170)
11-09 13:44:16.602 29525 29525 D StrictMode: 	at android.support.v7.preference.PreferenceInflater.inflate(PreferenceInflater.java:120)
11-09 13:44:16.602 29525 29525 D StrictMode: 	at android.support.v7.preference.PreferenceManagerFix.inflateFromResource(PreferenceManagerFix.java:47)
11-09 13:44:16.602 29525 29525 D StrictMode: 	at android.support.v7.preference.PreferenceFragmentCompat.setPreferencesFromResource(PreferenceFragmentCompat.java:445)
11-09 13:44:16.602 29525 29525 D StrictMode: 	at io.github.zwieback.familyfinance.business.preference.fragment.SettingsFragment.onCreatePreferencesFix(SettingsFragment.java:26)
11-09 13:44:16.602 29525 29525 D StrictMode: 	at com.takisoft.fix.support.v7.preference.PreferenceFragmentCompat.onCreate(PreferenceFragmentCompat.java:62)
11-09 13:44:16.602 29525 29525 D StrictMode: 	at android.support.v4.app.Fragment.performCreate(Fragment.java:2414)
11-09 13:44:16.602 29525 29525 D StrictMode: 	at android.support.v4.app.FragmentManagerImpl.moveToState(FragmentManager.java:1418)
11-09 13:44:16.602 29525 29525 D StrictMode: 	at android.support.v4.app.FragmentTransition.addToFirstInLastOut(FragmentTransition.java:1195)
11-09 13:44:16.602 29525 29525 D StrictMode: 	at android.support.v4.app.FragmentTransition.calculateFragments(FragmentTransition.java:1078)
11-09 13:44:16.602 29525 29525 D StrictMode: 	at android.support.v4.app.FragmentTransition.startTransitions(FragmentTransition.java:117)
11-09 13:44:16.602 29525 29525 D StrictMode: 	at android.support.v4.app.FragmentManagerImpl.executeOpsTogether(FragmentManager.java:2408)
11-09 13:44:16.602 29525 29525 D StrictMode: 	at android.support.v4.app.FragmentManagerImpl.removeRedundantOperationsAndExecute(FragmentManager.java:2366)
11-09 13:44:16.602 29525 29525 D StrictMode: 	at android.support.v4.app.FragmentManagerImpl.execPendingActions(FragmentManager.java:2273)
11-09 13:44:16.602 29525 29525 D StrictMode: 	at android.support.v4.app.FragmentManagerImpl.dispatchStateChange(FragmentManager.java:3273)
11-09 13:44:16.602 29525 29525 D StrictMode: 	at android.support.v4.app.FragmentManagerImpl.dispatchActivityCreated(FragmentManager.java:3229)
11-09 13:44:16.602 29525 29525 D StrictMode: 	at android.support.v4.app.FragmentController.dispatchActivityCreated(FragmentController.java:201)
11-09 13:44:16.602 29525 29525 D StrictMode: 	at android.support.v4.app.FragmentActivity.onStart(FragmentActivity.java:620)
11-09 13:44:16.602 29525 29525 D StrictMode: 	at android.support.v7.app.AppCompatActivity.onStart(AppCompatActivity.java:178)
