06-27 00:14:23.098  2581  3495 W MediaProvider: Missing volume for /system/media/audio/alarms/Platinum.ogg; assuming invalid
06-27 00:14:23.130  1293  1350 E SurfaceFlinger: ro.sf.lcd_density must be defined as a build property
06-27 00:14:23.133  4021  4037 D OpenGLRenderer: Use EGL_SWAP_BEHAVIOR_PRESERVED: true
06-27 00:14:23.144  4021  4021 D         : HostConnection::get() New Host Connection established 0xaaa53c80, tid 4021
06-27 00:14:23.145  2581  3495 W MediaProvider: Missing volume for /system/media/audio/alarms/Plutonium.ogg; assuming invalid
06-27 00:14:23.157  2581  3495 W MediaProvider: Missing volume for /system/media/audio/alarms/Promethium.ogg; assuming invalid
06-27 00:14:23.161  2581  3495 W MediaProvider: Missing volume for /system/media/audio/alarms/Scandium.ogg; assuming invalid
06-27 00:14:23.191  2732  3941 I Auth    : [AuthManaged,PasswordComplexityHelperImpl] Updating password complexity components state.
06-27 00:14:23.191  2732  3941 I Auth    : [AuthManaged,PasswordComplexityHelperImpl] Disabling com.google.android.gms.auth.managed.admin.DeviceAdminReceiver
06-27 00:14:23.191  2732  2732 I ExposureNotification: ExposureServiceInternalService.onDestroy, com.google.android.gms.nearby.exposurenotification.service.ExposureNotificationInternalChimeraService@60469c5 [CONTEXT service_id=236 ]
06-27 00:14:23.191  2732  3941 I Auth    : [AuthManaged,PasswordComplexityHelperImpl] Disabling com.google.android.gms.auth.managed.ui.SetNewPasswordActivity
06-27 00:14:23.192  2732  2732 I NearbySharing: ReceiveSurfaceService destroyed [CONTEXT service_id=194 ]
06-27 00:14:23.193  2581  3495 W MediaProvider: Missing volume for /system/media/audio/notifications/Adara.ogg; assuming invalid
06-27 00:14:23.196  2747  3352 I ChromeSync: [Sync,SyncIntentOperation] Handling the intent: Intent { act=com.google.android.gms.phenotype.COMMITTED flg=0x10 pkg=com.google.android.gms cmp=com.google.android.gms/.chimera.GmsIntentOperationService (has extras) }.
06-27 00:14:23.197  1932  2165 I AccountManagerService: getTypesVisibleToCaller: isPermitted? true
06-27 00:14:23.198  2747  3352 I MdiSyncModule: flag handling is skipping irrelevant intent.
06-27 00:14:23.200  2747  3948 W ModuleInitIntentOp: Dropping unexpected action com.google.android.gms.phenotype.COMMITTED
06-27 00:14:23.218  4021  4037 D         : HostConnection::get() New Host Connection established 0xaa13f380, tid 4037
06-27 00:14:23.219  4021  4037 I OpenGLRenderer: Initialized EGL, version 1.4
06-27 00:14:23.219  4021  4037 W OpenGLRenderer: Failed to choose config with EGL_SWAP_BEHAVIOR_PRESERVED, retrying without...
06-27 00:14:23.220  4021  4037 D EGL_emulation: eglCreateContext: 0xaa97fdc0: maj 3 min 0 rcv 3
06-27 00:14:23.221  4021  4037 D EGL_emulation: eglMakeCurrent: 0xaa97fdc0: ver 3 0 (tinfo 0xaa964d10)
06-27 00:14:23.222  4021  4037 E eglCodecCommon: glUtilsParamSize: unknow param 0x00008cdf
06-27 00:14:23.222  4021  4037 E eglCodecCommon: glUtilsParamSize: unknow param 0x00008824
06-27 00:14:23.235  4021  4037 D EGL_emulation: eglMakeCurrent: 0xaa97fdc0: ver 3 0 (tinfo 0xaa964d10)
06-27 00:14:23.239  2732  3943 I Auth    : [AuthManaged,PasswordComplexityHelperImpl] Updating password complexity components state.
06-27 00:14:23.239  2732  3943 I Auth    : [AuthManaged,PasswordComplexityHelperImpl] Disabling com.google.android.gms.auth.managed.admin.DeviceAdminReceiver
06-27 00:14:23.240  2732  3943 I Auth    : [AuthManaged,PasswordComplexityHelperImpl] Disabling com.google.android.gms.auth.managed.ui.SetNewPasswordActivity
06-27 00:14:23.272  1661  1661 E MetadataRetrieverClient: failed to extract an album art
06-27 00:14:23.277  2581  3495 W MediaProvider: Missing volume for /system/media/audio/notifications/Aldebaran.ogg; assuming invalid
06-27 00:14:23.280  2581  3495 W MediaProvider: Missing volume for /system/media/audio/notifications/Altair.ogg; assuming invalid
06-27 00:14:23.303  2581  3495 W MediaProvider: Missing volume for /system/media/audio/notifications/Alya.ogg; assuming invalid
06-27 00:14:23.321  2581  3495 W MediaProvider: Missing volume for /system/media/audio/notifications/Antares.ogg; assuming invalid
06-27 00:14:23.333  1932  1951 I ActivityManager: Displayed com.android.packageinstaller/.permission.ui.GrantPermissionsActivity: +388ms (total +957ms)
06-27 00:14:23.342  2581  3495 W MediaProvider: Missing volume for /system/media/audio/notifications/Antimony.ogg; assuming invalid
06-27 00:14:23.345  2581  3495 W MediaProvider: Missing volume for /system/media/audio/notifications/Arcturus.ogg; assuming invalid
06-27 00:14:23.349  2581  3495 W MediaProvider: Missing volume for /system/media/audio/notifications/Argon.ogg; assuming invalid
06-27 00:14:23.352  2581  3495 W MediaProvider: Missing volume for /system/media/audio/notifications/Beat_Box_Android.ogg; assuming invalid
06-27 00:14:23.364  2732  3935 I PTCommittedOperation: Receive new configuration for com.google.android.gms.tapandpay
06-27 00:14:23.371  2747  3351 I ChromeSync: [Sync,SyncIntentOperation] Handling the intent: Intent { act=com.google.android.gms.phenotype.COMMITTED flg=0x10 pkg=com.google.android.gms cmp=com.google.android.gms/.chimera.GmsIntentOperationService (has extras) }.
06-27 00:14:23.372  2747  3699 I MdiSyncModule: flag handling is skipping irrelevant intent.
06-27 00:14:23.373  2747  3351 W ModuleInitIntentOp: Dropping unexpected action com.google.android.gms.phenotype.COMMITTED
06-27 00:14:23.374  2732  3942 I Auth    : [AuthManaged,PasswordComplexityHelperImpl] Updating password complexity components state.
06-27 00:14:23.374  2732  3942 I Auth    : [AuthManaged,PasswordComplexityHelperImpl] Disabling com.google.android.gms.auth.managed.admin.DeviceAdminReceiver
06-27 00:14:23.375  1932  3311 I AccountManagerService: getTypesVisibleToCaller: isPermitted? true
06-27 00:14:23.379  2732  3942 I Auth    : [AuthManaged,PasswordComplexityHelperImpl] Disabling com.google.android.gms.auth.managed.ui.SetNewPasswordActivity
06-27 00:14:23.388  2581  3495 W MediaProvider: Missing volume for /system/media/audio/notifications/Bellatrix.ogg; assuming invalid
06-27 00:14:23.409  2581  3495 W MediaProvider: Missing volume for /system/media/audio/notifications/Beryllium.ogg; assuming invalid
06-27 00:14:23.424  2581  3495 W MediaProvider: Missing volume for /system/media/audio/notifications/Betelgeuse.ogg; assuming invalid
06-27 00:14:23.428  2732  3956 I Auth    : [AuthManaged,PasswordComplexityHelperImpl] Updating password complexity components state.
06-27 00:14:23.428  2732  3956 I Auth    : [AuthManaged,PasswordComplexityHelperImpl] Disabling com.google.android.gms.auth.managed.admin.DeviceAdminReceiver
06-27 00:14:23.430  2732  3956 I Auth    : [AuthManaged,PasswordComplexityHelperImpl] Disabling com.google.android.gms.auth.managed.ui.SetNewPasswordActivity
06-27 00:14:23.439  2581  3495 W MediaProvider: Missing volume for /system/media/audio/notifications/CaffeineSnake.ogg; assuming invalid
06-27 00:14:23.440  2581  3495 W MediaProvider: Missing volume for /system/media/audio/notifications/Canopus.ogg; assuming invalid
06-27 00:14:23.443  2581  3495 W MediaProvider: Missing volume for /system/media/audio/notifications/Capella.ogg; assuming invalid
06-27 00:14:23.445  2581  3495 W MediaProvider: Missing volume for /system/media/audio/notifications/Castor.ogg; assuming invalid
06-27 00:14:23.446  2581  3495 W MediaProvider: Missing volume for /system/media/audio/notifications/CetiAlpha.ogg; assuming invalid
06-27 00:14:23.448  2732  3941 I PTCommittedOperation: Receive new configuration for com.google.android.gms.photos
06-27 00:14:23.452  2581  3495 W MediaProvider: Missing volume for /system/media/audio/notifications/Cobalt.ogg; assuming invalid
06-27 00:14:23.452  2747  2993 I ChromeSync: [Sync,SyncIntentOperation] Handling the intent: Intent { act=com.google.android.gms.phenotype.COMMITTED flg=0x10 pkg=com.google.android.gms cmp=com.google.android.gms/.chimera.GmsIntentOperationService (has extras) }.
06-27 00:14:23.453  2747  2993 I MdiSyncModule: flag handling is skipping irrelevant intent.
06-27 00:14:23.457  2747  3948 W ModuleInitIntentOp: Dropping unexpected action com.google.android.gms.phenotype.COMMITTED
06-27 00:14:23.457  1932  2075 I AccountManagerService: getTypesVisibleToCaller: isPermitted? true
06-27 00:14:23.505  2581  3495 W MediaProvider: Missing volume for /system/media/audio/notifications/Cricket.ogg; assuming invalid
06-27 00:14:23.573  2581  3495 W MediaProvider: Missing volume for /system/media/audio/notifications/DearDeer.ogg; assuming invalid
06-27 00:14:23.574  2732  3935 I PTCommittedOperation: Receive new configuration for com.google.android.gms.places
06-27 00:14:23.581  2732  3952 I Auth    : [AuthManaged,PasswordComplexityHelperImpl] Updating password complexity components state.
06-27 00:14:23.581  2732  3952 I Auth    : [AuthManaged,PasswordComplexityHelperImpl] Disabling com.google.android.gms.auth.managed.admin.DeviceAdminReceiver
06-27 00:14:23.583  2732  3952 I Auth    : [AuthManaged,PasswordComplexityHelperImpl] Disabling com.google.android.gms.auth.managed.ui.SetNewPasswordActivity
06-27 00:14:23.617  2581  3495 W MediaProvider: Missing volume for /system/media/audio/notifications/Deneb.ogg; assuming invalid
06-27 00:14:23.619  2581  3495 W MediaProvider: Missing volume for /system/media/audio/notifications/Doink.ogg; assuming invalid
06-27 00:14:23.625  2747  3944 I ChromeSync: [Sync,SyncIntentOperation] Handling the intent: Intent { act=com.google.android.gms.phenotype.COMMITTED flg=0x10 pkg=com.google.android.gms cmp=com.google.android.gms/.chimera.GmsIntentOperationService (has extras) }.
06-27 00:14:23.626  1932  2094 I AccountManagerService: getTypesVisibleToCaller: isPermitted? true
06-27 00:14:23.627  2732  3952 I Auth    : [AuthManaged,PasswordComplexityHelperImpl] Updating password complexity components state.
06-27 00:14:23.627  2732  3952 I Auth    : [AuthManaged,PasswordComplexityHelperImpl] Disabling com.google.android.gms.auth.managed.admin.DeviceAdminReceiver
06-27 00:14:23.629  2747  2993 I MdiSyncModule: flag handling is skipping irrelevant intent.
06-27 00:14:23.630  2747  3950 W ModuleInitIntentOp: Dropping unexpected action com.google.android.gms.phenotype.COMMITTED
06-27 00:14:23.631  2732  3952 I Auth    : [AuthManaged,PasswordComplexityHelperImpl] Disabling com.google.android.gms.auth.managed.ui.SetNewPasswordActivity
06-27 00:14:23.633  2732  3956 I PTCommittedOperation: Receive new configuration for com.google.android.gms.signin
06-27 00:14:23.653  2747  3948 E PhenotypeRegOp: Attempting to overwrite config package for com.google.android.gms.car [CONTEXT service_id=231 ]
06-27 00:14:23.676  2747  3948 E PhenotypeRegOp: Attempting to overwrite config package for com.google.android.gms.games [CONTEXT service_id=231 ]
06-27 00:14:23.676  2747  3948 E PhenotypeRegOp: Attempting to overwrite config package for com.google.android.gms.mobile_data_plan [CONTEXT service_id=231 ]
06-27 00:14:23.677  2747  3948 E PhenotypeRegOp: Attempting to overwrite config package for com.google.android.gms.signin [CONTEXT service_id=231 ]
06-27 00:14:23.678  2747  3948 E PhenotypeRegOp: Attempting to overwrite config package for com.google.android.gms.udc [CONTEXT service_id=231 ]
06-27 00:14:23.718  2581  3495 W MediaProvider: Missing volume for /system/media/audio/notifications/DontPanic.ogg; assuming invalid
06-27 00:14:23.732  2581  3495 W MediaProvider: Missing volume for /system/media/audio/notifications/Drip.ogg; assuming invalid
06-27 00:14:23.742  2581  3495 W MediaProvider: Missing volume for /system/media/audio/notifications/Electra.ogg; assuming invalid
06-27 00:14:23.751  2732  3952 I Auth    : [AuthManaged,PasswordComplexityHelperImpl] Updating password complexity components state.
06-27 00:14:23.751  2732  3952 I Auth    : [AuthManaged,PasswordComplexityHelperImpl] Disabling com.google.android.gms.auth.managed.admin.DeviceAdminReceiver
06-27 00:14:23.753  2732  3952 I Auth    : [AuthManaged,PasswordComplexityHelperImpl] Disabling com.google.android.gms.auth.managed.ui.SetNewPasswordActivity
06-27 00:14:23.759  2581  3495 W MediaProvider: Missing volume for /system/media/audio/notifications/F1_MissedCall.ogg; assuming invalid
06-27 00:14:23.778  2581  3495 W MediaProvider: Missing volume for /system/media/audio/notifications/F1_New_MMS.ogg; assuming invalid
06-27 00:14:23.785  2581  3495 W MediaProvider: Missing volume for /system/media/audio/notifications/F1_New_SMS.ogg; assuming invalid
06-27 00:14:23.792  1932  2168 I AccountManagerService: getTypesVisibleToCaller: isPermitted? true
06-27 00:14:23.795  2581  3495 W MediaProvider: Missing volume for /system/media/audio/notifications/Fluorine.ogg; assuming invalid
06-27 00:14:23.799  1932  1982 I InputReader: Reconfiguring input devices.  changes=0x00000010
06-27 00:14:23.800  1932  1982 I InputReader: Reconfiguring input devices.  changes=0x00000010
06-27 00:14:23.809  1932  1982 I InputReader: Reconfiguring input devices.  changes=0x00000010
06-27 00:14:23.971  1932  2095 I AccountManagerService: getTypesVisibleToCaller: isPermitted? true
06-27 00:14:24.064  1932  3279 I AccountManagerService: getTypesVisibleToCaller: isPermitted? true
06-27 00:14:24.127  2581  3495 W MediaProvider: Missing volume for /system/media/audio/notifications/Fomalhaut.ogg; assuming invalid
06-27 00:14:24.166  2496  4041 I UpdateIcingCorporaServi: Updating corpora: APPS=io.github.zwieback.familyfinance.debug, CONTACTS=MAYBE
06-27 00:14:24.196  2581  3495 W MediaProvider: Missing volume for /system/media/audio/notifications/Gallium.ogg; assuming invalid
06-27 00:14:24.201  2581  3495 W MediaProvider: Missing volume for /system/media/audio/notifications/Heaven.ogg; assuming invalid
06-27 00:14:24.207  2581  3495 W MediaProvider: Missing volume for /system/media/audio/notifications/Helium.ogg; assuming invalid
06-27 00:14:24.209  2732  3943 W GCM     : Unexpected forwarded intent: Intent { act=android.intent.action.PACKAGE_ADDED dat=package:io.github.zwieback.familyfinance.debug flg=0x4000010 cmp=com.google.android.gms/.chimera.PersistentIntentOperationService (has extras) }
06-27 00:14:24.211  2732  3942 W GCM     : Unexpected forwarded intent: Intent { act=android.intent.action.PACKAGE_ADDED dat=package:io.github.zwieback.familyfinance.debug flg=0x4000010 cmp=com.google.android.gms/.chimera.PersistentIntentOperationService (has extras) }
06-27 00:14:24.216  2581  3495 W MediaProvider: Missing volume for /system/media/audio/notifications/Highwire.ogg; assuming invalid
06-27 00:14:24.219  2747  3165 I Icing   : IndexChimeraService.getServiceInterface callingPackage=com.google.android.googlequicksearchbox componentName=null serviceId=36
06-27 00:14:24.237  2747  2907 W Icing   : No valid account for uploading user actions
06-27 00:14:24.238  1932  1944 I ActivityManager: Start proc 4042:com.svox.pico/u0a45 for broadcast com.svox.pico/.VoiceDataInstallerReceiver
06-27 00:14:24.258  2581  3495 W MediaProvider: Missing volume for /system/media/audio/notifications/Hojus.ogg; assuming invalid
06-27 00:14:24.262  2581  3495 W MediaProvider: Missing volume for /system/media/audio/notifications/Iridium.ogg; assuming invalid
06-27 00:14:24.278  2747  3950 I Auth    : [SupervisedAccountIntentOperation] onHandleIntent(): android.intent.action.PACKAGE_ADDED
06-27 00:14:24.316  2747  3351 I ChromeSync: [Sync,SyncIntentOperation] Handling the intent: Intent { act=android.intent.action.PACKAGE_ADDED dat=package:io.github.zwieback.familyfinance.debug flg=0x4000010 cmp=com.google.android.gms/.chimera.GmsIntentOperationService (has extras) }.
06-27 00:14:24.355  2747  3950 I FontLog : Package io.github.zwieback.familyfinance.debug has no metadata [CONTEXT service_id=132 ]
06-27 00:14:24.358  1932  2095 I AccountManagerService: getTypesVisibleToCaller: isPermitted? true
06-27 00:14:24.366  2747  3351 I ChromeSync: [Persistence,AffiliationManager] One of affiliation or grouping data for android://rn9jOb6VD2n1bpeAjA2GNSG62OUXRrK--f3ATaD22mTwHrDzzFsE242V56O2ruAbhBGBTRPIzQIrxS_pS2ZtSQ==@io.github.zwieback.familyfinance.debug/ was not found. Marking affiliation data as stale...
06-27 00:14:24.397  1932  3278 I AccountManagerService: getTypesVisibleToCaller: isPermitted? true
06-27 00:14:24.446  1932  2095 I AccountManagerService: getTypesVisibleToCaller: isPermitted? true
06-27 00:14:24.507  2732  2745 I ChmraDebugLogger: [53] +pay:-1
06-27 00:14:24.607  2747  3352 I ChimeraConfigurator: Starting update, reason: 4 urgentFeatures: pay:-1
06-27 00:14:24.608  2747  3352 E ConfigFileUtils: Failed to read config file: /data/data/com.google.android.gms/app_chimera/next_container.pb: open failed: ENOENT (No such file or directory)
06-27 00:14:24.668  2747  3352 I ChmraDebugLogger: [73] 1801
06-27 00:14:24.677  2747  3352 I ChmraDebugLogger: [30] [Pay.optional:202414020000] permitMetered=true,
06-27 00:14:24.696  2747  3352 W ChimeraConfigService: Retry attempt was throttled.
06-27 00:14:24.696  2747  3352 I ChimeraConfigurator: Update complete: success
06-27 00:14:24.708  2747  3352 I GmsModuleFndr: Beginning GMS chimera module scan
06-27 00:14:24.718  2747  2907 E native  : document-store.cc:1218 Failed to update per-doc-data with usage report
06-27 00:14:24.739  2747  3352 I ModuleSetMgr: Computing pending module set with APKs: [[AdsFdrDynamite.integ:21460000000], [Cronetdynamite:202414040700], [Dynamiteloader:202414040700], [Dynamitemodulesa:202414040000], [Dynamitemodulesc:202414040000], [Googlecertificates:202414040000], [Mapsdynamite:202414040000], [Measurementdynamite:202414040000]]
06-27 00:14:24.743  2747  2907 I Icing   : Usage reports ok 0, Failed Usage reports 1, indexed 0, rejected 0
06-27 00:14:24.744  2747  3352 I ModuleSetMgr: Pending container module APKs: []
06-27 00:14:24.744  2747  3352 I ModuleSetMgr: Pending non-container module APKs: []
06-27 00:14:24.767  2732  3667 I PTCommittedOperation: Receive new configuration for com.google.android.gms.auth_authzen
06-27 00:14:24.770  2747  3352 I SystemUpdate: [Installation,ReceiverIntentOperation] Received intent: Intent { act=com.google.android.gms.phenotype.com.google.android.gms.update.COMMITTED flg=0x10 cmp=com.google.android.gms/.chimera.GmsIntentOperationService (has extras) }.
06-27 00:14:24.802  1932  2168 I AccountManagerService: getTypesVisibleToCaller: isPermitted? true
06-27 00:14:24.805  2747  3699 I ChromeSync: [Sync,SyncIntentOperation] Handling the intent: Intent { act=com.google.android.gms.phenotype.COMMITTED flg=0x10 pkg=com.google.android.gms cmp=com.google.android.gms/.chimera.GmsIntentOperationService (has extras) }.
06-27 00:14:24.807  2747  3351 I MdiSyncModule: flag handling is skipping irrelevant intent.
06-27 00:14:24.811  2747  3351 W ModuleInitIntentOp: Dropping unexpected action com.google.android.gms.phenotype.COMMITTED
06-27 00:14:24.818  1932  3311 W ActivityManager: Unable to start service Intent { act=com.google.android.gms.auth.key.retrieval.service.START pkg=com.google.android.gms } U=0: not found
06-27 00:14:24.852  1932  1943 W ActivityManager: Unbind failed: could not find connection for android.os.BinderProxy@c9c3a5c
06-27 00:14:24.880  2747  2904 E GmsClient: unable to connect to service: com.google.android.gms.auth.key.retrieval.service.START on com.google.android.gms
06-27 00:14:24.895  2747  2906 W GmscoreIpa: Can't build MobileApplication indexable: URL too long intent:#Intent;action=android.intent.action.MAIN;category=android.intent.category.LAUNCHER;package=io.github.zwieback.familyfinance.debug;component=io.github.zwieback.familyfinance.debug/io.github.zwieback.familyfinance.business.dashboard.activity.DashboardActivity;end [CONTEXT service_id=255 ]
06-27 00:14:24.946  2732  3667 I PTCommittedOperation: Receive new configuration for com.google.android.gms.vision
06-27 00:14:25.013  2732  3956 I PTCommittedOperation: Receive new configuration for com.google.android.gms.tron.metrics
06-27 00:14:25.016  2496  4041 I UpdateIcingCorporaServi: UpdateCorporaTask done [took 850 ms] updated apps [took 850 ms] 
06-27 00:14:25.054  2581  3495 W MediaProvider: Missing volume for /system/media/audio/notifications/Krypton.ogg; assuming invalid
06-27 00:14:25.064  2747  2907 I Icing   : Indexing com.google.android.googlequicksearchbox-applications_uri from com.google.android.googlequicksearchbox
06-27 00:14:25.113  2732  3667 I PTCommittedOperation: Receive new configuration for com.google.android.gms.wearable
06-27 00:14:25.122  2732  3956 I PTCommittedOperation: Receive new configuration for com.google.android.gms.walletp2p.v2
06-27 00:14:25.150  2581  3495 W MediaProvider: Missing volume for /system/media/audio/notifications/KzurbSonar.ogg; assuming invalid
06-27 00:14:25.153  2732  3942 I PTCommittedOperation: Receive new configuration for com.google.android.gms.phonesky_recovery
06-27 00:14:25.177  2747  2993 I MobileDataHub: Scheduling periodic tasks
06-27 00:14:25.177  2747  3360 W MobileDataHub: [Service] appsupload-periodic periodic task disabled
06-27 00:14:25.278  2581  3495 W MediaProvider: Missing volume for /system/media/audio/notifications/Lalande.ogg; assuming invalid
06-27 00:14:25.348  2732  3667 I PTCommittedOperation: Receive new configuration for com.google.android.gms.firebase.auth
06-27 00:14:25.349  2732  3956 I Herrevad: [328] absm.a: updateListenState
06-27 00:14:25.454  2732  3943 I PTCommittedOperation: Receive new configuration for com.google.android.gms.ads
06-27 00:14:25.455  2581  3495 W MediaProvider: Missing volume for /system/media/audio/notifications/Merope.ogg; assuming invalid
06-27 00:14:25.463  2732  3398 I Auth    : [AuthManaged,PasswordComplexityHelperImpl] Updating password complexity components state.
06-27 00:14:25.463  2732  3398 I Auth    : [AuthManaged,PasswordComplexityHelperImpl] Disabling com.google.android.gms.auth.managed.admin.DeviceAdminReceiver
06-27 00:14:25.465  2732  3398 I Auth    : [AuthManaged,PasswordComplexityHelperImpl] Disabling com.google.android.gms.auth.managed.ui.SetNewPasswordActivity
06-27 00:14:25.533  2581  3495 W MediaProvider: Missing volume for /system/media/audio/notifications/Mira.ogg; assuming invalid
06-27 00:14:25.551  2747  2993 I SystemUpdate: [Execution,InstallationEventIntentOperation] Handling event of type 2.
06-27 00:14:25.556  2747  3948 I SystemUpdate: [Execution,InstallationIntentOperation] Received intent: Intent { act=com.google.android.gms.update.INSTALL_UPDATE cat=[targeted_intent_op_prefix:.update.execution.InstallationIntentOperation] cmp=com.google.android.gms/.chimera.GmsIntentOperationService }.
06-27 00:14:25.562  2747  3948 I SystemUpdate: [Execution,ExecutionManager] Action finished-execution executed for 0.00 seconds.
06-27 00:14:25.613  2747  3352 W SystemUpdate: [Config,SystemUpdatePolicyCompat] Error getting device policy. This might be WAI given that there is a bug in Android framework API.
06-27 00:14:25.616  2732  3943 I PTCommittedOperation: Receive new configuration for com.google.android.gms.car
06-27 00:14:25.624  2732  3398 I Auth    : [AuthManaged,PasswordComplexityHelperImpl] Updating password complexity components state.
06-27 00:14:25.624  2732  3398 I Auth    : [AuthManaged,PasswordComplexityHelperImpl] Disabling com.google.android.gms.auth.managed.admin.DeviceAdminReceiver
06-27 00:14:25.629  2747  3350 W art     : Long monitor contention event with owner method=boolean android.os.BinderProxy.transactNative(int, android.os.Parcel, android.os.Parcel, int) from Binder.java:4294967294 waiters=0 for 815ms
06-27 00:14:25.629  2732  3398 I Auth    : [AuthManaged,PasswordComplexityHelperImpl] Disabling com.google.android.gms.auth.managed.ui.SetNewPasswordActivity
06-27 00:14:25.647  2747  3948 I ChromeSync: [Sync,SyncIntentOperation] Handling the intent: Intent { act=com.google.android.gms.phenotype.COMMITTED flg=0x10 pkg=com.google.android.gms cmp=com.google.android.gms/.chimera.GmsIntentOperationService (has extras) }.
06-27 00:14:25.649  1932  2167 I AccountManagerService: getTypesVisibleToCaller: isPermitted? true
06-27 00:14:25.678  2747  3948 I MdiSyncModule: flag handling is skipping irrelevant intent.
06-27 00:14:25.679  2747  3948 W ModuleInitIntentOp: Dropping unexpected action com.google.android.gms.phenotype.COMMITTED
06-27 00:14:25.704  2732  3667 I PTCommittedOperation: Receive new configuration for com.google.android.gms.gcm
06-27 00:14:25.886  2732  3936 I Auth    : [AuthManaged,PasswordComplexityHelperImpl] Updating password complexity components state.
06-27 00:14:25.886  2732  3936 I Auth    : [AuthManaged,PasswordComplexityHelperImpl] Disabling com.google.android.gms.auth.managed.admin.DeviceAdminReceiver
06-27 00:14:25.888  2732  3936 I Auth    : [AuthManaged,PasswordComplexityHelperImpl] Disabling com.google.android.gms.auth.managed.ui.SetNewPasswordActivity
06-27 00:14:25.932  1661  2037 V EmulatedCamera_Camera: getCameraInfo
06-27 00:14:25.933  1661  2037 V EmulatedCamera_BaseCamera: getCameraInfo
06-27 00:14:25.940  2747  3351 I OcrModelUpStIntentOp: Updating ocr activity enabled=true (phenotypeFlag=true, lowRamDevice=false, prereqCheck=true)
06-27 00:14:25.962  2747  3351 W DynamiteModule: Local module descriptor class for com.google.android.gms.vision.dynamite.ocr not found.
06-27 00:14:25.962  2747  3351 W ProviderHelper: Unknown dynamite feature vision.dynamite.ocr
06-27 00:14:25.962  2747  3351 I DynamiteModule: Considering local module com.google.android.gms.vision.dynamite.ocr:0 and remote module com.google.android.gms.vision.dynamite.ocr:0
06-27 00:14:25.962  2747  3351 W ProviderHelper: Ignoring optional dynamite feature vision.ocr
06-27 00:14:25.962  2747  3351 W DynamiteModule: Local module descriptor class for com.google.android.gms.vision.ocr not found.
06-27 00:14:25.962  2747  3351 I DynamiteModule: Considering local module com.google.android.gms.vision.ocr:0 and remote module com.google.android.gms.vision.ocr:0
06-27 00:14:25.962  2747  3351 E Vision  : Error loading module com.google.android.gms.vision.ocr optional module true: waz: No acceptable module found. Local version is 0 and remote version is 0.
06-27 00:14:25.964  2747  3351 W TextNativeHandle: Native handle not yet available. Reverting to no-op handle.
06-27 00:14:25.964  2747  3351 W DynamiteModule: Local module descriptor class for com.google.android.gms.vision.dynamite.ocr not found.
06-27 00:14:25.965  2747  3351 W ProviderHelper: Unknown dynamite feature vision.dynamite.ocr
06-27 00:14:25.965  2747  3351 I DynamiteModule: Considering local module com.google.android.gms.vision.dynamite.ocr:0 and remote module com.google.android.gms.vision.dynamite.ocr:0
06-27 00:14:25.965  2747  3351 W ProviderHelper: Ignoring optional dynamite feature vision.ocr
06-27 00:14:25.965  2747  3351 W DynamiteModule: Local module descriptor class for com.google.android.gms.vision.ocr not found.
06-27 00:14:25.965  2747  3351 I DynamiteModule: Considering local module com.google.android.gms.vision.ocr:0 and remote module com.google.android.gms.vision.ocr:0
06-27 00:14:25.965  2747  3351 E Vision  : Error loading module com.google.android.gms.vision.ocr optional module true: waz: No acceptable module found. Local version is 0 and remote version is 0.
06-27 00:14:25.968  2747  3351 I OcrModelUpStIntentOp: Downloading text recognizer
06-27 00:14:26.052  2747  2907 I Icing   : Indexing com.google.android.gms-apps from com.google.android.gms
06-27 00:14:26.053  1932  2168 I ActivityManager: Killing 3478:com.android.managedprovisioning/u0a10 (adj 15): empty #17
06-27 00:14:26.060  2581  3495 W MediaProvider: Missing volume for /system/media/audio/notifications/OnTheHunt.ogg; assuming invalid
06-27 00:14:26.129  2732  3936 I Auth    : [AuthManaged,PasswordComplexityHelperImpl] Updating password complexity components state.
06-27 00:14:26.129  2732  3936 I Auth    : [AuthManaged,PasswordComplexityHelperImpl] Disabling com.google.android.gms.auth.managed.admin.DeviceAdminReceiver
06-27 00:14:26.129  2732  3936 I Auth    : [AuthManaged,PasswordComplexityHelperImpl] Disabling com.google.android.gms.auth.managed.ui.SetNewPasswordActivity
06-27 00:14:26.131  1932  1944 I AccountManagerService: getTypesVisibleToCaller: isPermitted? true
06-27 00:14:26.151  2747  3391 E MDD     : MDDManager Failed to init shared file metadata.
06-27 00:14:26.241  2732  3956 I Fitness : OnPackageChangedOperation got intent: Intent { act=android.intent.action.PACKAGE_CHANGED dat=package:com.google.android.syncadapters.contacts flg=0x4000010 cmp=com.google.android.gms/.chimera.PersistentIntentOperationService (has extras) } [CONTEXT service_id=17 ]
06-27 00:14:26.248  2496  4064 I UpdateIcingCorporaServi: Updating corpora: APPS=com.google.android.syncadapters.contacts, CONTACTS=MAYBE
06-27 00:14:26.258  2496  4064 I UpdateIcingCorporaServi: UpdateCorporaTask done [took 9 ms] updated apps [took 9 ms] 
06-27 00:14:26.404  2732  3936 I Auth    : [AuthManaged,PasswordComplexityHelperImpl] Updating password complexity components state.
06-27 00:14:26.404  2732  3936 I Auth    : [AuthManaged,PasswordComplexityHelperImpl] Disabling com.google.android.gms.auth.managed.admin.DeviceAdminReceiver
06-27 00:14:26.405  2732  3956 I Fitness : FitCleanupIntentOperation received Intent android.intent.action.PACKAGE_CHANGED [CONTEXT service_id=17 ]
06-27 00:14:26.407  2732  3936 I Auth    : [AuthManaged,PasswordComplexityHelperImpl] Disabling com.google.android.gms.auth.managed.ui.SetNewPasswordActivity
06-27 00:14:26.427  1932  2166 I AccountManagerService: getTypesVisibleToCaller: isPermitted? true
06-27 00:14:26.462  2496  4066 I UpdateIcingCorporaServi: Updating corpora: APPS=com.google.android.gms, CONTACTS=MAYBE
06-27 00:14:26.476  2496  4066 I UpdateIcingCorporaServi: UpdateCorporaTask done [took 14 ms] updated apps [took 14 ms] 
06-27 00:14:26.572  2747  3699 W art     : Long monitor contention event with owner method=void java.lang.Object.wait!(long, int) from Object.java:4294967294 waiters=0 for 895ms
06-27 00:14:26.587  2747  3352 I ChromeSync: [Sync,SyncIntentOperation] Handling the intent: Intent { act=com.google.android.gms.phenotype.COMMITTED flg=0x10 pkg=com.google.android.gms cmp=com.google.android.gms/.chimera.GmsIntentOperationService (has extras) }.
06-27 00:14:26.589  1932  2075 I AccountManagerService: getTypesVisibleToCaller: isPermitted? true
06-27 00:14:26.589  2747  3948 I MdiSyncModule: flag handling is skipping irrelevant intent.
06-27 00:14:26.590  2747  3948 W ModuleInitIntentOp: Dropping unexpected action com.google.android.gms.phenotype.COMMITTED
06-27 00:14:26.598  2747  3351 I ChromeSync: [Sync,SyncIntentOperation] Handling the intent: Intent { act=com.google.android.gms.phenotype.COMMITTED flg=0x10 pkg=com.google.android.gms cmp=com.google.android.gms/.chimera.GmsIntentOperationService (has extras) }.
06-27 00:14:26.599  2747  3948 I MdiSyncModule: flag handling is skipping irrelevant intent.
06-27 00:14:26.600  2747  3351 W ModuleInitIntentOp: Dropping unexpected action com.google.android.gms.phenotype.COMMITTED
06-27 00:14:26.602  1932  1944 I AccountManagerService: getTypesVisibleToCaller: isPermitted? true
06-27 00:14:26.606  2747  3351 I ChromeSync: [Sync,SyncIntentOperation] Handling the intent: Intent { act=com.google.android.gms.phenotype.COMMITTED flg=0x10 pkg=com.google.android.gms cmp=com.google.android.gms/.chimera.GmsIntentOperationService (has extras) }.
06-27 00:14:26.607  1932  3099 I AccountManagerService: getTypesVisibleToCaller: isPermitted? true
06-27 00:14:26.609  2747  3944 I MdiSyncModule: flag handling is skipping irrelevant intent.
06-27 00:14:26.610  2747  3351 W ModuleInitIntentOp: Dropping unexpected action com.google.android.gms.phenotype.COMMITTED
06-27 00:14:26.617  2747  3699 I ChromeSync: [Sync,SyncIntentOperation] Handling the intent: Intent { act=com.google.android.gms.phenotype.COMMITTED flg=0x10 pkg=com.google.android.gms cmp=com.google.android.gms/.chimera.GmsIntentOperationService (has extras) }.
06-27 00:14:26.618  1932  2165 I AccountManagerService: getTypesVisibleToCaller: isPermitted? true
06-27 00:14:26.618  2747  3948 I MdiSyncModule: flag handling is skipping irrelevant intent.
06-27 00:14:26.619  2747  3944 I PhoneskyRecoveryLogs: Experiments updated. Start recovery checks. [CONTEXT service_id=242 ]
06-27 00:14:26.620  2747  3948 W ModuleInitIntentOp: Dropping unexpected action com.google.android.gms.phenotype.COMMITTED
06-27 00:14:26.620  1932  2166 I AccountManagerService: getTypesVisibleToCaller: isPermitted? true
06-27 00:14:26.622  1932  2094 I AccountManagerService: getTypesVisibleToCaller: isPermitted? true
06-27 00:14:26.664  2732  3936 I Auth    : [AuthManaged,PasswordComplexityHelperImpl] Updating password complexity components state.
06-27 00:14:26.664  2732  3936 I Auth    : [AuthManaged,PasswordComplexityHelperImpl] Disabling com.google.android.gms.auth.managed.admin.DeviceAdminReceiver
06-27 00:14:26.668  2732  3936 I Auth    : [AuthManaged,PasswordComplexityHelperImpl] Disabling com.google.android.gms.auth.managed.ui.SetNewPasswordActivity
06-27 00:14:26.681  2747  3351 I ChromeSync: [Sync,SyncIntentOperation] Handling the intent: Intent { act=com.google.android.gms.phenotype.COMMITTED flg=0x10 pkg=com.google.android.gms cmp=com.google.android.gms/.chimera.GmsIntentOperationService (has extras) }.
06-27 00:14:26.682  1932  1943 I AccountManagerService: getTypesVisibleToCaller: isPermitted? true
06-27 00:14:26.682  2747  3944 I MdiSyncModule: flag handling is skipping irrelevant intent.
06-27 00:14:26.682  2747  3944 W ModuleInitIntentOp: Dropping unexpected action com.google.android.gms.phenotype.COMMITTED
06-27 00:14:26.686  2747  3352 I ChromeSync: [Sync,SyncIntentOperation] Handling the intent: Intent { act=com.google.android.gms.phenotype.COMMITTED flg=0x10 pkg=com.google.android.gms cmp=com.google.android.gms/.chimera.GmsIntentOperationService (has extras) }.
06-27 00:14:26.686  1932  1943 I AccountManagerService: getTypesVisibleToCaller: isPermitted? true
06-27 00:14:26.687  2747  3350 I MdiSyncModule: flag handling is skipping irrelevant intent.
06-27 00:14:26.687  2732  3936 I Fitness : OnPackageChangedOperation got intent: Intent { act=android.intent.action.PACKAGE_CHANGED dat=package:com.google.android.gms flg=0x4000010 cmp=com.google.android.gms/.chimera.PersistentIntentOperationService (has extras) } [CONTEXT service_id=17 ]
06-27 00:14:26.689  2747  3352 W ModuleInitIntentOp: Dropping unexpected action com.google.android.gms.phenotype.COMMITTED
06-27 00:14:26.698  2747  3699 I ChromeSync: [Sync,SyncIntentOperation] Handling the intent: Intent { act=com.google.android.gms.phenotype.COMMITTED flg=0x10 pkg=com.google.android.gms cmp=com.google.android.gms/.chimera.GmsIntentOperationService (has extras) }.
06-27 00:14:26.699  2747  3944 I MdiSyncModule: flag handling is skipping irrelevant intent.
06-27 00:14:26.702  1932  3311 I AccountManagerService: getTypesVisibleToCaller: isPermitted? true
06-27 00:14:26.703  2747  3944 W ModuleInitIntentOp: Dropping unexpected action com.google.android.gms.phenotype.COMMITTED
06-27 00:14:26.715  2747  3948 I ChromeSync: [Sync,SyncIntentOperation] Handling the intent: Intent { act=com.google.android.gms.phenotype.COMMITTED flg=0x10 pkg=com.google.android.gms cmp=com.google.android.gms/.chimera.GmsIntentOperationService (has extras) }.
06-27 00:14:26.715  2747  3699 I MdiSyncModule: flag handling is skipping irrelevant intent.
06-27 00:14:26.716  2747  3948 W ModuleInitIntentOp: Dropping unexpected action com.google.android.gms.phenotype.COMMITTED
06-27 00:14:26.718  1932  2168 I AccountManagerService: getTypesVisibleToCaller: isPermitted? true
06-27 00:14:26.739  2496  4069 I UpdateIcingCorporaServi: Updating corpora: APPS=com.google.android.gsf, CONTACTS=MAYBE
06-27 00:14:26.746  2496  4069 I UpdateIcingCorporaServi: UpdateCorporaTask done [took 8 ms] updated apps [took 8 ms] 
06-27 00:14:26.766  2732  3936 I Auth    : [AuthManaged,PasswordComplexityHelperImpl] Updating password complexity components state.
06-27 00:14:26.766  2732  3936 I Auth    : [AuthManaged,PasswordComplexityHelperImpl] Disabling com.google.android.gms.auth.managed.admin.DeviceAdminReceiver
06-27 00:14:26.768  2732  3936 I Auth    : [AuthManaged,PasswordComplexityHelperImpl] Disabling com.google.android.gms.auth.managed.ui.SetNewPasswordActivity
06-27 00:14:26.848  2747  2907 I Icing   : Indexing done com.google.android.googlequicksearchbox-applications_uri
06-27 00:14:26.862  2747  2907 I Icing   : Indexing done com.google.android.gms-apps
06-27 00:14:26.893  2732  3942 I Fitness : FitCleanupIntentOperation received Intent android.intent.action.PACKAGE_CHANGED [CONTEXT service_id=17 ]
06-27 00:14:26.898  2732  3956 I Auth    : [AuthManaged,PasswordComplexityHelperImpl] Updating password complexity components state.
06-27 00:14:26.898  2732  3956 I Auth    : [AuthManaged,PasswordComplexityHelperImpl] Disabling com.google.android.gms.auth.managed.admin.DeviceAdminReceiver
06-27 00:14:26.904  2732  3956 I Auth    : [AuthManaged,PasswordComplexityHelperImpl] Disabling com.google.android.gms.auth.managed.ui.SetNewPasswordActivity
06-27 00:14:26.908  2732  3942 I Fitness : OnPackageChangedOperation got intent: Intent { act=android.intent.action.PACKAGE_CHANGED dat=package:com.google.android.gsf flg=0x4000010 cmp=com.google.android.gms/.chimera.PersistentIntentOperationService (has extras) } [CONTEXT service_id=17 ]
06-27 00:14:26.974  2732  3942 I Auth    : [AuthManaged,PasswordComplexityHelperImpl] Updating password complexity components state.
06-27 00:14:26.974  2732  3942 I Auth    : [AuthManaged,PasswordComplexityHelperImpl] Disabling com.google.android.gms.auth.managed.admin.DeviceAdminReceiver
06-27 00:14:26.975  2732  3942 I Auth    : [AuthManaged,PasswordComplexityHelperImpl] Disabling com.google.android.gms.auth.managed.ui.SetNewPasswordActivity
06-27 00:14:27.058  2747  2907 I Icing   : updateResources: need to parse acek{com.google.android.gms}
06-27 00:14:27.068  2732  3942 I Fitness : FitCleanupIntentOperation received Intent android.intent.action.PACKAGE_CHANGED [CONTEXT service_id=17 ]
06-27 00:14:27.074  2732  3719 I Auth    : [AuthManaged,PasswordComplexityHelperImpl] Updating password complexity components state.
06-27 00:14:27.074  2732  3719 I Auth    : [AuthManaged,PasswordComplexityHelperImpl] Disabling com.google.android.gms.auth.managed.admin.DeviceAdminReceiver
06-27 00:14:27.075  2732  3719 I Auth    : [AuthManaged,PasswordComplexityHelperImpl] Disabling com.google.android.gms.auth.managed.ui.SetNewPasswordActivity
06-27 00:14:27.129  1932  2094 I ActivityManager: Killing 3190:com.google.android.play.games/u0a46 (adj 15): empty #17
06-27 00:14:27.142  2747  2907 I Icing   : Indexing com.google.android.gms-apps from com.google.android.gms
06-27 00:14:27.142  2747  2907 I Icing   : Indexing done com.google.android.gms-apps
06-27 00:14:27.144  2747  2907 I Icing   : Indexing com.google.android.gms-apps from com.google.android.gms
06-27 00:14:27.144  2747  2907 I Icing   : Indexing done com.google.android.gms-apps
06-27 00:14:27.148  2747  2906 I Icing   : Indexing com.google.android.gms-apps from com.google.android.gms
06-27 00:14:27.148  2747  2906 I Icing   : Indexing done com.google.android.gms-apps
06-27 00:14:27.195  1932  3099 I ActivityManager: Killing 3437:com.android.keychain/1000 (adj 15): empty #17
06-27 00:14:27.197  2732  3719 I Auth    : [AuthManaged,PasswordComplexityHelperImpl] Updating password complexity components state.
06-27 00:14:27.197  2732  3719 I Auth    : [AuthManaged,PasswordComplexityHelperImpl] Disabling com.google.android.gms.auth.managed.admin.DeviceAdminReceiver
06-27 00:14:27.198  2732  3719 I Auth    : [AuthManaged,PasswordComplexityHelperImpl] Disabling com.google.android.gms.auth.managed.ui.SetNewPasswordActivity
06-27 00:14:27.274  2747  3352 I ChromeSync: [Sync,SyncIntentOperation] Handling the intent: Intent { act=com.google.android.gms.phenotype.COMMITTED flg=0x10 pkg=com.google.android.gms cmp=com.google.android.gms/.chimera.GmsIntentOperationService (has extras) }.
06-27 00:14:27.275  1932  2094 I AccountManagerService: getTypesVisibleToCaller: isPermitted? true
06-27 00:14:27.278  2747  3948 I MdiSyncModule: flag handling is skipping irrelevant intent.
06-27 00:14:27.280  2747  2993 W ModuleInitIntentOp: Dropping unexpected action com.google.android.gms.phenotype.COMMITTED
06-27 00:14:27.282  2732  3956 I PTCommittedOperation: Receive new configuration for com.google.android.gms.rcs
06-27 00:14:27.286  2732  3719 I Auth    : [AuthManaged,PasswordComplexityHelperImpl] Updating password complexity components state.
06-27 00:14:27.286  2732  3719 I Auth    : [AuthManaged,PasswordComplexityHelperImpl] Disabling com.google.android.gms.auth.managed.admin.DeviceAdminReceiver
06-27 00:14:27.288  2732  3719 I Auth    : [AuthManaged,PasswordComplexityHelperImpl] Disabling com.google.android.gms.auth.managed.ui.SetNewPasswordActivity
06-27 00:14:27.357  2747  3699 I ChromeSync: [Sync,SyncIntentOperation] Handling the intent: Intent { act=com.google.android.gms.phenotype.COMMITTED flg=0x10 pkg=com.google.android.gms cmp=com.google.android.gms/.chimera.GmsIntentOperationService (has extras) }.
06-27 00:14:27.358  1932  3311 I AccountManagerService: getTypesVisibleToCaller: isPermitted? true
06-27 00:14:27.360  2747  3699 I MdiSyncModule: flag handling is skipping irrelevant intent.
06-27 00:14:27.362  2747  3351 W ModuleInitIntentOp: Dropping unexpected action com.google.android.gms.phenotype.COMMITTED
06-27 00:14:27.387  2732  3398 I PTCommittedOperation: Receive new configuration for com.google.android.gms.ulr
06-27 00:14:27.398  2732  3719 I Auth    : [AuthManaged,PasswordComplexityHelperImpl] Updating password complexity components state.
06-27 00:14:27.398  2732  3719 I Auth    : [AuthManaged,PasswordComplexityHelperImpl] Disabling com.google.android.gms.auth.managed.admin.DeviceAdminReceiver
06-27 00:14:27.399  2732  3719 I Auth    : [AuthManaged,PasswordComplexityHelperImpl] Disabling com.google.android.gms.auth.managed.ui.SetNewPasswordActivity
06-27 00:14:27.508  2732  3942 I Auth    : [AuthManaged,PasswordComplexityHelperImpl] Updating password complexity components state.
06-27 00:14:27.508  2732  3942 I Auth    : [AuthManaged,PasswordComplexityHelperImpl] Disabling com.google.android.gms.auth.managed.admin.DeviceAdminReceiver
06-27 00:14:27.511  2732  3942 I Auth    : [AuthManaged,PasswordComplexityHelperImpl] Disabling com.google.android.gms.auth.managed.ui.SetNewPasswordActivity
06-27 00:14:27.538  2747  2993 I Vision  : Requesting optional module download of ocr.
06-27 00:14:27.540  2747  2993 I Vision  : Checking for download completion for 69869 -- ocr
06-27 00:14:27.549  2747  2993 I Vision  : Requesting optional module download of ocr.
06-27 00:14:27.549  2747  2993 I Vision  : Exceeded maximum feature download tries for ocr
06-27 00:14:27.549  2747  2993 W Vision  : Request of optional module download of ocr failed.
06-27 00:14:27.549  2747  3699 I ChromeSync: [Sync,SyncIntentOperation] Handling the intent: Intent { act=com.google.android.gms.phenotype.COMMITTED flg=0x10 pkg=com.google.android.gms cmp=com.google.android.gms/.chimera.GmsIntentOperationService (has extras) }.
06-27 00:14:27.551  2747  3948 I MdiSyncModule: flag handling is skipping irrelevant intent.
06-27 00:14:27.552  1932  2168 I AccountManagerService: getTypesVisibleToCaller: isPermitted? true
06-27 00:14:27.553  2747  3950 W ModuleInitIntentOp: Dropping unexpected action com.google.android.gms.phenotype.COMMITTED
06-27 00:14:27.555  2732  3956 I PTCommittedOperation: Receive new configuration for com.google.android.gms.appinvite
06-27 00:14:27.557  2747  2993 I Vision  : Checking for download completion for 69886 -- ocr
06-27 00:14:27.572  2747  3950 I ChromeSync: [Sync,SyncIntentOperation] Handling the intent: Intent { act=com.google.android.gms.phenotype.COMMITTED flg=0x10 pkg=com.google.android.gms cmp=com.google.android.gms/.chimera.GmsIntentOperationService (has extras) }.
06-27 00:14:27.573  2747  3351 I MdiSyncModule: flag handling is skipping irrelevant intent.
06-27 00:14:27.575  1932  3278 I AccountManagerService: getTypesVisibleToCaller: isPermitted? true
06-27 00:14:27.581  2747  3950 W ModuleInitIntentOp: Dropping unexpected action com.google.android.gms.phenotype.COMMITTED
06-27 00:14:27.645  2732  3398 I PTCommittedOperation: Receive new configuration for com.google.android.gms.setupservices
06-27 00:14:27.654  2732  3943 I Auth    : [AuthManaged,PasswordComplexityHelperImpl] Updating password complexity components state.
06-27 00:14:27.654  2732  3943 I Auth    : [AuthManaged,PasswordComplexityHelperImpl] Disabling com.google.android.gms.auth.managed.admin.DeviceAdminReceiver
06-27 00:14:27.656  2732  3943 I Auth    : [AuthManaged,PasswordComplexityHelperImpl] Disabling com.google.android.gms.auth.managed.ui.SetNewPasswordActivity
06-27 00:14:27.677  2747  3950 I ChromeSync: [Sync,SyncIntentOperation] Handling the intent: Intent { act=com.google.android.gms.phenotype.COMMITTED flg=0x10 pkg=com.google.android.gms cmp=com.google.android.gms/.chimera.GmsIntentOperationService (has extras) }.
06-27 00:14:27.678  1932  2167 I AccountManagerService: getTypesVisibleToCaller: isPermitted? true
06-27 00:14:27.686  2747  3948 I MdiSyncModule: flag handling is skipping irrelevant intent.
06-27 00:14:27.688  2747  3948 W ModuleInitIntentOp: Dropping unexpected action com.google.android.gms.phenotype.COMMITTED
06-27 00:14:27.732  2732  3719 I PTCommittedOperation: Receive new configuration for com.google.android.gms.usagereporting
06-27 00:14:27.736  2732  3952 I Auth    : [AuthManaged,PasswordComplexityHelperImpl] Updating password complexity components state.
06-27 00:14:27.736  2732  3952 I Auth    : [AuthManaged,PasswordComplexityHelperImpl] Disabling com.google.android.gms.auth.managed.admin.DeviceAdminReceiver
06-27 00:14:27.739  2747  4071 I ChromeSync: [Sync,SyncIntentOperation] Handling the intent: Intent { act=com.google.android.gms.phenotype.COMMITTED flg=0x10 pkg=com.google.android.gms cmp=com.google.android.gms/.chimera.GmsIntentOperationService (has extras) }.
06-27 00:14:27.741  2747  3944 I MdiSyncModule: flag handling is skipping irrelevant intent.
06-27 00:14:27.743  2747  2993 W ModuleInitIntentOp: Dropping unexpected action com.google.android.gms.phenotype.COMMITTED
06-27 00:14:27.745  1932  2168 I AccountManagerService: getTypesVisibleToCaller: isPermitted? true
06-27 00:14:27.745  2732  3952 I Auth    : [AuthManaged,PasswordComplexityHelperImpl] Disabling com.google.android.gms.auth.managed.ui.SetNewPasswordActivity
06-27 00:14:27.764  2732  3670 I GCoreUlr: WorldUpdater received intent Intent { act=com.google.android.location.reporting.ACTION_UPDATE_WORLD cmp=com.google.android.gms/com.google.android.location.reporting.service.DispatchingService (has extras) } with receiverAction com.google.gservices.intent.action.GSERVICES_CHANGED
06-27 00:14:27.777  2732  3952 I PTCommittedOperation: Receive new configuration for com.google.android.gms.constellation
06-27 00:14:27.779  2747  3948 I ChromeSync: [Sync,SyncIntentOperation] Handling the intent: Intent { act=com.google.android.gms.phenotype.COMMITTED flg=0x10 pkg=com.google.android.gms cmp=com.google.android.gms/.chimera.GmsIntentOperationService (has extras) }.
06-27 00:14:27.782  1932  2094 I AccountManagerService: getTypesVisibleToCaller: isPermitted? true
06-27 00:14:27.783  2747  3944 I MdiSyncModule: flag handling is skipping irrelevant intent.
06-27 00:14:27.789  2747  4072 W ModuleInitIntentOp: Dropping unexpected action com.google.android.gms.phenotype.COMMITTED
06-27 00:14:27.852  2732  3398 I PTCommittedOperation: Receive new configuration for com.google.android.gms.feedback
06-27 00:14:27.855  1932  2095 I AccountManagerService: getTypesVisibleToCaller: isPermitted? true
06-27 00:14:27.856  2747  3948 I ChromeSync: [Sync,SyncIntentOperation] Handling the intent: Intent { act=com.google.android.gms.phenotype.COMMITTED flg=0x10 pkg=com.google.android.gms cmp=com.google.android.gms/.chimera.GmsIntentOperationService (has extras) }.
06-27 00:14:27.859  2732  3952 I Auth    : [AuthManaged,PasswordComplexityHelperImpl] Updating password complexity components state.
06-27 00:14:27.859  2732  3952 I Auth    : [AuthManaged,PasswordComplexityHelperImpl] Disabling com.google.android.gms.auth.managed.admin.DeviceAdminReceiver
06-27 00:14:27.860  2747  3957 I MdiSyncModule: flag handling is skipping irrelevant intent.
06-27 00:14:27.861  2747  4072 W ModuleInitIntentOp: Dropping unexpected action com.google.android.gms.phenotype.COMMITTED
06-27 00:14:27.865  2732  3952 I Auth    : [AuthManaged,PasswordComplexityHelperImpl] Disabling com.google.android.gms.auth.managed.ui.SetNewPasswordActivity
06-27 00:14:27.886  2732  3956 I PTCommittedOperation: Receive new configuration for com.google.android.gms.analytics
06-27 00:14:27.887  1932  3278 I AccountManagerService: getTypesVisibleToCaller: isPermitted? true
06-27 00:14:27.888  2747  4072 I ChromeSync: [Sync,SyncIntentOperation] Handling the intent: Intent { act=com.google.android.gms.phenotype.COMMITTED flg=0x10 pkg=com.google.android.gms cmp=com.google.android.gms/.chimera.GmsIntentOperationService (has extras) }.
06-27 00:14:27.889  2747  4072 I MdiSyncModule: flag handling is skipping irrelevant intent.
06-27 00:14:27.900  2747  2993 W ModuleInitIntentOp: Dropping unexpected action com.google.android.gms.phenotype.COMMITTED
06-27 00:14:27.926  1932  1944 I AccountManagerService: getTypesVisibleToCaller: isPermitted? true
06-27 00:14:27.962  2732  3719 I PTCommittedOperation: Receive new configuration for com.google.android.libraries.personalization.footprints#com.google.android.gms
