11-10 13:56:28.766  2768  3244 I A       : (REDACTED) #onActiveStateChangeEvent, newState: %s, previousState: %s.
11-10 13:56:28.766  2768  3242 W A       : Disposing empty manager. Did you forgot to subscribe observables?
11-10 13:56:28.766  2768  3242 I chatty  : uid=10103(com.google.android.googlequicksearchbox) Lite Thread #0 identical 9 lines
11-10 13:56:28.766  2768  3242 W A       : Disposing empty manager. Did you forgot to subscribe observables?
11-10 13:56:28.766  2768  3242 I A       : (REDACTED) onDisabled. Registered: %s
11-10 13:56:28.768  2768  3244 I NgaEntryPointEventSendr: setupConnection
11-10 13:56:28.781  2768  3244 I NgaEntryPointEventSendr: (REDACTED) State changed: %s => %s
11-10 13:56:28.782  2768  3244 I A       : (REDACTED) stopListening(%s, %s)
11-10 13:56:28.786  2972  2972 I A       : Creating pss binder().
11-10 13:56:28.791  2768  3242 I A       : Initialize
11-10 13:56:28.796  2768  3244 I A       : (REDACTED) on opa visibility changed %s
11-10 13:56:28.796  2768  3244 I NgaEntryPointEventSendr: onServiceConnected
11-10 13:56:28.796  2972  7622 I A       : Calling beginBinderSession().
11-10 13:56:28.797  2972  7622 I A       : beginBinderSession(): calling binder
11-10 13:56:28.797  2768  3244 I NgaEntryPointEventSendr: (REDACTED) State changed: %s => %s
11-10 13:56:28.807  2768  3244 I A       : Successfully initialized all components
11-10 13:56:28.818  2972  3259 I A       : (REDACTED) group %s not present %s in %s
11-10 13:56:28.820  2972  3259 I A       : (REDACTED) incrementApaDataDownloadStoreStatus(latency = %s, appVersion = %s, status = %s, locale = %s, fileGroupnames = %s, accountScoped = %s, localGroupsAvailable = %s, timeSinceSearchBoot = %s (%s), timeSinceDataDownloadInit = %s (%s))
11-10 13:56:28.823  2972  3256 I A       : (REDACTED) incrementApaDataDownloadStoreStatusNotFound(appVersion = %s, locale = %s, groupName = %s, accountScoped = %s, foundGroups = %s, status = %s, localGroupsAvailable = %s)
11-10 13:56:28.826  2972  3261 I A       : Trying to enqueue PieTriggeringWorker
11-10 13:56:28.832  2768  3242 I NgaEntryPointEventSendr: (REDACTED) State changed: %s => %s (%s)
11-10 13:56:28.832  2768  2768 I A       : (REDACTED) eventData = %s
11-10 13:56:28.833  2768  3242 I A       : Logging success flow
11-10 13:56:28.835  2972  3261 W A       : (REDACTED) %s task was not run. Callback from Service received after client was disposed.
11-10 13:56:28.835  2972  3261 W A       : (REDACTED) %s task was not run. Callback from Service received after client was disposed.
11-10 13:56:28.837  2972  3919 I PBSessionCacheImpl: (REDACTED) Deleted sessionId[%d] from persistence.
11-10 13:56:28.837  2972  3261 W A       : (REDACTED) %s task was not run. Callback from Service received after client was disposed.
11-10 13:56:28.842  2972  3261 W SearchServiceCore: Abort, client detached.
11-10 13:56:28.842  2972  3261 I HttpStreamingTapasSearc: (REDACTED) taskGraphFactory: %s#%d
11-10 13:56:29.001  7652  7652 D AndroidRuntime: >>>>>> START com.android.internal.os.RuntimeInit uid 2000 <<<<<<
11-10 13:56:28.998  7652  7652 W app_process: type=1400 audit(0.0:153): avc: denied { read } for name="u:object_r:device_config_runtime_native_boot_prop:s0" dev="tmpfs" ino=7811 scontext=u:r:shell:s0 tcontext=u:object_r:device_config_runtime_native_boot_prop:s0 tclass=file permissive=0
11-10 13:56:29.002  7652  7652 E libc    : Access denied finding property "persist.device_config.runtime_native_boot.enable_apex_image"
11-10 13:56:29.003  7652  7652 I AndroidRuntime: Using default boot image
11-10 13:56:29.003  7652  7652 E libc    : Access denied finding property "persist.device_config.runtime_native_boot.disable_lock_profiling"
11-10 13:56:29.003  7652  7652 I AndroidRuntime: Leaving lock profiling enabled
11-10 13:56:29.003  7652  7652 E libc    : Access denied finding property "persist.device_config.runtime_native_boot.enable_generational_cc"
11-10 13:56:28.998  7652  7652 W app_process: type=1400 audit(0.0:155): avc: denied { read } for name="u:object_r:device_config_runtime_native_boot_prop:s0" dev="tmpfs" ino=7811 scontext=u:r:shell:s0 tcontext=u:object_r:device_config_runtime_native_boot_prop:s0 tclass=file permissive=0
11-10 13:56:29.043  7652  7652 D ICU     : Time zone APEX file found: /apex/com.android.tzdata/etc/icu/icu_tzdata.dat
11-10 13:56:29.046  7652  7652 W app_process: Unexpected CPU variant for X86 using defaults: x86
11-10 13:56:29.049  7652  7652 I app_process: The ClassLoaderContext is a special shared library.
11-10 13:56:29.049  7652  7652 I app_process: The ClassLoaderContext is a special shared library.
11-10 13:56:29.063  7652  7652 W app_process: JNI RegisterNativeMethods: attempt to register 0 native methods for android.media.AudioAttributes
11-10 13:56:29.066  7652  7652 D AndroidRuntime: Calling main entry com.android.commands.uiautomator.Launcher
11-10 13:56:29.077  2972  3183 I A       : NGA disabled since it's running Panthera and at least one a11y feature is on.
11-10 13:56:29.077  2972  3183 I A       : (REDACTED) Nga state changed to %s
11-10 13:56:29.079  2768  7649 I A       : (REDACTED) APA or Classic session decision: %s.
11-10 13:56:29.079  2768  3242 I A       : Unsubscribed to apa or classic variant change.
11-10 13:56:29.097  2972  3261 I A       : Trying to enqueue PieTriggeringWorker
11-10 13:56:29.099  2768  2768 I A       : (REDACTED) eventData = %s
11-10 13:56:29.099  2768  3242 I A       : Logging success flow
11-10 13:56:29.106  2972  3261 I A       : Trying to enqueue PieTriggeringWorker
11-10 13:56:29.108  2768  2768 I A       : (REDACTED) eventData = %s
11-10 13:56:29.109  2768  3242 I A       : Logging success flow
11-10 13:56:29.114  2972  3261 I A       : Trying to enqueue PieTriggeringWorker
11-10 13:56:29.115  2768  2768 I A       : (REDACTED) eventData = %s
11-10 13:56:29.339  5007  7006 I XmpUtil : XMP parse: only JPEG file is supported
11-10 13:56:29.586  1794  2270 E GnssHAL_GnssInterface: gnssSvStatusCb: a: input svInfo.flags is 8
11-10 13:56:29.586  1794  2270 E GnssHAL_GnssInterface: gnssSvStatusCb: b: input svInfo.flags is 8
11-10 13:56:30.086  7652  7652 W AccessibilityNodeInfoDumper: Fetch time: 1ms
11-10 13:56:29.073  2030  2030 V SettingsProvider: Notifying for 0: content://settings/secure/accessibility_enabled
11-10 13:56:30.087  2030  2304 W WindowManager: removeWindowToken: Attempted to remove non-existing token: android.os.Binder@5b71d06
11-10 13:56:30.089  2030  2030 V SettingsProvider: Notifying for 0: content://settings/secure/accessibility_enabled
11-10 13:56:30.094  2972  3166 I A       : NGA enabled in interactor.
11-10 13:56:30.094  2972  3166 I A       : (REDACTED) Nga state changed to %s
11-10 13:56:30.095  2768  7649 I A       : Initializing all components
11-10 13:56:30.096  2768  7649 I A       : (REDACTED) APA or Classic session decision: %s.
11-10 13:56:30.096  2768  3242 I A       : (REDACTED) onIsEnabledChanged, isEnabled: %s
11-10 13:56:30.096  2768  3242 W A       : Disposing empty manager. Did you forgot to subscribe observables?
11-10 13:56:30.096  2768  3244 I A       : (REDACTED) State changed: %s => %s by %s and %s with %s
11-10 13:56:30.096  2768  3242 W A       : Disposing empty manager. Did you forgot to subscribe observables?
11-10 13:56:30.096  2768  3242 W A       : Disposing empty manager. Did you forgot to subscribe observables?
11-10 13:56:30.096  2768  3244 I A       : (REDACTED) Recognizer choice: (recognizer_type: %s, recognizer_mode: %s, choice_reason: %s)
11-10 13:56:30.096  2768  3242 W A       : Disposing empty manager. Did you forgot to subscribe observables?
11-10 13:56:30.097  2768  3242 I chatty  : uid=10103(com.google.android.googlequicksearchbox) Lite Thread #0 identical 10 lines
11-10 13:56:30.097  2768  3242 W A       : Disposing empty manager. Did you forgot to subscribe observables?
11-10 13:56:30.097  2768  3242 I A       : (REDACTED) Setting session to type: %s
11-10 13:56:30.097  2768  3242 W A       : Disposing empty manager. Did you forgot to subscribe observables?
11-10 13:56:30.097  2768  3242 I chatty  : uid=10103(com.google.android.googlequicksearchbox) Lite Thread #0 identical 5 lines
11-10 13:56:30.097  2768  3242 W A       : Disposing empty manager. Did you forgot to subscribe observables?
11-10 13:56:30.097  2768  3244 I A       : (REDACTED) onActiveStateChangeEvent: %s => %s
11-10 13:56:30.098  2768  3242 W A       : Disposing empty manager. Did you forgot to subscribe observables?
11-10 13:56:30.098  2768  3242 I chatty  : uid=10103(com.google.android.googlequicksearchbox) Lite Thread #0 identical 2 lines
11-10 13:56:30.098  2768  3242 W A       : Disposing empty manager. Did you forgot to subscribe observables?
11-10 13:56:30.098  2768  3244 I A       : (REDACTED) #onActiveStateChangeEvent, newState: %s, previousState: %s.
11-10 13:56:30.098  2768  3242 W A       : Disposing empty manager. Did you forgot to subscribe observables?
11-10 13:56:30.098  2768  3242 I chatty  : uid=10103(com.google.android.googlequicksearchbox) Lite Thread #0 identical 1 line
11-10 13:56:30.098  2768  3242 W A       : Disposing empty manager. Did you forgot to subscribe observables?
11-10 13:56:30.098  2768  3242 I A       : (REDACTED) onDisabled. Registered: %s
11-10 13:56:30.099  2768  3242 I NgaEntryPointEventSendr: setupConnection
11-10 13:56:30.099  7652  7652 D AndroidRuntime: Shutting down VM
11-10 13:56:30.111  2768  3244 I A       : Initialize
11-10 13:56:30.113  2768  3242 I NgaEntryPointEventSendr: (REDACTED) State changed: %s => %s
11-10 13:56:30.112  2768  3244 I A       : (REDACTED) on opa visibility changed %s
11-10 13:56:30.114  2768  3244 I A       : (REDACTED) stopListening(%s, %s)
11-10 13:56:30.114  2972  2972 I A       : Creating pss binder().
11-10 13:56:30.116  2768  3242 I A       : (REDACTED) on opa visibility changed %s
11-10 13:56:30.119  2768  3242 I NgaEntryPointEventSendr: onServiceConnected
11-10 13:56:30.119  2972  7514 I A       : Calling beginBinderSession().
11-10 13:56:30.123  2972  7514 I A       : beginBinderSession(): calling binder
11-10 13:56:30.124  2768  3242 I NgaEntryPointEventSendr: (REDACTED) State changed: %s => %s
11-10 13:56:30.124  2768  3244 I A       : Successfully initialized all components
11-10 13:56:30.127  2972  3261 I A       : Trying to enqueue PieTriggeringWorker
11-10 13:56:30.128  2768  2768 I A       : (REDACTED) eventData = %s
11-10 13:56:30.128  2768  3244 I A       : Logging success flow
11-10 13:56:30.139  2768  7520 V ClearcutMetricXmitter: Transmission is done.
11-10 13:56:30.145  2972  3259 I A       : (REDACTED) group %s not present %s in %s
11-10 13:56:30.146  2972  3259 I A       : (REDACTED) incrementApaDataDownloadStoreStatus(latency = %s, appVersion = %s, status = %s, locale = %s, fileGroupnames = %s, accountScoped = %s, localGroupsAvailable = %s, timeSinceSearchBoot = %s (%s), timeSinceDataDownloadInit = %s (%s))
11-10 13:56:30.148  2972  3256 I A       : (REDACTED) incrementApaDataDownloadStoreStatusNotFound(appVersion = %s, locale = %s, groupName = %s, accountScoped = %s, foundGroups = %s, status = %s, localGroupsAvailable = %s)
11-10 13:56:30.150  2972  3261 W A       : (REDACTED) %s task was not run. Callback from Service received after client was disposed.
11-10 13:56:30.150  2972  3261 W A       : (REDACTED) %s task was not run. Callback from Service received after client was disposed.
11-10 13:56:30.153  2768  3244 I NgaEntryPointEventSendr: (REDACTED) State changed: %s => %s (%s)
11-10 13:56:30.154  2972  3261 W A       : (REDACTED) %s task was not run. Callback from Service received after client was disposed.
11-10 13:56:30.155  2972  3919 I PBSessionCacheImpl: (REDACTED) Deleted sessionId[%d] from persistence.
11-10 13:56:30.160  2972  3261 W SearchServiceCore: Abort, client detached.
11-10 13:56:30.161  2972  3261 I HttpStreamingTapasSearc: (REDACTED) taskGraphFactory: %s#%d
11-10 13:56:30.458  7682  7682 D AndroidRuntime: >>>>>> START com.android.internal.os.RuntimeInit uid 2000 <<<<<<
11-10 13:56:30.448  7682  7682 W app_process: type=1400 audit(0.0:156): avc: denied { read } for name="u:object_r:device_config_runtime_native_boot_prop:s0" dev="tmpfs" ino=7811 scontext=u:r:shell:s0 tcontext=u:object_r:device_config_runtime_native_boot_prop:s0 tclass=file permissive=0
11-10 13:56:30.460  7682  7682 E libc    : Access denied finding property "persist.device_config.runtime_native_boot.enable_apex_image"
11-10 13:56:30.460  7682  7682 I AndroidRuntime: Using default boot image
11-10 13:56:30.460  7682  7682 E libc    : Access denied finding property "persist.device_config.runtime_native_boot.disable_lock_profiling"
11-10 13:56:30.460  7682  7682 I AndroidRuntime: Leaving lock profiling enabled
11-10 13:56:30.448  7682  7682 W app_process: type=1400 audit(0.0:157): avc: denied { read } for name="u:object_r:device_config_runtime_native_boot_prop:s0" dev="tmpfs" ino=7811 scontext=u:r:shell:s0 tcontext=u:object_r:device_config_runtime_native_boot_prop:s0 tclass=file permissive=0
11-10 13:56:30.458  7682  7682 W app_process: type=1400 audit(0.0:158): avc: denied { read } for name="u:object_r:device_config_runtime_native_boot_prop:s0" dev="tmpfs" ino=7811 scontext=u:r:shell:s0 tcontext=u:object_r:device_config_runtime_native_boot_prop:s0 tclass=file permissive=0
11-10 13:56:30.460  7682  7682 E libc    : Access denied finding property "persist.device_config.runtime_native_boot.enable_generational_cc"
11-10 13:56:30.504  7682  7682 D ICU     : Time zone APEX file found: /apex/com.android.tzdata/etc/icu/icu_tzdata.dat
11-10 13:56:30.508  7682  7682 W app_process: Unexpected CPU variant for X86 using defaults: x86
11-10 13:56:30.509  7682  7682 I app_process: The ClassLoaderContext is a special shared library.
11-10 13:56:30.522  7682  7682 W app_process: JNI RegisterNativeMethods: attempt to register 0 native methods for android.media.AudioAttributes
11-10 13:56:30.525  7682  7682 D AndroidRuntime: Calling main entry com.android.commands.monkey.Monkey
11-10 13:56:30.526  7682  7682 W Monkey  : args: [-p, org.shadowice.flocke.andotp, -c, android.intent.category.LAUNCHER, 1]
11-10 13:56:30.527  7682  7682 W Monkey  :  arg: "-p"
11-10 13:56:30.527  7682  7682 W Monkey  :  arg: "org.shadowice.flocke.andotp"
11-10 13:56:30.527  7682  7682 W Monkey  :  arg: "-c"
11-10 13:56:30.527  7682  7682 W Monkey  :  arg: "android.intent.category.LAUNCHER"
11-10 13:56:30.528  7682  7682 W Monkey  :  arg: "1"
11-10 13:56:30.528  7682  7682 W Monkey  : data="org.shadowice.flocke.andotp"
11-10 13:56:30.528  7682  7682 W Monkey  : data="android.intent.category.LAUNCHER"
11-10 13:56:30.539  2030  2057 W BroadcastQueue: Skipping deliver [background] BroadcastRecord{7f1ab87 u-1 android.net.conn.CONNECTIVITY_CHANGE} to ReceiverList{5935ab4 7682 (unknown name)/2000/u-1 remote:1d591a1}: process gone or crashing
11-10 13:56:30.551  2030  2808 I ActivityTaskManager: START u0 {act=android.intent.action.MAIN cat=[android.intent.category.LAUNCHER] flg=0x10200000 cmp=org.shadowice.flocke.andotp/.Activities.MainActivity} from uid 2000
11-10 13:56:30.552  2030  2808 W Binder  : Outgoing transactions from this process must be FLAG_ONEWAY
11-10 13:56:30.552  2030  2808 W Binder  : java.lang.Throwable
11-10 13:56:30.552  2030  2808 W Binder  : 	at android.os.BinderProxy.transact(BinderProxy.java:480)
11-10 13:56:30.552  2030  2808 W Binder  : 	at android.app.IActivityController$Stub$Proxy.activityStarting(IActivityController.java:273)
11-10 13:56:30.552  2030  2808 W Binder  : 	at com.android.server.wm.ActivityStarter.startActivity(ActivityStarter.java:794)
11-10 13:56:30.552  2030  2808 W Binder  : 	at com.android.server.wm.ActivityStarter.startActivity(ActivityStarter.java:583)
11-10 13:56:30.552  2030  2808 W Binder  : 	at com.android.server.wm.ActivityStarter.startActivityMayWait(ActivityStarter.java:1288)
11-10 13:56:30.552  2030  2808 W Binder  : 	at com.android.server.wm.ActivityStarter.execute(ActivityStarter.java:514)
11-10 13:56:30.552  2030  2808 W Binder  : 	at com.android.server.wm.ActivityTaskManagerService.startActivityAsUser(ActivityTaskManagerService.java:1058)
11-10 13:56:30.552  2030  2808 W Binder  : 	at com.android.server.wm.ActivityTaskManagerService.startActivityAsUser(ActivityTaskManagerService.java:1032)
11-10 13:56:30.552  2030  2808 W Binder  : 	at com.android.server.am.ActivityManagerService.startActivityAsUser(ActivityManagerService.java:3504)
11-10 13:56:30.552  2030  2808 W Binder  : 	at android.app.IActivityManager$Stub.onTransact(IActivityManager.java:3537)
11-10 13:56:30.552  2030  2808 W Binder  : 	at com.android.server.am.ActivityManagerService.onTransact(ActivityManagerService.java:2741)
11-10 13:56:30.552  2030  2808 W Binder  : 	at android.os.Binder.execTransactInternal(Binder.java:1021)
11-10 13:56:30.552  2030  2808 W Binder  : 	at android.os.Binder.execTransact(Binder.java:994)
11-10 13:56:30.554  7682  7682 I Monkey  : Events injected: 1
11-10 13:56:30.555  2030  2030 V SettingsProvider: Notifying for 0: content://settings/system/accelerometer_rotation
11-10 13:56:30.559  2030  2051 W InputReader: Device has associated, but no associated display id.
11-10 13:56:30.564  2030  2051 I chatty  : uid=1000(system) android.display identical 18 lines
11-10 13:56:30.564  2030  2051 W InputReader: Device has associated, but no associated display id.
11-10 13:56:30.564  7682  7682 I Monkey  : ## Network stats: elapsed time=8ms (0ms mobile, 0ms wifi, 8ms not connected)
11-10 13:56:30.567  7682  7682 I app_process: System.exit called, status: 0
11-10 13:56:30.567  7682  7682 I AndroidRuntime: VM exiting with result code 0.
11-10 13:56:30.590  1794  2270 E GnssHAL_GnssInterface: gnssSvStatusCb: a: input svInfo.flags is 8
11-10 13:56:30.590  1794  2270 E GnssHAL_GnssInterface: gnssSvStatusCb: b: input svInfo.flags is 8
11-10 13:56:31.595  1794  2270 E GnssHAL_GnssInterface: gnssSvStatusCb: a: input svInfo.flags is 8
11-10 13:56:31.595  1794  2270 E GnssHAL_GnssInterface: gnssSvStatusCb: b: input svInfo.flags is 8
11-10 13:56:32.599  1794  2270 E GnssHAL_GnssInterface: gnssSvStatusCb: a: input svInfo.flags is 8
11-10 13:56:32.599  1794  2270 E GnssHAL_GnssInterface: gnssSvStatusCb: b: input svInfo.flags is 8
11-10 13:56:33.602  1794  2270 E GnssHAL_GnssInterface: gnssSvStatusCb: a: input svInfo.flags is 8
11-10 13:56:33.602  1794  2270 E GnssHAL_GnssInterface: gnssSvStatusCb: b: input svInfo.flags is 8
11-10 13:56:34.606  1794  2270 E GnssHAL_GnssInterface: gnssSvStatusCb: a: input svInfo.flags is 8
11-10 13:56:34.606  1794  2270 E GnssHAL_GnssInterface: gnssSvStatusCb: b: input svInfo.flags is 8
11-10 13:56:35.606  1794  2270 E GnssHAL_GnssInterface: gnssSvStatusCb: a: input svInfo.flags is 8
11-10 13:56:35.606  1794  2270 E GnssHAL_GnssInterface: gnssSvStatusCb: b: input svInfo.flags is 8
11-10 13:56:36.611  1794  2270 E GnssHAL_GnssInterface: gnssSvStatusCb: a: input svInfo.flags is 8
11-10 13:56:36.611  1794  2270 E GnssHAL_GnssInterface: gnssSvStatusCb: b: input svInfo.flags is 8
11-10 13:56:37.616  1794  2270 E GnssHAL_GnssInterface: gnssSvStatusCb: a: input svInfo.flags is 8
11-10 13:56:37.616  1794  2270 E GnssHAL_GnssInterface: gnssSvStatusCb: b: input svInfo.flags is 8
11-10 13:56:37.723  1967  1967 E wifi_forwarder: RemoteConnection failed to initialize: RemoteConnection failed to open pipe
11-10 13:56:37.755  1949  1949 E netmgr  : Failed to open QEMU pipe 'qemud:network': Invalid argument
11-10 13:56:38.618  1794  2270 E GnssHAL_GnssInterface: gnssSvStatusCb: a: input svInfo.flags is 8
11-10 13:56:38.618  1794  2270 E GnssHAL_GnssInterface: gnssSvStatusCb: b: input svInfo.flags is 8
11-10 13:56:39.621  1794  2270 E GnssHAL_GnssInterface: gnssSvStatusCb: a: input svInfo.flags is 8
11-10 13:56:39.621  1794  2270 E GnssHAL_GnssInterface: gnssSvStatusCb: b: input svInfo.flags is 8
11-10 13:56:40.187  2972  3261 I WorkerManager: dispose()
11-10 13:56:40.187  2972  3261 W A       : (REDACTED) Queue length for executor %s is now %d. Perhaps some tasks are too long, or the pool is too small.
11-10 13:56:40.625  1794  2270 E GnssHAL_GnssInterface: gnssSvStatusCb: a: input svInfo.flags is 8
11-10 13:56:40.625  1794  2270 E GnssHAL_GnssInterface: gnssSvStatusCb: b: input svInfo.flags is 8
11-10 13:56:41.629  1794  2270 E GnssHAL_GnssInterface: gnssSvStatusCb: a: input svInfo.flags is 8
11-10 13:56:41.629  1794  2270 E GnssHAL_GnssInterface: gnssSvStatusCb: b: input svInfo.flags is 8
11-10 13:56:42.633  1794  2270 E GnssHAL_GnssInterface: gnssSvStatusCb: a: input svInfo.flags is 8
11-10 13:56:42.634  1794  2270 E GnssHAL_GnssInterface: gnssSvStatusCb: b: input svInfo.flags is 8
11-10 13:56:43.637  1794  2270 E GnssHAL_GnssInterface: gnssSvStatusCb: a: input svInfo.flags is 8
11-10 13:56:43.637  1794  2270 E GnssHAL_GnssInterface: gnssSvStatusCb: b: input svInfo.flags is 8
11-10 13:56:44.641  1794  2270 E GnssHAL_GnssInterface: gnssSvStatusCb: a: input svInfo.flags is 8
11-10 13:56:44.641  1794  2270 E GnssHAL_GnssInterface: gnssSvStatusCb: b: input svInfo.flags is 8
11-10 13:56:45.641  1794  2270 E GnssHAL_GnssInterface: gnssSvStatusCb: a: input svInfo.flags is 8
11-10 13:56:45.642  1794  2270 E GnssHAL_GnssInterface: gnssSvStatusCb: b: input svInfo.flags is 8
11-10 13:56:46.645  1794  2270 E GnssHAL_GnssInterface: gnssSvStatusCb: a: input svInfo.flags is 8
11-10 13:56:46.645  1794  2270 E GnssHAL_GnssInterface: gnssSvStatusCb: b: input svInfo.flags is 8
11-10 13:56:46.719  7699  7699 D AndroidRuntime: >>>>>> START com.android.internal.os.RuntimeInit uid 2000 <<<<<<
11-10 13:56:46.718  7699  7699 W app_process: type=1400 audit(0.0:159): avc: denied { read } for name="u:object_r:device_config_runtime_native_boot_prop:s0" dev="tmpfs" ino=7811 scontext=u:r:shell:s0 tcontext=u:object_r:device_config_runtime_native_boot_prop:s0 tclass=file permissive=0
11-10 13:56:46.721  7699  7699 E libc    : Access denied finding property "persist.device_config.runtime_native_boot.enable_apex_image"
11-10 13:56:46.721  7699  7699 I AndroidRuntime: Using default boot image
11-10 13:56:46.718  7699  7699 W app_process: type=1400 audit(0.0:160): avc: denied { read } for name="u:object_r:device_config_runtime_native_boot_prop:s0" dev="tmpfs" ino=7811 scontext=u:r:shell:s0 tcontext=u:object_r:device_config_runtime_native_boot_prop:s0 tclass=file permissive=0
11-10 13:56:46.722  7699  7699 I AndroidRuntime: Leaving lock profiling enabled
11-10 13:56:46.722  7699  7699 E libc    : Access denied finding property "persist.device_config.runtime_native_boot.enable_generational_cc"
11-10 13:56:46.765  7699  7699 D ICU     : Time zone APEX file found: /apex/com.android.tzdata/etc/icu/icu_tzdata.dat
11-10 13:56:46.768  7699  7699 W app_process: Unexpected CPU variant for X86 using defaults: x86
11-10 13:56:46.771  7699  7699 I app_process: The ClassLoaderContext is a special shared library.
11-10 13:56:46.772  7699  7699 I app_process: The ClassLoaderContext is a special shared library.
11-10 13:56:46.786  7699  7699 W app_process: JNI RegisterNativeMethods: attempt to register 0 native methods for android.media.AudioAttributes
11-10 13:56:46.789  7699  7699 D AndroidRuntime: Calling main entry com.android.commands.uiautomator.Launcher
11-10 13:56:30.558  2030  2030 V SettingsProvider: Notifying for 0: content://settings/system/accelerometer_rotation
11-10 13:56:46.795  2030  2030 V SettingsProvider: Notifying for 0: content://settings/secure/accessibility_enabled
11-10 13:56:46.802  2972  3183 I A       : NGA disabled since it's running Panthera and at least one a11y feature is on.
11-10 13:56:46.802  2972  3183 I A       : (REDACTED) Nga state changed to %s
11-10 13:56:46.803  2768  7649 I A       : (REDACTED) APA or Classic session decision: %s.
11-10 13:56:46.804  2768  3242 I A       : Unsubscribed to apa or classic variant change.
11-10 13:56:46.817  2972  3261 I A       : Using proto config with mendel
11-10 13:56:46.818  2972  3261 I chatty  : uid=10103(com.google.android.googlequicksearchbox) EventBus0 identical 1 line
11-10 13:56:46.819  2972  3261 I A       : Using proto config with mendel
11-10 13:56:46.819  2972  3261 I A       : (REDACTED) Adding from config to map. Locale: %s modelPrefix: %s Location:%s isSpeakerIdSupported: %b
11-10 13:56:46.819  2972  3261 I chatty  : uid=10103(com.google.android.googlequicksearchbox) EventBus0 identical 1 line
11-10 13:56:46.819  2972  3261 I A       : (REDACTED) Adding from config to map. Locale: %s modelPrefix: %s Location:%s isSpeakerIdSupported: %b
11-10 13:56:46.819  2972  3261 I A       : (REDACTED) Skipping. Expected model: %s Found: %s
11-10 13:56:46.819  2972  3261 I A       : (REDACTED) Adding from config to map. Locale: %s modelPrefix: %s Location:%s isSpeakerIdSupported: %b
11-10 13:56:46.820  2972  3261 I A       : Using proto config with mendel
11-10 13:56:46.821  2972  3261 I chatty  : uid=10103(com.google.android.googlequicksearchbox) EventBus0 identical 1 line
11-10 13:56:46.821  2972  3261 I A       : Using proto config with mendel
11-10 13:56:46.823  2972  3261 I MicroDetectionState: (REDACTED) Should stop hotword detection immediately - %b
11-10 13:56:46.824  2972  3261 I A       : Trying to enqueue PieTriggeringWorker
11-10 13:56:46.827  2768  2768 I A       : (REDACTED) eventData = %s
11-10 13:56:46.827  2768  3242 I A       : Logging success flow
11-10 13:56:46.835  2972  3261 I A       : Trying to enqueue PieTriggeringWorker
11-10 13:56:46.836  2768  2768 I A       : (REDACTED) eventData = %s
11-10 13:56:46.837  2768  3242 I A       : Logging success flow
11-10 13:56:46.843  2972  3261 I A       : Trying to enqueue PieTriggeringWorker
11-10 13:56:46.845  2768  2768 I A       : (REDACTED) eventData = %s
11-10 13:56:47.647  1794  2270 E GnssHAL_GnssInterface: gnssSvStatusCb: a: input svInfo.flags is 8
11-10 13:56:47.647  1794  2270 E GnssHAL_GnssInterface: gnssSvStatusCb: b: input svInfo.flags is 8
11-10 13:56:47.813  7699  7699 W AccessibilityNodeInfoDumper: Fetch time: 3ms
11-10 13:56:47.814  2030  2303 W WindowManager: removeWindowToken: Attempted to remove non-existing token: android.os.Binder@7656e20
11-10 13:56:47.817  2030  2030 V SettingsProvider: Notifying for 0: content://settings/secure/accessibility_enabled
11-10 13:56:47.832  7699  7699 D AndroidRuntime: Shutting down VM
11-10 13:56:47.847  2972  3166 I A       : NGA enabled in interactor.
11-10 13:56:47.849  2972  3166 I A       : (REDACTED) Nga state changed to %s
11-10 13:56:47.853  2768  7649 I A       : Initializing all components
11-10 13:56:47.854  2768  7649 I A       : (REDACTED) APA or Classic session decision: %s.
11-10 13:56:47.854  2768  3242 I A       : (REDACTED) onIsEnabledChanged, isEnabled: %s
11-10 13:56:47.854  2768  3242 W A       : Disposing empty manager. Did you forgot to subscribe observables?
11-10 13:56:47.854  2768  3242 W A       : Disposing empty manager. Did you forgot to subscribe observables?
11-10 13:56:47.855  2768  3244 I A       : (REDACTED) State changed: %s => %s by %s and %s with %s
11-10 13:56:47.855  2768  3244 I A       : (REDACTED) Recognizer choice: (recognizer_type: %s, recognizer_mode: %s, choice_reason: %s)
11-10 13:56:47.861  2768  3244 I A       : (REDACTED) onActiveStateChangeEvent: %s => %s
11-10 13:56:47.862  2768  3244 I A       : (REDACTED) #onActiveStateChangeEvent, newState: %s, previousState: %s.
11-10 13:56:47.868  2768  3242 W A       : Disposing empty manager. Did you forgot to subscribe observables?
11-10 13:56:47.869  2768  3242 I chatty  : uid=10103(com.google.android.googlequicksearchbox) Lite Thread #0 identical 11 lines
11-10 13:56:47.870  2768  3242 W A       : Disposing empty manager. Did you forgot to subscribe observables?
11-10 13:56:47.870  2768  3242 I A       : (REDACTED) Setting session to type: %s
11-10 13:56:47.870  2768  3242 W A       : Disposing empty manager. Did you forgot to subscribe observables?
11-10 13:56:47.874  2768  3242 I chatty  : uid=10103(com.google.android.googlequicksearchbox) Lite Thread #0 identical 12 lines
11-10 13:56:47.874  2768  3242 W A       : Disposing empty manager. Did you forgot to subscribe observables?
11-10 13:56:47.874  2768  3242 I A       : (REDACTED) onDisabled. Registered: %s
11-10 13:56:47.877  2768  3242 I A       : (REDACTED) on opa visibility changed %s
11-10 13:56:47.878  2768  3242 I A       : (REDACTED) stopListening(%s, %s)
11-10 13:56:47.878  2768  3242 I A       : (REDACTED) on opa visibility changed %s
11-10 13:56:47.882  2768  3244 I A       : Initialize
11-10 13:56:47.884  2768  3244 I NgaEntryPointEventSendr: setupConnection
11-10 13:56:47.902  2768  3244 I NgaEntryPointEventSendr: (REDACTED) State changed: %s => %s
11-10 13:56:47.902  2972  2972 I A       : Creating pss binder().
11-10 13:56:47.915  2768  3242 I NgaEntryPointEventSendr: onServiceConnected
11-10 13:56:47.915  2972  3230 I A       : Calling beginBinderSession().
11-10 13:56:47.918  2972  3230 I A       : beginBinderSession(): calling binder
11-10 13:56:47.919  2768  3242 I NgaEntryPointEventSendr: (REDACTED) State changed: %s => %s
11-10 13:56:47.920  2768  3242 I A       : Successfully initialized all components
11-10 13:56:47.921  2972  3261 I A       : Trying to enqueue PieTriggeringWorker
11-10 13:56:47.924  2768  2768 I A       : (REDACTED) eventData = %s
11-10 13:56:47.924  2768  3244 I A       : Logging success flow
11-10 13:56:47.958  2972  3259 W CorpusConfigHelper: Invalid input from icing corpus JSON flag.
11-10 13:56:47.958  2972  3259 W CorpusConfigHelper: android.util.MalformedJsonException: Use JsonReader.setLenient(true) to accept malformed JSON at line 123 column 2
11-10 13:56:47.958  2972  3259 W CorpusConfigHelper: 	at android.util.JsonReader.syntaxError(JsonReader.java:1162)
11-10 13:56:47.958  2972  3259 W CorpusConfigHelper: 	at android.util.JsonReader.checkLenient(JsonReader.java:840)
11-10 13:56:47.958  2972  3259 W CorpusConfigHelper: 	at android.util.JsonReader.nextInArray(JsonReader.java:615)
11-10 13:56:47.958  2972  3259 W CorpusConfigHelper: 	at android.util.JsonReader.peek(JsonReader.java:345)
11-10 13:56:47.958  2972  3259 W CorpusConfigHelper: 	at android.util.JsonReader.hasNext(JsonReader.java:321)
11-10 13:56:47.958  2972  3259 W CorpusConfigHelper: 	at com.google.android.apps.gsa.searchbox.c.b.b.k.c(PG:7)
11-10 13:56:47.958  2972  3259 W CorpusConfigHelper: 	at com.google.android.apps.gsa.searchbox.c.b.b.k.<init>(PG:5)
11-10 13:56:47.958  2972  3259 W CorpusConfigHelper: 	at com.google.android.apps.gsa.staticplugins.searchboxroot.features.n.a.c.<init>(PG:16)
11-10 13:56:47.958  2972  3259 W CorpusConfigHelper: 	at com.google.android.apps.gsa.staticplugins.searchboxroot.b.a(PG:14)
11-10 13:56:47.958  2972  3259 W CorpusConfigHelper: 	at com.google.android.apps.gsa.staticplugins.searchboxroot.x.<init>(PG:7)
11-10 13:56:47.958  2972  3259 W CorpusConfigHelper: 	at com.google.android.apps.gsa.binaries.velvet.app.akk.b(PG:15)
11-10 13:56:47.958  2972  3259 W CorpusConfigHelper: 	at dagger.a.e.b(PG:1)
11-10 13:56:47.958  2972  3259 W CorpusConfigHelper: 	at com.google.android.apps.gsa.staticplugins.searchboxroot.a.a.a(PG:3)
11-10 13:56:47.958  2972  3259 W CorpusConfigHelper: 	at com.google.android.apps.gsa.binaries.velvet.app.on.f(Unknown Source:2379)
11-10 13:56:47.958  2972  3259 W CorpusConfigHelper: 	at com.google.android.apps.gsa.binaries.velvet.app.on.b(PG:2)
11-10 13:56:47.958  2972  3259 W CorpusConfigHelper: 	at com.google.android.apps.gsa.search.core.service.g.a.c.a(PG:2)
11-10 13:56:47.958  2972  3259 W CorpusConfigHelper: 	at com.google.android.libraries.gsa.k.a.f.a(PG:2)
11-10 13:56:47.958  2972  3259 W CorpusConfigHelper: 	at com.google.common.util.concurrent.dz.a(PG:1)
11-10 13:56:47.958  2972  3259 W CorpusConfigHelper: 	at com.google.common.util.concurrent.cw.run(PG:4)
11-10 13:56:47.958  2972  3259 W CorpusConfigHelper: 	at com.google.common.util.concurrent.eb.run(PG:1)
11-10 13:56:47.958  2972  3259 W CorpusConfigHelper: 	at com.google.android.libraries.i.af.run(PG:1)
11-10 13:56:47.958  2972  3259 W CorpusConfigHelper: 	at com.google.android.libraries.i.an.run(PG:23)
11-10 13:56:47.958  2972  3259 W CorpusConfigHelper: 	at com.google.android.libraries.i.l.run(PG:2)
11-10 13:56:47.958  2972  3259 W CorpusConfigHelper: 	at com.google.android.libraries.i.q.run(PG:4)
11-10 13:56:47.958  2972  3259 W CorpusConfigHelper: 	at java.lang.Thread.run(Thread.java:919)
11-10 13:56:47.961  2972  3256 W A       : (REDACTED) Queue length for executor %s is now %d. Perhaps some tasks are too long, or the pool is too small.
11-10 13:56:48.036  2768  3244 I NgaEntryPointEventSendr: (REDACTED) State changed: %s => %s (%s)
11-10 13:56:48.049  2972  3261 W A       : (REDACTED) %s task was not run. Callback from Service received after client was disposed.
11-10 13:56:48.051  2972  3261 I chatty  : uid=10103(com.google.android.googlequicksearchbox) EventBus0 identical 3 lines
11-10 13:56:48.051  2972  3261 W A       : (REDACTED) %s task was not run. Callback from Service received after client was disposed.
11-10 13:56:48.061  2972  3919 I PBSessionCacheImpl: (REDACTED) Deleted sessionId[%d] from persistence.
11-10 13:56:48.076  2972  3256 I A       : (REDACTED) group %s not present %s in %s
11-10 13:56:48.078  2972  3259 I A       : (REDACTED) incrementApaDataDownloadStoreStatus(latency = %s, appVersion = %s, status = %s, locale = %s, fileGroupnames = %s, accountScoped = %s, localGroupsAvailable = %s, timeSinceSearchBoot = %s (%s), timeSinceDataDownloadInit = %s (%s))
11-10 13:56:48.080  2972  3261 W A       : (REDACTED) %s task was not run. Callback from Service received after client was disposed.
11-10 13:56:48.081  2972  3259 I A       : (REDACTED) incrementApaDataDownloadStoreStatusNotFound(appVersion = %s, locale = %s, groupName = %s, accountScoped = %s, foundGroups = %s, status = %s, localGroupsAvailable = %s)
11-10 13:56:48.084  2972  3261 W A       : (REDACTED) %s task was not run. Callback from Service received after client was disposed.
11-10 13:56:48.085  6170  6226 I Icing   : IndexChimeraService.getServiceInterface callingPackage=com.google.android.googlequicksearchbox componentName=null serviceId=36
11-10 13:56:48.092  2972  3261 W SearchServiceCore: Abort, client detached.
11-10 13:56:48.094  2972  3261 I HttpStreamingTapasSearc: (REDACTED) taskGraphFactory: %s#%d
11-10 13:56:48.096  2972  3261 I MicroDetectionState: (REDACTED) Should stop hotword detection immediately - %b
11-10 13:56:48.097  2972  3261 I A       : Using proto config with mendel
11-10 13:56:48.097  2972  3261 I A       : Using proto config with mendel
11-10 13:56:48.115  6170  6212 W Icing   : No valid account for uploading user actions
11-10 13:56:48.127  6170  6170 D BoundBrokerSvc: onBind: Intent { act=com.google.android.gms.feedback.internal.IFeedbackService dat=chimera-action:com.google.android.gms.feedback.internal.IFeedbackService cmp=com.google.android.gms/.chimera.GmsBoundBrokerService }
11-10 13:56:48.127  6170  6170 D BoundBrokerSvc: Loading bound service for intent: Intent { act=com.google.android.gms.feedback.internal.IFeedbackService dat=chimera-action:com.google.android.gms.feedback.internal.IFeedbackService cmp=com.google.android.gms/.chimera.GmsBoundBrokerService }
11-10 13:56:48.129  6170  6212 I Icing   : Usage reports ok 0, Failed Usage reports 0, indexed 0, rejected 0
11-10 13:56:48.176  6170  6226 I Icing   : IndexChimeraService.getServiceInterface callingPackage=com.google.android.gms componentName=null serviceId=30
11-10 13:56:48.190  6170  6212 W Icing   : No valid account for uploading user actions
11-10 13:56:48.197  6170  6212 I Icing   : Usage reports ok 0, Failed Usage reports 0, indexed 0, rejected 0
11-10 13:56:48.650  1794  2270 E GnssHAL_GnssInterface: gnssSvStatusCb: a: input svInfo.flags is 8
11-10 13:56:48.650  1794  2270 E GnssHAL_GnssInterface: gnssSvStatusCb: b: input svInfo.flags is 8
11-10 13:56:48.875  7730  7730 D AndroidRuntime: >>>>>> START com.android.internal.os.RuntimeInit uid 2000 <<<<<<
11-10 13:56:48.868  7730  7730 W app_process: type=1400 audit(0.0:162): avc: denied { read } for name="u:object_r:device_config_runtime_native_boot_prop:s0" dev="tmpfs" ino=7811 scontext=u:r:shell:s0 tcontext=u:object_r:device_config_runtime_native_boot_prop:s0 tclass=file permissive=0
11-10 13:56:48.879  7730  7730 E libc    : Access denied finding property "persist.device_config.runtime_native_boot.enable_apex_image"
11-10 13:56:48.880  7730  7730 I AndroidRuntime: Using default boot image
11-10 13:56:48.880  7730  7730 E libc    : Access denied finding property "persist.device_config.runtime_native_boot.disable_lock_profiling"
11-10 13:56:48.880  7730  7730 I AndroidRuntime: Leaving lock profiling enabled
11-10 13:56:48.880  7730  7730 E libc    : Access denied finding property "persist.device_config.runtime_native_boot.enable_generational_cc"
11-10 13:56:48.878  7730  7730 W app_process: type=1400 audit(0.0:163): avc: denied { read } for name="u:object_r:device_config_runtime_native_boot_prop:s0" dev="tmpfs" ino=7811 scontext=u:r:shell:s0 tcontext=u:object_r:device_config_runtime_native_boot_prop:s0 tclass=file permissive=0
11-10 13:56:48.950  7730  7730 D ICU     : Time zone APEX file found: /apex/com.android.tzdata/etc/icu/icu_tzdata.dat
11-10 13:56:48.954  7730  7730 W app_process: Unexpected CPU variant for X86 using defaults: x86
11-10 13:56:48.959  7730  7730 I app_process: The ClassLoaderContext is a special shared library.
11-10 13:56:48.959  7730  7730 I app_process: The ClassLoaderContext is a special shared library.
11-10 13:56:48.972  7730  7730 W app_process: JNI RegisterNativeMethods: attempt to register 0 native methods for android.media.AudioAttributes
11-10 13:56:48.974  7730  7730 D AndroidRuntime: Calling main entry com.android.commands.uiautomator.Launcher
11-10 13:56:48.994  2972  3184 I A       : NGA disabled since it's running Panthera and at least one a11y feature is on.
11-10 13:56:48.994  2972  3184 I A       : (REDACTED) Nga state changed to %s
11-10 13:56:48.995  2768  6795 I A       : (REDACTED) APA or Classic session decision: %s.
11-10 13:56:48.996  2768  3242 I A       : Unsubscribed to apa or classic variant change.
11-10 13:56:49.022  2972  3261 I A       : Trying to enqueue PieTriggeringWorker
11-10 13:56:49.026  2768  2768 I A       : (REDACTED) eventData = %s
11-10 13:56:49.027  2768  3244 I A       : Logging success flow
11-10 13:56:49.036  2972  3261 I A       : Trying to enqueue PieTriggeringWorker
11-10 13:56:49.038  2768  2768 I A       : (REDACTED) eventData = %s
11-10 13:56:49.038  2768  3244 I A       : Logging success flow
11-10 13:56:49.046  2972  3261 I A       : Trying to enqueue PieTriggeringWorker
11-10 13:56:49.049  2768  2768 I A       : (REDACTED) eventData = %s
11-10 13:56:49.406  6170  7746 I GmscoreIpa: Starting mediastore instant index [CONTEXT service_id=255 ]
11-10 13:56:49.653  1794  2270 E GnssHAL_GnssInterface: gnssSvStatusCb: a: input svInfo.flags is 8
11-10 13:56:49.653  1794  2270 E GnssHAL_GnssInterface: gnssSvStatusCb: b: input svInfo.flags is 8
11-10 13:56:50.001  7730  7730 W AccessibilityNodeInfoDumper: Fetch time: 2ms
11-10 13:56:48.984  2030  2030 V SettingsProvider: Notifying for 0: content://settings/secure/accessibility_enabled
11-10 13:56:50.002  2030  7011 W WindowManager: removeWindowToken: Attempted to remove non-existing token: android.os.Binder@821c079
11-10 13:56:50.004  2030  2030 V SettingsProvider: Notifying for 0: content://settings/secure/accessibility_enabled
11-10 13:56:50.011  7730  7730 D AndroidRuntime: Shutting down VM
11-10 13:56:50.011  2972  3254 I A       : NGA enabled in interactor.
11-10 13:56:50.011  2972  3254 I A       : (REDACTED) Nga state changed to %s
11-10 13:56:50.013  2768  6795 I A       : Initializing all components
11-10 13:56:50.013  2768  6795 I A       : (REDACTED) APA or Classic session decision: %s.
11-10 13:56:50.014  2768  3244 I A       : (REDACTED) onIsEnabledChanged, isEnabled: %s
11-10 13:56:50.014  2768  3244 W A       : Disposing empty manager. Did you forgot to subscribe observables?
11-10 13:56:50.014  2768  3244 I chatty  : uid=10103(com.google.android.googlequicksearchbox) Lite Thread #1 identical 1 line
11-10 13:56:50.014  2768  3244 W A       : Disposing empty manager. Did you forgot to subscribe observables?
11-10 13:56:50.014  2768  3242 I A       : (REDACTED) State changed: %s => %s by %s and %s with %s
11-10 13:56:50.014  2768  3244 W A       : Disposing empty manager. Did you forgot to subscribe observables?
11-10 13:56:50.014  2768  3244 I chatty  : uid=10103(com.google.android.googlequicksearchbox) Lite Thread #1 identical 3 lines
11-10 13:56:50.014  2768  3244 W A       : Disposing empty manager. Did you forgot to subscribe observables?
11-10 13:56:50.014  2768  3242 I A       : (REDACTED) Recognizer choice: (recognizer_type: %s, recognizer_mode: %s, choice_reason: %s)
11-10 13:56:50.014  2768  3244 W A       : Disposing empty manager. Did you forgot to subscribe observables?
11-10 13:56:50.015  2768  3244 I chatty  : uid=10103(com.google.android.googlequicksearchbox) Lite Thread #1 identical 5 lines
11-10 13:56:50.015  2768  3244 W A       : Disposing empty manager. Did you forgot to subscribe observables?
11-10 13:56:50.015  2768  3244 I A       : (REDACTED) Setting session to type: %s
11-10 13:56:50.015  2768  3244 W A       : Disposing empty manager. Did you forgot to subscribe observables?
11-10 13:56:50.017  2768  3244 I chatty  : uid=10103(com.google.android.googlequicksearchbox) Lite Thread #1 identical 12 lines
11-10 13:56:50.017  2768  3244 W A       : Disposing empty manager. Did you forgot to subscribe observables?
11-10 13:56:50.017  2768  3244 I A       : (REDACTED) onDisabled. Registered: %s
11-10 13:56:50.023  2768  3244 I A       : Initialize
11-10 13:56:50.024  2768  3242 I A       : (REDACTED) onActiveStateChangeEvent: %s => %s
11-10 13:56:50.024  2768  3244 I A       : (REDACTED) on opa visibility changed %s
11-10 13:56:50.024  2768  3242 I A       : (REDACTED) #onActiveStateChangeEvent, newState: %s, previousState: %s.
11-10 13:56:50.024  2768  3244 I A       : (REDACTED) stopListening(%s, %s)
11-10 13:56:50.032  2768  3242 I A       : Nga state changed
11-10 13:56:50.033  2768  3242 I NgaEntryPointEventSendr: setupConnection
11-10 13:56:50.033  2768  3244 I A       : (REDACTED) on opa visibility changed %s
11-10 13:56:50.039  2768  3244 I A       : Successfully initialized all components
11-10 13:56:50.040  2768  3242 I NgaEntryPointEventSendr: (REDACTED) State changed: %s => %s
11-10 13:56:50.044  2972  3261 I A       : Trying to enqueue PieTriggeringWorker
11-10 13:56:50.044  2972  2972 I A       : Creating pss binder().
11-10 13:56:50.047  2768  3242 I NgaEntryPointEventSendr: onServiceConnected
11-10 13:56:50.048  2972  2999 I A       : Calling beginBinderSession().
11-10 13:56:50.048  2768  2768 I A       : (REDACTED) eventData = %s
11-10 13:56:50.049  2768  3244 I A       : Logging success flow
11-10 13:56:50.049  2972  2999 I A       : beginBinderSession(): calling binder
11-10 13:56:50.049  2768  3242 I NgaEntryPointEventSendr: (REDACTED) State changed: %s => %s
11-10 13:56:50.075  2972  3256 I A       : (REDACTED) group %s not present %s in %s
11-10 13:56:50.076  2972  3256 I A       : (REDACTED) incrementApaDataDownloadStoreStatus(latency = %s, appVersion = %s, status = %s, locale = %s, fileGroupnames = %s, accountScoped = %s, localGroupsAvailable = %s, timeSinceSearchBoot = %s (%s), timeSinceDataDownloadInit = %s (%s))
11-10 13:56:50.077  2972  3256 I A       : (REDACTED) incrementApaDataDownloadStoreStatusNotFound(appVersion = %s, locale = %s, groupName = %s, accountScoped = %s, foundGroups = %s, status = %s, localGroupsAvailable = %s)
11-10 13:56:50.084  2972  3261 W A       : (REDACTED) %s task was not run. Callback from Service received after client was disposed.
11-10 13:56:50.084  2972  3261 I chatty  : uid=10103(com.google.android.googlequicksearchbox) EventBus0 identical 1 line
11-10 13:56:50.087  2972  3261 W A       : (REDACTED) %s task was not run. Callback from Service received after client was disposed.
11-10 13:56:50.088  2768  3242 I NgaEntryPointEventSendr: (REDACTED) State changed: %s => %s (%s)
11-10 13:56:50.089  2972  3919 I PBSessionCacheImpl: (REDACTED) Deleted sessionId[%d] from persistence.
11-10 13:56:50.091  2972  3261 W SearchServiceCore: Abort, client detached.
11-10 13:56:50.092  2972  3261 I HttpStreamingTapasSearc: (REDACTED) taskGraphFactory: %s#%d
11-10 13:56:50.199  7751  7751 D AndroidRuntime: >>>>>> START com.android.internal.os.RuntimeInit uid 2000 <<<<<<
11-10 13:56:50.198  7751  7751 W app_process: type=1400 audit(0.0:165): avc: denied { read } for name="u:object_r:device_config_runtime_native_boot_prop:s0" dev="tmpfs" ino=7811 scontext=u:r:shell:s0 tcontext=u:object_r:device_config_runtime_native_boot_prop:s0 tclass=file permissive=0
11-10 13:56:50.202  7751  7751 E libc    : Access denied finding property "persist.device_config.runtime_native_boot.enable_apex_image"
11-10 13:56:50.202  7751  7751 I AndroidRuntime: Using default boot image
11-10 13:56:50.198  7751  7751 W app_process: type=1400 audit(0.0:166): avc: denied { read } for name="u:object_r:device_config_runtime_native_boot_prop:s0" dev="tmpfs" ino=7811 scontext=u:r:shell:s0 tcontext=u:object_r:device_config_runtime_native_boot_prop:s0 tclass=file permissive=0
11-10 13:56:50.203  7751  7751 E libc    : Access denied finding property "persist.device_config.runtime_native_boot.enable_generational_cc"
11-10 13:56:50.239  7751  7751 D ICU     : Time zone APEX file found: /apex/com.android.tzdata/etc/icu/icu_tzdata.dat
11-10 13:56:50.242  7751  7751 W app_process: Unexpected CPU variant for X86 using defaults: x86
11-10 13:56:50.244  7751  7751 I app_process: The ClassLoaderContext is a special shared library.
11-10 13:56:50.245  7751  7751 I app_process: The ClassLoaderContext is a special shared library.
11-10 13:56:50.257  7751  7751 W app_process: JNI RegisterNativeMethods: attempt to register 0 native methods for android.media.AudioAttributes
11-10 13:56:50.259  7751  7751 D AndroidRuntime: Calling main entry com.android.commands.uiautomator.Launcher
11-10 13:56:50.271  2972  3254 I A       : NGA disabled since it's running Panthera and at least one a11y feature is on.
11-10 13:56:50.272  2972  3254 I A       : (REDACTED) Nga state changed to %s
11-10 13:56:50.272  2768  3384 I A       : (REDACTED) APA or Classic session decision: %s.
11-10 13:56:50.273  2768  3244 I A       : Unsubscribed to apa or classic variant change.
11-10 13:56:50.296  2972  3261 I A       : Trying to enqueue PieTriggeringWorker
11-10 13:56:50.298  2768  2768 I A       : (REDACTED) eventData = %s
11-10 13:56:50.298  2768  3244 I A       : Logging success flow
11-10 13:56:50.310  2972  3261 I A       : Trying to enqueue PieTriggeringWorker
11-10 13:56:50.312  2768  2768 I A       : (REDACTED) eventData = %s
11-10 13:56:50.312  2768  3244 I A       : Logging success flow
11-10 13:56:50.320  2972  3261 I A       : Trying to enqueue PieTriggeringWorker
11-10 13:56:50.321  2768  2768 I A       : (REDACTED) eventData = %s
11-10 13:56:50.657  1794  2270 E GnssHAL_GnssInterface: gnssSvStatusCb: a: input svInfo.flags is 8
11-10 13:56:50.657  1794  2270 E GnssHAL_GnssInterface: gnssSvStatusCb: b: input svInfo.flags is 8
11-10 13:56:51.281  7751  7751 W AccessibilityNodeInfoDumper: Fetch time: 1ms
11-10 13:56:50.267  2030  2030 V SettingsProvider: Notifying for 0: content://settings/secure/accessibility_enabled
11-10 13:56:51.282  2030  2299 W WindowManager: removeWindowToken: Attempted to remove non-existing token: android.os.Binder@ac26eeb
11-10 13:56:51.283  2030  2030 V SettingsProvider: Notifying for 0: content://settings/secure/accessibility_enabled
11-10 13:56:51.290  7751  7751 D AndroidRuntime: Shutting down VM
11-10 13:56:51.290  2972  3254 I A       : NGA enabled in interactor.
11-10 13:56:51.291  2972  3254 I A       : (REDACTED) Nga state changed to %s
11-10 13:56:51.292  2768  2805 I A       : Initializing all components
11-10 13:56:51.292  2768  2805 I A       : (REDACTED) APA or Classic session decision: %s.
11-10 13:56:51.292  2768  3244 I A       : (REDACTED) onIsEnabledChanged, isEnabled: %s
11-10 13:56:51.292  2768  3244 W A       : Disposing empty manager. Did you forgot to subscribe observables?
11-10 13:56:51.292  2768  3244 W A       : Disposing empty manager. Did you forgot to subscribe observables?
11-10 13:56:51.292  2768  3242 I A       : (REDACTED) State changed: %s => %s by %s and %s with %s
11-10 13:56:51.292  2768  3244 W A       : Disposing empty manager. Did you forgot to subscribe observables?
11-10 13:56:51.292  2768  3244 I chatty  : uid=10103(com.google.android.googlequicksearchbox) Lite Thread #1 identical 1 line
11-10 13:56:51.292  2768  3244 W A       : Disposing empty manager. Did you forgot to subscribe observables?
11-10 13:56:51.292  2768  3242 I A       : (REDACTED) Recognizer choice: (recognizer_type: %s, recognizer_mode: %s, choice_reason: %s)
11-10 13:56:51.292  2768  3244 W A       : Disposing empty manager. Did you forgot to subscribe observables?
11-10 13:56:51.293  2768  3244 I chatty  : uid=10103(com.google.android.googlequicksearchbox) Lite Thread #1 identical 8 lines
11-10 13:56:51.293  2768  3244 W A       : Disposing empty manager. Did you forgot to subscribe observables?
11-10 13:56:51.293  2768  3244 I A       : (REDACTED) Setting session to type: %s
11-10 13:56:51.293  2768  3244 W A       : Disposing empty manager. Did you forgot to subscribe observables?
11-10 13:56:51.294  2768  3244 I chatty  : uid=10103(com.google.android.googlequicksearchbox) Lite Thread #1 identical 12 lines
11-10 13:56:51.294  2768  3244 W A       : Disposing empty manager. Did you forgot to subscribe observables?
11-10 13:56:51.294  2768  3244 I A       : (REDACTED) onDisabled. Registered: %s
