11-10 13:55:19.149  2768  3242 W A       : Disposing empty manager. Did you forgot to subscribe observables?
11-10 13:55:19.149  2768  3242 I chatty  : uid=10103(com.google.android.googlequicksearchbox) Lite Thread #0 identical 5 lines
11-10 13:55:19.149  2768  3242 W A       : Disposing empty manager. Did you forgot to subscribe observables?
11-10 13:55:19.149  2768  3244 I A       : (REDACTED) onActiveStateChangeEvent: %s => %s
11-10 13:55:19.150  2768  3242 W A       : Disposing empty manager. Did you forgot to subscribe observables?
11-10 13:55:19.150  2768  3242 I chatty  : uid=10103(com.google.android.googlequicksearchbox) Lite Thread #0 identical 2 lines
11-10 13:55:19.150  2768  3242 W A       : Disposing empty manager. Did you forgot to subscribe observables?
11-10 13:55:19.150  2768  3244 I A       : (REDACTED) #onActiveStateChangeEvent, newState: %s, previousState: %s.
11-10 13:55:19.150  2768  3242 W A       : Disposing empty manager. Did you forgot to subscribe observables?
11-10 13:55:19.150  2768  3242 I chatty  : uid=10103(com.google.android.googlequicksearchbox) Lite Thread #0 identical 1 line
11-10 13:55:19.150  2768  3242 W A       : Disposing empty manager. Did you forgot to subscribe observables?
11-10 13:55:19.150  2768  3242 I A       : (REDACTED) onDisabled. Registered: %s
11-10 13:55:19.151  7141  7141 D AndroidRuntime: Shutting down VM
11-10 13:55:19.152  2768  3244 I NgaEntryPointEventSendr: setupConnection
11-10 13:55:19.160  2972  2972 I A       : Creating pss binder().
11-10 13:55:19.160  2768  3244 I NgaEntryPointEventSendr: (REDACTED) State changed: %s => %s
11-10 13:55:19.161  2768  3244 I A       : (REDACTED) stopListening(%s, %s)
11-10 13:55:19.161  2768  3244 I A       : (REDACTED) on opa visibility changed %s
11-10 13:55:19.165  2768  3242 I A       : Initialize
11-10 13:55:19.168  2768  3242 I NgaEntryPointEventSendr: onServiceConnected
11-10 13:55:19.169  2972  3000 I A       : Calling beginBinderSession().
11-10 13:55:19.169  2972  3000 I A       : beginBinderSession(): calling binder
11-10 13:55:19.169  2768  3242 I NgaEntryPointEventSendr: (REDACTED) State changed: %s => %s
11-10 13:55:19.172  2768  3244 I A       : (REDACTED) on opa visibility changed %s
11-10 13:55:19.184  2768  3244 I A       : Successfully initialized all components
11-10 13:55:19.189  2768  3867 V ClearcutMetricXmitter: Transmission is done.
11-10 13:55:19.195  2972  3256 I A       : (REDACTED) group %s not present %s in %s
11-10 13:55:19.195  2972  3256 I A       : (REDACTED) incrementApaDataDownloadStoreStatus(latency = %s, appVersion = %s, status = %s, locale = %s, fileGroupnames = %s, accountScoped = %s, localGroupsAvailable = %s, timeSinceSearchBoot = %s (%s), timeSinceDataDownloadInit = %s (%s))
11-10 13:55:19.196  2972  3259 I A       : (REDACTED) incrementApaDataDownloadStoreStatusNotFound(appVersion = %s, locale = %s, groupName = %s, accountScoped = %s, foundGroups = %s, status = %s, localGroupsAvailable = %s)
11-10 13:55:19.203  2972  3261 W A       : (REDACTED) %s task was not run. Callback from Service received after client was disposed.
11-10 13:55:19.203  2972  3261 W A       : (REDACTED) %s task was not run. Callback from Service received after client was disposed.
11-10 13:55:19.203  2768  3244 I NgaEntryPointEventSendr: (REDACTED) State changed: %s => %s (%s)
11-10 13:55:19.206  2972  3919 I PBSessionCacheImpl: (REDACTED) Deleted sessionId[%d] from persistence.
11-10 13:55:19.206  2972  3261 W A       : (REDACTED) %s task was not run. Callback from Service received after client was disposed.
11-10 13:55:19.213  2972  3261 W SearchServiceCore: Abort, client detached.
11-10 13:55:19.213  2972  3261 I HttpStreamingTapasSearc: (REDACTED) taskGraphFactory: %s#%d
11-10 13:55:19.218  2972  3261 I A       : Trying to enqueue PieTriggeringWorker
11-10 13:55:19.221  2768  2768 I A       : (REDACTED) eventData = %s
11-10 13:55:19.221  2768  3242 I A       : Logging success flow
11-10 13:55:19.345  1794  2270 E GnssHAL_GnssInterface: gnssSvStatusCb: a: input svInfo.flags is 8
11-10 13:55:19.345  1794  2270 E GnssHAL_GnssInterface: gnssSvStatusCb: b: input svInfo.flags is 8
11-10 13:55:20.028  7171  7171 D AndroidRuntime: >>>>>> START com.android.internal.os.RuntimeInit uid 2000 <<<<<<
11-10 13:55:20.029  7171  7171 E libc    : Access denied finding property "persist.device_config.runtime_native_boot.enable_apex_image"
11-10 13:55:20.030  7171  7171 I AndroidRuntime: Using default boot image
11-10 13:55:20.030  7171  7171 E libc    : Access denied finding property "persist.device_config.runtime_native_boot.disable_lock_profiling"
11-10 13:55:20.030  7171  7171 I AndroidRuntime: Leaving lock profiling enabled
11-10 13:55:20.030  7171  7171 E libc    : Access denied finding property "persist.device_config.runtime_native_boot.enable_generational_cc"
11-10 13:55:20.018  7171  7171 W app_process: type=1400 audit(0.0:96): avc: denied { read } for name="u:object_r:device_config_runtime_native_boot_prop:s0" dev="tmpfs" ino=7811 scontext=u:r:shell:s0 tcontext=u:object_r:device_config_runtime_native_boot_prop:s0 tclass=file permissive=0
11-10 13:55:20.028  7171  7171 I chatty  : uid=2000(shell) app_process identical 1 line
11-10 13:55:20.028  7171  7171 W app_process: type=1400 audit(0.0:98): avc: denied { read } for name="u:object_r:device_config_runtime_native_boot_prop:s0" dev="tmpfs" ino=7811 scontext=u:r:shell:s0 tcontext=u:object_r:device_config_runtime_native_boot_prop:s0 tclass=file permissive=0
11-10 13:55:20.033  7171  7171 W app_process: Could not reserve sentinel fault page
11-10 13:55:20.077  7171  7171 D ICU     : Time zone APEX file found: /apex/com.android.tzdata/etc/icu/icu_tzdata.dat
11-10 13:55:20.080  7171  7171 W app_process: Unexpected CPU variant for X86 using defaults: x86
11-10 13:55:20.086  7171  7171 I app_process: The ClassLoaderContext is a special shared library.
11-10 13:55:20.086  7171  7171 I app_process: The ClassLoaderContext is a special shared library.
11-10 13:55:20.097  7171  7171 W app_process: JNI RegisterNativeMethods: attempt to register 0 native methods for android.media.AudioAttributes
11-10 13:55:20.100  7171  7171 D AndroidRuntime: Calling main entry com.android.commands.uiautomator.Launcher
11-10 13:55:20.115  2972  3166 I A       : NGA disabled since it's running Panthera and at least one a11y feature is on.
11-10 13:55:20.115  2972  3166 I A       : (REDACTED) Nga state changed to %s
11-10 13:55:20.115  2768  3384 I A       : (REDACTED) APA or Classic session decision: %s.
11-10 13:55:20.116  2768  3244 I A       : Unsubscribed to apa or classic variant change.
11-10 13:55:20.118  2030  2056 E memtrack: Couldn't load memtrack module
11-10 13:55:20.118  2030  2056 W android.os.Debug: failed to get memory consumption info: -1
11-10 13:55:20.131  2972  3261 I A       : Trying to enqueue PieTriggeringWorker
11-10 13:55:20.133  2768  2768 I A       : (REDACTED) eventData = %s
11-10 13:55:20.135  2768  3244 I A       : Logging success flow
11-10 13:55:20.141  2972  3261 I A       : Trying to enqueue PieTriggeringWorker
11-10 13:55:20.143  2768  2768 I A       : (REDACTED) eventData = %s
11-10 13:55:20.143  2768  3244 I A       : Logging success flow
11-10 13:55:20.149  2972  3261 I A       : Trying to enqueue PieTriggeringWorker
11-10 13:55:20.150  2768  2768 I A       : (REDACTED) eventData = %s
11-10 13:55:20.348  1794  2270 E GnssHAL_GnssInterface: gnssSvStatusCb: a: input svInfo.flags is 8
11-10 13:55:20.348  1794  2270 E GnssHAL_GnssInterface: gnssSvStatusCb: b: input svInfo.flags is 8
11-10 13:55:21.123  7171  7171 I AccessibilityNodeInfoDumper: Skipping invisible child: android.view.accessibility.AccessibilityNodeInfo@1a887; boundsInParent: Rect(0, 0 - 1080, 1582); boundsInScreen: Rect(0, 63 - 0, 1645); packageName: org.shadowice.flocke.andotp; className: android.widget.LinearLayout; text: null; error: null; maxTextLength: -1; contentDescription: null; tooltipText: null; viewIdResName: null; checkable: false; checked: false; focusable: false; focused: false; selected: false; clickable: false; longClickable: false; contextClickable: false; enabled: true; password: false; scrollable: false; importantForAccessibility: false; visible: false; actions: [AccessibilityAction: ACTION_SELECT - null, AccessibilityAction: ACTION_CLEAR_SELECTION - null, AccessibilityAction: ACTION_ACCESSIBILITY_FOCUS - null, AccessibilityAction: ACTION_SHOW_ON_SCREEN - null]
11-10 13:55:21.125  7171  7171 I AccessibilityNodeInfoDumper: Skipping invisible child: android.view.accessibility.AccessibilityNodeInfo@1d1d2; boundsInParent: Rect(0, 0 - 1080, 1582); boundsInScreen: Rect(1080, 63 - 1080, 1645); packageName: org.shadowice.flocke.andotp; className: android.widget.ScrollView; text: null; error: null; maxTextLength: -1; contentDescription: null; tooltipText: null; viewIdResName: null; checkable: false; checked: false; focusable: true; focused: false; selected: false; clickable: false; longClickable: false; contextClickable: false; enabled: true; password: false; scrollable: false; importantForAccessibility: true; visible: false; actions: [AccessibilityAction: ACTION_FOCUS - null, AccessibilityAction: ACTION_SELECT - null, AccessibilityAction: ACTION_CLEAR_SELECTION - null, AccessibilityAction: ACTION_ACCESSIBILITY_FOCUS - null, AccessibilityAction: ACTION_SHOW_ON_SCREEN - null]
11-10 13:55:21.126  7171  7171 W AccessibilityNodeInfoDumper: Fetch time: 4ms
11-10 13:55:20.107  2030  2030 V SettingsProvider: Notifying for 0: content://settings/secure/accessibility_enabled
11-10 13:55:21.127  2030  2304 W WindowManager: removeWindowToken: Attempted to remove non-existing token: android.os.Binder@d1bbbd
11-10 13:55:21.128  2030  2030 V SettingsProvider: Notifying for 0: content://settings/secure/accessibility_enabled
11-10 13:55:21.134  2972  3254 I A       : NGA enabled in interactor.
11-10 13:55:21.134  2972  3254 I A       : (REDACTED) Nga state changed to %s
11-10 13:55:21.137  2768  3384 I A       : Initializing all components
11-10 13:55:21.137  2768  3384 I A       : (REDACTED) APA or Classic session decision: %s.
11-10 13:55:21.137  2768  3242 I A       : (REDACTED) onIsEnabledChanged, isEnabled: %s
11-10 13:55:21.137  2768  3242 W A       : Disposing empty manager. Did you forgot to subscribe observables?
11-10 13:55:21.137  2768  3244 I A       : (REDACTED) State changed: %s => %s by %s and %s with %s
11-10 13:55:21.137  2768  3242 W A       : Disposing empty manager. Did you forgot to subscribe observables?
11-10 13:55:21.137  2768  3242 W A       : Disposing empty manager. Did you forgot to subscribe observables?
11-10 13:55:21.137  2768  3244 I A       : (REDACTED) Recognizer choice: (recognizer_type: %s, recognizer_mode: %s, choice_reason: %s)
11-10 13:55:21.137  2768  3242 W A       : Disposing empty manager. Did you forgot to subscribe observables?
11-10 13:55:21.138  2768  3242 I chatty  : uid=10103(com.google.android.googlequicksearchbox) Lite Thread #0 identical 9 lines
11-10 13:55:21.138  2768  3242 W A       : Disposing empty manager. Did you forgot to subscribe observables?
11-10 13:55:21.138  7171  7171 D AndroidRuntime: Shutting down VM
11-10 13:55:21.138  2768  3242 W A       : Disposing empty manager. Did you forgot to subscribe observables?
11-10 13:55:21.138  2768  3242 I A       : (REDACTED) Setting session to type: %s
11-10 13:55:21.138  2768  3242 W A       : Disposing empty manager. Did you forgot to subscribe observables?
11-10 13:55:21.139  2768  3242 I chatty  : uid=10103(com.google.android.googlequicksearchbox) Lite Thread #0 identical 12 lines
11-10 13:55:21.139  2768  3242 W A       : Disposing empty manager. Did you forgot to subscribe observables?
11-10 13:55:21.139  2768  3242 I A       : (REDACTED) onDisabled. Registered: %s
11-10 13:55:21.149  2768  3244 I A       : (REDACTED) onActiveStateChangeEvent: %s => %s
11-10 13:55:21.150  2768  3244 I A       : (REDACTED) #onActiveStateChangeEvent, newState: %s, previousState: %s.
11-10 13:55:21.150  2768  3242 I A       : Initialize
11-10 13:55:21.151  2768  3242 I A       : (REDACTED) on opa visibility changed %s
11-10 13:55:21.151  2768  3242 I A       : (REDACTED) stopListening(%s, %s)
11-10 13:55:21.153  2768  3244 I A       : Nga state changed
11-10 13:55:21.154  2768  3244 I NgaEntryPointEventSendr: setupConnection
11-10 13:55:21.165  2972  3261 I A       : Trying to enqueue PieTriggeringWorker
11-10 13:55:21.165  2768  3242 I A       : Successfully initialized all components
11-10 13:55:21.166  2768  2768 I A       : (REDACTED) eventData = %s
11-10 13:55:21.167  2768  3242 I A       : Logging success flow
11-10 13:55:21.170  2972  2972 I A       : Creating pss binder().
11-10 13:55:21.169  2768  3242 I A       : (REDACTED) on opa visibility changed %s
11-10 13:55:21.170  2768  3244 I NgaEntryPointEventSendr: (REDACTED) State changed: %s => %s
11-10 13:55:21.171  2768  3244 I NgaEntryPointEventSendr: onServiceConnected
11-10 13:55:21.172  2972  3000 I A       : Calling beginBinderSession().
11-10 13:55:21.172  2972  3000 I A       : beginBinderSession(): calling binder
11-10 13:55:21.173  2768  3244 I NgaEntryPointEventSendr: (REDACTED) State changed: %s => %s
11-10 13:55:21.184  2972  3256 I A       : (REDACTED) group %s not present %s in %s
11-10 13:55:21.185  2972  3256 I A       : (REDACTED) incrementApaDataDownloadStoreStatus(latency = %s, appVersion = %s, status = %s, locale = %s, fileGroupnames = %s, accountScoped = %s, localGroupsAvailable = %s, timeSinceSearchBoot = %s (%s), timeSinceDataDownloadInit = %s (%s))
11-10 13:55:21.188  2972  3259 I A       : (REDACTED) incrementApaDataDownloadStoreStatusNotFound(appVersion = %s, locale = %s, groupName = %s, accountScoped = %s, foundGroups = %s, status = %s, localGroupsAvailable = %s)
11-10 13:55:21.192  2768  3244 I NgaEntryPointEventSendr: (REDACTED) State changed: %s => %s (%s)
11-10 13:55:21.192  2972  3261 W A       : (REDACTED) %s task was not run. Callback from Service received after client was disposed.
11-10 13:55:21.192  2972  3261 I chatty  : uid=10103(com.google.android.googlequicksearchbox) EventBus0 identical 1 line
11-10 13:55:21.195  2972  3261 W A       : (REDACTED) %s task was not run. Callback from Service received after client was disposed.
11-10 13:55:21.195  2972  3919 I PBSessionCacheImpl: (REDACTED) Deleted sessionId[%d] from persistence.
11-10 13:55:21.199  2972  3261 W SearchServiceCore: Abort, client detached.
11-10 13:55:21.200  2972  3261 I HttpStreamingTapasSearc: (REDACTED) taskGraphFactory: %s#%d
11-10 13:55:21.351  1794  2270 E GnssHAL_GnssInterface: gnssSvStatusCb: a: input svInfo.flags is 8
11-10 13:55:21.351  1794  2270 E GnssHAL_GnssInterface: gnssSvStatusCb: b: input svInfo.flags is 8
11-10 13:55:22.000  7204  7204 D AndroidRuntime: >>>>>> START com.android.internal.os.RuntimeInit uid 2000 <<<<<<
11-10 13:55:21.998  7204  7204 W app_process: type=1400 audit(0.0:99): avc: denied { read } for name="u:object_r:device_config_runtime_native_boot_prop:s0" dev="tmpfs" ino=7811 scontext=u:r:shell:s0 tcontext=u:object_r:device_config_runtime_native_boot_prop:s0 tclass=file permissive=0
11-10 13:55:22.002  7204  7204 E libc    : Access denied finding property "persist.device_config.runtime_native_boot.enable_apex_image"
11-10 13:55:22.002  7204  7204 I AndroidRuntime: Using default boot image
11-10 13:55:22.002  7204  7204 E libc    : Access denied finding property "persist.device_config.runtime_native_boot.disable_lock_profiling"
11-10 13:55:22.002  7204  7204 I AndroidRuntime: Leaving lock profiling enabled
11-10 13:55:22.002  7204  7204 E libc    : Access denied finding property "persist.device_config.runtime_native_boot.enable_generational_cc"
11-10 13:55:21.998  7204  7204 W app_process: type=1400 audit(0.0:100): avc: denied { read } for name="u:object_r:device_config_runtime_native_boot_prop:s0" dev="tmpfs" ino=7811 scontext=u:r:shell:s0 tcontext=u:object_r:device_config_runtime_native_boot_prop:s0 tclass=file permissive=0
11-10 13:55:22.048  7204  7204 D ICU     : Time zone APEX file found: /apex/com.android.tzdata/etc/icu/icu_tzdata.dat
11-10 13:55:22.051  7204  7204 W app_process: Unexpected CPU variant for X86 using defaults: x86
11-10 13:55:22.054  7204  7204 I app_process: The ClassLoaderContext is a special shared library.
11-10 13:55:22.054  7204  7204 I app_process: The ClassLoaderContext is a special shared library.
11-10 13:55:22.068  7204  7204 W app_process: JNI RegisterNativeMethods: attempt to register 0 native methods for android.media.AudioAttributes
11-10 13:55:22.070  7204  7204 D AndroidRuntime: Calling main entry com.android.commands.uiautomator.Launcher
11-10 13:55:22.080  2972  3254 I A       : NGA disabled since it's running Panthera and at least one a11y feature is on.
11-10 13:55:22.080  2972  3254 I A       : (REDACTED) Nga state changed to %s
11-10 13:55:22.084  2768  7056 I A       : (REDACTED) APA or Classic session decision: %s.
11-10 13:55:22.084  2768  3244 I A       : Unsubscribed to apa or classic variant change.
11-10 13:55:22.108  2972  3261 I A       : Trying to enqueue PieTriggeringWorker
11-10 13:55:22.111  2768  2768 I A       : (REDACTED) eventData = %s
11-10 13:55:22.112  2768  3244 I A       : Logging success flow
11-10 13:55:22.120  2972  3261 I A       : Trying to enqueue PieTriggeringWorker
11-10 13:55:22.121  2768  2768 I A       : (REDACTED) eventData = %s
11-10 13:55:22.122  2768  3244 I A       : Logging success flow
11-10 13:55:22.130  2972  3261 I A       : Trying to enqueue PieTriggeringWorker
11-10 13:55:22.131  2768  2768 I A       : (REDACTED) eventData = %s
11-10 13:55:22.353  1794  2270 E GnssHAL_GnssInterface: gnssSvStatusCb: a: input svInfo.flags is 8
11-10 13:55:22.353  1794  2270 E GnssHAL_GnssInterface: gnssSvStatusCb: b: input svInfo.flags is 8
11-10 13:55:23.095  7204  7204 I AccessibilityNodeInfoDumper: Skipping invisible child: android.view.accessibility.AccessibilityNodeInfo@1a892; boundsInParent: Rect(0, 0 - 1080, 1582); boundsInScreen: Rect(0, 63 - 0, 1645); packageName: org.shadowice.flocke.andotp; className: android.widget.LinearLayout; text: null; error: null; maxTextLength: -1; contentDescription: null; tooltipText: null; viewIdResName: null; checkable: false; checked: false; focusable: false; focused: false; selected: false; clickable: false; longClickable: false; contextClickable: false; enabled: true; password: false; scrollable: false; importantForAccessibility: false; visible: false; actions: [AccessibilityAction: ACTION_SELECT - null, AccessibilityAction: ACTION_CLEAR_SELECTION - null, AccessibilityAction: ACTION_ACCESSIBILITY_FOCUS - null, AccessibilityAction: ACTION_SHOW_ON_SCREEN - null]
11-10 13:55:23.097  7204  7204 I AccessibilityNodeInfoDumper: Skipping invisible child: android.view.accessibility.AccessibilityNodeInfo@1d1dd; boundsInParent: Rect(0, 0 - 1080, 1582); boundsInScreen: Rect(1080, 63 - 1080, 1645); packageName: org.shadowice.flocke.andotp; className: android.widget.ScrollView; text: null; error: null; maxTextLength: -1; contentDescription: null; tooltipText: null; viewIdResName: null; checkable: false; checked: false; focusable: true; focused: false; selected: false; clickable: false; longClickable: false; contextClickable: false; enabled: true; password: false; scrollable: false; importantForAccessibility: true; visible: false; actions: [AccessibilityAction: ACTION_FOCUS - null, AccessibilityAction: ACTION_SELECT - null, AccessibilityAction: ACTION_CLEAR_SELECTION - null, AccessibilityAction: ACTION_ACCESSIBILITY_FOCUS - null, AccessibilityAction: ACTION_SHOW_ON_SCREEN - null]
11-10 13:55:23.098  7204  7204 W AccessibilityNodeInfoDumper: Fetch time: 4ms
11-10 13:55:22.077  2030  2030 V SettingsProvider: Notifying for 0: content://settings/secure/accessibility_enabled
11-10 13:55:23.099  2030  2450 W WindowManager: removeWindowToken: Attempted to remove non-existing token: android.os.Binder@7cec6c2
11-10 13:55:23.102  2030  2030 V SettingsProvider: Notifying for 0: content://settings/secure/accessibility_enabled
11-10 13:55:23.112  7204  7204 D AndroidRuntime: Shutting down VM
11-10 13:55:23.113  2972  3184 I A       : NGA enabled in interactor.
11-10 13:55:23.113  2972  3184 I A       : (REDACTED) Nga state changed to %s
11-10 13:55:23.116  2768  7056 I A       : Initializing all components
11-10 13:55:23.116  2768  7056 I A       : (REDACTED) APA or Classic session decision: %s.
11-10 13:55:23.116  2768  3244 I A       : (REDACTED) onIsEnabledChanged, isEnabled: %s
11-10 13:55:23.116  2768  3244 W A       : Disposing empty manager. Did you forgot to subscribe observables?
11-10 13:55:23.116  2768  3244 I chatty  : uid=10103(com.google.android.googlequicksearchbox) Lite Thread #1 identical 1 line
11-10 13:55:23.116  2768  3244 W A       : Disposing empty manager. Did you forgot to subscribe observables?
11-10 13:55:23.116  2768  3242 I A       : (REDACTED) State changed: %s => %s by %s and %s with %s
11-10 13:55:23.116  2768  3244 W A       : Disposing empty manager. Did you forgot to subscribe observables?
11-10 13:55:23.117  2768  3244 W A       : Disposing empty manager. Did you forgot to subscribe observables?
11-10 13:55:23.117  2768  3242 I A       : (REDACTED) Recognizer choice: (recognizer_type: %s, recognizer_mode: %s, choice_reason: %s)
11-10 13:55:23.117  2768  3244 W A       : Disposing empty manager. Did you forgot to subscribe observables?
11-10 13:55:23.117  2768  3244 I chatty  : uid=10103(com.google.android.googlequicksearchbox) Lite Thread #1 identical 7 lines
11-10 13:55:23.117  2768  3244 W A       : Disposing empty manager. Did you forgot to subscribe observables?
11-10 13:55:23.117  2768  3242 I A       : (REDACTED) onActiveStateChangeEvent: %s => %s
11-10 13:55:23.117  2768  3244 W A       : Disposing empty manager. Did you forgot to subscribe observables?
11-10 13:55:23.118  2768  3242 I A       : (REDACTED) #onActiveStateChangeEvent, newState: %s, previousState: %s.
11-10 13:55:23.118  2768  3244 I A       : (REDACTED) Setting session to type: %s
11-10 13:55:23.118  2768  3244 W A       : Disposing empty manager. Did you forgot to subscribe observables?
11-10 13:55:23.118  2768  3244 I chatty  : uid=10103(com.google.android.googlequicksearchbox) Lite Thread #1 identical 12 lines
11-10 13:55:23.119  2768  3244 W A       : Disposing empty manager. Did you forgot to subscribe observables?
11-10 13:55:23.119  2768  3244 I A       : (REDACTED) onDisabled. Registered: %s
11-10 13:55:23.120  2768  3244 I NgaEntryPointEventSendr: setupConnection
11-10 13:55:23.129  2768  3244 I NgaEntryPointEventSendr: (REDACTED) State changed: %s => %s
11-10 13:55:23.129  2768  3244 I A       : (REDACTED) stopListening(%s, %s)
11-10 13:55:23.131  2768  3242 I A       : Initialize
11-10 13:55:23.135  2972  2972 I A       : Creating pss binder().
11-10 13:55:23.140  2768  3242 I NgaEntryPointEventSendr: onServiceConnected
11-10 13:55:23.141  2972  5120 I A       : Calling beginBinderSession().
11-10 13:55:23.141  2972  5120 I A       : beginBinderSession(): calling binder
11-10 13:55:23.141  2768  3242 I NgaEntryPointEventSendr: (REDACTED) State changed: %s => %s
11-10 13:55:23.143  2768  3244 I A       : (REDACTED) on opa visibility changed %s
11-10 13:55:23.151  2768  3244 I A       : (REDACTED) on opa visibility changed %s
11-10 13:55:23.155  2768  3244 I A       : Successfully initialized all components
11-10 13:55:23.161  2972  3256 I A       : (REDACTED) group %s not present %s in %s
11-10 13:55:23.162  2972  3256 I A       : (REDACTED) incrementApaDataDownloadStoreStatus(latency = %s, appVersion = %s, status = %s, locale = %s, fileGroupnames = %s, accountScoped = %s, localGroupsAvailable = %s, timeSinceSearchBoot = %s (%s), timeSinceDataDownloadInit = %s (%s))
11-10 13:55:23.164  2972  3261 I A       : Trying to enqueue PieTriggeringWorker
11-10 13:55:23.167  2972  3259 I A       : (REDACTED) incrementApaDataDownloadStoreStatusNotFound(appVersion = %s, locale = %s, groupName = %s, accountScoped = %s, foundGroups = %s, status = %s, localGroupsAvailable = %s)
11-10 13:55:23.168  2972  3261 W A       : (REDACTED) %s task was not run. Callback from Service received after client was disposed.
11-10 13:55:23.168  2972  3261 W A       : (REDACTED) %s task was not run. Callback from Service received after client was disposed.
11-10 13:55:23.168  2768  3242 I NgaEntryPointEventSendr: (REDACTED) State changed: %s => %s (%s)
11-10 13:55:23.169  2768  2768 I A       : (REDACTED) eventData = %s
11-10 13:55:23.169  2768  3242 I A       : Logging success flow
11-10 13:55:23.171  2972  3919 I PBSessionCacheImpl: (REDACTED) Deleted sessionId[%d] from persistence.
11-10 13:55:23.171  2768  3868 V ClearcutMetricXmitter: Transmission is done.
11-10 13:55:23.172  2972  3261 W A       : (REDACTED) %s task was not run. Callback from Service received after client was disposed.
11-10 13:55:23.176  2972  3261 W SearchServiceCore: Abort, client detached.
11-10 13:55:23.177  2972  3261 I HttpStreamingTapasSearc: (REDACTED) taskGraphFactory: %s#%d
11-10 13:55:23.356  1794  2270 E GnssHAL_GnssInterface: gnssSvStatusCb: a: input svInfo.flags is 8
11-10 13:55:23.356  1794  2270 E GnssHAL_GnssInterface: gnssSvStatusCb: b: input svInfo.flags is 8
11-10 13:55:23.697  1795  1889 D gralloc_ranchu: gralloc_alloc: Creating ashmem region of size 8298496
11-10 13:55:23.722  1683  1683 I hwservicemanager: getTransport: Cannot find entry android.hardware.graphics.mapper@3.0::IMapper/default in either framework or device manifest.
11-10 13:55:23.722  7221  7221 W Gralloc3: mapper 3.x is not supported
11-10 13:55:23.728  7221  7221 D HostConnection: createUnique: call
11-10 13:55:23.728  7221  7221 D HostConnection: HostConnection::get() New Host Connection established 0xe7d1fd70, tid 7221
11-10 13:55:23.730  7221  7221 D HostConnection: HostComposition ext ANDROID_EMU_CHECKSUM_HELPER_v1 ANDROID_EMU_native_sync_v2 ANDROID_EMU_native_sync_v3 ANDROID_EMU_native_sync_v4 ANDROID_EMU_dma_v1 ANDROID_EMU_direct_mem ANDROID_EMU_host_composition_v1 ANDROID_EMU_host_composition_v2 ANDROID_EMU_YUV420_888_to_NV21 ANDROID_EMU_YUV_Cache ANDROID_EMU_async_unmap_buffer GL_OES_EGL_image_external_essl3 GL_OES_vertex_array_object GL_KHR_texture_compression_astc_ldr ANDROID_EMU_host_side_tracing ANDROID_EMU_gles_max_version_3_0 
11-10 13:55:23.731  7221  7221 D eglCodecCommon: allocate: Ask for block of size 0x1000
11-10 13:55:23.732  7221  7221 D eglCodecCommon: allocate: ioctl allocate returned offset 0x3ff807000 size 0x2000
11-10 13:55:23.745  7221  7221 D eglCodecCommon: allocate: Ask for block of size 0x7ea000
11-10 13:55:23.745  7221  7221 D eglCodecCommon: allocate: ioctl allocate returned offset 0x3ff01e000 size 0x7eb000
11-10 13:55:23.860  6861  7229 I MediaProvider: Begin Intent { act=android.intent.action.MEDIA_SCANNER_SCAN_FILE dat=file:///sdcard/screen.png flg=0x1400010 cmp=com.android.providers.media/.MediaService }
11-10 13:55:23.865  6861  7229 W ExifInterface: Invalid image: ExifInterface got an unsupported image format file(ExifInterface supports JPEG and some RAW image formats only) or a corrupted JPEG file to ExifInterface.
11-10 13:55:23.865  6861  7229 W ExifInterface: java.io.IOException: Invalid byte order: ffff8950
11-10 13:55:23.865  6861  7229 W ExifInterface: 	at android.media.ExifInterface.readByteOrder(ExifInterface.java:3121)
11-10 13:55:23.865  6861  7229 W ExifInterface: 	at android.media.ExifInterface.isOrfFormat(ExifInterface.java:2437)
11-10 13:55:23.865  6861  7229 W ExifInterface: 	at android.media.ExifInterface.getMimeType(ExifInterface.java:2315)
11-10 13:55:23.865  6861  7229 W ExifInterface: 	at android.media.ExifInterface.loadAttributes(ExifInterface.java:1753)
11-10 13:55:23.865  6861  7229 W ExifInterface: 	at android.media.ExifInterface.<init>(ExifInterface.java:1447)
11-10 13:55:23.865  6861  7229 W ExifInterface: 	at com.android.providers.media.scan.ModernMediaScanner.scanItemImage(ModernMediaScanner.java:729)
11-10 13:55:23.865  6861  7229 W ExifInterface: 	at com.android.providers.media.scan.ModernMediaScanner.scanItem(ModernMediaScanner.java:502)
11-10 13:55:23.865  6861  7229 W ExifInterface: 	at com.android.providers.media.scan.ModernMediaScanner.access$500(ModernMediaScanner.java:118)
11-10 13:55:23.865  6861  7229 W ExifInterface: 	at com.android.providers.media.scan.ModernMediaScanner$Scan.visitFile(ModernMediaScanner.java:406)
11-10 13:55:23.865  6861  7229 W ExifInterface: 	at com.android.providers.media.scan.ModernMediaScanner$Scan.visitFile(ModernMediaScanner.java:207)
11-10 13:55:23.865  6861  7229 W ExifInterface: 	at java.nio.file.Files.walkFileTree(Files.java:2670)
11-10 13:55:23.865  6861  7229 W ExifInterface: 	at java.nio.file.Files.walkFileTree(Files.java:2742)
11-10 13:55:23.865  6861  7229 W ExifInterface: 	at com.android.providers.media.scan.ModernMediaScanner$Scan.walkFileTree(ModernMediaScanner.java:267)
11-10 13:55:23.865  6861  7229 W ExifInterface: 	at com.android.providers.media.scan.ModernMediaScanner$Scan.run(ModernMediaScanner.java:245)
11-10 13:55:23.865  6861  7229 W ExifInterface: 	at com.android.providers.media.scan.ModernMediaScanner.scanFile(ModernMediaScanner.java:174)
11-10 13:55:23.865  6861  7229 W ExifInterface: 	at com.android.providers.media.MediaService.onScanFile(MediaService.java:164)
11-10 13:55:23.865  6861  7229 W ExifInterface: 	at com.android.providers.media.MediaService.onHandleIntent(MediaService.java:90)
11-10 13:55:23.865  6861  7229 W ExifInterface: 	at android.app.IntentService$ServiceHandler.handleMessage(IntentService.java:78)
11-10 13:55:23.865  6861  7229 W ExifInterface: 	at android.os.Handler.dispatchMessage(Handler.java:107)
11-10 13:55:23.865  6861  7229 W ExifInterface: 	at android.os.Looper.loop(Looper.java:214)
11-10 13:55:23.865  6861  7229 W ExifInterface: 	at android.os.HandlerThread.run(HandlerThread.java:67)
11-10 13:55:23.868  6861  7229 I MediaProvider: End Intent { act=android.intent.action.MEDIA_SCANNER_SCAN_FILE dat=file:///sdcard/screen.png flg=0x1400010 cmp=com.android.providers.media/.MediaService }
11-10 13:55:23.990  5816  5858 I NetworkScheduler.Stats: Task com.google.android.gms/com.google.android.gms.ipa.base.IpaGcmTaskService started execution. cause:9 exec_start_elapsed_seconds: 234 [CONTEXT service_id=218 ]
11-10 13:55:24.000  5816  6707 I NetworkScheduler.Stats: Task com.google.android.gms/com.google.android.gms.ipa.base.IpaGcmTaskService finished executing. cause:9 result: 1 elapsed_millis: 63 uptime_millis: 63 exec_start_elapsed_seconds: 234 [CONTEXT service_id=218 ]
11-10 13:55:24.362  1794  2270 E GnssHAL_GnssInterface: gnssSvStatusCb: a: input svInfo.flags is 8
11-10 13:55:24.362  1794  2270 E GnssHAL_GnssInterface: gnssSvStatusCb: b: input svInfo.flags is 8
11-10 13:55:25.367  1794  2270 E GnssHAL_GnssInterface: gnssSvStatusCb: a: input svInfo.flags is 8
11-10 13:55:25.367  1794  2270 E GnssHAL_GnssInterface: gnssSvStatusCb: b: input svInfo.flags is 8
11-10 13:55:26.237  7233  7233 D AndroidRuntime: >>>>>> START com.android.internal.os.RuntimeInit uid 2000 <<<<<<
11-10 13:55:26.228  7233  7233 W app_process: type=1400 audit(0.0:102): avc: denied { read } for name="u:object_r:device_config_runtime_native_boot_prop:s0" dev="tmpfs" ino=7811 scontext=u:r:shell:s0 tcontext=u:object_r:device_config_runtime_native_boot_prop:s0 tclass=file permissive=0
11-10 13:55:26.228  7233  7233 W app_process: type=1400 audit(0.0:103): avc: denied { read } for name="u:object_r:device_config_runtime_native_boot_prop:s0" dev="tmpfs" ino=7811 scontext=u:r:shell:s0 tcontext=u:object_r:device_config_runtime_native_boot_prop:s0 tclass=file permissive=0
11-10 13:55:26.238  7233  7233 E libc    : Access denied finding property "persist.device_config.runtime_native_boot.enable_apex_image"
11-10 13:55:26.238  7233  7233 I AndroidRuntime: Using default boot image
11-10 13:55:26.238  7233  7233 E libc    : Access denied finding property "persist.device_config.runtime_native_boot.disable_lock_profiling"
11-10 13:55:26.239  7233  7233 I AndroidRuntime: Leaving lock profiling enabled
11-10 13:55:26.239  7233  7233 E libc    : Access denied finding property "persist.device_config.runtime_native_boot.enable_generational_cc"
11-10 13:55:26.228  7233  7233 W app_process: type=1400 audit(0.0:104): avc: denied { read } for name="u:object_r:device_config_runtime_native_boot_prop:s0" dev="tmpfs" ino=7811 scontext=u:r:shell:s0 tcontext=u:object_r:device_config_runtime_native_boot_prop:s0 tclass=file permissive=0
11-10 13:55:26.240  7233  7233 W app_process: Could not reserve sentinel fault page
11-10 13:55:26.278  7233  7233 D ICU     : Time zone APEX file found: /apex/com.android.tzdata/etc/icu/icu_tzdata.dat
11-10 13:55:26.281  7233  7233 W app_process: Unexpected CPU variant for X86 using defaults: x86
11-10 13:55:26.284  7233  7233 I app_process: The ClassLoaderContext is a special shared library.
11-10 13:55:26.284  7233  7233 I app_process: The ClassLoaderContext is a special shared library.
11-10 13:55:26.294  7233  7233 W app_process: JNI RegisterNativeMethods: attempt to register 0 native methods for android.media.AudioAttributes
11-10 13:55:26.296  7233  7233 D AndroidRuntime: Calling main entry com.android.commands.uiautomator.Launcher
11-10 13:55:26.308  2972  3183 I A       : NGA disabled since it's running Panthera and at least one a11y feature is on.
11-10 13:55:26.308  2972  3183 I A       : (REDACTED) Nga state changed to %s
11-10 13:55:26.309  2768  3384 I A       : (REDACTED) APA or Classic session decision: %s.
11-10 13:55:26.309  2768  3242 I A       : Unsubscribed to apa or classic variant change.
11-10 13:55:26.325  2972  3261 I A       : Trying to enqueue PieTriggeringWorker
11-10 13:55:26.326  2768  2768 I A       : (REDACTED) eventData = %s
11-10 13:55:26.327  2768  3242 I A       : Logging success flow
11-10 13:55:26.336  2972  3261 I A       : Trying to enqueue PieTriggeringWorker
11-10 13:55:26.346  2768  2768 I A       : (REDACTED) eventData = %s
11-10 13:55:26.347  2768  3242 I A       : Logging success flow
11-10 13:55:26.349  2030  2056 E memtrack: Couldn't load memtrack module
11-10 13:55:26.349  2030  2056 W android.os.Debug: failed to get memory consumption info: -1
11-10 13:55:26.356  2972  3261 I A       : Trying to enqueue PieTriggeringWorker
11-10 13:55:26.358  2768  2768 I A       : (REDACTED) eventData = %s
11-10 13:55:26.368  1794  2270 E GnssHAL_GnssInterface: gnssSvStatusCb: a: input svInfo.flags is 8
11-10 13:55:26.368  1794  2270 E GnssHAL_GnssInterface: gnssSvStatusCb: b: input svInfo.flags is 8
11-10 13:55:27.323  7233  7233 I AccessibilityNodeInfoDumper: Skipping invisible child: android.view.accessibility.AccessibilityNodeInfo@1a89b; boundsInParent: Rect(0, 0 - 1080, 1582); boundsInScreen: Rect(0, 63 - 0, 1645); packageName: org.shadowice.flocke.andotp; className: android.widget.LinearLayout; text: null; error: null; maxTextLength: -1; contentDescription: null; tooltipText: null; viewIdResName: null; checkable: false; checked: false; focusable: false; focused: false; selected: false; clickable: false; longClickable: false; contextClickable: false; enabled: true; password: false; scrollable: false; importantForAccessibility: false; visible: false; actions: [AccessibilityAction: ACTION_SELECT - null, AccessibilityAction: ACTION_CLEAR_SELECTION - null, AccessibilityAction: ACTION_ACCESSIBILITY_FOCUS - null, AccessibilityAction: ACTION_SHOW_ON_SCREEN - null]
11-10 13:55:27.325  7233  7233 I AccessibilityNodeInfoDumper: Skipping invisible child: android.view.accessibility.AccessibilityNodeInfo@1d1e6; boundsInParent: Rect(0, 0 - 1080, 1582); boundsInScreen: Rect(1080, 63 - 1080, 1645); packageName: org.shadowice.flocke.andotp; className: android.widget.ScrollView; text: null; error: null; maxTextLength: -1; contentDescription: null; tooltipText: null; viewIdResName: null; checkable: false; checked: false; focusable: true; focused: false; selected: false; clickable: false; longClickable: false; contextClickable: false; enabled: true; password: false; scrollable: false; importantForAccessibility: true; visible: false; actions: [AccessibilityAction: ACTION_FOCUS - null, AccessibilityAction: ACTION_SELECT - null, AccessibilityAction: ACTION_CLEAR_SELECTION - null, AccessibilityAction: ACTION_ACCESSIBILITY_FOCUS - null, AccessibilityAction: ACTION_SHOW_ON_SCREEN - null]
11-10 13:55:27.327  7233  7233 W AccessibilityNodeInfoDumper: Fetch time: 5ms
11-10 13:55:26.303  2030  2030 V SettingsProvider: Notifying for 0: content://settings/secure/accessibility_enabled
11-10 13:55:27.327  2030  2808 W WindowManager: removeWindowToken: Attempted to remove non-existing token: android.os.Binder@29b7ff7
11-10 13:55:27.328  2030  2030 V SettingsProvider: Notifying for 0: content://settings/secure/accessibility_enabled
11-10 13:55:27.334  2972  3184 I A       : NGA enabled in interactor.
11-10 13:55:27.334  2972  3184 I A       : (REDACTED) Nga state changed to %s
11-10 13:55:27.345  7233  7233 D AndroidRuntime: Shutting down VM
11-10 13:55:27.347  2768  3868 I A       : Initializing all components
11-10 13:55:27.348  2768  3868 I A       : (REDACTED) APA or Classic session decision: %s.
11-10 13:55:27.348  2768  3244 I A       : (REDACTED) onIsEnabledChanged, isEnabled: %s
11-10 13:55:27.348  2768  3244 W A       : Disposing empty manager. Did you forgot to subscribe observables?
11-10 13:55:27.349  2768  3244 I chatty  : uid=10103(com.google.android.googlequicksearchbox) Lite Thread #1 identical 13 lines
11-10 13:55:27.350  2768  3244 W A       : Disposing empty manager. Did you forgot to subscribe observables?
11-10 13:55:27.350  2768  3244 I A       : (REDACTED) Setting session to type: %s
11-10 13:55:27.350  2768  3242 I A       : (REDACTED) State changed: %s => %s by %s and %s with %s
11-10 13:55:27.350  2768  3244 W A       : Disposing empty manager. Did you forgot to subscribe observables?
11-10 13:55:27.350  2768  3244 I chatty  : uid=10103(com.google.android.googlequicksearchbox) Lite Thread #1 identical 1 line
11-10 13:55:27.350  2768  3244 W A       : Disposing empty manager. Did you forgot to subscribe observables?
11-10 13:55:27.350  2768  3242 I A       : (REDACTED) Recognizer choice: (recognizer_type: %s, recognizer_mode: %s, choice_reason: %s)
11-10 13:55:27.350  2768  3244 W A       : Disposing empty manager. Did you forgot to subscribe observables?
11-10 13:55:27.351  2768  3244 I chatty  : uid=10103(com.google.android.googlequicksearchbox) Lite Thread #1 identical 6 lines
11-10 13:55:27.351  2768  3244 W A       : Disposing empty manager. Did you forgot to subscribe observables?
11-10 13:55:27.351  2768  3242 I A       : (REDACTED) onActiveStateChangeEvent: %s => %s
11-10 13:55:27.352  2768  3242 I A       : (REDACTED) #onActiveStateChangeEvent, newState: %s, previousState: %s.
11-10 13:55:27.353  2768  3244 W A       : Disposing empty manager. Did you forgot to subscribe observables?
11-10 13:55:27.353  2768  3244 I chatty  : uid=10103(com.google.android.googlequicksearchbox) Lite Thread #1 identical 1 line
11-10 13:55:27.354  2768  3244 W A       : Disposing empty manager. Did you forgot to subscribe observables?
11-10 13:55:27.354  2768  3244 I A       : (REDACTED) onDisabled. Registered: %s
11-10 13:55:27.355  2768  3244 I A       : (REDACTED) on opa visibility changed %s
11-10 13:55:27.355  2768  3244 I NgaEntryPointEventSendr: setupConnection
11-10 13:55:27.359  2768  3242 I A       : Initialize
11-10 13:55:27.359  2768  3242 I A       : (REDACTED) stopListening(%s, %s)
11-10 13:55:27.361  2972  2972 I A       : Creating pss binder().
11-10 13:55:27.362  2768  3244 I NgaEntryPointEventSendr: (REDACTED) State changed: %s => %s
11-10 13:55:27.362  2768  3244 I NgaEntryPointEventSendr: onServiceConnected
11-10 13:55:27.362  2972  4263 I A       : Calling beginBinderSession().
11-10 13:55:27.363  2972  4263 I A       : beginBinderSession(): calling binder
11-10 13:55:27.363  2768  3244 I NgaEntryPointEventSendr: (REDACTED) State changed: %s => %s
11-10 13:55:27.366  2768  3242 I A       : (REDACTED) on opa visibility changed %s
11-10 13:55:27.371  1794  2270 E GnssHAL_GnssInterface: gnssSvStatusCb: a: input svInfo.flags is 8
11-10 13:55:27.371  1794  2270 E GnssHAL_GnssInterface: gnssSvStatusCb: b: input svInfo.flags is 8
11-10 13:55:27.377  2768  3244 I A       : Successfully initialized all components
11-10 13:55:27.384  2972  3259 I A       : (REDACTED) group %s not present %s in %s
11-10 13:55:27.385  2972  3259 I A       : (REDACTED) incrementApaDataDownloadStoreStatus(latency = %s, appVersion = %s, status = %s, locale = %s, fileGroupnames = %s, accountScoped = %s, localGroupsAvailable = %s, timeSinceSearchBoot = %s (%s), timeSinceDataDownloadInit = %s (%s))
11-10 13:55:27.385  2972  3259 I A       : (REDACTED) incrementApaDataDownloadStoreStatusNotFound(appVersion = %s, locale = %s, groupName = %s, accountScoped = %s, foundGroups = %s, status = %s, localGroupsAvailable = %s)
11-10 13:55:27.388  2972  3261 W A       : (REDACTED) %s task was not run. Callback from Service received after client was disposed.
11-10 13:55:27.388  2972  3261 W A       : (REDACTED) %s task was not run. Callback from Service received after client was disposed.
11-10 13:55:27.388  2768  3242 I NgaEntryPointEventSendr: (REDACTED) State changed: %s => %s (%s)
11-10 13:55:27.391  2972  3261 W A       : (REDACTED) %s task was not run. Callback from Service received after client was disposed.
11-10 13:55:27.391  2972  3919 I PBSessionCacheImpl: (REDACTED) Deleted sessionId[%d] from persistence.
11-10 13:55:27.396  2972  3261 W SearchServiceCore: Abort, client detached.
11-10 13:55:27.396  2972  3261 I HttpStreamingTapasSearc: (REDACTED) taskGraphFactory: %s#%d
11-10 13:55:27.397  2972  3261 I A       : Trying to enqueue PieTriggeringWorker
11-10 13:55:27.399  2768  2768 I A       : (REDACTED) eventData = %s
11-10 13:55:27.400  2768  3244 I A       : Logging success flow
11-10 13:55:28.372  1794  2270 E GnssHAL_GnssInterface: gnssSvStatusCb: a: input svInfo.flags is 8
11-10 13:55:28.372  1794  2270 E GnssHAL_GnssInterface: gnssSvStatusCb: b: input svInfo.flags is 8
11-10 13:55:29.374  1794  2270 E GnssHAL_GnssInterface: gnssSvStatusCb: a: input svInfo.flags is 8
11-10 13:55:29.375  1794  2270 E GnssHAL_GnssInterface: gnssSvStatusCb: b: input svInfo.flags is 8
11-10 13:55:29.564  7257  7257 D AndroidRuntime: >>>>>> START com.android.internal.os.RuntimeInit uid 2000 <<<<<<
11-10 13:55:29.558  7257  7257 W app_process: type=1400 audit(0.0:105): avc: denied { read } for name="u:object_r:device_config_runtime_native_boot_prop:s0" dev="tmpfs" ino=7811 scontext=u:r:shell:s0 tcontext=u:object_r:device_config_runtime_native_boot_prop:s0 tclass=file permissive=0
11-10 13:55:29.566  7257  7257 E libc    : Access denied finding property "persist.device_config.runtime_native_boot.enable_apex_image"
11-10 13:55:29.566  7257  7257 I AndroidRuntime: Using default boot image
11-10 13:55:29.566  7257  7257 E libc    : Access denied finding property "persist.device_config.runtime_native_boot.disable_lock_profiling"
11-10 13:55:29.566  7257  7257 I AndroidRuntime: Leaving lock profiling enabled
11-10 13:55:29.566  7257  7257 E libc    : Access denied finding property "persist.device_config.runtime_native_boot.enable_generational_cc"
11-10 13:55:29.602  7257  7257 D ICU     : Time zone APEX file found: /apex/com.android.tzdata/etc/icu/icu_tzdata.dat
11-10 13:55:29.605  7257  7257 W app_process: Unexpected CPU variant for X86 using defaults: x86
11-10 13:55:29.607  7257  7257 I app_process: The ClassLoaderContext is a special shared library.
11-10 13:55:29.607  7257  7257 I app_process: The ClassLoaderContext is a special shared library.
11-10 13:55:29.619  7257  7257 W app_process: JNI RegisterNativeMethods: attempt to register 0 native methods for android.media.AudioAttributes
11-10 13:55:29.622  7257  7257 D AndroidRuntime: Calling main entry com.android.commands.uiautomator.Launcher
11-10 13:55:29.633  2972  3254 I A       : NGA disabled since it's running Panthera and at least one a11y feature is on.
11-10 13:55:29.633  2972  3254 I A       : (REDACTED) Nga state changed to %s
11-10 13:55:29.634  2768  7254 I A       : (REDACTED) APA or Classic session decision: %s.
11-10 13:55:29.635  2768  3242 I A       : Unsubscribed to apa or classic variant change.
11-10 13:55:29.658  2972  3261 I A       : Trying to enqueue PieTriggeringWorker
11-10 13:55:29.660  2768  2768 I A       : (REDACTED) eventData = %s
11-10 13:55:29.661  2768  3242 I A       : Logging success flow
11-10 13:55:29.668  2972  3261 I A       : Trying to enqueue PieTriggeringWorker
11-10 13:55:29.669  2768  2768 I A       : (REDACTED) eventData = %s
11-10 13:55:29.669  2768  3242 I A       : Logging success flow
11-10 13:55:29.675  2972  3261 I A       : Trying to enqueue PieTriggeringWorker
11-10 13:55:29.676  2768  2768 I A       : (REDACTED) eventData = %s
11-10 13:55:30.376  1794  2270 E GnssHAL_GnssInterface: gnssSvStatusCb: a: input svInfo.flags is 8
11-10 13:55:30.376  1794  2270 E GnssHAL_GnssInterface: gnssSvStatusCb: b: input svInfo.flags is 8
11-10 13:55:30.646  7257  7257 I AccessibilityNodeInfoDumper: Skipping invisible child: android.view.accessibility.AccessibilityNodeInfo@1a8a2; boundsInParent: Rect(0, 0 - 1080, 1582); boundsInScreen: Rect(0, 63 - 0, 1645); packageName: org.shadowice.flocke.andotp; className: android.widget.LinearLayout; text: null; error: null; maxTextLength: -1; contentDescription: null; tooltipText: null; viewIdResName: null; checkable: false; checked: false; focusable: false; focused: false; selected: false; clickable: false; longClickable: false; contextClickable: false; enabled: true; password: false; scrollable: false; importantForAccessibility: false; visible: false; actions: [AccessibilityAction: ACTION_SELECT - null, AccessibilityAction: ACTION_CLEAR_SELECTION - null, AccessibilityAction: ACTION_ACCESSIBILITY_FOCUS - null, AccessibilityAction: ACTION_SHOW_ON_SCREEN - null]
11-10 13:55:30.647  7257  7257 I AccessibilityNodeInfoDumper: Skipping invisible child: android.view.accessibility.AccessibilityNodeInfo@1d1ed; boundsInParent: Rect(0, 0 - 1080, 1582); boundsInScreen: Rect(1080, 63 - 1080, 1645); packageName: org.shadowice.flocke.andotp; className: android.widget.ScrollView; text: null; error: null; maxTextLength: -1; contentDescription: null; tooltipText: null; viewIdResName: null; checkable: false; checked: false; focusable: true; focused: false; selected: false; clickable: false; longClickable: false; contextClickable: false; enabled: true; password: false; scrollable: false; importantForAccessibility: true; visible: false; actions: [AccessibilityAction: ACTION_FOCUS - null, AccessibilityAction: ACTION_SELECT - null, AccessibilityAction: ACTION_CLEAR_SELECTION - null, AccessibilityAction: ACTION_ACCESSIBILITY_FOCUS - null, AccessibilityAction: ACTION_SHOW_ON_SCREEN - null]
11-10 13:55:30.649  7257  7257 W AccessibilityNodeInfoDumper: Fetch time: 4ms
11-10 13:55:29.629  2030  2030 V SettingsProvider: Notifying for 0: content://settings/secure/accessibility_enabled
11-10 13:55:30.649  2030  2304 W WindowManager: removeWindowToken: Attempted to remove non-existing token: android.os.Binder@913fc06
11-10 13:55:30.651  2030  2030 V SettingsProvider: Notifying for 0: content://settings/secure/accessibility_enabled
11-10 13:55:30.653  2972  3184 I A       : NGA enabled in interactor.
11-10 13:55:30.653  2972  3184 I A       : (REDACTED) Nga state changed to %s
11-10 13:55:30.656  2768  7254 I A       : Initializing all components
11-10 13:55:30.656  2768  7254 I A       : (REDACTED) APA or Classic session decision: %s.
11-10 13:55:30.656  2768  3244 I A       : (REDACTED) onIsEnabledChanged, isEnabled: %s
11-10 13:55:30.656  2768  3244 W A       : Disposing empty manager. Did you forgot to subscribe observables?
11-10 13:55:30.656  2768  3242 I A       : (REDACTED) State changed: %s => %s by %s and %s with %s
11-10 13:55:30.656  2768  3244 W A       : Disposing empty manager. Did you forgot to subscribe observables?
11-10 13:55:30.657  2768  3244 W A       : Disposing empty manager. Did you forgot to subscribe observables?
11-10 13:55:30.657  2768  3242 I A       : (REDACTED) Recognizer choice: (recognizer_type: %s, recognizer_mode: %s, choice_reason: %s)
11-10 13:55:30.657  2768  3244 W A       : Disposing empty manager. Did you forgot to subscribe observables?
11-10 13:55:30.658  2768  3244 I chatty  : uid=10103(com.google.android.googlequicksearchbox) Lite Thread #1 identical 10 lines
11-10 13:55:30.658  2768  3244 W A       : Disposing empty manager. Did you forgot to subscribe observables?
11-10 13:55:30.658  2768  3244 I A       : (REDACTED) Setting session to type: %s
11-10 13:55:30.658  2768  3244 W A       : Disposing empty manager. Did you forgot to subscribe observables?
11-10 13:55:30.658  2768  3244 W A       : Disposing empty manager. Did you forgot to subscribe observables?
11-10 13:55:30.658  2768  3242 I A       : (REDACTED) onActiveStateChangeEvent: %s => %s
11-10 13:55:30.658  2768  3244 W A       : Disposing empty manager. Did you forgot to subscribe observables?
11-10 13:55:30.658  2768  3244 W A       : Disposing empty manager. Did you forgot to subscribe observables?
11-10 13:55:30.658  2768  3242 I A       : (REDACTED) #onActiveStateChangeEvent, newState: %s, previousState: %s.
11-10 13:55:30.658  2768  3244 W A       : Disposing empty manager. Did you forgot to subscribe observables?
11-10 13:55:30.659  2768  3244 I chatty  : uid=10103(com.google.android.googlequicksearchbox) Lite Thread #1 identical 8 lines
11-10 13:55:30.659  2768  3244 W A       : Disposing empty manager. Did you forgot to subscribe observables?
11-10 13:55:30.659  2768  3244 I A       : (REDACTED) onDisabled. Registered: %s
