11-10 13:56:16.607  2768  3242 W A       : Disposing empty manager. Did you forgot to subscribe observables?
11-10 13:56:16.607  2768  3244 I A       : (REDACTED) State changed: %s => %s by %s and %s with %s
11-10 13:56:16.608  2768  3242 W A       : Disposing empty manager. Did you forgot to subscribe observables?
11-10 13:56:16.608  2768  3244 I A       : (REDACTED) Recognizer choice: (recognizer_type: %s, recognizer_mode: %s, choice_reason: %s)
11-10 13:56:16.608  2768  3242 W A       : Disposing empty manager. Did you forgot to subscribe observables?
11-10 13:56:16.609  2768  3242 I chatty  : uid=10103(com.google.android.googlequicksearchbox) Lite Thread #0 identical 10 lines
11-10 13:56:16.609  2768  3242 W A       : Disposing empty manager. Did you forgot to subscribe observables?
11-10 13:56:16.609  2768  3242 I A       : (REDACTED) Setting session to type: %s
11-10 13:56:16.609  2768  3242 W A       : Disposing empty manager. Did you forgot to subscribe observables?
11-10 13:56:16.609  2768  3242 I chatty  : uid=10103(com.google.android.googlequicksearchbox) Lite Thread #0 identical 4 lines
11-10 13:56:16.609  2768  3242 W A       : Disposing empty manager. Did you forgot to subscribe observables?
11-10 13:56:16.611  7497  7497 D AndroidRuntime: Shutting down VM
11-10 13:56:16.611  2768  3242 W A       : Disposing empty manager. Did you forgot to subscribe observables?
11-10 13:56:16.614  2768  3242 I chatty  : uid=10103(com.google.android.googlequicksearchbox) Lite Thread #0 identical 5 lines
11-10 13:56:16.614  2768  3242 W A       : Disposing empty manager. Did you forgot to subscribe observables?
11-10 13:56:16.614  2768  3244 I A       : (REDACTED) onActiveStateChangeEvent: %s => %s
11-10 13:56:16.614  2768  3244 I A       : (REDACTED) #onActiveStateChangeEvent, newState: %s, previousState: %s.
11-10 13:56:16.615  2768  3242 W A       : Disposing empty manager. Did you forgot to subscribe observables?
11-10 13:56:16.615  2768  3242 I A       : (REDACTED) onDisabled. Registered: %s
11-10 13:56:16.617  2768  3244 I NgaEntryPointEventSendr: setupConnection
11-10 13:56:16.619  2972  2989 W earchbox:searc: Suspending all threads took: 5.348ms
11-10 13:56:16.624  2768  3244 I NgaEntryPointEventSendr: (REDACTED) State changed: %s => %s
11-10 13:56:16.627  2768  3244 I A       : (REDACTED) stopListening(%s, %s)
11-10 13:56:16.627  2768  3242 I A       : Initialize
11-10 13:56:16.634  2768  3244 I A       : Successfully initialized all components
11-10 13:56:16.638  2972  2972 I A       : Creating pss binder().
11-10 13:56:16.638  2768  3242 I NgaEntryPointEventSendr: onServiceConnected
11-10 13:56:16.639  2972  2995 I A       : Calling beginBinderSession().
11-10 13:56:16.639  2972  2995 I A       : beginBinderSession(): calling binder
11-10 13:56:16.640  2768  3242 I NgaEntryPointEventSendr: (REDACTED) State changed: %s => %s
11-10 13:56:16.649  2768  3242 I A       : (REDACTED) on opa visibility changed %s
11-10 13:56:16.650  2768  3244 I A       : (REDACTED) on opa visibility changed %s
11-10 13:56:16.667  2972  3256 I A       : (REDACTED) group %s not present %s in %s
11-10 13:56:16.668  2972  3256 I A       : (REDACTED) incrementApaDataDownloadStoreStatus(latency = %s, appVersion = %s, status = %s, locale = %s, fileGroupnames = %s, accountScoped = %s, localGroupsAvailable = %s, timeSinceSearchBoot = %s (%s), timeSinceDataDownloadInit = %s (%s))
11-10 13:56:16.668  2972  3259 I A       : (REDACTED) incrementApaDataDownloadStoreStatusNotFound(appVersion = %s, locale = %s, groupName = %s, accountScoped = %s, foundGroups = %s, status = %s, localGroupsAvailable = %s)
11-10 13:56:16.674  2768  2797 I hbox:interacto: Background young concurrent copying GC freed 84574(2827KB) AllocSpace objects, 5(100KB) LOS objects, 25% free, 7555KB/10184KB, paused 5.953ms total 64.706ms
11-10 13:56:16.678  2768  3244 I NgaEntryPointEventSendr: (REDACTED) State changed: %s => %s (%s)
11-10 13:56:16.679  2972  3261 I A       : Trying to enqueue PieTriggeringWorker
11-10 13:56:16.680  2972  3261 W A       : (REDACTED) %s task was not run. Callback from Service received after client was disposed.
11-10 13:56:16.680  2972  3261 W A       : (REDACTED) %s task was not run. Callback from Service received after client was disposed.
11-10 13:56:16.683  2972  3919 I PBSessionCacheImpl: (REDACTED) Deleted sessionId[%d] from persistence.
11-10 13:56:16.684  2972  3261 W A       : (REDACTED) %s task was not run. Callback from Service received after client was disposed.
11-10 13:56:16.691  2972  3261 W SearchServiceCore: Abort, client detached.
11-10 13:56:16.692  2972  3261 I HttpStreamingTapasSearc: (REDACTED) taskGraphFactory: %s#%d
11-10 13:56:16.693  2768  2768 I A       : (REDACTED) eventData = %s
11-10 13:56:16.694  2768  3242 I A       : Logging success flow
11-10 13:56:17.549  1794  2270 E GnssHAL_GnssInterface: gnssSvStatusCb: a: input svInfo.flags is 8
11-10 13:56:17.549  1794  2270 E GnssHAL_GnssInterface: gnssSvStatusCb: b: input svInfo.flags is 8
11-10 13:56:17.617  7532  7532 D AndroidRuntime: >>>>>> START com.android.internal.os.RuntimeInit uid 2000 <<<<<<
11-10 13:56:17.618  7532  7532 W app_process: type=1400 audit(0.0:138): avc: denied { read } for name="u:object_r:device_config_runtime_native_boot_prop:s0" dev="tmpfs" ino=7811 scontext=u:r:shell:s0 tcontext=u:object_r:device_config_runtime_native_boot_prop:s0 tclass=file permissive=0
11-10 13:56:17.622  7532  7532 E libc    : Access denied finding property "persist.device_config.runtime_native_boot.enable_apex_image"
11-10 13:56:17.622  7532  7532 I AndroidRuntime: Using default boot image
11-10 13:56:17.622  7532  7532 E libc    : Access denied finding property "persist.device_config.runtime_native_boot.disable_lock_profiling"
11-10 13:56:17.622  7532  7532 I AndroidRuntime: Leaving lock profiling enabled
11-10 13:56:17.623  7532  7532 E libc    : Access denied finding property "persist.device_config.runtime_native_boot.enable_generational_cc"
11-10 13:56:17.618  7532  7532 W app_process: type=1400 audit(0.0:139): avc: denied { read } for name="u:object_r:device_config_runtime_native_boot_prop:s0" dev="tmpfs" ino=7811 scontext=u:r:shell:s0 tcontext=u:object_r:device_config_runtime_native_boot_prop:s0 tclass=file permissive=0
11-10 13:56:17.717  7532  7532 D ICU     : Time zone APEX file found: /apex/com.android.tzdata/etc/icu/icu_tzdata.dat
11-10 13:56:17.725  7532  7532 W app_process: Unexpected CPU variant for X86 using defaults: x86
11-10 13:56:17.728  7532  7532 I app_process: The ClassLoaderContext is a special shared library.
11-10 13:56:17.729  7532  7532 I app_process: The ClassLoaderContext is a special shared library.
11-10 13:56:17.753  7532  7532 W app_process: JNI RegisterNativeMethods: attempt to register 0 native methods for android.media.AudioAttributes
11-10 13:56:17.757  7532  7532 D AndroidRuntime: Calling main entry com.android.commands.uiautomator.Launcher
11-10 13:56:17.792  2972  3183 I A       : NGA disabled since it's running Panthera and at least one a11y feature is on.
11-10 13:56:17.793  2972  3183 I A       : (REDACTED) Nga state changed to %s
11-10 13:56:17.805  2768  2804 I A       : (REDACTED) APA or Classic session decision: %s.
11-10 13:56:17.806  2768  3244 I A       : Unsubscribed to apa or classic variant change.
11-10 13:56:17.825  2972  3261 I A       : Trying to enqueue PieTriggeringWorker
11-10 13:56:17.829  2768  2768 I A       : (REDACTED) eventData = %s
11-10 13:56:17.829  2768  3242 I A       : Logging success flow
11-10 13:56:17.840  2972  3261 I A       : Trying to enqueue PieTriggeringWorker
11-10 13:56:17.843  2768  2768 I A       : (REDACTED) eventData = %s
11-10 13:56:17.844  2768  3242 I A       : Logging success flow
11-10 13:56:17.859  2972  3261 I A       : Trying to enqueue PieTriggeringWorker
11-10 13:56:17.862  2768  2768 I A       : (REDACTED) eventData = %s
11-10 13:56:18.551  1794  2270 E GnssHAL_GnssInterface: gnssSvStatusCb: a: input svInfo.flags is 8
11-10 13:56:18.551  1794  2270 E GnssHAL_GnssInterface: gnssSvStatusCb: b: input svInfo.flags is 8
11-10 13:56:18.797  7532  7532 W AccessibilityNodeInfoDumper: Fetch time: 3ms
11-10 13:56:17.773  2030  2030 V SettingsProvider: Notifying for 0: content://settings/secure/accessibility_enabled
11-10 13:56:18.798  2030  2303 W WindowManager: removeWindowToken: Attempted to remove non-existing token: android.os.Binder@a87f1bf
11-10 13:56:18.801  2030  2030 V SettingsProvider: Notifying for 0: content://settings/secure/accessibility_enabled
11-10 13:56:18.821  2972  3183 I A       : NGA enabled in interactor.
11-10 13:56:18.821  2972  3183 I A       : (REDACTED) Nga state changed to %s
11-10 13:56:18.826  7532  7532 D AndroidRuntime: Shutting down VM
11-10 13:56:18.828  2768  2804 I A       : Initializing all components
11-10 13:56:18.828  2768  2804 I A       : (REDACTED) APA or Classic session decision: %s.
11-10 13:56:18.828  2768  3244 I A       : (REDACTED) onIsEnabledChanged, isEnabled: %s
11-10 13:56:18.828  2768  3244 W A       : Disposing empty manager. Did you forgot to subscribe observables?
11-10 13:56:18.829  2768  3244 I chatty  : uid=10103(com.google.android.googlequicksearchbox) Lite Thread #1 identical 11 lines
11-10 13:56:18.829  2768  3244 W A       : Disposing empty manager. Did you forgot to subscribe observables?
11-10 13:56:18.829  2768  3242 I A       : (REDACTED) State changed: %s => %s by %s and %s with %s
11-10 13:56:18.829  2768  3244 W A       : Disposing empty manager. Did you forgot to subscribe observables?
11-10 13:56:18.829  2768  3244 W A       : Disposing empty manager. Did you forgot to subscribe observables?
11-10 13:56:18.829  2768  3244 I A       : (REDACTED) Setting session to type: %s
11-10 13:56:18.830  2768  3244 W A       : Disposing empty manager. Did you forgot to subscribe observables?
11-10 13:56:18.830  2768  3244 I chatty  : uid=10103(com.google.android.googlequicksearchbox) Lite Thread #1 identical 2 lines
11-10 13:56:18.830  2768  3244 W A       : Disposing empty manager. Did you forgot to subscribe observables?
11-10 13:56:18.830  2768  3242 I A       : (REDACTED) Recognizer choice: (recognizer_type: %s, recognizer_mode: %s, choice_reason: %s)
11-10 13:56:18.831  2768  3244 W A       : Disposing empty manager. Did you forgot to subscribe observables?
11-10 13:56:18.832  2768  3244 I chatty  : uid=10103(com.google.android.googlequicksearchbox) Lite Thread #1 identical 8 lines
11-10 13:56:18.832  2768  3244 W A       : Disposing empty manager. Did you forgot to subscribe observables?
11-10 13:56:18.832  2768  3244 I A       : (REDACTED) onDisabled. Registered: %s
11-10 13:56:18.833  2768  3242 I A       : (REDACTED) onActiveStateChangeEvent: %s => %s
11-10 13:56:18.833  2768  3242 I A       : (REDACTED) #onActiveStateChangeEvent, newState: %s, previousState: %s.
11-10 13:56:18.836  2768  3242 I A       : (REDACTED) on opa visibility changed %s
11-10 13:56:18.837  2768  3242 I A       : (REDACTED) on opa visibility changed %s
11-10 13:56:18.837  2768  3242 I A       : (REDACTED) stopListening(%s, %s)
11-10 13:56:18.839  2768  3244 I A       : Initialize
11-10 13:56:18.839  2768  3242 I NgaEntryPointEventSendr: setupConnection
11-10 13:56:18.849  2972  2972 I A       : Creating pss binder().
11-10 13:56:18.851  2768  3242 I NgaEntryPointEventSendr: (REDACTED) State changed: %s => %s
11-10 13:56:18.851  2768  3242 I NgaEntryPointEventSendr: onServiceConnected
11-10 13:56:18.852  2972  4263 I A       : Calling beginBinderSession().
11-10 13:56:18.852  2972  4263 I A       : beginBinderSession(): calling binder
11-10 13:56:18.853  2768  3242 I NgaEntryPointEventSendr: (REDACTED) State changed: %s => %s
11-10 13:56:18.862  2768  3242 I A       : Successfully initialized all components
11-10 13:56:18.880  2972  3259 I A       : (REDACTED) group %s not present %s in %s
11-10 13:56:18.881  2972  3256 I A       : (REDACTED) incrementApaDataDownloadStoreStatus(latency = %s, appVersion = %s, status = %s, locale = %s, fileGroupnames = %s, accountScoped = %s, localGroupsAvailable = %s, timeSinceSearchBoot = %s (%s), timeSinceDataDownloadInit = %s (%s))
11-10 13:56:18.882  2972  3259 I A       : (REDACTED) incrementApaDataDownloadStoreStatusNotFound(appVersion = %s, locale = %s, groupName = %s, accountScoped = %s, foundGroups = %s, status = %s, localGroupsAvailable = %s)
11-10 13:56:18.893  2972  3261 W A       : (REDACTED) %s task was not run. Callback from Service received after client was disposed.
11-10 13:56:18.894  2768  3244 I NgaEntryPointEventSendr: (REDACTED) State changed: %s => %s (%s)
11-10 13:56:18.894  2972  3261 W A       : (REDACTED) %s task was not run. Callback from Service received after client was disposed.
11-10 13:56:18.901  2972  3261 I PBSessionCacheImpl: (REDACTED) Deleted sessionId[%d] from persistence.
11-10 13:56:18.903  2972  3261 W A       : (REDACTED) %s task was not run. Callback from Service received after client was disposed.
11-10 13:56:18.909  2972  3261 W SearchServiceCore: Abort, client detached.
11-10 13:56:18.909  2972  3261 I HttpStreamingTapasSearc: (REDACTED) taskGraphFactory: %s#%d
11-10 13:56:18.912  2972  3261 I A       : Trying to enqueue PieTriggeringWorker
11-10 13:56:18.914  2768  2768 I A       : (REDACTED) eventData = %s
11-10 13:56:18.914  2768  3242 I A       : Logging success flow
11-10 13:56:19.055  1795  1889 D gralloc_ranchu: gralloc_alloc: Creating ashmem region of size 8298496
11-10 13:56:19.065  1683  1683 I hwservicemanager: getTransport: Cannot find entry android.hardware.graphics.mapper@3.0::IMapper/default in either framework or device manifest.
11-10 13:56:19.065  7550  7550 W Gralloc3: mapper 3.x is not supported
11-10 13:56:19.073  7550  7550 D HostConnection: createUnique: call
11-10 13:56:19.076  7550  7550 D HostConnection: HostConnection::get() New Host Connection established 0xef312d70, tid 7550
11-10 13:56:19.080  7550  7550 D HostConnection: HostComposition ext ANDROID_EMU_CHECKSUM_HELPER_v1 ANDROID_EMU_native_sync_v2 ANDROID_EMU_native_sync_v3 ANDROID_EMU_native_sync_v4 ANDROID_EMU_dma_v1 ANDROID_EMU_direct_mem ANDROID_EMU_host_composition_v1 ANDROID_EMU_host_composition_v2 ANDROID_EMU_YUV420_888_to_NV21 ANDROID_EMU_YUV_Cache ANDROID_EMU_async_unmap_buffer GL_OES_EGL_image_external_essl3 GL_OES_vertex_array_object GL_KHR_texture_compression_astc_ldr ANDROID_EMU_host_side_tracing ANDROID_EMU_gles_max_version_3_0 
11-10 13:56:19.081  7550  7550 D eglCodecCommon: allocate: Ask for block of size 0x1000
11-10 13:56:19.081  7550  7550 D eglCodecCommon: allocate: ioctl allocate returned offset 0x3ff807000 size 0x2000
11-10 13:56:19.097  7550  7550 D eglCodecCommon: allocate: Ask for block of size 0x7ea000
11-10 13:56:19.097  7550  7550 D eglCodecCommon: allocate: ioctl allocate returned offset 0x3ff01e000 size 0x7eb000
11-10 13:56:19.238  6861  7558 I MediaProvider: Begin Intent { act=android.intent.action.MEDIA_SCANNER_SCAN_FILE dat=file:///sdcard/screen.png flg=0x1400010 cmp=com.android.providers.media/.MediaService }
11-10 13:56:19.243  6861  7558 W ExifInterface: Invalid image: ExifInterface got an unsupported image format file(ExifInterface supports JPEG and some RAW image formats only) or a corrupted JPEG file to ExifInterface.
11-10 13:56:19.243  6861  7558 W ExifInterface: java.io.IOException: Invalid byte order: ffff8950
11-10 13:56:19.243  6861  7558 W ExifInterface: 	at android.media.ExifInterface.readByteOrder(ExifInterface.java:3121)
11-10 13:56:19.243  6861  7558 W ExifInterface: 	at android.media.ExifInterface.isOrfFormat(ExifInterface.java:2437)
11-10 13:56:19.243  6861  7558 W ExifInterface: 	at android.media.ExifInterface.getMimeType(ExifInterface.java:2315)
11-10 13:56:19.243  6861  7558 W ExifInterface: 	at android.media.ExifInterface.loadAttributes(ExifInterface.java:1753)
11-10 13:56:19.243  6861  7558 W ExifInterface: 	at android.media.ExifInterface.<init>(ExifInterface.java:1447)
11-10 13:56:19.243  6861  7558 W ExifInterface: 	at com.android.providers.media.scan.ModernMediaScanner.scanItemImage(ModernMediaScanner.java:729)
11-10 13:56:19.243  6861  7558 W ExifInterface: 	at com.android.providers.media.scan.ModernMediaScanner.scanItem(ModernMediaScanner.java:502)
11-10 13:56:19.243  6861  7558 W ExifInterface: 	at com.android.providers.media.scan.ModernMediaScanner.access$500(ModernMediaScanner.java:118)
11-10 13:56:19.243  6861  7558 W ExifInterface: 	at com.android.providers.media.scan.ModernMediaScanner$Scan.visitFile(ModernMediaScanner.java:406)
11-10 13:56:19.243  6861  7558 W ExifInterface: 	at com.android.providers.media.scan.ModernMediaScanner$Scan.visitFile(ModernMediaScanner.java:207)
11-10 13:56:19.243  6861  7558 W ExifInterface: 	at java.nio.file.Files.walkFileTree(Files.java:2670)
11-10 13:56:19.243  6861  7558 W ExifInterface: 	at java.nio.file.Files.walkFileTree(Files.java:2742)
11-10 13:56:19.243  6861  7558 W ExifInterface: 	at com.android.providers.media.scan.ModernMediaScanner$Scan.walkFileTree(ModernMediaScanner.java:267)
11-10 13:56:19.243  6861  7558 W ExifInterface: 	at com.android.providers.media.scan.ModernMediaScanner$Scan.run(ModernMediaScanner.java:245)
11-10 13:56:19.243  6861  7558 W ExifInterface: 	at com.android.providers.media.scan.ModernMediaScanner.scanFile(ModernMediaScanner.java:174)
11-10 13:56:19.243  6861  7558 W ExifInterface: 	at com.android.providers.media.MediaService.onScanFile(MediaService.java:164)
11-10 13:56:19.243  6861  7558 W ExifInterface: 	at com.android.providers.media.MediaService.onHandleIntent(MediaService.java:90)
11-10 13:56:19.243  6861  7558 W ExifInterface: 	at android.app.IntentService$ServiceHandler.handleMessage(IntentService.java:78)
11-10 13:56:19.243  6861  7558 W ExifInterface: 	at android.os.Handler.dispatchMessage(Handler.java:107)
11-10 13:56:19.243  6861  7558 W ExifInterface: 	at android.os.Looper.loop(Looper.java:214)
11-10 13:56:19.243  6861  7558 W ExifInterface: 	at android.os.HandlerThread.run(HandlerThread.java:67)
11-10 13:56:19.248  6861  7558 I MediaProvider: End Intent { act=android.intent.action.MEDIA_SCANNER_SCAN_FILE dat=file:///sdcard/screen.png flg=0x1400010 cmp=com.android.providers.media/.MediaService }
11-10 13:56:19.392  5816  7548 I NetworkScheduler.Stats: Task com.google.android.gms/com.google.android.gms.ipa.base.IpaGcmTaskService started execution. cause:9 exec_start_elapsed_seconds: 290 [CONTEXT service_id=218 ]
11-10 13:56:19.406  5816  6707 I NetworkScheduler.Stats: Task com.google.android.gms/com.google.android.gms.ipa.base.IpaGcmTaskService finished executing. cause:9 result: 1 elapsed_millis: 72 uptime_millis: 72 exec_start_elapsed_seconds: 290 [CONTEXT service_id=218 ]
11-10 13:56:19.555  1794  2270 E GnssHAL_GnssInterface: gnssSvStatusCb: a: input svInfo.flags is 8
11-10 13:56:19.555  1794  2270 E GnssHAL_GnssInterface: gnssSvStatusCb: b: input svInfo.flags is 8
11-10 13:56:20.559  1794  2270 E GnssHAL_GnssInterface: gnssSvStatusCb: a: input svInfo.flags is 8
11-10 13:56:20.559  1794  2270 E GnssHAL_GnssInterface: gnssSvStatusCb: b: input svInfo.flags is 8
11-10 13:56:21.562  1794  2270 E GnssHAL_GnssInterface: gnssSvStatusCb: a: input svInfo.flags is 8
11-10 13:56:21.562  1794  2270 E GnssHAL_GnssInterface: gnssSvStatusCb: b: input svInfo.flags is 8
11-10 13:56:21.607  7562  7562 D AndroidRuntime: >>>>>> START com.android.internal.os.RuntimeInit uid 2000 <<<<<<
11-10 13:56:21.609  7562  7562 E libc    : Access denied finding property "persist.device_config.runtime_native_boot.enable_apex_image"
11-10 13:56:21.609  7562  7562 I AndroidRuntime: Using default boot image
11-10 13:56:21.609  7562  7562 E libc    : Access denied finding property "persist.device_config.runtime_native_boot.disable_lock_profiling"
11-10 13:56:21.609  7562  7562 I AndroidRuntime: Leaving lock profiling enabled
11-10 13:56:21.598  7562  7562 W app_process: type=1400 audit(0.0:141): avc: denied { read } for name="u:object_r:device_config_runtime_native_boot_prop:s0" dev="tmpfs" ino=7811 scontext=u:r:shell:s0 tcontext=u:object_r:device_config_runtime_native_boot_prop:s0 tclass=file permissive=0
11-10 13:56:21.609  7562  7562 E libc    : Access denied finding property "persist.device_config.runtime_native_boot.enable_generational_cc"
11-10 13:56:21.656  7562  7562 D ICU     : Time zone APEX file found: /apex/com.android.tzdata/etc/icu/icu_tzdata.dat
11-10 13:56:21.660  7562  7562 W app_process: Unexpected CPU variant for X86 using defaults: x86
11-10 13:56:21.662  7562  7562 I app_process: The ClassLoaderContext is a special shared library.
11-10 13:56:21.663  7562  7562 I app_process: The ClassLoaderContext is a special shared library.
11-10 13:56:21.674  7562  7562 W app_process: JNI RegisterNativeMethods: attempt to register 0 native methods for android.media.AudioAttributes
11-10 13:56:21.676  7562  7562 D AndroidRuntime: Calling main entry com.android.commands.uiautomator.Launcher
11-10 13:56:21.686  2972  3254 I A       : NGA disabled since it's running Panthera and at least one a11y feature is on.
11-10 13:56:21.686  2972  3254 I A       : (REDACTED) Nga state changed to %s
11-10 13:56:21.690  2768  3242 I A       : Unsubscribed to apa or classic variant change.
11-10 13:56:21.690  2768  3384 I A       : (REDACTED) APA or Classic session decision: %s.
11-10 13:56:21.701  2972  3261 I A       : Trying to enqueue PieTriggeringWorker
11-10 13:56:21.703  2768  2768 I A       : (REDACTED) eventData = %s
11-10 13:56:21.704  2768  3242 I A       : Logging success flow
11-10 13:56:21.715  2972  3261 I A       : Trying to enqueue PieTriggeringWorker
11-10 13:56:21.718  2768  2768 I A       : (REDACTED) eventData = %s
11-10 13:56:21.718  2768  3242 I A       : Logging success flow
11-10 13:56:21.726  2972  3261 I A       : Trying to enqueue PieTriggeringWorker
11-10 13:56:21.728  2768  2768 I A       : (REDACTED) eventData = %s
11-10 13:56:22.568  1794  2270 E GnssHAL_GnssInterface: gnssSvStatusCb: a: input svInfo.flags is 8
11-10 13:56:22.568  1794  2270 E GnssHAL_GnssInterface: gnssSvStatusCb: b: input svInfo.flags is 8
11-10 13:56:22.702  7562  7562 W AccessibilityNodeInfoDumper: Fetch time: 2ms
11-10 13:56:21.684  2030  2030 V SettingsProvider: Notifying for 0: content://settings/secure/accessibility_enabled
11-10 13:56:22.709  2030  7011 W WindowManager: removeWindowToken: Attempted to remove non-existing token: android.os.Binder@9ef169e
11-10 13:56:22.712  2030  2030 V SettingsProvider: Notifying for 0: content://settings/secure/accessibility_enabled
11-10 13:56:22.718  2972  3183 I A       : NGA enabled in interactor.
11-10 13:56:22.718  2972  3183 I A       : (REDACTED) Nga state changed to %s
11-10 13:56:22.720  2768  3384 I A       : Initializing all components
11-10 13:56:22.721  2768  3384 I A       : (REDACTED) APA or Classic session decision: %s.
11-10 13:56:22.721  2768  3244 I A       : (REDACTED) onIsEnabledChanged, isEnabled: %s
11-10 13:56:22.721  2768  3244 W A       : Disposing empty manager. Did you forgot to subscribe observables?
11-10 13:56:22.721  2768  3244 I chatty  : uid=10103(com.google.android.googlequicksearchbox) Lite Thread #1 identical 2 lines
11-10 13:56:22.721  2768  3244 W A       : Disposing empty manager. Did you forgot to subscribe observables?
11-10 13:56:22.721  2768  3242 I A       : (REDACTED) State changed: %s => %s by %s and %s with %s
11-10 13:56:22.721  2768  3244 W A       : Disposing empty manager. Did you forgot to subscribe observables?
11-10 13:56:22.721  2768  3244 I chatty  : uid=10103(com.google.android.googlequicksearchbox) Lite Thread #1 identical 1 line
11-10 13:56:22.721  2768  3244 W A       : Disposing empty manager. Did you forgot to subscribe observables?
11-10 13:56:22.721  2768  3242 I A       : (REDACTED) Recognizer choice: (recognizer_type: %s, recognizer_mode: %s, choice_reason: %s)
11-10 13:56:22.721  2768  3244 W A       : Disposing empty manager. Did you forgot to subscribe observables?
11-10 13:56:22.722  2768  3244 I chatty  : uid=10103(com.google.android.googlequicksearchbox) Lite Thread #1 identical 6 lines
11-10 13:56:22.722  2768  3244 W A       : Disposing empty manager. Did you forgot to subscribe observables?
11-10 13:56:22.722  2768  3244 I A       : (REDACTED) Setting session to type: %s
11-10 13:56:22.722  2768  3244 W A       : Disposing empty manager. Did you forgot to subscribe observables?
11-10 13:56:22.723  2768  3244 I chatty  : uid=10103(com.google.android.googlequicksearchbox) Lite Thread #1 identical 12 lines
11-10 13:56:22.723  2768  3244 W A       : Disposing empty manager. Did you forgot to subscribe observables?
11-10 13:56:22.723  2768  3244 I A       : (REDACTED) onDisabled. Registered: %s
11-10 13:56:22.724  2768  3242 I A       : (REDACTED) onActiveStateChangeEvent: %s => %s
11-10 13:56:22.724  2768  3242 I A       : (REDACTED) #onActiveStateChangeEvent, newState: %s, previousState: %s.
11-10 13:56:22.729  7562  7562 D AndroidRuntime: Shutting down VM
11-10 13:56:22.730  2768  3242 I A       : (REDACTED) on opa visibility changed %s
11-10 13:56:22.731  2768  3242 I A       : (REDACTED) stopListening(%s, %s)
11-10 13:56:22.738  2768  3244 I A       : Initialize
11-10 13:56:22.738  2768  3242 I NgaEntryPointEventSendr: setupConnection
11-10 13:56:22.744  2768  3242 I NgaEntryPointEventSendr: (REDACTED) State changed: %s => %s
11-10 13:56:22.745  2972  2972 I A       : Creating pss binder().
11-10 13:56:22.751  2768  3244 I NgaEntryPointEventSendr: onServiceConnected
11-10 13:56:22.752  2972  3267 I A       : Calling beginBinderSession().
11-10 13:56:22.752  2972  3267 I A       : beginBinderSession(): calling binder
11-10 13:56:22.752  2768  3244 I NgaEntryPointEventSendr: (REDACTED) State changed: %s => %s
11-10 13:56:22.753  2768  3242 I A       : (REDACTED) on opa visibility changed %s
11-10 13:56:22.758  2768  3244 I A       : Successfully initialized all components
11-10 13:56:22.771  2972  3256 I A       : (REDACTED) group %s not present %s in %s
11-10 13:56:22.772  2972  3259 I A       : (REDACTED) incrementApaDataDownloadStoreStatus(latency = %s, appVersion = %s, status = %s, locale = %s, fileGroupnames = %s, accountScoped = %s, localGroupsAvailable = %s, timeSinceSearchBoot = %s (%s), timeSinceDataDownloadInit = %s (%s))
11-10 13:56:22.773  2972  3256 I A       : (REDACTED) incrementApaDataDownloadStoreStatusNotFound(appVersion = %s, locale = %s, groupName = %s, accountScoped = %s, foundGroups = %s, status = %s, localGroupsAvailable = %s)
11-10 13:56:22.781  2972  3261 I A       : Trying to enqueue PieTriggeringWorker
11-10 13:56:22.781  2972  3261 W A       : (REDACTED) %s task was not run. Callback from Service received after client was disposed.
11-10 13:56:22.781  2972  3261 W A       : (REDACTED) %s task was not run. Callback from Service received after client was disposed.
11-10 13:56:22.783  2768  3242 I NgaEntryPointEventSendr: (REDACTED) State changed: %s => %s (%s)
11-10 13:56:22.783  2972  3261 W A       : (REDACTED) %s task was not run. Callback from Service received after client was disposed.
11-10 13:56:22.784  2972  3919 I PBSessionCacheImpl: (REDACTED) Deleted sessionId[%d] from persistence.
11-10 13:56:22.788  2972  3261 W SearchServiceCore: Abort, client detached.
11-10 13:56:22.789  2972  3261 I HttpStreamingTapasSearc: (REDACTED) taskGraphFactory: %s#%d
11-10 13:56:22.791  2768  2768 I A       : (REDACTED) eventData = %s
11-10 13:56:22.791  2768  3244 I A       : Logging success flow
11-10 13:56:23.571  1794  2270 E GnssHAL_GnssInterface: gnssSvStatusCb: a: input svInfo.flags is 8
11-10 13:56:23.571  1794  2270 E GnssHAL_GnssInterface: gnssSvStatusCb: b: input svInfo.flags is 8
11-10 13:56:24.574  1794  2270 E GnssHAL_GnssInterface: gnssSvStatusCb: a: input svInfo.flags is 8
11-10 13:56:24.575  1794  2270 E GnssHAL_GnssInterface: gnssSvStatusCb: b: input svInfo.flags is 8
11-10 13:56:24.966  7584  7584 D AndroidRuntime: >>>>>> START com.android.internal.os.RuntimeInit uid 2000 <<<<<<
11-10 13:56:24.968  7584  7584 E libc    : Access denied finding property "persist.device_config.runtime_native_boot.enable_apex_image"
11-10 13:56:24.968  7584  7584 I AndroidRuntime: Using default boot image
11-10 13:56:24.958  7584  7584 W app_process: type=1400 audit(0.0:144): avc: denied { read } for name="u:object_r:device_config_runtime_native_boot_prop:s0" dev="tmpfs" ino=7811 scontext=u:r:shell:s0 tcontext=u:object_r:device_config_runtime_native_boot_prop:s0 tclass=file permissive=0
11-10 13:56:24.958  7584  7584 I chatty  : uid=2000(shell) app_process identical 1 line
11-10 13:56:24.958  7584  7584 W app_process: type=1400 audit(0.0:146): avc: denied { read } for name="u:object_r:device_config_runtime_native_boot_prop:s0" dev="tmpfs" ino=7811 scontext=u:r:shell:s0 tcontext=u:object_r:device_config_runtime_native_boot_prop:s0 tclass=file permissive=0
11-10 13:56:24.968  7584  7584 E libc    : Access denied finding property "persist.device_config.runtime_native_boot.disable_lock_profiling"
11-10 13:56:24.968  7584  7584 I AndroidRuntime: Leaving lock profiling enabled
11-10 13:56:24.968  7584  7584 E libc    : Access denied finding property "persist.device_config.runtime_native_boot.enable_generational_cc"
11-10 13:56:24.969  7584  7584 W app_process: Could not reserve sentinel fault page
11-10 13:56:25.014  7584  7584 D ICU     : Time zone APEX file found: /apex/com.android.tzdata/etc/icu/icu_tzdata.dat
11-10 13:56:25.018  7584  7584 W app_process: Unexpected CPU variant for X86 using defaults: x86
11-10 13:56:25.021  7584  7584 I app_process: The ClassLoaderContext is a special shared library.
11-10 13:56:25.022  7584  7584 I app_process: The ClassLoaderContext is a special shared library.
11-10 13:56:25.035  7584  7584 W app_process: JNI RegisterNativeMethods: attempt to register 0 native methods for android.media.AudioAttributes
11-10 13:56:25.038  7584  7584 D AndroidRuntime: Calling main entry com.android.commands.uiautomator.Launcher
11-10 13:56:25.050  2972  3254 I A       : NGA disabled since it's running Panthera and at least one a11y feature is on.
11-10 13:56:25.050  2972  3254 I A       : (REDACTED) Nga state changed to %s
11-10 13:56:25.052  2768  3384 I A       : (REDACTED) APA or Classic session decision: %s.
11-10 13:56:25.054  2768  3242 I A       : Unsubscribed to apa or classic variant change.
11-10 13:56:25.077  2972  3261 I A       : Trying to enqueue PieTriggeringWorker
11-10 13:56:25.078  2768  2768 I A       : (REDACTED) eventData = %s
11-10 13:56:25.079  2768  3242 I A       : Logging success flow
11-10 13:56:25.086  2972  3261 I A       : Trying to enqueue PieTriggeringWorker
11-10 13:56:25.087  2768  2768 I A       : (REDACTED) eventData = %s
11-10 13:56:25.088  2768  3242 I A       : Logging success flow
11-10 13:56:25.096  2972  3261 I A       : Trying to enqueue PieTriggeringWorker
11-10 13:56:25.097  2768  2768 I A       : (REDACTED) eventData = %s
11-10 13:56:25.577  1794  2270 E GnssHAL_GnssInterface: gnssSvStatusCb: a: input svInfo.flags is 8
11-10 13:56:25.577  1794  2270 E GnssHAL_GnssInterface: gnssSvStatusCb: b: input svInfo.flags is 8
11-10 13:56:26.058  7584  7584 W AccessibilityNodeInfoDumper: Fetch time: 2ms
11-10 13:56:25.047  2030  2030 V SettingsProvider: Notifying for 0: content://settings/secure/accessibility_enabled
11-10 13:56:26.064  2030  2299 W WindowManager: removeWindowToken: Attempted to remove non-existing token: android.os.Binder@7ce12b0
11-10 13:56:26.066  2030  2030 V SettingsProvider: Notifying for 0: content://settings/secure/accessibility_enabled
11-10 13:56:26.070  2972  3166 I A       : NGA enabled in interactor.
11-10 13:56:26.070  2972  3166 I A       : (REDACTED) Nga state changed to %s
11-10 13:56:26.071  2768  6796 I A       : Initializing all components
11-10 13:56:26.072  2768  6796 I A       : (REDACTED) APA or Classic session decision: %s.
11-10 13:56:26.073  2768  3244 I A       : (REDACTED) onIsEnabledChanged, isEnabled: %s
11-10 13:56:26.073  2768  3244 W A       : Disposing empty manager. Did you forgot to subscribe observables?
11-10 13:56:26.074  2768  3244 I chatty  : uid=10103(com.google.android.googlequicksearchbox) Lite Thread #1 identical 9 lines
11-10 13:56:26.074  2768  3244 W A       : Disposing empty manager. Did you forgot to subscribe observables?
11-10 13:56:26.075  2768  3242 I A       : (REDACTED) State changed: %s => %s by %s and %s with %s
11-10 13:56:26.075  2768  3242 I A       : (REDACTED) Recognizer choice: (recognizer_type: %s, recognizer_mode: %s, choice_reason: %s)
11-10 13:56:26.076  2768  3244 W A       : Disposing empty manager. Did you forgot to subscribe observables?
11-10 13:56:26.076  2768  3244 I chatty  : uid=10103(com.google.android.googlequicksearchbox) Lite Thread #1 identical 2 lines
11-10 13:56:26.076  2768  3244 W A       : Disposing empty manager. Did you forgot to subscribe observables?
11-10 13:56:26.076  2768  3244 I A       : (REDACTED) Setting session to type: %s
11-10 13:56:26.076  2768  3244 W A       : Disposing empty manager. Did you forgot to subscribe observables?
11-10 13:56:26.078  2768  3244 I chatty  : uid=10103(com.google.android.googlequicksearchbox) Lite Thread #1 identical 12 lines
11-10 13:56:26.078  2768  3244 W A       : Disposing empty manager. Did you forgot to subscribe observables?
11-10 13:56:26.078  2768  3244 I A       : (REDACTED) onDisabled. Registered: %s
11-10 13:56:26.078  2768  3244 I A       : (REDACTED) on opa visibility changed %s
11-10 13:56:26.086  2768  3242 I A       : (REDACTED) onActiveStateChangeEvent: %s => %s
11-10 13:56:26.086  2768  3242 I A       : (REDACTED) #onActiveStateChangeEvent, newState: %s, previousState: %s.
11-10 13:56:26.087  2768  3242 I NgaEntryPointEventSendr: setupConnection
11-10 13:56:26.089  7584  7584 D AndroidRuntime: Shutting down VM
11-10 13:56:26.094  2768  3244 I A       : Initialize
11-10 13:56:26.097  2768  3244 I A       : (REDACTED) stopListening(%s, %s)
11-10 13:56:26.097  2768  3244 I A       : (REDACTED) on opa visibility changed %s
11-10 13:56:26.099  2768  3242 I NgaEntryPointEventSendr: (REDACTED) State changed: %s => %s
11-10 13:56:26.104  2972  2972 I A       : Creating pss binder().
11-10 13:56:26.105  2768  3242 I NgaEntryPointEventSendr: onServiceConnected
11-10 13:56:26.107  2972  3000 I A       : Calling beginBinderSession().
11-10 13:56:26.107  2768  3244 I A       : Successfully initialized all components
11-10 13:56:26.107  2972  3000 I A       : beginBinderSession(): calling binder
11-10 13:56:26.108  2768  3242 I NgaEntryPointEventSendr: (REDACTED) State changed: %s => %s
11-10 13:56:26.110  2972  3261 I A       : Trying to enqueue PieTriggeringWorker
11-10 13:56:26.112  2768  2768 I A       : (REDACTED) eventData = %s
11-10 13:56:26.112  2768  3244 I A       : Logging success flow
11-10 13:56:26.126  2972  3259 I A       : (REDACTED) group %s not present %s in %s
11-10 13:56:26.127  2972  3259 I A       : (REDACTED) incrementApaDataDownloadStoreStatus(latency = %s, appVersion = %s, status = %s, locale = %s, fileGroupnames = %s, accountScoped = %s, localGroupsAvailable = %s, timeSinceSearchBoot = %s (%s), timeSinceDataDownloadInit = %s (%s))
11-10 13:56:26.128  2972  3256 I A       : (REDACTED) incrementApaDataDownloadStoreStatusNotFound(appVersion = %s, locale = %s, groupName = %s, accountScoped = %s, foundGroups = %s, status = %s, localGroupsAvailable = %s)
11-10 13:56:26.136  2768  3242 I NgaEntryPointEventSendr: (REDACTED) State changed: %s => %s (%s)
11-10 13:56:26.136  2972  3261 W A       : (REDACTED) %s task was not run. Callback from Service received after client was disposed.
11-10 13:56:26.136  2972  3261 I chatty  : uid=10103(com.google.android.googlequicksearchbox) EventBus0 identical 1 line
11-10 13:56:26.138  2972  3261 W A       : (REDACTED) %s task was not run. Callback from Service received after client was disposed.
11-10 13:56:26.138  2972  3919 I PBSessionCacheImpl: (REDACTED) Deleted sessionId[%d] from persistence.
11-10 13:56:26.143  2972  3261 W SearchServiceCore: Abort, client detached.
11-10 13:56:26.144  2972  3261 I HttpStreamingTapasSearc: (REDACTED) taskGraphFactory: %s#%d
11-10 13:56:26.312  7606  7606 D AndroidRuntime: >>>>>> START com.android.internal.os.RuntimeInit uid 2000 <<<<<<
11-10 13:56:26.308  7606  7606 W app_process: type=1400 audit(0.0:147): avc: denied { read } for name="u:object_r:device_config_runtime_native_boot_prop:s0" dev="tmpfs" ino=7811 scontext=u:r:shell:s0 tcontext=u:object_r:device_config_runtime_native_boot_prop:s0 tclass=file permissive=0
11-10 13:56:26.313  7606  7606 E libc    : Access denied finding property "persist.device_config.runtime_native_boot.enable_apex_image"
11-10 13:56:26.313  7606  7606 I AndroidRuntime: Using default boot image
11-10 13:56:26.314  7606  7606 E libc    : Access denied finding property "persist.device_config.runtime_native_boot.disable_lock_profiling"
11-10 13:56:26.314  7606  7606 I AndroidRuntime: Leaving lock profiling enabled
11-10 13:56:26.314  7606  7606 E libc    : Access denied finding property "persist.device_config.runtime_native_boot.enable_generational_cc"
11-10 13:56:26.357  7606  7606 D ICU     : Time zone APEX file found: /apex/com.android.tzdata/etc/icu/icu_tzdata.dat
11-10 13:56:26.360  7606  7606 W app_process: Unexpected CPU variant for X86 using defaults: x86
11-10 13:56:26.362  7606  7606 I app_process: The ClassLoaderContext is a special shared library.
11-10 13:56:26.362  7606  7606 I app_process: The ClassLoaderContext is a special shared library.
11-10 13:56:26.375  7606  7606 W app_process: JNI RegisterNativeMethods: attempt to register 0 native methods for android.media.AudioAttributes
11-10 13:56:26.377  7606  7606 D AndroidRuntime: Calling main entry com.android.commands.uiautomator.Launcher
11-10 13:56:26.389  2972  3254 I A       : NGA disabled since it's running Panthera and at least one a11y feature is on.
11-10 13:56:26.389  2972  3254 I A       : (REDACTED) Nga state changed to %s
11-10 13:56:26.393  2768  7520 I A       : (REDACTED) APA or Classic session decision: %s.
11-10 13:56:26.393  2768  3244 I A       : Unsubscribed to apa or classic variant change.
11-10 13:56:26.402  2972  3261 I A       : Trying to enqueue PieTriggeringWorker
11-10 13:56:26.403  2768  2768 I A       : (REDACTED) eventData = %s
11-10 13:56:26.404  2768  3244 I A       : Logging success flow
11-10 13:56:26.413  2972  3261 I A       : Trying to enqueue PieTriggeringWorker
11-10 13:56:26.414  2768  2768 I A       : (REDACTED) eventData = %s
11-10 13:56:26.415  2768  3244 I A       : Logging success flow
11-10 13:56:26.423  2972  3261 I A       : Trying to enqueue PieTriggeringWorker
11-10 13:56:26.425  2768  2768 I A       : (REDACTED) eventData = %s
11-10 13:56:26.578  1794  2270 E GnssHAL_GnssInterface: gnssSvStatusCb: a: input svInfo.flags is 8
11-10 13:56:26.578  1794  2270 E GnssHAL_GnssInterface: gnssSvStatusCb: b: input svInfo.flags is 8
11-10 13:56:26.617  6170  6170 D BoundBrokerSvc: onUnbind: Intent { act=com.google.android.gms.feedback.internal.IFeedbackService dat=chimera-action:com.google.android.gms.feedback.internal.IFeedbackService cmp=com.google.android.gms/.chimera.GmsBoundBrokerService }
11-10 13:56:27.395  7606  7606 W AccessibilityNodeInfoDumper: Fetch time: 1ms
11-10 13:56:26.383  2030  2030 V SettingsProvider: Notifying for 0: content://settings/secure/accessibility_enabled
11-10 13:56:27.396  2030  4196 W WindowManager: removeWindowToken: Attempted to remove non-existing token: android.os.Binder@7591572
11-10 13:56:27.398  2030  2030 V SettingsProvider: Notifying for 0: content://settings/secure/accessibility_enabled
11-10 13:56:27.404  2972  3183 I A       : NGA enabled in interactor.
11-10 13:56:27.405  2972  3183 I A       : (REDACTED) Nga state changed to %s
11-10 13:56:27.407  2768  7520 I A       : Initializing all components
11-10 13:56:27.407  2768  7520 I A       : (REDACTED) APA or Classic session decision: %s.
11-10 13:56:27.407  7606  7606 D AndroidRuntime: Shutting down VM
11-10 13:56:27.408  2768  3244 I A       : (REDACTED) onIsEnabledChanged, isEnabled: %s
11-10 13:56:27.408  2768  3244 W A       : Disposing empty manager. Did you forgot to subscribe observables?
11-10 13:56:27.409  2768  3244 I chatty  : uid=10103(com.google.android.googlequicksearchbox) Lite Thread #1 identical 13 lines
11-10 13:56:27.409  2768  3244 W A       : Disposing empty manager. Did you forgot to subscribe observables?
11-10 13:56:27.409  2768  3244 I A       : (REDACTED) Setting session to type: %s
11-10 13:56:27.410  2768  3244 W A       : Disposing empty manager. Did you forgot to subscribe observables?
11-10 13:56:27.411  2768  3244 I chatty  : uid=10103(com.google.android.googlequicksearchbox) Lite Thread #1 identical 11 lines
11-10 13:56:27.411  2768  3244 W A       : Disposing empty manager. Did you forgot to subscribe observables?
11-10 13:56:27.412  2768  3242 I A       : (REDACTED) State changed: %s => %s by %s and %s with %s
11-10 13:56:27.412  2768  3242 I A       : (REDACTED) Recognizer choice: (recognizer_type: %s, recognizer_mode: %s, choice_reason: %s)
11-10 13:56:27.413  2768  3242 I A       : (REDACTED) onActiveStateChangeEvent: %s => %s
11-10 13:56:27.413  2768  3242 I A       : (REDACTED) #onActiveStateChangeEvent, newState: %s, previousState: %s.
11-10 13:56:27.414  2768  3244 W A       : Disposing empty manager. Did you forgot to subscribe observables?
11-10 13:56:27.414  2768  3244 I A       : (REDACTED) onDisabled. Registered: %s
11-10 13:56:27.420  2768  3244 I A       : Initialize
11-10 13:56:27.422  2768  3242 I A       : Nga state changed
11-10 13:56:27.422  2768  3242 I A       : (REDACTED) stopListening(%s, %s)
11-10 13:56:27.433  2768  3244 I A       : (REDACTED) on opa visibility changed %s
11-10 13:56:27.433  2768  3244 I A       : (REDACTED) on opa visibility changed %s
11-10 13:56:27.433  2768  3242 I NgaEntryPointEventSendr: setupConnection
11-10 13:56:27.438  2972  2972 I A       : Creating pss binder().
11-10 13:56:27.439  2768  3242 I NgaEntryPointEventSendr: (REDACTED) State changed: %s => %s
11-10 13:56:27.440  2972  3261 I A       : Trying to enqueue PieTriggeringWorker
11-10 13:56:27.441  2768  3242 I NgaEntryPointEventSendr: onServiceConnected
11-10 13:56:27.442  2972  3000 I A       : Calling beginBinderSession().
11-10 13:56:27.442  2972  3000 I A       : beginBinderSession(): calling binder
11-10 13:56:27.443  2768  2768 I A       : (REDACTED) eventData = %s
11-10 13:56:27.443  2768  3242 I NgaEntryPointEventSendr: (REDACTED) State changed: %s => %s
11-10 13:56:27.444  2768  3244 I A       : Logging success flow
11-10 13:56:27.446  2768  3244 I A       : Successfully initialized all components
11-10 13:56:27.461  2972  3256 I A       : (REDACTED) group %s not present %s in %s
11-10 13:56:27.462  2972  3256 I A       : (REDACTED) incrementApaDataDownloadStoreStatus(latency = %s, appVersion = %s, status = %s, locale = %s, fileGroupnames = %s, accountScoped = %s, localGroupsAvailable = %s, timeSinceSearchBoot = %s (%s), timeSinceDataDownloadInit = %s (%s))
11-10 13:56:27.464  2972  3259 I A       : (REDACTED) incrementApaDataDownloadStoreStatusNotFound(appVersion = %s, locale = %s, groupName = %s, accountScoped = %s, foundGroups = %s, status = %s, localGroupsAvailable = %s)
11-10 13:56:27.468  2972  3261 W A       : (REDACTED) %s task was not run. Callback from Service received after client was disposed.
11-10 13:56:27.468  2972  3261 W A       : (REDACTED) %s task was not run. Callback from Service received after client was disposed.
11-10 13:56:27.469  2768  3244 I NgaEntryPointEventSendr: (REDACTED) State changed: %s => %s (%s)
11-10 13:56:27.471  2972  3261 W A       : (REDACTED) %s task was not run. Callback from Service received after client was disposed.
11-10 13:56:27.472  2972  3919 I PBSessionCacheImpl: (REDACTED) Deleted sessionId[%d] from persistence.
11-10 13:56:27.476  2972  3261 W SearchServiceCore: Abort, client detached.
11-10 13:56:27.476  2972  3261 I HttpStreamingTapasSearc: (REDACTED) taskGraphFactory: %s#%d
11-10 13:56:27.582  1794  2270 E GnssHAL_GnssInterface: gnssSvStatusCb: a: input svInfo.flags is 8
11-10 13:56:27.582  1794  2270 E GnssHAL_GnssInterface: gnssSvStatusCb: b: input svInfo.flags is 8
11-10 13:56:27.655  7629  7629 D AndroidRuntime: >>>>>> START com.android.internal.os.RuntimeInit uid 2000 <<<<<<
11-10 13:56:27.648  7629  7629 W app_process: type=1400 audit(0.0:150): avc: denied { read } for name="u:object_r:device_config_runtime_native_boot_prop:s0" dev="tmpfs" ino=7811 scontext=u:r:shell:s0 tcontext=u:object_r:device_config_runtime_native_boot_prop:s0 tclass=file permissive=0
11-10 13:56:27.657  7629  7629 E libc    : Access denied finding property "persist.device_config.runtime_native_boot.enable_apex_image"
11-10 13:56:27.657  7629  7629 I AndroidRuntime: Using default boot image
11-10 13:56:27.657  7629  7629 E libc    : Access denied finding property "persist.device_config.runtime_native_boot.disable_lock_profiling"
11-10 13:56:27.657  7629  7629 I AndroidRuntime: Leaving lock profiling enabled
11-10 13:56:27.648  7629  7629 W app_process: type=1400 audit(0.0:152): avc: denied { read } for name="u:object_r:device_config_runtime_native_boot_prop:s0" dev="tmpfs" ino=7811 scontext=u:r:shell:s0 tcontext=u:object_r:device_config_runtime_native_boot_prop:s0 tclass=file permissive=0
11-10 13:56:27.658  7629  7629 E libc    : Access denied finding property "persist.device_config.runtime_native_boot.enable_generational_cc"
11-10 13:56:27.703  7629  7629 D ICU     : Time zone APEX file found: /apex/com.android.tzdata/etc/icu/icu_tzdata.dat
11-10 13:56:27.706  7629  7629 W app_process: Unexpected CPU variant for X86 using defaults: x86
11-10 13:56:27.711  7629  7629 I app_process: The ClassLoaderContext is a special shared library.
11-10 13:56:27.711  7629  7629 I app_process: The ClassLoaderContext is a special shared library.
11-10 13:56:27.726  7629  7629 W app_process: JNI RegisterNativeMethods: attempt to register 0 native methods for android.media.AudioAttributes
11-10 13:56:27.728  7629  7629 D AndroidRuntime: Calling main entry com.android.commands.uiautomator.Launcher
11-10 13:56:27.744  2972  3184 I A       : NGA disabled since it's running Panthera and at least one a11y feature is on.
11-10 13:56:27.744  2972  3184 I A       : (REDACTED) Nga state changed to %s
11-10 13:56:27.745  2768  6796 I A       : (REDACTED) APA or Classic session decision: %s.
11-10 13:56:27.746  2768  3242 I A       : Unsubscribed to apa or classic variant change.
11-10 13:56:27.763  2972  3261 I A       : Trying to enqueue PieTriggeringWorker
11-10 13:56:27.764  2768  2768 I A       : (REDACTED) eventData = %s
11-10 13:56:27.765  2768  3244 I A       : Logging success flow
11-10 13:56:27.775  2972  3261 I A       : Trying to enqueue PieTriggeringWorker
11-10 13:56:27.777  2768  2768 I A       : (REDACTED) eventData = %s
11-10 13:56:27.778  2768  3244 I A       : Logging success flow
11-10 13:56:27.786  2972  3261 I A       : Trying to enqueue PieTriggeringWorker
11-10 13:56:27.787  2768  2768 I A       : (REDACTED) eventData = %s
11-10 13:56:28.584  1794  2270 E GnssHAL_GnssInterface: gnssSvStatusCb: a: input svInfo.flags is 8
11-10 13:56:28.584  1794  2270 E GnssHAL_GnssInterface: gnssSvStatusCb: b: input svInfo.flags is 8
11-10 13:56:28.751  7629  7629 W AccessibilityNodeInfoDumper: Fetch time: 4ms
11-10 13:56:27.738  2030  2030 V SettingsProvider: Notifying for 0: content://settings/secure/accessibility_enabled
11-10 13:56:28.752  2030  7011 W WindowManager: removeWindowToken: Attempted to remove non-existing token: android.os.Binder@ec2b764
11-10 13:56:28.754  2030  2030 V SettingsProvider: Notifying for 0: content://settings/secure/accessibility_enabled
11-10 13:56:28.759  2972  3166 I A       : NGA enabled in interactor.
11-10 13:56:28.759  2972  3166 I A       : (REDACTED) Nga state changed to %s
11-10 13:56:28.762  7629  7629 D AndroidRuntime: Shutting down VM
11-10 13:56:28.765  2768  3242 I A       : (REDACTED) on opa visibility changed %s
11-10 13:56:28.765  2768  6796 I A       : Initializing all components
11-10 13:56:28.765  2768  6796 I A       : (REDACTED) APA or Classic session decision: %s.
11-10 13:56:28.765  2768  3242 I A       : (REDACTED) onIsEnabledChanged, isEnabled: %s
11-10 13:56:28.765  2768  3242 W A       : Disposing empty manager. Did you forgot to subscribe observables?
11-10 13:56:28.765  2768  3242 W A       : Disposing empty manager. Did you forgot to subscribe observables?
11-10 13:56:28.765  2768  3244 I A       : (REDACTED) State changed: %s => %s by %s and %s with %s
11-10 13:56:28.765  2768  3242 W A       : Disposing empty manager. Did you forgot to subscribe observables?
11-10 13:56:28.765  2768  3242 W A       : Disposing empty manager. Did you forgot to subscribe observables?
11-10 13:56:28.765  2768  3244 I A       : (REDACTED) Recognizer choice: (recognizer_type: %s, recognizer_mode: %s, choice_reason: %s)
11-10 13:56:28.765  2768  3242 W A       : Disposing empty manager. Did you forgot to subscribe observables?
11-10 13:56:28.766  2768  3242 I chatty  : uid=10103(com.google.android.googlequicksearchbox) Lite Thread #0 identical 9 lines
11-10 13:56:28.766  2768  3242 W A       : Disposing empty manager. Did you forgot to subscribe observables?
11-10 13:56:28.766  2768  3242 I A       : (REDACTED) Setting session to type: %s
11-10 13:56:28.766  2768  3244 I A       : (REDACTED) onActiveStateChangeEvent: %s => %s
11-10 13:56:28.766  2768  3242 W A       : Disposing empty manager. Did you forgot to subscribe observables?
11-10 13:56:28.766  2768  3242 I chatty  : uid=10103(com.google.android.googlequicksearchbox) Lite Thread #0 identical 1 line
11-10 13:56:28.766  2768  3242 W A       : Disposing empty manager. Did you forgot to subscribe observables?
