11-10 13:54:24.377  2972  3259 I A       : (REDACTED) incrementApaDataDownloadStoreStatus(latency = %s, appVersion = %s, status = %s, locale = %s, fileGroupnames = %s, accountScoped = %s, localGroupsAvailable = %s, timeSinceSearchBoot = %s (%s), timeSinceDataDownloadInit = %s (%s))
11-10 13:54:24.381  2972  3256 I A       : (REDACTED) incrementApaDataDownloadStoreStatusNotFound(appVersion = %s, locale = %s, groupName = %s, accountScoped = %s, foundGroups = %s, status = %s, localGroupsAvailable = %s)
11-10 13:54:24.384  2768  2768 I A       : (REDACTED) eventData = %s
11-10 13:54:24.384  2768  3244 I A       : Logging success flow
11-10 13:54:24.388  2768  3244 I NgaEntryPointEventSendr: (REDACTED) State changed: %s => %s (%s)
11-10 13:54:24.394  2972  3919 I PBSessionCacheImpl: (REDACTED) Deleted sessionId[%d] from persistence.
11-10 13:54:24.394  2972  3261 W A       : (REDACTED) %s task was not run. Callback from Service received after client was disposed.
11-10 13:54:24.402  2972  3261 W SearchServiceCore: Abort, client detached.
11-10 13:54:24.402  2972  3261 I HttpStreamingTapasSearc: (REDACTED) taskGraphFactory: %s#%d
11-10 13:54:25.164  1794  2270 E GnssHAL_GnssInterface: gnssSvStatusCb: a: input svInfo.flags is 8
11-10 13:54:25.164  1794  2270 E GnssHAL_GnssInterface: gnssSvStatusCb: b: input svInfo.flags is 8
11-10 13:54:25.215  6810  6810 D AndroidRuntime: >>>>>> START com.android.internal.os.RuntimeInit uid 2000 <<<<<<
11-10 13:54:25.208  6810  6810 W app_process: type=1400 audit(0.0:57): avc: denied { read } for name="u:object_r:device_config_runtime_native_boot_prop:s0" dev="tmpfs" ino=7811 scontext=u:r:shell:s0 tcontext=u:object_r:device_config_runtime_native_boot_prop:s0 tclass=file permissive=0
11-10 13:54:25.217  6810  6810 E libc    : Access denied finding property "persist.device_config.runtime_native_boot.enable_apex_image"
11-10 13:54:25.208  6810  6810 W app_process: type=1400 audit(0.0:58): avc: denied { read } for name="u:object_r:device_config_runtime_native_boot_prop:s0" dev="tmpfs" ino=7811 scontext=u:r:shell:s0 tcontext=u:object_r:device_config_runtime_native_boot_prop:s0 tclass=file permissive=0
11-10 13:54:25.217  6810  6810 I AndroidRuntime: Using default boot image
11-10 13:54:25.217  6810  6810 E libc    : Access denied finding property "persist.device_config.runtime_native_boot.disable_lock_profiling"
11-10 13:54:25.217  6810  6810 I AndroidRuntime: Leaving lock profiling enabled
11-10 13:54:25.208  6810  6810 W app_process: type=1400 audit(0.0:59): avc: denied { read } for name="u:object_r:device_config_runtime_native_boot_prop:s0" dev="tmpfs" ino=7811 scontext=u:r:shell:s0 tcontext=u:object_r:device_config_runtime_native_boot_prop:s0 tclass=file permissive=0
11-10 13:54:25.218  6810  6810 E libc    : Access denied finding property "persist.device_config.runtime_native_boot.enable_generational_cc"
11-10 13:54:25.226  2030  2056 E memtrack: Couldn't load memtrack module
11-10 13:54:25.226  2030  2056 W android.os.Debug: failed to get memory consumption info: -1
11-10 13:54:25.262  6810  6810 D ICU     : Time zone APEX file found: /apex/com.android.tzdata/etc/icu/icu_tzdata.dat
11-10 13:54:25.265  6810  6810 W app_process: Unexpected CPU variant for X86 using defaults: x86
11-10 13:54:25.266  6810  6810 I app_process: The ClassLoaderContext is a special shared library.
11-10 13:54:25.267  6810  6810 I app_process: The ClassLoaderContext is a special shared library.
11-10 13:54:25.279  6810  6810 W app_process: JNI RegisterNativeMethods: attempt to register 0 native methods for android.media.AudioAttributes
11-10 13:54:25.282  6810  6810 D AndroidRuntime: Calling main entry com.android.commands.uiautomator.Launcher
11-10 13:54:25.294  2972  3183 I A       : NGA disabled since it's running Panthera and at least one a11y feature is on.
11-10 13:54:25.294  2972  3183 I A       : (REDACTED) Nga state changed to %s
11-10 13:54:25.297  2768  6796 I A       : (REDACTED) APA or Classic session decision: %s.
11-10 13:54:25.298  2768  3244 I A       : Unsubscribed to apa or classic variant change.
11-10 13:54:25.315  2972  3261 I A       : Trying to enqueue PieTriggeringWorker
11-10 13:54:25.319  2768  2768 I A       : (REDACTED) eventData = %s
11-10 13:54:25.320  2768  3244 I A       : Logging success flow
11-10 13:54:25.329  2972  3261 I A       : Trying to enqueue PieTriggeringWorker
11-10 13:54:25.334  2768  2768 I A       : (REDACTED) eventData = %s
11-10 13:54:25.334  2768  3244 I A       : Logging success flow
11-10 13:54:25.342  2972  3261 I A       : Trying to enqueue PieTriggeringWorker
11-10 13:54:25.343  2768  2768 I A       : (REDACTED) eventData = %s
11-10 13:54:26.168  1794  2270 E GnssHAL_GnssInterface: gnssSvStatusCb: a: input svInfo.flags is 8
11-10 13:54:26.168  1794  2270 E GnssHAL_GnssInterface: gnssSvStatusCb: b: input svInfo.flags is 8
11-10 13:54:26.307  6810  6810 I AccessibilityNodeInfoDumper: Skipping invisible child: android.view.accessibility.AccessibilityNodeInfo@1b731; boundsInParent: Rect(0, 0 - 1080, 1582); boundsInScreen: Rect(1080, 63 - 1080, 1645); packageName: org.shadowice.flocke.andotp; className: android.widget.ScrollView; text: null; error: null; maxTextLength: -1; contentDescription: null; tooltipText: null; viewIdResName: null; checkable: false; checked: false; focusable: true; focused: false; selected: false; clickable: false; longClickable: false; contextClickable: false; enabled: true; password: false; scrollable: false; importantForAccessibility: true; visible: false; actions: [AccessibilityAction: ACTION_FOCUS - null, AccessibilityAction: ACTION_SELECT - null, AccessibilityAction: ACTION_CLEAR_SELECTION - null, AccessibilityAction: ACTION_ACCESSIBILITY_FOCUS - null, AccessibilityAction: ACTION_SHOW_ON_SCREEN - null]
11-10 13:54:26.307  6810  6810 I AccessibilityNodeInfoDumper: Skipping invisible child: android.view.accessibility.AccessibilityNodeInfo@18a25; boundsInParent: Rect(0, 0 - 147, 147); boundsInScreen: Rect(42, 1983 - 189, 1794); packageName: org.shadowice.flocke.andotp; className: android.widget.ImageButton; text: null; error: null; maxTextLength: -1; contentDescription: Back; tooltipText: null; viewIdResName: org.shadowice.flocke.andotp:id/mi_button_back; checkable: false; checked: false; focusable: true; focused: false; selected: false; clickable: true; longClickable: true; contextClickable: false; enabled: true; password: false; scrollable: false; importantForAccessibility: true; visible: false; actions: [AccessibilityAction: ACTION_FOCUS - null, AccessibilityAction: ACTION_SELECT - null, AccessibilityAction: ACTION_CLEAR_SELECTION - null, AccessibilityAction: ACTION_CLICK - null, AccessibilityAction: ACTION_LONG_CLICK - null, AccessibilityAction: ACTION_ACCESSIBILITY_FOCUS - null, AccessibilityAction: ACTION_NEXT_AT_MOVEMENT_GRANULARITY - null, AccessibilityAction: ACTION_PREVIOUS_AT_MOVEMENT_GRANULARITY - null, AccessibilityAction: ACTION_SET_SELECTION - null, AccessibilityAction: ACTION_SHOW_ON_SCREEN - null]
11-10 13:54:26.308  6810  6810 W AccessibilityNodeInfoDumper: Fetch time: 3ms
11-10 13:54:25.290  2030  2030 V SettingsProvider: Notifying for 0: content://settings/secure/accessibility_enabled
11-10 13:54:26.310  2030  2807 W WindowManager: removeWindowToken: Attempted to remove non-existing token: android.os.Binder@a22018
11-10 13:54:26.312  2030  2030 V SettingsProvider: Notifying for 0: content://settings/secure/accessibility_enabled
11-10 13:54:26.318  2972  3183 I A       : NGA enabled in interactor.
11-10 13:54:26.319  2972  3183 I A       : (REDACTED) Nga state changed to %s
11-10 13:54:26.321  6810  6810 D AndroidRuntime: Shutting down VM
11-10 13:54:26.325  2768  6796 I A       : Initializing all components
11-10 13:54:26.325  2768  6796 I A       : (REDACTED) APA or Classic session decision: %s.
11-10 13:54:26.325  2768  3244 I A       : (REDACTED) onIsEnabledChanged, isEnabled: %s
11-10 13:54:26.325  2768  3244 W A       : Disposing empty manager. Did you forgot to subscribe observables?
11-10 13:54:26.327  2768  3244 I chatty  : uid=10103(com.google.android.googlequicksearchbox) Lite Thread #1 identical 13 lines
11-10 13:54:26.327  2768  3244 W A       : Disposing empty manager. Did you forgot to subscribe observables?
11-10 13:54:26.327  2768  3244 I A       : (REDACTED) Setting session to type: %s
11-10 13:54:26.327  2768  3244 W A       : Disposing empty manager. Did you forgot to subscribe observables?
11-10 13:54:26.329  2768  3244 I chatty  : uid=10103(com.google.android.googlequicksearchbox) Lite Thread #1 identical 12 lines
11-10 13:54:26.329  2768  3244 W A       : Disposing empty manager. Did you forgot to subscribe observables?
11-10 13:54:26.329  2768  3244 I A       : (REDACTED) onDisabled. Registered: %s
11-10 13:54:26.330  2768  3244 I A       : (REDACTED) State changed: %s => %s by %s and %s with %s
11-10 13:54:26.331  2768  3244 I A       : (REDACTED) Recognizer choice: (recognizer_type: %s, recognizer_mode: %s, choice_reason: %s)
11-10 13:54:26.332  2768  3244 I A       : (REDACTED) onActiveStateChangeEvent: %s => %s
11-10 13:54:26.332  2768  3244 I A       : (REDACTED) #onActiveStateChangeEvent, newState: %s, previousState: %s.
11-10 13:54:26.333  2768  3244 I A       : (REDACTED) stopListening(%s, %s)
11-10 13:54:26.338  2768  3242 I A       : Initialize
11-10 13:54:26.339  2768  3242 I NgaEntryPointEventSendr: setupConnection
11-10 13:54:26.339  2768  3244 I A       : (REDACTED) on opa visibility changed %s
11-10 13:54:26.345  2030  2056 E memtrack: Couldn't load memtrack module
11-10 13:54:26.345  2030  2056 W android.os.Debug: failed to get memory consumption info: -1
11-10 13:54:26.347  2768  3242 I NgaEntryPointEventSendr: (REDACTED) State changed: %s => %s
11-10 13:54:26.348  2768  3242 I A       : (REDACTED) on opa visibility changed %s
11-10 13:54:26.350  2972  2972 I A       : Creating pss binder().
11-10 13:54:26.352  2768  3242 I NgaEntryPointEventSendr: onServiceConnected
11-10 13:54:26.352  2972  2995 I A       : Calling beginBinderSession().
11-10 13:54:26.353  2972  2995 I A       : beginBinderSession(): calling binder
11-10 13:54:26.353  2768  3242 I NgaEntryPointEventSendr: (REDACTED) State changed: %s => %s
11-10 13:54:26.360  2768  3244 I A       : Successfully initialized all components
11-10 13:54:26.360  2972  3261 I A       : Trying to enqueue PieTriggeringWorker
11-10 13:54:26.368  2768  2805 V ClearcutMetricXmitter: Transmission is done.
11-10 13:54:26.383  2972  3256 I A       : (REDACTED) group %s not present %s in %s
11-10 13:54:26.384  2972  3259 I A       : (REDACTED) incrementApaDataDownloadStoreStatus(latency = %s, appVersion = %s, status = %s, locale = %s, fileGroupnames = %s, accountScoped = %s, localGroupsAvailable = %s, timeSinceSearchBoot = %s (%s), timeSinceDataDownloadInit = %s (%s))
11-10 13:54:26.385  2972  3256 I A       : (REDACTED) incrementApaDataDownloadStoreStatusNotFound(appVersion = %s, locale = %s, groupName = %s, accountScoped = %s, foundGroups = %s, status = %s, localGroupsAvailable = %s)
11-10 13:54:26.392  2768  2768 I A       : (REDACTED) eventData = %s
11-10 13:54:26.392  2768  3242 I A       : Logging success flow
11-10 13:54:26.398  2972  3919 I PBSessionCacheImpl: (REDACTED) Deleted sessionId[%d] from persistence.
11-10 13:54:26.398  2768  3242 I NgaEntryPointEventSendr: (REDACTED) State changed: %s => %s (%s)
11-10 13:54:26.399  2972  3261 W A       : (REDACTED) %s task was not run. Callback from Service received after client was disposed.
11-10 13:54:26.406  2972  3261 W SearchServiceCore: Abort, client detached.
11-10 13:54:26.407  2972  3261 I HttpStreamingTapasSearc: (REDACTED) taskGraphFactory: %s#%d
11-10 13:54:26.566  6833  6833 D AndroidRuntime: >>>>>> START com.android.internal.os.RuntimeInit uid 2000 <<<<<<
11-10 13:54:26.568  6833  6833 E libc    : Access denied finding property "persist.device_config.runtime_native_boot.enable_apex_image"
11-10 13:54:26.569  6833  6833 I AndroidRuntime: Using default boot image
11-10 13:54:26.558  6833  6833 W app_process: type=1400 audit(0.0:60): avc: denied { read } for name="u:object_r:device_config_runtime_native_boot_prop:s0" dev="tmpfs" ino=7811 scontext=u:r:shell:s0 tcontext=u:object_r:device_config_runtime_native_boot_prop:s0 tclass=file permissive=0
11-10 13:54:26.569  6833  6833 E libc    : Access denied finding property "persist.device_config.runtime_native_boot.disable_lock_profiling"
11-10 13:54:26.569  6833  6833 I AndroidRuntime: Leaving lock profiling enabled
11-10 13:54:26.569  6833  6833 E libc    : Access denied finding property "persist.device_config.runtime_native_boot.enable_generational_cc"
11-10 13:54:26.607  6833  6833 D ICU     : Time zone APEX file found: /apex/com.android.tzdata/etc/icu/icu_tzdata.dat
11-10 13:54:26.610  6833  6833 W app_process: Unexpected CPU variant for X86 using defaults: x86
11-10 13:54:26.615  6833  6833 I app_process: The ClassLoaderContext is a special shared library.
11-10 13:54:26.615  6833  6833 I app_process: The ClassLoaderContext is a special shared library.
11-10 13:54:26.628  6833  6833 W app_process: JNI RegisterNativeMethods: attempt to register 0 native methods for android.media.AudioAttributes
11-10 13:54:26.630  6833  6833 D AndroidRuntime: Calling main entry com.android.commands.uiautomator.Launcher
11-10 13:54:26.644  2972  3254 I A       : NGA disabled since it's running Panthera and at least one a11y feature is on.
11-10 13:54:26.644  2972  3254 I A       : (REDACTED) Nga state changed to %s
11-10 13:54:26.645  2768  3868 I A       : (REDACTED) APA or Classic session decision: %s.
11-10 13:54:26.645  2768  3242 I A       : Unsubscribed to apa or classic variant change.
11-10 13:54:26.686  2972  3261 I A       : Trying to enqueue PieTriggeringWorker
11-10 13:54:26.688  2768  2768 I A       : (REDACTED) eventData = %s
11-10 13:54:26.689  2768  3242 I A       : Logging success flow
11-10 13:54:26.700  2972  3261 I A       : Trying to enqueue PieTriggeringWorker
11-10 13:54:26.702  2768  2768 I A       : (REDACTED) eventData = %s
11-10 13:54:26.703  2768  3242 I A       : Logging success flow
11-10 13:54:26.717  2972  3261 I A       : Trying to enqueue PieTriggeringWorker
11-10 13:54:26.719  2768  2768 I A       : (REDACTED) eventData = %s
11-10 13:54:27.173  1794  2270 E GnssHAL_GnssInterface: gnssSvStatusCb: a: input svInfo.flags is 8
11-10 13:54:27.173  1794  2270 E GnssHAL_GnssInterface: gnssSvStatusCb: b: input svInfo.flags is 8
11-10 13:54:27.657  6833  6833 I AccessibilityNodeInfoDumper: Skipping invisible child: android.view.accessibility.AccessibilityNodeInfo@1b73c; boundsInParent: Rect(0, 0 - 1080, 1582); boundsInScreen: Rect(1080, 63 - 1080, 1645); packageName: org.shadowice.flocke.andotp; className: android.widget.ScrollView; text: null; error: null; maxTextLength: -1; contentDescription: null; tooltipText: null; viewIdResName: null; checkable: false; checked: false; focusable: true; focused: false; selected: false; clickable: false; longClickable: false; contextClickable: false; enabled: true; password: false; scrollable: false; importantForAccessibility: true; visible: false; actions: [AccessibilityAction: ACTION_FOCUS - null, AccessibilityAction: ACTION_SELECT - null, AccessibilityAction: ACTION_CLEAR_SELECTION - null, AccessibilityAction: ACTION_ACCESSIBILITY_FOCUS - null, AccessibilityAction: ACTION_SHOW_ON_SCREEN - null]
11-10 13:54:27.657  6833  6833 I AccessibilityNodeInfoDumper: Skipping invisible child: android.view.accessibility.AccessibilityNodeInfo@18a30; boundsInParent: Rect(0, 0 - 147, 147); boundsInScreen: Rect(42, 1983 - 189, 1794); packageName: org.shadowice.flocke.andotp; className: android.widget.ImageButton; text: null; error: null; maxTextLength: -1; contentDescription: Back; tooltipText: null; viewIdResName: org.shadowice.flocke.andotp:id/mi_button_back; checkable: false; checked: false; focusable: true; focused: false; selected: false; clickable: true; longClickable: true; contextClickable: false; enabled: true; password: false; scrollable: false; importantForAccessibility: true; visible: false; actions: [AccessibilityAction: ACTION_FOCUS - null, AccessibilityAction: ACTION_SELECT - null, AccessibilityAction: ACTION_CLEAR_SELECTION - null, AccessibilityAction: ACTION_CLICK - null, AccessibilityAction: ACTION_LONG_CLICK - null, AccessibilityAction: ACTION_ACCESSIBILITY_FOCUS - null, AccessibilityAction: ACTION_NEXT_AT_MOVEMENT_GRANULARITY - null, AccessibilityAction: ACTION_PREVIOUS_AT_MOVEMENT_GRANULARITY - null, AccessibilityAction: ACTION_SET_SELECTION - null, AccessibilityAction: ACTION_SHOW_ON_SCREEN - null]
11-10 13:54:27.658  6833  6833 W AccessibilityNodeInfoDumper: Fetch time: 4ms
11-10 13:54:26.639  2030  2030 V SettingsProvider: Notifying for 0: content://settings/secure/accessibility_enabled
11-10 13:54:27.658  2030  4950 W WindowManager: removeWindowToken: Attempted to remove non-existing token: android.os.Binder@8661054
11-10 13:54:27.660  2030  2030 V SettingsProvider: Notifying for 0: content://settings/secure/accessibility_enabled
11-10 13:54:27.666  6833  6833 D AndroidRuntime: Shutting down VM
11-10 13:54:27.667  2972  3183 I A       : NGA enabled in interactor.
11-10 13:54:27.667  2972  3183 I A       : (REDACTED) Nga state changed to %s
11-10 13:54:27.668  2768  3384 I A       : Initializing all components
11-10 13:54:27.669  2768  3384 I A       : (REDACTED) APA or Classic session decision: %s.
11-10 13:54:27.669  2768  3242 I A       : (REDACTED) onIsEnabledChanged, isEnabled: %s
11-10 13:54:27.669  2768  3242 W A       : Disposing empty manager. Did you forgot to subscribe observables?
11-10 13:54:27.669  2768  3244 I A       : (REDACTED) State changed: %s => %s by %s and %s with %s
11-10 13:54:27.669  2768  3242 W A       : Disposing empty manager. Did you forgot to subscribe observables?
11-10 13:54:27.669  2768  3244 I A       : (REDACTED) Recognizer choice: (recognizer_type: %s, recognizer_mode: %s, choice_reason: %s)
11-10 13:54:27.669  2768  3242 W A       : Disposing empty manager. Did you forgot to subscribe observables?
11-10 13:54:27.671  2768  3242 I chatty  : uid=10103(com.google.android.googlequicksearchbox) Lite Thread #0 identical 11 lines
11-10 13:54:27.671  2768  3242 W A       : Disposing empty manager. Did you forgot to subscribe observables?
11-10 13:54:27.671  2768  3242 I A       : (REDACTED) Setting session to type: %s
11-10 13:54:27.671  2768  3242 W A       : Disposing empty manager. Did you forgot to subscribe observables?
11-10 13:54:27.671  2768  3242 W A       : Disposing empty manager. Did you forgot to subscribe observables?
11-10 13:54:27.671  2768  3244 I A       : (REDACTED) onActiveStateChangeEvent: %s => %s
11-10 13:54:27.671  2768  3242 W A       : Disposing empty manager. Did you forgot to subscribe observables?
11-10 13:54:27.671  2768  3244 I A       : (REDACTED) #onActiveStateChangeEvent, newState: %s, previousState: %s.
11-10 13:54:27.671  2768  3242 W A       : Disposing empty manager. Did you forgot to subscribe observables?
11-10 13:54:27.674  2768  3242 I chatty  : uid=10103(com.google.android.googlequicksearchbox) Lite Thread #0 identical 9 lines
11-10 13:54:27.674  2768  3242 W A       : Disposing empty manager. Did you forgot to subscribe observables?
11-10 13:54:27.674  2768  3242 I A       : (REDACTED) onDisabled. Registered: %s
11-10 13:54:27.677  2768  3242 I NgaEntryPointEventSendr: setupConnection
11-10 13:54:27.683  2768  3242 I NgaEntryPointEventSendr: (REDACTED) State changed: %s => %s
11-10 13:54:27.684  2768  3242 I A       : (REDACTED) stopListening(%s, %s)
11-10 13:54:27.686  2768  3244 I A       : Initialize
11-10 13:54:27.693  2768  3244 I A       : (REDACTED) on opa visibility changed %s
11-10 13:54:27.696  2768  3242 I A       : Successfully initialized all components
11-10 13:54:27.699  2972  2972 I A       : Creating pss binder().
11-10 13:54:27.701  2768  3242 I NgaEntryPointEventSendr: onServiceConnected
11-10 13:54:27.701  2972  3000 I A       : Calling beginBinderSession().
11-10 13:54:27.702  2972  3000 I A       : beginBinderSession(): calling binder
11-10 13:54:27.703  2768  3242 I NgaEntryPointEventSendr: (REDACTED) State changed: %s => %s
11-10 13:54:27.704  2972  3261 I A       : Trying to enqueue PieTriggeringWorker
11-10 13:54:27.714  2768  3244 I A       : (REDACTED) on opa visibility changed %s
11-10 13:54:27.725  2972  3256 I A       : (REDACTED) group %s not present %s in %s
11-10 13:54:27.726  2972  3256 I A       : (REDACTED) incrementApaDataDownloadStoreStatus(latency = %s, appVersion = %s, status = %s, locale = %s, fileGroupnames = %s, accountScoped = %s, localGroupsAvailable = %s, timeSinceSearchBoot = %s (%s), timeSinceDataDownloadInit = %s (%s))
11-10 13:54:27.728  2972  3259 I A       : (REDACTED) incrementApaDataDownloadStoreStatusNotFound(appVersion = %s, locale = %s, groupName = %s, accountScoped = %s, foundGroups = %s, status = %s, localGroupsAvailable = %s)
11-10 13:54:27.730  2768  2768 I A       : (REDACTED) eventData = %s
11-10 13:54:27.730  2768  3242 I A       : Logging success flow
11-10 13:54:27.733  2972  3261 W A       : (REDACTED) %s task was not run. Callback from Service received after client was disposed.
11-10 13:54:27.733  2972  3261 W A       : (REDACTED) %s task was not run. Callback from Service received after client was disposed.
11-10 13:54:27.735  2768  3242 I NgaEntryPointEventSendr: (REDACTED) State changed: %s => %s (%s)
11-10 13:54:27.737  2972  3919 I PBSessionCacheImpl: (REDACTED) Deleted sessionId[%d] from persistence.
11-10 13:54:27.737  2972  3261 W A       : (REDACTED) %s task was not run. Callback from Service received after client was disposed.
11-10 13:54:27.742  2972  3261 W SearchServiceCore: Abort, client detached.
11-10 13:54:27.742  2972  3261 I HttpStreamingTapasSearc: (REDACTED) taskGraphFactory: %s#%d
11-10 13:54:27.821  1795  1889 D gralloc_ranchu: gralloc_alloc: Creating ashmem region of size 8298496
11-10 13:54:27.842  1683  1683 I hwservicemanager: getTransport: Cannot find entry android.hardware.graphics.mapper@3.0::IMapper/default in either framework or device manifest.
11-10 13:54:27.842  6853  6853 W Gralloc3: mapper 3.x is not supported
11-10 13:54:27.861  6853  6853 D HostConnection: createUnique: call
11-10 13:54:27.861  6853  6853 D HostConnection: HostConnection::get() New Host Connection established 0xed512d70, tid 6853
11-10 13:54:27.862  6853  6853 D HostConnection: HostComposition ext ANDROID_EMU_CHECKSUM_HELPER_v1 ANDROID_EMU_native_sync_v2 ANDROID_EMU_native_sync_v3 ANDROID_EMU_native_sync_v4 ANDROID_EMU_dma_v1 ANDROID_EMU_direct_mem ANDROID_EMU_host_composition_v1 ANDROID_EMU_host_composition_v2 ANDROID_EMU_YUV420_888_to_NV21 ANDROID_EMU_YUV_Cache ANDROID_EMU_async_unmap_buffer GL_OES_EGL_image_external_essl3 GL_OES_vertex_array_object GL_KHR_texture_compression_astc_ldr ANDROID_EMU_host_side_tracing ANDROID_EMU_gles_max_version_3_0 
11-10 13:54:27.863  6853  6853 D eglCodecCommon: allocate: Ask for block of size 0x1000
11-10 13:54:27.863  6853  6853 D eglCodecCommon: allocate: ioctl allocate returned offset 0x3ff807000 size 0x2000
11-10 13:54:27.874  6853  6853 D eglCodecCommon: allocate: Ask for block of size 0x7ea000
11-10 13:54:27.874  6853  6853 D eglCodecCommon: allocate: ioctl allocate returned offset 0x3ff01e000 size 0x7eb000
11-10 13:54:27.994  1779  1779 D Zygote  : Forked child process 6861
11-10 13:54:28.003  6861  6861 W d.process.medi: Unexpected CPU variant for X86 using defaults: x86
11-10 13:54:28.004  2030  2058 I ActivityManager: Start proc 6861:android.process.media/u0a45 for broadcast {com.android.providers.media/com.android.providers.media.MediaReceiver}
11-10 13:54:28.010  6861  6861 E d.process.medi: Not starting debugger since process cannot load the jdwp agent.
11-10 13:54:28.029  6861  6861 I d.process.medi: The ClassLoaderContext is a special shared library.
11-10 13:54:28.057  6861  6861 I d.process.medi: The ClassLoaderContext is a special shared library.
11-10 13:54:28.078  6861  6882 I MediaProvider: Begin Intent { act=android.intent.action.MEDIA_SCANNER_SCAN_FILE dat=file:///sdcard/screen.png flg=0x1400010 cmp=com.android.providers.media/.MediaService }
11-10 13:54:28.103  6861  6882 W ExifInterface: Invalid image: ExifInterface got an unsupported image format file(ExifInterface supports JPEG and some RAW image formats only) or a corrupted JPEG file to ExifInterface.
11-10 13:54:28.103  6861  6882 W ExifInterface: java.io.IOException: Invalid byte order: ffff8950
11-10 13:54:28.103  6861  6882 W ExifInterface: 	at android.media.ExifInterface.readByteOrder(ExifInterface.java:3121)
11-10 13:54:28.103  6861  6882 W ExifInterface: 	at android.media.ExifInterface.isOrfFormat(ExifInterface.java:2437)
11-10 13:54:28.103  6861  6882 W ExifInterface: 	at android.media.ExifInterface.getMimeType(ExifInterface.java:2315)
11-10 13:54:28.103  6861  6882 W ExifInterface: 	at android.media.ExifInterface.loadAttributes(ExifInterface.java:1753)
11-10 13:54:28.103  6861  6882 W ExifInterface: 	at android.media.ExifInterface.<init>(ExifInterface.java:1447)
11-10 13:54:28.103  6861  6882 W ExifInterface: 	at com.android.providers.media.scan.ModernMediaScanner.scanItemImage(ModernMediaScanner.java:729)
11-10 13:54:28.103  6861  6882 W ExifInterface: 	at com.android.providers.media.scan.ModernMediaScanner.scanItem(ModernMediaScanner.java:502)
11-10 13:54:28.103  6861  6882 W ExifInterface: 	at com.android.providers.media.scan.ModernMediaScanner.access$500(ModernMediaScanner.java:118)
11-10 13:54:28.103  6861  6882 W ExifInterface: 	at com.android.providers.media.scan.ModernMediaScanner$Scan.visitFile(ModernMediaScanner.java:406)
11-10 13:54:28.103  6861  6882 W ExifInterface: 	at com.android.providers.media.scan.ModernMediaScanner$Scan.visitFile(ModernMediaScanner.java:207)
11-10 13:54:28.103  6861  6882 W ExifInterface: 	at java.nio.file.Files.walkFileTree(Files.java:2670)
11-10 13:54:28.103  6861  6882 W ExifInterface: 	at java.nio.file.Files.walkFileTree(Files.java:2742)
11-10 13:54:28.103  6861  6882 W ExifInterface: 	at com.android.providers.media.scan.ModernMediaScanner$Scan.walkFileTree(ModernMediaScanner.java:267)
11-10 13:54:28.103  6861  6882 W ExifInterface: 	at com.android.providers.media.scan.ModernMediaScanner$Scan.run(ModernMediaScanner.java:245)
11-10 13:54:28.103  6861  6882 W ExifInterface: 	at com.android.providers.media.scan.ModernMediaScanner.scanFile(ModernMediaScanner.java:174)
11-10 13:54:28.103  6861  6882 W ExifInterface: 	at com.android.providers.media.MediaService.onScanFile(MediaService.java:164)
11-10 13:54:28.103  6861  6882 W ExifInterface: 	at com.android.providers.media.MediaService.onHandleIntent(MediaService.java:90)
11-10 13:54:28.103  6861  6882 W ExifInterface: 	at android.app.IntentService$ServiceHandler.handleMessage(IntentService.java:78)
11-10 13:54:28.103  6861  6882 W ExifInterface: 	at android.os.Handler.dispatchMessage(Handler.java:107)
11-10 13:54:28.103  6861  6882 W ExifInterface: 	at android.os.Looper.loop(Looper.java:214)
11-10 13:54:28.103  6861  6882 W ExifInterface: 	at android.os.HandlerThread.run(HandlerThread.java:67)
11-10 13:54:28.110  6861  6882 I MediaProvider: End Intent { act=android.intent.action.MEDIA_SCANNER_SCAN_FILE dat=file:///sdcard/screen.png flg=0x1400010 cmp=com.android.providers.media/.MediaService }
11-10 13:54:28.113  2030  5185 I ActivityManager: Killing 6116:com.android.chrome/u0a113 (adj 975): empty #17
11-10 13:54:28.174  2030  5182 D ConnectivityService: ConnectivityService NetworkRequestInfo binderDied(NetworkRequest [ TRACK_DEFAULT id=36, [ Capabilities: INTERNET&NOT_RESTRICTED&TRUSTED Uid: 10113] ], android.os.BinderProxy@13d7229)
11-10 13:54:28.174  2030  2589 D ConnectivityService: ConnectivityService NetworkRequestInfo binderDied(NetworkRequest [ LISTEN id=37, [ Capabilities: INTERNET&NOT_RESTRICTED&TRUSTED&FOREGROUND Uid: 10113] ], android.os.BinderProxy@4a849ae)
11-10 13:54:28.175  2030  2303 D ConnectivityService: ConnectivityService NetworkRequestInfo binderDied(NetworkRequest [ LISTEN id=39, [ Capabilities: INTERNET&NOT_RESTRICTED&TRUSTED&FOREGROUND Uid: 10113] ], android.os.BinderProxy@cae934f)
11-10 13:54:28.175  2030  2589 D ConnectivityService: ConnectivityService NetworkRequestInfo binderDied(NetworkRequest [ TRACK_DEFAULT id=38, [ Capabilities: INTERNET&NOT_RESTRICTED&TRUSTED Uid: 10113] ], android.os.BinderProxy@550fadc)
11-10 13:54:28.176  2030  2141 D ConnectivityService: releasing NetworkRequest [ TRACK_DEFAULT id=36, [ Capabilities: INTERNET&NOT_RESTRICTED&TRUSTED Uid: 10113] ] (release request)
11-10 13:54:28.176  1794  2270 E GnssHAL_GnssInterface: gnssSvStatusCb: a: input svInfo.flags is 8
11-10 13:54:28.176  1794  2270 E GnssHAL_GnssInterface: gnssSvStatusCb: b: input svInfo.flags is 8
11-10 13:54:28.177  1779  1779 I Zygote  : Process 6116 exited due to signal 9 (Killed)
11-10 13:54:28.181  2030  2141 D ConnectivityService: releasing NetworkRequest [ TRACK_DEFAULT id=38, [ Capabilities: INTERNET&NOT_RESTRICTED&TRUSTED Uid: 10113] ] (release request)
11-10 13:54:28.201  2030  2059 I libprocessgroup: Successfully killed process cgroup uid 10113 pid 6116 in 87ms
11-10 13:54:28.241  5816  6437 I NetworkScheduler.Stats: Task com.google.android.gms/com.google.android.gms.ipa.base.IpaGcmTaskService started execution. cause:9 exec_start_elapsed_seconds: 178 [CONTEXT service_id=218 ]
11-10 13:54:28.252  5816  6707 I NetworkScheduler.Stats: Task com.google.android.gms/com.google.android.gms.ipa.base.IpaGcmTaskService finished executing. cause:9 result: 1 elapsed_millis: 65 uptime_millis: 65 exec_start_elapsed_seconds: 178 [CONTEXT service_id=218 ]
11-10 13:54:28.369  5816  5858 I NetworkScheduler.Stats: Task com.google.android.gms/com.google.android.gms.clearcut.uploader.QosUploaderService started execution. cause:5 exec_start_elapsed_seconds: 179 [CONTEXT service_id=218 ]
11-10 13:54:28.382  5816  6437 I NetworkScheduler.Stats: Task com.google.android.gms/com.google.android.gms.clearcut.uploader.QosUploaderService finished executing. cause:5 result: 1 elapsed_millis: 68 uptime_millis: 68 exec_start_elapsed_seconds: 179 [CONTEXT service_id=218 ]
11-10 13:54:29.179  1794  2270 E GnssHAL_GnssInterface: gnssSvStatusCb: a: input svInfo.flags is 8
11-10 13:54:29.179  1794  2270 E GnssHAL_GnssInterface: gnssSvStatusCb: b: input svInfo.flags is 8
11-10 13:54:30.183  1794  2270 E GnssHAL_GnssInterface: gnssSvStatusCb: a: input svInfo.flags is 8
11-10 13:54:30.183  1794  2270 E GnssHAL_GnssInterface: gnssSvStatusCb: b: input svInfo.flags is 8
11-10 13:54:30.203  2972  2972 I BgTaskExecutorImpl: (REDACTED) Starting %s background task %s.
11-10 13:54:30.213  2972  3646 I NetworkRecognitionRnr: Using pair HTTP connection
11-10 13:54:30.216  2972  3378 I A       : [Upload] Connected
11-10 13:54:30.218  2972  2972 E A       : onError
11-10 13:54:30.218  2972  2972 E A       : com.google.android.apps.gsa.shared.speech.a.m: errorCode: 65561, engine: 2
11-10 13:54:30.218  2972  2972 E A       : 	at com.google.android.apps.gsa.staticplugins.cy.a.e.a(PG:3)
11-10 13:54:30.218  2972  2972 E A       : 	at com.google.android.apps.gsa.s3.n.gS(PG:1)
11-10 13:54:30.218  2972  2972 E A       : 	at com.google.cc.g.a.f.e(PG:2)
11-10 13:54:30.218  2972  2972 E A       : 	at com.google.android.apps.gsa.speech.k.a.g.d(PG:22)
11-10 13:54:30.218  2972  2972 E A       : 	at com.google.android.apps.gsa.speech.k.a.g.jU(PG:6)
11-10 13:54:30.218  2972  2972 E A       : 	at com.google.android.apps.gsa.s3.o.c(PG:14)
11-10 13:54:30.218  2972  2972 E A       : 	at com.google.android.apps.gsa.s3.p.run(PG:1)
11-10 13:54:30.218  2972  2972 E A       : 	at java.util.concurrent.Executors$RunnableAdapter.call(Executors.java:462)
11-10 13:54:30.218  2972  2972 E A       : 	at java.util.concurrent.FutureTask.run(FutureTask.java:266)
11-10 13:54:30.218  2972  2972 E A       : 	at com.google.android.apps.gsa.shared.util.c.a.e.run(PG:2)
11-10 13:54:30.218  2972  2972 E A       : 	at com.google.android.apps.gsa.shared.util.c.a.bi.run(PG:1)
11-10 13:54:30.218  2972  2972 E A       : 	at com.google.android.apps.gsa.shared.util.c.a.bi.run(PG:1)
11-10 13:54:30.218  2972  2972 E A       : 	at java.util.concurrent.ThreadPoolExecutor.runWorker(ThreadPoolExecutor.java:1167)
11-10 13:54:30.218  2972  2972 E A       : 	at java.util.concurrent.ThreadPoolExecutor$Worker.run(ThreadPoolExecutor.java:641)
11-10 13:54:30.218  2972  2972 E A       : 	at java.lang.Thread.run(Thread.java:919)
11-10 13:54:30.218  2972  2972 E A       : 	at com.google.android.apps.gsa.shared.util.c.a.l.run(PG:5)
11-10 13:54:30.218  2972  2972 E A       : Caused by: com.google.android.apps.gsa.shared.speech.a.o: errorCode: 65586, engine: 2
11-10 13:54:30.218  2972  2972 E A       : 	... 15 more
11-10 13:54:30.218  2972  2972 E A       : Caused by: com.google.android.apps.gsa.shared.speech.a.k: errorCode: 401, engine: 2
11-10 13:54:30.218  2972  2972 E A       : 	at com.google.android.apps.gsa.assistant.shared.n.h.a(PG:5)
11-10 13:54:30.218  2972  2972 E A       : 	at com.google.android.apps.gsa.s3.producers.j.hl(PG:2)
11-10 13:54:30.218  2972  2972 E A       : 	at com.google.android.apps.gsa.speech.k.a.g.d(PG:16)
11-10 13:54:30.218  2972  2972 E A       : 	... 12 more
11-10 13:54:30.219  2972  3378 I NetworkRecognitionRnr: Using pair HTTP connection
11-10 13:54:30.219  2972  3256 W A       : (REDACTED) Failed to get connectivityLock in %d ms
11-10 13:54:30.219  2972  3256 W CronetNetworkRqstWrppr: Upload request without a content type.
11-10 13:54:30.221  2972  4127 I A       : [Upload] Connected
11-10 13:54:30.223  2972  2972 W A       : Failed to sync device settings.
11-10 13:54:30.223  2972  2972 I A       : Retrying to sync device settings.
11-10 13:54:30.249  6889  6889 D AndroidRuntime: >>>>>> START com.android.internal.os.RuntimeInit uid 2000 <<<<<<
11-10 13:54:30.248  6889  6889 W app_process: type=1400 audit(0.0:63): avc: denied { read } for name="u:object_r:device_config_runtime_native_boot_prop:s0" dev="tmpfs" ino=7811 scontext=u:r:shell:s0 tcontext=u:object_r:device_config_runtime_native_boot_prop:s0 tclass=file permissive=0
11-10 13:54:30.252  6889  6889 E libc    : Access denied finding property "persist.device_config.runtime_native_boot.enable_apex_image"
11-10 13:54:30.252  6889  6889 I AndroidRuntime: Using default boot image
11-10 13:54:30.252  6889  6889 E libc    : Access denied finding property "persist.device_config.runtime_native_boot.disable_lock_profiling"
11-10 13:54:30.252  6889  6889 I AndroidRuntime: Leaving lock profiling enabled
11-10 13:54:30.252  6889  6889 E libc    : Access denied finding property "persist.device_config.runtime_native_boot.enable_generational_cc"
11-10 13:54:30.254  6889  6889 W app_process: Could not reserve sentinel fault page
11-10 13:54:30.307  6889  6889 D ICU     : Time zone APEX file found: /apex/com.android.tzdata/etc/icu/icu_tzdata.dat
11-10 13:54:30.310  6889  6889 W app_process: Unexpected CPU variant for X86 using defaults: x86
11-10 13:54:30.311  6889  6889 I app_process: The ClassLoaderContext is a special shared library.
11-10 13:54:30.312  6889  6889 I app_process: The ClassLoaderContext is a special shared library.
11-10 13:54:30.324  6889  6889 W app_process: JNI RegisterNativeMethods: attempt to register 0 native methods for android.media.AudioAttributes
11-10 13:54:30.326  6889  6889 D AndroidRuntime: Calling main entry com.android.commands.uiautomator.Launcher
11-10 13:54:30.335  2030  2030 V SettingsProvider: Notifying for 0: content://settings/secure/accessibility_enabled
11-10 13:54:30.340  2972  3254 I A       : NGA disabled since it's running Panthera and at least one a11y feature is on.
11-10 13:54:30.340  2972  3254 I A       : (REDACTED) Nga state changed to %s
11-10 13:54:30.342  2768  3384 I A       : (REDACTED) APA or Classic session decision: %s.
11-10 13:54:30.343  2768  3242 I A       : Unsubscribed to apa or classic variant change.
11-10 13:54:30.374  2972  3261 I A       : Trying to enqueue PieTriggeringWorker
11-10 13:54:30.378  2768  2768 I A       : (REDACTED) eventData = %s
11-10 13:54:30.380  2768  3244 I A       : Logging success flow
11-10 13:54:30.388  2972  3261 I A       : Trying to enqueue PieTriggeringWorker
11-10 13:54:30.391  2768  2768 I A       : (REDACTED) eventData = %s
11-10 13:54:30.392  2768  3244 I A       : Logging success flow
11-10 13:54:30.401  2972  3261 I A       : Trying to enqueue PieTriggeringWorker
11-10 13:54:30.403  2768  2768 I A       : (REDACTED) eventData = %s
11-10 13:54:31.188  1794  2270 E GnssHAL_GnssInterface: gnssSvStatusCb: a: input svInfo.flags is 8
11-10 13:54:31.188  1794  2270 E GnssHAL_GnssInterface: gnssSvStatusCb: b: input svInfo.flags is 8
11-10 13:54:31.355  6889  6889 I AccessibilityNodeInfoDumper: Skipping invisible child: android.view.accessibility.AccessibilityNodeInfo@1b746; boundsInParent: Rect(0, 0 - 1080, 1582); boundsInScreen: Rect(1080, 63 - 1080, 1645); packageName: org.shadowice.flocke.andotp; className: android.widget.ScrollView; text: null; error: null; maxTextLength: -1; contentDescription: null; tooltipText: null; viewIdResName: null; checkable: false; checked: false; focusable: true; focused: false; selected: false; clickable: false; longClickable: false; contextClickable: false; enabled: true; password: false; scrollable: false; importantForAccessibility: true; visible: false; actions: [AccessibilityAction: ACTION_FOCUS - null, AccessibilityAction: ACTION_SELECT - null, AccessibilityAction: ACTION_CLEAR_SELECTION - null, AccessibilityAction: ACTION_ACCESSIBILITY_FOCUS - null, AccessibilityAction: ACTION_SHOW_ON_SCREEN - null]
11-10 13:54:31.355  6889  6889 I AccessibilityNodeInfoDumper: Skipping invisible child: android.view.accessibility.AccessibilityNodeInfo@18a3a; boundsInParent: Rect(0, 0 - 147, 147); boundsInScreen: Rect(42, 1983 - 189, 1794); packageName: org.shadowice.flocke.andotp; className: android.widget.ImageButton; text: null; error: null; maxTextLength: -1; contentDescription: Back; tooltipText: null; viewIdResName: org.shadowice.flocke.andotp:id/mi_button_back; checkable: false; checked: false; focusable: true; focused: false; selected: false; clickable: true; longClickable: true; contextClickable: false; enabled: true; password: false; scrollable: false; importantForAccessibility: true; visible: false; actions: [AccessibilityAction: ACTION_FOCUS - null, AccessibilityAction: ACTION_SELECT - null, AccessibilityAction: ACTION_CLEAR_SELECTION - null, AccessibilityAction: ACTION_CLICK - null, AccessibilityAction: ACTION_LONG_CLICK - null, AccessibilityAction: ACTION_ACCESSIBILITY_FOCUS - null, AccessibilityAction: ACTION_NEXT_AT_MOVEMENT_GRANULARITY - null, AccessibilityAction: ACTION_PREVIOUS_AT_MOVEMENT_GRANULARITY - null, AccessibilityAction: ACTION_SET_SELECTION - null, AccessibilityAction: ACTION_SHOW_ON_SCREEN - null]
11-10 13:54:31.356  6889  6889 W AccessibilityNodeInfoDumper: Fetch time: 2ms
11-10 13:54:31.364  2030  2789 W WindowManager: removeWindowToken: Attempted to remove non-existing token: android.os.Binder@465de6a
11-10 13:54:31.366  2030  2030 V SettingsProvider: Notifying for 0: content://settings/secure/accessibility_enabled
11-10 13:54:31.374  2972  3254 I A       : NGA enabled in interactor.
11-10 13:54:31.374  2972  3254 I A       : (REDACTED) Nga state changed to %s
11-10 13:54:31.377  2768  3384 I A       : Initializing all components
11-10 13:54:31.377  2768  3384 I A       : (REDACTED) APA or Classic session decision: %s.
11-10 13:54:31.377  2768  3242 I A       : (REDACTED) onIsEnabledChanged, isEnabled: %s
11-10 13:54:31.377  2768  3242 W A       : Disposing empty manager. Did you forgot to subscribe observables?
11-10 13:54:31.379  2768  3242 I chatty  : uid=10103(com.google.android.googlequicksearchbox) Lite Thread #0 identical 13 lines
11-10 13:54:31.379  2768  3242 W A       : Disposing empty manager. Did you forgot to subscribe observables?
11-10 13:54:31.379  2768  3242 I A       : (REDACTED) Setting session to type: %s
11-10 13:54:31.379  2768  3242 W A       : Disposing empty manager. Did you forgot to subscribe observables?
11-10 13:54:31.379  6889  6889 D AndroidRuntime: Shutting down VM
11-10 13:54:31.380  2768  3242 W A       : Disposing empty manager. Did you forgot to subscribe observables?
11-10 13:54:31.381  2768  3242 I chatty  : uid=10103(com.google.android.googlequicksearchbox) Lite Thread #0 identical 7 lines
11-10 13:54:31.381  2768  3242 W A       : Disposing empty manager. Did you forgot to subscribe observables?
11-10 13:54:31.384  2768  3244 I A       : Initialize
11-10 13:54:31.385  2768  3244 I A       : (REDACTED) State changed: %s => %s by %s and %s with %s
11-10 13:54:31.385  2768  3244 I A       : (REDACTED) Recognizer choice: (recognizer_type: %s, recognizer_mode: %s, choice_reason: %s)
11-10 13:54:31.389  2768  3244 I A       : (REDACTED) onActiveStateChangeEvent: %s => %s
11-10 13:54:31.390  2768  3244 I A       : (REDACTED) #onActiveStateChangeEvent, newState: %s, previousState: %s.
11-10 13:54:31.391  2768  3244 I A       : Nga state changed
11-10 13:54:31.391  2768  3244 I A       : (REDACTED) on opa visibility changed %s
11-10 13:54:31.391  2768  3242 W A       : Disposing empty manager. Did you forgot to subscribe observables?
11-10 13:54:31.391  2768  3242 W A       : Disposing empty manager. Did you forgot to subscribe observables?
11-10 13:54:31.391  2768  3244 I A       : (REDACTED) stopListening(%s, %s)
11-10 13:54:31.391  2768  3242 W A       : Disposing empty manager. Did you forgot to subscribe observables?
11-10 13:54:31.391  2768  3242 W A       : Disposing empty manager. Did you forgot to subscribe observables?
11-10 13:54:31.391  2768  3242 I A       : (REDACTED) onDisabled. Registered: %s
11-10 13:54:31.396  2768  3242 I NgaEntryPointEventSendr: setupConnection
11-10 13:54:31.398  2030  5812 I ActivityManager: Killing 6259:com.google.android.videos/u0a121 (adj 985): empty #17
11-10 13:54:31.402  2030  2056 E memtrack: Couldn't load memtrack module
11-10 13:54:31.402  2030  2056 W android.os.Debug: failed to get memory consumption info: -1
11-10 13:54:31.411  2768  3242 I NgaEntryPointEventSendr: (REDACTED) State changed: %s => %s
11-10 13:54:31.413  2768  3244 I A       : Successfully initialized all components
11-10 13:54:31.413  2768  3244 I A       : (REDACTED) on opa visibility changed %s
11-10 13:54:31.415  2972  2972 I A       : Creating pss binder().
11-10 13:54:31.416  2768  3244 I NgaEntryPointEventSendr: onServiceConnected
11-10 13:54:31.416  2972  3333 I A       : Calling beginBinderSession().
11-10 13:54:31.417  2972  3333 I A       : beginBinderSession(): calling binder
11-10 13:54:31.417  2768  3244 I NgaEntryPointEventSendr: (REDACTED) State changed: %s => %s
11-10 13:54:31.439  2972  3256 I A       : (REDACTED) group %s not present %s in %s
11-10 13:54:31.439  2972  3256 I A       : (REDACTED) incrementApaDataDownloadStoreStatus(latency = %s, appVersion = %s, status = %s, locale = %s, fileGroupnames = %s, accountScoped = %s, localGroupsAvailable = %s, timeSinceSearchBoot = %s (%s), timeSinceDataDownloadInit = %s (%s))
11-10 13:54:31.440  2972  3259 I A       : (REDACTED) incrementApaDataDownloadStoreStatusNotFound(appVersion = %s, locale = %s, groupName = %s, accountScoped = %s, foundGroups = %s, status = %s, localGroupsAvailable = %s)
11-10 13:54:31.445  2972  3261 I A       : Trying to enqueue PieTriggeringWorker
11-10 13:54:31.451  2768  2768 I A       : (REDACTED) eventData = %s
11-10 13:54:31.451  2768  3242 I A       : Logging success flow
11-10 13:54:31.452  2972  3261 W A       : (REDACTED) %s task was not run. Callback from Service received after client was disposed.
11-10 13:54:31.452  2972  3261 W A       : (REDACTED) %s task was not run. Callback from Service received after client was disposed.
11-10 13:54:31.453  2768  3244 I NgaEntryPointEventSendr: (REDACTED) State changed: %s => %s (%s)
11-10 13:54:31.455  2972  3261 W A       : (REDACTED) %s task was not run. Callback from Service received after client was disposed.
11-10 13:54:31.459  2972  4127 I PBSessionCacheImpl: (REDACTED) Deleted sessionId[%d] from persistence.
11-10 13:54:31.466  2972  3261 W SearchServiceCore: Abort, client detached.
11-10 13:54:31.467  2972  3261 I HttpStreamingTapasSearc: (REDACTED) taskGraphFactory: %s#%d
11-10 13:54:31.483  1779  1779 I Zygote  : Process 6259 exited due to signal 9 (Killed)
11-10 13:54:31.522  2030  2059 I libprocessgroup: Successfully killed process cgroup uid 10121 pid 6259 in 123ms
11-10 13:54:32.190  1794  2270 E GnssHAL_GnssInterface: gnssSvStatusCb: a: input svInfo.flags is 8
11-10 13:54:32.190  1794  2270 E GnssHAL_GnssInterface: gnssSvStatusCb: b: input svInfo.flags is 8
11-10 13:54:32.278  2030  2807 D ConnectivityService: requestNetwork for uid/pid:10103/2972 NetworkRequest [ REQUEST id=40, [ Transports: CELLULAR Capabilities: INTERNET&NOT_RESTRICTED&TRUSTED&NOT_VPN Uid: 10103] ]
11-10 13:54:32.279  2030  2138 D WifiNetworkFactory: got request NetworkRequest [ REQUEST id=40, [ Transports: CELLULAR Capabilities: INTERNET&NOT_RESTRICTED&TRUSTED&NOT_VPN Uid: 10103] ] with score 50 and serial 2
11-10 13:54:32.279  2030  2138 D UntrustedWifiNetworkFactory: got request NetworkRequest [ REQUEST id=40, [ Transports: CELLULAR Capabilities: INTERNET&NOT_RESTRICTED&TRUSTED&NOT_VPN Uid: 10103] ] with score 50 and serial 2
11-10 13:54:32.280  2276  2276 D PhoneSwitcherNetworkRequstListener: got request NetworkRequest [ REQUEST id=40, [ Transports: CELLULAR Capabilities: INTERNET&NOT_RESTRICTED&TRUSTED&NOT_VPN Uid: 10103] ] with score 50 and serial 2
11-10 13:54:32.284  1778  1778 I netd    : networkSetPermissionForNetwork(100, 0) <4.13ms>
11-10 13:54:32.290  2030  2141 D ConnectivityService: reportNetworkConnectivity(101, false) by 10103
11-10 13:54:32.291  2238  3001 D NetworkMonitor/101: Forcing reevaluation for UID 10103. Dns signal count: 0
11-10 13:54:32.309  2238  6906 D NetworkMonitor/101: PROBE_DNS www.google.com 14ms OK 142.251.163.147,142.251.163.104,142.251.163.103,142.251.163.99,142.251.163.106,142.251.163.105,2607:f8b0:4004:c1b::67,2607:f8b0:4004:c1b::68,2607:f8b0:4004:c1b::6a,2607:f8b0:4004:c1b::93
11-10 13:54:32.312  2238  6907 D NetworkMonitor/101: PROBE_DNS connectivitycheck.gstatic.com 16ms OK 142.250.73.195,2607:f8b0:4004:807::2003
11-10 13:54:32.353  2238  6907 D NetworkMonitor/101: PROBE_HTTP http://connectivitycheck.gstatic.com/generate_204 time=40ms ret=204 request={Connection=[close], User-Agent=[Mozilla/5.0 (X11; Linux x86_64) AppleWebKit/537.36 (KHTML, like Gecko) Chrome/60.0.3112.32 Safari/537.36]} headers={null=[HTTP/1.1 204 No Content], Connection=[close], Content-Length=[0], Cross-Origin-Resource-Policy=[cross-origin], Date=[Thu, 10 Nov 2022 18:54:32 GMT], X-Android-Received-Millis=[1668106472352], X-Android-Response-Source=[NETWORK 204], X-Android-Selected-Protocol=[http/1.1], X-Android-Sent-Millis=[1668106472336]}
11-10 13:54:32.376  2238  6906 D NetworkMonitor/101: PROBE_HTTPS https://www.google.com/generate_204 time=65ms ret=204 request={Connection=[close], User-Agent=[Mozilla/5.0 (X11; Linux x86_64) AppleWebKit/537.36 (KHTML, like Gecko) Chrome/60.0.3112.32 Safari/537.36]} headers={null=[HTTP/1.1 204 No Content], Alt-Svc=[h3=":443"; ma=2592000,h3-29=":443"; ma=2592000,h3-Q050=":443"; ma=2592000,h3-Q046=":443"; ma=2592000,h3-Q043=":443"; ma=2592000,quic=":443"; ma=2592000; v="46,43"], Connection=[close], Content-Length=[0], Cross-Origin-Resource-Policy=[cross-origin], Date=[Thu, 10 Nov 2022 18:54:32 GMT], X-Android-Received-Millis=[1668106472375], X-Android-Response-Source=[NETWORK 204], X-Android-Selected-Protocol=[http/1.1], X-Android-Sent-Millis=[1668106472355]}
11-10 13:54:32.380  2030  2057 W BroadcastQueue: Background execution not allowed: receiving Intent { act=android.net.conn.NETWORK_CONDITIONS_MEASURED flg=0x10 (has extras) } to com.google.android.gms/.chimera.GmsIntentOperationService$PersistentTrustedReceiver
11-10 13:54:32.382  2238  6905 D NetworkMonitor/101: isCaptivePortal: isSuccessful()=true isPortal()=false RedirectUrl=null isPartialConnectivity()=false Time=85ms
11-10 13:54:32.384  2030  2141 D ConnectivityService: NetworkAgentInfo [WIFI () - 101] validation passed
11-10 13:54:33.193  1794  2270 E GnssHAL_GnssInterface: gnssSvStatusCb: a: input svInfo.flags is 8
11-10 13:54:33.193  1794  2270 E GnssHAL_GnssInterface: gnssSvStatusCb: b: input svInfo.flags is 8
11-10 13:54:33.609  6923  6923 D AndroidRuntime: >>>>>> START com.android.internal.os.RuntimeInit uid 2000 <<<<<<
11-10 13:54:33.608  6923  6923 W app_process: type=1400 audit(0.0:66): avc: denied { read } for name="u:object_r:device_config_runtime_native_boot_prop:s0" dev="tmpfs" ino=7811 scontext=u:r:shell:s0 tcontext=u:object_r:device_config_runtime_native_boot_prop:s0 tclass=file permissive=0
11-10 13:54:33.612  6923  6923 E libc    : Access denied finding property "persist.device_config.runtime_native_boot.enable_apex_image"
11-10 13:54:33.612  6923  6923 I AndroidRuntime: Using default boot image
11-10 13:54:33.612  6923  6923 E libc    : Access denied finding property "persist.device_config.runtime_native_boot.disable_lock_profiling"
11-10 13:54:33.612  6923  6923 I AndroidRuntime: Leaving lock profiling enabled
11-10 13:54:33.608  6923  6923 W app_process: type=1400 audit(0.0:67): avc: denied { read } for name="u:object_r:device_config_runtime_native_boot_prop:s0" dev="tmpfs" ino=7811 scontext=u:r:shell:s0 tcontext=u:object_r:device_config_runtime_native_boot_prop:s0 tclass=file permissive=0
11-10 13:54:33.612  6923  6923 E libc    : Access denied finding property "persist.device_config.runtime_native_boot.enable_generational_cc"
11-10 13:54:33.656  6923  6923 D ICU     : Time zone APEX file found: /apex/com.android.tzdata/etc/icu/icu_tzdata.dat
