07-03 13:31:45.633  2034  2034 V SettingsProvider: Notifying for 0: content://settings/secure/accessibility_enabled
07-03 13:31:46.653  2034  3840 W WindowManager: removeWindowToken: Attempted to remove non-existing token: android.os.Binder@623e471
07-03 13:31:46.654  2034  2034 V SettingsProvider: Notifying for 0: content://settings/secure/accessibility_enabled
07-03 13:31:46.663 17202 17202 D AndroidRuntime: Shutting down VM
07-03 13:31:46.877 17231 17231 D AndroidRuntime: >>>>>> START com.android.internal.os.RuntimeInit uid 2000 <<<<<<
07-03 13:31:46.868 17231 17231 W app_process: type=1400 audit(0.0:3946): avc: denied { read } for name="u:object_r:device_config_runtime_native_boot_prop:s0" dev="tmpfs" ino=167 scontext=u:r:shell:s0 tcontext=u:object_r:device_config_runtime_native_boot_prop:s0 tclass=file permissive=0
07-03 13:31:46.880 17231 17231 E libc    : Access denied finding property "persist.device_config.runtime_native_boot.enable_apex_image"
07-03 13:31:46.880 17231 17231 I AndroidRuntime: Using default boot image
07-03 13:31:46.878 17231 17231 W app_process: type=1400 audit(0.0:3947): avc: denied { read } for name="u:object_r:device_config_runtime_native_boot_prop:s0" dev="tmpfs" ino=167 scontext=u:r:shell:s0 tcontext=u:object_r:device_config_runtime_native_boot_prop:s0 tclass=file permissive=0
07-03 13:31:46.881 17231 17231 E libc    : Access denied finding property "persist.device_config.runtime_native_boot.disable_lock_profiling"
07-03 13:31:46.881 17231 17231 I AndroidRuntime: Leaving lock profiling enabled
07-03 13:31:46.878 17231 17231 W app_process: type=1400 audit(0.0:3948): avc: denied { read } for name="u:object_r:device_config_runtime_native_boot_prop:s0" dev="tmpfs" ino=167 scontext=u:r:shell:s0 tcontext=u:object_r:device_config_runtime_native_boot_prop:s0 tclass=file permissive=0
07-03 13:31:46.881 17231 17231 E libc    : Access denied finding property "persist.device_config.runtime_native_boot.enable_generational_cc"
07-03 13:31:46.917 17231 17231 D ICU     : Time zone APEX file found: /apex/com.android.tzdata/etc/icu/icu_tzdata.dat
07-03 13:31:46.921 17231 17231 W app_process: Unexpected CPU variant for X86 using defaults: x86
07-03 13:31:46.923 17231 17231 I app_process: The ClassLoaderContext is a special shared library.
07-03 13:31:46.934 17231 17231 W app_process: JNI RegisterNativeMethods: attempt to register 0 native methods for android.media.AudioAttributes
07-03 13:31:46.936 17231 17231 D AndroidRuntime: Calling main entry com.android.commands.monkey.Monkey
07-03 13:31:46.938 17231 17231 W Monkey  : args: [-p, org.shadowice.flocke.andotp, -c, android.intent.category.LAUNCHER, 1]
07-03 13:31:46.939 17231 17231 W Monkey  :  arg: "-p"
07-03 13:31:46.939 17231 17231 W Monkey  :  arg: "org.shadowice.flocke.andotp"
07-03 13:31:46.939 17231 17231 W Monkey  :  arg: "-c"
07-03 13:31:46.939 17231 17231 W Monkey  :  arg: "android.intent.category.LAUNCHER"
07-03 13:31:46.939 17231 17231 W Monkey  :  arg: "1"
07-03 13:31:46.939 17231 17231 W Monkey  : data="org.shadowice.flocke.andotp"
07-03 13:31:46.940 17231 17231 W Monkey  : data="android.intent.category.LAUNCHER"
07-03 13:31:46.951  2034  2062 W BroadcastQueue: Skipping deliver [background] BroadcastRecord{49b0a9 u-1 android.net.conn.CONNECTIVITY_CHANGE} to ReceiverList{ee9e62e 17231 (unknown name)/2000/u-1 remote:1c6b573}: process gone or crashing
07-03 13:31:46.961  2034  3840 I ActivityTaskManager: START u0 {act=android.intent.action.MAIN cat=[android.intent.category.LAUNCHER] flg=0x10200000 cmp=org.shadowice.flocke.andotp/.Activities.MainActivity} from uid 2000
07-03 13:31:46.962  2034  3840 W Binder  : Outgoing transactions from this process must be FLAG_ONEWAY
07-03 13:31:46.962  2034  3840 W Binder  : java.lang.Throwable
07-03 13:31:46.962  2034  3840 W Binder  : 	at android.os.BinderProxy.transact(BinderProxy.java:480)
07-03 13:31:46.962  2034  3840 W Binder  : 	at android.app.IActivityController$Stub$Proxy.activityStarting(IActivityController.java:273)
07-03 13:31:46.962  2034  3840 W Binder  : 	at com.android.server.wm.ActivityStarter.startActivity(ActivityStarter.java:794)
07-03 13:31:46.962  2034  3840 W Binder  : 	at com.android.server.wm.ActivityStarter.startActivity(ActivityStarter.java:583)
07-03 13:31:46.962  2034  3840 W Binder  : 	at com.android.server.wm.ActivityStarter.startActivityMayWait(ActivityStarter.java:1288)
07-03 13:31:46.962  2034  3840 W Binder  : 	at com.android.server.wm.ActivityStarter.execute(ActivityStarter.java:514)
07-03 13:31:46.962  2034  3840 W Binder  : 	at com.android.server.wm.ActivityTaskManagerService.startActivityAsUser(ActivityTaskManagerService.java:1058)
07-03 13:31:46.962  2034  3840 W Binder  : 	at com.android.server.wm.ActivityTaskManagerService.startActivityAsUser(ActivityTaskManagerService.java:1032)
07-03 13:31:46.962  2034  3840 W Binder  : 	at com.android.server.am.ActivityManagerService.startActivityAsUser(ActivityManagerService.java:3504)
07-03 13:31:46.962  2034  3840 W Binder  : 	at android.app.IActivityManager$Stub.onTransact(IActivityManager.java:3537)
07-03 13:31:46.962  2034  3840 W Binder  : 	at com.android.server.am.ActivityManagerService.onTransact(ActivityManagerService.java:2741)
07-03 13:31:46.962  2034  3840 W Binder  : 	at android.os.Binder.execTransactInternal(Binder.java:1021)
07-03 13:31:46.962  2034  3840 W Binder  : 	at android.os.Binder.execTransact(Binder.java:994)
07-03 13:31:46.964 17231 17231 I Monkey  : Events injected: 1
07-03 13:31:46.967  2034  2034 V SettingsProvider: Notifying for 0: content://settings/system/accelerometer_rotation
07-03 13:31:46.970  2034  2056 W InputReader: Device has associated, but no associated display id.
07-03 13:31:46.970  2034  2056 I chatty  : uid=1000(system) android.display identical 8 lines
07-03 13:31:46.970  2034  2056 W InputReader: Device has associated, but no associated display id.
07-03 13:31:46.973 17231 17231 I Monkey  : ## Network stats: elapsed time=7ms (0ms mobile, 0ms wifi, 7ms not connected)
07-03 13:31:46.973 17231 17231 I app_process: System.exit called, status: 0
07-03 13:31:46.973 17231 17231 I AndroidRuntime: VM exiting with result code 0.
07-03 13:31:47.567  1800  2423 E GnssHAL_GnssInterface: gnssSvStatusCb: a: input svInfo.flags is 8
07-03 13:31:47.568  1800  2423 E GnssHAL_GnssInterface: gnssSvStatusCb: b: input svInfo.flags is 8
07-03 13:31:47.594  9370 10486 I XmpUtil : XMP parse: only JPEG file is supported
07-03 13:31:48.568  1800  2423 E GnssHAL_GnssInterface: gnssSvStatusCb: a: input svInfo.flags is 8
07-03 13:31:48.568  1800  2423 E GnssHAL_GnssInterface: gnssSvStatusCb: b: input svInfo.flags is 8
07-03 13:31:49.570  1800  2423 E GnssHAL_GnssInterface: gnssSvStatusCb: a: input svInfo.flags is 8
07-03 13:31:49.570  1800  2423 E GnssHAL_GnssInterface: gnssSvStatusCb: b: input svInfo.flags is 8
07-03 13:31:50.571  1800  2423 E GnssHAL_GnssInterface: gnssSvStatusCb: a: input svInfo.flags is 8
07-03 13:31:50.571  1800  2423 E GnssHAL_GnssInterface: gnssSvStatusCb: b: input svInfo.flags is 8
07-03 13:31:51.575  1800  2423 E GnssHAL_GnssInterface: gnssSvStatusCb: a: input svInfo.flags is 8
07-03 13:31:51.575  1800  2423 E GnssHAL_GnssInterface: gnssSvStatusCb: b: input svInfo.flags is 8
07-03 13:31:52.580  1800  2423 E GnssHAL_GnssInterface: gnssSvStatusCb: a: input svInfo.flags is 8
07-03 13:31:52.580  1800  2423 E GnssHAL_GnssInterface: gnssSvStatusCb: b: input svInfo.flags is 8
07-03 13:31:52.724  7776  7776 D BoundBrokerSvc: onUnbind: Intent { act=com.google.android.gms.scheduler.ACTION_PROXY_SCHEDULE dat=chimera-action:com.google.android.gms.scheduler.ACTION_PROXY_SCHEDULE cmp=com.google.android.gms/.chimera.PersistentApiService }
07-03 13:31:53.507  2034  2061 E memtrack: Couldn't load memtrack module
07-03 13:31:53.508  2034  2061 W android.os.Debug: failed to get memory consumption info: -1
07-03 13:31:53.511  2034  2061 E memtrack: Couldn't load memtrack module
07-03 13:31:53.511  2034  2061 W android.os.Debug: failed to get memory consumption info: -1
07-03 13:31:53.514  2034  2061 E memtrack: Couldn't load memtrack module
07-03 13:31:53.514  2034  2061 W android.os.Debug: failed to get memory consumption info: -1
07-03 13:31:53.581  1800  2423 E GnssHAL_GnssInterface: gnssSvStatusCb: a: input svInfo.flags is 8
07-03 13:31:53.581  1800  2423 E GnssHAL_GnssInterface: gnssSvStatusCb: b: input svInfo.flags is 8
07-03 13:31:54.585  1800  2423 E GnssHAL_GnssInterface: gnssSvStatusCb: a: input svInfo.flags is 8
07-03 13:31:54.586  1800  2423 E GnssHAL_GnssInterface: gnssSvStatusCb: b: input svInfo.flags is 8
07-03 13:31:55.587  1800  2423 E GnssHAL_GnssInterface: gnssSvStatusCb: a: input svInfo.flags is 8
07-03 13:31:55.587  1800  2423 E GnssHAL_GnssInterface: gnssSvStatusCb: b: input svInfo.flags is 8
07-03 13:31:56.591  1800  2423 E GnssHAL_GnssInterface: gnssSvStatusCb: a: input svInfo.flags is 8
07-03 13:31:56.591  1800  2423 E GnssHAL_GnssInterface: gnssSvStatusCb: b: input svInfo.flags is 8
07-03 13:31:57.595  1800  2423 E GnssHAL_GnssInterface: gnssSvStatusCb: a: input svInfo.flags is 8
07-03 13:31:57.595  1800  2423 E GnssHAL_GnssInterface: gnssSvStatusCb: b: input svInfo.flags is 8
07-03 13:31:58.529  7776  7776 D BoundBrokerSvc: onUnbind: Intent { act=com.google.android.contextmanager.service.ContextManagerService.START pkg=com.google.android.gms }
07-03 13:31:58.595  1800  2423 E GnssHAL_GnssInterface: gnssSvStatusCb: a: input svInfo.flags is 8
07-03 13:31:58.595  1800  2423 E GnssHAL_GnssInterface: gnssSvStatusCb: b: input svInfo.flags is 8
07-03 13:31:59.596  1800  2423 E GnssHAL_GnssInterface: gnssSvStatusCb: a: input svInfo.flags is 8
07-03 13:31:59.596  1800  2423 E GnssHAL_GnssInterface: gnssSvStatusCb: b: input svInfo.flags is 8
07-03 13:32:00.596  1800  2423 E GnssHAL_GnssInterface: gnssSvStatusCb: a: input svInfo.flags is 8
07-03 13:32:00.597  1800  2423 E GnssHAL_GnssInterface: gnssSvStatusCb: b: input svInfo.flags is 8
07-03 13:32:01.432  8508 17248 E memtrack: Couldn't load memtrack module
07-03 13:32:01.432  8508 17248 W android.os.Debug: failed to get memory consumption info: -1
07-03 13:32:01.598  1800  2423 E GnssHAL_GnssInterface: gnssSvStatusCb: a: input svInfo.flags is 8
07-03 13:32:01.598  1800  2423 E GnssHAL_GnssInterface: gnssSvStatusCb: b: input svInfo.flags is 8
07-03 13:32:02.185 17254 17254 D AndroidRuntime: >>>>>> START com.android.internal.os.RuntimeInit uid 2000 <<<<<<
07-03 13:32:02.190 17254 17254 E libc    : Access denied finding property "persist.device_config.runtime_native_boot.enable_apex_image"
07-03 13:32:02.188 17254 17254 W app_process: type=1400 audit(0.0:3949): avc: denied { read } for name="u:object_r:device_config_runtime_native_boot_prop:s0" dev="tmpfs" ino=167 scontext=u:r:shell:s0 tcontext=u:object_r:device_config_runtime_native_boot_prop:s0 tclass=file permissive=0
07-03 13:32:02.190 17254 17254 I AndroidRuntime: Using default boot image
07-03 13:32:02.190 17254 17254 E libc    : Access denied finding property "persist.device_config.runtime_native_boot.disable_lock_profiling"
07-03 13:32:02.190 17254 17254 I AndroidRuntime: Leaving lock profiling enabled
07-03 13:32:02.190 17254 17254 E libc    : Access denied finding property "persist.device_config.runtime_native_boot.enable_generational_cc"
07-03 13:32:02.188 17254 17254 W app_process: type=1400 audit(0.0:3950): avc: denied { read } for name="u:object_r:device_config_runtime_native_boot_prop:s0" dev="tmpfs" ino=167 scontext=u:r:shell:s0 tcontext=u:object_r:device_config_runtime_native_boot_prop:s0 tclass=file permissive=0
07-03 13:32:02.257 17254 17254 D ICU     : Time zone APEX file found: /apex/com.android.tzdata/etc/icu/icu_tzdata.dat
07-03 13:32:02.261 17254 17254 W app_process: Unexpected CPU variant for X86 using defaults: x86
07-03 13:32:02.267 17254 17254 I app_process: The ClassLoaderContext is a special shared library.
07-03 13:32:02.267 17254 17254 I app_process: The ClassLoaderContext is a special shared library.
07-03 13:32:02.278 17254 17254 W app_process: JNI RegisterNativeMethods: attempt to register 0 native methods for android.media.AudioAttributes
07-03 13:32:02.280 17254 17254 D AndroidRuntime: Calling main entry com.android.commands.uiautomator.Launcher
07-03 13:32:02.288  2034  2034 V SettingsProvider: Notifying for 0: content://settings/secure/accessibility_enabled
07-03 13:32:02.452  2661  3703 E ActivityThread: Failed to find provider info for com.google.android.apps.wellbeing.api
07-03 13:32:02.600  1800  2423 E GnssHAL_GnssInterface: gnssSvStatusCb: a: input svInfo.flags is 8
07-03 13:32:02.600  1800  2423 E GnssHAL_GnssInterface: gnssSvStatusCb: b: input svInfo.flags is 8
07-03 13:32:03.311 17254 17254 I AccessibilityNodeInfoDumper: Skipping invisible child: android.view.accessibility.AccessibilityNodeInfo@1f06d; boundsInParent: Rect(0, 0 - 1080, 1582); boundsInScreen: Rect(1080, 63 - 1080, 1645); packageName: org.shadowice.flocke.andotp; className: android.widget.ScrollView; text: null; error: null; maxTextLength: -1; contentDescription: null; tooltipText: null; viewIdResName: null; checkable: false; checked: false; focusable: true; focused: false; selected: false; clickable: false; longClickable: false; contextClickable: false; enabled: true; password: false; scrollable: false; importantForAccessibility: true; visible: false; actions: [AccessibilityAction: ACTION_FOCUS - null, AccessibilityAction: ACTION_SELECT - null, AccessibilityAction: ACTION_CLEAR_SELECTION - null, AccessibilityAction: ACTION_ACCESSIBILITY_FOCUS - null, AccessibilityAction: ACTION_SHOW_ON_SCREEN - null]
07-03 13:32:03.311 17254 17254 I AccessibilityNodeInfoDumper: Skipping invisible child: android.view.accessibility.AccessibilityNodeInfo@1c361; boundsInParent: Rect(0, 0 - 147, 147); boundsInScreen: Rect(42, 1983 - 189, 1794); packageName: org.shadowice.flocke.andotp; className: android.widget.ImageButton; text: null; error: null; maxTextLength: -1; contentDescription: Back; tooltipText: null; viewIdResName: org.shadowice.flocke.andotp:id/mi_button_back; checkable: false; checked: false; focusable: true; focused: false; selected: false; clickable: true; longClickable: true; contextClickable: false; enabled: true; password: false; scrollable: false; importantForAccessibility: true; visible: false; actions: [AccessibilityAction: ACTION_FOCUS - null, AccessibilityAction: ACTION_SELECT - null, AccessibilityAction: ACTION_CLEAR_SELECTION - null, AccessibilityAction: ACTION_CLICK - null, AccessibilityAction: ACTION_LONG_CLICK - null, AccessibilityAction: ACTION_ACCESSIBILITY_FOCUS - null, AccessibilityAction: ACTION_NEXT_AT_MOVEMENT_GRANULARITY - null, AccessibilityAction: ACTION_PREVIOUS_AT_MOVEMENT_GRANULARITY - null, AccessibilityAction: ACTION_SET_SELECTION - null, AccessibilityAction: ACTION_SHOW_ON_SCREEN - null]
07-03 13:32:03.312 17254 17254 W AccessibilityNodeInfoDumper: Fetch time: 3ms
07-03 13:32:03.313  2034  3007 W WindowManager: removeWindowToken: Attempted to remove non-existing token: android.os.Binder@448138e
07-03 13:32:03.315  2034  2034 V SettingsProvider: Notifying for 0: content://settings/secure/accessibility_enabled
07-03 13:32:03.324 17254 17254 D AndroidRuntime: Shutting down VM
07-03 13:32:03.464 17271 17271 D AndroidRuntime: >>>>>> START com.android.internal.os.RuntimeInit uid 2000 <<<<<<
07-03 13:32:03.458 17271 17271 W app_process: type=1400 audit(0.0:3952): avc: denied { read } for name="u:object_r:device_config_runtime_native_boot_prop:s0" dev="tmpfs" ino=167 scontext=u:r:shell:s0 tcontext=u:object_r:device_config_runtime_native_boot_prop:s0 tclass=file permissive=0
07-03 13:32:03.467 17271 17271 E libc    : Access denied finding property "persist.device_config.runtime_native_boot.enable_generational_cc"
07-03 13:32:03.504 17271 17271 D ICU     : Time zone APEX file found: /apex/com.android.tzdata/etc/icu/icu_tzdata.dat
07-03 13:32:03.507 17271 17271 W app_process: Unexpected CPU variant for X86 using defaults: x86
07-03 13:32:03.510 17271 17271 I app_process: The ClassLoaderContext is a special shared library.
07-03 13:32:03.524 17271 17271 W app_process: JNI RegisterNativeMethods: attempt to register 0 native methods for android.media.AudioAttributes
07-03 13:32:03.528 17271 17271 D AndroidRuntime: Calling main entry com.android.commands.input.Input
07-03 13:32:03.535 17271 17271 D AndroidRuntime: Shutting down VM
07-03 13:32:03.566  1789  3563 W audio_hw_generic: Not supplying enough data to HAL, expected position 9504536 , only wrote 9504519
07-03 13:32:03.631  1789  3563 W audio_hw_generic: Not supplying enough data to HAL, expected position 9507391 , only wrote 9507163
07-03 13:32:03.636  1800  2423 E GnssHAL_GnssInterface: gnssSvStatusCb: a: input svInfo.flags is 8
07-03 13:32:03.636  1800  2423 E GnssHAL_GnssInterface: gnssSvStatusCb: b: input svInfo.flags is 8
07-03 13:32:03.675  1816  1983 D AudioFlinger: mixer(0xf4a9f5c0) throttle end: throttle time(11)
07-03 13:32:04.605  1800  2423 E GnssHAL_GnssInterface: gnssSvStatusCb: a: input svInfo.flags is 8
07-03 13:32:04.605  1800  2423 E GnssHAL_GnssInterface: gnssSvStatusCb: b: input svInfo.flags is 8
07-03 13:32:05.610  1800  2423 E GnssHAL_GnssInterface: gnssSvStatusCb: a: input svInfo.flags is 8
07-03 13:32:05.610  1800  2423 E GnssHAL_GnssInterface: gnssSvStatusCb: b: input svInfo.flags is 8
07-03 13:32:06.613  1800  2423 E GnssHAL_GnssInterface: gnssSvStatusCb: a: input svInfo.flags is 8
07-03 13:32:06.613  1800  2423 E GnssHAL_GnssInterface: gnssSvStatusCb: b: input svInfo.flags is 8
07-03 13:32:06.738  1789  1789 W audio_hw_generic: Not supplying enough data to HAL, expected position 9779323 , only wrote 9643990
07-03 13:32:07.482 17302 17302 D AndroidRuntime: >>>>>> START com.android.internal.os.RuntimeInit uid 2000 <<<<<<
07-03 13:32:07.478 17302 17302 W app_process: type=1400 audit(0.0:3955): avc: denied { read } for name="u:object_r:device_config_runtime_native_boot_prop:s0" dev="tmpfs" ino=167 scontext=u:r:shell:s0 tcontext=u:object_r:device_config_runtime_native_boot_prop:s0 tclass=file permissive=0
07-03 13:32:07.484 17302 17302 E libc    : Access denied finding property "persist.device_config.runtime_native_boot.enable_apex_image"
07-03 13:32:07.484 17302 17302 I AndroidRuntime: Using default boot image
07-03 13:32:07.484 17302 17302 E libc    : Access denied finding property "persist.device_config.runtime_native_boot.disable_lock_profiling"
07-03 13:32:07.484 17302 17302 I AndroidRuntime: Leaving lock profiling enabled
07-03 13:32:07.484 17302 17302 E libc    : Access denied finding property "persist.device_config.runtime_native_boot.enable_generational_cc"
07-03 13:32:07.478 17302 17302 W app_process: type=1400 audit(0.0:3957): avc: denied { read } for name="u:object_r:device_config_runtime_native_boot_prop:s0" dev="tmpfs" ino=167 scontext=u:r:shell:s0 tcontext=u:object_r:device_config_runtime_native_boot_prop:s0 tclass=file permissive=0
07-03 13:32:07.521 17302 17302 D ICU     : Time zone APEX file found: /apex/com.android.tzdata/etc/icu/icu_tzdata.dat
07-03 13:32:07.524 17302 17302 W app_process: Unexpected CPU variant for X86 using defaults: x86
07-03 13:32:07.531 17302 17302 I app_process: The ClassLoaderContext is a special shared library.
07-03 13:32:07.543 17302 17302 W app_process: JNI RegisterNativeMethods: attempt to register 0 native methods for android.media.AudioAttributes
07-03 13:32:07.545 17302 17302 D AndroidRuntime: Calling main entry com.android.commands.monkey.Monkey
07-03 13:32:07.545 17302 17302 W Monkey  : args: [-p, org.shadowice.flocke.andotp, -c, android.intent.category.LAUNCHER, 1]
07-03 13:32:07.546 17302 17302 W Monkey  :  arg: "-p"
07-03 13:32:07.547 17302 17302 W Monkey  :  arg: "org.shadowice.flocke.andotp"
07-03 13:32:07.547 17302 17302 W Monkey  :  arg: "-c"
07-03 13:32:07.547 17302 17302 W Monkey  :  arg: "android.intent.category.LAUNCHER"
07-03 13:32:07.547 17302 17302 W Monkey  :  arg: "1"
07-03 13:32:07.548 17302 17302 W Monkey  : data="org.shadowice.flocke.andotp"
07-03 13:32:07.548 17302 17302 W Monkey  : data="android.intent.category.LAUNCHER"
07-03 13:32:07.561  2034  2062 W BroadcastQueue: Skipping deliver [background] BroadcastRecord{db1fa9f u-1 android.net.conn.CONNECTIVITY_CHANGE} to ReceiverList{51e57ec 17302 (unknown name)/2000/u-1 remote:e0194f9}: process gone or crashing
07-03 13:32:07.571  2034  3007 I ActivityTaskManager: START u0 {act=android.intent.action.MAIN cat=[android.intent.category.LAUNCHER] flg=0x10200000 cmp=org.shadowice.flocke.andotp/.Activities.MainActivity} from uid 2000
07-03 13:32:07.572  2034  3007 W Binder  : Outgoing transactions from this process must be FLAG_ONEWAY
07-03 13:32:07.572  2034  3007 W Binder  : java.lang.Throwable
07-03 13:32:07.572  2034  3007 W Binder  : 	at android.os.BinderProxy.transact(BinderProxy.java:480)
07-03 13:32:07.572  2034  3007 W Binder  : 	at android.app.IActivityController$Stub$Proxy.activityStarting(IActivityController.java:273)
07-03 13:32:07.572  2034  3007 W Binder  : 	at com.android.server.wm.ActivityStarter.startActivity(ActivityStarter.java:794)
07-03 13:32:07.572  2034  3007 W Binder  : 	at com.android.server.wm.ActivityStarter.startActivity(ActivityStarter.java:583)
07-03 13:32:07.572  2034  3007 W Binder  : 	at com.android.server.wm.ActivityStarter.startActivityMayWait(ActivityStarter.java:1288)
07-03 13:32:07.572  2034  3007 W Binder  : 	at com.android.server.wm.ActivityStarter.execute(ActivityStarter.java:514)
07-03 13:32:07.572  2034  3007 W Binder  : 	at com.android.server.wm.ActivityTaskManagerService.startActivityAsUser(ActivityTaskManagerService.java:1058)
07-03 13:32:07.572  2034  3007 W Binder  : 	at com.android.server.wm.ActivityTaskManagerService.startActivityAsUser(ActivityTaskManagerService.java:1032)
07-03 13:32:07.572  2034  3007 W Binder  : 	at com.android.server.am.ActivityManagerService.startActivityAsUser(ActivityManagerService.java:3504)
07-03 13:32:07.572  2034  3007 W Binder  : 	at android.app.IActivityManager$Stub.onTransact(IActivityManager.java:3537)
07-03 13:32:07.572  2034  3007 W Binder  : 	at com.android.server.am.ActivityManagerService.onTransact(ActivityManagerService.java:2741)
07-03 13:32:07.572  2034  3007 W Binder  : 	at android.os.Binder.execTransactInternal(Binder.java:1021)
07-03 13:32:07.572  2034  3007 W Binder  : 	at android.os.Binder.execTransact(Binder.java:994)
07-03 13:32:07.574 17302 17302 I Monkey  : Events injected: 1
07-03 13:32:07.575  2034  2034 V SettingsProvider: Notifying for 0: content://settings/system/accelerometer_rotation
07-03 13:32:07.578  2034  2056 W InputReader: Device has associated, but no associated display id.
07-03 13:32:07.582  2034  2056 I chatty  : uid=1000(system) android.display identical 18 lines
07-03 13:32:07.582  2034  2056 W InputReader: Device has associated, but no associated display id.
07-03 13:32:07.582 17302 17302 I Monkey  : ## Network stats: elapsed time=10ms (0ms mobile, 0ms wifi, 10ms not connected)
07-03 13:32:07.583 17302 17302 I app_process: System.exit called, status: 0
07-03 13:32:07.583 17302 17302 I AndroidRuntime: VM exiting with result code 0.
07-03 13:32:07.614  1800  2423 E GnssHAL_GnssInterface: gnssSvStatusCb: a: input svInfo.flags is 8
07-03 13:32:07.614  1800  2423 E GnssHAL_GnssInterface: gnssSvStatusCb: b: input svInfo.flags is 8
07-03 13:32:07.661  8508 17317 I GmscoreIpa: Starting mediastore instant index [CONTEXT service_id=255 ]
07-03 13:32:08.614  1800  2423 E GnssHAL_GnssInterface: gnssSvStatusCb: a: input svInfo.flags is 8
07-03 13:32:08.615  1800  2423 E GnssHAL_GnssInterface: gnssSvStatusCb: b: input svInfo.flags is 8
07-03 13:32:09.616  1800  2423 E GnssHAL_GnssInterface: gnssSvStatusCb: a: input svInfo.flags is 8
07-03 13:32:09.616  1800  2423 E GnssHAL_GnssInterface: gnssSvStatusCb: b: input svInfo.flags is 8
07-03 13:32:10.616  1800  2423 E GnssHAL_GnssInterface: gnssSvStatusCb: a: input svInfo.flags is 8
07-03 13:32:10.617  1800  2423 E GnssHAL_GnssInterface: gnssSvStatusCb: b: input svInfo.flags is 8
07-03 13:32:11.621  1800  2423 E GnssHAL_GnssInterface: gnssSvStatusCb: a: input svInfo.flags is 8
07-03 13:32:11.622  1800  2423 E GnssHAL_GnssInterface: gnssSvStatusCb: b: input svInfo.flags is 8
07-03 13:32:12.624  1800  2423 E GnssHAL_GnssInterface: gnssSvStatusCb: a: input svInfo.flags is 8
07-03 13:32:12.624  1800  2423 E GnssHAL_GnssInterface: gnssSvStatusCb: b: input svInfo.flags is 8
07-03 13:32:13.629  1800  2423 E GnssHAL_GnssInterface: gnssSvStatusCb: a: input svInfo.flags is 8
07-03 13:32:13.629  1800  2423 E GnssHAL_GnssInterface: gnssSvStatusCb: b: input svInfo.flags is 8
07-03 13:32:14.631  1800  2423 E GnssHAL_GnssInterface: gnssSvStatusCb: a: input svInfo.flags is 8
07-03 13:32:14.631  1800  2423 E GnssHAL_GnssInterface: gnssSvStatusCb: b: input svInfo.flags is 8
07-03 13:32:15.631  1800  2423 E GnssHAL_GnssInterface: gnssSvStatusCb: a: input svInfo.flags is 8
07-03 13:32:15.631  1800  2423 E GnssHAL_GnssInterface: gnssSvStatusCb: b: input svInfo.flags is 8
07-03 13:32:16.634  1800  2423 E GnssHAL_GnssInterface: gnssSvStatusCb: a: input svInfo.flags is 8
07-03 13:32:16.634  1800  2423 E GnssHAL_GnssInterface: gnssSvStatusCb: b: input svInfo.flags is 8
07-03 13:32:17.638  1800  2423 E GnssHAL_GnssInterface: gnssSvStatusCb: a: input svInfo.flags is 8
07-03 13:32:17.638  1800  2423 E GnssHAL_GnssInterface: gnssSvStatusCb: b: input svInfo.flags is 8
07-03 13:32:18.642  1800  2423 E GnssHAL_GnssInterface: gnssSvStatusCb: a: input svInfo.flags is 8
07-03 13:32:18.642  1800  2423 E GnssHAL_GnssInterface: gnssSvStatusCb: b: input svInfo.flags is 8
07-03 13:32:19.643  1800  2423 E GnssHAL_GnssInterface: gnssSvStatusCb: a: input svInfo.flags is 8
07-03 13:32:19.643  1800  2423 E GnssHAL_GnssInterface: gnssSvStatusCb: b: input svInfo.flags is 8
07-03 13:32:20.644  1800  2423 E GnssHAL_GnssInterface: gnssSvStatusCb: a: input svInfo.flags is 8
07-03 13:32:20.644  1800  2423 E GnssHAL_GnssInterface: gnssSvStatusCb: b: input svInfo.flags is 8
07-03 13:32:21.649  1800  2423 E GnssHAL_GnssInterface: gnssSvStatusCb: a: input svInfo.flags is 8
07-03 13:32:21.649  1800  2423 E GnssHAL_GnssInterface: gnssSvStatusCb: b: input svInfo.flags is 8
07-03 13:32:22.649  1800  2423 E GnssHAL_GnssInterface: gnssSvStatusCb: a: input svInfo.flags is 8
07-03 13:32:22.649  1800  2423 E GnssHAL_GnssInterface: gnssSvStatusCb: b: input svInfo.flags is 8
07-03 13:32:23.651  1800  2423 E GnssHAL_GnssInterface: gnssSvStatusCb: a: input svInfo.flags is 8
07-03 13:32:23.651  1800  2423 E GnssHAL_GnssInterface: gnssSvStatusCb: b: input svInfo.flags is 8
07-03 13:32:23.716 17321 17321 D AndroidRuntime: >>>>>> START com.android.internal.os.RuntimeInit uid 2000 <<<<<<
07-03 13:32:23.708 17321 17321 W app_process: type=1400 audit(0.0:3958): avc: denied { read } for name="u:object_r:device_config_runtime_native_boot_prop:s0" dev="tmpfs" ino=167 scontext=u:r:shell:s0 tcontext=u:object_r:device_config_runtime_native_boot_prop:s0 tclass=file permissive=0
07-03 13:32:23.718 17321 17321 W app_process: type=1400 audit(0.0:3959): avc: denied { read } for name="u:object_r:device_config_runtime_native_boot_prop:s0" dev="tmpfs" ino=167 scontext=u:r:shell:s0 tcontext=u:object_r:device_config_runtime_native_boot_prop:s0 tclass=file permissive=0
07-03 13:32:23.718 17321 17321 E libc    : Access denied finding property "persist.device_config.runtime_native_boot.enable_apex_image"
07-03 13:32:23.718 17321 17321 I AndroidRuntime: Using default boot image
07-03 13:32:23.718 17321 17321 E libc    : Access denied finding property "persist.device_config.runtime_native_boot.disable_lock_profiling"
07-03 13:32:23.718 17321 17321 I AndroidRuntime: Leaving lock profiling enabled
07-03 13:32:23.718 17321 17321 W app_process: type=1400 audit(0.0:3960): avc: denied { read } for name="u:object_r:device_config_runtime_native_boot_prop:s0" dev="tmpfs" ino=167 scontext=u:r:shell:s0 tcontext=u:object_r:device_config_runtime_native_boot_prop:s0 tclass=file permissive=0
07-03 13:32:23.720 17321 17321 E libc    : Access denied finding property "persist.device_config.runtime_native_boot.enable_generational_cc"
07-03 13:32:23.758 17321 17321 D ICU     : Time zone APEX file found: /apex/com.android.tzdata/etc/icu/icu_tzdata.dat
07-03 13:32:23.762 17321 17321 W app_process: Unexpected CPU variant for X86 using defaults: x86
07-03 13:32:23.763 17321 17321 I app_process: The ClassLoaderContext is a special shared library.
07-03 13:32:23.763 17321 17321 I app_process: The ClassLoaderContext is a special shared library.
07-03 13:32:23.775 17321 17321 W app_process: JNI RegisterNativeMethods: attempt to register 0 native methods for android.media.AudioAttributes
07-03 13:32:23.777 17321 17321 D AndroidRuntime: Calling main entry com.android.commands.uiautomator.Launcher
07-03 13:32:07.581  2034  2034 V SettingsProvider: Notifying for 0: content://settings/system/accelerometer_rotation
07-03 13:32:23.783  2034  2034 V SettingsProvider: Notifying for 0: content://settings/secure/accessibility_enabled
07-03 13:32:24.657  1800  2423 E GnssHAL_GnssInterface: gnssSvStatusCb: a: input svInfo.flags is 8
07-03 13:32:24.657  1800  2423 E GnssHAL_GnssInterface: gnssSvStatusCb: b: input svInfo.flags is 8
07-03 13:32:24.804 17321 17321 I AccessibilityNodeInfoDumper: Skipping invisible child: android.view.accessibility.AccessibilityNodeInfo@1e179; boundsInParent: Rect(0, 0 - 1080, 1582); boundsInScreen: Rect(0, 63 - 0, 1645); packageName: org.shadowice.flocke.andotp; className: android.widget.LinearLayout; text: null; error: null; maxTextLength: -1; contentDescription: null; tooltipText: null; viewIdResName: null; checkable: false; checked: false; focusable: false; focused: false; selected: false; clickable: false; longClickable: false; contextClickable: false; enabled: true; password: false; scrollable: false; importantForAccessibility: false; visible: false; actions: [AccessibilityAction: ACTION_SELECT - null, AccessibilityAction: ACTION_CLEAR_SELECTION - null, AccessibilityAction: ACTION_ACCESSIBILITY_FOCUS - null, AccessibilityAction: ACTION_SHOW_ON_SCREEN - null]
07-03 13:32:24.805 17321 17321 I AccessibilityNodeInfoDumper: Skipping invisible child: android.view.accessibility.AccessibilityNodeInfo@20ac4; boundsInParent: Rect(0, 0 - 1080, 1582); boundsInScreen: Rect(1080, 63 - 1080, 1645); packageName: org.shadowice.flocke.andotp; className: android.widget.ScrollView; text: null; error: null; maxTextLength: -1; contentDescription: null; tooltipText: null; viewIdResName: null; checkable: false; checked: false; focusable: true; focused: false; selected: false; clickable: false; longClickable: false; contextClickable: false; enabled: true; password: false; scrollable: false; importantForAccessibility: true; visible: false; actions: [AccessibilityAction: ACTION_FOCUS - null, AccessibilityAction: ACTION_SELECT - null, AccessibilityAction: ACTION_CLEAR_SELECTION - null, AccessibilityAction: ACTION_ACCESSIBILITY_FOCUS - null, AccessibilityAction: ACTION_SHOW_ON_SCREEN - null]
07-03 13:32:24.808 17321 17321 W AccessibilityNodeInfoDumper: Fetch time: 5ms
07-03 13:32:24.809  2034  3019 W WindowManager: removeWindowToken: Attempted to remove non-existing token: android.os.Binder@e0bea31
07-03 13:32:24.811  2034  2034 V SettingsProvider: Notifying for 0: content://settings/secure/accessibility_enabled
07-03 13:32:24.817 17321 17321 D AndroidRuntime: Shutting down VM
07-03 13:32:25.638 17351 17351 W app_process: type=1400 audit(0.0:3961): avc: denied { read } for name="u:object_r:device_config_runtime_native_boot_prop:s0" dev="tmpfs" ino=167 scontext=u:r:shell:s0 tcontext=u:object_r:device_config_runtime_native_boot_prop:s0 tclass=file permissive=0
07-03 13:32:25.645 17351 17351 D AndroidRuntime: >>>>>> START com.android.internal.os.RuntimeInit uid 2000 <<<<<<
07-03 13:32:25.646 17351 17351 E libc    : Access denied finding property "persist.device_config.runtime_native_boot.enable_apex_image"
07-03 13:32:25.646 17351 17351 I AndroidRuntime: Using default boot image
07-03 13:32:25.646 17351 17351 E libc    : Access denied finding property "persist.device_config.runtime_native_boot.disable_lock_profiling"
07-03 13:32:25.647 17351 17351 I AndroidRuntime: Leaving lock profiling enabled
07-03 13:32:25.647 17351 17351 E libc    : Access denied finding property "persist.device_config.runtime_native_boot.enable_generational_cc"
07-03 13:32:25.660  1800  2423 E GnssHAL_GnssInterface: gnssSvStatusCb: a: input svInfo.flags is 8
07-03 13:32:25.660  1800  2423 E GnssHAL_GnssInterface: gnssSvStatusCb: b: input svInfo.flags is 8
07-03 13:32:25.687 17351 17351 D ICU     : Time zone APEX file found: /apex/com.android.tzdata/etc/icu/icu_tzdata.dat
07-03 13:32:25.690 17351 17351 W app_process: Unexpected CPU variant for X86 using defaults: x86
07-03 13:32:25.695 17351 17351 I app_process: The ClassLoaderContext is a special shared library.
07-03 13:32:25.695 17351 17351 I app_process: The ClassLoaderContext is a special shared library.
07-03 13:32:25.707 17351 17351 W app_process: JNI RegisterNativeMethods: attempt to register 0 native methods for android.media.AudioAttributes
07-03 13:32:25.709 17351 17351 D AndroidRuntime: Calling main entry com.android.commands.uiautomator.Launcher
07-03 13:32:26.664  1800  2423 E GnssHAL_GnssInterface: gnssSvStatusCb: a: input svInfo.flags is 8
07-03 13:32:26.664  1800  2423 E GnssHAL_GnssInterface: gnssSvStatusCb: b: input svInfo.flags is 8
07-03 13:32:26.731 17351 17351 I AccessibilityNodeInfoDumper: Skipping invisible child: android.view.accessibility.AccessibilityNodeInfo@1e190; boundsInParent: Rect(0, 0 - 1080, 1582); boundsInScreen: Rect(0, 63 - 0, 1645); packageName: org.shadowice.flocke.andotp; className: android.widget.LinearLayout; text: null; error: null; maxTextLength: -1; contentDescription: null; tooltipText: null; viewIdResName: null; checkable: false; checked: false; focusable: false; focused: false; selected: false; clickable: false; longClickable: false; contextClickable: false; enabled: true; password: false; scrollable: false; importantForAccessibility: false; visible: false; actions: [AccessibilityAction: ACTION_SELECT - null, AccessibilityAction: ACTION_CLEAR_SELECTION - null, AccessibilityAction: ACTION_ACCESSIBILITY_FOCUS - null, AccessibilityAction: ACTION_SHOW_ON_SCREEN - null]
07-03 13:32:26.733 17351 17351 I AccessibilityNodeInfoDumper: Skipping invisible child: android.view.accessibility.AccessibilityNodeInfo@20adb; boundsInParent: Rect(0, 0 - 1080, 1582); boundsInScreen: Rect(1080, 63 - 1080, 1645); packageName: org.shadowice.flocke.andotp; className: android.widget.ScrollView; text: null; error: null; maxTextLength: -1; contentDescription: null; tooltipText: null; viewIdResName: null; checkable: false; checked: false; focusable: true; focused: false; selected: false; clickable: false; longClickable: false; contextClickable: false; enabled: true; password: false; scrollable: false; importantForAccessibility: true; visible: false; actions: [AccessibilityAction: ACTION_FOCUS - null, AccessibilityAction: ACTION_SELECT - null, AccessibilityAction: ACTION_CLEAR_SELECTION - null, AccessibilityAction: ACTION_ACCESSIBILITY_FOCUS - null, AccessibilityAction: ACTION_SHOW_ON_SCREEN - null]
07-03 13:32:26.734 17351 17351 W AccessibilityNodeInfoDumper: Fetch time: 4ms
07-03 13:32:25.715  2034  2034 V SettingsProvider: Notifying for 0: content://settings/secure/accessibility_enabled
07-03 13:32:26.735  2034  2051 W WindowManager: removeWindowToken: Attempted to remove non-existing token: android.os.Binder@8f4ae69
07-03 13:32:26.736  2034  2034 V SettingsProvider: Notifying for 0: content://settings/secure/accessibility_enabled
07-03 13:32:26.740 17351 17351 D AndroidRuntime: Shutting down VM
07-03 13:32:26.906 17370 17370 D AndroidRuntime: >>>>>> START com.android.internal.os.RuntimeInit uid 2000 <<<<<<
07-03 13:32:26.898 17370 17370 W app_process: type=1400 audit(0.0:3964): avc: denied { read } for name="u:object_r:device_config_runtime_native_boot_prop:s0" dev="tmpfs" ino=167 scontext=u:r:shell:s0 tcontext=u:object_r:device_config_runtime_native_boot_prop:s0 tclass=file permissive=0
07-03 13:32:26.908 17370 17370 W app_process: type=1400 audit(0.0:3966): avc: denied { read } for name="u:object_r:device_config_runtime_native_boot_prop:s0" dev="tmpfs" ino=167 scontext=u:r:shell:s0 tcontext=u:object_r:device_config_runtime_native_boot_prop:s0 tclass=file permissive=0
07-03 13:32:26.908 17370 17370 E libc    : Access denied finding property "persist.device_config.runtime_native_boot.disable_lock_profiling"
07-03 13:32:26.908 17370 17370 I AndroidRuntime: Leaving lock profiling enabled
07-03 13:32:26.909 17370 17370 E libc    : Access denied finding property "persist.device_config.runtime_native_boot.enable_generational_cc"
07-03 13:32:26.944 17370 17370 D ICU     : Time zone APEX file found: /apex/com.android.tzdata/etc/icu/icu_tzdata.dat
07-03 13:32:26.946 17370 17370 W app_process: Unexpected CPU variant for X86 using defaults: x86
07-03 13:32:26.950 17370 17370 I app_process: The ClassLoaderContext is a special shared library.
07-03 13:32:26.951 17370 17370 I app_process: The ClassLoaderContext is a special shared library.
07-03 13:32:26.963 17370 17370 W app_process: JNI RegisterNativeMethods: attempt to register 0 native methods for android.media.AudioAttributes
07-03 13:32:26.966 17370 17370 D AndroidRuntime: Calling main entry com.android.commands.uiautomator.Launcher
07-03 13:32:27.668  1800  2423 E GnssHAL_GnssInterface: gnssSvStatusCb: a: input svInfo.flags is 8
07-03 13:32:27.668  1800  2423 E GnssHAL_GnssInterface: gnssSvStatusCb: b: input svInfo.flags is 8
07-03 13:32:27.998 17370 17370 I AccessibilityNodeInfoDumper: Skipping invisible child: android.view.accessibility.AccessibilityNodeInfo@1e19a; boundsInParent: Rect(0, 0 - 1080, 1582); boundsInScreen: Rect(0, 63 - 0, 1645); packageName: org.shadowice.flocke.andotp; className: android.widget.LinearLayout; text: null; error: null; maxTextLength: -1; contentDescription: null; tooltipText: null; viewIdResName: null; checkable: false; checked: false; focusable: false; focused: false; selected: false; clickable: false; longClickable: false; contextClickable: false; enabled: true; password: false; scrollable: false; importantForAccessibility: false; visible: false; actions: [AccessibilityAction: ACTION_SELECT - null, AccessibilityAction: ACTION_CLEAR_SELECTION - null, AccessibilityAction: ACTION_ACCESSIBILITY_FOCUS - null, AccessibilityAction: ACTION_SHOW_ON_SCREEN - null]
07-03 13:32:28.001 17370 17370 I AccessibilityNodeInfoDumper: Skipping invisible child: android.view.accessibility.AccessibilityNodeInfo@20ae5; boundsInParent: Rect(0, 0 - 1080, 1582); boundsInScreen: Rect(1080, 63 - 1080, 1645); packageName: org.shadowice.flocke.andotp; className: android.widget.ScrollView; text: null; error: null; maxTextLength: -1; contentDescription: null; tooltipText: null; viewIdResName: null; checkable: false; checked: false; focusable: true; focused: false; selected: false; clickable: false; longClickable: false; contextClickable: false; enabled: true; password: false; scrollable: false; importantForAccessibility: true; visible: false; actions: [AccessibilityAction: ACTION_FOCUS - null, AccessibilityAction: ACTION_SELECT - null, AccessibilityAction: ACTION_CLEAR_SELECTION - null, AccessibilityAction: ACTION_ACCESSIBILITY_FOCUS - null, AccessibilityAction: ACTION_SHOW_ON_SCREEN - null]
07-03 13:32:28.007 17370 17370 W AccessibilityNodeInfoDumper: Fetch time: 11ms
07-03 13:32:26.974  2034  2034 V SettingsProvider: Notifying for 0: content://settings/secure/accessibility_enabled
07-03 13:32:28.009  2034  3840 W WindowManager: removeWindowToken: Attempted to remove non-existing token: android.os.Binder@5a0c825
07-03 13:32:28.011  2034  2034 V SettingsProvider: Notifying for 0: content://settings/secure/accessibility_enabled
07-03 13:32:28.018 17370 17370 D AndroidRuntime: Shutting down VM
07-03 13:32:28.668  1800  2423 E GnssHAL_GnssInterface: gnssSvStatusCb: a: input svInfo.flags is 8
07-03 13:32:28.668  1800  2423 E GnssHAL_GnssInterface: gnssSvStatusCb: b: input svInfo.flags is 8
07-03 13:32:28.992 17400 17400 D AndroidRuntime: >>>>>> START com.android.internal.os.RuntimeInit uid 2000 <<<<<<
07-03 13:32:28.995 17400 17400 E libc    : Access denied finding property "persist.device_config.runtime_native_boot.enable_apex_image"
07-03 13:32:28.988 17400 17400 W app_process: type=1400 audit(0.0:3967): avc: denied { read } for name="u:object_r:device_config_runtime_native_boot_prop:s0" dev="tmpfs" ino=167 scontext=u:r:shell:s0 tcontext=u:object_r:device_config_runtime_native_boot_prop:s0 tclass=file permissive=0
07-03 13:32:29.066 17400 17400 D ICU     : Time zone APEX file found: /apex/com.android.tzdata/etc/icu/icu_tzdata.dat
07-03 13:32:29.069 17400 17400 W app_process: Unexpected CPU variant for X86 using defaults: x86
07-03 13:32:29.072 17400 17400 I app_process: The ClassLoaderContext is a special shared library.
07-03 13:32:29.073 17400 17400 I app_process: The ClassLoaderContext is a special shared library.
07-03 13:32:29.084 17400 17400 W app_process: JNI RegisterNativeMethods: attempt to register 0 native methods for android.media.AudioAttributes
07-03 13:32:29.086 17400 17400 D AndroidRuntime: Calling main entry com.android.commands.uiautomator.Launcher
07-03 13:32:29.673  1800  2423 E GnssHAL_GnssInterface: gnssSvStatusCb: a: input svInfo.flags is 8
07-03 13:32:29.673  1800  2423 E GnssHAL_GnssInterface: gnssSvStatusCb: b: input svInfo.flags is 8
07-03 13:32:30.123 17400 17400 I AccessibilityNodeInfoDumper: Skipping invisible child: android.view.accessibility.AccessibilityNodeInfo@1e1ac; boundsInParent: Rect(0, 0 - 1080, 1582); boundsInScreen: Rect(0, 63 - 0, 1645); packageName: org.shadowice.flocke.andotp; className: android.widget.LinearLayout; text: null; error: null; maxTextLength: -1; contentDescription: null; tooltipText: null; viewIdResName: null; checkable: false; checked: false; focusable: false; focused: false; selected: false; clickable: false; longClickable: false; contextClickable: false; enabled: true; password: false; scrollable: false; importantForAccessibility: false; visible: false; actions: [AccessibilityAction: ACTION_SELECT - null, AccessibilityAction: ACTION_CLEAR_SELECTION - null, AccessibilityAction: ACTION_ACCESSIBILITY_FOCUS - null, AccessibilityAction: ACTION_SHOW_ON_SCREEN - null]
07-03 13:32:30.124 17400 17400 I AccessibilityNodeInfoDumper: Skipping invisible child: android.view.accessibility.AccessibilityNodeInfo@20af7; boundsInParent: Rect(0, 0 - 1080, 1582); boundsInScreen: Rect(1080, 63 - 1080, 1645); packageName: org.shadowice.flocke.andotp; className: android.widget.ScrollView; text: null; error: null; maxTextLength: -1; contentDescription: null; tooltipText: null; viewIdResName: null; checkable: false; checked: false; focusable: true; focused: false; selected: false; clickable: false; longClickable: false; contextClickable: false; enabled: true; password: false; scrollable: false; importantForAccessibility: true; visible: false; actions: [AccessibilityAction: ACTION_FOCUS - null, AccessibilityAction: ACTION_SELECT - null, AccessibilityAction: ACTION_CLEAR_SELECTION - null, AccessibilityAction: ACTION_ACCESSIBILITY_FOCUS - null, AccessibilityAction: ACTION_SHOW_ON_SCREEN - null]
07-03 13:32:30.125 17400 17400 W AccessibilityNodeInfoDumper: Fetch time: 3ms
07-03 13:32:29.098  2034  2034 V SettingsProvider: Notifying for 0: content://settings/secure/accessibility_enabled
07-03 13:32:30.126  2034  3001 W WindowManager: removeWindowToken: Attempted to remove non-existing token: android.os.Binder@820d6dd
07-03 13:32:30.129  2034  2034 V SettingsProvider: Notifying for 0: content://settings/secure/accessibility_enabled
07-03 13:32:30.136 17400 17400 D AndroidRuntime: Shutting down VM
07-03 13:32:30.676  1800  2423 E GnssHAL_GnssInterface: gnssSvStatusCb: a: input svInfo.flags is 8
07-03 13:32:30.676  1800  2423 E GnssHAL_GnssInterface: gnssSvStatusCb: b: input svInfo.flags is 8
07-03 13:32:31.017 17434 17434 D AndroidRuntime: >>>>>> START com.android.internal.os.RuntimeInit uid 2000 <<<<<<
07-03 13:32:31.020 17434 17434 E libc    : Access denied finding property "persist.device_config.runtime_native_boot.enable_apex_image"
07-03 13:32:31.020 17434 17434 I AndroidRuntime: Using default boot image
07-03 13:32:31.020 17434 17434 E libc    : Access denied finding property "persist.device_config.runtime_native_boot.disable_lock_profiling"
07-03 13:32:31.020 17434 17434 I AndroidRuntime: Leaving lock profiling enabled
07-03 13:32:31.018 17434 17434 W app_process: type=1400 audit(0.0:3970): avc: denied { read } for name="u:object_r:device_config_runtime_native_boot_prop:s0" dev="tmpfs" ino=167 scontext=u:r:shell:s0 tcontext=u:object_r:device_config_runtime_native_boot_prop:s0 tclass=file permissive=0
07-03 13:32:31.020 17434 17434 E libc    : Access denied finding property "persist.device_config.runtime_native_boot.enable_generational_cc"
07-03 13:32:31.018 17434 17434 W app_process: type=1400 audit(0.0:3971): avc: denied { read } for name="u:object_r:device_config_runtime_native_boot_prop:s0" dev="tmpfs" ino=167 scontext=u:r:shell:s0 tcontext=u:object_r:device_config_runtime_native_boot_prop:s0 tclass=file permissive=0
07-03 13:32:31.060 17434 17434 D ICU     : Time zone APEX file found: /apex/com.android.tzdata/etc/icu/icu_tzdata.dat
07-03 13:32:31.063 17434 17434 W app_process: Unexpected CPU variant for X86 using defaults: x86
07-03 13:32:31.066 17434 17434 I app_process: The ClassLoaderContext is a special shared library.
07-03 13:32:31.066 17434 17434 I app_process: The ClassLoaderContext is a special shared library.
07-03 13:32:31.078 17434 17434 W app_process: JNI RegisterNativeMethods: attempt to register 0 native methods for android.media.AudioAttributes
07-03 13:32:31.081 17434 17434 D AndroidRuntime: Calling main entry com.android.commands.uiautomator.Launcher
07-03 13:32:31.679  1800  2423 E GnssHAL_GnssInterface: gnssSvStatusCb: a: input svInfo.flags is 8
07-03 13:32:31.679  1800  2423 E GnssHAL_GnssInterface: gnssSvStatusCb: b: input svInfo.flags is 8
07-03 13:32:32.110 17434 17434 I AccessibilityNodeInfoDumper: Skipping invisible child: android.view.accessibility.AccessibilityNodeInfo@1e1b6; boundsInParent: Rect(0, 0 - 1080, 1582); boundsInScreen: Rect(0, 63 - 0, 1645); packageName: org.shadowice.flocke.andotp; className: android.widget.LinearLayout; text: null; error: null; maxTextLength: -1; contentDescription: null; tooltipText: null; viewIdResName: null; checkable: false; checked: false; focusable: false; focused: false; selected: false; clickable: false; longClickable: false; contextClickable: false; enabled: true; password: false; scrollable: false; importantForAccessibility: false; visible: false; actions: [AccessibilityAction: ACTION_SELECT - null, AccessibilityAction: ACTION_CLEAR_SELECTION - null, AccessibilityAction: ACTION_ACCESSIBILITY_FOCUS - null, AccessibilityAction: ACTION_SHOW_ON_SCREEN - null]
07-03 13:32:32.111 17434 17434 I AccessibilityNodeInfoDumper: Skipping invisible child: android.view.accessibility.AccessibilityNodeInfo@20b01; boundsInParent: Rect(0, 0 - 1080, 1582); boundsInScreen: Rect(1080, 63 - 1080, 1645); packageName: org.shadowice.flocke.andotp; className: android.widget.ScrollView; text: null; error: null; maxTextLength: -1; contentDescription: null; tooltipText: null; viewIdResName: null; checkable: false; checked: false; focusable: true; focused: false; selected: false; clickable: false; longClickable: false; contextClickable: false; enabled: true; password: false; scrollable: false; importantForAccessibility: true; visible: false; actions: [AccessibilityAction: ACTION_FOCUS - null, AccessibilityAction: ACTION_SELECT - null, AccessibilityAction: ACTION_CLEAR_SELECTION - null, AccessibilityAction: ACTION_ACCESSIBILITY_FOCUS - null, AccessibilityAction: ACTION_SHOW_ON_SCREEN - null]
07-03 13:32:32.112 17434 17434 W AccessibilityNodeInfoDumper: Fetch time: 3ms
07-03 13:32:31.089  2034  2034 V SettingsProvider: Notifying for 0: content://settings/secure/accessibility_enabled
07-03 13:32:32.113  2034  3001 W WindowManager: removeWindowToken: Attempted to remove non-existing token: android.os.Binder@c6e89aa
07-03 13:32:32.115  2034  2034 V SettingsProvider: Notifying for 0: content://settings/secure/accessibility_enabled
07-03 13:32:32.122 17434 17434 D AndroidRuntime: Shutting down VM
07-03 13:32:32.278  1801  1942 D gralloc_ranchu: gralloc_alloc: Creating ashmem region of size 8298496
07-03 13:32:32.287  1684  1684 I hwservicemanager: getTransport: Cannot find entry android.hardware.graphics.mapper@3.0::IMapper/default in either framework or device manifest.
07-03 13:32:32.288 17451 17451 W Gralloc3: mapper 3.x is not supported
07-03 13:32:32.294 17451 17451 D HostConnection: createUnique: call
07-03 13:32:32.294 17451 17451 D HostConnection: HostConnection::get() New Host Connection established 0xec023d70, tid 17451
07-03 13:32:32.298 17451 17451 D HostConnection: HostComposition ext ANDROID_EMU_CHECKSUM_HELPER_v1 ANDROID_EMU_native_sync_v2 ANDROID_EMU_native_sync_v3 ANDROID_EMU_native_sync_v4 ANDROID_EMU_dma_v1 ANDROID_EMU_direct_mem ANDROID_EMU_host_composition_v1 ANDROID_EMU_host_composition_v2 ANDROID_EMU_YUV420_888_to_NV21 ANDROID_EMU_YUV_Cache ANDROID_EMU_async_unmap_buffer GL_OES_EGL_image_external_essl3 GL_OES_vertex_array_object GL_KHR_texture_compression_astc_ldr ANDROID_EMU_host_side_tracing ANDROID_EMU_gles_max_version_3_0 
07-03 13:32:32.298 17451 17451 D eglCodecCommon: allocate: Ask for block of size 0x1000
07-03 13:32:32.298 17451 17451 D eglCodecCommon: allocate: ioctl allocate returned offset 0x3ff7fb000 size 0x2000
07-03 13:32:32.308 17451 17451 D eglCodecCommon: allocate: Ask for block of size 0x7ea000
