07-03 13:31:11.420  2034  2074 I PackageManager: Un-granting permission android.permission.INTERACT_ACROSS_USERS from package com.google.android.syncadapters.contacts (protectionLevel=50 flags=0x20883e45)
07-03 13:31:11.421  8508  8574 I Icing   : IndexChimeraService.getServiceInterface callingPackage=com.google.android.gms componentName=AppsCorpus serviceId=36
07-03 13:31:11.421  2034  2074 I PackageManager: Un-granting permission android.permission.REQUEST_INSTALL_PACKAGES from package com.android.chrome (protectionLevel=66 flags=0xa0cbbe45)
07-03 13:31:11.421  2034  2074 I PackageManager: Un-granting permission android.permission.CAPTURE_VIDEO_OUTPUT from package com.google.android.gms (protectionLevel=2 flags=0xa0cabec5)
07-03 13:31:11.421  2034  2074 I PackageManager: Un-granting permission android.permission.MANAGE_DEVICE_ADMINS from package com.google.android.gms (protectionLevel=2 flags=0xa0cabec5)
07-03 13:31:11.421  2034  2074 I PackageManager: Un-granting permission android.permission.MANAGE_ACTIVITY_STACKS from package com.google.android.gms (protectionLevel=2 flags=0xa0cabec5)
07-03 13:31:11.421  2034  2074 I PackageManager: Un-granting permission android.permission.CAPTURE_SECURE_VIDEO_OUTPUT from package com.google.android.gms (protectionLevel=2 flags=0xa0cabec5)
07-03 13:31:11.421  2034  2074 I PackageManager: Un-granting permission android.permission.MANAGE_ROLLBACKS from package com.google.android.gms (protectionLevel=514 flags=0xa0cabec5)
07-03 13:31:11.421  2034  2074 I PackageManager: Un-granting permission android.permission.MEDIA_CONTENT_CONTROL from package com.google.android.gms (protectionLevel=18 flags=0xa0cabec5)
07-03 13:31:11.421  2034  2074 I PackageManager: Un-granting permission android.permission.HIDE_NON_SYSTEM_OVERLAY_WINDOWS from package com.google.android.gms (protectionLevel=258 flags=0xa0cabec5)
07-03 13:31:11.422  2034  2074 I PackageManager: Un-granting permission com.google.android.googleapps.permission.GOOGLE_AUTH from package com.google.android.videos (protectionLevel=2 flags=0x30dbbe45)
07-03 13:31:11.422  2034  2074 I PackageManager: Un-granting permission android.permission.WRITE_MEDIA_STORAGE from package com.google.android.apps.photos (protectionLevel=18 flags=0x38d9be45)
07-03 13:31:11.455  2034  2074 I PackageManager.DexOptimizer: Running dexopt (dexoptNeeded=1) on: /data/app/org.shadowice.flocke.andotp-_x7t9zd_JWFJPIZaWK-eqA==/base.apk pkg=org.shadowice.flocke.andotp isa=x86 dexoptFlags=boot_complete,profile_guided,public,enable_hidden_api_checks targetFilter=speed-profile oatDir=/data/app/org.shadowice.flocke.andotp-_x7t9zd_JWFJPIZaWK-eqA==/oat classLoaderContext=PCL[]
07-03 13:31:11.456  1845  2105 V installd: DexInv: --- BEGIN '/data/app/org.shadowice.flocke.andotp-_x7t9zd_JWFJPIZaWK-eqA==/base.apk' ---
07-03 13:31:11.465  8508  8564 W Icing   : No valid account for uploading user actions
07-03 13:31:11.467  7776  7776 D BoundBrokerSvc: onBind: Intent { act=com.google.android.gms.icing.LIGHTWEIGHT_INDEX_SERVICE dat=chimera-action:com.google.android.gms.icing.LIGHTWEIGHT_INDEX_SERVICE cmp=com.google.android.gms/.chimera.PersistentApiService }
07-03 13:31:11.467  7776  7776 D BoundBrokerSvc: Loading bound service for intent: Intent { act=com.google.android.gms.icing.LIGHTWEIGHT_INDEX_SERVICE dat=chimera-action:com.google.android.gms.icing.LIGHTWEIGHT_INDEX_SERVICE cmp=com.google.android.gms/.chimera.PersistentApiService }
07-03 13:31:11.468 16852 16852 D ApplicationLoaders: Returning zygote-cached class loader: /system/framework/android.hidl.base-V1.0-java.jar
07-03 13:31:11.468 16852 16852 D ApplicationLoaders: Returning zygote-cached class loader: /system/framework/android.hidl.manager-V1.0-java.jar
07-03 13:31:11.468 16852 16852 D ApplicationLoaders: Returning zygote-cached class loader: /system/framework/android.hidl.base-V1.0-java.jar
07-03 13:31:11.468 16871 16871 W dex2oat : Unexpected CPU variant for X86 using defaults: x86
07-03 13:31:11.468 16871 16871 W dex2oat : Mismatch between dex2oat instruction set features to use (ISA: X86 Feature string: -ssse3,-sse4.1,-sse4.2,-avx,-avx2,-popcnt) and those from CPP defines (ISA: X86 Feature string: ssse3,-sse4.1,-sse4.2,-avx,-avx2,-popcnt) for the command line:
07-03 13:31:11.468 16871 16871 W dex2oat : /apex/com.android.runtime/bin/dex2oat --zip-fd=8 --zip-location=base.apk --input-vdex-fd=-1 --output-vdex-fd=10 --oat-fd=9 --oat-location=/data/app/org.shadowice.flocke.andotp-_x7t9zd_JWFJPIZaWK-eqA==/oat/x86/base.odex --instruction-set=x86 --instruction-set-variant=x86 --instruction-set-features=default --runtime-arg -Xbootclasspath:/apex/com.android.runtime/javalib/core-oj.jar:/apex/com.android.runtime/javalib/core-libart.jar:/apex/com.android.runtime/javalib/okhttp.jar:/apex/com.android.runtime/javalib/bouncycastle.jar:/apex/com.android.runtime/javalib/apache-xml.jar:/system/framework/framework.jar:/system/framework/ext.jar:/system/framework/telephony-common.jar:/system/framework/voip-common.jar:/system/framework/ims-common.jar:/system/framework/android.test.base.jar --runtime-arg -Xms64m --runtime-arg -Xmx512m --resolve-startup-const-strings=true --max-image-block-size=524288 --compiler-filter=speed-profile --swap-fd=11 --app-image-fd=12 --image-format=lz4 --classpath-dir=/data/app/org.shadowice.flocke.a
07-03 13:31:11.469 16871 16871 I dex2oat : /apex/com.android.runtime/bin/dex2oat --input-vdex-fd=-1 --output-vdex-fd=10 --resolve-startup-const-strings=true --max-image-block-size=524288 --compiler-filter=speed-profile --classpath-dir=/data/app/org.shadowice.flocke.andotp-_x7t9zd_JWFJPIZaWK-eqA== --class-loader-context=PCL[] --generate-mini-debug-info --compact-dex-level=none --compilation-reason=install
07-03 13:31:11.469 16852 16852 I oid.documentsu: The ClassLoaderContext is a special shared library.
07-03 13:31:11.470 16871 16871 I dex2oat : setting boot class path to /apex/com.android.runtime/javalib/core-oj.jar:/apex/com.android.runtime/javalib/core-libart.jar:/apex/com.android.runtime/javalib/okhttp.jar:/apex/com.android.runtime/javalib/bouncycastle.jar:/apex/com.android.runtime/javalib/apache-xml.jar:/system/framework/framework.jar:/system/framework/ext.jar:/system/framework/telephony-common.jar:/system/framework/voip-common.jar:/system/framework/ims-common.jar:/system/framework/android.test.base.jar
07-03 13:31:11.481  1800  2423 E GnssHAL_GnssInterface: gnssSvStatusCb: a: input svInfo.flags is 8
07-03 13:31:11.481  1800  2423 E GnssHAL_GnssInterface: gnssSvStatusCb: b: input svInfo.flags is 8
07-03 13:31:11.489  8508  8574 I Icing   : IndexChimeraService.getServiceInterface callingPackage=com.google.android.gms componentName=null serviceId=30
07-03 13:31:11.507  8508  8564 I Icing   : Usage reports ok 1, Failed Usage reports 0, indexed 0, rejected 0
07-03 13:31:11.512  8508  8564 W Icing   : No valid account for uploading user actions
07-03 13:31:11.518  8508  8564 I Icing   : Usage reports ok 0, Failed Usage reports 0, indexed 0, rejected 0
07-03 13:31:11.521  8508  8564 I Icing   : Indexing com.google.android.gms-apps from com.google.android.gms
07-03 13:31:11.531  8508  8564 I Icing   : Indexing done com.google.android.gms-apps
07-03 13:31:11.536 16852 16852 D DocumentsApplication: OverlayManager.setEnabled() result: true
07-03 13:31:11.541  2034  3536 I ActivityManager: Killing 15114:com.google.android.partnersetup/u0a101 (adj 995): empty for 2422s
07-03 13:31:11.554 19474 16878 I MediaProvider: Begin Intent { act=android.intent.action.PACKAGE_FULLY_REMOVED dat=package:org.shadowice.flocke.andotp flg=0x5000010 cmp=com.android.providers.media/.MediaService (has extras) }
07-03 13:31:11.556  7306  7306 I Finsky  : [2] ycb.d(13): PackageMonitorReceiverImpl - Received: android.intent.action.PACKAGE_FULLY_REMOVED, [pgQjaR5zZ8Ar6Mvk2vwPOC8aHqKZVFVF27Ljcd7c_Kg]
07-03 13:31:11.556  7306  7306 I Finsky  : [2] ydc.g(1): Invalidating cached PackageState for org.shadowice.flocke.andotp
07-03 13:31:11.556 19474 16878 I MediaProvider: End Intent { act=android.intent.action.PACKAGE_FULLY_REMOVED dat=package:org.shadowice.flocke.andotp flg=0x5000010 cmp=com.android.providers.media/.MediaService (has extras) }
07-03 13:31:11.563  7306  7306 I Finsky  : [2] ouk.d(2): Frosting ID looked up on UI thread. Caller should move to a background thread.
07-03 13:31:11.566  7306 16768 I Finsky  : [993] otx.run(16): Wrote row to frosting DB: 188
07-03 13:31:11.569  2034  3001 I system_server: IncrementDisableThreadFlip blocked for 5.798ms
07-03 13:31:11.570 16852 16875 I ProvidersCache: Provider returned no roots. Possibly naughty: com.google.android.apps.docs.storage
07-03 13:31:11.572  7306  7306 I Finsky  : [2] ycb.d(16): PackageMonitorReceiverImpl - Deduping intent android.intent.action.PACKAGE_FULLY_REMOVED
07-03 13:31:11.592  8508  8508 D BoundBrokerSvc: onBind: Intent { act=com.google.android.gms.common.BIND_SHARED_PREFS pkg=com.google.android.gms }
07-03 13:31:11.592  8508  8508 D BoundBrokerSvc: Loading bound service for intent: Intent { act=com.google.android.gms.common.BIND_SHARED_PREFS pkg=com.google.android.gms }
07-03 13:31:11.596  8508  8508 D BoundBrokerSvc: onUnbind: Intent { act=com.google.android.gms.common.BIND_SHARED_PREFS pkg=com.google.android.gms }
07-03 13:31:11.599  1782  1782 I Zygote  : Process 15114 exited due to signal 9 (Killed)
07-03 13:31:11.619  2034  2064 I libprocessgroup: Successfully killed process cgroup uid 10101 pid 15114 in 77ms
07-03 13:31:11.954  2034  2061 I RoleUserState: Wrote roles.xml successfully
07-03 13:31:12.324 16871 16871 I dex2oat : Explicit concurrent copying GC freed 17650(4144KB) AllocSpace objects, 0(0B) LOS objects, 99% free, 424B/1536KB, paused 224us total 2.185ms
07-03 13:31:12.386 16871 16871 I dex2oat : dex2oat took 919.554ms (2.547s cpu) (threads: 4) arena alloc=3984B (3984B) java alloc=16KB (16808B) native alloc=6512KB (6668464B) free=695KB (712528B)
07-03 13:31:12.389  1845  2105 V installd: DexInv: --- END '/data/app/org.shadowice.flocke.andotp-_x7t9zd_JWFJPIZaWK-eqA==/base.apk' (success) ---
07-03 13:31:12.391  2034  2074 V BackupManagerService: restoreAtInstall pkg=org.shadowice.flocke.andotp token=c restoreSet=0
07-03 13:31:12.391  2034  2074 V BackupManagerService: Finishing install immediately
07-03 13:31:12.392  1687  1687 D vold    : Remounting 10143 as mode default
07-03 13:31:12.395  1781  2326 I netd    : trafficSetNetPermForUids(0, [10143]) <0.07ms>
07-03 13:31:12.395  1845  2105 E         : Couldn't opendir /data/app/vmdl1789996134.tmp: No such file or directory
07-03 13:31:12.395  1845  2105 E installd: Failed to delete /data/app/vmdl1789996134.tmp: No such file or directory
07-03 13:31:12.388  2034  2034 W Binder:2034_17: type=1400 audit(0.0:3905): avc: denied { getopt } for scontext=u:r:system_server:s0 tcontext=u:r:shell:s0 tclass=unix_stream_socket permissive=0
07-03 13:31:12.407  2034  2034 I RoleManagerService: Granting default permissions...
07-03 13:31:12.414  7306  7306 I Finsky  : [2] ycb.d(13): PackageMonitorReceiverImpl - Received: android.intent.action.PACKAGE_ADDED, [pgQjaR5zZ8Ar6Mvk2vwPOC8aHqKZVFVF27Ljcd7c_Kg]
07-03 13:31:12.414  7306  7306 I Finsky  : [2] ydc.g(1): Invalidating cached PackageState for org.shadowice.flocke.andotp
07-03 13:31:12.425  2034  2122 I InputReader: Reconfiguring input devices.  changes=0x00000010
07-03 13:31:12.427  2034  3502 W BroadcastQueue: Background execution not allowed: receiving Intent { act=android.intent.action.PACKAGE_ADDED dat=package:org.shadowice.flocke.andotp flg=0x4000010 (has extras) } to com.google.android.packageinstaller/com.android.packageinstaller.PackageInstalledReceiver
07-03 13:31:12.430  2661  3703 E ActivityThread: Failed to find provider info for com.google.android.apps.wellbeing.api
07-03 13:31:12.433  7306 16768 I Finsky  : [993] otx.run(16): Wrote row to frosting DB: 189
07-03 13:31:12.435  2034  2061 E system_server: No package ID 7f found for ID 0x7f0800aa.
07-03 13:31:12.435  2034  2061 E system_server: No package ID 7f found for ID 0x7f110ce2.
07-03 13:31:12.435  2034  2062 W BroadcastQueue: Background execution not allowed: receiving Intent { act=android.intent.action.PACKAGE_ADDED dat=package:org.shadowice.flocke.andotp flg=0x4000010 (has extras) } to com.android.musicfx/.Compatibility$Receiver
07-03 13:31:12.435  2034  2061 E system_server: No package ID 7f found for ID 0x7f110ce2.
07-03 13:31:12.435  2034  2061 E system_server: No package ID 7f found for ID 0x7f0800b6.
07-03 13:31:12.435  2034  2061 E system_server: No package ID 7f found for ID 0x7f110ce1.
07-03 13:31:12.436  2034  2062 W BroadcastQueue: Background execution not allowed: receiving Intent { act=android.intent.action.PACKAGE_ADDED dat=package:org.shadowice.flocke.andotp flg=0x4000010 (has extras) } to com.android.vending/com.google.android.finsky.packagemanager.impl.PackageMonitorReceiverImpl$RegisteredReceiver
07-03 13:31:12.436  2034  2062 W BroadcastQueue: Background execution not allowed: receiving Intent { act=android.intent.action.PACKAGE_ADDED dat=package:org.shadowice.flocke.andotp flg=0x4000010 (has extras) } to com.google.android.gms/.games.chimera.GamesSystemBroadcastReceiverProxy
07-03 13:31:12.436  2034  2062 W BroadcastQueue: Background execution not allowed: receiving Intent { act=android.intent.action.PACKAGE_ADDED dat=package:org.shadowice.flocke.andotp flg=0x4000010 (has extras) } to com.google.android.gms/.gass.chimera.PackageChangeBroadcastReceiver
07-03 13:31:12.437  2034  2062 W BroadcastQueue: Background execution not allowed: receiving Intent { act=android.intent.action.PACKAGE_ADDED dat=package:org.shadowice.flocke.andotp flg=0x4000010 (has extras) } to com.google.android.gms/.chimera.GmsIntentOperationService$PersistentTrustedReceiver
07-03 13:31:12.437  2034  2062 W BroadcastQueue: Background execution not allowed: receiving Intent { act=android.intent.action.PACKAGE_ADDED dat=package:org.shadowice.flocke.andotp flg=0x4000010 (has extras) } to com.google.android.googlequicksearchbox/com.google.android.apps.gsa.googlequicksearchbox.GelStubAppWatcher
07-03 13:31:12.438  2034  2062 W BroadcastQueue: Background execution not allowed: receiving Intent { act=android.intent.action.PACKAGE_ADDED dat=package:org.shadowice.flocke.andotp flg=0x4000010 (has extras) } to com.google.android.ims/.receivers.RcsAutoStartReceiver
07-03 13:31:12.435  2034  2061 E system_server: No package ID 7f found for ID 0x7f110ce1.
07-03 13:31:12.443  7306  7306 I Finsky  : [2] ouk.d(2): Frosting ID looked up on UI thread. Caller should move to a background thread.
07-03 13:31:12.445  7306 16770 I Finsky  : [994] jmd.a(15): [ContentSync] finished, scheduled=false
07-03 13:31:12.446  7306  7306 I Finsky  : [2] alxk.a(3): Do not start WearSupportService due to Wear service optimization
07-03 13:31:12.447  2034  2061 E system_server: No package ID 7f found for ID 0x7f0800b1.
07-03 13:31:12.447  2034  2061 E system_server: No package ID 7f found for ID 0x7f110ce0.
07-03 13:31:12.447  2034  2061 E system_server: No package ID 7f found for ID 0x7f110ce0.
07-03 13:31:12.449  7306  7306 I Finsky  : [2] alxk.a(3): Do not start WearSupportService due to Wear service optimization
07-03 13:31:12.450  7306  7306 I Finsky  : [2] adxl.a(8): Clearing split related stale data.
07-03 13:31:12.450  7306 16771 I Finsky  : [995] gvx.a(12): Asset module storage cleared for package org.shadowice.flocke.andotp.
07-03 13:31:12.453  7306  7306 I Finsky  : [2] ouk.d(2): Frosting ID looked up on UI thread. Caller should move to a background thread.
07-03 13:31:12.475  8508 16830 I Auth    : [SupervisedAccountIntentOperation] onHandleIntent(): android.intent.action.PACKAGE_ADDED
07-03 13:31:12.478  7776 16827 W GCM     : Unexpected forwarded intent: Intent { act=android.intent.action.PACKAGE_ADDED dat=package:org.shadowice.flocke.andotp flg=0x4000010 pkg=com.google.android.gms cmp=com.google.android.gms/.chimera.PersistentIntentOperationService (has extras) }
07-03 13:31:12.480  7776 16827 W GCM     : Unexpected forwarded intent: Intent { act=android.intent.action.PACKAGE_ADDED dat=package:org.shadowice.flocke.andotp flg=0x4000010 pkg=com.google.android.gms cmp=com.google.android.gms/.chimera.PersistentIntentOperationService (has extras) }
07-03 13:31:12.480  7776 16824 I FontLog : Package org.shadowice.flocke.andotp has no metadata [CONTEXT service_id=132 ]
07-03 13:31:12.481  8508 16828 I BlockstoreStorage: Clearing Blockstore Data for package org.shadowice.flocke.andotp [CONTEXT service_id=258 ]
07-03 13:31:12.482  8508 16828 I BlockstoreStorage: Keyless data not found or its IsLastInstallationData = false. [CONTEXT service_id=258 ]
07-03 13:31:12.482  1800  2423 E GnssHAL_GnssInterface: gnssSvStatusCb: a: input svInfo.flags is 8
07-03 13:31:12.483  1800  2423 E GnssHAL_GnssInterface: gnssSvStatusCb: b: input svInfo.flags is 8
07-03 13:31:12.485  8508  8508 D BoundBrokerSvc: onBind: Intent { act=com.google.android.gms.common.BIND_SHARED_PREFS pkg=com.google.android.gms }
07-03 13:31:12.485  8508  8508 D BoundBrokerSvc: Loading bound service for intent: Intent { act=com.google.android.gms.common.BIND_SHARED_PREFS pkg=com.google.android.gms }
07-03 13:31:12.490  8508  8508 D BoundBrokerSvc: onUnbind: Intent { act=com.google.android.gms.common.BIND_SHARED_PREFS pkg=com.google.android.gms }
07-03 13:31:12.496  2457  2457 D CarrierSvcBindHelper: No carrier app for: 0
07-03 13:31:12.513  2457  2457 D CarrierConfigLoader: mHandler: 9 phoneId: 0
07-03 13:31:12.524 16886 16886 D AndroidRuntime: >>>>>> START com.android.internal.os.RuntimeInit uid 2000 <<<<<<
07-03 13:31:12.531 16886 16886 E libc    : Access denied finding property "persist.device_config.runtime_native_boot.enable_apex_image"
07-03 13:31:12.531 16886 16886 I AndroidRuntime: Using default boot image
07-03 13:31:12.531 16886 16886 E libc    : Access denied finding property "persist.device_config.runtime_native_boot.disable_lock_profiling"
07-03 13:31:12.531 16886 16886 I AndroidRuntime: Leaving lock profiling enabled
07-03 13:31:12.534 16886 16886 E libc    : Access denied finding property "persist.device_config.runtime_native_boot.enable_generational_cc"
07-03 13:31:12.535  7776  7776 D BoundBrokerSvc: onBind: Intent { act=com.google.android.gms.nearby.exposurenotification.START dat=chimera-action:com.google.android.gms.nearby.exposurenotification.START cmp=com.google.android.gms/.chimera.PersistentApiService }
07-03 13:31:12.535  7776  7776 D BoundBrokerSvc: Loading bound service for intent: Intent { act=com.google.android.gms.nearby.exposurenotification.START dat=chimera-action:com.google.android.gms.nearby.exposurenotification.START cmp=com.google.android.gms/.chimera.PersistentApiService }
07-03 13:31:12.540  7306 16768 I Finsky  : [993] otx.run(16): Wrote row to frosting DB: 190
07-03 13:31:12.540  2034  2046 I system_server: ThreadFlipBegin blocked for 8.323ms
07-03 13:31:12.566  8508  8541 I Icing   : Indexing com.google.android.gms-apps from com.google.android.gms
07-03 13:31:12.576  8508  8541 I Icing   : Indexing done com.google.android.gms-apps
07-03 13:31:12.581  7776  7833 W ChimeraUtils: Module com.google.android.gms.nearby_en has empty metadata display_name_string_id
07-03 13:31:12.582  7776  7833 W ChimeraUtils: Module com.google.android.gms.nearby_en has empty metadata display_name_string_id
07-03 13:31:12.585 16852 16875 I ProvidersCache: Provider returned no roots. Possibly naughty: com.google.android.apps.docs.storage
07-03 13:31:12.518 16886 16886 W app_process: type=1400 audit(0.0:3909): avc: denied { read } for name="u:object_r:device_config_runtime_native_boot_prop:s0" dev="tmpfs" ino=167 scontext=u:r:shell:s0 tcontext=u:object_r:device_config_runtime_native_boot_prop:s0 tclass=file permissive=0
07-03 13:31:12.528 16886 16886 W app_process: type=1400 audit(0.0:3910): avc: denied { read } for name="u:object_r:device_config_runtime_native_boot_prop:s0" dev="tmpfs" ino=167 scontext=u:r:shell:s0 tcontext=u:object_r:device_config_runtime_native_boot_prop:s0 tclass=file permissive=0
07-03 13:31:12.596  2034  2034 I Telecom : DefaultDialerCache: Refreshing default dialer for user 0: now com.android.dialer: DDC.oR@APg
07-03 13:31:12.597  2034  2034 V BackupManagerConstants: getFullBackupIntervalMilliseconds(...) returns 86400000
07-03 13:31:12.598  2034  2034 V BackupManagerConstants: getFullBackupRequiredNetworkType(...) returns 2
07-03 13:31:12.598  2034  2034 V BackupManagerConstants: getFullBackupRequireCharging(...) returns true
07-03 13:31:12.605 16886 16886 D ICU     : Time zone APEX file found: /apex/com.android.tzdata/etc/icu/icu_tzdata.dat
07-03 13:31:12.608 16886 16886 W app_process: Unexpected CPU variant for X86 using defaults: x86
07-03 13:31:12.609 16886 16886 I app_process: The ClassLoaderContext is a special shared library.
07-03 13:31:12.619 16886 16886 W app_process: JNI RegisterNativeMethods: attempt to register 0 native methods for android.media.AudioAttributes
07-03 13:31:12.622 16886 16886 D AndroidRuntime: Calling main entry com.android.commands.monkey.Monkey
07-03 13:31:12.628 16886 16886 W Monkey  : args: [-p, org.shadowice.flocke.andotp, -c, android.intent.category.LAUNCHER, 1]
07-03 13:31:12.629 16886 16886 W Monkey  :  arg: "-p"
07-03 13:31:12.629 16886 16886 W Monkey  :  arg: "org.shadowice.flocke.andotp"
07-03 13:31:12.630 16886 16886 W Monkey  :  arg: "-c"
07-03 13:31:12.630 16886 16886 W Monkey  :  arg: "android.intent.category.LAUNCHER"
07-03 13:31:12.631 16886 16886 W Monkey  :  arg: "1"
07-03 13:31:12.632 16886 16886 W Monkey  : data="org.shadowice.flocke.andotp"
07-03 13:31:12.632 16886 16886 W Monkey  : data="android.intent.category.LAUNCHER"
07-03 13:31:12.645  2034  2062 W BroadcastQueue: Skipping deliver [background] BroadcastRecord{66302fb u-1 android.net.conn.CONNECTIVITY_CHANGE} to ReceiverList{c32ef18 16886 (unknown name)/2000/u-1 remote:cbf36f5}: process gone or crashing
07-03 13:31:12.658  2034  2046 I system_server: Background concurrent copying GC freed 27589(1794KB) AllocSpace objects, 17(1152KB) LOS objects, 26% free, 17MB/23MB, paused 759us total 263.092ms
07-03 13:31:12.684  2034  3502 I ActivityTaskManager: START u0 {act=android.intent.action.MAIN cat=[android.intent.category.LAUNCHER] flg=0x10200000 cmp=org.shadowice.flocke.andotp/.Activities.MainActivity} from uid 2000
07-03 13:31:12.684  2034  3502 W Binder  : Outgoing transactions from this process must be FLAG_ONEWAY
07-03 13:31:12.684  2034  3502 W Binder  : java.lang.Throwable
07-03 13:31:12.684  2034  3502 W Binder  : 	at android.os.BinderProxy.transact(BinderProxy.java:480)
07-03 13:31:12.684  2034  3502 W Binder  : 	at android.app.IActivityController$Stub$Proxy.activityStarting(IActivityController.java:273)
07-03 13:31:12.684  2034  3502 W Binder  : 	at com.android.server.wm.ActivityStarter.startActivity(ActivityStarter.java:794)
07-03 13:31:12.684  2034  3502 W Binder  : 	at com.android.server.wm.ActivityStarter.startActivity(ActivityStarter.java:583)
07-03 13:31:12.684  2034  3502 W Binder  : 	at com.android.server.wm.ActivityStarter.startActivityMayWait(ActivityStarter.java:1288)
07-03 13:31:12.684  2034  3502 W Binder  : 	at com.android.server.wm.ActivityStarter.execute(ActivityStarter.java:514)
07-03 13:31:12.684  2034  3502 W Binder  : 	at com.android.server.wm.ActivityTaskManagerService.startActivityAsUser(ActivityTaskManagerService.java:1058)
07-03 13:31:12.684  2034  3502 W Binder  : 	at com.android.server.wm.ActivityTaskManagerService.startActivityAsUser(ActivityTaskManagerService.java:1032)
07-03 13:31:12.684  2034  3502 W Binder  : 	at com.android.server.am.ActivityManagerService.startActivityAsUser(ActivityManagerService.java:3504)
07-03 13:31:12.684  2034  3502 W Binder  : 	at android.app.IActivityManager$Stub.onTransact(IActivityManager.java:3537)
07-03 13:31:12.684  2034  3502 W Binder  : 	at com.android.server.am.ActivityManagerService.onTransact(ActivityManagerService.java:2741)
07-03 13:31:12.684  2034  3502 W Binder  : 	at android.os.Binder.execTransactInternal(Binder.java:1021)
07-03 13:31:12.684  2034  3502 W Binder  : 	at android.os.Binder.execTransact(Binder.java:994)
07-03 13:31:12.691 16886 16886 I Monkey  : Events injected: 1
07-03 13:31:12.695  2034  2057 E system_server: Invalid ID 0x00000000.
07-03 13:31:12.696  2034  2034 V SettingsProvider: Notifying for 0: content://settings/system/accelerometer_rotation
07-03 13:31:12.698 16886 16886 I Monkey  : ## Network stats: elapsed time=12ms (0ms mobile, 0ms wifi, 12ms not connected)
07-03 13:31:12.698 16886 16886 I app_process: System.exit called, status: 0
07-03 13:31:12.698 16886 16886 I AndroidRuntime: VM exiting with result code 0.
07-03 13:31:12.703  2034  3536 W InputReader: Device has associated, but no associated display id.
07-03 13:31:12.703  2034  3536 I chatty  : uid=1000(system) Binder:2034_19 identical 8 lines
07-03 13:31:12.703  2034  3536 W InputReader: Device has associated, but no associated display id.
07-03 13:31:12.709  1801  1836 D gralloc_ranchu: gralloc_alloc: Creating ashmem region of size 8298496
07-03 13:31:12.714  1782  1782 D Zygote  : Forked child process 16903
07-03 13:31:12.721 16903 16903 W e.flocke.andot: Unexpected CPU variant for X86 using defaults: x86
07-03 13:31:12.697  2034  2034 V SettingsProvider: Notifying for 0: content://settings/system/accelerometer_rotation
07-03 13:31:12.726  2034  2063 I ActivityManager: Start proc 16903:org.shadowice.flocke.andotp/u0a143 for activity {org.shadowice.flocke.andotp/org.shadowice.flocke.andotp.Activities.MainActivity}
07-03 13:31:12.727 16903 16903 E e.flocke.andot: Not starting debugger since process cannot load the jdwp agent.
07-03 13:31:12.737  2034  3388 W InputReader: Device has associated, but no associated display id.
07-03 13:31:12.741  2034  3388 I chatty  : uid=1000(system) Binder:2034_14 identical 28 lines
07-03 13:31:12.741  2034  3388 W InputReader: Device has associated, but no associated display id.
07-03 13:31:12.745  2034  2057 W InputReader: Device has associated, but no associated display id.
07-03 13:31:12.745  2034  2057 I chatty  : uid=1000(system) android.anim identical 8 lines
07-03 13:31:12.745  2034  2057 W InputReader: Device has associated, but no associated display id.
07-03 13:31:12.774  1822  1913 E SurfaceFlinger: ro.sf.lcd_density must be defined as a build property
07-03 13:31:12.774  1822  1913 E SurfaceFlinger: ro.sf.lcd_density must be defined as a build property
07-03 13:31:12.776 16903 16925 D libEGL  : Emulator has host GPU support, qemu.gles is set to 1.
07-03 13:31:12.776 16903 16925 W libc    : Unable to set property "qemu.gles" to "1": connection failed; errno=13 (Permission denied)
07-03 13:31:12.798 16903 16925 D libEGL  : loaded /vendor/lib/egl/libEGL_emulation.so
07-03 13:31:12.799 16903 16925 D libEGL  : loaded /vendor/lib/egl/libGLESv1_CM_emulation.so
07-03 13:31:12.800 16903 16925 D libEGL  : loaded /vendor/lib/egl/libGLESv2_emulation.so
07-03 13:31:12.885  1846  1846 I keystore: del USRPKEY_password 10143
07-03 13:31:12.886  1846  1846 I keystore: del USRSKEY_password 10143
07-03 13:31:12.886  1846  1846 I keystore: del USRCERT_password 10143
07-03 13:31:12.886  1846  1846 I keystore: del CACERT_password 10143
07-03 13:31:13.050  8864  9140 D EGL_emulation: eglMakeCurrent: 0xea9aa900: ver 3 0 (tinfo 0xeaa3e010)
07-03 13:31:13.055  2661  3376 D EGL_emulation: eglMakeCurrent: 0xf5b7ec20: ver 3 0 (tinfo 0xf5bca670)
07-03 13:31:13.145  1846 16930 D DropBoxManager: About to call service->add()
07-03 13:31:13.146  2034  2869 I DropBoxManagerService: add tag=keymaster isTagEnabled=true flags=0x0
07-03 13:31:13.147  1846 16930 D DropBoxManager: service->add returned No error
07-03 13:31:13.171  2034  2869 I ActivityTaskManager: START u0 {cmp=org.shadowice.flocke.andotp/.Activities.IntroScreenActivity} from uid 10143
07-03 13:31:13.197  2034  2061 I RoleUserState: Wrote roles.xml successfully
07-03 13:31:13.214 16903 16923 D HostConnection: HostConnection::get() New Host Connection established 0xe2a3f190, tid 16923
07-03 13:31:13.218 16903 16923 D HostConnection: HostComposition ext ANDROID_EMU_CHECKSUM_HELPER_v1 ANDROID_EMU_native_sync_v2 ANDROID_EMU_native_sync_v3 ANDROID_EMU_native_sync_v4 ANDROID_EMU_dma_v1 ANDROID_EMU_direct_mem ANDROID_EMU_host_composition_v1 ANDROID_EMU_host_composition_v2 ANDROID_EMU_YUV420_888_to_NV21 ANDROID_EMU_YUV_Cache ANDROID_EMU_async_unmap_buffer GL_OES_EGL_image_external_essl3 GL_OES_vertex_array_object GL_KHR_texture_compression_astc_ldr ANDROID_EMU_host_side_tracing ANDROID_EMU_gles_max_version_3_0 
07-03 13:31:13.220 16903 16923 W OpenGLRenderer: Failed to choose config with EGL_SWAP_BEHAVIOR_PRESERVED, retrying without...
07-03 13:31:13.221 16903 16923 D eglCodecCommon: setVertexArrayObject: set vao to 0 (0) 0 0
07-03 13:31:13.221 16903 16923 D EGL_emulation: eglCreateContext: 0xe2a1a120: maj 3 min 0 rcv 3
07-03 13:31:13.222 16903 16923 D EGL_emulation: eglMakeCurrent: 0xe2a1a120: ver 3 0 (tinfo 0xe2a0f320)
07-03 13:31:13.227  1801  1836 D gralloc_ranchu: gralloc_alloc: Creating ashmem region of size 4947968
07-03 13:31:13.232  1684  1684 I hwservicemanager: getTransport: Cannot find entry android.hardware.graphics.mapper@3.0::IMapper/default in either framework or device manifest.
07-03 13:31:13.232 16903 16923 W Gralloc3: mapper 3.x is not supported
07-03 13:31:13.234 16903 16923 D HostConnection: createUnique: call
07-03 13:31:13.234 16903 16923 D HostConnection: HostConnection::get() New Host Connection established 0xe2a3f370, tid 16923
07-03 13:31:13.241 16903 16923 D HostConnection: HostComposition ext ANDROID_EMU_CHECKSUM_HELPER_v1 ANDROID_EMU_native_sync_v2 ANDROID_EMU_native_sync_v3 ANDROID_EMU_native_sync_v4 ANDROID_EMU_dma_v1 ANDROID_EMU_direct_mem ANDROID_EMU_host_composition_v1 ANDROID_EMU_host_composition_v2 ANDROID_EMU_YUV420_888_to_NV21 ANDROID_EMU_YUV_Cache ANDROID_EMU_async_unmap_buffer GL_OES_EGL_image_external_essl3 GL_OES_vertex_array_object GL_KHR_texture_compression_astc_ldr ANDROID_EMU_host_side_tracing ANDROID_EMU_gles_max_version_3_0 
07-03 13:31:13.241 16903 16923 D eglCodecCommon: allocate: Ask for block of size 0x1000
07-03 13:31:13.242 16903 16923 D eglCodecCommon: allocate: ioctl allocate returned offset 0x3ff7ff000 size 0x2000
07-03 13:31:13.242  1801  1836 D gralloc_ranchu: gralloc_alloc: Creating ashmem region of size 4947968
07-03 13:31:13.245 16903 16923 D EGL_emulation: eglMakeCurrent: 0xe2a1a120: ver 3 0 (tinfo 0xe2a0f320)
07-03 13:31:13.246  1801  1942 D gralloc_ranchu: gralloc_alloc: Creating ashmem region of size 4947968
07-03 13:31:13.248 16903 16923 D eglCodecCommon: setVertexArrayObject: set vao to 0 (0) 1 0
07-03 13:31:13.295  1801  1942 D gralloc_ranchu: gralloc_alloc: Creating ashmem region of size 8298496
07-03 13:31:13.304  1801  1942 D gralloc_ranchu: gralloc_alloc: Creating ashmem region of size 8298496
07-03 13:31:13.310 16903 16923 D EGL_emulation: eglMakeCurrent: 0xe2a1a120: ver 3 0 (tinfo 0xe2a0f320)
07-03 13:31:13.311  1801  1836 D gralloc_ranchu: gralloc_alloc: Creating ashmem region of size 8298496
07-03 13:31:13.351  2034  2062 W BroadcastQueue: Background execution not allowed: receiving Intent { act=android.intent.action.DROPBOX_ENTRY_ADDED flg=0x10 (has extras) } to com.google.android.gms/.stats.service.DropBoxEntryAddedReceiver
07-03 13:31:13.351  2034  2062 W BroadcastQueue: Background execution not allowed: receiving Intent { act=android.intent.action.DROPBOX_ENTRY_ADDED flg=0x10 (has extras) } to com.google.android.gms/.chimera.GmsIntentOperationService$PersistentTrustedReceiver
07-03 13:31:13.414  2034  2061 I ActivityTaskManager: Displayed org.shadowice.flocke.andotp/.Activities.IntroScreenActivity: +728ms
07-03 13:31:13.416  2034  3388 W InputReader: Device has associated, but no associated display id.
07-03 13:31:13.421  2034  3388 I chatty  : uid=1000(system) Binder:2034_14 identical 28 lines
07-03 13:31:13.421  2034  3388 W InputReader: Device has associated, but no associated display id.
07-03 13:31:13.424 16903 16923 D EGL_emulation: eglMakeCurrent: 0xe2a1a120: ver 3 0 (tinfo 0xe2a0f320)
07-03 13:31:13.435 16903 16923 D EGL_emulation: eglMakeCurrent: 0xe2a1a120: ver 3 0 (tinfo 0xe2a0f320)
07-03 13:31:13.439 16903 16903 W e.flocke.andot: Accessing hidden method Landroid/widget/AutoCompleteTextView;->doBeforeTextChanged()V (greylist-max-p, reflection, denied)
07-03 13:31:13.439 16903 16903 W e.flocke.andot: Accessing hidden method Landroid/widget/AutoCompleteTextView;->doAfterTextChanged()V (greylist-max-p, reflection, denied)
07-03 13:31:13.439 16903 16903 W e.flocke.andot: Accessing hidden method Landroid/widget/AutoCompleteTextView;->ensureImeVisible(Z)V (greylist-max-p, reflection, denied)
07-03 13:31:13.447  8864  8893 W SearchServiceCore: Abort, client detached.
07-03 13:31:13.452 16903 16903 W ActivityThread: handleWindowVisibility: no activity for token android.os.BinderProxy@17a238d
07-03 13:31:13.457  8864 15587 I PBSessionCacheImpl: Deleted sessionId[291446601622] from persistence.
07-03 13:31:13.483  1800  2423 E GnssHAL_GnssInterface: gnssSvStatusCb: a: input svInfo.flags is 8
07-03 13:31:13.483  1800  2423 E GnssHAL_GnssInterface: gnssSvStatusCb: b: input svInfo.flags is 8
07-03 13:31:13.496 16903 16923 D EGL_emulation: eglMakeCurrent: 0xe2a1a120: ver 3 0 (tinfo 0xe2a0f320)
07-03 13:31:13.523  1801  1836 D gralloc_ranchu: gralloc_alloc: Creating ashmem region of size 8298496
07-03 13:31:13.529  1801  1836 D gralloc_ranchu: gralloc_alloc: Creating ashmem region of size 8298496
07-03 13:31:13.534 16903 16923 D EGL_emulation: eglMakeCurrent: 0xe2a1a120: ver 3 0 (tinfo 0xe2a0f320)
07-03 13:31:13.535  1801  1942 D gralloc_ranchu: gralloc_alloc: Creating ashmem region of size 8298496
07-03 13:31:13.547 16903 16923 D EGL_emulation: eglMakeCurrent: 0xe2a1a120: ver 3 0 (tinfo 0xe2a0f320)
07-03 13:31:13.550 16903 16923 D EGL_emulation: eglMakeCurrent: 0xe2a1a120: ver 3 0 (tinfo 0xe2a0f320)
07-03 13:31:14.485  1800  2423 E GnssHAL_GnssInterface: gnssSvStatusCb: a: input svInfo.flags is 8
07-03 13:31:14.485  1800  2423 E GnssHAL_GnssInterface: gnssSvStatusCb: b: input svInfo.flags is 8
07-03 13:31:15.149  2034  2062 W BroadcastQueue: Background execution not allowed: receiving Intent { act=android.intent.action.DROPBOX_ENTRY_ADDED flg=0x10 (has extras) } to com.google.android.gms/.stats.service.DropBoxEntryAddedReceiver
07-03 13:31:15.149  2034  2062 W BroadcastQueue: Background execution not allowed: receiving Intent { act=android.intent.action.DROPBOX_ENTRY_ADDED flg=0x10 (has extras) } to com.google.android.gms/.chimera.GmsIntentOperationService$PersistentTrustedReceiver
07-03 13:31:15.489  1800  2423 E GnssHAL_GnssInterface: gnssSvStatusCb: a: input svInfo.flags is 8
07-03 13:31:15.489  1800  2423 E GnssHAL_GnssInterface: gnssSvStatusCb: b: input svInfo.flags is 8
07-03 13:31:16.491  1800  2423 E GnssHAL_GnssInterface: gnssSvStatusCb: a: input svInfo.flags is 8
07-03 13:31:16.491  1800  2423 E GnssHAL_GnssInterface: gnssSvStatusCb: b: input svInfo.flags is 8
07-03 13:31:17.439  2661  3703 E ActivityThread: Failed to find provider info for com.google.android.apps.wellbeing.api
07-03 13:31:17.494  1800  2423 E GnssHAL_GnssInterface: gnssSvStatusCb: a: input svInfo.flags is 8
07-03 13:31:17.495  1800  2423 E GnssHAL_GnssInterface: gnssSvStatusCb: b: input svInfo.flags is 8
07-03 13:31:18.497  1800  2423 E GnssHAL_GnssInterface: gnssSvStatusCb: a: input svInfo.flags is 8
07-03 13:31:18.497  1800  2423 E GnssHAL_GnssInterface: gnssSvStatusCb: b: input svInfo.flags is 8
07-03 13:31:18.500  2034  3388 W AppOps  : Noting op not finished: uid 10098 pkg com.google.android.gms code 79 time=1656869467991 duration=0
07-03 13:31:18.502  2034  3303 W AppOps  : Noting op not finished: uid 10098 pkg com.google.android.gms code 79 time=1656869478500 duration=0
07-03 13:31:18.503  2034  3303 W AppOps  : Noting op not finished: uid 10098 pkg com.google.android.gms code 79 time=1656869478502 duration=0
07-03 13:31:18.521  7776 16735 I PlacesLogger: [PlaceInferenceEngine]: [anon] Changed inference mode: 0 [CONTEXT service_id=253 ]
07-03 13:31:19.310  2261  2261 I wpa_supplicant: nl80211: send_and_recv->nl_recvmsgs failed: -33
07-03 13:31:19.311  2034  3303 D WificondControl: Scan result ready event
07-03 13:31:19.325  7776  8076 I ChimeraSrvcProxy: NullBinder for android.net.action.RECOMMEND_NETWORKS triggering remote TransactionTooLargeException due to Service without Chimera impl
07-03 13:31:19.502  1800  2423 E GnssHAL_GnssInterface: gnssSvStatusCb: a: input svInfo.flags is 8
07-03 13:31:19.502  1800  2423 E GnssHAL_GnssInterface: gnssSvStatusCb: b: input svInfo.flags is 8
07-03 13:31:20.502  1800  2423 E GnssHAL_GnssInterface: gnssSvStatusCb: a: input svInfo.flags is 8
07-03 13:31:20.503  1800  2423 E GnssHAL_GnssInterface: gnssSvStatusCb: b: input svInfo.flags is 8
07-03 13:31:21.504  1800  2423 E GnssHAL_GnssInterface: gnssSvStatusCb: a: input svInfo.flags is 8
07-03 13:31:21.504  1800  2423 E GnssHAL_GnssInterface: gnssSvStatusCb: b: input svInfo.flags is 8
07-03 13:31:22.505  1800  2423 E GnssHAL_GnssInterface: gnssSvStatusCb: a: input svInfo.flags is 8
07-03 13:31:22.506  1800  2423 E GnssHAL_GnssInterface: gnssSvStatusCb: b: input svInfo.flags is 8
07-03 13:31:22.861  2034  2050 I ActivityManager: Killing 13372:com.android.providers.calendar/u0a48 (adj 995): empty for 2072s
07-03 13:31:22.864  2034  2061 E memtrack: Couldn't load memtrack module
07-03 13:31:22.864  2034  2061 W android.os.Debug: failed to get memory consumption info: -1
07-03 13:31:22.910  1782  1782 I Zygote  : Process 13372 exited due to signal 9 (Killed)
07-03 13:31:22.911  2034  2064 I libprocessgroup: Successfully killed process cgroup uid 10048 pid 13372 in 48ms
07-03 13:31:23.456  8864  8893 I WorkerManager: dispose()
07-03 13:31:23.457  8864  8893 W ThreadPoolDumper: Queue length for executor EventBus is now 11. Perhaps some tasks are too long, or the pool is too small.
07-03 13:31:23.507  1800  2423 E GnssHAL_GnssInterface: gnssSvStatusCb: a: input svInfo.flags is 8
07-03 13:31:23.507  1800  2423 E GnssHAL_GnssInterface: gnssSvStatusCb: b: input svInfo.flags is 8
07-03 13:31:24.509  1800  2423 E GnssHAL_GnssInterface: gnssSvStatusCb: a: input svInfo.flags is 8
07-03 13:31:24.509  1800  2423 E GnssHAL_GnssInterface: gnssSvStatusCb: b: input svInfo.flags is 8
07-03 13:31:25.511  1800  2423 E GnssHAL_GnssInterface: gnssSvStatusCb: a: input svInfo.flags is 8
07-03 13:31:25.511  1800  2423 E GnssHAL_GnssInterface: gnssSvStatusCb: b: input svInfo.flags is 8
07-03 13:31:26.516  1800  2423 E GnssHAL_GnssInterface: gnssSvStatusCb: a: input svInfo.flags is 8
07-03 13:31:26.516  1800  2423 E GnssHAL_GnssInterface: gnssSvStatusCb: b: input svInfo.flags is 8
07-03 13:31:26.523  7776  7776 D BoundBrokerSvc: onUnbind: Intent { act=com.google.android.gms.icing.LIGHTWEIGHT_INDEX_SERVICE dat=chimera-action:com.google.android.gms.icing.LIGHTWEIGHT_INDEX_SERVICE cmp=com.google.android.gms/.chimera.PersistentApiService }
07-03 13:31:27.516  1800  2423 E GnssHAL_GnssInterface: gnssSvStatusCb: a: input svInfo.flags is 8
07-03 13:31:27.516  1800  2423 E GnssHAL_GnssInterface: gnssSvStatusCb: b: input svInfo.flags is 8
07-03 13:31:27.642  7776  7776 D BoundBrokerSvc: onUnbind: Intent { act=com.google.android.gms.nearby.exposurenotification.START dat=chimera-action:com.google.android.gms.nearby.exposurenotification.START cmp=com.google.android.gms/.chimera.PersistentApiService }
07-03 13:31:27.871 16944 16944 D AndroidRuntime: >>>>>> START com.android.internal.os.RuntimeInit uid 2000 <<<<<<
07-03 13:31:27.877 16944 16944 E libc    : Access denied finding property "persist.device_config.runtime_native_boot.enable_apex_image"
07-03 13:31:27.878 16944 16944 I AndroidRuntime: Using default boot image
07-03 13:31:27.868 16944 16944 W app_process: type=1400 audit(0.0:3913): avc: denied { read } for name="u:object_r:device_config_runtime_native_boot_prop:s0" dev="tmpfs" ino=167 scontext=u:r:shell:s0 tcontext=u:object_r:device_config_runtime_native_boot_prop:s0 tclass=file permissive=0
07-03 13:31:27.878 16944 16944 E libc    : Access denied finding property "persist.device_config.runtime_native_boot.disable_lock_profiling"
07-03 13:31:27.878 16944 16944 I AndroidRuntime: Leaving lock profiling enabled
07-03 13:31:27.878 16944 16944 W app_process: type=1400 audit(0.0:3914): avc: denied { read } for name="u:object_r:device_config_runtime_native_boot_prop:s0" dev="tmpfs" ino=167 scontext=u:r:shell:s0 tcontext=u:object_r:device_config_runtime_native_boot_prop:s0 tclass=file permissive=0
07-03 13:31:27.879 16944 16944 E libc    : Access denied finding property "persist.device_config.runtime_native_boot.enable_generational_cc"
07-03 13:31:27.959  2034  2869 I ActivityManager: Killing 15168:com.google.android.calendar/u0a116 (adj 995): empty for 2077s
07-03 13:31:28.000  1782  1782 I Zygote  : Process 15168 exited due to signal 9 (Killed)
07-03 13:31:28.021 16944 16944 D ICU     : Time zone APEX file found: /apex/com.android.tzdata/etc/icu/icu_tzdata.dat
07-03 13:31:28.031 16944 16944 W app_process: Unexpected CPU variant for X86 using defaults: x86
07-03 13:31:28.037 16944 16944 I app_process: The ClassLoaderContext is a special shared library.
07-03 13:31:28.038  2034  2064 I libprocessgroup: Successfully killed process cgroup uid 10116 pid 15168 in 78ms
07-03 13:31:28.065 16944 16944 W app_process: JNI RegisterNativeMethods: attempt to register 0 native methods for android.media.AudioAttributes
07-03 13:31:28.073 16944 16944 D AndroidRuntime: Calling main entry com.android.commands.content.Content
07-03 13:31:28.079  2034  2034 V SettingsProvider: Notifying for 0: content://settings/system/accelerometer_rotation
07-03 13:31:28.083  2034  2056 W InputReader: Device has associated, but no associated display id.
07-03 13:31:28.083  2034  2056 I chatty  : uid=1000(system) android.display identical 8 lines
07-03 13:31:28.083  2034  2056 W InputReader: Device has associated, but no associated display id.
07-03 13:31:28.090 16944 16944 D AndroidRuntime: Shutting down VM
07-03 13:31:28.275 16958 16958 D AndroidRuntime: >>>>>> START com.android.internal.os.RuntimeInit uid 2000 <<<<<<
07-03 13:31:28.278 16958 16958 W app_process: type=1400 audit(0.0:3916): avc: denied { read } for name="u:object_r:device_config_runtime_native_boot_prop:s0" dev="tmpfs" ino=167 scontext=u:r:shell:s0 tcontext=u:object_r:device_config_runtime_native_boot_prop:s0 tclass=file permissive=0
07-03 13:31:28.279 16958 16958 E libc    : Access denied finding property "persist.device_config.runtime_native_boot.enable_apex_image"
07-03 13:31:28.279 16958 16958 I AndroidRuntime: Using default boot image
07-03 13:31:28.279 16958 16958 E libc    : Access denied finding property "persist.device_config.runtime_native_boot.disable_lock_profiling"
07-03 13:31:28.279 16958 16958 I AndroidRuntime: Leaving lock profiling enabled
07-03 13:31:28.281 16958 16958 E libc    : Access denied finding property "persist.device_config.runtime_native_boot.enable_generational_cc"
07-03 13:31:28.364 16958 16958 D ICU     : Time zone APEX file found: /apex/com.android.tzdata/etc/icu/icu_tzdata.dat
07-03 13:31:28.371 16958 16958 W app_process: Unexpected CPU variant for X86 using defaults: x86
07-03 13:31:28.374 16958 16958 I app_process: The ClassLoaderContext is a special shared library.
07-03 13:31:28.396 16958 16958 W app_process: JNI RegisterNativeMethods: attempt to register 0 native methods for android.media.AudioAttributes
07-03 13:31:28.402 16958 16958 D AndroidRuntime: Calling main entry com.android.commands.content.Content
07-03 13:31:28.407  2034  2034 V SettingsProvider: Notifying for 0: content://settings/system/user_rotation
07-03 13:31:28.408 16958 16958 D AndroidRuntime: Shutting down VM
07-03 13:31:28.520  1800  2423 E GnssHAL_GnssInterface: gnssSvStatusCb: a: input svInfo.flags is 8
07-03 13:31:28.520  1800  2423 E GnssHAL_GnssInterface: gnssSvStatusCb: b: input svInfo.flags is 8
07-03 13:31:29.522  1800  2423 E GnssHAL_GnssInterface: gnssSvStatusCb: a: input svInfo.flags is 8
07-03 13:31:29.522  1800  2423 E GnssHAL_GnssInterface: gnssSvStatusCb: b: input svInfo.flags is 8
07-03 13:31:29.548 16990 16990 D AndroidRuntime: >>>>>> START com.android.internal.os.RuntimeInit uid 2000 <<<<<<
07-03 13:31:29.551 16990 16990 E libc    : Access denied finding property "persist.device_config.runtime_native_boot.enable_apex_image"
07-03 13:31:29.551 16990 16990 I AndroidRuntime: Using default boot image
07-03 13:31:29.548 16990 16990 W app_process: type=1400 audit(0.0:3919): avc: denied { read } for name="u:object_r:device_config_runtime_native_boot_prop:s0" dev="tmpfs" ino=167 scontext=u:r:shell:s0 tcontext=u:object_r:device_config_runtime_native_boot_prop:s0 tclass=file permissive=0
07-03 13:31:29.551 16990 16990 E libc    : Access denied finding property "persist.device_config.runtime_native_boot.disable_lock_profiling"
07-03 13:31:29.551 16990 16990 I AndroidRuntime: Leaving lock profiling enabled
07-03 13:31:29.551 16990 16990 E libc    : Access denied finding property "persist.device_config.runtime_native_boot.enable_generational_cc"
07-03 13:31:29.548 16990 16990 W app_process: type=1400 audit(0.0:3920): avc: denied { read } for name="u:object_r:device_config_runtime_native_boot_prop:s0" dev="tmpfs" ino=167 scontext=u:r:shell:s0 tcontext=u:object_r:device_config_runtime_native_boot_prop:s0 tclass=file permissive=0
07-03 13:31:29.605 16990 16990 D ICU     : Time zone APEX file found: /apex/com.android.tzdata/etc/icu/icu_tzdata.dat
07-03 13:31:29.609 16990 16990 W app_process: Unexpected CPU variant for X86 using defaults: x86
07-03 13:31:29.612 16990 16990 I app_process: The ClassLoaderContext is a special shared library.
07-03 13:31:29.613 16990 16990 I app_process: The ClassLoaderContext is a special shared library.
07-03 13:31:29.625 16990 16990 W app_process: JNI RegisterNativeMethods: attempt to register 0 native methods for android.media.AudioAttributes
07-03 13:31:29.628 16990 16990 D AndroidRuntime: Calling main entry com.android.commands.uiautomator.Launcher
07-03 13:31:29.637  2034  2034 V SettingsProvider: Notifying for 0: content://settings/secure/accessibility_enabled
07-03 13:31:30.527  1800  2423 E GnssHAL_GnssInterface: gnssSvStatusCb: a: input svInfo.flags is 8
07-03 13:31:30.527  1800  2423 E GnssHAL_GnssInterface: gnssSvStatusCb: b: input svInfo.flags is 8
07-03 13:31:30.669 16990 16990 I AccessibilityNodeInfoDumper: Skipping invisible child: android.view.accessibility.AccessibilityNodeInfo@1efea; boundsInParent: Rect(0, 0 - 1080, 1582); boundsInScreen: Rect(1080, 63 - 1080, 1645); packageName: org.shadowice.flocke.andotp; className: android.widget.ScrollView; text: null; error: null; maxTextLength: -1; contentDescription: null; tooltipText: null; viewIdResName: null; checkable: false; checked: false; focusable: true; focused: false; selected: false; clickable: false; longClickable: false; contextClickable: false; enabled: true; password: false; scrollable: false; importantForAccessibility: true; visible: false; actions: [AccessibilityAction: ACTION_FOCUS - null, AccessibilityAction: ACTION_SELECT - null, AccessibilityAction: ACTION_CLEAR_SELECTION - null, AccessibilityAction: ACTION_ACCESSIBILITY_FOCUS - null, AccessibilityAction: ACTION_SHOW_ON_SCREEN - null]
07-03 13:31:30.670 16990 16990 I AccessibilityNodeInfoDumper: Skipping invisible child: android.view.accessibility.AccessibilityNodeInfo@1c2de; boundsInParent: Rect(0, 0 - 147, 147); boundsInScreen: Rect(42, 1983 - 189, 1794); packageName: org.shadowice.flocke.andotp; className: android.widget.ImageButton; text: null; error: null; maxTextLength: -1; contentDescription: Back; tooltipText: null; viewIdResName: org.shadowice.flocke.andotp:id/mi_button_back; checkable: false; checked: false; focusable: true; focused: false; selected: false; clickable: true; longClickable: true; contextClickable: false; enabled: true; password: false; scrollable: false; importantForAccessibility: true; visible: false; actions: [AccessibilityAction: ACTION_FOCUS - null, AccessibilityAction: ACTION_SELECT - null, AccessibilityAction: ACTION_CLEAR_SELECTION - null, AccessibilityAction: ACTION_CLICK - null, AccessibilityAction: ACTION_LONG_CLICK - null, AccessibilityAction: ACTION_ACCESSIBILITY_FOCUS - null, AccessibilityAction: ACTION_NEXT_AT_MOVEMENT_GRANULARITY - null, AccessibilityAction: ACTION_PREVIOUS_AT_MOVEMENT_GRANULARITY - null, AccessibilityAction: ACTION_SET_SELECTION - null, AccessibilityAction: ACTION_SHOW_ON_SCREEN - null]
07-03 13:31:30.672 16990 16990 W AccessibilityNodeInfoDumper: Fetch time: 5ms
07-03 13:31:30.673  2034  2869 W WindowManager: removeWindowToken: Attempted to remove non-existing token: android.os.Binder@dac7e0e
07-03 13:31:30.675  2034  2034 V SettingsProvider: Notifying for 0: content://settings/secure/accessibility_enabled
07-03 13:31:30.680  2034  2034 V SettingsProvider: Notifying for 0: content://settings/system/accelerometer_rotation
07-03 13:31:30.681  2034  2034 V SettingsProvider: Notifying for 0: content://settings/system/user_rotation
07-03 13:31:30.684 16990 16990 D AndroidRuntime: Shutting down VM
07-03 13:31:30.850 17011 17011 D AndroidRuntime: >>>>>> START com.android.internal.os.RuntimeInit uid 2000 <<<<<<
07-03 13:31:30.851 17011 17011 E libc    : Access denied finding property "persist.device_config.runtime_native_boot.enable_apex_image"
07-03 13:31:30.848 17011 17011 W app_process: type=1400 audit(0.0:3922): avc: denied { read } for name="u:object_r:device_config_runtime_native_boot_prop:s0" dev="tmpfs" ino=167 scontext=u:r:shell:s0 tcontext=u:object_r:device_config_runtime_native_boot_prop:s0 tclass=file permissive=0
