07-03 13:28:45.348 15814 15814 W app_process: type=1400 audit(0.0:3790): avc: denied { read } for name="u:object_r:device_config_runtime_native_boot_prop:s0" dev="tmpfs" ino=167 scontext=u:r:shell:s0 tcontext=u:object_r:device_config_runtime_native_boot_prop:s0 tclass=file permissive=0
07-03 13:28:45.349 15814 15814 E libc    : Access denied finding property "persist.device_config.runtime_native_boot.disable_lock_profiling"
07-03 13:28:45.349 15814 15814 I AndroidRuntime: Leaving lock profiling enabled
07-03 13:28:45.348 15814 15814 W app_process: type=1400 audit(0.0:3791): avc: denied { read } for name="u:object_r:device_config_runtime_native_boot_prop:s0" dev="tmpfs" ino=167 scontext=u:r:shell:s0 tcontext=u:object_r:device_config_runtime_native_boot_prop:s0 tclass=file permissive=0
07-03 13:28:45.349 15814 15814 E libc    : Access denied finding property "persist.device_config.runtime_native_boot.enable_generational_cc"
07-03 13:28:45.384 15814 15814 D ICU     : Time zone APEX file found: /apex/com.android.tzdata/etc/icu/icu_tzdata.dat
07-03 13:28:45.387 15814 15814 W app_process: Unexpected CPU variant for X86 using defaults: x86
07-03 13:28:45.390 15814 15814 I app_process: The ClassLoaderContext is a special shared library.
07-03 13:28:45.390 15814 15814 I app_process: The ClassLoaderContext is a special shared library.
07-03 13:28:45.403 15814 15814 W app_process: JNI RegisterNativeMethods: attempt to register 0 native methods for android.media.AudioAttributes
07-03 13:28:45.405 15814 15814 D AndroidRuntime: Calling main entry com.android.commands.uiautomator.Launcher
07-03 13:28:46.071  1800  2423 E GnssHAL_GnssInterface: gnssSvStatusCb: a: input svInfo.flags is 8
07-03 13:28:46.071  1800  2423 E GnssHAL_GnssInterface: gnssSvStatusCb: b: input svInfo.flags is 8
07-03 13:28:46.432 15814 15814 I AccessibilityNodeInfoDumper: Skipping invisible child: android.view.accessibility.AccessibilityNodeInfo@1ee1a; boundsInParent: Rect(0, 0 - 1080, 1582); boundsInScreen: Rect(1080, 63 - 1080, 1645); packageName: org.shadowice.flocke.andotp; className: android.widget.ScrollView; text: null; error: null; maxTextLength: -1; contentDescription: null; tooltipText: null; viewIdResName: null; checkable: false; checked: false; focusable: true; focused: false; selected: false; clickable: false; longClickable: false; contextClickable: false; enabled: true; password: false; scrollable: false; importantForAccessibility: true; visible: false; actions: [AccessibilityAction: ACTION_FOCUS - null, AccessibilityAction: ACTION_SELECT - null, AccessibilityAction: ACTION_CLEAR_SELECTION - null, AccessibilityAction: ACTION_ACCESSIBILITY_FOCUS - null, AccessibilityAction: ACTION_SHOW_ON_SCREEN - null]
07-03 13:28:46.433 15814 15814 I AccessibilityNodeInfoDumper: Skipping invisible child: android.view.accessibility.AccessibilityNodeInfo@1c10e; boundsInParent: Rect(0, 0 - 147, 147); boundsInScreen: Rect(42, 1983 - 189, 1794); packageName: org.shadowice.flocke.andotp; className: android.widget.ImageButton; text: null; error: null; maxTextLength: -1; contentDescription: Back; tooltipText: null; viewIdResName: org.shadowice.flocke.andotp:id/mi_button_back; checkable: false; checked: false; focusable: true; focused: false; selected: false; clickable: true; longClickable: true; contextClickable: false; enabled: true; password: false; scrollable: false; importantForAccessibility: true; visible: false; actions: [AccessibilityAction: ACTION_FOCUS - null, AccessibilityAction: ACTION_SELECT - null, AccessibilityAction: ACTION_CLEAR_SELECTION - null, AccessibilityAction: ACTION_CLICK - null, AccessibilityAction: ACTION_LONG_CLICK - null, AccessibilityAction: ACTION_ACCESSIBILITY_FOCUS - null, AccessibilityAction: ACTION_NEXT_AT_MOVEMENT_GRANULARITY - null, AccessibilityAction: ACTION_PREVIOUS_AT_MOVEMENT_GRANULARITY - null, AccessibilityAction: ACTION_SET_SELECTION - null, AccessibilityAction: ACTION_SHOW_ON_SCREEN - null]
07-03 13:28:46.433 15814 15814 W AccessibilityNodeInfoDumper: Fetch time: 3ms
07-03 13:28:45.414  2034  2034 V SettingsProvider: Notifying for 0: content://settings/secure/accessibility_enabled
07-03 13:28:46.434  2034  3848 W WindowManager: removeWindowToken: Attempted to remove non-existing token: android.os.Binder@2975dbd
07-03 13:28:46.437  2034  2034 V SettingsProvider: Notifying for 0: content://settings/secure/accessibility_enabled
07-03 13:28:46.445 15814 15814 D AndroidRuntime: Shutting down VM
07-03 13:28:46.658 15837 15837 D AndroidRuntime: >>>>>> START com.android.internal.os.RuntimeInit uid 2000 <<<<<<
07-03 13:28:46.658 15837 15837 W app_process: type=1400 audit(0.0:3792): avc: denied { read } for name="u:object_r:device_config_runtime_native_boot_prop:s0" dev="tmpfs" ino=167 scontext=u:r:shell:s0 tcontext=u:object_r:device_config_runtime_native_boot_prop:s0 tclass=file permissive=0
07-03 13:28:46.661 15837 15837 E libc    : Access denied finding property "persist.device_config.runtime_native_boot.enable_apex_image"
07-03 13:28:46.661 15837 15837 I AndroidRuntime: Using default boot image
07-03 13:28:46.661 15837 15837 E libc    : Access denied finding property "persist.device_config.runtime_native_boot.disable_lock_profiling"
07-03 13:28:46.661 15837 15837 I AndroidRuntime: Leaving lock profiling enabled
07-03 13:28:46.661 15837 15837 E libc    : Access denied finding property "persist.device_config.runtime_native_boot.enable_generational_cc"
07-03 13:28:46.658 15837 15837 W app_process: type=1400 audit(0.0:3794): avc: denied { read } for name="u:object_r:device_config_runtime_native_boot_prop:s0" dev="tmpfs" ino=167 scontext=u:r:shell:s0 tcontext=u:object_r:device_config_runtime_native_boot_prop:s0 tclass=file permissive=0
07-03 13:28:46.696 15837 15837 D ICU     : Time zone APEX file found: /apex/com.android.tzdata/etc/icu/icu_tzdata.dat
07-03 13:28:46.698 15837 15837 W app_process: Unexpected CPU variant for X86 using defaults: x86
07-03 13:28:46.701 15837 15837 I app_process: The ClassLoaderContext is a special shared library.
07-03 13:28:46.702 15837 15837 I app_process: The ClassLoaderContext is a special shared library.
07-03 13:28:46.713 15837 15837 W app_process: JNI RegisterNativeMethods: attempt to register 0 native methods for android.media.AudioAttributes
07-03 13:28:46.715 15837 15837 D AndroidRuntime: Calling main entry com.android.commands.uiautomator.Launcher
07-03 13:28:47.075  1800  2423 E GnssHAL_GnssInterface: gnssSvStatusCb: a: input svInfo.flags is 8
07-03 13:28:47.075  1800  2423 E GnssHAL_GnssInterface: gnssSvStatusCb: b: input svInfo.flags is 8
07-03 13:28:47.750 15837 15837 I AccessibilityNodeInfoDumper: Skipping invisible child: android.view.accessibility.AccessibilityNodeInfo@1ee25; boundsInParent: Rect(0, 0 - 1080, 1582); boundsInScreen: Rect(1080, 63 - 1080, 1645); packageName: org.shadowice.flocke.andotp; className: android.widget.ScrollView; text: null; error: null; maxTextLength: -1; contentDescription: null; tooltipText: null; viewIdResName: null; checkable: false; checked: false; focusable: true; focused: false; selected: false; clickable: false; longClickable: false; contextClickable: false; enabled: true; password: false; scrollable: false; importantForAccessibility: true; visible: false; actions: [AccessibilityAction: ACTION_FOCUS - null, AccessibilityAction: ACTION_SELECT - null, AccessibilityAction: ACTION_CLEAR_SELECTION - null, AccessibilityAction: ACTION_ACCESSIBILITY_FOCUS - null, AccessibilityAction: ACTION_SHOW_ON_SCREEN - null]
07-03 13:28:47.750 15837 15837 I AccessibilityNodeInfoDumper: Skipping invisible child: android.view.accessibility.AccessibilityNodeInfo@1c119; boundsInParent: Rect(0, 0 - 147, 147); boundsInScreen: Rect(42, 1983 - 189, 1794); packageName: org.shadowice.flocke.andotp; className: android.widget.ImageButton; text: null; error: null; maxTextLength: -1; contentDescription: Back; tooltipText: null; viewIdResName: org.shadowice.flocke.andotp:id/mi_button_back; checkable: false; checked: false; focusable: true; focused: false; selected: false; clickable: true; longClickable: true; contextClickable: false; enabled: true; password: false; scrollable: false; importantForAccessibility: true; visible: false; actions: [AccessibilityAction: ACTION_FOCUS - null, AccessibilityAction: ACTION_SELECT - null, AccessibilityAction: ACTION_CLEAR_SELECTION - null, AccessibilityAction: ACTION_CLICK - null, AccessibilityAction: ACTION_LONG_CLICK - null, AccessibilityAction: ACTION_ACCESSIBILITY_FOCUS - null, AccessibilityAction: ACTION_NEXT_AT_MOVEMENT_GRANULARITY - null, AccessibilityAction: ACTION_PREVIOUS_AT_MOVEMENT_GRANULARITY - null, AccessibilityAction: ACTION_SET_SELECTION - null, AccessibilityAction: ACTION_SHOW_ON_SCREEN - null]
07-03 13:28:47.752 15837 15837 W AccessibilityNodeInfoDumper: Fetch time: 5ms
07-03 13:28:46.723  2034  2034 V SettingsProvider: Notifying for 0: content://settings/secure/accessibility_enabled
07-03 13:28:47.753  2034  2258 W WindowManager: removeWindowToken: Attempted to remove non-existing token: android.os.Binder@da0845f
07-03 13:28:47.754  2034  2034 V SettingsProvider: Notifying for 0: content://settings/secure/accessibility_enabled
07-03 13:28:47.764 15837 15837 D AndroidRuntime: Shutting down VM
07-03 13:28:47.979 15859 15859 D AndroidRuntime: >>>>>> START com.android.internal.os.RuntimeInit uid 2000 <<<<<<
07-03 13:28:47.978 15859 15859 W app_process: type=1400 audit(0.0:3795): avc: denied { read } for name="u:object_r:device_config_runtime_native_boot_prop:s0" dev="tmpfs" ino=167 scontext=u:r:shell:s0 tcontext=u:object_r:device_config_runtime_native_boot_prop:s0 tclass=file permissive=0
07-03 13:28:47.982 15859 15859 E libc    : Access denied finding property "persist.device_config.runtime_native_boot.enable_apex_image"
07-03 13:28:47.982 15859 15859 I AndroidRuntime: Using default boot image
07-03 13:28:47.982 15859 15859 E libc    : Access denied finding property "persist.device_config.runtime_native_boot.disable_lock_profiling"
07-03 13:28:47.982 15859 15859 I AndroidRuntime: Leaving lock profiling enabled
07-03 13:28:47.978 15859 15859 W app_process: type=1400 audit(0.0:3797): avc: denied { read } for name="u:object_r:device_config_runtime_native_boot_prop:s0" dev="tmpfs" ino=167 scontext=u:r:shell:s0 tcontext=u:object_r:device_config_runtime_native_boot_prop:s0 tclass=file permissive=0
07-03 13:28:47.983 15859 15859 E libc    : Access denied finding property "persist.device_config.runtime_native_boot.enable_generational_cc"
07-03 13:28:48.018 15859 15859 D ICU     : Time zone APEX file found: /apex/com.android.tzdata/etc/icu/icu_tzdata.dat
07-03 13:28:48.021 15859 15859 W app_process: Unexpected CPU variant for X86 using defaults: x86
07-03 13:28:48.023 15859 15859 I app_process: The ClassLoaderContext is a special shared library.
07-03 13:28:48.024 15859 15859 I app_process: The ClassLoaderContext is a special shared library.
07-03 13:28:48.035 15859 15859 W app_process: JNI RegisterNativeMethods: attempt to register 0 native methods for android.media.AudioAttributes
07-03 13:28:48.037 15859 15859 D AndroidRuntime: Calling main entry com.android.commands.uiautomator.Launcher
07-03 13:28:48.077  1800  2423 E GnssHAL_GnssInterface: gnssSvStatusCb: a: input svInfo.flags is 8
07-03 13:28:48.077  1800  2423 E GnssHAL_GnssInterface: gnssSvStatusCb: b: input svInfo.flags is 8
07-03 13:28:49.062 15859 15859 I AccessibilityNodeInfoDumper: Skipping invisible child: android.view.accessibility.AccessibilityNodeInfo@1ee35; boundsInParent: Rect(0, 0 - 1080, 1582); boundsInScreen: Rect(1080, 63 - 1080, 1645); packageName: org.shadowice.flocke.andotp; className: android.widget.ScrollView; text: null; error: null; maxTextLength: -1; contentDescription: null; tooltipText: null; viewIdResName: null; checkable: false; checked: false; focusable: true; focused: false; selected: false; clickable: false; longClickable: false; contextClickable: false; enabled: true; password: false; scrollable: false; importantForAccessibility: true; visible: false; actions: [AccessibilityAction: ACTION_FOCUS - null, AccessibilityAction: ACTION_SELECT - null, AccessibilityAction: ACTION_CLEAR_SELECTION - null, AccessibilityAction: ACTION_ACCESSIBILITY_FOCUS - null, AccessibilityAction: ACTION_SHOW_ON_SCREEN - null]
07-03 13:28:49.062 15859 15859 I AccessibilityNodeInfoDumper: Skipping invisible child: android.view.accessibility.AccessibilityNodeInfo@1c129; boundsInParent: Rect(0, 0 - 147, 147); boundsInScreen: Rect(42, 1983 - 189, 1794); packageName: org.shadowice.flocke.andotp; className: android.widget.ImageButton; text: null; error: null; maxTextLength: -1; contentDescription: Back; tooltipText: null; viewIdResName: org.shadowice.flocke.andotp:id/mi_button_back; checkable: false; checked: false; focusable: true; focused: false; selected: false; clickable: true; longClickable: true; contextClickable: false; enabled: true; password: false; scrollable: false; importantForAccessibility: true; visible: false; actions: [AccessibilityAction: ACTION_FOCUS - null, AccessibilityAction: ACTION_SELECT - null, AccessibilityAction: ACTION_CLEAR_SELECTION - null, AccessibilityAction: ACTION_CLICK - null, AccessibilityAction: ACTION_LONG_CLICK - null, AccessibilityAction: ACTION_ACCESSIBILITY_FOCUS - null, AccessibilityAction: ACTION_NEXT_AT_MOVEMENT_GRANULARITY - null, AccessibilityAction: ACTION_PREVIOUS_AT_MOVEMENT_GRANULARITY - null, AccessibilityAction: ACTION_SET_SELECTION - null, AccessibilityAction: ACTION_SHOW_ON_SCREEN - null]
07-03 13:28:49.063 15859 15859 W AccessibilityNodeInfoDumper: Fetch time: 3ms
07-03 13:28:48.046  2034  2034 V SettingsProvider: Notifying for 0: content://settings/secure/accessibility_enabled
07-03 13:28:49.064  2034  3303 W WindowManager: removeWindowToken: Attempted to remove non-existing token: android.os.Binder@ee025f1
07-03 13:28:49.065  2034  2034 V SettingsProvider: Notifying for 0: content://settings/secure/accessibility_enabled
07-03 13:28:49.072 15859 15859 D AndroidRuntime: Shutting down VM
07-03 13:28:49.076  1800  2423 E GnssHAL_GnssInterface: gnssSvStatusCb: a: input svInfo.flags is 8
07-03 13:28:49.076  1800  2423 E GnssHAL_GnssInterface: gnssSvStatusCb: b: input svInfo.flags is 8
07-03 13:28:49.333 15881 15881 D AndroidRuntime: >>>>>> START com.android.internal.os.RuntimeInit uid 2000 <<<<<<
07-03 13:28:49.328 15881 15881 W app_process: type=1400 audit(0.0:3798): avc: denied { read } for name="u:object_r:device_config_runtime_native_boot_prop:s0" dev="tmpfs" ino=167 scontext=u:r:shell:s0 tcontext=u:object_r:device_config_runtime_native_boot_prop:s0 tclass=file permissive=0
07-03 13:28:49.334 15881 15881 E libc    : Access denied finding property "persist.device_config.runtime_native_boot.enable_apex_image"
07-03 13:28:49.334 15881 15881 I AndroidRuntime: Using default boot image
07-03 13:28:49.335 15881 15881 E libc    : Access denied finding property "persist.device_config.runtime_native_boot.disable_lock_profiling"
07-03 13:28:49.335 15881 15881 I AndroidRuntime: Leaving lock profiling enabled
07-03 13:28:49.328 15881 15881 W app_process: type=1400 audit(0.0:3800): avc: denied { read } for name="u:object_r:device_config_runtime_native_boot_prop:s0" dev="tmpfs" ino=167 scontext=u:r:shell:s0 tcontext=u:object_r:device_config_runtime_native_boot_prop:s0 tclass=file permissive=0
07-03 13:28:49.335 15881 15881 E libc    : Access denied finding property "persist.device_config.runtime_native_boot.enable_generational_cc"
07-03 13:28:49.373 15881 15881 D ICU     : Time zone APEX file found: /apex/com.android.tzdata/etc/icu/icu_tzdata.dat
07-03 13:28:49.376 15881 15881 W app_process: Unexpected CPU variant for X86 using defaults: x86
07-03 13:28:49.380 15881 15881 I app_process: The ClassLoaderContext is a special shared library.
07-03 13:28:49.391 15881 15881 W app_process: JNI RegisterNativeMethods: attempt to register 0 native methods for android.media.AudioAttributes
07-03 13:28:49.393 15881 15881 D AndroidRuntime: Calling main entry com.android.commands.monkey.Monkey
07-03 13:28:49.394 15881 15881 W Monkey  : args: [-p, org.shadowice.flocke.andotp, -c, android.intent.category.LAUNCHER, 1]
07-03 13:28:49.394 15881 15881 W Monkey  :  arg: "-p"
07-03 13:28:49.395 15881 15881 W Monkey  :  arg: "org.shadowice.flocke.andotp"
07-03 13:28:49.395 15881 15881 W Monkey  :  arg: "-c"
07-03 13:28:49.395 15881 15881 W Monkey  :  arg: "android.intent.category.LAUNCHER"
07-03 13:28:49.395 15881 15881 W Monkey  :  arg: "1"
07-03 13:28:49.395 15881 15881 W Monkey  : data="org.shadowice.flocke.andotp"
07-03 13:28:49.396 15881 15881 W Monkey  : data="android.intent.category.LAUNCHER"
07-03 13:28:49.407  2034  2062 W BroadcastQueue: Skipping deliver [background] BroadcastRecord{91ca229 u-1 android.net.conn.CONNECTIVITY_CHANGE} to ReceiverList{f4fb9ae 15881 (unknown name)/2000/u-1 remote:524eaf3}: process gone or crashing
07-03 13:28:49.416  2034  3848 I ActivityTaskManager: START u0 {act=android.intent.action.MAIN cat=[android.intent.category.LAUNCHER] flg=0x10200000 cmp=org.shadowice.flocke.andotp/.Activities.MainActivity} from uid 2000
07-03 13:28:49.417  2034  3848 W Binder  : Outgoing transactions from this process must be FLAG_ONEWAY
07-03 13:28:49.417  2034  3848 W Binder  : java.lang.Throwable
07-03 13:28:49.417  2034  3848 W Binder  : 	at android.os.BinderProxy.transact(BinderProxy.java:480)
07-03 13:28:49.417  2034  3848 W Binder  : 	at android.app.IActivityController$Stub$Proxy.activityStarting(IActivityController.java:273)
07-03 13:28:49.417  2034  3848 W Binder  : 	at com.android.server.wm.ActivityStarter.startActivity(ActivityStarter.java:794)
07-03 13:28:49.417  2034  3848 W Binder  : 	at com.android.server.wm.ActivityStarter.startActivity(ActivityStarter.java:583)
07-03 13:28:49.417  2034  3848 W Binder  : 	at com.android.server.wm.ActivityStarter.startActivityMayWait(ActivityStarter.java:1288)
07-03 13:28:49.417  2034  3848 W Binder  : 	at com.android.server.wm.ActivityStarter.execute(ActivityStarter.java:514)
07-03 13:28:49.417  2034  3848 W Binder  : 	at com.android.server.wm.ActivityTaskManagerService.startActivityAsUser(ActivityTaskManagerService.java:1058)
07-03 13:28:49.417  2034  3848 W Binder  : 	at com.android.server.wm.ActivityTaskManagerService.startActivityAsUser(ActivityTaskManagerService.java:1032)
07-03 13:28:49.417  2034  3848 W Binder  : 	at com.android.server.am.ActivityManagerService.startActivityAsUser(ActivityManagerService.java:3504)
07-03 13:28:49.417  2034  3848 W Binder  : 	at android.app.IActivityManager$Stub.onTransact(IActivityManager.java:3537)
07-03 13:28:49.417  2034  3848 W Binder  : 	at com.android.server.am.ActivityManagerService.onTransact(ActivityManagerService.java:2741)
07-03 13:28:49.417  2034  3848 W Binder  : 	at android.os.Binder.execTransactInternal(Binder.java:1021)
07-03 13:28:49.417  2034  3848 W Binder  : 	at android.os.Binder.execTransact(Binder.java:994)
07-03 13:28:49.420 15881 15881 I Monkey  : Events injected: 1
07-03 13:28:49.422  2034  2034 V SettingsProvider: Notifying for 0: content://settings/system/accelerometer_rotation
07-03 13:28:49.425 15881 15881 I Monkey  : ## Network stats: elapsed time=7ms (0ms mobile, 0ms wifi, 7ms not connected)
07-03 13:28:49.425  2034  2056 W InputReader: Device has associated, but no associated display id.
07-03 13:28:49.426  2034  2056 I chatty  : uid=1000(system) android.display identical 7 lines
07-03 13:28:49.426  2034  2056 W InputReader: Device has associated, but no associated display id.
07-03 13:28:49.426 15881 15881 I app_process: System.exit called, status: 0
07-03 13:28:49.426 15881 15881 I AndroidRuntime: VM exiting with result code 0.
07-03 13:28:49.426  2034  2056 W InputReader: Device has associated, but no associated display id.
07-03 13:28:49.997  9370 11116 I XmpUtil : XMP parse: only JPEG file is supported
07-03 13:28:50.071  9370  9382 W oid.apps.photo: Reducing the number of considered missed Gc histogram windows from 252 to 100
07-03 13:28:50.078  1800  2423 E GnssHAL_GnssInterface: gnssSvStatusCb: a: input svInfo.flags is 8
07-03 13:28:50.078  1800  2423 E GnssHAL_GnssInterface: gnssSvStatusCb: b: input svInfo.flags is 8
07-03 13:28:51.081  1800  2423 E GnssHAL_GnssInterface: gnssSvStatusCb: a: input svInfo.flags is 8
07-03 13:28:51.081  1800  2423 E GnssHAL_GnssInterface: gnssSvStatusCb: b: input svInfo.flags is 8
07-03 13:28:51.653  8864 15159 W GmsLocationProvider: Error removing location updates: 16
07-03 13:28:52.082  1800  2423 E GnssHAL_GnssInterface: gnssSvStatusCb: a: input svInfo.flags is 8
07-03 13:28:52.083  1800  2423 E GnssHAL_GnssInterface: gnssSvStatusCb: b: input svInfo.flags is 8
07-03 13:28:53.087  1800  2423 E GnssHAL_GnssInterface: gnssSvStatusCb: a: input svInfo.flags is 8
07-03 13:28:53.087  1800  2423 E GnssHAL_GnssInterface: gnssSvStatusCb: b: input svInfo.flags is 8
07-03 13:28:54.091  1800  2423 E GnssHAL_GnssInterface: gnssSvStatusCb: a: input svInfo.flags is 8
07-03 13:28:54.091  1800  2423 E GnssHAL_GnssInterface: gnssSvStatusCb: b: input svInfo.flags is 8
07-03 13:28:55.067  7776  7776 D BoundBrokerSvc: onUnbind: Intent { act=com.google.android.gms.scheduler.ACTION_PROXY_SCHEDULE dat=chimera-action:com.google.android.gms.scheduler.ACTION_PROXY_SCHEDULE cmp=com.google.android.gms/.chimera.PersistentApiService }
07-03 13:28:55.093  1800  2423 E GnssHAL_GnssInterface: gnssSvStatusCb: a: input svInfo.flags is 8
07-03 13:28:55.093  1800  2423 E GnssHAL_GnssInterface: gnssSvStatusCb: b: input svInfo.flags is 8
07-03 13:28:56.097  1800  2423 E GnssHAL_GnssInterface: gnssSvStatusCb: a: input svInfo.flags is 8
07-03 13:28:56.097  1800  2423 E GnssHAL_GnssInterface: gnssSvStatusCb: b: input svInfo.flags is 8
07-03 13:28:57.101  1800  2423 E GnssHAL_GnssInterface: gnssSvStatusCb: a: input svInfo.flags is 8
07-03 13:28:57.101  1800  2423 E GnssHAL_GnssInterface: gnssSvStatusCb: b: input svInfo.flags is 8
07-03 13:28:58.101  1800  2423 E GnssHAL_GnssInterface: gnssSvStatusCb: a: input svInfo.flags is 8
07-03 13:28:58.101  1800  2423 E GnssHAL_GnssInterface: gnssSvStatusCb: b: input svInfo.flags is 8
07-03 13:28:59.106  1800  2423 E GnssHAL_GnssInterface: gnssSvStatusCb: a: input svInfo.flags is 8
07-03 13:28:59.106  1800  2423 E GnssHAL_GnssInterface: gnssSvStatusCb: b: input svInfo.flags is 8
07-03 13:29:00.109  1800  2423 E GnssHAL_GnssInterface: gnssSvStatusCb: a: input svInfo.flags is 8
07-03 13:29:00.109  1800  2423 E GnssHAL_GnssInterface: gnssSvStatusCb: b: input svInfo.flags is 8
07-03 13:29:01.110  1800  2423 E GnssHAL_GnssInterface: gnssSvStatusCb: a: input svInfo.flags is 8
07-03 13:29:01.110  1800  2423 E GnssHAL_GnssInterface: gnssSvStatusCb: b: input svInfo.flags is 8
07-03 13:29:01.131  2034  2061 E memtrack: Couldn't load memtrack module
07-03 13:29:01.131  2034  2061 W android.os.Debug: failed to get memory consumption info: -1
07-03 13:29:01.136  2034  2061 E memtrack: Couldn't load memtrack module
07-03 13:29:01.136  2034  2061 W android.os.Debug: failed to get memory consumption info: -1
07-03 13:29:01.691  7776  7776 D BoundBrokerSvc: onUnbind: Intent { act=com.google.android.contextmanager.service.ContextManagerService.START pkg=com.google.android.gms }
07-03 13:29:02.114  1800  2423 E GnssHAL_GnssInterface: gnssSvStatusCb: a: input svInfo.flags is 8
07-03 13:29:02.114  1800  2423 E GnssHAL_GnssInterface: gnssSvStatusCb: b: input svInfo.flags is 8
07-03 13:29:03.117  1800  2423 E GnssHAL_GnssInterface: gnssSvStatusCb: a: input svInfo.flags is 8
07-03 13:29:03.118  1800  2423 E GnssHAL_GnssInterface: gnssSvStatusCb: b: input svInfo.flags is 8
07-03 13:29:04.122  1800  2423 E GnssHAL_GnssInterface: gnssSvStatusCb: a: input svInfo.flags is 8
07-03 13:29:04.122  1800  2423 E GnssHAL_GnssInterface: gnssSvStatusCb: b: input svInfo.flags is 8
07-03 13:29:04.618 15903 15903 W app_process: type=1400 audit(0.0:3801): avc: denied { read } for name="u:object_r:device_config_runtime_native_boot_prop:s0" dev="tmpfs" ino=167 scontext=u:r:shell:s0 tcontext=u:object_r:device_config_runtime_native_boot_prop:s0 tclass=file permissive=0
07-03 13:29:04.622 15903 15903 D AndroidRuntime: >>>>>> START com.android.internal.os.RuntimeInit uid 2000 <<<<<<
07-03 13:29:04.624 15903 15903 E libc    : Access denied finding property "persist.device_config.runtime_native_boot.enable_apex_image"
07-03 13:29:04.624 15903 15903 I AndroidRuntime: Using default boot image
07-03 13:29:04.624 15903 15903 E libc    : Access denied finding property "persist.device_config.runtime_native_boot.disable_lock_profiling"
07-03 13:29:04.624 15903 15903 I AndroidRuntime: Leaving lock profiling enabled
07-03 13:29:04.624 15903 15903 E libc    : Access denied finding property "persist.device_config.runtime_native_boot.enable_generational_cc"
07-03 13:29:04.692 15903 15903 D ICU     : Time zone APEX file found: /apex/com.android.tzdata/etc/icu/icu_tzdata.dat
07-03 13:29:04.695 15903 15903 W app_process: Unexpected CPU variant for X86 using defaults: x86
07-03 13:29:04.698 15903 15903 I app_process: The ClassLoaderContext is a special shared library.
07-03 13:29:04.698 15903 15903 I app_process: The ClassLoaderContext is a special shared library.
07-03 13:29:04.711 15903 15903 W app_process: JNI RegisterNativeMethods: attempt to register 0 native methods for android.media.AudioAttributes
07-03 13:29:04.713 15903 15903 D AndroidRuntime: Calling main entry com.android.commands.uiautomator.Launcher
07-03 13:29:04.721  2034  2034 V SettingsProvider: Notifying for 0: content://settings/secure/accessibility_enabled
07-03 13:29:05.060  2661  3703 E ActivityThread: Failed to find provider info for com.google.android.apps.wellbeing.api
07-03 13:29:05.123  1800  2423 E GnssHAL_GnssInterface: gnssSvStatusCb: a: input svInfo.flags is 8
07-03 13:29:05.123  1800  2423 E GnssHAL_GnssInterface: gnssSvStatusCb: b: input svInfo.flags is 8
07-03 13:29:05.755 15903 15903 I AccessibilityNodeInfoDumper: Skipping invisible child: android.view.accessibility.AccessibilityNodeInfo@1ee46; boundsInParent: Rect(0, 0 - 1080, 1582); boundsInScreen: Rect(1080, 63 - 1080, 1645); packageName: org.shadowice.flocke.andotp; className: android.widget.ScrollView; text: null; error: null; maxTextLength: -1; contentDescription: null; tooltipText: null; viewIdResName: null; checkable: false; checked: false; focusable: true; focused: false; selected: false; clickable: false; longClickable: false; contextClickable: false; enabled: true; password: false; scrollable: false; importantForAccessibility: true; visible: false; actions: [AccessibilityAction: ACTION_FOCUS - null, AccessibilityAction: ACTION_SELECT - null, AccessibilityAction: ACTION_CLEAR_SELECTION - null, AccessibilityAction: ACTION_ACCESSIBILITY_FOCUS - null, AccessibilityAction: ACTION_SHOW_ON_SCREEN - null]
07-03 13:29:05.755 15903 15903 I AccessibilityNodeInfoDumper: Skipping invisible child: android.view.accessibility.AccessibilityNodeInfo@1c13a; boundsInParent: Rect(0, 0 - 147, 147); boundsInScreen: Rect(42, 1983 - 189, 1794); packageName: org.shadowice.flocke.andotp; className: android.widget.ImageButton; text: null; error: null; maxTextLength: -1; contentDescription: Back; tooltipText: null; viewIdResName: org.shadowice.flocke.andotp:id/mi_button_back; checkable: false; checked: false; focusable: true; focused: false; selected: false; clickable: true; longClickable: true; contextClickable: false; enabled: true; password: false; scrollable: false; importantForAccessibility: true; visible: false; actions: [AccessibilityAction: ACTION_FOCUS - null, AccessibilityAction: ACTION_SELECT - null, AccessibilityAction: ACTION_CLEAR_SELECTION - null, AccessibilityAction: ACTION_CLICK - null, AccessibilityAction: ACTION_LONG_CLICK - null, AccessibilityAction: ACTION_ACCESSIBILITY_FOCUS - null, AccessibilityAction: ACTION_NEXT_AT_MOVEMENT_GRANULARITY - null, AccessibilityAction: ACTION_PREVIOUS_AT_MOVEMENT_GRANULARITY - null, AccessibilityAction: ACTION_SET_SELECTION - null, AccessibilityAction: ACTION_SHOW_ON_SCREEN - null]
07-03 13:29:05.756 15903 15903 W AccessibilityNodeInfoDumper: Fetch time: 3ms
07-03 13:29:05.758  2034  2258 W WindowManager: removeWindowToken: Attempted to remove non-existing token: android.os.Binder@991261a
07-03 13:29:05.760  2034  2034 V SettingsProvider: Notifying for 0: content://settings/secure/accessibility_enabled
07-03 13:29:05.766 15903 15903 D AndroidRuntime: Shutting down VM
07-03 13:29:05.907 15920 15920 D AndroidRuntime: >>>>>> START com.android.internal.os.RuntimeInit uid 2000 <<<<<<
07-03 13:29:05.908 15920 15920 W app_process: type=1400 audit(0.0:3804): avc: denied { read } for name="u:object_r:device_config_runtime_native_boot_prop:s0" dev="tmpfs" ino=167 scontext=u:r:shell:s0 tcontext=u:object_r:device_config_runtime_native_boot_prop:s0 tclass=file permissive=0
07-03 13:29:05.909 15920 15920 E libc    : Access denied finding property "persist.device_config.runtime_native_boot.enable_apex_image"
07-03 13:29:05.908 15920 15920 W app_process: type=1400 audit(0.0:3805): avc: denied { read } for name="u:object_r:device_config_runtime_native_boot_prop:s0" dev="tmpfs" ino=167 scontext=u:r:shell:s0 tcontext=u:object_r:device_config_runtime_native_boot_prop:s0 tclass=file permissive=0
07-03 13:29:05.909 15920 15920 I AndroidRuntime: Using default boot image
07-03 13:29:05.910 15920 15920 E libc    : Access denied finding property "persist.device_config.runtime_native_boot.disable_lock_profiling"
07-03 13:29:05.910 15920 15920 I AndroidRuntime: Leaving lock profiling enabled
07-03 13:29:05.910 15920 15920 E libc    : Access denied finding property "persist.device_config.runtime_native_boot.enable_generational_cc"
07-03 13:29:05.947 15920 15920 D ICU     : Time zone APEX file found: /apex/com.android.tzdata/etc/icu/icu_tzdata.dat
07-03 13:29:05.950 15920 15920 W app_process: Unexpected CPU variant for X86 using defaults: x86
07-03 13:29:05.952 15920 15920 I app_process: The ClassLoaderContext is a special shared library.
07-03 13:29:05.966 15920 15920 W app_process: JNI RegisterNativeMethods: attempt to register 0 native methods for android.media.AudioAttributes
07-03 13:29:05.969 15920 15920 D AndroidRuntime: Calling main entry com.android.commands.input.Input
07-03 13:29:05.977 15920 15920 D AndroidRuntime: Shutting down VM
07-03 13:29:05.995  1789  3563 W audio_hw_generic: Not supplying enough data to HAL, expected position 9365126 , only wrote 9365048
07-03 13:29:06.059  1789  3563 W audio_hw_generic: Not supplying enough data to HAL, expected position 9367883 , only wrote 9367692
07-03 13:29:06.107  1816  1983 D AudioFlinger: mixer(0xf4a9f5c0) throttle end: throttle time(10)
07-03 13:29:06.127  1800  2423 E GnssHAL_GnssInterface: gnssSvStatusCb: a: input svInfo.flags is 8
07-03 13:29:06.127  1800  2423 E GnssHAL_GnssInterface: gnssSvStatusCb: b: input svInfo.flags is 8
07-03 13:29:07.128  1800  2423 E GnssHAL_GnssInterface: gnssSvStatusCb: a: input svInfo.flags is 8
07-03 13:29:07.128  1800  2423 E GnssHAL_GnssInterface: gnssSvStatusCb: b: input svInfo.flags is 8
07-03 13:29:08.027  7776  7776 W SystemServiceRegistry: No service published for: persistent_data_block
07-03 13:29:08.034  8508  8508 D BoundBrokerSvc: onBind: Intent { act=com.google.android.gms.checkin.START pkg=com.google.android.gms }
07-03 13:29:08.035  8508  8508 D BoundBrokerSvc: Loading bound service for intent: Intent { act=com.google.android.gms.checkin.START pkg=com.google.android.gms }
07-03 13:29:08.054  8641  8641 I SetupWizard: [DeferredSetupNotificationSchedulerService] Deferred notification scheduled at Sat Jul 02 00:51:46 EDT 2022
07-03 13:29:08.129  1800  2423 E GnssHAL_GnssInterface: gnssSvStatusCb: a: input svInfo.flags is 8
07-03 13:29:08.130  1800  2423 E GnssHAL_GnssInterface: gnssSvStatusCb: b: input svInfo.flags is 8
07-03 13:29:09.131  1800  2423 E GnssHAL_GnssInterface: gnssSvStatusCb: a: input svInfo.flags is 8
07-03 13:29:09.131  1800  2423 E GnssHAL_GnssInterface: gnssSvStatusCb: b: input svInfo.flags is 8
07-03 13:29:09.164  1789  1789 W audio_hw_generic: Not supplying enough data to HAL, expected position 9639725 , only wrote 9504519
07-03 13:29:09.970 15953 15953 D AndroidRuntime: >>>>>> START com.android.internal.os.RuntimeInit uid 2000 <<<<<<
07-03 13:29:09.968 15953 15953 W app_process: type=1400 audit(0.0:3807): avc: denied { read } for name="u:object_r:device_config_runtime_native_boot_prop:s0" dev="tmpfs" ino=167 scontext=u:r:shell:s0 tcontext=u:object_r:device_config_runtime_native_boot_prop:s0 tclass=file permissive=0
07-03 13:29:09.972 15953 15953 E libc    : Access denied finding property "persist.device_config.runtime_native_boot.enable_apex_image"
07-03 13:29:09.972 15953 15953 I AndroidRuntime: Using default boot image
07-03 13:29:09.972 15953 15953 E libc    : Access denied finding property "persist.device_config.runtime_native_boot.disable_lock_profiling"
07-03 13:29:09.972 15953 15953 I AndroidRuntime: Leaving lock profiling enabled
07-03 13:29:09.972 15953 15953 E libc    : Access denied finding property "persist.device_config.runtime_native_boot.enable_generational_cc"
07-03 13:29:09.968 15953 15953 W app_process: type=1400 audit(0.0:3808): avc: denied { read } for name="u:object_r:device_config_runtime_native_boot_prop:s0" dev="tmpfs" ino=167 scontext=u:r:shell:s0 tcontext=u:object_r:device_config_runtime_native_boot_prop:s0 tclass=file permissive=0
07-03 13:29:10.009  8508 15955 I GmscoreIpa: Starting mediastore instant index [CONTEXT service_id=255 ]
07-03 13:29:10.014 15953 15953 D ICU     : Time zone APEX file found: /apex/com.android.tzdata/etc/icu/icu_tzdata.dat
07-03 13:29:10.017 15953 15953 W app_process: Unexpected CPU variant for X86 using defaults: x86
07-03 13:29:10.022 15953 15953 I app_process: The ClassLoaderContext is a special shared library.
07-03 13:29:10.034 15953 15953 W app_process: JNI RegisterNativeMethods: attempt to register 0 native methods for android.media.AudioAttributes
07-03 13:29:10.036 15953 15953 D AndroidRuntime: Calling main entry com.android.commands.monkey.Monkey
07-03 13:29:10.037 15953 15953 W Monkey  : args: [-p, org.shadowice.flocke.andotp, -c, android.intent.category.LAUNCHER, 1]
07-03 13:29:10.038 15953 15953 W Monkey  :  arg: "-p"
07-03 13:29:10.038 15953 15953 W Monkey  :  arg: "org.shadowice.flocke.andotp"
07-03 13:29:10.038 15953 15953 W Monkey  :  arg: "-c"
07-03 13:29:10.038 15953 15953 W Monkey  :  arg: "android.intent.category.LAUNCHER"
07-03 13:29:10.038 15953 15953 W Monkey  :  arg: "1"
07-03 13:29:10.039 15953 15953 W Monkey  : data="org.shadowice.flocke.andotp"
07-03 13:29:10.039 15953 15953 W Monkey  : data="android.intent.category.LAUNCHER"
07-03 13:29:10.050  2034  2062 W BroadcastQueue: Skipping deliver [background] BroadcastRecord{b528a7e u-1 android.net.conn.CONNECTIVITY_CHANGE} to ReceiverList{3cb8bdf 15953 (unknown name)/2000/u-1 remote:4ec5400}: process gone or crashing
07-03 13:29:10.062  2034  3491 I ActivityTaskManager: START u0 {act=android.intent.action.MAIN cat=[android.intent.category.LAUNCHER] flg=0x10200000 cmp=org.shadowice.flocke.andotp/.Activities.MainActivity} from uid 2000
07-03 13:29:10.063  2034  3491 W Binder  : Outgoing transactions from this process must be FLAG_ONEWAY
07-03 13:29:10.063  2034  3491 W Binder  : java.lang.Throwable
07-03 13:29:10.063  2034  3491 W Binder  : 	at android.os.BinderProxy.transact(BinderProxy.java:480)
07-03 13:29:10.063  2034  3491 W Binder  : 	at android.app.IActivityController$Stub$Proxy.activityStarting(IActivityController.java:273)
07-03 13:29:10.063  2034  3491 W Binder  : 	at com.android.server.wm.ActivityStarter.startActivity(ActivityStarter.java:794)
07-03 13:29:10.063  2034  3491 W Binder  : 	at com.android.server.wm.ActivityStarter.startActivity(ActivityStarter.java:583)
07-03 13:29:10.063  2034  3491 W Binder  : 	at com.android.server.wm.ActivityStarter.startActivityMayWait(ActivityStarter.java:1288)
07-03 13:29:10.063  2034  3491 W Binder  : 	at com.android.server.wm.ActivityStarter.execute(ActivityStarter.java:514)
07-03 13:29:10.063  2034  3491 W Binder  : 	at com.android.server.wm.ActivityTaskManagerService.startActivityAsUser(ActivityTaskManagerService.java:1058)
07-03 13:29:10.063  2034  3491 W Binder  : 	at com.android.server.wm.ActivityTaskManagerService.startActivityAsUser(ActivityTaskManagerService.java:1032)
07-03 13:29:10.063  2034  3491 W Binder  : 	at com.android.server.am.ActivityManagerService.startActivityAsUser(ActivityManagerService.java:3504)
07-03 13:29:10.063  2034  3491 W Binder  : 	at android.app.IActivityManager$Stub.onTransact(IActivityManager.java:3537)
07-03 13:29:10.063  2034  3491 W Binder  : 	at com.android.server.am.ActivityManagerService.onTransact(ActivityManagerService.java:2741)
07-03 13:29:10.063  2034  3491 W Binder  : 	at android.os.Binder.execTransactInternal(Binder.java:1021)
07-03 13:29:10.063  2034  3491 W Binder  : 	at android.os.Binder.execTransact(Binder.java:994)
07-03 13:29:10.065 15953 15953 I Monkey  : Events injected: 1
07-03 13:29:10.066  2034  2034 V SettingsProvider: Notifying for 0: content://settings/system/accelerometer_rotation
07-03 13:29:10.072  2034  2056 W InputReader: Device has associated, but no associated display id.
07-03 13:29:10.073  2034  2056 I chatty  : uid=1000(system) android.display identical 18 lines
07-03 13:29:10.073  2034  2056 W InputReader: Device has associated, but no associated display id.
07-03 13:29:10.074 15953 15953 I Monkey  : ## Network stats: elapsed time=9ms (0ms mobile, 0ms wifi, 9ms not connected)
07-03 13:29:10.076 15953 15953 I app_process: System.exit called, status: 0
07-03 13:29:10.076 15953 15953 I AndroidRuntime: VM exiting with result code 0.
07-03 13:29:10.136  1800  2423 E GnssHAL_GnssInterface: gnssSvStatusCb: a: input svInfo.flags is 8
07-03 13:29:10.136  1800  2423 E GnssHAL_GnssInterface: gnssSvStatusCb: b: input svInfo.flags is 8
07-03 13:29:11.136  1800  2423 E GnssHAL_GnssInterface: gnssSvStatusCb: a: input svInfo.flags is 8
07-03 13:29:11.136  1800  2423 E GnssHAL_GnssInterface: gnssSvStatusCb: b: input svInfo.flags is 8
07-03 13:29:12.141  1800  2423 E GnssHAL_GnssInterface: gnssSvStatusCb: a: input svInfo.flags is 8
07-03 13:29:12.142  1800  2423 E GnssHAL_GnssInterface: gnssSvStatusCb: b: input svInfo.flags is 8
07-03 13:29:13.147  1800  2423 E GnssHAL_GnssInterface: gnssSvStatusCb: a: input svInfo.flags is 8
07-03 13:29:13.147  1800  2423 E GnssHAL_GnssInterface: gnssSvStatusCb: b: input svInfo.flags is 8
07-03 13:29:14.151  1800  2423 E GnssHAL_GnssInterface: gnssSvStatusCb: a: input svInfo.flags is 8
07-03 13:29:14.151  1800  2423 E GnssHAL_GnssInterface: gnssSvStatusCb: b: input svInfo.flags is 8
07-03 13:29:15.151  1800  2423 E GnssHAL_GnssInterface: gnssSvStatusCb: a: input svInfo.flags is 8
07-03 13:29:15.151  1800  2423 E GnssHAL_GnssInterface: gnssSvStatusCb: b: input svInfo.flags is 8
07-03 13:29:16.151  1800  2423 E GnssHAL_GnssInterface: gnssSvStatusCb: a: input svInfo.flags is 8
07-03 13:29:16.152  1800  2423 E GnssHAL_GnssInterface: gnssSvStatusCb: b: input svInfo.flags is 8
07-03 13:29:17.154  1800  2423 E GnssHAL_GnssInterface: gnssSvStatusCb: a: input svInfo.flags is 8
07-03 13:29:17.154  1800  2423 E GnssHAL_GnssInterface: gnssSvStatusCb: b: input svInfo.flags is 8
07-03 13:29:18.158  1800  2423 E GnssHAL_GnssInterface: gnssSvStatusCb: a: input svInfo.flags is 8
07-03 13:29:18.158  1800  2423 E GnssHAL_GnssInterface: gnssSvStatusCb: b: input svInfo.flags is 8
07-03 13:29:19.164  1800  2423 E GnssHAL_GnssInterface: gnssSvStatusCb: a: input svInfo.flags is 8
07-03 13:29:19.164  1800  2423 E GnssHAL_GnssInterface: gnssSvStatusCb: b: input svInfo.flags is 8
07-03 13:29:20.165  1800  2423 E GnssHAL_GnssInterface: gnssSvStatusCb: a: input svInfo.flags is 8
07-03 13:29:20.165  1800  2423 E GnssHAL_GnssInterface: gnssSvStatusCb: b: input svInfo.flags is 8
07-03 13:29:21.166  1800  2423 E GnssHAL_GnssInterface: gnssSvStatusCb: a: input svInfo.flags is 8
07-03 13:29:21.167  1800  2423 E GnssHAL_GnssInterface: gnssSvStatusCb: b: input svInfo.flags is 8
07-03 13:29:22.170  1800  2423 E GnssHAL_GnssInterface: gnssSvStatusCb: a: input svInfo.flags is 8
07-03 13:29:22.170  1800  2423 E GnssHAL_GnssInterface: gnssSvStatusCb: b: input svInfo.flags is 8
07-03 13:29:23.104  8508  8508 D BoundBrokerSvc: onUnbind: Intent { act=com.google.android.gms.checkin.START pkg=com.google.android.gms }
07-03 13:29:23.174  1800  2423 E GnssHAL_GnssInterface: gnssSvStatusCb: a: input svInfo.flags is 8
07-03 13:29:23.174  1800  2423 E GnssHAL_GnssInterface: gnssSvStatusCb: b: input svInfo.flags is 8
07-03 13:29:24.179  1800  2423 E GnssHAL_GnssInterface: gnssSvStatusCb: a: input svInfo.flags is 8
07-03 13:29:24.179  1800  2423 E GnssHAL_GnssInterface: gnssSvStatusCb: b: input svInfo.flags is 8
07-03 13:29:25.180  1800  2423 E GnssHAL_GnssInterface: gnssSvStatusCb: a: input svInfo.flags is 8
07-03 13:29:25.180  1800  2423 E GnssHAL_GnssInterface: gnssSvStatusCb: b: input svInfo.flags is 8
07-03 13:29:26.182  1800  2423 E GnssHAL_GnssInterface: gnssSvStatusCb: a: input svInfo.flags is 8
07-03 13:29:26.182  1800  2423 E GnssHAL_GnssInterface: gnssSvStatusCb: b: input svInfo.flags is 8
07-03 13:29:26.227 15972 15972 D AndroidRuntime: >>>>>> START com.android.internal.os.RuntimeInit uid 2000 <<<<<<
07-03 13:29:26.218 15972 15972 W app_process: type=1400 audit(0.0:3810): avc: denied { read } for name="u:object_r:device_config_runtime_native_boot_prop:s0" dev="tmpfs" ino=167 scontext=u:r:shell:s0 tcontext=u:object_r:device_config_runtime_native_boot_prop:s0 tclass=file permissive=0
07-03 13:29:26.228 15972 15972 E libc    : Access denied finding property "persist.device_config.runtime_native_boot.enable_apex_image"
07-03 13:29:26.228 15972 15972 I AndroidRuntime: Using default boot image
07-03 13:29:26.228 15972 15972 E libc    : Access denied finding property "persist.device_config.runtime_native_boot.disable_lock_profiling"
07-03 13:29:26.228 15972 15972 I AndroidRuntime: Leaving lock profiling enabled
07-03 13:29:26.228 15972 15972 E libc    : Access denied finding property "persist.device_config.runtime_native_boot.enable_generational_cc"
07-03 13:29:26.267 15972 15972 D ICU     : Time zone APEX file found: /apex/com.android.tzdata/etc/icu/icu_tzdata.dat
07-03 13:29:26.270 15972 15972 W app_process: Unexpected CPU variant for X86 using defaults: x86
07-03 13:29:26.274 15972 15972 I app_process: The ClassLoaderContext is a special shared library.
07-03 13:29:26.275 15972 15972 I app_process: The ClassLoaderContext is a special shared library.
07-03 13:29:26.289 15972 15972 W app_process: JNI RegisterNativeMethods: attempt to register 0 native methods for android.media.AudioAttributes
07-03 13:29:26.292 15972 15972 D AndroidRuntime: Calling main entry com.android.commands.uiautomator.Launcher
07-03 13:29:10.070  2034  2034 V SettingsProvider: Notifying for 0: content://settings/system/accelerometer_rotation
07-03 13:29:26.298  2034  2034 V SettingsProvider: Notifying for 0: content://settings/secure/accessibility_enabled
07-03 13:29:27.188  1800  2423 E GnssHAL_GnssInterface: gnssSvStatusCb: a: input svInfo.flags is 8
07-03 13:29:27.188  1800  2423 E GnssHAL_GnssInterface: gnssSvStatusCb: b: input svInfo.flags is 8
07-03 13:29:27.317 15972 15972 I AccessibilityNodeInfoDumper: Skipping invisible child: android.view.accessibility.AccessibilityNodeInfo@1df4b; boundsInParent: Rect(0, 0 - 1080, 1582); boundsInScreen: Rect(0, 63 - 0, 1645); packageName: org.shadowice.flocke.andotp; className: android.widget.LinearLayout; text: null; error: null; maxTextLength: -1; contentDescription: null; tooltipText: null; viewIdResName: null; checkable: false; checked: false; focusable: false; focused: false; selected: false; clickable: false; longClickable: false; contextClickable: false; enabled: true; password: false; scrollable: false; importantForAccessibility: false; visible: false; actions: [AccessibilityAction: ACTION_SELECT - null, AccessibilityAction: ACTION_CLEAR_SELECTION - null, AccessibilityAction: ACTION_ACCESSIBILITY_FOCUS - null, AccessibilityAction: ACTION_SHOW_ON_SCREEN - null]
07-03 13:29:27.318 15972 15972 I AccessibilityNodeInfoDumper: Skipping invisible child: android.view.accessibility.AccessibilityNodeInfo@20896; boundsInParent: Rect(0, 0 - 1080, 1582); boundsInScreen: Rect(1080, 63 - 1080, 1645); packageName: org.shadowice.flocke.andotp; className: android.widget.ScrollView; text: null; error: null; maxTextLength: -1; contentDescription: null; tooltipText: null; viewIdResName: null; checkable: false; checked: false; focusable: true; focused: false; selected: false; clickable: false; longClickable: false; contextClickable: false; enabled: true; password: false; scrollable: false; importantForAccessibility: true; visible: false; actions: [AccessibilityAction: ACTION_FOCUS - null, AccessibilityAction: ACTION_SELECT - null, AccessibilityAction: ACTION_CLEAR_SELECTION - null, AccessibilityAction: ACTION_ACCESSIBILITY_FOCUS - null, AccessibilityAction: ACTION_SHOW_ON_SCREEN - null]
07-03 13:29:27.321 15972 15972 W AccessibilityNodeInfoDumper: Fetch time: 5ms
07-03 13:29:27.322  2034  3491 W WindowManager: removeWindowToken: Attempted to remove non-existing token: android.os.Binder@38833ad
07-03 13:29:27.324  2034  2034 V SettingsProvider: Notifying for 0: content://settings/secure/accessibility_enabled
07-03 13:29:27.333 15972 15972 D AndroidRuntime: Shutting down VM
07-03 13:29:28.188  1800  2423 E GnssHAL_GnssInterface: gnssSvStatusCb: a: input svInfo.flags is 8
07-03 13:29:28.188  1800  2423 E GnssHAL_GnssInterface: gnssSvStatusCb: b: input svInfo.flags is 8
07-03 13:29:28.274 16002 16002 D AndroidRuntime: >>>>>> START com.android.internal.os.RuntimeInit uid 2000 <<<<<<
07-03 13:29:28.278 16002 16002 W app_process: type=1400 audit(0.0:3813): avc: denied { read } for name="u:object_r:device_config_runtime_native_boot_prop:s0" dev="tmpfs" ino=167 scontext=u:r:shell:s0 tcontext=u:object_r:device_config_runtime_native_boot_prop:s0 tclass=file permissive=0
07-03 13:29:28.280 16002 16002 E libc    : Access denied finding property "persist.device_config.runtime_native_boot.enable_apex_image"
07-03 13:29:28.280 16002 16002 I AndroidRuntime: Using default boot image
07-03 13:29:28.278 16002 16002 W app_process: type=1400 audit(0.0:3815): avc: denied { read } for name="u:object_r:device_config_runtime_native_boot_prop:s0" dev="tmpfs" ino=167 scontext=u:r:shell:s0 tcontext=u:object_r:device_config_runtime_native_boot_prop:s0 tclass=file permissive=0
07-03 13:29:28.280 16002 16002 E libc    : Access denied finding property "persist.device_config.runtime_native_boot.disable_lock_profiling"
07-03 13:29:28.280 16002 16002 I AndroidRuntime: Leaving lock profiling enabled
07-03 13:29:28.281 16002 16002 E libc    : Access denied finding property "persist.device_config.runtime_native_boot.enable_generational_cc"
07-03 13:29:28.369 16002 16002 D ICU     : Time zone APEX file found: /apex/com.android.tzdata/etc/icu/icu_tzdata.dat
07-03 13:29:28.374 16002 16002 W app_process: Unexpected CPU variant for X86 using defaults: x86
07-03 13:29:28.377 16002 16002 I app_process: The ClassLoaderContext is a special shared library.
07-03 13:29:28.377 16002 16002 I app_process: The ClassLoaderContext is a special shared library.
07-03 13:29:28.395 16002 16002 W app_process: JNI RegisterNativeMethods: attempt to register 0 native methods for android.media.AudioAttributes
07-03 13:29:28.401 16002 16002 D AndroidRuntime: Calling main entry com.android.commands.uiautomator.Launcher
07-03 13:29:29.190  1800  2423 E GnssHAL_GnssInterface: gnssSvStatusCb: a: input svInfo.flags is 8
07-03 13:29:29.190  1800  2423 E GnssHAL_GnssInterface: gnssSvStatusCb: b: input svInfo.flags is 8
07-03 13:29:29.444 16002 16002 I AccessibilityNodeInfoDumper: Skipping invisible child: android.view.accessibility.AccessibilityNodeInfo@1df5a; boundsInParent: Rect(0, 0 - 1080, 1582); boundsInScreen: Rect(0, 63 - 0, 1645); packageName: org.shadowice.flocke.andotp; className: android.widget.LinearLayout; text: null; error: null; maxTextLength: -1; contentDescription: null; tooltipText: null; viewIdResName: null; checkable: false; checked: false; focusable: false; focused: false; selected: false; clickable: false; longClickable: false; contextClickable: false; enabled: true; password: false; scrollable: false; importantForAccessibility: false; visible: false; actions: [AccessibilityAction: ACTION_SELECT - null, AccessibilityAction: ACTION_CLEAR_SELECTION - null, AccessibilityAction: ACTION_ACCESSIBILITY_FOCUS - null, AccessibilityAction: ACTION_SHOW_ON_SCREEN - null]
07-03 13:29:29.445 16002 16002 I AccessibilityNodeInfoDumper: Skipping invisible child: android.view.accessibility.AccessibilityNodeInfo@208a5; boundsInParent: Rect(0, 0 - 1080, 1582); boundsInScreen: Rect(1080, 63 - 1080, 1645); packageName: org.shadowice.flocke.andotp; className: android.widget.ScrollView; text: null; error: null; maxTextLength: -1; contentDescription: null; tooltipText: null; viewIdResName: null; checkable: false; checked: false; focusable: true; focused: false; selected: false; clickable: false; longClickable: false; contextClickable: false; enabled: true; password: false; scrollable: false; importantForAccessibility: true; visible: false; actions: [AccessibilityAction: ACTION_FOCUS - null, AccessibilityAction: ACTION_SELECT - null, AccessibilityAction: ACTION_CLEAR_SELECTION - null, AccessibilityAction: ACTION_ACCESSIBILITY_FOCUS - null, AccessibilityAction: ACTION_SHOW_ON_SCREEN - null]
07-03 13:29:29.446 16002 16002 W AccessibilityNodeInfoDumper: Fetch time: 3ms
07-03 13:29:28.413  2034  2034 V SettingsProvider: Notifying for 0: content://settings/secure/accessibility_enabled
07-03 13:29:29.449  2034  3491 W WindowManager: removeWindowToken: Attempted to remove non-existing token: android.os.Binder@6092b65
