01-15 19:51:54.463  1108  1149 I android.youtub:   at java.lang.String sxb.a(android.content.Context) (SourceFile:16)
01-15 19:51:54.463  1108  1149 I android.youtub:   at java.lang.String vhi.a(swx, byte[]) (SourceFile:29)
01-15 19:51:54.463  1108  1149 I android.youtub:   at java.lang.String vhi.c() (SourceFile:3)
01-15 19:51:54.463  1108  1149 I android.youtub:   at java.lang.String vhv.c() (SourceFile:26)
01-15 19:51:54.463  1108  1149 I android.youtub:   at void vhv.a() (SourceFile:2)
01-15 19:51:54.463  1108  1149 I android.youtub:   at void drb.run() (SourceFile:7)
01-15 19:51:54.463  1108  1149 I android.youtub:   at java.lang.Object java.util.concurrent.Executors$RunnableAdapter.call() (Executors.java:458)
01-15 19:51:54.463  1108  1149 I android.youtub:   at void java.util.concurrent.FutureTask.run() (FutureTask.java:266)
01-15 19:51:54.463  1108  1149 I android.youtub:   at void java.util.concurrent.ScheduledThreadPoolExecutor$ScheduledFutureTask.run() (ScheduledThreadPoolExecutor.java:301)
01-15 19:51:54.463  1108  1149 I android.youtub:   at void java.util.concurrent.ThreadPoolExecutor.runWorker(java.util.concurrent.ThreadPoolExecutor$Worker) (ThreadPoolExecutor.java:1167)
01-15 19:51:54.463  1108  1149 I android.youtub:   at void java.util.concurrent.ThreadPoolExecutor$Worker.run() (ThreadPoolExecutor.java:641)
01-15 19:51:54.463  1108  1149 I android.youtub:   at void wvf.run() (SourceFile:12)
01-15 19:51:54.463  1108  1149 I android.youtub:   at void java.lang.Thread.run() (Thread.java:764)
01-15 19:51:54.463  1108  1149 I android.youtub: 
01-15 19:51:54.528  3632 32694 I NetworkScheduler.Stats: Task com.google.android.gms/com.google.android.gms.clearcut.uploader.QosUploaderService finished executing. cause:4 result: 1 elapsed_millis: 658 uptime_millis: 658 exec_start_elapsed_seconds: 18127 [CONTEXT service_id=218 ]
01-15 19:51:54.680  1108  1219 W YouTube : Could not parse proto error payload.
01-15 19:51:54.680  1108  1219 W YouTube : aoau: Protocol message contained an invalid tag (zero).
01-15 19:51:54.680  1108  1219 W YouTube : 	at anzz.parsePartialFrom(SourceFile:97)
01-15 19:51:54.680  1108  1219 W YouTube : 	at anzz.parseFrom(SourceFile:117)
01-15 19:51:54.680  1108  1219 W YouTube : 	at xpy.b(SourceFile:27)
01-15 19:51:54.680  1108  1219 W YouTube : 	at xpy.<init>(SourceFile:20)
01-15 19:51:54.680  1108  1219 W YouTube : 	at aafx.a(SourceFile:7)
01-15 19:51:54.680  1108  1219 W YouTube : 	at xft.a(SourceFile:136)
01-15 19:51:54.680  1108  1219 W YouTube : 	at xft.a(SourceFile:169)
01-15 19:51:54.680  1108  1219 W YouTube : 	at xew.run(Unknown Source:1)
01-15 19:51:54.680  1108  1219 W YouTube : 	at java.util.concurrent.ThreadPoolExecutor.runWorker(ThreadPoolExecutor.java:1167)
01-15 19:51:54.680  1108  1219 W YouTube : 	at java.util.concurrent.ThreadPoolExecutor$Worker.run(ThreadPoolExecutor.java:641)
01-15 19:51:54.680  1108  1219 W YouTube : 	at wvf.run(SourceFile:12)
01-15 19:51:54.680  1108  1219 W YouTube : 	at java.lang.Thread.run(Thread.java:764)
01-15 19:51:54.680  1108  1219 W YouTube : Could not parse json error payload.
01-15 19:51:54.680  1108  1219 W YouTube : org.json.JSONException: Value <html><body><h1>404 of type java.lang.String cannot be converted to JSONObject
01-15 19:51:54.680  1108  1219 W YouTube : 	at org.json.JSON.typeMismatch(JSON.java:112)
01-15 19:51:54.680  1108  1219 W YouTube : 	at org.json.JSONObject.<init>(JSONObject.java:163)
01-15 19:51:54.680  1108  1219 W YouTube : 	at org.json.JSONObject.<init>(JSONObject.java:176)
01-15 19:51:54.680  1108  1219 W YouTube : 	at xpy.a(SourceFile:31)
01-15 19:51:54.680  1108  1219 W YouTube : 	at xpx.get(Unknown Source:1)
01-15 19:51:54.680  1108  1219 W YouTube : 	at amsm.a(SourceFile:5)
01-15 19:51:54.680  1108  1219 W YouTube : 	at xpy.<init>(SourceFile:20)
01-15 19:51:54.680  1108  1219 W YouTube : 	at aafx.a(SourceFile:7)
01-15 19:51:54.680  1108  1219 W YouTube : 	at xft.a(SourceFile:136)
01-15 19:51:54.680  1108  1219 W YouTube : 	at xft.a(SourceFile:169)
01-15 19:51:54.680  1108  1219 W YouTube : 	at xew.run(Unknown Source:1)
01-15 19:51:54.680  1108  1219 W YouTube : 	at java.util.concurrent.ThreadPoolExecutor.runWorker(ThreadPoolExecutor.java:1167)
01-15 19:51:54.680  1108  1219 W YouTube : 	at java.util.concurrent.ThreadPoolExecutor$Worker.run(ThreadPoolExecutor.java:641)
01-15 19:51:54.680  1108  1219 W YouTube : 	at wvf.run(SourceFile:12)
01-15 19:51:54.680  1108  1219 W YouTube : 	at java.lang.Thread.run(Thread.java:764)
01-15 19:51:54.687  1108  1164 W YouTube : Failed to fetch mobile data plan config.
01-15 19:51:54.687  1108  1164 W YouTube : aahl: java.util.concurrent.ExecutionException: xpy: 
01-15 19:51:54.687  1108  1164 W YouTube : 	at aahb.b(SourceFile:23)
01-15 19:51:54.687  1108  1164 W YouTube : 	at yxi.a(SourceFile:12)
01-15 19:51:54.687  1108  1164 W YouTube : 	at yxg.a(SourceFile:11)
01-15 19:51:54.687  1108  1164 W YouTube : 	at yxf.run(Unknown Source:1)
01-15 19:51:54.687  1108  1164 W YouTube : 	at java.util.concurrent.Executors$RunnableAdapter.call(Executors.java:458)
01-15 19:51:54.687  1108  1164 W YouTube : 	at java.util.concurrent.FutureTask.run(FutureTask.java:266)
01-15 19:51:54.687  1108  1164 W YouTube : 	at java.util.concurrent.ScheduledThreadPoolExecutor$ScheduledFutureTask.run(ScheduledThreadPoolExecutor.java:301)
01-15 19:51:54.687  1108  1164 W YouTube : 	at java.util.concurrent.ThreadPoolExecutor.runWorker(ThreadPoolExecutor.java:1167)
01-15 19:51:54.687  1108  1164 W YouTube : 	at java.util.concurrent.ThreadPoolExecutor$Worker.run(ThreadPoolExecutor.java:641)
01-15 19:51:54.687  1108  1164 W YouTube : 	at wvf.run(SourceFile:12)
01-15 19:51:54.687  1108  1164 W YouTube : 	at java.lang.Thread.run(Thread.java:764)
01-15 19:51:54.687  1108  1164 W YouTube : Caused by: java.util.concurrent.ExecutionException: xpy: 
01-15 19:51:54.687  1108  1164 W YouTube : 	at anki.b(SourceFile:105)
01-15 19:51:54.687  1108  1164 W YouTube : 	at anki.get(SourceFile:92)
01-15 19:51:54.687  1108  1164 W YouTube : 	at aahb.b(SourceFile:22)
01-15 19:51:54.687  1108  1164 W YouTube : 	... 10 more
01-15 19:51:54.687  1108  1164 W YouTube : Caused by: xpy: 
01-15 19:51:54.687  1108  1164 W YouTube : 	at aafx.a(SourceFile:7)
01-15 19:51:54.687  1108  1164 W YouTube : 	at xft.a(SourceFile:136)
01-15 19:51:54.687  1108  1164 W YouTube : 	at xft.a(SourceFile:169)
01-15 19:51:54.687  1108  1164 W YouTube : 	at xew.run(Unknown Source:1)
01-15 19:51:54.687  1108  1164 W YouTube : 	... 4 more
01-15 19:51:54.687  1108  1164 W YouTube : Caused by: boa
01-15 19:51:54.687  1108  1164 W YouTube : 	at xft.a(SourceFile:166)
01-15 19:51:54.687  1108  1164 W YouTube : 	... 5 more
01-15 19:51:54.691  1108  1234 E YouTube : Failed to fetch offline library browse
01-15 19:51:54.691  1108  1234 E YouTube : aahl: java.util.concurrent.ExecutionException: xpy: Precondition check failed.
01-15 19:51:54.691  1108  1234 E YouTube : 	at aajf.a(SourceFile:25)
01-15 19:51:54.691  1108  1234 E YouTube : 	at dys.a(SourceFile:11)
01-15 19:51:54.691  1108  1234 E YouTube : 	at wsr.a(SourceFile:7)
01-15 19:51:54.691  1108  1234 E YouTube : 	at com.google.android.libraries.youtube.common.gcm.YouTubeGcmTaskService.a(SourceFile:18)
01-15 19:51:54.691  1108  1234 E YouTube : 	at com.google.android.libraries.youtube.common.gcore.gcoreclient.gcm.impl.GcmTaskServiceDelegator.a(SourceFile:11)
01-15 19:51:54.691  1108  1234 E YouTube : 	at qbk.run(SourceFile:18)
01-15 19:51:54.691  1108  1234 E YouTube : 	at java.util.concurrent.ThreadPoolExecutor.runWorker(ThreadPoolExecutor.java:1167)
01-15 19:51:54.691  1108  1234 E YouTube : 	at java.util.concurrent.ThreadPoolExecutor$Worker.run(ThreadPoolExecutor.java:641)
01-15 19:51:54.691  1108  1234 E YouTube : 	at java.lang.Thread.run(Thread.java:764)
01-15 19:51:54.691  1108  1234 E YouTube : Caused by: java.util.concurrent.ExecutionException: xpy: Precondition check failed.
01-15 19:51:54.691  1108  1234 E YouTube : 	at anki.b(SourceFile:105)
01-15 19:51:54.691  1108  1234 E YouTube : 	at anki.get(SourceFile:92)
01-15 19:51:54.691  1108  1234 E YouTube : 	at aajf.a(SourceFile:24)
01-15 19:51:54.691  1108  1234 E YouTube : 	... 8 more
01-15 19:51:54.691  1108  1234 E YouTube : Caused by: xpy: Precondition check failed.
01-15 19:51:54.691  1108  1234 E YouTube : 	at aagf.a(SourceFile:7)
01-15 19:51:54.691  1108  1234 E YouTube : 	at xft.a(SourceFile:136)
01-15 19:51:54.691  1108  1234 E YouTube : 	at xft.a(SourceFile:169)
01-15 19:51:54.691  1108  1234 E YouTube : 	at xew.run(Unknown Source:1)
01-15 19:51:54.691  1108  1234 E YouTube : 	at java.util.concurrent.ThreadPoolExecutor.runWorker(ThreadPoolExecutor.java:1167)
01-15 19:51:54.691  1108  1234 E YouTube : 	at java.util.concurrent.ThreadPoolExecutor$Worker.run(ThreadPoolExecutor.java:641)
01-15 19:51:54.691  1108  1234 E YouTube : 	at wvf.run(SourceFile:12)
01-15 19:51:54.691  1108  1234 E YouTube : 	... 1 more
01-15 19:51:54.691  1108  1234 E YouTube : Caused by: boa
01-15 19:51:54.691  1108  1234 E YouTube : 	at xft.a(SourceFile:166)
01-15 19:51:54.691  1108  1234 E YouTube : 	... 5 more
01-15 19:51:54.694  3632 32695 I NetworkScheduler.Stats: Task com.google.android.youtube/ finished executing. cause:7 result: 2 elapsed_millis: 391 uptime_millis: 391 exec_start_elapsed_seconds: 18127 [CONTEXT service_id=218 ]
01-15 19:51:55.035  3248  1829 I GnssLocationProvider: WakeLock acquired by sendMessage(REPORT_SV_STATUS, 0, com.android.server.location.GnssLocationProvider$SvStatusInfo@4372b54)
01-15 19:51:55.035  3248  3261 I GnssLocationProvider: WakeLock released by handleMessage(REPORT_SV_STATUS, 0, com.android.server.location.GnssLocationProvider$SvStatusInfo@4372b54)
01-15 19:51:55.657  3116  3145 E storaged: getDiskStats failed with result NOT_SUPPORTED and size 0
01-15 19:51:56.040  3248  1829 I GnssLocationProvider: WakeLock acquired by sendMessage(REPORT_SV_STATUS, 0, com.android.server.location.GnssLocationProvider$SvStatusInfo@1a93afd)
01-15 19:51:56.040  3248  3261 I GnssLocationProvider: WakeLock released by handleMessage(REPORT_SV_STATUS, 0, com.android.server.location.GnssLocationProvider$SvStatusInfo@1a93afd)
01-15 19:51:57.041  3248  1829 I GnssLocationProvider: WakeLock acquired by sendMessage(REPORT_SV_STATUS, 0, com.android.server.location.GnssLocationProvider$SvStatusInfo@1b563f2)
01-15 19:51:57.041  3248  3261 I GnssLocationProvider: WakeLock released by handleMessage(REPORT_SV_STATUS, 0, com.android.server.location.GnssLocationProvider$SvStatusInfo@1b563f2)
01-15 19:51:58.043  3248  1829 I GnssLocationProvider: WakeLock acquired by sendMessage(REPORT_SV_STATUS, 0, com.android.server.location.GnssLocationProvider$SvStatusInfo@ddb7a43)
01-15 19:51:58.044  3248  3261 I GnssLocationProvider: WakeLock released by handleMessage(REPORT_SV_STATUS, 0, com.android.server.location.GnssLocationProvider$SvStatusInfo@ddb7a43)
01-15 19:51:58.926  1080  1095 I id.partnersetu: Waiting for a blocking GC ProfileSaver
01-15 19:51:58.933  1080  1095 I id.partnersetu: Waiting for a blocking GC ProfileSaver
01-15 19:51:58.933  1080  1095 I id.partnersetu: WaitForGcToComplete blocked ProfileSaver on HeapTrim for 6.707ms
01-15 19:51:59.049  3248  1829 I GnssLocationProvider: WakeLock acquired by sendMessage(REPORT_SV_STATUS, 0, com.android.server.location.GnssLocationProvider$SvStatusInfo@885a8c0)
01-15 19:51:59.049  3248  3261 I GnssLocationProvider: WakeLock released by handleMessage(REPORT_SV_STATUS, 0, com.android.server.location.GnssLocationProvider$SvStatusInfo@885a8c0)
01-15 19:51:59.060  1108  1123 I android.youtub: Waiting for a blocking GC ProfileSaver
01-15 19:51:59.069  1108  1123 I android.youtub: Waiting for a blocking GC ProfileSaver
01-15 19:51:59.069  1108  1123 I android.youtub: WaitForGcToComplete blocked ProfileSaver on HeapTrim for 9.392ms
01-15 19:51:59.468  3248  3261 E memtrack: Couldn't load memtrack module
01-15 19:51:59.468  3248  3261 W android.os.Debug: failed to get memory consumption info: -1
01-15 19:52:00.026  3404  3574 D EGL_emulation: eglMakeCurrent: 0x7931639200: ver 3 0 (tinfo 0x7931681c60)
01-15 19:52:00.052  3248  1829 I GnssLocationProvider: WakeLock acquired by sendMessage(REPORT_SV_STATUS, 0, com.android.server.location.GnssLocationProvider$SvStatusInfo@3b1cd3e)
01-15 19:52:00.053  3248  3261 I GnssLocationProvider: WakeLock released by handleMessage(REPORT_SV_STATUS, 0, com.android.server.location.GnssLocationProvider$SvStatusInfo@3b1cd3e)
01-15 19:52:00.483  3203  3203 E netmgr  : Failed to open QEMU pipe 'qemud:network': Invalid argument
01-15 19:52:00.484  3203  3203 E netmgr  : WifiForwarder unable to open QEMU pipe: Invalid argument
01-15 19:52:01.057  3248  1829 I GnssLocationProvider: WakeLock acquired by sendMessage(REPORT_SV_STATUS, 0, com.android.server.location.GnssLocationProvider$SvStatusInfo@b31779f)
01-15 19:52:01.057  3248  3261 I GnssLocationProvider: WakeLock released by handleMessage(REPORT_SV_STATUS, 0, com.android.server.location.GnssLocationProvider$SvStatusInfo@b31779f)
01-15 19:52:02.058  3248  1829 I GnssLocationProvider: WakeLock acquired by sendMessage(REPORT_SV_STATUS, 0, com.android.server.location.GnssLocationProvider$SvStatusInfo@a7c90ec)
01-15 19:52:02.058  3248  3261 I GnssLocationProvider: WakeLock released by handleMessage(REPORT_SV_STATUS, 0, com.android.server.location.GnssLocationProvider$SvStatusInfo@a7c90ec)
01-15 19:52:03.063  3248  1829 I GnssLocationProvider: WakeLock acquired by sendMessage(REPORT_SV_STATUS, 0, com.android.server.location.GnssLocationProvider$SvStatusInfo@db9ccb5)
01-15 19:52:03.064  3248  3261 I GnssLocationProvider: WakeLock released by handleMessage(REPORT_SV_STATUS, 0, com.android.server.location.GnssLocationProvider$SvStatusInfo@db9ccb5)
01-15 19:52:04.066  3248  1829 I GnssLocationProvider: WakeLock acquired by sendMessage(REPORT_SV_STATUS, 0, com.android.server.location.GnssLocationProvider$SvStatusInfo@d797f4a)
01-15 19:52:04.066  3248  3261 I GnssLocationProvider: WakeLock released by handleMessage(REPORT_SV_STATUS, 0, com.android.server.location.GnssLocationProvider$SvStatusInfo@d797f4a)
01-15 19:52:05.072  3248  1829 I GnssLocationProvider: WakeLock acquired by sendMessage(REPORT_SV_STATUS, 0, com.android.server.location.GnssLocationProvider$SvStatusInfo@ebfeebb)
01-15 19:52:05.072  3248  3261 I GnssLocationProvider: WakeLock released by handleMessage(REPORT_SV_STATUS, 0, com.android.server.location.GnssLocationProvider$SvStatusInfo@ebfeebb)
01-15 19:52:06.072  3248  1829 I GnssLocationProvider: WakeLock acquired by sendMessage(REPORT_SV_STATUS, 0, com.android.server.location.GnssLocationProvider$SvStatusInfo@217cfd8)
01-15 19:52:06.072  3248  3261 I GnssLocationProvider: WakeLock released by handleMessage(REPORT_SV_STATUS, 0, com.android.server.location.GnssLocationProvider$SvStatusInfo@217cfd8)
01-15 19:52:07.076  3248  1829 I GnssLocationProvider: WakeLock acquired by sendMessage(REPORT_SV_STATUS, 0, com.android.server.location.GnssLocationProvider$SvStatusInfo@e877f31)
01-15 19:52:07.077  3248  3261 I GnssLocationProvider: WakeLock released by handleMessage(REPORT_SV_STATUS, 0, com.android.server.location.GnssLocationProvider$SvStatusInfo@e877f31)
01-15 19:52:08.078  3248  1829 I GnssLocationProvider: WakeLock acquired by sendMessage(REPORT_SV_STATUS, 0, com.android.server.location.GnssLocationProvider$SvStatusInfo@9584616)
01-15 19:52:08.079  3248  3261 I GnssLocationProvider: WakeLock released by handleMessage(REPORT_SV_STATUS, 0, com.android.server.location.GnssLocationProvider$SvStatusInfo@9584616)
01-15 19:52:09.082  3248  1829 I GnssLocationProvider: WakeLock acquired by sendMessage(REPORT_SV_STATUS, 0, com.android.server.location.GnssLocationProvider$SvStatusInfo@af4bb97)
01-15 19:52:09.083  3248  3261 I GnssLocationProvider: WakeLock released by handleMessage(REPORT_SV_STATUS, 0, com.android.server.location.GnssLocationProvider$SvStatusInfo@af4bb97)
01-15 19:52:09.513  3248  3261 E memtrack: Couldn't load memtrack module
01-15 19:52:09.513  3248  3261 W android.os.Debug: failed to get memory consumption info: -1
01-15 19:52:10.071  1264  1264 D AndroidRuntime: >>>>>> START com.android.internal.os.RuntimeInit uid 2000 <<<<<<
01-15 19:52:10.074  1264  1264 E cutils-trace: Error opening trace file: No such file or directory (2)
01-15 19:52:10.082  3248  1829 I GnssLocationProvider: WakeLock acquired by sendMessage(REPORT_SV_STATUS, 0, com.android.server.location.GnssLocationProvider$SvStatusInfo@9261184)
01-15 19:52:10.082  3248  3261 I GnssLocationProvider: WakeLock released by handleMessage(REPORT_SV_STATUS, 0, com.android.server.location.GnssLocationProvider$SvStatusInfo@9261184)
01-15 19:52:10.161  1264  1264 I app_process: The ClassLoaderContext is a special shared library.
01-15 19:52:10.161  1264  1264 I app_process: The ClassLoaderContext is a special shared library.
01-15 19:52:10.186  1264  1264 D AndroidRuntime: Calling main entry com.android.commands.uiautomator.Launcher
01-15 19:52:10.196  3248  3248 V SettingsProvider: Notifying for 0: content://settings/secure/accessibility_enabled
01-15 19:52:10.197  3275  3278 D hwcomposer: hw_composer sent 132 syncs in 60s
01-15 19:52:10.203  4324  4428 I A       : NGA disabled due to not being eligible.
01-15 19:52:11.089  3248  1829 I GnssLocationProvider: WakeLock acquired by sendMessage(REPORT_SV_STATUS, 0, com.android.server.location.GnssLocationProvider$SvStatusInfo@13f7a33)
01-15 19:52:11.091  3248  3261 I GnssLocationProvider: WakeLock released by handleMessage(REPORT_SV_STATUS, 0, com.android.server.location.GnssLocationProvider$SvStatusInfo@13f7a33)
01-15 19:52:11.225  1264  1264 I AccessibilityNodeInfoDumper: Skipping invisible child: android.view.accessibility.AccessibilityNodeInfo@16f67; boundsInParent: Rect(0, 0 - 0, 126); boundsInScreen: Rect(231, 986 - 231, 1112); packageName: com.google.android.packageinstaller; className: android.widget.LinearLayout; text: null; error: null; maxTextLength: -1; contentDescription: null; tooltipText: null; viewIdResName: null; checkable: false; checked: false; focusable: false; focused: false; selected: false; clickable: false; longClickable: false; contextClickable: false; enabled: true; password: false; scrollable: false; importantForAccessibility: false; visible: false; actions: [AccessibilityAction: ACTION_SELECT - null, AccessibilityAction: ACTION_CLEAR_SELECTION - null, AccessibilityAction: ACTION_ACCESSIBILITY_FOCUS - null, AccessibilityAction: ACTION_SHOW_ON_SCREEN - null]
01-15 19:52:11.227  1264  1264 W AccessibilityNodeInfoDumper: Fetch time: 8ms
01-15 19:52:11.228  3248  5301 W WindowManager: removeWindowToken: Attempted to remove non-existing token: android.os.Binder@ea3dd6d
01-15 19:52:11.229  3248  3248 V SettingsProvider: Notifying for 0: content://settings/secure/accessibility_enabled
01-15 19:52:11.234  4324  4422 I A       : NGA disabled due to not being eligible.
01-15 19:52:11.244  1264  1273 W MessageQueue: Handler (com.android.internal.os.HandlerCaller$MyHandler) {abe3e12} sending message to a Handler on a dead thread
01-15 19:52:11.244  1264  1273 W MessageQueue: java.lang.IllegalStateException: Handler (com.android.internal.os.HandlerCaller$MyHandler) {abe3e12} sending message to a Handler on a dead thread
01-15 19:52:11.244  1264  1273 W MessageQueue: 	at android.os.MessageQueue.enqueueMessage(MessageQueue.java:546)
01-15 19:52:11.244  1264  1273 W MessageQueue: 	at android.os.Handler.enqueueMessage(Handler.java:745)
01-15 19:52:11.244  1264  1273 W MessageQueue: 	at android.os.Handler.sendMessageAtTime(Handler.java:697)
01-15 19:52:11.244  1264  1273 W MessageQueue: 	at android.os.Handler.sendMessageDelayed(Handler.java:667)
01-15 19:52:11.244  1264  1273 W MessageQueue: 	at android.os.Handler.sendMessage(Handler.java:604)
01-15 19:52:11.244  1264  1273 W MessageQueue: 	at com.android.internal.os.HandlerCaller.sendMessage(HandlerCaller.java:86)
01-15 19:52:11.244  1264  1273 W MessageQueue: 	at android.accessibilityservice.AccessibilityService$IAccessibilityServiceClientWrapper.init(AccessibilityService.java:1638)
01-15 19:52:11.244  1264  1273 W MessageQueue: 	at android.accessibilityservice.IAccessibilityServiceClient$Stub.onTransact(IAccessibilityServiceClient.java:60)
01-15 19:52:11.244  1264  1273 W MessageQueue: 	at android.os.Binder.execTransact(Binder.java:731)
01-15 19:52:11.244  1264  1264 D AndroidRuntime: Shutting down VM
01-15 19:52:12.093  3248  1829 I GnssLocationProvider: WakeLock acquired by sendMessage(REPORT_SV_STATUS, 0, com.android.server.location.GnssLocationProvider$SvStatusInfo@ade369)
01-15 19:52:12.094  3248  3261 I GnssLocationProvider: WakeLock released by handleMessage(REPORT_SV_STATUS, 0, com.android.server.location.GnssLocationProvider$SvStatusInfo@ade369)
01-15 19:52:12.461  1295  1295 D AndroidRuntime: >>>>>> START com.android.internal.os.RuntimeInit uid 2000 <<<<<<
01-15 19:52:12.462  1295  1295 E cutils-trace: Error opening trace file: No such file or directory (2)
01-15 19:52:12.506  1295  1295 I app_process: The ClassLoaderContext is a special shared library.
01-15 19:52:12.506  1295  1295 I app_process: The ClassLoaderContext is a special shared library.
01-15 19:52:12.516  1295  1295 D AndroidRuntime: Calling main entry com.android.commands.uiautomator.Launcher
01-15 19:52:12.530  4324  4426 I A       : NGA disabled due to not being eligible.
01-15 19:52:13.095  3248  1829 I GnssLocationProvider: WakeLock acquired by sendMessage(REPORT_SV_STATUS, 0, com.android.server.location.GnssLocationProvider$SvStatusInfo@f3c0d1c)
01-15 19:52:13.095  3248  3261 I GnssLocationProvider: WakeLock released by handleMessage(REPORT_SV_STATUS, 0, com.android.server.location.GnssLocationProvider$SvStatusInfo@f3c0d1c)
01-15 19:52:13.547  1295  1295 I AccessibilityNodeInfoDumper: Skipping invisible child: android.view.accessibility.AccessibilityNodeInfo@16f7c; boundsInParent: Rect(0, 0 - 0, 126); boundsInScreen: Rect(231, 986 - 231, 1112); packageName: com.google.android.packageinstaller; className: android.widget.LinearLayout; text: null; error: null; maxTextLength: -1; contentDescription: null; tooltipText: null; viewIdResName: null; checkable: false; checked: false; focusable: false; focused: false; selected: false; clickable: false; longClickable: false; contextClickable: false; enabled: true; password: false; scrollable: false; importantForAccessibility: false; visible: false; actions: [AccessibilityAction: ACTION_SELECT - null, AccessibilityAction: ACTION_CLEAR_SELECTION - null, AccessibilityAction: ACTION_ACCESSIBILITY_FOCUS - null, AccessibilityAction: ACTION_SHOW_ON_SCREEN - null]
01-15 19:52:13.548  1295  1295 W AccessibilityNodeInfoDumper: Fetch time: 4ms
01-15 19:52:12.521  3248  3248 V SettingsProvider: Notifying for 0: content://settings/secure/accessibility_enabled
01-15 19:52:13.549  3248  5330 W WindowManager: removeWindowToken: Attempted to remove non-existing token: android.os.Binder@18a01ee
01-15 19:52:13.550  3248  3248 V SettingsProvider: Notifying for 0: content://settings/secure/accessibility_enabled
01-15 19:52:13.553  4324  4422 I A       : NGA disabled due to not being eligible.
01-15 19:52:13.556  1295  1295 D AndroidRuntime: Shutting down VM
01-15 19:52:13.942  1313  1313 D AndroidRuntime: >>>>>> START com.android.internal.os.RuntimeInit uid 2000 <<<<<<
01-15 19:52:13.944  1313  1313 E cutils-trace: Error opening trace file: No such file or directory (2)
01-15 19:52:13.972  1313  1313 I app_process: The ClassLoaderContext is a special shared library.
01-15 19:52:13.973  1313  1313 I app_process: The ClassLoaderContext is a special shared library.
01-15 19:52:13.982  1313  1313 D AndroidRuntime: Calling main entry com.android.commands.uiautomator.Launcher
01-15 19:52:13.987  4324  4426 I A       : NGA disabled due to not being eligible.
01-15 19:52:14.095  3248  1829 I GnssLocationProvider: WakeLock acquired by sendMessage(REPORT_SV_STATUS, 0, com.android.server.location.GnssLocationProvider$SvStatusInfo@a8adf08)
01-15 19:52:14.095  3248  3261 I GnssLocationProvider: WakeLock released by handleMessage(REPORT_SV_STATUS, 0, com.android.server.location.GnssLocationProvider$SvStatusInfo@a8adf08)
01-15 19:52:13.986  3248  3248 V SettingsProvider: Notifying for 0: content://settings/secure/accessibility_enabled
01-15 19:52:14.995  3248  5330 W WindowManager: removeWindowToken: Attempted to remove non-existing token: android.os.Binder@7184efa
01-15 19:52:14.996  3248  3248 V SettingsProvider: Notifying for 0: content://settings/secure/accessibility_enabled
01-15 19:52:15.000  1313  1313 D AndroidRuntime: Shutting down VM
01-15 19:52:15.001  4324  4422 I A       : NGA disabled due to not being eligible.
01-15 19:52:15.097  3248  1829 I GnssLocationProvider: WakeLock acquired by sendMessage(REPORT_SV_STATUS, 0, com.android.server.location.GnssLocationProvider$SvStatusInfo@40c60c6)
01-15 19:52:15.098  3248  3261 I GnssLocationProvider: WakeLock released by handleMessage(REPORT_SV_STATUS, 0, com.android.server.location.GnssLocationProvider$SvStatusInfo@40c60c6)
01-15 19:52:16.102  3248  1829 I GnssLocationProvider: WakeLock acquired by sendMessage(REPORT_SV_STATUS, 0, com.android.server.location.GnssLocationProvider$SvStatusInfo@de5b887)
01-15 19:52:16.102  3248  3261 I GnssLocationProvider: WakeLock released by handleMessage(REPORT_SV_STATUS, 0, com.android.server.location.GnssLocationProvider$SvStatusInfo@de5b887)
01-15 19:52:16.218  1343  1343 D AndroidRuntime: >>>>>> START com.android.internal.os.RuntimeInit uid 2000 <<<<<<
01-15 19:52:16.219  1343  1343 E cutils-trace: Error opening trace file: No such file or directory (2)
01-15 19:52:16.253  1343  1343 I app_process: The ClassLoaderContext is a special shared library.
01-15 19:52:16.254  1343  1343 I app_process: The ClassLoaderContext is a special shared library.
01-15 19:52:16.264  1343  1343 D AndroidRuntime: Calling main entry com.android.commands.uiautomator.Launcher
01-15 19:52:16.272  4324  4426 I A       : NGA disabled due to not being eligible.
01-15 19:52:17.106  3248  1829 I GnssLocationProvider: WakeLock acquired by sendMessage(REPORT_SV_STATUS, 0, com.android.server.location.GnssLocationProvider$SvStatusInfo@7ddc352)
01-15 19:52:17.107  3248  3261 I GnssLocationProvider: WakeLock released by handleMessage(REPORT_SV_STATUS, 0, com.android.server.location.GnssLocationProvider$SvStatusInfo@7ddc352)
01-15 19:52:17.283  1343  1343 I AccessibilityNodeInfoDumper: Skipping invisible child: android.view.accessibility.AccessibilityNodeInfo@16f8c; boundsInParent: Rect(0, 0 - 0, 126); boundsInScreen: Rect(231, 986 - 231, 1112); packageName: com.google.android.packageinstaller; className: android.widget.LinearLayout; text: null; error: null; maxTextLength: -1; contentDescription: null; tooltipText: null; viewIdResName: null; checkable: false; checked: false; focusable: false; focused: false; selected: false; clickable: false; longClickable: false; contextClickable: false; enabled: true; password: false; scrollable: false; importantForAccessibility: false; visible: false; actions: [AccessibilityAction: ACTION_SELECT - null, AccessibilityAction: ACTION_CLEAR_SELECTION - null, AccessibilityAction: ACTION_ACCESSIBILITY_FOCUS - null, AccessibilityAction: ACTION_SHOW_ON_SCREEN - null]
01-15 19:52:17.283  1343  1343 W AccessibilityNodeInfoDumper: Fetch time: 4ms
01-15 19:52:16.270  3248  3248 V SettingsProvider: Notifying for 0: content://settings/secure/accessibility_enabled
01-15 19:52:17.284  3248  5330 W WindowManager: removeWindowToken: Attempted to remove non-existing token: android.os.Binder@872e3b4
01-15 19:52:17.285  3248  3248 V SettingsProvider: Notifying for 0: content://settings/secure/accessibility_enabled
01-15 19:52:17.290  4324  4422 I A       : NGA disabled due to not being eligible.
01-15 19:52:17.292  1343  1343 D AndroidRuntime: Shutting down VM
01-15 19:52:18.107  3248  1829 I GnssLocationProvider: WakeLock acquired by sendMessage(REPORT_SV_STATUS, 0, com.android.server.location.GnssLocationProvider$SvStatusInfo@3348720)
01-15 19:52:18.107  3248  3261 I GnssLocationProvider: WakeLock released by handleMessage(REPORT_SV_STATUS, 0, com.android.server.location.GnssLocationProvider$SvStatusInfo@3348720)
01-15 19:52:18.622  1383  1383 D AndroidRuntime: >>>>>> START com.android.internal.os.RuntimeInit uid 2000 <<<<<<
01-15 19:52:18.624  1383  1383 E cutils-trace: Error opening trace file: No such file or directory (2)
01-15 19:52:18.654  1383  1383 I app_process: The ClassLoaderContext is a special shared library.
01-15 19:52:18.654  1383  1383 I app_process: The ClassLoaderContext is a special shared library.
01-15 19:52:18.663  1383  1383 D AndroidRuntime: Calling main entry com.android.commands.uiautomator.Launcher
01-15 19:52:18.668  4324  4426 I A       : NGA disabled due to not being eligible.
01-15 19:52:19.109  3248  1829 I GnssLocationProvider: WakeLock acquired by sendMessage(REPORT_SV_STATUS, 0, com.android.server.location.GnssLocationProvider$SvStatusInfo@903317f)
01-15 19:52:19.110  3248  3261 I GnssLocationProvider: WakeLock released by handleMessage(REPORT_SV_STATUS, 0, com.android.server.location.GnssLocationProvider$SvStatusInfo@903317f)
01-15 19:52:19.685  1383  1383 I AccessibilityNodeInfoDumper: Skipping invisible child: android.view.accessibility.AccessibilityNodeInfo@16f93; boundsInParent: Rect(0, 0 - 0, 126); boundsInScreen: Rect(231, 986 - 231, 1112); packageName: com.google.android.packageinstaller; className: android.widget.LinearLayout; text: null; error: null; maxTextLength: -1; contentDescription: null; tooltipText: null; viewIdResName: null; checkable: false; checked: false; focusable: false; focused: false; selected: false; clickable: false; longClickable: false; contextClickable: false; enabled: true; password: false; scrollable: false; importantForAccessibility: false; visible: false; actions: [AccessibilityAction: ACTION_SELECT - null, AccessibilityAction: ACTION_CLEAR_SELECTION - null, AccessibilityAction: ACTION_ACCESSIBILITY_FOCUS - null, AccessibilityAction: ACTION_SHOW_ON_SCREEN - null]
01-15 19:52:19.685  1383  1383 W AccessibilityNodeInfoDumper: Fetch time: 7ms
01-15 19:52:18.667  3248  3248 V SettingsProvider: Notifying for 0: content://settings/secure/accessibility_enabled
01-15 19:52:19.687  3248  3847 W WindowManager: removeWindowToken: Attempted to remove non-existing token: android.os.Binder@14978d9
01-15 19:52:19.688  3248  3248 V SettingsProvider: Notifying for 0: content://settings/secure/accessibility_enabled
01-15 19:52:19.690  4324  4422 I A       : NGA disabled due to not being eligible.
01-15 19:52:19.692  1383  1383 D AndroidRuntime: Shutting down VM
01-15 19:52:20.107  3103  3657 E SurfaceFlinger: ro.sf.lcd_density must be defined as a build property
01-15 19:52:20.107  3010  3051 D gralloc_ranchu: gralloc_alloc: Creating ashmem region of size 8298496
01-15 19:52:20.111  3248  1829 I GnssLocationProvider: WakeLock acquired by sendMessage(REPORT_SV_STATUS, 0, com.android.server.location.GnssLocationProvider$SvStatusInfo@24fc995)
01-15 19:52:20.111  3248  3261 I GnssLocationProvider: WakeLock released by handleMessage(REPORT_SV_STATUS, 0, com.android.server.location.GnssLocationProvider$SvStatusInfo@24fc995)
01-15 19:52:20.111  1401  1401 E cutils-trace: Error opening trace file: No such file or directory (2)
01-15 19:52:20.122  1401  1401 D HostConnection: createUnique: call
01-15 19:52:20.122  1401  1401 D HostConnection: HostConnection::get() New Host Connection established 0x7e5bc41640, tid 1401
01-15 19:52:20.125  1401  1401 D HostConnection: HostComposition ext ANDROID_EMU_CHECKSUM_HELPER_v1 ANDROID_EMU_sync_buffer_data GL_OES_EGL_image_external_essl3 GL_OES_vertex_array_object GL_KHR_texture_compression_astc_ldr ANDROID_EMU_host_side_tracing ANDROID_EMU_gles_max_version_3_0 
01-15 19:52:20.569  3248  3261 E memtrack: Couldn't load memtrack module
01-15 19:52:20.569  3248  3261 W android.os.Debug: failed to get memory consumption info: -1
01-15 19:52:20.582  3891  3891 D MediaScannerReceiver: action: android.intent.action.MEDIA_SCANNER_SCAN_FILE path: /storage/emulated/0/screen.png
01-15 19:52:20.583  3248  3261 E memtrack: Couldn't load memtrack module
01-15 19:52:20.583  3248  3261 W android.os.Debug: failed to get memory consumption info: -1
01-15 19:52:20.595  3248  3261 E memtrack: Couldn't load memtrack module
01-15 19:52:20.595  3248  3261 W android.os.Debug: failed to get memory consumption info: -1
01-15 19:52:21.117  3248  1829 I GnssLocationProvider: WakeLock acquired by sendMessage(REPORT_SV_STATUS, 0, com.android.server.location.GnssLocationProvider$SvStatusInfo@f381a38)
01-15 19:52:21.119  3248  3261 I GnssLocationProvider: WakeLock released by handleMessage(REPORT_SV_STATUS, 0, com.android.server.location.GnssLocationProvider$SvStatusInfo@f381a38)
01-15 19:52:22.120  3248  1829 I GnssLocationProvider: WakeLock acquired by sendMessage(REPORT_SV_STATUS, 0, com.android.server.location.GnssLocationProvider$SvStatusInfo@2306a11)
01-15 19:52:22.123  3248  3261 I GnssLocationProvider: WakeLock released by handleMessage(REPORT_SV_STATUS, 0, com.android.server.location.GnssLocationProvider$SvStatusInfo@2306a11)
01-15 19:52:23.087  1414  1414 D AndroidRuntime: >>>>>> START com.android.internal.os.RuntimeInit uid 2000 <<<<<<
01-15 19:52:23.088  1414  1414 E cutils-trace: Error opening trace file: No such file or directory (2)
01-15 19:52:23.119  1414  1414 I app_process: The ClassLoaderContext is a special shared library.
01-15 19:52:23.119  1414  1414 I app_process: The ClassLoaderContext is a special shared library.
01-15 19:52:23.124  3248  1829 I GnssLocationProvider: WakeLock acquired by sendMessage(REPORT_SV_STATUS, 0, com.android.server.location.GnssLocationProvider$SvStatusInfo@9148776)
01-15 19:52:23.124  3248  3261 I GnssLocationProvider: WakeLock released by handleMessage(REPORT_SV_STATUS, 0, com.android.server.location.GnssLocationProvider$SvStatusInfo@9148776)
01-15 19:52:23.130  1414  1414 D AndroidRuntime: Calling main entry com.android.commands.uiautomator.Launcher
01-15 19:52:23.135  4324  4426 I A       : NGA disabled due to not being eligible.
01-15 19:52:24.131  3248  1829 I GnssLocationProvider: WakeLock acquired by sendMessage(REPORT_SV_STATUS, 0, com.android.server.location.GnssLocationProvider$SvStatusInfo@aa0964d)
01-15 19:52:24.131  3248  3261 I GnssLocationProvider: WakeLock released by handleMessage(REPORT_SV_STATUS, 0, com.android.server.location.GnssLocationProvider$SvStatusInfo@aa0964d)
01-15 19:52:24.152  1414  1414 I AccessibilityNodeInfoDumper: Skipping invisible child: android.view.accessibility.AccessibilityNodeInfo@16f9f; boundsInParent: Rect(0, 0 - 0, 126); boundsInScreen: Rect(231, 986 - 231, 1112); packageName: com.google.android.packageinstaller; className: android.widget.LinearLayout; text: null; error: null; maxTextLength: -1; contentDescription: null; tooltipText: null; viewIdResName: null; checkable: false; checked: false; focusable: false; focused: false; selected: false; clickable: false; longClickable: false; contextClickable: false; enabled: true; password: false; scrollable: false; importantForAccessibility: false; visible: false; actions: [AccessibilityAction: ACTION_SELECT - null, AccessibilityAction: ACTION_CLEAR_SELECTION - null, AccessibilityAction: ACTION_ACCESSIBILITY_FOCUS - null, AccessibilityAction: ACTION_SHOW_ON_SCREEN - null]
01-15 19:52:24.153  1414  1414 W AccessibilityNodeInfoDumper: Fetch time: 7ms
01-15 19:52:23.134  3248  3248 V SettingsProvider: Notifying for 0: content://settings/secure/accessibility_enabled
01-15 19:52:24.154  3248  4732 W WindowManager: removeWindowToken: Attempted to remove non-existing token: android.os.Binder@a47d177
01-15 19:52:24.155  3248  3248 V SettingsProvider: Notifying for 0: content://settings/secure/accessibility_enabled
01-15 19:52:24.157  4324  4422 I A       : NGA disabled due to not being eligible.
01-15 19:52:24.160  1414  1414 D AndroidRuntime: Shutting down VM
01-15 19:52:25.132  3248  1829 I GnssLocationProvider: WakeLock acquired by sendMessage(REPORT_SV_STATUS, 0, com.android.server.location.GnssLocationProvider$SvStatusInfo@de0e13)
01-15 19:52:25.132  3248  3261 I GnssLocationProvider: WakeLock released by handleMessage(REPORT_SV_STATUS, 0, com.android.server.location.GnssLocationProvider$SvStatusInfo@de0e13)
01-15 19:52:26.136  3248  1829 I GnssLocationProvider: WakeLock acquired by sendMessage(REPORT_SV_STATUS, 0, com.android.server.location.GnssLocationProvider$SvStatusInfo@c87f850)
01-15 19:52:26.136  3248  3261 I GnssLocationProvider: WakeLock released by handleMessage(REPORT_SV_STATUS, 0, com.android.server.location.GnssLocationProvider$SvStatusInfo@c87f850)
01-15 19:52:26.523  1433  1433 D AndroidRuntime: >>>>>> START com.android.internal.os.RuntimeInit uid 2000 <<<<<<
01-15 19:52:26.525  1433  1433 E cutils-trace: Error opening trace file: No such file or directory (2)
01-15 19:52:26.555  1433  1433 I app_process: The ClassLoaderContext is a special shared library.
01-15 19:52:26.556  1433  1433 I app_process: The ClassLoaderContext is a special shared library.
01-15 19:52:26.566  1433  1433 D AndroidRuntime: Calling main entry com.android.commands.uiautomator.Launcher
01-15 19:52:26.571  4324  4426 I A       : NGA disabled due to not being eligible.
01-15 19:52:27.137  3248  1829 I GnssLocationProvider: WakeLock acquired by sendMessage(REPORT_SV_STATUS, 0, com.android.server.location.GnssLocationProvider$SvStatusInfo@c91786f)
01-15 19:52:27.138  3248  3261 I GnssLocationProvider: WakeLock released by handleMessage(REPORT_SV_STATUS, 0, com.android.server.location.GnssLocationProvider$SvStatusInfo@c91786f)
01-15 19:52:27.584  1433  1433 I AccessibilityNodeInfoDumper: Skipping invisible child: android.view.accessibility.AccessibilityNodeInfo@16fae; boundsInParent: Rect(0, 0 - 0, 126); boundsInScreen: Rect(231, 986 - 231, 1112); packageName: com.google.android.packageinstaller; className: android.widget.LinearLayout; text: null; error: null; maxTextLength: -1; contentDescription: null; tooltipText: null; viewIdResName: null; checkable: false; checked: false; focusable: false; focused: false; selected: false; clickable: false; longClickable: false; contextClickable: false; enabled: true; password: false; scrollable: false; importantForAccessibility: false; visible: false; actions: [AccessibilityAction: ACTION_SELECT - null, AccessibilityAction: ACTION_CLEAR_SELECTION - null, AccessibilityAction: ACTION_ACCESSIBILITY_FOCUS - null, AccessibilityAction: ACTION_SHOW_ON_SCREEN - null]
01-15 19:52:27.585  1433  1433 W AccessibilityNodeInfoDumper: Fetch time: 5ms
01-15 19:52:26.569  3248  3248 V SettingsProvider: Notifying for 0: content://settings/secure/accessibility_enabled
01-15 19:52:27.586  3248  5830 W WindowManager: removeWindowToken: Attempted to remove non-existing token: android.os.Binder@16d4a49
01-15 19:52:27.587  3248  3248 V SettingsProvider: Notifying for 0: content://settings/secure/accessibility_enabled
01-15 19:52:27.590  4324  4422 I A       : NGA disabled due to not being eligible.
01-15 19:52:27.595  1433  1433 D AndroidRuntime: Shutting down VM
01-15 19:52:27.992  1451  1451 D AndroidRuntime: >>>>>> START com.android.internal.os.RuntimeInit uid 2000 <<<<<<
01-15 19:52:27.994  1451  1451 E cutils-trace: Error opening trace file: No such file or directory (2)
01-15 19:52:28.023  1451  1451 I app_process: The ClassLoaderContext is a special shared library.
01-15 19:52:28.024  1451  1451 I app_process: The ClassLoaderContext is a special shared library.
01-15 19:52:28.034  1451  1451 D AndroidRuntime: Calling main entry com.android.commands.uiautomator.Launcher
01-15 19:52:28.039  4324  4426 I A       : NGA disabled due to not being eligible.
01-15 19:52:28.140  3248  1829 I GnssLocationProvider: WakeLock acquired by sendMessage(REPORT_SV_STATUS, 0, com.android.server.location.GnssLocationProvider$SvStatusInfo@b672c8b)
01-15 19:52:28.140  3248  3261 I GnssLocationProvider: WakeLock released by handleMessage(REPORT_SV_STATUS, 0, com.android.server.location.GnssLocationProvider$SvStatusInfo@b672c8b)
01-15 19:52:29.056  1451  1451 I AccessibilityNodeInfoDumper: Skipping invisible child: android.view.accessibility.AccessibilityNodeInfo@16fbe; boundsInParent: Rect(0, 0 - 0, 126); boundsInScreen: Rect(231, 986 - 231, 1112); packageName: com.google.android.packageinstaller; className: android.widget.LinearLayout; text: null; error: null; maxTextLength: -1; contentDescription: null; tooltipText: null; viewIdResName: null; checkable: false; checked: false; focusable: false; focused: false; selected: false; clickable: false; longClickable: false; contextClickable: false; enabled: true; password: false; scrollable: false; importantForAccessibility: false; visible: false; actions: [AccessibilityAction: ACTION_SELECT - null, AccessibilityAction: ACTION_CLEAR_SELECTION - null, AccessibilityAction: ACTION_ACCESSIBILITY_FOCUS - null, AccessibilityAction: ACTION_SHOW_ON_SCREEN - null]
01-15 19:52:29.056  1451  1451 W AccessibilityNodeInfoDumper: Fetch time: 7ms
01-15 19:52:28.038  3248  3248 V SettingsProvider: Notifying for 0: content://settings/secure/accessibility_enabled
01-15 19:52:29.057  3248  5830 W WindowManager: removeWindowToken: Attempted to remove non-existing token: android.os.Binder@2374205
01-15 19:52:29.059  3248  3248 V SettingsProvider: Notifying for 0: content://settings/secure/accessibility_enabled
01-15 19:52:29.062  4324  4422 I A       : NGA disabled due to not being eligible.
01-15 19:52:29.066  1451  1451 D AndroidRuntime: Shutting down VM
01-15 19:52:29.146  3248  1829 I GnssLocationProvider: WakeLock acquired by sendMessage(REPORT_SV_STATUS, 0, com.android.server.location.GnssLocationProvider$SvStatusInfo@7eef981)
01-15 19:52:29.146  3248  3261 I GnssLocationProvider: WakeLock released by handleMessage(REPORT_SV_STATUS, 0, com.android.server.location.GnssLocationProvider$SvStatusInfo@7eef981)
01-15 19:52:29.472  1469  1469 D AndroidRuntime: >>>>>> START com.android.internal.os.RuntimeInit uid 2000 <<<<<<
01-15 19:52:29.474  1469  1469 E cutils-trace: Error opening trace file: No such file or directory (2)
01-15 19:52:29.503  1469  1469 I app_process: The ClassLoaderContext is a special shared library.
01-15 19:52:29.503  1469  1469 I app_process: The ClassLoaderContext is a special shared library.
01-15 19:52:29.513  1469  1469 D AndroidRuntime: Calling main entry com.android.commands.uiautomator.Launcher
01-15 19:52:29.518  4324  4426 I A       : NGA disabled due to not being eligible.
01-15 19:52:30.150  3248  1829 I GnssLocationProvider: WakeLock acquired by sendMessage(REPORT_SV_STATUS, 0, com.android.server.location.GnssLocationProvider$SvStatusInfo@6324c14)
01-15 19:52:30.150  3248  3261 I GnssLocationProvider: WakeLock released by handleMessage(REPORT_SV_STATUS, 0, com.android.server.location.GnssLocationProvider$SvStatusInfo@6324c14)
01-15 19:52:30.535  1469  1469 I AccessibilityNodeInfoDumper: Skipping invisible child: android.view.accessibility.AccessibilityNodeInfo@16fc2; boundsInParent: Rect(0, 0 - 0, 126); boundsInScreen: Rect(231, 986 - 231, 1112); packageName: com.google.android.packageinstaller; className: android.widget.LinearLayout; text: null; error: null; maxTextLength: -1; contentDescription: null; tooltipText: null; viewIdResName: null; checkable: false; checked: false; focusable: false; focused: false; selected: false; clickable: false; longClickable: false; contextClickable: false; enabled: true; password: false; scrollable: false; importantForAccessibility: false; visible: false; actions: [AccessibilityAction: ACTION_SELECT - null, AccessibilityAction: ACTION_CLEAR_SELECTION - null, AccessibilityAction: ACTION_ACCESSIBILITY_FOCUS - null, AccessibilityAction: ACTION_SHOW_ON_SCREEN - null]
01-15 19:52:30.536  1469  1469 W AccessibilityNodeInfoDumper: Fetch time: 5ms
01-15 19:52:29.516  3248  3248 V SettingsProvider: Notifying for 0: content://settings/secure/accessibility_enabled
01-15 19:52:30.537  3248  5830 W WindowManager: removeWindowToken: Attempted to remove non-existing token: android.os.Binder@b8bba26
01-15 19:52:30.538  3248  3248 V SettingsProvider: Notifying for 0: content://settings/secure/accessibility_enabled
01-15 19:52:30.541  4324  4422 I A       : NGA disabled due to not being eligible.
01-15 19:52:30.545  1469  1469 D AndroidRuntime: Shutting down VM
01-15 19:52:30.794  3248  5830 W ActivityManager: Unable to start service Intent { act=com.google.android.gms.photos.autobackup.service.START pkg=com.google.android.gms } U=0: not found
01-15 19:52:30.795  3248  5830 W ActivityManager: Unbind failed: could not find connection for android.os.BinderProxy@e844f1
01-15 19:52:30.801  6274  6316 W native  : jpeg_io.cc:108 File's first two bytes does not match the sequence 216
01-15 19:52:30.824  3248  5548 W ActivityManager: Unable to start service Intent { act=com.google.android.gms.photos.autobackup.service.START pkg=com.google.android.gms } U=0: not found
01-15 19:52:30.825  3248  5548 W ActivityManager: Unbind failed: could not find connection for android.os.BinderProxy@b4cf8d6
01-15 19:52:30.942  1488  1488 D AndroidRuntime: >>>>>> START com.android.internal.os.RuntimeInit uid 2000 <<<<<<
01-15 19:52:30.944  1488  1488 E cutils-trace: Error opening trace file: No such file or directory (2)
01-15 19:52:30.974  1488  1488 I app_process: The ClassLoaderContext is a special shared library.
01-15 19:52:30.985  1488  1488 D AndroidRuntime: Calling main entry com.android.commands.monkey.Monkey
01-15 19:52:30.986  1488  1488 W Monkey  : args: [-p, io.lerk.lrkFM, -c, android.intent.category.LAUNCHER, 1]
01-15 19:52:30.986  1488  1488 W Monkey  :  arg: "-p"
01-15 19:52:30.986  1488  1488 W Monkey  :  arg: "io.lerk.lrkFM"
01-15 19:52:30.986  1488  1488 W Monkey  :  arg: "-c"
01-15 19:52:30.986  1488  1488 W Monkey  :  arg: "android.intent.category.LAUNCHER"
01-15 19:52:30.986  1488  1488 W Monkey  :  arg: "1"
01-15 19:52:30.986  1488  1488 W Monkey  : data="io.lerk.lrkFM"
01-15 19:52:30.986  1488  1488 W Monkey  : data="android.intent.category.LAUNCHER"
01-15 19:52:30.994  3248  3262 W BroadcastQueue: Skipping deliver [background] BroadcastRecord{bab3f2d u-1 android.net.conn.CONNECTIVITY_CHANGE} to ReceiverList{ef7cc62 1488 (unknown name)/2000/u-1 remote:f1b5757}: process gone or crashing
01-15 19:52:30.998  3248  5548 I ActivityManager: START u0 {act=android.intent.action.MAIN cat=[android.intent.category.LAUNCHER] flg=0x10200000 cmp=io.lerk.lrkFM/.activities.FileActivity} from uid 2000
01-15 19:52:30.998  3248  5548 W Binder  : Outgoing transactions from this process must be FLAG_ONEWAY
01-15 19:52:30.998  3248  5548 W Binder  : java.lang.Throwable
01-15 19:52:30.998  3248  5548 W Binder  : 	at android.os.BinderProxy.transact(Binder.java:1114)
01-15 19:52:30.998  3248  5548 W Binder  : 	at android.app.IActivityController$Stub$Proxy.activityStarting(IActivityController.java:176)
01-15 19:52:30.998  3248  5548 W Binder  : 	at com.android.server.am.ActivityStarter.startActivity(ActivityStarter.java:737)
01-15 19:52:30.998  3248  5548 W Binder  : 	at com.android.server.am.ActivityStarter.startActivity(ActivityStarter.java:544)
01-15 19:52:30.998  3248  5548 W Binder  : 	at com.android.server.am.ActivityStarter.startActivityMayWait(ActivityStarter.java:1099)
01-15 19:52:30.998  3248  5548 W Binder  : 	at com.android.server.am.ActivityStarter.execute(ActivityStarter.java:486)
01-15 19:52:30.998  3248  5548 W Binder  : 	at com.android.server.am.ActivityManagerService.startActivityAsUser(ActivityManagerService.java:5120)
01-15 19:52:30.998  3248  5548 W Binder  : 	at com.android.server.am.ActivityManagerService.startActivityAsUser(ActivityManagerService.java:5094)
01-15 19:52:30.998  3248  5548 W Binder  : 	at com.android.server.am.ActivityManagerService.startActivity(ActivityManagerService.java:5085)
01-15 19:52:30.998  3248  5548 W Binder  : 	at android.app.IActivityManager$Stub.onTransact$startActivity$(IActivityManager.java:10084)
01-15 19:52:30.998  3248  5548 W Binder  : 	at android.app.IActivityManager$Stub.onTransact(IActivityManager.java:122)
01-15 19:52:30.998  3248  5548 W Binder  : 	at com.android.server.am.ActivityManagerService.onTransact(ActivityManagerService.java:3291)
01-15 19:52:30.998  3248  5548 W Binder  : 	at android.os.Binder.execTransact(Binder.java:731)
01-15 19:52:31.016 32759 32759 W ActivityThread: handleWindowVisibility: no activity for token android.os.BinderProxy@9c84ca0
01-15 19:52:31.021  1488  1488 I Monkey  : Events injected: 1
01-15 19:52:31.021  3248  3248 V SettingsProvider: Notifying for 0: content://settings/system/accelerometer_rotation
01-15 19:52:31.022  3248  5830 I ActivityManager: START u0 {cmp=io.lerk.lrkFM/.activities.IntroActivity} from uid 10111
01-15 19:52:31.024  3248  3248 V SettingsProvider: Notifying for 0: content://settings/system/accelerometer_rotation
01-15 19:52:31.028  1488  1488 I Monkey  : ## Network stats: elapsed time=26ms (0ms mobile, 0ms wifi, 26ms not connected)
01-15 19:52:31.031  1488  1488 I app_process: System.exit called, status: 0
01-15 19:52:31.031  1488  1488 I AndroidRuntime: VM exiting with result code 0.
01-15 19:52:31.050  3010  3051 D gralloc_ranchu: gralloc_alloc: Creating ashmem region of size 8298496
01-15 19:52:31.058  3248  5301 I ActivityManager: START u0 {act=android.content.pm.action.REQUEST_PERMISSIONS pkg=com.google.android.packageinstaller cmp=com.google.android.packageinstaller/com.android.packageinstaller.permission.ui.GrantPermissionsActivity (has extras)} from uid 10111
01-15 19:52:31.069 32759 32759 D io.lerk.lrkFM.activities.FileActivity: User has no bookmarks
01-15 19:52:31.076 32759 32759 D io.lerk.lrkFM.util.DiskUtil: Free disk space: 1165
01-15 19:52:31.085   313   313 W ActivityThread: handleWindowVisibility: no activity for token android.os.BinderProxy@2cc920a
