01-15 19:55:36.185  4324  4428 I A       : NGA disabled due to not being eligible.
01-15 19:55:36.841  3248  1829 I GnssLocationProvider: WakeLock acquired by sendMessage(REPORT_SV_STATUS, 0, com.android.server.location.GnssLocationProvider$SvStatusInfo@edf5cb8)
01-15 19:55:36.842  3248  3261 I GnssLocationProvider: WakeLock released by handleMessage(REPORT_SV_STATUS, 0, com.android.server.location.GnssLocationProvider$SvStatusInfo@edf5cb8)
01-15 19:55:37.198  5114  5114 I AccessibilityNodeInfoDumper: Skipping invisible child: android.view.accessibility.AccessibilityNodeInfo@17d41; boundsInParent: Rect(0, 0 - 0, 71); boundsInScreen: Rect(42, 101 - 42, 172); packageName: io.lerk.lrkFM; className: android.widget.TextView; text: Welcome; error: null; maxTextLength: -1; contentDescription: null; tooltipText: null; viewIdResName: null; checkable: false; checked: false; focusable: false; focused: false; selected: false; clickable: false; longClickable: false; contextClickable: false; enabled: true; password: false; scrollable: false; importantForAccessibility: true; visible: false; actions: [AccessibilityAction: ACTION_SELECT - null, AccessibilityAction: ACTION_CLEAR_SELECTION - null, AccessibilityAction: ACTION_ACCESSIBILITY_FOCUS - null, AccessibilityAction: ACTION_NEXT_AT_MOVEMENT_GRANULARITY - null, AccessibilityAction: ACTION_PREVIOUS_AT_MOVEMENT_GRANULARITY - null, AccessibilityAction: ACTION_SET_SELECTION - null, AccessibilityAction: ACTION_SHOW_ON_SCREEN - null]
01-15 19:55:37.198  5114  5114 I AccessibilityNodeInfoDumper: Skipping invisible child: android.view.accessibility.AccessibilityNodeInfo@18102; boundsInParent: Rect(0, 0 - 0, 147); boundsInScreen: Rect(1080, 63 - 1080, 210); packageName: io.lerk.lrkFM; className: android.support.v7.widget.LinearLayoutCompat; text: null; error: null; maxTextLength: -1; contentDescription: null; tooltipText: null; viewIdResName: null; checkable: false; checked: false; focusable: false; focused: false; selected: false; clickable: false; longClickable: false; contextClickable: false; enabled: true; password: false; scrollable: false; importantForAccessibility: false; visible: false; actions: [AccessibilityAction: ACTION_SELECT - null, AccessibilityAction: ACTION_CLEAR_SELECTION - null, AccessibilityAction: ACTION_ACCESSIBILITY_FOCUS - null, AccessibilityAction: ACTION_SHOW_ON_SCREEN - null]
01-15 19:55:37.200  5114  5114 W AccessibilityNodeInfoDumper: Fetch time: 4ms
01-15 19:55:36.184  3248  3248 V SettingsProvider: Notifying for 0: content://settings/secure/accessibility_enabled
01-15 19:55:37.203  3248  5874 W WindowManager: removeWindowToken: Attempted to remove non-existing token: android.os.Binder@61e492a
01-15 19:55:37.203  3248  3248 V SettingsProvider: Notifying for 0: content://settings/secure/accessibility_enabled
01-15 19:55:37.205  4324  4422 I A       : NGA disabled due to not being eligible.
01-15 19:55:37.208  5114  5114 D AndroidRuntime: Shutting down VM
01-15 19:55:37.726  5136  5136 D AndroidRuntime: >>>>>> START com.android.internal.os.RuntimeInit uid 2000 <<<<<<
01-15 19:55:37.728  5136  5136 E cutils-trace: Error opening trace file: No such file or directory (2)
01-15 19:55:37.771  5136  5136 I app_process: The ClassLoaderContext is a special shared library.
01-15 19:55:37.772  5136  5136 I app_process: The ClassLoaderContext is a special shared library.
01-15 19:55:37.789  5136  5136 D AndroidRuntime: Calling main entry com.android.commands.uiautomator.Launcher
01-15 19:55:37.802  4324  4428 I A       : NGA disabled due to not being eligible.
01-15 19:55:37.844  3248  1829 I GnssLocationProvider: WakeLock acquired by sendMessage(REPORT_SV_STATUS, 0, com.android.server.location.GnssLocationProvider$SvStatusInfo@e898c64)
01-15 19:55:37.844  3248  3261 I GnssLocationProvider: WakeLock released by handleMessage(REPORT_SV_STATUS, 0, com.android.server.location.GnssLocationProvider$SvStatusInfo@e898c64)
01-15 19:55:38.816  5136  5136 I AccessibilityNodeInfoDumper: Skipping invisible child: android.view.accessibility.AccessibilityNodeInfo@17d4a; boundsInParent: Rect(0, 0 - 0, 71); boundsInScreen: Rect(42, 101 - 42, 172); packageName: io.lerk.lrkFM; className: android.widget.TextView; text: Welcome; error: null; maxTextLength: -1; contentDescription: null; tooltipText: null; viewIdResName: null; checkable: false; checked: false; focusable: false; focused: false; selected: false; clickable: false; longClickable: false; contextClickable: false; enabled: true; password: false; scrollable: false; importantForAccessibility: true; visible: false; actions: [AccessibilityAction: ACTION_SELECT - null, AccessibilityAction: ACTION_CLEAR_SELECTION - null, AccessibilityAction: ACTION_ACCESSIBILITY_FOCUS - null, AccessibilityAction: ACTION_NEXT_AT_MOVEMENT_GRANULARITY - null, AccessibilityAction: ACTION_PREVIOUS_AT_MOVEMENT_GRANULARITY - null, AccessibilityAction: ACTION_SET_SELECTION - null, AccessibilityAction: ACTION_SHOW_ON_SCREEN - null]
01-15 19:55:38.816  5136  5136 I AccessibilityNodeInfoDumper: Skipping invisible child: android.view.accessibility.AccessibilityNodeInfo@1810b; boundsInParent: Rect(0, 0 - 0, 147); boundsInScreen: Rect(1080, 63 - 1080, 210); packageName: io.lerk.lrkFM; className: android.support.v7.widget.LinearLayoutCompat; text: null; error: null; maxTextLength: -1; contentDescription: null; tooltipText: null; viewIdResName: null; checkable: false; checked: false; focusable: false; focused: false; selected: false; clickable: false; longClickable: false; contextClickable: false; enabled: true; password: false; scrollable: false; importantForAccessibility: false; visible: false; actions: [AccessibilityAction: ACTION_SELECT - null, AccessibilityAction: ACTION_CLEAR_SELECTION - null, AccessibilityAction: ACTION_ACCESSIBILITY_FOCUS - null, AccessibilityAction: ACTION_SHOW_ON_SCREEN - null]
01-15 19:55:38.819  5136  5136 W AccessibilityNodeInfoDumper: Fetch time: 6ms
01-15 19:55:37.795  3248  3248 V SettingsProvider: Notifying for 0: content://settings/secure/accessibility_enabled
01-15 19:55:38.820  3248  5874 W WindowManager: removeWindowToken: Attempted to remove non-existing token: android.os.Binder@7afcdf6
01-15 19:55:38.821  3248  3248 V SettingsProvider: Notifying for 0: content://settings/secure/accessibility_enabled
01-15 19:55:38.824  4324  4422 I A       : NGA disabled due to not being eligible.
01-15 19:55:38.830  5136  5136 D AndroidRuntime: Shutting down VM
01-15 19:55:38.849  3248  1829 I GnssLocationProvider: WakeLock acquired by sendMessage(REPORT_SV_STATUS, 0, com.android.server.location.GnssLocationProvider$SvStatusInfo@802d382)
01-15 19:55:38.849  3248  3261 I GnssLocationProvider: WakeLock released by handleMessage(REPORT_SV_STATUS, 0, com.android.server.location.GnssLocationProvider$SvStatusInfo@802d382)
01-15 19:55:39.228  5156  5156 D AndroidRuntime: >>>>>> START com.android.internal.os.RuntimeInit uid 2000 <<<<<<
01-15 19:55:39.229  5156  5156 E cutils-trace: Error opening trace file: No such file or directory (2)
01-15 19:55:39.259  5156  5156 I app_process: The ClassLoaderContext is a special shared library.
01-15 19:55:39.259  5156  5156 I app_process: The ClassLoaderContext is a special shared library.
01-15 19:55:39.268  5156  5156 D AndroidRuntime: Calling main entry com.android.commands.uiautomator.Launcher
01-15 19:55:39.273  4324  4428 I A       : NGA disabled due to not being eligible.
01-15 19:55:39.855  3248  1829 I GnssLocationProvider: WakeLock acquired by sendMessage(REPORT_SV_STATUS, 0, com.android.server.location.GnssLocationProvider$SvStatusInfo@ad12ac9)
01-15 19:55:39.856  3248  3261 I GnssLocationProvider: WakeLock released by handleMessage(REPORT_SV_STATUS, 0, com.android.server.location.GnssLocationProvider$SvStatusInfo@ad12ac9)
01-15 19:55:40.293  5156  5156 I AccessibilityNodeInfoDumper: Skipping invisible child: android.view.accessibility.AccessibilityNodeInfo@17d55; boundsInParent: Rect(0, 0 - 0, 71); boundsInScreen: Rect(42, 101 - 42, 172); packageName: io.lerk.lrkFM; className: android.widget.TextView; text: Welcome; error: null; maxTextLength: -1; contentDescription: null; tooltipText: null; viewIdResName: null; checkable: false; checked: false; focusable: false; focused: false; selected: false; clickable: false; longClickable: false; contextClickable: false; enabled: true; password: false; scrollable: false; importantForAccessibility: true; visible: false; actions: [AccessibilityAction: ACTION_SELECT - null, AccessibilityAction: ACTION_CLEAR_SELECTION - null, AccessibilityAction: ACTION_ACCESSIBILITY_FOCUS - null, AccessibilityAction: ACTION_NEXT_AT_MOVEMENT_GRANULARITY - null, AccessibilityAction: ACTION_PREVIOUS_AT_MOVEMENT_GRANULARITY - null, AccessibilityAction: ACTION_SET_SELECTION - null, AccessibilityAction: ACTION_SHOW_ON_SCREEN - null]
01-15 19:55:40.294  5156  5156 I AccessibilityNodeInfoDumper: Skipping invisible child: android.view.accessibility.AccessibilityNodeInfo@18116; boundsInParent: Rect(0, 0 - 0, 147); boundsInScreen: Rect(1080, 63 - 1080, 210); packageName: io.lerk.lrkFM; className: android.support.v7.widget.LinearLayoutCompat; text: null; error: null; maxTextLength: -1; contentDescription: null; tooltipText: null; viewIdResName: null; checkable: false; checked: false; focusable: false; focused: false; selected: false; clickable: false; longClickable: false; contextClickable: false; enabled: true; password: false; scrollable: false; importantForAccessibility: false; visible: false; actions: [AccessibilityAction: ACTION_SELECT - null, AccessibilityAction: ACTION_CLEAR_SELECTION - null, AccessibilityAction: ACTION_ACCESSIBILITY_FOCUS - null, AccessibilityAction: ACTION_SHOW_ON_SCREEN - null]
01-15 19:55:40.295  5156  5156 W AccessibilityNodeInfoDumper: Fetch time: 8ms
01-15 19:55:39.272  3248  3248 V SettingsProvider: Notifying for 0: content://settings/secure/accessibility_enabled
01-15 19:55:40.299  3248  5874 W WindowManager: removeWindowToken: Attempted to remove non-existing token: android.os.Binder@e31da93
01-15 19:55:40.300  3248  3248 V SettingsProvider: Notifying for 0: content://settings/secure/accessibility_enabled
01-15 19:55:40.303  4324  4422 I A       : NGA disabled due to not being eligible.
01-15 19:55:40.306  5156  5156 D AndroidRuntime: Shutting down VM
01-15 19:55:40.568  3248  4199 W ActivityManager: Unable to start service Intent { act=com.google.android.gms.photos.autobackup.service.START pkg=com.google.android.gms } U=0: not found
01-15 19:55:40.568  3248  4199 W ActivityManager: Unbind failed: could not find connection for android.os.BinderProxy@2d61e7e
01-15 19:55:40.609  6274  6316 W native  : jpeg_io.cc:108 File's first two bytes does not match the sequence 216
01-15 19:55:40.636  3248  3846 W ActivityManager: Unable to start service Intent { act=com.google.android.gms.photos.autobackup.service.START pkg=com.google.android.gms } U=0: not found
01-15 19:55:40.636  3248  3846 W ActivityManager: Unbind failed: could not find connection for android.os.BinderProxy@5e98fdf
01-15 19:55:40.773  5181  5181 D AndroidRuntime: >>>>>> START com.android.internal.os.RuntimeInit uid 2000 <<<<<<
01-15 19:55:40.775  5181  5181 E cutils-trace: Error opening trace file: No such file or directory (2)
01-15 19:55:40.811  5181  5181 I app_process: The ClassLoaderContext is a special shared library.
01-15 19:55:40.812  5181  5181 I app_process: The ClassLoaderContext is a special shared library.
01-15 19:55:40.822  5181  5181 D AndroidRuntime: Calling main entry com.android.commands.uiautomator.Launcher
01-15 19:55:40.827  3248  3248 V SettingsProvider: Notifying for 0: content://settings/secure/accessibility_enabled
01-15 19:55:40.831  4324  4428 I A       : NGA disabled due to not being eligible.
01-15 19:55:40.859  3248  1829 I GnssLocationProvider: WakeLock acquired by sendMessage(REPORT_SV_STATUS, 0, com.android.server.location.GnssLocationProvider$SvStatusInfo@ab1a48a)
01-15 19:55:40.859  3248  3261 I GnssLocationProvider: WakeLock released by handleMessage(REPORT_SV_STATUS, 0, com.android.server.location.GnssLocationProvider$SvStatusInfo@ab1a48a)
01-15 19:55:41.848  5181  5181 I AccessibilityNodeInfoDumper: Skipping invisible child: android.view.accessibility.AccessibilityNodeInfo@17d5e; boundsInParent: Rect(0, 0 - 0, 71); boundsInScreen: Rect(42, 101 - 42, 172); packageName: io.lerk.lrkFM; className: android.widget.TextView; text: Welcome; error: null; maxTextLength: -1; contentDescription: null; tooltipText: null; viewIdResName: null; checkable: false; checked: false; focusable: false; focused: false; selected: false; clickable: false; longClickable: false; contextClickable: false; enabled: true; password: false; scrollable: false; importantForAccessibility: true; visible: false; actions: [AccessibilityAction: ACTION_SELECT - null, AccessibilityAction: ACTION_CLEAR_SELECTION - null, AccessibilityAction: ACTION_ACCESSIBILITY_FOCUS - null, AccessibilityAction: ACTION_NEXT_AT_MOVEMENT_GRANULARITY - null, AccessibilityAction: ACTION_PREVIOUS_AT_MOVEMENT_GRANULARITY - null, AccessibilityAction: ACTION_SET_SELECTION - null, AccessibilityAction: ACTION_SHOW_ON_SCREEN - null]
01-15 19:55:41.848  5181  5181 I AccessibilityNodeInfoDumper: Skipping invisible child: android.view.accessibility.AccessibilityNodeInfo@1811f; boundsInParent: Rect(0, 0 - 0, 147); boundsInScreen: Rect(1080, 63 - 1080, 210); packageName: io.lerk.lrkFM; className: android.support.v7.widget.LinearLayoutCompat; text: null; error: null; maxTextLength: -1; contentDescription: null; tooltipText: null; viewIdResName: null; checkable: false; checked: false; focusable: false; focused: false; selected: false; clickable: false; longClickable: false; contextClickable: false; enabled: true; password: false; scrollable: false; importantForAccessibility: false; visible: false; actions: [AccessibilityAction: ACTION_SELECT - null, AccessibilityAction: ACTION_CLEAR_SELECTION - null, AccessibilityAction: ACTION_ACCESSIBILITY_FOCUS - null, AccessibilityAction: ACTION_SHOW_ON_SCREEN - null]
01-15 19:55:41.852  5181  5181 W AccessibilityNodeInfoDumper: Fetch time: 7ms
01-15 19:55:41.852  3248  5827 W WindowManager: removeWindowToken: Attempted to remove non-existing token: android.os.Binder@3c2642c
01-15 19:55:41.854  3248  3248 V SettingsProvider: Notifying for 0: content://settings/secure/accessibility_enabled
01-15 19:55:41.855  4324  4422 I A       : NGA disabled due to not being eligible.
01-15 19:55:41.857  5181  5181 D AndroidRuntime: Shutting down VM
01-15 19:55:41.865  3248  1829 I GnssLocationProvider: WakeLock acquired by sendMessage(REPORT_SV_STATUS, 0, com.android.server.location.GnssLocationProvider$SvStatusInfo@7079718)
01-15 19:55:41.865  3248  3261 I GnssLocationProvider: WakeLock released by handleMessage(REPORT_SV_STATUS, 0, com.android.server.location.GnssLocationProvider$SvStatusInfo@7079718)
01-15 19:55:42.130  5196  5196 D AndroidRuntime: >>>>>> START com.android.internal.os.RuntimeInit uid 2000 <<<<<<
01-15 19:55:42.132  5196  5196 E cutils-trace: Error opening trace file: No such file or directory (2)
01-15 19:55:42.162  5196  5196 I app_process: The ClassLoaderContext is a special shared library.
01-15 19:55:42.173  5196  5196 D AndroidRuntime: Calling main entry com.android.commands.input.Input
01-15 19:55:42.175  5196  5196 I Input   : injectMotionEvent: MotionEvent { action=ACTION_DOWN, actionButton=0, id[0]=0, x[0]=964.0, y[0]=473.0, toolType[0]=TOOL_TYPE_UNKNOWN, buttonState=0, metaState=0, flags=0x0, edgeFlags=0x0, pointerCount=1, historySize=0, eventTime=18355584, downTime=18355584, deviceId=0, source=0x1002 }
01-15 19:55:42.177  5196  5196 I Input   : injectMotionEvent: MotionEvent { action=ACTION_UP, actionButton=0, id[0]=0, x[0]=964.0, y[0]=473.0, toolType[0]=TOOL_TYPE_UNKNOWN, buttonState=0, metaState=0, flags=0x0, edgeFlags=0x0, pointerCount=1, historySize=0, eventTime=18355584, downTime=18355584, deviceId=0, source=0x1002 }
01-15 19:55:42.179  5196  5196 D AndroidRuntime: Shutting down VM
01-15 19:55:42.203  3248  3846 I ActivityManager: START u0 {act=android.content.pm.action.REQUEST_PERMISSIONS pkg=com.google.android.packageinstaller cmp=com.google.android.packageinstaller/com.android.packageinstaller.permission.ui.GrantPermissionsActivity (has extras)} from uid 10112
01-15 19:55:42.239  3019  3065 D AudioFlinger: mixer(0x6f88688d40) throttle end: throttle time(38)
01-15 19:55:42.249   313   313 W ActivityThread: handleWindowVisibility: no activity for token android.os.BinderProxy@6bcd83
01-15 19:55:42.318  3010  3051 D gralloc_ranchu: gralloc_alloc: Creating ashmem region of size 7659520
01-15 19:55:42.320  3010  3052 D gralloc_ranchu: gralloc_alloc: Creating ashmem region of size 7659520
01-15 19:55:42.321  3010  5624 D gralloc_ranchu: gralloc_alloc: Creating ashmem region of size 7659520
01-15 19:55:42.326  3392  3392 I GoogleInputMethod: onFinishInput() : Dummy InputConnection bound
01-15 19:55:42.327  3392  3392 I GoogleInputMethod: onStartInput() : Dummy InputConnection bound
01-15 19:55:42.329   313   635 D EGL_emulation: eglMakeCurrent: 0x79316368c0: ver 3 0 (tinfo 0x793160d4c0)
01-15 19:55:42.353  3248  3270 I ActivityManager: Displayed com.google.android.packageinstaller/com.android.packageinstaller.permission.ui.GrantPermissionsActivity: +90ms
01-15 19:55:42.380   313   635 D EGL_emulation: eglMakeCurrent: 0x79316368c0: ver 3 0 (tinfo 0x793160d4c0)
01-15 19:55:42.381  3010  3051 D gralloc_ranchu: gralloc_alloc: Creating ashmem region of size 7655424
01-15 19:55:42.382   313   635 D EGL_emulation: eglMakeCurrent: 0x79316368c0: ver 3 0 (tinfo 0x793160d4c0)
01-15 19:55:42.385  3010  3051 D gralloc_ranchu: gralloc_alloc: Creating ashmem region of size 7655424
01-15 19:55:42.870  3248  1829 I GnssLocationProvider: WakeLock acquired by sendMessage(REPORT_SV_STATUS, 0, com.android.server.location.GnssLocationProvider$SvStatusInfo@d2c69bf)
01-15 19:55:42.871  3248  3261 I GnssLocationProvider: WakeLock released by handleMessage(REPORT_SV_STATUS, 0, com.android.server.location.GnssLocationProvider$SvStatusInfo@d2c69bf)
01-15 19:55:43.875  3248  1829 I GnssLocationProvider: WakeLock acquired by sendMessage(REPORT_SV_STATUS, 0, com.android.server.location.GnssLocationProvider$SvStatusInfo@cdb688c)
01-15 19:55:43.875  3248  3261 I GnssLocationProvider: WakeLock released by handleMessage(REPORT_SV_STATUS, 0, com.android.server.location.GnssLocationProvider$SvStatusInfo@cdb688c)
01-15 19:55:43.925  3010  3051 D gralloc_ranchu: gralloc_alloc: Creating ashmem region of size 7655424
01-15 19:55:44.878  3248  1829 I GnssLocationProvider: WakeLock acquired by sendMessage(REPORT_SV_STATUS, 0, com.android.server.location.GnssLocationProvider$SvStatusInfo@b8e5bd5)
01-15 19:55:44.880  3248  3261 I GnssLocationProvider: WakeLock released by handleMessage(REPORT_SV_STATUS, 0, com.android.server.location.GnssLocationProvider$SvStatusInfo@b8e5bd5)
01-15 19:55:44.987  5216  5216 W ls      : type=1400 audit(0.0:18873): avc: denied { getattr } for path="/proc/fb" dev="proc" ino=4026531899 scontext=u:r:shell:s0 tcontext=u:object_r:proc:s0 tclass=file permissive=0
01-15 19:55:44.987  5216  5216 W ls      : type=1400 audit(0.0:18874): avc: denied { getattr } for path="/proc/keys" dev="proc" ino=4026531975 scontext=u:r:shell:s0 tcontext=u:object_r:proc:s0 tclass=file permissive=0
01-15 19:55:45.883  3248  1829 I GnssLocationProvider: WakeLock acquired by sendMessage(REPORT_SV_STATUS, 0, com.android.server.location.GnssLocationProvider$SvStatusInfo@7562fea)
01-15 19:55:45.883  3248  3261 I GnssLocationProvider: WakeLock released by handleMessage(REPORT_SV_STATUS, 0, com.android.server.location.GnssLocationProvider$SvStatusInfo@7562fea)
01-15 19:55:46.889  3248  1829 I GnssLocationProvider: WakeLock acquired by sendMessage(REPORT_SV_STATUS, 0, com.android.server.location.GnssLocationProvider$SvStatusInfo@b47e2db)
01-15 19:55:46.889  3248  3261 I GnssLocationProvider: WakeLock released by handleMessage(REPORT_SV_STATUS, 0, com.android.server.location.GnssLocationProvider$SvStatusInfo@b47e2db)
01-15 19:55:47.001  3392  3392 I EmojiSuperpacksFeature: Emoji superpacks enabled
01-15 19:55:47.002  3392  3392 I Conv2QueryExtension: isEnabled() : true
01-15 19:55:47.003  3392  3392 I FeatureCardGenerator: Make a GIF card not added
01-15 19:55:47.004  3392  3392 I FeatureCardGenerator: Autospace card not added
01-15 19:55:47.241  5706  5706 D AndroidRuntime: >>>>>> START com.android.internal.os.RuntimeInit uid 2000 <<<<<<
01-15 19:55:47.243  5706  5706 E cutils-trace: Error opening trace file: No such file or directory (2)
01-15 19:55:47.280  5706  5706 I app_process: The ClassLoaderContext is a special shared library.
01-15 19:55:47.291  5706  5706 D AndroidRuntime: Calling main entry com.android.commands.monkey.Monkey
01-15 19:55:47.292  5706  5706 W Monkey  : args: [-p, io.lerk.lrkFM, -c, android.intent.category.LAUNCHER, 1]
01-15 19:55:47.293  5706  5706 W Monkey  :  arg: "-p"
01-15 19:55:47.293  5706  5706 W Monkey  :  arg: "io.lerk.lrkFM"
01-15 19:55:47.293  5706  5706 W Monkey  :  arg: "-c"
01-15 19:55:47.293  5706  5706 W Monkey  :  arg: "android.intent.category.LAUNCHER"
01-15 19:55:47.293  5706  5706 W Monkey  :  arg: "1"
01-15 19:55:47.293  5706  5706 W Monkey  : data="io.lerk.lrkFM"
01-15 19:55:47.293  5706  5706 W Monkey  : data="android.intent.category.LAUNCHER"
01-15 19:55:47.300  3248  3262 W BroadcastQueue: Skipping deliver [background] BroadcastRecord{5f60b6 u-1 android.net.conn.CONNECTIVITY_CHANGE} to ReceiverList{ad7d1b7 5706 (unknown name)/2000/u-1 remote:51c8178}: process gone or crashing
01-15 19:55:47.303  3248  3846 I ActivityManager: START u0 {act=android.intent.action.MAIN cat=[android.intent.category.LAUNCHER] flg=0x10200000 cmp=io.lerk.lrkFM/.activities.FileActivity} from uid 2000
01-15 19:55:47.304  3248  3846 W Binder  : Outgoing transactions from this process must be FLAG_ONEWAY
01-15 19:55:47.304  3248  3846 W Binder  : java.lang.Throwable
01-15 19:55:47.304  3248  3846 W Binder  : 	at android.os.BinderProxy.transact(Binder.java:1114)
01-15 19:55:47.304  3248  3846 W Binder  : 	at android.app.IActivityController$Stub$Proxy.activityStarting(IActivityController.java:176)
01-15 19:55:47.304  3248  3846 W Binder  : 	at com.android.server.am.ActivityStarter.startActivity(ActivityStarter.java:737)
01-15 19:55:47.304  3248  3846 W Binder  : 	at com.android.server.am.ActivityStarter.startActivity(ActivityStarter.java:544)
01-15 19:55:47.304  3248  3846 W Binder  : 	at com.android.server.am.ActivityStarter.startActivityMayWait(ActivityStarter.java:1099)
01-15 19:55:47.304  3248  3846 W Binder  : 	at com.android.server.am.ActivityStarter.execute(ActivityStarter.java:486)
01-15 19:55:47.304  3248  3846 W Binder  : 	at com.android.server.am.ActivityManagerService.startActivityAsUser(ActivityManagerService.java:5120)
01-15 19:55:47.304  3248  3846 W Binder  : 	at com.android.server.am.ActivityManagerService.startActivityAsUser(ActivityManagerService.java:5094)
01-15 19:55:47.304  3248  3846 W Binder  : 	at com.android.server.am.ActivityManagerService.startActivity(ActivityManagerService.java:5085)
01-15 19:55:47.304  3248  3846 W Binder  : 	at android.app.IActivityManager$Stub.onTransact$startActivity$(IActivityManager.java:10084)
01-15 19:55:47.304  3248  3846 W Binder  : 	at android.app.IActivityManager$Stub.onTransact(IActivityManager.java:122)
01-15 19:55:47.304  3248  3846 W Binder  : 	at com.android.server.am.ActivityManagerService.onTransact(ActivityManagerService.java:3291)
01-15 19:55:47.304  3248  3846 W Binder  : 	at android.os.Binder.execTransact(Binder.java:731)
01-15 19:55:47.316  4832  4832 W ActivityThread: handleWindowVisibility: no activity for token android.os.BinderProxy@63498ae
01-15 19:55:47.317  5706  5706 I Monkey  : Events injected: 1
01-15 19:55:47.319  3248  3248 V SettingsProvider: Notifying for 0: content://settings/system/accelerometer_rotation
01-15 19:55:47.320  5706  5706 I Monkey  : ## Network stats: elapsed time=16ms (0ms mobile, 0ms wifi, 16ms not connected)
01-15 19:55:47.321  5706  5706 I app_process: System.exit called, status: 0
01-15 19:55:47.321  5706  5706 I AndroidRuntime: VM exiting with result code 0.
01-15 19:55:47.325  3248  3846 I ActivityManager: START u0 {cmp=io.lerk.lrkFM/.activities.IntroActivity} from uid 10112
01-15 19:55:47.337  3248  3505 I ActivityManager: START u0 {act=android.content.pm.action.REQUEST_PERMISSIONS pkg=com.google.android.packageinstaller cmp=com.google.android.packageinstaller/com.android.packageinstaller.permission.ui.GrantPermissionsActivity (has extras)} from uid 10112
01-15 19:55:47.341  4832  4832 D io.lerk.lrkFM.activities.FileActivity: User has no bookmarks
01-15 19:55:47.341  4832  4832 D io.lerk.lrkFM.util.DiskUtil: Free disk space: 1168
01-15 19:55:47.346  3010  3051 D gralloc_ranchu: gralloc_alloc: Creating ashmem region of size 8298496
01-15 19:55:47.352   313   313 W ActivityThread: handleWindowVisibility: no activity for token android.os.BinderProxy@e705d16
01-15 19:55:47.366  3103  3657 W SurfaceFlinger: Attempting to destroy on removed layer: AppWindowToken{3fff643 token=Token{7ee4ff2 ActivityRecord{2c256fd u0 com.google.android.packageinstaller/com.android.packageinstaller.permission.ui.GrantPermissionsActivity t64}}}#0
01-15 19:55:47.379  3010  3051 D gralloc_ranchu: gralloc_alloc: Creating ashmem region of size 8298496
01-15 19:55:47.388  4832  4832 I io.lerk.lrkFM: Explicit concurrent copying GC freed 10867(767KB) AllocSpace objects, 6(184KB) LOS objects, 50% free, 1669KB/3MB, paused 45us total 5.404ms
01-15 19:55:47.399  4832  4832 I io.lerk.lrkFM: Explicit concurrent copying GC freed 551(50KB) AllocSpace objects, 0(0B) LOS objects, 49% free, 1650KB/3MB, paused 21us total 10.156ms
01-15 19:55:47.405  3103  3657 W SurfaceFlinger: Attempting to destroy on removed layer: AppWindowToken{72a0790 token=Token{c0dd253 ActivityRecord{5f8d242 u0 io.lerk.lrkFM/.activities.FileActivity t63}}}#0
01-15 19:55:47.892  3248  1829 I GnssLocationProvider: WakeLock acquired by sendMessage(REPORT_SV_STATUS, 0, com.android.server.location.GnssLocationProvider$SvStatusInfo@c63eb4a)
01-15 19:55:47.893  3248  3261 I GnssLocationProvider: WakeLock released by handleMessage(REPORT_SV_STATUS, 0, com.android.server.location.GnssLocationProvider$SvStatusInfo@c63eb4a)
01-15 19:55:48.893  3248  1829 I GnssLocationProvider: WakeLock acquired by sendMessage(REPORT_SV_STATUS, 0, com.android.server.location.GnssLocationProvider$SvStatusInfo@d77eabb)
01-15 19:55:48.893  3248  3261 I GnssLocationProvider: WakeLock released by handleMessage(REPORT_SV_STATUS, 0, com.android.server.location.GnssLocationProvider$SvStatusInfo@d77eabb)
01-15 19:55:49.898  3248  1829 I GnssLocationProvider: WakeLock acquired by sendMessage(REPORT_SV_STATUS, 0, com.android.server.location.GnssLocationProvider$SvStatusInfo@d361bd8)
01-15 19:55:49.898  3248  3261 I GnssLocationProvider: WakeLock released by handleMessage(REPORT_SV_STATUS, 0, com.android.server.location.GnssLocationProvider$SvStatusInfo@d361bd8)
01-15 19:55:50.900  3248  1829 I GnssLocationProvider: WakeLock acquired by sendMessage(REPORT_SV_STATUS, 0, com.android.server.location.GnssLocationProvider$SvStatusInfo@d95db31)
01-15 19:55:50.900  3248  3261 I GnssLocationProvider: WakeLock released by handleMessage(REPORT_SV_STATUS, 0, com.android.server.location.GnssLocationProvider$SvStatusInfo@d95db31)
01-15 19:55:51.903  3248  1829 I GnssLocationProvider: WakeLock acquired by sendMessage(REPORT_SV_STATUS, 0, com.android.server.location.GnssLocationProvider$SvStatusInfo@a7d7216)
01-15 19:55:51.905  3248  3261 I GnssLocationProvider: WakeLock released by handleMessage(REPORT_SV_STATUS, 0, com.android.server.location.GnssLocationProvider$SvStatusInfo@a7d7216)
01-15 19:55:52.904  3248  1829 I GnssLocationProvider: WakeLock acquired by sendMessage(REPORT_SV_STATUS, 0, com.android.server.location.GnssLocationProvider$SvStatusInfo@3307797)
01-15 19:55:52.904  3248  3261 I GnssLocationProvider: WakeLock released by handleMessage(REPORT_SV_STATUS, 0, com.android.server.location.GnssLocationProvider$SvStatusInfo@3307797)
01-15 19:55:53.907  3248  1829 I GnssLocationProvider: WakeLock acquired by sendMessage(REPORT_SV_STATUS, 0, com.android.server.location.GnssLocationProvider$SvStatusInfo@4d699a2)
01-15 19:55:53.908  3248  3261 I GnssLocationProvider: WakeLock released by handleMessage(REPORT_SV_STATUS, 0, com.android.server.location.GnssLocationProvider$SvStatusInfo@4d699a2)
01-15 19:55:54.912  3248  1829 I GnssLocationProvider: WakeLock acquired by sendMessage(REPORT_SV_STATUS, 0, com.android.server.location.GnssLocationProvider$SvStatusInfo@77af633)
01-15 19:55:54.913  3248  3261 I GnssLocationProvider: WakeLock released by handleMessage(REPORT_SV_STATUS, 0, com.android.server.location.GnssLocationProvider$SvStatusInfo@77af633)
01-15 19:55:55.666  3116  3145 E storaged: getDiskStats failed with result NOT_SUPPORTED and size 0
01-15 19:55:55.916  3248  1829 I GnssLocationProvider: WakeLock acquired by sendMessage(REPORT_SV_STATUS, 0, com.android.server.location.GnssLocationProvider$SvStatusInfo@4d08df0)
01-15 19:55:55.916  3248  3261 I GnssLocationProvider: WakeLock released by handleMessage(REPORT_SV_STATUS, 0, com.android.server.location.GnssLocationProvider$SvStatusInfo@4d08df0)
01-15 19:55:56.917  3248  1829 I GnssLocationProvider: WakeLock acquired by sendMessage(REPORT_SV_STATUS, 0, com.android.server.location.GnssLocationProvider$SvStatusInfo@fabbf69)
01-15 19:55:56.918  3248  3261 I GnssLocationProvider: WakeLock released by handleMessage(REPORT_SV_STATUS, 0, com.android.server.location.GnssLocationProvider$SvStatusInfo@fabbf69)
01-15 19:55:57.406  3248  5874 D WificondControl: Scan result ready event
01-15 19:55:57.425  3632  3656 I ChimeraSrvcProxy: NullBinder for android.net.action.RECOMMEND_NETWORKS triggering remote TransactionTooLargeException due to Service without Chimera impl
01-15 19:55:57.923  3248  1829 I GnssLocationProvider: WakeLock acquired by sendMessage(REPORT_SV_STATUS, 0, com.android.server.location.GnssLocationProvider$SvStatusInfo@4a8adee)
01-15 19:55:57.923  3248  3261 I GnssLocationProvider: WakeLock released by handleMessage(REPORT_SV_STATUS, 0, com.android.server.location.GnssLocationProvider$SvStatusInfo@4a8adee)
01-15 19:55:58.927  3248  1829 I GnssLocationProvider: WakeLock acquired by sendMessage(REPORT_SV_STATUS, 0, com.android.server.location.GnssLocationProvider$SvStatusInfo@4e4c28f)
01-15 19:55:58.928  3248  3261 I GnssLocationProvider: WakeLock released by handleMessage(REPORT_SV_STATUS, 0, com.android.server.location.GnssLocationProvider$SvStatusInfo@4e4c28f)
01-15 19:55:59.933  3248  1829 I GnssLocationProvider: WakeLock acquired by sendMessage(REPORT_SV_STATUS, 0, com.android.server.location.GnssLocationProvider$SvStatusInfo@248991c)
01-15 19:55:59.933  3248  3261 I GnssLocationProvider: WakeLock released by handleMessage(REPORT_SV_STATUS, 0, com.android.server.location.GnssLocationProvider$SvStatusInfo@248991c)
01-15 19:56:00.032  3404  3574 D EGL_emulation: eglMakeCurrent: 0x7931639200: ver 3 0 (tinfo 0x7931681c60)
01-15 19:56:00.582  3203  3203 E netmgr  : Failed to open QEMU pipe 'qemud:network': Invalid argument
01-15 19:56:00.582  3203  3203 E netmgr  : WifiForwarder unable to open QEMU pipe: Invalid argument
01-15 19:56:00.937  3248  1829 I GnssLocationProvider: WakeLock acquired by sendMessage(REPORT_SV_STATUS, 0, com.android.server.location.GnssLocationProvider$SvStatusInfo@b75bafa)
01-15 19:56:00.938  3248  3261 I GnssLocationProvider: WakeLock released by handleMessage(REPORT_SV_STATUS, 0, com.android.server.location.GnssLocationProvider$SvStatusInfo@b75bafa)
01-15 19:56:01.942  3248  1829 I GnssLocationProvider: WakeLock acquired by sendMessage(REPORT_SV_STATUS, 0, com.android.server.location.GnssLocationProvider$SvStatusInfo@774f8ab)
01-15 19:56:01.943  3248  3261 I GnssLocationProvider: WakeLock released by handleMessage(REPORT_SV_STATUS, 0, com.android.server.location.GnssLocationProvider$SvStatusInfo@774f8ab)
01-15 19:56:02.220  3248  3261 I UsageStatsService: User[0] Flushing usage stats to disk
01-15 19:56:02.947  3248  1829 I GnssLocationProvider: WakeLock acquired by sendMessage(REPORT_SV_STATUS, 0, com.android.server.location.GnssLocationProvider$SvStatusInfo@fd42b08)
01-15 19:56:02.950  3248  3261 I GnssLocationProvider: WakeLock released by handleMessage(REPORT_SV_STATUS, 0, com.android.server.location.GnssLocationProvider$SvStatusInfo@fd42b08)
01-15 19:56:03.601  5722  5722 D AndroidRuntime: >>>>>> START com.android.internal.os.RuntimeInit uid 2000 <<<<<<
01-15 19:56:03.603  5722  5722 E cutils-trace: Error opening trace file: No such file or directory (2)
01-15 19:56:03.656  5722  5722 I app_process: The ClassLoaderContext is a special shared library.
01-15 19:56:03.657  5722  5722 I app_process: The ClassLoaderContext is a special shared library.
01-15 19:56:03.673  5722  5722 D AndroidRuntime: Calling main entry com.android.commands.uiautomator.Launcher
01-15 19:56:03.680  3248  3248 V SettingsProvider: Notifying for 0: content://settings/secure/accessibility_enabled
01-15 19:56:03.685  4324  4428 I A       : NGA disabled due to not being eligible.
01-15 19:56:03.953  3248  1829 I GnssLocationProvider: WakeLock acquired by sendMessage(REPORT_SV_STATUS, 0, com.android.server.location.GnssLocationProvider$SvStatusInfo@a887487)
01-15 19:56:03.953  3248  3261 I GnssLocationProvider: WakeLock released by handleMessage(REPORT_SV_STATUS, 0, com.android.server.location.GnssLocationProvider$SvStatusInfo@a887487)
01-15 19:56:04.705  5722  5722 I AccessibilityNodeInfoDumper: Skipping invisible child: android.view.accessibility.AccessibilityNodeInfo@1ee07; boundsInParent: Rect(0, 0 - 0, 126); boundsInScreen: Rect(231, 986 - 231, 1112); packageName: com.google.android.packageinstaller; className: android.widget.LinearLayout; text: null; error: null; maxTextLength: -1; contentDescription: null; tooltipText: null; viewIdResName: null; checkable: false; checked: false; focusable: false; focused: false; selected: false; clickable: false; longClickable: false; contextClickable: false; enabled: true; password: false; scrollable: false; importantForAccessibility: false; visible: false; actions: [AccessibilityAction: ACTION_SELECT - null, AccessibilityAction: ACTION_CLEAR_SELECTION - null, AccessibilityAction: ACTION_ACCESSIBILITY_FOCUS - null, AccessibilityAction: ACTION_SHOW_ON_SCREEN - null]
01-15 19:56:04.705  5722  5722 W AccessibilityNodeInfoDumper: Fetch time: 6ms
01-15 19:56:04.706  3248  5874 W WindowManager: removeWindowToken: Attempted to remove non-existing token: android.os.Binder@2a2f2a1
01-15 19:56:04.707  3248  3248 V SettingsProvider: Notifying for 0: content://settings/secure/accessibility_enabled
01-15 19:56:04.709  4324  4422 I A       : NGA disabled due to not being eligible.
01-15 19:56:04.713  5722  5732 W MessageQueue: Handler (com.android.internal.os.HandlerCaller$MyHandler) {e46cd9f} sending message to a Handler on a dead thread
01-15 19:56:04.713  5722  5732 W MessageQueue: java.lang.IllegalStateException: Handler (com.android.internal.os.HandlerCaller$MyHandler) {e46cd9f} sending message to a Handler on a dead thread
01-15 19:56:04.713  5722  5732 W MessageQueue: 	at android.os.MessageQueue.enqueueMessage(MessageQueue.java:546)
01-15 19:56:04.713  5722  5732 W MessageQueue: 	at android.os.Handler.enqueueMessage(Handler.java:745)
01-15 19:56:04.713  5722  5732 W MessageQueue: 	at android.os.Handler.sendMessageAtTime(Handler.java:697)
01-15 19:56:04.713  5722  5732 W MessageQueue: 	at android.os.Handler.sendMessageDelayed(Handler.java:667)
01-15 19:56:04.713  5722  5732 W MessageQueue: 	at android.os.Handler.sendMessage(Handler.java:604)
01-15 19:56:04.713  5722  5732 W MessageQueue: 	at com.android.internal.os.HandlerCaller.sendMessage(HandlerCaller.java:86)
01-15 19:56:04.713  5722  5732 W MessageQueue: 	at android.accessibilityservice.AccessibilityService$IAccessibilityServiceClientWrapper.init(AccessibilityService.java:1638)
01-15 19:56:04.713  5722  5732 W MessageQueue: 	at android.accessibilityservice.IAccessibilityServiceClient$Stub.onTransact(IAccessibilityServiceClient.java:60)
01-15 19:56:04.713  5722  5732 W MessageQueue: 	at android.os.Binder.execTransact(Binder.java:731)
01-15 19:56:04.713  5722  5722 D AndroidRuntime: Shutting down VM
01-15 19:56:04.951  3248  1829 I GnssLocationProvider: WakeLock acquired by sendMessage(REPORT_SV_STATUS, 0, com.android.server.location.GnssLocationProvider$SvStatusInfo@75b17dd)
01-15 19:56:04.951  3248  3261 I GnssLocationProvider: WakeLock released by handleMessage(REPORT_SV_STATUS, 0, com.android.server.location.GnssLocationProvider$SvStatusInfo@75b17dd)
01-15 19:56:05.943  5752  5752 D AndroidRuntime: >>>>>> START com.android.internal.os.RuntimeInit uid 2000 <<<<<<
01-15 19:56:05.944  5752  5752 E cutils-trace: Error opening trace file: No such file or directory (2)
01-15 19:56:05.953  3248  1829 I GnssLocationProvider: WakeLock acquired by sendMessage(REPORT_SV_STATUS, 0, com.android.server.location.GnssLocationProvider$SvStatusInfo@4fcaf52)
01-15 19:56:05.953  3248  3261 I GnssLocationProvider: WakeLock released by handleMessage(REPORT_SV_STATUS, 0, com.android.server.location.GnssLocationProvider$SvStatusInfo@4fcaf52)
01-15 19:56:05.980  5752  5752 I app_process: The ClassLoaderContext is a special shared library.
01-15 19:56:05.980  5752  5752 I app_process: The ClassLoaderContext is a special shared library.
01-15 19:56:05.991  5752  5752 D AndroidRuntime: Calling main entry com.android.commands.uiautomator.Launcher
01-15 19:56:06.000  4324  4428 I A       : NGA disabled due to not being eligible.
01-15 19:56:06.960  3248  1829 I GnssLocationProvider: WakeLock acquired by sendMessage(REPORT_SV_STATUS, 0, com.android.server.location.GnssLocationProvider$SvStatusInfo@97654d9)
01-15 19:56:06.960  3248  3261 I GnssLocationProvider: WakeLock released by handleMessage(REPORT_SV_STATUS, 0, com.android.server.location.GnssLocationProvider$SvStatusInfo@97654d9)
01-15 19:56:07.013  5752  5752 I AccessibilityNodeInfoDumper: Skipping invisible child: android.view.accessibility.AccessibilityNodeInfo@1ee14; boundsInParent: Rect(0, 0 - 0, 126); boundsInScreen: Rect(231, 986 - 231, 1112); packageName: com.google.android.packageinstaller; className: android.widget.LinearLayout; text: null; error: null; maxTextLength: -1; contentDescription: null; tooltipText: null; viewIdResName: null; checkable: false; checked: false; focusable: false; focused: false; selected: false; clickable: false; longClickable: false; contextClickable: false; enabled: true; password: false; scrollable: false; importantForAccessibility: false; visible: false; actions: [AccessibilityAction: ACTION_SELECT - null, AccessibilityAction: ACTION_CLEAR_SELECTION - null, AccessibilityAction: ACTION_ACCESSIBILITY_FOCUS - null, AccessibilityAction: ACTION_SHOW_ON_SCREEN - null]
01-15 19:56:07.013  5752  5752 W AccessibilityNodeInfoDumper: Fetch time: 6ms
01-15 19:56:05.997  3248  3248 V SettingsProvider: Notifying for 0: content://settings/secure/accessibility_enabled
01-15 19:56:07.015  3248  5141 W WindowManager: removeWindowToken: Attempted to remove non-existing token: android.os.Binder@86dd223
01-15 19:56:07.016  3248  3248 V SettingsProvider: Notifying for 0: content://settings/secure/accessibility_enabled
01-15 19:56:07.018  4324  4422 I A       : NGA disabled due to not being eligible.
01-15 19:56:07.021  5752  5752 D AndroidRuntime: Shutting down VM
01-15 19:56:07.418  5770  5770 D AndroidRuntime: >>>>>> START com.android.internal.os.RuntimeInit uid 2000 <<<<<<
01-15 19:56:07.420  5770  5770 E cutils-trace: Error opening trace file: No such file or directory (2)
01-15 19:56:07.452  5770  5770 I app_process: The ClassLoaderContext is a special shared library.
01-15 19:56:07.452  5770  5770 I app_process: The ClassLoaderContext is a special shared library.
01-15 19:56:07.463  5770  5770 D AndroidRuntime: Calling main entry com.android.commands.uiautomator.Launcher
01-15 19:56:07.469  4324  4428 I A       : NGA disabled due to not being eligible.
01-15 19:56:07.963  3248  1829 I GnssLocationProvider: WakeLock acquired by sendMessage(REPORT_SV_STATUS, 0, com.android.server.location.GnssLocationProvider$SvStatusInfo@66e6595)
01-15 19:56:07.964  3248  3261 I GnssLocationProvider: WakeLock released by handleMessage(REPORT_SV_STATUS, 0, com.android.server.location.GnssLocationProvider$SvStatusInfo@66e6595)
01-15 19:56:08.486  5770  5770 I AccessibilityNodeInfoDumper: Skipping invisible child: android.view.accessibility.AccessibilityNodeInfo@1ee1d; boundsInParent: Rect(0, 0 - 0, 126); boundsInScreen: Rect(231, 986 - 231, 1112); packageName: com.google.android.packageinstaller; className: android.widget.LinearLayout; text: null; error: null; maxTextLength: -1; contentDescription: null; tooltipText: null; viewIdResName: null; checkable: false; checked: false; focusable: false; focused: false; selected: false; clickable: false; longClickable: false; contextClickable: false; enabled: true; password: false; scrollable: false; importantForAccessibility: false; visible: false; actions: [AccessibilityAction: ACTION_SELECT - null, AccessibilityAction: ACTION_CLEAR_SELECTION - null, AccessibilityAction: ACTION_ACCESSIBILITY_FOCUS - null, AccessibilityAction: ACTION_SHOW_ON_SCREEN - null]
01-15 19:56:08.486  5770  5770 W AccessibilityNodeInfoDumper: Fetch time: 4ms
01-15 19:56:07.467  3248  3248 V SettingsProvider: Notifying for 0: content://settings/secure/accessibility_enabled
01-15 19:56:08.489  3248  5874 W WindowManager: removeWindowToken: Attempted to remove non-existing token: android.os.Binder@7c16d7f
01-15 19:56:08.490  3248  3248 V SettingsProvider: Notifying for 0: content://settings/secure/accessibility_enabled
01-15 19:56:08.492  4324  4422 I A       : NGA disabled due to not being eligible.
01-15 19:56:08.497  5770  5770 D AndroidRuntime: Shutting down VM
01-15 19:56:08.968  3248  1829 I GnssLocationProvider: WakeLock acquired by sendMessage(REPORT_SV_STATUS, 0, com.android.server.location.GnssLocationProvider$SvStatusInfo@289629b)
01-15 19:56:08.968  3248  3261 I GnssLocationProvider: WakeLock released by handleMessage(REPORT_SV_STATUS, 0, com.android.server.location.GnssLocationProvider$SvStatusInfo@289629b)
01-15 19:56:09.710  5801  5801 D AndroidRuntime: >>>>>> START com.android.internal.os.RuntimeInit uid 2000 <<<<<<
01-15 19:56:09.712  5801  5801 E cutils-trace: Error opening trace file: No such file or directory (2)
01-15 19:56:09.749  5801  5801 I app_process: The ClassLoaderContext is a special shared library.
01-15 19:56:09.750  5801  5801 I app_process: The ClassLoaderContext is a special shared library.
01-15 19:56:09.761  5801  5801 D AndroidRuntime: Calling main entry com.android.commands.uiautomator.Launcher
01-15 19:56:09.768  4324  4428 I A       : NGA disabled due to not being eligible.
01-15 19:56:09.971  3248  1829 I GnssLocationProvider: WakeLock acquired by sendMessage(REPORT_SV_STATUS, 0, com.android.server.location.GnssLocationProvider$SvStatusInfo@c3fb376)
01-15 19:56:09.971  3248  3261 I GnssLocationProvider: WakeLock released by handleMessage(REPORT_SV_STATUS, 0, com.android.server.location.GnssLocationProvider$SvStatusInfo@c3fb376)
01-15 19:56:10.782  5801  5801 I AccessibilityNodeInfoDumper: Skipping invisible child: android.view.accessibility.AccessibilityNodeInfo@1ee31; boundsInParent: Rect(0, 0 - 0, 126); boundsInScreen: Rect(231, 986 - 231, 1112); packageName: com.google.android.packageinstaller; className: android.widget.LinearLayout; text: null; error: null; maxTextLength: -1; contentDescription: null; tooltipText: null; viewIdResName: null; checkable: false; checked: false; focusable: false; focused: false; selected: false; clickable: false; longClickable: false; contextClickable: false; enabled: true; password: false; scrollable: false; importantForAccessibility: false; visible: false; actions: [AccessibilityAction: ACTION_SELECT - null, AccessibilityAction: ACTION_CLEAR_SELECTION - null, AccessibilityAction: ACTION_ACCESSIBILITY_FOCUS - null, AccessibilityAction: ACTION_SHOW_ON_SCREEN - null]
01-15 19:56:10.782  5801  5801 W AccessibilityNodeInfoDumper: Fetch time: 7ms
01-15 19:56:09.765  3248  3248 V SettingsProvider: Notifying for 0: content://settings/secure/accessibility_enabled
01-15 19:56:10.785  3248  5874 W WindowManager: removeWindowToken: Attempted to remove non-existing token: android.os.Binder@f6c6638
01-15 19:56:10.786  3248  3248 V SettingsProvider: Notifying for 0: content://settings/secure/accessibility_enabled
01-15 19:56:10.788  4324  4422 I A       : NGA disabled due to not being eligible.
01-15 19:56:10.793  5801  5801 D AndroidRuntime: Shutting down VM
01-15 19:56:10.974  3248  1829 I GnssLocationProvider: WakeLock acquired by sendMessage(REPORT_SV_STATUS, 0, com.android.server.location.GnssLocationProvider$SvStatusInfo@89dade4)
01-15 19:56:10.974  3248  3261 I GnssLocationProvider: WakeLock released by handleMessage(REPORT_SV_STATUS, 0, com.android.server.location.GnssLocationProvider$SvStatusInfo@89dade4)
01-15 19:56:11.973  3248  1829 I GnssLocationProvider: WakeLock acquired by sendMessage(REPORT_SV_STATUS, 0, com.android.server.location.GnssLocationProvider$SvStatusInfo@876b24d)
01-15 19:56:11.974  3248  3261 I GnssLocationProvider: WakeLock released by handleMessage(REPORT_SV_STATUS, 0, com.android.server.location.GnssLocationProvider$SvStatusInfo@876b24d)
01-15 19:56:12.138  5838  5838 D AndroidRuntime: >>>>>> START com.android.internal.os.RuntimeInit uid 2000 <<<<<<
01-15 19:56:12.139  5838  5838 E cutils-trace: Error opening trace file: No such file or directory (2)
01-15 19:56:12.171  5838  5838 I app_process: The ClassLoaderContext is a special shared library.
01-15 19:56:12.171  5838  5838 I app_process: The ClassLoaderContext is a special shared library.
01-15 19:56:12.181  5838  5838 D AndroidRuntime: Calling main entry com.android.commands.uiautomator.Launcher
01-15 19:56:12.187  4324  4428 I A       : NGA disabled due to not being eligible.
01-15 19:56:12.185  3248  3248 V SettingsProvider: Notifying for 0: content://settings/secure/accessibility_enabled
01-15 19:56:12.634  3248  3266 D KernelUidCpuTimeReader: Removing uids 10110-10110
01-15 19:56:12.979  3248  1829 I GnssLocationProvider: WakeLock acquired by sendMessage(REPORT_SV_STATUS, 0, com.android.server.location.GnssLocationProvider$SvStatusInfo@d79c450)
01-15 19:56:12.980  3248  3261 I GnssLocationProvider: WakeLock released by handleMessage(REPORT_SV_STATUS, 0, com.android.server.location.GnssLocationProvider$SvStatusInfo@d79c450)
01-15 19:56:13.203  5838  5838 I AccessibilityNodeInfoDumper: Skipping invisible child: android.view.accessibility.AccessibilityNodeInfo@1ee33; boundsInParent: Rect(0, 0 - 0, 126); boundsInScreen: Rect(231, 986 - 231, 1112); packageName: com.google.android.packageinstaller; className: android.widget.LinearLayout; text: null; error: null; maxTextLength: -1; contentDescription: null; tooltipText: null; viewIdResName: null; checkable: false; checked: false; focusable: false; focused: false; selected: false; clickable: false; longClickable: false; contextClickable: false; enabled: true; password: false; scrollable: false; importantForAccessibility: false; visible: false; actions: [AccessibilityAction: ACTION_SELECT - null, AccessibilityAction: ACTION_CLEAR_SELECTION - null, AccessibilityAction: ACTION_ACCESSIBILITY_FOCUS - null, AccessibilityAction: ACTION_SHOW_ON_SCREEN - null]
01-15 19:56:13.203  5838  5838 W AccessibilityNodeInfoDumper: Fetch time: 3ms
01-15 19:56:13.204  3248  5141 W WindowManager: removeWindowToken: Attempted to remove non-existing token: android.os.Binder@96b9102
01-15 19:56:13.205  3248  3248 V SettingsProvider: Notifying for 0: content://settings/secure/accessibility_enabled
01-15 19:56:13.206  4324  4422 I A       : NGA disabled due to not being eligible.
01-15 19:56:13.210  5838  5838 D AndroidRuntime: Shutting down VM
01-15 19:56:13.588  3103  3657 E SurfaceFlinger: ro.sf.lcd_density must be defined as a build property
01-15 19:56:13.588  3010  3051 D gralloc_ranchu: gralloc_alloc: Creating ashmem region of size 8298496
01-15 19:56:13.592  5857  5857 E cutils-trace: Error opening trace file: No such file or directory (2)
01-15 19:56:13.600  5857  5857 D HostConnection: createUnique: call
01-15 19:56:13.601  5857  5857 D HostConnection: HostConnection::get() New Host Connection established 0x7018641640, tid 5857
01-15 19:56:13.603  5857  5857 D HostConnection: HostComposition ext ANDROID_EMU_CHECKSUM_HELPER_v1 ANDROID_EMU_sync_buffer_data GL_OES_EGL_image_external_essl3 GL_OES_vertex_array_object GL_KHR_texture_compression_astc_ldr ANDROID_EMU_host_side_tracing ANDROID_EMU_gles_max_version_3_0 
01-15 19:56:13.978  3248  1829 I GnssLocationProvider: WakeLock acquired by sendMessage(REPORT_SV_STATUS, 0, com.android.server.location.GnssLocationProvider$SvStatusInfo@585bb4e)
01-15 19:56:13.978  3248  3261 I GnssLocationProvider: WakeLock released by handleMessage(REPORT_SV_STATUS, 0, com.android.server.location.GnssLocationProvider$SvStatusInfo@585bb4e)
01-15 19:56:14.035  3891  3891 D MediaScannerReceiver: action: android.intent.action.MEDIA_SCANNER_SCAN_FILE path: /storage/emulated/0/screen.png
01-15 19:56:14.984  3248  1829 I GnssLocationProvider: WakeLock acquired by sendMessage(REPORT_SV_STATUS, 0, com.android.server.location.GnssLocationProvider$SvStatusInfo@934de05)
01-15 19:56:14.984  3248  3261 I GnssLocationProvider: WakeLock released by handleMessage(REPORT_SV_STATUS, 0, com.android.server.location.GnssLocationProvider$SvStatusInfo@934de05)
01-15 19:56:15.989  3248  1829 I GnssLocationProvider: WakeLock acquired by sendMessage(REPORT_SV_STATUS, 0, com.android.server.location.GnssLocationProvider$SvStatusInfo@4063e5a)
