01-15 19:51:46.651   607   607 I app_process: The ClassLoaderContext is a special shared library.
01-15 19:51:46.661   607   607 D AndroidRuntime: Calling main entry com.android.commands.uiautomator.Launcher
01-15 19:51:46.664  3248  3248 V SettingsProvider: Notifying for 0: content://settings/secure/accessibility_enabled
01-15 19:51:46.665  4324  4428 I A       : NGA disabled due to not being eligible.
01-15 19:51:47.003  3248  1829 I GnssLocationProvider: WakeLock acquired by sendMessage(REPORT_SV_STATUS, 0, com.android.server.location.GnssLocationProvider$SvStatusInfo@a8869d)
01-15 19:51:47.003  3248  3261 I GnssLocationProvider: WakeLock released by handleMessage(REPORT_SV_STATUS, 0, com.android.server.location.GnssLocationProvider$SvStatusInfo@a8869d)
01-15 19:51:47.686   607   607 I AccessibilityNodeInfoDumper: Skipping invisible child: android.view.accessibility.AccessibilityNodeInfo@17aa1; boundsInParent: Rect(0, 0 - 0, 71); boundsInScreen: Rect(42, 101 - 42, 172); packageName: io.lerk.lrkFM; className: android.widget.TextView; text: Welcome; error: null; maxTextLength: -1; contentDescription: null; tooltipText: null; viewIdResName: null; checkable: false; checked: false; focusable: false; focused: false; selected: false; clickable: false; longClickable: false; contextClickable: false; enabled: true; password: false; scrollable: false; importantForAccessibility: true; visible: false; actions: [AccessibilityAction: ACTION_SELECT - null, AccessibilityAction: ACTION_CLEAR_SELECTION - null, AccessibilityAction: ACTION_ACCESSIBILITY_FOCUS - null, AccessibilityAction: ACTION_NEXT_AT_MOVEMENT_GRANULARITY - null, AccessibilityAction: ACTION_PREVIOUS_AT_MOVEMENT_GRANULARITY - null, AccessibilityAction: ACTION_SET_SELECTION - null, AccessibilityAction: ACTION_SHOW_ON_SCREEN - null]
01-15 19:51:47.686   607   607 I AccessibilityNodeInfoDumper: Skipping invisible child: android.view.accessibility.AccessibilityNodeInfo@17e62; boundsInParent: Rect(0, 0 - 0, 147); boundsInScreen: Rect(1080, 63 - 1080, 210); packageName: io.lerk.lrkFM; className: android.support.v7.widget.LinearLayoutCompat; text: null; error: null; maxTextLength: -1; contentDescription: null; tooltipText: null; viewIdResName: null; checkable: false; checked: false; focusable: false; focused: false; selected: false; clickable: false; longClickable: false; contextClickable: false; enabled: true; password: false; scrollable: false; importantForAccessibility: false; visible: false; actions: [AccessibilityAction: ACTION_SELECT - null, AccessibilityAction: ACTION_CLEAR_SELECTION - null, AccessibilityAction: ACTION_ACCESSIBILITY_FOCUS - null, AccessibilityAction: ACTION_SHOW_ON_SCREEN - null]
01-15 19:51:47.692   607   607 W AccessibilityNodeInfoDumper: Fetch time: 9ms
01-15 19:51:47.694  3248  4732 W WindowManager: removeWindowToken: Attempted to remove non-existing token: android.os.Binder@7a11547
01-15 19:51:47.695  3248  3248 V SettingsProvider: Notifying for 0: content://settings/secure/accessibility_enabled
01-15 19:51:47.699  4324  4422 I A       : NGA disabled due to not being eligible.
01-15 19:51:47.702   607   607 D AndroidRuntime: Shutting down VM
01-15 19:51:47.981   620   620 D AndroidRuntime: >>>>>> START com.android.internal.os.RuntimeInit uid 2000 <<<<<<
01-15 19:51:47.983   620   620 E cutils-trace: Error opening trace file: No such file or directory (2)
01-15 19:51:48.006  3248  1829 I GnssLocationProvider: WakeLock acquired by sendMessage(REPORT_SV_STATUS, 0, com.android.server.location.GnssLocationProvider$SvStatusInfo@34fbee3)
01-15 19:51:48.006  3248  3261 I GnssLocationProvider: WakeLock released by handleMessage(REPORT_SV_STATUS, 0, com.android.server.location.GnssLocationProvider$SvStatusInfo@34fbee3)
01-15 19:51:48.019   620   620 I app_process: The ClassLoaderContext is a special shared library.
01-15 19:51:48.032   620   620 D AndroidRuntime: Calling main entry com.android.commands.input.Input
01-15 19:51:48.034   620   620 I Input   : injectMotionEvent: MotionEvent { action=ACTION_DOWN, actionButton=0, id[0]=0, x[0]=964.0, y[0]=473.0, toolType[0]=TOOL_TYPE_UNKNOWN, buttonState=0, metaState=0, flags=0x0, edgeFlags=0x0, pointerCount=1, historySize=0, eventTime=18121442, downTime=18121442, deviceId=0, source=0x1002 }
01-15 19:51:48.036   620   620 I Input   : injectMotionEvent: MotionEvent { action=ACTION_UP, actionButton=0, id[0]=0, x[0]=964.0, y[0]=473.0, toolType[0]=TOOL_TYPE_UNKNOWN, buttonState=0, metaState=0, flags=0x0, edgeFlags=0x0, pointerCount=1, historySize=0, eventTime=18121442, downTime=18121442, deviceId=0, source=0x1002 }
01-15 19:51:48.037   620   620 D AndroidRuntime: Shutting down VM
01-15 19:51:48.063  3248  3618 I ActivityManager: START u0 {act=android.content.pm.action.REQUEST_PERMISSIONS pkg=com.google.android.packageinstaller cmp=com.google.android.packageinstaller/com.android.packageinstaller.permission.ui.GrantPermissionsActivity (has extras)} from uid 10111
01-15 19:51:48.105  3019  3065 D AudioFlinger: mixer(0x6f88688d40) throttle end: throttle time(39)
01-15 19:51:48.124   313   313 W ActivityThread: handleWindowVisibility: no activity for token android.os.BinderProxy@8d936ba
01-15 19:51:48.190   313   313 D OpenGLRenderer: Skia GL Pipeline
01-15 19:51:48.193  3103  3152 E SurfaceFlinger: ro.sf.lcd_density must be defined as a build property
01-15 19:51:48.220  3010  5624 D gralloc_ranchu: gralloc_alloc: Creating ashmem region of size 7659520
01-15 19:51:48.221  3010  3051 D gralloc_ranchu: gralloc_alloc: Creating ashmem region of size 7659520
01-15 19:51:48.222   313   635 D HostConnection: HostConnection::get() New Host Connection established 0x79316366e0, tid 635
01-15 19:51:48.223  3010  3052 D gralloc_ranchu: gralloc_alloc: Creating ashmem region of size 7659520
01-15 19:51:48.225   313   635 D HostConnection: HostComposition ext ANDROID_EMU_CHECKSUM_HELPER_v1 ANDROID_EMU_sync_buffer_data GL_OES_EGL_image_external_essl3 GL_OES_vertex_array_object GL_KHR_texture_compression_astc_ldr ANDROID_EMU_host_side_tracing ANDROID_EMU_gles_max_version_3_0 
01-15 19:51:48.226  3392  3392 I GoogleInputMethod: onFinishInput() : Dummy InputConnection bound
01-15 19:51:48.227  3392  3392 I GoogleInputMethod: onStartInput() : Dummy InputConnection bound
01-15 19:51:48.229   313   635 I ConfigStore: android::hardware::configstore::V1_0::ISurfaceFlingerConfigs::hasWideColorDisplay retrieved: 0
01-15 19:51:48.229   313   635 I ConfigStore: android::hardware::configstore::V1_0::ISurfaceFlingerConfigs::hasHDRDisplay retrieved: 0
01-15 19:51:48.229   313   635 I OpenGLRenderer: Initialized EGL, version 1.4
01-15 19:51:48.229   313   635 D OpenGLRenderer: Swap behavior 1
01-15 19:51:48.229   313   635 W OpenGLRenderer: Failed to choose config with EGL_SWAP_BEHAVIOR_PRESERVED, retrying without...
01-15 19:51:48.229   313   635 D OpenGLRenderer: Swap behavior 0
01-15 19:51:48.230   313   635 D eglCodecCommon: setVertexArrayObject: set vao to 0 (0) 0 0
01-15 19:51:48.230   313   635 D EGL_emulation: eglCreateContext: 0x79316368c0: maj 3 min 0 rcv 3
01-15 19:51:48.230   313   635 D EGL_emulation: eglMakeCurrent: 0x79316368c0: ver 3 0 (tinfo 0x793160d4c0)
01-15 19:51:48.235  3103  3657 E SurfaceFlinger: ro.sf.lcd_density must be defined as a build property
01-15 19:51:48.241   313   635 D HostConnection: createUnique: call
01-15 19:51:48.241   313   635 D HostConnection: HostConnection::get() New Host Connection established 0x7931636b40, tid 635
01-15 19:51:48.243   313   635 D HostConnection: HostComposition ext ANDROID_EMU_CHECKSUM_HELPER_v1 ANDROID_EMU_sync_buffer_data GL_OES_EGL_image_external_essl3 GL_OES_vertex_array_object GL_KHR_texture_compression_astc_ldr ANDROID_EMU_host_side_tracing ANDROID_EMU_gles_max_version_3_0 
01-15 19:51:48.245   313   635 D EGL_emulation: eglMakeCurrent: 0x79316368c0: ver 3 0 (tinfo 0x793160d4c0)
01-15 19:51:48.247   313   635 D eglCodecCommon: setVertexArrayObject: set vao to 0 (0) 3 2
01-15 19:51:48.289   313   635 D EGL_emulation: eglMakeCurrent: 0x79316368c0: ver 3 0 (tinfo 0x793160d4c0)
01-15 19:51:48.292  3248  3270 I ActivityManager: Displayed com.google.android.packageinstaller/com.android.packageinstaller.permission.ui.GrantPermissionsActivity: +148ms
01-15 19:51:48.294  3010  3051 D gralloc_ranchu: gralloc_alloc: Creating ashmem region of size 7655424
01-15 19:51:48.295   313   635 D EGL_emulation: eglMakeCurrent: 0x79316368c0: ver 3 0 (tinfo 0x793160d4c0)
01-15 19:51:48.298  3010  3051 D gralloc_ranchu: gralloc_alloc: Creating ashmem region of size 7655424
01-15 19:51:49.012  3248  1829 I GnssLocationProvider: WakeLock acquired by sendMessage(REPORT_SV_STATUS, 0, com.android.server.location.GnssLocationProvider$SvStatusInfo@2d1977d)
01-15 19:51:49.013  3248  3261 I GnssLocationProvider: WakeLock released by handleMessage(REPORT_SV_STATUS, 0, com.android.server.location.GnssLocationProvider$SvStatusInfo@2d1977d)
01-15 19:51:49.832  3010  3051 D gralloc_ranchu: gralloc_alloc: Creating ashmem region of size 7655424
01-15 19:51:49.946  6508  6525 I Finsky:background: [353] iax.run(13): Stats for Executor: bgExecutor ktz@dd174d1[Running, pool size = 4, active threads = 0, queued tasks = 0, completed tasks = 21]
01-15 19:51:49.946  6508  6525 I Finsky:background: [353] iax.run(13): Stats for Executor: LightweightExecutor ktz@e6c9b36[Running, pool size = 0, active threads = 0, queued tasks = 0, completed tasks = 0]
01-15 19:51:50.012  3248  1829 I GnssLocationProvider: WakeLock acquired by sendMessage(REPORT_SV_STATUS, 0, com.android.server.location.GnssLocationProvider$SvStatusInfo@713c672)
01-15 19:51:50.012  3248  3261 I GnssLocationProvider: WakeLock released by handleMessage(REPORT_SV_STATUS, 0, com.android.server.location.GnssLocationProvider$SvStatusInfo@713c672)
01-15 19:51:51.018  3248  1829 I GnssLocationProvider: WakeLock acquired by sendMessage(REPORT_SV_STATUS, 0, com.android.server.location.GnssLocationProvider$SvStatusInfo@80e6ac3)
01-15 19:51:51.018  3248  3261 I GnssLocationProvider: WakeLock released by handleMessage(REPORT_SV_STATUS, 0, com.android.server.location.GnssLocationProvider$SvStatusInfo@80e6ac3)
01-15 19:51:51.457   642   642 W ls      : type=1400 audit(0.0:18745): avc: denied { getattr } for path="/proc/fb" dev="proc" ino=4026531899 scontext=u:r:shell:s0 tcontext=u:object_r:proc:s0 tclass=file permissive=0
01-15 19:51:51.457   642   642 W ls      : type=1400 audit(0.0:18746): avc: denied { getattr } for path="/proc/keys" dev="proc" ino=4026531975 scontext=u:r:shell:s0 tcontext=u:object_r:proc:s0 tclass=file permissive=0
01-15 19:51:51.457   642   642 W ls      : type=1400 audit(0.0:18747): avc: denied { getattr } for path="/proc/kmsg" dev="proc" ino=4026531931 scontext=u:r:shell:s0 tcontext=u:object_r:proc_kmsg:s0 tclass=file permissive=0
01-15 19:51:51.457   642   642 W ls      : type=1400 audit(0.0:18748): avc: denied { getattr } for path="/proc/misc" dev="proc" ino=4026531900 scontext=u:r:shell:s0 tcontext=u:object_r:proc_misc:s0 tclass=file permissive=0
01-15 19:51:51.457   642   642 W ls      : type=1400 audit(0.0:18749): avc: denied { getattr } for path="/proc/iomem" dev="proc" ino=4026531957 scontext=u:r:shell:s0 tcontext=u:object_r:proc_iomem:s0 tclass=file permissive=0
01-15 19:51:52.018  3248  1829 I GnssLocationProvider: WakeLock acquired by sendMessage(REPORT_SV_STATUS, 0, com.android.server.location.GnssLocationProvider$SvStatusInfo@87d0f40)
01-15 19:51:52.018  3248  3261 I GnssLocationProvider: WakeLock released by handleMessage(REPORT_SV_STATUS, 0, com.android.server.location.GnssLocationProvider$SvStatusInfo@87d0f40)
01-15 19:51:53.025  3248  1829 I GnssLocationProvider: WakeLock acquired by sendMessage(REPORT_SV_STATUS, 0, com.android.server.location.GnssLocationProvider$SvStatusInfo@3652e79)
01-15 19:51:53.025  3248  3261 I GnssLocationProvider: WakeLock released by handleMessage(REPORT_SV_STATUS, 0, com.android.server.location.GnssLocationProvider$SvStatusInfo@3652e79)
01-15 19:51:53.461  3392  3392 I EmojiSuperpacksFeature: Emoji superpacks enabled
01-15 19:51:53.461  3392  3392 I Conv2QueryExtension: isEnabled() : true
01-15 19:51:53.461  3392  3392 I FeatureCardGenerator: Make a GIF card not added
01-15 19:51:53.462  3392  3392 I FeatureCardGenerator: Autospace card not added
01-15 19:51:53.717  1067  1067 D AndroidRuntime: >>>>>> START com.android.internal.os.RuntimeInit uid 2000 <<<<<<
01-15 19:51:53.719  1067  1067 E cutils-trace: Error opening trace file: No such file or directory (2)
01-15 19:51:53.752  1067  1067 I app_process: The ClassLoaderContext is a special shared library.
01-15 19:51:53.763  1067  1067 D AndroidRuntime: Calling main entry com.android.commands.monkey.Monkey
01-15 19:51:53.764  1067  1067 W Monkey  : args: [-p, io.lerk.lrkFM, -c, android.intent.category.LAUNCHER, 1]
01-15 19:51:53.764  1067  1067 W Monkey  :  arg: "-p"
01-15 19:51:53.764  1067  1067 W Monkey  :  arg: "io.lerk.lrkFM"
01-15 19:51:53.764  1067  1067 W Monkey  :  arg: "-c"
01-15 19:51:53.764  1067  1067 W Monkey  :  arg: "android.intent.category.LAUNCHER"
01-15 19:51:53.764  1067  1067 W Monkey  :  arg: "1"
01-15 19:51:53.764  1067  1067 W Monkey  : data="io.lerk.lrkFM"
01-15 19:51:53.765  1067  1067 W Monkey  : data="android.intent.category.LAUNCHER"
01-15 19:51:53.771  3248  3262 W BroadcastQueue: Skipping deliver [background] BroadcastRecord{d506f3b u-1 android.net.conn.CONNECTIVITY_CHANGE} to ReceiverList{fc58658 1067 (unknown name)/2000/u-1 remote:7013935}: process gone or crashing
01-15 19:51:53.775  3248  5830 I ActivityManager: START u0 {act=android.intent.action.MAIN cat=[android.intent.category.LAUNCHER] flg=0x10200000 cmp=io.lerk.lrkFM/.activities.FileActivity} from uid 2000
01-15 19:51:53.775  3248  5830 W Binder  : Outgoing transactions from this process must be FLAG_ONEWAY
01-15 19:51:53.775  3248  5830 W Binder  : java.lang.Throwable
01-15 19:51:53.775  3248  5830 W Binder  : 	at android.os.BinderProxy.transact(Binder.java:1114)
01-15 19:51:53.775  3248  5830 W Binder  : 	at android.app.IActivityController$Stub$Proxy.activityStarting(IActivityController.java:176)
01-15 19:51:53.775  3248  5830 W Binder  : 	at com.android.server.am.ActivityStarter.startActivity(ActivityStarter.java:737)
01-15 19:51:53.775  3248  5830 W Binder  : 	at com.android.server.am.ActivityStarter.startActivity(ActivityStarter.java:544)
01-15 19:51:53.775  3248  5830 W Binder  : 	at com.android.server.am.ActivityStarter.startActivityMayWait(ActivityStarter.java:1099)
01-15 19:51:53.775  3248  5830 W Binder  : 	at com.android.server.am.ActivityStarter.execute(ActivityStarter.java:486)
01-15 19:51:53.775  3248  5830 W Binder  : 	at com.android.server.am.ActivityManagerService.startActivityAsUser(ActivityManagerService.java:5120)
01-15 19:51:53.775  3248  5830 W Binder  : 	at com.android.server.am.ActivityManagerService.startActivityAsUser(ActivityManagerService.java:5094)
01-15 19:51:53.775  3248  5830 W Binder  : 	at com.android.server.am.ActivityManagerService.startActivity(ActivityManagerService.java:5085)
01-15 19:51:53.775  3248  5830 W Binder  : 	at android.app.IActivityManager$Stub.onTransact$startActivity$(IActivityManager.java:10084)
01-15 19:51:53.775  3248  5830 W Binder  : 	at android.app.IActivityManager$Stub.onTransact(IActivityManager.java:122)
01-15 19:51:53.775  3248  5830 W Binder  : 	at com.android.server.am.ActivityManagerService.onTransact(ActivityManagerService.java:3291)
01-15 19:51:53.775  3248  5830 W Binder  : 	at android.os.Binder.execTransact(Binder.java:731)
01-15 19:51:53.787  1067  1067 I Monkey  : Events injected: 1
01-15 19:51:53.787 32759 32759 W ActivityThread: handleWindowVisibility: no activity for token android.os.BinderProxy@d0c4ab0
01-15 19:51:53.798  3248  3248 V SettingsProvider: Notifying for 0: content://settings/system/accelerometer_rotation
01-15 19:51:53.802  1067  1067 I Monkey  : ## Network stats: elapsed time=23ms (0ms mobile, 0ms wifi, 23ms not connected)
01-15 19:51:53.802  1067  1067 I app_process: System.exit called, status: 0
01-15 19:51:53.802  1067  1067 I AndroidRuntime: VM exiting with result code 0.
01-15 19:51:53.804  3248  3259 I ActivityManager: START u0 {cmp=io.lerk.lrkFM/.activities.IntroActivity} from uid 10111
01-15 19:51:53.811  3248  3264 I ActivityManager: Start proc 1080:com.google.android.partnersetup/u0a28 for service com.google.android.partnersetup/.InstalledAppJobService
01-15 19:51:53.812  3010  3051 D gralloc_ranchu: gralloc_alloc: Creating ashmem region of size 8298496
01-15 19:51:53.822  3248  4732 I ActivityManager: START u0 {act=android.content.pm.action.REQUEST_PERMISSIONS pkg=com.google.android.packageinstaller cmp=com.google.android.packageinstaller/com.android.packageinstaller.permission.ui.GrantPermissionsActivity (has extras)} from uid 10111
01-15 19:51:53.823  1080  1080 E id.partnersetu: Not starting debugger since process cannot load the jdwp agent.
01-15 19:51:53.828 32759 32759 D io.lerk.lrkFM.activities.FileActivity: User has no bookmarks
01-15 19:51:53.828 32759 32759 D io.lerk.lrkFM.util.DiskUtil: Free disk space: 1164
01-15 19:51:53.835   313   313 W ActivityThread: handleWindowVisibility: no activity for token android.os.BinderProxy@53ed24d
01-15 19:51:53.861  3010  3051 D gralloc_ranchu: gralloc_alloc: Creating ashmem region of size 8298496
01-15 19:51:53.868  3103  3783 W SurfaceFlinger: Attempting to destroy on removed layer: AppWindowToken{de12da0 token=Token{3d086a3 ActivityRecord{f1f65d2 u0 com.google.android.packageinstaller/com.android.packageinstaller.permission.ui.GrantPermissionsActivity t56}}}#0
01-15 19:51:53.869  3632 32694 I NetworkScheduler.Stats: Task com.google.android.gms/com.google.android.gms.auth.account.be.accountstate.GcmTaskService started execution. cause:4 exec_start_elapsed_seconds: 18127 [CONTEXT service_id=218 ]
01-15 19:51:53.883  3632 32695 I NetworkScheduler.Stats: Task com.google.android.gms/com.google.android.gms.clearcut.uploader.QosUploaderService started execution. cause:4 exec_start_elapsed_seconds: 18127 [CONTEXT service_id=218 ]
01-15 19:51:53.890  1080  1080 I id.partnersetu: The ClassLoaderContext is a special shared library.
01-15 19:51:53.892  1080  1080 I id.partnersetu: The ClassLoaderContext is a special shared library.
01-15 19:51:53.893  3632  3765 I NetworkScheduler.Stats: Task com.google.android.gms/com.google.android.gms.auth.account.be.accountstate.GcmTaskService finished executing. cause:4 result: 1 elapsed_millis: 61 uptime_millis: 61 exec_start_elapsed_seconds: 18127 [CONTEXT service_id=218 ]
01-15 19:51:53.896 32759 32759 I io.lerk.lrkFM: Explicit concurrent copying GC freed 10879(757KB) AllocSpace objects, 6(184KB) LOS objects, 50% free, 1669KB/3MB, paused 50us total 9.415ms
01-15 19:51:53.903 32759 32759 I io.lerk.lrkFM: Explicit concurrent copying GC freed 551(50KB) AllocSpace objects, 0(0B) LOS objects, 49% free, 1650KB/3MB, paused 31us total 5.495ms
01-15 19:51:53.911  3103  3657 W SurfaceFlinger: Attempting to destroy on removed layer: AppWindowToken{2dc59ed token=Token{638b004 ActivityRecord{54cc417 u0 io.lerk.lrkFM/.activities.FileActivity t55}}}#0
01-15 19:51:53.940  3632 32694 I NetworkScheduler.Stats: Task com.google.android.gms/com.google.android.gms.checkin.EventLogService started execution. cause:5 exec_start_elapsed_seconds: 18127 [CONTEXT service_id=218 ]
01-15 19:51:53.952  3793 32738 I Checkin : [EventLogChimeraService] Opted in for usage reporting: false
01-15 19:51:53.953  3793 32738 I Checkin : [EventLogChimeraService] Aggregate from 1673828543782 (log), 1673828543782 (data)
01-15 19:51:53.977  3248  3262 W BroadcastQueue: Background execution not allowed: receiving Intent { act=android.intent.action.DROPBOX_ENTRY_ADDED flg=0x10 (has extras) } to com.google.android.gms/.stats.service.DropBoxEntryAddedReceiver
01-15 19:51:53.977  3248  3262 W BroadcastQueue: Background execution not allowed: receiving Intent { act=android.intent.action.DROPBOX_ENTRY_ADDED flg=0x10 (has extras) } to com.google.android.gms/.chimera.GmsIntentOperationService$PersistentTrustedReceiver
01-15 19:51:53.993  3632  1107 I NetworkScheduler.Stats: Task com.google.android.gms/com.google.android.gms.checkin.EventLogService finished executing. cause:5 result: 1 elapsed_millis: 66 uptime_millis: 66 exec_start_elapsed_seconds: 18127 [CONTEXT service_id=218 ]
01-15 19:51:54.004  1108  1108 E android.youtub: Not starting debugger since process cannot load the jdwp agent.
01-15 19:51:54.008  3248  3315 I ActivityManager: Start proc 1108:com.google.android.youtube/u0a58 for service com.google.android.youtube/com.google.android.libraries.youtube.common.gcore.gcoreclient.gcm.impl.GcmTaskServiceDelegator
01-15 19:51:54.014  1108  1108 I android.youtub: The ClassLoaderContext is a special shared library.
01-15 19:51:54.020  1108  1108 I android.youtub: The ClassLoaderContext is a special shared library.
01-15 19:51:54.028  3248  1829 I GnssLocationProvider: WakeLock acquired by sendMessage(REPORT_SV_STATUS, 0, com.android.server.location.GnssLocationProvider$SvStatusInfo@89553df)
01-15 19:51:54.029  3248  3261 I GnssLocationProvider: WakeLock released by handleMessage(REPORT_SV_STATUS, 0, com.android.server.location.GnssLocationProvider$SvStatusInfo@89553df)
01-15 19:51:54.062  1108  1130 W YouTube : Fetching the Gservices key 'disable_binder_callback_flush' before the end of the bulk initialization
01-15 19:51:54.068  1108  1150 W YouTube : Fetching the Gservices key 'failsafe_clear_cache_release_13_02' before the end of the bulk initialization
01-15 19:51:54.092  1108  1128 I android.youtub: The ClassLoaderContext is a special shared library.
01-15 19:51:54.110  3248  5830 D ConnectivityService: requestNetwork for uid/pid:10058/1108 NetworkRequest [ TRACK_DEFAULT id=40, [ Capabilities: INTERNET&NOT_RESTRICTED&TRUSTED Unwanted:  Uid: 10058] ]
01-15 19:51:54.098  1108  1128 I chatty  : uid=10058(com.google.android.youtube) yt-background1- identical 1 line
01-15 19:51:54.100  1108  1128 I android.youtub: The ClassLoaderContext is a special shared library.
01-15 19:51:54.110  3248  3350 D WIFI    : got request NetworkRequest [ TRACK_DEFAULT id=40, [ Capabilities: INTERNET&NOT_RESTRICTED&TRUSTED Unwanted:  Uid: 10058] ] with score 50
01-15 19:51:54.112  3461  3461 D PhoneSwitcherNetworkRequstListener: got request NetworkRequest [ TRACK_DEFAULT id=40, [ Capabilities: INTERNET&NOT_RESTRICTED&TRUSTED Unwanted:  Uid: 10058] ] with score 50
01-15 19:51:54.113  3248  3350 D WIFI_UT : got request NetworkRequest [ TRACK_DEFAULT id=40, [ Capabilities: INTERNET&NOT_RESTRICTED&TRUSTED Unwanted:  Uid: 10058] ] with score 50
01-15 19:51:54.123  3114  1158 W DnsTlsSocket: SSL_connect error 5, errno=0
01-15 19:51:54.151  1108  1163 E GEL_DELAYED_EVENT_DEBUG: Failed delayed event dispatch, no dispatchers.
01-15 19:51:54.163  3114  1158 W DnsTlsSocket: SSL_connect error 5, errno=104
01-15 19:51:54.227  3114  1158 W DnsTlsSocket: SSL_connect error 5, errno=104
01-15 19:51:54.271  3114  1209 W DnsTlsSocket: SSL_connect error 5, errno=104
01-15 19:51:54.285  1108  1128 V NativeCrypto: Registering com/google/android/gms/org/conscrypt/NativeCrypto's 295 native methods...
01-15 19:51:54.285  3632  1107 I NetworkScheduler.Stats: Task com.google.android.youtube/ started execution. cause:5 exec_start_elapsed_seconds: 18127 [CONTEXT service_id=218 ]
01-15 19:51:54.293  1108  1149 I DynamiteModule: Considering local module com.google.android.gms.ads.dynamite:0 and remote module com.google.android.gms.ads.dynamite:224400003
01-15 19:51:54.295  1108  1149 I DynamiteModule: Selected remote version of com.google.android.gms.ads.dynamite, version >= 224400003
01-15 19:51:54.343  3632 32694 I NetworkScheduler.Stats: Task com.google.android.youtube/ started execution. cause:7 exec_start_elapsed_seconds: 18127 [CONTEXT service_id=218 ]
01-15 19:51:54.350  1108  1227 D NetworkSecurityConfig: Using Network Security Config from resource network_security_config debugBuild: false
01-15 19:51:54.353  3114  1209 W DnsTlsSocket: SSL_connect error 5, errno=104
01-15 19:51:54.355  1108  1226 E YouTube : Failed to fetch settings
01-15 19:51:54.355  1108  1226 E YouTube : java.lang.InterruptedException
01-15 19:51:54.355  1108  1226 E YouTube : 	at anki.get(SourceFile:77)
01-15 19:51:54.355  1108  1226 E YouTube : 	at dyv.a(SourceFile:5)
01-15 19:51:54.355  1108  1226 E YouTube : 	at wsr.a(SourceFile:7)
01-15 19:51:54.355  1108  1226 E YouTube : 	at com.google.android.libraries.youtube.common.gcm.YouTubeGcmTaskService.a(SourceFile:18)
01-15 19:51:54.355  1108  1226 E YouTube : 	at com.google.android.libraries.youtube.common.gcore.gcoreclient.gcm.impl.GcmTaskServiceDelegator.a(SourceFile:11)
01-15 19:51:54.355  1108  1226 E YouTube : 	at qbk.run(SourceFile:18)
01-15 19:51:54.355  1108  1226 E YouTube : 	at java.util.concurrent.ThreadPoolExecutor.runWorker(ThreadPoolExecutor.java:1167)
01-15 19:51:54.355  1108  1226 E YouTube : 	at java.util.concurrent.ThreadPoolExecutor$Worker.run(ThreadPoolExecutor.java:641)
01-15 19:51:54.355  1108  1226 E YouTube : 	at java.lang.Thread.run(Thread.java:764)
01-15 19:51:54.363  1108  1149 W System  : ClassLoader referenced unknown path: 
01-15 19:51:54.365  1108  1128 I ProviderInstaller: Installed default security provider GmsCore_OpenSSL
01-15 19:51:54.371  1108  1149 W android.youtub: Unsupported class loader
01-15 19:51:54.378  1108  1149 W android.youtub: Skipping duplicate class check due to unsupported classloader
01-15 19:51:54.379  3114  1235 W DnsTlsSocket: SSL_connect error 5, errno=0
01-15 19:51:54.397  1108  1149 D DynamitePackage: Instantiated singleton DynamitePackage.
01-15 19:51:54.397  1108  1149 D DynamitePackage: Instantiating com.google.android.gms.ads.adshield.ChimeraAdShieldCreatorImpl
01-15 19:51:54.440  1108  1149 I android.youtub: The ClassLoaderContext is a special shared library.
01-15 19:51:54.456  3248  3259 D ConnectivityService: requestNetwork for uid/pid:10058/1108 NetworkRequest [ TRACK_DEFAULT id=42, [ Capabilities: INTERNET&NOT_RESTRICTED&TRUSTED Unwanted:  Uid: 10058] ]
01-15 19:51:54.457  3248  3350 D WIFI    : got request NetworkRequest [ TRACK_DEFAULT id=42, [ Capabilities: INTERNET&NOT_RESTRICTED&TRUSTED Unwanted:  Uid: 10058] ] with score 50
01-15 19:51:54.457  3248  3350 D WIFI_UT : got request NetworkRequest [ TRACK_DEFAULT id=42, [ Capabilities: INTERNET&NOT_RESTRICTED&TRUSTED Unwanted:  Uid: 10058] ] with score 50
01-15 19:51:54.457  3461  3461 D PhoneSwitcherNetworkRequstListener: got request NetworkRequest [ TRACK_DEFAULT id=42, [ Capabilities: INTERNET&NOT_RESTRICTED&TRUSTED Unwanted:  Uid: 10058] ] with score 50
01-15 19:51:54.463  1108  1149 I android.youtub: Rejecting re-init on previously-failed class java.lang.Class<com.google.android.ads.tasks.appdigest.a>: java.lang.NoClassDefFoundError: Failed resolution of: Landroid/content/pm/PackageManager$OnChecksumsReadyListener;
01-15 19:51:54.463  1108  1149 I android.youtub:   at java.lang.Class dalvik.system.DexFile.defineClassNative(java.lang.String, java.lang.ClassLoader, java.lang.Object, dalvik.system.DexFile) (DexFile.java:-2)
01-15 19:51:54.463  1108  1149 I android.youtub:   at java.lang.Class dalvik.system.DexFile.defineClass(java.lang.String, java.lang.ClassLoader, java.lang.Object, dalvik.system.DexFile, java.util.List) (DexFile.java:283)
01-15 19:51:54.463  1108  1149 I android.youtub:   at java.lang.Class dalvik.system.DexFile.loadClassBinaryName(java.lang.String, java.lang.ClassLoader, java.util.List) (DexFile.java:276)
01-15 19:51:54.463  1108  1149 I android.youtub:   at java.lang.Class dalvik.system.DexPathList$Element.findClass(java.lang.String, java.lang.ClassLoader, java.util.List) (DexPathList.java:724)
01-15 19:51:54.463  1108  1149 I android.youtub:   at java.lang.Class dalvik.system.DexPathList.findClass(java.lang.String, java.util.List) (DexPathList.java:486)
01-15 19:51:54.463  1108  1149 I android.youtub:   at java.lang.Class dalvik.system.BaseDexClassLoader.findClass(java.lang.String) (BaseDexClassLoader.java:132)
01-15 19:51:54.463  1108  1149 I android.youtub:   at java.lang.Class gxv.loadClass(java.lang.String, boolean) (:com.google.android.gms@225014028@22.50.14 (100400-499278674):2)
01-15 19:51:54.463  1108  1149 I android.youtub:   at java.lang.Class java.lang.ClassLoader.loadClass(java.lang.String) (ClassLoader.java:312)
01-15 19:51:54.463  1108  1149 I android.youtub:   at java.util.List adu.r(aew, android.content.Context, cdg, com.google.ads.afma.f) (:com.google.android.gms.policy_ads_fdr_dynamite@224400003@224400003057.484457631.484457631:6)
01-15 19:51:54.463  1108  1149 I android.youtub:   at java.util.List adv.r(aew, android.content.Context, cdg, com.google.ads.afma.f) (:com.google.android.gms.policy_ads_fdr_dynamite@224400003@224400003057.484457631.484457631:4)
01-15 19:51:54.463  1108  1149 I android.youtub:   at void adu.s(aew, android.content.Context, cdg, com.google.ads.afma.f) (:com.google.android.gms.policy_ads_fdr_dynamite@224400003@224400003057.484457631.484457631:0)
01-15 19:51:54.463  1108  1149 I android.youtub:   at cdg adu.m(android.content.Context, com.google.ads.afma.f) (:com.google.android.gms.policy_ads_fdr_dynamite@224400003@224400003057.484457631.484457631:10)
01-15 19:51:54.463  1108  1149 I android.youtub:   at java.lang.String adp.r(android.content.Context, java.lang.String, int, android.view.View, android.app.Activity, byte[]) (:com.google.android.gms.policy_ads_fdr_dynamite@224400003@224400003057.484457631.484457631:8)
01-15 19:51:54.463  1108  1149 I android.youtub:   at java.lang.String adp.g(android.content.Context, byte[]) (:com.google.android.gms.policy_ads_fdr_dynamite@224400003@224400003057.484457631.484457631:2)
01-15 19:51:54.463  1108  1149 I android.youtub:   at java.lang.String com.google.android.gms.ads.adshield.internal.a.b(apj, byte[]) (:com.google.android.gms.policy_ads_fdr_dynamite@224400003@224400003057.484457631.484457631:1)
01-15 19:51:54.463  1108  1149 I android.youtub:   at boolean com.google.android.gms.ads.adshield.internal.a.bQ(int, android.os.Parcel, android.os.Parcel) (:com.google.android.gms.policy_ads_fdr_dynamite@224400003@224400003057.484457631.484457631:50)
01-15 19:51:54.463  1108  1149 I android.youtub:   at boolean afk.onTransact(int, android.os.Parcel, android.os.Parcel, int) (:com.google.android.gms.policy_ads_fdr_dynamite@224400003@224400003057.484457631.484457631:4)
01-15 19:51:54.463  1108  1149 I android.youtub:   at boolean android.os.Binder.transact(int, android.os.Parcel, android.os.Parcel, int) (Binder.java:667)
01-15 19:51:54.463  1108  1149 I android.youtub:   at android.os.Parcel rff.a(int, android.os.Parcel) (SourceFile:8)
01-15 19:51:54.463  1108  1149 I android.youtub:   at java.lang.String oye.a(pyz, byte[]) (SourceFile:28)
01-15 19:51:54.463  1108  1149 I android.youtub:   at java.lang.String oyf.a(android.content.Context, byte[]) (SourceFile:4)
01-15 19:51:54.463  1108  1149 I android.youtub:   at java.lang.String sxb.a(android.content.Context) (SourceFile:16)
01-15 19:51:54.463  1108  1149 I android.youtub:   at java.lang.String vhi.a(swx, byte[]) (SourceFile:29)
01-15 19:51:54.463  1108  1149 I android.youtub:   at java.lang.String vhi.c() (SourceFile:3)
01-15 19:51:54.463  1108  1149 I android.youtub:   at java.lang.String vhv.c() (SourceFile:26)
01-15 19:51:54.463  1108  1149 I android.youtub:   at void vhv.a() (SourceFile:2)
01-15 19:51:54.463  1108  1149 I android.youtub:   at void drb.run() (SourceFile:7)
01-15 19:51:54.463  1108  1149 I android.youtub:   at java.lang.Object java.util.concurrent.Executors$RunnableAdapter.call() (Executors.java:458)
01-15 19:51:54.463  1108  1149 I android.youtub:   at void java.util.concurrent.FutureTask.run() (FutureTask.java:266)
01-15 19:51:54.463  1108  1149 I android.youtub:   at void java.util.concurrent.ScheduledThreadPoolExecutor$ScheduledFutureTask.run() (ScheduledThreadPoolExecutor.java:301)
01-15 19:51:54.463  1108  1149 I android.youtub:   at void java.util.concurrent.ThreadPoolExecutor.runWorker(java.util.concurrent.ThreadPoolExecutor$Worker) (ThreadPoolExecutor.java:1167)
01-15 19:51:54.463  1108  1149 I android.youtub:   at void java.util.concurrent.ThreadPoolExecutor$Worker.run() (ThreadPoolExecutor.java:641)
01-15 19:51:54.463  1108  1149 I android.youtub:   at void wvf.run() (SourceFile:12)
01-15 19:51:54.463  1108  1149 I android.youtub:   at void java.lang.Thread.run() (Thread.java:764)
01-15 19:51:54.463  1108  1149 I android.youtub: Caused by: java.lang.ClassNotFoundException: Didn't find class "android.content.pm.PackageManager$OnChecksumsReadyListener" on path: DexPathList[[zip file "/data/user_de/0/com.google.android.gms/app_chimera/m/0000000b/AdsDynamite.apk"],nativeLibraryDirectories=[/data/user_de/0/com.google.android.gms/app_chimera/m/0000000b/AdsDynamite.apk!/lib/arm64-v8a, /system/lib64]]
01-15 19:51:54.463  1108  1149 I android.youtub:   at java.lang.Class dalvik.system.BaseDexClassLoader.findClass(java.lang.String) (BaseDexClassLoader.java:134)
01-15 19:51:54.463  1108  1149 I android.youtub:   at java.lang.Class java.lang.ClassLoader.loadClass(java.lang.String, boolean) (ClassLoader.java:379)
01-15 19:51:54.463  1108  1149 I android.youtub:   at java.lang.Class gxv.loadClass(java.lang.String, boolean) (:com.google.android.gms@225014028@22.50.14 (100400-499278674):3)
01-15 19:51:54.463  1108  1149 I android.youtub:   at java.lang.Class java.lang.ClassLoader.loadClass(java.lang.String) (ClassLoader.java:312)
01-15 19:51:54.463  1108  1149 I android.youtub:   at java.lang.Class dalvik.system.DexFile.defineClassNative(java.lang.String, java.lang.ClassLoader, java.lang.Object, dalvik.system.DexFile) (DexFile.java:-2)
01-15 19:51:54.463  1108  1149 I android.youtub:   at java.lang.Class dalvik.system.DexFile.defineClass(java.lang.String, java.lang.ClassLoader, java.lang.Object, dalvik.system.DexFile, java.util.List) (DexFile.java:283)
01-15 19:51:54.463  1108  1149 I android.youtub:   at java.lang.Class dalvik.system.DexFile.loadClassBinaryName(java.lang.String, java.lang.ClassLoader, java.util.List) (DexFile.java:276)
01-15 19:51:54.463  1108  1149 I android.youtub:   at java.lang.Class dalvik.system.DexPathList$Element.findClass(java.lang.String, java.lang.ClassLoader, java.util.List) (DexPathList.java:724)
01-15 19:51:54.463  1108  1149 I android.youtub:   at java.lang.Class dalvik.system.DexPathList.findClass(java.lang.String, java.util.List) (DexPathList.java:486)
01-15 19:51:54.463  1108  1149 I android.youtub:   at java.lang.Class dalvik.system.BaseDexClassLoader.findClass(java.lang.String) (BaseDexClassLoader.java:132)
01-15 19:51:54.463  1108  1149 I android.youtub:   at java.lang.Class gxv.loadClass(java.lang.String, boolean) (:com.google.android.gms@225014028@22.50.14 (100400-499278674):2)
01-15 19:51:54.463  1108  1149 I android.youtub:   at java.lang.Class java.lang.ClassLoader.loadClass(java.lang.String) (ClassLoader.java:312)
01-15 19:51:54.463  1108  1149 I android.youtub:   at java.util.List adu.r(aew, android.content.Context, cdg, com.google.ads.afma.f) (:com.google.android.gms.policy_ads_fdr_dynamite@224400003@224400003057.484457631.484457631:6)
01-15 19:51:54.463  1108  1149 I android.youtub:   at java.util.List adv.r(aew, android.content.Context, cdg, com.google.ads.afma.f) (:com.google.android.gms.policy_ads_fdr_dynamite@224400003@224400003057.484457631.484457631:4)
01-15 19:51:54.463  1108  1149 I android.youtub:   at void adu.s(aew, android.content.Context, cdg, com.google.ads.afma.f) (:com.google.android.gms.policy_ads_fdr_dynamite@224400003@224400003057.484457631.484457631:0)
01-15 19:51:54.463  1108  1149 I android.youtub:   at cdg adu.m(android.content.Context, com.google.ads.afma.f) (:com.google.android.gms.policy_ads_fdr_dynamite@224400003@224400003057.484457631.484457631:10)
01-15 19:51:54.463  1108  1149 I android.youtub:   at java.lang.String adp.r(android.content.Context, java.lang.String, int, android.view.View, android.app.Activity, byte[]) (:com.google.android.gms.policy_ads_fdr_dynamite@224400003@224400003057.484457631.484457631:8)
01-15 19:51:54.463  1108  1149 I android.youtub:   at java.lang.String adp.g(android.content.Context, byte[]) (:com.google.android.gms.policy_ads_fdr_dynamite@224400003@224400003057.484457631.484457631:2)
01-15 19:51:54.463  1108  1149 I android.youtub:   at java.lang.String com.google.android.gms.ads.adshield.internal.a.b(apj, byte[]) (:com.google.android.gms.policy_ads_fdr_dynamite@224400003@224400003057.484457631.484457631:1)
01-15 19:51:54.463  1108  1149 I android.youtub:   at boolean com.google.android.gms.ads.adshield.internal.a.bQ(int, android.os.Parcel, android.os.Parcel) (:com.google.android.gms.policy_ads_fdr_dynamite@224400003@224400003057.484457631.484457631:50)
01-15 19:51:54.463  1108  1149 I android.youtub:   at boolean afk.onTransact(int, android.os.Parcel, android.os.Parcel, int) (:com.google.android.gms.policy_ads_fdr_dynamite@224400003@224400003057.484457631.484457631:4)
01-15 19:51:54.463  1108  1149 I android.youtub:   at boolean android.os.Binder.transact(int, android.os.Parcel, android.os.Parcel, int) (Binder.java:667)
01-15 19:51:54.463  1108  1149 I android.youtub:   at android.os.Parcel rff.a(int, android.os.Parcel) (SourceFile:8)
01-15 19:51:54.463  1108  1149 I android.youtub:   at java.lang.String oye.a(pyz, byte[]) (SourceFile:28)
01-15 19:51:54.463  1108  1149 I android.youtub:   at java.lang.String oyf.a(android.content.Context, byte[]) (SourceFile:4)
01-15 19:51:54.463  1108  1149 I android.youtub:   at java.lang.String sxb.a(android.content.Context) (SourceFile:16)
01-15 19:51:54.463  1108  1149 I android.youtub:   at java.lang.String vhi.a(swx, byte[]) (SourceFile:29)
01-15 19:51:54.463  1108  1149 I android.youtub:   at java.lang.String vhi.c() (SourceFile:3)
01-15 19:51:54.463  1108  1149 I android.youtub:   at java.lang.String vhv.c() (SourceFile:26)
01-15 19:51:54.463  1108  1149 I android.youtub:   at void vhv.a() (SourceFile:2)
01-15 19:51:54.463  1108  1149 I android.youtub:   at void drb.run() (SourceFile:7)
01-15 19:51:54.463  1108  1149 I android.youtub:   at java.lang.Object java.util.concurrent.Executors$RunnableAdapter.call() (Executors.java:458)
01-15 19:51:54.463  1108  1149 I android.youtub:   at void java.util.concurrent.FutureTask.run() (FutureTask.java:266)
01-15 19:51:54.463  1108  1149 I android.youtub:   at void java.util.concurrent.ScheduledThreadPoolExecutor$ScheduledFutureTask.run() (ScheduledThreadPoolExecutor.java:301)
01-15 19:51:54.463  1108  1149 I android.youtub:   at void java.util.concurrent.ThreadPoolExecutor.runWorker(java.util.concurrent.ThreadPoolExecutor$Worker) (ThreadPoolExecutor.java:1167)
01-15 19:51:54.463  1108  1149 I android.youtub:   at void java.util.concurrent.ThreadPoolExecutor$Worker.run() (ThreadPoolExecutor.java:641)
01-15 19:51:54.463  1108  1149 I android.youtub:   at void wvf.run() (SourceFile:12)
01-15 19:51:54.463  1108  1149 I android.youtub:   at void java.lang.Thread.run() (Thread.java:764)
01-15 19:51:54.463  1108  1149 I android.youtub: 
01-15 19:51:54.463  1108  1149 I android.youtub: Rejecting re-init on previously-failed class java.lang.Class<com.google.android.ads.tasks.appdigest.a>: java.lang.NoClassDefFoundError: Failed resolution of: Landroid/content/pm/PackageManager$OnChecksumsReadyListener;
01-15 19:51:54.463  1108  1149 I android.youtub:   at java.lang.Class dalvik.system.DexFile.defineClassNative(java.lang.String, java.lang.ClassLoader, java.lang.Object, dalvik.system.DexFile) (DexFile.java:-2)
01-15 19:51:54.463  1108  1149 I android.youtub:   at java.lang.Class dalvik.system.DexFile.defineClass(java.lang.String, java.lang.ClassLoader, java.lang.Object, dalvik.system.DexFile, java.util.List) (DexFile.java:283)
01-15 19:51:54.463  1108  1149 I android.youtub:   at java.lang.Class dalvik.system.DexFile.loadClassBinaryName(java.lang.String, java.lang.ClassLoader, java.util.List) (DexFile.java:276)
01-15 19:51:54.463  1108  1149 I android.youtub:   at java.lang.Class dalvik.system.DexPathList$Element.findClass(java.lang.String, java.lang.ClassLoader, java.util.List) (DexPathList.java:724)
01-15 19:51:54.463  1108  1149 I android.youtub:   at java.lang.Class dalvik.system.DexPathList.findClass(java.lang.String, java.util.List) (DexPathList.java:486)
01-15 19:51:54.463  1108  1149 I android.youtub:   at java.lang.Class dalvik.system.BaseDexClassLoader.findClass(java.lang.String) (BaseDexClassLoader.java:132)
01-15 19:51:54.463  1108  1149 I android.youtub:   at java.lang.Class gxv.loadClass(java.lang.String, boolean) (:com.google.android.gms@225014028@22.50.14 (100400-499278674):2)
01-15 19:51:54.463  1108  1149 I android.youtub:   at java.lang.Class java.lang.ClassLoader.loadClass(java.lang.String) (ClassLoader.java:312)
01-15 19:51:54.463  1108  1149 I android.youtub:   at java.util.List adu.r(aew, android.content.Context, cdg, com.google.ads.afma.f) (:com.google.android.gms.policy_ads_fdr_dynamite@224400003@224400003057.484457631.484457631:6)
01-15 19:51:54.463  1108  1149 I android.youtub:   at java.util.List adv.r(aew, android.content.Context, cdg, com.google.ads.afma.f) (:com.google.android.gms.policy_ads_fdr_dynamite@224400003@224400003057.484457631.484457631:4)
01-15 19:51:54.463  1108  1149 I android.youtub:   at void adu.s(aew, android.content.Context, cdg, com.google.ads.afma.f) (:com.google.android.gms.policy_ads_fdr_dynamite@224400003@224400003057.484457631.484457631:0)
01-15 19:51:54.463  1108  1149 I android.youtub:   at cdg adu.m(android.content.Context, com.google.ads.afma.f) (:com.google.android.gms.policy_ads_fdr_dynamite@224400003@224400003057.484457631.484457631:10)
01-15 19:51:54.463  1108  1149 I android.youtub:   at java.lang.String adp.r(android.content.Context, java.lang.String, int, android.view.View, android.app.Activity, byte[]) (:com.google.android.gms.policy_ads_fdr_dynamite@224400003@224400003057.484457631.484457631:8)
01-15 19:51:54.463  1108  1149 I android.youtub:   at java.lang.String adp.g(android.content.Context, byte[]) (:com.google.android.gms.policy_ads_fdr_dynamite@224400003@224400003057.484457631.484457631:2)
01-15 19:51:54.463  1108  1149 I android.youtub:   at java.lang.String com.google.android.gms.ads.adshield.internal.a.b(apj, byte[]) (:com.google.android.gms.policy_ads_fdr_dynamite@224400003@224400003057.484457631.484457631:1)
01-15 19:51:54.463  1108  1149 I android.youtub:   at boolean com.google.android.gms.ads.adshield.internal.a.bQ(int, android.os.Parcel, android.os.Parcel) (:com.google.android.gms.policy_ads_fdr_dynamite@224400003@224400003057.484457631.484457631:50)
01-15 19:51:54.463  1108  1149 I android.youtub:   at boolean afk.onTransact(int, android.os.Parcel, android.os.Parcel, int) (:com.google.android.gms.policy_ads_fdr_dynamite@224400003@224400003057.484457631.484457631:4)
01-15 19:51:54.463  1108  1149 I android.youtub:   at boolean android.os.Binder.transact(int, android.os.Parcel, android.os.Parcel, int) (Binder.java:667)
01-15 19:51:54.463  1108  1149 I android.youtub:   at android.os.Parcel rff.a(int, android.os.Parcel) (SourceFile:8)
01-15 19:51:54.463  1108  1149 I android.youtub:   at java.lang.String oye.a(pyz, byte[]) (SourceFile:28)
01-15 19:51:54.463  1108  1149 I android.youtub:   at java.lang.String oyf.a(android.content.Context, byte[]) (SourceFile:4)
01-15 19:51:54.463  1108  1149 I android.youtub:   at java.lang.String sxb.a(android.content.Context) (SourceFile:16)
01-15 19:51:54.463  1108  1149 I android.youtub:   at java.lang.String vhi.a(swx, byte[]) (SourceFile:29)
01-15 19:51:54.463  1108  1149 I android.youtub:   at java.lang.String vhi.c() (SourceFile:3)
01-15 19:51:54.463  1108  1149 I android.youtub:   at java.lang.String vhv.c() (SourceFile:26)
01-15 19:51:54.463  1108  1149 I android.youtub:   at void vhv.a() (SourceFile:2)
01-15 19:51:54.463  1108  1149 I android.youtub:   at void drb.run() (SourceFile:7)
01-15 19:51:54.463  1108  1149 I android.youtub:   at java.lang.Object java.util.concurrent.Executors$RunnableAdapter.call() (Executors.java:458)
01-15 19:51:54.463  1108  1149 I android.youtub:   at void java.util.concurrent.FutureTask.run() (FutureTask.java:266)
01-15 19:51:54.463  1108  1149 I android.youtub:   at void java.util.concurrent.ScheduledThreadPoolExecutor$ScheduledFutureTask.run() (ScheduledThreadPoolExecutor.java:301)
01-15 19:51:54.463  1108  1149 I android.youtub:   at void java.util.concurrent.ThreadPoolExecutor.runWorker(java.util.concurrent.ThreadPoolExecutor$Worker) (ThreadPoolExecutor.java:1167)
01-15 19:51:54.463  1108  1149 I android.youtub:   at void java.util.concurrent.ThreadPoolExecutor$Worker.run() (ThreadPoolExecutor.java:641)
01-15 19:51:54.463  1108  1149 I android.youtub:   at void wvf.run() (SourceFile:12)
01-15 19:51:54.463  1108  1149 I android.youtub:   at void java.lang.Thread.run() (Thread.java:764)
01-15 19:51:54.463  1108  1149 I android.youtub: Caused by: java.lang.ClassNotFoundException: Didn't find class "android.content.pm.PackageManager$OnChecksumsReadyListener" on path: DexPathList[[zip file "/data/user_de/0/com.google.android.gms/app_chimera/m/0000000b/AdsDynamite.apk"],nativeLibraryDirectories=[/data/user_de/0/com.google.android.gms/app_chimera/m/0000000b/AdsDynamite.apk!/lib/arm64-v8a, /system/lib64]]
01-15 19:51:54.463  1108  1149 I android.youtub:   at java.lang.Class dalvik.system.BaseDexClassLoader.findClass(java.lang.String) (BaseDexClassLoader.java:134)
01-15 19:51:54.463  1108  1149 I android.youtub:   at java.lang.Class java.lang.ClassLoader.loadClass(java.lang.String, boolean) (ClassLoader.java:379)
01-15 19:51:54.463  1108  1149 I android.youtub:   at java.lang.Class gxv.loadClass(java.lang.String, boolean) (:com.google.android.gms@225014028@22.50.14 (100400-499278674):3)
01-15 19:51:54.463  1108  1149 I android.youtub:   at java.lang.Class java.lang.ClassLoader.loadClass(java.lang.String) (ClassLoader.java:312)
01-15 19:51:54.463  1108  1149 I android.youtub:   at java.lang.Class dalvik.system.DexFile.defineClassNative(java.lang.String, java.lang.ClassLoader, java.lang.Object, dalvik.system.DexFile) (DexFile.java:-2)
01-15 19:51:54.463  1108  1149 I android.youtub:   at java.lang.Class dalvik.system.DexFile.defineClass(java.lang.String, java.lang.ClassLoader, java.lang.Object, dalvik.system.DexFile, java.util.List) (DexFile.java:283)
01-15 19:51:54.463  1108  1149 I android.youtub:   at java.lang.Class dalvik.system.DexFile.loadClassBinaryName(java.lang.String, java.lang.ClassLoader, java.util.List) (DexFile.java:276)
01-15 19:51:54.463  1108  1149 I android.youtub:   at java.lang.Class dalvik.system.DexPathList$Element.findClass(java.lang.String, java.lang.ClassLoader, java.util.List) (DexPathList.java:724)
01-15 19:51:54.463  1108  1149 I android.youtub:   at java.lang.Class dalvik.system.DexPathList.findClass(java.lang.String, java.util.List) (DexPathList.java:486)
01-15 19:51:54.463  1108  1149 I android.youtub:   at java.lang.Class dalvik.system.BaseDexClassLoader.findClass(java.lang.String) (BaseDexClassLoader.java:132)
01-15 19:51:54.463  1108  1149 I android.youtub:   at java.lang.Class gxv.loadClass(java.lang.String, boolean) (:com.google.android.gms@225014028@22.50.14 (100400-499278674):2)
01-15 19:51:54.463  1108  1149 I android.youtub:   at java.lang.Class java.lang.ClassLoader.loadClass(java.lang.String) (ClassLoader.java:312)
01-15 19:51:54.463  1108  1149 I android.youtub:   at java.util.List adu.r(aew, android.content.Context, cdg, com.google.ads.afma.f) (:com.google.android.gms.policy_ads_fdr_dynamite@224400003@224400003057.484457631.484457631:6)
01-15 19:51:54.463  1108  1149 I android.youtub:   at java.util.List adv.r(aew, android.content.Context, cdg, com.google.ads.afma.f) (:com.google.android.gms.policy_ads_fdr_dynamite@224400003@224400003057.484457631.484457631:4)
01-15 19:51:54.463  1108  1149 I android.youtub:   at void adu.s(aew, android.content.Context, cdg, com.google.ads.afma.f) (:com.google.android.gms.policy_ads_fdr_dynamite@224400003@224400003057.484457631.484457631:0)
01-15 19:51:54.463  1108  1149 I android.youtub:   at cdg adu.m(android.content.Context, com.google.ads.afma.f) (:com.google.android.gms.policy_ads_fdr_dynamite@224400003@224400003057.484457631.484457631:10)
01-15 19:51:54.463  1108  1149 I android.youtub:   at java.lang.String adp.r(android.content.Context, java.lang.String, int, android.view.View, android.app.Activity, byte[]) (:com.google.android.gms.policy_ads_fdr_dynamite@224400003@224400003057.484457631.484457631:8)
01-15 19:51:54.463  1108  1149 I android.youtub:   at java.lang.String adp.g(android.content.Context, byte[]) (:com.google.android.gms.policy_ads_fdr_dynamite@224400003@224400003057.484457631.484457631:2)
01-15 19:51:54.463  1108  1149 I android.youtub:   at java.lang.String com.google.android.gms.ads.adshield.internal.a.b(apj, byte[]) (:com.google.android.gms.policy_ads_fdr_dynamite@224400003@224400003057.484457631.484457631:1)
01-15 19:51:54.463  1108  1149 I android.youtub:   at boolean com.google.android.gms.ads.adshield.internal.a.bQ(int, android.os.Parcel, android.os.Parcel) (:com.google.android.gms.policy_ads_fdr_dynamite@224400003@224400003057.484457631.484457631:50)
01-15 19:51:54.463  1108  1149 I android.youtub:   at boolean afk.onTransact(int, android.os.Parcel, android.os.Parcel, int) (:com.google.android.gms.policy_ads_fdr_dynamite@224400003@224400003057.484457631.484457631:4)
01-15 19:51:54.463  1108  1149 I android.youtub:   at boolean android.os.Binder.transact(int, android.os.Parcel, android.os.Parcel, int) (Binder.java:667)
01-15 19:51:54.463  1108  1149 I android.youtub:   at android.os.Parcel rff.a(int, android.os.Parcel) (SourceFile:8)
01-15 19:51:54.463  1108  1149 I android.youtub:   at java.lang.String oye.a(pyz, byte[]) (SourceFile:28)
01-15 19:51:54.463  1108  1149 I android.youtub:   at java.lang.String oyf.a(android.content.Context, byte[]) (SourceFile:4)
