--------- beginning of main
01-15 19:51:05.855  3248  1829 I GnssLocationProvider: WakeLock acquired by sendMessage(REPORT_SV_STATUS, 0, com.android.server.location.GnssLocationProvider$SvStatusInfo@3c42166)
01-15 19:51:05.855  3248  3261 I GnssLocationProvider: WakeLock released by handleMessage(REPORT_SV_STATUS, 0, com.android.server.location.GnssLocationProvider$SvStatusInfo@3c42166)
01-15 19:51:06.861  3248  1829 I GnssLocationProvider: WakeLock acquired by sendMessage(REPORT_SV_STATUS, 0, com.android.server.location.GnssLocationProvider$SvStatusInfo@7937ca7)
01-15 19:51:06.861  3248  3261 I GnssLocationProvider: WakeLock released by handleMessage(REPORT_SV_STATUS, 0, com.android.server.location.GnssLocationProvider$SvStatusInfo@7937ca7)
01-15 19:51:07.864  3248  1829 I GnssLocationProvider: WakeLock acquired by sendMessage(REPORT_SV_STATUS, 0, com.android.server.location.GnssLocationProvider$SvStatusInfo@9f12554)
01-15 19:51:07.865  3248  3261 I GnssLocationProvider: WakeLock released by handleMessage(REPORT_SV_STATUS, 0, com.android.server.location.GnssLocationProvider$SvStatusInfo@9f12554)
--------- beginning of system
01-15 19:51:08.427  3248  3262 I ActivityManager: Force stopping com.cohenadair.anglerslog appid=10110 user=-1: deletePackageX
01-15 19:51:08.515  3109  3109 I keystore: clear_uid 10110
01-15 19:51:08.564  3248  3286 I system_server: Explicit concurrent copying GC freed 56456(2MB) AllocSpace objects, 16(576KB) LOS objects, 33% free, 11MB/17MB, paused 49us total 48.371ms
01-15 19:51:08.570  3248  3286 I ActivityManager: Force stopping com.cohenadair.anglerslog appid=10110 user=0: pkg removed
01-15 19:51:08.574  3248  3262 W BroadcastQueue: Background execution not allowed: receiving Intent { act=android.intent.action.PACKAGE_REMOVED dat=package:com.cohenadair.anglerslog flg=0x4000010 (has extras) } to com.android.musicfx/.Compatibility$Receiver
01-15 19:51:08.574  3248  3262 W BroadcastQueue: Background execution not allowed: receiving Intent { act=android.intent.action.PACKAGE_REMOVED dat=package:com.cohenadair.anglerslog flg=0x4000010 (has extras) } to com.android.vending/com.google.android.finsky.packagemonitor.impl.PackageMonitorReceiverImpl$RegisteredReceiver
01-15 19:51:08.574  3248  3262 W BroadcastQueue: Background execution not allowed: receiving Intent { act=android.intent.action.PACKAGE_REMOVED dat=package:com.cohenadair.anglerslog flg=0x4000010 (has extras) } to com.android.vending/com.google.android.finsky.instantapps.appmanagement.InstantAppRemoveMonitor
01-15 19:51:08.574  3248  3262 W BroadcastQueue: Background execution not allowed: receiving Intent { act=android.intent.action.PACKAGE_REMOVED dat=package:com.cohenadair.anglerslog flg=0x4000010 (has extras) } to com.google.android.gms/.games.chimera.GamesSystemBroadcastReceiverProxy
01-15 19:51:08.574  3248  3262 W BroadcastQueue: Background execution not allowed: receiving Intent { act=android.intent.action.PACKAGE_REMOVED dat=package:com.cohenadair.anglerslog flg=0x4000010 (has extras) } to com.google.android.gms/.chimera.GmsIntentOperationService$PersistentTrustedReceiver
01-15 19:51:08.574  3248  3262 W BroadcastQueue: Background execution not allowed: receiving Intent { act=android.intent.action.PACKAGE_REMOVED dat=package:com.cohenadair.anglerslog flg=0x4000010 (has extras) } to com.google.android.googlequicksearchbox/com.google.android.apps.gsa.googlequicksearchbox.GelStubAppWatcher
01-15 19:51:08.576  4001  4001 I Finsky  : [2] ssf.m(0): PackageMonitorReceiverImpl - Received: android.intent.action.PACKAGE_REMOVED, [oFPzPmydo2NKMBt_Hudm7_2bwCn4TQt1vKJe-pJEqUk]
01-15 19:51:08.577  4001  4001 I Finsky  : [2] ssx.n(8): Invalidating cached PackageState for com.cohenadair.anglerslog
01-15 19:51:08.578  4001  4001 I Finsky  : [2] ssx.s(5): Package no longer installed: com.cohenadair.anglerslog
01-15 19:51:08.582  4001  4001 I Finsky  : [2] ssx.s(5): Package no longer installed: com.cohenadair.anglerslog
01-15 19:51:08.591  3822  3822 I GsaVoiceInteractionSrv: (REDACTED) O received %s
01-15 19:51:08.626  3248  3334 I InputReader: Reconfiguring input devices.  changes=0x00000010
01-15 19:51:08.629  4929  4929 E CarrierServices: [2] btx.a: Invalid signature found for com.android.contacts: 18B66F4996F3D01CEAD29D3A3AA81801E7950B82
01-15 19:51:08.629  4001  4204 I Finsky  : [120] goc.a(5): AIM: AppInfoManager-Perf > OnDeviceAppInfo > cacheHitCount=0, cacheMissCount=1. Missed  in cache (limit 10) : [com.cohenadair.anglerslog]
01-15 19:51:08.632  4001  4204 I Finsky  : [120] glp.apply(78): AIM: Got app ownership map. App counts: . Unique apps: 0
01-15 19:51:08.638  4001  4001 I Finsky  : [2] adsk.c(3): Do not start WearSupportService due to Wear service optimization
01-15 19:51:08.639  4001  4001 I Finsky  : [2] wyc.a(8): Clearing split related stale data.
01-15 19:51:08.656  4929  4929 E CarrierServices: [2] btx.a: Invalid signature found for com.android.contacts: 18B66F4996F3D01CEAD29D3A3AA81801E7950B82
01-15 19:51:08.657  3248  3248 I ConditionProviders: Disallowing condition provider com.cohenadair.anglerslog
01-15 19:51:08.659  3461  3461 D CarrierSvcBindHelper: No carrier app for: 0
01-15 19:51:08.666  4001 32657 I Finsky  : [502] kwu.run(2): Frosting DB delete succeeded: true
01-15 19:51:08.673  3248  3350 D WifiConfigManager: Remove all networks for app ApplicationInfo{518689b com.cohenadair.anglerslog}
01-15 19:51:08.674  4001 32657 I Finsky  : [502] kwu.run(2): Frosting DB delete succeeded: false
01-15 19:51:08.676  4001  4224 I Finsky  : [125] gnw.a(11): AIM: AppInfoManager-Perf > ItemModel > CacheSize=0, cacheHitCount=0, cacheMissCount=1, total appsWithNoServerDataCount=0. Missed  in cache (limit 10) : [com.cohenadair.anglerslog]
01-15 19:51:08.678  4001  4224 I Finsky  : [125] goa.p(3): AIM: AppInfoManager-Perf > ItemModel > ItemStore Called 1 apps cacheOptions = USE_CACHE
01-15 19:51:08.678  3793 32674 I BlockstoreStorage: Clearing all the Blockstore Data for package com.cohenadair.anglerslog [CONTEXT service_id=258 ]
01-15 19:51:08.679  3793 32674 I BlockstoreStorage: Clearing all the Blockstore Data for 1 packages [CONTEXT service_id=258 ]
01-15 19:51:08.683  4001  4224 I Finsky  : [125] gnw.a(80): AIM: ItemModel fetch - unauth(1), auth()
01-15 19:51:08.684  3632 32677 I Fitness : FitCleanupIntentOperation received Intent android.intent.action.PACKAGE_REMOVED [CONTEXT service_id=17 ]
01-15 19:51:08.686  4001  4001 I Finsky  : [2] ssf.m(0): PackageMonitorReceiverImpl - Received: android.intent.action.PACKAGE_FULLY_REMOVED, [oFPzPmydo2NKMBt_Hudm7_2bwCn4TQt1vKJe-pJEqUk]
01-15 19:51:08.691  3793 23690 I ContentMaintenance: Internal cache bytes used: 0; limit: 100000000; download size: 0
01-15 19:51:08.697  4001  4001 I Finsky  : [2] ssx.n(8): Invalidating cached PackageState for com.cohenadair.anglerslog
01-15 19:51:08.700  4001  4001 I Finsky  : [2] ssx.s(5): Package no longer installed: com.cohenadair.anglerslog
01-15 19:51:08.701  4001 32682 I Finsky  : [512] njc.accept(24): IQ: handled package removed
01-15 19:51:08.706  3793 23690 I RealtimeCacheCleanup: Beginning Realtime garbage collection.
01-15 19:51:08.708  4001  4001 I Finsky  : [2] ssf.m(0): PackageMonitorReceiverImpl - Deduping intent android.intent.action.PACKAGE_FULLY_REMOVED
01-15 19:51:08.713  4001 32685 I Finsky  : [513] at.a(48): Asset module storage cleared for package com.cohenadair.anglerslog.
01-15 19:51:08.715  4001 32657 I Finsky  : [502] kwu.run(2): Frosting DB delete succeeded: false
01-15 19:51:08.731  3793 23691 I Icing   : doRemovePackageData com.cohenadair.anglerslog
01-15 19:51:08.742  3793 23690 I RealtimeCacheCleanup: Finished Realtime garbage collection.
01-15 19:51:08.756  3793  4467 I Icing   : IndexChimeraService.getServiceInterface callingPackage=com.google.android.gms componentName=AppsCorpus serviceId=36
01-15 19:51:08.762  3793  3793 D BoundBrokerSvc: onBind: Intent { act=com.google.android.gms.feedback.internal.IFeedbackService dat=chimera-action: cmp=com.google.android.gms/.chimera.GmsBoundBrokerService }
01-15 19:51:08.762  3793  3793 D BoundBrokerSvc: Loading bound service for intent: Intent { act=com.google.android.gms.feedback.internal.IFeedbackService dat=chimera-action: cmp=com.google.android.gms/.chimera.GmsBoundBrokerService }
01-15 19:51:08.790  3793  3793 D BoundBrokerSvc: onBind: Intent { act=com.google.android.gms.common.BIND_SHARED_PREFS pkg=com.google.android.gms }
01-15 19:51:08.790  3793  3793 D BoundBrokerSvc: Loading bound service for intent: Intent { act=com.google.android.gms.common.BIND_SHARED_PREFS pkg=com.google.android.gms }
01-15 19:51:08.792  3793 23691 W Icing   : No valid account for uploading user actions
01-15 19:51:08.833  3793  3793 D BoundBrokerSvc: onUnbind: Intent { act=com.google.android.gms.common.BIND_SHARED_PREFS pkg=com.google.android.gms }
01-15 19:51:08.839  3793 23691 I Icing   : Usage reports ok 0, Failed Usage reports 0, indexed 0, rejected 0
01-15 19:51:08.845  3793 23654 I Icing   : IndexChimeraService.getServiceInterface callingPackage=com.google.android.gms componentName=null serviceId=30
01-15 19:51:08.854  3793 23691 W Icing   : No valid account for uploading user actions
01-15 19:51:08.857  3793 23691 I Icing   : Usage reports ok 0, Failed Usage reports 0, indexed 0, rejected 0
01-15 19:51:08.857  3793 23691 I Icing   : Indexing com.google.android.gms-apps from com.google.android.gms
01-15 19:51:08.860  3793 23691 I Icing   : Indexing done com.google.android.gms-apps
01-15 19:51:08.862  3248  1829 I GnssLocationProvider: WakeLock acquired by sendMessage(REPORT_SV_STATUS, 0, com.android.server.location.GnssLocationProvider$SvStatusInfo@399f8b0)
01-15 19:51:08.863  3248  3261 I GnssLocationProvider: WakeLock released by handleMessage(REPORT_SV_STATUS, 0, com.android.server.location.GnssLocationProvider$SvStatusInfo@399f8b0)
01-15 19:51:08.911  4001  4208 I Finsky  : [121] vem.accept(56): SCH: Scheduling phonesky job Id: 12-1, CT: 1673830268687, Constraints: [{ L: 15000, D: 86400000, C: 1, I: 1, N: 1 }]
01-15 19:51:08.914  4001  4225 I Finsky  : [126] ved.apply(9): SCH: Scheduling 1 system job(s)
01-15 19:51:08.914  4001  4225 I Finsky  : [126] vnt.d(4): SCH: Scheduling system job Id: 9330, L: 14773, D: 59423030, C: false, I: false, N: 1
01-15 19:51:08.918  4001  4184 I Finsky  : [117] asr.aaa(10): [ContentSync] finished, scheduled=true
01-15 19:51:09.365  3248  3286 W Bundle  : Key android.max_aspect expected Float but value was a java.lang.String.  The default value 0.0 was returned.
01-15 19:51:09.366  3248  3286 W Bundle  : Attempt to cast generated internal exception:
01-15 19:51:09.366  3248  3286 W Bundle  : java.lang.ClassCastException: java.lang.String cannot be cast to java.lang.Float
01-15 19:51:09.366  3248  3286 W Bundle  : 	at android.os.BaseBundle.getFloat(BaseBundle.java:1104)
01-15 19:51:09.366  3248  3286 W Bundle  : 	at android.os.Bundle.getFloat(Bundle.java:834)
01-15 19:51:09.366  3248  3286 W Bundle  : 	at android.content.pm.PackageParser.setMaxAspectRatio(PackageParser.java:4521)
01-15 19:51:09.366  3248  3286 W Bundle  : 	at android.content.pm.PackageParser.parseBaseApplication(PackageParser.java:3831)
01-15 19:51:09.366  3248  3286 W Bundle  : 	at android.content.pm.PackageParser.parseBaseApkCommon(PackageParser.java:2053)
01-15 19:51:09.366  3248  3286 W Bundle  : 	at android.content.pm.PackageParser.parseBaseApk(PackageParser.java:1942)
01-15 19:51:09.366  3248  3286 W Bundle  : 	at android.content.pm.PackageParser.parseBaseApk(PackageParser.java:1337)
01-15 19:51:09.366  3248  3286 W Bundle  : 	at android.content.pm.PackageParser.parseClusterPackage(PackageParser.java:1243)
01-15 19:51:09.366  3248  3286 W Bundle  : 	at android.content.pm.PackageParser.parsePackage(PackageParser.java:1020)
01-15 19:51:09.366  3248  3286 W Bundle  : 	at android.content.pm.PackageParser.parsePackage(PackageParser.java:1042)
01-15 19:51:09.366  3248  3286 W Bundle  : 	at com.android.server.pm.PackageManagerService.installPackageLI(PackageManagerService.java:17146)
01-15 19:51:09.366  3248  3286 W Bundle  : 	at com.android.server.pm.PackageManagerService.installPackageTracedLI(PackageManagerService.java:17080)
01-15 19:51:09.366  3248  3286 W Bundle  : 	at com.android.server.pm.PackageManagerService.access$3300(PackageManagerService.java:405)
01-15 19:51:09.366  3248  3286 W Bundle  : 	at com.android.server.pm.PackageManagerService$9.run(PackageManagerService.java:14996)
01-15 19:51:09.366  3248  3286 W Bundle  : 	at android.os.Handler.handleCallback(Handler.java:873)
01-15 19:51:09.366  3248  3286 W Bundle  : 	at android.os.Handler.dispatchMessage(Handler.java:99)
01-15 19:51:09.366  3248  3286 W Bundle  : 	at android.os.Looper.loop(Looper.java:193)
01-15 19:51:09.366  3248  3286 W Bundle  : 	at android.os.HandlerThread.run(HandlerThread.java:65)
01-15 19:51:09.366  3248  3286 W Bundle  : 	at com.android.server.ServiceThread.run(ServiceThread.java:44)
01-15 19:51:09.398  3248  3286 I PackageManager.DexOptimizer: Running dexopt (dexoptNeeded=1) on: /data/app/io.lerk.lrkFM-f_SfTvSM6psT2W-EdUSgMQ==/base.apk pkg=io.lerk.lrkFM isa=arm64 dexoptFlags=boot_complete,profile_guided,public,enable_hidden_api_checks targetFilter=speed-profile oatDir=/data/app/io.lerk.lrkFM-f_SfTvSM6psT2W-EdUSgMQ==/oat classLoaderContext=PCL[]
01-15 19:51:09.398  3108  3376 V installed: DexInv: --- BEGIN '/data/app/io.lerk.lrkFM-f_SfTvSM6psT2W-EdUSgMQ==/base.apk' ---
01-15 19:51:09.416 32726 32726 I dex2oat : /system/bin/dex2oat --input-vdex-fd=-1 --output-vdex-fd=8 --compiler-filter=speed-profile --classpath-dir=/data/app/io.lerk.lrkFM-f_SfTvSM6psT2W-EdUSgMQ== --class-loader-context=PCL[] --generate-mini-debug-info --compact-dex-level=none --compilation-reason=install
01-15 19:51:09.416 32726 32726 E cutils-trace: Error opening trace file: No such file or directory (2)
01-15 19:51:09.719 32726 32726 I dex2oat : Explicit concurrent copying GC freed 14191(4MB) AllocSpace objects, 0(0B) LOS objects, 99% free, 744B/1536KB, paused 29us total 1.996ms
01-15 19:51:09.793 32726 32726 I dex2oat : dex2oat took 378.535ms (624.311ms cpu) (threads: 4) arena alloc=8KB (8296B) java alloc=16KB (17128B) native alloc=4MB (5118144B) free=9MB (9561920B)
01-15 19:51:09.796  3108  3376 V installed: DexInv: --- END '/data/app/io.lerk.lrkFM-f_SfTvSM6psT2W-EdUSgMQ==/base.apk' (success) ---
01-15 19:51:09.797  3248  3286 V BackupManagerService: restoreAtInstall pkg=io.lerk.lrkFM token=f restoreSet=0
01-15 19:51:09.797  3248  3286 V BackupManagerService: Finishing install immediately
01-15 19:51:09.810  3108  3376 E         : Couldn't opendir /data/app/vmdl1988085741.tmp: No such file or directory
01-15 19:51:09.810  3108  3376 E installd: Failed to delete /data/app/vmdl1988085741.tmp: No such file or directory
01-15 19:51:09.814  3248  3262 W BroadcastQueue: Background execution not allowed: receiving Intent { act=android.intent.action.PACKAGE_ADDED dat=package:io.lerk.lrkFM flg=0x4000010 (has extras) } to com.android.musicfx/.Compatibility$Receiver
01-15 19:51:09.814  3248  3262 W BroadcastQueue: Background execution not allowed: receiving Intent { act=android.intent.action.PACKAGE_ADDED dat=package:io.lerk.lrkFM flg=0x4000010 (has extras) } to com.android.vending/com.google.android.finsky.packagemonitor.impl.PackageMonitorReceiverImpl$RegisteredReceiver
01-15 19:51:09.814  3248  3262 W BroadcastQueue: Background execution not allowed: receiving Intent { act=android.intent.action.PACKAGE_ADDED dat=package:io.lerk.lrkFM flg=0x4000010 (has extras) } to com.google.android.gms/.games.chimera.GamesSystemBroadcastReceiverProxy
01-15 19:51:09.814  3248  3262 W BroadcastQueue: Background execution not allowed: receiving Intent { act=android.intent.action.PACKAGE_ADDED dat=package:io.lerk.lrkFM flg=0x4000010 (has extras) } to com.google.android.gms/.gass.chimera.PackageChangeBroadcastReceiver
01-15 19:51:09.815  3248  3262 W BroadcastQueue: Background execution not allowed: receiving Intent { act=android.intent.action.PACKAGE_ADDED dat=package:io.lerk.lrkFM flg=0x4000010 (has extras) } to com.google.android.gms/.chimera.GmsIntentOperationService$PersistentTrustedReceiver
01-15 19:51:09.815  3248  3262 W BroadcastQueue: Background execution not allowed: receiving Intent { act=android.intent.action.PACKAGE_ADDED dat=package:io.lerk.lrkFM flg=0x4000010 (has extras) } to com.google.android.googlequicksearchbox/com.google.android.apps.gsa.googlequicksearchbox.GelStubAppWatcher
01-15 19:51:09.815  3248  3262 W BroadcastQueue: Background execution not allowed: receiving Intent { act=android.intent.action.PACKAGE_ADDED dat=package:io.lerk.lrkFM flg=0x4000010 (has extras) } to com.google.android.ims/.receivers.RcsAutoStartReceiver
01-15 19:51:09.821  4001  4001 I Finsky  : [2] ssf.m(0): PackageMonitorReceiverImpl - Received: android.intent.action.PACKAGE_ADDED, [LoEizY0sYByzGTVRkEqtOhj7OhHC9okJ6nctmdTSslY]
01-15 19:51:09.821  4001  4001 I Finsky  : [2] ssx.n(8): Invalidating cached PackageState for io.lerk.lrkFM
01-15 19:51:09.821  3822  3822 I GsaVoiceInteractionSrv: (REDACTED) O received %s
01-15 19:51:09.827  4929  4929 I CarrierServices: [2] RcsAutoStartReceiver.b: carrierServicesJibeServiceEnabled changed from true to true
01-15 19:51:09.827  4929  4929 I CarrierServices: [2] RcsAutoStartReceiver.b: enableRcs changed from true to true
01-15 19:51:09.828  4929  4929 I CarrierServices: [2] RcsAutoStartReceiver.b: RcsAutoStartReceiver triggered. Fetching RCS State. Action: android.intent.action.PACKAGE_ADDED
01-15 19:51:09.832  4929  4929 I CarrierServices: [2] aws.a: Migration binding to RcsMigrationService
01-15 19:51:09.836 26595 26595 I Bugle   : returning RCS state provider.
01-15 19:51:09.840  3248  3334 I InputReader: Reconfiguring input devices.  changes=0x00000010
01-15 19:51:09.842  4001 32657 I Finsky  : [502] kwu.run(3): Wrote row to frosting DB: 150
01-15 19:51:09.843 26595  6730 I CarrierServices: [364] inq.shouldUseCarrierServicesApkForV1Apis: Checking if using CarrierServices.apk is possible. Enabled: true, isAtLeastM: true, runningInsideBugle: true
01-15 19:51:09.845  4001  4208 I Finsky  : [121] goc.a(5): AIM: AppInfoManager-Perf > OnDeviceAppInfo > cacheHitCount=0, cacheMissCount=1. Missed  in cache (limit 10) : [io.lerk.lrkFM]
01-15 19:51:09.845  4001  4208 I Finsky  : [121] glp.apply(78): AIM: Got app ownership map. App counts: . Unique apps: 0
01-15 19:51:09.847  3632 32669 W GCM     : Unexpected forwarded intent: Intent { act=android.intent.action.PACKAGE_ADDED dat=package:io.lerk.lrkFM flg=0x4000010 pkg=com.google.android.gms cmp=com.google.android.gms/.chimera.PersistentIntentOperationService (has extras) }
01-15 19:51:09.847  3632 32680 W GCM     : Unexpected forwarded intent: Intent { act=android.intent.action.PACKAGE_ADDED dat=package:io.lerk.lrkFM flg=0x4000010 pkg=com.google.android.gms cmp=com.google.android.gms/.chimera.PersistentIntentOperationService (has extras) }
01-15 19:51:09.848  3248  3248 I Telecom : DefaultDialerCache: Refreshing default dialer for user 0: now com.google.android.dialer: DDC.oR@APc
01-15 19:51:09.848 26595  6730 I CarrierServices: [364] inq.e: Network Operator: 310260
01-15 19:51:09.850 26595  6730 I CarrierServices: [364] inq.e: carrierWithOldEcApis: false
01-15 19:51:09.851 26595  6730 I CarrierServices: [364] inq.e: hasDialerThatSupportsNewEc: false
01-15 19:51:09.852  3461  3461 D CarrierSvcBindHelper: No carrier app for: 0
01-15 19:51:09.853  3793 32673 I Auth    : [SupervisedAccountIntentOperation] onHandleIntent(): android.intent.action.PACKAGE_ADDED
01-15 19:51:09.853  3461  3461 D ImsResolver: maybeAddedImsService, packageName: io.lerk.lrkFM
01-15 19:51:09.855  3793  3793 D BoundBrokerSvc: onBind: Intent { act=com.google.android.gms.common.BIND_SHARED_PREFS pkg=com.google.android.gms }
01-15 19:51:09.855  3793  3793 D BoundBrokerSvc: Loading bound service for intent: Intent { act=com.google.android.gms.common.BIND_SHARED_PREFS pkg=com.google.android.gms }
01-15 19:51:09.855  3248  3248 V BackupManagerConstants: getFullBackupIntervalMilliseconds(...) returns 86400000
01-15 19:51:09.857  4001  4208 I Finsky  : [121] gnw.a(11): AIM: AppInfoManager-Perf > ItemModel > CacheSize=0, cacheHitCount=0, cacheMissCount=1, total appsWithNoServerDataCount=0. Missed  in cache (limit 10) : [io.lerk.lrkFM]
01-15 19:51:09.858  4001  4208 I Finsky  : [121] goa.p(3): AIM: AppInfoManager-Perf > ItemModel > ItemStore Called 1 apps cacheOptions = USE_CACHE
01-15 19:51:09.858  4001  4208 I Finsky  : [121] gnw.a(80): AIM: ItemModel fetch - unauth(1), auth()
01-15 19:51:09.858  4001  4001 I Finsky  : [2] adsk.c(3): Do not start WearSupportService due to Wear service optimization
01-15 19:51:09.858  4001  4001 I Finsky  : [2] wyc.a(8): Clearing split related stale data.
01-15 19:51:09.861 26595  6730 W RcsProvisioning: Failed to read configuration: /data/user/0/com.google.android.apps.messaging/files/rcsconfig (No such file or directory)
01-15 19:51:09.861 26595  6730 W RcsProvisioning: java.io.FileNotFoundException: /data/user/0/com.google.android.apps.messaging/files/rcsconfig (No such file or directory)
01-15 19:51:09.861 26595  6730 W RcsProvisioning: 	at java.io.FileInputStream.open0(Native Method)
01-15 19:51:09.861 26595  6730 W RcsProvisioning: 	at java.io.FileInputStream.open(FileInputStream.java:231)
01-15 19:51:09.861 26595  6730 W RcsProvisioning: 	at java.io.FileInputStream.<init>(FileInputStream.java:165)
01-15 19:51:09.861 26595  6730 W RcsProvisioning: 	at android.app.ContextImpl.openFileInput(ContextImpl.java:560)
01-15 19:51:09.861 26595  6730 W RcsProvisioning: 	at android.content.ContextWrapper.openFileInput(ContextWrapper.java:202)
01-15 19:51:09.861 26595  6730 W RcsProvisioning: 	at ion.a(SourceFile:2)
01-15 19:51:09.861 26595  6730 W RcsProvisioning: 	at idl.a(SourceFile:4)
01-15 19:51:09.861 26595  6730 W RcsProvisioning: 	at idm.a(SourceFile:7)
01-15 19:51:09.861 26595  6730 W RcsProvisioning: 	at com.google.android.apps.messaging.rcsmigration.RcsStateProvider.buildRcsState(SourceFile:81)
01-15 19:51:09.861 26595  6730 W RcsProvisioning: 	at com.google.android.apps.messaging.rcsmigration.RcsStateProvider.getRcsState(SourceFile:6)
01-15 19:51:09.861 26595  6730 W RcsProvisioning: 	at com.google.android.ims.rcsmigration.IRcsStateProvider$Stub.dispatchTransaction(SourceFile:10)
01-15 19:51:09.861 26595  6730 W RcsProvisioning: 	at com.google.android.aidl.BaseStub.onTransact(SourceFile:18)
01-15 19:51:09.861 26595  6730 W RcsProvisioning: 	at android.os.Binder.execTransact(Binder.java:731)
01-15 19:51:09.861 26595  6730 D RcsProvisioning: Retrieving backup token
01-15 19:51:09.862 26595  6730 D RcsProvisioning: Exception while getting subscriber Id. Using default
01-15 19:51:09.863  4001 32679 I Finsky  : [511] asr.aaa(10): [ContentSync] finished, scheduled=false
01-15 19:51:09.863  4001 32685 I Finsky  : [513] at.a(48): Asset module storage cleared for package io.lerk.lrkFM.
01-15 19:51:09.864  3793 32673 I BlockstoreStorage: Clearing Blockstore Data for package io.lerk.lrkFM [CONTEXT service_id=258 ]
01-15 19:51:09.865  3793 32673 I BlockstoreStorage: Keyless data not found or its IsLastInstallationData = false. [CONTEXT service_id=258 ]
01-15 19:51:09.868  3248  1829 I GnssLocationProvider: WakeLock acquired by sendMessage(REPORT_SV_STATUS, 0, com.android.server.location.GnssLocationProvider$SvStatusInfo@164500f)
01-15 19:51:09.868  3248  3261 I GnssLocationProvider: WakeLock released by handleMessage(REPORT_SV_STATUS, 0, com.android.server.location.GnssLocationProvider$SvStatusInfo@164500f)
01-15 19:51:09.868  3793  3793 D BoundBrokerSvc: onUnbind: Intent { act=com.google.android.gms.common.BIND_SHARED_PREFS pkg=com.google.android.gms }
01-15 19:51:09.870  4001 32657 I Finsky  : [502] kwu.run(3): Wrote row to frosting DB: 151
01-15 19:51:09.871  3461  3461 D CarrierConfigLoader: mHandler: 9 phoneId: 0
01-15 19:51:09.891  3632  3756 W ChimeraUtils: Module com.google.android.gms.nearby_en has empty metadata display_name_string_id
01-15 19:51:09.893  3632  3756 W ChimeraUtils: Module com.google.android.gms.nearby_en has empty metadata display_name_string_id
01-15 19:51:09.908  3275  3278 D hwcomposer: hw_composer sent 240 syncs in 60s
01-15 19:51:09.924  3793  3463 I Icing   : Indexing com.google.android.gms-apps from com.google.android.gms
01-15 19:51:09.927  3793  3463 I Icing   : Indexing done com.google.android.gms-apps
01-15 19:51:09.963 26595  6730 D RcsProvisioning: No backup token found
01-15 19:51:09.963 26595  6730 D RcsProvisioning: Retrieving backup token
01-15 19:51:09.963 26595  6730 D RcsProvisioning: Exception while getting subscriber Id. Using default
01-15 19:51:10.013 32746 32746 D AndroidRuntime: >>>>>> START com.android.internal.os.RuntimeInit uid 2000 <<<<<<
01-15 19:51:10.015 32746 32746 E cutils-trace: Error opening trace file: No such file or directory (2)
01-15 19:51:10.046 32746 32746 I app_process: The ClassLoaderContext is a special shared library.
01-15 19:51:10.057 32746 32746 D AndroidRuntime: Calling main entry com.android.commands.monkey.Monkey
01-15 19:51:10.057 32746 32746 W Monkey  : args: [-p, io.lerk.lrkFM, -c, android.intent.category.LAUNCHER, 1]
01-15 19:51:10.058 32746 32746 W Monkey  :  arg: "-p"
01-15 19:51:10.058 32746 32746 W Monkey  :  arg: "io.lerk.lrkFM"
01-15 19:51:10.058 32746 32746 W Monkey  :  arg: "-c"
01-15 19:51:10.058 32746 32746 W Monkey  :  arg: "android.intent.category.LAUNCHER"
01-15 19:51:10.058 32746 32746 W Monkey  :  arg: "1"
01-15 19:51:10.058 32746 32746 W Monkey  : data="io.lerk.lrkFM"
01-15 19:51:10.058 32746 32746 W Monkey  : data="android.intent.category.LAUNCHER"
01-15 19:51:10.064 26595  6730 D RcsProvisioning: No backup token found
01-15 19:51:10.068  3248  3262 W BroadcastQueue: Skipping deliver [background] BroadcastRecord{abc3207 u-1 android.net.conn.CONNECTIVITY_CHANGE} to ReceiverList{1c99f34 32746 (unknown name)/2000/u-1 remote:dca1421}: process gone or crashing
01-15 19:51:10.068 26595  6730 W RcsProvisioning: Failed to read configuration: /data/user/0/com.google.android.apps.messaging/files/rcsconfig (No such file or directory)
01-15 19:51:10.069 26595  6730 W RcsProvisioning: java.io.FileNotFoundException: /data/user/0/com.google.android.apps.messaging/files/rcsconfig (No such file or directory)
01-15 19:51:10.069 26595  6730 W RcsProvisioning: 	at java.io.FileInputStream.open0(Native Method)
01-15 19:51:10.069 26595  6730 W RcsProvisioning: 	at java.io.FileInputStream.open(FileInputStream.java:231)
01-15 19:51:10.069 26595  6730 W RcsProvisioning: 	at java.io.FileInputStream.<init>(FileInputStream.java:165)
01-15 19:51:10.069 26595  6730 W RcsProvisioning: 	at android.app.ContextImpl.openFileInput(ContextImpl.java:560)
01-15 19:51:10.069 26595  6730 W RcsProvisioning: 	at android.content.ContextWrapper.openFileInput(ContextWrapper.java:202)
01-15 19:51:10.069 26595  6730 W RcsProvisioning: 	at ion.a(SourceFile:2)
01-15 19:51:10.069 26595  6730 W RcsProvisioning: 	at idl.a(SourceFile:4)
01-15 19:51:10.069 26595  6730 W RcsProvisioning: 	at idm.a(SourceFile:7)
01-15 19:51:10.069 26595  6730 W RcsProvisioning: 	at iez.buildConferencesFileName(SourceFile:30)
01-15 19:51:10.069 26595  6730 W RcsProvisioning: 	at com.google.android.apps.messaging.rcsmigration.RcsStateProvider.buildRcsState(SourceFile:129)
01-15 19:51:10.069 26595  6730 W RcsProvisioning: 	at com.google.android.apps.messaging.rcsmigration.RcsStateProvider.getRcsState(SourceFile:6)
01-15 19:51:10.069 26595  6730 W RcsProvisioning: 	at com.google.android.ims.rcsmigration.IRcsStateProvider$Stub.dispatchTransaction(SourceFile:10)
01-15 19:51:10.069 26595  6730 W RcsProvisioning: 	at com.google.android.aidl.BaseStub.onTransact(SourceFile:18)
01-15 19:51:10.069 26595  6730 W RcsProvisioning: 	at android.os.Binder.execTransact(Binder.java:731)
01-15 19:51:10.069 26595  6730 D RcsProvisioning: Retrieving backup token
01-15 19:51:10.069 26595  6730 D RcsProvisioning: Exception while getting subscriber Id. Using default
01-15 19:51:10.071  3248  5330 I ActivityManager: START u0 {act=android.intent.action.MAIN cat=[android.intent.category.LAUNCHER] flg=0x10200000 cmp=io.lerk.lrkFM/.activities.FileActivity} from uid 2000
01-15 19:51:10.072  3248  5330 W Binder  : Outgoing transactions from this process must be FLAG_ONEWAY
01-15 19:51:10.072  3248  5330 W Binder  : java.lang.Throwable
01-15 19:51:10.072  3248  5330 W Binder  : 	at android.os.BinderProxy.transact(Binder.java:1114)
01-15 19:51:10.072  3248  5330 W Binder  : 	at android.app.IActivityController$Stub$Proxy.activityStarting(IActivityController.java:176)
01-15 19:51:10.072  3248  5330 W Binder  : 	at com.android.server.am.ActivityStarter.startActivity(ActivityStarter.java:737)
01-15 19:51:10.072  3248  5330 W Binder  : 	at com.android.server.am.ActivityStarter.startActivity(ActivityStarter.java:544)
01-15 19:51:10.072  3248  5330 W Binder  : 	at com.android.server.am.ActivityStarter.startActivityMayWait(ActivityStarter.java:1099)
01-15 19:51:10.072  3248  5330 W Binder  : 	at com.android.server.am.ActivityStarter.execute(ActivityStarter.java:486)
01-15 19:51:10.072  3248  5330 W Binder  : 	at com.android.server.am.ActivityManagerService.startActivityAsUser(ActivityManagerService.java:5120)
01-15 19:51:10.072  3248  5330 W Binder  : 	at com.android.server.am.ActivityManagerService.startActivityAsUser(ActivityManagerService.java:5094)
01-15 19:51:10.072  3248  5330 W Binder  : 	at com.android.server.am.ActivityManagerService.startActivity(ActivityManagerService.java:5085)
01-15 19:51:10.072  3248  5330 W Binder  : 	at android.app.IActivityManager$Stub.onTransact$startActivity$(IActivityManager.java:10084)
01-15 19:51:10.072  3248  5330 W Binder  : 	at android.app.IActivityManager$Stub.onTransact(IActivityManager.java:122)
01-15 19:51:10.072  3248  5330 W Binder  : 	at com.android.server.am.ActivityManagerService.onTransact(ActivityManagerService.java:3291)
01-15 19:51:10.072  3248  5330 W Binder  : 	at android.os.Binder.execTransact(Binder.java:731)
01-15 19:51:10.090 32746 32746 I Monkey  : Events injected: 1
01-15 19:51:10.093  3248  3248 V SettingsProvider: Notifying for 0: content://settings/system/accelerometer_rotation
01-15 19:51:10.095 32746 32746 I Monkey  : ## Network stats: elapsed time=20ms (0ms mobile, 0ms wifi, 20ms not connected)
01-15 19:51:10.095 32746 32746 I app_process: System.exit called, status: 0
01-15 19:51:10.095 32746 32746 I AndroidRuntime: VM exiting with result code 0.
01-15 19:51:10.107  3248  3264 I ActivityManager: Start proc 32759:io.lerk.lrkFM/u0a111 for activity io.lerk.lrkFM/.activities.FileActivity
01-15 19:51:10.113 32759 32759 E io.lerk.lrkFM: Not starting debugger since process cannot load the jdwp agent.
01-15 19:51:10.120  3010  5624 D gralloc_ranchu: gralloc_alloc: Creating ashmem region of size 8298496
01-15 19:51:10.150 32759 32759 I MultiDex: VM with version 2.1.0 has multidex support
01-15 19:51:10.150 32759 32759 I MultiDex: Installing application
01-15 19:51:10.150 32759 32759 I MultiDex: VM has multidex support, MultiDex support library is disabled.
01-15 19:51:10.150  3010  5624 D gralloc_ranchu: gralloc_alloc: Creating ashmem region of size 8298496
01-15 19:51:10.168  3248  3383 I ActivityManager: START u0 {cmp=io.lerk.lrkFM/.activities.IntroActivity} from uid 10111
01-15 19:51:10.170 26595  6730 D RcsProvisioning: No backup token found
01-15 19:51:10.170 26595  6730 E CarrierServices: [364] iez.getFile: File not found.: /data/user/0/com.google.android.apps.messaging/files/httpft_pending (No such file or directory)
01-15 19:51:10.170 26595  6730 E CarrierServices: 	java.io.FileInputStream.open0(Native Method)
01-15 19:51:10.170 26595  6730 E CarrierServices: 	java.io.FileInputStream.open(FileInputStream.java:231)
01-15 19:51:10.170 26595  6730 E CarrierServices: 	java.io.FileInputStream.<init>(FileInputStream.java:165)
01-15 19:51:10.170 26595  6730 E CarrierServices: 	android.app.ContextImpl.openFileInput(ContextImpl.java:560)
01-15 19:51:10.170 26595  6730 E CarrierServices: 	android.content.ContextWrapper.openFileInput(ContextWrapper.java:202)
01-15 19:51:10.170 26595  6730 E CarrierServices: 	iez.getFile(SourceFile:20)
01-15 19:51:10.170 26595  6730 E CarrierServices: 	com.google.android.apps.messaging.rcsmigration.RcsStateProvider.buildRcsState(SourceFile:136)
01-15 19:51:10.170 26595  6730 E CarrierServices: 	com.google.android.apps.messaging.rcsmigration.RcsStateProvider.getRcsState(SourceFile:6)
01-15 19:51:10.170 26595  6730 E CarrierServices: 	com.google.android.ims.rcsmigration.IRcsStateProvider$Stub.dispatchTransaction(SourceFile:10)
01-15 19:51:10.170 26595  6730 E CarrierServices: 	com.google.android.aidl.BaseStub.onTransact(SourceFile:18)
01-15 19:51:10.170 26595  6730 E CarrierServices: 	android.os.Binder.execTransact(Binder.java:731)
01-15 19:51:10.172  4929   308 I CarrierServices: [239] awt.doInBackground: Saving RCS State
01-15 19:51:10.172  4929   308 I CarrierServices: [239] awt.doInBackground: Old operation mode: 2
01-15 19:51:10.172  4929   308 I CarrierServices: [239] awt.doInBackground: New operation mode: 2
01-15 19:51:10.175 26595  6730 I CarrierServices: [364] RcsStateProvider.onMigrationComplete: Migration complete.
01-15 19:51:10.177 26595  6730 I CarrierServices: [364] inq.shouldUseCarrierServicesApkForV1Apis: Checking if using CarrierServices.apk is possible. Enabled: true, isAtLeastM: true, runningInsideBugle: true
01-15 19:51:10.178 26595  6730 I CarrierServices: [364] inq.e: Network Operator: 310260
01-15 19:51:10.180 26595  6730 I CarrierServices: [364] inq.e: carrierWithOldEcApis: false
01-15 19:51:10.180 26595  6730 I CarrierServices: [364] inq.e: hasDialerThatSupportsNewEc: false
01-15 19:51:10.180 26595  6730 I CarrierServices: [364] RcsStateProvider.onMigrationComplete: Rcs Engine should be running in cs.apk. Stopping JibeService.
01-15 19:51:10.187 26595  6730 I CarrierServices: [364] RcsStateProvider.onMigrationComplete: JibeService stopped: false
01-15 19:51:10.187  3103  3103 D SurfaceFlinger: duplicate layer name: changing Splash Screen io.lerk.lrkFM to Splash Screen io.lerk.lrkFM#1
01-15 19:51:10.188 26595  6730 I CarrierServices: [364] inq.e: Network Operator: 310260
01-15 19:51:10.188 26595  6730 I CarrierServices: [364] inq.e: carrierWithOldEcApis: false
01-15 19:51:10.188 26595  6730 I CarrierServices: [364] inq.e: hasDialerThatSupportsNewEc: false
01-15 19:51:10.189 26595  6730 I CarrierServices: [364] jsn.connect: shouldUseCarrierServicesJibeService: true, CarrierServices rcs service found: true
01-15 19:51:10.189 26595  6730 I CarrierServices: [364] jsn.connect: Binding to JibeService in CarrierServices.
01-15 19:51:10.189 26595 26595 D RcsClientLib: Service com.google.android.rcs.client.chatsession.ChatSessionService connected. Will notify listeners: true
01-15 19:51:10.189 26595 26595 V BugleRcs: com.google.android.rcs.client.chatsession.ChatSessionService RCS service connected
01-15 19:51:10.190 26595  6730 I CarrierServices: [364] inq.e: Network Operator: 310260
01-15 19:51:10.190 26595  6730 I CarrierServices: [364] inq.e: carrierWithOldEcApis: false
01-15 19:51:10.190 26595  6730 I CarrierServices: [364] inq.e: hasDialerThatSupportsNewEc: false
01-15 19:51:10.190 26595  6730 I CarrierServices: [364] jsn.connect: shouldUseCarrierServicesJibeService: true, CarrierServices rcs service found: true
01-15 19:51:10.190 26595  6730 I CarrierServices: [364] jsn.connect: Binding to JibeService in CarrierServices.
01-15 19:51:10.191 26595 26595 D RcsClientLib: Service com.google.android.rcs.client.events.EventService connected. Will notify listeners: true
01-15 19:51:10.191 26595 26595 V BugleRcs: com.google.android.rcs.client.events.EventService RCS service connected
01-15 19:51:10.193 26595  6730 I CarrierServices: [364] inq.e: Network Operator: 310260
01-15 19:51:10.193 26595  6730 I CarrierServices: [364] inq.e: carrierWithOldEcApis: false
01-15 19:51:10.193 26595  6730 I CarrierServices: [364] inq.e: hasDialerThatSupportsNewEc: false
01-15 19:51:10.199 26595  6730 I CarrierServices: [364] jsn.connect: shouldUseCarrierServicesJibeService: true, CarrierServices rcs service found: true
01-15 19:51:10.199 26595  6730 I CarrierServices: [364] jsn.connect: Binding to JibeService in CarrierServices.
01-15 19:51:10.201 26595 26595 D RcsClientLib: Service com.google.android.rcs.client.contacts.ContactsService connected. Will notify listeners: true
01-15 19:51:10.201 26595 26595 V BugleRcs: com.google.android.rcs.client.contacts.ContactsService RCS service connected
01-15 19:51:10.202 26595  6730 I CarrierServices: [364] inq.e: Network Operator: 310260
01-15 19:51:10.202 26595  6730 I CarrierServices: [364] inq.e: carrierWithOldEcApis: false
01-15 19:51:10.202 26595  6730 I CarrierServices: [364] inq.e: hasDialerThatSupportsNewEc: false
01-15 19:51:10.203 26595  6730 I CarrierServices: [364] jsn.connect: shouldUseCarrierServicesJibeService: true, CarrierServices rcs service found: true
01-15 19:51:10.203 26595  6730 I CarrierServices: [364] jsn.connect: Binding to JibeService in CarrierServices.
01-15 19:51:10.203 26595 26595 D RcsClientLib: Service com.google.android.rcs.client.filetransfer.FileTransferService connected. Will notify listeners: true
01-15 19:51:10.203 26595 26595 V BugleRcs: com.google.android.rcs.client.filetransfer.FileTransferService RCS service connected
01-15 19:51:10.204  3010  5624 D gralloc_ranchu: gralloc_alloc: Creating ashmem region of size 8298496
01-15 19:51:10.204 26595  6730 I CarrierServices: [364] inq.e: Network Operator: 310260
01-15 19:51:10.204 26595  6730 I CarrierServices: [364] inq.e: carrierWithOldEcApis: false
01-15 19:51:10.204 26595  6730 I CarrierServices: [364] inq.e: hasDialerThatSupportsNewEc: false
01-15 19:51:10.204 26595  6730 I CarrierServices: [364] jsn.connect: shouldUseCarrierServicesJibeService: true, CarrierServices rcs service found: true
01-15 19:51:10.204 26595  6730 I CarrierServices: [364] jsn.connect: Binding to JibeService in CarrierServices.
01-15 19:51:10.205 26595 26595 D RcsClientLib: Service com.google.android.rcs.client.locationsharing.LocationSharingService connected. Will notify listeners: true
01-15 19:51:10.205 26595 26595 V BugleRcs: com.google.android.rcs.client.locationsharing.LocationSharingService RCS service connected
01-15 19:51:10.208 26595  6730 I CarrierServices: [364] inq.e: Network Operator: 310260
01-15 19:51:10.208 26595  6730 I CarrierServices: [364] inq.e: carrierWithOldEcApis: false
01-15 19:51:10.208 26595  6730 I CarrierServices: [364] inq.e: hasDialerThatSupportsNewEc: false
01-15 19:51:10.209 26595  6730 I CarrierServices: [364] jsn.connect: shouldUseCarrierServicesJibeService: true, CarrierServices rcs service found: true
01-15 19:51:10.209 26595  6730 I CarrierServices: [364] jsn.connect: Binding to JibeService in CarrierServices.
01-15 19:51:10.210 26595 26595 D RcsClientLib: Service com.google.android.rcs.client.ims.ImsConnectionTrackerService connected. Will notify listeners: true
01-15 19:51:10.210 26595 26595 V BugleRcs: com.google.android.rcs.client.ims.ImsConnectionTrackerService RCS service connected
01-15 19:51:10.211 26595 26595 V BugleRcs: kicking off RCS sending/receiving
01-15 19:51:10.212 26595 26595 V BugleAction: no RCS because we're not registered
01-15 19:51:10.214 26595  6730 I CarrierServices: [364] inq.e: Network Operator: 310260
01-15 19:51:10.215 26595  6730 I CarrierServices: [364] inq.e: carrierWithOldEcApis: false
01-15 19:51:10.215 26595  6730 I CarrierServices: [364] inq.e: hasDialerThatSupportsNewEc: false
01-15 19:51:10.215 26595  6730 I CarrierServices: [364] jsn.connect: shouldUseCarrierServicesJibeService: true, CarrierServices rcs service found: true
01-15 19:51:10.215 26595  6730 I CarrierServices: [364] jsn.connect: Binding to JibeService in CarrierServices.
01-15 19:51:10.216 26595 26595 D RcsClientLib: Service com.google.android.rcs.client.profile.RcsProfileService connected. Will notify listeners: true
01-15 19:51:10.216 26595 26595 V BugleRcs: com.google.android.rcs.client.profile.RcsProfileService RCS service connected
01-15 19:51:10.216 26595 26595 V BugleRcs: kicking off RCS sending/receiving
01-15 19:51:10.216 26595 26595 V BugleAction: no RCS because we're not registered
01-15 19:51:10.217  4929  4945 W CarrierServices: [184] bmc.a: No config URL. RCS will be disabled!
01-15 19:51:10.217 26595 26595 I BugleRcs: RcsAvailability ACS url: null
01-15 19:51:10.218 26595  6730 I CarrierServices: [364] inq.e: Network Operator: 310260
01-15 19:51:10.218 26595  6730 I CarrierServices: [364] inq.e: carrierWithOldEcApis: false
01-15 19:51:10.218 26595  6730 I CarrierServices: [364] inq.e: hasDialerThatSupportsNewEc: false
01-15 19:51:10.218 26595  6730 I CarrierServices: [364] jsn.connect: shouldUseCarrierServicesJibeService: true, CarrierServices rcs service found: true
01-15 19:51:10.218 26595  6730 I CarrierServices: [364] jsn.connect: Binding to JibeService in CarrierServices.
01-15 19:51:10.220 26595 26595 D RcsClientLib: Service com.google.android.rcs.client.businessinfo.BusinessInfoService connected. Will notify listeners: true
01-15 19:51:10.220 26595 26595 V BugleRcs: com.google.android.rcs.client.businessinfo.BusinessInfoService RCS service connected
01-15 19:51:10.220 26595 26595 V BugleRcs: kicking off RCS sending/receiving
01-15 19:51:10.220 26595 26595 V BugleAction: no RCS because we're not registered
01-15 19:51:10.220  4929  4945 W CarrierServices: [184] bmc.a: No config URL. RCS will be disabled!
01-15 19:51:10.220 26595 26595 I BugleRcs: RcsAvailability ACS url: null
01-15 19:51:10.225 26595  6730 W RcsProvisioning: Failed to read configuration: /data/user/0/com.google.android.apps.messaging/files/rcsconfig (No such file or directory)
01-15 19:51:10.225 26595  6730 W RcsProvisioning: java.io.FileNotFoundException: /data/user/0/com.google.android.apps.messaging/files/rcsconfig (No such file or directory)
01-15 19:51:10.225 26595  6730 W RcsProvisioning: 	at java.io.FileInputStream.open0(Native Method)
01-15 19:51:10.225 26595  6730 W RcsProvisioning: 	at java.io.FileInputStream.open(FileInputStream.java:231)
01-15 19:51:10.225 26595  6730 W RcsProvisioning: 	at java.io.FileInputStream.<init>(FileInputStream.java:165)
01-15 19:51:10.225 26595  6730 W RcsProvisioning: 	at android.app.ContextImpl.openFileInput(ContextImpl.java:560)
01-15 19:51:10.225 26595  6730 W RcsProvisioning: 	at android.content.ContextWrapper.openFileInput(ContextWrapper.java:202)
01-15 19:51:10.225 26595  6730 W RcsProvisioning: 	at ion.a(SourceFile:2)
01-15 19:51:10.225 26595  6730 W RcsProvisioning: 	at idl.a(SourceFile:4)
01-15 19:51:10.225 26595  6730 W RcsProvisioning: 	at idm.a(SourceFile:7)
01-15 19:51:10.225 26595  6730 W RcsProvisioning: 	at com.google.android.apps.messaging.rcsmigration.RcsStateProvider.onMigrationComplete(SourceFile:27)
01-15 19:51:10.225 26595  6730 W RcsProvisioning: 	at com.google.android.ims.rcsmigration.IRcsStateProvider$Stub.dispatchTransaction(SourceFile:14)
01-15 19:51:10.225 26595  6730 W RcsProvisioning: 	at com.google.android.aidl.BaseStub.onTransact(SourceFile:18)
01-15 19:51:10.225 26595  6730 W RcsProvisioning: 	at android.os.Binder.execTransact(Binder.java:731)
01-15 19:51:10.225 26595  6730 D RcsProvisioning: Retrieving backup token
01-15 19:51:10.225 26595  6730 D RcsProvisioning: Exception while getting subscriber Id. Using default
01-15 19:51:10.233  3248  5330 I ActivityManager: START u0 {act=android.content.pm.action.REQUEST_PERMISSIONS pkg=com.google.android.packageinstaller cmp=com.google.android.packageinstaller/com.android.packageinstaller.permission.ui.GrantPermissionsActivity (has extras)} from uid 10111
01-15 19:51:10.239 32759 32759 D OpenGLRenderer: Skia GL Pipeline
01-15 19:51:10.244 32759 32759 D io.lerk.lrkFM.activities.FileActivity: User has no bookmarks
01-15 19:51:10.245 32759 32759 D io.lerk.lrkFM.util.DiskUtil: Free disk space: 1164
01-15 19:51:10.256   313   313 E ackageinstalle: Not starting debugger since process cannot load the jdwp agent.
01-15 19:51:10.260  3248  3264 I ActivityManager: Start proc 313:com.google.android.packageinstaller/u0a44 for activity com.google.android.packageinstaller/com.android.packageinstaller.permission.ui.GrantPermissionsActivity
01-15 19:51:10.268   313   313 I ackageinstalle: The ClassLoaderContext is a special shared library.
01-15 19:51:10.295  3103  3103 D SurfaceFlinger: duplicate layer name: changing Surface(name=AppWindowToken{b302659 token=Token{dfb7aa0 ActivityRecord{7dfe7a3 u0 io.lerk.lrkFM/.activities.FileActivity t52}}})/@0x71a57c9 - animation-leash to Surface(name=AppWindowToken{b302659 token=Token{dfb7aa0 ActivityRecord{7dfe7a3 u0 io.lerk.lrkFM/.activities.FileActivity t52}}})/@0x71a57c9 - animation-leash#1
01-15 19:51:10.295  3103  3783 E SurfaceFlinger: ro.sf.lcd_density must be defined as a build property
01-15 19:51:10.315  3010  5624 D gralloc_ranchu: gralloc_alloc: Creating ashmem region of size 8298496
01-15 19:51:10.315  3010  5624 I chatty  : uid=1000(system) HwBinder:3010_3 identical 1 line
01-15 19:51:10.315  3010  5624 D gralloc_ranchu: gralloc_alloc: Creating ashmem region of size 8298496
01-15 19:51:10.318 32759   329 D HostConnection: HostConnection::get() New Host Connection established 0x792e0f1be0, tid 329
01-15 19:51:10.321 32759   329 D HostConnection: HostComposition ext ANDROID_EMU_CHECKSUM_HELPER_v1 ANDROID_EMU_sync_buffer_data GL_OES_EGL_image_external_essl3 GL_OES_vertex_array_object GL_KHR_texture_compression_astc_ldr ANDROID_EMU_host_side_tracing ANDROID_EMU_gles_max_version_3_0 
01-15 19:51:10.323 32759   329 I ConfigStore: android::hardware::configstore::V1_0::ISurfaceFlingerConfigs::hasWideColorDisplay retrieved: 0
01-15 19:51:10.323 32759   329 I ConfigStore: android::hardware::configstore::V1_0::ISurfaceFlingerConfigs::hasHDRDisplay retrieved: 0
01-15 19:51:10.323 32759   329 I OpenGLRenderer: Initialized EGL, version 1.4
01-15 19:51:10.323 32759   329 D OpenGLRenderer: Swap behavior 1
01-15 19:51:10.323 32759   329 W OpenGLRenderer: Failed to choose config with EGL_SWAP_BEHAVIOR_PRESERVED, retrying without...
01-15 19:51:10.323 32759   329 D OpenGLRenderer: Swap behavior 0
01-15 19:51:10.325 26595  6730 D RcsProvisioning: No backup token found
01-15 19:51:10.325 26595  6730 D RcsProvisioning: Clearing backup token
01-15 19:51:10.325 26595  6730 D RcsProvisioning: Exception while getting subscriber Id. Using default
01-15 19:51:10.325 32759   329 D eglCodecCommon: setVertexArrayObject: set vao to 0 (0) 0 0
01-15 19:51:10.325 32759   329 D EGL_emulation: eglCreateContext: 0x792e0f31c0: maj 3 min 0 rcv 3
01-15 19:51:10.326 32759   329 D EGL_emulation: eglMakeCurrent: 0x792e0f31c0: ver 3 0 (tinfo 0x792e054a80)
01-15 19:51:10.328  3103  3783 E SurfaceFlinger: ro.sf.lcd_density must be defined as a build property
01-15 19:51:10.337 32759   329 D HostConnection: createUnique: call
01-15 19:51:10.337 32759   329 D HostConnection: HostConnection::get() New Host Connection established 0x792e0f3440, tid 329
01-15 19:51:10.343 32759   329 D HostConnection: HostComposition ext ANDROID_EMU_CHECKSUM_HELPER_v1 ANDROID_EMU_sync_buffer_data GL_OES_EGL_image_external_essl3 GL_OES_vertex_array_object GL_KHR_texture_compression_astc_ldr ANDROID_EMU_host_side_tracing ANDROID_EMU_gles_max_version_3_0 
01-15 19:51:10.344 26595  6730 I CarrierServices: [364] RcsStateProvider.onMigrationComplete: Deleted transfers file: false
01-15 19:51:10.345 26595  6730 W RcsProvisioning: Failed to read configuration: /data/user/0/com.google.android.apps.messaging/files/rcsconfig (No such file or directory)
01-15 19:51:10.345 26595  6730 W RcsProvisioning: java.io.FileNotFoundException: /data/user/0/com.google.android.apps.messaging/files/rcsconfig (No such file or directory)
01-15 19:51:10.345 26595  6730 W RcsProvisioning: 	at java.io.FileInputStream.open0(Native Method)
01-15 19:51:10.345 26595  6730 W RcsProvisioning: 	at java.io.FileInputStream.open(FileInputStream.java:231)
01-15 19:51:10.345 26595  6730 W RcsProvisioning: 	at java.io.FileInputStream.<init>(FileInputStream.java:165)
01-15 19:51:10.345 26595  6730 W RcsProvisioning: 	at android.app.ContextImpl.openFileInput(ContextImpl.java:560)
01-15 19:51:10.345 26595  6730 W RcsProvisioning: 	at android.content.ContextWrapper.openFileInput(ContextWrapper.java:202)
01-15 19:51:10.345 26595  6730 W RcsProvisioning: 	at ion.a(SourceFile:2)
01-15 19:51:10.345 26595  6730 W RcsProvisioning: 	at idl.a(SourceFile:4)
01-15 19:51:10.345 26595  6730 W RcsProvisioning: 	at idm.a(SourceFile:7)
01-15 19:51:10.345 26595  6730 W RcsProvisioning: 	at iez.buildConferencesFileName(SourceFile:30)
01-15 19:51:10.345 26595  6730 W RcsProvisioning: 	at com.google.android.apps.messaging.rcsmigration.RcsStateProvider.onMigrationComplete(SourceFile:48)
01-15 19:51:10.345 26595  6730 W RcsProvisioning: 	at com.google.android.ims.rcsmigration.IRcsStateProvider$Stub.dispatchTransaction(SourceFile:14)
01-15 19:51:10.345 26595  6730 W RcsProvisioning: 	at com.google.android.aidl.BaseStub.onTransact(SourceFile:18)
01-15 19:51:10.345 26595  6730 W RcsProvisioning: 	at android.os.Binder.execTransact(Binder.java:731)
01-15 19:51:10.345 26595  6730 D RcsProvisioning: Retrieving backup token
01-15 19:51:10.345 26595  6730 D RcsProvisioning: Exception while getting subscriber Id. Using default
01-15 19:51:10.346 32759   329 D EGL_emulation: eglMakeCurrent: 0x792e0f31c0: ver 3 0 (tinfo 0x792e054a80)
01-15 19:51:10.354 32759   329 D eglCodecCommon: setVertexArrayObject: set vao to 0 (0) 1 2
01-15 19:51:10.387  3248  3270 I ActivityManager: Displayed io.lerk.lrkFM/.activities.IntroActivity: +132ms (total +290ms)
01-15 19:51:10.398  3392  3392 I GoogleInputMethod: onFinishInput() : Dummy InputConnection bound
01-15 19:51:10.400  3392  3392 I GoogleInputMethod: onStartInput() : Dummy InputConnection bound
