12-18 20:50:57.410  3946 24814 E ActivityThread: Failed to find provider info for com.google.android.apps.gsa.testing.ui.audio.recorded
12-18 20:50:57.410  3946  3946 I MicroDetectionWorker: onReady
12-18 20:50:57.419  3946 24814 I MicrophoneInputStream: mic_close com.google.android.apps.gsa.staticplugins.z.c@27dca28
12-18 20:50:57.420  3946 27602 I MicroRecognitionRunner: Detection finished
12-18 20:50:57.421  3946 27602 W ErrorReporter: reportError [type: 211, code: 524300]: Error reading from input stream
12-18 20:50:57.422  3946  3978 I MicroRecognitionRunner: Stopping hotword detection.
12-18 20:50:57.422  3946 27602 W ErrorProcessor: onFatalError, processing error from engine(4)
12-18 20:50:57.422  3946 27602 W ErrorProcessor: com.google.android.apps.gsa.shared.speech.a.g: Error reading from input stream
12-18 20:50:57.422  3946 27602 W ErrorProcessor: 	at com.google.android.apps.gsa.staticplugins.recognizer.i.a.a(SourceFile:342)
12-18 20:50:57.422  3946 27602 W ErrorProcessor: 	at com.google.android.apps.gsa.staticplugins.recognizer.i.a$1.run(SourceFile:1367)
12-18 20:50:57.422  3946 27602 W ErrorProcessor: 	at java.util.concurrent.Executors$RunnableAdapter.call(Executors.java:428)
12-18 20:50:57.422  3946 27602 W ErrorProcessor: 	at java.util.concurrent.FutureTask.run(FutureTask.java:237)
12-18 20:50:57.422  3946 27602 W ErrorProcessor: 	at com.google.android.apps.gsa.shared.util.concurrent.a.ak.run(SourceFile:66)
12-18 20:50:57.422  3946 27602 W ErrorProcessor: 	at java.util.concurrent.ThreadPoolExecutor.runWorker(ThreadPoolExecutor.java:1133)
12-18 20:50:57.422  3946 27602 W ErrorProcessor: 	at java.util.concurrent.ThreadPoolExecutor$Worker.run(ThreadPoolExecutor.java:607)
12-18 20:50:57.422  3946 27602 W ErrorProcessor: 	at java.lang.Thread.run(Thread.java:761)
12-18 20:50:57.422  3946 27602 W ErrorProcessor: 	at com.google.android.apps.gsa.shared.util.concurrent.a.ad$1.run(SourceFile:85)
12-18 20:50:57.422  3946 27602 W ErrorProcessor: Caused by: com.google.android.apps.gsa.shared.exception.GsaIOException: Error code: 393238 | Buffer overflow, no available space.
12-18 20:50:57.422  3946 27602 W ErrorProcessor: 	at com.google.android.apps.gsa.speech.audio.Tee.g(SourceFile:2531)
12-18 20:50:57.422  3946 27602 W ErrorProcessor: 	at com.google.android.apps.gsa.speech.audio.ap.read(SourceFile:555)
12-18 20:50:57.422  3946 27602 W ErrorProcessor: 	at java.io.InputStream.read(InputStream.java:101)
12-18 20:50:57.422  3946 27602 W ErrorProcessor: 	at com.google.android.apps.gsa.speech.audio.al.run(SourceFile:362)
12-18 20:50:57.422  3946 27602 W ErrorProcessor: 	at com.google.android.apps.gsa.speech.audio.ak$1.run(SourceFile:471)
12-18 20:50:57.422  3946 27602 W ErrorProcessor: 	at java.util.concurrent.Executors$RunnableAdapter.call(Executors.java:428)
12-18 20:50:57.422  3946 27602 W ErrorProcessor: 	at java.util.concurrent.FutureTask.run(FutureTask.java:237)
12-18 20:50:57.422  3946 27602 W ErrorProcessor: 	at com.google.android.apps.gsa.shared.util.concurrent.a.ak.run(SourceFile:66)
12-18 20:50:57.422  3946 27602 W ErrorProcessor: 	at com.google.android.apps.gsa.shared.util.concurrent.a.ax.run(SourceFile:139)
12-18 20:50:57.422  3946 27602 W ErrorProcessor: 	at com.google.android.apps.gsa.shared.util.concurrent.a.ax.run(SourceFile:139)
12-18 20:50:57.422  3946 27602 W ErrorProcessor: 	... 4 more
12-18 20:50:57.422  3946 27602 I AudioController: internalShutdown
12-18 20:50:57.423  3946  3946 I MicroDetector: Keeping mic open: false
12-18 20:50:57.423  3946  3946 I MicroDetectionWorker: #onError(false)
12-18 20:50:57.423  3946 27601 I DeviceStateChecker: DeviceStateChecker cancelled
12-18 20:50:57.434  1861  2452 W GCoreFlp: No location to return for getLastLocation()
12-18 20:50:57.730  5939  5959 W OpenGLRenderer: Incorrectly called buildLayer on View: ShortcutAndWidgetContainer, destroying layer...
12-18 20:51:00.015  5359  5391 D EGL_emulation: eglMakeCurrent: 0x9d5c8a80: ver 3 0 (tinfo 0x8e2555b0)
12-18 20:51:00.574 27620 27620 D AndroidRuntime: >>>>>> START com.android.internal.os.RuntimeInit uid 2000 <<<<<<
12-18 20:51:00.576 27620 27620 D AndroidRuntime: CheckJNI is ON
12-18 20:51:00.620 27620 27620 W art     : Unexpected CPU variant for X86 using defaults: x86
12-18 20:51:00.623 27620 27620 D ICU     : No timezone override file found: /data/misc/zoneinfo/current/icu/icu_tzdata.dat
12-18 20:51:00.638 27620 27620 E memtrack: Couldn't load memtrack module (No such file or directory)
12-18 20:51:00.638 27620 27620 E android.os.Debug: failed to load memtrack module: -2
12-18 20:51:00.640 27620 27620 I Radio-JNI: register_android_hardware_Radio DONE
12-18 20:51:00.647 27620 27620 D AndroidRuntime: Calling main entry com.android.commands.pm.Pm
12-18 20:51:00.659  1696  1710 I ActivityManager: Force stopping com.markuspage.android.atimetracker appid=10121 user=-1: deletePackageX
12-18 20:51:00.707  1696  1722 I art     : Starting a blocking GC Explicit
12-18 20:51:00.734  1696  1722 I art     : Explicit concurrent mark sweep GC freed 23802(1478KB) AllocSpace objects, 10(216KB) LOS objects, 23% free, 13MB/17MB, paused 1.855ms total 26.401ms
12-18 20:51:00.743  1696  1722 I ActivityManager: Force stopping com.markuspage.android.atimetracker appid=10121 user=0: pkg removed
12-18 20:51:00.745 27620 27620 I art     : System.exit called, status: 0
12-18 20:51:00.746 27620 27620 I AndroidRuntime: VM exiting with result code 0.
12-18 20:51:00.750 27620 27628 W MessageQueue: Handler (android.os.Handler) {e28aba6} sending message to a Handler on a dead thread
12-18 20:51:00.750 27620 27628 W MessageQueue: java.lang.IllegalStateException: Handler (android.os.Handler) {e28aba6} sending message to a Handler on a dead thread
12-18 20:51:00.750 27620 27628 W MessageQueue: 	at android.os.MessageQueue.enqueueMessage(MessageQueue.java:543)
12-18 20:51:00.750 27620 27628 W MessageQueue: 	at android.os.Handler.enqueueMessage(Handler.java:643)
12-18 20:51:00.750 27620 27628 W MessageQueue: 	at android.os.Handler.sendMessageAtTime(Handler.java:612)
12-18 20:51:00.750 27620 27628 W MessageQueue: 	at android.os.Handler.sendMessageDelayed(Handler.java:582)
12-18 20:51:00.750 27620 27628 W MessageQueue: 	at android.os.Handler.post(Handler.java:338)
12-18 20:51:00.750 27620 27628 W MessageQueue: 	at android.os.ResultReceiver$MyResultReceiver.send(ResultReceiver.java:57)
12-18 20:51:00.750 27620 27628 W MessageQueue: 	at com.android.internal.os.IResultReceiver$Stub.onTransact(IResultReceiver.java:58)
12-18 20:51:00.750 27620 27628 W MessageQueue: 	at android.os.Binder.execTransact(Binder.java:565)
12-18 20:51:00.767  1696  1735 I InputReader: Reconfiguring input devices.  changes=0x00000010
12-18 20:51:00.774  1861  1861 I GeofencerStateMachine: removeGeofences: removeRequest=RemoveGeofencingRequest[REMOVE_ALL packageName=com.markuspage.android.atimetracker]
12-18 20:51:00.781  1696  1696 D ZenLog  : config: removeAutomaticZenRules,ZenModeConfig[user=0,allowCalls=true,allowRepeatCallers=false,allowMessages=false,allowCallsFrom=contacts,allowMessagesFrom=contacts,allowReminders=true,allowEvents=true,allowWhenScreenOff=true,allowWhenScreenOn=true,automaticRules={2a933f85036147759fa9bbcf058f451e=ZenRule[enabled=false,snoozing=false,name=Event,zenMode=ZEN_MODE_ALARMS,conditionId=condition://android/event?userId=-10000&calendar=&reply=1,condition=Condition[id=condition://android/event?userId=-10000&calendar=&reply=1,summary=...,line1=...,line2=...,icon=0,state=STATE_FALSE,flags=2],component=ComponentInfo{android/com.android.server.notification.EventConditionProvider},id=2a933f85036147759fa9bbcf058f451e,creationTime=1657295413505,enabler=null], b42eec4b4f384e55bad09820ee141b51=ZenRule[enabled=false,snoozing=false,name=Weekend,zenMode=ZEN_MODE_ALARMS,conditionId=condition://android/schedule?days=6.7&start=23.30&end=10.0&exitAtAlarm=false,condition=Condition[id=condition://android/schedule?days=6.7&start=23.30&end=10.0&exitAtAlarm=false,summary=...,line1=...,line2=...,icon=0,state=STATE_FALSE,flags=2],component=ComponentInfo{android/com.android.server.notification.ScheduleConditionProvider},id=b42eec4b4f384e55bad09820ee141b51,creationTime=1657295413505,enabler=null], 66468f7035194b4fb58024586868fcd7=ZenRule[enabled=false,snoozing=false,name=Weeknight,zenMode=ZEN_MODE_ALARMS,conditionId=condition://android/schedule?days=1.2.3.4.5&start=22.0&end=7.0&exitAtAlarm=false,condition=Condition[id=condition://android/schedule?days=1.2.3.4.5&start=22.0&end=7.0&exitAtAlarm=false,summary=...,line1=...,line2=...,icon=0,state=STATE_FALSE,flags=2],component=ComponentInfo{android/com.android.server.notification.ScheduleConditionProvider},id=66468f7035194b4fb58024586868fcd7,creationTime=1657295413505,enabler=null]},manualRule=null],Diff[]
12-18 20:51:00.797  1696  5358 I ActivityManager: Start proc 27636:com.android.keychain/1000 for broadcast com.android.keychain/.KeyChainBroadcastReceiver
12-18 20:51:00.801  1881  1881 D CarrierSvcBindHelper: No carrier app for: 0
12-18 20:51:00.801 27636 27636 W art     : Unexpected CPU variant for X86 using defaults: x86
12-18 20:51:00.805  1400  1400 I         : free_cache(1342380) avail 569794560
12-18 20:51:00.806  1696  1696 D ZenLog  : set_zen_mode: off,removeAutomaticZenRules
12-18 20:51:00.815  1696  1722 E KernelUidCpuTimeReader: failed to remove uid from uid_cputime module
12-18 20:51:00.815  1696  1722 E KernelUidCpuTimeReader: java.io.FileNotFoundException: /proc/uid_cputime/remove_uid_range (No such file or directory)
12-18 20:51:00.815  1696  1722 E KernelUidCpuTimeReader: 	at java.io.FileOutputStream.open(Native Method)
12-18 20:51:00.815  1696  1722 E KernelUidCpuTimeReader: 	at java.io.FileOutputStream.<init>(FileOutputStream.java:221)
12-18 20:51:00.815  1696  1722 E KernelUidCpuTimeReader: 	at java.io.FileOutputStream.<init>(FileOutputStream.java:108)
12-18 20:51:00.815  1696  1722 E KernelUidCpuTimeReader: 	at java.io.FileWriter.<init>(FileWriter.java:63)
12-18 20:51:00.815  1696  1722 E KernelUidCpuTimeReader: 	at com.android.internal.os.KernelUidCpuTimeReader.removeUid(KernelUidCpuTimeReader.java:158)
12-18 20:51:00.815  1696  1722 E KernelUidCpuTimeReader: 	at com.android.internal.os.BatteryStatsImpl.removeUidStatsLocked(BatteryStatsImpl.java:10169)
12-18 20:51:00.815  1696  1722 E KernelUidCpuTimeReader: 	at com.android.server.am.BatteryStatsService.removeUid(BatteryStatsService.java:291)
12-18 20:51:00.815  1696  1722 E KernelUidCpuTimeReader: 	at com.android.server.am.ActivityManagerService.broadcastIntentLocked(ActivityManagerService.java:18060)
12-18 20:51:00.815  1696  1722 E KernelUidCpuTimeReader: 	at com.android.server.am.ActivityManagerService.broadcastIntent(ActivityManagerService.java:18558)
12-18 20:51:00.815  1696  1722 E KernelUidCpuTimeReader: 	at com.android.server.pm.PackageManagerService$8.run(PackageManagerService.java:11464)
12-18 20:51:00.815  1696  1722 E KernelUidCpuTimeReader: 	at android.os.Handler.handleCallback(Handler.java:751)
12-18 20:51:00.815  1696  1722 E KernelUidCpuTimeReader: 	at android.os.Handler.dispatchMessage(Handler.java:95)
12-18 20:51:00.815  1696  1722 E KernelUidCpuTimeReader: 	at android.os.Looper.loop(Looper.java:154)
12-18 20:51:00.815  1696  1722 E KernelUidCpuTimeReader: 	at android.os.HandlerThread.run(HandlerThread.java:61)
12-18 20:51:00.815  1696  1722 E KernelUidCpuTimeReader: 	at com.android.server.ServiceThread.run(ServiceThread.java:46)
12-18 20:51:00.861 27636 27636 W System  : ClassLoader referenced unknown path: /system/app/KeyChain/lib/x86
12-18 20:51:00.877 27636 27636 W ContextImpl: Calling a method in the system process without a qualified user: android.app.ContextImpl.startService:1357 android.content.ContextWrapper.startService:613 android.content.ContextWrapper.startService:613 com.android.keychain.KeyChainBroadcastReceiver.onReceive:12 android.app.ActivityThread.handleReceiver:3040 
12-18 20:51:00.922  3946 27660 I UpdateIcingCorporaServi: Updating corpora: APPS=com.markuspage.android.atimetracker, CONTACTS=MAYBE
12-18 20:51:00.924  1696  1707 I ActivityManager: Start proc 27661:com.android.documentsui/u0a9 for broadcast com.android.documentsui/.PackageReceiver
12-18 20:51:00.928 25230 27656 D VoicemailCleanupService: Cleaning up data for package: com.markuspage.android.atimetracker
12-18 20:51:00.931 27661 27661 W art     : Unexpected CPU variant for X86 using defaults: x86
12-18 20:51:00.947  1861 27666 I Fitness : FitCleanupIntentOperation received Intent android.intent.action.PACKAGE_REMOVED [CONTEXT service_id=17 ]
12-18 20:51:00.969 27661 27661 W System  : ClassLoader referenced unknown path: /system/priv-app/DocumentsUI/lib/x86
12-18 20:51:00.971  1765  1945 I LatinIME:LogUtils: Dictionary info: dictionary = main:en ; version = 54 ; date = 1414726273
12-18 20:51:01.010  1696  1722 I PackageManager.DexOptimizer: Running dexopt (dex2oat) on: /data/app/vmdl485017235.tmp/base.apk pkg=com.markuspage.android.atimetracker isa=x86 vmSafeMode=false debuggable=false target-filter=interpret-only oatDir = /data/app/vmdl485017235.tmp/oat sharedLibraries=null
12-18 20:51:01.044  2350  2450 I Icing   : IndexChimeraService.getServiceInterface callingPackage=com.google.android.gms componentName=null serviceId=36
12-18 20:51:01.058  2350  2569 I Icing   : IndexChimeraService.getServiceInterface callingPackage=com.google.android.googlequicksearchbox componentName=null serviceId=36
12-18 20:51:01.088  1696  1709 I ActivityManager: Start proc 27692:com.android.printspooler/u0a69 for service com.android.printspooler/.model.PrintSpoolerService
12-18 20:51:01.089 27692 27692 W art     : Unexpected CPU variant for X86 using defaults: x86
12-18 20:51:01.104  2350 16595 W Icing   : No valid account for uploading user actions
12-18 20:51:01.105 27689 27689 W dex2oat : Unexpected CPU variant for X86 using defaults: x86
12-18 20:51:01.105 27689 27689 W dex2oat : Mismatch between dex2oat instruction set features (ISA: X86 Feature string: smp,-ssse3,-sse4.1,-sse4.2,-avx,-avx2,-lock_add,-popcnt) and those of dex2oat executable (ISA: X86 Feature string: smp,ssse3,-sse4.1,-sse4.2,-avx,-avx2,-lock_add,-popcnt) for the command line:
12-18 20:51:01.105 27689 27689 W dex2oat : /system/bin/dex2oat --zip-fd=6 --zip-location=base.apk --oat-fd=7 --oat-location=/data/app/vmdl485017235.tmp/oat/x86/base.odex --instruction-set=x86 --instruction-set-variant=x86 --instruction-set-features=default --runtime-arg -Xms64m --runtime-arg -Xmx512m --compiler-filter=interpret-only --swap-fd=9
12-18 20:51:01.106 27689 27689 I dex2oat : /system/bin/dex2oat --compiler-filter=interpret-only
12-18 20:51:01.140  2350 16595 I Icing   : Usage reports ok 0, Failed Usage reports 0, indexed 0, rejected 0
12-18 20:51:01.140  2350 16595 I Icing   : doRemovePackageData com.markuspage.android.atimetracker
12-18 20:51:01.145  2350  2561 I Icing   : IndexChimeraService.getServiceInterface callingPackage=com.google.android.gms componentName=null serviceId=30
12-18 20:51:01.146  2350  2569 I Icing   : IndexChimeraService.getServiceInterface callingPackage=com.google.android.gms componentName=AppsCorpus serviceId=36
12-18 20:51:01.152  2350 16595 W Icing   : No valid account for uploading user actions
12-18 20:51:01.171  2350 16595 I Icing   : Usage reports ok 0, Failed Usage reports 0, indexed 0, rejected 0
12-18 20:51:01.175  3946 27660 I UpdateIcingCorporaServi: UpdateCorporaTask done [took 253 ms] updated apps [took 253 ms] 
12-18 20:51:01.184  2350 16595 W Icing   : No valid account for uploading user actions
12-18 20:51:01.192  2350 25201 I ContentMaintenance: Internal cache bytes used: 0; limit: 40626585; download size: 0
12-18 20:51:01.196  2350 16595 I Icing   : Usage reports ok 0, Failed Usage reports 0, indexed 0, rejected 0
12-18 20:51:01.208  2350 16595 W Icing   : No valid account for uploading user actions
12-18 20:51:01.232  2350 16595 I Icing   : Usage reports ok 0, Failed Usage reports 0, indexed 0, rejected 0
12-18 20:51:01.253  2350 25201 I RealtimeCacheCleanup: Beginning Realtime garbage collection.
12-18 20:51:01.258  2350 25201 I RealtimeCacheCleanup: Finished Realtime garbage collection.
12-18 20:51:01.276  2350 16595 I Icing   : Indexing com.google.android.googlequicksearchbox-applications_uri from com.google.android.googlequicksearchbox
12-18 20:51:01.325  2350 16595 I Icing   : Indexing com.google.android.gms-apps from com.google.android.gms
12-18 20:51:01.342  2350 16595 I Icing   : Indexing done com.google.android.googlequicksearchbox-applications_uri
12-18 20:51:01.344  2350 16595 I Icing   : Indexing done com.google.android.gms-apps
12-18 20:51:01.388 27689 27710 W dex2oat : Before Android 4.1, method int android.support.v7.widget.ListViewCompat.lookForSelectablePosition(int, boolean) would have incorrectly overridden the package-private method in android.widget.ListView
12-18 20:51:01.397 27689 27712 W dex2oat : Before Android 4.1, method android.graphics.PorterDuffColorFilter android.support.graphics.drawable.VectorDrawableCompat.updateTintFilter(android.graphics.PorterDuffColorFilter, android.content.res.ColorStateList, android.graphics.PorterDuff$Mode) would have incorrectly overridden the package-private method in android.graphics.drawable.Drawable
12-18 20:51:02.426  3946  3946 I MicroDetectionWorker: Micro detection mode: [mDetectionMode: [1]].
12-18 20:51:02.426  3946  3946 I AudioController: Using mInputStreamFactoryBuilder
12-18 20:51:02.442  3946 27714 I MicroRecognitionRunner: Starting detection.
12-18 20:51:02.442  3946 24814 I MicrophoneInputStream: mic_starting com.google.android.apps.gsa.staticplugins.z.c@36284ed
12-18 20:51:02.453  1397 27717 I AudioFlinger: AudioFlinger's thread 0xab1839c0 ready to run
12-18 20:51:02.464  1397  1425 E AudioFlinger: not enough memory for AudioTrack size=131296
12-18 20:51:02.465  1397  1425 D MemoryDealer:   AudioTrack (0xb269cf20, size=4194304)
12-18 20:51:02.465  1397  1425 D MemoryDealer:     0: 0xb269cf30 | 0x00000000 | 0x000200E0 | A 
12-18 20:51:02.465  1397  1425 D MemoryDealer:     1: 0xb269cfb0 | 0x000200E0 | 0x000200E0 | A 
12-18 20:51:02.465  1397  1425 D MemoryDealer:     2: 0xb1db04e0 | 0x000401C0 | 0x000200E0 | A 
12-18 20:51:02.465  1397  1425 D MemoryDealer:     3: 0xb26ffe80 | 0x000602A0 | 0x000200E0 | A 
12-18 20:51:02.465  1397  1425 D MemoryDealer:     4: 0xb26ffd00 | 0x00080380 | 0x000200E0 | A 
12-18 20:51:02.465  1397  1425 D MemoryDealer:     5: 0xafaf0080 | 0x000A0460 | 0x000200E0 | A 
12-18 20:51:02.465  1397  1425 D MemoryDealer:     6: 0xb1db0100 | 0x000C0540 | 0x000200E0 | A 
12-18 20:51:02.465  1397  1425 D MemoryDealer:     7: 0xafaf0740 | 0x000E0620 | 0x000200E0 | A 
12-18 20:51:02.465  1397  1425 D MemoryDealer:     8: 0xb26ff850 | 0x00100700 | 0x000200E0 | A 
12-18 20:51:02.465  1397  1425 D MemoryDealer:     9: 0xb1db04a0 | 0x001207E0 | 0x000200E0 | A 
12-18 20:51:02.465  1397  1425 D MemoryDealer:    10: 0xafaf09a0 | 0x001408C0 | 0x000200E0 | A 
12-18 20:51:02.465  1397  1425 D MemoryDealer:    11: 0xafaf0710 | 0x001609A0 | 0x000200E0 | A 
12-18 20:51:02.465  1397  1425 D MemoryDealer:    12: 0xb1db0480 | 0x00180A80 | 0x000200E0 | A 
12-18 20:51:02.465  1397  1425 D MemoryDealer:    13: 0xafaf0a80 | 0x001A0B60 | 0x000200E0 | A 
12-18 20:51:02.465  1397  1425 D MemoryDealer:    14: 0xafaf09b0 | 0x001C0C40 | 0x000200E0 | A 
12-18 20:51:02.465  1397  1425 D MemoryDealer:    15: 0xafaf0f60 | 0x001E0D20 | 0x000200E0 | A 
12-18 20:51:02.465  1397  1425 D MemoryDealer:    16: 0xafaf0fb0 | 0x00200E00 | 0x000200E0 | A 
12-18 20:51:02.465  1397  1425 D MemoryDealer:    17: 0xb1db0760 | 0x00220EE0 | 0x000200E0 | A 
12-18 20:51:02.465  1397  1425 D MemoryDealer:    18: 0xb1db0900 | 0x00240FC0 | 0x000200E0 | A 
12-18 20:51:02.465  1397  1425 D MemoryDealer:    19: 0xb269ce00 | 0x002610A0 | 0x000200E0 | A 
12-18 20:51:02.465  1397  1425 D MemoryDealer:    
12-18 20:51:02.465  1397  1425 E AudioFlinger: createRecordTrack_l() initCheck failed -12; no control block?
12-18 20:51:02.465  3946 24814 E AudioRecord: AudioFlinger could not create record track, status: -12
12-18 20:51:02.476  3946 24814 E AudioRecord-JNI: Error creating AudioRecord instance: initialization check failed with status -12.
12-18 20:51:02.476  3946 24814 E android.media.AudioRecord: Error code -20 when initializing native AudioRecord object.
12-18 20:51:02.476  3946 24814 I MicrophoneInputStream: mic_started com.google.android.apps.gsa.staticplugins.z.c@36284ed
12-18 20:51:02.483  3946 24814 E ActivityThread: Failed to find provider info for com.google.android.apps.gsa.testing.ui.audio.recorded
12-18 20:51:02.483  3946  3946 I MicroDetectionWorker: onReady
12-18 20:51:02.486  3946 24814 I MicrophoneInputStream: mic_close com.google.android.apps.gsa.staticplugins.z.c@36284ed
12-18 20:51:02.488  3946 27714 I MicroRecognitionRunner: Detection finished
12-18 20:51:02.488  3946 27714 W ErrorReporter: reportError [type: 211, code: 524300]: Error reading from input stream
12-18 20:51:02.489  3946  3978 I MicroRecognitionRunner: Stopping hotword detection.
12-18 20:51:02.489  3946 27714 W ErrorProcessor: onFatalError, processing error from engine(4)
12-18 20:51:02.489  3946 27714 W ErrorProcessor: com.google.android.apps.gsa.shared.speech.a.g: Error reading from input stream
12-18 20:51:02.489  3946 27714 W ErrorProcessor: 	at com.google.android.apps.gsa.staticplugins.recognizer.i.a.a(SourceFile:342)
12-18 20:51:02.489  3946 27714 W ErrorProcessor: 	at com.google.android.apps.gsa.staticplugins.recognizer.i.a$1.run(SourceFile:1367)
12-18 20:51:02.489  3946 27714 W ErrorProcessor: 	at java.util.concurrent.Executors$RunnableAdapter.call(Executors.java:428)
12-18 20:51:02.489  3946 27714 W ErrorProcessor: 	at java.util.concurrent.FutureTask.run(FutureTask.java:237)
12-18 20:51:02.489  3946 27714 W ErrorProcessor: 	at com.google.android.apps.gsa.shared.util.concurrent.a.ak.run(SourceFile:66)
12-18 20:51:02.489  3946 27714 W ErrorProcessor: 	at java.util.concurrent.ThreadPoolExecutor.runWorker(ThreadPoolExecutor.java:1133)
12-18 20:51:02.489  3946 27714 W ErrorProcessor: 	at java.util.concurrent.ThreadPoolExecutor$Worker.run(ThreadPoolExecutor.java:607)
12-18 20:51:02.489  3946 27714 W ErrorProcessor: 	at java.lang.Thread.run(Thread.java:761)
12-18 20:51:02.489  3946 27714 W ErrorProcessor: 	at com.google.android.apps.gsa.shared.util.concurrent.a.ad$1.run(SourceFile:85)
12-18 20:51:02.489  3946 27714 W ErrorProcessor: Caused by: com.google.android.apps.gsa.shared.exception.GsaIOException: Error code: 393238 | Buffer overflow, no available space.
12-18 20:51:02.489  3946 27714 W ErrorProcessor: 	at com.google.android.apps.gsa.speech.audio.Tee.g(SourceFile:2531)
12-18 20:51:02.489  3946 27714 W ErrorProcessor: 	at com.google.android.apps.gsa.speech.audio.ap.read(SourceFile:555)
12-18 20:51:02.489  3946 27714 W ErrorProcessor: 	at java.io.InputStream.read(InputStream.java:101)
12-18 20:51:02.489  3946 27714 W ErrorProcessor: 	at com.google.android.apps.gsa.speech.audio.al.run(SourceFile:362)
12-18 20:51:02.489  3946 27714 W ErrorProcessor: 	at com.google.android.apps.gsa.speech.audio.ak$1.run(SourceFile:471)
12-18 20:51:02.489  3946 27714 W ErrorProcessor: 	at java.util.concurrent.Executors$RunnableAdapter.call(Executors.java:428)
12-18 20:51:02.489  3946 27714 W ErrorProcessor: 	at java.util.concurrent.FutureTask.run(FutureTask.java:237)
12-18 20:51:02.489  3946 27714 W ErrorProcessor: 	at com.google.android.apps.gsa.shared.util.concurrent.a.ak.run(SourceFile:66)
12-18 20:51:02.489  3946 27714 W ErrorProcessor: 	at com.google.android.apps.gsa.shared.util.concurrent.a.ax.run(SourceFile:139)
12-18 20:51:02.489  3946 27714 W ErrorProcessor: 	at com.google.android.apps.gsa.shared.util.concurrent.a.ax.run(SourceFile:139)
12-18 20:51:02.489  3946 27714 W ErrorProcessor: 	... 4 more
12-18 20:51:02.489  3946 27714 I AudioController: internalShutdown
12-18 20:51:02.490  3946  3946 I MicroDetector: Keeping mic open: false
12-18 20:51:02.490  3946 27713 I DeviceStateChecker: DeviceStateChecker cancelled
12-18 20:51:02.490  3946  3946 I MicroDetectionWorker: #onError(false)
12-18 20:51:02.838 27689 27689 I dex2oat : dex2oat took 1.733s (threads: 4) arena alloc=3KB (3384B) java alloc=1973KB (2020816B) native alloc=3MB (3424784B) free=2MB (2342384B)
12-18 20:51:02.844  1696  1722 I PackageManager: New shared user com.markuspage.android.atimetracker: id=10122
12-18 20:51:02.908  1400  1400 D installd: Detected label change from u:object_r:system_data_file:s0 to u:object_r:app_data_file:s0:c512,c768 at /data/data/com.markuspage.android.atimetracker; running recursive restorecon
12-18 20:51:02.909  1400  1400 D installd: Detected label change from u:object_r:system_data_file:s0 to u:object_r:app_data_file:s0:c512,c768 at /data/user_de/0/com.markuspage.android.atimetracker; running recursive restorecon
12-18 20:51:02.910  1696  1722 V BackupManagerService: restoreAtInstall pkg=com.markuspage.android.atimetracker token=23 restoreSet=0
12-18 20:51:02.910  1696  1722 V BackupManagerService: Finishing install immediately
12-18 20:51:02.914  1696  1722 I art     : Starting a blocking GC Explicit
12-18 20:51:02.949  1696  1722 I art     : Explicit concurrent mark sweep GC freed 6577(487KB) AllocSpace objects, 4(80KB) LOS objects, 23% free, 13MB/17MB, paused 1.948ms total 35.562ms
12-18 20:51:02.950  1400  1400 E         : Couldn't opendir /data/app/vmdl485017235.tmp: No such file or directory
12-18 20:51:02.970  1696  1717 W art     : Before Android 4.1, method double java.util.concurrent.ThreadLocalRandom.internalNextDouble(double, double) would have incorrectly overridden the package-private method in java.util.Random
12-18 20:51:02.971  1696  1717 W art     : Before Android 4.1, method int java.util.concurrent.ThreadLocalRandom.internalNextInt(int, int) would have incorrectly overridden the package-private method in java.util.Random
12-18 20:51:02.971  1696  1717 W art     : Before Android 4.1, method long java.util.concurrent.ThreadLocalRandom.internalNextLong(long, long) would have incorrectly overridden the package-private method in java.util.Random
12-18 20:51:02.979  1696  1735 I InputReader: Reconfiguring input devices.  changes=0x00000010
12-18 20:51:02.996  1881  1881 D CarrierSvcBindHelper: No carrier app for: 0
12-18 20:51:02.997  1881  1881 D CarrierConfigLoader: mHandler: 9 phoneId: 0
12-18 20:51:03.036  1861 27666 W GCM     : Unexpected forwarded intent: Intent { act=android.intent.action.PACKAGE_ADDED dat=package:com.markuspage.android.atimetracker flg=0x4000010 cmp=com.google.android.gms/.chimera.PersistentIntentOperationService (has extras) }
12-18 20:51:03.040  1861 27676 W GCM     : Unexpected forwarded intent: Intent { act=android.intent.action.PACKAGE_ADDED dat=package:com.markuspage.android.atimetracker flg=0x4000010 cmp=com.google.android.gms/.chimera.PersistentIntentOperationService (has extras) }
12-18 20:51:03.042  2350 27685 I Auth    : [SupervisedAccountIntentOperation] onHandleIntent(): android.intent.action.PACKAGE_ADDED
12-18 20:51:03.047  2350 27684 I ChromeSync: [Sync,SyncIntentOperation] Handling the intent: Intent { act=android.intent.action.PACKAGE_ADDED dat=package:com.markuspage.android.atimetracker flg=0x4000010 cmp=com.google.android.gms/.chimera.GmsIntentOperationService (has extras) }.
12-18 20:51:03.051  1696  1798 W ActivityManager: Unable to start service Intent { act=com.google.android.gms.auth.key.retrieval.service.START pkg=com.google.android.gms } U=0: not found
12-18 20:51:03.060  1696  1795 W ActivityManager: Unbind failed: could not find connection for android.os.BinderProxy@24cb38f
12-18 20:51:03.061  2350  2525 E GmsClient: unable to connect to service: com.google.android.gms.auth.key.retrieval.service.START on com.google.android.gms
12-18 20:51:03.112  2350 27684 I ChromeSync: [Persistence,AffiliationManager] One of affiliation or grouping data for android://jMyxXf72sNNpx5qiRHmggL6xMdDJopVtsBG-k2S6xGA_GMo_cjxPKMrmzcYGfI2T4Bc5RSoq7brF2taibBtetw==@com.markuspage.android.atimetracker/ was not found. Marking affiliation data as stale...
12-18 20:51:03.115  3946 27725 I UpdateIcingCorporaServi: Updating corpora: APPS=com.markuspage.android.atimetracker, CONTACTS=MAYBE
12-18 20:51:03.123  2350 27687 I ChimeraConfigurator: Starting update, reason: 4 urgentFeatures: pay:-1
12-18 20:51:03.123  2350 27687 I ChmraDebugLogger: [80] null
12-18 20:51:03.228  2350  2566 I Icing   : IndexChimeraService.getServiceInterface callingPackage=com.google.android.googlequicksearchbox componentName=null serviceId=36
12-18 20:51:03.259  2350  6406 W Icing   : No valid account for uploading user actions
12-18 20:51:03.266 27722 27722 D AndroidRuntime: >>>>>> START com.android.internal.os.RuntimeInit uid 2000 <<<<<<
12-18 20:51:03.268 27722 27722 D AndroidRuntime: CheckJNI is ON
12-18 20:51:03.279  2350  6406 I Icing   : Usage reports ok 0, Failed Usage reports 0, indexed 0, rejected 0
12-18 20:51:03.285  3946 27725 I UpdateIcingCorporaServi: UpdateCorporaTask done [took 169 ms] updated apps [took 169 ms] 
12-18 20:51:03.288  2350  6406 I Icing   : Indexing com.google.android.gms-internal.3p:MobileApplication from com.google.android.gms using seqno 68
12-18 20:51:03.313  2350  6406 I Icing   : Indexing com.google.android.googlequicksearchbox-applications_uri from com.google.android.googlequicksearchbox
12-18 20:51:03.315 27722 27722 W art     : Unexpected CPU variant for X86 using defaults: x86
12-18 20:51:03.318 27722 27722 D ICU     : No timezone override file found: /data/misc/zoneinfo/current/icu/icu_tzdata.dat
12-18 20:51:03.336 27722 27722 E memtrack: Couldn't load memtrack module (No such file or directory)
12-18 20:51:03.336 27722 27722 E android.os.Debug: failed to load memtrack module: -2
12-18 20:51:03.337 27722 27722 I Radio-JNI: register_android_hardware_Radio DONE
12-18 20:51:03.353 27722 27722 D AndroidRuntime: Calling main entry com.android.commands.monkey.Monkey
12-18 20:51:03.368  2350  6406 I Icing   : Indexing done com.google.android.googlequicksearchbox-applications_uri
12-18 20:51:03.369  2350  6406 I Icing   : Indexing com.google.android.gms-apps from com.google.android.gms
12-18 20:51:03.395  1696  1710 W BroadcastQueue: Skipping deliver [background] BroadcastRecord{601a876 u-1 android.net.conn.CONNECTIVITY_CHANGE} to ReceiverList{14cde77 27722 (unknown name)/2000/u-1 remote:46e1338}: process crashing
12-18 20:51:03.397  2350  6406 I Icing   : Indexing done com.google.android.gms-apps
12-18 20:51:03.422  1696  2071 I ActivityManager: START u0 {act=android.intent.action.MAIN cat=[android.intent.category.LAUNCHER] flg=0x10200000 cmp=com.markuspage.android.atimetracker/.Activities} from uid 2000 on display 0
12-18 20:51:03.447 27737 27737 W art     : Unexpected CPU variant for X86 using defaults: x86
12-18 20:51:03.452  1696  2245 I ActivityManager: Start proc 27737:com.markuspage.android.atimetracker/u0a122 for activity com.markuspage.android.atimetracker/.Activities
12-18 20:51:03.481 27722 27722 I art     : System.exit called, status: 0
12-18 20:51:03.482 27722 27722 I AndroidRuntime: VM exiting with result code 0.
12-18 20:51:03.485 27737 27737 W System  : ClassLoader referenced unknown path: /data/app/com.markuspage.android.atimetracker-1/lib/x86
12-18 20:51:03.485  1343  2116 D gralloc_ranchu: gralloc_alloc: Creating ashmem region of size 7753728
12-18 20:51:03.542  3946  3946 W SearchService: Abort, client detached.
12-18 20:51:03.565  5939  5959 D EGL_emulation: eglMakeCurrent: 0x9d5c8e80: ver 3 0 (tinfo 0xa90cf710)
12-18 20:51:03.565  3946  3972 D EGL_emulation: eglMakeCurrent: 0x9f52c320: ver 3 0 (tinfo 0x9f56abc0)
12-18 20:51:03.581  5359  5391 D EGL_emulation: eglMakeCurrent: 0x9d5c8a80: ver 3 0 (tinfo 0x8e2555b0)
12-18 20:51:03.584 27737 27737 W System  : ClassLoader referenced unknown path: /system/app/Chrome/lib/x86
12-18 20:51:03.585 27737 27737 D ApplicationLoaders: ignored Vulkan layer search path /system/app/Chrome/lib/x86:/system/app/Chrome/Chrome.apk!/lib/x86:/system/lib:/vendor/lib for namespace 0xad0ea090
12-18 20:51:03.588 27737 27737 I WebViewFactory: Loading com.android.chrome version 69.0.3497.100 (code 349710017)
12-18 20:51:03.614 27737 27737 I art     : Rejecting re-init on previously-failed class java.lang.Class<uJ>: java.lang.NoClassDefFoundError: Failed resolution of: Landroid/webkit/TracingController;
12-18 20:51:03.614 27737 27737 I art     :   at java.lang.Class java.lang.Class.classForName!(java.lang.String, boolean, java.lang.ClassLoader) (Class.java:-2)
12-18 20:51:03.614 27737 27737 I art     :   at java.lang.Class java.lang.Class.forName(java.lang.String, boolean, java.lang.ClassLoader) (Class.java:400)
12-18 20:51:03.614 27737 27737 I art     :   at java.lang.Class android.webkit.WebViewFactory.getProviderClass() (WebViewFactory.java:349)
12-18 20:51:03.614 27737 27737 I art     :   at android.webkit.WebViewFactoryProvider android.webkit.WebViewFactory.getProvider() (WebViewFactory.java:194)
12-18 20:51:03.615 27737 27737 I art     :   at android.webkit.WebViewFactoryProvider android.webkit.WebView.getFactory() (WebView.java:2325)
12-18 20:51:03.615 27737 27737 I art     :   at java.lang.String android.webkit.WebView.findAddress(java.lang.String) (WebView.java:1727)
12-18 20:51:03.615 27737 27737 I art     :   at void android.text.util.Linkify.gatherMapLinks(java.util.ArrayList, android.text.Spannable) (Linkify.java:551)
12-18 20:51:03.615 27737 27737 I art     :   at boolean android.text.util.Linkify.addLinks(android.text.Spannable, int) (Linkify.java:254)
12-18 20:51:03.615 27737 27737 I art     :   at boolean android.text.util.Linkify.addLinks(android.widget.TextView, int) (Linkify.java:298)
12-18 20:51:03.615 27737 27737 I art     :   at android.app.Dialog com.markuspage.android.atimetracker.Activities.openAboutDialog() (Activities.java:699)
12-18 20:51:03.615 27737 27737 I art     :   at android.app.Dialog com.markuspage.android.atimetracker.Activities.onCreateDialog(int) (Activities.java:367)
12-18 20:51:03.615 27737 27737 I art     :   at android.app.Dialog android.app.Activity.onCreateDialog(int, android.os.Bundle) (Activity.java:3638)
12-18 20:51:03.615 27737 27737 I art     :   at android.app.Dialog android.app.Activity.createDialog(java.lang.Integer, android.os.Bundle, android.os.Bundle) (Activity.java:1113)
12-18 20:51:03.615 27737 27737 I art     :   at boolean android.app.Activity.showDialog(int, android.os.Bundle) (Activity.java:3732)
12-18 20:51:03.615 27737 27737 I art     :   at void android.app.Activity.showDialog(int) (Activity.java:3690)
12-18 20:51:03.615 27737 27737 I art     :   at void com.markuspage.android.atimetracker.Activities.onCreate(android.os.Bundle) (Activities.java:237)
12-18 20:51:03.615 27737 27737 I art     :   at void android.app.Activity.performCreate(android.os.Bundle) (Activity.java:6679)
12-18 20:51:03.615 27737 27737 I art     :   at void android.app.Instrumentation.callActivityOnCreate(android.app.Activity, android.os.Bundle) (Instrumentation.java:1118)
12-18 20:51:03.615 27737 27737 I art     :   at android.app.Activity android.app.ActivityThread.performLaunchActivity(android.app.ActivityThread$ActivityClientRecord, android.content.Intent) (ActivityThread.java:2618)
12-18 20:51:03.615 27737 27737 I art     :   at void android.app.ActivityThread.handleLaunchActivity(android.app.ActivityThread$ActivityClientRecord, android.content.Intent, java.lang.String) (ActivityThread.java:2726)
12-18 20:51:03.615 27737 27737 I art     :   at void android.app.ActivityThread.-wrap12(android.app.ActivityThread, android.app.ActivityThread$ActivityClientRecord, android.content.Intent, java.lang.String) (ActivityThread.java:-1)
12-18 20:51:03.615 27737 27737 I art     :   at void android.app.ActivityThread$H.handleMessage(android.os.Message) (ActivityThread.java:1477)
12-18 20:51:03.615 27737 27737 I art     :   at void android.os.Handler.dispatchMessage(android.os.Message) (Handler.java:102)
12-18 20:51:03.615 27737 27737 I art     :   at void android.os.Looper.loop() (Looper.java:154)
12-18 20:51:03.616 27737 27737 I art     :   at void android.app.ActivityThread.main(java.lang.String[]) (ActivityThread.java:6119)
12-18 20:51:03.616 27737 27737 I art     :   at java.lang.Object java.lang.reflect.Method.invoke!(java.lang.Object, java.lang.Object[]) (Method.java:-2)
12-18 20:51:03.616 27737 27737 I art     :   at void com.android.internal.os.ZygoteInit$MethodAndArgsCaller.run() (ZygoteInit.java:886)
12-18 20:51:03.616 27737 27737 I art     :   at void com.android.internal.os.ZygoteInit.main(java.lang.String[]) (ZygoteInit.java:776)
12-18 20:51:03.616 27737 27737 I art     : Caused by: java.lang.ClassNotFoundException: Didn't find class "android.webkit.TracingController" on path: DexPathList[[zip file "/system/app/Chrome/Chrome.apk"],nativeLibraryDirectories=[/system/app/Chrome/lib/x86, /system/app/Chrome/Chrome.apk!/lib/x86, /system/lib, /vendor/lib, /system/lib, /vendor/lib]]
12-18 20:51:03.616 27737 27737 I art     :   at java.lang.Class dalvik.system.BaseDexClassLoader.findClass(java.lang.String) (BaseDexClassLoader.java:56)
12-18 20:51:03.616 27737 27737 I art     :   at java.lang.Class java.lang.ClassLoader.loadClass(java.lang.String, boolean) (ClassLoader.java:380)
12-18 20:51:03.616 27737 27737 I art     :   at java.lang.Class java.lang.ClassLoader.loadClass(java.lang.String) (ClassLoader.java:312)
12-18 20:51:03.616 27737 27737 I art     :   at java.lang.Class java.lang.Class.classForName!(java.lang.String, boolean, java.lang.ClassLoader) (Class.java:-2)
12-18 20:51:03.616 27737 27737 I art     :   at java.lang.Class java.lang.Class.forName(java.lang.String, boolean, java.lang.ClassLoader) (Class.java:400)
12-18 20:51:03.616 27737 27737 I art     :   at java.lang.Class android.webkit.WebViewFactory.getProviderClass() (WebViewFactory.java:349)
12-18 20:51:03.616 27737 27737 I art     :   at android.webkit.WebViewFactoryProvider android.webkit.WebViewFactory.getProvider() (WebViewFactory.java:194)
12-18 20:51:03.616 27737 27737 I art     :   at android.webkit.WebViewFactoryProvider android.webkit.WebView.getFactory() (WebView.java:2325)
12-18 20:51:03.616 27737 27737 I art     :   at java.lang.String android.webkit.WebView.findAddress(java.lang.String) (WebView.java:1727)
12-18 20:51:03.616 27737 27737 I art     :   at void android.text.util.Linkify.gatherMapLinks(java.util.ArrayList, android.text.Spannable) (Linkify.java:551)
12-18 20:51:03.616 27737 27737 I art     :   at boolean android.text.util.Linkify.addLinks(android.text.Spannable, int) (Linkify.java:254)
12-18 20:51:03.616 27737 27737 I art     :   at boolean android.text.util.Linkify.addLinks(android.widget.TextView, int) (Linkify.java:298)
12-18 20:51:03.616 27737 27737 I art     :   at android.app.Dialog com.markuspage.android.atimetracker.Activities.openAboutDialog() (Activities.java:699)
12-18 20:51:03.616 27737 27737 I art     :   at android.app.Dialog com.markuspage.android.atimetracker.Activities.onCreateDialog(int) (Activities.java:367)
12-18 20:51:03.616 27737 27737 I art     :   at android.app.Dialog android.app.Activity.onCreateDialog(int, android.os.Bundle) (Activity.java:3638)
12-18 20:51:03.616 27737 27737 I art     :   at android.app.Dialog android.app.Activity.createDialog(java.lang.Integer, android.os.Bundle, android.os.Bundle) (Activity.java:1113)
12-18 20:51:03.616 27737 27737 I art     :   at boolean android.app.Activity.showDialog(int, android.os.Bundle) (Activity.java:3732)
12-18 20:51:03.616 27737 27737 I art     :   at void android.app.Activity.showDialog(int) (Activity.java:3690)
12-18 20:51:03.616 27737 27737 I art     :   at void com.markuspage.android.atimetracker.Activities.onCreate(android.os.Bundle) (Activities.java:237)
12-18 20:51:03.616 27737 27737 I art     :   at void android.app.Activity.performCreate(android.os.Bundle) (Activity.java:6679)
12-18 20:51:03.617 27737 27737 I art     :   at void android.app.Instrumentation.callActivityOnCreate(android.app.Activity, android.os.Bundle) (Instrumentation.java:1118)
12-18 20:51:03.617 27737 27737 I art     :   at android.app.Activity android.app.ActivityThread.performLaunchActivity(android.app.ActivityThread$ActivityClientRecord, android.content.Intent) (ActivityThread.java:2618)
12-18 20:51:03.617 27737 27737 I art     :   at void android.app.ActivityThread.handleLaunchActivity(android.app.ActivityThread$ActivityClientRecord, android.content.Intent, java.lang.String) (ActivityThread.java:2726)
12-18 20:51:03.617 27737 27737 I art     :   at void android.app.ActivityThread.-wrap12(android.app.ActivityThread, android.app.ActivityThread$ActivityClientRecord, android.content.Intent, java.lang.String) (ActivityThread.java:-1)
12-18 20:51:03.617 27737 27737 I art     :   at void android.app.ActivityThread$H.handleMessage(android.os.Message) (ActivityThread.java:1477)
12-18 20:51:03.617 27737 27737 I art     :   at void android.os.Handler.dispatchMessage(android.os.Message) (Handler.java:102)
12-18 20:51:03.617 27737 27737 I art     :   at void android.os.Looper.loop() (Looper.java:154)
12-18 20:51:03.617 27737 27737 I art     :   at void android.app.ActivityThread.main(java.lang.String[]) (ActivityThread.java:6119)
12-18 20:51:03.617 27737 27737 I art     :   at java.lang.Object java.lang.reflect.Method.invoke!(java.lang.Object, java.lang.Object[]) (Method.java:-2)
12-18 20:51:03.617 27737 27737 I art     :   at void com.android.internal.os.ZygoteInit$MethodAndArgsCaller.run() (ZygoteInit.java:886)
12-18 20:51:03.617 27737 27737 I art     :   at void com.android.internal.os.ZygoteInit.main(java.lang.String[]) (ZygoteInit.java:776)
12-18 20:51:03.617 27737 27737 I art     : 
12-18 20:51:03.667 27737 27737 I cr_LibraryLoader: Time to load native libraries: 23 ms (timestamps 5513-5536)
12-18 20:51:03.687 27737 27737 I chromium: [INFO:library_loader_hooks.cc(36)] Chromium logging enabled: level = 0, default verbosity = 0
12-18 20:51:03.688 27737 27737 I cr_LibraryLoader: Expected native library version number "69.0.3497.100", actual native library version number "69.0.3497.100"
12-18 20:51:03.689 27737 27758 E cr_VariationsUtils: Failed reading seed file "/data/user/0/com.markuspage.android.atimetracker/app_webview/variations_seed_new": /data/user/0/com.markuspage.android.atimetracker/app_webview/variations_seed_new (No such file or directory)
12-18 20:51:03.689 27737 27758 E cr_VariationsUtils: Failed reading seed file "/data/user/0/com.markuspage.android.atimetracker/app_webview/variations_seed": /data/user/0/com.markuspage.android.atimetracker/app_webview/variations_seed (No such file or directory)
12-18 20:51:03.690 27737 27758 W System  : ClassLoader referenced unknown path: 
12-18 20:51:03.691 27737 27758 W System  : ClassLoader referenced unknown path: /system/app/Chrome/lib/x86
12-18 20:51:03.698 27737 27758 D ApplicationLoaders: ignored Vulkan layer search path /system/app/Chrome/lib/x86:/system/app/Chrome/Chrome.apk!/lib/x86:/system/lib:/vendor/lib for namespace 0xad0ea0d0
12-18 20:51:03.709 27737 27737 I cr_BrowserStartup: Initializing chromium process, singleProcess=true
12-18 20:51:03.713 27737 27737 W ResourceType: Failure getting entry for 0x7f1204b0 (t=17 e=1200) (error -2147483647)
12-18 20:51:03.797  1343  2282 E SurfaceFlinger: ro.sf.lcd_density must be defined as a build property
12-18 20:51:03.802 27737 27737 D         : HostConnection::get() New Host Connection established 0x8cec0940, tid 27737
12-18 20:51:03.850 27737 27774 D         : HostConnection::get() New Host Connection established 0x8cedee40, tid 27774
12-18 20:51:03.851 27737 27774 I OpenGLRenderer: Initialized EGL, version 1.4
12-18 20:51:03.851 27737 27774 D OpenGLRenderer: Swap behavior 1
12-18 20:51:03.852 27737 27774 W OpenGLRenderer: Failed to choose config with EGL_SWAP_BEHAVIOR_PRESERVED, retrying without...
12-18 20:51:03.852 27737 27774 D OpenGLRenderer: Swap behavior 0
12-18 20:51:03.855 27737 27774 D EGL_emulation: eglCreateContext: 0x8fcf2680: maj 3 min 0 rcv 3
12-18 20:51:03.864 27737 27774 D EGL_emulation: eglMakeCurrent: 0x8fcf2680: ver 3 0 (tinfo 0x8ce8ae70)
12-18 20:51:03.910 27737 27774 D EGL_emulation: eglMakeCurrent: 0x8fcf2680: ver 3 0 (tinfo 0x8ce8ae70)
12-18 20:51:03.966 27737 27774 D EGL_emulation: eglMakeCurrent: 0x8fcf2680: ver 3 0 (tinfo 0x8ce8ae70)
12-18 20:51:03.988  1696  1717 I ActivityManager: Displayed com.markuspage.android.atimetracker/.Activities: +556ms
12-18 20:51:04.015 27737 27776 W cr_CrashFileManager: /data/user/0/com.markuspage.android.atimetracker/cache/WebView/Crash Reports does not exist or is not a directory
12-18 20:51:04.364  1343  1343 W SurfaceFlinger: couldn't log to binary event log: overflow.
12-18 20:51:05.033 27737 27774 D EGL_emulation: eglMakeCurrent: 0x8fcf2680: ver 3 0 (tinfo 0x8ce8ae70)
12-18 20:51:05.050 27737 27774 D EGL_emulation: eglMakeCurrent: 0x8fcf2680: ver 3 0 (tinfo 0x8ce8ae70)
12-18 20:51:05.058 27737 27774 D EGL_emulation: eglMakeCurrent: 0x8fcf2680: ver 3 0 (tinfo 0x8ce8ae70)
12-18 20:51:05.064 27737 27774 D EGL_emulation: eglMakeCurrent: 0x8fcf2680: ver 3 0 (tinfo 0x8ce8ae70)
12-18 20:51:05.068 27737 27774 D EGL_emulation: eglMakeCurrent: 0x8fcf2680: ver 3 0 (tinfo 0x8ce8ae70)
12-18 20:51:05.077 27737 27774 D EGL_emulation: eglMakeCurrent: 0x8fcf2680: ver 3 0 (tinfo 0x8ce8ae70)
12-18 20:51:05.082 27737 27774 D EGL_emulation: eglMakeCurrent: 0x8fcf2680: ver 3 0 (tinfo 0x8ce8ae70)
12-18 20:51:05.085 27737 27774 D EGL_emulation: eglMakeCurrent: 0x8fcf2680: ver 3 0 (tinfo 0x8ce8ae70)
12-18 20:51:05.098 27737 27774 D EGL_emulation: eglMakeCurrent: 0x8fcf2680: ver 3 0 (tinfo 0x8ce8ae70)
12-18 20:51:05.101 27737 27774 D EGL_emulation: eglMakeCurrent: 0x8fcf2680: ver 3 0 (tinfo 0x8ce8ae70)
12-18 20:51:05.115 27737 27774 D EGL_emulation: eglMakeCurrent: 0x8fcf2680: ver 3 0 (tinfo 0x8ce8ae70)
12-18 20:51:05.118 27737 27774 D EGL_emulation: eglMakeCurrent: 0x8fcf2680: ver 3 0 (tinfo 0x8ce8ae70)
12-18 20:51:05.133 27737 27774 D EGL_emulation: eglMakeCurrent: 0x8fcf2680: ver 3 0 (tinfo 0x8ce8ae70)
12-18 20:51:05.136 27737 27774 D EGL_emulation: eglMakeCurrent: 0x8fcf2680: ver 3 0 (tinfo 0x8ce8ae70)
12-18 20:51:05.160 27737 27774 D EGL_emulation: eglMakeCurrent: 0x8fcf2680: ver 3 0 (tinfo 0x8ce8ae70)
12-18 20:51:05.164 27737 27774 D EGL_emulation: eglMakeCurrent: 0x8fcf2680: ver 3 0 (tinfo 0x8ce8ae70)
12-18 20:51:05.165 27737 27774 D EGL_emulation: eglMakeCurrent: 0x8fcf2680: ver 3 0 (tinfo 0x8ce8ae70)
12-18 20:51:05.167 27737 27774 D EGL_emulation: eglMakeCurrent: 0x8fcf2680: ver 3 0 (tinfo 0x8ce8ae70)
12-18 20:51:05.182 27737 27774 D EGL_emulation: eglMakeCurrent: 0x8fcf2680: ver 3 0 (tinfo 0x8ce8ae70)
12-18 20:51:05.185 27737 27774 D EGL_emulation: eglMakeCurrent: 0x8fcf2680: ver 3 0 (tinfo 0x8ce8ae70)
12-18 20:51:05.197 27737 27774 D EGL_emulation: eglMakeCurrent: 0x8fcf2680: ver 3 0 (tinfo 0x8ce8ae70)
12-18 20:51:05.201 27737 27774 D EGL_emulation: eglMakeCurrent: 0x8fcf2680: ver 3 0 (tinfo 0x8ce8ae70)
12-18 20:51:05.215 27737 27774 D EGL_emulation: eglMakeCurrent: 0x8fcf2680: ver 3 0 (tinfo 0x8ce8ae70)
12-18 20:51:05.218 27737 27774 D EGL_emulation: eglMakeCurrent: 0x8fcf2680: ver 3 0 (tinfo 0x8ce8ae70)
12-18 20:51:05.231 27737 27774 D EGL_emulation: eglMakeCurrent: 0x8fcf2680: ver 3 0 (tinfo 0x8ce8ae70)
12-18 20:51:05.236 27737 27774 D EGL_emulation: eglMakeCurrent: 0x8fcf2680: ver 3 0 (tinfo 0x8ce8ae70)
12-18 20:51:05.247 27737 27774 D EGL_emulation: eglMakeCurrent: 0x8fcf2680: ver 3 0 (tinfo 0x8ce8ae70)
12-18 20:51:05.251 27737 27774 D EGL_emulation: eglMakeCurrent: 0x8fcf2680: ver 3 0 (tinfo 0x8ce8ae70)
12-18 20:51:05.264 27737 27774 D EGL_emulation: eglMakeCurrent: 0x8fcf2680: ver 3 0 (tinfo 0x8ce8ae70)
12-18 20:51:05.267 27737 27774 D EGL_emulation: eglMakeCurrent: 0x8fcf2680: ver 3 0 (tinfo 0x8ce8ae70)
12-18 20:51:05.281 27737 27774 D EGL_emulation: eglMakeCurrent: 0x8fcf2680: ver 3 0 (tinfo 0x8ce8ae70)
12-18 20:51:05.287 27737 27774 D EGL_emulation: eglMakeCurrent: 0x8fcf2680: ver 3 0 (tinfo 0x8ce8ae70)
12-18 20:51:11.050  1696  1798 I ActivityManager: Killing 24722:com.android.providers.calendar/u0a2 (adj 906): empty #17
12-18 20:51:11.066  1696  5358 D ActivityManager: cleanUpApplicationRecord -- 24722
12-18 20:51:18.673 27780 27780 D AndroidRuntime: >>>>>> START com.android.internal.os.RuntimeInit uid 2000 <<<<<<
12-18 20:51:18.675 27780 27780 D AndroidRuntime: CheckJNI is ON
12-18 20:51:18.712 27780 27780 W art     : Unexpected CPU variant for X86 using defaults: x86
12-18 20:51:18.715 27780 27780 D ICU     : No timezone override file found: /data/misc/zoneinfo/current/icu/icu_tzdata.dat
12-18 20:51:18.730 27780 27780 E memtrack: Couldn't load memtrack module (No such file or directory)
12-18 20:51:18.730 27780 27780 E android.os.Debug: failed to load memtrack module: -2
12-18 20:51:18.731 27780 27780 I Radio-JNI: register_android_hardware_Radio DONE
12-18 20:51:18.737 27780 27780 D AndroidRuntime: Calling main entry com.android.commands.content.Content
12-18 20:51:18.745 27780 27780 D AndroidRuntime: Shutting down VM
12-18 20:51:18.804  5359  5391 D EGL_emulation: eglMakeCurrent: 0x9d5c8a80: ver 3 0 (tinfo 0x8e2555b0)
12-18 20:51:18.885  1696  4550 I ActivityManager: Killing 24827:com.ustwo.lwp/u0a74 (adj 906): empty #17
12-18 20:51:18.895  1696  3573 D ActivityManager: cleanUpApplicationRecord -- 24827
12-18 20:51:18.936 27790 27790 D AndroidRuntime: >>>>>> START com.android.internal.os.RuntimeInit uid 2000 <<<<<<
12-18 20:51:18.937 27790 27790 D AndroidRuntime: CheckJNI is ON
12-18 20:51:18.969 27790 27790 W art     : Unexpected CPU variant for X86 using defaults: x86
12-18 20:51:18.973 27790 27790 D ICU     : No timezone override file found: /data/misc/zoneinfo/current/icu/icu_tzdata.dat
12-18 20:51:18.990 27790 27790 E memtrack: Couldn't load memtrack module (No such file or directory)
12-18 20:51:18.990 27790 27790 E android.os.Debug: failed to load memtrack module: -2
12-18 20:51:18.993 27790 27790 I Radio-JNI: register_android_hardware_Radio DONE
