--------- beginning of main
01-15 17:30:47.201  3248  3320 I GnssLocationProvider: WakeLock acquired by sendMessage(REPORT_SV_STATUS, 0, com.android.server.location.GnssLocationProvider$SvStatusInfo@16df3e7)
01-15 17:30:47.201  3248  3261 I GnssLocationProvider: WakeLock released by handleMessage(REPORT_SV_STATUS, 0, com.android.server.location.GnssLocationProvider$SvStatusInfo@16df3e7)
01-15 17:30:48.210  3248  3320 I GnssLocationProvider: WakeLock acquired by sendMessage(REPORT_SV_STATUS, 0, com.android.server.location.GnssLocationProvider$SvStatusInfo@7cb6b94)
01-15 17:30:48.211  3248  3261 I GnssLocationProvider: WakeLock released by handleMessage(REPORT_SV_STATUS, 0, com.android.server.location.GnssLocationProvider$SvStatusInfo@7cb6b94)
--------- beginning of system
01-15 17:30:49.069  3248  3262 I ActivityManager: Force stopping org.gnucash.android appid=10100 user=-1: deletePackageX
01-15 17:30:49.070  3248  3262 I ActivityManager: Killing 6392:org.gnucash.android/u0a100 (adj 900): stop org.gnucash.android
01-15 17:30:49.070  3248  3265 W libprocessgroup: kill(-6392, 9) failed: No such process
01-15 17:30:49.076  3275  3278 D hwcomposer: hw_composer sent 108 syncs in 60s
01-15 17:30:49.076  3248  3286 I PackageManager: Removing old permission tree: org.gnucash.android.permission.RECORD_TRANSACTION from package org.gnucash.android
01-15 17:30:49.076  3248  3286 I PackageManager: Removing old permission tree: org.gnucash.android.permission.CREATE_ACCOUNT from package org.gnucash.android
01-15 17:30:49.103  3104  3104 I Zygote  : Process 6392 exited due to signal (9)
01-15 17:30:49.111  3248  3265 W libprocessgroup: kill(-6392, 9) failed: No such process
01-15 17:30:49.111  3248  3265 I libprocessgroup: Successfully killed process cgroup uid 10100 pid 6392 in 40ms
01-15 17:30:49.142  3109  3109 I keystore: clear_uid 10100
01-15 17:30:49.173  3248  3286 I system_server: Explicit concurrent copying GC freed 42477(2002KB) AllocSpace objects, 13(516KB) LOS objects, 35% free, 10MB/16MB, paused 39us total 30.451ms
01-15 17:30:49.178  3248  3286 I ActivityManager: Force stopping org.gnucash.android appid=10100 user=0: pkg removed
01-15 17:30:49.191  3248  3262 W BroadcastQueue: Background execution not allowed: receiving Intent { act=android.intent.action.PACKAGE_REMOVED dat=package:org.gnucash.android flg=0x4000010 (has extras) } to com.android.musicfx/.Compatibility$Receiver
01-15 17:30:49.191  3248  3262 W BroadcastQueue: Background execution not allowed: receiving Intent { act=android.intent.action.PACKAGE_REMOVED dat=package:org.gnucash.android flg=0x4000010 (has extras) } to com.android.vending/com.google.android.finsky.packagemonitor.impl.PackageMonitorReceiverImpl$RegisteredReceiver
01-15 17:30:49.191  3248  3262 W BroadcastQueue: Background execution not allowed: receiving Intent { act=android.intent.action.PACKAGE_REMOVED dat=package:org.gnucash.android flg=0x4000010 (has extras) } to com.android.vending/com.google.android.finsky.instantapps.appmanagement.InstantAppRemoveMonitor
01-15 17:30:49.191  3248  3262 W BroadcastQueue: Background execution not allowed: receiving Intent { act=android.intent.action.PACKAGE_REMOVED dat=package:org.gnucash.android flg=0x4000010 (has extras) } to com.google.android.gms/.games.chimera.GamesSystemBroadcastReceiverProxy
01-15 17:30:49.191  3248  3262 W BroadcastQueue: Background execution not allowed: receiving Intent { act=android.intent.action.PACKAGE_REMOVED dat=package:org.gnucash.android flg=0x4000010 (has extras) } to com.google.android.gms/.chimera.GmsIntentOperationService$PersistentTrustedReceiver
01-15 17:30:49.191  3248  3262 W BroadcastQueue: Background execution not allowed: receiving Intent { act=android.intent.action.PACKAGE_REMOVED dat=package:org.gnucash.android flg=0x4000010 (has extras) } to com.google.android.googlequicksearchbox/com.google.android.apps.gsa.googlequicksearchbox.GelStubAppWatcher
01-15 17:30:49.200  3822  3822 I GsaVoiceInteractionSrv: (REDACTED) O received %s
01-15 17:30:49.204  6441  6441 E oid.documentsu: Not starting debugger since process cannot load the jdwp agent.
01-15 17:30:49.206  4001  4001 I Finsky  : [2] ssf.m(0): PackageMonitorReceiverImpl - Received: android.intent.action.PACKAGE_REMOVED, [CtglbhYSV5C1w6jm0Xd4oPgv3PMSWESbdt7kBXBfrt8]
01-15 17:30:49.209  3248  4199 I ActivityManager: Start proc 6441:com.android.documentsui/u0a16 for broadcast com.android.documentsui/.PackageReceiver
01-15 17:30:49.210  4001  4001 I Finsky  : [2] ssx.n(8): Invalidating cached PackageState for org.gnucash.android
01-15 17:30:49.213  3248  3320 I GnssLocationProvider: WakeLock acquired by sendMessage(REPORT_SV_STATUS, 0, com.android.server.location.GnssLocationProvider$SvStatusInfo@2bdad00)
01-15 17:30:49.220  6441  6441 I oid.documentsu: The ClassLoaderContext is a special shared library.
01-15 17:30:49.232  3461  3461 D CarrierSvcBindHelper: No carrier app for: 0
01-15 17:30:49.234  3248  3334 I InputReader: Reconfiguring input devices.  changes=0x00000010
01-15 17:30:49.244  3248  3264 W ActivityManager: Slow operation: 53ms so far, now at startProcess: returned from zygote!
01-15 17:30:49.245  3248  3264 W ActivityManager: Slow operation: 53ms so far, now at startProcess: asking zygote to start proc
01-15 17:30:49.245  4001  4001 I Finsky  : [2] ssx.s(5): Package no longer installed: org.gnucash.android
01-15 17:30:49.252  4929  4929 E CarrierServices: [2] btx.a: Invalid signature found for com.android.contacts: 18B66F4996F3D01CEAD29D3A3AA81801E7950B82
01-15 17:30:49.253  3248  3261 I GnssLocationProvider: WakeLock released by handleMessage(REPORT_SV_STATUS, 0, com.android.server.location.GnssLocationProvider$SvStatusInfo@2bdad00)
01-15 17:30:49.259  4929  4929 E CarrierServices: [2] btx.a: Invalid signature found for com.android.contacts: 18B66F4996F3D01CEAD29D3A3AA81801E7950B82
01-15 17:30:49.259  4001  4001 I Finsky  : [2] ssx.s(5): Package no longer installed: org.gnucash.android
01-15 17:30:49.263  3248  3248 I ConditionProviders: Disallowing condition provider org.gnucash.android
01-15 17:30:49.264  6461  6461 E ndroid.keychai: Not starting debugger since process cannot load the jdwp agent.
01-15 17:30:49.267  3248  3350 D WifiConfigManager: Remove all networks for app ApplicationInfo{fd7618d org.gnucash.android}
01-15 17:30:49.272  3248  3264 W ActivityManager: Slow operation: 81ms so far, now at startProcess: returned from zygote!
01-15 17:30:49.273  3248  3264 W ActivityManager: Slow operation: 81ms so far, now at startProcess: done updating battery stats
01-15 17:30:49.273  3248  3264 W ActivityManager: Slow operation: 81ms so far, now at startProcess: building log message
01-15 17:30:49.273  3248  3264 I ActivityManager: Start proc 6461:com.android.keychain/1000 for service com.android.keychain/.KeyChainService
01-15 17:30:49.273  3248  3264 W ActivityManager: Slow operation: 81ms so far, now at startProcess: starting to update pids map
01-15 17:30:49.273  3248  3264 W ActivityManager: Slow operation: 81ms so far, now at startProcess: done updating pids map
01-15 17:30:49.289  4001  4204 I Finsky  : [120] goc.a(5): AIM: AppInfoManager-Perf > OnDeviceAppInfo > cacheHitCount=0, cacheMissCount=1. Missed  in cache (limit 10) : [org.gnucash.android]
01-15 17:30:49.298  3404  3416 I ndroid.systemu: Background concurrent copying GC freed 10992(642KB) AllocSpace objects, 0(0B) LOS objects, 49% free, 5MB/11MB, paused 37us total 110.071ms
01-15 17:30:49.302  4001  4001 I Finsky  : [2] adsk.c(3): Do not start WearSupportService due to Wear service optimization
01-15 17:30:49.303  4001  4204 I Finsky  : [120] glp.apply(78): AIM: Got app ownership map. App counts: . Unique apps: 0
01-15 17:30:49.303  4001  4001 I Finsky  : [2] wyc.a(8): Clearing split related stale data.
01-15 17:30:49.305  6461  6461 I ndroid.keychai: The ClassLoaderContext is a special shared library.
01-15 17:30:49.307  4001  6459 I Finsky  : [297] kwu.run(2): Frosting DB delete succeeded: true
01-15 17:30:49.309  4001  6459 I Finsky  : [297] kwu.run(2): Frosting DB delete succeeded: false
01-15 17:30:49.317  3793 24187 I ContentMaintenance: Internal cache bytes used: 0; limit: 100000000; download size: 0
01-15 17:30:49.318  3793  6488 I BlockstoreStorage: Clearing all the Blockstore Data for package org.gnucash.android [CONTEXT service_id=258 ]
01-15 17:30:49.318  3793  6488 I BlockstoreStorage: Clearing all the Blockstore Data for 1 packages [CONTEXT service_id=258 ]
01-15 17:30:49.330  4001  6493 I Finsky  : [306] njc.accept(24): IQ: handled package removed
01-15 17:30:49.337  3793 24187 I RealtimeCacheCleanup: Beginning Realtime garbage collection.
01-15 17:30:49.344  3793 24187 I RealtimeCacheCleanup: Finished Realtime garbage collection.
01-15 17:30:49.346  4001  4001 I Finsky  : [2] ssf.m(0): PackageMonitorReceiverImpl - Received: android.intent.action.PACKAGE_FULLY_REMOVED, [CtglbhYSV5C1w6jm0Xd4oPgv3PMSWESbdt7kBXBfrt8]
01-15 17:30:49.347  4001  4001 I Finsky  : [2] ssx.n(8): Invalidating cached PackageState for org.gnucash.android
01-15 17:30:49.349  3793 24187 I Icing   : doRemovePackageData org.gnucash.android
01-15 17:30:49.351  4001  4001 I Finsky  : [2] ssx.s(5): Package no longer installed: org.gnucash.android
01-15 17:30:49.354  3632  6495 I Fitness : FitCleanupIntentOperation received Intent android.intent.action.PACKAGE_REMOVED [CONTEXT service_id=17 ]
01-15 17:30:49.354  4001  6459 I Finsky  : [297] kwu.run(2): Frosting DB delete succeeded: false
01-15 17:30:49.358  4001  6504 I Finsky  : [309] at.a(48): Asset module storage cleared for package org.gnucash.android.
01-15 17:30:49.359  4001  4001 I Finsky  : [2] ssf.m(0): PackageMonitorReceiverImpl - Deduping intent android.intent.action.PACKAGE_FULLY_REMOVED
01-15 17:30:49.367  4001  4224 I Finsky  : [125] gnw.a(11): AIM: AppInfoManager-Perf > ItemModel > CacheSize=0, cacheHitCount=0, cacheMissCount=1, total appsWithNoServerDataCount=0. Missed  in cache (limit 10) : [org.gnucash.android]
01-15 17:30:49.368  4001  4224 I Finsky  : [125] goa.p(3): AIM: AppInfoManager-Perf > ItemModel > ItemStore Called 1 apps cacheOptions = USE_CACHE
01-15 17:30:49.368  4001  4224 I Finsky  : [125] gnw.a(80): AIM: ItemModel fetch - unauth(1), auth()
01-15 17:30:49.371  6508  6508 E ding:backgroun: Not starting debugger since process cannot load the jdwp agent.
01-15 17:30:49.372  3793  5060 I Icing   : IndexChimeraService.getServiceInterface callingPackage=com.google.android.gms componentName=AppsCorpus serviceId=36
01-15 17:30:49.372  3248  3264 I ActivityManager: Start proc 6508:com.android.vending:background/u0a39 for broadcast com.android.vending/com.google.android.finsky.appcontentservice.engage.broadcastreceiver.PackageChangedReceiver
01-15 17:30:49.373  3793  3793 D BoundBrokerSvc: onBind: Intent { act=com.google.android.gms.feedback.internal.IFeedbackService dat=chimera-action: cmp=com.google.android.gms/.chimera.GmsBoundBrokerService }
01-15 17:30:49.373  3793  3793 D BoundBrokerSvc: Loading bound service for intent: Intent { act=com.google.android.gms.feedback.internal.IFeedbackService dat=chimera-action: cmp=com.google.android.gms/.chimera.GmsBoundBrokerService }
01-15 17:30:49.402  6508  6508 I ding:backgroun: The ClassLoaderContext is a special shared library.
01-15 17:30:49.405  3793 24187 W Icing   : No valid account for uploading user actions
01-15 17:30:49.417  3793  5060 I Icing   : IndexChimeraService.getServiceInterface callingPackage=com.google.android.gms componentName=null serviceId=30
01-15 17:30:49.418  3793 24187 I Icing   : Usage reports ok 1, Failed Usage reports 0, indexed 0, rejected 0
01-15 17:30:49.420  3793 24187 I Icing   : Indexing com.google.android.gms-apps from com.google.android.gms
01-15 17:30:49.422  6508  6508 W ding:backgroun: JIT profile information will not be recorded: profile file does not exits.
01-15 17:30:49.422  6508  6508 W ding:backgroun: JIT profile information will not be recorded: profile file does not exits.
01-15 17:30:49.423  3793 24187 W Icing   : No valid account for uploading user actions
01-15 17:30:49.425  3114  6519 W DnsTlsSocket: SSL_connect error 5, errno=0
01-15 17:30:49.429  3793 24187 I Icing   : Usage reports ok 0, Failed Usage reports 0, indexed 0, rejected 0
01-15 17:30:49.430  3793 24187 I Icing   : Indexing done com.google.android.gms-apps
01-15 17:30:49.433  6508  6508 I Finsky:background: [2] gtc.j(6): Process created at version: 34.0.12-21 [0] [PR] 500233025
01-15 17:30:49.438  6508  6508 I ding:backgroun: Rejecting re-init on previously-failed class java.lang.Class<com.google.android.finsky.cloudsearch.PlayCloudSearchService>: java.lang.NoClassDefFoundError: Failed resolution of: Landroid/service/cloudsearch/CloudSearchService;
01-15 17:30:49.438  6508  6508 I ding:backgroun:   at java.lang.Object bod.y() (PG:3)
01-15 17:30:49.438  6508  6508 I ding:backgroun:   at java.lang.Object arfr.q() (PG:1)
01-15 17:30:49.438  6508  6508 I ding:backgroun:   at java.lang.Object gpw.q() (PG:-1)
01-15 17:30:49.438  6508  6508 I ding:backgroun:   at java.lang.Object arah.p(java.lang.Object, java.lang.Class) (PG:5)
01-15 17:30:49.438  6508  6508 I ding:backgroun:   at void hgr.h(android.app.Application) (PG:1)
01-15 17:30:49.438  6508  6508 I ding:backgroun:   at void gtc.j() (PG:11)
01-15 17:30:49.438  6508  6508 I ding:backgroun:   at void gtc.onCreate() (PG:3)
01-15 17:30:49.438  6508  6508 I ding:backgroun:   at void android.app.Instrumentation.callApplicationOnCreate(android.app.Application) (Instrumentation.java:1154)
01-15 17:30:49.438  6508  6508 I ding:backgroun:   at void android.app.ActivityThread.handleBindApplication(android.app.ActivityThread$AppBindData) (ActivityThread.java:5871)
01-15 17:30:49.438  6508  6508 I ding:backgroun:   at void android.app.ActivityThread.access$1100(android.app.ActivityThread, android.app.ActivityThread$AppBindData) (ActivityThread.java:199)
01-15 17:30:49.438  6508  6508 I ding:backgroun:   at void android.app.ActivityThread$H.handleMessage(android.os.Message) (ActivityThread.java:1650)
01-15 17:30:49.438  6508  6508 I ding:backgroun:   at void android.os.Handler.dispatchMessage(android.os.Message) (Handler.java:106)
01-15 17:30:49.438  6508  6508 I ding:backgroun:   at void android.os.Looper.loop() (Looper.java:193)
01-15 17:30:49.438  6508  6508 I ding:backgroun:   at void android.app.ActivityThread.main(java.lang.String[]) (ActivityThread.java:6669)
01-15 17:30:49.438  6508  6508 I ding:backgroun:   at java.lang.Object java.lang.reflect.Method.invoke(java.lang.Object, java.lang.Object[]) (Method.java:-2)
01-15 17:30:49.438  6508  6508 I ding:backgroun:   at void com.android.internal.os.RuntimeInit$MethodAndArgsCaller.run() (RuntimeInit.java:493)
01-15 17:30:49.438  6508  6508 I ding:backgroun:   at void com.android.internal.os.ZygoteInit.main(java.lang.String[]) (ZygoteInit.java:858)
01-15 17:30:49.438  6508  6508 I ding:backgroun: Caused by: java.lang.ClassNotFoundException: Didn't find class "android.service.cloudsearch.CloudSearchService" on path: DexPathList[[zip file "/system/framework/org.apache.http.legacy.boot.jar", zip file "/data/app/com.android.vending-Lk93hAAMn-TYjt_0ie4bzA==/base.apk", zip file "/data/app/com.android.vending-Lk93hAAMn-TYjt_0ie4bzA==/split_config.arm64_v8a.apk", zip file "/data/app/com.android.vending-Lk93hAAMn-TYjt_0ie4bzA==/split_config.en.apk"],nativeLibraryDirectories=[/data/app/com.android.vending-Lk93hAAMn-TYjt_0ie4bzA==/lib/arm64, /data/app/com.android.vending-Lk93hAAMn-TYjt_0ie4bzA==/base.apk!/lib/arm64-v8a, /data/app/com.android.vending-Lk93hAAMn-TYjt_0ie4bzA==/split_config.arm64_v8a.apk!/lib/arm64-v8a, /data/app/com.android.vending-Lk93hAAMn-TYjt_0ie4bzA==/split_config.en.apk!/lib/arm64-v8a, /system/lib64]]
01-15 17:30:49.438  6508  6508 I ding:backgroun:   at java.lang.Class dalvik.system.BaseDexClassLoader.findClass(java.lang.String) (BaseDexClassLoader.java:134)
01-15 17:30:49.438  6508  6508 I ding:backgroun:   at java.lang.Class java.lang.ClassLoader.loadClass(java.lang.String, boolean) (ClassLoader.java:379)
01-15 17:30:49.438  6508  6508 I ding:backgroun:   at java.lang.Class java.lang.ClassLoader.loadClass(java.lang.String) (ClassLoader.java:312)
01-15 17:30:49.438  6508  6508 I ding:backgroun:   at java.lang.Object bod.y() (PG:3)
01-15 17:30:49.438  6508  6508 I ding:backgroun:   at java.lang.Object arfr.q() (PG:1)
01-15 17:30:49.438  6508  6508 I ding:backgroun:   at java.lang.Object gpw.q() (PG:-1)
01-15 17:30:49.438  6508  6508 I ding:backgroun:   at java.lang.Object arah.p(java.lang.Object, java.lang.Class) (PG:5)
01-15 17:30:49.438  6508  6508 I ding:backgroun:   at void hgr.h(android.app.Application) (PG:1)
01-15 17:30:49.438  6508  6508 I ding:backgroun:   at void gtc.j() (PG:11)
01-15 17:30:49.438  6508  6508 I ding:backgroun:   at void gtc.onCreate() (PG:3)
01-15 17:30:49.438  6508  6508 I ding:backgroun:   at void android.app.Instrumentation.callApplicationOnCreate(android.app.Application) (Instrumentation.java:1154)
01-15 17:30:49.438  6508  6508 I ding:backgroun:   at void android.app.ActivityThread.handleBindApplication(android.app.ActivityThread$AppBindData) (ActivityThread.java:5871)
01-15 17:30:49.438  6508  6508 I ding:backgroun:   at void android.app.ActivityThread.access$1100(android.app.ActivityThread, android.app.ActivityThread$AppBindData) (ActivityThread.java:199)
01-15 17:30:49.438  6508  6508 I ding:backgroun:   at void android.app.ActivityThread$H.handleMessage(android.os.Message) (ActivityThread.java:1650)
01-15 17:30:49.438  6508  6508 I ding:backgroun:   at void android.os.Handler.dispatchMessage(android.os.Message) (Handler.java:106)
01-15 17:30:49.438  6508  6508 I ding:backgroun:   at void android.os.Looper.loop() (Looper.java:193)
01-15 17:30:49.438  6508  6508 I ding:backgroun:   at void android.app.ActivityThread.main(java.lang.String[]) (ActivityThread.java:6669)
01-15 17:30:49.438  6508  6508 I ding:backgroun:   at java.lang.Object java.lang.reflect.Method.invoke(java.lang.Object, java.lang.Object[]) (Method.java:-2)
01-15 17:30:49.438  6508  6508 I ding:backgroun:   at void com.android.internal.os.RuntimeInit$MethodAndArgsCaller.run() (RuntimeInit.java:493)
01-15 17:30:49.438  6508  6508 I ding:backgroun:   at void com.android.internal.os.ZygoteInit.main(java.lang.String[]) (ZygoteInit.java:858)
01-15 17:30:49.438  6508  6508 I ding:backgroun: 
01-15 17:30:49.438  6508  6508 I ding:backgroun: Rejecting re-init on previously-failed class java.lang.Class<com.google.android.finsky.cloudsearch.PlayCloudSearchService>: java.lang.NoClassDefFoundError: Failed resolution of: Landroid/service/cloudsearch/CloudSearchService;
01-15 17:30:49.438  6508  6508 I ding:backgroun:   at java.lang.Object bod.y() (PG:3)
01-15 17:30:49.438  6508  6508 I ding:backgroun:   at java.lang.Object arfr.q() (PG:1)
01-15 17:30:49.438  6508  6508 I ding:backgroun:   at java.lang.Object gpw.q() (PG:-1)
01-15 17:30:49.438  6508  6508 I ding:backgroun:   at java.lang.Object arah.p(java.lang.Object, java.lang.Class) (PG:5)
01-15 17:30:49.438  6508  6508 I ding:backgroun:   at void hgr.h(android.app.Application) (PG:1)
01-15 17:30:49.438  6508  6508 I ding:backgroun:   at void gtc.j() (PG:11)
01-15 17:30:49.438  6508  6508 I ding:backgroun:   at void gtc.onCreate() (PG:3)
01-15 17:30:49.438  6508  6508 I ding:backgroun:   at void android.app.Instrumentation.callApplicationOnCreate(android.app.Application) (Instrumentation.java:1154)
01-15 17:30:49.438  6508  6508 I ding:backgroun:   at void android.app.ActivityThread.handleBindApplication(android.app.ActivityThread$AppBindData) (ActivityThread.java:5871)
01-15 17:30:49.438  6508  6508 I ding:backgroun:   at void android.app.ActivityThread.access$1100(android.app.ActivityThread, android.app.ActivityThread$AppBindData) (ActivityThread.java:199)
01-15 17:30:49.438  6508  6508 I ding:backgroun:   at void android.app.ActivityThread$H.handleMessage(android.os.Message) (ActivityThread.java:1650)
01-15 17:30:49.438  6508  6508 I ding:backgroun:   at void android.os.Handler.dispatchMessage(android.os.Message) (Handler.java:106)
01-15 17:30:49.438  6508  6508 I ding:backgroun:   at void android.os.Looper.loop() (Looper.java:193)
01-15 17:30:49.438  6508  6508 I ding:backgroun:   at void android.app.ActivityThread.main(java.lang.String[]) (ActivityThread.java:6669)
01-15 17:30:49.438  6508  6508 I ding:backgroun:   at java.lang.Object java.lang.reflect.Method.invoke(java.lang.Object, java.lang.Object[]) (Method.java:-2)
01-15 17:30:49.438  6508  6508 I ding:backgroun:   at void com.android.internal.os.RuntimeInit$MethodAndArgsCaller.run() (RuntimeInit.java:493)
01-15 17:30:49.438  6508  6508 I ding:backgroun:   at void com.android.internal.os.ZygoteInit.main(java.lang.String[]) (ZygoteInit.java:858)
01-15 17:30:49.438  6508  6508 I ding:backgroun: Caused by: java.lang.ClassNotFoundException: Didn't find class "android.service.cloudsearch.CloudSearchService" on path: DexPathList[[zip file "/system/framework/org.apache.http.legacy.boot.jar", zip file "/data/app/com.android.vending-Lk93hAAMn-TYjt_0ie4bzA==/base.apk", zip file "/data/app/com.android.vending-Lk93hAAMn-TYjt_0ie4bzA==/split_config.arm64_v8a.apk", zip file "/data/app/com.android.vending-Lk93hAAMn-TYjt_0ie4bzA==/split_config.en.apk"],nativeLibraryDirectories=[/data/app/com.android.vending-Lk93hAAMn-TYjt_0ie4bzA==/lib/arm64, /data/app/com.android.vending-Lk93hAAMn-TYjt_0ie4bzA==/base.apk!/lib/arm64-v8a, /data/app/com.android.vending-Lk93hAAMn-TYjt_0ie4bzA==/split_config.arm64_v8a.apk!/lib/arm64-v8a, /data/app/com.android.vending-Lk93hAAMn-TYjt_0ie4bzA==/split_config.en.apk!/lib/arm64-v8a, /system/lib64]]
01-15 17:30:49.438  6508  6508 I ding:backgroun:   at java.lang.Class dalvik.system.BaseDexClassLoader.findClass(java.lang.String) (BaseDexClassLoader.java:134)
01-15 17:30:49.438  6508  6508 I ding:backgroun:   at java.lang.Class java.lang.ClassLoader.loadClass(java.lang.String, boolean) (ClassLoader.java:379)
01-15 17:30:49.438  6508  6508 I ding:backgroun:   at java.lang.Class java.lang.ClassLoader.loadClass(java.lang.String) (ClassLoader.java:312)
01-15 17:30:49.438  6508  6508 I ding:backgroun:   at java.lang.Object bod.y() (PG:3)
01-15 17:30:49.438  6508  6508 I ding:backgroun:   at java.lang.Object arfr.q() (PG:1)
01-15 17:30:49.438  6508  6508 I ding:backgroun:   at java.lang.Object gpw.q() (PG:-1)
01-15 17:30:49.438  6508  6508 I ding:backgroun:   at java.lang.Object arah.p(java.lang.Object, java.lang.Class) (PG:5)
01-15 17:30:49.438  6508  6508 I ding:backgroun:   at void hgr.h(android.app.Application) (PG:1)
01-15 17:30:49.438  6508  6508 I ding:backgroun:   at void gtc.j() (PG:11)
01-15 17:30:49.438  6508  6508 I ding:backgroun:   at void gtc.onCreate() (PG:3)
01-15 17:30:49.438  6508  6508 I ding:backgroun:   at void android.app.Instrumentation.callApplicationOnCreate(android.app.Application) (Instrumentation.java:1154)
01-15 17:30:49.438  6508  6508 I ding:backgroun:   at void android.app.ActivityThread.handleBindApplication(android.app.ActivityThread$AppBindData) (ActivityThread.java:5871)
01-15 17:30:49.438  6508  6508 I ding:backgroun:   at void android.app.ActivityThread.access$1100(android.app.ActivityThread, android.app.ActivityThread$AppBindData) (ActivityThread.java:199)
01-15 17:30:49.438  6508  6508 I ding:backgroun:   at void android.app.ActivityThread$H.handleMessage(android.os.Message) (ActivityThread.java:1650)
01-15 17:30:49.438  6508  6508 I ding:backgroun:   at void android.os.Handler.dispatchMessage(android.os.Message) (Handler.java:106)
01-15 17:30:49.438  6508  6508 I ding:backgroun:   at void android.os.Looper.loop() (Looper.java:193)
01-15 17:30:49.438  6508  6508 I ding:backgroun:   at void android.app.ActivityThread.main(java.lang.String[]) (ActivityThread.java:6669)
01-15 17:30:49.438  6508  6508 I ding:backgroun:   at java.lang.Object java.lang.reflect.Method.invoke(java.lang.Object, java.lang.Object[]) (Method.java:-2)
01-15 17:30:49.438  6508  6508 I ding:backgroun:   at void com.android.internal.os.RuntimeInit$MethodAndArgsCaller.run() (RuntimeInit.java:493)
01-15 17:30:49.438  6508  6508 I ding:backgroun:   at void com.android.internal.os.ZygoteInit.main(java.lang.String[]) (ZygoteInit.java:858)
01-15 17:30:49.438  6508  6508 I ding:backgroun: 
01-15 17:30:49.438  6508  6508 I ding:backgroun: Rejecting re-init on previously-failed class java.lang.Class<com.google.android.finsky.cloudsearch.PlayCloudSearchService>: java.lang.NoClassDefFoundError: Failed resolution of: Landroid/service/cloudsearch/CloudSearchService;
01-15 17:30:49.438  6508  6508 I ding:backgroun:   at java.lang.Object bod.y() (PG:3)
01-15 17:30:49.438  6508  6508 I ding:backgroun:   at java.lang.Object arfr.q() (PG:1)
01-15 17:30:49.438  6508  6508 I ding:backgroun:   at java.lang.Object gpw.q() (PG:-1)
01-15 17:30:49.438  6508  6508 I ding:backgroun:   at java.lang.Object arah.p(java.lang.Object, java.lang.Class) (PG:5)
01-15 17:30:49.438  6508  6508 I ding:backgroun:   at void hgr.h(android.app.Application) (PG:1)
01-15 17:30:49.438  6508  6508 I ding:backgroun:   at void gtc.j() (PG:11)
01-15 17:30:49.438  6508  6508 I ding:backgroun:   at void gtc.onCreate() (PG:3)
01-15 17:30:49.438  6508  6508 I ding:backgroun:   at void android.app.Instrumentation.callApplicationOnCreate(android.app.Application) (Instrumentation.java:1154)
01-15 17:30:49.438  6508  6508 I ding:backgroun:   at void android.app.ActivityThread.handleBindApplication(android.app.ActivityThread$AppBindData) (ActivityThread.java:5871)
01-15 17:30:49.438  6508  6508 I ding:backgroun:   at void android.app.ActivityThread.access$1100(android.app.ActivityThread, android.app.ActivityThread$AppBindData) (ActivityThread.java:199)
01-15 17:30:49.438  6508  6508 I ding:backgroun:   at void android.app.ActivityThread$H.handleMessage(android.os.Message) (ActivityThread.java:1650)
01-15 17:30:49.438  6508  6508 I ding:backgroun:   at void android.os.Handler.dispatchMessage(android.os.Message) (Handler.java:106)
01-15 17:30:49.438  6508  6508 I ding:backgroun:   at void android.os.Looper.loop() (Looper.java:193)
01-15 17:30:49.438  6508  6508 I ding:backgroun:   at void android.app.ActivityThread.main(java.lang.String[]) (ActivityThread.java:6669)
01-15 17:30:49.438  6508  6508 I ding:backgroun:   at java.lang.Object java.lang.reflect.Method.invoke(java.lang.Object, java.lang.Object[]) (Method.java:-2)
01-15 17:30:49.438  6508  6508 I ding:backgroun:   at void com.android.internal.os.RuntimeInit$MethodAndArgsCaller.run() (RuntimeInit.java:493)
01-15 17:30:49.438  6508  6508 I ding:backgroun:   at void com.android.internal.os.ZygoteInit.main(java.lang.String[]) (ZygoteInit.java:858)
01-15 17:30:49.438  6508  6508 I ding:backgroun: Caused by: java.lang.ClassNotFoundException: Didn't find class "android.service.cloudsearch.CloudSearchService" on path: DexPathList[[zip file "/system/framework/org.apache.http.legacy.boot.jar", zip file "/data/app/com.android.vending-Lk93hAAMn-TYjt_0ie4bzA==/base.apk", zip file "/data/app/com.android.vending-Lk93hAAMn-TYjt_0ie4bzA==/split_config.arm64_v8a.apk", zip file "/data/app/com.android.vending-Lk93hAAMn-TYjt_0ie4bzA==/split_config.en.apk"],nativeLibraryDirectories=[/data/app/com.android.vending-Lk93hAAMn-TYjt_0ie4bzA==/lib/arm64, /data/app/com.android.vending-Lk93hAAMn-TYjt_0ie4bzA==/base.apk!/lib/arm64-v8a, /data/app/com.android.vending-Lk93hAAMn-TYjt_0ie4bzA==/split_config.arm64_v8a.apk!/lib/arm64-v8a, /data/app/com.android.vending-Lk93hAAMn-TYjt_0ie4bzA==/split_config.en.apk!/lib/arm64-v8a, /system/lib64]]
01-15 17:30:49.438  6508  6508 I ding:backgroun:   at java.lang.Class dalvik.system.BaseDexClassLoader.findClass(java.lang.String) (BaseDexClassLoader.java:134)
01-15 17:30:49.438  6508  6508 I ding:backgroun:   at java.lang.Class java.lang.ClassLoader.loadClass(java.lang.String, boolean) (ClassLoader.java:379)
01-15 17:30:49.438  6508  6508 I ding:backgroun:   at java.lang.Class java.lang.ClassLoader.loadClass(java.lang.String) (ClassLoader.java:312)
01-15 17:30:49.438  6508  6508 I ding:backgroun:   at java.lang.Object bod.y() (PG:3)
01-15 17:30:49.438  6508  6508 I ding:backgroun:   at java.lang.Object arfr.q() (PG:1)
01-15 17:30:49.438  6508  6508 I ding:backgroun:   at java.lang.Object gpw.q() (PG:-1)
01-15 17:30:49.438  6508  6508 I ding:backgroun:   at java.lang.Object arah.p(java.lang.Object, java.lang.Class) (PG:5)
01-15 17:30:49.438  6508  6508 I ding:backgroun:   at void hgr.h(android.app.Application) (PG:1)
01-15 17:30:49.438  6508  6508 I ding:backgroun:   at void gtc.j() (PG:11)
01-15 17:30:49.438  6508  6508 I ding:backgroun:   at void gtc.onCreate() (PG:3)
01-15 17:30:49.438  6508  6508 I ding:backgroun:   at void android.app.Instrumentation.callApplicationOnCreate(android.app.Application) (Instrumentation.java:1154)
01-15 17:30:49.438  6508  6508 I ding:backgroun:   at void android.app.ActivityThread.handleBindApplication(android.app.ActivityThread$AppBindData) (ActivityThread.java:5871)
01-15 17:30:49.438  6508  6508 I ding:backgroun:   at void android.app.ActivityThread.access$1100(android.app.ActivityThread, android.app.ActivityThread$AppBindData) (ActivityThread.java:199)
01-15 17:30:49.438  6508  6508 I ding:backgroun:   at void android.app.ActivityThread$H.handleMessage(android.os.Message) (ActivityThread.java:1650)
01-15 17:30:49.438  6508  6508 I ding:backgroun:   at void android.os.Handler.dispatchMessage(android.os.Message) (Handler.java:106)
01-15 17:30:49.438  6508  6508 I ding:backgroun:   at void android.os.Looper.loop() (Looper.java:193)
01-15 17:30:49.438  6508  6508 I ding:backgroun:   at void android.app.ActivityThread.main(java.lang.String[]) (ActivityThread.java:6669)
01-15 17:30:49.438  6508  6508 I ding:backgroun:   at java.lang.Object java.lang.reflect.Method.invoke(java.lang.Object, java.lang.Object[]) (Method.java:-2)
01-15 17:30:49.438  6508  6508 I ding:backgroun:   at void com.android.internal.os.RuntimeInit$MethodAndArgsCaller.run() (RuntimeInit.java:493)
01-15 17:30:49.439  6508  6508 I ding:backgroun:   at void com.android.internal.os.ZygoteInit.main(java.lang.String[]) (ZygoteInit.java:858)
01-15 17:30:49.439  6508  6508 I ding:backgroun: 
01-15 17:30:49.466  6508  6508 I Finsky:background: [2] ufn.o(20): Finished reading experiment flags from file [0tGUNCGIkbk4o6-fQ335kUYSKwVj4lusnHT-A5Dsy08].
01-15 17:30:49.482  3114  6519 W DnsTlsSocket: SSL_connect error 5, errno=0
01-15 17:30:49.488  6508  6508 I Finsky:background: [2] ufn.o(20): Finished reading experiment flags from file [Se-xCc4LzNyh3UrKMIU2sUf-PUKz4oQEbpKZDMuaFno].
01-15 17:30:49.503  6508  6535 I ding:backgroun: Rejecting re-init on previously-failed class java.lang.Class<djn>: java.lang.NoClassDefFoundError: Failed resolution of: Landroid/view/OnReceiveContentListener;
01-15 17:30:49.503  6508  6535 I ding:backgroun:   at java.lang.Object hha.c() (PG:135)
01-15 17:30:49.503  6508  6535 I ding:backgroun:   at java.lang.Object hha.b() (PG:109)
01-15 17:30:49.503  6508  6535 I ding:backgroun:   at java.lang.Object argc.b() (PG:1)
01-15 17:30:49.503  6508  6535 I ding:backgroun:   at java.lang.Object hha.c() (PG:137)
01-15 17:30:49.503  6508  6535 I ding:backgroun:   at java.lang.Object hha.b() (PG:109)
01-15 17:30:49.503  6508  6535 I ding:backgroun:   at java.lang.Object argc.b() (PG:1)
01-15 17:30:49.503  6508  6535 I ding:backgroun:   at java.lang.Object gkm.b(java.lang.Object) (PG:3)
01-15 17:30:49.503  6508  6535 I ding:backgroun:   at void asmh.w(java.lang.Object) (PG:5)
01-15 17:30:49.503  6508  6535 I ding:backgroun:   at void assv.run() (PG:8)
01-15 17:30:49.503  6508  6535 I ding:backgroun:   at void java.util.concurrent.ThreadPoolExecutor.runWorker(java.util.concurrent.ThreadPoolExecutor$Worker) (ThreadPoolExecutor.java:1167)
01-15 17:30:49.503  6508  6535 I ding:backgroun:   at void java.util.concurrent.ThreadPoolExecutor$Worker.run() (ThreadPoolExecutor.java:641)
01-15 17:30:49.503  6508  6535 I ding:backgroun:   at void iax.run() (PG:8)
01-15 17:30:49.503  6508  6535 I ding:backgroun:   at void java.lang.Thread.run() (Thread.java:764)
01-15 17:30:49.503  6508  6535 I ding:backgroun: Caused by: java.lang.ClassNotFoundException: Didn't find class "android.view.OnReceiveContentListener" on path: DexPathList[[zip file "/system/framework/org.apache.http.legacy.boot.jar", zip file "/data/app/com.android.vending-Lk93hAAMn-TYjt_0ie4bzA==/base.apk", zip file "/data/app/com.android.vending-Lk93hAAMn-TYjt_0ie4bzA==/split_config.arm64_v8a.apk", zip file "/data/app/com.android.vending-Lk93hAAMn-TYjt_0ie4bzA==/split_config.en.apk"],nativeLibraryDirectories=[/data/app/com.android.vending-Lk93hAAMn-TYjt_0ie4bzA==/lib/arm64, /data/app/com.android.vending-Lk93hAAMn-TYjt_0ie4bzA==/base.apk!/lib/arm64-v8a, /data/app/com.android.vending-Lk93hAAMn-TYjt_0ie4bzA==/split_config.arm64_v8a.apk!/lib/arm64-v8a, /data/app/com.android.vending-Lk93hAAMn-TYjt_0ie4bzA==/split_config.en.apk!/lib/arm64-v8a, /system/lib64]]
01-15 17:30:49.503  6508  6535 I ding:backgroun:   at java.lang.Class dalvik.system.BaseDexClassLoader.findClass(java.lang.String) (BaseDexClassLoader.java:134)
01-15 17:30:49.503  6508  6535 I ding:backgroun:   at java.lang.Class java.lang.ClassLoader.loadClass(java.lang.String, boolean) (ClassLoader.java:379)
01-15 17:30:49.503  6508  6535 I ding:backgroun:   at java.lang.Class java.lang.ClassLoader.loadClass(java.lang.String) (ClassLoader.java:312)
01-15 17:30:49.503  6508  6535 I ding:backgroun:   at java.lang.Object hha.c() (PG:135)
01-15 17:30:49.504  6508  6535 I ding:backgroun:   at java.lang.Object hha.b() (PG:109)
01-15 17:30:49.504  6508  6535 I ding:backgroun:   at java.lang.Object argc.b() (PG:1)
01-15 17:30:49.504  6508  6535 I ding:backgroun:   at java.lang.Object hha.c() (PG:137)
01-15 17:30:49.504  6508  6535 I ding:backgroun:   at java.lang.Object hha.b() (PG:109)
01-15 17:30:49.504  6508  6535 I ding:backgroun:   at java.lang.Object argc.b() (PG:1)
01-15 17:30:49.504  6508  6535 I ding:backgroun:   at java.lang.Object gkm.b(java.lang.Object) (PG:3)
01-15 17:30:49.504  6508  6535 I ding:backgroun:   at void asmh.w(java.lang.Object) (PG:5)
01-15 17:30:49.504  6508  6535 I ding:backgroun:   at void assv.run() (PG:8)
01-15 17:30:49.504  6508  6535 I ding:backgroun:   at void java.util.concurrent.ThreadPoolExecutor.runWorker(java.util.concurrent.ThreadPoolExecutor$Worker) (ThreadPoolExecutor.java:1167)
01-15 17:30:49.504  6508  6535 I ding:backgroun:   at void java.util.concurrent.ThreadPoolExecutor$Worker.run() (ThreadPoolExecutor.java:641)
01-15 17:30:49.504  6508  6535 I ding:backgroun:   at void iax.run() (PG:8)
01-15 17:30:49.504  6508  6535 I ding:backgroun:   at void java.lang.Thread.run() (Thread.java:764)
01-15 17:30:49.504  6508  6535 I ding:backgroun: 
01-15 17:30:49.504  6508  6535 I ding:backgroun: Rejecting re-init on previously-failed class java.lang.Class<djn>: java.lang.NoClassDefFoundError: Failed resolution of: Landroid/view/OnReceiveContentListener;
01-15 17:30:49.504  6508  6535 I ding:backgroun:   at java.lang.Object hha.c() (PG:135)
01-15 17:30:49.504  6508  6535 I ding:backgroun:   at java.lang.Object hha.b() (PG:109)
01-15 17:30:49.504  6508  6535 I ding:backgroun:   at java.lang.Object argc.b() (PG:1)
01-15 17:30:49.504  6508  6535 I ding:backgroun:   at java.lang.Object hha.c() (PG:137)
01-15 17:30:49.504  6508  6535 I ding:backgroun:   at java.lang.Object hha.b() (PG:109)
01-15 17:30:49.504  6508  6535 I ding:backgroun:   at java.lang.Object argc.b() (PG:1)
01-15 17:30:49.504  6508  6535 I ding:backgroun:   at java.lang.Object gkm.b(java.lang.Object) (PG:3)
01-15 17:30:49.504  6508  6535 I ding:backgroun:   at void asmh.w(java.lang.Object) (PG:5)
01-15 17:30:49.504  6508  6535 I ding:backgroun:   at void assv.run() (PG:8)
01-15 17:30:49.504  6508  6535 I ding:backgroun:   at void java.util.concurrent.ThreadPoolExecutor.runWorker(java.util.concurrent.ThreadPoolExecutor$Worker) (ThreadPoolExecutor.java:1167)
01-15 17:30:49.504  6508  6535 I ding:backgroun:   at void java.util.concurrent.ThreadPoolExecutor$Worker.run() (ThreadPoolExecutor.java:641)
01-15 17:30:49.504  6508  6535 I ding:backgroun:   at void iax.run() (PG:8)
01-15 17:30:49.504  6508  6535 I ding:backgroun:   at void java.lang.Thread.run() (Thread.java:764)
01-15 17:30:49.504  6508  6535 I ding:backgroun: Caused by: java.lang.ClassNotFoundException: Didn't find class "android.view.OnReceiveContentListener" on path: DexPathList[[zip file "/system/framework/org.apache.http.legacy.boot.jar", zip file "/data/app/com.android.vending-Lk93hAAMn-TYjt_0ie4bzA==/base.apk", zip file "/data/app/com.android.vending-Lk93hAAMn-TYjt_0ie4bzA==/split_config.arm64_v8a.apk", zip file "/data/app/com.android.vending-Lk93hAAMn-TYjt_0ie4bzA==/split_config.en.apk"],nativeLibraryDirectories=[/data/app/com.android.vending-Lk93hAAMn-TYjt_0ie4bzA==/lib/arm64, /data/app/com.android.vending-Lk93hAAMn-TYjt_0ie4bzA==/base.apk!/lib/arm64-v8a, /data/app/com.android.vending-Lk93hAAMn-TYjt_0ie4bzA==/split_config.arm64_v8a.apk!/lib/arm64-v8a, /data/app/com.android.vending-Lk93hAAMn-TYjt_0ie4bzA==/split_config.en.apk!/lib/arm64-v8a, /system/lib64]]
01-15 17:30:49.504  6508  6535 I ding:backgroun:   at java.lang.Class dalvik.system.BaseDexClassLoader.findClass(java.lang.String) (BaseDexClassLoader.java:134)
01-15 17:30:49.504  6508  6535 I ding:backgroun:   at java.lang.Class java.lang.ClassLoader.loadClass(java.lang.String, boolean) (ClassLoader.java:379)
01-15 17:30:49.504  6508  6535 I ding:backgroun:   at java.lang.Class java.lang.ClassLoader.loadClass(java.lang.String) (ClassLoader.java:312)
01-15 17:30:49.504  6508  6535 I ding:backgroun:   at java.lang.Object hha.c() (PG:135)
01-15 17:30:49.504  6508  6535 I ding:backgroun:   at java.lang.Object hha.b() (PG:109)
01-15 17:30:49.504  6508  6535 I ding:backgroun:   at java.lang.Object argc.b() (PG:1)
01-15 17:30:49.504  6508  6535 I ding:backgroun:   at java.lang.Object hha.c() (PG:137)
01-15 17:30:49.504  6508  6535 I ding:backgroun:   at java.lang.Object hha.b() (PG:109)
01-15 17:30:49.504  6508  6535 I ding:backgroun:   at java.lang.Object argc.b() (PG:1)
01-15 17:30:49.504  6508  6535 I ding:backgroun:   at java.lang.Object gkm.b(java.lang.Object) (PG:3)
01-15 17:30:49.504  6508  6535 I ding:backgroun:   at void asmh.w(java.lang.Object) (PG:5)
01-15 17:30:49.504  6508  6535 I ding:backgroun:   at void assv.run() (PG:8)
01-15 17:30:49.504  6508  6535 I ding:backgroun:   at void java.util.concurrent.ThreadPoolExecutor.runWorker(java.util.concurrent.ThreadPoolExecutor$Worker) (ThreadPoolExecutor.java:1167)
01-15 17:30:49.504  6508  6535 I ding:backgroun:   at void java.util.concurrent.ThreadPoolExecutor$Worker.run() (ThreadPoolExecutor.java:641)
01-15 17:30:49.504  6508  6535 I ding:backgroun:   at void iax.run() (PG:8)
01-15 17:30:49.504  6508  6535 I ding:backgroun:   at void java.lang.Thread.run() (Thread.java:764)
01-15 17:30:49.504  6508  6535 I ding:backgroun: 
01-15 17:30:49.507  6508  6535 W ding:backgroun: Accessing hidden field Ljava/util/Collections$SynchronizedCollection;->mutex:Ljava/lang/Object; (dark greylist, reflection)
01-15 17:30:49.507  6508  6535 W ding:backgroun: Accessing hidden method Ljava/util/Collections$SynchronizedSet;-><init>(Ljava/util/Set;Ljava/lang/Object;)V (dark greylist, reflection)
01-15 17:30:49.507  6508  6535 W ding:backgroun: Accessing hidden method Ljava/util/Collections$SynchronizedCollection;-><init>(Ljava/util/Collection;Ljava/lang/Object;)V (dark greylist, reflection)
01-15 17:30:49.534  3793  3793 D BoundBrokerSvc: onBind: Intent { act=com.google.android.gms.common.BIND_SHARED_PREFS pkg=com.google.android.gms }
01-15 17:30:49.534  3793  3793 D BoundBrokerSvc: Loading bound service for intent: Intent { act=com.google.android.gms.common.BIND_SHARED_PREFS pkg=com.google.android.gms }
01-15 17:30:49.537  3793  3793 D BoundBrokerSvc: onUnbind: Intent { act=com.google.android.gms.common.BIND_SHARED_PREFS pkg=com.google.android.gms }
01-15 17:30:49.594  4001  4225 I Finsky  : [126] vem.accept(56): SCH: Scheduling phonesky job Id: 12-1, CT: 1673821849353, Constraints: [{ L: 15000, D: 86400000, C: 1, I: 1, N: 1 }]
01-15 17:30:49.598  4001  4204 I Finsky  : [120] ved.apply(9): SCH: Scheduling 1 system job(s)
01-15 17:30:49.598  4001  4204 I Finsky  : [120] vnt.d(4): SCH: Scheduling system job Id: 9310, L: 14755, D: 67842346, C: false, I: false, N: 1
01-15 17:30:49.602  4001  4195 I Finsky  : [119] asr.aaa(10): [ContentSync] finished, scheduled=true
01-15 17:30:50.034  3248  3286 I PackageManager.DexOptimizer: Running dexopt (dexoptNeeded=1) on: /data/app/org.odk.collect.android-1fsomaHUckIUXKdFmSOhxQ==/base.apk pkg=org.odk.collect.android isa=arm64 dexoptFlags=boot_complete,profile_guided,public,enable_hidden_api_checks targetFilter=speed-profile oatDir=/data/app/org.odk.collect.android-1fsomaHUckIUXKdFmSOhxQ==/oat classLoaderContext=PCL[/system/framework/org.apache.http.legacy.boot.jar:/system/framework/com.google.android.maps.jar]
01-15 17:30:50.037  3108  3377 V installed: DexInv: --- BEGIN '/data/app/org.odk.collect.android-1fsomaHUckIUXKdFmSOhxQ==/base.apk' ---
01-15 17:30:50.047  6565  6565 I dex2oat : /system/bin/dex2oat --input-vdex-fd=-1 --output-vdex-fd=8 --compiler-filter=speed-profile --classpath-dir=/data/app/org.odk.collect.android-1fsomaHUckIUXKdFmSOhxQ== --class-loader-context=PCL[/system/framework/org.apache.http.legacy.boot.jar:/system/framework/com.google.android.maps.jar] --generate-mini-debug-info --compact-dex-level=none --compilation-reason=install
01-15 17:30:50.047  6565  6565 E cutils-trace: Error opening trace file: No such file or directory (2)
01-15 17:30:50.220  3248  3320 I GnssLocationProvider: WakeLock acquired by sendMessage(REPORT_SV_STATUS, 0, com.android.server.location.GnssLocationProvider$SvStatusInfo@a6d39bd)
01-15 17:30:50.220  3248  3261 I GnssLocationProvider: WakeLock released by handleMessage(REPORT_SV_STATUS, 0, com.android.server.location.GnssLocationProvider$SvStatusInfo@a6d39bd)
01-15 17:30:50.506  6565  6565 I dex2oat : Explicit concurrent copying GC freed 28632(8MB) AllocSpace objects, 0(0B) LOS objects, 99% free, 1136B/1537KB, paused 20us total 1.989ms
01-15 17:30:50.590  6565  6565 I dex2oat : dex2oat took 544.215ms (961.613ms cpu) (threads: 4) arena alloc=147KB (150816B) java alloc=17KB (17520B) native alloc=6MB (7334520B) free=7MB (7345544B)
01-15 17:30:50.594  3108  3377 V installed: DexInv: --- END '/data/app/org.odk.collect.android-1fsomaHUckIUXKdFmSOhxQ==/base.apk' (success) ---
01-15 17:30:50.595  3248  3286 V BackupManagerService: restoreAtInstall pkg=org.odk.collect.android token=5 restoreSet=0
01-15 17:30:50.596  3248  3286 V BackupManagerService: Finishing install immediately
01-15 17:30:50.610  3108  3377 E         : Couldn't opendir /data/app/vmdl358132937.tmp: No such file or directory
01-15 17:30:50.610  3108  3377 E installd: Failed to delete /data/app/vmdl358132937.tmp: No such file or directory
01-15 17:30:50.617  4001  4001 I Finsky  : [2] ssf.m(0): PackageMonitorReceiverImpl - Received: android.intent.action.PACKAGE_ADDED, [looijjRKOtGW1nzoWHe2NrqA522_MCPQVhrRScwVKS0]
01-15 17:30:50.617  4001  4001 I Finsky  : [2] ssx.n(8): Invalidating cached PackageState for org.odk.collect.android
01-15 17:30:50.617  3822  3822 I GsaVoiceInteractionSrv: (REDACTED) O received %s
01-15 17:30:50.620  3248  3262 W BroadcastQueue: Background execution not allowed: receiving Intent { act=android.intent.action.PACKAGE_ADDED dat=package:org.odk.collect.android flg=0x4000010 (has extras) } to com.android.musicfx/.Compatibility$Receiver
01-15 17:30:50.622  3248  3262 W BroadcastQueue: Background execution not allowed: receiving Intent { act=android.intent.action.PACKAGE_ADDED dat=package:org.odk.collect.android flg=0x4000010 (has extras) } to com.android.vending/com.google.android.finsky.packagemonitor.impl.PackageMonitorReceiverImpl$RegisteredReceiver
01-15 17:30:50.622  3248  3262 W BroadcastQueue: Background execution not allowed: receiving Intent { act=android.intent.action.PACKAGE_ADDED dat=package:org.odk.collect.android flg=0x4000010 (has extras) } to com.google.android.gms/.games.chimera.GamesSystemBroadcastReceiverProxy
01-15 17:30:50.622  3248  3262 W BroadcastQueue: Background execution not allowed: receiving Intent { act=android.intent.action.PACKAGE_ADDED dat=package:org.odk.collect.android flg=0x4000010 (has extras) } to com.google.android.gms/.gass.chimera.PackageChangeBroadcastReceiver
01-15 17:30:50.622  3248  3262 W BroadcastQueue: Background execution not allowed: receiving Intent { act=android.intent.action.PACKAGE_ADDED dat=package:org.odk.collect.android flg=0x4000010 (has extras) } to com.google.android.gms/.chimera.GmsIntentOperationService$PersistentTrustedReceiver
01-15 17:30:50.622  3248  3262 W BroadcastQueue: Background execution not allowed: receiving Intent { act=android.intent.action.PACKAGE_ADDED dat=package:org.odk.collect.android flg=0x4000010 (has extras) } to com.google.android.googlequicksearchbox/com.google.android.apps.gsa.googlequicksearchbox.GelStubAppWatcher
01-15 17:30:50.622  3248  3262 W BroadcastQueue: Background execution not allowed: receiving Intent { act=android.intent.action.PACKAGE_ADDED dat=package:org.odk.collect.android flg=0x4000010 (has extras) } to com.google.android.ims/.receivers.RcsAutoStartReceiver
01-15 17:30:50.627  4929  4929 I CarrierServices: [2] RcsAutoStartReceiver.b: carrierServicesJibeServiceEnabled changed from true to true
01-15 17:30:50.627  4929  4929 I CarrierServices: [2] RcsAutoStartReceiver.b: enableRcs changed from true to true
01-15 17:30:50.628  4929  4929 I CarrierServices: [2] RcsAutoStartReceiver.b: RcsAutoStartReceiver triggered. Fetching RCS State. Action: android.intent.action.PACKAGE_ADDED
01-15 17:30:50.636  4929  4929 I CarrierServices: [2] aws.a: Migration binding to RcsMigrationService
01-15 17:30:50.637  4001  6459 I Finsky  : [297] kwu.run(3): Wrote row to frosting DB: 150
01-15 17:30:50.640 26595 26595 I Bugle   : returning RCS state provider.
01-15 17:30:50.646  3461  3461 D CarrierSvcBindHelper: No carrier app for: 0
01-15 17:30:50.648  3632  6494 W GCM     : Unexpected forwarded intent: Intent { act=android.intent.action.PACKAGE_ADDED dat=package:org.odk.collect.android flg=0x4000010 pkg=com.google.android.gms cmp=com.google.android.gms/.chimera.PersistentIntentOperationService (has extras) }
01-15 17:30:50.650  4001  4225 I Finsky  : [126] goc.a(5): AIM: AppInfoManager-Perf > OnDeviceAppInfo > cacheHitCount=0, cacheMissCount=1. Missed  in cache (limit 10) : [org.odk.collect.android]
01-15 17:30:50.650  4001  4225 I Finsky  : [126] glp.apply(78): AIM: Got app ownership map. App counts: . Unique apps: 0
01-15 17:30:50.651  3793  6488 I Auth    : [SupervisedAccountIntentOperation] onHandleIntent(): android.intent.action.PACKAGE_ADDED
01-15 17:30:50.652  3793  6496 I BlockstoreStorage: Clearing Blockstore Data for package org.odk.collect.android [CONTEXT service_id=258 ]
01-15 17:30:50.653  3793  6496 I BlockstoreStorage: Keyless data not found or its IsLastInstallationData = false. [CONTEXT service_id=258 ]
01-15 17:30:50.654 26595 31359 I CarrierServices: [346] inq.shouldUseCarrierServicesApkForV1Apis: Checking if using CarrierServices.apk is possible. Enabled: true, isAtLeastM: true, runningInsideBugle: true
01-15 17:30:50.656  3793  3793 D BoundBrokerSvc: onBind: Intent { act=com.google.android.gms.common.BIND_SHARED_PREFS pkg=com.google.android.gms }
01-15 17:30:50.656  3793  3793 D BoundBrokerSvc: Loading bound service for intent: Intent { act=com.google.android.gms.common.BIND_SHARED_PREFS pkg=com.google.android.gms }
01-15 17:30:50.657  3632  6498 W GCM     : Unexpected forwarded intent: Intent { act=android.intent.action.PACKAGE_ADDED dat=package:org.odk.collect.android flg=0x4000010 pkg=com.google.android.gms cmp=com.google.android.gms/.chimera.PersistentIntentOperationService (has extras) }
01-15 17:30:50.659  4001  6459 I Finsky  : [297] kwu.run(3): Wrote row to frosting DB: 151
01-15 17:30:50.661  4001  4204 I Finsky  : [120] gnw.a(11): AIM: AppInfoManager-Perf > ItemModel > CacheSize=0, cacheHitCount=0, cacheMissCount=1, total appsWithNoServerDataCount=0. Missed  in cache (limit 10) : [org.odk.collect.android]
01-15 17:30:50.662  4001  4204 I Finsky  : [120] goa.p(3): AIM: AppInfoManager-Perf > ItemModel > ItemStore Called 1 apps cacheOptions = USE_CACHE
01-15 17:30:50.663  4001  4204 I Finsky  : [120] gnw.a(80): AIM: ItemModel fetch - unauth(1), auth()
01-15 17:30:50.666  4001  4001 I Finsky  : [2] adsk.c(3): Do not start WearSupportService due to Wear service optimization
01-15 17:30:50.667  4001  4001 I Finsky  : [2] wyc.a(8): Clearing split related stale data.
01-15 17:30:50.667  4001  6504 I Finsky  : [309] at.a(48): Asset module storage cleared for package org.odk.collect.android.
01-15 17:30:50.667 26595 31359 I CarrierServices: [346] inq.e: Network Operator: 310260
01-15 17:30:50.668 26595 31359 I CarrierServices: [346] inq.e: carrierWithOldEcApis: false
01-15 17:30:50.668 26595 31359 I CarrierServices: [346] inq.e: hasDialerThatSupportsNewEc: false
01-15 17:30:50.669  4001  4224 I Finsky  : [125] ouj.apply(5): ItemStore: Not cached: org.odk.collect.android
01-15 17:30:50.672  3248  3334 I InputReader: Reconfiguring input devices.  changes=0x00000010
01-15 17:30:50.674  3461  3461 D ImsResolver: maybeAddedImsService, packageName: org.odk.collect.android
01-15 17:30:50.675 26595 31359 W RcsProvisioning: Failed to read configuration: /data/user/0/com.google.android.apps.messaging/files/rcsconfig (No such file or directory)
01-15 17:30:50.675  3461  3461 D CarrierConfigLoader: mHandler: 9 phoneId: 0
01-15 17:30:50.675 26595 31359 W RcsProvisioning: java.io.FileNotFoundException: /data/user/0/com.google.android.apps.messaging/files/rcsconfig (No such file or directory)
