--------- beginning of main
10-31 16:57:00.387  3197  3197 I MicroDetectionWorker: #updateMicroDetector [detectionMode: [mDetectionMode: [1]]]
10-31 16:57:00.387  3197  3197 I MicroDetectionWorker: #startMicroDetector [speakerMode: 0]
10-31 16:57:00.387  3197  3197 I AudioController: Using mInputStreamFactoryBuilder
10-31 16:57:00.389  3197  3197 I MicroDetectionWorker: onReady
10-31 16:57:00.394  3197  3246 I MicroRecognitionRunner: Starting detection.
10-31 16:57:00.394  3197  3236 I MicrophoneInputStream: mic_starting com.google.android.apps.gsa.staticplugins.aa.c@a5b5c0e
10-31 16:57:00.396  1110  1188 W ServiceManager: Permission failure: android.permission.RECORD_AUDIO from uid=10031 pid=3197
10-31 16:57:00.396  1110  1188 E         : Request requires android.permission.RECORD_AUDIO
10-31 16:57:00.396  1110  1188 E         : android.permission.CAPTURE_AUDIO_HOTWORD
10-31 16:57:00.396  3197  3236 E AudioRecord: Could not get audio input for session 33, record source 1999, sample rate 16000, format 0x1, channel mask 0x10, flags 0
10-31 16:57:00.397  3197  3236 E AudioRecord-JNI: Error creating AudioRecord instance: initialization check failed with status -22.
10-31 16:57:00.397  3197  3236 E android.media.AudioRecord: Error code -20 when initializing native AudioRecord object.
10-31 16:57:00.397  3197  3236 I MicrophoneInputStream: mic_started com.google.android.apps.gsa.staticplugins.aa.c@a5b5c0e
--------- beginning of system
10-31 16:57:00.397  3197  3236 E ActivityThread: Failed to find provider info for com.google.android.apps.gsa.testing.ui.audio.recorded
10-31 16:57:00.409  3197  3197 I MicroDetectionWorker: onReady
10-31 16:57:00.412  3197  3236 I MicrophoneInputStream: mic_close com.google.android.apps.gsa.staticplugins.aa.c@a5b5c0e
10-31 16:57:00.412  3197  3246 I MicroRecognitionRunner: Detection finished
10-31 16:57:00.412  3197  3246 W ErrorReporter: reportError [type: 211, code: 524300]: Error reading from input stream
10-31 16:57:00.412  3197  3330 I MicroRecognitionRunner: Stopping hotword detection.
10-31 16:57:00.412  3197  3246 W ErrorProcessor: onFatalError, processing error from engine(4)
10-31 16:57:00.412  3197  3246 W ErrorProcessor: com.google.android.apps.gsa.shared.speech.b.g: Error reading from input stream
10-31 16:57:00.412  3197  3246 W ErrorProcessor: 	at com.google.android.apps.gsa.staticplugins.recognizer.j.a.a(SourceFile:28)
10-31 16:57:00.412  3197  3246 W ErrorProcessor: 	at com.google.android.apps.gsa.staticplugins.recognizer.j.b.run(SourceFile:15)
10-31 16:57:00.412  3197  3246 W ErrorProcessor: 	at java.util.concurrent.Executors$RunnableAdapter.call(Executors.java:457)
10-31 16:57:00.412  3197  3246 W ErrorProcessor: 	at java.util.concurrent.FutureTask.run(FutureTask.java:266)
10-31 16:57:00.412  3197  3246 W ErrorProcessor: 	at java.util.concurrent.Executors$RunnableAdapter.call(Executors.java:457)
10-31 16:57:00.412  3197  3246 W ErrorProcessor: 	at java.util.concurrent.FutureTask.run(FutureTask.java:266)
10-31 16:57:00.412  3197  3246 W ErrorProcessor: 	at com.google.android.apps.gsa.shared.util.concurrent.a.ag.run(Unknown Source:4)
10-31 16:57:00.412  3197  3246 W ErrorProcessor: 	at com.google.android.apps.gsa.shared.util.concurrent.a.bo.run(SourceFile:4)
10-31 16:57:00.412  3197  3246 W ErrorProcessor: 	at com.google.android.apps.gsa.shared.util.concurrent.a.bo.run(SourceFile:4)
10-31 16:57:00.412  3197  3246 W ErrorProcessor: 	at java.util.concurrent.ThreadPoolExecutor.runWorker(ThreadPoolExecutor.java:1162)
10-31 16:57:00.412  3197  3246 W ErrorProcessor: 	at java.util.concurrent.ThreadPoolExecutor$Worker.run(ThreadPoolExecutor.java:636)
10-31 16:57:00.412  3197  3246 W ErrorProcessor: 	at java.lang.Thread.run(Thread.java:764)
10-31 16:57:00.412  3197  3246 W ErrorProcessor: 	at com.google.android.apps.gsa.shared.util.concurrent.a.ak.run(SourceFile:6)
10-31 16:57:00.412  3197  3246 W ErrorProcessor: Caused by: com.google.android.apps.gsa.shared.exception.GsaIOException: Error code: 393238 | Buffer overflow, no available space.
10-31 16:57:00.412  3197  3246 W ErrorProcessor: 	at com.google.android.apps.gsa.speech.audio.Tee.f(SourceFile:103)
10-31 16:57:00.412  3197  3246 W ErrorProcessor: 	at com.google.android.apps.gsa.speech.audio.au.read(SourceFile:2)
10-31 16:57:00.412  3197  3246 W ErrorProcessor: 	at java.io.InputStream.read(InputStream.java:101)
10-31 16:57:00.412  3197  3246 W ErrorProcessor: 	at com.google.android.apps.gsa.speech.audio.ao.run(SourceFile:18)
10-31 16:57:00.412  3197  3246 W ErrorProcessor: 	at com.google.android.apps.gsa.speech.audio.an.run(SourceFile:2)
10-31 16:57:00.412  3197  3246 W ErrorProcessor: 	... 11 more
10-31 16:57:00.412  3197  3246 I AudioController: internalShutdown
10-31 16:57:00.427  3197  3197 I MicroDetector: Keeping mic open: false
10-31 16:57:00.427  3197  3197 I MicroDetectionWorker: #onError(false)
10-31 16:57:00.427  3197  3233 I DeviceStateChecker: DeviceStateChecker cancelled
10-31 16:57:01.323  3197  3236 W NamedFutures: Timeout future task has been cancelled: 10000 milliseconds
10-31 16:57:01.334  3197  3197 E SearchServiceStarter: Task 174 failed or timed out. Client 14062253485409416 disconnecting from SearchService!
10-31 16:57:01.334  3197  3197 E SearchServiceStarter: java.util.concurrent.CancellationException: Task was cancelled.
10-31 16:57:01.334  3197  3197 E SearchServiceStarter: 	at com.google.common.util.concurrent.d.da(SourceFile:80)
10-31 16:57:01.334  3197  3197 E SearchServiceStarter: 	at com.google.common.util.concurrent.d.get(SourceFile:62)
10-31 16:57:01.334  3197  3197 E SearchServiceStarter: 	at com.google.common.util.concurrent.cf.o(SourceFile:2)
10-31 16:57:01.334  3197  3197 E SearchServiceStarter: 	at com.google.common.util.concurrent.ax.m(SourceFile:50)
10-31 16:57:01.334  3197  3197 E SearchServiceStarter: 	at com.google.common.util.concurrent.az.run(SourceFile:5)
10-31 16:57:01.334  3197  3197 E SearchServiceStarter: 	at com.google.android.apps.gsa.shared.util.concurrent.a.bf.run(SourceFile:2)
10-31 16:57:01.334  3197  3197 E SearchServiceStarter: 	at android.os.Handler.handleCallback(Handler.java:790)
10-31 16:57:01.334  3197  3197 E SearchServiceStarter: 	at android.os.Handler.dispatchMessage(Handler.java:99)
10-31 16:57:01.334  3197  3197 E SearchServiceStarter: 	at android.os.Looper.loop(Looper.java:164)
10-31 16:57:01.334  3197  3197 E SearchServiceStarter: 	at android.app.ActivityThread.main(ActivityThread.java:6494)
10-31 16:57:01.334  3197  3197 E SearchServiceStarter: 	at java.lang.reflect.Method.invoke(Native Method)
10-31 16:57:01.334  3197  3197 E SearchServiceStarter: 	at com.android.internal.os.RuntimeInit$MethodAndArgsCaller.run(RuntimeInit.java:438)
10-31 16:57:01.334  3197  3197 E SearchServiceStarter: 	at com.android.internal.os.ZygoteInit.main(ZygoteInit.java:807)
10-31 16:57:01.352  1297  1386 D RecurrenceRule: Resolving using anchor 2023-10-31T16:57:01.352-05:00[America/Chicago]
10-31 16:57:01.353  1297  1386 D RecurrenceRule: Resolving using anchor 2023-10-31T16:57:01.353-05:00[America/Chicago]
10-31 16:57:01.354  1297  1386 D RecurrenceRule: Cycle 21 from 2023-10-31T00:00-05:00[America/Chicago] to 2023-11-30T23:59:59.999999999-06:00[America/Chicago]
10-31 16:57:01.354  1297  1386 D NetworkStats: Resolving plan for NetworkTemplate: matchRule=MOBILE_ALL, subscriberId=310260..., matchSubscriberIds=[310260...]
10-31 16:57:01.357  1297  1386 D NetworkStats: Found active matching subId 1
10-31 16:57:01.359  1297  1386 D NetworkStats: Resolved to plan null
10-31 16:57:01.361  1799  3660 W MDM     : [266] agll.c: Device admin action is a no-op. Action: true
10-31 16:57:01.361  1297  1446 D PackageManager: Ephemeral installer not found with new action; try old one
10-31 16:57:01.361  1297  1446 D PackageManager: Clear ephemeral installer activity
10-31 16:57:01.367  1799  3660 E MDM     : [266] agll.a: No Google accounts; deferring server state update.
10-31 16:57:01.381  1297  1445 W BroadcastQueue: Background execution not allowed: receiving Intent { act=android.intent.action.DROPBOX_ENTRY_ADDED flg=0x10 (has extras) } to com.google.android.gms/.stats.service.DropBoxEntryAddedReceiver
10-31 16:57:01.381  1297  1312 W BroadcastQueue: Background execution not allowed: receiving Intent { act=android.intent.action.DROPBOX_ENTRY_ADDED flg=0x10 (has extras) } to com.google.android.gms/.chimera.GmsIntentOperationService$PersistentTrustedReceiver
10-31 16:57:01.415  1851  1851 I Dialer  : VvmTaskReceiver - task received
10-31 16:57:01.415  1851  1851 I Dialer  : VvmTaskReceiver - TaskExecutor already running
10-31 16:57:01.415  1851  1851 I Dialer  : Task.createTask - create task:com.android.voicemail.impl.ActivationTask
10-31 16:57:01.416  1851  1851 I Dialer  : TaskQueue.add - duplicated task added
10-31 16:57:01.416  1851  1851 I Dialer  : VvmTaskExecutor - com.android.voicemail.impl.ActivationTask@c7c5afa added
10-31 16:57:01.480  1417  3662 I qtaguid : Tagging socket -1 with tag 2000040700000000(536871943) for uid -1 failed errno=-9
10-31 16:57:01.480  1417  3662 I NetworkManagementSocketTagger: tagSocketFd(-1, 536871943, -1) failed with errno-9
10-31 16:57:01.496  1297  1309 W ActivityManager: Unable to start service Intent { act=com.google.android.gms.auth.key.retrieval.service.START pkg=com.google.android.gms } U=0: not found
10-31 16:57:01.497  1297  3377 W ActivityManager: Unbind failed: could not find connection for android.os.BinderProxy@ced3ed0
10-31 16:57:01.497  1799  2326 E GmsClient: unable to connect to service: com.google.android.gms.auth.key.retrieval.service.START on com.google.android.gms
10-31 16:57:01.498  1417  3673 I NetRec  : [252] alod.a: onConfigChanged()
10-31 16:57:01.511  1417  3673 I NetRec  : [252] alod.a: Cancelling all NetRec GCM tasks
10-31 16:57:01.512  1799  3670 I GmsModuleFndr: Beginning GMS chimera module scan
10-31 16:57:01.513  1799  3670 I ModuleSetMgr: Computing pending module set with APKs: [[AdsFdrDynamite.integ:21460000000], [Cronetdynamite:202414040400], [Dynamiteloader:202414040400], [Dynamitemodulesa:202414040000], [Dynamitemodulesc:202414040000], [Googlecertificates:202414040000], [Mapsdynamite:202414040000], [Measurementdynamite:202414040000]]
10-31 16:57:01.517  1417  3633 I Auth    : [AuthManaged,PasswordComplexityHelperImpl] Updating password complexity components state.
10-31 16:57:01.519  1417  3633 I Auth    : [AuthManaged,PasswordComplexityHelperImpl] Disabling com.google.android.gms.auth.managed.admin.DeviceAdminReceiver
10-31 16:57:01.519  1417  3633 I Auth    : [AuthManaged,PasswordComplexityHelperImpl] Disabling com.google.android.gms.auth.managed.ui.SetNewPasswordActivity
10-31 16:57:01.520  1417  3633 I NetRec  : [230] ClearDatabaseService.onHandleIntent: Clearing score cache
10-31 16:57:01.521  1417  3671 I Herrevad: [251] absm.a: updateListenState
10-31 16:57:01.531  1799  3670 I ModuleSetMgr: Pending container module APKs: []
10-31 16:57:01.531  1799  3670 I ModuleSetMgr: Pending non-container module APKs: []
10-31 16:57:01.565  1799  3685 I ChromeSync: [Sync,SyncIntentOperation] Handling the intent: Intent { act=com.google.gservices.intent.action.GSERVICES_CHANGED flg=0x1000010 cmp=com.google.android.gms/.chimera.GmsIntentOperationService$PersistentInternalReceiver }.
10-31 16:57:01.573  1799  2682 I GmsModuleFndr: Beginning GMS chimera module scan
10-31 16:57:01.578  1297  1902 D PackageManager: Ephemeral installer not found with new action; try old one
10-31 16:57:01.578  1297  1902 D PackageManager: Clear ephemeral installer activity
10-31 16:57:01.579  1799  2682 I ModuleSetMgr: Computing pending module set with APKs: [[AdsFdrDynamite.integ:21460000000], [Cronetdynamite:202414040400], [Dynamiteloader:202414040400], [Dynamitemodulesa:202414040000], [Dynamitemodulesc:202414040000], [Googlecertificates:202414040000], [Mapsdynamite:202414040000], [Measurementdynamite:202414040000]]
10-31 16:57:01.579  1297  3377 D PackageManager: Ephemeral installer not found with new action; try old one
10-31 16:57:01.579  1297  3377 D PackageManager: Clear ephemeral installer activity
10-31 16:57:01.580  1799  2682 I ModuleSetMgr: Pending container module APKs: []
10-31 16:57:01.580  1799  2682 I ModuleSetMgr: Pending non-container module APKs: []
10-31 16:57:01.580  1297  1445 D PackageManager: Ephemeral installer not found with new action; try old one
10-31 16:57:01.580  1297  1445 D PackageManager: Clear ephemeral installer activity
10-31 16:57:01.588  1417  1417 I GeofencerStateMachine: sendQueryLocationOptIn
10-31 16:57:01.602  1417  1417 I chatty  : uid=10012 com.google.android.gms.persistent identical 1 line
10-31 16:57:01.610  1417  1417 I GeofencerStateMachine: sendQueryLocationOptIn
10-31 16:57:01.616  1417  2638 I GCoreUlr: DispatchingService ignoring Intent { act=android.net.wifi.WIFI_STATE_CHANGED flg=0x4000010 (has extras) } because ULR inactive
10-31 16:57:01.618  1417  1417 I GeofencerStateMachine: sendQueryLocationOptIn
10-31 16:57:01.621  1417  2638 I GCoreUlr: WorldUpdater received intent Intent { act=com.google.android.location.reporting.ACTION_UPDATE_WORLD cmp=com.google.android.gms/com.google.android.location.reporting.service.DispatchingService (has extras) } with receiverAction com.google.gservices.intent.action.GSERVICES_CHANGED
10-31 16:57:01.628  1799  3685 I MobileDataHub: Scheduling periodic tasks
10-31 16:57:01.629  1417  1417 I GeofencerStateMachine: sendQueryLocationOptIn
10-31 16:57:01.650  1417  1417 I GeofencerStateMachine: sendQueryLocationOptIn
10-31 16:57:01.655  1799  3685 W MobileDataHub: [Service] appsupload-periodic periodic task disabled
10-31 16:57:01.657  1417  2638 I GCoreUlr: WorldUpdater:com.google.gservices.intent.action.GSERVICES_CHANGED: Ensuring that reporting is stopped because of reasons: (no Google accounts)
10-31 16:57:01.659  1417  2638 I GCoreUlr: Unbound from all signal providers.
10-31 16:57:01.670  1297  1445 D PackageManager: Ephemeral installer not found with new action; try old one
10-31 16:57:01.670  1297  1445 D PackageManager: Clear ephemeral installer activity
10-31 16:57:01.678  1417  1417 I GCoreUlr: Unbound from all signal providers.
10-31 16:57:01.678  1417  1417 I GCoreUlr: Stopping handler for UlrDispSvcFast
10-31 16:57:01.710  1297  1309 W ActivityManager: Unable to start service Intent { act=com.google.android.gms.auth.key.retrieval.service.START pkg=com.google.android.gms } U=0: not found
10-31 16:57:01.710  1297  1902 W ActivityManager: Unbind failed: could not find connection for android.os.BinderProxy@ad8727e
10-31 16:57:01.710  1799  2326 E GmsClient: unable to connect to service: com.google.android.gms.auth.key.retrieval.service.START on com.google.android.gms
10-31 16:57:01.712  1799  3685 I MdiSyncModule: flag handling is skipping irrelevant intent.
10-31 16:57:01.720  1417  3675 I Auth    : [AuthManaged,PasswordComplexityHelperImpl] Updating password complexity components state.
10-31 16:57:01.720  1417  3675 I Auth    : [AuthManaged,PasswordComplexityHelperImpl] Disabling com.google.android.gms.auth.managed.admin.DeviceAdminReceiver
10-31 16:57:01.721  1417  3673 I Herrevad: [252] absm.a: updateListenState
10-31 16:57:01.721  1417  3675 I Auth    : [AuthManaged,PasswordComplexityHelperImpl] Disabling com.google.android.gms.auth.managed.ui.SetNewPasswordActivity
10-31 16:57:01.724  1417  3633 I NetRec  : [230] alod.a: onConfigChanged()
10-31 16:57:01.726  1799  3684 I SystemUpdate: [Installation,ReceiverIntentOperation] Received intent: Intent { act=com.google.gservices.intent.action.GSERVICES_CHANGED flg=0x1000010 cmp=com.google.android.gms/.chimera.GmsIntentOperationService$PersistentInternalReceiver }.
10-31 16:57:01.727  1417  2346 I aopq    : Scheduling Phenotype for a PhenotypeSyncImmediately(6, com.google.android.gms.checkin.binary) one off with window [1, 2] in seconds [CONTEXT service_id=51 ]
10-31 16:57:01.734  1417  3675 I NetRec  : [254] ClearDatabaseService.onHandleIntent: Clearing score cache
10-31 16:57:01.736  1417  3633 I NetRec  : [230] alod.a: Cancelling all NetRec GCM tasks
10-31 16:57:01.748  1417  1835 I zygote64: Deoptimizing java.lang.String aqui.a(android.os.Bundle) due to JIT inline cache
10-31 16:57:01.751  1799  3670 I SystemUpdate: [Execution,InstallationEventIntentOperation] Handling event of type 2.
10-31 16:57:01.754  1799  3686 I SystemUpdate: [Execution,InstallationIntentOperation] Received intent: Intent { act=com.google.android.gms.update.INSTALL_UPDATE cat=[targeted_intent_op_prefix:.update.execution.InstallationIntentOperation] cmp=com.google.android.gms/.chimera.GmsIntentOperationService }.
10-31 16:57:01.758  2926  2970 W SystemServiceRegistry: No service published for: persistent_data_block
10-31 16:57:01.760  1799  3686 I SystemUpdate: [Execution,ExecutionManager] Action finished-execution executed for 0.00 seconds.
10-31 16:57:01.770  1417  1417 I GeofencerStateMachine: sendQueryLocationOptIn
10-31 16:57:01.778  1417  2630 I GCoreUlr: WorldUpdater received intent Intent { act=com.google.android.location.reporting.ACTION_UPDATE_WORLD cmp=com.google.android.gms/com.google.android.location.reporting.service.DispatchingService (has extras) } with receiverAction com.google.gservices.intent.action.GSERVICES_CHANGED
10-31 16:57:01.779  1417  2630 I GCoreUlr: WorldUpdater:com.google.gservices.intent.action.GSERVICES_CHANGED: Ensuring that reporting is stopped because of reasons: (no Google accounts)
10-31 16:57:01.782  1417  1417 I GeofencerStateMachine: sendQueryLocationOptIn
10-31 16:57:01.784  1417  2630 I GCoreUlr: Unbound from all signal providers.
10-31 16:57:01.789  1417  2630 I GCoreUlr: DispatchingService ignoring Intent { act=android.net.wifi.WIFI_STATE_CHANGED flg=0x4000010 (has extras) } because ULR inactive
10-31 16:57:01.797  1417  1417 I GCoreUlr: Unbound from all signal providers.
10-31 16:57:01.797  1417  1417 I GCoreUlr: Stopping handler for UlrDispSvcFast
10-31 16:57:01.801  1417  1417 I GeofencerStateMachine: sendQueryLocationOptIn
10-31 16:57:01.808  1417  1417 I chatty  : uid=10012 com.google.android.gms.persistent identical 2 lines
10-31 16:57:01.814  1417  1417 I GeofencerStateMachine: sendQueryLocationOptIn
10-31 16:57:01.826  1417  1417 I GCoreUlr: GCM registration ID changed: Intent { act=com.google.android.gms.gcm.REGISTERED flg=0x10 pkg=com.google.android.gms cmp=com.google.android.gms/com.google.android.location.reporting.service.GcmRegistrationReceiver }
10-31 16:57:01.829  1799  3706 I Authzen : [AuthZenEventHandler] Handling event: com.google.android.gms.gcm.REGISTERED
10-31 16:57:01.835  1799  3686 E MDM     : [270] agll.a: No Google accounts; deferring server state update.
10-31 16:57:01.835  1799  3685 I OcrModelUpStIntentOp: Updating ocr activity enabled=true (phenotypeFlag=true, lowRamDevice=false, prereqCheck=true)
10-31 16:57:01.836  1297  1903 D PackageManager: Ephemeral installer not found with new action; try old one
10-31 16:57:01.836  1297  1903 D PackageManager: Clear ephemeral installer activity
10-31 16:57:01.836  1297  1903 D PackageManager: Ephemeral installer not found with new action; try old one
10-31 16:57:01.836  1297  1903 D PackageManager: Clear ephemeral installer activity
10-31 16:57:01.838  1297  2104 D PackageManager: Ephemeral installer not found with new action; try old one
10-31 16:57:01.839  1297  2104 D PackageManager: Clear ephemeral installer activity
10-31 16:57:01.840  1799  3685 I OcrModelUpStIntentOp: Downloading text recognizer
10-31 16:57:01.841  1297  2104 W BroadcastQueue: Background execution not allowed: receiving Intent { act=android.intent.action.DROPBOX_ENTRY_ADDED flg=0x10 (has extras) } to com.google.android.gms/.stats.service.DropBoxEntryAddedReceiver
10-31 16:57:01.842  1297  1312 W BroadcastQueue: Background execution not allowed: receiving Intent { act=android.intent.action.DROPBOX_ENTRY_ADDED flg=0x10 (has extras) } to com.google.android.gms/.chimera.GmsIntentOperationService$PersistentTrustedReceiver
10-31 16:57:01.843  1799  3685 I GmsModuleFndr: Beginning GMS chimera module scan
10-31 16:57:01.846  1799  3685 I ModuleSetMgr: Computing pending module set with APKs: [[AdsFdrDynamite.integ:21460000000], [Cronetdynamite:202414040400], [Dynamiteloader:202414040400], [Dynamitemodulesa:202414040000], [Dynamitemodulesc:202414040000], [Googlecertificates:202414040000], [Mapsdynamite:202414040000], [Measurementdynamite:202414040000]]
10-31 16:57:01.847  1799  3685 I ModuleSetMgr: Pending container module APKs: []
10-31 16:57:01.847  1799  3685 I ModuleSetMgr: Pending non-container module APKs: []
10-31 16:57:01.855  1799  3696 I ChromeSync: [Sync,SyncIntentOperation] Handling the intent: Intent { act=com.google.gservices.intent.action.GSERVICES_CHANGED flg=0x1000010 cmp=com.google.android.gms/.chimera.GmsIntentOperationService$PersistentInternalReceiver }.
10-31 16:57:01.861  1799  3670 I MobileDataHub: Scheduling periodic tasks
10-31 16:57:01.862  1799  3670 W MobileDataHub: [Service] appsupload-periodic periodic task disabled
10-31 16:57:01.865  1799  3670 I MdiSyncModule: flag handling is skipping irrelevant intent.
10-31 16:57:01.866  1799  3685 I OcrModelUpStIntentOp: Updating ocr activity enabled=true (phenotypeFlag=true, lowRamDevice=false, prereqCheck=true)
10-31 16:57:01.868  1799  2626 I GmsModuleFndr: Beginning GMS chimera module scan
10-31 16:57:01.868  1799  3685 I OcrModelUpStIntentOp: Downloading text recognizer
10-31 16:57:01.875  1799  2626 I ModuleSetMgr: Computing pending module set with APKs: [[AdsFdrDynamite.integ:21460000000], [Cronetdynamite:202414040400], [Dynamiteloader:202414040400], [Dynamitemodulesa:202414040000], [Dynamitemodulesc:202414040000], [Googlecertificates:202414040000], [Mapsdynamite:202414040000], [Measurementdynamite:202414040000]]
10-31 16:57:01.875  1799  2626 I ModuleSetMgr: Pending container module APKs: []
10-31 16:57:01.875  1799  2626 I ModuleSetMgr: Pending non-container module APKs: []
10-31 16:57:01.885  1799  3687 I SystemUpdate: [Installation,ReceiverIntentOperation] Received intent: Intent { act=com.google.gservices.intent.action.GSERVICES_CHANGED flg=0x1000010 cmp=com.google.android.gms/.chimera.GmsIntentOperationService$PersistentInternalReceiver }.
10-31 16:57:01.899  1417  2630 I GCoreUlr: DispatchingService ignoring Intent { act=android.net.wifi.WIFI_STATE_CHANGED flg=0x4000010 (has extras) } because ULR inactive
10-31 16:57:01.900  1799  3697 I SystemUpdate: [Execution,InstallationEventIntentOperation] Handling event of type 2.
10-31 16:57:01.903  1799  3696 I SystemUpdate: [Execution,InstallationIntentOperation] Received intent: Intent { act=com.google.android.gms.update.INSTALL_UPDATE cat=[targeted_intent_op_prefix:.update.execution.InstallationIntentOperation] cmp=com.google.android.gms/.chimera.GmsIntentOperationService }.
10-31 16:57:01.906  1799  3696 I SystemUpdate: [Execution,ExecutionManager] Action finished-execution executed for 0.00 seconds.
10-31 16:57:01.906  1417  1417 I GCoreUlr: Unbound from all signal providers.
10-31 16:57:01.906  1417  1417 I GCoreUlr: Stopping handler for UlrDispSvcFast
10-31 16:57:01.922  2926  2970 I zygote64: android::hardware::configstore::V1_0::ISurfaceFlingerConfigs::hasWideColorDisplay retrieved: 0
10-31 16:57:01.923  2926  2970 D EGL_emulation: eglCreateContext: 0x77e6850680: maj 3 min 0 rcv 3
10-31 16:57:01.925  2926  2970 D EGL_emulation: eglMakeCurrent: 0x77e6850680: ver 3 0 (tinfo 0x77e68dc620)
10-31 16:57:01.939  1941  3718 D DownloadManager: [2] Starting
10-31 16:57:01.950  1941  3718 D NetworkSecurityConfig: Using Network Security Config from resource network_security_config debugBuild: false
10-31 16:57:01.956  1799  3659 I Vision  : Supported ABIS: [arm64-v8a]
10-31 16:57:01.970  1799  3686 I Vision  : Requesting optional module download of ocr.
10-31 16:57:01.972  1417  2284 I ChmraDebugLogger: [53] +vision.ocr:-1
10-31 16:57:01.976  1799  3686 I Vision  : Checking for download completion for 35290 -- ocr
10-31 16:57:01.980  1799  3684 I ChimeraConfigurator: Starting update, reason: 4 urgentFeatures: vision.ocr:-1
10-31 16:57:01.983  1799  3686 I Vision  : Requesting optional module download of ocr.
10-31 16:57:01.988  1799  3686 I Vision  : Checking for download completion for 35305 -- ocr
10-31 16:57:01.989  1799  2377 I GCM-GMS : Registering GMS 745476177629
10-31 16:57:01.989  1799  2377 I GCM-GMS : Got GMS registration
10-31 16:57:02.050  3721  3721 D AndroidRuntime: >>>>>> START com.android.internal.os.RuntimeInit uid 2000 <<<<<<
10-31 16:57:02.055  1417  2343 W Conscrypt: Could not set socket write timeout: java.net.SocketException: Socket closed
10-31 16:57:02.055  1417  2343 W Conscrypt: 	at com.google.android.gms.org.conscrypt.Platform.setSocketWriteTimeout(:com.google.android.gms@202414019@20.24.14 (040400-319035315):2)
10-31 16:57:02.055  1417  2343 W Conscrypt: 	at com.google.android.gms.org.conscrypt.ConscryptFileDescriptorSocket.setSoWriteTimeout(:com.google.android.gms@202414019@20.24.14 (040400-319035315):0)
10-31 16:57:02.077  1297  1903 I WifiService: getConnectionInfo uid=10073
10-31 16:57:02.077  1297  1903 D WifiPermissionsUtil: Denied: no location permission
10-31 16:57:02.077  1297  1903 D WifiPermissionsUtil: Denied: caller is not the current USE_OPEN_WIFI_PACKAGE
10-31 16:57:02.080  1417  2343 W Conscrypt: Could not set socket write timeout: java.net.SocketException: Socket closed
10-31 16:57:02.080  1417  2343 W Conscrypt: 	at com.google.android.gms.org.conscrypt.Platform.setSocketWriteTimeout(:com.google.android.gms@202414019@20.24.14 (040400-319035315):2)
10-31 16:57:02.080  1417  2343 W Conscrypt: 	at com.google.android.gms.org.conscrypt.ConscryptFileDescriptorSocket.setSoWriteTimeout(:com.google.android.gms@202414019@20.24.14 (040400-319035315):0)
10-31 16:57:02.084  3721  3721 I app_process: The ClassLoaderContext is a special shared library.
10-31 16:57:02.090  3721  3721 D AndroidRuntime: Calling main entry com.android.commands.pm.Pm
10-31 16:57:02.095  3721  3721 I app_process: System.exit called, status: 0
10-31 16:57:02.095  3721  3721 I AndroidRuntime: VM exiting with result code 0.
10-31 16:57:02.129  3338  3725 E YouTube : Failed to fetch offline library browse
10-31 16:57:02.129  3338  3725 E YouTube : aahl: java.util.concurrent.ExecutionException: xpy: Precondition check failed.
10-31 16:57:02.129  3338  3725 E YouTube : 	at aajf.a(SourceFile:25)
10-31 16:57:02.129  3338  3725 E YouTube : 	at dys.a(SourceFile:11)
10-31 16:57:02.129  3338  3725 E YouTube : 	at wsr.a(SourceFile:7)
10-31 16:57:02.129  3338  3725 E YouTube : 	at com.google.android.libraries.youtube.common.gcm.YouTubeGcmTaskService.a(SourceFile:18)
10-31 16:57:02.129  3338  3725 E YouTube : 	at com.google.android.libraries.youtube.common.gcore.gcoreclient.gcm.impl.GcmTaskServiceDelegator.a(SourceFile:11)
10-31 16:57:02.129  3338  3725 E YouTube : 	at qbk.run(SourceFile:18)
10-31 16:57:02.129  3338  3725 E YouTube : 	at java.util.concurrent.ThreadPoolExecutor.runWorker(ThreadPoolExecutor.java:1162)
10-31 16:57:02.129  3338  3725 E YouTube : 	at java.util.concurrent.ThreadPoolExecutor$Worker.run(ThreadPoolExecutor.java:636)
10-31 16:57:02.129  3338  3725 E YouTube : 	at java.lang.Thread.run(Thread.java:764)
10-31 16:57:02.129  3338  3725 E YouTube : Caused by: java.util.concurrent.ExecutionException: xpy: Precondition check failed.
10-31 16:57:02.129  3338  3725 E YouTube : 	at anki.b(SourceFile:105)
10-31 16:57:02.129  3338  3725 E YouTube : 	at anki.get(SourceFile:92)
10-31 16:57:02.129  3338  3725 E YouTube : 	at aajf.a(SourceFile:24)
10-31 16:57:02.129  3338  3725 E YouTube : 	... 8 more
10-31 16:57:02.129  3338  3725 E YouTube : Caused by: xpy: Precondition check failed.
10-31 16:57:02.129  3338  3725 E YouTube : 	at aagf.a(SourceFile:7)
10-31 16:57:02.129  3338  3725 E YouTube : 	at xft.a(SourceFile:136)
10-31 16:57:02.129  3338  3725 E YouTube : 	at xft.a(SourceFile:169)
10-31 16:57:02.129  3338  3725 E YouTube : 	at xew.run(Unknown Source:1)
10-31 16:57:02.129  3338  3725 E YouTube : 	at java.util.concurrent.ThreadPoolExecutor.runWorker(ThreadPoolExecutor.java:1162)
10-31 16:57:02.129  3338  3725 E YouTube : 	at java.util.concurrent.ThreadPoolExecutor$Worker.run(ThreadPoolExecutor.java:636)
10-31 16:57:02.129  3338  3725 E YouTube : 	at wvf.run(SourceFile:12)
10-31 16:57:02.129  3338  3725 E YouTube : 	... 1 more
10-31 16:57:02.129  3338  3725 E YouTube : Caused by: boa
10-31 16:57:02.129  3338  3725 E YouTube : 	at xft.a(SourceFile:166)
10-31 16:57:02.129  3338  3725 E YouTube : 	... 5 more
10-31 16:57:02.290  1297  1328 I ActivityManager: Start proc 3745:com.android.defcontainer/u0a8 for service com.android.defcontainer/.DefaultContainerService
10-31 16:57:02.296  3745  3745 I zygote64: The ClassLoaderContext is a special shared library.
10-31 16:57:02.306  3078  3765 I ConfigUpdater: Update started
10-31 16:57:02.315  1297  1328 I PackageManager.DexOptimizer: Running dexopt (dexoptNeeded=1) on: /data/app/com.easyfitness-yZx71JbDXk7HCZzB-mKHBw==/base.apk pkg=com.easyfitness isa=arm64 dexoptFlags=boot_complete,debuggable,public target-filter=quicken oatDir=/data/app/com.easyfitness-yZx71JbDXk7HCZzB-mKHBw==/oat sharedLibraries=PCL[]
10-31 16:57:02.323  3078  3768 I ConfigUpdater: Update started
10-31 16:57:02.324  1941  3767 D DownloadManager: [3] Starting
10-31 16:57:02.327  3766  3766 I dex2oat : /system/bin/dex2oat --input-vdex-fd=-1 --output-vdex-fd=9 --compiler-filter=quicken --debuggable --classpath-dir=/data/app/com.easyfitness-yZx71JbDXk7HCZzB-mKHBw== --class-loader-context=PCL[]
10-31 16:57:02.328  1941  3767 D NetworkSecurityConfig: No Network Security Config specified, using platform default
10-31 16:57:02.342  1941  3771 D DownloadManager: [4] Starting
10-31 16:57:02.348  1941  3771 D NetworkSecurityConfig: No Network Security Config specified, using platform default
10-31 16:57:02.348  3078  3761 I ConfigUpdater: Update started
10-31 16:57:02.356  1941  3774 D DownloadManager: [5] Starting
10-31 16:57:02.361  1941  3774 D NetworkSecurityConfig: No Network Security Config specified, using platform default
10-31 16:57:02.402  1417  1422 I zygote64: Do partial code cache collection, code=1009KB, data=598KB
10-31 16:57:02.403  1417  1422 I zygote64: After code cache collection, code=1006KB, data=597KB
10-31 16:57:02.403  1417  1422 I zygote64: Increasing code cache capacity to 3MB
10-31 16:57:02.439  1417  1422 I zygote64: Compiler allocated 11MB to compile void aoqb.a(java.util.Set, java.util.List, java.lang.String, int, java.lang.String, boolean, caau, aoqa, java.util.LinkedHashMap, boolean)
10-31 16:57:02.482  1941  3771 D DownloadManager: [4] Finished with status SUCCESS
10-31 16:57:02.512  1941  3767 D DownloadManager: [3] Finished with status SUCCESS
10-31 16:57:02.532  1941  3774 D DownloadManager: [5] Finished with status SUCCESS
10-31 16:57:02.552  1417  1417 E BluetoothAdapter: Bluetooth binder is null
10-31 16:57:02.553  3766  3766 I dex2oat : Explicit concurrent copying GC freed 15393(6MB) AllocSpace objects, 0(0B) LOS objects, 85% free, 257KB/1793KB, paused 9us total 1.391ms
10-31 16:57:02.555  1417  1417 E BluetoothAdapter: Bluetooth binder is null
10-31 16:57:02.557  1417  1417 I chatty  : uid=10012 com.google.android.gms.persistent identical 1 line
10-31 16:57:02.561  1417  1417 E BluetoothAdapter: Bluetooth binder is null
10-31 16:57:02.564  1941  3785 D DownloadManager: [6] Starting
10-31 16:57:02.567  1417  1417 E BluetoothAdapter: Bluetooth binder is null
10-31 16:57:02.569  1941  3785 D NetworkSecurityConfig: No Network Security Config specified, using platform default
10-31 16:57:02.571  1417  1417 E BluetoothAdapter: Bluetooth binder is null
10-31 16:57:02.578  1417  1417 I chatty  : uid=10012 com.google.android.gms.persistent identical 3 lines
10-31 16:57:02.581  1417  1417 E BluetoothAdapter: Bluetooth binder is null
10-31 16:57:02.585  1941  3787 D DownloadManager: [7] Starting
10-31 16:57:02.585  3766  3766 W dex2oat : Method processed more than once: void androidx.appcompat.widget.AppCompatTextView.<init>(android.content.Context)
10-31 16:57:02.585  3766  3766 W dex2oat : Method processed more than once: void androidx.appcompat.widget.AppCompatTextView.<init>(android.content.Context, android.util.AttributeSet)
10-31 16:57:02.585  3766  3766 W dex2oat : Method processed more than once: void androidx.appcompat.widget.AppCompatTextView.<init>(android.content.Context, android.util.AttributeSet, int)
10-31 16:57:02.585  3766  3766 W dex2oat : Method processed more than once: void androidx.appcompat.widget.AppCompatTextView.consumeTextFutureAndSetBlocking()
10-31 16:57:02.585  3766  3766 W dex2oat : Method processed more than once: void androidx.appcompat.widget.AppCompatTextView.drawableStateChanged()
10-31 16:57:02.585  3766  3766 W dex2oat : Method processed more than once: int androidx.appcompat.widget.AppCompatTextView.getAutoSizeMaxTextSize()
10-31 16:57:02.585  3766  3766 W dex2oat : Method processed more than once: int androidx.appcompat.widget.AppCompatTextView.getAutoSizeMinTextSize()
10-31 16:57:02.586  3766  3766 W dex2oat : Method processed more than once: int androidx.appcompat.widget.AppCompatTextView.getAutoSizeStepGranularity()
10-31 16:57:02.586  3766  3766 W dex2oat : Method processed more than once: int[] androidx.appcompat.widget.AppCompatTextView.getAutoSizeTextAvailableSizes()
10-31 16:57:02.586  3766  3766 W dex2oat : Method processed more than once: int androidx.appcompat.widget.AppCompatTextView.getAutoSizeTextType()
10-31 16:57:02.586  3766  3766 W dex2oat : Method processed more than once: int androidx.appcompat.widget.AppCompatTextView.getFirstBaselineToTopHeight()
10-31 16:57:02.586  3766  3766 W dex2oat : Method processed more than once: int androidx.appcompat.widget.AppCompatTextView.getLastBaselineToBottomHeight()
10-31 16:57:02.586  3766  3766 W dex2oat : Method processed more than once: android.content.res.ColorStateList androidx.appcompat.widget.AppCompatTextView.getSupportBackgroundTintList()
10-31 16:57:02.586  3766  3766 W dex2oat : Method processed more than once: android.graphics.PorterDuff$Mode androidx.appcompat.widget.AppCompatTextView.getSupportBackgroundTintMode()
10-31 16:57:02.586  3766  3766 W dex2oat : Method processed more than once: android.content.res.ColorStateList androidx.appcompat.widget.AppCompatTextView.getSupportCompoundDrawablesTintList()
10-31 16:57:02.586  3766  3766 W dex2oat : Method processed more than once: android.graphics.PorterDuff$Mode androidx.appcompat.widget.AppCompatTextView.getSupportCompoundDrawablesTintMode()
10-31 16:57:02.586  3766  3766 W dex2oat : Method processed more than once: java.lang.CharSequence androidx.appcompat.widget.AppCompatTextView.getText()
10-31 16:57:02.586  3766  3766 W dex2oat : Method processed more than once: android.view.textclassifier.TextClassifier androidx.appcompat.widget.AppCompatTextView.getTextClassifier()
10-31 16:57:02.586  3766  3766 W dex2oat : Method processed more than once: androidx.core.text.PrecomputedTextCompat$Params androidx.appcompat.widget.AppCompatTextView.getTextMetricsParamsCompat()
10-31 16:57:02.586  3766  3766 W dex2oat : Method processed more than once: android.view.inputmethod.InputConnection androidx.appcompat.widget.AppCompatTextView.onCreateInputConnection(android.view.inputmethod.EditorInfo)
10-31 16:57:02.586  3766  3766 W dex2oat : Method processed more than once: void androidx.appcompat.widget.AppCompatTextView.onLayout(boolean, int, int, int, int)
10-31 16:57:02.586  3766  3766 W dex2oat : Method processed more than once: void androidx.appcompat.widget.AppCompatTextView.onMeasure(int, int)
10-31 16:57:02.586  3766  3766 W dex2oat : Method processed more than once: void androidx.appcompat.widget.AppCompatTextView.onTextChanged(java.lang.CharSequence, int, int, int)
10-31 16:57:02.586  3766  3766 W dex2oat : Method processed more than once: void androidx.appcompat.widget.AppCompatTextView.setAutoSizeTextTypeUniformWithConfiguration(int, int, int, int)
10-31 16:57:02.586  3766  3766 W dex2oat : Method processed more than once: void androidx.appcompat.widget.AppCompatTextView.setAutoSizeTextTypeUniformWithPresetSizes(int[], int)
10-31 16:57:02.586  3766  3766 W dex2oat : Method processed more than once: void androidx.appcompat.widget.AppCompatTextView.setAutoSizeTextTypeWithDefaults(int)
10-31 16:57:02.586  3766  3766 W dex2oat : Method processed more than once: void androidx.appcompat.widget.AppCompatTextView.setBackgroundDrawable(android.graphics.drawable.Drawable)
10-31 16:57:02.586  3766  3766 W dex2oat : Method processed more than once: void androidx.appcompat.widget.AppCompatTextView.setBackgroundResource(int)
10-31 16:57:02.586  3766  3766 W dex2oat : Method processed more than once: void androidx.appcompat.widget.AppCompatTextView.setCompoundDrawables(android.graphics.drawable.Drawable, android.graphics.drawable.Drawable, android.graphics.drawable.Drawable, android.graphics.drawable.Drawable)
10-31 16:57:02.586  3766  3766 W dex2oat : Method processed more than once: void androidx.appcompat.widget.AppCompatTextView.setCompoundDrawablesRelative(android.graphics.drawable.Drawable, android.graphics.drawable.Drawable, android.graphics.drawable.Drawable, android.graphics.drawable.Drawable)
10-31 16:57:02.586  3766  3766 W dex2oat : Method processed more than once: void androidx.appcompat.widget.AppCompatTextView.setCompoundDrawablesRelativeWithIntrinsicBounds(int, int, int, int)
10-31 16:57:02.586  3766  3766 W dex2oat : Method processed more than once: void androidx.appcompat.widget.AppCompatTextView.setCompoundDrawablesRelativeWithIntrinsicBounds(android.graphics.drawable.Drawable, android.graphics.drawable.Drawable, android.graphics.drawable.Drawable, android.graphics.drawable.Drawable)
10-31 16:57:02.586  3766  3766 W dex2oat : Method processed more than once: void androidx.appcompat.widget.AppCompatTextView.setCompoundDrawablesWithIntrinsicBounds(int, int, int, int)
10-31 16:57:02.586  3766  3766 W dex2oat : Method processed more than once: void androidx.appcompat.widget.AppCompatTextView.setCompoundDrawablesWithIntrinsicBounds(android.graphics.drawable.Drawable, android.graphics.drawable.Drawable, android.graphics.drawable.Drawable, android.graphics.drawable.Drawable)
10-31 16:57:02.586  3766  3766 W dex2oat : Method processed more than once: void androidx.appcompat.widget.AppCompatTextView.setCustomSelectionActionModeCallback(android.view.ActionMode$Callback)
10-31 16:57:02.586  3766  3766 W dex2oat : Method processed more than once: void androidx.appcompat.widget.AppCompatTextView.setFirstBaselineToTopHeight(int)
10-31 16:57:02.586  3766  3766 W dex2oat : Method processed more than once: void androidx.appcompat.widget.AppCompatTextView.setLastBaselineToBottomHeight(int)
10-31 16:57:02.586  3766  3766 W dex2oat : Method processed more than once: void androidx.appcompat.widget.AppCompatTextView.setLineHeight(int)
10-31 16:57:02.586  3766  3766 W dex2oat : Method processed more than once: void androidx.appcompat.widget.AppCompatTextView.setPrecomputedText(androidx.core.text.PrecomputedTextCompat)
10-31 16:57:02.586  3766  3766 W dex2oat : Method processed more than once: void androidx.appcompat.widget.AppCompatTextView.setSupportBackgroundTintList(android.content.res.ColorStateList)
10-31 16:57:02.586  3766  3766 W dex2oat : Method processed more than once: void androidx.appcompat.widget.AppCompatTextView.setSupportBackgroundTintMode(android.graphics.PorterDuff$Mode)
10-31 16:57:02.586  3766  3766 W dex2oat : Method processed more than once: void androidx.appcompat.widget.AppCompatTextView.setSupportCompoundDrawablesTintList(android.content.res.ColorStateList)
10-31 16:57:02.586  3766  3766 W dex2oat : Method processed more than once: void androidx.appcompat.widget.AppCompatTextView.setSupportCompoundDrawablesTintMode(android.graphics.PorterDuff$Mode)
10-31 16:57:02.586  3766  3766 W dex2oat : Method processed more than once: void androidx.appcompat.widget.AppCompatTextView.setTextAppearance(android.content.Context, int)
10-31 16:57:02.586  3766  3766 W dex2oat : Method processed more than once: void androidx.appcompat.widget.AppCompatTextView.setTextClassifier(android.view.textclassifier.TextClassifier)
10-31 16:57:02.586  3766  3766 W dex2oat : Method processed more than once: void androidx.appcompat.widget.AppCompatTextView.setTextFuture(java.util.concurrent.Future)
10-31 16:57:02.586  3766  3766 W dex2oat : Method processed more than once: void androidx.appcompat.widget.AppCompatTextView.setTextMetricsParamsCompat(androidx.core.text.PrecomputedTextCompat$Params)
10-31 16:57:02.586  3766  3766 W dex2oat : Method processed more than once: void androidx.appcompat.widget.AppCompatTextView.setTextSize(int, float)
10-31 16:57:02.589  1417  1417 E BluetoothAdapter: Bluetooth binder is null
10-31 16:57:02.589  3766  3766 W dex2oat : Method processed more than once: void androidx.appcompat.widget.AppCompatTextView.setTypeface(android.graphics.Typeface, int)
10-31 16:57:02.591  1941  3787 D NetworkSecurityConfig: No Network Security Config specified, using platform default
10-31 16:57:02.593  1417  1417 E BluetoothAdapter: Bluetooth binder is null
10-31 16:57:02.618  1417  1417 I chatty  : uid=10012 com.google.android.gms.persistent identical 27 lines
10-31 16:57:02.619  1417  1417 E BluetoothAdapter: Bluetooth binder is null
10-31 16:57:02.619  3766  3766 I dex2oat : Explicit concurrent copying GC freed 4300(1782KB) AllocSpace objects, 0(0B) LOS objects, 84% free, 283KB/1819KB, paused 10us total 940us
10-31 16:57:02.619  1417  1417 E BluetoothAdapter: Bluetooth binder is null
10-31 16:57:02.629  1417  1417 I chatty  : uid=10012 com.google.android.gms.persistent identical 12 lines
10-31 16:57:02.630  1417  1417 E BluetoothAdapter: Bluetooth binder is null
10-31 16:57:02.630  1851  1851 I Dialer  : UpdateBroadcastReceiver.onReceive - commit succeeded: true
10-31 16:57:02.633  1417  1417 E BluetoothAdapter: Bluetooth binder is null
10-31 16:57:02.638  1941  1948 I zygote64: Do partial code cache collection, code=61KB, data=46KB
10-31 16:57:02.638  1941  1948 I zygote64: After code cache collection, code=61KB, data=46KB
10-31 16:57:02.638  1941  1948 I zygote64: Increasing code cache capacity to 256KB
10-31 16:57:02.639  3766  3766 I dex2oat : dex2oat took 311.610ms (429.720ms cpu) (threads: 4) arena alloc=74KB (76080B) java alloc=283KB (290080B) native alloc=2MB (2736584B) free=3MB (3554872B)
10-31 16:57:02.641  1417  1417 E BluetoothAdapter: Bluetooth binder is null
10-31 16:57:02.642  1417  1417 I chatty  : uid=10012 com.google.android.gms.persistent identical 1 line
10-31 16:57:02.643  1417  1417 E BluetoothAdapter: Bluetooth binder is null
10-31 16:57:02.663  1113  1152 D installd: Applied hard quotas for 10074
10-31 16:57:02.663  1297  1328 D PackageManager: Ephemeral installer not found with new action; try old one
10-31 16:57:02.663  1297  1328 D PackageManager: Clear ephemeral installer activity
10-31 16:57:02.664  1417  1417 E BluetoothAdapter: Bluetooth binder is null
10-31 16:57:02.669  2081  2081 D PhenotypeFlagCommitter: Committed to new configuration from Phenotype
10-31 16:57:02.674  2081  2081 D PhenotypeFlagCommitter: Commit finished, result:true
10-31 16:57:02.679  1417  1417 E BluetoothAdapter: Bluetooth binder is null
10-31 16:57:02.680  1941  3790 D DownloadManager: [8] Starting
10-31 16:57:02.682  1297  1328 V BackupManagerService: restoreAtInstall pkg=com.easyfitness token=1 restoreSet=0
10-31 16:57:02.685  1297  1328 V BackupManagerService: Finishing install immediately
10-31 16:57:02.689  1113  1152 E         : Couldn't opendir /data/app/vmdl580826173.tmp: No such file or directory
10-31 16:57:02.689  1113  1152 E installd: Failed to delete /data/app/vmdl580826173.tmp: No such file or directory
10-31 16:57:02.690  1417  3633 I Auth    : [AuthManaged,PasswordComplexityHelperImpl] Updating password complexity components state.
10-31 16:57:02.690  1417  3633 I Auth    : [AuthManaged,PasswordComplexityHelperImpl] Disabling com.google.android.gms.auth.managed.admin.DeviceAdminReceiver
10-31 16:57:02.690  1417  3633 I Auth    : [AuthManaged,PasswordComplexityHelperImpl] Disabling com.google.android.gms.auth.managed.ui.SetNewPasswordActivity
10-31 16:57:02.696  1417  1417 E BluetoothAdapter: Bluetooth binder is null
10-31 16:57:02.696  1941  3790 D NetworkSecurityConfig: No Network Security Config specified, using platform default
10-31 16:57:02.701  1297  1368 I InputReader: Reconfiguring input devices.  changes=0x00000010
10-31 16:57:02.707  1417  2346 I zygote64: Deoptimizing int czc.a(bttm, cyu, java.lang.Comparable) due to JIT inline cache
10-31 16:57:02.709  1417  1417 E BluetoothAdapter: Bluetooth binder is null
10-31 16:57:02.711  1417  1417 E BluetoothAdapter: Bluetooth binder is null
10-31 16:57:02.712  1417  3673 I aorp    : updateFromConfigurations using legacy put method [CONTEXT service_id=204 ]
10-31 16:57:02.715  1941  3785 D DownloadManager: [6] Finished with status SUCCESS
10-31 16:57:02.717  1575  1575 D CarrierSvcBindHelper: No carrier app for: 0
10-31 16:57:02.725  1575  1575 D ImsResolver: maybeAddedImsService, packageName: com.easyfitness
10-31 16:57:02.725  1575  1575 D CarrierConfigLoader: mHandler: 9 phoneId: 0
10-31 16:57:02.728  1941  3787 D DownloadManager: [7] Finished with status SUCCESS
10-31 16:57:02.731  1799  3687 I Auth    : [SupervisedAccountIntentOperation] onHandleIntent(): android.intent.action.PACKAGE_ADDED
10-31 16:57:02.733  1417  3675 W GCM     : Unexpected forwarded intent: Intent { act=android.intent.action.PACKAGE_ADDED dat=package:com.easyfitness flg=0x4000010 cmp=com.google.android.gms/.chimera.PersistentIntentOperationService (has extras) }
10-31 16:57:02.734  1297  1990 W ActivityManager: Unable to start service Intent { act=com.google.android.gms.auth.key.retrieval.service.START pkg=com.google.android.gms } U=0: not found
10-31 16:57:02.734  1297  2520 W ActivityManager: Unbind failed: could not find connection for android.os.BinderProxy@db55c2b
10-31 16:57:02.734  1799  2326 E GmsClient: unable to connect to service: com.google.android.gms.auth.key.retrieval.service.START on com.google.android.gms
10-31 16:57:02.734  1417  3671 W GCM     : Unexpected forwarded intent: Intent { act=android.intent.action.PACKAGE_ADDED dat=package:com.easyfitness flg=0x4000010 cmp=com.google.android.gms/.chimera.PersistentIntentOperationService (has extras) }
10-31 16:57:02.735  1417  1417 E BluetoothAdapter: Bluetooth binder is null
10-31 16:57:02.740  1417  1417 I chatty  : uid=10012 com.google.android.gms.persistent identical 4 lines
10-31 16:57:02.741  1417  1417 E BluetoothAdapter: Bluetooth binder is null
10-31 16:57:02.743  1799  3686 I ChromeSync: [Sync,SyncIntentOperation] Handling the intent: Intent { act=android.intent.action.PACKAGE_ADDED dat=package:com.easyfitness flg=0x4000010 cmp=com.google.android.gms/.chimera.GmsIntentOperationService (has extras) }.
10-31 16:57:02.745  1417  1417 E BluetoothAdapter: Bluetooth binder is null
10-31 16:57:02.745  1417  1417 I chatty  : uid=10012 com.google.android.gms.persistent identical 1 line
10-31 16:57:02.745  1417  1417 E BluetoothAdapter: Bluetooth binder is null
10-31 16:57:02.749  1417  3675 I Auth    : [AuthManaged,PasswordComplexityHelperImpl] Updating password complexity components state.
10-31 16:57:02.749  1417  3675 I Auth    : [AuthManaged,PasswordComplexityHelperImpl] Disabling com.google.android.gms.auth.managed.admin.DeviceAdminReceiver
10-31 16:57:02.749  1417  3675 I Auth    : [AuthManaged,PasswordComplexityHelperImpl] Disabling com.google.android.gms.auth.managed.ui.SetNewPasswordActivity
10-31 16:57:02.750  1799  3687 I Auth    : [SupervisedAccountIntentOperation] This operation is disabled
10-31 16:57:02.750  1417  3677 I aorp    : updateFromConfigurations using legacy put method [CONTEXT service_id=204 ]
10-31 16:57:02.755  1417  1417 E BluetoothAdapter: Bluetooth binder is null
10-31 16:57:02.761  1799  3686 I ChromeSync: [Persistence,AffiliationManager] One of affiliation or grouping data for android://MxeKe8G9dgdxBoqconuYXtvb_IBaz93kWLUMHl1BbIIryfysRoJg6kaAyKU0ohJdKrfL1jolEN-nGImoG8i3aQ==@com.easyfitness/ was not found. Marking affiliation data as stale...
10-31 16:57:02.762  1297  1297 I Telecom : DefaultDialerCache: Refreshing default dialer for user 0: now com.google.android.dialer: DDC.oR@AGY
10-31 16:57:02.769  1417  1417 E BluetoothAdapter: Bluetooth binder is null
10-31 16:57:02.787  1297  1313 D AutofillUI: destroySaveUiUiThread(): already destroyed
10-31 16:57:02.788  1297  1311 D AutofillManagerServiceImpl: Set component for user 0 as ServiceInfo{1d7c1cf com.google.android.gms.autofill.service.AutofillService}
10-31 16:57:02.810  1417  1417 I chatty  : uid=10012 com.google.android.gms.persistent identical 5 lines
10-31 16:57:02.812  1417  1417 E BluetoothAdapter: Bluetooth binder is null
10-31 16:57:02.817  1417  3677 I Auth    : [AuthManaged,PasswordComplexityHelperImpl] Updating password complexity components state.
10-31 16:57:02.817  1417  3677 I Auth    : [AuthManaged,PasswordComplexityHelperImpl] Disabling com.google.android.gms.auth.managed.admin.DeviceAdminReceiver
10-31 16:57:02.817  1417  3677 I Auth    : [AuthManaged,PasswordComplexityHelperImpl] Disabling com.google.android.gms.auth.managed.ui.SetNewPasswordActivity
10-31 16:57:02.820  1417  1417 E BluetoothAdapter: Bluetooth binder is null
10-31 16:57:02.828  1417  1417 I chatty  : uid=10012 com.google.android.gms.persistent identical 1 line
10-31 16:57:02.833  1417  1417 E BluetoothAdapter: Bluetooth binder is null
10-31 16:57:02.835  3006  3011 I zygote64: Do partial code cache collection, code=30KB, data=25KB
10-31 16:57:02.835  3006  3011 I zygote64: After code cache collection, code=30KB, data=25KB
10-31 16:57:02.835  3006  3011 I zygote64: Increasing code cache capacity to 128KB
