10-31 16:57:02.838  1417  1417 E BluetoothAdapter: Bluetooth binder is null
10-31 16:57:02.840  1417  1417 E BluetoothAdapter: Bluetooth binder is null
10-31 16:57:02.841  1417  3677 I Auth    : [AuthManaged,PasswordComplexityHelperImpl] Updating password complexity components state.
10-31 16:57:02.841  1417  3677 I Auth    : [AuthManaged,PasswordComplexityHelperImpl] Disabling com.google.android.gms.auth.managed.admin.DeviceAdminReceiver
10-31 16:57:02.842  1417  3677 I Auth    : [AuthManaged,PasswordComplexityHelperImpl] Disabling com.google.android.gms.auth.managed.ui.SetNewPasswordActivity
10-31 16:57:02.848  1417  1417 E BluetoothAdapter: Bluetooth binder is null
10-31 16:57:02.861  1417  1417 I chatty  : uid=10012 com.google.android.gms.persistent identical 3 lines
10-31 16:57:02.868  1417  1417 E BluetoothAdapter: Bluetooth binder is null
10-31 16:57:02.868  1417  3677 I Auth    : [AuthManaged,PasswordComplexityHelperImpl] Updating password complexity components state.
10-31 16:57:02.868  1417  3677 I Auth    : [AuthManaged,PasswordComplexityHelperImpl] Disabling com.google.android.gms.auth.managed.admin.DeviceAdminReceiver
10-31 16:57:02.869  1417  3677 I Auth    : [AuthManaged,PasswordComplexityHelperImpl] Disabling com.google.android.gms.auth.managed.ui.SetNewPasswordActivity
10-31 16:57:02.874  1417  1417 E BluetoothAdapter: Bluetooth binder is null
10-31 16:57:02.876  3804  3804 D AndroidRuntime: >>>>>> START com.android.internal.os.RuntimeInit uid 2000 <<<<<<
10-31 16:57:02.882  1417  1417 E BluetoothAdapter: Bluetooth binder is null
10-31 16:57:02.896  1417  1417 I chatty  : uid=10012 com.google.android.gms.persistent identical 3 lines
10-31 16:57:02.901  1417  1417 E BluetoothAdapter: Bluetooth binder is null
10-31 16:57:02.907  1417  3677 I Auth    : [AuthManaged,PasswordComplexityHelperImpl] Updating password complexity components state.
10-31 16:57:02.907  1417  3677 I Auth    : [AuthManaged,PasswordComplexityHelperImpl] Disabling com.google.android.gms.auth.managed.admin.DeviceAdminReceiver
10-31 16:57:02.908  1417  3677 I Auth    : [AuthManaged,PasswordComplexityHelperImpl] Disabling com.google.android.gms.auth.managed.ui.SetNewPasswordActivity
10-31 16:57:02.911  1417  1417 E BluetoothAdapter: Bluetooth binder is null
10-31 16:57:02.916  1417  1417 E BluetoothAdapter: Bluetooth binder is null
10-31 16:57:02.918  3006  3011 I zygote64: Do partial code cache collection, code=55KB, data=39KB
10-31 16:57:02.918  3006  3011 I zygote64: After code cache collection, code=55KB, data=39KB
10-31 16:57:02.918  3006  3011 I zygote64: Increasing code cache capacity to 256KB
10-31 16:57:02.923  1417  1417 E BluetoothAdapter: Bluetooth binder is null
10-31 16:57:02.927  3804  3804 I app_process: The ClassLoaderContext is a special shared library.
10-31 16:57:02.928  1417  1417 E BluetoothAdapter: Bluetooth binder is null
10-31 16:57:02.930  1941  3790 D DownloadManager: [8] Finished with status SUCCESS
10-31 16:57:02.933  1417  1417 E BluetoothAdapter: Bluetooth binder is null
10-31 16:57:02.937  1417  1417 E BluetoothAdapter: Bluetooth binder is null
10-31 16:57:02.937  3804  3804 D AndroidRuntime: Calling main entry com.android.commands.monkey.Monkey
10-31 16:57:02.938  3804  3804 W Monkey  : args: [-p, com.easyfitness, -c, android.intent.category.LAUNCHER, 1]
10-31 16:57:02.938  3804  3804 W Monkey  :  arg: "-p"
10-31 16:57:02.938  3804  3804 W Monkey  :  arg: "com.easyfitness"
10-31 16:57:02.938  3804  3804 W Monkey  :  arg: "-c"
10-31 16:57:02.938  3804  3804 W Monkey  :  arg: "android.intent.category.LAUNCHER"
10-31 16:57:02.938  3804  3804 W Monkey  :  arg: "1"
10-31 16:57:02.938  3804  3804 W Monkey  : data="com.easyfitness"
10-31 16:57:02.938  3804  3804 W Monkey  : data="android.intent.category.LAUNCHER"
10-31 16:57:02.942  1417  1417 E BluetoothAdapter: Bluetooth binder is null
10-31 16:57:02.945  1297  2060 W BroadcastQueue: Background execution not allowed: receiving Intent { act=android.intent.action.PACKAGE_ADDED dat=package:com.easyfitness flg=0x4000010 (has extras) } to com.google.android.gms/.games.chimera.GamesSystemBroadcastReceiverProxy
10-31 16:57:02.945  1297  1312 W BroadcastQueue: Background execution not allowed: receiving Intent { act=android.intent.action.PACKAGE_ADDED dat=package:com.easyfitness flg=0x4000010 (has extras) } to com.google.android.gms/.gass.chimera.PackageChangeBroadcastReceiver
10-31 16:57:02.945  1297  1312 W BroadcastQueue: Background execution not allowed: receiving Intent { act=android.intent.action.PACKAGE_ADDED dat=package:com.easyfitness flg=0x4000010 (has extras) } to com.google.android.gms/.chimera.GmsIntentOperationService$PersistentTrustedReceiver
10-31 16:57:02.945  1297  1312 W BroadcastQueue: Background execution not allowed: receiving Intent { act=android.intent.action.PACKAGE_ADDED dat=package:com.easyfitness flg=0x4000010 (has extras) } to com.google.android.googlequicksearchbox/com.google.android.apps.gsa.googlequicksearchbox.GelStubAppWatcher
10-31 16:57:02.953  1297  1312 W BroadcastQueue: Skipping deliver [background] BroadcastRecord{3ad869f u-1 android.net.conn.CONNECTIVITY_CHANGE} to ReceiverList{de0f3ec 3804 (unknown name)/2000/u-1 remote:8b740f9}: process gone or crashing
10-31 16:57:02.949  1417  1417 I chatty  : uid=10012 com.google.android.gms.persistent identical 1 line
10-31 16:57:02.952  1417  1417 E BluetoothAdapter: Bluetooth binder is null
10-31 16:57:02.959  1417  3677 I Auth    : [AuthManaged,PasswordComplexityHelperImpl] Updating password complexity components state.
10-31 16:57:02.959  1417  3677 I Auth    : [AuthManaged,PasswordComplexityHelperImpl] Disabling com.google.android.gms.auth.managed.admin.DeviceAdminReceiver
10-31 16:57:02.959  1417  3677 I Auth    : [AuthManaged,PasswordComplexityHelperImpl] Disabling com.google.android.gms.auth.managed.ui.SetNewPasswordActivity
10-31 16:57:02.960  1417  1417 E BluetoothAdapter: Bluetooth binder is null
10-31 16:57:02.961  1297  3789 I ActivityManager: START u0 {act=android.intent.action.MAIN cat=[android.intent.category.LAUNCHER] flg=0x10200000 cmp=com.easyfitness/.MainActivity} from uid 2000
10-31 16:57:02.963  1297  3789 W Binder  : Outgoing transactions from this process must be FLAG_ONEWAY
10-31 16:57:02.963  1297  3789 W Binder  : java.lang.Throwable
10-31 16:57:02.963  1297  3789 W Binder  : 	at android.os.BinderProxy.transact(Binder.java:752)
10-31 16:57:02.963  1297  3789 W Binder  : 	at android.app.IActivityController$Stub$Proxy.activityStarting(IActivityController.java:172)
10-31 16:57:02.963  1297  3789 W Binder  : 	at com.android.server.am.ActivityStarter.startActivity(ActivityStarter.java:449)
10-31 16:57:02.963  1297  3789 W Binder  : 	at com.android.server.am.ActivityStarter.startActivityLocked(ActivityStarter.java:278)
10-31 16:57:02.963  1297  3789 W Binder  : 	at com.android.server.am.ActivityStarter.startActivityMayWait(ActivityStarter.java:817)
10-31 16:57:02.963  1297  3789 W Binder  : 	at com.android.server.am.ActivityManagerService.startActivityAsUser(ActivityManagerService.java:4532)
10-31 16:57:02.963  1297  3789 W Binder  : 	at com.android.server.am.ActivityManagerService.startActivity(ActivityManagerService.java:4519)
10-31 16:57:02.963  1297  3789 W Binder  : 	at android.app.IActivityManager$Stub.onTransact(IActivityManager.java:121)
10-31 16:57:02.963  1297  3789 W Binder  : 	at com.android.server.am.ActivityManagerService.onTransact(ActivityManagerService.java:2919)
10-31 16:57:02.963  1297  3789 W Binder  : 	at android.os.Binder.execTransact(Binder.java:697)
10-31 16:57:02.970  3804  3804 I Monkey  : Events injected: 1
10-31 16:57:02.973  1417  1422 I zygote64: Compiler allocated 4MB to compile com.google.android.gms.phenotype.Configurations aool.a(android.content.Context, aond)
10-31 16:57:02.973  1941  3718 D DownloadManager: [2] Finished with status SUCCESS
10-31 16:57:02.974  3827  3827 I zygote64: Late-enabling -Xcheck:jni
10-31 16:57:02.982  1297  1897 I ActivityManager: Start proc 3827:com.easyfitness/u0a74 for activity com.easyfitness/.MainActivity
10-31 16:57:02.999  3804  3804 I Monkey  : ## Network stats: elapsed time=14ms (0ms mobile, 0ms wifi, 14ms not connected)
10-31 16:57:02.999  3804  3804 I com.android.commands.monkey: System.exit called, status: 0
10-31 16:57:02.999  3804  3804 I AndroidRuntime: VM exiting with result code 0.
10-31 16:57:03.007  1096  1096 D gralloc_ranchu: gralloc_alloc: Creating ashmem region of size 10371072
10-31 16:57:03.009  1297  1350 D         : HostConnection::get() New Host Connection established 0x77d6f992e0, tid 1350
10-31 16:57:03.009  1417  1417 E BluetoothAdapter: Bluetooth binder is null
10-31 16:57:03.018  1417  3677 I Auth    : [AuthManaged,PasswordComplexityHelperImpl] Updating password complexity components state.
10-31 16:57:03.018  1417  3677 I Auth    : [AuthManaged,PasswordComplexityHelperImpl] Disabling com.google.android.gms.auth.managed.admin.DeviceAdminReceiver
10-31 16:57:03.019  1417  3677 I Auth    : [AuthManaged,PasswordComplexityHelperImpl] Disabling com.google.android.gms.auth.managed.ui.SetNewPasswordActivity
10-31 16:57:03.021  1417  1417 E BluetoothAdapter: Bluetooth binder is null
10-31 16:57:03.027  1417  1417 I chatty  : uid=10012 com.google.android.gms.persistent identical 3 lines
10-31 16:57:03.028  1417  1417 E BluetoothAdapter: Bluetooth binder is null
10-31 16:57:03.029  3827  3827 D AppCompatDelegate: Application config ({1.0 310mcc260mnc [en_US] ldltr sw411dp w411dp h842dp 420dpi nrml long port finger qwerty/v/v -nav/h appBounds=Rect(0, 0 - 1080, 2274) s.6}) matches base context config, using empty base overlay
10-31 16:57:03.030  3827  3827 D AppCompatDelegate: Applying night mode using ContextThemeWrapper and applyOverrideConfiguration(). Config: {0.0 ?mcc?mnc ?localeList ?layoutDir ?swdp ?wdp ?hdp ?density ?lsize ?long ?ldr ?wideColorGamut ?orien ?uimode ?touch ?keyb/?/? ?nav/?}
10-31 16:57:03.038  3827  3827 D AppCompatDelegate: setDefaultNightMode. New:-1, Current:-100
10-31 16:57:03.038  3827  3827 D AppCompatDelegate: updateForNightMode [allowRecreation:false, currentNightMode:16, newNightMode:16, activityHandlingUiMode:false, baseContextAttached:true, created:false, canReturnDifferentContext:true, host:com.easyfitness.MainActivity@1f8591e]
10-31 16:57:03.039  3827  3827 D AppCompatDelegate: updateForNightMode not recreating Activity: com.easyfitness.MainActivity@1f8591e
10-31 16:57:03.039  3827  3827 D AppCompatDelegate: updateForNightMode. Skipping. Night mode: -1 for host:com.easyfitness.MainActivity@1f8591e
10-31 16:57:03.042  2081  2239 D EGL_emulation: eglMakeCurrent: 0x77e3afc820: ver 3 0 (tinfo 0x77d9a52fc0)
10-31 16:57:03.043  3197  3274 D EGL_emulation: eglMakeCurrent: 0x77d67db280: ver 3 0 (tinfo 0x77e3a46c80)
10-31 16:57:03.044  1106  1819 D         : HostConnection::get() New Host Connection established 0x7bdd51a500, tid 1819
10-31 16:57:03.045  1106  1819 D gralloc_ranchu: gralloc_unregister_buffer: exiting HostConnection (is buffer-handling thread)
10-31 16:57:03.045  1106  1819 D         : HostConnection::get() New Host Connection established 0x7bdd51a500, tid 1819
10-31 16:57:03.045  1106  1819 D gralloc_ranchu: gralloc_unregister_buffer: exiting HostConnection (is buffer-handling thread)
10-31 16:57:03.046  1106  1819 D         : HostConnection::get() New Host Connection established 0x7bdd51a500, tid 1819
10-31 16:57:03.046  1106  1819 D gralloc_ranchu: gralloc_unregister_buffer: exiting HostConnection (is buffer-handling thread)
10-31 16:57:03.046  1106  1819 D         : HostConnection::get() New Host Connection established 0x7bdd51a500, tid 1819
10-31 16:57:03.047  1106  1819 D gralloc_ranchu: gralloc_unregister_buffer: exiting HostConnection (is buffer-handling thread)
10-31 16:57:03.052  3078  3765 I ConfigUpdater: Update downloaded, starting installation
10-31 16:57:03.056  3078  3765 I ConfigUpdater: doneInstall
10-31 16:57:03.059  1941  3772 V DownloadManager: Deleting /data/data/com.android.providers.downloads/cache/09222023-sms-denylist-metadata.txt via provider delete
10-31 16:57:03.060  1941  3772 V DownloadManager: Deleting /data/data/com.android.providers.downloads/cache/09222023-sms-denylist.txt via provider delete
10-31 16:57:03.089  3078  3768 I ConfigUpdater: Update downloaded, starting installation
10-31 16:57:03.091  3078  3768 I ConfigUpdater: doneInstall
10-31 16:57:03.095  3197  3236 E SQLiteLog: (1) no such table: blob_table
10-31 16:57:03.096  1941  3772 V DownloadManager: Deleting /data/data/com.android.providers.downloads/cache/08202014-metadata.txt via provider delete
10-31 16:57:03.096  1941  3772 V DownloadManager: Deleting /data/data/com.android.providers.downloads/cache/08202014-pins.txt via provider delete
10-31 16:57:03.124  3827  3827 E SQLiteLog: (1) no such table: EFcardio
10-31 16:57:03.129  1297  1990 I ActivityManager: START u0 {cmp=com.easyfitness/.intro.MainIntroActivity} from uid 10074
10-31 16:57:03.137  3006  3011 I zygote64: Do full code cache collection, code=81KB, data=52KB
10-31 16:57:03.137  3006  3011 I zygote64: After code cache collection, code=64KB, data=31KB
10-31 16:57:03.140  3827  3827 D AppCompatDelegate: updateForNightMode [allowRecreation:true, currentNightMode:16, newNightMode:16, activityHandlingUiMode:false, baseContextAttached:true, created:true, canReturnDifferentContext:true, host:com.easyfitness.MainActivity@1f8591e]
10-31 16:57:03.140  3827  3827 D AppCompatDelegate: updateForNightMode not recreating Activity: com.easyfitness.MainActivity@1f8591e
10-31 16:57:03.140  3827  3827 D AppCompatDelegate: updateForNightMode. Skipping. Night mode: -1 for host:com.easyfitness.MainActivity@1f8591e
10-31 16:57:03.140  1799  3670 I ChromeSync: [Sync,SyncIntentOperation] Handling the intent: Intent { act=com.google.android.gms.phenotype.COMMITTED flg=0x10 pkg=com.google.android.gms cmp=com.google.android.gms/.chimera.GmsIntentOperationService (has extras) }.
10-31 16:57:03.144  1799  3687 I MdiSyncModule: flag handling is skipping irrelevant intent.
10-31 16:57:03.145  1799  3713 W ModuleInitIntentOp: Dropping unexpected action com.google.android.gms.phenotype.COMMITTED
10-31 16:57:03.149  1417  2343 I aopq    : Scheduling Phenotype for a PhenotypeSyncImmediately(12, com.google.android.gms) one off with window [1, 2] in seconds [CONTEXT service_id=51 ]
10-31 16:57:03.155  1417  3676 I PTCommittedOperation: Receive new configuration for com.google.android.gms.auth_api_phone
10-31 16:57:03.157  1106  1819 E SurfaceFlinger: ro.sf.lcd_density must be defined as a build property
10-31 16:57:03.158  3827  3851 D OpenGLRenderer: HWUI GL Pipeline
10-31 16:57:03.171  1417  1428 I zygote64: Background concurrent copying GC freed 86418(5MB) AllocSpace objects, 6(312KB) LOS objects, 35% free, 10MB/16MB, paused 216us total 105.942ms
10-31 16:57:03.191  1417  3677 I Auth    : [AuthManaged,PasswordComplexityHelperImpl] Updating password complexity components state.
10-31 16:57:03.191  1417  3677 I Auth    : [AuthManaged,PasswordComplexityHelperImpl] Disabling com.google.android.gms.auth.managed.admin.DeviceAdminReceiver
10-31 16:57:03.191  1417  3677 I Auth    : [AuthManaged,PasswordComplexityHelperImpl] Disabling com.google.android.gms.auth.managed.ui.SetNewPasswordActivity
10-31 16:57:03.192  1799  3670 I ChromeSync: [Sync,SyncIntentOperation] Handling the intent: Intent { act=com.google.android.gms.phenotype.COMMITTED flg=0x10 pkg=com.google.android.gms cmp=com.google.android.gms/.chimera.GmsIntentOperationService (has extras) }.
10-31 16:57:03.194  1799  3670 I MdiSyncModule: flag handling is skipping irrelevant intent.
10-31 16:57:03.195  1799  3685 W ModuleInitIntentOp: Dropping unexpected action com.google.android.gms.phenotype.COMMITTED
10-31 16:57:03.197  1417  3673 I PTCommittedOperation: Receive new configuration for com.google.android.gms.auth_api_proxy
10-31 16:57:03.218  3827  3832 I zygote64: Do partial code cache collection, code=23KB, data=27KB
10-31 16:57:03.219  3827  3832 I zygote64: After code cache collection, code=23KB, data=27KB
10-31 16:57:03.219  3827  3832 I zygote64: Increasing code cache capacity to 128KB
10-31 16:57:03.219  3827  3832 I zygote64: Do partial code cache collection, code=23KB, data=47KB
10-31 16:57:03.219  3827  3832 I zygote64: After code cache collection, code=23KB, data=47KB
10-31 16:57:03.219  3827  3832 I zygote64: Increasing code cache capacity to 256KB
10-31 16:57:03.220  3827  3832 I zygote64: Compiler allocated 7MB to compile void android.widget.TextView.<init>(android.content.Context, android.util.AttributeSet, int, int)
10-31 16:57:03.228  3827  3832 I zygote64: Compiler allocated 4MB to compile void android.view.View.<init>(android.content.Context, android.util.AttributeSet, int, int)
10-31 16:57:03.228  1417  3677 I Auth    : [AuthManaged,PasswordComplexityHelperImpl] Updating password complexity components state.
10-31 16:57:03.228  1417  3677 I Auth    : [AuthManaged,PasswordComplexityHelperImpl] Disabling com.google.android.gms.auth.managed.admin.DeviceAdminReceiver
10-31 16:57:03.228  1417  3677 I Auth    : [AuthManaged,PasswordComplexityHelperImpl] Disabling com.google.android.gms.auth.managed.ui.SetNewPasswordActivity
10-31 16:57:03.241  1799  3660 I ChromeSync: [Sync,SyncIntentOperation] Handling the intent: Intent { act=com.google.android.gms.phenotype.COMMITTED flg=0x10 pkg=com.google.android.gms cmp=com.google.android.gms/.chimera.GmsIntentOperationService (has extras) }.
10-31 16:57:03.242  1799  3849 I MdiSyncModule: flag handling is skipping irrelevant intent.
10-31 16:57:03.242  1799  3660 W ModuleInitIntentOp: Dropping unexpected action com.google.android.gms.phenotype.COMMITTED
10-31 16:57:03.245  1417  3633 I PTCommittedOperation: Receive new configuration for com.google.android.gms.reminders
10-31 16:57:03.327  3827  3832 I zygote64: Do full code cache collection, code=125KB, data=79KB
10-31 16:57:03.328  3827  3832 I zygote64: After code cache collection, code=120KB, data=59KB
10-31 16:57:03.337  3827  3832 I zygote64: Do partial code cache collection, code=122KB, data=64KB
10-31 16:57:03.338  3827  3832 I zygote64: After code cache collection, code=122KB, data=64KB
10-31 16:57:03.338  3827  3832 I zygote64: Increasing code cache capacity to 512KB
10-31 16:57:03.342  1417  3633 I Auth    : [AuthManaged,PasswordComplexityHelperImpl] Updating password complexity components state.
10-31 16:57:03.342  1417  3633 I Auth    : [AuthManaged,PasswordComplexityHelperImpl] Disabling com.google.android.gms.auth.managed.admin.DeviceAdminReceiver
10-31 16:57:03.342  1417  3633 I Auth    : [AuthManaged,PasswordComplexityHelperImpl] Disabling com.google.android.gms.auth.managed.ui.SetNewPasswordActivity
10-31 16:57:03.361  1417  3677 I PTCommittedOperation: Receive new configuration for com.google.android.client_error_logging
10-31 16:57:03.364  1417  3633 I Auth    : [AuthManaged,PasswordComplexityHelperImpl] Updating password complexity components state.
10-31 16:57:03.364  1417  3633 I Auth    : [AuthManaged,PasswordComplexityHelperImpl] Disabling com.google.android.gms.auth.managed.admin.DeviceAdminReceiver
10-31 16:57:03.364  1417  3633 I Auth    : [AuthManaged,PasswordComplexityHelperImpl] Disabling com.google.android.gms.auth.managed.ui.SetNewPasswordActivity
10-31 16:57:03.365  1799  3670 I ChromeSync: [Sync,SyncIntentOperation] Handling the intent: Intent { act=com.google.android.gms.phenotype.COMMITTED flg=0x10 pkg=com.google.android.gms cmp=com.google.android.gms/.chimera.GmsIntentOperationService (has extras) }.
10-31 16:57:03.368  1799  3713 I MdiSyncModule: flag handling is skipping irrelevant intent.
10-31 16:57:03.368  1799  3687 W ModuleInitIntentOp: Dropping unexpected action com.google.android.gms.phenotype.COMMITTED
10-31 16:57:03.383  1417  3633 I Auth    : [AuthManaged,PasswordComplexityHelperImpl] Updating password complexity components state.
10-31 16:57:03.383  1417  3633 I Auth    : [AuthManaged,PasswordComplexityHelperImpl] Disabling com.google.android.gms.auth.managed.admin.DeviceAdminReceiver
10-31 16:57:03.383  1417  3633 I Auth    : [AuthManaged,PasswordComplexityHelperImpl] Disabling com.google.android.gms.auth.managed.ui.SetNewPasswordActivity
10-31 16:57:03.412  1417  3852 I Auth    : [AuthManaged,PasswordComplexityHelperImpl] Updating password complexity components state.
10-31 16:57:03.412  1417  3852 I Auth    : [AuthManaged,PasswordComplexityHelperImpl] Disabling com.google.android.gms.auth.managed.admin.DeviceAdminReceiver
10-31 16:57:03.413  1417  3852 I Auth    : [AuthManaged,PasswordComplexityHelperImpl] Disabling com.google.android.gms.auth.managed.ui.SetNewPasswordActivity
10-31 16:57:03.426  1417  3633 I Auth    : [AuthManaged,PasswordComplexityHelperImpl] Updating password complexity components state.
10-31 16:57:03.426  1417  3633 I Auth    : [AuthManaged,PasswordComplexityHelperImpl] Disabling com.google.android.gms.auth.managed.admin.DeviceAdminReceiver
10-31 16:57:03.426  1417  3633 I Auth    : [AuthManaged,PasswordComplexityHelperImpl] Disabling com.google.android.gms.auth.managed.ui.SetNewPasswordActivity
10-31 16:57:03.463  3827  3832 I zygote64: Do full code cache collection, code=250KB, data=165KB
10-31 16:57:03.463  3827  3832 I zygote64: After code cache collection, code=250KB, data=133KB
10-31 16:57:03.467  3078  3761 I ConfigUpdater: Update downloaded, starting installation
10-31 16:57:03.474  1417  3674 I Auth    : [AuthManaged,PasswordComplexityHelperImpl] Updating password complexity components state.
10-31 16:57:03.474  1417  3674 I Auth    : [AuthManaged,PasswordComplexityHelperImpl] Disabling com.google.android.gms.auth.managed.admin.DeviceAdminReceiver
10-31 16:57:03.476  1417  3674 I Auth    : [AuthManaged,PasswordComplexityHelperImpl] Disabling com.google.android.gms.auth.managed.ui.SetNewPasswordActivity
10-31 16:57:03.480  1097  1097 D gralloc_ranchu: gralloc_unregister_buffer: exiting HostConnection (is buffer-handling thread)
10-31 16:57:03.481  1097  1097 D         : HostConnection::get() New Host Connection established 0x7b9b82f420, tid 1097
10-31 16:57:03.481  1097  1097 D gralloc_ranchu: gralloc_unregister_buffer: exiting HostConnection (is buffer-handling thread)
10-31 16:57:03.481  1097  1097 D         : HostConnection::get() New Host Connection established 0x7b9b82f420, tid 1097
10-31 16:57:03.481  1097  1097 D gralloc_ranchu: gralloc_unregister_buffer: exiting HostConnection (is buffer-handling thread)
10-31 16:57:03.482  3078  3761 I ConfigUpdater: doneInstall
10-31 16:57:03.482  1097  1097 D         : HostConnection::get() New Host Connection established 0x7b9b82f420, tid 1097
10-31 16:57:03.482  1097  1097 D gralloc_ranchu: gralloc_unregister_buffer: exiting HostConnection (is buffer-handling thread)
10-31 16:57:03.482  1097  1097 D         : HostConnection::get() New Host Connection established 0x7b9b82f420, tid 1097
10-31 16:57:03.482  1097  1097 D gralloc_ranchu: gralloc_unregister_buffer: exiting HostConnection (is buffer-handling thread)
10-31 16:57:03.482  1097  1097 D         : HostConnection::get() New Host Connection established 0x7b9b82f420, tid 1097
10-31 16:57:03.482  1452  1656 D EGL_emulation: eglMakeCurrent: 0x77e683b6c0: ver 3 0 (tinfo 0x77e688f5e0)
10-31 16:57:03.483  1097  1097 D gralloc_ranchu: gralloc_unregister_buffer: exiting HostConnection (is buffer-handling thread)
10-31 16:57:03.483  1097  1097 D         : HostConnection::get() New Host Connection established 0x7b9b82f420, tid 1097
10-31 16:57:03.483  1097  1097 D gralloc_ranchu: gralloc_unregister_buffer: exiting HostConnection (is buffer-handling thread)
10-31 16:57:03.483  1097  1097 D         : HostConnection::get() New Host Connection established 0x7b9b82f420, tid 1097
10-31 16:57:03.483  1097  1097 D gralloc_ranchu: gralloc_unregister_buffer: exiting HostConnection (is buffer-handling thread)
10-31 16:57:03.486  1452  1656 D EGL_emulation: eglMakeCurrent: 0x77e683b6c0: ver 3 0 (tinfo 0x77e688f5e0)
10-31 16:57:03.486  1941  2476 V DownloadManager: Deleting /data/data/com.android.providers.downloads/cache/en.image.metadata via provider delete
10-31 16:57:03.486  1097  1097 D         : HostConnection::get() New Host Connection established 0x7b9b82f420, tid 1097
10-31 16:57:03.488  1417  3674 I Auth    : [AuthManaged,PasswordComplexityHelperImpl] Updating password complexity components state.
10-31 16:57:03.488  1417  3674 I Auth    : [AuthManaged,PasswordComplexityHelperImpl] Disabling com.google.android.gms.auth.managed.admin.DeviceAdminReceiver
10-31 16:57:03.488  1417  3674 I Auth    : [AuthManaged,PasswordComplexityHelperImpl] Disabling com.google.android.gms.auth.managed.ui.SetNewPasswordActivity
10-31 16:57:03.490  1941  2476 V DownloadManager: Deleting /data/data/com.android.providers.downloads/cache/en.image via provider delete
10-31 16:57:03.496  3827  3832 I zygote64: Do partial code cache collection, code=252KB, data=141KB
10-31 16:57:03.498  1452  1656 D EGL_emulation: eglMakeCurrent: 0x77e683b6c0: ver 3 0 (tinfo 0x77e688f5e0)
10-31 16:57:03.498  3827  3832 I zygote64: After code cache collection, code=252KB, data=141KB
10-31 16:57:03.498  3827  3832 I zygote64: Increasing code cache capacity to 1024KB
10-31 16:57:03.502  1799  3696 I ChromeSync: [Sync,SyncIntentOperation] Handling the intent: Intent { act=com.google.android.gms.phenotype.COMMITTED flg=0x10 pkg=com.google.android.gms cmp=com.google.android.gms/.chimera.GmsIntentOperationService (has extras) }.
10-31 16:57:03.503  1799  3686 I MdiSyncModule: flag handling is skipping irrelevant intent.
10-31 16:57:03.503  1417  3853 I PTCommittedOperation: Receive new configuration for com.google.android.gms.romanesco
10-31 16:57:03.503  1799  3713 W ModuleInitIntentOp: Dropping unexpected action com.google.android.gms.phenotype.COMMITTED
10-31 16:57:03.528  1417  3674 I Auth    : [AuthManaged,PasswordComplexityHelperImpl] Updating password complexity components state.
10-31 16:57:03.528  1417  3674 I Auth    : [AuthManaged,PasswordComplexityHelperImpl] Disabling com.google.android.gms.auth.managed.admin.DeviceAdminReceiver
10-31 16:57:03.528  1417  3674 I Auth    : [AuthManaged,PasswordComplexityHelperImpl] Disabling com.google.android.gms.auth.managed.ui.SetNewPasswordActivity
10-31 16:57:03.531  1799  3859 I Vision  : Requesting optional module download of ocr.
10-31 16:57:03.534  1799  3859 I Vision  : Checking for download completion for 36851 -- ocr
10-31 16:57:03.545  1799  3660 I ChromeSync: [Sync,SyncIntentOperation] Handling the intent: Intent { act=com.google.android.gms.phenotype.COMMITTED flg=0x10 pkg=com.google.android.gms cmp=com.google.android.gms/.chimera.GmsIntentOperationService (has extras) }.
10-31 16:57:03.545  1417  3853 I PTCommittedOperation: Receive new configuration for com.google.android.gms.platformconfigurator
10-31 16:57:03.547  1799  3849 I MdiSyncModule: flag handling is skipping irrelevant intent.
10-31 16:57:03.550  1799  3858 E MS_DownloadManager: Unsupported Matchstick Download Type: 
10-31 16:57:03.550  1799  3858 E MS_DownloadManager: Failed to get download uri for unsupported Matchstick download type: 
10-31 16:57:03.565  1941  2476 V DownloadManager: Deleting /data/data/com.android.providers.downloads/cache/params_expdate_c45e5b7.dat via provider delete
10-31 16:57:03.566  2705  2705 I BuglePhenotypeBroadcastReceiver: onReceive
10-31 16:57:03.570  2705  2730 V Bugle   : Committing bugle phenotype.
10-31 16:57:03.581  2457  2457 D PhenotypeJobService: Job scheduled successfully
10-31 16:57:03.585  1297  1311 E memtrack: Couldn't load memtrack module
10-31 16:57:03.585  1297  1311 W android.os.Debug: failed to get memory consumption info: -1
10-31 16:57:03.594  1297  3861 W Binder  : Outgoing transactions from this process must be FLAG_ONEWAY
10-31 16:57:03.594  1297  3861 W Binder  : java.lang.Throwable
10-31 16:57:03.594  1297  3861 W Binder  : 	at android.os.BinderProxy.transact(Binder.java:752)
10-31 16:57:03.594  1297  3861 W Binder  : 	at android.content.ContentProviderProxy.openTypedAssetFile(ContentProviderNative.java:696)
10-31 16:57:03.594  1297  3861 W Binder  : 	at android.content.ContentResolver.openTypedAssetFileDescriptor(ContentResolver.java:1410)
10-31 16:57:03.594  1297  3861 W Binder  : 	at android.content.ContentResolver.openAssetFileDescriptor(ContentResolver.java:1247)
10-31 16:57:03.594  1297  3861 W Binder  : 	at android.content.ContentResolver.openInputStream(ContentResolver.java:967)
10-31 16:57:03.594  1297  3861 W Binder  : 	at com.android.server.updates.ConfigUpdateInstallReceiver.getAltContent(ConfigUpdateInstallReceiver.java:135)
10-31 16:57:03.594  1297  3861 W Binder  : 	at com.android.server.updates.ConfigUpdateInstallReceiver.-wrap1(Unknown Source:0)
10-31 16:57:03.594  1297  3861 W Binder  : 	at com.android.server.updates.ConfigUpdateInstallReceiver$1.run(ConfigUpdateInstallReceiver.java:65)
10-31 16:57:03.595  1297  3861 I ConfigUpdateInstallReceiver: Couldn't find current metadata, assuming first update
10-31 16:57:03.596  1297  3861 I ConfigUpdateInstallReceiver: Failed to read current content, assuming first update!
10-31 16:57:03.598  1297  3861 I ConfigUpdateInstallReceiver: Found new update, installing...
10-31 16:57:03.602  1297  3861 I ConfigUpdateInstallReceiver: Installation successful
10-31 16:57:03.608  1297  3862 I ConfigUpdateInstallReceiver: Couldn't find current metadata, assuming first update
10-31 16:57:03.608  1297  3862 I ConfigUpdateInstallReceiver: Failed to read current content, assuming first update!
10-31 16:57:03.608  1297  3862 I ConfigUpdateInstallReceiver: Found new update, installing...
10-31 16:57:03.618  1297  3862 I ConfigUpdateInstallReceiver: Installation successful
10-31 16:57:03.619  1096  1096 D gralloc_ranchu: gralloc_alloc: Creating ashmem region of size 10371072
10-31 16:57:03.620  3827  3851 D         : HostConnection::get() New Host Connection established 0x77e6839300, tid 3851
10-31 16:57:03.622  1106  1819 D         : HostConnection::get() New Host Connection established 0x7bdd519600, tid 1819
10-31 16:57:03.623  1417  3853 I NetRec  : [274] alod.a: onConfigChanged()
10-31 16:57:03.623  1096  1096 D gralloc_ranchu: gralloc_alloc: Creating ashmem region of size 10371072
10-31 16:57:03.624  1096  1096 D gralloc_ranchu: gralloc_alloc: Creating ashmem region of size 10371072
10-31 16:57:03.625  3827  3851 I zygote64: android::hardware::configstore::V1_0::ISurfaceFlingerConfigs::hasWideColorDisplay retrieved: 0
10-31 16:57:03.625  3827  3851 I OpenGLRenderer: Initialized EGL, version 1.4
10-31 16:57:03.625  3827  3851 D OpenGLRenderer: Swap behavior 1
10-31 16:57:03.625  3827  3851 W OpenGLRenderer: Failed to choose config with EGL_SWAP_BEHAVIOR_PRESERVED, retrying without...
10-31 16:57:03.625  3827  3851 D OpenGLRenderer: Swap behavior 0
10-31 16:57:03.626  3827  3851 D EGL_emulation: eglCreateContext: 0x77e683f3a0: maj 3 min 0 rcv 3
10-31 16:57:03.627  3827  3851 D EGL_emulation: eglMakeCurrent: 0x77e683f3a0: ver 3 0 (tinfo 0x77e680d760)
10-31 16:57:03.629  1106  1819 E SurfaceFlinger: ro.sf.lcd_density must be defined as a build property
10-31 16:57:03.631  1417  3852 I Auth    : [AuthManaged,PasswordComplexityHelperImpl] Updating password complexity components state.
10-31 16:57:03.631  1417  3852 I Auth    : [AuthManaged,PasswordComplexityHelperImpl] Disabling com.google.android.gms.auth.managed.admin.DeviceAdminReceiver
10-31 16:57:03.632  1417  3852 I Auth    : [AuthManaged,PasswordComplexityHelperImpl] Disabling com.google.android.gms.auth.managed.ui.SetNewPasswordActivity
10-31 16:57:03.643  1417  3853 I NetRec  : [274] alod.a: Cancelling all NetRec GCM tasks
10-31 16:57:03.643  1799  3858 I ChromeSync: [Sync,SyncIntentOperation] Handling the intent: Intent { act=com.google.android.gms.phenotype.COMMITTED flg=0x10 pkg=com.google.android.gms cmp=com.google.android.gms/.chimera.GmsIntentOperationService (has extras) }.
10-31 16:57:03.643  1799  3713 I MdiSyncModule: flag handling is skipping irrelevant intent.
10-31 16:57:03.644  1799  3857 W ModuleInitIntentOp: Dropping unexpected action com.google.android.gms.phenotype.COMMITTED
10-31 16:57:03.650  1417  3673 I NetRec  : [252] ClearDatabaseService.onHandleIntent: Clearing score cache
10-31 16:57:03.650  1417  3633 I PTCommittedOperation: Receive new configuration for com.google.android.gms.accountsettings
10-31 16:57:03.661  1297  2060 D PackageManager: Ephemeral installer not found with new action; try old one
10-31 16:57:03.661  1297  2060 D PackageManager: Clear ephemeral installer activity
10-31 16:57:03.662  1297  2060 D PackageManager: Ephemeral installer not found with new action; try old one
10-31 16:57:03.662  1297  2060 D PackageManager: Clear ephemeral installer activity
10-31 16:57:03.665  1799  3685 I ChromeSync: [Sync,SyncIntentOperation] Handling the intent: Intent { act=com.google.android.gms.phenotype.COMMITTED flg=0x10 pkg=com.google.android.gms cmp=com.google.android.gms/.chimera.GmsIntentOperationService (has extras) }.
10-31 16:57:03.665  1799  3685 I MdiSyncModule: flag handling is skipping irrelevant intent.
10-31 16:57:03.665  1799  3857 W ModuleInitIntentOp: Dropping unexpected action com.google.android.gms.phenotype.COMMITTED
10-31 16:57:03.680  1799  3687 I ChromeSync: [Sync,SyncIntentOperation] Handling the intent: Intent { act=com.google.android.gms.phenotype.COMMITTED flg=0x10 pkg=com.google.android.gms cmp=com.google.android.gms/.chimera.GmsIntentOperationService (has extras) }.
10-31 16:57:03.680  1417  3633 I PTCommittedOperation: Receive new configuration for com.google.android.gms.backup
10-31 16:57:03.681  1799  3713 I MdiSyncModule: flag handling is skipping irrelevant intent.
10-31 16:57:03.682  1799  3713 W ModuleInitIntentOp: Dropping unexpected action com.google.android.gms.phenotype.COMMITTED
10-31 16:57:03.693  1417  3673 I PTCommittedOperation: Receive new configuration for com.google.android.gms.beacon
10-31 16:57:03.695  1799  3660 I ChromeSync: [Sync,SyncIntentOperation] Handling the intent: Intent { act=com.google.android.gms.phenotype.COMMITTED flg=0x10 pkg=com.google.android.gms cmp=com.google.android.gms/.chimera.GmsIntentOperationService (has extras) }.
10-31 16:57:03.695  1799  3660 I MdiSyncModule: flag handling is skipping irrelevant intent.
10-31 16:57:03.696  1799  3670 W ModuleInitIntentOp: Dropping unexpected action com.google.android.gms.phenotype.COMMITTED
10-31 16:57:03.707  1417  3633 I PTCommittedOperation: Receive new configuration for com.google.android.gms.auth_account
10-31 16:57:03.710  1799  3859 I ChromeSync: [Sync,SyncIntentOperation] Handling the intent: Intent { act=com.google.android.gms.phenotype.COMMITTED flg=0x10 pkg=com.google.android.gms cmp=com.google.android.gms/.chimera.GmsIntentOperationService (has extras) }.
10-31 16:57:03.717  1799  3670 I MdiSyncModule: flag handling is skipping irrelevant intent.
10-31 16:57:03.720  1417  3850 I PTCommittedOperation: Receive new configuration for com.google.android.gms.family
10-31 16:57:03.728  1799  3859 W ModuleInitIntentOp: Dropping unexpected action com.google.android.gms.phenotype.COMMITTED
10-31 16:57:03.732  1799  3687 I ChromeSync: [Sync,SyncIntentOperation] Handling the intent: Intent { act=com.google.android.gms.phenotype.COMMITTED flg=0x10 pkg=com.google.android.gms cmp=com.google.android.gms/.chimera.GmsIntentOperationService (has extras) }.
10-31 16:57:03.746  1799  3660 I MdiSyncModule: flag handling is skipping irrelevant intent.
10-31 16:57:03.746  1799  3713 W ModuleInitIntentOp: Dropping unexpected action com.google.android.gms.phenotype.COMMITTED
10-31 16:57:03.756  1417  3673 I PTCommittedOperation: Receive new configuration for com.google.android.gms.smart_profile
10-31 16:57:03.758  1799  3866 I ChromeSync: [Sync,SyncIntentOperation] Handling the intent: Intent { act=com.google.android.gms.phenotype.COMMITTED flg=0x10 pkg=com.google.android.gms cmp=com.google.android.gms/.chimera.GmsIntentOperationService (has extras) }.
10-31 16:57:03.759  1799  3660 I MdiSyncModule: flag handling is skipping irrelevant intent.
10-31 16:57:03.759  1799  3687 W ModuleInitIntentOp: Dropping unexpected action com.google.android.gms.phenotype.COMMITTED
10-31 16:57:03.761  2457  3076 I PhenotypeFlagCommitter: Experiment Configs successfully retrieved for com.google.android.calendar
10-31 16:57:03.772  1417  3673 I PTCommittedOperation: Receive new configuration for com.google.android.location
10-31 16:57:03.777  1799  3687 I ChromeSync: [Sync,SyncIntentOperation] Handling the intent: Intent { act=com.google.android.gms.phenotype.COMMITTED flg=0x10 pkg=com.google.android.gms cmp=com.google.android.gms/.chimera.GmsIntentOperationService (has extras) }.
10-31 16:57:03.777  1799  3685 I MdiSyncModule: flag handling is skipping irrelevant intent.
10-31 16:57:03.778  1799  3685 W ModuleInitIntentOp: Dropping unexpected action com.google.android.gms.phenotype.COMMITTED
10-31 16:57:03.779  1799  3744 I Icing   : Indexing com.google.android.gms-apps from com.google.android.gms
10-31 16:57:03.780  1799  3687 I ChromeSync: [Sync,SyncIntentOperation] Handling the intent: Intent { act=com.google.android.gms.phenotype.COMMITTED flg=0x10 pkg=com.google.android.gms cmp=com.google.android.gms/.chimera.GmsIntentOperationService (has extras) }.
10-31 16:57:03.780  1799  3859 I MdiSyncModule: flag handling is skipping irrelevant intent.
10-31 16:57:03.781  1799  3866 W ModuleInitIntentOp: Dropping unexpected action com.google.android.gms.phenotype.COMMITTED
10-31 16:57:03.782  1417  3853 I Auth    : [AuthManaged,PasswordComplexityHelperImpl] Updating password complexity components state.
10-31 16:57:03.782  1417  3853 I Auth    : [AuthManaged,PasswordComplexityHelperImpl] Disabling com.google.android.gms.auth.managed.admin.DeviceAdminReceiver
10-31 16:57:03.782  1799  3712 I ChromeSync: [Sync,SyncIntentOperation] Handling the intent: Intent { act=com.google.android.gms.phenotype.COMMITTED flg=0x10 pkg=com.google.android.gms cmp=com.google.android.gms/.chimera.GmsIntentOperationService (has extras) }.
10-31 16:57:03.783  1799  3859 I MdiSyncModule: flag handling is skipping irrelevant intent.
10-31 16:57:03.783  1417  3853 I Auth    : [AuthManaged,PasswordComplexityHelperImpl] Disabling com.google.android.gms.auth.managed.ui.SetNewPasswordActivity
10-31 16:57:03.783  1799  3858 W ModuleInitIntentOp: Dropping unexpected action com.google.android.gms.phenotype.COMMITTED
10-31 16:57:03.790  1297  3867 I ConfigUpdateInstallReceiver: Couldn't find current metadata, assuming first update
10-31 16:57:03.790  1297  3867 I ConfigUpdateInstallReceiver: Failed to read current content, assuming first update!
10-31 16:57:03.790  1297  3867 I ConfigUpdateInstallReceiver: Found new update, installing...
10-31 16:57:03.793  1297  3867 I ConfigUpdateInstallReceiver: Installation successful
10-31 16:57:03.794  1799  3859 I ExposureNotification: Phenotype config updated, isEnabled: false [CONTEXT service_id=236 ]
10-31 16:57:03.796  1297  1309 D PackageManager: Ephemeral installer not found with new action; try old one
10-31 16:57:03.796  1297  1309 D PackageManager: Clear ephemeral installer activity
10-31 16:57:03.797  1297  1309 D PackageManager: Ephemeral installer not found with new action; try old one
10-31 16:57:03.797  1297  1309 D PackageManager: Clear ephemeral installer activity
10-31 16:57:03.797  1799  3744 I Icing   : Indexing done com.google.android.gms-apps
10-31 16:57:03.797  1799  3744 I Icing   : Indexing com.google.android.gms-internal.3p:MobileApplication from com.google.android.gms
10-31 16:57:03.797  1799  3685 I NearbySharing: Runtime state initialization complete. Sharing is disabled. [CONTEXT service_id=194 ]
10-31 16:57:03.798  1799  3866 I ChromeSync: [Sync,SyncIntentOperation] Handling the intent: Intent { act=com.google.android.gms.phenotype.COMMITTED flg=0x10 pkg=com.google.android.gms cmp=com.google.android.gms/.chimera.GmsIntentOperationService (has extras) }.
10-31 16:57:03.798  1799  3866 I MdiSyncModule: flag handling is skipping irrelevant intent.
10-31 16:57:03.798  1799  3712 W ModuleInitIntentOp: Dropping unexpected action com.google.android.gms.phenotype.COMMITTED
10-31 16:57:03.800  1799  3744 I Icing   : Indexing done com.google.android.gms-internal.3p:MobileApplication
10-31 16:57:03.806  1417  3676 I PTCommittedOperation: Receive new configuration for com.google.android.gms.growth
10-31 16:57:03.809  1417  1417 I ExposureNotification: ExposureNotificationInternalService.onCreate, com.google.android.gms.nearby.exposurenotification.service.ExposureNotificationInternalChimeraService@7e7f438 [CONTEXT service_id=236 ]
10-31 16:57:03.810  1417  1417 I ExposureNotification: ExposureServiceInternalService.onStartCommand, Intent { act=com.google.android.gms.nearby.exposurenotification.service.ACTION_CLIENT_CHANGE cmp=com.google.android.gms/.nearby.exposurenotification.service.ExposureNotificationInternalService } [CONTEXT service_id=236 ]
10-31 16:57:03.811  1417  3633 I PTCommittedOperation: Receive new configuration for com.google.android.gms.notifications
10-31 16:57:03.815  1417  3850 I PTCommittedOperation: Receive new configuration for com.google.android.gms.nearby
10-31 16:57:03.816  3827  3827 D AppCompatDelegate: Application config ({1.0 310mcc260mnc [en_US] ldltr sw411dp w411dp h842dp 420dpi nrml long port finger qwerty/v/v -nav/h appBounds=Rect(0, 0 - 1080, 2274) s.6}) matches base context config, using empty base overlay
10-31 16:57:03.816  3827  3827 D AppCompatDelegate: Applying night mode using ContextThemeWrapper and applyOverrideConfiguration(). Config: {0.0 ?mcc?mnc ?localeList ?layoutDir ?swdp ?wdp ?hdp ?density ?lsize ?long ?ldr ?wideColorGamut ?orien ?uimode ?touch ?keyb/?/? ?nav/?}
10-31 16:57:03.817  3827  3827 D AppCompatDelegate: updateForNightMode [allowRecreation:false, currentNightMode:16, newNightMode:16, activityHandlingUiMode:false, baseContextAttached:true, created:false, canReturnDifferentContext:true, host:com.easyfitness.intro.MainIntroActivity@b5ee668]
10-31 16:57:03.817  3827  3827 D AppCompatDelegate: updateForNightMode not recreating Activity: com.easyfitness.intro.MainIntroActivity@b5ee668
10-31 16:57:03.817  3827  3827 D AppCompatDelegate: updateForNightMode. Skipping. Night mode: -1 for host:com.easyfitness.intro.MainIntroActivity@b5ee668
10-31 16:57:03.825  1417  1417 I ExposureNotification: Utils#isSupported enabled=false, isDeviceSupported=true, isBluetoothSupported=false, BluetoothAdapter.isMultipleAdvertisementSupported=false [CONTEXT service_id=236 ]
10-31 16:57:03.825  1417  1417 I ExposureNotification: Exposure notifications disabled. [CONTEXT service_id=236 ]
10-31 16:57:03.825  1417  1417 I ExposureNotification: ExposureServiceInternalService.stopTracing [CONTEXT service_id=236 ]
10-31 16:57:03.827  1417  3671 I PTCommittedOperation: Receive new configuration for com.google.android.gms.netrec
10-31 16:57:03.832  1417  1417 I ExposureNotification: AlarmManagerImpl.opportunisticSchedule called, delay=1800000ms [CONTEXT service_id=236 ]
10-31 16:57:03.844  1417  3852 I Auth    : [AuthManaged,PasswordComplexityHelperImpl] Updating password complexity components state.
10-31 16:57:03.844  1417  3852 I Auth    : [AuthManaged,PasswordComplexityHelperImpl] Disabling com.google.android.gms.auth.managed.admin.DeviceAdminReceiver
10-31 16:57:03.844  1417  3852 I Auth    : [AuthManaged,PasswordComplexityHelperImpl] Disabling com.google.android.gms.auth.managed.ui.SetNewPasswordActivity
10-31 16:57:03.852  1417  3852 I Auth    : [AuthManaged,PasswordComplexityHelperImpl] Updating password complexity components state.
10-31 16:57:03.852  1417  3852 I Auth    : [AuthManaged,PasswordComplexityHelperImpl] Disabling com.google.android.gms.auth.managed.admin.DeviceAdminReceiver
10-31 16:57:03.852  1417  3852 I Auth    : [AuthManaged,PasswordComplexityHelperImpl] Disabling com.google.android.gms.auth.managed.ui.SetNewPasswordActivity
10-31 16:57:03.856  3827  3827 D AppCompatDelegate: updateForNightMode [allowRecreation:true, currentNightMode:16, newNightMode:16, activityHandlingUiMode:false, baseContextAttached:true, created:true, canReturnDifferentContext:true, host:com.easyfitness.intro.MainIntroActivity@b5ee668]
10-31 16:57:03.856  3827  3827 D AppCompatDelegate: updateForNightMode not recreating Activity: com.easyfitness.intro.MainIntroActivity@b5ee668
10-31 16:57:03.856  3827  3827 D AppCompatDelegate: updateForNightMode. Skipping. Night mode: -1 for host:com.easyfitness.intro.MainIntroActivity@b5ee668
10-31 16:57:03.865  1417  3852 I Auth    : [AuthManaged,PasswordComplexityHelperImpl] Updating password complexity components state.
10-31 16:57:03.865  1417  3852 I Auth    : [AuthManaged,PasswordComplexityHelperImpl] Disabling com.google.android.gms.auth.managed.admin.DeviceAdminReceiver
10-31 16:57:03.865  1417  3852 I Auth    : [AuthManaged,PasswordComplexityHelperImpl] Disabling com.google.android.gms.auth.managed.ui.SetNewPasswordActivity
10-31 16:57:03.873  3827  3827 I Choreographer: Skipped 40 frames!  The application may be doing too much work on its main thread.
10-31 16:57:03.874  1417  3852 I Auth    : [AuthManaged,PasswordComplexityHelperImpl] Updating password complexity components state.
10-31 16:57:03.874  1417  3852 I Auth    : [AuthManaged,PasswordComplexityHelperImpl] Disabling com.google.android.gms.auth.managed.admin.DeviceAdminReceiver
10-31 16:57:03.874  1417  3852 I Auth    : [AuthManaged,PasswordComplexityHelperImpl] Disabling com.google.android.gms.auth.managed.ui.SetNewPasswordActivity
10-31 16:57:03.881  1417  3852 I Auth    : [AuthManaged,PasswordComplexityHelperImpl] Updating password complexity components state.
10-31 16:57:03.881  1417  3852 I Auth    : [AuthManaged,PasswordComplexityHelperImpl] Disabling com.google.android.gms.auth.managed.admin.DeviceAdminReceiver
10-31 16:57:03.881  1417  3852 I Auth    : [AuthManaged,PasswordComplexityHelperImpl] Disabling com.google.android.gms.auth.managed.ui.SetNewPasswordActivity
10-31 16:57:03.883  3827  3851 D EGL_emulation: eglMakeCurrent: 0x77e683f3a0: ver 3 0 (tinfo 0x77e680d760)
10-31 16:57:03.894  1417  3633 I Auth    : [AuthManaged,PasswordComplexityHelperImpl] Updating password complexity components state.
10-31 16:57:03.894  1417  3633 I Auth    : [AuthManaged,PasswordComplexityHelperImpl] Disabling com.google.android.gms.auth.managed.admin.DeviceAdminReceiver
10-31 16:57:03.894  1417  3633 I Auth    : [AuthManaged,PasswordComplexityHelperImpl] Disabling com.google.android.gms.auth.managed.ui.SetNewPasswordActivity
10-31 16:57:03.915  1417  3633 I Auth    : [AuthManaged,PasswordComplexityHelperImpl] Updating password complexity components state.
10-31 16:57:03.915  1417  3633 I Auth    : [AuthManaged,PasswordComplexityHelperImpl] Disabling com.google.android.gms.auth.managed.admin.DeviceAdminReceiver
10-31 16:57:03.916  1417  3633 I Auth    : [AuthManaged,PasswordComplexityHelperImpl] Disabling com.google.android.gms.auth.managed.ui.SetNewPasswordActivity
10-31 16:57:03.929  1417  1417 I zygote64: Deoptimizing int cacw.a(java.lang.Object, byte[], int, int, int, int, int, int, long, int, long, bzyw) due to JIT inline cache
10-31 16:57:03.930  1417  3633 I Auth    : [AuthManaged,PasswordComplexityHelperImpl] Updating password complexity components state.
10-31 16:57:03.930  1417  3633 I Auth    : [AuthManaged,PasswordComplexityHelperImpl] Disabling com.google.android.gms.auth.managed.admin.DeviceAdminReceiver
10-31 16:57:03.931  1417  3633 I Auth    : [AuthManaged,PasswordComplexityHelperImpl] Disabling com.google.android.gms.auth.managed.ui.SetNewPasswordActivity
10-31 16:57:03.937  1417  1417 I ExposureNotification: User turn off scanning. [CONTEXT service_id=236 ]
10-31 16:57:03.937  1417  1417 I ExposureNotification: Not scanning! [CONTEXT service_id=236 ]
10-31 16:57:03.937  1417  1417 W ExposureNotification: stopTracing called but Scanner failed to stop! [CONTEXT service_id=236 ]
10-31 16:57:03.941  1417  1417 I ExposureNotification: ThreadSafeLevelDbWrapper: do open LevelDb contact-tracing-self-tracing-key-db [CONTEXT service_id=236 ]
10-31 16:57:03.941  1417  1417 I ExposureNotification: ThreadSafeLevelDbWrapper:contact-tracing-self-tracing-key-db instance ajdk@90a53e2 created [CONTEXT service_id=236 ]
10-31 16:57:03.943  1417  1417 I ExposureNotification: ThreadSafeLevelDbWrapper:contact-tracing-self-tracing-key-db instance ajdk@90a53e2 closed [CONTEXT service_id=236 ]
10-31 16:57:03.944  1417  1417 I ExposureNotification: ThreadSafeLevelDbWrapper: do close LevelDb contact-tracing-self-tracing-key-db [CONTEXT service_id=236 ]
10-31 16:57:03.953  1417  1417 I NearbySharing: ReceiveSurfaceService created [CONTEXT service_id=194 ]
10-31 16:57:03.954  1417  1417 I NearbySharing: ReceiveSurfaceService started [CONTEXT service_id=194 ]
10-31 16:57:03.954  1417  3633 I Auth    : [AuthManaged,PasswordComplexityHelperImpl] Updating password complexity components state.
10-31 16:57:03.955  1417  3633 I Auth    : [AuthManaged,PasswordComplexityHelperImpl] Disabling com.google.android.gms.auth.managed.admin.DeviceAdminReceiver
10-31 16:57:03.955  1417  3633 I Auth    : [AuthManaged,PasswordComplexityHelperImpl] Disabling com.google.android.gms.auth.managed.ui.SetNewPasswordActivity
10-31 16:57:03.973  1417  3633 I Auth    : [AuthManaged,PasswordComplexityHelperImpl] Updating password complexity components state.
10-31 16:57:03.973  1417  3633 I Auth    : [AuthManaged,PasswordComplexityHelperImpl] Disabling com.google.android.gms.auth.managed.admin.DeviceAdminReceiver
10-31 16:57:03.973  1417  3633 I Auth    : [AuthManaged,PasswordComplexityHelperImpl] Disabling com.google.android.gms.auth.managed.ui.SetNewPasswordActivity
