10-31 17:58:29.385  5515  5515 I AccessibilityNodeInfoDumper: Skipping invisible child: android.view.accessibility.AccessibilityNodeInfo@9e53; boundsInParent: Rect(0, 0 - 147, 147); boundsInScreen: Rect(42, 2463 - 189, 2274); packageName: com.easyfitness; className: android.widget.ImageButton; text: null; error: null; maxTextLength: -1; contentDescription: Back; viewIdResName: com.easyfitness:id/mi_button_skip; checkable: false; checked: false; focusable: true; focused: false; selected: false; clickable: true; longClickable: true; contextClickable: false; enabled: true; password: false; scrollable: false; importantForAccessibility: true; actions: [AccessibilityAction: ACTION_FOCUS - null, AccessibilityAction: ACTION_SELECT - null, AccessibilityAction: ACTION_CLEAR_SELECTION - null, AccessibilityAction: ACTION_CLICK - null, AccessibilityAction: ACTION_LONG_CLICK - null, AccessibilityAction: ACTION_ACCESSIBILITY_FOCUS - null, AccessibilityAction: ACTION_NEXT_AT_MOVEMENT_GRANULARITY - null, AccessibilityAction: ACTION_PREVIOUS_AT_MOVEMENT_GRANULARITY - null, AccessibilityAction: ACTION_SET_SELECTION - null, AccessibilityAction: ACTION_SHOW_ON_SCREEN - null]
10-31 17:58:29.386  5515  5515 W AccessibilityNodeInfoDumper: Fetch time: 5ms
10-31 17:58:29.388  1297  2818 W WindowManager: removeWindowToken: Attempted to remove non-existing token: android.os.Binder@39ef90f
10-31 17:58:29.396  5515  5515 D AndroidRuntime: Shutting down VM
10-31 17:58:31.436  1297  1311 E memtrack: Couldn't load memtrack module
10-31 17:58:31.436  1297  1311 W android.os.Debug: failed to get memory consumption info: -1
10-31 17:58:31.733  5539  5539 D AndroidRuntime: >>>>>> START com.android.internal.os.RuntimeInit uid 2000 <<<<<<
10-31 17:58:31.756  5539  5539 I app_process: The ClassLoaderContext is a special shared library.
10-31 17:58:31.756  5539  5539 I app_process: The ClassLoaderContext is a special shared library.
10-31 17:58:31.762  5539  5539 D AndroidRuntime: Calling main entry com.android.commands.uiautomator.Launcher
10-31 17:58:32.787  5539  5539 I AccessibilityNodeInfoDumper: Skipping invisible child: android.view.accessibility.AccessibilityNodeInfo@9a9a; boundsInParent: Rect(0, 0 - 1080, 1980); boundsInScreen: Rect(1080, 63 - 1080, 2043); packageName: com.easyfitness; className: android.widget.ScrollView; text: null; error: null; maxTextLength: -1; contentDescription: null; viewIdResName: null; checkable: false; checked: false; focusable: true; focused: false; selected: false; clickable: false; longClickable: false; contextClickable: false; enabled: true; password: false; scrollable: false; importantForAccessibility: true; actions: [AccessibilityAction: ACTION_FOCUS - null, AccessibilityAction: ACTION_SELECT - null, AccessibilityAction: ACTION_CLEAR_SELECTION - null, AccessibilityAction: ACTION_ACCESSIBILITY_FOCUS - null, AccessibilityAction: ACTION_SHOW_ON_SCREEN - null]
10-31 17:58:32.787  5539  5539 I AccessibilityNodeInfoDumper: Skipping invisible child: android.view.accessibility.AccessibilityNodeInfo@9e5b; boundsInParent: Rect(0, 0 - 147, 147); boundsInScreen: Rect(42, 2463 - 189, 2274); packageName: com.easyfitness; className: android.widget.ImageButton; text: null; error: null; maxTextLength: -1; contentDescription: Back; viewIdResName: com.easyfitness:id/mi_button_skip; checkable: false; checked: false; focusable: true; focused: false; selected: false; clickable: true; longClickable: true; contextClickable: false; enabled: true; password: false; scrollable: false; importantForAccessibility: true; actions: [AccessibilityAction: ACTION_FOCUS - null, AccessibilityAction: ACTION_SELECT - null, AccessibilityAction: ACTION_CLEAR_SELECTION - null, AccessibilityAction: ACTION_CLICK - null, AccessibilityAction: ACTION_LONG_CLICK - null, AccessibilityAction: ACTION_ACCESSIBILITY_FOCUS - null, AccessibilityAction: ACTION_NEXT_AT_MOVEMENT_GRANULARITY - null, AccessibilityAction: ACTION_PREVIOUS_AT_MOVEMENT_GRANULARITY - null, AccessibilityAction: ACTION_SET_SELECTION - null, AccessibilityAction: ACTION_SHOW_ON_SCREEN - null]
10-31 17:58:32.788  5539  5539 W AccessibilityNodeInfoDumper: Fetch time: 2ms
10-31 17:58:32.789  1297  5503 W WindowManager: removeWindowToken: Attempted to remove non-existing token: android.os.Binder@b6143a5
10-31 17:58:32.793  5539  5539 D AndroidRuntime: Shutting down VM
10-31 17:58:33.157  5556  5556 D AndroidRuntime: >>>>>> START com.android.internal.os.RuntimeInit uid 2000 <<<<<<
10-31 17:58:33.180  5556  5556 I app_process: The ClassLoaderContext is a special shared library.
10-31 17:58:33.180  5556  5556 I app_process: The ClassLoaderContext is a special shared library.
10-31 17:58:33.187  5556  5556 D AndroidRuntime: Calling main entry com.android.commands.uiautomator.Launcher
10-31 17:58:34.208  5556  5556 I AccessibilityNodeInfoDumper: Skipping invisible child: android.view.accessibility.AccessibilityNodeInfo@9aa2; boundsInParent: Rect(0, 0 - 1080, 1980); boundsInScreen: Rect(1080, 63 - 1080, 2043); packageName: com.easyfitness; className: android.widget.ScrollView; text: null; error: null; maxTextLength: -1; contentDescription: null; viewIdResName: null; checkable: false; checked: false; focusable: true; focused: false; selected: false; clickable: false; longClickable: false; contextClickable: false; enabled: true; password: false; scrollable: false; importantForAccessibility: true; actions: [AccessibilityAction: ACTION_FOCUS - null, AccessibilityAction: ACTION_SELECT - null, AccessibilityAction: ACTION_CLEAR_SELECTION - null, AccessibilityAction: ACTION_ACCESSIBILITY_FOCUS - null, AccessibilityAction: ACTION_SHOW_ON_SCREEN - null]
10-31 17:58:34.212  5556  5556 I AccessibilityNodeInfoDumper: Skipping invisible child: android.view.accessibility.AccessibilityNodeInfo@9e63; boundsInParent: Rect(0, 0 - 147, 147); boundsInScreen: Rect(42, 2463 - 189, 2274); packageName: com.easyfitness; className: android.widget.ImageButton; text: null; error: null; maxTextLength: -1; contentDescription: Back; viewIdResName: com.easyfitness:id/mi_button_skip; checkable: false; checked: false; focusable: true; focused: false; selected: false; clickable: true; longClickable: true; contextClickable: false; enabled: true; password: false; scrollable: false; importantForAccessibility: true; actions: [AccessibilityAction: ACTION_FOCUS - null, AccessibilityAction: ACTION_SELECT - null, AccessibilityAction: ACTION_CLEAR_SELECTION - null, AccessibilityAction: ACTION_CLICK - null, AccessibilityAction: ACTION_LONG_CLICK - null, AccessibilityAction: ACTION_ACCESSIBILITY_FOCUS - null, AccessibilityAction: ACTION_NEXT_AT_MOVEMENT_GRANULARITY - null, AccessibilityAction: ACTION_PREVIOUS_AT_MOVEMENT_GRANULARITY - null, AccessibilityAction: ACTION_SET_SELECTION - null, AccessibilityAction: ACTION_SHOW_ON_SCREEN - null]
10-31 17:58:34.213  5556  5556 W AccessibilityNodeInfoDumper: Fetch time: 8ms
10-31 17:58:34.218  1297  2818 W WindowManager: removeWindowToken: Attempted to remove non-existing token: android.os.Binder@9dc172b
10-31 17:58:34.222  5556  5556 D AndroidRuntime: Shutting down VM
10-31 17:58:34.559  5576  5576 D AndroidRuntime: >>>>>> START com.android.internal.os.RuntimeInit uid 2000 <<<<<<
10-31 17:58:34.582  5576  5576 I app_process: The ClassLoaderContext is a special shared library.
10-31 17:58:34.582  5576  5576 I app_process: The ClassLoaderContext is a special shared library.
10-31 17:58:34.589  5576  5576 D AndroidRuntime: Calling main entry com.android.commands.uiautomator.Launcher
10-31 17:58:35.625  5576  5576 I AccessibilityNodeInfoDumper: Skipping invisible child: android.view.accessibility.AccessibilityNodeInfo@9aad; boundsInParent: Rect(0, 0 - 1080, 1980); boundsInScreen: Rect(1080, 63 - 1080, 2043); packageName: com.easyfitness; className: android.widget.ScrollView; text: null; error: null; maxTextLength: -1; contentDescription: null; viewIdResName: null; checkable: false; checked: false; focusable: true; focused: false; selected: false; clickable: false; longClickable: false; contextClickable: false; enabled: true; password: false; scrollable: false; importantForAccessibility: true; actions: [AccessibilityAction: ACTION_FOCUS - null, AccessibilityAction: ACTION_SELECT - null, AccessibilityAction: ACTION_CLEAR_SELECTION - null, AccessibilityAction: ACTION_ACCESSIBILITY_FOCUS - null, AccessibilityAction: ACTION_SHOW_ON_SCREEN - null]
10-31 17:58:35.626  5576  5576 I AccessibilityNodeInfoDumper: Skipping invisible child: android.view.accessibility.AccessibilityNodeInfo@9e6e; boundsInParent: Rect(0, 0 - 147, 147); boundsInScreen: Rect(42, 2463 - 189, 2274); packageName: com.easyfitness; className: android.widget.ImageButton; text: null; error: null; maxTextLength: -1; contentDescription: Back; viewIdResName: com.easyfitness:id/mi_button_skip; checkable: false; checked: false; focusable: true; focused: false; selected: false; clickable: true; longClickable: true; contextClickable: false; enabled: true; password: false; scrollable: false; importantForAccessibility: true; actions: [AccessibilityAction: ACTION_FOCUS - null, AccessibilityAction: ACTION_SELECT - null, AccessibilityAction: ACTION_CLEAR_SELECTION - null, AccessibilityAction: ACTION_CLICK - null, AccessibilityAction: ACTION_LONG_CLICK - null, AccessibilityAction: ACTION_ACCESSIBILITY_FOCUS - null, AccessibilityAction: ACTION_NEXT_AT_MOVEMENT_GRANULARITY - null, AccessibilityAction: ACTION_PREVIOUS_AT_MOVEMENT_GRANULARITY - null, AccessibilityAction: ACTION_SET_SELECTION - null, AccessibilityAction: ACTION_SHOW_ON_SCREEN - null]
10-31 17:58:35.626  5576  5576 W AccessibilityNodeInfoDumper: Fetch time: 3ms
10-31 17:58:35.627  1297  1903 W WindowManager: removeWindowToken: Attempted to remove non-existing token: android.os.Binder@4477521
10-31 17:58:35.630  5576  5576 D AndroidRuntime: Shutting down VM
10-31 17:58:35.952  5595  5595 D AndroidRuntime: >>>>>> START com.android.internal.os.RuntimeInit uid 2000 <<<<<<
10-31 17:58:35.975  5595  5595 I app_process: The ClassLoaderContext is a special shared library.
10-31 17:58:35.975  5595  5595 I app_process: The ClassLoaderContext is a special shared library.
10-31 17:58:35.981  5595  5595 D AndroidRuntime: Calling main entry com.android.commands.uiautomator.Launcher
10-31 17:58:36.057  2986  4307 W native  : jpeg_io.cc:108 File's first two bytes does not match the sequence 216
10-31 17:58:37.003  5595  5595 I AccessibilityNodeInfoDumper: Skipping invisible child: android.view.accessibility.AccessibilityNodeInfo@9ab4; boundsInParent: Rect(0, 0 - 1080, 1980); boundsInScreen: Rect(1080, 63 - 1080, 2043); packageName: com.easyfitness; className: android.widget.ScrollView; text: null; error: null; maxTextLength: -1; contentDescription: null; viewIdResName: null; checkable: false; checked: false; focusable: true; focused: false; selected: false; clickable: false; longClickable: false; contextClickable: false; enabled: true; password: false; scrollable: false; importantForAccessibility: true; actions: [AccessibilityAction: ACTION_FOCUS - null, AccessibilityAction: ACTION_SELECT - null, AccessibilityAction: ACTION_CLEAR_SELECTION - null, AccessibilityAction: ACTION_ACCESSIBILITY_FOCUS - null, AccessibilityAction: ACTION_SHOW_ON_SCREEN - null]
10-31 17:58:37.003  5595  5595 I AccessibilityNodeInfoDumper: Skipping invisible child: android.view.accessibility.AccessibilityNodeInfo@9e75; boundsInParent: Rect(0, 0 - 147, 147); boundsInScreen: Rect(42, 2463 - 189, 2274); packageName: com.easyfitness; className: android.widget.ImageButton; text: null; error: null; maxTextLength: -1; contentDescription: Back; viewIdResName: com.easyfitness:id/mi_button_skip; checkable: false; checked: false; focusable: true; focused: false; selected: false; clickable: true; longClickable: true; contextClickable: false; enabled: true; password: false; scrollable: false; importantForAccessibility: true; actions: [AccessibilityAction: ACTION_FOCUS - null, AccessibilityAction: ACTION_SELECT - null, AccessibilityAction: ACTION_CLEAR_SELECTION - null, AccessibilityAction: ACTION_CLICK - null, AccessibilityAction: ACTION_LONG_CLICK - null, AccessibilityAction: ACTION_ACCESSIBILITY_FOCUS - null, AccessibilityAction: ACTION_NEXT_AT_MOVEMENT_GRANULARITY - null, AccessibilityAction: ACTION_PREVIOUS_AT_MOVEMENT_GRANULARITY - null, AccessibilityAction: ACTION_SET_SELECTION - null, AccessibilityAction: ACTION_SHOW_ON_SCREEN - null]
10-31 17:58:37.004  5595  5595 W AccessibilityNodeInfoDumper: Fetch time: 4ms
10-31 17:58:37.006  1297  2818 W WindowManager: removeWindowToken: Attempted to remove non-existing token: android.os.Binder@282fb07
10-31 17:58:37.016  5595  5595 D AndroidRuntime: Shutting down VM
10-31 17:58:37.434  5619  5619 D AndroidRuntime: >>>>>> START com.android.internal.os.RuntimeInit uid 2000 <<<<<<
10-31 17:58:37.456  5619  5619 I app_process: The ClassLoaderContext is a special shared library.
10-31 17:58:37.457  5619  5619 I app_process: The ClassLoaderContext is a special shared library.
10-31 17:58:37.463  5619  5619 D AndroidRuntime: Calling main entry com.android.commands.uiautomator.Launcher
10-31 17:58:38.486  5619  5619 I AccessibilityNodeInfoDumper: Skipping invisible child: android.view.accessibility.AccessibilityNodeInfo@9abb; boundsInParent: Rect(0, 0 - 1080, 1980); boundsInScreen: Rect(1080, 63 - 1080, 2043); packageName: com.easyfitness; className: android.widget.ScrollView; text: null; error: null; maxTextLength: -1; contentDescription: null; viewIdResName: null; checkable: false; checked: false; focusable: true; focused: false; selected: false; clickable: false; longClickable: false; contextClickable: false; enabled: true; password: false; scrollable: false; importantForAccessibility: true; actions: [AccessibilityAction: ACTION_FOCUS - null, AccessibilityAction: ACTION_SELECT - null, AccessibilityAction: ACTION_CLEAR_SELECTION - null, AccessibilityAction: ACTION_ACCESSIBILITY_FOCUS - null, AccessibilityAction: ACTION_SHOW_ON_SCREEN - null]
10-31 17:58:38.487  5619  5619 I AccessibilityNodeInfoDumper: Skipping invisible child: android.view.accessibility.AccessibilityNodeInfo@9e7c; boundsInParent: Rect(0, 0 - 147, 147); boundsInScreen: Rect(42, 2463 - 189, 2274); packageName: com.easyfitness; className: android.widget.ImageButton; text: null; error: null; maxTextLength: -1; contentDescription: Back; viewIdResName: com.easyfitness:id/mi_button_skip; checkable: false; checked: false; focusable: true; focused: false; selected: false; clickable: true; longClickable: true; contextClickable: false; enabled: true; password: false; scrollable: false; importantForAccessibility: true; actions: [AccessibilityAction: ACTION_FOCUS - null, AccessibilityAction: ACTION_SELECT - null, AccessibilityAction: ACTION_CLEAR_SELECTION - null, AccessibilityAction: ACTION_CLICK - null, AccessibilityAction: ACTION_LONG_CLICK - null, AccessibilityAction: ACTION_ACCESSIBILITY_FOCUS - null, AccessibilityAction: ACTION_NEXT_AT_MOVEMENT_GRANULARITY - null, AccessibilityAction: ACTION_PREVIOUS_AT_MOVEMENT_GRANULARITY - null, AccessibilityAction: ACTION_SET_SELECTION - null, AccessibilityAction: ACTION_SHOW_ON_SCREEN - null]
10-31 17:58:38.488  5619  5619 W AccessibilityNodeInfoDumper: Fetch time: 4ms
10-31 17:58:38.490  1297  3377 W WindowManager: removeWindowToken: Attempted to remove non-existing token: android.os.Binder@9c870b
10-31 17:58:38.503  5619  5619 D AndroidRuntime: Shutting down VM
10-31 17:58:38.799  5635  5635 D AndroidRuntime: >>>>>> START com.android.internal.os.RuntimeInit uid 2000 <<<<<<
10-31 17:58:38.819  5635  5635 I app_process: The ClassLoaderContext is a special shared library.
10-31 17:58:38.826  5635  5635 D AndroidRuntime: Calling main entry com.android.commands.input.Input
10-31 17:58:38.828  5635  5635 I Input   : injectMotionEvent: MotionEvent { action=ACTION_DOWN, actionButton=0, id[0]=0, x[0]=964.0, y[0]=2158.0, toolType[0]=TOOL_TYPE_UNKNOWN, buttonState=0, metaState=0, flags=0x0, edgeFlags=0x0, pointerCount=1, historySize=0, eventTime=116333, downTime=116333, deviceId=0, source=0x1002 }
10-31 17:58:38.830  5635  5635 I Input   : injectMotionEvent: MotionEvent { action=ACTION_MOVE, actionButton=0, id[0]=0, x[0]=964.0, y[0]=2158.0, toolType[0]=TOOL_TYPE_UNKNOWN, buttonState=0, metaState=0, flags=0x0, edgeFlags=0x0, pointerCount=1, historySize=0, eventTime=116333, downTime=116333, deviceId=0, source=0x1002 }
10-31 17:58:38.841  5635  5635 I Input   : injectMotionEvent: MotionEvent { action=ACTION_MOVE, actionButton=0, id[0]=0, x[0]=964.0, y[0]=2158.0, toolType[0]=TOOL_TYPE_UNKNOWN, buttonState=0, metaState=0, flags=0x0, edgeFlags=0x0, pointerCount=1, historySize=0, eventTime=116348, downTime=116348, deviceId=0, source=0x1002 }
10-31 17:58:38.857  5635  5635 I Input   : injectMotionEvent: MotionEvent { action=ACTION_MOVE, actionButton=0, id[0]=0, x[0]=964.0, y[0]=2158.0, toolType[0]=TOOL_TYPE_UNKNOWN, buttonState=0, metaState=0, flags=0x0, edgeFlags=0x0, pointerCount=1, historySize=0, eventTime=116364, downTime=116364, deviceId=0, source=0x1002 }
10-31 17:58:38.877  5635  5635 I Input   : injectMotionEvent: MotionEvent { action=ACTION_MOVE, actionButton=0, id[0]=0, x[0]=964.0, y[0]=2158.0, toolType[0]=TOOL_TYPE_UNKNOWN, buttonState=0, metaState=0, flags=0x0, edgeFlags=0x0, pointerCount=1, historySize=0, eventTime=116383, downTime=116383, deviceId=0, source=0x1002 }
10-31 17:58:38.895  5635  5635 I Input   : injectMotionEvent: MotionEvent { action=ACTION_MOVE, actionButton=0, id[0]=0, x[0]=964.0, y[0]=2158.0, toolType[0]=TOOL_TYPE_UNKNOWN, buttonState=0, metaState=0, flags=0x0, edgeFlags=0x0, pointerCount=1, historySize=0, eventTime=116401, downTime=116401, deviceId=0, source=0x1002 }
10-31 17:58:38.914  5635  5635 I Input   : injectMotionEvent: MotionEvent { action=ACTION_MOVE, actionButton=0, id[0]=0, x[0]=964.0, y[0]=2158.0, toolType[0]=TOOL_TYPE_UNKNOWN, buttonState=0, metaState=0, flags=0x0, edgeFlags=0x0, pointerCount=1, historySize=0, eventTime=116421, downTime=116421, deviceId=0, source=0x1002 }
10-31 17:58:38.930  5635  5635 I Input   : injectMotionEvent: MotionEvent { action=ACTION_MOVE, actionButton=0, id[0]=0, x[0]=964.0, y[0]=2158.0, toolType[0]=TOOL_TYPE_UNKNOWN, buttonState=0, metaState=0, flags=0x0, edgeFlags=0x0, pointerCount=1, historySize=0, eventTime=116436, downTime=116436, deviceId=0, source=0x1002 }
10-31 17:58:38.947  5635  5635 I Input   : injectMotionEvent: MotionEvent { action=ACTION_MOVE, actionButton=0, id[0]=0, x[0]=964.0, y[0]=2158.0, toolType[0]=TOOL_TYPE_UNKNOWN, buttonState=0, metaState=0, flags=0x0, edgeFlags=0x0, pointerCount=1, historySize=0, eventTime=116454, downTime=116454, deviceId=0, source=0x1002 }
10-31 17:58:38.966  5635  5635 I Input   : injectMotionEvent: MotionEvent { action=ACTION_MOVE, actionButton=0, id[0]=0, x[0]=964.0, y[0]=2158.0, toolType[0]=TOOL_TYPE_UNKNOWN, buttonState=0, metaState=0, flags=0x0, edgeFlags=0x0, pointerCount=1, historySize=0, eventTime=116472, downTime=116472, deviceId=0, source=0x1002 }
10-31 17:58:38.983  5635  5635 I Input   : injectMotionEvent: MotionEvent { action=ACTION_MOVE, actionButton=0, id[0]=0, x[0]=964.0, y[0]=2158.0, toolType[0]=TOOL_TYPE_UNKNOWN, buttonState=0, metaState=0, flags=0x0, edgeFlags=0x0, pointerCount=1, historySize=0, eventTime=116490, downTime=116490, deviceId=0, source=0x1002 }
10-31 17:58:39.002  5635  5635 I Input   : injectMotionEvent: MotionEvent { action=ACTION_MOVE, actionButton=0, id[0]=0, x[0]=964.0, y[0]=2158.0, toolType[0]=TOOL_TYPE_UNKNOWN, buttonState=0, metaState=0, flags=0x0, edgeFlags=0x0, pointerCount=1, historySize=0, eventTime=116508, downTime=116508, deviceId=0, source=0x1002 }
10-31 17:58:39.019  5635  5635 I Input   : injectMotionEvent: MotionEvent { action=ACTION_MOVE, actionButton=0, id[0]=0, x[0]=964.0, y[0]=2158.0, toolType[0]=TOOL_TYPE_UNKNOWN, buttonState=0, metaState=0, flags=0x0, edgeFlags=0x0, pointerCount=1, historySize=0, eventTime=116526, downTime=116526, deviceId=0, source=0x1002 }
10-31 17:58:39.035  5635  5635 I Input   : injectMotionEvent: MotionEvent { action=ACTION_MOVE, actionButton=0, id[0]=0, x[0]=964.0, y[0]=2158.0, toolType[0]=TOOL_TYPE_UNKNOWN, buttonState=0, metaState=0, flags=0x0, edgeFlags=0x0, pointerCount=1, historySize=0, eventTime=116542, downTime=116542, deviceId=0, source=0x1002 }
10-31 17:58:39.051  5635  5635 I Input   : injectMotionEvent: MotionEvent { action=ACTION_MOVE, actionButton=0, id[0]=0, x[0]=964.0, y[0]=2158.0, toolType[0]=TOOL_TYPE_UNKNOWN, buttonState=0, metaState=0, flags=0x0, edgeFlags=0x0, pointerCount=1, historySize=0, eventTime=116558, downTime=116558, deviceId=0, source=0x1002 }
10-31 17:58:39.073  5635  5635 I Input   : injectMotionEvent: MotionEvent { action=ACTION_MOVE, actionButton=0, id[0]=0, x[0]=964.0, y[0]=2158.0, toolType[0]=TOOL_TYPE_UNKNOWN, buttonState=0, metaState=0, flags=0x0, edgeFlags=0x0, pointerCount=1, historySize=0, eventTime=116579, downTime=116579, deviceId=0, source=0x1002 }
10-31 17:58:39.087  5635  5635 I Input   : injectMotionEvent: MotionEvent { action=ACTION_MOVE, actionButton=0, id[0]=0, x[0]=964.0, y[0]=2158.0, toolType[0]=TOOL_TYPE_UNKNOWN, buttonState=0, metaState=0, flags=0x0, edgeFlags=0x0, pointerCount=1, historySize=0, eventTime=116594, downTime=116594, deviceId=0, source=0x1002 }
10-31 17:58:39.106  5635  5635 I Input   : injectMotionEvent: MotionEvent { action=ACTION_MOVE, actionButton=0, id[0]=0, x[0]=964.0, y[0]=2158.0, toolType[0]=TOOL_TYPE_UNKNOWN, buttonState=0, metaState=0, flags=0x0, edgeFlags=0x0, pointerCount=1, historySize=0, eventTime=116613, downTime=116613, deviceId=0, source=0x1002 }
10-31 17:58:39.124  5635  5635 I Input   : injectMotionEvent: MotionEvent { action=ACTION_MOVE, actionButton=0, id[0]=0, x[0]=964.0, y[0]=2158.0, toolType[0]=TOOL_TYPE_UNKNOWN, buttonState=0, metaState=0, flags=0x0, edgeFlags=0x0, pointerCount=1, historySize=0, eventTime=116631, downTime=116631, deviceId=0, source=0x1002 }
10-31 17:58:39.140  5635  5635 I Input   : injectMotionEvent: MotionEvent { action=ACTION_MOVE, actionButton=0, id[0]=0, x[0]=964.0, y[0]=2158.0, toolType[0]=TOOL_TYPE_UNKNOWN, buttonState=0, metaState=0, flags=0x0, edgeFlags=0x0, pointerCount=1, historySize=0, eventTime=116647, downTime=116647, deviceId=0, source=0x1002 }
10-31 17:58:39.158  5635  5635 I Input   : injectMotionEvent: MotionEvent { action=ACTION_MOVE, actionButton=0, id[0]=0, x[0]=964.0, y[0]=2158.0, toolType[0]=TOOL_TYPE_UNKNOWN, buttonState=0, metaState=0, flags=0x0, edgeFlags=0x0, pointerCount=1, historySize=0, eventTime=116664, downTime=116664, deviceId=0, source=0x1002 }
10-31 17:58:39.175  5635  5635 I Input   : injectMotionEvent: MotionEvent { action=ACTION_MOVE, actionButton=0, id[0]=0, x[0]=964.0, y[0]=2158.0, toolType[0]=TOOL_TYPE_UNKNOWN, buttonState=0, metaState=0, flags=0x0, edgeFlags=0x0, pointerCount=1, historySize=0, eventTime=116682, downTime=116682, deviceId=0, source=0x1002 }
10-31 17:58:39.193  5635  5635 I Input   : injectMotionEvent: MotionEvent { action=ACTION_MOVE, actionButton=0, id[0]=0, x[0]=964.0, y[0]=2158.0, toolType[0]=TOOL_TYPE_UNKNOWN, buttonState=0, metaState=0, flags=0x0, edgeFlags=0x0, pointerCount=1, historySize=0, eventTime=116700, downTime=116700, deviceId=0, source=0x1002 }
10-31 17:58:39.213  5635  5635 I Input   : injectMotionEvent: MotionEvent { action=ACTION_MOVE, actionButton=0, id[0]=0, x[0]=964.0, y[0]=2158.0, toolType[0]=TOOL_TYPE_UNKNOWN, buttonState=0, metaState=0, flags=0x0, edgeFlags=0x0, pointerCount=1, historySize=0, eventTime=116720, downTime=116720, deviceId=0, source=0x1002 }
10-31 17:58:39.229  5635  5635 I Input   : injectMotionEvent: MotionEvent { action=ACTION_MOVE, actionButton=0, id[0]=0, x[0]=964.0, y[0]=2158.0, toolType[0]=TOOL_TYPE_UNKNOWN, buttonState=0, metaState=0, flags=0x0, edgeFlags=0x0, pointerCount=1, historySize=0, eventTime=116735, downTime=116735, deviceId=0, source=0x1002 }
10-31 17:58:39.247  5635  5635 I Input   : injectMotionEvent: MotionEvent { action=ACTION_MOVE, actionButton=0, id[0]=0, x[0]=964.0, y[0]=2158.0, toolType[0]=TOOL_TYPE_UNKNOWN, buttonState=0, metaState=0, flags=0x0, edgeFlags=0x0, pointerCount=1, historySize=0, eventTime=116753, downTime=116753, deviceId=0, source=0x1002 }
10-31 17:58:39.251  1096  1096 D gralloc_ranchu: gralloc_alloc: Creating ashmem region of size 163840
10-31 17:58:39.251  1096  1096 I chatty  : uid=1000(system) allocator@2.0-s identical 1 line
10-31 17:58:39.252  1096  1096 D gralloc_ranchu: gralloc_alloc: Creating ashmem region of size 163840
10-31 17:58:39.265  5635  5635 I Input   : injectMotionEvent: MotionEvent { action=ACTION_MOVE, actionButton=0, id[0]=0, x[0]=964.0, y[0]=2158.0, toolType[0]=TOOL_TYPE_UNKNOWN, buttonState=0, metaState=0, flags=0x0, edgeFlags=0x0, pointerCount=1, historySize=0, eventTime=116771, downTime=116771, deviceId=0, source=0x1002 }
10-31 17:58:39.265  3827  3851 D EGL_emulation: eglMakeCurrent: 0x77e683f3a0: ver 3 0 (tinfo 0x77e680d760)
10-31 17:58:39.271  3827  3851 D EGL_emulation: eglMakeCurrent: 0x77e683f3a0: ver 3 0 (tinfo 0x77e680d760)
10-31 17:58:39.283  5635  5635 I Input   : injectMotionEvent: MotionEvent { action=ACTION_MOVE, actionButton=0, id[0]=0, x[0]=964.0, y[0]=2158.0, toolType[0]=TOOL_TYPE_UNKNOWN, buttonState=0, metaState=0, flags=0x0, edgeFlags=0x0, pointerCount=1, historySize=0, eventTime=116790, downTime=116790, deviceId=0, source=0x1002 }
10-31 17:58:39.299  5635  5635 I Input   : injectMotionEvent: MotionEvent { action=ACTION_MOVE, actionButton=0, id[0]=0, x[0]=964.0, y[0]=2158.0, toolType[0]=TOOL_TYPE_UNKNOWN, buttonState=0, metaState=0, flags=0x0, edgeFlags=0x0, pointerCount=1, historySize=0, eventTime=116805, downTime=116805, deviceId=0, source=0x1002 }
10-31 17:58:39.319  5635  5635 I Input   : injectMotionEvent: MotionEvent { action=ACTION_MOVE, actionButton=0, id[0]=0, x[0]=964.0, y[0]=2158.0, toolType[0]=TOOL_TYPE_UNKNOWN, buttonState=0, metaState=0, flags=0x0, edgeFlags=0x0, pointerCount=1, historySize=0, eventTime=116826, downTime=116826, deviceId=0, source=0x1002 }
10-31 17:58:39.334  5635  5635 I Input   : injectMotionEvent: MotionEvent { action=ACTION_MOVE, actionButton=0, id[0]=0, x[0]=964.0, y[0]=2158.0, toolType[0]=TOOL_TYPE_UNKNOWN, buttonState=0, metaState=0, flags=0x0, edgeFlags=0x0, pointerCount=1, historySize=0, eventTime=116840, downTime=116840, deviceId=0, source=0x1002 }
10-31 17:58:39.351  5635  5635 I Input   : injectMotionEvent: MotionEvent { action=ACTION_MOVE, actionButton=0, id[0]=0, x[0]=964.0, y[0]=2158.0, toolType[0]=TOOL_TYPE_UNKNOWN, buttonState=0, metaState=0, flags=0x0, edgeFlags=0x0, pointerCount=1, historySize=0, eventTime=116858, downTime=116858, deviceId=0, source=0x1002 }
10-31 17:58:39.371  5635  5635 I Input   : injectMotionEvent: MotionEvent { action=ACTION_MOVE, actionButton=0, id[0]=0, x[0]=964.0, y[0]=2158.0, toolType[0]=TOOL_TYPE_UNKNOWN, buttonState=0, metaState=0, flags=0x0, edgeFlags=0x0, pointerCount=1, historySize=0, eventTime=116878, downTime=116878, deviceId=0, source=0x1002 }
10-31 17:58:39.388  5635  5635 I Input   : injectMotionEvent: MotionEvent { action=ACTION_MOVE, actionButton=0, id[0]=0, x[0]=964.0, y[0]=2158.0, toolType[0]=TOOL_TYPE_UNKNOWN, buttonState=0, metaState=0, flags=0x0, edgeFlags=0x0, pointerCount=1, historySize=0, eventTime=116895, downTime=116895, deviceId=0, source=0x1002 }
10-31 17:58:39.407  5635  5635 I Input   : injectMotionEvent: MotionEvent { action=ACTION_MOVE, actionButton=0, id[0]=0, x[0]=964.0, y[0]=2158.0, toolType[0]=TOOL_TYPE_UNKNOWN, buttonState=0, metaState=0, flags=0x0, edgeFlags=0x0, pointerCount=1, historySize=0, eventTime=116914, downTime=116914, deviceId=0, source=0x1002 }
10-31 17:58:39.423  5635  5635 I Input   : injectMotionEvent: MotionEvent { action=ACTION_MOVE, actionButton=0, id[0]=0, x[0]=964.0, y[0]=2158.0, toolType[0]=TOOL_TYPE_UNKNOWN, buttonState=0, metaState=0, flags=0x0, edgeFlags=0x0, pointerCount=1, historySize=0, eventTime=116930, downTime=116930, deviceId=0, source=0x1002 }
10-31 17:58:39.440  5635  5635 I Input   : injectMotionEvent: MotionEvent { action=ACTION_MOVE, actionButton=0, id[0]=0, x[0]=964.0, y[0]=2158.0, toolType[0]=TOOL_TYPE_UNKNOWN, buttonState=0, metaState=0, flags=0x0, edgeFlags=0x0, pointerCount=1, historySize=0, eventTime=116947, downTime=116947, deviceId=0, source=0x1002 }
10-31 17:58:39.460  5635  5635 I Input   : injectMotionEvent: MotionEvent { action=ACTION_MOVE, actionButton=0, id[0]=0, x[0]=964.0, y[0]=2158.0, toolType[0]=TOOL_TYPE_UNKNOWN, buttonState=0, metaState=0, flags=0x0, edgeFlags=0x0, pointerCount=1, historySize=0, eventTime=116967, downTime=116967, deviceId=0, source=0x1002 }
10-31 17:58:39.476  5635  5635 I Input   : injectMotionEvent: MotionEvent { action=ACTION_MOVE, actionButton=0, id[0]=0, x[0]=964.0, y[0]=2158.0, toolType[0]=TOOL_TYPE_UNKNOWN, buttonState=0, metaState=0, flags=0x0, edgeFlags=0x0, pointerCount=1, historySize=0, eventTime=116983, downTime=116983, deviceId=0, source=0x1002 }
10-31 17:58:39.494  5635  5635 I Input   : injectMotionEvent: MotionEvent { action=ACTION_MOVE, actionButton=0, id[0]=0, x[0]=964.0, y[0]=2158.0, toolType[0]=TOOL_TYPE_UNKNOWN, buttonState=0, metaState=0, flags=0x0, edgeFlags=0x0, pointerCount=1, historySize=0, eventTime=117001, downTime=117001, deviceId=0, source=0x1002 }
10-31 17:58:39.510  5635  5635 I Input   : injectMotionEvent: MotionEvent { action=ACTION_MOVE, actionButton=0, id[0]=0, x[0]=964.0, y[0]=2158.0, toolType[0]=TOOL_TYPE_UNKNOWN, buttonState=0, metaState=0, flags=0x0, edgeFlags=0x0, pointerCount=1, historySize=0, eventTime=117016, downTime=117016, deviceId=0, source=0x1002 }
10-31 17:58:39.529  5635  5635 I Input   : injectMotionEvent: MotionEvent { action=ACTION_MOVE, actionButton=0, id[0]=0, x[0]=964.0, y[0]=2158.0, toolType[0]=TOOL_TYPE_UNKNOWN, buttonState=0, metaState=0, flags=0x0, edgeFlags=0x0, pointerCount=1, historySize=0, eventTime=117036, downTime=117036, deviceId=0, source=0x1002 }
10-31 17:58:39.545  5635  5635 I Input   : injectMotionEvent: MotionEvent { action=ACTION_MOVE, actionButton=0, id[0]=0, x[0]=964.0, y[0]=2158.0, toolType[0]=TOOL_TYPE_UNKNOWN, buttonState=0, metaState=0, flags=0x0, edgeFlags=0x0, pointerCount=1, historySize=0, eventTime=117052, downTime=117052, deviceId=0, source=0x1002 }
10-31 17:58:39.563  5635  5635 I Input   : injectMotionEvent: MotionEvent { action=ACTION_MOVE, actionButton=0, id[0]=0, x[0]=964.0, y[0]=2158.0, toolType[0]=TOOL_TYPE_UNKNOWN, buttonState=0, metaState=0, flags=0x0, edgeFlags=0x0, pointerCount=1, historySize=0, eventTime=117070, downTime=117070, deviceId=0, source=0x1002 }
10-31 17:58:39.581  5635  5635 I Input   : injectMotionEvent: MotionEvent { action=ACTION_MOVE, actionButton=0, id[0]=0, x[0]=964.0, y[0]=2158.0, toolType[0]=TOOL_TYPE_UNKNOWN, buttonState=0, metaState=0, flags=0x0, edgeFlags=0x0, pointerCount=1, historySize=0, eventTime=117088, downTime=117088, deviceId=0, source=0x1002 }
10-31 17:58:39.600  5635  5635 I Input   : injectMotionEvent: MotionEvent { action=ACTION_MOVE, actionButton=0, id[0]=0, x[0]=964.0, y[0]=2158.0, toolType[0]=TOOL_TYPE_UNKNOWN, buttonState=0, metaState=0, flags=0x0, edgeFlags=0x0, pointerCount=1, historySize=0, eventTime=117106, downTime=117106, deviceId=0, source=0x1002 }
10-31 17:58:39.618  5635  5635 I Input   : injectMotionEvent: MotionEvent { action=ACTION_MOVE, actionButton=0, id[0]=0, x[0]=964.0, y[0]=2158.0, toolType[0]=TOOL_TYPE_UNKNOWN, buttonState=0, metaState=0, flags=0x0, edgeFlags=0x0, pointerCount=1, historySize=0, eventTime=117125, downTime=117125, deviceId=0, source=0x1002 }
10-31 17:58:39.636  5635  5635 I Input   : injectMotionEvent: MotionEvent { action=ACTION_MOVE, actionButton=0, id[0]=0, x[0]=964.0, y[0]=2158.0, toolType[0]=TOOL_TYPE_UNKNOWN, buttonState=0, metaState=0, flags=0x0, edgeFlags=0x0, pointerCount=1, historySize=0, eventTime=117143, downTime=117143, deviceId=0, source=0x1002 }
10-31 17:58:39.653  5635  5635 I Input   : injectMotionEvent: MotionEvent { action=ACTION_MOVE, actionButton=0, id[0]=0, x[0]=964.0, y[0]=2158.0, toolType[0]=TOOL_TYPE_UNKNOWN, buttonState=0, metaState=0, flags=0x0, edgeFlags=0x0, pointerCount=1, historySize=0, eventTime=117160, downTime=117160, deviceId=0, source=0x1002 }
10-31 17:58:39.670  5635  5635 I Input   : injectMotionEvent: MotionEvent { action=ACTION_MOVE, actionButton=0, id[0]=0, x[0]=964.0, y[0]=2158.0, toolType[0]=TOOL_TYPE_UNKNOWN, buttonState=0, metaState=0, flags=0x0, edgeFlags=0x0, pointerCount=1, historySize=0, eventTime=117176, downTime=117176, deviceId=0, source=0x1002 }
10-31 17:58:39.689  5635  5635 I Input   : injectMotionEvent: MotionEvent { action=ACTION_MOVE, actionButton=0, id[0]=0, x[0]=964.0, y[0]=2158.0, toolType[0]=TOOL_TYPE_UNKNOWN, buttonState=0, metaState=0, flags=0x0, edgeFlags=0x0, pointerCount=1, historySize=0, eventTime=117196, downTime=117196, deviceId=0, source=0x1002 }
10-31 17:58:39.705  5635  5635 I Input   : injectMotionEvent: MotionEvent { action=ACTION_MOVE, actionButton=0, id[0]=0, x[0]=964.0, y[0]=2158.0, toolType[0]=TOOL_TYPE_UNKNOWN, buttonState=0, metaState=0, flags=0x0, edgeFlags=0x0, pointerCount=1, historySize=0, eventTime=117211, downTime=117211, deviceId=0, source=0x1002 }
10-31 17:58:39.723  5635  5635 I Input   : injectMotionEvent: MotionEvent { action=ACTION_MOVE, actionButton=0, id[0]=0, x[0]=964.0, y[0]=2158.0, toolType[0]=TOOL_TYPE_UNKNOWN, buttonState=0, metaState=0, flags=0x0, edgeFlags=0x0, pointerCount=1, historySize=0, eventTime=117229, downTime=117229, deviceId=0, source=0x1002 }
10-31 17:58:39.742  5635  5635 I Input   : injectMotionEvent: MotionEvent { action=ACTION_MOVE, actionButton=0, id[0]=0, x[0]=964.0, y[0]=2158.0, toolType[0]=TOOL_TYPE_UNKNOWN, buttonState=0, metaState=0, flags=0x0, edgeFlags=0x0, pointerCount=1, historySize=0, eventTime=117249, downTime=117249, deviceId=0, source=0x1002 }
10-31 17:58:39.759  5635  5635 I Input   : injectMotionEvent: MotionEvent { action=ACTION_MOVE, actionButton=0, id[0]=0, x[0]=964.0, y[0]=2158.0, toolType[0]=TOOL_TYPE_UNKNOWN, buttonState=0, metaState=0, flags=0x0, edgeFlags=0x0, pointerCount=1, historySize=0, eventTime=117266, downTime=117266, deviceId=0, source=0x1002 }
10-31 17:58:39.776  5635  5635 I Input   : injectMotionEvent: MotionEvent { action=ACTION_MOVE, actionButton=0, id[0]=0, x[0]=964.0, y[0]=2158.0, toolType[0]=TOOL_TYPE_UNKNOWN, buttonState=0, metaState=0, flags=0x0, edgeFlags=0x0, pointerCount=1, historySize=0, eventTime=117283, downTime=117283, deviceId=0, source=0x1002 }
10-31 17:58:39.792  5635  5635 I Input   : injectMotionEvent: MotionEvent { action=ACTION_MOVE, actionButton=0, id[0]=0, x[0]=964.0, y[0]=2158.0, toolType[0]=TOOL_TYPE_UNKNOWN, buttonState=0, metaState=0, flags=0x0, edgeFlags=0x0, pointerCount=1, historySize=0, eventTime=117299, downTime=117299, deviceId=0, source=0x1002 }
10-31 17:58:39.811  5635  5635 I Input   : injectMotionEvent: MotionEvent { action=ACTION_MOVE, actionButton=0, id[0]=0, x[0]=964.0, y[0]=2158.0, toolType[0]=TOOL_TYPE_UNKNOWN, buttonState=0, metaState=0, flags=0x0, edgeFlags=0x0, pointerCount=1, historySize=0, eventTime=117318, downTime=117318, deviceId=0, source=0x1002 }
10-31 17:58:39.830  5635  5635 I Input   : injectMotionEvent: MotionEvent { action=ACTION_MOVE, actionButton=0, id[0]=0, x[0]=964.0, y[0]=2158.0, toolType[0]=TOOL_TYPE_UNKNOWN, buttonState=0, metaState=0, flags=0x0, edgeFlags=0x0, pointerCount=1, historySize=0, eventTime=117336, downTime=117336, deviceId=0, source=0x1002 }
10-31 17:58:39.846  5635  5635 I Input   : injectMotionEvent: MotionEvent { action=ACTION_MOVE, actionButton=0, id[0]=0, x[0]=964.0, y[0]=2158.0, toolType[0]=TOOL_TYPE_UNKNOWN, buttonState=0, metaState=0, flags=0x0, edgeFlags=0x0, pointerCount=1, historySize=0, eventTime=117353, downTime=117353, deviceId=0, source=0x1002 }
10-31 17:58:39.864  5635  5635 I Input   : injectMotionEvent: MotionEvent { action=ACTION_MOVE, actionButton=0, id[0]=0, x[0]=964.0, y[0]=2158.0, toolType[0]=TOOL_TYPE_UNKNOWN, buttonState=0, metaState=0, flags=0x0, edgeFlags=0x0, pointerCount=1, historySize=0, eventTime=117371, downTime=117371, deviceId=0, source=0x1002 }
10-31 17:58:39.882  5635  5635 I Input   : injectMotionEvent: MotionEvent { action=ACTION_MOVE, actionButton=0, id[0]=0, x[0]=964.0, y[0]=2158.0, toolType[0]=TOOL_TYPE_UNKNOWN, buttonState=0, metaState=0, flags=0x0, edgeFlags=0x0, pointerCount=1, historySize=0, eventTime=117389, downTime=117389, deviceId=0, source=0x1002 }
10-31 17:58:39.898  5635  5635 I Input   : injectMotionEvent: MotionEvent { action=ACTION_MOVE, actionButton=0, id[0]=0, x[0]=964.0, y[0]=2158.0, toolType[0]=TOOL_TYPE_UNKNOWN, buttonState=0, metaState=0, flags=0x0, edgeFlags=0x0, pointerCount=1, historySize=0, eventTime=117404, downTime=117404, deviceId=0, source=0x1002 }
10-31 17:58:39.918  5635  5635 I Input   : injectMotionEvent: MotionEvent { action=ACTION_MOVE, actionButton=0, id[0]=0, x[0]=964.0, y[0]=2158.0, toolType[0]=TOOL_TYPE_UNKNOWN, buttonState=0, metaState=0, flags=0x0, edgeFlags=0x0, pointerCount=1, historySize=0, eventTime=117425, downTime=117425, deviceId=0, source=0x1002 }
10-31 17:58:39.935  5635  5635 I Input   : injectMotionEvent: MotionEvent { action=ACTION_MOVE, actionButton=0, id[0]=0, x[0]=964.0, y[0]=2158.0, toolType[0]=TOOL_TYPE_UNKNOWN, buttonState=0, metaState=0, flags=0x0, edgeFlags=0x0, pointerCount=1, historySize=0, eventTime=117442, downTime=117442, deviceId=0, source=0x1002 }
10-31 17:58:39.950  5635  5635 I Input   : injectMotionEvent: MotionEvent { action=ACTION_MOVE, actionButton=0, id[0]=0, x[0]=964.0, y[0]=2158.0, toolType[0]=TOOL_TYPE_UNKNOWN, buttonState=0, metaState=0, flags=0x0, edgeFlags=0x0, pointerCount=1, historySize=0, eventTime=117457, downTime=117457, deviceId=0, source=0x1002 }
10-31 17:58:39.970  5635  5635 I Input   : injectMotionEvent: MotionEvent { action=ACTION_MOVE, actionButton=0, id[0]=0, x[0]=964.0, y[0]=2158.0, toolType[0]=TOOL_TYPE_UNKNOWN, buttonState=0, metaState=0, flags=0x0, edgeFlags=0x0, pointerCount=1, historySize=0, eventTime=117477, downTime=117477, deviceId=0, source=0x1002 }
10-31 17:58:39.986  5635  5635 I Input   : injectMotionEvent: MotionEvent { action=ACTION_MOVE, actionButton=0, id[0]=0, x[0]=964.0, y[0]=2158.0, toolType[0]=TOOL_TYPE_UNKNOWN, buttonState=0, metaState=0, flags=0x0, edgeFlags=0x0, pointerCount=1, historySize=0, eventTime=117493, downTime=117493, deviceId=0, source=0x1002 }
10-31 17:58:40.006  5635  5635 I Input   : injectMotionEvent: MotionEvent { action=ACTION_MOVE, actionButton=0, id[0]=0, x[0]=964.0, y[0]=2158.0, toolType[0]=TOOL_TYPE_UNKNOWN, buttonState=0, metaState=0, flags=0x0, edgeFlags=0x0, pointerCount=1, historySize=0, eventTime=117513, downTime=117513, deviceId=0, source=0x1002 }
10-31 17:58:40.023  5635  5635 I Input   : injectMotionEvent: MotionEvent { action=ACTION_MOVE, actionButton=0, id[0]=0, x[0]=964.0, y[0]=2158.0, toolType[0]=TOOL_TYPE_UNKNOWN, buttonState=0, metaState=0, flags=0x0, edgeFlags=0x0, pointerCount=1, historySize=0, eventTime=117530, downTime=117530, deviceId=0, source=0x1002 }
10-31 17:58:40.041  5635  5635 I Input   : injectMotionEvent: MotionEvent { action=ACTION_MOVE, actionButton=0, id[0]=0, x[0]=964.0, y[0]=2158.0, toolType[0]=TOOL_TYPE_UNKNOWN, buttonState=0, metaState=0, flags=0x0, edgeFlags=0x0, pointerCount=1, historySize=0, eventTime=117548, downTime=117548, deviceId=0, source=0x1002 }
10-31 17:58:40.057  5635  5635 I Input   : injectMotionEvent: MotionEvent { action=ACTION_MOVE, actionButton=0, id[0]=0, x[0]=964.0, y[0]=2158.0, toolType[0]=TOOL_TYPE_UNKNOWN, buttonState=0, metaState=0, flags=0x0, edgeFlags=0x0, pointerCount=1, historySize=0, eventTime=117564, downTime=117564, deviceId=0, source=0x1002 }
10-31 17:58:40.080  5635  5635 I Input   : injectMotionEvent: MotionEvent { action=ACTION_MOVE, actionButton=0, id[0]=0, x[0]=964.0, y[0]=2158.0, toolType[0]=TOOL_TYPE_UNKNOWN, buttonState=0, metaState=0, flags=0x0, edgeFlags=0x0, pointerCount=1, historySize=0, eventTime=117587, downTime=117587, deviceId=0, source=0x1002 }
10-31 17:58:40.096  5635  5635 I Input   : injectMotionEvent: MotionEvent { action=ACTION_MOVE, actionButton=0, id[0]=0, x[0]=964.0, y[0]=2158.0, toolType[0]=TOOL_TYPE_UNKNOWN, buttonState=0, metaState=0, flags=0x0, edgeFlags=0x0, pointerCount=1, historySize=0, eventTime=117603, downTime=117603, deviceId=0, source=0x1002 }
10-31 17:58:40.114  5635  5635 I Input   : injectMotionEvent: MotionEvent { action=ACTION_MOVE, actionButton=0, id[0]=0, x[0]=964.0, y[0]=2158.0, toolType[0]=TOOL_TYPE_UNKNOWN, buttonState=0, metaState=0, flags=0x0, edgeFlags=0x0, pointerCount=1, historySize=0, eventTime=117620, downTime=117620, deviceId=0, source=0x1002 }
10-31 17:58:40.131  5635  5635 I Input   : injectMotionEvent: MotionEvent { action=ACTION_MOVE, actionButton=0, id[0]=0, x[0]=964.0, y[0]=2158.0, toolType[0]=TOOL_TYPE_UNKNOWN, buttonState=0, metaState=0, flags=0x0, edgeFlags=0x0, pointerCount=1, historySize=0, eventTime=117638, downTime=117638, deviceId=0, source=0x1002 }
10-31 17:58:40.150  5635  5635 I Input   : injectMotionEvent: MotionEvent { action=ACTION_MOVE, actionButton=0, id[0]=0, x[0]=964.0, y[0]=2158.0, toolType[0]=TOOL_TYPE_UNKNOWN, buttonState=0, metaState=0, flags=0x0, edgeFlags=0x0, pointerCount=1, historySize=0, eventTime=117656, downTime=117656, deviceId=0, source=0x1002 }
10-31 17:58:40.167  5635  5635 I Input   : injectMotionEvent: MotionEvent { action=ACTION_MOVE, actionButton=0, id[0]=0, x[0]=964.0, y[0]=2158.0, toolType[0]=TOOL_TYPE_UNKNOWN, buttonState=0, metaState=0, flags=0x0, edgeFlags=0x0, pointerCount=1, historySize=0, eventTime=117674, downTime=117674, deviceId=0, source=0x1002 }
10-31 17:58:40.186  5635  5635 I Input   : injectMotionEvent: MotionEvent { action=ACTION_MOVE, actionButton=0, id[0]=0, x[0]=964.0, y[0]=2158.0, toolType[0]=TOOL_TYPE_UNKNOWN, buttonState=0, metaState=0, flags=0x0, edgeFlags=0x0, pointerCount=1, historySize=0, eventTime=117693, downTime=117693, deviceId=0, source=0x1002 }
10-31 17:58:40.199  5635  5635 I Input   : injectMotionEvent: MotionEvent { action=ACTION_MOVE, actionButton=0, id[0]=0, x[0]=964.0, y[0]=2158.0, toolType[0]=TOOL_TYPE_UNKNOWN, buttonState=0, metaState=0, flags=0x0, edgeFlags=0x0, pointerCount=1, historySize=0, eventTime=117706, downTime=117706, deviceId=0, source=0x1002 }
10-31 17:58:40.217  5635  5635 I Input   : injectMotionEvent: MotionEvent { action=ACTION_MOVE, actionButton=0, id[0]=0, x[0]=964.0, y[0]=2158.0, toolType[0]=TOOL_TYPE_UNKNOWN, buttonState=0, metaState=0, flags=0x0, edgeFlags=0x0, pointerCount=1, historySize=0, eventTime=117724, downTime=117724, deviceId=0, source=0x1002 }
10-31 17:58:40.237  5635  5635 I Input   : injectMotionEvent: MotionEvent { action=ACTION_MOVE, actionButton=0, id[0]=0, x[0]=964.0, y[0]=2158.0, toolType[0]=TOOL_TYPE_UNKNOWN, buttonState=0, metaState=0, flags=0x0, edgeFlags=0x0, pointerCount=1, historySize=0, eventTime=117743, downTime=117743, deviceId=0, source=0x1002 }
10-31 17:58:40.252  5635  5635 I Input   : injectMotionEvent: MotionEvent { action=ACTION_MOVE, actionButton=0, id[0]=0, x[0]=964.0, y[0]=2158.0, toolType[0]=TOOL_TYPE_UNKNOWN, buttonState=0, metaState=0, flags=0x0, edgeFlags=0x0, pointerCount=1, historySize=0, eventTime=117759, downTime=117759, deviceId=0, source=0x1002 }
10-31 17:58:40.274  5635  5635 I Input   : injectMotionEvent: MotionEvent { action=ACTION_MOVE, actionButton=0, id[0]=0, x[0]=964.0, y[0]=2158.0, toolType[0]=TOOL_TYPE_UNKNOWN, buttonState=0, metaState=0, flags=0x0, edgeFlags=0x0, pointerCount=1, historySize=0, eventTime=117781, downTime=117781, deviceId=0, source=0x1002 }
10-31 17:58:40.286  5635  5635 I Input   : injectMotionEvent: MotionEvent { action=ACTION_MOVE, actionButton=0, id[0]=0, x[0]=964.0, y[0]=2158.0, toolType[0]=TOOL_TYPE_UNKNOWN, buttonState=0, metaState=0, flags=0x0, edgeFlags=0x0, pointerCount=1, historySize=0, eventTime=117793, downTime=117793, deviceId=0, source=0x1002 }
10-31 17:58:40.309  5635  5635 I Input   : injectMotionEvent: MotionEvent { action=ACTION_MOVE, actionButton=0, id[0]=0, x[0]=964.0, y[0]=2158.0, toolType[0]=TOOL_TYPE_UNKNOWN, buttonState=0, metaState=0, flags=0x0, edgeFlags=0x0, pointerCount=1, historySize=0, eventTime=117815, downTime=117815, deviceId=0, source=0x1002 }
10-31 17:58:40.322  5635  5635 I Input   : injectMotionEvent: MotionEvent { action=ACTION_MOVE, actionButton=0, id[0]=0, x[0]=964.0, y[0]=2158.0, toolType[0]=TOOL_TYPE_UNKNOWN, buttonState=0, metaState=0, flags=0x0, edgeFlags=0x0, pointerCount=1, historySize=0, eventTime=117829, downTime=117829, deviceId=0, source=0x1002 }
10-31 17:58:40.342  5635  5635 I Input   : injectMotionEvent: MotionEvent { action=ACTION_MOVE, actionButton=0, id[0]=0, x[0]=964.0, y[0]=2158.0, toolType[0]=TOOL_TYPE_UNKNOWN, buttonState=0, metaState=0, flags=0x0, edgeFlags=0x0, pointerCount=1, historySize=0, eventTime=117848, downTime=117848, deviceId=0, source=0x1002 }
10-31 17:58:40.357  5635  5635 I Input   : injectMotionEvent: MotionEvent { action=ACTION_MOVE, actionButton=0, id[0]=0, x[0]=964.0, y[0]=2158.0, toolType[0]=TOOL_TYPE_UNKNOWN, buttonState=0, metaState=0, flags=0x0, edgeFlags=0x0, pointerCount=1, historySize=0, eventTime=117864, downTime=117864, deviceId=0, source=0x1002 }
10-31 17:58:40.379  5635  5635 I Input   : injectMotionEvent: MotionEvent { action=ACTION_MOVE, actionButton=0, id[0]=0, x[0]=964.0, y[0]=2158.0, toolType[0]=TOOL_TYPE_UNKNOWN, buttonState=0, metaState=0, flags=0x0, edgeFlags=0x0, pointerCount=1, historySize=0, eventTime=117885, downTime=117885, deviceId=0, source=0x1002 }
10-31 17:58:40.396  5635  5635 I Input   : injectMotionEvent: MotionEvent { action=ACTION_MOVE, actionButton=0, id[0]=0, x[0]=964.0, y[0]=2158.0, toolType[0]=TOOL_TYPE_UNKNOWN, buttonState=0, metaState=0, flags=0x0, edgeFlags=0x0, pointerCount=1, historySize=0, eventTime=117902, downTime=117902, deviceId=0, source=0x1002 }
10-31 17:58:40.415  5635  5635 I Input   : injectMotionEvent: MotionEvent { action=ACTION_MOVE, actionButton=0, id[0]=0, x[0]=964.0, y[0]=2158.0, toolType[0]=TOOL_TYPE_UNKNOWN, buttonState=0, metaState=0, flags=0x0, edgeFlags=0x0, pointerCount=1, historySize=0, eventTime=117921, downTime=117921, deviceId=0, source=0x1002 }
10-31 17:58:40.436  5635  5635 I Input   : injectMotionEvent: MotionEvent { action=ACTION_MOVE, actionButton=0, id[0]=0, x[0]=964.0, y[0]=2158.0, toolType[0]=TOOL_TYPE_UNKNOWN, buttonState=0, metaState=0, flags=0x0, edgeFlags=0x0, pointerCount=1, historySize=0, eventTime=117943, downTime=117943, deviceId=0, source=0x1002 }
10-31 17:58:40.445  5635  5635 I Input   : injectMotionEvent: MotionEvent { action=ACTION_MOVE, actionButton=0, id[0]=0, x[0]=964.0, y[0]=2158.0, toolType[0]=TOOL_TYPE_UNKNOWN, buttonState=0, metaState=0, flags=0x0, edgeFlags=0x0, pointerCount=1, historySize=0, eventTime=117951, downTime=117951, deviceId=0, source=0x1002 }
10-31 17:58:40.461  5635  5635 I Input   : injectMotionEvent: MotionEvent { action=ACTION_MOVE, actionButton=0, id[0]=0, x[0]=964.0, y[0]=2158.0, toolType[0]=TOOL_TYPE_UNKNOWN, buttonState=0, metaState=0, flags=0x0, edgeFlags=0x0, pointerCount=1, historySize=0, eventTime=117968, downTime=117968, deviceId=0, source=0x1002 }
10-31 17:58:40.484  5635  5635 I Input   : injectMotionEvent: MotionEvent { action=ACTION_MOVE, actionButton=0, id[0]=0, x[0]=964.0, y[0]=2158.0, toolType[0]=TOOL_TYPE_UNKNOWN, buttonState=0, metaState=0, flags=0x0, edgeFlags=0x0, pointerCount=1, historySize=0, eventTime=117991, downTime=117991, deviceId=0, source=0x1002 }
10-31 17:58:40.501  5635  5635 I Input   : injectMotionEvent: MotionEvent { action=ACTION_MOVE, actionButton=0, id[0]=0, x[0]=964.0, y[0]=2158.0, toolType[0]=TOOL_TYPE_UNKNOWN, buttonState=0, metaState=0, flags=0x0, edgeFlags=0x0, pointerCount=1, historySize=0, eventTime=118008, downTime=118008, deviceId=0, source=0x1002 }
10-31 17:58:40.520  5635  5635 I Input   : injectMotionEvent: MotionEvent { action=ACTION_MOVE, actionButton=0, id[0]=0, x[0]=964.0, y[0]=2158.0, toolType[0]=TOOL_TYPE_UNKNOWN, buttonState=0, metaState=0, flags=0x0, edgeFlags=0x0, pointerCount=1, historySize=0, eventTime=118027, downTime=118027, deviceId=0, source=0x1002 }
10-31 17:58:40.540  5635  5635 I Input   : injectMotionEvent: MotionEvent { action=ACTION_MOVE, actionButton=0, id[0]=0, x[0]=964.0, y[0]=2158.0, toolType[0]=TOOL_TYPE_UNKNOWN, buttonState=0, metaState=0, flags=0x0, edgeFlags=0x0, pointerCount=1, historySize=0, eventTime=118046, downTime=118046, deviceId=0, source=0x1002 }
10-31 17:58:40.552  5635  5635 I Input   : injectMotionEvent: MotionEvent { action=ACTION_MOVE, actionButton=0, id[0]=0, x[0]=964.0, y[0]=2158.0, toolType[0]=TOOL_TYPE_UNKNOWN, buttonState=0, metaState=0, flags=0x0, edgeFlags=0x0, pointerCount=1, historySize=0, eventTime=118059, downTime=118059, deviceId=0, source=0x1002 }
10-31 17:58:40.568  5635  5635 I Input   : injectMotionEvent: MotionEvent { action=ACTION_MOVE, actionButton=0, id[0]=0, x[0]=964.0, y[0]=2158.0, toolType[0]=TOOL_TYPE_UNKNOWN, buttonState=0, metaState=0, flags=0x0, edgeFlags=0x0, pointerCount=1, historySize=0, eventTime=118075, downTime=118075, deviceId=0, source=0x1002 }
10-31 17:58:40.587  5635  5635 I Input   : injectMotionEvent: MotionEvent { action=ACTION_MOVE, actionButton=0, id[0]=0, x[0]=964.0, y[0]=2158.0, toolType[0]=TOOL_TYPE_UNKNOWN, buttonState=0, metaState=0, flags=0x0, edgeFlags=0x0, pointerCount=1, historySize=0, eventTime=118093, downTime=118093, deviceId=0, source=0x1002 }
10-31 17:58:40.607  5635  5635 I Input   : injectMotionEvent: MotionEvent { action=ACTION_MOVE, actionButton=0, id[0]=0, x[0]=964.0, y[0]=2158.0, toolType[0]=TOOL_TYPE_UNKNOWN, buttonState=0, metaState=0, flags=0x0, edgeFlags=0x0, pointerCount=1, historySize=0, eventTime=118114, downTime=118114, deviceId=0, source=0x1002 }
