10-31 17:59:02.436  6193  6193 I zygote64: The ClassLoaderContext is a special shared library.
10-31 17:59:02.449  1417  6199 I Fitness : FitCleanupIntentOperation received Intent android.intent.action.PACKAGE_REMOVED [CONTEXT service_id=17 ]
10-31 17:59:02.456  6209  6209 I zygote64: The ClassLoaderContext is a special shared library.
10-31 17:59:02.458  6209  6209 I chatty  : uid=10012 com.google.android.gms.ui identical 1 line
10-31 17:59:02.459  6209  6209 I zygote64: The ClassLoaderContext is a special shared library.
10-31 17:59:02.476  1799  6145 I zygote64: Deoptimizing void soz.<init>(int, int) due to JIT inline cache
10-31 17:59:02.486  1799  1799 E ConnectivityChangeRecei: Ignoring connectivity change
10-31 17:59:02.501  1799  2803 I Icing   : doRemovePackageData com.easyfitness
10-31 17:59:02.503  1297  3789 I ActivityManager: Start proc 6251:com.android.externalstorage/u0a10 for content provider com.android.externalstorage/.ExternalStorageProvider
10-31 17:59:02.554  6209  6209 W DynamiteModule: Local module descriptor class for providerinstaller not found.
10-31 17:59:02.565  6209  6209 W ProviderHelper: Unknown dynamite feature providerinstaller
10-31 17:59:02.570  6251  6251 I zygote64: The ClassLoaderContext is a special shared library.
10-31 17:59:02.575  6209  6209 I DynamiteModule: Considering local module providerinstaller:0 and remote module providerinstaller:0
10-31 17:59:02.575  6209  6209 W ProviderInstaller: Failed to load providerinstaller module: No acceptable module found. Local version is 0 and remote version is 0.
10-31 17:59:02.577  6209  6209 V NativeCrypto: Registering com/google/android/gms/org/conscrypt/NativeCrypto's 286 native methods...
10-31 17:59:02.578  6251  6251 D ExternalStorage: After updating volumes, found 2 active roots
10-31 17:59:02.578  6193  6193 I ProvidersCache: Updating roots due to change at content://com.android.externalstorage.documents
10-31 17:59:02.579  1799  6145 W DriveInitializer: Awaiting to be initialized
10-31 17:59:02.591  6209  6209 D NetworkSecurityConfig: Using Network Security Config from resource network_security_config debugBuild: false
10-31 17:59:02.591  6209  6209 I ProviderInstaller: Installed default security provider GmsCore_OpenSSL
10-31 17:59:02.591  6209  6209 I Safeboot: Checking safeboot...
10-31 17:59:02.591  6209  6209 I Safeboot: Not entering safeboot; wrong process.
10-31 17:59:02.594  1799  2626 I Icing   : IndexChimeraService.getServiceInterface callingPackage=com.google.android.gms componentName=AppsCorpus serviceId=36
10-31 17:59:02.605  1297  1610 I ActivityManager: Start proc 6274:com.android.mtp/u0a11 for content provider com.android.mtp/.MtpDocumentsProvider
10-31 17:59:02.610  1297  1446 I ActivityManager: Killing 3078:com.google.android.configupdater/u0a5 (adj 906): empty #17
10-31 17:59:02.610  1297  1314 W zygote64: kill(-3078, 9) failed: No such process
10-31 17:59:02.626  6274  6274 I zygote64: The ClassLoaderContext is a special shared library.
10-31 17:59:02.627  1799  2626 I Icing   : IndexChimeraService.getServiceInterface callingPackage=com.google.android.gms componentName=null serviceId=30
10-31 17:59:02.629  1799  2803 I Icing   : Usage reports ok 0, Failed Usage reports 0, indexed 0, rejected 0
10-31 17:59:02.635  1799  2626 I Icing   : IndexChimeraService.getServiceInterface callingPackage=com.google.android.gms componentName=null serviceId=36
10-31 17:59:02.643  1799  2377 I PinnedContentDownloader: Finished downloading pinned content.
10-31 17:59:02.653  1297  1314 W zygote64: kill(-3078, 9) failed: No such process
10-31 17:59:02.656  1799  2803 I Icing   : Usage reports ok 0, Failed Usage reports 0, indexed 0, rejected 0
10-31 17:59:02.663  1799  3744 I ContentMaintenance: Internal cache bytes used: 0; limit: 100000000; download size: 0
10-31 17:59:02.663  6209  6209 I bezb    : Primes not initialized, returning default (no-op) Primes instance which will ignore all calls. Please call Primes.initialize(...) before using any Primes API.
10-31 17:59:02.665  1799  2803 I Icing   : Usage reports ok 0, Failed Usage reports 0, indexed 0, rejected 0
10-31 17:59:02.667  1799  2803 I Icing   : Indexing com.google.android.gms-apps from com.google.android.gms
10-31 17:59:02.680  1799  2803 I Icing   : Indexing com.google.android.gms-internal.3p:MobileApplication from com.google.android.gms
10-31 17:59:02.685  1799  3744 I RealtimeCacheCleanup: Beginning Realtime garbage collection.
10-31 17:59:02.685  1799  3744 I RealtimeCacheCleanup: Finished Realtime garbage collection.
10-31 17:59:02.693  1297  1314 W zygote64: kill(-3078, 9) failed: No such process
10-31 17:59:02.693  1297  1314 I zygote64: Successfully killed process cgroup uid 10005 pid 3078 in 82ms
10-31 17:59:02.703  6209  6214 I zygote64: Compiler allocated 4MB to compile void stg.d(android.content.Context)
10-31 17:59:02.704  1799  2803 I Icing   : Indexing done com.google.android.gms-apps
10-31 17:59:02.712  1799  2803 I Icing   : Indexing done com.google.android.gms-internal.3p:MobileApplication
10-31 17:59:02.754  1297  1328 I PackageManager.DexOptimizer: Running dexopt (dexoptNeeded=1) on: /data/app/com.easyfitness-V5XxvaCfQHOWgFXAtZBLww==/base.apk pkg=com.easyfitness isa=arm64 dexoptFlags=boot_complete,debuggable,public target-filter=quicken oatDir=/data/app/com.easyfitness-V5XxvaCfQHOWgFXAtZBLww==/oat sharedLibraries=PCL[]
10-31 17:59:02.759  6309  6309 I dex2oat : /system/bin/dex2oat --input-vdex-fd=-1 --output-vdex-fd=9 --compiler-filter=quicken --debuggable --classpath-dir=/data/app/com.easyfitness-V5XxvaCfQHOWgFXAtZBLww== --class-loader-context=PCL[]
10-31 17:59:02.962  6309  6309 I dex2oat : Explicit concurrent copying GC freed 15395(6MB) AllocSpace objects, 0(0B) LOS objects, 85% free, 257KB/1793KB, paused 10us total 1.082ms
10-31 17:59:02.976  6309  6315 W dex2oat : Method processed more than once: void androidx.appcompat.widget.AppCompatTextView.<init>(android.content.Context)
10-31 17:59:02.976  6309  6315 W dex2oat : Method processed more than once: void androidx.appcompat.widget.AppCompatTextView.<init>(android.content.Context, android.util.AttributeSet)
10-31 17:59:02.976  6309  6315 W dex2oat : Method processed more than once: void androidx.appcompat.widget.AppCompatTextView.<init>(android.content.Context, android.util.AttributeSet, int)
10-31 17:59:02.977  6309  6315 W dex2oat : Method processed more than once: void androidx.appcompat.widget.AppCompatTextView.consumeTextFutureAndSetBlocking()
10-31 17:59:02.977  6309  6315 W dex2oat : Method processed more than once: void androidx.appcompat.widget.AppCompatTextView.drawableStateChanged()
10-31 17:59:02.977  6309  6315 W dex2oat : Method processed more than once: int androidx.appcompat.widget.AppCompatTextView.getAutoSizeMaxTextSize()
10-31 17:59:02.977  6309  6315 W dex2oat : Method processed more than once: int androidx.appcompat.widget.AppCompatTextView.getAutoSizeMinTextSize()
10-31 17:59:02.977  6309  6315 W dex2oat : Method processed more than once: int androidx.appcompat.widget.AppCompatTextView.getAutoSizeStepGranularity()
10-31 17:59:02.977  6309  6315 W dex2oat : Method processed more than once: int[] androidx.appcompat.widget.AppCompatTextView.getAutoSizeTextAvailableSizes()
10-31 17:59:02.977  6309  6315 W dex2oat : Method processed more than once: int androidx.appcompat.widget.AppCompatTextView.getAutoSizeTextType()
10-31 17:59:02.977  6309  6315 W dex2oat : Method processed more than once: int androidx.appcompat.widget.AppCompatTextView.getFirstBaselineToTopHeight()
10-31 17:59:02.977  6309  6315 W dex2oat : Method processed more than once: int androidx.appcompat.widget.AppCompatTextView.getLastBaselineToBottomHeight()
10-31 17:59:02.977  6309  6315 W dex2oat : Method processed more than once: android.content.res.ColorStateList androidx.appcompat.widget.AppCompatTextView.getSupportBackgroundTintList()
10-31 17:59:02.977  6309  6315 W dex2oat : Method processed more than once: android.graphics.PorterDuff$Mode androidx.appcompat.widget.AppCompatTextView.getSupportBackgroundTintMode()
10-31 17:59:02.977  6309  6315 W dex2oat : Method processed more than once: android.content.res.ColorStateList androidx.appcompat.widget.AppCompatTextView.getSupportCompoundDrawablesTintList()
10-31 17:59:02.977  6309  6315 W dex2oat : Method processed more than once: android.graphics.PorterDuff$Mode androidx.appcompat.widget.AppCompatTextView.getSupportCompoundDrawablesTintMode()
10-31 17:59:02.977  6309  6315 W dex2oat : Method processed more than once: java.lang.CharSequence androidx.appcompat.widget.AppCompatTextView.getText()
10-31 17:59:02.977  6309  6315 W dex2oat : Method processed more than once: android.view.textclassifier.TextClassifier androidx.appcompat.widget.AppCompatTextView.getTextClassifier()
10-31 17:59:02.977  6309  6315 W dex2oat : Method processed more than once: androidx.core.text.PrecomputedTextCompat$Params androidx.appcompat.widget.AppCompatTextView.getTextMetricsParamsCompat()
10-31 17:59:02.977  6309  6315 W dex2oat : Method processed more than once: android.view.inputmethod.InputConnection androidx.appcompat.widget.AppCompatTextView.onCreateInputConnection(android.view.inputmethod.EditorInfo)
10-31 17:59:02.977  6309  6315 W dex2oat : Method processed more than once: void androidx.appcompat.widget.AppCompatTextView.onLayout(boolean, int, int, int, int)
10-31 17:59:02.977  6309  6315 W dex2oat : Method processed more than once: void androidx.appcompat.widget.AppCompatTextView.onMeasure(int, int)
10-31 17:59:02.977  6309  6315 W dex2oat : Method processed more than once: void androidx.appcompat.widget.AppCompatTextView.onTextChanged(java.lang.CharSequence, int, int, int)
10-31 17:59:02.977  6309  6315 W dex2oat : Method processed more than once: void androidx.appcompat.widget.AppCompatTextView.setAutoSizeTextTypeUniformWithConfiguration(int, int, int, int)
10-31 17:59:02.977  6309  6315 W dex2oat : Method processed more than once: void androidx.appcompat.widget.AppCompatTextView.setAutoSizeTextTypeUniformWithPresetSizes(int[], int)
10-31 17:59:02.977  6309  6315 W dex2oat : Method processed more than once: void androidx.appcompat.widget.AppCompatTextView.setAutoSizeTextTypeWithDefaults(int)
10-31 17:59:02.977  6309  6315 W dex2oat : Method processed more than once: void androidx.appcompat.widget.AppCompatTextView.setBackgroundDrawable(android.graphics.drawable.Drawable)
10-31 17:59:02.977  6309  6315 W dex2oat : Method processed more than once: void androidx.appcompat.widget.AppCompatTextView.setBackgroundResource(int)
10-31 17:59:02.977  6309  6315 W dex2oat : Method processed more than once: void androidx.appcompat.widget.AppCompatTextView.setCompoundDrawables(android.graphics.drawable.Drawable, android.graphics.drawable.Drawable, android.graphics.drawable.Drawable, android.graphics.drawable.Drawable)
10-31 17:59:02.977  6309  6315 W dex2oat : Method processed more than once: void androidx.appcompat.widget.AppCompatTextView.setCompoundDrawablesRelative(android.graphics.drawable.Drawable, android.graphics.drawable.Drawable, android.graphics.drawable.Drawable, android.graphics.drawable.Drawable)
10-31 17:59:02.977  6309  6315 W dex2oat : Method processed more than once: void androidx.appcompat.widget.AppCompatTextView.setCompoundDrawablesRelativeWithIntrinsicBounds(int, int, int, int)
10-31 17:59:02.977  6309  6315 W dex2oat : Method processed more than once: void androidx.appcompat.widget.AppCompatTextView.setCompoundDrawablesRelativeWithIntrinsicBounds(android.graphics.drawable.Drawable, android.graphics.drawable.Drawable, android.graphics.drawable.Drawable, android.graphics.drawable.Drawable)
10-31 17:59:02.977  6309  6315 W dex2oat : Method processed more than once: void androidx.appcompat.widget.AppCompatTextView.setCompoundDrawablesWithIntrinsicBounds(int, int, int, int)
10-31 17:59:02.977  6309  6315 W dex2oat : Method processed more than once: void androidx.appcompat.widget.AppCompatTextView.setCompoundDrawablesWithIntrinsicBounds(android.graphics.drawable.Drawable, android.graphics.drawable.Drawable, android.graphics.drawable.Drawable, android.graphics.drawable.Drawable)
10-31 17:59:02.977  6309  6315 W dex2oat : Method processed more than once: void androidx.appcompat.widget.AppCompatTextView.setCustomSelectionActionModeCallback(android.view.ActionMode$Callback)
10-31 17:59:02.977  6309  6315 W dex2oat : Method processed more than once: void androidx.appcompat.widget.AppCompatTextView.setFirstBaselineToTopHeight(int)
10-31 17:59:02.977  6309  6315 W dex2oat : Method processed more than once: void androidx.appcompat.widget.AppCompatTextView.setLastBaselineToBottomHeight(int)
10-31 17:59:02.977  6309  6315 W dex2oat : Method processed more than once: void androidx.appcompat.widget.AppCompatTextView.setLineHeight(int)
10-31 17:59:02.977  6309  6315 W dex2oat : Method processed more than once: void androidx.appcompat.widget.AppCompatTextView.setPrecomputedText(androidx.core.text.PrecomputedTextCompat)
10-31 17:59:02.977  6309  6315 W dex2oat : Method processed more than once: void androidx.appcompat.widget.AppCompatTextView.setSupportBackgroundTintList(android.content.res.ColorStateList)
10-31 17:59:02.977  6309  6315 W dex2oat : Method processed more than once: void androidx.appcompat.widget.AppCompatTextView.setSupportBackgroundTintMode(android.graphics.PorterDuff$Mode)
10-31 17:59:02.977  6309  6315 W dex2oat : Method processed more than once: void androidx.appcompat.widget.AppCompatTextView.setSupportCompoundDrawablesTintList(android.content.res.ColorStateList)
10-31 17:59:02.977  6309  6315 W dex2oat : Method processed more than once: void androidx.appcompat.widget.AppCompatTextView.setSupportCompoundDrawablesTintMode(android.graphics.PorterDuff$Mode)
10-31 17:59:02.977  6309  6315 W dex2oat : Method processed more than once: void androidx.appcompat.widget.AppCompatTextView.setTextAppearance(android.content.Context, int)
10-31 17:59:02.977  6309  6315 W dex2oat : Method processed more than once: void androidx.appcompat.widget.AppCompatTextView.setTextClassifier(android.view.textclassifier.TextClassifier)
10-31 17:59:02.977  6309  6315 W dex2oat : Method processed more than once: void androidx.appcompat.widget.AppCompatTextView.setTextFuture(java.util.concurrent.Future)
10-31 17:59:02.977  6309  6315 W dex2oat : Method processed more than once: void androidx.appcompat.widget.AppCompatTextView.setTextMetricsParamsCompat(androidx.core.text.PrecomputedTextCompat$Params)
10-31 17:59:02.977  6309  6315 W dex2oat : Method processed more than once: void androidx.appcompat.widget.AppCompatTextView.setTextSize(int, float)
10-31 17:59:02.977  6309  6315 W dex2oat : Method processed more than once: void androidx.appcompat.widget.AppCompatTextView.setTypeface(android.graphics.Typeface, int)
10-31 17:59:02.982  6309  6309 I dex2oat : Explicit concurrent copying GC freed 4300(1766KB) AllocSpace objects, 0(0B) LOS objects, 84% free, 283KB/1819KB, paused 8us total 899us
10-31 17:59:02.996  6309  6309 I dex2oat : dex2oat took 237.267ms (421.758ms cpu) (threads: 4) arena alloc=74KB (76080B) java alloc=283KB (290096B) native alloc=2MB (2783480B) free=3MB (3507976B)
10-31 17:59:03.015  1113  1152 D installd: Applied hard quotas for 10075
10-31 17:59:03.016  1297  1328 D PackageManager: Ephemeral installer not found with new action; try old one
10-31 17:59:03.016  1297  1328 D PackageManager: Clear ephemeral installer activity
10-31 17:59:03.016  1297  1328 V BackupManagerService: restoreAtInstall pkg=com.easyfitness token=2 restoreSet=0
10-31 17:59:03.016  1297  1328 V BackupManagerService: Finishing install immediately
10-31 17:59:03.016  1113  1152 E         : Couldn't opendir /data/app/vmdl1767032754.tmp: No such file or directory
10-31 17:59:03.016  1113  1152 E installd: Failed to delete /data/app/vmdl1767032754.tmp: No such file or directory
10-31 17:59:03.020  1297  2818 W BroadcastQueue: Background execution not allowed: receiving Intent { act=android.intent.action.PACKAGE_ADDED dat=package:com.easyfitness flg=0x4000010 (has extras) } to com.google.android.gms/.games.chimera.GamesSystemBroadcastReceiverProxy
10-31 17:59:03.020  1297  1312 W BroadcastQueue: Background execution not allowed: receiving Intent { act=android.intent.action.PACKAGE_ADDED dat=package:com.easyfitness flg=0x4000010 (has extras) } to com.google.android.gms/.gass.chimera.PackageChangeBroadcastReceiver
10-31 17:59:03.020  1297  1312 W BroadcastQueue: Background execution not allowed: receiving Intent { act=android.intent.action.PACKAGE_ADDED dat=package:com.easyfitness flg=0x4000010 (has extras) } to com.google.android.gms/.chimera.GmsIntentOperationService$PersistentTrustedReceiver
10-31 17:59:03.020  1297  1312 W BroadcastQueue: Background execution not allowed: receiving Intent { act=android.intent.action.PACKAGE_ADDED dat=package:com.easyfitness flg=0x4000010 (has extras) } to com.google.android.googlequicksearchbox/com.google.android.apps.gsa.googlequicksearchbox.GelStubAppWatcher
10-31 17:59:03.023  1297  1368 I InputReader: Reconfiguring input devices.  changes=0x00000010
10-31 17:59:03.030  1417  6230 W GCM     : Unexpected forwarded intent: Intent { act=android.intent.action.PACKAGE_ADDED dat=package:com.easyfitness flg=0x4000010 cmp=com.google.android.gms/.chimera.PersistentIntentOperationService (has extras) }
10-31 17:59:03.030  1417  6199 W GCM     : Unexpected forwarded intent: Intent { act=android.intent.action.PACKAGE_ADDED dat=package:com.easyfitness flg=0x4000010 cmp=com.google.android.gms/.chimera.PersistentIntentOperationService (has extras) }
10-31 17:59:03.031  1297  1297 I Telecom : DefaultDialerCache: Refreshing default dialer for user 0: now com.google.android.dialer: DDC.oR@AHo
10-31 17:59:03.042  1575  1575 D CarrierSvcBindHelper: No carrier app for: 0
10-31 17:59:03.044  1799  6222 I Auth    : [SupervisedAccountIntentOperation] onHandleIntent(): android.intent.action.PACKAGE_ADDED
10-31 17:59:03.046  1575  1575 D ImsResolver: maybeAddedImsService, packageName: com.easyfitness
10-31 17:59:03.046  1575  1575 D CarrierConfigLoader: mHandler: 9 phoneId: 0
10-31 17:59:03.047  1297  1445 W ActivityManager: Unable to start service Intent { act=com.google.android.gms.auth.key.retrieval.service.START pkg=com.google.android.gms } U=0: not found
10-31 17:59:03.047  1297  2818 W ActivityManager: Unbind failed: could not find connection for android.os.BinderProxy@ec5b1a8
10-31 17:59:03.048  1799  2326 E GmsClient: unable to connect to service: com.google.android.gms.auth.key.retrieval.service.START on com.google.android.gms
10-31 17:59:03.050  1799  6225 I ChromeSync: [Sync,SyncIntentOperation] Handling the intent: Intent { act=android.intent.action.PACKAGE_ADDED dat=package:com.easyfitness flg=0x4000010 cmp=com.google.android.gms/.chimera.GmsIntentOperationService (has extras) }.
10-31 17:59:03.057  1297  1313 D AutofillUI: destroySaveUiUiThread(): already destroyed
10-31 17:59:03.058  1297  1311 D AutofillManagerServiceImpl: Set component for user 0 as ServiceInfo{64a23a7 com.google.android.gms.autofill.service.AutofillService}
10-31 17:59:03.059  1799  6225 I ChromeSync: [Persistence,AffiliationManager] One of affiliation or grouping data for android://MxeKe8G9dgdxBoqconuYXtvb_IBaz93kWLUMHl1BbIIryfysRoJg6kaAyKU0ohJdKrfL1jolEN-nGImoG8i3aQ==@com.easyfitness/ was not found. Marking affiliation data as stale...
10-31 17:59:03.083  1799  6222 I ChimeraConfigurator: Starting update, reason: 4 urgentFeatures: pay:-1
10-31 17:59:03.084  1799  6222 E ConfigFileUtils: Failed to read config file: /data/user_de/0/com.google.android.gms/app_chimera/next_container.pb (No such file or directory)
10-31 17:59:03.094  1799  2381 I zygote64: Deoptimizing bpqa bpfu.a(int) due to JIT inline cache
10-31 17:59:03.099  1799  6222 I ChmraDebugLogger: [73] 1801
10-31 17:59:03.100  1799  6222 I ChmraDebugLogger: [30] [Pay.optional:202414020000] permitMetered=true,
10-31 17:59:03.102  1799  6222 W ChimeraConfigService: Retry attempt was throttled.
10-31 17:59:03.109  1799  2803 I Icing   : Indexing com.google.android.gms-apps from com.google.android.gms
10-31 17:59:03.118  1799  2803 I Icing   : Indexing done com.google.android.gms-apps
10-31 17:59:03.118  1799  2803 I Icing   : Indexing com.google.android.gms-internal.3p:MobileApplication from com.google.android.gms
10-31 17:59:03.121  1799  2803 I Icing   : Indexing done com.google.android.gms-internal.3p:MobileApplication
10-31 17:59:03.183  6325  6325 D AndroidRuntime: >>>>>> START com.android.internal.os.RuntimeInit uid 2000 <<<<<<
10-31 17:59:03.204  6325  6325 I app_process: The ClassLoaderContext is a special shared library.
10-31 17:59:03.211  6325  6325 D AndroidRuntime: Calling main entry com.android.commands.monkey.Monkey
10-31 17:59:03.211  6325  6325 W Monkey  : args: [-p, com.easyfitness, -c, android.intent.category.LAUNCHER, 1]
10-31 17:59:03.211  6325  6325 W Monkey  :  arg: "-p"
10-31 17:59:03.211  6325  6325 W Monkey  :  arg: "com.easyfitness"
10-31 17:59:03.211  6325  6325 W Monkey  :  arg: "-c"
10-31 17:59:03.211  6325  6325 W Monkey  :  arg: "android.intent.category.LAUNCHER"
10-31 17:59:03.211  6325  6325 W Monkey  :  arg: "1"
10-31 17:59:03.211  6325  6325 W Monkey  : data="com.easyfitness"
10-31 17:59:03.211  6325  6325 W Monkey  : data="android.intent.category.LAUNCHER"
10-31 17:59:03.216  1297  1312 W BroadcastQueue: Skipping deliver [background] BroadcastRecord{add8af9 u-1 android.net.conn.CONNECTIVITY_CHANGE} to ReceiverList{6423a3e 6325 (unknown name)/2000/u-1 remote:eb5343}: process gone or crashing
10-31 17:59:03.220  1297  1308 I ActivityManager: START u0 {act=android.intent.action.MAIN cat=[android.intent.category.LAUNCHER] flg=0x10200000 cmp=com.easyfitness/.MainActivity} from uid 2000
10-31 17:59:03.220  1297  1308 W Binder  : Outgoing transactions from this process must be FLAG_ONEWAY
10-31 17:59:03.220  1297  1308 W Binder  : java.lang.Throwable
10-31 17:59:03.220  1297  1308 W Binder  : 	at android.os.BinderProxy.transact(Binder.java:752)
10-31 17:59:03.220  1297  1308 W Binder  : 	at android.app.IActivityController$Stub$Proxy.activityStarting(IActivityController.java:172)
10-31 17:59:03.220  1297  1308 W Binder  : 	at com.android.server.am.ActivityStarter.startActivity(ActivityStarter.java:449)
10-31 17:59:03.220  1297  1308 W Binder  : 	at com.android.server.am.ActivityStarter.startActivityLocked(ActivityStarter.java:278)
10-31 17:59:03.220  1297  1308 W Binder  : 	at com.android.server.am.ActivityStarter.startActivityMayWait(ActivityStarter.java:817)
10-31 17:59:03.220  1297  1308 W Binder  : 	at com.android.server.am.ActivityManagerService.startActivityAsUser(ActivityManagerService.java:4532)
10-31 17:59:03.220  1297  1308 W Binder  : 	at com.android.server.am.ActivityManagerService.startActivity(ActivityManagerService.java:4519)
10-31 17:59:03.220  1297  1308 W Binder  : 	at android.app.IActivityManager$Stub.onTransact(IActivityManager.java:121)
10-31 17:59:03.220  1297  1308 W Binder  : 	at com.android.server.am.ActivityManagerService.onTransact(ActivityManagerService.java:2919)
10-31 17:59:03.220  1297  1308 W Binder  : 	at android.os.Binder.execTransact(Binder.java:697)
10-31 17:59:03.224  6325  6325 I Monkey  : Events injected: 1
10-31 17:59:03.227  6335  6335 I zygote64: Late-enabling -Xcheck:jni
10-31 17:59:03.235  1297  1902 I ActivityManager: Start proc 6335:com.easyfitness/u0a75 for activity com.easyfitness/.MainActivity
10-31 17:59:03.238  6325  6325 I Monkey  : ## Network stats: elapsed time=6ms (0ms mobile, 0ms wifi, 6ms not connected)
10-31 17:59:03.238  6325  6325 I com.android.commands.monkey: System.exit called, status: 0
10-31 17:59:03.238  6325  6325 I AndroidRuntime: VM exiting with result code 0.
10-31 17:59:03.270  6335  6335 D AppCompatDelegate: Application config ({1.0 310mcc260mnc [en_US] ldltr sw411dp w411dp h842dp 420dpi nrml long port finger qwerty/v/v -nav/h appBounds=Rect(0, 0 - 1080, 2274) s.6}) matches base context config, using empty base overlay
10-31 17:59:03.270  6335  6335 D AppCompatDelegate: Applying night mode using ContextThemeWrapper and applyOverrideConfiguration(). Config: {0.0 ?mcc?mnc ?localeList ?layoutDir ?swdp ?wdp ?hdp ?density ?lsize ?long ?ldr ?wideColorGamut ?orien ?uimode ?touch ?keyb/?/? ?nav/?}
10-31 17:59:03.271  1096  1096 D gralloc_ranchu: gralloc_alloc: Creating ashmem region of size 10371072
10-31 17:59:03.272  1106  1258 D         : HostConnection::get() New Host Connection established 0x7bdd51ba00, tid 1258
10-31 17:59:03.273  1297  1350 D         : HostConnection::get() New Host Connection established 0x77d3a9cf80, tid 1350
10-31 17:59:03.275  6335  6335 D AppCompatDelegate: setDefaultNightMode. New:-1, Current:-100
10-31 17:59:03.275  6335  6335 D AppCompatDelegate: updateForNightMode [allowRecreation:false, currentNightMode:16, newNightMode:16, activityHandlingUiMode:false, baseContextAttached:true, created:false, canReturnDifferentContext:true, host:com.easyfitness.MainActivity@1f8591e]
10-31 17:59:03.275  6335  6335 D AppCompatDelegate: updateForNightMode not recreating Activity: com.easyfitness.MainActivity@1f8591e
10-31 17:59:03.275  6335  6335 D AppCompatDelegate: updateForNightMode. Skipping. Night mode: -1 for host:com.easyfitness.MainActivity@1f8591e
10-31 17:59:03.290  2081  2239 D EGL_emulation: eglMakeCurrent: 0x77e3afc820: ver 3 0 (tinfo 0x77d9a52fc0)
10-31 17:59:03.294  3197  3274 D EGL_emulation: eglMakeCurrent: 0x77d67db280: ver 3 0 (tinfo 0x77e3a46c80)
10-31 17:59:03.294  1106  1258 D gralloc_ranchu: gralloc_unregister_buffer: exiting HostConnection (is buffer-handling thread)
10-31 17:59:03.295  1106  1258 D         : HostConnection::get() New Host Connection established 0x7bdd51ba00, tid 1258
10-31 17:59:03.295  1106  1258 D gralloc_ranchu: gralloc_unregister_buffer: exiting HostConnection (is buffer-handling thread)
10-31 17:59:03.295  1106  1258 D         : HostConnection::get() New Host Connection established 0x7bdd51ba00, tid 1258
10-31 17:59:03.295  1106  1258 D gralloc_ranchu: gralloc_unregister_buffer: exiting HostConnection (is buffer-handling thread)
10-31 17:59:03.296  1106  1258 D         : HostConnection::get() New Host Connection established 0x7bdd51ba00, tid 1258
10-31 17:59:03.296  1106  1258 D gralloc_ranchu: gralloc_unregister_buffer: exiting HostConnection (is buffer-handling thread)
10-31 17:59:03.317  6335  6335 E SQLiteLog: (1) no such table: EFcardio
10-31 17:59:03.320  1297  1308 I ActivityManager: START u0 {cmp=com.easyfitness/.intro.MainIntroActivity} from uid 10075
10-31 17:59:03.325  3197  3258 I zygote64: Deoptimizing java.lang.Object dagger.internal.m.get() due to JIT inline cache
10-31 17:59:03.327  6335  6335 D AppCompatDelegate: updateForNightMode [allowRecreation:true, currentNightMode:16, newNightMode:16, activityHandlingUiMode:false, baseContextAttached:true, created:true, canReturnDifferentContext:true, host:com.easyfitness.MainActivity@1f8591e]
10-31 17:59:03.327  6335  6335 D AppCompatDelegate: updateForNightMode not recreating Activity: com.easyfitness.MainActivity@1f8591e
10-31 17:59:03.327  6335  6335 D AppCompatDelegate: updateForNightMode. Skipping. Night mode: -1 for host:com.easyfitness.MainActivity@1f8591e
10-31 17:59:03.332  1106  1258 E SurfaceFlinger: ro.sf.lcd_density must be defined as a build property
10-31 17:59:03.333  6335  6356 D OpenGLRenderer: HWUI GL Pipeline
10-31 17:59:03.338  1452  1770 W asset   : Asset path /data/app/com.easyfitness-yZx71JbDXk7HCZzB-mKHBw==/base.apk is neither a directory nor file (type=1).
10-31 17:59:03.338  1452  1770 E ResourcesManager: failed to add asset path /data/app/com.easyfitness-yZx71JbDXk7HCZzB-mKHBw==/base.apk
10-31 17:59:03.338  1452  1770 W PackageManager: Failure retrieving resources for com.easyfitness
10-31 17:59:03.338  1452  1770 W asset   : Asset path /data/app/com.easyfitness-yZx71JbDXk7HCZzB-mKHBw==/base.apk is neither a directory nor file (type=1).
10-31 17:59:03.338  1452  1770 E ResourcesManager: failed to add asset path /data/app/com.easyfitness-yZx71JbDXk7HCZzB-mKHBw==/base.apk
10-31 17:59:03.338  1452  1770 W PackageManager: Failure retrieving resources for com.easyfitness
10-31 17:59:03.338  1452  1770 W asset   : Asset path /data/app/com.easyfitness-yZx71JbDXk7HCZzB-mKHBw==/base.apk is neither a directory nor file (type=1).
10-31 17:59:03.338  1452  1770 E ResourcesManager: failed to add asset path /data/app/com.easyfitness-yZx71JbDXk7HCZzB-mKHBw==/base.apk
10-31 17:59:03.338  1452  1770 W PackageManager: Failure retrieving resources for com.easyfitness
10-31 17:59:03.338  1452  1770 W asset   : Asset path /data/app/com.easyfitness-yZx71JbDXk7HCZzB-mKHBw==/base.apk is neither a directory nor file (type=1).
10-31 17:59:03.338  1452  1770 E ResourcesManager: failed to add asset path /data/app/com.easyfitness-yZx71JbDXk7HCZzB-mKHBw==/base.apk
10-31 17:59:03.338  1452  1770 W PackageManager: Failure retrieving resources for com.easyfitness
10-31 17:59:03.338  1452  1770 W asset   : Asset path /data/app/com.easyfitness-yZx71JbDXk7HCZzB-mKHBw==/base.apk is neither a directory nor file (type=1).
10-31 17:59:03.338  1452  1770 E ResourcesManager: failed to add asset path /data/app/com.easyfitness-yZx71JbDXk7HCZzB-mKHBw==/base.apk
10-31 17:59:03.338  1452  1770 W PackageManager: Failure retrieving resources for com.easyfitness
10-31 17:59:03.392  6335  6340 I zygote64: Do partial code cache collection, code=23KB, data=29KB
10-31 17:59:03.392  6335  6340 I zygote64: After code cache collection, code=22KB, data=29KB
10-31 17:59:03.392  6335  6340 I zygote64: Increasing code cache capacity to 128KB
10-31 17:59:03.392  6335  6340 I zygote64: Do partial code cache collection, code=22KB, data=48KB
10-31 17:59:03.392  6335  6340 I zygote64: After code cache collection, code=22KB, data=48KB
10-31 17:59:03.392  6335  6340 I zygote64: Increasing code cache capacity to 256KB
10-31 17:59:03.392  6335  6340 I zygote64: Compiler allocated 7MB to compile void android.widget.TextView.<init>(android.content.Context, android.util.AttributeSet, int, int)
10-31 17:59:03.401  6335  6340 I zygote64: Compiler allocated 4MB to compile void android.view.View.<init>(android.content.Context, android.util.AttributeSet, int, int)
10-31 17:59:03.410  6335  6340 I zygote64: Do full code cache collection, code=124KB, data=78KB
10-31 17:59:03.411  6335  6340 I zygote64: After code cache collection, code=118KB, data=58KB
10-31 17:59:03.415  6335  6340 I zygote64: Do partial code cache collection, code=118KB, data=62KB
10-31 17:59:03.415  6335  6340 I zygote64: After code cache collection, code=118KB, data=62KB
10-31 17:59:03.415  6335  6340 I zygote64: Increasing code cache capacity to 512KB
10-31 17:59:03.438  1452  1770 W asset   : Asset path /data/app/com.easyfitness-yZx71JbDXk7HCZzB-mKHBw==/base.apk is neither a directory nor file (type=1).
10-31 17:59:03.438  1452  1770 E ResourcesManager: failed to add asset path /data/app/com.easyfitness-yZx71JbDXk7HCZzB-mKHBw==/base.apk
10-31 17:59:03.438  1452  1770 W PackageManager: Failure retrieving resources for com.easyfitness
10-31 17:59:03.438  1452  1770 W asset   : Asset path /data/app/com.easyfitness-yZx71JbDXk7HCZzB-mKHBw==/base.apk is neither a directory nor file (type=1).
10-31 17:59:03.438  1452  1770 E ResourcesManager: failed to add asset path /data/app/com.easyfitness-yZx71JbDXk7HCZzB-mKHBw==/base.apk
10-31 17:59:03.438  1452  1770 W PackageManager: Failure retrieving resources for com.easyfitness
10-31 17:59:03.438  1452  1770 W asset   : Asset path /data/app/com.easyfitness-yZx71JbDXk7HCZzB-mKHBw==/base.apk is neither a directory nor file (type=1).
10-31 17:59:03.438  1452  1770 E ResourcesManager: failed to add asset path /data/app/com.easyfitness-yZx71JbDXk7HCZzB-mKHBw==/base.apk
10-31 17:59:03.438  1452  1770 W PackageManager: Failure retrieving resources for com.easyfitness
10-31 17:59:03.487  6335  6340 I zygote64: Do full code cache collection, code=251KB, data=166KB
10-31 17:59:03.488  6335  6340 I zygote64: After code cache collection, code=251KB, data=133KB
10-31 17:59:03.497  6335  6340 I zygote64: Do partial code cache collection, code=252KB, data=142KB
10-31 17:59:03.497  6335  6340 I zygote64: After code cache collection, code=252KB, data=142KB
10-31 17:59:03.497  6335  6340 I zygote64: Increasing code cache capacity to 1024KB
10-31 17:59:03.553  1096  1096 D gralloc_ranchu: gralloc_alloc: Creating ashmem region of size 10371072
10-31 17:59:03.554  1106  1258 D         : HostConnection::get() New Host Connection established 0x7bdd51b820, tid 1258
10-31 17:59:03.555  1096  1096 D gralloc_ranchu: gralloc_alloc: Creating ashmem region of size 10371072
10-31 17:59:03.556  1096  1096 D gralloc_ranchu: gralloc_alloc: Creating ashmem region of size 10371072
10-31 17:59:03.572  6335  6356 D         : HostConnection::get() New Host Connection established 0x77e6844180, tid 6356
10-31 17:59:03.575  6335  6356 I zygote64: android::hardware::configstore::V1_0::ISurfaceFlingerConfigs::hasWideColorDisplay retrieved: 0
10-31 17:59:03.575  6335  6356 I OpenGLRenderer: Initialized EGL, version 1.4
10-31 17:59:03.575  6335  6356 D OpenGLRenderer: Swap behavior 1
10-31 17:59:03.576  6335  6356 W OpenGLRenderer: Failed to choose config with EGL_SWAP_BEHAVIOR_PRESERVED, retrying without...
10-31 17:59:03.576  6335  6356 D OpenGLRenderer: Swap behavior 0
10-31 17:59:03.577  6335  6356 D EGL_emulation: eglCreateContext: 0x77e683ad20: maj 3 min 0 rcv 3
10-31 17:59:03.578  6335  6356 D EGL_emulation: eglMakeCurrent: 0x77e683ad20: ver 3 0 (tinfo 0x77e680d420)
10-31 17:59:03.582  1106  1258 E SurfaceFlinger: ro.sf.lcd_density must be defined as a build property
10-31 17:59:03.620  1851  2782 I Dialer  : VvmTaskExecutor - executing task com.android.voicemail.impl.ActivationTask@62176aa
10-31 17:59:03.620  1851  2782 I Dialer  : PreOMigrationHandler - ComponentInfo{com.android.phone/com.android.services.telephony.TelephonyConnectionService}, [e2f7d48dd2b5ca523e7313cf4ba0f6ea830b6281], UserHandle{0} already migrated
10-31 17:59:03.627  1297  1312 W BroadcastQueue: Background execution not allowed: receiving Intent { act=android.intent.action.DROPBOX_ENTRY_ADDED flg=0x10 (has extras) } to com.google.android.gms/.stats.service.DropBoxEntryAddedReceiver
10-31 17:59:03.627  1297  1312 W BroadcastQueue: Background execution not allowed: receiving Intent { act=android.intent.action.DROPBOX_ENTRY_ADDED flg=0x10 (has extras) } to com.google.android.gms/.chimera.GmsIntentOperationService$PersistentTrustedReceiver
10-31 17:59:03.635  1851  2782 I Dialer  : VvmActivationTask - VVM content provider configured - vvm_type_cvvm
10-31 17:59:03.635  1851  2782 I Dialer  : OmtpVvmCarrierCfgHlpr - OmtpEvent:CONFIG_ACTIVATING
10-31 17:59:03.641  1851  2782 I Dialer  : TelephonyMangerCompat.setVisualVoicemailSmsFilterSettings - using TelephonyManager
10-31 17:59:03.643  1851  2782 I Dialer  : TelephonyMangerCompat.sendVisualVoicemailSms - using TelephonyManager
10-31 17:59:03.650  6335  6335 D AppCompatDelegate: Application config ({1.0 310mcc260mnc [en_US] ldltr sw411dp w411dp h842dp 420dpi nrml long port finger qwerty/v/v -nav/h appBounds=Rect(0, 0 - 1080, 2274) s.6}) matches base context config, using empty base overlay
10-31 17:59:03.650  6335  6335 D AppCompatDelegate: Applying night mode using ContextThemeWrapper and applyOverrideConfiguration(). Config: {0.0 ?mcc?mnc ?localeList ?layoutDir ?swdp ?wdp ?hdp ?density ?lsize ?long ?ldr ?wideColorGamut ?orien ?uimode ?touch ?keyb/?/? ?nav/?}
10-31 17:59:03.653  6335  6335 D AppCompatDelegate: updateForNightMode [allowRecreation:false, currentNightMode:16, newNightMode:16, activityHandlingUiMode:false, baseContextAttached:true, created:false, canReturnDifferentContext:true, host:com.easyfitness.intro.MainIntroActivity@cbd902d]
10-31 17:59:03.653  6335  6335 D AppCompatDelegate: updateForNightMode not recreating Activity: com.easyfitness.intro.MainIntroActivity@cbd902d
10-31 17:59:03.653  6335  6335 D AppCompatDelegate: updateForNightMode. Skipping. Night mode: -1 for host:com.easyfitness.intro.MainIntroActivity@cbd902d
10-31 17:59:03.668  6335  6335 D AppCompatDelegate: updateForNightMode [allowRecreation:true, currentNightMode:16, newNightMode:16, activityHandlingUiMode:false, baseContextAttached:true, created:true, canReturnDifferentContext:true, host:com.easyfitness.intro.MainIntroActivity@cbd902d]
10-31 17:59:03.669  6335  6335 D AppCompatDelegate: updateForNightMode not recreating Activity: com.easyfitness.intro.MainIntroActivity@cbd902d
10-31 17:59:03.669  6335  6335 D AppCompatDelegate: updateForNightMode. Skipping. Night mode: -1 for host:com.easyfitness.intro.MainIntroActivity@cbd902d
10-31 17:59:03.676  6335  6340 I zygote64: Do full code cache collection, code=501KB, data=305KB
10-31 17:59:03.676  6335  6340 I zygote64: After code cache collection, code=491KB, data=274KB
10-31 17:59:03.681  6335  6340 I zygote64: Do partial code cache collection, code=493KB, data=283KB
10-31 17:59:03.681  6335  6340 I zygote64: After code cache collection, code=493KB, data=283KB
10-31 17:59:03.681  6335  6340 I zygote64: Increasing code cache capacity to 2MB
10-31 17:59:03.682  6335  6356 D EGL_emulation: eglMakeCurrent: 0x77e683ad20: ver 3 0 (tinfo 0x77e680d420)
10-31 17:59:03.726  1097  1097 D gralloc_ranchu: gralloc_unregister_buffer: exiting HostConnection (is buffer-handling thread)
10-31 17:59:03.727  1097  1097 D         : HostConnection::get() New Host Connection established 0x7b9b82f420, tid 1097
10-31 17:59:03.727  1097  1097 D gralloc_ranchu: gralloc_unregister_buffer: exiting HostConnection (is buffer-handling thread)
10-31 17:59:03.727  1097  1097 D         : HostConnection::get() New Host Connection established 0x7b9b82f420, tid 1097
10-31 17:59:03.727  1097  1097 D gralloc_ranchu: gralloc_unregister_buffer: exiting HostConnection (is buffer-handling thread)
10-31 17:59:03.727  1097  1097 D         : HostConnection::get() New Host Connection established 0x7b9b82f420, tid 1097
10-31 17:59:03.728  1097  1097 D gralloc_ranchu: gralloc_unregister_buffer: exiting HostConnection (is buffer-handling thread)
10-31 17:59:03.728  1097  1097 D         : HostConnection::get() New Host Connection established 0x7b9b82f420, tid 1097
10-31 17:59:03.728  1097  1097 D gralloc_ranchu: gralloc_unregister_buffer: exiting HostConnection (is buffer-handling thread)
10-31 17:59:03.728  1097  1097 D         : HostConnection::get() New Host Connection established 0x7b9b82f420, tid 1097
10-31 17:59:03.728  1097  1097 D gralloc_ranchu: gralloc_unregister_buffer: exiting HostConnection (is buffer-handling thread)
10-31 17:59:03.728  1097  1097 D         : HostConnection::get() New Host Connection established 0x7b9b82f420, tid 1097
10-31 17:59:03.728  1097  1097 D gralloc_ranchu: gralloc_unregister_buffer: exiting HostConnection (is buffer-handling thread)
10-31 17:59:03.728  1097  1097 D         : HostConnection::get() New Host Connection established 0x7b9b82f420, tid 1097
10-31 17:59:03.729  1097  1097 D gralloc_ranchu: gralloc_unregister_buffer: exiting HostConnection (is buffer-handling thread)
10-31 17:59:03.730  1452  1656 D EGL_emulation: eglMakeCurrent: 0x77e683b6c0: ver 3 0 (tinfo 0x77e688f5e0)
10-31 17:59:03.732  1097  1097 D         : HostConnection::get() New Host Connection established 0x7b9b82f420, tid 1097
10-31 17:59:03.800  1096  1096 D gralloc_ranchu: gralloc_alloc: Creating ashmem region of size 10371072
10-31 17:59:03.803  1096  1096 I chatty  : uid=1000(system) allocator@2.0-s identical 1 line
10-31 17:59:03.803  1096  1096 D gralloc_ranchu: gralloc_alloc: Creating ashmem region of size 10371072
10-31 17:59:03.825  6335  6356 D EGL_emulation: eglMakeCurrent: 0x77e683ad20: ver 3 0 (tinfo 0x77e680d420)
10-31 17:59:03.842  1297  1319 I ActivityManager: Displayed com.easyfitness/.intro.MainIntroActivity: +505ms (total +617ms)
10-31 17:59:03.926  1297  1315 I WifiService: requestActivityInfo uid=1000
10-31 17:59:03.926  1297  1315 I WifiService: reportActivityInfo uid=1000
10-31 17:59:03.926  1297  1315 I WifiService: getSupportedFeatures uid=1000
10-31 17:59:03.957  1097  1206 D gralloc_ranchu: gralloc_unregister_buffer: exiting HostConnection (is buffer-handling thread)
10-31 17:59:03.957  1097  1206 D         : HostConnection::get() New Host Connection established 0x7b9b82f600, tid 1206
10-31 17:59:03.958  1097  1206 D gralloc_ranchu: gralloc_unregister_buffer: exiting HostConnection (is buffer-handling thread)
10-31 17:59:03.958  1297  1350 D gralloc_ranchu: gralloc_unregister_buffer: exiting HostConnection (is buffer-handling thread)
10-31 17:59:03.959  1297  1350 D         : HostConnection::get() New Host Connection established 0x77d3a9cf80, tid 1350
10-31 17:59:03.960  1297  1350 D gralloc_ranchu: gralloc_unregister_buffer: exiting HostConnection (is buffer-handling thread)
10-31 17:59:03.964  1097  1206 D         : HostConnection::get() New Host Connection established 0x7b9b82f600, tid 1206
10-31 17:59:04.043  1106  1106 W SurfaceFlinger: couldn't log to binary event log: overflow.
10-31 17:59:04.118  3197  3197 W SearchService: Abort, client detached.
10-31 17:59:04.986  6335  6356 D EGL_emulation: eglMakeCurrent: 0x77e683ad20: ver 3 0 (tinfo 0x77e680d420)
10-31 17:59:05.289  6335  6356 D EGL_emulation: eglMakeCurrent: 0x77e683ad20: ver 3 0 (tinfo 0x77e680d420)
10-31 17:59:06.918  1297  1311 E memtrack: Couldn't load memtrack module
10-31 17:59:06.918  1297  1311 W android.os.Debug: failed to get memory consumption info: -1
10-31 17:59:08.549  1799  6225 I Vision  : Requesting optional module download of ocr.
10-31 17:59:08.550  1799  6225 I Vision  : Checking for download completion for 156056 -- ocr
10-31 17:59:08.830  1297  1902 I GnssLocationProvider: WakeLock acquired by sendMessage(SET_REQUEST, 0, com.android.server.location.GnssLocationProvider$GpsRequest@7f9e58b)
10-31 17:59:08.830  1297  1311 I GnssLocationProvider: WakeLock released by handleMessage(SET_REQUEST, 0, com.android.server.location.GnssLocationProvider$GpsRequest@7f9e58b)
10-31 17:59:08.833  1417  2630 I LogUtils: [Places]: ?: Couldn't find platform key file. [CONTEXT service_id=253 ]
10-31 17:59:08.835  1417  6157 I LogUtils: [Places]: ?: Couldn't find platform key file. [CONTEXT service_id=253 ]
10-31 17:59:08.838  1417  6155 I LogUtils: [Places]: ?: PlacesBleScanner stop() [CONTEXT service_id=253 ]
10-31 17:59:08.838  1417  1417 I BeaconBle: Scan : No clients left, canceling alarm. [CONTEXT service_id=111 ]
10-31 17:59:08.839  1417  1417 I BeaconBle: Scan canceled successfully. [CONTEXT service_id=111 ]
10-31 17:59:08.840  1417  6155 I PlacesLogger: [PlaceInferenceEngine]: [anon] Changed inference mode: 0 [CONTEXT service_id=253 ]
10-31 17:59:08.842  1417  2630 I LogUtils: [Places]: ?: Couldn't find platform key file. [CONTEXT service_id=253 ]
10-31 17:59:08.842  1417  6159 I LogUtils: [Places]: ?: Couldn't find platform key file. [CONTEXT service_id=253 ]
10-31 17:59:08.843  1452  1656 D EGL_emulation: eglMakeCurrent: 0x77e683b6c0: ver 3 0 (tinfo 0x77e688f5e0)
10-31 17:59:08.847  1417  1417 I GeofencerStateMachine: removeGeofences: removeRequest=RemoveGeofencingRequest[REMOVE_BY_PENDING_INTENT pendingIntent=PendingIntent[creatorPackage=com.google.android.gms], packageName=com.google.android.gms]
10-31 17:59:09.022  3197  3206 E ReloadingLock: Finalizing LOCKED Token[shortcuts 2023-10-31 17:58:58.813]
10-31 17:59:13.618  1297  1311 E memtrack: Couldn't load memtrack module
10-31 17:59:13.618  1297  1311 W android.os.Debug: failed to get memory consumption info: -1
10-31 17:59:13.847  1417  1417 I BeaconBle: Scan : No clients left, canceling alarm. [CONTEXT service_id=111 ]
10-31 17:59:13.941  1297  1315 E BatteryExternalStatsWorker: modem info is invalid: ModemActivityInfo{ mTimestamp=0 mSleepTimeMs=0 mIdleTimeMs=0 mTxTimeMs[]=[0, 0, 0, 0, 0] mRxTimeMs=0 mEnergyUsed=0}
10-31 17:59:16.558  1417  6160 W NetworkScheduler.TED: Enforcing binder timeout for ComponentInfo{com.google.android.apps.photos/com.google.android.libraries.social.notifications.scheduled.GunsScheduledTaskService}
10-31 17:59:16.558  1417  6160 E NetworkScheduler.TED: Dropping task as app's play services SDK version does not support Android O. Either update the SDK or lower your app's target SDK version. Canceling all tasks for the service: ComponentInfo{com.google.android.apps.photos/com.google.android.libraries.social.notifications.scheduled.GunsScheduledTaskService}
10-31 17:59:16.576  1417  6157 I NetworkScheduler.Stats: Task com.google.android.apps.photos/ finished executing. cause:4 result: 6 elapsed_millis: 18029 uptime_millis: 18029 exec_start_elapsed_seconds: 136 [CONTEXT service_id=218 ]
10-31 17:59:16.581  1417  1417 E NetworkScheduler.ATC: Called cancelTask for already completed task com.google.android.apps.photos/com.google.android.libraries.social.notifications.scheduled.GunsScheduledTaskService{u=0 tag="scheduled_sync_reg_status" trigger=window{start=0s,end=30s,earliest=-48s,latest=-18s} requirements=[NET_CONNECTED] attributes=[PERSISTED] scheduled=-48s last_run=-18s jid=N/A status=PENDING retries=1 client_lib=MANCHEGO_GCM-10400000} :5 [CONTEXT service_id=218 ]
10-31 17:59:16.602  1297  1308 I ActivityManager: Killing 3879:com.ustwo.lwp/u0a70 (adj 906): empty #17
10-31 17:59:16.605  1297  1314 W zygote64: kill(-3879, 9) failed: No such process
10-31 17:59:16.643  1297  1314 I chatty  : uid=1000(system) ActivityManager identical 1 line
10-31 17:59:16.684  1297  1314 W zygote64: kill(-3879, 9) failed: No such process
10-31 17:59:16.684  1297  1314 I zygote64: Successfully killed process cgroup uid 10070 pid 3879 in 81ms
10-31 17:59:18.381  6388  6388 D AndroidRuntime: >>>>>> START com.android.internal.os.RuntimeInit uid 2000 <<<<<<
10-31 17:59:18.403  6388  6388 I app_process: The ClassLoaderContext is a special shared library.
10-31 17:59:18.409  6388  6388 D AndroidRuntime: Calling main entry com.android.commands.content.Content
10-31 17:59:18.412  6388  6388 D AndroidRuntime: Shutting down VM
10-31 17:59:18.527  6398  6398 D AndroidRuntime: >>>>>> START com.android.internal.os.RuntimeInit uid 2000 <<<<<<
10-31 17:59:18.546  6398  6398 I app_process: The ClassLoaderContext is a special shared library.
10-31 17:59:18.551  3197  6406 I EventLogSendingHelper: Sending log events.
10-31 17:59:18.552  1799  6408 I Vision  : Requesting optional module download of ocr.
10-31 17:59:18.552  1799  6408 I Vision  : Checking for download completion for 166059 -- ocr
10-31 17:59:18.555  6398  6398 D AndroidRuntime: Calling main entry com.android.commands.content.Content
10-31 17:59:18.558  6398  6398 D AndroidRuntime: Shutting down VM
10-31 17:59:18.621  1431  1431 W LstmExtension: no lmDescriptor could be found for en_US/20170411
10-31 17:59:18.621  1431  1431 W LstmExtension: no lmDescriptor could be found for en_US/20170411
10-31 17:59:18.967  1297  1315 I WifiService: requestActivityInfo uid=1000
10-31 17:59:18.967  1297  1315 I WifiService: reportActivityInfo uid=1000
10-31 17:59:18.967  1297  1315 I WifiService: getSupportedFeatures uid=1000
10-31 17:59:19.562  6433  6433 D AndroidRuntime: >>>>>> START com.android.internal.os.RuntimeInit uid 2000 <<<<<<
10-31 17:59:19.584  6433  6433 I app_process: The ClassLoaderContext is a special shared library.
10-31 17:59:19.584  6433  6433 I app_process: The ClassLoaderContext is a special shared library.
10-31 17:59:19.590  6433  6433 D AndroidRuntime: Calling main entry com.android.commands.uiautomator.Launcher
10-31 17:59:20.628  6433  6433 I AccessibilityNodeInfoDumper: Skipping invisible child: android.view.accessibility.AccessibilityNodeInfo@9af2; boundsInParent: Rect(0, 0 - 1080, 1980); boundsInScreen: Rect(1080, 63 - 1080, 2043); packageName: com.easyfitness; className: android.widget.ScrollView; text: null; error: null; maxTextLength: -1; contentDescription: null; viewIdResName: null; checkable: false; checked: false; focusable: true; focused: false; selected: false; clickable: false; longClickable: false; contextClickable: false; enabled: true; password: false; scrollable: false; importantForAccessibility: true; actions: [AccessibilityAction: ACTION_FOCUS - null, AccessibilityAction: ACTION_SELECT - null, AccessibilityAction: ACTION_CLEAR_SELECTION - null, AccessibilityAction: ACTION_ACCESSIBILITY_FOCUS - null, AccessibilityAction: ACTION_SHOW_ON_SCREEN - null]
10-31 17:59:20.628  6433  6433 I AccessibilityNodeInfoDumper: Skipping invisible child: android.view.accessibility.AccessibilityNodeInfo@9eb3; boundsInParent: Rect(0, 0 - 147, 147); boundsInScreen: Rect(42, 2463 - 189, 2274); packageName: com.easyfitness; className: android.widget.ImageButton; text: null; error: null; maxTextLength: -1; contentDescription: Back; viewIdResName: com.easyfitness:id/mi_button_skip; checkable: false; checked: false; focusable: true; focused: false; selected: false; clickable: true; longClickable: true; contextClickable: false; enabled: true; password: false; scrollable: false; importantForAccessibility: true; actions: [AccessibilityAction: ACTION_FOCUS - null, AccessibilityAction: ACTION_SELECT - null, AccessibilityAction: ACTION_CLEAR_SELECTION - null, AccessibilityAction: ACTION_CLICK - null, AccessibilityAction: ACTION_LONG_CLICK - null, AccessibilityAction: ACTION_ACCESSIBILITY_FOCUS - null, AccessibilityAction: ACTION_NEXT_AT_MOVEMENT_GRANULARITY - null, AccessibilityAction: ACTION_PREVIOUS_AT_MOVEMENT_GRANULARITY - null, AccessibilityAction: ACTION_SET_SELECTION - null, AccessibilityAction: ACTION_SHOW_ON_SCREEN - null]
10-31 17:59:20.629  6433  6433 W AccessibilityNodeInfoDumper: Fetch time: 2ms
10-31 17:59:20.629  1297  1902 W WindowManager: removeWindowToken: Attempted to remove non-existing token: android.os.Binder@bb52adc
10-31 17:59:20.634  6433  6433 D AndroidRuntime: Shutting down VM
10-31 17:59:20.987  6454  6454 D AndroidRuntime: >>>>>> START com.android.internal.os.RuntimeInit uid 2000 <<<<<<
