03-19 23:37:11.585  9054  9102 D         : HostConnection::get() New Host Connection established 0xe6f29b80, tid 9102
03-19 23:37:11.586  1439  1489 D gralloc_ranchu: gralloc_alloc: Creating ashmem region of size 8298496
03-19 23:37:11.587  1439  1489 D gralloc_ranchu: gralloc_alloc: Creating ashmem region of size 8298496
03-19 23:37:11.591  9054  9102 I zygote  : android::hardware::configstore::V1_0::ISurfaceFlingerConfigs::hasWideColorDisplay retrieved: 0
03-19 23:37:11.591  9054  9102 I OpenGLRenderer: Initialized EGL, version 1.4
03-19 23:37:11.591  9054  9102 D OpenGLRenderer: Swap behavior 1
03-19 23:37:11.592  9054  9102 W OpenGLRenderer: Failed to choose config with EGL_SWAP_BEHAVIOR_PRESERVED, retrying without...
03-19 23:37:11.592  9054  9102 D OpenGLRenderer: Swap behavior 0
03-19 23:37:11.593  9054  9102 D EGL_emulation: eglCreateContext: 0xe9b86080: maj 3 min 0 rcv 3
03-19 23:37:11.594  9054  9102 D EGL_emulation: eglMakeCurrent: 0xe9b86080: ver 3 0 (tinfo 0xe9b83580)
03-19 23:37:11.600  9054  9054 W Notification: Use of stream types is deprecated for operations other than volume control
03-19 23:37:11.600  9054  9054 W Notification: See the documentation of setSound() for what to use instead with android.media.AudioAttributes to qualify your playback use case
03-19 23:37:11.601  1449  1521 E SurfaceFlinger: ro.sf.lcd_density must be defined as a build property
03-19 23:37:11.604  1662  1680 V ActivityManager: Attempted to start a foreground service (ComponentInfo{org.inaturalist.android/org.inaturalist.android.INaturalistService}) with a broken notification (no icon: Notification(channel=inaturalist_service pri=0 contentView=null vibrate=null sound=null defaults=0x0 flags=0x40 color=0x00000000 vis=PRIVATE))
03-19 23:37:11.605  9054  9054 W Notification: Use of stream types is deprecated for operations other than volume control
03-19 23:37:11.605  9054  9054 W Notification: See the documentation of setSound() for what to use instead with android.media.AudioAttributes to qualify your playback use case
03-19 23:37:11.606  1662  1680 V ActivityManager: Attempted to start a foreground service (ComponentInfo{org.inaturalist.android/org.inaturalist.android.INaturalistService}) with a broken notification (no icon: Notification(channel=inaturalist_service pri=0 contentView=null vibrate=null sound=null defaults=0x0 flags=0x40 color=0x00000000 vis=PRIVATE))
03-19 23:37:11.619  1662  1662 I NotificationService: Cannot find enqueued record for key: 0|org.inaturalist.android|1|null|10110
03-19 23:37:11.620  9054  9092 I INaturalistService: Service onCreate
03-19 23:37:11.621  9054  9092 I INaturalistService: Service startIntentForeground
03-19 23:37:11.622  9054  9092 I INaturalistService: Service onStartCommand
03-19 23:37:11.623  9054  9092 I INaturalistService: Service startIntentForeground
03-19 23:37:11.624  9054  9092 D INaturalistService: Service: update_user_network
03-19 23:37:11.653  9054  9102 D EGL_emulation: eglMakeCurrent: 0xe9b86080: ver 3 0 (tinfo 0xe9b83580)
03-19 23:37:11.675  9054  9092 D INaturalistService: URL: put - https://www.inaturalist.org/users/null.json (params: [user[site_id]=1, _method=PUT] / null)
03-19 23:37:11.678  9054  9118 W AdvertisingIdClient: Error while reading from SharedPreferences 
03-19 23:37:11.678  9054  9118 W AdvertisingIdClient: java.lang.SecurityException: MODE_WORLD_READABLE no longer supported
03-19 23:37:11.678  9054  9118 W AdvertisingIdClient: 	at android.app.ContextImpl.checkMode(ContextImpl.java:2420)
03-19 23:37:11.678  9054  9118 W AdvertisingIdClient: 	at android.app.ContextImpl.getSharedPreferences(ContextImpl.java:382)
03-19 23:37:11.678  9054  9118 W AdvertisingIdClient: 	at android.app.ContextImpl.getSharedPreferences(ContextImpl.java:372)
03-19 23:37:11.678  9054  9118 W AdvertisingIdClient: 	at com.google.android.gms.ads.identifier.AdvertisingIdClient.getAdvertisingIdInfo(Unknown Source:11)
03-19 23:37:11.678  9054  9118 W AdvertisingIdClient: 	at java.lang.reflect.Method.invoke(Native Method)
03-19 23:37:11.678  9054  9118 W AdvertisingIdClient: 	at io.fabric.sdk.android.services.common.AdvertisingInfoReflectionStrategy.getInfo(AdvertisingInfoReflectionStrategy.java:106)
03-19 23:37:11.678  9054  9118 W AdvertisingIdClient: 	at io.fabric.sdk.android.services.common.AdvertisingInfoReflectionStrategy.isLimitAdTrackingEnabled(AdvertisingInfoReflectionStrategy.java:91)
03-19 23:37:11.678  9054  9118 W AdvertisingIdClient: 	at io.fabric.sdk.android.services.common.AdvertisingInfoReflectionStrategy.getAdvertisingInfo(AdvertisingInfoReflectionStrategy.java:66)
03-19 23:37:11.678  9054  9118 W AdvertisingIdClient: 	at io.fabric.sdk.android.services.common.AdvertisingInfoProvider.getAdvertisingInfoFromStrategies(AdvertisingInfoProvider.java:118)
03-19 23:37:11.678  9054  9118 W AdvertisingIdClient: 	at io.fabric.sdk.android.services.common.AdvertisingInfoProvider.access$000(AdvertisingInfoProvider.java:28)
03-19 23:37:11.678  9054  9118 W AdvertisingIdClient: 	at io.fabric.sdk.android.services.common.AdvertisingInfoProvider$1.onRun(AdvertisingInfoProvider.java:70)
03-19 23:37:11.678  9054  9118 W AdvertisingIdClient: 	at io.fabric.sdk.android.services.common.BackgroundPriorityRunnable.run(BackgroundPriorityRunnable.java:30)
03-19 23:37:11.678  9054  9118 W AdvertisingIdClient: 	at java.lang.Thread.run(Thread.java:764)
03-19 23:37:11.784  1662  1687 I ActivityManager: Displayed org.inaturalist.android/.TutorialActivity: +770ms (total +19s443ms)
03-19 23:37:11.822  9054  9092 E ObservationCursorAda...: java.io.FileNotFoundException: /data/user/0/org.inaturalist.android/files/observations_photo_info.dat (No such file or directory)
03-19 23:37:11.822  9054  9092 E ObservationCursorAda...: 	at java.io.FileInputStream.open0(Native Method)
03-19 23:37:11.822  9054  9092 E ObservationCursorAda...: 	at java.io.FileInputStream.open(FileInputStream.java:200)
03-19 23:37:11.822  9054  9092 E ObservationCursorAda...: 	at java.io.FileInputStream.<init>(FileInputStream.java:150)
03-19 23:37:11.822  9054  9092 E ObservationCursorAda...: 	at org.inaturalist.android.ObservationCursorAdapter.loadPhotoInfo(ObservationCursorAdapter.java:152)
03-19 23:37:11.822  9054  9092 E ObservationCursorAda...: 	at org.inaturalist.android.ObservationCursorAdapter.getPhotoInfo(ObservationCursorAdapter.java:242)
03-19 23:37:11.822  9054  9092 E ObservationCursorAda...: 	at org.inaturalist.android.ObservationCursorAdapter.refreshCursor(ObservationCursorAdapter.java:224)
03-19 23:37:11.822  9054  9092 E ObservationCursorAda...: 	at org.inaturalist.android.ObservationCursorAdapter.refreshCursor(ObservationCursorAdapter.java:180)
03-19 23:37:11.822  9054  9092 E ObservationCursorAda...: 	at org.inaturalist.android.ObservationListActivity$4.run(ObservationListActivity.java:892)
03-19 23:37:11.822  9054  9092 E ObservationCursorAda...: 	at android.os.Handler.handleCallback(Handler.java:790)
03-19 23:37:11.822  9054  9092 E ObservationCursorAda...: 	at android.os.Handler.dispatchMessage(Handler.java:99)
03-19 23:37:11.822  9054  9092 E ObservationCursorAda...: 	at android.os.Looper.loop(Looper.java:164)
03-19 23:37:11.822  9054  9092 E ObservationCursorAda...: 	at android.app.ActivityThread.main(ActivityThread.java:6494)
03-19 23:37:11.822  9054  9092 E ObservationCursorAda...: 	at java.lang.reflect.Method.invoke(Native Method)
03-19 23:37:11.822  9054  9092 E ObservationCursorAda...: 	at com.android.internal.os.RuntimeInit$MethodAndArgsCaller.run(RuntimeInit.java:438)
03-19 23:37:11.822  9054  9092 E ObservationCursorAda...: 	at com.android.internal.os.ZygoteInit.main(ZygoteInit.java:807)
03-19 23:37:11.822  9054  9092 E ObservationCursorAda...: java.io.FileNotFoundException: /data/user/0/org.inaturalist.android/files/observations_photo_info.dat (No such file or directory)
03-19 23:37:11.822  9054  9092 E ObservationCursorAda...: 	at java.io.FileInputStream.open0(Native Method)
03-19 23:37:11.822  9054  9092 E ObservationCursorAda...: 	at java.io.FileInputStream.open(FileInputStream.java:200)
03-19 23:37:11.822  9054  9092 E ObservationCursorAda...: 	at java.io.FileInputStream.<init>(FileInputStream.java:150)
03-19 23:37:11.822  9054  9092 E ObservationCursorAda...: 	at org.inaturalist.android.ObservationCursorAdapter.loadPhotoInfo(ObservationCursorAdapter.java:152)
03-19 23:37:11.822  9054  9092 E ObservationCursorAda...: 	at org.inaturalist.android.ObservationCursorAdapter.getPhotoInfo(ObservationCursorAdapter.java:242)
03-19 23:37:11.822  9054  9092 E ObservationCursorAda...: 	at org.inaturalist.android.ObservationCursorAdapter.refreshCursor(ObservationCursorAdapter.java:224)
03-19 23:37:11.822  9054  9092 E ObservationCursorAda...: 	at org.inaturalist.android.ObservationCursorAdapter.refreshCursor(ObservationCursorAdapter.java:180)
03-19 23:37:11.822  9054  9092 E ObservationCursorAda...: 	at org.inaturalist.android.ObservationListActivity$4.run(ObservationListActivity.java:893)
03-19 23:37:11.822  9054  9092 E ObservationCursorAda...: 	at android.os.Handler.handleCallback(Handler.java:790)
03-19 23:37:11.822  9054  9092 E ObservationCursorAda...: 	at android.os.Handler.dispatchMessage(Handler.java:99)
03-19 23:37:11.822  9054  9092 E ObservationCursorAda...: 	at android.os.Looper.loop(Looper.java:164)
03-19 23:37:11.822  9054  9092 E ObservationCursorAda...: 	at android.app.ActivityThread.main(ActivityThread.java:6494)
03-19 23:37:11.822  9054  9092 E ObservationCursorAda...: 	at java.lang.reflect.Method.invoke(Native Method)
03-19 23:37:11.822  9054  9092 E ObservationCursorAda...: 	at com.android.internal.os.RuntimeInit$MethodAndArgsCaller.run(RuntimeInit.java:438)
03-19 23:37:11.822  9054  9092 E ObservationCursorAda...: 	at com.android.internal.os.ZygoteInit.main(ZygoteInit.java:807)
03-19 23:37:11.971  1662  1711 D gralloc_ranchu: gralloc_unregister_buffer: exiting HostConnection (is buffer-handling thread)
03-19 23:37:11.971  1440  1440 D gralloc_ranchu: gralloc_unregister_buffer: exiting HostConnection (is buffer-handling thread)
03-19 23:37:11.971  1440  1440 D         : HostConnection::get() New Host Connection established 0xecaa3900, tid 1440
03-19 23:37:11.972  1662  1711 D         : HostConnection::get() New Host Connection established 0xcec767c0, tid 1711
03-19 23:37:11.972  1440  1440 D gralloc_ranchu: gralloc_unregister_buffer: exiting HostConnection (is buffer-handling thread)
03-19 23:37:11.973  1662  1711 D gralloc_ranchu: gralloc_unregister_buffer: exiting HostConnection (is buffer-handling thread)
03-19 23:37:11.978  1440  1440 D         : HostConnection::get() New Host Connection established 0xecaa3900, tid 1440
03-19 23:37:16.082  1449  1449 W SurfaceFlinger: couldn't log to binary event log: overflow.
03-19 23:37:16.175  2353  5928 I PBSessionCacheImpl: Deleted sessionId[222951264334] from persistence.
03-19 23:37:16.178  2353  2353 W SearchService: Abort, client detached.
03-19 23:37:16.880  1447  1447 I boot-pipe: done populating /dev/random
03-19 23:37:17.457  1662  1679 E memtrack: Couldn't load memtrack module
03-19 23:37:17.457  1662  1679 W android.os.Debug: failed to get memory consumption info: -1
03-19 23:37:21.181  1662  1679 E memtrack: Couldn't load memtrack module
03-19 23:37:21.181  1662  1679 W android.os.Debug: failed to get memory consumption info: -1
03-19 23:37:21.184  2353 27693 I EventLogSendingHelper: Sending log events.
03-19 23:37:21.382  1662  1729 I InputReader: Reconfiguring input devices.  changes=0x00000010
03-19 23:37:21.403  1662  1662 I Telecom : DefaultDialerCache: Refreshing default dialer for user 0: now com.google.android.dialer: DDC.oR@Abc
03-19 23:37:21.405  1662  1679 E memtrack: Couldn't load memtrack module
03-19 23:37:21.405  1662  1679 W android.os.Debug: failed to get memory consumption info: -1
03-19 23:37:21.436  5758  9145 I ProvidersCache: Provider returned no roots. Possibly naughty: com.google.android.apps.docs.storage
03-19 23:37:21.450  2081  9147 I Fitness : OnPackageChangedOperation got intent: Intent { act=android.intent.action.PACKAGE_CHANGED dat=package:org.inaturalist.android flg=0x45000010 cmp=com.google.android.gms/.chimera.PersistentIntentOperationService (has extras) } [CONTEXT service_id=17 ]
03-19 23:37:21.453  1912  1912 D ImsResolver: maybeAddedImsService, packageName: org.inaturalist.android
03-19 23:37:21.458  1912  1912 D CarrierSvcBindHelper: No carrier app for: 0
03-19 23:37:21.511  2081  9157 I Fitness : FitCleanupIntentOperation received Intent android.intent.action.PACKAGE_CHANGED [CONTEXT service_id=17 ]
03-19 23:37:21.601  2209  2879 I Icing   : IndexChimeraService.getServiceInterface callingPackage=com.google.android.gms componentName=AppsCorpus serviceId=36
03-19 23:37:21.609  2209  6059 W Icing   : No valid account for uploading user actions
03-19 23:37:21.618  2209  4618 I Icing   : IndexChimeraService.getServiceInterface callingPackage=com.google.android.gms componentName=null serviceId=30
03-19 23:37:21.671  2209  6059 I Icing   : Usage reports ok 1, Failed Usage reports 0, indexed 0, rejected 0
03-19 23:37:21.676  2209  6059 W Icing   : No valid account for uploading user actions
03-19 23:37:21.683  2209  6059 I Icing   : Usage reports ok 0, Failed Usage reports 0, indexed 0, rejected 0
03-19 23:37:21.684  2209  6059 I Icing   : Indexing com.google.android.gms-internal.3p:MobileApplication from com.google.android.gms using seqno 68
03-19 23:37:21.696  2209  6059 I Icing   : Indexing com.google.android.gms-apps from com.google.android.gms
03-19 23:37:21.727  2209  6059 I Icing   : Indexing done com.google.android.gms-apps
03-19 23:37:25.797  9164  9164 D AndroidRuntime: >>>>>> START com.android.internal.os.RuntimeInit uid 2000 <<<<<<
03-19 23:37:25.846  9164  9164 W app_process: Unexpected CPU variant for X86 using defaults: x86
03-19 23:37:25.849  9164  9164 I app_process: The ClassLoaderContext is a special shared library.
03-19 23:37:25.868  9164  9164 D AndroidRuntime: Calling main entry com.android.commands.content.Content
03-19 23:37:25.875  9164  9164 D AndroidRuntime: Shutting down VM
03-19 23:37:25.876  1662  1679 E memtrack: Couldn't load memtrack module
03-19 23:37:25.877  1662  1679 W android.os.Debug: failed to get memory consumption info: -1
03-19 23:37:25.898  2081  2081 W GCM     : Heartbeat timeout, GCM connection reset -6
03-19 23:37:25.907  2081  9174 E WakeLock: GCM_HB_ALARM release without a matched acquire!
03-19 23:37:25.907  2081  9174 W WakeLock: GCM_HB_ALARM counter does not exist
03-19 23:37:25.913  1662  1744 D ConnectivityService: reportNetworkConnectivity(101, false) by 10013
03-19 23:37:25.916  1662  3730 D NetworkMonitor/NetworkAgentInfo [WIFI () - 101]: Forcing reevaluation for UID 10013
03-19 23:37:25.951  2081  9175 I qtaguid : Tagging socket -1 with tag 2000040700000000(536871943) for uid -1 failed errno=-9
03-19 23:37:25.951  2081  9175 I NetworkManagementSocketTagger: tagSocketFd(-1, 536871943, -1) failed with errno-9
03-19 23:37:25.952  1662  9178 D NetworkMonitor/NetworkAgentInfo [WIFI () - 101]: PROBE_DNS connectivitycheck.gstatic.com 32ms OK 142.251.163.94,2607:f8b0:4004:c1b::5e
03-19 23:37:25.958  1662  9177 D NetworkMonitor/NetworkAgentInfo [WIFI () - 101]: PROBE_DNS www.google.com 40ms OK 172.253.62.103,2607:f8b0:4004:c07::68
03-19 23:37:25.982  1662  9178 D NetworkMonitor/NetworkAgentInfo [WIFI () - 101]: PROBE_HTTP http://connectivitycheck.gstatic.com/generate_204 time=29ms ret=204 request={User-Agent=[Mozilla/5.0 (X11; Linux x86_64) AppleWebKit/537.36 (KHTML, like Gecko) Chrome/60.0.3112.32 Safari/537.36]} headers={null=[HTTP/1.1 204 No Content], Content-Length=[0], Cross-Origin-Resource-Policy=[cross-origin], Date=[Mon, 20 Mar 2023 03:37:26 GMT], X-Android-Received-Millis=[1679283445982], X-Android-Response-Source=[NETWORK 204], X-Android-Selected-Protocol=[http/1.1], X-Android-Sent-Millis=[1679283445967]}
03-19 23:37:26.008  2081  9175 E GmsTaskScheduler: sendWakeUpEvent called on SchedulerClientBroadcastStrategy
03-19 23:37:26.036  1662  9177 D NetworkMonitor/NetworkAgentInfo [WIFI () - 101]: PROBE_HTTPS https://www.google.com/generate_204 time=77ms ret=204 request={User-Agent=[Mozilla/5.0 (X11; Linux x86_64) AppleWebKit/537.36 (KHTML, like Gecko) Chrome/60.0.3112.32 Safari/537.36]} headers={null=[HTTP/1.1 204 No Content], Alt-Svc=[h3=":443"; ma=2592000,h3-29=":443"; ma=2592000], Content-Length=[0], Cross-Origin-Resource-Policy=[cross-origin], Date=[Mon, 20 Mar 2023 03:37:26 GMT], X-Android-Received-Millis=[1679283446035], X-Android-Response-Source=[NETWORK 204], X-Android-Selected-Protocol=[http/1.1], X-Android-Sent-Millis=[1679283446012]}
03-19 23:37:26.037  1662  1744 D ConnectivityService: NetworkAgentInfo [WIFI () - 101] validation passed
03-19 23:37:26.063  2081  9184 E WakeLock: GCM_CONN_ALARM release without a matched acquire!
03-19 23:37:26.077  2081  9184 E GmsTaskScheduler: sendWakeUpEvent called on SchedulerClientBroadcastStrategy
03-19 23:37:26.090  9181  9181 D AndroidRuntime: >>>>>> START com.android.internal.os.RuntimeInit uid 2000 <<<<<<
03-19 23:37:26.137  9181  9181 W app_process: Unexpected CPU variant for X86 using defaults: x86
03-19 23:37:26.140  9181  9181 I app_process: The ClassLoaderContext is a special shared library.
03-19 23:37:26.156  9181  9181 D AndroidRuntime: Calling main entry com.android.commands.content.Content
03-19 23:37:26.163  9181  9181 D AndroidRuntime: Shutting down VM
03-19 23:37:26.164  1662  1679 E memtrack: Couldn't load memtrack module
03-19 23:37:26.164  1662  1679 W android.os.Debug: failed to get memory consumption info: -1
03-19 23:37:26.248  1768  1768 W LstmExtension: no lmDescriptor could be found for en_US/20170411
03-19 23:37:26.251  1768  1768 W LstmExtension: no lmDescriptor could be found for en_US/20170411
03-19 23:37:26.272  9198  9198 W zygote  : Unexpected CPU variant for X86 using defaults: x86
03-19 23:37:26.281  1662  1662 I ActivityManager: Start proc 9198:com.google.android.setupwizard/u0a25 for service com.google.android.setupwizard/.deferred.DeferredSetupScheduler
03-19 23:37:26.331  9198  9198 I zygote  : The ClassLoaderContext is a special shared library.
03-19 23:37:26.376  2081  2274 I NetworkScheduler.Stats: Task com.google.android.gms/com.google.android.gms.icing.service.IcingGcmTaskService started execution. cause:4 exec_start_elapsed_seconds: 8002 [CONTEXT service_id=218 ]
03-19 23:37:26.382  2081  2273 I NetworkScheduler.Stats: Task com.google.android.gms/com.google.android.gms.icing.service.IcingGcmTaskService finished executing. cause:4 result: 1 elapsed_millis: 41 uptime_millis: 41 exec_start_elapsed_seconds: 8002 [CONTEXT service_id=218 ]
03-19 23:37:26.402  9198  9198 I SetupWizard: [FrpHelper] FrpTask is going to execute.
03-19 23:37:26.419  2081  2081 W SystemServiceRegistry: No service published for: persistent_data_block
03-19 23:37:26.465  9198  9198 W zygote  : Class com.google.android.gms.internal.zzbtf failed lock verification and will run slower.
03-19 23:37:26.465  9198  9198 W zygote  : Common causes for lock verification issues are non-optimized dex code
03-19 23:37:26.465  9198  9198 W zygote  : and incorrect proguard optimizations.
03-19 23:37:26.475  9198  9229 W zygote  : Class com.google.android.gms.common.GoogleSignatureVerifier failed lock verification and will run slower.
03-19 23:37:26.479  9198  9198 I SetupWizard: [FrpHelper] FRP status: supported=false, challengeRequired=false,  took = 40 to run
03-19 23:37:26.492  9198  9198 I SetupWizard: [LoggingHelper] Connected to Google Play Services.
03-19 23:37:26.494  9198  9227 I SetupWizard: [DeferredSetupNotificationSchedulerService] Deferred notification scheduled at Thu Mar 16 21:08:32 EDT 2023
03-19 23:37:26.582  1776  1973 D EGL_emulation: eglMakeCurrent: 0xe9b85480: ver 3 0 (tinfo 0xe9b834f0)
03-19 23:37:27.567  6085  9247 D UIAutomatorStub: URI: /jsonrpc/0, Method: POST, Header: {content-length=117, remote-addr=127.0.0.1, http-client-ip=127.0.0.1, host=localhost:9008, content-type=application/json, connection=close, accept-encoding=identity, user-agent=Python-urllib/3.7}, params, {NanoHttpd.QUERY_STRING=null}, files: {postData={"jsonrpc": "2.0", "method": "dumpWindowHierarchy", "id": "b36cc105a3956c4a586973c8aa1bad8f", "params": [true, null]}}
03-19 23:37:27.574  6085  9247 I UIAutomatorStub: Skipping invisible child: android.view.accessibility.AccessibilityNodeInfo@a68b; boundsInParent: Rect(0, 0 - 1080, 1731); boundsInScreen: Rect(1080, 63 - 1080, 1794); packageName: org.inaturalist.android; className: android.widget.LinearLayout; text: null; error: null; maxTextLength: -1; contentDescription: null; viewIdResName: null; checkable: false; checked: false; focusable: false; focused: false; selected: false; clickable: false; longClickable: false; contextClickable: false; enabled: true; password: false; scrollable: false; importantForAccessibility: false; actions: [AccessibilityAction: ACTION_SELECT - null, AccessibilityAction: ACTION_CLEAR_SELECTION - null, AccessibilityAction: ACTION_ACCESSIBILITY_FOCUS - null, AccessibilityAction: ACTION_SHOW_ON_SCREEN - null]
03-19 23:37:27.575  6085  9247 I UIAutomatorStub: Skipping invisible child: android.view.accessibility.AccessibilityNodeInfo@8101; boundsInParent: Rect(0, 0 - 1080, 63); boundsInScreen: Rect(0, 0 - 1080, 63); packageName: org.inaturalist.android; className: android.view.View; text: null; error: null; maxTextLength: -1; contentDescription: null; viewIdResName: android:id/statusBarBackground; checkable: false; checked: false; focusable: false; focused: false; selected: false; clickable: false; longClickable: false; contextClickable: false; enabled: true; password: false; scrollable: false; importantForAccessibility: false; actions: [AccessibilityAction: ACTION_SELECT - null, AccessibilityAction: ACTION_CLEAR_SELECTION - null, AccessibilityAction: ACTION_ACCESSIBILITY_FOCUS - null, AccessibilityAction: ACTION_SHOW_ON_SCREEN - null]
03-19 23:37:27.575  6085  9247 I UIAutomatorStub: Skipping invisible child: android.view.accessibility.AccessibilityNodeInfo@84c2; boundsInParent: Rect(0, 0 - 1080, 126); boundsInScreen: Rect(0, 1794 - 1080, 1920); packageName: org.inaturalist.android; className: android.view.View; text: null; error: null; maxTextLength: -1; contentDescription: null; viewIdResName: android:id/navigationBarBackground; checkable: false; checked: false; focusable: false; focused: false; selected: false; clickable: false; longClickable: false; contextClickable: false; enabled: true; password: false; scrollable: false; importantForAccessibility: false; actions: [AccessibilityAction: ACTION_SELECT - null, AccessibilityAction: ACTION_CLEAR_SELECTION - null, AccessibilityAction: ACTION_ACCESSIBILITY_FOCUS - null, AccessibilityAction: ACTION_SHOW_ON_SCREEN - null]
03-19 23:37:27.575  6085  9247 I UIAutomatorStub: Fetch time: 2ms
03-19 23:37:28.855  6085  9252 D UIAutomatorStub: URI: /jsonrpc/0, Method: POST, Header: {content-length=117, remote-addr=127.0.0.1, http-client-ip=127.0.0.1, host=localhost:9008, content-type=application/json, connection=close, accept-encoding=identity, user-agent=Python-urllib/3.7}, params, {NanoHttpd.QUERY_STRING=null}, files: {postData={"jsonrpc": "2.0", "method": "dumpWindowHierarchy", "id": "ad08353c5c98b435bd08e6cc8ef83d3f", "params": [true, null]}}
03-19 23:37:28.859  6085  9252 I UIAutomatorStub: Skipping invisible child: android.view.accessibility.AccessibilityNodeInfo@a68b; boundsInParent: Rect(0, 0 - 1080, 1731); boundsInScreen: Rect(1080, 63 - 1080, 1794); packageName: org.inaturalist.android; className: android.widget.LinearLayout; text: null; error: null; maxTextLength: -1; contentDescription: null; viewIdResName: null; checkable: false; checked: false; focusable: false; focused: false; selected: false; clickable: false; longClickable: false; contextClickable: false; enabled: true; password: false; scrollable: false; importantForAccessibility: false; actions: [AccessibilityAction: ACTION_SELECT - null, AccessibilityAction: ACTION_CLEAR_SELECTION - null, AccessibilityAction: ACTION_ACCESSIBILITY_FOCUS - null, AccessibilityAction: ACTION_SHOW_ON_SCREEN - null]
03-19 23:37:28.859  6085  9252 I UIAutomatorStub: Skipping invisible child: android.view.accessibility.AccessibilityNodeInfo@8101; boundsInParent: Rect(0, 0 - 1080, 63); boundsInScreen: Rect(0, 0 - 1080, 63); packageName: org.inaturalist.android; className: android.view.View; text: null; error: null; maxTextLength: -1; contentDescription: null; viewIdResName: android:id/statusBarBackground; checkable: false; checked: false; focusable: false; focused: false; selected: false; clickable: false; longClickable: false; contextClickable: false; enabled: true; password: false; scrollable: false; importantForAccessibility: false; actions: [AccessibilityAction: ACTION_SELECT - null, AccessibilityAction: ACTION_CLEAR_SELECTION - null, AccessibilityAction: ACTION_ACCESSIBILITY_FOCUS - null, AccessibilityAction: ACTION_SHOW_ON_SCREEN - null]
03-19 23:37:28.859  6085  9252 I UIAutomatorStub: Skipping invisible child: android.view.accessibility.AccessibilityNodeInfo@84c2; boundsInParent: Rect(0, 0 - 1080, 126); boundsInScreen: Rect(0, 1794 - 1080, 1920); packageName: org.inaturalist.android; className: android.view.View; text: null; error: null; maxTextLength: -1; contentDescription: null; viewIdResName: android:id/navigationBarBackground; checkable: false; checked: false; focusable: false; focused: false; selected: false; clickable: false; longClickable: false; contextClickable: false; enabled: true; password: false; scrollable: false; importantForAccessibility: false; actions: [AccessibilityAction: ACTION_SELECT - null, AccessibilityAction: ACTION_CLEAR_SELECTION - null, AccessibilityAction: ACTION_ACCESSIBILITY_FOCUS - null, AccessibilityAction: ACTION_SHOW_ON_SCREEN - null]
03-19 23:37:28.859  6085  9252 I UIAutomatorStub: Fetch time: 1ms
03-19 23:37:29.271  1662  3824 D WificondControl: Scan result ready event
03-19 23:37:29.280  1662  3824 D WifiPermissionsUtil: Denied: no location permission
03-19 23:37:30.879  6085  9271 D UIAutomatorStub: URI: /jsonrpc/0, Method: POST, Header: {content-length=117, remote-addr=127.0.0.1, http-client-ip=127.0.0.1, host=localhost:9008, content-type=application/json, connection=close, accept-encoding=identity, user-agent=Python-urllib/3.7}, params, {NanoHttpd.QUERY_STRING=null}, files: {postData={"jsonrpc": "2.0", "method": "dumpWindowHierarchy", "id": "e129d19ed434189202a2f5edb536ee0f", "params": [true, null]}}
03-19 23:37:30.884  6085  9271 I UIAutomatorStub: Skipping invisible child: android.view.accessibility.AccessibilityNodeInfo@a68b; boundsInParent: Rect(0, 0 - 1080, 1731); boundsInScreen: Rect(1080, 63 - 1080, 1794); packageName: org.inaturalist.android; className: android.widget.LinearLayout; text: null; error: null; maxTextLength: -1; contentDescription: null; viewIdResName: null; checkable: false; checked: false; focusable: false; focused: false; selected: false; clickable: false; longClickable: false; contextClickable: false; enabled: true; password: false; scrollable: false; importantForAccessibility: false; actions: [AccessibilityAction: ACTION_SELECT - null, AccessibilityAction: ACTION_CLEAR_SELECTION - null, AccessibilityAction: ACTION_ACCESSIBILITY_FOCUS - null, AccessibilityAction: ACTION_SHOW_ON_SCREEN - null]
03-19 23:37:30.884  6085  9271 I UIAutomatorStub: Skipping invisible child: android.view.accessibility.AccessibilityNodeInfo@8101; boundsInParent: Rect(0, 0 - 1080, 63); boundsInScreen: Rect(0, 0 - 1080, 63); packageName: org.inaturalist.android; className: android.view.View; text: null; error: null; maxTextLength: -1; contentDescription: null; viewIdResName: android:id/statusBarBackground; checkable: false; checked: false; focusable: false; focused: false; selected: false; clickable: false; longClickable: false; contextClickable: false; enabled: true; password: false; scrollable: false; importantForAccessibility: false; actions: [AccessibilityAction: ACTION_SELECT - null, AccessibilityAction: ACTION_CLEAR_SELECTION - null, AccessibilityAction: ACTION_ACCESSIBILITY_FOCUS - null, AccessibilityAction: ACTION_SHOW_ON_SCREEN - null]
03-19 23:37:30.884  6085  9271 I UIAutomatorStub: Skipping invisible child: android.view.accessibility.AccessibilityNodeInfo@84c2; boundsInParent: Rect(0, 0 - 1080, 126); boundsInScreen: Rect(0, 1794 - 1080, 1920); packageName: org.inaturalist.android; className: android.view.View; text: null; error: null; maxTextLength: -1; contentDescription: null; viewIdResName: android:id/navigationBarBackground; checkable: false; checked: false; focusable: false; focused: false; selected: false; clickable: false; longClickable: false; contextClickable: false; enabled: true; password: false; scrollable: false; importantForAccessibility: false; actions: [AccessibilityAction: ACTION_SELECT - null, AccessibilityAction: ACTION_CLEAR_SELECTION - null, AccessibilityAction: ACTION_ACCESSIBILITY_FOCUS - null, AccessibilityAction: ACTION_SHOW_ON_SCREEN - null]
03-19 23:37:30.884  6085  9271 I UIAutomatorStub: Fetch time: 2ms
03-19 23:37:32.943  6085  9297 D UIAutomatorStub: URI: /jsonrpc/0, Method: POST, Header: {content-length=117, remote-addr=127.0.0.1, http-client-ip=127.0.0.1, host=localhost:9008, content-type=application/json, connection=close, accept-encoding=identity, user-agent=Python-urllib/3.7}, params, {NanoHttpd.QUERY_STRING=null}, files: {postData={"jsonrpc": "2.0", "method": "dumpWindowHierarchy", "id": "78462f16f232e40873766a2753602001", "params": [true, null]}}
03-19 23:37:32.947  6085  9297 I UIAutomatorStub: Skipping invisible child: android.view.accessibility.AccessibilityNodeInfo@a68b; boundsInParent: Rect(0, 0 - 1080, 1731); boundsInScreen: Rect(1080, 63 - 1080, 1794); packageName: org.inaturalist.android; className: android.widget.LinearLayout; text: null; error: null; maxTextLength: -1; contentDescription: null; viewIdResName: null; checkable: false; checked: false; focusable: false; focused: false; selected: false; clickable: false; longClickable: false; contextClickable: false; enabled: true; password: false; scrollable: false; importantForAccessibility: false; actions: [AccessibilityAction: ACTION_SELECT - null, AccessibilityAction: ACTION_CLEAR_SELECTION - null, AccessibilityAction: ACTION_ACCESSIBILITY_FOCUS - null, AccessibilityAction: ACTION_SHOW_ON_SCREEN - null]
03-19 23:37:32.947  6085  9297 I UIAutomatorStub: Skipping invisible child: android.view.accessibility.AccessibilityNodeInfo@8101; boundsInParent: Rect(0, 0 - 1080, 63); boundsInScreen: Rect(0, 0 - 1080, 63); packageName: org.inaturalist.android; className: android.view.View; text: null; error: null; maxTextLength: -1; contentDescription: null; viewIdResName: android:id/statusBarBackground; checkable: false; checked: false; focusable: false; focused: false; selected: false; clickable: false; longClickable: false; contextClickable: false; enabled: true; password: false; scrollable: false; importantForAccessibility: false; actions: [AccessibilityAction: ACTION_SELECT - null, AccessibilityAction: ACTION_CLEAR_SELECTION - null, AccessibilityAction: ACTION_ACCESSIBILITY_FOCUS - null, AccessibilityAction: ACTION_SHOW_ON_SCREEN - null]
03-19 23:37:32.947  6085  9297 I UIAutomatorStub: Skipping invisible child: android.view.accessibility.AccessibilityNodeInfo@84c2; boundsInParent: Rect(0, 0 - 1080, 126); boundsInScreen: Rect(0, 1794 - 1080, 1920); packageName: org.inaturalist.android; className: android.view.View; text: null; error: null; maxTextLength: -1; contentDescription: null; viewIdResName: android:id/navigationBarBackground; checkable: false; checked: false; focusable: false; focused: false; selected: false; clickable: false; longClickable: false; contextClickable: false; enabled: true; password: false; scrollable: false; importantForAccessibility: false; actions: [AccessibilityAction: ACTION_SELECT - null, AccessibilityAction: ACTION_CLEAR_SELECTION - null, AccessibilityAction: ACTION_ACCESSIBILITY_FOCUS - null, AccessibilityAction: ACTION_SHOW_ON_SCREEN - null]
03-19 23:37:32.947  6085  9297 I UIAutomatorStub: Fetch time: 1ms
03-19 23:37:34.261  6085  9307 D UIAutomatorStub: URI: /jsonrpc/0, Method: POST, Header: {content-length=117, remote-addr=127.0.0.1, http-client-ip=127.0.0.1, host=localhost:9008, content-type=application/json, connection=close, accept-encoding=identity, user-agent=Python-urllib/3.7}, params, {NanoHttpd.QUERY_STRING=null}, files: {postData={"jsonrpc": "2.0", "method": "dumpWindowHierarchy", "id": "2afc9176347f07cbe1a88e9cfef06693", "params": [true, null]}}
03-19 23:37:34.265  6085  9307 I UIAutomatorStub: Skipping invisible child: android.view.accessibility.AccessibilityNodeInfo@a68b; boundsInParent: Rect(0, 0 - 1080, 1731); boundsInScreen: Rect(1080, 63 - 1080, 1794); packageName: org.inaturalist.android; className: android.widget.LinearLayout; text: null; error: null; maxTextLength: -1; contentDescription: null; viewIdResName: null; checkable: false; checked: false; focusable: false; focused: false; selected: false; clickable: false; longClickable: false; contextClickable: false; enabled: true; password: false; scrollable: false; importantForAccessibility: false; actions: [AccessibilityAction: ACTION_SELECT - null, AccessibilityAction: ACTION_CLEAR_SELECTION - null, AccessibilityAction: ACTION_ACCESSIBILITY_FOCUS - null, AccessibilityAction: ACTION_SHOW_ON_SCREEN - null]
03-19 23:37:34.265  6085  9307 I UIAutomatorStub: Skipping invisible child: android.view.accessibility.AccessibilityNodeInfo@8101; boundsInParent: Rect(0, 0 - 1080, 63); boundsInScreen: Rect(0, 0 - 1080, 63); packageName: org.inaturalist.android; className: android.view.View; text: null; error: null; maxTextLength: -1; contentDescription: null; viewIdResName: android:id/statusBarBackground; checkable: false; checked: false; focusable: false; focused: false; selected: false; clickable: false; longClickable: false; contextClickable: false; enabled: true; password: false; scrollable: false; importantForAccessibility: false; actions: [AccessibilityAction: ACTION_SELECT - null, AccessibilityAction: ACTION_CLEAR_SELECTION - null, AccessibilityAction: ACTION_ACCESSIBILITY_FOCUS - null, AccessibilityAction: ACTION_SHOW_ON_SCREEN - null]
03-19 23:37:34.265  6085  9307 I UIAutomatorStub: Skipping invisible child: android.view.accessibility.AccessibilityNodeInfo@84c2; boundsInParent: Rect(0, 0 - 1080, 126); boundsInScreen: Rect(0, 1794 - 1080, 1920); packageName: org.inaturalist.android; className: android.view.View; text: null; error: null; maxTextLength: -1; contentDescription: null; viewIdResName: android:id/navigationBarBackground; checkable: false; checked: false; focusable: false; focused: false; selected: false; clickable: false; longClickable: false; contextClickable: false; enabled: true; password: false; scrollable: false; importantForAccessibility: false; actions: [AccessibilityAction: ACTION_SELECT - null, AccessibilityAction: ACTION_CLEAR_SELECTION - null, AccessibilityAction: ACTION_ACCESSIBILITY_FOCUS - null, AccessibilityAction: ACTION_SHOW_ON_SCREEN - null]
03-19 23:37:34.266  6085  9307 I UIAutomatorStub: Fetch time: 2ms
03-19 23:37:35.414  1449  2068 E SurfaceFlinger: ro.sf.lcd_density must be defined as a build property
03-19 23:37:35.425  1439  1489 D gralloc_ranchu: gralloc_alloc: Creating ashmem region of size 8298496
03-19 23:37:35.427  9308  9308 D         : HostConnection::get() New Host Connection established 0xe56c8240, tid 9308
03-19 23:37:35.453  1449  2068 D gralloc_ranchu: gralloc_unregister_buffer: exiting HostConnection (is buffer-handling thread)
03-19 23:37:35.454  1449  2068 D         : HostConnection::get() New Host Connection established 0xf21f2700, tid 2068
03-19 23:37:35.454  1449  2068 D gralloc_ranchu: gralloc_unregister_buffer: exiting HostConnection (is buffer-handling thread)
03-19 23:37:35.646  1662  1679 E memtrack: Couldn't load memtrack module
03-19 23:37:35.646  1662  1679 W android.os.Debug: failed to get memory consumption info: -1
03-19 23:37:35.650  2307  2307 D MediaScannerReceiver: action: android.intent.action.MEDIA_SCANNER_SCAN_FILE path: /storage/emulated/0/screen.png
03-19 23:37:36.044  1662  1740 W AlarmManager: Unrecognized alarm listener com.android.server.wifi.WifiConfigStore$1@55f8b1f
03-19 23:37:36.055  1662  1740 D WifiConfigStore: Writing to stores completed in 10 ms.
03-19 23:37:36.251  1662  1679 E memtrack: Couldn't load memtrack module
03-19 23:37:36.251  1662  1679 W android.os.Debug: failed to get memory consumption info: -1
03-19 23:37:37.876  6085  9322 D UIAutomatorStub: URI: /jsonrpc/0, Method: POST, Header: {content-length=117, remote-addr=127.0.0.1, http-client-ip=127.0.0.1, host=localhost:9008, content-type=application/json, connection=close, accept-encoding=identity, user-agent=Python-urllib/3.7}, params, {NanoHttpd.QUERY_STRING=null}, files: {postData={"jsonrpc": "2.0", "method": "dumpWindowHierarchy", "id": "a7d6ec1dbdcb3a31dc5f422cfae255eb", "params": [true, null]}}
03-19 23:37:37.881  6085  9322 I UIAutomatorStub: Skipping invisible child: android.view.accessibility.AccessibilityNodeInfo@a68b; boundsInParent: Rect(0, 0 - 1080, 1731); boundsInScreen: Rect(1080, 63 - 1080, 1794); packageName: org.inaturalist.android; className: android.widget.LinearLayout; text: null; error: null; maxTextLength: -1; contentDescription: null; viewIdResName: null; checkable: false; checked: false; focusable: false; focused: false; selected: false; clickable: false; longClickable: false; contextClickable: false; enabled: true; password: false; scrollable: false; importantForAccessibility: false; actions: [AccessibilityAction: ACTION_SELECT - null, AccessibilityAction: ACTION_CLEAR_SELECTION - null, AccessibilityAction: ACTION_ACCESSIBILITY_FOCUS - null, AccessibilityAction: ACTION_SHOW_ON_SCREEN - null]
03-19 23:37:37.881  6085  9322 I UIAutomatorStub: Skipping invisible child: android.view.accessibility.AccessibilityNodeInfo@8101; boundsInParent: Rect(0, 0 - 1080, 63); boundsInScreen: Rect(0, 0 - 1080, 63); packageName: org.inaturalist.android; className: android.view.View; text: null; error: null; maxTextLength: -1; contentDescription: null; viewIdResName: android:id/statusBarBackground; checkable: false; checked: false; focusable: false; focused: false; selected: false; clickable: false; longClickable: false; contextClickable: false; enabled: true; password: false; scrollable: false; importantForAccessibility: false; actions: [AccessibilityAction: ACTION_SELECT - null, AccessibilityAction: ACTION_CLEAR_SELECTION - null, AccessibilityAction: ACTION_ACCESSIBILITY_FOCUS - null, AccessibilityAction: ACTION_SHOW_ON_SCREEN - null]
03-19 23:37:37.881  6085  9322 I UIAutomatorStub: Skipping invisible child: android.view.accessibility.AccessibilityNodeInfo@84c2; boundsInParent: Rect(0, 0 - 1080, 126); boundsInScreen: Rect(0, 1794 - 1080, 1920); packageName: org.inaturalist.android; className: android.view.View; text: null; error: null; maxTextLength: -1; contentDescription: null; viewIdResName: android:id/navigationBarBackground; checkable: false; checked: false; focusable: false; focused: false; selected: false; clickable: false; longClickable: false; contextClickable: false; enabled: true; password: false; scrollable: false; importantForAccessibility: false; actions: [AccessibilityAction: ACTION_SELECT - null, AccessibilityAction: ACTION_CLEAR_SELECTION - null, AccessibilityAction: ACTION_ACCESSIBILITY_FOCUS - null, AccessibilityAction: ACTION_SHOW_ON_SCREEN - null]
03-19 23:37:37.881  6085  9322 I UIAutomatorStub: Fetch time: 2ms
03-19 23:37:39.120  6085  9326 D UIAutomatorStub: URI: /jsonrpc/0, Method: POST, Header: {content-length=117, remote-addr=127.0.0.1, http-client-ip=127.0.0.1, host=localhost:9008, content-type=application/json, connection=close, accept-encoding=identity, user-agent=Python-urllib/3.7}, params, {NanoHttpd.QUERY_STRING=null}, files: {postData={"jsonrpc": "2.0", "method": "dumpWindowHierarchy", "id": "ce2cfad30fbe351a8d156824c64d71f3", "params": [true, null]}}
03-19 23:37:39.124  6085  9326 I UIAutomatorStub: Skipping invisible child: android.view.accessibility.AccessibilityNodeInfo@a68b; boundsInParent: Rect(0, 0 - 1080, 1731); boundsInScreen: Rect(1080, 63 - 1080, 1794); packageName: org.inaturalist.android; className: android.widget.LinearLayout; text: null; error: null; maxTextLength: -1; contentDescription: null; viewIdResName: null; checkable: false; checked: false; focusable: false; focused: false; selected: false; clickable: false; longClickable: false; contextClickable: false; enabled: true; password: false; scrollable: false; importantForAccessibility: false; actions: [AccessibilityAction: ACTION_SELECT - null, AccessibilityAction: ACTION_CLEAR_SELECTION - null, AccessibilityAction: ACTION_ACCESSIBILITY_FOCUS - null, AccessibilityAction: ACTION_SHOW_ON_SCREEN - null]
03-19 23:37:39.124  6085  9326 I UIAutomatorStub: Skipping invisible child: android.view.accessibility.AccessibilityNodeInfo@8101; boundsInParent: Rect(0, 0 - 1080, 63); boundsInScreen: Rect(0, 0 - 1080, 63); packageName: org.inaturalist.android; className: android.view.View; text: null; error: null; maxTextLength: -1; contentDescription: null; viewIdResName: android:id/statusBarBackground; checkable: false; checked: false; focusable: false; focused: false; selected: false; clickable: false; longClickable: false; contextClickable: false; enabled: true; password: false; scrollable: false; importantForAccessibility: false; actions: [AccessibilityAction: ACTION_SELECT - null, AccessibilityAction: ACTION_CLEAR_SELECTION - null, AccessibilityAction: ACTION_ACCESSIBILITY_FOCUS - null, AccessibilityAction: ACTION_SHOW_ON_SCREEN - null]
03-19 23:37:39.124  6085  9326 I UIAutomatorStub: Skipping invisible child: android.view.accessibility.AccessibilityNodeInfo@84c2; boundsInParent: Rect(0, 0 - 1080, 126); boundsInScreen: Rect(0, 1794 - 1080, 1920); packageName: org.inaturalist.android; className: android.view.View; text: null; error: null; maxTextLength: -1; contentDescription: null; viewIdResName: android:id/navigationBarBackground; checkable: false; checked: false; focusable: false; focused: false; selected: false; clickable: false; longClickable: false; contextClickable: false; enabled: true; password: false; scrollable: false; importantForAccessibility: false; actions: [AccessibilityAction: ACTION_SELECT - null, AccessibilityAction: ACTION_CLEAR_SELECTION - null, AccessibilityAction: ACTION_ACCESSIBILITY_FOCUS - null, AccessibilityAction: ACTION_SHOW_ON_SCREEN - null]
03-19 23:37:39.125  6085  9326 I UIAutomatorStub: Fetch time: 2ms
03-19 23:37:40.376  6085  9332 D UIAutomatorStub: URI: /jsonrpc/0, Method: POST, Header: {content-length=117, remote-addr=127.0.0.1, http-client-ip=127.0.0.1, host=localhost:9008, content-type=application/json, connection=close, accept-encoding=identity, user-agent=Python-urllib/3.7}, params, {NanoHttpd.QUERY_STRING=null}, files: {postData={"jsonrpc": "2.0", "method": "dumpWindowHierarchy", "id": "1161268a01d5ebd2084030c2a81a4917", "params": [true, null]}}
03-19 23:37:40.380  6085  9332 I UIAutomatorStub: Skipping invisible child: android.view.accessibility.AccessibilityNodeInfo@a68b; boundsInParent: Rect(0, 0 - 1080, 1731); boundsInScreen: Rect(1080, 63 - 1080, 1794); packageName: org.inaturalist.android; className: android.widget.LinearLayout; text: null; error: null; maxTextLength: -1; contentDescription: null; viewIdResName: null; checkable: false; checked: false; focusable: false; focused: false; selected: false; clickable: false; longClickable: false; contextClickable: false; enabled: true; password: false; scrollable: false; importantForAccessibility: false; actions: [AccessibilityAction: ACTION_SELECT - null, AccessibilityAction: ACTION_CLEAR_SELECTION - null, AccessibilityAction: ACTION_ACCESSIBILITY_FOCUS - null, AccessibilityAction: ACTION_SHOW_ON_SCREEN - null]
03-19 23:37:40.380  6085  9332 I UIAutomatorStub: Skipping invisible child: android.view.accessibility.AccessibilityNodeInfo@8101; boundsInParent: Rect(0, 0 - 1080, 63); boundsInScreen: Rect(0, 0 - 1080, 63); packageName: org.inaturalist.android; className: android.view.View; text: null; error: null; maxTextLength: -1; contentDescription: null; viewIdResName: android:id/statusBarBackground; checkable: false; checked: false; focusable: false; focused: false; selected: false; clickable: false; longClickable: false; contextClickable: false; enabled: true; password: false; scrollable: false; importantForAccessibility: false; actions: [AccessibilityAction: ACTION_SELECT - null, AccessibilityAction: ACTION_CLEAR_SELECTION - null, AccessibilityAction: ACTION_ACCESSIBILITY_FOCUS - null, AccessibilityAction: ACTION_SHOW_ON_SCREEN - null]
03-19 23:37:40.380  6085  9332 I UIAutomatorStub: Skipping invisible child: android.view.accessibility.AccessibilityNodeInfo@84c2; boundsInParent: Rect(0, 0 - 1080, 126); boundsInScreen: Rect(0, 1794 - 1080, 1920); packageName: org.inaturalist.android; className: android.view.View; text: null; error: null; maxTextLength: -1; contentDescription: null; viewIdResName: android:id/navigationBarBackground; checkable: false; checked: false; focusable: false; focused: false; selected: false; clickable: false; longClickable: false; contextClickable: false; enabled: true; password: false; scrollable: false; importantForAccessibility: false; actions: [AccessibilityAction: ACTION_SELECT - null, AccessibilityAction: ACTION_CLEAR_SELECTION - null, AccessibilityAction: ACTION_ACCESSIBILITY_FOCUS - null, AccessibilityAction: ACTION_SHOW_ON_SCREEN - null]
03-19 23:37:40.380  6085  9332 I UIAutomatorStub: Fetch time: 2ms
03-19 23:37:41.091  1662  1683 I WifiService: requestActivityInfo uid=1000
03-19 23:37:41.091  1662  1683 I WifiService: reportActivityInfo uid=1000
03-19 23:37:41.092  1662  1683 I WifiService: getSupportedFeatures uid=1000
03-19 23:37:41.639  6085  9339 D UIAutomatorStub: URI: /jsonrpc/0, Method: POST, Header: {content-length=117, remote-addr=127.0.0.1, http-client-ip=127.0.0.1, host=localhost:9008, content-type=application/json, connection=close, accept-encoding=identity, user-agent=Python-urllib/3.7}, params, {NanoHttpd.QUERY_STRING=null}, files: {postData={"jsonrpc": "2.0", "method": "dumpWindowHierarchy", "id": "bd50ddf397152d6ad87e628b35ef5f8b", "params": [true, null]}}
03-19 23:37:41.643  6085  9339 I UIAutomatorStub: Skipping invisible child: android.view.accessibility.AccessibilityNodeInfo@a68b; boundsInParent: Rect(0, 0 - 1080, 1731); boundsInScreen: Rect(1080, 63 - 1080, 1794); packageName: org.inaturalist.android; className: android.widget.LinearLayout; text: null; error: null; maxTextLength: -1; contentDescription: null; viewIdResName: null; checkable: false; checked: false; focusable: false; focused: false; selected: false; clickable: false; longClickable: false; contextClickable: false; enabled: true; password: false; scrollable: false; importantForAccessibility: false; actions: [AccessibilityAction: ACTION_SELECT - null, AccessibilityAction: ACTION_CLEAR_SELECTION - null, AccessibilityAction: ACTION_ACCESSIBILITY_FOCUS - null, AccessibilityAction: ACTION_SHOW_ON_SCREEN - null]
03-19 23:37:41.644  6085  9339 I UIAutomatorStub: Skipping invisible child: android.view.accessibility.AccessibilityNodeInfo@8101; boundsInParent: Rect(0, 0 - 1080, 63); boundsInScreen: Rect(0, 0 - 1080, 63); packageName: org.inaturalist.android; className: android.view.View; text: null; error: null; maxTextLength: -1; contentDescription: null; viewIdResName: android:id/statusBarBackground; checkable: false; checked: false; focusable: false; focused: false; selected: false; clickable: false; longClickable: false; contextClickable: false; enabled: true; password: false; scrollable: false; importantForAccessibility: false; actions: [AccessibilityAction: ACTION_SELECT - null, AccessibilityAction: ACTION_CLEAR_SELECTION - null, AccessibilityAction: ACTION_ACCESSIBILITY_FOCUS - null, AccessibilityAction: ACTION_SHOW_ON_SCREEN - null]
03-19 23:37:41.644  6085  9339 I UIAutomatorStub: Skipping invisible child: android.view.accessibility.AccessibilityNodeInfo@84c2; boundsInParent: Rect(0, 0 - 1080, 126); boundsInScreen: Rect(0, 1794 - 1080, 1920); packageName: org.inaturalist.android; className: android.view.View; text: null; error: null; maxTextLength: -1; contentDescription: null; viewIdResName: android:id/navigationBarBackground; checkable: false; checked: false; focusable: false; focused: false; selected: false; clickable: false; longClickable: false; contextClickable: false; enabled: true; password: false; scrollable: false; importantForAccessibility: false; actions: [AccessibilityAction: ACTION_SELECT - null, AccessibilityAction: ACTION_CLEAR_SELECTION - null, AccessibilityAction: ACTION_ACCESSIBILITY_FOCUS - null, AccessibilityAction: ACTION_SHOW_ON_SCREEN - null]
03-19 23:37:41.644  6085  9339 I UIAutomatorStub: Fetch time: 2ms
03-19 23:37:42.939  6085  9346 D UIAutomatorStub: URI: /jsonrpc/0, Method: POST, Header: {content-length=117, remote-addr=127.0.0.1, http-client-ip=127.0.0.1, host=localhost:9008, content-type=application/json, connection=close, accept-encoding=identity, user-agent=Python-urllib/3.7}, params, {NanoHttpd.QUERY_STRING=null}, files: {postData={"jsonrpc": "2.0", "method": "dumpWindowHierarchy", "id": "b34f3cbc3fdeeadc53951737d0c62c71", "params": [true, null]}}
