03-19 23:35:57.875  8459  8472 W dex2oat : Method processed more than once: com.google.android.gms.internal.zzew com.google.android.gms.internal.zzew$zza.asInterface(android.os.IBinder)
03-19 23:35:57.876  8459  8472 W dex2oat : Method processed more than once: android.os.IBinder com.google.android.gms.internal.zzew$zza.asBinder()
03-19 23:35:57.876  8459  8472 W dex2oat : Method processed more than once: boolean com.google.android.gms.internal.zzew$zza.onTransact(int, android.os.Parcel, android.os.Parcel, int)
03-19 23:35:57.876  8459  8472 W dex2oat : Method processed more than once: void com.google.android.gms.internal.zzey$zza.<init>()
03-19 23:35:57.877  8459  8472 W dex2oat : Method processed more than once: com.google.android.gms.internal.zzey com.google.android.gms.internal.zzey$zza.zzu(android.os.IBinder)
03-19 23:35:57.877  8459  8472 W dex2oat : Method processed more than once: android.os.IBinder com.google.android.gms.internal.zzey$zza.asBinder()
03-19 23:35:57.877  8459  8472 W dex2oat : Method processed more than once: boolean com.google.android.gms.internal.zzey$zza.onTransact(int, android.os.Parcel, android.os.Parcel, int)
03-19 23:35:57.895  8459  8474 W dex2oat : Method processed more than once: void com.google.android.gms.internal.zzkz$zza.<init>()
03-19 23:35:57.895  8459  8474 W dex2oat : Method processed more than once: com.google.android.gms.internal.zzkz com.google.android.gms.internal.zzkz$zza.zzT(android.os.IBinder)
03-19 23:35:57.895  8459  8474 W dex2oat : Method processed more than once: android.os.IBinder com.google.android.gms.internal.zzkz$zza.asBinder()
03-19 23:35:57.895  8459  8474 W dex2oat : Method processed more than once: boolean com.google.android.gms.internal.zzkz$zza.onTransact(int, android.os.Parcel, android.os.Parcel, int)
03-19 23:35:57.896  8459  8473 W dex2oat : Method processed more than once: void com.google.android.gms.internal.zzld$zza.<init>()
03-19 23:35:57.896  8459  8473 W dex2oat : Method processed more than once: com.google.android.gms.internal.zzld com.google.android.gms.internal.zzld$zza.zzW(android.os.IBinder)
03-19 23:35:57.897  8459  8473 W dex2oat : Method processed more than once: android.os.IBinder com.google.android.gms.internal.zzld$zza.asBinder()
03-19 23:35:57.897  8459  8473 W dex2oat : Method processed more than once: boolean com.google.android.gms.internal.zzld$zza.onTransact(int, android.os.Parcel, android.os.Parcel, int)
03-19 23:35:57.897  8459  8473 W dex2oat : Method processed more than once: void com.google.android.gms.internal.zzlf$zza.<init>()
03-19 23:35:57.897  8459  8473 W dex2oat : Method processed more than once: com.google.android.gms.internal.zzlf com.google.android.gms.internal.zzlf$zza.zzY(android.os.IBinder)
03-19 23:35:57.897  8459  8473 W dex2oat : Method processed more than once: android.os.IBinder com.google.android.gms.internal.zzlf$zza.asBinder()
03-19 23:35:57.897  8459  8473 W dex2oat : Method processed more than once: boolean com.google.android.gms.internal.zzlf$zza.onTransact(int, android.os.Parcel, android.os.Parcel, int)
03-19 23:35:57.898  8459  8473 W dex2oat : Method processed more than once: void com.google.android.gms.internal.zzlh$zza.<init>()
03-19 23:35:57.898  8459  8473 W dex2oat : Method processed more than once: com.google.android.gms.internal.zzlh com.google.android.gms.internal.zzlh$zza.zzaa(android.os.IBinder)
03-19 23:35:57.898  8459  8473 W dex2oat : Method processed more than once: android.os.IBinder com.google.android.gms.internal.zzlh$zza.asBinder()
03-19 23:35:57.899  8459  8473 W dex2oat : Method processed more than once: boolean com.google.android.gms.internal.zzlh$zza.onTransact(int, android.os.Parcel, android.os.Parcel, int)
03-19 23:35:57.906  8459  8474 W dex2oat : Method processed more than once: void com.google.android.gms.internal.zzpj.<init>()
03-19 23:35:57.906  8459  8474 W dex2oat : Method processed more than once: void com.google.android.gms.internal.zzpj.<init>(boolean)
03-19 23:35:57.906  8459  8474 W dex2oat : Method processed more than once: java.lang.Thread com.google.android.gms.internal.zzpj.zza(com.google.android.gms.internal.zzpj, java.lang.Thread)
03-19 23:35:57.906  8459  8474 W dex2oat : Method processed more than once: void com.google.android.gms.internal.zzpj.cancel()
03-19 23:35:57.907  8459  8474 W dex2oat : Method processed more than once: java.lang.Object com.google.android.gms.internal.zzpj.zziP()
03-19 23:35:57.907  8459  8474 W dex2oat : Method processed more than once: java.util.concurrent.Future com.google.android.gms.internal.zzpj.zzkG()
03-19 23:35:57.916  8459  8473 W dex2oat : Method processed more than once: void com.google.android.gms.internal.zzsa.<init>(com.google.android.gms.internal.zzsc)
03-19 23:35:57.916  8459  8473 W dex2oat : Method processed more than once: void com.google.android.gms.internal.zzsa.initialize()
03-19 23:35:57.916  8459  8473 W dex2oat : Method processed more than once: boolean com.google.android.gms.internal.zzsa.isInitialized()
03-19 23:35:57.916  8459  8473 W dex2oat : Method processed more than once: void com.google.android.gms.internal.zzsa.zzob()
03-19 23:35:58.072  8459  8459 W dex2oat : Method processed more than once: void io.fabric.sdk.android.services.concurrency.PriorityTask.<init>()
03-19 23:35:58.073  8459  8459 W dex2oat : Method processed more than once: boolean io.fabric.sdk.android.services.concurrency.PriorityTask.isProperDelegate(java.lang.Object)
03-19 23:35:58.073  8459  8459 W dex2oat : Method processed more than once: void io.fabric.sdk.android.services.concurrency.PriorityTask.addDependency(io.fabric.sdk.android.services.concurrency.Task)
03-19 23:35:58.073  8459  8459 W dex2oat : Method processed more than once: void io.fabric.sdk.android.services.concurrency.PriorityTask.addDependency(java.lang.Object)
03-19 23:35:58.073  8459  8459 W dex2oat : Method processed more than once: boolean io.fabric.sdk.android.services.concurrency.PriorityTask.areDependenciesMet()
03-19 23:35:58.073  8459  8459 W dex2oat : Method processed more than once: int io.fabric.sdk.android.services.concurrency.PriorityTask.compareTo(java.lang.Object)
03-19 23:35:58.074  8459  8459 W dex2oat : Method processed more than once: java.util.Collection io.fabric.sdk.android.services.concurrency.PriorityTask.getDependencies()
03-19 23:35:58.074  8459  8472 W dex2oat : Method processed more than once: void io.fabric.sdk.android.services.events.EventsHandler.<init>(android.content.Context, io.fabric.sdk.android.services.events.EventsStrategy, io.fabric.sdk.android.services.events.EventsFilesManager, java.util.concurrent.ScheduledExecutorService)
03-19 23:35:58.074  8459  8459 W dex2oat : Method processed more than once: java.lang.Throwable io.fabric.sdk.android.services.concurrency.PriorityTask.getError()
03-19 23:35:58.074  8459  8472 W dex2oat : Method processed more than once: void io.fabric.sdk.android.services.events.EventsHandler.disable()
03-19 23:35:58.074  8459  8459 W dex2oat : Method processed more than once: io.fabric.sdk.android.services.concurrency.Priority io.fabric.sdk.android.services.concurrency.PriorityTask.getPriority()
03-19 23:35:58.074  8459  8459 W dex2oat : Method processed more than once: boolean io.fabric.sdk.android.services.concurrency.PriorityTask.isFinished()
03-19 23:35:58.074  8459  8459 W dex2oat : Method processed more than once: void io.fabric.sdk.android.services.concurrency.PriorityTask.setError(java.lang.Throwable)
03-19 23:35:58.074  8459  8459 W dex2oat : Method processed more than once: void io.fabric.sdk.android.services.concurrency.PriorityTask.setFinished(boolean)
03-19 23:35:58.074  8459  8472 W dex2oat : Method processed more than once: void io.fabric.sdk.android.services.events.EventsHandler.executeAsync(java.lang.Runnable)
03-19 23:35:58.075  8459  8472 W dex2oat : Method processed more than once: void io.fabric.sdk.android.services.events.EventsHandler.executeSync(java.lang.Runnable)
03-19 23:35:58.075  8459  8472 W dex2oat : Method processed more than once: void io.fabric.sdk.android.services.events.EventsHandler.onRollOver(java.lang.String)
03-19 23:35:58.075  8459  8472 W dex2oat : Method processed more than once: void io.fabric.sdk.android.services.events.EventsHandler.recordEventAsync(java.lang.Object, boolean)
03-19 23:35:58.075  8459  8472 W dex2oat : Method processed more than once: void io.fabric.sdk.android.services.events.EventsHandler.recordEventSync(java.lang.Object)
03-19 23:35:58.180  8459  8472 W dex2oat : Method processed more than once: void com.google.android.gms.internal.zzaad$zza.<init>(com.google.android.gms.common.api.Api$zzc, com.google.android.gms.common.api.GoogleApiClient)
03-19 23:35:58.180  8459  8472 W dex2oat : Method processed more than once: void com.google.android.gms.internal.zzaad$zza.<init>(com.google.android.gms.common.api.Api, com.google.android.gms.common.api.GoogleApiClient)
03-19 23:35:58.180  8459  8472 W dex2oat : Method processed more than once: void com.google.android.gms.internal.zzaad$zza.zzc(android.os.RemoteException)
03-19 23:35:58.180  8459  8472 W dex2oat : Method processed more than once: com.google.android.gms.common.api.Api com.google.android.gms.internal.zzaad$zza.getApi()
03-19 23:35:58.180  8459  8472 W dex2oat : Method processed more than once: void com.google.android.gms.internal.zzaad$zza.setResult(java.lang.Object)
03-19 23:35:58.180  8459  8472 W dex2oat : Method processed more than once: void com.google.android.gms.internal.zzaad$zza.zzB(com.google.android.gms.common.api.Status)
03-19 23:35:58.181  8459  8472 W dex2oat : Method processed more than once: void com.google.android.gms.internal.zzaad$zza.zzb(com.google.android.gms.common.api.Api$zzb)
03-19 23:35:58.181  8459  8472 W dex2oat : Method processed more than once: com.google.android.gms.common.api.Api$zzc com.google.android.gms.internal.zzaad$zza.zzvg()
03-19 23:35:58.401  8459  8472 W dex2oat : Method processed more than once: void io.fabric.sdk.android.services.concurrency.PriorityCallable.<init>()
03-19 23:35:58.401  8459  8472 W dex2oat : Method processed more than once: void io.fabric.sdk.android.services.events.DisabledEventsStrategy.<init>()
03-19 23:35:58.401  8459  8472 W dex2oat : Method processed more than once: void io.fabric.sdk.android.services.events.DisabledEventsStrategy.cancelTimeBasedFileRollOver()
03-19 23:35:58.402  8459  8472 W dex2oat : Method processed more than once: void io.fabric.sdk.android.services.events.DisabledEventsStrategy.deleteAllEvents()
03-19 23:35:58.402  8459  8472 W dex2oat : Method processed more than once: io.fabric.sdk.android.services.events.FilesSender io.fabric.sdk.android.services.events.DisabledEventsStrategy.getFilesSender()
03-19 23:35:58.402  8459  8472 W dex2oat : Method processed more than once: void io.fabric.sdk.android.services.events.DisabledEventsStrategy.recordEvent(java.lang.Object)
03-19 23:35:58.402  8459  8474 W dex2oat : Method processed more than once: void io.fabric.sdk.android.services.events.EnabledEventsStrategy.<init>(android.content.Context, java.util.concurrent.ScheduledExecutorService, io.fabric.sdk.android.services.events.EventsFilesManager)
03-19 23:35:58.402  8459  8472 W dex2oat : Method processed more than once: boolean io.fabric.sdk.android.services.events.DisabledEventsStrategy.rollFileOver()
03-19 23:35:58.402  8459  8474 W dex2oat : Method processed more than once: void io.fabric.sdk.android.services.events.EnabledEventsStrategy.cancelTimeBasedFileRollOver()
03-19 23:35:58.402  8459  8474 W dex2oat : Method processed more than once: void io.fabric.sdk.android.services.events.EnabledEventsStrategy.configureRollover(int)
03-19 23:35:58.402  8459  8474 W dex2oat : Method processed more than once: void io.fabric.sdk.android.services.events.EnabledEventsStrategy.deleteAllEvents()
03-19 23:35:58.402  8459  8474 W dex2oat : Method processed more than once: void io.fabric.sdk.android.services.events.EnabledEventsStrategy.recordEvent(java.lang.Object)
03-19 23:35:58.403  8459  8474 W dex2oat : Method processed more than once: boolean io.fabric.sdk.android.services.events.EnabledEventsStrategy.rollFileOver()
03-19 23:35:58.403  8459  8472 W dex2oat : Method processed more than once: void io.fabric.sdk.android.services.events.DisabledEventsStrategy.scheduleTimeBasedRollOverIfNeeded()
03-19 23:35:58.403  8459  8474 W dex2oat : Method processed more than once: void io.fabric.sdk.android.services.events.EnabledEventsStrategy.scheduleTimeBasedFileRollOver(long, long)
03-19 23:35:58.403  8459  8474 W dex2oat : Method processed more than once: void io.fabric.sdk.android.services.events.EnabledEventsStrategy.scheduleTimeBasedRollOverIfNeeded()
03-19 23:35:58.403  8459  8474 W dex2oat : Method processed more than once: void io.fabric.sdk.android.services.events.EnabledEventsStrategy.sendAndCleanUpIfSuccess()
03-19 23:35:58.404  8459  8474 W dex2oat : Method processed more than once: void io.fabric.sdk.android.services.events.EnabledEventsStrategy.sendEvents()
03-19 23:35:58.404  8459  8472 W dex2oat : Method processed more than once: void io.fabric.sdk.android.services.events.DisabledEventsStrategy.sendEvents()
03-19 23:35:58.470  8459  8473 W dex2oat : Method processed more than once: void com.google.android.gms.internal.zzyn.<init>(com.google.android.gms.common.api.GoogleApiClient)
03-19 23:35:58.470  8459  8473 W dex2oat : Method processed more than once: void com.google.android.gms.internal.zzyn.setResult(java.lang.Object)
03-19 23:35:58.470  8459  8473 W dex2oat : Method processed more than once: void com.google.android.gms.internal.zzyn.zzck(int)
03-19 23:35:58.471  8459  8473 W dex2oat : Method processed more than once: void com.google.android.gms.internal.zzyn.zze(int, java.lang.String)
03-19 23:35:58.510  8459  8473 W dex2oat : Method processed more than once: void com.google.android.gms.internal.zzyv.<init>(com.google.android.gms.common.api.GoogleApiClient)
03-19 23:35:58.510  8459  8473 W dex2oat : Method processed more than once: void com.google.android.gms.internal.zzyv.zza(com.google.android.gms.common.api.Api$zzb)
03-19 23:35:58.510  8459  8473 W dex2oat : Method processed more than once: void com.google.android.gms.internal.zzyv.zza(com.google.android.gms.internal.zzyq)
03-19 23:35:58.510  8459  8473 W dex2oat : Method processed more than once: com.google.android.gms.common.api.Status com.google.android.gms.internal.zzyv.zzb(com.google.android.gms.common.api.Status)
03-19 23:35:58.510  8459  8473 W dex2oat : Method processed more than once: com.google.android.gms.common.api.Result com.google.android.gms.internal.zzyv.zzc(com.google.android.gms.common.api.Status)
03-19 23:36:00.026  1776  1973 D EGL_emulation: eglMakeCurrent: 0xe9b85480: ver 3 0 (tinfo 0xe9b834f0)
03-19 23:36:00.029  1440  1454 D hwcomposer: hw_composer sent 54 syncs in 60s
03-19 23:36:00.932  2353  2353 I MicroDetectionWorker: #updateMicroDetector [detectionMode: [mDetectionMode: [1]]]
03-19 23:36:00.932  2353  2353 I MicroDetectionWorker: #startMicroDetector [speakerMode: 0]
03-19 23:36:00.932  2353  2353 I AudioController: Using mInputStreamFactoryBuilder
03-19 23:36:00.935  2353  2353 I MicroDetectionWorker: onReady
03-19 23:36:00.949  2353   426 I MicroRecognitionRunner: Starting detection.
03-19 23:36:00.950  2353  8361 I MicrophoneInputStream: mic_starting com.google.android.apps.gsa.staticplugins.aa.c@369a16d
03-19 23:36:00.951  1529  1529 W ServiceManager: Permission failure: android.permission.RECORD_AUDIO from uid=10032 pid=2353
03-19 23:36:00.951  1529  1529 E         : Request requires android.permission.RECORD_AUDIO
03-19 23:36:00.951  1529  1529 E         : android.permission.CAPTURE_AUDIO_HOTWORD
03-19 23:36:00.951  2353  8361 E AudioRecord: Could not get audio input for session 5705, record source 1999, sample rate 16000, format 0x1, channel mask 0x10, flags 0
03-19 23:36:00.961  2353  8361 E AudioRecord-JNI: Error creating AudioRecord instance: initialization check failed with status -22.
03-19 23:36:00.961  2353  8361 E android.media.AudioRecord: Error code -20 when initializing native AudioRecord object.
03-19 23:36:00.961  2353  8361 I MicrophoneInputStream: mic_started com.google.android.apps.gsa.staticplugins.aa.c@369a16d
03-19 23:36:00.963  2353  8361 I MicrophoneInputStream: mic_close com.google.android.apps.gsa.staticplugins.aa.c@369a16d
03-19 23:36:00.966  2353   426 I MicroRecognitionRunner: Detection finished
03-19 23:36:00.966  2353   426 W ErrorReporter: reportError [type: 211, code: 524300]: Error reading from input stream
03-19 23:36:00.972  2353  2762 I MicroRecognitionRunner: Stopping hotword detection.
03-19 23:36:00.972  2353   426 W ErrorProcessor: onFatalError, processing error from engine(4)
03-19 23:36:00.972  2353   426 W ErrorProcessor: com.google.android.apps.gsa.shared.speech.b.g: Error reading from input stream
03-19 23:36:00.972  2353   426 W ErrorProcessor: 	at com.google.android.apps.gsa.staticplugins.recognizer.j.a.a(SourceFile:28)
03-19 23:36:00.972  2353   426 W ErrorProcessor: 	at com.google.android.apps.gsa.staticplugins.recognizer.j.b.run(SourceFile:15)
03-19 23:36:00.972  2353   426 W ErrorProcessor: 	at java.util.concurrent.Executors$RunnableAdapter.call(Executors.java:457)
03-19 23:36:00.972  2353   426 W ErrorProcessor: 	at java.util.concurrent.FutureTask.run(FutureTask.java:266)
03-19 23:36:00.972  2353   426 W ErrorProcessor: 	at java.util.concurrent.Executors$RunnableAdapter.call(Executors.java:457)
03-19 23:36:00.972  2353   426 W ErrorProcessor: 	at java.util.concurrent.FutureTask.run(FutureTask.java:266)
03-19 23:36:00.972  2353   426 W ErrorProcessor: 	at com.google.android.apps.gsa.shared.util.concurrent.a.ag.run(Unknown Source:4)
03-19 23:36:00.972  2353   426 W ErrorProcessor: 	at com.google.android.apps.gsa.shared.util.concurrent.a.bo.run(SourceFile:4)
03-19 23:36:00.972  2353   426 W ErrorProcessor: 	at com.google.android.apps.gsa.shared.util.concurrent.a.bo.run(SourceFile:4)
03-19 23:36:00.972  2353   426 W ErrorProcessor: 	at java.util.concurrent.ThreadPoolExecutor.runWorker(ThreadPoolExecutor.java:1162)
03-19 23:36:00.972  2353   426 W ErrorProcessor: 	at java.util.concurrent.ThreadPoolExecutor$Worker.run(ThreadPoolExecutor.java:636)
03-19 23:36:00.972  2353   426 W ErrorProcessor: 	at java.lang.Thread.run(Thread.java:764)
03-19 23:36:00.972  2353   426 W ErrorProcessor: 	at com.google.android.apps.gsa.shared.util.concurrent.a.ak.run(SourceFile:6)
03-19 23:36:00.972  2353   426 W ErrorProcessor: Caused by: com.google.android.apps.gsa.shared.exception.GsaIOException: Error code: 393238 | Buffer overflow, no available space.
03-19 23:36:00.972  2353   426 W ErrorProcessor: 	at com.google.android.apps.gsa.speech.audio.Tee.f(SourceFile:103)
03-19 23:36:00.972  2353   426 W ErrorProcessor: 	at com.google.android.apps.gsa.speech.audio.au.read(SourceFile:2)
03-19 23:36:00.972  2353   426 W ErrorProcessor: 	at java.io.InputStream.read(InputStream.java:101)
03-19 23:36:00.972  2353   426 W ErrorProcessor: 	at com.google.android.apps.gsa.speech.audio.ao.run(SourceFile:18)
03-19 23:36:00.972  2353   426 W ErrorProcessor: 	at com.google.android.apps.gsa.speech.audio.an.run(SourceFile:2)
03-19 23:36:00.972  2353   426 W ErrorProcessor: 	... 11 more
03-19 23:36:00.972  2353   426 I AudioController: internalShutdown
03-19 23:36:00.978  2353  2353 I MicroDetectionWorker: onReady
03-19 23:36:00.978  2353  2353 I MicroDetector: Keeping mic open: false
03-19 23:36:00.978  2353  2353 I MicroDetectionWorker: #onError(false)
03-19 23:36:00.979  2353 29761 I DeviceStateChecker: DeviceStateChecker cancelled
03-19 23:36:02.332  8459  8459 I dex2oat : Explicit concurrent copying GC freed 45560(5MB) AllocSpace objects, 0(0B) LOS objects, 87% free, 212KB/1748KB, paused 377us total 3.777ms
03-19 23:36:02.792  8459  8483 W dex2oat : Method processed more than once: void org.apache.commons.collections4.map.AbstractIterableMap.<init>()
03-19 23:36:02.792  8459  8483 W dex2oat : Method processed more than once: org.apache.commons.collections4.MapIterator org.apache.commons.collections4.map.AbstractIterableMap.mapIterator()
03-19 23:36:02.840  8459  8459 W dex2oat : Method processed more than once: void org.apache.commons.collections4.map.AbstractMapDecorator.<init>()
03-19 23:36:02.840  8459  8459 W dex2oat : Method processed more than once: void org.apache.commons.collections4.map.AbstractMapDecorator.<init>(java.util.Map)
03-19 23:36:02.840  8459  8459 W dex2oat : Method processed more than once: void org.apache.commons.collections4.map.AbstractMapDecorator.clear()
03-19 23:36:02.841  8459  8459 W dex2oat : Method processed more than once: boolean org.apache.commons.collections4.map.AbstractMapDecorator.containsKey(java.lang.Object)
03-19 23:36:02.841  8459  8459 W dex2oat : Method processed more than once: boolean org.apache.commons.collections4.map.AbstractMapDecorator.containsValue(java.lang.Object)
03-19 23:36:02.841  8459  8459 W dex2oat : Method processed more than once: java.util.Map org.apache.commons.collections4.map.AbstractMapDecorator.decorated()
03-19 23:36:02.841  8459  8459 W dex2oat : Method processed more than once: java.util.Set org.apache.commons.collections4.map.AbstractMapDecorator.entrySet()
03-19 23:36:02.841  8459  8459 W dex2oat : Method processed more than once: boolean org.apache.commons.collections4.map.AbstractMapDecorator.equals(java.lang.Object)
03-19 23:36:02.841  8459  8459 W dex2oat : Method processed more than once: java.lang.Object org.apache.commons.collections4.map.AbstractMapDecorator.get(java.lang.Object)
03-19 23:36:02.842  8459  8459 W dex2oat : Method processed more than once: int org.apache.commons.collections4.map.AbstractMapDecorator.hashCode()
03-19 23:36:02.842  8459  8459 W dex2oat : Method processed more than once: boolean org.apache.commons.collections4.map.AbstractMapDecorator.isEmpty()
03-19 23:36:02.842  8459  8459 W dex2oat : Method processed more than once: java.util.Set org.apache.commons.collections4.map.AbstractMapDecorator.keySet()
03-19 23:36:02.842  8459  8459 W dex2oat : Method processed more than once: java.lang.Object org.apache.commons.collections4.map.AbstractMapDecorator.put(java.lang.Object, java.lang.Object)
03-19 23:36:02.842  8459  8459 W dex2oat : Method processed more than once: void org.apache.commons.collections4.map.AbstractMapDecorator.putAll(java.util.Map)
03-19 23:36:02.842  8459  8459 W dex2oat : Method processed more than once: java.lang.Object org.apache.commons.collections4.map.AbstractMapDecorator.remove(java.lang.Object)
03-19 23:36:02.843  8459  8459 W dex2oat : Method processed more than once: int org.apache.commons.collections4.map.AbstractMapDecorator.size()
03-19 23:36:02.843  8459  8459 W dex2oat : Method processed more than once: java.lang.String org.apache.commons.collections4.map.AbstractMapDecorator.toString()
03-19 23:36:02.843  8459  8459 W dex2oat : Method processed more than once: java.util.Collection org.apache.commons.collections4.map.AbstractMapDecorator.values()
03-19 23:36:02.862  8459  8483 W dex2oat : Method processed more than once: void org.apache.commons.collections4.map.AbstractSortedMapDecorator.<init>()
03-19 23:36:02.862  8459  8483 W dex2oat : Method processed more than once: void org.apache.commons.collections4.map.AbstractSortedMapDecorator.<init>(java.util.SortedMap)
03-19 23:36:02.862  8459  8483 W dex2oat : Method processed more than once: java.util.Comparator org.apache.commons.collections4.map.AbstractSortedMapDecorator.comparator()
03-19 23:36:02.862  8459  8483 W dex2oat : Method processed more than once: java.util.Map org.apache.commons.collections4.map.AbstractSortedMapDecorator.decorated()
03-19 23:36:02.863  8459  8483 W dex2oat : Method processed more than once: java.util.SortedMap org.apache.commons.collections4.map.AbstractSortedMapDecorator.decorated()
03-19 23:36:02.863  8459  8483 W dex2oat : Method processed more than once: java.lang.Object org.apache.commons.collections4.map.AbstractSortedMapDecorator.firstKey()
03-19 23:36:02.863  8459  8483 W dex2oat : Method processed more than once: java.util.SortedMap org.apache.commons.collections4.map.AbstractSortedMapDecorator.headMap(java.lang.Object)
03-19 23:36:02.863  8459  8483 W dex2oat : Method processed more than once: java.lang.Object org.apache.commons.collections4.map.AbstractSortedMapDecorator.lastKey()
03-19 23:36:02.863  8459  8483 W dex2oat : Method processed more than once: org.apache.commons.collections4.MapIterator org.apache.commons.collections4.map.AbstractSortedMapDecorator.mapIterator()
03-19 23:36:02.863  8459  8483 W dex2oat : Method processed more than once: org.apache.commons.collections4.OrderedMapIterator org.apache.commons.collections4.map.AbstractSortedMapDecorator.mapIterator()
03-19 23:36:02.864  8459  8483 W dex2oat : Method processed more than once: java.lang.Object org.apache.commons.collections4.map.AbstractSortedMapDecorator.nextKey(java.lang.Object)
03-19 23:36:02.864  8459  8483 W dex2oat : Method processed more than once: java.lang.Object org.apache.commons.collections4.map.AbstractSortedMapDecorator.previousKey(java.lang.Object)
03-19 23:36:02.864  8459  8483 W dex2oat : Method processed more than once: java.util.SortedMap org.apache.commons.collections4.map.AbstractSortedMapDecorator.subMap(java.lang.Object, java.lang.Object)
03-19 23:36:02.864  8459  8483 W dex2oat : Method processed more than once: java.util.SortedMap org.apache.commons.collections4.map.AbstractSortedMapDecorator.tailMap(java.lang.Object)
03-19 23:36:04.061  8459  8459 I dex2oat : Explicit concurrent copying GC freed 13689(2MB) AllocSpace objects, 0(0B) LOS objects, 85% free, 252KB/1788KB, paused 384us total 3.485ms
03-19 23:36:04.197  1662  1679 E memtrack: Couldn't load memtrack module
03-19 23:36:04.197  1662  1679 W android.os.Debug: failed to get memory consumption info: -1
03-19 23:36:04.215  8459  8459 I dex2oat : dex2oat took 12.142s (43.316s cpu) (threads: 4) arena alloc=1165KB (1193448B) java alloc=252KB (258888B) native alloc=13MB (14550864B) free=5MB (5372080B)
03-19 23:36:04.291  1532  5260 D installd: Applied hard quotas for 10109
03-19 23:36:04.292  1662  1692 D PackageManager: Ephemeral installer not found with new action; try old one
03-19 23:36:04.292  1662  1692 D PackageManager: Clear ephemeral installer activity
03-19 23:36:04.292  1662  1692 V BackupManagerService: restoreAtInstall pkg=org.inaturalist.android token=27 restoreSet=0
03-19 23:36:04.292  1662  1692 V BackupManagerService: Finishing install immediately
03-19 23:36:04.299  1532  5260 E         : Couldn't opendir /data/app/vmdl2074349440.tmp: No such file or directory
03-19 23:36:04.299  1532  5260 E installd: Failed to delete /data/app/vmdl2074349440.tmp: No such file or directory
03-19 23:36:04.313  1662  3824 W BroadcastQueue: Background execution not allowed: receiving Intent { act=android.intent.action.PACKAGE_ADDED dat=package:org.inaturalist.android flg=0x4000010 (has extras) } to com.google.android.gms/.games.chimera.GamesSystemBroadcastReceiverProxy
03-19 23:36:04.313  1662  1680 W BroadcastQueue: Background execution not allowed: receiving Intent { act=android.intent.action.PACKAGE_ADDED dat=package:org.inaturalist.android flg=0x4000010 (has extras) } to com.google.android.gms/.gass.chimera.PackageChangeBroadcastReceiver
03-19 23:36:04.314  1662  1680 W BroadcastQueue: Background execution not allowed: receiving Intent { act=android.intent.action.PACKAGE_ADDED dat=package:org.inaturalist.android flg=0x4000010 (has extras) } to com.google.android.gms/.chimera.GmsIntentOperationService$PersistentTrustedReceiver
03-19 23:36:04.314  1662  1680 W BroadcastQueue: Background execution not allowed: receiving Intent { act=android.intent.action.PACKAGE_ADDED dat=package:org.inaturalist.android flg=0x4000010 (has extras) } to com.google.android.googlequicksearchbox/com.google.android.apps.gsa.googlequicksearchbox.GelStubAppWatcher
03-19 23:36:04.363  2081  8490 W GCM     : Unexpected forwarded intent: Intent { act=android.intent.action.PACKAGE_ADDED dat=package:org.inaturalist.android flg=0x4000010 cmp=com.google.android.gms/.chimera.PersistentIntentOperationService (has extras) }
03-19 23:36:04.366  1662  1672 I zygote  : Background concurrent copying GC freed 88148(4MB) AllocSpace objects, 40(2MB) LOS objects, 28% free, 14MB/20MB, paused 543us total 106.381ms
03-19 23:36:04.367  1662  1729 I InputReader: Reconfiguring input devices.  changes=0x00000010
03-19 23:36:04.368  2209  8496 I Auth    : [SupervisedAccountIntentOperation] onHandleIntent(): android.intent.action.PACKAGE_ADDED
03-19 23:36:04.370  2209  8497 I ChromeSync: [Sync,SyncIntentOperation] Handling the intent: Intent { act=android.intent.action.PACKAGE_ADDED dat=package:org.inaturalist.android flg=0x4000010 cmp=com.google.android.gms/.chimera.GmsIntentOperationService (has extras) }.
03-19 23:36:04.370  2081  8494 W GCM     : Unexpected forwarded intent: Intent { act=android.intent.action.PACKAGE_ADDED dat=package:org.inaturalist.android flg=0x4000010 cmp=com.google.android.gms/.chimera.PersistentIntentOperationService (has extras) }
03-19 23:36:04.370  1662  1918 W ActivityManager: Unable to start service Intent { act=com.google.android.gms.auth.key.retrieval.service.START pkg=com.google.android.gms } U=0: not found
03-19 23:36:04.378  1662  1918 W ActivityManager: Unbind failed: could not find connection for android.os.BinderProxy@ce1491f
03-19 23:36:04.378  2209  2458 E GmsClient: unable to connect to service: com.google.android.gms.auth.key.retrieval.service.START on com.google.android.gms
03-19 23:36:04.383  1912  1912 D CarrierSvcBindHelper: No carrier app for: 0
03-19 23:36:04.388  1912  1912 D ImsResolver: maybeAddedImsService, packageName: org.inaturalist.android
03-19 23:36:04.389  1912  1912 D CarrierConfigLoader: mHandler: 9 phoneId: 0
03-19 23:36:04.390  5758  8486 I ProvidersCache: Provider returned no roots. Possibly naughty: com.google.android.apps.docs.storage
03-19 23:36:04.392  1662  1662 I Telecom : DefaultDialerCache: Refreshing default dialer for user 0: now com.google.android.dialer: DDC.oR@AaU
03-19 23:36:04.445  1662  1681 D AutofillUI: destroySaveUiUiThread(): already destroyed
03-19 23:36:04.445  1662  1679 D AutofillManagerServiceImpl: Set component for user 0 as ServiceInfo{392b60b com.google.android.gms.autofill.service.AutofillService}
03-19 23:36:04.470  1662  1679 E memtrack: Couldn't load memtrack module
03-19 23:36:04.470  1662  1679 W android.os.Debug: failed to get memory consumption info: -1
03-19 23:36:04.494  2209  8506 I ChimeraConfigurator: Starting update, reason: 4 urgentFeatures: pay:-1
03-19 23:36:04.494  2209  8506 E ConfigFileUtils: Failed to read config file: /data/user_de/0/com.google.android.gms/app_chimera/next_container.pb (No such file or directory)
03-19 23:36:04.533  2209  8506 I ChmraDebugLogger: [73] 1801
03-19 23:36:04.554  2209  8506 I ChmraDebugLogger: [30] [Pay.optional:202414020000] permitMetered=true,
03-19 23:36:04.565  2209  8506 W ChimeraConfigService: Retry attempt was throttled.
03-19 23:36:04.591  1662  1679 E memtrack: Couldn't load memtrack module
03-19 23:36:04.591  1662  1679 W android.os.Debug: failed to get memory consumption info: -1
03-19 23:36:04.596  2209  8497 I ChromeSync: [Persistence,AffiliationManager] One of affiliation or grouping data for android://VRZbEWqRhQBVCSh_R9Zf44a5g9eYmewj4IqWxw_Tgp6P2hjCE3La5p2vIbIjejUpIAUUWqeUtCKJNE68S8H_TA==@org.inaturalist.android/ was not found. Marking affiliation data as stale...
03-19 23:36:04.666  8510  8510 D AndroidRuntime: >>>>>> START com.android.internal.os.RuntimeInit uid 2000 <<<<<<
03-19 23:36:04.671  2209  2879 I Icing   : IndexChimeraService.getServiceInterface callingPackage=com.google.android.gms componentName=AppsCorpus serviceId=36
03-19 23:36:04.721  2209  8509 W Icing   : No valid account for uploading user actions
03-19 23:36:04.730  8510  8510 W app_process: Unexpected CPU variant for X86 using defaults: x86
03-19 23:36:04.732  8510  8510 I app_process: The ClassLoaderContext is a special shared library.
03-19 23:36:04.736  2209  8509 I Icing   : Usage reports ok 0, Failed Usage reports 0, indexed 0, rejected 0
03-19 23:36:04.740  2209  8509 I Icing   : Indexing com.google.android.gms-internal.3p:MobileApplication from com.google.android.gms using seqno 68
03-19 23:36:04.741  2209  2686 I Icing   : IndexChimeraService.getServiceInterface callingPackage=com.google.android.gms componentName=null serviceId=30
03-19 23:36:04.752  2209  8509 I Icing   : Indexing com.google.android.gms-apps from com.google.android.gms
03-19 23:36:04.757  8510  8510 D AndroidRuntime: Calling main entry com.android.commands.monkey.Monkey
03-19 23:36:04.765  8510  8510 W Monkey  : args: [-p, org.inaturalist.android, -c, android.intent.category.LAUNCHER, 1]
03-19 23:36:04.766  8510  8510 W Monkey  :  arg: "-p"
03-19 23:36:04.767  8510  8510 W Monkey  :  arg: "org.inaturalist.android"
03-19 23:36:04.767  8510  8510 W Monkey  :  arg: "-c"
03-19 23:36:04.767  8510  8510 W Monkey  :  arg: "android.intent.category.LAUNCHER"
03-19 23:36:04.767  8510  8510 W Monkey  :  arg: "1"
03-19 23:36:04.767  8510  8510 W Monkey  : data="org.inaturalist.android"
03-19 23:36:04.768  8510  8510 W Monkey  : data="android.intent.category.LAUNCHER"
03-19 23:36:04.781  1662  1680 W BroadcastQueue: Skipping deliver [background] BroadcastRecord{d78ab73 u-1 android.net.conn.CONNECTIVITY_CHANGE} to ReceiverList{e903a30 8510 (unknown name)/2000/u-1 remote:bc8dcad}: process gone or crashing
03-19 23:36:04.809  1662  3824 I ActivityManager: START u0 {act=android.intent.action.MAIN cat=[android.intent.category.LAUNCHER] flg=0x10200000 cmp=org.inaturalist.android/.ObservationListActivity.inaturalist} from uid 2000
03-19 23:36:04.813  1662  3824 W Binder  : Outgoing transactions from this process must be FLAG_ONEWAY
03-19 23:36:04.813  1662  3824 W Binder  : java.lang.Throwable
03-19 23:36:04.813  1662  3824 W Binder  : 	at android.os.BinderProxy.transact(Binder.java:752)
03-19 23:36:04.813  1662  3824 W Binder  : 	at android.app.IActivityController$Stub$Proxy.activityStarting(IActivityController.java:172)
03-19 23:36:04.813  1662  3824 W Binder  : 	at com.android.server.am.ActivityStarter.startActivity(ActivityStarter.java:449)
03-19 23:36:04.813  1662  3824 W Binder  : 	at com.android.server.am.ActivityStarter.startActivityLocked(ActivityStarter.java:278)
03-19 23:36:04.813  1662  3824 W Binder  : 	at com.android.server.am.ActivityStarter.startActivityMayWait(ActivityStarter.java:817)
03-19 23:36:04.813  1662  3824 W Binder  : 	at com.android.server.am.ActivityManagerService.startActivityAsUser(ActivityManagerService.java:4532)
03-19 23:36:04.813  1662  3824 W Binder  : 	at com.android.server.am.ActivityManagerService.startActivity(ActivityManagerService.java:4519)
03-19 23:36:04.813  1662  3824 W Binder  : 	at android.app.IActivityManager$Stub.onTransact(IActivityManager.java:121)
03-19 23:36:04.813  1662  3824 W Binder  : 	at com.android.server.am.ActivityManagerService.onTransact(ActivityManagerService.java:2919)
03-19 23:36:04.813  1662  3824 W Binder  : 	at android.os.Binder.execTransact(Binder.java:697)
03-19 23:36:04.825  8510  8510 I Monkey  : Events injected: 1
03-19 23:36:04.836  8521  8521 W zygote  : Unexpected CPU variant for X86 using defaults: x86
03-19 23:36:04.839  2209  8509 W Icing   : No valid account for uploading user actions
03-19 23:36:04.839  1662  3824 I ActivityManager: Start proc 8521:org.inaturalist.android/u0a109 for activity org.inaturalist.android/.ObservationListActivity.inaturalist
03-19 23:36:04.850  1439  1489 D gralloc_ranchu: gralloc_alloc: Creating ashmem region of size 8298496
03-19 23:36:04.851  2209  8509 I Icing   : Usage reports ok 0, Failed Usage reports 0, indexed 0, rejected 0
03-19 23:36:04.853  1662  1711 D         : HostConnection::get() New Host Connection established 0xcebe2c80, tid 1711
03-19 23:36:04.854  2209  8509 I Icing   : Indexing done com.google.android.gms-apps
03-19 23:36:04.875  8510  8510 I Monkey  : ## Network stats: elapsed time=26ms (0ms mobile, 0ms wifi, 26ms not connected)
03-19 23:36:04.876  8510  8510 I com.android.commands.monkey: System.exit called, status: 0
03-19 23:36:04.876  8510  8510 I AndroidRuntime: VM exiting with result code 0.
03-19 23:36:04.891  8521  8521 I MultiDex: VM with version 2.1.0 has multidex support
03-19 23:36:04.891  8521  8521 I MultiDex: install
03-19 23:36:04.891  8521  8521 I MultiDex: VM has multidex support, MultiDex support library is disabled.
03-19 23:36:04.891  8521  8521 I MultiDex: install
03-19 23:36:04.891  8521  8521 I MultiDex: VM has multidex support, MultiDex support library is disabled.
03-19 23:36:04.894  8521  8521 I FirebaseInitProvider: FirebaseApp initialization unsuccessful
03-19 23:36:04.897  2353  2709 D EGL_emulation: eglMakeCurrent: 0xe9b85f00: ver 3 0 (tinfo 0xe9b83670)
03-19 23:36:04.901  2280  2416 D EGL_emulation: eglMakeCurrent: 0xd70fbbe0: ver 3 0 (tinfo 0xd70fccd0)
03-19 23:36:04.905  1449  2068 D gralloc_ranchu: gralloc_unregister_buffer: exiting HostConnection (is buffer-handling thread)
03-19 23:36:04.905  1449  2068 D         : HostConnection::get() New Host Connection established 0xf21f26c0, tid 2068
03-19 23:36:04.906  1449  2068 D gralloc_ranchu: gralloc_unregister_buffer: exiting HostConnection (is buffer-handling thread)
03-19 23:36:04.906  1449  2068 D         : HostConnection::get() New Host Connection established 0xf21f26c0, tid 2068
03-19 23:36:04.906  1449  2068 D gralloc_ranchu: gralloc_unregister_buffer: exiting HostConnection (is buffer-handling thread)
03-19 23:36:04.906  1449  2068 D         : HostConnection::get() New Host Connection established 0xf21f26c0, tid 2068
03-19 23:36:04.907  1449  2068 D gralloc_ranchu: gralloc_unregister_buffer: exiting HostConnection (is buffer-handling thread)
03-19 23:36:05.021  8521  8521 I Fabric  : Initializing Crashlytics 2.3.3.61
03-19 23:36:05.024  8521  8544 W AdvertisingIdClient: Error while reading from SharedPreferences 
03-19 23:36:05.024  8521  8544 W AdvertisingIdClient: java.lang.SecurityException: MODE_WORLD_READABLE no longer supported
03-19 23:36:05.024  8521  8544 W AdvertisingIdClient: 	at android.app.ContextImpl.checkMode(ContextImpl.java:2420)
03-19 23:36:05.024  8521  8544 W AdvertisingIdClient: 	at android.app.ContextImpl.getSharedPreferences(ContextImpl.java:382)
03-19 23:36:05.024  8521  8544 W AdvertisingIdClient: 	at android.app.ContextImpl.getSharedPreferences(ContextImpl.java:372)
03-19 23:36:05.024  8521  8544 W AdvertisingIdClient: 	at com.google.android.gms.ads.identifier.AdvertisingIdClient.getAdvertisingIdInfo(Unknown Source:11)
03-19 23:36:05.024  8521  8544 W AdvertisingIdClient: 	at java.lang.reflect.Method.invoke(Native Method)
03-19 23:36:05.024  8521  8544 W AdvertisingIdClient: 	at com.facebook.internal.Utility.invokeMethodQuietly(Utility.java:808)
03-19 23:36:05.024  8521  8544 W AdvertisingIdClient: 	at com.facebook.internal.AttributionIdentifiers.getAndroidIdViaReflection(AttributionIdentifiers.java:117)
03-19 23:36:05.024  8521  8544 W AdvertisingIdClient: 	at com.facebook.internal.AttributionIdentifiers.getAndroidId(AttributionIdentifiers.java:75)
03-19 23:36:05.024  8521  8544 W AdvertisingIdClient: 	at com.facebook.internal.AttributionIdentifiers.getAttributionIdentifiers(AttributionIdentifiers.java:178)
03-19 23:36:05.024  8521  8544 W AdvertisingIdClient: 	at com.facebook.appevents.AppEventCollection.getSessionEventsState(AppEventCollection.java:85)
03-19 23:36:05.024  8521  8544 W AdvertisingIdClient: 	at com.facebook.appevents.AppEventCollection.addEvent(AppEventCollection.java:55)
03-19 23:36:05.024  8521  8544 W AdvertisingIdClient: 	at com.facebook.appevents.AppEventQueue$4.run(AppEventQueue.java:99)
03-19 23:36:05.024  8521  8544 W AdvertisingIdClient: 	at java.util.concurrent.Executors$RunnableAdapter.call(Executors.java:457)
03-19 23:36:05.024  8521  8544 W AdvertisingIdClient: 	at java.util.concurrent.FutureTask.run(FutureTask.java:266)
03-19 23:36:05.024  8521  8544 W AdvertisingIdClient: 	at java.util.concurrent.ScheduledThreadPoolExecutor$ScheduledFutureTask.run(ScheduledThreadPoolExecutor.java:301)
03-19 23:36:05.024  8521  8544 W AdvertisingIdClient: 	at java.util.concurrent.ThreadPoolExecutor.runWorker(ThreadPoolExecutor.java:1162)
03-19 23:36:05.024  8521  8544 W AdvertisingIdClient: 	at java.util.concurrent.ThreadPoolExecutor$Worker.run(ThreadPoolExecutor.java:636)
03-19 23:36:05.024  8521  8544 W AdvertisingIdClient: 	at java.lang.Thread.run(Thread.java:764)
03-19 23:36:05.025  8521  8539 W AdvertisingIdClient: Error while reading from SharedPreferences 
03-19 23:36:05.025  8521  8539 W AdvertisingIdClient: java.lang.SecurityException: MODE_WORLD_READABLE no longer supported
03-19 23:36:05.025  8521  8539 W AdvertisingIdClient: 	at android.app.ContextImpl.checkMode(ContextImpl.java:2420)
03-19 23:36:05.025  8521  8539 W AdvertisingIdClient: 	at android.app.ContextImpl.getSharedPreferences(ContextImpl.java:382)
03-19 23:36:05.025  8521  8539 W AdvertisingIdClient: 	at android.app.ContextImpl.getSharedPreferences(ContextImpl.java:372)
03-19 23:36:05.025  8521  8539 W AdvertisingIdClient: 	at com.google.android.gms.ads.identifier.AdvertisingIdClient.getAdvertisingIdInfo(Unknown Source:11)
03-19 23:36:05.025  8521  8539 W AdvertisingIdClient: 	at java.lang.reflect.Method.invoke(Native Method)
03-19 23:36:05.025  8521  8539 W AdvertisingIdClient: 	at com.facebook.internal.Utility.invokeMethodQuietly(Utility.java:808)
03-19 23:36:05.025  8521  8539 W AdvertisingIdClient: 	at com.facebook.internal.AttributionIdentifiers.getAndroidIdViaReflection(AttributionIdentifiers.java:117)
03-19 23:36:05.025  8521  8539 W AdvertisingIdClient: 	at com.facebook.internal.AttributionIdentifiers.getAndroidId(AttributionIdentifiers.java:75)
03-19 23:36:05.025  8521  8539 W AdvertisingIdClient: 	at com.facebook.internal.AttributionIdentifiers.getAttributionIdentifiers(AttributionIdentifiers.java:178)
03-19 23:36:05.025  8521  8539 W AdvertisingIdClient: 	at com.facebook.marketing.internal.RemoteConfigManager$1.run(RemoteConfigManager.java:57)
03-19 23:36:05.025  8521  8539 W AdvertisingIdClient: 	at java.util.concurrent.ThreadPoolExecutor.runWorker(ThreadPoolExecutor.java:1162)
03-19 23:36:05.025  8521  8539 W AdvertisingIdClient: 	at java.util.concurrent.ThreadPoolExecutor$Worker.run(ThreadPoolExecutor.java:636)
03-19 23:36:05.025  8521  8539 W AdvertisingIdClient: 	at java.lang.Thread.run(Thread.java:764)
03-19 23:36:05.034  8521  8537 W AdvertisingIdClient: Error while reading from SharedPreferences 
03-19 23:36:05.034  8521  8537 W AdvertisingIdClient: java.lang.SecurityException: MODE_WORLD_READABLE no longer supported
03-19 23:36:05.034  8521  8537 W AdvertisingIdClient: 	at android.app.ContextImpl.checkMode(ContextImpl.java:2420)
03-19 23:36:05.034  8521  8537 W AdvertisingIdClient: 	at android.app.ContextImpl.getSharedPreferences(ContextImpl.java:382)
03-19 23:36:05.034  8521  8537 W AdvertisingIdClient: 	at android.app.ContextImpl.getSharedPreferences(ContextImpl.java:372)
03-19 23:36:05.034  8521  8537 W AdvertisingIdClient: 	at com.google.android.gms.ads.identifier.AdvertisingIdClient.getAdvertisingIdInfo(Unknown Source:11)
03-19 23:36:05.034  8521  8537 W AdvertisingIdClient: 	at java.lang.reflect.Method.invoke(Native Method)
03-19 23:36:05.034  8521  8537 W AdvertisingIdClient: 	at com.facebook.internal.Utility.invokeMethodQuietly(Utility.java:808)
03-19 23:36:05.034  8521  8537 W AdvertisingIdClient: 	at com.facebook.internal.AttributionIdentifiers.getAndroidIdViaReflection(AttributionIdentifiers.java:117)
03-19 23:36:05.034  8521  8537 W AdvertisingIdClient: 	at com.facebook.internal.AttributionIdentifiers.getAndroidId(AttributionIdentifiers.java:75)
03-19 23:36:05.034  8521  8537 W AdvertisingIdClient: 	at com.facebook.internal.AttributionIdentifiers.getAttributionIdentifiers(AttributionIdentifiers.java:178)
03-19 23:36:05.034  8521  8537 W AdvertisingIdClient: 	at com.facebook.internal.FetchedAppSettingsManager.getAppSettingsQueryResponse(FetchedAppSettingsManager.java:357)
03-19 23:36:05.034  8521  8537 W AdvertisingIdClient: 	at com.facebook.internal.FetchedAppSettingsManager.access$100(FetchedAppSettingsManager.java:61)
03-19 23:36:05.034  8521  8537 W AdvertisingIdClient: 	at com.facebook.internal.FetchedAppSettingsManager$1.run(FetchedAppSettingsManager.java:175)
03-19 23:36:05.034  8521  8537 W AdvertisingIdClient: 	at java.util.concurrent.ThreadPoolExecutor.runWorker(ThreadPoolExecutor.java:1162)
03-19 23:36:05.034  8521  8537 W AdvertisingIdClient: 	at java.util.concurrent.ThreadPoolExecutor$Worker.run(ThreadPoolExecutor.java:636)
03-19 23:36:05.034  8521  8537 W AdvertisingIdClient: 	at java.lang.Thread.run(Thread.java:764)
03-19 23:36:05.040  8521  8538 W AdvertisingIdClient: Error while reading from SharedPreferences 
03-19 23:36:05.040  8521  8538 W AdvertisingIdClient: java.lang.SecurityException: MODE_WORLD_READABLE no longer supported
03-19 23:36:05.040  8521  8538 W AdvertisingIdClient: 	at android.app.ContextImpl.checkMode(ContextImpl.java:2420)
03-19 23:36:05.040  8521  8538 W AdvertisingIdClient: 	at android.app.ContextImpl.getSharedPreferences(ContextImpl.java:382)
03-19 23:36:05.040  8521  8538 W AdvertisingIdClient: 	at android.app.ContextImpl.getSharedPreferences(ContextImpl.java:372)
03-19 23:36:05.040  8521  8538 W AdvertisingIdClient: 	at com.google.android.gms.ads.identifier.AdvertisingIdClient.getAdvertisingIdInfo(Unknown Source:11)
03-19 23:36:05.040  8521  8538 W AdvertisingIdClient: 	at java.lang.reflect.Method.invoke(Native Method)
03-19 23:36:05.040  8521  8538 W AdvertisingIdClient: 	at com.facebook.internal.Utility.invokeMethodQuietly(Utility.java:808)
03-19 23:36:05.040  8521  8538 W AdvertisingIdClient: 	at com.facebook.internal.AttributionIdentifiers.getAndroidIdViaReflection(AttributionIdentifiers.java:117)
03-19 23:36:05.040  8521  8538 W AdvertisingIdClient: 	at com.facebook.internal.AttributionIdentifiers.getAndroidId(AttributionIdentifiers.java:75)
03-19 23:36:05.040  8521  8538 W AdvertisingIdClient: 	at com.facebook.internal.AttributionIdentifiers.getAttributionIdentifiers(AttributionIdentifiers.java:178)
03-19 23:36:05.040  8521  8538 W AdvertisingIdClient: 	at com.facebook.internal.FetchedAppGateKeepersManager.getAppGateKeepersQueryResponse(FetchedAppGateKeepersManager.java:123)
03-19 23:36:05.040  8521  8538 W AdvertisingIdClient: 	at com.facebook.internal.FetchedAppGateKeepersManager.access$100(FetchedAppGateKeepersManager.java:45)
03-19 23:36:05.040  8521  8538 W AdvertisingIdClient: 	at com.facebook.internal.FetchedAppGateKeepersManager$1.run(FetchedAppGateKeepersManager.java:94)
03-19 23:36:05.040  8521  8538 W AdvertisingIdClient: 	at java.util.concurrent.ThreadPoolExecutor.runWorker(ThreadPoolExecutor.java:1162)
03-19 23:36:05.040  8521  8538 W AdvertisingIdClient: 	at java.util.concurrent.ThreadPoolExecutor$Worker.run(ThreadPoolExecutor.java:636)
03-19 23:36:05.040  8521  8538 W AdvertisingIdClient: 	at java.lang.Thread.run(Thread.java:764)
03-19 23:36:05.077  1662  3453 D VoldConnector: SND -> {27 volume mkdirs /storage/emulated/0/Android/data/org.inaturalist.android/cache/}
03-19 23:36:05.093  1662  1731 D VoldConnector: RCV <- {200 27 Command succeeded}
03-19 23:36:05.103  8521  8552 W AdvertisingIdClient: Error while reading from SharedPreferences 
03-19 23:36:05.103  8521  8552 W AdvertisingIdClient: java.lang.SecurityException: MODE_WORLD_READABLE no longer supported
03-19 23:36:05.103  8521  8552 W AdvertisingIdClient: 	at android.app.ContextImpl.checkMode(ContextImpl.java:2420)
03-19 23:36:05.103  8521  8552 W AdvertisingIdClient: 	at android.app.ContextImpl.getSharedPreferences(ContextImpl.java:382)
03-19 23:36:05.103  8521  8552 W AdvertisingIdClient: 	at android.app.ContextImpl.getSharedPreferences(ContextImpl.java:372)
03-19 23:36:05.103  8521  8552 W AdvertisingIdClient: 	at com.google.android.gms.ads.identifier.AdvertisingIdClient.getAdvertisingIdInfo(Unknown Source:11)
03-19 23:36:05.103  8521  8552 W AdvertisingIdClient: 	at java.lang.reflect.Method.invoke(Native Method)
03-19 23:36:05.103  8521  8552 W AdvertisingIdClient: 	at io.fabric.sdk.android.services.common.AdvertisingInfoReflectionStrategy.getInfo(AdvertisingInfoReflectionStrategy.java:106)
03-19 23:36:05.103  8521  8552 W AdvertisingIdClient: 	at io.fabric.sdk.android.services.common.AdvertisingInfoReflectionStrategy.getAdvertisingId(AdvertisingInfoReflectionStrategy.java:76)
03-19 23:36:05.103  8521  8552 W AdvertisingIdClient: 	at io.fabric.sdk.android.services.common.AdvertisingInfoReflectionStrategy.getAdvertisingInfo(AdvertisingInfoReflectionStrategy.java:66)
03-19 23:36:05.103  8521  8552 W AdvertisingIdClient: 	at io.fabric.sdk.android.services.common.AdvertisingInfoProvider.getAdvertisingInfoFromStrategies(AdvertisingInfoProvider.java:118)
03-19 23:36:05.103  8521  8552 W AdvertisingIdClient: 	at io.fabric.sdk.android.services.common.AdvertisingInfoProvider.getAdvertisingInfo(AdvertisingInfoProvider.java:57)
03-19 23:36:05.103  8521  8552 W AdvertisingIdClient: 	at io.fabric.sdk.android.services.common.IdManager.getAdvertisingId(IdManager.java:391)
03-19 23:36:05.103  8521  8552 W AdvertisingIdClient: 	at io.fabric.sdk.android.services.common.IdManager.getDeviceIdentifiers(IdManager.java:378)
03-19 23:36:05.103  8521  8552 W AdvertisingIdClient: 	at com.crashlytics.android.core.CrashlyticsUncaughtExceptionHandler.writeSessionDevice(CrashlyticsUncaughtExceptionHandler.java:914)
03-19 23:36:05.103  8521  8552 W AdvertisingIdClient: 	at com.crashlytics.android.core.CrashlyticsUncaughtExceptionHandler.doOpenSession(CrashlyticsUncaughtExceptionHandler.java:599)
