11-09 21:05:32.272 29637 29637 W AccessibilityNodeInfoDumper: Fetch time: 44ms
11-09 21:05:32.272  1649 23517 W WindowManager: removeWindowToken: Attempted to remove non-existing token: android.os.Binder@daf5d42
11-09 21:05:32.279 29637 29637 D AndroidRuntime: Shutting down VM
11-09 21:05:33.127 29665 29665 D AndroidRuntime: >>>>>> START com.android.internal.os.RuntimeInit uid 2000 <<<<<<
11-09 21:05:33.159 29665 29665 W app_process: Unexpected CPU variant for X86 using defaults: x86
11-09 21:05:33.160 29665 29665 I app_process: The ClassLoaderContext is a special shared library.
11-09 21:05:33.161 29665 29665 I app_process: The ClassLoaderContext is a special shared library.
11-09 21:05:33.176 29665 29665 D AndroidRuntime: Calling main entry com.android.commands.uiautomator.Launcher
11-09 21:05:34.203 29665 29665 I app_process: Deoptimizing java.lang.String com.android.uiautomator.core.AccessibilityNodeInfoDumper.stripInvalidXMLChars(java.lang.CharSequence) due to JIT inline cache
11-09 21:05:34.237 29665 29665 I AccessibilityNodeInfoDumper: Skipping invisible child: android.view.accessibility.AccessibilityNodeInfo@44574; boundsInParent: Rect(0, 0 - 1080, 1458); boundsInScreen: Rect(1080, 336 - 1080, 1794); packageName: com.hexforhn.hex; className: android.view.ViewGroup; text: null; error: null; maxTextLength: -1; contentDescription: null; viewIdResName: com.hexforhn.hex:id/comment_layout; checkable: false; checked: false; focusable: false; focused: false; selected: false; clickable: false; longClickable: false; contextClickable: false; enabled: true; password: false; scrollable: false; importantForAccessibility: false; actions: [AccessibilityAction: ACTION_SELECT - null, AccessibilityAction: ACTION_CLEAR_SELECTION - null, AccessibilityAction: ACTION_ACCESSIBILITY_FOCUS - null, AccessibilityAction: ACTION_SHOW_ON_SCREEN - null]
11-09 21:05:34.238 29665 29665 W AccessibilityNodeInfoDumper: Fetch time: 41ms
11-09 21:05:34.238  1649 23517 W WindowManager: removeWindowToken: Attempted to remove non-existing token: android.os.Binder@6a70a90
11-09 21:05:34.243 29665 29665 D AndroidRuntime: Shutting down VM
11-09 21:05:34.477 29683 29683 D AndroidRuntime: >>>>>> START com.android.internal.os.RuntimeInit uid 2000 <<<<<<
11-09 21:05:34.510 29683 29683 W app_process: Unexpected CPU variant for X86 using defaults: x86
11-09 21:05:34.511 29683 29683 I app_process: The ClassLoaderContext is a special shared library.
11-09 21:05:34.511 29683 29683 I app_process: The ClassLoaderContext is a special shared library.
11-09 21:05:34.527 29683 29683 D AndroidRuntime: Calling main entry com.android.commands.uiautomator.Launcher
11-09 21:05:35.550 29683 29683 I app_process: Deoptimizing java.lang.String com.android.uiautomator.core.AccessibilityNodeInfoDumper.stripInvalidXMLChars(java.lang.CharSequence) due to JIT inline cache
11-09 21:05:35.583 29683 29683 I AccessibilityNodeInfoDumper: Skipping invisible child: android.view.accessibility.AccessibilityNodeInfo@44582; boundsInParent: Rect(0, 0 - 1080, 1458); boundsInScreen: Rect(1080, 336 - 1080, 1794); packageName: com.hexforhn.hex; className: android.view.ViewGroup; text: null; error: null; maxTextLength: -1; contentDescription: null; viewIdResName: com.hexforhn.hex:id/comment_layout; checkable: false; checked: false; focusable: false; focused: false; selected: false; clickable: false; longClickable: false; contextClickable: false; enabled: true; password: false; scrollable: false; importantForAccessibility: false; actions: [AccessibilityAction: ACTION_SELECT - null, AccessibilityAction: ACTION_CLEAR_SELECTION - null, AccessibilityAction: ACTION_ACCESSIBILITY_FOCUS - null, AccessibilityAction: ACTION_SHOW_ON_SCREEN - null]
11-09 21:05:35.584 29683 29683 W AccessibilityNodeInfoDumper: Fetch time: 40ms
11-09 21:05:35.585  1649  1902 W WindowManager: removeWindowToken: Attempted to remove non-existing token: android.os.Binder@9da0b8e
11-09 21:05:35.590 29683 29683 D AndroidRuntime: Shutting down VM
11-09 21:05:36.018  1447  1447 I boot-pipe: done populating /dev/random
11-09 21:13:16.508  1751  1751 W LstmExtension: no lmDescriptor could be found for en_US/20170411
11-09 21:13:17.629  1450  1750 E SurfaceFlinger: ro.sf.lcd_density must be defined as a build property
11-09 21:13:17.637  1439  1480 D gralloc_ranchu: gralloc_alloc: Creating ashmem region of size 8298496
11-09 21:13:17.642  2829  2829 D         : HostConnection::get() New Host Connection established 0xe9dc8240, tid 2829
11-09 21:13:17.654  1450  1750 D         : HostConnection::get() New Host Connection established 0xe85d4c80, tid 1750
11-09 21:13:17.658  1450  1750 D gralloc_ranchu: gralloc_unregister_buffer: exiting HostConnection (is buffer-handling thread)
11-09 21:13:17.659  1450  1750 D         : HostConnection::get() New Host Connection established 0xe85d4c80, tid 1750
11-09 21:13:17.659  1450  1750 D gralloc_ranchu: gralloc_unregister_buffer: exiting HostConnection (is buffer-handling thread)
11-09 21:13:17.783  4290  4290 D MediaScannerReceiver: action: android.intent.action.MEDIA_SCANNER_SCAN_FILE path: /storage/emulated/0/screen.png
11-09 21:13:20.154  2841  2841 D AndroidRuntime: >>>>>> START com.android.internal.os.RuntimeInit uid 2000 <<<<<<
11-09 21:13:20.185  2841  2841 W app_process: Unexpected CPU variant for X86 using defaults: x86
11-09 21:13:20.186  2841  2841 I app_process: The ClassLoaderContext is a special shared library.
11-09 21:13:20.187  2841  2841 I app_process: The ClassLoaderContext is a special shared library.
11-09 21:13:20.198  2841  2841 D AndroidRuntime: Calling main entry com.android.commands.uiautomator.Launcher
11-09 21:13:21.234  2841  2841 I app_process: Deoptimizing java.lang.String com.android.uiautomator.core.AccessibilityNodeInfoDumper.stripInvalidXMLChars(java.lang.CharSequence) due to JIT inline cache
11-09 21:13:21.273  2841  2841 I AccessibilityNodeInfoDumper: Skipping invisible child: android.view.accessibility.AccessibilityNodeInfo@4509a; boundsInParent: Rect(0, 0 - 1080, 1458); boundsInScreen: Rect(1080, 336 - 1080, 1794); packageName: com.hexforhn.hex; className: android.view.ViewGroup; text: null; error: null; maxTextLength: -1; contentDescription: null; viewIdResName: com.hexforhn.hex:id/comment_layout; checkable: false; checked: false; focusable: false; focused: false; selected: false; clickable: false; longClickable: false; contextClickable: false; enabled: true; password: false; scrollable: false; importantForAccessibility: false; actions: [AccessibilityAction: ACTION_SELECT - null, AccessibilityAction: ACTION_CLEAR_SELECTION - null, AccessibilityAction: ACTION_ACCESSIBILITY_FOCUS - null, AccessibilityAction: ACTION_SHOW_ON_SCREEN - null]
11-09 21:13:21.274  2841  2841 W AccessibilityNodeInfoDumper: Fetch time: 47ms
11-09 21:13:21.281  2841  2841 D AndroidRuntime: Shutting down VM
11-09 21:13:21.298  1440  1456 D hwcomposer: hw_composer sent 174 syncs in 63s
11-09 21:13:23.498  2859  2859 D AndroidRuntime: >>>>>> START com.android.internal.os.RuntimeInit uid 2000 <<<<<<
11-09 21:13:23.499  2859  2859 W app_process: Could not reserve sentinel fault page
11-09 21:13:23.528  2859  2859 W app_process: Unexpected CPU variant for X86 using defaults: x86
11-09 21:13:23.529  2859  2859 I app_process: The ClassLoaderContext is a special shared library.
11-09 21:13:23.529  2859  2859 I app_process: The ClassLoaderContext is a special shared library.
11-09 21:13:23.541  2859  2859 D AndroidRuntime: Calling main entry com.android.commands.uiautomator.Launcher
11-09 21:13:24.576  2859  2859 I app_process: Deoptimizing java.lang.String com.android.uiautomator.core.AccessibilityNodeInfoDumper.stripInvalidXMLChars(java.lang.CharSequence) due to JIT inline cache
11-09 21:13:24.610  2859  2859 I AccessibilityNodeInfoDumper: Skipping invisible child: android.view.accessibility.AccessibilityNodeInfo@450b2; boundsInParent: Rect(0, 0 - 1080, 1458); boundsInScreen: Rect(1080, 336 - 1080, 1794); packageName: com.hexforhn.hex; className: android.view.ViewGroup; text: null; error: null; maxTextLength: -1; contentDescription: null; viewIdResName: com.hexforhn.hex:id/comment_layout; checkable: false; checked: false; focusable: false; focused: false; selected: false; clickable: false; longClickable: false; contextClickable: false; enabled: true; password: false; scrollable: false; importantForAccessibility: false; actions: [AccessibilityAction: ACTION_SELECT - null, AccessibilityAction: ACTION_CLEAR_SELECTION - null, AccessibilityAction: ACTION_ACCESSIBILITY_FOCUS - null, AccessibilityAction: ACTION_SHOW_ON_SCREEN - null]
11-09 21:13:24.611  2859  2859 W AccessibilityNodeInfoDumper: Fetch time: 42ms
11-09 21:13:24.617  2859  2859 D AndroidRuntime: Shutting down VM
11-09 21:13:24.861  2880  2880 D AndroidRuntime: >>>>>> START com.android.internal.os.RuntimeInit uid 2000 <<<<<<
11-09 21:13:24.892  2880  2880 W app_process: Unexpected CPU variant for X86 using defaults: x86
11-09 21:13:24.893  2880  2880 I app_process: The ClassLoaderContext is a special shared library.
11-09 21:13:24.893  2880  2880 I app_process: The ClassLoaderContext is a special shared library.
11-09 21:13:24.909  2880  2880 D AndroidRuntime: Calling main entry com.android.commands.uiautomator.Launcher
11-09 21:13:25.226  1649  2304 D WificondControl: Scan result ready event
11-09 21:13:25.936  2880  2880 I app_process: Deoptimizing java.lang.String com.android.uiautomator.core.AccessibilityNodeInfoDumper.stripInvalidXMLChars(java.lang.CharSequence) due to JIT inline cache
11-09 21:13:25.980  2880  2880 I AccessibilityNodeInfoDumper: Skipping invisible child: android.view.accessibility.AccessibilityNodeInfo@450b7; boundsInParent: Rect(0, 0 - 1080, 1458); boundsInScreen: Rect(1080, 336 - 1080, 1794); packageName: com.hexforhn.hex; className: android.view.ViewGroup; text: null; error: null; maxTextLength: -1; contentDescription: null; viewIdResName: com.hexforhn.hex:id/comment_layout; checkable: false; checked: false; focusable: false; focused: false; selected: false; clickable: false; longClickable: false; contextClickable: false; enabled: true; password: false; scrollable: false; importantForAccessibility: false; actions: [AccessibilityAction: ACTION_SELECT - null, AccessibilityAction: ACTION_CLEAR_SELECTION - null, AccessibilityAction: ACTION_ACCESSIBILITY_FOCUS - null, AccessibilityAction: ACTION_SHOW_ON_SCREEN - null]
11-09 21:13:25.980  2880  2880 W AccessibilityNodeInfoDumper: Fetch time: 52ms
11-09 21:13:25.988  2880  2880 D AndroidRuntime: Shutting down VM
11-09 21:13:26.241  2906  2906 D AndroidRuntime: >>>>>> START com.android.internal.os.RuntimeInit uid 2000 <<<<<<
11-09 21:13:26.243  2906  2906 W app_process: Could not reserve sentinel fault page
11-09 21:13:26.271  2906  2906 W app_process: Unexpected CPU variant for X86 using defaults: x86
11-09 21:13:26.272  2906  2906 I app_process: The ClassLoaderContext is a special shared library.
11-09 21:13:26.272  2906  2906 I app_process: The ClassLoaderContext is a special shared library.
11-09 21:13:26.285  2906  2906 D AndroidRuntime: Calling main entry com.android.commands.uiautomator.Launcher
11-09 21:13:27.316  2906  2906 I app_process: Deoptimizing java.lang.String com.android.uiautomator.core.AccessibilityNodeInfoDumper.stripInvalidXMLChars(java.lang.CharSequence) due to JIT inline cache
11-09 21:13:27.351  2906  2906 I AccessibilityNodeInfoDumper: Skipping invisible child: android.view.accessibility.AccessibilityNodeInfo@450ce; boundsInParent: Rect(0, 0 - 1080, 1458); boundsInScreen: Rect(1080, 336 - 1080, 1794); packageName: com.hexforhn.hex; className: android.view.ViewGroup; text: null; error: null; maxTextLength: -1; contentDescription: null; viewIdResName: com.hexforhn.hex:id/comment_layout; checkable: false; checked: false; focusable: false; focused: false; selected: false; clickable: false; longClickable: false; contextClickable: false; enabled: true; password: false; scrollable: false; importantForAccessibility: false; actions: [AccessibilityAction: ACTION_SELECT - null, AccessibilityAction: ACTION_CLEAR_SELECTION - null, AccessibilityAction: ACTION_ACCESSIBILITY_FOCUS - null, AccessibilityAction: ACTION_SHOW_ON_SCREEN - null]
11-09 21:13:27.351  2906  2906 W AccessibilityNodeInfoDumper: Fetch time: 42ms
11-09 21:13:27.360  2906  2906 D AndroidRuntime: Shutting down VM
11-09 21:13:27.545  2921  2921 D AndroidRuntime: >>>>>> START com.android.internal.os.RuntimeInit uid 2000 <<<<<<
11-09 21:13:27.577  2921  2921 W app_process: Unexpected CPU variant for X86 using defaults: x86
11-09 21:13:27.578  2921  2921 I app_process: The ClassLoaderContext is a special shared library.
11-09 21:13:27.592  2921  2921 D AndroidRuntime: Calling main entry com.android.commands.input.Input
11-09 21:13:27.594  2921  2921 I Input   : injectMotionEvent: MotionEvent { action=ACTION_DOWN, actionButton=0, id[0]=0, x[0]=1017.0, y[0]=136.0, toolType[0]=TOOL_TYPE_UNKNOWN, buttonState=0, metaState=0, flags=0x0, edgeFlags=0x0, pointerCount=1, historySize=0, eventTime=51869269, downTime=51869269, deviceId=0, source=0x1002 }
11-09 21:13:27.596  2921  2921 I Input   : injectMotionEvent: MotionEvent { action=ACTION_MOVE, actionButton=0, id[0]=0, x[0]=1017.0, y[0]=136.0, toolType[0]=TOOL_TYPE_UNKNOWN, buttonState=0, metaState=0, flags=0x0, edgeFlags=0x0, pointerCount=1, historySize=0, eventTime=51869269, downTime=51869269, deviceId=0, source=0x1002 }
11-09 21:13:27.600  2921  2921 I Input   : injectMotionEvent: MotionEvent { action=ACTION_MOVE, actionButton=0, id[0]=0, x[0]=1017.0, y[0]=136.0, toolType[0]=TOOL_TYPE_UNKNOWN, buttonState=0, metaState=0, flags=0x0, edgeFlags=0x0, pointerCount=1, historySize=0, eventTime=51869276, downTime=51869276, deviceId=0, source=0x1002 }
11-09 21:13:27.618  2921  2921 I Input   : injectMotionEvent: MotionEvent { action=ACTION_MOVE, actionButton=0, id[0]=0, x[0]=1017.0, y[0]=136.0, toolType[0]=TOOL_TYPE_UNKNOWN, buttonState=0, metaState=0, flags=0x0, edgeFlags=0x0, pointerCount=1, historySize=0, eventTime=51869295, downTime=51869295, deviceId=0, source=0x1002 }
11-09 21:13:27.637  2921  2921 I Input   : injectMotionEvent: MotionEvent { action=ACTION_MOVE, actionButton=0, id[0]=0, x[0]=1017.0, y[0]=136.0, toolType[0]=TOOL_TYPE_UNKNOWN, buttonState=0, metaState=0, flags=0x0, edgeFlags=0x0, pointerCount=1, historySize=0, eventTime=51869313, downTime=51869313, deviceId=0, source=0x1002 }
11-09 21:13:27.655  2921  2921 I Input   : injectMotionEvent: MotionEvent { action=ACTION_MOVE, actionButton=0, id[0]=0, x[0]=1017.0, y[0]=136.0, toolType[0]=TOOL_TYPE_UNKNOWN, buttonState=0, metaState=0, flags=0x0, edgeFlags=0x0, pointerCount=1, historySize=0, eventTime=51869331, downTime=51869331, deviceId=0, source=0x1002 }
11-09 21:13:27.673  2921  2921 I Input   : injectMotionEvent: MotionEvent { action=ACTION_MOVE, actionButton=0, id[0]=0, x[0]=1017.0, y[0]=136.0, toolType[0]=TOOL_TYPE_UNKNOWN, buttonState=0, metaState=0, flags=0x0, edgeFlags=0x0, pointerCount=1, historySize=0, eventTime=51869349, downTime=51869349, deviceId=0, source=0x1002 }
11-09 21:13:27.690  2921  2921 I Input   : injectMotionEvent: MotionEvent { action=ACTION_MOVE, actionButton=0, id[0]=0, x[0]=1017.0, y[0]=136.0, toolType[0]=TOOL_TYPE_UNKNOWN, buttonState=0, metaState=0, flags=0x0, edgeFlags=0x0, pointerCount=1, historySize=0, eventTime=51869367, downTime=51869367, deviceId=0, source=0x1002 }
11-09 21:13:27.706  2921  2921 I Input   : injectMotionEvent: MotionEvent { action=ACTION_MOVE, actionButton=0, id[0]=0, x[0]=1017.0, y[0]=136.0, toolType[0]=TOOL_TYPE_UNKNOWN, buttonState=0, metaState=0, flags=0x0, edgeFlags=0x0, pointerCount=1, historySize=0, eventTime=51869383, downTime=51869383, deviceId=0, source=0x1002 }
11-09 21:13:27.722  2921  2921 I Input   : injectMotionEvent: MotionEvent { action=ACTION_MOVE, actionButton=0, id[0]=0, x[0]=1017.0, y[0]=136.0, toolType[0]=TOOL_TYPE_UNKNOWN, buttonState=0, metaState=0, flags=0x0, edgeFlags=0x0, pointerCount=1, historySize=0, eventTime=51869399, downTime=51869399, deviceId=0, source=0x1002 }
11-09 21:13:27.725 15734 15762 E eglCodecCommon: glUtilsParamSize: unknow param 0x000085b5
11-09 21:13:27.725 15734 15762 E eglCodecCommon: glUtilsParamSize: unknow param 0x000085b5
11-09 21:13:27.740  2921  2921 I Input   : injectMotionEvent: MotionEvent { action=ACTION_MOVE, actionButton=0, id[0]=0, x[0]=1017.0, y[0]=136.0, toolType[0]=TOOL_TYPE_UNKNOWN, buttonState=0, metaState=0, flags=0x0, edgeFlags=0x0, pointerCount=1, historySize=0, eventTime=51869417, downTime=51869417, deviceId=0, source=0x1002 }
11-09 21:13:27.755 15734 15762 E eglCodecCommon: glUtilsParamSize: unknow param 0x000085b5
11-09 21:13:27.755 15734 15762 E eglCodecCommon: glUtilsParamSize: unknow param 0x000085b5
11-09 21:13:27.769  2921  2921 I Input   : injectMotionEvent: MotionEvent { action=ACTION_MOVE, actionButton=0, id[0]=0, x[0]=1017.0, y[0]=136.0, toolType[0]=TOOL_TYPE_UNKNOWN, buttonState=0, metaState=0, flags=0x0, edgeFlags=0x0, pointerCount=1, historySize=0, eventTime=51869446, downTime=51869446, deviceId=0, source=0x1002 }
11-09 21:13:27.785 15734 15762 E eglCodecCommon: glUtilsParamSize: unknow param 0x000085b5
11-09 21:13:27.785 15734 15762 E eglCodecCommon: glUtilsParamSize: unknow param 0x000085b5
11-09 21:13:27.798  2921  2921 I Input   : injectMotionEvent: MotionEvent { action=ACTION_MOVE, actionButton=0, id[0]=0, x[0]=1017.0, y[0]=136.0, toolType[0]=TOOL_TYPE_UNKNOWN, buttonState=0, metaState=0, flags=0x0, edgeFlags=0x0, pointerCount=1, historySize=0, eventTime=51869474, downTime=51869474, deviceId=0, source=0x1002 }
11-09 21:13:27.811 15734 15762 E eglCodecCommon: glUtilsParamSize: unknow param 0x000085b5
11-09 21:13:27.811 15734 15762 E eglCodecCommon: glUtilsParamSize: unknow param 0x000085b5
11-09 21:13:27.826  2921  2921 I Input   : injectMotionEvent: MotionEvent { action=ACTION_MOVE, actionButton=0, id[0]=0, x[0]=1017.0, y[0]=136.0, toolType[0]=TOOL_TYPE_UNKNOWN, buttonState=0, metaState=0, flags=0x0, edgeFlags=0x0, pointerCount=1, historySize=0, eventTime=51869502, downTime=51869502, deviceId=0, source=0x1002 }
11-09 21:13:27.841 15734 15762 E eglCodecCommon: glUtilsParamSize: unknow param 0x000085b5
11-09 21:13:27.841 15734 15762 E eglCodecCommon: glUtilsParamSize: unknow param 0x000085b5
11-09 21:13:27.858  2921  2921 I Input   : injectMotionEvent: MotionEvent { action=ACTION_MOVE, actionButton=0, id[0]=0, x[0]=1017.0, y[0]=136.0, toolType[0]=TOOL_TYPE_UNKNOWN, buttonState=0, metaState=0, flags=0x0, edgeFlags=0x0, pointerCount=1, historySize=0, eventTime=51869534, downTime=51869534, deviceId=0, source=0x1002 }
11-09 21:13:27.877 15734 15762 E eglCodecCommon: glUtilsParamSize: unknow param 0x000085b5
11-09 21:13:27.877 15734 15762 E eglCodecCommon: glUtilsParamSize: unknow param 0x000085b5
11-09 21:13:27.890  2921  2921 I Input   : injectMotionEvent: MotionEvent { action=ACTION_MOVE, actionButton=0, id[0]=0, x[0]=1017.0, y[0]=136.0, toolType[0]=TOOL_TYPE_UNKNOWN, buttonState=0, metaState=0, flags=0x0, edgeFlags=0x0, pointerCount=1, historySize=0, eventTime=51869567, downTime=51869567, deviceId=0, source=0x1002 }
11-09 21:13:27.905 15734 15762 E eglCodecCommon: glUtilsParamSize: unknow param 0x000085b5
11-09 21:13:27.905 15734 15762 E eglCodecCommon: glUtilsParamSize: unknow param 0x000085b5
11-09 21:13:27.917  2921  2921 I Input   : injectMotionEvent: MotionEvent { action=ACTION_MOVE, actionButton=0, id[0]=0, x[0]=1017.0, y[0]=136.0, toolType[0]=TOOL_TYPE_UNKNOWN, buttonState=0, metaState=0, flags=0x0, edgeFlags=0x0, pointerCount=1, historySize=0, eventTime=51869594, downTime=51869594, deviceId=0, source=0x1002 }
11-09 21:13:27.930 15734 15762 E eglCodecCommon: glUtilsParamSize: unknow param 0x000085b5
11-09 21:13:27.930 15734 15762 E eglCodecCommon: glUtilsParamSize: unknow param 0x000085b5
11-09 21:13:27.946  2921  2921 I Input   : injectMotionEvent: MotionEvent { action=ACTION_MOVE, actionButton=0, id[0]=0, x[0]=1017.0, y[0]=136.0, toolType[0]=TOOL_TYPE_UNKNOWN, buttonState=0, metaState=0, flags=0x0, edgeFlags=0x0, pointerCount=1, historySize=0, eventTime=51869623, downTime=51869623, deviceId=0, source=0x1002 }
11-09 21:13:27.959 15734 15762 E eglCodecCommon: glUtilsParamSize: unknow param 0x000085b5
11-09 21:13:27.959 15734 15762 E eglCodecCommon: glUtilsParamSize: unknow param 0x000085b5
11-09 21:13:27.976  2921  2921 I Input   : injectMotionEvent: MotionEvent { action=ACTION_MOVE, actionButton=0, id[0]=0, x[0]=1017.0, y[0]=136.0, toolType[0]=TOOL_TYPE_UNKNOWN, buttonState=0, metaState=0, flags=0x0, edgeFlags=0x0, pointerCount=1, historySize=0, eventTime=51869653, downTime=51869653, deviceId=0, source=0x1002 }
11-09 21:13:27.997 15734 15762 E eglCodecCommon: glUtilsParamSize: unknow param 0x000085b5
11-09 21:13:27.997 15734 15762 E eglCodecCommon: glUtilsParamSize: unknow param 0x000085b5
11-09 21:13:28.010  2921  2921 I Input   : injectMotionEvent: MotionEvent { action=ACTION_MOVE, actionButton=0, id[0]=0, x[0]=1017.0, y[0]=136.0, toolType[0]=TOOL_TYPE_UNKNOWN, buttonState=0, metaState=0, flags=0x0, edgeFlags=0x0, pointerCount=1, historySize=0, eventTime=51869687, downTime=51869687, deviceId=0, source=0x1002 }
11-09 21:13:28.025 15734 15762 E eglCodecCommon: glUtilsParamSize: unknow param 0x000085b5
11-09 21:13:28.025 15734 15762 E eglCodecCommon: glUtilsParamSize: unknow param 0x000085b5
11-09 21:13:28.042  2921  2921 I Input   : injectMotionEvent: MotionEvent { action=ACTION_MOVE, actionButton=0, id[0]=0, x[0]=1017.0, y[0]=136.0, toolType[0]=TOOL_TYPE_UNKNOWN, buttonState=0, metaState=0, flags=0x0, edgeFlags=0x0, pointerCount=1, historySize=0, eventTime=51869719, downTime=51869719, deviceId=0, source=0x1002 }
11-09 21:13:28.052 15734 15762 E eglCodecCommon: glUtilsParamSize: unknow param 0x000085b5
11-09 21:13:28.084 15734 15762 I chatty  : uid=10278(u0_a278) com.hexforhn.hex identical 2 lines
11-09 21:13:28.084 15734 15762 E eglCodecCommon: glUtilsParamSize: unknow param 0x000085b5
11-09 21:13:28.098  2921  2921 I Input   : injectMotionEvent: MotionEvent { action=ACTION_MOVE, actionButton=0, id[0]=0, x[0]=1017.0, y[0]=136.0, toolType[0]=TOOL_TYPE_UNKNOWN, buttonState=0, metaState=0, flags=0x0, edgeFlags=0x0, pointerCount=1, historySize=0, eventTime=51869775, downTime=51869775, deviceId=0, source=0x1002 }
11-09 21:13:28.107  1439  1480 D gralloc_ranchu: gralloc_alloc: Creating ashmem region of size 114688
11-09 21:13:28.108  1450  1502 D         : HostConnection::get() New Host Connection established 0xe85d4c40, tid 1502
11-09 21:13:28.109  1439  1480 D gralloc_ranchu: gralloc_alloc: Creating ashmem region of size 114688
11-09 21:13:28.111  1439  1480 D gralloc_ranchu: gralloc_alloc: Creating ashmem region of size 114688
11-09 21:13:28.130 15734 15762 E eglCodecCommon: glUtilsParamSize: unknow param 0x000085b5
11-09 21:13:28.130 15734 15762 E eglCodecCommon: glUtilsParamSize: unknow param 0x000085b5
11-09 21:13:28.142  2921  2921 I Input   : injectMotionEvent: MotionEvent { action=ACTION_MOVE, actionButton=0, id[0]=0, x[0]=1017.0, y[0]=136.0, toolType[0]=TOOL_TYPE_UNKNOWN, buttonState=0, metaState=0, flags=0x0, edgeFlags=0x0, pointerCount=1, historySize=0, eventTime=51869818, downTime=51869818, deviceId=0, source=0x1002 }
11-09 21:13:28.146 15734 15762 D EGL_emulation: eglMakeCurrent: 0xf2734ca0: ver 3 0 (tinfo 0xebeace20)
11-09 21:13:28.158 15734 15762 D EGL_emulation: eglMakeCurrent: 0xf2734ca0: ver 3 0 (tinfo 0xebeace20)
11-09 21:13:28.161  2921  2921 I Input   : injectMotionEvent: MotionEvent { action=ACTION_MOVE, actionButton=0, id[0]=0, x[0]=1017.0, y[0]=136.0, toolType[0]=TOOL_TYPE_UNKNOWN, buttonState=0, metaState=0, flags=0x0, edgeFlags=0x0, pointerCount=1, historySize=0, eventTime=51869838, downTime=51869838, deviceId=0, source=0x1002 }
11-09 21:13:28.181 15734 15762 E eglCodecCommon: glUtilsParamSize: unknow param 0x000085b5
11-09 21:13:28.181 15734 15762 E eglCodecCommon: glUtilsParamSize: unknow param 0x000085b5
11-09 21:13:28.196  2921  2921 I Input   : injectMotionEvent: MotionEvent { action=ACTION_MOVE, actionButton=0, id[0]=0, x[0]=1017.0, y[0]=136.0, toolType[0]=TOOL_TYPE_UNKNOWN, buttonState=0, metaState=0, flags=0x0, edgeFlags=0x0, pointerCount=1, historySize=0, eventTime=51869872, downTime=51869872, deviceId=0, source=0x1002 }
11-09 21:13:28.215 15734 15762 E eglCodecCommon: glUtilsParamSize: unknow param 0x000085b5
11-09 21:13:28.215 15734 15762 E eglCodecCommon: glUtilsParamSize: unknow param 0x000085b5
11-09 21:13:28.237  2921  2921 I Input   : injectMotionEvent: MotionEvent { action=ACTION_MOVE, actionButton=0, id[0]=0, x[0]=1017.0, y[0]=136.0, toolType[0]=TOOL_TYPE_UNKNOWN, buttonState=0, metaState=0, flags=0x0, edgeFlags=0x0, pointerCount=1, historySize=0, eventTime=51869913, downTime=51869913, deviceId=0, source=0x1002 }
11-09 21:13:28.256 15734 15762 E eglCodecCommon: glUtilsParamSize: unknow param 0x000085b5
11-09 21:13:28.257 15734 15762 E eglCodecCommon: glUtilsParamSize: unknow param 0x000085b5
11-09 21:13:28.272  2921  2921 I Input   : injectMotionEvent: MotionEvent { action=ACTION_MOVE, actionButton=0, id[0]=0, x[0]=1017.0, y[0]=136.0, toolType[0]=TOOL_TYPE_UNKNOWN, buttonState=0, metaState=0, flags=0x0, edgeFlags=0x0, pointerCount=1, historySize=0, eventTime=51869949, downTime=51869949, deviceId=0, source=0x1002 }
11-09 21:13:28.287 15734 15762 E eglCodecCommon: glUtilsParamSize: unknow param 0x000085b5
11-09 21:13:28.287 15734 15762 E eglCodecCommon: glUtilsParamSize: unknow param 0x000085b5
11-09 21:13:28.301  2921  2921 I Input   : injectMotionEvent: MotionEvent { action=ACTION_MOVE, actionButton=0, id[0]=0, x[0]=1017.0, y[0]=136.0, toolType[0]=TOOL_TYPE_UNKNOWN, buttonState=0, metaState=0, flags=0x0, edgeFlags=0x0, pointerCount=1, historySize=0, eventTime=51869978, downTime=51869978, deviceId=0, source=0x1002 }
11-09 21:13:28.316 15734 15762 E eglCodecCommon: glUtilsParamSize: unknow param 0x000085b5
11-09 21:13:28.316 15734 15762 E eglCodecCommon: glUtilsParamSize: unknow param 0x000085b5
11-09 21:13:28.331  2921  2921 I Input   : injectMotionEvent: MotionEvent { action=ACTION_MOVE, actionButton=0, id[0]=0, x[0]=1017.0, y[0]=136.0, toolType[0]=TOOL_TYPE_UNKNOWN, buttonState=0, metaState=0, flags=0x0, edgeFlags=0x0, pointerCount=1, historySize=0, eventTime=51870008, downTime=51870008, deviceId=0, source=0x1002 }
11-09 21:13:28.349 15734 15762 E eglCodecCommon: glUtilsParamSize: unknow param 0x000085b5
11-09 21:13:28.349 15734 15762 E eglCodecCommon: glUtilsParamSize: unknow param 0x000085b5
11-09 21:13:28.365  2921  2921 I Input   : injectMotionEvent: MotionEvent { action=ACTION_MOVE, actionButton=0, id[0]=0, x[0]=1017.0, y[0]=136.0, toolType[0]=TOOL_TYPE_UNKNOWN, buttonState=0, metaState=0, flags=0x0, edgeFlags=0x0, pointerCount=1, historySize=0, eventTime=51870042, downTime=51870042, deviceId=0, source=0x1002 }
11-09 21:13:28.382 15734 15762 E eglCodecCommon: glUtilsParamSize: unknow param 0x000085b5
11-09 21:13:28.382 15734 15762 E eglCodecCommon: glUtilsParamSize: unknow param 0x000085b5
11-09 21:13:28.387  2921  2921 I Input   : injectMotionEvent: MotionEvent { action=ACTION_MOVE, actionButton=0, id[0]=0, x[0]=1017.0, y[0]=136.0, toolType[0]=TOOL_TYPE_UNKNOWN, buttonState=0, metaState=0, flags=0x0, edgeFlags=0x0, pointerCount=1, historySize=0, eventTime=51870064, downTime=51870064, deviceId=0, source=0x1002 }
11-09 21:13:28.405  2921  2921 I Input   : injectMotionEvent: MotionEvent { action=ACTION_MOVE, actionButton=0, id[0]=0, x[0]=1017.0, y[0]=136.0, toolType[0]=TOOL_TYPE_UNKNOWN, buttonState=0, metaState=0, flags=0x0, edgeFlags=0x0, pointerCount=1, historySize=0, eventTime=51870082, downTime=51870082, deviceId=0, source=0x1002 }
11-09 21:13:28.423  2921  2921 I Input   : injectMotionEvent: MotionEvent { action=ACTION_MOVE, actionButton=0, id[0]=0, x[0]=1017.0, y[0]=136.0, toolType[0]=TOOL_TYPE_UNKNOWN, buttonState=0, metaState=0, flags=0x0, edgeFlags=0x0, pointerCount=1, historySize=0, eventTime=51870100, downTime=51870100, deviceId=0, source=0x1002 }
11-09 21:13:28.442  2921  2921 I Input   : injectMotionEvent: MotionEvent { action=ACTION_MOVE, actionButton=0, id[0]=0, x[0]=1017.0, y[0]=136.0, toolType[0]=TOOL_TYPE_UNKNOWN, buttonState=0, metaState=0, flags=0x0, edgeFlags=0x0, pointerCount=1, historySize=0, eventTime=51870119, downTime=51870119, deviceId=0, source=0x1002 }
11-09 21:13:28.458  2921  2921 I Input   : injectMotionEvent: MotionEvent { action=ACTION_MOVE, actionButton=0, id[0]=0, x[0]=1017.0, y[0]=136.0, toolType[0]=TOOL_TYPE_UNKNOWN, buttonState=0, metaState=0, flags=0x0, edgeFlags=0x0, pointerCount=1, historySize=0, eventTime=51870134, downTime=51870134, deviceId=0, source=0x1002 }
11-09 21:13:28.476  2921  2921 I Input   : injectMotionEvent: MotionEvent { action=ACTION_MOVE, actionButton=0, id[0]=0, x[0]=1017.0, y[0]=136.0, toolType[0]=TOOL_TYPE_UNKNOWN, buttonState=0, metaState=0, flags=0x0, edgeFlags=0x0, pointerCount=1, historySize=0, eventTime=51870153, downTime=51870153, deviceId=0, source=0x1002 }
11-09 21:13:28.493  2921  2921 I Input   : injectMotionEvent: MotionEvent { action=ACTION_MOVE, actionButton=0, id[0]=0, x[0]=1017.0, y[0]=136.0, toolType[0]=TOOL_TYPE_UNKNOWN, buttonState=0, metaState=0, flags=0x0, edgeFlags=0x0, pointerCount=1, historySize=0, eventTime=51870169, downTime=51870169, deviceId=0, source=0x1002 }
11-09 21:13:28.511  2921  2921 I Input   : injectMotionEvent: MotionEvent { action=ACTION_MOVE, actionButton=0, id[0]=0, x[0]=1017.0, y[0]=136.0, toolType[0]=TOOL_TYPE_UNKNOWN, buttonState=0, metaState=0, flags=0x0, edgeFlags=0x0, pointerCount=1, historySize=0, eventTime=51870187, downTime=51870187, deviceId=0, source=0x1002 }
11-09 21:13:28.530  2921  2921 I Input   : injectMotionEvent: MotionEvent { action=ACTION_MOVE, actionButton=0, id[0]=0, x[0]=1017.0, y[0]=136.0, toolType[0]=TOOL_TYPE_UNKNOWN, buttonState=0, metaState=0, flags=0x0, edgeFlags=0x0, pointerCount=1, historySize=0, eventTime=51870207, downTime=51870207, deviceId=0, source=0x1002 }
11-09 21:13:28.546  2921  2921 I Input   : injectMotionEvent: MotionEvent { action=ACTION_MOVE, actionButton=0, id[0]=0, x[0]=1017.0, y[0]=136.0, toolType[0]=TOOL_TYPE_UNKNOWN, buttonState=0, metaState=0, flags=0x0, edgeFlags=0x0, pointerCount=1, historySize=0, eventTime=51870222, downTime=51870222, deviceId=0, source=0x1002 }
11-09 21:13:28.564  2921  2921 I Input   : injectMotionEvent: MotionEvent { action=ACTION_MOVE, actionButton=0, id[0]=0, x[0]=1017.0, y[0]=136.0, toolType[0]=TOOL_TYPE_UNKNOWN, buttonState=0, metaState=0, flags=0x0, edgeFlags=0x0, pointerCount=1, historySize=0, eventTime=51870241, downTime=51870241, deviceId=0, source=0x1002 }
11-09 21:13:28.581  2921  2921 I Input   : injectMotionEvent: MotionEvent { action=ACTION_MOVE, actionButton=0, id[0]=0, x[0]=1017.0, y[0]=136.0, toolType[0]=TOOL_TYPE_UNKNOWN, buttonState=0, metaState=0, flags=0x0, edgeFlags=0x0, pointerCount=1, historySize=0, eventTime=51870258, downTime=51870258, deviceId=0, source=0x1002 }
11-09 21:13:28.597  2921  2921 I Input   : injectMotionEvent: MotionEvent { action=ACTION_MOVE, actionButton=0, id[0]=0, x[0]=1017.0, y[0]=136.0, toolType[0]=TOOL_TYPE_UNKNOWN, buttonState=0, metaState=0, flags=0x0, edgeFlags=0x0, pointerCount=1, historySize=0, eventTime=51870274, downTime=51870274, deviceId=0, source=0x1002 }
11-09 21:13:28.617  2921  2921 I Input   : injectMotionEvent: MotionEvent { action=ACTION_MOVE, actionButton=0, id[0]=0, x[0]=1017.0, y[0]=136.0, toolType[0]=TOOL_TYPE_UNKNOWN, buttonState=0, metaState=0, flags=0x0, edgeFlags=0x0, pointerCount=1, historySize=0, eventTime=51870293, downTime=51870293, deviceId=0, source=0x1002 }
11-09 21:13:28.632  2921  2921 I Input   : injectMotionEvent: MotionEvent { action=ACTION_MOVE, actionButton=0, id[0]=0, x[0]=1017.0, y[0]=136.0, toolType[0]=TOOL_TYPE_UNKNOWN, buttonState=0, metaState=0, flags=0x0, edgeFlags=0x0, pointerCount=1, historySize=0, eventTime=51870309, downTime=51870309, deviceId=0, source=0x1002 }
11-09 21:13:28.649  2921  2921 I Input   : injectMotionEvent: MotionEvent { action=ACTION_MOVE, actionButton=0, id[0]=0, x[0]=1017.0, y[0]=136.0, toolType[0]=TOOL_TYPE_UNKNOWN, buttonState=0, metaState=0, flags=0x0, edgeFlags=0x0, pointerCount=1, historySize=0, eventTime=51870326, downTime=51870326, deviceId=0, source=0x1002 }
11-09 21:13:28.667  2921  2921 I Input   : injectMotionEvent: MotionEvent { action=ACTION_MOVE, actionButton=0, id[0]=0, x[0]=1017.0, y[0]=136.0, toolType[0]=TOOL_TYPE_UNKNOWN, buttonState=0, metaState=0, flags=0x0, edgeFlags=0x0, pointerCount=1, historySize=0, eventTime=51870343, downTime=51870343, deviceId=0, source=0x1002 }
11-09 21:13:28.686  2921  2921 I Input   : injectMotionEvent: MotionEvent { action=ACTION_MOVE, actionButton=0, id[0]=0, x[0]=1017.0, y[0]=136.0, toolType[0]=TOOL_TYPE_UNKNOWN, buttonState=0, metaState=0, flags=0x0, edgeFlags=0x0, pointerCount=1, historySize=0, eventTime=51870363, downTime=51870363, deviceId=0, source=0x1002 }
11-09 21:13:28.703  2921  2921 I Input   : injectMotionEvent: MotionEvent { action=ACTION_MOVE, actionButton=0, id[0]=0, x[0]=1017.0, y[0]=136.0, toolType[0]=TOOL_TYPE_UNKNOWN, buttonState=0, metaState=0, flags=0x0, edgeFlags=0x0, pointerCount=1, historySize=0, eventTime=51870380, downTime=51870380, deviceId=0, source=0x1002 }
11-09 21:13:28.720  2921  2921 I Input   : injectMotionEvent: MotionEvent { action=ACTION_MOVE, actionButton=0, id[0]=0, x[0]=1017.0, y[0]=136.0, toolType[0]=TOOL_TYPE_UNKNOWN, buttonState=0, metaState=0, flags=0x0, edgeFlags=0x0, pointerCount=1, historySize=0, eventTime=51870396, downTime=51870396, deviceId=0, source=0x1002 }
11-09 21:13:28.738  2921  2921 I Input   : injectMotionEvent: MotionEvent { action=ACTION_MOVE, actionButton=0, id[0]=0, x[0]=1017.0, y[0]=136.0, toolType[0]=TOOL_TYPE_UNKNOWN, buttonState=0, metaState=0, flags=0x0, edgeFlags=0x0, pointerCount=1, historySize=0, eventTime=51870415, downTime=51870415, deviceId=0, source=0x1002 }
11-09 21:13:28.754  2921  2921 I Input   : injectMotionEvent: MotionEvent { action=ACTION_MOVE, actionButton=0, id[0]=0, x[0]=1017.0, y[0]=136.0, toolType[0]=TOOL_TYPE_UNKNOWN, buttonState=0, metaState=0, flags=0x0, edgeFlags=0x0, pointerCount=1, historySize=0, eventTime=51870431, downTime=51870431, deviceId=0, source=0x1002 }
11-09 21:13:28.772  2921  2921 I Input   : injectMotionEvent: MotionEvent { action=ACTION_MOVE, actionButton=0, id[0]=0, x[0]=1017.0, y[0]=136.0, toolType[0]=TOOL_TYPE_UNKNOWN, buttonState=0, metaState=0, flags=0x0, edgeFlags=0x0, pointerCount=1, historySize=0, eventTime=51870449, downTime=51870449, deviceId=0, source=0x1002 }
11-09 21:13:28.789  2921  2921 I Input   : injectMotionEvent: MotionEvent { action=ACTION_MOVE, actionButton=0, id[0]=0, x[0]=1017.0, y[0]=136.0, toolType[0]=TOOL_TYPE_UNKNOWN, buttonState=0, metaState=0, flags=0x0, edgeFlags=0x0, pointerCount=1, historySize=0, eventTime=51870466, downTime=51870466, deviceId=0, source=0x1002 }
11-09 21:13:28.808  2921  2921 I Input   : injectMotionEvent: MotionEvent { action=ACTION_MOVE, actionButton=0, id[0]=0, x[0]=1017.0, y[0]=136.0, toolType[0]=TOOL_TYPE_UNKNOWN, buttonState=0, metaState=0, flags=0x0, edgeFlags=0x0, pointerCount=1, historySize=0, eventTime=51870484, downTime=51870484, deviceId=0, source=0x1002 }
11-09 21:13:28.827  2921  2921 I Input   : injectMotionEvent: MotionEvent { action=ACTION_MOVE, actionButton=0, id[0]=0, x[0]=1017.0, y[0]=136.0, toolType[0]=TOOL_TYPE_UNKNOWN, buttonState=0, metaState=0, flags=0x0, edgeFlags=0x0, pointerCount=1, historySize=0, eventTime=51870504, downTime=51870504, deviceId=0, source=0x1002 }
11-09 21:13:28.842  2921  2921 I Input   : injectMotionEvent: MotionEvent { action=ACTION_MOVE, actionButton=0, id[0]=0, x[0]=1017.0, y[0]=136.0, toolType[0]=TOOL_TYPE_UNKNOWN, buttonState=0, metaState=0, flags=0x0, edgeFlags=0x0, pointerCount=1, historySize=0, eventTime=51870519, downTime=51870519, deviceId=0, source=0x1002 }
11-09 21:13:28.859  2921  2921 I Input   : injectMotionEvent: MotionEvent { action=ACTION_MOVE, actionButton=0, id[0]=0, x[0]=1017.0, y[0]=136.0, toolType[0]=TOOL_TYPE_UNKNOWN, buttonState=0, metaState=0, flags=0x0, edgeFlags=0x0, pointerCount=1, historySize=0, eventTime=51870535, downTime=51870535, deviceId=0, source=0x1002 }
11-09 21:13:28.877  2921  2921 I Input   : injectMotionEvent: MotionEvent { action=ACTION_MOVE, actionButton=0, id[0]=0, x[0]=1017.0, y[0]=136.0, toolType[0]=TOOL_TYPE_UNKNOWN, buttonState=0, metaState=0, flags=0x0, edgeFlags=0x0, pointerCount=1, historySize=0, eventTime=51870554, downTime=51870554, deviceId=0, source=0x1002 }
11-09 21:13:28.896  2921  2921 I Input   : injectMotionEvent: MotionEvent { action=ACTION_MOVE, actionButton=0, id[0]=0, x[0]=1017.0, y[0]=136.0, toolType[0]=TOOL_TYPE_UNKNOWN, buttonState=0, metaState=0, flags=0x0, edgeFlags=0x0, pointerCount=1, historySize=0, eventTime=51870572, downTime=51870572, deviceId=0, source=0x1002 }
11-09 21:13:28.912  2921  2921 I Input   : injectMotionEvent: MotionEvent { action=ACTION_MOVE, actionButton=0, id[0]=0, x[0]=1017.0, y[0]=136.0, toolType[0]=TOOL_TYPE_UNKNOWN, buttonState=0, metaState=0, flags=0x0, edgeFlags=0x0, pointerCount=1, historySize=0, eventTime=51870588, downTime=51870588, deviceId=0, source=0x1002 }
11-09 21:13:28.929  2921  2921 I Input   : injectMotionEvent: MotionEvent { action=ACTION_MOVE, actionButton=0, id[0]=0, x[0]=1017.0, y[0]=136.0, toolType[0]=TOOL_TYPE_UNKNOWN, buttonState=0, metaState=0, flags=0x0, edgeFlags=0x0, pointerCount=1, historySize=0, eventTime=51870606, downTime=51870606, deviceId=0, source=0x1002 }
11-09 21:13:28.946  2921  2921 I Input   : injectMotionEvent: MotionEvent { action=ACTION_MOVE, actionButton=0, id[0]=0, x[0]=1017.0, y[0]=136.0, toolType[0]=TOOL_TYPE_UNKNOWN, buttonState=0, metaState=0, flags=0x0, edgeFlags=0x0, pointerCount=1, historySize=0, eventTime=51870623, downTime=51870623, deviceId=0, source=0x1002 }
11-09 21:13:28.965  2921  2921 I Input   : injectMotionEvent: MotionEvent { action=ACTION_MOVE, actionButton=0, id[0]=0, x[0]=1017.0, y[0]=136.0, toolType[0]=TOOL_TYPE_UNKNOWN, buttonState=0, metaState=0, flags=0x0, edgeFlags=0x0, pointerCount=1, historySize=0, eventTime=51870642, downTime=51870642, deviceId=0, source=0x1002 }
11-09 21:13:28.982  2921  2921 I Input   : injectMotionEvent: MotionEvent { action=ACTION_MOVE, actionButton=0, id[0]=0, x[0]=1017.0, y[0]=136.0, toolType[0]=TOOL_TYPE_UNKNOWN, buttonState=0, metaState=0, flags=0x0, edgeFlags=0x0, pointerCount=1, historySize=0, eventTime=51870659, downTime=51870659, deviceId=0, source=0x1002 }
11-09 21:13:28.998  2921  2921 I Input   : injectMotionEvent: MotionEvent { action=ACTION_MOVE, actionButton=0, id[0]=0, x[0]=1017.0, y[0]=136.0, toolType[0]=TOOL_TYPE_UNKNOWN, buttonState=0, metaState=0, flags=0x0, edgeFlags=0x0, pointerCount=1, historySize=0, eventTime=51870675, downTime=51870675, deviceId=0, source=0x1002 }
11-09 21:13:29.017  2921  2921 I Input   : injectMotionEvent: MotionEvent { action=ACTION_MOVE, actionButton=0, id[0]=0, x[0]=1017.0, y[0]=136.0, toolType[0]=TOOL_TYPE_UNKNOWN, buttonState=0, metaState=0, flags=0x0, edgeFlags=0x0, pointerCount=1, historySize=0, eventTime=51870694, downTime=51870694, deviceId=0, source=0x1002 }
11-09 21:13:29.036  2921  2921 I Input   : injectMotionEvent: MotionEvent { action=ACTION_MOVE, actionButton=0, id[0]=0, x[0]=1017.0, y[0]=136.0, toolType[0]=TOOL_TYPE_UNKNOWN, buttonState=0, metaState=0, flags=0x0, edgeFlags=0x0, pointerCount=1, historySize=0, eventTime=51870712, downTime=51870712, deviceId=0, source=0x1002 }
11-09 21:13:29.051  2921  2921 I Input   : injectMotionEvent: MotionEvent { action=ACTION_MOVE, actionButton=0, id[0]=0, x[0]=1017.0, y[0]=136.0, toolType[0]=TOOL_TYPE_UNKNOWN, buttonState=0, metaState=0, flags=0x0, edgeFlags=0x0, pointerCount=1, historySize=0, eventTime=51870728, downTime=51870728, deviceId=0, source=0x1002 }
11-09 21:13:29.071  2921  2921 I Input   : injectMotionEvent: MotionEvent { action=ACTION_MOVE, actionButton=0, id[0]=0, x[0]=1017.0, y[0]=136.0, toolType[0]=TOOL_TYPE_UNKNOWN, buttonState=0, metaState=0, flags=0x0, edgeFlags=0x0, pointerCount=1, historySize=0, eventTime=51870748, downTime=51870748, deviceId=0, source=0x1002 }
11-09 21:13:29.087  2921  2921 I Input   : injectMotionEvent: MotionEvent { action=ACTION_MOVE, actionButton=0, id[0]=0, x[0]=1017.0, y[0]=136.0, toolType[0]=TOOL_TYPE_UNKNOWN, buttonState=0, metaState=0, flags=0x0, edgeFlags=0x0, pointerCount=1, historySize=0, eventTime=51870763, downTime=51870763, deviceId=0, source=0x1002 }
11-09 21:13:29.108  2921  2921 I Input   : injectMotionEvent: MotionEvent { action=ACTION_MOVE, actionButton=0, id[0]=0, x[0]=1017.0, y[0]=136.0, toolType[0]=TOOL_TYPE_UNKNOWN, buttonState=0, metaState=0, flags=0x0, edgeFlags=0x0, pointerCount=1, historySize=0, eventTime=51870785, downTime=51870785, deviceId=0, source=0x1002 }
11-09 21:13:29.122  2921  2921 I Input   : injectMotionEvent: MotionEvent { action=ACTION_MOVE, actionButton=0, id[0]=0, x[0]=1017.0, y[0]=136.0, toolType[0]=TOOL_TYPE_UNKNOWN, buttonState=0, metaState=0, flags=0x0, edgeFlags=0x0, pointerCount=1, historySize=0, eventTime=51870799, downTime=51870799, deviceId=0, source=0x1002 }
11-09 21:13:29.139  2921  2921 I Input   : injectMotionEvent: MotionEvent { action=ACTION_MOVE, actionButton=0, id[0]=0, x[0]=1017.0, y[0]=136.0, toolType[0]=TOOL_TYPE_UNKNOWN, buttonState=0, metaState=0, flags=0x0, edgeFlags=0x0, pointerCount=1, historySize=0, eventTime=51870816, downTime=51870816, deviceId=0, source=0x1002 }
11-09 21:13:29.157  2921  2921 I Input   : injectMotionEvent: MotionEvent { action=ACTION_MOVE, actionButton=0, id[0]=0, x[0]=1017.0, y[0]=136.0, toolType[0]=TOOL_TYPE_UNKNOWN, buttonState=0, metaState=0, flags=0x0, edgeFlags=0x0, pointerCount=1, historySize=0, eventTime=51870833, downTime=51870833, deviceId=0, source=0x1002 }
11-09 21:13:29.174  2921  2921 I Input   : injectMotionEvent: MotionEvent { action=ACTION_MOVE, actionButton=0, id[0]=0, x[0]=1017.0, y[0]=136.0, toolType[0]=TOOL_TYPE_UNKNOWN, buttonState=0, metaState=0, flags=0x0, edgeFlags=0x0, pointerCount=1, historySize=0, eventTime=51870850, downTime=51870850, deviceId=0, source=0x1002 }
11-09 21:13:29.191  2921  2921 I Input   : injectMotionEvent: MotionEvent { action=ACTION_MOVE, actionButton=0, id[0]=0, x[0]=1017.0, y[0]=136.0, toolType[0]=TOOL_TYPE_UNKNOWN, buttonState=0, metaState=0, flags=0x0, edgeFlags=0x0, pointerCount=1, historySize=0, eventTime=51870868, downTime=51870868, deviceId=0, source=0x1002 }
11-09 21:13:29.211  2921  2921 I Input   : injectMotionEvent: MotionEvent { action=ACTION_MOVE, actionButton=0, id[0]=0, x[0]=1017.0, y[0]=136.0, toolType[0]=TOOL_TYPE_UNKNOWN, buttonState=0, metaState=0, flags=0x0, edgeFlags=0x0, pointerCount=1, historySize=0, eventTime=51870887, downTime=51870887, deviceId=0, source=0x1002 }
11-09 21:13:29.227  2921  2921 I Input   : injectMotionEvent: MotionEvent { action=ACTION_MOVE, actionButton=0, id[0]=0, x[0]=1017.0, y[0]=136.0, toolType[0]=TOOL_TYPE_UNKNOWN, buttonState=0, metaState=0, flags=0x0, edgeFlags=0x0, pointerCount=1, historySize=0, eventTime=51870903, downTime=51870903, deviceId=0, source=0x1002 }
11-09 21:13:29.246  2921  2921 I Input   : injectMotionEvent: MotionEvent { action=ACTION_MOVE, actionButton=0, id[0]=0, x[0]=1017.0, y[0]=136.0, toolType[0]=TOOL_TYPE_UNKNOWN, buttonState=0, metaState=0, flags=0x0, edgeFlags=0x0, pointerCount=1, historySize=0, eventTime=51870922, downTime=51870922, deviceId=0, source=0x1002 }
11-09 21:13:29.260  2921  2921 I Input   : injectMotionEvent: MotionEvent { action=ACTION_MOVE, actionButton=0, id[0]=0, x[0]=1017.0, y[0]=136.0, toolType[0]=TOOL_TYPE_UNKNOWN, buttonState=0, metaState=0, flags=0x0, edgeFlags=0x0, pointerCount=1, historySize=0, eventTime=51870937, downTime=51870937, deviceId=0, source=0x1002 }
11-09 21:13:29.277  2921  2921 I Input   : injectMotionEvent: MotionEvent { action=ACTION_MOVE, actionButton=0, id[0]=0, x[0]=1017.0, y[0]=136.0, toolType[0]=TOOL_TYPE_UNKNOWN, buttonState=0, metaState=0, flags=0x0, edgeFlags=0x0, pointerCount=1, historySize=0, eventTime=51870954, downTime=51870954, deviceId=0, source=0x1002 }
11-09 21:13:29.295  2921  2921 I Input   : injectMotionEvent: MotionEvent { action=ACTION_MOVE, actionButton=0, id[0]=0, x[0]=1017.0, y[0]=136.0, toolType[0]=TOOL_TYPE_UNKNOWN, buttonState=0, metaState=0, flags=0x0, edgeFlags=0x0, pointerCount=1, historySize=0, eventTime=51870972, downTime=51870972, deviceId=0, source=0x1002 }
11-09 21:13:29.314  2921  2921 I Input   : injectMotionEvent: MotionEvent { action=ACTION_MOVE, actionButton=0, id[0]=0, x[0]=1017.0, y[0]=136.0, toolType[0]=TOOL_TYPE_UNKNOWN, buttonState=0, metaState=0, flags=0x0, edgeFlags=0x0, pointerCount=1, historySize=0, eventTime=51870991, downTime=51870991, deviceId=0, source=0x1002 }
11-09 21:13:29.331  2921  2921 I Input   : injectMotionEvent: MotionEvent { action=ACTION_MOVE, actionButton=0, id[0]=0, x[0]=1017.0, y[0]=136.0, toolType[0]=TOOL_TYPE_UNKNOWN, buttonState=0, metaState=0, flags=0x0, edgeFlags=0x0, pointerCount=1, historySize=0, eventTime=51871007, downTime=51871007, deviceId=0, source=0x1002 }
11-09 21:13:29.348  2921  2921 I Input   : injectMotionEvent: MotionEvent { action=ACTION_MOVE, actionButton=0, id[0]=0, x[0]=1017.0, y[0]=136.0, toolType[0]=TOOL_TYPE_UNKNOWN, buttonState=0, metaState=0, flags=0x0, edgeFlags=0x0, pointerCount=1, historySize=0, eventTime=51871025, downTime=51871025, deviceId=0, source=0x1002 }
11-09 21:13:29.365  2921  2921 I Input   : injectMotionEvent: MotionEvent { action=ACTION_MOVE, actionButton=0, id[0]=0, x[0]=1017.0, y[0]=136.0, toolType[0]=TOOL_TYPE_UNKNOWN, buttonState=0, metaState=0, flags=0x0, edgeFlags=0x0, pointerCount=1, historySize=0, eventTime=51871042, downTime=51871042, deviceId=0, source=0x1002 }
11-09 21:13:29.382  2921  2921 I Input   : injectMotionEvent: MotionEvent { action=ACTION_MOVE, actionButton=0, id[0]=0, x[0]=1017.0, y[0]=136.0, toolType[0]=TOOL_TYPE_UNKNOWN, buttonState=0, metaState=0, flags=0x0, edgeFlags=0x0, pointerCount=1, historySize=0, eventTime=51871059, downTime=51871059, deviceId=0, source=0x1002 }
11-09 21:13:29.400  2921  2921 I Input   : injectMotionEvent: MotionEvent { action=ACTION_MOVE, actionButton=0, id[0]=0, x[0]=1017.0, y[0]=136.0, toolType[0]=TOOL_TYPE_UNKNOWN, buttonState=0, metaState=0, flags=0x0, edgeFlags=0x0, pointerCount=1, historySize=0, eventTime=51871077, downTime=51871077, deviceId=0, source=0x1002 }
11-09 21:13:29.417  2921  2921 I Input   : injectMotionEvent: MotionEvent { action=ACTION_MOVE, actionButton=0, id[0]=0, x[0]=1017.0, y[0]=136.0, toolType[0]=TOOL_TYPE_UNKNOWN, buttonState=0, metaState=0, flags=0x0, edgeFlags=0x0, pointerCount=1, historySize=0, eventTime=51871094, downTime=51871094, deviceId=0, source=0x1002 }
11-09 21:13:29.434  2921  2921 I Input   : injectMotionEvent: MotionEvent { action=ACTION_MOVE, actionButton=0, id[0]=0, x[0]=1017.0, y[0]=136.0, toolType[0]=TOOL_TYPE_UNKNOWN, buttonState=0, metaState=0, flags=0x0, edgeFlags=0x0, pointerCount=1, historySize=0, eventTime=51871111, downTime=51871111, deviceId=0, source=0x1002 }
11-09 21:13:29.454  2921  2921 I Input   : injectMotionEvent: MotionEvent { action=ACTION_MOVE, actionButton=0, id[0]=0, x[0]=1017.0, y[0]=136.0, toolType[0]=TOOL_TYPE_UNKNOWN, buttonState=0, metaState=0, flags=0x0, edgeFlags=0x0, pointerCount=1, historySize=0, eventTime=51871131, downTime=51871131, deviceId=0, source=0x1002 }
11-09 21:13:29.471  2921  2921 I Input   : injectMotionEvent: MotionEvent { action=ACTION_MOVE, actionButton=0, id[0]=0, x[0]=1017.0, y[0]=136.0, toolType[0]=TOOL_TYPE_UNKNOWN, buttonState=0, metaState=0, flags=0x0, edgeFlags=0x0, pointerCount=1, historySize=0, eventTime=51871147, downTime=51871147, deviceId=0, source=0x1002 }
11-09 21:13:29.487  2921  2921 I Input   : injectMotionEvent: MotionEvent { action=ACTION_MOVE, actionButton=0, id[0]=0, x[0]=1017.0, y[0]=136.0, toolType[0]=TOOL_TYPE_UNKNOWN, buttonState=0, metaState=0, flags=0x0, edgeFlags=0x0, pointerCount=1, historySize=0, eventTime=51871164, downTime=51871164, deviceId=0, source=0x1002 }
11-09 21:13:29.506  2921  2921 I Input   : injectMotionEvent: MotionEvent { action=ACTION_MOVE, actionButton=0, id[0]=0, x[0]=1017.0, y[0]=136.0, toolType[0]=TOOL_TYPE_UNKNOWN, buttonState=0, metaState=0, flags=0x0, edgeFlags=0x0, pointerCount=1, historySize=0, eventTime=51871183, downTime=51871183, deviceId=0, source=0x1002 }
11-09 21:13:29.523  2921  2921 I Input   : injectMotionEvent: MotionEvent { action=ACTION_MOVE, actionButton=0, id[0]=0, x[0]=1017.0, y[0]=136.0, toolType[0]=TOOL_TYPE_UNKNOWN, buttonState=0, metaState=0, flags=0x0, edgeFlags=0x0, pointerCount=1, historySize=0, eventTime=51871200, downTime=51871200, deviceId=0, source=0x1002 }
11-09 21:13:29.539  2921  2921 I Input   : injectMotionEvent: MotionEvent { action=ACTION_MOVE, actionButton=0, id[0]=0, x[0]=1017.0, y[0]=136.0, toolType[0]=TOOL_TYPE_UNKNOWN, buttonState=0, metaState=0, flags=0x0, edgeFlags=0x0, pointerCount=1, historySize=0, eventTime=51871216, downTime=51871216, deviceId=0, source=0x1002 }
11-09 21:13:29.557  2921  2921 I Input   : injectMotionEvent: MotionEvent { action=ACTION_MOVE, actionButton=0, id[0]=0, x[0]=1017.0, y[0]=136.0, toolType[0]=TOOL_TYPE_UNKNOWN, buttonState=0, metaState=0, flags=0x0, edgeFlags=0x0, pointerCount=1, historySize=0, eventTime=51871233, downTime=51871233, deviceId=0, source=0x1002 }
11-09 21:13:29.574  2921  2921 I Input   : injectMotionEvent: MotionEvent { action=ACTION_MOVE, actionButton=0, id[0]=0, x[0]=1017.0, y[0]=136.0, toolType[0]=TOOL_TYPE_UNKNOWN, buttonState=0, metaState=0, flags=0x0, edgeFlags=0x0, pointerCount=1, historySize=0, eventTime=51871251, downTime=51871251, deviceId=0, source=0x1002 }
