06-30 19:20:18.011  1675  1693 I WifiService: getSupportedFeatures uid=1000
06-30 19:20:18.537  1675  1689 E memtrack: Couldn't load memtrack module
06-30 19:20:18.537  1675  1689 W android.os.Debug: failed to get memory consumption info: -1
06-30 19:20:18.548  1675  1689 E memtrack: Couldn't load memtrack module
06-30 19:20:18.548  1675  1689 W android.os.Debug: failed to get memory consumption info: -1
06-30 19:20:19.057  1675  2481 I ActivityManager: Killing 24189:com.google.android.calendar/u0a47 (adj 906): empty #17
06-30 19:20:19.058  1675  1692 W zygote  : kill(-24189, 9) failed: No such process
06-30 19:20:19.100  1675  1692 I chatty  : uid=1000(system) ActivityManager identical 1 line
06-30 19:20:19.138  1675  1692 W zygote  : kill(-24189, 9) failed: No such process
06-30 19:20:19.138  1675  1692 I zygote  : Successfully killed process cgroup uid 10047 pid 24189 in 80ms
06-30 19:20:19.478 25652 25652 D AndroidRuntime: >>>>>> START com.android.internal.os.RuntimeInit uid 2000 <<<<<<
06-30 19:20:19.510 25652 25652 W app_process: Unexpected CPU variant for X86 using defaults: x86
06-30 19:20:19.513 25652 25652 I app_process: The ClassLoaderContext is a special shared library.
06-30 19:20:19.513 25652 25652 I app_process: The ClassLoaderContext is a special shared library.
06-30 19:20:19.525 25652 25652 D AndroidRuntime: Calling main entry com.android.commands.uiautomator.Launcher
06-30 19:20:20.550 25652 25652 I AccessibilityNodeInfoDumper: Skipping invisible child: android.view.accessibility.AccessibilityNodeInfo@9ed6; boundsInParent: Rect(0, 0 - 1080, 1731); boundsInScreen: Rect(1080, 63 - 1080, 1794); packageName: org.inaturalist.android; className: android.widget.LinearLayout; text: null; error: null; maxTextLength: -1; contentDescription: null; viewIdResName: null; checkable: false; checked: false; focusable: false; focused: false; selected: false; clickable: false; longClickable: false; contextClickable: false; enabled: true; password: false; scrollable: false; importantForAccessibility: false; actions: [AccessibilityAction: ACTION_SELECT - null, AccessibilityAction: ACTION_CLEAR_SELECTION - null, AccessibilityAction: ACTION_ACCESSIBILITY_FOCUS - null, AccessibilityAction: ACTION_SHOW_ON_SCREEN - null]
06-30 19:20:20.553 25652 25652 W AccessibilityNodeInfoDumper: Fetch time: 6ms
06-30 19:20:20.554  1675  5511 W WindowManager: removeWindowToken: Attempted to remove non-existing token: android.os.Binder@7e32d97
06-30 19:20:20.561 25652 25652 D AndroidRuntime: Shutting down VM
06-30 19:20:22.787 25669 25669 D AndroidRuntime: >>>>>> START com.android.internal.os.RuntimeInit uid 2000 <<<<<<
06-30 19:20:22.818 25669 25669 W app_process: Unexpected CPU variant for X86 using defaults: x86
06-30 19:20:22.820 25669 25669 I app_process: The ClassLoaderContext is a special shared library.
06-30 19:20:22.820 25669 25669 I app_process: The ClassLoaderContext is a special shared library.
06-30 19:20:22.833 25669 25669 D AndroidRuntime: Calling main entry com.android.commands.uiautomator.Launcher
06-30 19:20:23.857 25669 25669 I app_process: Deoptimizing java.lang.String com.android.uiautomator.core.AccessibilityNodeInfoDumper.stripInvalidXMLChars(java.lang.CharSequence) due to JIT inline cache
06-30 19:20:23.857 25669 25669 I AccessibilityNodeInfoDumper: Skipping invisible child: android.view.accessibility.AccessibilityNodeInfo@9ee0; boundsInParent: Rect(0, 0 - 1080, 1731); boundsInScreen: Rect(1080, 63 - 1080, 1794); packageName: org.inaturalist.android; className: android.widget.LinearLayout; text: null; error: null; maxTextLength: -1; contentDescription: null; viewIdResName: null; checkable: false; checked: false; focusable: false; focused: false; selected: false; clickable: false; longClickable: false; contextClickable: false; enabled: true; password: false; scrollable: false; importantForAccessibility: false; actions: [AccessibilityAction: ACTION_SELECT - null, AccessibilityAction: ACTION_CLEAR_SELECTION - null, AccessibilityAction: ACTION_ACCESSIBILITY_FOCUS - null, AccessibilityAction: ACTION_SHOW_ON_SCREEN - null]
06-30 19:20:23.860 25669 25669 W AccessibilityNodeInfoDumper: Fetch time: 7ms
06-30 19:20:23.861  1675  8403 W WindowManager: removeWindowToken: Attempted to remove non-existing token: android.os.Binder@1049f6d
06-30 19:20:23.868 25669 25669 D AndroidRuntime: Shutting down VM
06-30 19:20:24.097 25687 25687 D AndroidRuntime: >>>>>> START com.android.internal.os.RuntimeInit uid 2000 <<<<<<
06-30 19:20:24.099 25687 25687 W app_process: Could not reserve sentinel fault page
06-30 19:20:24.132 25687 25687 W app_process: Unexpected CPU variant for X86 using defaults: x86
06-30 19:20:24.135 25687 25687 I app_process: The ClassLoaderContext is a special shared library.
06-30 19:20:24.135 25687 25687 I app_process: The ClassLoaderContext is a special shared library.
06-30 19:20:24.150 25687 25687 D AndroidRuntime: Calling main entry com.android.commands.uiautomator.Launcher
06-30 19:20:25.175 25687 25687 I app_process: Deoptimizing java.lang.String com.android.uiautomator.core.AccessibilityNodeInfoDumper.stripInvalidXMLChars(java.lang.CharSequence) due to JIT inline cache
06-30 19:20:25.175 25687 25687 I AccessibilityNodeInfoDumper: Skipping invisible child: android.view.accessibility.AccessibilityNodeInfo@9ee9; boundsInParent: Rect(0, 0 - 1080, 1731); boundsInScreen: Rect(1080, 63 - 1080, 1794); packageName: org.inaturalist.android; className: android.widget.LinearLayout; text: null; error: null; maxTextLength: -1; contentDescription: null; viewIdResName: null; checkable: false; checked: false; focusable: false; focused: false; selected: false; clickable: false; longClickable: false; contextClickable: false; enabled: true; password: false; scrollable: false; importantForAccessibility: false; actions: [AccessibilityAction: ACTION_SELECT - null, AccessibilityAction: ACTION_CLEAR_SELECTION - null, AccessibilityAction: ACTION_ACCESSIBILITY_FOCUS - null, AccessibilityAction: ACTION_SHOW_ON_SCREEN - null]
06-30 19:20:25.178 25687 25687 W AccessibilityNodeInfoDumper: Fetch time: 6ms
06-30 19:20:25.179  1675  3753 W WindowManager: removeWindowToken: Attempted to remove non-existing token: android.os.Binder@3a30c33
06-30 19:20:25.188 25687 25687 D AndroidRuntime: Shutting down VM
06-30 19:20:25.408 25704 25704 D AndroidRuntime: >>>>>> START com.android.internal.os.RuntimeInit uid 2000 <<<<<<
06-30 19:20:25.441 25704 25704 W app_process: Unexpected CPU variant for X86 using defaults: x86
06-30 19:20:25.443 25704 25704 I app_process: The ClassLoaderContext is a special shared library.
06-30 19:20:25.443 25704 25704 I app_process: The ClassLoaderContext is a special shared library.
06-30 19:20:25.460 25704 25704 D AndroidRuntime: Calling main entry com.android.commands.uiautomator.Launcher
06-30 19:20:26.479 25704 25704 I app_process: Deoptimizing java.lang.String com.android.uiautomator.core.AccessibilityNodeInfoDumper.stripInvalidXMLChars(java.lang.CharSequence) due to JIT inline cache
06-30 19:20:26.479 25704 25704 I AccessibilityNodeInfoDumper: Skipping invisible child: android.view.accessibility.AccessibilityNodeInfo@9ef3; boundsInParent: Rect(0, 0 - 1080, 1731); boundsInScreen: Rect(1080, 63 - 1080, 1794); packageName: org.inaturalist.android; className: android.widget.LinearLayout; text: null; error: null; maxTextLength: -1; contentDescription: null; viewIdResName: null; checkable: false; checked: false; focusable: false; focused: false; selected: false; clickable: false; longClickable: false; contextClickable: false; enabled: true; password: false; scrollable: false; importantForAccessibility: false; actions: [AccessibilityAction: ACTION_SELECT - null, AccessibilityAction: ACTION_CLEAR_SELECTION - null, AccessibilityAction: ACTION_ACCESSIBILITY_FOCUS - null, AccessibilityAction: ACTION_SHOW_ON_SCREEN - null]
06-30 19:20:26.481 25704 25704 W AccessibilityNodeInfoDumper: Fetch time: 5ms
06-30 19:20:26.482  1675  3753 W WindowManager: removeWindowToken: Attempted to remove non-existing token: android.os.Binder@558c569
06-30 19:20:26.488 25704 25704 D AndroidRuntime: Shutting down VM
06-30 19:20:26.745 25724 25724 D AndroidRuntime: >>>>>> START com.android.internal.os.RuntimeInit uid 2000 <<<<<<
06-30 19:20:26.776 25724 25724 W app_process: Unexpected CPU variant for X86 using defaults: x86
06-30 19:20:26.779 25724 25724 I app_process: The ClassLoaderContext is a special shared library.
06-30 19:20:26.780 25724 25724 I app_process: The ClassLoaderContext is a special shared library.
06-30 19:20:26.792 25724 25724 D AndroidRuntime: Calling main entry com.android.commands.uiautomator.Launcher
06-30 19:20:26.962  1451  1451 I boot-pipe: done populating /dev/random
06-30 19:20:27.433  1675  1689 E memtrack: Couldn't load memtrack module
06-30 19:20:27.433  1675  1689 W android.os.Debug: failed to get memory consumption info: -1
06-30 19:20:27.444  1675  1689 E memtrack: Couldn't load memtrack module
06-30 19:20:27.444  1675  1689 W android.os.Debug: failed to get memory consumption info: -1
06-30 19:20:27.523 25033 25068 W native  : jpeg_io.cc:108 File's first two bytes does not match the sequence 216
06-30 19:20:27.814 25724 25724 I app_process: Deoptimizing java.lang.String com.android.uiautomator.core.AccessibilityNodeInfoDumper.stripInvalidXMLChars(java.lang.CharSequence) due to JIT inline cache
06-30 19:20:27.814 25724 25724 I AccessibilityNodeInfoDumper: Skipping invisible child: android.view.accessibility.AccessibilityNodeInfo@9f00; boundsInParent: Rect(0, 0 - 1080, 1731); boundsInScreen: Rect(1080, 63 - 1080, 1794); packageName: org.inaturalist.android; className: android.widget.LinearLayout; text: null; error: null; maxTextLength: -1; contentDescription: null; viewIdResName: null; checkable: false; checked: false; focusable: false; focused: false; selected: false; clickable: false; longClickable: false; contextClickable: false; enabled: true; password: false; scrollable: false; importantForAccessibility: false; actions: [AccessibilityAction: ACTION_SELECT - null, AccessibilityAction: ACTION_CLEAR_SELECTION - null, AccessibilityAction: ACTION_ACCESSIBILITY_FOCUS - null, AccessibilityAction: ACTION_SHOW_ON_SCREEN - null]
06-30 19:20:27.817 25724 25724 W AccessibilityNodeInfoDumper: Fetch time: 7ms
06-30 19:20:27.818  1675  2446 W WindowManager: removeWindowToken: Attempted to remove non-existing token: android.os.Binder@a78388f
06-30 19:20:27.823 25724 25724 D AndroidRuntime: Shutting down VM
06-30 19:20:27.993 25737 25737 D AndroidRuntime: >>>>>> START com.android.internal.os.RuntimeInit uid 2000 <<<<<<
06-30 19:20:28.023 25737 25737 W app_process: Unexpected CPU variant for X86 using defaults: x86
06-30 19:20:28.025 25737 25737 I app_process: The ClassLoaderContext is a special shared library.
06-30 19:20:28.039 25737 25737 D AndroidRuntime: Calling main entry com.android.commands.input.Input
06-30 19:20:28.044 25737 25737 I Input   : injectMotionEvent: MotionEvent { action=ACTION_DOWN, actionButton=0, id[0]=0, x[0]=540.0, y[0]=1454.0, toolType[0]=TOOL_TYPE_UNKNOWN, buttonState=0, metaState=0, flags=0x0, edgeFlags=0x0, pointerCount=1, historySize=0, eventTime=14904302, downTime=14904302, deviceId=0, source=0x1002 }
06-30 19:20:28.046 25737 25737 I Input   : injectMotionEvent: MotionEvent { action=ACTION_UP, actionButton=0, id[0]=0, x[0]=540.0, y[0]=1454.0, toolType[0]=TOOL_TYPE_UNKNOWN, buttonState=0, metaState=0, flags=0x0, edgeFlags=0x0, pointerCount=1, historySize=0, eventTime=14904302, downTime=14904302, deviceId=0, source=0x1002 }
06-30 19:20:28.048 25737 25737 D AndroidRuntime: Shutting down VM
06-30 19:20:28.058  1435  4658 W audio_hw_generic: Not supplying enough data to HAL, expected position 4912854 , only wrote 4912560
06-30 19:20:28.117  1435  4658 W audio_hw_generic: Not supplying enough data to HAL, expected position 4915393 , only wrote 4914720
06-30 19:20:28.160  1547  1599 D AudioFlinger: mixer(0xf1183300) throttle end: throttle time(12)
06-30 19:20:28.582  1675  1689 E memtrack: Couldn't load memtrack module
06-30 19:20:28.582  1675  1689 W android.os.Debug: failed to get memory consumption info: -1
06-30 19:20:31.343  1435  1608 W audio_hw_generic: Not supplying enough data to HAL, expected position 5222607 , only wrote 5069520
06-30 19:20:31.745  1784  1784 W LstmExtension: no lmDescriptor could be found for en_US/20170411
06-30 19:20:31.746  1784  1784 W LstmExtension: no lmDescriptor could be found for en_US/20170411
06-30 19:20:31.927 25762 25762 D AndroidRuntime: >>>>>> START com.android.internal.os.RuntimeInit uid 2000 <<<<<<
06-30 19:20:31.957 25762 25762 W app_process: Unexpected CPU variant for X86 using defaults: x86
06-30 19:20:31.960 25762 25762 I app_process: The ClassLoaderContext is a special shared library.
06-30 19:20:31.960 25762 25762 I app_process: The ClassLoaderContext is a special shared library.
06-30 19:20:31.973 25762 25762 D AndroidRuntime: Calling main entry com.android.commands.uiautomator.Launcher
06-30 19:20:33.000 25762 25762 I AccessibilityNodeInfoDumper: Skipping invisible child: android.view.accessibility.AccessibilityNodeInfo@9b46; boundsInParent: Rect(0, 0 - 1080, 1731); boundsInScreen: Rect(0, 63 - 0, 1794); packageName: org.inaturalist.android; className: android.widget.LinearLayout; text: null; error: null; maxTextLength: -1; contentDescription: null; viewIdResName: null; checkable: false; checked: false; focusable: false; focused: false; selected: false; clickable: false; longClickable: false; contextClickable: false; enabled: true; password: false; scrollable: false; importantForAccessibility: false; actions: [AccessibilityAction: ACTION_SELECT - null, AccessibilityAction: ACTION_CLEAR_SELECTION - null, AccessibilityAction: ACTION_ACCESSIBILITY_FOCUS - null, AccessibilityAction: ACTION_SHOW_ON_SCREEN - null]
06-30 19:20:33.003 25762 25762 I app_process: Deoptimizing java.lang.String com.android.uiautomator.core.AccessibilityNodeInfoDumper.stripInvalidXMLChars(java.lang.CharSequence) due to JIT inline cache
06-30 19:20:33.004 25762 25762 I AccessibilityNodeInfoDumper: Skipping invisible child: android.view.accessibility.AccessibilityNodeInfo@cc13; boundsInParent: Rect(0, 0 - 1080, 1731); boundsInScreen: Rect(1080, 63 - 1080, 1794); packageName: org.inaturalist.android; className: android.widget.LinearLayout; text: null; error: null; maxTextLength: -1; contentDescription: null; viewIdResName: null; checkable: false; checked: false; focusable: false; focused: false; selected: false; clickable: false; longClickable: false; contextClickable: false; enabled: true; password: false; scrollable: false; importantForAccessibility: false; actions: [AccessibilityAction: ACTION_SELECT - null, AccessibilityAction: ACTION_CLEAR_SELECTION - null, AccessibilityAction: ACTION_ACCESSIBILITY_FOCUS - null, AccessibilityAction: ACTION_SHOW_ON_SCREEN - null]
06-30 19:20:33.008 25762 25762 W AccessibilityNodeInfoDumper: Fetch time: 13ms
06-30 19:20:33.009  1675  8403 W WindowManager: removeWindowToken: Attempted to remove non-existing token: android.os.Binder@7574405
06-30 19:20:33.021  1444  1472 D hwcomposer: hw_composer sent 120 syncs in 60s
06-30 19:20:33.023 25762 25762 D AndroidRuntime: Shutting down VM
06-30 19:20:33.982 25788 25788 D AndroidRuntime: >>>>>> START com.android.internal.os.RuntimeInit uid 2000 <<<<<<
06-30 19:20:34.033 25788 25788 W app_process: Unexpected CPU variant for X86 using defaults: x86
06-30 19:20:34.035 25788 25788 I app_process: The ClassLoaderContext is a special shared library.
06-30 19:20:34.036 25788 25788 I app_process: The ClassLoaderContext is a special shared library.
06-30 19:20:34.052 25788 25788 D AndroidRuntime: Calling main entry com.android.commands.uiautomator.Launcher
06-30 19:20:35.083 25788 25788 I AccessibilityNodeInfoDumper: Skipping invisible child: android.view.accessibility.AccessibilityNodeInfo@9b54; boundsInParent: Rect(0, 0 - 1080, 1731); boundsInScreen: Rect(0, 63 - 0, 1794); packageName: org.inaturalist.android; className: android.widget.LinearLayout; text: null; error: null; maxTextLength: -1; contentDescription: null; viewIdResName: null; checkable: false; checked: false; focusable: false; focused: false; selected: false; clickable: false; longClickable: false; contextClickable: false; enabled: true; password: false; scrollable: false; importantForAccessibility: false; actions: [AccessibilityAction: ACTION_SELECT - null, AccessibilityAction: ACTION_CLEAR_SELECTION - null, AccessibilityAction: ACTION_ACCESSIBILITY_FOCUS - null, AccessibilityAction: ACTION_SHOW_ON_SCREEN - null]
06-30 19:20:35.087 25788 25788 I app_process: Deoptimizing java.lang.String com.android.uiautomator.core.AccessibilityNodeInfoDumper.stripInvalidXMLChars(java.lang.CharSequence) due to JIT inline cache
06-30 19:20:35.087 25788 25788 I AccessibilityNodeInfoDumper: Skipping invisible child: android.view.accessibility.AccessibilityNodeInfo@cc21; boundsInParent: Rect(0, 0 - 1080, 1731); boundsInScreen: Rect(1080, 63 - 1080, 1794); packageName: org.inaturalist.android; className: android.widget.LinearLayout; text: null; error: null; maxTextLength: -1; contentDescription: null; viewIdResName: null; checkable: false; checked: false; focusable: false; focused: false; selected: false; clickable: false; longClickable: false; contextClickable: false; enabled: true; password: false; scrollable: false; importantForAccessibility: false; actions: [AccessibilityAction: ACTION_SELECT - null, AccessibilityAction: ACTION_CLEAR_SELECTION - null, AccessibilityAction: ACTION_ACCESSIBILITY_FOCUS - null, AccessibilityAction: ACTION_SHOW_ON_SCREEN - null]
06-30 19:20:35.089 25788 25788 W AccessibilityNodeInfoDumper: Fetch time: 7ms
06-30 19:20:35.089  1675  2446 W WindowManager: removeWindowToken: Attempted to remove non-existing token: android.os.Binder@abbfe8b
06-30 19:20:35.095 25788 25788 D AndroidRuntime: Shutting down VM
06-30 19:20:35.325 25806 25806 D AndroidRuntime: >>>>>> START com.android.internal.os.RuntimeInit uid 2000 <<<<<<
06-30 19:20:35.363 25806 25806 W app_process: Unexpected CPU variant for X86 using defaults: x86
06-30 19:20:35.365 25806 25806 I app_process: The ClassLoaderContext is a special shared library.
06-30 19:20:35.366 25806 25806 I app_process: The ClassLoaderContext is a special shared library.
06-30 19:20:35.379 25806 25806 D AndroidRuntime: Calling main entry com.android.commands.uiautomator.Launcher
06-30 19:20:36.401 25806 25806 I AccessibilityNodeInfoDumper: Skipping invisible child: android.view.accessibility.AccessibilityNodeInfo@9b5d; boundsInParent: Rect(0, 0 - 1080, 1731); boundsInScreen: Rect(0, 63 - 0, 1794); packageName: org.inaturalist.android; className: android.widget.LinearLayout; text: null; error: null; maxTextLength: -1; contentDescription: null; viewIdResName: null; checkable: false; checked: false; focusable: false; focused: false; selected: false; clickable: false; longClickable: false; contextClickable: false; enabled: true; password: false; scrollable: false; importantForAccessibility: false; actions: [AccessibilityAction: ACTION_SELECT - null, AccessibilityAction: ACTION_CLEAR_SELECTION - null, AccessibilityAction: ACTION_ACCESSIBILITY_FOCUS - null, AccessibilityAction: ACTION_SHOW_ON_SCREEN - null]
06-30 19:20:36.404 25806 25806 I app_process: Deoptimizing java.lang.String com.android.uiautomator.core.AccessibilityNodeInfoDumper.stripInvalidXMLChars(java.lang.CharSequence) due to JIT inline cache
06-30 19:20:36.404 25806 25806 I AccessibilityNodeInfoDumper: Skipping invisible child: android.view.accessibility.AccessibilityNodeInfo@cc2a; boundsInParent: Rect(0, 0 - 1080, 1731); boundsInScreen: Rect(1080, 63 - 1080, 1794); packageName: org.inaturalist.android; className: android.widget.LinearLayout; text: null; error: null; maxTextLength: -1; contentDescription: null; viewIdResName: null; checkable: false; checked: false; focusable: false; focused: false; selected: false; clickable: false; longClickable: false; contextClickable: false; enabled: true; password: false; scrollable: false; importantForAccessibility: false; actions: [AccessibilityAction: ACTION_SELECT - null, AccessibilityAction: ACTION_CLEAR_SELECTION - null, AccessibilityAction: ACTION_ACCESSIBILITY_FOCUS - null, AccessibilityAction: ACTION_SHOW_ON_SCREEN - null]
06-30 19:20:36.405 25806 25806 W AccessibilityNodeInfoDumper: Fetch time: 5ms
06-30 19:20:36.406  1675  1815 W WindowManager: removeWindowToken: Attempted to remove non-existing token: android.os.Binder@c0d1b81
06-30 19:20:36.415 25806 25806 D AndroidRuntime: Shutting down VM
06-30 19:20:37.234 25832 25832 D AndroidRuntime: >>>>>> START com.android.internal.os.RuntimeInit uid 2000 <<<<<<
06-30 19:20:37.267 25832 25832 W app_process: Unexpected CPU variant for X86 using defaults: x86
06-30 19:20:37.269 25832 25832 I app_process: The ClassLoaderContext is a special shared library.
06-30 19:20:37.270 25832 25832 I app_process: The ClassLoaderContext is a special shared library.
06-30 19:20:37.283 25832 25832 D AndroidRuntime: Calling main entry com.android.commands.uiautomator.Launcher
06-30 19:20:38.308 25832 25832 I AccessibilityNodeInfoDumper: Skipping invisible child: android.view.accessibility.AccessibilityNodeInfo@9b65; boundsInParent: Rect(0, 0 - 1080, 1731); boundsInScreen: Rect(0, 63 - 0, 1794); packageName: org.inaturalist.android; className: android.widget.LinearLayout; text: null; error: null; maxTextLength: -1; contentDescription: null; viewIdResName: null; checkable: false; checked: false; focusable: false; focused: false; selected: false; clickable: false; longClickable: false; contextClickable: false; enabled: true; password: false; scrollable: false; importantForAccessibility: false; actions: [AccessibilityAction: ACTION_SELECT - null, AccessibilityAction: ACTION_CLEAR_SELECTION - null, AccessibilityAction: ACTION_ACCESSIBILITY_FOCUS - null, AccessibilityAction: ACTION_SHOW_ON_SCREEN - null]
06-30 19:20:38.310 25832 25832 I app_process: Deoptimizing java.lang.String com.android.uiautomator.core.AccessibilityNodeInfoDumper.stripInvalidXMLChars(java.lang.CharSequence) due to JIT inline cache
06-30 19:20:38.311 25832 25832 I AccessibilityNodeInfoDumper: Skipping invisible child: android.view.accessibility.AccessibilityNodeInfo@cc32; boundsInParent: Rect(0, 0 - 1080, 1731); boundsInScreen: Rect(1080, 63 - 1080, 1794); packageName: org.inaturalist.android; className: android.widget.LinearLayout; text: null; error: null; maxTextLength: -1; contentDescription: null; viewIdResName: null; checkable: false; checked: false; focusable: false; focused: false; selected: false; clickable: false; longClickable: false; contextClickable: false; enabled: true; password: false; scrollable: false; importantForAccessibility: false; actions: [AccessibilityAction: ACTION_SELECT - null, AccessibilityAction: ACTION_CLEAR_SELECTION - null, AccessibilityAction: ACTION_ACCESSIBILITY_FOCUS - null, AccessibilityAction: ACTION_SHOW_ON_SCREEN - null]
06-30 19:20:38.312 25832 25832 W AccessibilityNodeInfoDumper: Fetch time: 6ms
06-30 19:20:38.312  1675  1815 W WindowManager: removeWindowToken: Attempted to remove non-existing token: android.os.Binder@169f867
06-30 19:20:38.318 25832 25832 D AndroidRuntime: Shutting down VM
06-30 19:20:38.599  1675  1689 E memtrack: Couldn't load memtrack module
06-30 19:20:38.599  1675  1689 W android.os.Debug: failed to get memory consumption info: -1
06-30 19:20:39.198 25866 25866 D AndroidRuntime: >>>>>> START com.android.internal.os.RuntimeInit uid 2000 <<<<<<
06-30 19:20:39.232 25866 25866 W app_process: Unexpected CPU variant for X86 using defaults: x86
06-30 19:20:39.234 25866 25866 I app_process: The ClassLoaderContext is a special shared library.
06-30 19:20:39.234 25866 25866 I app_process: The ClassLoaderContext is a special shared library.
06-30 19:20:39.247 25866 25866 D AndroidRuntime: Calling main entry com.android.commands.uiautomator.Launcher
06-30 19:20:40.266 25866 25866 I AccessibilityNodeInfoDumper: Skipping invisible child: android.view.accessibility.AccessibilityNodeInfo@9b71; boundsInParent: Rect(0, 0 - 1080, 1731); boundsInScreen: Rect(0, 63 - 0, 1794); packageName: org.inaturalist.android; className: android.widget.LinearLayout; text: null; error: null; maxTextLength: -1; contentDescription: null; viewIdResName: null; checkable: false; checked: false; focusable: false; focused: false; selected: false; clickable: false; longClickable: false; contextClickable: false; enabled: true; password: false; scrollable: false; importantForAccessibility: false; actions: [AccessibilityAction: ACTION_SELECT - null, AccessibilityAction: ACTION_CLEAR_SELECTION - null, AccessibilityAction: ACTION_ACCESSIBILITY_FOCUS - null, AccessibilityAction: ACTION_SHOW_ON_SCREEN - null]
06-30 19:20:40.269 25866 25866 I app_process: Deoptimizing java.lang.String com.android.uiautomator.core.AccessibilityNodeInfoDumper.stripInvalidXMLChars(java.lang.CharSequence) due to JIT inline cache
06-30 19:20:40.270 25866 25866 I AccessibilityNodeInfoDumper: Skipping invisible child: android.view.accessibility.AccessibilityNodeInfo@cc3e; boundsInParent: Rect(0, 0 - 1080, 1731); boundsInScreen: Rect(1080, 63 - 1080, 1794); packageName: org.inaturalist.android; className: android.widget.LinearLayout; text: null; error: null; maxTextLength: -1; contentDescription: null; viewIdResName: null; checkable: false; checked: false; focusable: false; focused: false; selected: false; clickable: false; longClickable: false; contextClickable: false; enabled: true; password: false; scrollable: false; importantForAccessibility: false; actions: [AccessibilityAction: ACTION_SELECT - null, AccessibilityAction: ACTION_CLEAR_SELECTION - null, AccessibilityAction: ACTION_ACCESSIBILITY_FOCUS - null, AccessibilityAction: ACTION_SHOW_ON_SCREEN - null]
06-30 19:20:40.271 25866 25866 W AccessibilityNodeInfoDumper: Fetch time: 5ms
06-30 19:20:40.271  1675  8403 W WindowManager: removeWindowToken: Attempted to remove non-existing token: android.os.Binder@320b9b9
06-30 19:20:40.275 25866 25866 D AndroidRuntime: Shutting down VM
06-30 19:20:40.572 25887 25887 D AndroidRuntime: >>>>>> START com.android.internal.os.RuntimeInit uid 2000 <<<<<<
06-30 19:20:40.604 25887 25887 W app_process: Unexpected CPU variant for X86 using defaults: x86
06-30 19:20:40.607 25887 25887 I app_process: The ClassLoaderContext is a special shared library.
06-30 19:20:40.607 25887 25887 I app_process: The ClassLoaderContext is a special shared library.
06-30 19:20:40.620 25887 25887 D AndroidRuntime: Calling main entry com.android.commands.uiautomator.Launcher
06-30 19:20:41.642 25887 25887 I AccessibilityNodeInfoDumper: Skipping invisible child: android.view.accessibility.AccessibilityNodeInfo@9b7b; boundsInParent: Rect(0, 0 - 1080, 1731); boundsInScreen: Rect(0, 63 - 0, 1794); packageName: org.inaturalist.android; className: android.widget.LinearLayout; text: null; error: null; maxTextLength: -1; contentDescription: null; viewIdResName: null; checkable: false; checked: false; focusable: false; focused: false; selected: false; clickable: false; longClickable: false; contextClickable: false; enabled: true; password: false; scrollable: false; importantForAccessibility: false; actions: [AccessibilityAction: ACTION_SELECT - null, AccessibilityAction: ACTION_CLEAR_SELECTION - null, AccessibilityAction: ACTION_ACCESSIBILITY_FOCUS - null, AccessibilityAction: ACTION_SHOW_ON_SCREEN - null]
06-30 19:20:41.644 25887 25887 I app_process: Deoptimizing java.lang.String com.android.uiautomator.core.AccessibilityNodeInfoDumper.stripInvalidXMLChars(java.lang.CharSequence) due to JIT inline cache
06-30 19:20:41.644 25887 25887 I AccessibilityNodeInfoDumper: Skipping invisible child: android.view.accessibility.AccessibilityNodeInfo@cc48; boundsInParent: Rect(0, 0 - 1080, 1731); boundsInScreen: Rect(1080, 63 - 1080, 1794); packageName: org.inaturalist.android; className: android.widget.LinearLayout; text: null; error: null; maxTextLength: -1; contentDescription: null; viewIdResName: null; checkable: false; checked: false; focusable: false; focused: false; selected: false; clickable: false; longClickable: false; contextClickable: false; enabled: true; password: false; scrollable: false; importantForAccessibility: false; actions: [AccessibilityAction: ACTION_SELECT - null, AccessibilityAction: ACTION_CLEAR_SELECTION - null, AccessibilityAction: ACTION_ACCESSIBILITY_FOCUS - null, AccessibilityAction: ACTION_SHOW_ON_SCREEN - null]
06-30 19:20:41.646 25887 25887 W AccessibilityNodeInfoDumper: Fetch time: 6ms
06-30 19:20:41.646  1675  8403 W WindowManager: removeWindowToken: Attempted to remove non-existing token: android.os.Binder@5138d5f
06-30 19:20:41.654 25887 25887 D AndroidRuntime: Shutting down VM
06-30 19:20:41.736  1675  3753 I ActivityManager: Force stopping org.inaturalist.android appid=10104 user=0: from pid 25901
06-30 19:20:41.737  1675  3753 I ActivityManager: Killing 25400:org.inaturalist.android/u0a104 (adj 0): stop org.inaturalist.android
06-30 19:20:41.738  1675  1692 W zygote  : kill(-25400, 9) failed: No such process
06-30 19:20:41.739  1675  3753 W ActivityManager: Force removing ActivityRecord{1bbf138 u0 org.inaturalist.android/.TutorialActivity t18}: app died, no saved state
06-30 19:20:41.743  1675  3753 I WindowManager: Failed to capture screenshot of Token{9d4f511 ActivityRecord{1bbf138 u0 org.inaturalist.android/.TutorialActivity t18 f}} appWin=Window{c53106a u0 org.inaturalist.android/org.inaturalist.android.TutorialActivity} drawState=4
06-30 19:20:41.748  1444  5989 D gralloc_ranchu: gralloc_unregister_buffer: exiting HostConnection (is buffer-handling thread)
06-30 19:20:41.751  1444  5989 D         : HostConnection::get() New Host Connection established 0xe99a3a80, tid 5989
06-30 19:20:41.751  1444  5989 D gralloc_ranchu: gralloc_unregister_buffer: exiting HostConnection (is buffer-handling thread)
06-30 19:20:41.752  1444  5989 D         : HostConnection::get() New Host Connection established 0xe99a3a80, tid 5989
06-30 19:20:41.752  1444  5989 D gralloc_ranchu: gralloc_unregister_buffer: exiting HostConnection (is buffer-handling thread)
06-30 19:20:41.752  1444  5989 D         : HostConnection::get() New Host Connection established 0xe99a3a80, tid 5989
06-30 19:20:41.753  1444  5989 D gralloc_ranchu: gralloc_unregister_buffer: exiting HostConnection (is buffer-handling thread)
06-30 19:20:41.753  1444  5989 D         : HostConnection::get() New Host Connection established 0xe99a3a80, tid 5989
06-30 19:20:41.753  1444  5989 D gralloc_ranchu: gralloc_unregister_buffer: exiting HostConnection (is buffer-handling thread)
06-30 19:20:41.753  1444  5989 D         : HostConnection::get() New Host Connection established 0xe99a3a80, tid 5989
06-30 19:20:41.754  1444  5989 D gralloc_ranchu: gralloc_unregister_buffer: exiting HostConnection (is buffer-handling thread)
06-30 19:20:41.761  1444  5989 D         : HostConnection::get() New Host Connection established 0xe99a3a80, tid 5989
06-30 19:20:41.766  1675  3753 I ActivityManager: Start proc 25903:org.inaturalist.android/u0a104 for activity org.inaturalist.android/.OnboardingActivity
06-30 19:20:41.768 25903 25903 W zygote  : Unexpected CPU variant for X86 using defaults: x86
06-30 19:20:41.769  1675  3753 I ActivityManager:   Force finishing activity ActivityRecord{5a96ec1 u0 org.inaturalist.android/.ObservationListActivity.inaturalist t18}
06-30 19:20:41.771  1675  3753 I ActivityManager:   Force finishing activity ActivityRecord{b86a9aa u0 org.inaturalist.android/.OnboardingActivity t18}
06-30 19:20:41.776  1675  3753 I ActivityManager:   Force finishing activity ActivityRecord{5a96ec1 u0 org.inaturalist.android/.ObservationListActivity.inaturalist t18 f}
06-30 19:20:41.776  1675  3753 W ActivityManager: Duplicate finish request for ActivityRecord{5a96ec1 u0 org.inaturalist.android/.ObservationListActivity.inaturalist t18 f}
06-30 19:20:41.776  1675  3753 I ActivityManager:   Force finishing activity ActivityRecord{b86a9aa u0 org.inaturalist.android/.OnboardingActivity t18 f}
06-30 19:20:41.776  1675  3753 W ActivityManager: Duplicate finish request for ActivityRecord{b86a9aa u0 org.inaturalist.android/.OnboardingActivity t18 f}
06-30 19:20:41.777  1675  1692 W zygote  : kill(-25400, 9) failed: No such process
06-30 19:20:41.796  1948  1948 D CarrierSvcBindHelper: No carrier app for: 0
06-30 19:20:41.809  1443  2092 D gralloc_ranchu: gralloc_alloc: Creating ashmem region of size 8298496
06-30 19:20:41.812  1675  3753 I ActivityManager: Killing 24297:com.google.android.apps.wallpaper/u0a31 (adj 906): empty #17
06-30 19:20:41.815  1453  1501 D         : HostConnection::get() New Host Connection established 0xf5eff600, tid 1501
06-30 19:20:41.816  1443  2092 D gralloc_ranchu: gralloc_alloc: Creating ashmem region of size 8298496
06-30 19:20:41.818  1675  1692 W zygote  : kill(-25400, 9) failed: No such process
06-30 19:20:41.827  1675  1697 W ActivityManager: setHasOverlayUi called on unknown pid: 25400
06-30 19:20:41.830  1443  2092 D gralloc_ranchu: gralloc_alloc: Creating ashmem region of size 8298496
06-30 19:20:41.834  1675  1693 I WifiService: requestActivityInfo uid=1000
06-30 19:20:41.834  1675  1693 I WifiService: reportActivityInfo uid=1000
06-30 19:20:41.834  1675  1693 I WifiService: getSupportedFeatures uid=1000
06-30 19:20:41.842  1453  1453 D SurfaceFlinger: duplicate layer name: changing com.google.android.apps.nexuslauncher/com.google.android.apps.nexuslauncher.NexusLauncherActivity to com.google.android.apps.nexuslauncher/com.google.android.apps.nexuslauncher.NexusLauncherActivity#1
06-30 19:20:41.846 25903 25903 I MultiDex: VM with version 2.1.0 has multidex support
06-30 19:20:41.846 25903 25903 I MultiDex: install
06-30 19:20:41.846 25903 25903 I MultiDex: VM has multidex support, MultiDex support library is disabled.
06-30 19:20:41.846 25903 25903 I MultiDex: install
06-30 19:20:41.846 25903 25903 I MultiDex: VM has multidex support, MultiDex support library is disabled.
06-30 19:20:41.855  1443  2092 D gralloc_ranchu: gralloc_alloc: Creating ashmem region of size 8298496
06-30 19:20:41.856 25903 25903 I FirebaseInitProvider: FirebaseApp initialization unsuccessful
06-30 19:20:41.862  1443  1443 D gralloc_ranchu: gralloc_alloc: Creating ashmem region of size 8298496
06-30 19:20:41.863  1675  1692 W zygote  : kill(-25400, 9) failed: No such process
06-30 19:20:41.863  1675  1692 I zygote  : Successfully killed process cgroup uid 10104 pid 25400 in 124ms
06-30 19:20:41.864  1675  1692 W zygote  : kill(-24297, 9) failed: No such process
06-30 19:20:41.865  1675  1692 I zygote  : Successfully killed process cgroup uid 10031 pid 24297 in 1ms
06-30 19:20:41.867  1443  2092 D gralloc_ranchu: gralloc_alloc: Creating ashmem region of size 8298496
06-30 19:20:41.880  3403  3458 D EGL_emulation: eglMakeCurrent: 0xdbd85720: ver 3 0 (tinfo 0xdbd83190)
06-30 19:20:41.903  2350  2593 D EGL_emulation: eglMakeCurrent: 0xcb21b040: ver 3 0 (tinfo 0xcb221660)
06-30 19:20:41.913 25903 25920 W AdvertisingIdClient: Error while reading from SharedPreferences 
06-30 19:20:41.913 25903 25920 W AdvertisingIdClient: java.lang.SecurityException: MODE_WORLD_READABLE no longer supported
06-30 19:20:41.913 25903 25920 W AdvertisingIdClient: 	at android.app.ContextImpl.checkMode(ContextImpl.java:2420)
06-30 19:20:41.913 25903 25920 W AdvertisingIdClient: 	at android.app.ContextImpl.getSharedPreferences(ContextImpl.java:382)
06-30 19:20:41.913 25903 25920 W AdvertisingIdClient: 	at android.app.ContextImpl.getSharedPreferences(ContextImpl.java:372)
06-30 19:20:41.913 25903 25920 W AdvertisingIdClient: 	at com.google.android.gms.ads.identifier.AdvertisingIdClient.getAdvertisingIdInfo(Unknown Source:11)
06-30 19:20:41.913 25903 25920 W AdvertisingIdClient: 	at java.lang.reflect.Method.invoke(Native Method)
06-30 19:20:41.913 25903 25920 W AdvertisingIdClient: 	at com.facebook.internal.Utility.invokeMethodQuietly(Utility.java:808)
06-30 19:20:41.913 25903 25920 W AdvertisingIdClient: 	at com.facebook.internal.AttributionIdentifiers.getAndroidIdViaReflection(AttributionIdentifiers.java:117)
06-30 19:20:41.913 25903 25920 W AdvertisingIdClient: 	at com.facebook.internal.AttributionIdentifiers.getAndroidId(AttributionIdentifiers.java:75)
06-30 19:20:41.913 25903 25920 W AdvertisingIdClient: 	at com.facebook.internal.AttributionIdentifiers.getAttributionIdentifiers(AttributionIdentifiers.java:178)
06-30 19:20:41.913 25903 25920 W AdvertisingIdClient: 	at com.facebook.internal.FetchedAppGateKeepersManager.getAppGateKeepersQueryResponse(FetchedAppGateKeepersManager.java:123)
06-30 19:20:41.913 25903 25920 W AdvertisingIdClient: 	at com.facebook.internal.FetchedAppGateKeepersManager.access$100(FetchedAppGateKeepersManager.java:45)
06-30 19:20:41.913 25903 25920 W AdvertisingIdClient: 	at com.facebook.internal.FetchedAppGateKeepersManager$1.run(FetchedAppGateKeepersManager.java:94)
06-30 19:20:41.913 25903 25920 W AdvertisingIdClient: 	at java.util.concurrent.ThreadPoolExecutor.runWorker(ThreadPoolExecutor.java:1162)
06-30 19:20:41.913 25903 25920 W AdvertisingIdClient: 	at java.util.concurrent.ThreadPoolExecutor$Worker.run(ThreadPoolExecutor.java:636)
06-30 19:20:41.913 25903 25920 W AdvertisingIdClient: 	at java.lang.Thread.run(Thread.java:764)
06-30 19:20:41.923  1821  2022 D EGL_emulation: eglMakeCurrent: 0xcaa53860: ver 3 0 (tinfo 0xcacfc4e0)
06-30 19:20:41.927  1821  2022 D EGL_emulation: eglMakeCurrent: 0xcaa53860: ver 3 0 (tinfo 0xcacfc4e0)
06-30 19:20:41.934 25903 25919 W AdvertisingIdClient: Error while reading from SharedPreferences 
06-30 19:20:41.934 25903 25919 W AdvertisingIdClient: java.lang.SecurityException: MODE_WORLD_READABLE no longer supported
06-30 19:20:41.934 25903 25919 W AdvertisingIdClient: 	at android.app.ContextImpl.checkMode(ContextImpl.java:2420)
06-30 19:20:41.934 25903 25919 W AdvertisingIdClient: 	at android.app.ContextImpl.getSharedPreferences(ContextImpl.java:382)
06-30 19:20:41.934 25903 25919 W AdvertisingIdClient: 	at android.app.ContextImpl.getSharedPreferences(ContextImpl.java:372)
06-30 19:20:41.934 25903 25919 W AdvertisingIdClient: 	at com.google.android.gms.ads.identifier.AdvertisingIdClient.getAdvertisingIdInfo(Unknown Source:11)
06-30 19:20:41.934 25903 25919 W AdvertisingIdClient: 	at java.lang.reflect.Method.invoke(Native Method)
06-30 19:20:41.934 25903 25919 W AdvertisingIdClient: 	at com.facebook.internal.Utility.invokeMethodQuietly(Utility.java:808)
06-30 19:20:41.934 25903 25919 W AdvertisingIdClient: 	at com.facebook.internal.AttributionIdentifiers.getAndroidIdViaReflection(AttributionIdentifiers.java:117)
06-30 19:20:41.934 25903 25919 W AdvertisingIdClient: 	at com.facebook.internal.AttributionIdentifiers.getAndroidId(AttributionIdentifiers.java:75)
06-30 19:20:41.934 25903 25919 W AdvertisingIdClient: 	at com.facebook.internal.AttributionIdentifiers.getAttributionIdentifiers(AttributionIdentifiers.java:178)
06-30 19:20:41.934 25903 25919 W AdvertisingIdClient: 	at com.facebook.internal.FetchedAppSettingsManager.getAppSettingsQueryResponse(FetchedAppSettingsManager.java:357)
06-30 19:20:41.934 25903 25919 W AdvertisingIdClient: 	at com.facebook.internal.FetchedAppSettingsManager.access$100(FetchedAppSettingsManager.java:61)
06-30 19:20:41.934 25903 25919 W AdvertisingIdClient: 	at com.facebook.internal.FetchedAppSettingsManager$1.run(FetchedAppSettingsManager.java:175)
06-30 19:20:41.934 25903 25919 W AdvertisingIdClient: 	at java.util.concurrent.ThreadPoolExecutor.runWorker(ThreadPoolExecutor.java:1162)
06-30 19:20:41.934 25903 25919 W AdvertisingIdClient: 	at java.util.concurrent.ThreadPoolExecutor$Worker.run(ThreadPoolExecutor.java:636)
06-30 19:20:41.934 25903 25919 W AdvertisingIdClient: 	at java.lang.Thread.run(Thread.java:764)
06-30 19:20:41.941  1821  2022 D EGL_emulation: eglMakeCurrent: 0xcaa53860: ver 3 0 (tinfo 0xcacfc4e0)
06-30 19:20:41.956  3403  3403 W SessionLifecycleManager: Handover failed. Creating new session controller.
06-30 19:20:41.960  3403  3403 I OptInState: There is a new client and it does not support opt-in. Dropping request.
06-30 19:20:41.969 25903 25922 W AdvertisingIdClient: Error while reading from SharedPreferences 
06-30 19:20:41.969 25903 25922 W AdvertisingIdClient: java.lang.SecurityException: MODE_WORLD_READABLE no longer supported
06-30 19:20:41.969 25903 25922 W AdvertisingIdClient: 	at android.app.ContextImpl.checkMode(ContextImpl.java:2420)
06-30 19:20:41.969 25903 25922 W AdvertisingIdClient: 	at android.app.ContextImpl.getSharedPreferences(ContextImpl.java:382)
06-30 19:20:41.969 25903 25922 W AdvertisingIdClient: 	at android.app.ContextImpl.getSharedPreferences(ContextImpl.java:372)
06-30 19:20:41.969 25903 25922 W AdvertisingIdClient: 	at com.google.android.gms.ads.identifier.AdvertisingIdClient.getAdvertisingIdInfo(Unknown Source:11)
06-30 19:20:41.969 25903 25922 W AdvertisingIdClient: 	at java.lang.reflect.Method.invoke(Native Method)
06-30 19:20:41.969 25903 25922 W AdvertisingIdClient: 	at com.facebook.internal.Utility.invokeMethodQuietly(Utility.java:808)
06-30 19:20:41.969 25903 25922 W AdvertisingIdClient: 	at com.facebook.internal.AttributionIdentifiers.getAndroidIdViaReflection(AttributionIdentifiers.java:117)
06-30 19:20:41.969 25903 25922 W AdvertisingIdClient: 	at com.facebook.internal.AttributionIdentifiers.getAndroidId(AttributionIdentifiers.java:75)
06-30 19:20:41.969 25903 25922 W AdvertisingIdClient: 	at com.facebook.internal.AttributionIdentifiers.getAttributionIdentifiers(AttributionIdentifiers.java:178)
06-30 19:20:41.969 25903 25922 W AdvertisingIdClient: 	at com.facebook.marketing.internal.RemoteConfigManager$1.run(RemoteConfigManager.java:57)
06-30 19:20:41.969 25903 25922 W AdvertisingIdClient: 	at java.util.concurrent.ThreadPoolExecutor.runWorker(ThreadPoolExecutor.java:1162)
06-30 19:20:41.969 25903 25922 W AdvertisingIdClient: 	at java.util.concurrent.ThreadPoolExecutor$Worker.run(ThreadPoolExecutor.java:636)
06-30 19:20:41.969 25903 25922 W AdvertisingIdClient: 	at java.lang.Thread.run(Thread.java:764)
06-30 19:20:41.970  1675 22554 I WifiService: getConnectionInfo uid=10032
06-30 19:20:41.971  1675  3753 I WifiService: getWifiEnabledState uid=10032
06-30 19:20:41.971  3403 24392 W Settings: Setting mobile_data has moved from android.provider.Settings.Secure to android.provider.Settings.Global.
06-30 19:20:41.976 25903 25926 W AdvertisingIdClient: Error while reading from SharedPreferences 
06-30 19:20:41.976 25903 25926 W AdvertisingIdClient: java.lang.SecurityException: MODE_WORLD_READABLE no longer supported
06-30 19:20:41.976 25903 25926 W AdvertisingIdClient: 	at android.app.ContextImpl.checkMode(ContextImpl.java:2420)
06-30 19:20:41.976 25903 25926 W AdvertisingIdClient: 	at android.app.ContextImpl.getSharedPreferences(ContextImpl.java:382)
06-30 19:20:41.976 25903 25926 W AdvertisingIdClient: 	at android.app.ContextImpl.getSharedPreferences(ContextImpl.java:372)
06-30 19:20:41.976 25903 25926 W AdvertisingIdClient: 	at com.google.android.gms.ads.identifier.AdvertisingIdClient.getAdvertisingIdInfo(Unknown Source:11)
06-30 19:20:41.976 25903 25926 W AdvertisingIdClient: 	at java.lang.reflect.Method.invoke(Native Method)
06-30 19:20:41.976 25903 25926 W AdvertisingIdClient: 	at com.facebook.internal.Utility.invokeMethodQuietly(Utility.java:808)
06-30 19:20:41.976 25903 25926 W AdvertisingIdClient: 	at com.facebook.internal.AttributionIdentifiers.getAndroidIdViaReflection(AttributionIdentifiers.java:117)
06-30 19:20:41.976 25903 25926 W AdvertisingIdClient: 	at com.facebook.internal.AttributionIdentifiers.getAndroidId(AttributionIdentifiers.java:75)
06-30 19:20:41.976 25903 25926 W AdvertisingIdClient: 	at com.facebook.internal.AttributionIdentifiers.getAttributionIdentifiers(AttributionIdentifiers.java:178)
06-30 19:20:41.976 25903 25926 W AdvertisingIdClient: 	at com.facebook.appevents.AppEventCollection.getSessionEventsState(AppEventCollection.java:85)
06-30 19:20:41.976 25903 25926 W AdvertisingIdClient: 	at com.facebook.appevents.AppEventCollection.addEvent(AppEventCollection.java:55)
06-30 19:20:41.976 25903 25926 W AdvertisingIdClient: 	at com.facebook.appevents.AppEventQueue$4.run(AppEventQueue.java:99)
06-30 19:20:41.976 25903 25926 W AdvertisingIdClient: 	at java.util.concurrent.Executors$RunnableAdapter.call(Executors.java:457)
06-30 19:20:41.976 25903 25926 W AdvertisingIdClient: 	at java.util.concurrent.FutureTask.run(FutureTask.java:266)
06-30 19:20:41.976 25903 25926 W AdvertisingIdClient: 	at java.util.concurrent.ScheduledThreadPoolExecutor$ScheduledFutureTask.run(ScheduledThreadPoolExecutor.java:301)
06-30 19:20:41.976 25903 25926 W AdvertisingIdClient: 	at java.util.concurrent.ThreadPoolExecutor.runWorker(ThreadPoolExecutor.java:1162)
06-30 19:20:41.976 25903 25926 W AdvertisingIdClient: 	at java.util.concurrent.ThreadPoolExecutor$Worker.run(ThreadPoolExecutor.java:636)
06-30 19:20:41.976 25903 25926 W AdvertisingIdClient: 	at java.lang.Thread.run(Thread.java:764)
06-30 19:20:41.983  1675 22554 I WifiService: getConnectionInfo uid=10032
06-30 19:20:41.984  1675  3753 I WifiService: getWifiEnabledState uid=10032
06-30 19:20:41.984  3403 24392 W Settings: Setting mobile_data has moved from android.provider.Settings.Secure to android.provider.Settings.Global.
06-30 19:20:41.988  3403 24399 W LocationOracle: No location history returned by ContextManager
06-30 19:20:41.996  3403  3403 I MicroDetectionWorker: #updateMicroDetector [detectionMode: [mDetectionMode: [1]]]
06-30 19:20:41.996  3403  3403 I MicroDetectionWorker: #startMicroDetector [speakerMode: 0]
06-30 19:20:41.997  3403  3403 I AudioController: Using mInputStreamFactoryBuilder
06-30 19:20:42.002  3403 24398 I MicroRecognitionRunner: Starting detection.
06-30 19:20:42.007  3403  3403 I MicroDetectionWorker: onReady
06-30 19:20:42.016  3403 24395 I MicrophoneInputStream: mic_starting com.google.android.apps.gsa.staticplugins.aa.c@35c4103
06-30 19:20:42.018  1547  3271 W ServiceManager: Permission failure: android.permission.RECORD_AUDIO from uid=10032 pid=3403
06-30 19:20:42.018  1547  3271 E         : Request requires android.permission.RECORD_AUDIO
06-30 19:20:42.018  1547  3271 E         : android.permission.CAPTURE_AUDIO_HOTWORD
06-30 19:20:42.019  3403 24395 E AudioRecord: Could not get audio input for session 825, record source 1999, sample rate 16000, format 0x1, channel mask 0x10, flags 0
06-30 19:20:42.022 25903 25903 I Fabric  : Initializing Crashlytics 2.3.3.61
06-30 19:20:42.029  3403 24395 E AudioRecord-JNI: Error creating AudioRecord instance: initialization check failed with status -22.
06-30 19:20:42.029  3403 24395 E android.media.AudioRecord: Error code -20 when initializing native AudioRecord object.
06-30 19:20:42.029  3403 24395 I MicrophoneInputStream: mic_started com.google.android.apps.gsa.staticplugins.aa.c@35c4103
06-30 19:20:42.032  3403 24395 E ActivityThread: Failed to find provider info for com.google.android.apps.gsa.testing.ui.audio.recorded
06-30 19:20:42.033  1675  1685 I zygote  : Background concurrent copying GC freed 49032(3MB) AllocSpace objects, 34(744KB) LOS objects, 37% free, 9MB/15MB, paused 2.785ms total 111.809ms
06-30 19:20:42.034  3403 24395 I MicrophoneInputStream: mic_close com.google.android.apps.gsa.staticplugins.aa.c@35c4103
06-30 19:20:42.034  3403 24398 I MicroRecognitionRunner: Detection finished
06-30 19:20:42.034  3403 24398 W ErrorReporter: reportError [type: 211, code: 524300]: Error reading from input stream
06-30 19:20:42.035  3403  3542 I MicroRecognitionRunner: Stopping hotword detection.
06-30 19:20:42.035  3403 24398 W ErrorProcessor: onFatalError, processing error from engine(4)
06-30 19:20:42.035  3403 24398 W ErrorProcessor: com.google.android.apps.gsa.shared.speech.b.g: Error reading from input stream
06-30 19:20:42.035  3403 24398 W ErrorProcessor: 	at com.google.android.apps.gsa.staticplugins.recognizer.j.a.a(SourceFile:28)
06-30 19:20:42.035  3403 24398 W ErrorProcessor: 	at com.google.android.apps.gsa.staticplugins.recognizer.j.b.run(SourceFile:15)
06-30 19:20:42.035  3403 24398 W ErrorProcessor: 	at java.util.concurrent.Executors$RunnableAdapter.call(Executors.java:457)
06-30 19:20:42.035  3403 24398 W ErrorProcessor: 	at java.util.concurrent.FutureTask.run(FutureTask.java:266)
06-30 19:20:42.035  3403 24398 W ErrorProcessor: 	at java.util.concurrent.Executors$RunnableAdapter.call(Executors.java:457)
06-30 19:20:42.035  3403 24398 W ErrorProcessor: 	at java.util.concurrent.FutureTask.run(FutureTask.java:266)
06-30 19:20:42.035  3403 24398 W ErrorProcessor: 	at com.google.android.apps.gsa.shared.util.concurrent.a.ag.run(Unknown Source:4)
06-30 19:20:42.035  3403 24398 W ErrorProcessor: 	at com.google.android.apps.gsa.shared.util.concurrent.a.bo.run(SourceFile:4)
06-30 19:20:42.035  3403 24398 W ErrorProcessor: 	at com.google.android.apps.gsa.shared.util.concurrent.a.bo.run(SourceFile:4)
06-30 19:20:42.035  3403 24398 W ErrorProcessor: 	at java.util.concurrent.ThreadPoolExecutor.runWorker(ThreadPoolExecutor.java:1162)
06-30 19:20:42.035  3403 24398 W ErrorProcessor: 	at java.util.concurrent.ThreadPoolExecutor$Worker.run(ThreadPoolExecutor.java:636)
06-30 19:20:42.035  3403 24398 W ErrorProcessor: 	at java.lang.Thread.run(Thread.java:764)
06-30 19:20:42.035  3403 24398 W ErrorProcessor: 	at com.google.android.apps.gsa.shared.util.concurrent.a.ak.run(SourceFile:6)
06-30 19:20:42.035  3403 24398 W ErrorProcessor: Caused by: com.google.android.apps.gsa.shared.exception.GsaIOException: Error code: 393238 | Buffer overflow, no available space.
06-30 19:20:42.035  3403 24398 W ErrorProcessor: 	at com.google.android.apps.gsa.speech.audio.Tee.f(SourceFile:103)
06-30 19:20:42.035  3403 24398 W ErrorProcessor: 	at com.google.android.apps.gsa.speech.audio.au.read(SourceFile:2)
