03-19 23:36:38.586  8761  8761 I Input   : injectMotionEvent: MotionEvent { action=ACTION_DOWN, actionButton=0, id[0]=0, x[0]=540.0, y[0]=1454.0, toolType[0]=TOOL_TYPE_UNKNOWN, buttonState=0, metaState=0, flags=0x0, edgeFlags=0x0, pointerCount=1, historySize=0, eventTime=7954293, downTime=7954293, deviceId=0, source=0x1002 }
03-19 23:36:38.588  8761  8761 I Input   : injectMotionEvent: MotionEvent { action=ACTION_UP, actionButton=0, id[0]=0, x[0]=540.0, y[0]=1454.0, toolType[0]=TOOL_TYPE_UNKNOWN, buttonState=0, metaState=0, flags=0x0, edgeFlags=0x0, pointerCount=1, historySize=0, eventTime=7954293, downTime=7954293, deviceId=0, source=0x1002 }
03-19 23:36:38.590  8761  8761 D AndroidRuntime: Shutting down VM
03-19 23:36:38.599  1431  4977 W audio_hw_generic: Not supplying enough data to HAL, expected position 97862609 , only wrote 97862400
03-19 23:36:38.664  1431  4977 W audio_hw_generic: Not supplying enough data to HAL, expected position 97865556 , only wrote 97865280
03-19 23:36:38.665  1431  4977 W audio_hw_generic: Not supplying enough data to HAL, expected position 97865300 , only wrote 97865280
03-19 23:36:38.711  1529  1572 D AudioFlinger: mixer(0xf1a832c0) throttle end: throttle time(6)
03-19 23:36:40.147 18387 18421 W native  : jpeg_io.cc:108 File's first two bytes does not match the sequence 216
03-19 23:36:40.931  1662  1683 I WifiService: requestActivityInfo uid=1000
03-19 23:36:40.931  1662  1683 I WifiService: reportActivityInfo uid=1000
03-19 23:36:40.931  1662  1683 I WifiService: getSupportedFeatures uid=1000
03-19 23:36:41.890  1431  1584 W audio_hw_generic: Not supplying enough data to HAL, expected position 98173003 , only wrote 98020080
03-19 23:36:42.388  1768  1768 W LstmExtension: no lmDescriptor could be found for en_US/20170411
03-19 23:36:42.389  1768  1768 W LstmExtension: no lmDescriptor could be found for en_US/20170411
03-19 23:36:42.605  6085  8794 D UIAutomatorStub: URI: /jsonrpc/0, Method: POST, Header: {content-length=117, remote-addr=127.0.0.1, http-client-ip=127.0.0.1, host=localhost:9008, content-type=application/json, connection=close, accept-encoding=identity, user-agent=Python-urllib/3.7}, params, {NanoHttpd.QUERY_STRING=null}, files: {postData={"jsonrpc": "2.0", "method": "dumpWindowHierarchy", "id": "83a6f28e18a916dc7c7f1809b3ce85a9", "params": [true, null]}}
03-19 23:36:42.608  6085  8794 I UIAutomatorStub: Skipping invisible child: android.view.accessibility.AccessibilityNodeInfo@a2c6; boundsInParent: Rect(0, 0 - 1080, 1731); boundsInScreen: Rect(0, 63 - 0, 1794); packageName: org.inaturalist.android; className: android.widget.LinearLayout; text: null; error: null; maxTextLength: -1; contentDescription: null; viewIdResName: null; checkable: false; checked: false; focusable: false; focused: false; selected: false; clickable: false; longClickable: false; contextClickable: false; enabled: true; password: false; scrollable: false; importantForAccessibility: false; actions: [AccessibilityAction: ACTION_SELECT - null, AccessibilityAction: ACTION_CLEAR_SELECTION - null, AccessibilityAction: ACTION_ACCESSIBILITY_FOCUS - null, AccessibilityAction: ACTION_SHOW_ON_SCREEN - null]
03-19 23:36:42.608  6085  8794 I UIAutomatorStub: Skipping invisible child: android.view.accessibility.AccessibilityNodeInfo@d393; boundsInParent: Rect(0, 0 - 1080, 1731); boundsInScreen: Rect(1080, 63 - 1080, 1794); packageName: org.inaturalist.android; className: android.widget.LinearLayout; text: null; error: null; maxTextLength: -1; contentDescription: null; viewIdResName: null; checkable: false; checked: false; focusable: false; focused: false; selected: false; clickable: false; longClickable: false; contextClickable: false; enabled: true; password: false; scrollable: false; importantForAccessibility: false; actions: [AccessibilityAction: ACTION_SELECT - null, AccessibilityAction: ACTION_CLEAR_SELECTION - null, AccessibilityAction: ACTION_ACCESSIBILITY_FOCUS - null, AccessibilityAction: ACTION_SHOW_ON_SCREEN - null]
03-19 23:36:42.608  6085  8794 I UIAutomatorStub: Skipping invisible child: android.view.accessibility.AccessibilityNodeInfo@80fd; boundsInParent: Rect(0, 0 - 1080, 63); boundsInScreen: Rect(0, 0 - 1080, 63); packageName: org.inaturalist.android; className: android.view.View; text: null; error: null; maxTextLength: -1; contentDescription: null; viewIdResName: android:id/statusBarBackground; checkable: false; checked: false; focusable: false; focused: false; selected: false; clickable: false; longClickable: false; contextClickable: false; enabled: true; password: false; scrollable: false; importantForAccessibility: false; actions: [AccessibilityAction: ACTION_SELECT - null, AccessibilityAction: ACTION_CLEAR_SELECTION - null, AccessibilityAction: ACTION_ACCESSIBILITY_FOCUS - null, AccessibilityAction: ACTION_SHOW_ON_SCREEN - null]
03-19 23:36:42.608  6085  8794 I UIAutomatorStub: Skipping invisible child: android.view.accessibility.AccessibilityNodeInfo@84be; boundsInParent: Rect(0, 0 - 1080, 126); boundsInScreen: Rect(0, 1794 - 1080, 1920); packageName: org.inaturalist.android; className: android.view.View; text: null; error: null; maxTextLength: -1; contentDescription: null; viewIdResName: android:id/navigationBarBackground; checkable: false; checked: false; focusable: false; focused: false; selected: false; clickable: false; longClickable: false; contextClickable: false; enabled: true; password: false; scrollable: false; importantForAccessibility: false; actions: [AccessibilityAction: ACTION_SELECT - null, AccessibilityAction: ACTION_CLEAR_SELECTION - null, AccessibilityAction: ACTION_ACCESSIBILITY_FOCUS - null, AccessibilityAction: ACTION_SHOW_ON_SCREEN - null]
03-19 23:36:42.608  6085  8794 I UIAutomatorStub: Fetch time: 1ms
03-19 23:36:44.542  6085  8813 D UIAutomatorStub: URI: /jsonrpc/0, Method: POST, Header: {content-length=117, remote-addr=127.0.0.1, http-client-ip=127.0.0.1, host=localhost:9008, content-type=application/json, connection=close, accept-encoding=identity, user-agent=Python-urllib/3.7}, params, {NanoHttpd.QUERY_STRING=null}, files: {postData={"jsonrpc": "2.0", "method": "dumpWindowHierarchy", "id": "8034302eeafade3280d4b6d56e6fc475", "params": [true, null]}}
03-19 23:36:44.545  6085  8813 I UIAutomatorStub: Skipping invisible child: android.view.accessibility.AccessibilityNodeInfo@a2c6; boundsInParent: Rect(0, 0 - 1080, 1731); boundsInScreen: Rect(0, 63 - 0, 1794); packageName: org.inaturalist.android; className: android.widget.LinearLayout; text: null; error: null; maxTextLength: -1; contentDescription: null; viewIdResName: null; checkable: false; checked: false; focusable: false; focused: false; selected: false; clickable: false; longClickable: false; contextClickable: false; enabled: true; password: false; scrollable: false; importantForAccessibility: false; actions: [AccessibilityAction: ACTION_SELECT - null, AccessibilityAction: ACTION_CLEAR_SELECTION - null, AccessibilityAction: ACTION_ACCESSIBILITY_FOCUS - null, AccessibilityAction: ACTION_SHOW_ON_SCREEN - null]
03-19 23:36:44.546  6085  8813 I UIAutomatorStub: Skipping invisible child: android.view.accessibility.AccessibilityNodeInfo@d393; boundsInParent: Rect(0, 0 - 1080, 1731); boundsInScreen: Rect(1080, 63 - 1080, 1794); packageName: org.inaturalist.android; className: android.widget.LinearLayout; text: null; error: null; maxTextLength: -1; contentDescription: null; viewIdResName: null; checkable: false; checked: false; focusable: false; focused: false; selected: false; clickable: false; longClickable: false; contextClickable: false; enabled: true; password: false; scrollable: false; importantForAccessibility: false; actions: [AccessibilityAction: ACTION_SELECT - null, AccessibilityAction: ACTION_CLEAR_SELECTION - null, AccessibilityAction: ACTION_ACCESSIBILITY_FOCUS - null, AccessibilityAction: ACTION_SHOW_ON_SCREEN - null]
03-19 23:36:44.546  6085  8813 I UIAutomatorStub: Skipping invisible child: android.view.accessibility.AccessibilityNodeInfo@80fd; boundsInParent: Rect(0, 0 - 1080, 63); boundsInScreen: Rect(0, 0 - 1080, 63); packageName: org.inaturalist.android; className: android.view.View; text: null; error: null; maxTextLength: -1; contentDescription: null; viewIdResName: android:id/statusBarBackground; checkable: false; checked: false; focusable: false; focused: false; selected: false; clickable: false; longClickable: false; contextClickable: false; enabled: true; password: false; scrollable: false; importantForAccessibility: false; actions: [AccessibilityAction: ACTION_SELECT - null, AccessibilityAction: ACTION_CLEAR_SELECTION - null, AccessibilityAction: ACTION_ACCESSIBILITY_FOCUS - null, AccessibilityAction: ACTION_SHOW_ON_SCREEN - null]
03-19 23:36:44.546  6085  8813 I UIAutomatorStub: Skipping invisible child: android.view.accessibility.AccessibilityNodeInfo@84be; boundsInParent: Rect(0, 0 - 1080, 126); boundsInScreen: Rect(0, 1794 - 1080, 1920); packageName: org.inaturalist.android; className: android.view.View; text: null; error: null; maxTextLength: -1; contentDescription: null; viewIdResName: android:id/navigationBarBackground; checkable: false; checked: false; focusable: false; focused: false; selected: false; clickable: false; longClickable: false; contextClickable: false; enabled: true; password: false; scrollable: false; importantForAccessibility: false; actions: [AccessibilityAction: ACTION_SELECT - null, AccessibilityAction: ACTION_CLEAR_SELECTION - null, AccessibilityAction: ACTION_ACCESSIBILITY_FOCUS - null, AccessibilityAction: ACTION_SHOW_ON_SCREEN - null]
03-19 23:36:44.546  6085  8813 I UIAutomatorStub: Fetch time: 1ms
03-19 23:36:45.787  6085  8818 D UIAutomatorStub: URI: /jsonrpc/0, Method: POST, Header: {content-length=117, remote-addr=127.0.0.1, http-client-ip=127.0.0.1, host=localhost:9008, content-type=application/json, connection=close, accept-encoding=identity, user-agent=Python-urllib/3.7}, params, {NanoHttpd.QUERY_STRING=null}, files: {postData={"jsonrpc": "2.0", "method": "dumpWindowHierarchy", "id": "8511a2274bf506cffdc25661eec4cc5f", "params": [true, null]}}
03-19 23:36:45.791  6085  8818 I UIAutomatorStub: Skipping invisible child: android.view.accessibility.AccessibilityNodeInfo@a2c6; boundsInParent: Rect(0, 0 - 1080, 1731); boundsInScreen: Rect(0, 63 - 0, 1794); packageName: org.inaturalist.android; className: android.widget.LinearLayout; text: null; error: null; maxTextLength: -1; contentDescription: null; viewIdResName: null; checkable: false; checked: false; focusable: false; focused: false; selected: false; clickable: false; longClickable: false; contextClickable: false; enabled: true; password: false; scrollable: false; importantForAccessibility: false; actions: [AccessibilityAction: ACTION_SELECT - null, AccessibilityAction: ACTION_CLEAR_SELECTION - null, AccessibilityAction: ACTION_ACCESSIBILITY_FOCUS - null, AccessibilityAction: ACTION_SHOW_ON_SCREEN - null]
03-19 23:36:45.791  6085  8818 I UIAutomatorStub: Skipping invisible child: android.view.accessibility.AccessibilityNodeInfo@d393; boundsInParent: Rect(0, 0 - 1080, 1731); boundsInScreen: Rect(1080, 63 - 1080, 1794); packageName: org.inaturalist.android; className: android.widget.LinearLayout; text: null; error: null; maxTextLength: -1; contentDescription: null; viewIdResName: null; checkable: false; checked: false; focusable: false; focused: false; selected: false; clickable: false; longClickable: false; contextClickable: false; enabled: true; password: false; scrollable: false; importantForAccessibility: false; actions: [AccessibilityAction: ACTION_SELECT - null, AccessibilityAction: ACTION_CLEAR_SELECTION - null, AccessibilityAction: ACTION_ACCESSIBILITY_FOCUS - null, AccessibilityAction: ACTION_SHOW_ON_SCREEN - null]
03-19 23:36:45.791  6085  8818 I UIAutomatorStub: Skipping invisible child: android.view.accessibility.AccessibilityNodeInfo@80fd; boundsInParent: Rect(0, 0 - 1080, 63); boundsInScreen: Rect(0, 0 - 1080, 63); packageName: org.inaturalist.android; className: android.view.View; text: null; error: null; maxTextLength: -1; contentDescription: null; viewIdResName: android:id/statusBarBackground; checkable: false; checked: false; focusable: false; focused: false; selected: false; clickable: false; longClickable: false; contextClickable: false; enabled: true; password: false; scrollable: false; importantForAccessibility: false; actions: [AccessibilityAction: ACTION_SELECT - null, AccessibilityAction: ACTION_CLEAR_SELECTION - null, AccessibilityAction: ACTION_ACCESSIBILITY_FOCUS - null, AccessibilityAction: ACTION_SHOW_ON_SCREEN - null]
03-19 23:36:45.791  6085  8818 I UIAutomatorStub: Skipping invisible child: android.view.accessibility.AccessibilityNodeInfo@84be; boundsInParent: Rect(0, 0 - 1080, 126); boundsInScreen: Rect(0, 1794 - 1080, 1920); packageName: org.inaturalist.android; className: android.view.View; text: null; error: null; maxTextLength: -1; contentDescription: null; viewIdResName: android:id/navigationBarBackground; checkable: false; checked: false; focusable: false; focused: false; selected: false; clickable: false; longClickable: false; contextClickable: false; enabled: true; password: false; scrollable: false; importantForAccessibility: false; actions: [AccessibilityAction: ACTION_SELECT - null, AccessibilityAction: ACTION_CLEAR_SELECTION - null, AccessibilityAction: ACTION_ACCESSIBILITY_FOCUS - null, AccessibilityAction: ACTION_SHOW_ON_SCREEN - null]
03-19 23:36:45.791  6085  8818 I UIAutomatorStub: Fetch time: 1ms
03-19 23:36:46.829  1662  1679 E memtrack: Couldn't load memtrack module
03-19 23:36:46.829  1662  1679 W android.os.Debug: failed to get memory consumption info: -1
03-19 23:36:47.729  6085  8837 D UIAutomatorStub: URI: /jsonrpc/0, Method: POST, Header: {content-length=117, remote-addr=127.0.0.1, http-client-ip=127.0.0.1, host=localhost:9008, content-type=application/json, connection=close, accept-encoding=identity, user-agent=Python-urllib/3.7}, params, {NanoHttpd.QUERY_STRING=null}, files: {postData={"jsonrpc": "2.0", "method": "dumpWindowHierarchy", "id": "69f6df4722d29a54b2f278b1679e6091", "params": [true, null]}}
03-19 23:36:47.733  6085  8837 I UIAutomatorStub: Skipping invisible child: android.view.accessibility.AccessibilityNodeInfo@a2c6; boundsInParent: Rect(0, 0 - 1080, 1731); boundsInScreen: Rect(0, 63 - 0, 1794); packageName: org.inaturalist.android; className: android.widget.LinearLayout; text: null; error: null; maxTextLength: -1; contentDescription: null; viewIdResName: null; checkable: false; checked: false; focusable: false; focused: false; selected: false; clickable: false; longClickable: false; contextClickable: false; enabled: true; password: false; scrollable: false; importantForAccessibility: false; actions: [AccessibilityAction: ACTION_SELECT - null, AccessibilityAction: ACTION_CLEAR_SELECTION - null, AccessibilityAction: ACTION_ACCESSIBILITY_FOCUS - null, AccessibilityAction: ACTION_SHOW_ON_SCREEN - null]
03-19 23:36:47.733  6085  8837 I UIAutomatorStub: Skipping invisible child: android.view.accessibility.AccessibilityNodeInfo@d393; boundsInParent: Rect(0, 0 - 1080, 1731); boundsInScreen: Rect(1080, 63 - 1080, 1794); packageName: org.inaturalist.android; className: android.widget.LinearLayout; text: null; error: null; maxTextLength: -1; contentDescription: null; viewIdResName: null; checkable: false; checked: false; focusable: false; focused: false; selected: false; clickable: false; longClickable: false; contextClickable: false; enabled: true; password: false; scrollable: false; importantForAccessibility: false; actions: [AccessibilityAction: ACTION_SELECT - null, AccessibilityAction: ACTION_CLEAR_SELECTION - null, AccessibilityAction: ACTION_ACCESSIBILITY_FOCUS - null, AccessibilityAction: ACTION_SHOW_ON_SCREEN - null]
03-19 23:36:47.733  6085  8837 I UIAutomatorStub: Skipping invisible child: android.view.accessibility.AccessibilityNodeInfo@80fd; boundsInParent: Rect(0, 0 - 1080, 63); boundsInScreen: Rect(0, 0 - 1080, 63); packageName: org.inaturalist.android; className: android.view.View; text: null; error: null; maxTextLength: -1; contentDescription: null; viewIdResName: android:id/statusBarBackground; checkable: false; checked: false; focusable: false; focused: false; selected: false; clickable: false; longClickable: false; contextClickable: false; enabled: true; password: false; scrollable: false; importantForAccessibility: false; actions: [AccessibilityAction: ACTION_SELECT - null, AccessibilityAction: ACTION_CLEAR_SELECTION - null, AccessibilityAction: ACTION_ACCESSIBILITY_FOCUS - null, AccessibilityAction: ACTION_SHOW_ON_SCREEN - null]
03-19 23:36:47.733  6085  8837 I UIAutomatorStub: Skipping invisible child: android.view.accessibility.AccessibilityNodeInfo@84be; boundsInParent: Rect(0, 0 - 1080, 126); boundsInScreen: Rect(0, 1794 - 1080, 1920); packageName: org.inaturalist.android; className: android.view.View; text: null; error: null; maxTextLength: -1; contentDescription: null; viewIdResName: android:id/navigationBarBackground; checkable: false; checked: false; focusable: false; focused: false; selected: false; clickable: false; longClickable: false; contextClickable: false; enabled: true; password: false; scrollable: false; importantForAccessibility: false; actions: [AccessibilityAction: ACTION_SELECT - null, AccessibilityAction: ACTION_CLEAR_SELECTION - null, AccessibilityAction: ACTION_ACCESSIBILITY_FOCUS - null, AccessibilityAction: ACTION_SHOW_ON_SCREEN - null]
03-19 23:36:47.733  6085  8837 I UIAutomatorStub: Fetch time: 1ms
03-19 23:36:49.820  6085  8863 D UIAutomatorStub: URI: /jsonrpc/0, Method: POST, Header: {content-length=117, remote-addr=127.0.0.1, http-client-ip=127.0.0.1, host=localhost:9008, content-type=application/json, connection=close, accept-encoding=identity, user-agent=Python-urllib/3.7}, params, {NanoHttpd.QUERY_STRING=null}, files: {postData={"jsonrpc": "2.0", "method": "dumpWindowHierarchy", "id": "4a0dd12cca4fa5a00cb0fa5b39cb6129", "params": [true, null]}}
03-19 23:36:49.824  6085  8863 I UIAutomatorStub: Skipping invisible child: android.view.accessibility.AccessibilityNodeInfo@a2c6; boundsInParent: Rect(0, 0 - 1080, 1731); boundsInScreen: Rect(0, 63 - 0, 1794); packageName: org.inaturalist.android; className: android.widget.LinearLayout; text: null; error: null; maxTextLength: -1; contentDescription: null; viewIdResName: null; checkable: false; checked: false; focusable: false; focused: false; selected: false; clickable: false; longClickable: false; contextClickable: false; enabled: true; password: false; scrollable: false; importantForAccessibility: false; actions: [AccessibilityAction: ACTION_SELECT - null, AccessibilityAction: ACTION_CLEAR_SELECTION - null, AccessibilityAction: ACTION_ACCESSIBILITY_FOCUS - null, AccessibilityAction: ACTION_SHOW_ON_SCREEN - null]
03-19 23:36:49.825  6085  8863 I UIAutomatorStub: Skipping invisible child: android.view.accessibility.AccessibilityNodeInfo@d393; boundsInParent: Rect(0, 0 - 1080, 1731); boundsInScreen: Rect(1080, 63 - 1080, 1794); packageName: org.inaturalist.android; className: android.widget.LinearLayout; text: null; error: null; maxTextLength: -1; contentDescription: null; viewIdResName: null; checkable: false; checked: false; focusable: false; focused: false; selected: false; clickable: false; longClickable: false; contextClickable: false; enabled: true; password: false; scrollable: false; importantForAccessibility: false; actions: [AccessibilityAction: ACTION_SELECT - null, AccessibilityAction: ACTION_CLEAR_SELECTION - null, AccessibilityAction: ACTION_ACCESSIBILITY_FOCUS - null, AccessibilityAction: ACTION_SHOW_ON_SCREEN - null]
03-19 23:36:49.825  6085  8863 I UIAutomatorStub: Skipping invisible child: android.view.accessibility.AccessibilityNodeInfo@80fd; boundsInParent: Rect(0, 0 - 1080, 63); boundsInScreen: Rect(0, 0 - 1080, 63); packageName: org.inaturalist.android; className: android.view.View; text: null; error: null; maxTextLength: -1; contentDescription: null; viewIdResName: android:id/statusBarBackground; checkable: false; checked: false; focusable: false; focused: false; selected: false; clickable: false; longClickable: false; contextClickable: false; enabled: true; password: false; scrollable: false; importantForAccessibility: false; actions: [AccessibilityAction: ACTION_SELECT - null, AccessibilityAction: ACTION_CLEAR_SELECTION - null, AccessibilityAction: ACTION_ACCESSIBILITY_FOCUS - null, AccessibilityAction: ACTION_SHOW_ON_SCREEN - null]
03-19 23:36:49.825  6085  8863 I UIAutomatorStub: Skipping invisible child: android.view.accessibility.AccessibilityNodeInfo@84be; boundsInParent: Rect(0, 0 - 1080, 126); boundsInScreen: Rect(0, 1794 - 1080, 1920); packageName: org.inaturalist.android; className: android.view.View; text: null; error: null; maxTextLength: -1; contentDescription: null; viewIdResName: android:id/navigationBarBackground; checkable: false; checked: false; focusable: false; focused: false; selected: false; clickable: false; longClickable: false; contextClickable: false; enabled: true; password: false; scrollable: false; importantForAccessibility: false; actions: [AccessibilityAction: ACTION_SELECT - null, AccessibilityAction: ACTION_CLEAR_SELECTION - null, AccessibilityAction: ACTION_ACCESSIBILITY_FOCUS - null, AccessibilityAction: ACTION_SHOW_ON_SCREEN - null]
03-19 23:36:49.825  6085  8863 I UIAutomatorStub: Fetch time: 1ms
03-19 23:36:51.223  6085  8874 D UIAutomatorStub: URI: /jsonrpc/0, Method: POST, Header: {content-length=117, remote-addr=127.0.0.1, http-client-ip=127.0.0.1, host=localhost:9008, content-type=application/json, connection=close, accept-encoding=identity, user-agent=Python-urllib/3.7}, params, {NanoHttpd.QUERY_STRING=null}, files: {postData={"jsonrpc": "2.0", "method": "dumpWindowHierarchy", "id": "748a7eec79e6583a5f69c31e1d7558c6", "params": [true, null]}}
03-19 23:36:51.227  6085  8874 I UIAutomatorStub: Skipping invisible child: android.view.accessibility.AccessibilityNodeInfo@a2c6; boundsInParent: Rect(0, 0 - 1080, 1731); boundsInScreen: Rect(0, 63 - 0, 1794); packageName: org.inaturalist.android; className: android.widget.LinearLayout; text: null; error: null; maxTextLength: -1; contentDescription: null; viewIdResName: null; checkable: false; checked: false; focusable: false; focused: false; selected: false; clickable: false; longClickable: false; contextClickable: false; enabled: true; password: false; scrollable: false; importantForAccessibility: false; actions: [AccessibilityAction: ACTION_SELECT - null, AccessibilityAction: ACTION_CLEAR_SELECTION - null, AccessibilityAction: ACTION_ACCESSIBILITY_FOCUS - null, AccessibilityAction: ACTION_SHOW_ON_SCREEN - null]
03-19 23:36:51.227  6085  8874 I UIAutomatorStub: Skipping invisible child: android.view.accessibility.AccessibilityNodeInfo@d393; boundsInParent: Rect(0, 0 - 1080, 1731); boundsInScreen: Rect(1080, 63 - 1080, 1794); packageName: org.inaturalist.android; className: android.widget.LinearLayout; text: null; error: null; maxTextLength: -1; contentDescription: null; viewIdResName: null; checkable: false; checked: false; focusable: false; focused: false; selected: false; clickable: false; longClickable: false; contextClickable: false; enabled: true; password: false; scrollable: false; importantForAccessibility: false; actions: [AccessibilityAction: ACTION_SELECT - null, AccessibilityAction: ACTION_CLEAR_SELECTION - null, AccessibilityAction: ACTION_ACCESSIBILITY_FOCUS - null, AccessibilityAction: ACTION_SHOW_ON_SCREEN - null]
03-19 23:36:51.227  6085  8874 I UIAutomatorStub: Skipping invisible child: android.view.accessibility.AccessibilityNodeInfo@80fd; boundsInParent: Rect(0, 0 - 1080, 63); boundsInScreen: Rect(0, 0 - 1080, 63); packageName: org.inaturalist.android; className: android.view.View; text: null; error: null; maxTextLength: -1; contentDescription: null; viewIdResName: android:id/statusBarBackground; checkable: false; checked: false; focusable: false; focused: false; selected: false; clickable: false; longClickable: false; contextClickable: false; enabled: true; password: false; scrollable: false; importantForAccessibility: false; actions: [AccessibilityAction: ACTION_SELECT - null, AccessibilityAction: ACTION_CLEAR_SELECTION - null, AccessibilityAction: ACTION_ACCESSIBILITY_FOCUS - null, AccessibilityAction: ACTION_SHOW_ON_SCREEN - null]
03-19 23:36:51.227  6085  8874 I UIAutomatorStub: Skipping invisible child: android.view.accessibility.AccessibilityNodeInfo@84be; boundsInParent: Rect(0, 0 - 1080, 126); boundsInScreen: Rect(0, 1794 - 1080, 1920); packageName: org.inaturalist.android; className: android.view.View; text: null; error: null; maxTextLength: -1; contentDescription: null; viewIdResName: android:id/navigationBarBackground; checkable: false; checked: false; focusable: false; focused: false; selected: false; clickable: false; longClickable: false; contextClickable: false; enabled: true; password: false; scrollable: false; importantForAccessibility: false; actions: [AccessibilityAction: ACTION_SELECT - null, AccessibilityAction: ACTION_CLEAR_SELECTION - null, AccessibilityAction: ACTION_ACCESSIBILITY_FOCUS - null, AccessibilityAction: ACTION_SHOW_ON_SCREEN - null]
03-19 23:36:51.227  6085  8874 I UIAutomatorStub: Fetch time: 2ms
03-19 23:36:52.327  1662 16421 I ActivityManager: Force stopping org.inaturalist.android appid=10109 user=0: from pid 8879
03-19 23:36:52.327  1662 16421 I ActivityManager: Killing 8521:org.inaturalist.android/u0a109 (adj 0): stop org.inaturalist.android
03-19 23:36:52.328  1662  1682 W zygote  : kill(-8521, 9) failed: No such process
03-19 23:36:52.330  1662 16421 W ActivityManager: Force removing ActivityRecord{aecd7bb u0 org.inaturalist.android/.TutorialActivity t45}: app died, no saved state
03-19 23:36:52.334  1662 16421 I WindowManager: Failed to capture screenshot of Token{63504d8 ActivityRecord{aecd7bb u0 org.inaturalist.android/.TutorialActivity t45 f}} appWin=Window{e7d3775 u0 org.inaturalist.android/org.inaturalist.android.TutorialActivity} drawState=4
03-19 23:36:52.339  1440  1485 D gralloc_ranchu: gralloc_unregister_buffer: exiting HostConnection (is buffer-handling thread)
03-19 23:36:52.340  1440  1485 D         : HostConnection::get() New Host Connection established 0xecaa3a00, tid 1485
03-19 23:36:52.341  1440  1485 D gralloc_ranchu: gralloc_unregister_buffer: exiting HostConnection (is buffer-handling thread)
03-19 23:36:52.341  1440  1485 D         : HostConnection::get() New Host Connection established 0xecaa3a00, tid 1485
03-19 23:36:52.341  1440  1485 D gralloc_ranchu: gralloc_unregister_buffer: exiting HostConnection (is buffer-handling thread)
03-19 23:36:52.341  1440  1485 D         : HostConnection::get() New Host Connection established 0xecaa3a00, tid 1485
03-19 23:36:52.342  1440  1485 D gralloc_ranchu: gralloc_unregister_buffer: exiting HostConnection (is buffer-handling thread)
03-19 23:36:52.342  1440  1485 D         : HostConnection::get() New Host Connection established 0xecaa3a00, tid 1485
03-19 23:36:52.342  1440  1485 D gralloc_ranchu: gralloc_unregister_buffer: exiting HostConnection (is buffer-handling thread)
03-19 23:36:52.342  1440  1485 D         : HostConnection::get() New Host Connection established 0xecaa3a00, tid 1485
03-19 23:36:52.343  1440  1485 D gralloc_ranchu: gralloc_unregister_buffer: exiting HostConnection (is buffer-handling thread)
03-19 23:36:52.347  1440  1485 D         : HostConnection::get() New Host Connection established 0xecaa3a00, tid 1485
03-19 23:36:52.356  8881  8881 W zygote  : Unexpected CPU variant for X86 using defaults: x86
03-19 23:36:52.359  1662 16421 I ActivityManager: Start proc 8881:org.inaturalist.android/u0a109 for activity org.inaturalist.android/.OnboardingActivity
03-19 23:36:52.361  1662 16421 I ActivityManager:   Force finishing activity ActivityRecord{7288bcf u0 org.inaturalist.android/.ObservationListActivity.inaturalist t45}
03-19 23:36:52.366  1662 16421 I ActivityManager:   Force finishing activity ActivityRecord{f684db5 u0 org.inaturalist.android/.OnboardingActivity t45}
03-19 23:36:52.372  1662  1682 W zygote  : kill(-8521, 9) failed: No such process
03-19 23:36:52.372  1662 16421 I ActivityManager:   Force finishing activity ActivityRecord{7288bcf u0 org.inaturalist.android/.ObservationListActivity.inaturalist t45 f}
03-19 23:36:52.372  1662 16421 W ActivityManager: Duplicate finish request for ActivityRecord{7288bcf u0 org.inaturalist.android/.ObservationListActivity.inaturalist t45 f}
03-19 23:36:52.372  1662 16421 I ActivityManager:   Force finishing activity ActivityRecord{f684db5 u0 org.inaturalist.android/.OnboardingActivity t45 f}
03-19 23:36:52.373  1662 16421 W ActivityManager: Duplicate finish request for ActivityRecord{f684db5 u0 org.inaturalist.android/.OnboardingActivity t45 f}
03-19 23:36:52.401  1662  1683 I WifiService: requestActivityInfo uid=1000
03-19 23:36:52.401  1662  1683 I WifiService: reportActivityInfo uid=1000
03-19 23:36:52.401  1662  1683 I WifiService: getSupportedFeatures uid=1000
03-19 23:36:52.403  1662  1728 W InputDispatcher: channel 'ef09f23 org.inaturalist.android/org.inaturalist.android.ObservationListActivity.inaturalist (server)' ~ Consumer closed input channel or an error occurred.  events=0x9
03-19 23:36:52.403  1662  1728 E InputDispatcher: channel 'ef09f23 org.inaturalist.android/org.inaturalist.android.ObservationListActivity.inaturalist (server)' ~ Channel is unrecoverably broken and will be disposed!
03-19 23:36:52.415  1662  4403 I WindowManager: WIN DEATH: Window{ef09f23 u0 org.inaturalist.android/org.inaturalist.android.ObservationListActivity.inaturalist}
03-19 23:36:52.415  1662  4403 W InputDispatcher: Attempted to unregister already unregistered input channel 'ef09f23 org.inaturalist.android/org.inaturalist.android.ObservationListActivity.inaturalist (server)'
03-19 23:36:52.416  1439  1489 D gralloc_ranchu: gralloc_alloc: Creating ashmem region of size 8298496
03-19 23:36:52.417  1662  1682 W zygote  : kill(-8521, 9) failed: No such process
03-19 23:36:52.417  1662  1682 I zygote  : Successfully killed process cgroup uid 10109 pid 8521 in 88ms
03-19 23:36:52.418  1439  1489 D gralloc_ranchu: gralloc_alloc: Creating ashmem region of size 8298496
03-19 23:36:52.420  1439  1489 I chatty  : uid=1000(system) HwBinder:1439_2 identical 1 line
03-19 23:36:52.433  1439  1489 D gralloc_ranchu: gralloc_alloc: Creating ashmem region of size 8298496
03-19 23:36:52.437  1449  1478 D         : HostConnection::get() New Host Connection established 0xf3321280, tid 1478
03-19 23:36:52.439  1662  1711 D         : HostConnection::get() New Host Connection established 0xe9bdd5c0, tid 1711
03-19 23:36:52.442  1912  1912 D CarrierSvcBindHelper: No carrier app for: 0
03-19 23:36:52.448  1662  1687 W ActivityManager: setHasOverlayUi called on unknown pid: 8521
03-19 23:36:52.456  1449  1449 D SurfaceFlinger: duplicate layer name: changing com.google.android.apps.nexuslauncher/com.google.android.apps.nexuslauncher.NexusLauncherActivity to com.google.android.apps.nexuslauncher/com.google.android.apps.nexuslauncher.NexusLauncherActivity#1
03-19 23:36:52.474  2280  2416 D EGL_emulation: eglMakeCurrent: 0xd70fbbe0: ver 3 0 (tinfo 0xd70fccd0)
03-19 23:36:52.483  2353  2709 D EGL_emulation: eglMakeCurrent: 0xe9b85f00: ver 3 0 (tinfo 0xe9b83670)
03-19 23:36:52.485  2081  2509 W GCoreFlp: No location to return for getLastLocation()
03-19 23:36:52.532  1662  1711 D gralloc_ranchu: gralloc_unregister_buffer: exiting HostConnection (is buffer-handling thread)
03-19 23:36:52.532  1662  1711 D         : HostConnection::get() New Host Connection established 0xe9bdd5c0, tid 1711
03-19 23:36:52.534  1662  1711 D gralloc_ranchu: gralloc_unregister_buffer: exiting HostConnection (is buffer-handling thread)
03-19 23:36:52.547  2353  2353 W SessionLifecycleManager: Handover failed. Creating new session controller.
03-19 23:36:52.548  1776  1973 D EGL_emulation: eglMakeCurrent: 0xe9b85480: ver 3 0 (tinfo 0xe9b834f0)
03-19 23:36:52.551  2353  2353 I OptInState: There is a new client and it does not support opt-in. Dropping request.
03-19 23:36:52.554  8881  8902 W AdvertisingIdClient: Error while reading from SharedPreferences 
03-19 23:36:52.554  8881  8902 W AdvertisingIdClient: java.lang.SecurityException: MODE_WORLD_READABLE no longer supported
03-19 23:36:52.554  8881  8902 W AdvertisingIdClient: 	at android.app.ContextImpl.checkMode(ContextImpl.java:2420)
03-19 23:36:52.554  8881  8902 W AdvertisingIdClient: 	at android.app.ContextImpl.getSharedPreferences(ContextImpl.java:382)
03-19 23:36:52.554  8881  8902 W AdvertisingIdClient: 	at android.app.ContextImpl.getSharedPreferences(ContextImpl.java:372)
03-19 23:36:52.554  8881  8902 W AdvertisingIdClient: 	at com.google.android.gms.ads.identifier.AdvertisingIdClient.getAdvertisingIdInfo(Unknown Source:11)
03-19 23:36:52.554  8881  8902 W AdvertisingIdClient: 	at java.lang.reflect.Method.invoke(Native Method)
03-19 23:36:52.554  8881  8902 W AdvertisingIdClient: 	at com.facebook.internal.Utility.invokeMethodQuietly(Utility.java:808)
03-19 23:36:52.554  8881  8902 W AdvertisingIdClient: 	at com.facebook.internal.AttributionIdentifiers.getAndroidIdViaReflection(AttributionIdentifiers.java:117)
03-19 23:36:52.554  8881  8902 W AdvertisingIdClient: 	at com.facebook.internal.AttributionIdentifiers.getAndroidId(AttributionIdentifiers.java:75)
03-19 23:36:52.554  8881  8902 W AdvertisingIdClient: 	at com.facebook.internal.AttributionIdentifiers.getAttributionIdentifiers(AttributionIdentifiers.java:178)
03-19 23:36:52.554  8881  8902 W AdvertisingIdClient: 	at com.facebook.marketing.internal.RemoteConfigManager$1.run(RemoteConfigManager.java:57)
03-19 23:36:52.554  8881  8902 W AdvertisingIdClient: 	at java.util.concurrent.ThreadPoolExecutor.runWorker(ThreadPoolExecutor.java:1162)
03-19 23:36:52.554  8881  8902 W AdvertisingIdClient: 	at java.util.concurrent.ThreadPoolExecutor$Worker.run(ThreadPoolExecutor.java:636)
03-19 23:36:52.554  8881  8902 W AdvertisingIdClient: 	at java.lang.Thread.run(Thread.java:764)
03-19 23:36:52.555  8881  8899 W AdvertisingIdClient: Error while reading from SharedPreferences 
03-19 23:36:52.555  8881  8899 W AdvertisingIdClient: java.lang.SecurityException: MODE_WORLD_READABLE no longer supported
03-19 23:36:52.555  8881  8899 W AdvertisingIdClient: 	at android.app.ContextImpl.checkMode(ContextImpl.java:2420)
03-19 23:36:52.555  8881  8899 W AdvertisingIdClient: 	at android.app.ContextImpl.getSharedPreferences(ContextImpl.java:382)
03-19 23:36:52.555  8881  8899 W AdvertisingIdClient: 	at android.app.ContextImpl.getSharedPreferences(ContextImpl.java:372)
03-19 23:36:52.555  8881  8899 W AdvertisingIdClient: 	at com.google.android.gms.ads.identifier.AdvertisingIdClient.getAdvertisingIdInfo(Unknown Source:11)
03-19 23:36:52.555  8881  8899 W AdvertisingIdClient: 	at java.lang.reflect.Method.invoke(Native Method)
03-19 23:36:52.555  8881  8899 W AdvertisingIdClient: 	at com.facebook.internal.Utility.invokeMethodQuietly(Utility.java:808)
03-19 23:36:52.555  8881  8899 W AdvertisingIdClient: 	at com.facebook.internal.AttributionIdentifiers.getAndroidIdViaReflection(AttributionIdentifiers.java:117)
03-19 23:36:52.555  8881  8899 W AdvertisingIdClient: 	at com.facebook.internal.AttributionIdentifiers.getAndroidId(AttributionIdentifiers.java:75)
03-19 23:36:52.555  8881  8899 W AdvertisingIdClient: 	at com.facebook.internal.AttributionIdentifiers.getAttributionIdentifiers(AttributionIdentifiers.java:178)
03-19 23:36:52.555  8881  8899 W AdvertisingIdClient: 	at com.facebook.internal.FetchedAppGateKeepersManager.getAppGateKeepersQueryResponse(FetchedAppGateKeepersManager.java:123)
03-19 23:36:52.555  8881  8899 W AdvertisingIdClient: 	at com.facebook.internal.FetchedAppGateKeepersManager.access$100(FetchedAppGateKeepersManager.java:45)
03-19 23:36:52.555  8881  8899 W AdvertisingIdClient: 	at com.facebook.internal.FetchedAppGateKeepersManager$1.run(FetchedAppGateKeepersManager.java:94)
03-19 23:36:52.555  8881  8899 W AdvertisingIdClient: 	at java.util.concurrent.ThreadPoolExecutor.runWorker(ThreadPoolExecutor.java:1162)
03-19 23:36:52.555  8881  8899 W AdvertisingIdClient: 	at java.util.concurrent.ThreadPoolExecutor$Worker.run(ThreadPoolExecutor.java:636)
03-19 23:36:52.555  8881  8899 W AdvertisingIdClient: 	at java.lang.Thread.run(Thread.java:764)
03-19 23:36:52.556  8881  8898 W AdvertisingIdClient: Error while reading from SharedPreferences 
03-19 23:36:52.556  8881  8898 W AdvertisingIdClient: java.lang.SecurityException: MODE_WORLD_READABLE no longer supported
03-19 23:36:52.556  8881  8898 W AdvertisingIdClient: 	at android.app.ContextImpl.checkMode(ContextImpl.java:2420)
03-19 23:36:52.556  8881  8898 W AdvertisingIdClient: 	at android.app.ContextImpl.getSharedPreferences(ContextImpl.java:382)
03-19 23:36:52.556  8881  8898 W AdvertisingIdClient: 	at android.app.ContextImpl.getSharedPreferences(ContextImpl.java:372)
03-19 23:36:52.556  8881  8898 W AdvertisingIdClient: 	at com.google.android.gms.ads.identifier.AdvertisingIdClient.getAdvertisingIdInfo(Unknown Source:11)
03-19 23:36:52.556  8881  8898 W AdvertisingIdClient: 	at java.lang.reflect.Method.invoke(Native Method)
03-19 23:36:52.556  8881  8898 W AdvertisingIdClient: 	at com.facebook.internal.Utility.invokeMethodQuietly(Utility.java:808)
03-19 23:36:52.556  8881  8898 W AdvertisingIdClient: 	at com.facebook.internal.AttributionIdentifiers.getAndroidIdViaReflection(AttributionIdentifiers.java:117)
03-19 23:36:52.556  8881  8898 W AdvertisingIdClient: 	at com.facebook.internal.AttributionIdentifiers.getAndroidId(AttributionIdentifiers.java:75)
03-19 23:36:52.556  8881  8898 W AdvertisingIdClient: 	at com.facebook.internal.AttributionIdentifiers.getAttributionIdentifiers(AttributionIdentifiers.java:178)
03-19 23:36:52.556  8881  8898 W AdvertisingIdClient: 	at com.facebook.internal.FetchedAppSettingsManager.getAppSettingsQueryResponse(FetchedAppSettingsManager.java:357)
03-19 23:36:52.556  8881  8898 W AdvertisingIdClient: 	at com.facebook.internal.FetchedAppSettingsManager.access$100(FetchedAppSettingsManager.java:61)
03-19 23:36:52.556  8881  8898 W AdvertisingIdClient: 	at com.facebook.internal.FetchedAppSettingsManager$1.run(FetchedAppSettingsManager.java:175)
03-19 23:36:52.556  8881  8898 W AdvertisingIdClient: 	at java.util.concurrent.ThreadPoolExecutor.runWorker(ThreadPoolExecutor.java:1162)
03-19 23:36:52.556  8881  8898 W AdvertisingIdClient: 	at java.util.concurrent.ThreadPoolExecutor$Worker.run(ThreadPoolExecutor.java:636)
03-19 23:36:52.556  8881  8898 W AdvertisingIdClient: 	at java.lang.Thread.run(Thread.java:764)
03-19 23:36:52.565  1662  4403 I WifiService: getConnectionInfo uid=10032
03-19 23:36:52.565  1662  4403 D WifiPermissionsUtil: Denied: no location permission
03-19 23:36:52.565  1662  4403 D WifiPermissionsUtil: Denied: caller is not the current USE_OPEN_WIFI_PACKAGE
03-19 23:36:52.566  1776  1973 D EGL_emulation: eglMakeCurrent: 0xe9b85480: ver 3 0 (tinfo 0xe9b834f0)
03-19 23:36:52.569  1662  4403 I WifiService: getWifiEnabledState uid=10032
03-19 23:36:52.570  2353  5927 W Settings: Setting mobile_data has moved from android.provider.Settings.Secure to android.provider.Settings.Global.
03-19 23:36:52.573  8881  8905 W AdvertisingIdClient: Error while reading from SharedPreferences 
03-19 23:36:52.573  8881  8905 W AdvertisingIdClient: java.lang.SecurityException: MODE_WORLD_READABLE no longer supported
03-19 23:36:52.573  8881  8905 W AdvertisingIdClient: 	at android.app.ContextImpl.checkMode(ContextImpl.java:2420)
03-19 23:36:52.573  8881  8905 W AdvertisingIdClient: 	at android.app.ContextImpl.getSharedPreferences(ContextImpl.java:382)
03-19 23:36:52.573  8881  8905 W AdvertisingIdClient: 	at android.app.ContextImpl.getSharedPreferences(ContextImpl.java:372)
03-19 23:36:52.573  8881  8905 W AdvertisingIdClient: 	at com.google.android.gms.ads.identifier.AdvertisingIdClient.getAdvertisingIdInfo(Unknown Source:11)
03-19 23:36:52.573  8881  8905 W AdvertisingIdClient: 	at java.lang.reflect.Method.invoke(Native Method)
03-19 23:36:52.573  8881  8905 W AdvertisingIdClient: 	at com.facebook.internal.Utility.invokeMethodQuietly(Utility.java:808)
03-19 23:36:52.573  8881  8905 W AdvertisingIdClient: 	at com.facebook.internal.AttributionIdentifiers.getAndroidIdViaReflection(AttributionIdentifiers.java:117)
03-19 23:36:52.573  8881  8905 W AdvertisingIdClient: 	at com.facebook.internal.AttributionIdentifiers.getAndroidId(AttributionIdentifiers.java:75)
03-19 23:36:52.573  8881  8905 W AdvertisingIdClient: 	at com.facebook.internal.AttributionIdentifiers.getAttributionIdentifiers(AttributionIdentifiers.java:178)
03-19 23:36:52.573  8881  8905 W AdvertisingIdClient: 	at com.facebook.appevents.AppEventCollection.getSessionEventsState(AppEventCollection.java:85)
03-19 23:36:52.573  8881  8905 W AdvertisingIdClient: 	at com.facebook.appevents.AppEventCollection.addEvent(AppEventCollection.java:55)
03-19 23:36:52.573  8881  8905 W AdvertisingIdClient: 	at com.facebook.appevents.AppEventQueue$4.run(AppEventQueue.java:99)
03-19 23:36:52.573  8881  8905 W AdvertisingIdClient: 	at java.util.concurrent.Executors$RunnableAdapter.call(Executors.java:457)
03-19 23:36:52.573  8881  8905 W AdvertisingIdClient: 	at java.util.concurrent.FutureTask.run(FutureTask.java:266)
03-19 23:36:52.573  8881  8905 W AdvertisingIdClient: 	at java.util.concurrent.ScheduledThreadPoolExecutor$ScheduledFutureTask.run(ScheduledThreadPoolExecutor.java:301)
03-19 23:36:52.573  8881  8905 W AdvertisingIdClient: 	at java.util.concurrent.ThreadPoolExecutor.runWorker(ThreadPoolExecutor.java:1162)
03-19 23:36:52.573  8881  8905 W AdvertisingIdClient: 	at java.util.concurrent.ThreadPoolExecutor$Worker.run(ThreadPoolExecutor.java:636)
03-19 23:36:52.573  8881  8905 W AdvertisingIdClient: 	at java.lang.Thread.run(Thread.java:764)
03-19 23:36:52.576  1662  4403 I WifiService: getConnectionInfo uid=10032
03-19 23:36:52.576  1662  4403 D WifiPermissionsUtil: Denied: no location permission
03-19 23:36:52.576  1662  4403 D WifiPermissionsUtil: Denied: caller is not the current USE_OPEN_WIFI_PACKAGE
03-19 23:36:52.583  1662  1934 I WifiService: getWifiEnabledState uid=10032
03-19 23:36:52.583  2353  5927 W Settings: Setting mobile_data has moved from android.provider.Settings.Secure to android.provider.Settings.Global.
03-19 23:36:52.591  2353  2353 I MicroDetectionWorker: #updateMicroDetector [detectionMode: [mDetectionMode: [1]]]
03-19 23:36:52.591  2353  2353 I MicroDetectionWorker: #startMicroDetector [speakerMode: 0]
03-19 23:36:52.592  2353  2353 I AudioController: Using mInputStreamFactoryBuilder
03-19 23:36:52.600  2353 29761 I MicroRecognitionRunner: Starting detection.
03-19 23:36:52.601  2353  5927 I MicrophoneInputStream: mic_starting com.google.android.apps.gsa.staticplugins.aa.c@2605481
03-19 23:36:52.604  1529  1529 W ServiceManager: Permission failure: android.permission.RECORD_AUDIO from uid=10032 pid=2353
03-19 23:36:52.604  1529  1529 E         : Request requires android.permission.RECORD_AUDIO
03-19 23:36:52.604  1529  1529 E         : android.permission.CAPTURE_AUDIO_HOTWORD
03-19 23:36:52.604  2353  2353 I MicroDetectionWorker: onReady
03-19 23:36:52.604  2353  5927 E AudioRecord: Could not get audio input for session 5713, record source 1999, sample rate 16000, format 0x1, channel mask 0x10, flags 0
03-19 23:36:52.609  8881  8881 I Fabric  : Initializing Crashlytics 2.3.3.61
03-19 23:36:52.610  2353  5927 E AudioRecord-JNI: Error creating AudioRecord instance: initialization check failed with status -22.
03-19 23:36:52.610  2353  5927 E android.media.AudioRecord: Error code -20 when initializing native AudioRecord object.
03-19 23:36:52.610  2353  5927 I MicrophoneInputStream: mic_started com.google.android.apps.gsa.staticplugins.aa.c@2605481
03-19 23:36:52.613  2353  5927 E ActivityThread: Failed to find provider info for com.google.android.apps.gsa.testing.ui.audio.recorded
03-19 23:36:52.616  2353  5927 I MicrophoneInputStream: mic_close com.google.android.apps.gsa.staticplugins.aa.c@2605481
03-19 23:36:52.620  2353 29761 I MicroRecognitionRunner: Detection finished
03-19 23:36:52.620  2353 29761 W ErrorReporter: reportError [type: 211, code: 524300]: Error reading from input stream
03-19 23:36:52.621  2353  2762 I MicroRecognitionRunner: Stopping hotword detection.
03-19 23:36:52.621  2353 29761 W ErrorProcessor: onFatalError, processing error from engine(4)
03-19 23:36:52.621  2353 29761 W ErrorProcessor: com.google.android.apps.gsa.shared.speech.b.g: Error reading from input stream
03-19 23:36:52.621  2353 29761 W ErrorProcessor: 	at com.google.android.apps.gsa.staticplugins.recognizer.j.a.a(SourceFile:28)
03-19 23:36:52.621  2353 29761 W ErrorProcessor: 	at com.google.android.apps.gsa.staticplugins.recognizer.j.b.run(SourceFile:15)
03-19 23:36:52.621  2353 29761 W ErrorProcessor: 	at java.util.concurrent.Executors$RunnableAdapter.call(Executors.java:457)
03-19 23:36:52.621  2353 29761 W ErrorProcessor: 	at java.util.concurrent.FutureTask.run(FutureTask.java:266)
03-19 23:36:52.621  2353 29761 W ErrorProcessor: 	at java.util.concurrent.Executors$RunnableAdapter.call(Executors.java:457)
03-19 23:36:52.621  2353 29761 W ErrorProcessor: 	at java.util.concurrent.FutureTask.run(FutureTask.java:266)
03-19 23:36:52.621  2353 29761 W ErrorProcessor: 	at com.google.android.apps.gsa.shared.util.concurrent.a.ag.run(Unknown Source:4)
03-19 23:36:52.621  2353 29761 W ErrorProcessor: 	at com.google.android.apps.gsa.shared.util.concurrent.a.bo.run(SourceFile:4)
03-19 23:36:52.621  2353 29761 W ErrorProcessor: 	at com.google.android.apps.gsa.shared.util.concurrent.a.bo.run(SourceFile:4)
03-19 23:36:52.621  2353 29761 W ErrorProcessor: 	at java.util.concurrent.ThreadPoolExecutor.runWorker(ThreadPoolExecutor.java:1162)
03-19 23:36:52.621  2353 29761 W ErrorProcessor: 	at java.util.concurrent.ThreadPoolExecutor$Worker.run(ThreadPoolExecutor.java:636)
03-19 23:36:52.621  2353 29761 W ErrorProcessor: 	at java.lang.Thread.run(Thread.java:764)
03-19 23:36:52.621  2353 29761 W ErrorProcessor: 	at com.google.android.apps.gsa.shared.util.concurrent.a.ak.run(SourceFile:6)
03-19 23:36:52.621  2353 29761 W ErrorProcessor: Caused by: com.google.android.apps.gsa.shared.exception.GsaIOException: Error code: 393238 | Buffer overflow, no available space.
03-19 23:36:52.621  2353 29761 W ErrorProcessor: 	at com.google.android.apps.gsa.speech.audio.Tee.f(SourceFile:103)
03-19 23:36:52.621  2353 29761 W ErrorProcessor: 	at com.google.android.apps.gsa.speech.audio.au.read(SourceFile:2)
03-19 23:36:52.621  2353 29761 W ErrorProcessor: 	at java.io.InputStream.read(InputStream.java:101)
03-19 23:36:52.621  2353 29761 W ErrorProcessor: 	at com.google.android.apps.gsa.speech.audio.ao.run(SourceFile:18)
03-19 23:36:52.621  2353 29761 W ErrorProcessor: 	at com.google.android.apps.gsa.speech.audio.an.run(SourceFile:2)
03-19 23:36:52.621  2353 29761 W ErrorProcessor: 	... 11 more
03-19 23:36:52.621  2353 29761 I AudioController: internalShutdown
03-19 23:36:52.625  2353  2353 I MicroDetectionWorker: onReady
03-19 23:36:52.634  2353  2353 I MicroDetector: Keeping mic open: false
03-19 23:36:52.634  2353   426 I DeviceStateChecker: DeviceStateChecker cancelled
03-19 23:36:52.635  2353  2353 I MicroDetectionWorker: #onError(false)
03-19 23:36:52.691  8881  8921 W AdvertisingIdClient: Error while reading from SharedPreferences 
03-19 23:36:52.691  8881  8921 W AdvertisingIdClient: java.lang.SecurityException: MODE_WORLD_READABLE no longer supported
03-19 23:36:52.691  8881  8921 W AdvertisingIdClient: 	at android.app.ContextImpl.checkMode(ContextImpl.java:2420)
03-19 23:36:52.691  8881  8921 W AdvertisingIdClient: 	at android.app.ContextImpl.getSharedPreferences(ContextImpl.java:382)
03-19 23:36:52.691  8881  8921 W AdvertisingIdClient: 	at android.app.ContextImpl.getSharedPreferences(ContextImpl.java:372)
03-19 23:36:52.691  8881  8921 W AdvertisingIdClient: 	at com.google.android.gms.ads.identifier.AdvertisingIdClient.getAdvertisingIdInfo(Unknown Source:11)
03-19 23:36:52.691  8881  8921 W AdvertisingIdClient: 	at java.lang.reflect.Method.invoke(Native Method)
03-19 23:36:52.691  8881  8921 W AdvertisingIdClient: 	at io.fabric.sdk.android.services.common.AdvertisingInfoReflectionStrategy.getInfo(AdvertisingInfoReflectionStrategy.java:106)
03-19 23:36:52.691  8881  8921 W AdvertisingIdClient: 	at io.fabric.sdk.android.services.common.AdvertisingInfoReflectionStrategy.getAdvertisingId(AdvertisingInfoReflectionStrategy.java:76)
03-19 23:36:52.691  8881  8921 W AdvertisingIdClient: 	at io.fabric.sdk.android.services.common.AdvertisingInfoReflectionStrategy.getAdvertisingInfo(AdvertisingInfoReflectionStrategy.java:66)
03-19 23:36:52.691  8881  8921 W AdvertisingIdClient: 	at io.fabric.sdk.android.services.common.AdvertisingInfoProvider.getAdvertisingInfoFromStrategies(AdvertisingInfoProvider.java:118)
03-19 23:36:52.691  8881  8921 W AdvertisingIdClient: 	at io.fabric.sdk.android.services.common.AdvertisingInfoProvider.access$000(AdvertisingInfoProvider.java:28)
03-19 23:36:52.691  8881  8921 W AdvertisingIdClient: 	at io.fabric.sdk.android.services.common.AdvertisingInfoProvider$1.onRun(AdvertisingInfoProvider.java:70)
03-19 23:36:52.691  8881  8921 W AdvertisingIdClient: 	at io.fabric.sdk.android.services.common.BackgroundPriorityRunnable.run(BackgroundPriorityRunnable.java:30)
03-19 23:36:52.691  8881  8921 W AdvertisingIdClient: 	at java.lang.Thread.run(Thread.java:764)
03-19 23:36:52.695  8881  8908 D NetworkSecurityConfig: No Network Security Config specified, using platform default
03-19 23:36:52.735  8881  8908 E Fabric  : Unknown error while loading Crashlytics settings. Crashes will be cached until settings can be retrieved.
