--------- beginning of main
06-30 19:18:32.139  3403  3403 I MicroDetectionWorker: #updateMicroDetector [detectionMode: [mDetectionMode: [1]]]
06-30 19:18:32.139  3403  3403 I MicroDetectionWorker: #startMicroDetector [speakerMode: 0]
06-30 19:18:32.140  3403  3403 I AudioController: Using mInputStreamFactoryBuilder
06-30 19:18:32.142  3403  3403 I MicroDetectionWorker: onReady
06-30 19:18:32.143  3403 24399 I MicroRecognitionRunner: Starting detection.
06-30 19:18:32.143  3403 24391 I MicrophoneInputStream: mic_starting com.google.android.apps.gsa.staticplugins.aa.c@4fd9cf4
06-30 19:18:32.144  1547  3271 W ServiceManager: Permission failure: android.permission.RECORD_AUDIO from uid=10032 pid=3403
06-30 19:18:32.144  1547  3271 E         : Request requires android.permission.RECORD_AUDIO
06-30 19:18:32.144  1547  3271 E         : android.permission.CAPTURE_AUDIO_HOTWORD
06-30 19:18:32.144  3403 24391 E AudioRecord: Could not get audio input for session 769, record source 1999, sample rate 16000, format 0x1, channel mask 0x10, flags 0
06-30 19:18:32.144  3403 24391 E AudioRecord-JNI: Error creating AudioRecord instance: initialization check failed with status -22.
06-30 19:18:32.145  3403 24391 E android.media.AudioRecord: Error code -20 when initializing native AudioRecord object.
06-30 19:18:32.145  3403 24391 I MicrophoneInputStream: mic_started com.google.android.apps.gsa.staticplugins.aa.c@4fd9cf4
06-30 19:18:32.147  3403  3403 I MicroDetectionWorker: onReady
06-30 19:18:32.148  1444  1472 D hwcomposer: hw_composer sent 102 syncs in 63s
06-30 19:18:32.152  3403 24391 I MicrophoneInputStream: mic_close com.google.android.apps.gsa.staticplugins.aa.c@4fd9cf4
06-30 19:18:32.152  3403 24399 I MicroRecognitionRunner: Detection finished
06-30 19:18:32.152  3403 24399 W ErrorReporter: reportError [type: 211, code: 524300]: Error reading from input stream
06-30 19:18:32.153  3403  3542 I MicroRecognitionRunner: Stopping hotword detection.
06-30 19:18:32.153  3403 24399 W ErrorProcessor: onFatalError, processing error from engine(4)
06-30 19:18:32.153  3403 24399 W ErrorProcessor: com.google.android.apps.gsa.shared.speech.b.g: Error reading from input stream
06-30 19:18:32.153  3403 24399 W ErrorProcessor: 	at com.google.android.apps.gsa.staticplugins.recognizer.j.a.a(SourceFile:28)
06-30 19:18:32.153  3403 24399 W ErrorProcessor: 	at com.google.android.apps.gsa.staticplugins.recognizer.j.b.run(SourceFile:15)
06-30 19:18:32.153  3403 24399 W ErrorProcessor: 	at java.util.concurrent.Executors$RunnableAdapter.call(Executors.java:457)
06-30 19:18:32.153  3403 24399 W ErrorProcessor: 	at java.util.concurrent.FutureTask.run(FutureTask.java:266)
06-30 19:18:32.153  3403 24399 W ErrorProcessor: 	at java.util.concurrent.Executors$RunnableAdapter.call(Executors.java:457)
06-30 19:18:32.153  3403 24399 W ErrorProcessor: 	at java.util.concurrent.FutureTask.run(FutureTask.java:266)
06-30 19:18:32.153  3403 24399 W ErrorProcessor: 	at com.google.android.apps.gsa.shared.util.concurrent.a.ag.run(Unknown Source:4)
06-30 19:18:32.153  3403 24399 W ErrorProcessor: 	at com.google.android.apps.gsa.shared.util.concurrent.a.bo.run(SourceFile:4)
06-30 19:18:32.153  3403 24399 W ErrorProcessor: 	at com.google.android.apps.gsa.shared.util.concurrent.a.bo.run(SourceFile:4)
06-30 19:18:32.153  3403 24399 W ErrorProcessor: 	at java.util.concurrent.ThreadPoolExecutor.runWorker(ThreadPoolExecutor.java:1162)
06-30 19:18:32.153  3403 24399 W ErrorProcessor: 	at java.util.concurrent.ThreadPoolExecutor$Worker.run(ThreadPoolExecutor.java:636)
06-30 19:18:32.153  3403 24399 W ErrorProcessor: 	at java.lang.Thread.run(Thread.java:764)
06-30 19:18:32.153  3403 24399 W ErrorProcessor: 	at com.google.android.apps.gsa.shared.util.concurrent.a.ak.run(SourceFile:6)
06-30 19:18:32.153  3403 24399 W ErrorProcessor: Caused by: com.google.android.apps.gsa.shared.exception.GsaIOException: Error code: 393238 | Buffer overflow, no available space.
06-30 19:18:32.153  3403 24399 W ErrorProcessor: 	at com.google.android.apps.gsa.speech.audio.Tee.f(SourceFile:103)
06-30 19:18:32.153  3403 24399 W ErrorProcessor: 	at com.google.android.apps.gsa.speech.audio.au.read(SourceFile:2)
06-30 19:18:32.153  3403 24399 W ErrorProcessor: 	at java.io.InputStream.read(InputStream.java:101)
06-30 19:18:32.153  3403 24399 W ErrorProcessor: 	at com.google.android.apps.gsa.speech.audio.ao.run(SourceFile:18)
06-30 19:18:32.153  3403 24399 W ErrorProcessor: 	at com.google.android.apps.gsa.speech.audio.an.run(SourceFile:2)
06-30 19:18:32.153  3403 24399 W ErrorProcessor: 	... 11 more
06-30 19:18:32.153  3403 24399 I AudioController: internalShutdown
06-30 19:18:32.172  3403  3403 I MicroDetector: Keeping mic open: false
06-30 19:18:32.172  3403 24390 I DeviceStateChecker: DeviceStateChecker cancelled
06-30 19:18:32.172  3403  3403 I MicroDetectionWorker: #onError(false)
06-30 19:18:33.078 24622 24622 D AndroidRuntime: >>>>>> START com.android.internal.os.RuntimeInit uid 2000 <<<<<<
06-30 19:18:33.329 24622 24622 W app_process: Unexpected CPU variant for X86 using defaults: x86
06-30 19:18:33.335 24622 24622 I app_process: The ClassLoaderContext is a special shared library.
06-30 19:18:33.412 24622 24622 D AndroidRuntime: Calling main entry com.android.commands.pm.Pm
06-30 19:18:33.424 24622 24622 I app_process: System.exit called, status: 0
06-30 19:18:33.424 24622 24622 I AndroidRuntime: VM exiting with result code 0.
06-30 19:18:35.283  1675  1683 D         : HostConnection::get() New Host Connection established 0xc1956540, tid 1683
06-30 19:18:35.284  1675  1683 D gralloc_ranchu: gralloc_unregister_buffer: exiting HostConnection (is buffer-handling thread)
06-30 19:18:35.285  1675  1683 D         : HostConnection::get() New Host Connection established 0xc1956540, tid 1683
06-30 19:18:35.285  1675  1683 D gralloc_ranchu: gralloc_unregister_buffer: exiting HostConnection (is buffer-handling thread)
06-30 19:18:35.972  1675  1689 E memtrack: Couldn't load memtrack module
06-30 19:18:35.972  1675  1689 W android.os.Debug: failed to get memory consumption info: -1
06-30 19:18:35.983  1675  1689 E memtrack: Couldn't load memtrack module
06-30 19:18:35.984  1675  1689 W android.os.Debug: failed to get memory consumption info: -1
06-30 19:18:35.991  1675  1689 E memtrack: Couldn't load memtrack module
06-30 19:18:35.991  1675  1689 W android.os.Debug: failed to get memory consumption info: -1
06-30 19:18:35.998  1675  1689 E memtrack: Couldn't load memtrack module
06-30 19:18:35.998  1675  1689 W android.os.Debug: failed to get memory consumption info: -1
--------- beginning of system
06-30 19:18:36.010  1675  1706 W PackageParser: No actions in intent filter at /data/app/vmdl1921558423.tmp/base.apk Binary XML file line #153
06-30 19:18:36.024  1675  1706 I PackageManager.DexOptimizer: Running dexopt (dexoptNeeded=1) on: /data/app/org.inaturalist.android-PgweZwfl1qR7xdg2RNDlLg==/base.apk pkg=org.inaturalist.android isa=x86 dexoptFlags=boot_complete,public target-filter=quicken oatDir=/data/app/org.inaturalist.android-PgweZwfl1qR7xdg2RNDlLg==/oat sharedLibraries=PCL[]
06-30 19:18:36.046 24640 24640 W dex2oat : Unexpected CPU variant for X86 using defaults: x86
06-30 19:18:36.049 24640 24640 W dex2oat : Mismatch between dex2oat instruction set features (ISA: X86 Feature string: -ssse3,-sse4.1,-sse4.2,-avx,-avx2,-popcnt) and those of dex2oat executable (ISA: X86 Feature string: ssse3,-sse4.1,-sse4.2,-avx,-avx2,-popcnt) for the command line:
06-30 19:18:36.049 24640 24640 W dex2oat : /system/bin/dex2oat --zip-fd=8 --zip-location=base.apk --input-vdex-fd=-1 --output-vdex-fd=10 --oat-fd=9 --oat-location=/data/app/org.inaturalist.android-PgweZwfl1qR7xdg2RNDlLg==/oat/x86/base.odex --instruction-set=x86 --instruction-set-variant=x86 --instruction-set-features=default --runtime-arg -Xms64m --runtime-arg -Xmx512m --compiler-filter=quicken --swap-fd=11 --classpath-dir=/data/app/org.inaturalist.android-PgweZwfl1qR7xdg2RNDlLg== --class-loader-context=PCL[]
06-30 19:18:36.050 24640 24640 I dex2oat : /system/bin/dex2oat --input-vdex-fd=-1 --output-vdex-fd=10 --compiler-filter=quicken --classpath-dir=/data/app/org.inaturalist.android-PgweZwfl1qR7xdg2RNDlLg== --class-loader-context=PCL[]
06-30 19:18:37.183  3403  3403 I MicroDetectionWorker: #updateMicroDetector [detectionMode: [mDetectionMode: [1]]]
06-30 19:18:37.184  3403  3403 I MicroDetectionWorker: #startMicroDetector [speakerMode: 0]
06-30 19:18:37.187  3403  3403 I AudioController: Using mInputStreamFactoryBuilder
06-30 19:18:37.190  3403  3403 I MicroDetectionWorker: onReady
06-30 19:18:37.198  3403 24398 I MicroRecognitionRunner: Starting detection.
06-30 19:18:37.200  3403 24391 I MicrophoneInputStream: mic_starting com.google.android.apps.gsa.staticplugins.aa.c@812a554
06-30 19:18:37.203  1547  3271 W ServiceManager: Permission failure: android.permission.RECORD_AUDIO from uid=10032 pid=3403
06-30 19:18:37.203  1547  3271 E         : Request requires android.permission.RECORD_AUDIO
06-30 19:18:37.203  1547  3271 E         : android.permission.CAPTURE_AUDIO_HOTWORD
06-30 19:18:37.203  3403 24391 E AudioRecord: Could not get audio input for session 777, record source 1999, sample rate 16000, format 0x1, channel mask 0x10, flags 0
06-30 19:18:37.204  3403 24391 E AudioRecord-JNI: Error creating AudioRecord instance: initialization check failed with status -22.
06-30 19:18:37.205  3403 24391 E android.media.AudioRecord: Error code -20 when initializing native AudioRecord object.
06-30 19:18:37.205  3403 24391 I MicrophoneInputStream: mic_started com.google.android.apps.gsa.staticplugins.aa.c@812a554
06-30 19:18:37.207  3403 24391 E ActivityThread: Failed to find provider info for com.google.android.apps.gsa.testing.ui.audio.recorded
06-30 19:18:37.222  3403  3403 I MicroDetectionWorker: onReady
06-30 19:18:37.266  3403 24391 I MicrophoneInputStream: mic_close com.google.android.apps.gsa.staticplugins.aa.c@812a554
06-30 19:18:37.268  3403 24398 I MicroRecognitionRunner: Detection finished
06-30 19:18:37.269  3403 24398 W ErrorReporter: reportError [type: 211, code: 524300]: Error reading from input stream
06-30 19:18:37.269  3403  3542 I MicroRecognitionRunner: Stopping hotword detection.
06-30 19:18:37.270  3403 24398 W ErrorProcessor: onFatalError, processing error from engine(4)
06-30 19:18:37.270  3403 24398 W ErrorProcessor: com.google.android.apps.gsa.shared.speech.b.g: Error reading from input stream
06-30 19:18:37.270  3403 24398 W ErrorProcessor: 	at com.google.android.apps.gsa.staticplugins.recognizer.j.a.a(SourceFile:28)
06-30 19:18:37.270  3403 24398 W ErrorProcessor: 	at com.google.android.apps.gsa.staticplugins.recognizer.j.b.run(SourceFile:15)
06-30 19:18:37.270  3403 24398 W ErrorProcessor: 	at java.util.concurrent.Executors$RunnableAdapter.call(Executors.java:457)
06-30 19:18:37.270  3403 24398 W ErrorProcessor: 	at java.util.concurrent.FutureTask.run(FutureTask.java:266)
06-30 19:18:37.270  3403 24398 W ErrorProcessor: 	at java.util.concurrent.Executors$RunnableAdapter.call(Executors.java:457)
06-30 19:18:37.270  3403 24398 W ErrorProcessor: 	at java.util.concurrent.FutureTask.run(FutureTask.java:266)
06-30 19:18:37.270  3403 24398 W ErrorProcessor: 	at com.google.android.apps.gsa.shared.util.concurrent.a.ag.run(Unknown Source:4)
06-30 19:18:37.270  3403 24398 W ErrorProcessor: 	at com.google.android.apps.gsa.shared.util.concurrent.a.bo.run(SourceFile:4)
06-30 19:18:37.270  3403 24398 W ErrorProcessor: 	at com.google.android.apps.gsa.shared.util.concurrent.a.bo.run(SourceFile:4)
06-30 19:18:37.270  3403 24398 W ErrorProcessor: 	at java.util.concurrent.ThreadPoolExecutor.runWorker(ThreadPoolExecutor.java:1162)
06-30 19:18:37.270  3403 24398 W ErrorProcessor: 	at java.util.concurrent.ThreadPoolExecutor$Worker.run(ThreadPoolExecutor.java:636)
06-30 19:18:37.270  3403 24398 W ErrorProcessor: 	at java.lang.Thread.run(Thread.java:764)
06-30 19:18:37.270  3403 24398 W ErrorProcessor: 	at com.google.android.apps.gsa.shared.util.concurrent.a.ak.run(SourceFile:6)
06-30 19:18:37.270  3403 24398 W ErrorProcessor: Caused by: com.google.android.apps.gsa.shared.exception.GsaIOException: Error code: 393238 | Buffer overflow, no available space.
06-30 19:18:37.270  3403 24398 W ErrorProcessor: 	at com.google.android.apps.gsa.speech.audio.Tee.f(SourceFile:103)
06-30 19:18:37.270  3403 24398 W ErrorProcessor: 	at com.google.android.apps.gsa.speech.audio.au.read(SourceFile:2)
06-30 19:18:37.270  3403 24398 W ErrorProcessor: 	at java.io.InputStream.read(InputStream.java:101)
06-30 19:18:37.270  3403 24398 W ErrorProcessor: 	at com.google.android.apps.gsa.speech.audio.ao.run(SourceFile:18)
06-30 19:18:37.270  3403 24398 W ErrorProcessor: 	at com.google.android.apps.gsa.speech.audio.an.run(SourceFile:2)
06-30 19:18:37.270  3403 24398 W ErrorProcessor: 	... 11 more
06-30 19:18:37.270  3403 24398 I AudioController: internalShutdown
06-30 19:18:37.272  3403  3403 I MicroDetector: Keeping mic open: false
06-30 19:18:37.272  3403  3403 I MicroDetectionWorker: #onError(false)
06-30 19:18:37.273  3403 24399 I DeviceStateChecker: DeviceStateChecker cancelled
06-30 19:18:40.608 24640 24640 I dex2oat : Explicit concurrent copying GC freed 32817(5MB) AllocSpace objects, 0(0B) LOS objects, 91% free, 136KB/1672KB, paused 274us total 11.588ms
06-30 19:18:40.869 24640 24648 W dex2oat : Method processed more than once: void com.google.android.gms.internal.zzrz.<init>(com.google.android.gms.internal.zzsc)
06-30 19:18:40.870 24640 24648 W dex2oat : Method processed more than once: void com.google.android.gms.internal.zzrz.zza(int, java.lang.String, java.lang.Object, java.lang.Object, java.lang.Object)
06-30 19:18:40.870 24640 24648 W dex2oat : Method processed more than once: java.lang.String com.google.android.gms.internal.zzrz.zzc(java.lang.String, java.lang.Object, java.lang.Object, java.lang.Object)
06-30 19:18:40.870 24640 24648 W dex2oat : Method processed more than once: java.lang.String com.google.android.gms.internal.zzrz.zzk(java.lang.Object)
06-30 19:18:40.870 24640 24648 W dex2oat : Method processed more than once: android.content.Context com.google.android.gms.internal.zzrz.getContext()
06-30 19:18:40.870 24640 24648 W dex2oat : Method processed more than once: void com.google.android.gms.internal.zzrz.zza(java.lang.String, java.lang.Object)
06-30 19:18:40.870 24640 24648 W dex2oat : Method processed more than once: void com.google.android.gms.internal.zzrz.zza(java.lang.String, java.lang.Object, java.lang.Object)
06-30 19:18:40.870 24640 24648 W dex2oat : Method processed more than once: void com.google.android.gms.internal.zzrz.zza(java.lang.String, java.lang.Object, java.lang.Object, java.lang.Object)
06-30 19:18:40.870 24640 24648 W dex2oat : Method processed more than once: void com.google.android.gms.internal.zzrz.zzb(java.lang.String, java.lang.Object)
06-30 19:18:40.870 24640 24648 W dex2oat : Method processed more than once: void com.google.android.gms.internal.zzrz.zzb(java.lang.String, java.lang.Object, java.lang.Object)
06-30 19:18:40.870 24640 24648 W dex2oat : Method processed more than once: void com.google.android.gms.internal.zzrz.zzb(java.lang.String, java.lang.Object, java.lang.Object, java.lang.Object)
06-30 19:18:40.870 24640 24648 W dex2oat : Method processed more than once: void com.google.android.gms.internal.zzrz.zzbP(java.lang.String)
06-30 19:18:40.871 24640 24648 W dex2oat : Method processed more than once: void com.google.android.gms.internal.zzrz.zzbQ(java.lang.String)
06-30 19:18:40.871 24640 24648 W dex2oat : Method processed more than once: void com.google.android.gms.internal.zzrz.zzbR(java.lang.String)
06-30 19:18:40.871 24640 24648 W dex2oat : Method processed more than once: void com.google.android.gms.internal.zzrz.zzbS(java.lang.String)
06-30 19:18:40.871 24640 24648 W dex2oat : Method processed more than once: void com.google.android.gms.internal.zzrz.zzbT(java.lang.String)
06-30 19:18:40.871 24640 24648 W dex2oat : Method processed more than once: void com.google.android.gms.internal.zzrz.zzc(java.lang.String, java.lang.Object)
06-30 19:18:40.871 24640 24648 W dex2oat : Method processed more than once: void com.google.android.gms.internal.zzrz.zzc(java.lang.String, java.lang.Object, java.lang.Object)
06-30 19:18:40.871 24640 24648 W dex2oat : Method processed more than once: void com.google.android.gms.internal.zzrz.zzd(java.lang.String, java.lang.Object)
06-30 19:18:40.871 24640 24648 W dex2oat : Method processed more than once: void com.google.android.gms.internal.zzrz.zzd(java.lang.String, java.lang.Object, java.lang.Object)
06-30 19:18:40.871 24640 24648 W dex2oat : Method processed more than once: void com.google.android.gms.internal.zzrz.zze(java.lang.String, java.lang.Object)
06-30 19:18:40.872 24640 24648 W dex2oat : Method processed more than once: boolean com.google.android.gms.internal.zzrz.zzkI()
06-30 19:18:40.872 24640 24648 W dex2oat : Method processed more than once: com.google.android.gms.internal.zzry com.google.android.gms.internal.zzrz.zzmA()
06-30 19:18:40.872 24640 24648 W dex2oat : Method processed more than once: com.google.android.gms.internal.zztn com.google.android.gms.internal.zzrz.zzmB()
06-30 19:18:40.872 24640 24648 W dex2oat : Method processed more than once: void com.google.android.gms.internal.zzrz.zzmR()
06-30 19:18:40.872 24640 24648 W dex2oat : Method processed more than once: com.google.android.gms.analytics.GoogleAnalytics com.google.android.gms.internal.zzrz.zzmu()
06-30 19:18:40.872 24640 24648 W dex2oat : Method processed more than once: com.google.android.gms.internal.zzsc com.google.android.gms.internal.zzrz.zznQ()
06-30 19:18:40.872 24640 24648 W dex2oat : Method processed more than once: com.google.android.gms.common.util.zze com.google.android.gms.internal.zzrz.zznR()
06-30 19:18:40.872 24640 24648 W dex2oat : Method processed more than once: com.google.android.gms.internal.zztd com.google.android.gms.internal.zzrz.zznS()
06-30 19:18:40.872 24640 24648 W dex2oat : Method processed more than once: com.google.android.gms.internal.zzsp com.google.android.gms.internal.zzrz.zznT()
06-30 19:18:40.873 24640 24648 W dex2oat : Method processed more than once: com.google.android.gms.analytics.zzh com.google.android.gms.internal.zzrz.zznU()
06-30 19:18:40.873 24640 24648 W dex2oat : Method processed more than once: com.google.android.gms.internal.zzst com.google.android.gms.internal.zzrz.zznV()
06-30 19:18:40.873 24640 24648 W dex2oat : Method processed more than once: com.google.android.gms.internal.zztg com.google.android.gms.internal.zzrz.zznW()
06-30 19:18:40.873 24640 24648 W dex2oat : Method processed more than once: com.google.android.gms.internal.zzsk com.google.android.gms.internal.zzrz.zznX()
06-30 19:18:40.873 24640 24648 W dex2oat : Method processed more than once: com.google.android.gms.internal.zzrx com.google.android.gms.internal.zzrz.zznY()
06-30 19:18:40.873 24640 24648 W dex2oat : Method processed more than once: com.google.android.gms.internal.zzsh com.google.android.gms.internal.zzrz.zznZ()
06-30 19:18:40.873 24640 24648 W dex2oat : Method processed more than once: com.google.android.gms.internal.zzss com.google.android.gms.internal.zzrz.zzoa()
06-30 19:18:41.061 24640 24647 W dex2oat : Method processed more than once: void io.fabric.sdk.android.ActivityLifecycleManager$Callbacks.<init>()
06-30 19:18:41.061 24640 24647 W dex2oat : Method processed more than once: void io.fabric.sdk.android.ActivityLifecycleManager$Callbacks.onActivityCreated(android.app.Activity, android.os.Bundle)
06-30 19:18:41.062 24640 24647 W dex2oat : Method processed more than once: void io.fabric.sdk.android.ActivityLifecycleManager$Callbacks.onActivityDestroyed(android.app.Activity)
06-30 19:18:41.062 24640 24647 W dex2oat : Method processed more than once: void io.fabric.sdk.android.ActivityLifecycleManager$Callbacks.onActivityPaused(android.app.Activity)
06-30 19:18:41.062 24640 24647 W dex2oat : Method processed more than once: void io.fabric.sdk.android.ActivityLifecycleManager$Callbacks.onActivityResumed(android.app.Activity)
06-30 19:18:41.062 24640 24647 W dex2oat : Method processed more than once: void io.fabric.sdk.android.ActivityLifecycleManager$Callbacks.onActivitySaveInstanceState(android.app.Activity, android.os.Bundle)
06-30 19:18:41.062 24640 24647 W dex2oat : Method processed more than once: void io.fabric.sdk.android.ActivityLifecycleManager$Callbacks.onActivityStarted(android.app.Activity)
06-30 19:18:41.062 24640 24647 W dex2oat : Method processed more than once: void io.fabric.sdk.android.ActivityLifecycleManager$Callbacks.onActivityStopped(android.app.Activity)
06-30 19:18:41.063 24640 24647 W dex2oat : Method processed more than once: void io.fabric.sdk.android.Kit.<init>()
06-30 19:18:41.063 24640 24647 W dex2oat : Method processed more than once: int io.fabric.sdk.android.Kit.compareTo(io.fabric.sdk.android.Kit)
06-30 19:18:41.063 24640 24647 W dex2oat : Method processed more than once: int io.fabric.sdk.android.Kit.compareTo(java.lang.Object)
06-30 19:18:41.063 24640 24647 W dex2oat : Method processed more than once: boolean io.fabric.sdk.android.Kit.containsAnnotatedDependency(io.fabric.sdk.android.Kit)
06-30 19:18:41.063 24640 24647 W dex2oat : Method processed more than once: android.content.Context io.fabric.sdk.android.Kit.getContext()
06-30 19:18:41.063 24640 24647 W dex2oat : Method processed more than once: java.util.Collection io.fabric.sdk.android.Kit.getDependencies()
06-30 19:18:41.063 24640 24647 W dex2oat : Method processed more than once: io.fabric.sdk.android.Fabric io.fabric.sdk.android.Kit.getFabric()
06-30 19:18:41.063 24640 24640 W dex2oat : Method processed more than once: void io.fabric.sdk.android.services.common.AbstractSpiCall.<clinit>()
06-30 19:18:41.063 24640 24647 W dex2oat : Method processed more than once: io.fabric.sdk.android.services.common.IdManager io.fabric.sdk.android.Kit.getIdManager()
06-30 19:18:41.063 24640 24640 W dex2oat : Method processed more than once: void io.fabric.sdk.android.services.common.AbstractSpiCall.<init>(io.fabric.sdk.android.Kit, java.lang.String, java.lang.String, io.fabric.sdk.android.services.network.HttpRequestFactory, io.fabric.sdk.android.services.network.HttpMethod)
06-30 19:18:41.064 24640 24640 W dex2oat : Method processed more than once: java.lang.String io.fabric.sdk.android.services.common.AbstractSpiCall.overrideProtocolAndHost(java.lang.String)
06-30 19:18:41.064 24640 24647 W dex2oat : Method processed more than once: java.lang.String io.fabric.sdk.android.Kit.getPath()
06-30 19:18:41.064 24640 24640 W dex2oat : Method processed more than once: io.fabric.sdk.android.services.network.HttpRequest io.fabric.sdk.android.services.common.AbstractSpiCall.getHttpRequest()
06-30 19:18:41.064 24640 24647 W dex2oat : Method processed more than once: boolean io.fabric.sdk.android.Kit.hasAnnotatedDependency()
06-30 19:18:41.064 24640 24647 W dex2oat : Method processed more than once: void io.fabric.sdk.android.Kit.initialize()
06-30 19:18:41.064 24640 24647 W dex2oat : Method processed more than once: void io.fabric.sdk.android.Kit.injectParameters(android.content.Context, io.fabric.sdk.android.Fabric, io.fabric.sdk.android.InitializationCallback, io.fabric.sdk.android.services.common.IdManager)
06-30 19:18:41.064 24640 24640 W dex2oat : Method processed more than once: io.fabric.sdk.android.services.network.HttpRequest io.fabric.sdk.android.services.common.AbstractSpiCall.getHttpRequest(java.util.Map)
06-30 19:18:41.064 24640 24640 W dex2oat : Method processed more than once: java.lang.String io.fabric.sdk.android.services.common.AbstractSpiCall.getUrl()
06-30 19:18:41.064 24640 24647 W dex2oat : Method processed more than once: void io.fabric.sdk.android.Kit.onCancelled(java.lang.Object)
06-30 19:18:41.064 24640 24647 W dex2oat : Method processed more than once: void io.fabric.sdk.android.Kit.onPostExecute(java.lang.Object)
06-30 19:18:41.065 24640 24647 W dex2oat : Method processed more than once: boolean io.fabric.sdk.android.Kit.onPreExecute()
06-30 19:18:41.065 24640 24647 W dex2oat : Method processed more than once: void io.fabric.sdk.android.services.common.BackgroundPriorityRunnable.<init>()
06-30 19:18:41.065 24640 24647 W dex2oat : Method processed more than once: void io.fabric.sdk.android.services.common.BackgroundPriorityRunnable.run()
06-30 19:18:41.072 24640 24647 W dex2oat : Method processed more than once: void io.fabric.sdk.android.services.events.EventsFilesManager.<init>(android.content.Context, io.fabric.sdk.android.services.events.EventTransform, io.fabric.sdk.android.services.common.CurrentTimeProvider, io.fabric.sdk.android.services.events.EventsStorage, int)
06-30 19:18:41.072 24640 24647 W dex2oat : Method processed more than once: void io.fabric.sdk.android.services.events.EventsFilesManager.rollFileOverIfNeeded(int)
06-30 19:18:41.072 24640 24647 W dex2oat : Method processed more than once: void io.fabric.sdk.android.services.events.EventsFilesManager.triggerRollOverOnListeners(java.lang.String)
06-30 19:18:41.072 24640 24647 W dex2oat : Method processed more than once: void io.fabric.sdk.android.services.events.EventsFilesManager.deleteAllEventsFiles()
06-30 19:18:41.072 24640 24647 W dex2oat : Method processed more than once: void io.fabric.sdk.android.services.events.EventsFilesManager.deleteOldestInRollOverIfOverMax()
06-30 19:18:41.073 24640 24647 W dex2oat : Method processed more than once: void io.fabric.sdk.android.services.events.EventsFilesManager.deleteSentFiles(java.util.List)
06-30 19:18:41.073 24640 24647 W dex2oat : Method processed more than once: java.util.List io.fabric.sdk.android.services.events.EventsFilesManager.getBatchOfFilesToSend()
06-30 19:18:41.073 24640 24647 W dex2oat : Method processed more than once: long io.fabric.sdk.android.services.events.EventsFilesManager.getLastRollOverTime()
06-30 19:18:41.073 24640 24647 W dex2oat : Method processed more than once: int io.fabric.sdk.android.services.events.EventsFilesManager.getMaxByteSizePerFile()
06-30 19:18:41.073 24640 24647 W dex2oat : Method processed more than once: int io.fabric.sdk.android.services.events.EventsFilesManager.getMaxFilesToKeep()
06-30 19:18:41.073 24640 24647 W dex2oat : Method processed more than once: long io.fabric.sdk.android.services.events.EventsFilesManager.parseCreationTimestampFromFileName(java.lang.String)
06-30 19:18:41.073 24640 24647 W dex2oat : Method processed more than once: void io.fabric.sdk.android.services.events.EventsFilesManager.registerRollOverListener(io.fabric.sdk.android.services.events.EventsStorageListener)
06-30 19:18:41.073 24640 24647 W dex2oat : Method processed more than once: boolean io.fabric.sdk.android.services.events.EventsFilesManager.rollFileOver()
06-30 19:18:41.073 24640 24647 W dex2oat : Method processed more than once: void io.fabric.sdk.android.services.events.EventsFilesManager.writeEvent(java.lang.Object)
06-30 19:18:41.162 24640 24646 W dex2oat : Method processed more than once: void com.google.android.gms.internal.zzaaf.<clinit>()
06-30 19:18:41.162 24640 24646 W dex2oat : Method processed more than once: void com.google.android.gms.internal.zzaaf.<init>()
06-30 19:18:41.162 24640 24646 W dex2oat : Method processed more than once: void com.google.android.gms.internal.zzaaf.<init>(android.os.Looper)
06-30 19:18:41.162 24640 24646 W dex2oat : Method processed more than once: void com.google.android.gms.internal.zzaaf.<init>(com.google.android.gms.common.api.GoogleApiClient)
06-30 19:18:41.163 24640 24646 W dex2oat : Method processed more than once: com.google.android.gms.common.api.Result com.google.android.gms.internal.zzaaf.get()
06-30 19:18:41.163 24640 24646 W dex2oat : Method processed more than once: com.google.android.gms.common.api.Result com.google.android.gms.internal.zzaaf.zza(com.google.android.gms.internal.zzaaf)
06-30 19:18:41.163 24640 24646 W dex2oat : Method processed more than once: void com.google.android.gms.internal.zzaaf.zzc(com.google.android.gms.common.api.Result)
06-30 19:18:41.163 24640 24646 W dex2oat : Method processed more than once: void com.google.android.gms.internal.zzaaf.zzd(com.google.android.gms.common.api.Result)
06-30 19:18:41.163 24640 24646 W dex2oat : Method processed more than once: void com.google.android.gms.internal.zzaaf.zzvG()
06-30 19:18:41.163 24640 24646 W dex2oat : Method processed more than once: com.google.android.gms.common.api.Result com.google.android.gms.internal.zzaaf.await()
06-30 19:18:41.164 24640 24646 W dex2oat : Method processed more than once: com.google.android.gms.common.api.Result com.google.android.gms.internal.zzaaf.await(long, java.util.concurrent.TimeUnit)
06-30 19:18:41.164 24640 24646 W dex2oat : Method processed more than once: void com.google.android.gms.internal.zzaaf.cancel()
06-30 19:18:41.164 24640 24646 W dex2oat : Method processed more than once: boolean com.google.android.gms.internal.zzaaf.isCanceled()
06-30 19:18:41.164 24640 24646 W dex2oat : Method processed more than once: boolean com.google.android.gms.internal.zzaaf.isReady()
06-30 19:18:41.164 24640 24646 W dex2oat : Method processed more than once: void com.google.android.gms.internal.zzaaf.setResultCallback(com.google.android.gms.common.api.ResultCallback)
06-30 19:18:41.164 24640 24646 W dex2oat : Method processed more than once: void com.google.android.gms.internal.zzaaf.setResultCallback(com.google.android.gms.common.api.ResultCallback, long, java.util.concurrent.TimeUnit)
06-30 19:18:41.164 24640 24646 W dex2oat : Method processed more than once: com.google.android.gms.common.api.TransformedResult com.google.android.gms.internal.zzaaf.then(com.google.android.gms.common.api.ResultTransform)
06-30 19:18:41.164 24640 24646 W dex2oat : Method processed more than once: void com.google.android.gms.internal.zzaaf.zzC(com.google.android.gms.common.api.Status)
06-30 19:18:41.164 24640 24646 W dex2oat : Method processed more than once: void com.google.android.gms.internal.zzaaf.zza(com.google.android.gms.common.api.PendingResult$zza)
06-30 19:18:41.164 24640 24646 W dex2oat : Method processed more than once: void com.google.android.gms.internal.zzaaf.zza(com.google.android.gms.common.internal.zzs)
06-30 19:18:41.165 24640 24646 W dex2oat : Method processed more than once: void com.google.android.gms.internal.zzaaf.zza(com.google.android.gms.internal.zzaby$zzb)
06-30 19:18:41.165 24640 24646 W dex2oat : Method processed more than once: void com.google.android.gms.internal.zzaaf.zzb(com.google.android.gms.common.api.Result)
06-30 19:18:41.165 24640 24646 W dex2oat : Method processed more than once: boolean com.google.android.gms.internal.zzaaf.zzvF()
06-30 19:18:41.165 24640 24646 W dex2oat : Method processed more than once: void com.google.android.gms.internal.zzaaf.zzvH()
06-30 19:18:41.165 24640 24646 W dex2oat : Method processed more than once: void com.google.android.gms.internal.zzaaf.zzvI()
06-30 19:18:41.165 24640 24646 W dex2oat : Method processed more than once: java.lang.Integer com.google.android.gms.internal.zzaaf.zzvr()
06-30 19:18:41.175 24640 24647 W dex2oat : Method processed more than once: void com.google.android.gms.internal.zzaiz$zza.<init>()
06-30 19:18:41.175 24640 24647 W dex2oat : Method processed more than once: com.google.android.gms.internal.zzaiz com.google.android.gms.internal.zzaiz$zza.zzbN(android.os.IBinder)
06-30 19:18:41.175 24640 24647 W dex2oat : Method processed more than once: android.os.IBinder com.google.android.gms.internal.zzaiz$zza.asBinder()
06-30 19:18:41.176 24640 24647 W dex2oat : Method processed more than once: boolean com.google.android.gms.internal.zzaiz$zza.onTransact(int, android.os.Parcel, android.os.Parcel, int)
06-30 19:18:41.265 24640 24647 W dex2oat : Method processed more than once: void com.google.android.gms.internal.zzeq$zza.<init>()
06-30 19:18:41.265 24640 24647 W dex2oat : Method processed more than once: com.google.android.gms.internal.zzeq com.google.android.gms.internal.zzeq$zza.zzn(android.os.IBinder)
06-30 19:18:41.265 24640 24647 W dex2oat : Method processed more than once: android.os.IBinder com.google.android.gms.internal.zzeq$zza.asBinder()
06-30 19:18:41.265 24640 24648 W dex2oat : Method processed more than once: void com.google.android.gms.internal.zzer$zza.<init>()
06-30 19:18:41.265 24640 24647 W dex2oat : Method processed more than once: boolean com.google.android.gms.internal.zzeq$zza.onTransact(int, android.os.Parcel, android.os.Parcel, int)
06-30 19:18:41.266 24640 24648 W dex2oat : Method processed more than once: com.google.android.gms.internal.zzer com.google.android.gms.internal.zzer$zza.zzo(android.os.IBinder)
06-30 19:18:41.266 24640 24646 W dex2oat : Method processed more than once: void com.google.android.gms.internal.zzet$zza.<init>()
06-30 19:18:41.266 24640 24648 W dex2oat : Method processed more than once: android.os.IBinder com.google.android.gms.internal.zzer$zza.asBinder()
06-30 19:18:41.266 24640 24646 W dex2oat : Method processed more than once: com.google.android.gms.internal.zzet com.google.android.gms.internal.zzet$zza.zzq(android.os.IBinder)
06-30 19:18:41.266 24640 24646 W dex2oat : Method processed more than once: android.os.IBinder com.google.android.gms.internal.zzet$zza.asBinder()
06-30 19:18:41.266 24640 24648 W dex2oat : Method processed more than once: boolean com.google.android.gms.internal.zzer$zza.onTransact(int, android.os.Parcel, android.os.Parcel, int)
06-30 19:18:41.266 24640 24646 W dex2oat : Method processed more than once: boolean com.google.android.gms.internal.zzet$zza.onTransact(int, android.os.Parcel, android.os.Parcel, int)
06-30 19:18:41.267 24640 24646 W dex2oat : Method processed more than once: void com.google.android.gms.internal.zzew$zza.<init>()
06-30 19:18:41.267 24640 24646 W dex2oat : Method processed more than once: com.google.android.gms.internal.zzew com.google.android.gms.internal.zzew$zza.asInterface(android.os.IBinder)
06-30 19:18:41.267 24640 24646 W dex2oat : Method processed more than once: android.os.IBinder com.google.android.gms.internal.zzew$zza.asBinder()
06-30 19:18:41.267 24640 24646 W dex2oat : Method processed more than once: boolean com.google.android.gms.internal.zzew$zza.onTransact(int, android.os.Parcel, android.os.Parcel, int)
06-30 19:18:41.268 24640 24646 W dex2oat : Method processed more than once: void com.google.android.gms.internal.zzey$zza.<init>()
06-30 19:18:41.268 24640 24646 W dex2oat : Method processed more than once: com.google.android.gms.internal.zzey com.google.android.gms.internal.zzey$zza.zzu(android.os.IBinder)
06-30 19:18:41.268 24640 24646 W dex2oat : Method processed more than once: android.os.IBinder com.google.android.gms.internal.zzey$zza.asBinder()
06-30 19:18:41.268 24640 24646 W dex2oat : Method processed more than once: boolean com.google.android.gms.internal.zzey$zza.onTransact(int, android.os.Parcel, android.os.Parcel, int)
06-30 19:18:41.283 24640 24648 W dex2oat : Method processed more than once: void com.google.android.gms.internal.zzkz$zza.<init>()
06-30 19:18:41.283 24640 24648 W dex2oat : Method processed more than once: com.google.android.gms.internal.zzkz com.google.android.gms.internal.zzkz$zza.zzT(android.os.IBinder)
06-30 19:18:41.283 24640 24648 W dex2oat : Method processed more than once: android.os.IBinder com.google.android.gms.internal.zzkz$zza.asBinder()
06-30 19:18:41.284 24640 24648 W dex2oat : Method processed more than once: boolean com.google.android.gms.internal.zzkz$zza.onTransact(int, android.os.Parcel, android.os.Parcel, int)
06-30 19:18:41.284 24640 24646 W dex2oat : Method processed more than once: void com.google.android.gms.internal.zzld$zza.<init>()
06-30 19:18:41.284 24640 24646 W dex2oat : Method processed more than once: com.google.android.gms.internal.zzld com.google.android.gms.internal.zzld$zza.zzW(android.os.IBinder)
06-30 19:18:41.284 24640 24646 W dex2oat : Method processed more than once: android.os.IBinder com.google.android.gms.internal.zzld$zza.asBinder()
06-30 19:18:41.284 24640 24646 W dex2oat : Method processed more than once: boolean com.google.android.gms.internal.zzld$zza.onTransact(int, android.os.Parcel, android.os.Parcel, int)
06-30 19:18:41.284 24640 24640 W dex2oat : Method processed more than once: void com.google.android.gms.internal.zzlf$zza.<init>()
06-30 19:18:41.284 24640 24640 W dex2oat : Method processed more than once: com.google.android.gms.internal.zzlf com.google.android.gms.internal.zzlf$zza.zzY(android.os.IBinder)
06-30 19:18:41.284 24640 24640 W dex2oat : Method processed more than once: android.os.IBinder com.google.android.gms.internal.zzlf$zza.asBinder()
06-30 19:18:41.285 24640 24640 W dex2oat : Method processed more than once: boolean com.google.android.gms.internal.zzlf$zza.onTransact(int, android.os.Parcel, android.os.Parcel, int)
06-30 19:18:41.285 24640 24648 W dex2oat : Method processed more than once: void com.google.android.gms.internal.zzlh$zza.<init>()
06-30 19:18:41.285 24640 24648 W dex2oat : Method processed more than once: com.google.android.gms.internal.zzlh com.google.android.gms.internal.zzlh$zza.zzaa(android.os.IBinder)
06-30 19:18:41.285 24640 24648 W dex2oat : Method processed more than once: android.os.IBinder com.google.android.gms.internal.zzlh$zza.asBinder()
06-30 19:18:41.285 24640 24648 W dex2oat : Method processed more than once: boolean com.google.android.gms.internal.zzlh$zza.onTransact(int, android.os.Parcel, android.os.Parcel, int)
06-30 19:18:41.290 24640 24648 W dex2oat : Method processed more than once: void com.google.android.gms.internal.zzpj.<init>()
06-30 19:18:41.290 24640 24648 W dex2oat : Method processed more than once: void com.google.android.gms.internal.zzpj.<init>(boolean)
06-30 19:18:41.290 24640 24648 W dex2oat : Method processed more than once: java.lang.Thread com.google.android.gms.internal.zzpj.zza(com.google.android.gms.internal.zzpj, java.lang.Thread)
06-30 19:18:41.290 24640 24648 W dex2oat : Method processed more than once: void com.google.android.gms.internal.zzpj.cancel()
06-30 19:18:41.291 24640 24648 W dex2oat : Method processed more than once: java.lang.Object com.google.android.gms.internal.zzpj.zziP()
06-30 19:18:41.291 24640 24648 W dex2oat : Method processed more than once: java.util.concurrent.Future com.google.android.gms.internal.zzpj.zzkG()
06-30 19:18:41.297 24640 24648 W dex2oat : Method processed more than once: void com.google.android.gms.internal.zzsa.<init>(com.google.android.gms.internal.zzsc)
06-30 19:18:41.297 24640 24648 W dex2oat : Method processed more than once: void com.google.android.gms.internal.zzsa.initialize()
06-30 19:18:41.297 24640 24648 W dex2oat : Method processed more than once: boolean com.google.android.gms.internal.zzsa.isInitialized()
06-30 19:18:41.297 24640 24648 W dex2oat : Method processed more than once: void com.google.android.gms.internal.zzsa.zzob()
06-30 19:18:41.417 24640 24646 W dex2oat : Method processed more than once: void io.fabric.sdk.android.services.concurrency.PriorityTask.<init>()
06-30 19:18:41.417 24640 24646 W dex2oat : Method processed more than once: boolean io.fabric.sdk.android.services.concurrency.PriorityTask.isProperDelegate(java.lang.Object)
06-30 19:18:41.418 24640 24646 W dex2oat : Method processed more than once: void io.fabric.sdk.android.services.concurrency.PriorityTask.addDependency(io.fabric.sdk.android.services.concurrency.Task)
06-30 19:18:41.418 24640 24646 W dex2oat : Method processed more than once: void io.fabric.sdk.android.services.concurrency.PriorityTask.addDependency(java.lang.Object)
06-30 19:18:41.418 24640 24646 W dex2oat : Method processed more than once: boolean io.fabric.sdk.android.services.concurrency.PriorityTask.areDependenciesMet()
06-30 19:18:41.418 24640 24646 W dex2oat : Method processed more than once: int io.fabric.sdk.android.services.concurrency.PriorityTask.compareTo(java.lang.Object)
06-30 19:18:41.419 24640 24646 W dex2oat : Method processed more than once: java.util.Collection io.fabric.sdk.android.services.concurrency.PriorityTask.getDependencies()
06-30 19:18:41.419 24640 24646 W dex2oat : Method processed more than once: java.lang.Throwable io.fabric.sdk.android.services.concurrency.PriorityTask.getError()
06-30 19:18:41.419 24640 24646 W dex2oat : Method processed more than once: io.fabric.sdk.android.services.concurrency.Priority io.fabric.sdk.android.services.concurrency.PriorityTask.getPriority()
06-30 19:18:41.419 24640 24647 W dex2oat : Method processed more than once: void io.fabric.sdk.android.services.events.EventsHandler.<init>(android.content.Context, io.fabric.sdk.android.services.events.EventsStrategy, io.fabric.sdk.android.services.events.EventsFilesManager, java.util.concurrent.ScheduledExecutorService)
06-30 19:18:41.419 24640 24646 W dex2oat : Method processed more than once: boolean io.fabric.sdk.android.services.concurrency.PriorityTask.isFinished()
06-30 19:18:41.419 24640 24646 W dex2oat : Method processed more than once: void io.fabric.sdk.android.services.concurrency.PriorityTask.setError(java.lang.Throwable)
06-30 19:18:41.419 24640 24646 W dex2oat : Method processed more than once: void io.fabric.sdk.android.services.concurrency.PriorityTask.setFinished(boolean)
06-30 19:18:41.420 24640 24647 W dex2oat : Method processed more than once: void io.fabric.sdk.android.services.events.EventsHandler.disable()
06-30 19:18:41.420 24640 24647 W dex2oat : Method processed more than once: void io.fabric.sdk.android.services.events.EventsHandler.executeAsync(java.lang.Runnable)
06-30 19:18:41.421 24640 24647 W dex2oat : Method processed more than once: void io.fabric.sdk.android.services.events.EventsHandler.executeSync(java.lang.Runnable)
06-30 19:18:41.421 24640 24647 W dex2oat : Method processed more than once: void io.fabric.sdk.android.services.events.EventsHandler.onRollOver(java.lang.String)
06-30 19:18:41.421 24640 24647 W dex2oat : Method processed more than once: void io.fabric.sdk.android.services.events.EventsHandler.recordEventAsync(java.lang.Object, boolean)
06-30 19:18:41.421 24640 24647 W dex2oat : Method processed more than once: void io.fabric.sdk.android.services.events.EventsHandler.recordEventSync(java.lang.Object)
06-30 19:18:41.497 24640 24647 W dex2oat : Method processed more than once: void com.google.android.gms.internal.zzaad$zza.<init>(com.google.android.gms.common.api.Api$zzc, com.google.android.gms.common.api.GoogleApiClient)
06-30 19:18:41.497 24640 24647 W dex2oat : Method processed more than once: void com.google.android.gms.internal.zzaad$zza.<init>(com.google.android.gms.common.api.Api, com.google.android.gms.common.api.GoogleApiClient)
06-30 19:18:41.498 24640 24647 W dex2oat : Method processed more than once: void com.google.android.gms.internal.zzaad$zza.zzc(android.os.RemoteException)
06-30 19:18:41.498 24640 24647 W dex2oat : Method processed more than once: com.google.android.gms.common.api.Api com.google.android.gms.internal.zzaad$zza.getApi()
06-30 19:18:41.498 24640 24647 W dex2oat : Method processed more than once: void com.google.android.gms.internal.zzaad$zza.setResult(java.lang.Object)
06-30 19:18:41.498 24640 24647 W dex2oat : Method processed more than once: void com.google.android.gms.internal.zzaad$zza.zzB(com.google.android.gms.common.api.Status)
06-30 19:18:41.498 24640 24647 W dex2oat : Method processed more than once: void com.google.android.gms.internal.zzaad$zza.zzb(com.google.android.gms.common.api.Api$zzb)
06-30 19:18:41.498 24640 24647 W dex2oat : Method processed more than once: com.google.android.gms.common.api.Api$zzc com.google.android.gms.internal.zzaad$zza.zzvg()
06-30 19:18:41.674 24640 24640 W dex2oat : Method processed more than once: void io.fabric.sdk.android.services.concurrency.PriorityCallable.<init>()
06-30 19:18:41.674 24640 24647 W dex2oat : Method processed more than once: void io.fabric.sdk.android.services.events.DisabledEventsStrategy.<init>()
06-30 19:18:41.674 24640 24647 W dex2oat : Method processed more than once: void io.fabric.sdk.android.services.events.DisabledEventsStrategy.cancelTimeBasedFileRollOver()
06-30 19:18:41.674 24640 24647 W dex2oat : Method processed more than once: void io.fabric.sdk.android.services.events.DisabledEventsStrategy.deleteAllEvents()
06-30 19:18:41.674 24640 24647 W dex2oat : Method processed more than once: io.fabric.sdk.android.services.events.FilesSender io.fabric.sdk.android.services.events.DisabledEventsStrategy.getFilesSender()
06-30 19:18:41.674 24640 24647 W dex2oat : Method processed more than once: void io.fabric.sdk.android.services.events.DisabledEventsStrategy.recordEvent(java.lang.Object)
06-30 19:18:41.675 24640 24647 W dex2oat : Method processed more than once: boolean io.fabric.sdk.android.services.events.DisabledEventsStrategy.rollFileOver()
06-30 19:18:41.675 24640 24647 W dex2oat : Method processed more than once: void io.fabric.sdk.android.services.events.DisabledEventsStrategy.scheduleTimeBasedRollOverIfNeeded()
06-30 19:18:41.675 24640 24647 W dex2oat : Method processed more than once: void io.fabric.sdk.android.services.events.DisabledEventsStrategy.sendEvents()
06-30 19:18:41.675 24640 24640 W dex2oat : Method processed more than once: void io.fabric.sdk.android.services.events.EnabledEventsStrategy.<init>(android.content.Context, java.util.concurrent.ScheduledExecutorService, io.fabric.sdk.android.services.events.EventsFilesManager)
06-30 19:18:41.675 24640 24640 W dex2oat : Method processed more than once: void io.fabric.sdk.android.services.events.EnabledEventsStrategy.cancelTimeBasedFileRollOver()
06-30 19:18:41.675 24640 24640 W dex2oat : Method processed more than once: void io.fabric.sdk.android.services.events.EnabledEventsStrategy.configureRollover(int)
06-30 19:18:41.675 24640 24640 W dex2oat : Method processed more than once: void io.fabric.sdk.android.services.events.EnabledEventsStrategy.deleteAllEvents()
06-30 19:18:41.676 24640 24640 W dex2oat : Method processed more than once: void io.fabric.sdk.android.services.events.EnabledEventsStrategy.recordEvent(java.lang.Object)
06-30 19:18:41.676 24640 24640 W dex2oat : Method processed more than once: boolean io.fabric.sdk.android.services.events.EnabledEventsStrategy.rollFileOver()
06-30 19:18:41.676 24640 24640 W dex2oat : Method processed more than once: void io.fabric.sdk.android.services.events.EnabledEventsStrategy.scheduleTimeBasedFileRollOver(long, long)
06-30 19:18:41.676 24640 24640 W dex2oat : Method processed more than once: void io.fabric.sdk.android.services.events.EnabledEventsStrategy.scheduleTimeBasedRollOverIfNeeded()
06-30 19:18:41.676 24640 24640 W dex2oat : Method processed more than once: void io.fabric.sdk.android.services.events.EnabledEventsStrategy.sendAndCleanUpIfSuccess()
06-30 19:18:41.676 24640 24640 W dex2oat : Method processed more than once: void io.fabric.sdk.android.services.events.EnabledEventsStrategy.sendEvents()
06-30 19:18:41.732 24640 24647 W dex2oat : Method processed more than once: void com.google.android.gms.internal.zzyn.<init>(com.google.android.gms.common.api.GoogleApiClient)
06-30 19:18:41.732 24640 24647 W dex2oat : Method processed more than once: void com.google.android.gms.internal.zzyn.setResult(java.lang.Object)
06-30 19:18:41.732 24640 24647 W dex2oat : Method processed more than once: void com.google.android.gms.internal.zzyn.zzck(int)
06-30 19:18:41.732 24640 24647 W dex2oat : Method processed more than once: void com.google.android.gms.internal.zzyn.zze(int, java.lang.String)
06-30 19:18:41.765 24640 24640 W dex2oat : Method processed more than once: void com.google.android.gms.internal.zzyv.<init>(com.google.android.gms.common.api.GoogleApiClient)
06-30 19:18:41.765 24640 24640 W dex2oat : Method processed more than once: void com.google.android.gms.internal.zzyv.zza(com.google.android.gms.common.api.Api$zzb)
06-30 19:18:41.765 24640 24640 W dex2oat : Method processed more than once: void com.google.android.gms.internal.zzyv.zza(com.google.android.gms.internal.zzyq)
06-30 19:18:41.766 24640 24640 W dex2oat : Method processed more than once: com.google.android.gms.common.api.Status com.google.android.gms.internal.zzyv.zzb(com.google.android.gms.common.api.Status)
06-30 19:18:41.766 24640 24640 W dex2oat : Method processed more than once: com.google.android.gms.common.api.Result com.google.android.gms.internal.zzyv.zzc(com.google.android.gms.common.api.Status)
06-30 19:18:42.281  3403  3403 I MicroDetectionWorker: #updateMicroDetector [detectionMode: [mDetectionMode: [1]]]
06-30 19:18:42.281  3403  3403 I MicroDetectionWorker: #startMicroDetector [speakerMode: 0]
06-30 19:18:42.282  3403  3403 I AudioController: Using mInputStreamFactoryBuilder
06-30 19:18:42.283  3403  3403 I MicroDetectionWorker: onReady
06-30 19:18:42.298  3403 24399 I MicroRecognitionRunner: Starting detection.
06-30 19:18:42.298  3403 24391 I MicrophoneInputStream: mic_starting com.google.android.apps.gsa.staticplugins.aa.c@3ff18fa
06-30 19:18:42.300  1547  3271 W ServiceManager: Permission failure: android.permission.RECORD_AUDIO from uid=10032 pid=3403
06-30 19:18:42.300  1547  3271 E         : Request requires android.permission.RECORD_AUDIO
06-30 19:18:42.300  1547  3271 E         : android.permission.CAPTURE_AUDIO_HOTWORD
06-30 19:18:42.300  3403 24391 E AudioRecord: Could not get audio input for session 785, record source 1999, sample rate 16000, format 0x1, channel mask 0x10, flags 0
06-30 19:18:42.307  3403 24391 E AudioRecord-JNI: Error creating AudioRecord instance: initialization check failed with status -22.
06-30 19:18:42.307  3403 24391 E android.media.AudioRecord: Error code -20 when initializing native AudioRecord object.
06-30 19:18:42.307  3403 24391 I MicrophoneInputStream: mic_started com.google.android.apps.gsa.staticplugins.aa.c@3ff18fa
06-30 19:18:42.324  3403  3403 I MicroDetectionWorker: onReady
