06-30 19:19:05.211 24834 24834 I app_process: The ClassLoaderContext is a special shared library.
06-30 19:19:05.211 24834 24834 I app_process: The ClassLoaderContext is a special shared library.
06-30 19:19:05.229 24834 24834 D AndroidRuntime: Calling main entry com.android.commands.uiautomator.Launcher
06-30 19:19:06.253 24834 24834 I AccessibilityNodeInfoDumper: Skipping invisible child: android.view.accessibility.AccessibilityNodeInfo@9e0b; boundsInParent: Rect(0, 0 - 1080, 1731); boundsInScreen: Rect(1080, 63 - 1080, 1794); packageName: org.inaturalist.android; className: android.widget.LinearLayout; text: null; error: null; maxTextLength: -1; contentDescription: null; viewIdResName: null; checkable: false; checked: false; focusable: false; focused: false; selected: false; clickable: false; longClickable: false; contextClickable: false; enabled: true; password: false; scrollable: false; importantForAccessibility: false; actions: [AccessibilityAction: ACTION_SELECT - null, AccessibilityAction: ACTION_CLEAR_SELECTION - null, AccessibilityAction: ACTION_ACCESSIBILITY_FOCUS - null, AccessibilityAction: ACTION_SHOW_ON_SCREEN - null]
06-30 19:19:06.254 24834 24834 W AccessibilityNodeInfoDumper: Fetch time: 4ms
06-30 19:19:06.254  1675  1813 W WindowManager: removeWindowToken: Attempted to remove non-existing token: android.os.Binder@334598
06-30 19:19:06.264 24834 24834 D AndroidRuntime: Shutting down VM
06-30 19:19:07.034  1675  1690 W BroadcastQueue: Background execution not allowed: receiving Intent { act=android.intent.action.DROPBOX_ENTRY_ADDED flg=0x10 (has extras) } to com.google.android.gms/.stats.service.DropBoxEntryAddedReceiver
06-30 19:19:07.034  1675  1690 W BroadcastQueue: Background execution not allowed: receiving Intent { act=android.intent.action.DROPBOX_ENTRY_ADDED flg=0x10 (has extras) } to com.google.android.gms/.chimera.GmsIntentOperationService$PersistentTrustedReceiver
06-30 19:19:07.040  1675  1689 E memtrack: Couldn't load memtrack module
06-30 19:19:07.040  1675  1689 W android.os.Debug: failed to get memory consumption info: -1
06-30 19:19:07.130 24860 24860 D AndroidRuntime: >>>>>> START com.android.internal.os.RuntimeInit uid 2000 <<<<<<
06-30 19:19:07.166 24860 24860 W app_process: Unexpected CPU variant for X86 using defaults: x86
06-30 19:19:07.169 24860 24860 I app_process: The ClassLoaderContext is a special shared library.
06-30 19:19:07.170 24860 24860 I app_process: The ClassLoaderContext is a special shared library.
06-30 19:19:07.182 24860 24860 D AndroidRuntime: Calling main entry com.android.commands.uiautomator.Launcher
06-30 19:19:08.202 24860 24860 I app_process: Deoptimizing java.lang.String com.android.uiautomator.core.AccessibilityNodeInfoDumper.stripInvalidXMLChars(java.lang.CharSequence) due to JIT inline cache
06-30 19:19:08.203 24860 24860 I AccessibilityNodeInfoDumper: Skipping invisible child: android.view.accessibility.AccessibilityNodeInfo@9e17; boundsInParent: Rect(0, 0 - 1080, 1731); boundsInScreen: Rect(1080, 63 - 1080, 1794); packageName: org.inaturalist.android; className: android.widget.LinearLayout; text: null; error: null; maxTextLength: -1; contentDescription: null; viewIdResName: null; checkable: false; checked: false; focusable: false; focused: false; selected: false; clickable: false; longClickable: false; contextClickable: false; enabled: true; password: false; scrollable: false; importantForAccessibility: false; actions: [AccessibilityAction: ACTION_SELECT - null, AccessibilityAction: ACTION_CLEAR_SELECTION - null, AccessibilityAction: ACTION_ACCESSIBILITY_FOCUS - null, AccessibilityAction: ACTION_SHOW_ON_SCREEN - null]
06-30 19:19:08.204 24860 24860 W AccessibilityNodeInfoDumper: Fetch time: 5ms
06-30 19:19:08.205  1675  1686 W WindowManager: removeWindowToken: Attempted to remove non-existing token: android.os.Binder@9912fb0
06-30 19:19:08.210 24860 24860 D AndroidRuntime: Shutting down VM
06-30 19:19:09.193 24898 24898 D AndroidRuntime: >>>>>> START com.android.internal.os.RuntimeInit uid 2000 <<<<<<
06-30 19:19:09.263 24898 24898 W app_process: Unexpected CPU variant for X86 using defaults: x86
06-30 19:19:09.265 24898 24898 I app_process: The ClassLoaderContext is a special shared library.
06-30 19:19:09.265 24898 24898 I app_process: The ClassLoaderContext is a special shared library.
06-30 19:19:09.282 24898 24898 D AndroidRuntime: Calling main entry com.android.commands.uiautomator.Launcher
06-30 19:19:10.304 24898 24898 I app_process: Deoptimizing java.lang.String com.android.uiautomator.core.AccessibilityNodeInfoDumper.stripInvalidXMLChars(java.lang.CharSequence) due to JIT inline cache
06-30 19:19:10.305 24898 24898 I AccessibilityNodeInfoDumper: Skipping invisible child: android.view.accessibility.AccessibilityNodeInfo@9e22; boundsInParent: Rect(0, 0 - 1080, 1731); boundsInScreen: Rect(1080, 63 - 1080, 1794); packageName: org.inaturalist.android; className: android.widget.LinearLayout; text: null; error: null; maxTextLength: -1; contentDescription: null; viewIdResName: null; checkable: false; checked: false; focusable: false; focused: false; selected: false; clickable: false; longClickable: false; contextClickable: false; enabled: true; password: false; scrollable: false; importantForAccessibility: false; actions: [AccessibilityAction: ACTION_SELECT - null, AccessibilityAction: ACTION_CLEAR_SELECTION - null, AccessibilityAction: ACTION_ACCESSIBILITY_FOCUS - null, AccessibilityAction: ACTION_SHOW_ON_SCREEN - null]
06-30 19:19:10.306 24898 24898 W AccessibilityNodeInfoDumper: Fetch time: 5ms
06-30 19:19:10.307  1675  1986 W WindowManager: removeWindowToken: Attempted to remove non-existing token: android.os.Binder@47885ae
06-30 19:19:10.315 24898 24898 D AndroidRuntime: Shutting down VM
06-30 19:19:10.609 24919 24919 D AndroidRuntime: >>>>>> START com.android.internal.os.RuntimeInit uid 2000 <<<<<<
06-30 19:19:10.654 24919 24919 W app_process: Unexpected CPU variant for X86 using defaults: x86
06-30 19:19:10.656 24919 24919 I app_process: The ClassLoaderContext is a special shared library.
06-30 19:19:10.657 24919 24919 I app_process: The ClassLoaderContext is a special shared library.
06-30 19:19:10.673 24919 24919 D AndroidRuntime: Calling main entry com.android.commands.uiautomator.Launcher
06-30 19:19:11.691 24919 24919 I AccessibilityNodeInfoDumper: Skipping invisible child: android.view.accessibility.AccessibilityNodeInfo@9e2c; boundsInParent: Rect(0, 0 - 1080, 1731); boundsInScreen: Rect(1080, 63 - 1080, 1794); packageName: org.inaturalist.android; className: android.widget.LinearLayout; text: null; error: null; maxTextLength: -1; contentDescription: null; viewIdResName: null; checkable: false; checked: false; focusable: false; focused: false; selected: false; clickable: false; longClickable: false; contextClickable: false; enabled: true; password: false; scrollable: false; importantForAccessibility: false; actions: [AccessibilityAction: ACTION_SELECT - null, AccessibilityAction: ACTION_CLEAR_SELECTION - null, AccessibilityAction: ACTION_ACCESSIBILITY_FOCUS - null, AccessibilityAction: ACTION_SHOW_ON_SCREEN - null]
06-30 19:19:11.692 24919 24919 W AccessibilityNodeInfoDumper: Fetch time: 3ms
06-30 19:19:11.693  1675  5511 W WindowManager: removeWindowToken: Attempted to remove non-existing token: android.os.Binder@dd196dc
06-30 19:19:11.698 24919 24919 D AndroidRuntime: Shutting down VM
06-30 19:19:11.836  1453  1478 E SurfaceFlinger: ro.sf.lcd_density must be defined as a build property
06-30 19:19:11.884  1443  1443 D gralloc_ranchu: gralloc_alloc: Creating ashmem region of size 8298496
06-30 19:19:11.893 24931 24931 D         : HostConnection::get() New Host Connection established 0xf1f48240, tid 24931
06-30 19:19:11.910  1453  1478 D gralloc_ranchu: gralloc_unregister_buffer: exiting HostConnection (is buffer-handling thread)
06-30 19:19:11.910  1453  1478 D         : HostConnection::get() New Host Connection established 0xf5ec6c00, tid 1478
06-30 19:19:11.910  1453  1478 D gralloc_ranchu: gralloc_unregister_buffer: exiting HostConnection (is buffer-handling thread)
06-30 19:19:12.088  2636  2636 D MediaScannerReceiver: action: android.intent.action.MEDIA_SCANNER_SCAN_FILE path: /storage/emulated/0/screen.png
06-30 19:19:12.144  1675  1689 E memtrack: Couldn't load memtrack module
06-30 19:19:12.144  1675  1689 W android.os.Debug: failed to get memory consumption info: -1
06-30 19:19:12.261 24452 24452 I ProvidersCache: Updating roots due to change at content://com.android.providers.media.documents/root
06-30 19:19:12.293 24452 24940 I ProvidersCache: Provider returned no roots. Possibly naughty: com.google.android.apps.docs.storage
06-30 19:19:14.071  1675  1813 I ActivityManager: Killing 24269:com.google.android.apps.messaging/u0a68 (adj 906): empty #17
06-30 19:19:14.072  1675  1692 W zygote  : kill(-24269, 9) failed: No such process
06-30 19:19:14.119  1675  1692 W zygote  : kill(-24269, 9) failed: No such process
06-30 19:19:14.137 24314 24314 I CarrierServices: [2] p.g: RCS provisioning stopped!!
06-30 19:19:14.158  1675  1692 W zygote  : kill(-24269, 9) failed: No such process
06-30 19:19:14.158  1675  1692 I zygote  : Successfully killed process cgroup uid 10068 pid 24269 in 86ms
06-30 19:19:14.294 24946 24946 D AndroidRuntime: >>>>>> START com.android.internal.os.RuntimeInit uid 2000 <<<<<<
06-30 19:19:14.296 24946 24946 W app_process: Could not reserve sentinel fault page
06-30 19:19:14.335 24946 24946 W app_process: Unexpected CPU variant for X86 using defaults: x86
06-30 19:19:14.337 24946 24946 I app_process: The ClassLoaderContext is a special shared library.
06-30 19:19:14.337 24946 24946 I app_process: The ClassLoaderContext is a special shared library.
06-30 19:19:14.350 24946 24946 D AndroidRuntime: Calling main entry com.android.commands.uiautomator.Launcher
06-30 19:19:15.374 24946 24946 I app_process: Deoptimizing java.lang.String com.android.uiautomator.core.AccessibilityNodeInfoDumper.stripInvalidXMLChars(java.lang.CharSequence) due to JIT inline cache
06-30 19:19:15.374 24946 24946 I AccessibilityNodeInfoDumper: Skipping invisible child: android.view.accessibility.AccessibilityNodeInfo@9e35; boundsInParent: Rect(0, 0 - 1080, 1731); boundsInScreen: Rect(1080, 63 - 1080, 1794); packageName: org.inaturalist.android; className: android.widget.LinearLayout; text: null; error: null; maxTextLength: -1; contentDescription: null; viewIdResName: null; checkable: false; checked: false; focusable: false; focused: false; selected: false; clickable: false; longClickable: false; contextClickable: false; enabled: true; password: false; scrollable: false; importantForAccessibility: false; actions: [AccessibilityAction: ACTION_SELECT - null, AccessibilityAction: ACTION_CLEAR_SELECTION - null, AccessibilityAction: ACTION_ACCESSIBILITY_FOCUS - null, AccessibilityAction: ACTION_SHOW_ON_SCREEN - null]
06-30 19:19:15.376 24946 24946 W AccessibilityNodeInfoDumper: Fetch time: 7ms
06-30 19:19:15.376  1675  1686 W WindowManager: removeWindowToken: Attempted to remove non-existing token: android.os.Binder@c4f44c8
06-30 19:19:15.384 24946 24946 D AndroidRuntime: Shutting down VM
06-30 19:19:17.648 24966 24966 D AndroidRuntime: >>>>>> START com.android.internal.os.RuntimeInit uid 2000 <<<<<<
06-30 19:19:17.688 24966 24966 W app_process: Unexpected CPU variant for X86 using defaults: x86
06-30 19:19:17.690 24966 24966 I app_process: The ClassLoaderContext is a special shared library.
06-30 19:19:17.690 24966 24966 I app_process: The ClassLoaderContext is a special shared library.
06-30 19:19:17.707 24966 24966 D AndroidRuntime: Calling main entry com.android.commands.uiautomator.Launcher
06-30 19:19:17.812  1675  1693 I WifiService: requestActivityInfo uid=1000
06-30 19:19:17.812  1675  1693 I WifiService: reportActivityInfo uid=1000
06-30 19:19:17.812  1675  1693 I WifiService: getSupportedFeatures uid=1000
06-30 19:19:18.728 24966 24966 I app_process: Deoptimizing java.lang.String com.android.uiautomator.core.AccessibilityNodeInfoDumper.stripInvalidXMLChars(java.lang.CharSequence) due to JIT inline cache
06-30 19:19:18.729 24966 24966 I AccessibilityNodeInfoDumper: Skipping invisible child: android.view.accessibility.AccessibilityNodeInfo@9e3d; boundsInParent: Rect(0, 0 - 1080, 1731); boundsInScreen: Rect(1080, 63 - 1080, 1794); packageName: org.inaturalist.android; className: android.widget.LinearLayout; text: null; error: null; maxTextLength: -1; contentDescription: null; viewIdResName: null; checkable: false; checked: false; focusable: false; focused: false; selected: false; clickable: false; longClickable: false; contextClickable: false; enabled: true; password: false; scrollable: false; importantForAccessibility: false; actions: [AccessibilityAction: ACTION_SELECT - null, AccessibilityAction: ACTION_CLEAR_SELECTION - null, AccessibilityAction: ACTION_ACCESSIBILITY_FOCUS - null, AccessibilityAction: ACTION_SHOW_ON_SCREEN - null]
06-30 19:19:18.730 24966 24966 W AccessibilityNodeInfoDumper: Fetch time: 5ms
06-30 19:19:18.730  1675  8403 W WindowManager: removeWindowToken: Attempted to remove non-existing token: android.os.Binder@64f9c86
06-30 19:19:18.736 24966 24966 D AndroidRuntime: Shutting down VM
06-30 19:19:18.968 24985 24985 D AndroidRuntime: >>>>>> START com.android.internal.os.RuntimeInit uid 2000 <<<<<<
06-30 19:19:18.972 24985 24985 W app_process: Could not reserve sentinel fault page
06-30 19:19:19.003 24985 24985 W app_process: Unexpected CPU variant for X86 using defaults: x86
06-30 19:19:19.005 24985 24985 I app_process: The ClassLoaderContext is a special shared library.
06-30 19:19:19.005 24985 24985 I app_process: The ClassLoaderContext is a special shared library.
06-30 19:19:19.019 24985 24985 D AndroidRuntime: Calling main entry com.android.commands.uiautomator.Launcher
06-30 19:19:20.036 24985 24985 I app_process: Deoptimizing java.lang.String com.android.uiautomator.core.AccessibilityNodeInfoDumper.stripInvalidXMLChars(java.lang.CharSequence) due to JIT inline cache
06-30 19:19:20.036 24985 24985 I AccessibilityNodeInfoDumper: Skipping invisible child: android.view.accessibility.AccessibilityNodeInfo@9e4a; boundsInParent: Rect(0, 0 - 1080, 1731); boundsInScreen: Rect(1080, 63 - 1080, 1794); packageName: org.inaturalist.android; className: android.widget.LinearLayout; text: null; error: null; maxTextLength: -1; contentDescription: null; viewIdResName: null; checkable: false; checked: false; focusable: false; focused: false; selected: false; clickable: false; longClickable: false; contextClickable: false; enabled: true; password: false; scrollable: false; importantForAccessibility: false; actions: [AccessibilityAction: ACTION_SELECT - null, AccessibilityAction: ACTION_CLEAR_SELECTION - null, AccessibilityAction: ACTION_ACCESSIBILITY_FOCUS - null, AccessibilityAction: ACTION_SHOW_ON_SCREEN - null]
06-30 19:19:20.038 24985 24985 W AccessibilityNodeInfoDumper: Fetch time: 6ms
06-30 19:19:20.039  1675  2481 W WindowManager: removeWindowToken: Attempted to remove non-existing token: android.os.Binder@777e574
06-30 19:19:20.044 24985 24985 D AndroidRuntime: Shutting down VM
06-30 19:19:20.293 25002 25002 D AndroidRuntime: >>>>>> START com.android.internal.os.RuntimeInit uid 2000 <<<<<<
06-30 19:19:20.326 25002 25002 W app_process: Unexpected CPU variant for X86 using defaults: x86
06-30 19:19:20.328 25002 25002 I app_process: The ClassLoaderContext is a special shared library.
06-30 19:19:20.328 25002 25002 I app_process: The ClassLoaderContext is a special shared library.
06-30 19:19:20.343 25002 25002 D AndroidRuntime: Calling main entry com.android.commands.uiautomator.Launcher
06-30 19:19:21.362 25002 25002 I app_process: Deoptimizing java.lang.String com.android.uiautomator.core.AccessibilityNodeInfoDumper.stripInvalidXMLChars(java.lang.CharSequence) due to JIT inline cache
06-30 19:19:21.363 25002 25002 I AccessibilityNodeInfoDumper: Skipping invisible child: android.view.accessibility.AccessibilityNodeInfo@9e52; boundsInParent: Rect(0, 0 - 1080, 1731); boundsInScreen: Rect(1080, 63 - 1080, 1794); packageName: org.inaturalist.android; className: android.widget.LinearLayout; text: null; error: null; maxTextLength: -1; contentDescription: null; viewIdResName: null; checkable: false; checked: false; focusable: false; focused: false; selected: false; clickable: false; longClickable: false; contextClickable: false; enabled: true; password: false; scrollable: false; importantForAccessibility: false; actions: [AccessibilityAction: ACTION_SELECT - null, AccessibilityAction: ACTION_CLEAR_SELECTION - null, AccessibilityAction: ACTION_ACCESSIBILITY_FOCUS - null, AccessibilityAction: ACTION_SHOW_ON_SCREEN - null]
06-30 19:19:21.364 25002 25002 W AccessibilityNodeInfoDumper: Fetch time: 5ms
06-30 19:19:21.365  1675  6431 W WindowManager: removeWindowToken: Attempted to remove non-existing token: android.os.Binder@f78fb12
06-30 19:19:21.370 25002 25002 D AndroidRuntime: Shutting down VM
06-30 19:19:21.673 25022 25022 D AndroidRuntime: >>>>>> START com.android.internal.os.RuntimeInit uid 2000 <<<<<<
06-30 19:19:21.676 25022 25022 W app_process: Could not reserve sentinel fault page
06-30 19:19:21.713 25022 25022 W app_process: Unexpected CPU variant for X86 using defaults: x86
06-30 19:19:21.715 25022 25022 I app_process: The ClassLoaderContext is a special shared library.
06-30 19:19:21.716 25022 25022 I app_process: The ClassLoaderContext is a special shared library.
06-30 19:19:21.732 25022 25022 D AndroidRuntime: Calling main entry com.android.commands.uiautomator.Launcher
06-30 19:19:22.102  1675  1689 E memtrack: Couldn't load memtrack module
06-30 19:19:22.103  1675  1689 W android.os.Debug: failed to get memory consumption info: -1
06-30 19:19:22.278 25033 25033 W zygote  : Unexpected CPU variant for X86 using defaults: x86
06-30 19:19:22.280  1675  1675 I ActivityManager: Start proc 25033:com.google.android.apps.photos/u0a69 for service com.google.android.apps.photos/.camerashortcut.CameraShortcutJobSchedulerService
06-30 19:19:22.318  3403 24390 W GmsLocationProvider: Error removing location updates: 16
06-30 19:19:22.340 25033 25033 I zygote  : The ClassLoaderContext is a special shared library.
06-30 19:19:22.608 25033 25037 I zygote  : Do partial code cache collection, code=0B, data=15KB
06-30 19:19:22.610 25033 25037 I zygote  : After code cache collection, code=0B, data=15KB
06-30 19:19:22.610 25033 25037 I zygote  : Increasing code cache capacity to 128KB
06-30 19:19:22.690  1675  1689 E memtrack: Couldn't load memtrack module
06-30 19:19:22.690  1675  1689 W android.os.Debug: failed to get memory consumption info: -1
06-30 19:19:22.748 25022 25022 I AccessibilityNodeInfoDumper: Skipping invisible child: android.view.accessibility.AccessibilityNodeInfo@9e5b; boundsInParent: Rect(0, 0 - 1080, 1731); boundsInScreen: Rect(1080, 63 - 1080, 1794); packageName: org.inaturalist.android; className: android.widget.LinearLayout; text: null; error: null; maxTextLength: -1; contentDescription: null; viewIdResName: null; checkable: false; checked: false; focusable: false; focused: false; selected: false; clickable: false; longClickable: false; contextClickable: false; enabled: true; password: false; scrollable: false; importantForAccessibility: false; actions: [AccessibilityAction: ACTION_SELECT - null, AccessibilityAction: ACTION_CLEAR_SELECTION - null, AccessibilityAction: ACTION_ACCESSIBILITY_FOCUS - null, AccessibilityAction: ACTION_SHOW_ON_SCREEN - null]
06-30 19:19:22.750 25022 25022 W AccessibilityNodeInfoDumper: Fetch time: 3ms
06-30 19:19:22.750  1675  8403 W WindowManager: removeWindowToken: Attempted to remove non-existing token: android.os.Binder@8e7e4e0
06-30 19:19:22.755 25022 25022 D AndroidRuntime: Shutting down VM
06-30 19:19:22.969 25062 25062 D AndroidRuntime: >>>>>> START com.android.internal.os.RuntimeInit uid 2000 <<<<<<
06-30 19:19:23.013 25062 25062 W app_process: Unexpected CPU variant for X86 using defaults: x86
06-30 19:19:23.018 25062 25062 I app_process: The ClassLoaderContext is a special shared library.
06-30 19:19:23.046 25062 25062 D AndroidRuntime: Calling main entry com.android.commands.input.Input
06-30 19:19:23.049 25062 25062 I Input   : injectMotionEvent: MotionEvent { action=ACTION_DOWN, actionButton=0, id[0]=0, x[0]=540.0, y[0]=1454.0, toolType[0]=TOOL_TYPE_UNKNOWN, buttonState=0, metaState=0, flags=0x0, edgeFlags=0x0, pointerCount=1, historySize=0, eventTime=14839309, downTime=14839309, deviceId=0, source=0x1002 }
06-30 19:19:23.052 25062 25062 I Input   : injectMotionEvent: MotionEvent { action=ACTION_UP, actionButton=0, id[0]=0, x[0]=540.0, y[0]=1454.0, toolType[0]=TOOL_TYPE_UNKNOWN, buttonState=0, metaState=0, flags=0x0, edgeFlags=0x0, pointerCount=1, historySize=0, eventTime=14839309, downTime=14839309, deviceId=0, source=0x1002 }
06-30 19:19:23.054 25062 25062 D AndroidRuntime: Shutting down VM
06-30 19:19:23.064  1435  4658 W audio_hw_generic: Not supplying enough data to HAL, expected position 4757274 , only wrote 4757040
06-30 19:19:23.120  1435  4658 W audio_hw_generic: Not supplying enough data to HAL, expected position 4759744 , only wrote 4758480
06-30 19:19:23.121  1435  4658 W audio_hw_generic: Not supplying enough data to HAL, expected position 4758500 , only wrote 4758480
06-30 19:19:23.163  1547  1599 D AudioFlinger: mixer(0xf1183300) throttle end: throttle time(12)
06-30 19:19:23.219 25033 25067 W native  : jpeg_io.cc:108 File's first two bytes does not match the sequence 216
06-30 19:19:26.332  1435  1608 W audio_hw_generic: Not supplying enough data to HAL, expected position 5064848 , only wrote 4912560
06-30 19:19:26.758  1784  1784 W LstmExtension: no lmDescriptor could be found for en_US/20170411
06-30 19:19:26.759  1784  1784 W LstmExtension: no lmDescriptor could be found for en_US/20170411
06-30 19:19:26.956 25094 25094 D AndroidRuntime: >>>>>> START com.android.internal.os.RuntimeInit uid 2000 <<<<<<
06-30 19:19:26.960  1451  1451 I boot-pipe: done populating /dev/random
06-30 19:19:27.107 25094 25094 W app_process: Unexpected CPU variant for X86 using defaults: x86
06-30 19:19:27.110 25094 25094 I app_process: The ClassLoaderContext is a special shared library.
06-30 19:19:27.110 25094 25094 I app_process: The ClassLoaderContext is a special shared library.
06-30 19:19:27.125 25094 25094 D AndroidRuntime: Calling main entry com.android.commands.uiautomator.Launcher
06-30 19:19:27.321  1675  1689 E memtrack: Couldn't load memtrack module
06-30 19:19:27.321  1675  1689 W android.os.Debug: failed to get memory consumption info: -1
06-30 19:19:28.145 25094 25094 I AccessibilityNodeInfoDumper: Skipping invisible child: android.view.accessibility.AccessibilityNodeInfo@9aa5; boundsInParent: Rect(0, 0 - 1080, 1731); boundsInScreen: Rect(0, 63 - 0, 1794); packageName: org.inaturalist.android; className: android.widget.LinearLayout; text: null; error: null; maxTextLength: -1; contentDescription: null; viewIdResName: null; checkable: false; checked: false; focusable: false; focused: false; selected: false; clickable: false; longClickable: false; contextClickable: false; enabled: true; password: false; scrollable: false; importantForAccessibility: false; actions: [AccessibilityAction: ACTION_SELECT - null, AccessibilityAction: ACTION_CLEAR_SELECTION - null, AccessibilityAction: ACTION_ACCESSIBILITY_FOCUS - null, AccessibilityAction: ACTION_SHOW_ON_SCREEN - null]
06-30 19:19:28.146 25094 25094 I app_process: Deoptimizing java.lang.String com.android.uiautomator.core.AccessibilityNodeInfoDumper.stripInvalidXMLChars(java.lang.CharSequence) due to JIT inline cache
06-30 19:19:28.146 25094 25094 I AccessibilityNodeInfoDumper: Skipping invisible child: android.view.accessibility.AccessibilityNodeInfo@cb72; boundsInParent: Rect(0, 0 - 1080, 1731); boundsInScreen: Rect(1080, 63 - 1080, 1794); packageName: org.inaturalist.android; className: android.widget.LinearLayout; text: null; error: null; maxTextLength: -1; contentDescription: null; viewIdResName: null; checkable: false; checked: false; focusable: false; focused: false; selected: false; clickable: false; longClickable: false; contextClickable: false; enabled: true; password: false; scrollable: false; importantForAccessibility: false; actions: [AccessibilityAction: ACTION_SELECT - null, AccessibilityAction: ACTION_CLEAR_SELECTION - null, AccessibilityAction: ACTION_ACCESSIBILITY_FOCUS - null, AccessibilityAction: ACTION_SHOW_ON_SCREEN - null]
06-30 19:19:28.148 25094 25094 W AccessibilityNodeInfoDumper: Fetch time: 5ms
06-30 19:19:28.148  1675  1686 W WindowManager: removeWindowToken: Attempted to remove non-existing token: android.os.Binder@f275340
06-30 19:19:28.156 25094 25094 D AndroidRuntime: Shutting down VM
06-30 19:19:29.001 25122 25122 D AndroidRuntime: >>>>>> START com.android.internal.os.RuntimeInit uid 2000 <<<<<<
06-30 19:19:29.074 25122 25122 W app_process: Unexpected CPU variant for X86 using defaults: x86
06-30 19:19:29.078 25122 25122 I app_process: The ClassLoaderContext is a special shared library.
06-30 19:19:29.079 25122 25122 I app_process: The ClassLoaderContext is a special shared library.
06-30 19:19:29.093 25122 25122 D AndroidRuntime: Calling main entry com.android.commands.uiautomator.Launcher
06-30 19:19:30.116 25122 25122 I AccessibilityNodeInfoDumper: Skipping invisible child: android.view.accessibility.AccessibilityNodeInfo@9aaf; boundsInParent: Rect(0, 0 - 1080, 1731); boundsInScreen: Rect(0, 63 - 0, 1794); packageName: org.inaturalist.android; className: android.widget.LinearLayout; text: null; error: null; maxTextLength: -1; contentDescription: null; viewIdResName: null; checkable: false; checked: false; focusable: false; focused: false; selected: false; clickable: false; longClickable: false; contextClickable: false; enabled: true; password: false; scrollable: false; importantForAccessibility: false; actions: [AccessibilityAction: ACTION_SELECT - null, AccessibilityAction: ACTION_CLEAR_SELECTION - null, AccessibilityAction: ACTION_ACCESSIBILITY_FOCUS - null, AccessibilityAction: ACTION_SHOW_ON_SCREEN - null]
06-30 19:19:30.117 25122 25122 I app_process: Deoptimizing java.lang.String com.android.uiautomator.core.AccessibilityNodeInfoDumper.stripInvalidXMLChars(java.lang.CharSequence) due to JIT inline cache
06-30 19:19:30.117 25122 25122 I AccessibilityNodeInfoDumper: Skipping invisible child: android.view.accessibility.AccessibilityNodeInfo@cb7c; boundsInParent: Rect(0, 0 - 1080, 1731); boundsInScreen: Rect(1080, 63 - 1080, 1794); packageName: org.inaturalist.android; className: android.widget.LinearLayout; text: null; error: null; maxTextLength: -1; contentDescription: null; viewIdResName: null; checkable: false; checked: false; focusable: false; focused: false; selected: false; clickable: false; longClickable: false; contextClickable: false; enabled: true; password: false; scrollable: false; importantForAccessibility: false; actions: [AccessibilityAction: ACTION_SELECT - null, AccessibilityAction: ACTION_CLEAR_SELECTION - null, AccessibilityAction: ACTION_ACCESSIBILITY_FOCUS - null, AccessibilityAction: ACTION_SHOW_ON_SCREEN - null]
06-30 19:19:30.118 25122 25122 W AccessibilityNodeInfoDumper: Fetch time: 5ms
06-30 19:19:30.118  1675  8403 W WindowManager: removeWindowToken: Attempted to remove non-existing token: android.os.Binder@4b36d35
06-30 19:19:30.122 25122 25122 D AndroidRuntime: Shutting down VM
06-30 19:19:30.374 25141 25141 D AndroidRuntime: >>>>>> START com.android.internal.os.RuntimeInit uid 2000 <<<<<<
06-30 19:19:30.376 25141 25141 W app_process: Could not reserve sentinel fault page
06-30 19:19:30.417 25141 25141 W app_process: Unexpected CPU variant for X86 using defaults: x86
06-30 19:19:30.418 25141 25141 I app_process: The ClassLoaderContext is a special shared library.
06-30 19:19:30.419 25141 25141 I app_process: The ClassLoaderContext is a special shared library.
06-30 19:19:30.435 25141 25141 D AndroidRuntime: Calling main entry com.android.commands.uiautomator.Launcher
06-30 19:19:31.452 25141 25141 I AccessibilityNodeInfoDumper: Skipping invisible child: android.view.accessibility.AccessibilityNodeInfo@9ab9; boundsInParent: Rect(0, 0 - 1080, 1731); boundsInScreen: Rect(0, 63 - 0, 1794); packageName: org.inaturalist.android; className: android.widget.LinearLayout; text: null; error: null; maxTextLength: -1; contentDescription: null; viewIdResName: null; checkable: false; checked: false; focusable: false; focused: false; selected: false; clickable: false; longClickable: false; contextClickable: false; enabled: true; password: false; scrollable: false; importantForAccessibility: false; actions: [AccessibilityAction: ACTION_SELECT - null, AccessibilityAction: ACTION_CLEAR_SELECTION - null, AccessibilityAction: ACTION_ACCESSIBILITY_FOCUS - null, AccessibilityAction: ACTION_SHOW_ON_SCREEN - null]
06-30 19:19:31.453 25141 25141 I app_process: Deoptimizing java.lang.String com.android.uiautomator.core.AccessibilityNodeInfoDumper.stripInvalidXMLChars(java.lang.CharSequence) due to JIT inline cache
06-30 19:19:31.453 25141 25141 I AccessibilityNodeInfoDumper: Skipping invisible child: android.view.accessibility.AccessibilityNodeInfo@cb86; boundsInParent: Rect(0, 0 - 1080, 1731); boundsInScreen: Rect(1080, 63 - 1080, 1794); packageName: org.inaturalist.android; className: android.widget.LinearLayout; text: null; error: null; maxTextLength: -1; contentDescription: null; viewIdResName: null; checkable: false; checked: false; focusable: false; focused: false; selected: false; clickable: false; longClickable: false; contextClickable: false; enabled: true; password: false; scrollable: false; importantForAccessibility: false; actions: [AccessibilityAction: ACTION_SELECT - null, AccessibilityAction: ACTION_CLEAR_SELECTION - null, AccessibilityAction: ACTION_ACCESSIBILITY_FOCUS - null, AccessibilityAction: ACTION_SHOW_ON_SCREEN - null]
06-30 19:19:31.454 25141 25141 W AccessibilityNodeInfoDumper: Fetch time: 5ms
06-30 19:19:31.455  1675  6431 W WindowManager: removeWindowToken: Attempted to remove non-existing token: android.os.Binder@6afc33b
06-30 19:19:31.461 25141 25141 D AndroidRuntime: Shutting down VM
06-30 19:19:32.325 25168 25168 D AndroidRuntime: >>>>>> START com.android.internal.os.RuntimeInit uid 2000 <<<<<<
06-30 19:19:32.366 25168 25168 W app_process: Unexpected CPU variant for X86 using defaults: x86
06-30 19:19:32.369 25168 25168 I app_process: The ClassLoaderContext is a special shared library.
06-30 19:19:32.369 25168 25168 I app_process: The ClassLoaderContext is a special shared library.
06-30 19:19:32.384 25168 25168 D AndroidRuntime: Calling main entry com.android.commands.uiautomator.Launcher
06-30 19:19:33.411 25168 25168 I AccessibilityNodeInfoDumper: Skipping invisible child: android.view.accessibility.AccessibilityNodeInfo@9ac2; boundsInParent: Rect(0, 0 - 1080, 1731); boundsInScreen: Rect(0, 63 - 0, 1794); packageName: org.inaturalist.android; className: android.widget.LinearLayout; text: null; error: null; maxTextLength: -1; contentDescription: null; viewIdResName: null; checkable: false; checked: false; focusable: false; focused: false; selected: false; clickable: false; longClickable: false; contextClickable: false; enabled: true; password: false; scrollable: false; importantForAccessibility: false; actions: [AccessibilityAction: ACTION_SELECT - null, AccessibilityAction: ACTION_CLEAR_SELECTION - null, AccessibilityAction: ACTION_ACCESSIBILITY_FOCUS - null, AccessibilityAction: ACTION_SHOW_ON_SCREEN - null]
06-30 19:19:33.413 25168 25168 I app_process: Deoptimizing java.lang.String com.android.uiautomator.core.AccessibilityNodeInfoDumper.stripInvalidXMLChars(java.lang.CharSequence) due to JIT inline cache
06-30 19:19:33.414 25168 25168 I AccessibilityNodeInfoDumper: Skipping invisible child: android.view.accessibility.AccessibilityNodeInfo@cb8f; boundsInParent: Rect(0, 0 - 1080, 1731); boundsInScreen: Rect(1080, 63 - 1080, 1794); packageName: org.inaturalist.android; className: android.widget.LinearLayout; text: null; error: null; maxTextLength: -1; contentDescription: null; viewIdResName: null; checkable: false; checked: false; focusable: false; focused: false; selected: false; clickable: false; longClickable: false; contextClickable: false; enabled: true; password: false; scrollable: false; importantForAccessibility: false; actions: [AccessibilityAction: ACTION_SELECT - null, AccessibilityAction: ACTION_CLEAR_SELECTION - null, AccessibilityAction: ACTION_ACCESSIBILITY_FOCUS - null, AccessibilityAction: ACTION_SHOW_ON_SCREEN - null]
06-30 19:19:33.418 25168 25168 W AccessibilityNodeInfoDumper: Fetch time: 12ms
06-30 19:19:33.420  1675  8403 W WindowManager: removeWindowToken: Attempted to remove non-existing token: android.os.Binder@ebaa7b1
06-30 19:19:33.435 25168 25168 D AndroidRuntime: Shutting down VM
06-30 19:19:33.435  1444  1472 D hwcomposer: hw_composer sent 120 syncs in 61s
06-30 19:19:34.465 25202 25202 D AndroidRuntime: >>>>>> START com.android.internal.os.RuntimeInit uid 2000 <<<<<<
06-30 19:19:34.533 25202 25202 W app_process: Unexpected CPU variant for X86 using defaults: x86
06-30 19:19:34.535 25202 25202 I app_process: The ClassLoaderContext is a special shared library.
06-30 19:19:34.535 25202 25202 I app_process: The ClassLoaderContext is a special shared library.
06-30 19:19:34.553 25202 25202 D AndroidRuntime: Calling main entry com.android.commands.uiautomator.Launcher
06-30 19:19:35.578 25202 25202 I AccessibilityNodeInfoDumper: Skipping invisible child: android.view.accessibility.AccessibilityNodeInfo@9ad1; boundsInParent: Rect(0, 0 - 1080, 1731); boundsInScreen: Rect(0, 63 - 0, 1794); packageName: org.inaturalist.android; className: android.widget.LinearLayout; text: null; error: null; maxTextLength: -1; contentDescription: null; viewIdResName: null; checkable: false; checked: false; focusable: false; focused: false; selected: false; clickable: false; longClickable: false; contextClickable: false; enabled: true; password: false; scrollable: false; importantForAccessibility: false; actions: [AccessibilityAction: ACTION_SELECT - null, AccessibilityAction: ACTION_CLEAR_SELECTION - null, AccessibilityAction: ACTION_ACCESSIBILITY_FOCUS - null, AccessibilityAction: ACTION_SHOW_ON_SCREEN - null]
06-30 19:19:35.581 25202 25202 I app_process: Deoptimizing java.lang.String com.android.uiautomator.core.AccessibilityNodeInfoDumper.stripInvalidXMLChars(java.lang.CharSequence) due to JIT inline cache
06-30 19:19:35.581 25202 25202 I AccessibilityNodeInfoDumper: Skipping invisible child: android.view.accessibility.AccessibilityNodeInfo@cb9e; boundsInParent: Rect(0, 0 - 1080, 1731); boundsInScreen: Rect(1080, 63 - 1080, 1794); packageName: org.inaturalist.android; className: android.widget.LinearLayout; text: null; error: null; maxTextLength: -1; contentDescription: null; viewIdResName: null; checkable: false; checked: false; focusable: false; focused: false; selected: false; clickable: false; longClickable: false; contextClickable: false; enabled: true; password: false; scrollable: false; importantForAccessibility: false; actions: [AccessibilityAction: ACTION_SELECT - null, AccessibilityAction: ACTION_CLEAR_SELECTION - null, AccessibilityAction: ACTION_ACCESSIBILITY_FOCUS - null, AccessibilityAction: ACTION_SHOW_ON_SCREEN - null]
06-30 19:19:35.582 25202 25202 W AccessibilityNodeInfoDumper: Fetch time: 6ms
06-30 19:19:35.582  1675  6431 W WindowManager: removeWindowToken: Attempted to remove non-existing token: android.os.Binder@74d5817
06-30 19:19:35.589 25202 25202 D AndroidRuntime: Shutting down VM
06-30 19:19:36.137 25223 25223 D AndroidRuntime: >>>>>> START com.android.internal.os.RuntimeInit uid 2000 <<<<<<
06-30 19:19:36.181 25223 25223 W app_process: Unexpected CPU variant for X86 using defaults: x86
06-30 19:19:36.183 25223 25223 I app_process: The ClassLoaderContext is a special shared library.
06-30 19:19:36.183 25223 25223 I app_process: The ClassLoaderContext is a special shared library.
06-30 19:19:36.200 25223 25223 D AndroidRuntime: Calling main entry com.android.commands.uiautomator.Launcher
06-30 19:19:37.223 25223 25223 I AccessibilityNodeInfoDumper: Skipping invisible child: android.view.accessibility.AccessibilityNodeInfo@9ad8; boundsInParent: Rect(0, 0 - 1080, 1731); boundsInScreen: Rect(0, 63 - 0, 1794); packageName: org.inaturalist.android; className: android.widget.LinearLayout; text: null; error: null; maxTextLength: -1; contentDescription: null; viewIdResName: null; checkable: false; checked: false; focusable: false; focused: false; selected: false; clickable: false; longClickable: false; contextClickable: false; enabled: true; password: false; scrollable: false; importantForAccessibility: false; actions: [AccessibilityAction: ACTION_SELECT - null, AccessibilityAction: ACTION_CLEAR_SELECTION - null, AccessibilityAction: ACTION_ACCESSIBILITY_FOCUS - null, AccessibilityAction: ACTION_SHOW_ON_SCREEN - null]
06-30 19:19:37.225 25223 25223 I app_process: Deoptimizing java.lang.String com.android.uiautomator.core.AccessibilityNodeInfoDumper.stripInvalidXMLChars(java.lang.CharSequence) due to JIT inline cache
06-30 19:19:37.226 25223 25223 I AccessibilityNodeInfoDumper: Skipping invisible child: android.view.accessibility.AccessibilityNodeInfo@cba5; boundsInParent: Rect(0, 0 - 1080, 1731); boundsInScreen: Rect(1080, 63 - 1080, 1794); packageName: org.inaturalist.android; className: android.widget.LinearLayout; text: null; error: null; maxTextLength: -1; contentDescription: null; viewIdResName: null; checkable: false; checked: false; focusable: false; focused: false; selected: false; clickable: false; longClickable: false; contextClickable: false; enabled: true; password: false; scrollable: false; importantForAccessibility: false; actions: [AccessibilityAction: ACTION_SELECT - null, AccessibilityAction: ACTION_CLEAR_SELECTION - null, AccessibilityAction: ACTION_ACCESSIBILITY_FOCUS - null, AccessibilityAction: ACTION_SHOW_ON_SCREEN - null]
06-30 19:19:37.228 25223 25223 W AccessibilityNodeInfoDumper: Fetch time: 7ms
06-30 19:19:37.228  1675  1813 W WindowManager: removeWindowToken: Attempted to remove non-existing token: android.os.Binder@6210ded
06-30 19:19:37.233 25223 25223 D AndroidRuntime: Shutting down VM
06-30 19:19:37.325  1675  1813 I ActivityManager: Force stopping org.inaturalist.android appid=10103 user=0: from pid 25237
06-30 19:19:37.325  1675  1813 I ActivityManager: Killing 24688:org.inaturalist.android/u0a103 (adj 0): stop org.inaturalist.android
06-30 19:19:37.326  1675  1692 W zygote  : kill(-24688, 9) failed: No such process
06-30 19:19:37.328  1675  1813 W ActivityManager: Force removing ActivityRecord{2c12f72 u0 org.inaturalist.android/.TutorialActivity t17}: app died, no saved state
06-30 19:19:37.332  1675  1813 I WindowManager: Failed to capture screenshot of Token{ce21fc3 ActivityRecord{2c12f72 u0 org.inaturalist.android/.TutorialActivity t17 f}} appWin=Window{2d3e7 u0 org.inaturalist.android/org.inaturalist.android.TutorialActivity} drawState=4
06-30 19:19:37.338  1444  5989 D gralloc_ranchu: gralloc_unregister_buffer: exiting HostConnection (is buffer-handling thread)
06-30 19:19:37.340  1444  5989 D         : HostConnection::get() New Host Connection established 0xe99a3a80, tid 5989
06-30 19:19:37.340  1444  5989 D gralloc_ranchu: gralloc_unregister_buffer: exiting HostConnection (is buffer-handling thread)
06-30 19:19:37.340  1444  5989 D         : HostConnection::get() New Host Connection established 0xe99a3a80, tid 5989
06-30 19:19:37.340  1444  5989 D gralloc_ranchu: gralloc_unregister_buffer: exiting HostConnection (is buffer-handling thread)
06-30 19:19:37.340  1444  5989 D         : HostConnection::get() New Host Connection established 0xe99a3a80, tid 5989
06-30 19:19:37.341  1444  5989 D gralloc_ranchu: gralloc_unregister_buffer: exiting HostConnection (is buffer-handling thread)
06-30 19:19:37.341  1444  5989 D         : HostConnection::get() New Host Connection established 0xe99a3a80, tid 5989
06-30 19:19:37.341  1444  5989 D gralloc_ranchu: gralloc_unregister_buffer: exiting HostConnection (is buffer-handling thread)
06-30 19:19:37.341  1444  5989 D         : HostConnection::get() New Host Connection established 0xe99a3a80, tid 5989
06-30 19:19:37.341  1444  5989 D gralloc_ranchu: gralloc_unregister_buffer: exiting HostConnection (is buffer-handling thread)
06-30 19:19:37.349  1444  5989 D         : HostConnection::get() New Host Connection established 0xe99a3a80, tid 5989
06-30 19:19:37.355  1675  1813 I ActivityManager: Start proc 25239:org.inaturalist.android/u0a103 for activity org.inaturalist.android/.OnboardingActivity
06-30 19:19:37.356  1675  1813 I ActivityManager:   Force finishing activity ActivityRecord{4e93cb0 u0 org.inaturalist.android/.ObservationListActivity.inaturalist t17}
06-30 19:19:37.357 25239 25239 W zygote  : Unexpected CPU variant for X86 using defaults: x86
06-30 19:19:37.358  1675  1813 I ActivityManager:   Force finishing activity ActivityRecord{ea82ad4 u0 org.inaturalist.android/.OnboardingActivity t17}
06-30 19:19:37.363  1675  1813 I ActivityManager:   Force finishing activity ActivityRecord{4e93cb0 u0 org.inaturalist.android/.ObservationListActivity.inaturalist t17 f}
06-30 19:19:37.364  1675  1813 W ActivityManager: Duplicate finish request for ActivityRecord{4e93cb0 u0 org.inaturalist.android/.ObservationListActivity.inaturalist t17 f}
06-30 19:19:37.364  1675  1813 I ActivityManager:   Force finishing activity ActivityRecord{ea82ad4 u0 org.inaturalist.android/.OnboardingActivity t17 f}
06-30 19:19:37.364  1675  1813 W ActivityManager: Duplicate finish request for ActivityRecord{ea82ad4 u0 org.inaturalist.android/.OnboardingActivity t17 f}
06-30 19:19:37.371  1675  1692 W zygote  : kill(-24688, 9) failed: No such process
06-30 19:19:37.385  1443  1443 D gralloc_ranchu: gralloc_alloc: Creating ashmem region of size 8298496
06-30 19:19:37.393  1948  1948 D CarrierSvcBindHelper: No carrier app for: 0
06-30 19:19:37.397  1453  1478 D         : HostConnection::get() New Host Connection established 0xf5ec6c00, tid 1478
06-30 19:19:37.397  1443  1443 D gralloc_ranchu: gralloc_alloc: Creating ashmem region of size 8298496
06-30 19:19:37.404 25239 25239 I MultiDex: VM with version 2.1.0 has multidex support
06-30 19:19:37.404 25239 25239 I MultiDex: install
06-30 19:19:37.404 25239 25239 I MultiDex: VM has multidex support, MultiDex support library is disabled.
06-30 19:19:37.404 25239 25239 I MultiDex: install
06-30 19:19:37.404 25239 25239 I MultiDex: VM has multidex support, MultiDex support library is disabled.
06-30 19:19:37.406  1453  2091 D         : HostConnection::get() New Host Connection established 0xf5eff440, tid 2091
06-30 19:19:37.406  1443  1443 D gralloc_ranchu: gralloc_alloc: Creating ashmem region of size 8298496
06-30 19:19:37.407 25239 25239 I FirebaseInitProvider: FirebaseApp initialization unsuccessful
06-30 19:19:37.408  1675  1692 W zygote  : kill(-24688, 9) failed: No such process
06-30 19:19:37.428  3403  3458 D EGL_emulation: eglMakeCurrent: 0xdbd85720: ver 3 0 (tinfo 0xdbd83190)
06-30 19:19:37.431  1453  1453 D SurfaceFlinger: duplicate layer name: changing com.google.android.apps.nexuslauncher/com.google.android.apps.nexuslauncher.NexusLauncherActivity to com.google.android.apps.nexuslauncher/com.google.android.apps.nexuslauncher.NexusLauncherActivity#1
06-30 19:19:37.433  1675  1693 I WifiService: requestActivityInfo uid=1000
06-30 19:19:37.433  1675  1693 I WifiService: reportActivityInfo uid=1000
06-30 19:19:37.433  1675  1693 I WifiService: getSupportedFeatures uid=1000
06-30 19:19:37.441  1443  1443 D gralloc_ranchu: gralloc_alloc: Creating ashmem region of size 8298496
06-30 19:19:37.446  1675  1697 W ActivityManager: setHasOverlayUi called on unknown pid: 24688
06-30 19:19:37.448  1675  1692 W zygote  : kill(-24688, 9) failed: No such process
06-30 19:19:37.449  1443  1443 D gralloc_ranchu: gralloc_alloc: Creating ashmem region of size 8298496
06-30 19:19:37.457  1443  2092 D gralloc_ranchu: gralloc_alloc: Creating ashmem region of size 8298496
06-30 19:19:37.480  3403  3403 W SessionLifecycleManager: Handover failed. Creating new session controller.
06-30 19:19:37.484  3403  3403 I OptInState: There is a new client and it does not support opt-in. Dropping request.
06-30 19:19:37.485  2350  2593 D EGL_emulation: eglMakeCurrent: 0xcb21b040: ver 3 0 (tinfo 0xcb221660)
06-30 19:19:37.496  1675  1692 W zygote  : kill(-24688, 9) failed: No such process
06-30 19:19:37.508  1675  5511 I WifiService: getConnectionInfo uid=10032
06-30 19:19:37.509  1821  2022 D EGL_emulation: eglMakeCurrent: 0xcaa53860: ver 3 0 (tinfo 0xcacfc4e0)
06-30 19:19:37.510  1675  1985 I WifiService: getWifiEnabledState uid=10032
06-30 19:19:37.511  3403 24391 W Settings: Setting mobile_data has moved from android.provider.Settings.Secure to android.provider.Settings.Global.
06-30 19:19:37.514  1675  1985 I WifiService: getConnectionInfo uid=10032
06-30 19:19:37.518  1675  1985 I WifiService: getWifiEnabledState uid=10032
06-30 19:19:37.518  3403 24396 W Settings: Setting mobile_data has moved from android.provider.Settings.Secure to android.provider.Settings.Global.
06-30 19:19:37.528  3403 24398 W LocationOracle: No location history returned by ContextManager
06-30 19:19:37.531  3403  3403 I MicroDetectionWorker: #updateMicroDetector [detectionMode: [mDetectionMode: [1]]]
06-30 19:19:37.531  3403  3403 I MicroDetectionWorker: #startMicroDetector [speakerMode: 0]
06-30 19:19:37.531  3403  3403 I AudioController: Using mInputStreamFactoryBuilder
06-30 19:19:37.537  1675  1692 W zygote  : kill(-24688, 9) failed: No such process
06-30 19:19:37.538  3403  3403 I MicroDetectionWorker: onReady
06-30 19:19:37.540  3403 24399 I MicroRecognitionRunner: Starting detection.
06-30 19:19:37.541 25239 25239 I Fabric  : Initializing Crashlytics 2.3.3.61
06-30 19:19:37.537  1675  1692 I zygote  : Successfully killed process cgroup uid 10103 pid 24688 in 211ms
06-30 19:19:37.559  3403 24391 I MicrophoneInputStream: mic_starting com.google.android.apps.gsa.staticplugins.aa.c@234b935
06-30 19:19:37.561  1547  3271 W ServiceManager: Permission failure: android.permission.RECORD_AUDIO from uid=10032 pid=3403
06-30 19:19:37.561  1547  3271 E         : Request requires android.permission.RECORD_AUDIO
06-30 19:19:37.561  1547  3271 E         : android.permission.CAPTURE_AUDIO_HOTWORD
06-30 19:19:37.561  3403 24391 E AudioRecord: Could not get audio input for session 793, record source 1999, sample rate 16000, format 0x1, channel mask 0x10, flags 0
06-30 19:19:37.561 25239 25264 I zygote  : IncrementDisableThreadFlip blocked for 28.301ms
06-30 19:19:37.576 25239 25266 W AdvertisingIdClient: Error while reading from SharedPreferences 
06-30 19:19:37.576 25239 25266 W AdvertisingIdClient: java.lang.SecurityException: MODE_WORLD_READABLE no longer supported
06-30 19:19:37.576 25239 25266 W AdvertisingIdClient: 	at android.app.ContextImpl.checkMode(ContextImpl.java:2420)
06-30 19:19:37.576 25239 25266 W AdvertisingIdClient: 	at android.app.ContextImpl.getSharedPreferences(ContextImpl.java:382)
06-30 19:19:37.576 25239 25266 W AdvertisingIdClient: 	at android.app.ContextImpl.getSharedPreferences(ContextImpl.java:372)
06-30 19:19:37.576 25239 25266 W AdvertisingIdClient: 	at com.google.android.gms.ads.identifier.AdvertisingIdClient.getAdvertisingIdInfo(Unknown Source:11)
06-30 19:19:37.576 25239 25266 W AdvertisingIdClient: 	at java.lang.reflect.Method.invoke(Native Method)
06-30 19:19:37.576 25239 25266 W AdvertisingIdClient: 	at com.facebook.internal.Utility.invokeMethodQuietly(Utility.java:808)
06-30 19:19:37.576 25239 25266 W AdvertisingIdClient: 	at com.facebook.internal.AttributionIdentifiers.getAndroidIdViaReflection(AttributionIdentifiers.java:117)
06-30 19:19:37.576 25239 25266 W AdvertisingIdClient: 	at com.facebook.internal.AttributionIdentifiers.getAndroidId(AttributionIdentifiers.java:75)
06-30 19:19:37.576 25239 25266 W AdvertisingIdClient: 	at com.facebook.internal.AttributionIdentifiers.getAttributionIdentifiers(AttributionIdentifiers.java:178)
06-30 19:19:37.576 25239 25266 W AdvertisingIdClient: 	at com.facebook.appevents.AppEventCollection.getSessionEventsState(AppEventCollection.java:85)
06-30 19:19:37.576 25239 25266 W AdvertisingIdClient: 	at com.facebook.appevents.AppEventCollection.addEvent(AppEventCollection.java:55)
06-30 19:19:37.576 25239 25266 W AdvertisingIdClient: 	at com.facebook.appevents.AppEventQueue$4.run(AppEventQueue.java:99)
06-30 19:19:37.576 25239 25266 W AdvertisingIdClient: 	at java.util.concurrent.Executors$RunnableAdapter.call(Executors.java:457)
06-30 19:19:37.576 25239 25266 W AdvertisingIdClient: 	at java.util.concurrent.FutureTask.run(FutureTask.java:266)
06-30 19:19:37.576 25239 25266 W AdvertisingIdClient: 	at java.util.concurrent.ScheduledThreadPoolExecutor$ScheduledFutureTask.run(ScheduledThreadPoolExecutor.java:301)
06-30 19:19:37.576 25239 25266 W AdvertisingIdClient: 	at java.util.concurrent.ThreadPoolExecutor.runWorker(ThreadPoolExecutor.java:1162)
06-30 19:19:37.576 25239 25266 W AdvertisingIdClient: 	at java.util.concurrent.ThreadPoolExecutor$Worker.run(ThreadPoolExecutor.java:636)
06-30 19:19:37.576 25239 25266 W AdvertisingIdClient: 	at java.lang.Thread.run(Thread.java:764)
06-30 19:19:37.577 25239 25255 W AdvertisingIdClient: Error while reading from SharedPreferences 
06-30 19:19:37.577 25239 25255 W AdvertisingIdClient: java.lang.SecurityException: MODE_WORLD_READABLE no longer supported
06-30 19:19:37.577 25239 25255 W AdvertisingIdClient: 	at android.app.ContextImpl.checkMode(ContextImpl.java:2420)
06-30 19:19:37.577 25239 25255 W AdvertisingIdClient: 	at android.app.ContextImpl.getSharedPreferences(ContextImpl.java:382)
