03-19 23:37:10.798  9054  9080 W AdvertisingIdClient: 	at io.fabric.sdk.android.InitializationTask.doInBackground(InitializationTask.java:63)
03-19 23:37:10.798  9054  9080 W AdvertisingIdClient: 	at io.fabric.sdk.android.InitializationTask.doInBackground(InitializationTask.java:28)
03-19 23:37:10.798  9054  9080 W AdvertisingIdClient: 	at io.fabric.sdk.android.services.concurrency.AsyncTask$2.call(AsyncTask.java:311)
03-19 23:37:10.798  9054  9080 W AdvertisingIdClient: 	at java.util.concurrent.FutureTask.run(FutureTask.java:266)
03-19 23:37:10.798  9054  9080 W AdvertisingIdClient: 	at java.util.concurrent.Executors$RunnableAdapter.call(Executors.java:457)
03-19 23:37:10.798  9054  9080 W AdvertisingIdClient: 	at java.util.concurrent.FutureTask.run(FutureTask.java:266)
03-19 23:37:10.798  9054  9080 W AdvertisingIdClient: 	at java.util.concurrent.ThreadPoolExecutor.runWorker(ThreadPoolExecutor.java:1162)
03-19 23:37:10.798  9054  9080 W AdvertisingIdClient: 	at java.util.concurrent.ThreadPoolExecutor$Worker.run(ThreadPoolExecutor.java:636)
03-19 23:37:10.798  9054  9080 W AdvertisingIdClient: 	at java.lang.Thread.run(Thread.java:764)
03-19 23:37:10.801  9054  9086 W AdvertisingIdClient: Error while reading from SharedPreferences 
03-19 23:37:10.801  9054  9086 W AdvertisingIdClient: java.lang.SecurityException: MODE_WORLD_READABLE no longer supported
03-19 23:37:10.801  9054  9086 W AdvertisingIdClient: 	at android.app.ContextImpl.checkMode(ContextImpl.java:2420)
03-19 23:37:10.801  9054  9086 W AdvertisingIdClient: 	at android.app.ContextImpl.getSharedPreferences(ContextImpl.java:382)
03-19 23:37:10.801  9054  9086 W AdvertisingIdClient: 	at android.app.ContextImpl.getSharedPreferences(ContextImpl.java:372)
03-19 23:37:10.801  9054  9086 W AdvertisingIdClient: 	at com.google.android.gms.ads.identifier.AdvertisingIdClient.getAdvertisingIdInfo(Unknown Source:11)
03-19 23:37:10.801  9054  9086 W AdvertisingIdClient: 	at java.lang.reflect.Method.invoke(Native Method)
03-19 23:37:10.801  9054  9086 W AdvertisingIdClient: 	at io.fabric.sdk.android.services.common.AdvertisingInfoReflectionStrategy.getInfo(AdvertisingInfoReflectionStrategy.java:106)
03-19 23:37:10.801  9054  9086 W AdvertisingIdClient: 	at io.fabric.sdk.android.services.common.AdvertisingInfoReflectionStrategy.getAdvertisingId(AdvertisingInfoReflectionStrategy.java:76)
03-19 23:37:10.801  9054  9086 W AdvertisingIdClient: 	at io.fabric.sdk.android.services.common.AdvertisingInfoReflectionStrategy.getAdvertisingInfo(AdvertisingInfoReflectionStrategy.java:66)
03-19 23:37:10.801  9054  9086 W AdvertisingIdClient: 	at io.fabric.sdk.android.services.common.AdvertisingInfoProvider.getAdvertisingInfoFromStrategies(AdvertisingInfoProvider.java:118)
03-19 23:37:10.801  9054  9086 W AdvertisingIdClient: 	at io.fabric.sdk.android.services.common.AdvertisingInfoProvider.getAdvertisingInfo(AdvertisingInfoProvider.java:57)
03-19 23:37:10.801  9054  9086 W AdvertisingIdClient: 	at io.fabric.sdk.android.services.common.IdManager.getAdvertisingId(IdManager.java:391)
03-19 23:37:10.801  9054  9086 W AdvertisingIdClient: 	at io.fabric.sdk.android.services.common.IdManager.getDeviceIdentifiers(IdManager.java:378)
03-19 23:37:10.801  9054  9086 W AdvertisingIdClient: 	at com.crashlytics.android.core.CrashlyticsUncaughtExceptionHandler.writeSessionDevice(CrashlyticsUncaughtExceptionHandler.java:914)
03-19 23:37:10.801  9054  9086 W AdvertisingIdClient: 	at com.crashlytics.android.core.CrashlyticsUncaughtExceptionHandler.doOpenSession(CrashlyticsUncaughtExceptionHandler.java:599)
03-19 23:37:10.801  9054  9086 W AdvertisingIdClient: 	at com.crashlytics.android.core.CrashlyticsUncaughtExceptionHandler.access$800(CrashlyticsUncaughtExceptionHandler.java:56)
03-19 23:37:10.801  9054  9086 W AdvertisingIdClient: 	at com.crashlytics.android.core.CrashlyticsUncaughtExceptionHandler$12.call(CrashlyticsUncaughtExceptionHandler.java:504)
03-19 23:37:10.801  9054  9086 W AdvertisingIdClient: 	at com.crashlytics.android.core.CrashlyticsUncaughtExceptionHandler$12.call(CrashlyticsUncaughtExceptionHandler.java:500)
03-19 23:37:10.801  9054  9086 W AdvertisingIdClient: 	at com.crashlytics.android.core.CrashlyticsExecutorServiceWrapper$2.call(CrashlyticsExecutorServiceWrapper.java:104)
03-19 23:37:10.801  9054  9086 W AdvertisingIdClient: 	at java.util.concurrent.FutureTask.run(FutureTask.java:266)
03-19 23:37:10.801  9054  9086 W AdvertisingIdClient: 	at java.util.concurrent.ThreadPoolExecutor.runWorker(ThreadPoolExecutor.java:1162)
03-19 23:37:10.801  9054  9086 W AdvertisingIdClient: 	at java.util.concurrent.ThreadPoolExecutor$Worker.run(ThreadPoolExecutor.java:636)
03-19 23:37:10.801  9054  9086 W AdvertisingIdClient: 	at io.fabric.sdk.android.services.common.ExecutorUtils$1$1.onRun(ExecutorUtils.java:75)
03-19 23:37:10.801  9054  9086 W AdvertisingIdClient: 	at io.fabric.sdk.android.services.common.BackgroundPriorityRunnable.run(BackgroundPriorityRunnable.java:30)
03-19 23:37:10.801  9054  9086 W AdvertisingIdClient: 	at java.lang.Thread.run(Thread.java:764)
03-19 23:37:10.858  9054  9092 D INaturalistApp: onCreate
03-19 23:37:10.862  9054  9054 W Settings: Setting airplane_mode_on has moved from android.provider.Settings.System to android.provider.Settings.Global, returning read-only value.
03-19 23:37:10.896  1662  3453 I ActivityManager: START u0 {flg=0x24000000 cmp=org.inaturalist.android/.OnboardingActivity (has extras)} from uid 10110
03-19 23:37:10.920  1662  3453 I ActivityManager: START u0 {flg=0x24000000 cmp=org.inaturalist.android/.TutorialActivity (has extras)} from uid 10110
03-19 23:37:10.931  1662  1683 I WifiService: requestActivityInfo uid=1000
03-19 23:37:10.931  1662  1683 I WifiService: reportActivityInfo uid=1000
03-19 23:37:10.932  1662  1683 I WifiService: getSupportedFeatures uid=1000
03-19 23:37:11.001  1449  1478 E SurfaceFlinger: ro.sf.lcd_density must be defined as a build property
03-19 23:37:11.003  9054  9102 D OpenGLRenderer: HWUI GL Pipeline
03-19 23:37:11.009  9054  9092 D SQLiteCursorFactory: SQLiteQuery: SELECT _id, _created_at, _synced_at, _updated_at, created_at, description, geoprivacy, iconic_taxon_id, iconic_taxon_name, id, id_please, latitude, longitude, observed_on, observed_on_string, out_of_range, captive, place_guess, private_place_guess, positional_accuracy, positioning_device, positioning_method, private_latitude, private_longitude, private_positional_accuracy, quality_grade, species_guess, preferred_common_name, taxon_id, time_observed_at, updated_at, user_agent, user_id, user_login, identifications_count, comments_count, last_comments_count, last_identifications_count, is_deleted, uuid, owners_identification_from_vision, scientific_name, rank_level, rank FROM observations WHERE ((_synced_at IS NULL) AND (is_deleted = 0 OR is_deleted is NULL)) ORDER BY CASE WHEN _created_at > created_at THEN created_at ELSE _created_at END DESC, CASE WHEN id IS NULL THEN _id ELSE id END DESC
03-19 23:37:11.009  9054  9092 I BaseFragmentActivity: Registering ACTION_GET_USER_DETAILS_RESULT
03-19 23:37:11.010  9054  9092 I ObservationListActivity: Registering ACTION_SYNC_COMPLETE
03-19 23:37:11.010  9054  9092 I ObservationListActivity: Registering CONNECTIVITY_ACTION
03-19 23:37:11.030  9054  9054 W Notification: Use of stream types is deprecated for operations other than volume control
03-19 23:37:11.030  9054  9054 W Notification: See the documentation of setSound() for what to use instead with android.media.AudioAttributes to qualify your playback use case
03-19 23:37:11.031  1662  1680 V ActivityManager: Attempted to start a foreground service (ComponentInfo{org.inaturalist.android/org.inaturalist.android.INaturalistService}) with a broken notification (no icon: Notification(channel=inaturalist_service pri=0 contentView=null vibrate=null sound=null defaults=0x0 flags=0x40 color=0x00000000 vis=PRIVATE))
03-19 23:37:11.033  9054  9054 W Notification: Use of stream types is deprecated for operations other than volume control
03-19 23:37:11.033  9054  9054 W Notification: See the documentation of setSound() for what to use instead with android.media.AudioAttributes to qualify your playback use case
03-19 23:37:11.053  9054  9072 D NetworkSecurityConfig: No Network Security Config specified, using platform default
03-19 23:37:11.060  1440  1440 D gralloc_ranchu: gralloc_unregister_buffer: exiting HostConnection (is buffer-handling thread)
03-19 23:37:11.061  1440  1440 D         : HostConnection::get() New Host Connection established 0xecaa3900, tid 1440
03-19 23:37:11.062  1440  1440 D gralloc_ranchu: gralloc_unregister_buffer: exiting HostConnection (is buffer-handling thread)
03-19 23:37:11.062  1440  1440 D         : HostConnection::get() New Host Connection established 0xecaa3900, tid 1440
03-19 23:37:11.062  1440  1440 D gralloc_ranchu: gralloc_unregister_buffer: exiting HostConnection (is buffer-handling thread)
03-19 23:37:11.063  1440  1440 D         : HostConnection::get() New Host Connection established 0xecaa3900, tid 1440
03-19 23:37:11.063  1440  1440 D gralloc_ranchu: gralloc_unregister_buffer: exiting HostConnection (is buffer-handling thread)
03-19 23:37:11.063  1440  1440 D         : HostConnection::get() New Host Connection established 0xecaa3900, tid 1440
03-19 23:37:11.064  1440  1440 D gralloc_ranchu: gralloc_unregister_buffer: exiting HostConnection (is buffer-handling thread)
03-19 23:37:11.064  9054  9080 W AdvertisingIdClient: Error while reading from SharedPreferences 
03-19 23:37:11.064  9054  9080 W AdvertisingIdClient: java.lang.SecurityException: MODE_WORLD_READABLE no longer supported
03-19 23:37:11.064  9054  9080 W AdvertisingIdClient: 	at android.app.ContextImpl.checkMode(ContextImpl.java:2420)
03-19 23:37:11.064  9054  9080 W AdvertisingIdClient: 	at android.app.ContextImpl.getSharedPreferences(ContextImpl.java:382)
03-19 23:37:11.064  9054  9080 W AdvertisingIdClient: 	at android.app.ContextImpl.getSharedPreferences(ContextImpl.java:372)
03-19 23:37:11.064  9054  9080 W AdvertisingIdClient: 	at com.google.android.gms.ads.identifier.AdvertisingIdClient.getAdvertisingIdInfo(Unknown Source:11)
03-19 23:37:11.064  9054  9080 W AdvertisingIdClient: 	at java.lang.reflect.Method.invoke(Native Method)
03-19 23:37:11.064  9054  9080 W AdvertisingIdClient: 	at io.fabric.sdk.android.services.common.AdvertisingInfoReflectionStrategy.getInfo(AdvertisingInfoReflectionStrategy.java:106)
03-19 23:37:11.064  9054  9080 W AdvertisingIdClient: 	at io.fabric.sdk.android.services.common.AdvertisingInfoReflectionStrategy.isLimitAdTrackingEnabled(AdvertisingInfoReflectionStrategy.java:91)
03-19 23:37:11.064  9054  9080 W AdvertisingIdClient: 	at io.fabric.sdk.android.services.common.AdvertisingInfoReflectionStrategy.getAdvertisingInfo(AdvertisingInfoReflectionStrategy.java:66)
03-19 23:37:11.064  9054  9080 W AdvertisingIdClient: 	at io.fabric.sdk.android.services.common.AdvertisingInfoProvider.getAdvertisingInfoFromStrategies(AdvertisingInfoProvider.java:118)
03-19 23:37:11.064  9054  9080 W AdvertisingIdClient: 	at io.fabric.sdk.android.services.common.AdvertisingInfoProvider.getAdvertisingInfo(AdvertisingInfoProvider.java:57)
03-19 23:37:11.064  9054  9080 W AdvertisingIdClient: 	at io.fabric.sdk.android.services.common.IdManager.getAdvertisingId(IdManager.java:391)
03-19 23:37:11.064  9054  9080 W AdvertisingIdClient: 	at io.fabric.sdk.android.services.common.IdManager.getDeviceIdentifiers(IdManager.java:378)
03-19 23:37:11.064  9054  9080 W AdvertisingIdClient: 	at io.fabric.sdk.android.services.common.IdManager.addDeviceIdentifiersTo(IdManager.java:199)
03-19 23:37:11.064  9054  9080 W AdvertisingIdClient: 	at io.fabric.sdk.android.services.common.IdManager.createIdHeaderValue(IdManager.java:172)
03-19 23:37:11.064  9054  9080 W AdvertisingIdClient: 	at io.fabric.sdk.android.services.settings.Settings.initialize(Settings.java:96)
03-19 23:37:11.064  9054  9080 W AdvertisingIdClient: 	at io.fabric.sdk.android.Onboarding.retrieveSettingsData(Onboarding.java:123)
03-19 23:37:11.064  9054  9080 W AdvertisingIdClient: 	at io.fabric.sdk.android.Onboarding.doInBackground(Onboarding.java:99)
03-19 23:37:11.064  9054  9080 W AdvertisingIdClient: 	at io.fabric.sdk.android.Onboarding.doInBackground(Onboarding.java:45)
03-19 23:37:11.064  9054  9080 W AdvertisingIdClient: 	at io.fabric.sdk.android.InitializationTask.doInBackground(InitializationTask.java:63)
03-19 23:37:11.064  9054  9080 W AdvertisingIdClient: 	at io.fabric.sdk.android.InitializationTask.doInBackground(InitializationTask.java:28)
03-19 23:37:11.064  9054  9080 W AdvertisingIdClient: 	at io.fabric.sdk.android.services.concurrency.AsyncTask$2.call(AsyncTask.java:311)
03-19 23:37:11.064  9054  9080 W AdvertisingIdClient: 	at java.util.concurrent.FutureTask.run(FutureTask.java:266)
03-19 23:37:11.064  9054  9080 W AdvertisingIdClient: 	at java.util.concurrent.Executors$RunnableAdapter.call(Executors.java:457)
03-19 23:37:11.064  9054  9080 W AdvertisingIdClient: 	at java.util.concurrent.FutureTask.run(FutureTask.java:266)
03-19 23:37:11.064  9054  9080 W AdvertisingIdClient: 	at java.util.concurrent.ThreadPoolExecutor.runWorker(ThreadPoolExecutor.java:1162)
03-19 23:37:11.064  9054  9080 W AdvertisingIdClient: 	at java.util.concurrent.ThreadPoolExecutor$Worker.run(ThreadPoolExecutor.java:636)
03-19 23:37:11.064  9054  9080 W AdvertisingIdClient: 	at java.lang.Thread.run(Thread.java:764)
03-19 23:37:11.064  1440  1440 D         : HostConnection::get() New Host Connection established 0xecaa3900, tid 1440
03-19 23:37:11.064  1440  1440 D gralloc_ranchu: gralloc_unregister_buffer: exiting HostConnection (is buffer-handling thread)
03-19 23:37:11.066  9054  9086 W AdvertisingIdClient: Error while reading from SharedPreferences 
03-19 23:37:11.066  9054  9086 W AdvertisingIdClient: java.lang.SecurityException: MODE_WORLD_READABLE no longer supported
03-19 23:37:11.066  9054  9086 W AdvertisingIdClient: 	at android.app.ContextImpl.checkMode(ContextImpl.java:2420)
03-19 23:37:11.066  9054  9086 W AdvertisingIdClient: 	at android.app.ContextImpl.getSharedPreferences(ContextImpl.java:382)
03-19 23:37:11.066  9054  9086 W AdvertisingIdClient: 	at android.app.ContextImpl.getSharedPreferences(ContextImpl.java:372)
03-19 23:37:11.066  9054  9086 W AdvertisingIdClient: 	at com.google.android.gms.ads.identifier.AdvertisingIdClient.getAdvertisingIdInfo(Unknown Source:11)
03-19 23:37:11.066  9054  9086 W AdvertisingIdClient: 	at java.lang.reflect.Method.invoke(Native Method)
03-19 23:37:11.066  9054  9086 W AdvertisingIdClient: 	at io.fabric.sdk.android.services.common.AdvertisingInfoReflectionStrategy.getInfo(AdvertisingInfoReflectionStrategy.java:106)
03-19 23:37:11.066  9054  9086 W AdvertisingIdClient: 	at io.fabric.sdk.android.services.common.AdvertisingInfoReflectionStrategy.isLimitAdTrackingEnabled(AdvertisingInfoReflectionStrategy.java:91)
03-19 23:37:11.066  9054  9086 W AdvertisingIdClient: 	at io.fabric.sdk.android.services.common.AdvertisingInfoReflectionStrategy.getAdvertisingInfo(AdvertisingInfoReflectionStrategy.java:66)
03-19 23:37:11.066  9054  9086 W AdvertisingIdClient: 	at io.fabric.sdk.android.services.common.AdvertisingInfoProvider.getAdvertisingInfoFromStrategies(AdvertisingInfoProvider.java:118)
03-19 23:37:11.066  9054  9086 W AdvertisingIdClient: 	at io.fabric.sdk.android.services.common.AdvertisingInfoProvider.getAdvertisingInfo(AdvertisingInfoProvider.java:57)
03-19 23:37:11.066  9054  9086 W AdvertisingIdClient: 	at io.fabric.sdk.android.services.common.IdManager.getAdvertisingId(IdManager.java:391)
03-19 23:37:11.066  9054  9086 W AdvertisingIdClient: 	at io.fabric.sdk.android.services.common.IdManager.getDeviceIdentifiers(IdManager.java:378)
03-19 23:37:11.066  9054  9086 W AdvertisingIdClient: 	at com.crashlytics.android.core.CrashlyticsUncaughtExceptionHandler.writeSessionDevice(CrashlyticsUncaughtExceptionHandler.java:914)
03-19 23:37:11.066  9054  9086 W AdvertisingIdClient: 	at com.crashlytics.android.core.CrashlyticsUncaughtExceptionHandler.doOpenSession(CrashlyticsUncaughtExceptionHandler.java:599)
03-19 23:37:11.066  9054  9086 W AdvertisingIdClient: 	at com.crashlytics.android.core.CrashlyticsUncaughtExceptionHandler.access$800(CrashlyticsUncaughtExceptionHandler.java:56)
03-19 23:37:11.066  9054  9086 W AdvertisingIdClient: 	at com.crashlytics.android.core.CrashlyticsUncaughtExceptionHandler$12.call(CrashlyticsUncaughtExceptionHandler.java:504)
03-19 23:37:11.066  9054  9086 W AdvertisingIdClient: 	at com.crashlytics.android.core.CrashlyticsUncaughtExceptionHandler$12.call(CrashlyticsUncaughtExceptionHandler.java:500)
03-19 23:37:11.066  9054  9086 W AdvertisingIdClient: 	at com.crashlytics.android.core.CrashlyticsExecutorServiceWrapper$2.call(CrashlyticsExecutorServiceWrapper.java:104)
03-19 23:37:11.066  9054  9086 W AdvertisingIdClient: 	at java.util.concurrent.FutureTask.run(FutureTask.java:266)
03-19 23:37:11.066  9054  9086 W AdvertisingIdClient: 	at java.util.concurrent.ThreadPoolExecutor.runWorker(ThreadPoolExecutor.java:1162)
03-19 23:37:11.066  9054  9086 W AdvertisingIdClient: 	at java.util.concurrent.ThreadPoolExecutor$Worker.run(ThreadPoolExecutor.java:636)
03-19 23:37:11.066  9054  9086 W AdvertisingIdClient: 	at io.fabric.sdk.android.services.common.ExecutorUtils$1$1.onRun(ExecutorUtils.java:75)
03-19 23:37:11.066  9054  9086 W AdvertisingIdClient: 	at io.fabric.sdk.android.services.common.BackgroundPriorityRunnable.run(BackgroundPriorityRunnable.java:30)
03-19 23:37:11.066  9054  9086 W AdvertisingIdClient: 	at java.lang.Thread.run(Thread.java:764)
03-19 23:37:11.068  9054  9097 W AdvertisingIdClient: Error while reading from SharedPreferences 
03-19 23:37:11.068  9054  9097 W AdvertisingIdClient: java.lang.SecurityException: MODE_WORLD_READABLE no longer supported
03-19 23:37:11.068  9054  9097 W AdvertisingIdClient: 	at android.app.ContextImpl.checkMode(ContextImpl.java:2420)
03-19 23:37:11.068  9054  9097 W AdvertisingIdClient: 	at android.app.ContextImpl.getSharedPreferences(ContextImpl.java:382)
03-19 23:37:11.068  9054  9097 W AdvertisingIdClient: 	at android.app.ContextImpl.getSharedPreferences(ContextImpl.java:372)
03-19 23:37:11.068  9054  9097 W AdvertisingIdClient: 	at com.google.android.gms.ads.identifier.AdvertisingIdClient.getAdvertisingIdInfo(Unknown Source:11)
03-19 23:37:11.068  9054  9097 W AdvertisingIdClient: 	at java.lang.reflect.Method.invoke(Native Method)
03-19 23:37:11.068  9054  9097 W AdvertisingIdClient: 	at com.facebook.internal.Utility.invokeMethodQuietly(Utility.java:808)
03-19 23:37:11.068  9054  9097 W AdvertisingIdClient: 	at com.facebook.internal.AttributionIdentifiers.getAndroidIdViaReflection(AttributionIdentifiers.java:117)
03-19 23:37:11.068  9054  9097 W AdvertisingIdClient: 	at com.facebook.internal.AttributionIdentifiers.getAndroidId(AttributionIdentifiers.java:75)
03-19 23:37:11.068  9054  9097 W AdvertisingIdClient: 	at com.facebook.internal.AttributionIdentifiers.getAttributionIdentifiers(AttributionIdentifiers.java:178)
03-19 23:37:11.068  9054  9097 W AdvertisingIdClient: 	at com.facebook.internal.FetchedAppSettingsManager.getAppSettingsQueryResponse(FetchedAppSettingsManager.java:357)
03-19 23:37:11.068  9054  9097 W AdvertisingIdClient: 	at com.facebook.internal.FetchedAppSettingsManager.queryAppSettings(FetchedAppSettingsManager.java:271)
03-19 23:37:11.068  9054  9097 W AdvertisingIdClient: 	at com.facebook.appevents.internal.AutomaticAnalyticsLogger.logActivityTimeSpentEvent(AutomaticAnalyticsLogger.java:86)
03-19 23:37:11.068  9054  9097 W AdvertisingIdClient: 	at com.facebook.appevents.internal.ActivityLifecycleTracker$5.run(ActivityLifecycleTracker.java:317)
03-19 23:37:11.068  9054  9097 W AdvertisingIdClient: 	at java.util.concurrent.Executors$RunnableAdapter.call(Executors.java:457)
03-19 23:37:11.068  9054  9097 W AdvertisingIdClient: 	at java.util.concurrent.FutureTask.run(FutureTask.java:266)
03-19 23:37:11.068  9054  9097 W AdvertisingIdClient: 	at java.util.concurrent.ScheduledThreadPoolExecutor$ScheduledFutureTask.run(ScheduledThreadPoolExecutor.java:301)
03-19 23:37:11.068  9054  9097 W AdvertisingIdClient: 	at java.util.concurrent.ThreadPoolExecutor.runWorker(ThreadPoolExecutor.java:1162)
03-19 23:37:11.068  9054  9097 W AdvertisingIdClient: 	at java.util.concurrent.ThreadPoolExecutor$Worker.run(ThreadPoolExecutor.java:636)
03-19 23:37:11.068  9054  9097 W AdvertisingIdClient: 	at java.lang.Thread.run(Thread.java:764)
03-19 23:37:11.071  9054  9092 D ObservationListActivity: onPause
03-19 23:37:11.071  9054  9092 I INaturalistService: Service onCreate
03-19 23:37:11.071  1776  1973 D EGL_emulation: eglMakeCurrent: 0xe9b85480: ver 3 0 (tinfo 0xe9b834f0)
03-19 23:37:11.072  1440  1440 D         : HostConnection::get() New Host Connection established 0xecaa3900, tid 1440
03-19 23:37:11.072  9054  9092 I INaturalistService: Service startIntentForeground
03-19 23:37:11.072  9054  9092 I INaturalistService: Service onStartCommand
03-19 23:37:11.072  9054  9092 I INaturalistService: Service startIntentForeground
03-19 23:37:11.072  9054  9092 D INaturalistService: Service: clear_old_photos_cache
03-19 23:37:11.072  9054  9092 D SQLiteCursorFactory: SQLiteQuery: SELECT _id, _created_at, _observation_id, _photo_id, _synced_at, _updated_at, created_at, uuid, id, observation_id, photo_id, position, updated_at, photo_url, is_deleted, photo_filename, original_photo_filename FROM observation_photos WHERE (_updated_at = _synced_at AND _synced_at IS NOT NULL AND id IS NOT NULL AND _updated_at < ? AND photo_filename IS NOT NULL AND observation_id IS NOT NULL) ORDER BY position ASC, id ASC, _id ASC
03-19 23:37:11.074  1662  1683 I WifiService: requestActivityInfo uid=1000
03-19 23:37:11.074  1662  1683 I WifiService: reportActivityInfo uid=1000
03-19 23:37:11.074  1662  1683 I WifiService: getSupportedFeatures uid=1000
03-19 23:37:11.076  9054  9054 W Notification: Use of stream types is deprecated for operations other than volume control
03-19 23:37:11.076  9054  9054 W Notification: See the documentation of setSound() for what to use instead with android.media.AudioAttributes to qualify your playback use case
03-19 23:37:11.034  1662  1680 I chatty  : uid=1000(system) ActivityManager identical 1 line
03-19 23:37:11.077  1662  1680 V ActivityManager: Attempted to start a foreground service (ComponentInfo{org.inaturalist.android/org.inaturalist.android.INaturalistService}) with a broken notification (no icon: Notification(channel=inaturalist_service pri=0 contentView=null vibrate=null sound=null defaults=0x0 flags=0x40 color=0x00000000 vis=PRIVATE))
03-19 23:37:11.121  1662  1662 I NotificationService: Cannot find enqueued record for key: 0|org.inaturalist.android|1|null|10110
03-19 23:37:11.141  1776  1776 W StatusBar: removeNotification for unknown key: 0|org.inaturalist.android|1|null|10110
03-19 23:37:11.159  9054  9092 I INaturalistService: Service onStartCommand
03-19 23:37:11.160  9054  9092 I INaturalistService: Service startIntentForeground
03-19 23:37:11.160  9054  9092 D INaturalistService: Service: get_user_udpates
03-19 23:37:11.213  9054  9092 D INaturalistService: URL: get - https://api.inaturalist.org/v1/observations/updates?locale=en&per_page=200&observations_by=owner (params: null / null)
03-19 23:37:11.214  9054  9092 D SQLiteCursorFactory: SQLiteQuery: SELECT _id, _created_at, _synced_at, _updated_at, created_at, description, geoprivacy, iconic_taxon_id, iconic_taxon_name, id, id_please, latitude, longitude, observed_on, observed_on_string, out_of_range, captive, place_guess, private_place_guess, positional_accuracy, positioning_device, positioning_method, private_latitude, private_longitude, private_positional_accuracy, quality_grade, species_guess, preferred_common_name, taxon_id, time_observed_at, updated_at, user_agent, user_id, user_login, identifications_count, comments_count, last_comments_count, last_identifications_count, is_deleted, uuid, owners_identification_from_vision, scientific_name, rank_level, rank FROM observations WHERE ((_synced_at IS NULL) AND (is_deleted = 0 OR is_deleted is NULL)  AND ((id >= 0) OR (_synced_at IS NULL))) ORDER BY CASE WHEN _created_at > created_at THEN created_at ELSE _created_at END DESC, CASE WHEN id IS NULL THEN _id ELSE id END DESC
03-19 23:37:11.216  9054  9092 E ObservationCursorAda...: java.io.FileNotFoundException: /data/user/0/org.inaturalist.android/files/observations_photo_info.dat (No such file or directory)
03-19 23:37:11.216  9054  9092 E ObservationCursorAda...: 	at java.io.FileInputStream.open0(Native Method)
03-19 23:37:11.216  9054  9092 E ObservationCursorAda...: 	at java.io.FileInputStream.open(FileInputStream.java:200)
03-19 23:37:11.216  9054  9092 E ObservationCursorAda...: 	at java.io.FileInputStream.<init>(FileInputStream.java:150)
03-19 23:37:11.216  9054  9092 E ObservationCursorAda...: 	at org.inaturalist.android.ObservationCursorAdapter.loadPhotoInfo(ObservationCursorAdapter.java:152)
03-19 23:37:11.216  9054  9092 E ObservationCursorAda...: 	at org.inaturalist.android.ObservationCursorAdapter.getPhotoInfo(ObservationCursorAdapter.java:242)
03-19 23:37:11.216  9054  9092 E ObservationCursorAda...: 	at org.inaturalist.android.ObservationCursorAdapter.<init>(ObservationCursorAdapter.java:109)
03-19 23:37:11.216  9054  9092 E ObservationCursorAda...: 	at org.inaturalist.android.ObservationCursorAdapter.<init>(ObservationCursorAdapter.java:99)
03-19 23:37:11.216  9054  9092 E ObservationCursorAda...: 	at org.inaturalist.android.ObservationListActivity$ObservationsPageAdapter.instantiateItem(ObservationListActivity.java:1332)
03-19 23:37:11.216  9054  9092 E ObservationCursorAda...: 	at android.support.v4.view.ViewPager.addNewItem(ViewPager.java:1004)
03-19 23:37:11.216  9054  9092 E ObservationCursorAda...: 	at android.support.v4.view.ViewPager.populate(ViewPager.java:1152)
03-19 23:37:11.216  9054  9092 E ObservationCursorAda...: 	at android.support.v4.view.ViewPager.populate(ViewPager.java:1086)
03-19 23:37:11.216  9054  9092 E ObservationCursorAda...: 	at android.support.v4.view.ViewPager.onMeasure(ViewPager.java:1616)
03-19 23:37:11.216  9054  9092 E ObservationCursorAda...: 	at android.view.View.measure(View.java:22071)
03-19 23:37:11.216  9054  9092 E ObservationCursorAda...: 	at android.widget.RelativeLayout.measureChildHorizontal(RelativeLayout.java:715)
03-19 23:37:11.216  9054  9092 E ObservationCursorAda...: 	at android.widget.RelativeLayout.onMeasure(RelativeLayout.java:461)
03-19 23:37:11.216  9054  9092 E ObservationCursorAda...: 	at android.view.View.measure(View.java:22071)
03-19 23:37:11.216  9054  9092 E ObservationCursorAda...: 	at android.view.ViewGroup.measureChildWithMargins(ViewGroup.java:6602)
03-19 23:37:11.216  9054  9092 E ObservationCursorAda...: 	at android.widget.FrameLayout.onMeasure(FrameLayout.java:185)
03-19 23:37:11.216  9054  9092 E ObservationCursorAda...: 	at android.support.v7.widget.ContentFrameLayout.onMeasure(ContentFrameLayout.java:139)
03-19 23:37:11.216  9054  9092 E ObservationCursorAda...: 	at android.view.View.measure(View.java:22071)
03-19 23:37:11.216  9054  9092 E ObservationCursorAda...: 	at android.view.ViewGroup.measureChildWithMargins(ViewGroup.java:6602)
03-19 23:37:11.216  9054  9092 E ObservationCursorAda...: 	at android.support.v7.widget.ActionBarOverlayLayout.onMeasure(ActionBarOverlayLayout.java:400)
03-19 23:37:11.216  9054  9092 E ObservationCursorAda...: 	at android.view.View.measure(View.java:22071)
03-19 23:37:11.216  9054  9092 E ObservationCursorAda...: 	at android.view.ViewGroup.measureChildWithMargins(ViewGroup.java:6602)
03-19 23:37:11.216  9054  9092 E ObservationCursorAda...: 	at android.widget.FrameLayout.onMeasure(FrameLayout.java:185)
03-19 23:37:11.216  9054  9092 E ObservationCursorAda...: 	at android.view.View.measure(View.java:22071)
03-19 23:37:11.216  9054  9092 E ObservationCursorAda...: 	at android.view.ViewGroup.measureChildWithMargins(ViewGroup.java:6602)
03-19 23:37:11.216  9054  9092 E ObservationCursorAda...: 	at android.widget.LinearLayout.measureChildBeforeLayout(LinearLayout.java:1514)
03-19 23:37:11.216  9054  9092 E ObservationCursorAda...: 	at android.widget.LinearLayout.measureVertical(LinearLayout.java:806)
03-19 23:37:11.216  9054  9092 E ObservationCursorAda...: 	at android.widget.LinearLayout.onMeasure(LinearLayout.java:685)
03-19 23:37:11.216  9054  9092 E ObservationCursorAda...: 	at android.view.View.measure(View.java:22071)
03-19 23:37:11.216  9054  9092 E ObservationCursorAda...: 	at android.widget.RelativeLayout.measureChildHorizontal(RelativeLayout.java:715)
03-19 23:37:11.216  9054  9092 E ObservationCursorAda...: 	at android.widget.RelativeLayout.onMeasure(RelativeLayout.java:461)
03-19 23:37:11.216  9054  9092 E ObservationCursorAda...: 	at android.view.View.measure(View.java:22071)
03-19 23:37:11.216  9054  9092 E ObservationCursorAda...: 	at android.support.v4.widget.DrawerLayout.onMeasure(DrawerLayout.java:1060)
03-19 23:37:11.216  9054  9092 E ObservationCursorAda...: 	at android.view.View.measure(View.java:22071)
03-19 23:37:11.216  9054  9092 E ObservationCursorAda...: 	at android.view.ViewGroup.measureChildWithMargins(ViewGroup.java:6602)
03-19 23:37:11.216  9054  9092 E ObservationCursorAda...: 	at android.widget.FrameLayout.onMeasure(FrameLayout.java:185)
03-19 23:37:11.216  9054  9092 E ObservationCursorAda...: 	at com.android.internal.policy.DecorView.onMeasure(DecorView.java:724)
03-19 23:37:11.216  9054  9092 E ObservationCursorAda...: 	at android.view.View.measure(View.java:22071)
03-19 23:37:11.216  9054  9092 E ObservationCursorAda...: 	at android.view.ViewRootImpl.performMeasure(ViewRootImpl.java:2422)
03-19 23:37:11.216  9054  9092 E ObservationCursorAda...: 	at android.view.ViewRootImpl.measureHierarchy(ViewRootImpl.java:1504)
03-19 23:37:11.216  9054  9092 E ObservationCursorAda...: 	at android.view.ViewRootImpl.performTraversals(ViewRootImpl.java:1761)
03-19 23:37:11.216  9054  9092 E ObservationCursorAda...: 	at android.view.ViewRootImpl.doTraversal(ViewRootImpl.java:1392)
03-19 23:37:11.216  9054  9092 E ObservationCursorAda...: 	at android.view.ViewRootImpl$TraversalRunnable.run(ViewRootImpl.java:6752)
03-19 23:37:11.216  9054  9092 E ObservationCursorAda...: 	at android.view.Choreographer$CallbackRecord.run(Choreographer.java:911)
03-19 23:37:11.216  9054  9092 E ObservationCursorAda...: 	at android.view.Choreographer.doCallbacks(Choreographer.java:723)
03-19 23:37:11.216  9054  9092 E ObservationCursorAda...: 	at android.view.Choreographer.doFrame(Choreographer.java:658)
03-19 23:37:11.216  9054  9092 E ObservationCursorAda...: 	at android.view.Choreographer$FrameDisplayEventReceiver.run(Choreographer.java:897)
03-19 23:37:11.216  9054  9092 E ObservationCursorAda...: 	at android.os.Handler.handleCallback(Handler.java:790)
03-19 23:37:11.216  9054  9092 E ObservationCursorAda...: 	at android.os.Handler.dispatchMessage(Handler.java:99)
03-19 23:37:11.216  9054  9092 E ObservationCursorAda...: 	at android.os.Looper.loop(Looper.java:164)
03-19 23:37:11.216  9054  9092 E ObservationCursorAda...: 	at android.app.ActivityThread.main(ActivityThread.java:6494)
03-19 23:37:11.216  9054  9092 E ObservationCursorAda...: 	at java.lang.reflect.Method.invoke(Native Method)
03-19 23:37:11.216  9054  9092 E ObservationCursorAda...: 	at com.android.internal.os.RuntimeInit$MethodAndArgsCaller.run(RuntimeInit.java:438)
03-19 23:37:11.216  9054  9092 E ObservationCursorAda...: 	at com.android.internal.os.ZygoteInit.main(ZygoteInit.java:807)
03-19 23:37:11.216  9054  9092 D SQLiteCursorFactory: SQLiteQuery: SELECT _id, _created_at, _synced_at, _updated_at, created_at, description, geoprivacy, iconic_taxon_id, iconic_taxon_name, id, id_please, latitude, longitude, observed_on, observed_on_string, out_of_range, captive, place_guess, private_place_guess, positional_accuracy, positioning_device, positioning_method, private_latitude, private_longitude, private_positional_accuracy, quality_grade, species_guess, preferred_common_name, taxon_id, time_observed_at, updated_at, user_agent, user_id, user_login, identifications_count, comments_count, last_comments_count, last_identifications_count, is_deleted, uuid, owners_identification_from_vision, scientific_name, rank_level, rank FROM observations WHERE ((_synced_at IS NULL) AND (is_deleted = 0 OR is_deleted is NULL) AND ((id >= 0) OR (_synced_at IS NULL))) ORDER BY CASE WHEN _created_at > created_at THEN created_at ELSE _created_at END DESC, CASE WHEN id IS NULL THEN _id ELSE id END DESC
03-19 23:37:11.248  9054  9072 E GraphResponse: {HttpStatus: 400, errorCode: 43003, subErrorCode: -1, errorType: OAuthException, errorMessage: (#43003) App button auto detection is disabled}
03-19 23:37:11.257  1440  1440 D gralloc_ranchu: gralloc_unregister_buffer: exiting HostConnection (is buffer-handling thread)
03-19 23:37:11.258  1440  1440 D         : HostConnection::get() New Host Connection established 0xecaa3900, tid 1440
03-19 23:37:11.258  1440  1440 D gralloc_ranchu: gralloc_unregister_buffer: exiting HostConnection (is buffer-handling thread)
03-19 23:37:11.263  1440  1440 D         : HostConnection::get() New Host Connection established 0xecaa3900, tid 1440
03-19 23:37:11.271  9054  9092 E ObservationCursorAda...: java.io.FileNotFoundException: /data/user/0/org.inaturalist.android/files/observations_photo_info.dat (No such file or directory)
03-19 23:37:11.271  9054  9092 E ObservationCursorAda...: 	at java.io.FileInputStream.open0(Native Method)
03-19 23:37:11.271  9054  9092 E ObservationCursorAda...: 	at java.io.FileInputStream.open(FileInputStream.java:200)
03-19 23:37:11.271  9054  9092 E ObservationCursorAda...: 	at java.io.FileInputStream.<init>(FileInputStream.java:150)
03-19 23:37:11.271  9054  9092 E ObservationCursorAda...: 	at org.inaturalist.android.ObservationCursorAdapter.loadPhotoInfo(ObservationCursorAdapter.java:152)
03-19 23:37:11.271  9054  9092 E ObservationCursorAda...: 	at org.inaturalist.android.ObservationCursorAdapter.getPhotoInfo(ObservationCursorAdapter.java:242)
03-19 23:37:11.271  9054  9092 E ObservationCursorAda...: 	at org.inaturalist.android.ObservationCursorAdapter.<init>(ObservationCursorAdapter.java:109)
03-19 23:37:11.271  9054  9092 E ObservationCursorAda...: 	at org.inaturalist.android.ObservationListActivity$ObservationsPageAdapter.instantiateItem(ObservationListActivity.java:1333)
03-19 23:37:11.271  9054  9092 E ObservationCursorAda...: 	at android.support.v4.view.ViewPager.addNewItem(ViewPager.java:1004)
03-19 23:37:11.271  9054  9092 E ObservationCursorAda...: 	at android.support.v4.view.ViewPager.populate(ViewPager.java:1152)
03-19 23:37:11.271  9054  9092 E ObservationCursorAda...: 	at android.support.v4.view.ViewPager.populate(ViewPager.java:1086)
03-19 23:37:11.271  9054  9092 E ObservationCursorAda...: 	at android.support.v4.view.ViewPager.onMeasure(ViewPager.java:1616)
03-19 23:37:11.271  9054  9092 E ObservationCursorAda...: 	at android.view.View.measure(View.java:22071)
03-19 23:37:11.271  9054  9092 E ObservationCursorAda...: 	at android.widget.RelativeLayout.measureChildHorizontal(RelativeLayout.java:715)
03-19 23:37:11.271  9054  9092 E ObservationCursorAda...: 	at android.widget.RelativeLayout.onMeasure(RelativeLayout.java:461)
03-19 23:37:11.271  9054  9092 E ObservationCursorAda...: 	at android.view.View.measure(View.java:22071)
03-19 23:37:11.271  9054  9092 E ObservationCursorAda...: 	at android.view.ViewGroup.measureChildWithMargins(ViewGroup.java:6602)
03-19 23:37:11.271  9054  9092 E ObservationCursorAda...: 	at android.widget.FrameLayout.onMeasure(FrameLayout.java:185)
03-19 23:37:11.271  9054  9092 E ObservationCursorAda...: 	at android.support.v7.widget.ContentFrameLayout.onMeasure(ContentFrameLayout.java:139)
03-19 23:37:11.271  9054  9092 E ObservationCursorAda...: 	at android.view.View.measure(View.java:22071)
03-19 23:37:11.271  9054  9092 E ObservationCursorAda...: 	at android.view.ViewGroup.measureChildWithMargins(ViewGroup.java:6602)
03-19 23:37:11.271  9054  9092 E ObservationCursorAda...: 	at android.support.v7.widget.ActionBarOverlayLayout.onMeasure(ActionBarOverlayLayout.java:400)
03-19 23:37:11.271  9054  9092 E ObservationCursorAda...: 	at android.view.View.measure(View.java:22071)
03-19 23:37:11.271  9054  9092 E ObservationCursorAda...: 	at android.view.ViewGroup.measureChildWithMargins(ViewGroup.java:6602)
03-19 23:37:11.271  9054  9092 E ObservationCursorAda...: 	at android.widget.FrameLayout.onMeasure(FrameLayout.java:185)
03-19 23:37:11.271  9054  9092 E ObservationCursorAda...: 	at android.view.View.measure(View.java:22071)
03-19 23:37:11.271  9054  9092 E ObservationCursorAda...: 	at android.view.ViewGroup.measureChildWithMargins(ViewGroup.java:6602)
03-19 23:37:11.271  9054  9092 E ObservationCursorAda...: 	at android.widget.LinearLayout.measureChildBeforeLayout(LinearLayout.java:1514)
03-19 23:37:11.271  9054  9092 E ObservationCursorAda...: 	at android.widget.LinearLayout.measureVertical(LinearLayout.java:806)
03-19 23:37:11.271  9054  9092 E ObservationCursorAda...: 	at android.widget.LinearLayout.onMeasure(LinearLayout.java:685)
03-19 23:37:11.271  9054  9092 E ObservationCursorAda...: 	at android.view.View.measure(View.java:22071)
03-19 23:37:11.271  9054  9092 E ObservationCursorAda...: 	at android.widget.RelativeLayout.measureChildHorizontal(RelativeLayout.java:715)
03-19 23:37:11.271  9054  9092 E ObservationCursorAda...: 	at android.widget.RelativeLayout.onMeasure(RelativeLayout.java:461)
03-19 23:37:11.271  9054  9092 E ObservationCursorAda...: 	at android.view.View.measure(View.java:22071)
03-19 23:37:11.271  9054  9092 E ObservationCursorAda...: 	at android.support.v4.widget.DrawerLayout.onMeasure(DrawerLayout.java:1060)
03-19 23:37:11.271  9054  9092 E ObservationCursorAda...: 	at android.view.View.measure(View.java:22071)
03-19 23:37:11.271  9054  9092 E ObservationCursorAda...: 	at android.view.ViewGroup.measureChildWithMargins(ViewGroup.java:6602)
03-19 23:37:11.271  9054  9092 E ObservationCursorAda...: 	at android.widget.FrameLayout.onMeasure(FrameLayout.java:185)
03-19 23:37:11.271  9054  9092 E ObservationCursorAda...: 	at com.android.internal.policy.DecorView.onMeasure(DecorView.java:724)
03-19 23:37:11.271  9054  9092 E ObservationCursorAda...: 	at android.view.View.measure(View.java:22071)
03-19 23:37:11.271  9054  9092 E ObservationCursorAda...: 	at android.view.ViewRootImpl.performMeasure(ViewRootImpl.java:2422)
03-19 23:37:11.271  9054  9092 E ObservationCursorAda...: 	at android.view.ViewRootImpl.measureHierarchy(ViewRootImpl.java:1504)
03-19 23:37:11.271  9054  9092 E ObservationCursorAda...: 	at android.view.ViewRootImpl.performTraversals(ViewRootImpl.java:1761)
03-19 23:37:11.271  9054  9092 E ObservationCursorAda...: 	at android.view.ViewRootImpl.doTraversal(ViewRootImpl.java:1392)
03-19 23:37:11.271  9054  9092 E ObservationCursorAda...: 	at android.view.ViewRootImpl$TraversalRunnable.run(ViewRootImpl.java:6752)
03-19 23:37:11.271  9054  9092 E ObservationCursorAda...: 	at android.view.Choreographer$CallbackRecord.run(Choreographer.java:911)
03-19 23:37:11.271  9054  9092 E ObservationCursorAda...: 	at android.view.Choreographer.doCallbacks(Choreographer.java:723)
03-19 23:37:11.271  9054  9092 E ObservationCursorAda...: 	at android.view.Choreographer.doFrame(Choreographer.java:658)
03-19 23:37:11.271  9054  9092 E ObservationCursorAda...: 	at android.view.Choreographer$FrameDisplayEventReceiver.run(Choreographer.java:897)
03-19 23:37:11.271  9054  9092 E ObservationCursorAda...: 	at android.os.Handler.handleCallback(Handler.java:790)
03-19 23:37:11.271  9054  9092 E ObservationCursorAda...: 	at android.os.Handler.dispatchMessage(Handler.java:99)
03-19 23:37:11.271  9054  9092 E ObservationCursorAda...: 	at android.os.Looper.loop(Looper.java:164)
03-19 23:37:11.271  9054  9092 E ObservationCursorAda...: 	at android.app.ActivityThread.main(ActivityThread.java:6494)
03-19 23:37:11.271  9054  9092 E ObservationCursorAda...: 	at java.lang.reflect.Method.invoke(Native Method)
03-19 23:37:11.271  9054  9092 E ObservationCursorAda...: 	at com.android.internal.os.RuntimeInit$MethodAndArgsCaller.run(RuntimeInit.java:438)
03-19 23:37:11.271  9054  9092 E ObservationCursorAda...: 	at com.android.internal.os.ZygoteInit.main(ZygoteInit.java:807)
03-19 23:37:11.282  9054  9059 I zygote  : Do partial code cache collection, code=29KB, data=31KB
03-19 23:37:11.284  9054  9059 I zygote  : After code cache collection, code=29KB, data=31KB
03-19 23:37:11.284  9054  9059 I zygote  : Increasing code cache capacity to 128KB
03-19 23:37:11.336  1662  2275 D PackageManager: Ephemeral installer not found with new action; try old one
03-19 23:37:11.337  1662  2275 D PackageManager: Clear ephemeral installer activity
03-19 23:37:11.337  1662  2275 D PackageManager: Ephemeral installer not found with new action; try old one
03-19 23:37:11.337  1662  2275 D PackageManager: Clear ephemeral installer activity
03-19 23:37:11.338  1662  2275 D PackageManager: Ephemeral installer not found with new action; try old one
03-19 23:37:11.338  1662  2275 D PackageManager: Clear ephemeral installer activity
03-19 23:37:11.339  1662  2275 D PackageManager: Ephemeral installer not found with new action; try old one
03-19 23:37:11.340  1662  2275 D PackageManager: Clear ephemeral installer activity
03-19 23:37:11.340  1662  1674 D PackageManager: Ephemeral installer not found with new action; try old one
03-19 23:37:11.340  1662  1674 D PackageManager: Clear ephemeral installer activity
03-19 23:37:11.341  1662  1674 D PackageManager: Ephemeral installer not found with new action; try old one
03-19 23:37:11.341  1662  1674 D PackageManager: Clear ephemeral installer activity
03-19 23:37:11.341  1662  1674 D PackageManager: Ephemeral installer not found with new action; try old one
03-19 23:37:11.341  1662  1674 D PackageManager: Clear ephemeral installer activity
03-19 23:37:11.342  1662  1674 D PackageManager: Ephemeral installer not found with new action; try old one
03-19 23:37:11.342  1662  1674 D PackageManager: Clear ephemeral installer activity
03-19 23:37:11.343  1662  1674 D PackageManager: Ephemeral installer not found with new action; try old one
03-19 23:37:11.343  1662  1674 D PackageManager: Clear ephemeral installer activity
03-19 23:37:11.369  9054  9092 D INaturalistApp: Detected country: us
03-19 23:37:11.397  9054  9080 E Fabric  : Unknown error while loading Crashlytics settings. Crashes will be cached until settings can be retrieved.
03-19 23:37:11.404  9054  9083 W Fabric  : Received null settings, skipping initialization!
03-19 23:37:11.410  9054  9077 W zygote  : Long monitor contention with owner pool-1-thread-1 (9097) at int android.content.res.AssetManager.getStringBlockCount()(AssetManager.java:-2) waiters=0 in com.facebook.internal.FetchedAppSettings com.facebook.internal.FetchedAppSettingsManager.queryAppSettings(java.lang.String, boolean) for 383ms
03-19 23:37:11.424  9054  9092 E ObservationCursorAda...: java.io.FileNotFoundException: /data/user/0/org.inaturalist.android/files/observations_photo_info.dat (No such file or directory)
03-19 23:37:11.424  9054  9092 E ObservationCursorAda...: 	at java.io.FileInputStream.open0(Native Method)
03-19 23:37:11.424  9054  9092 E ObservationCursorAda...: 	at java.io.FileInputStream.open(FileInputStream.java:200)
03-19 23:37:11.424  9054  9092 E ObservationCursorAda...: 	at java.io.FileInputStream.<init>(FileInputStream.java:150)
03-19 23:37:11.424  9054  9092 E ObservationCursorAda...: 	at org.inaturalist.android.ObservationCursorAdapter.loadPhotoInfo(ObservationCursorAdapter.java:152)
03-19 23:37:11.424  9054  9092 E ObservationCursorAda...: 	at org.inaturalist.android.ObservationCursorAdapter.getPhotoInfo(ObservationCursorAdapter.java:242)
03-19 23:37:11.424  9054  9092 E ObservationCursorAda...: 	at org.inaturalist.android.ObservationCursorAdapter.refreshCursor(ObservationCursorAdapter.java:224)
03-19 23:37:11.424  9054  9092 E ObservationCursorAda...: 	at org.inaturalist.android.ObservationCursorAdapter.refreshCursor(ObservationCursorAdapter.java:180)
03-19 23:37:11.424  9054  9092 E ObservationCursorAda...: 	at org.inaturalist.android.ObservationListActivity$4.run(ObservationListActivity.java:892)
03-19 23:37:11.424  9054  9092 E ObservationCursorAda...: 	at android.os.Handler.handleCallback(Handler.java:790)
03-19 23:37:11.424  9054  9092 E ObservationCursorAda...: 	at android.os.Handler.dispatchMessage(Handler.java:99)
03-19 23:37:11.424  9054  9092 E ObservationCursorAda...: 	at android.os.Looper.loop(Looper.java:164)
03-19 23:37:11.424  9054  9092 E ObservationCursorAda...: 	at android.app.ActivityThread.main(ActivityThread.java:6494)
03-19 23:37:11.424  9054  9092 E ObservationCursorAda...: 	at java.lang.reflect.Method.invoke(Native Method)
03-19 23:37:11.424  9054  9092 E ObservationCursorAda...: 	at com.android.internal.os.RuntimeInit$MethodAndArgsCaller.run(RuntimeInit.java:438)
03-19 23:37:11.424  9054  9092 E ObservationCursorAda...: 	at com.android.internal.os.ZygoteInit.main(ZygoteInit.java:807)
03-19 23:37:11.426  9054  9092 E ObservationCursorAda...: java.io.FileNotFoundException: /data/user/0/org.inaturalist.android/files/observations_photo_info.dat (No such file or directory)
03-19 23:37:11.426  9054  9092 E ObservationCursorAda...: 	at java.io.FileInputStream.open0(Native Method)
03-19 23:37:11.426  9054  9092 E ObservationCursorAda...: 	at java.io.FileInputStream.open(FileInputStream.java:200)
03-19 23:37:11.426  9054  9092 E ObservationCursorAda...: 	at java.io.FileInputStream.<init>(FileInputStream.java:150)
03-19 23:37:11.426  9054  9092 E ObservationCursorAda...: 	at org.inaturalist.android.ObservationCursorAdapter.loadPhotoInfo(ObservationCursorAdapter.java:152)
03-19 23:37:11.426  9054  9092 E ObservationCursorAda...: 	at org.inaturalist.android.ObservationCursorAdapter.getPhotoInfo(ObservationCursorAdapter.java:242)
03-19 23:37:11.426  9054  9092 E ObservationCursorAda...: 	at org.inaturalist.android.ObservationCursorAdapter.refreshCursor(ObservationCursorAdapter.java:224)
03-19 23:37:11.426  9054  9092 E ObservationCursorAda...: 	at org.inaturalist.android.ObservationCursorAdapter.refreshCursor(ObservationCursorAdapter.java:180)
03-19 23:37:11.426  9054  9092 E ObservationCursorAda...: 	at org.inaturalist.android.ObservationListActivity$4.run(ObservationListActivity.java:893)
03-19 23:37:11.426  9054  9092 E ObservationCursorAda...: 	at android.os.Handler.handleCallback(Handler.java:790)
03-19 23:37:11.426  9054  9092 E ObservationCursorAda...: 	at android.os.Handler.dispatchMessage(Handler.java:99)
03-19 23:37:11.426  9054  9092 E ObservationCursorAda...: 	at android.os.Looper.loop(Looper.java:164)
03-19 23:37:11.426  9054  9092 E ObservationCursorAda...: 	at android.app.ActivityThread.main(ActivityThread.java:6494)
03-19 23:37:11.426  9054  9092 E ObservationCursorAda...: 	at java.lang.reflect.Method.invoke(Native Method)
03-19 23:37:11.426  9054  9092 E ObservationCursorAda...: 	at com.android.internal.os.RuntimeInit$MethodAndArgsCaller.run(RuntimeInit.java:438)
03-19 23:37:11.426  9054  9092 E ObservationCursorAda...: 	at com.android.internal.os.ZygoteInit.main(ZygoteInit.java:807)
03-19 23:37:11.445  9054  9118 W AdvertisingIdClient: Error while reading from SharedPreferences 
03-19 23:37:11.445  9054  9118 W AdvertisingIdClient: java.lang.SecurityException: MODE_WORLD_READABLE no longer supported
03-19 23:37:11.445  9054  9118 W AdvertisingIdClient: 	at android.app.ContextImpl.checkMode(ContextImpl.java:2420)
03-19 23:37:11.445  9054  9118 W AdvertisingIdClient: 	at android.app.ContextImpl.getSharedPreferences(ContextImpl.java:382)
03-19 23:37:11.445  9054  9118 W AdvertisingIdClient: 	at android.app.ContextImpl.getSharedPreferences(ContextImpl.java:372)
03-19 23:37:11.445  9054  9118 W AdvertisingIdClient: 	at com.google.android.gms.ads.identifier.AdvertisingIdClient.getAdvertisingIdInfo(Unknown Source:11)
03-19 23:37:11.445  9054  9118 W AdvertisingIdClient: 	at java.lang.reflect.Method.invoke(Native Method)
03-19 23:37:11.445  9054  9118 W AdvertisingIdClient: 	at io.fabric.sdk.android.services.common.AdvertisingInfoReflectionStrategy.getInfo(AdvertisingInfoReflectionStrategy.java:106)
03-19 23:37:11.445  9054  9118 W AdvertisingIdClient: 	at io.fabric.sdk.android.services.common.AdvertisingInfoReflectionStrategy.getAdvertisingId(AdvertisingInfoReflectionStrategy.java:76)
03-19 23:37:11.445  9054  9118 W AdvertisingIdClient: 	at io.fabric.sdk.android.services.common.AdvertisingInfoReflectionStrategy.getAdvertisingInfo(AdvertisingInfoReflectionStrategy.java:66)
03-19 23:37:11.445  9054  9118 W AdvertisingIdClient: 	at io.fabric.sdk.android.services.common.AdvertisingInfoProvider.getAdvertisingInfoFromStrategies(AdvertisingInfoProvider.java:118)
03-19 23:37:11.445  9054  9118 W AdvertisingIdClient: 	at io.fabric.sdk.android.services.common.AdvertisingInfoProvider.access$000(AdvertisingInfoProvider.java:28)
03-19 23:37:11.445  9054  9118 W AdvertisingIdClient: 	at io.fabric.sdk.android.services.common.AdvertisingInfoProvider$1.onRun(AdvertisingInfoProvider.java:70)
03-19 23:37:11.445  9054  9118 W AdvertisingIdClient: 	at io.fabric.sdk.android.services.common.BackgroundPriorityRunnable.run(BackgroundPriorityRunnable.java:30)
03-19 23:37:11.445  9054  9118 W AdvertisingIdClient: 	at java.lang.Thread.run(Thread.java:764)
03-19 23:37:11.452  9054  9059 I zygote  : Do partial code cache collection, code=57KB, data=59KB
03-19 23:37:11.452  9054  9059 I zygote  : After code cache collection, code=57KB, data=59KB
03-19 23:37:11.452  9054  9059 I zygote  : Increasing code cache capacity to 256KB
03-19 23:37:11.584  1439  1488 D gralloc_ranchu: gralloc_alloc: Creating ashmem region of size 8298496
