11-09 20:31:16.887  7711  7711 I AccessibilityNodeInfoDumper: Skipping invisible child: android.view.accessibility.AccessibilityNodeInfo@4f450; boundsInParent: Rect(0, 0 - 1080, 1458); boundsInScreen: Rect(1080, 336 - 1080, 1794); packageName: com.hexforhn.hex; className: android.view.ViewGroup; text: null; error: null; maxTextLength: -1; contentDescription: null; viewIdResName: com.hexforhn.hex:id/comment_layout; checkable: false; checked: false; focusable: false; focused: false; selected: false; clickable: false; longClickable: false; contextClickable: false; enabled: true; password: false; scrollable: false; importantForAccessibility: false; actions: [AccessibilityAction: ACTION_SELECT - null, AccessibilityAction: ACTION_CLEAR_SELECTION - null, AccessibilityAction: ACTION_ACCESSIBILITY_FOCUS - null, AccessibilityAction: ACTION_SHOW_ON_SCREEN - null]
11-09 20:31:16.889  7711  7711 W AccessibilityNodeInfoDumper: Fetch time: 123ms
11-09 20:31:16.889  1649  3840 W WindowManager: removeWindowToken: Attempted to remove non-existing token: android.os.Binder@be6bd9b
11-09 20:31:16.900  7711  7711 D AndroidRuntime: Shutting down VM
11-09 20:31:17.770  7739  7739 D AndroidRuntime: >>>>>> START com.android.internal.os.RuntimeInit uid 2000 <<<<<<
11-09 20:31:17.807  7739  7739 W app_process: Unexpected CPU variant for X86 using defaults: x86
11-09 20:31:17.808  7739  7739 I app_process: The ClassLoaderContext is a special shared library.
11-09 20:31:17.808  7739  7739 I app_process: The ClassLoaderContext is a special shared library.
11-09 20:31:17.823  7739  7739 D AndroidRuntime: Calling main entry com.android.commands.uiautomator.Launcher
11-09 20:31:18.855  7739  7739 I app_process: Deoptimizing java.lang.String com.android.uiautomator.core.AccessibilityNodeInfoDumper.stripInvalidXMLChars(java.lang.CharSequence) due to JIT inline cache
11-09 20:31:18.979  7739  7739 I AccessibilityNodeInfoDumper: Skipping invisible child: android.view.accessibility.AccessibilityNodeInfo@4f45e; boundsInParent: Rect(0, 0 - 1080, 1458); boundsInScreen: Rect(1080, 336 - 1080, 1794); packageName: com.hexforhn.hex; className: android.view.ViewGroup; text: null; error: null; maxTextLength: -1; contentDescription: null; viewIdResName: com.hexforhn.hex:id/comment_layout; checkable: false; checked: false; focusable: false; focused: false; selected: false; clickable: false; longClickable: false; contextClickable: false; enabled: true; password: false; scrollable: false; importantForAccessibility: false; actions: [AccessibilityAction: ACTION_SELECT - null, AccessibilityAction: ACTION_CLEAR_SELECTION - null, AccessibilityAction: ACTION_ACCESSIBILITY_FOCUS - null, AccessibilityAction: ACTION_SHOW_ON_SCREEN - null]
11-09 20:31:18.981  7739  7739 W AccessibilityNodeInfoDumper: Fetch time: 129ms
11-09 20:31:18.981  1649  1800 W WindowManager: removeWindowToken: Attempted to remove non-existing token: android.os.Binder@5a51911
11-09 20:31:18.990  7739  7739 D AndroidRuntime: Shutting down VM
11-09 20:31:19.227  7757  7757 D AndroidRuntime: >>>>>> START com.android.internal.os.RuntimeInit uid 2000 <<<<<<
11-09 20:31:19.229  7757  7757 W app_process: Could not reserve sentinel fault page
11-09 20:31:19.262  7757  7757 W app_process: Unexpected CPU variant for X86 using defaults: x86
11-09 20:31:19.264  7757  7757 I app_process: The ClassLoaderContext is a special shared library.
11-09 20:31:19.264  7757  7757 I app_process: The ClassLoaderContext is a special shared library.
11-09 20:31:19.278  7757  7757 D AndroidRuntime: Calling main entry com.android.commands.uiautomator.Launcher
11-09 20:31:20.435  7757  7757 I AccessibilityNodeInfoDumper: Skipping invisible child: android.view.accessibility.AccessibilityNodeInfo@4f46c; boundsInParent: Rect(0, 0 - 1080, 1458); boundsInScreen: Rect(1080, 336 - 1080, 1794); packageName: com.hexforhn.hex; className: android.view.ViewGroup; text: null; error: null; maxTextLength: -1; contentDescription: null; viewIdResName: com.hexforhn.hex:id/comment_layout; checkable: false; checked: false; focusable: false; focused: false; selected: false; clickable: false; longClickable: false; contextClickable: false; enabled: true; password: false; scrollable: false; importantForAccessibility: false; actions: [AccessibilityAction: ACTION_SELECT - null, AccessibilityAction: ACTION_CLEAR_SELECTION - null, AccessibilityAction: ACTION_ACCESSIBILITY_FOCUS - null, AccessibilityAction: ACTION_SHOW_ON_SCREEN - null]
11-09 20:31:20.437  7757  7757 W AccessibilityNodeInfoDumper: Fetch time: 133ms
11-09 20:31:20.438  1649  7927 W WindowManager: removeWindowToken: Attempted to remove non-existing token: android.os.Binder@4699877
11-09 20:31:20.445  7757  7757 D AndroidRuntime: Shutting down VM
11-09 20:31:21.302  7785  7785 D AndroidRuntime: >>>>>> START com.android.internal.os.RuntimeInit uid 2000 <<<<<<
11-09 20:31:21.334  7785  7785 W app_process: Unexpected CPU variant for X86 using defaults: x86
11-09 20:31:21.335  7785  7785 I app_process: The ClassLoaderContext is a special shared library.
11-09 20:31:21.335  7785  7785 I app_process: The ClassLoaderContext is a special shared library.
11-09 20:31:21.349  7785  7785 D AndroidRuntime: Calling main entry com.android.commands.uiautomator.Launcher
11-09 20:31:22.383  7785  7785 I app_process: Deoptimizing java.lang.String com.android.uiautomator.core.AccessibilityNodeInfoDumper.stripInvalidXMLChars(java.lang.CharSequence) due to JIT inline cache
11-09 20:31:22.495  7785  7785 I AccessibilityNodeInfoDumper: Skipping invisible child: android.view.accessibility.AccessibilityNodeInfo@4f479; boundsInParent: Rect(0, 0 - 1080, 1458); boundsInScreen: Rect(1080, 336 - 1080, 1794); packageName: com.hexforhn.hex; className: android.view.ViewGroup; text: null; error: null; maxTextLength: -1; contentDescription: null; viewIdResName: com.hexforhn.hex:id/comment_layout; checkable: false; checked: false; focusable: false; focused: false; selected: false; clickable: false; longClickable: false; contextClickable: false; enabled: true; password: false; scrollable: false; importantForAccessibility: false; actions: [AccessibilityAction: ACTION_SELECT - null, AccessibilityAction: ACTION_CLEAR_SELECTION - null, AccessibilityAction: ACTION_ACCESSIBILITY_FOCUS - null, AccessibilityAction: ACTION_SHOW_ON_SCREEN - null]
11-09 20:31:22.496  7785  7785 W AccessibilityNodeInfoDumper: Fetch time: 117ms
11-09 20:31:22.497  1649  1901 W WindowManager: removeWindowToken: Attempted to remove non-existing token: android.os.Binder@231354d
11-09 20:31:22.505  7785  7785 D AndroidRuntime: Shutting down VM
11-09 20:31:23.416  7821  7821 D AndroidRuntime: >>>>>> START com.android.internal.os.RuntimeInit uid 2000 <<<<<<
11-09 20:31:23.446  7821  7821 W app_process: Unexpected CPU variant for X86 using defaults: x86
11-09 20:31:23.447  7821  7821 I app_process: The ClassLoaderContext is a special shared library.
11-09 20:31:23.447  7821  7821 I app_process: The ClassLoaderContext is a special shared library.
11-09 20:31:23.460  7821  7821 D AndroidRuntime: Calling main entry com.android.commands.uiautomator.Launcher
11-09 20:31:24.491  7821  7821 I app_process: Deoptimizing java.lang.String com.android.uiautomator.core.AccessibilityNodeInfoDumper.stripInvalidXMLChars(java.lang.CharSequence) due to JIT inline cache
11-09 20:31:24.603  7821  7821 I AccessibilityNodeInfoDumper: Skipping invisible child: android.view.accessibility.AccessibilityNodeInfo@4f484; boundsInParent: Rect(0, 0 - 1080, 1458); boundsInScreen: Rect(1080, 336 - 1080, 1794); packageName: com.hexforhn.hex; className: android.view.ViewGroup; text: null; error: null; maxTextLength: -1; contentDescription: null; viewIdResName: com.hexforhn.hex:id/comment_layout; checkable: false; checked: false; focusable: false; focused: false; selected: false; clickable: false; longClickable: false; contextClickable: false; enabled: true; password: false; scrollable: false; importantForAccessibility: false; actions: [AccessibilityAction: ACTION_SELECT - null, AccessibilityAction: ACTION_CLEAR_SELECTION - null, AccessibilityAction: ACTION_ACCESSIBILITY_FOCUS - null, AccessibilityAction: ACTION_SHOW_ON_SCREEN - null]
11-09 20:31:24.605  7821  7821 W AccessibilityNodeInfoDumper: Fetch time: 117ms
11-09 20:31:24.605  1649 27081 W WindowManager: removeWindowToken: Attempted to remove non-existing token: android.os.Binder@8d54513
11-09 20:31:24.611  7821  7821 D AndroidRuntime: Shutting down VM
11-09 20:31:24.782  1450  1502 E SurfaceFlinger: ro.sf.lcd_density must be defined as a build property
11-09 20:31:24.789  1439  1480 D gralloc_ranchu: gralloc_alloc: Creating ashmem region of size 8298496
11-09 20:31:24.794  7837  7837 D         : HostConnection::get() New Host Connection established 0xf24c8240, tid 7837
11-09 20:31:24.805  1450  1502 D         : HostConnection::get() New Host Connection established 0xe85d4c40, tid 1502
11-09 20:31:24.809  1450  1502 D gralloc_ranchu: gralloc_unregister_buffer: exiting HostConnection (is buffer-handling thread)
11-09 20:31:24.809  1450  1502 D         : HostConnection::get() New Host Connection established 0xe85d4c40, tid 1502
11-09 20:31:24.809  1450  1502 D gralloc_ranchu: gralloc_unregister_buffer: exiting HostConnection (is buffer-handling thread)
11-09 20:31:24.943  4290  4290 D MediaScannerReceiver: action: android.intent.action.MEDIA_SCANNER_SCAN_FILE path: /storage/emulated/0/screen.png
11-09 20:31:27.353  7849  7849 D AndroidRuntime: >>>>>> START com.android.internal.os.RuntimeInit uid 2000 <<<<<<
11-09 20:31:27.384  7849  7849 W app_process: Unexpected CPU variant for X86 using defaults: x86
11-09 20:31:27.386  7849  7849 I app_process: The ClassLoaderContext is a special shared library.
11-09 20:31:27.386  7849  7849 I app_process: The ClassLoaderContext is a special shared library.
11-09 20:31:27.400  7849  7849 D AndroidRuntime: Calling main entry com.android.commands.uiautomator.Launcher
11-09 20:31:28.427  7849  7849 I app_process: Deoptimizing java.lang.String com.android.uiautomator.core.AccessibilityNodeInfoDumper.stripInvalidXMLChars(java.lang.CharSequence) due to JIT inline cache
11-09 20:31:28.547  7849  7849 I AccessibilityNodeInfoDumper: Skipping invisible child: android.view.accessibility.AccessibilityNodeInfo@4f492; boundsInParent: Rect(0, 0 - 1080, 1458); boundsInScreen: Rect(1080, 336 - 1080, 1794); packageName: com.hexforhn.hex; className: android.view.ViewGroup; text: null; error: null; maxTextLength: -1; contentDescription: null; viewIdResName: com.hexforhn.hex:id/comment_layout; checkable: false; checked: false; focusable: false; focused: false; selected: false; clickable: false; longClickable: false; contextClickable: false; enabled: true; password: false; scrollable: false; importantForAccessibility: false; actions: [AccessibilityAction: ACTION_SELECT - null, AccessibilityAction: ACTION_CLEAR_SELECTION - null, AccessibilityAction: ACTION_ACCESSIBILITY_FOCUS - null, AccessibilityAction: ACTION_SHOW_ON_SCREEN - null]
11-09 20:31:28.548  7849  7849 W AccessibilityNodeInfoDumper: Fetch time: 123ms
11-09 20:31:28.548  1649  1901 W WindowManager: removeWindowToken: Attempted to remove non-existing token: android.os.Binder@2451f6f
11-09 20:31:28.556  7849  7849 D AndroidRuntime: Shutting down VM
11-09 20:31:30.771  7866  7866 D AndroidRuntime: >>>>>> START com.android.internal.os.RuntimeInit uid 2000 <<<<<<
11-09 20:31:30.772  7866  7866 W app_process: Could not reserve sentinel fault page
11-09 20:31:30.802  7866  7866 W app_process: Unexpected CPU variant for X86 using defaults: x86
11-09 20:31:30.803  7866  7866 I app_process: The ClassLoaderContext is a special shared library.
11-09 20:31:30.804  7866  7866 I app_process: The ClassLoaderContext is a special shared library.
11-09 20:31:30.817  7866  7866 D AndroidRuntime: Calling main entry com.android.commands.uiautomator.Launcher
11-09 20:31:31.849  7866  7866 I app_process: Deoptimizing java.lang.String com.android.uiautomator.core.AccessibilityNodeInfoDumper.stripInvalidXMLChars(java.lang.CharSequence) due to JIT inline cache
11-09 20:31:31.964  7866  7866 I AccessibilityNodeInfoDumper: Skipping invisible child: android.view.accessibility.AccessibilityNodeInfo@4f4a2; boundsInParent: Rect(0, 0 - 1080, 1458); boundsInScreen: Rect(1080, 336 - 1080, 1794); packageName: com.hexforhn.hex; className: android.view.ViewGroup; text: null; error: null; maxTextLength: -1; contentDescription: null; viewIdResName: com.hexforhn.hex:id/comment_layout; checkable: false; checked: false; focusable: false; focused: false; selected: false; clickable: false; longClickable: false; contextClickable: false; enabled: true; password: false; scrollable: false; importantForAccessibility: false; actions: [AccessibilityAction: ACTION_SELECT - null, AccessibilityAction: ACTION_CLEAR_SELECTION - null, AccessibilityAction: ACTION_ACCESSIBILITY_FOCUS - null, AccessibilityAction: ACTION_SHOW_ON_SCREEN - null]
11-09 20:31:31.964  7866  7866 W AccessibilityNodeInfoDumper: Fetch time: 118ms
11-09 20:31:31.965  1649  7927 W WindowManager: removeWindowToken: Attempted to remove non-existing token: android.os.Binder@95cc105
11-09 20:31:31.971  7866  7866 D AndroidRuntime: Shutting down VM
11-09 20:31:32.190  7883  7883 D AndroidRuntime: >>>>>> START com.android.internal.os.RuntimeInit uid 2000 <<<<<<
11-09 20:31:32.221  7883  7883 W app_process: Unexpected CPU variant for X86 using defaults: x86
11-09 20:31:32.222  7883  7883 I app_process: The ClassLoaderContext is a special shared library.
11-09 20:31:32.222  7883  7883 I app_process: The ClassLoaderContext is a special shared library.
11-09 20:31:32.233  7883  7883 D AndroidRuntime: Calling main entry com.android.commands.uiautomator.Launcher
11-09 20:31:33.376  7883  7883 I AccessibilityNodeInfoDumper: Skipping invisible child: android.view.accessibility.AccessibilityNodeInfo@4f4a8; boundsInParent: Rect(0, 0 - 1080, 1458); boundsInScreen: Rect(1080, 336 - 1080, 1794); packageName: com.hexforhn.hex; className: android.view.ViewGroup; text: null; error: null; maxTextLength: -1; contentDescription: null; viewIdResName: com.hexforhn.hex:id/comment_layout; checkable: false; checked: false; focusable: false; focused: false; selected: false; clickable: false; longClickable: false; contextClickable: false; enabled: true; password: false; scrollable: false; importantForAccessibility: false; actions: [AccessibilityAction: ACTION_SELECT - null, AccessibilityAction: ACTION_CLEAR_SELECTION - null, AccessibilityAction: ACTION_ACCESSIBILITY_FOCUS - null, AccessibilityAction: ACTION_SHOW_ON_SCREEN - null]
11-09 20:31:33.376  7883  7883 W AccessibilityNodeInfoDumper: Fetch time: 116ms
11-09 20:31:33.377  1649  1901 W WindowManager: removeWindowToken: Attempted to remove non-existing token: android.os.Binder@62e438b
11-09 20:31:33.385  7883  7883 D AndroidRuntime: Shutting down VM
11-09 20:31:33.615  7900  7900 D AndroidRuntime: >>>>>> START com.android.internal.os.RuntimeInit uid 2000 <<<<<<
11-09 20:31:33.648  7900  7900 W app_process: Unexpected CPU variant for X86 using defaults: x86
11-09 20:31:33.649  7900  7900 I app_process: The ClassLoaderContext is a special shared library.
11-09 20:31:33.650  7900  7900 I app_process: The ClassLoaderContext is a special shared library.
11-09 20:31:33.664  7900  7900 D AndroidRuntime: Calling main entry com.android.commands.uiautomator.Launcher
11-09 20:31:34.700  7900  7900 I app_process: Deoptimizing java.lang.String com.android.uiautomator.core.AccessibilityNodeInfoDumper.stripInvalidXMLChars(java.lang.CharSequence) due to JIT inline cache
11-09 20:31:34.811  7900  7900 I AccessibilityNodeInfoDumper: Skipping invisible child: android.view.accessibility.AccessibilityNodeInfo@4f4bb; boundsInParent: Rect(0, 0 - 1080, 1458); boundsInScreen: Rect(1080, 336 - 1080, 1794); packageName: com.hexforhn.hex; className: android.view.ViewGroup; text: null; error: null; maxTextLength: -1; contentDescription: null; viewIdResName: com.hexforhn.hex:id/comment_layout; checkable: false; checked: false; focusable: false; focused: false; selected: false; clickable: false; longClickable: false; contextClickable: false; enabled: true; password: false; scrollable: false; importantForAccessibility: false; actions: [AccessibilityAction: ACTION_SELECT - null, AccessibilityAction: ACTION_CLEAR_SELECTION - null, AccessibilityAction: ACTION_ACCESSIBILITY_FOCUS - null, AccessibilityAction: ACTION_SHOW_ON_SCREEN - null]
11-09 20:31:34.812  7900  7900 W AccessibilityNodeInfoDumper: Fetch time: 116ms
11-09 20:31:34.812  1649  3840 W WindowManager: removeWindowToken: Attempted to remove non-existing token: android.os.Binder@56d6881
11-09 20:31:34.820  7900  7900 D AndroidRuntime: Shutting down VM
11-09 20:31:34.993  7912  7912 D AndroidRuntime: >>>>>> START com.android.internal.os.RuntimeInit uid 2000 <<<<<<
11-09 20:31:35.025  7912  7912 W app_process: Unexpected CPU variant for X86 using defaults: x86
11-09 20:31:35.025  7912  7912 I app_process: The ClassLoaderContext is a special shared library.
11-09 20:31:35.037  7912  7912 D AndroidRuntime: Calling main entry com.android.commands.input.Input
11-09 20:31:35.039  7912  7912 I Input   : injectMotionEvent: MotionEvent { action=ACTION_DOWN, actionButton=0, id[0]=0, x[0]=591.0, y[0]=337.0, toolType[0]=TOOL_TYPE_UNKNOWN, buttonState=0, metaState=0, flags=0x0, edgeFlags=0x0, pointerCount=1, historySize=0, eventTime=49356714, downTime=49356714, deviceId=0, source=0x1002 }
11-09 20:31:35.044  7912  7912 I Input   : injectMotionEvent: MotionEvent { action=ACTION_UP, actionButton=0, id[0]=0, x[0]=591.0, y[0]=337.0, toolType[0]=TOOL_TYPE_UNKNOWN, buttonState=0, metaState=0, flags=0x0, edgeFlags=0x0, pointerCount=1, historySize=0, eventTime=49356714, downTime=49356714, deviceId=0, source=0x1002 }
11-09 20:31:35.046  7912  7912 D AndroidRuntime: Shutting down VM
11-09 20:31:35.089  1751  1751 W LstmExtension: no lmDescriptor could be found for en_US/20170411
11-09 20:31:35.122  1751  1751 I chatty  : uid=10060(com.google.android.inputmethod.latin) identical 2 lines
11-09 20:31:35.123  1751  1751 W LstmExtension: no lmDescriptor could be found for en_US/20170411
11-09 20:31:35.245  7933  7933 D AndroidRuntime: >>>>>> START com.android.internal.os.RuntimeInit uid 2000 <<<<<<
11-09 20:31:35.276  7933  7933 W app_process: Unexpected CPU variant for X86 using defaults: x86
11-09 20:31:35.276  7933  7933 I app_process: The ClassLoaderContext is a special shared library.
11-09 20:31:35.288  7933  7933 D AndroidRuntime: Calling main entry com.android.commands.input.Input
11-09 20:31:35.288  7933  7933 I Input   : injectKeyEvent: KeyEvent { action=ACTION_DOWN, keyCode=KEYCODE_MOVE_END, scanCode=0, metaState=0, flags=0x0, repeatCount=0, eventTime=49356965, downTime=49356965, deviceId=-1, source=0x101 }
11-09 20:31:35.292  7933  7933 I Input   : injectKeyEvent: KeyEvent { action=ACTION_UP, keyCode=KEYCODE_MOVE_END, scanCode=0, metaState=0, flags=0x0, repeatCount=0, eventTime=49356965, downTime=49356965, deviceId=-1, source=0x101 }
11-09 20:31:35.294  7933  7933 D AndroidRuntime: Shutting down VM
11-09 20:31:35.417  7943  7943 D AndroidRuntime: >>>>>> START com.android.internal.os.RuntimeInit uid 2000 <<<<<<
11-09 20:31:35.453  7943  7943 W app_process: Unexpected CPU variant for X86 using defaults: x86
11-09 20:31:35.455  7943  7943 I app_process: The ClassLoaderContext is a special shared library.
11-09 20:31:35.467  7943  7943 D AndroidRuntime: Calling main entry com.android.commands.input.Input
11-09 20:31:35.468  7943  7943 I Input   : injectKeyEvent: KeyEvent { action=ACTION_DOWN, keyCode=KEYCODE_DEL, scanCode=0, metaState=0, flags=0x0, repeatCount=0, eventTime=49357144, downTime=49357144, deviceId=-1, source=0x101 }
11-09 20:31:35.471  7943  7943 I Input   : injectKeyEvent: KeyEvent { action=ACTION_UP, keyCode=KEYCODE_DEL, scanCode=0, metaState=0, flags=0x0, repeatCount=0, eventTime=49357144, downTime=49357144, deviceId=-1, source=0x101 }
11-09 20:31:35.474  7943  7943 I Input   : injectKeyEvent: KeyEvent { action=ACTION_DOWN, keyCode=KEYCODE_DEL, scanCode=0, metaState=0, flags=0x0, repeatCount=0, eventTime=49357151, downTime=49357151, deviceId=-1, source=0x101 }
11-09 20:31:35.475  7943  7943 I Input   : injectKeyEvent: KeyEvent { action=ACTION_UP, keyCode=KEYCODE_DEL, scanCode=0, metaState=0, flags=0x0, repeatCount=0, eventTime=49357151, downTime=49357151, deviceId=-1, source=0x101 }
11-09 20:31:35.477  7943  7943 I Input   : injectKeyEvent: KeyEvent { action=ACTION_DOWN, keyCode=KEYCODE_DEL, scanCode=0, metaState=0, flags=0x0, repeatCount=0, eventTime=49357154, downTime=49357154, deviceId=-1, source=0x101 }
11-09 20:31:35.478  7943  7943 I Input   : injectKeyEvent: KeyEvent { action=ACTION_UP, keyCode=KEYCODE_DEL, scanCode=0, metaState=0, flags=0x0, repeatCount=0, eventTime=49357154, downTime=49357154, deviceId=-1, source=0x101 }
11-09 20:31:35.480  7943  7943 I Input   : injectKeyEvent: KeyEvent { action=ACTION_DOWN, keyCode=KEYCODE_DEL, scanCode=0, metaState=0, flags=0x0, repeatCount=0, eventTime=49357157, downTime=49357157, deviceId=-1, source=0x101 }
11-09 20:31:35.482  7943  7943 I Input   : injectKeyEvent: KeyEvent { action=ACTION_UP, keyCode=KEYCODE_DEL, scanCode=0, metaState=0, flags=0x0, repeatCount=0, eventTime=49357157, downTime=49357157, deviceId=-1, source=0x101 }
11-09 20:31:35.483  7943  7943 I Input   : injectKeyEvent: KeyEvent { action=ACTION_DOWN, keyCode=KEYCODE_DEL, scanCode=0, metaState=0, flags=0x0, repeatCount=0, eventTime=49357160, downTime=49357160, deviceId=-1, source=0x101 }
11-09 20:31:35.485  7943  7943 I Input   : injectKeyEvent: KeyEvent { action=ACTION_UP, keyCode=KEYCODE_DEL, scanCode=0, metaState=0, flags=0x0, repeatCount=0, eventTime=49357160, downTime=49357160, deviceId=-1, source=0x101 }
11-09 20:31:35.486  7943  7943 I Input   : injectKeyEvent: KeyEvent { action=ACTION_DOWN, keyCode=KEYCODE_DEL, scanCode=0, metaState=0, flags=0x0, repeatCount=0, eventTime=49357163, downTime=49357163, deviceId=-1, source=0x101 }
11-09 20:31:35.488  7943  7943 I Input   : injectKeyEvent: KeyEvent { action=ACTION_UP, keyCode=KEYCODE_DEL, scanCode=0, metaState=0, flags=0x0, repeatCount=0, eventTime=49357163, downTime=49357163, deviceId=-1, source=0x101 }
11-09 20:31:35.490  7943  7943 I Input   : injectKeyEvent: KeyEvent { action=ACTION_DOWN, keyCode=KEYCODE_DEL, scanCode=0, metaState=0, flags=0x0, repeatCount=0, eventTime=49357167, downTime=49357167, deviceId=-1, source=0x101 }
11-09 20:31:35.492  7943  7943 I Input   : injectKeyEvent: KeyEvent { action=ACTION_UP, keyCode=KEYCODE_DEL, scanCode=0, metaState=0, flags=0x0, repeatCount=0, eventTime=49357167, downTime=49357167, deviceId=-1, source=0x101 }
11-09 20:31:35.493  7943  7943 I Input   : injectKeyEvent: KeyEvent { action=ACTION_DOWN, keyCode=KEYCODE_DEL, scanCode=0, metaState=0, flags=0x0, repeatCount=0, eventTime=49357170, downTime=49357170, deviceId=-1, source=0x101 }
11-09 20:31:35.496  7943  7943 I Input   : injectKeyEvent: KeyEvent { action=ACTION_UP, keyCode=KEYCODE_DEL, scanCode=0, metaState=0, flags=0x0, repeatCount=0, eventTime=49357170, downTime=49357170, deviceId=-1, source=0x101 }
11-09 20:31:35.498  7943  7943 I Input   : injectKeyEvent: KeyEvent { action=ACTION_DOWN, keyCode=KEYCODE_DEL, scanCode=0, metaState=0, flags=0x0, repeatCount=0, eventTime=49357174, downTime=49357174, deviceId=-1, source=0x101 }
11-09 20:31:35.499  7943  7943 I Input   : injectKeyEvent: KeyEvent { action=ACTION_UP, keyCode=KEYCODE_DEL, scanCode=0, metaState=0, flags=0x0, repeatCount=0, eventTime=49357174, downTime=49357174, deviceId=-1, source=0x101 }
11-09 20:31:35.501  7943  7943 I Input   : injectKeyEvent: KeyEvent { action=ACTION_DOWN, keyCode=KEYCODE_DEL, scanCode=0, metaState=0, flags=0x0, repeatCount=0, eventTime=49357178, downTime=49357178, deviceId=-1, source=0x101 }
11-09 20:31:35.503  7943  7943 I Input   : injectKeyEvent: KeyEvent { action=ACTION_UP, keyCode=KEYCODE_DEL, scanCode=0, metaState=0, flags=0x0, repeatCount=0, eventTime=49357178, downTime=49357178, deviceId=-1, source=0x101 }
11-09 20:31:35.505  7943  7943 I Input   : injectKeyEvent: KeyEvent { action=ACTION_DOWN, keyCode=KEYCODE_DEL, scanCode=0, metaState=0, flags=0x0, repeatCount=0, eventTime=49357181, downTime=49357181, deviceId=-1, source=0x101 }
11-09 20:31:35.507  7943  7943 I Input   : injectKeyEvent: KeyEvent { action=ACTION_UP, keyCode=KEYCODE_DEL, scanCode=0, metaState=0, flags=0x0, repeatCount=0, eventTime=49357181, downTime=49357181, deviceId=-1, source=0x101 }
11-09 20:31:35.508  7943  7943 I Input   : injectKeyEvent: KeyEvent { action=ACTION_DOWN, keyCode=KEYCODE_DEL, scanCode=0, metaState=0, flags=0x0, repeatCount=0, eventTime=49357185, downTime=49357185, deviceId=-1, source=0x101 }
11-09 20:31:35.510  7943  7943 I Input   : injectKeyEvent: KeyEvent { action=ACTION_UP, keyCode=KEYCODE_DEL, scanCode=0, metaState=0, flags=0x0, repeatCount=0, eventTime=49357185, downTime=49357185, deviceId=-1, source=0x101 }
11-09 20:31:35.512  7943  7943 I Input   : injectKeyEvent: KeyEvent { action=ACTION_DOWN, keyCode=KEYCODE_DEL, scanCode=0, metaState=0, flags=0x0, repeatCount=0, eventTime=49357188, downTime=49357188, deviceId=-1, source=0x101 }
11-09 20:31:35.513  7943  7943 I Input   : injectKeyEvent: KeyEvent { action=ACTION_UP, keyCode=KEYCODE_DEL, scanCode=0, metaState=0, flags=0x0, repeatCount=0, eventTime=49357188, downTime=49357188, deviceId=-1, source=0x101 }
11-09 20:31:35.515  7943  7943 I Input   : injectKeyEvent: KeyEvent { action=ACTION_DOWN, keyCode=KEYCODE_DEL, scanCode=0, metaState=0, flags=0x0, repeatCount=0, eventTime=49357192, downTime=49357192, deviceId=-1, source=0x101 }
11-09 20:31:35.517  7943  7943 I Input   : injectKeyEvent: KeyEvent { action=ACTION_UP, keyCode=KEYCODE_DEL, scanCode=0, metaState=0, flags=0x0, repeatCount=0, eventTime=49357192, downTime=49357192, deviceId=-1, source=0x101 }
11-09 20:31:35.519  7943  7943 I Input   : injectKeyEvent: KeyEvent { action=ACTION_DOWN, keyCode=KEYCODE_DEL, scanCode=0, metaState=0, flags=0x0, repeatCount=0, eventTime=49357196, downTime=49357196, deviceId=-1, source=0x101 }
11-09 20:31:35.521  7943  7943 I Input   : injectKeyEvent: KeyEvent { action=ACTION_UP, keyCode=KEYCODE_DEL, scanCode=0, metaState=0, flags=0x0, repeatCount=0, eventTime=49357196, downTime=49357196, deviceId=-1, source=0x101 }
11-09 20:31:35.523  7943  7943 I Input   : injectKeyEvent: KeyEvent { action=ACTION_DOWN, keyCode=KEYCODE_DEL, scanCode=0, metaState=0, flags=0x0, repeatCount=0, eventTime=49357200, downTime=49357200, deviceId=-1, source=0x101 }
11-09 20:31:35.525  7943  7943 I Input   : injectKeyEvent: KeyEvent { action=ACTION_UP, keyCode=KEYCODE_DEL, scanCode=0, metaState=0, flags=0x0, repeatCount=0, eventTime=49357200, downTime=49357200, deviceId=-1, source=0x101 }
11-09 20:31:35.526  7943  7943 I Input   : injectKeyEvent: KeyEvent { action=ACTION_DOWN, keyCode=KEYCODE_DEL, scanCode=0, metaState=0, flags=0x0, repeatCount=0, eventTime=49357203, downTime=49357203, deviceId=-1, source=0x101 }
11-09 20:31:35.528  7943  7943 I Input   : injectKeyEvent: KeyEvent { action=ACTION_UP, keyCode=KEYCODE_DEL, scanCode=0, metaState=0, flags=0x0, repeatCount=0, eventTime=49357203, downTime=49357203, deviceId=-1, source=0x101 }
11-09 20:31:35.529  7943  7943 I Input   : injectKeyEvent: KeyEvent { action=ACTION_DOWN, keyCode=KEYCODE_DEL, scanCode=0, metaState=0, flags=0x0, repeatCount=0, eventTime=49357206, downTime=49357206, deviceId=-1, source=0x101 }
11-09 20:31:35.531  7943  7943 I Input   : injectKeyEvent: KeyEvent { action=ACTION_UP, keyCode=KEYCODE_DEL, scanCode=0, metaState=0, flags=0x0, repeatCount=0, eventTime=49357206, downTime=49357206, deviceId=-1, source=0x101 }
11-09 20:31:35.532  7943  7943 I Input   : injectKeyEvent: KeyEvent { action=ACTION_DOWN, keyCode=KEYCODE_DEL, scanCode=0, metaState=0, flags=0x0, repeatCount=0, eventTime=49357209, downTime=49357209, deviceId=-1, source=0x101 }
11-09 20:31:35.535  7943  7943 I Input   : injectKeyEvent: KeyEvent { action=ACTION_UP, keyCode=KEYCODE_DEL, scanCode=0, metaState=0, flags=0x0, repeatCount=0, eventTime=49357209, downTime=49357209, deviceId=-1, source=0x101 }
11-09 20:31:35.536  7943  7943 I Input   : injectKeyEvent: KeyEvent { action=ACTION_DOWN, keyCode=KEYCODE_DEL, scanCode=0, metaState=0, flags=0x0, repeatCount=0, eventTime=49357213, downTime=49357213, deviceId=-1, source=0x101 }
11-09 20:31:35.539  7943  7943 I Input   : injectKeyEvent: KeyEvent { action=ACTION_UP, keyCode=KEYCODE_DEL, scanCode=0, metaState=0, flags=0x0, repeatCount=0, eventTime=49357213, downTime=49357213, deviceId=-1, source=0x101 }
11-09 20:31:35.541  7943  7943 I Input   : injectKeyEvent: KeyEvent { action=ACTION_DOWN, keyCode=KEYCODE_DEL, scanCode=0, metaState=0, flags=0x0, repeatCount=0, eventTime=49357218, downTime=49357218, deviceId=-1, source=0x101 }
11-09 20:31:35.543  7943  7943 I Input   : injectKeyEvent: KeyEvent { action=ACTION_UP, keyCode=KEYCODE_DEL, scanCode=0, metaState=0, flags=0x0, repeatCount=0, eventTime=49357218, downTime=49357218, deviceId=-1, source=0x101 }
11-09 20:31:35.545  7943  7943 I Input   : injectKeyEvent: KeyEvent { action=ACTION_DOWN, keyCode=KEYCODE_DEL, scanCode=0, metaState=0, flags=0x0, repeatCount=0, eventTime=49357222, downTime=49357222, deviceId=-1, source=0x101 }
11-09 20:31:35.546  7943  7943 I Input   : injectKeyEvent: KeyEvent { action=ACTION_UP, keyCode=KEYCODE_DEL, scanCode=0, metaState=0, flags=0x0, repeatCount=0, eventTime=49357222, downTime=49357222, deviceId=-1, source=0x101 }
11-09 20:31:35.548  7943  7943 I Input   : injectKeyEvent: KeyEvent { action=ACTION_DOWN, keyCode=KEYCODE_DEL, scanCode=0, metaState=0, flags=0x0, repeatCount=0, eventTime=49357225, downTime=49357225, deviceId=-1, source=0x101 }
11-09 20:31:35.550  7943  7943 I Input   : injectKeyEvent: KeyEvent { action=ACTION_UP, keyCode=KEYCODE_DEL, scanCode=0, metaState=0, flags=0x0, repeatCount=0, eventTime=49357225, downTime=49357225, deviceId=-1, source=0x101 }
11-09 20:31:35.551  7943  7943 I Input   : injectKeyEvent: KeyEvent { action=ACTION_DOWN, keyCode=KEYCODE_DEL, scanCode=0, metaState=0, flags=0x0, repeatCount=0, eventTime=49357228, downTime=49357228, deviceId=-1, source=0x101 }
11-09 20:31:35.553  7943  7943 I Input   : injectKeyEvent: KeyEvent { action=ACTION_UP, keyCode=KEYCODE_DEL, scanCode=0, metaState=0, flags=0x0, repeatCount=0, eventTime=49357228, downTime=49357228, deviceId=-1, source=0x101 }
11-09 20:31:35.555  7943  7943 I Input   : injectKeyEvent: KeyEvent { action=ACTION_DOWN, keyCode=KEYCODE_DEL, scanCode=0, metaState=0, flags=0x0, repeatCount=0, eventTime=49357232, downTime=49357232, deviceId=-1, source=0x101 }
11-09 20:31:35.557  7943  7943 I Input   : injectKeyEvent: KeyEvent { action=ACTION_UP, keyCode=KEYCODE_DEL, scanCode=0, metaState=0, flags=0x0, repeatCount=0, eventTime=49357232, downTime=49357232, deviceId=-1, source=0x101 }
11-09 20:31:35.560  7943  7943 I Input   : injectKeyEvent: KeyEvent { action=ACTION_DOWN, keyCode=KEYCODE_DEL, scanCode=0, metaState=0, flags=0x0, repeatCount=0, eventTime=49357237, downTime=49357237, deviceId=-1, source=0x101 }
11-09 20:31:35.562  7943  7943 I Input   : injectKeyEvent: KeyEvent { action=ACTION_UP, keyCode=KEYCODE_DEL, scanCode=0, metaState=0, flags=0x0, repeatCount=0, eventTime=49357237, downTime=49357237, deviceId=-1, source=0x101 }
11-09 20:31:35.564  7943  7943 I Input   : injectKeyEvent: KeyEvent { action=ACTION_DOWN, keyCode=KEYCODE_DEL, scanCode=0, metaState=0, flags=0x0, repeatCount=0, eventTime=49357240, downTime=49357240, deviceId=-1, source=0x101 }
11-09 20:31:35.567  7943  7943 I Input   : injectKeyEvent: KeyEvent { action=ACTION_UP, keyCode=KEYCODE_DEL, scanCode=0, metaState=0, flags=0x0, repeatCount=0, eventTime=49357240, downTime=49357240, deviceId=-1, source=0x101 }
11-09 20:31:35.568  7943  7943 I Input   : injectKeyEvent: KeyEvent { action=ACTION_DOWN, keyCode=KEYCODE_DEL, scanCode=0, metaState=0, flags=0x0, repeatCount=0, eventTime=49357245, downTime=49357245, deviceId=-1, source=0x101 }
11-09 20:31:35.571  7943  7943 I Input   : injectKeyEvent: KeyEvent { action=ACTION_UP, keyCode=KEYCODE_DEL, scanCode=0, metaState=0, flags=0x0, repeatCount=0, eventTime=49357245, downTime=49357245, deviceId=-1, source=0x101 }
11-09 20:31:35.573  7943  7943 I Input   : injectKeyEvent: KeyEvent { action=ACTION_DOWN, keyCode=KEYCODE_DEL, scanCode=0, metaState=0, flags=0x0, repeatCount=0, eventTime=49357250, downTime=49357250, deviceId=-1, source=0x101 }
11-09 20:31:35.576  7943  7943 I Input   : injectKeyEvent: KeyEvent { action=ACTION_UP, keyCode=KEYCODE_DEL, scanCode=0, metaState=0, flags=0x0, repeatCount=0, eventTime=49357250, downTime=49357250, deviceId=-1, source=0x101 }
11-09 20:31:35.577  7943  7943 I Input   : injectKeyEvent: KeyEvent { action=ACTION_DOWN, keyCode=KEYCODE_DEL, scanCode=0, metaState=0, flags=0x0, repeatCount=0, eventTime=49357254, downTime=49357254, deviceId=-1, source=0x101 }
11-09 20:31:35.579  7943  7943 I Input   : injectKeyEvent: KeyEvent { action=ACTION_UP, keyCode=KEYCODE_DEL, scanCode=0, metaState=0, flags=0x0, repeatCount=0, eventTime=49357254, downTime=49357254, deviceId=-1, source=0x101 }
11-09 20:31:35.581  7943  7943 I Input   : injectKeyEvent: KeyEvent { action=ACTION_DOWN, keyCode=KEYCODE_DEL, scanCode=0, metaState=0, flags=0x0, repeatCount=0, eventTime=49357258, downTime=49357258, deviceId=-1, source=0x101 }
11-09 20:31:35.583  7943  7943 I Input   : injectKeyEvent: KeyEvent { action=ACTION_UP, keyCode=KEYCODE_DEL, scanCode=0, metaState=0, flags=0x0, repeatCount=0, eventTime=49357258, downTime=49357258, deviceId=-1, source=0x101 }
11-09 20:31:35.585  7943  7943 I Input   : injectKeyEvent: KeyEvent { action=ACTION_DOWN, keyCode=KEYCODE_DEL, scanCode=0, metaState=0, flags=0x0, repeatCount=0, eventTime=49357262, downTime=49357262, deviceId=-1, source=0x101 }
11-09 20:31:35.586  7943  7943 I Input   : injectKeyEvent: KeyEvent { action=ACTION_UP, keyCode=KEYCODE_DEL, scanCode=0, metaState=0, flags=0x0, repeatCount=0, eventTime=49357262, downTime=49357262, deviceId=-1, source=0x101 }
11-09 20:31:35.588  7943  7943 I Input   : injectKeyEvent: KeyEvent { action=ACTION_DOWN, keyCode=KEYCODE_DEL, scanCode=0, metaState=0, flags=0x0, repeatCount=0, eventTime=49357265, downTime=49357265, deviceId=-1, source=0x101 }
11-09 20:31:35.590  7943  7943 I Input   : injectKeyEvent: KeyEvent { action=ACTION_UP, keyCode=KEYCODE_DEL, scanCode=0, metaState=0, flags=0x0, repeatCount=0, eventTime=49357265, downTime=49357265, deviceId=-1, source=0x101 }
11-09 20:31:35.592  7943  7943 I Input   : injectKeyEvent: KeyEvent { action=ACTION_DOWN, keyCode=KEYCODE_DEL, scanCode=0, metaState=0, flags=0x0, repeatCount=0, eventTime=49357268, downTime=49357268, deviceId=-1, source=0x101 }
11-09 20:31:35.593  7943  7943 I Input   : injectKeyEvent: KeyEvent { action=ACTION_UP, keyCode=KEYCODE_DEL, scanCode=0, metaState=0, flags=0x0, repeatCount=0, eventTime=49357268, downTime=49357268, deviceId=-1, source=0x101 }
11-09 20:31:35.595  7943  7943 I Input   : injectKeyEvent: KeyEvent { action=ACTION_DOWN, keyCode=KEYCODE_DEL, scanCode=0, metaState=0, flags=0x0, repeatCount=0, eventTime=49357272, downTime=49357272, deviceId=-1, source=0x101 }
11-09 20:31:35.597  7943  7943 I Input   : injectKeyEvent: KeyEvent { action=ACTION_UP, keyCode=KEYCODE_DEL, scanCode=0, metaState=0, flags=0x0, repeatCount=0, eventTime=49357272, downTime=49357272, deviceId=-1, source=0x101 }
11-09 20:31:35.601  7943  7943 I Input   : injectKeyEvent: KeyEvent { action=ACTION_DOWN, keyCode=KEYCODE_DEL, scanCode=0, metaState=0, flags=0x0, repeatCount=0, eventTime=49357277, downTime=49357277, deviceId=-1, source=0x101 }
11-09 20:31:35.603  7943  7943 I Input   : injectKeyEvent: KeyEvent { action=ACTION_UP, keyCode=KEYCODE_DEL, scanCode=0, metaState=0, flags=0x0, repeatCount=0, eventTime=49357277, downTime=49357277, deviceId=-1, source=0x101 }
11-09 20:31:35.605  7943  7943 I Input   : injectKeyEvent: KeyEvent { action=ACTION_DOWN, keyCode=KEYCODE_DEL, scanCode=0, metaState=0, flags=0x0, repeatCount=0, eventTime=49357281, downTime=49357281, deviceId=-1, source=0x101 }
11-09 20:31:35.606  7943  7943 I Input   : injectKeyEvent: KeyEvent { action=ACTION_UP, keyCode=KEYCODE_DEL, scanCode=0, metaState=0, flags=0x0, repeatCount=0, eventTime=49357281, downTime=49357281, deviceId=-1, source=0x101 }
11-09 20:31:35.608  7943  7943 I Input   : injectKeyEvent: KeyEvent { action=ACTION_DOWN, keyCode=KEYCODE_DEL, scanCode=0, metaState=0, flags=0x0, repeatCount=0, eventTime=49357285, downTime=49357285, deviceId=-1, source=0x101 }
11-09 20:31:35.610  7943  7943 I Input   : injectKeyEvent: KeyEvent { action=ACTION_UP, keyCode=KEYCODE_DEL, scanCode=0, metaState=0, flags=0x0, repeatCount=0, eventTime=49357285, downTime=49357285, deviceId=-1, source=0x101 }
11-09 20:31:35.612  7943  7943 I Input   : injectKeyEvent: KeyEvent { action=ACTION_DOWN, keyCode=KEYCODE_DEL, scanCode=0, metaState=0, flags=0x0, repeatCount=0, eventTime=49357289, downTime=49357289, deviceId=-1, source=0x101 }
11-09 20:31:35.613  7943  7943 I Input   : injectKeyEvent: KeyEvent { action=ACTION_UP, keyCode=KEYCODE_DEL, scanCode=0, metaState=0, flags=0x0, repeatCount=0, eventTime=49357289, downTime=49357289, deviceId=-1, source=0x101 }
11-09 20:31:35.616  7943  7943 I Input   : injectKeyEvent: KeyEvent { action=ACTION_DOWN, keyCode=KEYCODE_DEL, scanCode=0, metaState=0, flags=0x0, repeatCount=0, eventTime=49357293, downTime=49357293, deviceId=-1, source=0x101 }
11-09 20:31:35.617  7943  7943 I Input   : injectKeyEvent: KeyEvent { action=ACTION_UP, keyCode=KEYCODE_DEL, scanCode=0, metaState=0, flags=0x0, repeatCount=0, eventTime=49357293, downTime=49357293, deviceId=-1, source=0x101 }
11-09 20:31:35.618  7943  7943 I Input   : injectKeyEvent: KeyEvent { action=ACTION_DOWN, keyCode=KEYCODE_DEL, scanCode=0, metaState=0, flags=0x0, repeatCount=0, eventTime=49357295, downTime=49357295, deviceId=-1, source=0x101 }
11-09 20:31:35.620  7943  7943 I Input   : injectKeyEvent: KeyEvent { action=ACTION_UP, keyCode=KEYCODE_DEL, scanCode=0, metaState=0, flags=0x0, repeatCount=0, eventTime=49357295, downTime=49357295, deviceId=-1, source=0x101 }
11-09 20:31:35.622  7943  7943 I Input   : injectKeyEvent: KeyEvent { action=ACTION_DOWN, keyCode=KEYCODE_DEL, scanCode=0, metaState=0, flags=0x0, repeatCount=0, eventTime=49357299, downTime=49357299, deviceId=-1, source=0x101 }
11-09 20:31:35.624  7943  7943 I Input   : injectKeyEvent: KeyEvent { action=ACTION_UP, keyCode=KEYCODE_DEL, scanCode=0, metaState=0, flags=0x0, repeatCount=0, eventTime=49357299, downTime=49357299, deviceId=-1, source=0x101 }
11-09 20:31:35.625  7943  7943 I Input   : injectKeyEvent: KeyEvent { action=ACTION_DOWN, keyCode=KEYCODE_DEL, scanCode=0, metaState=0, flags=0x0, repeatCount=0, eventTime=49357302, downTime=49357302, deviceId=-1, source=0x101 }
11-09 20:31:35.627  7943  7943 I Input   : injectKeyEvent: KeyEvent { action=ACTION_UP, keyCode=KEYCODE_DEL, scanCode=0, metaState=0, flags=0x0, repeatCount=0, eventTime=49357302, downTime=49357302, deviceId=-1, source=0x101 }
11-09 20:31:35.629  7943  7943 I Input   : injectKeyEvent: KeyEvent { action=ACTION_DOWN, keyCode=KEYCODE_DEL, scanCode=0, metaState=0, flags=0x0, repeatCount=0, eventTime=49357306, downTime=49357306, deviceId=-1, source=0x101 }
11-09 20:31:35.631  7943  7943 I Input   : injectKeyEvent: KeyEvent { action=ACTION_UP, keyCode=KEYCODE_DEL, scanCode=0, metaState=0, flags=0x0, repeatCount=0, eventTime=49357306, downTime=49357306, deviceId=-1, source=0x101 }
11-09 20:31:35.633  7943  7943 I Input   : injectKeyEvent: KeyEvent { action=ACTION_DOWN, keyCode=KEYCODE_DEL, scanCode=0, metaState=0, flags=0x0, repeatCount=0, eventTime=49357309, downTime=49357309, deviceId=-1, source=0x101 }
11-09 20:31:35.635  7943  7943 I Input   : injectKeyEvent: KeyEvent { action=ACTION_UP, keyCode=KEYCODE_DEL, scanCode=0, metaState=0, flags=0x0, repeatCount=0, eventTime=49357309, downTime=49357309, deviceId=-1, source=0x101 }
11-09 20:31:35.637  7943  7943 I Input   : injectKeyEvent: KeyEvent { action=ACTION_DOWN, keyCode=KEYCODE_DEL, scanCode=0, metaState=0, flags=0x0, repeatCount=0, eventTime=49357313, downTime=49357313, deviceId=-1, source=0x101 }
11-09 20:31:35.638  7943  7943 I Input   : injectKeyEvent: KeyEvent { action=ACTION_UP, keyCode=KEYCODE_DEL, scanCode=0, metaState=0, flags=0x0, repeatCount=0, eventTime=49357313, downTime=49357313, deviceId=-1, source=0x101 }
11-09 20:31:35.640  7943  7943 I Input   : injectKeyEvent: KeyEvent { action=ACTION_DOWN, keyCode=KEYCODE_DEL, scanCode=0, metaState=0, flags=0x0, repeatCount=0, eventTime=49357317, downTime=49357317, deviceId=-1, source=0x101 }
11-09 20:31:35.642  7943  7943 I Input   : injectKeyEvent: KeyEvent { action=ACTION_UP, keyCode=KEYCODE_DEL, scanCode=0, metaState=0, flags=0x0, repeatCount=0, eventTime=49357317, downTime=49357317, deviceId=-1, source=0x101 }
11-09 20:31:35.644  7943  7943 I Input   : injectKeyEvent: KeyEvent { action=ACTION_DOWN, keyCode=KEYCODE_DEL, scanCode=0, metaState=0, flags=0x0, repeatCount=0, eventTime=49357321, downTime=49357321, deviceId=-1, source=0x101 }
11-09 20:31:35.646  7943  7943 I Input   : injectKeyEvent: KeyEvent { action=ACTION_UP, keyCode=KEYCODE_DEL, scanCode=0, metaState=0, flags=0x0, repeatCount=0, eventTime=49357321, downTime=49357321, deviceId=-1, source=0x101 }
11-09 20:31:35.647  7943  7943 I Input   : injectKeyEvent: KeyEvent { action=ACTION_DOWN, keyCode=KEYCODE_DEL, scanCode=0, metaState=0, flags=0x0, repeatCount=0, eventTime=49357324, downTime=49357324, deviceId=-1, source=0x101 }
11-09 20:31:35.650  7943  7943 I Input   : injectKeyEvent: KeyEvent { action=ACTION_UP, keyCode=KEYCODE_DEL, scanCode=0, metaState=0, flags=0x0, repeatCount=0, eventTime=49357324, downTime=49357324, deviceId=-1, source=0x101 }
11-09 20:31:35.651  7943  7943 I Input   : injectKeyEvent: KeyEvent { action=ACTION_DOWN, keyCode=KEYCODE_DEL, scanCode=0, metaState=0, flags=0x0, repeatCount=0, eventTime=49357328, downTime=49357328, deviceId=-1, source=0x101 }
11-09 20:31:35.653  7943  7943 I Input   : injectKeyEvent: KeyEvent { action=ACTION_UP, keyCode=KEYCODE_DEL, scanCode=0, metaState=0, flags=0x0, repeatCount=0, eventTime=49357328, downTime=49357328, deviceId=-1, source=0x101 }
11-09 20:31:35.655  7943  7943 D AndroidRuntime: Shutting down VM
11-09 20:31:35.780  7953  7953 D AndroidRuntime: >>>>>> START com.android.internal.os.RuntimeInit uid 2000 <<<<<<
11-09 20:31:35.811  7953  7953 W app_process: Unexpected CPU variant for X86 using defaults: x86
11-09 20:31:35.812  7953  7953 I app_process: The ClassLoaderContext is a special shared library.
11-09 20:31:35.824  7953  7953 D AndroidRuntime: Calling main entry com.android.commands.input.Input
11-09 20:31:35.826  7953  7953 I Input   : injectKeyEvent: KeyEvent { action=ACTION_DOWN, keyCode=KEYCODE_N, scanCode=0, metaState=0, flags=0x0, repeatCount=0, eventTime=49357503, downTime=49357503, deviceId=-1, source=0x101 }
11-09 20:31:35.830  7953  7953 I Input   : injectKeyEvent: KeyEvent { action=ACTION_UP, keyCode=KEYCODE_N, scanCode=0, metaState=0, flags=0x0, repeatCount=0, eventTime=49357503, downTime=49357503, deviceId=-1, source=0x101 }
11-09 20:31:35.832  7953  7953 I Input   : injectKeyEvent: KeyEvent { action=ACTION_DOWN, keyCode=KEYCODE_U, scanCode=0, metaState=0, flags=0x0, repeatCount=0, eventTime=49357503, downTime=49357503, deviceId=-1, source=0x101 }
11-09 20:31:35.835  7953  7953 I Input   : injectKeyEvent: KeyEvent { action=ACTION_UP, keyCode=KEYCODE_U, scanCode=0, metaState=0, flags=0x0, repeatCount=0, eventTime=49357503, downTime=49357503, deviceId=-1, source=0x101 }
11-09 20:31:35.836  7953  7953 I Input   : injectKeyEvent: KeyEvent { action=ACTION_DOWN, keyCode=KEYCODE_L, scanCode=0, metaState=0, flags=0x0, repeatCount=0, eventTime=49357503, downTime=49357503, deviceId=-1, source=0x101 }
11-09 20:31:35.839  7953  7953 I Input   : injectKeyEvent: KeyEvent { action=ACTION_UP, keyCode=KEYCODE_L, scanCode=0, metaState=0, flags=0x0, repeatCount=0, eventTime=49357503, downTime=49357503, deviceId=-1, source=0x101 }
11-09 20:31:35.843  7953  7953 I Input   : injectKeyEvent: KeyEvent { action=ACTION_DOWN, keyCode=KEYCODE_L, scanCode=0, metaState=0, flags=0x0, repeatCount=0, eventTime=49357503, downTime=49357503, deviceId=-1, source=0x101 }
11-09 20:31:35.845  7953  7953 I Input   : injectKeyEvent: KeyEvent { action=ACTION_UP, keyCode=KEYCODE_L, scanCode=0, metaState=0, flags=0x0, repeatCount=0, eventTime=49357503, downTime=49357503, deviceId=-1, source=0x101 }
11-09 20:31:35.847  7953  7953 D AndroidRuntime: Shutting down VM
11-09 20:31:35.891  1751  1751 W LstmExtension: no lmDescriptor could be found for en_US/20170411
11-09 20:31:35.892  1751  1751 W LstmExtension: no lmDescriptor could be found for en_US/20170411
11-09 20:31:35.945  1447  1447 I boot-pipe: done populating /dev/random
11-09 20:32:29.908  1751  1751 W LstmExtension: no lmDescriptor could be found for en_US/20170411
11-09 20:32:29.909  1751  1751 W LstmExtension: no lmDescriptor could be found for en_US/20170411
11-09 20:32:30.085  8467  8467 D AndroidRuntime: >>>>>> START com.android.internal.os.RuntimeInit uid 2000 <<<<<<
11-09 20:32:30.116  8467  8467 W app_process: Unexpected CPU variant for X86 using defaults: x86
11-09 20:32:30.117  8467  8467 I app_process: The ClassLoaderContext is a special shared library.
11-09 20:32:30.118  8467  8467 I app_process: The ClassLoaderContext is a special shared library.
11-09 20:32:30.130  8467  8467 D AndroidRuntime: Calling main entry com.android.commands.uiautomator.Launcher
11-09 20:32:31.159  8467  8467 I app_process: Deoptimizing java.lang.String com.android.uiautomator.core.AccessibilityNodeInfoDumper.stripInvalidXMLChars(java.lang.CharSequence) due to JIT inline cache
11-09 20:32:31.266  8467  8467 I AccessibilityNodeInfoDumper: Skipping invisible child: android.view.accessibility.AccessibilityNodeInfo@4f59f; boundsInParent: Rect(0, 0 - 1080, 1458); boundsInScreen: Rect(1080, 336 - 1080, 1794); packageName: com.hexforhn.hex; className: android.view.ViewGroup; text: null; error: null; maxTextLength: -1; contentDescription: null; viewIdResName: com.hexforhn.hex:id/comment_layout; checkable: false; checked: false; focusable: false; focused: false; selected: false; clickable: false; longClickable: false; contextClickable: false; enabled: true; password: false; scrollable: false; importantForAccessibility: false; actions: [AccessibilityAction: ACTION_SELECT - null, AccessibilityAction: ACTION_CLEAR_SELECTION - null, AccessibilityAction: ACTION_ACCESSIBILITY_FOCUS - null, AccessibilityAction: ACTION_SHOW_ON_SCREEN - null]
11-09 20:32:31.268  8467  8467 W AccessibilityNodeInfoDumper: Fetch time: 112ms
11-09 20:32:31.268  1649  1901 W WindowManager: removeWindowToken: Attempted to remove non-existing token: android.os.Binder@e5fc9f8
11-09 20:32:31.276  8467  8467 D AndroidRuntime: Shutting down VM
11-09 20:32:32.121  8498  8498 D AndroidRuntime: >>>>>> START com.android.internal.os.RuntimeInit uid 2000 <<<<<<
11-09 20:32:32.152  8498  8498 W app_process: Unexpected CPU variant for X86 using defaults: x86
11-09 20:32:32.152  8498  8498 I app_process: The ClassLoaderContext is a special shared library.
11-09 20:32:32.153  8498  8498 I app_process: The ClassLoaderContext is a special shared library.
11-09 20:32:32.167  8498  8498 D AndroidRuntime: Calling main entry com.android.commands.uiautomator.Launcher
11-09 20:32:33.201  8498  8498 I app_process: Deoptimizing java.lang.String com.android.uiautomator.core.AccessibilityNodeInfoDumper.stripInvalidXMLChars(java.lang.CharSequence) due to JIT inline cache
11-09 20:32:33.304  8498  8498 I AccessibilityNodeInfoDumper: Skipping invisible child: android.view.accessibility.AccessibilityNodeInfo@4f5b0; boundsInParent: Rect(0, 0 - 1080, 1458); boundsInScreen: Rect(1080, 336 - 1080, 1794); packageName: com.hexforhn.hex; className: android.view.ViewGroup; text: null; error: null; maxTextLength: -1; contentDescription: null; viewIdResName: com.hexforhn.hex:id/comment_layout; checkable: false; checked: false; focusable: false; focused: false; selected: false; clickable: false; longClickable: false; contextClickable: false; enabled: true; password: false; scrollable: false; importantForAccessibility: false; actions: [AccessibilityAction: ACTION_SELECT - null, AccessibilityAction: ACTION_CLEAR_SELECTION - null, AccessibilityAction: ACTION_ACCESSIBILITY_FOCUS - null, AccessibilityAction: ACTION_SHOW_ON_SCREEN - null]
11-09 20:32:33.305  8498  8498 W AccessibilityNodeInfoDumper: Fetch time: 107ms
11-09 20:32:33.306  1649 27081 W WindowManager: removeWindowToken: Attempted to remove non-existing token: android.os.Binder@7951d36
11-09 20:32:33.315  8498  8498 D AndroidRuntime: Shutting down VM
11-09 20:32:33.534  8516  8516 D AndroidRuntime: >>>>>> START com.android.internal.os.RuntimeInit uid 2000 <<<<<<
11-09 20:32:33.566  8516  8516 W app_process: Unexpected CPU variant for X86 using defaults: x86
11-09 20:32:33.567  8516  8516 I app_process: The ClassLoaderContext is a special shared library.
11-09 20:32:33.568  8516  8516 I app_process: The ClassLoaderContext is a special shared library.
11-09 20:32:33.581  8516  8516 D AndroidRuntime: Calling main entry com.android.commands.uiautomator.Launcher
11-09 20:32:34.615  8516  8516 I app_process: Deoptimizing java.lang.String com.android.uiautomator.core.AccessibilityNodeInfoDumper.stripInvalidXMLChars(java.lang.CharSequence) due to JIT inline cache
