06-30 19:18:42.328  3403 24391 I MicrophoneInputStream: mic_close com.google.android.apps.gsa.staticplugins.aa.c@3ff18fa
06-30 19:18:42.337  3403 24399 I MicroRecognitionRunner: Detection finished
06-30 19:18:42.337  3403 24399 W ErrorReporter: reportError [type: 211, code: 524300]: Error reading from input stream
06-30 19:18:42.338  3403  3542 I MicroRecognitionRunner: Stopping hotword detection.
06-30 19:18:42.339  3403 24399 W ErrorProcessor: onFatalError, processing error from engine(4)
06-30 19:18:42.339  3403 24399 W ErrorProcessor: com.google.android.apps.gsa.shared.speech.b.g: Error reading from input stream
06-30 19:18:42.339  3403 24399 W ErrorProcessor: 	at com.google.android.apps.gsa.staticplugins.recognizer.j.a.a(SourceFile:28)
06-30 19:18:42.339  3403 24399 W ErrorProcessor: 	at com.google.android.apps.gsa.staticplugins.recognizer.j.b.run(SourceFile:15)
06-30 19:18:42.339  3403 24399 W ErrorProcessor: 	at java.util.concurrent.Executors$RunnableAdapter.call(Executors.java:457)
06-30 19:18:42.339  3403 24399 W ErrorProcessor: 	at java.util.concurrent.FutureTask.run(FutureTask.java:266)
06-30 19:18:42.339  3403 24399 W ErrorProcessor: 	at java.util.concurrent.Executors$RunnableAdapter.call(Executors.java:457)
06-30 19:18:42.339  3403 24399 W ErrorProcessor: 	at java.util.concurrent.FutureTask.run(FutureTask.java:266)
06-30 19:18:42.339  3403 24399 W ErrorProcessor: 	at com.google.android.apps.gsa.shared.util.concurrent.a.ag.run(Unknown Source:4)
06-30 19:18:42.339  3403 24399 W ErrorProcessor: 	at com.google.android.apps.gsa.shared.util.concurrent.a.bo.run(SourceFile:4)
06-30 19:18:42.339  3403 24399 W ErrorProcessor: 	at com.google.android.apps.gsa.shared.util.concurrent.a.bo.run(SourceFile:4)
06-30 19:18:42.339  3403 24399 W ErrorProcessor: 	at java.util.concurrent.ThreadPoolExecutor.runWorker(ThreadPoolExecutor.java:1162)
06-30 19:18:42.339  3403 24399 W ErrorProcessor: 	at java.util.concurrent.ThreadPoolExecutor$Worker.run(ThreadPoolExecutor.java:636)
06-30 19:18:42.339  3403 24399 W ErrorProcessor: 	at java.lang.Thread.run(Thread.java:764)
06-30 19:18:42.339  3403 24399 W ErrorProcessor: 	at com.google.android.apps.gsa.shared.util.concurrent.a.ak.run(SourceFile:6)
06-30 19:18:42.339  3403 24399 W ErrorProcessor: Caused by: com.google.android.apps.gsa.shared.exception.GsaIOException: Error code: 393238 | Buffer overflow, no available space.
06-30 19:18:42.339  3403 24399 W ErrorProcessor: 	at com.google.android.apps.gsa.speech.audio.Tee.f(SourceFile:103)
06-30 19:18:42.339  3403 24399 W ErrorProcessor: 	at com.google.android.apps.gsa.speech.audio.au.read(SourceFile:2)
06-30 19:18:42.339  3403 24399 W ErrorProcessor: 	at java.io.InputStream.read(InputStream.java:101)
06-30 19:18:42.339  3403 24399 W ErrorProcessor: 	at com.google.android.apps.gsa.speech.audio.ao.run(SourceFile:18)
06-30 19:18:42.339  3403 24399 W ErrorProcessor: 	at com.google.android.apps.gsa.speech.audio.an.run(SourceFile:2)
06-30 19:18:42.339  3403 24399 W ErrorProcessor: 	... 11 more
06-30 19:18:42.339  3403 24399 I AudioController: internalShutdown
06-30 19:18:42.341  3403  3403 I MicroDetector: Keeping mic open: false
06-30 19:18:42.341  3403  3403 I MicroDetectionWorker: #onError(false)
06-30 19:18:42.341  3403 24390 I DeviceStateChecker: DeviceStateChecker cancelled
06-30 19:18:44.170 24640 24640 I dex2oat : Explicit concurrent copying GC freed 45561(5MB) AllocSpace objects, 0(0B) LOS objects, 87% free, 212KB/1748KB, paused 271us total 6.859ms
06-30 19:18:44.506 24640 24652 W dex2oat : Method processed more than once: void org.apache.commons.collections4.map.AbstractIterableMap.<init>()
06-30 19:18:44.506 24640 24652 W dex2oat : Method processed more than once: org.apache.commons.collections4.MapIterator org.apache.commons.collections4.map.AbstractIterableMap.mapIterator()
06-30 19:18:44.561 24640 24650 W dex2oat : Method processed more than once: void org.apache.commons.collections4.map.AbstractMapDecorator.<init>()
06-30 19:18:44.561 24640 24650 W dex2oat : Method processed more than once: void org.apache.commons.collections4.map.AbstractMapDecorator.<init>(java.util.Map)
06-30 19:18:44.561 24640 24650 W dex2oat : Method processed more than once: void org.apache.commons.collections4.map.AbstractMapDecorator.clear()
06-30 19:18:44.561 24640 24650 W dex2oat : Method processed more than once: boolean org.apache.commons.collections4.map.AbstractMapDecorator.containsKey(java.lang.Object)
06-30 19:18:44.561 24640 24650 W dex2oat : Method processed more than once: boolean org.apache.commons.collections4.map.AbstractMapDecorator.containsValue(java.lang.Object)
06-30 19:18:44.561 24640 24650 W dex2oat : Method processed more than once: java.util.Map org.apache.commons.collections4.map.AbstractMapDecorator.decorated()
06-30 19:18:44.561 24640 24650 W dex2oat : Method processed more than once: java.util.Set org.apache.commons.collections4.map.AbstractMapDecorator.entrySet()
06-30 19:18:44.561 24640 24650 W dex2oat : Method processed more than once: boolean org.apache.commons.collections4.map.AbstractMapDecorator.equals(java.lang.Object)
06-30 19:18:44.562 24640 24650 W dex2oat : Method processed more than once: java.lang.Object org.apache.commons.collections4.map.AbstractMapDecorator.get(java.lang.Object)
06-30 19:18:44.562 24640 24650 W dex2oat : Method processed more than once: int org.apache.commons.collections4.map.AbstractMapDecorator.hashCode()
06-30 19:18:44.562 24640 24650 W dex2oat : Method processed more than once: boolean org.apache.commons.collections4.map.AbstractMapDecorator.isEmpty()
06-30 19:18:44.562 24640 24650 W dex2oat : Method processed more than once: java.util.Set org.apache.commons.collections4.map.AbstractMapDecorator.keySet()
06-30 19:18:44.562 24640 24650 W dex2oat : Method processed more than once: java.lang.Object org.apache.commons.collections4.map.AbstractMapDecorator.put(java.lang.Object, java.lang.Object)
06-30 19:18:44.562 24640 24650 W dex2oat : Method processed more than once: void org.apache.commons.collections4.map.AbstractMapDecorator.putAll(java.util.Map)
06-30 19:18:44.562 24640 24650 W dex2oat : Method processed more than once: java.lang.Object org.apache.commons.collections4.map.AbstractMapDecorator.remove(java.lang.Object)
06-30 19:18:44.563 24640 24650 W dex2oat : Method processed more than once: int org.apache.commons.collections4.map.AbstractMapDecorator.size()
06-30 19:18:44.563 24640 24650 W dex2oat : Method processed more than once: java.lang.String org.apache.commons.collections4.map.AbstractMapDecorator.toString()
06-30 19:18:44.563 24640 24650 W dex2oat : Method processed more than once: java.util.Collection org.apache.commons.collections4.map.AbstractMapDecorator.values()
06-30 19:18:44.582 24640 24650 W dex2oat : Method processed more than once: void org.apache.commons.collections4.map.AbstractSortedMapDecorator.<init>()
06-30 19:18:44.582 24640 24650 W dex2oat : Method processed more than once: void org.apache.commons.collections4.map.AbstractSortedMapDecorator.<init>(java.util.SortedMap)
06-30 19:18:44.583 24640 24650 W dex2oat : Method processed more than once: java.util.Comparator org.apache.commons.collections4.map.AbstractSortedMapDecorator.comparator()
06-30 19:18:44.583 24640 24650 W dex2oat : Method processed more than once: java.util.Map org.apache.commons.collections4.map.AbstractSortedMapDecorator.decorated()
06-30 19:18:44.583 24640 24650 W dex2oat : Method processed more than once: java.util.SortedMap org.apache.commons.collections4.map.AbstractSortedMapDecorator.decorated()
06-30 19:18:44.583 24640 24650 W dex2oat : Method processed more than once: java.lang.Object org.apache.commons.collections4.map.AbstractSortedMapDecorator.firstKey()
06-30 19:18:44.584 24640 24650 W dex2oat : Method processed more than once: java.util.SortedMap org.apache.commons.collections4.map.AbstractSortedMapDecorator.headMap(java.lang.Object)
06-30 19:18:44.584 24640 24650 W dex2oat : Method processed more than once: java.lang.Object org.apache.commons.collections4.map.AbstractSortedMapDecorator.lastKey()
06-30 19:18:44.584 24640 24650 W dex2oat : Method processed more than once: org.apache.commons.collections4.MapIterator org.apache.commons.collections4.map.AbstractSortedMapDecorator.mapIterator()
06-30 19:18:44.584 24640 24650 W dex2oat : Method processed more than once: org.apache.commons.collections4.OrderedMapIterator org.apache.commons.collections4.map.AbstractSortedMapDecorator.mapIterator()
06-30 19:18:44.584 24640 24650 W dex2oat : Method processed more than once: java.lang.Object org.apache.commons.collections4.map.AbstractSortedMapDecorator.nextKey(java.lang.Object)
06-30 19:18:44.584 24640 24650 W dex2oat : Method processed more than once: java.lang.Object org.apache.commons.collections4.map.AbstractSortedMapDecorator.previousKey(java.lang.Object)
06-30 19:18:44.584 24640 24650 W dex2oat : Method processed more than once: java.util.SortedMap org.apache.commons.collections4.map.AbstractSortedMapDecorator.subMap(java.lang.Object, java.lang.Object)
06-30 19:18:44.584 24640 24650 W dex2oat : Method processed more than once: java.util.SortedMap org.apache.commons.collections4.map.AbstractSortedMapDecorator.tailMap(java.lang.Object)
06-30 19:18:45.524 24640 24640 I dex2oat : Explicit concurrent copying GC freed 13691(2MB) AllocSpace objects, 0(0B) LOS objects, 85% free, 252KB/1788KB, paused 283us total 2.328ms
06-30 19:18:45.645 24640 24640 I dex2oat : dex2oat took 9.601s (34.100s cpu) (threads: 4) arena alloc=1285KB (1316792B) java alloc=252KB (258896B) native alloc=13MB (14551512B) free=4MB (4322856B)
06-30 19:18:45.722  1550  1565 D installd: Applied hard quotas for 10103
06-30 19:18:45.724  1675  1706 D PackageManager: Ephemeral installer not found with new action; try old one
06-30 19:18:45.724  1675  1706 D PackageManager: Clear ephemeral installer activity
06-30 19:18:45.725  1675  1706 V BackupManagerService: restoreAtInstall pkg=org.inaturalist.android token=19 restoreSet=0
06-30 19:18:45.725  1675  1706 V BackupManagerService: Finishing install immediately
06-30 19:18:45.728  1550  1565 E         : Couldn't opendir /data/app/vmdl1921558423.tmp: No such file or directory
06-30 19:18:45.728  1550  1565 E installd: Failed to delete /data/app/vmdl1921558423.tmp: No such file or directory
06-30 19:18:45.746  1948  1948 D ImsResolver: maybeAddedImsService, packageName: org.inaturalist.android
06-30 19:18:45.756  1675  2500 W BroadcastQueue: Background execution not allowed: receiving Intent { act=android.intent.action.PACKAGE_ADDED dat=package:org.inaturalist.android flg=0x4000010 (has extras) } to com.google.android.gms/.games.chimera.GamesSystemBroadcastReceiverProxy
06-30 19:18:45.756  1675  1690 W BroadcastQueue: Background execution not allowed: receiving Intent { act=android.intent.action.PACKAGE_ADDED dat=package:org.inaturalist.android flg=0x4000010 (has extras) } to com.google.android.gms/.gass.chimera.PackageChangeBroadcastReceiver
06-30 19:18:45.757  1675  1690 W BroadcastQueue: Background execution not allowed: receiving Intent { act=android.intent.action.PACKAGE_ADDED dat=package:org.inaturalist.android flg=0x4000010 (has extras) } to com.google.android.gms/.chimera.GmsIntentOperationService$PersistentTrustedReceiver
06-30 19:18:45.757  1675  1690 W BroadcastQueue: Background execution not allowed: receiving Intent { act=android.intent.action.PACKAGE_ADDED dat=package:org.inaturalist.android flg=0x4000010 (has extras) } to com.google.android.googlequicksearchbox/com.google.android.apps.gsa.googlequicksearchbox.GelStubAppWatcher
06-30 19:18:45.764  1675  1744 I InputReader: Reconfiguring input devices.  changes=0x00000010
06-30 19:18:45.786  1948  1948 D CarrierSvcBindHelper: No carrier app for: 0
06-30 19:18:45.794  1799 24663 W GCM     : Unexpected forwarded intent: Intent { act=android.intent.action.PACKAGE_ADDED dat=package:org.inaturalist.android flg=0x4000010 cmp=com.google.android.gms/.chimera.PersistentIntentOperationService (has extras) }
06-30 19:18:45.798  1675  1675 I Telecom : DefaultDialerCache: Refreshing default dialer for user 0: now com.google.android.dialer: DDC.oR@AU8
06-30 19:18:45.797  1799 24663 W GCM     : Unexpected forwarded intent: Intent { act=android.intent.action.PACKAGE_ADDED dat=package:org.inaturalist.android flg=0x4000010 cmp=com.google.android.gms/.chimera.PersistentIntentOperationService (has extras) }
06-30 19:18:45.811  1948  1948 D CarrierConfigLoader: mHandler: 9 phoneId: 0
06-30 19:18:45.821  2168 24673 I Auth    : [SupervisedAccountIntentOperation] onHandleIntent(): android.intent.action.PACKAGE_ADDED
06-30 19:18:45.822  1675  8403 W ActivityManager: Unable to start service Intent { act=com.google.android.gms.auth.key.retrieval.service.START pkg=com.google.android.gms } U=0: not found
06-30 19:18:45.822  1675  8403 W ActivityManager: Unbind failed: could not find connection for android.os.BinderProxy@d07f152
06-30 19:18:45.822 24452 24655 I ProvidersCache: Provider returned no roots. Possibly naughty: com.google.android.apps.docs.storage
06-30 19:18:45.822  2168  2722 E GmsClient: unable to connect to service: com.google.android.gms.auth.key.retrieval.service.START on com.google.android.gms
06-30 19:18:45.824  2168 24672 I ChromeSync: [Sync,SyncIntentOperation] Handling the intent: Intent { act=android.intent.action.PACKAGE_ADDED dat=package:org.inaturalist.android flg=0x4000010 cmp=com.google.android.gms/.chimera.GmsIntentOperationService (has extras) }.
06-30 19:18:45.854  1675  1691 D AutofillUI: destroySaveUiUiThread(): already destroyed
06-30 19:18:45.855  1675  1689 D AutofillManagerServiceImpl: Set component for user 0 as ServiceInfo{7aeb838 com.google.android.gms.autofill.service.AutofillService}
06-30 19:18:45.902  2168 24672 I ChromeSync: [Persistence,AffiliationManager] One of affiliation or grouping data for android://VRZbEWqRhQBVCSh_R9Zf44a5g9eYmewj4IqWxw_Tgp6P2hjCE3La5p2vIbIjejUpIAUUWqeUtCKJNE68S8H_TA==@org.inaturalist.android/ was not found. Marking affiliation data as stale...
06-30 19:18:45.952 24659 24659 D AndroidRuntime: >>>>>> START com.android.internal.os.RuntimeInit uid 2000 <<<<<<
06-30 19:18:45.955  2168 24674 I ChimeraConfigurator: Starting update, reason: 4 urgentFeatures: pay:-1
06-30 19:18:45.957  2168 24674 E ConfigFileUtils: Failed to read config file: /data/user_de/0/com.google.android.gms/app_chimera/next_container.pb (No such file or directory)
06-30 19:18:45.997 24659 24659 W app_process: Unexpected CPU variant for X86 using defaults: x86
06-30 19:18:46.006 24659 24659 I app_process: The ClassLoaderContext is a special shared library.
06-30 19:18:46.020  2168 24674 I ChmraDebugLogger: [73] 1801
06-30 19:18:46.022  2168 24674 I ChmraDebugLogger: [30] [Pay.optional:202414020000] permitMetered=true,
06-30 19:18:46.024  1799  1811 I zygote  : Background concurrent copying GC freed 64956(3MB) AllocSpace objects, 4(136KB) LOS objects, 39% free, 9MB/15MB, paused 7.780ms total 126.157ms
06-30 19:18:46.026  2168 24674 W ChimeraConfigService: Retry attempt was throttled.
06-30 19:18:46.043 24659 24659 D AndroidRuntime: Calling main entry com.android.commands.monkey.Monkey
06-30 19:18:46.044 24659 24659 W Monkey  : args: [-p, org.inaturalist.android, -c, android.intent.category.LAUNCHER, 1]
06-30 19:18:46.045 24659 24659 W Monkey  :  arg: "-p"
06-30 19:18:46.045 24659 24659 W Monkey  :  arg: "org.inaturalist.android"
06-30 19:18:46.045 24659 24659 W Monkey  :  arg: "-c"
06-30 19:18:46.045 24659 24659 W Monkey  :  arg: "android.intent.category.LAUNCHER"
06-30 19:18:46.045 24659 24659 W Monkey  :  arg: "1"
06-30 19:18:46.045 24659 24659 W Monkey  : data="org.inaturalist.android"
06-30 19:18:46.045 24659 24659 W Monkey  : data="android.intent.category.LAUNCHER"
06-30 19:18:46.071  2168  3175 I Icing   : IndexChimeraService.getServiceInterface callingPackage=com.google.android.gms componentName=AppsCorpus serviceId=36
06-30 19:18:46.087  2168 19626 W Icing   : No valid account for uploading user actions
06-30 19:18:46.099  2168  2961 I Icing   : IndexChimeraService.getServiceInterface callingPackage=com.google.android.gms componentName=null serviceId=30
06-30 19:18:46.101  2168 19626 I Icing   : Usage reports ok 0, Failed Usage reports 0, indexed 0, rejected 0
06-30 19:18:46.104  2168  2961 I Icing   : IndexChimeraService.getServiceInterface callingPackage=com.google.android.gms componentName=null serviceId=36
06-30 19:18:46.107  2168 19626 W Icing   : No valid account for uploading user actions
06-30 19:18:46.111  2168 19626 I Icing   : Usage reports ok 0, Failed Usage reports 0, indexed 0, rejected 0
06-30 19:18:46.111  2168 19626 I Icing   : Indexing com.google.android.gms-apps from com.google.android.gms
06-30 19:18:46.112  1675  1690 W BroadcastQueue: Skipping deliver [background] BroadcastRecord{6140d57 u-1 android.net.conn.CONNECTIVITY_CHANGE} to ReceiverList{ae46044 24659 (unknown name)/2000/u-1 remote:3a88af1}: process gone or crashing
06-30 19:18:46.126  1675 19638 I ActivityManager: START u0 {act=android.intent.action.MAIN cat=[android.intent.category.LAUNCHER] flg=0x10200000 cmp=org.inaturalist.android/.ObservationListActivity.inaturalist} from uid 2000
06-30 19:18:46.129  1675 19638 W Binder  : Outgoing transactions from this process must be FLAG_ONEWAY
06-30 19:18:46.129  1675 19638 W Binder  : java.lang.Throwable
06-30 19:18:46.129  1675 19638 W Binder  : 	at android.os.BinderProxy.transact(Binder.java:752)
06-30 19:18:46.129  1675 19638 W Binder  : 	at android.app.IActivityController$Stub$Proxy.activityStarting(IActivityController.java:172)
06-30 19:18:46.129  1675 19638 W Binder  : 	at com.android.server.am.ActivityStarter.startActivity(ActivityStarter.java:449)
06-30 19:18:46.129  1675 19638 W Binder  : 	at com.android.server.am.ActivityStarter.startActivityLocked(ActivityStarter.java:278)
06-30 19:18:46.129  1675 19638 W Binder  : 	at com.android.server.am.ActivityStarter.startActivityMayWait(ActivityStarter.java:817)
06-30 19:18:46.129  1675 19638 W Binder  : 	at com.android.server.am.ActivityManagerService.startActivityAsUser(ActivityManagerService.java:4532)
06-30 19:18:46.129  1675 19638 W Binder  : 	at com.android.server.am.ActivityManagerService.startActivity(ActivityManagerService.java:4519)
06-30 19:18:46.129  1675 19638 W Binder  : 	at android.app.IActivityManager$Stub.onTransact(IActivityManager.java:121)
06-30 19:18:46.129  1675 19638 W Binder  : 	at com.android.server.am.ActivityManagerService.onTransact(ActivityManagerService.java:2919)
06-30 19:18:46.129  1675 19638 W Binder  : 	at android.os.Binder.execTransact(Binder.java:697)
06-30 19:18:46.142 24659 24659 I Monkey  : Events injected: 1
06-30 19:18:46.159  1675  5511 I ActivityManager: Start proc 24688:org.inaturalist.android/u0a103 for activity org.inaturalist.android/.ObservationListActivity.inaturalist
06-30 19:18:46.163 24688 24688 W zygote  : Unexpected CPU variant for X86 using defaults: x86
06-30 19:18:46.165 24659 24659 I Monkey  : ## Network stats: elapsed time=18ms (0ms mobile, 0ms wifi, 18ms not connected)
06-30 19:18:46.166 24659 24659 I com.android.commands.monkey: System.exit called, status: 0
06-30 19:18:46.166 24659 24659 I AndroidRuntime: VM exiting with result code 0.
06-30 19:18:46.178  2168 19626 W Icing   : No valid account for uploading user actions
06-30 19:18:46.183  2168 19626 I Icing   : Usage reports ok 0, Failed Usage reports 0, indexed 0, rejected 0
06-30 19:18:46.190  2168 19626 I Icing   : Indexing done com.google.android.gms-apps
06-30 19:18:46.192  2168 19626 I Icing   : Indexing com.google.android.gms-internal.3p:MobileApplication from com.google.android.gms
06-30 19:18:46.204  1443  1443 D gralloc_ranchu: gralloc_alloc: Creating ashmem region of size 8298496
06-30 19:18:46.209  2168 19626 I Icing   : Indexing done com.google.android.gms-internal.3p:MobileApplication
06-30 19:18:46.215  1453  2091 D         : HostConnection::get() New Host Connection established 0xf5ec6a00, tid 2091
06-30 19:18:46.216  1675  1726 D         : HostConnection::get() New Host Connection established 0xcc2be8c0, tid 1726
06-30 19:18:46.222 24688 24688 I MultiDex: VM with version 2.1.0 has multidex support
06-30 19:18:46.222 24688 24688 I MultiDex: install
06-30 19:18:46.222 24688 24688 I MultiDex: VM has multidex support, MultiDex support library is disabled.
06-30 19:18:46.222 24688 24688 I MultiDex: install
06-30 19:18:46.222 24688 24688 I MultiDex: VM has multidex support, MultiDex support library is disabled.
06-30 19:18:46.224 24688 24688 I FirebaseInitProvider: FirebaseApp initialization unsuccessful
06-30 19:18:46.287 24688 24704 W AdvertisingIdClient: Error while reading from SharedPreferences 
06-30 19:18:46.287 24688 24704 W AdvertisingIdClient: java.lang.SecurityException: MODE_WORLD_READABLE no longer supported
06-30 19:18:46.287 24688 24704 W AdvertisingIdClient: 	at android.app.ContextImpl.checkMode(ContextImpl.java:2420)
06-30 19:18:46.287 24688 24704 W AdvertisingIdClient: 	at android.app.ContextImpl.getSharedPreferences(ContextImpl.java:382)
06-30 19:18:46.287 24688 24704 W AdvertisingIdClient: 	at android.app.ContextImpl.getSharedPreferences(ContextImpl.java:372)
06-30 19:18:46.287 24688 24704 W AdvertisingIdClient: 	at com.google.android.gms.ads.identifier.AdvertisingIdClient.getAdvertisingIdInfo(Unknown Source:11)
06-30 19:18:46.287 24688 24704 W AdvertisingIdClient: 	at java.lang.reflect.Method.invoke(Native Method)
06-30 19:18:46.287 24688 24704 W AdvertisingIdClient: 	at com.facebook.internal.Utility.invokeMethodQuietly(Utility.java:808)
06-30 19:18:46.287 24688 24704 W AdvertisingIdClient: 	at com.facebook.internal.AttributionIdentifiers.getAndroidIdViaReflection(AttributionIdentifiers.java:117)
06-30 19:18:46.287 24688 24704 W AdvertisingIdClient: 	at com.facebook.internal.AttributionIdentifiers.getAndroidId(AttributionIdentifiers.java:75)
06-30 19:18:46.287 24688 24704 W AdvertisingIdClient: 	at com.facebook.internal.AttributionIdentifiers.getAttributionIdentifiers(AttributionIdentifiers.java:178)
06-30 19:18:46.287 24688 24704 W AdvertisingIdClient: 	at com.facebook.internal.FetchedAppSettingsManager.getAppSettingsQueryResponse(FetchedAppSettingsManager.java:357)
06-30 19:18:46.287 24688 24704 W AdvertisingIdClient: 	at com.facebook.internal.FetchedAppSettingsManager.access$100(FetchedAppSettingsManager.java:61)
06-30 19:18:46.287 24688 24704 W AdvertisingIdClient: 	at com.facebook.internal.FetchedAppSettingsManager$1.run(FetchedAppSettingsManager.java:175)
06-30 19:18:46.287 24688 24704 W AdvertisingIdClient: 	at java.util.concurrent.ThreadPoolExecutor.runWorker(ThreadPoolExecutor.java:1162)
06-30 19:18:46.287 24688 24704 W AdvertisingIdClient: 	at java.util.concurrent.ThreadPoolExecutor$Worker.run(ThreadPoolExecutor.java:636)
06-30 19:18:46.287 24688 24704 W AdvertisingIdClient: 	at java.lang.Thread.run(Thread.java:764)
06-30 19:18:46.293 24688 24711 W AdvertisingIdClient: Error while reading from SharedPreferences 
06-30 19:18:46.293 24688 24711 W AdvertisingIdClient: java.lang.SecurityException: MODE_WORLD_READABLE no longer supported
06-30 19:18:46.293 24688 24711 W AdvertisingIdClient: 	at android.app.ContextImpl.checkMode(ContextImpl.java:2420)
06-30 19:18:46.293 24688 24711 W AdvertisingIdClient: 	at android.app.ContextImpl.getSharedPreferences(ContextImpl.java:382)
06-30 19:18:46.293 24688 24711 W AdvertisingIdClient: 	at android.app.ContextImpl.getSharedPreferences(ContextImpl.java:372)
06-30 19:18:46.293 24688 24711 W AdvertisingIdClient: 	at com.google.android.gms.ads.identifier.AdvertisingIdClient.getAdvertisingIdInfo(Unknown Source:11)
06-30 19:18:46.293 24688 24711 W AdvertisingIdClient: 	at java.lang.reflect.Method.invoke(Native Method)
06-30 19:18:46.293 24688 24711 W AdvertisingIdClient: 	at com.facebook.internal.Utility.invokeMethodQuietly(Utility.java:808)
06-30 19:18:46.293 24688 24711 W AdvertisingIdClient: 	at com.facebook.internal.AttributionIdentifiers.getAndroidIdViaReflection(AttributionIdentifiers.java:117)
06-30 19:18:46.293 24688 24711 W AdvertisingIdClient: 	at com.facebook.internal.AttributionIdentifiers.getAndroidId(AttributionIdentifiers.java:75)
06-30 19:18:46.293 24688 24711 W AdvertisingIdClient: 	at com.facebook.internal.AttributionIdentifiers.getAttributionIdentifiers(AttributionIdentifiers.java:178)
06-30 19:18:46.293 24688 24711 W AdvertisingIdClient: 	at com.facebook.appevents.AppEventCollection.getSessionEventsState(AppEventCollection.java:85)
06-30 19:18:46.293 24688 24711 W AdvertisingIdClient: 	at com.facebook.appevents.AppEventCollection.addEvent(AppEventCollection.java:55)
06-30 19:18:46.293 24688 24711 W AdvertisingIdClient: 	at com.facebook.appevents.AppEventQueue$4.run(AppEventQueue.java:99)
06-30 19:18:46.293 24688 24711 W AdvertisingIdClient: 	at java.util.concurrent.Executors$RunnableAdapter.call(Executors.java:457)
06-30 19:18:46.293 24688 24711 W AdvertisingIdClient: 	at java.util.concurrent.FutureTask.run(FutureTask.java:266)
06-30 19:18:46.293 24688 24711 W AdvertisingIdClient: 	at java.util.concurrent.ScheduledThreadPoolExecutor$ScheduledFutureTask.run(ScheduledThreadPoolExecutor.java:301)
06-30 19:18:46.293 24688 24711 W AdvertisingIdClient: 	at java.util.concurrent.ThreadPoolExecutor.runWorker(ThreadPoolExecutor.java:1162)
06-30 19:18:46.293 24688 24711 W AdvertisingIdClient: 	at java.util.concurrent.ThreadPoolExecutor$Worker.run(ThreadPoolExecutor.java:636)
06-30 19:18:46.293 24688 24711 W AdvertisingIdClient: 	at java.lang.Thread.run(Thread.java:764)
06-30 19:18:46.295  2350  2593 D EGL_emulation: eglMakeCurrent: 0xcb21b040: ver 3 0 (tinfo 0xcb221660)
06-30 19:18:46.295  3403  3458 D EGL_emulation: eglMakeCurrent: 0xdbd85720: ver 3 0 (tinfo 0xdbd83190)
06-30 19:18:46.298  1453  2091 D gralloc_ranchu: gralloc_unregister_buffer: exiting HostConnection (is buffer-handling thread)
06-30 19:18:46.299  1453  2091 D         : HostConnection::get() New Host Connection established 0xf5ec6a00, tid 2091
06-30 19:18:46.299  1453  2091 D gralloc_ranchu: gralloc_unregister_buffer: exiting HostConnection (is buffer-handling thread)
06-30 19:18:46.299  1453  2091 D         : HostConnection::get() New Host Connection established 0xf5ec6a00, tid 2091
06-30 19:18:46.301  1453  2091 D gralloc_ranchu: gralloc_unregister_buffer: exiting HostConnection (is buffer-handling thread)
06-30 19:18:46.301  1453  2091 D         : HostConnection::get() New Host Connection established 0xf5ec6a00, tid 2091
06-30 19:18:46.301  1453  2091 D gralloc_ranchu: gralloc_unregister_buffer: exiting HostConnection (is buffer-handling thread)
06-30 19:18:46.310 24688 24706 W AdvertisingIdClient: Error while reading from SharedPreferences 
06-30 19:18:46.310 24688 24706 W AdvertisingIdClient: java.lang.SecurityException: MODE_WORLD_READABLE no longer supported
06-30 19:18:46.310 24688 24706 W AdvertisingIdClient: 	at android.app.ContextImpl.checkMode(ContextImpl.java:2420)
06-30 19:18:46.310 24688 24706 W AdvertisingIdClient: 	at android.app.ContextImpl.getSharedPreferences(ContextImpl.java:382)
06-30 19:18:46.310 24688 24706 W AdvertisingIdClient: 	at android.app.ContextImpl.getSharedPreferences(ContextImpl.java:372)
06-30 19:18:46.310 24688 24706 W AdvertisingIdClient: 	at com.google.android.gms.ads.identifier.AdvertisingIdClient.getAdvertisingIdInfo(Unknown Source:11)
06-30 19:18:46.310 24688 24706 W AdvertisingIdClient: 	at java.lang.reflect.Method.invoke(Native Method)
06-30 19:18:46.310 24688 24706 W AdvertisingIdClient: 	at com.facebook.internal.Utility.invokeMethodQuietly(Utility.java:808)
06-30 19:18:46.310 24688 24706 W AdvertisingIdClient: 	at com.facebook.internal.AttributionIdentifiers.getAndroidIdViaReflection(AttributionIdentifiers.java:117)
06-30 19:18:46.310 24688 24706 W AdvertisingIdClient: 	at com.facebook.internal.AttributionIdentifiers.getAndroidId(AttributionIdentifiers.java:75)
06-30 19:18:46.310 24688 24706 W AdvertisingIdClient: 	at com.facebook.internal.AttributionIdentifiers.getAttributionIdentifiers(AttributionIdentifiers.java:178)
06-30 19:18:46.310 24688 24706 W AdvertisingIdClient: 	at com.facebook.marketing.internal.RemoteConfigManager$1.run(RemoteConfigManager.java:57)
06-30 19:18:46.310 24688 24706 W AdvertisingIdClient: 	at java.util.concurrent.ThreadPoolExecutor.runWorker(ThreadPoolExecutor.java:1162)
06-30 19:18:46.310 24688 24706 W AdvertisingIdClient: 	at java.util.concurrent.ThreadPoolExecutor$Worker.run(ThreadPoolExecutor.java:636)
06-30 19:18:46.310 24688 24706 W AdvertisingIdClient: 	at java.lang.Thread.run(Thread.java:764)
06-30 19:18:46.312 24688 24688 I Fabric  : Initializing Crashlytics 2.3.3.61
06-30 19:18:46.315 24688 24705 W AdvertisingIdClient: Error while reading from SharedPreferences 
06-30 19:18:46.315 24688 24705 W AdvertisingIdClient: java.lang.SecurityException: MODE_WORLD_READABLE no longer supported
06-30 19:18:46.315 24688 24705 W AdvertisingIdClient: 	at android.app.ContextImpl.checkMode(ContextImpl.java:2420)
06-30 19:18:46.315 24688 24705 W AdvertisingIdClient: 	at android.app.ContextImpl.getSharedPreferences(ContextImpl.java:382)
06-30 19:18:46.315 24688 24705 W AdvertisingIdClient: 	at android.app.ContextImpl.getSharedPreferences(ContextImpl.java:372)
06-30 19:18:46.315 24688 24705 W AdvertisingIdClient: 	at com.google.android.gms.ads.identifier.AdvertisingIdClient.getAdvertisingIdInfo(Unknown Source:11)
06-30 19:18:46.315 24688 24705 W AdvertisingIdClient: 	at java.lang.reflect.Method.invoke(Native Method)
06-30 19:18:46.315 24688 24705 W AdvertisingIdClient: 	at com.facebook.internal.Utility.invokeMethodQuietly(Utility.java:808)
06-30 19:18:46.315 24688 24705 W AdvertisingIdClient: 	at com.facebook.internal.AttributionIdentifiers.getAndroidIdViaReflection(AttributionIdentifiers.java:117)
06-30 19:18:46.315 24688 24705 W AdvertisingIdClient: 	at com.facebook.internal.AttributionIdentifiers.getAndroidId(AttributionIdentifiers.java:75)
06-30 19:18:46.315 24688 24705 W AdvertisingIdClient: 	at com.facebook.internal.AttributionIdentifiers.getAttributionIdentifiers(AttributionIdentifiers.java:178)
06-30 19:18:46.315 24688 24705 W AdvertisingIdClient: 	at com.facebook.internal.FetchedAppGateKeepersManager.getAppGateKeepersQueryResponse(FetchedAppGateKeepersManager.java:123)
06-30 19:18:46.315 24688 24705 W AdvertisingIdClient: 	at com.facebook.internal.FetchedAppGateKeepersManager.access$100(FetchedAppGateKeepersManager.java:45)
06-30 19:18:46.315 24688 24705 W AdvertisingIdClient: 	at com.facebook.internal.FetchedAppGateKeepersManager$1.run(FetchedAppGateKeepersManager.java:94)
06-30 19:18:46.315 24688 24705 W AdvertisingIdClient: 	at java.util.concurrent.ThreadPoolExecutor.runWorker(ThreadPoolExecutor.java:1162)
06-30 19:18:46.315 24688 24705 W AdvertisingIdClient: 	at java.util.concurrent.ThreadPoolExecutor$Worker.run(ThreadPoolExecutor.java:636)
06-30 19:18:46.315 24688 24705 W AdvertisingIdClient: 	at java.lang.Thread.run(Thread.java:764)
06-30 19:18:46.337  1675  1813 D VoldConnector: SND -> {42 volume mkdirs /storage/emulated/0/Android/data/org.inaturalist.android/cache/}
06-30 19:18:46.347  1675  1746 D VoldConnector: RCV <- {200 42 Command succeeded}
06-30 19:18:46.359 24688 24715 W AdvertisingIdClient: Error while reading from SharedPreferences 
06-30 19:18:46.359 24688 24715 W AdvertisingIdClient: java.lang.SecurityException: MODE_WORLD_READABLE no longer supported
06-30 19:18:46.359 24688 24715 W AdvertisingIdClient: 	at android.app.ContextImpl.checkMode(ContextImpl.java:2420)
06-30 19:18:46.359 24688 24715 W AdvertisingIdClient: 	at android.app.ContextImpl.getSharedPreferences(ContextImpl.java:382)
06-30 19:18:46.359 24688 24715 W AdvertisingIdClient: 	at android.app.ContextImpl.getSharedPreferences(ContextImpl.java:372)
06-30 19:18:46.359 24688 24715 W AdvertisingIdClient: 	at com.google.android.gms.ads.identifier.AdvertisingIdClient.getAdvertisingIdInfo(Unknown Source:11)
06-30 19:18:46.359 24688 24715 W AdvertisingIdClient: 	at java.lang.reflect.Method.invoke(Native Method)
06-30 19:18:46.359 24688 24715 W AdvertisingIdClient: 	at io.fabric.sdk.android.services.common.AdvertisingInfoReflectionStrategy.getInfo(AdvertisingInfoReflectionStrategy.java:106)
06-30 19:18:46.359 24688 24715 W AdvertisingIdClient: 	at io.fabric.sdk.android.services.common.AdvertisingInfoReflectionStrategy.getAdvertisingId(AdvertisingInfoReflectionStrategy.java:76)
06-30 19:18:46.359 24688 24715 W AdvertisingIdClient: 	at io.fabric.sdk.android.services.common.AdvertisingInfoReflectionStrategy.getAdvertisingInfo(AdvertisingInfoReflectionStrategy.java:66)
06-30 19:18:46.359 24688 24715 W AdvertisingIdClient: 	at io.fabric.sdk.android.services.common.AdvertisingInfoProvider.getAdvertisingInfoFromStrategies(AdvertisingInfoProvider.java:118)
06-30 19:18:46.359 24688 24715 W AdvertisingIdClient: 	at io.fabric.sdk.android.services.common.AdvertisingInfoProvider.getAdvertisingInfo(AdvertisingInfoProvider.java:57)
06-30 19:18:46.359 24688 24715 W AdvertisingIdClient: 	at io.fabric.sdk.android.services.common.IdManager.getAdvertisingId(IdManager.java:391)
06-30 19:18:46.359 24688 24715 W AdvertisingIdClient: 	at io.fabric.sdk.android.services.common.IdManager.getDeviceIdentifiers(IdManager.java:378)
06-30 19:18:46.359 24688 24715 W AdvertisingIdClient: 	at io.fabric.sdk.android.services.common.IdManager.addDeviceIdentifiersTo(IdManager.java:199)
06-30 19:18:46.359 24688 24715 W AdvertisingIdClient: 	at io.fabric.sdk.android.services.common.IdManager.createIdHeaderValue(IdManager.java:172)
06-30 19:18:46.359 24688 24715 W AdvertisingIdClient: 	at io.fabric.sdk.android.services.settings.Settings.initialize(Settings.java:96)
06-30 19:18:46.359 24688 24715 W AdvertisingIdClient: 	at io.fabric.sdk.android.Onboarding.retrieveSettingsData(Onboarding.java:123)
06-30 19:18:46.359 24688 24715 W AdvertisingIdClient: 	at io.fabric.sdk.android.Onboarding.doInBackground(Onboarding.java:99)
06-30 19:18:46.359 24688 24715 W AdvertisingIdClient: 	at io.fabric.sdk.android.Onboarding.doInBackground(Onboarding.java:45)
06-30 19:18:46.359 24688 24715 W AdvertisingIdClient: 	at io.fabric.sdk.android.InitializationTask.doInBackground(InitializationTask.java:63)
06-30 19:18:46.359 24688 24715 W AdvertisingIdClient: 	at io.fabric.sdk.android.InitializationTask.doInBackground(InitializationTask.java:28)
06-30 19:18:46.359 24688 24715 W AdvertisingIdClient: 	at io.fabric.sdk.android.services.concurrency.AsyncTask$2.call(AsyncTask.java:311)
06-30 19:18:46.359 24688 24715 W AdvertisingIdClient: 	at java.util.concurrent.FutureTask.run(FutureTask.java:266)
06-30 19:18:46.359 24688 24715 W AdvertisingIdClient: 	at java.util.concurrent.Executors$RunnableAdapter.call(Executors.java:457)
06-30 19:18:46.359 24688 24715 W AdvertisingIdClient: 	at java.util.concurrent.FutureTask.run(FutureTask.java:266)
06-30 19:18:46.359 24688 24715 W AdvertisingIdClient: 	at java.util.concurrent.ThreadPoolExecutor.runWorker(ThreadPoolExecutor.java:1162)
06-30 19:18:46.359 24688 24715 W AdvertisingIdClient: 	at java.util.concurrent.ThreadPoolExecutor$Worker.run(ThreadPoolExecutor.java:636)
06-30 19:18:46.359 24688 24715 W AdvertisingIdClient: 	at java.lang.Thread.run(Thread.java:764)
06-30 19:18:46.370 24688 24719 W AdvertisingIdClient: Error while reading from SharedPreferences 
06-30 19:18:46.370 24688 24719 W AdvertisingIdClient: java.lang.SecurityException: MODE_WORLD_READABLE no longer supported
06-30 19:18:46.370 24688 24719 W AdvertisingIdClient: 	at android.app.ContextImpl.checkMode(ContextImpl.java:2420)
06-30 19:18:46.370 24688 24719 W AdvertisingIdClient: 	at android.app.ContextImpl.getSharedPreferences(ContextImpl.java:382)
06-30 19:18:46.370 24688 24719 W AdvertisingIdClient: 	at android.app.ContextImpl.getSharedPreferences(ContextImpl.java:372)
06-30 19:18:46.370 24688 24719 W AdvertisingIdClient: 	at com.google.android.gms.ads.identifier.AdvertisingIdClient.getAdvertisingIdInfo(Unknown Source:11)
06-30 19:18:46.370 24688 24719 W AdvertisingIdClient: 	at java.lang.reflect.Method.invoke(Native Method)
06-30 19:18:46.370 24688 24719 W AdvertisingIdClient: 	at io.fabric.sdk.android.services.common.AdvertisingInfoReflectionStrategy.getInfo(AdvertisingInfoReflectionStrategy.java:106)
06-30 19:18:46.370 24688 24719 W AdvertisingIdClient: 	at io.fabric.sdk.android.services.common.AdvertisingInfoReflectionStrategy.getAdvertisingId(AdvertisingInfoReflectionStrategy.java:76)
06-30 19:18:46.370 24688 24719 W AdvertisingIdClient: 	at io.fabric.sdk.android.services.common.AdvertisingInfoReflectionStrategy.getAdvertisingInfo(AdvertisingInfoReflectionStrategy.java:66)
06-30 19:18:46.370 24688 24719 W AdvertisingIdClient: 	at io.fabric.sdk.android.services.common.AdvertisingInfoProvider.getAdvertisingInfoFromStrategies(AdvertisingInfoProvider.java:118)
06-30 19:18:46.370 24688 24719 W AdvertisingIdClient: 	at io.fabric.sdk.android.services.common.AdvertisingInfoProvider.getAdvertisingInfo(AdvertisingInfoProvider.java:57)
06-30 19:18:46.370 24688 24719 W AdvertisingIdClient: 	at io.fabric.sdk.android.services.common.IdManager.getAdvertisingId(IdManager.java:391)
06-30 19:18:46.370 24688 24719 W AdvertisingIdClient: 	at io.fabric.sdk.android.services.common.IdManager.getDeviceIdentifiers(IdManager.java:378)
06-30 19:18:46.370 24688 24719 W AdvertisingIdClient: 	at com.crashlytics.android.core.CrashlyticsUncaughtExceptionHandler.writeSessionDevice(CrashlyticsUncaughtExceptionHandler.java:914)
06-30 19:18:46.370 24688 24719 W AdvertisingIdClient: 	at com.crashlytics.android.core.CrashlyticsUncaughtExceptionHandler.doOpenSession(CrashlyticsUncaughtExceptionHandler.java:599)
06-30 19:18:46.370 24688 24719 W AdvertisingIdClient: 	at com.crashlytics.android.core.CrashlyticsUncaughtExceptionHandler.access$800(CrashlyticsUncaughtExceptionHandler.java:56)
06-30 19:18:46.370 24688 24719 W AdvertisingIdClient: 	at com.crashlytics.android.core.CrashlyticsUncaughtExceptionHandler$12.call(CrashlyticsUncaughtExceptionHandler.java:504)
06-30 19:18:46.370 24688 24719 W AdvertisingIdClient: 	at com.crashlytics.android.core.CrashlyticsUncaughtExceptionHandler$12.call(CrashlyticsUncaughtExceptionHandler.java:500)
06-30 19:18:46.370 24688 24719 W AdvertisingIdClient: 	at com.crashlytics.android.core.CrashlyticsExecutorServiceWrapper$2.call(CrashlyticsExecutorServiceWrapper.java:104)
06-30 19:18:46.370 24688 24719 W AdvertisingIdClient: 	at java.util.concurrent.FutureTask.run(FutureTask.java:266)
06-30 19:18:46.370 24688 24719 W AdvertisingIdClient: 	at java.util.concurrent.ThreadPoolExecutor.runWorker(ThreadPoolExecutor.java:1162)
06-30 19:18:46.370 24688 24719 W AdvertisingIdClient: 	at java.util.concurrent.ThreadPoolExecutor$Worker.run(ThreadPoolExecutor.java:636)
06-30 19:18:46.370 24688 24719 W AdvertisingIdClient: 	at io.fabric.sdk.android.services.common.ExecutorUtils$1$1.onRun(ExecutorUtils.java:75)
06-30 19:18:46.370 24688 24719 W AdvertisingIdClient: 	at io.fabric.sdk.android.services.common.BackgroundPriorityRunnable.run(BackgroundPriorityRunnable.java:30)
06-30 19:18:46.370 24688 24719 W AdvertisingIdClient: 	at java.lang.Thread.run(Thread.java:764)
06-30 19:18:46.423 24688 24724 D INaturalistApp: onCreate
06-30 19:18:46.424 24688 24688 W Settings: Setting airplane_mode_on has moved from android.provider.Settings.System to android.provider.Settings.Global, returning read-only value.
06-30 19:18:46.463  1675  1985 I ActivityManager: START u0 {flg=0x24000000 cmp=org.inaturalist.android/.OnboardingActivity (has extras)} from uid 10103
06-30 19:18:46.488  1675  1985 I ActivityManager: START u0 {flg=0x24000000 cmp=org.inaturalist.android/.TutorialActivity (has extras)} from uid 10103
06-30 19:18:46.556  1453  1501 E SurfaceFlinger: ro.sf.lcd_density must be defined as a build property
06-30 19:18:46.557 24688 24732 D OpenGLRenderer: HWUI GL Pipeline
06-30 19:18:46.571 24688 24724 D SQLiteCursorFactory: SQLiteQuery: SELECT _id, _created_at, _synced_at, _updated_at, created_at, description, geoprivacy, iconic_taxon_id, iconic_taxon_name, id, id_please, latitude, longitude, observed_on, observed_on_string, out_of_range, captive, place_guess, private_place_guess, positional_accuracy, positioning_device, positioning_method, private_latitude, private_longitude, private_positional_accuracy, quality_grade, species_guess, preferred_common_name, taxon_id, time_observed_at, updated_at, user_agent, user_id, user_login, identifications_count, comments_count, last_comments_count, last_identifications_count, is_deleted, uuid, owners_identification_from_vision, scientific_name, rank_level, rank FROM observations WHERE ((_synced_at IS NULL) AND (is_deleted = 0 OR is_deleted is NULL)) ORDER BY CASE WHEN _created_at > created_at THEN created_at ELSE _created_at END DESC, CASE WHEN id IS NULL THEN _id ELSE id END DESC
06-30 19:18:46.571 24688 24724 I BaseFragmentActivity: Registering ACTION_GET_USER_DETAILS_RESULT
06-30 19:18:46.571 24688 24724 I ObservationListActivity: Registering ACTION_SYNC_COMPLETE
06-30 19:18:46.571 24688 24724 I ObservationListActivity: Registering CONNECTIVITY_ACTION
06-30 19:18:46.571 24688 24724 D ObservationListActivity: onPause
06-30 19:18:46.579 24688 24688 W Notification: Use of stream types is deprecated for operations other than volume control
06-30 19:18:46.579 24688 24688 W Notification: See the documentation of setSound() for what to use instead with android.media.AudioAttributes to qualify your playback use case
06-30 19:18:46.581  1675  1690 V ActivityManager: Attempted to start a foreground service (ComponentInfo{org.inaturalist.android/org.inaturalist.android.INaturalistService}) with a broken notification (no icon: Notification(channel=inaturalist_service pri=0 contentView=null vibrate=null sound=null defaults=0x0 flags=0x40 color=0x00000000 vis=PRIVATE))
06-30 19:18:46.584 24688 24706 D NetworkSecurityConfig: No Network Security Config specified, using platform default
06-30 19:18:46.587 24688 24715 W AdvertisingIdClient: Error while reading from SharedPreferences 
06-30 19:18:46.587 24688 24715 W AdvertisingIdClient: java.lang.SecurityException: MODE_WORLD_READABLE no longer supported
06-30 19:18:46.587 24688 24715 W AdvertisingIdClient: 	at android.app.ContextImpl.checkMode(ContextImpl.java:2420)
06-30 19:18:46.587 24688 24715 W AdvertisingIdClient: 	at android.app.ContextImpl.getSharedPreferences(ContextImpl.java:382)
06-30 19:18:46.587 24688 24715 W AdvertisingIdClient: 	at android.app.ContextImpl.getSharedPreferences(ContextImpl.java:372)
06-30 19:18:46.587 24688 24715 W AdvertisingIdClient: 	at com.google.android.gms.ads.identifier.AdvertisingIdClient.getAdvertisingIdInfo(Unknown Source:11)
06-30 19:18:46.587 24688 24715 W AdvertisingIdClient: 	at java.lang.reflect.Method.invoke(Native Method)
06-30 19:18:46.587 24688 24715 W AdvertisingIdClient: 	at io.fabric.sdk.android.services.common.AdvertisingInfoReflectionStrategy.getInfo(AdvertisingInfoReflectionStrategy.java:106)
06-30 19:18:46.587 24688 24715 W AdvertisingIdClient: 	at io.fabric.sdk.android.services.common.AdvertisingInfoReflectionStrategy.isLimitAdTrackingEnabled(AdvertisingInfoReflectionStrategy.java:91)
06-30 19:18:46.587 24688 24715 W AdvertisingIdClient: 	at io.fabric.sdk.android.services.common.AdvertisingInfoReflectionStrategy.getAdvertisingInfo(AdvertisingInfoReflectionStrategy.java:66)
06-30 19:18:46.587 24688 24715 W AdvertisingIdClient: 	at io.fabric.sdk.android.services.common.AdvertisingInfoProvider.getAdvertisingInfoFromStrategies(AdvertisingInfoProvider.java:118)
06-30 19:18:46.587 24688 24715 W AdvertisingIdClient: 	at io.fabric.sdk.android.services.common.AdvertisingInfoProvider.getAdvertisingInfo(AdvertisingInfoProvider.java:57)
06-30 19:18:46.587 24688 24715 W AdvertisingIdClient: 	at io.fabric.sdk.android.services.common.IdManager.getAdvertisingId(IdManager.java:391)
06-30 19:18:46.587 24688 24715 W AdvertisingIdClient: 	at io.fabric.sdk.android.services.common.IdManager.getDeviceIdentifiers(IdManager.java:378)
06-30 19:18:46.587 24688 24715 W AdvertisingIdClient: 	at io.fabric.sdk.android.services.common.IdManager.addDeviceIdentifiersTo(IdManager.java:199)
06-30 19:18:46.587 24688 24715 W AdvertisingIdClient: 	at io.fabric.sdk.android.services.common.IdManager.createIdHeaderValue(IdManager.java:172)
06-30 19:18:46.587 24688 24715 W AdvertisingIdClient: 	at io.fabric.sdk.android.services.settings.Settings.initialize(Settings.java:96)
06-30 19:18:46.587 24688 24715 W AdvertisingIdClient: 	at io.fabric.sdk.android.Onboarding.retrieveSettingsData(Onboarding.java:123)
06-30 19:18:46.587 24688 24715 W AdvertisingIdClient: 	at io.fabric.sdk.android.Onboarding.doInBackground(Onboarding.java:99)
06-30 19:18:46.587 24688 24715 W AdvertisingIdClient: 	at io.fabric.sdk.android.Onboarding.doInBackground(Onboarding.java:45)
06-30 19:18:46.587 24688 24715 W AdvertisingIdClient: 	at io.fabric.sdk.android.InitializationTask.doInBackground(InitializationTask.java:63)
06-30 19:18:46.587 24688 24715 W AdvertisingIdClient: 	at io.fabric.sdk.android.InitializationTask.doInBackground(InitializationTask.java:28)
06-30 19:18:46.587 24688 24715 W AdvertisingIdClient: 	at io.fabric.sdk.android.services.concurrency.AsyncTask$2.call(AsyncTask.java:311)
06-30 19:18:46.587 24688 24715 W AdvertisingIdClient: 	at java.util.concurrent.FutureTask.run(FutureTask.java:266)
06-30 19:18:46.587 24688 24715 W AdvertisingIdClient: 	at java.util.concurrent.Executors$RunnableAdapter.call(Executors.java:457)
06-30 19:18:46.587 24688 24715 W AdvertisingIdClient: 	at java.util.concurrent.FutureTask.run(FutureTask.java:266)
06-30 19:18:46.587 24688 24715 W AdvertisingIdClient: 	at java.util.concurrent.ThreadPoolExecutor.runWorker(ThreadPoolExecutor.java:1162)
06-30 19:18:46.587 24688 24715 W AdvertisingIdClient: 	at java.util.concurrent.ThreadPoolExecutor$Worker.run(ThreadPoolExecutor.java:636)
06-30 19:18:46.587 24688 24715 W AdvertisingIdClient: 	at java.lang.Thread.run(Thread.java:764)
06-30 19:18:46.588 24688 24688 W Notification: Use of stream types is deprecated for operations other than volume control
06-30 19:18:46.588 24688 24688 W Notification: See the documentation of setSound() for what to use instead with android.media.AudioAttributes to qualify your playback use case
06-30 19:18:46.589 24688 24719 W AdvertisingIdClient: Error while reading from SharedPreferences 
06-30 19:18:46.589 24688 24719 W AdvertisingIdClient: java.lang.SecurityException: MODE_WORLD_READABLE no longer supported
06-30 19:18:46.589 24688 24719 W AdvertisingIdClient: 	at android.app.ContextImpl.checkMode(ContextImpl.java:2420)
06-30 19:18:46.589 24688 24719 W AdvertisingIdClient: 	at android.app.ContextImpl.getSharedPreferences(ContextImpl.java:382)
06-30 19:18:46.589 24688 24719 W AdvertisingIdClient: 	at android.app.ContextImpl.getSharedPreferences(ContextImpl.java:372)
06-30 19:18:46.589 24688 24719 W AdvertisingIdClient: 	at com.google.android.gms.ads.identifier.AdvertisingIdClient.getAdvertisingIdInfo(Unknown Source:11)
06-30 19:18:46.589 24688 24719 W AdvertisingIdClient: 	at java.lang.reflect.Method.invoke(Native Method)
06-30 19:18:46.589 24688 24719 W AdvertisingIdClient: 	at io.fabric.sdk.android.services.common.AdvertisingInfoReflectionStrategy.getInfo(AdvertisingInfoReflectionStrategy.java:106)
06-30 19:18:46.589 24688 24719 W AdvertisingIdClient: 	at io.fabric.sdk.android.services.common.AdvertisingInfoReflectionStrategy.isLimitAdTrackingEnabled(AdvertisingInfoReflectionStrategy.java:91)
06-30 19:18:46.589 24688 24719 W AdvertisingIdClient: 	at io.fabric.sdk.android.services.common.AdvertisingInfoReflectionStrategy.getAdvertisingInfo(AdvertisingInfoReflectionStrategy.java:66)
06-30 19:18:46.589 24688 24719 W AdvertisingIdClient: 	at io.fabric.sdk.android.services.common.AdvertisingInfoProvider.getAdvertisingInfoFromStrategies(AdvertisingInfoProvider.java:118)
06-30 19:18:46.589 24688 24719 W AdvertisingIdClient: 	at io.fabric.sdk.android.services.common.AdvertisingInfoProvider.getAdvertisingInfo(AdvertisingInfoProvider.java:57)
06-30 19:18:46.589 24688 24719 W AdvertisingIdClient: 	at io.fabric.sdk.android.services.common.IdManager.getAdvertisingId(IdManager.java:391)
06-30 19:18:46.589 24688 24719 W AdvertisingIdClient: 	at io.fabric.sdk.android.services.common.IdManager.getDeviceIdentifiers(IdManager.java:378)
06-30 19:18:46.589 24688 24719 W AdvertisingIdClient: 	at com.crashlytics.android.core.CrashlyticsUncaughtExceptionHandler.writeSessionDevice(CrashlyticsUncaughtExceptionHandler.java:914)
06-30 19:18:46.589 24688 24719 W AdvertisingIdClient: 	at com.crashlytics.android.core.CrashlyticsUncaughtExceptionHandler.doOpenSession(CrashlyticsUncaughtExceptionHandler.java:599)
06-30 19:18:46.589 24688 24719 W AdvertisingIdClient: 	at com.crashlytics.android.core.CrashlyticsUncaughtExceptionHandler.access$800(CrashlyticsUncaughtExceptionHandler.java:56)
06-30 19:18:46.589 24688 24719 W AdvertisingIdClient: 	at com.crashlytics.android.core.CrashlyticsUncaughtExceptionHandler$12.call(CrashlyticsUncaughtExceptionHandler.java:504)
06-30 19:18:46.589 24688 24719 W AdvertisingIdClient: 	at com.crashlytics.android.core.CrashlyticsUncaughtExceptionHandler$12.call(CrashlyticsUncaughtExceptionHandler.java:500)
06-30 19:18:46.589 24688 24719 W AdvertisingIdClient: 	at com.crashlytics.android.core.CrashlyticsExecutorServiceWrapper$2.call(CrashlyticsExecutorServiceWrapper.java:104)
06-30 19:18:46.589 24688 24719 W AdvertisingIdClient: 	at java.util.concurrent.FutureTask.run(FutureTask.java:266)
06-30 19:18:46.589 24688 24719 W AdvertisingIdClient: 	at java.util.concurrent.ThreadPoolExecutor.runWorker(ThreadPoolExecutor.java:1162)
06-30 19:18:46.589 24688 24719 W AdvertisingIdClient: 	at java.util.concurrent.ThreadPoolExecutor$Worker.run(ThreadPoolExecutor.java:636)
06-30 19:18:46.589 24688 24719 W AdvertisingIdClient: 	at io.fabric.sdk.android.services.common.ExecutorUtils$1$1.onRun(ExecutorUtils.java:75)
