--------- beginning of main
12-19 16:28:13.144 24080 24080 D AndroidRuntime: >>>>>> START com.android.internal.os.RuntimeInit uid 2000 <<<<<<
12-19 16:28:13.184 24080 24080 W app_process: Unexpected CPU variant for X86 using defaults: x86_64
12-19 16:28:13.202 24080 24080 D AndroidRuntime: Calling main entry com.android.commands.uiautomator.Launcher
12-19 16:28:14.223 24080 24080 W AccessibilityNodeInfoDumper: Fetch time: 3ms
12-19 16:28:14.238 24080 24080 D AndroidRuntime: Shutting down VM
12-19 16:28:15.137 24108 24108 D AndroidRuntime: >>>>>> START com.android.internal.os.RuntimeInit uid 2000 <<<<<<
12-19 16:28:15.178 24108 24108 W app_process: Unexpected CPU variant for X86 using defaults: x86_64
12-19 16:28:15.196 24108 24108 D AndroidRuntime: Calling main entry com.android.commands.uiautomator.Launcher
12-19 16:28:16.213 24108 24108 W AccessibilityNodeInfoDumper: Fetch time: 3ms
12-19 16:28:16.220 24108 24108 D AndroidRuntime: Shutting down VM
12-19 16:28:16.491 24126 24126 D AndroidRuntime: >>>>>> START com.android.internal.os.RuntimeInit uid 2000 <<<<<<
12-19 16:28:16.532 24126 24126 W app_process: Unexpected CPU variant for X86 using defaults: x86_64
12-19 16:28:16.551 24126 24126 D AndroidRuntime: Calling main entry com.android.commands.uiautomator.Launcher
12-19 16:28:17.571 24126 24126 W AccessibilityNodeInfoDumper: Fetch time: 5ms
12-19 16:28:17.584 24126 24126 D AndroidRuntime: Shutting down VM
12-19 16:28:18.493 24154 24154 D AndroidRuntime: >>>>>> START com.android.internal.os.RuntimeInit uid 2000 <<<<<<
12-19 16:28:18.531 24154 24154 W app_process: Unexpected CPU variant for X86 using defaults: x86_64
12-19 16:28:18.548 24154 24154 D AndroidRuntime: Calling main entry com.android.commands.uiautomator.Launcher
12-19 16:28:19.568 24154 24154 W AccessibilityNodeInfoDumper: Fetch time: 3ms
12-19 16:28:19.581 24154 24154 D AndroidRuntime: Shutting down VM
12-19 16:28:20.078  1677  1691 E memtrack: Couldn't load memtrack module
12-19 16:28:20.078  1677  1691 W android.os.Debug: failed to get memory consumption info: -1
12-19 16:28:20.556 24189 24189 D AndroidRuntime: >>>>>> START com.android.internal.os.RuntimeInit uid 2000 <<<<<<
12-19 16:28:20.594 24189 24189 W app_process: Unexpected CPU variant for X86 using defaults: x86_64
12-19 16:28:20.613 24189 24189 D AndroidRuntime: Calling main entry com.android.commands.uiautomator.Launcher
12-19 16:28:21.633 24189 24189 W AccessibilityNodeInfoDumper: Fetch time: 3ms
12-19 16:28:21.658 24189 24189 D AndroidRuntime: Shutting down VM
12-19 16:28:21.848  1442  1469 E SurfaceFlinger: ro.sf.lcd_density must be defined as a build property
12-19 16:28:21.856  1432  1432 D gralloc_ranchu: gralloc_alloc: Creating ashmem region of size 8298496
12-19 16:28:21.862 24206 24206 D         : HostConnection::get() New Host Connection established 0x7db8d2a2f780, tid 24206
12-19 16:28:22.018 21921 21921 D MediaScannerReceiver: action: android.intent.action.MEDIA_SCANNER_SCAN_FILE path: /storage/emulated/0/screen.png
12-19 16:28:24.479 24218 24218 D AndroidRuntime: >>>>>> START com.android.internal.os.RuntimeInit uid 2000 <<<<<<
12-19 16:28:24.546 24218 24218 W app_process: Unexpected CPU variant for X86 using defaults: x86_64
12-19 16:28:24.567 24218 24218 D AndroidRuntime: Calling main entry com.android.commands.uiautomator.Launcher
12-19 16:28:25.594 24218 24218 W AccessibilityNodeInfoDumper: Fetch time: 4ms
12-19 16:28:25.607 24218 24218 D AndroidRuntime: Shutting down VM
12-19 16:28:27.906 24235 24235 D AndroidRuntime: >>>>>> START com.android.internal.os.RuntimeInit uid 2000 <<<<<<
12-19 16:28:27.952 24235 24235 W app_process: Unexpected CPU variant for X86 using defaults: x86_64
12-19 16:28:27.971 24235 24235 D AndroidRuntime: Calling main entry com.android.commands.uiautomator.Launcher
12-19 16:28:28.998 24235 24235 W AccessibilityNodeInfoDumper: Fetch time: 4ms
12-19 16:28:29.017 24235 24235 D AndroidRuntime: Shutting down VM
12-19 16:28:29.333 24252 24252 D AndroidRuntime: >>>>>> START com.android.internal.os.RuntimeInit uid 2000 <<<<<<
12-19 16:28:29.377 24252 24252 W app_process: Unexpected CPU variant for X86 using defaults: x86_64
12-19 16:28:29.396 24252 24252 D AndroidRuntime: Calling main entry com.android.commands.uiautomator.Launcher
12-19 16:28:30.416 24252 24252 W AccessibilityNodeInfoDumper: Fetch time: 4ms
12-19 16:28:30.438 24252 24252 D AndroidRuntime: Shutting down VM
12-19 16:29:07.972 24605 24605 D AndroidRuntime: >>>>>> START com.android.internal.os.RuntimeInit uid 2000 <<<<<<
12-19 16:29:08.110 24605 24605 W app_process: Unexpected CPU variant for X86 using defaults: x86_64
12-19 16:29:08.162 24605 24605 D AndroidRuntime: Calling main entry com.android.commands.uiautomator.Launcher
12-19 16:29:09.188 24605 24605 W AccessibilityNodeInfoDumper: Fetch time: 7ms
12-19 16:29:09.211 24605 24605 D AndroidRuntime: Shutting down VM
12-19 16:29:10.150 24633 24633 D AndroidRuntime: >>>>>> START com.android.internal.os.RuntimeInit uid 2000 <<<<<<
12-19 16:29:10.293 24633 24633 W app_process: Unexpected CPU variant for X86 using defaults: x86_64
12-19 16:29:10.312 24633 24633 D AndroidRuntime: Calling main entry com.android.commands.uiautomator.Launcher
12-19 16:29:11.336 24633 24633 W AccessibilityNodeInfoDumper: Fetch time: 4ms
12-19 16:29:11.358 24633 24633 D AndroidRuntime: Shutting down VM
12-19 16:29:11.468 22997 23009 I zygote64: Background concurrent copying GC freed 29909(1932KB) AllocSpace objects, 13(264KB) LOS objects, 49% free, 2MB/4MB, paused 5.199ms total 15.609ms
12-19 16:29:11.654 24651 24651 D AndroidRuntime: >>>>>> START com.android.internal.os.RuntimeInit uid 2000 <<<<<<
12-19 16:29:11.693 24651 24651 W app_process: Unexpected CPU variant for X86 using defaults: x86_64
12-19 16:29:11.710 24651 24651 D AndroidRuntime: Calling main entry com.android.commands.uiautomator.Launcher
12-19 16:29:12.731 24651 24651 W AccessibilityNodeInfoDumper: Fetch time: 3ms
12-19 16:29:12.742 24651 24651 D AndroidRuntime: Shutting down VM
12-19 16:29:13.656 24679 24679 D AndroidRuntime: >>>>>> START com.android.internal.os.RuntimeInit uid 2000 <<<<<<
12-19 16:29:13.696 24679 24679 W app_process: Unexpected CPU variant for X86 using defaults: x86_64
12-19 16:29:13.714 24679 24679 D AndroidRuntime: Calling main entry com.android.commands.uiautomator.Launcher
12-19 16:29:14.736 24679 24679 W AccessibilityNodeInfoDumper: Fetch time: 3ms
12-19 16:29:14.758 24679 24679 D AndroidRuntime: Shutting down VM
12-19 16:29:15.758 24714 24714 D AndroidRuntime: >>>>>> START com.android.internal.os.RuntimeInit uid 2000 <<<<<<
12-19 16:29:15.853 24714 24714 W app_process: Unexpected CPU variant for X86 using defaults: x86_64
12-19 16:29:15.872 24714 24714 D AndroidRuntime: Calling main entry com.android.commands.uiautomator.Launcher
12-19 16:29:16.893 24714 24714 W AccessibilityNodeInfoDumper: Fetch time: 4ms
12-19 16:29:16.908 24714 24714 D AndroidRuntime: Shutting down VM
12-19 16:29:17.106  1442  2115 E SurfaceFlinger: ro.sf.lcd_density must be defined as a build property
12-19 16:29:17.116  1432  1432 D gralloc_ranchu: gralloc_alloc: Creating ashmem region of size 8298496
12-19 16:29:17.122 24734 24734 D         : HostConnection::get() New Host Connection established 0x7b0d00c2f780, tid 24734
12-19 16:29:17.303 21921 21921 D MediaScannerReceiver: action: android.intent.action.MEDIA_SCANNER_SCAN_FILE path: /storage/emulated/0/screen.png
12-19 16:29:19.717 24746 24746 D AndroidRuntime: >>>>>> START com.android.internal.os.RuntimeInit uid 2000 <<<<<<
12-19 16:29:19.825 24746 24746 W app_process: Unexpected CPU variant for X86 using defaults: x86_64
12-19 16:29:19.848 24746 24746 D AndroidRuntime: Calling main entry com.android.commands.uiautomator.Launcher
12-19 16:29:20.872 24746 24746 W AccessibilityNodeInfoDumper: Fetch time: 4ms
12-19 16:29:20.891 24746 24746 D AndroidRuntime: Shutting down VM
12-19 16:29:23.159 24764 24764 D AndroidRuntime: >>>>>> START com.android.internal.os.RuntimeInit uid 2000 <<<<<<
12-19 16:29:23.200 24764 24764 W app_process: Unexpected CPU variant for X86 using defaults: x86_64
12-19 16:29:23.219 24764 24764 D AndroidRuntime: Calling main entry com.android.commands.uiautomator.Launcher
12-19 16:29:24.249 24764 24764 W AccessibilityNodeInfoDumper: Fetch time: 6ms
12-19 16:29:24.278 24764 24764 D AndroidRuntime: Shutting down VM
12-19 16:29:24.621 24781 24781 D AndroidRuntime: >>>>>> START com.android.internal.os.RuntimeInit uid 2000 <<<<<<
12-19 16:29:24.686 24781 24781 W app_process: Unexpected CPU variant for X86 using defaults: x86_64
12-19 16:29:24.708 24781 24781 D AndroidRuntime: Calling main entry com.android.commands.uiautomator.Launcher
12-19 16:29:25.732 24781 24781 W AccessibilityNodeInfoDumper: Fetch time: 3ms
12-19 16:29:25.742 24781 24781 D AndroidRuntime: Shutting down VM
12-19 16:29:26.012 24798 24798 D AndroidRuntime: >>>>>> START com.android.internal.os.RuntimeInit uid 2000 <<<<<<
12-19 16:29:26.058 24798 24798 W app_process: Unexpected CPU variant for X86 using defaults: x86_64
12-19 16:29:26.078 24798 24798 D AndroidRuntime: Calling main entry com.android.commands.uiautomator.Launcher
12-19 16:29:27.102 24798 24798 W AccessibilityNodeInfoDumper: Fetch time: 5ms
12-19 16:29:27.127 24798 24798 D AndroidRuntime: Shutting down VM
12-19 16:29:27.334 24810 24810 D AndroidRuntime: >>>>>> START com.android.internal.os.RuntimeInit uid 2000 <<<<<<
12-19 16:29:27.369 24810 24810 W app_process: Unexpected CPU variant for X86 using defaults: x86_64
12-19 16:29:27.386 24810 24810 D AndroidRuntime: Calling main entry com.android.commands.input.Input
12-19 16:29:27.388 24810 24810 I Input   : injectMotionEvent: MotionEvent { action=ACTION_DOWN, actionButton=0, id[0]=0, x[0]=540.0, y[0]=942.0, toolType[0]=TOOL_TYPE_UNKNOWN, buttonState=0, metaState=0, flags=0x0, edgeFlags=0x0, pointerCount=1, historySize=0, eventTime=84545132, downTime=84545132, deviceId=0, source=0x1002 }
12-19 16:29:27.391 24810 24810 I Input   : injectMotionEvent: MotionEvent { action=ACTION_UP, actionButton=0, id[0]=0, x[0]=540.0, y[0]=942.0, toolType[0]=TOOL_TYPE_UNKNOWN, buttonState=0, metaState=0, flags=0x0, edgeFlags=0x0, pointerCount=1, historySize=0, eventTime=84545132, downTime=84545132, deviceId=0, source=0x1002 }
12-19 16:29:27.401 24810 24810 D AndroidRuntime: Shutting down VM
12-19 16:29:27.478  1783  1783 W InputConnectionWrapper: Fixing selection indices to 0, 0
12-19 16:29:27.533 21856 22410 W native  : jpeg_io.cc:108 File's first two bytes does not match the sequence ÿ216
12-19 16:29:27.558  1795  2043 D EGL_emulation: eglMakeCurrent: 0x7f1531c3aaa0: ver 3 0 (tinfo 0x7f1531c0d840)
12-19 16:29:27.578  1432  1432 D gralloc_ranchu: gralloc_alloc: Creating ashmem region of size 8024064
12-19 16:29:27.587  1432  1432 I chatty  : uid=1000(system) allocator@2.0-s identical 1 line
12-19 16:29:27.593  1432  1432 D gralloc_ranchu: gralloc_alloc: Creating ashmem region of size 8024064
12-19 16:29:27.703 22997 23018 D EGL_emulation: eglMakeCurrent: 0x7f152f05cca0: ver 3 0 (tinfo 0x7f152f0be540)
12-19 16:29:27.786  1783 14657 D EGL_emulation: eglMakeCurrent: 0x7f153b3d2880: ver 3 0 (tinfo 0x7f152f584b80)
12-19 16:29:27.941 24828 24828 D AndroidRuntime: >>>>>> START com.android.internal.os.RuntimeInit uid 2000 <<<<<<
12-19 16:29:28.092 24828 24828 W app_process: Unexpected CPU variant for X86 using defaults: x86_64
12-19 16:29:28.117 24828 24828 D AndroidRuntime: Calling main entry com.android.commands.input.Input
12-19 16:29:28.118 24828 24828 I Input   : injectKeyEvent: KeyEvent { action=ACTION_DOWN, keyCode=KEYCODE_ESCAPE, scanCode=0, metaState=0, flags=0x0, repeatCount=0, eventTime=84545863, downTime=84545863, deviceId=-1, source=0x101 }
12-19 16:29:28.127 24828 24828 I Input   : injectKeyEvent: KeyEvent { action=ACTION_UP, keyCode=KEYCODE_ESCAPE, scanCode=0, metaState=0, flags=0x0, repeatCount=0, eventTime=84545863, downTime=84545863, deviceId=-1, source=0x101 }
12-19 16:29:28.144 22997 23018 D EGL_emulation: eglMakeCurrent: 0x7f152f05cca0: ver 3 0 (tinfo 0x7f152f0be540)
12-19 16:29:28.161  1783 14657 D EGL_emulation: eglMakeCurrent: 0x7f153b3d2880: ver 3 0 (tinfo 0x7f152f584b80)
12-19 16:29:28.176 24828 24828 D AndroidRuntime: Shutting down VM
12-19 16:29:28.194  1783 24839 W DynamicPruner: getPruneRequest() : Unexpected LM type: 4
12-19 16:29:28.201  1783 24839 E IcingDataProcessor: getCorpusHandlesRegisteredForIME call failed: Status{statusCode=API Disabled, resolution=null}
12-19 16:29:28.237 22997 23018 D EGL_emulation: eglMakeCurrent: 0x7f152f05cca0: ver 3 0 (tinfo 0x7f152f0be540)
12-19 16:29:28.302  1677  1686 I zygote64: Background concurrent copying GC freed 18417(1236KB) AllocSpace objects, 13(260KB) LOS objects, 25% free, 17MB/23MB, paused 5.028ms total 167.193ms
12-19 16:29:28.639 22997 23018 D EGL_emulation: eglMakeCurrent: 0x7f152f05cca0: ver 3 0 (tinfo 0x7f152f0be540)
12-19 16:29:28.982 24848 24848 D AndroidRuntime: >>>>>> START com.android.internal.os.RuntimeInit uid 2000 <<<<<<
12-19 16:29:29.083 24848 24848 W app_process: Unexpected CPU variant for X86 using defaults: x86_64
12-19 16:29:29.100 24848 24848 D AndroidRuntime: Calling main entry com.android.commands.input.Input
12-19 16:29:29.102 24848 24848 I Input   : injectKeyEvent: KeyEvent { action=ACTION_DOWN, keyCode=KEYCODE_MOVE_END, scanCode=0, metaState=0, flags=0x0, repeatCount=0, eventTime=84546846, downTime=84546846, deviceId=-1, source=0x101 }
12-19 16:29:29.106 24848 24848 I Input   : injectKeyEvent: KeyEvent { action=ACTION_UP, keyCode=KEYCODE_MOVE_END, scanCode=0, metaState=0, flags=0x0, repeatCount=0, eventTime=84546846, downTime=84546846, deviceId=-1, source=0x101 }
12-19 16:29:29.107 24848 24848 D AndroidRuntime: Shutting down VM
12-19 16:29:29.283 24858 24858 D AndroidRuntime: >>>>>> START com.android.internal.os.RuntimeInit uid 2000 <<<<<<
12-19 16:29:29.321 24858 24858 W app_process: Unexpected CPU variant for X86 using defaults: x86_64
12-19 16:29:29.340 24858 24858 D AndroidRuntime: Calling main entry com.android.commands.input.Input
12-19 16:29:29.340 24858 24858 I Input   : injectKeyEvent: KeyEvent { action=ACTION_DOWN, keyCode=KEYCODE_DEL, scanCode=0, metaState=0, flags=0x0, repeatCount=0, eventTime=84547085, downTime=84547085, deviceId=-1, source=0x101 }
12-19 16:29:29.344 24858 24858 I Input   : injectKeyEvent: KeyEvent { action=ACTION_UP, keyCode=KEYCODE_DEL, scanCode=0, metaState=0, flags=0x0, repeatCount=0, eventTime=84547085, downTime=84547085, deviceId=-1, source=0x101 }
12-19 16:29:29.346 24858 24858 I Input   : injectKeyEvent: KeyEvent { action=ACTION_DOWN, keyCode=KEYCODE_DEL, scanCode=0, metaState=0, flags=0x0, repeatCount=0, eventTime=84547091, downTime=84547091, deviceId=-1, source=0x101 }
12-19 16:29:29.348 24858 24858 I Input   : injectKeyEvent: KeyEvent { action=ACTION_UP, keyCode=KEYCODE_DEL, scanCode=0, metaState=0, flags=0x0, repeatCount=0, eventTime=84547091, downTime=84547091, deviceId=-1, source=0x101 }
12-19 16:29:29.349 24858 24858 I Input   : injectKeyEvent: KeyEvent { action=ACTION_DOWN, keyCode=KEYCODE_DEL, scanCode=0, metaState=0, flags=0x0, repeatCount=0, eventTime=84547094, downTime=84547094, deviceId=-1, source=0x101 }
12-19 16:29:29.350 24858 24858 I Input   : injectKeyEvent: KeyEvent { action=ACTION_UP, keyCode=KEYCODE_DEL, scanCode=0, metaState=0, flags=0x0, repeatCount=0, eventTime=84547094, downTime=84547094, deviceId=-1, source=0x101 }
12-19 16:29:29.351 24858 24858 I Input   : injectKeyEvent: KeyEvent { action=ACTION_DOWN, keyCode=KEYCODE_DEL, scanCode=0, metaState=0, flags=0x0, repeatCount=0, eventTime=84547096, downTime=84547096, deviceId=-1, source=0x101 }
12-19 16:29:29.353 24858 24858 I Input   : injectKeyEvent: KeyEvent { action=ACTION_UP, keyCode=KEYCODE_DEL, scanCode=0, metaState=0, flags=0x0, repeatCount=0, eventTime=84547096, downTime=84547096, deviceId=-1, source=0x101 }
12-19 16:29:29.354 24858 24858 I Input   : injectKeyEvent: KeyEvent { action=ACTION_DOWN, keyCode=KEYCODE_DEL, scanCode=0, metaState=0, flags=0x0, repeatCount=0, eventTime=84547099, downTime=84547099, deviceId=-1, source=0x101 }
12-19 16:29:29.355 24858 24858 I Input   : injectKeyEvent: KeyEvent { action=ACTION_UP, keyCode=KEYCODE_DEL, scanCode=0, metaState=0, flags=0x0, repeatCount=0, eventTime=84547099, downTime=84547099, deviceId=-1, source=0x101 }
12-19 16:29:29.356 24858 24858 I Input   : injectKeyEvent: KeyEvent { action=ACTION_DOWN, keyCode=KEYCODE_DEL, scanCode=0, metaState=0, flags=0x0, repeatCount=0, eventTime=84547101, downTime=84547101, deviceId=-1, source=0x101 }
12-19 16:29:29.357 24858 24858 I Input   : injectKeyEvent: KeyEvent { action=ACTION_UP, keyCode=KEYCODE_DEL, scanCode=0, metaState=0, flags=0x0, repeatCount=0, eventTime=84547101, downTime=84547101, deviceId=-1, source=0x101 }
12-19 16:29:29.358 24858 24858 I Input   : injectKeyEvent: KeyEvent { action=ACTION_DOWN, keyCode=KEYCODE_DEL, scanCode=0, metaState=0, flags=0x0, repeatCount=0, eventTime=84547103, downTime=84547103, deviceId=-1, source=0x101 }
12-19 16:29:29.360 24858 24858 I Input   : injectKeyEvent: KeyEvent { action=ACTION_UP, keyCode=KEYCODE_DEL, scanCode=0, metaState=0, flags=0x0, repeatCount=0, eventTime=84547103, downTime=84547103, deviceId=-1, source=0x101 }
12-19 16:29:29.360 24858 24858 I Input   : injectKeyEvent: KeyEvent { action=ACTION_DOWN, keyCode=KEYCODE_DEL, scanCode=0, metaState=0, flags=0x0, repeatCount=0, eventTime=84547105, downTime=84547105, deviceId=-1, source=0x101 }
12-19 16:29:29.361 24858 24858 I Input   : injectKeyEvent: KeyEvent { action=ACTION_UP, keyCode=KEYCODE_DEL, scanCode=0, metaState=0, flags=0x0, repeatCount=0, eventTime=84547105, downTime=84547105, deviceId=-1, source=0x101 }
12-19 16:29:29.363 24858 24858 I Input   : injectKeyEvent: KeyEvent { action=ACTION_DOWN, keyCode=KEYCODE_DEL, scanCode=0, metaState=0, flags=0x0, repeatCount=0, eventTime=84547108, downTime=84547108, deviceId=-1, source=0x101 }
12-19 16:29:29.364 24858 24858 I Input   : injectKeyEvent: KeyEvent { action=ACTION_UP, keyCode=KEYCODE_DEL, scanCode=0, metaState=0, flags=0x0, repeatCount=0, eventTime=84547108, downTime=84547108, deviceId=-1, source=0x101 }
12-19 16:29:29.366 24858 24858 I Input   : injectKeyEvent: KeyEvent { action=ACTION_DOWN, keyCode=KEYCODE_DEL, scanCode=0, metaState=0, flags=0x0, repeatCount=0, eventTime=84547111, downTime=84547111, deviceId=-1, source=0x101 }
12-19 16:29:29.368 24858 24858 I Input   : injectKeyEvent: KeyEvent { action=ACTION_UP, keyCode=KEYCODE_DEL, scanCode=0, metaState=0, flags=0x0, repeatCount=0, eventTime=84547111, downTime=84547111, deviceId=-1, source=0x101 }
12-19 16:29:29.369 24858 24858 I Input   : injectKeyEvent: KeyEvent { action=ACTION_DOWN, keyCode=KEYCODE_DEL, scanCode=0, metaState=0, flags=0x0, repeatCount=0, eventTime=84547114, downTime=84547114, deviceId=-1, source=0x101 }
12-19 16:29:29.371 24858 24858 I Input   : injectKeyEvent: KeyEvent { action=ACTION_UP, keyCode=KEYCODE_DEL, scanCode=0, metaState=0, flags=0x0, repeatCount=0, eventTime=84547114, downTime=84547114, deviceId=-1, source=0x101 }
12-19 16:29:29.373 24858 24858 I Input   : injectKeyEvent: KeyEvent { action=ACTION_DOWN, keyCode=KEYCODE_DEL, scanCode=0, metaState=0, flags=0x0, repeatCount=0, eventTime=84547118, downTime=84547118, deviceId=-1, source=0x101 }
12-19 16:29:29.375 24858 24858 I Input   : injectKeyEvent: KeyEvent { action=ACTION_UP, keyCode=KEYCODE_DEL, scanCode=0, metaState=0, flags=0x0, repeatCount=0, eventTime=84547118, downTime=84547118, deviceId=-1, source=0x101 }
12-19 16:29:29.377 24858 24858 I Input   : injectKeyEvent: KeyEvent { action=ACTION_DOWN, keyCode=KEYCODE_DEL, scanCode=0, metaState=0, flags=0x0, repeatCount=0, eventTime=84547122, downTime=84547122, deviceId=-1, source=0x101 }
12-19 16:29:29.378 24858 24858 I Input   : injectKeyEvent: KeyEvent { action=ACTION_UP, keyCode=KEYCODE_DEL, scanCode=0, metaState=0, flags=0x0, repeatCount=0, eventTime=84547122, downTime=84547122, deviceId=-1, source=0x101 }
12-19 16:29:29.380 24858 24858 I Input   : injectKeyEvent: KeyEvent { action=ACTION_DOWN, keyCode=KEYCODE_DEL, scanCode=0, metaState=0, flags=0x0, repeatCount=0, eventTime=84547125, downTime=84547125, deviceId=-1, source=0x101 }
12-19 16:29:29.382 24858 24858 I Input   : injectKeyEvent: KeyEvent { action=ACTION_UP, keyCode=KEYCODE_DEL, scanCode=0, metaState=0, flags=0x0, repeatCount=0, eventTime=84547125, downTime=84547125, deviceId=-1, source=0x101 }
12-19 16:29:29.384 24858 24858 I Input   : injectKeyEvent: KeyEvent { action=ACTION_DOWN, keyCode=KEYCODE_DEL, scanCode=0, metaState=0, flags=0x0, repeatCount=0, eventTime=84547129, downTime=84547129, deviceId=-1, source=0x101 }
12-19 16:29:29.386 24858 24858 I Input   : injectKeyEvent: KeyEvent { action=ACTION_UP, keyCode=KEYCODE_DEL, scanCode=0, metaState=0, flags=0x0, repeatCount=0, eventTime=84547129, downTime=84547129, deviceId=-1, source=0x101 }
12-19 16:29:29.387 24858 24858 I Input   : injectKeyEvent: KeyEvent { action=ACTION_DOWN, keyCode=KEYCODE_DEL, scanCode=0, metaState=0, flags=0x0, repeatCount=0, eventTime=84547132, downTime=84547132, deviceId=-1, source=0x101 }
12-19 16:29:29.389 24858 24858 I Input   : injectKeyEvent: KeyEvent { action=ACTION_UP, keyCode=KEYCODE_DEL, scanCode=0, metaState=0, flags=0x0, repeatCount=0, eventTime=84547132, downTime=84547132, deviceId=-1, source=0x101 }
12-19 16:29:29.391 24858 24858 I Input   : injectKeyEvent: KeyEvent { action=ACTION_DOWN, keyCode=KEYCODE_DEL, scanCode=0, metaState=0, flags=0x0, repeatCount=0, eventTime=84547136, downTime=84547136, deviceId=-1, source=0x101 }
12-19 16:29:29.392 24858 24858 I Input   : injectKeyEvent: KeyEvent { action=ACTION_UP, keyCode=KEYCODE_DEL, scanCode=0, metaState=0, flags=0x0, repeatCount=0, eventTime=84547136, downTime=84547136, deviceId=-1, source=0x101 }
12-19 16:29:29.394 24858 24858 I Input   : injectKeyEvent: KeyEvent { action=ACTION_DOWN, keyCode=KEYCODE_DEL, scanCode=0, metaState=0, flags=0x0, repeatCount=0, eventTime=84547139, downTime=84547139, deviceId=-1, source=0x101 }
12-19 16:29:29.396 24858 24858 I Input   : injectKeyEvent: KeyEvent { action=ACTION_UP, keyCode=KEYCODE_DEL, scanCode=0, metaState=0, flags=0x0, repeatCount=0, eventTime=84547139, downTime=84547139, deviceId=-1, source=0x101 }
12-19 16:29:29.398 24858 24858 I Input   : injectKeyEvent: KeyEvent { action=ACTION_DOWN, keyCode=KEYCODE_DEL, scanCode=0, metaState=0, flags=0x0, repeatCount=0, eventTime=84547143, downTime=84547143, deviceId=-1, source=0x101 }
12-19 16:29:29.400 24858 24858 I Input   : injectKeyEvent: KeyEvent { action=ACTION_UP, keyCode=KEYCODE_DEL, scanCode=0, metaState=0, flags=0x0, repeatCount=0, eventTime=84547143, downTime=84547143, deviceId=-1, source=0x101 }
12-19 16:29:29.402 24858 24858 I Input   : injectKeyEvent: KeyEvent { action=ACTION_DOWN, keyCode=KEYCODE_DEL, scanCode=0, metaState=0, flags=0x0, repeatCount=0, eventTime=84547147, downTime=84547147, deviceId=-1, source=0x101 }
12-19 16:29:29.403 24858 24858 I Input   : injectKeyEvent: KeyEvent { action=ACTION_UP, keyCode=KEYCODE_DEL, scanCode=0, metaState=0, flags=0x0, repeatCount=0, eventTime=84547147, downTime=84547147, deviceId=-1, source=0x101 }
12-19 16:29:29.405 24858 24858 I Input   : injectKeyEvent: KeyEvent { action=ACTION_DOWN, keyCode=KEYCODE_DEL, scanCode=0, metaState=0, flags=0x0, repeatCount=0, eventTime=84547150, downTime=84547150, deviceId=-1, source=0x101 }
12-19 16:29:29.407 24858 24858 I Input   : injectKeyEvent: KeyEvent { action=ACTION_UP, keyCode=KEYCODE_DEL, scanCode=0, metaState=0, flags=0x0, repeatCount=0, eventTime=84547150, downTime=84547150, deviceId=-1, source=0x101 }
12-19 16:29:29.409 24858 24858 I Input   : injectKeyEvent: KeyEvent { action=ACTION_DOWN, keyCode=KEYCODE_DEL, scanCode=0, metaState=0, flags=0x0, repeatCount=0, eventTime=84547154, downTime=84547154, deviceId=-1, source=0x101 }
12-19 16:29:29.411 24858 24858 I Input   : injectKeyEvent: KeyEvent { action=ACTION_UP, keyCode=KEYCODE_DEL, scanCode=0, metaState=0, flags=0x0, repeatCount=0, eventTime=84547154, downTime=84547154, deviceId=-1, source=0x101 }
12-19 16:29:29.413 24858 24858 I Input   : injectKeyEvent: KeyEvent { action=ACTION_DOWN, keyCode=KEYCODE_DEL, scanCode=0, metaState=0, flags=0x0, repeatCount=0, eventTime=84547158, downTime=84547158, deviceId=-1, source=0x101 }
12-19 16:29:29.415 24858 24858 I Input   : injectKeyEvent: KeyEvent { action=ACTION_UP, keyCode=KEYCODE_DEL, scanCode=0, metaState=0, flags=0x0, repeatCount=0, eventTime=84547158, downTime=84547158, deviceId=-1, source=0x101 }
12-19 16:29:29.416 24858 24858 I Input   : injectKeyEvent: KeyEvent { action=ACTION_DOWN, keyCode=KEYCODE_DEL, scanCode=0, metaState=0, flags=0x0, repeatCount=0, eventTime=84547161, downTime=84547161, deviceId=-1, source=0x101 }
12-19 16:29:29.419 24858 24858 I Input   : injectKeyEvent: KeyEvent { action=ACTION_UP, keyCode=KEYCODE_DEL, scanCode=0, metaState=0, flags=0x0, repeatCount=0, eventTime=84547161, downTime=84547161, deviceId=-1, source=0x101 }
12-19 16:29:29.420 24858 24858 I Input   : injectKeyEvent: KeyEvent { action=ACTION_DOWN, keyCode=KEYCODE_DEL, scanCode=0, metaState=0, flags=0x0, repeatCount=0, eventTime=84547165, downTime=84547165, deviceId=-1, source=0x101 }
12-19 16:29:29.422 24858 24858 I Input   : injectKeyEvent: KeyEvent { action=ACTION_UP, keyCode=KEYCODE_DEL, scanCode=0, metaState=0, flags=0x0, repeatCount=0, eventTime=84547165, downTime=84547165, deviceId=-1, source=0x101 }
12-19 16:29:29.424 24858 24858 I Input   : injectKeyEvent: KeyEvent { action=ACTION_DOWN, keyCode=KEYCODE_DEL, scanCode=0, metaState=0, flags=0x0, repeatCount=0, eventTime=84547169, downTime=84547169, deviceId=-1, source=0x101 }
12-19 16:29:29.426 24858 24858 I Input   : injectKeyEvent: KeyEvent { action=ACTION_UP, keyCode=KEYCODE_DEL, scanCode=0, metaState=0, flags=0x0, repeatCount=0, eventTime=84547169, downTime=84547169, deviceId=-1, source=0x101 }
12-19 16:29:29.428 24858 24858 I Input   : injectKeyEvent: KeyEvent { action=ACTION_DOWN, keyCode=KEYCODE_DEL, scanCode=0, metaState=0, flags=0x0, repeatCount=0, eventTime=84547173, downTime=84547173, deviceId=-1, source=0x101 }
12-19 16:29:29.429 24858 24858 I Input   : injectKeyEvent: KeyEvent { action=ACTION_UP, keyCode=KEYCODE_DEL, scanCode=0, metaState=0, flags=0x0, repeatCount=0, eventTime=84547173, downTime=84547173, deviceId=-1, source=0x101 }
12-19 16:29:29.430 24858 24858 I Input   : injectKeyEvent: KeyEvent { action=ACTION_DOWN, keyCode=KEYCODE_DEL, scanCode=0, metaState=0, flags=0x0, repeatCount=0, eventTime=84547175, downTime=84547175, deviceId=-1, source=0x101 }
12-19 16:29:29.432 24858 24858 I Input   : injectKeyEvent: KeyEvent { action=ACTION_UP, keyCode=KEYCODE_DEL, scanCode=0, metaState=0, flags=0x0, repeatCount=0, eventTime=84547175, downTime=84547175, deviceId=-1, source=0x101 }
12-19 16:29:29.434 24858 24858 I Input   : injectKeyEvent: KeyEvent { action=ACTION_DOWN, keyCode=KEYCODE_DEL, scanCode=0, metaState=0, flags=0x0, repeatCount=0, eventTime=84547179, downTime=84547179, deviceId=-1, source=0x101 }
12-19 16:29:29.435 24858 24858 I Input   : injectKeyEvent: KeyEvent { action=ACTION_UP, keyCode=KEYCODE_DEL, scanCode=0, metaState=0, flags=0x0, repeatCount=0, eventTime=84547179, downTime=84547179, deviceId=-1, source=0x101 }
12-19 16:29:29.437 24858 24858 I Input   : injectKeyEvent: KeyEvent { action=ACTION_DOWN, keyCode=KEYCODE_DEL, scanCode=0, metaState=0, flags=0x0, repeatCount=0, eventTime=84547182, downTime=84547182, deviceId=-1, source=0x101 }
12-19 16:29:29.438 24858 24858 I Input   : injectKeyEvent: KeyEvent { action=ACTION_UP, keyCode=KEYCODE_DEL, scanCode=0, metaState=0, flags=0x0, repeatCount=0, eventTime=84547182, downTime=84547182, deviceId=-1, source=0x101 }
12-19 16:29:29.440 24858 24858 I Input   : injectKeyEvent: KeyEvent { action=ACTION_DOWN, keyCode=KEYCODE_DEL, scanCode=0, metaState=0, flags=0x0, repeatCount=0, eventTime=84547185, downTime=84547185, deviceId=-1, source=0x101 }
12-19 16:29:29.442 24858 24858 I Input   : injectKeyEvent: KeyEvent { action=ACTION_UP, keyCode=KEYCODE_DEL, scanCode=0, metaState=0, flags=0x0, repeatCount=0, eventTime=84547185, downTime=84547185, deviceId=-1, source=0x101 }
12-19 16:29:29.443 24858 24858 I Input   : injectKeyEvent: KeyEvent { action=ACTION_DOWN, keyCode=KEYCODE_DEL, scanCode=0, metaState=0, flags=0x0, repeatCount=0, eventTime=84547188, downTime=84547188, deviceId=-1, source=0x101 }
12-19 16:29:29.445 24858 24858 I Input   : injectKeyEvent: KeyEvent { action=ACTION_UP, keyCode=KEYCODE_DEL, scanCode=0, metaState=0, flags=0x0, repeatCount=0, eventTime=84547188, downTime=84547188, deviceId=-1, source=0x101 }
12-19 16:29:29.447 24858 24858 I Input   : injectKeyEvent: KeyEvent { action=ACTION_DOWN, keyCode=KEYCODE_DEL, scanCode=0, metaState=0, flags=0x0, repeatCount=0, eventTime=84547192, downTime=84547192, deviceId=-1, source=0x101 }
12-19 16:29:29.448 24858 24858 I Input   : injectKeyEvent: KeyEvent { action=ACTION_UP, keyCode=KEYCODE_DEL, scanCode=0, metaState=0, flags=0x0, repeatCount=0, eventTime=84547192, downTime=84547192, deviceId=-1, source=0x101 }
12-19 16:29:29.450 24858 24858 I Input   : injectKeyEvent: KeyEvent { action=ACTION_DOWN, keyCode=KEYCODE_DEL, scanCode=0, metaState=0, flags=0x0, repeatCount=0, eventTime=84547195, downTime=84547195, deviceId=-1, source=0x101 }
12-19 16:29:29.451 24858 24858 I Input   : injectKeyEvent: KeyEvent { action=ACTION_UP, keyCode=KEYCODE_DEL, scanCode=0, metaState=0, flags=0x0, repeatCount=0, eventTime=84547195, downTime=84547195, deviceId=-1, source=0x101 }
12-19 16:29:29.452 24858 24858 I Input   : injectKeyEvent: KeyEvent { action=ACTION_DOWN, keyCode=KEYCODE_DEL, scanCode=0, metaState=0, flags=0x0, repeatCount=0, eventTime=84547197, downTime=84547197, deviceId=-1, source=0x101 }
12-19 16:29:29.454 24858 24858 I Input   : injectKeyEvent: KeyEvent { action=ACTION_UP, keyCode=KEYCODE_DEL, scanCode=0, metaState=0, flags=0x0, repeatCount=0, eventTime=84547197, downTime=84547197, deviceId=-1, source=0x101 }
12-19 16:29:29.456 24858 24858 I Input   : injectKeyEvent: KeyEvent { action=ACTION_DOWN, keyCode=KEYCODE_DEL, scanCode=0, metaState=0, flags=0x0, repeatCount=0, eventTime=84547201, downTime=84547201, deviceId=-1, source=0x101 }
12-19 16:29:29.458 24858 24858 I Input   : injectKeyEvent: KeyEvent { action=ACTION_UP, keyCode=KEYCODE_DEL, scanCode=0, metaState=0, flags=0x0, repeatCount=0, eventTime=84547201, downTime=84547201, deviceId=-1, source=0x101 }
12-19 16:29:29.459 24858 24858 I Input   : injectKeyEvent: KeyEvent { action=ACTION_DOWN, keyCode=KEYCODE_DEL, scanCode=0, metaState=0, flags=0x0, repeatCount=0, eventTime=84547204, downTime=84547204, deviceId=-1, source=0x101 }
12-19 16:29:29.461 24858 24858 I Input   : injectKeyEvent: KeyEvent { action=ACTION_UP, keyCode=KEYCODE_DEL, scanCode=0, metaState=0, flags=0x0, repeatCount=0, eventTime=84547204, downTime=84547204, deviceId=-1, source=0x101 }
12-19 16:29:29.462 24858 24858 I Input   : injectKeyEvent: KeyEvent { action=ACTION_DOWN, keyCode=KEYCODE_DEL, scanCode=0, metaState=0, flags=0x0, repeatCount=0, eventTime=84547207, downTime=84547207, deviceId=-1, source=0x101 }
12-19 16:29:29.464 24858 24858 I Input   : injectKeyEvent: KeyEvent { action=ACTION_UP, keyCode=KEYCODE_DEL, scanCode=0, metaState=0, flags=0x0, repeatCount=0, eventTime=84547207, downTime=84547207, deviceId=-1, source=0x101 }
12-19 16:29:29.465 24858 24858 I Input   : injectKeyEvent: KeyEvent { action=ACTION_DOWN, keyCode=KEYCODE_DEL, scanCode=0, metaState=0, flags=0x0, repeatCount=0, eventTime=84547210, downTime=84547210, deviceId=-1, source=0x101 }
12-19 16:29:29.467 24858 24858 I Input   : injectKeyEvent: KeyEvent { action=ACTION_UP, keyCode=KEYCODE_DEL, scanCode=0, metaState=0, flags=0x0, repeatCount=0, eventTime=84547210, downTime=84547210, deviceId=-1, source=0x101 }
12-19 16:29:29.468 24858 24858 I Input   : injectKeyEvent: KeyEvent { action=ACTION_DOWN, keyCode=KEYCODE_DEL, scanCode=0, metaState=0, flags=0x0, repeatCount=0, eventTime=84547213, downTime=84547213, deviceId=-1, source=0x101 }
12-19 16:29:29.470 24858 24858 I Input   : injectKeyEvent: KeyEvent { action=ACTION_UP, keyCode=KEYCODE_DEL, scanCode=0, metaState=0, flags=0x0, repeatCount=0, eventTime=84547213, downTime=84547213, deviceId=-1, source=0x101 }
12-19 16:29:29.471 24858 24858 I Input   : injectKeyEvent: KeyEvent { action=ACTION_DOWN, keyCode=KEYCODE_DEL, scanCode=0, metaState=0, flags=0x0, repeatCount=0, eventTime=84547216, downTime=84547216, deviceId=-1, source=0x101 }
12-19 16:29:29.473 24858 24858 I Input   : injectKeyEvent: KeyEvent { action=ACTION_UP, keyCode=KEYCODE_DEL, scanCode=0, metaState=0, flags=0x0, repeatCount=0, eventTime=84547216, downTime=84547216, deviceId=-1, source=0x101 }
12-19 16:29:29.475 24858 24858 I Input   : injectKeyEvent: KeyEvent { action=ACTION_DOWN, keyCode=KEYCODE_DEL, scanCode=0, metaState=0, flags=0x0, repeatCount=0, eventTime=84547220, downTime=84547220, deviceId=-1, source=0x101 }
12-19 16:29:29.476 24858 24858 I Input   : injectKeyEvent: KeyEvent { action=ACTION_UP, keyCode=KEYCODE_DEL, scanCode=0, metaState=0, flags=0x0, repeatCount=0, eventTime=84547220, downTime=84547220, deviceId=-1, source=0x101 }
12-19 16:29:29.478 24858 24858 I Input   : injectKeyEvent: KeyEvent { action=ACTION_DOWN, keyCode=KEYCODE_DEL, scanCode=0, metaState=0, flags=0x0, repeatCount=0, eventTime=84547223, downTime=84547223, deviceId=-1, source=0x101 }
12-19 16:29:29.479 24858 24858 I Input   : injectKeyEvent: KeyEvent { action=ACTION_UP, keyCode=KEYCODE_DEL, scanCode=0, metaState=0, flags=0x0, repeatCount=0, eventTime=84547223, downTime=84547223, deviceId=-1, source=0x101 }
12-19 16:29:29.480 24858 24858 I Input   : injectKeyEvent: KeyEvent { action=ACTION_DOWN, keyCode=KEYCODE_DEL, scanCode=0, metaState=0, flags=0x0, repeatCount=0, eventTime=84547225, downTime=84547225, deviceId=-1, source=0x101 }
12-19 16:29:29.482 24858 24858 I Input   : injectKeyEvent: KeyEvent { action=ACTION_UP, keyCode=KEYCODE_DEL, scanCode=0, metaState=0, flags=0x0, repeatCount=0, eventTime=84547225, downTime=84547225, deviceId=-1, source=0x101 }
12-19 16:29:29.484 24858 24858 I Input   : injectKeyEvent: KeyEvent { action=ACTION_DOWN, keyCode=KEYCODE_DEL, scanCode=0, metaState=0, flags=0x0, repeatCount=0, eventTime=84547229, downTime=84547229, deviceId=-1, source=0x101 }
12-19 16:29:29.485 24858 24858 I Input   : injectKeyEvent: KeyEvent { action=ACTION_UP, keyCode=KEYCODE_DEL, scanCode=0, metaState=0, flags=0x0, repeatCount=0, eventTime=84547229, downTime=84547229, deviceId=-1, source=0x101 }
12-19 16:29:29.487 24858 24858 I Input   : injectKeyEvent: KeyEvent { action=ACTION_DOWN, keyCode=KEYCODE_DEL, scanCode=0, metaState=0, flags=0x0, repeatCount=0, eventTime=84547232, downTime=84547232, deviceId=-1, source=0x101 }
12-19 16:29:29.488 24858 24858 I Input   : injectKeyEvent: KeyEvent { action=ACTION_UP, keyCode=KEYCODE_DEL, scanCode=0, metaState=0, flags=0x0, repeatCount=0, eventTime=84547232, downTime=84547232, deviceId=-1, source=0x101 }
12-19 16:29:29.490 24858 24858 I Input   : injectKeyEvent: KeyEvent { action=ACTION_DOWN, keyCode=KEYCODE_DEL, scanCode=0, metaState=0, flags=0x0, repeatCount=0, eventTime=84547235, downTime=84547235, deviceId=-1, source=0x101 }
12-19 16:29:29.491 24858 24858 I Input   : injectKeyEvent: KeyEvent { action=ACTION_UP, keyCode=KEYCODE_DEL, scanCode=0, metaState=0, flags=0x0, repeatCount=0, eventTime=84547235, downTime=84547235, deviceId=-1, source=0x101 }
12-19 16:29:29.493 24858 24858 I Input   : injectKeyEvent: KeyEvent { action=ACTION_DOWN, keyCode=KEYCODE_DEL, scanCode=0, metaState=0, flags=0x0, repeatCount=0, eventTime=84547238, downTime=84547238, deviceId=-1, source=0x101 }
12-19 16:29:29.494 24858 24858 I Input   : injectKeyEvent: KeyEvent { action=ACTION_UP, keyCode=KEYCODE_DEL, scanCode=0, metaState=0, flags=0x0, repeatCount=0, eventTime=84547238, downTime=84547238, deviceId=-1, source=0x101 }
12-19 16:29:29.496 24858 24858 I Input   : injectKeyEvent: KeyEvent { action=ACTION_DOWN, keyCode=KEYCODE_DEL, scanCode=0, metaState=0, flags=0x0, repeatCount=0, eventTime=84547241, downTime=84547241, deviceId=-1, source=0x101 }
12-19 16:29:29.497 24858 24858 I Input   : injectKeyEvent: KeyEvent { action=ACTION_UP, keyCode=KEYCODE_DEL, scanCode=0, metaState=0, flags=0x0, repeatCount=0, eventTime=84547241, downTime=84547241, deviceId=-1, source=0x101 }
12-19 16:29:29.499 24858 24858 I Input   : injectKeyEvent: KeyEvent { action=ACTION_DOWN, keyCode=KEYCODE_DEL, scanCode=0, metaState=0, flags=0x0, repeatCount=0, eventTime=84547244, downTime=84547244, deviceId=-1, source=0x101 }
12-19 16:29:29.500 24858 24858 I Input   : injectKeyEvent: KeyEvent { action=ACTION_UP, keyCode=KEYCODE_DEL, scanCode=0, metaState=0, flags=0x0, repeatCount=0, eventTime=84547244, downTime=84547244, deviceId=-1, source=0x101 }
12-19 16:29:29.502 24858 24858 D AndroidRuntime: Shutting down VM
12-19 16:29:29.681 24868 24868 D AndroidRuntime: >>>>>> START com.android.internal.os.RuntimeInit uid 2000 <<<<<<
12-19 16:29:29.744 24868 24868 W app_process: Unexpected CPU variant for X86 using defaults: x86_64
12-19 16:29:29.769 24868 24868 D AndroidRuntime: Calling main entry com.android.commands.input.Input
12-19 16:29:29.772 24868 24868 I Input   : injectKeyEvent: KeyEvent { action=ACTION_DOWN, keyCode=KEYCODE_N, scanCode=0, metaState=0, flags=0x0, repeatCount=0, eventTime=84547516, downTime=84547516, deviceId=-1, source=0x101 }
12-19 16:29:29.776 24868 24868 I Input   : injectKeyEvent: KeyEvent { action=ACTION_UP, keyCode=KEYCODE_N, scanCode=0, metaState=0, flags=0x0, repeatCount=0, eventTime=84547516, downTime=84547516, deviceId=-1, source=0x101 }
12-19 16:29:29.778  1783  1783 W InputConnectionWrapper: Fixing selection indices to 0, 0
12-19 16:29:29.786  1783 14697 I native  : fst-android-decoder.cc:789 Spatial model version: NSM_5
12-19 16:29:29.803  1783  1783 I native  : input-context-store.cc:113 Using roll back input context operation: [DecodeTouch] reason: client [1051] vs decoder [1052]
12-19 16:29:29.816 24868 24868 I Input   : injectKeyEvent: KeyEvent { action=ACTION_DOWN, keyCode=KEYCODE_U, scanCode=0, metaState=0, flags=0x0, repeatCount=0, eventTime=84547516, downTime=84547516, deviceId=-1, source=0x101 }
12-19 16:29:29.826  1432  1432 D gralloc_ranchu: gralloc_alloc: Creating ashmem region of size 8024064
12-19 16:29:29.835  1432  1432 I chatty  : uid=1000(system) allocator@2.0-s identical 1 line
12-19 16:29:29.842  1432  1432 D gralloc_ranchu: gralloc_alloc: Creating ashmem region of size 8024064
12-19 16:29:29.877  1783  1783 W InputContext: Ignore stale [FetchSuggestions] diff id:1052 with requestId:5<8
12-19 16:29:29.878 24868 24868 I Input   : injectKeyEvent: KeyEvent { action=ACTION_UP, keyCode=KEYCODE_U, scanCode=0, metaState=0, flags=0x0, repeatCount=0, eventTime=84547516, downTime=84547516, deviceId=-1, source=0x101 }
12-19 16:29:29.881 24868 24868 I Input   : injectKeyEvent: KeyEvent { action=ACTION_DOWN, keyCode=KEYCODE_L, scanCode=0, metaState=0, flags=0x0, repeatCount=0, eventTime=84547516, downTime=84547516, deviceId=-1, source=0x101 }
12-19 16:29:29.883 24868 24868 I Input   : injectKeyEvent: KeyEvent { action=ACTION_UP, keyCode=KEYCODE_L, scanCode=0, metaState=0, flags=0x0, repeatCount=0, eventTime=84547516, downTime=84547516, deviceId=-1, source=0x101 }
12-19 16:29:29.886 24868 24868 I Input   : injectKeyEvent: KeyEvent { action=ACTION_DOWN, keyCode=KEYCODE_L, scanCode=0, metaState=0, flags=0x0, repeatCount=0, eventTime=84547516, downTime=84547516, deviceId=-1, source=0x101 }
12-19 16:29:29.894  1783 14657 D EGL_emulation: eglMakeCurrent: 0x7f153b3d2880: ver 3 0 (tinfo 0x7f152f584b80)
12-19 16:29:29.904  1783 14697 I native  : input-context-store.cc:138 Ignoring stale client request for FetchSuggestions
12-19 16:29:29.913  1783  1783 W InputContext: Ignore stale [FetchSuggestions] diff id:1056 with requestId:7<13
12-19 16:29:29.914 22997 23018 D EGL_emulation: eglMakeCurrent: 0x7f152f05cca0: ver 3 0 (tinfo 0x7f152f0be540)
12-19 16:29:29.916 24868 24868 I Input   : injectKeyEvent: KeyEvent { action=ACTION_UP, keyCode=KEYCODE_L, scanCode=0, metaState=0, flags=0x0, repeatCount=0, eventTime=84547516, downTime=84547516, deviceId=-1, source=0x101 }
12-19 16:29:29.941 24868 24868 D AndroidRuntime: Shutting down VM
12-19 16:29:29.967 22997 23018 D EGL_emulation: eglMakeCurrent: 0x7f152f05cca0: ver 3 0 (tinfo 0x7f152f0be540)
12-19 16:29:29.973 22997 23018 D EGL_emulation: eglMakeCurrent: 0x7f152f05cca0: ver 3 0 (tinfo 0x7f152f0be540)
12-19 16:29:30.173 24885 24885 D AndroidRuntime: >>>>>> START com.android.internal.os.RuntimeInit uid 2000 <<<<<<
12-19 16:29:30.384 24885 24885 W app_process: Unexpected CPU variant for X86 using defaults: x86_64
12-19 16:29:30.412 24885 24885 D AndroidRuntime: Calling main entry com.android.commands.input.Input
12-19 16:29:30.413 24885 24885 I Input   : injectKeyEvent: KeyEvent { action=ACTION_DOWN, keyCode=KEYCODE_ESCAPE, scanCode=0, metaState=0, flags=0x0, repeatCount=0, eventTime=84548157, downTime=84548157, deviceId=-1, source=0x101 }
12-19 16:29:30.419 24885 24885 I Input   : injectKeyEvent: KeyEvent { action=ACTION_UP, keyCode=KEYCODE_ESCAPE, scanCode=0, metaState=0, flags=0x0, repeatCount=0, eventTime=84548157, downTime=84548157, deviceId=-1, source=0x101 }
12-19 16:29:30.427 24885 24885 D AndroidRuntime: Shutting down VM
12-19 16:29:30.431  1783 14657 D EGL_emulation: eglMakeCurrent: 0x7f153b3d2880: ver 3 0 (tinfo 0x7f152f584b80)
12-19 16:29:30.439 22997 23018 D EGL_emulation: eglMakeCurrent: 0x7f152f05cca0: ver 3 0 (tinfo 0x7f152f0be540)
12-19 16:29:30.475  1783  1801 I zygote64: Background concurrent copying GC freed 51651(4MB) AllocSpace objects, 11(220KB) LOS objects, 50% free, 4MB/8MB, paused 13.265ms total 40.806ms
12-19 16:29:30.500 22997 23018 D EGL_emulation: eglMakeCurrent: 0x7f152f05cca0: ver 3 0 (tinfo 0x7f152f0be540)
12-19 16:30:16.775 25266 25266 D AndroidRuntime: >>>>>> START com.android.internal.os.RuntimeInit uid 2000 <<<<<<
12-19 16:30:16.811 25266 25266 W app_process: Unexpected CPU variant for X86 using defaults: x86_64
12-19 16:30:16.828 25266 25266 D AndroidRuntime: Calling main entry com.android.commands.uiautomator.Launcher
12-19 16:30:17.853 25266 25266 I AccessibilityNodeInfoDumper: Skipping invisible child: android.view.accessibility.AccessibilityNodeInfo@1fc88; boundsInParent: Rect(0, 0 - 1080, 0); boundsInScreen: Rect(0, 231 - 1080, 231); packageName: net.gsantner.markor; className: android.widget.ListView; text: null; error: null; maxTextLength: -1; contentDescription: null; viewIdResName: net.gsantner.markor:id/filesystemlist__fragment__listview; checkable: false; checked: false; focusable: false; focused: false; selected: false; clickable: false; longClickable: true; contextClickable: false; enabled: true; password: false; scrollable: false; importantForAccessibility: true; actions: [AccessibilityAction: ACTION_SELECT - null, AccessibilityAction: ACTION_CLEAR_SELECTION - null, AccessibilityAction: ACTION_LONG_CLICK - null, AccessibilityAction: ACTION_ACCESSIBILITY_FOCUS - null, AccessibilityAction: ACTION_SHOW_ON_SCREEN - null]
12-19 16:30:17.853 25266 25266 I AccessibilityNodeInfoDumper: Skipping invisible child: android.view.accessibility.AccessibilityNodeInfo@1e602; boundsInParent: Rect(0, 0 - 1080, 1416); boundsInScreen: Rect(1080, 231 - 1080, 1647); packageName: net.gsantner.markor; className: android.widget.LinearLayout; text: null; error: null; maxTextLength: -1; contentDescription: null; viewIdResName: null; checkable: false; checked: false; focusable: true; focused: false; selected: false; clickable: false; longClickable: false; contextClickable: false; enabled: true; password: false; scrollable: false; importantForAccessibility: true; actions: [AccessibilityAction: ACTION_FOCUS - null, AccessibilityAction: ACTION_SELECT - null, AccessibilityAction: ACTION_CLEAR_SELECTION - null, AccessibilityAction: ACTION_ACCESSIBILITY_FOCUS - null, AccessibilityAction: ACTION_SHOW_ON_SCREEN - null]
12-19 16:30:17.853 25266 25266 I AccessibilityNodeInfoDumper: Skipping invisible child: android.view.accessibility.AccessibilityNodeInfo@1e9c3; boundsInParent: Rect(0, 0 - 1080, 1416); boundsInScreen: Rect(2160, 231 - 1080, 1647); packageName: net.gsantner.markor; className: android.widget.LinearLayout; text: null; error: null; maxTextLength: -1; contentDescription: null; viewIdResName: null; checkable: false; checked: false; focusable: true; focused: false; selected: false; clickable: false; longClickable: false; contextClickable: false; enabled: true; password: false; scrollable: false; importantForAccessibility: true; actions: [AccessibilityAction: ACTION_FOCUS - null, AccessibilityAction: ACTION_SELECT - null, AccessibilityAction: ACTION_CLEAR_SELECTION - null, AccessibilityAction: ACTION_ACCESSIBILITY_FOCUS - null, AccessibilityAction: ACTION_SHOW_ON_SCREEN - null]
12-19 16:30:17.853 25266 25266 I AccessibilityNodeInfoDumper: Skipping invisible child: android.view.accessibility.AccessibilityNodeInfo@1ed84; boundsInParent: Rect(0, 0 - 1080, 1416); boundsInScreen: Rect(3240, 231 - 1080, 1647); packageName: net.gsantner.markor; className: android.widget.LinearLayout; text: null; error: null; maxTextLength: -1; contentDescription: null; viewIdResName: null; checkable: false; checked: false; focusable: false; focused: false; selected: false; clickable: false; longClickable: false; contextClickable: false; enabled: true; password: false; scrollable: false; importantForAccessibility: false; actions: [AccessibilityAction: ACTION_SELECT - null, AccessibilityAction: ACTION_CLEAR_SELECTION - null, AccessibilityAction: ACTION_ACCESSIBILITY_FOCUS - null, AccessibilityAction: ACTION_SHOW_ON_SCREEN - null]
12-19 16:30:17.854 25266 25266 W AccessibilityNodeInfoDumper: Fetch time: 7ms
12-19 16:30:17.868 25266 25266 D AndroidRuntime: Shutting down VM
12-19 16:30:18.792 25294 25294 D AndroidRuntime: >>>>>> START com.android.internal.os.RuntimeInit uid 2000 <<<<<<
12-19 16:30:18.830 25294 25294 W app_process: Unexpected CPU variant for X86 using defaults: x86_64
12-19 16:30:18.849 25294 25294 D AndroidRuntime: Calling main entry com.android.commands.uiautomator.Launcher
12-19 16:30:19.874 25294 25294 I AccessibilityNodeInfoDumper: Skipping invisible child: android.view.accessibility.AccessibilityNodeInfo@1fc94; boundsInParent: Rect(0, 0 - 1080, 0); boundsInScreen: Rect(0, 231 - 1080, 231); packageName: net.gsantner.markor; className: android.widget.ListView; text: null; error: null; maxTextLength: -1; contentDescription: null; viewIdResName: net.gsantner.markor:id/filesystemlist__fragment__listview; checkable: false; checked: false; focusable: false; focused: false; selected: false; clickable: false; longClickable: true; contextClickable: false; enabled: true; password: false; scrollable: false; importantForAccessibility: true; actions: [AccessibilityAction: ACTION_SELECT - null, AccessibilityAction: ACTION_CLEAR_SELECTION - null, AccessibilityAction: ACTION_LONG_CLICK - null, AccessibilityAction: ACTION_ACCESSIBILITY_FOCUS - null, AccessibilityAction: ACTION_SHOW_ON_SCREEN - null]
12-19 16:30:19.874 25294 25294 I AccessibilityNodeInfoDumper: Skipping invisible child: android.view.accessibility.AccessibilityNodeInfo@1e60e; boundsInParent: Rect(0, 0 - 1080, 1416); boundsInScreen: Rect(1080, 231 - 1080, 1647); packageName: net.gsantner.markor; className: android.widget.LinearLayout; text: null; error: null; maxTextLength: -1; contentDescription: null; viewIdResName: null; checkable: false; checked: false; focusable: true; focused: false; selected: false; clickable: false; longClickable: false; contextClickable: false; enabled: true; password: false; scrollable: false; importantForAccessibility: true; actions: [AccessibilityAction: ACTION_FOCUS - null, AccessibilityAction: ACTION_SELECT - null, AccessibilityAction: ACTION_CLEAR_SELECTION - null, AccessibilityAction: ACTION_ACCESSIBILITY_FOCUS - null, AccessibilityAction: ACTION_SHOW_ON_SCREEN - null]
12-19 16:30:19.874 25294 25294 I AccessibilityNodeInfoDumper: Skipping invisible child: android.view.accessibility.AccessibilityNodeInfo@1e9cf; boundsInParent: Rect(0, 0 - 1080, 1416); boundsInScreen: Rect(2160, 231 - 1080, 1647); packageName: net.gsantner.markor; className: android.widget.LinearLayout; text: null; error: null; maxTextLength: -1; contentDescription: null; viewIdResName: null; checkable: false; checked: false; focusable: true; focused: false; selected: false; clickable: false; longClickable: false; contextClickable: false; enabled: true; password: false; scrollable: false; importantForAccessibility: true; actions: [AccessibilityAction: ACTION_FOCUS - null, AccessibilityAction: ACTION_SELECT - null, AccessibilityAction: ACTION_CLEAR_SELECTION - null, AccessibilityAction: ACTION_ACCESSIBILITY_FOCUS - null, AccessibilityAction: ACTION_SHOW_ON_SCREEN - null]
12-19 16:30:19.874 25294 25294 I AccessibilityNodeInfoDumper: Skipping invisible child: android.view.accessibility.AccessibilityNodeInfo@1ed90; boundsInParent: Rect(0, 0 - 1080, 1416); boundsInScreen: Rect(3240, 231 - 1080, 1647); packageName: net.gsantner.markor; className: android.widget.LinearLayout; text: null; error: null; maxTextLength: -1; contentDescription: null; viewIdResName: null; checkable: false; checked: false; focusable: false; focused: false; selected: false; clickable: false; longClickable: false; contextClickable: false; enabled: true; password: false; scrollable: false; importantForAccessibility: false; actions: [AccessibilityAction: ACTION_SELECT - null, AccessibilityAction: ACTION_CLEAR_SELECTION - null, AccessibilityAction: ACTION_ACCESSIBILITY_FOCUS - null, AccessibilityAction: ACTION_SHOW_ON_SCREEN - null]
12-19 16:30:19.875 25294 25294 W AccessibilityNodeInfoDumper: Fetch time: 7ms
12-19 16:30:19.879 25294 25294 D AndroidRuntime: Shutting down VM
