03-02 06:08:06.894  4770  4770 D AndroidRuntime: >>>>>> START com.android.internal.os.RuntimeInit uid 0 <<<<<<
03-02 06:08:06.904  4770  4770 D AndroidRuntime: CheckJNI is ON
03-02 06:08:06.946  4770  4770 D ICU     : No timezone override file found: /data/misc/zoneinfo/current/icu/icu_tzdata.dat
03-02 06:08:07.034  4770  4770 E memtrack: Couldn't load memtrack module (No such file or directory)
03-02 06:08:07.035  4770  4770 E android.os.Debug: failed to load memtrack module: -2
03-02 06:08:07.038  4770  4770 I Radio-JNI: register_android_hardware_Radio DONE
03-02 06:08:07.068  4770  4770 D AndroidRuntime: Calling main entry com.android.commands.uiautomator.Launcher
03-02 06:08:08.321  4770  4770 I AccessibilityNodeInfoDumper: Skipping invisible child: android.view.accessibility.AccessibilityNodeInfo@8001a239; boundsInParent: Rect(0, 0 - 0, 147); boundsInScreen: Rect(1080, 63 - 1080, 210); packageName: org.y20k.transistor; className: android.support.v7.widget.LinearLayoutCompat; text: null; error: null; maxTextLength: -1; contentDescription: null; viewIdResName: null; checkable: false; checked: false; focusable: false; focused: false; selected: false; clickable: false; longClickable: false; contextClickable: false; enabled: true; password: false; scrollable: false; actions: [AccessibilityAction: ACTION_SELECT - null, AccessibilityAction: ACTION_CLEAR_SELECTION - null, AccessibilityAction: ACTION_ACCESSIBILITY_FOCUS - null, AccessibilityAction: ACTION_UNKNOWN - null]
03-02 06:08:08.330  4770  4770 W AccessibilityNodeInfoDumper: Fetch time: 56ms
03-02 06:08:08.334  1911  2740 W WindowManager: Attempted to remove non-existing token: android.os.Binder@e06066e
03-02 06:08:08.440  4770  4770 D AndroidRuntime: Shutting down VM
03-02 06:08:11.201  4798  4798 D AndroidRuntime: >>>>>> START com.android.internal.os.RuntimeInit uid 0 <<<<<<
03-02 06:08:11.206  4798  4798 D AndroidRuntime: CheckJNI is ON
03-02 06:08:11.247  4798  4798 D ICU     : No timezone override file found: /data/misc/zoneinfo/current/icu/icu_tzdata.dat
03-02 06:08:11.348  4798  4798 E memtrack: Couldn't load memtrack module (No such file or directory)
03-02 06:08:11.349  4798  4798 E android.os.Debug: failed to load memtrack module: -2
03-02 06:08:11.354  4798  4798 I Radio-JNI: register_android_hardware_Radio DONE
03-02 06:08:11.386  4798  4798 D AndroidRuntime: Calling main entry com.android.commands.uiautomator.Launcher
03-02 06:08:12.625  4798  4798 I AccessibilityNodeInfoDumper: Skipping invisible child: android.view.accessibility.AccessibilityNodeInfo@8001a247; boundsInParent: Rect(0, 0 - 0, 147); boundsInScreen: Rect(1080, 63 - 1080, 210); packageName: org.y20k.transistor; className: android.support.v7.widget.LinearLayoutCompat; text: null; error: null; maxTextLength: -1; contentDescription: null; viewIdResName: null; checkable: false; checked: false; focusable: false; focused: false; selected: false; clickable: false; longClickable: false; contextClickable: false; enabled: true; password: false; scrollable: false; actions: [AccessibilityAction: ACTION_SELECT - null, AccessibilityAction: ACTION_CLEAR_SELECTION - null, AccessibilityAction: ACTION_ACCESSIBILITY_FOCUS - null, AccessibilityAction: ACTION_UNKNOWN - null]
03-02 06:08:12.644  4798  4798 W AccessibilityNodeInfoDumper: Fetch time: 59ms
03-02 06:08:12.647  1911  2144 W WindowManager: Attempted to remove non-existing token: android.os.Binder@59a710f
03-02 06:08:12.735  4798  4798 D AndroidRuntime: Shutting down VM
03-02 06:08:14.518  4816  4816 D AndroidRuntime: >>>>>> START com.android.internal.os.RuntimeInit uid 0 <<<<<<
03-02 06:08:14.536  4816  4816 D AndroidRuntime: CheckJNI is ON
03-02 06:08:14.594  4816  4816 D ICU     : No timezone override file found: /data/misc/zoneinfo/current/icu/icu_tzdata.dat
03-02 06:08:14.715  4816  4816 E memtrack: Couldn't load memtrack module (No such file or directory)
03-02 06:08:14.715  4816  4816 E android.os.Debug: failed to load memtrack module: -2
03-02 06:08:14.719  4816  4816 I Radio-JNI: register_android_hardware_Radio DONE
03-02 06:08:14.759  4816  4816 D AndroidRuntime: Calling main entry com.android.commands.uiautomator.Launcher
03-02 06:08:16.066  4816  4816 I AccessibilityNodeInfoDumper: Skipping invisible child: android.view.accessibility.AccessibilityNodeInfo@8001a24f; boundsInParent: Rect(0, 0 - 0, 147); boundsInScreen: Rect(1080, 63 - 1080, 210); packageName: org.y20k.transistor; className: android.support.v7.widget.LinearLayoutCompat; text: null; error: null; maxTextLength: -1; contentDescription: null; viewIdResName: null; checkable: false; checked: false; focusable: false; focused: false; selected: false; clickable: false; longClickable: false; contextClickable: false; enabled: true; password: false; scrollable: false; actions: [AccessibilityAction: ACTION_SELECT - null, AccessibilityAction: ACTION_CLEAR_SELECTION - null, AccessibilityAction: ACTION_ACCESSIBILITY_FOCUS - null, AccessibilityAction: ACTION_UNKNOWN - null]
03-02 06:08:16.076  4816  4816 W AccessibilityNodeInfoDumper: Fetch time: 51ms
03-02 06:08:16.081  1911  2739 W WindowManager: Attempted to remove non-existing token: android.os.Binder@1cee59c
03-02 06:08:16.189  4816  4816 D AndroidRuntime: Shutting down VM
03-02 06:08:17.263  2709 10672 E WakeLock: GCM_HB_ALARM release without a matched acquire!
03-02 06:08:17.494  4831  4831 D AndroidRuntime: >>>>>> START com.android.internal.os.RuntimeInit uid 0 <<<<<<
03-02 06:08:17.506  4831  4831 D AndroidRuntime: CheckJNI is ON
03-02 06:08:17.548  4831  4831 D ICU     : No timezone override file found: /data/misc/zoneinfo/current/icu/icu_tzdata.dat
03-02 06:08:17.657  4831  4831 E memtrack: Couldn't load memtrack module (No such file or directory)
03-02 06:08:17.658  4831  4831 E android.os.Debug: failed to load memtrack module: -2
03-02 06:08:17.665  4831  4831 I Radio-JNI: register_android_hardware_Radio DONE
03-02 06:08:17.697  4831  4831 D AndroidRuntime: Calling main entry com.android.commands.uiautomator.Launcher
03-02 06:08:18.998  4831  4831 I AccessibilityNodeInfoDumper: Skipping invisible child: android.view.accessibility.AccessibilityNodeInfo@8001a25b; boundsInParent: Rect(0, 0 - 0, 147); boundsInScreen: Rect(1080, 63 - 1080, 210); packageName: org.y20k.transistor; className: android.support.v7.widget.LinearLayoutCompat; text: null; error: null; maxTextLength: -1; contentDescription: null; viewIdResName: null; checkable: false; checked: false; focusable: false; focused: false; selected: false; clickable: false; longClickable: false; contextClickable: false; enabled: true; password: false; scrollable: false; actions: [AccessibilityAction: ACTION_SELECT - null, AccessibilityAction: ACTION_CLEAR_SELECTION - null, AccessibilityAction: ACTION_ACCESSIBILITY_FOCUS - null, AccessibilityAction: ACTION_UNKNOWN - null]
03-02 06:08:19.012  4831  4831 W AccessibilityNodeInfoDumper: Fetch time: 48ms
03-02 06:08:19.014  1911  2739 W WindowManager: Attempted to remove non-existing token: android.os.Binder@1b57ba5
03-02 06:08:19.107  4831  4831 D AndroidRuntime: Shutting down VM
03-02 06:08:19.704  2726  4846 I GmscoreIpa: how are you::
03-02 06:08:20.361  4849  4849 D AndroidRuntime: >>>>>> START com.android.internal.os.RuntimeInit uid 0 <<<<<<
03-02 06:08:20.366  4849  4849 D AndroidRuntime: CheckJNI is ON
03-02 06:08:20.405  4849  4849 D ICU     : No timezone override file found: /data/misc/zoneinfo/current/icu/icu_tzdata.dat
03-02 06:08:20.509  4849  4849 E memtrack: Couldn't load memtrack module (No such file or directory)
03-02 06:08:20.509  4849  4849 E android.os.Debug: failed to load memtrack module: -2
03-02 06:08:20.514  4849  4849 I Radio-JNI: register_android_hardware_Radio DONE
03-02 06:08:20.544  4849  4849 D AndroidRuntime: Calling main entry com.android.commands.uiautomator.Launcher
03-02 06:08:21.791  4849  4849 I AccessibilityNodeInfoDumper: Skipping invisible child: android.view.accessibility.AccessibilityNodeInfo@8001a265; boundsInParent: Rect(0, 0 - 0, 147); boundsInScreen: Rect(1080, 63 - 1080, 210); packageName: org.y20k.transistor; className: android.support.v7.widget.LinearLayoutCompat; text: null; error: null; maxTextLength: -1; contentDescription: null; viewIdResName: null; checkable: false; checked: false; focusable: false; focused: false; selected: false; clickable: false; longClickable: false; contextClickable: false; enabled: true; password: false; scrollable: false; actions: [AccessibilityAction: ACTION_SELECT - null, AccessibilityAction: ACTION_CLEAR_SELECTION - null, AccessibilityAction: ACTION_ACCESSIBILITY_FOCUS - null, AccessibilityAction: ACTION_UNKNOWN - null]
03-02 06:08:21.805  4849  4849 W AccessibilityNodeInfoDumper: Fetch time: 45ms
03-02 06:08:21.815  1911  3285 W WindowManager: Attempted to remove non-existing token: android.os.Binder@c170f2b
03-02 06:08:21.899  4849  4849 D AndroidRuntime: Shutting down VM
03-02 06:08:23.397  4866  4866 D AndroidRuntime: >>>>>> START com.android.internal.os.RuntimeInit uid 0 <<<<<<
03-02 06:08:23.404  4866  4866 D AndroidRuntime: CheckJNI is ON
03-02 06:08:23.449  4866  4866 D ICU     : No timezone override file found: /data/misc/zoneinfo/current/icu/icu_tzdata.dat
03-02 06:08:23.546  4866  4866 E memtrack: Couldn't load memtrack module (No such file or directory)
03-02 06:08:23.546  4866  4866 E android.os.Debug: failed to load memtrack module: -2
03-02 06:08:23.550  4866  4866 I Radio-JNI: register_android_hardware_Radio DONE
03-02 06:08:23.600  4866  4866 D AndroidRuntime: Calling main entry com.android.commands.uiautomator.Launcher
03-02 06:08:23.891  1911  1921 I art     : Background partial concurrent mark sweep GC freed 26062(1873KB) AllocSpace objects, 17(340KB) LOS objects, 32% free, 8MB/12MB, paused 10.668ms total 129.549ms
03-02 06:08:24.871  4866  4866 I AccessibilityNodeInfoDumper: Skipping invisible child: android.view.accessibility.AccessibilityNodeInfo@8001a26f; boundsInParent: Rect(0, 0 - 0, 147); boundsInScreen: Rect(1080, 63 - 1080, 210); packageName: org.y20k.transistor; className: android.support.v7.widget.LinearLayoutCompat; text: null; error: null; maxTextLength: -1; contentDescription: null; viewIdResName: null; checkable: false; checked: false; focusable: false; focused: false; selected: false; clickable: false; longClickable: false; contextClickable: false; enabled: true; password: false; scrollable: false; actions: [AccessibilityAction: ACTION_SELECT - null, AccessibilityAction: ACTION_CLEAR_SELECTION - null, AccessibilityAction: ACTION_ACCESSIBILITY_FOCUS - null, AccessibilityAction: ACTION_UNKNOWN - null]
03-02 06:08:24.883  4866  4866 W AccessibilityNodeInfoDumper: Fetch time: 52ms
03-02 06:08:24.892  1911  1923 W WindowManager: Attempted to remove non-existing token: android.os.Binder@2b2bf88
03-02 06:08:24.991  4866  4866 D AndroidRuntime: Shutting down VM
03-02 06:08:26.340  4877  4877 D AndroidRuntime: >>>>>> START com.android.internal.os.RuntimeInit uid 0 <<<<<<
03-02 06:08:26.349  4877  4877 D AndroidRuntime: CheckJNI is ON
03-02 06:08:26.411  4877  4877 D ICU     : No timezone override file found: /data/misc/zoneinfo/current/icu/icu_tzdata.dat
03-02 06:08:26.528  4877  4877 E memtrack: Couldn't load memtrack module (No such file or directory)
03-02 06:08:26.529  4877  4877 E android.os.Debug: failed to load memtrack module: -2
03-02 06:08:26.542  4877  4877 I Radio-JNI: register_android_hardware_Radio DONE
03-02 06:08:26.585  4877  4877 D AndroidRuntime: Calling main entry com.android.commands.input.Input
03-02 06:08:26.626  4877  4877 I Input   : injectMotionEvent: MotionEvent { action=ACTION_DOWN, actionButton=0, id[0]=0, x[0]=540.0, y[0]=1002.0, toolType[0]=TOOL_TYPE_UNKNOWN, buttonState=0, metaState=0, flags=0x0, edgeFlags=0x0, pointerCount=1, historySize=0, eventTime=69174323, downTime=69174323, deviceId=0, source=0x1002 }
03-02 06:08:26.652  4877  4877 I Input   : injectMotionEvent: MotionEvent { action=ACTION_UP, actionButton=0, id[0]=0, x[0]=540.0, y[0]=1002.0, toolType[0]=TOOL_TYPE_UNKNOWN, buttonState=0, metaState=0, flags=0x0, edgeFlags=0x0, pointerCount=1, historySize=0, eventTime=69174323, downTime=69174323, deviceId=0, source=0x1002 }
03-02 06:08:26.666  4877  4877 D AndroidRuntime: Shutting down VM
03-02 06:08:34.586  5144  5144 D AndroidRuntime: >>>>>> START com.android.internal.os.RuntimeInit uid 0 <<<<<<
03-02 06:08:34.601  5144  5144 D AndroidRuntime: CheckJNI is ON
03-02 06:08:34.671  5144  5144 D ICU     : No timezone override file found: /data/misc/zoneinfo/current/icu/icu_tzdata.dat
03-02 06:08:34.816  5144  5144 E memtrack: Couldn't load memtrack module (No such file or directory)
03-02 06:08:34.816  5144  5144 E android.os.Debug: failed to load memtrack module: -2
03-02 06:08:34.823  5144  5144 I Radio-JNI: register_android_hardware_Radio DONE
03-02 06:08:34.865  5144  5144 D AndroidRuntime: Calling main entry com.android.commands.uiautomator.Launcher
03-02 06:08:36.158  5144  5144 I AccessibilityNodeInfoDumper: Skipping invisible child: android.view.accessibility.AccessibilityNodeInfo@8001a27c; boundsInParent: Rect(0, 0 - 0, 147); boundsInScreen: Rect(1080, 63 - 1080, 210); packageName: org.y20k.transistor; className: android.support.v7.widget.LinearLayoutCompat; text: null; error: null; maxTextLength: -1; contentDescription: null; viewIdResName: null; checkable: false; checked: false; focusable: false; focused: false; selected: false; clickable: false; longClickable: false; contextClickable: false; enabled: true; password: false; scrollable: false; actions: [AccessibilityAction: ACTION_SELECT - null, AccessibilityAction: ACTION_CLEAR_SELECTION - null, AccessibilityAction: ACTION_ACCESSIBILITY_FOCUS - null, AccessibilityAction: ACTION_UNKNOWN - null]
03-02 06:08:36.167  5144  5144 W AccessibilityNodeInfoDumper: Fetch time: 51ms
03-02 06:08:36.171  1911  3280 W WindowManager: Attempted to remove non-existing token: android.os.Binder@a747546
03-02 06:08:36.278  5144  5144 D AndroidRuntime: Shutting down VM
03-02 06:08:38.805  5167  5167 D AndroidRuntime: >>>>>> START com.android.internal.os.RuntimeInit uid 0 <<<<<<
03-02 06:08:38.811  5167  5167 D AndroidRuntime: CheckJNI is ON
03-02 06:08:38.873  5167  5167 D ICU     : No timezone override file found: /data/misc/zoneinfo/current/icu/icu_tzdata.dat
03-02 06:08:39.000  5167  5167 E memtrack: Couldn't load memtrack module (No such file or directory)
03-02 06:08:39.001  5167  5167 E android.os.Debug: failed to load memtrack module: -2
03-02 06:08:39.014  5167  5167 I Radio-JNI: register_android_hardware_Radio DONE
03-02 06:08:39.054  5167  5167 D AndroidRuntime: Calling main entry com.android.commands.uiautomator.Launcher
03-02 06:08:40.322  5167  5167 I AccessibilityNodeInfoDumper: Skipping invisible child: android.view.accessibility.AccessibilityNodeInfo@8001a287; boundsInParent: Rect(0, 0 - 0, 147); boundsInScreen: Rect(1080, 63 - 1080, 210); packageName: org.y20k.transistor; className: android.support.v7.widget.LinearLayoutCompat; text: null; error: null; maxTextLength: -1; contentDescription: null; viewIdResName: null; checkable: false; checked: false; focusable: false; focused: false; selected: false; clickable: false; longClickable: false; contextClickable: false; enabled: true; password: false; scrollable: false; actions: [AccessibilityAction: ACTION_SELECT - null, AccessibilityAction: ACTION_CLEAR_SELECTION - null, AccessibilityAction: ACTION_ACCESSIBILITY_FOCUS - null, AccessibilityAction: ACTION_UNKNOWN - null]
03-02 06:08:40.339  5167  5167 W AccessibilityNodeInfoDumper: Fetch time: 40ms
03-02 06:08:40.341  1911  1922 W WindowManager: Attempted to remove non-existing token: android.os.Binder@9757307
03-02 06:08:40.481  5167  5167 D AndroidRuntime: Shutting down VM
03-02 06:08:41.775  5183  5183 D AndroidRuntime: >>>>>> START com.android.internal.os.RuntimeInit uid 0 <<<<<<
03-02 06:08:41.780  5183  5183 D AndroidRuntime: CheckJNI is ON
03-02 06:08:41.821  5183  5183 D ICU     : No timezone override file found: /data/misc/zoneinfo/current/icu/icu_tzdata.dat
03-02 06:08:41.906  5183  5183 E memtrack: Couldn't load memtrack module (No such file or directory)
03-02 06:08:41.907  5183  5183 E android.os.Debug: failed to load memtrack module: -2
03-02 06:08:41.911  5183  5183 I Radio-JNI: register_android_hardware_Radio DONE
03-02 06:08:41.943  5183  5183 D AndroidRuntime: Calling main entry com.android.commands.uiautomator.Launcher
03-02 06:08:43.168  5183  5183 I AccessibilityNodeInfoDumper: Skipping invisible child: android.view.accessibility.AccessibilityNodeInfo@8001a291; boundsInParent: Rect(0, 0 - 0, 147); boundsInScreen: Rect(1080, 63 - 1080, 210); packageName: org.y20k.transistor; className: android.support.v7.widget.LinearLayoutCompat; text: null; error: null; maxTextLength: -1; contentDescription: null; viewIdResName: null; checkable: false; checked: false; focusable: false; focused: false; selected: false; clickable: false; longClickable: false; contextClickable: false; enabled: true; password: false; scrollable: false; actions: [AccessibilityAction: ACTION_SELECT - null, AccessibilityAction: ACTION_CLEAR_SELECTION - null, AccessibilityAction: ACTION_ACCESSIBILITY_FOCUS - null, AccessibilityAction: ACTION_UNKNOWN - null]
03-02 06:08:43.181  5183  5183 W AccessibilityNodeInfoDumper: Fetch time: 56ms
03-02 06:08:43.195  1911  3280 W WindowManager: Attempted to remove non-existing token: android.os.Binder@e784c34
03-02 06:08:43.341  5183  5183 D AndroidRuntime: Shutting down VM
03-02 06:08:45.603  5206  5206 D AndroidRuntime: >>>>>> START com.android.internal.os.RuntimeInit uid 0 <<<<<<
03-02 06:08:45.616  5206  5206 D AndroidRuntime: CheckJNI is ON
03-02 06:08:45.654  5206  5206 D ICU     : No timezone override file found: /data/misc/zoneinfo/current/icu/icu_tzdata.dat
03-02 06:08:45.752  5206  5206 E memtrack: Couldn't load memtrack module (No such file or directory)
03-02 06:08:45.752  5206  5206 E android.os.Debug: failed to load memtrack module: -2
03-02 06:08:45.766  5206  5206 I Radio-JNI: register_android_hardware_Radio DONE
03-02 06:08:45.798  5206  5206 D AndroidRuntime: Calling main entry com.android.commands.uiautomator.Launcher
03-02 06:08:47.078  5206  5206 I AccessibilityNodeInfoDumper: Skipping invisible child: android.view.accessibility.AccessibilityNodeInfo@8001a29c; boundsInParent: Rect(0, 0 - 0, 147); boundsInScreen: Rect(1080, 63 - 1080, 210); packageName: org.y20k.transistor; className: android.support.v7.widget.LinearLayoutCompat; text: null; error: null; maxTextLength: -1; contentDescription: null; viewIdResName: null; checkable: false; checked: false; focusable: false; focused: false; selected: false; clickable: false; longClickable: false; contextClickable: false; enabled: true; password: false; scrollable: false; actions: [AccessibilityAction: ACTION_SELECT - null, AccessibilityAction: ACTION_CLEAR_SELECTION - null, AccessibilityAction: ACTION_ACCESSIBILITY_FOCUS - null, AccessibilityAction: ACTION_UNKNOWN - null]
03-02 06:08:47.095  5206  5206 W AccessibilityNodeInfoDumper: Fetch time: 55ms
03-02 06:08:47.096  1911  2052 W WindowManager: Attempted to remove non-existing token: android.os.Binder@4a87a5d
03-02 06:08:47.247  5206  5206 D AndroidRuntime: Shutting down VM
03-02 06:08:50.032  5234  5234 D AndroidRuntime: >>>>>> START com.android.internal.os.RuntimeInit uid 0 <<<<<<
03-02 06:08:50.038  5234  5234 D AndroidRuntime: CheckJNI is ON
03-02 06:08:50.102  5234  5234 D ICU     : No timezone override file found: /data/misc/zoneinfo/current/icu/icu_tzdata.dat
03-02 06:08:50.226  5234  5234 E memtrack: Couldn't load memtrack module (No such file or directory)
03-02 06:08:50.226  5234  5234 E android.os.Debug: failed to load memtrack module: -2
03-02 06:08:50.233  5234  5234 I Radio-JNI: register_android_hardware_Radio DONE
03-02 06:08:50.271  5234  5234 D AndroidRuntime: Calling main entry com.android.commands.uiautomator.Launcher
03-02 06:08:51.572  5234  5234 I AccessibilityNodeInfoDumper: Skipping invisible child: android.view.accessibility.AccessibilityNodeInfo@8001a2a7; boundsInParent: Rect(0, 0 - 0, 147); boundsInScreen: Rect(1080, 63 - 1080, 210); packageName: org.y20k.transistor; className: android.support.v7.widget.LinearLayoutCompat; text: null; error: null; maxTextLength: -1; contentDescription: null; viewIdResName: null; checkable: false; checked: false; focusable: false; focused: false; selected: false; clickable: false; longClickable: false; contextClickable: false; enabled: true; password: false; scrollable: false; actions: [AccessibilityAction: ACTION_SELECT - null, AccessibilityAction: ACTION_CLEAR_SELECTION - null, AccessibilityAction: ACTION_ACCESSIBILITY_FOCUS - null, AccessibilityAction: ACTION_UNKNOWN - null]
03-02 06:08:51.589  5234  5234 W AccessibilityNodeInfoDumper: Fetch time: 50ms
03-02 06:08:51.593  1911  2140 W WindowManager: Attempted to remove non-existing token: android.os.Binder@1f29fd2
03-02 06:08:51.715  5234  5234 D AndroidRuntime: Shutting down VM
03-02 06:08:53.812  1271  1956 E SurfaceFlinger: ro.sf.lcd_density must be defined as a build property
03-02 06:08:53.825  1271  1329 D gralloc_ranchu: gralloc_alloc: Creating ashmem region of size 8294400
03-02 06:08:53.854  5248  5248 D         : HostConnection::get() New Host Connection established 0xb654d300, tid 5248
03-02 06:08:55.287  5253  5253 D AndroidRuntime: >>>>>> START com.android.internal.os.RuntimeInit uid 0 <<<<<<
03-02 06:08:55.295  5253  5253 D AndroidRuntime: CheckJNI is ON
03-02 06:08:55.339  5253  5253 D ICU     : No timezone override file found: /data/misc/zoneinfo/current/icu/icu_tzdata.dat
03-02 06:08:55.428  5253  5253 E memtrack: Couldn't load memtrack module (No such file or directory)
03-02 06:08:55.428  5253  5253 E android.os.Debug: failed to load memtrack module: -2
03-02 06:08:55.441  5253  5253 I Radio-JNI: register_android_hardware_Radio DONE
03-02 06:08:55.478  5253  5253 D AndroidRuntime: Calling main entry com.android.commands.am.Am
03-02 06:08:55.526  4445  4445 D MediaScannerReceiver: action: android.intent.action.MEDIA_SCANNER_SCAN_FILE path: /storage/emulated/0/screen.png
03-02 06:08:55.549  5253  5253 D AndroidRuntime: Shutting down VM
03-02 06:08:56.087  2709  3653 I NetworkScheduler.Stats: Task com.google.android.gms/com.google.android.gms.ipa.base.IpaGcmTaskService started execution. cause:9 exec_start_elapsed_seconds: 69203 [CONTEXT service_id=218 ]
03-02 06:08:56.137  2709  2966 I NetworkScheduler.Stats: Task com.google.android.gms/com.google.android.gms.ipa.base.IpaGcmTaskService finished executing. cause:9 result: 1 elapsed_millis: 196 uptime_millis: 196 exec_start_elapsed_seconds: 69203 [CONTEXT service_id=218 ]
03-02 06:08:56.250  2709  2719 I art     : Background sticky concurrent mark sweep GC freed 53482(3MB) AllocSpace objects, 0(0B) LOS objects, 22% free, 13MB/17MB, paused 7.643ms total 292.753ms
03-02 06:09:00.420  1271  1330 D hwcomposer: hw_composer sent 55 syncs in 60s
03-02 06:09:00.487  5265  5265 D AndroidRuntime: >>>>>> START com.android.internal.os.RuntimeInit uid 0 <<<<<<
03-02 06:09:00.496  5265  5265 D AndroidRuntime: CheckJNI is ON
03-02 06:09:00.546  5265  5265 D ICU     : No timezone override file found: /data/misc/zoneinfo/current/icu/icu_tzdata.dat
03-02 06:09:00.660  5265  5265 E memtrack: Couldn't load memtrack module (No such file or directory)
03-02 06:09:00.660  5265  5265 E android.os.Debug: failed to load memtrack module: -2
03-02 06:09:00.671  5265  5265 I Radio-JNI: register_android_hardware_Radio DONE
03-02 06:09:00.727  5265  5265 D AndroidRuntime: Calling main entry com.android.commands.uiautomator.Launcher
03-02 06:09:01.192  1911  1921 I art     : Background partial concurrent mark sweep GC freed 31919(2MB) AllocSpace objects, 19(380KB) LOS objects, 32% free, 8MB/12MB, paused 2.238ms total 149.888ms
03-02 06:09:02.116  5265  5265 I AccessibilityNodeInfoDumper: Skipping invisible child: android.view.accessibility.AccessibilityNodeInfo@8001a2b3; boundsInParent: Rect(0, 0 - 0, 147); boundsInScreen: Rect(1080, 63 - 1080, 210); packageName: org.y20k.transistor; className: android.support.v7.widget.LinearLayoutCompat; text: null; error: null; maxTextLength: -1; contentDescription: null; viewIdResName: null; checkable: false; checked: false; focusable: false; focused: false; selected: false; clickable: false; longClickable: false; contextClickable: false; enabled: true; password: false; scrollable: false; actions: [AccessibilityAction: ACTION_SELECT - null, AccessibilityAction: ACTION_CLEAR_SELECTION - null, AccessibilityAction: ACTION_ACCESSIBILITY_FOCUS - null, AccessibilityAction: ACTION_UNKNOWN - null]
03-02 06:09:02.134  5265  5265 W AccessibilityNodeInfoDumper: Fetch time: 74ms
03-02 06:09:02.142  1911  2739 W WindowManager: Attempted to remove non-existing token: android.os.Binder@a7fbbff
03-02 06:09:02.295  5265  5265 D AndroidRuntime: Shutting down VM
03-02 06:09:05.596  5280  5280 D AndroidRuntime: >>>>>> START com.android.internal.os.RuntimeInit uid 0 <<<<<<
03-02 06:09:05.603  5280  5280 D AndroidRuntime: CheckJNI is ON
03-02 06:09:05.652  5280  5280 D ICU     : No timezone override file found: /data/misc/zoneinfo/current/icu/icu_tzdata.dat
03-02 06:09:05.778  5280  5280 E memtrack: Couldn't load memtrack module (No such file or directory)
03-02 06:09:05.779  5280  5280 E android.os.Debug: failed to load memtrack module: -2
03-02 06:09:05.787  5280  5280 I Radio-JNI: register_android_hardware_Radio DONE
03-02 06:09:05.828  5280  5280 D AndroidRuntime: Calling main entry com.android.commands.uiautomator.Launcher
03-02 06:09:07.136  5280  5280 I AccessibilityNodeInfoDumper: Skipping invisible child: android.view.accessibility.AccessibilityNodeInfo@8001a2be; boundsInParent: Rect(0, 0 - 0, 147); boundsInScreen: Rect(1080, 63 - 1080, 210); packageName: org.y20k.transistor; className: android.support.v7.widget.LinearLayoutCompat; text: null; error: null; maxTextLength: -1; contentDescription: null; viewIdResName: null; checkable: false; checked: false; focusable: false; focused: false; selected: false; clickable: false; longClickable: false; contextClickable: false; enabled: true; password: false; scrollable: false; actions: [AccessibilityAction: ACTION_SELECT - null, AccessibilityAction: ACTION_CLEAR_SELECTION - null, AccessibilityAction: ACTION_ACCESSIBILITY_FOCUS - null, AccessibilityAction: ACTION_UNKNOWN - null]
03-02 06:09:07.153  5280  5280 W AccessibilityNodeInfoDumper: Fetch time: 72ms
03-02 06:09:07.157  1911  3281 W WindowManager: Attempted to remove non-existing token: android.os.Binder@eb59815
03-02 06:09:07.308  5280  5280 D AndroidRuntime: Shutting down VM
03-02 06:09:08.654  5295  5295 D AndroidRuntime: >>>>>> START com.android.internal.os.RuntimeInit uid 0 <<<<<<
03-02 06:09:08.665  5295  5295 D AndroidRuntime: CheckJNI is ON
03-02 06:09:08.726  5295  5295 D ICU     : No timezone override file found: /data/misc/zoneinfo/current/icu/icu_tzdata.dat
03-02 06:09:08.837  5295  5295 E memtrack: Couldn't load memtrack module (No such file or directory)
03-02 06:09:08.837  5295  5295 E android.os.Debug: failed to load memtrack module: -2
03-02 06:09:08.841  5295  5295 I Radio-JNI: register_android_hardware_Radio DONE
03-02 06:09:08.870  5295  5295 D AndroidRuntime: Calling main entry com.android.commands.uiautomator.Launcher
03-02 06:09:10.123  5295  5295 I AccessibilityNodeInfoDumper: Skipping invisible child: android.view.accessibility.AccessibilityNodeInfo@8001a2c9; boundsInParent: Rect(0, 0 - 0, 147); boundsInScreen: Rect(1080, 63 - 1080, 210); packageName: org.y20k.transistor; className: android.support.v7.widget.LinearLayoutCompat; text: null; error: null; maxTextLength: -1; contentDescription: null; viewIdResName: null; checkable: false; checked: false; focusable: false; focused: false; selected: false; clickable: false; longClickable: false; contextClickable: false; enabled: true; password: false; scrollable: false; actions: [AccessibilityAction: ACTION_SELECT - null, AccessibilityAction: ACTION_CLEAR_SELECTION - null, AccessibilityAction: ACTION_ACCESSIBILITY_FOCUS - null, AccessibilityAction: ACTION_UNKNOWN - null]
03-02 06:09:10.129  5295  5295 W AccessibilityNodeInfoDumper: Fetch time: 48ms
03-02 06:09:10.130  1911  3283 W WindowManager: Attempted to remove non-existing token: android.os.Binder@ce6572a
03-02 06:09:10.250  5295  5295 D AndroidRuntime: Shutting down VM
03-02 06:09:11.716  5310  5310 D AndroidRuntime: >>>>>> START com.android.internal.os.RuntimeInit uid 0 <<<<<<
03-02 06:09:11.726  5310  5310 D AndroidRuntime: CheckJNI is ON
03-02 06:09:11.788  5310  5310 D ICU     : No timezone override file found: /data/misc/zoneinfo/current/icu/icu_tzdata.dat
03-02 06:09:11.900  5310  5310 E memtrack: Couldn't load memtrack module (No such file or directory)
03-02 06:09:11.901  5310  5310 E android.os.Debug: failed to load memtrack module: -2
03-02 06:09:11.908  5310  5310 I Radio-JNI: register_android_hardware_Radio DONE
03-02 06:09:11.938  5310  5310 D AndroidRuntime: Calling main entry com.android.commands.uiautomator.Launcher
03-02 06:09:13.177  5310  5310 I AccessibilityNodeInfoDumper: Skipping invisible child: android.view.accessibility.AccessibilityNodeInfo@8001a2d2; boundsInParent: Rect(0, 0 - 0, 147); boundsInScreen: Rect(1080, 63 - 1080, 210); packageName: org.y20k.transistor; className: android.support.v7.widget.LinearLayoutCompat; text: null; error: null; maxTextLength: -1; contentDescription: null; viewIdResName: null; checkable: false; checked: false; focusable: false; focused: false; selected: false; clickable: false; longClickable: false; contextClickable: false; enabled: true; password: false; scrollable: false; actions: [AccessibilityAction: ACTION_SELECT - null, AccessibilityAction: ACTION_CLEAR_SELECTION - null, AccessibilityAction: ACTION_ACCESSIBILITY_FOCUS - null, AccessibilityAction: ACTION_UNKNOWN - null]
03-02 06:09:13.191  5310  5310 W AccessibilityNodeInfoDumper: Fetch time: 47ms
03-02 06:09:13.196  1911  2145 W WindowManager: Attempted to remove non-existing token: android.os.Binder@11e191b
03-02 06:09:13.306  5310  5310 D AndroidRuntime: Shutting down VM
03-02 06:09:14.947  5327  5327 D AndroidRuntime: >>>>>> START com.android.internal.os.RuntimeInit uid 0 <<<<<<
03-02 06:09:14.958  5327  5327 D AndroidRuntime: CheckJNI is ON
03-02 06:09:15.005  5327  5327 D ICU     : No timezone override file found: /data/misc/zoneinfo/current/icu/icu_tzdata.dat
03-02 06:09:15.108  5327  5327 E memtrack: Couldn't load memtrack module (No such file or directory)
03-02 06:09:15.109  5327  5327 E android.os.Debug: failed to load memtrack module: -2
03-02 06:09:15.115  5327  5327 I Radio-JNI: register_android_hardware_Radio DONE
03-02 06:09:15.142  5327  5327 D AndroidRuntime: Calling main entry com.android.commands.uiautomator.Launcher
03-02 06:09:16.357  5327  5327 I AccessibilityNodeInfoDumper: Skipping invisible child: android.view.accessibility.AccessibilityNodeInfo@8001a2de; boundsInParent: Rect(0, 0 - 0, 147); boundsInScreen: Rect(1080, 63 - 1080, 210); packageName: org.y20k.transistor; className: android.support.v7.widget.LinearLayoutCompat; text: null; error: null; maxTextLength: -1; contentDescription: null; viewIdResName: null; checkable: false; checked: false; focusable: false; focused: false; selected: false; clickable: false; longClickable: false; contextClickable: false; enabled: true; password: false; scrollable: false; actions: [AccessibilityAction: ACTION_SELECT - null, AccessibilityAction: ACTION_CLEAR_SELECTION - null, AccessibilityAction: ACTION_ACCESSIBILITY_FOCUS - null, AccessibilityAction: ACTION_UNKNOWN - null]
03-02 06:09:16.370  5327  5327 W AccessibilityNodeInfoDumper: Fetch time: 44ms
03-02 06:09:16.376  1911  3281 W WindowManager: Attempted to remove non-existing token: android.os.Binder@b591ab8
03-02 06:09:16.468  5327  5327 D AndroidRuntime: Shutting down VM
03-02 06:09:17.556  5338  5338 D AndroidRuntime: >>>>>> START com.android.internal.os.RuntimeInit uid 0 <<<<<<
03-02 06:09:17.569  5338  5338 D AndroidRuntime: CheckJNI is ON
03-02 06:09:17.614  5338  5338 D ICU     : No timezone override file found: /data/misc/zoneinfo/current/icu/icu_tzdata.dat
03-02 06:09:17.700  5338  5338 E memtrack: Couldn't load memtrack module (No such file or directory)
03-02 06:09:17.700  5338  5338 E android.os.Debug: failed to load memtrack module: -2
03-02 06:09:17.705  5338  5338 I Radio-JNI: register_android_hardware_Radio DONE
03-02 06:09:17.733  5338  5338 D AndroidRuntime: Calling main entry com.android.commands.input.Input
03-02 06:09:17.771  5338  5338 I Input   : injectMotionEvent: MotionEvent { action=ACTION_DOWN, actionButton=0, id[0]=0, x[0]=540.0, y[0]=1002.0, toolType[0]=TOOL_TYPE_UNKNOWN, buttonState=0, metaState=0, flags=0x0, edgeFlags=0x0, pointerCount=1, historySize=0, eventTime=69225487, downTime=69225487, deviceId=0, source=0x1002 }
03-02 06:09:17.793  5338  5338 I Input   : injectMotionEvent: MotionEvent { action=ACTION_MOVE, actionButton=0, id[0]=0, x[0]=540.0, y[0]=1002.0, toolType[0]=TOOL_TYPE_UNKNOWN, buttonState=0, metaState=0, flags=0x0, edgeFlags=0x0, pointerCount=1, historySize=0, eventTime=69225487, downTime=69225487, deviceId=0, source=0x1002 }
03-02 06:09:17.812  5338  5338 I Input   : injectMotionEvent: MotionEvent { action=ACTION_MOVE, actionButton=0, id[0]=0, x[0]=540.0, y[0]=1002.0, toolType[0]=TOOL_TYPE_UNKNOWN, buttonState=0, metaState=0, flags=0x0, edgeFlags=0x0, pointerCount=1, historySize=0, eventTime=69225540, downTime=69225540, deviceId=0, source=0x1002 }
03-02 06:09:17.832  5338  5338 I Input   : injectMotionEvent: MotionEvent { action=ACTION_MOVE, actionButton=0, id[0]=0, x[0]=540.0, y[0]=1002.0, toolType[0]=TOOL_TYPE_UNKNOWN, buttonState=0, metaState=0, flags=0x0, edgeFlags=0x0, pointerCount=1, historySize=0, eventTime=69225560, downTime=69225560, deviceId=0, source=0x1002 }
03-02 06:09:17.857  5338  5338 I Input   : injectMotionEvent: MotionEvent { action=ACTION_MOVE, actionButton=0, id[0]=0, x[0]=540.0, y[0]=1002.0, toolType[0]=TOOL_TYPE_UNKNOWN, buttonState=0, metaState=0, flags=0x0, edgeFlags=0x0, pointerCount=1, historySize=0, eventTime=69225585, downTime=69225585, deviceId=0, source=0x1002 }
03-02 06:09:17.888  5338  5338 I Input   : injectMotionEvent: MotionEvent { action=ACTION_MOVE, actionButton=0, id[0]=0, x[0]=540.0, y[0]=1002.0, toolType[0]=TOOL_TYPE_UNKNOWN, buttonState=0, metaState=0, flags=0x0, edgeFlags=0x0, pointerCount=1, historySize=0, eventTime=69225616, downTime=69225616, deviceId=0, source=0x1002 }
03-02 06:09:17.907  5338  5338 I Input   : injectMotionEvent: MotionEvent { action=ACTION_MOVE, actionButton=0, id[0]=0, x[0]=540.0, y[0]=1002.0, toolType[0]=TOOL_TYPE_UNKNOWN, buttonState=0, metaState=0, flags=0x0, edgeFlags=0x0, pointerCount=1, historySize=0, eventTime=69225635, downTime=69225635, deviceId=0, source=0x1002 }
03-02 06:09:17.930  5338  5338 I Input   : injectMotionEvent: MotionEvent { action=ACTION_MOVE, actionButton=0, id[0]=0, x[0]=540.0, y[0]=1002.0, toolType[0]=TOOL_TYPE_UNKNOWN, buttonState=0, metaState=0, flags=0x0, edgeFlags=0x0, pointerCount=1, historySize=0, eventTime=69225659, downTime=69225659, deviceId=0, source=0x1002 }
03-02 06:09:17.948  5338  5338 I Input   : injectMotionEvent: MotionEvent { action=ACTION_MOVE, actionButton=0, id[0]=0, x[0]=540.0, y[0]=1002.0, toolType[0]=TOOL_TYPE_UNKNOWN, buttonState=0, metaState=0, flags=0x0, edgeFlags=0x0, pointerCount=1, historySize=0, eventTime=69225676, downTime=69225676, deviceId=0, source=0x1002 }
03-02 06:09:17.967  5338  5338 I Input   : injectMotionEvent: MotionEvent { action=ACTION_MOVE, actionButton=0, id[0]=0, x[0]=540.0, y[0]=1002.0, toolType[0]=TOOL_TYPE_UNKNOWN, buttonState=0, metaState=0, flags=0x0, edgeFlags=0x0, pointerCount=1, historySize=0, eventTime=69225696, downTime=69225696, deviceId=0, source=0x1002 }
03-02 06:09:17.990  5338  5338 I Input   : injectMotionEvent: MotionEvent { action=ACTION_MOVE, actionButton=0, id[0]=0, x[0]=540.0, y[0]=1002.0, toolType[0]=TOOL_TYPE_UNKNOWN, buttonState=0, metaState=0, flags=0x0, edgeFlags=0x0, pointerCount=1, historySize=0, eventTime=69225719, downTime=69225719, deviceId=0, source=0x1002 }
03-02 06:09:18.006  5338  5338 I Input   : injectMotionEvent: MotionEvent { action=ACTION_MOVE, actionButton=0, id[0]=0, x[0]=540.0, y[0]=1002.0, toolType[0]=TOOL_TYPE_UNKNOWN, buttonState=0, metaState=0, flags=0x0, edgeFlags=0x0, pointerCount=1, historySize=0, eventTime=69225734, downTime=69225734, deviceId=0, source=0x1002 }
03-02 06:09:18.025  5338  5338 I Input   : injectMotionEvent: MotionEvent { action=ACTION_MOVE, actionButton=0, id[0]=0, x[0]=540.0, y[0]=1002.0, toolType[0]=TOOL_TYPE_UNKNOWN, buttonState=0, metaState=0, flags=0x0, edgeFlags=0x0, pointerCount=1, historySize=0, eventTime=69225753, downTime=69225753, deviceId=0, source=0x1002 }
03-02 06:09:18.043  5338  5338 I Input   : injectMotionEvent: MotionEvent { action=ACTION_MOVE, actionButton=0, id[0]=0, x[0]=540.0, y[0]=1002.0, toolType[0]=TOOL_TYPE_UNKNOWN, buttonState=0, metaState=0, flags=0x0, edgeFlags=0x0, pointerCount=1, historySize=0, eventTime=69225771, downTime=69225771, deviceId=0, source=0x1002 }
03-02 06:09:18.061  5338  5338 I Input   : injectMotionEvent: MotionEvent { action=ACTION_MOVE, actionButton=0, id[0]=0, x[0]=540.0, y[0]=1002.0, toolType[0]=TOOL_TYPE_UNKNOWN, buttonState=0, metaState=0, flags=0x0, edgeFlags=0x0, pointerCount=1, historySize=0, eventTime=69225790, downTime=69225790, deviceId=0, source=0x1002 }
03-02 06:09:18.089  5338  5338 I Input   : injectMotionEvent: MotionEvent { action=ACTION_MOVE, actionButton=0, id[0]=0, x[0]=540.0, y[0]=1002.0, toolType[0]=TOOL_TYPE_UNKNOWN, buttonState=0, metaState=0, flags=0x0, edgeFlags=0x0, pointerCount=1, historySize=0, eventTime=69225817, downTime=69225817, deviceId=0, source=0x1002 }
03-02 06:09:18.113  5338  5338 I Input   : injectMotionEvent: MotionEvent { action=ACTION_MOVE, actionButton=0, id[0]=0, x[0]=540.0, y[0]=1002.0, toolType[0]=TOOL_TYPE_UNKNOWN, buttonState=0, metaState=0, flags=0x0, edgeFlags=0x0, pointerCount=1, historySize=0, eventTime=69225839, downTime=69225839, deviceId=0, source=0x1002 }
03-02 06:09:18.124  5338  5338 I Input   : injectMotionEvent: MotionEvent { action=ACTION_MOVE, actionButton=0, id[0]=0, x[0]=540.0, y[0]=1002.0, toolType[0]=TOOL_TYPE_UNKNOWN, buttonState=0, metaState=0, flags=0x0, edgeFlags=0x0, pointerCount=1, historySize=0, eventTime=69225853, downTime=69225853, deviceId=0, source=0x1002 }
03-02 06:09:18.149  5338  5338 I Input   : injectMotionEvent: MotionEvent { action=ACTION_MOVE, actionButton=0, id[0]=0, x[0]=540.0, y[0]=1002.0, toolType[0]=TOOL_TYPE_UNKNOWN, buttonState=0, metaState=0, flags=0x0, edgeFlags=0x0, pointerCount=1, historySize=0, eventTime=69225878, downTime=69225878, deviceId=0, source=0x1002 }
03-02 06:09:18.168  5338  5338 I Input   : injectMotionEvent: MotionEvent { action=ACTION_MOVE, actionButton=0, id[0]=0, x[0]=540.0, y[0]=1002.0, toolType[0]=TOOL_TYPE_UNKNOWN, buttonState=0, metaState=0, flags=0x0, edgeFlags=0x0, pointerCount=1, historySize=0, eventTime=69225897, downTime=69225897, deviceId=0, source=0x1002 }
03-02 06:09:18.186  5338  5338 I Input   : injectMotionEvent: MotionEvent { action=ACTION_MOVE, actionButton=0, id[0]=0, x[0]=540.0, y[0]=1002.0, toolType[0]=TOOL_TYPE_UNKNOWN, buttonState=0, metaState=0, flags=0x0, edgeFlags=0x0, pointerCount=1, historySize=0, eventTime=69225915, downTime=69225915, deviceId=0, source=0x1002 }
03-02 06:09:18.208  5338  5338 I Input   : injectMotionEvent: MotionEvent { action=ACTION_MOVE, actionButton=0, id[0]=0, x[0]=540.0, y[0]=1002.0, toolType[0]=TOOL_TYPE_UNKNOWN, buttonState=0, metaState=0, flags=0x0, edgeFlags=0x0, pointerCount=1, historySize=0, eventTime=69225937, downTime=69225937, deviceId=0, source=0x1002 }
03-02 06:09:18.230  5338  5338 I Input   : injectMotionEvent: MotionEvent { action=ACTION_MOVE, actionButton=0, id[0]=0, x[0]=540.0, y[0]=1002.0, toolType[0]=TOOL_TYPE_UNKNOWN, buttonState=0, metaState=0, flags=0x0, edgeFlags=0x0, pointerCount=1, historySize=0, eventTime=69225958, downTime=69225958, deviceId=0, source=0x1002 }
03-02 06:09:18.247  5338  5338 I Input   : injectMotionEvent: MotionEvent { action=ACTION_MOVE, actionButton=0, id[0]=0, x[0]=540.0, y[0]=1002.0, toolType[0]=TOOL_TYPE_UNKNOWN, buttonState=0, metaState=0, flags=0x0, edgeFlags=0x0, pointerCount=1, historySize=0, eventTime=69225976, downTime=69225976, deviceId=0, source=0x1002 }
03-02 06:09:18.275  5338  5338 I Input   : injectMotionEvent: MotionEvent { action=ACTION_MOVE, actionButton=0, id[0]=0, x[0]=540.0, y[0]=1002.0, toolType[0]=TOOL_TYPE_UNKNOWN, buttonState=0, metaState=0, flags=0x0, edgeFlags=0x0, pointerCount=1, historySize=0, eventTime=69226003, downTime=69226003, deviceId=0, source=0x1002 }
03-02 06:09:18.300  5338  5338 I Input   : injectMotionEvent: MotionEvent { action=ACTION_MOVE, actionButton=0, id[0]=0, x[0]=540.0, y[0]=1002.0, toolType[0]=TOOL_TYPE_UNKNOWN, buttonState=0, metaState=0, flags=0x0, edgeFlags=0x0, pointerCount=1, historySize=0, eventTime=69226028, downTime=69226028, deviceId=0, source=0x1002 }
03-02 06:09:18.324  5338  5338 I Input   : injectMotionEvent: MotionEvent { action=ACTION_MOVE, actionButton=0, id[0]=0, x[0]=540.0, y[0]=1002.0, toolType[0]=TOOL_TYPE_UNKNOWN, buttonState=0, metaState=0, flags=0x0, edgeFlags=0x0, pointerCount=1, historySize=0, eventTime=69226053, downTime=69226053, deviceId=0, source=0x1002 }
03-02 06:09:18.339  5338  5338 I Input   : injectMotionEvent: MotionEvent { action=ACTION_MOVE, actionButton=0, id[0]=0, x[0]=540.0, y[0]=1002.0, toolType[0]=TOOL_TYPE_UNKNOWN, buttonState=0, metaState=0, flags=0x0, edgeFlags=0x0, pointerCount=1, historySize=0, eventTime=69226068, downTime=69226068, deviceId=0, source=0x1002 }
03-02 06:09:18.358  5338  5338 I Input   : injectMotionEvent: MotionEvent { action=ACTION_MOVE, actionButton=0, id[0]=0, x[0]=540.0, y[0]=1002.0, toolType[0]=TOOL_TYPE_UNKNOWN, buttonState=0, metaState=0, flags=0x0, edgeFlags=0x0, pointerCount=1, historySize=0, eventTime=69226087, downTime=69226087, deviceId=0, source=0x1002 }
03-02 06:09:18.384  5338  5338 I Input   : injectMotionEvent: MotionEvent { action=ACTION_MOVE, actionButton=0, id[0]=0, x[0]=540.0, y[0]=1002.0, toolType[0]=TOOL_TYPE_UNKNOWN, buttonState=0, metaState=0, flags=0x0, edgeFlags=0x0, pointerCount=1, historySize=0, eventTime=69226113, downTime=69226113, deviceId=0, source=0x1002 }
03-02 06:09:18.398  5338  5338 I Input   : injectMotionEvent: MotionEvent { action=ACTION_MOVE, actionButton=0, id[0]=0, x[0]=540.0, y[0]=1002.0, toolType[0]=TOOL_TYPE_UNKNOWN, buttonState=0, metaState=0, flags=0x0, edgeFlags=0x0, pointerCount=1, historySize=0, eventTime=69226126, downTime=69226126, deviceId=0, source=0x1002 }
03-02 06:09:18.425  5338  5338 I Input   : injectMotionEvent: MotionEvent { action=ACTION_MOVE, actionButton=0, id[0]=0, x[0]=540.0, y[0]=1002.0, toolType[0]=TOOL_TYPE_UNKNOWN, buttonState=0, metaState=0, flags=0x0, edgeFlags=0x0, pointerCount=1, historySize=0, eventTime=69226153, downTime=69226153, deviceId=0, source=0x1002 }
03-02 06:09:18.453  5338  5338 I Input   : injectMotionEvent: MotionEvent { action=ACTION_MOVE, actionButton=0, id[0]=0, x[0]=540.0, y[0]=1002.0, toolType[0]=TOOL_TYPE_UNKNOWN, buttonState=0, metaState=0, flags=0x0, edgeFlags=0x0, pointerCount=1, historySize=0, eventTime=69226181, downTime=69226181, deviceId=0, source=0x1002 }
03-02 06:09:18.488  5338  5338 I Input   : injectMotionEvent: MotionEvent { action=ACTION_MOVE, actionButton=0, id[0]=0, x[0]=540.0, y[0]=1002.0, toolType[0]=TOOL_TYPE_UNKNOWN, buttonState=0, metaState=0, flags=0x0, edgeFlags=0x0, pointerCount=1, historySize=0, eventTime=69226216, downTime=69226216, deviceId=0, source=0x1002 }
03-02 06:09:18.509  5338  5338 I Input   : injectMotionEvent: MotionEvent { action=ACTION_MOVE, actionButton=0, id[0]=0, x[0]=540.0, y[0]=1002.0, toolType[0]=TOOL_TYPE_UNKNOWN, buttonState=0, metaState=0, flags=0x0, edgeFlags=0x0, pointerCount=1, historySize=0, eventTime=69226237, downTime=69226237, deviceId=0, source=0x1002 }
03-02 06:09:18.533  5338  5338 I Input   : injectMotionEvent: MotionEvent { action=ACTION_MOVE, actionButton=0, id[0]=0, x[0]=540.0, y[0]=1002.0, toolType[0]=TOOL_TYPE_UNKNOWN, buttonState=0, metaState=0, flags=0x0, edgeFlags=0x0, pointerCount=1, historySize=0, eventTime=69226262, downTime=69226262, deviceId=0, source=0x1002 }
03-02 06:09:18.548  5338  5338 I Input   : injectMotionEvent: MotionEvent { action=ACTION_MOVE, actionButton=0, id[0]=0, x[0]=540.0, y[0]=1002.0, toolType[0]=TOOL_TYPE_UNKNOWN, buttonState=0, metaState=0, flags=0x0, edgeFlags=0x0, pointerCount=1, historySize=0, eventTime=69226277, downTime=69226277, deviceId=0, source=0x1002 }
03-02 06:09:18.569  5338  5338 I Input   : injectMotionEvent: MotionEvent { action=ACTION_MOVE, actionButton=0, id[0]=0, x[0]=540.0, y[0]=1002.0, toolType[0]=TOOL_TYPE_UNKNOWN, buttonState=0, metaState=0, flags=0x0, edgeFlags=0x0, pointerCount=1, historySize=0, eventTime=69226297, downTime=69226297, deviceId=0, source=0x1002 }
03-02 06:09:18.595  5338  5338 I Input   : injectMotionEvent: MotionEvent { action=ACTION_MOVE, actionButton=0, id[0]=0, x[0]=540.0, y[0]=1002.0, toolType[0]=TOOL_TYPE_UNKNOWN, buttonState=0, metaState=0, flags=0x0, edgeFlags=0x0, pointerCount=1, historySize=0, eventTime=69226324, downTime=69226324, deviceId=0, source=0x1002 }
03-02 06:09:18.612  5338  5338 I Input   : injectMotionEvent: MotionEvent { action=ACTION_MOVE, actionButton=0, id[0]=0, x[0]=540.0, y[0]=1002.0, toolType[0]=TOOL_TYPE_UNKNOWN, buttonState=0, metaState=0, flags=0x0, edgeFlags=0x0, pointerCount=1, historySize=0, eventTime=69226341, downTime=69226341, deviceId=0, source=0x1002 }
03-02 06:09:18.633  5338  5338 I Input   : injectMotionEvent: MotionEvent { action=ACTION_MOVE, actionButton=0, id[0]=0, x[0]=540.0, y[0]=1002.0, toolType[0]=TOOL_TYPE_UNKNOWN, buttonState=0, metaState=0, flags=0x0, edgeFlags=0x0, pointerCount=1, historySize=0, eventTime=69226361, downTime=69226361, deviceId=0, source=0x1002 }
03-02 06:09:18.652  5338  5338 I Input   : injectMotionEvent: MotionEvent { action=ACTION_MOVE, actionButton=0, id[0]=0, x[0]=540.0, y[0]=1002.0, toolType[0]=TOOL_TYPE_UNKNOWN, buttonState=0, metaState=0, flags=0x0, edgeFlags=0x0, pointerCount=1, historySize=0, eventTime=69226380, downTime=69226380, deviceId=0, source=0x1002 }
03-02 06:09:18.670  5338  5338 I Input   : injectMotionEvent: MotionEvent { action=ACTION_MOVE, actionButton=0, id[0]=0, x[0]=540.0, y[0]=1002.0, toolType[0]=TOOL_TYPE_UNKNOWN, buttonState=0, metaState=0, flags=0x0, edgeFlags=0x0, pointerCount=1, historySize=0, eventTime=69226399, downTime=69226399, deviceId=0, source=0x1002 }
03-02 06:09:18.691  5338  5338 I Input   : injectMotionEvent: MotionEvent { action=ACTION_MOVE, actionButton=0, id[0]=0, x[0]=540.0, y[0]=1002.0, toolType[0]=TOOL_TYPE_UNKNOWN, buttonState=0, metaState=0, flags=0x0, edgeFlags=0x0, pointerCount=1, historySize=0, eventTime=69226420, downTime=69226420, deviceId=0, source=0x1002 }
03-02 06:09:18.718  5338  5338 I Input   : injectMotionEvent: MotionEvent { action=ACTION_MOVE, actionButton=0, id[0]=0, x[0]=540.0, y[0]=1002.0, toolType[0]=TOOL_TYPE_UNKNOWN, buttonState=0, metaState=0, flags=0x0, edgeFlags=0x0, pointerCount=1, historySize=0, eventTime=69226446, downTime=69226446, deviceId=0, source=0x1002 }
03-02 06:09:18.741  5338  5338 I Input   : injectMotionEvent: MotionEvent { action=ACTION_MOVE, actionButton=0, id[0]=0, x[0]=540.0, y[0]=1002.0, toolType[0]=TOOL_TYPE_UNKNOWN, buttonState=0, metaState=0, flags=0x0, edgeFlags=0x0, pointerCount=1, historySize=0, eventTime=69226470, downTime=69226470, deviceId=0, source=0x1002 }
03-02 06:09:18.758  5338  5338 I Input   : injectMotionEvent: MotionEvent { action=ACTION_MOVE, actionButton=0, id[0]=0, x[0]=540.0, y[0]=1002.0, toolType[0]=TOOL_TYPE_UNKNOWN, buttonState=0, metaState=0, flags=0x0, edgeFlags=0x0, pointerCount=1, historySize=0, eventTime=69226487, downTime=69226487, deviceId=0, source=0x1002 }
03-02 06:09:18.778  5338  5338 I Input   : injectMotionEvent: MotionEvent { action=ACTION_MOVE, actionButton=0, id[0]=0, x[0]=540.0, y[0]=1002.0, toolType[0]=TOOL_TYPE_UNKNOWN, buttonState=0, metaState=0, flags=0x0, edgeFlags=0x0, pointerCount=1, historySize=0, eventTime=69226507, downTime=69226507, deviceId=0, source=0x1002 }
03-02 06:09:18.808  5338  5338 I Input   : injectMotionEvent: MotionEvent { action=ACTION_MOVE, actionButton=0, id[0]=0, x[0]=540.0, y[0]=1002.0, toolType[0]=TOOL_TYPE_UNKNOWN, buttonState=0, metaState=0, flags=0x0, edgeFlags=0x0, pointerCount=1, historySize=0, eventTime=69226537, downTime=69226537, deviceId=0, source=0x1002 }
03-02 06:09:18.822  5338  5338 I Input   : injectMotionEvent: MotionEvent { action=ACTION_MOVE, actionButton=0, id[0]=0, x[0]=540.0, y[0]=1002.0, toolType[0]=TOOL_TYPE_UNKNOWN, buttonState=0, metaState=0, flags=0x0, edgeFlags=0x0, pointerCount=1, historySize=0, eventTime=69226551, downTime=69226551, deviceId=0, source=0x1002 }
03-02 06:09:18.840  5338  5338 I Input   : injectMotionEvent: MotionEvent { action=ACTION_MOVE, actionButton=0, id[0]=0, x[0]=540.0, y[0]=1002.0, toolType[0]=TOOL_TYPE_UNKNOWN, buttonState=0, metaState=0, flags=0x0, edgeFlags=0x0, pointerCount=1, historySize=0, eventTime=69226569, downTime=69226569, deviceId=0, source=0x1002 }
03-02 06:09:18.865  5338  5338 I Input   : injectMotionEvent: MotionEvent { action=ACTION_MOVE, actionButton=0, id[0]=0, x[0]=540.0, y[0]=1002.0, toolType[0]=TOOL_TYPE_UNKNOWN, buttonState=0, metaState=0, flags=0x0, edgeFlags=0x0, pointerCount=1, historySize=0, eventTime=69226593, downTime=69226593, deviceId=0, source=0x1002 }
