03-02 05:57:07.131 31357 31357 E memtrack: Couldn't load memtrack module (No such file or directory)
03-02 05:57:07.131 31357 31357 E android.os.Debug: failed to load memtrack module: -2
03-02 05:57:07.146 31357 31357 I Radio-JNI: register_android_hardware_Radio DONE
03-02 05:57:07.181 31357 31357 D AndroidRuntime: Calling main entry com.android.commands.uiautomator.Launcher
03-02 05:57:08.409 31357 31357 W AccessibilityNodeInfoDumper: Fetch time: 18ms
03-02 05:57:08.417  1911  2143 W WindowManager: Attempted to remove non-existing token: android.os.Binder@3efc572
03-02 05:57:08.591 31357 31357 D AndroidRuntime: Shutting down VM
03-02 05:57:10.459 31375 31375 D AndroidRuntime: >>>>>> START com.android.internal.os.RuntimeInit uid 0 <<<<<<
03-02 05:57:10.475 31375 31375 D AndroidRuntime: CheckJNI is ON
03-02 05:57:10.519 31375 31375 D ICU     : No timezone override file found: /data/misc/zoneinfo/current/icu/icu_tzdata.dat
03-02 05:57:10.638 31375 31375 E memtrack: Couldn't load memtrack module (No such file or directory)
03-02 05:57:10.638 31375 31375 E android.os.Debug: failed to load memtrack module: -2
03-02 05:57:10.644 31375 31375 I Radio-JNI: register_android_hardware_Radio DONE
03-02 05:57:10.690 31375 31375 D AndroidRuntime: Calling main entry com.android.commands.uiautomator.Launcher
03-02 05:57:11.959 31375 31375 W AccessibilityNodeInfoDumper: Fetch time: 11ms
03-02 05:57:11.964  1911  3284 W WindowManager: Attempted to remove non-existing token: android.os.Binder@36bfdc3
03-02 05:57:12.144 31375 31375 D AndroidRuntime: Shutting down VM
03-02 05:57:12.897  1271  1329 E SurfaceFlinger: ro.sf.lcd_density must be defined as a build property
03-02 05:57:12.919  1271  1327 D gralloc_ranchu: gralloc_alloc: Creating ashmem region of size 8294400
03-02 05:57:12.987 31386 31386 D         : HostConnection::get() New Host Connection established 0xb658d300, tid 31386
03-02 05:57:14.898 31391 31391 D AndroidRuntime: >>>>>> START com.android.internal.os.RuntimeInit uid 0 <<<<<<
03-02 05:57:14.907 31391 31391 D AndroidRuntime: CheckJNI is ON
03-02 05:57:14.969 31391 31391 D ICU     : No timezone override file found: /data/misc/zoneinfo/current/icu/icu_tzdata.dat
03-02 05:57:15.190 31391 31391 E memtrack: Couldn't load memtrack module (No such file or directory)
03-02 05:57:15.191 31391 31391 E android.os.Debug: failed to load memtrack module: -2
03-02 05:57:15.201 31391 31391 I Radio-JNI: register_android_hardware_Radio DONE
03-02 05:57:15.288 31391 31391 D AndroidRuntime: Calling main entry com.android.commands.am.Am
03-02 05:57:15.390  4445  4445 D MediaScannerReceiver: action: android.intent.action.MEDIA_SCANNER_SCAN_FILE path: /storage/emulated/0/screen.png
03-02 05:57:15.416 31391 31391 D AndroidRuntime: Shutting down VM
03-02 05:57:16.095  2709  2966 I NetworkScheduler.Stats: Task com.google.android.gms/com.google.android.gms.ipa.base.IpaGcmTaskService started execution. cause:9 exec_start_elapsed_seconds: 68503 [CONTEXT service_id=218 ]
03-02 05:57:16.170  2709  2977 I NetworkScheduler.Stats: Task com.google.android.gms/com.google.android.gms.ipa.base.IpaGcmTaskService finished executing. cause:9 result: 1 elapsed_millis: 250 uptime_millis: 251 exec_start_elapsed_seconds: 68503 [CONTEXT service_id=218 ]
03-02 05:57:16.501  2709  2966 I NetworkScheduler.Stats: Task com.google.android.gms/com.google.android.gms.checkin.EventLogService started execution. cause:5 exec_start_elapsed_seconds: 68504 [CONTEXT service_id=218 ]
03-02 05:57:16.639  2726 20422 I Checkin : [EventLogChimeraService] Opted in for usage reporting: false
03-02 05:57:16.640  2726 20422 I Checkin : [EventLogChimeraService] Aggregate from 1677753074856 (log), 1677753074856 (data)
03-02 05:57:16.909  2709  2977 I NetworkScheduler.Stats: Task com.google.android.gms/com.google.android.gms.clearcut.uploader.QosUploaderService started execution. cause:5 exec_start_elapsed_seconds: 68504 [CONTEXT service_id=218 ]
03-02 05:57:17.282  1911  2142 I AccountManagerService: getTypesVisibleToCaller: isPermitted? true
03-02 05:57:17.393  1911  3280 I AccountManagerService: getTypesVisibleToCaller: isPermitted? true
03-02 05:57:17.600  2709  2977 W Conscrypt: Could not set socket write timeout: java.net.SocketException: Socket closed
03-02 05:57:17.600  2709  2977 E art     : invalid stream - problem with parameter iterator in /system/priv-app/PrebuiltGmsCore/PrebuiltGmsCore.apk:classes3.dex for method void com.google.android.gms.org.conscrypt.ConscryptFileDescriptorSocket.setSoWriteTimeout(int)
03-02 05:57:17.602  2709  2977 W Conscrypt: 	at com.google.android.gms.org.conscrypt.Platform.setSocketWriteTimeout(:com.google.android.gms@202414022@20.24.14 (040700-319035315):2)
03-02 05:57:17.604  2709  2977 W Conscrypt: 	at com.google.android.gms.org.conscrypt.ConscryptFileDescriptorSocket.setSoWriteTimeout(:com.google.android.gms@202414022@20.24.14 (040700-319035315))
03-02 05:57:17.687  2709  2977 W Conscrypt: Could not set socket write timeout: java.net.SocketException: Socket closed
03-02 05:57:17.688  2709  2977 E art     : invalid stream - problem with parameter iterator in /system/priv-app/PrebuiltGmsCore/PrebuiltGmsCore.apk:classes3.dex for method void com.google.android.gms.org.conscrypt.ConscryptFileDescriptorSocket.setSoWriteTimeout(int)
03-02 05:57:17.689  2709  2977 W Conscrypt: 	at com.google.android.gms.org.conscrypt.Platform.setSocketWriteTimeout(:com.google.android.gms@202414022@20.24.14 (040700-319035315):2)
03-02 05:57:17.689  2709  2977 W Conscrypt: 	at com.google.android.gms.org.conscrypt.ConscryptFileDescriptorSocket.setSoWriteTimeout(:com.google.android.gms@202414022@20.24.14 (040700-319035315))
03-02 05:57:17.844  1911  3285 I AccountManagerService: getTypesVisibleToCaller: isPermitted? true
03-02 05:57:17.865  1911  2144 I AccountManagerService: getTypesVisibleToCaller: isPermitted? true
03-02 05:57:18.196  2709  2966 I NetworkScheduler.Stats: Task com.google.android.gms/com.google.android.gms.clearcut.uploader.QosUploaderService finished executing. cause:5 result: 1 elapsed_millis: 1550 uptime_millis: 1550 exec_start_elapsed_seconds: 68504 [CONTEXT service_id=218 ]
03-02 05:57:18.956  1911  3280 I AccountManagerService: getTypesVisibleToCaller: isPermitted? true
03-02 05:57:19.079  2709  2977 I NetworkScheduler.Stats: Task com.google.android.gms/com.google.android.gms.checkin.EventLogService finished executing. cause:5 result: 1 elapsed_millis: 2728 uptime_millis: 2728 exec_start_elapsed_seconds: 68504 [CONTEXT service_id=218 ]
03-02 05:57:19.497 31407 31407 D AndroidRuntime: >>>>>> START com.android.internal.os.RuntimeInit uid 0 <<<<<<
03-02 05:57:19.518 31407 31407 D AndroidRuntime: CheckJNI is ON
03-02 05:57:19.607 31407 31407 D ICU     : No timezone override file found: /data/misc/zoneinfo/current/icu/icu_tzdata.dat
03-02 05:57:19.769 31407 31407 E memtrack: Couldn't load memtrack module (No such file or directory)
03-02 05:57:19.770 31407 31407 E android.os.Debug: failed to load memtrack module: -2
03-02 05:57:19.794 31407 31407 I Radio-JNI: register_android_hardware_Radio DONE
03-02 05:57:19.849 31407 31407 D AndroidRuntime: Calling main entry com.android.commands.uiautomator.Launcher
03-02 05:57:21.156 31407 31407 W AccessibilityNodeInfoDumper: Fetch time: 11ms
03-02 05:57:21.180  1911  1923 W WindowManager: Attempted to remove non-existing token: android.os.Binder@37c6c88
03-02 05:57:21.421 31407 31407 D AndroidRuntime: Shutting down VM
03-02 05:57:25.231 31425 31425 D AndroidRuntime: >>>>>> START com.android.internal.os.RuntimeInit uid 0 <<<<<<
03-02 05:57:25.239 31425 31425 D AndroidRuntime: CheckJNI is ON
03-02 05:57:25.325 31425 31425 D ICU     : No timezone override file found: /data/misc/zoneinfo/current/icu/icu_tzdata.dat
03-02 05:57:25.468 31425 31425 E memtrack: Couldn't load memtrack module (No such file or directory)
03-02 05:57:25.469 31425 31425 E android.os.Debug: failed to load memtrack module: -2
03-02 05:57:25.476 31425 31425 I Radio-JNI: register_android_hardware_Radio DONE
03-02 05:57:25.528 31425 31425 D AndroidRuntime: Calling main entry com.android.commands.uiautomator.Launcher
03-02 05:57:26.762 31425 31425 W AccessibilityNodeInfoDumper: Fetch time: 20ms
03-02 05:57:26.765  1911  1922 W WindowManager: Attempted to remove non-existing token: android.os.Binder@e3bd621
03-02 05:57:26.916 31425 31425 D AndroidRuntime: Shutting down VM
03-02 05:57:28.471 31440 31440 D AndroidRuntime: >>>>>> START com.android.internal.os.RuntimeInit uid 0 <<<<<<
03-02 05:57:28.477 31440 31440 D AndroidRuntime: CheckJNI is ON
03-02 05:57:28.538 31440 31440 D ICU     : No timezone override file found: /data/misc/zoneinfo/current/icu/icu_tzdata.dat
03-02 05:57:28.656 31440 31440 E memtrack: Couldn't load memtrack module (No such file or directory)
03-02 05:57:28.657 31440 31440 E android.os.Debug: failed to load memtrack module: -2
03-02 05:57:28.661 31440 31440 I Radio-JNI: register_android_hardware_Radio DONE
03-02 05:57:28.709 31440 31440 D AndroidRuntime: Calling main entry com.android.commands.uiautomator.Launcher
03-02 05:57:29.115  1911  1921 I art     : Background partial concurrent mark sweep GC freed 21495(1438KB) AllocSpace objects, 14(320KB) LOS objects, 32% free, 8MB/12MB, paused 3.235ms total 189.804ms
03-02 05:57:30.067 31440 31440 W AccessibilityNodeInfoDumper: Fetch time: 25ms
03-02 05:57:30.069  1911  3284 W WindowManager: Attempted to remove non-existing token: android.os.Binder@93e6a46
03-02 05:57:30.430 31440 31440 D AndroidRuntime: Shutting down VM
03-02 05:57:32.477 31456 31456 D AndroidRuntime: >>>>>> START com.android.internal.os.RuntimeInit uid 0 <<<<<<
03-02 05:57:32.500 31456 31456 D AndroidRuntime: CheckJNI is ON
03-02 05:57:32.614 31456 31456 D ICU     : No timezone override file found: /data/misc/zoneinfo/current/icu/icu_tzdata.dat
03-02 05:57:32.776 31456 31456 E memtrack: Couldn't load memtrack module (No such file or directory)
03-02 05:57:32.777 31456 31456 E android.os.Debug: failed to load memtrack module: -2
03-02 05:57:32.800 31456 31456 I Radio-JNI: register_android_hardware_Radio DONE
03-02 05:57:32.858 31456 31456 D AndroidRuntime: Calling main entry com.android.commands.uiautomator.Launcher
03-02 05:57:34.157 31456 31456 W AccessibilityNodeInfoDumper: Fetch time: 12ms
03-02 05:57:34.172  1911  2145 W WindowManager: Attempted to remove non-existing token: android.os.Binder@6afc934
03-02 05:57:34.366 31456 31456 D AndroidRuntime: Shutting down VM
03-02 05:57:36.141 31473 31473 D AndroidRuntime: >>>>>> START com.android.internal.os.RuntimeInit uid 0 <<<<<<
03-02 05:57:36.157 31473 31473 D AndroidRuntime: CheckJNI is ON
03-02 05:57:36.226 31473 31473 D ICU     : No timezone override file found: /data/misc/zoneinfo/current/icu/icu_tzdata.dat
03-02 05:57:36.379 31473 31473 E memtrack: Couldn't load memtrack module (No such file or directory)
03-02 05:57:36.380 31473 31473 E android.os.Debug: failed to load memtrack module: -2
03-02 05:57:36.397 31473 31473 I Radio-JNI: register_android_hardware_Radio DONE
03-02 05:57:36.439 31473 31473 D AndroidRuntime: Calling main entry com.android.commands.uiautomator.Launcher
03-02 05:57:37.697 31473 31473 W AccessibilityNodeInfoDumper: Fetch time: 12ms
03-02 05:57:37.701  1911  2740 W WindowManager: Attempted to remove non-existing token: android.os.Binder@a5eb35d
03-02 05:57:37.929 31473 31473 D AndroidRuntime: Shutting down VM
03-02 05:57:39.584 31484 31484 D AndroidRuntime: >>>>>> START com.android.internal.os.RuntimeInit uid 0 <<<<<<
03-02 05:57:39.606 31484 31484 D AndroidRuntime: CheckJNI is ON
03-02 05:57:39.675 31484 31484 D ICU     : No timezone override file found: /data/misc/zoneinfo/current/icu/icu_tzdata.dat
03-02 05:57:39.815 31484 31484 E memtrack: Couldn't load memtrack module (No such file or directory)
03-02 05:57:39.815 31484 31484 E android.os.Debug: failed to load memtrack module: -2
03-02 05:57:39.823 31484 31484 I Radio-JNI: register_android_hardware_Radio DONE
03-02 05:57:39.879 31484 31484 D AndroidRuntime: Calling main entry com.android.commands.input.Input
03-02 05:57:39.922 31484 31484 I Input   : injectMotionEvent: MotionEvent { action=ACTION_DOWN, actionButton=0, id[0]=0, x[0]=911.0, y[0]=136.0, toolType[0]=TOOL_TYPE_UNKNOWN, buttonState=0, metaState=0, flags=0x0, edgeFlags=0x0, pointerCount=1, historySize=0, eventTime=68527624, downTime=68527624, deviceId=0, source=0x1002 }
03-02 05:57:39.969 31484 31484 I Input   : injectMotionEvent: MotionEvent { action=ACTION_UP, actionButton=0, id[0]=0, x[0]=911.0, y[0]=136.0, toolType[0]=TOOL_TYPE_UNKNOWN, buttonState=0, metaState=0, flags=0x0, edgeFlags=0x0, pointerCount=1, historySize=0, eventTime=68527624, downTime=68527624, deviceId=0, source=0x1002 }
03-02 05:57:40.000 31484 31484 D AndroidRuntime: Shutting down VM
03-02 05:57:40.647  7970  7986 D EGL_emulation: eglMakeCurrent: 0xaa9a4c00: ver 3 0 (tinfo 0xaa9a9aa0)
03-02 05:57:40.885  7970  7986 D EGL_emulation: eglMakeCurrent: 0xaa9a4c00: ver 3 0 (tinfo 0xaa9a9aa0)
03-02 05:57:41.008  7970  7970 I Choreographer: Skipped 46 frames!  The application may be doing too much work on its main thread.
03-02 05:57:41.108  7970  7986 D EGL_emulation: eglMakeCurrent: 0xaa9a4c00: ver 3 0 (tinfo 0xaa9a9aa0)
03-02 05:57:41.814  7970  7986 D EGL_emulation: eglMakeCurrent: 0xaa9a4c00: ver 3 0 (tinfo 0xaa9a9aa0)
03-02 05:57:42.048  1911  3285 W art     : Long monitor contention event with owner method=void com.android.server.wm.WindowAnimator$1.doFrame(long) from WindowAnimator.java:121 waiters=0 for 204ms
03-02 05:57:42.410  1911  3285 W art     : Long monitor contention event with owner method=void com.android.server.wm.WindowAnimator$1.doFrame(long) from WindowAnimator.java:121 waiters=0 for 354ms
03-02 05:57:42.441  7970  7970 I Choreographer: Skipped 84 frames!  The application may be doing too much work on its main thread.
03-02 05:57:42.769  1911  2144 W art     : Long monitor contention event with owner method=void com.android.server.wm.WindowAnimator$1.doFrame(long) from WindowAnimator.java:121 waiters=0 for 302ms
03-02 05:57:42.797  7970  7986 D EGL_emulation: eglMakeCurrent: 0xaa9a4c00: ver 3 0 (tinfo 0xaa9a9aa0)
03-02 05:57:43.367  7970  7986 D EGL_emulation: eglMakeCurrent: 0xaa9a4c00: ver 3 0 (tinfo 0xaa9a9aa0)
03-02 05:57:43.463  1642  1941 W audio_hw_generic: Not supplying enough data to HAL, expected position 28273679 , only wrote 28136126
03-02 05:57:43.694  7970  7986 D EGL_emulation: eglMakeCurrent: 0xaa9a4c00: ver 3 0 (tinfo 0xaa9a9aa0)
03-02 05:57:46.197  2726 31739 I GmscoreIpa: how are you::
03-02 05:57:49.463 31751 31751 D AndroidRuntime: >>>>>> START com.android.internal.os.RuntimeInit uid 0 <<<<<<
03-02 05:57:49.467 31751 31751 D AndroidRuntime: CheckJNI is ON
03-02 05:57:49.526 31751 31751 D ICU     : No timezone override file found: /data/misc/zoneinfo/current/icu/icu_tzdata.dat
03-02 05:57:49.670 31751 31751 E memtrack: Couldn't load memtrack module (No such file or directory)
03-02 05:57:49.670 31751 31751 E android.os.Debug: failed to load memtrack module: -2
03-02 05:57:49.676 31751 31751 I Radio-JNI: register_android_hardware_Radio DONE
03-02 05:57:49.730 31751 31751 D AndroidRuntime: Calling main entry com.android.commands.uiautomator.Launcher
03-02 05:57:51.117 31751 31751 W AccessibilityNodeInfoDumper: Fetch time: 26ms
03-02 05:57:51.121  1911  2142 W WindowManager: Attempted to remove non-existing token: android.os.Binder@7ef0acc
03-02 05:57:51.328 31751 31751 D AndroidRuntime: Shutting down VM
03-02 05:57:54.184 31774 31774 D AndroidRuntime: >>>>>> START com.android.internal.os.RuntimeInit uid 0 <<<<<<
03-02 05:57:54.202 31774 31774 D AndroidRuntime: CheckJNI is ON
03-02 05:57:54.243 31774 31774 D ICU     : No timezone override file found: /data/misc/zoneinfo/current/icu/icu_tzdata.dat
03-02 05:57:54.360 31774 31774 E memtrack: Couldn't load memtrack module (No such file or directory)
03-02 05:57:54.361 31774 31774 E android.os.Debug: failed to load memtrack module: -2
03-02 05:57:54.366 31774 31774 I Radio-JNI: register_android_hardware_Radio DONE
03-02 05:57:54.415 31774 31774 D AndroidRuntime: Calling main entry com.android.commands.uiautomator.Launcher
03-02 05:57:55.736 31774 31774 W AccessibilityNodeInfoDumper: Fetch time: 18ms
03-02 05:57:55.739  1911  3283 W WindowManager: Attempted to remove non-existing token: android.os.Binder@bd9f115
03-02 05:57:55.897 31774 31774 D AndroidRuntime: Shutting down VM
03-02 05:57:57.662 31790 31790 D AndroidRuntime: >>>>>> START com.android.internal.os.RuntimeInit uid 0 <<<<<<
03-02 05:57:57.668 31790 31790 D AndroidRuntime: CheckJNI is ON
03-02 05:57:57.727 31790 31790 D ICU     : No timezone override file found: /data/misc/zoneinfo/current/icu/icu_tzdata.dat
03-02 05:57:57.840 31790 31790 E memtrack: Couldn't load memtrack module (No such file or directory)
03-02 05:57:57.840 31790 31790 E android.os.Debug: failed to load memtrack module: -2
03-02 05:57:57.847 31790 31790 I Radio-JNI: register_android_hardware_Radio DONE
03-02 05:57:57.881 31790 31790 D AndroidRuntime: Calling main entry com.android.commands.uiautomator.Launcher
03-02 05:57:59.268 31790 31790 W AccessibilityNodeInfoDumper: Fetch time: 18ms
03-02 05:57:59.287  1911  2143 W WindowManager: Attempted to remove non-existing token: android.os.Binder@e7e3c2a
03-02 05:57:59.626 31790 31790 D AndroidRuntime: Shutting down VM
03-02 05:58:00.576  1271  1330 D hwcomposer: hw_composer sent 129 syncs in 60s
03-02 05:58:02.925 31813 31813 D AndroidRuntime: >>>>>> START com.android.internal.os.RuntimeInit uid 0 <<<<<<
03-02 05:58:02.930 31813 31813 D AndroidRuntime: CheckJNI is ON
03-02 05:58:02.990 31813 31813 D ICU     : No timezone override file found: /data/misc/zoneinfo/current/icu/icu_tzdata.dat
03-02 05:58:03.130 31813 31813 E memtrack: Couldn't load memtrack module (No such file or directory)
03-02 05:58:03.130 31813 31813 E android.os.Debug: failed to load memtrack module: -2
03-02 05:58:03.136 31813 31813 I Radio-JNI: register_android_hardware_Radio DONE
03-02 05:58:03.191 31813 31813 D AndroidRuntime: Calling main entry com.android.commands.uiautomator.Launcher
03-02 05:58:04.546 31813 31813 W AccessibilityNodeInfoDumper: Fetch time: 14ms
03-02 05:58:04.550  1911  2740 W WindowManager: Attempted to remove non-existing token: android.os.Binder@4909a1b
03-02 05:58:04.756 31813 31813 D AndroidRuntime: Shutting down VM
03-02 05:58:07.998 31841 31841 D AndroidRuntime: >>>>>> START com.android.internal.os.RuntimeInit uid 0 <<<<<<
03-02 05:58:08.004 31841 31841 D AndroidRuntime: CheckJNI is ON
03-02 05:58:08.063 31841 31841 D ICU     : No timezone override file found: /data/misc/zoneinfo/current/icu/icu_tzdata.dat
03-02 05:58:08.203 31841 31841 E memtrack: Couldn't load memtrack module (No such file or directory)
03-02 05:58:08.203 31841 31841 E android.os.Debug: failed to load memtrack module: -2
03-02 05:58:08.208 31841 31841 I Radio-JNI: register_android_hardware_Radio DONE
03-02 05:58:08.245 31841 31841 D AndroidRuntime: Calling main entry com.android.commands.uiautomator.Launcher
03-02 05:58:08.616  1911  1921 I art     : Background partial concurrent mark sweep GC freed 34398(2MB) AllocSpace objects, 21(420KB) LOS objects, 32% free, 8MB/12MB, paused 3.919ms total 198.554ms
03-02 05:58:09.586 31841 31841 W AccessibilityNodeInfoDumper: Fetch time: 20ms
03-02 05:58:09.588  1911  2145 W WindowManager: Attempted to remove non-existing token: android.os.Binder@c6807b8
03-02 05:58:09.749 31841 31841 D AndroidRuntime: Shutting down VM
03-02 05:58:13.730  1271  1956 E SurfaceFlinger: ro.sf.lcd_density must be defined as a build property
03-02 05:58:13.756  1271  1327 D gralloc_ranchu: gralloc_alloc: Creating ashmem region of size 8294400
03-02 05:58:13.797 31857 31857 D         : HostConnection::get() New Host Connection established 0xb660d300, tid 31857
03-02 05:58:15.707 31862 31862 D AndroidRuntime: >>>>>> START com.android.internal.os.RuntimeInit uid 0 <<<<<<
03-02 05:58:15.717 31862 31862 D AndroidRuntime: CheckJNI is ON
03-02 05:58:15.859 31862 31862 D ICU     : No timezone override file found: /data/misc/zoneinfo/current/icu/icu_tzdata.dat
03-02 05:58:16.083 31862 31862 E memtrack: Couldn't load memtrack module (No such file or directory)
03-02 05:58:16.083 31862 31862 E android.os.Debug: failed to load memtrack module: -2
03-02 05:58:16.105 31862 31862 I Radio-JNI: register_android_hardware_Radio DONE
03-02 05:58:16.196 31862 31862 D AndroidRuntime: Calling main entry com.android.commands.am.Am
03-02 05:58:16.260  4445  4445 D MediaScannerReceiver: action: android.intent.action.MEDIA_SCANNER_SCAN_FILE path: /storage/emulated/0/screen.png
03-02 05:58:16.295 31862 31862 D AndroidRuntime: Shutting down VM
03-02 05:58:16.910  2709  2966 I NetworkScheduler.Stats: Task com.google.android.gms/com.google.android.gms.ipa.base.IpaGcmTaskService started execution. cause:9 exec_start_elapsed_seconds: 68564 [CONTEXT service_id=218 ]
03-02 05:58:16.971  2709  2977 I NetworkScheduler.Stats: Task com.google.android.gms/com.google.android.gms.ipa.base.IpaGcmTaskService finished executing. cause:9 result: 1 elapsed_millis: 182 uptime_millis: 182 exec_start_elapsed_seconds: 68564 [CONTEXT service_id=218 ]
03-02 05:58:20.974 31875 31875 D AndroidRuntime: >>>>>> START com.android.internal.os.RuntimeInit uid 0 <<<<<<
03-02 05:58:20.979 31875 31875 D AndroidRuntime: CheckJNI is ON
03-02 05:58:21.037 31875 31875 D ICU     : No timezone override file found: /data/misc/zoneinfo/current/icu/icu_tzdata.dat
03-02 05:58:21.179 31875 31875 E memtrack: Couldn't load memtrack module (No such file or directory)
03-02 05:58:21.180 31875 31875 E android.os.Debug: failed to load memtrack module: -2
03-02 05:58:21.187 31875 31875 I Radio-JNI: register_android_hardware_Radio DONE
03-02 05:58:21.235 31875 31875 D AndroidRuntime: Calling main entry com.android.commands.uiautomator.Launcher
03-02 05:58:22.554 31875 31875 W AccessibilityNodeInfoDumper: Fetch time: 18ms
03-02 05:58:22.557  1911  2739 W WindowManager: Attempted to remove non-existing token: android.os.Binder@80e2682
03-02 05:58:22.766 31875 31875 D AndroidRuntime: Shutting down VM
03-02 05:58:26.735 31890 31890 D AndroidRuntime: >>>>>> START com.android.internal.os.RuntimeInit uid 0 <<<<<<
03-02 05:58:26.744 31890 31890 D AndroidRuntime: CheckJNI is ON
03-02 05:58:26.824 31890 31890 D ICU     : No timezone override file found: /data/misc/zoneinfo/current/icu/icu_tzdata.dat
03-02 05:58:27.005 31890 31890 E memtrack: Couldn't load memtrack module (No such file or directory)
03-02 05:58:27.005 31890 31890 E android.os.Debug: failed to load memtrack module: -2
03-02 05:58:27.009 31890 31890 I Radio-JNI: register_android_hardware_Radio DONE
03-02 05:58:27.042 31890 31890 D AndroidRuntime: Calling main entry com.android.commands.uiautomator.Launcher
03-02 05:58:28.337 31890 31890 W AccessibilityNodeInfoDumper: Fetch time: 8ms
03-02 05:58:28.350  1911  1923 W WindowManager: Attempted to remove non-existing token: android.os.Binder@84e3193
03-02 05:58:28.489 31890 31890 D AndroidRuntime: Shutting down VM
03-02 05:58:30.576 31905 31905 D AndroidRuntime: >>>>>> START com.android.internal.os.RuntimeInit uid 0 <<<<<<
03-02 05:58:30.590 31905 31905 D AndroidRuntime: CheckJNI is ON
03-02 05:58:30.731 31905 31905 D ICU     : No timezone override file found: /data/misc/zoneinfo/current/icu/icu_tzdata.dat
03-02 05:58:30.980 31905 31905 E memtrack: Couldn't load memtrack module (No such file or directory)
03-02 05:58:30.980 31905 31905 E android.os.Debug: failed to load memtrack module: -2
03-02 05:58:31.005 31905 31905 I Radio-JNI: register_android_hardware_Radio DONE
03-02 05:58:31.070 31905 31905 D AndroidRuntime: Calling main entry com.android.commands.uiautomator.Launcher
03-02 05:58:32.586 31905 31905 W AccessibilityNodeInfoDumper: Fetch time: 44ms
03-02 05:58:32.594  1911  3281 W WindowManager: Attempted to remove non-existing token: android.os.Binder@71815d0
03-02 05:58:32.829 31905 31905 D AndroidRuntime: Shutting down VM
03-02 05:58:34.434 31920 31920 D AndroidRuntime: >>>>>> START com.android.internal.os.RuntimeInit uid 0 <<<<<<
03-02 05:58:34.450 31920 31920 D AndroidRuntime: CheckJNI is ON
03-02 05:58:34.540 31920 31920 D ICU     : No timezone override file found: /data/misc/zoneinfo/current/icu/icu_tzdata.dat
03-02 05:58:34.675 31920 31920 E memtrack: Couldn't load memtrack module (No such file or directory)
03-02 05:58:34.675 31920 31920 E android.os.Debug: failed to load memtrack module: -2
03-02 05:58:34.691 31920 31920 I Radio-JNI: register_android_hardware_Radio DONE
03-02 05:58:34.734 31920 31920 D AndroidRuntime: Calling main entry com.android.commands.uiautomator.Launcher
03-02 05:58:36.193 31920 31920 W AccessibilityNodeInfoDumper: Fetch time: 21ms
03-02 05:58:36.198  1911  3284 W WindowManager: Attempted to remove non-existing token: android.os.Binder@ac6d9c9
03-02 05:58:36.468 31920 31920 D AndroidRuntime: Shutting down VM
03-02 05:58:37.753 31931 31931 D AndroidRuntime: >>>>>> START com.android.internal.os.RuntimeInit uid 0 <<<<<<
03-02 05:58:37.758 31931 31931 D AndroidRuntime: CheckJNI is ON
03-02 05:58:37.816 31931 31931 D ICU     : No timezone override file found: /data/misc/zoneinfo/current/icu/icu_tzdata.dat
03-02 05:58:37.937 31931 31931 E memtrack: Couldn't load memtrack module (No such file or directory)
03-02 05:58:37.938 31931 31931 E android.os.Debug: failed to load memtrack module: -2
03-02 05:58:37.945 31931 31931 I Radio-JNI: register_android_hardware_Radio DONE
03-02 05:58:38.000 31931 31931 D AndroidRuntime: Calling main entry com.android.commands.input.Input
03-02 05:58:38.052 31931 31931 I Input   : injectMotionEvent: MotionEvent { action=ACTION_DOWN, actionButton=0, id[0]=0, x[0]=540.0, y[0]=778.0, toolType[0]=TOOL_TYPE_UNKNOWN, buttonState=0, metaState=0, flags=0x0, edgeFlags=0x0, pointerCount=1, historySize=0, eventTime=68585752, downTime=68585752, deviceId=0, source=0x1002 }
03-02 05:58:38.090 31931 31931 I Input   : injectMotionEvent: MotionEvent { action=ACTION_UP, actionButton=0, id[0]=0, x[0]=540.0, y[0]=778.0, toolType[0]=TOOL_TYPE_UNKNOWN, buttonState=0, metaState=0, flags=0x0, edgeFlags=0x0, pointerCount=1, historySize=0, eventTime=68585752, downTime=68585752, deviceId=0, source=0x1002 }
03-02 05:58:38.128 31931 31931 D AndroidRuntime: Shutting down VM
03-02 05:58:38.235  2376  2376 I LatinIME: Starting input. Cursor position = 0,0
03-02 05:58:38.671  2376  2386 I art     : Background sticky concurrent mark sweep GC freed 4756(478KB) AllocSpace objects, 4(96KB) LOS objects, 18% free, 2MB/3MB, paused 18.130ms total 182.021ms
03-02 05:58:38.805  2186  2677 D EGL_emulation: eglMakeCurrent: 0xae514d80: ver 3 0 (tinfo 0xae512640)
03-02 05:58:39.416  2376  4076 D EGL_emulation: eglMakeCurrent: 0xaff3b860: ver 3 0 (tinfo 0xaa9badc0)
03-02 05:58:39.506 31942 31942 D AndroidRuntime: >>>>>> START com.android.internal.os.RuntimeInit uid 0 <<<<<<
03-02 05:58:39.510 31942 31942 D AndroidRuntime: CheckJNI is ON
03-02 05:58:39.587 31942 31942 D ICU     : No timezone override file found: /data/misc/zoneinfo/current/icu/icu_tzdata.dat
03-02 05:58:39.720 31942 31942 E memtrack: Couldn't load memtrack module (No such file or directory)
03-02 05:58:39.721 31942 31942 E android.os.Debug: failed to load memtrack module: -2
03-02 05:58:39.736 31942 31942 I Radio-JNI: register_android_hardware_Radio DONE
03-02 05:58:39.777 31942 31942 D AndroidRuntime: Calling main entry com.android.commands.input.Input
03-02 05:58:39.797 31942 31942 I Input   : injectKeyEvent: KeyEvent { action=ACTION_DOWN, keyCode=KEYCODE_ESCAPE, scanCode=0, metaState=0, flags=0x0, repeatCount=0, eventTime=68587524, downTime=68587524, deviceId=-1, source=0x101 }
03-02 05:58:39.855  7970  7986 D EGL_emulation: eglMakeCurrent: 0xaa9a4c00: ver 3 0 (tinfo 0xaa9a9aa0)
03-02 05:58:40.254  7970  7986 D EGL_emulation: eglMakeCurrent: 0xaa9a4c00: ver 3 0 (tinfo 0xaa9a9aa0)
03-02 05:58:40.404  1911  2052 W art     : Long monitor contention event with owner method=void com.android.server.wm.WindowAnimator$1.doFrame(long) from WindowAnimator.java:121 waiters=0 for 269ms
03-02 05:58:40.465 31942 31942 I Input   : injectKeyEvent: KeyEvent { action=ACTION_UP, keyCode=KEYCODE_ESCAPE, scanCode=0, metaState=0, flags=0x0, repeatCount=0, eventTime=68587524, downTime=68587524, deviceId=-1, source=0x101 }
03-02 05:58:40.499 31942 31942 D AndroidRuntime: Shutting down VM
03-02 05:58:40.555  2376  4076 D EGL_emulation: eglMakeCurrent: 0xaff3b860: ver 3 0 (tinfo 0xaa9badc0)
03-02 05:58:40.573  2376  4076 E Surface : getSlotFromBufferLocked: unknown buffer: 0xa141b320
03-02 05:58:41.474  7970  7986 D EGL_emulation: eglMakeCurrent: 0xaa9a4c00: ver 3 0 (tinfo 0xaa9a9aa0)
03-02 05:58:41.844  7970  7986 D EGL_emulation: eglMakeCurrent: 0xaa9a4c00: ver 3 0 (tinfo 0xaa9a9aa0)
03-02 05:58:42.899 31955 31955 D AndroidRuntime: >>>>>> START com.android.internal.os.RuntimeInit uid 0 <<<<<<
03-02 05:58:42.906 31955 31955 D AndroidRuntime: CheckJNI is ON
03-02 05:58:42.963 31955 31955 D ICU     : No timezone override file found: /data/misc/zoneinfo/current/icu/icu_tzdata.dat
03-02 05:58:43.071 31955 31955 E memtrack: Couldn't load memtrack module (No such file or directory)
03-02 05:58:43.072 31955 31955 E android.os.Debug: failed to load memtrack module: -2
03-02 05:58:43.078 31955 31955 I Radio-JNI: register_android_hardware_Radio DONE
03-02 05:58:43.115 31955 31955 D AndroidRuntime: Calling main entry com.android.commands.input.Input
03-02 05:58:43.137 31955 31955 I Input   : injectKeyEvent: KeyEvent { action=ACTION_DOWN, keyCode=KEYCODE_MOVE_END, scanCode=0, metaState=0, flags=0x0, repeatCount=0, eventTime=68590864, downTime=68590864, deviceId=-1, source=0x101 }
03-02 05:58:43.169 31955 31955 I Input   : injectKeyEvent: KeyEvent { action=ACTION_UP, keyCode=KEYCODE_MOVE_END, scanCode=0, metaState=0, flags=0x0, repeatCount=0, eventTime=68590864, downTime=68590864, deviceId=-1, source=0x101 }
03-02 05:58:43.189 31955 31955 D AndroidRuntime: Shutting down VM
03-02 05:58:44.395 31964 31964 D AndroidRuntime: >>>>>> START com.android.internal.os.RuntimeInit uid 0 <<<<<<
03-02 05:58:44.399 31964 31964 D AndroidRuntime: CheckJNI is ON
03-02 05:58:44.455 31964 31964 D ICU     : No timezone override file found: /data/misc/zoneinfo/current/icu/icu_tzdata.dat
03-02 05:58:44.552 31964 31964 E memtrack: Couldn't load memtrack module (No such file or directory)
03-02 05:58:44.552 31964 31964 E android.os.Debug: failed to load memtrack module: -2
03-02 05:58:44.557 31964 31964 I Radio-JNI: register_android_hardware_Radio DONE
03-02 05:58:44.605 31964 31964 D AndroidRuntime: Calling main entry com.android.commands.input.Input
03-02 05:58:44.615 31964 31964 I Input   : injectKeyEvent: KeyEvent { action=ACTION_DOWN, keyCode=KEYCODE_DEL, scanCode=0, metaState=0, flags=0x0, repeatCount=0, eventTime=68592340, downTime=68592340, deviceId=-1, source=0x101 }
03-02 05:58:44.646 31964 31964 I Input   : injectKeyEvent: KeyEvent { action=ACTION_UP, keyCode=KEYCODE_DEL, scanCode=0, metaState=0, flags=0x0, repeatCount=0, eventTime=68592340, downTime=68592340, deviceId=-1, source=0x101 }
03-02 05:58:44.666 31964 31964 I Input   : injectKeyEvent: KeyEvent { action=ACTION_DOWN, keyCode=KEYCODE_DEL, scanCode=0, metaState=0, flags=0x0, repeatCount=0, eventTime=68592395, downTime=68592395, deviceId=-1, source=0x101 }
03-02 05:58:44.690 31964 31964 I Input   : injectKeyEvent: KeyEvent { action=ACTION_UP, keyCode=KEYCODE_DEL, scanCode=0, metaState=0, flags=0x0, repeatCount=0, eventTime=68592395, downTime=68592395, deviceId=-1, source=0x101 }
03-02 05:58:44.697 31964 31964 I Input   : injectKeyEvent: KeyEvent { action=ACTION_DOWN, keyCode=KEYCODE_DEL, scanCode=0, metaState=0, flags=0x0, repeatCount=0, eventTime=68592425, downTime=68592425, deviceId=-1, source=0x101 }
03-02 05:58:44.707 31964 31964 I Input   : injectKeyEvent: KeyEvent { action=ACTION_UP, keyCode=KEYCODE_DEL, scanCode=0, metaState=0, flags=0x0, repeatCount=0, eventTime=68592425, downTime=68592425, deviceId=-1, source=0x101 }
03-02 05:58:44.725 31964 31964 I Input   : injectKeyEvent: KeyEvent { action=ACTION_DOWN, keyCode=KEYCODE_DEL, scanCode=0, metaState=0, flags=0x0, repeatCount=0, eventTime=68592454, downTime=68592454, deviceId=-1, source=0x101 }
03-02 05:58:44.734 31964 31964 I Input   : injectKeyEvent: KeyEvent { action=ACTION_UP, keyCode=KEYCODE_DEL, scanCode=0, metaState=0, flags=0x0, repeatCount=0, eventTime=68592454, downTime=68592454, deviceId=-1, source=0x101 }
03-02 05:58:44.759 31964 31964 I Input   : injectKeyEvent: KeyEvent { action=ACTION_DOWN, keyCode=KEYCODE_DEL, scanCode=0, metaState=0, flags=0x0, repeatCount=0, eventTime=68592487, downTime=68592487, deviceId=-1, source=0x101 }
03-02 05:58:44.780 31964 31964 I Input   : injectKeyEvent: KeyEvent { action=ACTION_UP, keyCode=KEYCODE_DEL, scanCode=0, metaState=0, flags=0x0, repeatCount=0, eventTime=68592487, downTime=68592487, deviceId=-1, source=0x101 }
03-02 05:58:44.789 31964 31964 I Input   : injectKeyEvent: KeyEvent { action=ACTION_DOWN, keyCode=KEYCODE_DEL, scanCode=0, metaState=0, flags=0x0, repeatCount=0, eventTime=68592518, downTime=68592518, deviceId=-1, source=0x101 }
03-02 05:58:44.809 31964 31964 I Input   : injectKeyEvent: KeyEvent { action=ACTION_UP, keyCode=KEYCODE_DEL, scanCode=0, metaState=0, flags=0x0, repeatCount=0, eventTime=68592518, downTime=68592518, deviceId=-1, source=0x101 }
03-02 05:58:44.818 31964 31964 I Input   : injectKeyEvent: KeyEvent { action=ACTION_DOWN, keyCode=KEYCODE_DEL, scanCode=0, metaState=0, flags=0x0, repeatCount=0, eventTime=68592546, downTime=68592546, deviceId=-1, source=0x101 }
03-02 05:58:44.839 31964 31964 I Input   : injectKeyEvent: KeyEvent { action=ACTION_UP, keyCode=KEYCODE_DEL, scanCode=0, metaState=0, flags=0x0, repeatCount=0, eventTime=68592546, downTime=68592546, deviceId=-1, source=0x101 }
03-02 05:58:44.849 31964 31964 I Input   : injectKeyEvent: KeyEvent { action=ACTION_DOWN, keyCode=KEYCODE_DEL, scanCode=0, metaState=0, flags=0x0, repeatCount=0, eventTime=68592578, downTime=68592578, deviceId=-1, source=0x101 }
03-02 05:58:44.868 31964 31964 I Input   : injectKeyEvent: KeyEvent { action=ACTION_UP, keyCode=KEYCODE_DEL, scanCode=0, metaState=0, flags=0x0, repeatCount=0, eventTime=68592578, downTime=68592578, deviceId=-1, source=0x101 }
03-02 05:58:44.879 31964 31964 I Input   : injectKeyEvent: KeyEvent { action=ACTION_DOWN, keyCode=KEYCODE_DEL, scanCode=0, metaState=0, flags=0x0, repeatCount=0, eventTime=68592607, downTime=68592607, deviceId=-1, source=0x101 }
03-02 05:58:44.900 31964 31964 I Input   : injectKeyEvent: KeyEvent { action=ACTION_UP, keyCode=KEYCODE_DEL, scanCode=0, metaState=0, flags=0x0, repeatCount=0, eventTime=68592607, downTime=68592607, deviceId=-1, source=0x101 }
03-02 05:58:44.914 31964 31964 I Input   : injectKeyEvent: KeyEvent { action=ACTION_DOWN, keyCode=KEYCODE_DEL, scanCode=0, metaState=0, flags=0x0, repeatCount=0, eventTime=68592643, downTime=68592643, deviceId=-1, source=0x101 }
03-02 05:58:44.935 31964 31964 I Input   : injectKeyEvent: KeyEvent { action=ACTION_UP, keyCode=KEYCODE_DEL, scanCode=0, metaState=0, flags=0x0, repeatCount=0, eventTime=68592643, downTime=68592643, deviceId=-1, source=0x101 }
03-02 05:58:44.946 31964 31964 I Input   : injectKeyEvent: KeyEvent { action=ACTION_DOWN, keyCode=KEYCODE_DEL, scanCode=0, metaState=0, flags=0x0, repeatCount=0, eventTime=68592675, downTime=68592675, deviceId=-1, source=0x101 }
03-02 05:58:44.968 31964 31964 I Input   : injectKeyEvent: KeyEvent { action=ACTION_UP, keyCode=KEYCODE_DEL, scanCode=0, metaState=0, flags=0x0, repeatCount=0, eventTime=68592675, downTime=68592675, deviceId=-1, source=0x101 }
03-02 05:58:44.991 31964 31964 I Input   : injectKeyEvent: KeyEvent { action=ACTION_DOWN, keyCode=KEYCODE_DEL, scanCode=0, metaState=0, flags=0x0, repeatCount=0, eventTime=68592719, downTime=68592719, deviceId=-1, source=0x101 }
03-02 05:58:45.001 31964 31964 I Input   : injectKeyEvent: KeyEvent { action=ACTION_UP, keyCode=KEYCODE_DEL, scanCode=0, metaState=0, flags=0x0, repeatCount=0, eventTime=68592719, downTime=68592719, deviceId=-1, source=0x101 }
03-02 05:58:45.024 31964 31964 I Input   : injectKeyEvent: KeyEvent { action=ACTION_DOWN, keyCode=KEYCODE_DEL, scanCode=0, metaState=0, flags=0x0, repeatCount=0, eventTime=68592752, downTime=68592752, deviceId=-1, source=0x101 }
03-02 05:58:45.030 31964 31964 I Input   : injectKeyEvent: KeyEvent { action=ACTION_UP, keyCode=KEYCODE_DEL, scanCode=0, metaState=0, flags=0x0, repeatCount=0, eventTime=68592752, downTime=68592752, deviceId=-1, source=0x101 }
03-02 05:58:45.051 31964 31964 I Input   : injectKeyEvent: KeyEvent { action=ACTION_DOWN, keyCode=KEYCODE_DEL, scanCode=0, metaState=0, flags=0x0, repeatCount=0, eventTime=68592779, downTime=68592779, deviceId=-1, source=0x101 }
03-02 05:58:45.060 31964 31964 I Input   : injectKeyEvent: KeyEvent { action=ACTION_UP, keyCode=KEYCODE_DEL, scanCode=0, metaState=0, flags=0x0, repeatCount=0, eventTime=68592779, downTime=68592779, deviceId=-1, source=0x101 }
03-02 05:58:45.084 31964 31964 I Input   : injectKeyEvent: KeyEvent { action=ACTION_DOWN, keyCode=KEYCODE_DEL, scanCode=0, metaState=0, flags=0x0, repeatCount=0, eventTime=68592813, downTime=68592813, deviceId=-1, source=0x101 }
03-02 05:58:45.092 31964 31964 I Input   : injectKeyEvent: KeyEvent { action=ACTION_UP, keyCode=KEYCODE_DEL, scanCode=0, metaState=0, flags=0x0, repeatCount=0, eventTime=68592813, downTime=68592813, deviceId=-1, source=0x101 }
03-02 05:58:45.116 31964 31964 I Input   : injectKeyEvent: KeyEvent { action=ACTION_DOWN, keyCode=KEYCODE_DEL, scanCode=0, metaState=0, flags=0x0, repeatCount=0, eventTime=68592845, downTime=68592845, deviceId=-1, source=0x101 }
03-02 05:58:45.127 31964 31964 I Input   : injectKeyEvent: KeyEvent { action=ACTION_UP, keyCode=KEYCODE_DEL, scanCode=0, metaState=0, flags=0x0, repeatCount=0, eventTime=68592845, downTime=68592845, deviceId=-1, source=0x101 }
03-02 05:58:45.145 31964 31964 I Input   : injectKeyEvent: KeyEvent { action=ACTION_DOWN, keyCode=KEYCODE_DEL, scanCode=0, metaState=0, flags=0x0, repeatCount=0, eventTime=68592873, downTime=68592873, deviceId=-1, source=0x101 }
03-02 05:58:45.155 31964 31964 I Input   : injectKeyEvent: KeyEvent { action=ACTION_UP, keyCode=KEYCODE_DEL, scanCode=0, metaState=0, flags=0x0, repeatCount=0, eventTime=68592873, downTime=68592873, deviceId=-1, source=0x101 }
03-02 05:58:45.176 31964 31964 I Input   : injectKeyEvent: KeyEvent { action=ACTION_DOWN, keyCode=KEYCODE_DEL, scanCode=0, metaState=0, flags=0x0, repeatCount=0, eventTime=68592905, downTime=68592905, deviceId=-1, source=0x101 }
03-02 05:58:45.187 31964 31964 I Input   : injectKeyEvent: KeyEvent { action=ACTION_UP, keyCode=KEYCODE_DEL, scanCode=0, metaState=0, flags=0x0, repeatCount=0, eventTime=68592905, downTime=68592905, deviceId=-1, source=0x101 }
03-02 05:58:45.209 31964 31964 I Input   : injectKeyEvent: KeyEvent { action=ACTION_DOWN, keyCode=KEYCODE_DEL, scanCode=0, metaState=0, flags=0x0, repeatCount=0, eventTime=68592938, downTime=68592938, deviceId=-1, source=0x101 }
03-02 05:58:45.237 31964 31964 I Input   : injectKeyEvent: KeyEvent { action=ACTION_UP, keyCode=KEYCODE_DEL, scanCode=0, metaState=0, flags=0x0, repeatCount=0, eventTime=68592938, downTime=68592938, deviceId=-1, source=0x101 }
03-02 05:58:45.246 31964 31964 I Input   : injectKeyEvent: KeyEvent { action=ACTION_DOWN, keyCode=KEYCODE_DEL, scanCode=0, metaState=0, flags=0x0, repeatCount=0, eventTime=68592975, downTime=68592975, deviceId=-1, source=0x101 }
03-02 05:58:45.265 31964 31964 I Input   : injectKeyEvent: KeyEvent { action=ACTION_UP, keyCode=KEYCODE_DEL, scanCode=0, metaState=0, flags=0x0, repeatCount=0, eventTime=68592975, downTime=68592975, deviceId=-1, source=0x101 }
03-02 05:58:45.275 31964 31964 I Input   : injectKeyEvent: KeyEvent { action=ACTION_DOWN, keyCode=KEYCODE_DEL, scanCode=0, metaState=0, flags=0x0, repeatCount=0, eventTime=68593003, downTime=68593003, deviceId=-1, source=0x101 }
03-02 05:58:45.296 31964 31964 I Input   : injectKeyEvent: KeyEvent { action=ACTION_UP, keyCode=KEYCODE_DEL, scanCode=0, metaState=0, flags=0x0, repeatCount=0, eventTime=68593003, downTime=68593003, deviceId=-1, source=0x101 }
03-02 05:58:45.318 31964 31964 I Input   : injectKeyEvent: KeyEvent { action=ACTION_DOWN, keyCode=KEYCODE_DEL, scanCode=0, metaState=0, flags=0x0, repeatCount=0, eventTime=68593045, downTime=68593045, deviceId=-1, source=0x101 }
03-02 05:58:45.329 31964 31964 I Input   : injectKeyEvent: KeyEvent { action=ACTION_UP, keyCode=KEYCODE_DEL, scanCode=0, metaState=0, flags=0x0, repeatCount=0, eventTime=68593045, downTime=68593045, deviceId=-1, source=0x101 }
03-02 05:58:45.338 31964 31964 I Input   : injectKeyEvent: KeyEvent { action=ACTION_DOWN, keyCode=KEYCODE_DEL, scanCode=0, metaState=0, flags=0x0, repeatCount=0, eventTime=68593066, downTime=68593066, deviceId=-1, source=0x101 }
03-02 05:58:45.355 31964 31964 I Input   : injectKeyEvent: KeyEvent { action=ACTION_UP, keyCode=KEYCODE_DEL, scanCode=0, metaState=0, flags=0x0, repeatCount=0, eventTime=68593066, downTime=68593066, deviceId=-1, source=0x101 }
03-02 05:58:45.365 31964 31964 I Input   : injectKeyEvent: KeyEvent { action=ACTION_DOWN, keyCode=KEYCODE_DEL, scanCode=0, metaState=0, flags=0x0, repeatCount=0, eventTime=68593093, downTime=68593093, deviceId=-1, source=0x101 }
03-02 05:58:45.385 31964 31964 I Input   : injectKeyEvent: KeyEvent { action=ACTION_UP, keyCode=KEYCODE_DEL, scanCode=0, metaState=0, flags=0x0, repeatCount=0, eventTime=68593093, downTime=68593093, deviceId=-1, source=0x101 }
03-02 05:58:45.396 31964 31964 I Input   : injectKeyEvent: KeyEvent { action=ACTION_DOWN, keyCode=KEYCODE_DEL, scanCode=0, metaState=0, flags=0x0, repeatCount=0, eventTime=68593125, downTime=68593125, deviceId=-1, source=0x101 }
03-02 05:58:45.414 31964 31964 I Input   : injectKeyEvent: KeyEvent { action=ACTION_UP, keyCode=KEYCODE_DEL, scanCode=0, metaState=0, flags=0x0, repeatCount=0, eventTime=68593125, downTime=68593125, deviceId=-1, source=0x101 }
03-02 05:58:45.425 31964 31964 I Input   : injectKeyEvent: KeyEvent { action=ACTION_DOWN, keyCode=KEYCODE_DEL, scanCode=0, metaState=0, flags=0x0, repeatCount=0, eventTime=68593154, downTime=68593154, deviceId=-1, source=0x101 }
03-02 05:58:45.444 31964 31964 I Input   : injectKeyEvent: KeyEvent { action=ACTION_UP, keyCode=KEYCODE_DEL, scanCode=0, metaState=0, flags=0x0, repeatCount=0, eventTime=68593154, downTime=68593154, deviceId=-1, source=0x101 }
03-02 05:58:45.455 31964 31964 I Input   : injectKeyEvent: KeyEvent { action=ACTION_DOWN, keyCode=KEYCODE_DEL, scanCode=0, metaState=0, flags=0x0, repeatCount=0, eventTime=68593183, downTime=68593183, deviceId=-1, source=0x101 }
03-02 05:58:45.475 31964 31964 I Input   : injectKeyEvent: KeyEvent { action=ACTION_UP, keyCode=KEYCODE_DEL, scanCode=0, metaState=0, flags=0x0, repeatCount=0, eventTime=68593183, downTime=68593183, deviceId=-1, source=0x101 }
03-02 05:58:45.485 31964 31964 I Input   : injectKeyEvent: KeyEvent { action=ACTION_DOWN, keyCode=KEYCODE_DEL, scanCode=0, metaState=0, flags=0x0, repeatCount=0, eventTime=68593214, downTime=68593214, deviceId=-1, source=0x101 }
03-02 05:58:45.508 31964 31964 I Input   : injectKeyEvent: KeyEvent { action=ACTION_UP, keyCode=KEYCODE_DEL, scanCode=0, metaState=0, flags=0x0, repeatCount=0, eventTime=68593214, downTime=68593214, deviceId=-1, source=0x101 }
03-02 05:58:45.528 31964 31964 I Input   : injectKeyEvent: KeyEvent { action=ACTION_DOWN, keyCode=KEYCODE_DEL, scanCode=0, metaState=0, flags=0x0, repeatCount=0, eventTime=68593247, downTime=68593247, deviceId=-1, source=0x101 }
03-02 05:58:45.769 31964 31964 I Input   : injectKeyEvent: KeyEvent { action=ACTION_UP, keyCode=KEYCODE_DEL, scanCode=0, metaState=0, flags=0x0, repeatCount=0, eventTime=68593247, downTime=68593247, deviceId=-1, source=0x101 }
03-02 05:58:45.784 31964 31964 I Input   : injectKeyEvent: KeyEvent { action=ACTION_DOWN, keyCode=KEYCODE_DEL, scanCode=0, metaState=0, flags=0x0, repeatCount=0, eventTime=68593513, downTime=68593513, deviceId=-1, source=0x101 }
03-02 05:58:45.807 31964 31964 I Input   : injectKeyEvent: KeyEvent { action=ACTION_UP, keyCode=KEYCODE_DEL, scanCode=0, metaState=0, flags=0x0, repeatCount=0, eventTime=68593513, downTime=68593513, deviceId=-1, source=0x101 }
03-02 05:58:45.817 31964 31964 I Input   : injectKeyEvent: KeyEvent { action=ACTION_DOWN, keyCode=KEYCODE_DEL, scanCode=0, metaState=0, flags=0x0, repeatCount=0, eventTime=68593546, downTime=68593546, deviceId=-1, source=0x101 }
03-02 05:58:45.840 31964 31964 I Input   : injectKeyEvent: KeyEvent { action=ACTION_UP, keyCode=KEYCODE_DEL, scanCode=0, metaState=0, flags=0x0, repeatCount=0, eventTime=68593546, downTime=68593546, deviceId=-1, source=0x101 }
03-02 05:58:45.858 31964 31964 I Input   : injectKeyEvent: KeyEvent { action=ACTION_DOWN, keyCode=KEYCODE_DEL, scanCode=0, metaState=0, flags=0x0, repeatCount=0, eventTime=68593586, downTime=68593586, deviceId=-1, source=0x101 }
03-02 05:58:45.869 31964 31964 I Input   : injectKeyEvent: KeyEvent { action=ACTION_UP, keyCode=KEYCODE_DEL, scanCode=0, metaState=0, flags=0x0, repeatCount=0, eventTime=68593586, downTime=68593586, deviceId=-1, source=0x101 }
03-02 05:58:45.889 31964 31964 I Input   : injectKeyEvent: KeyEvent { action=ACTION_DOWN, keyCode=KEYCODE_DEL, scanCode=0, metaState=0, flags=0x0, repeatCount=0, eventTime=68593618, downTime=68593618, deviceId=-1, source=0x101 }
03-02 05:58:45.904 31964 31964 I Input   : injectKeyEvent: KeyEvent { action=ACTION_UP, keyCode=KEYCODE_DEL, scanCode=0, metaState=0, flags=0x0, repeatCount=0, eventTime=68593618, downTime=68593618, deviceId=-1, source=0x101 }
03-02 05:58:45.924 31964 31964 I Input   : injectKeyEvent: KeyEvent { action=ACTION_DOWN, keyCode=KEYCODE_DEL, scanCode=0, metaState=0, flags=0x0, repeatCount=0, eventTime=68593652, downTime=68593652, deviceId=-1, source=0x101 }
03-02 05:58:45.931 31964 31964 I Input   : injectKeyEvent: KeyEvent { action=ACTION_UP, keyCode=KEYCODE_DEL, scanCode=0, metaState=0, flags=0x0, repeatCount=0, eventTime=68593652, downTime=68593652, deviceId=-1, source=0x101 }
03-02 05:58:45.955 31964 31964 I Input   : injectKeyEvent: KeyEvent { action=ACTION_DOWN, keyCode=KEYCODE_DEL, scanCode=0, metaState=0, flags=0x0, repeatCount=0, eventTime=68593684, downTime=68593684, deviceId=-1, source=0x101 }
03-02 05:58:45.967 31964 31964 I Input   : injectKeyEvent: KeyEvent { action=ACTION_UP, keyCode=KEYCODE_DEL, scanCode=0, metaState=0, flags=0x0, repeatCount=0, eventTime=68593684, downTime=68593684, deviceId=-1, source=0x101 }
03-02 05:58:45.988 31964 31964 I Input   : injectKeyEvent: KeyEvent { action=ACTION_DOWN, keyCode=KEYCODE_DEL, scanCode=0, metaState=0, flags=0x0, repeatCount=0, eventTime=68593716, downTime=68593716, deviceId=-1, source=0x101 }
03-02 05:58:46.010 31964 31964 I Input   : injectKeyEvent: KeyEvent { action=ACTION_UP, keyCode=KEYCODE_DEL, scanCode=0, metaState=0, flags=0x0, repeatCount=0, eventTime=68593716, downTime=68593716, deviceId=-1, source=0x101 }
03-02 05:58:46.020 31964 31964 I Input   : injectKeyEvent: KeyEvent { action=ACTION_DOWN, keyCode=KEYCODE_DEL, scanCode=0, metaState=0, flags=0x0, repeatCount=0, eventTime=68593749, downTime=68593749, deviceId=-1, source=0x101 }
03-02 05:58:46.045 31964 31964 I Input   : injectKeyEvent: KeyEvent { action=ACTION_UP, keyCode=KEYCODE_DEL, scanCode=0, metaState=0, flags=0x0, repeatCount=0, eventTime=68593749, downTime=68593749, deviceId=-1, source=0x101 }
03-02 05:58:46.058 31964 31964 I Input   : injectKeyEvent: KeyEvent { action=ACTION_DOWN, keyCode=KEYCODE_DEL, scanCode=0, metaState=0, flags=0x0, repeatCount=0, eventTime=68593787, downTime=68593787, deviceId=-1, source=0x101 }
03-02 05:58:46.086 31964 31964 I Input   : injectKeyEvent: KeyEvent { action=ACTION_UP, keyCode=KEYCODE_DEL, scanCode=0, metaState=0, flags=0x0, repeatCount=0, eventTime=68593787, downTime=68593787, deviceId=-1, source=0x101 }
03-02 05:58:46.106 31964 31964 I Input   : injectKeyEvent: KeyEvent { action=ACTION_DOWN, keyCode=KEYCODE_DEL, scanCode=0, metaState=0, flags=0x0, repeatCount=0, eventTime=68593835, downTime=68593835, deviceId=-1, source=0x101 }
03-02 05:58:46.117 31964 31964 I Input   : injectKeyEvent: KeyEvent { action=ACTION_UP, keyCode=KEYCODE_DEL, scanCode=0, metaState=0, flags=0x0, repeatCount=0, eventTime=68593835, downTime=68593835, deviceId=-1, source=0x101 }
03-02 05:58:46.138 31964 31964 I Input   : injectKeyEvent: KeyEvent { action=ACTION_DOWN, keyCode=KEYCODE_DEL, scanCode=0, metaState=0, flags=0x0, repeatCount=0, eventTime=68593866, downTime=68593866, deviceId=-1, source=0x101 }
03-02 05:58:46.146 31964 31964 I Input   : injectKeyEvent: KeyEvent { action=ACTION_UP, keyCode=KEYCODE_DEL, scanCode=0, metaState=0, flags=0x0, repeatCount=0, eventTime=68593866, downTime=68593866, deviceId=-1, source=0x101 }
03-02 05:58:46.168 31964 31964 I Input   : injectKeyEvent: KeyEvent { action=ACTION_DOWN, keyCode=KEYCODE_DEL, scanCode=0, metaState=0, flags=0x0, repeatCount=0, eventTime=68593896, downTime=68593896, deviceId=-1, source=0x101 }
03-02 05:58:46.179 31964 31964 I Input   : injectKeyEvent: KeyEvent { action=ACTION_UP, keyCode=KEYCODE_DEL, scanCode=0, metaState=0, flags=0x0, repeatCount=0, eventTime=68593896, downTime=68593896, deviceId=-1, source=0x101 }
03-02 05:58:46.201 31964 31964 I Input   : injectKeyEvent: KeyEvent { action=ACTION_DOWN, keyCode=KEYCODE_DEL, scanCode=0, metaState=0, flags=0x0, repeatCount=0, eventTime=68593929, downTime=68593929, deviceId=-1, source=0x101 }
03-02 05:58:46.224 31964 31964 I Input   : injectKeyEvent: KeyEvent { action=ACTION_UP, keyCode=KEYCODE_DEL, scanCode=0, metaState=0, flags=0x0, repeatCount=0, eventTime=68593929, downTime=68593929, deviceId=-1, source=0x101 }
