--------- beginning of main
03-02 04:03:35.923  7898  7898 D AndroidRuntime: >>>>>> START com.android.internal.os.RuntimeInit uid 0 <<<<<<
03-02 04:03:35.927  7898  7898 D AndroidRuntime: CheckJNI is ON
03-02 04:03:35.947  7898  7898 D ICU     : No timezone override file found: /data/misc/zoneinfo/current/icu/icu_tzdata.dat
03-02 04:03:35.990  7898  7898 E memtrack: Couldn't load memtrack module (No such file or directory)
03-02 04:03:35.990  7898  7898 E android.os.Debug: failed to load memtrack module: -2
03-02 04:03:35.994  7898  7898 I Radio-JNI: register_android_hardware_Radio DONE
03-02 04:03:36.013  7898  7898 D AndroidRuntime: Calling main entry com.android.commands.pm.Pm
--------- beginning of system
03-02 04:03:36.026  1911  1925 I ActivityManager: Force stopping org.y20k.transistor appid=10073 user=-1: uninstall pkg
03-02 04:03:36.027  1911  1925 I ActivityManager: Killing 7834:org.y20k.transistor/u0a73 (adj 0): stop org.y20k.transistor
03-02 04:03:36.089  1911  1935 I art     : Starting a blocking GC Explicit
03-02 04:03:36.106  1911  1960 W InputDispatcher: channel 'd88f695 org.y20k.transistor/org.y20k.transistor.MainActivity (server)' ~ Consumer closed input channel or an error occurred.  events=0x9
03-02 04:03:36.106  1911  1960 E InputDispatcher: channel 'd88f695 org.y20k.transistor/org.y20k.transistor.MainActivity (server)' ~ Channel is unrecoverably broken and will be disposed!
03-02 04:03:36.109  1911  1923 D GraphicsStats: Buffer count: 8
03-02 04:03:36.109  1911  1922 I WindowState: WIN DEATH: Window{d88f695 u0 org.y20k.transistor/org.y20k.transistor.MainActivity}
03-02 04:03:36.109  1911  1922 W InputDispatcher: Attempted to unregister already unregistered input channel 'd88f695 org.y20k.transistor/org.y20k.transistor.MainActivity (server)'
03-02 04:03:36.113  1911  1925 W ActivityManager: Force removing ActivityRecord{851f1cb u0 org.y20k.transistor/.MainActivity t33}: app died, no saved state
03-02 04:03:36.140  1911  1926 W art     : Long monitor contention event with owner method=void com.android.server.am.ActivityManagerService$MainHandler.handleMessage(android.os.Message) from ActivityManagerService.java:1698 waiters=0 for 113ms
03-02 04:03:36.143  1911  3285 W ActivityManager: Spurious death for ProcessRecord{e2fb9bd 0:org.y20k.transistor/u0a73}, curProc for 7834: null
03-02 04:03:36.159  1911  1935 I art     : Explicit concurrent mark sweep GC freed 21937(1782KB) AllocSpace objects, 12(276KB) LOS objects, 32% free, 8MB/12MB, paused 4.195ms total 69.042ms
03-02 04:03:36.167  1911  1935 W PackageManager: Couldn't remove dex file for package:  at location /data/app/org.y20k.transistor-1/base.apk, retcode=-1
03-02 04:03:36.176  7898  7898 I art     : System.exit called, status: 0
03-02 04:03:36.177  7898  7898 I AndroidRuntime: VM exiting with result code 0.
03-02 04:03:36.196  7352  7372 D EGL_emulation: eglMakeCurrent: 0xae514660: ver 3 0 (tinfo 0xae512fe0)
03-02 04:03:36.204  1911  1935 I ActivityManager: Force stopping org.y20k.transistor appid=10073 user=0: pkg removed
03-02 04:03:36.225  1911  1923 W InputMethodManagerService: Got RemoteException sending setActive(false) notification to pid 7834 uid 10073
03-02 04:03:36.379  2709  2709 I GeofencerStateMachine: removeGeofences: removeRequest=RemoveGeofencingRequest[REMOVE_ALL packageName=org.y20k.transistor]
03-02 04:03:36.395  1911  1911 D JobSchedulerService: Receieved: android.intent.action.PACKAGE_REMOVED
03-02 04:03:36.407  1911  1935 E KernelUidCpuTimeReader: failed to remove uid from uid_cputime module
03-02 04:03:36.407  1911  1935 E KernelUidCpuTimeReader: java.io.FileNotFoundException: /proc/uid_cputime/remove_uid_range: open failed: ENOENT (No such file or directory)
03-02 04:03:36.407  1911  1935 E KernelUidCpuTimeReader: 	at libcore.io.IoBridge.open(IoBridge.java:452)
03-02 04:03:36.407  1911  1935 E KernelUidCpuTimeReader: 	at java.io.FileOutputStream.<init>(FileOutputStream.java:87)
03-02 04:03:36.407  1911  1935 E KernelUidCpuTimeReader: 	at java.io.FileOutputStream.<init>(FileOutputStream.java:72)
03-02 04:03:36.407  1911  1935 E KernelUidCpuTimeReader: 	at java.io.FileWriter.<init>(FileWriter.java:80)
03-02 04:03:36.407  1911  1935 E KernelUidCpuTimeReader: 	at com.android.internal.os.KernelUidCpuTimeReader.removeUid(KernelUidCpuTimeReader.java:157)
03-02 04:03:36.407  1911  1935 E KernelUidCpuTimeReader: 	at com.android.internal.os.BatteryStatsImpl.removeUidStatsLocked(BatteryStatsImpl.java:8800)
03-02 04:03:36.407  1911  1935 E KernelUidCpuTimeReader: 	at com.android.server.am.BatteryStatsService.removeUid(BatteryStatsService.java:242)
03-02 04:03:36.407  1911  1935 E KernelUidCpuTimeReader: 	at com.android.server.am.ActivityManagerService.broadcastIntentLocked(ActivityManagerService.java:16562)
03-02 04:03:36.407  1911  1935 E KernelUidCpuTimeReader: 	at com.android.server.am.ActivityManagerService.broadcastIntent(ActivityManagerService.java:16938)
03-02 04:03:36.407  1911  1935 E KernelUidCpuTimeReader: 	at com.android.server.pm.PackageManagerService$8.run(PackageManagerService.java:9423)
03-02 04:03:36.407  1911  1935 E KernelUidCpuTimeReader: 	at android.os.Handler.handleCallback(Handler.java:739)
03-02 04:03:36.407  1911  1935 E KernelUidCpuTimeReader: 	at android.os.Handler.dispatchMessage(Handler.java:95)
03-02 04:03:36.407  1911  1935 E KernelUidCpuTimeReader: 	at android.os.Looper.loop(Looper.java:148)
03-02 04:03:36.407  1911  1935 E KernelUidCpuTimeReader: 	at android.os.HandlerThread.run(HandlerThread.java:61)
03-02 04:03:36.407  1911  1935 E KernelUidCpuTimeReader: 	at com.android.server.ServiceThread.run(ServiceThread.java:46)
03-02 04:03:36.407  1911  1935 E KernelUidCpuTimeReader: Caused by: android.system.ErrnoException: open failed: ENOENT (No such file or directory)
03-02 04:03:36.407  1911  1935 E KernelUidCpuTimeReader: 	at libcore.io.Posix.open(Native Method)
03-02 04:03:36.407  1911  1935 E KernelUidCpuTimeReader: 	at libcore.io.BlockGuardOs.open(BlockGuardOs.java:186)
03-02 04:03:36.407  1911  1935 E KernelUidCpuTimeReader: 	at libcore.io.IoBridge.open(IoBridge.java:438)
03-02 04:03:36.407  1911  1935 E KernelUidCpuTimeReader: 	... 14 more
03-02 04:03:36.419  4427  4482 D Documents: Update found 7 roots in 41ms
03-02 04:03:36.441  2401  2401 D CarrierServiceBindHelper: Receive action: android.intent.action.PACKAGE_REMOVED
03-02 04:03:36.450  1911  1961 I InputReader: Reconfiguring input devices.  changes=0x00000010
03-02 04:03:36.509  7912  7912 D AndroidRuntime: >>>>>> START com.android.internal.os.RuntimeInit uid 0 <<<<<<
03-02 04:03:36.510  7912  7912 D AndroidRuntime: CheckJNI is ON
03-02 04:03:36.525  4248  7914 D VoicemailCleanupService: Cleaning up data for package: org.y20k.transistor
03-02 04:03:36.539  2709  7918 I Fitness : FitCleanupIntentOperation received Intent android.intent.action.PACKAGE_REMOVED [CONTEXT service_id=17 ]
03-02 04:03:36.546  7912  7912 D ICU     : No timezone override file found: /data/misc/zoneinfo/current/icu/icu_tzdata.dat
03-02 04:03:36.551  4274  7923 I UpdateIcingCorporaServi: Updating corpora: APPS=org.y20k.transistor, CONTACTS=MAYBE
03-02 04:03:36.586  7912  7912 E memtrack: Couldn't load memtrack module (No such file or directory)
03-02 04:03:36.586  7912  7912 E android.os.Debug: failed to load memtrack module: -2
03-02 04:03:36.588  7912  7912 I Radio-JNI: register_android_hardware_Radio DONE
03-02 04:03:36.605  7912  7912 D AndroidRuntime: Calling main entry com.android.commands.pm.Pm
03-02 04:03:36.619  2186  2198 I art     : Background partial concurrent mark sweep GC freed 10165(390KB) AllocSpace objects, 0(0B) LOS objects, 40% free, 4MB/8MB, paused 4.141ms total 258.990ms
03-02 04:03:36.628  2376  2486 I LatinIME:LogUtils: Dictionary info: dictionary = main:en ; version = 54 ; date = 1414726273
03-02 04:03:36.630  4412  4412 W ContextImpl: Calling a method in the system process without a qualified user: android.app.ContextImpl.startService:1221 android.content.ContextWrapper.startService:581 android.content.ContextWrapper.startService:581 com.android.keychain.KeyChainBroadcastReceiver.onReceive:12 android.app.ActivityThread.handleReceiver:2725 
03-02 04:03:36.659  1911  3284 I AccountManagerService: getTypesVisibleToCaller: isPermitted? true
03-02 04:03:36.753  2726  3664 I ContentMaintenance: Internal cache bytes used: 0; limit: 40626585; download size: 0
03-02 04:03:36.850  2726  2969 I Icing   : IndexChimeraService.getServiceInterface callingPackage=com.google.android.googlequicksearchbox componentName=null serviceId=36
03-02 04:03:36.853  2726  3665 I Icing   : doRemovePackageData org.y20k.transistor
03-02 04:03:36.877  2726  3088 I Icing   : IndexChimeraService.getServiceInterface callingPackage=com.google.android.gms componentName=AppsCorpus serviceId=36
03-02 04:03:36.883  4226  4237 D DefContainer: Copying /data/local/tmp/1389.apk to base.apk
03-02 04:03:36.947  2726  3665 W Icing   : No valid account for uploading user actions
03-02 04:03:36.973  2726  3664 I RealtimeCacheCleanup: Beginning Realtime garbage collection.
03-02 04:03:36.977  2726  3664 I RealtimeCacheCleanup: Finished Realtime garbage collection.
03-02 04:03:36.986  2726  3379 I Icing   : IndexChimeraService.getServiceInterface callingPackage=com.google.android.gms componentName=null serviceId=30
03-02 04:03:37.061  2726  3665 I Icing   : Usage reports ok 2, Failed Usage reports 0, indexed 0, rejected 0
03-02 04:03:37.072  2726  3665 W Icing   : No valid account for uploading user actions
03-02 04:03:37.097  2726  3665 I Icing   : Usage reports ok 0, Failed Usage reports 0, indexed 0, rejected 0
03-02 04:03:37.103  4274  7923 I UpdateIcingCorporaServi: UpdateCorporaTask done [took 553 ms] updated apps [took 552 ms] 
03-02 04:03:37.107  2726  3379 I Icing   : IndexChimeraService.getServiceInterface callingPackage=com.google.android.gms componentName=null serviceId=36
03-02 04:03:37.110  2726  3665 W Icing   : No valid account for uploading user actions
03-02 04:03:37.119  2726  3665 I Icing   : Usage reports ok 0, Failed Usage reports 0, indexed 0, rejected 0
03-02 04:03:37.127  2726  3665 W Icing   : No valid account for uploading user actions
03-02 04:03:37.139  2726  3665 I Icing   : Usage reports ok 0, Failed Usage reports 0, indexed 0, rejected 0
03-02 04:03:37.141  2726  3665 I Icing   : Indexing com.google.android.googlequicksearchbox-applications_uri from com.google.android.googlequicksearchbox
03-02 04:03:37.172  2726  2735 I art     : Background sticky concurrent mark sweep GC freed 15611(1064KB) AllocSpace objects, 9(180KB) LOS objects, 6% free, 27MB/29MB, paused 5.344ms total 27.817ms
03-02 04:03:37.176  1911  1935 I PackageManager.DexOptimizer: Running dexopt (dex2oat) on: /data/app/vmdl1192486113.tmp/base.apk pkg=org.y20k.transistor isa=x86 vmSafeMode=false debuggable=false oatDir = /data/app/vmdl1192486113.tmp/oat
03-02 04:03:37.203  7946  7946 W dex2oat : Unexpected CPU variant for X86 using defaults: x86
03-02 04:03:37.204  7946  7946 W dex2oat : Mismatch between dex2oat instruction set features (ISA: X86 Feature string: smp,-ssse3,-sse4.1,-sse4.2,-avx,-avx2) and those of dex2oat executable (ISA: X86 Feature string: smp,ssse3,-sse4.1,-sse4.2,-avx,-avx2) for the command line:
03-02 04:03:37.204  7946  7946 W dex2oat : /system/bin/dex2oat --zip-fd=6 --zip-location=base.apk --oat-fd=7 --oat-location=/data/app/vmdl1192486113.tmp/oat/x86/base.odex --instruction-set=x86 --instruction-set-variant=x86 --instruction-set-features=default --runtime-arg -Xms64m --runtime-arg -Xmx512m --swap-fd=8
03-02 04:03:37.204  7946  7946 I dex2oat : Starting dex2oat.
03-02 04:03:37.233  2726  3665 I Icing   : Indexing com.google.android.gms-apps from com.google.android.gms
03-02 04:03:37.240  2726  3665 I Icing   : Indexing com.google.android.gms-internal.3p:MobileApplication from com.google.android.gms
03-02 04:03:37.274  2726  3665 I Icing   : Indexing done com.google.android.googlequicksearchbox-applications_uri
03-02 04:03:37.278  2726  3665 I Icing   : Indexing done com.google.android.gms-apps
03-02 04:03:37.281  2726  3665 I Icing   : Indexing done com.google.android.gms-internal.3p:MobileApplication
03-02 04:03:37.395  7946  7949 W dex2oat : Before Android 4.1, method int android.support.v7.widget.ListViewCompat.lookForSelectablePosition(int, boolean) would have incorrectly overridden the package-private method in android.widget.ListView
03-02 04:03:39.733  7946  7946 I dex2oat : dex2oat took 2.530s (threads: 4) arena alloc=2MB java alloc=2MB native alloc=11MB free=2MB
03-02 04:03:39.849  1911  1935 V BackupManagerService: restoreAtInstall pkg=org.y20k.transistor token=e restoreSet=0
03-02 04:03:39.849  1911  1935 V BackupManagerService: Finishing install immediately
03-02 04:03:39.851  1911  1935 W Settings: Setting install_non_market_apps has moved from android.provider.Settings.Global to android.provider.Settings.Secure, returning read-only value.
03-02 04:03:39.852  1911  1935 I art     : Starting a blocking GC Explicit
03-02 04:03:39.874  1911  1935 I art     : Explicit concurrent mark sweep GC freed 32520(2012KB) AllocSpace objects, 9(252KB) LOS objects, 32% free, 8MB/12MB, paused 722us total 21.838ms
03-02 04:03:39.877  7912  7912 I art     : System.exit called, status: 0
03-02 04:03:39.877  7912  7912 I AndroidRuntime: VM exiting with result code 0.
03-02 04:03:39.898  1911  1961 I InputReader: Reconfiguring input devices.  changes=0x00000010
03-02 04:03:39.964  2726  7937 I Auth    : [SupervisedAccountIntentOperation] onHandleIntent(): android.intent.action.PACKAGE_ADDED
03-02 04:03:39.965  2726  7933 I ChromeSync: [Sync,SyncIntentOperation] Handling the intent: Intent { act=android.intent.action.PACKAGE_ADDED dat=package:org.y20k.transistor flg=0x4000010 cmp=com.google.android.gms/.chimera.GmsIntentOperationService (has extras) }.
03-02 04:03:39.973  2709  7922 W GCM     : Unexpected forwarded intent: Intent { act=android.intent.action.PACKAGE_ADDED dat=package:org.y20k.transistor flg=0x4000010 cmp=com.google.android.gms/.chimera.PersistentIntentOperationService (has extras) }
03-02 04:03:39.978  2726  7942 I FontLog : Package org.y20k.transistor has no metadata [CONTEXT service_id=132 ]
03-02 04:03:39.978  2709  7922 W GCM     : Unexpected forwarded intent: Intent { act=android.intent.action.PACKAGE_ADDED dat=package:org.y20k.transistor flg=0x4000010 cmp=com.google.android.gms/.chimera.PersistentIntentOperationService (has extras) }
03-02 04:03:40.026  1911  3281 I AccountManagerService: getTypesVisibleToCaller: isPermitted? true
03-02 04:03:40.050  1911  1923 I AccountManagerService: getTypesVisibleToCaller: isPermitted? true
03-02 04:03:40.057  2726  7933 I ChromeSync: [Persistence,AffiliationManager] One of affiliation or grouping data for android://876Z7peX5NqVzQTevyN_7_kwkzzrTvhZXK9iQ66CN3y5er9_S0Of0iFxE6-2fHgMTyK2Dpjs2SS8HPbs0sBBqA==@org.y20k.transistor/ was not found. Marking affiliation data as stale...
03-02 04:03:40.110  1911  3283 I AccountManagerService: getTypesVisibleToCaller: isPermitted? true
03-02 04:03:40.113  2401  2401 D CarrierServiceBindHelper: Receive action: android.intent.action.PACKAGE_ADDED
03-02 04:03:40.128  2401  2401 D CarrierServiceBindHelper: mHandler: 3
03-02 04:03:40.128  2401  2401 D CarrierConfigLoader: mHandler: 9 phoneId: 0
03-02 04:03:40.136  1911  2052 W ActivityManager: Unable to start service Intent { act=com.google.android.gms.auth.key.retrieval.service.START pkg=com.google.android.gms } U=0: not found
03-02 04:03:40.156  4274  7961 I UpdateIcingCorporaServi: Updating corpora: APPS=org.y20k.transistor, CONTACTS=MAYBE
03-02 04:03:40.162  2726  7942 I ChimeraConfigurator: Starting update, reason: 4 urgentFeatures: pay:-1
03-02 04:03:40.163  2726  7942 I ChmraDebugLogger: [80] null
03-02 04:03:40.178  1911  2740 W ActivityManager: Unbind failed: could not find connection for android.os.BinderProxy@d3c24c4
03-02 04:03:40.178  2726  2836 E GmsClient: unable to connect to service: com.google.android.gms.auth.key.retrieval.service.START on com.google.android.gms
03-02 04:03:40.185  4427  4544 D Documents: Update found 7 roots in 298ms
03-02 04:03:40.236  7958  7958 D AndroidRuntime: >>>>>> START com.android.internal.os.RuntimeInit uid 0 <<<<<<
03-02 04:03:40.239  7958  7958 D AndroidRuntime: CheckJNI is ON
03-02 04:03:40.267  7958  7958 D ICU     : No timezone override file found: /data/misc/zoneinfo/current/icu/icu_tzdata.dat
03-02 04:03:40.287  2726  3379 I Icing   : IndexChimeraService.getServiceInterface callingPackage=com.google.android.googlequicksearchbox componentName=null serviceId=36
03-02 04:03:40.306  7958  7958 E memtrack: Couldn't load memtrack module (No such file or directory)
03-02 04:03:40.306  7958  7958 E android.os.Debug: failed to load memtrack module: -2
03-02 04:03:40.308  7958  7958 I Radio-JNI: register_android_hardware_Radio DONE
03-02 04:03:40.329  7958  7958 D AndroidRuntime: Calling main entry com.android.commands.monkey.Monkey
03-02 04:03:40.370  2726  3664 W Icing   : No valid account for uploading user actions
03-02 04:03:40.371  1911  1925 W BroadcastQueue: Skipping deliver [background] BroadcastRecord{9f3e0eb u-1 android.net.conn.CONNECTIVITY_CHANGE} to ReceiverList{c208e48 7958 (unknown name)/0/u-1 remote:4f80765}: process crashing
03-02 04:03:40.429  1911  2144 I ActivityManager: START u0 {act=android.intent.action.MAIN cat=[android.intent.category.LAUNCHER] flg=0x10200000 cmp=org.y20k.transistor/.MainActivity} from uid 0 on display 0
03-02 04:03:40.440  2726  3664 I Icing   : Usage reports ok 0, Failed Usage reports 0, indexed 0, rejected 0
03-02 04:03:40.451  4274  7961 I UpdateIcingCorporaServi: UpdateCorporaTask done [took 293 ms] updated apps [took 293 ms] 
03-02 04:03:40.472  1271  1340 D gralloc_ranchu: gralloc_alloc: Creating ashmem region of size 1019904
03-02 04:03:40.479  2726  3664 I Icing   : Indexing com.google.android.gms-apps from com.google.android.gms
03-02 04:03:40.539  2726  3664 I Icing   : Indexing com.google.android.gms-internal.3p:MobileApplication from com.google.android.gms
03-02 04:03:40.556  2726  3664 I Icing   : Indexing com.google.android.googlequicksearchbox-applications_uri from com.google.android.googlequicksearchbox
03-02 04:03:40.576  1271  2391 D gralloc_ranchu: gralloc_alloc: Creating ashmem region of size 8294400
03-02 04:03:40.588  1911  2143 I ActivityManager: Start proc 7970:org.y20k.transistor/u0a74 for activity org.y20k.transistor/.MainActivity
03-02 04:03:40.605  7958  7958 I art     : System.exit called, status: 0
03-02 04:03:40.605  7958  7958 I AndroidRuntime: VM exiting with result code 0.
03-02 04:03:40.681  7970  7970 W System  : ClassLoader referenced unknown path: /data/app/org.y20k.transistor-1/lib/x86
03-02 04:03:40.693  2726  3664 I Icing   : Indexing done com.google.android.gms-apps
03-02 04:03:40.696  2726  3664 I Icing   : Indexing done com.google.android.gms-internal.3p:MobileApplication
03-02 04:03:40.721  7352  7372 D EGL_emulation: eglMakeCurrent: 0xae514660: ver 3 0 (tinfo 0xae512fe0)
03-02 04:03:40.725  7352  7372 E Surface : getSlotFromBufferLocked: unknown buffer: 0xae633780
03-02 04:03:40.748  2726  3664 I Icing   : Indexing done com.google.android.googlequicksearchbox-applications_uri
03-02 04:03:40.766  1911  2145 D VoldConnector: SND -> {38 volume mkdirs /storage/emulated/0/Android/data/org.y20k.transistor/files/Collection/}
03-02 04:03:40.780  1911  1963 D VoldConnector: RCV <- {200 38 Command succeeded}
03-02 04:03:40.787  1911  2142 D VoldConnector: SND -> {39 volume mkdirs /storage/1EE9-4203/Android/data/org.y20k.transistor/files/Collection/}
03-02 04:03:40.805  1911  1963 D VoldConnector: RCV <- {200 39 Command succeeded}
03-02 04:03:40.809  7970  7970 I MainActivityFragment: External storage: /storage/emulated/0/Android/data/org.y20k.transistor/files/Collection
03-02 04:03:40.823  7970  7970 V MainActivityFragment: Create collection of stations (folder:/storage/emulated/0/Android/data/org.y20k.transistor/files/Collection).
03-02 04:03:40.824  7970  7970 V Collection: Creating .nomedia file in folder: /storage/emulated/0/Android/data/org.y20k.transistor/files/Collection
03-02 04:03:40.827  7970  7970 V MainActivityFragment: Refreshing list of stations
03-02 04:03:40.835  1271  1327 E SurfaceFlinger: ro.sf.lcd_density must be defined as a build property
03-02 04:03:40.837  7970  7986 D OpenGLRenderer: Use EGL_SWAP_BEHAVIOR_PRESERVED: true
03-02 04:03:40.840  7970  7970 D         : HostConnection::get() New Host Connection established 0xaa12a440, tid 7970
03-02 04:03:40.888  7970  7986 D         : HostConnection::get() New Host Connection established 0xaa12a900, tid 7986
03-02 04:03:40.891  7970  7986 I OpenGLRenderer: Initialized EGL, version 1.4
03-02 04:03:40.894  7970  7986 W OpenGLRenderer: Failed to choose config with EGL_SWAP_BEHAVIOR_PRESERVED, retrying without...
03-02 04:03:40.901  7970  7986 D EGL_emulation: eglCreateContext: 0xaa9a4c00: maj 3 min 0 rcv 3
03-02 04:03:40.905  7970  7986 D EGL_emulation: eglMakeCurrent: 0xaa9a4c00: ver 3 0 (tinfo 0xaa9a9aa0)
03-02 04:03:40.908  7970  7986 E eglCodecCommon: glUtilsParamSize: unknow param 0x00008cdf
03-02 04:03:40.908  7970  7986 E eglCodecCommon: glUtilsParamSize: unknow param 0x00008824
03-02 04:03:40.938  7970  7986 D EGL_emulation: eglMakeCurrent: 0xaa9a4c00: ver 3 0 (tinfo 0xaa9a9aa0)
03-02 04:03:41.099  1911  1930 I ActivityManager: Displayed org.y20k.transistor/.MainActivity: +534ms
03-02 04:03:55.822  7988  7988 D AndroidRuntime: >>>>>> START com.android.internal.os.RuntimeInit uid 0 <<<<<<
03-02 04:03:55.824  7988  7988 D AndroidRuntime: CheckJNI is ON
03-02 04:03:55.839  7988  7988 D ICU     : No timezone override file found: /data/misc/zoneinfo/current/icu/icu_tzdata.dat
03-02 04:03:55.862  7988  7988 E memtrack: Couldn't load memtrack module (No such file or directory)
03-02 04:03:55.862  7988  7988 E android.os.Debug: failed to load memtrack module: -2
03-02 04:03:55.864  7988  7988 I Radio-JNI: register_android_hardware_Radio DONE
03-02 04:03:55.875  7988  7988 D AndroidRuntime: Calling main entry com.android.commands.content.Content
03-02 04:03:55.893  7988  7988 D AndroidRuntime: Shutting down VM
03-02 04:03:56.337  7997  7997 D AndroidRuntime: >>>>>> START com.android.internal.os.RuntimeInit uid 0 <<<<<<
03-02 04:03:56.340  7997  7997 D AndroidRuntime: CheckJNI is ON
03-02 04:03:56.355  7997  7997 D ICU     : No timezone override file found: /data/misc/zoneinfo/current/icu/icu_tzdata.dat
03-02 04:03:56.383  7997  7997 E memtrack: Couldn't load memtrack module (No such file or directory)
03-02 04:03:56.383  7997  7997 E android.os.Debug: failed to load memtrack module: -2
03-02 04:03:56.386  7997  7997 I Radio-JNI: register_android_hardware_Radio DONE
03-02 04:03:56.396  7997  7997 D AndroidRuntime: Calling main entry com.android.commands.content.Content
03-02 04:03:56.407  7997  7997 D AndroidRuntime: Shutting down VM
03-02 04:04:00.053  1271  1330 D hwcomposer: hw_composer sent 170 syncs in 73s
03-02 04:04:59.694  1911  1921 I art     : Background sticky concurrent mark sweep GC freed 38848(3MB) AllocSpace objects, 18(360KB) LOS objects, 31% free, 8MB/12MB, paused 8.841ms total 86.946ms
03-02 04:05:00.144  1271  1330 D hwcomposer: hw_composer sent 4 syncs in 60s
03-02 04:06:00.057  1271  1330 D hwcomposer: hw_composer sent 7 syncs in 60s
03-02 04:07:00.057  1271  1330 D hwcomposer: hw_composer sent 4 syncs in 60s
03-02 04:08:00.072  1271  1330 D hwcomposer: hw_composer sent 4 syncs in 60s
03-02 04:09:00.075  1271  1330 D hwcomposer: hw_composer sent 3 syncs in 60s
03-02 04:10:00.062  1271  1330 D hwcomposer: hw_composer sent 3 syncs in 60s
03-02 04:11:00.061  1271  1330 D hwcomposer: hw_composer sent 4 syncs in 60s
03-02 04:12:00.061  1271  1330 D hwcomposer: hw_composer sent 4 syncs in 60s
03-02 04:13:00.166  1271  1330 D hwcomposer: hw_composer sent 4 syncs in 60s
03-02 04:14:00.066  1271  1330 D hwcomposer: hw_composer sent 3 syncs in 60s
03-02 04:15:00.002  1911  1911 I ActivityManager: Killing 4463:com.android.externalstorage/u0a7 (adj 15): empty for 1801s
03-02 04:15:00.075  1911  1911 I ActivityManager: Killing 4370:com.android.packageinstaller/u0a11 (adj 15): empty for 1802s
03-02 04:15:00.159  1911  1922 D GraphicsStats: Buffer count: 8
03-02 04:15:00.228  1271  1330 D hwcomposer: hw_composer sent 4 syncs in 60s
03-02 04:15:12.534  1911  1924 I UsageStatsService: User[0] Flushing usage stats to disk
03-02 04:15:16.635  2709  4493 E WakeLock: GCM_HB_ALARM release without a matched acquire!
03-02 04:16:00.100  1271  1330 D hwcomposer: hw_composer sent 7 syncs in 60s
03-02 04:16:16.629  2709  2709 W GCM     : Heartbeat timeout, GCM connection reset -7
03-02 04:16:16.646  2709 10670 E WakeLock: GCM_HB_ALARM release without a matched acquire!
03-02 04:16:16.646  2709 10670 W WakeLock: GCM_HB_ALARM counter does not exist
03-02 04:16:16.651  1911  1923 D ConnectivityService: reportNetworkConnectivity(100, false) by 10008
03-02 04:16:16.655  1911  2845 D NetworkMonitor/NetworkAgentInfo [MOBILE (LTE) - 100]: Forcing reevaluation for UID 10008
03-02 04:16:16.696  1911  2845 D NetworkMonitor/NetworkAgentInfo [MOBILE (LTE) - 100]: Checking http://connectivitycheck.gstatic.com/generate_204 on epc.tmobile.com, connectivitycheck.gstatic.com=142.251.163.94,2607:f8b0:4004:c06::5e
03-02 04:16:16.703  2709 10672 I qtaguid : Failed write_ctrl(t -1 3458768941931823104 -1) res=-1 errno=9
03-02 04:16:16.703  2709 10672 I qtaguid : Tagging socket -1 with tag 3000040700000000(805307399) for uid -1 failed errno=-9
03-02 04:16:16.703  2709 10672 I NetworkManagementSocketTagger: tagSocketFd(-1, 805307399, -1) failed with errno-9
03-02 04:16:16.754  1911  2845 D NetworkMonitor/NetworkAgentInfo [MOBILE (LTE) - 100]: isCaptivePortal: ret=204 headers={null=[HTTP/1.1 204 No Content], Content-Length=[0], Cross-Origin-Resource-Policy=[cross-origin], Date=[Thu, 02 Mar 2023 09:16:17 GMT], X-Android-Received-Millis=[1677748576734], X-Android-Response-Source=[NETWORK 204], X-Android-Selected-Protocol=[http/1.1], X-Android-Sent-Millis=[1677748576718]}
03-02 04:16:16.759  1911  2008 D ConnectivityService: setProvNotificationVisibleIntent null visible=false networkType=MOBILE extraInfo=null highPriority=false
03-02 04:16:16.760  1911  2008 D ConnectivityService: NetworkAgentInfo [MOBILE (LTE) - 100] validation  passed
03-02 04:17:00.063  1271  1330 D hwcomposer: hw_composer sent 10 syncs in 60s
03-02 04:18:00.062  1271  1330 D hwcomposer: hw_composer sent 3 syncs in 60s
03-02 04:19:00.092  1271  1330 D hwcomposer: hw_composer sent 3 syncs in 60s
03-02 04:20:00.058  1271  1330 D hwcomposer: hw_composer sent 4 syncs in 60s
03-02 04:21:00.069  1271  1330 D hwcomposer: hw_composer sent 8 syncs in 60s
03-02 04:22:00.054  1271  1330 D hwcomposer: hw_composer sent 8 syncs in 60s
03-02 04:23:00.072  1271  1330 D hwcomposer: hw_composer sent 4 syncs in 60s
03-02 04:24:00.059  1271  1330 D hwcomposer: hw_composer sent 3 syncs in 60s
03-02 04:25:00.068  1271  1330 D hwcomposer: hw_composer sent 3 syncs in 60s
03-02 04:25:32.400  1911  1927 E BluetoothAdapter: Bluetooth binder is null
03-02 04:25:32.404  1911  1927 E KernelCpuSpeedReader: Failed to read cpu-freq
03-02 04:25:32.404  1911  1927 E KernelCpuSpeedReader: java.io.FileNotFoundException: /sys/devices/system/cpu/cpu0/cpufreq/stats/time_in_state: open failed: ENOENT (No such file or directory)
03-02 04:25:32.404  1911  1927 E KernelCpuSpeedReader: 	at libcore.io.IoBridge.open(IoBridge.java:452)
03-02 04:25:32.404  1911  1927 E KernelCpuSpeedReader: 	at java.io.FileInputStream.<init>(FileInputStream.java:76)
03-02 04:25:32.404  1911  1927 E KernelCpuSpeedReader: 	at java.io.FileInputStream.<init>(FileInputStream.java:103)
03-02 04:25:32.404  1911  1927 E KernelCpuSpeedReader: 	at java.io.FileReader.<init>(FileReader.java:66)
03-02 04:25:32.404  1911  1927 E KernelCpuSpeedReader: 	at com.android.internal.os.KernelCpuSpeedReader.readDelta(KernelCpuSpeedReader.java:49)
03-02 04:25:32.404  1911  1927 E KernelCpuSpeedReader: 	at com.android.internal.os.BatteryStatsImpl.updateCpuTimeLocked(BatteryStatsImpl.java:8002)
03-02 04:25:32.404  1911  1927 E KernelCpuSpeedReader: 	at com.android.server.am.BatteryStatsService.updateExternalStats(BatteryStatsService.java:1366)
03-02 04:25:32.404  1911  1927 E KernelCpuSpeedReader: 	at com.android.server.am.BatteryStatsService$BatteryStatsHandler.handleMessage(BatteryStatsService.java:125)
03-02 04:25:32.404  1911  1927 E KernelCpuSpeedReader: 	at android.os.Handler.dispatchMessage(Handler.java:102)
03-02 04:25:32.404  1911  1927 E KernelCpuSpeedReader: 	at android.os.Looper.loop(Looper.java:148)
03-02 04:25:32.404  1911  1927 E KernelCpuSpeedReader: 	at android.os.HandlerThread.run(HandlerThread.java:61)
03-02 04:25:32.404  1911  1927 E KernelCpuSpeedReader: 	at com.android.server.ServiceThread.run(ServiceThread.java:46)
03-02 04:25:32.404  1911  1927 E KernelCpuSpeedReader: Caused by: android.system.ErrnoException: open failed: ENOENT (No such file or directory)
03-02 04:25:32.404  1911  1927 E KernelCpuSpeedReader: 	at libcore.io.Posix.open(Native Method)
03-02 04:25:32.404  1911  1927 E KernelCpuSpeedReader: 	at libcore.io.BlockGuardOs.open(BlockGuardOs.java:186)
03-02 04:25:32.404  1911  1927 E KernelCpuSpeedReader: 	at libcore.io.IoBridge.open(IoBridge.java:438)
03-02 04:25:32.404  1911  1927 E KernelCpuSpeedReader: 	... 11 more
03-02 04:25:32.404  1911  1927 E KernelUidCpuTimeReader: Failed to read uid_cputime
03-02 04:25:32.404  1911  1927 E KernelUidCpuTimeReader: java.io.FileNotFoundException: /proc/uid_cputime/show_uid_stat: open failed: ENOENT (No such file or directory)
03-02 04:25:32.404  1911  1927 E KernelUidCpuTimeReader: 	at libcore.io.IoBridge.open(IoBridge.java:452)
03-02 04:25:32.404  1911  1927 E KernelUidCpuTimeReader: 	at java.io.FileInputStream.<init>(FileInputStream.java:76)
03-02 04:25:32.404  1911  1927 E KernelUidCpuTimeReader: 	at java.io.FileInputStream.<init>(FileInputStream.java:103)
03-02 04:25:32.404  1911  1927 E KernelUidCpuTimeReader: 	at java.io.FileReader.<init>(FileReader.java:66)
03-02 04:25:32.404  1911  1927 E KernelUidCpuTimeReader: 	at com.android.internal.os.KernelUidCpuTimeReader.readDelta(KernelUidCpuTimeReader.java:71)
03-02 04:25:32.404  1911  1927 E KernelUidCpuTimeReader: 	at com.android.internal.os.BatteryStatsImpl.updateCpuTimeLocked(BatteryStatsImpl.java:8031)
03-02 04:25:32.404  1911  1927 E KernelUidCpuTimeReader: 	at com.android.server.am.BatteryStatsService.updateExternalStats(BatteryStatsService.java:1366)
03-02 04:25:32.404  1911  1927 E KernelUidCpuTimeReader: 	at com.android.server.am.BatteryStatsService$BatteryStatsHandler.handleMessage(BatteryStatsService.java:125)
03-02 04:25:32.404  1911  1927 E KernelUidCpuTimeReader: 	at android.os.Handler.dispatchMessage(Handler.java:102)
03-02 04:25:32.404  1911  1927 E KernelUidCpuTimeReader: 	at android.os.Looper.loop(Looper.java:148)
03-02 04:25:32.404  1911  1927 E KernelUidCpuTimeReader: 	at android.os.HandlerThread.run(HandlerThread.java:61)
03-02 04:25:32.404  1911  1927 E KernelUidCpuTimeReader: 	at com.android.server.ServiceThread.run(ServiceThread.java:46)
03-02 04:25:32.404  1911  1927 E KernelUidCpuTimeReader: Caused by: android.system.ErrnoException: open failed: ENOENT (No such file or directory)
03-02 04:25:32.404  1911  1927 E KernelUidCpuTimeReader: 	at libcore.io.Posix.open(Native Method)
03-02 04:25:32.404  1911  1927 E KernelUidCpuTimeReader: 	at libcore.io.BlockGuardOs.open(BlockGuardOs.java:186)
03-02 04:25:32.404  1911  1927 E KernelUidCpuTimeReader: 	at libcore.io.IoBridge.open(IoBridge.java:438)
03-02 04:25:32.404  1911  1927 E KernelUidCpuTimeReader: 	... 11 more
03-02 04:26:00.067  1271  1330 D hwcomposer: hw_composer sent 4 syncs in 60s
03-02 04:27:00.054  1271  1330 D hwcomposer: hw_composer sent 5 syncs in 60s
03-02 04:28:00.053  1271  1330 D hwcomposer: hw_composer sent 4 syncs in 60s
03-02 04:29:00.062  1271  1330 D hwcomposer: hw_composer sent 4 syncs in 60s
03-02 04:29:47.386  1911  1925 I ProcessStatsService: Prepared write state in 5ms
03-02 04:29:47.386  1911  1925 I ProcessStatsService: Prepared write state in 0ms
03-02 04:30:00.058  1271  1330 D hwcomposer: hw_composer sent 3 syncs in 60s
03-02 04:31:00.067  1271  1330 D hwcomposer: hw_composer sent 4 syncs in 60s
03-02 04:31:13.538  2709  3653 I NetworkScheduler.Stats: Task com.google.android.gms/com.google.android.gms.checkin.EventLogService started execution. cause:4 exec_start_elapsed_seconds: 63341 [CONTEXT service_id=218 ]
03-02 04:31:13.555  2726 26157 I Checkin : [EventLogChimeraService] Opted in for usage reporting: false
03-02 04:31:13.555  2726 26157 I Checkin : [EventLogChimeraService] Aggregate from 1674063693211 (log), 1674063693211 (data)
03-02 04:31:13.876  1911  2140 I AccountManagerService: getTypesVisibleToCaller: isPermitted? true
03-02 04:31:13.905  2709  2966 I NetworkScheduler.Stats: Task com.google.android.gms/com.google.android.gms.checkin.EventLogService finished executing. cause:4 result: 1 elapsed_millis: 402 uptime_millis: 402 exec_start_elapsed_seconds: 63341 [CONTEXT service_id=218 ]
03-02 04:31:14.006  2709  3653 I NetworkScheduler.Stats: Task com.google.android.gms/com.google.android.gms.security.snet.SnetNormalTaskService started execution. cause:5 exec_start_elapsed_seconds: 63341 [CONTEXT service_id=218 ]
03-02 04:31:14.083  2709  2966 I NetworkScheduler.Stats: Task com.google.android.gms/com.google.android.gms.security.snet.SnetNormalTaskService finished executing. cause:5 result: 1 elapsed_millis: 114 uptime_millis: 114 exec_start_elapsed_seconds: 63341 [CONTEXT service_id=218 ]
03-02 04:31:14.100  2709  2966 I NetworkScheduler.Stats: Task com.google.android.gms/com.google.android.gms.auth.account.be.legacy.AuthCronService started execution. cause:5 exec_start_elapsed_seconds: 63341 [CONTEXT service_id=218 ]
03-02 04:31:14.159  1911  2143 I ActivityManager: Start proc 13899:com.google.android.gms.unstable/u0a8 for service com.google.android.gms/.droidguard.DroidGuardService
03-02 04:31:14.316 13899 13899 W System  : ClassLoader referenced unknown path: /system/priv-app/PrebuiltGmsCore/lib/x86
03-02 04:31:14.663 13899 13899 W DynamiteModule: Local module descriptor class for providerinstaller not found.
03-02 04:31:14.691 13899 13899 W ProviderHelper: Unknown dynamite feature providerinstaller
03-02 04:31:14.700 13899 13899 I DynamiteModule: Considering local module providerinstaller:0 and remote module providerinstaller:0
03-02 04:31:14.704 13899 13899 W ProviderInstaller: Failed to load providerinstaller module: No acceptable module found. Local version is 0 and remote version is 0.
03-02 04:31:14.798 13899 13899 V NativeCrypto: Registering com/google/android/gms/org/conscrypt/NativeCrypto's 286 native methods...
03-02 04:31:14.966 13899 13899 I art     : Rejecting re-init on previously-failed class java.lang.Class<com.google.android.gms.org.conscrypt.Java7ExtendedSSLSession>
03-02 04:31:14.966 13899 13899 I art     : Rejecting re-init on previously-failed class java.lang.Class<com.google.android.gms.org.conscrypt.Java7ExtendedSSLSession>
03-02 04:31:14.966 13899 13899 I art     : Rejecting re-init on previously-failed class java.lang.Class<com.google.android.gms.org.conscrypt.Java8ExtendedSSLSession>
03-02 04:31:14.967 13899 13899 I art     : Rejecting re-init on previously-failed class java.lang.Class<com.google.android.gms.org.conscrypt.Java8ExtendedSSLSession>
03-02 04:31:15.010 13899 13899 I ProviderInstaller: Installed default security provider GmsCore_OpenSSL
03-02 04:31:15.012 13899 13899 I Safeboot: Checking safeboot...
03-02 04:31:15.015 13899 13899 I Safeboot: Not entering safeboot; wrong process.
03-02 04:31:15.154 13899 13899 I Watchcat: Started
03-02 04:31:15.177 13899 13899 I bezb    : Primes not initialized, returning default (no-op) Primes instance which will ignore all calls. Please call Primes.initialize(...) before using any Primes API.
03-02 04:31:15.503  1911  2740 I AccountManagerService: getTypesVisibleToCaller: isPermitted? true
03-02 04:31:15.940 13899 13909 W art     : Suspending all threads took: 12.728ms
03-02 04:31:15.946 13899 13909 I art     : Background sticky concurrent mark sweep GC freed 12059(1732KB) AllocSpace objects, 0(0B) LOS objects, 2% free, 12MB/13MB, paused 14.972ms total 33.694ms
03-02 04:31:16.044 13934 13934 W dex2oat : Unexpected CPU variant for X86 using defaults: x86
03-02 04:31:16.045 13934 13934 W dex2oat : Mismatch between dex2oat instruction set features (ISA: X86 Feature string: smp,-ssse3,-sse4.1,-sse4.2,-avx,-avx2) and those of dex2oat executable (ISA: X86 Feature string: smp,ssse3,-sse4.1,-sse4.2,-avx,-avx2) for the command line:
03-02 04:31:16.045 13934 13934 W dex2oat : /system/bin/dex2oat --runtime-arg -classpath --runtime-arg  --instruction-set=x86 --instruction-set-features=smp,ssse3,-sse4.1,-sse4.2,-avx,-avx2 --runtime-arg -Xrelocate --boot-image=/system/framework/boot.art --runtime-arg -Xms64m --runtime-arg -Xmx512m --instruction-set-variant=x86 --instruction-set-features=default --dex-file=/data/user/0/com.google.android.gms/app_dg_cache/2FB7E30C6DFF12F3BB37BB550F166A46E4F89C6C/the.apk --oat-file=/data/user/0/com.google.android.gms/app_dg_cache/2FB7E30C6DFF12F3BB37BB550F166A46E4F89C6C/opt/the.dex
03-02 04:31:16.045 13934 13934 I dex2oat : /system/bin/dex2oat --dex-file=/data/user/0/com.google.android.gms/app_dg_cache/2FB7E30C6DFF12F3BB37BB550F166A46E4F89C6C/the.apk --oat-file=/data/user/0/com.google.android.gms/app_dg_cache/2FB7E30C6DFF12F3BB37BB550F166A46E4F89C6C/opt/the.dex
03-02 04:31:16.380 13934 13934 I dex2oat : dex2oat took 335.500ms (threads: 4) arena alloc=192KB java alloc=316KB native alloc=2MB free=2MB
03-02 04:31:16.707 13899 13910 D         : HostConnection::get() New Host Connection established 0xaa168e40, tid 13910
03-02 04:31:16.715 13899 13910 D EGL_emulation: eglCreateContext: 0xaa16a320: maj 3 min 0 rcv 3
03-02 04:31:16.718 13899 13910 D EGL_emulation: eglMakeCurrent: 0xaa16a320: ver 3 0 (tinfo 0xaa166310)
03-02 04:31:16.720 13899 13910 E eglCodecCommon: glUtilsParamSize: unknow param 0x00008cdf
03-02 04:31:16.720 13899 13910 E eglCodecCommon: glUtilsParamSize: unknow param 0x00008824
03-02 04:31:16.785 13899 13910 D EGL_emulation: eglCreateContext: 0xaa16a4a0: maj 3 min 0 rcv 3
03-02 04:31:16.789 13899 13910 D EGL_emulation: eglMakeCurrent: 0xaa16a4a0: ver 3 0 (tinfo 0xaa166310)
03-02 04:31:16.790 13899 13910 E eglCodecCommon: glUtilsParamSize: unknow param 0x00008cdf
03-02 04:31:16.790 13899 13910 E eglCodecCommon: glUtilsParamSize: unknow param 0x00008824
03-02 04:31:16.851 13910 13910 W Binder_1: type=1400 audit(0.0:50): avc: denied { read } for name="/" dev="tmpfs" ino=79 scontext=u:r:untrusted_app:s0:c512,c768 tcontext=u:object_r:device:s0 tclass=dir permissive=0
03-02 04:31:16.871 13910 13910 W Binder_1: type=1400 audit(0.0:51): avc: denied { read } for name="/" dev="tmpfs" ino=79 scontext=u:r:untrusted_app:s0:c512,c768 tcontext=u:object_r:device:s0 tclass=dir permissive=0
03-02 04:31:16.971 13910 13910 W Binder_1: type=1400 audit(0.0:52): avc: denied { search } for name="1645" dev="proc" ino=5609 scontext=u:r:untrusted_app:s0:c512,c768 tcontext=u:r:zygote:s0 tclass=dir permissive=0
03-02 04:31:17.120  1911  3284 I AccountManagerService: getTypesVisibleToCaller: isPermitted? true
03-02 04:31:17.260  2709  3653 W Conscrypt: Could not set socket write timeout: java.net.SocketException: Socket closed
03-02 04:31:17.260  2709  3653 E art     : invalid stream - problem with parameter iterator in /system/priv-app/PrebuiltGmsCore/PrebuiltGmsCore.apk:classes3.dex for method void com.google.android.gms.org.conscrypt.ConscryptFileDescriptorSocket.setSoWriteTimeout(int)
03-02 04:31:17.267  2709  3653 W Conscrypt: 	at com.google.android.gms.org.conscrypt.Platform.setSocketWriteTimeout(:com.google.android.gms@202414022@20.24.14 (040700-319035315):2)
03-02 04:31:17.267  2709  3653 W Conscrypt: 	at com.google.android.gms.org.conscrypt.ConscryptFileDescriptorSocket.setSoWriteTimeout(:com.google.android.gms@202414022@20.24.14 (040700-319035315))
03-02 04:31:17.300  2709  3653 W Conscrypt: Could not set socket write timeout: java.net.SocketException: Socket closed
03-02 04:31:17.303  2709  3653 E art     : invalid stream - problem with parameter iterator in /system/priv-app/PrebuiltGmsCore/PrebuiltGmsCore.apk:classes3.dex for method void com.google.android.gms.org.conscrypt.ConscryptFileDescriptorSocket.setSoWriteTimeout(int)
03-02 04:31:17.303  2709  3653 W Conscrypt: 	at com.google.android.gms.org.conscrypt.Platform.setSocketWriteTimeout(:com.google.android.gms@202414022@20.24.14 (040700-319035315):2)
03-02 04:31:17.303  2709  3653 W Conscrypt: 	at com.google.android.gms.org.conscrypt.ConscryptFileDescriptorSocket.setSoWriteTimeout(:com.google.android.gms@202414022@20.24.14 (040700-319035315))
03-02 04:31:17.397 13899 13927 E art     : invalid stream - problem with parameter iterator in /system/priv-app/PrebuiltGmsCore/PrebuiltGmsCore.apk for method void crt.handleMessage(android.os.Message)
03-02 04:31:17.400 13899 13927 E art     : invalid stream - problem with parameter iterator in /system/priv-app/PrebuiltGmsCore/PrebuiltGmsCore.apk for method void crt.handleMessage(android.os.Message)
03-02 04:31:17.401 13899 13927 E art     : invalid stream - problem with parameter iterator in /system/priv-app/PrebuiltGmsCore/PrebuiltGmsCore.apk for method void crt.handleMessage(android.os.Message)
03-02 04:31:17.404 13899 13927 E art     : invalid stream - problem with parameter iterator in /system/priv-app/PrebuiltGmsCore/PrebuiltGmsCore.apk for method void crt.handleMessage(android.os.Message)
03-02 04:31:17.404 13899 13927 E art     : invalid stream - problem with parameter iterator in /system/priv-app/PrebuiltGmsCore/PrebuiltGmsCore.apk for method void crt.handleMessage(android.os.Message)
03-02 04:31:17.405 13899 13927 E art     : invalid stream - problem with parameter iterator in /system/priv-app/PrebuiltGmsCore/PrebuiltGmsCore.apk for method void crt.handleMessage(android.os.Message)
03-02 04:31:17.406 13899 13927 E art     : invalid stream - problem with parameter iterator in /system/priv-app/PrebuiltGmsCore/PrebuiltGmsCore.apk for method void crt.handleMessage(android.os.Message)
03-02 04:31:17.430  2709  3030 I Auth    : [ReflectiveChannelBinder] Successfully bound channel!
03-02 04:31:17.484  2709  3030 W Conscrypt: Could not set socket write timeout: java.net.SocketException: Socket closed
03-02 04:31:17.485  2709  3030 E art     : invalid stream - problem with parameter iterator in /system/priv-app/PrebuiltGmsCore/PrebuiltGmsCore.apk:classes3.dex for method void com.google.android.gms.org.conscrypt.ConscryptFileDescriptorSocket.setSoWriteTimeout(int)
03-02 04:31:17.486  2709  3030 E art     : invalid stream - problem with parameter iterator in /system/priv-app/PrebuiltGmsCore/PrebuiltGmsCore.apk for method java.lang.Object hwr.a(hwx)
03-02 04:31:17.487  2709  3030 W Conscrypt: 	at com.google.android.gms.org.conscrypt.Platform.setSocketWriteTimeout(:com.google.android.gms@202414022@20.24.14 (040700-319035315):2)
03-02 04:31:17.488  2709  3030 W Conscrypt: 	at com.google.android.gms.org.conscrypt.ConscryptFileDescriptorSocket.setSoWriteTimeout(:com.google.android.gms@202414022@20.24.14 (040700-319035315))
03-02 04:31:17.518  2709  3030 W Conscrypt: Could not set socket write timeout: java.net.SocketException: Socket closed
03-02 04:31:17.518  2709  3030 E art     : invalid stream - problem with parameter iterator in /system/priv-app/PrebuiltGmsCore/PrebuiltGmsCore.apk:classes3.dex for method void com.google.android.gms.org.conscrypt.ConscryptFileDescriptorSocket.setSoWriteTimeout(int)
03-02 04:31:17.519  2709  3030 E art     : invalid stream - problem with parameter iterator in /system/priv-app/PrebuiltGmsCore/PrebuiltGmsCore.apk for method java.lang.Object hwr.a(hwx)
03-02 04:31:17.519  2709  3030 W Conscrypt: 	at com.google.android.gms.org.conscrypt.Platform.setSocketWriteTimeout(:com.google.android.gms@202414022@20.24.14 (040700-319035315):2)
03-02 04:31:17.519  2709  3030 W Conscrypt: 	at com.google.android.gms.org.conscrypt.ConscryptFileDescriptorSocket.setSoWriteTimeout(:com.google.android.gms@202414022@20.24.14 (040700-319035315))
03-02 04:31:17.541 13927 13927 W IntentService[D: type=1400 audit(0.0:53): avc: denied { read } for name="/" dev="tmpfs" ino=79 scontext=u:r:untrusted_app:s0:c512,c768 tcontext=u:object_r:device:s0 tclass=dir permissive=0
03-02 04:31:17.590  2709  3030 E art     : invalid stream - problem with parameter iterator in /system/priv-app/PrebuiltGmsCore/PrebuiltGmsCore.apk for method java.lang.Object hwr.a(hwx)
03-02 04:31:17.593  2709  3030 W GLSUser : [AppCertManager] IOException while requesting key: 
03-02 04:31:17.593  2709  3030 W GLSUser : java.io.IOException: Invalid device key response.
03-02 04:31:17.593  2709  3030 W GLSUser : 	at hwy.a(:com.google.android.gms@202414022@20.24.14 (040700-319035315):49)
03-02 04:31:17.593  2709  3030 W GLSUser : 	at hww.a(:com.google.android.gms@202414022@20.24.14 (040700-319035315):45)
03-02 04:31:17.593  2709  3030 W GLSUser : 	at hwr.a(:com.google.android.gms@202414022@20.24.14 (040700-319035315))
03-02 04:31:17.593  2709  3030 W GLSUser : 	at hwu.a(:com.google.android.gms@202414022@20.24.14 (040700-319035315):10)
03-02 04:31:17.593  2709  3030 W GLSUser : 	at gbi.call(:com.google.android.gms@202414022@20.24.14 (040700-319035315):0)
03-02 04:31:17.593  2709  3030 W GLSUser : 	at java.util.concurrent.FutureTask.run(FutureTask.java:237)
03-02 04:31:17.593  2709  3030 W GLSUser : 	at soy.b(:com.google.android.gms@202414022@20.24.14 (040700-319035315):12)
03-02 04:31:17.593  2709  3030 W GLSUser : 	at soy.run(:com.google.android.gms@202414022@20.24.14 (040700-319035315):7)
03-02 04:31:17.593  2709  3030 W GLSUser : 	at java.util.concurrent.ThreadPoolExecutor.runWorker(ThreadPoolExecutor.java:1113)
03-02 04:31:17.593  2709  3030 W GLSUser : 	at java.util.concurrent.ThreadPoolExecutor$Worker.run(ThreadPoolExecutor.java:588)
03-02 04:31:17.593  2709  3030 W GLSUser : 	at sux.run(:com.google.android.gms@202414022@20.24.14 (040700-319035315):0)
03-02 04:31:17.593  2709  3030 W GLSUser : 	at java.lang.Thread.run(Thread.java:818)
03-02 04:31:17.598  2709  2966 I NetworkScheduler.Stats: Task com.google.android.gms/com.google.android.gms.auth.account.be.legacy.AuthCronService finished executing. cause:5 result: 3 elapsed_millis: 3561 uptime_millis: 3562 exec_start_elapsed_seconds: 63341 [CONTEXT service_id=218 ]
03-02 04:31:17.691 13927 13927 W IntentService[D: type=1400 audit(0.0:54): avc: denied { search } for name="1645" dev="proc" ino=5609 scontext=u:r:untrusted_app:s0:c512,c768 tcontext=u:r:zygote:s0 tclass=dir permissive=0
03-02 04:31:17.705 13899 13927 D         : HostConnection::get() New Host Connection established 0xaa003540, tid 13927
03-02 04:31:17.710 13899 13927 D EGL_emulation: eglCreateContext: 0xaa9a4120: maj 3 min 0 rcv 3
03-02 04:31:17.713 13899 13927 D EGL_emulation: eglMakeCurrent: 0xaa9a4120: ver 3 0 (tinfo 0xaaa9ec50)
03-02 04:31:17.715 13899 13927 E eglCodecCommon: glUtilsParamSize: unknow param 0x00008cdf
03-02 04:31:17.716 13899 13927 E eglCodecCommon: glUtilsParamSize: unknow param 0x00008824
03-02 04:31:17.769 13899 13927 D EGL_emulation: eglCreateContext: 0xaa9a5200: maj 3 min 0 rcv 3
03-02 04:31:17.774 13899 13927 D EGL_emulation: eglMakeCurrent: 0xaa9a5200: ver 3 0 (tinfo 0xaaa9ec50)
03-02 04:31:17.775 13899 13927 E eglCodecCommon: glUtilsParamSize: unknow param 0x00008cdf
03-02 04:31:17.775 13899 13927 E eglCodecCommon: glUtilsParamSize: unknow param 0x00008824
03-02 04:31:17.811 13927 13927 W IntentService[D: type=1400 audit(0.0:55): avc: denied { read } for name="/" dev="tmpfs" ino=79 scontext=u:r:untrusted_app:s0:c512,c768 tcontext=u:object_r:device:s0 tclass=dir permissive=0
03-02 04:31:17.877  1911  2052 I AccountManagerService: getTypesVisibleToCaller: isPermitted? true
03-02 04:32:00.009  1911  1911 I ActivityManager: Killing 4189:com.android.providers.calendar/u0a1 (adj 13): empty for 1813s
03-02 04:32:00.096  1911  1911 I ActivityManager: Killing 4171:com.google.android.calendar/u0a22 (adj 15): empty for 1817s
03-02 04:32:00.224  1271  1330 D hwcomposer: hw_composer sent 10 syncs in 60s
03-02 04:33:00.076  1271  1330 D hwcomposer: hw_composer sent 3 syncs in 60s
03-02 04:34:00.005  1911  1911 I ActivityManager: Killing 4427:com.android.documentsui/u0a29 (adj 15): empty for 1823s
03-02 04:34:00.076  1911  1911 I ActivityManager: Killing 4412:com.android.keychain/1000 (adj 15): empty for 1823s
03-02 04:34:00.178  1271  1330 D hwcomposer: hw_composer sent 4 syncs in 60s
03-02 04:35:00.073  1271  1330 D hwcomposer: hw_composer sent 3 syncs in 60s
03-02 04:36:00.062  1271  1330 D hwcomposer: hw_composer sent 7 syncs in 60s
03-02 04:37:00.061  1271  1330 D hwcomposer: hw_composer sent 6 syncs in 60s
03-02 04:38:00.045  1271  1330 D hwcomposer: hw_composer sent 4 syncs in 60s
03-02 04:39:00.063  1271  1330 D hwcomposer: hw_composer sent 4 syncs in 60s
03-02 04:40:00.074  1271  1330 D hwcomposer: hw_composer sent 3 syncs in 60s
03-02 04:41:00.072  1271  1330 D hwcomposer: hw_composer sent 3 syncs in 60s
03-02 04:42:00.058  1271  1330 D hwcomposer: hw_composer sent 3 syncs in 60s
03-02 04:43:00.075  1271  1330 D hwcomposer: hw_composer sent 4 syncs in 60s
03-02 04:44:00.078  1271  1330 D hwcomposer: hw_composer sent 3 syncs in 60s
03-02 04:44:16.879  2709 10672 E WakeLock: GCM_HB_ALARM release without a matched acquire!
03-02 04:45:00.083  1271  1330 D hwcomposer: hw_composer sent 7 syncs in 60s
03-02 04:46:00.065  1271  1330 D hwcomposer: hw_composer sent 4 syncs in 60s
03-02 04:46:26.341  1647  1647 I perfprofd: profile collection skipped (running in emulator)
03-02 04:47:00.060  1271  1330 D hwcomposer: hw_composer sent 4 syncs in 60s
