--------- beginning of main
06-28 14:06:41.952 25703 25703 D AndroidRuntime: >>>>>> START com.android.internal.os.RuntimeInit uid 0 <<<<<<
06-28 14:06:41.954 25703 25703 D AndroidRuntime: CheckJNI is ON
06-28 14:06:41.963 25703 25703 D ICU     : No timezone override file found: /data/misc/zoneinfo/current/icu/icu_tzdata.dat
06-28 14:06:41.977 25703 25703 E memtrack: Couldn't load memtrack module (No such file or directory)
06-28 14:06:41.977 25703 25703 E android.os.Debug: failed to load memtrack module: -2
06-28 14:06:41.980 25703 25703 I Radio-JNI: register_android_hardware_Radio DONE
06-28 14:06:41.986 25703 25703 D AndroidRuntime: Calling main entry com.android.commands.pm.Pm
06-28 14:06:41.991  1916  2152 I PackageManager: Package doesn't exist in get block uninstall ch.logixisland.anuto
--------- beginning of system
06-28 14:06:41.992  1916  1940 W PackageManager: Package named 'ch.logixisland.anuto' doesn't exist.
06-28 14:06:41.992  1916  1940 I art     : Starting a blocking GC Explicit
06-28 14:06:42.004  1916  1940 I art     : Explicit concurrent mark sweep GC freed 7460(516KB) AllocSpace objects, 3(72KB) LOS objects, 33% free, 8MB/12MB, paused 386us total 11.977ms
06-28 14:06:42.006 25703 25703 E Pm      : Failure details: Bundle[{android.content.pm.extra.STATUS=1, android.content.pm.extra.PACKAGE_NAME=ch.logixisland.anuto, android.content.pm.extra.LEGACY_STATUS=-1, android.content.pm.extra.STATUS_MESSAGE=DELETE_FAILED_INTERNAL_ERROR}]
06-28 14:06:42.008 25703 25703 I art     : System.exit called, status: 1
06-28 14:06:42.008 25703 25703 I AndroidRuntime: VM exiting with result code 1.
06-28 14:06:42.145 25716 25716 D AndroidRuntime: >>>>>> START com.android.internal.os.RuntimeInit uid 0 <<<<<<
06-28 14:06:42.147 25716 25716 D AndroidRuntime: CheckJNI is ON
06-28 14:06:42.155 25716 25716 D ICU     : No timezone override file found: /data/misc/zoneinfo/current/icu/icu_tzdata.dat
06-28 14:06:42.168 25716 25716 E memtrack: Couldn't load memtrack module (No such file or directory)
06-28 14:06:42.168 25716 25716 E android.os.Debug: failed to load memtrack module: -2
06-28 14:06:42.170 25716 25716 I Radio-JNI: register_android_hardware_Radio DONE
06-28 14:06:42.176 25716 25716 D AndroidRuntime: Calling main entry com.android.commands.pm.Pm
06-28 14:06:42.187 18434 18445 D DefContainer: Copying /data/local/tmp/191.apk to base.apk
06-28 14:06:42.234  1916  1940 I PackageManager.DexOptimizer: Running dexopt (dex2oat) on: /data/app/vmdl618268183.tmp/base.apk pkg=ch.logixisland.anuto isa=x86 vmSafeMode=false debuggable=true oatDir = /data/app/vmdl618268183.tmp/oat
06-28 14:06:42.242 25725 25725 W dex2oat : Unexpected CPU variant for X86 using defaults: x86
06-28 14:06:42.242 25725 25725 W dex2oat : Mismatch between dex2oat instruction set features (ISA: X86 Feature string: smp,-ssse3,-sse4.1,-sse4.2,-avx,-avx2) and those of dex2oat executable (ISA: X86 Feature string: smp,ssse3,-sse4.1,-sse4.2,-avx,-avx2) for the command line:
06-28 14:06:42.242 25725 25725 W dex2oat : /system/bin/dex2oat --zip-fd=6 --zip-location=base.apk --oat-fd=7 --oat-location=/data/app/vmdl618268183.tmp/oat/x86/base.odex --instruction-set=x86 --instruction-set-variant=x86 --instruction-set-features=default --runtime-arg -Xms64m --runtime-arg -Xmx512m --swap-fd=8 --debuggable
06-28 14:06:42.243 25725 25725 I dex2oat : /system/bin/dex2oat --debuggable
06-28 14:06:42.675 25725 25725 I dex2oat : dex2oat took 432.552ms (threads: 4) arena alloc=192KB java alloc=795KB native alloc=5MB free=2MB
06-28 14:06:42.708  1916  1940 V BackupManagerService: restoreAtInstall pkg=ch.logixisland.anuto token=14 restoreSet=0
06-28 14:06:42.708  1916  1940 V BackupManagerService: Finishing install immediately
06-28 14:06:42.709  1916  1940 W Settings: Setting install_non_market_apps has moved from android.provider.Settings.Global to android.provider.Settings.Secure, returning read-only value.
06-28 14:06:42.709  1916  1940 I art     : Starting a blocking GC Explicit
06-28 14:06:42.720  1916  1940 I art     : Explicit concurrent mark sweep GC freed 27852(1715KB) AllocSpace objects, 11(204KB) LOS objects, 33% free, 8MB/12MB, paused 333us total 10.736ms
06-28 14:06:42.723 25716 25716 I art     : System.exit called, status: 0
06-28 14:06:42.723 25716 25716 I AndroidRuntime: VM exiting with result code 0.
06-28 14:06:42.735  1916  1965 I InputReader: Reconfiguring input devices.  changes=0x00000010
06-28 14:06:42.737 25621 25731 D Documents: Update found 7 roots in 8ms
06-28 14:06:42.753  2420  2420 D CarrierServiceBindHelper: Receive action: android.intent.action.PACKAGE_ADDED
06-28 14:06:42.758  2420  2420 D CarrierServiceBindHelper: mHandler: 3
06-28 14:06:42.758  2420  2420 D CarrierConfigLoader: mHandler: 9 phoneId: 0
06-28 14:06:42.771  1916  3233 W ActivityManager: Unable to start service Intent { act=com.google.android.gms.auth.key.retrieval.service.START pkg=com.google.android.gms } U=0: not found
06-28 14:06:42.771  2716 25746 W GCM     : Unexpected forwarded intent: Intent { act=android.intent.action.PACKAGE_ADDED dat=package:ch.logixisland.anuto flg=0x4000010 cmp=com.google.android.gms/.chimera.PersistentIntentOperationService (has extras) }
06-28 14:06:42.776  2735 25743 I Auth    : [SupervisedAccountIntentOperation] onHandleIntent(): android.intent.action.PACKAGE_ADDED
06-28 14:06:42.776  2716 25747 W GCM     : Unexpected forwarded intent: Intent { act=android.intent.action.PACKAGE_ADDED dat=package:ch.logixisland.anuto flg=0x4000010 cmp=com.google.android.gms/.chimera.PersistentIntentOperationService (has extras) }
06-28 14:06:42.779  2735 25743 I ChromeSync: [Sync,SyncIntentOperation] Handling the intent: Intent { act=android.intent.action.PACKAGE_ADDED dat=package:ch.logixisland.anuto flg=0x4000010 cmp=com.google.android.gms/.chimera.GmsIntentOperationService (has extras) }.
06-28 14:06:42.786  1916  2148 W ActivityManager: Unbind failed: could not find connection for android.os.BinderProxy@e1ccd59
06-28 14:06:42.787  2735 25742 I FontLog : Package ch.logixisland.anuto has no metadata [CONTEXT service_id=132 ]
06-28 14:06:42.788  2735  2865 E GmsClient: unable to connect to service: com.google.android.gms.auth.key.retrieval.service.START on com.google.android.gms
06-28 14:06:42.791 25579 25754 I UpdateIcingCorporaServi: Updating corpora: APPS=ch.logixisland.anuto, CONTACTS=MAYBE
06-28 14:06:42.799  1916  3234 I ActivityManager: Start proc 25757:com.svox.pico/u0a45 for broadcast com.svox.pico/.VoiceDataInstallerReceiver
06-28 14:06:42.833  1916  2053 I AccountManagerService: getTypesVisibleToCaller: isPermitted? true
06-28 14:06:42.839  1916  1927 I AccountManagerService: getTypesVisibleToCaller: isPermitted? true
06-28 14:06:42.845  2735 25743 I ChromeSync: [Persistence,AffiliationManager] One of affiliation or grouping data for android://MxeKe8G9dgdxBoqconuYXtvb_IBaz93kWLUMHl1BbIIryfysRoJg6kaAyKU0ohJdKrfL1jolEN-nGImoG8i3aQ==@ch.logixisland.anuto/ was not found. Marking affiliation data as stale...
06-28 14:06:42.876  1916  2077 I AccountManagerService: getTypesVisibleToCaller: isPermitted? true
06-28 14:06:42.896 25755 25755 D AndroidRuntime: >>>>>> START com.android.internal.os.RuntimeInit uid 0 <<<<<<
06-28 14:06:42.898 25755 25755 D AndroidRuntime: CheckJNI is ON
06-28 14:06:42.907 25755 25755 D ICU     : No timezone override file found: /data/misc/zoneinfo/current/icu/icu_tzdata.dat
06-28 14:06:42.924 25755 25755 E memtrack: Couldn't load memtrack module (No such file or directory)
06-28 14:06:42.924 25755 25755 E android.os.Debug: failed to load memtrack module: -2
06-28 14:06:42.925 25755 25755 I Radio-JNI: register_android_hardware_Radio DONE
06-28 14:06:42.931  2735 25751 I ChimeraConfigurator: Starting update, reason: 4 urgentFeatures: pay:-1
06-28 14:06:42.932  2735  3365 I Icing   : IndexChimeraService.getServiceInterface callingPackage=com.google.android.googlequicksearchbox componentName=null serviceId=36
06-28 14:06:42.932  2735 25751 E ConfigFileUtils: Failed to read config file: /data/data/com.google.android.gms/app_chimera/next_container.pb: open failed: ENOENT (No such file or directory)
06-28 14:06:42.934 25755 25755 D AndroidRuntime: Calling main entry com.android.commands.monkey.Monkey
06-28 14:06:42.972  2735 25751 I ChmraDebugLogger: [73] 1801
06-28 14:06:42.978  2735 25751 I ChmraDebugLogger: [30] [Pay.optional:202414020000] permitMetered=true,
06-28 14:06:42.980  1916  1930 W BroadcastQueue: Skipping deliver [background] BroadcastRecord{bab7e85 u-1 android.net.conn.CONNECTIVITY_CHANGE} to ReceiverList{86f94da 25755 (unknown name)/0/u-1 remote:d4f40ef}: process crashing
06-28 14:06:42.995  2735 25751 W ChimeraConfigService: Retry attempt was throttled.
06-28 14:06:43.026  1916  2077 I ActivityManager: START u0 {act=android.intent.action.MAIN cat=[android.intent.category.LAUNCHER] flg=0x10200000 cmp=ch.logixisland.anuto/.view.game.GameActivity} from uid 0 on display 0
06-28 14:06:43.060 25780 25780 I art     : Not late-enabling -Xcheck:jni (already on)
06-28 14:06:43.063  1293  1966 D gralloc_ranchu: gralloc_alloc: Creating ashmem region of size 7753728
06-28 14:06:43.067  1916  3249 I ActivityManager: Start proc 25780:ch.logixisland.anuto/u0a80 for activity ch.logixisland.anuto/.view.game.GameActivity
06-28 14:06:43.088 25755 25755 I art     : System.exit called, status: 0
06-28 14:06:43.088 25755 25755 I AndroidRuntime: VM exiting with result code 0.
06-28 14:06:43.116 25780 25780 W System  : ClassLoader referenced unknown path: /data/app/ch.logixisland.anuto-1/lib/x86
06-28 14:06:43.134  3252  3322 D EGL_emulation: eglMakeCurrent: 0xaa3bccc0: ver 3 0 (tinfo 0xaa9c2a20)
06-28 14:06:43.135  3252  3322 E Surface : getSlotFromBufferLocked: unknown buffer: 0xb403d7a0
06-28 14:06:43.138  2735 18326 W Icing   : No valid account for uploading user actions
06-28 14:06:43.155 25780 25797 E WVMExtractor: Failed to open libwvm.so: dlopen failed: library "libwvm.so" not found
06-28 14:06:43.158  2735  2918 I Icing   : IndexChimeraService.getServiceInterface callingPackage=com.google.android.gms componentName=AppsCorpus serviceId=36
06-28 14:06:43.158  2190  2670 D EGL_emulation: eglMakeCurrent: 0xae394d20: ver 3 0 (tinfo 0xae392980)
06-28 14:06:43.169  2190  2670 D EGL_emulation: eglMakeCurrent: 0xae394d20: ver 3 0 (tinfo 0xae392980)
06-28 14:06:43.170  2735  3065 I Icing   : IndexChimeraService.getServiceInterface callingPackage=com.google.android.gms componentName=null serviceId=30
06-28 14:06:43.177  2190  2670 D EGL_emulation: eglMakeCurrent: 0xae394d20: ver 3 0 (tinfo 0xae392980)
06-28 14:06:43.191  2190  2670 D EGL_emulation: eglMakeCurrent: 0xae394d20: ver 3 0 (tinfo 0xae392980)
06-28 14:06:43.199  2190  2670 D EGL_emulation: eglMakeCurrent: 0xae394d20: ver 3 0 (tinfo 0xae392980)
06-28 14:06:43.202  2190  2670 D EGL_emulation: eglMakeCurrent: 0xae394d20: ver 3 0 (tinfo 0xae392980)
06-28 14:06:43.207 25780 25798 I OMXClient: Using client-side OMX mux.
06-28 14:06:43.210  2190  2670 D EGL_emulation: eglMakeCurrent: 0xae394d20: ver 3 0 (tinfo 0xae392980)
06-28 14:06:43.223  2190  2670 D EGL_emulation: eglMakeCurrent: 0xae394d20: ver 3 0 (tinfo 0xae392980)
06-28 14:06:43.231  2190  2670 D EGL_emulation: eglMakeCurrent: 0xae394d20: ver 3 0 (tinfo 0xae392980)
06-28 14:06:43.238  2190  2670 D EGL_emulation: eglMakeCurrent: 0xae394d20: ver 3 0 (tinfo 0xae392980)
06-28 14:06:43.245  2735 18326 E native  : document-store.cc:1218 Failed to update per-doc-data with usage report
06-28 14:06:43.246  2190  2670 D EGL_emulation: eglMakeCurrent: 0xae394d20: ver 3 0 (tinfo 0xae392980)
06-28 14:06:43.247  2735 18326 I Icing   : Usage reports ok 0, Failed Usage reports 1, indexed 0, rejected 0
06-28 14:06:43.252 25579 25754 I UpdateIcingCorporaServi: UpdateCorporaTask done [took 461 ms] updated apps [took 461 ms] 
06-28 14:06:43.255  2735 18326 W Icing   : No valid account for uploading user actions
06-28 14:06:43.256  2190  2670 D EGL_emulation: eglMakeCurrent: 0xae394d20: ver 3 0 (tinfo 0xae392980)
06-28 14:06:43.264  2190  2670 D EGL_emulation: eglMakeCurrent: 0xae394d20: ver 3 0 (tinfo 0xae392980)
06-28 14:06:43.265  2735 18326 I Icing   : Usage reports ok 0, Failed Usage reports 0, indexed 0, rejected 0
06-28 14:06:43.268  2735 18326 W Icing   : No valid account for uploading user actions
06-28 14:06:43.270  2735  3365 I Icing   : IndexChimeraService.getServiceInterface callingPackage=com.google.android.gms componentName=null serviceId=36
06-28 14:06:43.273  2190  2670 D EGL_emulation: eglMakeCurrent: 0xae394d20: ver 3 0 (tinfo 0xae392980)
06-28 14:06:43.279 25780 25780 I GameEngine: Starting game loop
06-28 14:06:43.281  2190  2670 D EGL_emulation: eglMakeCurrent: 0xae394d20: ver 3 0 (tinfo 0xae392980)
06-28 14:06:43.285  2735 18326 I Icing   : Usage reports ok 0, Failed Usage reports 0, indexed 0, rejected 0
06-28 14:06:43.285  1293  1328 E SurfaceFlinger: ro.sf.lcd_density must be defined as a build property
06-28 14:06:43.286 25780 25802 D OpenGLRenderer: Use EGL_SWAP_BEHAVIOR_PRESERVED: true
06-28 14:06:43.289 25780 25780 D         : HostConnection::get() New Host Connection established 0xaa075ac0, tid 25780
06-28 14:06:43.291  2190  2670 D EGL_emulation: eglMakeCurrent: 0xae394d20: ver 3 0 (tinfo 0xae392980)
06-28 14:06:43.295 25780 25780 D Renderer: update: 0Hz; render: 0Hz
06-28 14:06:43.299  2190  2670 D EGL_emulation: eglMakeCurrent: 0xae394d20: ver 3 0 (tinfo 0xae392980)
06-28 14:06:43.311  2735 18326 W Icing   : No valid account for uploading user actions
06-28 14:06:43.314  2190  2670 D EGL_emulation: eglMakeCurrent: 0xae394d20: ver 3 0 (tinfo 0xae392980)
06-28 14:06:43.317  2190  2670 D EGL_emulation: eglMakeCurrent: 0xae394d20: ver 3 0 (tinfo 0xae392980)
06-28 14:06:43.323  2735 18326 I Icing   : Usage reports ok 0, Failed Usage reports 0, indexed 0, rejected 0
06-28 14:06:43.325  2190  2670 D EGL_emulation: eglMakeCurrent: 0xae394d20: ver 3 0 (tinfo 0xae392980)
06-28 14:06:43.328  2735 18326 I Icing   : Indexing com.google.android.googlequicksearchbox-applications_uri from com.google.android.googlequicksearchbox
06-28 14:06:43.331  2190  2670 D EGL_emulation: eglMakeCurrent: 0xae394d20: ver 3 0 (tinfo 0xae392980)
06-28 14:06:43.345  2190  2670 D EGL_emulation: eglMakeCurrent: 0xae394d20: ver 3 0 (tinfo 0xae392980)
06-28 14:06:43.345 25780 25802 D         : HostConnection::get() New Host Connection established 0xaa075f00, tid 25802
06-28 14:06:43.346 25780 25802 I OpenGLRenderer: Initialized EGL, version 1.4
06-28 14:06:43.347 25780 25802 W OpenGLRenderer: Failed to choose config with EGL_SWAP_BEHAVIOR_PRESERVED, retrying without...
06-28 14:06:43.351 25780 25802 D EGL_emulation: eglCreateContext: 0xae394a20: maj 3 min 0 rcv 3
06-28 14:06:43.352  2190  2670 D EGL_emulation: eglMakeCurrent: 0xae394d20: ver 3 0 (tinfo 0xae392980)
06-28 14:06:43.361 25780 25802 D EGL_emulation: eglMakeCurrent: 0xae394a20: ver 3 0 (tinfo 0xaa352210)
06-28 14:06:43.361 25780 25802 E eglCodecCommon: glUtilsParamSize: unknow param 0x00008cdf
06-28 14:06:43.361 25780 25802 E eglCodecCommon: glUtilsParamSize: unknow param 0x00008824
06-28 14:06:43.363  2190  2670 D EGL_emulation: eglMakeCurrent: 0xae394d20: ver 3 0 (tinfo 0xae392980)
06-28 14:06:43.378 25780 25802 D EGL_emulation: eglMakeCurrent: 0xae394a20: ver 3 0 (tinfo 0xaa352210)
06-28 14:06:43.421  2735 18326 I Icing   : Indexing com.google.android.gms-apps from com.google.android.gms
06-28 14:06:43.427  2735 18326 I Icing   : Indexing com.google.android.gms-internal.3p:MobileApplication from com.google.android.gms
06-28 14:06:43.471  2735 18326 I Icing   : Indexing done com.google.android.googlequicksearchbox-applications_uri
06-28 14:06:43.473  2735 18326 I Icing   : Indexing done com.google.android.gms-apps
06-28 14:06:43.476  2735 18326 I Icing   : Indexing done com.google.android.gms-internal.3p:MobileApplication
06-28 14:06:43.506 25780 25803 I OMXClient: Using client-side OMX mux.
06-28 14:06:43.668 25780 25806 I OMXClient: Using client-side OMX mux.
06-28 14:06:43.892 25780 25810 I OMXClient: Using client-side OMX mux.
06-28 14:06:44.012 25780 25780 I Choreographer: Skipped 36 frames!  The application may be doing too much work on its main thread.
06-28 14:06:44.066  1916  1935 I ActivityManager: Displayed ch.logixisland.anuto/.view.game.GameActivity: +1s10ms
06-28 14:06:48.297 25780 25780 D Renderer: update: 29Hz; render: 26Hz
06-28 14:06:53.298 25780 25780 D Renderer: update: 30Hz; render: 30Hz
06-28 14:06:58.265 25813 25813 D AndroidRuntime: >>>>>> START com.android.internal.os.RuntimeInit uid 0 <<<<<<
06-28 14:06:58.269 25813 25813 D AndroidRuntime: CheckJNI is ON
06-28 14:06:58.292 25813 25813 D ICU     : No timezone override file found: /data/misc/zoneinfo/current/icu/icu_tzdata.dat
06-28 14:06:58.298 25780 25780 D Renderer: update: 30Hz; render: 30Hz
06-28 14:06:58.328 25813 25813 E memtrack: Couldn't load memtrack module (No such file or directory)
06-28 14:06:58.328 25813 25813 E android.os.Debug: failed to load memtrack module: -2
06-28 14:06:58.334 25813 25813 I Radio-JNI: register_android_hardware_Radio DONE
06-28 14:06:58.349 25813 25813 D AndroidRuntime: Calling main entry com.android.commands.content.Content
06-28 14:06:58.365 25813 25813 D AndroidRuntime: Shutting down VM
06-28 14:06:58.783 25822 25822 D AndroidRuntime: >>>>>> START com.android.internal.os.RuntimeInit uid 0 <<<<<<
06-28 14:06:58.785 25822 25822 D AndroidRuntime: CheckJNI is ON
06-28 14:06:58.801 25822 25822 D ICU     : No timezone override file found: /data/misc/zoneinfo/current/icu/icu_tzdata.dat
06-28 14:06:58.821 25822 25822 E memtrack: Couldn't load memtrack module (No such file or directory)
06-28 14:06:58.821 25822 25822 E android.os.Debug: failed to load memtrack module: -2
06-28 14:06:58.822 25822 25822 I Radio-JNI: register_android_hardware_Radio DONE
06-28 14:06:58.828 25822 25822 D AndroidRuntime: Calling main entry com.android.commands.content.Content
06-28 14:06:58.833 25822 25822 D AndroidRuntime: Shutting down VM
06-28 14:06:59.832 25843 25843 D AndroidRuntime: >>>>>> START com.android.internal.os.RuntimeInit uid 0 <<<<<<
06-28 14:06:59.834 25843 25843 D AndroidRuntime: CheckJNI is ON
06-28 14:06:59.841 25843 25843 D ICU     : No timezone override file found: /data/misc/zoneinfo/current/icu/icu_tzdata.dat
06-28 14:06:59.856 25843 25843 E memtrack: Couldn't load memtrack module (No such file or directory)
06-28 14:06:59.857 25843 25843 E android.os.Debug: failed to load memtrack module: -2
06-28 14:06:59.858 25843 25843 I Radio-JNI: register_android_hardware_Radio DONE
06-28 14:06:59.864 25843 25843 D AndroidRuntime: Calling main entry com.android.commands.uiautomator.Launcher
06-28 14:06:59.954  1293  1331 D hwcomposer: hw_composer sent 931 syncs in 60s
06-28 14:07:00.900 25843 25843 W AccessibilityNodeInfoDumper: Fetch time: 2ms
06-28 14:07:00.902  1916  3051 W WindowManager: Attempted to remove non-existing token: android.os.Binder@974dc89
06-28 14:07:00.919 25843 25843 D AndroidRuntime: Shutting down VM
06-28 14:07:01.375 25859 25859 D AndroidRuntime: >>>>>> START com.android.internal.os.RuntimeInit uid 0 <<<<<<
06-28 14:07:01.376 25859 25859 D AndroidRuntime: CheckJNI is ON
06-28 14:07:01.384 25859 25859 D ICU     : No timezone override file found: /data/misc/zoneinfo/current/icu/icu_tzdata.dat
06-28 14:07:01.397 25859 25859 E memtrack: Couldn't load memtrack module (No such file or directory)
06-28 14:07:01.397 25859 25859 E android.os.Debug: failed to load memtrack module: -2
06-28 14:07:01.398 25859 25859 I Radio-JNI: register_android_hardware_Radio DONE
06-28 14:07:01.404 25859 25859 D AndroidRuntime: Calling main entry com.android.commands.uiautomator.Launcher
06-28 14:07:02.436 25859 25859 W AccessibilityNodeInfoDumper: Fetch time: 2ms
06-28 14:07:02.437  1916  2152 W WindowManager: Attempted to remove non-existing token: android.os.Binder@ce9d48e
06-28 14:07:02.455 25859 25859 D AndroidRuntime: Shutting down VM
06-28 14:07:03.311 25780 25780 D Renderer: update: 30Hz; render: 30Hz
06-28 14:07:03.454 25880 25880 D AndroidRuntime: >>>>>> START com.android.internal.os.RuntimeInit uid 0 <<<<<<
06-28 14:07:03.455 25880 25880 D AndroidRuntime: CheckJNI is ON
06-28 14:07:03.464 25880 25880 D ICU     : No timezone override file found: /data/misc/zoneinfo/current/icu/icu_tzdata.dat
06-28 14:07:03.478 25880 25880 E memtrack: Couldn't load memtrack module (No such file or directory)
06-28 14:07:03.478 25880 25880 E android.os.Debug: failed to load memtrack module: -2
06-28 14:07:03.480 25880 25880 I Radio-JNI: register_android_hardware_Radio DONE
06-28 14:07:03.485 25880 25880 D AndroidRuntime: Calling main entry com.android.commands.uiautomator.Launcher
06-28 14:07:04.524 25880 25880 W AccessibilityNodeInfoDumper: Fetch time: 2ms
06-28 14:07:04.525  1916  3231 W WindowManager: Attempted to remove non-existing token: android.os.Binder@226f4af
06-28 14:07:04.542 25880 25880 D AndroidRuntime: Shutting down VM
06-28 14:07:05.584 25906 25906 D AndroidRuntime: >>>>>> START com.android.internal.os.RuntimeInit uid 0 <<<<<<
06-28 14:07:05.585 25906 25906 D AndroidRuntime: CheckJNI is ON
06-28 14:07:05.593 25906 25906 D ICU     : No timezone override file found: /data/misc/zoneinfo/current/icu/icu_tzdata.dat
06-28 14:07:05.608 25906 25906 E memtrack: Couldn't load memtrack module (No such file or directory)
06-28 14:07:05.608 25906 25906 E android.os.Debug: failed to load memtrack module: -2
06-28 14:07:05.611 25906 25906 I Radio-JNI: register_android_hardware_Radio DONE
06-28 14:07:05.616 25906 25906 D AndroidRuntime: Calling main entry com.android.commands.uiautomator.Launcher
06-28 14:07:06.652 25906 25906 W AccessibilityNodeInfoDumper: Fetch time: 2ms
06-28 14:07:06.654  1916  3250 W WindowManager: Attempted to remove non-existing token: android.os.Binder@77db0bc
06-28 14:07:06.672 25906 25906 D AndroidRuntime: Shutting down VM
06-28 14:07:07.098 25924 25924 D AndroidRuntime: >>>>>> START com.android.internal.os.RuntimeInit uid 0 <<<<<<
06-28 14:07:07.101 25924 25924 D AndroidRuntime: CheckJNI is ON
06-28 14:07:07.109 25924 25924 D ICU     : No timezone override file found: /data/misc/zoneinfo/current/icu/icu_tzdata.dat
06-28 14:07:07.124 25924 25924 E memtrack: Couldn't load memtrack module (No such file or directory)
06-28 14:07:07.124 25924 25924 E android.os.Debug: failed to load memtrack module: -2
06-28 14:07:07.125 25924 25924 I Radio-JNI: register_android_hardware_Radio DONE
06-28 14:07:07.131 25924 25924 D AndroidRuntime: Calling main entry com.android.commands.uiautomator.Launcher
06-28 14:07:08.158 25924 25924 W AccessibilityNodeInfoDumper: Fetch time: 2ms
06-28 14:07:08.159  1916  2148 W WindowManager: Attempted to remove non-existing token: android.os.Binder@9c5b845
06-28 14:07:08.175 25924 25924 D AndroidRuntime: Shutting down VM
06-28 14:07:08.313 25780 25780 D Renderer: update: 30Hz; render: 30Hz
06-28 14:07:08.458  1293  1328 E SurfaceFlinger: ro.sf.lcd_density must be defined as a build property
06-28 14:07:08.461  1293  1966 D gralloc_ranchu: gralloc_alloc: Creating ashmem region of size 8294400
06-28 14:07:08.467 25935 25935 D         : HostConnection::get() New Host Connection established 0xb654d300, tid 25935
06-28 14:07:08.906 25940 25940 D AndroidRuntime: >>>>>> START com.android.internal.os.RuntimeInit uid 0 <<<<<<
06-28 14:07:08.907 25940 25940 D AndroidRuntime: CheckJNI is ON
06-28 14:07:08.915 25940 25940 D ICU     : No timezone override file found: /data/misc/zoneinfo/current/icu/icu_tzdata.dat
06-28 14:07:08.928 25940 25940 E memtrack: Couldn't load memtrack module (No such file or directory)
06-28 14:07:08.928 25940 25940 E android.os.Debug: failed to load memtrack module: -2
06-28 14:07:08.930 25940 25940 I Radio-JNI: register_android_hardware_Radio DONE
06-28 14:07:08.935 25940 25940 D AndroidRuntime: Calling main entry com.android.commands.am.Am
06-28 14:07:08.940  7630  7630 D MediaScannerReceiver: action: android.intent.action.MEDIA_SCANNER_SCAN_FILE path: /storage/emulated/0/screen.png
06-28 14:07:08.942 25940 25940 D AndroidRuntime: Shutting down VM
06-28 14:07:09.127  2716  1114 I NetworkScheduler.Stats: Task com.google.android.gms/com.google.android.gms.ipa.base.IpaGcmTaskService started execution. cause:9 exec_start_elapsed_seconds: 79796 [CONTEXT service_id=218 ]
06-28 14:07:09.132  2716  5752 I NetworkScheduler.Stats: Task com.google.android.gms/com.google.android.gms.ipa.base.IpaGcmTaskService finished executing. cause:9 result: 1 elapsed_millis: 23 uptime_millis: 23 exec_start_elapsed_seconds: 79796 [CONTEXT service_id=218 ]
06-28 14:07:11.329 25952 25952 D AndroidRuntime: >>>>>> START com.android.internal.os.RuntimeInit uid 0 <<<<<<
06-28 14:07:11.331 25952 25952 D AndroidRuntime: CheckJNI is ON
06-28 14:07:11.339 25952 25952 D ICU     : No timezone override file found: /data/misc/zoneinfo/current/icu/icu_tzdata.dat
06-28 14:07:11.354 25952 25952 E memtrack: Couldn't load memtrack module (No such file or directory)
06-28 14:07:11.354 25952 25952 E android.os.Debug: failed to load memtrack module: -2
06-28 14:07:11.355 25952 25952 I Radio-JNI: register_android_hardware_Radio DONE
06-28 14:07:11.361 25952 25952 D AndroidRuntime: Calling main entry com.android.commands.uiautomator.Launcher
06-28 14:07:12.393 25952 25952 W AccessibilityNodeInfoDumper: Fetch time: 2ms
06-28 14:07:12.394  1916  2151 W WindowManager: Attempted to remove non-existing token: android.os.Binder@f5acaa7
06-28 14:07:12.413 25952 25952 D AndroidRuntime: Shutting down VM
06-28 14:07:13.315 25780 25780 D Renderer: update: 30Hz; render: 30Hz
06-28 14:07:14.806 25967 25967 D AndroidRuntime: >>>>>> START com.android.internal.os.RuntimeInit uid 0 <<<<<<
06-28 14:07:14.808 25967 25967 D AndroidRuntime: CheckJNI is ON
06-28 14:07:14.817 25967 25967 D ICU     : No timezone override file found: /data/misc/zoneinfo/current/icu/icu_tzdata.dat
06-28 14:07:14.832 25967 25967 E memtrack: Couldn't load memtrack module (No such file or directory)
06-28 14:07:14.832 25967 25967 E android.os.Debug: failed to load memtrack module: -2
06-28 14:07:14.833 25967 25967 I Radio-JNI: register_android_hardware_Radio DONE
06-28 14:07:14.838 25967 25967 D AndroidRuntime: Calling main entry com.android.commands.uiautomator.Launcher
06-28 14:07:15.889 25967 25967 W AccessibilityNodeInfoDumper: Fetch time: 2ms
06-28 14:07:15.890  1916  3231 W WindowManager: Attempted to remove non-existing token: android.os.Binder@7915b54
06-28 14:07:15.907 25967 25967 D AndroidRuntime: Shutting down VM
06-28 14:07:16.315 25982 25982 D AndroidRuntime: >>>>>> START com.android.internal.os.RuntimeInit uid 0 <<<<<<
06-28 14:07:16.317 25982 25982 D AndroidRuntime: CheckJNI is ON
06-28 14:07:16.326 25982 25982 D ICU     : No timezone override file found: /data/misc/zoneinfo/current/icu/icu_tzdata.dat
06-28 14:07:16.340 25982 25982 E memtrack: Couldn't load memtrack module (No such file or directory)
06-28 14:07:16.340 25982 25982 E android.os.Debug: failed to load memtrack module: -2
06-28 14:07:16.341 25982 25982 I Radio-JNI: register_android_hardware_Radio DONE
06-28 14:07:16.348 25982 25982 D AndroidRuntime: Calling main entry com.android.commands.uiautomator.Launcher
06-28 14:07:17.373 25982 25982 W AccessibilityNodeInfoDumper: Fetch time: 2ms
06-28 14:07:17.375  1916  2077 W WindowManager: Attempted to remove non-existing token: android.os.Binder@9afaafd
06-28 14:07:17.392 25982 25982 D AndroidRuntime: Shutting down VM
06-28 14:07:17.801 25997 25997 D AndroidRuntime: >>>>>> START com.android.internal.os.RuntimeInit uid 0 <<<<<<
06-28 14:07:17.802 25997 25997 D AndroidRuntime: CheckJNI is ON
06-28 14:07:17.810 25997 25997 D ICU     : No timezone override file found: /data/misc/zoneinfo/current/icu/icu_tzdata.dat
06-28 14:07:17.823 25997 25997 E memtrack: Couldn't load memtrack module (No such file or directory)
06-28 14:07:17.823 25997 25997 E android.os.Debug: failed to load memtrack module: -2
06-28 14:07:17.825 25997 25997 I Radio-JNI: register_android_hardware_Radio DONE
06-28 14:07:17.831 25997 25997 D AndroidRuntime: Calling main entry com.android.commands.uiautomator.Launcher
06-28 14:07:18.325 25780 25780 D Renderer: update: 30Hz; render: 30Hz
06-28 14:07:18.858 25997 25997 W AccessibilityNodeInfoDumper: Fetch time: 2ms
06-28 14:07:18.861  1916  2077 W WindowManager: Attempted to remove non-existing token: android.os.Binder@29313f2
06-28 14:07:18.878 25997 25997 D AndroidRuntime: Shutting down VM
06-28 14:07:19.313 26014 26014 D AndroidRuntime: >>>>>> START com.android.internal.os.RuntimeInit uid 0 <<<<<<
06-28 14:07:19.315 26014 26014 D AndroidRuntime: CheckJNI is ON
06-28 14:07:19.324 26014 26014 D ICU     : No timezone override file found: /data/misc/zoneinfo/current/icu/icu_tzdata.dat
06-28 14:07:19.340 26014 26014 E memtrack: Couldn't load memtrack module (No such file or directory)
06-28 14:07:19.340 26014 26014 E android.os.Debug: failed to load memtrack module: -2
06-28 14:07:19.341 26014 26014 I Radio-JNI: register_android_hardware_Radio DONE
06-28 14:07:19.347 26014 26014 D AndroidRuntime: Calling main entry com.android.commands.uiautomator.Launcher
06-28 14:07:20.385 26014 26014 W AccessibilityNodeInfoDumper: Fetch time: 2ms
06-28 14:07:20.385  1916  2053 W WindowManager: Attempted to remove non-existing token: android.os.Binder@7df6a43
06-28 14:07:20.403 26014 26014 D AndroidRuntime: Shutting down VM
06-28 14:07:20.763 26025 26025 D AndroidRuntime: >>>>>> START com.android.internal.os.RuntimeInit uid 0 <<<<<<
06-28 14:07:20.765 26025 26025 D AndroidRuntime: CheckJNI is ON
06-28 14:07:20.772 26025 26025 D ICU     : No timezone override file found: /data/misc/zoneinfo/current/icu/icu_tzdata.dat
06-28 14:07:20.783 26025 26025 E memtrack: Couldn't load memtrack module (No such file or directory)
06-28 14:07:20.784 26025 26025 E android.os.Debug: failed to load memtrack module: -2
06-28 14:07:20.785 26025 26025 I Radio-JNI: register_android_hardware_Radio DONE
06-28 14:07:20.790 26025 26025 D AndroidRuntime: Calling main entry com.android.commands.input.Input
06-28 14:07:20.793 26025 26025 I Input   : injectMotionEvent: MotionEvent { action=ACTION_DOWN, actionButton=0, id[0]=0, x[0]=796.0, y[0]=118.0, toolType[0]=TOOL_TYPE_UNKNOWN, buttonState=0, metaState=0, flags=0x0, edgeFlags=0x0, pointerCount=1, historySize=0, eventTime=79807853, downTime=79807853, deviceId=0, source=0x1002 }
06-28 14:07:20.795 26025 26025 I Input   : injectMotionEvent: MotionEvent { action=ACTION_UP, actionButton=0, id[0]=0, x[0]=796.0, y[0]=118.0, toolType[0]=TOOL_TYPE_UNKNOWN, buttonState=0, metaState=0, flags=0x0, edgeFlags=0x0, pointerCount=1, historySize=0, eventTime=79807853, downTime=79807853, deviceId=0, source=0x1002 }
06-28 14:07:20.797 26025 26025 D AndroidRuntime: Shutting down VM
06-28 14:07:20.806  1916  2053 I ActivityManager: START u0 {cmp=ch.logixisland.anuto/.view.menu.MenuActivity} from uid 10080 on display 0
06-28 14:07:20.813 25780 25780 I GameEngine: Stopping game loop
06-28 14:07:20.924  1647  1951 D AudioFlinger: mixer(0xb4340000) throttle end: throttle time(11)
06-28 14:07:20.932 25780 25802 D EGL_emulation: eglMakeCurrent: 0xae394a20: ver 3 0 (tinfo 0xaa352210)
06-28 14:07:20.980  1916  1935 I ActivityManager: Displayed ch.logixisland.anuto/.view.menu.MenuActivity: +158ms
06-28 14:07:23.329 25780 25780 D Renderer: update: 15Hz; render: 15Hz
06-28 14:07:23.958  1647  1951 W audio_hw_generic: Not supplying enough data to HAL, expected position 76795273 , only wrote 76657492
06-28 14:07:24.752 26044 26044 D AndroidRuntime: >>>>>> START com.android.internal.os.RuntimeInit uid 0 <<<<<<
06-28 14:07:24.753 26044 26044 D AndroidRuntime: CheckJNI is ON
06-28 14:07:24.761 26044 26044 D ICU     : No timezone override file found: /data/misc/zoneinfo/current/icu/icu_tzdata.dat
06-28 14:07:24.775 26044 26044 E memtrack: Couldn't load memtrack module (No such file or directory)
06-28 14:07:24.775 26044 26044 E android.os.Debug: failed to load memtrack module: -2
06-28 14:07:24.776 26044 26044 I Radio-JNI: register_android_hardware_Radio DONE
06-28 14:07:24.782 26044 26044 D AndroidRuntime: Calling main entry com.android.commands.uiautomator.Launcher
06-28 14:07:25.811 26044 26044 W AccessibilityNodeInfoDumper: Fetch time: 3ms
06-28 14:07:25.812  1916  2148 W WindowManager: Attempted to remove non-existing token: android.os.Binder@65d2f4a
06-28 14:07:25.835 26044 26044 D AndroidRuntime: Shutting down VM
06-28 14:07:26.834 26065 26065 D AndroidRuntime: >>>>>> START com.android.internal.os.RuntimeInit uid 0 <<<<<<
06-28 14:07:26.835 26065 26065 D AndroidRuntime: CheckJNI is ON
06-28 14:07:26.845 26065 26065 D ICU     : No timezone override file found: /data/misc/zoneinfo/current/icu/icu_tzdata.dat
06-28 14:07:26.857 26065 26065 E memtrack: Couldn't load memtrack module (No such file or directory)
06-28 14:07:26.857 26065 26065 E android.os.Debug: failed to load memtrack module: -2
06-28 14:07:26.858 26065 26065 I Radio-JNI: register_android_hardware_Radio DONE
06-28 14:07:26.864 26065 26065 D AndroidRuntime: Calling main entry com.android.commands.uiautomator.Launcher
06-28 14:07:27.901 26065 26065 W AccessibilityNodeInfoDumper: Fetch time: 3ms
06-28 14:07:27.902  1916  2152 W WindowManager: Attempted to remove non-existing token: android.os.Binder@751debb
06-28 14:07:27.924 26065 26065 D AndroidRuntime: Shutting down VM
06-28 14:07:28.331 25780 25780 D Renderer: update: 0Hz; render: 0Hz
06-28 14:07:28.454 26081 26081 D AndroidRuntime: >>>>>> START com.android.internal.os.RuntimeInit uid 0 <<<<<<
06-28 14:07:28.457 26081 26081 D AndroidRuntime: CheckJNI is ON
06-28 14:07:28.473 26081 26081 D ICU     : No timezone override file found: /data/misc/zoneinfo/current/icu/icu_tzdata.dat
06-28 14:07:28.497 26081 26081 E memtrack: Couldn't load memtrack module (No such file or directory)
06-28 14:07:28.497 26081 26081 E android.os.Debug: failed to load memtrack module: -2
06-28 14:07:28.501 26081 26081 I Radio-JNI: register_android_hardware_Radio DONE
06-28 14:07:28.513 26081 26081 D AndroidRuntime: Calling main entry com.android.commands.uiautomator.Launcher
06-28 14:07:29.563 26081 26081 W AccessibilityNodeInfoDumper: Fetch time: 3ms
06-28 14:07:29.564  1916  3250 W WindowManager: Attempted to remove non-existing token: android.os.Binder@cc2ef31
06-28 14:07:29.589 26081 26081 D AndroidRuntime: Shutting down VM
06-28 14:07:30.592 26102 26102 D AndroidRuntime: >>>>>> START com.android.internal.os.RuntimeInit uid 0 <<<<<<
06-28 14:07:30.594 26102 26102 D AndroidRuntime: CheckJNI is ON
06-28 14:07:30.603 26102 26102 D ICU     : No timezone override file found: /data/misc/zoneinfo/current/icu/icu_tzdata.dat
06-28 14:07:30.619 26102 26102 E memtrack: Couldn't load memtrack module (No such file or directory)
06-28 14:07:30.619 26102 26102 E android.os.Debug: failed to load memtrack module: -2
06-28 14:07:30.621 26102 26102 I Radio-JNI: register_android_hardware_Radio DONE
06-28 14:07:30.627 26102 26102 D AndroidRuntime: Calling main entry com.android.commands.uiautomator.Launcher
06-28 14:07:31.668 26102 26102 W AccessibilityNodeInfoDumper: Fetch time: 2ms
06-28 14:07:31.669  1916  3250 W WindowManager: Attempted to remove non-existing token: android.os.Binder@4c6f616
06-28 14:07:31.695 26102 26102 D AndroidRuntime: Shutting down VM
06-28 14:07:32.740 26128 26128 D AndroidRuntime: >>>>>> START com.android.internal.os.RuntimeInit uid 0 <<<<<<
06-28 14:07:32.741 26128 26128 D AndroidRuntime: CheckJNI is ON
06-28 14:07:32.749 26128 26128 D ICU     : No timezone override file found: /data/misc/zoneinfo/current/icu/icu_tzdata.dat
06-28 14:07:32.764 26128 26128 E memtrack: Couldn't load memtrack module (No such file or directory)
06-28 14:07:32.764 26128 26128 E android.os.Debug: failed to load memtrack module: -2
06-28 14:07:32.765 26128 26128 I Radio-JNI: register_android_hardware_Radio DONE
06-28 14:07:32.770 26128 26128 D AndroidRuntime: Calling main entry com.android.commands.uiautomator.Launcher
06-28 14:07:33.334 25780 25780 D Renderer: update: 0Hz; render: 0Hz
06-28 14:07:33.801 26128 26128 W AccessibilityNodeInfoDumper: Fetch time: 3ms
06-28 14:07:33.802  1916  3234 W WindowManager: Attempted to remove non-existing token: android.os.Binder@2b5ab97
06-28 14:07:33.826 26128 26128 D AndroidRuntime: Shutting down VM
06-28 14:07:34.392  1293  2079 E SurfaceFlinger: ro.sf.lcd_density must be defined as a build property
06-28 14:07:34.395  1293  1330 D gralloc_ranchu: gralloc_alloc: Creating ashmem region of size 8294400
06-28 14:07:34.404 26142 26142 D         : HostConnection::get() New Host Connection established 0xb65cd300, tid 26142
06-28 14:07:34.775 26147 26147 D AndroidRuntime: >>>>>> START com.android.internal.os.RuntimeInit uid 0 <<<<<<
06-28 14:07:34.777 26147 26147 D AndroidRuntime: CheckJNI is ON
06-28 14:07:34.786 26147 26147 D ICU     : No timezone override file found: /data/misc/zoneinfo/current/icu/icu_tzdata.dat
06-28 14:07:34.801 26147 26147 E memtrack: Couldn't load memtrack module (No such file or directory)
06-28 14:07:34.801 26147 26147 E android.os.Debug: failed to load memtrack module: -2
06-28 14:07:34.802 26147 26147 I Radio-JNI: register_android_hardware_Radio DONE
06-28 14:07:34.808 26147 26147 D AndroidRuntime: Calling main entry com.android.commands.am.Am
06-28 14:07:34.815  7630  7630 D MediaScannerReceiver: action: android.intent.action.MEDIA_SCANNER_SCAN_FILE path: /storage/emulated/0/screen.png
06-28 14:07:34.819 26147 26147 D AndroidRuntime: Shutting down VM
06-28 14:07:35.002  2716  5752 I NetworkScheduler.Stats: Task com.google.android.gms/com.google.android.gms.ipa.base.IpaGcmTaskService started execution. cause:9 exec_start_elapsed_seconds: 79822 [CONTEXT service_id=218 ]
06-28 14:07:35.008  2716 17534 I NetworkScheduler.Stats: Task com.google.android.gms/com.google.android.gms.ipa.base.IpaGcmTaskService finished executing. cause:9 result: 1 elapsed_millis: 22 uptime_millis: 22 exec_start_elapsed_seconds: 79822 [CONTEXT service_id=218 ]
06-28 14:07:37.981 26159 26159 D AndroidRuntime: >>>>>> START com.android.internal.os.RuntimeInit uid 0 <<<<<<
06-28 14:07:37.983 26159 26159 D AndroidRuntime: CheckJNI is ON
06-28 14:07:37.992 26159 26159 D ICU     : No timezone override file found: /data/misc/zoneinfo/current/icu/icu_tzdata.dat
06-28 14:07:38.006 26159 26159 E memtrack: Couldn't load memtrack module (No such file or directory)
06-28 14:07:38.006 26159 26159 E android.os.Debug: failed to load memtrack module: -2
06-28 14:07:38.007 26159 26159 I Radio-JNI: register_android_hardware_Radio DONE
06-28 14:07:38.013 26159 26159 D AndroidRuntime: Calling main entry com.android.commands.uiautomator.Launcher
06-28 14:07:38.336 25780 25780 D Renderer: update: 0Hz; render: 0Hz
06-28 14:07:39.051 26159 26159 W AccessibilityNodeInfoDumper: Fetch time: 3ms
06-28 14:07:39.052  1916  2149 W WindowManager: Attempted to remove non-existing token: android.os.Binder@22df1f0
06-28 14:07:39.077 26159 26159 D AndroidRuntime: Shutting down VM
06-28 14:07:39.175  2735 26170 I GmscoreIpa: how are you::
06-28 14:07:41.477 26176 26176 D AndroidRuntime: >>>>>> START com.android.internal.os.RuntimeInit uid 0 <<<<<<
06-28 14:07:41.478 26176 26176 D AndroidRuntime: CheckJNI is ON
06-28 14:07:41.486 26176 26176 D ICU     : No timezone override file found: /data/misc/zoneinfo/current/icu/icu_tzdata.dat
06-28 14:07:41.501 26176 26176 E memtrack: Couldn't load memtrack module (No such file or directory)
06-28 14:07:41.501 26176 26176 E android.os.Debug: failed to load memtrack module: -2
06-28 14:07:41.502 26176 26176 I Radio-JNI: register_android_hardware_Radio DONE
06-28 14:07:41.507 26176 26176 D AndroidRuntime: Calling main entry com.android.commands.uiautomator.Launcher
06-28 14:07:42.541 26176 26176 W AccessibilityNodeInfoDumper: Fetch time: 3ms
06-28 14:07:42.542  1916  3235 W WindowManager: Attempted to remove non-existing token: android.os.Binder@61eb1ee
06-28 14:07:42.562 26176 26176 D AndroidRuntime: Shutting down VM
06-28 14:07:42.968 26191 26191 D AndroidRuntime: >>>>>> START com.android.internal.os.RuntimeInit uid 0 <<<<<<
06-28 14:07:42.971 26191 26191 D AndroidRuntime: CheckJNI is ON
06-28 14:07:42.978 26191 26191 D ICU     : No timezone override file found: /data/misc/zoneinfo/current/icu/icu_tzdata.dat
06-28 14:07:42.991 26191 26191 E memtrack: Couldn't load memtrack module (No such file or directory)
06-28 14:07:42.991 26191 26191 E android.os.Debug: failed to load memtrack module: -2
06-28 14:07:42.992 26191 26191 I Radio-JNI: register_android_hardware_Radio DONE
06-28 14:07:42.998 26191 26191 D AndroidRuntime: Calling main entry com.android.commands.uiautomator.Launcher
06-28 14:07:43.337 25780 25780 D Renderer: update: 0Hz; render: 0Hz
06-28 14:07:44.032 26191 26191 W AccessibilityNodeInfoDumper: Fetch time: 3ms
06-28 14:07:44.033  1916  1927 W WindowManager: Attempted to remove non-existing token: android.os.Binder@15c768f
06-28 14:07:44.056 26191 26191 D AndroidRuntime: Shutting down VM
06-28 14:07:44.465 26206 26206 D AndroidRuntime: >>>>>> START com.android.internal.os.RuntimeInit uid 0 <<<<<<
06-28 14:07:44.466 26206 26206 D AndroidRuntime: CheckJNI is ON
06-28 14:07:44.475 26206 26206 D ICU     : No timezone override file found: /data/misc/zoneinfo/current/icu/icu_tzdata.dat
06-28 14:07:44.490 26206 26206 E memtrack: Couldn't load memtrack module (No such file or directory)
06-28 14:07:44.491 26206 26206 E android.os.Debug: failed to load memtrack module: -2
06-28 14:07:44.492 26206 26206 I Radio-JNI: register_android_hardware_Radio DONE
06-28 14:07:44.498 26206 26206 D AndroidRuntime: Calling main entry com.android.commands.uiautomator.Launcher
06-28 14:07:45.528 26206 26206 W AccessibilityNodeInfoDumper: Fetch time: 2ms
06-28 14:07:45.528  1916  3235 W WindowManager: Attempted to remove non-existing token: android.os.Binder@2183d1c
06-28 14:07:45.545 26206 26206 D AndroidRuntime: Shutting down VM
06-28 14:07:45.983 26223 26223 D AndroidRuntime: >>>>>> START com.android.internal.os.RuntimeInit uid 0 <<<<<<
06-28 14:07:45.985 26223 26223 D AndroidRuntime: CheckJNI is ON
06-28 14:07:45.993 26223 26223 D ICU     : No timezone override file found: /data/misc/zoneinfo/current/icu/icu_tzdata.dat
06-28 14:07:46.009 26223 26223 E memtrack: Couldn't load memtrack module (No such file or directory)
06-28 14:07:46.009 26223 26223 E android.os.Debug: failed to load memtrack module: -2
06-28 14:07:46.010 26223 26223 I Radio-JNI: register_android_hardware_Radio DONE
06-28 14:07:46.016 26223 26223 D AndroidRuntime: Calling main entry com.android.commands.uiautomator.Launcher
06-28 14:07:47.051 26223 26223 W AccessibilityNodeInfoDumper: Fetch time: 3ms
06-28 14:07:47.053  1916  2148 W WindowManager: Attempted to remove non-existing token: android.os.Binder@847fefa
06-28 14:07:47.077 26223 26223 D AndroidRuntime: Shutting down VM
06-28 14:07:47.442 26234 26234 D AndroidRuntime: >>>>>> START com.android.internal.os.RuntimeInit uid 0 <<<<<<
06-28 14:07:47.443 26234 26234 D AndroidRuntime: CheckJNI is ON
06-28 14:07:47.453 26234 26234 D ICU     : No timezone override file found: /data/misc/zoneinfo/current/icu/icu_tzdata.dat
06-28 14:07:47.465 26234 26234 E memtrack: Couldn't load memtrack module (No such file or directory)
06-28 14:07:47.466 26234 26234 E android.os.Debug: failed to load memtrack module: -2
06-28 14:07:47.467 26234 26234 I Radio-JNI: register_android_hardware_Radio DONE
06-28 14:07:47.474 26234 26234 D AndroidRuntime: Calling main entry com.android.commands.input.Input
06-28 14:07:47.476 26234 26234 I Input   : injectMotionEvent: MotionEvent { action=ACTION_DOWN, actionButton=0, id[0]=0, x[0]=539.0, y[0]=826.0, toolType[0]=TOOL_TYPE_UNKNOWN, buttonState=0, metaState=0, flags=0x0, edgeFlags=0x0, pointerCount=1, historySize=0, eventTime=79834535, downTime=79834535, deviceId=0, source=0x1002 }
06-28 14:07:47.479 26234 26234 I Input   : injectMotionEvent: MotionEvent { action=ACTION_UP, actionButton=0, id[0]=0, x[0]=539.0, y[0]=826.0, toolType[0]=TOOL_TYPE_UNKNOWN, buttonState=0, metaState=0, flags=0x0, edgeFlags=0x0, pointerCount=1, historySize=0, eventTime=79834535, downTime=79834535, deviceId=0, source=0x1002 }
06-28 14:07:47.481 26234 26234 D AndroidRuntime: Shutting down VM
06-28 14:07:47.502 25780 25780 I GameEngine: Starting game loop
06-28 14:07:47.574  1647  1950 W audio_hw_generic: Not supplying enough data to HAL, expected position 76660629 , only wrote 76660136
06-28 14:07:47.574  1647  1950 W audio_hw_generic: Not supplying enough data to HAL, expected position 76660152 , only wrote 76660136
06-28 14:07:47.574  1647  1950 W audio_hw_generic: Hardware backing HAL too slow, could only write 0 of 661 frames
06-28 14:07:47.590  1647  1950 W audio_hw_generic: Hardware backing HAL too slow, could only write 0 of 661 frames
06-28 14:07:47.605 25780 25802 D EGL_emulation: eglMakeCurrent: 0xae394a20: ver 3 0 (tinfo 0xaa352210)
06-28 14:07:47.606 25780 25802 E Surface : getSlotFromBufferLocked: unknown buffer: 0xaaa4a0e0
06-28 14:07:47.616  1647  1951 D AudioFlinger: mixer(0xb4340000) throttle end: throttle time(11)
06-28 14:07:47.624 25780 25802 D EGL_emulation: eglMakeCurrent: 0xae394a20: ver 3 0 (tinfo 0xaa352210)
06-28 14:07:48.353 25780 25780 D Renderer: update: 4Hz; render: 4Hz
06-28 14:07:50.678  1647  1951 W audio_hw_generic: Not supplying enough data to HAL, expected position 76932068 , only wrote 76796963
06-28 14:07:51.973 26256 26256 D AndroidRuntime: >>>>>> START com.android.internal.os.RuntimeInit uid 0 <<<<<<
06-28 14:07:51.975 26256 26256 D AndroidRuntime: CheckJNI is ON
06-28 14:07:51.985 26256 26256 D ICU     : No timezone override file found: /data/misc/zoneinfo/current/icu/icu_tzdata.dat
06-28 14:07:52.001 26256 26256 E memtrack: Couldn't load memtrack module (No such file or directory)
06-28 14:07:52.001 26256 26256 E android.os.Debug: failed to load memtrack module: -2
06-28 14:07:52.003 26256 26256 I Radio-JNI: register_android_hardware_Radio DONE
06-28 14:07:52.011 26256 26256 D AndroidRuntime: Calling main entry com.android.commands.uiautomator.Launcher
06-28 14:07:53.052 26256 26256 W AccessibilityNodeInfoDumper: Fetch time: 3ms
06-28 14:07:53.055  1916  3249 W WindowManager: Attempted to remove non-existing token: android.os.Binder@8710c6
06-28 14:07:53.074 26256 26256 D AndroidRuntime: Shutting down VM
06-28 14:07:53.367 25780 25780 D Renderer: update: 30Hz; render: 30Hz
06-28 14:07:54.054 26277 26277 D AndroidRuntime: >>>>>> START com.android.internal.os.RuntimeInit uid 0 <<<<<<
06-28 14:07:54.055 26277 26277 D AndroidRuntime: CheckJNI is ON
06-28 14:07:54.069 26277 26277 D ICU     : No timezone override file found: /data/misc/zoneinfo/current/icu/icu_tzdata.dat
06-28 14:07:54.086 26277 26277 E memtrack: Couldn't load memtrack module (No such file or directory)
06-28 14:07:54.086 26277 26277 E android.os.Debug: failed to load memtrack module: -2
06-28 14:07:54.087 26277 26277 I Radio-JNI: register_android_hardware_Radio DONE
06-28 14:07:54.094 26277 26277 D AndroidRuntime: Calling main entry com.android.commands.uiautomator.Launcher
06-28 14:07:55.129 26277 26277 W AccessibilityNodeInfoDumper: Fetch time: 2ms
06-28 14:07:55.129  1916  2149 W WindowManager: Attempted to remove non-existing token: android.os.Binder@fc2a887
06-28 14:07:55.148 26277 26277 D AndroidRuntime: Shutting down VM
06-28 14:07:55.551 26293 26293 D AndroidRuntime: >>>>>> START com.android.internal.os.RuntimeInit uid 0 <<<<<<
06-28 14:07:55.552 26293 26293 D AndroidRuntime: CheckJNI is ON
06-28 14:07:55.561 26293 26293 D ICU     : No timezone override file found: /data/misc/zoneinfo/current/icu/icu_tzdata.dat
06-28 14:07:55.573 26293 26293 E memtrack: Couldn't load memtrack module (No such file or directory)
06-28 14:07:55.574 26293 26293 E android.os.Debug: failed to load memtrack module: -2
06-28 14:07:55.575 26293 26293 I Radio-JNI: register_android_hardware_Radio DONE
06-28 14:07:55.581 26293 26293 D AndroidRuntime: Calling main entry com.android.commands.uiautomator.Launcher
06-28 14:07:56.609 26293 26293 W AccessibilityNodeInfoDumper: Fetch time: 2ms
06-28 14:07:56.611  1916  2152 W WindowManager: Attempted to remove non-existing token: android.os.Binder@4a513b4
06-28 14:07:56.628 26293 26293 D AndroidRuntime: Shutting down VM
06-28 14:07:57.621 26314 26314 D AndroidRuntime: >>>>>> START com.android.internal.os.RuntimeInit uid 0 <<<<<<
06-28 14:07:57.622 26314 26314 D AndroidRuntime: CheckJNI is ON
06-28 14:07:57.629 26314 26314 D ICU     : No timezone override file found: /data/misc/zoneinfo/current/icu/icu_tzdata.dat
06-28 14:07:57.646 26314 26314 E memtrack: Couldn't load memtrack module (No such file or directory)
06-28 14:07:57.646 26314 26314 E android.os.Debug: failed to load memtrack module: -2
06-28 14:07:57.647 26314 26314 I Radio-JNI: register_android_hardware_Radio DONE
06-28 14:07:57.653 26314 26314 D AndroidRuntime: Calling main entry com.android.commands.uiautomator.Launcher
06-28 14:07:58.368 25780 25780 D Renderer: update: 30Hz; render: 30Hz
06-28 14:07:58.686 26314 26314 W AccessibilityNodeInfoDumper: Fetch time: 3ms
06-28 14:07:58.687  1916  2077 W WindowManager: Attempted to remove non-existing token: android.os.Binder@7826bdd
06-28 14:07:58.708 26314 26314 D AndroidRuntime: Shutting down VM
06-28 14:07:59.758 26340 26340 D AndroidRuntime: >>>>>> START com.android.internal.os.RuntimeInit uid 0 <<<<<<
06-28 14:07:59.761 26340 26340 D AndroidRuntime: CheckJNI is ON
06-28 14:07:59.769 26340 26340 D ICU     : No timezone override file found: /data/misc/zoneinfo/current/icu/icu_tzdata.dat
06-28 14:07:59.784 26340 26340 E memtrack: Couldn't load memtrack module (No such file or directory)
06-28 14:07:59.784 26340 26340 E android.os.Debug: failed to load memtrack module: -2
06-28 14:07:59.785 26340 26340 I Radio-JNI: register_android_hardware_Radio DONE
06-28 14:07:59.792 26340 26340 D AndroidRuntime: Calling main entry com.android.commands.uiautomator.Launcher
